layer at (0,0) size 800x600
  LayoutView at (0,0) size 800x600
layer at (0,0) size 800x266
  LayoutBlockFlow {HTML} at (0,0) size 800x266
    LayoutBlockFlow {BODY} at (8,8) size 784x0
      LayoutBlockFlow (floating) {DIV} at (0,0) size 588x258 [color=#FFFFFF] [bgcolor=#000080]
        LayoutBlockFlow (floating) {DIV} at (277,0) size 294x78 [color=#00FFFF] [bgcolor=#008080]
          LayoutBlockFlow {P} at (0,0) size 294x78
            LayoutText {#text} at (0,0) size 294x76
              text run at (0,0) width 294: "To the right of this teal box there should be a"
              text run at (0,18) width 103: "purple square, "
              text run at (102,18) width 192: "tightly squeezed in between"
              text run at (0,36) width 213: "the edge of the teal box and the "
              text run at (212,36) width 82: "outside edge"
              text run at (0,58) width 132: "of the blue block. \x{21E8}"
        LayoutBlockFlow {P} at (0,0) size 588x258
          LayoutText {#text} at (0,0) size 277x40
            text run at (0,0) width 277: "Inside this blue block on the right there"
            text run at (0,22) width 163: "should be a teal box. \x{21E8} "
          LayoutInline {SPAN} at (0,0) size 588x236 [color=#000080]
            LayoutText {#text} at (162,22) size 588x236
              text run at (162,22) width 115: "FAIL FAIL FAIL"
              text run at (0,42) width 277: "FAIL FAIL FAIL FAIL FAIL FAIL FAIL"
              text run at (0,60) width 81: "FAIL FAIL "
              text run at (80,60) width 197: "FAIL FAIL FAIL FAIL FAIL"
              text run at (0,78) width 277: "FAIL FAIL FAIL FAIL FAIL FAIL FAIL "
              text run at (276,78) width 312: "FAIL FAIL FAIL FAIL FAIL FAIL FAIL FAIL"
              text run at (0,96) width 158: "FAIL FAIL FAIL FAIL "
              text run at (157,96) width 431: "FAIL FAIL FAIL FAIL FAIL FAIL FAIL FAIL FAIL FAIL FAIL"
              text run at (0,114) width 40: "FAIL "
              text run at (39,114) width 475: "FAIL FAIL FAIL FAIL FAIL FAIL FAIL FAIL FAIL FAIL FAIL FAIL "
              text run at (513,114) width 75: "FAIL FAIL"
              text run at (0,132) width 395: "FAIL FAIL FAIL FAIL FAIL FAIL FAIL FAIL FAIL FAIL "
              text run at (394,132) width 194: "FAIL FAIL FAIL FAIL FAIL"
              text run at (0,150) width 277: "FAIL FAIL FAIL FAIL FAIL FAIL FAIL "
              text run at (276,150) width 312: "FAIL FAIL FAIL FAIL FAIL FAIL FAIL FAIL"
              text run at (0,168) width 158: "FAIL FAIL FAIL FAIL "
              text run at (157,168) width 431: "FAIL FAIL FAIL FAIL FAIL FAIL FAIL FAIL FAIL FAIL FAIL"
              text run at (0,186) width 40: "FAIL "
              text run at (39,186) width 475: "FAIL FAIL FAIL FAIL FAIL FAIL FAIL FAIL FAIL FAIL FAIL FAIL "
              text run at (513,186) width 75: "FAIL FAIL"
              text run at (0,204) width 395: "FAIL FAIL FAIL FAIL FAIL FAIL FAIL FAIL FAIL FAIL "
              text run at (394,204) width 194: "FAIL FAIL FAIL FAIL FAIL"
              text run at (0,222) width 277: "FAIL FAIL FAIL FAIL FAIL FAIL FAIL "
              text run at (276,222) width 312: "FAIL FAIL FAIL FAIL FAIL FAIL FAIL FAIL"
              text run at (0,240) width 150: "FAIL FAIL FAIL FAIL"
          LayoutText {#text} at (0,0) size 0x0
