layer at (0,0) size 800x600
  LayoutView at (0,0) size 800x600
layer at (0,0) size 800x312
  LayoutBlockFlow {HTML} at (0,0) size 800x312
    LayoutBlockFlow {BODY} at (8,8) size 784x284
      LayoutBlockFlow {P} at (0,0) size 784x18
        LayoutText {#text} at (0,0) size 196x18
          text run at (0,0) width 196: "There should be no red below:"
      LayoutBlockFlow {DIV} at (20,38) size 86x246 [color=#008000] [bgcolor=#FF0000] [border: (3px solid #000000)]
        LayoutBlockFlow (anonymous) at (3,3) size 80x80
          LayoutText {#text} at (0,10) size 60x60
            text run at (0,10) width 60: "x x"
            text run at (0,50) width 60: "x x"
        LayoutBlockFlow {P} at (3,83) size 80x80
          LayoutText {#text} at (0,0) size 40x80
            text run at (0,0) width 40: "x"
            text run at (0,40) width 40: "x"
        LayoutBlockFlow (anonymous) at (3,163) size 80x80
          LayoutText {#text} at (0,10) size 60x60
            text run at (0,10) width 60: "x x"
            text run at (0,50) width 60: "x x"
