layer at (0,0) size 800x600
  LayoutView at (0,0) size 800x600
layer at (0,0) size 800x169
  LayoutBlockFlow {HTML} at (0,0) size 800x169
    LayoutBlockFlow {BODY} at (8,16) size 784x137
      LayoutBlockFlow {P} at (0,0) size 784x18 [color=#000080]
        LayoutText {#text} at (0,0) size 218x18
          text run at (0,0) width 218: "There should be no red anywhere."
      LayoutBlockFlow {P} at (0,34) size 784x19 [color=#000080]
        LayoutText {#text} at (0,1) size 390x18
          text run at (0,1) width 390: "There should be two identical squares at the end of this line: "
        LayoutImage {IMG} at (389.22,0) size 15x15
        LayoutText {#text} at (404,1) size 5x18
          text run at (404,1) width 5: " "
        LayoutInline {SPAN} at (0,0) size 16x15 [color=#0000FF] [bgcolor=#FF0000]
          LayoutText {#text} at (408,0) size 16x15
            text run at (408,0) width 16: "X"
        LayoutText {#text} at (0,0) size 0x0
      LayoutBlockFlow {P} at (0,69) size 784x68 [color=#000080]
        LayoutText {#text} at (0,50) size 390x18
          text run at (0,50) width 390: "There should be two identical squares at the end of this line: "
        LayoutImage {IMG} at (389.22,0) size 64x64
        LayoutText {#text} at (453,50) size 5x18
          text run at (453,50) width 5: " "
        LayoutInline {SPAN} at (0,0) size 65x64 [color=#0000FF] [bgcolor=#FF0000]
          LayoutText {#text} at (457,0) size 65x64
            text run at (457,0) width 65: "X"
        LayoutText {#text} at (0,0) size 0x0
