layer at (0,0) size 800x600
  LayoutView at (0,0) size 800x600
layer at (0,0) size 800x560
  LayoutBlockFlow {HTML} at (0,0) size 800x560
    LayoutBlockFlow {BODY} at (8,16) size 784x536
      LayoutBlockFlow {P} at (0,0) size 784x36
        LayoutText {#text} at (0,0) size 784x36
          text run at (0,0) width 401: "The blue rectangle below should be exactly 200 pixels by 120 "
          text run at (400,0) width 384: "pixels on the ruler (and the aqua bars should stick out of the"
          text run at (0,18) width 196: "blue box, with no red present)."
      LayoutBlockFlow {DIV} at (0,52) size 784x484
        LayoutImage {IMG} at (40,40) size 120x200
