layer at (0,0) size 800x600
  LayoutView at (0,0) size 800x600
layer at (0,0) size 800x482
  LayoutBlockFlow {HTML} at (0,0) size 800x482
    LayoutBlockFlow {BODY} at (8,16) size 784x450
      LayoutBlockFlow {P} at (0,0) size 784x42 [color=#000080]
        LayoutText {#text} at (0,0) size 781x40
          text run at (0,0) width 404: "Below this paragraph there should be a big teal square half the "
          text run at (403,0) width 378: "width of the window, aligned flush with the right hand side"
          text run at (0,22) width 31: "(\x{21E8})."
      LayoutBlockFlow {P} at (0,58) size 784x392 [color=#000080]
        LayoutImage {IMG} at (392,0) size 392x392
