layer at (0,0) size 800x600
  LayoutView at (0,0) size 800x600
layer at (0,0) size 800x318
  LayoutBlockFlow {HTML} at (0,0) size 800x318
    LayoutBlockFlow {BODY} at (8,16) size 784x294
      LayoutBlockFlow {P} at (0,0) size 784x18
        LayoutText {#text} at (0,0) size 445x18
          text run at (0,0) width 445: "There should be no red below, just the outline of an empty green box."
      LayoutBlockFlow {DIV} at (0,34) size 360x260 [color=#FFFFFF] [bgcolor=#FF0000] [border: (20px solid #008000)]
        LayoutText {#text} at (40,40) size 280x100
          text run at (40,40) width 280: "xxxx xxxx xxxx"
          text run at (40,80) width 280: "xxxx xxxx xxxx"
          text run at (40,120) width 100: "xxxx "
        LayoutImage {IMG} at (130,80) size 100x100 [border: (20px solid #FFFFFF)]
        LayoutText {#text} at (220,120) size 280x100
          text run at (220,120) width 20: " "
          text run at (240,120) width 80: "xxxx"
          text run at (40,160) width 280: "xxxx xxxx xxxx"
          text run at (40,200) width 280: "xxxx xxxx xxxx"
