layer at (0,0) size 800x600
  LayoutView at (0,0) size 800x600
layer at (0,0) size 800x600
  LayoutBlockFlow (relative positioned) {HTML} at (0,0) size 800x600
    LayoutBlockFlow {BODY} at (160,100) size 480x0 [bgcolor=#FF0000]
layer at (0,0) size 800x600
  LayoutBlockFlow (positioned) {DIV} at (0,0) size 800x600 [color=#008000] [bgcolor=#FFFFFF]
    LayoutText {#text} at (0,0) size 233x18
      text run at (0,0) width 233: "There should be no red on this page."
