layer at (0,0) size 800x600
  LayoutView at (0,0) size 800x600
layer at (0,0) size 800x255
  LayoutBlockFlow {HTML} at (0,0) size 800x255
    LayoutBlockFlow {BODY} at (8,16) size 784x189
      LayoutBlockFlow {P} at (0,0) size 784x36
        LayoutText {#text} at (0,0) size 769x36
          text run at (0,0) width 769: "There should be four identical white boxes in the teal block below, all the same size, each one a little lower down on the"
          text run at (0,18) width 138: "line, in a step pattern."
      LayoutBlockFlow {DIV} at (50,86) size 684x103 [color=#FFFFFF] [bgcolor=#008080]
        LayoutInline {SPAN} at (0,0) size 51x51
          LayoutText {#text} at (12,12) size 51x51
            text run at (12,12) width 51: "X"
        LayoutText {#text} at (62,29) size 51x51
          text run at (62,29) width 51: " "
        LayoutImage {IMG} at (112.50,19.50) size 50x50
        LayoutText {#text} at (162,29) size 151x51
          text run at (162,29) width 151: " X "
        LayoutInline {SPAN} at (0,0) size 51x51
          LayoutText {#text} at (312,40) size 51x51
            text run at (312,40) width 51: "X"
