layer at (0,0) size 800x600
  LayoutView at (0,0) size 800x600
layer at (0,0) size 800x458
  LayoutBlockFlow {HTML} at (0,0) size 800x458
    LayoutBlockFlow {BODY} at (8,16) size 784x426
      LayoutBlockFlow {P} at (0,0) size 784x18 [color=#000080]
        LayoutText {#text} at (0,0) size 626x18
          text run at (0,0) width 404: "Below this paragraph there should be a big teal square half the "
          text run at (403,0) width 223: "width of the window and centered."
      LayoutBlockFlow {P} at (0,34) size 784x392 [color=#000080]
        LayoutImage {IMG} at (196,0) size 392x392
