layer at (0,0) size 800x600
  LayoutView at (0,0) size 800x600
layer at (0,0) size 800x263
  LayoutBlockFlow {HTML} at (0,0) size 800x263
    LayoutBlockFlow {BODY} at (8,16) size 784x239
      LayoutBlockFlow {P} at (0,0) size 784x18
        LayoutText {#text} at (0,0) size 414x18
          text run at (0,0) width 414: "The square below should be exactly 100 pixels high on the ruler."
      LayoutBlockFlow {DIV} at (0,34) size 784x205
        LayoutImage {IMG} at (45,0) size 100x100
