layer at (0,0) size 800x600
  LayoutView at (0,0) size 800x600
layer at (0,0) size 800x153
  LayoutBlockFlow {HTML} at (0,0) size 800x153
    LayoutBlockFlow {BODY} at (8,16) size 784x129
      LayoutBlockFlow {P} at (0,0) size 784x18
        LayoutText {#text} at (0,0) size 408x18
          text run at (0,0) width 408: "The square below should be exactly 50 pixels wide on the ruler."
      LayoutBlockFlow {DIV} at (0,34) size 784x95
        LayoutImage {IMG} at (0,0) size 50x50
