layer at (0,0) size 800x600
  LayoutView at (0,0) size 800x600
layer at (0,0) size 800x94
  LayoutBlockFlow {HTML} at (0,0) size 800x94
    LayoutBlockFlow {BODY} at (8,16) size 784x70
      LayoutBlockFlow {P} at (0,0) size 784x18
        LayoutText {#text} at (0,0) size 298x18
          text run at (0,0) width 298: "The following two lines should look the same:"
      LayoutBlockFlow {DIV} at (0,34) size 784x18
        LayoutInline {SPAN} at (0,0) size 16x18
          LayoutInline {<pseudo:before>} at (0,0) size 16x18
            LayoutCounter (anonymous) at (0,0) size 16x18
              text run at (0,0) width 16: "01"
        LayoutText {#text} at (16,0) size 4x18
          text run at (16,0) width 4: " "
        LayoutInline {SPAN} at (0,0) size 16x18
          LayoutInline {<pseudo:before>} at (0,0) size 16x18
            LayoutCounter (anonymous) at (20,0) size 16x18
              text run at (20,0) width 16: "02"
        LayoutText {#text} at (36,0) size 4x18
          text run at (36,0) width 4: " "
        LayoutInline {SPAN} at (0,0) size 16x18
          LayoutInline {<pseudo:before>} at (0,0) size 16x18
            LayoutCounter (anonymous) at (40,0) size 16x18
              text run at (40,0) width 16: "03"
        LayoutText {#text} at (56,0) size 4x18
          text run at (56,0) width 4: " "
        LayoutInline {SPAN} at (0,0) size 16x18
          LayoutInline {<pseudo:before>} at (0,0) size 16x18
            LayoutCounter (anonymous) at (60,0) size 16x18
              text run at (60,0) width 16: "04"
        LayoutText {#text} at (76,0) size 4x18
          text run at (76,0) width 4: " "
        LayoutInline {SPAN} at (0,0) size 16x18
          LayoutInline {<pseudo:before>} at (0,0) size 16x18
            LayoutCounter (anonymous) at (80,0) size 16x18
              text run at (80,0) width 16: "05"
        LayoutText {#text} at (96,0) size 4x18
          text run at (96,0) width 4: " "
        LayoutInline {SPAN} at (0,0) size 16x18
          LayoutInline {<pseudo:before>} at (0,0) size 16x18
            LayoutCounter (anonymous) at (100,0) size 16x18
              text run at (100,0) width 16: "06"
        LayoutText {#text} at (116,0) size 4x18
          text run at (116,0) width 4: " "
        LayoutInline {SPAN} at (0,0) size 16x18
          LayoutInline {<pseudo:before>} at (0,0) size 16x18
            LayoutCounter (anonymous) at (120,0) size 16x18
              text run at (120,0) width 16: "07"
        LayoutText {#text} at (136,0) size 4x18
          text run at (136,0) width 4: " "
        LayoutInline {SPAN} at (0,0) size 16x18
          LayoutInline {<pseudo:before>} at (0,0) size 16x18
            LayoutCounter (anonymous) at (140,0) size 16x18
              text run at (140,0) width 16: "08"
        LayoutText {#text} at (156,0) size 4x18
          text run at (156,0) width 4: " "
        LayoutInline {SPAN} at (0,0) size 16x18
          LayoutInline {<pseudo:before>} at (0,0) size 16x18
            LayoutCounter (anonymous) at (160,0) size 16x18
              text run at (160,0) width 16: "09"
        LayoutText {#text} at (176,0) size 4x18
          text run at (176,0) width 4: " "
        LayoutInline {SPAN} at (0,0) size 16x18
          LayoutInline {<pseudo:before>} at (0,0) size 16x18
            LayoutCounter (anonymous) at (180,0) size 16x18
              text run at (180,0) width 16: "10"
        LayoutText {#text} at (196,0) size 4x18
          text run at (196,0) width 4: " "
        LayoutInline {SPAN} at (0,0) size 16x18
          LayoutInline {<pseudo:before>} at (0,0) size 16x18
            LayoutCounter (anonymous) at (200,0) size 16x18
              text run at (200,0) width 16: "11"
        LayoutText {#text} at (215,0) size 5x18
          text run at (215,0) width 5: " "
        LayoutInline {SPAN} at (0,0) size 17x18
          LayoutInline {<pseudo:before>} at (0,0) size 17x18
            LayoutCounter (anonymous) at (219,0) size 17x18
              text run at (219,0) width 17: "12"
        LayoutText {#text} at (235,0) size 5x18
          text run at (235,0) width 5: " "
        LayoutInline {SPAN} at (0,0) size 17x18
          LayoutInline {<pseudo:before>} at (0,0) size 17x18
            LayoutCounter (anonymous) at (239,0) size 17x18
              text run at (239,0) width 17: "99"
        LayoutText {#text} at (255,0) size 5x18
          text run at (255,0) width 5: " "
        LayoutInline {SPAN} at (0,0) size 25x18
          LayoutInline {<pseudo:before>} at (0,0) size 25x18
            LayoutCounter (anonymous) at (259,0) size 25x18
              text run at (259,0) width 25: "100"
        LayoutText {#text} at (283,0) size 5x18
          text run at (283,0) width 5: " "
        LayoutInline {SPAN} at (0,0) size 25x18
          LayoutInline {<pseudo:before>} at (0,0) size 25x18
            LayoutCounter (anonymous) at (287,0) size 25x18
              text run at (287,0) width 25: "101"
        LayoutText {#text} at (0,0) size 0x0
      LayoutBlockFlow {DIV} at (0,52) size 784x18
        LayoutText {#text} at (0,0) size 312x18
          text run at (0,0) width 20: "01 "
          text run at (20,0) width 20: "02 "
          text run at (40,0) width 20: "03 "
          text run at (60,0) width 20: "04 "
          text run at (80,0) width 20: "05 "
          text run at (100,0) width 20: "06 "
          text run at (120,0) width 20: "07 "
          text run at (140,0) width 20: "08 "
          text run at (160,0) width 20: "09 "
          text run at (180,0) width 20: "10 "
          text run at (200,0) width 20: "11 "
          text run at (219,0) width 21: "12 "
          text run at (239,0) width 21: "99 "
          text run at (259,0) width 29: "100 "
          text run at (287,0) width 25: "101"
