layer at (0,0) size 800x600
  LayoutView at (0,0) size 800x600
layer at (0,0) size 800x199
  LayoutBlockFlow {HTML} at (0,0) size 800x199
    LayoutBlockFlow {BODY} at (8,16) size 784x167 [color=#000080]
      LayoutBlockFlow {P} at (0,0) size 784x18
        LayoutText {#text} at (0,0) size 239x18
          text run at (0,0) width 239: "Each bullet should look as described."
      LayoutBlockFlow {UL} at (0,34) size 784x63
        LayoutListItem {LI} at (40,0) size 744x21
          LayoutListMarker (anonymous) at (-24,0) size 17x17
          LayoutText {#text} at (0,3) size 87x18
            text run at (0,3) width 87: "purple square"
        LayoutListItem {LI} at (40,21) size 744x21
          LayoutListMarker (anonymous) at (-24,0) size 17x17
          LayoutText {#text} at (0,3) size 87x18
            text run at (0,3) width 87: "purple square"
        LayoutListItem {LI} at (40,42) size 744x21
          LayoutListMarker (anonymous) at (-24,0) size 17x17
          LayoutText {#text} at (0,3) size 87x18
            text run at (0,3) width 87: "purple square"
      LayoutBlockFlow {UL} at (0,113) size 784x54
        LayoutListItem {LI} at (40,0) size 744x18
          LayoutListMarker (anonymous) at (-17,0) size 7x18: bullet
          LayoutText {#text} at (0,0) size 26x18
            text run at (0,0) width 26: "disc"
        LayoutListItem {LI} at (40,18) size 744x18
          LayoutListMarker (anonymous) at (-17,0) size 7x18: bullet
          LayoutText {#text} at (0,0) size 26x18
            text run at (0,0) width 26: "disc"
        LayoutListItem {LI} at (40,36) size 744x18
          LayoutListMarker (anonymous) at (-17,0) size 7x18: bullet
          LayoutText {#text} at (0,0) size 26x18
            text run at (0,0) width 26: "disc"
