layer at (0,0) size 800x600
  LayoutView at (0,0) size 800x600
layer at (0,0) size 800x94
  LayoutBlockFlow {HTML} at (0,0) size 800x94
    LayoutBlockFlow {BODY} at (8,16) size 784x70
      LayoutBlockFlow {P} at (0,0) size 784x18
        LayoutText {#text} at (0,0) size 298x18
          text run at (0,0) width 298: "The following two lines should look the same:"
      LayoutBlockFlow {DIV} at (0,34) size 784x18
        LayoutInline {SPAN} at (0,0) size 13x18
          LayoutInline {<pseudo:before>} at (0,0) size 13x18
            LayoutCounter (anonymous) at (0,0) size 13x18
              text run at (0,0) width 13: "i.i"
        LayoutText {#text} at (12,0) size 5x18
          text run at (12,0) width 5: " "
        LayoutInline {SPAN} at (0,0) size 19x18
          LayoutInline {<pseudo:before>} at (0,0) size 19x18
            LayoutCounter (anonymous) at (16,0) size 19x18
              text run at (16,0) width 19: "i.ii"
        LayoutText {#text} at (34,0) size 5x18
          text run at (34,0) width 5: " "
        LayoutInline {SPAN} at (0,0) size 22x18
          LayoutInline {<pseudo:before>} at (0,0) size 22x18
            LayoutCounter (anonymous) at (38,0) size 22x18
              text run at (38,0) width 22: "i.iii"
        LayoutText {#text} at (60,0) size 4x18
          text run at (60,0) width 4: " "
        LayoutInline {SPAN} at (0,0) size 21x18
          LayoutInline {<pseudo:before>} at (0,0) size 21x18
            LayoutCounter (anonymous) at (64,0) size 21x18
              text run at (64,0) width 21: "i.iv"
        LayoutText {#text} at (84,0) size 5x18
          text run at (84,0) width 5: " "
        LayoutInline {SPAN} at (0,0) size 18x18
          LayoutInline {<pseudo:before>} at (0,0) size 18x18
            LayoutCounter (anonymous) at (88,0) size 18x18
              text run at (88,0) width 18: "i.v"
        LayoutText {#text} at (105,0) size 5x18
          text run at (105,0) width 5: " "
        LayoutInline {SPAN} at (0,0) size 22x18
          LayoutInline {<pseudo:before>} at (0,0) size 22x18
            LayoutCounter (anonymous) at (109,0) size 22x18
              text run at (109,0) width 22: "i.vi"
        LayoutText {#text} at (130,0) size 5x18
          text run at (130,0) width 5: " "
        LayoutInline {SPAN} at (0,0) size 26x18
          LayoutInline {<pseudo:before>} at (0,0) size 26x18
            LayoutCounter (anonymous) at (134,0) size 26x18
              text run at (134,0) width 26: "i.vii"
        LayoutText {#text} at (159,0) size 5x18
          text run at (159,0) width 5: " "
        LayoutInline {SPAN} at (0,0) size 31x18
          LayoutInline {<pseudo:before>} at (0,0) size 31x18
            LayoutCounter (anonymous) at (163,0) size 31x18
              text run at (163,0) width 31: "i.viii"
        LayoutText {#text} at (193,0) size 5x18
          text run at (193,0) width 5: " "
        LayoutInline {SPAN} at (0,0) size 22x18
          LayoutInline {<pseudo:before>} at (0,0) size 22x18
            LayoutCounter (anonymous) at (197,0) size 22x18
              text run at (197,0) width 22: "i.ix"
        LayoutText {#text} at (218,0) size 5x18
          text run at (218,0) width 5: " "
        LayoutInline {SPAN} at (0,0) size 17x18
          LayoutInline {<pseudo:before>} at (0,0) size 17x18
            LayoutCounter (anonymous) at (222,0) size 17x18
              text run at (222,0) width 17: "i.x"
        LayoutText {#text} at (238,0) size 5x18
          text run at (238,0) width 5: " "
        LayoutInline {SPAN} at (0,0) size 22x18
          LayoutInline {<pseudo:before>} at (0,0) size 22x18
            LayoutCounter (anonymous) at (242,0) size 22x18
              text run at (242,0) width 22: "i.xi"
        LayoutText {#text} at (263,0) size 5x18
          text run at (263,0) width 5: " "
        LayoutInline {SPAN} at (0,0) size 26x18
          LayoutInline {<pseudo:before>} at (0,0) size 26x18
            LayoutCounter (anonymous) at (267,0) size 26x18
              text run at (267,0) width 26: "i.xii"
        LayoutText {#text} at (292,0) size 5x18
          text run at (292,0) width 5: " "
        LayoutInline {SPAN} at (0,0) size 35x18
          LayoutInline {<pseudo:before>} at (0,0) size 35x18
            LayoutCounter (anonymous) at (296,0) size 35x18
              text run at (296,0) width 35: "i.xlix"
        LayoutText {#text} at (330,0) size 5x18
          text run at (330,0) width 5: " "
        LayoutInline {SPAN} at (0,0) size 14x18
          LayoutInline {<pseudo:before>} at (0,0) size 14x18
            LayoutCounter (anonymous) at (334,0) size 14x18
              text run at (334,0) width 14: "i.l"
        LayoutText {#text} at (347,0) size 5x18
          text run at (347,0) width 5: " "
        LayoutInline {SPAN} at (0,0) size 71x18
          LayoutInline {<pseudo:before>} at (0,0) size 71x18
            LayoutCounter (anonymous) at (351,0) size 71x18
              text run at (351,0) width 71: "i.ccclxxxix"
        LayoutText {#text} at (421,0) size 5x18
          text run at (421,0) width 5: " "
        LayoutInline {SPAN} at (0,0) size 46x18
          LayoutInline {<pseudo:before>} at (0,0) size 46x18
            LayoutCounter (anonymous) at (425,0) size 46x18
              text run at (425,0) width 46: "i.cccxc"
        LayoutText {#text} at (470,0) size 5x18
          text run at (470,0) width 5: " "
        LayoutInline {SPAN} at (0,0) size 103x18
          LayoutInline {<pseudo:before>} at (0,0) size 103x18
            LayoutCounter (anonymous) at (474,0) size 103x18
              text run at (474,0) width 103: "i.mmmcdlxxxix"
        LayoutText {#text} at (576,0) size 5x18
          text run at (576,0) width 5: " "
        LayoutInline {SPAN} at (0,0) size 77x18
          LayoutInline {<pseudo:before>} at (0,0) size 77x18
            LayoutCounter (anonymous) at (580,0) size 77x18
              text run at (580,0) width 77: "i.mmmcdxc"
        LayoutText {#text} at (656,0) size 5x18
          text run at (656,0) width 5: " "
        LayoutInline {SPAN} at (0,0) size 81x18
          LayoutInline {<pseudo:before>} at (0,0) size 81x18
            LayoutCounter (anonymous) at (660,0) size 81x18
              text run at (660,0) width 81: "i.mmmcdxci"
        LayoutText {#text} at (0,0) size 0x0
      LayoutBlockFlow {DIV} at (0,52) size 784x18
        LayoutText {#text} at (0,0) size 741x18
          text run at (0,0) width 17: "i.i "
          text run at (16,0) width 23: "i.ii "
          text run at (38,0) width 26: "i.iii "
          text run at (64,0) width 25: "i.iv "
          text run at (88,0) width 22: "i.v "
          text run at (109,0) width 26: "i.vi "
          text run at (134,0) width 30: "i.vii "
          text run at (163,0) width 35: "i.viii "
          text run at (197,0) width 26: "i.ix "
          text run at (222,0) width 21: "i.x "
          text run at (242,0) width 26: "i.xi "
          text run at (267,0) width 30: "i.xii "
          text run at (296,0) width 39: "i.xlix "
          text run at (334,0) width 18: "i.l "
          text run at (351,0) width 75: "i.ccclxxxix "
          text run at (425,0) width 50: "i.cccxc "
          text run at (474,0) width 107: "i.mmmcdlxxxix "
          text run at (580,0) width 81: "i.mmmcdxc "
          text run at (660,0) width 81: "i.mmmcdxci"
