layer at (0,0) size 800x600
  LayoutView at (0,0) size 800x600
layer at (0,0) size 800x94
  LayoutBlockFlow {HTML} at (0,0) size 800x94
    LayoutBlockFlow {BODY} at (8,16) size 784x70
      LayoutBlockFlow {P} at (0,0) size 784x18
        LayoutText {#text} at (0,0) size 298x18
          text run at (0,0) width 298: "The following two lines should look the same:"
      LayoutBlockFlow {DIV} at (0,34) size 784x18
        LayoutInline {SPAN} at (0,0) size 10x18
          LayoutInline {<pseudo:before>} at (0,0) size 10x18
            LayoutCounter (anonymous) at (0,0) size 10x18
              text run at (0,0) width 10: "\x{3B1}"
        LayoutText {#text} at (9,0) size 5x18
          text run at (9,0) width 5: " "
        LayoutInline {SPAN} at (0,0) size 10x18
          LayoutInline {<pseudo:before>} at (0,0) size 10x18
            LayoutCounter (anonymous) at (13,0) size 10x18
              text run at (13,0) width 10: "\x{3B2}"
        LayoutText {#text} at (22,0) size 5x18
          text run at (22,0) width 5: " "
        LayoutInline {SPAN} at (0,0) size 9x18
          LayoutInline {<pseudo:before>} at (0,0) size 9x18
            LayoutCounter (anonymous) at (26,0) size 9x18
              text run at (26,0) width 9: "\x{3B3}"
        LayoutText {#text} at (34,0) size 5x18
          text run at (34,0) width 5: " "
        LayoutInline {SPAN} at (0,0) size 10x18
          LayoutInline {<pseudo:before>} at (0,0) size 10x18
            LayoutCounter (anonymous) at (38,0) size 10x18
              text run at (38,0) width 10: "\x{3B4}"
        LayoutText {#text} at (47,0) size 5x18
          text run at (47,0) width 5: " "
        LayoutInline {SPAN} at (0,0) size 8x18
          LayoutInline {<pseudo:before>} at (0,0) size 8x18
            LayoutCounter (anonymous) at (51,0) size 8x18
              text run at (51,0) width 8: "\x{3B5}"
        LayoutText {#text} at (58,0) size 5x18
          text run at (58,0) width 5: " "
        LayoutInline {SPAN} at (0,0) size 9x18
          LayoutInline {<pseudo:before>} at (0,0) size 9x18
            LayoutCounter (anonymous) at (62,0) size 9x18
              text run at (62,0) width 9: "\x{3B6}"
        LayoutText {#text} at (70,0) size 5x18
          text run at (70,0) width 5: " "
        LayoutInline {SPAN} at (0,0) size 10x18
          LayoutInline {<pseudo:before>} at (0,0) size 10x18
            LayoutCounter (anonymous) at (74,0) size 10x18
              text run at (74,0) width 10: "\x{3B7}"
        LayoutText {#text} at (83,0) size 5x18
          text run at (83,0) width 5: " "
        LayoutInline {SPAN} at (0,0) size 10x18
          LayoutInline {<pseudo:before>} at (0,0) size 10x18
            LayoutCounter (anonymous) at (87,0) size 10x18
              text run at (87,0) width 10: "\x{3B8}"
        LayoutText {#text} at (96,0) size 5x18
          text run at (96,0) width 5: " "
        LayoutInline {SPAN} at (0,0) size 5x18
          LayoutInline {<pseudo:before>} at (0,0) size 5x18
            LayoutCounter (anonymous) at (100,0) size 5x18
              text run at (100,0) width 5: "\x{3B9}"
        LayoutText {#text} at (104,0) size 5x18
          text run at (104,0) width 5: " "
        LayoutInline {SPAN} at (0,0) size 10x18
          LayoutInline {<pseudo:before>} at (0,0) size 10x18
            LayoutCounter (anonymous) at (108,0) size 10x18
              text run at (108,0) width 10: "\x{3BA}"
        LayoutText {#text} at (117,0) size 5x18
          text run at (117,0) width 5: " "
        LayoutInline {SPAN} at (0,0) size 9x18
          LayoutInline {<pseudo:before>} at (0,0) size 9x18
            LayoutCounter (anonymous) at (121,0) size 9x18
              text run at (121,0) width 9: "\x{3BB}"
        LayoutText {#text} at (129,0) size 5x18
          text run at (129,0) width 5: " "
        LayoutInline {SPAN} at (0,0) size 10x18
          LayoutInline {<pseudo:before>} at (0,0) size 10x18
            LayoutCounter (anonymous) at (133,0) size 10x18
              text run at (133,0) width 10: "\x{3BC}"
        LayoutText {#text} at (0,0) size 0x0
      LayoutBlockFlow {DIV} at (0,52) size 784x18
        LayoutText {#text} at (0,0) size 143x18
          text run at (0,0) width 14: "\x{3B1} "
          text run at (13,0) width 14: "\x{3B2} "
          text run at (26,0) width 13: "\x{3B3} "
          text run at (38,0) width 14: "\x{3B4} "
          text run at (51,0) width 12: "\x{3B5} "
          text run at (62,0) width 13: "\x{3B6} "
          text run at (74,0) width 14: "\x{3B7} "
          text run at (87,0) width 14: "\x{3B8} "
          text run at (100,0) width 9: "\x{3B9} "
          text run at (108,0) width 14: "\x{3BA} "
          text run at (121,0) width 13: "\x{3BB} "
          text run at (133,0) width 10: "\x{3BC}"
