layer at (0,0) size 800x600
  LayoutView at (0,0) size 800x600
layer at (0,0) size 800x96
  LayoutBlockFlow {HTML} at (0,0) size 800x95.59
    LayoutBlockFlow {BODY} at (8,16) size 784x71.59
      LayoutBlockFlow {P} at (0,0) size 784x18
        LayoutText {#text} at (0,0) size 370x18
          text run at (0,0) width 370: "The following two boxes should be identical, to the pixel."
      LayoutBlockFlow {OL} at (80,34) size 160x18 [color=#FFFFFF] [bgcolor=#000080]
        LayoutListItem {LI} at (0,0) size 160x18
          LayoutListMarker (anonymous) at (-16,0) size 16x18: "1"
          LayoutInline {SPAN} at (0,0) size 12x18 [color=#000080]
            LayoutText {#text} at (0,0) size 12x18
              text run at (0,0) width 12: "1."
          LayoutText {#text} at (12,0) size 31x18
            text run at (12,0) width 31: " Test"
      LayoutBlockFlow {OL} at (80,53.59) size 160x18 [color=#000080] [bgcolor=#000080]
        LayoutListItem {LI} at (0,0) size 160x18
          LayoutListMarker (anonymous) at (0,0) size 16x18: "1"
          LayoutInline {SPAN} at (0,0) size 27x18 [color=#FFFFFF]
            LayoutText {#text} at (16,0) size 27x18
              text run at (16,0) width 27: "Test"
