layer at (0,0) size 800x600
  LayoutView at (0,0) size 800x600
layer at (0,0) size 800x94
  LayoutBlockFlow {HTML} at (0,0) size 800x94
    LayoutBlockFlow {BODY} at (8,16) size 784x70
      LayoutBlockFlow {P} at (0,0) size 784x18
        LayoutText {#text} at (0,0) size 237x18
          text run at (0,0) width 237: "The following two lines should look "
        LayoutInline {EM} at (0,0) size 93x18
          LayoutText {#text} at (236,0) size 93x18
            text run at (236,0) width 93: "approximately"
        LayoutText {#text} at (328,0) size 66x18
          text run at (328,0) width 66: " the same:"
      LayoutBlockFlow {DIV} at (0,34) size 784x18
        LayoutInline {SPAN} at (0,0) size 12x18
          LayoutInline {<pseudo:before>} at (0,0) size 12x18
            LayoutCounter (anonymous) at (0,0) size 4x18
              text run at (0,0) width 4: "."
            LayoutTextFragment (anonymous) at (4,0) size 8x18
              text run at (4,0) width 8: "z"
        LayoutText {#text} at (11,0) size 5x18
          text run at (11,0) width 5: " "
        LayoutInline {SPAN} at (0,0) size 12x18
          LayoutInline {<pseudo:before>} at (0,0) size 12x18
            LayoutCounter (anonymous) at (15,0) size 5x18
              text run at (15,0) width 5: "."
            LayoutTextFragment (anonymous) at (19,0) size 8x18
              text run at (19,0) width 8: "z"
        LayoutText {#text} at (26,0) size 5x18
          text run at (26,0) width 5: " "
        LayoutInline {SPAN} at (0,0) size 12x18
          LayoutInline {<pseudo:before>} at (0,0) size 12x18
            LayoutCounter (anonymous) at (30,0) size 5x18
              text run at (30,0) width 5: "."
            LayoutTextFragment (anonymous) at (34,0) size 8x18
              text run at (34,0) width 8: "z"
        LayoutText {#text} at (41,0) size 5x18
          text run at (41,0) width 5: " "
        LayoutInline {SPAN} at (0,0) size 12x18
          LayoutInline {<pseudo:before>} at (0,0) size 12x18
            LayoutCounter (anonymous) at (45,0) size 5x18
              text run at (45,0) width 5: "."
            LayoutTextFragment (anonymous) at (49,0) size 8x18
              text run at (49,0) width 8: "z"
        LayoutText {#text} at (56,0) size 5x18
          text run at (56,0) width 5: " "
        LayoutInline {SPAN} at (0,0) size 12x18
          LayoutInline {<pseudo:before>} at (0,0) size 12x18
            LayoutCounter (anonymous) at (60,0) size 5x18
              text run at (60,0) width 5: "."
            LayoutTextFragment (anonymous) at (64,0) size 8x18
              text run at (64,0) width 8: "z"
        LayoutText {#text} at (71,0) size 5x18
          text run at (71,0) width 5: " "
        LayoutInline {SPAN} at (0,0) size 12x18
          LayoutInline {<pseudo:before>} at (0,0) size 12x18
            LayoutCounter (anonymous) at (75,0) size 5x18
              text run at (75,0) width 5: "."
            LayoutTextFragment (anonymous) at (79,0) size 8x18
              text run at (79,0) width 8: "z"
        LayoutText {#text} at (86,0) size 5x18
          text run at (86,0) width 5: " "
        LayoutInline {SPAN} at (0,0) size 12x18
          LayoutInline {<pseudo:before>} at (0,0) size 12x18
            LayoutCounter (anonymous) at (90,0) size 5x18
              text run at (90,0) width 5: "."
            LayoutTextFragment (anonymous) at (94,0) size 8x18
              text run at (94,0) width 8: "z"
        LayoutText {#text} at (101,0) size 5x18
          text run at (101,0) width 5: " "
        LayoutInline {SPAN} at (0,0) size 12x18
          LayoutInline {<pseudo:before>} at (0,0) size 12x18
            LayoutCounter (anonymous) at (105,0) size 5x18
              text run at (105,0) width 5: "."
            LayoutTextFragment (anonymous) at (109,0) size 8x18
              text run at (109,0) width 8: "z"
        LayoutText {#text} at (116,0) size 5x18
          text run at (116,0) width 5: " "
        LayoutInline {SPAN} at (0,0) size 12x18
          LayoutInline {<pseudo:before>} at (0,0) size 12x18
            LayoutCounter (anonymous) at (120,0) size 5x18
              text run at (120,0) width 5: "."
            LayoutTextFragment (anonymous) at (124,0) size 8x18
              text run at (124,0) width 8: "z"
        LayoutText {#text} at (131,0) size 5x18
          text run at (131,0) width 5: " "
        LayoutInline {SPAN} at (0,0) size 12x18
          LayoutInline {<pseudo:before>} at (0,0) size 12x18
            LayoutCounter (anonymous) at (135,0) size 5x18
              text run at (135,0) width 5: "."
            LayoutTextFragment (anonymous) at (139,0) size 8x18
              text run at (139,0) width 8: "z"
        LayoutText {#text} at (146,0) size 5x18
          text run at (146,0) width 5: " "
        LayoutInline {SPAN} at (0,0) size 13x18
          LayoutInline {<pseudo:before>} at (0,0) size 13x18
            LayoutCounter (anonymous) at (150,0) size 5x18
              text run at (150,0) width 5: "."
            LayoutTextFragment (anonymous) at (154,0) size 9x18
              text run at (154,0) width 9: "z"
        LayoutText {#text} at (162,0) size 5x18
          text run at (162,0) width 5: " "
        LayoutInline {SPAN} at (0,0) size 12x18
          LayoutInline {<pseudo:before>} at (0,0) size 12x18
            LayoutCounter (anonymous) at (166,0) size 5x18
              text run at (166,0) width 5: "."
            LayoutTextFragment (anonymous) at (170,0) size 8x18
              text run at (170,0) width 8: "z"
        LayoutText {#text} at (0,0) size 0x0
      LayoutBlockFlow {DIV} at (0,52) size 784x18
        LayoutText {#text} at (0,0) size 178x18
          text run at (0,0) width 16: ".z "
          text run at (15,0) width 16: ".z "
          text run at (30,0) width 16: ".z "
          text run at (45,0) width 16: ".z "
          text run at (60,0) width 16: ".z "
          text run at (75,0) width 16: ".z "
          text run at (90,0) width 16: ".z "
          text run at (105,0) width 16: ".z "
          text run at (120,0) width 16: ".z "
          text run at (135,0) width 16: ".z "
          text run at (150,0) width 17: ".z "
          text run at (166,0) width 12: ".z"
