layer at (0,0) size 800x600
  LayoutView at (0,0) size 800x600
layer at (0,0) size 800x94
  LayoutBlockFlow {HTML} at (0,0) size 800x94
    LayoutBlockFlow {BODY} at (8,16) size 784x70
      LayoutBlockFlow {P} at (0,0) size 784x18
        LayoutText {#text} at (0,0) size 284x18
          text run at (0,0) width 284: "The following two lines should be the same:"
      LayoutBlockFlow {DIV} at (0,34) size 784x18
        LayoutInline {SPAN} at (0,0) size 195x18
          LayoutInline {<pseudo:before>} at (0,0) size 24x18
            LayoutTextFragment (anonymous) at (0,0) size 11x18
              text run at (0,0) width 11: "B"
            LayoutCounter (anonymous) at (10,0) size 9x18
              text run at (10,0) width 9: "1"
            LayoutTextFragment (anonymous) at (18,0) size 6x18
              text run at (18,0) width 6: "-"
          LayoutInline {SPAN} at (0,0) size 146x18
            LayoutInline {<pseudo:before>} at (0,0) size 36x18
              LayoutTextFragment (anonymous) at (24,0) size 11x18
                text run at (24,0) width 11: "B"
              LayoutCounter (anonymous) at (34,0) size 21x18
                text run at (34,0) width 21: "1.1"
              LayoutTextFragment (anonymous) at (54,0) size 6x18
                text run at (54,0) width 6: "-"
            LayoutInline {SPAN} at (0,0) size 73x18
              LayoutInline {<pseudo:before>} at (0,0) size 36x18
                LayoutTextFragment (anonymous) at (60,0) size 11x18
                  text run at (60,0) width 11: "B"
                LayoutCounter (anonymous) at (70,0) size 21x18
                  text run at (70,0) width 21: "1.2"
                LayoutTextFragment (anonymous) at (90,0) size 6x18
                  text run at (90,0) width 6: "-"
              LayoutInline {<pseudo:after>} at (0,0) size 37x18
                LayoutTextFragment (anonymous) at (96,0) size 12x18
                  text run at (96,0) width 12: "A"
                LayoutCounter (anonymous) at (107,0) size 21x18
                  text run at (107,0) width 21: "1.3"
                LayoutTextFragment (anonymous) at (127,0) size 6x18
                  text run at (127,0) width 6: "-"
            LayoutInline {<pseudo:after>} at (0,0) size 38x18
              LayoutTextFragment (anonymous) at (132,0) size 13x18
                text run at (132,0) width 13: "A"
              LayoutCounter (anonymous) at (144,0) size 21x18
                text run at (144,0) width 21: "1.4"
              LayoutTextFragment (anonymous) at (164,0) size 6x18
                text run at (164,0) width 6: "-"
          LayoutInline {<pseudo:after>} at (0,0) size 26x18
            LayoutTextFragment (anonymous) at (169,0) size 13x18
              text run at (169,0) width 13: "A"
            LayoutCounter (anonymous) at (181,0) size 9x18
              text run at (181,0) width 9: "2"
            LayoutTextFragment (anonymous) at (189,0) size 6x18
              text run at (189,0) width 6: "-"
      LayoutBlockFlow {DIV} at (0,52) size 784x18
        LayoutText {#text} at (0,0) size 195x18
          text run at (0,0) width 195: "B1-B1.1-B1.2-A1.3-A1.4-A2-"
