layer at (0,0) size 800x600
  LayoutView at (0,0) size 800x600
layer at (0,0) size 800x94
  LayoutBlockFlow {HTML} at (0,0) size 800x94
    LayoutBlockFlow {BODY} at (8,16) size 784x70
      LayoutBlockFlow {P} at (0,0) size 784x18
        LayoutText {#text} at (0,0) size 221x18
          text run at (0,0) width 221: "The following should be identical:"
      LayoutBlockFlow {DIV} at (0,34) size 784x18
        LayoutInline {SPAN} at (0,0) size 8x18
          LayoutInline {SPAN} at (0,0) size 8x18
            LayoutInline {<pseudo:before>} at (0,0) size 8x18
              LayoutCounter (anonymous) at (0,0) size 8x18
                text run at (0,0) width 8: "0"
        LayoutText {#text} at (8,0) size 4x18
          text run at (8,0) width 4: " "
        LayoutInline {SPAN} at (0,0) size 8x18
          LayoutInline {SPAN} at (0,0) size 8x18
            LayoutInline {<pseudo:before>} at (0,0) size 8x18
              LayoutCounter (anonymous) at (12,0) size 8x18
                text run at (12,0) width 8: "1"
        LayoutText {#text} at (20,0) size 4x18
          text run at (20,0) width 4: " "
        LayoutInline {SPAN} at (0,0) size 8x18
          LayoutInline {SPAN} at (0,0) size 8x18
            LayoutInline {<pseudo:before>} at (0,0) size 8x18
              LayoutCounter (anonymous) at (24,0) size 8x18
                text run at (24,0) width 8: "2"
        LayoutText {#text} at (32,0) size 4x18
          text run at (32,0) width 4: " "
        LayoutInline {SPAN} at (0,0) size 8x18
          LayoutInline {SPAN} at (0,0) size 8x18
            LayoutInline {<pseudo:before>} at (0,0) size 8x18
              LayoutCounter (anonymous) at (36,0) size 8x18
                text run at (36,0) width 8: "3"
        LayoutText {#text} at (44,0) size 4x18
          text run at (44,0) width 4: " "
        LayoutInline {SPAN} at (0,0) size 8x18
          LayoutInline {SPAN} at (0,0) size 8x18
            LayoutInline {<pseudo:before>} at (0,0) size 8x18
              LayoutCounter (anonymous) at (48,0) size 8x18
                text run at (48,0) width 8: "4"
        LayoutText {#text} at (56,0) size 4x18
          text run at (56,0) width 4: " "
        LayoutInline {SPAN} at (0,0) size 8x18
          LayoutInline {SPAN} at (0,0) size 8x18
            LayoutInline {<pseudo:before>} at (0,0) size 8x18
              LayoutCounter (anonymous) at (60,0) size 8x18
                text run at (60,0) width 8: "4"
        LayoutText {#text} at (68,0) size 4x18
          text run at (68,0) width 4: " "
        LayoutInline {SPAN} at (0,0) size 8x18
          LayoutInline {SPAN} at (0,0) size 8x18
            LayoutInline {<pseudo:before>} at (0,0) size 8x18
              LayoutCounter (anonymous) at (72,0) size 8x18
                text run at (72,0) width 8: "4"
        LayoutText {#text} at (80,0) size 4x18
          text run at (80,0) width 4: " "
        LayoutInline {SPAN} at (0,0) size 8x18
          LayoutInline {SPAN} at (0,0) size 8x18
            LayoutInline {<pseudo:before>} at (0,0) size 8x18
              LayoutCounter (anonymous) at (84,0) size 8x18
                text run at (84,0) width 8: "4"
        LayoutText {#text} at (92,0) size 4x18
          text run at (92,0) width 4: " "
        LayoutInline {SPAN} at (0,0) size 8x18
          LayoutInline {SPAN} at (0,0) size 8x18
            LayoutInline {<pseudo:before>} at (0,0) size 8x18
              LayoutCounter (anonymous) at (96,0) size 8x18
                text run at (96,0) width 8: "8"
        LayoutText {#text} at (104,0) size 4x18
          text run at (104,0) width 4: " "
        LayoutInline {SPAN} at (0,0) size 8x18
          LayoutInline {SPAN} at (0,0) size 8x18
            LayoutInline {<pseudo:before>} at (0,0) size 8x18
              LayoutCounter (anonymous) at (108,0) size 8x18
                text run at (108,0) width 8: "9"
        LayoutText {#text} at (116,0) size 4x18
          text run at (116,0) width 4: " "
        LayoutInline {SPAN} at (0,0) size 16x18
          LayoutInline {SPAN} at (0,0) size 16x18
            LayoutInline {<pseudo:before>} at (0,0) size 16x18
              LayoutCounter (anonymous) at (120,0) size 16x18
                text run at (120,0) width 16: "10"
        LayoutText {#text} at (136,0) size 4x18
          text run at (136,0) width 4: " "
        LayoutInline {SPAN} at (0,0) size 16x18
          LayoutInline {SPAN} at (0,0) size 16x18
            LayoutInline {<pseudo:before>} at (0,0) size 16x18
              LayoutCounter (anonymous) at (140,0) size 16x18
                text run at (140,0) width 16: "11"
        LayoutText {#text} at (155,0) size 5x18
          text run at (155,0) width 5: " "
        LayoutInline {SPAN} at (0,0) size 17x18
          LayoutInline {SPAN} at (0,0) size 17x18
            LayoutInline {<pseudo:before>} at (0,0) size 17x18
              LayoutCounter (anonymous) at (159,0) size 17x18
                text run at (159,0) width 17: "12"
        LayoutText {#text} at (175,0) size 5x18
          text run at (175,0) width 5: " "
        LayoutInline {SPAN} at (0,0) size 17x18
          LayoutInline {SPAN} at (0,0) size 17x18
            LayoutInline {<pseudo:before>} at (0,0) size 17x18
              LayoutCounter (anonymous) at (179,0) size 17x18
                text run at (179,0) width 17: "12"
        LayoutText {#text} at (195,0) size 5x18
          text run at (195,0) width 5: " "
        LayoutInline {SPAN} at (0,0) size 17x18
          LayoutInline {SPAN} at (0,0) size 17x18
            LayoutInline {<pseudo:before>} at (0,0) size 17x18
              LayoutCounter (anonymous) at (199,0) size 17x18
                text run at (199,0) width 17: "12"
        LayoutText {#text} at (215,0) size 5x18
          text run at (215,0) width 5: " "
        LayoutInline {SPAN} at (0,0) size 17x18
          LayoutInline {SPAN} at (0,0) size 17x18
            LayoutInline {<pseudo:before>} at (0,0) size 17x18
              LayoutCounter (anonymous) at (219,0) size 17x18
                text run at (219,0) width 17: "12"
        LayoutText {#text} at (0,0) size 0x0
      LayoutBlockFlow {DIV} at (0,52) size 784x18
        LayoutText {#text} at (0,0) size 236x18
          text run at (0,0) width 12: "0 "
          text run at (12,0) width 12: "1 "
          text run at (24,0) width 12: "2 "
          text run at (36,0) width 12: "3 "
          text run at (48,0) width 12: "4 "
          text run at (60,0) width 12: "4 "
          text run at (72,0) width 12: "4 "
          text run at (84,0) width 12: "4 "
          text run at (96,0) width 12: "8 "
          text run at (108,0) width 12: "9 "
          text run at (120,0) width 20: "10 "
          text run at (140,0) width 20: "11 "
          text run at (159,0) width 21: "12 "
          text run at (179,0) width 21: "12 "
          text run at (199,0) width 21: "12 "
          text run at (219,0) width 17: "12"
