layer at (0,0) size 800x600
  LayoutView at (0,0) size 800x600
layer at (0,0) size 800x94
  LayoutBlockFlow {HTML} at (0,0) size 800x94
    LayoutBlockFlow {BODY} at (8,16) size 784x70
      LayoutBlockFlow {P} at (0,0) size 784x18
        LayoutText {#text} at (0,0) size 284x18
          text run at (0,0) width 284: "The following two lines should be the same:"
      LayoutBlockFlow {DIV} at (0,34) size 784x18
        LayoutInline {SPAN} at (0,0) size 490x18
          LayoutInline {<pseudo:before>} at (0,0) size 24x18
            LayoutTextFragment (anonymous) at (0,0) size 11x18
              text run at (0,0) width 11: "B"
            LayoutCounter (anonymous) at (10,0) size 9x18
              text run at (10,0) width 9: "1"
            LayoutTextFragment (anonymous) at (18,0) size 6x18
              text run at (18,0) width 6: "-"
          LayoutInline {SPAN} at (0,0) size 441x18
            LayoutInline {<pseudo:before>} at (0,0) size 24x18
              LayoutTextFragment (anonymous) at (24,0) size 11x18
                text run at (24,0) width 11: "B"
              LayoutCounter (anonymous) at (34,0) size 9x18
                text run at (34,0) width 9: "2"
              LayoutTextFragment (anonymous) at (42,0) size 6x18
                text run at (42,0) width 6: "-"
            LayoutInline {SPAN} at (0,0) size 219x18
              LayoutInline {<pseudo:before>} at (0,0) size 36x18
                LayoutTextFragment (anonymous) at (48,0) size 11x18
                  text run at (48,0) width 11: "B"
                LayoutCounter (anonymous) at (58,0) size 21x18
                  text run at (58,0) width 21: "2.1"
                LayoutTextFragment (anonymous) at (78,0) size 6x18
                  text run at (78,0) width 6: "-"
              LayoutInline {SPAN} at (0,0) size 73x18
                LayoutInline {<pseudo:before>} at (0,0) size 36x18
                  LayoutTextFragment (anonymous) at (84,0) size 11x18
                    text run at (84,0) width 11: "B"
                  LayoutCounter (anonymous) at (94,0) size 21x18
                    text run at (94,0) width 21: "2.2"
                  LayoutTextFragment (anonymous) at (114,0) size 6x18
                    text run at (114,0) width 6: "-"
                LayoutInline {<pseudo:after>} at (0,0) size 37x18
                  LayoutTextFragment (anonymous) at (120,0) size 12x18
                    text run at (120,0) width 12: "A"
                  LayoutCounter (anonymous) at (131,0) size 21x18
                    text run at (131,0) width 21: "2.3"
                  LayoutTextFragment (anonymous) at (151,0) size 6x18
                    text run at (151,0) width 6: "-"
              LayoutInline {SPAN} at (0,0) size 74x18
                LayoutInline {<pseudo:before>} at (0,0) size 37x18
                  LayoutTextFragment (anonymous) at (156,0) size 12x18
                    text run at (156,0) width 12: "B"
                  LayoutCounter (anonymous) at (167,0) size 21x18
                    text run at (167,0) width 21: "2.4"
                  LayoutTextFragment (anonymous) at (187,0) size 6x18
                    text run at (187,0) width 6: "-"
                LayoutInline {<pseudo:after>} at (0,0) size 38x18
                  LayoutTextFragment (anonymous) at (192,0) size 13x18
                    text run at (192,0) width 13: "A"
                  LayoutCounter (anonymous) at (204,0) size 21x18
                    text run at (204,0) width 21: "2.5"
                  LayoutTextFragment (anonymous) at (224,0) size 6x18
                    text run at (224,0) width 6: "-"
              LayoutInline {<pseudo:after>} at (0,0) size 38x18
                LayoutTextFragment (anonymous) at (229,0) size 13x18
                  text run at (229,0) width 13: "A"
                LayoutCounter (anonymous) at (241,0) size 21x18
                  text run at (241,0) width 21: "2.6"
                LayoutTextFragment (anonymous) at (261,0) size 6x18
                  text run at (261,0) width 6: "-"
            LayoutInline {SPAN} at (0,0) size 155x18
              LayoutInline {<pseudo:before>} at (0,0) size 37x18
                LayoutTextFragment (anonymous) at (266,0) size 12x18
                  text run at (266,0) width 12: "B"
                LayoutCounter (anonymous) at (277,0) size 21x18
                  text run at (277,0) width 21: "2.7"
                LayoutTextFragment (anonymous) at (297,0) size 6x18
                  text run at (297,0) width 6: "-"
              LayoutInline {SPAN} at (0,0) size 74x18
                LayoutInline {<pseudo:before>} at (0,0) size 37x18
                  LayoutTextFragment (anonymous) at (302,0) size 12x18
                    text run at (302,0) width 12: "B"
                  LayoutCounter (anonymous) at (313,0) size 21x18
                    text run at (313,0) width 21: "2.8"
                  LayoutTextFragment (anonymous) at (333,0) size 6x18
                    text run at (333,0) width 6: "-"
                LayoutInline {<pseudo:after>} at (0,0) size 38x18
                  LayoutTextFragment (anonymous) at (338,0) size 13x18
                    text run at (338,0) width 13: "A"
                  LayoutCounter (anonymous) at (350,0) size 21x18
                    text run at (350,0) width 21: "2.9"
                  LayoutTextFragment (anonymous) at (370,0) size 6x18
                    text run at (370,0) width 6: "-"
              LayoutInline {<pseudo:after>} at (0,0) size 46x18
                LayoutTextFragment (anonymous) at (375,0) size 13x18
                  text run at (375,0) width 13: "A"
                LayoutCounter (anonymous) at (387,0) size 29x18
                  text run at (387,0) width 29: "2.10"
                LayoutTextFragment (anonymous) at (415,0) size 6x18
                  text run at (415,0) width 6: "-"
            LayoutInline {<pseudo:after>} at (0,0) size 45x18
              LayoutTextFragment (anonymous) at (420,0) size 12x18
                text run at (420,0) width 12: "A"
              LayoutCounter (anonymous) at (431,0) size 29x18
                text run at (431,0) width 29: "2.11"
              LayoutTextFragment (anonymous) at (459,0) size 6x18
                text run at (459,0) width 6: "-"
          LayoutInline {<pseudo:after>} at (0,0) size 26x18
            LayoutTextFragment (anonymous) at (464,0) size 13x18
              text run at (464,0) width 13: "A"
            LayoutCounter (anonymous) at (476,0) size 9x18
              text run at (476,0) width 9: "3"
            LayoutTextFragment (anonymous) at (484,0) size 6x18
              text run at (484,0) width 6: "-"
      LayoutBlockFlow {DIV} at (0,52) size 784x18
        LayoutText {#text} at (0,0) size 490x18
          text run at (0,0) width 490: "B1-B2-B2.1-B2.2-A2.3-B2.4-A2.5-A2.6-B2.7-B2.8-A2.9-A2.10-A2.11-A3-"
