layer at (0,0) size 800x600
  LayoutView at (0,0) size 800x600
layer at (0,0) size 800x94
  LayoutBlockFlow {HTML} at (0,0) size 800x94
    LayoutBlockFlow {BODY} at (8,16) size 784x70
      LayoutBlockFlow {P} at (0,0) size 784x18
        LayoutText {#text} at (0,0) size 283x18
          text run at (0,0) width 283: "The following two lines should be identical:"
      LayoutBlockFlow {DIV} at (0,34) size 784x18
        LayoutInline {SPAN} at (0,0) size 12x18
          LayoutInline {<pseudo:before>} at (0,0) size 12x18
            LayoutCounter (anonymous) at (0,0) size 8x18
              text run at (0,0) width 8: "0"
            LayoutTextFragment (anonymous) at (8,0) size 4x18
              text run at (8,0) width 4: " "
        LayoutInline {SPAN} at (0,0) size 8x18
          LayoutInline {SPAN} at (0,0) size 8x18
            LayoutInline {<pseudo:before>} at (0,0) size 8x18
              LayoutCounter (anonymous) at (12,0) size 8x18
                text run at (12,0) width 8: "1"
              LayoutTextFragment (anonymous) at (0,0) size 0x0
      LayoutBlockFlow {DIV} at (0,52) size 784x18
        LayoutText {#text} at (0,0) size 20x18
          text run at (0,0) width 20: "0 1"
