layer at (0,0) size 800x600
  LayoutView at (0,0) size 800x600
layer at (0,0) size 800x330
  LayoutBlockFlow {HTML} at (0,0) size 800x330
    LayoutBlockFlow {BODY} at (8,16) size 784x298 [color=#000080]
      LayoutBlockFlow {P} at (0,0) size 784x18
        LayoutText {#text} at (0,0) size 466x18
          text run at (0,0) width 466: "Each bullet should look as described, and there should be no red present."
      LayoutBlockFlow {UL} at (0,34) size 784x54
        LayoutListItem {LI} at (40,0) size 744x18
          LayoutListMarker (anonymous) at (-17,0) size 7x18: bullet
          LayoutText {#text} at (0,0) size 26x18
            text run at (0,0) width 26: "disc"
        LayoutListItem {LI} at (40,18) size 744x18
          LayoutListMarker (anonymous) at (-17,0) size 7x18: bullet
          LayoutText {#text} at (0,0) size 26x18
            text run at (0,0) width 26: "disc"
        LayoutListItem {LI} at (40,36) size 744x18
          LayoutListMarker (anonymous) at (-17,0) size 7x18: bullet
          LayoutText {#text} at (0,0) size 26x18
            text run at (0,0) width 26: "disc"
      LayoutBlockFlow {UL} at (0,104) size 784x54
        LayoutListItem {LI} at (40,0) size 744x18
          LayoutListMarker (anonymous) at (-17,0) size 7x18: white bullet
          LayoutText {#text} at (0,0) size 36x18
            text run at (0,0) width 36: "circle"
        LayoutListItem {LI} at (40,18) size 744x18
          LayoutListMarker (anonymous) at (-17,0) size 7x18: white bullet
          LayoutText {#text} at (0,0) size 36x18
            text run at (0,0) width 36: "circle"
        LayoutListItem {LI} at (40,36) size 744x18
          LayoutListMarker (anonymous) at (-17,0) size 7x18: white bullet
          LayoutText {#text} at (0,0) size 36x18
            text run at (0,0) width 36: "circle"
      LayoutBlockFlow {UL} at (0,174) size 784x54
        LayoutListItem {LI} at (40,0) size 744x18
          LayoutListMarker (anonymous) at (-17,0) size 7x18: black square
          LayoutText {#text} at (0,0) size 42x18
            text run at (0,0) width 42: "square"
        LayoutListItem {LI} at (40,18) size 744x18
          LayoutListMarker (anonymous) at (-17,0) size 7x18: black square
          LayoutText {#text} at (0,0) size 42x18
            text run at (0,0) width 42: "square"
        LayoutListItem {LI} at (40,36) size 744x18
          LayoutListMarker (anonymous) at (-17,0) size 7x18: black square
          LayoutText {#text} at (0,0) size 42x18
            text run at (0,0) width 42: "square"
      LayoutBlockFlow {UL} at (0,244) size 784x54 [color=#FF0000]
        LayoutListItem {LI} at (40,0) size 744x18
          LayoutText {#text} at (0,0) size 4x18
            text run at (0,0) width 4: " "
        LayoutListItem {LI} at (40,18) size 744x18
          LayoutText {#text} at (0,0) size 4x18
            text run at (0,0) width 4: " "
        LayoutListItem {LI} at (40,36) size 744x18
          LayoutText {#text} at (0,0) size 4x18
            text run at (0,0) width 4: " "
