layer at (0,0) size 800x600
  LayoutView at (0,0) size 800x600
layer at (0,0) size 800x94
  LayoutBlockFlow {HTML} at (0,0) size 800x94
    LayoutBlockFlow {BODY} at (8,16) size 784x70
      LayoutBlockFlow {P} at (0,0) size 784x18
        LayoutText {#text} at (0,0) size 298x18
          text run at (0,0) width 298: "The following two lines should look the same:"
      LayoutBlockFlow {DIV} at (0,34) size 784x18
        LayoutInline {SPAN} at (0,0) size 24x18
          LayoutInline {<pseudo:before>} at (0,0) size 24x18
            LayoutCounter (anonymous) at (0,0) size 24x18
              text run at (0,0) width 24: "\x{3B1}.\x{3B1}"
        LayoutText {#text} at (23,0) size 5x18
          text run at (23,0) width 5: " "
        LayoutInline {SPAN} at (0,0) size 24x18
          LayoutInline {<pseudo:before>} at (0,0) size 24x18
            LayoutCounter (anonymous) at (27,0) size 24x18
              text run at (27,0) width 24: "\x{3B1}.\x{3B2}"
        LayoutText {#text} at (50,0) size 5x18
          text run at (50,0) width 5: " "
        LayoutInline {SPAN} at (0,0) size 22x18
          LayoutInline {<pseudo:before>} at (0,0) size 22x18
            LayoutCounter (anonymous) at (54,0) size 22x18
              text run at (54,0) width 22: "\x{3B1}.\x{3B3}"
        LayoutText {#text} at (75,0) size 5x18
          text run at (75,0) width 5: " "
        LayoutInline {SPAN} at (0,0) size 24x18
          LayoutInline {<pseudo:before>} at (0,0) size 24x18
            LayoutCounter (anonymous) at (79,0) size 24x18
              text run at (79,0) width 24: "\x{3B1}.\x{3B4}"
        LayoutText {#text} at (102,0) size 5x18
          text run at (102,0) width 5: " "
        LayoutInline {SPAN} at (0,0) size 22x18
          LayoutInline {<pseudo:before>} at (0,0) size 22x18
            LayoutCounter (anonymous) at (106,0) size 22x18
              text run at (106,0) width 22: "\x{3B1}.\x{3B5}"
        LayoutText {#text} at (127,0) size 5x18
          text run at (127,0) width 5: " "
        LayoutInline {SPAN} at (0,0) size 23x18
          LayoutInline {<pseudo:before>} at (0,0) size 23x18
            LayoutCounter (anonymous) at (131,0) size 23x18
              text run at (131,0) width 23: "\x{3B1}.\x{3B6}"
        LayoutText {#text} at (153,0) size 5x18
          text run at (153,0) width 5: " "
        LayoutInline {SPAN} at (0,0) size 23x18
          LayoutInline {<pseudo:before>} at (0,0) size 23x18
            LayoutCounter (anonymous) at (157,0) size 23x18
              text run at (157,0) width 23: "\x{3B1}.\x{3B7}"
        LayoutText {#text} at (179,0) size 5x18
          text run at (179,0) width 5: " "
        LayoutInline {SPAN} at (0,0) size 24x18
          LayoutInline {<pseudo:before>} at (0,0) size 24x18
            LayoutCounter (anonymous) at (183,0) size 24x18
              text run at (183,0) width 24: "\x{3B1}.\x{3B8}"
        LayoutText {#text} at (206,0) size 5x18
          text run at (206,0) width 5: " "
        LayoutInline {SPAN} at (0,0) size 19x18
          LayoutInline {<pseudo:before>} at (0,0) size 19x18
            LayoutCounter (anonymous) at (210,0) size 19x18
              text run at (210,0) width 19: "\x{3B1}.\x{3B9}"
        LayoutText {#text} at (228,0) size 5x18
          text run at (228,0) width 5: " "
        LayoutInline {SPAN} at (0,0) size 24x18
          LayoutInline {<pseudo:before>} at (0,0) size 24x18
            LayoutCounter (anonymous) at (232,0) size 24x18
              text run at (232,0) width 24: "\x{3B1}.\x{3BA}"
        LayoutText {#text} at (255,0) size 5x18
          text run at (255,0) width 5: " "
        LayoutInline {SPAN} at (0,0) size 23x18
          LayoutInline {<pseudo:before>} at (0,0) size 23x18
            LayoutCounter (anonymous) at (259,0) size 23x18
              text run at (259,0) width 23: "\x{3B1}.\x{3BB}"
        LayoutText {#text} at (281,0) size 5x18
          text run at (281,0) width 5: " "
        LayoutInline {SPAN} at (0,0) size 23x18
          LayoutInline {<pseudo:before>} at (0,0) size 23x18
            LayoutCounter (anonymous) at (285,0) size 23x18
              text run at (285,0) width 23: "\x{3B1}.\x{3BC}"
        LayoutText {#text} at (0,0) size 0x0
      LayoutBlockFlow {DIV} at (0,52) size 784x18
        LayoutText {#text} at (0,0) size 308x18
          text run at (0,0) width 28: "\x{3B1}.\x{3B1} "
          text run at (27,0) width 28: "\x{3B1}.\x{3B2} "
          text run at (54,0) width 26: "\x{3B1}.\x{3B3} "
          text run at (79,0) width 28: "\x{3B1}.\x{3B4} "
          text run at (106,0) width 26: "\x{3B1}.\x{3B5} "
          text run at (131,0) width 27: "\x{3B1}.\x{3B6} "
          text run at (157,0) width 27: "\x{3B1}.\x{3B7} "
          text run at (183,0) width 28: "\x{3B1}.\x{3B8} "
          text run at (210,0) width 23: "\x{3B1}.\x{3B9} "
          text run at (232,0) width 28: "\x{3B1}.\x{3BA} "
          text run at (259,0) width 27: "\x{3B1}.\x{3BB} "
          text run at (285,0) width 23: "\x{3B1}.\x{3BC}"
