layer at (0,0) size 800x600
  LayoutView at (0,0) size 800x600
layer at (0,0) size 800x94
  LayoutBlockFlow {HTML} at (0,0) size 800x94
    LayoutBlockFlow {BODY} at (8,16) size 784x70
      LayoutBlockFlow {P} at (0,0) size 784x18
        LayoutText {#text} at (0,0) size 298x18
          text run at (0,0) width 298: "The following two lines should look the same:"
      LayoutBlockFlow {DIV} at (0,34) size 784x18
        LayoutInline {SPAN} at (0,0) size 5x18
          LayoutInline {<pseudo:before>} at (0,0) size 5x18
            LayoutCounter (anonymous) at (0,0) size 5x18
              text run at (0,0) width 5: "i"
        LayoutText {#text} at (4,0) size 5x18
          text run at (4,0) width 5: " "
        LayoutInline {SPAN} at (0,0) size 10x18
          LayoutInline {<pseudo:before>} at (0,0) size 10x18
            LayoutCounter (anonymous) at (8,0) size 10x18
              text run at (8,0) width 10: "ii"
        LayoutText {#text} at (17,0) size 5x18
          text run at (17,0) width 5: " "
        LayoutInline {SPAN} at (0,0) size 14x18
          LayoutInline {<pseudo:before>} at (0,0) size 14x18
            LayoutCounter (anonymous) at (21,0) size 14x18
              text run at (21,0) width 14: "iii"
        LayoutText {#text} at (34,0) size 5x18
          text run at (34,0) width 5: " "
        LayoutInline {SPAN} at (0,0) size 14x18
          LayoutInline {<pseudo:before>} at (0,0) size 14x18
            LayoutCounter (anonymous) at (38,0) size 14x18
              text run at (38,0) width 14: "iv"
        LayoutText {#text} at (51,0) size 5x18
          text run at (51,0) width 5: " "
        LayoutInline {SPAN} at (0,0) size 9x18
          LayoutInline {<pseudo:before>} at (0,0) size 9x18
            LayoutCounter (anonymous) at (55,0) size 9x18
              text run at (55,0) width 9: "v"
        LayoutText {#text} at (63,0) size 5x18
          text run at (63,0) width 5: " "
        LayoutInline {SPAN} at (0,0) size 13x18
          LayoutInline {<pseudo:before>} at (0,0) size 13x18
            LayoutCounter (anonymous) at (67,0) size 13x18
              text run at (67,0) width 13: "vi"
        LayoutText {#text} at (79,0) size 5x18
          text run at (79,0) width 5: " "
        LayoutInline {SPAN} at (0,0) size 18x18
          LayoutInline {<pseudo:before>} at (0,0) size 18x18
            LayoutCounter (anonymous) at (83,0) size 18x18
              text run at (83,0) width 18: "vii"
        LayoutText {#text} at (100,0) size 5x18
          text run at (100,0) width 5: " "
        LayoutInline {SPAN} at (0,0) size 22x18
          LayoutInline {<pseudo:before>} at (0,0) size 22x18
            LayoutCounter (anonymous) at (104,0) size 22x18
              text run at (104,0) width 22: "viii"
        LayoutText {#text} at (125,0) size 5x18
          text run at (125,0) width 5: " "
        LayoutInline {SPAN} at (0,0) size 14x18
          LayoutInline {<pseudo:before>} at (0,0) size 14x18
            LayoutCounter (anonymous) at (129,0) size 14x18
              text run at (129,0) width 14: "ix"
        LayoutText {#text} at (142,0) size 5x18
          text run at (142,0) width 5: " "
        LayoutInline {SPAN} at (0,0) size 9x18
          LayoutInline {<pseudo:before>} at (0,0) size 9x18
            LayoutCounter (anonymous) at (146,0) size 9x18
              text run at (146,0) width 9: "x"
        LayoutText {#text} at (154,0) size 5x18
          text run at (154,0) width 5: " "
        LayoutInline {SPAN} at (0,0) size 13x18
          LayoutInline {<pseudo:before>} at (0,0) size 13x18
            LayoutCounter (anonymous) at (158,0) size 13x18
              text run at (158,0) width 13: "xi"
        LayoutText {#text} at (170,0) size 5x18
          text run at (170,0) width 5: " "
        LayoutInline {SPAN} at (0,0) size 18x18
          LayoutInline {<pseudo:before>} at (0,0) size 18x18
            LayoutCounter (anonymous) at (174,0) size 18x18
              text run at (174,0) width 18: "xii"
        LayoutText {#text} at (191,0) size 5x18
          text run at (191,0) width 5: " "
        LayoutInline {SPAN} at (0,0) size 26x18
          LayoutInline {<pseudo:before>} at (0,0) size 26x18
            LayoutCounter (anonymous) at (195,0) size 26x18
              text run at (195,0) width 26: "xlix"
        LayoutText {#text} at (220,0) size 5x18
          text run at (220,0) width 5: " "
        LayoutInline {SPAN} at (0,0) size 5x18
          LayoutInline {<pseudo:before>} at (0,0) size 5x18
            LayoutCounter (anonymous) at (224,0) size 5x18
              text run at (224,0) width 5: "l"
        LayoutText {#text} at (228,0) size 5x18
          text run at (228,0) width 5: " "
        LayoutInline {SPAN} at (0,0) size 64x18
          LayoutInline {<pseudo:before>} at (0,0) size 64x18
            LayoutCounter (anonymous) at (232,0) size 64x18
              text run at (232,0) width 64: "ccclxxxix"
        LayoutText {#text} at (295,0) size 5x18
          text run at (295,0) width 5: " "
        LayoutInline {SPAN} at (0,0) size 37x18
          LayoutInline {<pseudo:before>} at (0,0) size 37x18
            LayoutCounter (anonymous) at (299,0) size 37x18
              text run at (299,0) width 37: "cccxc"
        LayoutText {#text} at (335,0) size 5x18
          text run at (335,0) width 5: " "
        LayoutInline {SPAN} at (0,0) size 94x18
          LayoutInline {<pseudo:before>} at (0,0) size 94x18
            LayoutCounter (anonymous) at (339,0) size 94x18
              text run at (339,0) width 94: "mmmcdlxxxix"
        LayoutText {#text} at (432,0) size 5x18
          text run at (432,0) width 5: " "
        LayoutInline {SPAN} at (0,0) size 69x18
          LayoutInline {<pseudo:before>} at (0,0) size 69x18
            LayoutCounter (anonymous) at (436,0) size 69x18
              text run at (436,0) width 69: "mmmcdxc"
        LayoutText {#text} at (504,0) size 5x18
          text run at (504,0) width 5: " "
        LayoutInline {SPAN} at (0,0) size 73x18
          LayoutInline {<pseudo:before>} at (0,0) size 73x18
            LayoutCounter (anonymous) at (508,0) size 73x18
              text run at (508,0) width 73: "mmmcdxci"
        LayoutText {#text} at (0,0) size 0x0
      LayoutBlockFlow {DIV} at (0,52) size 784x18
        LayoutText {#text} at (0,0) size 581x18
          text run at (0,0) width 9: "i "
          text run at (8,0) width 14: "ii "
          text run at (21,0) width 18: "iii "
          text run at (38,0) width 18: "iv "
          text run at (55,0) width 13: "v "
          text run at (67,0) width 17: "vi "
          text run at (83,0) width 22: "vii "
          text run at (104,0) width 26: "viii "
          text run at (129,0) width 18: "ix "
          text run at (146,0) width 13: "x "
          text run at (158,0) width 17: "xi "
          text run at (174,0) width 22: "xii "
          text run at (195,0) width 30: "xlix "
          text run at (224,0) width 9: "l "
          text run at (232,0) width 68: "ccclxxxix "
          text run at (299,0) width 41: "cccxc "
          text run at (339,0) width 98: "mmmcdlxxxix "
          text run at (436,0) width 73: "mmmcdxc "
          text run at (508,0) width 73: "mmmcdxci"
