layer at (0,0) size 800x600
  LayoutView at (0,0) size 800x600
layer at (0,0) size 800x94
  LayoutBlockFlow {HTML} at (0,0) size 800x94
    LayoutBlockFlow {BODY} at (8,16) size 784x70
      LayoutBlockFlow {P} at (0,0) size 784x18
        LayoutText {#text} at (0,0) size 237x18
          text run at (0,0) width 237: "The following two lines should look "
        LayoutInline {EM} at (0,0) size 93x18
          LayoutText {#text} at (236,0) size 93x18
            text run at (236,0) width 93: "approximately"
        LayoutText {#text} at (328,0) size 66x18
          text run at (328,0) width 66: " the same:"
      LayoutBlockFlow {DIV} at (0,34) size 784x18
        LayoutInline {SPAN} at (0,0) size 6x18
          LayoutInline {<pseudo:before>} at (0,0) size 6x18
            LayoutCounter (anonymous) at (0,0) size 6x18
              text run at (0,0) width 6: "\x{2022}"
        LayoutText {#text} at (5,0) size 5x18
          text run at (5,0) width 5: " "
        LayoutInline {SPAN} at (0,0) size 7x18
          LayoutInline {<pseudo:before>} at (0,0) size 7x18
            LayoutCounter (anonymous) at (9,0) size 7x18
              text run at (9,0) width 7: "\x{2022}"
        LayoutText {#text} at (15,0) size 5x18
          text run at (15,0) width 5: " "
        LayoutInline {SPAN} at (0,0) size 6x18
          LayoutInline {<pseudo:before>} at (0,0) size 6x18
            LayoutCounter (anonymous) at (19,0) size 6x18
              text run at (19,0) width 6: "\x{2022}"
        LayoutText {#text} at (24,0) size 5x18
          text run at (24,0) width 5: " "
        LayoutInline {SPAN} at (0,0) size 7x18
          LayoutInline {<pseudo:before>} at (0,0) size 7x18
            LayoutCounter (anonymous) at (28,0) size 7x18
              text run at (28,0) width 7: "\x{2022}"
        LayoutText {#text} at (34,0) size 5x18
          text run at (34,0) width 5: " "
        LayoutInline {SPAN} at (0,0) size 6x18
          LayoutInline {<pseudo:before>} at (0,0) size 6x18
            LayoutCounter (anonymous) at (38,0) size 6x18
              text run at (38,0) width 6: "\x{2022}"
        LayoutText {#text} at (43,0) size 5x18
          text run at (43,0) width 5: " "
        LayoutInline {SPAN} at (0,0) size 7x18
          LayoutInline {<pseudo:before>} at (0,0) size 7x18
            LayoutCounter (anonymous) at (47,0) size 7x18
              text run at (47,0) width 7: "\x{2022}"
        LayoutText {#text} at (53,0) size 5x18
          text run at (53,0) width 5: " "
        LayoutInline {SPAN} at (0,0) size 7x18
          LayoutInline {<pseudo:before>} at (0,0) size 7x18
            LayoutCounter (anonymous) at (57,0) size 7x18
              text run at (57,0) width 7: "\x{2022}"
        LayoutText {#text} at (63,0) size 5x18
          text run at (63,0) width 5: " "
        LayoutInline {SPAN} at (0,0) size 6x18
          LayoutInline {<pseudo:before>} at (0,0) size 6x18
            LayoutCounter (anonymous) at (67,0) size 6x18
              text run at (67,0) width 6: "\x{2022}"
        LayoutText {#text} at (72,0) size 5x18
          text run at (72,0) width 5: " "
        LayoutInline {SPAN} at (0,0) size 7x18
          LayoutInline {<pseudo:before>} at (0,0) size 7x18
            LayoutCounter (anonymous) at (76,0) size 7x18
              text run at (76,0) width 7: "\x{2022}"
        LayoutText {#text} at (82,0) size 5x18
          text run at (82,0) width 5: " "
        LayoutInline {SPAN} at (0,0) size 6x18
          LayoutInline {<pseudo:before>} at (0,0) size 6x18
            LayoutCounter (anonymous) at (86,0) size 6x18
              text run at (86,0) width 6: "\x{2022}"
        LayoutText {#text} at (91,0) size 5x18
          text run at (91,0) width 5: " "
        LayoutInline {SPAN} at (0,0) size 7x18
          LayoutInline {<pseudo:before>} at (0,0) size 7x18
            LayoutCounter (anonymous) at (95,0) size 7x18
              text run at (95,0) width 7: "\x{2022}"
        LayoutText {#text} at (101,0) size 5x18
          text run at (101,0) width 5: " "
        LayoutInline {SPAN} at (0,0) size 7x18
          LayoutInline {<pseudo:before>} at (0,0) size 7x18
            LayoutCounter (anonymous) at (105,0) size 7x18
              text run at (105,0) width 7: "\x{2022}"
        LayoutText {#text} at (0,0) size 0x0
      LayoutBlockFlow {DIV} at (0,52) size 784x18
        LayoutText {#text} at (0,0) size 112x18
          text run at (0,0) width 10: "\x{2022} "
          text run at (9,0) width 11: "\x{2022} "
          text run at (19,0) width 10: "\x{2022} "
          text run at (28,0) width 11: "\x{2022} "
          text run at (38,0) width 10: "\x{2022} "
          text run at (47,0) width 11: "\x{2022} "
          text run at (57,0) width 11: "\x{2022} "
          text run at (67,0) width 10: "\x{2022} "
          text run at (76,0) width 11: "\x{2022} "
          text run at (86,0) width 10: "\x{2022} "
          text run at (95,0) width 11: "\x{2022} "
          text run at (105,0) width 7: "\x{2022}"
