layer at (0,0) size 800x600
  LayoutView at (0,0) size 800x600
layer at (0,0) size 800x96
  LayoutBlockFlow {HTML} at (0,0) size 800x96
    LayoutBlockFlow {BODY} at (8,16) size 784x72
      LayoutBlockFlow {P} at (0,0) size 784x18
        LayoutText {#text} at (0,0) size 237x18
          text run at (0,0) width 237: "The following two lines should look "
        LayoutInline {EM} at (0,0) size 93x18
          LayoutText {#text} at (236,0) size 93x18
            text run at (236,0) width 93: "approximately"
        LayoutText {#text} at (328,0) size 66x18
          text run at (328,0) width 66: " the same:"
      LayoutBlockFlow {DIV} at (0,34) size 784x19
        LayoutInline {SPAN} at (0,0) size 23x18
          LayoutInline {<pseudo:before>} at (0,0) size 23x18
            LayoutCounter (anonymous) at (0,1) size 23x18
              text run at (0,1) width 23: "\x{25E6}.\x{25E6}"
        LayoutText {#text} at (22,1) size 5x18
          text run at (22,1) width 5: " "
        LayoutInline {SPAN} at (0,0) size 23x18
          LayoutInline {<pseudo:before>} at (0,0) size 23x18
            LayoutCounter (anonymous) at (26,1) size 23x18
              text run at (26,1) width 23: "\x{25E6}.\x{25E6}"
        LayoutText {#text} at (49,1) size 4x18
          text run at (49,1) width 4: " "
        LayoutInline {SPAN} at (0,0) size 23x18
          LayoutInline {<pseudo:before>} at (0,0) size 23x18
            LayoutCounter (anonymous) at (53,1) size 23x18
              text run at (53,1) width 23: "\x{25E6}.\x{25E6}"
        LayoutText {#text} at (75,1) size 5x18
          text run at (75,1) width 5: " "
        LayoutInline {SPAN} at (0,0) size 23x18
          LayoutInline {<pseudo:before>} at (0,0) size 23x18
            LayoutCounter (anonymous) at (79,1) size 23x18
              text run at (79,1) width 23: "\x{25E6}.\x{25E6}"
        LayoutText {#text} at (102,1) size 4x18
          text run at (102,1) width 4: " "
        LayoutInline {SPAN} at (0,0) size 23x18
          LayoutInline {<pseudo:before>} at (0,0) size 23x18
            LayoutCounter (anonymous) at (106,1) size 23x18
              text run at (106,1) width 23: "\x{25E6}.\x{25E6}"
        LayoutText {#text} at (128,1) size 5x18
          text run at (128,1) width 5: " "
        LayoutInline {SPAN} at (0,0) size 23x18
          LayoutInline {<pseudo:before>} at (0,0) size 23x18
            LayoutCounter (anonymous) at (132,1) size 23x18
              text run at (132,1) width 23: "\x{25E6}.\x{25E6}"
        LayoutText {#text} at (155,1) size 4x18
          text run at (155,1) width 4: " "
        LayoutInline {SPAN} at (0,0) size 23x18
          LayoutInline {<pseudo:before>} at (0,0) size 23x18
            LayoutCounter (anonymous) at (159,1) size 23x18
              text run at (159,1) width 23: "\x{25E6}.\x{25E6}"
        LayoutText {#text} at (181,1) size 5x18
          text run at (181,1) width 5: " "
        LayoutInline {SPAN} at (0,0) size 23x18
          LayoutInline {<pseudo:before>} at (0,0) size 23x18
            LayoutCounter (anonymous) at (185,1) size 23x18
              text run at (185,1) width 23: "\x{25E6}.\x{25E6}"
        LayoutText {#text} at (208,1) size 4x18
          text run at (208,1) width 4: " "
        LayoutInline {SPAN} at (0,0) size 23x18
          LayoutInline {<pseudo:before>} at (0,0) size 23x18
            LayoutCounter (anonymous) at (212,1) size 23x18
              text run at (212,1) width 23: "\x{25E6}.\x{25E6}"
        LayoutText {#text} at (234,1) size 5x18
          text run at (234,1) width 5: " "
        LayoutInline {SPAN} at (0,0) size 23x18
          LayoutInline {<pseudo:before>} at (0,0) size 23x18
            LayoutCounter (anonymous) at (238,1) size 23x18
              text run at (238,1) width 23: "\x{25E6}.\x{25E6}"
        LayoutText {#text} at (261,1) size 4x18
          text run at (261,1) width 4: " "
        LayoutInline {SPAN} at (0,0) size 23x18
          LayoutInline {<pseudo:before>} at (0,0) size 23x18
            LayoutCounter (anonymous) at (265,1) size 23x18
              text run at (265,1) width 23: "\x{25E6}.\x{25E6}"
        LayoutText {#text} at (287,1) size 5x18
          text run at (287,1) width 5: " "
        LayoutInline {SPAN} at (0,0) size 23x18
          LayoutInline {<pseudo:before>} at (0,0) size 23x18
            LayoutCounter (anonymous) at (291,1) size 23x18
              text run at (291,1) width 23: "\x{25E6}.\x{25E6}"
        LayoutText {#text} at (0,0) size 0x0
      LayoutBlockFlow {DIV} at (0,53) size 784x19
        LayoutText {#text} at (0,1) size 314x18
          text run at (0,1) width 27: "\x{25E6}.\x{25E6} "
          text run at (26,1) width 27: "\x{25E6}.\x{25E6} "
          text run at (53,1) width 27: "\x{25E6}.\x{25E6} "
          text run at (79,1) width 27: "\x{25E6}.\x{25E6} "
          text run at (106,1) width 27: "\x{25E6}.\x{25E6} "
          text run at (132,1) width 27: "\x{25E6}.\x{25E6} "
          text run at (159,1) width 27: "\x{25E6}.\x{25E6} "
          text run at (185,1) width 27: "\x{25E6}.\x{25E6} "
          text run at (212,1) width 27: "\x{25E6}.\x{25E6} "
          text run at (238,1) width 27: "\x{25E6}.\x{25E6} "
          text run at (265,1) width 27: "\x{25E6}.\x{25E6} "
          text run at (291,1) width 23: "\x{25E6}.\x{25E6}"
