layer at (0,0) size 800x600 scrollWidth 953
  LayoutView at (0,0) size 800x600
layer at (0,0) size 800x94
  LayoutBlockFlow {HTML} at (0,0) size 800x94
    LayoutBlockFlow {BODY} at (8,16) size 784x70
      LayoutBlockFlow {P} at (0,0) size 784x18
        LayoutText {#text} at (0,0) size 298x18
          text run at (0,0) width 298: "The following two lines should look the same:"
      LayoutBlockFlow {DIV} at (0,34) size 784x18
        LayoutInline {SPAN} at (0,0) size 15x18
          LayoutInline {<pseudo:before>} at (0,0) size 15x18
            LayoutCounter (anonymous) at (0,0) size 15x18
              text run at (0,0) width 15: "I.I"
        LayoutText {#text} at (14,0) size 5x18
          text run at (14,0) width 5: " "
        LayoutInline {SPAN} at (0,0) size 21x18
          LayoutInline {<pseudo:before>} at (0,0) size 21x18
            LayoutCounter (anonymous) at (18,0) size 21x18
              text run at (18,0) width 21: "I.II"
        LayoutText {#text} at (38,0) size 5x18
          text run at (38,0) width 5: " "
        LayoutInline {SPAN} at (0,0) size 26x18
          LayoutInline {<pseudo:before>} at (0,0) size 26x18
            LayoutCounter (anonymous) at (42,0) size 26x18
              text run at (42,0) width 26: "I.III"
        LayoutText {#text} at (67,0) size 5x18
          text run at (67,0) width 5: " "
        LayoutInline {SPAN} at (0,0) size 28x18
          LayoutInline {<pseudo:before>} at (0,0) size 28x18
            LayoutCounter (anonymous) at (71,0) size 28x18
              text run at (71,0) width 28: "I.IV"
        LayoutText {#text} at (98,0) size 5x18
          text run at (98,0) width 5: " "
        LayoutInline {SPAN} at (0,0) size 22x18
          LayoutInline {<pseudo:before>} at (0,0) size 22x18
            LayoutCounter (anonymous) at (102,0) size 22x18
              text run at (102,0) width 22: "I.V"
        LayoutText {#text} at (123,0) size 5x18
          text run at (123,0) width 5: " "
        LayoutInline {SPAN} at (0,0) size 27x18
          LayoutInline {<pseudo:before>} at (0,0) size 27x18
            LayoutCounter (anonymous) at (127,0) size 27x18
              text run at (127,0) width 27: "I.VI"
        LayoutText {#text} at (153,0) size 5x18
          text run at (153,0) width 5: " "
        LayoutInline {SPAN} at (0,0) size 32x18
          LayoutInline {<pseudo:before>} at (0,0) size 32x18
            LayoutCounter (anonymous) at (157,0) size 32x18
              text run at (157,0) width 32: "I.VII"
        LayoutText {#text} at (188,0) size 5x18
          text run at (188,0) width 5: " "
        LayoutInline {SPAN} at (0,0) size 38x18
          LayoutInline {<pseudo:before>} at (0,0) size 38x18
            LayoutCounter (anonymous) at (192,0) size 38x18
              text run at (192,0) width 38: "I.VIII"
        LayoutText {#text} at (229,0) size 5x18
          text run at (229,0) width 5: " "
        LayoutInline {SPAN} at (0,0) size 27x18
          LayoutInline {<pseudo:before>} at (0,0) size 27x18
            LayoutCounter (anonymous) at (233,0) size 27x18
              text run at (233,0) width 27: "I.IX"
        LayoutText {#text} at (259,0) size 5x18
          text run at (259,0) width 5: " "
        LayoutInline {SPAN} at (0,0) size 22x18
          LayoutInline {<pseudo:before>} at (0,0) size 22x18
            LayoutCounter (anonymous) at (263,0) size 22x18
              text run at (263,0) width 22: "I.X"
        LayoutText {#text} at (284,0) size 5x18
          text run at (284,0) width 5: " "
        LayoutInline {SPAN} at (0,0) size 27x18
          LayoutInline {<pseudo:before>} at (0,0) size 27x18
            LayoutCounter (anonymous) at (288,0) size 27x18
              text run at (288,0) width 27: "I.XI"
        LayoutText {#text} at (314,0) size 5x18
          text run at (314,0) width 5: " "
        LayoutInline {SPAN} at (0,0) size 33x18
          LayoutInline {<pseudo:before>} at (0,0) size 33x18
            LayoutCounter (anonymous) at (318,0) size 33x18
              text run at (318,0) width 33: "I.XII"
        LayoutText {#text} at (350,0) size 5x18
          text run at (350,0) width 5: " "
        LayoutInline {SPAN} at (0,0) size 48x18
          LayoutInline {<pseudo:before>} at (0,0) size 48x18
            LayoutCounter (anonymous) at (354,0) size 48x18
              text run at (354,0) width 48: "I.XLIX"
        LayoutText {#text} at (401,0) size 5x18
          text run at (401,0) width 5: " "
        LayoutInline {SPAN} at (0,0) size 21x18
          LayoutInline {<pseudo:before>} at (0,0) size 21x18
            LayoutCounter (anonymous) at (405,0) size 21x18
              text run at (405,0) width 21: "I.L"
        LayoutText {#text} at (425,0) size 5x18
          text run at (425,0) width 5: " "
        LayoutInline {SPAN} at (0,0) size 103x18
          LayoutInline {<pseudo:before>} at (0,0) size 103x18
            LayoutCounter (anonymous) at (429,0) size 103x18
              text run at (429,0) width 103: "I.CCCLXXXIX"
        LayoutText {#text} at (531,0) size 5x18
          text run at (531,0) width 5: " "
        LayoutInline {SPAN} at (0,0) size 65x18
          LayoutInline {<pseudo:before>} at (0,0) size 65x18
            LayoutCounter (anonymous) at (535,0) size 65x18
              text run at (535,0) width 65: "I.CCCXC"
        LayoutText {#text} at (599,0) size 5x18
          text run at (599,0) width 5: " "
        LayoutInline {SPAN} at (0,0) size 136x18
          LayoutInline {<pseudo:before>} at (0,0) size 136x18
            LayoutCounter (anonymous) at (603,0) size 136x18
              text run at (603,0) width 136: "I.MMMCDLXXXIX"
        LayoutText {#text} at (738,0) size 5x18
          text run at (738,0) width 5: " "
        LayoutInline {SPAN} at (0,0) size 98x18
          LayoutInline {<pseudo:before>} at (0,0) size 98x18
            LayoutCounter (anonymous) at (742,0) size 98x18
              text run at (742,0) width 98: "I.MMMCDXC"
        LayoutText {#text} at (839,0) size 5x18
          text run at (839,0) width 5: " "
        LayoutInline {SPAN} at (0,0) size 103x18
          LayoutInline {<pseudo:before>} at (0,0) size 103x18
            LayoutCounter (anonymous) at (843,0) size 103x18
              text run at (843,0) width 103: "I.MMMCDXCI"
        LayoutText {#text} at (0,0) size 0x0
      LayoutBlockFlow {DIV} at (0,52) size 784x18
        LayoutText {#text} at (0,0) size 946x18
          text run at (0,0) width 19: "I.I "
          text run at (18,0) width 25: "I.II "
          text run at (42,0) width 30: "I.III "
          text run at (71,0) width 32: "I.IV "
          text run at (102,0) width 26: "I.V "
          text run at (127,0) width 31: "I.VI "
          text run at (157,0) width 36: "I.VII "
          text run at (192,0) width 42: "I.VIII "
          text run at (233,0) width 31: "I.IX "
          text run at (263,0) width 26: "I.X "
          text run at (288,0) width 31: "I.XI "
          text run at (318,0) width 37: "I.XII "
          text run at (354,0) width 52: "I.XLIX "
          text run at (405,0) width 25: "I.L "
          text run at (429,0) width 107: "I.CCCLXXXIX "
          text run at (535,0) width 69: "I.CCCXC "
          text run at (603,0) width 140: "I.MMMCDLXXXIX "
          text run at (742,0) width 102: "I.MMMCDXC "
          text run at (843,0) width 103: "I.MMMCDXCI"
