layer at (0,0) size 800x600
  LayoutView at (0,0) size 800x600
layer at (0,0) size 800x400
  LayoutBlockFlow {HTML} at (0,0) size 800x400
    LayoutBlockFlow {BODY} at (8,16) size 784x368 [color=#000080]
      LayoutBlockFlow {P} at (0,0) size 784x18
        LayoutText {#text} at (0,0) size 396x18
          text run at (0,0) width 396: "The two columns should look the same, except for alignment."
      LayoutBlockFlow {OL} at (0,34) size 784x54
        LayoutListItem {LI} at (40,0) size 744x18
          LayoutListMarker (anonymous) at (-12.44,0) size 12.44x18: "i"
          LayoutText {#text} at (0,0) size 9x18
            text run at (0,0) width 9: "i."
        LayoutListItem {LI} at (40,18) size 744x18
          LayoutListMarker (anonymous) at (-16.89,0) size 16.89x18: "ii"
          LayoutText {#text} at (0,0) size 13x18
            text run at (0,0) width 13: "ii."
        LayoutListItem {LI} at (40,36) size 744x18
          LayoutListMarker (anonymous) at (-21.33,0) size 21.33x18: "iii"
          LayoutText {#text} at (0,0) size 18x18
            text run at (0,0) width 18: "iii."
      LayoutBlockFlow {OL} at (0,104) size 784x54
        LayoutListItem {LI} at (40,0) size 744x18
          LayoutListMarker (anonymous) at (-13.33,0) size 13.33x18: "I"
          LayoutText {#text} at (0,0) size 10x18
            text run at (0,0) width 10: "I."
        LayoutListItem {LI} at (40,18) size 744x18
          LayoutListMarker (anonymous) at (-18.66,0) size 18.66x18: "II"
          LayoutText {#text} at (0,0) size 15x18
            text run at (0,0) width 15: "II."
        LayoutListItem {LI} at (40,36) size 744x18
          LayoutListMarker (anonymous) at (-23.98,0) size 23.98x18: "III"
          LayoutText {#text} at (0,0) size 20x18
            text run at (0,0) width 20: "III."
      LayoutBlockFlow {OL} at (0,174) size 784x54
        LayoutListItem {LI} at (40,0) size 744x18
          LayoutListMarker (anonymous) at (-15.09,0) size 15.09x18: "a"
          LayoutText {#text} at (0,0) size 12x18
            text run at (0,0) width 12: "a."
        LayoutListItem {LI} at (40,18) size 744x18
          LayoutListMarker (anonymous) at (-16,0) size 16x18: "b"
          LayoutText {#text} at (0,0) size 12x18
            text run at (0,0) width 12: "b."
        LayoutListItem {LI} at (40,36) size 744x18
          LayoutListMarker (anonymous) at (-15.09,0) size 15.09x18: "c"
          LayoutText {#text} at (0,0) size 12x18
            text run at (0,0) width 12: "c."
      LayoutBlockFlow {OL} at (0,244) size 784x54
        LayoutListItem {LI} at (40,0) size 744x18
          LayoutListMarker (anonymous) at (-19.55,0) size 19.55x18: "A"
          LayoutText {#text} at (0,0) size 16x18
            text run at (0,0) width 16: "A."
        LayoutListItem {LI} at (40,18) size 744x18
          LayoutListMarker (anonymous) at (-18.67,0) size 18.67x18: "B"
          LayoutText {#text} at (0,0) size 15x18
            text run at (0,0) width 15: "B."
        LayoutListItem {LI} at (40,36) size 744x18
          LayoutListMarker (anonymous) at (-18.67,0) size 18.67x18: "C"
          LayoutText {#text} at (0,0) size 15x18
            text run at (0,0) width 15: "C."
      LayoutBlockFlow {OL} at (0,314) size 784x54
        LayoutListItem {LI} at (40,0) size 744x18
          LayoutListMarker (anonymous) at (-19.55,0) size 19.55x18: "A"
          LayoutText {#text} at (0,0) size 16x18
            text run at (0,0) width 16: "A."
        LayoutListItem {LI} at (40,18) size 744x18
          LayoutListMarker (anonymous) at (-18.67,0) size 18.67x18: "B"
          LayoutText {#text} at (0,0) size 15x18
            text run at (0,0) width 15: "B."
        LayoutListItem {LI} at (40,36) size 744x18
          LayoutListMarker (anonymous) at (-16,0) size 16x18: "3"
          LayoutText {#text} at (0,0) size 12x18
            text run at (0,0) width 12: "3."
