layer at (0,0) size 800x600
  LayoutView at (0,0) size 800x600
layer at (0,0) size 800x127
  LayoutBlockFlow {HTML} at (0,0) size 800x127
    LayoutBlockFlow {BODY} at (8,8) size 784x111
      LayoutBlockFlow {UL} at (0,0) size 784x111 [color=#FF0000]
        LayoutListItem {LI} at (48,48) size 688x15
          LayoutListMarker (anonymous) at (-22,0) size 15x15
          LayoutImage {IMG} at (15,0) size 15x15
          LayoutText {#text} at (30,1) size 4x18
            text run at (30,1) width 4: " "
          LayoutInline {SPAN} at (0,0) size 365x18 [color=#000000]
            LayoutText {#text} at (34,1) size 365x18
              text run at (34,1) width 365: "\x{21E6} There should be a green square to the left, and no red."
