layer at (0,0) size 800x600
  LayoutView at (0,0) size 800x600
layer at (0,0) size 800x94
  LayoutBlockFlow {HTML} at (0,0) size 800x94
    LayoutBlockFlow {BODY} at (8,16) size 784x70
      LayoutBlockFlow {P} at (0,0) size 784x18
        LayoutText {#text} at (0,0) size 298x18
          text run at (0,0) width 298: "The following two lines should look the same:"
      LayoutBlockFlow {DIV} at (0,34) size 784x18
        LayoutInline {SPAN} at (0,0) size 8x18
          LayoutInline {<pseudo:before>} at (0,0) size 8x18
            LayoutCounter (anonymous) at (0,0) size 8x18
              text run at (0,0) width 8: "a"
        LayoutText {#text} at (7,0) size 5x18
          text run at (7,0) width 5: " "
        LayoutInline {SPAN} at (0,0) size 9x18
          LayoutInline {<pseudo:before>} at (0,0) size 9x18
            LayoutCounter (anonymous) at (11,0) size 9x18
              text run at (11,0) width 9: "b"
        LayoutText {#text} at (19,0) size 5x18
          text run at (19,0) width 5: " "
        LayoutInline {SPAN} at (0,0) size 8x18
          LayoutInline {<pseudo:before>} at (0,0) size 8x18
            LayoutCounter (anonymous) at (23,0) size 8x18
              text run at (23,0) width 8: "c"
        LayoutText {#text} at (30,0) size 5x18
          text run at (30,0) width 5: " "
        LayoutInline {SPAN} at (0,0) size 9x18
          LayoutInline {<pseudo:before>} at (0,0) size 9x18
            LayoutCounter (anonymous) at (34,0) size 9x18
              text run at (34,0) width 9: "d"
        LayoutText {#text} at (42,0) size 5x18
          text run at (42,0) width 5: " "
        LayoutInline {SPAN} at (0,0) size 8x18
          LayoutInline {<pseudo:before>} at (0,0) size 8x18
            LayoutCounter (anonymous) at (46,0) size 8x18
              text run at (46,0) width 8: "e"
        LayoutText {#text} at (53,0) size 5x18
          text run at (53,0) width 5: " "
        LayoutInline {SPAN} at (0,0) size 6x18
          LayoutInline {<pseudo:before>} at (0,0) size 6x18
            LayoutCounter (anonymous) at (57,0) size 6x18
              text run at (57,0) width 6: "f"
        LayoutText {#text} at (62,0) size 5x18
          text run at (62,0) width 5: " "
        LayoutInline {SPAN} at (0,0) size 9x18
          LayoutInline {<pseudo:before>} at (0,0) size 9x18
            LayoutCounter (anonymous) at (66,0) size 9x18
              text run at (66,0) width 9: "g"
        LayoutText {#text} at (74,0) size 5x18
          text run at (74,0) width 5: " "
        LayoutInline {SPAN} at (0,0) size 9x18
          LayoutInline {<pseudo:before>} at (0,0) size 9x18
            LayoutCounter (anonymous) at (78,0) size 9x18
              text run at (78,0) width 9: "h"
        LayoutText {#text} at (86,0) size 5x18
          text run at (86,0) width 5: " "
        LayoutInline {SPAN} at (0,0) size 6x18
          LayoutInline {<pseudo:before>} at (0,0) size 6x18
            LayoutCounter (anonymous) at (90,0) size 6x18
              text run at (90,0) width 6: "i"
        LayoutText {#text} at (95,0) size 5x18
          text run at (95,0) width 5: " "
        LayoutInline {SPAN} at (0,0) size 5x18
          LayoutInline {<pseudo:before>} at (0,0) size 5x18
            LayoutCounter (anonymous) at (99,0) size 5x18
              text run at (99,0) width 5: "j"
        LayoutText {#text} at (103,0) size 5x18
          text run at (103,0) width 5: " "
        LayoutInline {SPAN} at (0,0) size 9x18
          LayoutInline {<pseudo:before>} at (0,0) size 9x18
            LayoutCounter (anonymous) at (107,0) size 9x18
              text run at (107,0) width 9: "k"
        LayoutText {#text} at (115,0) size 5x18
          text run at (115,0) width 5: " "
        LayoutInline {SPAN} at (0,0) size 5x18
          LayoutInline {<pseudo:before>} at (0,0) size 5x18
            LayoutCounter (anonymous) at (119,0) size 5x18
              text run at (119,0) width 5: "l"
        LayoutText {#text} at (0,0) size 0x0
      LayoutBlockFlow {DIV} at (0,52) size 784x18
        LayoutText {#text} at (0,0) size 124x18
          text run at (0,0) width 12: "a "
          text run at (11,0) width 13: "b "
          text run at (23,0) width 12: "c "
          text run at (34,0) width 13: "d "
          text run at (46,0) width 12: "e "
          text run at (57,0) width 10: "f "
          text run at (66,0) width 13: "g "
          text run at (78,0) width 13: "h "
          text run at (90,0) width 10: "i "
          text run at (99,0) width 9: "j "
          text run at (107,0) width 13: "k "
          text run at (119,0) width 5: "l"
