layer at (0,0) size 800x600
  LayoutView at (0,0) size 800x600
layer at (0,0) size 800x94
  LayoutBlockFlow {HTML} at (0,0) size 800x94
    LayoutBlockFlow {BODY} at (8,16) size 784x70
      LayoutBlockFlow {P} at (0,0) size 784x18
        LayoutText {#text} at (0,0) size 283x18
          text run at (0,0) width 283: "The following two lines should be identical:"
      LayoutBlockFlow {DIV} at (0,34) size 784x18
        LayoutInline {SPAN} at (0,0) size 35x18
          LayoutInline {<pseudo:before>} at (0,0) size 11x18
            LayoutTextFragment (anonymous) at (0,0) size 11x18
              text run at (0,0) width 11: "B"
          LayoutInline {SPAN} at (0,0) size 13x18
            LayoutInline {<pseudo:before>} at (0,0) size 13x18
              LayoutCounter (anonymous) at (10,0) size 9x18
                text run at (10,0) width 9: "1"
              LayoutTextFragment (anonymous) at (18,0) size 5x18
                text run at (18,0) width 5: " "
          LayoutInline {SPAN} at (0,0) size 13x18
            LayoutInline {SPAN} at (0,0) size 13x18
              LayoutInline {<pseudo:before>} at (0,0) size 13x18
                LayoutCounter (anonymous) at (22,0) size 9x18
                  text run at (22,0) width 9: "0"
                LayoutTextFragment (anonymous) at (30,0) size 5x18
                  text run at (30,0) width 5: " "
        LayoutInline {SPAN} at (0,0) size 33x18
          LayoutInline {SPAN} at (0,0) size 13x18
            LayoutInline {<pseudo:before>} at (0,0) size 13x18
              LayoutCounter (anonymous) at (34,0) size 9x18
                text run at (34,0) width 9: "1"
              LayoutTextFragment (anonymous) at (42,0) size 5x18
                text run at (42,0) width 5: " "
          LayoutInline {SPAN} at (0,0) size 21x18
            LayoutInline {SPAN} at (0,0) size 21x18
              LayoutInline {<pseudo:before>} at (0,0) size 21x18
                LayoutCounter (anonymous) at (46,0) size 21x18
                  text run at (46,0) width 21: "1.0"
                LayoutTextFragment (anonymous) at (0,0) size 0x0
      LayoutBlockFlow {DIV} at (0,52) size 784x18
        LayoutText {#text} at (0,0) size 67x18
          text run at (0,0) width 67: "B1 0 1 1.0"
