layer at (0,0) size 800x600
  LayoutView at (0,0) size 800x600
layer at (0,0) size 800x94
  LayoutBlockFlow {HTML} at (0,0) size 800x94
    LayoutBlockFlow {BODY} at (8,16) size 784x70
      LayoutBlockFlow {P} at (0,0) size 784x18
        LayoutText {#text} at (0,0) size 298x18
          text run at (0,0) width 298: "The following two lines should look the same:"
      LayoutBlockFlow {DIV} at (0,34) size 784x18
        LayoutInline {SPAN} at (0,0) size 34x18
          LayoutInline {<pseudo:before>} at (0,0) size 34x18
            LayoutCounter (anonymous) at (0,0) size 20x18
              text run at (0,0) width 20: "1.1"
            LayoutTextFragment (anonymous) at (20,0) size 14x18
              text run at (20,0) width 14: " - "
        LayoutInline {SPAN} at (0,0) size 30x18
          LayoutInline {<pseudo:before>} at (0,0) size 30x18
            LayoutCounter (anonymous) at (33,0) size 17x18
              text run at (33,0) width 17: "12"
            LayoutTextFragment (anonymous) at (49,0) size 14x18
              text run at (49,0) width 14: " - "
        LayoutInline {SPAN} at (0,0) size 100x18
          LayoutInline {<pseudo:before>} at (0,0) size 100x18
            LayoutCounter (anonymous) at (62,0) size 21x18
              text run at (62,0) width 21: "1.3"
            LayoutTextFragment (anonymous) at (82,0) size 26x18
              text run at (82,0) width 16: "-- "
              text run at (97,0) width 11: "--"
            LayoutCounter (anonymous) at (107,0) size 55x18
              text run at (107,0) width 55: "1-------3"
      LayoutBlockFlow {DIV} at (0,52) size 784x18
        LayoutText {#text} at (0,0) size 162x18
          text run at (0,0) width 98: "1.1 - 12 - 1.3-- "
          text run at (97,0) width 65: "--1-------3"
