layer at (0,0) size 800x600
  LayoutView at (0,0) size 800x600
layer at (0,0) size 800x116
  LayoutBlockFlow {HTML} at (0,0) size 800x116
    LayoutBlockFlow {BODY} at (8,16) size 784x85
      LayoutBlockFlow {P} at (0,0) size 784x18
        LayoutText {#text} at (0,0) size 194x18
          text run at (0,0) width 194: "There should be no red below."
      LayoutBlockFlow {UL} at (75,34) size 96x51 [color=#00FF00] [bgcolor=#FF0000] [border: (3px solid #000000)]
        LayoutListItem {LI} at (3,3) size 90x45
          LayoutListMarker (anonymous) at (0,0) size 45x15: "A"
          LayoutText {#text} at (45,0) size 90x45
            text run at (45,0) width 45: "x x"
            text run at (0,15) width 75: "xx xx"
            text run at (0,30) width 45: "x x"
