layer at (0,0) size 800x600
  LayoutView at (0,0) size 800x600
layer at (0,0) size 800x94
  LayoutBlockFlow {HTML} at (0,0) size 800x94
    LayoutBlockFlow {BODY} at (8,16) size 784x70
      LayoutBlockFlow {P} at (0,0) size 784x18
        LayoutText {#text} at (0,0) size 237x18
          text run at (0,0) width 237: "The following two lines should look "
        LayoutInline {EM} at (0,0) size 93x18
          LayoutText {#text} at (236,0) size 93x18
            text run at (236,0) width 93: "approximately"
        LayoutText {#text} at (328,0) size 66x18
          text run at (328,0) width 66: " the same:"
      LayoutBlockFlow {DIV} at (0,34) size 784x18
        LayoutInline {SPAN} at (0,0) size 16x18
          LayoutInline {<pseudo:before>} at (0,0) size 16x18
            LayoutCounter (anonymous) at (0,0) size 16x18
              text run at (0,0) width 16: "\x{2022}.\x{2022}"
        LayoutText {#text} at (15,0) size 5x18
          text run at (15,0) width 5: " "
        LayoutInline {SPAN} at (0,0) size 16x18
          LayoutInline {<pseudo:before>} at (0,0) size 16x18
            LayoutCounter (anonymous) at (19,0) size 16x18
              text run at (19,0) width 16: "\x{2022}.\x{2022}"
        LayoutText {#text} at (34,0) size 5x18
          text run at (34,0) width 5: " "
        LayoutInline {SPAN} at (0,0) size 16x18
          LayoutInline {<pseudo:before>} at (0,0) size 16x18
            LayoutCounter (anonymous) at (38,0) size 16x18
              text run at (38,0) width 16: "\x{2022}.\x{2022}"
        LayoutText {#text} at (53,0) size 5x18
          text run at (53,0) width 5: " "
        LayoutInline {SPAN} at (0,0) size 16x18
          LayoutInline {<pseudo:before>} at (0,0) size 16x18
            LayoutCounter (anonymous) at (57,0) size 16x18
              text run at (57,0) width 16: "\x{2022}.\x{2022}"
        LayoutText {#text} at (72,0) size 5x18
          text run at (72,0) width 5: " "
        LayoutInline {SPAN} at (0,0) size 17x18
          LayoutInline {<pseudo:before>} at (0,0) size 17x18
            LayoutCounter (anonymous) at (76,0) size 17x18
              text run at (76,0) width 17: "\x{2022}.\x{2022}"
        LayoutText {#text} at (92,0) size 5x18
          text run at (92,0) width 5: " "
        LayoutInline {SPAN} at (0,0) size 16x18
          LayoutInline {<pseudo:before>} at (0,0) size 16x18
            LayoutCounter (anonymous) at (96,0) size 16x18
              text run at (96,0) width 16: "\x{2022}.\x{2022}"
        LayoutText {#text} at (111,0) size 5x18
          text run at (111,0) width 5: " "
        LayoutInline {SPAN} at (0,0) size 16x18
          LayoutInline {<pseudo:before>} at (0,0) size 16x18
            LayoutCounter (anonymous) at (115,0) size 16x18
              text run at (115,0) width 16: "\x{2022}.\x{2022}"
        LayoutText {#text} at (130,0) size 5x18
          text run at (130,0) width 5: " "
        LayoutInline {SPAN} at (0,0) size 16x18
          LayoutInline {<pseudo:before>} at (0,0) size 16x18
            LayoutCounter (anonymous) at (134,0) size 16x18
              text run at (134,0) width 16: "\x{2022}.\x{2022}"
        LayoutText {#text} at (149,0) size 5x18
          text run at (149,0) width 5: " "
        LayoutInline {SPAN} at (0,0) size 16x18
          LayoutInline {<pseudo:before>} at (0,0) size 16x18
            LayoutCounter (anonymous) at (153,0) size 16x18
              text run at (153,0) width 16: "\x{2022}.\x{2022}"
        LayoutText {#text} at (168,0) size 5x18
          text run at (168,0) width 5: " "
        LayoutInline {SPAN} at (0,0) size 17x18
          LayoutInline {<pseudo:before>} at (0,0) size 17x18
            LayoutCounter (anonymous) at (172,0) size 17x18
              text run at (172,0) width 17: "\x{2022}.\x{2022}"
        LayoutText {#text} at (188,0) size 5x18
          text run at (188,0) width 5: " "
        LayoutInline {SPAN} at (0,0) size 16x18
          LayoutInline {<pseudo:before>} at (0,0) size 16x18
            LayoutCounter (anonymous) at (192,0) size 16x18
              text run at (192,0) width 16: "\x{2022}.\x{2022}"
        LayoutText {#text} at (207,0) size 5x18
          text run at (207,0) width 5: " "
        LayoutInline {SPAN} at (0,0) size 16x18
          LayoutInline {<pseudo:before>} at (0,0) size 16x18
            LayoutCounter (anonymous) at (211,0) size 16x18
              text run at (211,0) width 16: "\x{2022}.\x{2022}"
        LayoutText {#text} at (0,0) size 0x0
      LayoutBlockFlow {DIV} at (0,52) size 784x18
        LayoutText {#text} at (0,0) size 227x18
          text run at (0,0) width 20: "\x{2022}.\x{2022} "
          text run at (19,0) width 20: "\x{2022}.\x{2022} "
          text run at (38,0) width 20: "\x{2022}.\x{2022} "
          text run at (57,0) width 20: "\x{2022}.\x{2022} "
          text run at (76,0) width 21: "\x{2022}.\x{2022} "
          text run at (96,0) width 20: "\x{2022}.\x{2022} "
          text run at (115,0) width 20: "\x{2022}.\x{2022} "
          text run at (134,0) width 20: "\x{2022}.\x{2022} "
          text run at (153,0) width 20: "\x{2022}.\x{2022} "
          text run at (172,0) width 21: "\x{2022}.\x{2022} "
          text run at (192,0) width 20: "\x{2022}.\x{2022} "
          text run at (211,0) width 16: "\x{2022}.\x{2022}"
