layer at (0,0) size 800x600
  LayoutView at (0,0) size 800x600
layer at (0,0) size 800x202
  LayoutBlockFlow {HTML} at (0,0) size 800x202
    LayoutBlockFlow {BODY} at (8,16) size 784x178
      LayoutBlockFlow {P} at (0,0) size 784x18 [color=#000080]
        LayoutText {#text} at (0,0) size 772x18
          text run at (0,0) width 772: "There should be eight numbered lines below, all identical except for the numbering, which should match the description."
      LayoutListItem {DIV} at (0,34) size 784x18 [color=#000080]
        LayoutListMarker (anonymous) at (0,0) size 16x18: "1"
        LayoutText {#text} at (16,0) size 154x18
          text run at (16,0) width 154: "This should be line one."
      LayoutBlockFlow {DIV} at (0,52) size 784x18 [color=#000080]
        LayoutText {#text} at (0,0) size 171x18
          text run at (0,0) width 171: "2. This should be line two."
      LayoutBlockFlow (anonymous) at (0,70) size 784x18
        LayoutInline {DIV} at (0,0) size 96x18 [color=#000080]
          LayoutText {#text} at (0,0) size 96x18
            text run at (0,0) width 96: "3. This should "
        LayoutText {#text} at (0,0) size 0x0
        LayoutInline {DIV} at (0,0) size 84x18 [color=#000080]
          LayoutText {#text} at (95,0) size 84x18
            text run at (95,0) width 84: "be line three."
        LayoutText {#text} at (0,0) size 0x0
      LayoutBlockFlow {DIV} at (0,88) size 784x18 [color=#000080]
        LayoutText {#text} at (0,0) size 172x18
          text run at (0,0) width 172: "4. This should be line four."
      LayoutBlockFlow {DIV} at (0,106) size 784x18 [color=#000080]
        LayoutText {#text} at (0,0) size 171x18
          text run at (0,0) width 171: "5. This should be line five."
      LayoutBlockFlow {DIV} at (0,124) size 784x54 [color=#000080]
        LayoutBlockFlow (anonymous) at (0,0) size 784x18
          LayoutText {#text} at (0,0) size 165x18
            text run at (0,0) width 165: "6. This should be line six."
        LayoutBlockFlow {A} at (0,18) size 784x18
          LayoutText {#text} at (0,0) size 183x18
            text run at (0,0) width 183: "7. This should be line seven."
        LayoutBlockFlow (anonymous) at (0,36) size 784x18
          LayoutText {#text} at (0,0) size 179x18
            text run at (0,0) width 179: "8. This should be line eight."
