layer at (0,0) size 800x600
  LayoutView at (0,0) size 800x600
layer at (0,0) size 800x94
  LayoutBlockFlow {HTML} at (0,0) size 800x94
    LayoutBlockFlow {BODY} at (8,16) size 784x70
      LayoutBlockFlow {P} at (0,0) size 784x18
        LayoutText {#text} at (0,0) size 237x18
          text run at (0,0) width 237: "The following two lines should look "
        LayoutInline {EM} at (0,0) size 93x18
          LayoutText {#text} at (236,0) size 93x18
            text run at (236,0) width 93: "approximately"
        LayoutText {#text} at (328,0) size 66x18
          text run at (328,0) width 66: " the same:"
      LayoutBlockFlow {DIV} at (0,34) size 784x18
        LayoutInline {SPAN} at (0,0) size 8x18
          LayoutInline {<pseudo:before>} at (0,0) size 8x18
            LayoutCounter (anonymous) at (0,0) size 0x0
            LayoutTextFragment (anonymous) at (0,0) size 8x18
              text run at (0,0) width 8: "z"
        LayoutText {#text} at (7,0) size 5x18
          text run at (7,0) width 5: " "
        LayoutInline {SPAN} at (0,0) size 8x18
          LayoutInline {<pseudo:before>} at (0,0) size 8x18
            LayoutCounter (anonymous) at (0,0) size 0x0
            LayoutTextFragment (anonymous) at (11,0) size 8x18
              text run at (11,0) width 8: "z"
        LayoutText {#text} at (18,0) size 5x18
          text run at (18,0) width 5: " "
        LayoutInline {SPAN} at (0,0) size 8x18
          LayoutInline {<pseudo:before>} at (0,0) size 8x18
            LayoutCounter (anonymous) at (0,0) size 0x0
            LayoutTextFragment (anonymous) at (22,0) size 8x18
              text run at (22,0) width 8: "z"
        LayoutText {#text} at (29,0) size 5x18
          text run at (29,0) width 5: " "
        LayoutInline {SPAN} at (0,0) size 8x18
          LayoutInline {<pseudo:before>} at (0,0) size 8x18
            LayoutCounter (anonymous) at (0,0) size 0x0
            LayoutTextFragment (anonymous) at (33,0) size 8x18
              text run at (33,0) width 8: "z"
        LayoutText {#text} at (40,0) size 5x18
          text run at (40,0) width 5: " "
        LayoutInline {SPAN} at (0,0) size 8x18
          LayoutInline {<pseudo:before>} at (0,0) size 8x18
            LayoutCounter (anonymous) at (0,0) size 0x0
            LayoutTextFragment (anonymous) at (44,0) size 8x18
              text run at (44,0) width 8: "z"
        LayoutText {#text} at (51,0) size 5x18
          text run at (51,0) width 5: " "
        LayoutInline {SPAN} at (0,0) size 8x18
          LayoutInline {<pseudo:before>} at (0,0) size 8x18
            LayoutCounter (anonymous) at (0,0) size 0x0
            LayoutTextFragment (anonymous) at (55,0) size 8x18
              text run at (55,0) width 8: "z"
        LayoutText {#text} at (62,0) size 5x18
          text run at (62,0) width 5: " "
        LayoutInline {SPAN} at (0,0) size 8x18
          LayoutInline {<pseudo:before>} at (0,0) size 8x18
            LayoutCounter (anonymous) at (0,0) size 0x0
            LayoutTextFragment (anonymous) at (66,0) size 8x18
              text run at (66,0) width 8: "z"
        LayoutText {#text} at (73,0) size 5x18
          text run at (73,0) width 5: " "
        LayoutInline {SPAN} at (0,0) size 8x18
          LayoutInline {<pseudo:before>} at (0,0) size 8x18
            LayoutCounter (anonymous) at (0,0) size 0x0
            LayoutTextFragment (anonymous) at (77,0) size 8x18
              text run at (77,0) width 8: "z"
        LayoutText {#text} at (84,0) size 5x18
          text run at (84,0) width 5: " "
        LayoutInline {SPAN} at (0,0) size 8x18
          LayoutInline {<pseudo:before>} at (0,0) size 8x18
            LayoutCounter (anonymous) at (0,0) size 0x0
            LayoutTextFragment (anonymous) at (88,0) size 8x18
              text run at (88,0) width 8: "z"
        LayoutText {#text} at (95,0) size 5x18
          text run at (95,0) width 5: " "
        LayoutInline {SPAN} at (0,0) size 8x18
          LayoutInline {<pseudo:before>} at (0,0) size 8x18
            LayoutCounter (anonymous) at (0,0) size 0x0
            LayoutTextFragment (anonymous) at (99,0) size 8x18
              text run at (99,0) width 8: "z"
        LayoutText {#text} at (106,0) size 5x18
          text run at (106,0) width 5: " "
        LayoutInline {SPAN} at (0,0) size 9x18
          LayoutInline {<pseudo:before>} at (0,0) size 9x18
            LayoutCounter (anonymous) at (0,0) size 0x0
            LayoutTextFragment (anonymous) at (110,0) size 9x18
              text run at (110,0) width 9: "z"
        LayoutText {#text} at (118,0) size 5x18
          text run at (118,0) width 5: " "
        LayoutInline {SPAN} at (0,0) size 8x18
          LayoutInline {<pseudo:before>} at (0,0) size 8x18
            LayoutCounter (anonymous) at (0,0) size 0x0
            LayoutTextFragment (anonymous) at (122,0) size 8x18
              text run at (122,0) width 8: "z"
        LayoutText {#text} at (0,0) size 0x0
      LayoutBlockFlow {DIV} at (0,52) size 784x18
        LayoutText {#text} at (0,0) size 130x18
          text run at (0,0) width 12: "z "
          text run at (11,0) width 12: "z "
          text run at (22,0) width 12: "z "
          text run at (33,0) width 12: "z "
          text run at (44,0) width 12: "z "
          text run at (55,0) width 12: "z "
          text run at (66,0) width 12: "z "
          text run at (77,0) width 12: "z "
          text run at (88,0) width 12: "z "
          text run at (99,0) width 12: "z "
          text run at (110,0) width 13: "z "
          text run at (122,0) width 8: "z"
