layer at (0,0) size 800x600
  LayoutView at (0,0) size 800x600
layer at (0,0) size 800x134
  LayoutBlockFlow {HTML} at (0,0) size 800x134
    LayoutBlockFlow {BODY} at (8,16) size 784x110
      LayoutBlockFlow {P} at (0,0) size 784x18
        LayoutText {#text} at (0,0) size 240x18
          text run at (0,0) width 240: "There should be a green block below."
      LayoutBlockFlow {DIV} at (0,34) size 160x76 [color=#008000] [bgcolor=#FF0000] [border: (3px solid #000000)]
        LayoutBlockFlow {DIV} at (3,3) size 154x70
          LayoutText {#text} at (0,0) size 154x70
            text run at (0,0) width 154: "  _  _  _  "
            text run at (0,14) width 154: "  _  _  _  "
            text run at (0,28) width 154: "__ __ __ __"
            text run at (0,42) width 154: "  _  _  _  "
            text run at (0,56) width 154: "  _  _  _  "
