layer at (0,0) size 800x600
  LayoutView at (0,0) size 800x600
layer at (0,0) size 800x350
  LayoutBlockFlow {HTML} at (0,0) size 800x350
    LayoutBlockFlow {BODY} at (0,16) size 800x334
      LayoutBlockFlow {P} at (0,0) size 800x18
        LayoutText {#text} at (0,0) size 233x18
          text run at (0,0) width 233: "There should be no red on this page."
      LayoutBlockFlow {DIV} at (0,34) size 165x75 [color=#FFFFFF]
        LayoutText {#text} at (0,0) size 165x75
          text run at (0,0) width 165: "           "
          text run at (0,15) width 165: "           "
          text run at (0,30) width 165: "           "
          text run at (0,45) width 165: "           "
          text run at (0,60) width 165: "          X"
      LayoutBlockFlow {DIV} at (0,109) size 165x75 [color=#FFFFFF]
        LayoutText {#text} at (0,0) size 165x75
          text run at (0,0) width 165: "           "
          text run at (0,15) width 165: "           "
          text run at (0,30) width 165: "X          "
          text run at (0,45) width 165: "           "
          text run at (0,60) width 165: "           "
      LayoutBlockFlow {DIV} at (0,184) size 165x75 [color=#FFFFFF]
        LayoutText {#text} at (0,0) size 165x75
          text run at (0,0) width 165: "           "
          text run at (0,15) width 165: "        X  "
          text run at (0,30) width 165: "           "
          text run at (0,45) width 165: "           "
          text run at (0,60) width 165: "           "
      LayoutBlockFlow {DIV} at (0,259) size 165x75 [color=#FFFFFF]
        LayoutText {#text} at (0,0) size 165x75
          text run at (0,0) width 165: "           "
          text run at (0,15) width 165: "           "
          text run at (0,30) width 165: "  X        "
          text run at (0,45) width 165: "           "
          text run at (0,60) width 165: "           "
