layer at (0,0) size 800x600
  LayoutView at (0,0) size 800x600
layer at (0,0) size 800x289
  LayoutBlockFlow {HTML} at (0,0) size 800x289
    LayoutBlockFlow {BODY} at (8,16) size 784x265
      LayoutBlockFlow {P} at (0,0) size 784x18
        LayoutText {#text} at (0,0) size 240x18
          text run at (0,0) width 240: "There should be a green block below."
      LayoutBlockFlow {DIV} at (0,34) size 156x231 [color=#008000] [bgcolor=#FF0000] [border: (3px solid #000000)]
        LayoutBlockFlow {DIV} at (3,3) size 150x75
          LayoutText {#text} at (0,0) size 150x75
            text run at (0,0) width 150: " xxxxxxxxx"
            text run at (0,15) width 150: " xxxxxxxxx"
            text run at (0,30) width 150: " xxxxxxxxx"
            text run at (0,45) width 150: " xxxxxxxxx"
            text run at (0,60) width 150: " xxxxxxxxx"
        LayoutBlockFlow {DIV} at (3,78) size 150x75
          LayoutText {#text} at (0,0) size 150x75
            text run at (0,0) width 150: "          "
            text run at (0,15) width 150: "xxxxxxxxxx"
            text run at (0,30) width 150: "xxxxxxxxxx"
            text run at (0,45) width 150: "xxxxxxxxxx"
            text run at (0,60) width 150: "xxxxxxxxxx"
        LayoutBlockFlow {DIV} at (3,153) size 150x75
          LayoutText {#text} at (0,0) size 150x75
            text run at (0,0) width 150: " xxxxxxxxx"
            text run at (0,15) width 150: "xxxxxxxxxx"
            text run at (0,30) width 150: "xxxxxxxxxx"
            text run at (0,45) width 150: "xxxxxxxxxx"
            text run at (0,60) width 150: "xxxxxxxxxx"
