layer at (0,0) size 800x600
  LayoutView at (0,0) size 800x600
layer at (0,0) size 800x414
  LayoutBlockFlow {HTML} at (0,0) size 800x414
    LayoutBlockFlow {BODY} at (8,18) size 784x378 [color=#000080]
      LayoutBlockFlow {P} at (0,0) size 784x378
        LayoutText {#text} at (0,16) size 761x75
          text run at (0,16) width 761: "This text should be 18px sans-serif, in small-caps, italicized, and very light. There should be a 36px"
          text run at (0,70) width 176: "gap between each line. "
        LayoutInline {SPAN} at (0,0) size 759x291 [color=#C0C0C0]
          LayoutText {#text} at (175,70) size 759x291
            text run at (175,70) width 498: "dummy text dummy text dummy text dummy text dummy text dummy "
            text run at (672,70) width 85: "text dummy"
            text run at (0,124) width 444: "text dummy text dummy text dummy text dummy text dummy "
            text run at (443,124) width 298: "text dummy text dummy text dummy text"
            text run at (0,178) width 231: "dummy text dummy text dummy "
            text run at (230,178) width 529: "text dummy text dummy text dummy text dummy text dummy text dummy"
            text run at (0,232) width 533: "text dummy text dummy text dummy text dummy text dummy text dummy "
            text run at (532,232) width 209: "text dummy text dummy text"
            text run at (0,286) width 320: "dummy text dummy text dummy text dummy "
            text run at (319,286) width 440: "text dummy text dummy text dummy text dummy text dummy"
            text run at (0,340) width 89: "text dummy "
            text run at (88,340) width 475: "text dummy text dummy text dummy text dummy text dummy text"
        LayoutText {#text} at (0,0) size 0x0
