layer at (0,0) size 800x600
  LayoutView at (0,0) size 800x600
layer at (0,0) size 800x468
  LayoutBlockFlow {HTML} at (0,0) size 800x468
    LayoutBlockFlow {BODY} at (8,18) size 784x432
      LayoutBlockFlow {P} at (0,0) size 784x432
        LayoutInline {SPAN} at (0,0) size 781x399 [color=#FFFFFF] [bgcolor=#000080]
          LayoutText {#text} at (0,16) size 761x75
            text run at (0,16) width 465: "This text should be 18px sans-serif, in small-caps, italicized, "
            text run at (464,16) width 297: "and very light. There should be a 36px"
            text run at (0,70) width 201: "gap betwen each line. The "
            text run at (200,70) width 443: "text should have a blue background, the gap should not. "
          LayoutInline {SPAN} at (0,0) size 781x345 [color=#0000FF]
            LayoutText {#text} at (642,70) size 781x345
              text run at (642,70) width 139: "dummy text dummy"
              text run at (0,124) width 355: "text dummy text dummy text dummy text dummy "
              text run at (354,124) width 387: "text dummy text dummy text dummy text dummy text"
              text run at (0,178) width 143: "dummy text dummy "
              text run at (142,178) width 533: "text dummy text dummy text dummy text dummy text dummy text dummy "
              text run at (674,178) width 85: "text dummy"
              text run at (0,232) width 444: "text dummy text dummy text dummy text dummy text dummy "
              text run at (443,232) width 298: "text dummy text dummy text dummy text"
              text run at (0,286) width 231: "dummy text dummy text dummy "
              text run at (230,286) width 529: "text dummy text dummy text dummy text dummy text dummy text dummy"
              text run at (0,340) width 533: "text dummy text dummy text dummy text dummy text dummy text dummy "
              text run at (532,340) width 209: "text dummy text dummy text"
              text run at (0,394) width 262: "dummy text dummy text dummy text"
          LayoutText {#text} at (0,0) size 0x0
        LayoutText {#text} at (0,0) size 0x0
