layer at (0,0) size 800x600 scrollHeight 708
  LayoutView at (0,0) size 800x600
layer at (0,0) size 800x708 backgroundClip at (0,0) size 800x600 clip at (0,0) size 800x600
  LayoutBlockFlow {HTML} at (0,0) size 800x708
    LayoutBlockFlow {BODY} at (8,18) size 784x672 [color=#000080]
      LayoutBlockFlow {P} at (0,0) size 784x672
        LayoutText {#text} at (0,37) size 784x21
          text run at (0,37) width 784: "This text should be 18px sans-serif, in small-caps and italicized. The lines should be one inch apart."
        LayoutInline {SPAN} at (0,0) size 734x501 [color=#C0C0C0]
          LayoutText {#text} at (0,133) size 734x501
            text run at (0,133) width 516: "dummy text dummy text dummy text dummy text dummy text dummy "
            text run at (515,133) width 219: "text dummy text dummy text"
            text run at (0,229) width 332: "dummy text dummy text dummy text dummy "
            text run at (331,229) width 403: "text dummy text dummy text dummy text dummy text"
            text run at (0,325) width 147: "dummy text dummy "
            text run at (146,325) width 555: "text dummy text dummy text dummy text dummy text dummy text dummy "
            text run at (700,325) width 34: "text"
            text run at (0,421) width 516: "dummy text dummy text dummy text dummy text dummy text dummy "
            text run at (515,421) width 219: "text dummy text dummy text"
            text run at (0,517) width 332: "dummy text dummy text dummy text dummy "
            text run at (331,517) width 403: "text dummy text dummy text dummy text dummy text"
            text run at (0,613) width 147: "dummy text dummy "
            text run at (146,613) width 496: "text dummy text dummy text dummy text dummy text dummy text"
        LayoutText {#text} at (0,0) size 0x0
