layer at (0,0) size 800x600
  LayoutView at (0,0) size 800x600
layer at (0,0) size 800x111
  LayoutBlockFlow {HTML} at (0,0) size 800x111.19
    LayoutBlockFlow {BODY} at (8,9.59) size 784x92 [color=#000080]
      LayoutBlockFlow {P} at (0,0) size 784x92
        LayoutText {#text} at (0,6) size 430x10
          text run at (0,6) width 430: "This test should be about 10px, sans-serif, and light. There should be about 15px between each line. "
        LayoutInline {SPAN} at (0,0) size 782x79 [color=#C0C0C0]
          LayoutText {#text} at (429,6) size 782x79
            text run at (429,6) width 297: "dummy text dummy text dummy text dummy text dummy text dummy "
            text run at (725,6) width 50: "text dummy"
            text run at (0,29) width 262: "text dummy text dummy text dummy text dummy text dummy "
            text run at (261,29) width 315: "text dummy text dummy text dummy text dummy text dummy text dummy "
            text run at (575,29) width 207: "text dummy text dummy text dummy text dummy"
            text run at (0,52) width 105: "text dummy text dummy "
            text run at (104,52) width 315: "text dummy text dummy text dummy text dummy text dummy text dummy "
            text run at (418,52) width 314: "text dummy text dummy text dummy text dummy text dummy text dummy "
            text run at (731,52) width 51: "text dummy"
            text run at (0,75) width 262: "text dummy text dummy text dummy text dummy text dummy "
            text run at (261,75) width 278: "text dummy text dummy text dummy text dummy text dummy text"
        LayoutText {#text} at (0,0) size 0x0
