layer at (0,0) size 800x600
  LayoutView at (0,0) size 800x600
layer at (0,0) size 800x288
  LayoutBlockFlow {HTML} at (0,0) size 800x288
    LayoutBlockFlow {BODY} at (8,18) size 784x252 [color=#000080]
      LayoutBlockFlow {P} at (0,0) size 784x252
        LayoutText {#text} at (0,7) size 758x57
          text run at (0,7) width 758: "This text should be 18px monospace, in small-caps, italicized, and very bold, with double"
          text run at (0,43) width 119: "line spacing. "
        LayoutInline {SPAN} at (0,0) size 774x201 [color=#C0C0C0]
          LayoutText {#text} at (118,43) size 774x201
            text run at (118,43) width 510: "dummy text dummy text dummy text dummy text dummy text dummy "
            text run at (627,43) width 124: "text dummy text"
            text run at (0,79) width 418: "dummy text dummy text dummy text dummy text dummy "
            text run at (417,79) width 357: "text dummy text dummy text dummy text dummy"
            text run at (0,115) width 184: "text dummy text dummy "
            text run at (183,115) width 552: "text dummy text dummy text dummy text dummy text dummy text dummy "
            text run at (734,115) width 32: "text"
            text run at (0,151) width 509: "dummy text dummy text dummy text dummy text dummy text dummy "
            text run at (508,151) width 266: "text dummy text dummy text dummy"
            text run at (0,187) width 276: "text dummy text dummy text dummy "
            text run at (275,187) width 491: "text dummy text dummy text dummy text dummy text dummy text"
            text run at (0,223) width 50: "dummy "
            text run at (49,223) width 492: "text dummy text dummy text dummy text dummy text dummy text"
        LayoutText {#text} at (0,0) size 0x0
