layer at (0,0) size 800x600
  LayoutView at (0,0) size 800x600
layer at (0,0) size 800x166
  LayoutBlockFlow {HTML} at (0,0) size 800x166
    LayoutBlockFlow {BODY} at (8,16) size 784x140
      LayoutBlockFlow {P} at (0,0) size 784x18
        LayoutText {#text} at (0,0) size 297x18
          text run at (0,0) width 297: "The two boxes below should be the same size."
      LayoutBlockFlow {DIV} at (0,34) size 784x106 [color=#000080]
        LayoutBlockFlow {P} at (30,0) size 724x48
          LayoutText {#text} at (0,0) size 48x48
            text run at (0,0) width 48: "x"
        LayoutBlockFlow {P} at (30,58) size 724x48
          LayoutText {#text} at (0,0) size 48x48
            text run at (0,0) width 48: "x"
