layer at (0,0) size 800x600
  LayoutView at (0,0) size 800x600
layer at (0,0) size 800x101
  LayoutBlockFlow {HTML} at (0,0) size 800x101
    LayoutBlockFlow {BODY} at (8,13) size 784x75 [color=#000080]
      LayoutBlockFlow {P} at (0,0) size 784x75
        LayoutText {#text} at (0,0) size 611x15
          text run at (0,0) width 611: "This text should be 13px Helvetica in small-caps and italicized. There should be a small gap between each line. "
        LayoutInline {SPAN} at (0,0) size 774x75 [color=#C0C0C0]
          LayoutText {#text} at (610,0) size 774x75
            text run at (610,0) width 164: "dummy text dummy text dummy"
            text run at (0,15) width 193: "text dummy text dummy text dummy "
            text run at (192,15) width 386: "text dummy text dummy text dummy text dummy text dummy text dummy "
            text run at (577,15) width 191: "text dummy text dummy text dummy"
            text run at (0,30) width 193: "text dummy text dummy text dummy "
            text run at (192,30) width 386: "text dummy text dummy text dummy text dummy text dummy text dummy "
            text run at (577,30) width 191: "text dummy text dummy text dummy"
            text run at (0,45) width 193: "text dummy text dummy text dummy "
            text run at (192,45) width 386: "text dummy text dummy text dummy text dummy text dummy text dummy "
            text run at (577,45) width 191: "text dummy text dummy text dummy"
            text run at (0,60) width 193: "text dummy text dummy text dummy "
            text run at (192,60) width 345: "text dummy text dummy text dummy text dummy text dummy text"
        LayoutText {#text} at (0,0) size 0x0
