layer at (0,0) size 800x600
  LayoutView at (0,0) size 800x600
layer at (0,0) size 800x252
  LayoutBlockFlow {HTML} at (0,0) size 800x252
    LayoutBlockFlow {BODY} at (8,18) size 784x216 [color=#000080]
      LayoutBlockFlow {P} at (0,0) size 784x216
        LayoutText {#text} at (0,3) size 784x48
          text run at (0,3) width 784: "This text should be 18px sans-serif, in small-caps, italicized, and very bold. There should be a 9px"
          text run at (0,30) width 185: "gap between each line. "
        LayoutInline {SPAN} at (0,0) size 734x183 [color=#C0C0C0]
          LayoutText {#text} at (184,30) size 734x183
            text run at (184,30) width 517: "dummy text dummy text dummy text dummy text dummy text dummy "
            text run at (700,30) width 34: "text"
            text run at (0,57) width 516: "dummy text dummy text dummy text dummy text dummy text dummy "
            text run at (515,57) width 219: "text dummy text dummy text"
            text run at (0,84) width 332: "dummy text dummy text dummy text dummy "
            text run at (331,84) width 403: "text dummy text dummy text dummy text dummy text"
            text run at (0,111) width 147: "dummy text dummy "
            text run at (146,111) width 555: "text dummy text dummy text dummy text dummy text dummy text dummy "
            text run at (700,111) width 34: "text"
            text run at (0,138) width 516: "dummy text dummy text dummy text dummy text dummy text dummy "
            text run at (515,138) width 219: "text dummy text dummy text"
            text run at (0,165) width 332: "dummy text dummy text dummy text dummy "
            text run at (331,165) width 403: "text dummy text dummy text dummy text dummy text"
            text run at (0,192) width 88: "dummy text"
        LayoutText {#text} at (0,0) size 0x0
