layer at (0,0) size 800x600
  LayoutView at (0,0) size 800x600
layer at (0,0) size 800x225
  LayoutBlockFlow {HTML} at (0,0) size 800x225
    LayoutBlockFlow {BODY} at (8,18) size 784x189 [color=#000080]
      LayoutBlockFlow {P} at (0,0) size 784x189
        LayoutText {#text} at (0,2) size 557x22
          text run at (0,2) width 557: "This text should be 18px serif. There should be a 9px gap between each line. "
        LayoutInline {SPAN} at (0,0) size 783x184 [color=#C0C0C0]
          LayoutText {#text} at (556,2) size 783x184
            text run at (556,2) width 178: "dummy text dummy text"
            text run at (0,29) width 333: "dummy text dummy text dummy text dummy "
            text run at (332,29) width 451: "text dummy text dummy text dummy text dummy text dummy"
            text run at (0,56) width 91: "text dummy "
            text run at (90,56) width 547: "text dummy text dummy text dummy text dummy text dummy text dummy "
            text run at (636,56) width 119: "text dummy text"
            text run at (0,83) width 424: "dummy text dummy text dummy text dummy text dummy "
            text run at (423,83) width 360: "text dummy text dummy text dummy text dummy"
            text run at (0,110) width 182: "text dummy text dummy "
            text run at (181,110) width 547: "text dummy text dummy text dummy text dummy text dummy text dummy "
            text run at (727,110) width 28: "text"
            text run at (0,137) width 515: "dummy text dummy text dummy text dummy text dummy text dummy "
            text run at (514,137) width 269: "text dummy text dummy text dummy"
            text run at (0,164) width 209: "text dummy text dummy text"
        LayoutText {#text} at (0,0) size 0x0
