layer at (0,0) size 800x600
  LayoutView at (0,0) size 800x600
layer at (0,0) size 800x298
  LayoutBlockFlow {HTML} at (0,0) size 800x298
    LayoutBlockFlow {BODY} at (8,16) size 784x274
      LayoutBlockFlow {P} at (0,0) size 784x18
        LayoutText {#text} at (0,0) size 386x18
          text run at (0,0) width 386: "There should be a tall solid unbroken column of blue below."
      LayoutBlockFlow {DIV} at (0,34) size 432x24 [color=#0000FF]
        LayoutText {#text} at (0,0) size 48x24
          text run at (0,0) width 48: " x"
      LayoutBlockFlow {DIV} at (0,58) size 432x24 [color=#0000FF]
        LayoutText {#text} at (24,0) size 24x24
          text run at (24,0) width 24: "x"
      LayoutBlockFlow {DIV} at (0,82) size 432x24 [color=#0000FF]
        LayoutText {#text} at (24,0) size 24x24
          text run at (24,0) width 24: "x"
      LayoutBlockFlow {DIV} at (0,106) size 432x24 [color=#0000FF]
        LayoutText {#text} at (24,0) size 24x24
          text run at (24,0) width 24: "x"
      LayoutBlockFlow {DIV} at (0,130) size 432x24 [color=#0000FF]
        LayoutText {#text} at (24,0) size 24x24
          text run at (24,0) width 24: "x"
      LayoutBlockFlow {DIV} at (0,154) size 432x24 [color=#0000FF]
        LayoutText {#text} at (24,0) size 24x24
          text run at (24,0) width 24: "x"
      LayoutBlockFlow {DIV} at (0,178) size 432x24 [color=#0000FF]
        LayoutText {#text} at (24,0) size 24x24
          text run at (24,0) width 24: "x"
      LayoutBlockFlow {DIV} at (0,202) size 432x24 [color=#0000FF]
        LayoutText {#text} at (24,0) size 24x24
          text run at (24,0) width 24: "x"
      LayoutBlockFlow {DIV} at (0,226) size 432x24 [color=#0000FF]
        LayoutText {#text} at (24,0) size 24x24
          text run at (24,0) width 24: "x"
      LayoutBlockFlow {DIV} at (0,250) size 432x24 [color=#0000FF]
        LayoutText {#text} at (0,0) size 48x24
          text run at (0,0) width 48: " x"
