layer at (0,0) size 800x600
  LayoutView at (0,0) size 800x600
layer at (0,0) size 800x404
  LayoutBlockFlow {HTML} at (0,0) size 800x404
    LayoutBlockFlow {BODY} at (8,16) size 784x372
      LayoutBlockFlow {P} at (0,0) size 784x18 [color=#000080]
        LayoutText {#text} at (0,0) size 240x18
          text run at (0,0) width 240: "This sentence should be left-justified."
      LayoutBlockFlow {P} at (0,34) size 784x18 [color=#000080]
        LayoutText {#text} at (535,0) size 249x18
          text run at (535,0) width 249: "This sentence should be right-justified."
      LayoutBlockFlow {P} at (0,68) size 784x18 [color=#000080]
        LayoutText {#text} at (284,0) size 216x18
          text run at (284,0) width 216: "This sentence should be centered."
      LayoutBlockFlow {P} at (0,102) size 784x270 [color=#000080]
        LayoutText {#text} at (0,0) size 518x18
          text run at (0,0) width 409: "This paragraph should be justified (the right and left margins "
          text run at (408,0) width 110: "should line up). "
        LayoutInline {SPAN} at (0,0) size 784x252 [color=#C0C0C0]
          LayoutText {#text} at (517,0) size 784x252
            text run at (517,0) width 267: "This is just lovely dummy text. Dummy"
            text run at (0,18) width 89: "text. Dummy "
            text run at (88,18) width 529: "text. This is just lovely dummy text. This is just lovely dummy text. Dummy text. "
            text run at (616,18) width 168: "This is just lovely dummy"
            text run at (0,36) width 380: "text. This is just lovely dummy text. Dummy text. Dummy "
            text run at (379,36) width 405: "text. This is just lovely dummy text. This is just lovely dummy"
            text run at (0,54) width 122: "text. Dummy text. "
            text run at (121,54) width 559: "This is just lovely dummy text. This is just lovely dummy text. Dummy text. Dummy "
            text run at (679,54) width 105: "text. This is just"
            text run at (0,72) width 446: "lovely dummy text. This is just lovely dummy text. Dummy text. "
            text run at (445,72) width 339: "This is just lovely dummy text. This is just lovely"
            text run at (0,90) width 238: "dummy text. Dummy text. Dummy "
            text run at (237,90) width 547: "text. This is just lovely dummy text. This is just lovely dummy text. Dummy text."
            text run at (0,108) width 553: "This is just lovely dummy text. This is just lovely dummy text. Dummy text. Dummy "
            text run at (552,108) width 232: "text. This is just lovely dummy text."
            text run at (0,126) width 292: "This is just lovely dummy text. Dummy text. "
            text run at (291,126) width 493: "This is just lovely dummy text. This is just lovely dummy text. Dummy text."
            text run at (0,144) width 57: "Dummy "
            text run at (56,144) width 529: "text. This is just lovely dummy text. This is just lovely dummy text. Dummy text. "
            text run at (584,144) width 200: "This is just lovely dummy text."
            text run at (0,162) width 348: "This is just lovely dummy text. Dummy text. Dummy "
            text run at (347,162) width 437: "text. This is just lovely dummy text. This is just lovely dummy text."
            text run at (0,180) width 93: "Dummy text. "
            text run at (92,180) width 583: "This is just lovely dummy text. This is just lovely dummy text. Dummy text. Dummy "
            text run at (674,180) width 110: "text. This is just"
            text run at (0,198) width 446: "lovely dummy text. This is just lovely dummy text. Dummy text. "
            text run at (445,198) width 339: "This is just lovely dummy text. This is just lovely"
            text run at (0,216) width 238: "dummy text. Dummy text. Dummy "
            text run at (237,216) width 547: "text. This is just lovely dummy text. This is just lovely dummy text. Dummy text."
            text run at (0,234) width 571: "This is just lovely dummy text. This is just lovely dummy text. Dummy text. Dummy "
            text run at (570,234) width 125: "text. Dummy text. "
        LayoutText {#text} at (694,234) size 784x36
          text run at (694,234) width 90: "This sentence"
          text run at (0,252) width 173: "should be at the end of the "
          text run at (172,252) width 125: "block, not justified."
