layer at (0,0) size 800x600
  LayoutView at (0,0) size 800x600
layer at (0,0) size 800x238
  LayoutBlockFlow {HTML} at (0,0) size 800x238
    LayoutBlockFlow {BODY} at (8,16) size 784x214
      LayoutBlockFlow {P} at (0,0) size 784x18
        LayoutText {#text} at (0,0) size 322x18
          text run at (0,0) width 322: "There should be no red borders on the table below"
      LayoutTable {TABLE} at (0,34) size 148x180 [border: (2px none #808080)]
        LayoutTableSection {TBODY} at (2,2) size 143x175
          LayoutTableRow {TR} at (0,0) size 143x58
            LayoutTableCell {TD} at (0,16) size 49x25 [border: (3px outset #00FF00)] [r=0 c=0 rs=1 cs=1]
              LayoutText {#text} at (4,4) size 39x18
                text run at (4,4) width 39: "outset"
            LayoutTableCell {TD} at (49,15) size 46x28 [border: (3px outset #00FF00) (5px outset #FF0000) (3px outset #00FF00)] [r=0 c=1 rs=1 cs=1]
              LayoutText {#text} at (4,4) size 39x18
                text run at (4,4) width 39: "outset"
            LayoutTableCell {TD} at (95,16) size 48x25 [border: (3px outset #00FF00)] [r=0 c=2 rs=1 cs=1]
              LayoutText {#text} at (4,4) size 39x18
                text run at (4,4) width 39: "outset"
          LayoutTableRow {TR} at (0,58) size 143x60
            LayoutTableCell {TD} at (0,75) size 49x25 [border: (3px outset #00FF00) (5px outset #FF0000) (2px outset #00FF00)] [r=1 c=0 rs=1 cs=1]
              LayoutText {#text} at (4,4) size 39x18
                text run at (4,4) width 39: "outset"
            LayoutTableCell {TD} at (49,73) size 46x30 [border: (5px ridge #00FF00)] [r=1 c=1 rs=1 cs=1]
              LayoutText {#text} at (6,6) size 33x18
                text run at (6,6) width 33: "ridge"
            LayoutTableCell {TD} at (95,75) size 48x25 [border: (3px outset #00FF00) (5px outset #FF0000)] [r=1 c=2 rs=1 cs=1]
              LayoutText {#text} at (6,4) size 39x18
                text run at (6,4) width 39: "outset"
          LayoutTableRow {TR} at (0,118) size 143x57
            LayoutTableCell {TD} at (0,134) size 49x25 [border: (3px outset #00FF00)] [r=2 c=0 rs=1 cs=1]
              LayoutText {#text} at (4,4) size 39x18
                text run at (4,4) width 39: "outset"
            LayoutTableCell {TD} at (49,133) size 46x27 [border: (5px outset #FF0000) (2px outset #00FF00)] [r=2 c=1 rs=1 cs=1]
              LayoutText {#text} at (4,6) size 39x18
                text run at (4,6) width 39: "outset"
            LayoutTableCell {TD} at (95,134) size 48x25 [border: (3px outset #00FF00)] [r=2 c=2 rs=1 cs=1]
              LayoutText {#text} at (4,4) size 39x18
                text run at (4,4) width 39: "outset"
