layer at (0,0) size 800x600
  LayoutView at (0,0) size 800x600
layer at (0,0) size 800x228
  LayoutBlockFlow {HTML} at (0,0) size 800x228
    LayoutBlockFlow {BODY} at (8,16) size 784x204
      LayoutBlockFlow {P} at (0,0) size 784x18
        LayoutText {#text} at (0,0) size 322x18
          text run at (0,0) width 322: "There should be no red borders on the table below"
      LayoutTable {TABLE} at (0,34) size 125x170 [border: (2px none #808080)]
        LayoutTableSection {TBODY} at (2,2) size 120x165
          LayoutTableRow {TR} at (0,0) size 120x55
            LayoutTableCell {TD} at (0,15) size 40x25 [border: (3px ridge #00FF00)] [r=0 c=0 rs=1 cs=1]
              LayoutText {#text} at (4,4) size 33x18
                text run at (4,4) width 33: "ridge"
            LayoutTableCell {TD} at (40,15) size 40x25 [border: (3px ridge #00FF00)] [r=0 c=1 rs=1 cs=1]
              LayoutText {#text} at (4,4) size 33x18
                text run at (4,4) width 33: "ridge"
            LayoutTableCell {TD} at (80,15) size 40x25 [border: (3px ridge #00FF00)] [r=0 c=2 rs=1 cs=1]
              LayoutText {#text} at (4,4) size 33x18
                text run at (4,4) width 33: "ridge"
          LayoutTableRow {TR} at (0,55) size 120x55
            LayoutTableCell {TD} at (0,70) size 40x25 [border: (3px ridge #00FF00)] [r=1 c=0 rs=1 cs=1]
              LayoutText {#text} at (4,4) size 33x18
                text run at (4,4) width 33: "ridge"
            LayoutTableCell {TD} at (40,70) size 40x25 [border: (3px none #FF0000)] [r=1 c=1 rs=1 cs=1]
              LayoutText {#text} at (4,4) size 32x18
                text run at (4,4) width 32: "none"
            LayoutTableCell {TD} at (80,70) size 40x25 [border: (3px ridge #00FF00)] [r=1 c=2 rs=1 cs=1]
              LayoutText {#text} at (4,4) size 33x18
                text run at (4,4) width 33: "ridge"
          LayoutTableRow {TR} at (0,110) size 120x55
            LayoutTableCell {TD} at (0,125) size 40x25 [border: (3px ridge #00FF00)] [r=2 c=0 rs=1 cs=1]
              LayoutText {#text} at (4,4) size 33x18
                text run at (4,4) width 33: "ridge"
            LayoutTableCell {TD} at (40,125) size 40x25 [border: (3px ridge #00FF00)] [r=2 c=1 rs=1 cs=1]
              LayoutText {#text} at (4,4) size 33x18
                text run at (4,4) width 33: "ridge"
            LayoutTableCell {TD} at (80,125) size 40x25 [border: (3px ridge #00FF00)] [r=2 c=2 rs=1 cs=1]
              LayoutText {#text} at (4,4) size 33x18
                text run at (4,4) width 33: "ridge"
