layer at (0,0) size 800x600
  LayoutView at (0,0) size 800x600
layer at (0,0) size 800x238
  LayoutBlockFlow {HTML} at (0,0) size 800x238
    LayoutBlockFlow {BODY} at (8,16) size 784x214
      LayoutBlockFlow {P} at (0,0) size 784x18
        LayoutText {#text} at (0,0) size 322x18
          text run at (0,0) width 322: "There should be no red borders on the table below"
      LayoutTable {TABLE} at (0,34) size 160x180 [border: (2px none #808080)]
        LayoutTableSection {TBODY} at (2,2) size 155x175
          LayoutTableRow {TR} at (0,0) size 155x58
            LayoutTableCell {TD} at (0,16) size 50x25 [border: (3px dotted #00FF00)] [r=0 c=0 rs=1 cs=1]
              LayoutText {#text} at (4,4) size 40x18
                text run at (4,4) width 40: "dotted"
            LayoutTableCell {TD} at (50,15) size 56x28 [border: (3px dotted #00FF00) (5px dotted #FF0000) (3px dotted #00FF00)] [r=0 c=1 rs=1 cs=1]
              LayoutText {#text} at (4,4) size 40x18
                text run at (4,4) width 40: "dotted"
            LayoutTableCell {TD} at (106,16) size 49x25 [border: (3px dotted #00FF00)] [r=0 c=2 rs=1 cs=1]
              LayoutText {#text} at (4,4) size 40x18
                text run at (4,4) width 40: "dotted"
          LayoutTableRow {TR} at (0,58) size 155x60
            LayoutTableCell {TD} at (0,75) size 50x25 [border: (3px dotted #00FF00) (5px dotted #FF0000) (2px dotted #00FF00)] [r=1 c=0 rs=1 cs=1]
              LayoutText {#text} at (4,4) size 40x18
                text run at (4,4) width 40: "dotted"
            LayoutTableCell {TD} at (50,73) size 56x30 [border: (5px double #00FF00)] [r=1 c=1 rs=1 cs=1]
              LayoutText {#text} at (6,6) size 44x18
                text run at (6,6) width 44: "double"
            LayoutTableCell {TD} at (106,75) size 49x25 [border: (3px dotted #00FF00) (5px dotted #FF0000)] [r=1 c=2 rs=1 cs=1]
              LayoutText {#text} at (6,4) size 40x18
                text run at (6,4) width 40: "dotted"
          LayoutTableRow {TR} at (0,118) size 155x57
            LayoutTableCell {TD} at (0,134) size 50x25 [border: (3px dotted #00FF00)] [r=2 c=0 rs=1 cs=1]
              LayoutText {#text} at (4,4) size 40x18
                text run at (4,4) width 40: "dotted"
            LayoutTableCell {TD} at (50,133) size 56x27 [border: (5px dotted #FF0000) (2px dotted #00FF00)] [r=2 c=1 rs=1 cs=1]
              LayoutText {#text} at (4,6) size 40x18
                text run at (4,6) width 40: "dotted"
            LayoutTableCell {TD} at (106,134) size 49x25 [border: (3px dotted #00FF00)] [r=2 c=2 rs=1 cs=1]
              LayoutText {#text} at (4,4) size 40x18
                text run at (4,4) width 40: "dotted"
