layer at (0,0) size 800x600
  LayoutView at (0,0) size 800x600
layer at (0,0) size 800x228
  LayoutBlockFlow {HTML} at (0,0) size 800x228
    LayoutBlockFlow {BODY} at (8,16) size 784x204
      LayoutBlockFlow {P} at (0,0) size 784x18
        LayoutText {#text} at (0,0) size 322x18
          text run at (0,0) width 322: "There should be no red borders on the table below"
      LayoutTable {TABLE} at (0,34) size 134x170
        LayoutTableSection {TBODY} at (0,0) size 134x170
          LayoutTableRow {TR} at (0,0) size 134x55
            LayoutTableCell {TD} at (0,17) size 39x20 [r=0 c=0 rs=1 cs=1]
              LayoutText {#text} at (1,1) size 32x18
                text run at (1,1) width 32: "none"
            LayoutTableCell {TD} at (39,15) size 56x25 [border: none] [r=0 c=1 rs=1 cs=1]
              LayoutText {#text} at (1,1) size 32x18
                text run at (1,1) width 32: "none"
            LayoutTableCell {TD} at (95,17) size 39x20 [r=0 c=2 rs=1 cs=1]
              LayoutText {#text} at (1,1) size 32x18
                text run at (1,1) width 32: "none"
          LayoutTableRow {TR} at (0,55) size 134x60
            LayoutTableCell {TD} at (0,75) size 39x20 [border: none] [r=1 c=0 rs=1 cs=1]
              LayoutText {#text} at (1,1) size 32x18
                text run at (1,1) width 32: "none"
            LayoutTableCell {TD} at (39,70) size 56x30 [border: (5px double #00FF00)] [r=1 c=1 rs=1 cs=1]
              LayoutText {#text} at (6,6) size 44x18
                text run at (6,6) width 44: "double"
            LayoutTableCell {TD} at (95,75) size 39x20 [border: none] [r=1 c=2 rs=1 cs=1]
              LayoutText {#text} at (6,1) size 32x18
                text run at (6,1) width 32: "none"
          LayoutTableRow {TR} at (0,115) size 134x55
            LayoutTableCell {TD} at (0,132) size 39x20 [r=2 c=0 rs=1 cs=1]
              LayoutText {#text} at (1,1) size 32x18
                text run at (1,1) width 32: "none"
            LayoutTableCell {TD} at (39,130) size 56x25 [border: (5px none #FF0000)] [r=2 c=1 rs=1 cs=1]
              LayoutText {#text} at (1,6) size 32x18
                text run at (1,6) width 32: "none"
            LayoutTableCell {TD} at (95,132) size 39x20 [r=2 c=2 rs=1 cs=1]
              LayoutText {#text} at (1,1) size 32x18
                text run at (1,1) width 32: "none"
