layer at (0,0) size 800x600
  LayoutView at (0,0) size 800x600
layer at (0,0) size 800x228
  LayoutBlockFlow {HTML} at (0,0) size 800x228
    LayoutBlockFlow {BODY} at (8,16) size 784x204
      LayoutBlockFlow {P} at (0,0) size 784x18
        LayoutText {#text} at (0,0) size 322x18
          text run at (0,0) width 322: "There should be no red borders on the table below"
      LayoutTable {TABLE} at (0,34) size 146x170 [border: (2px none #808080)]
        LayoutTableSection {TBODY} at (2,2) size 141x165
          LayoutTableRow {TR} at (0,0) size 141x55
            LayoutTableCell {TD} at (0,15) size 47x25 [border: (3px dotted #00FF00)] [r=0 c=0 rs=1 cs=1]
              LayoutText {#text} at (4,4) size 40x18
                text run at (4,4) width 40: "dotted"
            LayoutTableCell {TD} at (47,16) size 47x23 [border: (3px dotted #00FF00) none (3px dotted #00FF00)] [r=0 c=1 rs=1 cs=1]
              LayoutText {#text} at (4,4) size 40x18
                text run at (4,4) width 40: "dotted"
            LayoutTableCell {TD} at (94,15) size 47x25 [border: (3px dotted #00FF00)] [r=0 c=2 rs=1 cs=1]
              LayoutText {#text} at (4,4) size 40x18
                text run at (4,4) width 40: "dotted"
          LayoutTableRow {TR} at (0,55) size 141x55
            LayoutTableCell {TD} at (0,70) size 47x25 [border: (3px dotted #00FF00) none (2px dotted #00FF00)] [r=1 c=0 rs=1 cs=1]
              LayoutText {#text} at (4,4) size 40x18
                text run at (4,4) width 40: "dotted"
            LayoutTableCell {TD} at (47,72) size 47x20 [r=1 c=1 rs=1 cs=1]
              LayoutText {#text} at (1,1) size 44x18
                text run at (1,1) width 44: "hidden"
            LayoutTableCell {TD} at (94,70) size 47x25 [border: (3px dotted #00FF00) none] [r=1 c=2 rs=1 cs=1]
              LayoutText {#text} at (1,4) size 40x18
                text run at (1,4) width 40: "dotted"
          LayoutTableRow {TR} at (0,110) size 141x55
            LayoutTableCell {TD} at (0,125) size 47x25 [border: (3px dotted #00FF00)] [r=2 c=0 rs=1 cs=1]
              LayoutText {#text} at (4,4) size 40x18
                text run at (4,4) width 40: "dotted"
            LayoutTableCell {TD} at (47,126) size 47x22 [border: none (2px dotted #00FF00)] [r=2 c=1 rs=1 cs=1]
              LayoutText {#text} at (4,1) size 40x18
                text run at (4,1) width 40: "dotted"
            LayoutTableCell {TD} at (94,125) size 47x25 [border: (3px dotted #00FF00)] [r=2 c=2 rs=1 cs=1]
              LayoutText {#text} at (4,4) size 40x18
                text run at (4,4) width 40: "dotted"
