layer at (0,0) size 800x600
  LayoutView at (0,0) size 800x600
layer at (0,0) size 800x208
  LayoutBlockFlow {HTML} at (0,0) size 800x208
    LayoutBlockFlow {BODY} at (8,16) size 784x184
      LayoutBlockFlow {P} at (0,0) size 784x18
        LayoutText {#text} at (0,0) size 322x18
          text run at (0,0) width 322: "There should be no red borders on the table below"
      LayoutTable {TABLE} at (0,34) size 138x150
        LayoutTableSection {TBODY} at (0,0) size 138x150
          LayoutTableRow {TR} at (0,0) size 138x50
            LayoutTableCell {TD} at (0,15) size 46x20 [r=0 c=0 rs=1 cs=1]
              LayoutText {#text} at (1,1) size 44x18
                text run at (1,1) width 44: "hidden"
            LayoutTableCell {TD} at (46,15) size 46x20 [r=0 c=1 rs=1 cs=1]
              LayoutText {#text} at (1,1) size 44x18
                text run at (1,1) width 44: "hidden"
            LayoutTableCell {TD} at (92,15) size 46x20 [r=0 c=2 rs=1 cs=1]
              LayoutText {#text} at (1,1) size 44x18
                text run at (1,1) width 44: "hidden"
          LayoutTableRow {TR} at (0,50) size 138x50
            LayoutTableCell {TD} at (0,65) size 46x20 [r=1 c=0 rs=1 cs=1]
              LayoutText {#text} at (1,1) size 44x18
                text run at (1,1) width 44: "hidden"
            LayoutTableCell {TD} at (46,65) size 46x20 [r=1 c=1 rs=1 cs=1]
              LayoutText {#text} at (1,1) size 44x18
                text run at (1,1) width 44: "hidden"
            LayoutTableCell {TD} at (92,65) size 46x20 [r=1 c=2 rs=1 cs=1]
              LayoutText {#text} at (1,1) size 44x18
                text run at (1,1) width 44: "hidden"
          LayoutTableRow {TR} at (0,100) size 138x50
            LayoutTableCell {TD} at (0,115) size 46x20 [r=2 c=0 rs=1 cs=1]
              LayoutText {#text} at (1,1) size 44x18
                text run at (1,1) width 44: "hidden"
            LayoutTableCell {TD} at (46,115) size 46x20 [r=2 c=1 rs=1 cs=1]
              LayoutText {#text} at (1,1) size 44x18
                text run at (1,1) width 44: "hidden"
            LayoutTableCell {TD} at (92,115) size 46x20 [r=2 c=2 rs=1 cs=1]
              LayoutText {#text} at (1,1) size 44x18
                text run at (1,1) width 44: "hidden"
