layer at (0,0) size 800x600
  LayoutView at (0,0) size 800x600
layer at (0,0) size 800x228
  LayoutBlockFlow {HTML} at (0,0) size 800x228
    LayoutBlockFlow {BODY} at (8,16) size 784x204
      LayoutBlockFlow {P} at (0,0) size 784x18
        LayoutText {#text} at (0,0) size 322x18
          text run at (0,0) width 322: "There should be no red borders on the table below"
      LayoutTable {TABLE} at (0,34) size 120x170 [border: (2px none #808080)]
        LayoutTableSection {TBODY} at (2,2) size 115x165
          LayoutTableRow {TR} at (0,0) size 115x55
            LayoutTableCell {TD} at (0,15) size 38x25 [border: (3px inset #00FF00)] [r=0 c=0 rs=1 cs=1]
              LayoutText {#text} at (4,4) size 31x18
                text run at (4,4) width 31: "inset"
            LayoutTableCell {TD} at (38,15) size 39x25 [border: (3px inset #00FF00)] [r=0 c=1 rs=1 cs=1]
              LayoutText {#text} at (4,4) size 31x18
                text run at (4,4) width 31: "inset"
            LayoutTableCell {TD} at (77,15) size 38x25 [border: (3px inset #00FF00)] [r=0 c=2 rs=1 cs=1]
              LayoutText {#text} at (4,4) size 31x18
                text run at (4,4) width 31: "inset"
          LayoutTableRow {TR} at (0,55) size 115x55
            LayoutTableCell {TD} at (0,70) size 38x25 [border: (3px inset #00FF00)] [r=1 c=0 rs=1 cs=1]
              LayoutText {#text} at (4,4) size 31x18
                text run at (4,4) width 31: "inset"
            LayoutTableCell {TD} at (38,70) size 39x25 [border: (3px none #FF0000)] [r=1 c=1 rs=1 cs=1]
              LayoutText {#text} at (4,4) size 32x18
                text run at (4,4) width 32: "none"
            LayoutTableCell {TD} at (77,70) size 38x25 [border: (3px inset #00FF00)] [r=1 c=2 rs=1 cs=1]
              LayoutText {#text} at (4,4) size 31x18
                text run at (4,4) width 31: "inset"
          LayoutTableRow {TR} at (0,110) size 115x55
            LayoutTableCell {TD} at (0,125) size 38x25 [border: (3px inset #00FF00)] [r=2 c=0 rs=1 cs=1]
              LayoutText {#text} at (4,4) size 31x18
                text run at (4,4) width 31: "inset"
            LayoutTableCell {TD} at (38,125) size 39x25 [border: (3px inset #00FF00)] [r=2 c=1 rs=1 cs=1]
              LayoutText {#text} at (4,4) size 31x18
                text run at (4,4) width 31: "inset"
            LayoutTableCell {TD} at (77,125) size 38x25 [border: (3px inset #00FF00)] [r=2 c=2 rs=1 cs=1]
              LayoutText {#text} at (4,4) size 31x18
                text run at (4,4) width 31: "inset"
