layer at (0,0) size 800x600
  LayoutView at (0,0) size 800x600
layer at (0,0) size 800x228
  LayoutBlockFlow {HTML} at (0,0) size 800x228
    LayoutBlockFlow {BODY} at (8,16) size 784x204
      LayoutBlockFlow {P} at (0,0) size 784x18
        LayoutText {#text} at (0,0) size 322x18
          text run at (0,0) width 322: "There should be no red borders on the table below"
      LayoutTable {TABLE} at (0,34) size 161x170 [border: (2px none #808080)]
        LayoutTableSection {TBODY} at (2,2) size 156x165
          LayoutTableRow {TR} at (0,0) size 156x55
            LayoutTableCell {TD} at (0,15) size 52x25 [border: (3px groove #00FF00)] [r=0 c=0 rs=1 cs=1]
              LayoutText {#text} at (4,4) size 45x18
                text run at (4,4) width 45: "groove"
            LayoutTableCell {TD} at (52,16) size 52x23 [border: (3px groove #00FF00) none (3px groove #00FF00)] [r=0 c=1 rs=1 cs=1]
              LayoutText {#text} at (4,4) size 45x18
                text run at (4,4) width 45: "groove"
            LayoutTableCell {TD} at (104,15) size 52x25 [border: (3px groove #00FF00)] [r=0 c=2 rs=1 cs=1]
              LayoutText {#text} at (4,4) size 45x18
                text run at (4,4) width 45: "groove"
          LayoutTableRow {TR} at (0,55) size 156x55
            LayoutTableCell {TD} at (0,70) size 52x25 [border: (3px groove #00FF00) none (2px groove #00FF00)] [r=1 c=0 rs=1 cs=1]
              LayoutText {#text} at (4,4) size 45x18
                text run at (4,4) width 45: "groove"
            LayoutTableCell {TD} at (52,72) size 52x20 [r=1 c=1 rs=1 cs=1]
              LayoutText {#text} at (1,1) size 44x18
                text run at (1,1) width 44: "hidden"
            LayoutTableCell {TD} at (104,70) size 52x25 [border: (3px groove #00FF00) none] [r=1 c=2 rs=1 cs=1]
              LayoutText {#text} at (1,4) size 45x18
                text run at (1,4) width 45: "groove"
          LayoutTableRow {TR} at (0,110) size 156x55
            LayoutTableCell {TD} at (0,125) size 52x25 [border: (3px groove #00FF00)] [r=2 c=0 rs=1 cs=1]
              LayoutText {#text} at (4,4) size 45x18
                text run at (4,4) width 45: "groove"
            LayoutTableCell {TD} at (52,126) size 52x22 [border: none (2px groove #00FF00)] [r=2 c=1 rs=1 cs=1]
              LayoutText {#text} at (4,1) size 45x18
                text run at (4,1) width 45: "groove"
            LayoutTableCell {TD} at (104,125) size 52x25 [border: (3px groove #00FF00)] [r=2 c=2 rs=1 cs=1]
              LayoutText {#text} at (4,4) size 45x18
                text run at (4,4) width 45: "groove"
