layer at (0,0) size 800x600
  LayoutView at (0,0) size 800x600
layer at (0,0) size 800x238
  LayoutBlockFlow {HTML} at (0,0) size 800x238
    LayoutBlockFlow {BODY} at (8,16) size 784x214
      LayoutBlockFlow {P} at (0,0) size 784x18
        LayoutText {#text} at (0,0) size 322x18
          text run at (0,0) width 322: "There should be no red borders on the table below"
      LayoutTable {TABLE} at (0,34) size 142x180 [border: (2px none #808080)]
        LayoutTableSection {TBODY} at (2,2) size 137x175
          LayoutTableRow {TR} at (0,0) size 137x58
            LayoutTableCell {TD} at (0,16) size 41x25 [border: (3px inset #00FF00)] [r=0 c=0 rs=1 cs=1]
              LayoutText {#text} at (4,4) size 31x18
                text run at (4,4) width 31: "inset"
            LayoutTableCell {TD} at (41,15) size 56x28 [border: (3px inset #00FF00) (5px inset #FF0000) (3px inset #00FF00)] [r=0 c=1 rs=1 cs=1]
              LayoutText {#text} at (4,4) size 31x18
                text run at (4,4) width 31: "inset"
            LayoutTableCell {TD} at (97,16) size 40x25 [border: (3px inset #00FF00)] [r=0 c=2 rs=1 cs=1]
              LayoutText {#text} at (4,4) size 31x18
                text run at (4,4) width 31: "inset"
          LayoutTableRow {TR} at (0,58) size 137x60
            LayoutTableCell {TD} at (0,75) size 41x25 [border: (3px inset #00FF00) (5px inset #FF0000) (2px inset #00FF00)] [r=1 c=0 rs=1 cs=1]
              LayoutText {#text} at (4,4) size 31x18
                text run at (4,4) width 31: "inset"
            LayoutTableCell {TD} at (41,73) size 56x30 [border: (5px double #00FF00)] [r=1 c=1 rs=1 cs=1]
              LayoutText {#text} at (6,6) size 44x18
                text run at (6,6) width 44: "double"
            LayoutTableCell {TD} at (97,75) size 40x25 [border: (3px inset #00FF00) (5px inset #FF0000)] [r=1 c=2 rs=1 cs=1]
              LayoutText {#text} at (6,4) size 31x18
                text run at (6,4) width 31: "inset"
          LayoutTableRow {TR} at (0,118) size 137x57
            LayoutTableCell {TD} at (0,134) size 41x25 [border: (3px inset #00FF00)] [r=2 c=0 rs=1 cs=1]
              LayoutText {#text} at (4,4) size 31x18
                text run at (4,4) width 31: "inset"
            LayoutTableCell {TD} at (41,133) size 56x27 [border: (5px inset #FF0000) (2px inset #00FF00)] [r=2 c=1 rs=1 cs=1]
              LayoutText {#text} at (4,6) size 31x18
                text run at (4,6) width 31: "inset"
            LayoutTableCell {TD} at (97,134) size 40x25 [border: (3px inset #00FF00)] [r=2 c=2 rs=1 cs=1]
              LayoutText {#text} at (4,4) size 31x18
                text run at (4,4) width 31: "inset"
