layer at (0,0) size 800x600
  LayoutView at (0,0) size 800x600
layer at (0,0) size 800x238
  LayoutBlockFlow {HTML} at (0,0) size 800x238
    LayoutBlockFlow {BODY} at (8,16) size 784x214
      LayoutBlockFlow {P} at (0,0) size 784x18
        LayoutText {#text} at (0,0) size 322x18
          text run at (0,0) width 322: "There should be no red borders on the table below"
      LayoutTable {TABLE} at (0,34) size 133x180 [border: (2px none #808080)]
        LayoutTableSection {TBODY} at (2,2) size 128x175
          LayoutTableRow {TR} at (0,0) size 128x58
            LayoutTableCell {TD} at (0,16) size 43x25 [border: (3px ridge #00FF00)] [r=0 c=0 rs=1 cs=1]
              LayoutText {#text} at (4,4) size 33x18
                text run at (4,4) width 33: "ridge"
            LayoutTableCell {TD} at (43,15) size 43x28 [border: (3px ridge #00FF00) (5px ridge #FF0000) (3px ridge #00FF00)] [r=0 c=1 rs=1 cs=1]
              LayoutText {#text} at (4,4) size 33x18
                text run at (4,4) width 33: "ridge"
            LayoutTableCell {TD} at (86,16) size 42x25 [border: (3px ridge #00FF00)] [r=0 c=2 rs=1 cs=1]
              LayoutText {#text} at (4,4) size 33x18
                text run at (4,4) width 33: "ridge"
          LayoutTableRow {TR} at (0,58) size 128x60
            LayoutTableCell {TD} at (0,75) size 43x25 [border: (3px ridge #00FF00) (5px ridge #FF0000) (2px ridge #00FF00)] [r=1 c=0 rs=1 cs=1]
              LayoutText {#text} at (4,4) size 33x18
                text run at (4,4) width 33: "ridge"
            LayoutTableCell {TD} at (43,73) size 43x30 [border: (5px inset #00FF00)] [r=1 c=1 rs=1 cs=1]
              LayoutText {#text} at (6,6) size 31x18
                text run at (6,6) width 31: "inset"
            LayoutTableCell {TD} at (86,75) size 42x25 [border: (3px ridge #00FF00) (5px ridge #FF0000)] [r=1 c=2 rs=1 cs=1]
              LayoutText {#text} at (6,4) size 33x18
                text run at (6,4) width 33: "ridge"
          LayoutTableRow {TR} at (0,118) size 128x57
            LayoutTableCell {TD} at (0,134) size 43x25 [border: (3px ridge #00FF00)] [r=2 c=0 rs=1 cs=1]
              LayoutText {#text} at (4,4) size 33x18
                text run at (4,4) width 33: "ridge"
            LayoutTableCell {TD} at (43,133) size 43x27 [border: (5px ridge #FF0000) (2px ridge #00FF00)] [r=2 c=1 rs=1 cs=1]
              LayoutText {#text} at (4,6) size 33x18
                text run at (4,6) width 33: "ridge"
            LayoutTableCell {TD} at (86,134) size 42x25 [border: (3px ridge #00FF00)] [r=2 c=2 rs=1 cs=1]
              LayoutText {#text} at (4,4) size 33x18
                text run at (4,4) width 33: "ridge"
