layer at (0,0) size 800x600
  LayoutView at (0,0) size 800x600
layer at (0,0) size 800x600
  LayoutBlockFlow {HTML} at (0,0) size 800x600
    LayoutBlockFlow {BODY} at (25,25) size 750x550 [bgcolor=#008000]
      LayoutBlockFlow {P} at (0,0) size 750x18
        LayoutText {#text} at (0,0) size 363x18
          text run at (0,0) width 363: "The style declarations which apply to the text below are:"
      LayoutBlockFlow {PRE} at (0,34) size 750x30
        LayoutText {#text} at (0,0) size 539x30
          text run at (0,0) width 235: "HTML {background-color: aqua;}"
          text run at (234,0) width 1: " "
          text run at (0,15) width 539: "BODY {background-color: green; background-image: none; margin: 25px;}"
          text run at (538,15) width 1: " "
      LayoutBlockFlow {P} at (0,95) size 750x54
        LayoutText {#text} at (0,0) size 747x54
          text run at (0,0) width 392: "The body of this document should have a green background. "
          text run at (391,0) width 316: "It also has a margin of 25 pixels, so the light blue"
          text run at (0,18) width 434: "background set for the HTML element should surround the BODY. "
          text run at (433,18) width 314: "If the BODY content is significantly shorter than"
          text run at (0,36) width 528: "the browser's window height, then the bottom border may be larger than 25 pixels."
      LayoutTable {TABLE} at (0,165) size 750x90 [border: (1px outset #808080)]
        LayoutTableSection {TBODY} at (1,1) size 748x88
          LayoutTableRow {TR} at (0,0) size 748x26
            LayoutTableCell {TD} at (0,0) size 748x26 [bgcolor=#C0C0C0] [border: (1px inset #808080)] [r=0 c=0 rs=1 cs=2]
              LayoutInline {STRONG} at (0,0) size 161x18
                LayoutText {#text} at (4,4) size 161x18
                  text run at (4,4) width 161: "TABLE Testing Section"
          LayoutTableRow {TR} at (0,26) size 748x62
            LayoutTableCell {TD} at (0,44) size 12x26 [bgcolor=#C0C0C0] [border: (1px inset #808080)] [r=1 c=0 rs=1 cs=1]
              LayoutText {#text} at (4,4) size 4x18
                text run at (4,4) width 4: " "
            LayoutTableCell {TD} at (12,26) size 736x62 [border: (1px inset #808080)] [r=1 c=1 rs=1 cs=1]
              LayoutBlockFlow {P} at (4,4) size 728x54
                LayoutText {#text} at (0,0) size 715x54
                  text run at (0,0) width 392: "The body of this document should have a green background. "
                  text run at (391,0) width 316: "It also has a margin of 25 pixels, so the light blue"
                  text run at (0,18) width 434: "background set for the HTML element should surround the BODY. "
                  text run at (433,18) width 282: "If the BODY content is significantly shorter"
                  text run at (0,36) width 559: "than the browser's window height, then the bottom border may be larger than 25 pixels."
layer at (25,102) size 750x2 clip at (0,0) size 0x0
  LayoutBlockFlow {HR} at (0,77) size 750x2 [border: (1px inset #EEEEEE)]
