layer at (0,0) size 800x600 scrollHeight 726
  LayoutView at (0,0) size 800x600
layer at (0,0) size 800x726 backgroundClip at (0,0) size 800x600 clip at (0,0) size 800x600
  LayoutBlockFlow {HTML} at (0,0) size 800x726
    LayoutBlockFlow {BODY} at (8,8) size 784x702 [bgcolor=#CCCCCC]
      LayoutBlockFlow {P} at (10,0) size 774x18
        LayoutText {#text} at (0,0) size 292x18
          text run at (0,0) width 292: "This paragraph should be indented ten pixels."
      LayoutBlockFlow {DIV} at (10,34) size 774x18
        LayoutBlockFlow {P} at (10,0) size 764x18
          LayoutText {#text} at (0,0) size 581x18
            text run at (0,0) width 581: "This paragraph should be indented twenty pixels, since horizontal margins do not collapse."
      LayoutBlockFlow {P} at (0,68) size 392x108 [bgcolor=#808080]
        LayoutText {#text} at (0,0) size 381x108
          text run at (0,0) width 368: "This element has a width of 50%, and due to 'auto' values"
          text run at (0,18) width 344: "applied to the right margin, the element should be left"
          text run at (0,36) width 168: "justified within its parent. "
          text run at (167,36) width 168: "The gray rectangle should"
          text run at (0,54) width 366: "therefore appear on the left edge of the viewport (e.g. the"
          text run at (0,72) width 381: "browser window). The text inside the gray rectangle should"
          text run at (0,90) width 102: "not be centered."
      LayoutBlockFlow {P} at (196,192) size 392x108 [bgcolor=#808080]
        LayoutText {#text} at (0,0) size 381x108
          text run at (0,0) width 368: "This element has a width of 50%, and due to 'auto' values"
          text run at (0,18) width 377: "applied to the left and right margins, the element should be"
          text run at (0,36) width 171: "centered within its parent. "
          text run at (170,36) width 167: "The gray rectangle should"
          text run at (0,54) width 351: "therefore appear in the middle of the viewport (e.g. the"
          text run at (0,72) width 381: "browser window). The text inside the gray rectangle should"
          text run at (0,90) width 102: "not be centered."
      LayoutBlockFlow {P} at (392,316) size 392x108 [bgcolor=#808080]
        LayoutText {#text} at (0,0) size 381x108
          text run at (0,0) width 368: "This element has a width of 50%, and due to 'auto' values"
          text run at (0,18) width 344: "applied to the left margin, the element should be right"
          text run at (0,36) width 168: "justified within its parent. "
          text run at (167,36) width 168: "The gray rectangle should"
          text run at (0,54) width 375: "therefore appear on the right edge of the viewport (e.g. the"
          text run at (0,72) width 381: "browser window). The text inside the gray rectangle should"
          text run at (0,90) width 102: "not be centered."
      LayoutBlockFlow {P} at (0,440) size 784x36 [bgcolor=#808080]
        LayoutText {#text} at (0,0) size 774x36
          text run at (0,0) width 774: "Since the width is \"auto,\" the margins that are set to \"auto\" become zero and this paragraph should have width 100% and"
          text run at (0,18) width 199: "the text should be left justified."
      LayoutBlockFlow {P} at (0,492) size 784x36 [bgcolor=#808080]
        LayoutText {#text} at (0,0) size 774x36
          text run at (0,0) width 774: "Since the width is \"auto,\" the margins that are set to \"auto\" become zero and this paragraph should have width 100% and"
          text run at (0,18) width 199: "the text should be left justified."
      LayoutBlockFlow {P} at (0,544) size 784x36 [bgcolor=#808080]
        LayoutText {#text} at (0,0) size 774x36
          text run at (0,0) width 774: "Since the width is \"auto,\" the margins that are set to \"auto\" become zero and this paragraph should have width 100% and"
          text run at (0,18) width 199: "the text should be left justified."
      LayoutBlockFlow {P} at (0,596) size 392x72 [bgcolor=#808080]
        LayoutText {#text} at (0,0) size 379x36
          text run at (0,0) width 379: "Since auto is an invalid value for padding, the right-margin"
          text run at (0,18) width 229: "of this paragraph should be reset to "
        LayoutInline {CODE} at (0,0) size 33x15
          LayoutText {#text} at (228,20) size 33x15
            text run at (228,20) width 33: "auto"
        LayoutText {#text} at (260,18) size 376x54
          text run at (260,18) width 77: " and thus be"
          text run at (0,36) width 376: "expanded to 50% and it should only occupy the left half of"
          text run at (0,54) width 85: "the viewport."
      LayoutBlockFlow {P} at (0,684) size 784x18 [bgcolor=#808080]
        LayoutText {#text} at (0,0) size 643x18
          text run at (0,0) width 643: "Because this paragraph has width 100%, the auto margins become zero, so it should not be centered."
