layer at (0,0) size 800x600
  LayoutView at (0,0) size 800x600
layer at (0,0) size 800x70
  LayoutBlockFlow {HTML} at (0,0) size 800x70
    LayoutBlockFlow {BODY} at (8,8) size 784x54
      LayoutBlockFlow {PROGRESS} at (0,1.19) size 160x16 [border: (2px solid #0000FF)]
        LayoutBlockFlow {DIV} at (2,2) size 156x12
          LayoutBlockFlow {DIV} at (0,0) size 156x12 [bgcolor=#808080]
            LayoutBlockFlow {DIV} at (0,0) size 0x12 [bgcolor=#008000]
      LayoutText {#text} at (160,0) size 4x18
        text run at (160,0) width 4: " "
      LayoutBR {BR} at (164,0) size 0x18
      LayoutBlockFlow {PROGRESS} at (0,19.19) size 160x16 [border: (2px solid #0000FF)]
        LayoutBlockFlow {DIV} at (2,2) size 156x12
          LayoutBlockFlow {DIV} at (0,0) size 156x12 [bgcolor=#808080]
            LayoutBlockFlow {DIV} at (0,0) size 0x12 [bgcolor=#008000]
      LayoutText {#text} at (160,18) size 4x18
        text run at (160,18) width 4: " "
      LayoutBR {BR} at (164,18) size 0x18
      LayoutBlockFlow {PROGRESS} at (0,37.19) size 160x16 [border: (2px solid #FF0000)]
        LayoutBlockFlow {DIV} at (2,2) size 156x12
          LayoutBlockFlow {DIV} at (0,0) size 156x12 [bgcolor=#808080]
            LayoutBlockFlow {DIV} at (0,0) size 78x12 [bgcolor=#008000]
      LayoutText {#text} at (0,0) size 0x0
