layer at (0,0) size 800x600
  LayoutView at (0,0) size 800x600
layer at (0,0) size 800x297
  LayoutBlockFlow {html} at (0,0) size 800x297
    LayoutBlockFlow {body} at (8,16) size 784x273
      LayoutBlockFlow {p} at (0,0) size 784x19
        LayoutTextControl {input} at (0,0) size 311x19 [bgcolor=#FFFFFF] [border: (2px inset #EEEEEE)]
      LayoutBlockFlow {p} at (0,35) size 784x18
        LayoutText {#text} at (0,0) size 465x18
          text run at (0,0) width 465: "It should say \"PASSED\" above and there should be a green circle below."
      LayoutBlockFlow (anonymous) at (0,69) size 784x204
        LayoutSVGRoot {svg} at (0,0) size 200x200
          LayoutSVGEllipse {circle} at (0,0) size 100x100 [fill={[type=SOLID] [color=#008000]}] [cx=50.00] [cy=50.00] [r=50.00]
        LayoutText {#text} at (0,0) size 0x0
layer at (11,19) size 305x13
  LayoutBlockFlow {div} at (3,3) size 305x13
    LayoutText {#text} at (0,0) size 115x13
      text run at (0,0) width 115: "This test has PASSED."
