layer at (0,0) size 800x600 clip at (0,0) size 785x600 scrollHeight 1054
  LayoutView at (0,0) size 800x600
layer at (0,0) size 785x1054 backgroundClip at (0,0) size 785x600 clip at (0,0) size 785x600
  LayoutBlockFlow {HTML} at (0,0) size 785x1054
    LayoutBlockFlow {BODY} at (8,8) size 769x584
      LayoutBlockFlow (floating) {DIV} at (0,0) size 352x862 [border: (1px solid #FF0000)]
        LayoutBlockFlow (anonymous) at (1,1) size 350x14
          LayoutText {#text} at (0,-1) size 177x16
            text run at (0,-1) width 177: "Plain textarea with little content"
        LayoutBlockFlow {DIV} at (1,15) size 352x40 [border: (1px solid #FF0000)]
          LayoutText {#text} at (1,24) size 13x16
            text run at (1,24) width 13: "A "
          LayoutText {#text} at (193,24) size 12x16
            text run at (193,24) width 12: " B"
        LayoutBlockFlow (anonymous) at (1,55) size 350x14
          LayoutText {#text} at (0,-1) size 75x16
            text run at (0,-1) width 75: "Plain textarea"
        LayoutBlockFlow {DIV} at (1,69) size 352x40 [border: (1px solid #FF0000)]
          LayoutText {#text} at (1,24) size 13x16
            text run at (1,24) width 13: "A "
          LayoutText {#text} at (193,24) size 12x16
            text run at (193,24) width 12: " B"
        LayoutBlockFlow (anonymous) at (1,109) size 350x14
          LayoutText {#text} at (0,-1) size 96x16
            text run at (0,-1) width 96: "Disabled textarea"
        LayoutBlockFlow {DIV} at (1,123) size 352x40 [border: (1px solid #FF0000)]
          LayoutText {#text} at (1,24) size 13x16
            text run at (1,24) width 13: "A "
          LayoutText {#text} at (193,24) size 12x16
            text run at (193,24) width 12: " B"
        LayoutBlockFlow (anonymous) at (1,163) size 350x14
          LayoutText {#text} at (0,-1) size 119x16
            text run at (0,-1) width 119: "style=\"padding:10px\""
        LayoutBlockFlow {DIV} at (1,177) size 352x58 [border: (1px solid #FF0000)]
          LayoutText {#text} at (1,42) size 13x16
            text run at (1,42) width 13: "A "
          LayoutText {#text} at (211,42) size 12x16
            text run at (211,42) width 12: " B"
        LayoutBlockFlow (anonymous) at (1,235) size 350x14
          LayoutText {#text} at (0,-1) size 112x16
            text run at (0,-1) width 112: "style=\"padding:0px\""
        LayoutBlockFlow {DIV} at (1,249) size 352x38 [border: (1px solid #FF0000)]
          LayoutText {#text} at (1,22) size 13x16
            text run at (1,22) width 13: "A "
          LayoutText {#text} at (191,22) size 12x16
            text run at (191,22) width 12: " B"
        LayoutBlockFlow (anonymous) at (1,287) size 350x14
          LayoutText {#text} at (0,-1) size 114x16
            text run at (0,-1) width 114: "style=\"margin:10px\""
        LayoutBlockFlow {DIV} at (1,301) size 352x60 [border: (1px solid #FF0000)]
          LayoutText {#text} at (1,44) size 13x16
            text run at (1,44) width 13: "A "
          LayoutText {#text} at (213,44) size 12x16
            text run at (213,44) width 12: " B"
        LayoutBlockFlow (anonymous) at (1,361) size 350x14
          LayoutText {#text} at (0,-1) size 107x16
            text run at (0,-1) width 107: "style=\"margin:0px\""
        LayoutBlockFlow {DIV} at (1,375) size 352x40 [border: (1px solid #FF0000)]
          LayoutText {#text} at (1,24) size 13x16
            text run at (1,24) width 13: "A "
          LayoutText {#text} at (193,24) size 12x16
            text run at (193,24) width 12: " B"
        LayoutBlockFlow (anonymous) at (1,415) size 350x14
          LayoutText {#text} at (0,-1) size 38x16
            text run at (0,-1) width 38: "cols=3"
        LayoutBlockFlow {DIV} at (1,429) size 352x40 [border: (1px solid #FF0000)]
          LayoutText {#text} at (1,24) size 13x16
            text run at (1,24) width 13: "A "
          LayoutText {#text} at (57,24) size 12x16
            text run at (57,24) width 12: " B"
        LayoutBlockFlow (anonymous) at (1,469) size 350x14
          LayoutText {#text} at (0,-1) size 44x16
            text run at (0,-1) width 44: "rows=3"
        LayoutBlockFlow {DIV} at (1,483) size 352x56 [border: (1px solid #FF0000)]
          LayoutText {#text} at (1,40) size 13x16
            text run at (1,40) width 13: "A "
          LayoutText {#text} at (193,40) size 12x16
            text run at (193,40) width 12: " B"
        LayoutBlockFlow (anonymous) at (1,539) size 350x14
          LayoutText {#text} at (0,-1) size 45x16
            text run at (0,-1) width 45: "cols=10"
        LayoutBlockFlow {DIV} at (1,553) size 352x40 [border: (1px solid #FF0000)]
          LayoutText {#text} at (1,24) size 13x16
            text run at (1,24) width 13: "A "
          LayoutText {#text} at (113,24) size 12x16
            text run at (113,24) width 12: " B"
        LayoutBlockFlow (anonymous) at (1,593) size 350x14
          LayoutText {#text} at (0,-1) size 51x16
            text run at (0,-1) width 51: "rows=10"
        LayoutBlockFlow {DIV} at (1,607) size 352x168 [border: (1px solid #FF0000)]
          LayoutText {#text} at (1,152) size 13x16
            text run at (1,152) width 13: "A "
          LayoutText {#text} at (193,152) size 12x16
            text run at (193,152) width 12: " B"
        LayoutBlockFlow (anonymous) at (1,775) size 350x14
          LayoutText {#text} at (0,-1) size 86x16
            text run at (0,-1) width 86: "cols=5 rows=4"
        LayoutBlockFlow {DIV} at (1,789) size 352x72 [border: (1px solid #FF0000)]
          LayoutText {#text} at (1,56) size 13x16
            text run at (1,56) width 13: "A "
          LayoutText {#text} at (73,56) size 12x16
            text run at (73,56) width 12: " B"
      LayoutBlockFlow (floating) {DIV} at (352,0) size 352x1046 [border: (1px solid #FF0000)]
        LayoutBlockFlow (anonymous) at (1,1) size 350x14
          LayoutText {#text} at (0,-1) size 107x16
            text run at (0,-1) width 107: "style=\"width:60px\""
        LayoutBlockFlow {DIV} at (1,15) size 352x40 [border: (1px solid #FF0000)]
          LayoutText {#text} at (1,24) size 13x16
            text run at (1,24) width 13: "A "
          LayoutText {#text} at (74,24) size 12x16
            text run at (74,24) width 12: " B"
        LayoutBlockFlow (anonymous) at (1,55) size 350x14
          LayoutText {#text} at (0,-1) size 186x16
            text run at (0,-1) width 186: "style=\"width:60px;padding:20px\""
        LayoutBlockFlow {DIV} at (1,69) size 352x78 [border: (1px solid #FF0000)]
          LayoutText {#text} at (1,62) size 13x16
            text run at (1,62) width 13: "A "
          LayoutText {#text} at (74,62) size 12x16
            text run at (74,62) width 12: " B"
        LayoutBlockFlow (anonymous) at (1,147) size 350x14
          LayoutText {#text} at (0,-1) size 165x16
            text run at (0,-1) width 165: "style=\"width:60px;padding:0\""
        LayoutBlockFlow {DIV} at (1,161) size 352x38 [border: (1px solid #FF0000)]
          LayoutText {#text} at (1,22) size 13x16
            text run at (1,22) width 13: "A "
          LayoutText {#text} at (74,22) size 12x16
            text run at (74,22) width 12: " B"
        LayoutBlockFlow (anonymous) at (1,199) size 350x14
          LayoutText {#text} at (0,-1) size 109x16
            text run at (0,-1) width 109: "style=\"height:60px\""
        LayoutBlockFlow {DIV} at (1,213) size 352x64 [border: (1px solid #FF0000)]
          LayoutText {#text} at (1,48) size 13x16
            text run at (1,48) width 13: "A "
          LayoutText {#text} at (193,48) size 12x16
            text run at (193,48) width 12: " B"
        LayoutBlockFlow (anonymous) at (1,277) size 350x14
          LayoutText {#text} at (0,-1) size 176x16
            text run at (0,-1) width 176: "style=\"width:60px;height:60px\""
        LayoutBlockFlow {DIV} at (1,291) size 352x64 [border: (1px solid #FF0000)]
          LayoutText {#text} at (1,48) size 13x16
            text run at (1,48) width 13: "A "
          LayoutText {#text} at (74,48) size 12x16
            text run at (74,48) width 12: " B"
        LayoutBlockFlow (anonymous) at (1,355) size 350x14
          LayoutText {#text} at (0,-1) size 135x16
            text run at (0,-1) width 135: "style=\"overflow:hidden\""
        LayoutBlockFlow {DIV} at (1,369) size 352x40 [border: (1px solid #FF0000)]
          LayoutText {#text} at (1,24) size 13x16
            text run at (1,24) width 13: "A "
          LayoutText {#text} at (193,24) size 12x16
            text run at (193,24) width 12: " B"
        LayoutBlockFlow (anonymous) at (1,409) size 350x14
          LayoutText {#text} at (0,-1) size 129x16
            text run at (0,-1) width 129: "style=\"overflow:scroll\""
        LayoutBlockFlow {DIV} at (1,423) size 352x55 [border: (1px solid #FF0000)]
          LayoutText {#text} at (1,39) size 13x16
            text run at (1,39) width 13: "A "
          LayoutText {#text} at (193,39) size 12x16
            text run at (193,39) width 12: " B"
        LayoutBlockFlow (anonymous) at (1,478) size 350x14
          LayoutText {#text} at (0,-1) size 271x16
            text run at (0,-1) width 271: "style=\"overflow:hidden;width:60px;height:60px\""
        LayoutBlockFlow {DIV} at (1,492) size 352x64 [border: (1px solid #FF0000)]
          LayoutText {#text} at (1,48) size 13x16
            text run at (1,48) width 13: "A "
          LayoutText {#text} at (74,48) size 12x16
            text run at (74,48) width 12: " B"
        LayoutBlockFlow (anonymous) at (1,556) size 350x14
          LayoutText {#text} at (0,-1) size 265x16
            text run at (0,-1) width 265: "style=\"overflow:scroll;width:60px;height:60px\""
        LayoutBlockFlow {DIV} at (1,570) size 352x64 [border: (1px solid #FF0000)]
          LayoutText {#text} at (1,48) size 13x16
            text run at (1,48) width 13: "A "
          LayoutText {#text} at (74,48) size 12x16
            text run at (74,48) width 12: " B"
        LayoutBlockFlow (anonymous) at (1,634) size 350x14
          LayoutText {#text} at (0,-1) size 218x16
            text run at (0,-1) width 218: "cols=5 style=\"width:60px;height:60px\""
        LayoutBlockFlow {DIV} at (1,648) size 352x64 [border: (1px solid #FF0000)]
          LayoutText {#text} at (1,48) size 13x16
            text run at (1,48) width 13: "A "
          LayoutText {#text} at (74,48) size 12x16
            text run at (74,48) width 12: " B"
        LayoutBlockFlow (anonymous) at (1,712) size 350x14
          LayoutText {#text} at (0,-1) size 224x16
            text run at (0,-1) width 224: "rows=4 style=\"width:60px;height:60px\""
        LayoutBlockFlow {DIV} at (1,726) size 352x64 [border: (1px solid #FF0000)]
          LayoutText {#text} at (1,48) size 13x16
            text run at (1,48) width 13: "A "
          LayoutText {#text} at (74,48) size 12x16
            text run at (74,48) width 12: " B"
        LayoutBlockFlow (anonymous) at (1,790) size 350x14
          LayoutText {#text} at (0,-1) size 266x16
            text run at (0,-1) width 266: "cols=5 rows=4 style=\"width:60px;height:60px\""
        LayoutBlockFlow {DIV} at (1,804) size 352x64 [border: (1px solid #FF0000)]
          LayoutText {#text} at (1,48) size 13x16
            text run at (1,48) width 13: "A "
          LayoutText {#text} at (74,48) size 12x16
            text run at (74,48) width 12: " B"
        LayoutBlockFlow (anonymous) at (1,868) size 350x14
          LayoutText {#text} at (0,-1) size 64x16
            text run at (0,-1) width 64: "wrap=\"off\""
        LayoutBlockFlow {DIV} at (1,882) size 352x55 [border: (1px solid #FF0000)]
          LayoutText {#text} at (1,39) size 13x16
            text run at (1,39) width 13: "A "
          LayoutText {#text} at (193,39) size 12x16
            text run at (193,39) width 4: " "
            text run at (197,39) width 8: "B"
        LayoutBlockFlow (anonymous) at (1,937) size 350x14
          LayoutText {#text} at (0,-1) size 72x16
            text run at (0,-1) width 72: "wrap=\"hard\""
        LayoutBlockFlow {DIV} at (1,951) size 352x40 [border: (1px solid #FF0000)]
          LayoutText {#text} at (1,24) size 13x16
            text run at (1,24) width 13: "A "
          LayoutText {#text} at (193,24) size 12x16
            text run at (193,24) width 4: " "
            text run at (197,24) width 8: "B"
        LayoutBlockFlow (anonymous) at (1,991) size 350x14
          LayoutText {#text} at (0,-1) size 69x16
            text run at (0,-1) width 69: "wrap=\"soft\""
        LayoutBlockFlow {DIV} at (1,1005) size 352x40 [border: (1px solid #FF0000)]
          LayoutText {#text} at (1,24) size 13x16
            text run at (1,24) width 13: "A "
          LayoutText {#text} at (193,24) size 12x16
            text run at (193,24) width 4: " "
            text run at (197,24) width 8: "B"
layer at (23,24) size 179x36 clip at (24,25) size 177x34
  LayoutTextControl {TEXTAREA} at (14,1) size 179x36 [bgcolor=#FFFFFF] [border: (1px solid #A9A9A9)]
    LayoutBlockFlow {DIV} at (3,3) size 175x16
      LayoutText {#text} at (0,0) size 136x16
        text run at (0,0) width 136: "Lorem ipsum dolor"
layer at (23,78) size 179x36 clip at (24,79) size 162x34 scrollHeight 82
  LayoutTextControl {TEXTAREA} at (14,1) size 179x36 [bgcolor=#FFFFFF] [border: (1px solid #A9A9A9)]
    LayoutBlockFlow {DIV} at (3,3) size 160x80
      LayoutText {#text} at (0,0) size 160x80
        text run at (0,0) width 136: "Lorem ipsum dolor"
        text run at (136,0) width 8: " "
        text run at (0,16) width 160: "ABCDEFGHIJKLMNOPQRST"
        text run at (0,32) width 48: "UVWXYZ"
        text run at (48,32) width 8: " "
        text run at (0,48) width 160: "abcdefghijklmnopqrst"
        text run at (0,64) width 16: "uv"
        text run at (16,64) width 8: " "
layer at (23,132) size 179x36 clip at (24,133) size 162x34 scrollHeight 82
  LayoutTextControl {TEXTAREA} at (14,1) size 179x36 [color=#545454] [bgcolor=#EBEBE4] [border: (1px solid #A9A9A9)]
    LayoutBlockFlow {DIV} at (3,3) size 160x80
      LayoutText {#text} at (0,0) size 160x80
        text run at (0,0) width 136: "Lorem ipsum dolor"
        text run at (136,0) width 8: " "
        text run at (0,16) width 160: "ABCDEFGHIJKLMNOPQRST"
        text run at (0,32) width 48: "UVWXYZ"
        text run at (48,32) width 8: " "
        text run at (0,48) width 160: "abcdefghijklmnopqrst"
        text run at (0,64) width 16: "uv"
        text run at (16,64) width 8: " "
layer at (23,186) size 197x54 clip at (24,187) size 180x52 scrollHeight 100
  LayoutTextControl {TEXTAREA} at (14,1) size 197x54 [bgcolor=#FFFFFF] [border: (1px solid #A9A9A9)]
    LayoutBlockFlow {DIV} at (11,11) size 160x80
      LayoutText {#text} at (0,0) size 160x80
        text run at (0,0) width 136: "Lorem ipsum dolor"
        text run at (136,0) width 8: " "
        text run at (0,16) width 160: "ABCDEFGHIJKLMNOPQRST"
        text run at (0,32) width 48: "UVWXYZ"
        text run at (48,32) width 8: " "
        text run at (0,48) width 160: "abcdefghijklmnopqrst"
        text run at (0,64) width 16: "uv"
        text run at (16,64) width 8: " "
layer at (23,258) size 177x34 clip at (24,259) size 160x32 scrollHeight 80
  LayoutTextControl {TEXTAREA} at (14,1) size 177x34 [bgcolor=#FFFFFF] [border: (1px solid #A9A9A9)]
    LayoutBlockFlow {DIV} at (1,1) size 160x80
      LayoutText {#text} at (0,0) size 160x80
        text run at (0,0) width 136: "Lorem ipsum dolor"
        text run at (136,0) width 8: " "
        text run at (0,16) width 160: "ABCDEFGHIJKLMNOPQRST"
        text run at (0,32) width 48: "UVWXYZ"
        text run at (48,32) width 8: " "
        text run at (0,48) width 160: "abcdefghijklmnopqrst"
        text run at (0,64) width 16: "uv"
        text run at (16,64) width 8: " "
layer at (33,320) size 179x36 clip at (34,321) size 162x34 scrollHeight 82
  LayoutTextControl {TEXTAREA} at (24,11) size 179x36 [bgcolor=#FFFFFF] [border: (1px solid #A9A9A9)]
    LayoutBlockFlow {DIV} at (3,3) size 160x80
      LayoutText {#text} at (0,0) size 160x80
        text run at (0,0) width 136: "Lorem ipsum dolor"
        text run at (136,0) width 8: " "
        text run at (0,16) width 160: "ABCDEFGHIJKLMNOPQRST"
        text run at (0,32) width 48: "UVWXYZ"
        text run at (48,32) width 8: " "
        text run at (0,48) width 160: "abcdefghijklmnopqrst"
        text run at (0,64) width 16: "uv"
        text run at (16,64) width 8: " "
layer at (23,384) size 179x36 clip at (24,385) size 162x34 scrollHeight 82
  LayoutTextControl {TEXTAREA} at (14,1) size 179x36 [bgcolor=#FFFFFF] [border: (1px solid #A9A9A9)]
    LayoutBlockFlow {DIV} at (3,3) size 160x80
      LayoutText {#text} at (0,0) size 160x80
        text run at (0,0) width 136: "Lorem ipsum dolor"
        text run at (136,0) width 8: " "
        text run at (0,16) width 160: "ABCDEFGHIJKLMNOPQRST"
        text run at (0,32) width 48: "UVWXYZ"
        text run at (48,32) width 8: " "
        text run at (0,48) width 160: "abcdefghijklmnopqrst"
        text run at (0,64) width 16: "uv"
        text run at (16,64) width 8: " "
layer at (23,438) size 43x36 clip at (24,439) size 26x34 scrollHeight 370
  LayoutTextControl {TEXTAREA} at (14,1) size 43x36 [bgcolor=#FFFFFF] [border: (1px solid #A9A9A9)]
    LayoutBlockFlow {DIV} at (3,3) size 24x368
      LayoutText {#text} at (0,0) size 24x368
        text run at (0,0) width 24: "Lor"
        text run at (0,16) width 16: "em"
        text run at (16,16) width 8: " "
        text run at (0,32) width 24: "ips"
        text run at (0,48) width 16: "um"
        text run at (16,48) width 8: " "
        text run at (0,64) width 24: "dol"
        text run at (0,80) width 16: "or"
        text run at (16,80) width 8: " "
        text run at (0,96) width 24: "ABC"
        text run at (0,112) width 24: "DEF"
        text run at (0,128) width 24: "GHI"
        text run at (0,144) width 24: "JKL"
        text run at (0,160) width 24: "MNO"
        text run at (0,176) width 24: "PQR"
        text run at (0,192) width 24: "STU"
        text run at (0,208) width 24: "VWX"
        text run at (0,224) width 16: "YZ"
        text run at (16,224) width 8: " "
        text run at (0,240) width 24: "abc"
        text run at (0,256) width 24: "def"
        text run at (0,272) width 24: "ghi"
        text run at (0,288) width 24: "jkl"
        text run at (0,304) width 24: "mno"
        text run at (0,320) width 24: "pqr"
        text run at (0,336) width 24: "stu"
        text run at (0,352) width 8: "v"
        text run at (8,352) width 8: " "
layer at (23,492) size 179x52 clip at (24,493) size 162x50 scrollHeight 82
  LayoutTextControl {TEXTAREA} at (14,1) size 179x52 [bgcolor=#FFFFFF] [border: (1px solid #A9A9A9)]
    LayoutBlockFlow {DIV} at (3,3) size 160x80
      LayoutText {#text} at (0,0) size 160x80
        text run at (0,0) width 136: "Lorem ipsum dolor"
        text run at (136,0) width 8: " "
        text run at (0,16) width 160: "ABCDEFGHIJKLMNOPQRST"
        text run at (0,32) width 48: "UVWXYZ"
        text run at (48,32) width 8: " "
        text run at (0,48) width 160: "abcdefghijklmnopqrst"
        text run at (0,64) width 16: "uv"
        text run at (16,64) width 8: " "
layer at (23,562) size 99x36 clip at (24,563) size 82x34 scrollHeight 146
  LayoutTextControl {TEXTAREA} at (14,1) size 99x36 [bgcolor=#FFFFFF] [border: (1px solid #A9A9A9)]
    LayoutBlockFlow {DIV} at (3,3) size 80x144
      LayoutText {#text} at (0,0) size 80x144
        text run at (0,0) width 40: "Lorem"
        text run at (40,0) width 8: " "
        text run at (0,16) width 40: "ipsum"
        text run at (40,16) width 8: " "
        text run at (0,32) width 40: "dolor"
        text run at (40,32) width 8: " "
        text run at (0,48) width 80: "ABCDEFGHIJ"
        text run at (0,64) width 80: "KLMNOPQRST"
        text run at (0,80) width 48: "UVWXYZ"
        text run at (48,80) width 8: " "
        text run at (0,96) width 80: "abcdefghij"
        text run at (0,112) width 80: "klmnopqrst"
        text run at (0,128) width 16: "uv"
        text run at (16,128) width 8: " "
layer at (23,616) size 179x164 backgroundClip at (0,0) size 0x0 clip at (0,0) size 0x0
  LayoutTextControl {TEXTAREA} at (14,1) size 179x164 [bgcolor=#FFFFFF] [border: (1px solid #A9A9A9)]
    LayoutBlockFlow {DIV} at (3,3) size 175x80
      LayoutText {#text} at (0,0) size 168x80
        text run at (0,0) width 136: "Lorem ipsum dolor"
        text run at (136,0) width 8: " "
        text run at (0,16) width 168: "ABCDEFGHIJKLMNOPQRSTU"
        text run at (0,32) width 40: "VWXYZ"
        text run at (40,32) width 8: " "
        text run at (0,48) width 168: "abcdefghijklmnopqrstu"
        text run at (0,64) width 8: "v"
        text run at (8,64) width 8: " "
layer at (23,798) size 59x68 backgroundClip at (0,0) size 0x0 clip at (0,0) size 0x0 scrollHeight 226
  LayoutTextControl {TEXTAREA} at (14,1) size 59x68 [bgcolor=#FFFFFF] [border: (1px solid #A9A9A9)]
    LayoutBlockFlow {DIV} at (3,3) size 40x224
      LayoutText {#text} at (0,0) size 40x224
        text run at (0,0) width 40: "Lorem"
        text run at (40,0) width 0: " "
        text run at (0,16) width 40: "ipsum"
        text run at (40,16) width 0: " "
        text run at (0,32) width 40: "dolor"
        text run at (40,32) width 0: " "
        text run at (0,48) width 40: "ABCDE"
        text run at (0,64) width 40: "FGHIJ"
        text run at (0,80) width 40: "KLMNO"
        text run at (0,96) width 40: "PQRST"
        text run at (0,112) width 40: "UVWXY"
        text run at (0,128) width 8: "Z"
        text run at (8,128) width 8: " "
        text run at (0,144) width 40: "abcde"
        text run at (0,160) width 40: "fghij"
        text run at (0,176) width 40: "klmno"
        text run at (0,192) width 40: "pqrst"
        text run at (0,208) width 16: "uv"
        text run at (16,208) width 8: " "
layer at (375,24) size 60x36 clip at (376,25) size 43x34 scrollHeight 226
  LayoutTextControl {TEXTAREA} at (14,1) size 60x36 [bgcolor=#FFFFFF] [border: (1px solid #A9A9A9)]
    LayoutBlockFlow {DIV} at (3,3) size 41x224
      LayoutText {#text} at (0,0) size 41x224
        text run at (0,0) width 40: "Lorem"
        text run at (40,0) width 1: " "
        text run at (0,16) width 40: "ipsum"
        text run at (40,16) width 1: " "
        text run at (0,32) width 40: "dolor"
        text run at (40,32) width 1: " "
        text run at (0,48) width 40: "ABCDE"
        text run at (0,64) width 40: "FGHIJ"
        text run at (0,80) width 40: "KLMNO"
        text run at (0,96) width 40: "PQRST"
        text run at (0,112) width 40: "UVWXY"
        text run at (0,128) width 8: "Z"
        text run at (8,128) width 8: " "
        text run at (0,144) width 40: "abcde"
        text run at (0,160) width 40: "fghij"
        text run at (0,176) width 40: "klmno"
        text run at (0,192) width 40: "pqrst"
        text run at (0,208) width 16: "uv"
        text run at (16,208) width 8: " "
layer at (375,78) size 60x74 clip at (376,79) size 43x72 scrollHeight 1128
  LayoutTextControl {TEXTAREA} at (14,1) size 60x74 [bgcolor=#FFFFFF] [border: (1px solid #A9A9A9)]
    LayoutBlockFlow {DIV} at (21,21) size 3x1088
      LayoutText {#text} at (0,0) size 8x1088
        text run at (0,0) width 8: "L"
        text run at (0,16) width 8: "o"
        text run at (0,32) width 8: "r"
        text run at (0,48) width 8: "e"
        text run at (0,64) width 8: "m"
        text run at (0,80) width 3: " "
        text run at (0,96) width 8: "i"
        text run at (0,112) width 8: "p"
        text run at (0,128) width 8: "s"
        text run at (0,144) width 8: "u"
        text run at (0,160) width 8: "m"
        text run at (0,176) width 3: " "
        text run at (0,192) width 8: "d"
        text run at (0,208) width 8: "o"
        text run at (0,224) width 8: "l"
        text run at (0,240) width 8: "o"
        text run at (0,256) width 8: "r"
        text run at (0,272) width 3: " "
        text run at (0,288) width 8: "A"
        text run at (0,304) width 8: "B"
        text run at (0,320) width 8: "C"
        text run at (0,336) width 8: "D"
        text run at (0,352) width 8: "E"
        text run at (0,368) width 8: "F"
        text run at (0,384) width 8: "G"
        text run at (0,400) width 8: "H"
        text run at (0,416) width 8: "I"
        text run at (0,432) width 8: "J"
        text run at (0,448) width 8: "K"
        text run at (0,464) width 8: "L"
        text run at (0,480) width 8: "M"
        text run at (0,496) width 8: "N"
        text run at (0,512) width 8: "O"
        text run at (0,528) width 8: "P"
        text run at (0,544) width 8: "Q"
        text run at (0,560) width 8: "R"
        text run at (0,576) width 8: "S"
        text run at (0,592) width 8: "T"
        text run at (0,608) width 8: "U"
        text run at (0,624) width 8: "V"
        text run at (0,640) width 8: "W"
        text run at (0,656) width 8: "X"
        text run at (0,672) width 8: "Y"
        text run at (0,688) width 8: "Z"
        text run at (0,704) width 3: " "
        text run at (0,720) width 8: "a"
        text run at (0,736) width 8: "b"
        text run at (0,752) width 8: "c"
        text run at (0,768) width 8: "d"
        text run at (0,784) width 8: "e"
        text run at (0,800) width 8: "f"
        text run at (0,816) width 8: "g"
        text run at (0,832) width 8: "h"
        text run at (0,848) width 8: "i"
        text run at (0,864) width 8: "j"
        text run at (0,880) width 8: "k"
        text run at (0,896) width 8: "l"
        text run at (0,912) width 8: "m"
        text run at (0,928) width 8: "n"
        text run at (0,944) width 8: "o"
        text run at (0,960) width 8: "p"
        text run at (0,976) width 8: "q"
        text run at (0,992) width 8: "r"
        text run at (0,1008) width 8: "s"
        text run at (0,1024) width 8: "t"
        text run at (0,1040) width 8: "u"
        text run at (0,1056) width 8: "v"
        text run at (0,1072) width 3: " "
layer at (375,170) size 60x34 clip at (376,171) size 43x32 scrollHeight 224
  LayoutTextControl {TEXTAREA} at (14,1) size 60x34 [bgcolor=#FFFFFF] [border: (1px solid #A9A9A9)]
    LayoutBlockFlow {DIV} at (1,1) size 43x224
      LayoutText {#text} at (0,0) size 43x224
        text run at (0,0) width 40: "Lorem"
        text run at (40,0) width 3: " "
        text run at (0,16) width 40: "ipsum"
        text run at (40,16) width 3: " "
        text run at (0,32) width 40: "dolor"
        text run at (40,32) width 3: " "
        text run at (0,48) width 40: "ABCDE"
        text run at (0,64) width 40: "FGHIJ"
        text run at (0,80) width 40: "KLMNO"
        text run at (0,96) width 40: "PQRST"
        text run at (0,112) width 40: "UVWXY"
        text run at (0,128) width 8: "Z"
        text run at (8,128) width 8: " "
        text run at (0,144) width 40: "abcde"
        text run at (0,160) width 40: "fghij"
        text run at (0,176) width 40: "klmno"
        text run at (0,192) width 40: "pqrst"
        text run at (0,208) width 16: "uv"
        text run at (16,208) width 8: " "
layer at (375,222) size 179x60 clip at (376,223) size 162x58 scrollHeight 82
  LayoutTextControl {TEXTAREA} at (14,1) size 179x60 [bgcolor=#FFFFFF] [border: (1px solid #A9A9A9)]
    LayoutBlockFlow {DIV} at (3,3) size 160x80
      LayoutText {#text} at (0,0) size 160x80
        text run at (0,0) width 136: "Lorem ipsum dolor"
        text run at (136,0) width 8: " "
        text run at (0,16) width 160: "ABCDEFGHIJKLMNOPQRST"
        text run at (0,32) width 48: "UVWXYZ"
        text run at (48,32) width 8: " "
        text run at (0,48) width 160: "abcdefghijklmnopqrst"
        text run at (0,64) width 16: "uv"
        text run at (16,64) width 8: " "
layer at (375,300) size 60x60 clip at (376,301) size 43x58 scrollHeight 226
  LayoutTextControl {TEXTAREA} at (14,1) size 60x60 [bgcolor=#FFFFFF] [border: (1px solid #A9A9A9)]
    LayoutBlockFlow {DIV} at (3,3) size 41x224
      LayoutText {#text} at (0,0) size 41x224
        text run at (0,0) width 40: "Lorem"
        text run at (40,0) width 1: " "
        text run at (0,16) width 40: "ipsum"
        text run at (40,16) width 1: " "
        text run at (0,32) width 40: "dolor"
        text run at (40,32) width 1: " "
        text run at (0,48) width 40: "ABCDE"
        text run at (0,64) width 40: "FGHIJ"
        text run at (0,80) width 40: "KLMNO"
        text run at (0,96) width 40: "PQRST"
        text run at (0,112) width 40: "UVWXY"
        text run at (0,128) width 8: "Z"
        text run at (8,128) width 8: " "
        text run at (0,144) width 40: "abcde"
        text run at (0,160) width 40: "fghij"
        text run at (0,176) width 40: "klmno"
        text run at (0,192) width 40: "pqrst"
        text run at (0,208) width 16: "uv"
        text run at (16,208) width 8: " "
layer at (375,378) size 179x36 clip at (376,379) size 177x34 scrollHeight 82
  LayoutTextControl {TEXTAREA} at (14,1) size 179x36 [bgcolor=#FFFFFF] [border: (1px solid #A9A9A9)]
    LayoutBlockFlow {DIV} at (3,3) size 175x80
      LayoutText {#text} at (0,0) size 168x80
        text run at (0,0) width 136: "Lorem ipsum dolor"
        text run at (136,0) width 8: " "
        text run at (0,16) width 168: "ABCDEFGHIJKLMNOPQRSTU"
        text run at (0,32) width 40: "VWXYZ"
        text run at (40,32) width 8: " "
        text run at (0,48) width 168: "abcdefghijklmnopqrstu"
        text run at (0,64) width 8: "v"
        text run at (8,64) width 8: " "
layer at (375,432) size 179x51 clip at (376,433) size 162x34 scrollHeight 82
  LayoutTextControl {TEXTAREA} at (14,1) size 179x51 [bgcolor=#FFFFFF] [border: (1px solid #A9A9A9)]
    LayoutBlockFlow {DIV} at (3,3) size 160x80
      LayoutText {#text} at (0,0) size 160x80
        text run at (0,0) width 136: "Lorem ipsum dolor"
        text run at (136,0) width 8: " "
        text run at (0,16) width 160: "ABCDEFGHIJKLMNOPQRST"
        text run at (0,32) width 48: "UVWXYZ"
        text run at (48,32) width 8: " "
        text run at (0,48) width 160: "abcdefghijklmnopqrst"
        text run at (0,64) width 16: "uv"
        text run at (16,64) width 8: " "
layer at (375,501) size 60x60 clip at (376,502) size 58x58 scrollHeight 178
  LayoutTextControl {TEXTAREA} at (14,1) size 60x60 [bgcolor=#FFFFFF] [border: (1px solid #A9A9A9)]
    LayoutBlockFlow {DIV} at (3,3) size 56x176
      LayoutText {#text} at (0,0) size 56x176
        text run at (0,0) width 40: "Lorem"
        text run at (40,0) width 8: " "
        text run at (0,16) width 40: "ipsum"
        text run at (40,16) width 8: " "
        text run at (0,32) width 40: "dolor"
        text run at (40,32) width 8: " "
        text run at (0,48) width 56: "ABCDEFG"
        text run at (0,64) width 56: "HIJKLMN"
        text run at (0,80) width 56: "OPQRSTU"
        text run at (0,96) width 40: "VWXYZ"
        text run at (40,96) width 8: " "
        text run at (0,112) width 56: "abcdefg"
        text run at (0,128) width 56: "hijklmn"
        text run at (0,144) width 56: "opqrstu"
        text run at (0,160) width 8: "v"
        text run at (8,160) width 8: " "
layer at (375,579) size 60x60 backgroundClip at (375,579) size 60x21 clip at (376,580) size 43x20 scrollHeight 226
  LayoutTextControl {TEXTAREA} at (14,1) size 60x60 [bgcolor=#FFFFFF] [border: (1px solid #A9A9A9)]
    LayoutBlockFlow {DIV} at (3,3) size 41x224
      LayoutText {#text} at (0,0) size 41x224
        text run at (0,0) width 40: "Lorem"
        text run at (40,0) width 1: " "
        text run at (0,16) width 40: "ipsum"
        text run at (40,16) width 1: " "
        text run at (0,32) width 40: "dolor"
        text run at (40,32) width 1: " "
        text run at (0,48) width 40: "ABCDE"
        text run at (0,64) width 40: "FGHIJ"
        text run at (0,80) width 40: "KLMNO"
        text run at (0,96) width 40: "PQRST"
        text run at (0,112) width 40: "UVWXY"
        text run at (0,128) width 8: "Z"
        text run at (8,128) width 8: " "
        text run at (0,144) width 40: "abcde"
        text run at (0,160) width 40: "fghij"
        text run at (0,176) width 40: "klmno"
        text run at (0,192) width 40: "pqrst"
        text run at (0,208) width 16: "uv"
        text run at (16,208) width 8: " "
layer at (375,657) size 60x60 backgroundClip at (0,0) size 0x0 clip at (0,0) size 0x0 scrollHeight 226
  LayoutTextControl {TEXTAREA} at (14,1) size 60x60 [bgcolor=#FFFFFF] [border: (1px solid #A9A9A9)]
    LayoutBlockFlow {DIV} at (3,3) size 41x224
      LayoutText {#text} at (0,0) size 41x224
        text run at (0,0) width 40: "Lorem"
        text run at (40,0) width 1: " "
        text run at (0,16) width 40: "ipsum"
        text run at (40,16) width 1: " "
        text run at (0,32) width 40: "dolor"
        text run at (40,32) width 1: " "
        text run at (0,48) width 40: "ABCDE"
        text run at (0,64) width 40: "FGHIJ"
        text run at (0,80) width 40: "KLMNO"
        text run at (0,96) width 40: "PQRST"
        text run at (0,112) width 40: "UVWXY"
        text run at (0,128) width 8: "Z"
        text run at (8,128) width 8: " "
        text run at (0,144) width 40: "abcde"
        text run at (0,160) width 40: "fghij"
        text run at (0,176) width 40: "klmno"
        text run at (0,192) width 40: "pqrst"
        text run at (0,208) width 16: "uv"
        text run at (16,208) width 8: " "
layer at (375,735) size 60x60 backgroundClip at (0,0) size 0x0 clip at (0,0) size 0x0 scrollHeight 226
  LayoutTextControl {TEXTAREA} at (14,1) size 60x60 [bgcolor=#FFFFFF] [border: (1px solid #A9A9A9)]
    LayoutBlockFlow {DIV} at (3,3) size 41x224
      LayoutText {#text} at (0,0) size 41x224
        text run at (0,0) width 40: "Lorem"
        text run at (40,0) width 1: " "
        text run at (0,16) width 40: "ipsum"
        text run at (40,16) width 1: " "
        text run at (0,32) width 40: "dolor"
        text run at (40,32) width 1: " "
        text run at (0,48) width 40: "ABCDE"
        text run at (0,64) width 40: "FGHIJ"
        text run at (0,80) width 40: "KLMNO"
        text run at (0,96) width 40: "PQRST"
        text run at (0,112) width 40: "UVWXY"
        text run at (0,128) width 8: "Z"
        text run at (8,128) width 8: " "
        text run at (0,144) width 40: "abcde"
        text run at (0,160) width 40: "fghij"
        text run at (0,176) width 40: "klmno"
        text run at (0,192) width 40: "pqrst"
        text run at (0,208) width 16: "uv"
        text run at (16,208) width 8: " "
layer at (375,813) size 60x60 backgroundClip at (0,0) size 0x0 clip at (0,0) size 0x0 scrollHeight 226
  LayoutTextControl {TEXTAREA} at (14,1) size 60x60 [bgcolor=#FFFFFF] [border: (1px solid #A9A9A9)]
    LayoutBlockFlow {DIV} at (3,3) size 41x224
      LayoutText {#text} at (0,0) size 41x224
        text run at (0,0) width 40: "Lorem"
        text run at (40,0) width 1: " "
        text run at (0,16) width 40: "ipsum"
        text run at (40,16) width 1: " "
        text run at (0,32) width 40: "dolor"
        text run at (40,32) width 1: " "
        text run at (0,48) width 40: "ABCDE"
        text run at (0,64) width 40: "FGHIJ"
        text run at (0,80) width 40: "KLMNO"
        text run at (0,96) width 40: "PQRST"
        text run at (0,112) width 40: "UVWXY"
        text run at (0,128) width 8: "Z"
        text run at (8,128) width 8: " "
        text run at (0,144) width 40: "abcde"
        text run at (0,160) width 40: "fghij"
        text run at (0,176) width 40: "klmno"
        text run at (0,192) width 40: "pqrst"
        text run at (0,208) width 16: "uv"
        text run at (16,208) width 8: " "
layer at (375,891) size 179x51 backgroundClip at (0,0) size 0x0 clip at (0,0) size 0x0 scrollWidth 290 scrollHeight 258
  LayoutTextControl {TEXTAREA} at (14,1) size 179x51 [bgcolor=#FFFFFF] [border: (1px solid #A9A9A9)]
    LayoutBlockFlow {DIV} at (3,3) size 160x256
      LayoutText {#text} at (0,0) size 288x240
        text run at (0,0) width 8: " "
        text run at (8,0) width 0: " "
        text run at (0,16) width 288: "This is a text area with wrap=\"soft\""
        text run at (288,16) width 0: " "
        text run at (0,32) width 288: "This is a text area with wrap=\"soft\""
        text run at (288,32) width 0: " "
        text run at (0,48) width 288: "This is a text area with wrap=\"soft\""
        text run at (288,48) width 0: " "
        text run at (0,64) width 288: "This is a text area with wrap=\"soft\""
        text run at (288,64) width 0: " "
        text run at (0,80) width 288: "This is a text area with wrap=\"soft\""
        text run at (288,80) width 0: " "
        text run at (0,96) width 288: "This is a text area with wrap=\"soft\""
        text run at (288,96) width 0: " "
        text run at (0,112) width 288: "This is a text area with wrap=\"soft\""
        text run at (288,112) width 0: " "
        text run at (0,128) width 288: "This is a text area with wrap=\"soft\""
        text run at (288,128) width 0: " "
        text run at (0,144) width 288: "This is a text area with wrap=\"soft\""
        text run at (288,144) width 0: " "
        text run at (0,160) width 288: "This is a text area with wrap=\"soft\""
        text run at (288,160) width 0: " "
        text run at (0,176) width 288: "This is a text area with wrap=\"soft\""
        text run at (288,176) width 0: " "
        text run at (0,192) width 288: "This is a text area with wrap=\"soft\""
        text run at (288,192) width 0: " "
        text run at (0,208) width 288: "This is a text area with wrap=\"soft\""
        text run at (288,208) width 0: " "
        text run at (0,224) width 288: "This is a text area with wrap=\"soft\""
        text run at (288,224) width 0: " "
      LayoutBR {BR} at (0,240) size 0x16
layer at (375,960) size 179x36 backgroundClip at (0,0) size 0x0 clip at (0,0) size 0x0 scrollHeight 482
  LayoutTextControl {TEXTAREA} at (14,1) size 179x36 [bgcolor=#FFFFFF] [border: (1px solid #A9A9A9)]
    LayoutBlockFlow {DIV} at (3,3) size 160x480
      LayoutText {#text} at (0,0) size 160x464
        text run at (0,0) width 8: " "
        text run at (8,0) width 0: " "
        text run at (0,16) width 152: "This is a text area"
        text run at (152,16) width 8: " "
        text run at (0,32) width 128: "with wrap=\"soft\""
        text run at (128,32) width 0: " "
        text run at (0,48) width 152: "This is a text area"
        text run at (152,48) width 8: " "
        text run at (0,64) width 128: "with wrap=\"soft\""
        text run at (128,64) width 0: " "
        text run at (0,80) width 152: "This is a text area"
        text run at (152,80) width 8: " "
        text run at (0,96) width 128: "with wrap=\"soft\""
        text run at (128,96) width 0: " "
        text run at (0,112) width 152: "This is a text area"
        text run at (152,112) width 8: " "
        text run at (0,128) width 128: "with wrap=\"soft\""
        text run at (128,128) width 0: " "
        text run at (0,144) width 152: "This is a text area"
        text run at (152,144) width 8: " "
        text run at (0,160) width 128: "with wrap=\"soft\""
        text run at (128,160) width 0: " "
        text run at (0,176) width 152: "This is a text area"
        text run at (152,176) width 8: " "
        text run at (0,192) width 128: "with wrap=\"soft\""
        text run at (128,192) width 0: " "
        text run at (0,208) width 152: "This is a text area"
        text run at (152,208) width 8: " "
        text run at (0,224) width 128: "with wrap=\"soft\""
        text run at (128,224) width 0: " "
        text run at (0,240) width 152: "This is a text area"
        text run at (152,240) width 8: " "
        text run at (0,256) width 128: "with wrap=\"soft\""
        text run at (128,256) width 0: " "
        text run at (0,272) width 152: "This is a text area"
        text run at (152,272) width 8: " "
        text run at (0,288) width 128: "with wrap=\"soft\""
        text run at (128,288) width 0: " "
        text run at (0,304) width 152: "This is a text area"
        text run at (152,304) width 8: " "
        text run at (0,320) width 128: "with wrap=\"soft\""
        text run at (128,320) width 0: " "
        text run at (0,336) width 152: "This is a text area"
        text run at (152,336) width 8: " "
        text run at (0,352) width 128: "with wrap=\"soft\""
        text run at (128,352) width 0: " "
        text run at (0,368) width 152: "This is a text area"
        text run at (152,368) width 8: " "
        text run at (0,384) width 128: "with wrap=\"soft\""
        text run at (128,384) width 0: " "
        text run at (0,400) width 152: "This is a text area"
        text run at (152,400) width 8: " "
        text run at (0,416) width 128: "with wrap=\"soft\""
        text run at (128,416) width 0: " "
        text run at (0,432) width 152: "This is a text area"
        text run at (152,432) width 8: " "
        text run at (0,448) width 128: "with wrap=\"soft\""
        text run at (128,448) width 0: " "
      LayoutBR {BR} at (0,464) size 0x16
layer at (375,1014) size 179x36 backgroundClip at (0,0) size 0x0 clip at (0,0) size 0x0 scrollHeight 482
  LayoutTextControl {TEXTAREA} at (14,1) size 179x36 [bgcolor=#FFFFFF] [border: (1px solid #A9A9A9)]
    LayoutBlockFlow {DIV} at (3,3) size 160x480
      LayoutText {#text} at (0,0) size 160x464
        text run at (0,0) width 8: " "
        text run at (8,0) width 0: " "
        text run at (0,16) width 152: "This is a text area"
        text run at (152,16) width 8: " "
        text run at (0,32) width 128: "with wrap=\"soft\""
        text run at (128,32) width 0: " "
        text run at (0,48) width 152: "This is a text area"
        text run at (152,48) width 8: " "
        text run at (0,64) width 128: "with wrap=\"soft\""
        text run at (128,64) width 0: " "
        text run at (0,80) width 152: "This is a text area"
        text run at (152,80) width 8: " "
        text run at (0,96) width 128: "with wrap=\"soft\""
        text run at (128,96) width 0: " "
        text run at (0,112) width 152: "This is a text area"
        text run at (152,112) width 8: " "
        text run at (0,128) width 128: "with wrap=\"soft\""
        text run at (128,128) width 0: " "
        text run at (0,144) width 152: "This is a text area"
        text run at (152,144) width 8: " "
        text run at (0,160) width 128: "with wrap=\"soft\""
        text run at (128,160) width 0: " "
        text run at (0,176) width 152: "This is a text area"
        text run at (152,176) width 8: " "
        text run at (0,192) width 128: "with wrap=\"soft\""
        text run at (128,192) width 0: " "
        text run at (0,208) width 152: "This is a text area"
        text run at (152,208) width 8: " "
        text run at (0,224) width 128: "with wrap=\"soft\""
        text run at (128,224) width 0: " "
        text run at (0,240) width 152: "This is a text area"
        text run at (152,240) width 8: " "
        text run at (0,256) width 128: "with wrap=\"soft\""
        text run at (128,256) width 0: " "
        text run at (0,272) width 152: "This is a text area"
        text run at (152,272) width 8: " "
        text run at (0,288) width 128: "with wrap=\"soft\""
        text run at (128,288) width 0: " "
        text run at (0,304) width 152: "This is a text area"
        text run at (152,304) width 8: " "
        text run at (0,320) width 128: "with wrap=\"soft\""
        text run at (128,320) width 0: " "
        text run at (0,336) width 152: "This is a text area"
        text run at (152,336) width 8: " "
        text run at (0,352) width 128: "with wrap=\"soft\""
        text run at (128,352) width 0: " "
        text run at (0,368) width 152: "This is a text area"
        text run at (152,368) width 8: " "
        text run at (0,384) width 128: "with wrap=\"soft\""
        text run at (128,384) width 0: " "
        text run at (0,400) width 152: "This is a text area"
        text run at (152,400) width 8: " "
        text run at (0,416) width 128: "with wrap=\"soft\""
        text run at (128,416) width 0: " "
        text run at (0,432) width 152: "This is a text area"
        text run at (152,432) width 8: " "
        text run at (0,448) width 128: "with wrap=\"soft\""
        text run at (128,448) width 0: " "
      LayoutBR {BR} at (0,464) size 0x16
