layer at (0,0) size 800x600 clip at (0,0) size 785x600 scrollHeight 1676
  LayoutView at (0,0) size 800x600
layer at (0,0) size 785x1676 backgroundClip at (0,0) size 785x600 clip at (0,0) size 785x600
  LayoutBlockFlow {HTML} at (0,0) size 785x1676
    LayoutBlockFlow {BODY} at (0,0) size 785x1676
      LayoutText {#text} at (0,0) size 0x0
layer at (0,0) size 785x861 backgroundClip at (0,0) size 785x600 clip at (0,0) size 785x600
  LayoutIFrame {IFRAME} at (0,0) size 785x861
    layer at (0,0) size 785x861
      LayoutView at (0,0) size 785x861
    layer at (0,0) size 785x861
      LayoutBlockFlow {HTML} at (0,0) size 785x861
        LayoutBlockFlow {BODY} at (0,5) size 785x856
          LayoutBlockFlow {DIV} at (0,0) size 785x20
            LayoutText {#text} at (0,0) size 190x19
              text run at (0,0) width 190: "CompatMode: CSS1Compat"
          LayoutBlockFlow (anonymous) at (0,25) size 785x831
            LayoutBlockFlow {DIV} at (0,32) size 183x60 [border: (1px solid #0000FF)]
              LayoutBlockFlow {SPAN} at (1,13) size 80x0
              LayoutBR {BR} at (81,1) size 0x15
            LayoutBlockFlow {DIV} at (183,32) size 183x60 [border: (1px solid #0000FF)]
              LayoutBlockFlow {SPAN} at (1,1) size 80x16
                LayoutText {#text} at (0,0) size 77x15
                  text run at (0,0) width 77: "disabled: \"true\","
              LayoutBR {BR} at (81,1) size 0x15
            LayoutBlockFlow {DIV} at (366,0) size 199x92 [border: (1px solid #0000FF)]
              LayoutBlockFlow {SPAN} at (1,1) size 80x32
                LayoutText {#text} at (0,0) size 78x31
                  text run at (0,0) width 27: "style:"
                  text run at (0,16) width 78: "\"padding:10px\","
              LayoutBR {BR} at (81,17) size 0x15
            LayoutBlockFlow {DIV} at (565,20) size 179x72 [border: (1px solid #0000FF)]
              LayoutBlockFlow {SPAN} at (1,1) size 80x32
                LayoutText {#text} at (0,0) size 72x31
                  text run at (0,0) width 27: "style:"
                  text run at (0,16) width 72: "\"padding:0px\","
              LayoutBR {BR} at (81,17) size 0x15
            LayoutBlockFlow {DIV} at (0,124) size 203x96 [border: (1px solid #0000FF)]
              LayoutBlockFlow {SPAN} at (1,1) size 80x32
                LayoutText {#text} at (0,0) size 72x31
                  text run at (0,0) width 27: "style:"
                  text run at (0,16) width 72: "\"margin:10px\","
              LayoutBR {BR} at (81,17) size 0x15
            LayoutBlockFlow {DIV} at (203,144) size 183x76 [border: (1px solid #0000FF)]
              LayoutBlockFlow {SPAN} at (1,1) size 80x32
                LayoutText {#text} at (0,0) size 66x31
                  text run at (0,0) width 27: "style:"
                  text run at (0,16) width 66: "\"margin:0px\","
              LayoutBR {BR} at (81,17) size 0x15
            LayoutBlockFlow {DIV} at (386,144) size 82x76 [border: (1px solid #0000FF)]
              LayoutBlockFlow {SPAN} at (1,1) size 80x32
                LayoutText {#text} at (0,0) size 68x31
                  text run at (0,0) width 27: "style:"
                  text run at (0,16) width 68: "\"width:60px\","
              LayoutBR {BR} at (81,17) size 0x15
            LayoutBlockFlow {DIV} at (468,92) size 104x128 [border: (1px solid #0000FF)]
              LayoutBlockFlow {SPAN} at (1,1) size 80x48
                LayoutText {#text} at (0,0) size 73x47
                  text run at (0,0) width 27: "style:"
                  text run at (0,16) width 63: "\"width:60px;"
                  text run at (0,32) width 73: "padding:20px\","
              LayoutBR {BR} at (81,33) size 0x15
            LayoutBlockFlow {DIV} at (572,132) size 82x88 [border: (1px solid #0000FF)]
              LayoutBlockFlow {SPAN} at (1,1) size 80x48
                LayoutText {#text} at (0,0) size 63x47
                  text run at (0,0) width 27: "style:"
                  text run at (0,16) width 63: "\"width:60px;"
                  text run at (0,32) width 55: "padding:0\","
              LayoutBR {BR} at (81,33) size 0x15
            LayoutBlockFlow {DIV} at (0,252) size 183x104 [border: (1px solid #0000FF)]
              LayoutBlockFlow {SPAN} at (1,1) size 80x32
                LayoutText {#text} at (0,0) size 69x31
                  text run at (0,0) width 27: "style:"
                  text run at (0,16) width 69: "\"height:60px\","
              LayoutBR {BR} at (81,17) size 0x15
            LayoutBlockFlow {DIV} at (183,236) size 82x120 [border: (1px solid #0000FF)]
              LayoutBlockFlow {SPAN} at (1,1) size 80x48
                LayoutText {#text} at (0,0) size 64x47
                  text run at (0,0) width 27: "style:"
                  text run at (0,16) width 63: "\"width:60px;"
                  text run at (0,32) width 64: "height:60px\","
              LayoutBR {BR} at (81,33) size 0x15
            LayoutBlockFlow {DIV} at (265,280) size 183x76 [border: (1px solid #0000FF)]
              LayoutBlockFlow {SPAN} at (1,1) size 80x32
                LayoutText {#text} at (0,0) size 91x31
                  text run at (0,0) width 27: "style:"
                  text run at (0,16) width 91: "\"overflow:hidden\","
              LayoutBR {BR} at (81,17) size 0x15
            LayoutBlockFlow {DIV} at (448,265) size 183x91 [border: (1px solid #0000FF)]
              LayoutBlockFlow {SPAN} at (1,1) size 80x32
                LayoutText {#text} at (0,0) size 85x31
                  text run at (0,0) width 27: "style:"
                  text run at (0,16) width 85: "\"overflow:scroll\","
              LayoutBR {BR} at (81,17) size 0x15
            LayoutBlockFlow {DIV} at (631,220) size 82x136 [border: (1px solid #0000FF)]
              LayoutBlockFlow {SPAN} at (1,1) size 80x64
                LayoutText {#text} at (0,0) size 86x63
                  text run at (0,0) width 27: "style:"
                  text run at (0,16) width 86: "\"overflow:hidden;"
                  text run at (0,32) width 58: "width:60px;"
                  text run at (0,48) width 64: "height:60px\","
              LayoutBR {BR} at (81,49) size 0x15
            LayoutBlockFlow {DIV} at (0,356) size 82x136 [border: (1px solid #0000FF)]
              LayoutBlockFlow {SPAN} at (1,1) size 80x64
                LayoutText {#text} at (0,0) size 80x63
                  text run at (0,0) width 27: "style:"
                  text run at (0,16) width 80: "\"overflow:scroll;"
                  text run at (0,32) width 58: "width:60px;"
                  text run at (0,48) width 64: "height:60px\","
              LayoutBR {BR} at (81,49) size 0x15
            LayoutBlockFlow {DIV} at (82,372) size 82x120 [border: (1px solid #0000FF)]
              LayoutBlockFlow {SPAN} at (1,1) size 80x48
                LayoutText {#text} at (0,0) size 74x47
                  text run at (0,0) width 74: "cols: \"5\", style:"
                  text run at (0,16) width 63: "\"width:60px;"
                  text run at (0,32) width 64: "height:60px\","
              LayoutBR {BR} at (81,33) size 0x15
            LayoutBlockFlow {DIV} at (164,372) size 82x120 [border: (1px solid #0000FF)]
              LayoutBlockFlow {SPAN} at (1,1) size 80x48
                LayoutText {#text} at (0,0) size 79x47
                  text run at (0,0) width 79: "rows: \"4\", style:"
                  text run at (0,16) width 63: "\"width:60px;"
                  text run at (0,32) width 64: "height:60px\","
              LayoutBR {BR} at (81,33) size 0x15
            LayoutBlockFlow {DIV} at (246,356) size 82x136 [border: (1px solid #0000FF)]
              LayoutBlockFlow {SPAN} at (1,1) size 80x64
                LayoutText {#text} at (0,0) size 74x63
                  text run at (0,0) width 74: "cols: \"5\", rows:"
                  text run at (0,16) width 49: "\"4\", style:"
                  text run at (0,32) width 63: "\"width:60px;"
                  text run at (0,48) width 64: "height:60px\","
              LayoutBR {BR} at (81,49) size 0x15
            LayoutBlockFlow {DIV} at (328,432) size 82x60 [border: (1px solid #0000FF)]
              LayoutBlockFlow {SPAN} at (1,1) size 80x16
                LayoutText {#text} at (0,0) size 44x15
                  text run at (0,0) width 44: "cols: \"3\","
              LayoutBR {BR} at (81,1) size 0x15
            LayoutBlockFlow {DIV} at (410,416) size 183x76 [border: (1px solid #0000FF)]
              LayoutBlockFlow {SPAN} at (1,1) size 80x16
                LayoutText {#text} at (0,0) size 49x15
                  text run at (0,0) width 49: "rows: \"3\","
              LayoutBR {BR} at (81,1) size 0x15
            LayoutBlockFlow {DIV} at (593,432) size 82x60 [border: (1px solid #0000FF)]
              LayoutBlockFlow {SPAN} at (1,1) size 80x16
                LayoutText {#text} at (0,0) size 44x15
                  text run at (0,0) width 44: "cols: \"7\","
              LayoutBR {BR} at (81,1) size 0x15
            LayoutBlockFlow {DIV} at (0,492) size 183x140 [border: (1px solid #0000FF)]
              LayoutBlockFlow {SPAN} at (1,1) size 80x16
                LayoutText {#text} at (0,0) size 49x15
                  text run at (0,0) width 49: "rows: \"7\","
              LayoutBR {BR} at (81,1) size 0x15
            LayoutBlockFlow {DIV} at (183,524) size 82x108 [border: (1px solid #0000FF)]
              LayoutBlockFlow {SPAN} at (1,1) size 80x32
                LayoutText {#text} at (0,0) size 74x31
                  text run at (0,0) width 74: "cols: \"5\", rows:"
                  text run at (0,16) width 19: "\"4\","
              LayoutBR {BR} at (81,17) size 0x15
            LayoutBlockFlow {DIV} at (265,557) size 183x75 [border: (1px solid #0000FF)]
              LayoutBlockFlow {SPAN} at (1,1) size 80x16
                LayoutText {#text} at (0,0) size 58x15
                  text run at (0,0) width 58: "wrap: \"off\","
              LayoutBR {BR} at (81,1) size 0x15
            LayoutBlockFlow {DIV} at (448,572) size 183x60 [border: (1px solid #0000FF)]
              LayoutBlockFlow {SPAN} at (1,1) size 80x16
                LayoutText {#text} at (0,0) size 65x15
                  text run at (0,0) width 65: "wrap: \"hard\","
              LayoutBR {BR} at (81,1) size 0x15
            LayoutBlockFlow {DIV} at (0,648) size 183x60 [border: (1px solid #0000FF)]
              LayoutBlockFlow {SPAN} at (1,1) size 80x16
                LayoutText {#text} at (0,0) size 63x15
                  text run at (0,0) width 63: "wrap: \"soft\","
              LayoutBR {BR} at (81,1) size 0x15
            LayoutBlockFlow {DIV} at (183,632) size 183x76 [border: (1px solid #0000FF)]
              LayoutBlockFlow {SPAN} at (1,1) size 80x32
                LayoutText {#text} at (0,0) size 71x31
                  text run at (0,0) width 66: "style: \"white-"
                  text run at (0,16) width 71: "space:normal\","
              LayoutBR {BR} at (81,17) size 0x15
            LayoutBlockFlow {DIV} at (366,632) size 183x76 [border: (1px solid #0000FF)]
              LayoutBlockFlow {SPAN} at (1,1) size 80x32
                LayoutText {#text} at (0,0) size 66x31
                  text run at (0,0) width 66: "style: \"white-"
                  text run at (0,16) width 54: "space:pre\","
              LayoutBR {BR} at (81,17) size 0x15
            LayoutBlockFlow {DIV} at (549,632) size 183x76 [border: (1px solid #0000FF)]
              LayoutBlockFlow {SPAN} at (1,1) size 80x32
                LayoutText {#text} at (0,0) size 79x31
                  text run at (0,0) width 66: "style: \"white-"
                  text run at (0,16) width 79: "space:prewrap\","
              LayoutBR {BR} at (81,17) size 0x15
            LayoutBlockFlow {DIV} at (0,755) size 183x76 [border: (1px solid #0000FF)]
              LayoutBlockFlow {SPAN} at (1,1) size 80x32
                LayoutText {#text} at (0,0) size 75x31
                  text run at (0,0) width 66: "style: \"white-"
                  text run at (0,16) width 75: "space:nowrap\","
              LayoutBR {BR} at (81,17) size 0x15
            LayoutBlockFlow {DIV} at (183,755) size 183x76 [border: (1px solid #0000FF)]
              LayoutBlockFlow {SPAN} at (1,1) size 80x32
                LayoutText {#text} at (0,0) size 75x31
                  text run at (0,0) width 66: "style: \"white-"
                  text run at (0,16) width 75: "space:pre-line\","
              LayoutBR {BR} at (81,17) size 0x15
            LayoutBlockFlow {DIV} at (366,740) size 183x91 [border: (1px solid #0000FF)]
              LayoutBlockFlow {SPAN} at (1,1) size 80x32
                LayoutText {#text} at (0,0) size 69x31
                  text run at (0,0) width 64: "style: \"word-"
                  text run at (0,16) width 69: "wrap:normal\","
              LayoutBR {BR} at (81,17) size 0x15
            LayoutBlockFlow {DIV} at (549,708) size 183x123 [border: (1px solid #0000FF)]
              LayoutBlockFlow {SPAN} at (1,1) size 80x64
                LayoutText {#text} at (0,0) size 66x63
                  text run at (0,0) width 58: "wrap: \"off\","
                  text run at (0,16) width 66: "style: \"white-"
                  text run at (0,32) width 50: "space:pre-"
                  text run at (0,48) width 33: "wrap\","
              LayoutBR {BR} at (81,49) size 0x15
    layer at (1,79) size 181x38 clip at (2,80) size 179x36
      LayoutTextControl {TEXTAREA} at (1,17) size 181x38 [bgcolor=#FFFFFF] [border: (1px solid #A9A9A9)]
        LayoutBlockFlow {DIV} at (3,3) size 175x16
          LayoutText {#text} at (0,0) size 136x16
            text run at (0,0) width 136: "Lorem ipsum dolor"
    layer at (184,79) size 181x38 clip at (185,80) size 164x36 scrollHeight 84
      LayoutTextControl {TEXTAREA} at (1,17) size 181x38 [color=#545454] [bgcolor=#EBEBE4] [border: (1px solid #A9A9A9)]
        LayoutBlockFlow {DIV} at (3,3) size 160x80
          LayoutText {#text} at (0,0) size 160x80
            text run at (0,0) width 144: "Lorem ipsum  dolor"
            text run at (144,0) width 8: " "
            text run at (0,16) width 160: "ABCDEFGHIJKLMNOPQRST"
            text run at (0,32) width 48: "UVWXYZ"
            text run at (48,32) width 8: " "
            text run at (0,48) width 160: "abcdefghijklmnopqrst"
            text run at (0,64) width 16: "uv"
    layer at (367,63) size 197x54 clip at (368,64) size 180x52 scrollHeight 100
      LayoutTextControl {TEXTAREA} at (1,33) size 197x54 [bgcolor=#FFFFFF] [border: (1px solid #A9A9A9)]
        LayoutBlockFlow {DIV} at (11,11) size 160x80
          LayoutText {#text} at (0,0) size 160x80
            text run at (0,0) width 144: "Lorem ipsum  dolor"
            text run at (144,0) width 8: " "
            text run at (0,16) width 160: "ABCDEFGHIJKLMNOPQRST"
            text run at (0,32) width 48: "UVWXYZ"
            text run at (48,32) width 8: " "
            text run at (0,48) width 160: "abcdefghijklmnopqrst"
            text run at (0,64) width 16: "uv"
    layer at (566,83) size 177x34 clip at (567,84) size 160x32 scrollHeight 80
      LayoutTextControl {TEXTAREA} at (1,33) size 177x34 [bgcolor=#FFFFFF] [border: (1px solid #A9A9A9)]
        LayoutBlockFlow {DIV} at (1,1) size 160x80
          LayoutText {#text} at (0,0) size 160x80
            text run at (0,0) width 144: "Lorem ipsum  dolor"
            text run at (144,0) width 8: " "
            text run at (0,16) width 160: "ABCDEFGHIJKLMNOPQRST"
            text run at (0,32) width 48: "UVWXYZ"
            text run at (48,32) width 8: " "
            text run at (0,48) width 160: "abcdefghijklmnopqrst"
            text run at (0,64) width 16: "uv"
    layer at (11,197) size 181x38 clip at (12,198) size 164x36 scrollHeight 84
      LayoutTextControl {TEXTAREA} at (11,43) size 181x38 [bgcolor=#FFFFFF] [border: (1px solid #A9A9A9)]
        LayoutBlockFlow {DIV} at (3,3) size 160x80
          LayoutText {#text} at (0,0) size 160x80
            text run at (0,0) width 144: "Lorem ipsum  dolor"
            text run at (144,0) width 8: " "
            text run at (0,16) width 160: "ABCDEFGHIJKLMNOPQRST"
            text run at (0,32) width 48: "UVWXYZ"
            text run at (48,32) width 8: " "
            text run at (0,48) width 160: "abcdefghijklmnopqrst"
            text run at (0,64) width 16: "uv"
    layer at (204,207) size 181x38 clip at (205,208) size 164x36 scrollHeight 84
      LayoutTextControl {TEXTAREA} at (1,33) size 181x38 [bgcolor=#FFFFFF] [border: (1px solid #A9A9A9)]
        LayoutBlockFlow {DIV} at (3,3) size 160x80
          LayoutText {#text} at (0,0) size 160x80
            text run at (0,0) width 144: "Lorem ipsum  dolor"
            text run at (144,0) width 8: " "
            text run at (0,16) width 160: "ABCDEFGHIJKLMNOPQRST"
            text run at (0,32) width 48: "UVWXYZ"
            text run at (48,32) width 8: " "
            text run at (0,48) width 160: "abcdefghijklmnopqrst"
            text run at (0,64) width 16: "uv"
    layer at (387,207) size 66x38 clip at (388,208) size 49x36 scrollHeight 244
      LayoutTextControl {TEXTAREA} at (1,33) size 66x38 [bgcolor=#FFFFFF] [border: (1px solid #A9A9A9)]
        LayoutBlockFlow {DIV} at (3,3) size 45x240
          LayoutText {#text} at (0,0) size 45x240
            text run at (0,0) width 40: "Lorem"
            text run at (40,0) width 5: " "
            text run at (0,16) width 40: "ipsum"
            text run at (0,32) width 16: "  "
            text run at (0,48) width 40: "dolor"
            text run at (40,48) width 5: " "
            text run at (0,64) width 40: "ABCDE"
            text run at (0,80) width 40: "FGHIJ"
            text run at (0,96) width 40: "KLMNO"
            text run at (0,112) width 40: "PQRST"
            text run at (0,128) width 40: "UVWXY"
            text run at (0,144) width 8: "Z"
            text run at (8,144) width 8: " "
            text run at (0,160) width 40: "abcde"
            text run at (0,176) width 40: "fghij"
            text run at (0,192) width 40: "klmno"
            text run at (0,208) width 40: "pqrst"
            text run at (0,224) width 16: "uv"
    layer at (469,171) size 102x74 clip at (470,172) size 85x72 scrollHeight 280
      LayoutTextControl {TEXTAREA} at (1,49) size 102x74 [bgcolor=#FFFFFF] [border: (1px solid #A9A9A9)]
        LayoutBlockFlow {DIV} at (21,21) size 45x240
          LayoutText {#text} at (0,0) size 45x240
            text run at (0,0) width 40: "Lorem"
            text run at (40,0) width 5: " "
            text run at (0,16) width 40: "ipsum"
            text run at (0,32) width 16: "  "
            text run at (0,48) width 40: "dolor"
            text run at (40,48) width 5: " "
            text run at (0,64) width 40: "ABCDE"
            text run at (0,80) width 40: "FGHIJ"
            text run at (0,96) width 40: "KLMNO"
            text run at (0,112) width 40: "PQRST"
            text run at (0,128) width 40: "UVWXY"
            text run at (0,144) width 8: "Z"
            text run at (8,144) width 8: " "
            text run at (0,160) width 40: "abcde"
            text run at (0,176) width 40: "fghij"
            text run at (0,192) width 40: "klmno"
            text run at (0,208) width 40: "pqrst"
            text run at (0,224) width 16: "uv"
    layer at (573,211) size 62x34 clip at (574,212) size 45x32 scrollHeight 240
      LayoutTextControl {TEXTAREA} at (1,49) size 62x34 [bgcolor=#FFFFFF] [border: (1px solid #A9A9A9)]
        LayoutBlockFlow {DIV} at (1,1) size 45x240
          LayoutText {#text} at (0,0) size 45x240
            text run at (0,0) width 40: "Lorem"
            text run at (40,0) width 5: " "
            text run at (0,16) width 40: "ipsum"
            text run at (0,32) width 16: "  "
            text run at (0,48) width 40: "dolor"
            text run at (40,48) width 5: " "
            text run at (0,64) width 40: "ABCDE"
            text run at (0,80) width 40: "FGHIJ"
            text run at (0,96) width 40: "KLMNO"
            text run at (0,112) width 40: "PQRST"
            text run at (0,128) width 40: "UVWXY"
            text run at (0,144) width 8: "Z"
            text run at (8,144) width 8: " "
            text run at (0,160) width 40: "abcde"
            text run at (0,176) width 40: "fghij"
            text run at (0,192) width 40: "klmno"
            text run at (0,208) width 40: "pqrst"
            text run at (0,224) width 16: "uv"
    layer at (1,315) size 181x66 clip at (2,316) size 164x64 scrollHeight 84
      LayoutTextControl {TEXTAREA} at (1,33) size 181x66 [bgcolor=#FFFFFF] [border: (1px solid #A9A9A9)]
        LayoutBlockFlow {DIV} at (3,3) size 160x80
          LayoutText {#text} at (0,0) size 160x80
            text run at (0,0) width 144: "Lorem ipsum  dolor"
            text run at (144,0) width 8: " "
            text run at (0,16) width 160: "ABCDEFGHIJKLMNOPQRST"
            text run at (0,32) width 48: "UVWXYZ"
            text run at (48,32) width 8: " "
            text run at (0,48) width 160: "abcdefghijklmnopqrst"
            text run at (0,64) width 16: "uv"
    layer at (184,315) size 66x66 clip at (185,316) size 49x64 scrollHeight 244
      LayoutTextControl {TEXTAREA} at (1,49) size 66x66 [bgcolor=#FFFFFF] [border: (1px solid #A9A9A9)]
        LayoutBlockFlow {DIV} at (3,3) size 45x240
          LayoutText {#text} at (0,0) size 45x240
            text run at (0,0) width 40: "Lorem"
            text run at (40,0) width 5: " "
            text run at (0,16) width 40: "ipsum"
            text run at (0,32) width 16: "  "
            text run at (0,48) width 40: "dolor"
            text run at (40,48) width 5: " "
            text run at (0,64) width 40: "ABCDE"
            text run at (0,80) width 40: "FGHIJ"
            text run at (0,96) width 40: "KLMNO"
            text run at (0,112) width 40: "PQRST"
            text run at (0,128) width 40: "UVWXY"
            text run at (0,144) width 8: "Z"
            text run at (8,144) width 8: " "
            text run at (0,160) width 40: "abcde"
            text run at (0,176) width 40: "fghij"
            text run at (0,192) width 40: "klmno"
            text run at (0,208) width 40: "pqrst"
            text run at (0,224) width 16: "uv"
    layer at (266,343) size 181x38 clip at (267,344) size 179x36 scrollHeight 84
      LayoutTextControl {TEXTAREA} at (1,33) size 181x38 [bgcolor=#FFFFFF] [border: (1px solid #A9A9A9)]
        LayoutBlockFlow {DIV} at (3,3) size 175x80
          LayoutText {#text} at (0,0) size 168x80
            text run at (0,0) width 144: "Lorem ipsum  dolor"
            text run at (144,0) width 8: " "
            text run at (0,16) width 168: "ABCDEFGHIJKLMNOPQRSTU"
            text run at (0,32) width 40: "VWXYZ"
            text run at (40,32) width 8: " "
            text run at (0,48) width 168: "abcdefghijklmnopqrstu"
            text run at (0,64) width 8: "v"
    layer at (449,328) size 181x53 clip at (450,329) size 164x36 scrollHeight 84
      LayoutTextControl {TEXTAREA} at (1,33) size 181x53 [bgcolor=#FFFFFF] [border: (1px solid #A9A9A9)]
        LayoutBlockFlow {DIV} at (3,3) size 160x80
          LayoutText {#text} at (0,0) size 160x80
            text run at (0,0) width 144: "Lorem ipsum  dolor"
            text run at (144,0) width 8: " "
            text run at (0,16) width 160: "ABCDEFGHIJKLMNOPQRST"
            text run at (0,32) width 48: "UVWXYZ"
            text run at (48,32) width 8: " "
            text run at (0,48) width 160: "abcdefghijklmnopqrst"
            text run at (0,64) width 16: "uv"
    layer at (632,315) size 66x66 clip at (633,316) size 64x64 scrollHeight 180
      LayoutTextControl {TEXTAREA} at (1,65) size 66x66 [bgcolor=#FFFFFF] [border: (1px solid #A9A9A9)]
        LayoutBlockFlow {DIV} at (3,3) size 60x176
          LayoutText {#text} at (0,0) size 56x176
            text run at (0,0) width 40: "Lorem"
            text run at (40,0) width 8: " "
            text run at (0,16) width 40: "ipsum"
            text run at (40,16) width 16: "  "
            text run at (0,32) width 40: "dolor"
            text run at (40,32) width 8: " "
            text run at (0,48) width 56: "ABCDEFG"
            text run at (0,64) width 56: "HIJKLMN"
            text run at (0,80) width 56: "OPQRSTU"
            text run at (0,96) width 40: "VWXYZ"
            text run at (40,96) width 8: " "
            text run at (0,112) width 56: "abcdefg"
            text run at (0,128) width 56: "hijklmn"
            text run at (0,144) width 56: "opqrstu"
            text run at (0,160) width 8: "v"
    layer at (1,451) size 66x66 clip at (2,452) size 49x49 scrollHeight 244
      LayoutTextControl {TEXTAREA} at (1,65) size 66x66 [bgcolor=#FFFFFF] [border: (1px solid #A9A9A9)]
        LayoutBlockFlow {DIV} at (3,3) size 45x240
          LayoutText {#text} at (0,0) size 45x240
            text run at (0,0) width 40: "Lorem"
            text run at (40,0) width 5: " "
            text run at (0,16) width 40: "ipsum"
            text run at (0,32) width 16: "  "
            text run at (0,48) width 40: "dolor"
            text run at (40,48) width 5: " "
            text run at (0,64) width 40: "ABCDE"
            text run at (0,80) width 40: "FGHIJ"
            text run at (0,96) width 40: "KLMNO"
            text run at (0,112) width 40: "PQRST"
            text run at (0,128) width 40: "UVWXY"
            text run at (0,144) width 8: "Z"
            text run at (8,144) width 8: " "
            text run at (0,160) width 40: "abcde"
            text run at (0,176) width 40: "fghij"
            text run at (0,192) width 40: "klmno"
            text run at (0,208) width 40: "pqrst"
            text run at (0,224) width 16: "uv"
    layer at (83,451) size 66x66 clip at (84,452) size 49x64 scrollHeight 244
      LayoutTextControl {TEXTAREA} at (1,49) size 66x66 [bgcolor=#FFFFFF] [border: (1px solid #A9A9A9)]
        LayoutBlockFlow {DIV} at (3,3) size 45x240
          LayoutText {#text} at (0,0) size 45x240
            text run at (0,0) width 40: "Lorem"
            text run at (40,0) width 5: " "
            text run at (0,16) width 40: "ipsum"
            text run at (0,32) width 16: "  "
            text run at (0,48) width 40: "dolor"
            text run at (40,48) width 5: " "
            text run at (0,64) width 40: "ABCDE"
            text run at (0,80) width 40: "FGHIJ"
            text run at (0,96) width 40: "KLMNO"
            text run at (0,112) width 40: "PQRST"
            text run at (0,128) width 40: "UVWXY"
            text run at (0,144) width 8: "Z"
            text run at (8,144) width 8: " "
            text run at (0,160) width 40: "abcde"
            text run at (0,176) width 40: "fghij"
            text run at (0,192) width 40: "klmno"
            text run at (0,208) width 40: "pqrst"
            text run at (0,224) width 16: "uv"
    layer at (165,451) size 66x66 clip at (166,452) size 49x64 scrollHeight 244
      LayoutTextControl {TEXTAREA} at (1,49) size 66x66 [bgcolor=#FFFFFF] [border: (1px solid #A9A9A9)]
        LayoutBlockFlow {DIV} at (3,3) size 45x240
          LayoutText {#text} at (0,0) size 45x240
            text run at (0,0) width 40: "Lorem"
            text run at (40,0) width 5: " "
            text run at (0,16) width 40: "ipsum"
            text run at (0,32) width 16: "  "
            text run at (0,48) width 40: "dolor"
            text run at (40,48) width 5: " "
            text run at (0,64) width 40: "ABCDE"
            text run at (0,80) width 40: "FGHIJ"
            text run at (0,96) width 40: "KLMNO"
            text run at (0,112) width 40: "PQRST"
            text run at (0,128) width 40: "UVWXY"
            text run at (0,144) width 8: "Z"
            text run at (8,144) width 8: " "
            text run at (0,160) width 40: "abcde"
            text run at (0,176) width 40: "fghij"
            text run at (0,192) width 40: "klmno"
            text run at (0,208) width 40: "pqrst"
            text run at (0,224) width 16: "uv"
    layer at (247,451) size 66x66 clip at (248,452) size 49x64 scrollHeight 244
      LayoutTextControl {TEXTAREA} at (1,65) size 66x66 [bgcolor=#FFFFFF] [border: (1px solid #A9A9A9)]
        LayoutBlockFlow {DIV} at (3,3) size 45x240
          LayoutText {#text} at (0,0) size 45x240
            text run at (0,0) width 40: "Lorem"
            text run at (40,0) width 5: " "
            text run at (0,16) width 40: "ipsum"
            text run at (0,32) width 16: "  "
            text run at (0,48) width 40: "dolor"
            text run at (40,48) width 5: " "
            text run at (0,64) width 40: "ABCDE"
            text run at (0,80) width 40: "FGHIJ"
            text run at (0,96) width 40: "KLMNO"
            text run at (0,112) width 40: "PQRST"
            text run at (0,128) width 40: "UVWXY"
            text run at (0,144) width 8: "Z"
            text run at (8,144) width 8: " "
            text run at (0,160) width 40: "abcde"
            text run at (0,176) width 40: "fghij"
            text run at (0,192) width 40: "klmno"
            text run at (0,208) width 40: "pqrst"
            text run at (0,224) width 16: "uv"
    layer at (329,479) size 45x38 clip at (330,480) size 28x36 scrollHeight 372
      LayoutTextControl {TEXTAREA} at (1,17) size 45x38 [bgcolor=#FFFFFF] [border: (1px solid #A9A9A9)]
        LayoutBlockFlow {DIV} at (3,3) size 24x368
          LayoutText {#text} at (0,0) size 24x368
            text run at (0,0) width 24: "Lor"
            text run at (0,16) width 16: "em"
            text run at (16,16) width 8: " "
            text run at (0,32) width 24: "ips"
            text run at (0,48) width 16: "um"
            text run at (16,48) width 8: "  "
            text run at (0,64) width 24: "dol"
            text run at (0,80) width 16: "or"
            text run at (16,80) width 8: " "
            text run at (0,96) width 24: "ABC"
            text run at (0,112) width 24: "DEF"
            text run at (0,128) width 24: "GHI"
            text run at (0,144) width 24: "JKL"
            text run at (0,160) width 24: "MNO"
            text run at (0,176) width 24: "PQR"
            text run at (0,192) width 24: "STU"
            text run at (0,208) width 24: "VWX"
            text run at (0,224) width 16: "YZ"
            text run at (16,224) width 8: " "
            text run at (0,240) width 24: "abc"
            text run at (0,256) width 24: "def"
            text run at (0,272) width 24: "ghi"
            text run at (0,288) width 24: "jkl"
            text run at (0,304) width 24: "mno"
            text run at (0,320) width 24: "pqr"
            text run at (0,336) width 24: "stu"
            text run at (0,352) width 8: "v"
    layer at (411,463) size 181x54 clip at (412,464) size 164x52 scrollHeight 84
      LayoutTextControl {TEXTAREA} at (1,17) size 181x54 [bgcolor=#FFFFFF] [border: (1px solid #A9A9A9)]
        LayoutBlockFlow {DIV} at (3,3) size 160x80
          LayoutText {#text} at (0,0) size 160x80
            text run at (0,0) width 144: "Lorem ipsum  dolor"
            text run at (144,0) width 8: " "
            text run at (0,16) width 160: "ABCDEFGHIJKLMNOPQRST"
            text run at (0,32) width 48: "UVWXYZ"
            text run at (48,32) width 8: " "
            text run at (0,48) width 160: "abcdefghijklmnopqrst"
            text run at (0,64) width 16: "uv"
    layer at (594,479) size 77x38 clip at (595,480) size 60x36 scrollHeight 180
      LayoutTextControl {TEXTAREA} at (1,17) size 77x38 [bgcolor=#FFFFFF] [border: (1px solid #A9A9A9)]
        LayoutBlockFlow {DIV} at (3,3) size 56x176
          LayoutText {#text} at (0,0) size 56x176
            text run at (0,0) width 40: "Lorem"
            text run at (40,0) width 8: " "
            text run at (0,16) width 40: "ipsum"
            text run at (40,16) width 16: "  "
            text run at (0,32) width 40: "dolor"
            text run at (40,32) width 8: " "
            text run at (0,48) width 56: "ABCDEFG"
            text run at (0,64) width 56: "HIJKLMN"
            text run at (0,80) width 56: "OPQRSTU"
            text run at (0,96) width 40: "VWXYZ"
            text run at (40,96) width 8: " "
            text run at (0,112) width 56: "abcdefg"
            text run at (0,128) width 56: "hijklmn"
            text run at (0,144) width 56: "opqrstu"
            text run at (0,160) width 8: "v"
    layer at (1,539) size 181x118 clip at (2,540) size 179x116
      LayoutTextControl {TEXTAREA} at (1,17) size 181x118 [bgcolor=#FFFFFF] [border: (1px solid #A9A9A9)]
        LayoutBlockFlow {DIV} at (3,3) size 175x80
          LayoutText {#text} at (0,0) size 168x80
            text run at (0,0) width 144: "Lorem ipsum  dolor"
            text run at (144,0) width 8: " "
            text run at (0,16) width 168: "ABCDEFGHIJKLMNOPQRSTU"
            text run at (0,32) width 40: "VWXYZ"
            text run at (40,32) width 8: " "
            text run at (0,48) width 168: "abcdefghijklmnopqrstu"
            text run at (0,64) width 8: "v"
    layer at (184,587) size 61x70 clip at (185,588) size 44x68 scrollHeight 244
      LayoutTextControl {TEXTAREA} at (1,33) size 61x70 [bgcolor=#FFFFFF] [border: (1px solid #A9A9A9)]
        LayoutBlockFlow {DIV} at (3,3) size 40x240
          LayoutText {#text} at (0,0) size 40x240
            text run at (0,0) width 40: "Lorem"
            text run at (40,0) width 0: " "
            text run at (0,16) width 40: "ipsum"
            text run at (0,32) width 16: "  "
            text run at (0,48) width 40: "dolor"
            text run at (40,48) width 0: " "
            text run at (0,64) width 40: "ABCDE"
            text run at (0,80) width 40: "FGHIJ"
            text run at (0,96) width 40: "KLMNO"
            text run at (0,112) width 40: "PQRST"
            text run at (0,128) width 40: "UVWXY"
            text run at (0,144) width 8: "Z"
            text run at (8,144) width 8: " "
            text run at (0,160) width 40: "abcde"
            text run at (0,176) width 40: "fghij"
            text run at (0,192) width 40: "klmno"
            text run at (0,208) width 40: "pqrst"
            text run at (0,224) width 16: "uv"
    layer at (266,604) size 181x53 clip at (267,605) size 179x36 scrollWidth 546
      LayoutTextControl {TEXTAREA} at (1,17) size 181x53 [bgcolor=#FFFFFF] [border: (1px solid #A9A9A9)]
        LayoutBlockFlow {DIV} at (3,3) size 175x16
          LayoutText {#text} at (0,0) size 544x16
            text run at (0,0) width 544: "Lorem ipsum  dolor ABCDEFGHIJKLMNOPQRSTUVWXYZ abcdefghijklmnopqrstuv"
    layer at (449,619) size 181x38 clip at (450,620) size 164x36 scrollHeight 84
      LayoutTextControl {TEXTAREA} at (1,17) size 181x38 [bgcolor=#FFFFFF] [border: (1px solid #A9A9A9)]
        LayoutBlockFlow {DIV} at (3,3) size 160x80
          LayoutText {#text} at (0,0) size 160x80
            text run at (0,0) width 144: "Lorem ipsum  dolor"
            text run at (144,0) width 8: " "
            text run at (0,16) width 160: "ABCDEFGHIJKLMNOPQRST"
            text run at (0,32) width 48: "UVWXYZ"
            text run at (48,32) width 8: " "
            text run at (0,48) width 160: "abcdefghijklmnopqrst"
            text run at (0,64) width 16: "uv"
    layer at (1,695) size 181x38 clip at (2,696) size 164x36 scrollHeight 84
      LayoutTextControl {TEXTAREA} at (1,17) size 181x38 [bgcolor=#FFFFFF] [border: (1px solid #A9A9A9)]
        LayoutBlockFlow {DIV} at (3,3) size 160x80
          LayoutText {#text} at (0,0) size 160x80
            text run at (0,0) width 144: "Lorem ipsum  dolor"
            text run at (144,0) width 8: " "
            text run at (0,16) width 160: "ABCDEFGHIJKLMNOPQRST"
            text run at (0,32) width 48: "UVWXYZ"
            text run at (48,32) width 8: " "
            text run at (0,48) width 160: "abcdefghijklmnopqrst"
            text run at (0,64) width 16: "uv"
    layer at (184,695) size 181x38 clip at (185,696) size 164x36 scrollHeight 84
      LayoutTextControl {TEXTAREA} at (1,33) size 181x38 [bgcolor=#FFFFFF] [border: (1px solid #A9A9A9)]
        LayoutBlockFlow {DIV} at (3,3) size 160x80
          LayoutText {#text} at (0,0) size 160x80
            text run at (0,0) width 144: "Lorem ipsum  dolor"
            text run at (144,0) width 8: " "
            text run at (0,16) width 160: "ABCDEFGHIJKLMNOPQRST"
            text run at (0,32) width 48: "UVWXYZ"
            text run at (48,32) width 8: " "
            text run at (0,48) width 160: "abcdefghijklmnopqrst"
            text run at (0,64) width 16: "uv"
    layer at (367,695) size 181x38 clip at (368,696) size 179x21 scrollWidth 546
      LayoutTextControl {TEXTAREA} at (1,33) size 181x38 [bgcolor=#FFFFFF] [border: (1px solid #A9A9A9)]
        LayoutBlockFlow {DIV} at (3,3) size 175x16
          LayoutText {#text} at (0,0) size 544x16
            text run at (0,0) width 544: "Lorem ipsum  dolor ABCDEFGHIJKLMNOPQRSTUVWXYZ abcdefghijklmnopqrstuv"
    layer at (550,695) size 181x38 clip at (551,696) size 164x36 scrollHeight 84
      LayoutTextControl {TEXTAREA} at (1,33) size 181x38 [bgcolor=#FFFFFF] [border: (1px solid #A9A9A9)]
        LayoutBlockFlow {DIV} at (3,3) size 160x80
          LayoutText {#text} at (0,0) size 160x80
            text run at (0,0) width 144: "Lorem ipsum  dolor"
            text run at (144,0) width 8: " "
            text run at (0,16) width 160: "ABCDEFGHIJKLMNOPQRST"
            text run at (0,32) width 48: "UVWXYZ"
            text run at (48,32) width 8: " "
            text run at (0,48) width 160: "abcdefghijklmnopqrst"
            text run at (0,64) width 16: "uv"
    layer at (1,818) size 181x38 clip at (2,819) size 179x21 scrollWidth 546
      LayoutTextControl {TEXTAREA} at (1,33) size 181x38 [bgcolor=#FFFFFF] [border: (1px solid #A9A9A9)]
        LayoutBlockFlow {DIV} at (3,3) size 175x16
          LayoutText {#text} at (0,0) size 544x16
            text run at (0,0) width 544: "Lorem ipsum  dolor ABCDEFGHIJKLMNOPQRSTUVWXYZ abcdefghijklmnopqrstuv"
    layer at (184,818) size 181x38 clip at (185,819) size 164x36 scrollHeight 84
      LayoutTextControl {TEXTAREA} at (1,33) size 181x38 [bgcolor=#FFFFFF] [border: (1px solid #A9A9A9)]
        LayoutBlockFlow {DIV} at (3,3) size 160x80
          LayoutText {#text} at (0,0) size 160x80
            text run at (0,0) width 144: "Lorem ipsum  dolor"
            text run at (144,0) width 8: " "
            text run at (0,16) width 160: "ABCDEFGHIJKLMNOPQRST"
            text run at (0,32) width 48: "UVWXYZ"
            text run at (48,32) width 8: " "
            text run at (0,48) width 160: "abcdefghijklmnopqrst"
            text run at (0,64) width 16: "uv"
    layer at (367,803) size 181x53 clip at (368,804) size 164x36 scrollWidth 210 scrollHeight 68
      LayoutTextControl {TEXTAREA} at (1,33) size 181x53 [bgcolor=#FFFFFF] [border: (1px solid #A9A9A9)]
        LayoutBlockFlow {DIV} at (3,3) size 160x64
          LayoutText {#text} at (0,0) size 208x64
            text run at (0,0) width 144: "Lorem ipsum  dolor"
            text run at (144,0) width 8: " "
            text run at (0,16) width 208: "ABCDEFGHIJKLMNOPQRSTUVWXYZ"
            text run at (0,32) width 8: " "
            text run at (0,48) width 176: "abcdefghijklmnopqrstuv"
    layer at (550,803) size 181x53 clip at (551,804) size 164x36 scrollWidth 210 scrollHeight 68
      LayoutTextControl {TEXTAREA} at (1,65) size 181x53 [bgcolor=#FFFFFF] [border: (1px solid #A9A9A9)]
        LayoutBlockFlow {DIV} at (3,3) size 160x64
          LayoutText {#text} at (0,0) size 208x64
            text run at (0,0) width 144: "Lorem ipsum  dolor"
            text run at (144,0) width 8: " "
            text run at (0,16) width 208: "ABCDEFGHIJKLMNOPQRSTUVWXYZ"
            text run at (0,32) width 8: " "
            text run at (0,48) width 176: "abcdefghijklmnopqrstuv"
layer at (0,861) size 785x815 backgroundClip at (0,0) size 785x600 clip at (0,0) size 785x600
  LayoutIFrame {IFRAME} at (0,861) size 785x815
    layer at (0,0) size 785x815
      LayoutView at (0,0) size 785x815
    layer at (0,0) size 785x815
      LayoutBlockFlow {HTML} at (0,0) size 785x815
        LayoutBlockFlow {BODY} at (0,5) size 785x810
          LayoutBlockFlow {DIV} at (0,0) size 785x20
            LayoutText {#text} at (0,0) size 188x19
              text run at (0,0) width 188: "CompatMode: BackCompat"
          LayoutBlockFlow (anonymous) at (0,25) size 785x785
            LayoutBlockFlow {DIV} at (0,50) size 181x38 [border: (1px solid #0000FF)]
              LayoutBlockFlow {SPAN} at (1,1) size 80x0
              LayoutBR {BR} at (81,1) size 0x0
            LayoutBlockFlow {DIV} at (181,34) size 181x54 [border: (1px solid #0000FF)]
              LayoutBlockFlow {SPAN} at (1,1) size 80x16
                LayoutText {#text} at (0,0) size 77x15
                  text run at (0,0) width 77: "disabled: \"true\","
              LayoutBR {BR} at (81,13) size 0x0
            LayoutBlockFlow {DIV} at (362,0) size 199x88 [border: (1px solid #0000FF)]
              LayoutBlockFlow {SPAN} at (1,1) size 80x32
                LayoutText {#text} at (0,0) size 78x31
                  text run at (0,0) width 27: "style:"
                  text run at (0,16) width 78: "\"padding:10px\","
              LayoutBR {BR} at (81,29) size 0x0
            LayoutBlockFlow {DIV} at (561,20) size 179x68 [border: (1px solid #0000FF)]
              LayoutBlockFlow {SPAN} at (1,1) size 80x32
                LayoutText {#text} at (0,0) size 72x31
                  text run at (0,0) width 27: "style:"
                  text run at (0,16) width 72: "\"padding:0px\","
              LayoutBR {BR} at (81,29) size 0x0
            LayoutBlockFlow {DIV} at (0,122) size 201x90 [border: (1px solid #0000FF)]
              LayoutBlockFlow {SPAN} at (1,1) size 80x32
                LayoutText {#text} at (0,0) size 72x31
                  text run at (0,0) width 27: "style:"
                  text run at (0,16) width 72: "\"margin:10px\","
              LayoutBR {BR} at (81,29) size 0x0
            LayoutBlockFlow {DIV} at (201,142) size 181x70 [border: (1px solid #0000FF)]
              LayoutBlockFlow {SPAN} at (1,1) size 80x32
                LayoutText {#text} at (0,0) size 66x31
                  text run at (0,0) width 27: "style:"
                  text run at (0,16) width 66: "\"margin:0px\","
              LayoutBR {BR} at (81,29) size 0x0
            LayoutBlockFlow {DIV} at (382,142) size 82x70 [border: (1px solid #0000FF)]
              LayoutBlockFlow {SPAN} at (1,1) size 80x32
                LayoutText {#text} at (0,0) size 68x31
                  text run at (0,0) width 27: "style:"
                  text run at (0,16) width 68: "\"width:60px\","
              LayoutBR {BR} at (81,29) size 0x0
            LayoutBlockFlow {DIV} at (464,88) size 82x124 [border: (1px solid #0000FF)]
              LayoutBlockFlow {SPAN} at (1,1) size 80x48
                LayoutText {#text} at (0,0) size 73x47
                  text run at (0,0) width 27: "style:"
                  text run at (0,16) width 63: "\"width:60px;"
                  text run at (0,32) width 73: "padding:20px\","
              LayoutBR {BR} at (81,45) size 0x0
            LayoutBlockFlow {DIV} at (546,128) size 82x84 [border: (1px solid #0000FF)]
              LayoutBlockFlow {SPAN} at (1,1) size 80x48
                LayoutText {#text} at (0,0) size 63x47
                  text run at (0,0) width 27: "style:"
                  text run at (0,16) width 63: "\"width:60px;"
                  text run at (0,32) width 55: "padding:0\","
              LayoutBR {BR} at (81,45) size 0x0
            LayoutBlockFlow {DIV} at (0,244) size 181x94 [border: (1px solid #0000FF)]
              LayoutBlockFlow {SPAN} at (1,1) size 80x32
                LayoutText {#text} at (0,0) size 69x31
                  text run at (0,0) width 27: "style:"
                  text run at (0,16) width 69: "\"height:60px\","
              LayoutBR {BR} at (81,29) size 0x0
            LayoutBlockFlow {DIV} at (181,228) size 82x110 [border: (1px solid #0000FF)]
              LayoutBlockFlow {SPAN} at (1,1) size 80x48
                LayoutText {#text} at (0,0) size 64x47
                  text run at (0,0) width 27: "style:"
                  text run at (0,16) width 63: "\"width:60px;"
                  text run at (0,32) width 64: "height:60px\","
              LayoutBR {BR} at (81,45) size 0x0
            LayoutBlockFlow {DIV} at (263,268) size 181x70 [border: (1px solid #0000FF)]
              LayoutBlockFlow {SPAN} at (1,1) size 80x32
                LayoutText {#text} at (0,0) size 91x31
                  text run at (0,0) width 27: "style:"
                  text run at (0,16) width 91: "\"overflow:hidden\","
              LayoutBR {BR} at (81,29) size 0x0
            LayoutBlockFlow {DIV} at (444,253) size 181x85 [border: (1px solid #0000FF)]
              LayoutBlockFlow {SPAN} at (1,1) size 80x32
                LayoutText {#text} at (0,0) size 85x31
                  text run at (0,0) width 27: "style:"
                  text run at (0,16) width 85: "\"overflow:scroll\","
              LayoutBR {BR} at (81,29) size 0x0
            LayoutBlockFlow {DIV} at (625,212) size 82x126 [border: (1px solid #0000FF)]
              LayoutBlockFlow {SPAN} at (1,1) size 80x64
                LayoutText {#text} at (0,0) size 86x63
                  text run at (0,0) width 27: "style:"
                  text run at (0,16) width 86: "\"overflow:hidden;"
                  text run at (0,32) width 58: "width:60px;"
                  text run at (0,48) width 64: "height:60px\","
              LayoutBR {BR} at (81,61) size 0x0
            LayoutBlockFlow {DIV} at (0,338) size 82x126 [border: (1px solid #0000FF)]
              LayoutBlockFlow {SPAN} at (1,1) size 80x64
                LayoutText {#text} at (0,0) size 80x63
                  text run at (0,0) width 27: "style:"
                  text run at (0,16) width 80: "\"overflow:scroll;"
                  text run at (0,32) width 58: "width:60px;"
                  text run at (0,48) width 64: "height:60px\","
              LayoutBR {BR} at (81,61) size 0x0
            LayoutBlockFlow {DIV} at (82,354) size 82x110 [border: (1px solid #0000FF)]
              LayoutBlockFlow {SPAN} at (1,1) size 80x48
                LayoutText {#text} at (0,0) size 74x47
                  text run at (0,0) width 74: "cols: \"5\", style:"
                  text run at (0,16) width 63: "\"width:60px;"
                  text run at (0,32) width 64: "height:60px\","
              LayoutBR {BR} at (81,45) size 0x0
            LayoutBlockFlow {DIV} at (164,354) size 82x110 [border: (1px solid #0000FF)]
              LayoutBlockFlow {SPAN} at (1,1) size 80x48
                LayoutText {#text} at (0,0) size 79x47
                  text run at (0,0) width 79: "rows: \"4\", style:"
                  text run at (0,16) width 63: "\"width:60px;"
                  text run at (0,32) width 64: "height:60px\","
              LayoutBR {BR} at (81,45) size 0x0
            LayoutBlockFlow {DIV} at (246,338) size 82x126 [border: (1px solid #0000FF)]
              LayoutBlockFlow {SPAN} at (1,1) size 80x64
                LayoutText {#text} at (0,0) size 74x63
                  text run at (0,0) width 74: "cols: \"5\", rows:"
                  text run at (0,16) width 49: "\"4\", style:"
                  text run at (0,32) width 63: "\"width:60px;"
                  text run at (0,48) width 64: "height:60px\","
              LayoutBR {BR} at (81,61) size 0x0
            LayoutBlockFlow {DIV} at (328,410) size 82x54 [border: (1px solid #0000FF)]
              LayoutBlockFlow {SPAN} at (1,1) size 80x16
                LayoutText {#text} at (0,0) size 44x15
                  text run at (0,0) width 44: "cols: \"3\","
              LayoutBR {BR} at (81,13) size 0x0
            LayoutBlockFlow {DIV} at (410,394) size 181x70 [border: (1px solid #0000FF)]
              LayoutBlockFlow {SPAN} at (1,1) size 80x16
                LayoutText {#text} at (0,0) size 49x15
                  text run at (0,0) width 49: "rows: \"3\","
              LayoutBR {BR} at (81,13) size 0x0
            LayoutBlockFlow {DIV} at (591,410) size 82x54 [border: (1px solid #0000FF)]
              LayoutBlockFlow {SPAN} at (1,1) size 80x16
                LayoutText {#text} at (0,0) size 44x15
                  text run at (0,0) width 44: "cols: \"7\","
              LayoutBR {BR} at (81,13) size 0x0
            LayoutBlockFlow {DIV} at (0,464) size 181x134 [border: (1px solid #0000FF)]
              LayoutBlockFlow {SPAN} at (1,1) size 80x16
                LayoutText {#text} at (0,0) size 49x15
                  text run at (0,0) width 49: "rows: \"7\","
              LayoutBR {BR} at (81,13) size 0x0
            LayoutBlockFlow {DIV} at (181,496) size 82x102 [border: (1px solid #0000FF)]
              LayoutBlockFlow {SPAN} at (1,1) size 80x32
                LayoutText {#text} at (0,0) size 74x31
                  text run at (0,0) width 74: "cols: \"5\", rows:"
                  text run at (0,16) width 19: "\"4\","
              LayoutBR {BR} at (81,29) size 0x0
            LayoutBlockFlow {DIV} at (263,529) size 181x69 [border: (1px solid #0000FF)]
              LayoutBlockFlow {SPAN} at (1,1) size 80x16
                LayoutText {#text} at (0,0) size 58x15
                  text run at (0,0) width 58: "wrap: \"off\","
              LayoutBR {BR} at (81,13) size 0x0
            LayoutBlockFlow {DIV} at (444,544) size 181x54 [border: (1px solid #0000FF)]
              LayoutBlockFlow {SPAN} at (1,1) size 80x16
                LayoutText {#text} at (0,0) size 65x15
                  text run at (0,0) width 65: "wrap: \"hard\","
              LayoutBR {BR} at (81,13) size 0x0
            LayoutBlockFlow {DIV} at (0,614) size 181x54 [border: (1px solid #0000FF)]
              LayoutBlockFlow {SPAN} at (1,1) size 80x16
                LayoutText {#text} at (0,0) size 63x15
                  text run at (0,0) width 63: "wrap: \"soft\","
              LayoutBR {BR} at (81,13) size 0x0
            LayoutBlockFlow {DIV} at (181,598) size 181x70 [border: (1px solid #0000FF)]
              LayoutBlockFlow {SPAN} at (1,1) size 80x32
                LayoutText {#text} at (0,0) size 71x31
                  text run at (0,0) width 66: "style: \"white-"
                  text run at (0,16) width 71: "space:normal\","
              LayoutBR {BR} at (81,29) size 0x0
            LayoutBlockFlow {DIV} at (362,598) size 181x70 [border: (1px solid #0000FF)]
              LayoutBlockFlow {SPAN} at (1,1) size 80x32
                LayoutText {#text} at (0,0) size 66x31
                  text run at (0,0) width 66: "style: \"white-"
                  text run at (0,16) width 54: "space:pre\","
              LayoutBR {BR} at (81,29) size 0x0
            LayoutBlockFlow {DIV} at (543,598) size 181x70 [border: (1px solid #0000FF)]
              LayoutBlockFlow {SPAN} at (1,1) size 80x32
                LayoutText {#text} at (0,0) size 79x31
                  text run at (0,0) width 66: "style: \"white-"
                  text run at (0,16) width 79: "space:prewrap\","
              LayoutBR {BR} at (81,29) size 0x0
            LayoutBlockFlow {DIV} at (0,715) size 181x70 [border: (1px solid #0000FF)]
              LayoutBlockFlow {SPAN} at (1,1) size 80x32
                LayoutText {#text} at (0,0) size 75x31
                  text run at (0,0) width 66: "style: \"white-"
                  text run at (0,16) width 75: "space:nowrap\","
              LayoutBR {BR} at (81,29) size 0x0
            LayoutBlockFlow {DIV} at (181,715) size 181x70 [border: (1px solid #0000FF)]
              LayoutBlockFlow {SPAN} at (1,1) size 80x32
                LayoutText {#text} at (0,0) size 75x31
                  text run at (0,0) width 66: "style: \"white-"
                  text run at (0,16) width 75: "space:pre-line\","
              LayoutBR {BR} at (81,29) size 0x0
            LayoutBlockFlow {DIV} at (362,700) size 181x85 [border: (1px solid #0000FF)]
              LayoutBlockFlow {SPAN} at (1,1) size 80x32
                LayoutText {#text} at (0,0) size 69x31
                  text run at (0,0) width 64: "style: \"word-"
                  text run at (0,16) width 69: "wrap:normal\","
              LayoutBR {BR} at (81,29) size 0x0
            LayoutBlockFlow {DIV} at (543,668) size 181x117 [border: (1px solid #0000FF)]
              LayoutBlockFlow {SPAN} at (1,1) size 80x64
                LayoutText {#text} at (0,0) size 66x63
                  text run at (0,0) width 58: "wrap: \"off\","
                  text run at (0,16) width 66: "style: \"white-"
                  text run at (0,32) width 50: "space:pre-"
                  text run at (0,48) width 33: "wrap\","
              LayoutBR {BR} at (81,61) size 0x0
    layer at (1,81) size 179x36 clip at (2,82) size 177x34
      LayoutTextControl {TEXTAREA} at (1,1) size 179x36 [bgcolor=#FFFFFF] [border: (1px solid #A9A9A9)]
        LayoutBlockFlow {DIV} at (3,3) size 175x16
          LayoutText {#text} at (0,0) size 136x16
            text run at (0,0) width 136: "Lorem ipsum dolor"
    layer at (182,81) size 179x36 clip at (183,82) size 162x34 scrollHeight 82
      LayoutTextControl {TEXTAREA} at (1,17) size 179x36 [color=#545454] [bgcolor=#EBEBE4] [border: (1px solid #A9A9A9)]
        LayoutBlockFlow {DIV} at (3,3) size 160x80
          LayoutText {#text} at (0,0) size 160x80
            text run at (0,0) width 144: "Lorem ipsum  dolor"
            text run at (144,0) width 8: " "
            text run at (0,16) width 160: "ABCDEFGHIJKLMNOPQRST"
            text run at (0,32) width 48: "UVWXYZ"
            text run at (48,32) width 8: " "
            text run at (0,48) width 160: "abcdefghijklmnopqrst"
            text run at (0,64) width 16: "uv"
    layer at (363,63) size 197x54 clip at (364,64) size 180x52 scrollHeight 100
      LayoutTextControl {TEXTAREA} at (1,33) size 197x54 [bgcolor=#FFFFFF] [border: (1px solid #A9A9A9)]
        LayoutBlockFlow {DIV} at (11,11) size 160x80
          LayoutText {#text} at (0,0) size 160x80
            text run at (0,0) width 144: "Lorem ipsum  dolor"
            text run at (144,0) width 8: " "
            text run at (0,16) width 160: "ABCDEFGHIJKLMNOPQRST"
            text run at (0,32) width 48: "UVWXYZ"
            text run at (48,32) width 8: " "
            text run at (0,48) width 160: "abcdefghijklmnopqrst"
            text run at (0,64) width 16: "uv"
    layer at (562,83) size 177x34 clip at (563,84) size 160x32 scrollHeight 80
      LayoutTextControl {TEXTAREA} at (1,33) size 177x34 [bgcolor=#FFFFFF] [border: (1px solid #A9A9A9)]
        LayoutBlockFlow {DIV} at (1,1) size 160x80
          LayoutText {#text} at (0,0) size 160x80
            text run at (0,0) width 144: "Lorem ipsum  dolor"
            text run at (144,0) width 8: " "
            text run at (0,16) width 160: "ABCDEFGHIJKLMNOPQRST"
            text run at (0,32) width 48: "UVWXYZ"
            text run at (48,32) width 8: " "
            text run at (0,48) width 160: "abcdefghijklmnopqrst"
            text run at (0,64) width 16: "uv"
    layer at (11,195) size 179x36 clip at (12,196) size 162x34 scrollHeight 82
      LayoutTextControl {TEXTAREA} at (11,43) size 179x36 [bgcolor=#FFFFFF] [border: (1px solid #A9A9A9)]
        LayoutBlockFlow {DIV} at (3,3) size 160x80
          LayoutText {#text} at (0,0) size 160x80
            text run at (0,0) width 144: "Lorem ipsum  dolor"
            text run at (144,0) width 8: " "
            text run at (0,16) width 160: "ABCDEFGHIJKLMNOPQRST"
            text run at (0,32) width 48: "UVWXYZ"
            text run at (48,32) width 8: " "
            text run at (0,48) width 160: "abcdefghijklmnopqrst"
            text run at (0,64) width 16: "uv"
    layer at (202,205) size 179x36 clip at (203,206) size 162x34 scrollHeight 82
      LayoutTextControl {TEXTAREA} at (1,33) size 179x36 [bgcolor=#FFFFFF] [border: (1px solid #A9A9A9)]
        LayoutBlockFlow {DIV} at (3,3) size 160x80
          LayoutText {#text} at (0,0) size 160x80
            text run at (0,0) width 144: "Lorem ipsum  dolor"
            text run at (144,0) width 8: " "
            text run at (0,16) width 160: "ABCDEFGHIJKLMNOPQRST"
            text run at (0,32) width 48: "UVWXYZ"
            text run at (48,32) width 8: " "
            text run at (0,48) width 160: "abcdefghijklmnopqrst"
            text run at (0,64) width 16: "uv"
    layer at (383,205) size 60x36 clip at (384,206) size 43x34 scrollHeight 242
      LayoutTextControl {TEXTAREA} at (1,33) size 60x36 [bgcolor=#FFFFFF] [border: (1px solid #A9A9A9)]
        LayoutBlockFlow {DIV} at (3,3) size 41x240
          LayoutText {#text} at (0,0) size 41x240
            text run at (0,0) width 40: "Lorem"
            text run at (40,0) width 1: " "
            text run at (0,16) width 40: "ipsum"
            text run at (0,32) width 16: "  "
            text run at (0,48) width 40: "dolor"
            text run at (40,48) width 1: " "
            text run at (0,64) width 40: "ABCDE"
            text run at (0,80) width 40: "FGHIJ"
            text run at (0,96) width 40: "KLMNO"
            text run at (0,112) width 40: "PQRST"
            text run at (0,128) width 40: "UVWXY"
            text run at (0,144) width 8: "Z"
            text run at (8,144) width 8: " "
            text run at (0,160) width 40: "abcde"
            text run at (0,176) width 40: "fghij"
            text run at (0,192) width 40: "klmno"
            text run at (0,208) width 40: "pqrst"
            text run at (0,224) width 16: "uv"
    layer at (465,167) size 60x74 clip at (466,168) size 43x72 scrollHeight 1128
      LayoutTextControl {TEXTAREA} at (1,49) size 60x74 [bgcolor=#FFFFFF] [border: (1px solid #A9A9A9)]
        LayoutBlockFlow {DIV} at (21,21) size 3x1088
          LayoutText {#text} at (0,0) size 8x1088
            text run at (0,0) width 8: "L"
            text run at (0,16) width 8: "o"
            text run at (0,32) width 8: "r"
            text run at (0,48) width 8: "e"
            text run at (0,64) width 8: "m"
            text run at (0,80) width 3: " "
            text run at (0,96) width 8: "i"
            text run at (0,112) width 8: "p"
            text run at (0,128) width 8: "s"
            text run at (0,144) width 8: "u"
            text run at (0,160) width 8: "m"
            text run at (0,176) width 3: " "
            text run at (0,192) width 3: " "
            text run at (0,208) width 8: "d"
            text run at (0,224) width 8: "o"
            text run at (0,240) width 8: "l"
            text run at (0,256) width 8: "o"
            text run at (0,272) width 8: "r"
            text run at (0,288) width 3: " "
            text run at (0,304) width 8: "A"
            text run at (0,320) width 8: "B"
            text run at (0,336) width 8: "C"
            text run at (0,352) width 8: "D"
            text run at (0,368) width 8: "E"
            text run at (0,384) width 8: "F"
            text run at (0,400) width 8: "G"
            text run at (0,416) width 8: "H"
            text run at (0,432) width 8: "I"
            text run at (0,448) width 8: "J"
            text run at (0,464) width 8: "K"
            text run at (0,480) width 8: "L"
            text run at (0,496) width 8: "M"
            text run at (0,512) width 8: "N"
            text run at (0,528) width 8: "O"
            text run at (0,544) width 8: "P"
            text run at (0,560) width 8: "Q"
            text run at (0,576) width 8: "R"
            text run at (0,592) width 8: "S"
            text run at (0,608) width 8: "T"
            text run at (0,624) width 8: "U"
            text run at (0,640) width 8: "V"
            text run at (0,656) width 8: "W"
            text run at (0,672) width 8: "X"
            text run at (0,688) width 8: "Y"
            text run at (0,704) width 8: "Z"
            text run at (0,720) width 3: " "
            text run at (0,736) width 8: "a"
            text run at (0,752) width 8: "b"
            text run at (0,768) width 8: "c"
            text run at (0,784) width 8: "d"
            text run at (0,800) width 8: "e"
            text run at (0,816) width 8: "f"
            text run at (0,832) width 8: "g"
            text run at (0,848) width 8: "h"
            text run at (0,864) width 8: "i"
            text run at (0,880) width 8: "j"
            text run at (0,896) width 8: "k"
            text run at (0,912) width 8: "l"
            text run at (0,928) width 8: "m"
            text run at (0,944) width 8: "n"
            text run at (0,960) width 8: "o"
            text run at (0,976) width 8: "p"
            text run at (0,992) width 8: "q"
            text run at (0,1008) width 8: "r"
            text run at (0,1024) width 8: "s"
            text run at (0,1040) width 8: "t"
            text run at (0,1056) width 8: "u"
            text run at (0,1072) width 8: "v"
    layer at (547,207) size 60x34 clip at (548,208) size 43x32 scrollHeight 240
      LayoutTextControl {TEXTAREA} at (1,49) size 60x34 [bgcolor=#FFFFFF] [border: (1px solid #A9A9A9)]
        LayoutBlockFlow {DIV} at (1,1) size 43x240
          LayoutText {#text} at (0,0) size 43x240
            text run at (0,0) width 40: "Lorem"
            text run at (40,0) width 3: " "
            text run at (0,16) width 40: "ipsum"
            text run at (0,32) width 16: "  "
            text run at (0,48) width 40: "dolor"
            text run at (40,48) width 3: " "
            text run at (0,64) width 40: "ABCDE"
            text run at (0,80) width 40: "FGHIJ"
            text run at (0,96) width 40: "KLMNO"
            text run at (0,112) width 40: "PQRST"
            text run at (0,128) width 40: "UVWXY"
            text run at (0,144) width 8: "Z"
            text run at (8,144) width 8: " "
            text run at (0,160) width 40: "abcde"
            text run at (0,176) width 40: "fghij"
            text run at (0,192) width 40: "klmno"
            text run at (0,208) width 40: "pqrst"
            text run at (0,224) width 16: "uv"
    layer at (1,307) size 179x60 clip at (2,308) size 162x58 scrollHeight 82
      LayoutTextControl {TEXTAREA} at (1,33) size 179x60 [bgcolor=#FFFFFF] [border: (1px solid #A9A9A9)]
        LayoutBlockFlow {DIV} at (3,3) size 160x80
          LayoutText {#text} at (0,0) size 160x80
            text run at (0,0) width 144: "Lorem ipsum  dolor"
            text run at (144,0) width 8: " "
            text run at (0,16) width 160: "ABCDEFGHIJKLMNOPQRST"
            text run at (0,32) width 48: "UVWXYZ"
            text run at (48,32) width 8: " "
            text run at (0,48) width 160: "abcdefghijklmnopqrst"
            text run at (0,64) width 16: "uv"
    layer at (182,307) size 60x60 clip at (183,308) size 43x58 scrollHeight 242
      LayoutTextControl {TEXTAREA} at (1,49) size 60x60 [bgcolor=#FFFFFF] [border: (1px solid #A9A9A9)]
        LayoutBlockFlow {DIV} at (3,3) size 41x240
          LayoutText {#text} at (0,0) size 41x240
            text run at (0,0) width 40: "Lorem"
            text run at (40,0) width 1: " "
            text run at (0,16) width 40: "ipsum"
            text run at (0,32) width 16: "  "
            text run at (0,48) width 40: "dolor"
            text run at (40,48) width 1: " "
            text run at (0,64) width 40: "ABCDE"
            text run at (0,80) width 40: "FGHIJ"
            text run at (0,96) width 40: "KLMNO"
            text run at (0,112) width 40: "PQRST"
            text run at (0,128) width 40: "UVWXY"
            text run at (0,144) width 8: "Z"
            text run at (8,144) width 8: " "
            text run at (0,160) width 40: "abcde"
            text run at (0,176) width 40: "fghij"
            text run at (0,192) width 40: "klmno"
            text run at (0,208) width 40: "pqrst"
            text run at (0,224) width 16: "uv"
    layer at (264,331) size 179x36 clip at (265,332) size 177x34 scrollHeight 82
      LayoutTextControl {TEXTAREA} at (1,33) size 179x36 [bgcolor=#FFFFFF] [border: (1px solid #A9A9A9)]
        LayoutBlockFlow {DIV} at (3,3) size 175x80
          LayoutText {#text} at (0,0) size 168x80
            text run at (0,0) width 144: "Lorem ipsum  dolor"
            text run at (144,0) width 8: " "
            text run at (0,16) width 168: "ABCDEFGHIJKLMNOPQRSTU"
            text run at (0,32) width 40: "VWXYZ"
            text run at (40,32) width 8: " "
            text run at (0,48) width 168: "abcdefghijklmnopqrstu"
            text run at (0,64) width 8: "v"
    layer at (445,316) size 179x51 clip at (446,317) size 162x34 scrollHeight 82
      LayoutTextControl {TEXTAREA} at (1,33) size 179x51 [bgcolor=#FFFFFF] [border: (1px solid #A9A9A9)]
        LayoutBlockFlow {DIV} at (3,3) size 160x80
          LayoutText {#text} at (0,0) size 160x80
            text run at (0,0) width 144: "Lorem ipsum  dolor"
            text run at (144,0) width 8: " "
            text run at (0,16) width 160: "ABCDEFGHIJKLMNOPQRST"
            text run at (0,32) width 48: "UVWXYZ"
            text run at (48,32) width 8: " "
            text run at (0,48) width 160: "abcdefghijklmnopqrst"
            text run at (0,64) width 16: "uv"
    layer at (626,307) size 60x60 clip at (627,308) size 58x58 scrollHeight 178
      LayoutTextControl {TEXTAREA} at (1,65) size 60x60 [bgcolor=#FFFFFF] [border: (1px solid #A9A9A9)]
        LayoutBlockFlow {DIV} at (3,3) size 56x176
          LayoutText {#text} at (0,0) size 56x176
            text run at (0,0) width 40: "Lorem"
            text run at (40,0) width 8: " "
            text run at (0,16) width 40: "ipsum"
            text run at (40,16) width 16: "  "
            text run at (0,32) width 40: "dolor"
            text run at (40,32) width 8: " "
            text run at (0,48) width 56: "ABCDEFG"
            text run at (0,64) width 56: "HIJKLMN"
            text run at (0,80) width 56: "OPQRSTU"
            text run at (0,96) width 40: "VWXYZ"
            text run at (40,96) width 8: " "
            text run at (0,112) width 56: "abcdefg"
            text run at (0,128) width 56: "hijklmn"
            text run at (0,144) width 56: "opqrstu"
            text run at (0,160) width 8: "v"
    layer at (1,433) size 60x60 clip at (2,434) size 43x43 scrollHeight 242
      LayoutTextControl {TEXTAREA} at (1,65) size 60x60 [bgcolor=#FFFFFF] [border: (1px solid #A9A9A9)]
        LayoutBlockFlow {DIV} at (3,3) size 41x240
          LayoutText {#text} at (0,0) size 41x240
            text run at (0,0) width 40: "Lorem"
            text run at (40,0) width 1: " "
            text run at (0,16) width 40: "ipsum"
            text run at (0,32) width 16: "  "
            text run at (0,48) width 40: "dolor"
            text run at (40,48) width 1: " "
            text run at (0,64) width 40: "ABCDE"
            text run at (0,80) width 40: "FGHIJ"
            text run at (0,96) width 40: "KLMNO"
            text run at (0,112) width 40: "PQRST"
            text run at (0,128) width 40: "UVWXY"
            text run at (0,144) width 8: "Z"
            text run at (8,144) width 8: " "
            text run at (0,160) width 40: "abcde"
            text run at (0,176) width 40: "fghij"
            text run at (0,192) width 40: "klmno"
            text run at (0,208) width 40: "pqrst"
            text run at (0,224) width 16: "uv"
    layer at (83,433) size 60x60 clip at (84,434) size 43x58 scrollHeight 242
      LayoutTextControl {TEXTAREA} at (1,49) size 60x60 [bgcolor=#FFFFFF] [border: (1px solid #A9A9A9)]
        LayoutBlockFlow {DIV} at (3,3) size 41x240
          LayoutText {#text} at (0,0) size 41x240
            text run at (0,0) width 40: "Lorem"
            text run at (40,0) width 1: " "
            text run at (0,16) width 40: "ipsum"
            text run at (0,32) width 16: "  "
            text run at (0,48) width 40: "dolor"
            text run at (40,48) width 1: " "
            text run at (0,64) width 40: "ABCDE"
            text run at (0,80) width 40: "FGHIJ"
            text run at (0,96) width 40: "KLMNO"
            text run at (0,112) width 40: "PQRST"
            text run at (0,128) width 40: "UVWXY"
            text run at (0,144) width 8: "Z"
            text run at (8,144) width 8: " "
            text run at (0,160) width 40: "abcde"
            text run at (0,176) width 40: "fghij"
            text run at (0,192) width 40: "klmno"
            text run at (0,208) width 40: "pqrst"
            text run at (0,224) width 16: "uv"
    layer at (165,433) size 60x60 clip at (166,434) size 43x58 scrollHeight 242
      LayoutTextControl {TEXTAREA} at (1,49) size 60x60 [bgcolor=#FFFFFF] [border: (1px solid #A9A9A9)]
        LayoutBlockFlow {DIV} at (3,3) size 41x240
          LayoutText {#text} at (0,0) size 41x240
            text run at (0,0) width 40: "Lorem"
            text run at (40,0) width 1: " "
            text run at (0,16) width 40: "ipsum"
            text run at (0,32) width 16: "  "
            text run at (0,48) width 40: "dolor"
            text run at (40,48) width 1: " "
            text run at (0,64) width 40: "ABCDE"
            text run at (0,80) width 40: "FGHIJ"
            text run at (0,96) width 40: "KLMNO"
            text run at (0,112) width 40: "PQRST"
            text run at (0,128) width 40: "UVWXY"
            text run at (0,144) width 8: "Z"
            text run at (8,144) width 8: " "
            text run at (0,160) width 40: "abcde"
            text run at (0,176) width 40: "fghij"
            text run at (0,192) width 40: "klmno"
            text run at (0,208) width 40: "pqrst"
            text run at (0,224) width 16: "uv"
    layer at (247,433) size 60x60 clip at (248,434) size 43x58 scrollHeight 242
      LayoutTextControl {TEXTAREA} at (1,65) size 60x60 [bgcolor=#FFFFFF] [border: (1px solid #A9A9A9)]
        LayoutBlockFlow {DIV} at (3,3) size 41x240
          LayoutText {#text} at (0,0) size 41x240
            text run at (0,0) width 40: "Lorem"
            text run at (40,0) width 1: " "
            text run at (0,16) width 40: "ipsum"
            text run at (0,32) width 16: "  "
            text run at (0,48) width 40: "dolor"
            text run at (40,48) width 1: " "
            text run at (0,64) width 40: "ABCDE"
            text run at (0,80) width 40: "FGHIJ"
            text run at (0,96) width 40: "KLMNO"
            text run at (0,112) width 40: "PQRST"
            text run at (0,128) width 40: "UVWXY"
            text run at (0,144) width 8: "Z"
            text run at (8,144) width 8: " "
            text run at (0,160) width 40: "abcde"
            text run at (0,176) width 40: "fghij"
            text run at (0,192) width 40: "klmno"
            text run at (0,208) width 40: "pqrst"
            text run at (0,224) width 16: "uv"
    layer at (329,457) size 43x36 clip at (330,458) size 26x34 scrollHeight 370
      LayoutTextControl {TEXTAREA} at (1,17) size 43x36 [bgcolor=#FFFFFF] [border: (1px solid #A9A9A9)]
        LayoutBlockFlow {DIV} at (3,3) size 24x368
          LayoutText {#text} at (0,0) size 24x368
            text run at (0,0) width 24: "Lor"
            text run at (0,16) width 16: "em"
            text run at (16,16) width 8: " "
            text run at (0,32) width 24: "ips"
            text run at (0,48) width 16: "um"
            text run at (16,48) width 8: "  "
            text run at (0,64) width 24: "dol"
            text run at (0,80) width 16: "or"
            text run at (16,80) width 8: " "
            text run at (0,96) width 24: "ABC"
            text run at (0,112) width 24: "DEF"
            text run at (0,128) width 24: "GHI"
            text run at (0,144) width 24: "JKL"
            text run at (0,160) width 24: "MNO"
            text run at (0,176) width 24: "PQR"
            text run at (0,192) width 24: "STU"
            text run at (0,208) width 24: "VWX"
            text run at (0,224) width 16: "YZ"
            text run at (16,224) width 8: " "
            text run at (0,240) width 24: "abc"
            text run at (0,256) width 24: "def"
            text run at (0,272) width 24: "ghi"
            text run at (0,288) width 24: "jkl"
            text run at (0,304) width 24: "mno"
            text run at (0,320) width 24: "pqr"
            text run at (0,336) width 24: "stu"
            text run at (0,352) width 8: "v"
    layer at (411,441) size 179x52 clip at (412,442) size 162x50 scrollHeight 82
      LayoutTextControl {TEXTAREA} at (1,17) size 179x52 [bgcolor=#FFFFFF] [border: (1px solid #A9A9A9)]
        LayoutBlockFlow {DIV} at (3,3) size 160x80
          LayoutText {#text} at (0,0) size 160x80
            text run at (0,0) width 144: "Lorem ipsum  dolor"
            text run at (144,0) width 8: " "
            text run at (0,16) width 160: "ABCDEFGHIJKLMNOPQRST"
            text run at (0,32) width 48: "UVWXYZ"
            text run at (48,32) width 8: " "
            text run at (0,48) width 160: "abcdefghijklmnopqrst"
            text run at (0,64) width 16: "uv"
    layer at (592,457) size 75x36 clip at (593,458) size 58x34 scrollHeight 178
      LayoutTextControl {TEXTAREA} at (1,17) size 75x36 [bgcolor=#FFFFFF] [border: (1px solid #A9A9A9)]
        LayoutBlockFlow {DIV} at (3,3) size 56x176
          LayoutText {#text} at (0,0) size 56x176
            text run at (0,0) width 40: "Lorem"
            text run at (40,0) width 8: " "
            text run at (0,16) width 40: "ipsum"
            text run at (40,16) width 16: "  "
            text run at (0,32) width 40: "dolor"
            text run at (40,32) width 8: " "
            text run at (0,48) width 56: "ABCDEFG"
            text run at (0,64) width 56: "HIJKLMN"
            text run at (0,80) width 56: "OPQRSTU"
            text run at (0,96) width 40: "VWXYZ"
            text run at (40,96) width 8: " "
            text run at (0,112) width 56: "abcdefg"
            text run at (0,128) width 56: "hijklmn"
            text run at (0,144) width 56: "opqrstu"
            text run at (0,160) width 8: "v"
    layer at (1,511) size 179x116 clip at (2,512) size 177x114
      LayoutTextControl {TEXTAREA} at (1,17) size 179x116 [bgcolor=#FFFFFF] [border: (1px solid #A9A9A9)]
        LayoutBlockFlow {DIV} at (3,3) size 175x80
          LayoutText {#text} at (0,0) size 168x80
            text run at (0,0) width 144: "Lorem ipsum  dolor"
            text run at (144,0) width 8: " "
            text run at (0,16) width 168: "ABCDEFGHIJKLMNOPQRSTU"
            text run at (0,32) width 40: "VWXYZ"
            text run at (40,32) width 8: " "
            text run at (0,48) width 168: "abcdefghijklmnopqrstu"
            text run at (0,64) width 8: "v"
    layer at (182,559) size 59x68 clip at (183,560) size 42x66 scrollHeight 242
      LayoutTextControl {TEXTAREA} at (1,33) size 59x68 [bgcolor=#FFFFFF] [border: (1px solid #A9A9A9)]
        LayoutBlockFlow {DIV} at (3,3) size 40x240
          LayoutText {#text} at (0,0) size 40x240
            text run at (0,0) width 40: "Lorem"
            text run at (40,0) width 0: " "
            text run at (0,16) width 40: "ipsum"
            text run at (0,32) width 16: "  "
            text run at (0,48) width 40: "dolor"
            text run at (40,48) width 0: " "
            text run at (0,64) width 40: "ABCDE"
            text run at (0,80) width 40: "FGHIJ"
            text run at (0,96) width 40: "KLMNO"
            text run at (0,112) width 40: "PQRST"
            text run at (0,128) width 40: "UVWXY"
            text run at (0,144) width 8: "Z"
            text run at (8,144) width 8: " "
            text run at (0,160) width 40: "abcde"
            text run at (0,176) width 40: "fghij"
            text run at (0,192) width 40: "klmno"
            text run at (0,208) width 40: "pqrst"
            text run at (0,224) width 16: "uv"
    layer at (264,576) size 179x51 clip at (265,577) size 177x34 scrollWidth 546
      LayoutTextControl {TEXTAREA} at (1,17) size 179x51 [bgcolor=#FFFFFF] [border: (1px solid #A9A9A9)]
        LayoutBlockFlow {DIV} at (3,3) size 175x16
          LayoutText {#text} at (0,0) size 544x16
            text run at (0,0) width 544: "Lorem ipsum  dolor ABCDEFGHIJKLMNOPQRSTUVWXYZ abcdefghijklmnopqrstuv"
    layer at (445,591) size 179x36 clip at (446,592) size 162x34 scrollHeight 82
      LayoutTextControl {TEXTAREA} at (1,17) size 179x36 [bgcolor=#FFFFFF] [border: (1px solid #A9A9A9)]
        LayoutBlockFlow {DIV} at (3,3) size 160x80
          LayoutText {#text} at (0,0) size 160x80
            text run at (0,0) width 144: "Lorem ipsum  dolor"
            text run at (144,0) width 8: " "
            text run at (0,16) width 160: "ABCDEFGHIJKLMNOPQRST"
            text run at (0,32) width 48: "UVWXYZ"
            text run at (48,32) width 8: " "
            text run at (0,48) width 160: "abcdefghijklmnopqrst"
            text run at (0,64) width 16: "uv"
    layer at (1,661) size 179x36 clip at (2,662) size 162x34 scrollHeight 82
      LayoutTextControl {TEXTAREA} at (1,17) size 179x36 [bgcolor=#FFFFFF] [border: (1px solid #A9A9A9)]
        LayoutBlockFlow {DIV} at (3,3) size 160x80
          LayoutText {#text} at (0,0) size 160x80
            text run at (0,0) width 144: "Lorem ipsum  dolor"
            text run at (144,0) width 8: " "
            text run at (0,16) width 160: "ABCDEFGHIJKLMNOPQRST"
            text run at (0,32) width 48: "UVWXYZ"
            text run at (48,32) width 8: " "
            text run at (0,48) width 160: "abcdefghijklmnopqrst"
            text run at (0,64) width 16: "uv"
    layer at (182,661) size 179x36 clip at (183,662) size 162x34 scrollHeight 82
      LayoutTextControl {TEXTAREA} at (1,33) size 179x36 [bgcolor=#FFFFFF] [border: (1px solid #A9A9A9)]
        LayoutBlockFlow {DIV} at (3,3) size 160x80
          LayoutText {#text} at (0,0) size 160x80
            text run at (0,0) width 144: "Lorem ipsum  dolor"
            text run at (144,0) width 8: " "
            text run at (0,16) width 160: "ABCDEFGHIJKLMNOPQRST"
            text run at (0,32) width 48: "UVWXYZ"
            text run at (48,32) width 8: " "
            text run at (0,48) width 160: "abcdefghijklmnopqrst"
            text run at (0,64) width 16: "uv"
    layer at (363,661) size 179x36 clip at (364,662) size 177x19 scrollWidth 546
      LayoutTextControl {TEXTAREA} at (1,33) size 179x36 [bgcolor=#FFFFFF] [border: (1px solid #A9A9A9)]
        LayoutBlockFlow {DIV} at (3,3) size 175x16
          LayoutText {#text} at (0,0) size 544x16
            text run at (0,0) width 544: "Lorem ipsum  dolor ABCDEFGHIJKLMNOPQRSTUVWXYZ abcdefghijklmnopqrstuv"
    layer at (544,661) size 179x36 clip at (545,662) size 162x34 scrollHeight 82
      LayoutTextControl {TEXTAREA} at (1,33) size 179x36 [bgcolor=#FFFFFF] [border: (1px solid #A9A9A9)]
        LayoutBlockFlow {DIV} at (3,3) size 160x80
          LayoutText {#text} at (0,0) size 160x80
            text run at (0,0) width 144: "Lorem ipsum  dolor"
            text run at (144,0) width 8: " "
            text run at (0,16) width 160: "ABCDEFGHIJKLMNOPQRST"
            text run at (0,32) width 48: "UVWXYZ"
            text run at (48,32) width 8: " "
            text run at (0,48) width 160: "abcdefghijklmnopqrst"
            text run at (0,64) width 16: "uv"
    layer at (1,778) size 179x36 clip at (2,779) size 177x19 scrollWidth 546
      LayoutTextControl {TEXTAREA} at (1,33) size 179x36 [bgcolor=#FFFFFF] [border: (1px solid #A9A9A9)]
        LayoutBlockFlow {DIV} at (3,3) size 175x16
          LayoutText {#text} at (0,0) size 544x16
            text run at (0,0) width 544: "Lorem ipsum  dolor ABCDEFGHIJKLMNOPQRSTUVWXYZ abcdefghijklmnopqrstuv"
    layer at (182,778) size 179x36 clip at (183,779) size 162x34 scrollHeight 82
      LayoutTextControl {TEXTAREA} at (1,33) size 179x36 [bgcolor=#FFFFFF] [border: (1px solid #A9A9A9)]
        LayoutBlockFlow {DIV} at (3,3) size 160x80
          LayoutText {#text} at (0,0) size 160x80
            text run at (0,0) width 144: "Lorem ipsum  dolor"
            text run at (144,0) width 8: " "
            text run at (0,16) width 160: "ABCDEFGHIJKLMNOPQRST"
            text run at (0,32) width 48: "UVWXYZ"
            text run at (48,32) width 8: " "
            text run at (0,48) width 160: "abcdefghijklmnopqrst"
            text run at (0,64) width 16: "uv"
    layer at (363,763) size 179x51 clip at (364,764) size 162x34 scrollWidth 210 scrollHeight 66
      LayoutTextControl {TEXTAREA} at (1,33) size 179x51 [bgcolor=#FFFFFF] [border: (1px solid #A9A9A9)]
        LayoutBlockFlow {DIV} at (3,3) size 160x64
          LayoutText {#text} at (0,0) size 208x64
            text run at (0,0) width 144: "Lorem ipsum  dolor"
            text run at (144,0) width 8: " "
            text run at (0,16) width 208: "ABCDEFGHIJKLMNOPQRSTUVWXYZ"
            text run at (0,32) width 8: " "
            text run at (0,48) width 176: "abcdefghijklmnopqrstuv"
    layer at (544,763) size 179x51 clip at (545,764) size 162x34 scrollWidth 210 scrollHeight 66
      LayoutTextControl {TEXTAREA} at (1,65) size 179x51 [bgcolor=#FFFFFF] [border: (1px solid #A9A9A9)]
        LayoutBlockFlow {DIV} at (3,3) size 160x64
          LayoutText {#text} at (0,0) size 208x64
            text run at (0,0) width 144: "Lorem ipsum  dolor"
            text run at (144,0) width 8: " "
            text run at (0,16) width 208: "ABCDEFGHIJKLMNOPQRSTUVWXYZ"
            text run at (0,32) width 8: " "
            text run at (0,48) width 176: "abcdefghijklmnopqrstuv"
