layer at (0,0) size 800x600
  LayoutView at (0,0) size 800x600
layer at (0,0) size 800x600
  LayoutBlockFlow {HTML} at (0,0) size 800x600
    LayoutBlockFlow {BODY} at (8,8) size 784x584
      LayoutBR {BR} at (179,36) size 0x0
      LayoutBR {BR} at (179,72) size 0x0
      LayoutBR {BR} at (179,108) size 0x0
layer at (8,8) size 179x36 clip at (9,9) size 177x34
  LayoutTextControl {TEXTAREA} at (0,0) size 179x36 [bgcolor=#FFFFFF] [border: (1px solid #A9A9A9)]
    LayoutBlockFlow {DIV} at (3,3) size 175x32 [color=#757575]
      LayoutText {#text} at (0,0) size 48x32
        text run at (0,0) width 48: "first \x{D}"
        text run at (48,0) width 0: " "
        text run at (0,16) width 48: "second"
    LayoutBlockFlow {DIV} at (3,3) size 175x16
layer at (8,44) size 179x36 clip at (9,45) size 177x34
  LayoutTextControl {TEXTAREA} at (0,36) size 179x36 [bgcolor=#FFFFFF] [border: (1px solid #A9A9A9)]
    LayoutBlockFlow {DIV} at (3,3) size 175x16
layer at (8,80) size 179x36 clip at (9,81) size 177x34
  LayoutTextControl {TEXTAREA} at (0,72) size 179x36 [bgcolor=#FFFFFF] [border: (1px solid #A9A9A9)]
    LayoutBlockFlow {DIV} at (3,3) size 175x16
