layer at (0,0) size 800x600
  LayoutView at (0,0) size 800x600
layer at (0,0) size 800x600
  LayoutBlockFlow {HTML} at (0,0) size 800x600
    LayoutBlockFlow {BODY} at (8,8) size 784x584
      LayoutText {#text} at (0,0) size 422x19
        text run at (0,0) width 422: "This tests that a scrollbar will appear when text overflows the textarea "
      LayoutBR {BR} at (422,15) size 0x0
      LayoutText {#text} at (0,0) size 0x0
layer at (8,28) size 179x100 clip at (9,29) size 162x98 scrollHeight 146
  LayoutTextControl {TEXTAREA} at (0,20) size 179x100 [bgcolor=#FFFFFF] [border: (1px solid #A9A9A9)]
    LayoutBlockFlow {DIV} at (3,3) size 160x144
      LayoutText {#text} at (0,0) size 8x64
        text run at (0,0) width 8: "1"
        text run at (8,0) width 0: " "
        text run at (0,16) width 8: "2"
        text run at (8,16) width 0: " "
        text run at (0,32) width 8: "3"
        text run at (8,32) width 0: " "
        text run at (0,48) width 8: "4"
        text run at (8,48) width 0: " "
      LayoutText {#text} at (0,64) size 8x16
        text run at (0,64) width 8: "5"
      LayoutText {#text} at (8,64) size 0x16
        text run at (8,64) width 0: " "
      LayoutText {#text} at (0,80) size 8x16
        text run at (0,80) width 8: "6"
      LayoutText {#text} at (8,80) size 0x16
        text run at (8,80) width 0: " "
      LayoutText {#text} at (0,96) size 8x16
        text run at (0,96) width 8: "7"
      LayoutText {#text} at (8,96) size 0x16
        text run at (8,96) width 0: " "
      LayoutText {#text} at (0,112) size 8x16
        text run at (0,112) width 8: "8"
      LayoutText {#text} at (8,112) size 0x16
        text run at (8,112) width 0: " "
      LayoutBR {BR} at (0,128) size 0x16
caret: position 0 of child 9 {BR} of child 0 {DIV} of {#document-fragment} of child 3 {TEXTAREA} of body
