layer at (0,0) size 800x600
  LayoutView at (0,0) size 800x600
layer at (0,0) size 800x600
  LayoutBlockFlow {HTML} at (0,0) size 800x600
    LayoutBlockFlow {BODY} at (8,8) size 784x584
      LayoutBlockFlow (anonymous) at (0,0) size 784x141
        LayoutText {#text} at (0,0) size 478x19
          text run at (0,0) width 478: "This tests that typing in a scrolled textarea does not cause unnecessary scrolling."
        LayoutBR {BR} at (478,15) size 0x0
        LayoutText {#text} at (179,121) size 4x19
          text run at (179,121) width 4: " "
        LayoutBR {BR} at (183,136) size 0x0
      LayoutBlockFlow {DIV} at (0,141) size 784x0
layer at (8,28) size 179x116 clip at (9,29) size 162x114 scrollY 224.00 scrollHeight 338
  LayoutTextControl {TEXTAREA} at (0,20) size 179x116 [bgcolor=#FFFFFF] [border: (1px solid #A9A9A9)]
    LayoutBlockFlow {DIV} at (3,3) size 160x336
      LayoutText {#text} at (0,0) size 56x320
        text run at (0,0) width 8: "1"
        text run at (8,0) width 0: " "
        text run at (0,16) width 8: "2"
        text run at (8,16) width 0: " "
        text run at (0,32) width 8: "3"
        text run at (8,32) width 0: " "
        text run at (0,48) width 8: "4"
        text run at (8,48) width 0: " "
        text run at (0,64) width 8: "5"
        text run at (8,64) width 0: " "
        text run at (0,80) width 8: "6"
        text run at (8,80) width 0: " "
        text run at (0,96) width 8: "7"
        text run at (8,96) width 0: " "
        text run at (0,112) width 8: "8"
        text run at (8,112) width 0: " "
        text run at (0,128) width 8: "9"
        text run at (8,128) width 0: " "
        text run at (0,144) width 16: "10"
        text run at (16,144) width 0: " "
        text run at (0,160) width 16: "11"
        text run at (16,160) width 0: " "
        text run at (0,176) width 16: "12"
        text run at (16,176) width 0: " "
        text run at (0,192) width 16: "13"
        text run at (16,192) width 0: " "
        text run at (0,208) width 16: "14"
        text run at (16,208) width 0: " "
        text run at (0,224) width 16: "15"
        text run at (16,224) width 0: " "
        text run at (0,240) width 16: "16"
        text run at (16,240) width 0: " "
        text run at (0,256) width 16: "17"
        text run at (16,256) width 0: " "
        text run at (0,272) width 56: "18 Pass"
        text run at (56,272) width 0: " "
        text run at (0,288) width 16: "19"
        text run at (16,288) width 0: " "
        text run at (0,304) width 16: "20"
        text run at (16,304) width 0: " "
      LayoutBR {BR} at (0,320) size 0x16
caret: position 49 of child 0 {#text} of child 0 {DIV} of {#document-fragment} of child 3 {TEXTAREA} of body
