layer at (0,0) size 800x600
  LayoutView at (0,0) size 800x600
layer at (0,0) size 800x453
  LayoutBlockFlow {HTML} at (0,0) size 800x453
    LayoutBlockFlow {BODY} at (8,8) size 784x437
      LayoutText {#text} at (189,31) size 4x19
        text run at (189,31) width 4: " "
      LayoutBR {BR} at (193,31) size 0x19
      LayoutText {#text} at (193,86) size 4x19
        text run at (193,86) width 4: " "
      LayoutText {#text} at (386,86) size 4x19
        text run at (386,86) width 4: " "
      LayoutBR {BR} at (390,86) size 0x19
      LayoutText {#text} at (189,137) size 4x19
        text run at (189,137) width 4: " "
      LayoutBR {BR} at (193,137) size 0x19
      LayoutText {#text} at (189,188) size 4x19
        text run at (189,188) width 4: " "
      LayoutBR {BR} at (193,188) size 0x19
      LayoutText {#text} at (229,251) size 4x19
        text run at (229,251) width 4: " "
      LayoutText {#text} at (502,251) size 4x19
        text run at (502,251) width 4: " "
      LayoutText {#text} at (309,324) size 4x19
        text run at (309,324) width 4: " "
      LayoutBR {BR} at (313,324) size 0x19
      LayoutText {#text} at (276,417) size 4x19
        text run at (276,417) width 4: " "
      LayoutText {#text} at (643,417) size 4x19
        text run at (643,417) width 4: " "
      LayoutBR {BR} at (647,417) size 0x19
layer at (12,12) size 181x38 clip at (13,13) size 179x36
  LayoutTextControl {TEXTAREA} at (4,4) size 181x38 [bgcolor=#FFFFFF] [border: (1px solid #A9A9A9)]
    LayoutBlockFlow {DIV} at (3,3) size 175x16
      LayoutText {#text} at (0,0) size 24x16
        text run at (0,0) width 24: "foo"
layer at (12,63) size 185x42 clip at (15,66) size 179x36
  LayoutTextControl {TEXTAREA} at (4,55) size 185x42 [bgcolor=#FFFFFF] [border: (3px solid #00FF00)]
    LayoutBlockFlow {DIV} at (5,5) size 175x16
      LayoutText {#text} at (0,0) size 24x16
        text run at (0,0) width 24: "foo"
layer at (209,67) size 181x38 clip at (210,68) size 179x36
  LayoutTextControl {TEXTAREA} at (201,59) size 181x38 [bgcolor=#FFFFFF] [border: (1px solid #A9A9A9)]
    LayoutBlockFlow {DIV} at (3,3) size 175x16
      LayoutText {#text} at (0,0) size 24x16
        text run at (0,0) width 24: "foo"
layer at (12,118) size 181x38 clip at (13,119) size 179x36
  LayoutTextControl {TEXTAREA} at (4,110) size 181x38 [border: (1px solid #A9A9A9)]
    LayoutBlockFlow {DIV} at (3,3) size 175x16
      LayoutText {#text} at (0,0) size 24x16
        text run at (0,0) width 24: "foo"
layer at (12,169) size 181x38 clip at (13,170) size 179x36
  LayoutTextControl {TEXTAREA} at (4,161) size 181x38 [bgcolor=#FFFFFF] [border: (1px solid #A9A9A9)]
    LayoutBlockFlow {DIV} at (3,3) size 175x16
      LayoutText {#text} at (0,0) size 24x16
        text run at (0,0) width 24: "foo"
layer at (12,228) size 221x42 clip at (13,229) size 219x40
  LayoutTextControl {TEXTAREA} at (4,220) size 221x42 [bgcolor=#FFFFFF] [border: (1px solid #A9A9A9)]
    LayoutBlockFlow {DIV} at (3,3) size 215x18
      LayoutText {#text} at (0,0) size 30x18
        text run at (0,0) width 30: "foo"
layer at (245,220) size 261x50 clip at (246,221) size 259x48
  LayoutTextControl {TEXTAREA} at (237,212) size 261x50 [bgcolor=#FFFFFF] [border: (1px solid #A9A9A9)]
    LayoutBlockFlow {DIV} at (3,3) size 255x22
      LayoutText {#text} at (0,0) size 36x22
        text run at (0,0) width 36: "foo"
layer at (12,283) size 301x60 clip at (13,284) size 299x58
  LayoutTextControl {TEXTAREA} at (4,275) size 301x60 [bgcolor=#FFFFFF] [border: (1px solid #A9A9A9)]
    LayoutBlockFlow {DIV} at (3,3) size 295x27
      LayoutText {#text} at (0,0) size 42x27
        text run at (0,0) width 42: "foo"
layer at (14,381) size 264x53 clip at (16,383) size 261x50
  LayoutTextControl {TEXTAREA} at (6,373) size 264x53 [bgcolor=#FFFFFF] [border: (1.50px solid #A9A9A9)]
    LayoutBlockFlow {DIV} at (4.50,4.50) size 255x22
      LayoutText {#text} at (0,0) size 36x22
        text run at (0,0) width 36: "foo"
layer at (296,360) size 347x72 clip at (298,362) size 343x68
  LayoutTextControl {TEXTAREA} at (288,352) size 347x72 [bgcolor=#FFFFFF] [border: (2px solid #A9A9A9)]
    LayoutBlockFlow {DIV} at (6,6) size 335x30
      LayoutText {#text} at (0,0) size 48x30
        text run at (0,0) width 48: "foo"
