layer at (0,0) size 800x600 scrollHeight 2256
  LayoutView at (0,0) size 1046x799
layer at (0,0) size 1046x2256 backgroundClip at (0,0) size 800x600 clip at (0,0) size 800x600
  LayoutBlockFlow {HTML} at (0,0) size 1046x2256
    LayoutBlockFlow {BODY} at (8,8) size 1030x2240
      LayoutBlockFlow (anonymous) at (0,0) size 1030x100
        LayoutText {#text} at (0,8) size 958x84
          text run at (0,8) width 958: "Passes if there is a green circle before each \"Header\" and a red circle before each"
          text run at (0,58) width 110: "\"Footer\"."
      LayoutTable {TABLE} at (0,100) size 136x2140
        LayoutTableSection {THEAD} at (0,0) size 136x56
          LayoutTableRow {TR} at (0,2) size 136x52
            LayoutTableCell {TH} at (2,2) size 132x52 [r=0 c=0 rs=1 cs=1]
              LayoutSVGRoot {svg} at (1,6) size 30x30
                LayoutSVGEllipse {circle} at (0,0) size 30x30 [fill={[type=SOLID] [color=#008000]}] [cx=15.00] [cy=15.00] [r=15.00]
              LayoutText {#text} at (31,8) size 100x35
                text run at (31,8) width 8: " "
                text run at (39,8) width 92: "Header"
        LayoutTableSection {TBODY} at (0,56) size 136x2030
          LayoutTableRow {TR} at (0,0) size 136x52
            LayoutTableCell {TD} at (2,0) size 132x52 [r=0 c=0 rs=1 cs=1]
              LayoutText {#text} at (1,9) size 15x34
                text run at (1,9) width 15: "1"
          LayoutTableRow {TR} at (0,54) size 136x52
            LayoutTableCell {TD} at (2,54) size 132x52 [r=1 c=0 rs=1 cs=1]
              LayoutText {#text} at (1,9) size 15x34
                text run at (1,9) width 15: "2"
          LayoutTableRow {TR} at (0,108) size 136x52
            LayoutTableCell {TD} at (2,108) size 132x52 [r=2 c=0 rs=1 cs=1]
              LayoutText {#text} at (1,9) size 15x34
                text run at (1,9) width 15: "3"
          LayoutTableRow {TR} at (0,162) size 136x52
            LayoutTableCell {TD} at (2,162) size 132x52 [r=3 c=0 rs=1 cs=1]
              LayoutText {#text} at (1,9) size 15x34
                text run at (1,9) width 15: "4"
          LayoutTableRow {TR} at (0,216) size 136x52
            LayoutTableCell {TD} at (2,216) size 132x52 [r=4 c=0 rs=1 cs=1]
              LayoutText {#text} at (1,9) size 15x34
                text run at (1,9) width 15: "5"
          LayoutTableRow {TR} at (0,270) size 136x52
            LayoutTableCell {TD} at (2,270) size 132x52 [r=5 c=0 rs=1 cs=1]
              LayoutText {#text} at (1,9) size 15x34
                text run at (1,9) width 15: "6"
          LayoutTableRow {TR} at (0,324) size 136x52
            LayoutTableCell {TD} at (2,324) size 132x52 [r=6 c=0 rs=1 cs=1]
              LayoutText {#text} at (1,9) size 15x34
                text run at (1,9) width 15: "7"
          LayoutTableRow {TR} at (0,378) size 136x52
            LayoutTableCell {TD} at (2,378) size 132x52 [r=7 c=0 rs=1 cs=1]
              LayoutText {#text} at (1,9) size 15x34
                text run at (1,9) width 15: "8"
          LayoutTableRow {TR} at (0,432) size 136x52
            LayoutTableCell {TD} at (2,432) size 132x52 [r=8 c=0 rs=1 cs=1]
              LayoutText {#text} at (1,9) size 15x34
                text run at (1,9) width 15: "9"
          LayoutTableRow {TR} at (0,486) size 136x52
            LayoutTableCell {TD} at (2,486) size 132x52 [r=9 c=0 rs=1 cs=1]
              LayoutText {#text} at (1,9) size 30x34
                text run at (1,9) width 30: "10"
          LayoutTableRow {TR} at (0,691) size 136x52
            LayoutTableCell {TD} at (2,691) size 132x52 [r=10 c=0 rs=1 cs=1]
              LayoutText {#text} at (1,9) size 29x34
                text run at (1,9) width 29: "11"
          LayoutTableRow {TR} at (0,745) size 136x52
            LayoutTableCell {TD} at (2,745) size 132x52 [r=11 c=0 rs=1 cs=1]
              LayoutText {#text} at (1,9) size 30x34
                text run at (1,9) width 30: "12"
          LayoutTableRow {TR} at (0,799) size 136x52
            LayoutTableCell {TD} at (2,799) size 132x52 [r=12 c=0 rs=1 cs=1]
              LayoutText {#text} at (1,9) size 30x34
                text run at (1,9) width 30: "13"
          LayoutTableRow {TR} at (0,853) size 136x52
            LayoutTableCell {TD} at (2,853) size 132x52 [r=13 c=0 rs=1 cs=1]
              LayoutText {#text} at (1,9) size 30x34
                text run at (1,9) width 30: "14"
          LayoutTableRow {TR} at (0,907) size 136x52
            LayoutTableCell {TD} at (2,907) size 132x52 [r=14 c=0 rs=1 cs=1]
              LayoutText {#text} at (1,9) size 30x34
                text run at (1,9) width 30: "15"
          LayoutTableRow {TR} at (0,961) size 136x52
            LayoutTableCell {TD} at (2,961) size 132x52 [r=15 c=0 rs=1 cs=1]
              LayoutText {#text} at (1,9) size 30x34
                text run at (1,9) width 30: "16"
          LayoutTableRow {TR} at (0,1015) size 136x52
            LayoutTableCell {TD} at (2,1015) size 132x52 [r=16 c=0 rs=1 cs=1]
              LayoutText {#text} at (1,9) size 30x34
                text run at (1,9) width 30: "17"
          LayoutTableRow {TR} at (0,1069) size 136x52
            LayoutTableCell {TD} at (2,1069) size 132x52 [r=17 c=0 rs=1 cs=1]
              LayoutText {#text} at (1,9) size 30x34
                text run at (1,9) width 30: "18"
          LayoutTableRow {TR} at (0,1123) size 136x52
            LayoutTableCell {TD} at (2,1123) size 132x52 [r=18 c=0 rs=1 cs=1]
              LayoutText {#text} at (1,9) size 30x34
                text run at (1,9) width 30: "19"
          LayoutTableRow {TR} at (0,1177) size 136x52
            LayoutTableCell {TD} at (2,1177) size 132x52 [r=19 c=0 rs=1 cs=1]
              LayoutText {#text} at (1,9) size 30x34
                text run at (1,9) width 30: "20"
          LayoutTableRow {TR} at (0,1231) size 136x52
            LayoutTableCell {TD} at (2,1231) size 132x52 [r=20 c=0 rs=1 cs=1]
              LayoutText {#text} at (1,9) size 30x34
                text run at (1,9) width 30: "21"
          LayoutTableRow {TR} at (0,1285) size 136x52
            LayoutTableCell {TD} at (2,1285) size 132x52 [r=21 c=0 rs=1 cs=1]
              LayoutText {#text} at (1,9) size 30x34
                text run at (1,9) width 30: "22"
          LayoutTableRow {TR} at (0,1490) size 136x52
            LayoutTableCell {TD} at (2,1490) size 132x52 [r=22 c=0 rs=1 cs=1]
              LayoutText {#text} at (1,9) size 30x34
                text run at (1,9) width 30: "23"
          LayoutTableRow {TR} at (0,1544) size 136x52
            LayoutTableCell {TD} at (2,1544) size 132x52 [r=23 c=0 rs=1 cs=1]
              LayoutText {#text} at (1,9) size 30x34
                text run at (1,9) width 30: "24"
          LayoutTableRow {TR} at (0,1598) size 136x52
            LayoutTableCell {TD} at (2,1598) size 132x52 [r=24 c=0 rs=1 cs=1]
              LayoutText {#text} at (1,9) size 30x34
                text run at (1,9) width 30: "25"
          LayoutTableRow {TR} at (0,1652) size 136x52
            LayoutTableCell {TD} at (2,1652) size 132x52 [r=25 c=0 rs=1 cs=1]
              LayoutText {#text} at (1,9) size 30x34
                text run at (1,9) width 30: "26"
          LayoutTableRow {TR} at (0,1706) size 136x52
            LayoutTableCell {TD} at (2,1706) size 132x52 [r=26 c=0 rs=1 cs=1]
              LayoutText {#text} at (1,9) size 30x34
                text run at (1,9) width 30: "27"
          LayoutTableRow {TR} at (0,1760) size 136x52
            LayoutTableCell {TD} at (2,1760) size 132x52 [r=27 c=0 rs=1 cs=1]
              LayoutText {#text} at (1,9) size 30x34
                text run at (1,9) width 30: "28"
          LayoutTableRow {TR} at (0,1814) size 136x52
            LayoutTableCell {TD} at (2,1814) size 132x52 [r=28 c=0 rs=1 cs=1]
              LayoutText {#text} at (1,9) size 30x34
                text run at (1,9) width 30: "29"
          LayoutTableRow {TR} at (0,1868) size 136x52
            LayoutTableCell {TD} at (2,1868) size 132x52 [r=29 c=0 rs=1 cs=1]
              LayoutText {#text} at (1,9) size 30x34
                text run at (1,9) width 30: "30"
          LayoutTableRow {TR} at (0,1922) size 136x52
            LayoutTableCell {TD} at (2,1922) size 132x52 [r=30 c=0 rs=1 cs=1]
              LayoutText {#text} at (1,9) size 30x34
                text run at (1,9) width 30: "31"
          LayoutTableRow {TR} at (0,1976) size 136x52
            LayoutTableCell {TD} at (2,1976) size 132x52 [r=31 c=0 rs=1 cs=1]
              LayoutText {#text} at (1,9) size 30x34
                text run at (1,9) width 30: "32"
        LayoutTableSection {TFOOT} at (0,2086) size 136x54
          LayoutTableRow {TR} at (0,0) size 136x52
            LayoutTableCell {TH} at (2,0) size 132x52 [r=0 c=0 rs=1 cs=1]
              LayoutSVGRoot {svg} at (5,6) size 30x30
                LayoutSVGEllipse {circle} at (0,0) size 30x30 [fill={[type=SOLID] [color=#FF0000]}] [cx=15.00] [cy=15.00] [r=15.00]
              LayoutText {#text} at (35,8) size 92x35
                text run at (35,8) width 8: " "
                text run at (43,8) width 84: "Footer"
