layer at (0,0) size 800x600
  LayoutView at (0,0) size 800x600
layer at (0,0) size 800x600
  LayoutBlockFlow {HTML} at (0,0) size 800x600
    LayoutBlockFlow {BODY} at (8,8) size 784x584
      LayoutSVGRoot {svg} at (0,110) size 0x0
        LayoutSVGHiddenContainer {defs} at (0,0) size 0x0
          LayoutSVGResourceFilter {filter} [id="colormatrix"] [filterUnits=objectBoundingBox] [primitiveUnits=userSpaceOnUse]
            [feColorMatrix type="HUEROTATE" values="180.00"]
              [SourceGraphic]
          LayoutSVGResourceFilter {filter} [id="morphology"] [filterUnits=objectBoundingBox] [primitiveUnits=userSpaceOnUse]
            [feMorphology operator="DILATE" radius="10.00, 10.00"]
              [SourceGraphic]
          LayoutSVGResourceFilter {filter} [id="componenttransfer"] [filterUnits=objectBoundingBox] [primitiveUnits=userSpaceOnUse]
            [feComponentTransfer 
                {red: type="LINEAR" slope="0.50" intercept="0.00" amplitude="1.00" exponent="1.00" offset="0.00"}
                {green: type="UNKNOWN" slope="0.00" intercept="0.00" amplitude="0.00" exponent="0.00" offset="0.00"}
                {blue: type="UNKNOWN" slope="0.00" intercept="0.00" amplitude="0.00" exponent="0.00" offset="0.00"}
                {alpha: type="UNKNOWN" slope="0.00" intercept="0.00" amplitude="0.00" exponent="0.00" offset="0.00"}]
              [SourceGraphic]
          LayoutSVGResourceFilter {filter} [id="blurY"] [filterUnits=objectBoundingBox] [primitiveUnits=userSpaceOnUse]
            [feGaussianBlur stdDeviation="0.00, 10.00"]
              [SourceGraphic]
          LayoutSVGResourceFilter {filter} [id="blend"] [filterUnits=objectBoundingBox] [primitiveUnits=userSpaceOnUse]
            [feBlend mode="screen"]
              [feGaussianBlur stdDeviation="5.00, 5.00"]
                [SourceGraphic]
              [SourceGraphic]
          LayoutSVGResourceFilter {filter} [id="lighting"] [filterUnits=objectBoundingBox] [primitiveUnits=userSpaceOnUse]
            [feColorMatrix type="MATRIX" values="0.00 0.00 0.00 1.00 0.00 0.00 0.00 0.00 1.00 0.00 0.00 0.00 0.00 1.00 0.00 0.00 0.00 0.00 0.00 1.00"]
              [feSpecularLighting surfaceScale="1.00" specualConstant="1.00" specularExponent="1.00"]
                [SourceGraphic]
          LayoutSVGResourceFilter {filter} [id="offset"] [filterUnits=objectBoundingBox] [primitiveUnits=userSpaceOnUse]
            [feOffset dx="10.00" dy="10.00"]
              [SourceGraphic]
          LayoutSVGResourceFilter {filter} [id="convolvematrix"] [filterUnits=objectBoundingBox] [primitiveUnits=userSpaceOnUse]
            [feConvolveMatrix order="width=3 height=3" kernelMatrix="[1.00, 1.00, 1.00, 1.00, -7.00, 1.00, 1.00, 1.00, 1.00]" divisor="1.00" bias="0.30" target="(1,1)" edgeMode="DUPLICATE" preserveAlpha="0"]
              [SourceGraphic]
          LayoutSVGResourceFilter {filter} [id="displacement"] [filterUnits=objectBoundingBox] [primitiveUnits=userSpaceOnUse]
            [feDisplacementMap scale="10.00" xChannelSelector="RED" yChannelSelector="GREEN"]
              [SourceGraphic]
              [SourceGraphic]
          LayoutSVGResourceFilter {filter} [id="merge"] [filterUnits=objectBoundingBox] [primitiveUnits=userSpaceOnUse]
            [feMerge mergeNodes="4"]
              [feColorMatrix type="MATRIX" values="1.00 0.00 0.00 0.00 0.00 0.00 1.00 0.00 0.00 0.00 0.00 0.00 1.00 0.00 0.00 0.00 0.00 0.00 0.30 0.00"]
                [SourceGraphic]
              [feOffset dx="5.00" dy="5.00"]
                [feColorMatrix type="MATRIX" values="1.00 0.00 0.00 0.00 0.00 0.00 1.00 0.00 0.00 0.00 0.00 0.00 1.00 0.00 0.00 0.00 0.00 0.00 0.30 0.00"]
                  [SourceGraphic]
              [feOffset dx="10.00" dy="10.00"]
                [feColorMatrix type="MATRIX" values="1.00 0.00 0.00 0.00 0.00 0.00 1.00 0.00 0.00 0.00 0.00 0.00 1.00 0.00 0.00 0.00 0.00 0.00 0.30 0.00"]
                  [SourceGraphic]
              [feOffset dx="15.00" dy="15.00"]
                [feColorMatrix type="MATRIX" values="1.00 0.00 0.00 0.00 0.00 0.00 1.00 0.00 0.00 0.00 0.00 0.00 1.00 0.00 0.00 0.00 0.00 0.00 0.30 0.00"]
                  [SourceGraphic]
          LayoutSVGResourceFilter {filter} [id="flood"] [filterUnits=objectBoundingBox] [primitiveUnits=userSpaceOnUse]
            [feFlood flood-color="#008000" flood-opacity="1.00"]
          LayoutSVGResourceFilter {filter} [id="turbulence"] [filterUnits=objectBoundingBox] [primitiveUnits=userSpaceOnUse]
            [feTurbulence type="TURBULENCE" baseFrequency="0.05, 0.05" seed="0.00" numOctaves="2" stitchTiles="0"]
          LayoutSVGResourceFilter {filter} [id="tile"] [filterUnits=objectBoundingBox] [primitiveUnits=userSpaceOnUse]
            [feTile]
              [feColorMatrix type="MATRIX"]
                [SourceGraphic]
          LayoutSVGResourceFilter {filter} [id="drop-shadow"] [filterUnits=objectBoundingBox] [primitiveUnits=userSpaceOnUse]
            [feDropShadow stdDeviation="4.00, 4.00" dx="10.00" dy="5.00" flood-color="#000000" flood-opacity="1.00]
              [feOffset dx="50.00" dy="-20.00"]
                [SourceGraphic]
      LayoutText {#text} at (0,95) size 4x19
        text run at (0,95) width 4: " "
      LayoutText {#text} at (0,0) size 0x0
      LayoutText {#text} at (184,95) size 4x19
        text run at (184,95) width 4: " "
      LayoutText {#text} at (368,95) size 4x19
        text run at (368,95) width 4: " "
      LayoutText {#text} at (552,95) size 4x19
        text run at (552,95) width 4: " "
      LayoutText {#text} at (736,95) size 4x19
        text run at (736,95) width 4: " "
      LayoutText {#text} at (180,210) size 4x19
        text run at (180,210) width 4: " "
      LayoutText {#text} at (364,210) size 4x19
        text run at (364,210) width 4: " "
      LayoutText {#text} at (548,210) size 4x19
        text run at (548,210) width 4: " "
      LayoutText {#text} at (732,210) size 4x19
        text run at (732,210) width 4: " "
      LayoutText {#text} at (180,325) size 4x19
        text run at (180,325) width 4: " "
      LayoutText {#text} at (364,325) size 4x19
        text run at (364,325) width 4: " "
      LayoutText {#text} at (548,325) size 4x19
        text run at (548,325) width 4: " "
      LayoutText {#text} at (732,325) size 4x19
        text run at (732,325) width 4: " "
      LayoutText {#text} at (180,440) size 4x19
        text run at (180,440) width 4: " "
      LayoutText {#text} at (0,0) size 0x0
layer at (22,18) size 160x90
  LayoutImage {IMG} at (14,10) size 160x90
layer at (206,18) size 160x90
  LayoutImage {IMG} at (198,10) size 160x90
layer at (390,18) size 160x90
  LayoutImage {IMG} at (382,10) size 160x90
layer at (574,18) size 160x90
  LayoutImage {IMG} at (566,10) size 160x90
layer at (18,133) size 160x90
  LayoutImage {IMG} at (10,125) size 160x90
layer at (202,133) size 160x90
  LayoutImage {IMG} at (194,125) size 160x90
layer at (386,133) size 160x90
  LayoutImage {IMG} at (378,125) size 160x90
layer at (570,133) size 160x90
  LayoutImage {IMG} at (562,125) size 160x90
layer at (18,248) size 160x90
  LayoutImage {IMG} at (10,240) size 160x90
layer at (202,248) size 160x90
  LayoutImage {IMG} at (194,240) size 160x90
layer at (386,248) size 160x90
  LayoutImage {IMG} at (378,240) size 160x90
layer at (570,248) size 160x90
  LayoutImage {IMG} at (562,240) size 160x90
layer at (18,363) size 160x90
  LayoutImage {IMG} at (10,355) size 160x90
layer at (202,363) size 160x90
  LayoutImage {IMG} at (194,355) size 160x90
