layer at (0,0) size 800x600
  LayoutView at (0,0) size 800x600
layer at (0,0) size 800x600
  LayoutBlockFlow {HTML} at (0,0) size 800x600
    LayoutBlockFlow {BODY} at (8,8) size 784x584
      LayoutSVGRoot {svg} at (0,110) size 0x0
        LayoutSVGHiddenContainer {defs} at (0,0) size 0x0
          LayoutSVGResourceFilter {filter} [id="blurX"] [filterUnits=objectBoundingBox] [primitiveUnits=userSpaceOnUse]
            [feGaussianBlur stdDeviation="5.00, 0.00"]
              [SourceGraphic]
          LayoutSVGResourceFilter {filter} [id="blurY"] [filterUnits=objectBoundingBox] [primitiveUnits=userSpaceOnUse]
            [feGaussianBlur stdDeviation="0.00, 5.00"]
              [SourceGraphic]
      LayoutText {#text} at (0,95) size 4x19
        text run at (0,95) width 4: " "
      LayoutText {#text} at (0,0) size 0x0
      LayoutText {#text} at (184,95) size 4x19
        text run at (184,95) width 4: " "
      LayoutText {#text} at (368,95) size 4x19
        text run at (368,95) width 4: " "
      LayoutText {#text} at (552,95) size 4x19
        text run at (552,95) width 4: " "
      LayoutText {#text} at (0,0) size 0x0
layer at (22,18) size 160x90
  LayoutImage {IMG} at (14,10) size 160x90
layer at (206,18) size 160x90
  LayoutImage {IMG} at (198,10) size 160x90
layer at (390,18) size 160x90
  LayoutImage {IMG} at (382,10) size 160x90
layer at (574,18) size 160x90
  LayoutImage {IMG} at (566,10) size 160x90
