layer at (0,0) size 800x600 scrollX 840.00 scrollWidth 1640
  LayoutView at (0,0) size 800x600
layer at (0,0) size 800x600
  LayoutBlockFlow {HTML} at (0,0) size 800x600
    LayoutBlockFlow {BODY} at (8,8) size 784x584
layer at (-840,8) size 1632x202 backgroundClip at (0,0) size 800x600 clip at (0,0) size 800x600
  LayoutBlockFlow (positioned) {DIV} at (8,8) size 1632x202
    LayoutBlockFlow {P} at (72,0) size 84x202
      LayoutInline {A} at (0,0) size 81x166 [color=#0000EE]
        LayoutText {#text} at (1,0) size 81x166
          text run at (1,0) width 166: "link 1"
    LayoutBlockFlow {P} at (228,0) size 84x202
      LayoutInline {A} at (0,0) size 81x166 [color=#0000EE]
        LayoutText {#text} at (1,0) size 81x166
          text run at (1,0) width 166: "link 2"
    LayoutBlockFlow {P} at (384,0) size 84x202
      LayoutInline {A} at (0,0) size 81x166 [color=#0000EE]
        LayoutText {#text} at (1,0) size 81x166
          text run at (1,0) width 166: "link 3"
    LayoutBlockFlow {P} at (540,0) size 84x202
      LayoutInline {A} at (0,0) size 81x166 [color=#0000EE]
        LayoutText {#text} at (1,0) size 81x166
          text run at (1,0) width 166: "link 4"
    LayoutBlockFlow {P} at (696,0) size 84x202
      LayoutInline {A} at (0,0) size 81x166 [color=#0000EE]
        LayoutText {#text} at (1,0) size 81x166
          text run at (1,0) width 166: "link 5"
    LayoutBlockFlow {P} at (852,0) size 84x202
      LayoutInline {A} at (0,0) size 81x166 [color=#0000EE]
        LayoutText {#text} at (1,0) size 81x166
          text run at (1,0) width 166: "link 6"
    LayoutBlockFlow {P} at (1008,0) size 84x202
      LayoutInline {A} at (0,0) size 81x166 [color=#0000EE]
        LayoutText {#text} at (1,0) size 81x166
          text run at (1,0) width 166: "link 7"
    LayoutBlockFlow {P} at (1164,0) size 84x202
      LayoutInline {A} at (0,0) size 81x166 [color=#0000EE]
        LayoutText {#text} at (1,0) size 81x166
          text run at (1,0) width 166: "link 8"
    LayoutBlockFlow {P} at (1320,0) size 84x202
      LayoutInline {A} at (0,0) size 81x166 [color=#0000EE]
        LayoutText {#text} at (1,0) size 81x166
          text run at (1,0) width 166: "link 9"
    LayoutBlockFlow {P} at (1476,0) size 84x202
      LayoutInline {A} at (0,0) size 81x202 [color=#0000EE]
        LayoutText {#text} at (1,0) size 81x202
          text run at (1,0) width 202: "link 10"
