layer at (0,0) size 800x600
  LayoutView at (0,0) size 800x600
layer at (0,0) size 800x86
  LayoutBlockFlow {HTML} at (0,0) size 800x86
    LayoutBlockFlow {BODY} at (8,8) size 784x70
      LayoutBlockFlow (anonymous) at (0,0) size 784x20
        LayoutText {#text} at (0,0) size 131x19
          text run at (0,0) width 131: "PASS if not crashed."
layer at (8,28) size 50x50 clip at (8,28) size 39x39 scrollWidth 200 scrollHeight 200
  LayoutBlockFlow {DIV} at (0,20) size 50x50
    LayoutBlockFlow {DIV} at (0,0) size 200x200
