layer at (0,0) size 800x600 scrollHeight 620
  LayoutView at (0,0) size 800x600
layer at (0,0) size 800x620 backgroundClip at (0,0) size 800x600 clip at (0,0) size 800x600
  LayoutBlockFlow {HTML} at (0,0) size 800x620
    LayoutBlockFlow {BODY} at (8,8) size 784x604
      LayoutTable {TABLE} at (0,0) size 71x32 [border: (2px solid #FF0000)]
        LayoutTableSection {TBODY} at (2,2) size 67x28
          LayoutTableRow {TR} at (0,2) size 67x24
            LayoutTableCell {TD} at (2,2) size 30x24 [border: (1px inset #FF0000)] [r=0 c=0 rs=1 cs=1]
              LayoutText {#text} at (2,2) size 26x19
                text run at (2,2) width 26: "One"
            LayoutTableCell {TD} at (34,2) size 31x24 [border: (1px inset #FF0000)] [r=0 c=1 rs=1 cs=1]
              LayoutText {#text} at (2,2) size 27x19
                text run at (2,2) width 27: "Two"
      LayoutBlockFlow (anonymous) at (0,32) size 784x20
        LayoutBR {BR} at (0,0) size 0x19
      LayoutTable {TABLE} at (0,52) size 73x34 [border: (3px solid #FF0000)]
        LayoutTableSection {TBODY} at (3,3) size 67x28
          LayoutTableRow {TR} at (0,2) size 67x24
            LayoutTableCell {TD} at (2,2) size 30x24 [border: (1px inset #FF0000)] [r=0 c=0 rs=1 cs=1]
              LayoutText {#text} at (2,2) size 26x19
                text run at (2,2) width 26: "One"
            LayoutTableCell {TD} at (34,2) size 31x24 [border: (1px inset #FF0000)] [r=0 c=1 rs=1 cs=1]
              LayoutText {#text} at (2,2) size 27x19
                text run at (2,2) width 27: "Two"
      LayoutTable {TABLE} at (0,86) size 61x30 [border: (1px outset #808080)]
        LayoutTableSection {TBODY} at (1,1) size 59x28
          LayoutTableRow {TR} at (0,2) size 59x24
            LayoutTableCell {TD} at (2,2) size 26x24 [border: (1px inset #808080)] [r=0 c=0 rs=1 cs=1]
              LayoutText {#text} at (2,2) size 22x19
                text run at (2,2) width 22: "one"
            LayoutTableCell {TD} at (30,2) size 27x24 [border: (1px inset #808080)] [r=0 c=1 rs=1 cs=1]
              LayoutText {#text} at (2,2) size 23x19
                text run at (2,2) width 23: "two"
      LayoutBlockFlow (anonymous) at (0,116) size 784x20
        LayoutBR {BR} at (0,0) size 0x19
      LayoutTable {TABLE} at (0,136) size 66x26
        LayoutTableSection {TBODY} at (0,0) size 66x26
          LayoutTableRow {TR} at (0,2) size 66x22
            LayoutTableCell {TD} at (2,2) size 17x22 [r=0 c=0 rs=1 cs=1]
              LayoutText {#text} at (1,1) size 15x19
                text run at (1,1) width 15: "no"
            LayoutTableCell {TD} at (21,2) size 43x22 [r=0 c=1 rs=1 cs=1]
              LayoutText {#text} at (1,1) size 41x19
                text run at (1,1) width 41: "border"
      LayoutBlockFlow (anonymous) at (0,162) size 784x20
        LayoutText {#text} at (0,0) size 61x19
          text run at (0,0) width 61: "This table:"
      LayoutTable {TABLE} at (0,182) size 69x30 [border: (1px solid #FF0000)]
        LayoutTableSection {TBODY} at (1,1) size 67x28
          LayoutTableRow {TR} at (0,2) size 67x24
            LayoutTableCell {TD} at (2,2) size 30x24 [border: (1px inset #FF0000)] [r=0 c=0 rs=1 cs=1]
              LayoutText {#text} at (2,2) size 26x19
                text run at (2,2) width 26: "One"
            LayoutTableCell {TD} at (34,2) size 31x24 [border: (1px inset #FF0000)] [r=0 c=1 rs=1 cs=1]
              LayoutText {#text} at (2,2) size 27x19
                text run at (2,2) width 27: "Two"
      LayoutBlockFlow (anonymous) at (0,212) size 784x40
        LayoutBR {BR} at (0,0) size 0x19
        LayoutText {#text} at (0,20) size 176x19
          text run at (0,20) width 176: "Should look just like this one:"
      LayoutTable {TABLE} at (0,252) size 71x32 [border: (2px outset #808080)]
        LayoutTableSection {TBODY} at (2,2) size 67x28
          LayoutTableRow {TR} at (0,2) size 67x24
            LayoutTableCell {TD} at (2,2) size 30x24 [border: (1px inset #808080)] [r=0 c=0 rs=1 cs=1]
              LayoutText {#text} at (2,2) size 26x19
                text run at (2,2) width 26: "One"
            LayoutTableCell {TD} at (34,2) size 31x24 [border: (1px inset #808080)] [r=0 c=1 rs=1 cs=1]
              LayoutText {#text} at (2,2) size 27x19
                text run at (2,2) width 27: "Two"
      LayoutBlockFlow (anonymous) at (0,284) size 784x20
        LayoutBR {BR} at (0,0) size 0x19
      LayoutTable {TABLE} at (0,304) size 61x30 [border: (1px solid #FF0000)]
        LayoutTableSection {TBODY} at (1,1) size 59x28
          LayoutTableRow {TR} at (0,2) size 59x24
            LayoutTableCell {TD} at (2,2) size 26x24 [border: (1px solid #008000)] [r=0 c=0 rs=1 cs=1]
              LayoutText {#text} at (2,2) size 22x19
                text run at (2,2) width 22: "one"
            LayoutTableCell {TD} at (30,2) size 27x24 [border: (1px solid #FF0000)] [r=0 c=1 rs=1 cs=1]
              LayoutText {#text} at (2,2) size 23x19
                text run at (2,2) width 23: "two"
      LayoutBlockFlow (anonymous) at (0,334) size 784x20
        LayoutBR {BR} at (0,0) size 0x19
      LayoutTable {TABLE} at (0,354) size 99x56 [border: (1px solid #FF0000)]
        LayoutTableSection {TBODY} at (1,1) size 97x54
          LayoutTableRow {TR} at (0,2) size 97x24
            LayoutTableCell {TD} at (2,2) size 28x24 [border: (1px solid #008000)] [r=0 c=0 rs=1 cs=1]
              LayoutText {#text} at (2,2) size 22x19
                text run at (2,2) width 22: "one"
            LayoutTableCell {TD} at (32,2) size 27x24 [border: (1px solid #FF0000)] [r=0 c=1 rs=1 cs=1]
              LayoutText {#text} at (2,2) size 23x19
                text run at (2,2) width 23: "two"
            LayoutTableCell {TD} at (61,2) size 34x24 [border: (1px solid #0000FF)] [r=0 c=2 rs=1 cs=1]
              LayoutText {#text} at (2,2) size 30x19
                text run at (2,2) width 30: "three"
          LayoutTableRow {TR} at (0,28) size 97x24
            LayoutTableCell {TD} at (2,28) size 28x24 [border: (1px solid #008000)] [r=1 c=0 rs=1 cs=1]
              LayoutText {#text} at (2,2) size 24x19
                text run at (2,2) width 24: "four"
            LayoutTableCell {TD} at (32,28) size 27x24 [border: (1px solid #FFFF00)] [r=1 c=1 rs=1 cs=1]
              LayoutText {#text} at (2,2) size 21x19
                text run at (2,2) width 21: "five"
            LayoutTableCell {TD} at (61,28) size 34x24 [border: (1px solid #FFA500)] [r=1 c=2 rs=1 cs=1]
              LayoutText {#text} at (2,2) size 16x19
                text run at (2,2) width 16: "six"
      LayoutBlockFlow (anonymous) at (0,410) size 784x20
        LayoutBR {BR} at (0,0) size 0x19
      LayoutTable {TABLE} at (0,430) size 99x56 [border: (1px solid #FF0000)]
        LayoutTableSection {TBODY} at (1,1) size 97x54
          LayoutTableRow {TR} at (0,2) size 97x24
            LayoutTableCell {TD} at (2,2) size 28x24 [border: (1px solid #008000)] [r=0 c=0 rs=1 cs=1]
              LayoutText {#text} at (2,2) size 22x19
                text run at (2,2) width 22: "one"
            LayoutTableCell {TD} at (32,2) size 27x24 [border: (1px solid #FF0000)] [r=0 c=1 rs=1 cs=1]
              LayoutText {#text} at (2,2) size 23x19
                text run at (2,2) width 23: "two"
            LayoutTableCell {TD} at (61,2) size 34x24 [border: (1px solid #0000FF)] [r=0 c=2 rs=1 cs=1]
              LayoutText {#text} at (2,2) size 30x19
                text run at (2,2) width 30: "three"
          LayoutTableRow {TR} at (0,28) size 97x24
            LayoutTableCell {TD} at (2,28) size 28x24 [border: (1px solid #008000)] [r=1 c=0 rs=1 cs=1]
              LayoutText {#text} at (2,2) size 24x19
                text run at (2,2) width 24: "four"
            LayoutTableCell {TD} at (32,28) size 27x24 [border: (1px solid #FFFF00)] [r=1 c=1 rs=1 cs=1]
              LayoutText {#text} at (2,2) size 21x19
                text run at (2,2) width 21: "five"
            LayoutTableCell {TD} at (61,28) size 34x24 [border: (1px solid #FFA500)] [r=1 c=2 rs=1 cs=1]
              LayoutText {#text} at (2,2) size 16x19
                text run at (2,2) width 16: "six"
      LayoutBlockFlow (anonymous) at (0,486) size 784x20
        LayoutBR {BR} at (0,0) size 0x19
      LayoutTable {TABLE} at (0,506) size 64x38 [border: (5px outset #808080)]
        LayoutTableSection {TBODY} at (5,5) size 54x28
          LayoutTableRow {TR} at (0,2) size 54x24
            LayoutTableCell {TD} at (2,2) size 24x24 [border: (1px inset #808080)] [r=0 c=0 rs=1 cs=1]
              LayoutText {#text} at (2,2) size 20x19
                text run at (2,2) width 20: "foo"
            LayoutTableCell {TD} at (28,2) size 24x24 [border: (1px inset #808080)] [r=0 c=1 rs=1 cs=1]
              LayoutText {#text} at (2,2) size 20x19
                text run at (2,2) width 20: "bar"
      LayoutBlockFlow (anonymous) at (0,544) size 784x20
        LayoutBR {BR} at (0,0) size 0x19
      LayoutTable {TABLE} at (0,564) size 68x40 [border: (5px outset #808080)]
        LayoutTableSection {TBODY} at (5,5) size 58x30
          LayoutTableRow {TR} at (0,2) size 58x26
            LayoutTableCell {TD} at (2,2) size 26x26 [border: (2px solid #FF0000)] [r=0 c=0 rs=1 cs=1]
              LayoutText {#text} at (3,3) size 20x19
                text run at (3,3) width 20: "foo"
            LayoutTableCell {TD} at (30,2) size 26x26 [border: (2px solid #FF0000)] [r=0 c=1 rs=1 cs=1]
              LayoutText {#text} at (3,3) size 20x19
                text run at (3,3) width 20: "bar"
