layer at (0,0) size 800x600
  LayoutView at (0,0) size 800x600
layer at (0,0) size 800x600
  LayoutBlockFlow {HTML} at (0,0) size 800x600
    LayoutBlockFlow {BODY} at (8,8) size 784x584
      LayoutTable {TABLE} at (0,0) size 100x114 [bgcolor=#0000FF] [border: (20px solid #000000)]
        LayoutTableSection {TBODY} at (30,30) size 40x54
          LayoutTableRow {TR} at (0,2) size 40x24
            LayoutTableCell {TD} at (2,2) size 36x24 [border: (1px inset #000000)] [r=0 c=0 rs=1 cs=1]
              LayoutText {#text} at (2,2) size 20x19
                text run at (2,2) width 20: "foo"
          LayoutTableRow {TR} at (0,28) size 40x24
            LayoutTableCell {TD} at (2,28) size 36x24 [border: (1px inset #000000)] [r=1 c=0 rs=1 cs=1]
              LayoutText {#text} at (2,2) size 20x19
                text run at (2,2) width 20: "bar"
      LayoutBlockFlow (anonymous) at (0,114) size 784x20
        LayoutBR {BR} at (0,0) size 0x19
      LayoutTable {TABLE} at (0,134) size 100x114 [bgcolor=#0000FF] [border: (20px solid #000000)]
        LayoutTableSection {TBODY} at (30,30) size 40x54
          LayoutTableRow {TR} at (0,2) size 40x24
            LayoutTableCell {TD} at (2,2) size 36x24 [border: (1px inset #000000)] [r=0 c=0 rs=1 cs=1]
              LayoutText {#text} at (2,2) size 20x19
                text run at (2,2) width 20: "foo"
          LayoutTableRow {TR} at (0,28) size 40x24
            LayoutTableCell {TD} at (2,28) size 36x24 [border: (1px inset #000000)] [r=1 c=0 rs=1 cs=1]
              LayoutText {#text} at (2,2) size 20x19
                text run at (2,2) width 20: "bar"
      LayoutBlockFlow (anonymous) at (0,248) size 784x20
        LayoutBR {BR} at (0,0) size 0x19
      LayoutTable {TABLE} at (0,268) size 100x114 [bgcolor=#0000FF] [border: (20px solid #000000)]
        LayoutTableSection {TBODY} at (30,30) size 40x54
          LayoutTableRow {TR} at (0,2) size 40x24
            LayoutTableCell {TD} at (2,2) size 36x24 [border: (1px inset #000000)] [r=0 c=0 rs=1 cs=1]
              LayoutText {#text} at (2,2) size 20x19
                text run at (2,2) width 20: "foo"
          LayoutTableRow {TR} at (0,28) size 40x24
            LayoutTableCell {TD} at (2,28) size 36x24 [border: (1px inset #000000)] [r=1 c=0 rs=1 cs=1]
              LayoutText {#text} at (2,2) size 20x19
                text run at (2,2) width 20: "bar"
