layer at (0,0) size 800x600 clip at (0,0) size 785x600 scrollHeight 4366
  LayoutView at (0,0) size 800x600
layer at (0,0) size 785x4366 backgroundClip at (0,0) size 785x600 clip at (0,0) size 785x600
  LayoutBlockFlow {HTML} at (0,0) size 785x4366
    LayoutBlockFlow {BODY} at (8,8) size 769x4350
      LayoutTable {TABLE} at (0,0) size 39x584 [bgcolor=#0000FF] [border: (1px outset #808080)]
        LayoutTableSection {TBODY} at (1,1) size 37x582
          LayoutTableRow {TR} at (0,2) size 37x114
            LayoutTableCell {TD} at (2,47) size 33x24 [border: (1px inset #808080)] [r=0 c=0 rs=1 cs=1]
              LayoutText {#text} at (2,2) size 29x19
                text run at (2,2) width 29: "20%"
          LayoutTableRow {TR} at (0,118) size 37x462
            LayoutTableCell {TD} at (2,337) size 33x24 [border: (1px inset #808080)] [r=1 c=0 rs=1 cs=1]
              LayoutText {#text} at (2,2) size 29x19
                text run at (2,2) width 29: "80%"
      LayoutBlockFlow (anonymous) at (0,584) size 769x20
        LayoutBR {BR} at (0,0) size 0x19
      LayoutTable {TABLE} at (0,604) size 54x108 [bgcolor=#0000FF] [border: (1px outset #808080)]
        LayoutTableSection {TBODY} at (1,1) size 52x106
          LayoutTableRow {TR} at (0,2) size 52x50
            LayoutTableCell {TD} at (2,15) size 48x24 [border: (1px inset #808080)] [r=0 c=0 rs=1 cs=1]
              LayoutText {#text} at (2,2) size 44x19
                text run at (2,2) width 44: "row 50"
          LayoutTableRow {TR} at (0,54) size 52x50
            LayoutTableCell {TD} at (2,67) size 48x24 [border: (1px inset #808080)] [r=1 c=0 rs=1 cs=1]
              LayoutText {#text} at (2,2) size 16x19
                text run at (2,2) width 16: "50"
      LayoutBlockFlow (anonymous) at (0,712) size 769x20
        LayoutBR {BR} at (0,0) size 0x19
      LayoutTable {TABLE} at (0,732) size 26x122 [bgcolor=#0000FF] [border: (1px outset #808080)]
        LayoutTableSection {TBODY} at (1,1) size 24x120
          LayoutTableRow {TR} at (0,2) size 24x64
            LayoutTableCell {TD} at (2,2) size 20x64 [border: (1px inset #808080)] [r=0 c=0 rs=1 cs=1]
              LayoutText {#text} at (2,2) size 8x59
                text run at (2,2) width 8: "5"
                text run at (2,22) width 8: "5"
                text run at (2,42) width 8: "5"
          LayoutTableRow {TR} at (0,68) size 24x50
            LayoutTableCell {TD} at (2,81) size 20x24 [border: (1px inset #808080)] [r=1 c=0 rs=1 cs=1]
              LayoutText {#text} at (2,2) size 16x19
                text run at (2,2) width 16: "50"
      LayoutTable {TABLE} at (0,854) size 34x258 [bgcolor=#0000FF] [border: (1px outset #808080)]
        LayoutTableSection {TBODY} at (1,1) size 32x256
          LayoutTableRow {TR} at (0,2) size 32x200
            LayoutTableCell {TD} at (2,90) size 28x24 [border: (1px inset #808080)] [r=0 c=0 rs=1 cs=1]
              LayoutText {#text} at (2,2) size 24x19
                text run at (2,2) width 24: "200"
          LayoutTableRow {TR} at (0,204) size 32x50
            LayoutTableCell {TD} at (2,217) size 28x24 [border: (1px inset #808080)] [r=1 c=0 rs=1 cs=1]
              LayoutText {#text} at (2,2) size 16x19
                text run at (2,2) width 16: "50"
      LayoutBlockFlow (anonymous) at (0,1112) size 769x20
        LayoutBR {BR} at (0,0) size 0x19
      LayoutTable {TABLE} at (0,1132) size 34x258 [bgcolor=#0000FF] [border: (1px outset #808080)]
        LayoutTableSection {TBODY} at (1,1) size 32x256
          LayoutTableRow {TR} at (0,2) size 32x200
            LayoutTableCell {TD} at (2,90) size 28x24 [border: (1px inset #808080)] [r=0 c=0 rs=1 cs=1]
              LayoutText {#text} at (2,2) size 24x19
                text run at (2,2) width 24: "200"
          LayoutTableRow {TR} at (0,204) size 32x50
            LayoutTableCell {TD} at (2,217) size 28x24 [border: (1px inset #808080)] [r=1 c=0 rs=1 cs=1]
              LayoutText {#text} at (2,2) size 16x19
                text run at (2,2) width 16: "50"
      LayoutBlockFlow (anonymous) at (0,1390) size 769x20
        LayoutBR {BR} at (0,0) size 0x19
      LayoutTable {TABLE} at (0,1410) size 64x208 [bgcolor=#FFA500] [border: (1px outset #808080)]
        LayoutTableSection {TBODY} at (1,1) size 62x206
          LayoutTableRow {TR} at (0,2) size 62x100
            LayoutTableCell {TD} at (2,91) size 28x24 [border: (1px inset #808080)] [r=0 c=0 rs=2 cs=1]
              LayoutText {#text} at (2,2) size 24x19
                text run at (2,2) width 24: "100"
            LayoutTableCell {TD} at (32,40) size 28x24 [border: (1px inset #808080)] [r=0 c=1 rs=1 cs=1]
              LayoutText {#text} at (2,2) size 24x19
                text run at (2,2) width 24: "100"
          LayoutTableRow {TR} at (0,104) size 62x100
            LayoutTableCell {TD} at (32,122) size 28x64 [border: (1px inset #808080)] [r=1 c=1 rs=1 cs=1]
              LayoutText {#text} at (2,2) size 24x59
                text run at (2,2) width 24: "100"
                text run at (2,22) width 24: "100"
                text run at (2,42) width 24: "100"
      LayoutBlockFlow (anonymous) at (0,1618) size 769x20
        LayoutBR {BR} at (0,0) size 0x19
      LayoutTable {TABLE} at (0,1638) size 47x30 [bgcolor=#FFFF00] [border: (1px outset #808080)]
        LayoutTableSection {TBODY} at (1,1) size 45x28
          LayoutTableRow {TR} at (0,2) size 45x24
            LayoutTableCell {TD} at (2,2) size 41x24 [border: (1px inset #808080)] [r=0 c=0 rs=1 cs=1]
              LayoutText {#text} at (2,2) size 37x19
                text run at (2,2) width 37: "100%"
      LayoutBlockFlow (anonymous) at (0,1668) size 769x20
        LayoutBR {BR} at (0,0) size 0x19
      LayoutTable {TABLE} at (0,1688) size 39x584 [bgcolor=#FFA500] [border: (1px outset #808080)]
        LayoutTableSection {TBODY} at (1,1) size 37x582
          LayoutTableRow {TR} at (0,2) size 37x114
            LayoutTableCell {TD} at (2,47) size 33x24 [border: (1px inset #808080)] [r=0 c=0 rs=1 cs=1]
              LayoutText {#text} at (2,2) size 29x19
                text run at (2,2) width 29: "20%"
          LayoutTableRow {TR} at (0,118) size 37x462
            LayoutTableCell {TD} at (2,337) size 33x24 [border: (1px inset #808080)] [r=1 c=0 rs=1 cs=1]
              LayoutText {#text} at (2,2) size 29x19
                text run at (2,2) width 29: "80%"
      LayoutBlockFlow (anonymous) at (0,2272) size 769x20
        LayoutBR {BR} at (0,0) size 0x19
      LayoutTable {TABLE} at (0,2292) size 61x206 [bgcolor=#808080] [border: (1px outset #808080)]
        LayoutTableSection {TBODY} at (1,1) size 59x204
          LayoutTableRow {TR} at (0,2) size 59x200
            LayoutTableCell {TD} at (2,90) size 25x24 [border: (1px inset #808080)] [r=0 c=0 rs=1 cs=1]
              LayoutText {#text} at (2,2) size 21x19
                text run at (2,2) width 21: "5%"
            LayoutTableCell {TD} at (29,90) size 28x24 [border: (1px inset #808080)] [r=0 c=1 rs=1 cs=1]
              LayoutText {#text} at (2,2) size 24x19
                text run at (2,2) width 24: "200"
      LayoutBlockFlow (anonymous) at (0,2498) size 769x20
        LayoutBR {BR} at (0,0) size 0x19
      LayoutTable {TABLE} at (0,2518) size 61x198 [bgcolor=#FFA500] [border: (1px outset #808080)]
        LayoutTableSection {TBODY} at (1,1) size 59x196
          LayoutTableRow {TR} at (0,2) size 59x192
            LayoutTableCell {TD} at (2,86) size 33x24 [border: (1px inset #808080)] [r=0 c=0 rs=1 cs=1]
              LayoutText {#text} at (2,2) size 29x19
                text run at (2,2) width 29: "50%"
            LayoutTableCell {TD} at (37,86) size 20x24 [border: (1px inset #808080)] [r=0 c=1 rs=1 cs=1]
              LayoutText {#text} at (2,2) size 16x19
                text run at (2,2) width 16: "20"
      LayoutBlockFlow (anonymous) at (0,2716) size 769x20
        LayoutBR {BR} at (0,0) size 0x19
      LayoutTable {TABLE} at (0,2736) size 39x584 [border: (1px outset #808080)]
        LayoutTableSection {TBODY} at (1,1) size 37x582
          LayoutTableRow {TR} at (0,2) size 37x500
            LayoutTableCell {TD} at (2,240) size 33x24 [border: (1px inset #808080)] [r=0 c=0 rs=1 cs=1]
              LayoutText {#text} at (2,2) size 24x19
                text run at (2,2) width 24: "500"
          LayoutTableRow {TR} at (0,504) size 37x76
            LayoutTableCell {TD} at (2,530) size 33x24 [border: (1px inset #808080)] [r=1 c=0 rs=1 cs=1]
              LayoutText {#text} at (2,2) size 29x19
                text run at (2,2) width 29: "80%"
      LayoutBlockFlow (anonymous) at (0,3320) size 769x20
        LayoutBR {BR} at (0,0) size 0x19
      LayoutTable {TABLE} at (0,3340) size 100x584 [bgcolor=#FF0000] [border: (1px outset #808080)]
        LayoutTableSection {TBODY} at (1,1) size 98x582
          LayoutTableRow {TR} at (0,2) size 98x266
            LayoutTableCell {TD} at (2,257) size 30x24 [border: (1px inset #808080)] [r=0 c=0 rs=2 cs=1]
              LayoutText {#text} at (2,2) size 24x19
                text run at (2,2) width 24: "500"
            LayoutTableCell {TD} at (34,123) size 30x24 [border: (1px inset #808080)] [r=0 c=1 rs=1 cs=1]
              LayoutText {#text} at (2,2) size 26x19
                text run at (2,2) width 26: "auto"
          LayoutTableRow {TR} at (0,270) size 98x266
            LayoutTableCell {TD} at (34,391) size 30x24 [border: (1px inset #808080)] [r=1 c=1 rs=1 cs=1]
              LayoutText {#text} at (2,2) size 26x19
                text run at (2,2) width 26: "auto"
            LayoutTableCell {TD} at (66,391) size 30x24 [border: (1px inset #808080)] [r=1 c=2 rs=1 cs=1]
              LayoutText {#text} at (2,2) size 26x19
                text run at (2,2) width 26: "auto"
          LayoutTableRow {TR} at (0,538) size 98x42
            LayoutTableCell {TD} at (2,547) size 30x24 [border: (1px inset #808080)] [r=2 c=0 rs=1 cs=1]
              LayoutText {#text} at (2,2) size 26x19
                text run at (2,2) width 26: "auto"
            LayoutTableCell {TD} at (34,547) size 30x24 [border: (1px inset #808080)] [r=2 c=1 rs=1 cs=1]
              LayoutText {#text} at (2,2) size 26x19
                text run at (2,2) width 26: "auto"
      LayoutBlockFlow (anonymous) at (0,3924) size 769x20
        LayoutBR {BR} at (0,0) size 0x19
      LayoutTable {TABLE} at (0,3944) size 53x406 [bgcolor=#FFA500] [border: (1px outset #808080)]
        LayoutTableSection {TBODY} at (1,1) size 51x404
          LayoutTableRow {TR} at (0,2) size 51x400
            LayoutTableCell {TD} at (2,2) size 47x400 [border: (1px inset #808080)] [r=0 c=0 rs=1 cs=1]
              LayoutTable {TABLE} at (2,2) size 43x396 [bgcolor=#0000FF]
                LayoutTableSection {TBODY} at (0,0) size 43x396
                  LayoutTableRow {TR} at (0,2) size 43x392
                    LayoutTableCell {TD} at (2,187) size 39x22 [r=0 c=0 rs=1 cs=1]
                      LayoutText {#text} at (1,1) size 37x19
                        text run at (1,1) width 37: "100%"
