layer at (0,0) size 800x600 clip at (0,0) size 785x600 scrollHeight 1050
  LayoutView at (0,0) size 800x600
layer at (0,0) size 785x1050 backgroundClip at (0,0) size 785x600 clip at (0,0) size 785x600
  LayoutBlockFlow {HTML} at (0,0) size 785x1050
    LayoutBlockFlow {BODY} at (8,8) size 769x1034
      LayoutBlockFlow (anonymous) at (0,0) size 769x20
        LayoutText {#text} at (0,0) size 298x19
          text run at (0,0) width 298: "fixed table - percentage width cell honored to min"
      LayoutTable {TABLE} at (0,20) size 300x30 [border: (1px outset #808080)]
        LayoutTableSection {TBODY} at (1,1) size 298x28
          LayoutTableRow {TR} at (0,2) size 298x24
            LayoutTableCell {TD} at (2,2) size 24x24 [border: (1px inset #808080)] [r=0 c=0 rs=1 cs=1]
              LayoutText {#text} at (2,2) size 20x19
                text run at (2,2) width 20: "foo"
            LayoutTableCell {TD} at (28,2) size 268x24 [border: (1px inset #808080)] [r=0 c=1 rs=1 cs=1]
              LayoutText {#text} at (2,2) size 20x19
                text run at (2,2) width 20: "foo"
      LayoutBlockFlow (anonymous) at (0,50) size 769x40
        LayoutBR {BR} at (0,0) size 0x19
        LayoutText {#text} at (0,20) size 324x19
          text run at (0,20) width 324: "fixed table - percentage cells allocated left to rigth first"
      LayoutTable {TABLE} at (0,90) size 300x50 [border: (1px outset #808080)]
        LayoutTableSection {TBODY} at (1,1) size 298x48
          LayoutTableRow {TR} at (0,2) size 298x44
            LayoutTableCell {TD} at (2,2) size 43x44 [border: (1px inset #808080)] [r=0 c=0 rs=1 cs=1]
              LayoutText {#text} at (2,2) size 39x39
                text run at (2,2) width 39: "100px"
                text run at (2,22) width 39: "100px"
            LayoutTableCell {TD} at (47,12) size 123x24 [border: (1px inset #808080)] [r=0 c=1 rs=1 cs=1]
              LayoutText {#text} at (2,2) size 29x19
                text run at (2,2) width 29: "50%"
            LayoutTableCell {TD} at (172,12) size 124x24 [border: (1px inset #808080)] [r=0 c=2 rs=1 cs=1]
              LayoutText {#text} at (2,2) size 29x19
                text run at (2,2) width 29: "50%"
      LayoutBlockFlow (anonymous) at (0,140) size 769x40
        LayoutBR {BR} at (0,0) size 0x19
        LayoutText {#text} at (0,20) size 482x19
          text run at (0,20) width 482: "fixed table - percentage cells allocated left to rigth first allocated from left to right"
      LayoutTable {TABLE} at (0,180) size 300x50 [border: (1px outset #808080)]
        LayoutTableSection {TBODY} at (1,1) size 298x48
          LayoutTableRow {TR} at (0,2) size 298x44
            LayoutTableCell {TD} at (2,2) size 43x44 [border: (1px inset #808080)] [r=0 c=0 rs=1 cs=1]
              LayoutText {#text} at (2,2) size 39x39
                text run at (2,2) width 39: "100px"
                text run at (2,22) width 39: "100px"
            LayoutTableCell {TD} at (47,12) size 214x24 [border: (1px inset #808080)] [r=0 c=1 rs=1 cs=1]
              LayoutText {#text} at (2,2) size 29x19
                text run at (2,2) width 29: "95%"
            LayoutTableCell {TD} at (263,12) size 33x24 [border: (1px inset #808080)] [r=0 c=2 rs=1 cs=1]
              LayoutText {#text} at (2,2) size 29x19
                text run at (2,2) width 29: "95%"
      LayoutBlockFlow (anonymous) at (0,230) size 769x40
        LayoutBR {BR} at (0,0) size 0x19
        LayoutText {#text} at (0,20) size 324x19
          text run at (0,20) width 324: "fixed table - percentage cells allocated left to rigth first"
      LayoutTable {TABLE} at (0,270) size 200x66 [border: (1px outset #808080)]
        LayoutTableSection {TBODY} at (1,1) size 198x64
          LayoutTableRow {TR} at (0,10) size 198x44
            LayoutTableCell {TD} at (10,10) size 84x44 [border: (1px inset #808080)] [r=0 c=0 rs=1 cs=1]
              LayoutText {#text} at (2,2) size 39x39
                text run at (2,2) width 39: "100px"
                text run at (2,22) width 39: "100px"
            LayoutTableCell {TD} at (104,20) size 84x24 [border: (1px inset #808080)] [r=0 c=1 rs=1 cs=1]
              LayoutText {#text} at (2,2) size 29x19
                text run at (2,2) width 29: "50%"
      LayoutBlockFlow (anonymous) at (0,336) size 769x40
        LayoutBR {BR} at (0,0) size 0x19
        LayoutText {#text} at (0,20) size 324x19
          text run at (0,20) width 324: "fixed table - percentage cells allocated left to right first"
      LayoutTable {TABLE} at (0,376) size 200x86 [border: (1px outset #808080)]
        LayoutTableSection {TBODY} at (1,1) size 198x84
          LayoutTableRow {TR} at (0,10) size 198x64
            LayoutTableCell {TD} at (10,20) size 43x44 [border: (1px inset #808080)] [r=0 c=0 rs=1 cs=1]
              LayoutText {#text} at (2,2) size 39x39
                text run at (2,2) width 39: "100px"
                text run at (2,22) width 39: "100px"
            LayoutTableCell {TD} at (63,10) size 57x64 [border: (1px inset #808080)] [r=0 c=1 rs=1 cs=1]
              LayoutText {#text} at (2,2) size 29x59
                text run at (2,2) width 29: "50%"
                text run at (2,22) width 29: "50%"
                text run at (2,42) width 29: "50%"
            LayoutTableCell {TD} at (130,10) size 58x64 [border: (1px inset #808080)] [r=0 c=2 rs=1 cs=1]
              LayoutText {#text} at (2,2) size 29x59
                text run at (2,2) width 29: "50%"
                text run at (2,22) width 29: "50%"
                text run at (2,42) width 29: "50%"
      LayoutBlockFlow (anonymous) at (0,462) size 769x40
        LayoutBR {BR} at (0,0) size 0x19
        LayoutText {#text} at (0,20) size 324x19
          text run at (0,20) width 324: "fixed table - percentage cells allocated left to right first"
      LayoutTable {TABLE} at (0,502) size 400x66 [border: (1px outset #808080)]
        LayoutTableSection {TBODY} at (1,1) size 398x64
          LayoutTableRow {TR} at (0,10) size 398x44
            LayoutTableCell {TD} at (10,10) size 43x44 [border: (1px inset #808080)] [r=0 c=0 rs=1 cs=1]
              LayoutText {#text} at (2,2) size 39x39
                text run at (2,2) width 39: "100px"
                text run at (2,22) width 39: "100px"
            LayoutTableCell {TD} at (63,10) size 43x44 [border: (1px inset #808080)] [r=0 c=1 rs=1 cs=1]
              LayoutText {#text} at (2,2) size 39x39
                text run at (2,2) width 39: "100px"
                text run at (2,22) width 39: "100px"
            LayoutTableCell {TD} at (116,20) size 131x24 [border: (1px inset #808080)] [r=0 c=2 rs=1 cs=1]
              LayoutText {#text} at (2,2) size 95x19
                text run at (2,2) width 95: "50% 50% 50%"
            LayoutTableCell {TD} at (257,20) size 131x24 [border: (1px inset #808080)] [r=0 c=3 rs=1 cs=1]
              LayoutText {#text} at (2,2) size 95x19
                text run at (2,2) width 95: "50% 50% 50%"
      LayoutBlockFlow (anonymous) at (0,568) size 769x40
        LayoutBR {BR} at (0,0) size 0x19
        LayoutText {#text} at (0,20) size 324x19
          text run at (0,20) width 324: "fixed table - percentage cells allocated left to right first"
      LayoutTable {TABLE} at (0,608) size 400x86 [border: (1px outset #808080)]
        LayoutTableSection {TBODY} at (1,1) size 398x84
          LayoutTableRow {TR} at (0,10) size 398x64
            LayoutTableCell {TD} at (10,20) size 43x44 [border: (1px inset #808080)] [r=0 c=0 rs=1 cs=1]
              LayoutText {#text} at (2,2) size 39x39
                text run at (2,2) width 39: "100px"
                text run at (2,22) width 39: "100px"
            LayoutTableCell {TD} at (63,20) size 43x44 [border: (1px inset #808080)] [r=0 c=1 rs=1 cs=1]
              LayoutText {#text} at (2,2) size 39x39
                text run at (2,2) width 39: "100px"
                text run at (2,22) width 39: "100px"
            LayoutTableCell {TD} at (116,30) size 109x24 [border: (1px inset #808080)] [r=0 c=2 rs=1 cs=1]
              LayoutText {#text} at (2,2) size 95x19
                text run at (2,2) width 95: "50% 50% 50%"
            LayoutTableCell {TD} at (235,30) size 110x24 [border: (1px inset #808080)] [r=0 c=3 rs=1 cs=1]
              LayoutText {#text} at (2,2) size 95x19
                text run at (2,2) width 95: "50% 50% 50%"
            LayoutTableCell {TD} at (355,10) size 33x64 [border: (1px inset #808080)] [r=0 c=4 rs=1 cs=1]
              LayoutText {#text} at (2,2) size 29x59
                text run at (2,2) width 29: "50%"
                text run at (2,22) width 29: "50%"
                text run at (2,42) width 29: "50%"
      LayoutBlockFlow (anonymous) at (0,694) size 769x20
        LayoutBR {BR} at (0,0) size 0x19
      LayoutTable {TABLE} at (0,714) size 200x30 [border: (1px outset #808080)]
        LayoutTableSection {TBODY} at (1,1) size 198x28
          LayoutTableRow {TR} at (0,2) size 198x24
            LayoutTableCell {TD} at (2,2) size 24x24 [border: (1px inset #808080)] [r=0 c=0 rs=1 cs=1]
              LayoutText {#text} at (2,2) size 20x19
                text run at (2,2) width 20: "foo"
            LayoutTableCell {TD} at (28,2) size 82x24 [border: (1px inset #808080)] [r=0 c=1 rs=1 cs=1]
              LayoutText {#text} at (2,2) size 20x19
                text run at (2,2) width 20: "bar"
            LayoutTableCell {TD} at (112,2) size 84x24 [border: (1px inset #808080)] [r=0 c=2 rs=1 cs=1]
              LayoutText {#text} at (2,2) size 21x19
                text run at (2,2) width 21: "zap"
      LayoutBlockFlow (anonymous) at (0,744) size 769x40
        LayoutBR {BR} at (0,0) size 0x19
        LayoutText {#text} at (0,20) size 214x19
          text run at (0,20) width 214: "PERCENTAGE WIDTH TABLES"
      LayoutTable {TABLE} at (0,784) size 769x90 [border: (1px outset #808080)]
        LayoutTableSection {TBODY} at (1,1) size 767x88
          LayoutTableRow {TR} at (0,2) size 767x84
            LayoutTableCell {TD} at (2,32) size 146x24 [bgcolor=#FFA500] [border: (1px inset #808080)] [r=0 c=0 rs=1 cs=1]
              LayoutText {#text} at (2,2) size 92x19
                text run at (2,2) width 92: "foo foo foo foo"
            LayoutTableCell {TD} at (150,32) size 147x24 [bgcolor=#0000FF] [border: (1px inset #808080)] [r=0 c=1 rs=1 cs=1]
              LayoutText {#text} at (2,2) size 92x19
                text run at (2,2) width 92: "foo foo foo foo"
            LayoutTableCell {TD} at (299,32) size 440x24 [bgcolor=#008000] [border: (1px inset #808080)] [r=0 c=2 rs=1 cs=1]
              LayoutText {#text} at (346,2) size 92x19
                text run at (346,2) width 92: "foo foo foo foo"
            LayoutTableCell {TD} at (741,2) size 24x84 [bgcolor=#FF0000] [border: (1px inset #808080)] [r=0 c=3 rs=1 cs=1]
              LayoutText {#text} at (2,2) size 20x79
                text run at (2,2) width 20: "foo"
                text run at (2,22) width 20: "foo"
                text run at (2,42) width 20: "foo"
                text run at (2,62) width 20: "foo"
      LayoutBlockFlow (anonymous) at (0,874) size 769x20
        LayoutBR {BR} at (0,0) size 0x19
      LayoutTable {TABLE} at (0,894) size 769x90 [border: (1px outset #808080)]
        LayoutTableSection {TBODY} at (1,1) size 767x88
          LayoutTableRow {TR} at (0,2) size 767x84
            LayoutTableCell {TD} at (2,2) size 24x84 [bgcolor=#FF0000] [border: (1px inset #808080)] [r=0 c=0 rs=1 cs=1]
              LayoutText {#text} at (2,2) size 20x79
                text run at (2,2) width 20: "foo"
                text run at (2,22) width 20: "foo"
                text run at (2,42) width 20: "foo"
                text run at (2,62) width 20: "foo"
            LayoutTableCell {TD} at (28,32) size 142x24 [bgcolor=#FFA500] [border: (1px inset #808080)] [r=0 c=1 rs=1 cs=1]
              LayoutText {#text} at (2,2) size 92x19
                text run at (2,2) width 92: "foo foo foo foo"
            LayoutTableCell {TD} at (172,32) size 142x24 [bgcolor=#0000FF] [border: (1px inset #808080)] [r=0 c=2 rs=1 cs=1]
              LayoutText {#text} at (2,2) size 92x19
                text run at (2,2) width 92: "foo foo foo foo"
            LayoutTableCell {TD} at (316,32) size 423x24 [bgcolor=#008000] [border: (1px inset #808080)] [r=0 c=3 rs=1 cs=1]
              LayoutText {#text} at (329,2) size 92x19
                text run at (329,2) width 92: "foo foo foo foo"
            LayoutTableCell {TD} at (741,2) size 24x84 [bgcolor=#FF0000] [border: (1px inset #808080)] [r=0 c=4 rs=1 cs=1]
              LayoutText {#text} at (2,2) size 20x79
                text run at (2,2) width 20: "foo"
                text run at (2,22) width 20: "foo"
                text run at (2,42) width 20: "foo"
                text run at (2,62) width 20: "foo"
      LayoutBlockFlow (anonymous) at (0,984) size 769x20
        LayoutBR {BR} at (0,0) size 0x19
      LayoutTable {TABLE} at (0,1004) size 769x30 [border: (1px outset #808080)]
        LayoutTableSection {TBODY} at (1,1) size 767x28
          LayoutTableRow {TR} at (0,2) size 767x24
            LayoutTableCell {TD} at (2,2) size 151x24 [bgcolor=#FF0000] [border: (1px inset #808080)] [r=0 c=0 rs=1 cs=1]
              LayoutText {#text} at (2,2) size 92x19
                text run at (2,2) width 92: "foo foo foo foo"
            LayoutTableCell {TD} at (155,2) size 151x24 [bgcolor=#FFA500] [border: (1px inset #808080)] [r=0 c=1 rs=1 cs=1]
              LayoutText {#text} at (2,2) size 92x19
                text run at (2,2) width 92: "foo foo foo foo"
            LayoutTableCell {TD} at (308,2) size 151x24 [bgcolor=#0000FF] [border: (1px inset #808080)] [r=0 c=2 rs=1 cs=1]
              LayoutText {#text} at (2,2) size 92x19
                text run at (2,2) width 92: "foo foo foo foo"
            LayoutTableCell {TD} at (461,2) size 151x24 [bgcolor=#008000] [border: (1px inset #808080)] [r=0 c=3 rs=1 cs=1]
              LayoutText {#text} at (57,2) size 92x19
                text run at (57,2) width 92: "foo foo foo foo"
            LayoutTableCell {TD} at (614,2) size 151x24 [bgcolor=#FF0000] [border: (1px inset #808080)] [r=0 c=4 rs=1 cs=1]
              LayoutText {#text} at (2,2) size 92x19
                text run at (2,2) width 92: "foo foo foo foo"
