layer at (0,0) size 800x600
  LayoutView at (0,0) size 800x600
layer at (0,0) size 800x600
  LayoutBlockFlow {HTML} at (0,0) size 800x600
    LayoutBlockFlow {BODY} at (8,8) size 784x584
      LayoutTable {TABLE} at (0,0) size 784x30 [border: (1px outset #808080)]
        LayoutTableSection {TBODY} at (1,1) size 782x28
          LayoutTableRow {TR} at (0,2) size 782x24
            LayoutTableCell {TD} at (2,2) size 80x24 [bgcolor=#FF0000] [border: (1px inset #808080)] [r=0 c=0 rs=1 cs=1]
              LayoutText {#text} at (2,2) size 76x19
                text run at (2,2) width 76: "fooooooooo"
            LayoutTableCell {TD} at (84,2) size 80x24 [bgcolor=#008000] [border: (1px inset #808080)] [r=0 c=1 rs=1 cs=1]
              LayoutText {#text} at (2,2) size 76x19
                text run at (2,2) width 76: "fooooooooo"
            LayoutTableCell {TD} at (166,2) size 306x24 [bgcolor=#FFA500] [border: (1px inset #808080)] [r=0 c=2 rs=1 cs=1]
              LayoutText {#text} at (2,2) size 92x19
                text run at (2,2) width 92: "foo foo foo foo"
            LayoutTableCell {TD} at (474,2) size 306x24 [bgcolor=#0000FF] [border: (1px inset #808080)] [r=0 c=3 rs=1 cs=1]
              LayoutText {#text} at (2,2) size 92x19
                text run at (2,2) width 92: "foo foo foo foo"
      LayoutBlockFlow (anonymous) at (0,30) size 784x20
        LayoutBR {BR} at (0,0) size 0x19
      LayoutTable {TABLE} at (0,50) size 784x90 [border: (1px outset #808080)]
        LayoutTableSection {TBODY} at (1,1) size 782x88
          LayoutTableRow {TR} at (0,2) size 782x84
            LayoutTableCell {TD} at (2,2) size 24x84 [bgcolor=#FF0000] [border: (1px inset #808080)] [r=0 c=0 rs=1 cs=1]
              LayoutText {#text} at (2,2) size 20x79
                text run at (2,2) width 20: "foo"
                text run at (2,22) width 20: "foo"
                text run at (2,42) width 20: "foo"
                text run at (2,62) width 20: "foo"
            LayoutTableCell {TD} at (28,32) size 145x24 [bgcolor=#FFA500] [border: (1px inset #808080)] [r=0 c=1 rs=1 cs=1]
              LayoutText {#text} at (2,2) size 92x19
                text run at (2,2) width 92: "foo foo foo foo"
            LayoutTableCell {TD} at (175,32) size 145x24 [bgcolor=#0000FF] [border: (1px inset #808080)] [r=0 c=2 rs=1 cs=1]
              LayoutText {#text} at (2,2) size 92x19
                text run at (2,2) width 92: "foo foo foo foo"
            LayoutTableCell {TD} at (322,32) size 432x24 [bgcolor=#008000] [border: (1px inset #808080)] [r=0 c=3 rs=1 cs=1]
              LayoutText {#text} at (338,2) size 92x19
                text run at (338,2) width 92: "foo foo foo foo"
            LayoutTableCell {TD} at (756,2) size 24x84 [bgcolor=#FF0000] [border: (1px inset #808080)] [r=0 c=4 rs=1 cs=1]
              LayoutText {#text} at (2,2) size 20x79
                text run at (2,2) width 20: "foo"
                text run at (2,22) width 20: "foo"
                text run at (2,42) width 20: "foo"
                text run at (2,62) width 20: "foo"
      LayoutBlockFlow (anonymous) at (0,140) size 784x40
        LayoutBR {BR} at (0,0) size 0x19
        LayoutText {#text} at (0,20) size 512x19
          text run at (0,20) width 512: "auto table - % width cell increases table width based on % cell which makes it largest"
      LayoutTable {TABLE} at (0,180) size 784x46 [border: (1px outset #808080)]
        LayoutTableSection {TBODY} at (1,1) size 782x44
          LayoutTableRow {TR} at (0,10) size 782x24
            LayoutTableCell {TD} at (10,10) size 25x24 [border: (1px inset #808080)] [r=0 c=0 rs=1 cs=1]
              LayoutText {#text} at (2,2) size 21x19
                text run at (2,2) width 21: "1%"
            LayoutTableCell {TD} at (45,10) size 74x24 [border: (1px inset #808080)] [r=0 c=1 rs=1 cs=1]
              LayoutText {#text} at (2,2) size 29x19
                text run at (2,2) width 29: "10%"
            LayoutTableCell {TD} at (129,10) size 643x24 [border: (1px inset #808080)] [r=0 c=2 rs=1 cs=1]
              LayoutText {#text} at (2,2) size 31x19
                text run at (2,2) width 31: "20px"
      LayoutBlockFlow (anonymous) at (0,226) size 784x20
        LayoutBR {BR} at (0,0) size 0x19
