layer at (0,0) size 800x600 scrollHeight 784
  LayoutView at (0,0) size 800x600
layer at (0,0) size 800x784 backgroundClip at (0,0) size 800x600 clip at (0,0) size 800x600
  LayoutBlockFlow {HTML} at (0,0) size 800x784
    LayoutBlockFlow {BODY} at (8,8) size 784x768
      LayoutTable {TABLE} at (0,0) size 150x30 [bgcolor=#00FF00] [border: (1px outset #808080)]
        LayoutTableSection {TBODY} at (1,1) size 148x28
          LayoutTableRow {TR} at (0,2) size 148x24
            LayoutTableCell {TD} at (2,2) size 69x24 [border: (1px inset #808080)] [r=0 c=0 rs=1 cs=1]
              LayoutText {#text} at (2,2) size 24x19
                text run at (2,2) width 24: "200"
            LayoutTableCell {TD} at (73,2) size 73x24 [border: (1px inset #808080)] [r=0 c=1 rs=1 cs=1]
              LayoutText {#text} at (2,2) size 59x19
                text run at (2,2) width 59: "one_hund"
      LayoutBlockFlow (anonymous) at (0,30) size 784x20
        LayoutBR {BR} at (0,0) size 0x19
      LayoutTable {TABLE} at (0,50) size 500x30 [border: (1px outset #808080)]
        LayoutTableSection {TBODY} at (1,1) size 498x28
          LayoutTableRow {TR} at (0,2) size 498x24
            LayoutTableCell {TD} at (2,2) size 174x24 [bgcolor=#FF0000] [border: (1px inset #808080)] [r=0 c=0 rs=1 cs=1]
              LayoutText {#text} at (2,2) size 76x19
                text run at (2,2) width 76: "fooooooooo"
            LayoutTableCell {TD} at (178,2) size 174x24 [bgcolor=#008000] [border: (1px inset #808080)] [r=0 c=1 rs=1 cs=1]
              LayoutText {#text} at (2,2) size 76x19
                text run at (2,2) width 76: "fooooooooo"
            LayoutTableCell {TD} at (354,2) size 142x24 [bgcolor=#FFA500] [border: (1px inset #808080)] [r=0 c=2 rs=1 cs=1]
              LayoutText {#text} at (2,2) size 92x19
                text run at (2,2) width 92: "foo foo foo foo"
      LayoutBlockFlow (anonymous) at (0,80) size 784x40
        LayoutBR {BR} at (0,0) size 0x19
        LayoutText {#text} at (0,20) size 348x19
          text run at (0,20) width 348: "fixed table - fixed cells are increased based on fixed width"
      LayoutTable {TABLE} at (0,120) size 400x50 [border: (1px outset #808080)]
        LayoutTableSection {TBODY} at (1,1) size 398x48
          LayoutTableRow {TR} at (0,2) size 398x44
            LayoutTableCell {TD} at (2,12) size 259x24 [border: (1px inset #808080)] [r=0 c=0 rs=1 cs=1]
              LayoutText {#text} at (2,2) size 20x19
                text run at (2,2) width 20: "foo"
            LayoutTableCell {TD} at (263,2) size 133x44 [border: (1px inset #808080)] [r=0 c=1 rs=1 cs=1]
              LayoutText {#text} at (2,2) size 116x39
                text run at (2,2) width 116: "foo foo foo foo foo"
                text run at (2,22) width 68: "foo foo foo"
      LayoutBlockFlow (anonymous) at (0,170) size 784x60
        LayoutBR {BR} at (0,0) size 0x19
        LayoutBR {BR} at (0,20) size 0x19
        LayoutText {#text} at (0,40) size 357x19
          text run at (0,40) width 357: "excess above min allocated based on fixed widths (not min)"
      LayoutTable {TABLE} at (0,230) size 100x50 [border: (1px outset #808080)]
        LayoutTableSection {TBODY} at (1,1) size 98x48
          LayoutTableRow {TR} at (0,2) size 98x44
            LayoutTableCell {TD} at (2,2) size 33x44 [border: (1px inset #808080)] [r=0 c=0 rs=1 cs=1]
              LayoutText {#text} at (2,2) size 20x39
                text run at (2,2) width 20: "foo"
                text run at (2,22) width 20: "foo"
            LayoutTableCell {TD} at (37,12) size 59x24 [border: (1px inset #808080)] [r=0 c=1 rs=1 cs=1]
              LayoutText {#text} at (2,2) size 20x19
                text run at (2,2) width 20: "foo"
      LayoutBlockFlow (anonymous) at (0,280) size 784x40
        LayoutBR {BR} at (0,0) size 0x19
        LayoutText {#text} at (0,20) size 357x19
          text run at (0,20) width 357: "excess above min allocated based on fixed widths (not min)"
      LayoutTable {TABLE} at (0,320) size 100x50 [border: (1px outset #808080)]
        LayoutTableSection {TBODY} at (1,1) size 98x48
          LayoutTableRow {TR} at (0,2) size 98x44
            LayoutTableCell {TD} at (2,2) size 24x44 [border: (1px inset #808080)] [r=0 c=0 rs=1 cs=1]
              LayoutText {#text} at (2,2) size 20x39
                text run at (2,2) width 20: "foo"
                text run at (2,22) width 20: "foo"
            LayoutTableCell {TD} at (28,12) size 68x24 [border: (1px inset #808080)] [r=0 c=1 rs=1 cs=1]
              LayoutText {#text} at (2,2) size 20x19
                text run at (2,2) width 20: "foo"
      LayoutBlockFlow (anonymous) at (0,370) size 784x20
        LayoutBR {BR} at (0,0) size 0x19
      LayoutTable {TABLE} at (0,390) size 600x30 [border: (1px outset #808080)]
        LayoutTableSection {TBODY} at (1,1) size 598x28
          LayoutTableRow {TR} at (0,2) size 598x24
            LayoutTableCell {TD} at (2,2) size 24x24 [border: (1px inset #808080)] [r=0 c=0 rs=1 cs=1]
              LayoutText {#text} at (2,2) size 20x19
                text run at (2,2) width 20: "foo"
            LayoutTableCell {TD} at (28,2) size 568x24 [border: (1px inset #808080)] [r=0 c=1 rs=1 cs=1]
              LayoutText {#text} at (2,2) size 20x19
                text run at (2,2) width 20: "foo"
      LayoutBlockFlow (anonymous) at (0,420) size 784x20
        LayoutBR {BR} at (0,0) size 0x19
      LayoutTable {TABLE} at (0,440) size 40x30 [border: (1px outset #808080)]
        LayoutTableSection {TBODY} at (1,1) size 38x28
          LayoutTableRow {TR} at (0,2) size 38x24
            LayoutTableCell {TD} at (2,2) size 34x24 [border: (1px inset #808080)] [r=0 c=0 rs=1 cs=1]
              LayoutText {#text} at (2,2) size 20x19
                text run at (2,2) width 20: "foo"
      LayoutBlockFlow (anonymous) at (0,470) size 784x40
        LayoutBR {BR} at (0,0) size 0x19
        LayoutText {#text} at (0,20) size 323x19
          text run at (0,20) width 323: "auto table - fixed width cell does not exceed viewport"
      LayoutTable {TABLE} at (0,510) size 784x30 [border: (1px outset #808080)]
        LayoutTableSection {TBODY} at (1,1) size 782x28
          LayoutTableRow {TR} at (0,2) size 782x24
            LayoutTableCell {TD} at (2,2) size 778x24 [border: (1px inset #808080)] [r=0 c=0 rs=1 cs=1]
              LayoutText {#text} at (2,2) size 20x19
                text run at (2,2) width 20: "foo"
      LayoutBlockFlow (anonymous) at (0,540) size 784x40
        LayoutBR {BR} at (0,0) size 0x19
        LayoutText {#text} at (0,20) size 280x19
          text run at (0,20) width 280: "auto table - fixed cells cannot exceed viewport"
      LayoutTable {TABLE} at (0,580) size 784x30 [border: (1px outset #808080)]
        LayoutTableSection {TBODY} at (1,1) size 782x28
          LayoutTableRow {TR} at (0,2) size 782x24
            LayoutTableCell {TD} at (2,2) size 154x24 [border: (1px inset #808080)] [r=0 c=0 rs=1 cs=1]
              LayoutText {#text} at (2,2) size 39x19
                text run at (2,2) width 39: "200px"
            LayoutTableCell {TD} at (158,2) size 154x24 [border: (1px inset #808080)] [r=0 c=1 rs=1 cs=1]
              LayoutText {#text} at (2,2) size 39x19
                text run at (2,2) width 39: "200px"
            LayoutTableCell {TD} at (314,2) size 154x24 [border: (1px inset #808080)] [r=0 c=2 rs=1 cs=1]
              LayoutText {#text} at (2,2) size 39x19
                text run at (2,2) width 39: "200px"
            LayoutTableCell {TD} at (470,2) size 154x24 [border: (1px inset #808080)] [r=0 c=3 rs=1 cs=1]
              LayoutText {#text} at (2,2) size 39x19
                text run at (2,2) width 39: "200px"
            LayoutTableCell {TD} at (626,2) size 154x24 [border: (1px inset #808080)] [r=0 c=4 rs=1 cs=1]
              LayoutText {#text} at (2,2) size 39x19
                text run at (2,2) width 39: "200px"
      LayoutBlockFlow (anonymous) at (0,610) size 784x40
        LayoutBR {BR} at (0,0) size 0x19
        LayoutText {#text} at (0,20) size 284x19
          text run at (0,20) width 284: "auto table - cell width does not include padding"
      LayoutTable {TABLE} at (0,650) size 148x68 [border: (1px outset #808080)]
        LayoutTableSection {TBODY} at (1,1) size 146x66
          LayoutTableRow {TR} at (0,2) size 146x62
            LayoutTableCell {TD} at (2,2) size 142x62 [border: (1px inset #808080)] [r=0 c=0 rs=1 cs=1]
              LayoutText {#text} at (21,21) size 68x19
                text run at (21,21) width 68: "cell=100px"
      LayoutBlockFlow (anonymous) at (0,718) size 784x20
        LayoutBR {BR} at (0,0) size 0x19
      LayoutTable {TABLE} at (0,738) size 110x30 [border: (1px outset #808080)]
        LayoutTableSection {TBODY} at (1,1) size 108x28
          LayoutTableRow {TR} at (0,2) size 108x24
            LayoutTableCell {TD} at (2,2) size 104x24 [border: (1px inset #808080)] [r=0 c=0 rs=1 cs=1]
              LayoutText {#text} at (2,2) size 68x19
                text run at (2,2) width 68: "cell=100px"
