layer at (0,0) size 800x600
  LayoutView at (0,0) size 800x600
layer at (0,0) size 800x600
  LayoutBlockFlow {HTML} at (0,0) size 800x600
    LayoutBlockFlow {BODY} at (8,8) size 784x584
      LayoutBlockFlow (anonymous) at (0,0) size 784x20
        LayoutText {#text} at (0,0) size 346x19
          text run at (0,0) width 346: "fixed table - 0 percentage width cell is not honored to min"
      LayoutTable {TABLE} at (0,20) size 300x30 [border: (1px outset #808080)]
        LayoutTableSection {TBODY} at (1,1) size 298x28
          LayoutTableRow {TR} at (0,2) size 298x24
            LayoutTableCell {TD} at (2,2) size 146x24 [border: (1px inset #808080)] [r=0 c=0 rs=1 cs=1]
              LayoutText {#text} at (2,2) size 20x19
                text run at (2,2) width 20: "foo"
            LayoutTableCell {TD} at (150,2) size 146x24 [border: (1px inset #808080)] [r=0 c=1 rs=1 cs=1]
              LayoutText {#text} at (2,2) size 20x19
                text run at (2,2) width 20: "foo"
      LayoutBlockFlow (anonymous) at (0,50) size 784x40
        LayoutBR {BR} at (0,0) size 0x19
        LayoutText {#text} at (0,20) size 380x19
          text run at (0,20) width 380: "fixed table - too small a percentage width cell is honored to min"
      LayoutTable {TABLE} at (0,90) size 300x30 [border: (1px outset #808080)]
        LayoutTableSection {TBODY} at (1,1) size 298x28
          LayoutTableRow {TR} at (0,2) size 298x24
            LayoutTableCell {TD} at (2,2) size 24x24 [border: (1px inset #808080)] [r=0 c=0 rs=1 cs=1]
              LayoutText {#text} at (2,2) size 20x19
                text run at (2,2) width 20: "foo"
            LayoutTableCell {TD} at (28,2) size 268x24 [border: (1px inset #808080)] [r=0 c=1 rs=1 cs=1]
              LayoutText {#text} at (2,2) size 20x19
                text run at (2,2) width 20: "foo"
      LayoutBlockFlow (anonymous) at (0,120) size 784x40
        LayoutBR {BR} at (0,0) size 0x19
        LayoutText {#text} at (0,20) size 307x19
          text run at (0,20) width 307: "fixed table - percentage cell width includes padding"
      LayoutTable {TABLE} at (0,160) size 300x68 [border: (1px outset #808080)]
        LayoutTableSection {TBODY} at (1,1) size 298x66
          LayoutTableRow {TR} at (0,2) size 298x62
            LayoutTableCell {TD} at (2,2) size 146x62 [border: (1px inset #808080)] [r=0 c=0 rs=1 cs=1]
              LayoutText {#text} at (21,21) size 58x19
                text run at (21,21) width 58: "cell=50%"
            LayoutTableCell {TD} at (150,2) size 146x62 [border: (1px inset #808080)] [r=0 c=1 rs=1 cs=1]
              LayoutText {#text} at (21,21) size 55x19
                text run at (21,21) width 55: "cell=auto"
      LayoutBlockFlow (anonymous) at (0,228) size 784x20
        LayoutBR {BR} at (0,0) size 0x19
      LayoutTable {TABLE} at (0,248) size 300x30 [border: (1px outset #808080)]
        LayoutTableSection {TBODY} at (1,1) size 298x28
          LayoutTableRow {TR} at (0,2) size 298x24
            LayoutTableCell {TD} at (2,2) size 146x24 [border: (1px inset #808080)] [r=0 c=0 rs=1 cs=1]
              LayoutText {#text} at (2,2) size 58x19
                text run at (2,2) width 58: "cell=50%"
            LayoutTableCell {TD} at (150,2) size 146x24 [border: (1px inset #808080)] [r=0 c=1 rs=1 cs=1]
              LayoutText {#text} at (2,2) size 55x19
                text run at (2,2) width 55: "cell=auto"
      LayoutBlockFlow (anonymous) at (0,278) size 784x40
        LayoutBR {BR} at (0,0) size 0x19
        LayoutText {#text} at (0,20) size 238x19
          text run at (0,20) width 238: "fixed table - % cells don't get expanded"
      LayoutTable {TABLE} at (0,318) size 200x30 [border: (1px outset #808080)]
        LayoutTableSection {TBODY} at (1,1) size 198x28
          LayoutTableRow {TR} at (0,2) size 198x24
            LayoutTableCell {TD} at (2,2) size 47x24 [border: (1px inset #808080)] [r=0 c=0 rs=1 cs=1]
              LayoutText {#text} at (2,2) size 29x19
                text run at (2,2) width 29: "25%"
            LayoutTableCell {TD} at (51,2) size 47x24 [border: (1px inset #808080)] [r=0 c=1 rs=1 cs=1]
              LayoutText {#text} at (2,2) size 29x19
                text run at (2,2) width 29: "25%"
            LayoutTableCell {TD} at (100,2) size 96x24 [border: (1px inset #808080)] [r=0 c=2 rs=1 cs=1]
              LayoutText {#text} at (2,2) size 26x19
                text run at (2,2) width 26: "auto"
      LayoutBlockFlow (anonymous) at (0,348) size 784x40
        LayoutBR {BR} at (0,0) size 0x19
        LayoutText {#text} at (0,20) size 196x19
          text run at (0,20) width 196: "fixed table - % cells are honored"
      LayoutTable {TABLE} at (0,388) size 200x50 [border: (1px outset #808080)]
        LayoutTableSection {TBODY} at (1,1) size 198x48
          LayoutTableRow {TR} at (0,2) size 198x44
            LayoutTableCell {TD} at (2,2) size 96x44 [border: (1px inset #808080)] [r=0 c=0 rs=1 cs=1]
              LayoutText {#text} at (2,2) size 62x39
                text run at (2,2) width 62: "50% 50%"
                text run at (2,22) width 29: "50%"
            LayoutTableCell {TD} at (100,12) size 96x24 [border: (1px inset #808080)] [r=0 c=1 rs=1 cs=1]
              LayoutText {#text} at (2,2) size 26x19
                text run at (2,2) width 26: "auto"
