layer at (0,0) size 800x600
  LayoutView at (0,0) size 800x600
layer at (0,0) size 800x600
  LayoutBlockFlow {HTML} at (0,0) size 800x600
    LayoutBlockFlow {BODY} at (8,8) size 784x584
      LayoutBlockFlow (anonymous) at (0,0) size 784x20
        LayoutText {#text} at (0,0) size 59x19
          text run at (0,0) width 59: "auto table"
      LayoutTable {TABLE} at (0,20) size 86x30 [border: (1px outset #808080)]
        LayoutTableSection {TBODY} at (1,1) size 84x28
          LayoutTableRow {TR} at (0,2) size 84x24
            LayoutTableCell {TD} at (2,2) size 48x24 [border: (1px inset #808080)] [r=0 c=0 rs=1 cs=1]
              LayoutText {#text} at (2,2) size 44x19
                text run at (2,2) width 44: "0 0 0 0"
            LayoutTableCell {TD} at (52,2) size 30x24 [border: (1px inset #808080)] [r=0 c=1 rs=1 cs=1]
              LayoutText {#text} at (2,2) size 26x19
                text run at (2,2) width 26: "auto"
      LayoutBlockFlow (anonymous) at (0,50) size 784x40
        LayoutBR {BR} at (0,0) size 0x19
        LayoutText {#text} at (0,20) size 186x19
          text run at (0,20) width 186: "auto table - fixed cells honored"
      LayoutTable {TABLE} at (0,90) size 142x30 [border: (1px outset #808080)]
        LayoutTableSection {TBODY} at (1,1) size 140x28
          LayoutTableRow {TR} at (0,2) size 140x24
            LayoutTableCell {TD} at (2,2) size 104x24 [border: (1px inset #808080)] [r=0 c=0 rs=1 cs=1]
              LayoutText {#text} at (2,2) size 82x19
                text run at (2,2) width 82: "100px 100px"
            LayoutTableCell {TD} at (108,2) size 30x24 [border: (1px inset #808080)] [r=0 c=1 rs=1 cs=1]
              LayoutText {#text} at (2,2) size 26x19
                text run at (2,2) width 26: "auto"
      LayoutBlockFlow (anonymous) at (0,120) size 784x40
        LayoutBR {BR} at (0,0) size 0x19
        LayoutText {#text} at (0,20) size 85x19
          text run at (0,20) width 85: "COLSPANS "
        LayoutBR {BR} at (84,35) size 1x0
      LayoutTable {TABLE} at (0,160) size 636x136 [border: (1px outset #808080)]
        LayoutTableSection {TBODY} at (1,1) size 634x134
          LayoutTableRow {TR} at (0,2) size 634x104
            LayoutTableCell {TD} at (2,2) size 604x104 [border: (1px inset #808080)] [r=0 c=0 rs=1 cs=3]
              LayoutImage {IMG} at (2,2) size 600x100
            LayoutTableCell {TD} at (608,42) size 24x24 [border: (1px inset #808080)] [r=0 c=3 rs=1 cs=1]
              LayoutText {#text} at (2,2) size 20x19
                text run at (2,2) width 20: "foo"
          LayoutTableRow {TR} at (0,108) size 634x24
            LayoutTableCell {TD} at (2,108) size 24x24 [border: (1px inset #808080)] [r=1 c=0 rs=1 cs=1]
              LayoutText {#text} at (2,2) size 20x19
                text run at (2,2) width 20: "foo"
            LayoutTableCell {TD} at (28,108) size 24x24 [border: (1px inset #808080)] [r=1 c=1 rs=1 cs=1]
              LayoutText {#text} at (2,2) size 20x19
                text run at (2,2) width 20: "bar"
            LayoutTableCell {TD} at (54,108) size 552x24 [border: (1px inset #808080)] [r=1 c=2 rs=1 cs=1]
              LayoutText {#text} at (2,2) size 20x19
                text run at (2,2) width 20: "foo"
            LayoutTableCell {TD} at (608,108) size 24x24 [border: (1px inset #808080)] [r=1 c=3 rs=1 cs=1]
              LayoutText {#text} at (2,2) size 20x19
                text run at (2,2) width 20: "bar"
      LayoutBlockFlow (anonymous) at (0,296) size 784x20
        LayoutBR {BR} at (0,0) size 0x19
      LayoutTable {TABLE} at (0,316) size 534x65 [border: (1px outset #808080)]
        LayoutTableSection {TBODY} at (1,1) size 532x63
          LayoutTableRow {TR} at (0,5) size 532x24
            LayoutTableCell {TD} at (5,5) size 413x24 [border: (1px inset #808080)] [r=0 c=0 rs=1 cs=2]
              LayoutText {#text} at (2,2) size 26x19
                text run at (2,2) width 26: "auto"
            LayoutTableCell {TD} at (423,5) size 104x24 [border: (1px inset #808080)] [r=0 c=2 rs=1 cs=1]
              LayoutText {#text} at (2,2) size 24x19
                text run at (2,2) width 24: "100"
          LayoutTableRow {TR} at (0,34) size 532x24
            LayoutTableCell {TD} at (5,34) size 104x24 [border: (1px inset #808080)] [r=1 c=0 rs=1 cs=1]
              LayoutText {#text} at (2,2) size 24x19
                text run at (2,2) width 24: "100"
            LayoutTableCell {TD} at (114,34) size 304x24 [border: (1px inset #808080)] [r=1 c=1 rs=1 cs=1]
              LayoutText {#text} at (2,2) size 24x19
                text run at (2,2) width 24: "300"
            LayoutTableCell {TD} at (423,34) size 104x24 [border: (1px inset #808080)] [r=1 c=2 rs=1 cs=1]
              LayoutText {#text} at (2,2) size 26x19
                text run at (2,2) width 26: "auto"
