layer at (0,0) size 800x600
  LayoutView at (0,0) size 800x600
layer at (0,0) size 800x600
  LayoutBlockFlow {HTML} at (0,0) size 800x600
    LayoutBlockFlow {BODY} at (8,8) size 784x584
      LayoutBlockFlow (anonymous) at (0,0) size 784x20
        LayoutText {#text} at (0,0) size 178x19
          text run at (0,0) width 178: "outer width=400 align=center"
      LayoutTable {TABLE} at (192,20) size 400x46 [border: (1px outset #808080)]
        LayoutTableSection {TBODY} at (1,1) size 398x44
          LayoutTableRow {TR} at (0,2) size 398x40
            LayoutTableCell {TD} at (2,2) size 394x40 [border: (1px inset #808080)] [r=0 c=0 rs=1 cs=1]
              LayoutBlockFlow {FORM} at (2,2) size 390x20
                LayoutMenuList {SELECT} at (0,0) size 46x20 [bgcolor=#FFFFFF] [border: (1px solid #A9A9A9)]
                  LayoutBlockFlow (anonymous) at (1,1) size 44x18
                    LayoutText (anonymous) at (4,1) size 24x16
                      text run at (4,1) width 24: "Test"
                LayoutText {#text} at (0,0) size 0x0
      LayoutBlockFlow (anonymous) at (0,66) size 784x20
        LayoutText {#text} at (0,0) size 281x19
          text run at (0,0) width 281: "outer width=400 inner width=200 align=center"
      LayoutTable {TABLE} at (0,86) size 400x42 [border: (2px outset #808080)]
        LayoutTableSection {TBODY} at (2,2) size 396x38
          LayoutTableRow {TR} at (0,2) size 396x34
            LayoutTableCell {TD} at (2,2) size 392x34 [border: (1px inset #808080)] [r=0 c=0 rs=1 cs=1]
              LayoutTable {TABLE} at (96,2) size 200x30 [border: (1px outset #808080)]
                LayoutTableSection {TBODY} at (1,1) size 198x28
                  LayoutTableRow {TR} at (0,2) size 198x24
                    LayoutTableCell {TD} at (2,2) size 194x24 [border: (1px inset #808080)] [r=0 c=0 rs=1 cs=1]
                      LayoutText {#text} at (2,2) size 20x19
                        text run at (2,2) width 20: "foo"
      LayoutBlockFlow (anonymous) at (0,128) size 784x20
        LayoutText {#text} at (0,0) size 171x19
          text run at (0,0) width 171: "outer auto inner align=center"
      LayoutTable {TABLE} at (0,148) size 42x42 [border: (2px outset #808080)]
        LayoutTableSection {TBODY} at (2,2) size 38x38
          LayoutTableRow {TR} at (0,2) size 38x34
            LayoutTableCell {TD} at (2,2) size 34x34 [border: (1px inset #808080)] [r=0 c=0 rs=1 cs=1]
              LayoutTable {TABLE} at (2,2) size 30x30 [border: (1px outset #808080)]
                LayoutTableSection {TBODY} at (1,1) size 28x28
                  LayoutTableRow {TR} at (0,2) size 28x24
                    LayoutTableCell {TD} at (2,2) size 24x24 [border: (1px inset #808080)] [r=0 c=0 rs=1 cs=1]
                      LayoutText {#text} at (2,2) size 20x19
                        text run at (2,2) width 20: "foo"
      LayoutBlockFlow (anonymous) at (0,190) size 784x20
        LayoutText {#text} at (0,0) size 203x19
          text run at (0,0) width 203: "outer width=50 inner align=center"
      LayoutTable {TABLE} at (0,210) size 42x42 [border: (2px outset #808080)]
        LayoutTableSection {TBODY} at (2,2) size 38x38
          LayoutTableRow {TR} at (0,2) size 38x34
            LayoutTableCell {TD} at (2,2) size 34x34 [border: (1px inset #808080)] [r=0 c=0 rs=1 cs=1]
              LayoutTable {TABLE} at (2,2) size 30x30 [border: (1px outset #808080)]
                LayoutTableSection {TBODY} at (1,1) size 28x28
                  LayoutTableRow {TR} at (0,2) size 28x24
                    LayoutTableCell {TD} at (2,2) size 24x24 [border: (1px inset #808080)] [r=0 c=0 rs=1 cs=1]
                      LayoutText {#text} at (2,2) size 20x19
                        text run at (2,2) width 20: "foo"
      LayoutBlockFlow (anonymous) at (0,252) size 784x20
        LayoutText {#text} at (0,0) size 213x19
          text run at (0,0) width 213: "outer width=50 inner margin-left:50"
      LayoutTable {TABLE} at (0,272) size 92x42 [border: (2px outset #808080)]
        LayoutTableSection {TBODY} at (2,2) size 88x38
          LayoutTableRow {TR} at (0,2) size 88x34
            LayoutTableCell {TD} at (2,2) size 84x34 [border: (1px inset #808080)] [r=0 c=0 rs=1 cs=1]
              LayoutTable {TABLE} at (52,2) size 30x30 [border: (1px outset #808080)]
                LayoutTableSection {TBODY} at (1,1) size 28x28
                  LayoutTableRow {TR} at (0,2) size 28x24
                    LayoutTableCell {TD} at (2,2) size 24x24 [border: (1px inset #808080)] [r=0 c=0 rs=1 cs=1]
                      LayoutText {#text} at (2,2) size 20x19
                        text run at (2,2) width 20: "foo"
      LayoutBlockFlow (anonymous) at (0,314) size 784x20
        LayoutText {#text} at (0,0) size 211x19
          text run at (0,0) width 211: "outer width=400 inner align=center"
      LayoutTable {TABLE} at (0,334) size 400x42 [border: (2px outset #808080)]
        LayoutTableSection {TBODY} at (2,2) size 396x38
          LayoutTableRow {TR} at (0,2) size 396x34
            LayoutTableCell {TD} at (2,2) size 119x34 [border: (1px inset #808080)] [r=0 c=0 rs=1 cs=1]
              LayoutTable {TABLE} at (44.50,2) size 30x30 [border: (1px outset #808080)]
                LayoutTableSection {TBODY} at (1,1) size 28x28
                  LayoutTableRow {TR} at (0,2) size 28x24
                    LayoutTableCell {TD} at (2,2) size 24x24 [border: (1px inset #808080)] [r=0 c=0 rs=1 cs=1]
                      LayoutText {#text} at (2,2) size 20x19
                        text run at (2,2) width 20: "foo"
            LayoutTableCell {TD} at (123,7) size 271x24 [border: (1px inset #808080)] [r=0 c=1 rs=1 cs=1]
              LayoutText {#text} at (2,2) size 73x19
                text run at (2,2) width 73: "x x x x x x x"
      LayoutBlockFlow (anonymous) at (0,376) size 784x20
        LayoutText {#text} at (0,0) size 211x19
          text run at (0,0) width 211: "outer width=400 inner align=center"
      LayoutTable {TABLE} at (0,396) size 400x42 [border: (2px outset #808080)]
        LayoutTableSection {TBODY} at (2,2) size 396x38
          LayoutTableRow {TR} at (0,2) size 396x34
            LayoutTableCell {TD} at (2,2) size 177x34 [border: (1px inset #808080)] [r=0 c=0 rs=1 cs=1]
              LayoutTable {TABLE} at (58.50,2) size 60x30 [border: (1px outset #808080)]
                LayoutTableSection {TBODY} at (1,1) size 58x28
                  LayoutTableRow {TR} at (0,2) size 58x24
                    LayoutTableCell {TD} at (2,2) size 54x24 [border: (1px inset #808080)] [r=0 c=0 rs=1 cs=1]
                      LayoutText {#text} at (2,2) size 16x19
                        text run at (2,2) width 16: "50"
            LayoutTableCell {TD} at (181,7) size 213x24 [border: (1px inset #808080)] [r=0 c=1 rs=1 cs=1]
              LayoutText {#text} at (2,2) size 73x19
                text run at (2,2) width 73: "x x x x x x x"
      LayoutBlockFlow (anonymous) at (0,438) size 784x20
        LayoutText {#text} at (0,0) size 21x19
          text run at (0,0) width 21: "-->"
