layer at (0,0) size 800x600
  LayoutView at (0,0) size 800x600
layer at (0,0) size 800x600
  LayoutBlockFlow {HTML} at (0,0) size 800x600
    LayoutBlockFlow {BODY} at (8,8) size 784x584
      LayoutBlockFlow (anonymous) at (0,0) size 784x20
        LayoutText {#text} at (0,0) size 216x19
          text run at (0,0) width 216: "cell split with color (standard mode)"
      LayoutTable {TABLE} at (0,20) size 30x30 [border: (1px outset #808080)]
        LayoutTableCol {COLGROUP} at (0,0) size 0x0
          LayoutTableCol {COL} at (0,0) size 0x0 [bgcolor=#FF0000]
          LayoutTableCol {COL} at (0,0) size 0x0 [bgcolor=#0000FF]
        LayoutTableSection {TBODY} at (1,1) size 28x28
          LayoutTableRow {TR} at (0,2) size 28x24
            LayoutTableCell {TD} at (2,2) size 24x24 [border: (1px inset #808080)] [r=0 c=0 rs=1 cs=2]
              LayoutText {#text} at (2,2) size 20x19
                text run at (2,2) width 20: "foo"
      LayoutBlockFlow (anonymous) at (0,50) size 784x20
        LayoutBR {BR} at (0,0) size 0x19
      LayoutBlockFlow {HR} at (0,78) size 602x2 [border: (1px inset #EEEEEE)]
      LayoutBlockFlow (anonymous) at (0,88) size 784x20
        LayoutBR {BR} at (0,0) size 0x19
      LayoutTable {TABLE} at (0,108) size 600x111
        LayoutTableSection {TBODY} at (0,0) size 600x111
          LayoutTableRow {TR} at (0,2) size 600x44
            LayoutTableCell {TD} at (2,2) size 594x44 [r=0 c=0 rs=1 cs=3]
              LayoutImage {IMG} at (7.50,1) size 579x42
              LayoutText {#text} at (0,0) size 0x0
          LayoutTableRow {TR} at (0,48) size 600x37
            LayoutTableCell {TD} at (2,48) size 242x37 [r=1 c=0 rs=1 cs=1]
              LayoutImage {IMG} at (1,1) size 232x35 [border: (1px solid #000000)]
            LayoutTableCell {TD} at (246,55) size 142x22 [r=1 c=1 rs=1 cs=1]
              LayoutText {#text} at (2,1) size 138x19
                text run at (2,1) width 138: "Hassle-Free Upgrades"
          LayoutTableRow {TR} at (0,87) size 600x22
            LayoutTableCell {TD} at (2,87) size 596x22 [bgcolor=#99CCCC] [r=2 c=0 rs=1 cs=4]
              LayoutText {#text} at (1,1) size 7x19
                text run at (1,1) width 7: "x"
