layer at (0,0) size 800x600 scrollHeight 826
  LayoutView at (0,0) size 800x600
layer at (0,0) size 800x826 backgroundClip at (0,0) size 800x600 clip at (0,0) size 800x600
  LayoutBlockFlow {HTML} at (0,0) size 800x826
    LayoutBlockFlow {BODY} at (8,8) size 784x810
      LayoutBlockFlow (anonymous) at (0,0) size 784x20
        LayoutText {#text} at (0,0) size 149x19
          text run at (0,0) width 149: "Table auto, no cells fixed"
      LayoutTable {TABLE} at (0,20) size 339x30 [border: (1px outset #808080)]
        LayoutTableSection {TBODY} at (1,1) size 337x28
          LayoutTableRow {TR} at (0,2) size 337x24
            LayoutTableCell {TD} at (2,2) size 240x24 [border: (1px inset #808080)] [r=0 c=0 rs=1 cs=1]
              LayoutText {#text} at (2,2) size 236x19
                text run at (2,2) width 236: "fooooooooooooooooooooooooooooo"
            LayoutTableCell {TD} at (244,2) size 64x24 [border: (1px inset #808080)] [r=0 c=1 rs=1 cs=1]
              LayoutText {#text} at (2,2) size 60x19
                text run at (2,2) width 60: "barrrrrrrrr"
            LayoutTableCell {TD} at (310,2) size 25x24 [border: (1px inset #808080)] [r=0 c=2 rs=1 cs=1]
              LayoutText {#text} at (2,2) size 21x19
                text run at (2,2) width 21: "zap"
      LayoutBlockFlow (anonymous) at (0,50) size 784x40
        LayoutBR {BR} at (0,0) size 0x19
        LayoutText {#text} at (0,20) size 152x19
          text run at (0,20) width 152: "Table fixed, no cells fixed"
      LayoutTable {TABLE} at (0,90) size 500x30 [border: (1px outset #808080)]
        LayoutTableSection {TBODY} at (1,1) size 498x28
          LayoutTableRow {TR} at (0,2) size 498x24
            LayoutTableCell {TD} at (2,2) size 357x24 [border: (1px inset #808080)] [r=0 c=0 rs=1 cs=1]
              LayoutText {#text} at (2,2) size 236x19
                text run at (2,2) width 236: "fooooooooooooooooooooooooooooo"
            LayoutTableCell {TD} at (361,2) size 95x24 [border: (1px inset #808080)] [r=0 c=1 rs=1 cs=1]
              LayoutText {#text} at (2,2) size 60x19
                text run at (2,2) width 60: "barrrrrrrrr"
            LayoutTableCell {TD} at (458,2) size 38x24 [border: (1px inset #808080)] [r=0 c=2 rs=1 cs=1]
              LayoutText {#text} at (2,2) size 21x19
                text run at (2,2) width 21: "zap"
      LayoutBlockFlow (anonymous) at (0,120) size 784x40
        LayoutBR {BR} at (0,0) size 0x19
        LayoutText {#text} at (0,20) size 152x19
          text run at (0,20) width 152: "Table fixed, no cells fixed"
      LayoutTable {TABLE} at (0,160) size 200x70 [border: (1px outset #808080)]
        LayoutTableSection {TBODY} at (1,1) size 198x68
          LayoutTableRow {TR} at (0,2) size 198x64
            LayoutTableCell {TD} at (2,2) size 129x64 [border: (1px inset #808080)] [r=0 c=0 rs=1 cs=1]
              LayoutText {#text} at (2,2) size 116x59
                text run at (2,2) width 112: "fo oo oo oo oo oo"
                text run at (2,22) width 116: "oo oo oo oo oo oo"
                text run at (2,42) width 56: "oo oo oo"
            LayoutTableCell {TD} at (133,2) size 36x64 [border: (1px inset #808080)] [r=0 c=1 rs=1 cs=1]
              LayoutText {#text} at (2,2) size 25x59
                text run at (2,2) width 25: "barr"
                text run at (2,22) width 20: "rrrr"
                text run at (2,42) width 20: "rrrr"
            LayoutTableCell {TD} at (171,22) size 25x24 [border: (1px inset #808080)] [r=0 c=2 rs=1 cs=1]
              LayoutText {#text} at (2,2) size 21x19
                text run at (2,2) width 21: "zap"
      LayoutBlockFlow (anonymous) at (0,230) size 784x40
        LayoutBR {BR} at (0,0) size 0x19
        LayoutText {#text} at (0,20) size 146x19
          text run at (0,20) width 146: "Table auto, 1st cell fixed"
      LayoutTable {TABLE} at (0,270) size 136x30 [border: (1px outset #808080)]
        LayoutTableSection {TBODY} at (1,1) size 134x28
          LayoutTableRow {TR} at (0,2) size 134x24
            LayoutTableCell {TD} at (2,2) size 104x24 [border: (1px inset #808080)] [r=0 c=0 rs=1 cs=1]
              LayoutText {#text} at (2,2) size 44x19
                text run at (2,2) width 44: "fooooo"
            LayoutTableCell {TD} at (108,2) size 24x24 [border: (1px inset #808080)] [r=0 c=1 rs=1 cs=1]
              LayoutText {#text} at (2,2) size 20x19
                text run at (2,2) width 20: "bar"
      LayoutBlockFlow (anonymous) at (0,300) size 784x40
        LayoutBR {BR} at (0,0) size 0x19
        LayoutText {#text} at (0,20) size 149x19
          text run at (0,20) width 149: "Table fixed, 1st cell fixed"
      LayoutTable {TABLE} at (0,340) size 500x30 [border: (1px outset #808080)]
        LayoutTableSection {TBODY} at (1,1) size 498x28
          LayoutTableRow {TR} at (0,2) size 498x24
            LayoutTableCell {TD} at (2,2) size 104x24 [border: (1px inset #808080)] [r=0 c=0 rs=1 cs=1]
              LayoutText {#text} at (2,2) size 44x19
                text run at (2,2) width 44: "fooooo"
            LayoutTableCell {TD} at (108,2) size 388x24 [border: (1px inset #808080)] [r=0 c=1 rs=1 cs=1]
              LayoutText {#text} at (2,2) size 20x19
                text run at (2,2) width 20: "bar"
      LayoutBlockFlow (anonymous) at (0,370) size 784x40
        LayoutBR {BR} at (0,0) size 0x19
        LayoutText {#text} at (0,20) size 204x19
          text run at (0,20) width 204: "Table auto, 1st cell fixed too small"
      LayoutTable {TABLE} at (0,410) size 272x30 [border: (1px outset #808080)]
        LayoutTableSection {TBODY} at (1,1) size 270x28
          LayoutTableRow {TR} at (0,2) size 270x24
            LayoutTableCell {TD} at (2,2) size 240x24 [border: (1px inset #808080)] [r=0 c=0 rs=1 cs=1]
              LayoutText {#text} at (2,2) size 236x19
                text run at (2,2) width 236: "fooooooooooooooooooooooooooooo"
            LayoutTableCell {TD} at (244,2) size 24x24 [border: (1px inset #808080)] [r=0 c=1 rs=1 cs=1]
              LayoutText {#text} at (2,2) size 20x19
                text run at (2,2) width 20: "bar"
      LayoutBlockFlow (anonymous) at (0,440) size 784x40
        LayoutBR {BR} at (0,0) size 0x19
        LayoutText {#text} at (0,20) size 207x19
          text run at (0,20) width 207: "Table fixed, 1st cell fixed too small"
      LayoutTable {TABLE} at (0,480) size 500x30 [border: (1px outset #808080)]
        LayoutTableSection {TBODY} at (1,1) size 498x28
          LayoutTableRow {TR} at (0,2) size 498x24
            LayoutTableCell {TD} at (2,2) size 240x24 [border: (1px inset #808080)] [r=0 c=0 rs=1 cs=1]
              LayoutText {#text} at (2,2) size 236x19
                text run at (2,2) width 236: "fooooooooooooooooooooooooooooo"
            LayoutTableCell {TD} at (244,2) size 252x24 [border: (1px inset #808080)] [r=0 c=1 rs=1 cs=1]
              LayoutText {#text} at (2,2) size 20x19
                text run at (2,2) width 20: "bar"
      LayoutBlockFlow (anonymous) at (0,510) size 784x40
        LayoutBR {BR} at (0,0) size 0x19
        LayoutText {#text} at (0,20) size 161x19
          text run at (0,20) width 161: "Table auto, both cells fixed"
      LayoutTable {TABLE} at (0,550) size 216x30 [border: (1px outset #808080)]
        LayoutTableSection {TBODY} at (1,1) size 214x28
          LayoutTableRow {TR} at (0,2) size 214x24
            LayoutTableCell {TD} at (2,2) size 104x24 [border: (1px inset #808080)] [r=0 c=0 rs=1 cs=1]
              LayoutText {#text} at (2,2) size 36x19
                text run at (2,2) width 36: "foooo"
            LayoutTableCell {TD} at (108,2) size 104x24 [border: (1px inset #808080)] [r=0 c=1 rs=1 cs=1]
              LayoutText {#text} at (2,2) size 20x19
                text run at (2,2) width 20: "bar"
      LayoutBlockFlow (anonymous) at (0,580) size 784x40
        LayoutBR {BR} at (0,0) size 0x19
        LayoutText {#text} at (0,20) size 164x19
          text run at (0,20) width 164: "Table fixed, both cells fixed"
      LayoutTable {TABLE} at (0,620) size 500x30 [border: (1px outset #808080)]
        LayoutTableSection {TBODY} at (1,1) size 498x28
          LayoutTableRow {TR} at (0,2) size 498x24
            LayoutTableCell {TD} at (2,2) size 246x24 [border: (1px inset #808080)] [r=0 c=0 rs=1 cs=1]
              LayoutText {#text} at (2,2) size 36x19
                text run at (2,2) width 36: "foooo"
            LayoutTableCell {TD} at (250,2) size 246x24 [border: (1px inset #808080)] [r=0 c=1 rs=1 cs=1]
              LayoutText {#text} at (2,2) size 20x19
                text run at (2,2) width 20: "bar"
      LayoutBlockFlow (anonymous) at (0,650) size 784x40
        LayoutBR {BR} at (0,0) size 0x19
        LayoutText {#text} at (0,20) size 271x19
          text run at (0,20) width 271: "Table auto, both cells fixed, 1st one too small"
      LayoutTable {TABLE} at (0,690) size 352x30 [border: (1px outset #808080)]
        LayoutTableSection {TBODY} at (1,1) size 350x28
          LayoutTableRow {TR} at (0,2) size 350x24
            LayoutTableCell {TD} at (2,2) size 240x24 [border: (1px inset #808080)] [r=0 c=0 rs=1 cs=1]
              LayoutText {#text} at (2,2) size 236x19
                text run at (2,2) width 236: "fooooooooooooooooooooooooooooo"
            LayoutTableCell {TD} at (244,2) size 104x24 [border: (1px inset #808080)] [r=0 c=1 rs=1 cs=1]
              LayoutText {#text} at (2,2) size 20x19
                text run at (2,2) width 20: "bar"
      LayoutBlockFlow (anonymous) at (0,720) size 784x40
        LayoutBR {BR} at (0,0) size 0x19
        LayoutText {#text} at (0,20) size 305x19
          text run at (0,20) width 305: "Table fixed, both cells fixed, 1st cell fixed too small"
      LayoutTable {TABLE} at (0,760) size 500x30 [border: (1px outset #808080)]
        LayoutTableSection {TBODY} at (1,1) size 498x28
          LayoutTableRow {TR} at (0,2) size 498x24
            LayoutTableCell {TD} at (2,2) size 343x24 [border: (1px inset #808080)] [r=0 c=0 rs=1 cs=1]
              LayoutText {#text} at (2,2) size 236x19
                text run at (2,2) width 236: "fooooooooooooooooooooooooooooo"
            LayoutTableCell {TD} at (347,2) size 149x24 [border: (1px inset #808080)] [r=0 c=1 rs=1 cs=1]
              LayoutText {#text} at (2,2) size 20x19
                text run at (2,2) width 20: "bar"
      LayoutBlockFlow (anonymous) at (0,790) size 784x20
        LayoutBR {BR} at (0,0) size 0x19
