layer at (0,0) size 800x600 clip at (0,0) size 785x600 scrollHeight 904
  LayoutView at (0,0) size 800x600
layer at (0,0) size 785x904 backgroundClip at (0,0) size 785x600 clip at (0,0) size 785x600
  LayoutBlockFlow {HTML} at (0,0) size 785x904
    LayoutBlockFlow {BODY} at (8,8) size 769x888
      LayoutBlockFlow (anonymous) at (0,0) size 769x20
        LayoutText {#text} at (0,0) size 86x19
          text run at (0,0) width 86: "ROWSPANS"
      LayoutTable {TABLE} at (0,20) size 132x64 [border: (5px outset #808080)]
        LayoutTableSection {TBODY} at (5,5) size 122x54
          LayoutTableRow {TR} at (0,2) size 122x24
            LayoutTableCell {TD} at (2,15) size 38x24 [border: (1px inset #808080)] [r=0 c=0 rs=2 cs=1]
              LayoutText {#text} at (2,2) size 34x19
                text run at (2,2) width 34: "auto1"
            LayoutTableCell {TD} at (42,2) size 38x24 [border: (1px inset #808080)] [r=0 c=1 rs=1 cs=1]
              LayoutText {#text} at (2,2) size 34x19
                text run at (2,2) width 34: "auto2"
          LayoutTableRow {TR} at (0,28) size 122x24
            LayoutTableCell {TD} at (42,28) size 38x24 [border: (1px inset #808080)] [r=1 c=1 rs=1 cs=1]
              LayoutText {#text} at (2,2) size 34x19
                text run at (2,2) width 34: "auto3"
            LayoutTableCell {TD} at (82,28) size 38x24 [border: (1px inset #808080)] [r=1 c=2 rs=1 cs=1]
              LayoutText {#text} at (2,2) size 34x19
                text run at (2,2) width 34: "auto4"
      LayoutTable {TABLE} at (0,84) size 258x82 [border: (1px outset #808080)]
        LayoutTableSection {TBODY} at (1,1) size 256x80
          LayoutTableRow {TR} at (0,2) size 256x24
            LayoutTableCell {TD} at (2,28) size 184x24 [border: (1px inset #808080)] [r=0 c=0 rs=3 cs=1]
              LayoutText {#text} at (2,2) size 180x19
                text run at (2,2) width 180: "c0r[2-6],Data 2 span=3 rows"
            LayoutTableCell {TD} at (188,2) size 32x24 [border: (1px inset #808080)] [r=0 c=1 rs=1 cs=1]
              LayoutText {#text} at (2,2) size 28x19
                text run at (2,2) width 28: "c0r2"
            LayoutTableCell {TD} at (222,2) size 32x24 [border: (1px inset #808080)] [r=0 c=2 rs=1 cs=1]
              LayoutText {#text} at (2,2) size 28x19
                text run at (2,2) width 28: "c1r2"
          LayoutTableRow {TR} at (0,28) size 256x24
            LayoutTableCell {TD} at (188,28) size 32x24 [border: (1px inset #808080)] [r=1 c=1 rs=1 cs=1]
              LayoutText {#text} at (2,2) size 28x19
                text run at (2,2) width 28: "c0r3"
            LayoutTableCell {TD} at (222,28) size 32x24 [border: (1px inset #808080)] [r=1 c=2 rs=1 cs=1]
              LayoutText {#text} at (2,2) size 28x19
                text run at (2,2) width 28: "c1r3"
          LayoutTableRow {TR} at (0,54) size 256x24
            LayoutTableCell {TD} at (188,54) size 32x24 [border: (1px inset #808080)] [r=2 c=1 rs=1 cs=1]
              LayoutText {#text} at (2,2) size 28x19
                text run at (2,2) width 28: "c0r4"
            LayoutTableCell {TD} at (222,54) size 32x24 [border: (1px inset #808080)] [r=2 c=2 rs=1 cs=1]
              LayoutText {#text} at (2,2) size 28x19
                text run at (2,2) width 28: "c1r4"
      LayoutBlockFlow (anonymous) at (0,166) size 769x20
        LayoutBR {BR} at (0,0) size 0x19
      LayoutTable {TABLE} at (0,186) size 258x212 [border: (1px outset #808080)]
        LayoutTableSection {TBODY} at (1,1) size 256x210
          LayoutTableRow {TR} at (0,2) size 256x24
            LayoutTableCell {TD} at (2,54) size 184x24 [border: (1px inset #808080)] [r=0 c=0 rs=5 cs=1]
              LayoutText {#text} at (2,2) size 180x19
                text run at (2,2) width 180: "c0r[2-6],Data 2 span=5 rows"
            LayoutTableCell {TD} at (188,2) size 32x24 [border: (1px inset #808080)] [r=0 c=1 rs=1 cs=1]
              LayoutText {#text} at (2,2) size 28x19
                text run at (2,2) width 28: "c0r2"
            LayoutTableCell {TD} at (222,2) size 32x24 [border: (1px inset #808080)] [r=0 c=2 rs=1 cs=1]
              LayoutText {#text} at (2,2) size 28x19
                text run at (2,2) width 28: "c1r2"
          LayoutTableRow {TR} at (0,28) size 256x24
            LayoutTableCell {TD} at (188,28) size 32x24 [border: (1px inset #808080)] [r=1 c=1 rs=1 cs=1]
              LayoutText {#text} at (2,2) size 28x19
                text run at (2,2) width 28: "c0r3"
            LayoutTableCell {TD} at (222,28) size 32x24 [border: (1px inset #808080)] [r=1 c=2 rs=1 cs=1]
              LayoutText {#text} at (2,2) size 28x19
                text run at (2,2) width 28: "c1r3"
          LayoutTableRow {TR} at (0,54) size 256x24
            LayoutTableCell {TD} at (188,54) size 32x24 [border: (1px inset #808080)] [r=2 c=1 rs=1 cs=1]
              LayoutText {#text} at (2,2) size 28x19
                text run at (2,2) width 28: "c0r4"
            LayoutTableCell {TD} at (222,54) size 32x24 [border: (1px inset #808080)] [r=2 c=2 rs=1 cs=1]
              LayoutText {#text} at (2,2) size 28x19
                text run at (2,2) width 28: "c1r4"
          LayoutTableRow {TR} at (0,80) size 256x24
            LayoutTableCell {TD} at (188,80) size 32x24 [border: (1px inset #808080)] [r=3 c=1 rs=1 cs=1]
              LayoutText {#text} at (2,2) size 28x19
                text run at (2,2) width 28: "c0r5"
            LayoutTableCell {TD} at (222,80) size 32x24 [border: (1px inset #808080)] [r=3 c=2 rs=1 cs=1]
              LayoutText {#text} at (2,2) size 28x19
                text run at (2,2) width 28: "c1r5"
          LayoutTableRow {TR} at (0,106) size 256x24
            LayoutTableCell {TD} at (188,106) size 32x24 [border: (1px inset #808080)] [r=4 c=1 rs=1 cs=1]
              LayoutText {#text} at (2,2) size 28x19
                text run at (2,2) width 28: "c0r6"
            LayoutTableCell {TD} at (222,106) size 32x24 [border: (1px inset #808080)] [r=4 c=2 rs=1 cs=1]
              LayoutText {#text} at (2,2) size 28x19
                text run at (2,2) width 28: "c1r6"
          LayoutTableRow {TR} at (0,132) size 256x24
            LayoutTableCell {TD} at (2,158) size 184x24 [border: (1px inset #808080)] [r=5 c=0 rs=3 cs=1]
              LayoutText {#text} at (2,2) size 135x19
                text run at (2,2) width 135: "c0r[7-9] span=3 rows"
            LayoutTableCell {TD} at (188,132) size 32x24 [border: (1px inset #808080)] [r=5 c=1 rs=1 cs=1]
              LayoutText {#text} at (2,2) size 28x19
                text run at (2,2) width 28: "c0r7"
            LayoutTableCell {TD} at (222,132) size 32x24 [border: (1px inset #808080)] [r=5 c=2 rs=1 cs=1]
              LayoutText {#text} at (2,2) size 28x19
                text run at (2,2) width 28: "c1r7"
          LayoutTableRow {TR} at (0,158) size 256x24
            LayoutTableCell {TD} at (188,158) size 32x24 [border: (1px inset #808080)] [r=6 c=1 rs=1 cs=1]
              LayoutText {#text} at (2,2) size 28x19
                text run at (2,2) width 28: "c0r8"
            LayoutTableCell {TD} at (222,158) size 32x24 [border: (1px inset #808080)] [r=6 c=2 rs=1 cs=1]
              LayoutText {#text} at (2,2) size 28x19
                text run at (2,2) width 28: "c1r8"
          LayoutTableRow {TR} at (0,184) size 256x24
            LayoutTableCell {TD} at (188,184) size 32x24 [border: (1px inset #808080)] [r=7 c=1 rs=1 cs=1]
              LayoutText {#text} at (2,2) size 28x19
                text run at (2,2) width 28: "c0r9"
            LayoutTableCell {TD} at (222,184) size 32x24 [border: (1px inset #808080)] [r=7 c=2 rs=1 cs=1]
              LayoutText {#text} at (2,2) size 28x19
                text run at (2,2) width 28: "c1r9"
      LayoutBlockFlow (anonymous) at (0,398) size 769x20
        LayoutBR {BR} at (0,0) size 0x19
      LayoutTable {TABLE} at (0,418) size 61x56 [border: (1px outset #808080)]
        LayoutTableSection {TBODY} at (1,1) size 59x54
          LayoutTableRow {TR} at (0,2) size 59x24
            LayoutTableCell {TD} at (2,2) size 26x24 [border: (1px inset #808080)] [r=0 c=0 rs=1 cs=1]
              LayoutText {#text} at (2,2) size 22x19
                text run at (2,2) width 22: "one"
            LayoutTableCell {TD} at (30,15) size 27x24 [border: (1px inset #808080)] [r=0 c=1 rs=2 cs=1]
              LayoutText {#text} at (2,2) size 23x19
                text run at (2,2) width 23: "two"
          LayoutTableRow {TR} at (0,28) size 59x24
            LayoutTableCell {TD} at (2,28) size 55x24 [border: (1px inset #808080)] [r=1 c=0 rs=1 cs=2]
              LayoutText {#text} at (12,2) size 31x19
                text run at (12,2) width 31: "three"
      LayoutTable {TABLE} at (0,474) size 56x30 [border: (1px outset #808080)]
        LayoutTableSection {TBODY} at (1,1) size 54x28
          LayoutTableRow {TR} at (0,2) size 54x0
            LayoutTableCell {TD} at (2,2) size 24x24 [border: (1px inset #808080)] [r=0 c=0 rs=2 cs=1]
              LayoutText {#text} at (2,2) size 20x19
                text run at (2,2) width 20: "foo"
          LayoutTableRow {TR} at (0,4) size 54x22
            LayoutTableCell {TD} at (28,3) size 24x24 [border: (1px inset #808080)] [r=1 c=1 rs=2 cs=1]
              LayoutText {#text} at (2,2) size 20x19
                text run at (2,2) width 20: "bar"
      LayoutBlockFlow (anonymous) at (0,504) size 769x20
        LayoutBR {BR} at (0,0) size 0x19
      LayoutTable {TABLE} at (0,524) size 602x364 [border: (1px outset #808080)]
        LayoutTableSection {TBODY} at (1,1) size 600x362
          LayoutTableRow {TR} at (0,0) size 600x0
            LayoutTableCell {TD} at (0,0) size 512x362 [bgcolor=#FFFFFF] [border: (1px inset #808080)] [r=0 c=0 rs=2 cs=2]
              LayoutImage {IMG} at (1,1) size 132x360
          LayoutTableRow {TR} at (0,0) size 600x362
            LayoutTableCell {TD} at (512,170) size 88x22 [border: (1px inset #808080)] [r=1 c=2 rs=1 cs=6]
              LayoutText {#text} at (66,1) size 21x19
                text run at (66,1) width 21: "xxx"
