layer at (0,0) size 800x600
  LayoutView at (0,0) size 800x600
layer at (0,0) size 800x600
  LayoutBlockFlow {HTML} at (0,0) size 800x600
    LayoutBlockFlow {BODY} at (0,0) size 800x600
layer at (0,0) size 800x600
  LayoutBlockFlow (positioned) {DIV} at (0,0) size 800x600
layer at (0,0) size 800x40
  LayoutBlockFlow (positioned) {DIV} at (0,0) size 800x40 [bgcolor=#FFC0CB]
    LayoutText {#text} at (0,0) size 45x19
      text run at (0,0) width 45: "Header"
layer at (0,40) size 800x30
  LayoutBlockFlow (positioned) {DIV} at (0,40) size 800x30 [bgcolor=#FA8072]
    LayoutText {#text} at (0,0) size 24x19
      text run at (0,0) width 24: "Info"
layer at (0,70) size 800x60
  LayoutBlockFlow (positioned) {DIV} at (0,70) size 800x60 [bgcolor=#FF00FF]
    LayoutText {#text} at (0,0) size 48x19
      text run at (0,0) width 48: "Context"
layer at (0,130) size 800x470
  LayoutBlockFlow (relative positioned) {DIV} at (0,130) size 800x470
layer at (0,130) size 135x470
  LayoutBlockFlow (positioned) {DIV} at (0,0) size 135x470 [bgcolor=#800080]
    LayoutText {#text} at (0,0) size 65x19
      text run at (0,0) width 65: "Navigation"
layer at (135,130) size 665x470
  LayoutBlockFlow (relative positioned) {DIV} at (135,0) size 665x470
layer at (135,130) size 665x44
  LayoutBlockFlow (positioned) {DIV} at (0,0) size 665x44 [bgcolor=#4B0082]
    LayoutText {#text} at (0,0) size 97x19
      text run at (0,0) width 97: "Content Header"
layer at (135,174) size 665x381
  LayoutBlockFlow (relative positioned) {DIV} at (0,44) size 665x381 [bgcolor=#FA8072]
    LayoutText {#text} at (0,0) size 48x19
      text run at (0,0) width 48: "Content"
layer at (135,555) size 665x45
  LayoutBlockFlow (positioned) {DIV} at (0,425) size 665x45 [bgcolor=#6495ED]
    LayoutText {#text} at (0,0) size 93x19
      text run at (0,0) width 93: "Content Footer"
