layer at (0,0) size 1600x1200
  LayoutView at (0,0) size 1600x1200
layer at (0,0) size 1600x69
  LayoutBlockFlow {HTML} at (0,0) size 1600x69
    LayoutBlockFlow {BODY} at (16,16) size 1568x37
      LayoutInline {SPAN} at (0,0) size 702x36 [bgcolor=#FF0000]
        LayoutText {#text} at (0,0) size 702x36
          text run at (0,0) width 702: "This text should be nice and sharp. devicePixelRatio is: "
      LayoutText {#text} at (0,0) size 0x0
      LayoutInline {SPAN} at (0,0) size 16x36
        LayoutText {#text} at (702,0) size 16x36
          text run at (702,0) width 16: "2"
      LayoutText {#text} at (0,0) size 0x0
      LayoutText {#text} at (0,0) size 0x0
