layer at (0,0) size 2400x1800
  LayoutView at (0,0) size 2400x1800
layer at (0,0) size 2400x408
  LayoutBlockFlow {HTML} at (0,0) size 2400x408
    LayoutBlockFlow {BODY} at (24,24) size 2352x360
layer at (24,24) size 600x360 clip at (24,24) size 555x315 scrollWidth 1200 scrollHeight 828
  LayoutBlockFlow {DIV} at (0,0) size 600x360
    LayoutBlockFlow (anonymous) at (0,0) size 555x228
      LayoutBR {BR} at (0,1) size 0x55
      LayoutText {#text} at (0,58) size 529x169
        text run at (0,58) width 503: "This should be a scrollable"
        text run at (0,115) width 529: "text box with horizontal and"
        text run at (0,172) width 266: "vertical scroll."
    LayoutBlockFlow {DIV} at (0,228) size 1200x600
