layer at (0,0) size 800x600
  LayoutView at (0,0) size 800x600
layer at (0,0) size 800x600
  LayoutBlockFlow {HTML} at (0,0) size 800x600
    LayoutBlockFlow {BODY} at (8,8) size 776x584
      LayoutBlockFlow {P} at (0,0) size 60x584
        LayoutText {#text} at (0,0) size 59x568
          text run at (0,0) width 538: "In this test, you should see three blocks that are aligned to the bottom within a black box. "
          text run at (0,538) width 30: "They"
          text run at (20,0) width 472: "should be stacked horizontally with the green box in between two olive boxes. "
          text run at (20,472) width 95: "The olive boxes"
          text run at (40,0) width 233: "and the green box should be 100x100."
layer at (84,8) size 340x240
  LayoutBlockFlow (positioned) {DIV} at (84,8) size 340x240 [border: (20px solid #000000)]
    LayoutBlockFlow {DIV} at (70,120) size 0x100
layer at (204,128) size 100x100
  LayoutBlockFlow (positioned) {DIV} at (120,120) size 100x100 [bgcolor=#008000]
layer at (104,128) size 100x100
  LayoutBlockFlow (positioned) {DIV} at (20,120) size 100x100 [bgcolor=#808000]
layer at (304,128) size 100x100
  LayoutBlockFlow (positioned) {DIV} at (220,120) size 100x100 [bgcolor=#808000]
