layer at (0,0) size 800x600
  LayoutView at (0,0) size 800x600
layer at (0,0) size 800x600
  LayoutBlockFlow {HTML} at (0,0) size 800x600
    LayoutBlockFlow {BODY} at (8,8) size 784x584 [bgcolor=#CCCCCC]
      LayoutBlockFlow {P} at (0,0) size 784x20
        LayoutText {#text} at (0,0) size 337x19
          text run at (0,0) width 337: "The style declarations which apply to the text below are:"
      LayoutBlockFlow {PRE} at (0,36) size 784x48
        LayoutText {#text} at (0,0) size 376x48
          text run at (0,0) width 376: ".one {border-width: 25px; border-style: solid;}"
          text run at (376,0) width 0: " "
          text run at (0,16) width 376: ".two {border-width: thin; border-style: solid;}"
          text run at (376,16) width 0: " "
          text run at (0,32) width 224: ".three {border-width: 25px;}"
          text run at (224,32) width 0: " "
      LayoutBlockFlow {P} at (0,115) size 784x110 [border: (25px solid #000000)]
        LayoutText {#text} at (25,25) size 163x19
          text run at (25,25) width 163: "This element has a class of "
        LayoutInline {TT} at (0,0) size 24x16
          LayoutText {#text} at (188,28) size 24x16
            text run at (188,28) width 24: "one"
        LayoutText {#text} at (212,25) size 154x19
          text run at (212,25) width 8: ". "
          text run at (220,25) width 146: "However, it contains an "
        LayoutInline {SPAN} at (0,0) size 160x21 [border: (1px solid #000000)]
          LayoutText {#text} at (366,25) size 134x19
            text run at (366,25) width 134: "inline element of class "
          LayoutInline {TT} at (0,0) size 25x16
            LayoutText {#text} at (499,28) size 25x16
              text run at (499,28) width 25: "two"
        LayoutText {#text} at (524,25) size 704x39
          text run at (524,25) width 205: ", which should result in a thin solid"
          text run at (25,45) width 323: "border on each side of each box in the inline element. "
          text run at (348,45) width 98: "There is also an "
        LayoutInline {SPAN} at (0,0) size 173x19
          LayoutText {#text} at (446,45) size 133x19
            text run at (446,45) width 133: "inline element of class "
          LayoutInline {TT} at (0,0) size 40x16
            LayoutText {#text} at (579,48) size 40x16
              text run at (579,48) width 40: "three"
        LayoutText {#text} at (619,45) size 731x39
          text run at (619,45) width 137: ", which should have no"
          text run at (25,65) width 279: "border width because no border style was set."
      LayoutTable {TABLE} at (0,241) size 784x148 [border: (1px outset #808080)]
        LayoutTableSection {TBODY} at (1,1) size 782x146
          LayoutTableRow {TR} at (0,0) size 782x28
            LayoutTableCell {TD} at (0,0) size 782x28 [bgcolor=#C0C0C0] [border: (1px inset #808080)] [r=0 c=0 rs=1 cs=2]
              LayoutInline {STRONG} at (0,0) size 157x19
                LayoutText {#text} at (4,4) size 157x19
                  text run at (4,4) width 157: "TABLE Testing Section"
          LayoutTableRow {TR} at (0,28) size 782x118
            LayoutTableCell {TD} at (0,73) size 12x28 [bgcolor=#C0C0C0] [border: (1px inset #808080)] [r=1 c=0 rs=1 cs=1]
              LayoutText {#text} at (4,4) size 4x19
                text run at (4,4) width 4: " "
            LayoutTableCell {TD} at (12,28) size 770x118 [border: (1px inset #808080)] [r=1 c=1 rs=1 cs=1]
              LayoutBlockFlow {P} at (4,4) size 762x110 [border: (25px solid #000000)]
                LayoutText {#text} at (25,25) size 163x19
                  text run at (25,25) width 163: "This element has a class of "
                LayoutInline {TT} at (0,0) size 24x16
                  LayoutText {#text} at (188,28) size 24x16
                    text run at (188,28) width 24: "one"
                LayoutText {#text} at (212,25) size 154x19
                  text run at (212,25) width 8: ". "
                  text run at (220,25) width 146: "However, it contains an "
                LayoutInline {SPAN} at (0,0) size 160x21 [border: (1px solid #000000)]
                  LayoutText {#text} at (366,25) size 134x19
                    text run at (366,25) width 134: "inline element of class "
                  LayoutInline {TT} at (0,0) size 25x16
                    LayoutText {#text} at (499,28) size 25x16
                      text run at (499,28) width 25: "two"
                LayoutText {#text} at (524,25) size 704x39
                  text run at (524,25) width 205: ", which should result in a thin solid"
                  text run at (25,45) width 323: "border on each side of each box in the inline element. "
                  text run at (348,45) width 98: "There is also an "
                LayoutInline {SPAN} at (0,0) size 173x19
                  LayoutText {#text} at (446,45) size 133x19
                    text run at (446,45) width 133: "inline element of class "
                  LayoutInline {TT} at (0,0) size 40x16
                    LayoutText {#text} at (579,48) size 40x16
                      text run at (579,48) width 40: "three"
                LayoutText {#text} at (619,45) size 712x39
                  text run at (619,45) width 118: ", which should have"
                  text run at (25,65) width 298: "no border width because no border style was set."
layer at (8,105) size 784x2 clip at (0,0) size 0x0
  LayoutBlockFlow {HR} at (0,97) size 784x2 [border: (1px inset #EEEEEE)]
