layer at (0,0) size 800x600 clip at (0,0) size 785x600 scrollHeight 1378
  LayoutView at (0,0) size 800x600
layer at (0,0) size 785x1378 backgroundClip at (0,0) size 785x600 clip at (0,0) size 785x600
  LayoutBlockFlow {HTML} at (0,0) size 785x1378
    LayoutBlockFlow {BODY} at (8,8) size 769x1362 [bgcolor=#CCCCCC]
      LayoutBlockFlow {P} at (0,0) size 769x18
        LayoutText {#text} at (0,0) size 363x18
          text run at (0,0) width 363: "The style declarations which apply to the text below are:"
      LayoutBlockFlow {PRE} at (0,34) size 769x165
        LayoutText {#text} at (0,0) size 258x165
          text run at (0,0) width 227: ".one {letter-spacing: 0.3in;}"
          text run at (226,0) width 1: " "
          text run at (0,15) width 227: ".two {letter-spacing: 0.5cm;}"
          text run at (226,15) width 1: " "
          text run at (0,30) width 227: ".three {letter-spacing: 5mm;}"
          text run at (226,30) width 1: " "
          text run at (0,45) width 219: ".four {letter-spacing: 3pt;}"
          text run at (218,45) width 1: " "
          text run at (0,60) width 242: ".five {letter-spacing: 0.25pc;}"
          text run at (241,60) width 1: " "
          text run at (0,75) width 211: ".six {letter-spacing: 1em;}"
          text run at (210,75) width 1: " "
          text run at (0,90) width 227: ".seven {letter-spacing: 1ex;}"
          text run at (226,90) width 1: " "
          text run at (0,105) width 227: ".eight {letter-spacing: 5px;}"
          text run at (226,105) width 1: " "
          text run at (0,120) width 242: ".nine {letter-spacing: normal;}"
          text run at (241,120) width 1: " "
          text run at (0,135) width 219: ".ten {letter-spacing: 300%;}"
          text run at (218,135) width 1: " "
          text run at (0,150) width 258: ".eleven {letter-spacing: -0.1em;}"
          text run at (257,150) width 1: " "
      LayoutBlockFlow {HR} at (0,212) size 769x2 [border: (1px inset #EEEEEE)]
      LayoutBlockFlow {P} at (0,230) size 769x72
        LayoutText {#text} at (0,0) size 712x72
          text run at (0,0) width 692: "This letters in this"
          text run at (0,18) width 712: "sentence should have"
          text run at (0,36) width 676: "extra space between"
          text run at (0,54) width 180: "them."
      LayoutBlockFlow {P} at (0,318) size 769x54
        LayoutText {#text} at (0,0) size 723x54
          text run at (0,0) width 723: "This letters in this sentence"
          text run at (0,18) width 588: "should have extra space"
          text run at (0,36) width 339: "between them."
      LayoutBlockFlow {P} at (0,388) size 769x54
        LayoutText {#text} at (0,0) size 723x54
          text run at (0,0) width 723: "This letters in this sentence"
          text run at (0,18) width 588: "should have extra space"
          text run at (0,36) width 339: "between them."
      LayoutBlockFlow {P} at (0,458) size 769x18
        LayoutText {#text} at (0,0) size 696x18
          text run at (0,0) width 696: "This letters in this sentence should have extra space between them."
      LayoutBlockFlow {P} at (0,492) size 769x18
        LayoutText {#text} at (0,0) size 696x18
          text run at (0,0) width 696: "This letters in this sentence should have extra space between them."
      LayoutBlockFlow {P} at (0,526) size 769x54
        LayoutText {#text} at (0,0) size 706x54
          text run at (0,0) width 639: "This letters in this sentence"
          text run at (0,18) width 706: "should have extra space between"
          text run at (0,36) width 116: "them."
      LayoutBlockFlow {P} at (0,596) size 769x36
        LayoutText {#text} at (0,0) size 712x36
          text run at (0,0) width 712: "This letters in this sentence should have extra space"
          text run at (0,18) width 187: "between them."
      LayoutBlockFlow {P} at (0,648) size 769x36
        LayoutText {#text} at (0,0) size 763x36
          text run at (0,0) width 763: "This letters in this sentence should have extra space between them,"
          text run at (0,18) width 440: "but the last few words in the sentence "
        LayoutInline {SPAN} at (0,0) size 184x18
          LayoutText {#text} at (439,18) size 184x18
            text run at (439,18) width 184: "should show normal spacing"
        LayoutText {#text} at (622,18) size 10x18
          text run at (622,18) width 10: "."
      LayoutBlockFlow {P} at (0,700) size 769x36
        LayoutText {#text} at (0,0) size 746x36
          text run at (0,0) width 746: "This letters in this sentence should have normal space between them, since percentage values are not allowed on this"
          text run at (0,18) width 58: "property."
      LayoutBlockFlow {P} at (0,752) size 769x18
        LayoutText {#text} at (0,0) size 580x18
          text run at (0,0) width 580: "This letters in this sentence should have reduced space between them, since negative values are allowed on this property."
      LayoutTable {TABLE} at (0,786) size 769x576 [border: (1px outset #808080)]
        LayoutTableSection {TBODY} at (1,1) size 767x574
          LayoutTableRow {TR} at (0,0) size 767x26
            LayoutTableCell {TD} at (0,0) size 767x26 [bgcolor=#C0C0C0] [border: (1px inset #808080)] [r=0 c=0 rs=1 cs=2]
              LayoutInline {STRONG} at (0,0) size 161x18
                LayoutText {#text} at (4,4) size 161x18
                  text run at (4,4) width 161: "TABLE Testing Section"
          LayoutTableRow {TR} at (0,26) size 767x548
            LayoutTableCell {TD} at (0,287) size 12x26 [bgcolor=#C0C0C0] [border: (1px inset #808080)] [r=1 c=0 rs=1 cs=1]
              LayoutText {#text} at (4,4) size 4x18
                text run at (4,4) width 4: " "
            LayoutTableCell {TD} at (12,26) size 755x548 [border: (1px inset #808080)] [r=1 c=1 rs=1 cs=1]
              LayoutBlockFlow {P} at (4,4) size 747x72
                LayoutText {#text} at (0,0) size 712x72
                  text run at (0,0) width 692: "This letters in this"
                  text run at (0,18) width 712: "sentence should have"
                  text run at (0,36) width 676: "extra space between"
                  text run at (0,54) width 180: "them."
              LayoutBlockFlow {P} at (4,92) size 747x54
                LayoutText {#text} at (0,0) size 723x54
                  text run at (0,0) width 723: "This letters in this sentence"
                  text run at (0,18) width 588: "should have extra space"
                  text run at (0,36) width 339: "between them."
              LayoutBlockFlow {P} at (4,162) size 747x54
                LayoutText {#text} at (0,0) size 723x54
                  text run at (0,0) width 723: "This letters in this sentence"
                  text run at (0,18) width 588: "should have extra space"
                  text run at (0,36) width 339: "between them."
              LayoutBlockFlow {P} at (4,232) size 747x18
                LayoutText {#text} at (0,0) size 696x18
                  text run at (0,0) width 696: "This letters in this sentence should have extra space between them."
              LayoutBlockFlow {P} at (4,266) size 747x18
                LayoutText {#text} at (0,0) size 696x18
                  text run at (0,0) width 696: "This letters in this sentence should have extra space between them."
              LayoutBlockFlow {P} at (4,300) size 747x54
                LayoutText {#text} at (0,0) size 706x54
                  text run at (0,0) width 639: "This letters in this sentence"
                  text run at (0,18) width 706: "should have extra space between"
                  text run at (0,36) width 116: "them."
              LayoutBlockFlow {P} at (4,370) size 747x36
                LayoutText {#text} at (0,0) size 712x36
                  text run at (0,0) width 712: "This letters in this sentence should have extra space"
                  text run at (0,18) width 187: "between them."
              LayoutBlockFlow {P} at (4,422) size 747x36
                LayoutText {#text} at (0,0) size 693x36
                  text run at (0,0) width 693: "This letters in this sentence should have extra space between"
                  text run at (0,18) width 510: "them, but the last few words in the sentence "
                LayoutInline {SPAN} at (0,0) size 183x18
                  LayoutText {#text} at (509,18) size 183x18
                    text run at (509,18) width 183: "should show normal spacing"
                LayoutText {#text} at (692,18) size 9x18
                  text run at (692,18) width 9: "."
              LayoutBlockFlow {P} at (4,474) size 747x36
                LayoutText {#text} at (0,0) size 746x36
                  text run at (0,0) width 746: "This letters in this sentence should have normal space between them, since percentage values are not allowed on this"
                  text run at (0,18) width 58: "property."
              LayoutBlockFlow {P} at (4,526) size 747x18
                LayoutText {#text} at (0,0) size 580x18
                  text run at (0,0) width 580: "This letters in this sentence should have reduced space between them, since negative values are allowed on this property."
