layer at (0,0) size 1200x900
  LayoutView at (0,0) size 1200x900
layer at (0,0) size 1200x900
  LayoutBlockFlow {HTML} at (0,0) size 1200x900
    LayoutBlockFlow {BODY} at (12,12) size 1176x876
layer at (12,12) size 300x300 clip at (12,12) size 278x278
  LayoutBlockFlow {DIV} at (0,0) size 300x300
    LayoutText {#text} at (0,0) size 237x55
      text run at (0,0) width 237: "The resize handle should"
      text run at (0,28) width 147: "grow with DPI."
