layer at (0,0) size 800x600
  LayoutView at (0,0) size 800x600
layer at (0,0) size 800x305
  LayoutBlockFlow {HTML} at (0,0) size 800x305
    LayoutBlockFlow {BODY} at (8,16) size 784x281
      LayoutBlockFlow {P} at (0,0) size 784x20
        LayoutText {#text} at (0,0) size 226x19
          text run at (0,0) width 226: "Drawing the controls in strict mode."
      LayoutBlockFlow (anonymous) at (0,36) size 784x245
        LayoutText {#text} at (0,0) size 0x0
layer at (8,52) size 320x240
  LayoutVideo {VIDEO} at (0,0) size 320x240
layer at (8,52) size 320x240
  LayoutFlexibleBox (relative positioned) {DIV} at (0,0) size 320x240
    LayoutBlockFlow {DIV} at (160,0) size 0x0
    LayoutFlexibleBox {DIV} at (0,0) size 320x240
layer at (8,52) size 320x240
  LayoutFlexibleBox {DIV} at (0,0) size 320x240
layer at (8,52) size 320x228 clip at (10,54) size 316x224
  LayoutButton (relative positioned) {INPUT} at (0,0) size 320x228 [border: (2px outset #C0C0C0)]
    LayoutFlexibleBox (anonymous) at (8,78) size 304x72
      LayoutBlockFlow {DIV} at (116,0) size 72x72 [bgcolor=#FFFFFFE6]
layer at (8,232) size 320x48
  LayoutFlexibleBox (relative positioned) {DIV} at (0,180) size 320x48
    LayoutBlockFlow {DIV} at (16,0) size 31x48 [color=#FFFFFF]
      LayoutText {#text} at (0,15) size 31x18
        text run at (0,15) width 31: "0:00"
    LayoutBlockFlow {DIV} at (51,0) size 39x48 [color=#FFFFFF]
      LayoutText {#text} at (0,15) size 39x18
        text run at (0,15) width 39: "/ 0:06"
    LayoutBlockFlow {DIV} at (90,48) size 134x0
    LayoutButton {INPUT} at (224,0) size 48x48
    LayoutButton {INPUT} at (272,0) size 48x48
layer at (8,280) size 320x12
  LayoutSlider {INPUT} at (0,228) size 320x12 [color=#9D968E]
    LayoutFlexibleBox {DIV} at (16,0) size 288x4
layer at (24,280) size 288x4
  LayoutBlockFlow (relative positioned) {DIV} at (0,0) size 288x4 [bgcolor=#FFFFFF4D]
layer at (24,276) size 12x12
  LayoutBlockFlow (relative positioned) {DIV} at (0,-4) size 12x12 [bgcolor=#FFFFFF]
layer at (24,280) size 288x4
  LayoutBlockFlow (positioned) {DIV} at (0,0) size 288x4
layer at (24,280) size 0x4
  LayoutBlockFlow (positioned) {DIV} at (0,0) size 0x4 [bgcolor=#FFFFFF]
layer at (24,280) size 288x4
  LayoutBlockFlow (positioned) {DIV} at (0,0) size 288x4 [bgcolor=#FFFFFF8A]
