layer at (0,0) size 800x600
  LayoutView at (0,0) size 800x600
layer at (0,0) size 800x600
  LayoutBlockFlow {HTML} at (0,0) size 800x600
    LayoutBlockFlow {BODY} at (8,8) size 784x584
      LayoutBlockFlow {P} at (0,0) size 784x20
        LayoutText {#text} at (0,0) size 429x19
          text run at (0,0) width 429: "Slider drawing with no source. The controls should render correctly."
      LayoutBlockFlow (anonymous) at (0,36) size 784x152
        LayoutText {#text} at (0,0) size 0x0
layer at (8,44) size 302x152
  LayoutVideo {VIDEO} at (0,0) size 302x152 [border: (1px solid #000000)]
layer at (9,45) size 300x150
  LayoutFlexibleBox (relative positioned) {DIV} at (1,1) size 300x150 [bgcolor=#333333]
    LayoutFlexibleBox {DIV} at (0,0) size 300x150
layer at (9,45) size 300x150
  LayoutBlockFlow (positioned) {DIV} at (0,0) size 300x150
layer at (9,45) size 300x150
  LayoutFlexibleBox {DIV} at (0,0) size 300x150
layer at (9,123) size 300x48
  LayoutFlexibleBox (relative positioned) {DIV} at (0,78) size 300x48
    LayoutBlockFlow {DIV} at (48,0) size 28x48 [color=#FFFFFF]
      LayoutText {#text} at (0,16) size 28x16
        text run at (0,16) width 28: "0:00"
    LayoutBlockFlow {DIV} at (76,48) size 80x0
layer at (9,123) size 48x48 transparent
  LayoutButton {INPUT} at (0,0) size 48x48 [color=#808080]
layer at (165,123) size 48x48 transparent
  LayoutButton {INPUT} at (156,0) size 48x48 [color=#808080]
layer at (213,123) size 48x48 transparent
  LayoutButton {INPUT} at (204,0) size 48x48 [color=#808080]
layer at (261,123) size 48x48 transparent
  LayoutButton {INPUT} at (252,0) size 48x48 [color=#808080]
layer at (9,171) size 300x24
  LayoutSlider {INPUT} at (0,126) size 300x24 [color=#9D968E]
    LayoutFlexibleBox {DIV} at (16,0) size 268x4
layer at (25,171) size 268x4
  LayoutBlockFlow (relative positioned) {DIV} at (0,0) size 268x4 [bgcolor=#FFFFFF4D]
layer at (25,171) size 268x4
  LayoutBlockFlow (positioned) {DIV} at (0,0) size 268x4
layer at (25,171) size 0x4
  LayoutBlockFlow (positioned) {DIV} at (0,0) size 0x4 [bgcolor=#FFFFFF]
layer at (25,171) size 0x4
  LayoutBlockFlow (positioned) {DIV} at (0,0) size 0x4 [bgcolor=#FFFFFF8A]
