layer at (0,0) size 800x600
  LayoutView at (0,0) size 800x600
layer at (0,0) size 800x600
  LayoutBlockFlow {HTML} at (0,0) size 800x600
    LayoutBlockFlow {BODY} at (8,8) size 784x584
layer at (8,8) size 784x100 clip at (8,8) size 769x100 scrollY 50.00 scrollHeight 168
  LayoutBlockFlow {DIV} at (0,0) size 784x100
    LayoutBlockFlow {DIV} at (0,50) size 769x100
      LayoutBlockFlow {DIV} at (0,0) size 100x100
      LayoutBR {BR} at (100,100) size 0x0
    LayoutBlockFlow (anonymous) at (0,150) size 769x18
      LayoutText {#text} at (0,0) size 4x18
        text run at (0,0) width 4: " "
