layer at (0,0) size 800x600 clip at (0,0) size 785x600 scrollHeight 838
  LayoutView at (0,0) size 800x600
layer at (0,0) size 785x838 backgroundClip at (0,0) size 785x600 clip at (0,0) size 785x600
  LayoutBlockFlow {HTML} at (0,0) size 785x838
    LayoutBlockFlow {BODY} at (8,8) size 769x822
      LayoutBlockFlow (anonymous) at (0,0) size 769x20
        LayoutText {#text} at (0,0) size 77x19
          text run at (0,0) width 77: "Text outside."
layer at (8,28) size 702x802 backgroundClip at (8,28) size 702x572 clip at (9,29) size 685x571 scrollHeight 1154
  LayoutBlockFlow {DIV} at (0,20) size 702x802 [border: (1px solid #000000)]
    LayoutBlockFlow {P} at (1,17) size 685x132
      LayoutText {#text} at (0,7) size 667x118
        text run at (0,7) width 655: "Lorem ipsum dolor sit amet, consectetur adipisicing elit, sed do eiusmod tempor incididunt ut labore et dolore"
        text run at (0,40) width 667: "magna aliqua. Ut enim ad minim veniam, quis nostrud exercitation ullamco laboris nisi ut aliquip ex ea commodo"
        text run at (0,73) width 640: "consequat. Duis aute irure dolor in reprehenderit in voluptate velit esse cillum dolore eu fugiat nulla pariatur."
        text run at (0,106) width 642: "Excepteur sint occaecat cupidatat non proident, sunt in culpa qui officia deserunt mollit anim id est laborum."
    LayoutBlockFlow {P} at (1,197) size 685x132
      LayoutText {#text} at (0,7) size 667x118
        text run at (0,7) width 655: "Lorem ipsum dolor sit amet, consectetur adipisicing elit, sed do eiusmod tempor incididunt ut labore et dolore"
        text run at (0,40) width 667: "magna aliqua. Ut enim ad minim veniam, quis nostrud exercitation ullamco laboris nisi ut aliquip ex ea commodo"
        text run at (0,73) width 640: "consequat. Duis aute irure dolor in reprehenderit in voluptate velit esse cillum dolore eu fugiat nulla pariatur."
        text run at (0,106) width 642: "Excepteur sint occaecat cupidatat non proident, sunt in culpa qui officia deserunt mollit anim id est laborum."
    LayoutBlockFlow {P} at (1,795) size 685x132
      LayoutText {#text} at (0,7) size 667x118
        text run at (0,7) width 655: "Lorem ipsum dolor sit amet, consectetur adipisicing elit, sed do eiusmod tempor incididunt ut labore et dolore"
        text run at (0,40) width 667: "magna aliqua. Ut enim ad minim veniam, quis nostrud exercitation ullamco laboris nisi ut aliquip ex ea commodo"
        text run at (0,73) width 640: "consequat. Duis aute irure dolor in reprehenderit in voluptate velit esse cillum dolore eu fugiat nulla pariatur."
        text run at (0,106) width 642: "Excepteur sint occaecat cupidatat non proident, sunt in culpa qui officia deserunt mollit anim id est laborum."
    LayoutBlockFlow {P} at (1,975) size 685x132
      LayoutText {#text} at (0,7) size 667x118
        text run at (0,7) width 655: "Lorem ipsum dolor sit amet, consectetur adipisicing elit, sed do eiusmod tempor incididunt ut labore et dolore"
        text run at (0,40) width 667: "magna aliqua. Ut enim ad minim veniam, quis nostrud exercitation ullamco laboris nisi ut aliquip ex ea commodo"
        text run at (0,73) width 640: "consequat. Duis aute irure dolor in reprehenderit in voluptate velit esse cillum dolore eu fugiat nulla pariatur."
        text run at (0,106) width 642: "Excepteur sint occaecat cupidatat non proident, sunt in culpa qui officia deserunt mollit anim id est laborum."
layer at (19,405) size 602x402 backgroundClip at (19,405) size 602x195 clip at (20,406) size 585x194 scrollHeight 442
  LayoutBlockFlow {DIV} at (11,377) size 602x402 [border: (1px solid #000000)]
    LayoutBlockFlow {P} at (1,17) size 585x165
      LayoutText {#text} at (0,7) size 585x151
        text run at (0,7) width 555: "Lorem ipsum dolor sit amet, consectetur adipisicing elit, sed do eiusmod tempor incididunt ut"
        text run at (0,40) width 585: "labore et dolore magna aliqua. Ut enim ad minim veniam, quis nostrud exercitation ullamco laboris"
        text run at (0,73) width 573: "nisi ut aliquip ex ea commodo consequat. Duis aute irure dolor in reprehenderit in voluptate velit"
        text run at (0,106) width 577: "esse cillum dolore eu fugiat nulla pariatur. Excepteur sint occaecat cupidatat non proident, sunt in"
        text run at (0,139) width 310: "culpa qui officia deserunt mollit anim id est laborum."
    LayoutBlockFlow {P} at (1,230) size 585x165
      LayoutText {#text} at (0,7) size 585x151
        text run at (0,7) width 555: "Lorem ipsum dolor sit amet, consectetur adipisicing elit, sed do eiusmod tempor incididunt ut"
        text run at (0,40) width 585: "labore et dolore magna aliqua. Ut enim ad minim veniam, quis nostrud exercitation ullamco laboris"
        text run at (0,73) width 573: "nisi ut aliquip ex ea commodo consequat. Duis aute irure dolor in reprehenderit in voluptate velit"
        text run at (0,106) width 577: "esse cillum dolore eu fugiat nulla pariatur. Excepteur sint occaecat cupidatat non proident, sunt in"
        text run at (0,139) width 310: "culpa qui officia deserunt mollit anim id est laborum."
