layer at (0,0) size 800x600
  LayoutView at (0,0) size 800x600
layer at (0,0) size 800x52
  LayoutBlockFlow {HTML} at (0,0) size 800x52
    LayoutBlockFlow {BODY} at (8,16) size 784x20
      LayoutBlockFlow {P} at (0,0) size 784x20
        LayoutText {#text} at (0,0) size 445x19
          text run at (0,0) width 445: "You should see a green box under the video. If you see red, the test failed."
layer at (8,52) size 132x222 clip at (9,53) size 130x220 scrollHeight 225
  LayoutBlockFlow (positioned) {DIV} at (8,52) size 132x222 [bgcolor=#FFFFFF] [border: (1px solid #000000)]
    LayoutBlockFlow (anonymous) at (11,11) size 110x105
      LayoutText {#text} at (0,0) size 0x0
    LayoutBlockFlow {DIV} at (11,116) size 100x100 [bgcolor=#FF0000]
layer at (19,63) size 100x100
  LayoutVideo {VIDEO} at (0,0) size 100x100 [bgcolor=#000000]
layer at (19,63) size 100x100
  LayoutFlexibleBox (relative positioned) {DIV} at (0,0) size 100x100
    LayoutBlockFlow {DIV} at (50,0) size 0x0
    LayoutFlexibleBox {DIV} at (0,0) size 100x100
layer at (19,168) size 100x100
  LayoutBlockFlow (relative positioned) {DIV} at (11,116) size 100x100 [bgcolor=#008000]
