layer at (0,0) size 800x600 clip at (0,0) size 785x585 scrollX 31.00 scrollY 239.00 scrollWidth 816 scrollHeight 824
  LayoutView at (0,0) size 800x600
layer at (0,0) size 785x824 backgroundClip at (0,0) size 785x585 clip at (0,0) size 785x585
  LayoutBlockFlow {HTML} at (0,0) size 785x824
    LayoutBlockFlow {BODY} at (8,8) size 769x808
layer at (8,8) size 808x808 backgroundClip at (8,8) size 777x577 clip at (12,12) size 773x573 scrollWidth 2000 scrollHeight 2000
  LayoutBlockFlow {DIV} at (0,0) size 808x808 [bgcolor=#808080] [border: (4px solid #FF0000)]
layer at (12,12) size 2000x2000 backgroundClip at (12,12) size 773x573 clip at (12,12) size 773x573
  LayoutBlockFlow (positioned) {DIV} at (4,4) size 2000x2000 [bgcolor=#FFEFD5]
    LayoutText {#text} at (0,0) size 117x19
      text run at (0,0) width 117: "There's stuff in here"
layer at (12,12) size 50x50
  LayoutBlockFlow (positioned) {DIV} at (4,4) size 50x50 [bgcolor=#800000]
layer at (12,712) size 100x100 backgroundClip at (12,12) size 773x573 clip at (12,12) size 773x573
  LayoutBlockFlow (positioned) {DIV} at (4,704) size 100x100 [bgcolor=#FFA500]
layer at (-48,82) size 100x100 backgroundClip at (12,12) size 773x573 clip at (12,12) size 773x573
  LayoutBlockFlow (positioned) {DIV} at (-56,74) size 100x100 [bgcolor=#008000]
layer at (132,712) size 100x100 backgroundClip at (12,12) size 773x573 clip at (12,12) size 773x573
  LayoutBlockFlow (positioned) {DIV} at (124,704) size 100x100 [bgcolor=#0000FF]
layer at (762,12) size 100x100 backgroundClip at (12,12) size 773x573 clip at (12,12) size 773x573
  LayoutBlockFlow (positioned) {DIV} at (754,4) size 100x100 [bgcolor=#FFFF00]
layer at (92,312) size 100x100
  LayoutBlockFlow (positioned) {DIV} at (84,304) size 100x100
layer at (32,412) size 100x100
  LayoutBlockFlow (positioned) {DIV} at (24,404) size 100x100 [bgcolor=#FF0000]
layer at (762,762) size 50x50 backgroundClip at (12,12) size 773x573 clip at (12,12) size 773x573
  LayoutBlockFlow (positioned) {DIV} at (754,754) size 50x50 [bgcolor=#800080]
scrolled to 31,239
