layer at (0,0) size 800x600
  LayoutView at (0,0) size 800x600
layer at (0,0) size 800x600
  LayoutBlockFlow {HTML} at (0,0) size 800x600
    LayoutBlockFlow {BODY} at (8,8) size 784x584
      LayoutTable {TABLE} at (0,0) size 141x52
        LayoutTableSection {TBODY} at (0,0) size 141x52
          LayoutTableRow {TR} at (0,2) size 141x48
            LayoutTableCell {TD} at (2,2) size 137x48 [r=0 c=0 rs=1 cs=1]
              LayoutBlockFlow (anonymous) at (1,1) size 135x0
                LayoutInline {SPAN} at (0,0) size 0x0
                  LayoutText {#text} at (0,0) size 0x0
                  LayoutInline {SPAN} at (0,0) size 0x0
                    LayoutText {#text} at (0,0) size 0x0
                    LayoutText {#text} at (0,0) size 0x0
              LayoutBlockFlow (anonymous) at (1,1) size 135x46
                LayoutTable {TABLE} at (0,0) size 135x46
                  LayoutTableSection {TBODY} at (0,0) size 135x46
                    LayoutTableRow {TR} at (0,2) size 135x42
                      LayoutTableCell {TD} at (2,2) size 131x42 [r=0 c=0 rs=1 cs=1]
                        LayoutTable (floating) {TABLE} at (1,1) size 129x40
                          LayoutTableSection {TBODY} at (0,0) size 129x40
                            LayoutTableRow {TR} at (0,2) size 129x36
                              LayoutTableCell {TD} at (2,2) size 125x36 [r=0 c=0 rs=1 cs=1]
                                LayoutBlockFlow {FORM} at (1,1) size 123x18
                                  LayoutButton {INPUT} at (0,0) size 122.20x18 [bgcolor=#C0C0C0]
                                    LayoutBlockFlow (anonymous) at (8,2) size 106.20x13
                                      LayoutText {#text} at (0,0) size 107x13
                                        text run at (0,0) width 107: "ApplyForThisPosition"
                                  LayoutText {#text} at (0,0) size 0x0
              LayoutBlockFlow (anonymous) at (1,47) size 135x0
                LayoutInline {SPAN} at (0,0) size 0x0
                  LayoutInline {SPAN} at (0,0) size 0x0
                  LayoutText {#text} at (0,0) size 0x0
                LayoutText {#text} at (0,0) size 0x0
