layer at (0,0) size 800x600
  LayoutView at (0,0) size 800x600
layer at (0,0) size 800x600
  LayoutBlockFlow {HTML} at (0,0) size 800x600
    LayoutBlockFlow {BODY} at (8,8) size 784x584
      LayoutTable {TABLE} at (192,0) size 400x44 [border: (1px outset #808080)]
        LayoutTableSection {TBODY} at (1,1) size 398x42
          LayoutTableRow {TR} at (0,2) size 398x38
            LayoutTableCell {TD} at (2,2) size 394x38 [border: (1px inset #808080)] [r=0 c=0 rs=1 cs=1]
              LayoutBlockFlow {FORM} at (2,2) size 390x18
                LayoutMenuList {SELECT} at (0,0) size 52x18 [bgcolor=#F8F8F8]
                  LayoutBlockFlow (anonymous) at (0,0) size 52x18
                    LayoutText (anonymous) at (8,2) size 21x13
                      text run at (8,2) width 21: "Test"
                LayoutText {#text} at (0,0) size 0x0
