layer at (0,0) size 800x600 clip at (0,0) size 785x600 scrollHeight 2582
  LayoutView at (0,0) size 800x600
layer at (0,0) size 785x2582 backgroundClip at (0,0) size 785x600 clip at (0,0) size 785x600
  LayoutBlockFlow {HTML} at (0,0) size 785x2582.22
    LayoutBlockFlow {BODY} at (8,21.44) size 769x2544.78 [bgcolor=#FFFFFF]
      LayoutBlockFlow {H1} at (0,0) size 769x37
        LayoutText {#text} at (0,0) size 361x37
          text run at (0,0) width 361: "Table Inheritance Tests - 1"
      LayoutBlockFlow {P} at (0,58.44) size 769x18
        LayoutText {#text} at (0,0) size 397x18
          text run at (0,0) width 397: "If you have any comments to make regarding this test, e-mail "
        LayoutInline {A} at (0,0) size 186x18 [color=#0000EE]
          LayoutText {#text} at (396,0) size 186x18
            text run at (396,0) width 186: "py8ieh=eviltests@bath.ac.uk"
        LayoutText {#text} at (581,0) size 5x18
          text run at (581,0) width 5: "."
      LayoutBlockFlow {DL} at (0,92.44) size 769x36
        LayoutBlockFlow {DT} at (0,0) size 769x18
          LayoutText {#text} at (0,0) size 83x18
            text run at (0,0) width 83: "Prerequisites"
        LayoutBlockFlow {DD} at (40,18) size 729x18
          LayoutText {#text} at (0,0) size 560x18
            text run at (0,0) width 560: "Browsers that are subjected to this test should support CSS1 and the CSS2 table model."
      LayoutBlockFlow {H2} at (0,148.34) size 769x28
        LayoutText {#text} at (0,0) size 104x28
          text run at (0,0) width 104: "0. Control"
      LayoutBlockFlow {P} at (0,196.25) size 769x18
        LayoutText {#text} at (0,0) size 410x18
          text run at (0,0) width 410: "The following four tests should look identical, namely, like this:"
      LayoutBlockFlow {DIV} at (0,230.25) size 769x74 [color=#FFFFFF] [bgcolor=#000000]
        LayoutText {#text} at (0,0) size 761x74
          text run at (0,0) width 761: "This text should be white on black, bold, twice the"
          text run at (0,37) width 523: "size of normal text, and sans serif."
      LayoutBlockFlow {P} at (0,320.25) size 769x72
        LayoutText {#text} at (0,0) size 768x72
          text run at (0,0) width 756: "There are some minor exceptions, however. The x.1 tests should fill the viewport width, the other tests need not. Also,"
          text run at (0,18) width 766: "browsers attempting to have backwards compatability with the buggy behaviour of legacy browsers may omit to inherit"
          text run at (0,36) width 768: "the color and font-size in 1.1, which will make 1.1 (but only 1.1) unreadable. That is the problem with not following the"
          text run at (0,54) width 39: "specs."
      LayoutBlockFlow {H2} at (0,412.16) size 769x28
        LayoutText {#text} at (0,0) size 170x28
          text run at (0,0) width 170: "1. HTML Tables"
      LayoutBlockFlow {H3} at (0,460.06) size 769x22
        LayoutText {#text} at (0,0) size 243x22
          text run at (0,0) width 243: "1.1 Inheritance through a DIV"
      LayoutBlockFlow {DIV} at (0,500.78) size 769x80 [color=#FFFFFF] [bgcolor=#000000]
        LayoutTable {TABLE} at (0,0) size 769x80
          LayoutTableSection {TBODY} at (0,0) size 769x80
            LayoutTableRow {TR} at (0,2) size 769x76
              LayoutTableCell {TD} at (2,2) size 765x76 [r=0 c=0 rs=1 cs=1]
                LayoutText {#text} at (1,1) size 761x74
                  text run at (1,1) width 761: "This text should be white on black, bold, twice the"
                  text run at (1,38) width 523: "size of normal text, and sans serif."
      LayoutBlockFlow {H3} at (0,599.50) size 769x22
        LayoutText {#text} at (0,0) size 259x22
          text run at (0,0) width 259: "1.2 Styles set directly on TABLE"
      LayoutTable {TABLE} at (0,640.22) size 769x80 [color=#FFFFFF] [bgcolor=#000000]
        LayoutTableSection {TBODY} at (0,0) size 769x80
          LayoutTableRow {TR} at (0,2) size 769x76
            LayoutTableCell {TD} at (2,2) size 765x76 [r=0 c=0 rs=1 cs=1]
              LayoutText {#text} at (1,1) size 761x74
                text run at (1,1) width 761: "This text should be white on black, bold, twice the"
                text run at (1,38) width 523: "size of normal text, and sans serif."
      LayoutBlockFlow {H2} at (0,740.13) size 769x28
        LayoutText {#text} at (0,0) size 226x28
          text run at (0,0) width 226: "2. Explicit CSS Tables"
      LayoutBlockFlow {H3} at (0,788.03) size 769x22
        LayoutText {#text} at (0,0) size 243x22
          text run at (0,0) width 243: "2.1 Inheritance through a DIV"
      LayoutBlockFlow {DIV} at (0,828.75) size 769x74 [color=#FFFFFF] [bgcolor=#000000]
        LayoutTable {DIV} at (0,0) size 769x74
          LayoutTableSection (anonymous) at (0,0) size 769x74
            LayoutTableRow {DIV} at (0,0) size 769x74
              LayoutTableCell {DIV} at (0,0) size 769x74 [r=0 c=0 rs=1 cs=1]
                LayoutText {#text} at (0,0) size 761x74
                  text run at (0,0) width 761: "This text should be white on black, bold, twice the"
                  text run at (0,37) width 523: "size of normal text, and sans serif."
      LayoutBlockFlow {H3} at (0,921.47) size 769x22
        LayoutText {#text} at (0,0) size 259x22
          text run at (0,0) width 259: "2.2 Styles set directly on TABLE"
      LayoutTable {DIV} at (0,962.19) size 769x74 [color=#FFFFFF] [bgcolor=#000000]
        LayoutTableSection (anonymous) at (0,0) size 769x74
          LayoutTableRow {DIV} at (0,0) size 769x74
            LayoutTableCell {DIV} at (0,0) size 769x74 [r=0 c=0 rs=1 cs=1]
              LayoutText {#text} at (0,0) size 761x74
                text run at (0,0) width 761: "This text should be white on black, bold, twice the"
                text run at (0,37) width 523: "size of normal text, and sans serif."
      LayoutBlockFlow {H3} at (0,1054.91) size 769x22
        LayoutText {#text} at (0,0) size 243x22
          text run at (0,0) width 243: "2.3 Styles set directly on ROW"
      LayoutTable {DIV} at (0,1095.63) size 769x74
        LayoutTableSection (anonymous) at (0,0) size 769x74
          LayoutTableRow {DIV} at (0,0) size 769x74 [color=#FFFFFF] [bgcolor=#000000]
            LayoutTableCell {DIV} at (0,0) size 769x74 [r=0 c=0 rs=1 cs=1]
              LayoutText {#text} at (0,0) size 761x74
                text run at (0,0) width 761: "This text should be white on black, bold, twice the"
                text run at (0,37) width 523: "size of normal text, and sans serif."
      LayoutBlockFlow {H3} at (0,1188.34) size 769x22
        LayoutText {#text} at (0,0) size 248x22
          text run at (0,0) width 248: "2.4 Styles set directly on CELL"
      LayoutTable {DIV} at (0,1229.06) size 769x74
        LayoutTableSection (anonymous) at (0,0) size 769x74
          LayoutTableRow {DIV} at (0,0) size 769x74
            LayoutTableCell {DIV} at (0,0) size 769x74 [color=#FFFFFF] [bgcolor=#000000] [r=0 c=0 rs=1 cs=1]
              LayoutText {#text} at (0,0) size 761x74
                text run at (0,0) width 761: "This text should be white on black, bold, twice the"
                text run at (0,37) width 523: "size of normal text, and sans serif."
      LayoutBlockFlow {H2} at (0,1322.97) size 769x28
        LayoutText {#text} at (0,0) size 381x28
          text run at (0,0) width 381: "3. Implicit CSS Tables (table explicit)"
      LayoutBlockFlow {H3} at (0,1370.88) size 769x22
        LayoutText {#text} at (0,0) size 243x22
          text run at (0,0) width 243: "3.1 Inheritance through a DIV"
      LayoutBlockFlow {DIV} at (0,1411.59) size 769x74 [color=#FFFFFF] [bgcolor=#000000]
        LayoutTable {DIV} at (0,0) size 769x74
          LayoutTableSection (anonymous) at (0,0) size 769x74
            LayoutTableRow (anonymous) at (0,0) size 769x74
              LayoutTableCell (anonymous) at (0,0) size 769x74 [r=0 c=0 rs=1 cs=1]
                LayoutText {#text} at (0,0) size 761x74
                  text run at (0,0) width 761: "This text should be white on black, bold, twice the"
                  text run at (0,37) width 523: "size of normal text, and sans serif."
      LayoutBlockFlow {H3} at (0,1504.31) size 769x22
        LayoutText {#text} at (0,0) size 259x22
          text run at (0,0) width 259: "3.2 Styles set directly on TABLE"
      LayoutTable {DIV} at (0,1545.03) size 769x74 [color=#FFFFFF] [bgcolor=#000000]
        LayoutTableSection (anonymous) at (0,0) size 769x74
          LayoutTableRow (anonymous) at (0,0) size 769x74
            LayoutTableCell (anonymous) at (0,0) size 769x74 [r=0 c=0 rs=1 cs=1]
              LayoutText {#text} at (0,0) size 761x74
                text run at (0,0) width 761: "This text should be white on black, bold, twice the"
                text run at (0,37) width 523: "size of normal text, and sans serif."
      LayoutBlockFlow {H2} at (0,1638.94) size 769x28
        LayoutText {#text} at (0,0) size 370x28
          text run at (0,0) width 370: "4. Implicit CSS Tables (row explicit)"
      LayoutBlockFlow {H3} at (0,1686.84) size 769x22
        LayoutText {#text} at (0,0) size 243x22
          text run at (0,0) width 243: "4.1 Inheritance through a DIV"
      LayoutBlockFlow {DIV} at (0,1727.56) size 769x74 [color=#FFFFFF] [bgcolor=#000000]
        LayoutTable (anonymous) at (0,0) size 769x74
          LayoutTableSection (anonymous) at (0,0) size 769x74
            LayoutTableRow {DIV} at (0,0) size 769x74
              LayoutTableCell (anonymous) at (0,0) size 769x74 [r=0 c=0 rs=1 cs=1]
                LayoutText {#text} at (0,0) size 761x74
                  text run at (0,0) width 761: "This text should be white on black, bold, twice the"
                  text run at (0,37) width 523: "size of normal text, and sans serif."
      LayoutBlockFlow {H3} at (0,1820.28) size 769x22
        LayoutText {#text} at (0,0) size 243x22
          text run at (0,0) width 243: "4.2 Styles set directly on ROW"
      LayoutTable (anonymous) at (0,1861) size 769x74
        LayoutTableSection (anonymous) at (0,0) size 769x74
          LayoutTableRow {DIV} at (0,0) size 769x74 [color=#FFFFFF] [bgcolor=#000000]
            LayoutTableCell (anonymous) at (0,0) size 769x74 [r=0 c=0 rs=1 cs=1]
              LayoutText {#text} at (0,0) size 761x74
                text run at (0,0) width 761: "This text should be white on black, bold, twice the"
                text run at (0,37) width 523: "size of normal text, and sans serif."
      LayoutBlockFlow {H2} at (0,1954.91) size 769x28
        LayoutText {#text} at (0,0) size 365x28
          text run at (0,0) width 365: "5. Implicit CSS Tables (cell explicit)"
      LayoutBlockFlow {H3} at (0,2002.81) size 769x22
        LayoutText {#text} at (0,0) size 243x22
          text run at (0,0) width 243: "5.1 Inheritance through a DIV"
      LayoutBlockFlow {DIV} at (0,2043.53) size 769x74 [color=#FFFFFF] [bgcolor=#000000]
        LayoutTable (anonymous) at (0,0) size 769x74
          LayoutTableSection (anonymous) at (0,0) size 769x74
            LayoutTableRow (anonymous) at (0,0) size 769x74
              LayoutTableCell {DIV} at (0,0) size 769x74 [r=0 c=0 rs=1 cs=1]
                LayoutText {#text} at (0,0) size 761x74
                  text run at (0,0) width 761: "This text should be white on black, bold, twice the"
                  text run at (0,37) width 523: "size of normal text, and sans serif."
      LayoutBlockFlow {H3} at (0,2136.25) size 769x22
        LayoutText {#text} at (0,0) size 248x22
          text run at (0,0) width 248: "5.2 Styles set directly on CELL"
      LayoutTable (anonymous) at (0,2176.97) size 769x74
        LayoutTableSection (anonymous) at (0,0) size 769x74
          LayoutTableRow (anonymous) at (0,0) size 769x74
            LayoutTableCell {DIV} at (0,0) size 769x74 [color=#FFFFFF] [bgcolor=#000000] [r=0 c=0 rs=1 cs=1]
              LayoutText {#text} at (0,0) size 761x74
                text run at (0,0) width 761: "This text should be white on black, bold, twice the"
                text run at (0,37) width 523: "size of normal text, and sans serif."
      LayoutBlockFlow {H2} at (0,2270.88) size 769x28
        LayoutText {#text} at (0,0) size 156x28
          text run at (0,0) width 156: "Submit Results"
      LayoutBlockFlow {FORM} at (0,2318.78) size 769x38
        LayoutBlockFlow {P} at (0,0) size 769x38
          LayoutText {#text} at (0,0) size 267x18
            text run at (0,0) width 267: "How does your browser fare on this test? "
          LayoutMenuList {SELECT} at (266.59,1) size 443x18 [bgcolor=#F8F8F8]
            LayoutBlockFlow (anonymous) at (0,0) size 443x18
              LayoutText (anonymous) at (8,2) size 412x13
                text run at (8,2) width 412: "The tests all render identically, and this browser may or may not grok CSS2 tables."
          LayoutText {#text} at (0,0) size 0x0
          LayoutInline {LABEL} at (0,0) size 203x18
            LayoutText {#text} at (0,19) size 72x18
              text run at (0,19) width 72: "Comment: "
            LayoutTextControl {INPUT} at (71.55,19) size 131x19 [bgcolor=#FFFFFF] [border: (2px inset #EEEEEE)]
          LayoutText {#text} at (202,19) size 5x18
            text run at (202,19) width 5: " "
          LayoutButton {INPUT} at (206.55,20) size 51.64x18 [bgcolor=#C0C0C0]
            LayoutBlockFlow (anonymous) at (8,2) size 35.64x13
              LayoutText {#text} at (0,0) size 36x13
                text run at (0,0) width 36: "Submit"
          LayoutText {#text} at (0,0) size 0x0
      LayoutBlockFlow {HR} at (0,2372.78) size 769x2 [border: (1px inset #EEEEEE)]
      LayoutBlockFlow {P} at (0,2390.78) size 769x18
        LayoutText {#text} at (0,0) size 64x18
          text run at (0,0) width 64: "Up to the "
        LayoutInline {A} at (0,0) size 73x18 [color=#0000EE]
          LayoutText {#text} at (63,0) size 73x18
            text run at (63,0) width 73: "Table Tests"
        LayoutText {#text} at (135,0) size 5x18
          text run at (135,0) width 5: "."
      LayoutBlockFlow {P} at (0,2424.78) size 769x18
        LayoutText {#text} at (0,0) size 64x18
          text run at (0,0) width 64: "Up to the "
        LayoutInline {A} at (0,0) size 99x18 [color=#0000EE]
          LayoutText {#text} at (63,0) size 99x18
            text run at (63,0) width 99: "Evil Tests Page"
        LayoutText {#text} at (161,0) size 5x18
          text run at (161,0) width 5: "."
      LayoutBlockFlow {P} at (0,2458.78) size 769x18
        LayoutText {#text} at (0,0) size 63x18
          text run at (0,0) width 63: "Bugzilla: "
        LayoutInline {A} at (0,0) size 64x18 [color=#0000EE]
          LayoutText {#text} at (62,0) size 64x18
            text run at (62,0) width 64: "Bug 1044"
      LayoutBlockFlow {P} at (0,2492.78) size 769x18
        LayoutText {#text} at (0,0) size 177x18
          text run at (0,0) width 177: "This page is maintained by "
        LayoutInline {A} at (0,0) size 79x18 [color=#0000EE]
          LayoutText {#text} at (176,0) size 79x18
            text run at (176,0) width 79: "Ian Hickson"
        LayoutText {#text} at (254,0) size 10x18
          text run at (254,0) width 10: " ("
        LayoutInline {A} at (0,0) size 125x18 [color=#0000EE]
          LayoutText {#text} at (263,0) size 125x18
            text run at (263,0) width 125: "py8ieh@bath.ac.uk"
        LayoutText {#text} at (387,0) size 10x18
          text run at (387,0) width 10: ")."
      LayoutBlockFlow {P} at (0,2526.78) size 769x18
        LayoutText {#text} at (0,0) size 185x18
          text run at (0,0) width 185: "Last updated in March 1999."
layer at (83,2362) size 125x13 backgroundClip at (0,0) size 0x0 clip at (0,0) size 0x0
  LayoutBlockFlow {DIV} at (3,3) size 125x13
