layer at (0,0) size 800x600
  LayoutView at (0,0) size 800x600
layer at (0,0) size 800x600
  LayoutBlockFlow {HTML} at (0,0) size 800x600
    LayoutBlockFlow {BODY} at (8,8) size 784x576
      LayoutTable {TABLE} at (0,0) size 66x46
        LayoutTableSection {THEAD} at (0,0) size 66x24
          LayoutTableRow {TR} at (0,2) size 66x20
            LayoutTableCell {TD} at (2,2) size 62x20 [r=0 c=0 rs=1 cs=1]
              LayoutText {#text} at (1,1) size 60x18
                text run at (1,1) width 60: "The head"
        LayoutTableSection {TBODY} at (0,24) size 66x22
          LayoutTableRow {TR} at (0,0) size 66x20
            LayoutTableCell {TD} at (2,0) size 62x20 [r=0 c=0 rs=1 cs=1]
              LayoutText {#text} at (1,1) size 59x18
                text run at (1,1) width 59: "First row"
      LayoutBlockFlow {FORM} at (0,46) size 784x18
        LayoutButton {INPUT} at (0,0) size 43.55x18 [bgcolor=#C0C0C0]
          LayoutBlockFlow (anonymous) at (8,2) size 27.55x13
            LayoutText {#text} at (0,0) size 28x13
              text run at (0,0) width 28: "insert"
        LayoutText {#text} at (0,0) size 0x0
