layer at (0,0) size 800x600
  LayoutView at (0,0) size 800x600
layer at (0,0) size 800x600
  LayoutBlockFlow {HTML} at (0,0) size 800x600
    LayoutBlockFlow {BODY} at (8,8) size 784x576 [bgcolor=#FFFFFF]
      LayoutBlockFlow {FORM} at (0,0) size 784x24
        LayoutTable {TABLE} at (0,0) size 784x24
          LayoutTableSection {TBODY} at (0,0) size 784x24
            LayoutTableRow {TR} at (0,2) size 784x20 [bgcolor=#FFFFFF]
              LayoutTableCell {TD} at (2,2) size 64x20 [r=0 c=0 rs=1 cs=1]
                LayoutButton {INPUT} at (1.33,1) size 61.34x18 [bgcolor=#C0C0C0]
                  LayoutBlockFlow (anonymous) at (8,2) size 45.34x13
                    LayoutText {#text} at (0,0) size 46x13
                      text run at (0,0) width 46: "Select all"
              LayoutTableCell {TD} at (68,2) size 50x20 [r=0 c=1 rs=1 cs=1]
                LayoutButton {INPUT} at (1.05,1) size 47.89x18 [bgcolor=#C0C0C0]
                  LayoutBlockFlow (anonymous) at (8,2) size 31.89x13
                    LayoutText {#text} at (0,0) size 32x13
                      text run at (0,0) width 32: "Delete"
              LayoutTableCell {TD} at (120,2) size 79x20 [r=0 c=2 rs=1 cs=1]
                LayoutButton {INPUT} at (1.36,1) size 76.27x18 [bgcolor=#C0C0C0]
                  LayoutBlockFlow (anonymous) at (8,2) size 60.27x13
                    LayoutText {#text} at (0,0) size 61x13
                      text run at (0,0) width 61: "Empty trash"
              LayoutTableCell {TD} at (201,2) size 408x20 [r=0 c=3 rs=1 cs=1]
                LayoutText {#text} at (1,1) size 4x18
                  text run at (1,1) width 4: " "
              LayoutTableCell {TD} at (611,2) size 62x20 [r=0 c=4 rs=1 cs=1]
                LayoutButton {INPUT} at (1.05,1) size 59.91x18 [bgcolor=#C0C0C0]
                  LayoutBlockFlow (anonymous) at (8,2) size 43.91x13
                    LayoutText {#text} at (0,0) size 44x13
                      text run at (0,0) width 44: "Move to:"
              LayoutTableCell {TD} at (675,2) size 107x20 [r=0 c=5 rs=1 cs=1]
                LayoutMenuList {SELECT} at (1,1) size 105x18 [bgcolor=#F8F8F8]
                  LayoutBlockFlow (anonymous) at (0,0) size 105x18
                    LayoutText (anonymous) at (8,2) size 74x13
                      text run at (8,2) width 74: "Choose folder "
                LayoutText {#text} at (0,0) size 0x0
