layer at (0,0) size 800x600
  LayoutView at (0,0) size 800x600
layer at (0,0) size 800x600
  LayoutBlockFlow {HTML} at (0,0) size 800x600
    LayoutBlockFlow {BODY} at (8,8) size 784x576
      LayoutBlockFlow {FORM} at (0,0) size 784x46
        LayoutTable {TABLE} at (0,0) size 32x28 [border: (1px outset #808080)]
          LayoutTableSection {TBODY} at (1,1) size 30x26
            LayoutTableRow {TR} at (0,2) size 30x22
              LayoutTableCell {TD} at (2,2) size 26x22 [border: (1px inset #808080)] [r=0 c=0 rs=1 cs=1]
                LayoutText {#text} at (2,2) size 22x18
                  text run at (2,2) width 22: "foo"
        LayoutBlockFlow (anonymous) at (0,28) size 784x18
          LayoutButton {INPUT} at (0,0) size 51.64x18 [bgcolor=#C0C0C0]
            LayoutBlockFlow (anonymous) at (8,2) size 35.64x13
              LayoutText {#text} at (0,0) size 36x13
                text run at (0,0) width 36: "Submit"
          LayoutText {#text} at (0,0) size 0x0
