layer at (0,0) size 800x600
  LayoutView at (0,0) size 800x600
layer at (0,0) size 800x600
  LayoutBlockFlow {HTML} at (0,0) size 800x600
    LayoutBlockFlow {BODY} at (8,8) size 784x584
      LayoutTable {TABLE} at (0,0) size 784x111 [bgcolor=#00FFFF] [border: (1px outset #808080)]
        LayoutTableSection {TBODY} at (1,1) size 782x109
          LayoutTableRow {TR} at (0,2) size 782x105
            LayoutTableCell {TD} at (2,2) size 453x105 [border: (1px inset #808080)] [r=0 c=0 rs=1 cs=1]
              LayoutTable {TABLE} at (2,2) size 449x101 [bgcolor=#FF00FF] [border: (1px outset #808080)]
                LayoutTableSection {TBODY} at (1,1) size 447x99
                  LayoutTableRow {TR} at (0,2) size 447x95
                    LayoutTableCell {TD} at (2,2) size 443x95 [border: (1px inset #808080)] [r=0 c=0 rs=1 cs=1]
                      LayoutText {#text} at (2,2) size 203x18
                        text run at (2,2) width 203: "Mozilla To Be Dually-Licensed"
                      LayoutBR {BR} at (204,16) size 1x0
                      LayoutText {#text} at (2,35) size 208x18
                        text run at (2,35) width 208: "Plans are underway to make the "
                      LayoutInline {FONT} at (0,0) size 101x37 [color=#0000FF]
                        LayoutText {#text} at (209,20) size 101x37
                          text run at (209,20) width 101: "Mozilla"
                      LayoutText {#text} at (309,35) size 404x58
                        text run at (309,35) width 97: " code available"
                        text run at (2,57) width 52: "under a "
                        text run at (53,57) width 157: "dual MPL/GPL license. "
                        text run at (209,57) width 181: "See the for more info. We're"
                        text run at (2,75) width 326: "gathering contributor input now, in the newsgroup."
                      LayoutBR {BR} at (327,89) size 1x0
            LayoutTableCell {TD} at (457,25) size 323x58 [border: (1px inset #808080)] [r=0 c=1 rs=1 cs=1]
              LayoutText {#text} at (2,2) size 319x54
                text run at (2,2) width 273: "This status update contains information on"
                text run at (2,20) width 319: "MailNews, XML/DOM, XPToolkit, Architecture,"
                text run at (2,38) width 205: "Bidi, Necko/Imglib, and more..."
      LayoutBlockFlow (anonymous) at (0,111) size 784x37
        LayoutBR {BR} at (0,0) size 0x18
        LayoutButton {INPUT} at (0,19) size 51.20x18 [bgcolor=#C0C0C0]
          LayoutBlockFlow (anonymous) at (8,2) size 35.20x13
            LayoutText {#text} at (0,0) size 36x13
              text run at (0,0) width 36: "Reload"
        LayoutText {#text} at (51,18) size 9x18
          text run at (51,18) width 9: "  "
        LayoutButton {INPUT} at (59.20,19) size 80.61x18 [bgcolor=#C0C0C0]
          LayoutBlockFlow (anonymous) at (8,2) size 64.61x13
            LayoutText {#text} at (0,0) size 65x13
              text run at (0,0) width 65: "Change Font"
        LayoutText {#text} at (139,18) size 9x18
          text run at (139,18) width 9: "  "
        LayoutTextControl {INPUT} at (147.81,18) size 131x19 [bgcolor=#FFFFFF] [border: (2px inset #EEEEEE)]
        LayoutText {#text} at (0,0) size 0x0
layer at (159,140) size 125x13
  LayoutBlockFlow {DIV} at (3,3) size 125x13
    LayoutText {#text} at (0,0) size 7x13
      text run at (0,0) width 7: "6"
