layer at (0,0) size 800x600
  LayoutView at (0,0) size 800x600
layer at (0,0) size 800x80
  LayoutBlockFlow {HTML} at (0,0) size 800x80
    LayoutBlockFlow {BODY} at (8,8) size 784x64
      LayoutBlockFlow {FORM} at (0,0) size 784x38
        LayoutButton {INPUT} at (0,1) size 144.55x18 [bgcolor=#C0C0C0]
          LayoutBlockFlow (anonymous) at (8,2) size 128.55x13
            LayoutText {#text} at (0,0) size 129x13
              text run at (0,0) width 129: "(1) Fill cell with long string"
        LayoutBR {BR} at (144,0) size 1x18
        LayoutButton {INPUT} at (0,20) size 148.48x18 [bgcolor=#C0C0C0]
          LayoutBlockFlow (anonymous) at (8,2) size 132.48x13
            LayoutText {#text} at (0,0) size 133x13
              text run at (0,0) width 133: "(2) Fill cell with short string"
        LayoutBR {BR} at (148,19) size 1x18
      LayoutTable {TABLE} at (0,38) size 83x26
        LayoutTableSection {TBODY} at (0,0) size 83x26
          LayoutTableRow {TR} at (0,2) size 83x22
            LayoutTableCell {TD} at (2,2) size 79x22 [border: (1px solid #000000)] [r=0 c=0 rs=1 cs=1]
              LayoutText {#text} at (2,2) size 15x18
                text run at (2,2) width 15: "aa"
