layer at (0,0) size 800x600
  LayoutView at (0,0) size 800x600
layer at (0,0) size 800x106
  LayoutBlockFlow {HTML} at (0,0) size 800x106
    LayoutBlockFlow {BODY} at (8,8) size 784x90
      LayoutBlockFlow {FORM} at (0,0) size 784x36
        LayoutButton {INPUT} at (0,0) size 239.20x18 [bgcolor=#C0C0C0]
          LayoutBlockFlow (anonymous) at (8,2) size 223.20x13
            LayoutText {#text} at (0,0) size 224x13
              text run at (0,0) width 224: "[Step 1] Set cell width to 60px (nothing seen)"
        LayoutButton {INPUT} at (0,18) size 242.92x18 [bgcolor=#C0C0C0]
          LayoutBlockFlow (anonymous) at (8,2) size 226.92x13
            LayoutText {#text} at (0,0) size 227x13
              text run at (0,0) width 227: "[Step 2] Set cell width to 20px (garbage seen)"
      LayoutTable {TABLE} at (0,36) size 34x54
        LayoutTableSection {TBODY} at (0,0) size 34x54
          LayoutTableRow {TR} at (0,2) size 34x24
            LayoutTableCell {TD} at (2,2) size 14x24 [border: (2px solid #000000)] [r=0 c=0 rs=1 cs=1]
              LayoutText {#text} at (3,3) size 8x18
                text run at (3,3) width 8: "1"
            LayoutTableCell {TD} at (18,2) size 14x24 [border: (2px solid #000000)] [r=0 c=1 rs=1 cs=1]
              LayoutText {#text} at (3,3) size 8x18
                text run at (3,3) width 8: "2"
          LayoutTableRow {TR} at (0,28) size 34x24
            LayoutTableCell {TD} at (2,28) size 14x24 [border: (2px solid #000000)] [r=1 c=0 rs=1 cs=1]
              LayoutText {#text} at (3,3) size 8x18
                text run at (3,3) width 8: "2"
            LayoutTableCell {TD} at (18,28) size 14x24 [border: (2px solid #000000)] [r=1 c=1 rs=1 cs=1]
              LayoutText {#text} at (3,3) size 8x18
                text run at (3,3) width 8: "2"
