layer at (0,0) size 800x600
  LayoutView at (0,0) size 800x600
layer at (0,0) size 800x206
  LayoutBlockFlow {HTML} at (0,0) size 800x206
    LayoutBlockFlow {BODY} at (8,16) size 784x174
      LayoutBlockFlow {P} at (0,0) size 784x18
        LayoutText {#text} at (0,0) size 627x18
          text run at (0,0) width 627: "The following square should contain exactly two bands, one yellow, one lime, with no red visible."
      LayoutTable {TABLE} at (0,34) size 106x106 [bgcolor=#FF0000] [border: (3px solid #000000)]
        LayoutTableSection {TBODY} at (3,3) size 100x100
          LayoutTableRow {TR} at (0,0) size 100x100
            LayoutTableCell {TD} at (0,0) size 50x100 [r=0 c=0 rs=1 cs=1]
              LayoutBlockFlow {DIV} at (0,0) size 50x50 [bgcolor=#FF0000]
                LayoutBlockFlow {DIV} at (0,0) size 50x50 [bgcolor=#FFFF00]
              LayoutBlockFlow {DIV} at (0,50) size 50x50 [bgcolor=#00FF00]
            LayoutTableCell {TD} at (50,0) size 50x100 [r=0 c=1 rs=1 cs=1]
              LayoutBlockFlow {DIV} at (0,0) size 50x50 [border: (50px solid #FFFF00) none]
              LayoutBlockFlow {DIV} at (0,50) size 50x50 [border: (50px solid #00FF00) none]
      LayoutBlockFlow {P} at (0,156) size 784x18
        LayoutText {#text} at (0,0) size 266x18
          text run at (0,0) width 266: "This test is meaningless if you don't pass "
        LayoutInline {A} at (0,0) size 51x18 [color=#0000EE]
          LayoutText {#text} at (265,0) size 51x18
            text run at (265,0) width 51: "test 018"
        LayoutText {#text} at (315,0) size 5x18
          text run at (315,0) width 5: "."
