layer at (0,0) size 800x600
  LayoutView at (0,0) size 800x600
layer at (0,0) size 800x106
  LayoutBlockFlow {HTML} at (0,0) size 800x106
    LayoutBlockFlow {BODY} at (8,16) size 784x82
      LayoutBlockFlow {P} at (0,0) size 784x18
        LayoutText {#text} at (0,0) size 194x18
          text run at (0,0) width 194: "There should be no red below."
      LayoutBlockFlow {DIV} at (0,34) size 784x48 [bgcolor=#FF0000] [border: (16px solid #00FF00) none (16px solid #00FF00) none]
        LayoutBlockFlow {DIV} at (0,16) size 784x16 [border: (16px solid #FF0000) none]
        LayoutBlockFlow {DIV} at (0,16) size 784x16 [border: (16px solid #00FF00) none]
