layer at (0,0) size 800x600
  LayoutView at (0,0) size 800x600
layer at (0,0) size 800x90
  LayoutBlockFlow {HTML} at (0,0) size 800x90
    LayoutBlockFlow {BODY} at (8,16) size 784x66
      LayoutBlockFlow {P} at (0,0) size 784x18
        LayoutText {#text} at (0,0) size 194x18
          text run at (0,0) width 194: "There should be no red below."
      LayoutBlockFlow {DIV} at (0,34) size 784x32 [bgcolor=#FF0000] [border: (16px solid #00FF00)]
        LayoutBlockFlow {DIV} at (16,16) size 752x0
          LayoutBlockFlow {DIV} at (0,0) size 752x0
          LayoutBlockFlow {DIV} at (0,0) size 752x0
        LayoutBlockFlow {DIV} at (16,16) size 752x0
          LayoutBlockFlow {DIV} at (0,0) size 752x0
          LayoutBlockFlow {DIV} at (0,0) size 752x0
