layer at (0,0) size 800x600
  LayoutView at (0,0) size 800x600
layer at (0,0) size 800x122
  LayoutBlockFlow {HTML} at (0,0) size 800x122
    LayoutBlockFlow {BODY} at (8,8) size 784x106
      LayoutBlockFlow (anonymous) at (0,0) size 784x18
        LayoutInline {DIV} at (0,0) size 528x16 [color=#FFFFFF] [bgcolor=#FF0000]
          LayoutText {#text} at (0,1) size 528x16
            text run at (0,1) width 528: "Ahem_font_required_for_this_test."
        LayoutText {#text} at (0,0) size 0x0
      LayoutBlockFlow {P} at (0,34) size 784x18
        LayoutText {#text} at (0,0) size 194x18
          text run at (0,0) width 194: "There should be no red below."
      LayoutBlockFlow {DIV} at (0,68) size 86x38 [bgcolor=#FF0000] [border: (3px solid #000000)]
        LayoutBlockFlow {P} at (3,3) size 80x0 [color=#00FF00]
          LayoutText {#text} at (0,0) size 80x16
            text run at (0,0) width 80: "XXXXX"
        LayoutBlockFlow {P} at (3,19) size 80x16 [bgcolor=#00FF00]
