layer at (0,0) size 800x600
  LayoutView at (0,0) size 800x600
layer at (0,0) size 800x260
  LayoutBlockFlow {HTML} at (0,0) size 800x260
    LayoutBlockFlow {BODY} at (8,8) size 784x212
      LayoutBlockFlow (anonymous) at (0,0) size 784x18
        LayoutInline {DIV} at (0,0) size 528x16 [color=#FFFFFF] [bgcolor=#FF0000]
          LayoutText {#text} at (0,1) size 528x16
            text run at (0,1) width 528: "Ahem_font_required_for_this_test."
        LayoutText {#text} at (0,0) size 0x0
      LayoutBlockFlow {P} at (0,34) size 784x18
        LayoutText {#text} at (0,0) size 288x18
          text run at (0,0) width 288: "There should be a big square green H below:"
      LayoutBlockFlow {DIV} at (40,92) size 120x120 [bgcolor=#008000]
        LayoutBlockFlow {DIV} at (40,0) size 40x40 [color=#FFFFFF]
          LayoutText {#text} at (0,0) size 40x40
            text run at (0,0) width 40: "X"
        LayoutBlockFlow {DIV} at (40,80) size 40x40 [color=#FFFFFF]
          LayoutText {#text} at (0,0) size 40x40
            text run at (0,0) width 40: "X"
