layer at (0,0) size 800x600
  LayoutView at (0,0) size 800x600
layer at (0,0) size 800x144
  LayoutBlockFlow {HTML} at (0,0) size 800x144
    LayoutBlockFlow {BODY} at (8,16) size 784x120
      LayoutBlockFlow {P} at (0,0) size 784x18
        LayoutText {#text} at (0,0) size 300x18
          text run at (0,0) width 300: "The following two squares should be identical."
      LayoutTable {TABLE} at (0,34) size 316x86
        LayoutTableSection {TBODY} at (0,0) size 316x86
          LayoutTableRow {TR} at (0,16) size 316x54
            LayoutTableCell {TD} at (16,16) size 134x54 [bgcolor=#00FF00] [border: (3px solid #000000)] [r=0 c=0 rs=1 cs=1]
              LayoutBlockFlow {DIV} at (3,35) size 128x16 [bgcolor=#FF0000]
                LayoutBlockFlow (floating) {DIV} at (0,0) size 128x16 [bgcolor=#FFFF00]
                LayoutBlockFlow {DIV} at (0,0) size 128x16
            LayoutTableCell {TD} at (166,16) size 134x54 [bgcolor=#00FF00] [border: (3px solid #000000)] [r=0 c=1 rs=1 cs=1]
              LayoutBlockFlow {DIV} at (3,3) size 128x32 [border: (32px solid #00FF00) none]
              LayoutBlockFlow {DIV} at (3,35) size 128x16 [border: (16px solid #FFFF00) none]
