layer at (0,0) size 800x600
  LayoutView at (0,0) size 800x600
layer at (0,0) size 800x172
  LayoutBlockFlow {HTML} at (0,0) size 800x172
    LayoutBlockFlow {BODY} at (8,80) size 784x84
      LayoutBlockFlow {DIV} at (0,0) size 784x16 [color=#FF0000]
        LayoutText {#text} at (0,0) size 80x16
          text run at (0,0) width 80: "XXXXX"
      LayoutBlockFlow {P} at (0,32) size 784x18
        LayoutText {#text} at (0,0) size 194x18
          text run at (0,0) width 194: "There should be no red above."
      LayoutBlockFlow (anonymous) at (0,66) size 784x18
        LayoutInline {DIV} at (0,0) size 528x16 [color=#FFFFFF] [bgcolor=#FF0000]
          LayoutText {#text} at (0,1) size 528x16
            text run at (0,1) width 528: "Ahem_font_required_for_this_test."
        LayoutText {#text} at (0,0) size 0x0
layer at (8,80) size 784x0
  LayoutBlockFlow (relative positioned) {DIV} at (0,0) size 784x0
layer at (8,80) size 80x16
  LayoutBlockFlow (positioned) {DIV} at (0,0) size 80x16 [color=#008000]
    LayoutText {#text} at (0,0) size 80x16
      text run at (0,0) width 80: "XXXXX"
