layer at (0,0) size 800x600
  LayoutView at (0,0) size 800x600
layer at (0,0) size 800x92
  LayoutBlockFlow {HTML} at (0,0) size 800x92
    LayoutBlockFlow {BODY} at (8,16) size 784x68
      LayoutBlockFlow {P} at (0,0) size 784x18
        LayoutText {#text} at (0,0) size 194x18
          text run at (0,0) width 194: "There should be no red below."
      LayoutBlockFlow {DIV} at (0,50) size 784x18 [bgcolor=#FF0000]
        LayoutBlockFlow {DIV} at (0,0) size 784x18
          LayoutBlockFlow {DIV} at (0,0) size 784x18
            LayoutBlockFlow {DIV} at (0,0) size 784x18 [color=#FFFFFF] [bgcolor=#008000]
              LayoutText {#text} at (0,0) size 166x18
                text run at (0,0) width 166: "This line should be green."
