layer at (0,0) size 800x600
  LayoutView at (0,0) size 800x600
layer at (0,0) size 800x256
  LayoutBlockFlow {HTML} at (0,0) size 800x256
    LayoutBlockFlow {BODY} at (8,16) size 784x224
      LayoutBlockFlow {P} at (0,0) size 784x18
        LayoutText {#text} at (0,0) size 233x18
          text run at (0,0) width 233: "There should be no red on this page."
      LayoutTable {TABLE} at (0,34) size 106x156 [bgcolor=#FF0000] [border: (3px solid #000000)]
        LayoutTableSection {TBODY} at (3,3) size 100x150
          LayoutTableRow {TR} at (0,0) size 100x150
            LayoutTableCell {TD} at (0,0) size 50x150 [bgcolor=#FF0000] [r=0 c=0 rs=1 cs=1]
              LayoutBlockFlow {DIV} at (0,0) size 50x50
                LayoutBlockFlow {DIV} at (0,0) size 50x150 [bgcolor=#00FFFF]
              LayoutBlockFlow {DIV} at (0,50) size 50x50 [bgcolor=#FFFF00]
            LayoutTableCell {TD} at (50,0) size 50x150 [bgcolor=#FF0000] [r=0 c=1 rs=1 cs=1]
              LayoutBlockFlow {DIV} at (0,0) size 50x50 [border: (50px solid #00FFFF) none]
              LayoutBlockFlow {DIV} at (0,50) size 50x50 [border: (50px solid #FFFF00) none]
              LayoutBlockFlow {DIV} at (0,100) size 50x50 [border: (50px solid #00FFFF) none]
      LayoutBlockFlow {P} at (0,206) size 784x18
        LayoutText {#text} at (0,0) size 57x18
          text run at (0,0) width 57: "See also "
        LayoutInline {A} at (0,0) size 52x18 [color=#0000EE]
          LayoutText {#text} at (56,0) size 52x18
            text run at (56,0) width 52: "test 019"
        LayoutText {#text} at (107,0) size 9x18
          text run at (107,0) width 9: ", "
        LayoutInline {A} at (0,0) size 51x18 [color=#0000EE]
          LayoutText {#text} at (115,0) size 51x18
            text run at (115,0) width 51: "test 020"
        LayoutText {#text} at (165,0) size 5x18
          text run at (165,0) width 5: "."
