layer at (0,0) size 800x600
  LayoutView at (0,0) size 800x600
layer at (0,0) size 800x77 layerType: background only
layer at (10,13) size 320x64
  LayoutBlockFlow (positioned) zI: -1 {DIV} at (10,13) size 320x64 [color=#FFFF00] [bgcolor=#FF0000]
    LayoutText zI: -1 {#text} at (0,0) size 35x18
      text run at (0,0) width 35: "FAIL"
layer at (0,0) size 800x77 layerType: foreground only
  LayoutBlockFlow {HTML} at (0,0) size 800x77
    LayoutBlockFlow {BODY} at (10,2) size 780x1
      LayoutBlockFlow {DIV} at (2,0) size 776x1
        LayoutBlockFlow {DIV} at (20,11) size 736x0
          LayoutBlockFlow {DIV} at (0,0) size 736x0
      LayoutBlockFlow (floating) {DIV} at (0,11) size 320x64 [color=#FFFFFF] [bgcolor=#008000]
        LayoutText {#text} at (0,0) size 178x18
          text run at (0,0) width 178: "This block should be green."
      LayoutBlockFlow {DIV} at (50,47) size 680x0
