layer at (0,0) size 800x600
  LayoutView at (0,0) size 800x600
layer at (0,0) size 800x600
  LayoutBlockFlow {HTML} at (0,0) size 800x600
    LayoutBlockFlow {BODY} at (8,8) size 784x584
      LayoutBlockFlow {DIV} at (0,0) size 385x347
        LayoutBlockFlow {P} at (0,0) size 385x40 [border: (2px solid #0000FF)]
          LayoutText {#text} at (2,2) size 371x36
            text run at (2,2) width 371: "There should be only 2em between this paragraph and the"
            text run at (2,20) width 86: "image below."
        LayoutImage {IMG} at (0,72) size 395x275
