layer at (0,0) size 800x600
  LayoutView at (0,0) size 800x600
layer at (0,0) size 800x427
  LayoutBlockFlow {HTML} at (0,0) size 800x427
    LayoutBlockFlow {BODY} at (8,8) size 784x411
      LayoutBlockFlow {DIV} at (0,0) size 400x411
        LayoutBlockFlow {DIV} at (0,0) size 400x36
          LayoutText {#text} at (0,0) size 370x36
            text run at (0,0) width 370: "There should be no vertical space between the two blocks"
            text run at (0,18) width 43: "below."
        LayoutBlockFlow (floating) {DIV} at (0,36) size 100x100 [bgcolor=#008000]
        LayoutImage {IMG} at (0,136) size 395x275 [bgcolor=#FFFF00]
