layer at (0,0) size 800x600
  LayoutView at (0,0) size 800x600
layer at (0,0) size 800x88
  LayoutBlockFlow {HTML} at (0,0) size 800x88
    LayoutBlockFlow {BODY} at (8,8) size 784x72
      LayoutText {#text} at (0,0) size 749x72
        text run at (0,0) width 749: "This test shows what alt content looks like when an image errors out on a page with a CSP that blocks data: URIs for"
        text run at (0,54) width 54: "images. "
      LayoutBlockFlow {IMG} at (53.31,18) size 50x50
      LayoutText {#text} at (0,0) size 0x0
layer at (61,26) size 50x50 clip at (62,27) size 48x48
  LayoutBlockFlow {DIV} at (0,0) size 50x50 [border: (1px solid #C0C0C0)]
    LayoutImage (floating) {IMG} at (2,2) size 16x16
layer at (79,28) size 30x36
  LayoutBlockFlow {DIV} at (18,2) size 30x36
    LayoutText {#text} at (0,0) size 24x36
      text run at (0,0) width 16: "alt"
      text run at (0,18) width 24: "text"
