layer at (0,0) size 800x600 clip at (0,0) size 785x600 scrollHeight 622
  LayoutView at (0,0) size 800x600
layer at (0,0) size 785x600
  LayoutBlockFlow {HTML} at (0,0) size 785x600
    LayoutBlockFlow {BODY} at (8,8) size 727x584
      LayoutBlockFlow {DIV} at (0,0) size 144x600
        LayoutInline {SPAN} at (0,0) size 137x614 [bgcolor=#0000FF]
          LayoutText {#text} at (0,0) size 0x0
          LayoutInline {SPAN} at (0,0) size 137x614 [bgcolor=#FFFFE0] [border: (5px solid #008000)]
            LayoutText {#text} at (8,35) size 127x614
              text run at (8,35) width 579: "This sentence is too long to fit"
              text run at (80,0) width 304: "on a single line."
        LayoutText {#text} at (0,0) size 0x0
