layer at (0,0) size 800x600
  LayoutView at (0,0) size 800x600
layer at (0,0) size 800x600
  LayoutBlockFlow {HTML} at (0,0) size 800x600
    LayoutBlockFlow {BODY} at (8,8) size 784x584
      LayoutBlockFlow {DIV} at (0,0) size 132x500
        LayoutInline {SPAN} at (0,0) size 22x391
          LayoutText {#text} at (0,0) size 22x391
            text run at (0,0) width 391: "This text should be rotated 90 degrees and underlined."
        LayoutText {#text} at (0,390) size 22x5
          text run at (0,390) width 5: " "
        LayoutBR {BR} at (5,394) size 0x1
        LayoutInline {SPAN} at (0,0) size 22x382
          LayoutText {#text} at (22,0) size 22x382
            text run at (22,0) width 382: "This text should be rotated 90 degrees and overlined."
        LayoutText {#text} at (22,381) size 22x5
          text run at (22,381) width 5: " "
        LayoutBR {BR} at (27,385) size 0x1
        LayoutInline {SPAN} at (0,0) size 22x418
          LayoutText {#text} at (44,0) size 22x418
            text run at (44,0) width 418: "This text should be rotated 90 degrees and struck through."
        LayoutText {#text} at (44,417) size 22x6
          text run at (44,417) width 5: " "
        LayoutBR {BR} at (49,422) size 0x1
        LayoutInline {SPAN} at (0,0) size 22x442
          LayoutText {#text} at (66,0) size 22x442
            text run at (66,0) width 442: "This text should have a red shadow that is offset horizontally."
        LayoutText {#text} at (66,441) size 22x6
          text run at (66,441) width 5: " "
        LayoutBR {BR} at (71,446) size 0x1
        LayoutBR {BR} at (88,0) size 22x0
        LayoutInline {SPAN} at (0,0) size 22x456
          LayoutText {#text} at (110,0) size 22x456
            text run at (110,0) width 456: "This text should have an overline plus horizontal green shadow"
