layer at (0,0) size 800x600
  LayoutView at (0,0) size 800x600
layer at (0,0) size 800x600
  LayoutBlockFlow {HTML} at (0,0) size 800x600
    LayoutBlockFlow {BODY} at (8,8) size 784x584
      LayoutBlockFlow {P} at (0,0) size 784x18
        LayoutText {#text} at (0,0) size 215x18
          text run at (0,0) width 215: "This should be pointing upwards:"
      LayoutBlockFlow {DIV} at (0,34) size 120x80
        LayoutText {#text} at (20,0) size 80x80
          text run at (20,0) width 80: "\x{3008}"
