layer at (0,0) size 800x600
  LayoutView at (0,0) size 800x600
layer at (0,0) size 106x600
  LayoutBlockFlow {HTML} at (0,0) size 106x600 [border: (10px solid #800000)]
    LayoutBlockFlow {BODY} at (18,18) size 70x564
      LayoutText {#text} at (10,0) size 40x227
        text run at (10,0) width 227: "\x{653B}\x{6BBB} \x{6A5F}\x{52D5}\x{968A} "
      LayoutRuby (inline) {RUBY} at (0,0) size 40x201
        LayoutRubyRun (anonymous) at (0,226.63) size 60x80
          LayoutRubyText {RT} at (45,0) size 30x80
            LayoutText {#text} at (5,0) size 20x80
              text run at (5,0) width 80: "\x{3053}\x{3046}\x{304B}\x{304F}"
          LayoutRubyBase (anonymous) at (0,0) size 60x80
            LayoutText {#text} at (10,0) size 40x80
              text run at (10,0) width 80: "\x{653B}\x{6BBB}"
        LayoutRubyRun (anonymous) at (0,306.63) size 60x120
          LayoutRubyText {RT} at (45,0) size 30x120
            LayoutText {#text} at (5,2) size 20x116
              text run at (5,2) width 116: "\x{304D}\x{3069}\x{3046}\x{305F}\x{3044}"
          LayoutRubyBase (anonymous) at (0,0) size 60x120
            LayoutText {#text} at (10,0) size 40x120
              text run at (10,0) width 120: "\x{6A5F}\x{52D5}\x{968A}"
      LayoutText {#text} at (0,0) size 0x0
