layer at (0,0) size 800x600
  LayoutView at (0,0) size 800x600
layer at (548,0) size 252x600
  LayoutBlockFlow {HTML} at (0,0) size 252x600
    LayoutBlockFlow {BODY} at (24,8) size 204x584
      LayoutBlockFlow {P} at (0,0) size 110x584
        LayoutInline {SPAN} at (0,0) size 24x104
          LayoutText {#text} at (16,0) size 24x104
            text run at (16,0) width 104: "\x{7B2C}\x{4E00}\x{6BB5}\x{843D} "
        LayoutInline {SPAN} at (0,0) size 110x458
          LayoutText {#text} at (0,103) size 55x336
            text run at (0,103) width 335: "PARAGRAPH 1 "
          LayoutBR {BR} at (0,438) size 55x1
          LayoutText {#text} at (55,0) size 55x294
            text run at (55,0) width 294: "MORE TEXT. "
          LayoutInline {SPAN} at (0,0) size 14x165
            LayoutText {#text} at (76,293) size 14x165
              text run at (76,293) width 164: "SHOULD NOT BE CENTERED."
          LayoutText {#text} at (0,0) size 0x0
      LayoutBlockFlow {P} at (134,0) size 70x584
        LayoutInline {SPAN} at (0,0) size 28x467
          LayoutText {#text} at (21,0) size 28x102
            text run at (21,0) width 102: "\x{7B2C}\x{4E8C}\x{6BB5}\x{843D} "
          LayoutInline {SPAN} at (0,0) size 55x365
            LayoutText {#text} at (7,102) size 55x335
              text run at (7,102) width 335: "PARAGRAPH 2 "
            LayoutImage {IMG} at (0,436.33) size 70x30 [bgcolor=#008000]
            LayoutText {#text} at (0,0) size 0x0
