layer at (0,0) size 800x600
  LayoutView at (0,0) size 800x600
layer at (0,0) size 800x222
  LayoutBlockFlow {HTML} at (0,0) size 800x222
    LayoutBlockFlow {BODY} at (8,8) size 784x206
      LayoutTextControl {INPUT} at (4,4) size 123x19 [bgcolor=#FFFFFF] [border: (2px inset #EEEEEE)]
      LayoutText {#text} at (131,4) size 4x18
        text run at (131,4) width 4: " "
      LayoutBR {BR} at (135,4) size 0x18
      LayoutTextControl {INPUT} at (4,31) size 125x21 [bgcolor=#FFFFFF] [border: (3px solid #00FF00)]
      LayoutText {#text} at (133,32) size 4x18
        text run at (133,32) width 4: " "
      LayoutTextControl {INPUT} at (141,32) size 123x19 [bgcolor=#FFFFFF] [border: (2px inset #EEEEEE)]
      LayoutText {#text} at (268,32) size 4x18
        text run at (268,32) width 4: " "
      LayoutBR {BR} at (272,32) size 0x18
      LayoutTextControl {INPUT} at (4,60) size 123x19 [border: (2px inset #EEEEEE)]
      LayoutText {#text} at (131,60) size 4x18
        text run at (131,60) width 4: " "
      LayoutBR {BR} at (135,60) size 0x18
      LayoutTextControl {INPUT} at (4,87) size 123x19 [bgcolor=#FFFFFF] [border: (2px inset #EEEEEE)]
      LayoutText {#text} at (131,87) size 4x18
        text run at (131,87) width 4: " "
      LayoutBR {BR} at (135,87) size 0x18
      LayoutTextControl {INPUT} at (4,122) size 170x24 [bgcolor=#FFFFFF] [border: (2px inset #EEEEEE)]
      LayoutText {#text} at (178,126) size 4x18
        text run at (178,126) width 4: " "
      LayoutTextControl {INPUT} at (186,118) size 216x29 [bgcolor=#FFFFFF] [border: (2px inset #EEEEEE)]
      LayoutText {#text} at (406,126) size 4x18
        text run at (406,126) width 4: " "
      LayoutTextControl {INPUT} at (414,114) size 262x34 [bgcolor=#FFFFFF] [border: (2px inset #EEEEEE)]
      LayoutText {#text} at (680,126) size 4x18
        text run at (680,126) width 4: " "
      LayoutBR {BR} at (684,126) size 0x18
      LayoutTextControl {INPUT} at (6,166.50) size 174x28 [bgcolor=#FFFFFF] [border: (3px inset #EEEEEE)]
      LayoutText {#text} at (186,173) size 4x18
        text run at (186,173) width 4: " "
      LayoutTextControl {INPUT} at (198,160) size 245x38 [bgcolor=#FFFFFF] [border: (4px inset #EEEEEE)]
      LayoutText {#text} at (451,173) size 4x18
        text run at (451,173) width 4: " "
      LayoutBR {BR} at (455,173) size 0x18
layer at (15,15) size 117x13
  LayoutBlockFlow {DIV} at (3,3) size 117x13
    LayoutText {#text} at (0,0) size 18x13
      text run at (0,0) width 18: "foo"
layer at (16,43) size 117x13
  LayoutBlockFlow {DIV} at (4,4) size 117x13
    LayoutText {#text} at (0,0) size 18x13
      text run at (0,0) width 18: "foo"
layer at (152,43) size 117x13
  LayoutBlockFlow {DIV} at (3,3) size 117x13
    LayoutText {#text} at (0,0) size 18x13
      text run at (0,0) width 18: "foo"
layer at (15,71) size 117x13
  LayoutBlockFlow {DIV} at (3,3) size 117x13
    LayoutText {#text} at (0,0) size 18x13
      text run at (0,0) width 18: "foo"
layer at (15,98) size 117x13
  LayoutBlockFlow {DIV} at (3,3) size 117x13
    LayoutText {#text} at (0,0) size 18x13
      text run at (0,0) width 18: "foo"
layer at (15,133) size 164x18
  LayoutBlockFlow {DIV} at (3,3) size 164x18
    LayoutText {#text} at (0,0) size 26x18
      text run at (0,0) width 26: "foo"
layer at (197,129) size 210x23
  LayoutBlockFlow {DIV} at (3,3) size 210x23
    LayoutText {#text} at (0,0) size 32x23
      text run at (0,0) width 32: "foo"
layer at (425,125) size 256x28
  LayoutBlockFlow {DIV} at (3,3) size 256x28
    LayoutText {#text} at (0,0) size 39x28
      text run at (0,0) width 39: "foo"
layer at (19,179) size 165x19
  LayoutBlockFlow {DIV} at (4.50,4.50) size 165x19
    LayoutText {#text} at (0,0) size 27x19
      text run at (0,0) width 27: "foo"
layer at (212,174) size 233x26
  LayoutBlockFlow {DIV} at (6,6) size 233x26
    LayoutText {#text} at (0,0) size 36x26
      text run at (0,0) width 36: "foo"
