layer at (0,0) size 800x600
  LayoutView at (0,0) size 800x600
layer at (0,0) size 800x54
  LayoutBlockFlow {HTML} at (0,0) size 800x54
    LayoutBlockFlow {BODY} at (8,8) size 784x38
      LayoutTextControl {INPUT} at (0,0) size 123x19 [bgcolor=#FFFFFF] [border: (2px inset #EEEEEE)]
        LayoutFlexibleBox {DIV} at (3,3) size 117x13
          LayoutBlockFlow {DIV} at (0,0) size 102.28x13
          LayoutDetailsMarker {DIV} at (102.28,1.02) size 14.72x10.97: down
      LayoutText {#text} at (123,0) size 4x18
        text run at (123,0) width 4: " "
      LayoutTextControl {INPUT} at (127,0) size 123x19 [bgcolor=#FFFFFF] [border: (2px inset #EEEEEE)]
        LayoutFlexibleBox {DIV} at (3,3) size 117x13
          LayoutBlockFlow {DIV} at (0,0) size 102.28x13
          LayoutDetailsMarker {DIV} at (102.28,1.02) size 14.72x10.97: down
      LayoutText {#text} at (250,0) size 4x18
        text run at (250,0) width 4: " "
      LayoutBR {BR} at (254,0) size 0x18
      LayoutTextControl {INPUT} at (0,19) size 123x19 [color=#545454] [bgcolor=#FFFFFF] [border: (2px inset #EEEEEE)]
        LayoutFlexibleBox {DIV} at (3,3) size 117x13
          LayoutBlockFlow {DIV} at (0,0) size 102.28x13
      LayoutText {#text} at (123,19) size 4x18
        text run at (123,19) width 4: " "
      LayoutTextControl {INPUT} at (127,19) size 123x19 [bgcolor=#FFFFFF] [border: (2px inset #EEEEEE)]
        LayoutFlexibleBox {DIV} at (3,3) size 117x13
          LayoutBlockFlow {DIV} at (0,0) size 102.28x13
      LayoutText {#text} at (0,0) size 0x0
layer at (11,11) size 102x13
  LayoutBlockFlow {DIV} at (0,0) size 102.28x13
layer at (138,11) size 102x13
  LayoutBlockFlow {DIV} at (0,0) size 102.28x13
layer at (11,30) size 102x13
  LayoutBlockFlow {DIV} at (0,0) size 102.28x13
layer at (138,30) size 102x13
  LayoutBlockFlow {DIV} at (0,0) size 102.28x13
hidden layer at (113,31) size 15x11 transparent
  LayoutDetailsMarker {DIV} at (102.28,1.02) size 14.72x10.97: down
hidden layer at (240,31) size 15x11 transparent
  LayoutDetailsMarker {DIV} at (102.28,1.02) size 14.72x10.97: down
caret: position 0 of child 0 {DIV} of child 0 {DIV} of child 0 {DIV} of {#document-fragment} of child 3 {INPUT} of body
