CONSOLE ERROR: line 10: Error: <svg> attribute width: A negative value is not valid. ("-100")
layer at (0,0) size 800x600
  LayoutView at (0,0) size 800x600
layer at (0,0) size 800x100
  LayoutBlockFlow {html} at (0,0) size 800x100
    LayoutBlockFlow {body} at (8,8) size 784x76
      LayoutBlockFlow (anonymous) at (0,0) size 784x24
        LayoutSVGRoot {svg} at (0,0) size 784x20
          LayoutSVGText {text} at (10,20) size 122.86x13 contains 1 chunk(s)
            LayoutSVGInlineText {#text} at (10,20) size 122.86x13
              chunk 1 text run 1 at (10.00,30.00) startOffset 0 endOffset 30 width 122.86: "FAIL (This should not render.)"
        LayoutText {#text} at (0,0) size 0x0
      LayoutBlockFlow {p} at (0,40) size 784x36 [color=#008000]
        LayoutText {#text} at (0,0) size 760x36
          text run at (0,0) width 420: "This line should be green, the word \"FAIL\" should not appear on "
          text run at (419,0) width 341: "this page, but a highly perceivable indication of error"
          text run at (0,18) width 66: "should be "
          text run at (65,18) width 128: "present somewhere."
