layer at (0,0) size 800x600
  LayoutView at (0,0) size 800x600
layer at (0,0) size 800x192
  LayoutBlockFlow {HTML} at (0,0) size 800x192
    LayoutBlockFlow {BODY} at (8,8) size 784x174
      LayoutBlockFlow {DIV} at (0,0) size 102x102 [border: (1px solid #000000)]
      LayoutBlockFlow {FORM} at (0,152) size 784x22
        LayoutBlockFlow {P} at (0,0) size 784x22
          LayoutFileUploadControl {INPUT} at (0,0) size 238x22 "hello.txt"
            LayoutButton {INPUT} at (0,0) size 85x22 [bgcolor=#C0C0C0] [border: (2px outset #C0C0C0)]
              LayoutBlockFlow (anonymous) at (8,3) size 69x16
                LayoutText {#text} at (0,0) size 69x16
                  text run at (0,0) width 69: "Choose File"
          LayoutText {#text} at (0,0) size 0x0
