layer at (0,0) size 800x600
  LayoutView at (0,0) size 800x600
layer at (0,0) size 800x600
  LayoutBlockFlow {HTML} at (0,0) size 800x600
    LayoutBlockFlow {BODY} at (8,8) size 784x584 [bgcolor=#CCCCCC]
      LayoutBlockFlow {P} at (0,0) size 784x18
        LayoutText {#text} at (0,0) size 363x18
          text run at (0,0) width 363: "The style declarations which apply to the text below are:"
      LayoutBlockFlow {PRE} at (0,34) size 784x45
        LayoutText {#text} at (0,0) size 430x45
          text run at (0,0) width 430: ".one {list-style-image: url(../resources/oransqr.gif);}"
          text run at (429,0) width 1: " "
          text run at (0,15) width 235: ".two {list-style-image: none;}"
          text run at (234,15) width 1: " "
          text run at (0,30) width 0: " "
      LayoutBlockFlow {UL} at (0,110) size 784x57
        LayoutListItem {LI} at (40,0) size 744x19
          LayoutListMarker (anonymous) at (-22,0) size 15x15
          LayoutText {#text} at (0,1) size 64x18
            text run at (0,1) width 64: "This list..."
        LayoutListItem {LI} at (40,19) size 744x19
          LayoutListMarker (anonymous) at (-22,0) size 15x15
          LayoutText {#text} at (0,1) size 116x18
            text run at (0,1) width 116: "...should feature..."
        LayoutListItem {LI} at (40,38) size 744x19
          LayoutListMarker (anonymous) at (-22,0) size 15x15
          LayoutText {#text} at (0,1) size 150x18
            text run at (0,1) width 150: "...images for each item."
      LayoutBlockFlow {UL} at (0,183) size 784x54
        LayoutListItem {LI} at (40,0) size 744x18
          LayoutListMarker (anonymous) at (-17,0) size 7x18: bullet
          LayoutText {#text} at (0,0) size 64x18
            text run at (0,0) width 64: "This list..."
        LayoutListItem {LI} at (40,18) size 744x18
          LayoutListMarker (anonymous) at (-17,0) size 7x18: bullet
          LayoutText {#text} at (0,0) size 116x18
            text run at (0,0) width 116: "...should feature..."
        LayoutListItem {LI} at (40,36) size 744x18
          LayoutListMarker (anonymous) at (-17,0) size 7x18: bullet
          LayoutText {#text} at (0,0) size 238x18
            text run at (0,0) width 238: "...standard list markers for each item."
      LayoutTable {TABLE} at (0,253) size 300x179 [border: (1px outset #808080)]
        LayoutTableSection {TBODY} at (1,1) size 298x177
          LayoutTableRow {TR} at (0,0) size 298x26
            LayoutTableCell {TD} at (0,0) size 298x26 [bgcolor=#C0C0C0] [border: (1px inset #808080)] [r=0 c=0 rs=1 cs=2]
              LayoutInline {STRONG} at (0,0) size 161x18
                LayoutText {#text} at (4,4) size 161x18
                  text run at (4,4) width 161: "TABLE Testing Section"
          LayoutTableRow {TR} at (0,26) size 298x151
            LayoutTableCell {TD} at (0,88) size 12x26 [bgcolor=#C0C0C0] [border: (1px inset #808080)] [r=1 c=0 rs=1 cs=1]
              LayoutText {#text} at (4,4) size 4x18
                text run at (4,4) width 4: " "
            LayoutTableCell {TD} at (12,26) size 286x151 [border: (1px inset #808080)] [r=1 c=1 rs=1 cs=1]
              LayoutBlockFlow {UL} at (4,4) size 278x57
                LayoutListItem {LI} at (40,0) size 238x19
                  LayoutListMarker (anonymous) at (-22,0) size 15x15
                  LayoutText {#text} at (0,1) size 64x18
                    text run at (0,1) width 64: "This list..."
                LayoutListItem {LI} at (40,19) size 238x19
                  LayoutListMarker (anonymous) at (-22,0) size 15x15
                  LayoutText {#text} at (0,1) size 116x18
                    text run at (0,1) width 116: "...should feature..."
                LayoutListItem {LI} at (40,38) size 238x19
                  LayoutListMarker (anonymous) at (-22,0) size 15x15
                  LayoutText {#text} at (0,1) size 150x18
                    text run at (0,1) width 150: "...images for each item."
              LayoutBlockFlow {UL} at (4,77) size 278x54
                LayoutListItem {LI} at (40,0) size 238x18
                  LayoutListMarker (anonymous) at (-17,0) size 7x18: bullet
                  LayoutText {#text} at (0,0) size 64x18
                    text run at (0,0) width 64: "This list..."
                LayoutListItem {LI} at (40,18) size 238x18
                  LayoutListMarker (anonymous) at (-17,0) size 7x18: bullet
                  LayoutText {#text} at (0,0) size 116x18
                    text run at (0,0) width 116: "...should feature..."
                LayoutListItem {LI} at (40,36) size 238x18
                  LayoutListMarker (anonymous) at (-17,0) size 7x18: bullet
                  LayoutText {#text} at (0,0) size 238x18
                    text run at (0,0) width 238: "...standard list markers for each item."
layer at (8,100) size 784x2 clip at (0,0) size 0x0
  LayoutBlockFlow {HR} at (0,92) size 784x2 [border: (1px inset #EEEEEE)]
