layer at (0,0) size 800x600
  LayoutView at (0,0) size 800x600
layer at (0,0) size 800x600
  LayoutBlockFlow {HTML} at (0,0) size 800x600
    LayoutBlockFlow {BODY} at (8,8) size 784x584
      LayoutTable {TABLE} at (0,0) size 186x26
        LayoutTableSection {TBODY} at (0,0) size 186x26
          LayoutTableRow {TR} at (0,2) size 186x22
            LayoutTableCell {TD} at (2,2) size 56x22 [bgcolor=#FFFFCC] [r=0 c=0 rs=1 cs=1]
              LayoutText {#text} at (1,1) size 54x19
                text run at (1,1) width 54: "Cell One"
            LayoutTableCell {TD} at (60,2) size 57x22 [bgcolor=#FFFFCC] [r=0 c=1 rs=1 cs=1]
              LayoutText {#text} at (1,1) size 55x19
                text run at (1,1) width 55: "Cell Two"
            LayoutTableCell {TD} at (119,2) size 65x22 [bgcolor=#FFFFCC] [r=0 c=2 rs=1 cs=1]
              LayoutText {#text} at (1,1) size 63x19
                text run at (1,1) width 63: "Cell Three"
