layer at (0,0) size 800x600
  LayoutView at (0,0) size 800x600
layer at (0,0) size 800x600
  LayoutBlockFlow {HTML} at (0,0) size 800x600
    LayoutBlockFlow {BODY} at (8,8) size 784x584
      LayoutTable {TABLE} at (0,0) size 200x200 [border: (1px outset #808080)]
        LayoutTableSection {TFOOT} at (1,199) size 198x0
        LayoutTableSection {TBODY} at (1,1) size 198x198
          LayoutTableRow {TR} at (0,0) size 198x99
            LayoutTableCell {TD} at (0,38) size 97x22 [border: (1px inset #808080)] [r=0 c=0 rs=1 cs=1]
              LayoutText {#text} at (1,1) size 40x19
                text run at (1,1) width 40: "span 1"
            LayoutTableCell {TD} at (97,38) size 101x22 [border: (1px inset #808080)] [r=0 c=1 rs=1 cs=1]
              LayoutText {#text} at (1,1) size 40x19
                text run at (1,1) width 40: "span 1"
          LayoutTableRow {TR} at (0,99) size 198x99
            LayoutTableCell {TD} at (0,137) size 198x22 [border: (1px inset #808080)] [r=1 c=0 rs=1 cs=2]
              LayoutText {#text} at (1,1) size 83x19
                text run at (1,1) width 83: "should span 2"
