layer at (0,0) size 800x600
  LayoutView at (0,0) size 800x600
layer at (0,0) size 800x600
  LayoutBlockFlow {HTML} at (0,0) size 800x600
    LayoutBlockFlow {BODY} at (8,8) size 784x584
      LayoutBlockFlow {P} at (0,0) size 784x20
        LayoutText {#text} at (0,0) size 50x19
          text run at (0,0) width 50: "Test for "
        LayoutInline {I} at (0,0) size 569x19
          LayoutInline {A} at (0,0) size 304x19 [color=#0000EE]
            LayoutText {#text} at (50,0) size 304x19
              text run at (50,0) width 304: "http://bugs.webkit.org/show_bug.cgi?id=12782"
          LayoutText {#text} at (354,0) size 265x19
            text run at (354,0) width 4: " "
            text run at (358,0) width 261: "Reproducible crash in BidiContext::deref"
        LayoutText {#text} at (619,0) size 4x19
          text run at (619,0) width 4: "."
      LayoutBlockFlow {P} at (0,36) size 784x20
        LayoutText {#text} at (0,0) size 236x19
          text run at (0,0) width 236: "No assertion failure means SUCCESS."
      LayoutBlockFlow {DIV} at (0,72) size 784x20
        LayoutInline {SPAN} at (0,0) size 20x19
          LayoutText {#text} at (0,0) size 20x19
            text run at (0,0) width 20: "foo"
      LayoutBlockFlow {DIV} at (0,92) size 784x0
