layer at (0,0) size 800x600
  LayoutView at (0,0) size 800x600
layer at (0,0) size 800x600
  LayoutBlockFlow {HTML} at (0,0) size 800x600
    LayoutBlockFlow {BODY} at (8,8) size 784x584
      LayoutBlockFlow {DIV} at (0,0) size 784x20
        LayoutText {#text} at (0,0) size 710x19
          text run at (0,0) width 710: "Mousing over the yellow square below should not cause an assertion failure or crash. This tests for regressions against "
        LayoutInline {A} at (0,0) size 32x19 [color=#0000EE]
          LayoutText {#text} at (710,0) size 32x19
            text run at (710,0) width 32: "6931"
        LayoutText {#text} at (742,0) size 4x19
          text run at (742,0) width 4: "."
layer at (50,50) size 200x200
  LayoutBlockFlow (positioned) zI: 1 {DIV} at (50,50) size 200x200 [bgcolor=#FFFF00]
hidden layer at (70,50) size 100x100
  LayoutBlockFlow (positioned) zI: 5 {DIV} at (20,0) size 100x100 [bgcolor=#FF0000]
caret: position 1 of child 2 {#text} of child 1 {DIV} of body
