layer at (0,0) size 800x600
  LayoutView at (0,0) size 800x600
layer at (0,0) size 800x600
  LayoutBlockFlow {HTML} at (0,0) size 800x600
    LayoutBlockFlow {BODY} at (8,8) size 784x584
      LayoutBlockFlow {P} at (0,0) size 784x40
        LayoutText {#text} at (0,0) size 50x19
          text run at (0,0) width 50: "Test for "
        LayoutInline {I} at (0,0) size 723x39
          LayoutInline {A} at (0,0) size 304x19 [color=#0000EE]
            LayoutText {#text} at (50,0) size 304x19
              text run at (50,0) width 304: "http://bugs.webkit.org/show_bug.cgi?id=12818"
          LayoutText {#text} at (354,0) size 723x39
            text run at (354,0) width 4: " "
            text run at (358,0) width 365: "REGRESSION (r19148): shacknews.com does not render"
            text run at (0,20) width 69: "completely"
        LayoutText {#text} at (69,20) size 4x19
          text run at (69,20) width 4: "."
      LayoutBlockFlow {P} at (0,56) size 784x20
        LayoutText {#text} at (0,0) size 317x19
          text run at (0,0) width 317: "There should be a green square to the left of the text."
      LayoutBlockFlow {DIV} at (0,92) size 100x100 [bgcolor=#008000]
      LayoutBlockFlow {DIV} at (0,192) size 784x20
        LayoutText {#text} at (0,0) size 37x19
          text run at (0,0) width 37: "PASS"
layer at (8,100) size 792x140
  LayoutBlockFlow (positioned) {DIV} at (8,100) size 792x140
    LayoutBlockFlow {DIV} at (100,0) size 692x140
      LayoutBlockFlow {DIV} at (0,0) size 692x140
        LayoutText {#text} at (0,0) size 691x139
          text run at (0,0) width 684: "Curabitur pretium, quam quis semper malesuada, est libero feugiat libero, vel fringilla orci nibh sed neque. Quisque"
          text run at (0,20) width 644: "eu nulla non nisi molestie accumsan. Etiam tellus urna, laoreet ac, laoreet non, suscipit sed, sapien. Phasellus"
          text run at (0,40) width 680: "vehicula, sem at posuere vehicula, augue nibh molestie nisl, nec ullamcorper lacus ante vulputate pede. Cum sociis"
          text run at (0,60) width 686: "natoque penatibus et magnis dis parturient montes, nascetur ridiculus mus. Mauris viverra augue vitae purus. Morbi"
          text run at (0,80) width 691: "sed sem. Donec dui nisi, ultrices non, pretium quis, hendrerit non, est. Donec tellus. Donec eget dui id eros pharetra"
          text run at (0,100) width 658: "rutrum. Suspendisse sodales lectus sit amet nulla. Morbi tortor arcu, convallis blandit, elementum eu, aliquet a,"
          text run at (0,120) width 34: "tellus."
layer at (108,100) size 0x0
  LayoutBlockFlow (positioned) {DIV} at (100,0) size 0x0
