layer at (0,0) size 800x600
  LayoutView at (0,0) size 800x600
layer at (0,0) size 800x394
  LayoutBlockFlow {HTML} at (0,0) size 800x394
    LayoutBlockFlow {BODY} at (0,0) size 800x394
      LayoutTable {TABLE} at (0,0) size 800x288
        LayoutTableSection {TBODY} at (0,0) size 800x288
          LayoutTableRow {TR} at (0,2) size 800x284
            LayoutTableCell {TD} at (2,2) size 796x284 [r=0 c=0 rs=1 cs=1]
              LayoutText {#text} at (1,2) size 786x280
                text run at (1,2) width 647: "Lorem ipsum dolor sit amet, consectetur"
                text run at (1,49) width 629: "adipisicing elit, sed do eiusmod tempor"
                text run at (1,96) width 214: "incididunt ut "
                text run at (214,96) width 536: "labore et dolore magna aliqua. Ut"
                text run at (1,143) width 786: "enim ad minim veniam, quis nostrud exercitation"
                text run at (1,190) width 139: "ullamco "
                text run at (139,190) width 613: "laboris ni si ut aliquip ex ea commodo"
                text run at (1,237) width 170: "consequat."
      LayoutTable {TABLE} at (50,288) size 306x53
        LayoutTableSection {TBODY} at (0,0) size 306x53
          LayoutTableRow {TR} at (0,2) size 306x49
            LayoutTableCell {TD} at (2,2) size 302x49 [r=0 c=0 rs=1 cs=1]
              LayoutText {#text} at (1,2) size 300x45
                text run at (1,2) width 300: "Another comment."
      LayoutTable {TABLE} at (100,341) size 306x53
        LayoutTableSection {TBODY} at (0,0) size 306x53
          LayoutTableRow {TR} at (0,2) size 306x49
            LayoutTableCell {TD} at (2,2) size 302x49 [r=0 c=0 rs=1 cs=1]
              LayoutText {#text} at (1,2) size 300x45
                text run at (1,2) width 300: "Another comment."
