EDITING DELEGATE: webViewDidChangeSelection:WebViewDidChangeSelectionNotification
EDITING DELEGATE: webViewDidChangeSelection:WebViewDidChangeSelectionNotification
EDITING DELEGATE: webViewDidChange:WebViewDidChangeNotification
layer at (0,0) size 800x600
  LayoutView at (0,0) size 800x600
layer at (0,0) size 800x600
  LayoutBlockFlow {HTML} at (0,0) size 800x600
    LayoutBlockFlow {BODY} at (8,8) size 784x584
      LayoutBlockFlow {P} at (0,0) size 784x40
        LayoutText {#text} at (0,0) size 774x39
          text run at (0,0) width 325: "This tests InsertParagraphSeparator inside table cells. "
          text run at (325,0) width 449: "The first cell should contain 'Cell' and a newline, and the second cell should"
          text run at (0,20) width 84: "contain 'Two'."
      LayoutBlockFlow {DIV} at (0,56) size 784x50
        LayoutTable {TABLE} at (0,0) size 75x50 [border: (1px outset #808080)]
          LayoutTableSection {TBODY} at (1,1) size 73x48
            LayoutTableRow {TR} at (0,2) size 73x44
              LayoutTableCell {TD} at (2,2) size 32x44 [border: (1px inset #808080)] [r=0 c=0 rs=1 cs=1]
                LayoutText {#text} at (2,2) size 28x19
                  text run at (2,2) width 28: "Cell "
                LayoutBR {BR} at (30,17) size 0x0
                LayoutBR {BR} at (2,22) size 0x19
              LayoutTableCell {TD} at (36,12) size 35x24 [border: (1px inset #808080)] [r=0 c=1 rs=1 cs=1]
                LayoutText {#text} at (2,2) size 31x19
                  text run at (2,2) width 31: " Two"
caret: position 0 of child 2 {BR} of child 0 {TD} of child 0 {TR} of child 0 {TBODY} of child 0 {TABLE} of child 2 {DIV} of body
