layer at (0,0) size 800x600
  LayoutView at (0,0) size 800x600
layer at (0,0) size 800x600
  LayoutBlockFlow {HTML} at (0,0) size 800x600
    LayoutBlockFlow {BODY} at (8,8) size 784x584
      LayoutSVGRoot {svg} at (0,110) size 0x0
        LayoutSVGHiddenContainer {defs} at (0,0) size 0x0
          LayoutSVGResourceFilter {filter} [id="colormatrix"] [filterUnits=objectBoundingBox] [primitiveUnits=userSpaceOnUse]
            [feColorMatrix type="HUEROTATE" values="10.00"]
              [feColorMatrix type="HUEROTATE" values="10.00"]
                [SourceGraphic]
      LayoutText {#text} at (0,96) size 4x17
        text run at (0,96) width 4: " "
      LayoutText {#text} at (0,0) size 0x0
      LayoutImage {IMG} at (14,10) size 160x90
      LayoutText {#text} at (184,96) size 4x17
        text run at (184,96) width 4: " "
      LayoutText {#text} at (0,0) size 0x0
layer at (206,18) size 160x90
  LayoutImage {IMG} at (198,10) size 160x90
