layer at (0,0) size 800x600
  LayoutView at (0,0) size 800x600
layer at (0,0) size 800x600
  LayoutBlockFlow {HTML} at (0,0) size 800x600
    LayoutBlockFlow {BODY} at (8,8) size 784x584
      LayoutSVGRoot {svg} at (0,90) size 0x0
        LayoutSVGHiddenContainer {defs} at (0,0) size 0x0
          LayoutSVGResourceFilter {filter} [id="f1"] [filterUnits=objectBoundingBox] [primitiveUnits=userSpaceOnUse]
            [feColorMatrix type="HUEROTATE" values="180.00"]
              [SourceGraphic]
          LayoutSVGResourceFilter {filter} [id="f2"] [filterUnits=objectBoundingBox] [primitiveUnits=userSpaceOnUse]
            [feColorMatrix type="HUEROTATE" values="180.00"]
              [SourceGraphic]
          LayoutSVGResourceFilter {filter} [id="f3"] [filterUnits=objectBoundingBox] [primitiveUnits=userSpaceOnUse]
            [feColorMatrix type="HUEROTATE" values="180.00"]
              [SourceGraphic]
          LayoutSVGResourceFilter {filter} [id="f4"] [filterUnits=objectBoundingBox] [primitiveUnits=userSpaceOnUse]
            [feColorMatrix type="HUEROTATE" values="180.00"]
              [SourceGraphic]
      LayoutText {#text} at (0,76) size 4x17
        text run at (0,76) width 4: " "
      LayoutText {#text} at (164,76) size 4x17
        text run at (164,76) width 4: " "
      LayoutText {#text} at (328,76) size 4x17
        text run at (328,76) width 4: " "
      LayoutText {#text} at (492,76) size 4x17
        text run at (492,76) width 4: " "
      LayoutText {#text} at (0,0) size 0x0
layer at (12,8) size 160x90
  LayoutImage {IMG} at (4,0) size 160x90
layer at (176,8) size 160x90
  LayoutImage {IMG} at (168,0) size 160x90
layer at (340,8) size 160x90
  LayoutImage {IMG} at (332,0) size 160x90
layer at (504,8) size 160x90
  LayoutImage {IMG} at (496,0) size 160x90
