layer at (0,0) size 800x600
  LayoutView at (0,0) size 800x600
layer at (0,0) size 800x600
  LayoutBlockFlow {HTML} at (0,0) size 800x600
    LayoutBlockFlow {BODY} at (8,8) size 784x584
      LayoutSVGRoot {svg} at (0,110) size 0x0
        LayoutSVGHiddenContainer {defs} at (0,0) size 0x0
          LayoutSVGResourceFilter {filter} [id="over"] [filterUnits=objectBoundingBox] [primitiveUnits=userSpaceOnUse]
            [feComposite operation="OVER"]
              [feOffset dx="10.00" dy="10.00"]
                [feColorMatrix type="MATRIX" values="1.00 0.00 0.00 0.00 0.00 0.00 1.00 0.00 0.00 0.00 0.00 0.00 1.00 0.00 0.00 0.00 0.00 0.00 0.50 0.00"]
                  [SourceGraphic]
              [feColorMatrix type="MATRIX" values="1.00 0.00 0.00 0.00 0.00 0.00 1.00 0.00 0.00 0.00 0.00 0.00 1.00 0.00 0.00 0.00 0.00 0.00 0.50 0.00"]
                [SourceGraphic]
          LayoutSVGResourceFilter {filter} [id="in"] [filterUnits=objectBoundingBox] [primitiveUnits=userSpaceOnUse]
            [feComposite operation="IN"]
              [feOffset dx="10.00" dy="10.00"]
                [feColorMatrix type="MATRIX" values="1.00 0.00 0.00 0.00 0.00 0.00 1.00 0.00 0.00 0.00 0.00 0.00 1.00 0.00 0.00 0.00 0.00 0.00 0.50 0.00"]
                  [SourceGraphic]
              [feColorMatrix type="MATRIX" values="1.00 0.00 0.00 0.00 0.00 0.00 1.00 0.00 0.00 0.00 0.00 0.00 1.00 0.00 0.00 0.00 0.00 0.00 0.50 0.00"]
                [SourceGraphic]
          LayoutSVGResourceFilter {filter} [id="out"] [filterUnits=objectBoundingBox] [primitiveUnits=userSpaceOnUse]
            [feComposite operation="OUT"]
              [feOffset dx="10.00" dy="10.00"]
                [feColorMatrix type="MATRIX" values="1.00 0.00 0.00 0.00 0.00 0.00 1.00 0.00 0.00 0.00 0.00 0.00 1.00 0.00 0.00 0.00 0.00 0.00 0.50 0.00"]
                  [SourceGraphic]
              [feColorMatrix type="MATRIX" values="1.00 0.00 0.00 0.00 0.00 0.00 1.00 0.00 0.00 0.00 0.00 0.00 1.00 0.00 0.00 0.00 0.00 0.00 0.50 0.00"]
                [SourceGraphic]
          LayoutSVGResourceFilter {filter} [id="atop"] [filterUnits=objectBoundingBox] [primitiveUnits=userSpaceOnUse]
            [feComposite operation="ATOP"]
              [feOffset dx="10.00" dy="10.00"]
                [feColorMatrix type="MATRIX" values="1.00 0.00 0.00 0.00 0.00 0.00 1.00 0.00 0.00 0.00 0.00 0.00 1.00 0.00 0.00 0.00 0.00 0.00 0.50 0.00"]
                  [SourceGraphic]
              [feColorMatrix type="MATRIX" values="1.00 0.00 0.00 0.00 0.00 0.00 1.00 0.00 0.00 0.00 0.00 0.00 1.00 0.00 0.00 0.00 0.00 0.00 0.50 0.00"]
                [SourceGraphic]
          LayoutSVGResourceFilter {filter} [id="xor"] [filterUnits=objectBoundingBox] [primitiveUnits=userSpaceOnUse]
            [feComposite operation="XOR"]
              [feOffset dx="10.00" dy="10.00"]
                [feColorMatrix type="MATRIX" values="1.00 0.00 0.00 0.00 0.00 0.00 1.00 0.00 0.00 0.00 0.00 0.00 1.00 0.00 0.00 0.00 0.00 0.00 0.50 0.00"]
                  [SourceGraphic]
              [feColorMatrix type="MATRIX" values="1.00 0.00 0.00 0.00 0.00 0.00 1.00 0.00 0.00 0.00 0.00 0.00 1.00 0.00 0.00 0.00 0.00 0.00 0.50 0.00"]
                [SourceGraphic]
          LayoutSVGResourceFilter {filter} [id="arithmetic"] [filterUnits=objectBoundingBox] [primitiveUnits=userSpaceOnUse]
            [feComposite operation="ARITHMETIC" k1="0.00" k2="1.00" k3="1.00" k4="0.00"]
              [feOffset dx="10.00" dy="10.00"]
                [feColorMatrix type="MATRIX" values="1.00 0.00 0.00 0.00 0.00 0.00 1.00 0.00 0.00 0.00 0.00 0.00 1.00 0.00 0.00 0.00 0.00 0.00 0.50 0.00"]
                  [SourceGraphic]
              [feColorMatrix type="MATRIX" values="1.00 0.00 0.00 0.00 0.00 0.00 1.00 0.00 0.00 0.00 0.00 0.00 1.00 0.00 0.00 0.00 0.00 0.00 0.50 0.00"]
                [SourceGraphic]
          LayoutSVGResourceFilter {filter} [id="over-subregion"] [filterUnits=objectBoundingBox] [primitiveUnits=userSpaceOnUse]
            [feComposite operation="OVER"]
              [feOffset dx="10.00" dy="10.00"]
                [feColorMatrix type="MATRIX" values="1.00 0.00 0.00 0.00 0.00 0.00 1.00 0.00 0.00 0.00 0.00 0.00 1.00 0.00 0.00 0.00 0.00 0.00 0.50 0.00"]
                  [SourceGraphic]
              [feColorMatrix type="MATRIX" values="1.00 0.00 0.00 0.00 0.00 0.00 1.00 0.00 0.00 0.00 0.00 0.00 1.00 0.00 0.00 0.00 0.00 0.00 0.50 0.00"]
                [SourceGraphic]
          LayoutSVGResourceFilter {filter} [id="in-subregion"] [filterUnits=objectBoundingBox] [primitiveUnits=userSpaceOnUse]
            [feComposite operation="IN"]
              [feOffset dx="10.00" dy="10.00"]
                [feColorMatrix type="MATRIX" values="1.00 0.00 0.00 0.00 0.00 0.00 1.00 0.00 0.00 0.00 0.00 0.00 1.00 0.00 0.00 0.00 0.00 0.00 0.50 0.00"]
                  [SourceGraphic]
              [feColorMatrix type="MATRIX" values="1.00 0.00 0.00 0.00 0.00 0.00 1.00 0.00 0.00 0.00 0.00 0.00 1.00 0.00 0.00 0.00 0.00 0.00 0.50 0.00"]
                [SourceGraphic]
          LayoutSVGResourceFilter {filter} [id="out-subregion"] [filterUnits=objectBoundingBox] [primitiveUnits=userSpaceOnUse]
            [feComposite operation="OUT"]
              [feOffset dx="10.00" dy="10.00"]
                [feColorMatrix type="MATRIX" values="1.00 0.00 0.00 0.00 0.00 0.00 1.00 0.00 0.00 0.00 0.00 0.00 1.00 0.00 0.00 0.00 0.00 0.00 0.50 0.00"]
                  [SourceGraphic]
              [feColorMatrix type="MATRIX" values="1.00 0.00 0.00 0.00 0.00 0.00 1.00 0.00 0.00 0.00 0.00 0.00 1.00 0.00 0.00 0.00 0.00 0.00 0.50 0.00"]
                [SourceGraphic]
          LayoutSVGResourceFilter {filter} [id="atop-subregion"] [filterUnits=objectBoundingBox] [primitiveUnits=userSpaceOnUse]
            [feComposite operation="ATOP"]
              [feOffset dx="10.00" dy="10.00"]
                [feColorMatrix type="MATRIX" values="1.00 0.00 0.00 0.00 0.00 0.00 1.00 0.00 0.00 0.00 0.00 0.00 1.00 0.00 0.00 0.00 0.00 0.00 0.50 0.00"]
                  [SourceGraphic]
              [feColorMatrix type="MATRIX" values="1.00 0.00 0.00 0.00 0.00 0.00 1.00 0.00 0.00 0.00 0.00 0.00 1.00 0.00 0.00 0.00 0.00 0.00 0.50 0.00"]
                [SourceGraphic]
          LayoutSVGResourceFilter {filter} [id="xor-subregion"] [filterUnits=objectBoundingBox] [primitiveUnits=userSpaceOnUse]
            [feComposite operation="XOR"]
              [feOffset dx="10.00" dy="10.00"]
                [feColorMatrix type="MATRIX" values="1.00 0.00 0.00 0.00 0.00 0.00 1.00 0.00 0.00 0.00 0.00 0.00 1.00 0.00 0.00 0.00 0.00 0.00 0.50 0.00"]
                  [SourceGraphic]
              [feColorMatrix type="MATRIX" values="1.00 0.00 0.00 0.00 0.00 0.00 1.00 0.00 0.00 0.00 0.00 0.00 1.00 0.00 0.00 0.00 0.00 0.00 0.50 0.00"]
                [SourceGraphic]
          LayoutSVGResourceFilter {filter} [id="arithmetic-subregion"] [filterUnits=objectBoundingBox] [primitiveUnits=userSpaceOnUse]
            [feComposite operation="ARITHMETIC" k1="0.00" k2="1.00" k3="1.00" k4="0.00"]
              [feOffset dx="10.00" dy="10.00"]
                [feColorMatrix type="MATRIX" values="1.00 0.00 0.00 0.00 0.00 0.00 1.00 0.00 0.00 0.00 0.00 0.00 1.00 0.00 0.00 0.00 0.00 0.00 0.50 0.00"]
                  [SourceGraphic]
              [feColorMatrix type="MATRIX" values="1.00 0.00 0.00 0.00 0.00 0.00 1.00 0.00 0.00 0.00 0.00 0.00 1.00 0.00 0.00 0.00 0.00 0.00 0.50 0.00"]
                [SourceGraphic]
      LayoutText {#text} at (0,96) size 4x17
        text run at (0,96) width 4: " "
      LayoutText {#text} at (0,0) size 0x0
      LayoutText {#text} at (184,96) size 4x17
        text run at (184,96) width 4: " "
      LayoutText {#text} at (368,96) size 4x17
        text run at (368,96) width 4: " "
      LayoutText {#text} at (552,96) size 4x17
        text run at (552,96) width 4: " "
      LayoutText {#text} at (736,96) size 4x17
        text run at (736,96) width 4: " "
      LayoutText {#text} at (180,210) size 4x17
        text run at (180,210) width 4: " "
      LayoutText {#text} at (364,210) size 4x17
        text run at (364,210) width 4: " "
      LayoutText {#text} at (548,210) size 4x17
        text run at (548,210) width 4: " "
      LayoutText {#text} at (732,210) size 4x17
        text run at (732,210) width 4: " "
      LayoutText {#text} at (180,324) size 4x17
        text run at (180,324) width 4: " "
      LayoutText {#text} at (364,324) size 4x17
        text run at (364,324) width 4: " "
      LayoutText {#text} at (548,324) size 4x17
        text run at (548,324) width 4: " "
      LayoutText {#text} at (0,0) size 0x0
layer at (22,18) size 160x90
  LayoutImage {IMG} at (14,10) size 160x90
layer at (206,18) size 160x90
  LayoutImage {IMG} at (198,10) size 160x90
layer at (390,18) size 160x90
  LayoutImage {IMG} at (382,10) size 160x90
layer at (574,18) size 160x90
  LayoutImage {IMG} at (566,10) size 160x90
layer at (18,132) size 160x90
  LayoutImage {IMG} at (10,124) size 160x90
layer at (202,132) size 160x90
  LayoutImage {IMG} at (194,124) size 160x90
layer at (386,132) size 160x90
  LayoutImage {IMG} at (378,124) size 160x90
layer at (570,132) size 160x90
  LayoutImage {IMG} at (562,124) size 160x90
layer at (18,246) size 160x90
  LayoutImage {IMG} at (10,238) size 160x90
layer at (202,246) size 160x90
  LayoutImage {IMG} at (194,238) size 160x90
layer at (386,246) size 160x90
  LayoutImage {IMG} at (378,238) size 160x90
layer at (570,246) size 160x90
  LayoutImage {IMG} at (562,238) size 160x90
