layer at (0,0) size 800x600
  LayoutView at (0,0) size 800x600
layer at (0,0) size 800x600
  LayoutBlockFlow {HTML} at (0,0) size 800x600
    LayoutBlockFlow {BODY} at (8,8) size 784x584
      LayoutText {#text} at (160,75) size 4x19
        text run at (160,75) width 4: " "
      LayoutText {#text} at (324,75) size 4x19
        text run at (324,75) width 4: " "
      LayoutText {#text} at (488,75) size 4x19
        text run at (488,75) width 4: " "
      LayoutText {#text} at (652,75) size 4x19
        text run at (652,75) width 4: " "
      LayoutText {#text} at (160,170) size 4x19
        text run at (160,170) width 4: " "
      LayoutText {#text} at (0,0) size 0x0
layer at (8,8) size 160x90 scrollWidth 256 scrollHeight 128
  LayoutBlockFlow {DIV} at (0,0) size 160x90
layer at (172,8) size 160x90 scrollWidth 256 scrollHeight 128
  LayoutBlockFlow {DIV} at (164,0) size 160x90
layer at (336,8) size 160x90 scrollWidth 256 scrollHeight 128
  LayoutBlockFlow {DIV} at (328,0) size 160x90
layer at (500,8) size 160x90 scrollWidth 256 scrollHeight 128
  LayoutBlockFlow {DIV} at (492,0) size 160x90
layer at (8,103) size 160x90 scrollWidth 256 scrollHeight 128
  LayoutBlockFlow {DIV} at (0,95) size 160x90
layer at (172,103) size 160x90 scrollWidth 256 scrollHeight 128
  LayoutBlockFlow {DIV} at (164,95) size 160x90
layer at (8,8) size 256x128 backgroundClip at (8,8) size 160x90 clip at (8,8) size 160x90
  LayoutImage {IMG} at (0,0) size 256x128
layer at (172,8) size 256x128 backgroundClip at (172,8) size 160x90 clip at (172,8) size 160x90
  LayoutImage {IMG} at (0,0) size 256x128
layer at (336,8) size 256x128 backgroundClip at (336,8) size 160x90 clip at (336,8) size 160x90
  LayoutImage {IMG} at (0,0) size 256x128
layer at (500,8) size 256x128 backgroundClip at (500,8) size 160x90 clip at (500,8) size 160x90
  LayoutImage {IMG} at (0,0) size 256x128
layer at (8,103) size 256x128 backgroundClip at (8,103) size 160x90 clip at (8,103) size 160x90
  LayoutImage {IMG} at (0,0) size 256x128
layer at (172,103) size 256x128 backgroundClip at (172,103) size 160x90 clip at (172,103) size 160x90
  LayoutImage {IMG} at (0,0) size 256x128
