layer at (0,0) size 800x600
  LayoutView at (0,0) size 800x600
layer at (0,0) size 800x600
  LayoutBlockFlow {HTML} at (0,0) size 800x600
    LayoutBlockFlow {BODY} at (8,8) size 784x584
      LayoutBlockFlow {DIV} at (0,0) size 160x90
      LayoutText {#text} at (160,113) size 4x19
        text run at (160,113) width 4: " "
      LayoutBlockFlow {DIV} at (164,0) size 160x90
      LayoutText {#text} at (324,113) size 4x19
        text run at (324,113) width 4: " "
      LayoutBlockFlow {DIV} at (328,0) size 160x90
      LayoutText {#text} at (488,113) size 4x19
        text run at (488,113) width 4: " "
      LayoutBlockFlow {DIV} at (492,0) size 160x90
      LayoutText {#text} at (652,113) size 4x19
        text run at (652,113) width 4: " "
      LayoutBlockFlow {DIV} at (0,133) size 160x90
      LayoutText {#text} at (160,246) size 4x19
        text run at (160,246) width 4: " "
      LayoutBlockFlow {DIV} at (164,133) size 160x90
      LayoutText {#text} at (324,246) size 4x19
        text run at (324,246) width 4: " "
      LayoutBlockFlow {DIV} at (328,133) size 160x90
      LayoutText {#text} at (488,246) size 4x19
        text run at (488,246) width 4: " "
      LayoutBlockFlow {DIV} at (492,133) size 160x90
      LayoutText {#text} at (652,246) size 4x19
        text run at (652,246) width 4: " "
      LayoutBlockFlow {DIV} at (0,266) size 160x90
      LayoutText {#text} at (160,379) size 4x19
        text run at (160,379) width 4: " "
      LayoutBlockFlow {DIV} at (164,266) size 160x90
      LayoutText {#text} at (324,379) size 4x19
        text run at (324,379) width 4: " "
      LayoutBlockFlow {DIV} at (328,266) size 160x90
      LayoutText {#text} at (488,379) size 4x19
        text run at (488,379) width 4: " "
      LayoutBlockFlow {DIV} at (492,266) size 160x90
      LayoutText {#text} at (0,0) size 0x0
layer at (8,8) size 256x128
  LayoutImage {IMG} at (0,0) size 256x128
layer at (172,8) size 256x128
  LayoutImage {IMG} at (0,0) size 256x128
layer at (336,8) size 256x128
  LayoutImage {IMG} at (0,0) size 256x128
layer at (500,8) size 256x128
  LayoutImage {IMG} at (0,0) size 256x128
layer at (8,141) size 256x128
  LayoutImage {IMG} at (0,0) size 256x128
layer at (172,141) size 256x128
  LayoutImage {IMG} at (0,0) size 256x128
layer at (336,141) size 256x128
  LayoutImage {IMG} at (0,0) size 256x128
layer at (500,141) size 256x128
  LayoutImage {IMG} at (0,0) size 256x128
layer at (8,274) size 256x128
  LayoutImage {IMG} at (0,0) size 256x128
layer at (172,274) size 256x128
  LayoutImage {IMG} at (0,0) size 256x128
layer at (336,274) size 256x128
  LayoutImage {IMG} at (0,0) size 256x128
layer at (500,274) size 256x128
  LayoutImage {IMG} at (0,0) size 256x128
