layer at (0,0) size 800x600
  LayoutView at (0,0) size 800x600
layer at (0,0) size 800x600
  LayoutBlockFlow {HTML} at (0,0) size 800x600
    LayoutBlockFlow {BODY} at (8,8) size 784x584
      LayoutSVGRoot {svg} at (0,110) size 0x0
        LayoutSVGHiddenContainer {defs} at (0,0) size 0x0
          LayoutSVGResourceFilter {filter} [id="blend"] [filterUnits=objectBoundingBox] [primitiveUnits=userSpaceOnUse]
            [feBlend mode="screen"]
              [feGaussianBlur stdDeviation="5.00, 5.00"]
                [SourceGraphic]
              [SourceGraphic]
          LayoutSVGResourceFilter {filter} [id="blend-s"] [filterUnits=objectBoundingBox] [primitiveUnits=userSpaceOnUse]
            [feBlend mode="screen"]
              [feGaussianBlur stdDeviation="5.00, 5.00"]
                [SourceGraphic]
              [SourceGraphic]
          LayoutSVGResourceFilter {filter} [id="lighting"] [filterUnits=objectBoundingBox] [primitiveUnits=userSpaceOnUse]
            [feBlend mode="multiply"]
              [feColorMatrix type="MATRIX" values="0.00 0.00 0.00 1.00 0.00 0.00 0.00 0.00 1.00 0.00 0.00 0.00 0.00 1.00 0.00 0.00 0.00 0.00 0.00 1.00"]
                [feSpecularLighting surfaceScale="1.00" specualConstant="1.00" specularExponent="1.00"]
                  [SourceGraphic]
              [SourceGraphic]
          LayoutSVGResourceFilter {filter} [id="lighting-s"] [filterUnits=objectBoundingBox] [primitiveUnits=userSpaceOnUse]
            [feBlend mode="multiply"]
              [feColorMatrix type="MATRIX" values="0.00 0.00 0.00 1.00 0.00 0.00 0.00 0.00 1.00 0.00 0.00 0.00 0.00 1.00 0.00 0.00 0.00 0.00 0.00 1.00"]
                [feSpecularLighting surfaceScale="1.00" specualConstant="1.00" specularExponent="1.00"]
                  [SourceGraphic]
              [SourceGraphic]
          LayoutSVGResourceFilter {filter} [id="merge"] [filterUnits=objectBoundingBox] [primitiveUnits=userSpaceOnUse]
            [feMerge mergeNodes="4"]
              [feColorMatrix type="MATRIX" values="1.00 0.00 0.00 0.00 0.00 0.00 1.00 0.00 0.00 0.00 0.00 0.00 1.00 0.00 0.00 0.00 0.00 0.00 0.30 0.00"]
                [SourceGraphic]
              [feOffset dx="5.00" dy="5.00"]
                [feColorMatrix type="MATRIX" values="1.00 0.00 0.00 0.00 0.00 0.00 1.00 0.00 0.00 0.00 0.00 0.00 1.00 0.00 0.00 0.00 0.00 0.00 0.30 0.00"]
                  [SourceGraphic]
              [feOffset dx="10.00" dy="10.00"]
                [feColorMatrix type="MATRIX" values="1.00 0.00 0.00 0.00 0.00 0.00 1.00 0.00 0.00 0.00 0.00 0.00 1.00 0.00 0.00 0.00 0.00 0.00 0.30 0.00"]
                  [SourceGraphic]
              [feOffset dx="15.00" dy="15.00"]
                [feColorMatrix type="MATRIX" values="1.00 0.00 0.00 0.00 0.00 0.00 1.00 0.00 0.00 0.00 0.00 0.00 1.00 0.00 0.00 0.00 0.00 0.00 0.30 0.00"]
                  [SourceGraphic]
          LayoutSVGResourceFilter {filter} [id="merge-s"] [filterUnits=objectBoundingBox] [primitiveUnits=userSpaceOnUse]
            [feMerge mergeNodes="4"]
              [feColorMatrix type="MATRIX" values="1.00 0.00 0.00 0.00 0.00 0.00 1.00 0.00 0.00 0.00 0.00 0.00 1.00 0.00 0.00 0.00 0.00 0.00 0.30 0.00"]
                [SourceGraphic]
              [feOffset dx="5.00" dy="5.00"]
                [feColorMatrix type="MATRIX" values="1.00 0.00 0.00 0.00 0.00 0.00 1.00 0.00 0.00 0.00 0.00 0.00 1.00 0.00 0.00 0.00 0.00 0.00 0.30 0.00"]
                  [SourceGraphic]
              [feOffset dx="10.00" dy="10.00"]
                [feColorMatrix type="MATRIX" values="1.00 0.00 0.00 0.00 0.00 0.00 1.00 0.00 0.00 0.00 0.00 0.00 1.00 0.00 0.00 0.00 0.00 0.00 0.30 0.00"]
                  [SourceGraphic]
              [feOffset dx="15.00" dy="15.00"]
                [feColorMatrix type="MATRIX" values="1.00 0.00 0.00 0.00 0.00 0.00 1.00 0.00 0.00 0.00 0.00 0.00 1.00 0.00 0.00 0.00 0.00 0.00 0.30 0.00"]
                  [SourceGraphic]
      LayoutText {#text} at (0,96) size 4x17
        text run at (0,96) width 4: " "
      LayoutText {#text} at (0,0) size 0x0
      LayoutText {#text} at (184,96) size 4x17
        text run at (184,96) width 4: " "
      LayoutText {#text} at (368,96) size 4x17
        text run at (368,96) width 4: " "
      LayoutText {#text} at (552,96) size 4x17
        text run at (552,96) width 4: " "
      LayoutText {#text} at (736,96) size 4x17
        text run at (736,96) width 4: " "
      LayoutText {#text} at (180,210) size 4x17
        text run at (180,210) width 4: " "
      LayoutText {#text} at (364,210) size 4x17
        text run at (364,210) width 4: " "
      LayoutText {#text} at (0,0) size 0x0
layer at (22,18) size 160x90
  LayoutImage {IMG} at (14,10) size 160x90
layer at (206,18) size 160x90
  LayoutImage {IMG} at (198,10) size 160x90
layer at (390,18) size 160x90
  LayoutImage {IMG} at (382,10) size 160x90
layer at (574,18) size 160x90
  LayoutImage {IMG} at (566,10) size 160x90
layer at (18,132) size 160x90
  LayoutImage {IMG} at (10,124) size 160x90
layer at (202,132) size 160x90
  LayoutImage {IMG} at (194,124) size 160x90
layer at (386,132) size 160x90
  LayoutImage {IMG} at (378,124) size 160x90
