layer at (0,0) size 800x600
  LayoutView at (0,0) size 800x600
layer at (0,0) size 800x600
  LayoutBlockFlow {HTML} at (0,0) size 800x600
    LayoutBlockFlow {BODY} at (8,8) size 784x584
      LayoutText {#text} at (0,0) size 778x39
        text run at (0,0) width 778: "This tests that you can successfully add a DOMSubtreeModified event listener to a link element, and the page should load without"
        text run at (0,20) width 53: "crashing."
