layer at (0,0) size 800x600
  LayoutView at (0,0) size 800x600
layer at (0,0) size 800x600
  LayoutBlockFlow {HTML} at (0,0) size 800x600
    LayoutBlockFlow {BODY} at (8,8) size 784x562
      LayoutBlockFlow {P} at (0,0) size 784x20
        LayoutText {#text} at (0,0) size 172x19
          text run at (0,0) width 172: "This is a regression test for "
        LayoutInline {I} at (0,0) size 595x19
          LayoutInline {A} at (0,0) size 348x19 [color=#0000EE]
            LayoutText {#text} at (172,0) size 348x19
              text run at (172,0) width 348: "http://bugzilla.opendarwin.org/show_bug.cgi?id=7301"
          LayoutText {#text} at (519,0) size 248x19
            text run at (519,0) width 5: " "
            text run at (523,0) width 244: "Text shadow does not repaint correctly"
        LayoutText {#text} at (766,0) size 5x19
          text run at (766,0) width 5: "."
      LayoutBlockFlow {DIV} at (30,68) size 724x21
        LayoutInline {SPAN} at (0,0) size 202x20 [bgcolor=#C0C0C0]
          LayoutText {#text} at (0,0) size 202x20
            text run at (0,0) width 202: "Lorem ipsum dolor sit amet"
        LayoutText {#text} at (0,0) size 0x0
      LayoutBlockFlow {DIV} at (30,119) size 724x21
        LayoutInline {SPAN} at (0,0) size 202x20 [bgcolor=#C0C0C0]
          LayoutText {#text} at (0,0) size 202x20
            text run at (0,0) width 202: "Lorem ipsum dolor sit amet"
        LayoutText {#text} at (0,0) size 0x0
      LayoutBlockFlow {DIV} at (30,170) size 724x21
        LayoutText {#text} at (0,1) size 88x19
          text run at (0,1) width 88: "Lorem ipsum "
        LayoutInline {SPAN} at (0,0) size 100x20 [bgcolor=#C0C0C0]
          LayoutText {#text} at (88,0) size 100x20
            text run at (88,0) width 100: "dolor sit amet"
        LayoutText {#text} at (0,0) size 0x0
      LayoutBlockFlow {DIV} at (30,221) size 724x21
        LayoutInline {SPAN} at (0,0) size 97x20 [bgcolor=#C0C0C0]
          LayoutText {#text} at (0,0) size 97x20
            text run at (0,0) width 97: "Lorem ipsum"
        LayoutText {#text} at (97,1) size 89x19
          text run at (97,1) width 89: " dolor sit amet"
layer at (8,44) size 784x2 clip at (0,0) size 0x0
  LayoutBlockFlow {HR} at (0,36) size 784x2 [border: (1px inset #EEEEEE)]
