layer at (0,0) size 800x600
  LayoutView at (0,0) size 800x600
layer at (0,0) size 800x600
  LayoutBlockFlow {HTML} at (0,0) size 800x600
    LayoutBlockFlow {BODY} at (8,8) size 784x584
      LayoutBlockFlow (anonymous) at (0,0) size 784x20
        LayoutInline {I} at (0,0) size 58x19
          LayoutText {#text} at (0,0) size 58x19
            text run at (0,0) width 58: "Line One"
      LayoutBlockFlow (anonymous) at (0,36) size 784x20
        LayoutBlockFlow {P} at (0,0) size 784x20
          LayoutText {#text} at (0,0) size 59x19
            text run at (0,0) width 59: "Line Two"
      LayoutBlockFlow (anonymous) at (0,72) size 784x20
        LayoutInline {I} at (0,0) size 32x19
          LayoutText {#text} at (0,0) size 32x19
            text run at (0,0) width 32: "Line "
        LayoutText {#text} at (0,0) size 0x0
        LayoutInline {I} at (0,0) size 36x19
          LayoutText {#text} at (32,0) size 36x19
            text run at (32,0) width 36: "Three"
      LayoutBlockFlow (anonymous) at (0,108) size 784x20
        LayoutBlockFlow {P} at (0,0) size 784x20
          LayoutText {#text} at (0,0) size 64x19
            text run at (0,0) width 64: "Line Four"
      LayoutBlockFlow (anonymous) at (0,144) size 784x20
        LayoutInline {I} at (0,0) size 61x19
          LayoutText {#text} at (0,0) size 61x19
            text run at (0,0) width 61: "Line Five"
        LayoutText {#text} at (0,0) size 0x0
