layer at (0,0) size 800x600
  LayoutView at (0,0) size 800x600
layer at (0,0) size 800x600
  LayoutBlockFlow {HTML} at (0,0) size 800x600
    LayoutBlockFlow {BODY} at (8,8) size 784x576
      LayoutBlockFlow {P} at (0,0) size 784x57
        LayoutInline {FONT} at (0,0) size 301x55
          LayoutText {#text} at (0,1) size 301x55
            text run at (0,1) width 301: "First paragraph."
      LayoutBlockFlow (anonymous) at (0,73) size 784x0
        LayoutInline {FONT} at (0,0) size 0x0
          LayoutText {#text} at (0,0) size 0x0
      LayoutBlockFlow (anonymous) at (0,105) size 784x57
        LayoutBlockFlow {P} at (0,0) size 784x57
          LayoutText {#text} at (0,1) size 353x55
            text run at (0,1) width 353: "Second paragraph."
      LayoutBlockFlow (anonymous) at (0,210) size 784x0
        LayoutInline {FONT} at (0,0) size 0x0
        LayoutText {#text} at (0,0) size 0x0
        LayoutInline {B} at (0,0) size 0x0
      LayoutBlockFlow {P} at (0,210) size 784x20
        LayoutInline {B} at (0,0) size 101x19
          LayoutInline {I} at (0,0) size 101x19
            LayoutText {#text} at (0,0) size 101x19
              text run at (0,0) width 101: "Bold and Italic"
        LayoutInline {I} at (0,0) size 37x19
          LayoutText {#text} at (101,0) size 37x19
            text run at (101,0) width 37: " Italic"
