layer at (0,0) size 800x600
  LayoutView at (0,0) size 800x600
layer at (0,0) size 800x600
  LayoutBlockFlow {HTML} at (0,0) size 800x600
    LayoutBlockFlow {BODY} at (8,8) size 784x576
      LayoutBlockFlow {DL} at (0,0) size 784x40
        LayoutBlockFlow {DT} at (0,0) size 784x20
          LayoutInline {B} at (0,0) size 27x19
            LayoutText {#text} at (0,0) size 27x19
              text run at (0,0) width 27: "Boo"
        LayoutBlockFlow {DD} at (40,20) size 744x20
          LayoutInline {B} at (0,0) size 36x19
            LayoutText {#text} at (0,0) size 36x19
              text run at (0,0) width 36: "Goo?"
      LayoutBlockFlow (anonymous) at (0,56) size 784x0
        LayoutInline {B} at (0,0) size 0x0
          LayoutText {#text} at (0,0) size 0x0
