layer at (0,0) size 800x600
  LayoutView at (0,0) size 800x600
layer at (0,0) size 800x600
  LayoutBlockFlow {HTML} at (0,0) size 800x600
    LayoutBlockFlow {BODY} at (8,8) size 784x584
      LayoutBlockFlow (anonymous) at (0,0) size 784x20
        LayoutText {#text} at (0,0) size 315x19
          text run at (0,0) width 315: "The style rule on this page should be totally ignored. "
        LayoutInline {A} at (0,0) size 75x19
          LayoutText {#text} at (315,0) size 75x19
            text run at (315,0) width 75: "here is a link"
        LayoutText {#text} at (0,0) size 0x0
      LayoutBlockFlow {H1} at (0,41.44) size 784x37
        LayoutText {#text} at (0,0) size 109x36
          text run at (0,0) width 109: "heading"
      LayoutBlockFlow (anonymous) at (0,99.88) size 784x100
        LayoutInline {SPAN} at (0,0) size 29x19
          LayoutText {#text} at (0,0) size 29x19
            text run at (0,0) width 29: "issue"
        LayoutBR {BR} at (29,15) size 0x0
        LayoutInline {SPAN} at (0,0) size 17x19
          LayoutText {#text} at (0,20) size 17x19
            text run at (0,20) width 17: "fail"
        LayoutBR {BR} at (17,35) size 0x0
        LayoutInline {A} at (0,0) size 113x19
          LayoutText {#text} at (0,40) size 113x19
            text run at (0,40) width 113: "here is another link"
        LayoutBR {BR} at (113,55) size 0x0
        LayoutInline {SPAN} at (0,0) size 18x19
          LayoutText {#text} at (0,60) size 18x19
            text run at (0,60) width 18: "n/a"
        LayoutBR {BR} at (18,75) size 0x0
        LayoutInline {SPAN} at (0,0) size 27x19
          LayoutText {#text} at (0,80) size 27x19
            text run at (0,80) width 27: "pass"
        LayoutBR {BR} at (27,95) size 0x0
      LayoutBlockFlow {H1} at (0,221.31) size 784x37
        LayoutText {#text} at (0,0) size 224x36
          text run at (0,0) width 224: "another heading"
      LayoutBlockFlow (anonymous) at (0,279.75) size 784x20
        LayoutInline {SPAN} at (0,0) size 18x19
          LayoutText {#text} at (0,0) size 18x19
            text run at (0,0) width 18: "n/a"
        LayoutBR {BR} at (18,15) size 0x0
