layer at (0,0) size 800x600
  LayoutView at (0,0) size 800x600
layer at (0,0) size 800x600
  LayoutBlockFlow {HTML} at (0,0) size 800x600
    LayoutBlockFlow {BODY} at (8,8) size 784x584
      LayoutBlockFlow {CENTER} at (0,0) size 784x20
        LayoutInline {FONT} at (0,0) size 284x19
          LayoutText {#text} at (250,0) size 284x19
            text run at (250,0) width 284: "You should see a 100x100 green Image below."
      LayoutBlockFlow (anonymous) at (0,20) size 784x100
        LayoutInline {FONT} at (0,0) size 100x19
          LayoutBlockFlow {IMG} at (0,0) size 100x100 [bgcolor=#008000]
          LayoutText {#text} at (0,0) size 0x0
      LayoutTable {TABLE} at (0,120) size 6x6
        LayoutTableSection {TBODY} at (0,0) size 6x6
          LayoutTableRow {TR} at (0,2) size 6x2
            LayoutTableCell {TD} at (2,2) size 2x2 [r=0 c=0 rs=1 cs=1]
      LayoutBlockFlow (anonymous) at (0,126) size 784x0
        LayoutInline {FONT} at (0,0) size 0x0
          LayoutText {#text} at (0,0) size 0x0
layer at (8,28) size 100x100 clip at (9,29) size 98x98
  LayoutBlockFlow {SPAN} at (0,0) size 100x100 [border: (1px solid #C0C0C0)]
    LayoutImage (floating) {IMG} at (2,2) size 16x16
    LayoutInline {SPAN} at (0,0) size 37x19
      LayoutText {#text} at (18,2) size 37x19
        text run at (18,2) width 37: "Image"
