layer at (0,0) size 800x600
  LayoutView at (0,0) size 800x600
layer at (0,0) size 800x600
  LayoutBlockFlow {HTML} at (0,0) size 800x600
    LayoutBlockFlow {BODY} at (8,8) size 784x584
      LayoutBlockFlow {CENTER} at (0,0) size 784x0
        LayoutBlockFlow {CENTER} at (0,0) size 784x0
      LayoutBlockFlow (anonymous) at (0,0) size 784x0
        LayoutInline {FONT} at (0,0) size 0x0
          LayoutText {#text} at (0,0) size 0x0
      LayoutTable {TABLE} at (0,0) size 6x8
        LayoutTableSection {TBODY} at (0,0) size 6x8
          LayoutTableRow {TR} at (0,2) size 6x2
            LayoutTableCell {TD} at (2,2) size 2x2 [r=0 c=0 rs=1 cs=1]
          LayoutTableRow {TR} at (0,6) size 6x0
      LayoutTable {TABLE} at (0,8) size 4x4
        LayoutTableSection {TBODY} at (0,0) size 4x4
          LayoutTableRow {TR} at (0,2) size 4x0
      LayoutBlockFlow (anonymous) at (0,12) size 784x0
        LayoutInline {FONT} at (0,0) size 0x0
          LayoutText {#text} at (0,0) size 0x0
      LayoutBlockFlow (anonymous) at (0,28) size 784x0
        LayoutBlockFlow {P} at (0,0) size 784x0
      LayoutBlockFlow (anonymous) at (0,28) size 784x20
        LayoutInline {FONT} at (0,0) size 0x0
          LayoutInline {A} at (0,0) size 0x0
        LayoutInline {A} at (0,0) size 0x0
          LayoutInline {FONT} at (0,0) size 0x0
        LayoutInline {FONT} at (0,0) size 348x19
          LayoutText {#text} at (0,0) size 348x19
            text run at (0,0) width 348: "This page contains an insanely badly-nested tag sequence."
