layer at (0,0) size 800x600
  LayoutView at (0,0) size 800x600
layer at (0,0) size 800x36
  LayoutBlockFlow {html} at (0,0) size 800x36
    LayoutBlockFlow {body} at (8,8) size 784x20
      LayoutBlockFlow (anonymous) at (0,0) size 784x20
        LayoutText {#text} at (0,0) size 26x19
          text run at (0,0) width 26: "Text"
      LayoutTable {table} at (0,20) size 0x0
      LayoutTable (anonymous) at (0,20) size 0x0
        LayoutTableCol {colgroup} at (0,0) size 0x0
