layer at (0,0) size 800x600
  LayoutView at (0,0) size 800x600
layer at (0,0) size 800x600
  LayoutBlockFlow {HTML} at (0,0) size 800x600
    LayoutBlockFlow {BODY} at (8,8) size 784x576
      LayoutBlockFlow {DIV} at (0,0) size 784x20
        LayoutText {#text} at (0,0) size 50x19
          text run at (0,0) width 50: "Test for "
        LayoutInline {A} at (0,0) size 110x19 [color=#0000EE]
          LayoutText {#text} at (50,0) size 110x19
            text run at (50,0) width 110: "Bugzilla Bug 7724"
        LayoutText {#text} at (160,0) size 455x19
          text run at (160,0) width 455: " Minor refactoring to HTMLParser::handleError() to remove duplicate code"
      LayoutBlockFlow {DL} at (0,36) size 784x20
        LayoutText {#text} at (0,0) size 20x19
          text run at (0,0) width 20: "dltr"
