layer at (0,0) size 800x600
  LayoutView at (0,0) size 800x600
layer at (0,0) size 800x600
  LayoutBlockFlow {HTML} at (0,0) size 800x600
    LayoutBlockFlow {BODY} at (8,8) size 784x573.28
      LayoutBlockFlow (anonymous) at (0,0) size 784x20
        LayoutText {#text} at (0,0) size 540x19
          text run at (0,0) width 540: "In this sample, the H3s should be nested. This matches Firefox, IE, and the HTML5 spec."
      LayoutBlockFlow {H3} at (0,38.72) size 784x301.97 [border: (2px solid #FF0000)]
        LayoutBlockFlow (anonymous) at (4,4) size 776x23
          LayoutInline {I} at (0,0) size 33x22
            LayoutText {#text} at (0,0) size 33x22
              text run at (0,0) width 33: "One"
        LayoutBlockFlow (anonymous) at (4,48.89) size 776x227.19
          LayoutBlockFlow {H3} at (0,0) size 776x227.19 [border: (2px solid #FF0000)]
            LayoutBlockFlow (anonymous) at (4,4) size 768x26
              LayoutInline {I} at (0,0) size 37x25
                LayoutText {#text} at (0,0) size 37x25
                  text run at (0,0) width 37: "Two"
            LayoutBlockFlow (anonymous) at (4,55.63) size 768x141.94
              LayoutBlockFlow {H3} at (0,0) size 768x141.94 [border: (2px solid #FF0000)]
                LayoutBlockFlow (anonymous) at (4,4) size 760x31
                  LayoutInline {I} at (0,0) size 64x30
                    LayoutText {#text} at (0,0) size 64x30
                      text run at (0,0) width 64: "Three"
                LayoutBlockFlow (anonymous) at (4,64.97) size 760x43
                  LayoutBlockFlow {H3} at (0,0) size 760x43 [border: (2px solid #FF0000)]
                    LayoutInline {I} at (0,0) size 64x34
                      LayoutText {#text} at (4,4) size 64x34
                        text run at (4,4) width 64: "Four"
                LayoutBlockFlow (anonymous) at (4,137.94) size 760x0
                  LayoutInline {I} at (0,0) size 0x0
            LayoutBlockFlow (anonymous) at (4,223.19) size 768x0
              LayoutInline {I} at (0,0) size 0x0
        LayoutBlockFlow (anonymous) at (4,297.97) size 776x0
          LayoutInline {I} at (0,0) size 0x0
