layer at (0,0) size 800x600
  LayoutView at (0,0) size 800x600
layer at (0,0) size 800x600
  LayoutBlockFlow {HTML} at (0,0) size 800x600
    LayoutBlockFlow {BODY} at (8,8) size 784x576
      LayoutBlockFlow {P} at (0,0) size 784x20
        LayoutText {#text} at (0,0) size 193x19
          text run at (0,0) width 193: "Should say \"SUCCESS\" below:"
      LayoutBlockFlow {DIV} at (0,36) size 784x86 [border: (2px solid #FF0000)]
        LayoutBlockFlow {DIV} at (2,2) size 780x50 [border: (10px solid #008000)]
          LayoutBlockFlow {DIV} at (10,10) size 760x14 [border: (2px solid #0000FF)]
        LayoutTable {TABLE} at (2,52) size 0x0
        LayoutTable {TABLE} at (2,52) size 45x32 [border: (2px outset #808080)]
          LayoutTableSection {TBODY} at (2,2) size 41x28
            LayoutTableRow {TR} at (0,2) size 41x24
              LayoutTableCell {TD} at (2,2) size 37x24 [border: (1px inset #808080)] [r=0 c=0 rs=1 cs=1]
                LayoutText {#text} at (2,2) size 33x19
                  text run at (2,2) width 33: "Table"
      LayoutBlockFlow {P} at (0,138) size 784x20
        LayoutText {#text} at (0,0) size 69x19
          text run at (0,0) width 69: "SUCCESS"
