layer at (0,0) size 800x600
  LayoutView at (0,0) size 800x600
layer at (0,0) size 800x600
  LayoutBlockFlow {HTML} at (0,0) size 800x600
    LayoutBlockFlow {BODY} at (8,8) size 784x584
      LayoutTable {TABLE} at (0,0) size 672x105
        LayoutTableSection {TBODY} at (0,0) size 672x105
          LayoutTableRow {TR} at (0,2) size 672x101
            LayoutTableCell {TD} at (2,41) size 278x22 [r=0 c=0 rs=1 cs=1]
              LayoutText {#text} at (1,1) size 276x19
                text run at (1,1) width 276: "This text should be to the left of the cat image."
            LayoutTableCell {TD} at (282,2) size 100x101 [r=0 c=1 rs=1 cs=1]
              LayoutImage {OBJECT} at (1,1) size 98x99
            LayoutTableCell {TD} at (384,41) size 286x22 [r=0 c=2 rs=1 cs=1]
              LayoutText {#text} at (1,1) size 284x19
                text run at (1,1) width 284: "This text should be to the right of the cat image."
