EDITING DELEGATE: webViewDidChangeSelection:WebViewDidChangeSelectionNotification
EDITING DELEGATE: webViewDidChangeSelection:WebViewDidChangeSelectionNotification
EDITING DELEGATE: webViewDidChange:WebViewDidChangeNotification
EDITING DELEGATE: webViewDidChangeSelection:WebViewDidChangeSelectionNotification
EDITING DELEGATE: webViewDidChange:WebViewDidChangeNotification
EDITING DELEGATE: webViewDidChangeSelection:WebViewDidChangeSelectionNotification
EDITING DELEGATE: webViewDidChange:WebViewDidChangeNotification
layer at (0,0) size 800x600
  LayoutView at (0,0) size 800x600
layer at (0,0) size 800x600
  LayoutBlockFlow {HTML} at (0,0) size 800x600
    LayoutBlockFlow {BODY} at (8,8) size 784x584
      LayoutBlockFlow {DIV} at (0,0) size 784x228 [border: (4px solid #0000FF)]
        LayoutBlockFlow {DIV} at (20,20) size 744x72
          LayoutText {#text} at (0,0) size 66x28
            text run at (0,0) width 66: "Tests: "
          LayoutBR {BR} at (0,0) size 0x0
          LayoutText {#text} at (0,28) size 656x22
            text run at (0,28) width 656: "Our ability to \"edit around\" content the HTML editing code does not yet handle very well. "
          LayoutBR {BR} at (655,45) size 1x0
          LayoutInline {I} at (0,50) size 98x22
            LayoutText {#text} at (0,50) size 98x22
              text run at (0,50) width 98: "For this test: "
          LayoutText {#text} at (97,50) size 188x22
            text run at (97,50) width 188: "Test typing before a table."
        LayoutBlockFlow (anonymous) at (20,92) size 744x22
          LayoutBR {BR} at (0,0) size 0x22
        LayoutBlockFlow {DIV} at (20,114) size 744x94
          LayoutText {#text} at (0,0) size 190x28
            text run at (0,0) width 190: "Expected Results: "
          LayoutBR {BR} at (189,22) size 1x0
          LayoutText {#text} at (0,28) size 700x44
            text run at (0,28) width 700: "The content in the red box must exactly match the content in the green box (except for the border"
            text run at (0,50) width 52: "color). "
          LayoutBR {BR} at (51,67) size 1x0
          LayoutInline {I} at (0,72) size 98x22
            LayoutText {#text} at (0,72) size 98x22
              text run at (0,72) width 98: "For this test: "
          LayoutText {#text} at (97,72) size 443x22
            text run at (97,72) width 443: "Typed text should appear before (on the line above) the table."
      LayoutBlockFlow {DIV} at (0,238) size 784x108 [border: (2px solid #008000)]
        LayoutBlockFlow (anonymous) at (2,2) size 780x28
          LayoutText {#text} at (0,0) size 36x28
            text run at (0,0) width 36: "xxx"
        LayoutTable {TABLE} at (2,30) size 46x76 [border: (1px outset #808080)]
          LayoutTableSection {TBODY} at (1,1) size 44x74
            LayoutTableRow {TR} at (0,2) size 44x22
              LayoutTableCell {TD} at (2,2) size 12x22 [border: (1px inset #808080)] [r=0 c=0 rs=1 cs=1]
                LayoutText {#text} at (2,2) size 8x18
                  text run at (2,2) width 8: "1"
              LayoutTableCell {TD} at (16,2) size 12x22 [border: (1px inset #808080)] [r=0 c=1 rs=1 cs=1]
                LayoutText {#text} at (2,2) size 8x18
                  text run at (2,2) width 8: "2"
              LayoutTableCell {TD} at (30,2) size 12x22 [border: (1px inset #808080)] [r=0 c=2 rs=1 cs=1]
                LayoutText {#text} at (2,2) size 8x18
                  text run at (2,2) width 8: "3"
            LayoutTableRow {TR} at (0,26) size 44x22
              LayoutTableCell {TD} at (2,26) size 12x22 [border: (1px inset #808080)] [r=1 c=0 rs=1 cs=1]
                LayoutText {#text} at (2,2) size 8x18
                  text run at (2,2) width 8: "4"
              LayoutTableCell {TD} at (16,26) size 12x22 [border: (1px inset #808080)] [r=1 c=1 rs=1 cs=1]
                LayoutText {#text} at (2,2) size 8x18
                  text run at (2,2) width 8: "5"
              LayoutTableCell {TD} at (30,26) size 12x22 [border: (1px inset #808080)] [r=1 c=2 rs=1 cs=1]
                LayoutText {#text} at (2,2) size 8x18
                  text run at (2,2) width 8: "6"
            LayoutTableRow {TR} at (0,50) size 44x22
              LayoutTableCell {TD} at (2,50) size 12x22 [border: (1px inset #808080)] [r=2 c=0 rs=1 cs=1]
                LayoutText {#text} at (2,2) size 8x18
                  text run at (2,2) width 8: "7"
              LayoutTableCell {TD} at (16,50) size 12x22 [border: (1px inset #808080)] [r=2 c=1 rs=1 cs=1]
                LayoutText {#text} at (2,2) size 8x18
                  text run at (2,2) width 8: "8"
              LayoutTableCell {TD} at (30,50) size 12x22 [border: (1px inset #808080)] [r=2 c=2 rs=1 cs=1]
                LayoutText {#text} at (2,2) size 8x18
                  text run at (2,2) width 8: "9"
      LayoutBlockFlow {DIV} at (0,356) size 784x108
        LayoutBlockFlow {DIV} at (0,0) size 784x108 [border: (2px solid #FF0000)]
          LayoutBlockFlow (anonymous) at (2,2) size 780x28
            LayoutText {#text} at (0,0) size 36x28
              text run at (0,0) width 36: "xxx"
          LayoutTable {TABLE} at (2,30) size 46x76 [border: (1px outset #808080)]
            LayoutTableSection {TBODY} at (1,1) size 44x74
              LayoutTableRow {TR} at (0,2) size 44x22
                LayoutTableCell {TD} at (2,2) size 12x22 [border: (1px inset #808080)] [r=0 c=0 rs=1 cs=1]
                  LayoutText {#text} at (2,2) size 8x18
                    text run at (2,2) width 8: "1"
                LayoutTableCell {TD} at (16,2) size 12x22 [border: (1px inset #808080)] [r=0 c=1 rs=1 cs=1]
                  LayoutText {#text} at (2,2) size 8x18
                    text run at (2,2) width 8: "2"
                LayoutTableCell {TD} at (30,2) size 12x22 [border: (1px inset #808080)] [r=0 c=2 rs=1 cs=1]
                  LayoutText {#text} at (2,2) size 8x18
                    text run at (2,2) width 8: "3"
              LayoutTableRow {TR} at (0,26) size 44x22
                LayoutTableCell {TD} at (2,26) size 12x22 [border: (1px inset #808080)] [r=1 c=0 rs=1 cs=1]
                  LayoutText {#text} at (2,2) size 8x18
                    text run at (2,2) width 8: "4"
                LayoutTableCell {TD} at (16,26) size 12x22 [border: (1px inset #808080)] [r=1 c=1 rs=1 cs=1]
                  LayoutText {#text} at (2,2) size 8x18
                    text run at (2,2) width 8: "5"
                LayoutTableCell {TD} at (30,26) size 12x22 [border: (1px inset #808080)] [r=1 c=2 rs=1 cs=1]
                  LayoutText {#text} at (2,2) size 8x18
                    text run at (2,2) width 8: "6"
              LayoutTableRow {TR} at (0,50) size 44x22
                LayoutTableCell {TD} at (2,50) size 12x22 [border: (1px inset #808080)] [r=2 c=0 rs=1 cs=1]
                  LayoutText {#text} at (2,2) size 8x18
                    text run at (2,2) width 8: "7"
                LayoutTableCell {TD} at (16,50) size 12x22 [border: (1px inset #808080)] [r=2 c=1 rs=1 cs=1]
                  LayoutText {#text} at (2,2) size 8x18
                    text run at (2,2) width 8: "8"
                LayoutTableCell {TD} at (30,50) size 12x22 [border: (1px inset #808080)] [r=2 c=2 rs=1 cs=1]
                  LayoutText {#text} at (2,2) size 8x18
                    text run at (2,2) width 8: "9"
caret: position 3 of child 1 {#text} of child 1 {DIV} of child 5 {DIV} of body
