layer at (0,0) size 800x600
  LayoutView at (0,0) size 800x600
layer at (0,0) size 800x58
  LayoutBlockFlow {HTML} at (0,0) size 800x58
    LayoutBlockFlow {BODY} at (8,16) size 784x114
      LayoutBlockFlow {P} at (0,0) size 784x18
        LayoutText {#text} at (0,0) size 371x18
          text run at (0,0) width 371: "This page should have one square green block and no red."
      LayoutBlockFlow {DIV} at (0,34) size 80x80 [bgcolor=#FF0000]
      LayoutBlockFlow (floating) {DIV} at (0,34) size 80x80 [bgcolor=#008000]
        LayoutBlockFlow (anonymous) at (0,0) size 80x0
          LayoutInline {SPAN} at (0,0) size 0x0
        LayoutBlockFlow (anonymous) at (0,80) size 80x0
          LayoutBlockFlow {DIV} at (40,0) size 0x0 [bgcolor=#FF0000]
        LayoutBlockFlow (anonymous) at (0,80) size 80x0
          LayoutInline {SPAN} at (0,0) size 0x0
          LayoutText {#text} at (0,0) size 0x0
