layer at (0,0) size 800x600
  LayoutView at (0,0) size 800x600
layer at (0,0) size 800x483
  LayoutBlockFlow {HTML} at (0,0) size 800x483
    LayoutBlockFlow {BODY} at (8,16) size 784x451
      LayoutBlockFlow {P} at (0,0) size 784x18
        LayoutText {#text} at (0,0) size 515x18
          text run at (0,0) width 515: "The following two columns should be pixel perfect identical with no red visible."
      LayoutTable {TABLE} at (0,34) size 80x383 [border: (3px solid #000000)]
        LayoutTableSection {TBODY} at (3,3) size 74x377
          LayoutTableRow {TR} at (0,0) size 74x377
            LayoutTableCell {TD} at (0,0) size 37x377 [bgcolor=#FFA500] [r=0 c=0 rs=1 cs=1]
              LayoutBlockFlow (anonymous) at (0,0) size 37x0
                LayoutInline {SPAN} at (0,0) size 0x0
              LayoutBlockFlow (anonymous) at (0,50) size 37x277
              LayoutBlockFlow (anonymous) at (0,377) size 37x0
                LayoutInline {SPAN} at (0,0) size 0x0
            LayoutTableCell {TD} at (37,0) size 37x377 [bgcolor=#FFA500] [r=0 c=1 rs=1 cs=1]
              LayoutBlockFlow {DIV} at (0,50) size 37x277 [bgcolor=#0000FF]
                LayoutBlockFlow {DIV} at (0,0) size 37x59 [bgcolor=#FFFF00]
                  LayoutText {#text} at (0,0) size 37x59
                    text run at (0,0) width 37: "A"
                LayoutBlockFlow {DIV} at (0,109) size 37x59 [bgcolor=#00FF00]
                  LayoutText {#text} at (0,0) size 34x59
                    text run at (0,0) width 34: "B"
                LayoutBlockFlow {DIV} at (0,218) size 37x59 [bgcolor=#00FFFF]
                  LayoutText {#text} at (0,0) size 34x59
                    text run at (0,0) width 34: "C"
      LayoutBlockFlow {P} at (0,433) size 784x18
        LayoutText {#text} at (0,0) size 266x18
          text run at (0,0) width 266: "This test is meaningless if you don't pass "
        LayoutInline {A} at (0,0) size 51x18 [color=#0000EE]
          LayoutText {#text} at (265,0) size 51x18
            text run at (265,0) width 51: "test 006"
        LayoutText {#text} at (315,0) size 5x18
          text run at (315,0) width 5: "."
layer at (11,103) size 37x277
  LayoutBlockFlow (relative positioned) {DIV} at (0,0) size 37x277 [bgcolor=#0000FF]
    LayoutBlockFlow (anonymous) at (0,0) size 37x0
      LayoutInline {SPAN} at (0,0) size 0x0
    LayoutBlockFlow (anonymous) at (0,0) size 37x59
    LayoutBlockFlow (anonymous) at (0,109) size 37x0
      LayoutInline {SPAN} at (0,0) size 0x0
      LayoutText {#text} at (0,0) size 0x0
      LayoutInline {SPAN} at (0,0) size 0x0
    LayoutBlockFlow (anonymous) at (0,109) size 37x0
    LayoutBlockFlow (anonymous) at (0,109) size 37x0
      LayoutInline {SPAN} at (0,0) size 0x0
      LayoutText {#text} at (0,0) size 0x0
      LayoutInline {SPAN} at (0,0) size 0x0
    LayoutBlockFlow (anonymous) at (0,109) size 37x0
    LayoutBlockFlow (anonymous) at (0,109) size 37x0
      LayoutInline {SPAN} at (0,0) size 0x0
      LayoutText {#text} at (0,0) size 0x0
      LayoutInline {SPAN} at (0,0) size 0x0
    LayoutBlockFlow (anonymous) at (0,109) size 37x59
    LayoutBlockFlow (anonymous) at (0,218) size 37x0
      LayoutInline {SPAN} at (0,0) size 0x0
      LayoutText {#text} at (0,0) size 0x0
      LayoutInline {SPAN} at (0,0) size 0x0
    LayoutBlockFlow (anonymous) at (0,218) size 37x59
    LayoutBlockFlow (anonymous) at (0,327) size 37x0
      LayoutInline {SPAN} at (0,0) size 0x0
      LayoutText {#text} at (0,0) size 0x0
layer at (11,103) size 37x59
  LayoutBlockFlow (relative positioned) {DIV} at (0,0) size 37x59 [bgcolor=#FF0000]
    LayoutBlockFlow (anonymous) at (0,0) size 37x0
      LayoutInline {SPAN} at (0,0) size 0x0
    LayoutBlockFlow (anonymous) at (0,0) size 37x59
    LayoutBlockFlow (anonymous) at (0,109) size 37x0
      LayoutInline {SPAN} at (0,0) size 0x0
        LayoutInline {SPAN} at (0,0) size 0x0
    LayoutBlockFlow (anonymous) at (0,109) size 37x0
    LayoutBlockFlow (anonymous) at (0,109) size 37x0
      LayoutInline {SPAN} at (0,0) size 0x0
        LayoutInline {SPAN} at (0,0) size 0x0
layer at (11,103) size 37x59
  LayoutBlockFlow (relative positioned) {DIV} at (0,0) size 37x59 [bgcolor=#FF0000]
    LayoutBlockFlow (anonymous) at (0,0) size 37x0
      LayoutInline {SPAN} at (0,0) size 0x0
    LayoutBlockFlow (anonymous) at (0,0) size 37x59
    LayoutBlockFlow (anonymous) at (0,109) size 37x0
      LayoutInline {SPAN} at (0,0) size 0x0
layer at (11,103) size 37x59
  LayoutBlockFlow (relative positioned) {DIV} at (0,0) size 37x59 [bgcolor=#FFFF00]
    LayoutText {#text} at (0,0) size 37x59
      text run at (0,0) width 37: "A"
layer at (11,212) size 37x0
  LayoutBlockFlow (relative positioned) {DIV} at (0,0) size 37x0 [bgcolor=#FF0000]
layer at (11,212) size 37x0
  LayoutBlockFlow (relative positioned) {DIV} at (0,0) size 37x0 [bgcolor=#FF0000]
layer at (11,212) size 37x0
  LayoutBlockFlow (relative positioned) {DIV} at (0,0) size 37x0 [bgcolor=#FF0000]
    LayoutBlockFlow (anonymous) at (0,0) size 37x0
      LayoutInline {SPAN} at (0,0) size 0x0
    LayoutBlockFlow (anonymous) at (0,0) size 37x0
    LayoutBlockFlow (anonymous) at (0,0) size 37x0
      LayoutInline {SPAN} at (0,0) size 0x0
layer at (11,212) size 37x0
  LayoutBlockFlow (relative positioned) {DIV} at (0,0) size 37x0 [bgcolor=#FF0000]
layer at (11,212) size 37x59
  LayoutBlockFlow (relative positioned) {DIV} at (0,0) size 37x59 [bgcolor=#FF0000]
    LayoutBlockFlow (anonymous) at (0,0) size 37x0
      LayoutInline {SPAN} at (0,0) size 0x0
    LayoutBlockFlow (anonymous) at (0,0) size 37x59
    LayoutBlockFlow (anonymous) at (0,109) size 37x0
      LayoutInline {SPAN} at (0,0) size 0x0
layer at (11,212) size 37x59
  LayoutBlockFlow (relative positioned) {DIV} at (0,0) size 37x59 [bgcolor=#00FF00]
    LayoutBlockFlow (anonymous) at (0,0) size 37x0
      LayoutInline {SPAN} at (0,0) size 0x0
    LayoutBlockFlow (anonymous) at (0,0) size 37x0
    LayoutBlockFlow (anonymous) at (0,0) size 37x59
      LayoutInline {SPAN} at (0,0) size 0x0
      LayoutText {#text} at (0,0) size 34x59
        text run at (0,0) width 34: "B"
layer at (11,212) size 37x0
  LayoutBlockFlow (relative positioned) {DIV} at (0,0) size 37x0 [bgcolor=#FF0000]
layer at (11,321) size 37x59
  LayoutBlockFlow (relative positioned) {DIV} at (0,0) size 37x59 [bgcolor=#00FFFF]
    LayoutText {#text} at (0,0) size 34x59
      text run at (0,0) width 34: "C"
