layer at (0,0) size 800x600
  LayoutView at (0,0) size 800x600
layer at (0,0) size 800x356
  LayoutBlockFlow {HTML} at (0,0) size 800x356
    LayoutBlockFlow {BODY} at (8,16) size 784x324
      LayoutBlockFlow {P} at (0,0) size 784x18
        LayoutText {#text} at (0,0) size 587x18
          text run at (0,0) width 587: "The square should consist of exactly five equal bands, orange, lime, orange, yellow, orange."
      LayoutTable {TABLE} at (0,34) size 256x256 [bgcolor=#FFA500] [border: (3px solid #000000)]
        LayoutTableSection {TBODY} at (3,3) size 250x250
          LayoutTableRow {TR} at (0,0) size 250x250
            LayoutTableCell {TD} at (0,0) size 50x250 [r=0 c=0 rs=1 cs=1]
              LayoutBlockFlow (anonymous) at (0,0) size 50x0
                LayoutInline {SPAN} at (0,0) size 0x0
              LayoutBlockFlow (anonymous) at (0,50) size 50x50
                LayoutBlockFlow {DIV} at (0,0) size 50x50 [bgcolor=#00FF00]
              LayoutBlockFlow (anonymous) at (0,150) size 50x0
                LayoutInline {SPAN} at (0,0) size 0x0
                LayoutText {#text} at (0,0) size 0x0
                LayoutInline {SPAN} at (0,0) size 0x0
              LayoutBlockFlow (anonymous) at (0,150) size 50x0
                LayoutBlockFlow {DIV} at (0,0) size 50x0 [bgcolor=#FF0000]
              LayoutBlockFlow (anonymous) at (0,150) size 50x0
                LayoutInline {SPAN} at (0,0) size 0x0
                LayoutText {#text} at (0,0) size 0x0
                LayoutInline {SPAN} at (0,0) size 0x0
              LayoutBlockFlow (anonymous) at (0,150) size 50x50
                LayoutBlockFlow {DIV} at (0,0) size 50x50 [bgcolor=#FFFF00]
              LayoutBlockFlow (anonymous) at (0,250) size 50x0
                LayoutInline {SPAN} at (0,0) size 0x0
                LayoutText {#text} at (0,0) size 0x0
            LayoutTableCell {TD} at (50,0) size 50x250 [r=0 c=1 rs=1 cs=1]
              LayoutBlockFlow (anonymous) at (0,0) size 50x0
                LayoutInline {SPAN} at (0,0) size 0x0
              LayoutBlockFlow (anonymous) at (0,50) size 50x50
                LayoutBlockFlow {DIV} at (0,0) size 50x50 [bgcolor=#00FF00]
              LayoutBlockFlow (anonymous) at (0,150) size 50x0
                LayoutInline {SPAN} at (0,0) size 0x0
                LayoutText {#text} at (0,0) size 0x0
                LayoutInline {SPAN} at (0,0) size 0x0
              LayoutBlockFlow (anonymous) at (0,150) size 50x0
                LayoutBlockFlow {DIV} at (0,0) size 50x0 [bgcolor=#FF0000]
              LayoutBlockFlow (anonymous) at (0,150) size 50x0
                LayoutInline {SPAN} at (0,0) size 0x0
                LayoutText {#text} at (0,0) size 0x0
                LayoutInline {SPAN} at (0,0) size 0x0
              LayoutBlockFlow (anonymous) at (0,150) size 50x50
                LayoutBlockFlow {DIV} at (0,0) size 50x50 [bgcolor=#FFFF00]
              LayoutBlockFlow (anonymous) at (0,250) size 50x0
                LayoutInline {SPAN} at (0,0) size 0x0
                LayoutText {#text} at (0,0) size 0x0
            LayoutTableCell {TD} at (100,0) size 50x250 [r=0 c=2 rs=1 cs=1]
              LayoutBlockFlow (anonymous) at (0,0) size 50x0
                LayoutInline {SPAN} at (0,0) size 0x0
              LayoutBlockFlow (anonymous) at (0,50) size 50x50
                LayoutBlockFlow {DIV} at (0,0) size 50x50 [bgcolor=#00FF00]
              LayoutBlockFlow (anonymous) at (0,100) size 50x0
                LayoutInline {SPAN} at (0,0) size 0x0
                LayoutText {#text} at (0,0) size 0x0
                LayoutInline {SPAN} at (0,0) size 0x0
              LayoutBlockFlow (anonymous) at (0,150) size 50x0
                LayoutBlockFlow {DIV} at (0,0) size 50x0 [bgcolor=#FF0000]
              LayoutBlockFlow (anonymous) at (0,150) size 50x0
                LayoutInline {SPAN} at (0,0) size 0x0
                LayoutText {#text} at (0,0) size 0x0
                LayoutInline {SPAN} at (0,0) size 0x0
              LayoutBlockFlow (anonymous) at (0,150) size 50x50
                LayoutBlockFlow {DIV} at (0,0) size 50x50 [bgcolor=#FFFF00]
              LayoutBlockFlow (anonymous) at (0,250) size 50x0
                LayoutInline {SPAN} at (0,0) size 0x0
                LayoutText {#text} at (0,0) size 0x0
            LayoutTableCell {TD} at (150,0) size 50x250 [r=0 c=3 rs=1 cs=1]
              LayoutBlockFlow (anonymous) at (0,0) size 50x0
                LayoutInline {SPAN} at (0,0) size 0x0
              LayoutBlockFlow (anonymous) at (0,50) size 50x50
                LayoutBlockFlow {DIV} at (0,0) size 50x50 [bgcolor=#00FF00]
              LayoutBlockFlow (anonymous) at (0,200) size 50x0
                LayoutInline {SPAN} at (0,0) size 0x0
                LayoutText {#text} at (0,0) size 0x0
                LayoutInline {SPAN} at (0,0) size 0x0
              LayoutBlockFlow (anonymous) at (0,200) size 50x0
                LayoutBlockFlow {DIV} at (0,0) size 50x0 [bgcolor=#FF0000]
              LayoutBlockFlow (anonymous) at (0,200) size 50x0
                LayoutInline {SPAN} at (0,0) size 0x0
                LayoutText {#text} at (0,0) size 0x0
                LayoutInline {SPAN} at (0,0) size 0x0
              LayoutBlockFlow (anonymous) at (0,150) size 50x50
                LayoutBlockFlow {DIV} at (0,0) size 50x50 [bgcolor=#FFFF00]
              LayoutBlockFlow (anonymous) at (0,250) size 50x0
                LayoutInline {SPAN} at (0,0) size 0x0
                LayoutText {#text} at (0,0) size 0x0
            LayoutTableCell {TD} at (200,0) size 50x250 [r=0 c=4 rs=1 cs=1]
              LayoutBlockFlow (anonymous) at (0,0) size 50x0
                LayoutInline {SPAN} at (0,0) size 0x0
              LayoutBlockFlow (anonymous) at (0,50) size 50x50
                LayoutBlockFlow {DIV} at (0,0) size 50x50 [bgcolor=#00FF00]
              LayoutBlockFlow (anonymous) at (0,50) size 50x0
                LayoutInline {SPAN} at (0,0) size 0x0
                LayoutText {#text} at (0,0) size 0x0
                LayoutInline {SPAN} at (0,0) size 0x0
              LayoutBlockFlow (anonymous) at (0,100) size 50x0
                LayoutBlockFlow {DIV} at (0,0) size 50x0 [bgcolor=#FF0000]
              LayoutBlockFlow (anonymous) at (0,100) size 50x0
                LayoutInline {SPAN} at (0,0) size 0x0
                LayoutText {#text} at (0,0) size 0x0
                LayoutInline {SPAN} at (0,0) size 0x0
              LayoutBlockFlow (anonymous) at (0,150) size 50x50
                LayoutBlockFlow {DIV} at (0,0) size 50x50 [bgcolor=#FFFF00]
              LayoutBlockFlow (anonymous) at (0,250) size 50x0
                LayoutInline {SPAN} at (0,0) size 0x0
                LayoutText {#text} at (0,0) size 0x0
      LayoutBlockFlow {P} at (0,306) size 784x18
        LayoutText {#text} at (0,0) size 266x18
          text run at (0,0) width 266: "This test is meaningless if you don't pass "
        LayoutInline {A} at (0,0) size 51x18 [color=#0000EE]
          LayoutText {#text} at (265,0) size 51x18
            text run at (265,0) width 51: "test 006"
        LayoutText {#text} at (315,0) size 5x18
          text run at (315,0) width 5: "."
