layer at (0,0) size 800x600
  LayoutView at (0,0) size 800x600
layer at (0,0) size 800x232
  LayoutBlockFlow {HTML} at (0,0) size 800x232
    LayoutBlockFlow {BODY} at (8,16) size 784x208
      LayoutBlockFlow {P} at (0,0) size 784x36
        LayoutText {#text} at (0,0) size 632x18
          text run at (0,0) width 632: "The following box should contain exactly three bands, one yellow, one orange, and one lime, with "
        LayoutInline {STRONG} at (0,0) size 749x36
          LayoutText {#text} at (631,0) size 749x36
            text run at (631,0) width 118: "absolutely no red"
            text run at (0,18) width 44: "visible"
        LayoutText {#text} at (43,18) size 5x18
          text run at (43,18) width 5: "."
      LayoutTable {TABLE} at (0,52) size 106x156 [bgcolor=#FF0000] [border: (3px solid #000000)]
        LayoutTableSection {TBODY} at (3,3) size 100x150
          LayoutTableRow {TR} at (0,0) size 100x150
            LayoutTableCell {TD} at (0,0) size 50x150 [r=0 c=0 rs=1 cs=1]
              LayoutBlockFlow (anonymous) at (0,0) size 50x0
                LayoutInline {SPAN} at (0,0) size 0x0
              LayoutBlockFlow (anonymous) at (0,0) size 50x150
                LayoutBlockFlow {DIV} at (0,0) size 50x150 [bgcolor=#FFA500]
                  LayoutBlockFlow (anonymous) at (0,0) size 50x0
                    LayoutInline {SPAN} at (0,0) size 0x0
                  LayoutBlockFlow (anonymous) at (0,0) size 50x50
                    LayoutBlockFlow {DIV} at (0,0) size 50x50 [bgcolor=#FF0000]
                      LayoutBlockFlow (anonymous) at (0,0) size 50x0
                        LayoutInline {SPAN} at (0,0) size 0x0
                      LayoutBlockFlow (anonymous) at (0,0) size 50x50
                        LayoutBlockFlow {DIV} at (0,0) size 50x50 [bgcolor=#FFFF00]
                      LayoutBlockFlow (anonymous) at (0,100) size 50x0
                        LayoutInline {SPAN} at (0,0) size 0x0
                        LayoutText {#text} at (0,0) size 0x0
                  LayoutBlockFlow (anonymous) at (0,100) size 50x0
                    LayoutInline {SPAN} at (0,0) size 0x0
                    LayoutText {#text} at (0,0) size 0x0
                    LayoutInline {SPAN} at (0,0) size 0x0
                  LayoutBlockFlow (anonymous) at (0,100) size 50x50
                    LayoutBlockFlow {DIV} at (0,0) size 50x50 [bgcolor=#00FF00]
                  LayoutBlockFlow (anonymous) at (0,150) size 50x0
                    LayoutInline {SPAN} at (0,0) size 0x0
                    LayoutText {#text} at (0,0) size 0x0
              LayoutBlockFlow (anonymous) at (0,150) size 50x0
                LayoutInline {SPAN} at (0,0) size 0x0
                LayoutText {#text} at (0,0) size 0x0
            LayoutTableCell {TD} at (50,0) size 50x150 [r=0 c=1 rs=1 cs=1]
              LayoutBlockFlow {DIV} at (0,0) size 50x50 [border: (50px solid #FFFF00) none]
              LayoutBlockFlow {DIV} at (0,50) size 50x50 [border: (50px solid #FFA500) none]
              LayoutBlockFlow {DIV} at (0,100) size 50x50 [border: (50px solid #00FF00) none]
