layer at (0,0) size 800x600
  LayoutView at (0,0) size 800x600
layer at (0,0) size 800x206
  LayoutBlockFlow {HTML} at (0,0) size 800x206
    LayoutBlockFlow {BODY} at (8,16) size 784x174
      LayoutBlockFlow {P} at (0,0) size 784x18
        LayoutText {#text} at (0,0) size 233x18
          text run at (0,0) width 233: "There should be no red on this page."
      LayoutTable {TABLE} at (0,34) size 156x106 [bgcolor=#FF0000] [border: (3px solid #000000)]
        LayoutTableSection {TBODY} at (3,3) size 150x100
          LayoutTableRow {TR} at (0,0) size 150x100
            LayoutTableCell {TD} at (0,0) size 50x100 [r=0 c=0 rs=1 cs=1]
              LayoutBlockFlow (anonymous) at (0,0) size 50x0
                LayoutInline {SPAN} at (0,0) size 0x0
              LayoutBlockFlow (anonymous) at (0,0) size 50x55
                LayoutBlockFlow {DIV} at (0,0) size 50x55 [bgcolor=#00FF00]
                  LayoutBlockFlow (anonymous) at (0,0) size 50x0
                    LayoutInline {SPAN} at (0,0) size 0x0
                  LayoutBlockFlow (anonymous) at (0,0) size 50x50
                    LayoutBlockFlow {DIV} at (0,0) size 50x50 [bgcolor=#00FF00]
                  LayoutBlockFlow (anonymous) at (0,100) size 50x0
                    LayoutInline {SPAN} at (0,0) size 0x0
                    LayoutText {#text} at (0,0) size 0x0
              LayoutBlockFlow (anonymous) at (0,55) size 50x0
                LayoutInline {SPAN} at (0,0) size 0x0
                LayoutText {#text} at (0,0) size 0x0
                LayoutInline {SPAN} at (0,0) size 0x0
              LayoutBlockFlow (anonymous) at (0,55) size 50x45
                LayoutBlockFlow {DIV} at (0,0) size 50x45 [bgcolor=#00FF00]
              LayoutBlockFlow (anonymous) at (0,100) size 50x0
                LayoutInline {SPAN} at (0,0) size 0x0
                LayoutText {#text} at (0,0) size 0x0
            LayoutTableCell {TD} at (50,0) size 50x100 [r=0 c=1 rs=1 cs=1]
              LayoutBlockFlow (anonymous) at (0,0) size 50x0
                LayoutInline {SPAN} at (0,0) size 0x0
              LayoutBlockFlow (anonymous) at (0,0) size 50x50
                LayoutBlockFlow {DIV} at (0,0) size 50x50 [bgcolor=#00FF00]
                  LayoutBlockFlow (anonymous) at (0,0) size 50x0
                    LayoutInline {SPAN} at (0,0) size 0x0
                  LayoutBlockFlow (anonymous) at (0,0) size 50x50
                    LayoutBlockFlow {DIV} at (0,0) size 50x50 [bgcolor=#00FF00]
                  LayoutBlockFlow (anonymous) at (0,100) size 50x0
                    LayoutInline {SPAN} at (0,0) size 0x0
                    LayoutText {#text} at (0,0) size 0x0
              LayoutBlockFlow (anonymous) at (0,50) size 50x0
                LayoutInline {SPAN} at (0,0) size 0x0
                LayoutText {#text} at (0,0) size 0x0
                LayoutInline {SPAN} at (0,0) size 0x0
              LayoutBlockFlow (anonymous) at (0,50) size 50x50
                LayoutBlockFlow {DIV} at (0,0) size 50x50 [bgcolor=#00FF00]
              LayoutBlockFlow (anonymous) at (0,100) size 50x0
                LayoutInline {SPAN} at (0,0) size 0x0
                LayoutText {#text} at (0,0) size 0x0
            LayoutTableCell {TD} at (100,0) size 50x100 [r=0 c=2 rs=1 cs=1]
              LayoutBlockFlow (anonymous) at (0,0) size 50x0
                LayoutInline {SPAN} at (0,0) size 0x0
              LayoutBlockFlow (anonymous) at (0,0) size 50x45
                LayoutBlockFlow {DIV} at (0,0) size 50x45 [bgcolor=#00FF00]
                  LayoutBlockFlow (anonymous) at (0,0) size 50x0
                    LayoutInline {SPAN} at (0,0) size 0x0
                  LayoutBlockFlow (anonymous) at (0,0) size 50x50
                    LayoutBlockFlow {DIV} at (0,0) size 50x50 [bgcolor=#00FF00]
                  LayoutBlockFlow (anonymous) at (0,100) size 50x0
                    LayoutInline {SPAN} at (0,0) size 0x0
                    LayoutText {#text} at (0,0) size 0x0
              LayoutBlockFlow (anonymous) at (0,45) size 50x0
                LayoutInline {SPAN} at (0,0) size 0x0
                LayoutText {#text} at (0,0) size 0x0
                LayoutInline {SPAN} at (0,0) size 0x0
              LayoutBlockFlow (anonymous) at (0,45) size 50x55
                LayoutBlockFlow {DIV} at (0,0) size 50x55 [bgcolor=#00FF00]
              LayoutBlockFlow (anonymous) at (0,100) size 50x0
                LayoutInline {SPAN} at (0,0) size 0x0
                LayoutText {#text} at (0,0) size 0x0
      LayoutBlockFlow {P} at (0,156) size 784x18
        LayoutText {#text} at (0,0) size 62x18
          text run at (0,0) width 62: "See also: "
        LayoutInline {A} at (0,0) size 76x18 [color=#0000EE]
          LayoutText {#text} at (61,0) size 76x18
            text run at (61,0) width 76: "prerequisite"
        LayoutText {#text} at (136,0) size 5x18
          text run at (136,0) width 5: "."
