layer at (0,0) size 800x600
  LayoutView at (0,0) size 800x600
layer at (0,0) size 800x224
  LayoutBlockFlow {HTML} at (0,0) size 800x224
    LayoutBlockFlow {BODY} at (8,16) size 784x200
      LayoutBlockFlow {P} at (0,0) size 784x18
        LayoutText {#text} at (0,0) size 300x18
          text run at (0,0) width 300: "The following two squares should be identical."
      LayoutTable {TABLE} at (0,34) size 316x166
        LayoutTableSection {TBODY} at (0,0) size 316x166
          LayoutTableRow {TR} at (0,16) size 316x134
            LayoutTableCell {TD} at (16,16) size 134x134 [bgcolor=#FF0000] [border: (3px solid #000000)] [r=0 c=0 rs=1 cs=1]
              LayoutBlockFlow {DIV} at (3,3) size 128x128 [bgcolor=#00FF00]
                LayoutBlockFlow (anonymous) at (0,0) size 128x0
                  LayoutBlockFlow (floating) {DIV} at (0,0) size 64x64 [bgcolor=#00FFFF]
                  LayoutInline {SPAN} at (0,0) size 0x0
                LayoutBlockFlow (anonymous) at (0,0) size 128x128
                  LayoutBlockFlow {DIV} at (0,64) size 128x0 [bgcolor=#FF0000]
                  LayoutBlockFlow {DIV} at (0,64) size 128x64 [border: (32px solid #FFFF00)]
                LayoutBlockFlow (anonymous) at (0,128) size 128x0
                  LayoutInline {SPAN} at (0,0) size 0x0
                  LayoutText {#text} at (0,0) size 0x0
            LayoutTableCell {TD} at (166,16) size 134x134 [bgcolor=#FF0000] [border: (3px solid #000000)] [r=0 c=1 rs=1 cs=1]
              LayoutTable {TABLE} at (3,3) size 128x128
                LayoutTableSection {TBODY} at (0,0) size 128x128
                  LayoutTableRow {TR} at (0,0) size 128x64
                    LayoutTableCell {TD} at (0,32) size 64x0 [bgcolor=#00FFFF] [r=0 c=0 rs=1 cs=1]
                    LayoutTableCell {TD} at (64,32) size 64x0 [bgcolor=#00FF00] [r=0 c=1 rs=1 cs=1]
                  LayoutTableRow {TR} at (0,64) size 128x64
                    LayoutTableCell {TD} at (0,96) size 128x0 [bgcolor=#FFFF00] [r=1 c=0 rs=1 cs=2]
