layer at (0,0) size 800x600
  LayoutView at (0,0) size 800x600
layer at (0,0) size 800x80
  LayoutBlockFlow {HTML} at (0,0) size 800x80.17
    LayoutBlockFlow {BODY} at (8,13.39) size 784x53.39 [color=#008000]
      LayoutBlockFlow {H1} at (0,0) size 784x20 [color=#FF0000]
        LayoutText {#text} at (0,0) size 580x20
          text run at (0,0) width 580: "This should be red, not green"
      LayoutBlockFlow {H1} at (0,33.39) size 784x20 [color=#000080]
        LayoutText {#text} at (0,0) size 600x20
          text run at (0,0) width 600: "This should be blue, not green"
