layer at (0,0) size 800x600
  LayoutView at (0,0) size 800x600
layer at (0,0) size 800x600
  LayoutBlockFlow {HTML} at (0,0) size 800x600
    LayoutBlockFlow {BODY} at (8,8) size 784x584
      LayoutText {#text} at (0,0) size 533x18
        text run at (0,0) width 533: "This tests that we don't honor line-height for controls that have restricted font size. "
      LayoutBR {BR} at (0,0) size 0x0
      LayoutMenuList {SELECT} at (0,19) size 299x18 [bgcolor=#F8F8F8]
        LayoutBlockFlow (anonymous) at (0,0) size 299x18
          LayoutText (anonymous) at (8,2) size 268x13
            text run at (8,2) width 268: "This text should be centered vertically in the button"
      LayoutText {#text} at (299,18) size 4x18
        text run at (299,18) width 4: " "
      LayoutBR {BR} at (0,0) size 0x0
      LayoutButton {INPUT} at (0,38) size 283.41x18 [bgcolor=#FFFFFF]
        LayoutBlockFlow (anonymous) at (8,2) size 267.41x13
          LayoutText {#text} at (0,0) size 268x13
            text run at (0,0) width 268: "This text should be centered vertically in the button"
      LayoutText {#text} at (283,37) size 5x18
        text run at (283,37) width 5: " "
      LayoutBR {BR} at (0,0) size 0x0
      LayoutTextControl {INPUT} at (0,56) size 133x19 [bgcolor=#FFFFFF] [border: (2px inset #EEEEEE)]
        LayoutFlexibleBox {DIV} at (4,3) size 125x13
          LayoutBlockFlow {DIV} at (0,0) size 113x13
      LayoutText {#text} at (0,0) size 0x0
layer at (12,67) size 113x13 scrollWidth 268
  LayoutBlockFlow {DIV} at (0,0) size 113x13
    LayoutText {#text} at (0,0) size 268x13
      text run at (0,0) width 268: "This text should be centered vertically in the button"
layer at (126,68) size 11x11 transparent
  LayoutBlockFlow {DIV} at (114,1) size 11x11
