layer at (0,0) size 800x600
  LayoutView at (0,0) size 800x600
layer at (0,0) size 800x600
  LayoutBlockFlow {HTML} at (0,0) size 800x600
    LayoutBlockFlow {BODY} at (8,8) size 784x584
layer at (8,8) size 100x80
  LayoutBlockFlow {DIV} at (0,0) size 100x80 [color=#008000] [bgcolor=#FF0000]
    LayoutBlockFlow {DIV} at (0,0) size 100x40
      LayoutText {#text} at (0,0) size 100x40
        text run at (0,0) width 100: "xxxxx"
        text run at (0,20) width 100: "xxxxx"
    LayoutBlockFlow {DIV} at (0,40) size 100x40
      LayoutText {#text} at (0,0) size 100x40
        text run at (0,0) width 100: "xxxxx"
        text run at (0,20) width 100: "xxxxx"
selection start: position 6 of child 0 {#text} of child 1 {DIV} of child 0 {DIV} of body
selection end:   position 5 of child 0 {#text} of child 2 {DIV} of child 0 {DIV} of body
