layer at (0,0) size 800x600
  LayoutView at (0,0) size 800x600
layer at (0,0) size 800x600
  LayoutBlockFlow {HTML} at (0,0) size 800x600
    LayoutBlockFlow {BODY} at (8,8) size 784x584
      LayoutBlockFlow {P} at (0,0) size 784x20
        LayoutText {#text} at (0,0) size 573x19
          text run at (0,0) width 402: "This tests copying/pasting less than a paragraph of quoted content. "
          text run at (402,0) width 171: "It should not appear quoted."
      LayoutBlockFlow {DIV} at (0,36) size 784x100
        LayoutBlockFlow (anonymous) at (0,0) size 784x40
          LayoutText {#text} at (0,0) size 19x19
            text run at (0,0) width 19: "On"
          LayoutBR {BR} at (19,15) size 0x0
          LayoutBR {BR} at (0,20) size 0x19
        LayoutBlockFlow {BLOCKQUOTE} at (0,40) size 784x20 [color=#0000FF] [border: none (2px solid #0000FF)]
          LayoutText {#text} at (12,0) size 154x19
            text run at (12,0) width 154: "On Tuesday, Dave wrote:"
        LayoutBlockFlow {BLOCKQUOTE} at (0,60) size 784x20 [color=#0000FF] [border: none (2px solid #0000FF)]
          LayoutBR {BR} at (12,0) size 0x19
        LayoutBlockFlow {BLOCKQUOTE} at (0,80) size 784x20 [color=#0000FF] [border: none (2px solid #0000FF)]
          LayoutText {#text} at (12,0) size 78x19
            text run at (12,0) width 78: "Hello World."
caret: position 3 of child 0 {#text} of child 2 {DIV} of body
