EDITING DELEGATE: webViewDidChangeSelection:WebViewDidChangeSelectionNotification
EDITING DELEGATE: webViewDidChangeSelection:WebViewDidChangeSelectionNotification
EDITING DELEGATE: webViewDidChangeSelection:WebViewDidChangeSelectionNotification
EDITING DELEGATE: webViewDidChange:WebViewDidChangeNotification
layer at (0,0) size 800x600
  LayoutView at (0,0) size 800x600
layer at (0,0) size 800x600
  LayoutBlockFlow {HTML} at (0,0) size 800x600
    LayoutBlockFlow {BODY} at (8,8) size 784x584
      LayoutBlockFlow {P} at (0,0) size 784x40
        LayoutText {#text} at (0,0) size 776x39
          text run at (0,0) width 776: "This is a test to make sure that a placeholder, even one without our special class on it, is removed only when it has been collapsed"
          text run at (0,20) width 329: "away or when it has been displaced by pasted content."
      LayoutBlockFlow {P} at (0,56) size 784x40
        LayoutText {#text} at (0,0) size 775x39
          text run at (0,0) width 658: "Placeholders with our special class can, through bugs in deletion, be inserted into the document unnecessarily. "
          text run at (658,0) width 117: "Once that happens,"
          text run at (0,20) width 672: "we don't want to make matters worse by removing them if they are acting as line breaks instead of placeholders."
      LayoutBlockFlow {DIV} at (0,112) size 784x40
        LayoutText {#text} at (0,0) size 96x19
          text run at (0,0) width 96: "First paragraph."
        LayoutBR {BR} at (96,15) size 0x0
        LayoutText {#text} at (0,20) size 115x19
          text run at (0,20) width 115: "Second paragraph."
caret: position 16 of child 0 {#text} of child 4 {DIV} of body
