EDITING DELEGATE: webViewDidChangeSelection:WebViewDidChangeSelectionNotification
EDITING DELEGATE: webViewDidChangeSelection:WebViewDidChangeSelectionNotification
EDITING DELEGATE: webViewDidChange:WebViewDidChangeNotification
layer at (0,0) size 800x600
  LayoutView at (0,0) size 800x600
layer at (0,0) size 800x600
  LayoutBlockFlow {HTML} at (0,0) size 800x600
    LayoutBlockFlow {BODY} at (8,8) size 784x584
      LayoutBlockFlow {P} at (0,0) size 784x40
        LayoutText {#text} at (0,0) size 99x19
          text run at (0,0) width 99: "This is a test for "
        LayoutInline {I} at (0,0) size 754x39
          LayoutInline {A} at (0,0) size 350x19 [color=#0000EE]
            LayoutText {#text} at (99,0) size 350x19
              text run at (99,0) width 350: "http://bugzilla.opendarwin.org/show_bug.cgi?id=8394"
          LayoutText {#text} at (448,0) size 754x39
            text run at (448,0) width 5: " "
            text run at (452,0) width 302: "Editable region does not accept dropped text if"
            text run at (0,20) width 127: "there is no selection"
        LayoutText {#text} at (126,20) size 5x19
          text run at (126,20) width 5: "."
      LayoutBlockFlow {P} at (0,56) size 784x20
        LayoutText {#text} at (0,0) size 625x19
          text run at (0,0) width 458: "The text field should accept drag-and-dropped text, such as the link, even if "
          text run at (458,0) width 167: "no text is currently selected."
      LayoutBlockFlow (anonymous) at (0,102) size 784x22
        LayoutTextControl {INPUT} at (0,0) size 173x22 [bgcolor=#FFFFFF] [border: (2px inset #EEEEEE)]
        LayoutText {#text} at (173,1) size 4x19
          text run at (173,1) width 4: " "
        LayoutInline {A} at (0,0) size 154x19 [color=#0000EE]
          LayoutText {#text} at (177,1) size 154x19
            text run at (177,1) width 154: "drop me into the text field"
        LayoutText {#text} at (0,0) size 0x0
layer at (8,100) size 784x2 clip at (0,0) size 0x0
  LayoutBlockFlow {HR} at (0,92) size 784x2 [border: (1px inset #EEEEEE)]
layer at (10,113) size 169x16
  LayoutBlockFlow {DIV} at (2,3) size 169x16
    LayoutText {#text} at (0,0) size 119x16
      text run at (0,0) width 119: "http://www.ibm.com/"
selection start: position 0 of child 0 {#text} of child 0 {DIV} of {#document-fragment} of child 7 {INPUT} of body
selection end:   position 19 of child 0 {#text} of child 0 {DIV} of {#document-fragment} of child 7 {INPUT} of body
