EDITING DELEGATE: webViewDidChangeSelection:WebViewDidChangeSelectionNotification
EDITING DELEGATE: webViewDidChangeSelection:WebViewDidChangeSelectionNotification
EDITING DELEGATE: webViewDidChange:WebViewDidChangeNotification
layer at (0,0) size 800x600
  LayoutView at (0,0) size 800x600
layer at (0,0) size 800x600
  LayoutBlockFlow {HTML} at (0,0) size 800x600
    LayoutBlockFlow {BODY} at (8,8) size 784x576
      LayoutBlockFlow {P} at (0,0) size 784x20
        LayoutText {#text} at (0,0) size 639x19
          text run at (0,0) width 639: "This test makes sure that content inside a list in an incoming fragment isn't pulled out of the list during paste."
      LayoutBlockFlow {P} at (0,36) size 784x20
        LayoutInline {B} at (0,0) size 248x19
          LayoutText {#text} at (0,0) size 248x19
            text run at (0,0) width 248: "You should see 'bar' inside a list item."
      LayoutBlockFlow {DIV} at (0,72) size 784x20
        LayoutBlockFlow {UL} at (0,0) size 784x20
          LayoutListItem {LI} at (40,0) size 744x20
            LayoutListMarker (anonymous) at (-18,0) size 7x19: bullet
            LayoutText {#text} at (0,0) size 20x19
              text run at (0,0) width 20: "bar"
caret: position 3 of child 0 {#text} of child 0 {LI} of child 0 {UL} of child 4 {DIV} of body
