layer at (0,0) size 800x600
  LayoutView at (0,0) size 800x600
layer at (0,0) size 800x600
  LayoutBlockFlow {HTML} at (0,0) size 800x600
    LayoutBlockFlow {BODY} at (8,8) size 784x584
      LayoutBlockFlow {P} at (0,0) size 784x40
        LayoutText {#text} at (0,0) size 99x19
          text run at (0,0) width 99: "This is a test for "
        LayoutInline {I} at (0,0) size 769x39
          LayoutInline {A} at (0,0) size 350x19 [color=#0000EE]
            LayoutText {#text} at (99,0) size 350x19
              text run at (99,0) width 350: "http://bugzilla.opendarwin.org/show_bug.cgi?id=9252"
          LayoutText {#text} at (448,0) size 769x39
            text run at (448,0) width 5: " "
            text run at (452,0) width 317: "REGRESSION: Very odd roll-over issues (content"
            text run at (0,20) width 88: "disappearing)"
        LayoutText {#text} at (88,20) size 4x19
          text run at (88,20) width 4: "."
      LayoutBlockFlow {P} at (0,56) size 784x20
        LayoutText {#text} at (0,0) size 233x19
          text run at (0,0) width 233: "There should be a green square below."
      LayoutBlockFlow {DIV} at (0,102) size 784x0
      LayoutBlockFlow {DIV} at (0,102) size 100x100 [bgcolor=#008000]
layer at (8,100) size 784x2 clip at (0,0) size 0x0
  LayoutBlockFlow {HR} at (0,92) size 784x2 [border: (1px inset #EEEEEE)]
