layer at (0,0) size 800x600 clip at (0,0) size 785x600 scrollHeight 687
  LayoutView at (0,0) size 800x600
layer at (0,0) size 785x687 backgroundClip at (0,0) size 785x600 clip at (0,0) size 785x600
  LayoutBlockFlow {HTML} at (0,0) size 785x687
    LayoutBlockFlow {BODY} at (8,8) size 769x652
      LayoutBlockFlow (anonymous) at (0,0) size 769x150
        LayoutInline {SPAN} at (0,0) size 252x129 [border: (5px solid #000000)]
          LayoutText {#text} at (5,15) size 51x19
            text run at (5,15) width 51: "This text"
          LayoutBR {BR} at (56,30) size 0x0
          LayoutText {#text} at (0,65) size 71x19
            text run at (0,65) width 71: "should have"
          LayoutBR {BR} at (71,80) size 0x0
          LayoutText {#text} at (0,115) size 247x19
            text run at (0,115) width 247: "a multi-line shadow with a border-radius."
        LayoutText {#text} at (0,0) size 0x0
      LayoutBlockFlow {DIV} at (0,150) size 120x120 [border: (10px solid #000000)]
        LayoutText {#text} at (10,10) size 100x39
          text run at (10,10) width 33: "50% "
          text run at (43,10) width 67: "transparent"
          text run at (10,30) width 84: "black shadow"
      LayoutTable {TABLE} at (0,270) size 178x270
        LayoutTableSection {TBODY} at (0,0) size 178x270
          LayoutTableRow {TR} at (0,10) size 178x42
            LayoutTableCell {TD} at (10,10) size 46x42 [border: (1px solid #000000)] [r=0 c=0 rs=1 cs=1]
              LayoutText {#text} at (11,11) size 24x19
                text run at (11,11) width 24: "Cell"
            LayoutTableCell {TD} at (66,10) size 46x42 [border: (1px solid #000000)] [r=0 c=1 rs=1 cs=1]
              LayoutText {#text} at (11,11) size 24x19
                text run at (11,11) width 24: "Cell"
            LayoutTableCell {TD} at (122,10) size 46x42 [border: (1px solid #000000)] [r=0 c=2 rs=1 cs=1]
              LayoutText {#text} at (11,11) size 24x19
                text run at (11,11) width 24: "Cell"
          LayoutTableRow {TR} at (0,62) size 178x42
            LayoutTableCell {TD} at (10,62) size 46x42 [border: (1px solid #000000)] [r=1 c=0 rs=1 cs=1]
              LayoutText {#text} at (11,11) size 24x19
                text run at (11,11) width 24: "Cell"
            LayoutTableCell {TD} at (66,62) size 46x42 [border: (1px solid #000000)] [r=1 c=1 rs=1 cs=1]
              LayoutText {#text} at (11,11) size 24x19
                text run at (11,11) width 24: "Cell"
            LayoutTableCell {TD} at (122,62) size 46x42 [border: (1px solid #000000)] [r=1 c=2 rs=1 cs=1]
              LayoutText {#text} at (11,11) size 24x19
                text run at (11,11) width 24: "Cell"
          LayoutTableRow {TR} at (0,114) size 178x42
            LayoutTableCell {TD} at (10,114) size 46x42 [border: (1px solid #000000)] [r=2 c=0 rs=1 cs=1]
              LayoutText {#text} at (11,11) size 24x19
                text run at (11,11) width 24: "Cell"
            LayoutTableCell {TD} at (66,114) size 46x42 [border: (1px solid #000000)] [r=2 c=1 rs=1 cs=1]
              LayoutText {#text} at (11,11) size 24x19
                text run at (11,11) width 24: "Cell"
            LayoutTableCell {TD} at (122,114) size 46x42 [border: (1px solid #000000)] [r=2 c=2 rs=1 cs=1]
              LayoutText {#text} at (11,11) size 24x19
                text run at (11,11) width 24: "Cell"
          LayoutTableRow {TR} at (0,166) size 178x42
            LayoutTableCell {TD} at (10,166) size 46x42 [border: (1px solid #000000)] [r=3 c=0 rs=1 cs=1]
              LayoutText {#text} at (11,11) size 24x19
                text run at (11,11) width 24: "Cell"
            LayoutTableCell {TD} at (66,166) size 46x42 [border: (1px solid #000000)] [r=3 c=1 rs=1 cs=1]
              LayoutText {#text} at (11,11) size 24x19
                text run at (11,11) width 24: "Cell"
            LayoutTableCell {TD} at (122,166) size 46x42 [border: (1px solid #000000)] [r=3 c=2 rs=1 cs=1]
              LayoutText {#text} at (11,11) size 24x19
                text run at (11,11) width 24: "Cell"
          LayoutTableRow {TR} at (0,218) size 178x42
            LayoutTableCell {TD} at (10,218) size 46x42 [border: (1px solid #000000)] [r=4 c=0 rs=1 cs=1]
              LayoutText {#text} at (11,11) size 24x19
                text run at (11,11) width 24: "Cell"
            LayoutTableCell {TD} at (66,218) size 46x42 [border: (1px solid #000000)] [r=4 c=1 rs=1 cs=1]
              LayoutText {#text} at (11,11) size 24x19
                text run at (11,11) width 24: "Cell"
            LayoutTableCell {TD} at (122,218) size 46x42 [border: (1px solid #000000)] [r=4 c=2 rs=1 cs=1]
              LayoutText {#text} at (11,11) size 24x19
                text run at (11,11) width 24: "Cell"
      LayoutBlockFlow {P} at (0,556) size 769x40
        LayoutText {#text} at (0,0) size 335x19
          text run at (0,0) width 335: "The first line of this div should have a box-shadow on it."
        LayoutBR {BR} at (335,15) size 0x0
        LayoutText {#text} at (0,20) size 166x19
          text run at (0,20) width 166: "This second line should not."
      LayoutBlockFlow {P} at (0,612) size 769x40
        LayoutBlockFlow (floating) {<pseudo:first-letter>} at (0,0) size 39x67 [bgcolor=#EEEEEE] [border: (1px solid #000000)]
          LayoutTextFragment (anonymous) at (5,6) size 29x55
            text run at (5,6) width 29: "T"
        LayoutTextFragment {#text} at (43,0) size 467x19
          text run at (43,0) width 467: "he first letter of this paragraph should have a border and a nice shadow effect."
        LayoutBR {BR} at (510,15) size 0x0
        LayoutText {#text} at (43,20) size 156x19
          text run at (43,20) width 156: "It should look pretty cool."
