layer at (0,0) size 800x600
  LayoutView at (0,0) size 800x600
layer at (0,0) size 800x521
  LayoutBlockFlow {HTML} at (0,0) size 800x521
    LayoutBlockFlow {BODY} at (8,8) size 784x0
      LayoutBlockFlow (floating) {DIV} at (0,0) size 115x513
        LayoutBlockFlow {DIV} at (10,10) size 40x40 [bgcolor=#FFFF77]
        LayoutTable {TABLE} at (10,290) size 40x40 [bgcolor=#FFFF77]
        LayoutBlockFlow (anonymous) at (0,340) size 115x65
          LayoutText {#text} at (0,0) size 0x0
        LayoutBlockFlow {P} at (0,421) size 115x20
          LayoutText {#text} at (0,0) size 44x19
            text run at (0,0) width 44: "Lorem "
          LayoutInline {SPAN} at (0,0) size 35x19
            LayoutText {#text} at (44,0) size 35x19
              text run at (44,0) width 35: "ipsum"
          LayoutText {#text} at (79,0) size 36x19
            text run at (79,0) width 36: " dolor"
        LayoutBlockFlow {P} at (0,457) size 115x40
          LayoutText {#text} at (0,0) size 79x19
            text run at (0,0) width 79: "Lorem ipsum"
          LayoutBR {BR} at (79,0) size 0x19
          LayoutText {#text} at (0,20) size 82x19
            text run at (0,20) width 82: "dolor sit amet"
      LayoutBlockFlow (floating) {DIV} at (125,0) size 115x457
        LayoutBlockFlow {DIV} at (10,10) size 40x40 [bgcolor=#FFFF77]
        LayoutTable {TABLE} at (10,290) size 40x40 [bgcolor=#FFFF77]
        LayoutBlockFlow (anonymous) at (0,340) size 115x65
          LayoutText {#text} at (0,0) size 0x0
        LayoutBlockFlow {P} at (0,421) size 115x20
          LayoutText {#text} at (0,0) size 44x19
            text run at (0,0) width 44: "Lorem "
          LayoutInline {SPAN} at (0,0) size 35x19
            LayoutText {#text} at (44,0) size 35x19
              text run at (44,0) width 35: "ipsum"
          LayoutText {#text} at (79,0) size 36x19
            text run at (79,0) width 36: " dolor"
      LayoutBlockFlow (floating) {DIV} at (250,0) size 115x457
        LayoutBlockFlow {DIV} at (10,10) size 40x40 [bgcolor=#FFFF77]
        LayoutTable {TABLE} at (10,290) size 40x40 [bgcolor=#FFFF77]
        LayoutBlockFlow (anonymous) at (0,340) size 115x65
          LayoutText {#text} at (0,0) size 0x0
        LayoutBlockFlow {P} at (0,421) size 115x20
          LayoutText {#text} at (0,0) size 44x19
            text run at (0,0) width 44: "Lorem "
          LayoutInline {SPAN} at (0,0) size 35x19
            LayoutText {#text} at (44,0) size 35x19
              text run at (44,0) width 35: "ipsum"
          LayoutText {#text} at (79,0) size 36x19
            text run at (79,0) width 36: " dolor"
      LayoutBlockFlow (floating) {DIV} at (375,0) size 115x457
        LayoutBlockFlow {DIV} at (10,10) size 40x40 [bgcolor=#FFFF77]
        LayoutTable {TABLE} at (10,290) size 40x40 [bgcolor=#FFFF77]
        LayoutBlockFlow (anonymous) at (0,340) size 115x65
          LayoutText {#text} at (0,0) size 0x0
        LayoutBlockFlow {P} at (0,421) size 115x20
          LayoutText {#text} at (0,0) size 44x19
            text run at (0,0) width 44: "Lorem "
          LayoutInline {SPAN} at (0,0) size 35x19
            LayoutText {#text} at (44,0) size 35x19
              text run at (44,0) width 35: "ipsum"
          LayoutText {#text} at (79,0) size 36x19
            text run at (79,0) width 36: " dolor"
      LayoutBlockFlow (floating) {DIV} at (500,0) size 115x457
        LayoutBlockFlow {DIV} at (10,10) size 40x40 [bgcolor=#FFFF77]
        LayoutTable {TABLE} at (10,290) size 40x40 [bgcolor=#FFFF77]
        LayoutBlockFlow (anonymous) at (0,340) size 115x65
          LayoutText {#text} at (0,0) size 0x0
        LayoutBlockFlow {P} at (0,421) size 115x20
          LayoutText {#text} at (0,0) size 44x19
            text run at (0,0) width 44: "Lorem "
          LayoutInline {SPAN} at (0,0) size 35x19
            LayoutText {#text} at (44,0) size 35x19
              text run at (44,0) width 35: "ipsum"
          LayoutText {#text} at (79,0) size 36x19
            text run at (79,0) width 36: " dolor"
layer at (18,248) size 40x40
  LayoutBlockFlow {DIV} at (10,240) size 40x40 [bgcolor=#FFFF77]
layer at (18,358) size 40x40
  LayoutHTMLCanvas {CANVAS} at (10,10) size 40x40 [bgcolor=#FFFF77]
layer at (143,248) size 40x40
  LayoutBlockFlow {DIV} at (10,240) size 40x40 [bgcolor=#FFFF77]
layer at (143,358) size 40x40
  LayoutHTMLCanvas {CANVAS} at (10,10) size 40x40 [bgcolor=#FFFF77]
layer at (268,248) size 40x40
  LayoutBlockFlow {DIV} at (10,240) size 40x40 [bgcolor=#FFFF77]
layer at (268,358) size 40x40
  LayoutHTMLCanvas {CANVAS} at (10,10) size 40x40 [bgcolor=#FFFF77]
layer at (393,248) size 40x40
  LayoutBlockFlow {DIV} at (10,240) size 40x40 [bgcolor=#FFFF77]
layer at (393,358) size 40x40
  LayoutHTMLCanvas {CANVAS} at (10,10) size 40x40 [bgcolor=#FFFF77]
layer at (518,248) size 40x40
  LayoutBlockFlow {DIV} at (10,240) size 40x40 [bgcolor=#FFFF77]
layer at (518,358) size 40x40
  LayoutHTMLCanvas {CANVAS} at (10,10) size 40x40 [bgcolor=#FFFF77]
layer at (8,68) size 60x60
  LayoutBlockFlow (relative positioned) {DIV} at (0,60) size 60x60
layer at (18,78) size 40x40
  LayoutBlockFlow (positioned) {DIV} at (10,10) size 40x40 [bgcolor=#FFFF77]
layer at (8,128) size 60x60
  LayoutBlockFlow (relative positioned) {DIV} at (0,120) size 60x60
layer at (18,138) size 40x40 backgroundClip at (13,133) size 5x5 clip at (13,133) size 5x5
  LayoutBlockFlow (positioned) {DIV} at (10,10) size 40x40 [bgcolor=#FFFF77]
layer at (18,198) size 40x40 transparent
  LayoutBlockFlow {DIV} at (10,190) size 40x40 [bgcolor=#FFFF77]
layer at (133,68) size 60x60
  LayoutBlockFlow (relative positioned) {DIV} at (0,60) size 60x60
layer at (143,78) size 40x40
  LayoutBlockFlow (positioned) {DIV} at (10,10) size 40x40 [bgcolor=#FFFF77]
layer at (133,128) size 60x60
  LayoutBlockFlow (relative positioned) {DIV} at (0,120) size 60x60
layer at (143,138) size 40x40 backgroundClip at (138,178) size 5x5 clip at (138,178) size 5x5
  LayoutBlockFlow (positioned) {DIV} at (10,10) size 40x40 [bgcolor=#FFFF77]
layer at (143,198) size 40x40 transparent
  LayoutBlockFlow {DIV} at (10,190) size 40x40 [bgcolor=#FFFF77]
layer at (258,68) size 60x60
  LayoutBlockFlow (relative positioned) {DIV} at (0,60) size 60x60
layer at (268,78) size 40x40
  LayoutBlockFlow (positioned) {DIV} at (10,10) size 40x40 [bgcolor=#FFFF77]
layer at (258,128) size 60x60
  LayoutBlockFlow (relative positioned) {DIV} at (0,120) size 60x60
layer at (268,138) size 40x40 backgroundClip at (308,178) size 5x5 clip at (308,178) size 5x5
  LayoutBlockFlow (positioned) {DIV} at (10,10) size 40x40 [bgcolor=#FFFF77]
layer at (268,198) size 40x40 transparent
  LayoutBlockFlow {DIV} at (10,190) size 40x40 [bgcolor=#FFFF77]
layer at (383,68) size 60x60
  LayoutBlockFlow (relative positioned) {DIV} at (0,60) size 60x60
layer at (393,78) size 40x40
  LayoutBlockFlow (positioned) {DIV} at (10,10) size 40x40 [bgcolor=#FFFF77]
layer at (383,128) size 60x60
  LayoutBlockFlow (relative positioned) {DIV} at (0,120) size 60x60
layer at (393,138) size 40x40 backgroundClip at (433,133) size 5x5 clip at (433,133) size 5x5
  LayoutBlockFlow (positioned) {DIV} at (10,10) size 40x40 [bgcolor=#FFFF77]
layer at (393,198) size 40x40 transparent
  LayoutBlockFlow {DIV} at (10,190) size 40x40 [bgcolor=#FFFF77]
layer at (508,68) size 60x60
  LayoutBlockFlow (relative positioned) {DIV} at (0,60) size 60x60
layer at (518,78) size 40x40
  LayoutBlockFlow (positioned) {DIV} at (10,10) size 40x40 [bgcolor=#FFFF77]
layer at (508,128) size 60x60
  LayoutBlockFlow (relative positioned) {DIV} at (0,120) size 60x60
layer at (518,198) size 40x40 transparent
  LayoutBlockFlow {DIV} at (10,190) size 40x40 [bgcolor=#FFFF77]
