layer at (0,0) size 800x600
  LayoutView at (0,0) size 800x600
layer at (0,0) size 800x241
  LayoutBlockFlow {HTML} at (0,0) size 800x241
    LayoutBlockFlow {BODY} at (8,8) size 784x225
      LayoutButton {INPUT} at (4,4) size 33x22 [bgcolor=#C0C0C0] [border: (2px outset #C0C0C0)]
        LayoutBlockFlow (anonymous) at (8,3) size 17x16
          LayoutText {#text} at (0,0) size 17x16
            text run at (0,0) width 17: "foo"
      LayoutText {#text} at (41,5) size 4x19
        text run at (41,5) width 4: " "
      LayoutBR {BR} at (45,5) size 0x19
      LayoutButton {INPUT} at (4,34) size 35x24 [bgcolor=#C0C0C0] [border: (3px solid #00FF00)]
        LayoutBlockFlow (anonymous) at (9,4) size 17x16
          LayoutText {#text} at (0,0) size 17x16
            text run at (0,0) width 17: "foo"
      LayoutText {#text} at (43,36) size 4x19
        text run at (43,36) width 4: " "
      LayoutButton {INPUT} at (51,35) size 33x22 [bgcolor=#C0C0C0] [border: (2px outset #C0C0C0)]
        LayoutBlockFlow (anonymous) at (8,3) size 17x16
          LayoutText {#text} at (0,0) size 17x16
            text run at (0,0) width 17: "foo"
      LayoutText {#text} at (88,36) size 4x19
        text run at (88,36) width 4: " "
      LayoutBR {BR} at (92,36) size 0x19
      LayoutButton {INPUT} at (4,66) size 33x22 [border: (2px outset #C0C0C0)]
        LayoutBlockFlow (anonymous) at (8,3) size 17x16
          LayoutText {#text} at (0,0) size 17x16
            text run at (0,0) width 17: "foo"
      LayoutText {#text} at (41,67) size 4x19
        text run at (41,67) width 4: " "
      LayoutBR {BR} at (45,67) size 0x19
      LayoutButton {INPUT} at (4,96) size 33x22 [bgcolor=#C0C0C0] [border: (2px outset #C0C0C0)]
        LayoutBlockFlow (anonymous) at (8,3) size 17x16
          LayoutText {#text} at (0,0) size 17x16
            text run at (0,0) width 17: "foo"
      LayoutText {#text} at (41,97) size 4x19
        text run at (41,97) width 4: " "
      LayoutBR {BR} at (45,97) size 0x19
      LayoutButton {INPUT} at (4,132) size 38x25 [bgcolor=#C0C0C0] [border: (2px outset #C0C0C0)]
        LayoutBlockFlow (anonymous) at (8,3) size 22x19
          LayoutText {#text} at (0,0) size 22x18
            text run at (0,0) width 22: "foo"
      LayoutText {#text} at (46,135) size 4x19
        text run at (46,135) width 4: " "
      LayoutButton {INPUT} at (54,128) size 44x30 [bgcolor=#C0C0C0] [border: (2px outset #C0C0C0)]
        LayoutBlockFlow (anonymous) at (8,3) size 28x24
          LayoutText {#text} at (0,0) size 28x23
            text run at (0,0) width 28: "foo"
      LayoutText {#text} at (102,135) size 4x19
        text run at (102,135) width 4: " "
      LayoutButton {INPUT} at (110,126) size 49x34 [bgcolor=#C0C0C0] [border: (2px outset #C0C0C0)]
        LayoutBlockFlow (anonymous) at (8,3) size 33x28
          LayoutText {#text} at (0,0) size 33x27
            text run at (0,0) width 33: "foo"
      LayoutText {#text} at (163,135) size 4x19
        text run at (163,135) width 4: " "
      LayoutBR {BR} at (167,135) size 0x19
      LayoutButton {INPUT} at (6,180.50) size 52x33 [bgcolor=#C0C0C0] [border: (3px outset #C0C0C0)]
        LayoutBlockFlow (anonymous) at (12,4.50) size 28x24
          LayoutText {#text} at (0,0) size 28x23
            text run at (0,0) width 28: "foo"
      LayoutText {#text} at (64,189) size 4x19
        text run at (64,189) width 4: " "
      LayoutButton {INPUT} at (76,172) size 69x45 [bgcolor=#C0C0C0] [border: (4px outset #C0C0C0)]
        LayoutBlockFlow (anonymous) at (16,6) size 37x33
          LayoutText {#text} at (0,0) size 37x32
            text run at (0,0) width 37: "foo"
      LayoutText {#text} at (153,189) size 4x19
        text run at (153,189) width 4: " "
      LayoutBR {BR} at (157,189) size 0x19
