layer at (0,0) size 800x600 clip at (0,0) size 785x600 scrollHeight 1444
  LayoutView at (0,0) size 800x600
layer at (8,8) size 769x1428 backgroundClip at (0,0) size 785x600 clip at (0,0) size 785x600
  LayoutBlockFlow {HTML} at (8,8) size 769x1428 [border: (16px solid #00FF00)]
    LayoutTable (anonymous) at (16,16) size 737x1396
      LayoutTableSection (anonymous) at (0,0) size 737x1396
        LayoutTableRow (anonymous) at (0,0) size 737x1396
          LayoutTableCell {HEAD} at (0,0) size 251x472 [color=#FFFFFF] [bgcolor=#FF0000] [border: (5px solid #FFFFFF)] [r=0 c=0 rs=1 cs=1]
            LayoutBlockFlow {META} at (21,37) size 209x2 [border: (1px dotted #FFFFFF)]
            LayoutBlockFlow {META} at (21,55) size 209x2 [border: (1px dotted #FFFFFF)]
            LayoutBlockFlow {META} at (21,73) size 209x2 [border: (1px dotted #FFFFFF)]
            LayoutBlockFlow {META} at (21,91) size 209x2 [border: (1px dotted #FFFFFF)]
            LayoutBlockFlow {TITLE} at (21,109) size 209x56 [border: (1px dotted #FFFFFF)]
              LayoutText {#text} at (1,1) size 188x54
                text run at (1,1) width 188: "Evil Tests: Rendering BODY"
                text run at (1,19) width 163: "and HEAD as children of"
                text run at (1,37) width 67: "HTML - 2"
            LayoutBlockFlow {STYLE} at (21,181) size 209x254 [border: (1px dotted #FFFFFF)]
              LayoutText {#text} at (1,1) size 206x252
                text run at (1,1) width 83: "/* Layout */ "
                text run at (83,1) width 112: "HTML { display:"
                text run at (1,19) width 194: "block; border: 1em lime solid;"
                text run at (1,37) width 98: "margin: 8px; } "
                text run at (98,37) width 99: "HEAD, BODY"
                text run at (1,55) width 181: "{ display: table-cell; border:"
                text run at (1,73) width 76: "solid thick; "
                text run at (76,73) width 93: "padding: 1em;"
                text run at (1,91) width 102: "margin: 1em; } "
                text run at (102,91) width 74: "HEAD > *,"
                text run at (1,109) width 181: "BODY > * { display: block;"
                text run at (1,127) width 178: "border: thin dotted; margin:"
                text run at (1,145) width 60: "1em 0; } "
                text run at (60,145) width 105: "/* Formatting */"
                text run at (1,163) width 142: "HTML { color: black;"
                text run at (1,181) width 140: "background: green; } "
                text run at (140,181) width 57: "HEAD {"
                text run at (1,199) width 206: "color: white; background: red; }"
                text run at (1,217) width 151: "BODY { color: yellow;"
                text run at (1,235) width 124: "background: teal; }"
          LayoutTableCell {BODY} at (251,41) size 486x1355 [color=#FFFF00] [bgcolor=#008080] [border: (5px solid #FFFF00)] [r=0 c=1 rs=1 cs=1]
            LayoutBlockFlow {H1} at (21,53) size 444x76 [border: (1px dotted #FFFF00)]
              LayoutText {#text} at (1,1) size 152x37
                text run at (1,1) width 152: "Rendering "
              LayoutInline {CODE} at (0,0) size 63x30
                LayoutText {#text} at (153,6) size 63x30
                  text run at (153,6) width 63: "BODY"
              LayoutText {#text} at (215,1) size 68x37
                text run at (215,1) width 68: " and "
              LayoutInline {CODE} at (0,0) size 63x30
                LayoutText {#text} at (283,6) size 63x30
                  text run at (283,6) width 63: "HEAD"
              LayoutText {#text} at (345,1) size 381x74
                text run at (345,1) width 37: " as"
                text run at (1,38) width 156: "children of "
              LayoutInline {CODE} at (0,0) size 64x30
                LayoutText {#text} at (156,43) size 64x30
                  text run at (156,43) width 64: "HTML"
              LayoutText {#text} at (219,38) size 43x37
                text run at (219,38) width 43: " - 2"
            LayoutBlockFlow {P} at (21,161) size 444x38 [border: (1px dotted #FFFF00)]
              LayoutText {#text} at (1,1) size 393x18
                text run at (1,1) width 393: "If you have any comments to make regarding this test, e-mail"
              LayoutInline {A} at (0,0) size 186x18 [color=#0000EE]
                LayoutText {#text} at (1,19) size 186x18
                  text run at (1,19) width 186: "py8ieh=eviltests@bath.ac.uk"
              LayoutText {#text} at (186,19) size 5x18
                text run at (186,19) width 5: "."
            LayoutBlockFlow {DL} at (21,215) size 444x92 [border: (1px dotted #FFFF00)]
              LayoutBlockFlow {DT} at (1,1) size 442x18
                LayoutText {#text} at (0,0) size 83x18
                  text run at (0,0) width 83: "Prerequisites"
              LayoutBlockFlow {DD} at (41,19) size 402x72
                LayoutText {#text} at (0,0) size 392x54
                  text run at (0,0) width 392: "Browsers that are subjected to this test should support the the"
                  text run at (0,18) width 388: "background, padding, margin, border and color properties of"
                  text run at (0,36) width 160: "CSS, and in addition the "
                LayoutInline {CODE} at (0,0) size 63x15
                  LayoutText {#text} at (160,38) size 63x15
                    text run at (160,38) width 63: "overflow"
                LayoutText {#text} at (222,36) size 400x36
                  text run at (222,36) width 178: " property and fixed position"
                  text run at (0,54) width 109: "stuff from CSS2."
            LayoutBlockFlow {H2} at (21,331) size 444x58 [border: (1px dotted #FFFF00)]
              LayoutText {#text} at (1,1) size 440x56
                text run at (1,1) width 440: "1. Making the BODY and the HEAD into a"
                text run at (1,29) width 51: "table"
            LayoutBlockFlow {P} at (21,413) size 444x20 [border: (1px dotted #FFFF00)]
              LayoutText {#text} at (1,1) size 264x18
                text run at (1,1) width 264: "This is really evil, but completely valid..."
            LayoutBlockFlow {P} at (21,449) size 444x110 [border: (1px dotted #FFFF00)]
              LayoutText {#text} at (1,1) size 430x108
                text run at (1,1) width 426: "This document should have two cells, side by side: one on the left,"
                text run at (1,19) width 426: "the other on the right. The one on the left should be red with white"
                text run at (1,37) width 430: "writing and a thick white border. It should contain four dotted lines"
                text run at (1,55) width 388: "separated by a blank line, followed by a dotted bordered box"
                text run at (1,73) width 403: "containing the document title, and another dotted bordered box"
                text run at (1,91) width 286: "containing the stylesheet, also shown below:"
            LayoutBlockFlow {PRE} at (21,575) size 444x17 [border: (1px dotted #FFFF00)]
              LayoutText {#text} at (1,1) size 39x15
                text run at (1,1) width 39: "  ..."
                text run at (40,1) width 0: " "
            LayoutBlockFlow {P} at (21,608) size 444x38 [border: (1px dotted #FFFF00)]
              LayoutText {#text} at (1,1) size 419x36
                text run at (1,1) width 419: "The dotted borders and lines and the text in the left cell should be"
                text run at (1,19) width 40: "white."
            LayoutBlockFlow {P} at (21,662) size 444x38 [border: (1px dotted #FFFF00)]
              LayoutText {#text} at (1,1) size 424x36
                text run at (1,1) width 424: "The right cell should be teal, with yellow text. This paragraph you"
                text run at (1,19) width 278: "are reading now should be in this right cell."
            LayoutBlockFlow {P} at (21,716) size 444x38 [border: (1px dotted #FFFF00)]
              LayoutText {#text} at (1,1) size 413x36
                text run at (1,1) width 413: "The width of the two cells is left up to the user agent to decide, I"
                text run at (1,19) width 37: "think."
            LayoutBlockFlow {P} at (21,770) size 444x74 [border: (1px dotted #FFFF00)]
              LayoutText {#text} at (1,1) size 439x72
                text run at (1,1) width 409: "The right cell should look similar to the left cell in formatting --"
                text run at (1,19) width 399: "each box of text should have a yellow dotted border, and there"
                text run at (1,37) width 414: "should be a blank line between each such box. No box should be"
                text run at (1,55) width 439: "nested -- the dotted boxes should always be distinct from each other."
            LayoutBlockFlow {P} at (21,860) size 444x38 [border: (1px dotted #FFFF00)]
              LayoutText {#text} at (1,1) size 417x36
                text run at (1,1) width 417: "The cells should be the same height, and they should have grown"
                text run at (1,19) width 229: "vertically to accommodate this text."
            LayoutBlockFlow {P} at (21,914) size 444x56 [border: (1px dotted #FFFF00)]
              LayoutText {#text} at (1,1) size 437x54
                text run at (1,1) width 436: "Around the whole setup should be two borders, dark green and light"
                text run at (1,19) width 437: "green. The cells should be separated from each other and from these"
                text run at (1,37) width 230: "outer borders by 1em of dark green."
            LayoutBlockFlow {P} at (21,986) size 444x38 [border: (1px dotted #FFFF00)]
              LayoutText {#text} at (1,1) size 429x36
                text run at (1,1) width 429: "There should also be some alternate stylesheets set up to allow you"
                text run at (1,19) width 404: "to display the <META> content. This may help with diagnosis."
            LayoutBlockFlow {H2} at (21,1048) size 444x30 [border: (1px dotted #FFFF00)]
              LayoutText {#text} at (1,1) size 156x28
                text run at (1,1) width 156: "Submit Results"
            LayoutBlockFlow {FORM} at (21,1102) size 444x90 [border: (1px dotted #FFFF00)]
              LayoutBlockFlow {P} at (1,17) size 442x56
                LayoutText {#text} at (0,0) size 263x18
                  text run at (0,0) width 263: "How does your browser fare on this test?"
                LayoutMenuList {SELECT} at (0,19) size 442x18 [color=#000000] [bgcolor=#F8F8F8]
                  LayoutBlockFlow (anonymous) at (0,0) size 442x18
                    LayoutText (anonymous) at (8,2) size 210x13
                      text run at (8,2) width 210: "Document renders exactly as described."
                LayoutText {#text} at (0,0) size 0x0
                LayoutInline {LABEL} at (0,0) size 203x18
                  LayoutText {#text} at (0,37) size 72x18
                    text run at (0,37) width 72: "Comment: "
                  LayoutTextControl {INPUT} at (71.55,37) size 131x19 [color=#000000] [bgcolor=#FFFFFF] [border: (2px inset #EEEEEE)]
                LayoutText {#text} at (202,37) size 5x18
                  text run at (202,37) width 5: " "
                LayoutButton {INPUT} at (206.55,38) size 52.47x18 [color=#000000] [bgcolor=#C0C0C0]
                  LayoutBlockFlow (anonymous) at (8,2) size 36.47x13
                    LayoutText {#text} at (0,0) size 37x13
                      text run at (0,0) width 37: "Submit"
                LayoutText {#text} at (0,0) size 0x0
            LayoutBlockFlow {HR} at (21,1208) size 444x2 [border: (1px dotted #FFFF00)]
            LayoutBlockFlow {P} at (21,1226) size 444x20 [border: (1px dotted #FFFF00)]
              LayoutInline {A} at (0,0) size 162x18 [color=#0000EE]
                LayoutText {#text} at (1,1) size 162x18
                  text run at (1,1) width 162: "Up to the Evil Tests Page"
              LayoutText {#text} at (162,1) size 5x18
                text run at (162,1) width 5: "."
            LayoutBlockFlow {P} at (21,1262) size 444x20 [border: (1px dotted #FFFF00)]
              LayoutText {#text} at (1,1) size 177x18
                text run at (1,1) width 177: "This page is maintained by "
              LayoutInline {A} at (0,0) size 79x18 [color=#0000EE]
                LayoutText {#text} at (177,1) size 79x18
                  text run at (177,1) width 79: "Ian Hickson"
              LayoutText {#text} at (255,1) size 10x18
                text run at (255,1) width 10: " ("
              LayoutInline {A} at (0,0) size 125x18 [color=#0000EE]
                LayoutText {#text} at (264,1) size 125x18
                  text run at (264,1) width 125: "py8ieh@bath.ac.uk"
              LayoutText {#text} at (388,1) size 10x18
                text run at (388,1) width 10: ")."
            LayoutBlockFlow {P} at (21,1298) size 444x20 [border: (1px dotted #FFFF00)]
              LayoutText {#text} at (1,1) size 172x18
                text run at (1,1) width 172: "Last updated in June 1999."
layer at (372,1224) size 125x13 backgroundClip at (0,0) size 0x0 clip at (0,0) size 0x0
  LayoutBlockFlow {DIV} at (3,3) size 125x13
