layer at (0,0) size 800x600
  LayoutView at (0,0) size 800x600
layer at (0,0) size 800x106
  LayoutBlockFlow {html} at (0,0) size 800x106 [color=#FF0000]
    LayoutBlockFlow {body} at (8,8) size 784x90
      LayoutBlockFlow {test3} at (0,0) size 784x18 [color=#008000]
        LayoutText {#text} at (0,0) size 138x18
          text run at (0,0) width 138: "This should be green."
      LayoutBlockFlow {test3} at (0,18) size 784x18 [color=#008000]
        LayoutText {#text} at (0,0) size 138x18
          text run at (0,0) width 138: "This should be green."
      LayoutBlockFlow {test3} at (0,36) size 784x18 [color=#008000]
        LayoutText {#text} at (0,0) size 138x18
          text run at (0,0) width 138: "This should be green."
      LayoutBlockFlow {test2} at (0,54) size 784x18 [color=#008000]
        LayoutText {#text} at (0,0) size 138x18
          text run at (0,0) width 138: "This should be green."
      LayoutBlockFlow {test1} at (0,72) size 784x18 [color=#008000]
        LayoutText {#text} at (0,0) size 138x18
          text run at (0,0) width 138: "This should be green."
