layer at (0,0) size 800x600
  LayoutView at (0,0) size 800x600
layer at (0,0) size 800x34
  LayoutBlockFlow {html} at (0,0) size 800x34
    LayoutBlockFlow {body} at (8,8) size 784x18 [color=#008000]
      LayoutInline {tests} at (0,0) size 551x18
        LayoutText {#text} at (0,0) size 0x0
        LayoutInline {first-child} at (0,0) size 84x18
          LayoutText {#text} at (0,0) size 84x18
            text run at (0,0) width 84: "None of this "
        LayoutText {#text} at (0,0) size 0x0
        LayoutInline {element} at (0,0) size 94x18
          LayoutText {#text} at (83,0) size 94x18
            text run at (83,0) width 94: "text should be "
        LayoutText {#text} at (0,0) size 0x0
        LayoutInline {attribute} at (0,0) size 123x18
          LayoutText {#text} at (176,0) size 123x18
            text run at (176,0) width 123: "matching the style "
        LayoutText {#text} at (0,0) size 0x0
        LayoutInline {span} at (0,0) size 98x18
          LayoutText {#text} at (298,0) size 98x18
            text run at (298,0) width 98: "rules, and thus "
        LayoutText {#text} at (0,0) size 0x0
        LayoutInline {universal} at (0,0) size 66x18
          LayoutText {#text} at (395,0) size 66x18
            text run at (395,0) width 66: "none of it "
        LayoutText {#text} at (0,0) size 0x0
        LayoutInline {span} at (0,0) size 91x18
          LayoutText {#text} at (460,0) size 91x18
            text run at (460,0) width 91: "should be red."
        LayoutText {#text} at (0,0) size 0x0
      LayoutText {#text} at (0,0) size 0x0
