layer at (0,0) size 800x600
  LayoutView at (0,0) size 800x600
layer at (0,0) size 800x118
  LayoutBlockFlow {html} at (0,0) size 800x118
    LayoutBlockFlow {body} at (8,16) size 784x86
      LayoutBlockFlow {p} at (0,0) size 784x18
        LayoutInline {t} at (0,0) size 303x18 [bgcolor=#00FF00]
          LayoutText {#text} at (0,0) size 303x18
            text run at (0,0) width 303: "This sentence should have a green background."
      LayoutBlockFlow {p} at (0,34) size 784x18
        LayoutInline {t2} at (0,0) size 303x18 [bgcolor=#00FF00]
          LayoutText {#text} at (0,0) size 303x18
            text run at (0,0) width 303: "This sentence should have a green background."
      LayoutBlockFlow {p} at (0,68) size 784x18
        LayoutInline {t3} at (0,0) size 303x18 [bgcolor=#00FF00]
          LayoutText {#text} at (0,0) size 303x18
            text run at (0,0) width 303: "This sentence should have a green background."
