layer at (0,0) size 800x600
  LayoutView at (0,0) size 800x600
layer at (0,0) size 800x36
  LayoutBlockFlow {root} at (0,0) size 800x36
    LayoutBlockFlow {t} at (0,0) size 800x18 [bgcolor=#00FF00]
      LayoutText {#text} at (0,0) size 303x18
        text run at (0,0) width 303: "This sentence should have a green background."
    LayoutBlockFlow {t} at (0,18) size 800x18 [bgcolor=#00FF00]
      LayoutText {#text} at (0,0) size 303x18
        text run at (0,0) width 303: "This sentence should have a green background."
