CONSOLE MESSAGE: line 50: [object DataTransfer]
layer at (0,0) size 800x600
  LayoutView at (0,0) size 800x600
layer at (0,0) size 800x188
  LayoutBlockFlow {HTML} at (0,0) size 800x188
    LayoutBlockFlow {BODY} at (8,8) size 784x170
      LayoutBlockFlow {DIV} at (0,0) size 102x102 [border: (1px solid #000000)]
      LayoutBlockFlow {FORM} at (0,152) size 784x18
        LayoutBlockFlow {P} at (0,0) size 784x18
          LayoutFileUploadControl {INPUT} at (0,0) size 236x18 "hello.txt"
            LayoutButton {INPUT} at (0,0) size 76.61x18 [bgcolor=#FFFFFF]
              LayoutBlockFlow (anonymous) at (8,2) size 60.61x13
                LayoutText {#text} at (0,0) size 61x13
                  text run at (0,0) width 61: "Choose File"
          LayoutText {#text} at (0,0) size 0x0
