layer at (0,0) size 800x600
  LayoutView at (0,0) size 800x600
layer at (0,0) size 800x600
  LayoutBlockFlow {HTML} at (0,0) size 800x600
    LayoutBlockFlow {BODY} at (8,8) size 784x584
      LayoutBlockFlow {P} at (0,0) size 784x40
        LayoutText {#text} at (0,0) size 749x39
          text run at (0,0) width 749: "This tests for a hang on delete where a style rule would cause style spans in content moved after the delete to be displayed as"
          text run at (0,20) width 175: "blocks. You should see Hello"
        LayoutInline {B} at (0,0) size 40x19
          LayoutText {#text} at (175,20) size 40x19
            text run at (175,20) width 40: "World"
        LayoutText {#text} at (215,20) size 44x19
          text run at (215,20) width 44: " below."
      LayoutBlockFlow {DIV} at (0,56) size 784x20
        LayoutBlockFlow {DIV} at (0,0) size 784x20
          LayoutText {#text} at (0,0) size 32x19
            text run at (0,0) width 32: "Hello"
          LayoutInline {SPAN} at (0,0) size 40x19
            LayoutText {#text} at (32,0) size 40x19
              text run at (32,0) width 40: "World"
caret: position 5 of child 0 {#text} of child 1 {DIV} of child 2 {DIV} of body
