layer at (0,0) size 800x600
  LayoutView at (0,0) size 800x600
layer at (0,0) size 800x600
  LayoutBlockFlow {HTML} at (0,0) size 800x600
    LayoutBlockFlow {BODY} at (8,8) size 784x584
      LayoutBlockFlow {P} at (0,0) size 784x40
        LayoutText {#text} at (0,0) size 784x39
          text run at (0,0) width 675: "This tests for a problem where empty table rows after the selection being deleted would be removed incorrectly. "
          text run at (675,0) width 109: "Only the last letter"
          text run at (0,20) width 268: "in 'foo' should be removed during this delete."
      LayoutBlockFlow {DIV} at (0,56) size 784x56
        LayoutTable {TABLE} at (0,0) size 28x56 [border: (1px outset #808080)]
          LayoutTableSection {TBODY} at (1,1) size 26x54
            LayoutTableRow {TR} at (0,2) size 26x24
              LayoutTableCell {TD} at (2,2) size 16x24 [border: (1px inset #808080)] [r=0 c=0 rs=1 cs=1]
                LayoutText {#text} at (2,2) size 12x19
                  text run at (2,2) width 12: "fo"
              LayoutTableCell {TD} at (20,2) size 4x24 [border: (1px inset #808080)] [r=0 c=1 rs=1 cs=1]
            LayoutTableRow {TR} at (0,28) size 26x24
              LayoutTableCell {TD} at (2,28) size 16x24 [border: (1px inset #808080)] [r=1 c=0 rs=1 cs=1]
              LayoutTableCell {TD} at (20,28) size 4x24 [border: (1px inset #808080)] [r=1 c=1 rs=1 cs=1]
caret: position 2 of child 0 {#text} of child 0 {TD} of child 0 {TR} of child 0 {TBODY} of child 0 {TABLE} of child 2 {DIV} of body
