EDITING DELEGATE: webViewDidChangeSelection:WebViewDidChangeSelectionNotification
EDITING DELEGATE: webViewDidChangeSelection:WebViewDidChangeSelectionNotification
EDITING DELEGATE: webViewDidChangeSelection:WebViewDidChangeSelectionNotification
EDITING DELEGATE: webViewDidChangeSelection:WebViewDidChangeSelectionNotification
EDITING DELEGATE: webViewDidChange:WebViewDidChangeNotification
layer at (0,0) size 800x600
  LayoutView at (0,0) size 800x600
layer at (0,0) size 800x600
  LayoutBlockFlow {HTML} at (0,0) size 800x600
    LayoutBlockFlow {BODY} at (8,8) size 784x584
      LayoutBlockFlow {DIV} at (0,0) size 784x238 [border: (2px solid #0000FF)]
        LayoutBlockFlow {DIV} at (14,14) size 756x83
          LayoutText {#text} at (0,0) size 64x26
            text run at (0,0) width 64: "Tests: "
          LayoutBR {BR} at (0,0) size 0x0
          LayoutText {#text} at (0,27) size 622x27
            text run at (0,27) width 622: "Delete at the end of document when there is a BR following a P. "
          LayoutBR {BR} at (622,48) size 0x0
          LayoutText {#text} at (0,55) size 435x27
            text run at (0,55) width 435: "This is a test case for rdar://problem/4110366"
        LayoutBlockFlow {DIV} at (14,113) size 756x111
          LayoutText {#text} at (0,0) size 189x26
            text run at (0,0) width 189: "Expected Results: "
          LayoutBR {BR} at (189,21) size 0x0
          LayoutText {#text} at (0,27) size 712x55
            text run at (0,27) width 237: "Red box with four lines. "
            text run at (237,27) width 475: "The second line is a nested red box with the word"
            text run at (0,55) width 79: "\"hello\". "
            text run at (79,55) width 310: "The other three lines are empty. "
          LayoutBR {BR} at (389,76) size 0x0
          LayoutText {#text} at (0,83) size 462x27
            text run at (0,83) width 462: "Selection is a caret at the start of the fourth line."
      LayoutBlockFlow {DIV} at (0,262) size 784x140 [border: (2px solid #FF0000)]
        LayoutBlockFlow {P} at (2,26) size 780x32 [border: (2px solid #FF0000)]
          LayoutText {#text} at (2,2) size 47x27
            text run at (2,2) width 47: "hello"
        LayoutBlockFlow {P} at (2,82) size 780x32 [border: (2px solid #FF0000)]
          LayoutBR {BR} at (2,2) size 0x27
caret: position 0 of child 0 {BR} of child 1 {P} of child 3 {DIV} of body
