layer at (0,0) size 800x600
  LayoutView at (0,0) size 800x600
layer at (0,0) size 800x600
  LayoutBlockFlow {HTML} at (0,0) size 800x600
    LayoutBlockFlow {BODY} at (8,8) size 784x576
      LayoutBlockFlow {FORM} at (0,0) size 784x194
        LayoutBlockFlow {HR} at (0,0) size 602x2 [border: (1px inset #EEEEEE)]
        LayoutTable {TABLE} at (0,10) size 600x184
          LayoutTableSection {TBODY} at (0,0) size 600x184
            LayoutTableRow {TR} at (0,2) size 600x44
              LayoutTableCell {TD} at (2,2) size 594x44 [r=0 c=0 rs=1 cs=3]
                LayoutImage {IMG} at (7.50,1) size 579x42
                LayoutText {#text} at (0,0) size 0x0
            LayoutTableRow {TR} at (0,48) size 600x55
              LayoutTableCell {TD} at (2,57) size 594x36 [bgcolor=#99CCCC] [r=1 c=0 rs=1 cs=3]
                LayoutInline {FONT} at (0,0) size 128x15
                  LayoutInline {B} at (0,0) size 128x15
                    LayoutText {#text} at (67,3) size 128x15
                      text run at (67,3) width 128: "Search the Web with"
                LayoutText {#text} at (194,1) size 5x18
                  text run at (194,1) width 5: " "
                LayoutMenuList {SELECT} at (198.41,2) size 81x18 [bgcolor=#F8F8F8]
                  LayoutBlockFlow (anonymous) at (0,0) size 81x18
                    LayoutText (anonymous) at (8,2) size 50x13
                      text run at (8,2) width 50: "Netscape"
                LayoutTextControl {INPUT} at (279.41,1) size 191x19 [bgcolor=#FFFFFF] [border: (2px inset #EEEEEE)]
                LayoutText {#text} at (470,1) size 5x18
                  text run at (470,1) width 5: " "
                LayoutButton {INPUT} at (474.41,2) size 52.08x18 [bgcolor=#C0C0C0]
                  LayoutBlockFlow (anonymous) at (8,2) size 36.08x13
                    LayoutText {#text} at (0,0) size 37x13
                      text run at (0,0) width 37: "Search"
                LayoutBR {BR} at (526,15) size 1x0
                LayoutInline {SMALL} at (0,0) size 568x15
                  LayoutInline {A} at (0,0) size 101x15 [color=#0000EE]
                    LayoutText {#text} at (13,20) size 101x15
                      text run at (13,20) width 101: "Classifieds< /A>   "
                  LayoutInline {A} at (0,0) size 59x15 [color=#0000EE]
                    LayoutText {#text} at (113,20) size 59x15
                      text run at (113,20) width 23: "Net "
                      text run at (135,20) width 37: "Search"
                  LayoutText {#text} at (171,20) size 11x15
                    text run at (171,20) width 11: "   "
                  LayoutInline {A} at (0,0) size 83x15 [color=#0000EE]
                    LayoutText {#text} at (181,20) size 83x15
                      text run at (181,20) width 57: "Find Web "
                      text run at (237,20) width 27: "Sites"
                  LayoutText {#text} at (263,20) size 11x15
                    text run at (263,20) width 4: " "
                    text run at (266,20) width 8: "  "
                  LayoutInline {A} at (0,0) size 66x15 [color=#0000EE]
                    LayoutText {#text} at (273,20) size 66x15
                      text run at (273,20) width 40: "What's "
                      text run at (312,20) width 27: "Cool"
                  LayoutText {#text} at (338,20) size 11x15
                    text run at (338,20) width 11: "   "
                  LayoutInline {A} at (0,0) size 66x15 [color=#0000EE]
                    LayoutText {#text} at (348,20) size 66x15
                      text run at (348,20) width 66: "What's New"
                  LayoutText {#text} at (413,20) size 11x15
                    text run at (413,20) width 11: "   "
                  LayoutInline {A} at (0,0) size 76x15 [color=#0000EE]
                    LayoutText {#text} at (423,20) size 76x15
                      text run at (423,20) width 76: "People Finder"
                  LayoutText {#text} at (498,20) size 11x15
                    text run at (498,20) width 11: "   "
                  LayoutInline {A} at (0,0) size 73x15 [color=#0000EE]
                    LayoutText {#text} at (508,20) size 73x15
                      text run at (508,20) width 73: "Yellow Pages"
                  LayoutText {#text} at (0,0) size 0x0
                LayoutText {#text} at (0,0) size 0x0
            LayoutTableRow {TR} at (0,105) size 600x50
              LayoutTableCell {TD} at (2,114) size 159x32 [r=2 c=0 rs=1 cs=1]
                LayoutInline {A} at (0,0) size 117x33 [color=#0000EE]
                  LayoutInline {FONT} at (0,0) size 117x30 [color=#CC0033]
                    LayoutText {#text} at (21,1) size 117x30
                      text run at (21,1) width 117: "Download Netscape"
                      text run at (26,16) width 107: "Communicator 4.5"
              LayoutTableCell {TD} at (163,105) size 270x50 [r=2 c=1 rs=1 cs=1]
                LayoutInline {A} at (0,0) size 232x28 [color=#0000EE]
                  LayoutImage {IMG} at (19,1) size 232x35 [border: (1px solid #0000EE)]
                  LayoutBR {BR} at (251,36) size 0x0
                  LayoutInline {FONT} at (0,0) size 48x13
                    LayoutText {#text} at (111,36) size 48x13
                      text run at (111,36) width 48: "Click Here!"
                LayoutBR {BR} at (158,46) size 1x0
              LayoutTableCell {TD} at (435,121) size 161x17 [r=2 c=2 rs=1 cs=1]
                LayoutInline {A} at (0,0) size 131x18 [color=#0000EE]
                  LayoutInline {FONT} at (0,0) size 131x15 [color=#0066FF]
                    LayoutText {#text} at (15,1) size 131x15
                      text run at (15,1) width 131: "Hassle-Free Upgrades"
                LayoutText {#text} at (0,0) size 0x0
            LayoutTableRow {TR} at (0,157) size 600x20
              LayoutTableCell {TD} at (2,157) size 594x20 [r=3 c=0 rs=1 cs=3]
                LayoutInline {A} at (0,0) size 50x18 [color=#0000EE]
                  LayoutInline {FONT} at (0,0) size 50x15 [color=#0066FF]
                    LayoutInline {B} at (0,0) size 50x15
                      LayoutText {#text} at (15,3) size 50x15
                        text run at (15,3) width 50: "Contact"
                LayoutText {#text} at (64,1) size 13x18
                  text run at (64,1) width 13: " : "
                LayoutInline {SMALL} at (0,0) size 503x15
                  LayoutInline {A} at (0,0) size 77x15 [color=#0000EE]
                    LayoutText {#text} at (76,3) size 77x15
                      text run at (76,3) width 77: "Address Book"
                  LayoutText {#text} at (152,3) size 12x15
                    text run at (152,3) width 12: " - "
                  LayoutInline {A} at (0,0) size 65x15 [color=#0000EE]
                    LayoutText {#text} at (163,3) size 65x15
                      text run at (163,3) width 65: "Discussions"
                  LayoutText {#text} at (227,3) size 12x15
                    text run at (227,3) width 12: " - "
                  LayoutInline {A} at (0,0) size 98x15 [color=#0000EE]
                    LayoutText {#text} at (238,3) size 98x15
                      text run at (238,3) width 98: "Instant Messenger"
                  LayoutText {#text} at (335,3) size 12x15
                    text run at (335,3) width 12: " - "
                  LayoutInline {A} at (0,0) size 79x15 [color=#0000EE]
                    LayoutText {#text} at (346,3) size 79x15
                      text run at (346,3) width 79: "Long Distance"
                  LayoutText {#text} at (424,3) size 12x15
                    text run at (424,3) width 12: " - "
                  LayoutInline {A} at (0,0) size 52x15 [color=#0000EE]
                    LayoutText {#text} at (435,3) size 52x15
                      text run at (435,3) width 52: "Members"
                  LayoutText {#text} at (486,3) size 12x15
                    text run at (486,3) width 12: " - "
                  LayoutInline {A} at (0,0) size 82x15 [color=#0000EE]
                    LayoutText {#text} at (497,3) size 82x15
                      text run at (497,3) width 82: "WebMail< /A>"
                LayoutInline {A} at (0,0) size 1x18 [color=#0000EE]
                  LayoutText {#text} at (0,0) size 0x0
            LayoutTableRow {TR} at (0,179) size 600x3
              LayoutTableCell {TD} at (2,179) size 596x3 [bgcolor=#99CCCC] [r=4 c=0 rs=1 cs=4]
                LayoutTable {TABLE} at (1,1) size 0x1
                  LayoutTableSection {TBODY} at (0,0) size 0x1
                    LayoutTableRow {TR} at (0,0) size 0x1
                      LayoutTableCell {TD} at (0,0) size 0x0 [r=0 c=0 rs=1 cs=1]
layer at (292,79) size 185x13
  LayoutBlockFlow {DIV} at (3,3) size 185x13
