layer at (0,0) size 800x600
  LayoutView at (0,0) size 800x600
layer at (0,0) size 800x600
  LayoutBlockFlow {HTML} at (0,0) size 800x600
    LayoutBlockFlow {BODY} at (8,8) size 784x584
      LayoutTable {TABLE} at (0,0) size 784x136
        LayoutTableSection {TBODY} at (0,0) size 784x136
          LayoutTableRow {TR} at (0,0) size 784x74
            LayoutTableCell {TD} at (0,0) size 784x74 [r=0 c=0 rs=1 cs=4]
              LayoutBR {BR} at (392,1) size 0x18
              LayoutInline {FONT} at (0,0) size 732x53
                LayoutText {#text} at (26,19) size 732x35
                  text run at (26,19) width 183: "The Supreme Court says "
                  text run at (208,19) width 550: "Wisconsin can continue using tuition vouchers to help poor parents send their"
                  text run at (210,37) width 223: "children to church-run schools. "
                  text run at (432,37) width 142: "What's your stand? "
                LayoutBR {BR} at (573,51) size 1x0
                LayoutBR {BR} at (392,55) size 0x17
              LayoutText {#text} at (0,0) size 0x0
          LayoutTableRow {TR} at (0,74) size 784x21
            LayoutTableCell {TD} at (0,76) size 562x17 [r=1 c=0 rs=1 cs=1]
              LayoutInline {FONT} at (0,0) size 141x15
                LayoutText {#text} at (420,1) size 141x15
                  text run at (420,1) width 141: "I agree with the program"
              LayoutText {#text} at (0,0) size 0x0
            LayoutTableCell {TD} at (562,74) size 72x21 [r=1 c=1 rs=1 cs=1]
              LayoutBlockFlow {INPUT} at (3.89,4) size 12x13
          LayoutTableRow {TR} at (0,95) size 784x21
            LayoutTableCell {TD} at (0,97) size 562x17 [r=2 c=0 rs=1 cs=1]
              LayoutInline {FONT} at (0,0) size 153x15
                LayoutText {#text} at (408,1) size 153x15
                  text run at (408,1) width 153: "I think vouchers are wrong"
              LayoutText {#text} at (0,0) size 0x0
            LayoutTableCell {TD} at (562,95) size 72x21 [r=2 c=1 rs=1 cs=1]
              LayoutBlockFlow {INPUT} at (3.89,4) size 12x13
          LayoutTableRow {TR} at (0,116) size 784x20
            LayoutTableCell {TD} at (0,117) size 634x17 [r=3 c=0 rs=1 cs=2]
              LayoutInline {A} at (0,0) size 76x18 [color=#0000EE]
                LayoutInline {FONT} at (0,0) size 76x15
                  LayoutText {#text} at (279,1) size 76x15
                    text run at (279,1) width 76: "View Results"
              LayoutInline {FONT} at (0,0) size 1x15
                LayoutText {#text} at (0,0) size 0x0
            LayoutTableCell {TD} at (634,116) size 150x20 [r=3 c=2 rs=1 cs=2]
              LayoutButton {INPUT} at (55.77,1) size 38.45x18 [bgcolor=#C0C0C0]
                LayoutBlockFlow (anonymous) at (8,2) size 22.45x13
                  LayoutText {#text} at (0,0) size 23x13
                    text run at (0,0) width 23: "vote"
              LayoutText {#text} at (0,0) size 0x0
