layer at (0,0) size 800x600 clip at (0,0) size 785x600 scrollHeight 659
  LayoutView at (0,0) size 800x600
layer at (0,0) size 785x659 backgroundClip at (0,0) size 785x600 clip at (0,0) size 785x600
  LayoutBlockFlow {HTML} at (0,0) size 785x658.50
    LayoutBlockFlow {BODY} at (8,21.44) size 769x621.06
      LayoutBlockFlow {H1} at (0,0) size 769x37
        LayoutText {#text} at (0,0) size 311x37
          text run at (0,0) width 311: "Generic Table Tests - 1"
      LayoutBlockFlow {P} at (0,58.44) size 769x18
        LayoutText {#text} at (0,0) size 397x18
          text run at (0,0) width 397: "If you have any comments to make regarding this test, e-mail "
        LayoutInline {A} at (0,0) size 186x18 [color=#0000EE]
          LayoutText {#text} at (396,0) size 186x18
            text run at (396,0) width 186: "py8ieh=eviltests@bath.ac.uk"
        LayoutText {#text} at (581,0) size 5x18
          text run at (581,0) width 5: "."
      LayoutBlockFlow {DL} at (0,92.44) size 769x36
        LayoutBlockFlow {DT} at (0,0) size 769x18
          LayoutText {#text} at (0,0) size 83x18
            text run at (0,0) width 83: "Prerequisites"
        LayoutBlockFlow {DD} at (40,18) size 729x18
          LayoutText {#text} at (0,0) size 697x18
            text run at (0,0) width 697: "Browsers that are subjected to this test should support CSS1 and the CSS2 table model, and multiple classes."
      LayoutBlockFlow {P} at (0,144.44) size 769x98 [border: (5px double #FF0000)]
        LayoutBlockFlow (anonymous) at (13,13) size 743x18
          LayoutText {#text} at (0,0) size 239x18
            text run at (0,0) width 239: "If this paragraph breaks the line here:"
        LayoutTable {SPAN} at (13,31) size 60x18
          LayoutTableSection (anonymous) at (0,0) size 60x18
            LayoutTableRow (anonymous) at (0,0) size 60x18
              LayoutTableCell (anonymous) at (0,0) size 60x18 [r=0 c=0 rs=1 cs=1]
                LayoutText {#text} at (0,0) size 60x18
                  text run at (0,0) width 60: "and here:"
        LayoutBlockFlow (anonymous) at (13,49) size 743x36
          LayoutText {#text} at (0,0) size 121x18
            text run at (0,0) width 121: "then your browser "
          LayoutInline {EM} at (0,0) size 83x18
            LayoutText {#text} at (120,0) size 83x18
              text run at (120,0) width 83: "does support"
          LayoutText {#text} at (202,0) size 165x18
            text run at (202,0) width 165: " table values on 'display'. "
          LayoutInline {STRONG} at (0,0) size 715x36
            LayoutText {#text} at (366,0) size 715x36
              text run at (366,0) width 349: "If this paragraphs flows without any undue breaks,"
              text run at (0,18) width 459: "then you should mark your browser as not supporting table values!"
      LayoutBlockFlow {H2} at (0,262.34) size 769x28
        LayoutText {#text} at (0,0) size 218x28
          text run at (0,0) width 218: "1. Table -> Table Cell"
      LayoutBlockFlow {P} at (0,310.25) size 769x36
        LayoutText {#text} at (0,0) size 762x36
          text run at (0,0) width 762: "Below there should be a gray bar, spanning the width of the BODY, with the text \"Left\" to the left and the text \"Right\","
          text run at (0,18) width 222: "on the same line, flush to the right."
      LayoutTable {DIV} at (0,362.25) size 769x18 [bgcolor=#C0C0C0]
        LayoutTableSection (anonymous) at (0,0) size 769x18
          LayoutTableRow (anonymous) at (0,0) size 769x18
            LayoutTableCell {DIV} at (0,0) size 329x18 [r=0 c=0 rs=1 cs=1]
              LayoutText {#text} at (0,0) size 27x18
                text run at (0,0) width 27: "Left"
            LayoutTableCell {DIV} at (329,0) size 440x18 [r=0 c=1 rs=1 cs=1]
              LayoutText {#text} at (404,0) size 36x18
                text run at (404,0) width 36: "Right"
      LayoutBlockFlow {H2} at (0,400.16) size 769x28
        LayoutText {#text} at (0,0) size 156x28
          text run at (0,0) width 156: "Submit Results"
      LayoutBlockFlow {FORM} at (0,448.06) size 769x19
        LayoutBlockFlow {P} at (0,0) size 769x19
          LayoutText {#text} at (0,0) size 267x18
            text run at (0,0) width 267: "How does your browser fare on this test? "
          LayoutMenuList {SELECT} at (266.59,1) size 238x18 [bgcolor=#F8F8F8]
            LayoutBlockFlow (anonymous) at (0,0) size 238x18
              LayoutText (anonymous) at (8,2) size 138x13
                text run at (8,2) width 138: "The test renders correctly."
          LayoutText {#text} at (504,0) size 5x18
            text run at (504,0) width 5: " "
          LayoutInline {LABEL} at (0,0) size 204x18
            LayoutText {#text} at (508,0) size 73x18
              text run at (508,0) width 73: "Comment: "
            LayoutTextControl {INPUT} at (580.14,0) size 131x19 [bgcolor=#FFFFFF] [border: (2px inset #EEEEEE)]
          LayoutText {#text} at (711,0) size 5x18
            text run at (711,0) width 5: " "
          LayoutButton {INPUT} at (715.14,1) size 52.47x18 [bgcolor=#C0C0C0]
            LayoutBlockFlow (anonymous) at (8,2) size 36.47x13
              LayoutText {#text} at (0,0) size 37x13
                text run at (0,0) width 37: "Submit"
          LayoutText {#text} at (0,0) size 0x0
      LayoutBlockFlow {HR} at (0,483.06) size 769x2 [border: (1px inset #EEEEEE)]
      LayoutBlockFlow {P} at (0,501.06) size 769x18
        LayoutText {#text} at (0,0) size 64x18
          text run at (0,0) width 64: "Up to the "
        LayoutInline {A} at (0,0) size 73x18 [color=#0000EE]
          LayoutText {#text} at (63,0) size 73x18
            text run at (63,0) width 73: "Table Tests"
        LayoutText {#text} at (135,0) size 5x18
          text run at (135,0) width 5: "."
      LayoutBlockFlow {P} at (0,535.06) size 769x18
        LayoutText {#text} at (0,0) size 64x18
          text run at (0,0) width 64: "Up to the "
        LayoutInline {A} at (0,0) size 99x18 [color=#0000EE]
          LayoutText {#text} at (63,0) size 99x18
            text run at (63,0) width 99: "Evil Tests Page"
        LayoutText {#text} at (161,0) size 5x18
          text run at (161,0) width 5: "."
      LayoutBlockFlow {P} at (0,569.06) size 769x18
        LayoutText {#text} at (0,0) size 177x18
          text run at (0,0) width 177: "This page is maintained by "
        LayoutInline {A} at (0,0) size 79x18 [color=#0000EE]
          LayoutText {#text} at (176,0) size 79x18
            text run at (176,0) width 79: "Ian Hickson"
        LayoutText {#text} at (254,0) size 10x18
          text run at (254,0) width 10: " ("
        LayoutInline {A} at (0,0) size 125x18 [color=#0000EE]
          LayoutText {#text} at (263,0) size 125x18
            text run at (263,0) width 125: "py8ieh@bath.ac.uk"
        LayoutText {#text} at (387,0) size 10x18
          text run at (387,0) width 10: ")."
      LayoutBlockFlow {P} at (0,603.06) size 769x18
        LayoutText {#text} at (0,0) size 185x18
          text run at (0,0) width 185: "Last updated in March 1999."
layer at (591,473) size 125x13
  LayoutBlockFlow {DIV} at (3,3) size 125x13
