layer at (0,0) size 800x600
  LayoutView at (0,0) size 800x600
layer at (0,0) size 800x600
  LayoutBlockFlow {HTML} at (0,0) size 800x600
    LayoutBlockFlow {BODY} at (8,8) size 784x576 [bgcolor=#FFFFFF]
      LayoutBlockFlow {FORM} at (0,0) size 784x24
        LayoutTable {TABLE} at (0,0) size 784x24
          LayoutTableSection {TBODY} at (0,0) size 784x24
            LayoutTableRow {TR} at (0,2) size 784x20 [bgcolor=#FFFFFF]
              LayoutTableCell {TD} at (2,2) size 66x20 [r=0 c=0 rs=1 cs=1]
                LayoutButton {INPUT} at (1.33,1) size 63.33x18 [bgcolor=#C0C0C0]
                  LayoutBlockFlow (anonymous) at (8,2) size 47.33x13
                    LayoutText {#text} at (0,0) size 48x13
                      text run at (0,0) width 48: "Select all"
              LayoutTableCell {TD} at (70,2) size 52x20 [r=0 c=1 rs=1 cs=1]
                LayoutButton {INPUT} at (1.23,1) size 49.53x18 [bgcolor=#C0C0C0]
                  LayoutBlockFlow (anonymous) at (8,2) size 33.53x13
                    LayoutText {#text} at (0,0) size 34x13
                      text run at (0,0) width 34: "Delete"
              LayoutTableCell {TD} at (124,2) size 81x20 [r=0 c=2 rs=1 cs=1]
                LayoutButton {INPUT} at (1.27,1) size 78.45x18 [bgcolor=#C0C0C0]
                  LayoutBlockFlow (anonymous) at (8,2) size 62.45x13
                    LayoutText {#text} at (0,0) size 63x13
                      text run at (0,0) width 63: "Empty trash"
              LayoutTableCell {TD} at (207,2) size 399x20 [r=0 c=3 rs=1 cs=1]
                LayoutText {#text} at (1,1) size 4x18
                  text run at (1,1) width 4: " "
              LayoutTableCell {TD} at (608,2) size 63x20 [r=0 c=4 rs=1 cs=1]
                LayoutButton {INPUT} at (1.14,1) size 60.72x18 [bgcolor=#C0C0C0]
                  LayoutBlockFlow (anonymous) at (8,2) size 44.72x13
                    LayoutText {#text} at (0,0) size 45x13
                      text run at (0,0) width 45: "Move to:"
              LayoutTableCell {TD} at (673,2) size 109x20 [r=0 c=5 rs=1 cs=1]
                LayoutMenuList {SELECT} at (1,1) size 107x18 [bgcolor=#F8F8F8]
                  LayoutBlockFlow (anonymous) at (0,0) size 107x18
                    LayoutText (anonymous) at (8,2) size 76x13
                      text run at (8,2) width 76: "Choose folder "
                LayoutText {#text} at (0,0) size 0x0
