layer at (0,0) size 800x600
  LayoutView at (0,0) size 800x600
layer at (0,0) size 800x600
  LayoutBlockFlow {HTML} at (0,0) size 800x600
    LayoutBlockFlow {BODY} at (8,8) size 784x584
      LayoutTable {TABLE} at (0,0) size 784x65 [bgcolor=#00FFFF] [border: (1px outset #808080)]
        LayoutTableSection {TBODY} at (1,1) size 782x63
          LayoutTableRow {TR} at (0,2) size 782x59
            LayoutTableCell {TD} at (2,2) size 304x59 [border: (1px inset #808080)] [r=0 c=0 rs=1 cs=1]
              LayoutInline {FONT} at (0,0) size 100x37 [color=#0000FF]
                LayoutText {#text} at (2,2) size 100x37
                  text run at (2,2) width 100: "Mozilla"
              LayoutText {#text} at (101,17) size 279x40
                text run at (101,17) width 152: " code available under a "
                text run at (253,17) width 28: "dual"
                text run at (2,39) width 124: "MPL/GPL license. "
                text run at (125,39) width 141: "See the for more info."
              LayoutBR {BR} at (265,53) size 1x0
            LayoutTableCell {TD} at (308,20) size 472x22 [border: (1px inset #808080)] [r=0 c=1 rs=1 cs=1]
              LayoutText {#text} at (2,2) size 245x18
                text run at (2,2) width 245: "foo bar foo bar foo bar foo bar foo bar"
      LayoutBlockFlow (anonymous) at (0,65) size 784x37
        LayoutBR {BR} at (0,0) size 0x18
        LayoutButton {INPUT} at (0,19) size 51.41x18 [bgcolor=#C0C0C0]
          LayoutBlockFlow (anonymous) at (8,2) size 35.41x13
            LayoutText {#text} at (0,0) size 36x13
              text run at (0,0) width 36: "Reload"
        LayoutText {#text} at (51,18) size 9x18
          text run at (51,18) width 9: "  "
        LayoutButton {INPUT} at (59.41,19) size 82.20x18 [bgcolor=#C0C0C0]
          LayoutBlockFlow (anonymous) at (8,2) size 66.20x13
            LayoutText {#text} at (0,0) size 67x13
              text run at (0,0) width 67: "Change Font"
        LayoutText {#text} at (141,18) size 9x18
          text run at (141,18) width 9: "  "
        LayoutTextControl {INPUT} at (149.61,18) size 131x19 [bgcolor=#FFFFFF] [border: (2px inset #EEEEEE)]
        LayoutText {#text} at (0,0) size 0x0
layer at (161,94) size 125x13
  LayoutBlockFlow {DIV} at (3,3) size 125x13
    LayoutText {#text} at (0,0) size 7x13
      text run at (0,0) width 7: "6"
