layer at (0,0) size 800x600
  LayoutView at (0,0) size 800x600
layer at (0,0) size 800x600
  LayoutBlockFlow {HTML} at (0,0) size 800x600
    LayoutBlockFlow {BODY} at (8,8) size 784x584
      LayoutTable {TABLE} at (0,0) size 470x142 [border: (1px outset #808080)]
        LayoutTableSection {TBODY} at (1,1) size 468x140
          LayoutTableRow {TR} at (0,0) size 468x140
            LayoutTableCell {TD} at (0,0) size 468x140 [border: (1px inset #808080)] [r=0 c=0 rs=1 cs=1]
              LayoutTable {TABLE} at (1,1) size 466x138 [border: (1px outset #808080)]
                LayoutTableSection {TBODY} at (1,1) size 464x136
                  LayoutTableRow {TR} at (0,1) size 464x28
                    LayoutTableCell {TD} at (1,1) size 140x28 [border: (1px inset #808080)] [r=0 c=0 rs=1 cs=1]
                      LayoutText {#text} at (5,5) size 130x18
                        text run at (5,5) width 130: "General Preferences"
                    LayoutTableCell {TD} at (142,1) size 147x28 [border: (1px inset #808080)] [r=0 c=1 rs=1 cs=1]
                      LayoutInline {A} at (0,0) size 137x18 [color=#0000EE]
                        LayoutText {#text} at (5,5) size 137x18
                          text run at (5,5) width 137: "Groups / Permissions"
                    LayoutTableCell {TD} at (290,1) size 72x28 [border: (1px inset #808080)] [r=0 c=2 rs=1 cs=1]
                      LayoutInline {A} at (0,0) size 62x18 [color=#0000EE]
                        LayoutText {#text} at (5,5) size 62x18
                          text run at (5,5) width 62: "Password"
                    LayoutTableCell {TD} at (363,1) size 49x28 [border: (1px inset #808080)] [r=0 c=3 rs=1 cs=1]
                      LayoutInline {A} at (0,0) size 39x18 [color=#0000EE]
                        LayoutText {#text} at (5,5) size 39x18
                          text run at (5,5) width 39: "Email"
                    LayoutTableCell {TD} at (413,1) size 50x28 [border: (1px inset #808080)] [r=0 c=4 rs=1 cs=1]
                      LayoutText {#text} at (5,5) size 40x18
                        text run at (5,5) width 40: "Views"
                  LayoutTableRow {TR} at (0,30) size 464x105
                    LayoutTableCell {TD} at (1,30) size 462x105 [border: (1px inset #808080)] [r=1 c=0 rs=1 cs=5]
                      LayoutBlockFlow (anonymous) at (5,5) size 452x18
                        LayoutBR {BR} at (226,0) size 0x18
                      LayoutTable {TABLE} at (93,23) size 276x77
                        LayoutTableSection {TBODY} at (0,0) size 276x77
                          LayoutTableRow {TR} at (0,2) size 276x73
                            LayoutTableCell {TD} at (2,2) size 272x73 [r=0 c=0 rs=1 cs=1]
                              LayoutBlockFlow {FORM} at (1,1) size 270x55
                                LayoutTable {TABLE} at (0,0) size 270x55 [border: (1px outset #808080)]
                                  LayoutTableSection {TBODY} at (1,1) size 268x53
                                    LayoutTableRow {TR} at (0,0) size 268x53
                                      LayoutTableCell {TD} at (0,0) size 268x53 [border: (1px inset #808080)] [r=0 c=0 rs=1 cs=1]
                                        LayoutBlockFlow (anonymous) at (1,1) size 266x18
                                          LayoutText {#text} at (78,0) size 110x18
                                            text run at (78,0) width 110: "User Preferences"
                                        LayoutTable {TABLE} at (1,19) size 266x33 [border: (1px outset #808080)]
                                          LayoutTableSection {TBODY} at (1,1) size 264x31
                                            LayoutTableRow {TR} at (0,1) size 264x29
                                              LayoutTableCell {TH} at (1,1) size 120x28 [border: (1px inset #808080)] [r=0 c=0 rs=1 cs=1]
                                                LayoutInline {NOBR} at (0,0) size 110x18
                                                  LayoutText {#text} at (5,5) size 110x18
                                                    text run at (5,5) width 110: "Email Address :"
                                              LayoutTableCell {TD} at (122,1) size 141x29 [border: (1px inset #808080)] [r=0 c=1 rs=1 cs=1]
                                                LayoutTextControl {INPUT} at (5,5) size 131x19 [bgcolor=#FFFFFF] [border: (2px inset #EEEEEE)]
                                                LayoutText {#text} at (0,0) size 0x0
layer at (241,97) size 125x13 scrollWidth 189
  LayoutBlockFlow {DIV} at (3,3) size 125x13
    LayoutText {#text} at (0,0) size 188x13
      text run at (0,0) width 188: "simon.king@pipinghotnetworks.com"
