layer at (0,0) size 800x600
  LayoutView at (0,0) size 800x600
layer at (0,0) size 800x600
  LayoutBlockFlow {HTML} at (0,0) size 800x600
    LayoutBlockFlow {BODY} at (8,8) size 784x576
      LayoutTable {TABLE} at (0,0) size 379x28 [border: (3px outset #808080)]
        LayoutTableSection {TBODY} at (3,3) size 373x22
          LayoutTableRow {TR} at (0,0) size 373x22
            LayoutTableCell {TD} at (0,0) size 69x22 [border: (1px inset #808080)] [r=0 c=0 rs=1 cs=1]
              LayoutText {#text} at (2,2) size 65x18
                text run at (2,2) width 65: "fieldLabel"
            LayoutTableCell {TD} at (69,0) size 304x22 [border: (1px inset #808080)] [r=0 c=1 rs=1 cs=1]
              LayoutText {#text} at (2,2) size 107x18
                text run at (2,2) width 107: "   InspectionText"
      LayoutBlockFlow {FORM} at (0,28) size 784x19
        LayoutButton {INPUT} at (0,1) size 85.78x18 [bgcolor=#C0C0C0]
          LayoutBlockFlow (anonymous) at (8,2) size 69.78x13
            LayoutText {#text} at (0,0) size 70x13
              text run at (0,0) width 70: "change width"
        LayoutText {#text} at (85,0) size 5x18
          text run at (85,0) width 5: " "
        LayoutButton {INPUT} at (89.78,1) size 174.59x18 [bgcolor=#C0C0C0]
          LayoutBlockFlow (anonymous) at (8,2) size 158.59x13
            LayoutText {#text} at (0,0) size 159x13
              text run at (0,0) width 159: "change width with table reflow"
        LayoutText {#text} at (0,0) size 0x0
