layer at (0,0) size 800x600
  LayoutView at (0,0) size 800x600
layer at (0,0) size 800x600
  LayoutBlockFlow {HTML} at (0,0) size 800x600
    LayoutBlockFlow {BODY} at (8,8) size 784x576
      LayoutBlockFlow {P} at (0,0) size 784x18
        LayoutText {#text} at (0,0) size 480x18
          text run at (0,0) width 480: "This test case creates a TR element then tries to assign to the cells property"
      LayoutBlockFlow {P} at (0,34) size 784x19
        LayoutText {#text} at (0,0) size 42x18
          text run at (0,0) width 42: "Crash "
        LayoutButton {BUTTON} at (41.33,1) size 88.69x18 [bgcolor=#C0C0C0] [border: none (2px outset #C0C0C0) none (2px outset #C0C0C0)]
          LayoutBlockFlow (anonymous) at (8,2) size 72.69x13
            LayoutText {#text} at (0,0) size 73x13
              text run at (0,0) width 73: "TR.cells = null"
        LayoutText {#text} at (0,0) size 0x0
