layer at (0,0) size 800x600
  LayoutView at (0,0) size 800x600
layer at (0,0) size 800x325
  LayoutBlockFlow {HTML} at (0,0) size 800x325
    LayoutBlockFlow {BODY} at (8,16) size 784x301
      LayoutBlockFlow {P} at (0,0) size 784x20
        LayoutText {#text} at (0,0) size 58x19
          text run at (0,0) width 58: "Tests for "
        LayoutInline {A} at (0,0) size 306x19 [color=#0000EE]
          LayoutText {#text} at (57,0) size 306x19
            text run at (57,0) width 306: "https://bugs.webkit.org/show_bug.cgi?id=24552"
      LayoutBlockFlow (anonymous) at (0,36) size 784x125
        LayoutText {#text} at (120,105) size 4x19
          text run at (120,105) width 4: " "
        LayoutInline {A} at (0,0) size 61x19 [color=#0000EE]
          LayoutText {#text} at (124,105) size 61x19
            text run at (124,105) width 61: "Link here"
        LayoutText {#text} at (0,0) size 0x0
      LayoutBlockFlow {DIV} at (0,281) size 784x20
        LayoutText {#text} at (0,0) size 168x19
          text run at (0,0) width 168: "Found link node, so PASS"
layer at (18,62) size 100x100
  LayoutBlockFlow {DIV} at (10,10) size 100x100 [bgcolor=#808080]
