layer at (0,0) size 800x600
  LayoutView at (0,0) size 800x600
layer at (0,0) size 800x600
  LayoutNGBlockFlow {HTML} at (0,0) size 800x600
    LayoutNGBlockFlow {BODY} at (8,8) size 784x584
      LayoutMenuList {SELECT} at (0,0) size 58x20 [color=#808080] [bgcolor=#C0C0C0] [border: (1px solid #A9A9A9)]
        LayoutNGBlockFlow (anonymous) at (1,1) size 56x18
          LayoutText (anonymous) at (4,1) size 36x16
            text run at (4,1) width 36: "PASS"
      LayoutBR {BR} at (58,15) size 0x0
      LayoutMenuList {SELECT} at (0,20) size 58x20 [color=#808080] [bgcolor=#C0C0C0] [border: (1px solid #A9A9A9)]
        LayoutNGBlockFlow (anonymous) at (1,1) size 56x18
          LayoutText (anonymous) at (4,1) size 36x16
            text run at (4,1) width 36: "PASS"
      LayoutBR {BR} at (58,35) size 0x0
      LayoutMenuList {SELECT} at (0,40) size 58x20 [bgcolor=#C0C0C0] [border: (1px solid #A9A9A9)]
        LayoutNGBlockFlow (anonymous) at (1,1) size 56x18
          LayoutText (anonymous) at (4,1) size 36x16
            text run at (4,1) width 36: "PASS"
      LayoutBR {BR} at (58,55) size 0x0
      LayoutMenuList {SELECT} at (0,60) size 58x20 [bgcolor=#C0C0C0] [border: (1px solid #A9A9A9)]
        LayoutNGBlockFlow (anonymous) at (1,1) size 56x18
          LayoutText (anonymous) at (4,1) size 36x16
            text run at (4,1) width 36: "PASS"
      LayoutBR {BR} at (58,75) size 0x0
      LayoutBR {BR} at (57,112) size 0x0
      LayoutBR {BR} at (57,148) size 0x0
      LayoutBR {BR} at (57,184) size 0x0
      LayoutBR {BR} at (57,220) size 0x0
      LayoutText {#text} at (0,224) size 484x19
        text run at (0,224) width 484: "PASS: sel1 correctly set to selectedIndex 1 by sel1.options[1].selected = true."
      LayoutBR {BR} at (484,224) size 0x0
      LayoutText {#text} at (0,244) size 436x19
        text run at (0,244) width 436: "PASS: sel2 correctly set to selectedIndex 1 by sel2.selectedIndex = 1."
      LayoutBR {BR} at (436,244) size 0x0
      LayoutText {#text} at (0,264) size 484x19
        text run at (0,264) width 484: "PASS: sel3 correctly set to selectedIndex 1 by sel3.options[1].selected = true."
      LayoutBR {BR} at (484,264) size 0x0
      LayoutText {#text} at (0,284) size 436x19
        text run at (0,284) width 436: "PASS: sel4 correctly set to selectedIndex 1 by sel4.selectedIndex = 1."
      LayoutBR {BR} at (436,284) size 0x0
      LayoutText {#text} at (0,304) size 484x19
        text run at (0,304) width 484: "PASS: sel5 correctly set to selectedIndex 1 by sel5.options[1].selected = true."
      LayoutBR {BR} at (484,304) size 0x0
      LayoutText {#text} at (0,324) size 436x19
        text run at (0,324) width 436: "PASS: sel6 correctly set to selectedIndex 1 by sel6.selectedIndex = 1."
      LayoutBR {BR} at (436,324) size 0x0
      LayoutText {#text} at (0,344) size 484x19
        text run at (0,344) width 484: "PASS: sel7 correctly set to selectedIndex 1 by sel7.options[1].selected = true."
      LayoutBR {BR} at (484,344) size 0x0
      LayoutText {#text} at (0,364) size 436x19
        text run at (0,364) width 436: "PASS: sel8 correctly set to selectedIndex 1 by sel8.selectedIndex = 1."
      LayoutBR {BR} at (436,364) size 0x0
layer at (8,88) size 57x36 clip at (9,89) size 40x34
  LayoutListBox {SELECT} at (0,80) size 57x36 [color=#808080] [bgcolor=#FFFFFF] [border: (1px solid #A9A9A9)]
    LayoutBlockFlow {OPTION} at (1,1) size 40x17
      LayoutText {#text} at (2,0) size 28x16
        text run at (2,0) width 28: "FAIL"
    LayoutBlockFlow {OPTION} at (1,18) size 40x17 [bgcolor=#999999]
      LayoutText {#text} at (2,0) size 36x16
        text run at (2,0) width 36: "PASS"
layer at (8,124) size 57x36 clip at (9,125) size 40x34
  LayoutListBox {SELECT} at (0,116) size 57x36 [color=#808080] [bgcolor=#FFFFFF] [border: (1px solid #A9A9A9)]
    LayoutBlockFlow {OPTION} at (1,1) size 40x17
      LayoutText {#text} at (2,0) size 28x16
        text run at (2,0) width 28: "FAIL"
    LayoutBlockFlow {OPTION} at (1,18) size 40x17 [bgcolor=#999999]
      LayoutText {#text} at (2,0) size 36x16
        text run at (2,0) width 36: "PASS"
layer at (8,160) size 57x36 clip at (9,161) size 40x34
  LayoutListBox {SELECT} at (0,152) size 57x36 [bgcolor=#FFFFFF] [border: (1px solid #A9A9A9)]
    LayoutBlockFlow {OPTION} at (1,1) size 40x17
      LayoutText {#text} at (2,0) size 28x16
        text run at (2,0) width 28: "FAIL"
    LayoutBlockFlow {OPTION} at (1,18) size 40x17 [color=#808080] [bgcolor=#999999]
      LayoutText {#text} at (2,0) size 36x16
        text run at (2,0) width 36: "PASS"
layer at (8,196) size 57x36 clip at (9,197) size 40x34
  LayoutListBox {SELECT} at (0,188) size 57x36 [bgcolor=#FFFFFF] [border: (1px solid #A9A9A9)]
    LayoutBlockFlow {OPTION} at (1,1) size 40x17
      LayoutText {#text} at (2,0) size 28x16
        text run at (2,0) width 28: "FAIL"
    LayoutBlockFlow {OPTION} at (1,18) size 40x17 [color=#808080] [bgcolor=#999999]
      LayoutText {#text} at (2,0) size 36x16
        text run at (2,0) width 36: "PASS"
