layer at (0,0) size 800x600
  LayoutView at (0,0) size 800x600
layer at (0,0) size 800x600
  LayoutNGBlockFlow {HTML} at (0,0) size 800x600
    LayoutNGBlockFlow {BODY} at (8,8) size 784x584
      LayoutText {#text} at (0,0) size 671x19
        text run at (0,0) width 671: "In the selection list below, the text 'The label for this element is \"1\"' should appear, and not the character '1'"
      LayoutBR {BR} at (671,0) size 0x0
      LayoutMenuList {SELECT} at (0,20) size 200x20 [bgcolor=#C0C0C0] [border: (1px solid #A9A9A9)]
        LayoutNGBlockFlow (anonymous) at (1,1) size 198x18
          LayoutText (anonymous) at (4,1) size 178x16
            text run at (4,1) width 178: "the label for this element is \"1\""
      LayoutText {#text} at (0,0) size 0x0
