layer at (0,0) size 800x600
  LayoutView at (0,0) size 800x600
layer at (0,0) size 800x472
  LayoutNGBlockFlow {HTML} at (0,0) size 800x472
    LayoutNGBlockFlow {BODY} at (8,8) size 784x456
      LayoutNGBlockFlow (anonymous) at (0,0) size 784x40
        LayoutText {#text} at (0,0) size 597x19
          text run at (0,0) width 597: "This test verifies the visual alignment of items in a select element while changing text direction."
        LayoutBR {BR} at (597,0) size 0x0
        LayoutText {#text} at (0,20) size 426x19
          text run at (0,20) width 426: "All the items in the following select elements should be left-aligned."
      LayoutTable {TABLE} at (0,40) size 698x118
        LayoutTableSection {TBODY} at (0,0) size 698x118
          LayoutTableRow {TR} at (0,2) size 698x56
            LayoutNGTableCell {TD} at (2,2) size 170x56 [r=0 c=0 rs=1 cs=1]
            LayoutNGTableCell {TD} at (174,2) size 174x56 [r=0 c=1 rs=1 cs=1]
            LayoutNGTableCell {TD} at (350,2) size 170x56 [r=0 c=2 rs=1 cs=1]
            LayoutNGTableCell {TD} at (522,2) size 174x56 [r=0 c=3 rs=1 cs=1]
          LayoutTableRow {TR} at (0,60) size 698x56
            LayoutNGTableCell {TD} at (2,60) size 170x56 [r=1 c=0 rs=1 cs=1]
            LayoutNGTableCell {TD} at (174,60) size 174x56 [r=1 c=1 rs=1 cs=1]
      LayoutNGBlockFlow (anonymous) at (0,158) size 784x20
        LayoutText {#text} at (0,0) size 435x19
          text run at (0,0) width 435: "All the items in the following select elements should be right-aligned."
      LayoutTable {TABLE} at (0,178) size 686x118
        LayoutTableSection {TBODY} at (0,0) size 686x118
          LayoutTableRow {TR} at (0,2) size 686x56
            LayoutNGTableCell {TD} at (2,2) size 177x56 [r=0 c=0 rs=1 cs=1]
            LayoutNGTableCell {TD} at (181,2) size 161x56 [r=0 c=1 rs=1 cs=1]
            LayoutNGTableCell {TD} at (344,2) size 177x56 [r=0 c=2 rs=1 cs=1]
            LayoutNGTableCell {TD} at (523,2) size 161x56 [r=0 c=3 rs=1 cs=1]
          LayoutTableRow {TR} at (0,60) size 686x56
            LayoutNGTableCell {TD} at (2,60) size 177x56 [r=1 c=0 rs=1 cs=1]
            LayoutNGTableCell {TD} at (181,60) size 161x56 [r=1 c=1 rs=1 cs=1]
      LayoutNGBlockFlow (anonymous) at (0,296) size 784x20
        LayoutText {#text} at (0,0) size 444x19
          text run at (0,0) width 444: "All the items in the following select elements should be center-aligned."
      LayoutTable {TABLE} at (0,316) size 730x60
        LayoutTableSection {TBODY} at (0,0) size 730x60
          LayoutTableRow {TR} at (0,2) size 730x56
            LayoutNGTableCell {TD} at (2,2) size 188x56 [r=0 c=0 rs=1 cs=1]
            LayoutNGTableCell {TD} at (192,2) size 172x56 [r=0 c=1 rs=1 cs=1]
            LayoutNGTableCell {TD} at (366,2) size 188x56 [r=0 c=2 rs=1 cs=1]
            LayoutNGTableCell {TD} at (556,2) size 172x56 [r=0 c=3 rs=1 cs=1]
      LayoutNGBlockFlow (anonymous) at (0,376) size 784x20
        LayoutText {#text} at (0,0) size 290x19
          text run at (0,0) width 290: "The following tables check mixed alignments."
      LayoutTable {TABLE} at (0,396) size 780x60
        LayoutTableSection {TBODY} at (0,0) size 780x60
          LayoutTableRow {TR} at (0,2) size 780x56
            LayoutNGTableCell {TD} at (2,2) size 182x56 [r=0 c=0 rs=1 cs=1]
            LayoutNGTableCell {TD} at (186,2) size 182x56 [r=0 c=1 rs=1 cs=1]
            LayoutNGTableCell {TD} at (370,2) size 203x56 [r=0 c=2 rs=1 cs=1]
            LayoutNGTableCell {TD} at (575,2) size 203x56 [r=0 c=3 rs=1 cs=1]
layer at (11,51) size 168x53 clip at (12,52) size 151x51
  LayoutListBox {SELECT} at (1,1) size 168x53 [bgcolor=#FFFFFF] [border: (1px solid #A9A9A9)]
    LayoutBlockFlow {OPTION} at (1,1) size 151x17
      LayoutText {#text} at (2,0) size 130x16
        text run at (2,0) width 130: "This is an English text"
    LayoutBlockFlow {OPTION} at (1,18) size 151x17
      LayoutText {#text} at (2,0) size 147x16
        text run at (2,0) width 147: "It needs to be left aligned"
    LayoutBlockFlow {OPTION} at (1,35) size 151x17
      LayoutText {#text} at (2,0) size 93x16
        text run at (2,0) width 93: "Some more text"
layer at (183,51) size 172x53 clip at (184,52) size 155x51
  LayoutListBox {SELECT} at (1,1) size 172x53 [bgcolor=#FFFFFF] [border: (1px solid #A9A9A9)]
    LayoutBlockFlow {OPTION} at (1,1) size 155x17
      LayoutText {#text} at (2,0) size 90x16
        text run at (2,0) width 90 RTL: "\x{5D6}\x{5D4} \x{5D8}\x{5E7}\x{5E1}\x{5D8} \x{5D1}\x{5E2}\x{5D1}\x{5E8}\x{5D9}\x{5EA}"
    LayoutBlockFlow {OPTION} at (1,18) size 155x17
      LayoutText {#text} at (2,0) size 151x16
        text run at (2,0) width 151 RTL: "\x{5D4}\x{5D5}\x{5D0} \x{5E6}\x{5E8}\x{5D9}\x{5DA} \x{5DC}\x{5D4}\x{5D9}\x{5D5}\x{5EA} \x{5DE}\x{5D9}\x{5D5}\x{5E9}\x{5E8} \x{5DC}\x{5E9}\x{5DE}\x{5D0}\x{5DC}"
    LayoutBlockFlow {OPTION} at (1,35) size 155x17
      LayoutText {#text} at (2,0) size 82x16
        text run at (2,0) width 82 RTL: "\x{5D9}\x{5E9}\x{5E8}\x{5D0}\x{5DC} \x{5DE}\x{5EA}\x{5D9}\x{5D9}\x{5D1}\x{5E9}\x{5EA}"
layer at (359,51) size 168x53 clip at (375,52) size 151x51
  LayoutListBox {SELECT} at (1,1) size 168x53 [bgcolor=#FFFFFF] [border: (1px solid #A9A9A9)]
    LayoutBlockFlow {OPTION} at (16,1) size 151x17
      LayoutText {#text} at (2,0) size 130x16
        text run at (2,0) width 130: "This is an English text"
    LayoutBlockFlow {OPTION} at (16,18) size 151x17
      LayoutText {#text} at (2,0) size 147x16
        text run at (2,0) width 147: "It needs to be left aligned"
    LayoutBlockFlow {OPTION} at (16,35) size 151x17
      LayoutText {#text} at (2,0) size 93x16
        text run at (2,0) width 93: "Some more text"
layer at (531,51) size 172x53 clip at (547,52) size 155x51
  LayoutListBox {SELECT} at (1,1) size 172x53 [bgcolor=#FFFFFF] [border: (1px solid #A9A9A9)]
    LayoutBlockFlow {OPTION} at (16,1) size 155x17
      LayoutText {#text} at (2,0) size 90x16
        text run at (2,0) width 90 RTL: "\x{5D6}\x{5D4} \x{5D8}\x{5E7}\x{5E1}\x{5D8} \x{5D1}\x{5E2}\x{5D1}\x{5E8}\x{5D9}\x{5EA}"
    LayoutBlockFlow {OPTION} at (16,18) size 155x17
      LayoutText {#text} at (2,0) size 151x16
        text run at (2,0) width 151 RTL: "\x{5D4}\x{5D5}\x{5D0} \x{5E6}\x{5E8}\x{5D9}\x{5DA} \x{5DC}\x{5D4}\x{5D9}\x{5D5}\x{5EA} \x{5DE}\x{5D9}\x{5D5}\x{5E9}\x{5E8} \x{5DC}\x{5E9}\x{5DE}\x{5D0}\x{5DC}"
    LayoutBlockFlow {OPTION} at (16,35) size 155x17
      LayoutText {#text} at (2,0) size 82x16
        text run at (2,0) width 82 RTL: "\x{5D9}\x{5E9}\x{5E8}\x{5D0}\x{5DC} \x{5DE}\x{5EA}\x{5D9}\x{5D9}\x{5D1}\x{5E9}\x{5EA}"
layer at (11,109) size 168x53 clip at (12,110) size 151x51
  LayoutListBox {SELECT} at (1,1) size 168x53 [bgcolor=#FFFFFF] [border: (1px solid #A9A9A9)]
    LayoutBlockFlow {OPTION} at (1,1) size 151x17
      LayoutText {#text} at (2,0) size 130x16
        text run at (2,0) width 130: "This is an English text"
    LayoutBlockFlow {OPTION} at (1,18) size 151x17
      LayoutText {#text} at (2,0) size 147x16
        text run at (2,0) width 147: "It needs to be left aligned"
    LayoutBlockFlow {OPTION} at (1,35) size 151x17
      LayoutText {#text} at (2,0) size 93x16
        text run at (2,0) width 93: "Some more text"
layer at (183,109) size 172x53 clip at (184,110) size 155x51
  LayoutListBox {SELECT} at (1,1) size 172x53 [bgcolor=#FFFFFF] [border: (1px solid #A9A9A9)]
    LayoutBlockFlow {OPTION} at (1,1) size 155x17
      LayoutText {#text} at (2,0) size 90x16
        text run at (2,0) width 90 RTL: "\x{5D6}\x{5D4} \x{5D8}\x{5E7}\x{5E1}\x{5D8} \x{5D1}\x{5E2}\x{5D1}\x{5E8}\x{5D9}\x{5EA}"
    LayoutBlockFlow {OPTION} at (1,18) size 155x17
      LayoutText {#text} at (2,0) size 151x16
        text run at (2,0) width 151 RTL: "\x{5D4}\x{5D5}\x{5D0} \x{5E6}\x{5E8}\x{5D9}\x{5DA} \x{5DC}\x{5D4}\x{5D9}\x{5D5}\x{5EA} \x{5DE}\x{5D9}\x{5D5}\x{5E9}\x{5E8} \x{5DC}\x{5E9}\x{5DE}\x{5D0}\x{5DC}"
    LayoutBlockFlow {OPTION} at (1,35) size 155x17
      LayoutText {#text} at (2,0) size 82x16
        text run at (2,0) width 82 RTL: "\x{5D9}\x{5E9}\x{5E8}\x{5D0}\x{5DC} \x{5DE}\x{5EA}\x{5D9}\x{5D9}\x{5D1}\x{5E9}\x{5EA}"
layer at (11,189) size 175x53 clip at (27,190) size 158x51
  LayoutListBox {SELECT} at (1,1) size 175x53 [bgcolor=#FFFFFF] [border: (1px solid #A9A9A9)]
    LayoutBlockFlow {OPTION} at (16,1) size 158x17
      LayoutText {#text} at (26,0) size 130x16
        text run at (26,0) width 130: "This is an English text"
    LayoutBlockFlow {OPTION} at (16,18) size 158x17
      LayoutText {#text} at (2,0) size 154x16
        text run at (2,0) width 154: "It needs to be right aligned"
    LayoutBlockFlow {OPTION} at (16,35) size 158x17
      LayoutText {#text} at (63,0) size 93x16
        text run at (63,0) width 93: "Some more text"
layer at (190,189) size 159x53 clip at (206,190) size 142x51
  LayoutListBox {SELECT} at (1,1) size 159x53 [bgcolor=#FFFFFF] [border: (1px solid #A9A9A9)]
    LayoutBlockFlow {OPTION} at (16,1) size 142x17
      LayoutText {#text} at (50,0) size 90x16
        text run at (50,0) width 90 RTL: "\x{5D6}\x{5D4} \x{5D8}\x{5E7}\x{5E1}\x{5D8} \x{5D1}\x{5E2}\x{5D1}\x{5E8}\x{5D9}\x{5EA}"
    LayoutBlockFlow {OPTION} at (16,18) size 142x17
      LayoutText {#text} at (2,0) size 138x16
        text run at (2,0) width 138 RTL: "\x{5D4}\x{5D5}\x{5D0} \x{5E6}\x{5E8}\x{5D9}\x{5DA} \x{5DC}\x{5D4}\x{5D9}\x{5D5}\x{5EA} \x{5DE}\x{5D9}\x{5D5}\x{5E9}\x{5E8} \x{5DC}\x{5D9}\x{5DE}\x{5D9}\x{5DF}"
    LayoutBlockFlow {OPTION} at (16,35) size 142x17
      LayoutText {#text} at (58,0) size 82x16
        text run at (58,0) width 82 RTL: "\x{5D9}\x{5E9}\x{5E8}\x{5D0}\x{5DC} \x{5DE}\x{5EA}\x{5D9}\x{5D9}\x{5D1}\x{5E9}\x{5EA}"
layer at (353,189) size 175x53 clip at (369,190) size 158x51
  LayoutListBox {SELECT} at (1,1) size 175x53 [bgcolor=#FFFFFF] [border: (1px solid #A9A9A9)]
    LayoutBlockFlow {OPTION} at (16,1) size 158x17
      LayoutText {#text} at (26,0) size 130x16
        text run at (26,0) width 130: "This is an English text"
    LayoutBlockFlow {OPTION} at (16,18) size 158x17
      LayoutText {#text} at (2,0) size 154x16
        text run at (2,0) width 154: "It needs to be right aligned"
    LayoutBlockFlow {OPTION} at (16,35) size 158x17
      LayoutText {#text} at (63,0) size 93x16
        text run at (63,0) width 93: "Some more text"
layer at (532,189) size 159x53 clip at (548,190) size 142x51
  LayoutListBox {SELECT} at (1,1) size 159x53 [bgcolor=#FFFFFF] [border: (1px solid #A9A9A9)]
    LayoutBlockFlow {OPTION} at (16,1) size 142x17
      LayoutText {#text} at (50,0) size 90x16
        text run at (50,0) width 90 RTL: "\x{5D6}\x{5D4} \x{5D8}\x{5E7}\x{5E1}\x{5D8} \x{5D1}\x{5E2}\x{5D1}\x{5E8}\x{5D9}\x{5EA}"
    LayoutBlockFlow {OPTION} at (16,18) size 142x17
      LayoutText {#text} at (2,0) size 138x16
        text run at (2,0) width 138 RTL: "\x{5D4}\x{5D5}\x{5D0} \x{5E6}\x{5E8}\x{5D9}\x{5DA} \x{5DC}\x{5D4}\x{5D9}\x{5D5}\x{5EA} \x{5DE}\x{5D9}\x{5D5}\x{5E9}\x{5E8} \x{5DC}\x{5D9}\x{5DE}\x{5D9}\x{5DF}"
    LayoutBlockFlow {OPTION} at (16,35) size 142x17
      LayoutText {#text} at (58,0) size 82x16
        text run at (58,0) width 82 RTL: "\x{5D9}\x{5E9}\x{5E8}\x{5D0}\x{5DC} \x{5DE}\x{5EA}\x{5D9}\x{5D9}\x{5D1}\x{5E9}\x{5EA}"
layer at (11,247) size 175x53 clip at (12,248) size 158x51
  LayoutListBox {SELECT} at (1,1) size 175x53 [bgcolor=#FFFFFF] [border: (1px solid #A9A9A9)]
    LayoutBlockFlow {OPTION} at (1,1) size 158x17
      LayoutText {#text} at (26,0) size 130x16
        text run at (26,0) width 130: "This is an English text"
    LayoutBlockFlow {OPTION} at (1,18) size 158x17
      LayoutText {#text} at (2,0) size 154x16
        text run at (2,0) width 154: "It needs to be right aligned"
    LayoutBlockFlow {OPTION} at (1,35) size 158x17
      LayoutText {#text} at (63,0) size 93x16
        text run at (63,0) width 93: "Some more text"
layer at (190,247) size 159x53 clip at (191,248) size 142x51
  LayoutListBox {SELECT} at (1,1) size 159x53 [bgcolor=#FFFFFF] [border: (1px solid #A9A9A9)]
    LayoutBlockFlow {OPTION} at (1,1) size 142x17
      LayoutText {#text} at (50,0) size 90x16
        text run at (50,0) width 90 RTL: "\x{5D6}\x{5D4} \x{5D8}\x{5E7}\x{5E1}\x{5D8} \x{5D1}\x{5E2}\x{5D1}\x{5E8}\x{5D9}\x{5EA}"
    LayoutBlockFlow {OPTION} at (1,18) size 142x17
      LayoutText {#text} at (2,0) size 138x16
        text run at (2,0) width 138 RTL: "\x{5D4}\x{5D5}\x{5D0} \x{5E6}\x{5E8}\x{5D9}\x{5DA} \x{5DC}\x{5D4}\x{5D9}\x{5D5}\x{5EA} \x{5DE}\x{5D9}\x{5D5}\x{5E9}\x{5E8} \x{5DC}\x{5D9}\x{5DE}\x{5D9}\x{5DF}"
    LayoutBlockFlow {OPTION} at (1,35) size 142x17
      LayoutText {#text} at (58,0) size 82x16
        text run at (58,0) width 82 RTL: "\x{5D9}\x{5E9}\x{5E8}\x{5D0}\x{5DC} \x{5DE}\x{5EA}\x{5D9}\x{5D9}\x{5D1}\x{5E9}\x{5EA}"
layer at (11,327) size 186x53 clip at (27,328) size 169x51
  LayoutListBox {SELECT} at (1,1) size 186x53 [bgcolor=#FFFFFF] [border: (1px solid #A9A9A9)]
    LayoutBlockFlow {OPTION} at (16,1) size 169x17
      LayoutText {#text} at (19,0) size 131x16
        text run at (19,0) width 131: "This is an English text"
    LayoutBlockFlow {OPTION} at (16,18) size 169x17
      LayoutText {#text} at (2,0) size 165x16
        text run at (2,0) width 165: "It needs to be center aligned"
    LayoutBlockFlow {OPTION} at (16,35) size 169x17
      LayoutText {#text} at (38,0) size 93x16
        text run at (38,0) width 93: "Some more text"
layer at (201,327) size 170x53 clip at (217,328) size 153x51
  LayoutListBox {SELECT} at (1,1) size 170x53 [bgcolor=#FFFFFF] [border: (1px solid #A9A9A9)]
    LayoutBlockFlow {OPTION} at (16,1) size 153x17
      LayoutText {#text} at (31,0) size 91x16
        text run at (31,0) width 91 RTL: "\x{5D6}\x{5D4} \x{5D8}\x{5E7}\x{5E1}\x{5D8} \x{5D1}\x{5E2}\x{5D1}\x{5E8}\x{5D9}\x{5EA}"
    LayoutBlockFlow {OPTION} at (16,18) size 153x17
      LayoutText {#text} at (2,0) size 149x16
        text run at (2,0) width 149 RTL: "\x{5D4}\x{5D5}\x{5D0} \x{5E6}\x{5E8}\x{5D9}\x{5DA} \x{5DC}\x{5D4}\x{5D9}\x{5D5}\x{5EA} \x{5DE}\x{5D9}\x{5D5}\x{5E9}\x{5E8} \x{5DC}\x{5D0}\x{5DE}\x{5E6}\x{5E2}"
    LayoutBlockFlow {OPTION} at (16,35) size 153x17
      LayoutText {#text} at (35,0) size 83x16
        text run at (35,0) width 83 RTL: "\x{5D9}\x{5E9}\x{5E8}\x{5D0}\x{5DC} \x{5DE}\x{5EA}\x{5D9}\x{5D9}\x{5D1}\x{5E9}\x{5EA}"
layer at (375,327) size 186x53 clip at (376,328) size 169x51
  LayoutListBox {SELECT} at (1,1) size 186x53 [bgcolor=#FFFFFF] [border: (1px solid #A9A9A9)]
    LayoutBlockFlow {OPTION} at (1,1) size 169x17
      LayoutText {#text} at (19,0) size 131x16
        text run at (19,0) width 131: "This is an English text"
    LayoutBlockFlow {OPTION} at (1,18) size 169x17
      LayoutText {#text} at (2,0) size 165x16
        text run at (2,0) width 165: "It needs to be center aligned"
    LayoutBlockFlow {OPTION} at (1,35) size 169x17
      LayoutText {#text} at (38,0) size 93x16
        text run at (38,0) width 93: "Some more text"
layer at (565,327) size 170x53 clip at (566,328) size 153x51
  LayoutListBox {SELECT} at (1,1) size 170x53 [bgcolor=#FFFFFF] [border: (1px solid #A9A9A9)]
    LayoutBlockFlow {OPTION} at (1,1) size 153x17
      LayoutText {#text} at (31,0) size 91x16
        text run at (31,0) width 91 RTL: "\x{5D6}\x{5D4} \x{5D8}\x{5E7}\x{5E1}\x{5D8} \x{5D1}\x{5E2}\x{5D1}\x{5E8}\x{5D9}\x{5EA}"
    LayoutBlockFlow {OPTION} at (1,18) size 153x17
      LayoutText {#text} at (2,0) size 149x16
        text run at (2,0) width 149 RTL: "\x{5D4}\x{5D5}\x{5D0} \x{5E6}\x{5E8}\x{5D9}\x{5DA} \x{5DC}\x{5D4}\x{5D9}\x{5D5}\x{5EA} \x{5DE}\x{5D9}\x{5D5}\x{5E9}\x{5E8} \x{5DC}\x{5D0}\x{5DE}\x{5E6}\x{5E2}"
    LayoutBlockFlow {OPTION} at (1,35) size 153x17
      LayoutText {#text} at (35,0) size 83x16
        text run at (35,0) width 83 RTL: "\x{5D9}\x{5E9}\x{5E8}\x{5D0}\x{5DC} \x{5DE}\x{5EA}\x{5D9}\x{5D9}\x{5D1}\x{5E9}\x{5EA}"
layer at (11,407) size 180x53 clip at (27,408) size 163x51
  LayoutListBox {SELECT} at (1,1) size 180x53 [bgcolor=#FFFFFF] [border: (1px solid #A9A9A9)]
    LayoutBlockFlow {OPTION} at (16,1) size 163x17
      LayoutText {#text} at (2,0) size 159x16
        text run at (2,0) width 159: "This should be right aligned"
    LayoutBlockFlow {OPTION} at (16,18) size 163x17
      LayoutText {#text} at (2,0) size 152x16
        text run at (2,0) width 152: "This should be left aligned"
    LayoutBlockFlow {OPTION} at (16,35) size 163x17
      LayoutText {#text} at (40,0) size 83x16
        text run at (40,0) width 83: "Center aligned"
layer at (195,407) size 180x53 clip at (196,408) size 163x51
  LayoutListBox {SELECT} at (1,1) size 180x53 [bgcolor=#FFFFFF] [border: (1px solid #A9A9A9)]
    LayoutBlockFlow {OPTION} at (1,1) size 163x17
      LayoutText {#text} at (2,0) size 152x16
        text run at (2,0) width 152: "This should be left aligned"
    LayoutBlockFlow {OPTION} at (1,18) size 163x17
      LayoutText {#text} at (2,0) size 159x16
        text run at (2,0) width 159: "This should be right aligned"
    LayoutBlockFlow {OPTION} at (1,35) size 163x17
      LayoutText {#text} at (40,0) size 83x16
        text run at (40,0) width 83: "Center aligned"
layer at (379,407) size 201x53 clip at (395,408) size 184x51
  LayoutListBox {SELECT} at (1,1) size 201x53 [bgcolor=#FFFFFF] [border: (1px solid #A9A9A9)]
    LayoutBlockFlow {OPTION} at (16,1) size 184x17
      LayoutText {#text} at (15,0) size 167x16
        text run at (15,0) width 167 RTL: "\x{5D8}\x{5E7}\x{5E1}\x{5D8} \x{5D6}\x{5D4} \x{5E6}\x{5E8}\x{5D9}\x{5DA} \x{5DC}\x{5D4}\x{5D9}\x{5D5}\x{5EA} \x{5DE}\x{5D9}\x{5D5}\x{5E9}\x{5E8} \x{5DC}\x{5D9}\x{5DE}\x{5D9}\x{5DF}"
    LayoutBlockFlow {OPTION} at (16,18) size 184x17
      LayoutText {#text} at (2,0) size 180x16
        text run at (2,0) width 180 RTL: "\x{5D8}\x{5E7}\x{5E1}\x{5D8} \x{5D6}\x{5D4} \x{5E6}\x{5E8}\x{5D9}\x{5DA} \x{5DC}\x{5D4}\x{5D9}\x{5D5}\x{5EA} \x{5DE}\x{5D9}\x{5D5}\x{5E9}\x{5E8} \x{5DC}\x{5E9}\x{5DE}\x{5D0}\x{5DC}"
    LayoutBlockFlow {OPTION} at (16,35) size 184x17
      LayoutText {#text} at (56,0) size 72x16
        text run at (56,0) width 72 RTL: "\x{5D8}\x{5E7}\x{5E1}\x{5D8} \x{5DE}\x{5DE}\x{5D5}\x{5E8}\x{5DB}\x{5D6}"
layer at (584,407) size 201x53 clip at (585,408) size 184x51
  LayoutListBox {SELECT} at (1,1) size 201x53 [bgcolor=#FFFFFF] [border: (1px solid #A9A9A9)]
    LayoutBlockFlow {OPTION} at (1,1) size 184x17
      LayoutText {#text} at (2,0) size 180x16
        text run at (2,0) width 180 RTL: "\x{5D8}\x{5E7}\x{5E1}\x{5D8} \x{5D6}\x{5D4} \x{5E6}\x{5E8}\x{5D9}\x{5DA} \x{5DC}\x{5D4}\x{5D9}\x{5D5}\x{5EA} \x{5DE}\x{5D9}\x{5D5}\x{5E9}\x{5E8} \x{5DC}\x{5E9}\x{5DE}\x{5D0}\x{5DC}"
    LayoutBlockFlow {OPTION} at (1,18) size 184x17
      LayoutText {#text} at (15,0) size 167x16
        text run at (15,0) width 167 RTL: "\x{5D8}\x{5E7}\x{5E1}\x{5D8} \x{5D6}\x{5D4} \x{5E6}\x{5E8}\x{5D9}\x{5DA} \x{5DC}\x{5D4}\x{5D9}\x{5D5}\x{5EA} \x{5DE}\x{5D9}\x{5D5}\x{5E9}\x{5E8} \x{5DC}\x{5D9}\x{5DE}\x{5D9}\x{5DF}"
    LayoutBlockFlow {OPTION} at (1,35) size 184x17
      LayoutText {#text} at (56,0) size 72x16
        text run at (56,0) width 72 RTL: "\x{5D8}\x{5E7}\x{5E1}\x{5D8} \x{5DE}\x{5DE}\x{5D5}\x{5E8}\x{5DB}\x{5D6}"
