layer at (0,0) size 800x600
  LayoutView at (0,0) size 800x600
layer at (0,0) size 800x600
  LayoutNGBlockFlow {HTML} at (0,0) size 800x600
    LayoutNGBlockFlow {BODY} at (8,8) size 784x584
      LayoutNGBlockFlow {P} at (0,0) size 784x40
        LayoutText {#text} at (0,0) size 52x19
          text run at (0,0) width 52: "Test for "
        LayoutInline {I} at (0,0) size 764x39
          LayoutInline {A} at (0,0) size 302x19 [color=#0000EE]
            LayoutText {#text} at (51,0) size 302x19
              text run at (51,0) width 302: "http://bugs.webkit.org/show_bug.cgi?id=13500"
          LayoutText {#text} at (352,0) size 764x39
            text run at (352,0) width 412: " REGRESSION: Listbox scrollbar does not reflect actual scrolled"
            text run at (0,20) width 319: "position when selected option is added after layout"
        LayoutText {#text} at (319,20) size 4x19
          text run at (319,20) width 4: "."
      LayoutNGBlockFlow {P} at (0,56) size 784x40
        LayoutText {#text} at (0,0) size 780x39
          text run at (0,0) width 780: "The list box should be scrolled all the way down, showing the selected option \x{201C}Seven\x{201D}. The scroller should be at the bottom"
          text run at (0,20) width 187: "of the scroll bar to reflect this."
      LayoutNGBlockFlow (anonymous) at (0,112) size 784x70
        LayoutText {#text} at (0,0) size 0x0
layer at (8,120) size 58x70 clip at (9,121) size 41x68 scrollY 51.00 scrollHeight 119
  LayoutListBox {SELECT} at (0,0) size 58x70 [bgcolor=#FFFFFF] [border: (1px solid #A9A9A9)]
    LayoutBlockFlow {OPTION} at (1,1) size 41x17
      LayoutText {#text} at (2,0) size 24x16
        text run at (2,0) width 24: "One"
    LayoutBlockFlow {OPTION} at (1,18) size 41x17
      LayoutText {#text} at (2,0) size 24x16
        text run at (2,0) width 24: "Two"
    LayoutBlockFlow {OPTION} at (1,35) size 41x17
      LayoutText {#text} at (2,0) size 33x16
        text run at (2,0) width 33: "Three"
    LayoutBlockFlow {OPTION} at (1,52) size 41x17
      LayoutText {#text} at (2,0) size 26x16
        text run at (2,0) width 26: "Four"
    LayoutBlockFlow {OPTION} at (1,69) size 41x17
      LayoutText {#text} at (2,0) size 25x16
        text run at (2,0) width 25: "Five"
    LayoutBlockFlow {OPTION} at (1,86) size 41x17
      LayoutText {#text} at (2,0) size 19x16
        text run at (2,0) width 19: "Six"
    LayoutBlockFlow {OPTION} at (1,103) size 41x17 [color=#FFFFFF] [bgcolor=#999999]
      LayoutText {#text} at (2,0) size 37x16
        text run at (2,0) width 37: "Seven"
