layer at (0,0) size 800x600
  LayoutView at (0,0) size 800x600
layer at (0,0) size 800x600
  LayoutNGBlockFlow {HTML} at (0,0) size 800x600
    LayoutNGBlockFlow {BODY} at (8,8) size 784x584
      LayoutNGBlockFlow {P} at (0,0) size 784x40
        LayoutText {#text} at (0,0) size 117x19
          text run at (0,0) width 117: "Rendering test for "
        LayoutInline {I} at (0,0) size 780x39
          LayoutInline {A} at (0,0) size 407x19 [color=#0000EE]
            LayoutText {#text} at (117,0) size 407x19
              text run at (117,0) width 407: "https://bugs.chromium.org/p/chromium/issues/detail?id=626278"
          LayoutText {#text} at (523,0) size 780x39
            text run at (523,0) width 257: " Regression: HTML Select's text appears"
            text run at (0,20) width 231: "chopped if appearance is set to none"
        LayoutText {#text} at (231,20) size 4x19
          text run at (231,20) width 4: "."
      LayoutNGBlockFlow (anonymous) at (0,56) size 784x42
        LayoutMenuList {SELECT} at (0,0) size 27x42 [bgcolor=#C0C0C0] [border: (1px solid #A9A9A9)]
          LayoutNGBlockFlow (anonymous) at (1,1) size 25x40
            LayoutText (anonymous) at (0,12) size 25x16
              text run at (0,12) width 25: "Test"
        LayoutText {#text} at (0,0) size 0x0
