layer at (0,0) size 800x600
  LayoutView at (0,0) size 800x600
layer at (0,0) size 800x600
  LayoutNGBlockFlow {HTML} at (0,0) size 800x600
    LayoutNGBlockFlow {BODY} at (8,8) size 784x576
      LayoutNGBlockFlow {P} at (0,0) size 784x20
        LayoutText {#text} at (0,0) size 51x19
          text run at (0,0) width 51: "Test for "
        LayoutInline {I} at (0,0) size 572x19
          LayoutInline {A} at (0,0) size 299x19 [color=#0000EE]
            LayoutText {#text} at (51,0) size 299x19
              text run at (51,0) width 299: "http://bugs.webkit.org/show_bug.cgi?id=11362"
          LayoutText {#text} at (350,0) size 273x19
            text run at (350,0) width 273: " Native popup with size=\"1\" wraps options"
        LayoutText {#text} at (623,0) size 4x19
          text run at (623,0) width 4: "."
      LayoutNGBlockFlow {P} at (0,36) size 784x20
        LayoutText {#text} at (0,0) size 35x19
          text run at (0,0) width 35: "With "
        LayoutInline {TT} at (0,0) size 64x16
          LayoutText {#text} at (35,3) size 64x16
            text run at (35,3) width 64: "size=\"1\""
        LayoutText {#text} at (99,0) size 8x19
          text run at (99,0) width 8: ": "
        LayoutMenuList {SELECT} at (107,1) size 100x18 [bgcolor=#C0C0C0] [border: (1px solid #A9A9A9)]
          LayoutNGBlockFlow (anonymous) at (1,1) size 98x16
            LayoutText (anonymous) at (0,0) size 189x16
              text run at (0,0) width 189: "Very long option that does not fit"
        LayoutText {#text} at (0,0) size 0x0
      LayoutNGBlockFlow {P} at (0,72) size 784x20
        LayoutText {#text} at (0,0) size 55x19
          text run at (0,0) width 55: "Without "
        LayoutInline {TT} at (0,0) size 32x16
          LayoutText {#text} at (55,3) size 32x16
            text run at (55,3) width 32: "size"
        LayoutText {#text} at (87,0) size 8x19
          text run at (87,0) width 8: ": "
        LayoutMenuList {SELECT} at (95,1) size 100x18 [bgcolor=#C0C0C0] [border: (1px solid #A9A9A9)]
          LayoutNGBlockFlow (anonymous) at (1,1) size 98x16
            LayoutText (anonymous) at (0,0) size 189x16
              text run at (0,0) width 189: "Very long option that does not fit"
        LayoutText {#text} at (0,0) size 0x0
