layer at (0,0) size 800x600
  LayoutView at (0,0) size 800x600
layer at (0,0) size 800x600
  LayoutNGBlockFlow {HTML} at (0,0) size 800x600
    LayoutNGBlockFlow {BODY} at (8,8) size 784x584
      LayoutText {#text} at (0,0) size 71x19
        text run at (0,0) width 71: "Test result: "
      LayoutMenuList {SELECT} at (71,0) size 58x20 [bgcolor=#C0C0C0] [border: (1px solid #A9A9A9)]
        LayoutNGBlockFlow (anonymous) at (1,1) size 56x18
          LayoutText (anonymous) at (4,1) size 36x16
            text run at (4,1) width 36: "PASS"
      LayoutText {#text} at (0,0) size 0x0
