layer at (0,0) size 800x600
  LayoutView at (0,0) size 800x600
layer at (0,0) size 800x379
  LayoutNGBlockFlow {HTML} at (0,0) size 800x379
    LayoutNGBlockFlow {BODY} at (8,8) size 784x363
      LayoutNGBlockFlow {FORM} at (0,0) size 784x363
        LayoutText {#text} at (0,0) size 0x0
        LayoutBR {BR} at (79,323) size 0x0
        LayoutMenuList {SELECT} at (0,343) size 71x20 [bgcolor=#C0C0C0] [border: (1px solid #A9A9A9)]
          LayoutNGBlockFlow (anonymous) at (1,1) size 69x18
            LayoutText (anonymous) at (4,1) size 33x16
              text run at (4,1) width 33: "Three"
        LayoutText {#text} at (0,0) size 0x0
layer at (8,8) size 79x342 clip at (9,9) size 62x340
  LayoutListBox {SELECT} at (0,0) size 79x342 [bgcolor=#FFFFFF] [border: (1px solid #A9A9A9)]
    LayoutBlockFlow {OPTGROUP} at (1,1) size 62x85 [color=#008000]
      LayoutBlockFlow {DIV} at (0,0) size 62x17
        LayoutText {#text} at (2,0) size 51x16
          text run at (2,0) width 51: "Enabled"
      LayoutBlockFlow {OPTION} at (0,17) size 62x17 [color=#0000FF]
        LayoutInline {<pseudo:before>} at (0,0) size 16x16
          LayoutTextFragment (anonymous) at (2,0) size 16x16
            text run at (2,0) width 16: "    "
        LayoutText {#text} at (18,0) size 24x16
          text run at (18,0) width 24: "One"
      LayoutBlockFlow {OPTION} at (0,34) size 62x17 [color=#0000FF]
        LayoutInline {<pseudo:before>} at (0,0) size 16x16
          LayoutTextFragment (anonymous) at (2,0) size 16x16
            text run at (2,0) width 16: "    "
        LayoutText {#text} at (18,0) size 23x16
          text run at (18,0) width 23: "Two"
      LayoutBlockFlow {OPTION} at (0,51) size 62x17 [color=#0000FF]
        LayoutInline {<pseudo:before>} at (0,0) size 16x16
          LayoutTextFragment (anonymous) at (2,0) size 16x16
            text run at (2,0) width 16: "    "
        LayoutText {#text} at (18,0) size 33x16
          text run at (18,0) width 33: "Three"
      LayoutBlockFlow {OPTION} at (0,68) size 62x17 [color=#0000FF]
        LayoutInline {<pseudo:before>} at (0,0) size 16x16
          LayoutTextFragment (anonymous) at (2,0) size 16x16
            text run at (2,0) width 16: "    "
        LayoutText {#text} at (18,0) size 26x16
          text run at (18,0) width 26: "Four"
    LayoutBlockFlow {OPTGROUP} at (1,86) size 62x85 [color=#FFC0CB]
      LayoutBlockFlow {DIV} at (0,0) size 62x17
        LayoutText {#text} at (2,0) size 54x16
          text run at (2,0) width 54: "Disabled"
      LayoutBlockFlow {OPTION} at (0,17) size 62x17 [color=#FF0000]
        LayoutInline {<pseudo:before>} at (0,0) size 16x16
          LayoutTextFragment (anonymous) at (2,0) size 16x16
            text run at (2,0) width 16: "    "
        LayoutText {#text} at (18,0) size 24x16
          text run at (18,0) width 24: "One"
      LayoutBlockFlow {OPTION} at (0,34) size 62x17 [color=#FF0000]
        LayoutInline {<pseudo:before>} at (0,0) size 16x16
          LayoutTextFragment (anonymous) at (2,0) size 16x16
            text run at (2,0) width 16: "    "
        LayoutText {#text} at (18,0) size 23x16
          text run at (18,0) width 23: "Two"
      LayoutBlockFlow {OPTION} at (0,51) size 62x17 [color=#FF0000]
        LayoutInline {<pseudo:before>} at (0,0) size 16x16
          LayoutTextFragment (anonymous) at (2,0) size 16x16
            text run at (2,0) width 16: "    "
        LayoutText {#text} at (18,0) size 33x16
          text run at (18,0) width 33: "Three"
      LayoutBlockFlow {OPTION} at (0,68) size 62x17 [color=#FF0000]
        LayoutInline {<pseudo:before>} at (0,0) size 16x16
          LayoutTextFragment (anonymous) at (2,0) size 16x16
            text run at (2,0) width 16: "    "
        LayoutText {#text} at (18,0) size 26x16
          text run at (18,0) width 26: "Four"
    LayoutBlockFlow {OPTGROUP} at (1,171) size 62x85 [color=#008000]
      LayoutBlockFlow {DIV} at (0,0) size 62x17
        LayoutText {#text} at (2,0) size 58x16
          text run at (2,0) width 58: "Enabled2"
      LayoutBlockFlow {OPTION} at (0,17) size 62x17 [color=#0000FF]
        LayoutInline {<pseudo:before>} at (0,0) size 16x16
          LayoutTextFragment (anonymous) at (2,0) size 16x16
            text run at (2,0) width 16: "    "
        LayoutText {#text} at (18,0) size 24x16
          text run at (18,0) width 24: "One"
      LayoutBlockFlow {OPTION} at (0,34) size 62x17 [color=#FF0000]
        LayoutInline {<pseudo:before>} at (0,0) size 16x16
          LayoutTextFragment (anonymous) at (2,0) size 16x16
            text run at (2,0) width 16: "    "
        LayoutText {#text} at (18,0) size 23x16
          text run at (18,0) width 23: "Two"
      LayoutBlockFlow {OPTION} at (0,51) size 62x17 [color=#FFFFFF] [bgcolor=#999999]
        LayoutInline {<pseudo:before>} at (0,0) size 16x16
          LayoutTextFragment (anonymous) at (2,0) size 16x16
            text run at (2,0) width 16: "    "
        LayoutText {#text} at (18,0) size 33x16
          text run at (18,0) width 33: "Three"
      LayoutBlockFlow {OPTION} at (0,68) size 62x17 [color=#0000FF]
        LayoutInline {<pseudo:before>} at (0,0) size 16x16
          LayoutTextFragment (anonymous) at (2,0) size 16x16
            text run at (2,0) width 16: "    "
        LayoutText {#text} at (18,0) size 26x16
          text run at (18,0) width 26: "Four"
