layer at (0,0) size 800x600
  LayoutView at (0,0) size 800x600
layer at (0,0) size 800x600
  LayoutNGBlockFlow {HTML} at (0,0) size 800x600
    LayoutNGBlockFlow {BODY} at (8,8) size 784x584
      LayoutText {#text} at (0,0) size 338x19
        text run at (0,0) width 338: "TEST PASSED: If the popup menu only says \"Text\"."
      LayoutBR {BR} at (338,0) size 0x0
      LayoutText {#text} at (0,20) size 417x19
        text run at (0,20) width 417: "TEST FAILED: If the popup menu says \"document.write('Text')\"."
      LayoutBR {BR} at (417,20) size 0x0
      LayoutMenuList {SELECT} at (0,40) size 46x20 [bgcolor=#C0C0C0] [border: (1px solid #A9A9A9)]
        LayoutNGBlockFlow (anonymous) at (1,1) size 44x18
          LayoutText (anonymous) at (4,1) size 24x16
            text run at (4,1) width 24: "Text"
      LayoutText {#text} at (0,0) size 0x0
