layer at (0,0) size 800x600
  LayoutView at (0,0) size 800x600
layer at (0,0) size 800x600
  LayoutNGBlockFlow {HTML} at (0,0) size 800x600
    LayoutNGBlockFlow {BODY} at (8,8) size 784x576
      LayoutNGBlockFlow {P} at (0,0) size 784x20
        LayoutText {#text} at (0,0) size 52x19
          text run at (0,0) width 52: "Test for "
        LayoutInline {I} at (0,0) size 653x19
          LayoutInline {A} at (0,0) size 302x19 [color=#0000EE]
            LayoutText {#text} at (51,0) size 302x19
              text run at (51,0) width 302: "http://bugs.webkit.org/show_bug.cgi?id=12345"
          LayoutText {#text} at (352,0) size 352x19
            text run at (352,0) width 352: " REGRESSION: Disabled pop-up text is not grayed out"
        LayoutText {#text} at (703,0) size 5x19
          text run at (703,0) width 5: "."
      LayoutNGBlockFlow {P} at (0,36) size 784x20
        LayoutMenuList {SELECT} at (0,0) size 162x20 [color=#808080] [bgcolor=#C0C0C0] [border: (1px solid #A9A9A9)]
          LayoutNGBlockFlow (anonymous) at (1,1) size 160x18
            LayoutText (anonymous) at (4,1) size 140x16
              text run at (4,1) width 140: "This text should be gray"
        LayoutText {#text} at (0,0) size 0x0
      LayoutNGBlockFlow {P} at (0,72) size 784x20
        LayoutMenuList {SELECT} at (0,0) size 168x20 [bgcolor=#C0C0C0] [border: (1px solid #A9A9A9)]
          LayoutNGBlockFlow (anonymous) at (1,1) size 166x18
            LayoutText (anonymous) at (4,1) size 146x16
              text run at (4,1) width 146: "This text should be black"
        LayoutText {#text} at (0,0) size 0x0
