layer at (0,0) size 800x600
  LayoutView at (0,0) size 800x600
layer at (0,0) size 800x600
  LayoutNGBlockFlow {HTML} at (0,0) size 800x600
    LayoutNGBlockFlow {BODY} at (8,8) size 784x576
      LayoutNGBlockFlow {P} at (0,0) size 784x40
        LayoutText {#text} at (0,0) size 52x19
          text run at (0,0) width 52: "Test for "
        LayoutInline {I} at (0,0) size 770x39
          LayoutInline {A} at (0,0) size 302x19 [color=#0000EE]
            LayoutText {#text} at (51,0) size 302x19
              text run at (51,0) width 302: "http://bugs.webkit.org/show_bug.cgi?id=13896"
          LayoutText {#text} at (352,0) size 770x39
            text run at (352,0) width 418: " REGRESSION (NativePopup): Reproductible crasher on Google"
            text run at (0,20) width 123: "Coop control panel"
        LayoutText {#text} at (122,20) size 5x19
          text run at (122,20) width 5: "."
      LayoutNGBlockFlow {P} at (0,56) size 784x20
        LayoutText {#text} at (0,0) size 180x19
          text run at (0,0) width 180: "No crash means SUCCESS."
