layer at (0,0) size 800x600
  LayoutView at (0,0) size 800x600
layer at (0,0) size 800x469
  LayoutNGBlockFlow {HTML} at (0,0) size 800x469
    LayoutNGBlockFlow {BODY} at (8,16) size 784x437
      LayoutNGBlockFlow {P} at (0,0) size 784x80
        LayoutText {#text} at (0,0) size 771x79
          text run at (0,0) width 750: "There should be one big square below containing four squares. Top left square should be filled with 3 rows of 2 and bit"
          text run at (0,20) width 771: "Apple images. Top right square should be 2 and a bit rows with one Apple image column along the left edge of the square."
          text run at (0,40) width 763: "Bottom left square should be one row with three Apple images along the top of the square. Bottom right square should be"
          text run at (0,60) width 218: "one Apple image in top left corner."
      LayoutNGBlockFlow {P} at (0,96) size 784x341
layer at (8,112) size 336x336
  LayoutHTMLCanvas {CANVAS} at (0,0) size 336x336 [border: (3px solid #000000)]
