layer at (0,0) size 800x600
  LayoutView at (0,0) size 800x600
layer at (0,0) size 800x600
  LayoutBlockFlow {HTML} at (0,0) size 800x600
    LayoutBlockFlow {BODY} at (8,8) size 784x584
      LayoutInline {A} at (0,0) size 238x18 [color=#0000EE]
        LayoutInline {B} at (0,0) size 238x18
          LayoutText {#text} at (0,0) size 238x18
            text run at (0,0) width 238: "the second copy should not be bold"
      LayoutText {#text} at (237,0) size 5x18
        text run at (237,0) width 5: " "
      LayoutText {#text} at (241,0) size 227x18
        text run at (241,0) width 227: "the second copy should not be bold"
