layer at (0,0) size 800x600
  LayoutView at (0,0) size 800x600
layer at (0,0) size 800x600
  LayoutBlockFlow {HTML} at (0,0) size 800x600
    LayoutBlockFlow {BODY} at (8,8) size 784x584
      LayoutBlockFlow {DIV} at (0,0) size 784x88 [border: (1px solid #FF0000)]
        LayoutBlockFlow {P} at (1,17) size 782x54
          LayoutText {#text} at (0,0) size 755x54
            text run at (0,0) width 710: "This test verifies that JavaScript returns only direct descendent element nodes in the 'children' collection (an IE"
            text run at (0,18) width 75: "extension). "
            text run at (74,18) width 681: "We also verify that the 'childNodes' collection contains direct descendent nodes of any type (text, element,"
            text run at (0,36) width 28: "etc.)"
      LayoutBlockFlow {DIV} at (0,88) size 784x90
        LayoutBlockFlow {DIV} at (0,0) size 784x18
          LayoutInline {B} at (0,0) size 24x18
            LayoutText {#text} at (0,0) size 24x18
              text run at (0,0) width 24: "test"
          LayoutText {#text} at (23,0) size 5x18
            text run at (23,0) width 5: " "
          LayoutInline {U} at (0,0) size 58x18
            LayoutText {#text} at (27,0) size 58x18
              text run at (27,0) width 58: "non bold"
          LayoutText {#text} at (84,0) size 5x18
            text run at (84,0) width 5: " "
          LayoutInline {I} at (0,0) size 34x18
            LayoutText {#text} at (88,0) size 34x18
              text run at (88,0) width 34: "italic"
          LayoutText {#text} at (121,0) size 27x18
            text run at (121,0) width 27: " test"
        LayoutBlockFlow {DIV} at (0,18) size 784x18
          LayoutText {#text} at (0,0) size 60x18
            text run at (0,0) width 60: "plain text"
        LayoutBlockFlow {DIV} at (0,36) size 784x18
          LayoutText {#text} at (0,0) size 76x18
            text run at (0,0) width 76: "another line"
        LayoutBlockFlow {DIV} at (0,54) size 784x18
          LayoutText {#text} at (0,0) size 100x18
            text run at (0,0) width 100: "yet another line"
        LayoutBlockFlow {DIV} at (0,72) size 784x18
          LayoutInline {SPAN} at (0,0) size 56x18
            LayoutText {#text} at (0,0) size 31x18
              text run at (0,0) width 31: "fifth "
            LayoutInline {B} at (0,0) size 26x18
              LayoutText {#text} at (30,0) size 26x18
                text run at (30,0) width 26: "line"
      LayoutBlockFlow {DIV} at (0,178) size 784x360
        LayoutBR {BR} at (0,0) size 0x18
        LayoutText {#text} at (0,18) size 383x18
          text run at (0,18) width 383: "Results: children.length = 5 (should be 5 DIV nodes below)"
        LayoutBR {BR} at (382,32) size 1x0
        LayoutText {#text} at (0,36) size 114x18
          text run at (0,36) width 114: "  node: DIV (one)"
        LayoutBR {BR} at (113,50) size 1x0
        LayoutText {#text} at (0,54) size 115x18
          text run at (0,54) width 115: "  node: DIV (two)"
        LayoutBR {BR} at (114,68) size 1x0
        LayoutText {#text} at (0,72) size 123x18
          text run at (0,72) width 123: "  node: DIV (three)"
        LayoutBR {BR} at (122,86) size 1x0
        LayoutText {#text} at (0,90) size 118x18
          text run at (0,90) width 118: "  node: DIV (four)"
        LayoutBR {BR} at (117,104) size 1x0
        LayoutText {#text} at (0,108) size 115x18
          text run at (0,108) width 115: "  node: DIV (five)"
        LayoutBR {BR} at (114,122) size 1x0
        LayoutBR {BR} at (0,126) size 0x18
        LayoutText {#text} at (0,144) size 330x18
          text run at (0,144) width 330: "childNodes.length = 11 (should be 11 nodes below)"
        LayoutBR {BR} at (329,158) size 1x0
        LayoutText {#text} at (0,162) size 158x18
          text run at (0,162) width 158: "  node: #text (undefined)"
        LayoutBR {BR} at (157,176) size 1x0
        LayoutText {#text} at (0,180) size 114x18
          text run at (0,180) width 114: "  node: DIV (one)"
        LayoutBR {BR} at (113,194) size 1x0
        LayoutText {#text} at (0,198) size 158x18
          text run at (0,198) width 158: "  node: #text (undefined)"
        LayoutBR {BR} at (157,212) size 1x0
        LayoutText {#text} at (0,216) size 115x18
          text run at (0,216) width 115: "  node: DIV (two)"
        LayoutBR {BR} at (114,230) size 1x0
        LayoutText {#text} at (0,234) size 158x18
          text run at (0,234) width 158: "  node: #text (undefined)"
        LayoutBR {BR} at (157,248) size 1x0
        LayoutText {#text} at (0,252) size 123x18
          text run at (0,252) width 123: "  node: DIV (three)"
        LayoutBR {BR} at (122,266) size 1x0
        LayoutText {#text} at (0,270) size 158x18
          text run at (0,270) width 158: "  node: #text (undefined)"
        LayoutBR {BR} at (157,284) size 1x0
        LayoutText {#text} at (0,288) size 118x18
          text run at (0,288) width 118: "  node: DIV (four)"
        LayoutBR {BR} at (117,302) size 1x0
        LayoutText {#text} at (0,306) size 158x18
          text run at (0,306) width 158: "  node: #text (undefined)"
        LayoutBR {BR} at (157,320) size 1x0
        LayoutText {#text} at (0,324) size 115x18
          text run at (0,324) width 115: "  node: DIV (five)"
        LayoutBR {BR} at (114,338) size 1x0
        LayoutText {#text} at (0,342) size 158x18
          text run at (0,342) width 158: "  node: #text (undefined)"
        LayoutBR {BR} at (157,356) size 1x0
