layer at (0,0) size 800x600 scrollWidth 840
  LayoutView at (0,0) size 800x600
layer at (0,0) size 800x600
  LayoutBlockFlow {HTML} at (0,0) size 800x600
    LayoutBlockFlow {BODY} at (8,8) size 784x584
      LayoutBlockFlow {H1} at (0,0) size 784x37
        LayoutText {#text} at (0,0) size 195x37
          text run at (0,0) width 195: "Cloning nodes"
      LayoutBlockFlow {DIV} at (0,58.44) size 784x40 [bgcolor=#FFFF00] [border: (2px ridge #EEEEEE)]
        LayoutInline {SPAN} at (0,0) size 831x36
          LayoutText {#text} at (2,2) size 61x36
            text run at (2,2) width 61: "Bold"
          LayoutInline {SPAN} at (0,0) size 711x36
            LayoutText {#text} at (62,2) size 206x36
              text run at (62,2) width 206: "Bold+Underline"
            LayoutInline {SPAN} at (0,0) size 283x36
              LayoutText {#text} at (267,2) size 283x36
                text run at (267,2) width 283: "Bold+Underline+Italic"
            LayoutText {#text} at (550,2) size 223x36
              text run at (550,2) width 223: "Bold+Uunderline"
          LayoutText {#text} at (772,2) size 61x36
            text run at (772,2) width 61: "Bold"
        LayoutText {#text} at (0,0) size 0x0
      LayoutBlockFlow (anonymous) at (0,98.44) size 784x18
        LayoutText {#text} at (0,0) size 191x18
          text run at (0,0) width 191: "Cloned Node with deep=false"
      LayoutBlockFlow {DIV} at (0,116.44) size 784x40 [bgcolor=#FFFF00] [border: (2px ridge #EEEEEE)]
        LayoutBR {BR} at (2,2) size 0x36
      LayoutBlockFlow (anonymous) at (0,156.44) size 784x18
        LayoutText {#text} at (0,0) size 186x18
          text run at (0,0) width 186: "Cloned Node with deep=true"
      LayoutBlockFlow {DIV} at (0,174.44) size 784x40 [bgcolor=#FFFF00] [border: (2px ridge #EEEEEE)]
        LayoutInline {SPAN} at (0,0) size 831x36
          LayoutText {#text} at (2,2) size 61x36
            text run at (2,2) width 61: "Bold"
          LayoutInline {SPAN} at (0,0) size 711x36
            LayoutText {#text} at (62,2) size 206x36
              text run at (62,2) width 206: "Bold+Underline"
            LayoutInline {SPAN} at (0,0) size 283x36
              LayoutText {#text} at (267,2) size 283x36
                text run at (267,2) width 283: "Bold+Underline+Italic"
            LayoutText {#text} at (550,2) size 223x36
              text run at (550,2) width 223: "Bold+Uunderline"
          LayoutText {#text} at (772,2) size 61x36
            text run at (772,2) width 61: "Bold"
        LayoutText {#text} at (0,0) size 0x0
