layer at (0,0) size 800x600
  LayoutView at (0,0) size 800x600
layer at (0,0) size 800x600
  LayoutBlockFlow {HTML} at (0,0) size 800x600
    LayoutBlockFlow {BODY} at (8,8) size 784x576
      LayoutBlockFlow {BLOCKQUOTE} at (40,0) size 704x18
        LayoutInline {SPAN} at (0,0) size 169x18
          LayoutText {#text} at (0,0) size 169x18
            text run at (0,0) width 169: "Heck, son, you're a failure"
      LayoutBlockFlow {P} at (0,34) size 784x18
        LayoutText {#text} at (0,0) size 379x18
          text run at (0,0) width 379: "The result appears below here; should not include any text:"
      LayoutBlockFlow {P} at (0,68) size 784x0
        LayoutInline {SPAN} at (0,0) size 0x0
