layer at (0,0) size 800x600
  LayoutView at (0,0) size 800x600
layer at (0,0) size 800x147
  LayoutBlockFlow {HTML} at (0,0) size 800x147
    LayoutBlockFlow {BODY} at (8,13) size 784x126
      LayoutBlockFlow {PRE} at (0,0) size 784x0
      LayoutBlockFlow (anonymous) at (0,0) size 784x36
        LayoutText {#text} at (0,0) size 749x36
          text run at (0,0) width 749: "This tests that insertRule, deleteRule, and the IE extensions addRule and removeRule update the style when rules are"
          text run at (0,18) width 489: "added and removed. It also tests that disabling a stylesheet updates the style."
      LayoutBlockFlow {DIV} at (0,36) size 784x18
        LayoutText {#text} at (0,0) size 490x18
          text run at (0,0) width 490: "This is div1. This text should not be red because that rule has been removed."
      LayoutBlockFlow {DIV} at (0,54) size 784x18 [color=#0000FF]
        LayoutText {#text} at (0,0) size 620x18
          text run at (0,0) width 620: "This is div2. This text should be blue because a matching rule with that property has been added."
      LayoutBlockFlow {DIV} at (0,72) size 784x18
        LayoutText {#text} at (0,0) size 513x18
          text run at (0,0) width 513: "This is div3. This text should not be yellow because that rule has been removed."
      LayoutBlockFlow {DIV} at (0,90) size 784x18 [color=#008000]
        LayoutText {#text} at (0,0) size 628x18
          text run at (0,0) width 628: "This is div4. This text should be green because a matching rule with that property has been added."
      LayoutBlockFlow {DIV} at (0,108) size 784x18
        LayoutText {#text} at (0,0) size 631x18
          text run at (0,0) width 631: "This is div3. This text should not be purple because the stylesheet with that rule has been disabled."
