layer at (0,0) size 800x600
  LayoutView at (0,0) size 800x600
layer at (0,0) size 800x274
  LayoutBlockFlow {html} at (0,0) size 800x274
    LayoutBlockFlow {body} at (8,16) size 784x250
      LayoutBlockFlow {div} at (0,0) size 784x250
        LayoutBlockFlow {p} at (0,0) size 784x36
          LayoutText {#text} at (0,0) size 699x36
            text run at (0,0) width 699: "This is a simple test of both importNode and cloneNode, created from an example that demonstrated a bug in"
            text run at (0,18) width 82: "importNode."
        LayoutBlockFlow {div} at (0,52) size 784x18 [bgcolor=#FFFF00]
          LayoutText {#text} at (0,0) size 119x18
            text run at (0,0) width 119: "The original node:"
        LayoutBlockFlow {div} at (0,70) size 784x48 [bgcolor=#7F7FFF]
          LayoutBlockFlow (anonymous) at (3,3) size 778x18
            LayoutText {#text} at (0,0) size 58x18
              text run at (0,0) width 58: "Outer bit"
          LayoutBlockFlow {div} at (6,24) size 772x18 [color=#FFFF00] [bgcolor=#0000FF]
            LayoutText {#text} at (0,0) size 59x18
              text run at (0,0) width 59: "Inner bit."
        LayoutBlockFlow {div} at (0,118) size 784x18 [bgcolor=#FFFF00]
          LayoutText {#text} at (0,0) size 176x18
            text run at (0,0) width 176: "Copied with importNode():"
        LayoutBlockFlow {div} at (0,136) size 784x48 [bgcolor=#7F7FFF]
          LayoutBlockFlow (anonymous) at (3,3) size 778x18
            LayoutText {#text} at (0,0) size 58x18
              text run at (0,0) width 58: "Outer bit"
          LayoutBlockFlow {div} at (6,24) size 772x18 [color=#FFFF00] [bgcolor=#0000FF]
            LayoutText {#text} at (0,0) size 59x18
              text run at (0,0) width 59: "Inner bit."
        LayoutBlockFlow {div} at (0,184) size 784x18 [bgcolor=#FFFF00]
          LayoutText {#text} at (0,0) size 168x18
            text run at (0,0) width 168: "Copied with cloneNode():"
        LayoutBlockFlow {div} at (0,202) size 784x48 [bgcolor=#7F7FFF]
          LayoutBlockFlow (anonymous) at (3,3) size 778x18
            LayoutText {#text} at (0,0) size 58x18
              text run at (0,0) width 58: "Outer bit"
          LayoutBlockFlow {div} at (6,24) size 772x18 [color=#FFFF00] [bgcolor=#0000FF]
            LayoutText {#text} at (0,0) size 59x18
              text run at (0,0) width 59: "Inner bit."
