layer at (0,0) size 800x600
  LayoutView at (0,0) size 800x600
layer at (0,0) size 800x416
  LayoutBlockFlow {HTML} at (0,0) size 800x416
    LayoutBlockFlow {BODY} at (8,8) size 784x400
layer at (8,8) size 400x400 clip at (8,8) size 400x385 scrollX 9640.00 scrollWidth 10040
  LayoutBlockFlow {DIV} at (0,0) size 400x400
    LayoutBlockFlow {DIV} at (40,0) size 10000x200 [bgcolor=#FFFF00]
layer at (368,8) size 40x385
  LayoutBlockFlow (relative positioned) {DIV} at (0,0) size 40x385
    LayoutBlockFlow (anonymous) at (0,0) size 20x385
      LayoutText {#text} at (0,0) size 19x61
        text run at (0,0) width 61: "Some text"
    LayoutBlockFlow {DIV} at (20,0) size 20x385
      LayoutText {#text} at (0,0) size 0x0
layer at (368,8) size 19x249
  LayoutInline (relative positioned) {A} at (0,0) size 19x249
    LayoutText {#text} at (0,0) size 19x249
      text run at (0,0) width 249: "This text should not overlap the other text"
