layer at (0,0) size 800x600
  LayoutView at (0,0) size 800x600
layer at (0,0) size 800x188
  LayoutBlockFlow {HTML} at (0,0) size 800x188
    LayoutBlockFlow {BODY} at (8,8) size 784x170
      LayoutBlockFlow {DIV} at (0,0) size 102x102 [border: (1px solid #000000)]
      LayoutBlockFlow {FORM} at (0,152) size 784x18
        LayoutBlockFlow {P} at (0,0) size 784x18
          LayoutFileUploadControl {INPUT} at (0,0) size 238x18 "hello.txt"
            LayoutButton {INPUT} at (0,0) size 77.33x18 [bgcolor=#FFFFFF]
              LayoutBlockFlow (anonymous) at (8,2) size 61.33x13
                LayoutText {#text} at (0,0) size 62x13
                  text run at (0,0) width 62: "Choose File"
          LayoutText {#text} at (0,0) size 0x0
