layer at (0,0) size 800x600
  LayoutView at (0,0) size 800x600
layer at (0,0) size 800x103
  LayoutBlockFlow {HTML} at (0,0) size 800x103
    LayoutBlockFlow {BODY} at (8,16) size 784x79
      LayoutBlockFlow {P} at (0,0) size 784x18
        LayoutText {#text} at (0,0) size 237x18
          text run at (0,0) width 237: "The following two lines should look "
        LayoutInline {EM} at (0,0) size 93x18
          LayoutText {#text} at (236,0) size 93x18
            text run at (236,0) width 93: "approximately"
        LayoutText {#text} at (328,0) size 66x18
          text run at (328,0) width 66: " the same:"
      LayoutBlockFlow {DIV} at (0,34) size 784x19
        LayoutInline {SPAN} at (0,0) size 9x18
          LayoutInline {<pseudo:before>} at (0,0) size 9x18
            LayoutCounter (anonymous) at (0,1) size 9x18
              text run at (0,1) width 9: "\x{25A0}"
        LayoutText {#text} at (8,1) size 5x18
          text run at (8,1) width 5: " "
        LayoutInline {SPAN} at (0,0) size 10x18
          LayoutInline {<pseudo:before>} at (0,0) size 10x18
            LayoutCounter (anonymous) at (12,1) size 10x18
              text run at (12,1) width 10: "\x{25A0}"
        LayoutText {#text} at (21,1) size 5x18
          text run at (21,1) width 5: " "
        LayoutInline {SPAN} at (0,0) size 10x18
          LayoutInline {<pseudo:before>} at (0,0) size 10x18
            LayoutCounter (anonymous) at (25,1) size 10x18
              text run at (25,1) width 10: "\x{25A0}"
        LayoutText {#text} at (34,1) size 5x18
          text run at (34,1) width 5: " "
        LayoutInline {SPAN} at (0,0) size 9x18
          LayoutInline {<pseudo:before>} at (0,0) size 9x18
            LayoutCounter (anonymous) at (38,1) size 9x18
              text run at (38,1) width 9: "\x{25A0}"
        LayoutText {#text} at (46,1) size 5x18
          text run at (46,1) width 5: " "
        LayoutInline {SPAN} at (0,0) size 10x18
          LayoutInline {<pseudo:before>} at (0,0) size 10x18
            LayoutCounter (anonymous) at (50,1) size 10x18
              text run at (50,1) width 10: "\x{25A0}"
        LayoutText {#text} at (59,1) size 5x18
          text run at (59,1) width 5: " "
        LayoutInline {SPAN} at (0,0) size 10x18
          LayoutInline {<pseudo:before>} at (0,0) size 10x18
            LayoutCounter (anonymous) at (63,1) size 10x18
              text run at (63,1) width 10: "\x{25A0}"
        LayoutText {#text} at (72,1) size 5x18
          text run at (72,1) width 5: " "
        LayoutInline {SPAN} at (0,0) size 9x18
          LayoutInline {<pseudo:before>} at (0,0) size 9x18
            LayoutCounter (anonymous) at (76,1) size 9x18
              text run at (76,1) width 9: "\x{25A0}"
        LayoutText {#text} at (84,1) size 5x18
          text run at (84,1) width 5: " "
        LayoutInline {SPAN} at (0,0) size 10x18
          LayoutInline {<pseudo:before>} at (0,0) size 10x18
            LayoutCounter (anonymous) at (88,1) size 10x18
              text run at (88,1) width 10: "\x{25A0}"
        LayoutText {#text} at (97,1) size 5x18
          text run at (97,1) width 5: " "
        LayoutInline {SPAN} at (0,0) size 10x18
          LayoutInline {<pseudo:before>} at (0,0) size 10x18
            LayoutCounter (anonymous) at (101,1) size 10x18
              text run at (101,1) width 10: "\x{25A0}"
        LayoutText {#text} at (110,1) size 5x18
          text run at (110,1) width 5: " "
        LayoutInline {SPAN} at (0,0) size 9x18
          LayoutInline {<pseudo:before>} at (0,0) size 9x18
            LayoutCounter (anonymous) at (114,1) size 9x18
              text run at (114,1) width 9: "\x{25A0}"
        LayoutText {#text} at (122,1) size 5x18
          text run at (122,1) width 5: " "
        LayoutInline {SPAN} at (0,0) size 10x18
          LayoutInline {<pseudo:before>} at (0,0) size 10x18
            LayoutCounter (anonymous) at (126,1) size 10x18
              text run at (126,1) width 10: "\x{25A0}"
        LayoutText {#text} at (135,1) size 5x18
          text run at (135,1) width 5: " "
        LayoutInline {SPAN} at (0,0) size 10x18
          LayoutInline {<pseudo:before>} at (0,0) size 10x18
            LayoutCounter (anonymous) at (139,1) size 10x18
              text run at (139,1) width 10: "\x{25A0}"
        LayoutText {#text} at (0,0) size 0x0
      LayoutBlockFlow {DIV} at (0,53) size 784x26
        LayoutText {#text} at (0,6) size 236x18
          text run at (0,6) width 20: "\x{25FE} "
          text run at (20,6) width 20: "\x{25FE} "
          text run at (40,6) width 20: "\x{25FE} "
          text run at (60,6) width 20: "\x{25FE} "
          text run at (80,6) width 20: "\x{25FE} "
          text run at (100,6) width 20: "\x{25FE} "
          text run at (120,6) width 20: "\x{25FE} "
          text run at (140,6) width 20: "\x{25FE} "
          text run at (160,6) width 20: "\x{25FE} "
          text run at (180,6) width 20: "\x{25FE} "
          text run at (200,6) width 20: "\x{25FE} "
          text run at (220,6) width 16: "\x{25FE}"
