layer at (0,0) size 800x600
  LayoutView at (0,0) size 800x600
layer at (0,0) size 800x348
  LayoutBlockFlow {HTML} at (0,0) size 800x348
    LayoutBlockFlow {BODY} at (8,16) size 784x324
      LayoutBlockFlow {P} at (0,0) size 784x20
        LayoutText {#text} at (0,0) size 450x19
          text run at (0,0) width 450: "Test passes if there are two boxes below, a blue box below an orange box."
layer at (8,52) size 96x288
  LayoutBlockFlow (relative positioned) {DIV} at (0,36) size 96x288 [bgcolor=#0000FF]
layer at (8,52) size 96x96
  LayoutBlockFlow (positioned) {DIV} at (0,0) size 96x96 [bgcolor=#FFA500]
