layer at (0,0) size 800x600
  LayoutView at (0,0) size 800x600
layer at (0,0) size 800x78
  LayoutBlockFlow {HTML} at (0,0) size 800x78
    LayoutBlockFlow {BODY} at (8,16) size 784x54
      LayoutBlockFlow {P} at (0,0) size 784x20
        LayoutText {#text} at (0,0) size 489x19
          text run at (0,0) width 489: "Test passes if there is a single blue box below and it does not touch the black line."
layer at (8,52) size 784x18
  LayoutBlockFlow (relative positioned) {DIV} at (0,36) size 784x18 [border: (3px solid #000000) none]
layer at (8,151) size 15x15
  LayoutImage (positioned) {IMG} at (0,99) size 15x15
layer at (23,151) size 15x15
  LayoutBlockFlow (relative positioned) {DIV} at (0,3) size 15x15 [bgcolor=#0000FF]
