layer at (0,0) size 800x600
  LayoutView at (0,0) size 800x600
layer at (0,0) size 800x92
  LayoutBlockFlow {HTML} at (0,0) size 800x92
    LayoutBlockFlow {BODY} at (0,16) size 800x76
      LayoutBlockFlow {P} at (0,0) size 800x20
        LayoutText {#text} at (0,0) size 610x19
          text run at (0,0) width 610: "Test passes if the box below spans the entire width of the page and there is no red visible on the page."
      LayoutBlockFlow {DIV} at (0,36) size 800x40 [bgcolor=#FF0000]
        LayoutBlockFlow {DIV} at (0,0) size 800x40 [bgcolor=#008000] [border: (10px solid #008000)]
