layer at (0,0) size 800x600
  LayoutView at (0,0) size 800x600
layer at (0,0) size 800x258
  LayoutBlockFlow {HTML} at (0,0) size 800x258
    LayoutBlockFlow {BODY} at (8,16) size 784x234
      LayoutBlockFlow {P} at (0,0) size 784x20
        LayoutText {#text} at (0,0) size 738x19
          text run at (0,0) width 738: "Test passes if the blue and orange boxes below are the same width, and they are horizontally centered inside the black box."
      LayoutBlockFlow {DIV} at (0,36) size 198x198 [border: (3px solid #000000)]
        LayoutImage {IMG} at (91.50,3) size 15x15
        LayoutBlockFlow {DIV} at (3,18) size 192x15 [color=#FFA500]
          LayoutText {#text} at (88,0) size 16x15
            text run at (88,0) width 16: "X"
