layer at (0,0) size 800x600 clip at (0,0) size 785x585
  LayoutView at (0,0) size 800x600
layer at (0,0) size 785x179
  LayoutBlockFlow {HTML} at (0,0) size 785x179
layer at (8,8) size 769x163 clip at (8,8) size 754x148 scrollHeight 244
  LayoutBlockFlow {BODY} at (8,8) size 769x163
    LayoutBlockFlow {P} at (0,16) size 754x20
      LayoutText {#text} at (0,0) size 406x19
        text run at (0,0) width 406: "Test passes if the blue and orange boxes below are the same height."
layer at (8,60) size 754x96
  LayoutBlockFlow (relative positioned) {DIV} at (0,52) size 754x96
    LayoutBlockFlow {DIV} at (0,0) size 96x96 [bgcolor=#0000FF]
layer at (8,156) size 96x96 backgroundClip at (8,8) size 754x148 clip at (8,8) size 754x148
  LayoutBlockFlow (relative positioned) {DIV} at (0,0) size 96x96
layer at (104,60) size 96x96
  LayoutBlockFlow (positioned) {DIV} at (96,0) size 96x96 [bgcolor=#FFA500]
