layer at (0,0) size 800x600
  LayoutView at (0,0) size 800x600
layer at (0,0) size 800x252
  LayoutBlockFlow {HTML} at (0,0) size 800x252
    LayoutBlockFlow {BODY} at (8,16) size 784x228
      LayoutBlockFlow {P} at (0,0) size 784x20
        LayoutText {#text} at (0,0) size 637x19
          text run at (0,0) width 637: "Test passes if the blue and orange boxes below are the same height and there is no red visible on the page."
layer at (8,52) size 784x192
  LayoutBlockFlow (relative positioned) {DIV} at (0,36) size 784x192
layer at (8,52) size 192x192
  LayoutBlockFlow (relative positioned) {DIV} at (0,0) size 192x192 [bgcolor=#FF0000]
    LayoutInline {SPAN} at (0,0) size 192x192 [color=#0000FF]
      LayoutText {#text} at (0,0) size 192x192
        text run at (0,0) width 192: "XX"
        text run at (0,96) width 192: "XX"
    LayoutText {#text} at (0,0) size 0x0
layer at (200,52) size 192x192
  LayoutBlockFlow (positioned) {DIV} at (192,0) size 192x192 [bgcolor=#FFA500]
