layer at (0,0) size 800x600
  LayoutView at (0,0) size 800x600
layer at (0,0) size 800x148
  LayoutBlockFlow {HTML} at (0,0) size 800x148
    LayoutBlockFlow {BODY} at (8,16) size 784x20
      LayoutBlockFlow {P} at (0,0) size 784x20
        LayoutText {#text} at (0,0) size 406x19
          text run at (0,0) width 406: "Test passes if the blue and orange boxes below are the same height."
layer at (8,52) size 96x96
  LayoutBlockFlow (relative positioned) (floating) {DIV} at (0,36) size 96x96
    LayoutImage (floating) {IMG} at (0,0) size 96x96
layer at (104,52) size 96x96
  LayoutBlockFlow (positioned) {DIV} at (96,0) size 96x96 [bgcolor=#FFA500]
