layer at (0,0) size 800x600
  LayoutView at (0,0) size 800x600
layer at (0,0) size 800x258
  LayoutBlockFlow {HTML} at (0,0) size 800x258
    LayoutBlockFlow {BODY} at (8,16) size 784x234
      LayoutBlockFlow {P} at (0,0) size 784x20
        LayoutText {#text} at (0,0) size 769x19
          text run at (0,0) width 769: "Test passes if the blue and orange boxes below are the same width, and the blue box is in the upper-left corner of the black box."
      LayoutBlockFlow {DIV} at (0,36) size 198x198 [border: (3px solid #000000)]
        LayoutBlockFlow (anonymous) at (3,3) size 192x15
          LayoutImage {IMG} at (0,0) size 15x15
          LayoutText {#text} at (0,0) size 0x0
        LayoutBlockFlow {DIV} at (3,18) size 15x15 [bgcolor=#FFA500]
