layer at (0,0) size 800x600
  LayoutView at (0,0) size 800x600
layer at (0,0) size 800x476
  LayoutBlockFlow {HTML} at (0,0) size 800x476
    LayoutBlockFlow {BODY} at (8,16) size 784x452
      LayoutBlockFlow {P} at (0,0) size 784x20
        LayoutText {#text} at (0,0) size 423x19
          text run at (0,0) width 423: "There should be no red below, just two 300x200 pixel lime rectangles."
layer at (8,52) size 300x200
  LayoutBlockFlow (relative positioned) {DIV} at (0,36) size 300x200 [bgcolor=#FF0000]
    LayoutBlockFlow {DIV} at (0,0) size 300x100 [bgcolor=#00FF00]
      LayoutBlockFlow {P} at (0,0) size 375x100
        LayoutImage (floating) {IMG} at (0,0) size 100x100
        LayoutImage {IMG} at (0,100) size 300x100
        LayoutText {#text} at (0,0) size 0x0
layer at (8,268) size 300x200
  LayoutBlockFlow (relative positioned) {DIV} at (0,252) size 300x200 [bgcolor=#FF0000]
    LayoutBlockFlow {DIV} at (0,0) size 300x100 [bgcolor=#00FF00]
      LayoutBlockFlow {P} at (0,0) size 375x100
        LayoutImage (floating) {IMG} at (0,0) size 100x100
        LayoutImage {IMG} at (0,100) size 300x100
        LayoutText {#text} at (0,0) size 0x0
        LayoutText {#text} at (0,0) size 0x0
layer at (8,368) size 300x100
  LayoutBlockFlow (positioned) {SPAN} at (0,100) size 300x100 [bgcolor=#00FF00]
