layer at (0,0) size 800x600
  LayoutView at (0,0) size 800x600
layer at (0,0) size 800x140
  LayoutNGBlockFlow {HTML} at (0,0) size 800x140
    LayoutNGBlockFlow {BODY} at (8,16) size 784x116
      LayoutNGBlockFlow {P} at (0,0) size 784x40
        LayoutText {#text} at (0,0) size 744x39
          text run at (0,0) width 744: "There should be two small green squares vertically aligned below, and another red square to the top-right. The second green"
          text run at (0,20) width 516: "square does not overlap the red because it is conmposited, and hence not fragmented."
layer at (8,72) size 60x60
  LayoutNGBlockFlow {DIV} at (0,56) size 60x60
    LayoutMultiColumnSet (anonymous) at (0,0) size 60x60
layer at (8,72) size 20x180 backgroundClip at (0,0) size 28x132 clip at (0,0) size 28x132
  LayoutMultiColumnFlowThread (anonymous) at (0,0) size 20x180
    LayoutNGBlockFlow (anonymous) at (0,0) size 20x100
      LayoutBR {BR} at (0,0) size 0x0
      LayoutBR {BR} at (0,20) size 0x0
      LayoutBR {BR} at (0,40) size 0x0
      LayoutBR {BR} at (0,0) size 0x0
      LayoutBR {BR} at (0,0) size 0x0
    LayoutNGBlockFlow {DIV} at (0,160) size 20x20 [bgcolor=#FF0000]
layer at (28,112) size 20x60
  LayoutNGBlockFlow {DIV} at (0,100) size 20x60
    LayoutNGBlockFlow {DIV} at (0,0) size 20x20 [bgcolor=#008000]
    LayoutNGBlockFlow (anonymous) at (0,20) size 20x20
      LayoutBR {BR} at (0,0) size 0x0
    LayoutNGBlockFlow {DIV} at (0,40) size 20x20 [bgcolor=#008000]
