layer at (0,0) size 800x600
  LayoutView at (0,0) size 800x600
layer at (0,0) size 800x320
  LayoutNGBlockFlow {HTML} at (0,0) size 800x320
    LayoutNGBlockFlow {BODY} at (8,16) size 784x296
      LayoutNGBlockFlow {P} at (0,0) size 784x20
        LayoutText {#text} at (0,0) size 354x19
          text run at (0,0) width 354: "Test layers which are fully contained within a single column."
      LayoutNGBlockFlow (anonymous) at (0,36) size 784x20
        LayoutText {#text} at (0,0) size 30x19
          text run at (0,0) width 30: "LTR:"
      LayoutNGBlockFlow (anonymous) at (0,166) size 784x20
        LayoutText {#text} at (0,0) size 30x19
          text run at (0,0) width 30: "RTL:"
layer at (8,72) size 310x110
  LayoutNGBlockFlow {DIV} at (0,56) size 310x110 [border: (5px solid #800000)]
    LayoutMultiColumnSet (anonymous) at (5,5) size 300x100
layer at (13,77) size 100x280 backgroundClip at (0,0) size 113x177 clip at (0,0) size 113x177
  LayoutMultiColumnFlowThread (anonymous) at (5,5) size 100x280
    LayoutText {#text} at (0,0) size 0x0
    LayoutBR {BR} at (0,0) size 0x0
    LayoutText {#text} at (0,0) size 0x0
    LayoutBR {BR} at (0,0) size 0x0
    LayoutText {#text} at (0,0) size 0x0
    LayoutBR {BR} at (0,0) size 0x0
    LayoutText {#text} at (0,0) size 0x0
    LayoutBR {BR} at (0,0) size 0x0
    LayoutText {#text} at (0,0) size 0x0
    LayoutBR {BR} at (0,0) size 0x0
    LayoutText {#text} at (0,0) size 0x0
    LayoutBR {BR} at (0,0) size 0x0
    LayoutNGBlockFlow {DIV} at (105,30) size 16x10 [bgcolor=#008000]
    LayoutText {#text} at (0,0) size 0x0
    LayoutBR {BR} at (0,0) size 0x0
    LayoutText {#text} at (0,0) size 0x0
    LayoutBR {BR} at (0,0) size 0x0
    LayoutBR {BR} at (0,0) size 0x0
    LayoutText {#text} at (0,0) size 0x0
    LayoutBR {BR} at (0,0) size 0x0
    LayoutText {#text} at (0,0) size 0x0
    LayoutBR {BR} at (0,0) size 0x0
    LayoutText {#text} at (0,0) size 0x0
    LayoutBR {BR} at (0,0) size 0x0
    LayoutBR {BR} at (0,0) size 0x0
    LayoutText {#text} at (0,0) size 0x0
layer at (8,202) size 310x110
  LayoutNGBlockFlow {DIV} at (0,186) size 310x110 [border: (5px solid #800000)]
    LayoutMultiColumnSet (anonymous) at (5,5) size 300x100
layer at (213,207) size 100x280 backgroundClip at (213,0) size 587x307 clip at (213,0) size 587x307
  LayoutMultiColumnFlowThread (anonymous) at (205,5) size 100x280
    LayoutText {#text} at (0,0) size 0x0
    LayoutBR {BR} at (0,0) size 0x0
    LayoutText {#text} at (0,0) size 0x0
    LayoutBR {BR} at (0,0) size 0x0
    LayoutText {#text} at (0,0) size 0x0
    LayoutBR {BR} at (0,0) size 0x0
    LayoutText {#text} at (0,0) size 0x0
    LayoutBR {BR} at (0,0) size 0x0
    LayoutText {#text} at (0,0) size 0x0
    LayoutBR {BR} at (0,0) size 0x0
    LayoutText {#text} at (0,0) size 0x0
    LayoutBR {BR} at (0,0) size 0x0
    LayoutNGBlockFlow {DIV} at (189,30) size 16x10 [bgcolor=#008000]
    LayoutText {#text} at (0,0) size 0x0
    LayoutBR {BR} at (0,0) size 0x0
    LayoutText {#text} at (0,0) size 0x0
    LayoutBR {BR} at (0,0) size 0x0
    LayoutBR {BR} at (0,0) size 0x0
    LayoutText {#text} at (0,0) size 0x0
    LayoutBR {BR} at (0,0) size 0x0
    LayoutText {#text} at (0,0) size 0x0
    LayoutBR {BR} at (0,0) size 0x0
    LayoutText {#text} at (0,0) size 0x0
    LayoutBR {BR} at (0,0) size 0x0
    LayoutBR {BR} at (0,0) size 0x0
    LayoutText {#text} at (0,0) size 0x0
layer at (13,73) size 0x0
  LayoutInline (relative positioned) {SPAN} at (0,0) size 0x0 [color=#008000]
    LayoutText {#text} at (0,0) size 0x0
layer at (13,77) size 0x0 transparent
  LayoutInline {SPAN} at (0,0) size 0x0 [color=#008000]
    LayoutText {#text} at (0,0) size 0x0
    LayoutInline {SPAN} at (0,0) size 0x0
      LayoutText {#text} at (0,0) size 0x0
layer at (213,203) size 0x0
  LayoutInline (relative positioned) {SPAN} at (0,0) size 0x0 [color=#008000]
    LayoutText {#text} at (0,0) size 0x0
layer at (213,207) size 0x0 transparent
  LayoutInline {SPAN} at (0,0) size 0x0 [color=#008000]
    LayoutText {#text} at (0,0) size 0x0
    LayoutInline {SPAN} at (0,0) size 0x0
      LayoutText {#text} at (0,0) size 0x0
