layer at (0,0) size 800x600
  LayoutView at (0,0) size 800x600
layer at (0,0) size 800x600
  LayoutBlockFlow {HTML} at (0,0) size 800x600
    LayoutBlockFlow {BODY} at (8,8) size 784x584
      LayoutInline {A} at (0,0) size 32x17 [color=#0000EE]
        LayoutText {#text} at (0,6) size 32x17
          text run at (0,6) width 32: "\x{5EFA}\x{7BC9}"
      LayoutText {#text} at (32,6) size 8x17
        text run at (32,6) width 8: ", "
      LayoutInline {A} at (0,0) size 48x17 [color=#0000EE]
        LayoutText {#text} at (40,6) size 48x17
          text run at (40,6) width 48: "\x{7F8E}\x{8853}\x{9928}"
      LayoutText {#text} at (88,6) size 8x17
        text run at (88,6) width 8: ", "
      LayoutInline {A} at (0,0) size 32x17 [color=#0000EE]
        LayoutText {#text} at (96,6) size 32x17
          text run at (96,6) width 32: "\x{6B74}\x{53F2}"
      LayoutText {#text} at (128,6) size 8x17
        text run at (128,6) width 8: ", "
      LayoutInline {A} at (0,0) size 32x17 [color=#0000EE]
        LayoutText {#text} at (136,6) size 32x17
          text run at (136,6) width 32: "\x{6587}\x{5B66}"
      LayoutText {#text} at (168,6) size 24x17
        text run at (168,6) width 4: " "
        text run at (172,6) width 20: "...a"
