layer at (0,0) size 800x600
  LayoutView at (0,0) size 800x600
layer at (0,0) size 800x600
  LayoutBlockFlow {HTML} at (0,0) size 800x600
    LayoutBlockFlow {BODY} at (8,8) size 784x584
      LayoutTable {TABLE} at (0,0) size 784x466 [border: (5px outset #808080)]
        LayoutTableSection {TBODY} at (5,5) size 774x456
          LayoutTableRow {TR} at (0,2) size 774x452
            LayoutTableCell {TD} at (2,226) size 716x4 [border: (1px inset #808080)] [r=0 c=0 rs=1 cs=1]
            LayoutTableCell {TD} at (720,2) size 52x452 [border: (1px inset #808080)] [r=0 c=1 rs=1 cs=1]
              LayoutInline {A} at (0,0) size 32x17 [color=#0000EE]
                LayoutText {#text} at (2,8) size 32x17
                  text run at (2,8) width 32: "\x{5CA1}\x{5C71}"
              LayoutText {#text} at (34,8) size 16x17
                text run at (34,8) width 16: "\x{FF5C}"
              LayoutInline {A} at (0,0) size 32x17 [color=#0000EE]
                LayoutText {#text} at (2,36) size 32x17
                  text run at (2,36) width 32: "\x{5E83}\x{5CF6}"
              LayoutText {#text} at (34,36) size 16x17
                text run at (34,36) width 16: "\x{FF5C}"
              LayoutInline {A} at (0,0) size 32x17 [color=#0000EE]
                LayoutText {#text} at (2,64) size 32x17
                  text run at (2,64) width 32: "\x{5C71}\x{53E3}"
              LayoutText {#text} at (34,64) size 16x17
                text run at (34,64) width 16: "\x{FF5C}"
              LayoutInline {A} at (0,0) size 32x17 [color=#0000EE]
                LayoutText {#text} at (2,92) size 32x17
                  text run at (2,92) width 32: "\x{5FB3}\x{5CF6}"
              LayoutText {#text} at (34,92) size 16x17
                text run at (34,92) width 16: "\x{FF5C}"
              LayoutInline {A} at (0,0) size 32x17 [color=#0000EE]
                LayoutText {#text} at (2,120) size 32x17
                  text run at (2,120) width 32: "\x{9999}\x{5DDD}"
              LayoutText {#text} at (34,120) size 16x17
                text run at (34,120) width 16: "\x{FF5C}"
              LayoutInline {A} at (0,0) size 32x17 [color=#0000EE]
                LayoutText {#text} at (2,148) size 32x17
                  text run at (2,148) width 32: "\x{611B}\x{5A9B}"
              LayoutText {#text} at (34,148) size 16x17
                text run at (34,148) width 16: "\x{FF5C}"
              LayoutInline {A} at (0,0) size 32x17 [color=#0000EE]
                LayoutText {#text} at (2,176) size 32x17
                  text run at (2,176) width 32: "\x{9AD8}\x{77E5}"
              LayoutText {#text} at (34,176) size 16x17
                text run at (34,176) width 16: "\x{FF5C}"
              LayoutInline {A} at (0,0) size 48x45 [color=#0000EE]
                LayoutText {#text} at (2,204) size 48x45
                  text run at (2,204) width 48: "\x{798F}\x{5CA1}\x{30FB}"
                  text run at (2,232) width 48: "\x{5317}\x{4E5D}\x{5DDE}"
              LayoutText {#text} at (2,260) size 16x17
                text run at (2,260) width 16: "\x{FF5C}"
              LayoutInline {A} at (0,0) size 32x17 [color=#0000EE]
                LayoutText {#text} at (18,260) size 32x17
                  text run at (18,260) width 32: "\x{4F50}\x{8CC0}"
              LayoutText {#text} at (2,288) size 16x17
                text run at (2,288) width 16: "\x{FF5C}"
              LayoutInline {A} at (0,0) size 32x17 [color=#0000EE]
                LayoutText {#text} at (18,288) size 32x17
                  text run at (18,288) width 32: "\x{9577}\x{5D0E}"
              LayoutText {#text} at (2,316) size 16x17
                text run at (2,316) width 16: "\x{FF5C}"
              LayoutInline {A} at (0,0) size 32x17 [color=#0000EE]
                LayoutText {#text} at (18,316) size 32x17
                  text run at (18,316) width 32: "\x{718A}\x{672C}"
              LayoutText {#text} at (2,344) size 16x17
                text run at (2,344) width 16: "\x{FF5C}"
              LayoutInline {A} at (0,0) size 32x17 [color=#0000EE]
                LayoutText {#text} at (18,344) size 32x17
                  text run at (18,344) width 32: "\x{5927}\x{5206}"
              LayoutText {#text} at (2,372) size 16x17
                text run at (2,372) width 16: "\x{FF5C}"
              LayoutInline {A} at (0,0) size 32x17 [color=#0000EE]
                LayoutText {#text} at (18,372) size 32x17
                  text run at (18,372) width 32: "\x{5BAE}\x{5D0E}"
              LayoutText {#text} at (2,400) size 16x17
                text run at (2,400) width 16: "\x{FF5C}"
              LayoutInline {A} at (0,0) size 48x45 [color=#0000EE]
                LayoutText {#text} at (18,400) size 48x45
                  text run at (18,400) width 32: "\x{9E7F}\x{5150}"
                  text run at (2,428) width 16: "\x{5CF6}"
              LayoutText {#text} at (18,428) size 16x17
                text run at (18,428) width 16: "\x{FF5C}"
