layer at (0,0) size 800x600
  LayoutView at (0,0) size 800x600
layer at (0,0) size 800x600
  LayoutBlockFlow {HTML} at (0,0) size 800x600
    LayoutBlockFlow {BODY} at (8,8) size 784x576
      LayoutBlockFlow (anonymous) at (0,0) size 784x36
        LayoutText {#text} at (0,0) size 771x35
          text run at (0,0) width 474: "The following tests text iteration over RTL text embedded with LTR text. "
          text run at (473,0) width 298: "TextIterators are used for find, spellcheck, and"
          text run at (0,18) width 66: ".innerText"
      LayoutBlockFlow {HR} at (0,44) size 784x2 [border: (1px inset #EEEEEE)]
      LayoutBlockFlow (anonymous) at (0,54) size 784x18
        LayoutText {#text} at (0,0) size 136x17
          text run at (0,0) width 136: "Embedded Numbers:"
      LayoutBlockFlow {DIV} at (0,72) size 784x18 [color=#0000FF]
        LayoutText {#text} at (0,0) size 109x17
          text run at (0,0) width 57: "Testing ("
          text run at (56,0) width 13 RTL: "\x{5DF}\x{5DE}"
          text run at (68,0) width 9: "3"
          text run at (76,0) width 27 RTL: "\x{5D7}\x{5D5}\x{5D3}\x{5D0}"
          text run at (102,0) width 7: ")"
      LayoutBlockFlow (anonymous) at (0,90) size 784x18
        LayoutText {#text} at (0,0) size 106x17
          text run at (0,0) width 106: "Embedded LTR:"
      LayoutBlockFlow {DIV} at (0,108) size 784x18 [color=#0000FF]
        LayoutText {#text} at (0,0) size 133x17
          text run at (0,0) width 57: "Testing ("
          text run at (56,0) width 27 RTL: "\x{5D7}\x{5D5}\x{5D3}\x{5D0}"
          text run at (82,0) width 33: "hello"
          text run at (114,0) width 13 RTL: "\x{5DF}\x{5DE}"
          text run at (126,0) width 7: ")"
      LayoutBlockFlow (anonymous) at (0,126) size 784x18
        LayoutText {#text} at (0,0) size 191x17
          text run at (0,0) width 191: "Embedded Numbers and LTR"
      LayoutBlockFlow {DIV} at (0,144) size 784x18 [color=#0000FF]
        LayoutText {#text} at (0,0) size 128x17
          text run at (0,0) width 57: "Testing ("
          text run at (56,0) width 23 RTL: "\x{5E7}\x{5E7}\x{5E8}"
          text run at (78,0) width 9: "3"
          text run at (86,0) width 28 RTL: "\x{5D9}\x{5E7}\x{5DD}\x{5DC}"
          text run at (113,0) width 15: "h)"
      LayoutBlockFlow (anonymous) at (0,162) size 784x18
        LayoutText {#text} at (0,0) size 221x17
          text run at (0,0) width 221: "Embedded Numbers with spacing:"
      LayoutBlockFlow {DIV} at (0,180) size 784x18 [color=#0000FF]
        LayoutText {#text} at (0,0) size 234x17
          text run at (0,0) width 57: "Testing ("
          text run at (56,0) width 31 RTL: " \x{5D7}\x{5D5}\x{5D3}\x{5D0}"
          text run at (86,0) width 25: "300"
          text run at (110,0) width 44 RTL: "\x{5D7}\x{5D5}\x{5D3}\x{5D0}\x{5DF}\x{5DE} "
          text run at (153,0) width 41: "34023"
          text run at (193,0) width 35 RTL: "\x{5D9}\x{5E7}\x{5DA}\x{5DA}\x{5DD}"
          text run at (227,0) width 7: ")"
      LayoutBlockFlow (anonymous) at (0,198) size 784x18
        LayoutText {#text} at (0,0) size 71x17
          text run at (0,0) width 71: "Plain LTR:"
      LayoutBlockFlow {DIV} at (0,216) size 784x18 [color=#0000FF]
        LayoutText {#text} at (0,0) size 94x17
          text run at (0,0) width 94: "Testing (hello)"
      LayoutBlockFlow (anonymous) at (0,234) size 784x18
        LayoutText {#text} at (0,0) size 191x17
          text run at (0,0) width 191: "Embedded LTR with spacing:"
      LayoutBlockFlow {DIV} at (0,252) size 784x18 [color=#0000FF]
        LayoutText {#text} at (0,0) size 172x17
          text run at (0,0) width 57: "Testing ("
          text run at (56,0) width 54 RTL: "\x{5D7}\x{5D5}\x{5D3}\x{5D9}\x{5E7}\x{5DA}\x{5DA}\x{5DD}"
          text run at (109,0) width 41: " hello "
          text run at (149,0) width 17 RTL: "\x{5DF}\x{5DE}\x{5D9}"
          text run at (165,0) width 7: ")"
      LayoutBlockFlow (anonymous) at (0,270) size 784x18
        LayoutText {#text} at (0,0) size 165x17
          text run at (0,0) width 165: "Mixed but not embedded:"
      LayoutBlockFlow {DIV} at (0,288) size 784x18 [color=#0000FF]
        LayoutText {#text} at (0,0) size 125x17
          text run at (0,0) width 89: "Testing (hello"
          text run at (88,0) width 32 RTL: "\x{5D7}\x{5D5}\x{5D3}\x{5DF}\x{5DE}"
          text run at (119,0) width 6: ")"
      LayoutBlockFlow (anonymous) at (0,306) size 784x18
        LayoutText {#text} at (0,0) size 165x17
          text run at (0,0) width 165: "Mixed but not embedded:"
      LayoutBlockFlow {DIV} at (0,324) size 784x18 [color=#0000FF]
        LayoutText {#text} at (0,0) size 125x17
          text run at (0,0) width 57: "Testing ("
          text run at (56,0) width 32 RTL: "\x{5D7}\x{5D5}\x{5D3}\x{5DF}\x{5DE}"
          text run at (87,0) width 38: "hello)"
      LayoutBlockFlow {OL} at (0,358) size 784x0
