layer at (0,0) size 800x600
  LayoutView at (0,0) size 800x600
layer at (0,0) size 800x364
  LayoutBlockFlow {HTML} at (0,0) size 800x364
    LayoutBlockFlow {BODY} at (8,10) size 784x344
      LayoutBlockFlow {DIV} at (300,0) size 184x49 [border: (1px solid #000000)]
        LayoutText {#text} at (169,2) size 14x45
          text run at (169,2) width 14 RTL: "!"
        LayoutInline {SPAN} at (0,0) size 48x45
          LayoutText {#text} at (22,2) size 48x45
            text run at (22,2) width 48 RTL: " @"
        LayoutText {#text} at (0,0) size 0x0
      LayoutBlockFlow {DIV} at (300,59) size 184x49 [border: (1px solid #000000)]
        LayoutText {#text} at (169,2) size 14x45
          text run at (169,2) width 14 RTL: "!"
        LayoutInline {SPAN} at (0,0) size 111x45
          LayoutText {#text} at (159,2) size 11x45
            text run at (159,2) width 11 RTL: " "
        LayoutText {#text} at (22,2) size 38x45
          text run at (22,2) width 38 RTL: "@"
      LayoutBlockFlow {DIV} at (300,118) size 184x49 [border: (1px solid #000000)]
        LayoutInline {SPAN} at (0,0) size 124x45
          LayoutText {#text} at (59,2) size 124x45
            text run at (59,2) width 124 RTL: "! "
        LayoutText {#text} at (22,2) size 38x45
          text run at (22,2) width 38 RTL: "@"
      LayoutBlockFlow {DIV} at (300,177) size 184x49 [border: (1px solid #000000)]
        LayoutText {#text} at (169,2) size 14x45
          text run at (169,2) width 14 RTL: "!"
        LayoutInline {SPAN} at (0,0) size 111x45
          LayoutText {#text} at (159,2) size 11x45
            text run at (159,2) width 11 RTL: " "
        LayoutText {#text} at (12,2) size 48x45
          text run at (12,2) width 48 RTL: "@ \x{200F}"
      LayoutBlockFlow {DIV} at (300,236) size 184x49 [border: (1px solid #000000)]
        LayoutText {#text} at (169,2) size 14x45
          text run at (169,2) width 14 RTL: "!"
        LayoutInline {SPAN} at (0,0) size 111x45
          LayoutText {#text} at (159,2) size 11x45
            text run at (159,2) width 11 RTL: " "
        LayoutText {#text} at (22,2) size 38x45
          text run at (22,2) width 38 RTL: "@"
      LayoutBlockFlow {DIV} at (300,295) size 184x49 [border: (1px solid #000000)]
        LayoutText {#text} at (22,2) size 38x45
          text run at (22,2) width 38: "@"
        LayoutInline {SPAN} at (0,0) size 111x45
          LayoutText {#text} at (159,2) size 11x45
            text run at (159,2) width 11: " "
        LayoutText {#text} at (169,2) size 14x45
          text run at (169,2) width 14: "!"
