layer at (0,0) size 800x600
  LayoutView at (0,0) size 800x600
layer at (0,0) size 800x600
  LayoutBlockFlow {HTML} at (0,0) size 800x600
    LayoutBlockFlow {BODY} at (8,8) size 784x584
      LayoutBlockFlow {P} at (0,0) size 784x18
        LayoutText {#text} at (0,0) size 54x17
          text run at (0,0) width 54: "Test for "
        LayoutInline {I} at (0,0) size 399x17
          LayoutInline {A} at (0,0) size 156x17 [color=#0000EE]
            LayoutText {#text} at (53,0) size 156x17
              text run at (53,0) width 156: "rdar://problem/6020930"
          LayoutText {#text} at (208,0) size 244x17
            text run at (208,0) width 244: " Bidi Problem When Resizing Window"
        LayoutText {#text} at (451,0) size 5x17
          text run at (451,0) width 5: "."
      LayoutBlockFlow {P} at (0,34) size 784x18
        LayoutText {#text} at (0,0) size 324x17
          text run at (0,0) width 324: "The boxes below should be identical to each other."
      LayoutBlockFlow {DIV} at (0,68) size 90x46 [border: (1px solid #0000FF)]
        LayoutText {#text} at (5,5) size 60x35
          text run at (5,5) width 56 RTL: "\x{627}\x{644}\x{645}\x{627}\x{626}\x{629} \x{645}\x{644}\x{64A}\x{627}\x{631}"
          text run at (60,5) width 5: " "
          text run at (5,23) width 19 RTL: " \x{645}\x{646}"
          text run at (23,23) width 41: "12345"
      LayoutBlockFlow {DIV} at (0,114) size 90x46 [border: (1px solid #0000FF)]
        LayoutText {#text} at (5,5) size 59x35
          text run at (5,5) width 56 RTL: "\x{627}\x{644}\x{645}\x{627}\x{626}\x{629} \x{645}\x{644}\x{64A}\x{627}\x{631}"
          text run at (5,23) width 19 RTL: " \x{645}\x{646}"
          text run at (23,23) width 41: "12345"
