layer at (0,0) size 800x600
  LayoutView at (0,0) size 800x600
layer at (0,0) size 800x600
  LayoutBlockFlow {HTML} at (0,0) size 800x600
    LayoutBlockFlow {BODY} at (8,8) size 784x584
      LayoutBlockFlow {P} at (0,0) size 784x36
        LayoutText {#text} at (0,0) size 88x17
          text run at (0,0) width 88: "This tests for "
        LayoutInline {I} at (0,0) size 783x35
          LayoutText {#text} at (87,0) size 783x35
            text run at (87,0) width 696: "http://bugzilla.opendarwin.org/show_bug.cgi?id=6014 Bidi algorithm: incorrect resolved levels for neutrals"
            text run at (0,18) width 156: "between R and ET ON L"
        LayoutText {#text} at (155,18) size 5x17
          text run at (155,18) width 5: "."
      LayoutBlockFlow {P} at (0,52) size 784x36
        LayoutText {#text} at (0,0) size 768x35
          text run at (0,0) width 98: "The characters "
          text run at (97,0) width 9 RTL: "\x{5D0}"
          text run at (105,0) width 32: " and "
          text run at (136,0) width 8 RTL: "\x{5D1}"
          text run at (143,0) width 625: " are of type R; ^ and @ are of type ON; $ and % are of type ET; a is of type L; 1 is of type EN. In"
          text run at (0,18) width 476: "each of the following pairs, the two lines should be identical to each other."
      LayoutBlockFlow {HR} at (0,104) size 784x2 [border: (1px inset #EEEEEE)]
      LayoutBlockFlow {P} at (0,122) size 784x18
        LayoutText {#text} at (0,0) size 75x17
          text run at (0,0) width 8 RTL: "\x{5D0}"
          text run at (7,0) width 68: " ^ @ $% a"
      LayoutBlockFlow (anonymous) at (0,156) size 784x18
        LayoutInline {BDO} at (0,0) size 75x17
          LayoutText {#text} at (0,0) size 75x17
            text run at (0,0) width 75 LTR override: "\x{5D0} ^ @ $% a"
        LayoutText {#text} at (0,0) size 0x0
      LayoutBlockFlow {HR} at (0,182) size 784x2 [border: (1px inset #EEEEEE)]
      LayoutBlockFlow {P} at (0,200) size 784x18
        LayoutText {#text} at (0,0) size 75x17
          text run at (0,0) width 75 RTL: "\x{5D0} ^ @ $% \x{5D1}"
      LayoutBlockFlow (anonymous) at (0,234) size 784x18
        LayoutInline {BDO} at (0,0) size 75x17
          LayoutText {#text} at (0,0) size 75x17
            text run at (0,0) width 75 LTR override: "\x{5D1} %$ @ ^ \x{5D0}"
        LayoutText {#text} at (0,0) size 0x0
      LayoutBlockFlow {HR} at (0,260) size 784x2 [border: (1px inset #EEEEEE)]
      LayoutBlockFlow {P} at (0,278) size 784x18
        LayoutText {#text} at (0,0) size 72x17
          text run at (0,0) width 30: "$%1"
          text run at (29,0) width 43 RTL: "\x{5D0} ^ @ "
      LayoutBlockFlow (anonymous) at (0,312) size 784x18
        LayoutInline {BDO} at (0,0) size 72x17
          LayoutText {#text} at (0,0) size 72x17
            text run at (0,0) width 72 LTR override: "$%1 @ ^ \x{5D0}"
        LayoutText {#text} at (0,0) size 0x0
      LayoutBlockFlow {HR} at (0,338) size 784x2 [border: (1px inset #EEEEEE)]
      LayoutBlockFlow {P} at (0,356) size 784x18
        LayoutText {#text} at (0,0) size 75x17
          text run at (0,0) width 8: "a"
          text run at (7,0) width 68 RTL: "\x{5D0} ^ @ $% "
      LayoutBlockFlow (anonymous) at (0,390) size 784x18
        LayoutInline {BDO} at (0,0) size 75x17
          LayoutText {#text} at (0,0) size 75x17
            text run at (0,0) width 75 LTR override: "a %$ @ ^ \x{5D0}"
        LayoutText {#text} at (0,0) size 0x0
      LayoutBlockFlow {HR} at (0,416) size 784x2 [border: (1px inset #EEEEEE)]
      LayoutBlockFlow {P} at (0,434) size 784x18
        LayoutText {#text} at (0,0) size 75x17
          text run at (0,0) width 75 RTL: "\x{5D0} ^ @ $% \x{5D1}"
      LayoutBlockFlow (anonymous) at (0,468) size 784x18
        LayoutInline {BDO} at (0,0) size 75x17
          LayoutText {#text} at (0,0) size 75x17
            text run at (0,0) width 75 LTR override: "\x{5D1} %$ @ ^ \x{5D0}"
        LayoutText {#text} at (0,0) size 0x0
      LayoutBlockFlow {HR} at (0,494) size 784x2 [border: (1px inset #EEEEEE)]
      LayoutBlockFlow {P} at (0,512) size 784x18
        LayoutText {#text} at (0,0) size 72x17
          text run at (0,0) width 30: "$%1"
          text run at (29,0) width 43 RTL: "\x{5D0} ^ @ "
      LayoutBlockFlow (anonymous) at (0,546) size 784x18
        LayoutInline {BDO} at (0,0) size 72x17
          LayoutText {#text} at (0,0) size 72x17
            text run at (0,0) width 72 LTR override: "$%1 @ ^ \x{5D0}"
        LayoutText {#text} at (0,0) size 0x0
