layer at (0,0) size 800x600
  LayoutView at (0,0) size 800x600
layer at (0,0) size 800x338
  LayoutBlockFlow {HTML} at (0,0) size 800x338
    LayoutBlockFlow {BODY} at (8,16) size 784x314
      LayoutBlockFlow {P} at (0,0) size 784x18
        LayoutText {#text} at (0,0) size 316x17
          text run at (0,0) width 316: "All rows should be identical to the reference row."
      LayoutTable {TABLE} at (0,34) size 525x109 [border: none]
        LayoutTableSection {TBODY} at (0,0) size 524x108
          LayoutTableRow {TR} at (0,0) size 524x27
            LayoutTableCell {TD} at (0,0) size 98x27 [border: (1px solid #008000)] [r=0 c=0 rs=1 cs=1]
              LayoutText {#text} at (29,5) size 65x17
                text run at (29,5) width 65: "Reference"
            LayoutTableCell {TD} at (98,0) size 213x27 [border: (1px solid #008000)] [r=0 c=1 rs=1 cs=1]
              LayoutText {#text} at (5,5) size 204x17
                text run at (5,5) width 43: "abcdef"
                text run at (47,5) width 22 RTL: "\x{5D0}\x{5D1}\x{5D2}"
                text run at (68,5) width 42: "ghijkl "
                text run at (109,5) width 39 RTL: "\x{5D6}\x{5D7}\x{5D8}\x{5D9}\x{5DB}\x{5DC}"
                text run at (147,5) width 23: "abc"
                text run at (169,5) width 40 RTL: "\x{5D0}\x{5D1}\x{5D2}\x{5D3}\x{5D4}\x{5D5}"
            LayoutTableCell {TD} at (311,0) size 213x27 [border: (1px solid #008000)] [r=0 c=2 rs=1 cs=1]
              LayoutText {#text} at (5,5) size 204x17
                text run at (5,5) width 39 RTL: "\x{5D6}\x{5D7}\x{5D8}\x{5D9}\x{5DB}\x{5DC}"
                text run at (43,5) width 23: "abc"
                text run at (65,5) width 40 RTL: "\x{5D0}\x{5D1}\x{5D2}\x{5D3}\x{5D4}\x{5D5}"
                text run at (104,5) width 5 RTL: " "
                text run at (108,5) width 44: "abcdef"
                text run at (151,5) width 21 RTL: "\x{5D0}\x{5D1}\x{5D2}"
                text run at (171,5) width 38: "ghijkl"
          LayoutTableRow {TR} at (0,27) size 524x27
            LayoutTableCell {TD} at (0,27) size 98x27 [border: (1px solid #008000)] [r=1 c=0 rs=1 cs=1]
              LayoutText {#text} at (7,5) size 87x17
                text run at (7,5) width 87: "CSS, siblings"
            LayoutTableCell {TD} at (98,27) size 213x27 [border: (1px solid #008000)] [r=1 c=1 rs=1 cs=1]
              LayoutText {#text} at (5,5) size 23x17
                text run at (5,5) width 23: "abc"
              LayoutInline {SPAN} at (0,0) size 62x17
                LayoutText {#text} at (27,5) size 62x17
                  text run at (27,5) width 62 RTL override: "ihg\x{5D0}\x{5D1}\x{5D2}fed"
              LayoutText {#text} at (88,5) size 121x17
                text run at (88,5) width 22: "jkl "
                text run at (188,5) width 21 RTL: "\x{5D0}\x{5D1}\x{5D2}"
              LayoutInline {SPAN} at (0,0) size 62x17
                LayoutText {#text} at (127,5) size 62x17
                  text run at (127,5) width 62 LTR override: "\x{5D8}\x{5D7}\x{5D6}abc\x{5D5}\x{5D4}\x{5D3}"
              LayoutText {#text} at (109,5) size 19x17
                text run at (109,5) width 19 RTL: "\x{5D9}\x{5DB}\x{5DC}"
            LayoutTableCell {TD} at (311,27) size 213x27 [border: (1px solid #008000)] [r=1 c=2 rs=1 cs=1]
              LayoutText {#text} at (108,5) size 23x17
                text run at (108,5) width 23: "abc"
              LayoutInline {SPAN} at (0,0) size 62x17
                LayoutText {#text} at (130,5) size 62x17
                  text run at (130,5) width 62 RTL override: "ihg\x{5D0}\x{5D1}\x{5D2}fed"
              LayoutText {#text} at (84,5) size 125x17
                text run at (84,5) width 25 RTL: " \x{5D0}\x{5D1}\x{5D2}"
                text run at (191,5) width 18: "jkl"
              LayoutInline {SPAN} at (0,0) size 62x17
                LayoutText {#text} at (23,5) size 62x17
                  text run at (23,5) width 62 LTR override: "\x{5D8}\x{5D7}\x{5D6}abc\x{5D5}\x{5D4}\x{5D3}"
              LayoutText {#text} at (5,5) size 19x17
                text run at (5,5) width 19 RTL: "\x{5D9}\x{5DB}\x{5DC}"
          LayoutTableRow {TR} at (0,54) size 524x27
            LayoutTableCell {TD} at (0,54) size 98x27 [border: (1px solid #008000)] [r=2 c=0 rs=1 cs=1]
              LayoutText {#text} at (5,5) size 89x17
                text run at (5,5) width 89: "CSS, children"
            LayoutTableCell {TD} at (98,54) size 213x27 [border: (1px solid #008000)] [r=2 c=1 rs=1 cs=1]
              LayoutInline {SPAN} at (0,0) size 101x17
                LayoutText {#text} at (5,5) size 23x17
                  text run at (5,5) width 23: "abc"
                LayoutInline {SPAN} at (0,0) size 62x17
                  LayoutText {#text} at (27,5) size 62x17
                    text run at (27,5) width 62 RTL override: "ihg\x{5D0}\x{5D1}\x{5D2}fed"
                LayoutText {#text} at (88,5) size 18x17
                  text run at (88,5) width 18: "jkl"
              LayoutText {#text} at (105,5) size 5x17
                text run at (105,5) width 5: " "
              LayoutInline {SPAN} at (0,0) size 100x17
                LayoutText {#text} at (188,5) size 21x17
                  text run at (188,5) width 21 RTL: "\x{5D0}\x{5D1}\x{5D2}"
                LayoutInline {SPAN} at (0,0) size 62x17
                  LayoutText {#text} at (127,5) size 62x17
                    text run at (127,5) width 62 LTR override: "\x{5D8}\x{5D7}\x{5D6}abc\x{5D5}\x{5D4}\x{5D3}"
                LayoutText {#text} at (109,5) size 19x17
                  text run at (109,5) width 19 RTL: "\x{5D9}\x{5DB}\x{5DC}"
            LayoutTableCell {TD} at (311,54) size 213x27 [border: (1px solid #008000)] [r=2 c=2 rs=1 cs=1]
              LayoutInline {SPAN} at (0,0) size 101x17
                LayoutText {#text} at (108,5) size 23x17
                  text run at (108,5) width 23: "abc"
                LayoutInline {SPAN} at (0,0) size 62x17
                  LayoutText {#text} at (130,5) size 62x17
                    text run at (130,5) width 62 RTL override: "ihg\x{5D0}\x{5D1}\x{5D2}fed"
                LayoutText {#text} at (191,5) size 18x17
                  text run at (191,5) width 18: "jkl"
              LayoutText {#text} at (104,5) size 5x17
                text run at (104,5) width 5 RTL: " "
              LayoutInline {SPAN} at (0,0) size 100x17
                LayoutText {#text} at (84,5) size 21x17
                  text run at (84,5) width 21 RTL: "\x{5D0}\x{5D1}\x{5D2}"
                LayoutInline {SPAN} at (0,0) size 62x17
                  LayoutText {#text} at (23,5) size 62x17
                    text run at (23,5) width 62 LTR override: "\x{5D8}\x{5D7}\x{5D6}abc\x{5D5}\x{5D4}\x{5D3}"
                LayoutText {#text} at (5,5) size 19x17
                  text run at (5,5) width 19 RTL: "\x{5D9}\x{5DB}\x{5DC}"
          LayoutTableRow {TR} at (0,81) size 524x27
            LayoutTableCell {TD} at (0,81) size 98x27 [border: (1px solid #008000)] [r=3 c=0 rs=1 cs=1]
              LayoutText {#text} at (39,5) size 55x17
                text run at (39,5) width 55: "Unicode"
            LayoutTableCell {TD} at (98,81) size 213x27 [border: (1px solid #008000)] [r=3 c=1 rs=1 cs=1]
              LayoutText {#text} at (5,5) size 204x17
                text run at (5,5) width 23: "abc"
                text run at (27,5) width 62 RTL override: "\x{202E}ihg\x{5D0}\x{5D1}\x{5D2}fed"
                text run at (88,5) width 22: "\x{202C}jkl "
                text run at (109,5) width 19 RTL: "\x{202C}\x{5D9}\x{5DB}\x{5DC}"
                text run at (127,5) width 62 LTR override: "\x{202D}\x{5D8}\x{5D7}\x{5D6}abc\x{5D5}\x{5D4}\x{5D3}"
                text run at (188,5) width 21 RTL: "\x{5D0}\x{5D1}\x{5D2}"
            LayoutTableCell {TD} at (311,81) size 213x27 [border: (1px solid #008000)] [r=3 c=2 rs=1 cs=1]
              LayoutText {#text} at (5,5) size 204x17
                text run at (5,5) width 19 RTL: "\x{202C}\x{5D9}\x{5DB}\x{5DC}"
                text run at (23,5) width 62 LTR override: "\x{202D}\x{5D8}\x{5D7}\x{5D6}abc\x{5D5}\x{5D4}\x{5D3}"
                text run at (84,5) width 21 RTL: "\x{5D0}\x{5D1}\x{5D2}"
                text run at (104,5) width 5 RTL: " "
                text run at (108,5) width 23: "abc"
                text run at (130,5) width 62 RTL override: "\x{202E}ihg\x{5D0}\x{5D1}\x{5D2}fed"
                text run at (191,5) width 18: "\x{202C}jkl"
      LayoutBlockFlow {P} at (0,159) size 784x18
        LayoutText {#text} at (0,0) size 394x17
          text run at (0,0) width 394: "The CSS column should be identical to the reference column."
      LayoutTable {TABLE} at (0,193) size 221x121 [border: none]
        LayoutTableSection {TBODY} at (0,0) size 220x120
          LayoutTableRow {TR} at (0,0) size 220x27
            LayoutTableCell {TD} at (0,0) size 110x27 [border: (1px solid #008000)] [r=0 c=0 rs=1 cs=1]
              LayoutText {#text} at (23,5) size 65x17
                text run at (23,5) width 65: "Reference"
            LayoutTableCell {TD} at (110,0) size 110x27 [border: (1px solid #008000)] [r=0 c=1 rs=1 cs=1]
              LayoutText {#text} at (41,5) size 29x17
                text run at (41,5) width 29: "CSS"
          LayoutTableRow {TR} at (0,27) size 220x93
            LayoutTableCell {TD} at (0,27) size 110x93 [border: (1px solid #008000)] [r=1 c=0 rs=1 cs=1]
              LayoutBlockFlow {P} at (5,21) size 101x18
                LayoutText {#text} at (0,0) size 101x17
                  text run at (0,0) width 43: "abcdef"
                  text run at (42,0) width 22 RTL: "\x{5D0}\x{5D1}\x{5D2}"
                  text run at (63,0) width 38: "ghijkl"
              LayoutBlockFlow {P} at (5,55) size 101x18
                LayoutText {#text} at (0,0) size 101x17
                  text run at (0,0) width 39 RTL: "\x{5D6}\x{5D7}\x{5D8}\x{5D9}\x{5DB}\x{5DC}"
                  text run at (38,0) width 24: "abc"
                  text run at (61,0) width 40 RTL: "\x{5D0}\x{5D1}\x{5D2}\x{5D3}\x{5D4}\x{5D5}"
            LayoutTableCell {TD} at (110,27) size 110x93 [border: (1px solid #008000)] [r=1 c=1 rs=1 cs=1]
              LayoutBlockFlow {P} at (5,21) size 101x18
                LayoutText {#text} at (0,0) size 101x17
                  text run at (0,0) width 101 RTL override: "lkjihg\x{5D0}\x{5D1}\x{5D2}fedcba"
              LayoutBlockFlow {P} at (5,55) size 101x18
                LayoutText {#text} at (0,0) size 101x17
                  text run at (0,0) width 101 LTR override: "\x{5DC}\x{5DB}\x{5D9}\x{5D8}\x{5D7}\x{5D6}abc\x{5D5}\x{5D4}\x{5D3}\x{5D2}\x{5D1}\x{5D0}"
