layer at (0,0) size 800x600
  LayoutView at (0,0) size 800x600
layer at (0,0) size 800x494
  LayoutBlockFlow {HTML} at (0,0) size 800x494
    LayoutBlockFlow {BODY} at (8,16) size 784x462
      LayoutBlockFlow {P} at (0,0) size 784x54
        LayoutText {#text} at (0,0) size 745x53
          text run at (0,0) width 745: "In each line, reading from left to right, the bracket should appear before the parenthesis. The bracket should be a left"
          text run at (0,18) width 716: "bracket and the parenthesis should be a right parenthesis. In each line, Roman characters and digits should be in"
          text run at (0,36) width 219: "increasing order from left to right."
      LayoutBlockFlow {P} at (0,70) size 784x18
        LayoutText {#text} at (0,0) size 49x17
          text run at (0,0) width 21 RTL: "\x{5D0}\x{5D1}\x{5D2}"
          text run at (20,0) width 29: " def "
        LayoutInline {SPAN} at (0,0) size 32x17
          LayoutText {#text} at (48,0) size 32x17
            text run at (48,0) width 32 RTL: "(\x{5D6}\x{5D7}\x{5D8}]"
        LayoutText {#text} at (79,0) size 22x17
          text run at (79,0) width 22: " jkl"
      LayoutBlockFlow {P} at (0,104) size 784x18
        LayoutText {#text} at (0,0) size 49x17
          text run at (0,0) width 21 RTL: "\x{5D0}\x{5D1}\x{5D2}"
          text run at (20,0) width 29: " def "
        LayoutInline {SPAN} at (0,0) size 32x17
          LayoutText {#text} at (48,0) size 32x17
            text run at (48,0) width 7 RTL: "]"
            text run at (54,0) width 21: "ghi"
            text run at (74,0) width 6 RTL: "("
        LayoutText {#text} at (79,0) size 22x17
          text run at (79,0) width 22: " jkl"
      LayoutBlockFlow {P} at (0,138) size 784x18
        LayoutText {#text} at (0,0) size 27x17
          text run at (0,0) width 27: "abc "
        LayoutInline {SPAN} at (0,0) size 47x17
          LayoutText {#text} at (26,0) size 47x17
            text run at (26,0) width 6 RTL: "]"
            text run at (31,0) width 17: "23"
            text run at (47,0) width 5 RTL: " "
            text run at (51,0) width 17: "45"
            text run at (67,0) width 6 RTL: "("
        LayoutText {#text} at (72,0) size 27x17
          text run at (72,0) width 27: " fgh"
      LayoutBlockFlow {P} at (0,172) size 784x18
        LayoutText {#text} at (0,0) size 99x17
          text run at (0,0) width 27: "abc "
          text run at (26,0) width 6 RTL: "]"
          text run at (31,0) width 17: "23"
          text run at (47,0) width 5 RTL: " "
          text run at (51,0) width 17: "45"
          text run at (67,0) width 6 RTL: "\x{202B}("
          text run at (72,0) width 27: "\x{202C} fgh"
      LayoutBlockFlow {P} at (0,206) size 784x18
        LayoutText {#text} at (0,0) size 91x17
          text run at (0,0) width 27: "abc "
          text run at (26,0) width 6 RTL: "]"
          text run at (31,0) width 33: "de fg"
          text run at (63,0) width 7 RTL: "\x{202B}("
          text run at (69,0) width 22: "\x{202C} hij"
      LayoutBlockFlow {P} at (0,240) size 784x18
        LayoutText {#text} at (0,0) size 8x17
          text run at (0,0) width 8: "1"
        LayoutInline {SPAN} at (0,0) size 45x17
          LayoutText {#text} at (8,0) size 45x17
            text run at (8,0) width 6 RTL: "]"
            text run at (13,0) width 35: "ab cd"
            text run at (47,0) width 6 RTL: "("
        LayoutText {#text} at (0,0) size 0x0
      LayoutBlockFlow {P} at (0,274) size 784x18
        LayoutText {#text} at (0,0) size 8x17
          text run at (0,0) width 8: "1"
        LayoutInline {SPAN} at (0,0) size 42x17
          LayoutText {#text} at (8,0) size 42x17
            text run at (8,0) width 22 RTL: " \x{5D2}\x{5D3}]"
            text run at (29,0) width 16: "ab"
            text run at (44,0) width 6 RTL: "("
        LayoutText {#text} at (0,0) size 0x0
      LayoutBlockFlow {P} at (0,308) size 784x18
        LayoutText {#text} at (0,0) size 8x17
          text run at (0,0) width 8: "1"
        LayoutInline {SPAN} at (0,0) size 19x17
          LayoutText {#text} at (8,0) size 19x17
            text run at (8,0) width 6 RTL: "]"
            text run at (13,0) width 9: "2"
            text run at (21,0) width 6 RTL: "\x{202B}("
            text run at (26,0) width 1: "\x{202C}"
        LayoutText {#text} at (0,0) size 0x0
      LayoutBlockFlow {P} at (0,342) size 784x18
        LayoutText {#text} at (0,0) size 8x17
          text run at (0,0) width 8: "1"
        LayoutInline {SPAN} at (0,0) size 18x17
          LayoutText {#text} at (8,0) size 18x17
            text run at (8,0) width 6 RTL: "]"
            text run at (13,0) width 8: "a"
            text run at (20,0) width 6 RTL: "\x{202B}("
            text run at (25,0) width 1: "\x{202C}"
        LayoutText {#text} at (0,0) size 0x0
      LayoutBlockFlow {P} at (0,376) size 784x18
        LayoutText {#text} at (0,0) size 50x17
          text run at (0,0) width 8: "1"
          text run at (8,0) width 22 RTL: " \x{5D2}\x{5D3}]"
          text run at (29,0) width 16: "ab"
          text run at (44,0) width 6 RTL: "\x{202B}("
          text run at (49,0) width 1: "\x{202C}"
      LayoutBlockFlow {P} at (0,410) size 784x18
        LayoutInline {SPAN} at (0,0) size 82x17
          LayoutText {#text} at (0,0) size 82x17
            text run at (0,0) width 6 RTL: "]"
            text run at (5,0) width 23: "abc"
            text run at (27,0) width 29 RTL: " \x{5D0}\x{5D1}\x{5D2} "
            text run at (55,0) width 22: "def"
            text run at (76,0) width 6 RTL: "("
        LayoutText {#text} at (0,0) size 0x0
      LayoutBlockFlow {P} at (0,444) size 784x18
        LayoutText {#text} at (0,0) size 82x17
          text run at (0,0) width 6 RTL: "]"
          text run at (5,0) width 23: "abc"
          text run at (27,0) width 29 RTL: " \x{5D0}\x{5D1}\x{5D2} "
          text run at (55,0) width 22: "def"
          text run at (76,0) width 6 RTL: "\x{202B}("
          text run at (81,0) width 1: "\x{202C}"
