layer at (0,0) size 800x600
  LayoutView at (0,0) size 800x600
layer at (0,0) size 800x102
  LayoutBlockFlow {HTML} at (0,0) size 800x102
    LayoutBlockFlow {BODY} at (8,16) size 784x70
      LayoutBlockFlow {P} at (0,0) size 784x36
        LayoutText {#text} at (0,0) size 745x35
          text run at (0,0) width 745: "The three boxes should be the same. The order in each box should be: Roman letters, Hebrew letters, digits, Hebrew"
          text run at (0,18) width 141: "letters, Roman letters."
      LayoutBlockFlow {P} at (0,52) size 784x18
        LayoutInline {SPAN} at (0,0) size 124x19 [border: (1px solid #008000)]
          LayoutText {#text} at (1,0) size 122x17
            text run at (1,0) width 27: "abc "
            text run at (27,0) width 23 RTL: " \x{5D3}\x{5D4}\x{5D5}"
            text run at (49,0) width 25: "123"
            text run at (73,0) width 26 RTL: "\x{5D0}\x{5D1}\x{5D2} "
            text run at (98,0) width 25: " def"
        LayoutText {#text} at (123,0) size 5x17
          text run at (123,0) width 5: " "
        LayoutInline {SPAN} at (0,0) size 125x19 [border: (1px solid #008000)]
          LayoutText {#text} at (128,0) size 123x17
            text run at (128,0) width 27: "abc "
            text run at (154,0) width 24 RTL: " \x{5D3}\x{5D4}\x{5D5}"
            text run at (177,0) width 25: "123"
            text run at (201,0) width 25 RTL: "\x{5D0}\x{5D1}\x{5D2} "
            text run at (225,0) width 26: " def"
        LayoutText {#text} at (251,0) size 5x17
          text run at (251,0) width 5: " "
        LayoutInline {SPAN} at (0,0) size 125x19 [border: (1px solid #008000)]
          LayoutText {#text} at (256,0) size 123x17
            text run at (256,0) width 27: "abc "
            text run at (282,0) width 24 RTL: " \x{5D3}\x{5D4}\x{5D5}"
            text run at (305,0) width 25: "123"
            text run at (329,0) width 25 RTL: "\x{5D0}\x{5D1}\x{5D2} "
            text run at (353,0) width 26: " def"
        LayoutText {#text} at (0,0) size 0x0
