layer at (0,0) size 800x600
  LayoutView at (0,0) size 800x600
layer at (0,0) size 800x578
  LayoutBlockFlow {HTML} at (0,0) size 800x577.88
    LayoutBlockFlow {BODY} at (8,21.44) size 784x540.44
      LayoutBlockFlow {H1} at (0,0) size 784x37
        LayoutText {#text} at (0,0) size 677x36
          text run at (0,0) width 677: "Bidirectional Text Test 2 - Formatting Characters"
      LayoutBlockFlow {P} at (0,58.44) size 784x18
        LayoutText {#text} at (0,0) size 134x17
          text run at (0,0) width 134: "This test is based on "
        LayoutInline {A} at (0,0) size 119x17 [color=#0000EE]
          LayoutText {#text} at (133,0) size 119x17
            text run at (133,0) width 119: "CSS2 section 9.10"
        LayoutText {#text} at (251,0) size 32x17
          text run at (251,0) width 32: " and "
        LayoutInline {A} at (0,0) size 64x17 [color=#0000EE]
          LayoutText {#text} at (282,0) size 64x17
            text run at (282,0) width 64: "Chapter 3"
        LayoutText {#text} at (345,0) size 46x17
          text run at (345,0) width 46: " of the "
        LayoutInline {A} at (0,0) size 116x17 [color=#0000EE]
          LayoutText {#text} at (390,0) size 116x17
            text run at (390,0) width 116: "Unicode Standard"
        LayoutText {#text} at (505,0) size 5x17
          text run at (505,0) width 5: "."
      LayoutBlockFlow {P} at (0,92.44) size 784x18
        LayoutText {#text} at (0,0) size 64x17
          text run at (0,0) width 64: "Note that "
        LayoutInline {A} at (0,0) size 303x17 [color=#0000EE]
          LayoutText {#text} at (63,0) size 303x17
            text run at (63,0) width 303: "Unicode in XML and other Markup Languages"
        LayoutText {#text} at (365,0) size 371x17
          text run at (365,0) width 371: " suggests that HTML UAs should ignore these characters."
      LayoutBlockFlow {P} at (0,126.44) size 784x18
        LayoutText {#text} at (0,0) size 287x17
          text run at (0,0) width 287: "In each box, all the lines should be the same."
      LayoutBlockFlow (anonymous) at (0,160.44) size 784x226
        LayoutBlockFlow {DIV} at (3,3) size 99.58x170 [border: (1px solid #008000)]
          LayoutBlockFlow {P} at (4,4) size 91.58x18
            LayoutText {#text} at (0,0) size 92x17
              text run at (0,0) width 92: "ABCDEFGHI"
          LayoutBlockFlow {P} at (4,22) size 91.58x18
            LayoutText {#text} at (0,0) size 92x17
              text run at (0,0) width 0 RTL: "\x{202C}"
              text run at (0,0) width 92: "\x{202B}ABCDEFGHI"
          LayoutBlockFlow {P} at (4,40) size 91.58x18
            LayoutText {#text} at (0,0) size 33x17
              text run at (0,0) width 33: "\x{202B}ABC"
            LayoutInline {SPAN} at (0,0) size 32x17
              LayoutText {#text} at (32,0) size 32x17
                text run at (32,0) width 32: "DEF"
            LayoutText {#text} at (0,0) size 92x17
              text run at (0,0) width 0 RTL: "\x{202C}"
              text run at (63,0) width 29: "GHI"
          LayoutBlockFlow {P} at (4,58) size 91.58x18
            LayoutText {#text} at (0,0) size 92x17
              text run at (0,0) width 0 RTL: "\x{202C}"
              text run at (0,0) width 92 RTL override: "\x{202E}IHGFEDCBA"
          LayoutBlockFlow {P} at (4,76) size 91.58x18
            LayoutText {#text} at (63,0) size 29x17
              text run at (63,0) width 29 RTL override: "\x{202E}IHG"
            LayoutInline {SPAN} at (0,0) size 32x17
              LayoutText {#text} at (32,0) size 32x17
                text run at (32,0) width 32 RTL override: "FED"
            LayoutText {#text} at (0,0) size 33x17
              text run at (0,0) width 0 RTL: "\x{202C}"
              text run at (0,0) width 33 RTL override: "CBA"
          LayoutBlockFlow {P} at (4,94) size 91.58x18
            LayoutText {#text} at (0,0) size 92x17
              text run at (0,0) width 0 RTL: "\x{202C}"
              text run at (0,0) width 33 RTL override: "\x{202C}CBA"
              text run at (32,0) width 32: "\x{202B}DEF"
              text run at (63,0) width 29 RTL override: "\x{202E}IHG"
          LayoutBlockFlow {P} at (4,112) size 91.58x18
            LayoutText {#text} at (0,0) size 92x17
              text run at (0,0) width 0 RTL: "\x{202C}"
              text run at (0,0) width 33 RTL override: "\x{202C}CBA"
              text run at (32,0) width 32 RTL override: "\x{202E}FED"
              text run at (63,0) width 29 RTL override: "\x{202E}IHG"
          LayoutBlockFlow {P} at (4,130) size 91.58x18
            LayoutText {#text} at (0,0) size 92x17
              text run at (0,0) width 0 RTL: "\x{202C}"
              text run at (0,0) width 33 RTL override: "\x{202C}CBA"
              text run at (32,0) width 32 RTL override: "\x{202E}FED"
              text run at (63,0) width 29 RTL override: "\x{202E}IHG"
          LayoutBlockFlow {P} at (4,148) size 91.58x18
            LayoutText {#text} at (0,0) size 92x17
              text run at (0,0) width 0 RTL: "\x{202C}"
              text run at (0,0) width 33 RTL override: "\x{202C}CBA"
              text run at (32,0) width 32 LTR override: "\x{202D}DEF"
              text run at (63,0) width 29 RTL override: "\x{202E}IHG"
        LayoutText {#text} at (105,78) size 5x17
          text run at (105,78) width 5: " "
        LayoutBlockFlow {DIV} at (112.58,48) size 30x80 [border: (1px solid #008000)]
          LayoutTable {TABLE} at (4,4) size 22x18
            LayoutTableSection {TBODY} at (0,0) size 22x18
              LayoutTableRow {TR} at (0,0) size 22x18
                LayoutTableCell {TD} at (0,0) size 6x18 [r=0 c=0 rs=1 cs=1]
                  LayoutText {#text} at (0,0) size 6x17
                    text run at (0,0) width 6 RTL: "\x{5D2}"
                LayoutTableCell {TD} at (6,0) size 8x18 [r=0 c=1 rs=1 cs=1]
                  LayoutText {#text} at (0,0) size 8x17
                    text run at (0,0) width 8 RTL: "\x{5D1}"
                LayoutTableCell {TD} at (14,0) size 8x18 [r=0 c=2 rs=1 cs=1]
                  LayoutText {#text} at (0,0) size 8x17
                    text run at (0,0) width 8 RTL: "\x{5D0}"
          LayoutBlockFlow {P} at (4,22) size 22x18
            LayoutText {#text} at (0,0) size 21x17
              text run at (0,0) width 21 RTL: "\x{5D0}\x{5D1}\x{5D2}"
          LayoutBlockFlow {P} at (4,40) size 22x18
            LayoutText {#text} at (0,0) size 21x17
              text run at (0,0) width 21 RTL: "\x{202A}\x{5D0}\x{5D1}\x{5D2}"
              text run at (20,0) width 1: "\x{202C}"
          LayoutBlockFlow {P} at (4,58) size 22x18
            LayoutText {#text} at (0,0) size 21x17
              text run at (0,0) width 21 LTR override: "\x{202D}\x{5D2}\x{5D1}\x{5D0}"
              text run at (20,0) width 1: "\x{202C}"
        LayoutText {#text} at (145,78) size 5x17
          text run at (145,78) width 5: " "
        LayoutBlockFlow {DIV} at (152.58,57) size 92x62 [border: (1px solid #008000)]
          LayoutTable {TABLE} at (4,4) size 84x18
            LayoutTableSection {TBODY} at (0,0) size 84x18
              LayoutTableRow {TR} at (0,0) size 84x18
                LayoutTableCell {TD} at (0,0) size 6x18 [r=0 c=0 rs=1 cs=1]
                  LayoutText {#text} at (0,0) size 6x17
                    text run at (0,0) width 6 RTL: "\x{5D2}"
                LayoutTableCell {TD} at (6,0) size 8x18 [r=0 c=1 rs=1 cs=1]
                  LayoutText {#text} at (0,0) size 8x17
                    text run at (0,0) width 8 RTL: "\x{5D1}"
                LayoutTableCell {TD} at (14,0) size 8x18 [r=0 c=2 rs=1 cs=1]
                  LayoutText {#text} at (0,0) size 8x17
                    text run at (0,0) width 8 RTL: "\x{5D0}"
                LayoutTableCell {TD} at (22,0) size 4x18 [r=0 c=3 rs=1 cs=1]
                  LayoutText {#text} at (0,0) size 4x17
                    text run at (0,0) width 4: " "
                LayoutTableCell {TD} at (26,0) size 12x18 [r=0 c=4 rs=1 cs=1]
                  LayoutText {#text} at (0,0) size 12x17
                    text run at (0,0) width 12: "A"
                LayoutTableCell {TD} at (38,0) size 11x18 [r=0 c=5 rs=1 cs=1]
                  LayoutText {#text} at (0,0) size 11x17
                    text run at (0,0) width 11: "B"
                LayoutTableCell {TD} at (49,0) size 11x18 [r=0 c=6 rs=1 cs=1]
                  LayoutText {#text} at (0,0) size 11x17
                    text run at (0,0) width 11: "C"
                LayoutTableCell {TD} at (60,0) size 4x18 [r=0 c=7 rs=1 cs=1]
                  LayoutText {#text} at (0,0) size 4x17
                    text run at (0,0) width 4: " "
                LayoutTableCell {TD} at (64,0) size 5x18 [r=0 c=8 rs=1 cs=1]
                  LayoutText {#text} at (0,0) size 5x17
                    text run at (0,0) width 5 RTL: "\x{5D5}"
                LayoutTableCell {TD} at (69,0) size 8x18 [r=0 c=9 rs=1 cs=1]
                  LayoutText {#text} at (0,0) size 8x17
                    text run at (0,0) width 8 RTL: "\x{5D4}"
                LayoutTableCell {TD} at (77,0) size 7x18 [r=0 c=10 rs=1 cs=1]
                  LayoutText {#text} at (0,0) size 7x17
                    text run at (0,0) width 7 RTL: "\x{5D3}"
          LayoutBlockFlow {P} at (4,22) size 84x18
            LayoutText {#text} at (0,0) size 80x17
              text run at (0,0) width 21 RTL: "\x{5D0}\x{5D1}\x{5D2}"
              text run at (20,0) width 42: " ABC "
              text run at (61,0) width 19 RTL: "\x{5D3}\x{5D4}\x{5D5}"
          LayoutBlockFlow {P} at (4,40) size 84x18
            LayoutText {#text} at (0,0) size 80x17
              text run at (0,0) width 25 RTL: " \x{5D0}\x{5D1}\x{5D2}"
              text run at (24,0) width 34: "ABC"
              text run at (57,0) width 23 RTL: "\x{5D3}\x{5D4}\x{5D5} "
        LayoutText {#text} at (247,78) size 5x17
          text run at (247,78) width 5: " "
        LayoutBlockFlow {DIV} at (254.58,3) size 152x170 [border: (1px solid #008000)]
          LayoutTable {TABLE} at (4,4) size 144x18
            LayoutTableSection {TBODY} at (0,0) size 144x18
              LayoutTableRow {TR} at (0,0) size 144x18
                LayoutTableCell {TD} at (0,0) size 6x18 [r=0 c=0 rs=1 cs=1]
                  LayoutText {#text} at (0,0) size 6x17
                    text run at (0,0) width 6 RTL: "\x{5D2}"
                LayoutTableCell {TD} at (6,0) size 8x18 [r=0 c=1 rs=1 cs=1]
                  LayoutText {#text} at (0,0) size 8x17
                    text run at (0,0) width 8 RTL: "\x{5D1}"
                LayoutTableCell {TD} at (14,0) size 8x18 [r=0 c=2 rs=1 cs=1]
                  LayoutText {#text} at (0,0) size 8x17
                    text run at (0,0) width 8 RTL: "\x{5D0}"
                LayoutTableCell {TD} at (22,0) size 4x18 [r=0 c=3 rs=1 cs=1]
                  LayoutText {#text} at (0,0) size 4x17
                    text run at (0,0) width 4: " "
                LayoutTableCell {TD} at (26,0) size 12x18 [r=0 c=4 rs=1 cs=1]
                  LayoutText {#text} at (0,0) size 12x17
                    text run at (0,0) width 12: "A"
                LayoutTableCell {TD} at (38,0) size 11x18 [r=0 c=5 rs=1 cs=1]
                  LayoutText {#text} at (0,0) size 11x17
                    text run at (0,0) width 11: "B"
                LayoutTableCell {TD} at (49,0) size 11x18 [r=0 c=6 rs=1 cs=1]
                  LayoutText {#text} at (0,0) size 11x17
                    text run at (0,0) width 11: "C"
                LayoutTableCell {TD} at (60,0) size 4x18 [r=0 c=7 rs=1 cs=1]
                  LayoutText {#text} at (0,0) size 4x17
                    text run at (0,0) width 4: " "
                LayoutTableCell {TD} at (64,0) size 5x18 [r=0 c=8 rs=1 cs=1]
                  LayoutText {#text} at (0,0) size 5x17
                    text run at (0,0) width 5 RTL: "\x{5D5}"
                LayoutTableCell {TD} at (69,0) size 8x18 [r=0 c=9 rs=1 cs=1]
                  LayoutText {#text} at (0,0) size 8x17
                    text run at (0,0) width 8 RTL: "\x{5D4}"
                LayoutTableCell {TD} at (77,0) size 7x18 [r=0 c=10 rs=1 cs=1]
                  LayoutText {#text} at (0,0) size 7x17
                    text run at (0,0) width 7 RTL: "\x{5D3}"
                LayoutTableCell {TD} at (84,0) size 4x18 [r=0 c=11 rs=1 cs=1]
                  LayoutText {#text} at (0,0) size 4x17
                    text run at (0,0) width 4: " "
                LayoutTableCell {TD} at (88,0) size 12x18 [r=0 c=12 rs=1 cs=1]
                  LayoutText {#text} at (0,0) size 12x17
                    text run at (0,0) width 12: "D"
                LayoutTableCell {TD} at (100,0) size 10x18 [r=0 c=13 rs=1 cs=1]
                  LayoutText {#text} at (0,0) size 10x17
                    text run at (0,0) width 10: "E"
                LayoutTableCell {TD} at (110,0) size 9x18 [r=0 c=14 rs=1 cs=1]
                  LayoutText {#text} at (0,0) size 9x17
                    text run at (0,0) width 9: "F"
                LayoutTableCell {TD} at (119,0) size 4x18 [r=0 c=15 rs=1 cs=1]
                  LayoutText {#text} at (0,0) size 4x17
                    text run at (0,0) width 4: " "
                LayoutTableCell {TD} at (123,0) size 8x18 [r=0 c=16 rs=1 cs=1]
                  LayoutText {#text} at (0,0) size 8x17
                    text run at (0,0) width 8 RTL: "\x{5D8}"
                LayoutTableCell {TD} at (131,0) size 8x18 [r=0 c=17 rs=1 cs=1]
                  LayoutText {#text} at (0,0) size 8x17
                    text run at (0,0) width 8 RTL: "\x{5D7}"
                LayoutTableCell {TD} at (139,0) size 5x18 [r=0 c=18 rs=1 cs=1]
                  LayoutText {#text} at (0,0) size 5x17
                    text run at (0,0) width 5 RTL: "\x{5D6}"
          LayoutBlockFlow {P} at (4,22) size 144x18
            LayoutText {#text} at (0,0) size 138x17
              text run at (0,0) width 21 RTL: "\x{5D0}\x{5D1}\x{5D2}"
              text run at (20,0) width 42: " ABC "
              text run at (61,0) width 19 RTL: "\x{5D3}\x{5D4}\x{5D5}"
              text run at (79,0) width 40: " DEF "
              text run at (118,0) width 20 RTL: "\x{5D6}\x{5D7}\x{5D8}"
          LayoutBlockFlow {P} at (4,40) size 144x18
            LayoutText {#text} at (0,0) size 25x17
              text run at (0,0) width 21 RTL: "\x{5D0}\x{5D1}\x{5D2}"
              text run at (20,0) width 5: " "
            LayoutInline {SPAN} at (0,0) size 56x17
              LayoutText {#text} at (24,0) size 56x17
                text run at (24,0) width 38: "ABC "
                text run at (61,0) width 19 RTL: "\x{5D3}\x{5D4}\x{5D5}"
            LayoutText {#text} at (79,0) size 59x17
              text run at (79,0) width 40: " DEF "
              text run at (118,0) width 20 RTL: "\x{5D6}\x{5D7}\x{5D8}"
          LayoutBlockFlow {P} at (4,58) size 144x18
            LayoutText {#text} at (0,0) size 138x17
              text run at (0,0) width 21 RTL: "\x{5D0}\x{5D1}\x{5D2}"
              text run at (20,0) width 5: " "
              text run at (24,0) width 38: "\x{202A}ABC "
              text run at (61,0) width 19 RTL: "\x{5D3}\x{5D4}\x{5D5}"
              text run at (79,0) width 36: " DEF"
              text run at (114,0) width 5: "\x{202C} "
              text run at (118,0) width 20 RTL: "\x{5D6}\x{5D7}\x{5D8}"
          LayoutBlockFlow {P} at (4,76) size 144x18
            LayoutText {#text} at (0,0) size 138x17
              text run at (0,0) width 25 RTL: "\x{202C} \x{5D0}\x{5D1}\x{5D2}"
              text run at (24,0) width 34: "ABC"
              text run at (57,0) width 27 RTL: " \x{5D3}\x{5D4}\x{5D5} "
              text run at (83,0) width 32: "\x{202B}DEF"
              text run at (114,0) width 24 RTL: "\x{5D6}\x{5D7}\x{5D8} "
          LayoutBlockFlow {P} at (4,94) size 144x18
            LayoutText {#text} at (0,0) size 138x17
              text run at (0,0) width 25 RTL: " \x{5D0}\x{5D1}\x{5D2}"
              text run at (24,0) width 34: "\x{202B}ABC"
              text run at (57,0) width 23 RTL: "\x{5D3}\x{5D4}\x{5D5} "
              text run at (79,0) width 40: "\x{202C} DEF "
              text run at (118,0) width 20 RTL: "\x{5D6}\x{5D7}\x{5D8}"
          LayoutBlockFlow {P} at (4,112) size 144x18
            LayoutText {#text} at (0,0) size 138x17
              text run at (0,0) width 58 RTL override: "\x{202E}CBA \x{5D0}\x{5D1}\x{5D2}"
              text run at (57,0) width 23 RTL: "\x{5D3}\x{5D4}\x{5D5} "
              text run at (79,0) width 40: "\x{202C} DEF "
              text run at (118,0) width 20 RTL: "\x{5D6}\x{5D7}\x{5D8}"
          LayoutBlockFlow {P} at (4,130) size 144x18
            LayoutText {#text} at (0,0) size 138x17
              text run at (0,0) width 21 RTL: "\x{5D0}\x{5D1}\x{5D2}"
              text run at (20,0) width 5: " "
              text run at (24,0) width 56 LTR override: "\x{202D}ABC \x{5D5}\x{5D4}\x{5D3}"
              text run at (79,0) width 40: "\x{202C} DEF "
              text run at (118,0) width 20 RTL: "\x{5D6}\x{5D7}\x{5D8}"
          LayoutBlockFlow {P} at (4,148) size 144x18
            LayoutText {#text} at (0,0) size 138x17
              text run at (0,0) width 25 RTL: " \x{5D0}\x{5D1}\x{5D2}"
              text run at (24,0) width 56 LTR override: "\x{202D}ABC \x{5D5}\x{5D4}\x{5D3}"
              text run at (79,0) width 36: "\x{202C} DEF"
              text run at (114,0) width 24 RTL: "\x{5D6}\x{5D7}\x{5D8} "
        LayoutText {#text} at (409,78) size 5x17
          text run at (409,78) width 5: " "
        LayoutBlockFlow {DIV} at (416.58,66) size 186x44 [border: (1px solid #008000)]
          LayoutTable {TABLE} at (4,4) size 178x18
            LayoutTableSection {TBODY} at (0,0) size 178x18
              LayoutTableRow {TR} at (0,0) size 178x18
                LayoutTableCell {TD} at (0,0) size 6x18 [r=0 c=0 rs=1 cs=1]
                  LayoutText {#text} at (0,0) size 6x17
                    text run at (0,0) width 6 RTL: "\x{5D2}"
                LayoutTableCell {TD} at (6,0) size 8x18 [r=0 c=1 rs=1 cs=1]
                  LayoutText {#text} at (0,0) size 8x17
                    text run at (0,0) width 8 RTL: "\x{5D1}"
                LayoutTableCell {TD} at (14,0) size 8x18 [r=0 c=2 rs=1 cs=1]
                  LayoutText {#text} at (0,0) size 8x17
                    text run at (0,0) width 8 RTL: "\x{5D0}"
                LayoutTableCell {TD} at (22,0) size 4x18 [r=0 c=3 rs=1 cs=1]
                  LayoutText {#text} at (0,0) size 4x17
                    text run at (0,0) width 4: " "
                LayoutTableCell {TD} at (26,0) size 12x18 [r=0 c=4 rs=1 cs=1]
                  LayoutText {#text} at (0,0) size 12x17
                    text run at (0,0) width 12: "A"
                LayoutTableCell {TD} at (38,0) size 11x18 [r=0 c=5 rs=1 cs=1]
                  LayoutText {#text} at (0,0) size 11x17
                    text run at (0,0) width 11: "B"
                LayoutTableCell {TD} at (49,0) size 11x18 [r=0 c=6 rs=1 cs=1]
                  LayoutText {#text} at (0,0) size 11x17
                    text run at (0,0) width 11: "C"
                LayoutTableCell {TD} at (60,0) size 4x18 [r=0 c=7 rs=1 cs=1]
                  LayoutText {#text} at (0,0) size 4x17
                    text run at (0,0) width 4: " "
                LayoutTableCell {TD} at (64,0) size 5x18 [r=0 c=8 rs=1 cs=1]
                  LayoutText {#text} at (0,0) size 5x17
                    text run at (0,0) width 5 RTL: "\x{5D5}"
                LayoutTableCell {TD} at (69,0) size 8x18 [r=0 c=9 rs=1 cs=1]
                  LayoutText {#text} at (0,0) size 8x17
                    text run at (0,0) width 8 RTL: "\x{5D4}"
                LayoutTableCell {TD} at (77,0) size 7x18 [r=0 c=10 rs=1 cs=1]
                  LayoutText {#text} at (0,0) size 7x17
                    text run at (0,0) width 7 RTL: "\x{5D3}"
                LayoutTableCell {TD} at (84,0) size 4x18 [r=0 c=11 rs=1 cs=1]
                  LayoutText {#text} at (0,0) size 4x17
                    text run at (0,0) width 4: " "
                LayoutTableCell {TD} at (88,0) size 12x18 [r=0 c=12 rs=1 cs=1]
                  LayoutText {#text} at (0,0) size 12x17
                    text run at (0,0) width 12: "D"
                LayoutTableCell {TD} at (100,0) size 10x18 [r=0 c=13 rs=1 cs=1]
                  LayoutText {#text} at (0,0) size 10x17
                    text run at (0,0) width 10: "E"
                LayoutTableCell {TD} at (110,0) size 9x18 [r=0 c=14 rs=1 cs=1]
                  LayoutText {#text} at (0,0) size 9x17
                    text run at (0,0) width 9: "F"
                LayoutTableCell {TD} at (119,0) size 4x18 [r=0 c=15 rs=1 cs=1]
                  LayoutText {#text} at (0,0) size 4x17
                    text run at (0,0) width 4: " "
                LayoutTableCell {TD} at (123,0) size 12x18 [r=0 c=16 rs=1 cs=1]
                  LayoutText {#text} at (0,0) size 12x17
                    text run at (0,0) width 12: "G"
                LayoutTableCell {TD} at (135,0) size 12x18 [r=0 c=17 rs=1 cs=1]
                  LayoutText {#text} at (0,0) size 12x17
                    text run at (0,0) width 12: "H"
                LayoutTableCell {TD} at (147,0) size 6x18 [r=0 c=18 rs=1 cs=1]
                  LayoutText {#text} at (0,0) size 6x17
                    text run at (0,0) width 6: "I"
                LayoutTableCell {TD} at (153,0) size 4x18 [r=0 c=19 rs=1 cs=1]
                  LayoutText {#text} at (0,0) size 4x17
                    text run at (0,0) width 4: " "
                LayoutTableCell {TD} at (157,0) size 8x18 [r=0 c=20 rs=1 cs=1]
                  LayoutText {#text} at (0,0) size 8x17
                    text run at (0,0) width 8 RTL: "\x{5D8}"
                LayoutTableCell {TD} at (165,0) size 8x18 [r=0 c=21 rs=1 cs=1]
                  LayoutText {#text} at (0,0) size 8x17
                    text run at (0,0) width 8 RTL: "\x{5D7}"
                LayoutTableCell {TD} at (173,0) size 5x18 [r=0 c=22 rs=1 cs=1]
                  LayoutText {#text} at (0,0) size 5x17
                    text run at (0,0) width 5 RTL: "\x{5D6}"
          LayoutBlockFlow {P} at (4,22) size 178x18
            LayoutText {#text} at (0,0) size 171x17
              text run at (0,0) width 21 RTL: "\x{5D0}\x{5D1}\x{5D2}"
              text run at (20,0) width 42: " ABC "
              text run at (61,0) width 19 RTL: "\x{5D3}\x{5D4}\x{5D5}"
              text run at (79,0) width 72: " DEF GHI "
              text run at (150,0) width 21 RTL: "\x{5D6}\x{5D7}\x{5D8}"
        LayoutText {#text} at (605,78) size 5x17
          text run at (605,78) width 5: " "
        LayoutBR {BR} at (609,78) size 1x17
        LayoutBlockFlow {DIV} at (3,179) size 186x44 [border: (1px solid #008000)]
          LayoutTable {TABLE} at (4,4) size 178x18
            LayoutTableSection {TBODY} at (0,0) size 178x18
              LayoutTableRow {TR} at (0,0) size 178x18
                LayoutTableCell {TD} at (0,0) size 9x18 [r=0 c=0 rs=1 cs=1]
                  LayoutText {#text} at (0,0) size 9x17
                    text run at (0,0) width 9: "F"
                LayoutTableCell {TD} at (9,0) size 10x18 [r=0 c=1 rs=1 cs=1]
                  LayoutText {#text} at (0,0) size 10x17
                    text run at (0,0) width 10: "E"
                LayoutTableCell {TD} at (19,0) size 12x18 [r=0 c=2 rs=1 cs=1]
                  LayoutText {#text} at (0,0) size 12x17
                    text run at (0,0) width 12: "D"
                LayoutTableCell {TD} at (31,0) size 4x18 [r=0 c=3 rs=1 cs=1]
                  LayoutText {#text} at (0,0) size 4x17
                    text run at (0,0) width 4: " "
                LayoutTableCell {TD} at (35,0) size 5x18 [r=0 c=4 rs=1 cs=1]
                  LayoutText {#text} at (0,0) size 5x17
                    text run at (0,0) width 5 RTL: "\x{5D5}"
                LayoutTableCell {TD} at (40,0) size 8x18 [r=0 c=5 rs=1 cs=1]
                  LayoutText {#text} at (0,0) size 8x17
                    text run at (0,0) width 8 RTL: "\x{5D4}"
                LayoutTableCell {TD} at (48,0) size 7x18 [r=0 c=6 rs=1 cs=1]
                  LayoutText {#text} at (0,0) size 7x17
                    text run at (0,0) width 7 RTL: "\x{5D3}"
                LayoutTableCell {TD} at (55,0) size 4x18 [r=0 c=7 rs=1 cs=1]
                  LayoutText {#text} at (0,0) size 4x17
                    text run at (0,0) width 4: " "
                LayoutTableCell {TD} at (59,0) size 11x18 [r=0 c=8 rs=1 cs=1]
                  LayoutText {#text} at (0,0) size 11x17
                    text run at (0,0) width 11: "C"
                LayoutTableCell {TD} at (70,0) size 11x18 [r=0 c=9 rs=1 cs=1]
                  LayoutText {#text} at (0,0) size 11x17
                    text run at (0,0) width 11: "B"
                LayoutTableCell {TD} at (81,0) size 12x18 [r=0 c=10 rs=1 cs=1]
                  LayoutText {#text} at (0,0) size 12x17
                    text run at (0,0) width 12: "A"
                LayoutTableCell {TD} at (93,0) size 4x18 [r=0 c=11 rs=1 cs=1]
                  LayoutText {#text} at (0,0) size 4x17
                    text run at (0,0) width 4: " "
                LayoutTableCell {TD} at (97,0) size 6x18 [r=0 c=12 rs=1 cs=1]
                  LayoutText {#text} at (0,0) size 6x17
                    text run at (0,0) width 6 RTL: "\x{5D2}"
                LayoutTableCell {TD} at (103,0) size 8x18 [r=0 c=13 rs=1 cs=1]
                  LayoutText {#text} at (0,0) size 8x17
                    text run at (0,0) width 8 RTL: "\x{5D1}"
                LayoutTableCell {TD} at (111,0) size 8x18 [r=0 c=14 rs=1 cs=1]
                  LayoutText {#text} at (0,0) size 8x17
                    text run at (0,0) width 8 RTL: "\x{5D0}"
                LayoutTableCell {TD} at (119,0) size 4x18 [r=0 c=15 rs=1 cs=1]
                  LayoutText {#text} at (0,0) size 4x17
                    text run at (0,0) width 4: " "
                LayoutTableCell {TD} at (123,0) size 12x18 [r=0 c=16 rs=1 cs=1]
                  LayoutText {#text} at (0,0) size 12x17
                    text run at (0,0) width 12: "G"
                LayoutTableCell {TD} at (135,0) size 12x18 [r=0 c=17 rs=1 cs=1]
                  LayoutText {#text} at (0,0) size 12x17
                    text run at (0,0) width 12: "H"
                LayoutTableCell {TD} at (147,0) size 6x18 [r=0 c=18 rs=1 cs=1]
                  LayoutText {#text} at (0,0) size 6x17
                    text run at (0,0) width 6: "I"
                LayoutTableCell {TD} at (153,0) size 4x18 [r=0 c=19 rs=1 cs=1]
                  LayoutText {#text} at (0,0) size 4x17
                    text run at (0,0) width 4: " "
                LayoutTableCell {TD} at (157,0) size 8x18 [r=0 c=20 rs=1 cs=1]
                  LayoutText {#text} at (0,0) size 8x17
                    text run at (0,0) width 8 RTL: "\x{5D8}"
                LayoutTableCell {TD} at (165,0) size 8x18 [r=0 c=21 rs=1 cs=1]
                  LayoutText {#text} at (0,0) size 8x17
                    text run at (0,0) width 8 RTL: "\x{5D7}"
                LayoutTableCell {TD} at (173,0) size 5x18 [r=0 c=22 rs=1 cs=1]
                  LayoutText {#text} at (0,0) size 5x17
                    text run at (0,0) width 5 RTL: "\x{5D6}"
          LayoutBlockFlow {P} at (4,22) size 178x18
            LayoutText {#text} at (0,0) size 171x17
              text run at (0,0) width 90 RTL override: "\x{202E}ABC \x{5D3}\x{5D4}\x{5D5} DEF"
              text run at (89,0) width 26 RTL: "\x{5D0}\x{5D1}\x{5D2} "
              text run at (114,0) width 37: "\x{202C} GHI "
              text run at (150,0) width 21 RTL: "\x{5D6}\x{5D7}\x{5D8}"
        LayoutText {#text} at (192,191) size 4x17
          text run at (192,191) width 4: " "
        LayoutBlockFlow {DIV} at (199,179) size 186x44 [border: (1px solid #008000)]
          LayoutTable {TABLE} at (4,4) size 178x18
            LayoutTableSection {TBODY} at (0,0) size 178x18
              LayoutTableRow {TR} at (0,0) size 178x18
                LayoutTableCell {TD} at (0,0) size 6x18 [r=0 c=0 rs=1 cs=1]
                  LayoutText {#text} at (0,0) size 6x17
                    text run at (0,0) width 6 RTL: "\x{5D2}"
                LayoutTableCell {TD} at (6,0) size 8x18 [r=0 c=1 rs=1 cs=1]
                  LayoutText {#text} at (0,0) size 8x17
                    text run at (0,0) width 8 RTL: "\x{5D1}"
                LayoutTableCell {TD} at (14,0) size 8x18 [r=0 c=2 rs=1 cs=1]
                  LayoutText {#text} at (0,0) size 8x17
                    text run at (0,0) width 8 RTL: "\x{5D0}"
                LayoutTableCell {TD} at (22,0) size 4x18 [r=0 c=3 rs=1 cs=1]
                  LayoutText {#text} at (0,0) size 4x17
                    text run at (0,0) width 4: " "
                LayoutTableCell {TD} at (26,0) size 12x18 [r=0 c=4 rs=1 cs=1]
                  LayoutText {#text} at (0,0) size 12x17
                    text run at (0,0) width 12: "A"
                LayoutTableCell {TD} at (38,0) size 11x18 [r=0 c=5 rs=1 cs=1]
                  LayoutText {#text} at (0,0) size 11x17
                    text run at (0,0) width 11: "B"
                LayoutTableCell {TD} at (49,0) size 11x18 [r=0 c=6 rs=1 cs=1]
                  LayoutText {#text} at (0,0) size 11x17
                    text run at (0,0) width 11: "C"
                LayoutTableCell {TD} at (60,0) size 4x18 [r=0 c=7 rs=1 cs=1]
                  LayoutText {#text} at (0,0) size 4x17
                    text run at (0,0) width 4: " "
                LayoutTableCell {TD} at (64,0) size 9x18 [r=0 c=8 rs=1 cs=1]
                  LayoutText {#text} at (0,0) size 9x17
                    text run at (0,0) width 9: "F"
                LayoutTableCell {TD} at (73,0) size 10x18 [r=0 c=9 rs=1 cs=1]
                  LayoutText {#text} at (0,0) size 10x17
                    text run at (0,0) width 10: "E"
                LayoutTableCell {TD} at (83,0) size 12x18 [r=0 c=10 rs=1 cs=1]
                  LayoutText {#text} at (0,0) size 12x17
                    text run at (0,0) width 12: "D"
                LayoutTableCell {TD} at (95,0) size 4x18 [r=0 c=11 rs=1 cs=1]
                  LayoutText {#text} at (0,0) size 4x17
                    text run at (0,0) width 4: " "
                LayoutTableCell {TD} at (99,0) size 5x18 [r=0 c=12 rs=1 cs=1]
                  LayoutText {#text} at (0,0) size 5x17
                    text run at (0,0) width 5 RTL: "\x{5D5}"
                LayoutTableCell {TD} at (104,0) size 8x18 [r=0 c=13 rs=1 cs=1]
                  LayoutText {#text} at (0,0) size 8x17
                    text run at (0,0) width 8 RTL: "\x{5D4}"
                LayoutTableCell {TD} at (112,0) size 7x18 [r=0 c=14 rs=1 cs=1]
                  LayoutText {#text} at (0,0) size 7x17
                    text run at (0,0) width 7 RTL: "\x{5D3}"
                LayoutTableCell {TD} at (119,0) size 4x18 [r=0 c=15 rs=1 cs=1]
                  LayoutText {#text} at (0,0) size 4x17
                    text run at (0,0) width 4: " "
                LayoutTableCell {TD} at (123,0) size 12x18 [r=0 c=16 rs=1 cs=1]
                  LayoutText {#text} at (0,0) size 12x17
                    text run at (0,0) width 12: "G"
                LayoutTableCell {TD} at (135,0) size 12x18 [r=0 c=17 rs=1 cs=1]
                  LayoutText {#text} at (0,0) size 12x17
                    text run at (0,0) width 12: "H"
                LayoutTableCell {TD} at (147,0) size 6x18 [r=0 c=18 rs=1 cs=1]
                  LayoutText {#text} at (0,0) size 6x17
                    text run at (0,0) width 6: "I"
                LayoutTableCell {TD} at (153,0) size 4x18 [r=0 c=19 rs=1 cs=1]
                  LayoutText {#text} at (0,0) size 4x17
                    text run at (0,0) width 4: " "
                LayoutTableCell {TD} at (157,0) size 8x18 [r=0 c=20 rs=1 cs=1]
                  LayoutText {#text} at (0,0) size 8x17
                    text run at (0,0) width 8 RTL: "\x{5D8}"
                LayoutTableCell {TD} at (165,0) size 8x18 [r=0 c=21 rs=1 cs=1]
                  LayoutText {#text} at (0,0) size 8x17
                    text run at (0,0) width 8 RTL: "\x{5D7}"
                LayoutTableCell {TD} at (173,0) size 5x18 [r=0 c=22 rs=1 cs=1]
                  LayoutText {#text} at (0,0) size 5x17
                    text run at (0,0) width 5 RTL: "\x{5D6}"
          LayoutBlockFlow {P} at (4,22) size 178x18
            LayoutText {#text} at (0,0) size 171x17
              text run at (0,0) width 21 RTL: "\x{5D0}\x{5D1}\x{5D2}"
              text run at (20,0) width 42: " ABC "
              text run at (61,0) width 54 RTL override: "\x{202E}\x{5D3}\x{5D4}\x{5D5} DEF"
              text run at (114,0) width 37: "\x{202C} GHI "
              text run at (150,0) width 21 RTL: "\x{5D6}\x{5D7}\x{5D8}"
        LayoutText {#text} at (0,0) size 0x0
      LayoutBlockFlow {P} at (0,402.44) size 784x18
        LayoutText {#text} at (0,0) size 376x17
          text run at (0,0) width 40: "Note: "
          text run at (39,0) width 337: "This test does not test RLM or LRM, but it ought to."
      LayoutBlockFlow {HR} at (0,436.44) size 784x2 [border: (1px inset #EEEEEE)]
      LayoutBlockFlow {P} at (0,454.44) size 784x18
        LayoutText {#text} at (0,0) size 59x17
          text run at (0,0) width 59: "(Back to "
        LayoutInline {A} at (0,0) size 161x17 [color=#0000EE]
          LayoutText {#text} at (58,0) size 161x17
            text run at (58,0) width 161: "CSS Testing Information"
        LayoutText {#text} at (218,0) size 9x17
          text run at (218,0) width 9: ", "
        LayoutInline {A} at (0,0) size 83x17 [color=#0000EE]
          LayoutText {#text} at (226,0) size 83x17
            text run at (226,0) width 83: "David Baron"
        LayoutText {#text} at (308,0) size 6x17
          text run at (308,0) width 6: ")"
      LayoutBlockFlow {P} at (0,488.44) size 784x18
        LayoutInline {A} at (0,0) size 32x17 [color=#0000EE]
          LayoutText {#text} at (0,0) size 32x17
            text run at (0,0) width 32: "LDB"
        LayoutText {#text} at (32,0) size 8x17
          text run at (32,0) width 8: ", "
        LayoutInline {A} at (0,0) size 129x17 [color=#0000EE]
          LayoutText {#text} at (40,0) size 129x17
            text run at (40,0) width 129: "dbaron@dbaron.org"
        LayoutText {#text} at (168,0) size 84x17
          text run at (168,0) width 84: ", 2001-06-05"
      LayoutBlockFlow {P} at (0,522.44) size 784x18
        LayoutText {#text} at (0,0) size 311x17
          text run at (0,0) width 311: "Modified and used with the author\x{2019}s permission."
