layer at (0,0) size 800x600
  LayoutView at (0,0) size 800x600
layer at (0,0) size 800x84
  LayoutBlockFlow {HTML} at (0,0) size 800x84
    LayoutBlockFlow {BODY} at (8,16) size 784x52
      LayoutBlockFlow {P} at (0,0) size 784x18
        LayoutText {#text} at (0,0) size 480x17
          text run at (0,0) width 480: "The following should look like: Arabic characters 123.4 Arabic characters."
      LayoutBlockFlow {P} at (0,34) size 784x18
        LayoutText {#text} at (0,0) size 78x17
          text run at (0,0) width 23 RTL: " \x{644}\x{645}\x{646}"
          text run at (22,0) width 37: "123.4"
          text run at (58,0) width 20 RTL: "\x{627}\x{628}\x{62C} "
