layer at (0,0) size 800x600
  LayoutView at (0,0) size 800x600
layer at (0,0) size 800x600
  LayoutBlockFlow {HTML} at (0,0) size 800x600
    LayoutBlockFlow {BODY} at (8,8) size 784x584
      LayoutBlockFlow (anonymous) at (0,0) size 784x36
        LayoutText {#text} at (0,0) size 765x35
          text run at (0,0) width 765: "This tests that Unicode bidi control characters are not rendered and have zero width. The next two lines should look the"
          text run at (0,18) width 37: "same."
      LayoutBlockFlow {DIV} at (0,36) size 784x36
        LayoutText {#text} at (0,0) size 15x17
          text run at (0,0) width 8: "a"
          text run at (7,0) width 8 LTR override: "\x{202D}e\x{300}"
        LayoutBR {BR} at (14,14) size 1x0
        LayoutText {#text} at (0,18) size 15x17
          text run at (0,18) width 15: "ae\x{300}"
