layer at (0,0) size 800x600
  LayoutView at (0,0) size 800x600
layer at (0,0) size 800x492
  LayoutBlockFlow {HTML} at (0,0) size 800x492
    LayoutBlockFlow {BODY} at (8,16) size 784x468
      LayoutBlockFlow {P} at (0,0) size 784x18
        LayoutText {#text} at (0,0) size 580x17
          text run at (0,0) width 580: "The T column should match the R column. The H columns uses <br/> to force line breaks."
      LayoutTable {TABLE} at (0,34) size 157x434 [border: none]
        LayoutTableSection {TBODY} at (0,0) size 156x433
          LayoutTableRow {TR} at (0,0) size 156x23
            LayoutTableCell {TD} at (0,9) size 33x4 [r=0 c=0 rs=1 cs=1]
            LayoutTableCell {TD} at (33,0) size 45x23 [border: (1px solid #008000)] [r=0 c=1 rs=1 cs=1]
              LayoutText {#text} at (3,3) size 12x17
                text run at (3,3) width 12: "H"
            LayoutTableCell {TD} at (78,0) size 33x23 [border: (1px solid #008000)] [r=0 c=2 rs=1 cs=1]
              LayoutText {#text} at (3,3) size 10x17
                text run at (3,3) width 10: "T"
            LayoutTableCell {TD} at (111,0) size 45x23 [border: (1px solid #008000)] [r=0 c=3 rs=1 cs=1]
              LayoutText {#text} at (3,3) size 11x17
                text run at (3,3) width 11: "R"
          LayoutTableRow {TR} at (0,23) size 156x41
            LayoutTableCell {TD} at (0,32) size 33x23 [border: (1px solid #008000)] [r=1 c=0 rs=1 cs=1]
              LayoutText {#text} at (3,3) size 8x17
                text run at (3,3) width 8: "1"
            LayoutTableCell {TD} at (33,23) size 45x41 [border: (1px solid #008000)] [r=1 c=1 rs=1 cs=1]
              LayoutText {#text} at (3,3) size 12x17
                text run at (3,3) width 8 RTL: "\x{5D0}"
                text run at (10,3) width 5: "."
              LayoutBR {BR} at (14,17) size 1x0
              LayoutText {#text} at (3,21) size 8x17
                text run at (3,21) width 8: "b"
            LayoutTableCell {TD} at (78,32) size 33x23 [border: (1px solid #008000)] [r=1 c=2 rs=1 cs=1]
              LayoutText {#text} at (3,3) size 24x17
                text run at (3,3) width 8 RTL: "\x{5D0}"
                text run at (10,3) width 17: ". b"
            LayoutTableCell {TD} at (111,23) size 45x41 [border: (1px solid #008000)] [r=1 c=3 rs=1 cs=1]
              LayoutBlockFlow {P} at (3,3) size 40x18
                LayoutText {#text} at (0,0) size 12x17
                  text run at (0,0) width 12 LTR override: "\x{5D0}."
              LayoutBlockFlow {P} at (3,21) size 40x18
                LayoutText {#text} at (0,0) size 8x17
                  text run at (0,0) width 8 LTR override: "b"
          LayoutTableRow {TR} at (0,64) size 156x41
            LayoutTableCell {TD} at (0,73) size 33x23 [border: (1px solid #008000)] [r=2 c=0 rs=1 cs=1]
              LayoutText {#text} at (3,3) size 8x17
                text run at (3,3) width 8: "2"
            LayoutTableCell {TD} at (33,64) size 45x41 [border: (1px solid #008000)] [r=2 c=1 rs=1 cs=1]
              LayoutText {#text} at (3,3) size 12x17
                text run at (3,3) width 8 RTL: "\x{5D0}"
                text run at (10,3) width 5: "."
              LayoutBR {BR} at (14,17) size 1x0
              LayoutText {#text} at (3,21) size 8x17
                text run at (3,21) width 8 RTL: "\x{5D1}"
            LayoutTableCell {TD} at (78,73) size 33x23 [border: (1px solid #008000)] [r=2 c=2 rs=1 cs=1]
              LayoutText {#text} at (3,3) size 23x17
                text run at (3,3) width 23 RTL: "\x{5D0}. \x{5D1}"
            LayoutTableCell {TD} at (111,64) size 45x41 [border: (1px solid #008000)] [r=2 c=3 rs=1 cs=1]
              LayoutBlockFlow {P} at (3,3) size 40x18
                LayoutText {#text} at (0,0) size 12x17
                  text run at (0,0) width 12 LTR override: ".\x{5D0}"
              LayoutBlockFlow {P} at (3,21) size 40x18
                LayoutText {#text} at (0,0) size 8x17
                  text run at (0,0) width 8 LTR override: "\x{5D1}"
          LayoutTableRow {TR} at (0,105) size 156x41
            LayoutTableCell {TD} at (0,114) size 33x23 [border: (1px solid #008000)] [r=3 c=0 rs=1 cs=1]
              LayoutText {#text} at (3,3) size 8x17
                text run at (3,3) width 8: "3"
            LayoutTableCell {TD} at (33,105) size 45x41 [border: (1px solid #008000)] [r=3 c=1 rs=1 cs=1]
              LayoutText {#text} at (3,3) size 16x17
                text run at (3,3) width 16 RTL: "\x{5D0}\x{5D0}"
              LayoutBR {BR} at (3,17) size 0x0
              LayoutText {#text} at (3,21) size 20x17
                text run at (3,21) width 8: "b"
                text run at (11,21) width 4 RTL: " "
                text run at (15,21) width 8: "1"
            LayoutTableCell {TD} at (78,105) size 33x41 [border: (1px solid #008000)] [r=3 c=2 rs=1 cs=1]
              LayoutText {#text} at (3,3) size 28x35
                text run at (3,3) width 8: "1"
                text run at (11,3) width 20 RTL: "\x{5D0}\x{5D0} "
                text run at (3,21) width 8: "b"
            LayoutTableCell {TD} at (111,105) size 45x41 [border: (1px solid #008000)] [r=3 c=3 rs=1 cs=1]
              LayoutBlockFlow {P} at (3,3) size 40x18
                LayoutText {#text} at (0,0) size 16x17
                  text run at (0,0) width 16 LTR override: "\x{5D0}\x{5D0}"
              LayoutBlockFlow {P} at (3,21) size 40x18
                LayoutText {#text} at (0,0) size 20x17
                  text run at (0,0) width 20 LTR override: "b 1"
          LayoutTableRow {TR} at (0,146) size 156x41
            LayoutTableCell {TD} at (0,155) size 33x23 [border: (1px solid #008000)] [r=4 c=0 rs=1 cs=1]
              LayoutText {#text} at (3,3) size 8x17
                text run at (3,3) width 8: "4"
            LayoutTableCell {TD} at (33,146) size 45x41 [border: (1px solid #008000)] [r=4 c=1 rs=1 cs=1]
              LayoutText {#text} at (3,3) size 15x17
                text run at (3,3) width 15: "aa"
              LayoutBR {BR} at (3,17) size 0x0
              LayoutText {#text} at (3,21) size 20x17
                text run at (3,21) width 8: "b"
                text run at (11,21) width 4 RTL: " "
                text run at (15,21) width 8: "1"
            LayoutTableCell {TD} at (78,146) size 33x41 [border: (1px solid #008000)] [r=4 c=2 rs=1 cs=1]
              LayoutText {#text} at (3,3) size 27x35
                text run at (3,3) width 27: "aa 1"
                text run at (3,21) width 8: "b"
            LayoutTableCell {TD} at (111,146) size 45x41 [border: (1px solid #008000)] [r=4 c=3 rs=1 cs=1]
              LayoutBlockFlow {P} at (3,3) size 40x18
                LayoutText {#text} at (0,0) size 15x17
                  text run at (0,0) width 15 LTR override: "aa"
              LayoutBlockFlow {P} at (3,21) size 40x18
                LayoutText {#text} at (0,0) size 20x17
                  text run at (0,0) width 20 LTR override: "1 b"
          LayoutTableRow {TR} at (0,187) size 156x41
            LayoutTableCell {TD} at (0,196) size 33x23 [border: (1px solid #008000)] [r=5 c=0 rs=1 cs=1]
              LayoutText {#text} at (3,3) size 8x17
                text run at (3,3) width 8: "5"
            LayoutTableCell {TD} at (33,187) size 45x41 [border: (1px solid #008000)] [r=5 c=1 rs=1 cs=1]
              LayoutText {#text} at (3,3) size 16x17
                text run at (3,3) width 16 RTL: "\x{5D0}\x{5D0}"
              LayoutBR {BR} at (3,17) size 0x0
              LayoutText {#text} at (3,21) size 20x17
                text run at (3,21) width 12 RTL: " \x{5D1}"
                text run at (14,21) width 9: "1"
            LayoutTableCell {TD} at (78,187) size 33x41 [border: (1px solid #008000)] [r=5 c=2 rs=1 cs=1]
              LayoutText {#text} at (3,3) size 28x35
                text run at (3,3) width 8: "1"
                text run at (11,3) width 20 RTL: "\x{5D0}\x{5D0} "
                text run at (3,21) width 8 RTL: "\x{5D1}"
            LayoutTableCell {TD} at (111,187) size 45x41 [border: (1px solid #008000)] [r=5 c=3 rs=1 cs=1]
              LayoutBlockFlow {P} at (3,3) size 40x18
                LayoutText {#text} at (0,0) size 16x17
                  text run at (0,0) width 16 LTR override: "\x{5D0}\x{5D0}"
              LayoutBlockFlow {P} at (3,21) size 40x18
                LayoutText {#text} at (0,0) size 20x17
                  text run at (0,0) width 20 LTR override: "\x{5D1} 1"
          LayoutTableRow {TR} at (0,228) size 156x41
            LayoutTableCell {TD} at (0,237) size 33x23 [border: (1px solid #008000)] [r=6 c=0 rs=1 cs=1]
              LayoutText {#text} at (3,3) size 8x17
                text run at (3,3) width 8: "6"
            LayoutTableCell {TD} at (33,228) size 45x41 [border: (1px solid #008000)] [r=6 c=1 rs=1 cs=1]
              LayoutText {#text} at (3,3) size 15x17
                text run at (3,3) width 15: "aa"
              LayoutBR {BR} at (3,17) size 0x0
              LayoutText {#text} at (3,21) size 20x17
                text run at (3,21) width 12 RTL: " \x{5D1}"
                text run at (14,21) width 9: "1"
            LayoutTableCell {TD} at (78,228) size 33x41 [border: (1px solid #008000)] [r=6 c=2 rs=1 cs=1]
              LayoutText {#text} at (3,3) size 27x35
                text run at (3,3) width 27: "aa 1"
                text run at (3,21) width 8 RTL: "\x{5D1}"
            LayoutTableCell {TD} at (111,228) size 45x41 [border: (1px solid #008000)] [r=6 c=3 rs=1 cs=1]
              LayoutBlockFlow {P} at (3,3) size 40x18
                LayoutText {#text} at (0,0) size 15x17
                  text run at (0,0) width 15 LTR override: "aa"
              LayoutBlockFlow {P} at (3,21) size 40x18
                LayoutText {#text} at (0,0) size 20x17
                  text run at (0,0) width 20 LTR override: "\x{5D1} 1"
          LayoutTableRow {TR} at (0,269) size 156x41
            LayoutTableCell {TD} at (0,278) size 33x23 [border: (1px solid #008000)] [r=7 c=0 rs=1 cs=1]
              LayoutText {#text} at (3,3) size 8x17
                text run at (3,3) width 8: "7"
            LayoutTableCell {TD} at (33,269) size 45x41 [border: (1px solid #008000)] [r=7 c=1 rs=1 cs=1]
              LayoutText {#text} at (3,3) size 17x17
                text run at (3,3) width 17: "a ("
              LayoutBR {BR} at (19,17) size 1x0
              LayoutText {#text} at (3,21) size 18x17
                text run at (3,21) width 18: "] b"
            LayoutTableCell {TD} at (78,269) size 33x41 [border: (1px solid #008000)] [r=7 c=2 rs=1 cs=1]
              LayoutText {#text} at (3,3) size 26x35
                text run at (3,3) width 26: "a ( ]"
                text run at (3,21) width 8: "b"
            LayoutTableCell {TD} at (111,269) size 45x41 [border: (1px solid #008000)] [r=7 c=3 rs=1 cs=1]
              LayoutBlockFlow {P} at (3,3) size 40x18
                LayoutText {#text} at (0,0) size 17x17
                  text run at (0,0) width 17 LTR override: "a ("
              LayoutBlockFlow {P} at (3,21) size 40x18
                LayoutText {#text} at (0,0) size 18x17
                  text run at (0,0) width 18 LTR override: "] b"
          LayoutTableRow {TR} at (0,310) size 156x41
            LayoutTableCell {TD} at (0,319) size 33x23 [border: (1px solid #008000)] [r=8 c=0 rs=1 cs=1]
              LayoutText {#text} at (3,3) size 8x17
                text run at (3,3) width 8: "8"
            LayoutTableCell {TD} at (33,310) size 45x41 [border: (1px solid #008000)] [r=8 c=1 rs=1 cs=1]
              LayoutText {#text} at (3,3) size 18x17
                text run at (3,3) width 8 RTL: "\x{5D0}"
                text run at (10,3) width 11: " ("
              LayoutBR {BR} at (20,17) size 1x0
              LayoutText {#text} at (3,21) size 18x17
                text run at (3,21) width 18: "] b"
            LayoutTableCell {TD} at (78,310) size 33x41 [border: (1px solid #008000)] [r=8 c=2 rs=1 cs=1]
              LayoutText {#text} at (3,3) size 27x35
                text run at (3,3) width 8 RTL: "\x{5D0}"
                text run at (10,3) width 20: " ( ]"
                text run at (3,21) width 8: "b"
            LayoutTableCell {TD} at (111,310) size 45x41 [border: (1px solid #008000)] [r=8 c=3 rs=1 cs=1]
              LayoutBlockFlow {P} at (3,3) size 40x18
                LayoutText {#text} at (0,0) size 18x17
                  text run at (0,0) width 18 LTR override: "\x{5D0} ("
              LayoutBlockFlow {P} at (3,21) size 40x18
                LayoutText {#text} at (0,0) size 18x17
                  text run at (0,0) width 18 LTR override: "] b"
          LayoutTableRow {TR} at (0,351) size 156x41
            LayoutTableCell {TD} at (0,360) size 33x23 [border: (1px solid #008000)] [r=9 c=0 rs=1 cs=1]
              LayoutText {#text} at (3,3) size 8x17
                text run at (3,3) width 8: "9"
            LayoutTableCell {TD} at (33,351) size 45x41 [border: (1px solid #008000)] [r=9 c=1 rs=1 cs=1]
              LayoutText {#text} at (3,3) size 17x17
                text run at (3,3) width 17: "a ("
              LayoutBR {BR} at (19,17) size 1x0
              LayoutText {#text} at (3,21) size 17x17
                text run at (3,21) width 10: "] "
                text run at (12,21) width 8 RTL: "\x{5D1}"
            LayoutTableCell {TD} at (78,351) size 33x41 [border: (1px solid #008000)] [r=9 c=2 rs=1 cs=1]
              LayoutText {#text} at (3,3) size 26x35
                text run at (3,3) width 26: "a ( ]"
                text run at (3,21) width 8 RTL: "\x{5D1}"
            LayoutTableCell {TD} at (111,351) size 45x41 [border: (1px solid #008000)] [r=9 c=3 rs=1 cs=1]
              LayoutBlockFlow {P} at (3,3) size 40x18
                LayoutText {#text} at (0,0) size 17x17
                  text run at (0,0) width 17 LTR override: "a ("
              LayoutBlockFlow {P} at (3,21) size 40x18
                LayoutText {#text} at (0,0) size 17x17
                  text run at (0,0) width 17 LTR override: "] \x{5D1}"
          LayoutTableRow {TR} at (0,392) size 156x41
            LayoutTableCell {TD} at (0,401) size 33x23 [border: (1px solid #008000)] [r=10 c=0 rs=1 cs=1]
              LayoutText {#text} at (3,3) size 16x17
                text run at (3,3) width 16: "10"
            LayoutTableCell {TD} at (33,392) size 45x41 [border: (1px solid #008000)] [r=10 c=1 rs=1 cs=1]
              LayoutText {#text} at (3,3) size 18x17
                text run at (3,3) width 8 RTL: "\x{5D0}"
                text run at (10,3) width 11: " ("
              LayoutBR {BR} at (20,17) size 1x0
              LayoutText {#text} at (3,21) size 17x17
                text run at (3,21) width 10: "] "
                text run at (12,21) width 8 RTL: "\x{5D1}"
            LayoutTableCell {TD} at (78,392) size 33x41 [border: (1px solid #008000)] [r=10 c=2 rs=1 cs=1]
              LayoutText {#text} at (3,3) size 27x35
                text run at (3,3) width 27 RTL: "\x{5D0} ( ]"
                text run at (3,21) width 8 RTL: "\x{5D1}"
            LayoutTableCell {TD} at (111,392) size 45x41 [border: (1px solid #008000)] [r=10 c=3 rs=1 cs=1]
              LayoutBlockFlow {P} at (3,3) size 40x18
                LayoutText {#text} at (0,0) size 18x17
                  text run at (0,0) width 18 LTR override: ") \x{5D0}"
              LayoutBlockFlow {P} at (3,21) size 40x18
                LayoutText {#text} at (0,0) size 17x17
                  text run at (0,0) width 17 LTR override: "\x{5D1} ["
