layer at (0,0) size 800x600 clip at (0,0) size 785x600 scrollHeight 6026
  LayoutView at (0,0) size 800x600
layer at (0,0) size 785x6026 backgroundClip at (0,0) size 785x600 clip at (0,0) size 785x600
  LayoutBlockFlow {HTML} at (0,0) size 785x6026
    LayoutBlockFlow {BODY} at (8,8) size 769x6002
      LayoutBlockFlow {P} at (0,0) size 769x18
        LayoutText {#text} at (0,0) size 306x17
          text run at (0,0) width 306: "Tests the resolved level of runs of neutral types."
      LayoutBlockFlow {DIV} at (0,34) size 769x2976
        LayoutBlockFlow {P} at (0,0) size 769x18
          LayoutText {#text} at (0,0) size 44x17
            text run at (0,0) width 44: "ab(^cd"
        LayoutBlockFlow {P} at (0,34) size 769x18
          LayoutText {#text} at (0,0) size 43x17
            text run at (0,0) width 15 RTL: "\x{5D0}\x{5D1}"
            text run at (14,0) width 29: "(^cd"
        LayoutBlockFlow {P} at (0,68) size 769x18
          LayoutText {#text} at (0,0) size 43x17
            text run at (0,0) width 15 RTL: "\x{627}\x{628}"
            text run at (14,0) width 29: "(^cd"
        LayoutBlockFlow {P} at (0,102) size 769x18
          LayoutText {#text} at (0,0) size 60x17
            text run at (0,0) width 60: "ab12(^cd"
        LayoutBlockFlow {P} at (0,136) size 769x18
          LayoutText {#text} at (0,0) size 59x17
            text run at (0,0) width 16: "12"
            text run at (16,0) width 15 RTL: "\x{5D0}\x{5D1}"
            text run at (30,0) width 29: "(^cd"
        LayoutBlockFlow {P} at (0,170) size 769x18
          LayoutText {#text} at (0,0) size 59x17
            text run at (0,0) width 16: "12"
            text run at (16,0) width 15 RTL: "\x{627}\x{628}"
            text run at (30,0) width 29: "(^cd"
        LayoutBlockFlow {P} at (0,204) size 769x18
          LayoutText {#text} at (0,0) size 60x17
            text run at (0,0) width 16: "ab"
            text run at (15,0) width 17: "\x{661}\x{662}"
            text run at (31,0) width 29: "(^cd"
        LayoutBlockFlow {P} at (0,238) size 769x18
          LayoutText {#text} at (0,0) size 60x17
            text run at (0,0) width 17: "\x{661}\x{662}"
            text run at (16,0) width 16 RTL: "\x{5D0}\x{5D1}"
            text run at (31,0) width 29: "(^cd"
        LayoutBlockFlow {P} at (0,272) size 769x18
          LayoutText {#text} at (0,0) size 60x17
            text run at (0,0) width 17: "\x{661}\x{662}"
            text run at (16,0) width 16 RTL: "\x{627}\x{628}"
            text run at (31,0) width 29: "(^cd"
        LayoutBlockFlow {P} at (0,306) size 769x18
          LayoutText {#text} at (0,0) size 36x17
            text run at (0,0) width 8: "\x{202A}?"
            text run at (7,0) width 29: "\x{202C}(^cd"
        LayoutBlockFlow {P} at (0,340) size 769x18
          LayoutText {#text} at (0,0) size 36x17
            text run at (0,0) width 8 RTL: "\x{202B}?"
            text run at (7,0) width 29: "\x{202C}(^cd"
        LayoutBlockFlow {P} at (0,374) size 769x18
          LayoutText {#text} at (0,0) size 40x17
            text run at (0,0) width 28: "ab(^"
            text run at (27,0) width 13 RTL: "\x{5D2}\x{5D3}"
        LayoutBlockFlow {P} at (0,408) size 769x18
          LayoutText {#text} at (0,0) size 40x17
            text run at (0,0) width 40 RTL: "\x{5D0}\x{5D1}(^\x{5D2}\x{5D3}"
        LayoutBlockFlow {P} at (0,442) size 769x18
          LayoutText {#text} at (0,0) size 40x17
            text run at (0,0) width 40 RTL: "\x{627}\x{628}(^\x{5D2}\x{5D3}"
        LayoutBlockFlow {P} at (0,476) size 769x18
          LayoutText {#text} at (0,0) size 56x17
            text run at (0,0) width 44: "ab12(^"
            text run at (43,0) width 13 RTL: "\x{5D2}\x{5D3}"
        LayoutBlockFlow {P} at (0,510) size 769x18
          LayoutText {#text} at (0,0) size 56x17
            text run at (0,0) width 25 RTL: "(^\x{5D2}\x{5D3}"
            text run at (24,0) width 17: "12"
            text run at (40,0) width 16 RTL: "\x{5D0}\x{5D1}"
        LayoutBlockFlow {P} at (0,544) size 769x18
          LayoutText {#text} at (0,0) size 56x17
            text run at (0,0) width 25 RTL: "(^\x{5D2}\x{5D3}"
            text run at (24,0) width 17: "12"
            text run at (40,0) width 16 RTL: "\x{627}\x{628}"
        LayoutBlockFlow {P} at (0,578) size 769x18
          LayoutText {#text} at (0,0) size 57x17
            text run at (0,0) width 16: "ab"
            text run at (15,0) width 25 RTL: "(^\x{5D2}\x{5D3}"
            text run at (40,0) width 17: "\x{661}\x{662}"
        LayoutBlockFlow {P} at (0,612) size 769x18
          LayoutText {#text} at (0,0) size 57x17
            text run at (0,0) width 25 RTL: "(^\x{5D2}\x{5D3}"
            text run at (24,0) width 18: "\x{661}\x{662}"
            text run at (41,0) width 16 RTL: "\x{5D0}\x{5D1}"
        LayoutBlockFlow {P} at (0,646) size 769x18
          LayoutText {#text} at (0,0) size 57x17
            text run at (0,0) width 25 RTL: "(^\x{5D2}\x{5D3}"
            text run at (24,0) width 18: "\x{661}\x{662}"
            text run at (41,0) width 16 RTL: "\x{627}\x{628}"
        LayoutBlockFlow {P} at (0,680) size 769x18
          LayoutText {#text} at (0,0) size 32x17
            text run at (0,0) width 8: "\x{202A}?"
            text run at (7,0) width 13: "\x{202C}(^"
            text run at (19,0) width 13 RTL: "\x{5D2}\x{5D3}"
        LayoutBlockFlow {P} at (0,714) size 769x18
          LayoutText {#text} at (0,0) size 32x17
            text run at (0,0) width 25 RTL: "\x{202C}(^\x{5D2}\x{5D3}"
            text run at (24,0) width 8 RTL: "\x{202B}?"
        LayoutBlockFlow {P} at (0,748) size 769x18
          LayoutText {#text} at (0,0) size 42x17
            text run at (0,0) width 28: "ab(^"
            text run at (27,0) width 15 RTL: "\x{62C}\x{62F}"
        LayoutBlockFlow {P} at (0,782) size 769x18
          LayoutText {#text} at (0,0) size 42x17
            text run at (0,0) width 42 RTL: "\x{5D0}\x{5D1}(^\x{62C}\x{62F}"
        LayoutBlockFlow {P} at (0,816) size 769x18
          LayoutText {#text} at (0,0) size 42x17
            text run at (0,0) width 42 RTL: "\x{627}\x{628}(^\x{62C}\x{62F}"
        LayoutBlockFlow {P} at (0,850) size 769x18
          LayoutText {#text} at (0,0) size 58x17
            text run at (0,0) width 44: "ab12(^"
            text run at (43,0) width 15 RTL: "\x{62C}\x{62F}"
        LayoutBlockFlow {P} at (0,884) size 769x18
          LayoutText {#text} at (0,0) size 58x17
            text run at (0,0) width 27 RTL: "(^\x{62C}\x{62F}"
            text run at (26,0) width 17: "12"
            text run at (42,0) width 16 RTL: "\x{5D0}\x{5D1}"
        LayoutBlockFlow {P} at (0,918) size 769x18
          LayoutText {#text} at (0,0) size 58x17
            text run at (0,0) width 27 RTL: "(^\x{62C}\x{62F}"
            text run at (26,0) width 17: "12"
            text run at (42,0) width 16 RTL: "\x{627}\x{628}"
        LayoutBlockFlow {P} at (0,952) size 769x18
          LayoutText {#text} at (0,0) size 59x17
            text run at (0,0) width 16: "ab"
            text run at (15,0) width 27 RTL: "(^\x{62C}\x{62F}"
            text run at (41,0) width 18: "\x{661}\x{662}"
        LayoutBlockFlow {P} at (0,986) size 769x18
          LayoutText {#text} at (0,0) size 59x17
            text run at (0,0) width 27 RTL: "(^\x{62C}\x{62F}"
            text run at (26,0) width 18: "\x{661}\x{662}"
            text run at (43,0) width 16 RTL: "\x{5D0}\x{5D1}"
        LayoutBlockFlow {P} at (0,1020) size 769x18
          LayoutText {#text} at (0,0) size 59x17
            text run at (0,0) width 27 RTL: "(^\x{62C}\x{62F}"
            text run at (26,0) width 18: "\x{661}\x{662}"
            text run at (43,0) width 16 RTL: "\x{627}\x{628}"
        LayoutBlockFlow {P} at (0,1054) size 769x18
          LayoutText {#text} at (0,0) size 34x17
            text run at (0,0) width 8: "\x{202A}?"
            text run at (7,0) width 13: "\x{202C}(^"
            text run at (19,0) width 15 RTL: "\x{62C}\x{62F}"
        LayoutBlockFlow {P} at (0,1088) size 769x18
          LayoutText {#text} at (0,0) size 34x17
            text run at (0,0) width 27 RTL: "\x{202C}(^\x{62C}\x{62F}"
            text run at (26,0) width 8 RTL: "\x{202B}?"
        LayoutBlockFlow {P} at (0,1122) size 769x18
          LayoutText {#text} at (0,0) size 61x17
            text run at (0,0) width 44: "ab(^34"
            text run at (43,0) width 11 RTL: "\x{5E9}"
            text run at (53,0) width 8: "z"
        LayoutBlockFlow {P} at (0,1156) size 769x18
          LayoutText {#text} at (0,0) size 61x17
            text run at (0,0) width 10 RTL: "\x{5E9}"
            text run at (9,0) width 17: "34"
            text run at (25,0) width 29 RTL: "\x{5D0}\x{5D1}(^"
            text run at (53,0) width 8: "z"
        LayoutBlockFlow {P} at (0,1190) size 769x18
          LayoutText {#text} at (0,0) size 61x17
            text run at (0,0) width 10 RTL: "\x{5E9}"
            text run at (9,0) width 17: "34"
            text run at (25,0) width 29 RTL: "\x{627}\x{628}(^"
            text run at (53,0) width 8: "z"
        LayoutBlockFlow {P} at (0,1224) size 769x18
          LayoutText {#text} at (0,0) size 77x17
            text run at (0,0) width 60: "ab12(^34"
            text run at (59,0) width 11 RTL: "\x{5E9}"
            text run at (69,0) width 8: "z"
        LayoutBlockFlow {P} at (0,1258) size 769x18
          LayoutText {#text} at (0,0) size 77x17
            text run at (0,0) width 10 RTL: "\x{5E9}"
            text run at (9,0) width 17: "34"
            text run at (25,0) width 14 RTL: "(^"
            text run at (38,0) width 17: "12"
            text run at (54,0) width 16 RTL: "\x{5D0}\x{5D1}"
            text run at (69,0) width 8: "z"
        LayoutBlockFlow {P} at (0,1292) size 769x18
          LayoutText {#text} at (0,0) size 77x17
            text run at (0,0) width 10 RTL: "\x{5E9}"
            text run at (9,0) width 17: "34"
            text run at (25,0) width 14 RTL: "(^"
            text run at (38,0) width 17: "12"
            text run at (54,0) width 16 RTL: "\x{627}\x{628}"
            text run at (69,0) width 8: "z"
        LayoutBlockFlow {P} at (0,1326) size 769x18
          LayoutText {#text} at (0,0) size 78x17
            text run at (0,0) width 16: "ab"
            text run at (15,0) width 17: "\x{661}\x{662}"
            text run at (31,0) width 30: "(^34"
            text run at (60,0) width 11 RTL: "\x{5E9}"
            text run at (70,0) width 8: "z"
        LayoutBlockFlow {P} at (0,1360) size 769x18
          LayoutText {#text} at (0,0) size 78x17
            text run at (0,0) width 10 RTL: "\x{5E9}"
            text run at (9,0) width 17: "34"
            text run at (25,0) width 14 RTL: "(^"
            text run at (38,0) width 18: "\x{661}\x{662}"
            text run at (55,0) width 16 RTL: "\x{5D0}\x{5D1}"
            text run at (70,0) width 8: "z"
        LayoutBlockFlow {P} at (0,1394) size 769x18
          LayoutText {#text} at (0,0) size 78x17
            text run at (0,0) width 10 RTL: "\x{5E9}"
            text run at (9,0) width 17: "34"
            text run at (25,0) width 14 RTL: "(^"
            text run at (38,0) width 18: "\x{661}\x{662}"
            text run at (55,0) width 16 RTL: "\x{627}\x{628}"
            text run at (70,0) width 8: "z"
        LayoutBlockFlow {P} at (0,1428) size 769x18
          LayoutText {#text} at (0,0) size 53x17
            text run at (0,0) width 8: "\x{202A}?"
            text run at (7,0) width 29: "\x{202C}(^34"
            text run at (35,0) width 11 RTL: "\x{5E9}"
            text run at (45,0) width 8: "z"
        LayoutBlockFlow {P} at (0,1462) size 769x18
          LayoutText {#text} at (0,0) size 53x17
            text run at (0,0) width 10 RTL: "\x{5E9}"
            text run at (9,0) width 17: "34"
            text run at (25,0) width 14 RTL: "\x{202C}(^"
            text run at (38,0) width 8 RTL: "\x{202B}?"
            text run at (45,0) width 8: "z"
        LayoutBlockFlow {P} at (0,1496) size 769x18
          LayoutText {#text} at (0,0) size 62x17
            text run at (0,0) width 28: "ab(^"
            text run at (27,0) width 11 RTL: "\x{5E9}"
            text run at (37,0) width 18: "\x{663}\x{664}"
            text run at (54,0) width 8: "z"
        LayoutBlockFlow {P} at (0,1530) size 769x18
          LayoutText {#text} at (0,0) size 62x17
            text run at (0,0) width 10 RTL: "\x{5E9}"
            text run at (9,0) width 18: "\x{663}\x{664}"
            text run at (26,0) width 29 RTL: "\x{5D0}\x{5D1}(^"
            text run at (54,0) width 8: "z"
        LayoutBlockFlow {P} at (0,1564) size 769x18
          LayoutText {#text} at (0,0) size 62x17
            text run at (0,0) width 10 RTL: "\x{5E9}"
            text run at (9,0) width 18: "\x{663}\x{664}"
            text run at (26,0) width 29 RTL: "\x{627}\x{628}(^"
            text run at (54,0) width 8: "z"
        LayoutBlockFlow {P} at (0,1598) size 769x18
          LayoutText {#text} at (0,0) size 78x17
            text run at (0,0) width 44: "ab12(^"
            text run at (43,0) width 11 RTL: "\x{5E9}"
            text run at (53,0) width 18: "\x{663}\x{664}"
            text run at (70,0) width 8: "z"
        LayoutBlockFlow {P} at (0,1632) size 769x18
          LayoutText {#text} at (0,0) size 78x17
            text run at (0,0) width 10 RTL: "\x{5E9}"
            text run at (9,0) width 18: "\x{663}\x{664}"
            text run at (26,0) width 14 RTL: "(^"
            text run at (39,0) width 17: "12"
            text run at (55,0) width 16 RTL: "\x{5D0}\x{5D1}"
            text run at (70,0) width 8: "z"
        LayoutBlockFlow {P} at (0,1666) size 769x18
          LayoutText {#text} at (0,0) size 78x17
            text run at (0,0) width 10 RTL: "\x{5E9}"
            text run at (9,0) width 18: "\x{663}\x{664}"
            text run at (26,0) width 14 RTL: "(^"
            text run at (39,0) width 17: "12"
            text run at (55,0) width 16 RTL: "\x{627}\x{628}"
            text run at (70,0) width 8: "z"
        LayoutBlockFlow {P} at (0,1700) size 769x18
          LayoutText {#text} at (0,0) size 79x17
            text run at (0,0) width 16: "ab"
            text run at (15,0) width 10 RTL: "\x{5E9}"
            text run at (24,0) width 18: "\x{663}\x{664}"
            text run at (41,0) width 14 RTL: "(^"
            text run at (54,0) width 18: "\x{661}\x{662}"
            text run at (71,0) width 8: "z"
        LayoutBlockFlow {P} at (0,1734) size 769x18
          LayoutText {#text} at (0,0) size 79x17
            text run at (0,0) width 10 RTL: "\x{5E9}"
            text run at (9,0) width 18: "\x{663}\x{664}"
            text run at (26,0) width 14 RTL: "(^"
            text run at (39,0) width 18: "\x{661}\x{662}"
            text run at (56,0) width 16 RTL: "\x{5D0}\x{5D1}"
            text run at (71,0) width 8: "z"
        LayoutBlockFlow {P} at (0,1768) size 769x18
          LayoutText {#text} at (0,0) size 79x17
            text run at (0,0) width 10 RTL: "\x{5E9}"
            text run at (9,0) width 18: "\x{663}\x{664}"
            text run at (26,0) width 14 RTL: "(^"
            text run at (39,0) width 18: "\x{661}\x{662}"
            text run at (56,0) width 15 RTL: "\x{627}\x{628}"
            text run at (70,0) width 9: "z"
        LayoutBlockFlow {P} at (0,1802) size 769x18
          LayoutText {#text} at (0,0) size 54x17
            text run at (0,0) width 8: "\x{202A}?"
            text run at (7,0) width 13: "\x{202C}(^"
            text run at (19,0) width 11 RTL: "\x{5E9}"
            text run at (29,0) width 18: "\x{663}\x{664}"
            text run at (46,0) width 8: "z"
        LayoutBlockFlow {P} at (0,1836) size 769x18
          LayoutText {#text} at (0,0) size 54x17
            text run at (0,0) width 10 RTL: "\x{5E9}"
            text run at (9,0) width 18: "\x{663}\x{664}"
            text run at (26,0) width 14 RTL: "\x{202C}(^"
            text run at (39,0) width 8 RTL: "\x{202B}?"
            text run at (46,0) width 8: "z"
        LayoutBlockFlow {P} at (0,1870) size 769x18
          LayoutText {#text} at (0,0) size 34x17
            text run at (0,0) width 28: "ab(^"
            text run at (27,0) width 7: "\x{202A}!"
            text run at (33,0) width 1: "\x{202C}"
        LayoutBlockFlow {P} at (0,1904) size 769x18
          LayoutText {#text} at (0,0) size 34x17
            text run at (0,0) width 15 RTL: "\x{5D0}\x{5D1}"
            text run at (14,0) width 14: "(^"
            text run at (27,0) width 7: "\x{202A}!"
            text run at (33,0) width 1: "\x{202C}"
        LayoutBlockFlow {P} at (0,1938) size 769x18
          LayoutText {#text} at (0,0) size 33x17
            text run at (0,0) width 15 RTL: "\x{627}\x{628}"
            text run at (14,0) width 14: "(^"
            text run at (27,0) width 6: "\x{202A}!"
            text run at (32,0) width 1: "\x{202C}"
        LayoutBlockFlow {P} at (0,1972) size 769x18
          LayoutText {#text} at (0,0) size 50x17
            text run at (0,0) width 44: "ab12(^"
            text run at (43,0) width 7: "\x{202A}!"
            text run at (49,0) width 1: "\x{202C}"
        LayoutBlockFlow {P} at (0,2006) size 769x18
          LayoutText {#text} at (0,0) size 50x17
            text run at (0,0) width 16: "12"
            text run at (16,0) width 15 RTL: "\x{5D0}\x{5D1}"
            text run at (30,0) width 14: "(^"
            text run at (43,0) width 7: "\x{202A}!"
            text run at (49,0) width 1: "\x{202C}"
        LayoutBlockFlow {P} at (0,2040) size 769x18
          LayoutText {#text} at (0,0) size 49x17
            text run at (0,0) width 16: "12"
            text run at (16,0) width 15 RTL: "\x{627}\x{628}"
            text run at (30,0) width 14: "(^"
            text run at (43,0) width 6: "\x{202A}!"
            text run at (48,0) width 1: "\x{202C}"
        LayoutBlockFlow {P} at (0,2074) size 769x18
          LayoutText {#text} at (0,0) size 51x17
            text run at (0,0) width 16: "ab"
            text run at (15,0) width 17: "\x{661}\x{662}"
            text run at (31,0) width 14: "(^"
            text run at (44,0) width 7: "\x{202A}!"
            text run at (50,0) width 1: "\x{202C}"
        LayoutBlockFlow {P} at (0,2108) size 769x18
          LayoutText {#text} at (0,0) size 50x17
            text run at (0,0) width 17: "\x{661}\x{662}"
            text run at (16,0) width 16 RTL: "\x{5D0}\x{5D1}"
            text run at (31,0) width 14: "(^"
            text run at (44,0) width 6: "\x{202A}!"
            text run at (49,0) width 1: "\x{202C}"
        LayoutBlockFlow {P} at (0,2142) size 769x18
          LayoutText {#text} at (0,0) size 50x17
            text run at (0,0) width 17: "\x{661}\x{662}"
            text run at (16,0) width 16 RTL: "\x{627}\x{628}"
            text run at (31,0) width 14: "(^"
            text run at (44,0) width 6: "\x{202A}!"
            text run at (49,0) width 1: "\x{202C}"
        LayoutBlockFlow {P} at (0,2176) size 769x18
          LayoutText {#text} at (0,0) size 26x17
            text run at (0,0) width 8: "\x{202A}?"
            text run at (7,0) width 13: "\x{202C}(^"
            text run at (19,0) width 7: "\x{202A}!"
            text run at (25,0) width 1: "\x{202C}"
        LayoutBlockFlow {P} at (0,2210) size 769x18
          LayoutText {#text} at (0,0) size 26x17
            text run at (0,0) width 8 RTL: "\x{202B}?"
            text run at (7,0) width 13: "\x{202C}(^"
            text run at (19,0) width 7: "\x{202A}!"
            text run at (25,0) width 1: "\x{202C}"
        LayoutBlockFlow {P} at (0,2244) size 769x18
          LayoutText {#text} at (0,0) size 34x17
            text run at (0,0) width 28: "ab(^"
            text run at (27,0) width 7 RTL: "\x{202B}!"
            text run at (33,0) width 1: "\x{202C}"
        LayoutBlockFlow {P} at (0,2278) size 769x18
          LayoutText {#text} at (0,0) size 34x17
            text run at (0,0) width 6 RTL: "\x{202B}!"
            text run at (5,0) width 29 RTL: "\x{5D0}\x{5D1}(^"
            text run at (33,0) width 1: "\x{202C}"
        LayoutBlockFlow {P} at (0,2312) size 769x18
          LayoutText {#text} at (0,0) size 33x17
            text run at (0,0) width 6 RTL: "\x{202B}!"
            text run at (5,0) width 28 RTL: "\x{627}\x{628}(^"
            text run at (32,0) width 1: "\x{202C}"
        LayoutBlockFlow {P} at (0,2346) size 769x18
          LayoutText {#text} at (0,0) size 50x17
            text run at (0,0) width 44: "ab12(^"
            text run at (43,0) width 7 RTL: "\x{202B}!"
            text run at (49,0) width 1: "\x{202C}"
        LayoutBlockFlow {P} at (0,2380) size 769x18
          LayoutText {#text} at (0,0) size 50x17
            text run at (0,0) width 6 RTL: "\x{202B}!"
            text run at (5,0) width 14 RTL: "(^"
            text run at (18,0) width 17: "12"
            text run at (34,0) width 16 RTL: "\x{5D0}\x{5D1}"
            text run at (49,0) width 1: "\x{202C}"
        LayoutBlockFlow {P} at (0,2414) size 769x18
          LayoutText {#text} at (0,0) size 49x17
            text run at (0,0) width 6 RTL: "\x{202B}!"
            text run at (5,0) width 14 RTL: "(^"
            text run at (18,0) width 17: "12"
            text run at (34,0) width 15 RTL: "\x{627}\x{628}"
            text run at (48,0) width 1: "\x{202C}"
        LayoutBlockFlow {P} at (0,2448) size 769x18
          LayoutText {#text} at (0,0) size 51x17
            text run at (0,0) width 16: "ab"
            text run at (15,0) width 6 RTL: "\x{202B}!"
            text run at (20,0) width 14 RTL: "(^"
            text run at (33,0) width 18: "\x{661}\x{662}"
            text run at (50,0) width 1: "\x{202C}"
        LayoutBlockFlow {P} at (0,2482) size 769x18
          LayoutText {#text} at (0,0) size 50x17
            text run at (0,0) width 6 RTL: "\x{202B}!"
            text run at (5,0) width 14 RTL: "(^"
            text run at (18,0) width 17: "\x{661}\x{662}"
            text run at (34,0) width 16 RTL: "\x{5D0}\x{5D1}"
            text run at (49,0) width 1: "\x{202C}"
        LayoutBlockFlow {P} at (0,2516) size 769x18
          LayoutText {#text} at (0,0) size 50x17
            text run at (0,0) width 6 RTL: "\x{202B}!"
            text run at (5,0) width 14 RTL: "(^"
            text run at (18,0) width 17: "\x{661}\x{662}"
            text run at (34,0) width 16 RTL: "\x{627}\x{628}"
            text run at (49,0) width 1: "\x{202C}"
        LayoutBlockFlow {P} at (0,2550) size 769x18
          LayoutText {#text} at (0,0) size 26x17
            text run at (0,0) width 8: "\x{202A}?"
            text run at (7,0) width 13: "\x{202C}(^"
            text run at (19,0) width 7 RTL: "\x{202B}!"
            text run at (25,0) width 1: "\x{202C}"
        LayoutBlockFlow {P} at (0,2584) size 769x18
          LayoutText {#text} at (0,0) size 26x17
            text run at (0,0) width 6 RTL: "\x{202B}!"
            text run at (5,0) width 14 RTL: "\x{202C}(^"
            text run at (18,0) width 8 RTL: "\x{202B}?"
            text run at (25,0) width 1: "\x{202C}"
        LayoutBlockFlow {P} at (0,2618) size 769x18
          LayoutText {#text} at (0,0) size 28x17
            text run at (0,0) width 28: "\x{202A}ab(^"
            text run at (27,0) width 1: "\x{202C}"
        LayoutBlockFlow {P} at (0,2652) size 769x18
          LayoutText {#text} at (0,0) size 28x17
            text run at (0,0) width 15 RTL: "\x{202A}\x{5D0}\x{5D1}"
            text run at (14,0) width 14: "(^"
            text run at (27,0) width 1: "\x{202C}"
        LayoutBlockFlow {P} at (0,2686) size 769x18
          LayoutText {#text} at (0,0) size 28x17
            text run at (0,0) width 15 RTL: "\x{202A}\x{627}\x{628}"
            text run at (14,0) width 14: "(^"
            text run at (27,0) width 1: "\x{202C}"
        LayoutBlockFlow {P} at (0,2720) size 769x18
          LayoutText {#text} at (0,0) size 44x17
            text run at (0,0) width 44: "\x{202A}ab12(^"
            text run at (43,0) width 1: "\x{202C}"
        LayoutBlockFlow {P} at (0,2754) size 769x18
          LayoutText {#text} at (0,0) size 44x17
            text run at (0,0) width 16: "12"
            text run at (16,0) width 15 RTL: "\x{202A}\x{5D0}\x{5D1}"
            text run at (30,0) width 14: "(^"
            text run at (43,0) width 1: "\x{202C}"
        LayoutBlockFlow {P} at (0,2788) size 769x18
          LayoutText {#text} at (0,0) size 44x17
            text run at (0,0) width 16: "12"
            text run at (16,0) width 15 RTL: "\x{202A}\x{627}\x{628}"
            text run at (30,0) width 14: "(^"
            text run at (43,0) width 1: "\x{202C}"
        LayoutBlockFlow {P} at (0,2822) size 769x18
          LayoutText {#text} at (0,0) size 45x17
            text run at (0,0) width 16: "\x{202A}ab"
            text run at (15,0) width 17: "\x{661}\x{662}"
            text run at (31,0) width 14: "(^"
            text run at (44,0) width 1: "\x{202C}"
        LayoutBlockFlow {P} at (0,2856) size 769x18
          LayoutText {#text} at (0,0) size 45x17
            text run at (0,0) width 17: "\x{661}\x{662}"
            text run at (16,0) width 16 RTL: "\x{202A}\x{5D0}\x{5D1}"
            text run at (31,0) width 14: "(^"
            text run at (44,0) width 1: "\x{202C}"
        LayoutBlockFlow {P} at (0,2890) size 769x18
          LayoutText {#text} at (0,0) size 45x17
            text run at (0,0) width 17: "\x{661}\x{662}"
            text run at (16,0) width 16 RTL: "\x{202A}\x{627}\x{628}"
            text run at (31,0) width 14: "(^"
            text run at (44,0) width 1: "\x{202C}"
        LayoutBlockFlow {P} at (0,2924) size 769x18
          LayoutText {#text} at (0,0) size 20x17
            text run at (0,0) width 0: "\x{202A}"
            text run at (0,0) width 8: "\x{202A}?"
            text run at (7,0) width 13: "\x{202C}(^"
            text run at (19,0) width 1: "\x{202C}"
        LayoutBlockFlow {P} at (0,2958) size 769x18
          LayoutText {#text} at (0,0) size 20x17
            text run at (0,0) width 0: "\x{202A}"
            text run at (0,0) width 8 RTL: "\x{202B}?"
            text run at (7,0) width 13: "\x{202C}(^"
            text run at (19,0) width 1: "\x{202C}"
      LayoutBlockFlow {DIV} at (0,3026) size 769x2976
        LayoutBlockFlow {P} at (0,0) size 769x18
          LayoutText {#text} at (0,0) size 44x17
            text run at (0,0) width 44: "ab(^cd"
        LayoutBlockFlow {P} at (0,34) size 769x18
          LayoutText {#text} at (0,0) size 43x17
            text run at (0,0) width 16: "cd"
            text run at (15,0) width 28 RTL: "\x{5D0}\x{5D1}(^"
        LayoutBlockFlow {P} at (0,68) size 769x18
          LayoutText {#text} at (0,0) size 43x17
            text run at (0,0) width 16: "cd"
            text run at (15,0) width 28 RTL: "\x{627}\x{628}(^"
        LayoutBlockFlow {P} at (0,102) size 769x18
          LayoutText {#text} at (0,0) size 60x17
            text run at (0,0) width 60: "ab12(^cd"
        LayoutBlockFlow {P} at (0,136) size 769x18
          LayoutText {#text} at (0,0) size 59x17
            text run at (0,0) width 16: "cd"
            text run at (15,0) width 13 RTL: "(^"
            text run at (27,0) width 17: "12"
            text run at (43,0) width 16 RTL: "\x{5D0}\x{5D1}"
        LayoutBlockFlow {P} at (0,170) size 769x18
          LayoutText {#text} at (0,0) size 59x17
            text run at (0,0) width 16: "cd"
            text run at (15,0) width 13 RTL: "(^"
            text run at (27,0) width 17: "12"
            text run at (43,0) width 16 RTL: "\x{627}\x{628}"
        LayoutBlockFlow {P} at (0,204) size 769x18
          LayoutText {#text} at (0,0) size 60x17
            text run at (0,0) width 16: "cd"
            text run at (15,0) width 13 RTL: "(^"
            text run at (27,0) width 33: "ab\x{661}\x{662}"
        LayoutBlockFlow {P} at (0,238) size 769x18
          LayoutText {#text} at (0,0) size 60x17
            text run at (0,0) width 16: "cd"
            text run at (15,0) width 13 RTL: "(^"
            text run at (27,0) width 18: "\x{661}\x{662}"
            text run at (44,0) width 16 RTL: "\x{5D0}\x{5D1}"
        LayoutBlockFlow {P} at (0,272) size 769x18
          LayoutText {#text} at (0,0) size 60x17
            text run at (0,0) width 16: "cd"
            text run at (15,0) width 13 RTL: "(^"
            text run at (27,0) width 18: "\x{661}\x{662}"
            text run at (44,0) width 16 RTL: "\x{627}\x{628}"
        LayoutBlockFlow {P} at (0,306) size 769x18
          LayoutText {#text} at (0,0) size 36x17
            text run at (0,0) width 8: "\x{202A}?"
            text run at (7,0) width 29: "\x{202C}(^cd"
        LayoutBlockFlow {P} at (0,340) size 769x18
          LayoutText {#text} at (0,0) size 36x17
            text run at (0,0) width 16: "cd"
            text run at (15,0) width 13 RTL: "\x{202C}(^"
            text run at (27,0) width 9 RTL: "\x{202B}?"
        LayoutBlockFlow {P} at (0,374) size 769x18
          LayoutText {#text} at (0,0) size 40x17
            text run at (0,0) width 25 RTL: "(^\x{5D2}\x{5D3}"
            text run at (24,0) width 16: "ab"
        LayoutBlockFlow {P} at (0,408) size 769x18
          LayoutText {#text} at (0,0) size 40x17
            text run at (0,0) width 40 RTL: "\x{5D0}\x{5D1}(^\x{5D2}\x{5D3}"
        LayoutBlockFlow {P} at (0,442) size 769x18
          LayoutText {#text} at (0,0) size 40x17
            text run at (0,0) width 40 RTL: "\x{627}\x{628}(^\x{5D2}\x{5D3}"
        LayoutBlockFlow {P} at (0,476) size 769x18
          LayoutText {#text} at (0,0) size 56x17
            text run at (0,0) width 25 RTL: "(^\x{5D2}\x{5D3}"
            text run at (24,0) width 32: "ab12"
        LayoutBlockFlow {P} at (0,510) size 769x18
          LayoutText {#text} at (0,0) size 56x17
            text run at (0,0) width 25 RTL: "(^\x{5D2}\x{5D3}"
            text run at (24,0) width 17: "12"
            text run at (40,0) width 16 RTL: "\x{5D0}\x{5D1}"
        LayoutBlockFlow {P} at (0,544) size 769x18
          LayoutText {#text} at (0,0) size 56x17
            text run at (0,0) width 25 RTL: "(^\x{5D2}\x{5D3}"
            text run at (24,0) width 17: "12"
            text run at (40,0) width 16 RTL: "\x{627}\x{628}"
        LayoutBlockFlow {P} at (0,578) size 769x18
          LayoutText {#text} at (0,0) size 57x17
            text run at (0,0) width 25 RTL: "(^\x{5D2}\x{5D3}"
            text run at (24,0) width 33: "ab\x{661}\x{662}"
        LayoutBlockFlow {P} at (0,612) size 769x18
          LayoutText {#text} at (0,0) size 57x17
            text run at (0,0) width 25 RTL: "(^\x{5D2}\x{5D3}"
            text run at (24,0) width 18: "\x{661}\x{662}"
            text run at (41,0) width 16 RTL: "\x{5D0}\x{5D1}"
        LayoutBlockFlow {P} at (0,646) size 769x18
          LayoutText {#text} at (0,0) size 57x17
            text run at (0,0) width 25 RTL: "(^\x{5D2}\x{5D3}"
            text run at (24,0) width 18: "\x{661}\x{662}"
            text run at (41,0) width 16 RTL: "\x{627}\x{628}"
        LayoutBlockFlow {P} at (0,680) size 769x18
          LayoutText {#text} at (0,0) size 32x17
            text run at (0,0) width 25 RTL: "\x{202C}(^\x{5D2}\x{5D3}"
            text run at (24,0) width 8: "\x{202A}?"
        LayoutBlockFlow {P} at (0,714) size 769x18
          LayoutText {#text} at (0,0) size 32x17
            text run at (0,0) width 25 RTL: "\x{202C}(^\x{5D2}\x{5D3}"
            text run at (24,0) width 8 RTL: "\x{202B}?"
        LayoutBlockFlow {P} at (0,748) size 769x18
          LayoutText {#text} at (0,0) size 42x17
            text run at (0,0) width 27 RTL: "(^\x{62C}\x{62F}"
            text run at (26,0) width 16: "ab"
        LayoutBlockFlow {P} at (0,782) size 769x18
          LayoutText {#text} at (0,0) size 42x17
            text run at (0,0) width 42 RTL: "\x{5D0}\x{5D1}(^\x{62C}\x{62F}"
        LayoutBlockFlow {P} at (0,816) size 769x18
          LayoutText {#text} at (0,0) size 42x17
            text run at (0,0) width 42 RTL: "\x{627}\x{628}(^\x{62C}\x{62F}"
        LayoutBlockFlow {P} at (0,850) size 769x18
          LayoutText {#text} at (0,0) size 58x17
            text run at (0,0) width 27 RTL: "(^\x{62C}\x{62F}"
            text run at (26,0) width 32: "ab12"
        LayoutBlockFlow {P} at (0,884) size 769x18
          LayoutText {#text} at (0,0) size 58x17
            text run at (0,0) width 27 RTL: "(^\x{62C}\x{62F}"
            text run at (26,0) width 17: "12"
            text run at (42,0) width 16 RTL: "\x{5D0}\x{5D1}"
        LayoutBlockFlow {P} at (0,918) size 769x18
          LayoutText {#text} at (0,0) size 58x17
            text run at (0,0) width 27 RTL: "(^\x{62C}\x{62F}"
            text run at (26,0) width 17: "12"
            text run at (42,0) width 16 RTL: "\x{627}\x{628}"
        LayoutBlockFlow {P} at (0,952) size 769x18
          LayoutText {#text} at (0,0) size 59x17
            text run at (0,0) width 27 RTL: "(^\x{62C}\x{62F}"
            text run at (26,0) width 33: "ab\x{661}\x{662}"
        LayoutBlockFlow {P} at (0,986) size 769x18
          LayoutText {#text} at (0,0) size 59x17
            text run at (0,0) width 27 RTL: "(^\x{62C}\x{62F}"
            text run at (26,0) width 18: "\x{661}\x{662}"
            text run at (43,0) width 16 RTL: "\x{5D0}\x{5D1}"
        LayoutBlockFlow {P} at (0,1020) size 769x18
          LayoutText {#text} at (0,0) size 59x17
            text run at (0,0) width 27 RTL: "(^\x{62C}\x{62F}"
            text run at (26,0) width 18: "\x{661}\x{662}"
            text run at (43,0) width 16 RTL: "\x{627}\x{628}"
        LayoutBlockFlow {P} at (0,1054) size 769x18
          LayoutText {#text} at (0,0) size 34x17
            text run at (0,0) width 27 RTL: "\x{202C}(^\x{62C}\x{62F}"
            text run at (26,0) width 8: "\x{202A}?"
        LayoutBlockFlow {P} at (0,1088) size 769x18
          LayoutText {#text} at (0,0) size 34x17
            text run at (0,0) width 27 RTL: "\x{202C}(^\x{62C}\x{62F}"
            text run at (26,0) width 8 RTL: "\x{202B}?"
        LayoutBlockFlow {P} at (0,1122) size 769x18
          LayoutText {#text} at (0,0) size 61x17
            text run at (0,0) width 8: "z"
            text run at (7,0) width 10 RTL: "\x{5E9}"
            text run at (16,0) width 45: "ab(^34"
        LayoutBlockFlow {P} at (0,1156) size 769x18
          LayoutText {#text} at (0,0) size 61x17
            text run at (0,0) width 8: "z"
            text run at (7,0) width 10 RTL: "\x{5E9}"
            text run at (16,0) width 17: "34"
            text run at (32,0) width 29 RTL: "\x{5D0}\x{5D1}(^"
        LayoutBlockFlow {P} at (0,1190) size 769x18
          LayoutText {#text} at (0,0) size 61x17
            text run at (0,0) width 8: "z"
            text run at (7,0) width 10 RTL: "\x{5E9}"
            text run at (16,0) width 17: "34"
            text run at (32,0) width 29 RTL: "\x{627}\x{628}(^"
        LayoutBlockFlow {P} at (0,1224) size 769x18
          LayoutText {#text} at (0,0) size 77x17
            text run at (0,0) width 8: "z"
            text run at (7,0) width 10 RTL: "\x{5E9}"
            text run at (16,0) width 61: "ab12(^34"
        LayoutBlockFlow {P} at (0,1258) size 769x18
          LayoutText {#text} at (0,0) size 77x17
            text run at (0,0) width 8: "z"
            text run at (7,0) width 10 RTL: "\x{5E9}"
            text run at (16,0) width 17: "34"
            text run at (32,0) width 14 RTL: "(^"
            text run at (45,0) width 17: "12"
            text run at (61,0) width 16 RTL: "\x{5D0}\x{5D1}"
        LayoutBlockFlow {P} at (0,1292) size 769x18
          LayoutText {#text} at (0,0) size 77x17
            text run at (0,0) width 8: "z"
            text run at (7,0) width 10 RTL: "\x{5E9}"
            text run at (16,0) width 17: "34"
            text run at (32,0) width 14 RTL: "(^"
            text run at (45,0) width 17: "12"
            text run at (61,0) width 16 RTL: "\x{627}\x{628}"
        LayoutBlockFlow {P} at (0,1326) size 769x18
          LayoutText {#text} at (0,0) size 78x17
            text run at (0,0) width 8: "z"
            text run at (7,0) width 10 RTL: "\x{5E9}"
            text run at (16,0) width 17: "34"
            text run at (32,0) width 14 RTL: "(^"
            text run at (45,0) width 33: "ab\x{661}\x{662}"
        LayoutBlockFlow {P} at (0,1360) size 769x18
          LayoutText {#text} at (0,0) size 78x17
            text run at (0,0) width 8: "z"
            text run at (7,0) width 10 RTL: "\x{5E9}"
            text run at (16,0) width 17: "34"
            text run at (32,0) width 14 RTL: "(^"
            text run at (45,0) width 18: "\x{661}\x{662}"
            text run at (62,0) width 16 RTL: "\x{5D0}\x{5D1}"
        LayoutBlockFlow {P} at (0,1394) size 769x18
          LayoutText {#text} at (0,0) size 78x17
            text run at (0,0) width 8: "z"
            text run at (7,0) width 10 RTL: "\x{5E9}"
            text run at (16,0) width 17: "34"
            text run at (32,0) width 14 RTL: "(^"
            text run at (45,0) width 18: "\x{661}\x{662}"
            text run at (62,0) width 16 RTL: "\x{627}\x{628}"
        LayoutBlockFlow {P} at (0,1428) size 769x18
          LayoutText {#text} at (0,0) size 53x17
            text run at (0,0) width 8: "z"
            text run at (7,0) width 10 RTL: "\x{5E9}"
            text run at (16,0) width 8: "\x{202A}?"
            text run at (23,0) width 30: "\x{202C}(^34"
        LayoutBlockFlow {P} at (0,1462) size 769x18
          LayoutText {#text} at (0,0) size 53x17
            text run at (0,0) width 8: "z"
            text run at (7,0) width 10 RTL: "\x{5E9}"
            text run at (16,0) width 17: "34"
            text run at (32,0) width 14 RTL: "\x{202C}(^"
            text run at (45,0) width 8 RTL: "\x{202B}?"
        LayoutBlockFlow {P} at (0,1496) size 769x18
          LayoutText {#text} at (0,0) size 62x17
            text run at (0,0) width 8: "z"
            text run at (7,0) width 10 RTL: "\x{5E9}"
            text run at (16,0) width 18: "\x{663}\x{664}"
            text run at (33,0) width 14 RTL: "(^"
            text run at (46,0) width 16: "ab"
        LayoutBlockFlow {P} at (0,1530) size 769x18
          LayoutText {#text} at (0,0) size 62x17
            text run at (0,0) width 8: "z"
            text run at (7,0) width 10 RTL: "\x{5E9}"
            text run at (16,0) width 18: "\x{663}\x{664}"
            text run at (33,0) width 29 RTL: "\x{5D0}\x{5D1}(^"
        LayoutBlockFlow {P} at (0,1564) size 769x18
          LayoutText {#text} at (0,0) size 62x17
            text run at (0,0) width 8: "z"
            text run at (7,0) width 10 RTL: "\x{5E9}"
            text run at (16,0) width 18: "\x{663}\x{664}"
            text run at (33,0) width 29 RTL: "\x{627}\x{628}(^"
        LayoutBlockFlow {P} at (0,1598) size 769x18
          LayoutText {#text} at (0,0) size 78x17
            text run at (0,0) width 8: "z"
            text run at (7,0) width 10 RTL: "\x{5E9}"
            text run at (16,0) width 18: "\x{663}\x{664}"
            text run at (33,0) width 14 RTL: "(^"
            text run at (46,0) width 32: "ab12"
        LayoutBlockFlow {P} at (0,1632) size 769x18
          LayoutText {#text} at (0,0) size 78x17
            text run at (0,0) width 8: "z"
            text run at (7,0) width 10 RTL: "\x{5E9}"
            text run at (16,0) width 18: "\x{663}\x{664}"
            text run at (33,0) width 14 RTL: "(^"
            text run at (46,0) width 17: "12"
            text run at (62,0) width 16 RTL: "\x{5D0}\x{5D1}"
        LayoutBlockFlow {P} at (0,1666) size 769x18
          LayoutText {#text} at (0,0) size 78x17
            text run at (0,0) width 8: "z"
            text run at (7,0) width 10 RTL: "\x{5E9}"
            text run at (16,0) width 18: "\x{663}\x{664}"
            text run at (33,0) width 14 RTL: "(^"
            text run at (46,0) width 17: "12"
            text run at (62,0) width 16 RTL: "\x{627}\x{628}"
        LayoutBlockFlow {P} at (0,1700) size 769x18
          LayoutText {#text} at (0,0) size 79x17
            text run at (0,0) width 8: "z"
            text run at (7,0) width 10 RTL: "\x{5E9}"
            text run at (16,0) width 18: "\x{663}\x{664}"
            text run at (33,0) width 14 RTL: "(^"
            text run at (46,0) width 33: "ab\x{661}\x{662}"
        LayoutBlockFlow {P} at (0,1734) size 769x18
          LayoutText {#text} at (0,0) size 79x17
            text run at (0,0) width 8: "z"
            text run at (7,0) width 10 RTL: "\x{5E9}"
            text run at (16,0) width 18: "\x{663}\x{664}"
            text run at (33,0) width 14 RTL: "(^"
            text run at (46,0) width 18: "\x{661}\x{662}"
            text run at (63,0) width 16 RTL: "\x{5D0}\x{5D1}"
        LayoutBlockFlow {P} at (0,1768) size 769x18
          LayoutText {#text} at (0,0) size 79x17
            text run at (0,0) width 8: "z"
            text run at (7,0) width 10 RTL: "\x{5E9}"
            text run at (16,0) width 18: "\x{663}\x{664}"
            text run at (33,0) width 14 RTL: "(^"
            text run at (46,0) width 18: "\x{661}\x{662}"
            text run at (63,0) width 16 RTL: "\x{627}\x{628}"
        LayoutBlockFlow {P} at (0,1802) size 769x18
          LayoutText {#text} at (0,0) size 54x17
            text run at (0,0) width 8: "z"
            text run at (7,0) width 10 RTL: "\x{5E9}"
            text run at (16,0) width 18: "\x{663}\x{664}"
            text run at (33,0) width 14 RTL: "\x{202C}(^"
            text run at (46,0) width 8: "\x{202A}?"
        LayoutBlockFlow {P} at (0,1836) size 769x18
          LayoutText {#text} at (0,0) size 54x17
            text run at (0,0) width 8: "z"
            text run at (7,0) width 10 RTL: "\x{5E9}"
            text run at (16,0) width 18: "\x{663}\x{664}"
            text run at (33,0) width 14 RTL: "\x{202C}(^"
            text run at (46,0) width 8 RTL: "\x{202B}?"
        LayoutBlockFlow {P} at (0,1870) size 769x18
          LayoutText {#text} at (0,0) size 34x17
            text run at (0,0) width 0 RTL: "\x{202C}"
            text run at (0,0) width 28: "ab(^"
            text run at (27,0) width 7: "\x{202A}!"
        LayoutBlockFlow {P} at (0,1904) size 769x18
          LayoutText {#text} at (0,0) size 34x17
            text run at (0,0) width 0 RTL: "\x{202C}"
            text run at (0,0) width 6: "\x{202A}!"
            text run at (5,0) width 29 RTL: "\x{5D0}\x{5D1}(^"
        LayoutBlockFlow {P} at (0,1938) size 769x18
          LayoutText {#text} at (0,0) size 33x17
            text run at (0,0) width 0 RTL: "\x{202C}"
            text run at (0,0) width 6: "\x{202A}!"
            text run at (5,0) width 28 RTL: "\x{627}\x{628}(^"
        LayoutBlockFlow {P} at (0,1972) size 769x18
          LayoutText {#text} at (0,0) size 50x17
            text run at (0,0) width 0 RTL: "\x{202C}"
            text run at (0,0) width 44: "ab12(^"
            text run at (43,0) width 7: "\x{202A}!"
        LayoutBlockFlow {P} at (0,2006) size 769x18
          LayoutText {#text} at (0,0) size 50x17
            text run at (0,0) width 0 RTL: "\x{202C}"
            text run at (0,0) width 6: "\x{202A}!"
            text run at (5,0) width 14 RTL: "(^"
            text run at (18,0) width 17: "12"
            text run at (34,0) width 16 RTL: "\x{5D0}\x{5D1}"
        LayoutBlockFlow {P} at (0,2040) size 769x18
          LayoutText {#text} at (0,0) size 49x17
            text run at (0,0) width 0 RTL: "\x{202C}"
            text run at (0,0) width 6: "\x{202A}!"
            text run at (5,0) width 14 RTL: "(^"
            text run at (18,0) width 17: "12"
            text run at (34,0) width 15 RTL: "\x{627}\x{628}"
        LayoutBlockFlow {P} at (0,2074) size 769x18
          LayoutText {#text} at (0,0) size 51x17
            text run at (0,0) width 0 RTL: "\x{202C}"
            text run at (0,0) width 6: "\x{202A}!"
            text run at (5,0) width 14 RTL: "(^"
            text run at (18,0) width 33: "ab\x{661}\x{662}"
        LayoutBlockFlow {P} at (0,2108) size 769x18
          LayoutText {#text} at (0,0) size 50x17
            text run at (0,0) width 0 RTL: "\x{202C}"
            text run at (0,0) width 6: "\x{202A}!"
            text run at (5,0) width 14 RTL: "(^"
            text run at (18,0) width 17: "\x{661}\x{662}"
            text run at (34,0) width 16 RTL: "\x{5D0}\x{5D1}"
        LayoutBlockFlow {P} at (0,2142) size 769x18
          LayoutText {#text} at (0,0) size 50x17
            text run at (0,0) width 0 RTL: "\x{202C}"
            text run at (0,0) width 6: "\x{202A}!"
            text run at (5,0) width 14 RTL: "(^"
            text run at (18,0) width 17: "\x{661}\x{662}"
            text run at (34,0) width 16 RTL: "\x{627}\x{628}"
        LayoutBlockFlow {P} at (0,2176) size 769x18
          LayoutText {#text} at (0,0) size 26x17
            text run at (0,0) width 0 RTL: "\x{202C}"
            text run at (0,0) width 8: "\x{202A}?"
            text run at (7,0) width 13: "\x{202C}(^"
            text run at (19,0) width 7: "\x{202A}!"
        LayoutBlockFlow {P} at (0,2210) size 769x18
          LayoutText {#text} at (0,0) size 26x17
            text run at (0,0) width 0 RTL: "\x{202C}"
            text run at (0,0) width 6: "\x{202A}!"
            text run at (5,0) width 14 RTL: "\x{202C}(^"
            text run at (18,0) width 8 RTL: "\x{202B}?"
        LayoutBlockFlow {P} at (0,2244) size 769x18
          LayoutText {#text} at (0,0) size 34x17
            text run at (0,0) width 0 RTL: "\x{202C}"
            text run at (0,0) width 6 RTL: "\x{202B}!"
            text run at (5,0) width 14 RTL: "(^"
            text run at (18,0) width 16: "ab"
        LayoutBlockFlow {P} at (0,2278) size 769x18
          LayoutText {#text} at (0,0) size 34x17
            text run at (0,0) width 0 RTL: "\x{202C}"
            text run at (0,0) width 6 RTL: "\x{202B}!"
            text run at (5,0) width 29 RTL: "\x{5D0}\x{5D1}(^"
        LayoutBlockFlow {P} at (0,2312) size 769x18
          LayoutText {#text} at (0,0) size 33x17
            text run at (0,0) width 0 RTL: "\x{202C}"
            text run at (0,0) width 6 RTL: "\x{202B}!"
            text run at (5,0) width 28 RTL: "\x{627}\x{628}(^"
        LayoutBlockFlow {P} at (0,2346) size 769x18
          LayoutText {#text} at (0,0) size 50x17
            text run at (0,0) width 0 RTL: "\x{202C}"
            text run at (0,0) width 6 RTL: "\x{202B}!"
            text run at (5,0) width 14 RTL: "(^"
            text run at (18,0) width 32: "ab12"
        LayoutBlockFlow {P} at (0,2380) size 769x18
          LayoutText {#text} at (0,0) size 50x17
            text run at (0,0) width 0 RTL: "\x{202C}"
            text run at (0,0) width 6 RTL: "\x{202B}!"
            text run at (5,0) width 14 RTL: "(^"
            text run at (18,0) width 17: "12"
            text run at (34,0) width 16 RTL: "\x{5D0}\x{5D1}"
        LayoutBlockFlow {P} at (0,2414) size 769x18
          LayoutText {#text} at (0,0) size 49x17
            text run at (0,0) width 0 RTL: "\x{202C}"
            text run at (0,0) width 6 RTL: "\x{202B}!"
            text run at (5,0) width 14 RTL: "(^"
            text run at (18,0) width 17: "12"
            text run at (34,0) width 15 RTL: "\x{627}\x{628}"
        LayoutBlockFlow {P} at (0,2448) size 769x18
          LayoutText {#text} at (0,0) size 51x17
            text run at (0,0) width 0 RTL: "\x{202C}"
            text run at (0,0) width 6 RTL: "\x{202B}!"
            text run at (5,0) width 14 RTL: "(^"
            text run at (18,0) width 33: "ab\x{661}\x{662}"
        LayoutBlockFlow {P} at (0,2482) size 769x18
          LayoutText {#text} at (0,0) size 50x17
            text run at (0,0) width 0 RTL: "\x{202C}"
            text run at (0,0) width 6 RTL: "\x{202B}!"
            text run at (5,0) width 14 RTL: "(^"
            text run at (18,0) width 17: "\x{661}\x{662}"
            text run at (34,0) width 16 RTL: "\x{5D0}\x{5D1}"
        LayoutBlockFlow {P} at (0,2516) size 769x18
          LayoutText {#text} at (0,0) size 50x17
            text run at (0,0) width 0 RTL: "\x{202C}"
            text run at (0,0) width 6 RTL: "\x{202B}!"
            text run at (5,0) width 14 RTL: "(^"
            text run at (18,0) width 17: "\x{661}\x{662}"
            text run at (34,0) width 16 RTL: "\x{627}\x{628}"
        LayoutBlockFlow {P} at (0,2550) size 769x18
          LayoutText {#text} at (0,0) size 26x17
            text run at (0,0) width 0 RTL: "\x{202C}"
            text run at (0,0) width 6 RTL: "\x{202B}!"
            text run at (5,0) width 14 RTL: "\x{202C}(^"
            text run at (18,0) width 8: "\x{202A}?"
        LayoutBlockFlow {P} at (0,2584) size 769x18
          LayoutText {#text} at (0,0) size 26x17
            text run at (0,0) width 0 RTL: "\x{202C}"
            text run at (0,0) width 6 RTL: "\x{202B}!"
            text run at (5,0) width 14 RTL: "\x{202C}(^"
            text run at (18,0) width 8 RTL: "\x{202B}?"
        LayoutBlockFlow {P} at (0,2618) size 769x18
          LayoutText {#text} at (0,0) size 28x17
            text run at (0,0) width 0 RTL: "\x{202C}"
            text run at (0,0) width 28: "\x{202A}ab(^"
        LayoutBlockFlow {P} at (0,2652) size 769x18
          LayoutText {#text} at (0,0) size 28x17
            text run at (0,0) width 0 RTL: "\x{202C}"
            text run at (0,0) width 15 RTL: "\x{202A}\x{5D0}\x{5D1}"
            text run at (14,0) width 14: "(^"
        LayoutBlockFlow {P} at (0,2686) size 769x18
          LayoutText {#text} at (0,0) size 28x17
            text run at (0,0) width 0 RTL: "\x{202C}"
            text run at (0,0) width 15 RTL: "\x{202A}\x{627}\x{628}"
            text run at (14,0) width 14: "(^"
        LayoutBlockFlow {P} at (0,2720) size 769x18
          LayoutText {#text} at (0,0) size 44x17
            text run at (0,0) width 0 RTL: "\x{202C}"
            text run at (0,0) width 44: "\x{202A}ab12(^"
        LayoutBlockFlow {P} at (0,2754) size 769x18
          LayoutText {#text} at (0,0) size 44x17
            text run at (0,0) width 0 RTL: "\x{202C}"
            text run at (0,0) width 16: "12"
            text run at (16,0) width 15 RTL: "\x{202A}\x{5D0}\x{5D1}"
            text run at (30,0) width 14: "(^"
        LayoutBlockFlow {P} at (0,2788) size 769x18
          LayoutText {#text} at (0,0) size 44x17
            text run at (0,0) width 0 RTL: "\x{202C}"
            text run at (0,0) width 16: "12"
            text run at (16,0) width 15 RTL: "\x{202A}\x{627}\x{628}"
            text run at (30,0) width 14: "(^"
        LayoutBlockFlow {P} at (0,2822) size 769x18
          LayoutText {#text} at (0,0) size 45x17
            text run at (0,0) width 0 RTL: "\x{202C}"
            text run at (0,0) width 16: "\x{202A}ab"
            text run at (15,0) width 17: "\x{661}\x{662}"
            text run at (31,0) width 14: "(^"
        LayoutBlockFlow {P} at (0,2856) size 769x18
          LayoutText {#text} at (0,0) size 45x17
            text run at (0,0) width 0 RTL: "\x{202C}"
            text run at (0,0) width 17: "\x{661}\x{662}"
            text run at (16,0) width 16 RTL: "\x{202A}\x{5D0}\x{5D1}"
            text run at (31,0) width 14: "(^"
        LayoutBlockFlow {P} at (0,2890) size 769x18
          LayoutText {#text} at (0,0) size 45x17
            text run at (0,0) width 0 RTL: "\x{202C}"
            text run at (0,0) width 17: "\x{661}\x{662}"
            text run at (16,0) width 16 RTL: "\x{202A}\x{627}\x{628}"
            text run at (31,0) width 14: "(^"
        LayoutBlockFlow {P} at (0,2924) size 769x18
          LayoutText {#text} at (0,0) size 20x17
            text run at (0,0) width 0 RTL: "\x{202C}"
            text run at (0,0) width 0: "\x{202A}"
            text run at (0,0) width 8: "\x{202A}?"
            text run at (7,0) width 13: "\x{202C}(^"
        LayoutBlockFlow {P} at (0,2958) size 769x18
          LayoutText {#text} at (0,0) size 20x17
            text run at (0,0) width 0 RTL: "\x{202C}"
            text run at (0,0) width 0: "\x{202A}"
            text run at (0,0) width 8 RTL: "\x{202B}?"
            text run at (7,0) width 13: "\x{202C}(^"
