layer at (0,0) size 800x600
  LayoutView at (0,0) size 800x600
layer at (0,0) size 800x600
  LayoutBlockFlow {HTML} at (0,0) size 800x600
    LayoutBlockFlow {BODY} at (8,8) size 784x584
      LayoutBlockFlow {P} at (0,0) size 784x36
        LayoutText {#text} at (0,0) size 465x17
          text run at (0,0) width 465: "This tests that bidirectional text is correctly rendered in list box controls."
        LayoutBR {BR} at (464,14) size 1x0
        LayoutText {#text} at (0,18) size 578x17
          text run at (0,18) width 578: "The order of the text below each list box should match the order of the select's option text."
      LayoutBlockFlow (anonymous) at (0,52) size 784x54
        LayoutText {#text} at (0,0) size 102x17
          text run at (0,0) width 102: "1) direction: rtl;"
        LayoutBR {BR} at (101,14) size 1x0
        LayoutBR {BR} at (86,51) size 0x0
      LayoutBlockFlow {DIV} at (0,106) size 100x18
        LayoutText {#text} at (31,0) size 69x17
          text run at (31,0) width 47 RTL: "\x{5D0}\x{5E4}\x{5E8}\x{5E1}\x{5DE}\x{5D5}\x{5DF}"
          text run at (77,0) width 23: "abc"
      LayoutBlockFlow (anonymous) at (0,124) size 784x72
        LayoutBR {BR} at (0,0) size 0x17
        LayoutText {#text} at (0,18) size 102x17
          text run at (0,18) width 102: "2) direction: ltr;"
        LayoutBR {BR} at (101,32) size 1x0
        LayoutBR {BR} at (86,69) size 0x0
      LayoutBlockFlow {DIV} at (0,196) size 100x18
        LayoutText {#text} at (0,0) size 69x17
          text run at (0,0) width 23: "abc"
          text run at (22,0) width 47 RTL: "\x{5D0}\x{5E4}\x{5E8}\x{5E1}\x{5DE}\x{5D5}\x{5DF}"
      LayoutBlockFlow (anonymous) at (0,214) size 784x72
        LayoutBR {BR} at (0,0) size 0x17
        LayoutText {#text} at (0,18) size 72x17
          text run at (0,18) width 72: "3) No style"
        LayoutBR {BR} at (71,32) size 1x0
        LayoutBR {BR} at (86,69) size 0x0
      LayoutBlockFlow {DIV} at (0,286) size 100x18
        LayoutText {#text} at (0,0) size 69x17
          text run at (0,0) width 23: "abc"
          text run at (22,0) width 47 RTL: "\x{5D0}\x{5E4}\x{5E8}\x{5E1}\x{5DE}\x{5D5}\x{5DF}"
      LayoutBlockFlow (anonymous) at (0,304) size 784x18
        LayoutBR {BR} at (0,0) size 0x17
layer at (8,78) size 86x36 clip at (24,79) size 69x34
  LayoutListBox {SELECT} at (0,18) size 86x36 [bgcolor=#FFFFFF] [border: (1px solid #A9A9A9)]
    LayoutBlockFlow {OPTION} at (16,1) size 69x17
      LayoutText {#text} at (2,0) size 65x15
        text run at (2,0) width 44 RTL: "\x{5D0}\x{5E4}\x{5E8}\x{5E1}\x{5DE}\x{5D5}\x{5DF}"
        text run at (46,0) width 21: "abc"
layer at (8,168) size 86x36 clip at (9,169) size 69x34
  LayoutListBox {SELECT} at (0,36) size 86x36 [bgcolor=#FFFFFF] [border: (1px solid #A9A9A9)]
    LayoutBlockFlow {OPTION} at (1,1) size 69x17
      LayoutText {#text} at (2,0) size 65x15
        text run at (2,0) width 21: "abc"
        text run at (23,0) width 44 RTL: "\x{5D0}\x{5E4}\x{5E8}\x{5E1}\x{5DE}\x{5D5}\x{5DF}"
layer at (8,258) size 86x36 clip at (9,259) size 69x34
  LayoutListBox {SELECT} at (0,36) size 86x36 [bgcolor=#FFFFFF] [border: (1px solid #A9A9A9)]
    LayoutBlockFlow {OPTION} at (1,1) size 69x17
      LayoutText {#text} at (2,0) size 65x15
        text run at (2,0) width 21: "abc"
        text run at (23,0) width 44 RTL: "\x{5D0}\x{5E4}\x{5E8}\x{5E1}\x{5DE}\x{5D5}\x{5DF}"
