layer at (0,0) size 800x600
  LayoutView at (0,0) size 800x600
layer at (0,0) size 800x600
  LayoutBlockFlow {HTML} at (0,0) size 800x600
    LayoutBlockFlow {BODY} at (8,8) size 784x584
      LayoutBlockFlow {P} at (0,0) size 784x18
        LayoutText {#text} at (0,0) size 279x17
          text run at (0,0) width 279: "This test covers Hebrew vowel positioning."
      LayoutBlockFlow {HR} at (0,34) size 784x2 [border: (1px inset #EEEEEE)]
      LayoutBlockFlow {P} at (0,52) size 784x18
        LayoutText {#text} at (0,0) size 467x17
          text run at (0,0) width 467: "The vowel (two vertical dots) should be centered beneath the main letter."
      LayoutBlockFlow {DIV} at (0,86) size 784x91
        LayoutText {#text} at (48,1) size 59x88
          text run at (48,1) width 59 RTL: "\x{5E1}\x{5B0} "
        LayoutText {#text} at (0,1) size 49x88
          text run at (0,1) width 49 RTL: "\x{5E9}\x{5B0}"
        LayoutText {#text} at (0,0) size 0x0
      LayoutBlockFlow {HR} at (0,185) size 784x2 [border: (1px inset #EEEEEE)]
      LayoutBlockFlow {P} at (0,203) size 784x18
        LayoutText {#text} at (0,0) size 651x17
          text run at (0,0) width 651: "The dot should be positioned on the right side of the first letter, and on the left side of the second one."
      LayoutBlockFlow {DIV} at (0,237) size 784x182
        LayoutText {#text} at (0,1) size 49x88
          text run at (0,1) width 49 RTL: "\x{5E9}\x{5C1}"
        LayoutBR {BR} at (48,72) size 1x0
        LayoutText {#text} at (0,92) size 49x88
          text run at (0,92) width 49 RTL: "\x{5E9}\x{5C2}"
        LayoutText {#text} at (0,0) size 0x0
