layer at (0,0) size 800x600
  LayoutView at (0,0) size 800x600
layer at (0,0) size 800x600
  LayoutBlockFlow {HTML} at (0,0) size 800x600
    LayoutBlockFlow {BODY} at (8,8) size 784x576
      LayoutBlockFlow {P} at (0,0) size 784x36
        LayoutText {#text} at (0,0) size 774x35
          text run at (0,0) width 774: "This HTML tests if the 'while-space' property controls the behavors of line-break characters (U+000A and U+000D) in a"
          text run at (0,18) width 139: "complex text (Hindi)."
      LayoutBlockFlow {P} at (0,52) size 784x39
        LayoutText {#text} at (0,3) size 732x35
          text run at (0,3) width 732: "If this test succeeds, you can see this Hindi word \"\x{935}\x{93F}\x{937}\x{92F}\x{94B}\x{902}\" repeated three times separated by a space in the first two"
          text run at (0,21) width 503: "paragraphs. In the third paragraphs, it'll be shown three times in separate lines."
      LayoutBlockFlow {P} at (0,107) size 784x21
        LayoutText {#text} at (0,3) size 133x17
          text run at (0,3) width 133: "1. \x{935}\x{93F}\x{937}\x{92F}\x{94B}\x{902} \x{935}\x{93F}\x{937}\x{92F}\x{94B}\x{902}\x{D}\x{935}\x{93F}\x{937}\x{92F}\x{94B}\x{902}"
      LayoutBlockFlow {P} at (0,144) size 784x21
        LayoutText {#text} at (0,3) size 133x17
          text run at (0,3) width 133: "2. \x{935}\x{93F}\x{937}\x{92F}\x{94B}\x{902} \x{935}\x{93F}\x{937}\x{92F}\x{94B}\x{902}\x{D}\x{935}\x{93F}\x{937}\x{92F}\x{94B}\x{902}"
      LayoutBlockFlow {P} at (0,181) size 784x60
        LayoutText {#text} at (0,0) size 75x59
          text run at (0,0) width 12: "3."
          text run at (12,0) width 0: " "
          text run at (0,21) width 38: "\x{935}\x{93F}\x{937}\x{92F}\x{94B}\x{902}"
          text run at (37,21) width 1: " "
          text run at (0,42) width 75: "\x{935}\x{93F}\x{937}\x{92F}\x{94B}\x{902}\x{D}\x{935}\x{93F}\x{937}\x{92F}\x{94B}\x{902}"
