layer at (0,0) size 800x600
  LayoutView at (0,0) size 800x600
layer at (0,0) size 800x600
  LayoutBlockFlow {HTML} at (0,0) size 800x600
    LayoutBlockFlow {BODY} at (8,8) size 784x584
      LayoutText {#text} at (0,0) size 769x53
        text run at (0,0) width 769: "This tests the width of a breaking space after a Hindi character to ensure that it's measured properly and enough space is"
        text run at (0,18) width 761: "left for it. Neither the Hindi on the button below nor the same text on two lines below that should be truncated at either"
        text run at (0,36) width 28: "end."
      LayoutBR {BR} at (27,50) size 1x0
      LayoutButton {INPUT} at (0,54) size 125.58x23 [bgcolor=#C0C0C0] [border: (2px outset #C0C0C0)]
        LayoutBlockFlow (anonymous) at (8,3) size 109.58x17
          LayoutText {#text} at (0,2) size 110x15
            text run at (0,2) width 110: "\x{915}\x{93F}\x{938}\x{940} \x{92D}\x{940} \x{924}\x{930}\x{939} \x{906}\x{917}\x{947} \x{92C}"
      LayoutBR {BR} at (125,71) size 1x0
      LayoutInline {SPAN} at (0,0) size 130x17
        LayoutText {#text} at (0,80) size 130x17
          text run at (0,80) width 130: "\x{915}\x{93F}\x{938}\x{940} \x{92D}\x{940} \x{924}\x{930}\x{939} \x{906}\x{917}\x{947} \x{92C}"
      LayoutText {#text} at (129,80) size 26x17
        text run at (129,80) width 26: "Foo"
      LayoutBR {BR} at (154,94) size 1x0
      LayoutInline {SPAN} at (0,0) size 130x17
        LayoutText {#text} at (0,101) size 130x17
          text run at (0,101) width 130: "\x{915}\x{93F}\x{938}\x{940} \x{92D}\x{940} \x{924}\x{930}\x{939} \x{906}\x{917}\x{947} \x{92C}"
      LayoutText {#text} at (129,101) size 26x17
        text run at (129,101) width 26: "Foo"
      LayoutBR {BR} at (154,115) size 1x0
