layer at (0,0) size 800x600
  LayoutView at (0,0) size 800x600
layer at (0,0) size 800x600
  LayoutBlockFlow {HTML} at (0,0) size 800x600
    LayoutBlockFlow {BODY} at (8,8) size 784x584
      LayoutBlockFlow {P} at (0,0) size 784x36
        LayoutText {#text} at (0,0) size 108x17
          text run at (0,0) width 108: "This is a test for "
        LayoutInline {I} at (0,0) size 762x35
          LayoutInline {A} at (0,0) size 353x17 [color=#0000EE]
            LayoutText {#text} at (107,0) size 353x17
              text run at (107,0) width 353: "http://bugzilla.opendarwin.org/show_bug.cgi?id=9670"
          LayoutText {#text} at (459,0) size 762x35
            text run at (459,0) width 5: " "
            text run at (463,0) width 299: "http://bugzilla.opendarwin.org/show_bug.cgi?"
            text run at (0,18) width 56: "id=9670"
        LayoutText {#text} at (55,18) size 5x17
          text run at (55,18) width 5: "."
      LayoutBlockFlow {P} at (0,52) size 784x18
        LayoutText {#text} at (0,0) size 553x17
          text run at (0,0) width 553: "All text should be aligned with the right edge of its container and should not overflow."
      LayoutBlockFlow {HR} at (0,86) size 784x2 [border: (1px inset #EEEEEE)]
      LayoutBlockFlow {DIV} at (0,96) size 191x27 [bgcolor=#FFFF00]
        LayoutText {#text} at (0,0) size 191x26
          text run at (0,0) width 191 RTL: "\x{5D0}\x{5DB}\x{5DC}\x{5EA} \x{5E4}\x{5DC}\x{5E4}\x{5DC}? \x{5E9}\x{5EA}\x{5D4} \x{5DE}\x{5D9}\x{5E5}!"
      LayoutBlockFlow (anonymous) at (0,123) size 784x80
        LayoutBR {BR} at (0,0) size 0x17
        LayoutText {#text} at (199,62) size 4x17
          text run at (199,62) width 4: " "
        LayoutBR {BR} at (0,0) size 0x0
      LayoutBlockFlow {DIV} at (0,203) size 191x27 [bgcolor=#FFFF00]
        LayoutText {#text} at (0,0) size 191x26
          text run at (0,0) width 191 RTL: "\x{5D0}\x{5DB}\x{5DC}\x{5EA} \x{5E4}\x{5DC}\x{5E4}\x{5DC}? \x{5E9}\x{5EA}\x{5D4} \x{5DE}\x{5D9}\x{5E5}!"
layer at (8,149) size 199x58 clip at (9,150) size 197x56
  LayoutTextControl {TEXTAREA} at (0,18) size 199x58 [bgcolor=#FFFFFF] [border: (1px solid #A9A9A9)]
    LayoutBlockFlow {DIV} at (3,3) size 195x27
      LayoutText {#text} at (4,0) size 191x26
        text run at (4,0) width 191 RTL: "\x{5D0}\x{5DB}\x{5DC}\x{5EA} \x{5E4}\x{5DC}\x{5E4}\x{5DC}? \x{5E9}\x{5EA}\x{5D4} \x{5DE}\x{5D9}\x{5E5}!"
