layer at (0,0) size 800x600
  LayoutView at (0,0) size 800x600
layer at (0,0) size 800x60
  LayoutBlockFlow {HTML} at (0,0) size 800x60
    LayoutBlockFlow {BODY} at (8,8) size 784x36
      LayoutBlockFlow {P} at (0,18) size 784x18
        LayoutText {#text} at (0,0) size 466x17
          text run at (0,0) width 466: "The line above should have the letter 'a' to the right of the pipe character."
layer at (792,8) size 0x18
  LayoutBlockFlow (floating) {DIV} at (784,0) size 0x18
    LayoutText {#text} at (0,0) size 0x17
      text run at (0,0) width 0 RTL: "| "
    LayoutText {#text} at (0,0) size 0x17
      text run at (0,0) width 0: "a"
