layer at (0,0) size 800x600
  LayoutView at (0,0) size 800x600
layer at (0,0) size 800x566
  LayoutBlockFlow {HTML} at (0,0) size 800x566
    LayoutBlockFlow {BODY} at (8,16) size 784x542
      LayoutBlockFlow {P} at (0,0) size 784x28
        LayoutText {#text} at (0,6) size 114x17
          text run at (0,6) width 114: "Simple text path: "
        LayoutInline {SPAN} at (0,0) size 165x17
          LayoutText {#text} at (113,6) size 165x17
            text run at (113,6) width 165: "string\x{300C}\x{3042}\x{3001}\x{5909}\x{3063}\x{FF01}\x{300D}\x{3002}"
      LayoutBlockFlow (anonymous) at (0,44) size 784x214
        LayoutBlockFlow {SPAN} at (0,0) size 28x164.45
          LayoutText {#text} at (5,0) size 17x165
            text run at (5,0) width 165: "string\x{300C}\x{3042}\x{3001}\x{5909}\x{3063}\x{FF01}\x{300D}\x{3002}"
        LayoutBR {BR} at (28,150) size 0x17
        LayoutInline {SPAN} at (0,0) size 224x17
          LayoutText {#text} at (0,174) size 224x17
            text run at (0,174) width 224: "\x{90CA}\x{5916}\x{306E}\x{304E}\x{3089}\x{304E}\x{3089}\x{3072}\x{304B}\x{308B}\x{8349}\x{306E}\x{6CE2}\x{3002}"
        LayoutBR {BR} at (224,174) size 0x17
        LayoutInline {SPAN} at (0,0) size 314x17
          LayoutText {#text} at (0,196) size 314x17
            text run at (0,196) width 314: "ABCDEFGHIJKLM abcdefghijklm 1234567890"
        LayoutBR {BR} at (313,196) size 1x17
      LayoutBlockFlow {HR} at (0,266) size 784x2 [border: (1px inset #EEEEEE)]
      LayoutBlockFlow {P} at (0,284) size 784x28
        LayoutText {#text} at (0,6) size 127x17
          text run at (0,6) width 127: "Complex text path: "
        LayoutInline {SPAN} at (0,0) size 166x17
          LayoutText {#text} at (126,6) size 166x17
            text run at (126,6) width 166: "string\x{300C}\x{3042}\x{3001}\x{5909}\x{3063}\x{FF01}\x{300D}\x{3002}"
      LayoutBlockFlow (anonymous) at (0,328) size 784x214
        LayoutBlockFlow {SPAN} at (0,0) size 28x164.45
          LayoutText {#text} at (5,0) size 17x165
            text run at (5,0) width 165: "string\x{300C}\x{3042}\x{3001}\x{5909}\x{3063}\x{FF01}\x{300D}\x{3002}"
        LayoutBR {BR} at (28,150) size 0x17
        LayoutInline {SPAN} at (0,0) size 224x17
          LayoutText {#text} at (0,174) size 224x17
            text run at (0,174) width 224: "\x{90CA}\x{5916}\x{306E}\x{304E}\x{3089}\x{304E}\x{3089}\x{3072}\x{304B}\x{308B}\x{8349}\x{306E}\x{6CE2}\x{3002}"
        LayoutBR {BR} at (224,174) size 0x17
        LayoutInline {SPAN} at (0,0) size 314x17
          LayoutText {#text} at (0,196) size 314x17
            text run at (0,196) width 314: "ABCDEFGHIJKLM abcdefghijklm 1234567890"
        LayoutBR {BR} at (313,196) size 1x17
