layer at (0,0) size 800x600
  LayoutView at (0,0) size 800x600
layer at (0,0) size 800x132
  LayoutBlockFlow {HTML} at (0,0) size 800x132
    LayoutBlockFlow {BODY} at (8,16) size 784x108
      LayoutBlockFlow {P} at (0,0) size 784x18
        LayoutText {#text} at (0,0) size 566x18
          text run at (0,0) width 566: "To PASS this test case the text of the button label should not be selected in the selection."
      LayoutBlockFlow {DIV} at (0,34) size 784x74
        LayoutBlockFlow (anonymous) at (0,0) size 784x37
          LayoutText {#text} at (0,0) size 50x18
            text run at (0,0) width 50: "Buttons"
          LayoutBR {BR} at (49,0) size 1x18
          LayoutText {#text} at (0,18) size 61x18
            text run at (0,18) width 61: "with text "
          LayoutButton {INPUT} at (60.44,19) size 55.97x18 [bgcolor=#FFFFFF]
            LayoutBlockFlow (anonymous) at (8,2) size 39.97x13
              LayoutText {#text} at (0,0) size 40x13
                text run at (0,0) width 40: "too little"
          LayoutText {#text} at (116,18) size 59x18
            text run at (116,18) width 59: " too little"
        LayoutBlockFlow {DIV} at (0,37) size 784x19
          LayoutText {#text} at (0,0) size 56x18
            text run at (0,0) width 56: "and text "
          LayoutButton {INPUT} at (55.09,1) size 63.44x18 [bgcolor=#FFFFFF]
            LayoutBlockFlow (anonymous) at (8,2) size 47.44x13
              LayoutText {#text} at (0,0) size 48x13
                text run at (0,0) width 48: "too much"
          LayoutText {#text} at (118,0) size 65x18
            text run at (118,0) width 65: " too much"
        LayoutBlockFlow (anonymous) at (0,56) size 784x18
          LayoutText {#text} at (0,0) size 250x18
            text run at (0,0) width 250: "Should not be selected in the selection."
selection start: position 0 of child 0 {#text} of child 1 {P} of body
selection end:   position 41 of child 6 {#text} of child 3 {DIV} of body
