layer at (0,0) size 800x600
  LayoutView at (0,0) size 800x600
layer at (0,0) size 400x400
  LayoutSVGRoot {svg} at (0,0) size 400x400
    LayoutSVGHiddenContainer {defs} at (0,0) size 0x0
      LayoutSVGResourceLinearGradient {linearGradient} [id="gradient"] [gradientUnits=objectBoundingBox] [stops=( #FF72B480@0.00 #FF007B@1.00 )] [start=(0,0)] [end=(0,1)]
      LayoutSVGResourceLinearGradient {linearGradient} [id="h_stroke_gradient"] [gradientUnits=objectBoundingBox] [stops=( #000000@0.00 #00000000@1.00 )] [start=(0,0)] [end=(1,0)]
      LayoutSVGResourceLinearGradient {linearGradient} [id="v_stroke_gradient"] [gradientUnits=objectBoundingBox] [stops=( #000000@0.00 #00000000@1.00 )] [start=(0,0)] [end=(0,1)]
    LayoutSVGRect {rect} at (0,0) size 400x400 [fill={[type=LINEAR-GRADIENT] [id="gradient"]}] [x=0.00] [y=0.00] [width=400.00] [height=400.00]
    LayoutSVGContainer {g} at (-0.50,-3.59) size 380.50x28.59 [transform={m=((1.00,0.00)(0.00,1.00)) t=(10.00,10.00)}]
      LayoutSVGRect {rect} at (0,0) size 380x25 [opacity=0.50] [fill={[type=SOLID] [color=#FFFFFF]}] [x=0.00] [y=0.00] [width=380.00] [height=25.00]
      LayoutSVGContainer {g} at (0,-0.50) size 380x25.50 [transform={m=((1.00,0.00)(0.00,1.00)) t=(-0.50,-0.50)}]
        LayoutSVGPath {line} at (0,0) size 380x0 [stroke={[type=LINEAR-GRADIENT] [id="h_stroke_gradient"]}] [fill={[type=SOLID] [color=#000000]}] [x1=0.00] [y1=0.00] [x2=380.00] [y2=0.00]
        LayoutSVGPath {line} at (0,-0.50) size 0x25.50 [stroke={[type=LINEAR-GRADIENT] [id="v_stroke_gradient"]}] [fill={[type=SOLID] [color=#000000]}] [x1=0.00] [y1=-0.50] [x2=0.00] [y2=25.00]
      LayoutSVGText {text} at (2,-3.59) size 316.64x23 contains 1 chunk(s)
        LayoutSVGInlineText {#text} at (2,-3.59) size 316.64x23
          chunk 1 text run 1 at (2.00,14.40) startOffset 0 endOffset 40 width 316.58: "This is hanging from the top-left corner"
    LayoutSVGForeignObject {foreignObject} at (10,45) size 380x150
      LayoutBlockFlow {html} at (0,16) size 380x124
        LayoutBlockFlow {body} at (8,0) size 364x124
          LayoutBlockFlow {p} at (0,0) size 364x90
            LayoutText {#text} at (0,0) size 353x36
              text run at (0,0) width 353: "The piece of text above should be aligned with the top-"
              text run at (0,18) width 293: "left corner of the rectangle below it. Both the "
            LayoutInline {code} at (0,0) size 48x15
              LayoutText {#text} at (292,20) size 48x15
                text run at (292,20) width 48: "<text>"
            LayoutText {#text} at (0,36) size 51x18
              text run at (0,36) width 51: "and the "
            LayoutInline {code} at (0,0) size 48x15
              LayoutText {#text} at (50,38) size 48x15
                text run at (50,38) width 48: "<rect>"
            LayoutText {#text} at (97,36) size 352x36
              text run at (97,36) width 255: " are located at the same coordinates and"
              text run at (0,54) width 24: "the "
            LayoutInline {code} at (0,0) size 48x15
              LayoutText {#text} at (23,56) size 48x15
                text run at (23,56) width 48: "<text>"
            LayoutText {#text} at (70,54) size 115x18
              text run at (70,54) width 115: " element uses the "
            LayoutInline {code} at (0,0) size 55x15
              LayoutText {#text} at (184,56) size 55x15
                text run at (184,56) width 55: "hanging"
            LayoutText {#text} at (238,54) size 82x18
              text run at (238,54) width 82: " value for its"
            LayoutInline {code} at (0,0) size 133x15
              LayoutText {#text} at (0,74) size 133x15
                text run at (0,74) width 133: "dominant-baseline"
            LayoutText {#text} at (132,72) size 62x18
              text run at (132,72) width 62: " attribute."
          LayoutBlockFlow {p} at (0,106) size 364x18
            LayoutInline {a} at (0,0) size 92x18 [color=#800000]
              LayoutText {#text} at (0,0) size 92x18
                text run at (0,0) width 92: "Antoine Quint"
            LayoutText {#text} at (91,0) size 92x18
              text run at (91,0) width 92: ", January 27th"
