layer at (0,0) size 800x600
  LayoutView at (0,0) size 800x600
layer at (0,0) size 800x516
  LayoutBlockFlow {html} at (0,0) size 800x516
    LayoutBlockFlow {body} at (8,8) size 784x492
      LayoutBlockFlow (anonymous) at (0,0) size 784x18
        LayoutText {#text} at (0,0) size 646x18
          text run at (0,0) width 245: "The two blocks should look identical. "
          text run at (244,0) width 402: "One uses an SVG, and the other just uses a normal HTML div."
      LayoutBlockFlow {p} at (0,34) size 784x18
        LayoutText {#text} at (0,0) size 360x18
          text run at (0,0) width 360: "There should be a red, white and blue pattern below this"
      LayoutSVGRoot (floating) {svg} at (10,78) size 140x140
        LayoutSVGRect {rect} at (0,0) size 100x100 [fill={[type=SOLID] [color=#0000FF]}] [x=0.00] [y=0.00] [width=100.00] [height=100.00]
      LayoutBlockFlow {p} at (0,228) size 784x18
        LayoutText {#text} at (0,0) size 359x18
          text run at (0,0) width 359: "There should be a red, white and blue pattern above this"
      LayoutBlockFlow {p} at (0,280) size 784x18
        LayoutText {#text} at (0,0) size 360x18
          text run at (0,0) width 360: "There should be a red, white and blue pattern below this"
      LayoutBlockFlow (floating) {div} at (10,324) size 140x140 [border: (10px solid #FF0000)]
        LayoutBlockFlow {div} at (20,20) size 100x100 [bgcolor=#0000FF]
      LayoutBlockFlow {p} at (0,474) size 784x18
        LayoutText {#text} at (0,0) size 359x18
          text run at (0,0) width 359: "There should be a red, white and blue pattern above this"
layer at (8,270) size 784x2 clip at (0,0) size 0x0
  LayoutBlockFlow {hr} at (0,262) size 784x2 [border: (1px inset #EEEEEE)]
