layer at (0,0) size 800x600
  LayoutView at (0,0) size 800x600
layer at (0,0) size 800x518
  LayoutBlockFlow {HTML} at (0,0) size 800x517.53
layer at (173,32) size 454x454
  LayoutBlockFlow (relative positioned) {BODY} at (173.23,32) size 453.53x453.53 [color=#FFFFFF] [bgcolor=#DD6600]
    LayoutBlockFlow {DIV} at (0,0) size 453.53x0
      LayoutBlockFlow {DIV} at (0,0) size 453.53x0
        LayoutBlockFlow {DIV} at (0,0) size 453.53x0
    LayoutBlockFlow {DIV} at (0,0) size 453.53x0
      LayoutInline {SPAN} at (0,0) size 0x0
    LayoutBlockFlow {DIV} at (0,0) size 453.53x0
      LayoutInline {SPAN} at (0,0) size 0x0
    LayoutBlockFlow {DIV} at (0,0) size 453.53x0
      LayoutInline {SPAN} at (0,0) size 0x0
    LayoutBlockFlow {DIV} at (0,0) size 453.53x0
      LayoutInline {SPAN} at (0,0) size 0x0
    LayoutBlockFlow {DIV} at (0,0) size 453.53x0
      LayoutInline {SPAN} at (0,0) size 0x0
    LayoutBlockFlow {DIV} at (0,0) size 453.53x0
      LayoutInline {SPAN} at (0,0) size 0x0
layer at (173,47) size 454x190
  LayoutBlockFlow (positioned) {H1} at (0,15.11) size 453.53x190 [color=#DD9955]
    LayoutInline {SPAN} at (0,0) size 343x192
      LayoutText {#text} at (62,-1) size 343x192
        text run at (62,-1) width 329: "CSS ZEN"
        text run at (55,94) width 343: "GARDEN"
layer at (173,119) size 454x22
  LayoutBlockFlow (positioned) {H2} at (0,87.47) size 453.53x22 [color=#EEFF00]
    LayoutInline {SPAN} at (0,0) size 206x22
      LayoutText {#text} at (124,0) size 114x22
        text run at (124,0) width 114: "The Beauty of "
      LayoutInline {ACRONYM} at (0,0) size 34x22
        LayoutText {#text} at (237,0) size 34x22
          text run at (237,0) width 34: "CSS"
      LayoutText {#text} at (270,0) size 60x22
        text run at (270,0) width 60: " Design"
layer at (173,351) size 454x135
  LayoutBlockFlow (positioned) {DIV} at (0,319.34) size 453.53x134.19
    LayoutInline {P} at (0,0) size 431x28
      LayoutInline {SPAN} at (0,0) size 431x28
        LayoutText {#text} at (11,0) size 431x28
          text run at (11,0) width 431: "Littering a dark and dreary road lay the past relics of browser-"
          text run at (11,14) width 198: "specific tags, incompatible "
        LayoutInline {ACRONYM} at (0,0) size 32x14
          LayoutText {#text} at (208,14) size 32x14
            text run at (208,14) width 32: "DOM"
        LayoutText {#text} at (239,14) size 113x14
          text run at (239,14) width 113: "s, and broken "
        LayoutInline {ACRONYM} at (0,0) size 26x14
          LayoutText {#text} at (351,14) size 26x14
            text run at (351,14) width 26: "CSS"
        LayoutText {#text} at (376,14) size 66x14
          text run at (376,14) width 66: " support."
    LayoutText {#text} at (0,0) size 0x0
    LayoutInline {P} at (0,0) size 431x42
      LayoutInline {SPAN} at (0,0) size 431x42
        LayoutText {#text} at (11,28) size 431x42
          text run at (11,28) width 430: "Today, we must clear the mind of past practices. Web"
          text run at (11,42) width 431: "enlightenment has been achieved thanks to the tireless efforts"
          text run at (11,56) width 103: "of folk like the "
        LayoutInline {ACRONYM} at (0,0) size 31x14
          LayoutText {#text} at (113,56) size 31x14
            text run at (113,56) width 31: "W3C"
        LayoutText {#text} at (143,56) size 9x14
          text run at (143,56) width 9: ", "
        LayoutInline {ACRONYM} at (0,0) size 39x14
          LayoutText {#text} at (151,56) size 39x14
            text run at (151,56) width 39: "WaSP"
        LayoutText {#text} at (189,56) size 224x14
          text run at (189,56) width 224: " and the major browser creators."
    LayoutText {#text} at (412,56) size 6x14
      text run at (412,56) width 6: " "
    LayoutInline {P} at (0,0) size 431x70
      LayoutInline {SPAN} at (0,0) size 431x70
        LayoutText {#text} at (417,56) size 431x70
          text run at (417,56) width 25: "The"
          text run at (11,70) width 431: "css Zen Garden invites you to relax and meditate on the"
          text run at (11,84) width 431: "important lessons of the masters. Begin to see with clarity."
          text run at (11,98) width 431: "Learn to use the (yet to be) time-honored techniques in new and"
          text run at (11,112) width 316: "invigorating fashion. Become one with the web."
    LayoutText {#text} at (0,0) size 0x0
layer at (321,234) size 307x81
  LayoutBlockFlow (positioned) {H3} at (147.42,-117.41) size 306.11x81.53 [color=#CCCC77] [bgcolor=#888811] [border: (3.77px solid #888811) none (3.77px solid #888811)]
    LayoutInline {SPAN} at (0,0) size 277x84
      LayoutText {#text} at (46,-1) size 277x84
        text run at (46,-1) width 230: "The Road to"
        text run at (3,35) width 277: "Enlightenment"
