layer at (0,0) size 800x600
  LayoutView at (0,0) size 800x600
layer at (0,0) size 800x153
  LayoutBlockFlow {HTML} at (0,0) size 800x153
    LayoutBlockFlow {BODY} at (8,16) size 784x129
      LayoutBlockFlow {P} at (0,0) size 784x20
        LayoutText {#text} at (0,0) size 489x19
          text run at (0,0) width 489: "Test passes if, when the link is focused for editing, the text insertion caret is green."
      LayoutBlockFlow {P} at (0,36) size 784x20
        LayoutText {#text} at (0,0) size 416x19
          text run at (0,0) width 416: "The shape of the caret, and whether it flashes, are not part of the test."
      LayoutBlockFlow (anonymous) at (0,72) size 784x57
        LayoutInline {A} at (0,0) size 99x75 [color=#FFFFFF] [bgcolor=#000000]
          LayoutText {#text} at (10,1) size 79x55
            text run at (10,1) width 79: "link"
        LayoutText {#text} at (0,0) size 0x0
caret: position 0 of child 0 {#text} of child 5 {A} of body
