layer at (0,0) size 720x540
  LayoutView at (0,0) size 720x540
layer at (0,0) size 720x62
  LayoutBlockFlow {HTML} at (0,0) size 720x61.56
    LayoutBlockFlow {BODY} at (7.19,7.19) size 705.63x47.19
      LayoutText {#text} at (0,0) size 0x0
layer at (7,7) size 187x43 clip at (9,9) size 184x40
  LayoutTextControl {TEXTAREA} at (0,0) size 187.19x43.19 [bgcolor=#FFFFFF] [border: (1.80px solid #000000)]
    LayoutBlockFlow {DIV} at (3.59,3.59) size 180x15
      LayoutText {#text} at (0,0) size 63x15
        text run at (0,0) width 63: "Some text"
caret: position 0 of child 0 {#text} of child 0 {DIV} of {#document-fragment} of child 0 {TEXTAREA} of body
