layer at (0,0) size 800x600
  LayoutView at (0,0) size 800x600
layer at (0,0) size 800x321
  LayoutBlockFlow {HTML} at (0,0) size 800x321
    LayoutBlockFlow {BODY} at (8,8) size 784x305
      LayoutText {#text} at (0,0) size 0x0
layer at (8,8) size 400x300
  LayoutVideo {VIDEO} at (0,0) size 400x300
layer at (8,8) size 400x300
  LayoutFlexibleBox (relative positioned) {DIV} at (0,0) size 400x300
    LayoutFlexibleBox {DIV} at (0,0) size 400x300
layer at (8,8) size 400x300
  LayoutBlockFlow (positioned) {DIV} at (0,0) size 400x300
layer at (8,8) size 400x300
  LayoutFlexibleBox {DIV} at (0,0) size 400x300
layer at (8,236) size 400x48
  LayoutFlexibleBox (relative positioned) {DIV} at (0,228) size 400x48
    LayoutButton {INPUT} at (0,0) size 48x48
    LayoutBlockFlow {DIV} at (48,0) size 28x48 [color=#FFFFFF]
      LayoutText {#text} at (0,16) size 28x16
        text run at (0,16) width 28: "0:00"
    LayoutBlockFlow {DIV} at (80,0) size 36x48 [color=#FFFFFF]
      LayoutText {#text} at (0,16) size 36x16
        text run at (0,16) width 36: "/ 0:06"
    LayoutBlockFlow {DIV} at (116,48) size 188x0
    LayoutButton {INPUT} at (304,0) size 48x48
    LayoutButton {INPUT} at (352,0) size 48x48
layer at (312,236) size 0x48 transparent
  LayoutSlider {INPUT} at (304,0) size 0x48 [color=#9D968E]
    LayoutFlexibleBox {DIV} at (0,22) size 0x4
layer at (312,258) size 12x4
  LayoutBlockFlow (relative positioned) {DIV} at (0,0) size 12x4 [bgcolor=#FFFFFF4D]
    LayoutBlockFlow {DIV} at (0,-4) size 12x12 [bgcolor=#FFFFFF]
layer at (312,258) size 12x4
  LayoutBlockFlow (positioned) {DIV} at (0,0) size 12x4
layer at (312,258) size 0x4
  LayoutBlockFlow (positioned) {DIV} at (0,0) size 0x4 [bgcolor=#FFFFFF]
layer at (312,258) size 12x4
  LayoutBlockFlow (positioned) {DIV} at (0,0) size 12x4 [bgcolor=#FFFFFF8A]
layer at (8,284) size 400x24
  LayoutSlider {INPUT} at (0,276) size 400x24 [color=#9D968E]
    LayoutFlexibleBox {DIV} at (16,0) size 368x4
layer at (24,284) size 368x4
  LayoutBlockFlow (relative positioned) {DIV} at (0,0) size 368x4 [bgcolor=#FFFFFF4D]
layer at (24,280) size 12x12
  LayoutBlockFlow (relative positioned) {DIV} at (0,-4) size 12x12 [bgcolor=#FFFFFF]
layer at (24,284) size 368x4
  LayoutBlockFlow (positioned) {DIV} at (0,0) size 368x4
layer at (24,284) size 0x4
  LayoutBlockFlow (positioned) {DIV} at (0,0) size 0x4 [bgcolor=#FFFFFF]
layer at (24,284) size 368x4
  LayoutBlockFlow (positioned) {DIV} at (0,0) size 368x4 [bgcolor=#FFFFFF8A]
