layer at (0,0) size 800x600 clip at (0,0) size 785x600 scrollHeight 782
  LayoutView at (0,0) size 800x600
layer at (0,0) size 785x550
  LayoutBlockFlow {HTML} at (0,0) size 785x550
    LayoutBlockFlow {BODY} at (8,16) size 769x526
      LayoutBlockFlow {P} at (0,0) size 769x20
        LayoutText {#text} at (0,0) size 252x19
          text run at (0,0) width 252: "Test controls rendering with cast button."
      LayoutBlockFlow {DIV} at (0,36) size 769x245
        LayoutText {#text} at (0,0) size 0x0
      LayoutBlockFlow {DIV} at (0,281) size 769x245
        LayoutText {#text} at (0,0) size 0x0
      LayoutBlockFlow {DIV} at (0,526) size 769x0
layer at (8,52) size 320x240
  LayoutVideo {VIDEO} at (0,0) size 320x240
layer at (8,297) size 320x240
  LayoutVideo {VIDEO} at (0,0) size 320x240
layer at (8,52) size 320x240
  LayoutFlexibleBox (relative positioned) {DIV} at (0,0) size 320x240
    LayoutBlockFlow {DIV} at (160,0) size 0x0
    LayoutFlexibleBox {DIV} at (0,0) size 320x240
layer at (8,52) size 320x240
  LayoutFlexibleBox {DIV} at (0,0) size 320x240
layer at (8,52) size 320x221 clip at (10,54) size 316x217
  LayoutButton (relative positioned) {INPUT} at (0,0) size 320x221 [border: (2px outset #C0C0C0)]
    LayoutFlexibleBox (anonymous) at (8,82.50) size 304x56
      LayoutBlockFlow {DIV} at (124,0) size 56x56 [bgcolor=#FFFFFFE6]
layer at (8,212) size 320x48
  LayoutFlexibleBox (relative positioned) {DIV} at (0,160) size 320x48
    LayoutBlockFlow {DIV} at (16,0) size 28x48 [color=#FFFFFF]
      LayoutText {#text} at (0,16) size 28x16
        text run at (0,16) width 28: "0:00"
    LayoutBlockFlow {DIV} at (48,0) size 36x48 [color=#FFFFFF]
      LayoutText {#text} at (0,16) size 36x16
        text run at (0,16) width 36: "/ 0:06"
    LayoutBlockFlow {DIV} at (84,48) size 82x0
    LayoutButton {INPUT} at (166,0) size 48x48
    LayoutButton {INPUT} at (214,0) size 48x48
    LayoutButton {INPUT} at (262,0) size 48x48
layer at (8,260) size 320x32
  LayoutSlider {INPUT} at (0,208) size 320x32 [color=#9D968E]
    LayoutFlexibleBox {DIV} at (16,16) size 288x4
layer at (24,276) size 288x4
  LayoutBlockFlow (relative positioned) {DIV} at (0,0) size 288x4 [bgcolor=#FFFFFF4D]
layer at (24,272) size 12x12
  LayoutBlockFlow (relative positioned) {DIV} at (0,-4) size 12x12 [bgcolor=#FFFFFF]
layer at (24,276) size 288x4
  LayoutBlockFlow (positioned) {DIV} at (0,0) size 288x4
layer at (24,276) size 0x4
  LayoutBlockFlow (positioned) {DIV} at (0,0) size 0x4 [bgcolor=#FFFFFF]
layer at (24,276) size 288x4
  LayoutBlockFlow (positioned) {DIV} at (0,0) size 288x4 [bgcolor=#FFFFFF8A]
layer at (8,297) size 320x240
  LayoutFlexibleBox (relative positioned) {DIV} at (0,0) size 320x240
    LayoutBlockFlow {DIV} at (160,0) size 0x0
    LayoutFlexibleBox {DIV} at (0,0) size 320x240
layer at (8,297) size 320x240
  LayoutFlexibleBox {DIV} at (0,0) size 320x240
layer at (8,297) size 320x221 clip at (10,299) size 316x217
  LayoutButton (relative positioned) {INPUT} at (0,0) size 320x221 [border: (2px outset #C0C0C0)]
    LayoutFlexibleBox (anonymous) at (8,82.50) size 304x56
      LayoutBlockFlow {DIV} at (124,0) size 56x56 [bgcolor=#FFFFFFE6]
layer at (8,457) size 320x48
  LayoutFlexibleBox (relative positioned) {DIV} at (0,160) size 320x48
    LayoutBlockFlow {DIV} at (16,0) size 28x48 [color=#FFFFFF]
      LayoutText {#text} at (0,16) size 28x16
        text run at (0,16) width 28: "0:00"
    LayoutBlockFlow {DIV} at (48,0) size 36x48 [color=#FFFFFF]
      LayoutText {#text} at (0,16) size 36x16
        text run at (0,16) width 36: "/ 0:06"
    LayoutBlockFlow {DIV} at (84,48) size 82x0
    LayoutButton {INPUT} at (166,0) size 48x48
    LayoutButton {INPUT} at (214,0) size 48x48
    LayoutButton {INPUT} at (262,0) size 48x48
layer at (8,505) size 320x32
  LayoutSlider {INPUT} at (0,208) size 320x32 [color=#9D968E]
    LayoutFlexibleBox {DIV} at (16,16) size 288x4
layer at (24,521) size 288x4
  LayoutBlockFlow (relative positioned) {DIV} at (0,0) size 288x4 [bgcolor=#FFFFFF4D]
layer at (24,517) size 12x12
  LayoutBlockFlow (relative positioned) {DIV} at (0,-4) size 12x12 [bgcolor=#FFFFFF]
layer at (24,521) size 288x4
  LayoutBlockFlow (positioned) {DIV} at (0,0) size 288x4
layer at (24,521) size 0x4
  LayoutBlockFlow (positioned) {DIV} at (0,0) size 0x4 [bgcolor=#FFFFFF]
layer at (24,521) size 288x4
  LayoutBlockFlow (positioned) {DIV} at (0,0) size 288x4 [bgcolor=#FFFFFF8A]
layer at (8,542) size 320x240 backgroundClip at (0,0) size 785x600 clip at (0,0) size 785x600
  LayoutVideo (positioned) {VIDEO} at (8,542) size 320x240
layer at (8,542) size 320x240 backgroundClip at (0,0) size 785x600 clip at (0,0) size 785x600
  LayoutFlexibleBox (relative positioned) {DIV} at (0,0) size 320x240
    LayoutBlockFlow {DIV} at (160,0) size 0x0
    LayoutFlexibleBox {DIV} at (0,0) size 320x240
layer at (8,542) size 320x240 backgroundClip at (8,542) size 320x58 clip at (8,542) size 320x58
  LayoutFlexibleBox {DIV} at (0,0) size 320x240
layer at (8,542) size 320x221 backgroundClip at (8,542) size 320x58 clip at (10,544) size 316x56
  LayoutButton (relative positioned) {INPUT} at (0,0) size 320x221 [border: (2px outset #C0C0C0)]
    LayoutFlexibleBox (anonymous) at (8,82.50) size 304x56
      LayoutBlockFlow {DIV} at (124,0) size 56x56 [bgcolor=#FFFFFFE6]
layer at (8,702) size 320x48 backgroundClip at (0,0) size 0x0 clip at (0,0) size 0x0
  LayoutFlexibleBox (relative positioned) {DIV} at (0,160) size 320x48
    LayoutBlockFlow {DIV} at (16,0) size 28x48 [color=#FFFFFF]
      LayoutText {#text} at (0,16) size 28x16
        text run at (0,16) width 28: "0:00"
    LayoutBlockFlow {DIV} at (48,0) size 36x48 [color=#FFFFFF]
      LayoutText {#text} at (0,16) size 36x16
        text run at (0,16) width 36: "/ 0:06"
    LayoutBlockFlow {DIV} at (84,48) size 82x0
    LayoutButton {INPUT} at (166,0) size 48x48
    LayoutButton {INPUT} at (214,0) size 48x48
    LayoutButton {INPUT} at (262,0) size 48x48
layer at (8,750) size 320x32 backgroundClip at (8,542) size 320x58 clip at (8,542) size 320x58
  LayoutSlider {INPUT} at (0,208) size 320x32 [color=#9D968E]
    LayoutFlexibleBox {DIV} at (16,16) size 288x4
layer at (24,766) size 288x4 backgroundClip at (8,542) size 320x58 clip at (8,542) size 320x58
  LayoutBlockFlow (relative positioned) {DIV} at (0,0) size 288x4 [bgcolor=#FFFFFF4D]
layer at (24,762) size 12x12 backgroundClip at (8,542) size 320x58 clip at (8,542) size 320x58
  LayoutBlockFlow (relative positioned) {DIV} at (0,-4) size 12x12 [bgcolor=#FFFFFF]
layer at (24,766) size 288x4 backgroundClip at (0,0) size 0x0 clip at (0,0) size 0x0
  LayoutBlockFlow (positioned) {DIV} at (0,0) size 288x4
layer at (24,766) size 0x4
  LayoutBlockFlow (positioned) {DIV} at (0,0) size 0x4 [bgcolor=#FFFFFF]
layer at (24,766) size 288x4 backgroundClip at (0,0) size 0x0 clip at (0,0) size 0x0
  LayoutBlockFlow (positioned) {DIV} at (0,0) size 288x4 [bgcolor=#FFFFFF8A]
