EDITING DELEGATE: webViewDidChangeSelection:WebViewDidChangeSelectionNotification
EDITING DELEGATE: webViewDidChangeSelection:WebViewDidChangeSelectionNotification
EDITING DELEGATE: webViewDidChangeSelection:WebViewDidChangeSelectionNotification
EDITING DELEGATE: webViewDidChangeSelection:WebViewDidChangeSelectionNotification
layer at (0,0) size 800x600
  LayoutView at (0,0) size 800x600
layer at (0,0) size 800x600
  LayoutBlockFlow {HTML} at (0,0) size 800x600
    LayoutBlockFlow {BODY} at (8,8) size 784x584
      LayoutBlockFlow {P} at (0,0) size 784x40
        LayoutText {#text} at (0,0) size 762x39
          text run at (0,0) width 737: "This tests that when a selection that ends at [replaced element, 0] is painted, the replaced element doesn't appear selected. "
          text run at (737,0) width 25: "This"
          text run at (0,20) width 280: "test uses a select box for the replaced element."
      LayoutBlockFlow {DIV} at (0,56) size 784x40
        LayoutText {#text} at (0,0) size 22x19
          text run at (0,0) width 22: "abc"
        LayoutBR {BR} at (22,15) size 0x0
        LayoutMenuList {SELECT} at (0,20) size 233x20 [bgcolor=#FFFFFF] [border: (1px solid #A9A9A9)]
          LayoutBlockFlow (anonymous) at (1,1) size 231x18
            LayoutText (anonymous) at (4,1) size 211x16
              text run at (4,1) width 211: "this select box shouldn't be selected"
        LayoutText {#text} at (0,0) size 0x0
selection start: position 1 of child 0 {#text} of child 3 {DIV} of body
selection end:   position 1 of child 1 {BR} of child 3 {DIV} of body
