layer at (0,0) size 800x600
  LayoutView at (0,0) size 800x600
layer at (0,0) size 800x52
  LayoutBlockFlow {html} at (0,0) size 800x52
    LayoutBlockFlow (anonymous) at (0,0) size 800x0
      LayoutInline {body} at (0,0) size 0x0 [color=#000080]
    LayoutBlockFlow {body} at (8,16) size 784x20 [color=#000080]
      LayoutBlockFlow {p} at (0,0) size 784x20
        LayoutText {#text} at (0,0) size 225x19
          text run at (0,0) width 225: "The entire viewport should be yellow."
