layer at (0,0) size 800x600
  LayoutView at (0,0) size 800x600
layer at (0,0) size 800x0
  LayoutBlockFlow {HTML} at (0,0) size 800x0
layer at (0,0) size 800x20
  LayoutBlockFlow (positioned) {HEAD} at (0,0) size 800x20
layer at (0,0) size 800x20
  LayoutBlockFlow (positioned) {BODY} at (0,0) size 800x20 [color=#000080]
    LayoutBlockFlow {P} at (0,0) size 800x20
      LayoutText {#text} at (0,0) size 258x19
        text run at (0,0) width 258: "This line should have a yellow background."
