layer at (0,0) size 800x600
  LayoutView at (0,0) size 800x600
layer at (0,0) size 800x600
  LayoutBlockFlow {HTML} at (0,0) size 800x600
    LayoutBlockFlow {BODY} at (8,8) size 784x584
      LayoutBlockFlow {DIV} at (0,0) size 784x20
        LayoutText {#text} at (0,0) size 35x19
          text run at (0,0) width 35: "Both "
        LayoutText {#text} at (0,0) size 0x0
layer at (8,8) size 348x23
  LayoutInline (relative positioned) {A} at (0,0) size 348x23 [color=#0000EE] [border: (2px solid #FF0000)]
    LayoutText {#text} at (37,0) size 53x19
      text run at (37,0) width 53: "this and "
    LayoutText {#text} at (373,0) size 4x19
      text run at (373,0) width 4: " "
    LayoutText {#text} at (377,0) size 4x19
      text run at (377,0) width 4: "."
layer at (8,168) size 283x23
  LayoutInline (relative positioned) {SPAN} at (0,0) size 283x23 [border: (2px solid #0000FF)]
    LayoutText {#text} at (92,0) size 279x19
      text run at (92,0) width 279: "this should have correctly placed focus rings"
layer at (385,200) size 74x24
  LayoutBlockFlow (positioned) {SPAN} at (377,194) size 74x24 [border: (2px solid #008000)]
    LayoutText {#text} at (2,2) size 70x19
      text run at (2,2) width 70: "but not this"
