layer at (0,0) size 800x600
  LayoutView at (0,0) size 800x600
layer at (0,0) size 800x235
  LayoutBlockFlow {HTML} at (0,0) size 800x235
    LayoutBlockFlow {BODY} at (8,8) size 784x219
      LayoutBR {BR} at (0,0) size 0x19
      LayoutText {#text} at (0,20) size 499x19
        text run at (0,20) width 499: "This is a test to see if a file:// url is sent out as the referrer for a subresource load"
      LayoutBR {BR} at (499,20) size 0x19
      LayoutText {#text} at (304,179) size 4x19
        text run at (304,179) width 4: " "
      LayoutBR {BR} at (308,179) size 0x19
      LayoutText {#text} at (0,199) size 389x19
        text run at (0,199) width 389: "The above image will tell you success or failure - green or red"
      LayoutBR {BR} at (389,199) size 0x19
layer at (8,48) size 304x154
  LayoutIFrame {IFRAME} at (0,40) size 304x154 [border: (2px inset #EEEEEE)]
    layer at (0,0) size 300x150
      LayoutView at (0,0) size 300x150
    layer at (0,0) size 300x150
      LayoutBlockFlow {HTML} at (0,0) size 300x150
        LayoutBlockFlow {BODY} at (8,8) size 284x134
          LayoutImage {IMG} at (0,0) size 250x50
