layer at (0,0) size 800x600
  LayoutView at (0,0) size 800x600
layer at (0,0) size 800x600
  LayoutBlockFlow {html} at (0,0) size 800x600
    LayoutBlockFlow {body} at (48,30.72) size 752x162.64
      LayoutBlockFlow {h1} at (0,0) size 691.83x31
        LayoutText {#text} at (0,0) size 387x30
          text run at (0,0) width 387: "scalable fullscreen background"
      LayoutBlockFlow {h4} at (0,31) size 752x16
        LayoutText {#text} at (0,0) size 125x16
          text run at (0,0) width 125: "WICD Core 1.0 #12"
      LayoutBlockFlow {p} at (0,66.14) size 691.83x34
        LayoutText {#text} at (0,0) size 689x34
          text run at (0,0) width 625: "This text is XHTML main layer content, which must overlay a lightblue SVG-background image with "
          text run at (625,0) width 64: "text ('SVG"
          text run at (0,17) width 630: "background image'). The SVG background image must cover the complete XHTML-background area."
      LayoutBlockFlow {p} at (0,105.89) size 691.83x34
        LayoutText {#text} at (0,0) size 683x34
          text run at (0,0) width 683: "This test has failed, if you don't see any graphics on the background. (your user agent does not support SVG as"
          text run at (0,17) width 124: "background image)."
      LayoutBlockFlow {p} at (0,145.64) size 691.83x17
        LayoutInline {a} at (0,0) size 31x17 [color=#000066]
          LayoutText {#text} at (0,0) size 31x17
            text run at (0,0) width 31: "Back"
