layer at (0,0) size 800x600
  LayoutView at (0,0) size 800x600
layer at (0,0) size 800x550
  LayoutBlockFlow {html} at (0,0) size 800x549.86
    LayoutBlockFlow {body} at (48,30.72) size 752x511.14
      LayoutBlockFlow {div} at (0,0) size 752x511.14
        LayoutBlockFlow {h1} at (0,0) size 691.83x31
          LayoutText {#text} at (0,0) size 219x30
            text run at (0,0) width 219: "rightsizing to box"
        LayoutBlockFlow {h4} at (0,31) size 752x16
          LayoutText {#text} at (0,0) size 138x16
            text run at (0,0) width 138: "WICD Core 1.0 #20-1"
        LayoutBlockFlow {div} at (0,66.14) size 176x62 [bgcolor=#FF0000]
          LayoutImage {object} at (0,0) size 176x62
          LayoutText {#text} at (0,0) size 0x0
        LayoutBlockFlow (anonymous) at (0,128.14) size 752x19
          LayoutBR {br} at (0,0) size 0x18
        LayoutBlockFlow {div} at (0,147.14) size 176x62 [bgcolor=#FF0000]
          LayoutText {#text} at (0,0) size 0x0
        LayoutBlockFlow {p} at (0,212.02) size 691.83x34
          LayoutText {#text} at (0,0) size 675x34
            text run at (0,0) width 675: "Above there must be a GIF- and a SVG-image visible. Both are referenced by an object element (width:100%,"
            text run at (0,17) width 506: "no defined height) and each nested into a div element (width:176px, height:62px)."
        LayoutBlockFlow {div} at (0,251.77) size 176x62 [bgcolor=#FF0000]
          LayoutImage {object} at (0,0) size 176x62
          LayoutText {#text} at (0,0) size 0x0
        LayoutBlockFlow (anonymous) at (0,313.77) size 752x19
          LayoutBR {br} at (0,0) size 0x18
        LayoutBlockFlow {div} at (0,332.77) size 176x62 [bgcolor=#FF0000]
          LayoutText {#text} at (0,0) size 0x0
        LayoutBlockFlow {p} at (0,397.64) size 691.83x34
          LayoutText {#text} at (0,0) size 661x34
            text run at (0,0) width 661: "Above there must be a GIF- and a SVG-image visible. Both are referenced by an object element (no defined"
            text run at (0,17) width 520: "width, height:100%) and each nested into a div element (width:176px, height:62px)."
        LayoutBlockFlow {p} at (0,437.39) size 691.83x34
          LayoutText {#text} at (0,0) size 678x34
            text run at (0,0) width 678: "This tests have succeeded, if in both cases, the look (dimensions) of the SVG and the GIF are exactly the same"
            text run at (0,17) width 418: "(except the text apparently) and no red background color is visible."
        LayoutBlockFlow {p} at (0,477.14) size 691.83x34
          LayoutBR {br} at (0,0) size 0x17
          LayoutInline {a} at (0,0) size 31x17 [color=#000066]
            LayoutText {#text} at (0,17) size 31x17
              text run at (0,17) width 31: "Back"
layer at (48,178) size 176x62
  LayoutEmbeddedObject {object} at (0,0) size 176x62
    layer at (0,0) size 176x62
      LayoutView at (0,0) size 176x62
    layer at (0,0) size 176x62
      LayoutSVGRoot {svg} at (0,0) size 176x62
        LayoutSVGRect {rect} at (0,0) size 176x62 [fill={[type=SOLID] [color=#CCCCCC]}] [x=0.00] [y=0.00] [width=176.00] [height=62.00]
        LayoutSVGRect {rect} at (2,2) size 174x60 [fill={[type=SOLID] [color=#333333]}] [x=2.00] [y=2.00] [width=174.00] [height=60.00]
        LayoutSVGRect {rect} at (2,2) size 172x58 [fill={[type=SOLID] [color=#FFFFFF]}] [x=2.00] [y=2.00] [width=172.00] [height=58.00]
        LayoutSVGRect {rect} at (86,2) size 88x58 [fill={[type=SOLID] [color=#FFCC33]}] [x=86.00] [y=2.00] [width=88.00] [height=58.00]
        LayoutSVGText {text} at (46.50,10) size 79x46 contains 1 chunk(s)
          LayoutSVGInlineText {#text} at (46.50,10) size 79x46
            chunk 1 (middle anchor) text run 1 at (46.50,46.00) startOffset 0 endOffset 3 width 79.00: "SVG"
layer at (48,363) size 176x62
  LayoutEmbeddedObject {object} at (0,0) size 176x62
    layer at (0,0) size 176x62
      LayoutView at (0,0) size 176x62
    layer at (0,0) size 176x62
      LayoutSVGRoot {svg} at (0,0) size 176x62
        LayoutSVGRect {rect} at (0,0) size 176x62 [fill={[type=SOLID] [color=#CCCCCC]}] [x=0.00] [y=0.00] [width=176.00] [height=62.00]
        LayoutSVGRect {rect} at (2,2) size 174x60 [fill={[type=SOLID] [color=#333333]}] [x=2.00] [y=2.00] [width=174.00] [height=60.00]
        LayoutSVGRect {rect} at (2,2) size 172x58 [fill={[type=SOLID] [color=#FFFFFF]}] [x=2.00] [y=2.00] [width=172.00] [height=58.00]
        LayoutSVGRect {rect} at (86,2) size 88x58 [fill={[type=SOLID] [color=#FFCC33]}] [x=86.00] [y=2.00] [width=88.00] [height=58.00]
        LayoutSVGText {text} at (46.50,10) size 79x46 contains 1 chunk(s)
          LayoutSVGInlineText {#text} at (46.50,10) size 79x46
            chunk 1 (middle anchor) text run 1 at (46.50,46.00) startOffset 0 endOffset 3 width 79.00: "SVG"
