layer at (0,0) size 800x600
  LayoutView at (0,0) size 800x600
layer at (0,0) size 800x600
  LayoutBlockFlow {HTML} at (0,0) size 800x600
    LayoutBlockFlow {BODY} at (8,8) size 784x584
layer at (8,8) size 153x18
  LayoutButton (positioned) {BUTTON} at (8,8) size 153.25x18 [bgcolor=#FFFFFF] [border: (1px solid #D8D8D8) (1px solid #D1D1D1) (1px solid #BABABA) (1px solid #D1D1D1)]
    LayoutBlockFlow (anonymous) at (8,2) size 137.25x13
      LayoutText {#text} at (0,0) size 138x13
        text run at (0,0) width 138: "This button is positioned."
layer at (8,8) size 175x18
  LayoutButton (positioned) {INPUT} at (8,8) size 174.86x18 [bgcolor=#FFFFFF]
    LayoutBlockFlow (anonymous) at (8,2) size 158.86x13
      LayoutText {#text} at (0,0) size 159x13
        text run at (0,0) width 159: "This button is also positioned"
