layer at (0,0) size 800x600
  LayoutView at (0,0) size 800x600
layer at (0,0) size 800x600
  LayoutBlockFlow {HTML} at (0,0) size 800x600
    LayoutBlockFlow {BODY} at (8,8) size 784x584
      LayoutText {#text} at (0,0) size 533x18
        text run at (0,0) width 533: "This tests that we don't honor line-height for controls that have restricted font size. "
      LayoutBR {BR} at (0,0) size 0x0
      LayoutMenuList {SELECT} at (0,19) size 309x18 [bgcolor=#F8F8F8]
        LayoutBlockFlow (anonymous) at (0,0) size 309x18
          LayoutText (anonymous) at (8,2) size 278x13
            text run at (8,2) width 278: "This text should be centered vertically in the button"
      LayoutText {#text} at (309,18) size 4x18
        text run at (309,18) width 4: " "
      LayoutBR {BR} at (0,0) size 0x0
      LayoutButton {INPUT} at (0,38) size 293.16x18 [bgcolor=#FFFFFF]
        LayoutBlockFlow (anonymous) at (8,2) size 277.16x13
          LayoutText {#text} at (0,0) size 278x13
            text run at (0,0) width 278: "This text should be centered vertically in the button"
      LayoutText {#text} at (293,37) size 5x18
        text run at (293,37) width 5: " "
      LayoutBR {BR} at (0,0) size 0x0
      LayoutTextControl {INPUT} at (0,56) size 125x19 [bgcolor=#FFFFFF] [border: (2px inset #EEEEEE)]
        LayoutFlexibleBox {DIV} at (4,3) size 117x13
          LayoutBlockFlow {DIV} at (0,0) size 105x13
      LayoutText {#text} at (0,0) size 0x0
layer at (12,67) size 105x13 scrollWidth 278
  LayoutBlockFlow {DIV} at (0,0) size 105x13
    LayoutText {#text} at (0,0) size 278x13
      text run at (0,0) width 278: "This text should be centered vertically in the button"
layer at (118,68) size 11x11 transparent
  LayoutBlockFlow {DIV} at (106,1) size 11x11
