layer at (0,0) size 800x600
  LayoutView at (0,0) size 800x600
layer at (0,0) size 800x124
  LayoutBlockFlow {html} at (0,0) size 800x124
    LayoutBlockFlow {body} at (8,16) size 784x92
      LayoutBlockFlow {div} at (0,0) size 784x92
        LayoutBlockFlow {p} at (0,0) size 784x20 [bgcolor=#00FF00]
          LayoutText {#text} at (0,0) size 282x19
            text run at (0,0) width 282: "This paragraph should have green background."
        LayoutBlockFlow {address} at (0,36) size 784x20
          LayoutText {#text} at (0,0) size 227x19
            text run at (0,0) width 227: "But this address should be unstyled."
        LayoutBlockFlow {p} at (0,72) size 784x20 [bgcolor=#00FF00]
          LayoutText {#text} at (0,0) size 282x19
            text run at (0,0) width 282: "This paragraph should have green background."
