layer at (0,0) size 800x600
  LayoutView at (0,0) size 800x600
layer at (0,0) size 800x152
  LayoutBlockFlow {html} at (0,0) size 800x152
    LayoutBlockFlow {body} at (8,8) size 784x128
      LayoutBlockFlow {div} at (0,0) size 784x128
        LayoutBlockFlow {address} at (0,0) size 784x20 [color=#008000]
          LayoutText {#text} at (0,0) size 275x19
            text run at (0,0) width 275: "This address should be in green characters."
        LayoutBlockFlow {s} at (0,36) size 784x20 [color=#008000]
          LayoutText {#text} at (0,0) size 273x19
            text run at (0,0) width 273: "This paragraph should be in green characters."
        LayoutBlockFlow {t} at (0,72) size 784x20 [color=#008000]
          LayoutText {#text} at (0,0) size 273x19
            text run at (0,0) width 273: "This paragraph should be in green characters."
        LayoutBlockFlow {u} at (0,108) size 784x20 [color=#FF0000]
          LayoutInline {v} at (0,0) size 273x19 [color=#008000]
            LayoutText {#text} at (0,0) size 273x19
              text run at (0,0) width 273: "This paragraph should be in green characters."
          LayoutText {#text} at (0,0) size 0x0
