layer at (0,0) size 800x600
  LayoutView at (0,0) size 800x600
layer at (0,0) size 800x80
  LayoutBlockFlow {html} at (0,0) size 800x80
    LayoutBlockFlow {body} at (8,16) size 784x56
      LayoutBlockFlow {p} at (0,0) size 784x20 [bgcolor=#00FF00]
        LayoutText {#text} at (0,0) size 466x19
          text run at (0,0) width 466: "This paragraph should have green background because its language is \"en-gb\""
      LayoutBlockFlow {address} at (0,36) size 784x20 [bgcolor=#00FF00]
        LayoutInline {span} at (0,0) size 155x19
          LayoutText {#text} at (0,0) size 155x19
            text run at (0,0) width 155: "This address should also"
        LayoutText {#text} at (155,0) size 4x19
          text run at (155,0) width 4: " "
        LayoutInline {span} at (0,0) size 509x19
          LayoutText {#text} at (159,0) size 509x19
            text run at (159,0) width 421: "have green background because the language of the inner SPANs "
            text run at (580,0) width 88: "is not French."
        LayoutText {#text} at (0,0) size 0x0
