layer at (0,0) size 800x600
  LayoutView at (0,0) size 800x600
layer at (0,0) size 800x174
  LayoutBlockFlow {HTML} at (0,0) size 800x174.44
    LayoutBlockFlow {BODY} at (8,18.72) size 784x139.72
      LayoutBlockFlow {H3} at (0,0) size 784x23
        LayoutText {#text} at (0,0) size 782x22
          text run at (0,0) width 782: "The glyph for JHA should look different for Nepali and Hindi, depending on the lang attribute."
      LayoutBlockFlow {P} at (0,41.72) size 784x22
        LayoutText {#text} at (0,1) size 86x21
          text run at (0,1) width 86: "Hindi:JHA \x{91D}"
      LayoutBlockFlow {P} at (0,79.72) size 784x22
        LayoutText {#text} at (0,1) size 95x21
          text run at (0,1) width 95: "Nepali:JHA \x{91D}"
      LayoutBlockFlow {P} at (0,117.72) size 784x22
        LayoutText {#text} at (0,1) size 80x21
          text run at (0,1) width 80: "Nepali:JHA "
        LayoutInline {SPAN} at (0,0) size 15x21
          LayoutText {#text} at (80,1) size 15x21
            text run at (80,1) width 15: "\x{91D}"
        LayoutText {#text} at (95,1) size 288x21
          text run at (95,1) width 288: " - \"ne\" in \"hi\" should look the same as above."
