layer at (0,0) size 800x600
  LayoutView at (0,0) size 800x600
layer at (0,0) size 800x600
  LayoutBlockFlow {HTML} at (0,0) size 800x600
    LayoutBlockFlow {BODY} at (8,8) size 784x576
      LayoutBlockFlow (anonymous) at (0,0) size 784x20
        LayoutText {#text} at (0,0) size 279x19
          text run at (0,0) width 279: "The following two lines should be the same:"
      LayoutBlockFlow {P} at (0,36) size 784x20
        LayoutText {#text} at (0,0) size 66x19
          text run at (0,0) width 66 LTR override: "abc\x{5D2}\x{5D1}\x{5D0}\x{661}\x{662}\x{663}"
      LayoutBlockFlow {P} at (0,72) size 784x20
        LayoutText {#text} at (0,0) size 66x19
          text run at (0,0) width 66 LTR override: "abc\x{5D2}\x{5D1}\x{5D0}\x{661}\x{662}\x{663}"
