layer at (0,0) size 800x600
  LayoutView at (0,0) size 800x600
layer at (0,0) size 800x132
  LayoutNGBlockFlow {test} at (0,0) size 800x132
    LayoutNGBlockFlow {p} at (0,16) size 800x100
      LayoutInline (anonymous) at (0,0) size 800x99
        LayoutText {#text} at (0,0) size 800x99
          text run at (0,0) width 800: "This very long paragraph should have a first line with green background. This very long paragraph should have a first line with"
          text run at (0,20) width 790: "green background. This very long paragraph should have a first line with green background. This very long paragraph should"
          text run at (0,40) width 777: "have a first line with green background. This very long paragraph should have a first line with green background. This very"
          text run at (0,60) width 775: "long paragraph should have a first line with green background. This very long paragraph should have a first line with green"
          text run at (0,80) width 79: "background."
