layer at (0,0) size 800x600
  LayoutView at (0,0) size 800x600
layer at (0,0) size 800x128
  LayoutNGBlockFlow {test} at (0,0) size 800x128
    LayoutNGBlockFlow {div} at (0,0) size 800x112
      LayoutNGBlockFlow (anonymous) at (0,0) size 800x20
        LayoutText {#text} at (0,0) size 188x19
          text run at (0,0) width 188: "This div contains 3 addresses:"
      LayoutNGBlockFlow {address} at (16,20) size 784x20 [bgcolor=#00FF00]
        LayoutText {#text} at (0,0) size 328x19
          text run at (0,0) width 328: "A first address that should have a green background"
      LayoutNGBlockFlow {address} at (16,56) size 784x20
        LayoutText {#text} at (0,0) size 270x19
          text run at (0,0) width 270: "A second address with normal background"
      LayoutNGBlockFlow {address} at (16,92) size 784x20
        LayoutText {#text} at (0,0) size 255x19
          text run at (0,0) width 255: "A third address with normal background"
