layer at (0,0) size 800x600
  LayoutView at (0,0) size 800x600
layer at (0,0) size 800x600
  LayoutBlockFlow {HTML} at (0,0) size 800x600
    LayoutBlockFlow {BODY} at (8,8) size 784x584
      LayoutBlockFlow {P} at (0,0) size 784x18
        LayoutText {#text} at (0,0) size 591x18
          text run at (0,0) width 591: "The following 4 images should be all be rendered exactly the same, aligned to the right side."
      LayoutBlockFlow (anonymous) at (0,34) size 784x108
        LayoutImage (floating) {INPUT} at (767,0) size 17x19
        LayoutBR {BR} at (0,0) size 0x18
        LayoutBR {BR} at (0,18) size 0x18
        LayoutImage (floating) {INPUT} at (767,36) size 17x19
        LayoutBR {BR} at (0,36) size 0x18
        LayoutBR {BR} at (0,54) size 0x18
        LayoutImage (floating) {INPUT} at (767,72) size 17x19
        LayoutBR {BR} at (0,72) size 0x18
        LayoutBR {BR} at (0,90) size 0x18
      LayoutBlockFlow {DIV} at (0,142) size 784x0
        LayoutImage (floating) {INPUT} at (767,0) size 17x19
