layer at (0,0) size 800x600
  LayoutView at (0,0) size 800x600
layer at (0,0) size 800x600
  LayoutBlockFlow {HTML} at (0,0) size 800x600
    LayoutBlockFlow {BODY} at (8,8) size 784x576
      LayoutBlockFlow {P} at (0,0) size 784x20
        LayoutText {#text} at (0,0) size 748x19
          text run at (0,0) width 226: "You should see three blocks below. "
          text run at (226,0) width 522: "The middle one should look like a diamond because it has been rotated 45 degrees."
      LayoutBlockFlow (floating) {DIV} at (5,41) size 110x110 [bgcolor=#87CEEB] [border: (5px solid #000000)]
      LayoutBlockFlow (floating) {DIV} at (245,41) size 110x110 [bgcolor=#87CEEB] [border: (5px solid #000000)]
layer at (133,49) size 110x110
  LayoutBlockFlow (floating) {DIV} at (125,41) size 110x110 [bgcolor=#87CEEB] [border: (5px solid #000000)]
