layer at (0,0) size 800x600
  LayoutView at (0,0) size 800x600
layer at (0,0) size 800x600
  LayoutBlockFlow {HTML} at (0,0) size 800x600
    LayoutBlockFlow {BODY} at (8,8) size 784x576
      LayoutBlockFlow {P} at (0,0) size 784x20
        LayoutText {#text} at (0,0) size 29x19
          text run at (0,0) width 29: "The "
        LayoutInline {SPAN} at (0,0) size 138x19
          LayoutText {#text} at (29,0) size 138x19
            text run at (29,0) width 138: "span in this paragraph"
        LayoutText {#text} at (167,0) size 300x19
          text run at (167,0) width 300: " has a transform, which has no effect on inlines."
      LayoutBlockFlow {P} at (0,36) size 784x20
        LayoutText {#text} at (0,0) size 29x19
          text run at (0,0) width 29: "The "
        LayoutText {#text} at (167,0) size 569x19
          text run at (167,0) width 569: " has a transform, which has no effect on inlines. It also has opacity to throw it into a Layer."
      LayoutBlockFlow {P} at (0,72) size 784x20
        LayoutText {#text} at (0,0) size 29x19
          text run at (0,0) width 29: "The "
        LayoutText {#text} at (167,0) size 541x19
          text run at (167,0) width 541: " has a transform and opacity, and is an inline-block. So it should respect the transform."
layer at (8,44) size 138x19 transparent
  LayoutInline {SPAN} at (0,0) size 138x19
    LayoutText {#text} at (29,0) size 138x19
      text run at (29,0) width 138: "span in this paragraph"
layer at (37,80) size 138x20 transparent
  LayoutBlockFlow {SPAN} at (29,0) size 138x20
    LayoutText {#text} at (0,0) size 138x19
      text run at (0,0) width 138: "span in this paragraph"
