layer at (0,0) size 800x600
  LayoutView at (0,0) size 800x600
layer at (0,0) size 800x600
  LayoutBlockFlow {HTML} at (0,0) size 800x600
    LayoutBlockFlow {BODY} at (8,8) size 784x584
      LayoutText {#text} at (0,0) size 231x19
        text run at (0,0) width 231: "The two blue boxes should be aligned."
      LayoutBR {BR} at (231,15) size 0x0
      LayoutText {#text} at (0,20) size 226x19
        text run at (0,20) width 226: "The two red boxes should be aligned."
      LayoutBR {BR} at (226,35) size 0x0
      LayoutText {#text} at (0,40) size 320x19
        text run at (0,40) width 320: "The text in the blue boxes should be on the same line."
      LayoutBR {BR} at (320,55) size 0x0
      LayoutText {#text} at (0,60) size 315x19
        text run at (0,60) width 315: "The text in the red boxes should be on the same line."
      LayoutBR {BR} at (315,75) size 0x0
      LayoutText {#text} at (0,80) size 601x19
        text run at (0,80) width 601: "The top of the first red box should line up with the bottom of the second last line of the last blue box."
      LayoutBR {BR} at (601,95) size 0x0
      LayoutBlockFlow {P} at (0,100) size 62x84 [border: (2px solid #0000FF)]
        LayoutText {#text} at (2,2) size 58x19
          text run at (2,2) width 58: "All on the"
        LayoutBR {BR} at (60,17) size 0x0
        LayoutText {#text} at (2,22) size 58x19
          text run at (2,22) width 58: "All on the"
        LayoutBR {BR} at (60,37) size 0x0
        LayoutText {#text} at (2,42) size 58x19
          text run at (2,42) width 58: "All on the"
        LayoutBR {BR} at (60,57) size 0x0
        LayoutText {#text} at (2,62) size 58x19
          text run at (2,62) width 58: "All on the"
      LayoutText {#text} at (62,162) size 4x19
        text run at (62,162) width 4: " "
      LayoutBlockFlow {P} at (66,100) size 63x84 [border: (2px solid #0000FF)]
        LayoutBlockFlow {SPAN} at (2,2) size 59x80
          LayoutText {#text} at (0,0) size 59x19
            text run at (0,0) width 59: "same line."
          LayoutBR {BR} at (59,15) size 0x0
          LayoutText {#text} at (0,20) size 59x19
            text run at (0,20) width 59: "same line."
          LayoutBR {BR} at (59,35) size 0x0
          LayoutText {#text} at (0,40) size 59x19
            text run at (0,40) width 59: "same line."
          LayoutBR {BR} at (59,55) size 0x0
          LayoutText {#text} at (0,60) size 59x19
            text run at (0,60) width 59: "same line."
      LayoutText {#text} at (129,162) size 4x19
        text run at (129,162) width 4: " "
      LayoutTable {TABLE} at (133,155) size 62x84 [border: (2px solid #FF0000)]
        LayoutTableSection {TBODY} at (2,2) size 58x80
          LayoutTableRow {TR} at (0,0) size 58x20
            LayoutTableCell {TD} at (0,0) size 58x20 [r=0 c=0 rs=1 cs=1]
              LayoutText {#text} at (0,0) size 58x19
                text run at (0,0) width 58: "All on the"
          LayoutTableRow {TR} at (0,20) size 58x20
            LayoutTableCell {TD} at (0,20) size 58x20 [r=1 c=0 rs=1 cs=1]
              LayoutText {#text} at (0,0) size 58x19
                text run at (0,0) width 58: "All on the"
          LayoutTableRow {TR} at (0,40) size 58x20
            LayoutTableCell {TD} at (0,40) size 58x20 [r=2 c=0 rs=1 cs=1]
              LayoutText {#text} at (0,0) size 58x19
                text run at (0,0) width 58: "All on the"
          LayoutTableRow {TR} at (0,60) size 58x20
            LayoutTableCell {TD} at (0,60) size 58x20 [r=3 c=0 rs=1 cs=1]
              LayoutText {#text} at (0,0) size 58x19
                text run at (0,0) width 58: "All on the"
      LayoutText {#text} at (195,162) size 4x19
        text run at (195,162) width 4: " "
      LayoutTable {TABLE} at (199,155) size 67x84 [border: (2px solid #FF0000)]
        LayoutTableSection {TBODY} at (2,2) size 63x80
          LayoutTableRow {TR} at (0,0) size 63x20
            LayoutTableCell {TD} at (0,0) size 63x20 [r=0 c=0 rs=1 cs=1]
              LayoutText {#text} at (0,0) size 63x19
                text run at (0,0) width 63: "same line. "
          LayoutTableRow {TR} at (0,20) size 63x20
            LayoutTableCell {TD} at (0,20) size 63x20 [r=1 c=0 rs=1 cs=1]
              LayoutText {#text} at (0,0) size 63x19
                text run at (0,0) width 63: "same line. "
          LayoutTableRow {TR} at (0,40) size 63x20
            LayoutTableCell {TD} at (0,40) size 63x20 [r=2 c=0 rs=1 cs=1]
              LayoutText {#text} at (0,0) size 63x19
                text run at (0,0) width 63: "same line. "
          LayoutTableRow {TR} at (0,60) size 63x20
            LayoutTableCell {TD} at (0,60) size 63x20 [r=3 c=0 rs=1 cs=1]
              LayoutText {#text} at (0,0) size 59x19
                text run at (0,0) width 59: "same line."
      LayoutText {#text} at (0,0) size 0x0
