layer at (0,0) size 800x600
  LayoutView at (0,0) size 800x600
layer at (0,0) size 800x52
  LayoutBlockFlow {HTML} at (0,0) size 800x52
    LayoutBlockFlow {BODY} at (8,8) size 784x36
      LayoutBlockFlow (anonymous) at (0,0) size 784x20
        LayoutInline {P} at (0,0) size 528x16 [color=#FFFFFF] [bgcolor=#FF0000]
          LayoutText {#text} at (0,2) size 528x16
            text run at (0,2) width 528: "Ahem_font_required_for_this_test."
        LayoutText {#text} at (0,0) size 0x0
      LayoutBlockFlow {P} at (0,20) size 784x16
        LayoutText {#text} at (0,-2) size 271x19
          text run at (0,-2) width 271: "The following two blocks should be identical."
layer at (8,75) size 204x64
  LayoutBlockFlow (positioned) {DIV} at (8,75) size 204x64 [bgcolor=#FFFF00] [border: (2px solid #000000)]
layer at (10,77) size 50x50
  LayoutBlockFlow (positioned) {DIV} at (2,2) size 50x50 [bgcolor=#FFA500]
layer at (160,77) size 50x50
  LayoutBlockFlow (positioned) {DIV} at (152,2) size 50x50 [bgcolor=#FFA500]
layer at (8,175) size 204x64
  LayoutBlockFlow (positioned) {DIV} at (8,175) size 204x64 [bgcolor=#FFFF00] [border: (2px solid #000000)]
    LayoutBlockFlow (floating) {DIV} at (2,2) size 50x50 [bgcolor=#FFA500]
    LayoutBlockFlow {DIV} at (152,2) size 50x50 [bgcolor=#FFA500]
    LayoutText {#text} at (0,0) size 0x0
