layer at (0,0) size 800x600
  LayoutView at (0,0) size 800x600
layer at (0,0) size 800x506
  LayoutBlockFlow {HTML} at (0,0) size 800x506
    LayoutBlockFlow {BODY} at (0,0) size 800x253
      LayoutBlockFlow (floating) {DIV} at (5,0) size 125x253
        LayoutBlockFlow {P} at (0,16) size 125x20
          LayoutText {#text} at (0,0) size 121x19
            text run at (0,0) width 121: "VerticalLR and LTR"
        LayoutBlockFlow {DIV} at (0,52) size 125x201 [bgcolor=#808080]
          LayoutBlockFlow {DIV} at (20,10) size 36x27 [border: (2px solid #000000) (5px solid #000000) (3px solid #000000) (4px solid #000000)]
            LayoutText {#text} at (12,8) size 15x9
              text run at (12,8) width 9: "A"
          LayoutBlockFlow {DIV} at (18,51) size 43x32 [border: (2px solid #000000) (5px solid #000000) (3px solid #000000) (4px solid #000000)]
            LayoutText {#text} at (12,8) size 22x14
              text run at (12,8) width 14: "A"
          LayoutBlockFlow {DIV} at (16,97) size 55x39 [border: (2px solid #000000) (5px solid #000000) (3px solid #000000) (4px solid #000000)]
            LayoutText {#text} at (12,8) size 34x21
              text run at (12,8) width 21: "A"
          LayoutBlockFlow {DIV} at (12,150) size 68x47 [border: (2px solid #000000) (5px solid #000000) (3px solid #000000) (4px solid #000000)]
            LayoutText {#text} at (13,8) size 46x29
              text run at (13,8) width 29: "A"
          LayoutText {#text} at (0,0) size 0x0
      LayoutBlockFlow (floating) {DIV} at (135,0) size 125x253
        LayoutBlockFlow {P} at (0,16) size 125x20
          LayoutText {#text} at (0,0) size 122x19
            text run at (0,0) width 122: "VerticalLR and RTL"
          LayoutBR {BR} at (121,0) size 1x19
        LayoutBlockFlow {DIV} at (0,52) size 125x201 [bgcolor=#808080]
          LayoutBlockFlow {DIV} at (20,170) size 36x27 [border: (2px solid #000000) (5px solid #000000) (3px solid #000000) (4px solid #000000)]
            LayoutText {#text} at (12,8) size 15x9
              text run at (12,8) width 9: "A"
          LayoutBlockFlow {DIV} at (18,124) size 43x32 [border: (2px solid #000000) (5px solid #000000) (3px solid #000000) (4px solid #000000)]
            LayoutText {#text} at (12,8) size 22x14
              text run at (12,8) width 14: "A"
          LayoutBlockFlow {DIV} at (16,71) size 55x39 [border: (2px solid #000000) (5px solid #000000) (3px solid #000000) (4px solid #000000)]
            LayoutText {#text} at (12,8) size 34x21
              text run at (12,8) width 21: "A"
          LayoutBlockFlow {DIV} at (12,10) size 68x47 [border: (2px solid #000000) (5px solid #000000) (3px solid #000000) (4px solid #000000)]
            LayoutText {#text} at (13,8) size 46x29
              text run at (13,8) width 29: "A"
          LayoutText {#text} at (0,0) size 0x0
      LayoutBlockFlow (floating) {DIV} at (265,0) size 175x253
        LayoutBlockFlow {P} at (0,16) size 175x20
          LayoutText {#text} at (0,0) size 121x19
            text run at (0,0) width 121: "VerticalLR and LTR"
        LayoutBlockFlow {DIV} at (0,52) size 175x201 [bgcolor=#808080]
          LayoutBlockFlow {DIV} at (12,10) size 58x27 [border: (2px solid #000000) (5px solid #000000) (3px solid #000000) (4px solid #000000)]
            LayoutText {#text} at (34,8) size 15x9
              text run at (34,8) width 9: "A"
          LayoutBlockFlow {DIV} at (32,51) size 43x32 [border: (2px solid #000000) (5px solid #000000) (3px solid #000000) (4px solid #000000)]
            LayoutText {#text} at (12,8) size 22x14
              text run at (12,8) width 14: "A"
          LayoutBlockFlow {DIV} at (30,97) size 82x39 [border: (2px solid #000000) (5px solid #000000) (3px solid #000000) (4px solid #000000)]
            LayoutText {#text} at (12,8) size 34x21
              text run at (12,8) width 21: "A"
          LayoutBlockFlow {DIV} at (26,150) size 68x47 [border: (2px solid #000000) (5px solid #000000) (3px solid #000000) (4px solid #000000)]
            LayoutText {#text} at (13,8) size 46x29
              text run at (13,8) width 29: "A"
          LayoutText {#text} at (0,0) size 0x0
      LayoutBlockFlow (floating) {DIV} at (445,0) size 175x253
        LayoutBlockFlow {P} at (0,16) size 175x20
          LayoutText {#text} at (0,0) size 122x19
            text run at (0,0) width 122: "VerticalLR and RTL"
        LayoutBlockFlow {DIV} at (0,52) size 175x201 [bgcolor=#808080]
          LayoutBlockFlow {DIV} at (12,170) size 58x27 [border: (2px solid #000000) (5px solid #000000) (3px solid #000000) (4px solid #000000)]
            LayoutText {#text} at (34,8) size 15x9
              text run at (34,8) width 9: "A"
          LayoutBlockFlow {DIV} at (32,124) size 43x32 [border: (2px solid #000000) (5px solid #000000) (3px solid #000000) (4px solid #000000)]
            LayoutText {#text} at (12,8) size 22x14
              text run at (12,8) width 14: "A"
          LayoutBlockFlow {DIV} at (30,71) size 82x39 [border: (2px solid #000000) (5px solid #000000) (3px solid #000000) (4px solid #000000)]
            LayoutText {#text} at (12,8) size 34x21
              text run at (12,8) width 21: "A"
          LayoutBlockFlow {DIV} at (26,10) size 68x47 [border: (2px solid #000000) (5px solid #000000) (3px solid #000000) (4px solid #000000)]
            LayoutText {#text} at (13,8) size 46x29
              text run at (13,8) width 29: "A"
          LayoutText {#text} at (0,0) size 0x0
      LayoutBR {BR} at (620,0) size 0x19
      LayoutBlockFlow (floating) {DIV} at (5,253) size 125x253
        LayoutBlockFlow {P} at (0,16) size 125x20
          LayoutText {#text} at (0,0) size 121x19
            text run at (0,0) width 121: "VerticalRL and LTR"
        LayoutBlockFlow {DIV} at (0,52) size 125x201 [bgcolor=#808080]
          LayoutBlockFlow {DIV} at (31,10) size 36x27 [border: (2px solid #000000) (5px solid #000000) (3px solid #000000) (4px solid #000000)]
            LayoutText {#text} at (8,8) size 15x9
              text run at (8,8) width 9: "A"
          LayoutBlockFlow {DIV} at (26,51) size 43x32 [border: (2px solid #000000) (5px solid #000000) (3px solid #000000) (4px solid #000000)]
            LayoutText {#text} at (8,8) size 22x14
              text run at (8,8) width 14: "A"
          LayoutBlockFlow {DIV} at (16,97) size 55x39 [border: (2px solid #000000) (5px solid #000000) (3px solid #000000) (4px solid #000000)]
            LayoutText {#text} at (8,8) size 34x21
              text run at (8,8) width 21: "A"
          LayoutBlockFlow {DIV} at (6,150) size 68x47 [border: (2px solid #000000) (5px solid #000000) (3px solid #000000) (4px solid #000000)]
            LayoutText {#text} at (9,8) size 46x29
              text run at (9,8) width 29: "A"
          LayoutText {#text} at (0,0) size 0x0
      LayoutText {#text} at (0,0) size 0x0
      LayoutBlockFlow (floating) {DIV} at (135,253) size 125x253
        LayoutBlockFlow {P} at (0,16) size 125x20
          LayoutText {#text} at (0,0) size 122x19
            text run at (0,0) width 122: "VerticalRL and RTL"
        LayoutBlockFlow {DIV} at (0,52) size 125x201 [bgcolor=#808080]
          LayoutBlockFlow {DIV} at (31,170) size 36x27 [border: (2px solid #000000) (5px solid #000000) (3px solid #000000) (4px solid #000000)]
            LayoutText {#text} at (8,8) size 15x9
              text run at (8,8) width 9: "A"
          LayoutBlockFlow {DIV} at (26,124) size 43x32 [border: (2px solid #000000) (5px solid #000000) (3px solid #000000) (4px solid #000000)]
            LayoutText {#text} at (8,8) size 22x14
              text run at (8,8) width 14: "A"
          LayoutBlockFlow {DIV} at (16,71) size 55x39 [border: (2px solid #000000) (5px solid #000000) (3px solid #000000) (4px solid #000000)]
            LayoutText {#text} at (8,8) size 34x21
              text run at (8,8) width 21: "A"
          LayoutBlockFlow {DIV} at (6,10) size 68x47 [border: (2px solid #000000) (5px solid #000000) (3px solid #000000) (4px solid #000000)]
            LayoutText {#text} at (9,8) size 46x29
              text run at (9,8) width 29: "A"
          LayoutText {#text} at (0,0) size 0x0
      LayoutText {#text} at (0,0) size 0x0
      LayoutBlockFlow (floating) {DIV} at (265,253) size 175x253
        LayoutBlockFlow {P} at (0,16) size 175x20
          LayoutText {#text} at (0,0) size 121x19
            text run at (0,0) width 121: "VerticalRL and LTR"
        LayoutBlockFlow {DIV} at (0,52) size 175x201 [bgcolor=#808080]
          LayoutBlockFlow {DIV} at (48,10) size 58x27 [border: (2px solid #000000) (5px solid #000000) (3px solid #000000) (4px solid #000000)]
            LayoutText {#text} at (8,8) size 15x9
              text run at (8,8) width 9: "A"
          LayoutBlockFlow {DIV} at (43,51) size 43x32 [border: (2px solid #000000) (5px solid #000000) (3px solid #000000) (4px solid #000000)]
            LayoutText {#text} at (8,8) size 22x14
              text run at (8,8) width 14: "A"
          LayoutBlockFlow {DIV} at (6,97) size 82x39 [border: (2px solid #000000) (5px solid #000000) (3px solid #000000) (4px solid #000000)]
            LayoutText {#text} at (35,8) size 34x21
              text run at (35,8) width 21: "A"
          LayoutBlockFlow {DIV} at (23,150) size 68x47 [border: (2px solid #000000) (5px solid #000000) (3px solid #000000) (4px solid #000000)]
            LayoutText {#text} at (9,8) size 46x29
              text run at (9,8) width 29: "A"
          LayoutText {#text} at (0,0) size 0x0
      LayoutText {#text} at (0,0) size 0x0
      LayoutBlockFlow (floating) {DIV} at (445,253) size 175x253
        LayoutBlockFlow {P} at (0,16) size 175x20
          LayoutText {#text} at (0,0) size 122x19
            text run at (0,0) width 122: "VerticalRL and RTL"
        LayoutBlockFlow {DIV} at (0,52) size 175x201 [bgcolor=#808080]
          LayoutBlockFlow {DIV} at (48,170) size 58x27 [border: (2px solid #000000) (5px solid #000000) (3px solid #000000) (4px solid #000000)]
            LayoutText {#text} at (8,8) size 15x9
              text run at (8,8) width 9: "A"
          LayoutBlockFlow {DIV} at (43,124) size 43x32 [border: (2px solid #000000) (5px solid #000000) (3px solid #000000) (4px solid #000000)]
            LayoutText {#text} at (8,8) size 22x14
              text run at (8,8) width 14: "A"
          LayoutBlockFlow {DIV} at (6,71) size 82x39 [border: (2px solid #000000) (5px solid #000000) (3px solid #000000) (4px solid #000000)]
            LayoutText {#text} at (35,8) size 34x21
              text run at (35,8) width 21: "A"
          LayoutBlockFlow {DIV} at (23,10) size 68x47 [border: (2px solid #000000) (5px solid #000000) (3px solid #000000) (4px solid #000000)]
            LayoutText {#text} at (9,8) size 46x29
              text run at (9,8) width 29: "A"
          LayoutText {#text} at (0,0) size 0x0
      LayoutText {#text} at (0,0) size 0x0
