layer at (0,0) size 800x600
  LayoutView at (0,0) size 800x600
layer at (0,0) size 800x600
  LayoutBlockFlow {HTML} at (0,0) size 800x600
    LayoutBlockFlow {BODY} at (8,8) size 784x584
      LayoutBlockFlow {DIV} at (0,0) size 784x43
        LayoutText {#text} at (0,0) size 26x19
          text run at (0,0) width 26: "One"
        LayoutBR {BR} at (26,15) size 0x0
        LayoutImage {IMG} at (0,26) size 11x11 [border: (1px dotted #FF0000)]
        LayoutText {#text} at (11,20) size 4x19
          text run at (11,20) width 4: " "
        LayoutBlockFlow {DIV} at (15,21) size 102x22 [border: (1px dotted #FF0000)]
          LayoutImage {IMG} at (1,1) size 1000x0
          LayoutText {#text} at (3,1) size 96x19
            text run at (3,1) width 96: "Text Goes Here"
        LayoutText {#text} at (0,0) size 0x0
