layer at (0,0) size 800x600
  LayoutView at (0,0) size 800x600
layer at (0,0) size 800x600
  LayoutBlockFlow {HTML} at (0,0) size 800x600
    LayoutBlockFlow {BODY} at (8,8) size 784x584
      LayoutBlockFlow {P} at (0,0) size 784x40
        LayoutText {#text} at (0,0) size 99x19
          text run at (0,0) width 99: "This is a test for "
        LayoutInline {I} at (0,0) size 748x39
          LayoutInline {A} at (0,0) size 349x19 [color=#0000EE]
            LayoutText {#text} at (99,0) size 349x19
              text run at (99,0) width 349: "http://bugzilla.opendarwin.org/show_bug.cgi?id=8118"
          LayoutText {#text} at (447,0) size 748x39
            text run at (447,0) width 301: " REGRESSION (r13595): Inline block's clipped"
            text run at (0,20) width 228: "overflow increases table row height"
        LayoutText {#text} at (227,20) size 5x19
          text run at (227,20) width 5: "."
      LayoutBlockFlow {P} at (0,56) size 784x20
        LayoutText {#text} at (0,0) size 257x19
          text run at (0,0) width 257: "You should see a green square and no red."
      LayoutTable {TABLE} at (0,92) size 100x100 [bgcolor=#FF0000]
        LayoutTableSection {TBODY} at (0,0) size 100x100
          LayoutTableRow {TR} at (0,0) size 100x100
            LayoutTableCell {TD} at (0,0) size 100x100 [r=0 c=0 rs=1 cs=1]
              LayoutText {#text} at (0,0) size 0x0
layer at (8,100) size 100x100 scrollHeight 200
  LayoutBlockFlow {DIV} at (0,0) size 100x100
    LayoutBlockFlow {DIV} at (0,0) size 100x200 [bgcolor=#008000]
