layer at (0,0) size 800x600
  LayoutView at (0,0) size 800x600
layer at (0,0) size 800x600
  LayoutNGBlockFlow {HTML} at (0,0) size 800x600
    LayoutNGBlockFlow {BODY} at (8,8) size 784x576
      LayoutNGBlockFlow {FORM} at (0,0) size 784x42
        LayoutText {#text} at (179,21) size 4x19
          text run at (179,21) width 4: " "
        LayoutText {#text} at (362,21) size 4x19
          text run at (362,21) width 4: " "
        LayoutButton {INPUT} at (366,20) size 50x22 [bgcolor=#C0C0C0] [border: (2px outset #C0C0C0)]
          LayoutBlockFlow (anonymous) at (8,3) size 34x16
            LayoutText {#text} at (0,0) size 34x16
              text run at (0,0) width 34: "Reset"
        LayoutText {#text} at (0,0) size 0x0
      LayoutNGBlockFlow {P} at (0,58) size 784x80
        LayoutText {#text} at (0,0) size 354x19
          text run at (0,0) width 354: "This test verifies that textarea controls are properly reset."
        LayoutBR {BR} at (354,0) size 0x19
        LayoutText {#text} at (0,20) size 468x19
          text run at (0,20) width 468: "You should see two element IDs below, and the word \"SUCCESS\" twice:"
        LayoutBR {BR} at (468,20) size 0x19
        LayoutText {#text} at (0,40) size 170x19
          text run at (0,40) width 170: "noDefaultText: SUCCESS"
        LayoutBR {BR} at (170,40) size 0x19
        LayoutText {#text} at (0,60) size 175x19
          text run at (0,60) width 175: "hasDefaultText: SUCCESS"
layer at (8,8) size 179x36 clip at (9,9) size 177x34
  LayoutTextControl {TEXTAREA} at (0,0) size 179x36 [bgcolor=#FFFFFF] [border: (1px solid #A9A9A9)]
    LayoutBlockFlow {DIV} at (3,3) size 175x16
layer at (191,8) size 179x36 clip at (192,9) size 177x34
  LayoutTextControl {TEXTAREA} at (183,0) size 179x36 [bgcolor=#FFFFFF] [border: (1px solid #A9A9A9)]
    LayoutBlockFlow {DIV} at (3,3) size 175x16
      LayoutText {#text} at (0,0) size 96x16
        text run at (0,0) width 96: "Default Text"
