layer at (0,0) size 800x600
  LayoutView at (0,0) size 800x600
layer at (0,0) size 800x600
  LayoutNGBlockFlow {HTML} at (0,0) size 800x600
    LayoutNGBlockFlow {BODY} at (8,8) size 784x584
      LayoutNGBlockFlow {DIV} at (0,0) size 784x40
        LayoutText {#text} at (0,0) size 777x39
          text run at (0,0) width 777: "This text area should be drawn with a reasonable width. To match IE, using GDI fonts it should wrap at 66 characters (after"
          text run at (0,20) width 532: "the X in the third set of digits). See https://bugs.webkit.org/show_bug.cgi?id=15312."
      LayoutNGBlockFlow (anonymous) at (0,40) size 784x284
        LayoutBR {BR} at (0,0) size 0x0
        LayoutText {#text} at (0,0) size 0x0
layer at (8,68) size 547x264 clip at (9,69) size 545x262
  LayoutTextControl {TEXTAREA} at (0,20) size 547x264 [color=#333333] [bgcolor=#FFFFFF] [border: (1px solid #A9A9A9)]
    LayoutBlockFlow {DIV} at (3,3) size 543x39
      LayoutText {#text} at (0,0) size 541x26
        text run at (0,0) width 541: "1234567890abcdefghijABCDEFGHIJ1234567890abcdefghijABCDEFGHIJ12345X7890abcdefghijABCDEFGXIJ1234"
        text run at (0,13) width 148: "567890abcdefghijABCDEFGHIJ"
        text run at (148,13) width 0: " "
      LayoutBR {BR} at (0,26) size 0x13
