layer at (0,0) size 800x600
  LayoutView at (0,0) size 800x600
layer at (0,0) size 800x275
  LayoutNGBlockFlow {HTML} at (0,0) size 800x275
    LayoutNGBlockFlow {BODY} at (8,16) size 784x251
      LayoutNGBlockFlow {P} at (0,0) size 784x20
        LayoutText {#text} at (0,0) size 624x19
          text run at (0,0) width 624: "The following textarea elements should all be rendered on the left, with their text aligned to the left."
      LayoutNGBlockFlow (anonymous) at (0,36) size 784x172
        LayoutText {#text} at (0,0) size 0x0
        LayoutBR {BR} at (421,23) size 0x0
        LayoutText {#text} at (0,0) size 0x0
        LayoutBR {BR} at (421,66) size 0x0
        LayoutText {#text} at (0,0) size 0x0
        LayoutBR {BR} at (421,109) size 0x0
        LayoutText {#text} at (0,0) size 0x0
      LayoutNGBlockFlow {DIV} at (0,208) size 784x43
layer at (8,52) size 421x38 clip at (9,53) size 419x36
  LayoutTextControl {TEXTAREA} at (0,0) size 421x38 [bgcolor=#FFFFFF] [border: (1px solid #A9A9A9)]
    LayoutBlockFlow {DIV} at (3,3) size 415x16
      LayoutText {#text} at (0,0) size 304x16
        text run at (0,0) width 304: "This is should be aligned to the left."
layer at (8,95) size 421x38 clip at (9,96) size 419x36
  LayoutTextControl {TEXTAREA} at (0,43) size 421x38 [bgcolor=#FFFFFF] [border: (1px solid #A9A9A9)]
    LayoutBlockFlow {DIV} at (3,3) size 415x16
      LayoutText {#text} at (0,0) size 304x16
        text run at (0,0) width 304: "This is should be aligned to the left."
layer at (8,138) size 421x38 clip at (9,139) size 419x36
  LayoutTextControl {TEXTAREA} at (0,86) size 421x38 [bgcolor=#FFFFFF] [border: (1px solid #A9A9A9)]
    LayoutBlockFlow {DIV} at (3,3) size 415x16
      LayoutText {#text} at (0,0) size 304x16
        text run at (0,0) width 304: "This is should be aligned to the left."
layer at (8,181) size 421x38 clip at (9,182) size 419x36
  LayoutTextControl {TEXTAREA} at (0,129) size 421x38 [bgcolor=#FFFFFF] [border: (1px solid #A9A9A9)]
    LayoutBlockFlow {DIV} at (3,3) size 415x16
      LayoutText {#text} at (0,0) size 304x16
        text run at (0,0) width 304: "This is should be aligned to the left."
layer at (8,224) size 421x38 clip at (9,225) size 419x36
  LayoutTextControl {TEXTAREA} at (0,0) size 421x38 [bgcolor=#FFFFFF] [border: (1px solid #A9A9A9)]
    LayoutBlockFlow {DIV} at (3,3) size 415x16
      LayoutText {#text} at (0,0) size 304x16
        text run at (0,0) width 304: "This is should be aligned to the left."
