layer at (0,0) size 800x600
  LayoutView at (0,0) size 800x600
layer at (0,0) size 800x196
  LayoutBlockFlow {HTML} at (0,0) size 800x196
    LayoutBlockFlow {BODY} at (8,16) size 784x160
      LayoutBlockFlow {P} at (0,0) size 784x20
        LayoutText {#text} at (0,0) size 767x19
          text run at (0,0) width 767: "You should see a black rectangle divided into two parts; the top part should be taller (reflection should be behind original)."
layer at (28,56) size 220x120
  LayoutBlockFlow {DIV} at (20,40) size 220x120 [bgcolor=#FFFFFF] [border: (10px solid #000000)]
    LayoutText {#text} at (67,10) size 86x27
      text run at (67,10) width 86: "Contents"
