layer at (0,0) size 800x600
  LayoutView at (0,0) size 800x600
layer at (0,0) size 800x600
  LayoutBlockFlow {HTML} at (0,0) size 800x600
    LayoutBlockFlow {BODY} at (8,8) size 784x576
      LayoutBlockFlow {P} at (0,0) size 784x20
        LayoutText {#text} at (0,0) size 409x19
          text run at (0,0) width 409: "Reflection should not be cropped by being in a composited layer."
      LayoutBlockFlow {P} at (0,292) size 784x20
        LayoutText {#text} at (0,0) size 240x19
          text run at (0,0) width 240: "This is the next paragraph in the page."
layer at (208,78) size 342x172
  LayoutBlockFlow {DIV} at (200,70) size 342x172 [border: (1px solid #000000)]
    LayoutBlockFlow {P} at (21,27) size 300x20
      LayoutText {#text} at (0,0) size 228x19
        text run at (0,0) width 228: "This element has a composited layer"
layer at (349,119) size 260x72
  LayoutBlockFlow (positioned) {DIV} at (141,41) size 260x72 [bgcolor=#DDDDDD]
    LayoutBlockFlow {P} at (10,26) size 240x20
      LayoutText {#text} at (0,0) size 223x19
        text run at (0,0) width 223: "This is a positioned, reflected child."
