layer at (0,0) size 800x600
  LayoutView at (0,0) size 800x600
layer at (0,0) size 800x260
  LayoutBlockFlow {HTML} at (0,0) size 800x260
    LayoutBlockFlow {BODY} at (8,8) size 784x0
      LayoutBlockFlow (floating) {DIV} at (706,0) size 78x192
        LayoutBlockFlow {P} at (0,16) size 78x20
          LayoutText {#text} at (47,0) size 31x19
            text run at (47,0) width 31: "RTL"
        LayoutBlockFlow {DIV} at (0,52) size 78x20
          LayoutText {#text} at (36,0) size 42x19
            text run at (36,0) width 42: "abcdef"
        LayoutBlockFlow {DIV} at (0,72) size 78x20
          LayoutText {#text} at (36,0) size 42x19
            text run at (36,0) width 42: "abcdef"
        LayoutBlockFlow {DIV} at (0,92) size 78x20
          LayoutText {#text} at (36,0) size 42x19
            text run at (36,0) width 42: "abcdef"
        LayoutBlockFlow {DIV} at (0,112) size 78x20
          LayoutText {#text} at (36,0) size 42x19
            text run at (36,0) width 42: "abcdef"
        LayoutBlockFlow {DIV} at (0,132) size 78x20
          LayoutText {#text} at (36,0) size 42x19
            text run at (36,0) width 42: "abcdef"
        LayoutBlockFlow {DIV} at (0,152) size 78x40
          LayoutBlockFlow {DIV} at (0,0) size 78x20
            LayoutText {#text} at (0,0) size 42x19
              text run at (0,0) width 42: "abcdef"
            LayoutInline {SPAN} at (0,0) size 36x19
              LayoutText {#text} at (42,0) size 36x19
                text run at (42,0) width 36: "ghijkl"
          LayoutBlockFlow {DIV} at (0,20) size 78x20
            LayoutText {#text} at (29,0) size 49x19
              text run at (29,0) width 49: "mnopqr"
      LayoutBlockFlow (floating) {DIV} at (0,0) size 78x252
        LayoutBlockFlow {P} at (0,16) size 78x20
          LayoutText {#text} at (0,0) size 30x19
            text run at (0,0) width 30: "LTR"
        LayoutBlockFlow {DIV} at (0,52) size 78x20
          LayoutText {#text} at (0,0) size 42x19
            text run at (0,0) width 42: "abcdef"
        LayoutBlockFlow {DIV} at (0,72) size 78x20
          LayoutText {#text} at (0,0) size 42x19
            text run at (0,0) width 42: "abcdef"
        LayoutBlockFlow {DIV} at (0,92) size 78x20
          LayoutText {#text} at (0,0) size 42x19
            text run at (0,0) width 42: "abcdef"
        LayoutBlockFlow {DIV} at (0,112) size 78x20
          LayoutText {#text} at (0,0) size 42x19
            text run at (0,0) width 42: "abcdef"
        LayoutBlockFlow {DIV} at (0,132) size 78x20
          LayoutText {#text} at (0,0) size 42x19
            text run at (0,0) width 42: "abcdef"
        LayoutBlockFlow {DIV} at (0,152) size 78x20
          LayoutText {#text} at (0,0) size 42x19
            text run at (0,0) width 42: "abcdef"
        LayoutBlockFlow {DIV} at (0,172) size 78x20
          LayoutText {#text} at (0,0) size 42x19
            text run at (0,0) width 42: "abcdef"
        LayoutBlockFlow {DIV} at (0,192) size 78x20
          LayoutText {#text} at (0,0) size 42x19
            text run at (0,0) width 42: "abcdef"
        LayoutBlockFlow {DIV} at (0,212) size 78x40
          LayoutBlockFlow {DIV} at (0,0) size 78x20
            LayoutText {#text} at (0,0) size 42x19
              text run at (0,0) width 42: "abcdef"
            LayoutInline {SPAN} at (0,0) size 36x19
              LayoutText {#text} at (42,0) size 36x19
                text run at (42,0) width 36: "ghijkl"
          LayoutBlockFlow {DIV} at (0,20) size 78x20
            LayoutText {#text} at (0,0) size 49x19
              text run at (0,0) width 49: "mnopqr"
