layer at (0,0) size 800x600
  LayoutView at (0,0) size 800x600
layer at (0,0) size 800x56
  LayoutBlockFlow {HTML} at (0,0) size 800x56
    LayoutBlockFlow {BODY} at (8,8) size 784x40
      LayoutBlockFlow {DIV} at (0,0) size 784x20
        LayoutText {#text} at (0,0) size 22x19
          text run at (0,0) width 22: "abc"
        LayoutText {#text} at (22,0) size 32x19
          text run at (22,0) width 32: " xxx "
        LayoutText {#text} at (54,0) size 20x19
          text run at (54,0) width 20: "def"
layer at (8,28) size 128x20 scrollWidth 159
  LayoutBlockFlow {DIV} at (0,20) size 128x20
    LayoutText {#text} at (0,0) size 62x19
      text run at (0,0) width 62: "abcdefghi"
    LayoutText {#text} at (62,0) size 32x19
      text run at (62,0) width 32: " xxx "
    LayoutText {#text} at (94,0) size 65x19
      text run at (94,0) width 65: "jklmnopqr"
