layer at (0,0) size 800x600
  LayoutView at (0,0) size 800x600
layer at (0,0) size 800x600
  LayoutBlockFlow {HTML} at (0,0) size 800x600
    LayoutBlockFlow {BODY} at (8,8) size 784x584
      LayoutTable {TABLE} at (0,0) size 489x352 [border: (1px outset #808080)]
        LayoutTableSection {TBODY} at (1,1) size 487x350
          LayoutTableRow {TR} at (0,2) size 487x30
            LayoutTableCell {TH} at (2,2) size 483x30 [border: (1px inset #808080)] [r=0 c=0 rs=1 cs=5]
              LayoutText {#text} at (193,6) size 97x18
                text run at (193,6) width 97: "text-align: left"
          LayoutTableRow {TR} at (0,34) size 487x30
            LayoutTableCell {TH} at (2,50) size 105x30 [border: (1px inset #808080)] [r=1 c=0 rs=2 cs=2]
              LayoutText {#text} at (50,6) size 5x18
                text run at (50,6) width 5: " "
            LayoutTableCell {TH} at (109,34) size 376x30 [border: (1px inset #808080)] [r=1 c=2 rs=1 cs=3]
              LayoutText {#text} at (113,6) size 150x18
                text run at (113,6) width 150: "-webkit-writing-mode"
          LayoutTableRow {TR} at (0,66) size 487x30
            LayoutTableCell {TH} at (109,66) size 124x30 [border: (1px inset #808080)] [r=2 c=2 rs=1 cs=1]
              LayoutText {#text} at (17,6) size 90x18
                text run at (17,6) width 90: "horizontal-tb"
            LayoutTableCell {TH} at (235,66) size 124x30 [border: (1px inset #808080)] [r=2 c=3 rs=1 cs=1]
              LayoutText {#text} at (27,6) size 70x18
                text run at (27,6) width 70: "vertical-lr"
            LayoutTableCell {TH} at (361,66) size 124x30 [border: (1px inset #808080)] [r=2 c=4 rs=1 cs=1]
              LayoutText {#text} at (27,6) size 70x18
                text run at (27,6) width 70: "vertical-rl"
          LayoutTableRow {TR} at (0,98) size 487x124
            LayoutTableCell {TH} at (2,208) size 74x30 [border: (1px inset #808080)] [r=3 c=0 rs=4 cs=1]
              LayoutText {#text} at (6,6) size 62x18
                text run at (6,6) width 62: "direction"
            LayoutTableCell {TH} at (78,145) size 29x30 [border: (1px inset #808080)] [r=3 c=1 rs=1 cs=1]
              LayoutText {#text} at (6,6) size 17x18
                text run at (6,6) width 17: "ltr"
            LayoutTableCell {TD} at (109,98) size 124x124 [border: (1px solid #000000)] [r=3 c=2 rs=1 cs=1]
              LayoutBlockFlow {DIV} at (2,2) size 120x120
                LayoutBlockFlow {DETAILS} at (0,0) size 120x18
                  LayoutBlockFlow {SUMMARY} at (0,0) size 120x18
                    LayoutDetailsMarker {DIV} at (0,3.45) size 10.55x10.55: right
                    LayoutText {#text} at (16,0) size 61x18
                      text run at (16,0) width 61: "summary"
                LayoutBlockFlow {DETAILS} at (0,18) size 120x18
                  LayoutBlockFlow {SUMMARY} at (0,0) size 120x18
                    LayoutDetailsMarker {DIV} at (0,3.45) size 10.55x10.55: down
                    LayoutText {#text} at (16,0) size 61x18
                      text run at (16,0) width 61: "summary"
                  LayoutBlockFlow {DIV} at (0,18) size 120x0
            LayoutTableCell {TD} at (235,98) size 124x124 [border: (1px solid #000000)] [r=3 c=3 rs=1 cs=1]
              LayoutBlockFlow {DIV} at (2,2) size 120x120
                LayoutBlockFlow {DETAILS} at (0,0) size 18x120
                  LayoutBlockFlow {SUMMARY} at (0,0) size 18x120
                    LayoutDetailsMarker {DIV} at (3.73,0) size 10.55x10.55: down
                    LayoutText {#text} at (0,16) size 18x61
                      text run at (0,16) width 60: "summary"
                LayoutBlockFlow {DETAILS} at (18,0) size 18x120
                  LayoutBlockFlow {SUMMARY} at (0,0) size 18x120
                    LayoutDetailsMarker {DIV} at (3.73,0) size 10.55x10.55: right
                    LayoutText {#text} at (0,16) size 18x61
                      text run at (0,16) width 60: "summary"
                  LayoutBlockFlow {DIV} at (18,0) size 0x120
            LayoutTableCell {TD} at (361,98) size 124x124 [border: (1px solid #000000)] [r=3 c=4 rs=1 cs=1]
              LayoutBlockFlow {DIV} at (2,2) size 120x120
                LayoutBlockFlow {DETAILS} at (0,0) size 18x120
                  LayoutBlockFlow {SUMMARY} at (0,0) size 18x120
                    LayoutDetailsMarker {DIV} at (3.72,0) size 10.55x10.55: down
                    LayoutText {#text} at (0,16) size 18x61
                      text run at (0,16) width 60: "summary"
                LayoutBlockFlow {DETAILS} at (18,0) size 18x120
                  LayoutBlockFlow {SUMMARY} at (0,0) size 18x120
                    LayoutDetailsMarker {DIV} at (3.72,0) size 10.55x10.55: left
                    LayoutText {#text} at (0,16) size 18x61
                      text run at (0,16) width 60: "summary"
                  LayoutBlockFlow {DIV} at (18,0) size 0x120
          LayoutTableRow {TR} at (0,224) size 487x124
            LayoutTableCell {TH} at (78,271) size 29x30 [border: (1px inset #808080)] [r=4 c=1 rs=1 cs=1]
              LayoutText {#text} at (6,6) size 17x18
                text run at (6,6) width 17: "rtl"
            LayoutTableCell {TD} at (109,224) size 124x124 [border: (1px solid #000000)] [r=4 c=2 rs=1 cs=1]
              LayoutBlockFlow {DIV} at (2,2) size 120x120
                LayoutBlockFlow {DETAILS} at (0,0) size 120x18
                  LayoutBlockFlow {SUMMARY} at (0,0) size 120x18
                    LayoutDetailsMarker {DIV} at (65.94,3.45) size 10.55x10.55: left
                    LayoutText {#text} at (0,0) size 60x18
                      text run at (0,0) width 60: "summary"
                LayoutBlockFlow {DETAILS} at (0,18) size 120x18
                  LayoutBlockFlow {SUMMARY} at (0,0) size 120x18
                    LayoutDetailsMarker {DIV} at (65.94,3.45) size 10.55x10.55: down
                    LayoutText {#text} at (0,0) size 60x18
                      text run at (0,0) width 60: "summary"
                  LayoutBlockFlow {DIV} at (0,18) size 120x0
            LayoutTableCell {TD} at (235,224) size 124x124 [border: (1px solid #000000)] [r=4 c=3 rs=1 cs=1]
              LayoutBlockFlow {DIV} at (2,2) size 120x120
                LayoutBlockFlow {DETAILS} at (0,0) size 18x120
                  LayoutBlockFlow {SUMMARY} at (0,0) size 18x120
                    LayoutDetailsMarker {DIV} at (3.73,65.94) size 10.55x10.55: up
                    LayoutText {#text} at (0,0) size 18x60
                      text run at (0,0) width 60: "summary"
                LayoutBlockFlow {DETAILS} at (18,0) size 18x120
                  LayoutBlockFlow {SUMMARY} at (0,0) size 18x120
                    LayoutDetailsMarker {DIV} at (3.73,65.94) size 10.55x10.55: right
                    LayoutText {#text} at (0,0) size 18x60
                      text run at (0,0) width 60: "summary"
                  LayoutBlockFlow {DIV} at (18,0) size 0x120
            LayoutTableCell {TD} at (361,224) size 124x124 [border: (1px solid #000000)] [r=4 c=4 rs=1 cs=1]
              LayoutBlockFlow {DIV} at (2,2) size 120x120
                LayoutBlockFlow {DETAILS} at (0,0) size 18x120
                  LayoutBlockFlow {SUMMARY} at (0,0) size 18x120
                    LayoutDetailsMarker {DIV} at (3.72,65.94) size 10.55x10.55: up
                    LayoutText {#text} at (0,0) size 18x60
                      text run at (0,0) width 60: "summary"
                LayoutBlockFlow {DETAILS} at (18,0) size 18x120
                  LayoutBlockFlow {SUMMARY} at (0,0) size 18x120
                    LayoutDetailsMarker {DIV} at (3.72,65.94) size 10.55x10.55: left
                    LayoutText {#text} at (0,0) size 18x60
                      text run at (0,0) width 60: "summary"
                  LayoutBlockFlow {DIV} at (18,0) size 0x120
