layer at (0,0) size 800x600
  LayoutView at (0,0) size 800x600
layer at (0,0) size 800x600
  LayoutBlockFlow {HTML} at (0,0) size 800x600
    LayoutBlockFlow {BODY} at (8,8) size 784x584
      LayoutBlockFlow {DETAILS} at (0,0) size 784x37
        LayoutBlockFlow {SUMMARY} at (0,0) size 784x18
          LayoutDetailsMarker {DIV} at (0,3.45) size 10.55x10.55: down
          LayoutText {#text} at (16,0) size 51x18
            text run at (16,0) width 51: "details1"
        LayoutBlockFlow {DIV} at (0,18) size 784x19
          LayoutTextControl {INPUT} at (0,0) size 131x19 [bgcolor=#FFFFFF] [border: (2px inset #EEEEEE)]
          LayoutText {#text} at (0,0) size 0x0
      LayoutBlockFlow {DETAILS} at (0,37) size 784x18
        LayoutBlockFlow {SUMMARY} at (0,0) size 784x18
          LayoutDetailsMarker {DIV} at (0,3.45) size 10.55x10.55: right
          LayoutText {#text} at (16,0) size 51x18
            text run at (16,0) width 51: "details2"
layer at (11,29) size 125x13
  LayoutBlockFlow {DIV} at (3,3) size 125x13
