layer at (0,0) size 800x600
  LayoutView at (0,0) size 800x600
layer at (0,0) size 800x600
  LayoutBlockFlow {HTML} at (0,0) size 800x600
    LayoutBlockFlow {BODY} at (8,8) size 784x584
      LayoutBlockFlow {DETAILS} at (0,0) size 784x18
        LayoutBlockFlow {SUMMARY} at (0,0) size 784x18
          LayoutDetailsMarker {DIV} at (0,3.45) size 10.55x10.55: down
          LayoutText {#text} at (16,0) size 65x18
            text run at (16,0) width 65: "summary "
          LayoutText {#text} at (80,0) size 190x18
            text run at (80,0) width 190: "shouldn't have only bold text."
        LayoutBlockFlow {DIV} at (0,18) size 784x0
