layer at (0,0) size 800x600
  LayoutView at (0,0) size 800x600
layer at (0,0) size 800x600
  LayoutBlockFlow {HTML} at (0,0) size 800x600
    LayoutBlockFlow {BODY} at (8,8) size 784x584
      LayoutBlockFlow {DETAILS} at (0,0) size 784x136 [border: (8px solid #555599)]
        LayoutBlockFlow {SUMMARY} at (8,8) size 768x34 [border: (8px solid #9999CC)]
          LayoutDetailsMarker {DIV} at (8,11.45) size 10.55x10.55: down
          LayoutText {#text} at (24,8) size 65x18
            text run at (24,8) width 5: " "
            text run at (28,8) width 61: "summary"
        LayoutBlockFlow {DIV} at (8,42) size 768x86
          LayoutBlockFlow {DETAILS} at (0,0) size 768x68 [border: (8px solid #995555)]
            LayoutBlockFlow {SUMMARY} at (8,8) size 752x34 [border: (8px solid #CC9999)]
              LayoutDetailsMarker {DIV} at (8,11.45) size 10.55x10.55: down
              LayoutText {#text} at (24,8) size 274x18
                text run at (24,8) width 5: " "
                text run at (28,8) width 270: "nested summary (details-deails-summary)"
            LayoutBlockFlow {DIV} at (8,42) size 752x18
              LayoutText {#text} at (0,0) size 186x18
                text run at (0,0) width 186: "nested details (details-deails)"
          LayoutBlockFlow (anonymous) at (0,68) size 768x18
            LayoutText {#text} at (0,0) size 42x18
              text run at (0,0) width 42: "details"
