layer at (0,0) size 800x600
  LayoutView at (0,0) size 800x600
layer at (0,0) size 800x600
  LayoutBlockFlow {HTML} at (0,0) size 800x600
    LayoutBlockFlow {BODY} at (8,8) size 784x584
      LayoutBlockFlow {DETAILS} at (0,0) size 784x36
        LayoutBlockFlow {SUMMARY} at (0,0) size 784x18
          LayoutDetailsMarker {DIV} at (0,3.45) size 10.55x10.55: down
          LayoutText {#text} at (16,0) size 61x18
            text run at (16,0) width 61: "summary"
        LayoutBlockFlow {DIV} at (0,18) size 784x18
          LayoutInline {B} at (0,0) size 144x18
            LayoutText {#text} at (0,0) size 144x18
              text run at (0,0) width 144: "should have bold test"
