layer at (0,0) size 800x600 scrollHeight 975
  LayoutView at (0,0) size 1046x799
layer at (0,0) size 1046x975 backgroundClip at (0,0) size 800x600 clip at (0,0) size 800x600
  LayoutBlockFlow {HTML} at (0,0) size 1046x975
    LayoutBlockFlow {BODY} at (0,0) size 1046x975
      LayoutTable {TABLE} at (0,0) size 171x975
        LayoutTableSection {THEAD} at (0,0) size 171x44
          LayoutTableRow {TR} at (0,0) size 171x44
            LayoutTableCell {TD} at (0,10) size 57x24 [border: (1px solid #000000)] [r=0 c=0 rs=1 cs=1]
              LayoutText {#text} at (2,2) size 53x19
                text run at (2,2) width 53: "header 1"
            LayoutTableCell {TD} at (57,10) size 57x24 [border: (1px solid #000000)] [r=0 c=1 rs=1 cs=1]
              LayoutText {#text} at (2,2) size 53x19
                text run at (2,2) width 53: "header 2"
            LayoutTableCell {TD} at (114,10) size 57x24 [border: (1px solid #000000)] [r=0 c=2 rs=1 cs=1]
              LayoutText {#text} at (2,2) size 53x19
                text run at (2,2) width 53: "header 3"
        LayoutTableSection {TBODY} at (0,44) size 171x931
          LayoutTableRow {TR} at (0,0) size 171x44
            LayoutTableCell {TD} at (0,10) size 57x24 [border: (1px solid #000000)] [r=0 c=0 rs=1 cs=1]
              LayoutText {#text} at (2,2) size 22x19
                text run at (2,2) width 22: "1-1"
            LayoutTableCell {TD} at (57,10) size 57x24 [border: (1px solid #000000)] [r=0 c=1 rs=1 cs=1]
              LayoutText {#text} at (2,2) size 22x19
                text run at (2,2) width 22: "2-1"
            LayoutTableCell {TD} at (114,10) size 57x24 [border: (1px solid #000000)] [r=0 c=2 rs=1 cs=1]
              LayoutText {#text} at (2,2) size 22x19
                text run at (2,2) width 22: "3-1"
          LayoutTableRow {TR} at (0,44) size 171x44
            LayoutTableCell {TD} at (0,54) size 57x24 [border: (1px solid #000000)] [r=1 c=0 rs=1 cs=1]
              LayoutText {#text} at (2,2) size 22x19
                text run at (2,2) width 22: "1-2"
            LayoutTableCell {TD} at (57,54) size 57x24 [border: (1px solid #000000)] [r=1 c=1 rs=1 cs=1]
              LayoutText {#text} at (2,2) size 22x19
                text run at (2,2) width 22: "2-2"
            LayoutTableCell {TD} at (114,54) size 57x24 [border: (1px solid #000000)] [r=1 c=2 rs=1 cs=1]
              LayoutText {#text} at (2,2) size 22x19
                text run at (2,2) width 22: "3-2"
          LayoutTableRow {TR} at (0,88) size 171x44
            LayoutTableCell {TD} at (0,98) size 57x24 [border: (1px solid #000000)] [r=2 c=0 rs=1 cs=1]
              LayoutText {#text} at (2,2) size 22x19
                text run at (2,2) width 22: "1-3"
            LayoutTableCell {TD} at (57,98) size 57x24 [border: (1px solid #000000)] [r=2 c=1 rs=1 cs=1]
              LayoutText {#text} at (2,2) size 22x19
                text run at (2,2) width 22: "2-3"
            LayoutTableCell {TD} at (114,98) size 57x24 [border: (1px solid #000000)] [r=2 c=2 rs=1 cs=1]
              LayoutText {#text} at (2,2) size 22x19
                text run at (2,2) width 22: "3-3"
          LayoutTableRow {TR} at (0,132) size 171x44
            LayoutTableCell {TD} at (0,142) size 57x24 [border: (1px solid #000000)] [r=3 c=0 rs=1 cs=1]
              LayoutText {#text} at (2,2) size 22x19
                text run at (2,2) width 22: "1-4"
            LayoutTableCell {TD} at (57,142) size 57x24 [border: (1px solid #000000)] [r=3 c=1 rs=1 cs=1]
              LayoutText {#text} at (2,2) size 22x19
                text run at (2,2) width 22: "2-4"
            LayoutTableCell {TD} at (114,142) size 57x24 [border: (1px solid #000000)] [r=3 c=2 rs=1 cs=1]
              LayoutText {#text} at (2,2) size 22x19
                text run at (2,2) width 22: "3-4"
          LayoutTableRow {TR} at (0,176) size 171x44
            LayoutTableCell {TD} at (0,186) size 57x24 [border: (1px solid #000000)] [r=4 c=0 rs=1 cs=1]
              LayoutText {#text} at (2,2) size 22x19
                text run at (2,2) width 22: "1-5"
            LayoutTableCell {TD} at (57,186) size 57x24 [border: (1px solid #000000)] [r=4 c=1 rs=1 cs=1]
              LayoutText {#text} at (2,2) size 22x19
                text run at (2,2) width 22: "2-5"
            LayoutTableCell {TD} at (114,186) size 57x24 [border: (1px solid #000000)] [r=4 c=2 rs=1 cs=1]
              LayoutText {#text} at (2,2) size 22x19
                text run at (2,2) width 22: "3-5"
          LayoutTableRow {TR} at (0,220) size 171x44
            LayoutTableCell {TD} at (0,230) size 57x24 [border: (1px solid #000000)] [r=5 c=0 rs=1 cs=1]
              LayoutText {#text} at (2,2) size 22x19
                text run at (2,2) width 22: "1-6"
            LayoutTableCell {TD} at (57,230) size 57x24 [border: (1px solid #000000)] [r=5 c=1 rs=1 cs=1]
              LayoutText {#text} at (2,2) size 22x19
                text run at (2,2) width 22: "2-6"
            LayoutTableCell {TD} at (114,230) size 57x24 [border: (1px solid #000000)] [r=5 c=2 rs=1 cs=1]
              LayoutText {#text} at (2,2) size 22x19
                text run at (2,2) width 22: "3-6"
          LayoutTableRow {TR} at (0,264) size 171x44
            LayoutTableCell {TD} at (0,274) size 57x24 [border: (1px solid #000000)] [r=6 c=0 rs=1 cs=1]
              LayoutText {#text} at (2,2) size 22x19
                text run at (2,2) width 22: "1-7"
            LayoutTableCell {TD} at (57,274) size 57x24 [border: (1px solid #000000)] [r=6 c=1 rs=1 cs=1]
              LayoutText {#text} at (2,2) size 22x19
                text run at (2,2) width 22: "2-7"
            LayoutTableCell {TD} at (114,274) size 57x24 [border: (1px solid #000000)] [r=6 c=2 rs=1 cs=1]
              LayoutText {#text} at (2,2) size 22x19
                text run at (2,2) width 22: "3-7"
          LayoutTableRow {TR} at (0,308) size 171x44
            LayoutTableCell {TD} at (0,318) size 57x24 [border: (1px solid #000000)] [r=7 c=0 rs=1 cs=1]
              LayoutText {#text} at (2,2) size 22x19
                text run at (2,2) width 22: "1-8"
            LayoutTableCell {TD} at (57,318) size 57x24 [border: (1px solid #000000)] [r=7 c=1 rs=1 cs=1]
              LayoutText {#text} at (2,2) size 22x19
                text run at (2,2) width 22: "2-8"
            LayoutTableCell {TD} at (114,318) size 57x24 [border: (1px solid #000000)] [r=7 c=2 rs=1 cs=1]
              LayoutText {#text} at (2,2) size 22x19
                text run at (2,2) width 22: "3-8"
          LayoutTableRow {TR} at (0,352) size 171x44
            LayoutTableCell {TD} at (0,362) size 57x24 [border: (1px solid #000000)] [r=8 c=0 rs=1 cs=1]
              LayoutText {#text} at (2,2) size 22x19
                text run at (2,2) width 22: "1-9"
            LayoutTableCell {TD} at (57,362) size 57x24 [border: (1px solid #000000)] [r=8 c=1 rs=1 cs=1]
              LayoutText {#text} at (2,2) size 22x19
                text run at (2,2) width 22: "2-9"
            LayoutTableCell {TD} at (114,362) size 57x24 [border: (1px solid #000000)] [r=8 c=2 rs=1 cs=1]
              LayoutText {#text} at (2,2) size 22x19
                text run at (2,2) width 22: "3-9"
          LayoutTableRow {TR} at (0,396) size 171x44
            LayoutTableCell {TD} at (0,406) size 57x24 [border: (1px solid #000000)] [r=9 c=0 rs=1 cs=1]
              LayoutText {#text} at (2,2) size 30x19
                text run at (2,2) width 30: "1-10"
            LayoutTableCell {TD} at (57,406) size 57x24 [border: (1px solid #000000)] [r=9 c=1 rs=1 cs=1]
              LayoutText {#text} at (2,2) size 30x19
                text run at (2,2) width 30: "2-10"
            LayoutTableCell {TD} at (114,406) size 57x24 [border: (1px solid #000000)] [r=9 c=2 rs=1 cs=1]
              LayoutText {#text} at (2,2) size 30x19
                text run at (2,2) width 30: "3-10"
          LayoutTableRow {TR} at (0,440) size 171x44
            LayoutTableCell {TD} at (0,450) size 57x24 [border: (1px solid #000000)] [r=10 c=0 rs=1 cs=1]
              LayoutText {#text} at (2,2) size 29x19
                text run at (2,2) width 29: "1-11"
            LayoutTableCell {TD} at (57,450) size 57x24 [border: (1px solid #000000)] [r=10 c=1 rs=1 cs=1]
              LayoutText {#text} at (2,2) size 29x19
                text run at (2,2) width 29: "2-11"
            LayoutTableCell {TD} at (114,450) size 57x24 [border: (1px solid #000000)] [r=10 c=2 rs=1 cs=1]
              LayoutText {#text} at (2,2) size 29x19
                text run at (2,2) width 29: "3-11"
          LayoutTableRow {TR} at (0,484) size 171x44
            LayoutTableCell {TD} at (0,494) size 57x24 [border: (1px solid #000000)] [r=11 c=0 rs=1 cs=1]
              LayoutText {#text} at (2,2) size 30x19
                text run at (2,2) width 30: "1-12"
            LayoutTableCell {TD} at (57,494) size 57x24 [border: (1px solid #000000)] [r=11 c=1 rs=1 cs=1]
              LayoutText {#text} at (2,2) size 30x19
                text run at (2,2) width 30: "2-12"
            LayoutTableCell {TD} at (114,494) size 57x24 [border: (1px solid #000000)] [r=11 c=2 rs=1 cs=1]
              LayoutText {#text} at (2,2) size 30x19
                text run at (2,2) width 30: "3-12"
          LayoutTableRow {TR} at (0,528) size 171x44
            LayoutTableCell {TD} at (0,538) size 57x24 [border: (1px solid #000000)] [r=12 c=0 rs=1 cs=1]
              LayoutText {#text} at (2,2) size 30x19
                text run at (2,2) width 30: "1-13"
            LayoutTableCell {TD} at (57,538) size 57x24 [border: (1px solid #000000)] [r=12 c=1 rs=1 cs=1]
              LayoutText {#text} at (2,2) size 30x19
                text run at (2,2) width 30: "2-13"
            LayoutTableCell {TD} at (114,538) size 57x24 [border: (1px solid #000000)] [r=12 c=2 rs=1 cs=1]
              LayoutText {#text} at (2,2) size 30x19
                text run at (2,2) width 30: "3-13"
          LayoutTableRow {TR} at (0,572) size 171x44
            LayoutTableCell {TD} at (0,582) size 57x24 [border: (1px solid #000000)] [r=13 c=0 rs=1 cs=1]
              LayoutText {#text} at (2,2) size 30x19
                text run at (2,2) width 30: "1-14"
            LayoutTableCell {TD} at (57,582) size 57x24 [border: (1px solid #000000)] [r=13 c=1 rs=1 cs=1]
              LayoutText {#text} at (2,2) size 30x19
                text run at (2,2) width 30: "2-14"
            LayoutTableCell {TD} at (114,582) size 57x24 [border: (1px solid #000000)] [r=13 c=2 rs=1 cs=1]
              LayoutText {#text} at (2,2) size 30x19
                text run at (2,2) width 30: "3-14"
          LayoutTableRow {TR} at (0,616) size 171x44
            LayoutTableCell {TD} at (0,626) size 57x24 [border: (1px solid #000000)] [r=14 c=0 rs=1 cs=1]
              LayoutText {#text} at (2,2) size 30x19
                text run at (2,2) width 30: "1-15"
            LayoutTableCell {TD} at (57,626) size 57x24 [border: (1px solid #000000)] [r=14 c=1 rs=1 cs=1]
              LayoutText {#text} at (2,2) size 30x19
                text run at (2,2) width 30: "2-15"
            LayoutTableCell {TD} at (114,626) size 57x24 [border: (1px solid #000000)] [r=14 c=2 rs=1 cs=1]
              LayoutText {#text} at (2,2) size 30x19
                text run at (2,2) width 30: "3-15"
          LayoutTableRow {TR} at (0,660) size 171x44
            LayoutTableCell {TD} at (0,670) size 57x24 [border: (1px solid #000000)] [r=15 c=0 rs=1 cs=1]
              LayoutText {#text} at (2,2) size 30x19
                text run at (2,2) width 30: "1-16"
            LayoutTableCell {TD} at (57,670) size 57x24 [border: (1px solid #000000)] [r=15 c=1 rs=1 cs=1]
              LayoutText {#text} at (2,2) size 30x19
                text run at (2,2) width 30: "2-16"
            LayoutTableCell {TD} at (114,670) size 57x24 [border: (1px solid #000000)] [r=15 c=2 rs=1 cs=1]
              LayoutText {#text} at (2,2) size 30x19
                text run at (2,2) width 30: "3-16"
          LayoutTableRow {TR} at (0,704) size 171x44
            LayoutTableCell {TD} at (0,714) size 57x24 [border: (1px solid #000000)] [r=16 c=0 rs=1 cs=1]
              LayoutText {#text} at (2,2) size 30x19
                text run at (2,2) width 30: "1-17"
            LayoutTableCell {TD} at (57,714) size 57x24 [border: (1px solid #000000)] [r=16 c=1 rs=1 cs=1]
              LayoutText {#text} at (2,2) size 30x19
                text run at (2,2) width 30: "2-17"
            LayoutTableCell {TD} at (114,714) size 57x24 [border: (1px solid #000000)] [r=16 c=2 rs=1 cs=1]
              LayoutText {#text} at (2,2) size 30x19
                text run at (2,2) width 30: "3-17"
          LayoutTableRow {TR} at (0,799) size 171x44
            LayoutTableCell {TD} at (0,809) size 57x24 [border: (1px solid #000000)] [r=17 c=0 rs=1 cs=1]
              LayoutText {#text} at (2,2) size 30x19
                text run at (2,2) width 30: "1-18"
            LayoutTableCell {TD} at (57,809) size 57x24 [border: (1px solid #000000)] [r=17 c=1 rs=1 cs=1]
              LayoutText {#text} at (2,2) size 30x19
                text run at (2,2) width 30: "2-18"
            LayoutTableCell {TD} at (114,809) size 57x24 [border: (1px solid #000000)] [r=17 c=2 rs=1 cs=1]
              LayoutText {#text} at (2,2) size 30x19
                text run at (2,2) width 30: "3-18"
          LayoutTableRow {TR} at (0,843) size 171x44
            LayoutTableCell {TD} at (0,853) size 57x24 [border: (1px solid #000000)] [r=18 c=0 rs=1 cs=1]
              LayoutText {#text} at (2,2) size 30x19
                text run at (2,2) width 30: "1-19"
            LayoutTableCell {TD} at (57,853) size 57x24 [border: (1px solid #000000)] [r=18 c=1 rs=1 cs=1]
              LayoutText {#text} at (2,2) size 30x19
                text run at (2,2) width 30: "2-19"
            LayoutTableCell {TD} at (114,853) size 57x24 [border: (1px solid #000000)] [r=18 c=2 rs=1 cs=1]
              LayoutText {#text} at (2,2) size 30x19
                text run at (2,2) width 30: "3-19"
          LayoutTableRow {TR} at (0,887) size 171x44
            LayoutTableCell {TD} at (0,897) size 57x24 [border: (1px solid #000000)] [r=19 c=0 rs=1 cs=1]
              LayoutText {#text} at (2,2) size 30x19
                text run at (2,2) width 30: "1-20"
            LayoutTableCell {TD} at (57,897) size 57x24 [border: (1px solid #000000)] [r=19 c=1 rs=1 cs=1]
              LayoutText {#text} at (2,2) size 30x19
                text run at (2,2) width 30: "2-20"
            LayoutTableCell {TD} at (114,897) size 57x24 [border: (1px solid #000000)] [r=19 c=2 rs=1 cs=1]
              LayoutText {#text} at (2,2) size 30x19
                text run at (2,2) width 30: "3-20"
