layer at (0,0) size 800x600
  LayoutView at (0,0) size 800x600
layer at (0,0) size 800x178
  LayoutBlockFlow {HTML} at (0,0) size 800x178
    LayoutBlockFlow {BODY} at (8,16) size 784x154
      LayoutBlockFlow {P} at (0,0) size 784x20
        LayoutText {#text} at (0,0) size 567x19
          text run at (0,0) width 567: "Test passes if, when the input field below is focused for editing, the text insertion caret is green."
      LayoutBlockFlow {P} at (0,36) size 784x20
        LayoutText {#text} at (0,0) size 416x19
          text run at (0,0) width 416: "The shape of the caret, and whether it flashes, are not part of the test."
      LayoutBlockFlow (anonymous) at (0,72) size 784x82
        LayoutTextControl {INPUT} at (0,0) size 504x82 [color=#FFFFFF] [bgcolor=#000000] [border: (2px inset #EEEEEE)]
        LayoutText {#text} at (0,0) size 0x0
layer at (20,100) size 480x58
  LayoutBlockFlow {DIV} at (12,12) size 480x58
caret: position 0 of child 0 {DIV} of {#document-fragment} of child 5 {INPUT} of body
