EDITING DELEGATE: webViewDidChangeSelection:WebViewDidChangeSelectionNotification
EDITING DELEGATE: webViewDidChangeSelection:WebViewDidChangeSelectionNotification
EDITING DELEGATE: webViewDidChange:WebViewDidChangeNotification
layer at (0,0) size 800x600
  LayoutView at (0,0) size 800x600
layer at (0,0) size 800x600
  LayoutBlockFlow {HTML} at (0,0) size 800x600
    LayoutBlockFlow {BODY} at (8,8) size 784x584
      LayoutBlockFlow {P} at (0,0) size 784x40
        LayoutText {#text} at (0,0) size 768x39
          text run at (0,0) width 337: "This tests InsertParagraphSeparator inside table cells. "
          text run at (337,0) width 431: "The first cell should contain 'Cell' and a newline, and the second cell"
          text run at (0,20) width 135: "should contain 'Two'."
      LayoutBlockFlow {DIV} at (0,56) size 784x50
        LayoutTable {TABLE} at (0,0) size 79x50 [border: (1px outset #808080)]
          LayoutTableSection {TBODY} at (1,1) size 77x48
            LayoutTableRow {TR} at (0,2) size 77x44
              LayoutTableCell {TD} at (2,2) size 34x44 [border: (1px inset #808080)] [r=0 c=0 rs=1 cs=1]
                LayoutText {#text} at (2,2) size 30x19
                  text run at (2,2) width 30: "Cell "
                LayoutBR {BR} at (32,17) size 0x0
                LayoutBR {BR} at (2,22) size 0x19
              LayoutTableCell {TD} at (38,2) size 37x44 [border: (1px inset #808080)] [r=0 c=1 rs=1 cs=1]
                LayoutText {#text} at (2,12) size 33x19
                  text run at (2,2) width 33: " Two"
caret: position 0 of child 2 {BR} of child 0 {TD} of child 0 {TR} of child 0 {TBODY} of child 0 {TABLE} of child 2 {DIV} of body
