EDITING DELEGATE: webViewDidChangeSelection:WebViewDidChangeSelectionNotification
EDITING DELEGATE: webViewDidChangeSelection:WebViewDidChangeSelectionNotification
EDITING DELEGATE: webViewDidChange:WebViewDidChangeNotification
layer at (0,0) size 800x600
  LayoutView at (0,0) size 800x600
layer at (0,0) size 800x600
  LayoutBlockFlow {HTML} at (0,0) size 800x600
    LayoutBlockFlow {BODY} at (8,8) size 784x584
      LayoutBlockFlow {P} at (0,0) size 784x20
        LayoutText {#text} at (0,0) size 612x19
          text run at (0,0) width 337: "This tests InsertParagraphSeparator inside table cells. "
          text run at (337,0) width 275: "'Cell' and 'Two' should be on separate lines."
      LayoutBlockFlow {DIV} at (0,36) size 784x50
        LayoutTable {TABLE} at (0,0) size 103x50 [border: (1px outset #808080)]
          LayoutTableSection {TBODY} at (1,1) size 101x48
            LayoutTableRow {TR} at (0,2) size 101x44
              LayoutTableCell {TD} at (2,2) size 61x44 [border: (1px inset #808080)] [r=0 c=0 rs=1 cs=1]
                LayoutText {#text} at (2,12) size 57x19
                  text run at (2,2) width 57: "Cell One"
              LayoutTableCell {TD} at (65,2) size 34x44 [border: (1px inset #808080)] [r=0 c=1 rs=1 cs=1]
                LayoutText {#text} at (2,2) size 30x19
                  text run at (2,2) width 30: "Cell "
                LayoutBR {BR} at (32,17) size 0x0
                LayoutInline {SPAN} at (2,22) size 29x19
                  LayoutText {#text} at (2,22) size 29x19
                    text run at (2,22) width 29: "Two"
caret: position 0 of child 0 {#text} of child 2 {SPAN} of child 1 {TD} of child 0 {TR} of child 0 {TBODY} of child 0 {TABLE} of child 2 {DIV} of body
