layer at (0,0) size 800x600
  LayoutView at (0,0) size 800x600
layer at (0,0) size 800x492
  LayoutBlockFlow {HTML} at (0,0) size 800x492
    LayoutBlockFlow {BODY} at (8,50) size 784x392
      LayoutBlockFlow {DIV} at (50,0) size 140x171
        LayoutText {#text} at (0,0) size 49x18
          text run at (0,0) width 49: "Lorem "
        LayoutInline {SPAN} at (0,0) size 132x37
          LayoutText {#text} at (49,0) size 132x37
            text run at (49,0) width 83: "ipsum dolor"
            text run at (0,19) width 55: "sit amet"
        LayoutText {#text} at (55,19) size 102x75
          text run at (55,19) width 4: ","
          text run at (0,38) width 82: "consectetur"
          text run at (0,57) width 102: "adipiscing elit."
          text run at (0,76) width 64: "Quisque "
        LayoutInline {SPAN} at (0,0) size 116x37
          LayoutText {#text} at (64,76) size 116x37
            text run at (64,76) width 52: "fringilla"
            text run at (0,95) width 65: "libero vel"
        LayoutText {#text} at (65,95) size 124x75
          text run at (65,95) width 43: " ligula"
          text run at (0,114) width 116: "viverra tincidunt."
          text run at (0,133) width 111: "Quisque lacinia"
          text run at (0,152) width 124: "tincidunt tristique."
      LayoutBlockFlow {DIV} at (50,221) size 140x171
        LayoutText {#text} at (0,0) size 49x18
          text run at (0,0) width 49: "Lorem "
        LayoutInline {SPAN} at (0,0) size 132x37
          LayoutText {#text} at (49,0) size 132x37
            text run at (49,0) width 83: "ipsum dolor"
            text run at (0,19) width 55: "sit amet"
        LayoutText {#text} at (55,19) size 102x75
          text run at (55,19) width 4: ","
          text run at (0,38) width 82: "consectetur"
          text run at (0,57) width 102: "adipiscing elit."
          text run at (0,76) width 64: "Quisque "
        LayoutInline {SPAN} at (0,0) size 116x37
          LayoutText {#text} at (64,76) size 116x37
            text run at (64,76) width 52: "fringilla"
            text run at (0,95) width 65: "libero vel"
        LayoutText {#text} at (65,95) size 124x75
          text run at (65,95) width 43: " ligula"
          text run at (0,114) width 116: "viverra tincidunt."
          text run at (0,133) width 111: "Quisque lacinia"
          text run at (0,152) width 124: "tincidunt tristique."
