layer at (0,0) size 800x600
  LayoutView at (0,0) size 800x600
layer at (0,0) size 800x316
  LayoutBlockFlow {HTML} at (0,0) size 800x316
    LayoutBlockFlow {BODY} at (8,16) size 784x292
      LayoutBlockFlow {P} at (0,0) size 784x18
        LayoutText {#text} at (0,0) size 133x18
          text run at (0,0) width 133: "These should match:"
      LayoutBlockFlow (anonymous) at (0,34) size 784x104
        LayoutBlockFlow (floating) {DIV} at (0,0) size 100x100 [bgcolor=#560063]
        LayoutImage {IMG} at (100,0) size 100x100
        LayoutText {#text} at (200,86) size 4x18
          text run at (200,86) width 4: " "
        LayoutBR {BR} at (0,0) size 0x0
      LayoutBlockFlow {P} at (0,154) size 784x18
        LayoutText {#text} at (0,0) size 243x18
          text run at (0,0) width 243: "These should not match (at this time):"
      LayoutBlockFlow (anonymous) at (0,188) size 784x104
        LayoutBlockFlow (floating) {DIV} at (0,0) size 100x100 [bgcolor=#560063]
        LayoutImage {IMG} at (100,0) size 100x100
        LayoutText {#text} at (0,0) size 0x0
