layer at (0,0) size 800x600
  LayoutView at (0,0) size 800x600
layer at (0,0) size 800x600
  LayoutBlockFlow {HTML} at (0,0) size 800x600
    LayoutBlockFlow {BODY} at (8,8) size 784x576
      LayoutBlockFlow (anonymous) at (0,0) size 784x0
        LayoutInline {SPAN} at (0,0) size 0x0
          LayoutInline {SPAN} at (0,0) size 0x0
        LayoutText {#text} at (0,0) size 0x0
      LayoutBlockFlow {H4} at (0,0) size 784x18
        LayoutText {#text} at (0,0) size 83x18
          text run at (0,0) width 83: "Instructions"
      LayoutBlockFlow {P} at (0,39.27) size 784x18
        LayoutText {#text} at (0,0) size 180x18
          text run at (0,0) width 180: "Click the following buttons."
      LayoutBlockFlow {OL} at (0,73.27) size 784x163
        LayoutListItem {LI} at (40,0) size 744x18
          LayoutListMarker (anonymous) at (-16,0) size 16x18: "1"
          LayoutText {#text} at (0,0) size 199x18
            text run at (0,0) width 199: "Start with the outmost left one."
        LayoutListItem {LI} at (40,18) size 744x18
          LayoutListMarker (anonymous) at (-16,0) size 16x18: "2"
          LayoutText {#text} at (0,0) size 138x18
            text run at (0,0) width 138: "Click the middle one."
        LayoutListItem {LI} at (40,36) size 744x18
          LayoutListMarker (anonymous) at (-16,0) size 16x18: "3"
          LayoutText {#text} at (0,0) size 271x18
            text run at (0,0) width 271: "(The ouline will not be updated correctly.)"
        LayoutListItem {LI} at (40,54) size 744x18
          LayoutListMarker (anonymous) at (-16,0) size 16x18: "4"
          LayoutText {#text} at (0,0) size 142x18
            text run at (0,0) width 142: "Click the right button."
        LayoutListItem {LI} at (40,72) size 744x18
          LayoutListMarker (anonymous) at (-16,0) size 16x18: "5"
          LayoutText {#text} at (0,0) size 473x18
            text run at (0,0) width 473: "This will crash Safari 1.3 (v176 and v170, no other configurations tested)."
        LayoutListItem {LI} at (40,90) size 744x18
          LayoutListMarker (anonymous) at (-16,0) size 16x18: "6"
          LayoutText {#text} at (0,0) size 300x18
            text run at (0,0) width 300: "The combination 2. 1. 3. will also crash Safari."
        LayoutListItem {LI} at (40,108) size 744x18
          LayoutListMarker (anonymous) at (-16,0) size 16x18: "7"
          LayoutText {#text} at (0,0) size 457x18
            text run at (0,0) width 457: "1. 3. will not crash Safari. (But the outline should vanish. Shouldn't it?)"
        LayoutListItem {LI} at (40,126) size 744x18
          LayoutListMarker (anonymous) at (-16,0) size 16x18: "8"
          LayoutText {#text} at (0,0) size 205x18
            text run at (0,0) width 205: "2. 3. will not crash Safari either."
        LayoutBlockFlow (anonymous) at (40,144) size 744x19
          LayoutButton {INPUT} at (0,1) size 130.53x18 [bgcolor=#FFFFFF]
            LayoutBlockFlow (anonymous) at (8,2) size 114.53x13
              LayoutText {#text} at (0,0) size 115x13
                text run at (0,0) width 115: "1. Set outline property"
          LayoutText {#text} at (130,0) size 5x18
            text run at (130,0) width 5: " "
          LayoutButton {INPUT} at (134.53,1) size 133.58x18 [bgcolor=#FFFFFF]
            LayoutBlockFlow (anonymous) at (8,2) size 117.58x13
              LayoutText {#text} at (0,0) size 118x13
                text run at (0,0) width 118: "2. Set display property"
          LayoutText {#text} at (268,0) size 5x18
            text run at (268,0) width 5: " "
          LayoutButton {INPUT} at (272.11,1) size 145.05x18 [bgcolor=#FFFFFF]
            LayoutBlockFlow (anonymous) at (8,2) size 129.05x13
              LayoutText {#text} at (0,0) size 130x13
                text run at (0,0) width 130: "3. Replace span-element"
          LayoutText {#text} at (0,0) size 0x0
