layer at (0,0) size 800x600
  LayoutView at (0,0) size 800x600
layer at (0,0) size 800x600
  LayoutBlockFlow {HTML} at (0,0) size 800x600
    LayoutBlockFlow {BODY} at (8,8) size 784x584
      LayoutBlockFlow {P} at (0,0) size 784x18
        LayoutText {#text} at (0,0) size 256x18
          text run at (0,0) width 256: "What it should look like (positive case):"
      LayoutBlockFlow {DIV} at (0,34) size 784x72 [border: (1px solid #008000)]
        LayoutBlockFlow {DIV} at (1,11) size 782x20 [border: (1px solid #0000FF)]
          LayoutText {#text} at (1,1) size 86x18
            text run at (1,1) width 86: "Lorem ipsum"
        LayoutBlockFlow {DIV} at (1,41) size 782x20 [border: (1px dotted #0000FF)]
          LayoutText {#text} at (1,1) size 86x18
            text run at (1,1) width 86: "Lorem ipsum"
      LayoutBlockFlow {P} at (0,122) size 784x18
        LayoutText {#text} at (0,0) size 260x18
          text run at (0,0) width 260: "What it should look like (negative case):"
      LayoutBlockFlow {DIV} at (0,156) size 784x32 [border: (1px solid #008000)]
        LayoutBlockFlow {DIV} at (1,11) size 782x20 [border: (1px solid #0000FF)]
          LayoutText {#text} at (1,1) size 86x18
            text run at (1,1) width 86: "Lorem ipsum"
        LayoutBlockFlow {DIV} at (1,21) size 782x20 [border: (1px dotted #0000FF)]
          LayoutText {#text} at (1,1) size 86x18
            text run at (1,1) width 86: "Lorem ipsum"
      LayoutBlockFlow {P} at (0,204) size 784x18
        LayoutText {#text} at (0,0) size 380x18
          text run at (0,0) width 380: "Dynamic case (automatically testing positive --> negative):"
      LayoutBlockFlow {DIV} at (0,238) size 784x32 [border: (1px solid #008000)]
        LayoutBlockFlow {DIV} at (1,11) size 782x20 [border: (1px solid #0000FF)]
          LayoutText {#text} at (1,1) size 86x18
            text run at (1,1) width 86: "Lorem ipsum"
        LayoutBlockFlow {DIV} at (1,21) size 782x20 [border: (1px dotted #0000FF)]
          LayoutText {#text} at (1,1) size 86x18
            text run at (1,1) width 86: "Lorem ipsum"
      LayoutBlockFlow (anonymous) at (0,270) size 784x37
        LayoutBR {BR} at (0,0) size 0x18
        LayoutButton {INPUT} at (0,19) size 100.56x18 [bgcolor=#FFFFFF]
          LayoutBlockFlow (anonymous) at (8,2) size 84.56x13
            LayoutText {#text} at (0,0) size 85x13
              text run at (0,0) width 85: "Negative margin"
        LayoutText {#text} at (100,18) size 5x18
          text run at (100,18) width 5: " "
        LayoutButton {INPUT} at (104.56,19) size 95.14x18 [bgcolor=#FFFFFF]
          LayoutBlockFlow (anonymous) at (8,2) size 79.14x13
            LayoutText {#text} at (0,0) size 80x13
              text run at (0,0) width 80: "Positive margin"
        LayoutText {#text} at (0,0) size 0x0
      LayoutBlockFlow {P} at (0,323) size 784x18
        LayoutText {#text} at (0,0) size 458x18
          text run at (0,0) width 458: "Dynamic case (automatically testing positive --> negative --> positive):"
      LayoutBlockFlow {DIV} at (0,357) size 784x72 [border: (1px solid #008000)]
        LayoutBlockFlow {DIV} at (1,11) size 782x20 [border: (1px solid #0000FF)]
          LayoutText {#text} at (1,1) size 86x18
            text run at (1,1) width 86: "Lorem ipsum"
        LayoutBlockFlow {DIV} at (1,41) size 782x20 [border: (1px dotted #0000FF)]
          LayoutText {#text} at (1,1) size 86x18
            text run at (1,1) width 86: "Lorem ipsum"
      LayoutBlockFlow (anonymous) at (0,429) size 784x37
        LayoutBR {BR} at (0,0) size 0x18
        LayoutButton {INPUT} at (0,19) size 100.56x18 [bgcolor=#FFFFFF]
          LayoutBlockFlow (anonymous) at (8,2) size 84.56x13
            LayoutText {#text} at (0,0) size 85x13
              text run at (0,0) width 85: "Negative margin"
        LayoutText {#text} at (100,18) size 5x18
          text run at (100,18) width 5: " "
        LayoutButton {INPUT} at (104.56,19) size 95.14x18 [bgcolor=#FFFFFF]
          LayoutBlockFlow (anonymous) at (8,2) size 79.14x13
            LayoutText {#text} at (0,0) size 80x13
              text run at (0,0) width 80: "Positive margin"
        LayoutText {#text} at (0,0) size 0x0
