layer at (0,0) size 800x600
  LayoutView at (0,0) size 800x600
layer at (0,0) size 800x600
  LayoutBlockFlow {HTML} at (0,0) size 800x600
    LayoutBlockFlow {BODY} at (8,8) size 784x584
      LayoutBlockFlow {P} at (0,18) size 784x18
        LayoutText {#text} at (0,0) size 54x18
          text run at (0,0) width 54: "Test for "
        LayoutInline {I} at (0,0) size 560x18
          LayoutInline {A} at (0,0) size 304x18 [color=#0000EE]
            LayoutText {#text} at (53,0) size 304x18
              text run at (53,0) width 304: "https://bugs.webkit.org/show_bug.cgi?id=9221"
          LayoutText {#text} at (356,0) size 257x18
            text run at (356,0) width 5: " "
            text run at (360,0) width 253: "resize property doesn't work on iframes"
        LayoutText {#text} at (612,0) size 5x18
          text run at (612,0) width 5: "."
      LayoutBlockFlow (anonymous) at (0,62) size 784x230
        LayoutText {#text} at (0,0) size 0x0
layer at (8,8) size 784x2 clip at (0,0) size 0x0
  LayoutBlockFlow {HR} at (0,0) size 784x2 [border: (1px inset #EEEEEE)]
layer at (8,60) size 784x2 clip at (0,0) size 0x0
  LayoutBlockFlow {HR} at (0,52) size 784x2 [border: (1px inset #EEEEEE)]
layer at (58,120) size 163x130
  LayoutIFrame {IFRAME} at (50,50) size 163x130 [border: (2px solid #0000FF)]
    layer at (0,0) size 159x126
      LayoutView at (0,0) size 159x126
    layer at (0,0) size 159x126
      LayoutBlockFlow {HTML} at (0,0) size 159x126
        LayoutBlockFlow {BODY} at (8,8) size 143x110
