layer at (0,0) size 800x600
  LayoutView at (0,0) size 800x600
layer at (0,0) size 800x600
  LayoutBlockFlow {HTML} at (0,0) size 800x600
    LayoutBlockFlow {BODY} at (8,8) size 784x542
      LayoutBlockFlow {P} at (0,18) size 784x18
        LayoutText {#text} at (0,0) size 54x18
          text run at (0,0) width 54: "Test for "
        LayoutInline {I} at (0,0) size 655x18
          LayoutInline {A} at (0,0) size 310x18 [color=#0000EE]
            LayoutText {#text} at (53,0) size 310x18
              text run at (53,0) width 310: "https://bugs.webkit.org/show_bug.cgi?id=22118"
          LayoutText {#text} at (363,0) size 345x18
            text run at (363,0) width 4: " "
            text run at (367,0) width 341: "Resize corner does not track in transformed elements"
        LayoutText {#text} at (707,0) size 5x18
          text run at (707,0) width 5: "."
layer at (8,8) size 784x2 clip at (0,0) size 0x0
  LayoutBlockFlow {HR} at (0,0) size 784x2 [border: (1px inset #EEEEEE)]
layer at (8,60) size 784x2 clip at (0,0) size 0x0
  LayoutBlockFlow {HR} at (0,52) size 784x2 [border: (1px inset #EEEEEE)]
layer at (58,112) size 163x129 clip at (60,114) size 159x125
  LayoutBlockFlow {DIV} at (50,104) size 163x129 [border: (2px solid #0000FF)]
