layer at (0,0) size 800x600
  LayoutView at (0,0) size 800x600
layer at (0,0) size 800x600
  LayoutBlockFlow {HTML} at (0,0) size 800x600
    LayoutBlockFlow {BODY} at (8,8) size 784x576
      LayoutBlockFlow {P} at (0,0) size 784x36
        LayoutText {#text} at (0,0) size 218x18
          text run at (0,0) width 218 LTR override: "This tests for a regression against "
        LayoutInline {I} at (0,0) size 722x36
          LayoutInline {A} at (0,0) size 354x18 [color=#0000EE]
            LayoutText {#text} at (217,0) size 354x18
              text run at (217,0) width 354 LTR override: "http://bugzilla.opendarwin.org/show_bug.cgi?id=6334"
          LayoutText {#text} at (570,0) size 722x36
            text run at (570,0) width 152 LTR override: " REGRESSION: <input"
            text run at (0,18) width 374 LTR override: "type=\"button\"> text is reversed on \"visual Hebrew\" pages"
        LayoutText {#text} at (373,18) size 5x18
          text run at (373,18) width 5 LTR override: "."
      LayoutBlockFlow {P} at (0,70) size 784x19
        LayoutText {#text} at (0,1) size 310x18
          text run at (0,1) width 310 LTR override: "The text on both buttons should like this: \x{5E8}\x{5D5}\x{5EA}\x{5E4}\x{5DB}"
      LayoutBlockFlow (anonymous) at (0,105) size 784x37
        LayoutButton {BUTTON} at (0,1) size 46.11x18 [bgcolor=#C0C0C0] [border: none (2px outset #C0C0C0) none (2px outset #C0C0C0)]
          LayoutBlockFlow (anonymous) at (8,2) size 30.11x13
            LayoutText {#text} at (0,0) size 31x13
              text run at (0,0) width 31 LTR override: "\x{5E8}\x{5D5}\x{5EA}\x{5E4}\x{5DB}"
        LayoutText {#text} at (46,0) size 5x18
          text run at (46,0) width 5 LTR override: " "
        LayoutBR {BR} at (50,14) size 1x0
        LayoutButton {INPUT} at (0,19) size 46.11x18 [bgcolor=#C0C0C0]
          LayoutBlockFlow (anonymous) at (8,2) size 30.11x13
            LayoutText {#text} at (0,0) size 31x13
              text run at (0,0) width 31 RTL: "\x{5DB}\x{5E4}\x{5EA}\x{5D5}\x{5E8}"
        LayoutText {#text} at (0,0) size 0x0
      LayoutBlockFlow {P} at (0,168) size 784x18
        LayoutText {#text} at (0,0) size 255x18
          text run at (0,0) width 255 LTR override: "The following lines should be identical:"
      LayoutBlockFlow {P} at (0,202) size 784x19
        LayoutText {#text} at (0,1) size 81x18
          text run at (0,1) width 16: "21"
          text run at (16,1) width 65 RTL: "\x{5D4}\x{5DE}\x{5D0}\x{5D4} \x{5D4}-"
      LayoutBlockFlow {P} at (0,237) size 784x19
        LayoutText {#text} at (0,1) size 81x18
          text run at (0,1) width 81 LTR override: "21-\x{5D4} \x{5D4}\x{5D0}\x{5DE}\x{5D4}"
layer at (8,60) size 784x2 clip at (0,0) size 0x0
  LayoutBlockFlow {HR} at (0,52) size 784x2 [border: (1px inset #EEEEEE)]
layer at (8,158) size 784x2 clip at (0,0) size 0x0
  LayoutBlockFlow {HR} at (0,150) size 784x2 [border: (1px inset #EEEEEE)]
