layer at (0,0) size 800x600
  LayoutView at (0,0) size 800x600
layer at (0,0) size 800x600
  LayoutBlockFlow {HTML} at (0,0) size 800x600
    LayoutBlockFlow {BODY} at (8,8) size 784x576
      LayoutBlockFlow {DIV} at (0,0) size 784x18
        LayoutInline {SPAN} at (0,0) size 252x18
          LayoutText {#text} at (0,0) size 252x18
            text run at (0,0) width 252: "This should not turn red when hovered."
        LayoutText {#text} at (0,0) size 0x0
      LayoutBlockFlow {P} at (0,44) size 784x36
        LayoutText {#text} at (0,0) size 54x18
          text run at (0,0) width 54: "Test for "
        LayoutInline {I} at (0,0) size 554x18
          LayoutInline {A} at (0,0) size 353x18 [color=#0000EE]
            LayoutText {#text} at (53,0) size 353x18
              text run at (53,0) width 353: "http://bugzilla.opendarwin.org/show_bug.cgi?id=7218"
          LayoutText {#text} at (405,0) size 202x18
            text run at (405,0) width 202: " Text underlined on mouse over"
        LayoutText {#text} at (606,0) size 102x18
          text run at (606,0) width 102: ". This tests that "
        LayoutInline {CODE} at (0,0) size 55x15
          LayoutText {#text} at (707,2) size 55x15
            text run at (707,2) width 55: "*:hover"
        LayoutText {#text} at (0,18) size 261x18
          text run at (0,18) width 261: "does not match anything in quirks mode."
layer at (8,34) size 784x2 clip at (0,0) size 0x0
  LayoutBlockFlow {HR} at (0,26) size 784x2 [border: (1px inset #EEEEEE)]
caret: position 1 of child 0 {#text} of child 1 {SPAN} of child 1 {DIV} of body
