layer at (0,0) size 800x600
  LayoutView at (0,0) size 800x600
layer at (0,0) size 800x194
  LayoutBlockFlow {HTML} at (0,0) size 800x194
    LayoutBlockFlow {BODY} at (8,8) size 784x178
      LayoutInline {B} at (0,0) size 96x18
        LayoutText {#text} at (0,40) size 24x18
          text run at (0,40) width 24: "___"
        LayoutInline {B} at (0,0) size 72x18
          LayoutText {#text} at (24,80) size 24x18
            text run at (24,80) width 24: "___"
          LayoutInline {B} at (0,0) size 48x18
            LayoutText {#text} at (48,120) size 24x18
              text run at (48,120) width 24: "___"
            LayoutInline {B} at (0,0) size 24x18
              LayoutText {#text} at (72,160) size 24x18
                text run at (72,160) width 24: "___"
