layer at (0,0) size 800x600 clip at (0,0) size 785x600 scrollHeight 2974
  LayoutView at (0,0) size 800x600
layer at (0,0) size 785x2974 backgroundClip at (0,0) size 785x600 clip at (0,0) size 785x600
  LayoutBlockFlow {HTML} at (0,0) size 785x2973.75
    LayoutBlockFlow {BODY} at (8,8) size 769x2945.75
      LayoutBlockFlow {H3} at (0,0) size 769x22
        LayoutText {#text} at (0,0) size 83x22
          text run at (0,0) width 83: "Single line"
      LayoutBlockFlow {H3} at (0,370.72) size 769x22
        LayoutText {#text} at (0,0) size 79x22
          text run at (0,0) width 79: "Multi line"
      LayoutBlockFlow {H3} at (0,741.44) size 769x22
        LayoutText {#text} at (0,0) size 227x22
          text run at (0,0) width 227: "Containing replaced content"
      LayoutBlockFlow {H3} at (0,1112.16) size 769x22
        LayoutText {#text} at (0,0) size 388x22
          text run at (0,0) width 388: "Containing replaced content blocking the ellipsis"
      LayoutBlockFlow {H3} at (0,1482.88) size 769x22
        LayoutText {#text} at (0,0) size 195x22
          text run at (0,0) width 195: "Right-To-Left single line"
      LayoutBlockFlow {H3} at (0,1853.59) size 769x22
        LayoutText {#text} at (0,0) size 194x22
          text run at (0,0) width 194: "Right-To-Left Multi line"
      LayoutBlockFlow {H3} at (0,2224.31) size 769x22
        LayoutText {#text} at (0,0) size 337x22
          text run at (0,0) width 337: "Right-To-Left containing replaced content"
      LayoutBlockFlow {H3} at (0,2595.03) size 769x22
        LayoutText {#text} at (0,0) size 498x22
          text run at (0,0) width 498: "Right-To-Left containing replaced content blocking the ellipsis"
layer at (8,49) size 20x310 clip at (9,50) size 18x308 scrollHeight 737
  LayoutBlockFlow {DIV} at (0,40.72) size 20x310 [border: (1px solid #000000)]
    LayoutText {#text} at (1,1) size 18x738
      text run at (1,1) width 737: "Lorem ipsum dolor sit amet, consectetur adipiscing elit. Vivamus vitae eros non libero faucibus sagittis sed ut eros."
layer at (8,419) size 74x310 backgroundClip at (8,419) size 74x181 clip at (9,420) size 72x180 scrollHeight 738
  LayoutBlockFlow {DIV} at (0,411.44) size 74x310 [border: (1px solid #000000)]
    LayoutText {#text} at (1,1) size 18x738
      text run at (1,1) width 737: "Lorem ipsum dolor sit amet, consectetur adipiscing elit. Vivamus vitae eros non libero faucibus sagittis sed ut eros."
    LayoutBR {BR} at (0,0) size 0x0
    LayoutText {#text} at (19,1) size 18x728
      text run at (19,1) width 727: "orem ipsum dolor sit amet, consectetur adipiscing elit. Vivamus vitae eros non libero faucibus sagittis sed ut eros."
    LayoutBR {BR} at (0,0) size 0x0
    LayoutText {#text} at (37,1) size 18x720
      text run at (37,1) width 719: "rem ipsum dolor sit amet, consectetur adipiscing elit. Vivamus vitae eros non libero faucibus sagittis sed ut eros."
    LayoutBR {BR} at (0,0) size 0x0
    LayoutText {#text} at (55,2) size 18x714
      text run at (55,2) width 714: "em ipsum dolor sit amet, consectetur adipiscing elit. Vivamus vitae eros non libero faucibus sagittis sed ut eros."
    LayoutBR {BR} at (0,0) size 0x0
layer at (8,790) size 31x310 backgroundClip at (0,0) size 0x0 clip at (0,0) size 0x0 scrollHeight 766
  LayoutBlockFlow {DIV} at (0,782.16) size 31x310 [border: (1px solid #000000)]
    LayoutText {#text} at (12,1) size 18x186
      text run at (12,1) width 186: "Lorem ipsum dolor sit amet, "
    LayoutImage {IMG} at (1,186.95) size 25x25
    LayoutText {#text} at (12,211) size 18x556
      text run at (12,211) width 555: " consectetur adipiscing elit. Vivamus vitae eros non libero faucibus sagittis sed ut eros."
layer at (8,1161) size 31x310 backgroundClip at (0,0) size 0x0 clip at (0,0) size 0x0 scrollHeight 762
  LayoutBlockFlow {DIV} at (0,1152.88) size 31x310 [border: (1px solid #000000)]
    LayoutText {#text} at (12,1) size 18x278
      text run at (12,1) width 278: "Lorem ipsum dolor sit amet, consectetur ad"
    LayoutImage {IMG} at (1,278.70) size 25x25
    LayoutText {#text} at (12,303) size 18x460
      text run at (12,303) width 459: "ipiscing elit. Vivamus vitae eros non libero faucibus sagittis sed ut eros."
layer at (8,1532) size 20x310 backgroundClip at (0,0) size 0x0 clip at (0,0) size 0x0 scrollY 428.00 scrollHeight 736
  LayoutBlockFlow {DIV} at (0,1523.59) size 20x310 [border: (1px solid #000000)]
    LayoutText {#text} at (1,-427) size 18x737
      text run at (1,-427) width 737 RTL override: "Lorem ipsum dolor sit amet, consectetur adipiscing elit. Vivamus vitae eros non libero faucibus sagittis sed ut eros."
layer at (8,1902) size 74x310 backgroundClip at (0,0) size 0x0 clip at (0,0) size 0x0 scrollY 429.00 scrollHeight 737
  LayoutBlockFlow {DIV} at (0,1894.31) size 74x310 [border: (1px solid #000000)]
    LayoutText {#text} at (1,-427) size 18x737
      text run at (1,-427) width 737 RTL override: "Lorem ipsum dolor sit amet, consectetur adipiscing elit. Vivamus vitae eros non libero faucibus sagittis sed ut eros."
    LayoutBR {BR} at (0,0) size 0x0
    LayoutText {#text} at (19,-418) size 18x728
      text run at (19,-418) width 727 RTL override: "orem ipsum dolor sit amet, consectetur adipiscing elit. Vivamus vitae eros non libero faucibus sagittis sed ut eros."
    LayoutBR {BR} at (0,0) size 0x0
    LayoutText {#text} at (37,-409) size 18x719
      text run at (37,-409) width 719 RTL override: "rem ipsum dolor sit amet, consectetur adipiscing elit. Vivamus vitae eros non libero faucibus sagittis sed ut eros."
    LayoutBR {BR} at (0,0) size 0x0
    LayoutText {#text} at (55,-405) size 18x714
      text run at (55,-405) width 714 RTL override: "em ipsum dolor sit amet, consectetur adipiscing elit. Vivamus vitae eros non libero faucibus sagittis sed ut eros."
    LayoutBR {BR} at (0,0) size 0x0
layer at (8,2273) size 31x310 backgroundClip at (0,0) size 0x0 clip at (0,0) size 0x0 scrollY 458.00 scrollHeight 766
  LayoutBlockFlow {DIV} at (0,2265.03) size 31x310 [border: (1px solid #000000)]
    LayoutText {#text} at (12,123) size 18x186
      text run at (12,123) width 186 RTL override: "Lorem ipsum dolor sit amet, "
    LayoutImage {IMG} at (1,98.25) size 25x25
    LayoutText {#text} at (12,-456) size 18x556
      text run at (12,-456) width 555 RTL override: " consectetur adipiscing elit. Vivamus vitae eros non libero faucibus sagittis sed ut eros."
layer at (8,2644) size 31x310 backgroundClip at (0,0) size 0x0 clip at (0,0) size 0x0 scrollY 453.00 scrollHeight 761
  LayoutBlockFlow {DIV} at (0,2635.75) size 31x310 [border: (1px solid #000000)]
    LayoutText {#text} at (12,31) size 18x278
      text run at (12,31) width 278 RTL override: "Lorem ipsum dolor sit amet, consectetur ad"
    LayoutImage {IMG} at (1,6.30) size 25x25
    LayoutText {#text} at (12,-452) size 18x460
      text run at (12,-452) width 459 RTL override: "ipiscing elit. Vivamus vitae eros non libero faucibus sagittis sed ut eros."
