layer at (0,0) size 800x600
  LayoutView at (0,0) size 800x600
layer at (0,0) size 800x200
  LayoutBlockFlow {HTML} at (0,0) size 800x200
    LayoutBlockFlow {BODY} at (8,16) size 784x176
      LayoutBlockFlow {P} at (0,0) size 784x40
        LayoutText {#text} at (0,0) size 770x39
          text run at (0,0) width 770: "This test checks that composition underline color uses the color of the text and is not always black. The test passes if you see the"
          text run at (0,20) width 421: "word \"foobar\" in green with a composition underline in the same color."
      LayoutBlockFlow {DIV} at (0,56) size 784x120 [color=#00FF00] [bgcolor=#000000]
        LayoutText {#text} at (50,50) size 40x19
          text run at (50,50) width 40: "foobar"
caret: position 6 of child 0 {#text} of child 2 {DIV} of body
