layer at (0,0) size 800x600 clip at (0,0) size 785x600 scrollHeight 5451
  LayoutView at (0,0) size 800x600
layer at (0,0) size 785x5451 backgroundClip at (0,0) size 785x600 clip at (0,0) size 785x600
  LayoutBlockFlow {HTML} at (0,0) size 785x5451
    LayoutBlockFlow {BODY} at (8,8) size 769x5435
      LayoutBlockFlow (anonymous) at (0,0) size 769x18
        LayoutText {#text} at (0,0) size 530x18
          text run at (0,0) width 530: "this fixes a bug - 5.0 allocates colspans from right to left - Nav4.6 goes left to right"
      LayoutTable {TABLE} at (0,18) size 272x76 [border: (1px outset #808080)]
        LayoutTableSection {TBODY} at (1,1) size 270x74
          LayoutTableRow {TR} at (0,2) size 270x22
            LayoutTableCell {TD} at (2,2) size 181x22 [border: (1px inset #808080)] [r=0 c=0 rs=1 cs=3]
              LayoutText {#text} at (2,2) size 96x18
                text run at (2,2) width 96: "xxxxxxxxxxxx"
            LayoutTableCell {TD} at (185,2) size 83x22 [border: (1px inset #808080)] [r=0 c=3 rs=1 cs=1]
              LayoutText {#text} at (2,2) size 8x18
                text run at (2,2) width 8: "y"
          LayoutTableRow {TR} at (0,26) size 270x22
            LayoutTableCell {TD} at (2,26) size 12x22 [border: (1px inset #808080)] [r=1 c=0 rs=1 cs=1]
              LayoutText {#text} at (2,2) size 8x18
                text run at (2,2) width 8: "x"
            LayoutTableCell {TD} at (16,26) size 82x22 [border: (1px inset #808080)] [r=1 c=1 rs=1 cs=1]
              LayoutText {#text} at (2,2) size 8x18
                text run at (2,2) width 8: "x"
            LayoutTableCell {TD} at (100,26) size 83x22 [border: (1px inset #808080)] [r=1 c=2 rs=1 cs=1]
              LayoutText {#text} at (2,2) size 8x18
                text run at (2,2) width 8: "x"
            LayoutTableCell {TD} at (185,26) size 83x22 [border: (1px inset #808080)] [r=1 c=3 rs=1 cs=1]
              LayoutText {#text} at (2,2) size 8x18
                text run at (2,2) width 8: "y"
          LayoutTableRow {TR} at (0,50) size 270x22
            LayoutTableCell {TD} at (2,50) size 12x22 [border: (1px inset #808080)] [r=2 c=0 rs=1 cs=1]
              LayoutText {#text} at (2,2) size 8x18
                text run at (2,2) width 8: "x"
            LayoutTableCell {TD} at (16,50) size 252x22 [border: (1px inset #808080)] [r=2 c=1 rs=1 cs=3]
              LayoutText {#text} at (2,2) size 248x18
                text run at (2,2) width 248: "yyyyyyyyyyyyyyyyyyyyyyyyyyyyyyy"
      LayoutBlockFlow (anonymous) at (0,94) size 769x36
        LayoutBR {BR} at (0,0) size 0x18
        LayoutText {#text} at (0,18) size 550x18
          text run at (0,18) width 550: "this is like the previous one except the relative sizes of the colspan content is reversed"
      LayoutTable {TABLE} at (0,130) size 311x76 [bgcolor=#00FF00] [border: (1px outset #808080)]
        LayoutTableSection {TBODY} at (1,1) size 309x74
          LayoutTableRow {TR} at (0,2) size 309x22
            LayoutTableCell {TD} at (2,2) size 268x22 [border: (1px inset #808080)] [r=0 c=0 rs=1 cs=3]
              LayoutText {#text} at (2,2) size 264x18
                text run at (2,2) width 264: "xxxxxxxxxxxxxxxxxxxxxxxxxxxxxxxxx"
            LayoutTableCell {TD} at (272,2) size 35x22 [border: (1px inset #808080)] [r=0 c=3 rs=1 cs=1]
              LayoutText {#text} at (2,2) size 8x18
                text run at (2,2) width 8: "y"
          LayoutTableRow {TR} at (0,26) size 309x22
            LayoutTableCell {TD} at (2,26) size 39x22 [border: (1px inset #808080)] [r=1 c=0 rs=1 cs=1]
              LayoutText {#text} at (2,2) size 8x18
                text run at (2,2) width 8: "x"
            LayoutTableCell {TD} at (43,26) size 110x22 [border: (1px inset #808080)] [r=1 c=1 rs=1 cs=1]
              LayoutText {#text} at (2,2) size 8x18
                text run at (2,2) width 8: "x"
            LayoutTableCell {TD} at (155,26) size 115x22 [border: (1px inset #808080)] [r=1 c=2 rs=1 cs=1]
              LayoutText {#text} at (2,2) size 8x18
                text run at (2,2) width 8: "x"
            LayoutTableCell {TD} at (272,26) size 35x22 [border: (1px inset #808080)] [r=1 c=3 rs=1 cs=1]
              LayoutText {#text} at (2,2) size 8x18
                text run at (2,2) width 8: "y"
          LayoutTableRow {TR} at (0,50) size 309x22
            LayoutTableCell {TD} at (2,50) size 39x22 [border: (1px inset #808080)] [r=2 c=0 rs=1 cs=1]
              LayoutText {#text} at (2,2) size 8x18
                text run at (2,2) width 8: "x"
            LayoutTableCell {TD} at (43,50) size 264x22 [border: (1px inset #808080)] [r=2 c=1 rs=1 cs=3]
              LayoutText {#text} at (2,2) size 104x18
                text run at (2,2) width 104: "yyyyyyyyyyyyy"
      LayoutBlockFlow (anonymous) at (0,206) size 769x18
        LayoutBR {BR} at (0,0) size 0x18
      LayoutTable {TABLE} at (0,224) size 90x52 [border: (1px outset #808080)]
        LayoutTableSection {TBODY} at (1,1) size 88x50
          LayoutTableRow {TR} at (0,2) size 88x22
            LayoutTableCell {TD} at (2,2) size 84x22 [border: (1px inset #808080)] [r=0 c=0 rs=1 cs=2]
              LayoutText {#text} at (2,2) size 80x18
                text run at (2,2) width 80: "xxxxxxxxxx"
          LayoutTableRow {TR} at (0,26) size 88x22
            LayoutTableCell {TD} at (2,26) size 41x22 [border: (1px inset #808080)] [r=1 c=0 rs=1 cs=1]
              LayoutText {#text} at (2,2) size 16x18
                text run at (2,2) width 16: "xx"
            LayoutTableCell {TD} at (45,26) size 41x22 [border: (1px inset #808080)] [r=1 c=1 rs=1 cs=1]
              LayoutText {#text} at (2,2) size 16x18
                text run at (2,2) width 16: "xx"
      LayoutBlockFlow (anonymous) at (0,276) size 769x18
        LayoutBR {BR} at (0,0) size 0x18
      LayoutTable {TABLE} at (0,294) size 286x76 [bgcolor=#FF0000] [border: (1px outset #808080)]
        LayoutTableSection {TBODY} at (1,1) size 284x74
          LayoutTableRow {TR} at (0,2) size 284x22
            LayoutTableCell {TD} at (2,2) size 153x22 [border: (1px inset #808080)] [r=0 c=0 rs=1 cs=3]
              LayoutText {#text} at (2,2) size 48x18
                text run at (2,2) width 48: "xxxxxx"
            LayoutTableCell {TD} at (157,2) size 125x22 [border: (1px inset #808080)] [r=0 c=3 rs=1 cs=1]
              LayoutText {#text} at (2,2) size 8x18
                text run at (2,2) width 8: "y"
          LayoutTableRow {TR} at (0,26) size 284x22
            LayoutTableCell {TD} at (2,26) size 12x22 [border: (1px inset #808080)] [r=1 c=0 rs=1 cs=1]
              LayoutText {#text} at (2,2) size 8x18
                text run at (2,2) width 8: "x"
            LayoutTableCell {TD} at (16,26) size 12x22 [border: (1px inset #808080)] [r=1 c=1 rs=1 cs=1]
              LayoutText {#text} at (2,2) size 8x18
                text run at (2,2) width 8: "x"
            LayoutTableCell {TD} at (30,26) size 125x22 [border: (1px inset #808080)] [r=1 c=2 rs=1 cs=1]
              LayoutText {#text} at (2,2) size 8x18
                text run at (2,2) width 8: "x"
            LayoutTableCell {TD} at (157,26) size 125x22 [border: (1px inset #808080)] [r=1 c=3 rs=1 cs=1]
              LayoutText {#text} at (2,2) size 8x18
                text run at (2,2) width 8: "y"
          LayoutTableRow {TR} at (0,50) size 284x22
            LayoutTableCell {TD} at (2,50) size 12x22 [border: (1px inset #808080)] [r=2 c=0 rs=1 cs=1]
              LayoutText {#text} at (2,2) size 8x18
                text run at (2,2) width 8: "x"
            LayoutTableCell {TD} at (16,50) size 12x22 [border: (1px inset #808080)] [r=2 c=1 rs=1 cs=1]
              LayoutText {#text} at (2,2) size 8x18
                text run at (2,2) width 8: "x"
            LayoutTableCell {TD} at (30,50) size 252x22 [border: (1px inset #808080)] [r=2 c=2 rs=1 cs=2]
              LayoutText {#text} at (2,2) size 248x18
                text run at (2,2) width 248: "yyyyyyyyyyyyyyyyyyyyyyyyyyyyyyy"
      LayoutBlockFlow (anonymous) at (0,370) size 769x18
        LayoutBR {BR} at (0,0) size 0x18
      LayoutTable {TABLE} at (0,388) size 272x76 [border: (1px outset #808080)]
        LayoutTableSection {TBODY} at (1,1) size 270x74
          LayoutTableRow {TR} at (0,2) size 270x22
            LayoutTableCell {TD} at (2,2) size 181x22 [border: (1px inset #808080)] [r=0 c=0 rs=1 cs=3]
              LayoutText {#text} at (2,2) size 48x18
                text run at (2,2) width 48: "xxxxxx"
            LayoutTableCell {TD} at (185,2) size 83x22 [border: (1px inset #808080)] [r=0 c=3 rs=1 cs=1]
              LayoutText {#text} at (2,2) size 8x18
                text run at (2,2) width 8: "y"
          LayoutTableRow {TR} at (0,26) size 270x22
            LayoutTableCell {TD} at (2,26) size 12x22 [border: (1px inset #808080)] [r=1 c=0 rs=1 cs=1]
              LayoutText {#text} at (2,2) size 8x18
                text run at (2,2) width 8: "x"
            LayoutTableCell {TD} at (16,26) size 82x22 [border: (1px inset #808080)] [r=1 c=1 rs=1 cs=1]
              LayoutText {#text} at (2,2) size 8x18
                text run at (2,2) width 8: "x"
            LayoutTableCell {TD} at (100,26) size 83x22 [border: (1px inset #808080)] [r=1 c=2 rs=1 cs=1]
              LayoutText {#text} at (2,2) size 8x18
                text run at (2,2) width 8: "x"
            LayoutTableCell {TD} at (185,26) size 83x22 [border: (1px inset #808080)] [r=1 c=3 rs=1 cs=1]
              LayoutText {#text} at (2,2) size 8x18
                text run at (2,2) width 8: "y"
          LayoutTableRow {TR} at (0,50) size 270x22
            LayoutTableCell {TD} at (2,50) size 12x22 [border: (1px inset #808080)] [r=2 c=0 rs=1 cs=1]
              LayoutText {#text} at (2,2) size 8x18
                text run at (2,2) width 8: "x"
            LayoutTableCell {TD} at (16,50) size 252x22 [border: (1px inset #808080)] [r=2 c=1 rs=1 cs=3]
              LayoutText {#text} at (2,2) size 248x18
                text run at (2,2) width 248: "yyyyyyyyyyyyyyyyyyyyyyyyyyyyyyy"
      LayoutBlockFlow (anonymous) at (0,464) size 769x18
        LayoutBR {BR} at (0,0) size 0x18
      LayoutTable {TABLE} at (0,482) size 272x76 [bgcolor=#FFA500] [border: (1px outset #808080)]
        LayoutTableSection {TBODY} at (1,1) size 270x74
          LayoutTableRow {TR} at (0,2) size 270x22
            LayoutTableCell {TD} at (2,2) size 181x22 [border: (1px inset #808080)] [r=0 c=0 rs=1 cs=3]
              LayoutText {#text} at (2,2) size 136x18
                text run at (2,2) width 136: "yyyyyyyyyyyyyyyyy"
            LayoutTableCell {TD} at (185,2) size 83x22 [border: (1px inset #808080)] [r=0 c=3 rs=1 cs=1]
              LayoutText {#text} at (2,2) size 8x18
                text run at (2,2) width 8: "y"
          LayoutTableRow {TR} at (0,26) size 270x22
            LayoutTableCell {TD} at (2,26) size 12x22 [border: (1px inset #808080)] [r=1 c=0 rs=1 cs=1]
              LayoutText {#text} at (2,2) size 8x18
                text run at (2,2) width 8: "x"
            LayoutTableCell {TD} at (16,26) size 82x22 [border: (1px inset #808080)] [r=1 c=1 rs=1 cs=1]
              LayoutText {#text} at (2,2) size 8x18
                text run at (2,2) width 8: "x"
            LayoutTableCell {TD} at (100,26) size 83x22 [border: (1px inset #808080)] [r=1 c=2 rs=1 cs=1]
              LayoutText {#text} at (2,2) size 8x18
                text run at (2,2) width 8: "x"
            LayoutTableCell {TD} at (185,26) size 83x22 [border: (1px inset #808080)] [r=1 c=3 rs=1 cs=1]
              LayoutText {#text} at (2,2) size 8x18
                text run at (2,2) width 8: "y"
          LayoutTableRow {TR} at (0,50) size 270x22
            LayoutTableCell {TD} at (2,50) size 12x22 [border: (1px inset #808080)] [r=2 c=0 rs=1 cs=1]
              LayoutText {#text} at (2,2) size 8x18
                text run at (2,2) width 8: "x"
            LayoutTableCell {TD} at (16,50) size 252x22 [border: (1px inset #808080)] [r=2 c=1 rs=1 cs=3]
              LayoutText {#text} at (2,2) size 248x18
                text run at (2,2) width 248: "yyyyyyyyyyyyyyyyyyyyyyyyyyyyyyy"
      LayoutBlockFlow (anonymous) at (0,558) size 769x18
        LayoutBR {BR} at (0,0) size 0x18
      LayoutTable {TABLE} at (0,576) size 166x52 [bgcolor=#FFFF00] [border: (1px outset #808080)]
        LayoutTableSection {TBODY} at (1,1) size 164x50
          LayoutTableRow {TR} at (0,2) size 164x22
            LayoutTableCell {TD} at (2,2) size 160x22 [border: (1px inset #808080)] [r=0 c=0 rs=1 cs=3]
              LayoutText {#text} at (2,2) size 136x18
                text run at (2,2) width 136: "xxxxxxxxxxxxxxxxx"
          LayoutTableRow {TR} at (0,26) size 164x22
            LayoutTableCell {TD} at (2,26) size 104x22 [border: (1px inset #808080)] [r=1 c=0 rs=1 cs=1]
              LayoutText {#text} at (2,2) size 22x18
                text run at (2,2) width 22: "foo"
            LayoutTableCell {TD} at (108,26) size 25x22 [border: (1px inset #808080)] [r=1 c=1 rs=1 cs=1]
              LayoutText {#text} at (2,2) size 21x18
                text run at (2,2) width 21: "bar"
            LayoutTableCell {TD} at (135,26) size 27x22 [border: (1px inset #808080)] [r=1 c=2 rs=1 cs=1]
              LayoutText {#text} at (2,2) size 23x18
                text run at (2,2) width 23: "zap"
      LayoutBlockFlow (anonymous) at (0,628) size 769x18
        LayoutBR {BR} at (0,0) size 0x18
      LayoutTable {TABLE} at (0,646) size 400x52 [border: (1px outset #808080)]
        LayoutTableSection {TBODY} at (1,1) size 398x50
          LayoutTableRow {TR} at (0,2) size 398x22
            LayoutTableCell {TD} at (2,2) size 394x22 [border: (1px inset #808080)] [r=0 c=0 rs=1 cs=3]
              LayoutText {#text} at (2,2) size 136x18
                text run at (2,2) width 136: "xxxxxxxxxxxxxxxxx"
          LayoutTableRow {TR} at (0,26) size 398x22
            LayoutTableCell {TD} at (2,26) size 104x22 [border: (1px inset #808080)] [r=1 c=0 rs=1 cs=1]
              LayoutText {#text} at (2,2) size 22x18
                text run at (2,2) width 22: "foo"
            LayoutTableCell {TD} at (108,26) size 137x22 [border: (1px inset #808080)] [r=1 c=1 rs=1 cs=1]
              LayoutText {#text} at (2,2) size 21x18
                text run at (2,2) width 21: "bar"
            LayoutTableCell {TD} at (247,26) size 149x22 [border: (1px inset #808080)] [r=1 c=2 rs=1 cs=1]
              LayoutText {#text} at (2,2) size 23x18
                text run at (2,2) width 23: "zap"
      LayoutBlockFlow (anonymous) at (0,698) size 769x18
        LayoutBR {BR} at (0,0) size 0x18
      LayoutTable {TABLE} at (0,716) size 146x52 [bgcolor=#0000FF] [border: (1px outset #808080)]
        LayoutTableSection {TBODY} at (1,1) size 144x50
          LayoutTableRow {TR} at (0,2) size 144x22
            LayoutTableCell {TD} at (2,2) size 140x22 [border: (1px inset #808080)] [r=0 c=0 rs=1 cs=3]
              LayoutText {#text} at (2,2) size 136x18
                text run at (2,2) width 136: "xxxxxxxxxxxxxxxxx"
          LayoutTableRow {TR} at (0,26) size 144x22
            LayoutTableCell {TD} at (2,26) size 45x22 [border: (1px inset #808080)] [r=1 c=0 rs=1 cs=1]
              LayoutText {#text} at (2,2) size 22x18
                text run at (2,2) width 22: "foo"
            LayoutTableCell {TD} at (49,26) size 43x22 [border: (1px inset #808080)] [r=1 c=1 rs=1 cs=1]
              LayoutText {#text} at (2,2) size 21x18
                text run at (2,2) width 21: "bar"
            LayoutTableCell {TD} at (94,26) size 48x22 [border: (1px inset #808080)] [r=1 c=2 rs=1 cs=1]
              LayoutText {#text} at (2,2) size 23x18
                text run at (2,2) width 23: "zap"
      LayoutBlockFlow (anonymous) at (0,768) size 769x18
        LayoutBR {BR} at (0,0) size 0x18
      LayoutBlockFlow {HR} at (0,794) size 202x2 [border: (1px inset #EEEEEE)]
      LayoutTable {TABLE} at (0,804) size 210x52 [border: (1px outset #808080)]
        LayoutTableSection {TBODY} at (1,1) size 208x50
          LayoutTableRow {TR} at (0,2) size 208x22
            LayoutTableCell {TD} at (2,2) size 54x22 [border: (1px inset #808080)] [r=0 c=0 rs=1 cs=1]
              LayoutText {#text} at (2,2) size 16x18
                text run at (2,2) width 16: "50"
            LayoutTableCell {TD} at (58,2) size 54x22 [border: (1px inset #808080)] [r=0 c=1 rs=1 cs=1]
              LayoutText {#text} at (2,2) size 16x18
                text run at (2,2) width 16: "50"
            LayoutTableCell {TD} at (114,2) size 92x22 [border: (1px inset #808080)] [r=0 c=2 rs=1 cs=1]
              LayoutText {#text} at (2,2) size 28x18
                text run at (2,2) width 28: "auto"
          LayoutTableRow {TR} at (0,26) size 208x22
            LayoutTableCell {TD} at (2,26) size 204x22 [border: (1px inset #808080)] [r=1 c=0 rs=1 cs=3]
              LayoutText {#text} at (2,2) size 52x18
                text run at (2,2) width 52: "200CS3"
      LayoutBlockFlow (anonymous) at (0,856) size 769x18
        LayoutBR {BR} at (0,0) size 0x18
      LayoutBlockFlow {HR} at (0,882) size 202x2 [border: (1px inset #EEEEEE)]
      LayoutTable {TABLE} at (0,892) size 210x52 [border: (1px outset #808080)]
        LayoutTableSection {TBODY} at (1,1) size 208x50
          LayoutTableRow {TR} at (0,2) size 208x22
            LayoutTableCell {TD} at (2,2) size 54x22 [border: (1px inset #808080)] [r=0 c=0 rs=1 cs=1]
              LayoutText {#text} at (2,2) size 16x18
                text run at (2,2) width 16: "50"
            LayoutTableCell {TD} at (58,2) size 148x22 [border: (1px inset #808080)] [r=0 c=1 rs=1 cs=1]
              LayoutText {#text} at (2,2) size 28x18
                text run at (2,2) width 28: "auto"
          LayoutTableRow {TR} at (0,26) size 208x22
            LayoutTableCell {TD} at (2,26) size 204x22 [border: (1px inset #808080)] [r=1 c=0 rs=1 cs=2]
              LayoutText {#text} at (2,2) size 52x18
                text run at (2,2) width 52: "200CS2"
      LayoutBlockFlow (anonymous) at (0,944) size 769x18
        LayoutBR {BR} at (0,0) size 0x18
      LayoutTable {TABLE} at (0,962) size 210x52 [bgcolor=#00FF00] [border: (1px outset #808080)]
        LayoutTableSection {TBODY} at (1,1) size 208x50
          LayoutTableRow {TR} at (0,2) size 208x22
            LayoutTableCell {TD} at (2,2) size 101x22 [border: (1px inset #808080)] [r=0 c=0 rs=1 cs=1]
              LayoutText {#text} at (2,2) size 22x18
                text run at (2,2) width 22: "foo"
            LayoutTableCell {TD} at (105,2) size 101x22 [border: (1px inset #808080)] [r=0 c=1 rs=1 cs=1]
              LayoutText {#text} at (2,2) size 22x18
                text run at (2,2) width 22: "foo"
          LayoutTableRow {TR} at (0,26) size 208x22
            LayoutTableCell {TD} at (2,26) size 204x22 [border: (1px inset #808080)] [r=1 c=0 rs=1 cs=2]
              LayoutText {#text} at (2,2) size 22x18
                text run at (2,2) width 22: "foo"
      LayoutBlockFlow (anonymous) at (0,1014) size 769x18
        LayoutBR {BR} at (0,0) size 0x18
      LayoutTable {TABLE} at (0,1032) size 622x134 [bgcolor=#EE82EE] [border: (1px outset #808080)]
        LayoutTableSection {TBODY} at (1,1) size 620x132
          LayoutTableRow {TR} at (0,2) size 620x104
            LayoutTableCell {TD} at (2,2) size 616x104 [border: (1px inset #808080)] [r=0 c=0 rs=1 cs=3]
              LayoutImage {IMG} at (2,2) size 600x100
          LayoutTableRow {TR} at (0,108) size 620x22
            LayoutTableCell {TD} at (2,108) size 104x22 [border: (1px inset #808080)] [r=1 c=0 rs=1 cs=1]
              LayoutText {#text} at (2,2) size 24x18
                text run at (2,2) width 24: "100"
            LayoutTableCell {TD} at (108,108) size 104x22 [border: (1px inset #808080)] [r=1 c=1 rs=1 cs=1]
              LayoutText {#text} at (2,2) size 24x18
                text run at (2,2) width 24: "100"
            LayoutTableCell {TD} at (214,108) size 404x22 [border: (1px inset #808080)] [r=1 c=2 rs=1 cs=1]
              LayoutText {#text} at (2,2) size 24x18
                text run at (2,2) width 24: "400"
      LayoutBlockFlow (anonymous) at (0,1166) size 769x18
        LayoutBR {BR} at (0,0) size 0x18
      LayoutTable {TABLE} at (0,1184) size 644x52 [border: (1px outset #808080)]
        LayoutTableSection {TBODY} at (1,1) size 642x50
          LayoutTableRow {TR} at (0,2) size 642x22
            LayoutTableCell {TD} at (2,2) size 604x22 [border: (1px inset #808080)] [r=0 c=0 rs=1 cs=3]
              LayoutText {#text} at (2,2) size 24x18
                text run at (2,2) width 24: "600"
            LayoutTableCell {TD} at (608,2) size 32x22 [border: (1px inset #808080)] [r=0 c=3 rs=1 cs=1]
              LayoutText {#text} at (2,2) size 28x18
                text run at (2,2) width 28: "auto"
          LayoutTableRow {TR} at (0,26) size 642x22
            LayoutTableCell {TD} at (2,26) size 200x22 [border: (1px inset #808080)] [r=1 c=0 rs=1 cs=1]
              LayoutText {#text} at (2,2) size 28x18
                text run at (2,2) width 28: "auto"
            LayoutTableCell {TD} at (204,26) size 200x22 [border: (1px inset #808080)] [r=1 c=1 rs=1 cs=1]
              LayoutText {#text} at (2,2) size 28x18
                text run at (2,2) width 28: "auto"
            LayoutTableCell {TD} at (406,26) size 200x22 [border: (1px inset #808080)] [r=1 c=2 rs=1 cs=1]
              LayoutText {#text} at (2,2) size 28x18
                text run at (2,2) width 28: "auto"
            LayoutTableCell {TD} at (608,26) size 32x22 [border: (1px inset #808080)] [r=1 c=3 rs=1 cs=1]
              LayoutText {#text} at (2,2) size 28x18
                text run at (2,2) width 28: "auto"
      LayoutBlockFlow (anonymous) at (0,1236) size 769x18
        LayoutText {#text} at (0,0) size 295x18
          text run at (0,0) width 295: "fixed table - spanned cols based on fix widths "
        LayoutBR {BR} at (294,14) size 1x0
      LayoutBlockFlow {HR} at (0,1262) size 402x2 [border: (1px inset #EEEEEE)]
      LayoutTable {TABLE} at (0,1272) size 534x61 [bgcolor=#FFA500] [border: (1px outset #808080)]
        LayoutTableSection {TBODY} at (1,1) size 532x59
          LayoutTableRow {TR} at (0,5) size 532x22
            LayoutTableCell {TD} at (5,5) size 413x22 [border: (1px inset #808080)] [r=0 c=0 rs=1 cs=2]
              LayoutText {#text} at (2,2) size 52x18
                text run at (2,2) width 52: "400CS2"
            LayoutTableCell {TD} at (423,5) size 104x22 [border: (1px inset #808080)] [r=0 c=2 rs=1 cs=1]
              LayoutText {#text} at (2,2) size 24x18
                text run at (2,2) width 24: "100"
          LayoutTableRow {TR} at (0,32) size 532x22
            LayoutTableCell {TD} at (5,32) size 104x22 [border: (1px inset #808080)] [r=1 c=0 rs=1 cs=1]
              LayoutText {#text} at (2,2) size 24x18
                text run at (2,2) width 24: "100"
            LayoutTableCell {TD} at (114,32) size 304x22 [border: (1px inset #808080)] [r=1 c=1 rs=1 cs=1]
              LayoutText {#text} at (2,2) size 24x18
                text run at (2,2) width 24: "300"
            LayoutTableCell {TD} at (423,32) size 104x22 [border: (1px inset #808080)] [r=1 c=2 rs=1 cs=1]
              LayoutText {#text} at (2,2) size 28x18
                text run at (2,2) width 28: "auto"
      LayoutBlockFlow (anonymous) at (0,1333) size 769x18
        LayoutBR {BR} at (0,0) size 0x18
      LayoutTable {TABLE} at (0,1351) size 342x61 [bgcolor=#808080] [border: (1px outset #808080)]
        LayoutTableSection {TBODY} at (1,1) size 340x59
          LayoutTableRow {TR} at (0,5) size 340x22
            LayoutTableCell {TD} at (5,5) size 221x22 [border: (1px inset #808080)] [r=0 c=0 rs=1 cs=2]
              LayoutText {#text} at (2,2) size 217x18
                text run at (2,2) width 217: "auto auto auto auto auto auto auto"
            LayoutTableCell {TD} at (231,5) size 104x22 [border: (1px inset #808080)] [r=0 c=2 rs=1 cs=1]
              LayoutText {#text} at (2,2) size 24x18
                text run at (2,2) width 24: "100"
          LayoutTableRow {TR} at (0,32) size 340x22
            LayoutTableCell {TD} at (5,32) size 72x22 [border: (1px inset #808080)] [r=1 c=0 rs=1 cs=1]
              LayoutText {#text} at (2,2) size 28x18
                text run at (2,2) width 28: "auto"
            LayoutTableCell {TD} at (82,32) size 144x22 [border: (1px inset #808080)] [r=1 c=1 rs=1 cs=1]
              LayoutText {#text} at (2,2) size 60x18
                text run at (2,2) width 60: "auto auto"
            LayoutTableCell {TD} at (231,32) size 104x22 [border: (1px inset #808080)] [r=1 c=2 rs=1 cs=1]
              LayoutText {#text} at (2,2) size 28x18
                text run at (2,2) width 28: "auto"
      LayoutBlockFlow (anonymous) at (0,1412) size 769x18
        LayoutBR {BR} at (0,0) size 0x18
      LayoutTable {TABLE} at (0,1430) size 342x61 [bgcolor=#00FF00] [border: (1px outset #808080)]
        LayoutTableSection {TBODY} at (1,1) size 340x59
          LayoutTableRow {TR} at (0,5) size 340x22
            LayoutTableCell {TD} at (5,5) size 221x22 [border: (1px inset #808080)] [r=0 c=0 rs=1 cs=2]
              LayoutText {#text} at (2,2) size 217x18
                text run at (2,2) width 217: "auto auto auto auto auto auto auto"
            LayoutTableCell {TD} at (231,5) size 104x22 [border: (1px inset #808080)] [r=0 c=2 rs=1 cs=1]
              LayoutText {#text} at (2,2) size 24x18
                text run at (2,2) width 24: "100"
          LayoutTableRow {TR} at (0,32) size 340x22
            LayoutTableCell {TD} at (5,32) size 104x22 [border: (1px inset #808080)] [r=1 c=0 rs=1 cs=1]
              LayoutText {#text} at (2,2) size 24x18
                text run at (2,2) width 24: "100"
            LayoutTableCell {TD} at (114,32) size 112x22 [border: (1px inset #808080)] [r=1 c=1 rs=1 cs=1]
              LayoutText {#text} at (2,2) size 60x18
                text run at (2,2) width 60: "auto auto"
            LayoutTableCell {TD} at (231,32) size 104x22 [border: (1px inset #808080)] [r=1 c=2 rs=1 cs=1]
              LayoutText {#text} at (2,2) size 28x18
                text run at (2,2) width 28: "auto"
      LayoutBlockFlow (anonymous) at (0,1491) size 769x18
        LayoutBR {BR} at (0,0) size 0x18
      LayoutTable {TABLE} at (0,1509) size 342x61 [border: (1px outset #808080)]
        LayoutTableSection {TBODY} at (1,1) size 340x59
          LayoutTableRow {TR} at (0,5) size 340x22
            LayoutTableCell {TD} at (5,5) size 221x22 [border: (1px inset #808080)] [r=0 c=0 rs=1 cs=2]
              LayoutText {#text} at (2,2) size 217x18
                text run at (2,2) width 217: "auto auto auto auto auto auto auto"
            LayoutTableCell {TD} at (231,5) size 104x22 [border: (1px inset #808080)] [r=0 c=2 rs=1 cs=1]
              LayoutText {#text} at (2,2) size 24x18
                text run at (2,2) width 24: "100"
          LayoutTableRow {TR} at (0,32) size 340x22
            LayoutTableCell {TD} at (5,32) size 104x22 [border: (1px inset #808080)] [r=1 c=0 rs=1 cs=1]
              LayoutText {#text} at (2,2) size 24x18
                text run at (2,2) width 24: "100"
            LayoutTableCell {TD} at (114,32) size 112x22 [border: (1px inset #808080)] [r=1 c=1 rs=1 cs=1]
              LayoutText {#text} at (2,2) size 91x18
                text run at (2,2) width 91: "auto auto auto"
            LayoutTableCell {TD} at (231,32) size 104x22 [border: (1px inset #808080)] [r=1 c=2 rs=1 cs=1]
              LayoutText {#text} at (2,2) size 28x18
                text run at (2,2) width 28: "auto"
      LayoutBlockFlow (anonymous) at (0,1570) size 769x18
        LayoutBR {BR} at (0,0) size 0x18
      LayoutTable {TABLE} at (0,1588) size 388x61 [border: (1px outset #808080)]
        LayoutTableSection {TBODY} at (1,1) size 386x59
          LayoutTableRow {TR} at (0,5) size 386x22
            LayoutTableCell {TD} at (5,5) size 267x22 [border: (1px inset #808080)] [r=0 c=0 rs=1 cs=2]
              LayoutText {#text} at (2,2) size 217x18
                text run at (2,2) width 217: "auto auto auto auto auto auto auto"
            LayoutTableCell {TD} at (277,5) size 104x22 [border: (1px inset #808080)] [r=0 c=2 rs=1 cs=1]
              LayoutText {#text} at (2,2) size 24x18
                text run at (2,2) width 24: "100"
          LayoutTableRow {TR} at (0,32) size 386x22
            LayoutTableCell {TD} at (5,32) size 104x22 [border: (1px inset #808080)] [r=1 c=0 rs=1 cs=1]
              LayoutText {#text} at (2,2) size 24x18
                text run at (2,2) width 24: "100"
            LayoutTableCell {TD} at (114,32) size 158x22 [border: (1px inset #808080)] [r=1 c=1 rs=1 cs=1]
              LayoutText {#text} at (2,2) size 154x18
                text run at (2,2) width 154: "auto auto auto auto auto"
            LayoutTableCell {TD} at (277,32) size 104x22 [border: (1px inset #808080)] [r=1 c=2 rs=1 cs=1]
              LayoutText {#text} at (2,2) size 28x18
                text run at (2,2) width 28: "auto"
      LayoutBlockFlow (anonymous) at (0,1649) size 769x18
        LayoutBR {BR} at (0,0) size 0x18
      LayoutTable {TABLE} at (0,1667) size 357x79 [border: (1px outset #808080)]
        LayoutTableSection {TBODY} at (1,1) size 355x77
          LayoutTableRow {TR} at (0,5) size 355x22
            LayoutTableCell {TD} at (5,5) size 236x22 [border: (1px inset #808080)] [r=0 c=0 rs=1 cs=2]
              LayoutText {#text} at (2,2) size 217x18
                text run at (2,2) width 217: "auto auto auto auto auto auto auto"
            LayoutTableCell {TD} at (246,5) size 104x22 [border: (1px inset #808080)] [r=0 c=2 rs=1 cs=1]
              LayoutText {#text} at (2,2) size 24x18
                text run at (2,2) width 24: "100"
          LayoutTableRow {TR} at (0,32) size 355x40
            LayoutTableCell {TD} at (5,32) size 104x40 [border: (1px inset #808080)] [r=1 c=0 rs=1 cs=1]
              LayoutText {#text} at (2,2) size 80x36
                text run at (2,2) width 80: "100 100 100"
                text run at (2,20) width 24: "100"
            LayoutTableCell {TD} at (114,41) size 127x22 [border: (1px inset #808080)] [r=1 c=1 rs=1 cs=1]
              LayoutText {#text} at (2,2) size 123x18
                text run at (2,2) width 123: "auto auto auto auto"
            LayoutTableCell {TD} at (246,41) size 104x22 [border: (1px inset #808080)] [r=1 c=2 rs=1 cs=1]
              LayoutText {#text} at (2,2) size 28x18
                text run at (2,2) width 28: "auto"
      LayoutBlockFlow (anonymous) at (0,1746) size 769x18
        LayoutBR {BR} at (0,0) size 0x18
      LayoutTable {TABLE} at (0,1764) size 270x133 [border: (1px outset #808080)]
        LayoutTableSection {TBODY} at (1,1) size 268x131
          LayoutTableRow {TR} at (0,5) size 268x40
            LayoutTableCell {TD} at (5,5) size 149x40 [border: (1px inset #808080)] [r=0 c=0 rs=1 cs=2]
              LayoutText {#text} at (2,2) size 123x36
                text run at (2,2) width 123: "auto auto auto auto"
                text run at (2,20) width 91: "auto auto auto"
            LayoutTableCell {TD} at (159,14) size 104x22 [border: (1px inset #808080)] [r=0 c=2 rs=1 cs=1]
              LayoutText {#text} at (2,2) size 24x18
                text run at (2,2) width 24: "100"
          LayoutTableRow {TR} at (0,50) size 268x76
            LayoutTableCell {TD} at (5,68) size 104x40 [border: (1px inset #808080)] [r=1 c=0 rs=1 cs=1]
              LayoutText {#text} at (2,2) size 80x36
                text run at (2,2) width 80: "100 100 100"
                text run at (2,20) width 24: "100"
            LayoutTableCell {TD} at (114,50) size 40x76 [border: (1px inset #808080)] [r=1 c=1 rs=1 cs=1]
              LayoutText {#text} at (2,2) size 28x72
                text run at (2,2) width 28: "auto"
                text run at (2,20) width 28: "auto"
                text run at (2,38) width 28: "auto"
                text run at (2,56) width 28: "auto"
            LayoutTableCell {TD} at (159,77) size 104x22 [border: (1px inset #808080)] [r=1 c=2 rs=1 cs=1]
              LayoutText {#text} at (2,2) size 28x18
                text run at (2,2) width 28: "auto"
      LayoutBlockFlow (anonymous) at (0,1897) size 769x18
        LayoutBR {BR} at (0,0) size 0x18
      LayoutTable {TABLE} at (0,1915) size 500x61 [bgcolor=#A52A2A] [border: (1px outset #808080)]
        LayoutTableSection {TBODY} at (1,1) size 498x59
          LayoutTableRow {TR} at (0,5) size 498x22
            LayoutTableCell {TD} at (5,5) size 386x22 [border: (1px inset #808080)] [r=0 c=0 rs=1 cs=2]
              LayoutText {#text} at (2,2) size 196x18
                text run at (2,2) width 196: "80% 80% 80% 80% 80% 80%"
            LayoutTableCell {TD} at (396,5) size 97x22 [border: (1px inset #808080)] [r=0 c=2 rs=1 cs=1]
              LayoutText {#text} at (2,2) size 28x18
                text run at (2,2) width 28: "auto"
          LayoutTableRow {TR} at (0,32) size 498x22
            LayoutTableCell {TD} at (5,32) size 292x22 [border: (1px inset #808080)] [r=1 c=0 rs=1 cs=1]
              LayoutText {#text} at (2,2) size 24x18
                text run at (2,2) width 24: "100"
            LayoutTableCell {TD} at (302,32) size 89x22 [border: (1px inset #808080)] [r=1 c=1 rs=1 cs=1]
              LayoutText {#text} at (2,2) size 28x18
                text run at (2,2) width 28: "auto"
            LayoutTableCell {TD} at (396,32) size 97x22 [border: (1px inset #808080)] [r=1 c=2 rs=1 cs=1]
              LayoutText {#text} at (2,2) size 28x18
                text run at (2,2) width 28: "auto"
      LayoutBlockFlow (anonymous) at (0,1976) size 769x18
        LayoutBR {BR} at (0,0) size 0x18
      LayoutTable {TABLE} at (0,1994) size 500x61 [border: (1px outset #808080)]
        LayoutTableSection {TBODY} at (1,1) size 498x59
          LayoutTableRow {TR} at (0,5) size 498x22
            LayoutTableCell {TD} at (5,5) size 386x22 [border: (1px inset #808080)] [r=0 c=0 rs=1 cs=2]
              LayoutText {#text} at (2,2) size 196x18
                text run at (2,2) width 196: "80% 80% 80% 80% 80% 80%"
            LayoutTableCell {TD} at (396,5) size 97x22 [border: (1px inset #808080)] [r=0 c=2 rs=1 cs=1]
              LayoutText {#text} at (2,2) size 28x18
                text run at (2,2) width 28: "auto"
          LayoutTableRow {TR} at (0,32) size 498x22
            LayoutTableCell {TD} at (5,32) size 97x22 [border: (1px inset #808080)] [r=1 c=0 rs=1 cs=1]
              LayoutText {#text} at (2,2) size 24x18
                text run at (2,2) width 24: "100"
            LayoutTableCell {TD} at (107,32) size 284x22 [border: (1px inset #808080)] [r=1 c=1 rs=1 cs=1]
              LayoutText {#text} at (2,2) size 24x18
                text run at (2,2) width 24: "300"
            LayoutTableCell {TD} at (396,32) size 97x22 [border: (1px inset #808080)] [r=1 c=2 rs=1 cs=1]
              LayoutText {#text} at (2,2) size 28x18
                text run at (2,2) width 28: "auto"
      LayoutBlockFlow (anonymous) at (0,2055) size 769x18
        LayoutBR {BR} at (0,0) size 0x18
      LayoutTable {TABLE} at (0,2073) size 500x61 [bgcolor=#808080] [border: (1px outset #808080)]
        LayoutTableSection {TBODY} at (1,1) size 498x59
          LayoutTableRow {TR} at (0,5) size 498x22
            LayoutTableCell {TD} at (5,5) size 451x22 [border: (1px inset #808080)] [r=0 c=0 rs=1 cs=2]
              LayoutText {#text} at (2,2) size 196x18
                text run at (2,2) width 196: "80% 80% 80% 80% 80% 80%"
            LayoutTableCell {TD} at (461,5) size 32x22 [border: (1px inset #808080)] [r=0 c=2 rs=1 cs=1]
              LayoutText {#text} at (2,2) size 28x18
                text run at (2,2) width 28: "auto"
          LayoutTableRow {TR} at (0,32) size 498x22
            LayoutTableCell {TD} at (5,32) size 149x22 [border: (1px inset #808080)] [r=1 c=0 rs=1 cs=1]
              LayoutText {#text} at (2,2) size 30x18
                text run at (2,2) width 30: "33%"
            LayoutTableCell {TD} at (159,32) size 297x22 [border: (1px inset #808080)] [r=1 c=1 rs=1 cs=1]
              LayoutText {#text} at (2,2) size 30x18
                text run at (2,2) width 30: "66%"
            LayoutTableCell {TD} at (461,32) size 32x22 [border: (1px inset #808080)] [r=1 c=2 rs=1 cs=1]
              LayoutText {#text} at (2,2) size 28x18
                text run at (2,2) width 28: "auto"
      LayoutTable {TABLE} at (0,2134) size 500x79 [bgcolor=#FFFF00] [border: (1px outset #808080)]
        LayoutTableSection {TBODY} at (1,1) size 498x77
          LayoutTableRow {TR} at (0,5) size 498x22
            LayoutTableCell {TD} at (5,5) size 451x22 [border: (1px inset #808080)] [r=0 c=0 rs=1 cs=2]
              LayoutText {#text} at (2,2) size 196x18
                text run at (2,2) width 196: "30% 30% 30% 30% 30% 30%"
            LayoutTableCell {TD} at (461,5) size 32x22 [border: (1px inset #808080)] [r=0 c=2 rs=1 cs=1]
              LayoutText {#text} at (2,2) size 28x18
                text run at (2,2) width 28: "auto"
          LayoutTableRow {TR} at (0,32) size 498x40
            LayoutTableCell {TD} at (5,32) size 149x40 [border: (1px inset #808080)] [r=1 c=0 rs=1 cs=1]
              LayoutText {#text} at (2,2) size 130x36
                text run at (2,2) width 130: "33% 33% 33% 33%"
                text run at (2,20) width 96: "33% 33% 33%"
            LayoutTableCell {TD} at (159,41) size 297x22 [border: (1px inset #808080)] [r=1 c=1 rs=1 cs=1]
              LayoutText {#text} at (2,2) size 30x18
                text run at (2,2) width 30: "66%"
            LayoutTableCell {TD} at (461,41) size 32x22 [border: (1px inset #808080)] [r=1 c=2 rs=1 cs=1]
              LayoutText {#text} at (2,2) size 28x18
                text run at (2,2) width 28: "auto"
      LayoutBlockFlow (anonymous) at (0,2213) size 769x36
        LayoutBR {BR} at (0,0) size 0x18
        LayoutText {#text} at (0,18) size 160x18
          text run at (0,18) width 160: "PERCENT COLSPANS "
        LayoutBR {BR} at (159,32) size 1x0
      LayoutTable {TABLE} at (0,2249) size 500x61 [border: (1px outset #808080)]
        LayoutTableSection {TBODY} at (1,1) size 498x59
          LayoutTableRow {TR} at (0,5) size 498x22
            LayoutTableCell {TD} at (5,5) size 367x22 [border: (1px inset #808080)] [r=0 c=0 rs=1 cs=2]
              LayoutText {#text} at (2,2) size 196x18
                text run at (2,2) width 196: "90% 80% 80% 80% 80% 80%"
            LayoutTableCell {TD} at (377,5) size 116x22 [border: (1px inset #808080)] [r=0 c=2 rs=1 cs=1]
              LayoutText {#text} at (2,2) size 28x18
                text run at (2,2) width 28: "auto"
          LayoutTableRow {TR} at (0,32) size 498x22
            LayoutTableCell {TD} at (5,32) size 47x22 [border: (1px inset #808080)] [r=1 c=0 rs=1 cs=1]
              LayoutText {#text} at (2,2) size 30x18
                text run at (2,2) width 30: "10%"
            LayoutTableCell {TD} at (57,32) size 315x22 [border: (1px inset #808080)] [r=1 c=1 rs=1 cs=1]
              LayoutText {#text} at (2,2) size 30x18
                text run at (2,2) width 30: "66%"
            LayoutTableCell {TD} at (377,32) size 116x22 [border: (1px inset #808080)] [r=1 c=2 rs=1 cs=1]
              LayoutText {#text} at (2,2) size 28x18
                text run at (2,2) width 28: "auto"
      LayoutBlockFlow (anonymous) at (0,2310) size 769x18
        LayoutBR {BR} at (0,0) size 0x18
      LayoutTable {TABLE} at (0,2328) size 500x79 [border: (1px outset #808080)]
        LayoutTableSection {TBODY} at (1,1) size 498x77
          LayoutTableRow {TR} at (0,5) size 498x22
            LayoutTableCell {TD} at (5,5) size 451x22 [border: (1px inset #808080)] [r=0 c=0 rs=1 cs=2]
              LayoutText {#text} at (2,2) size 196x18
                text run at (2,2) width 196: "90% 80% 80% 80% 80% 80%"
            LayoutTableCell {TD} at (461,5) size 32x22 [border: (1px inset #808080)] [r=0 c=2 rs=1 cs=1]
              LayoutText {#text} at (2,2) size 28x18
                text run at (2,2) width 28: "auto"
          LayoutTableRow {TR} at (0,32) size 498x40
            LayoutTableCell {TD} at (5,32) size 149x40 [border: (1px inset #808080)] [r=1 c=0 rs=1 cs=1]
              LayoutText {#text} at (2,2) size 130x36
                text run at (2,2) width 130: "33% 33% 33% 33%"
                text run at (2,20) width 96: "33% 33% 33%"
            LayoutTableCell {TD} at (159,41) size 297x22 [border: (1px inset #808080)] [r=1 c=1 rs=1 cs=1]
              LayoutText {#text} at (2,2) size 30x18
                text run at (2,2) width 30: "66%"
            LayoutTableCell {TD} at (461,41) size 32x22 [border: (1px inset #808080)] [r=1 c=2 rs=1 cs=1]
              LayoutText {#text} at (2,2) size 28x18
                text run at (2,2) width 28: "auto"
      LayoutBlockFlow (anonymous) at (0,2407) size 769x18
        LayoutBR {BR} at (0,0) size 0x18
      LayoutTable {TABLE} at (0,2425) size 500x79 [border: (1px outset #808080)]
        LayoutTableSection {TBODY} at (1,1) size 498x77
          LayoutTableRow {TR} at (0,5) size 498x22
            LayoutTableCell {TD} at (5,5) size 451x22 [border: (1px inset #808080)] [r=0 c=0 rs=1 cs=2]
              LayoutText {#text} at (2,2) size 196x18
                text run at (2,2) width 196: "90% 80% 80% 80% 80% 80%"
            LayoutTableCell {TD} at (461,5) size 32x22 [border: (1px inset #808080)] [r=0 c=2 rs=1 cs=1]
              LayoutText {#text} at (2,2) size 28x18
                text run at (2,2) width 28: "auto"
          LayoutTableRow {TR} at (0,32) size 498x40
            LayoutTableCell {TD} at (5,41) size 293x22 [border: (1px inset #808080)] [r=1 c=0 rs=1 cs=1]
              LayoutText {#text} at (2,2) size 30x18
                text run at (2,2) width 30: "66%"
            LayoutTableCell {TD} at (303,32) size 153x40 [border: (1px inset #808080)] [r=1 c=1 rs=1 cs=1]
              LayoutText {#text} at (2,2) size 130x36
                text run at (2,2) width 130: "66% 66% 66% 66%"
                text run at (2,20) width 63: "66% 66%"
            LayoutTableCell {TD} at (461,41) size 32x22 [border: (1px inset #808080)] [r=1 c=2 rs=1 cs=1]
              LayoutText {#text} at (2,2) size 28x18
                text run at (2,2) width 28: "auto"
      LayoutBlockFlow (anonymous) at (0,2504) size 769x18
        LayoutBR {BR} at (0,0) size 0x18
      LayoutTable {TABLE} at (0,2522) size 500x97 [border: (1px outset #808080)]
        LayoutTableSection {TBODY} at (1,1) size 498x95
          LayoutTableRow {TR} at (0,5) size 498x22
            LayoutTableCell {TD} at (5,5) size 434x22 [border: (1px inset #808080)] [r=0 c=0 rs=1 cs=3]
              LayoutText {#text} at (2,2) size 96x18
                text run at (2,2) width 96: "90% 90% 90%"
            LayoutTableCell {TD} at (444,5) size 49x22 [border: (1px inset #808080)] [r=0 c=3 rs=1 cs=1]
              LayoutText {#text} at (2,2) size 28x18
                text run at (2,2) width 28: "auto"
          LayoutTableRow {TR} at (0,32) size 498x58
            LayoutTableCell {TD} at (5,50) size 70x22 [border: (1px inset #808080)] [r=1 c=0 rs=1 cs=1]
              LayoutText {#text} at (2,2) size 28x18
                text run at (2,2) width 28: "auto"
            LayoutTableCell {TD} at (80,50) size 144x22 [border: (1px inset #808080)] [r=1 c=1 rs=1 cs=1]
              LayoutText {#text} at (2,2) size 61x18
                text run at (2,2) width 61: "auto-auto"
            LayoutTableCell {TD} at (229,50) size 210x22 [border: (1px inset #808080)] [r=1 c=2 rs=1 cs=1]
              LayoutText {#text} at (2,2) size 91x18
                text run at (2,2) width 91: "auto auto auto"
            LayoutTableCell {TD} at (444,32) size 49x58 [border: (1px inset #808080)] [r=1 c=3 rs=1 cs=1]
              LayoutText {#text} at (2,2) size 28x54
                text run at (2,2) width 28: "auto"
                text run at (2,20) width 28: "auto"
                text run at (2,38) width 28: "auto"
      LayoutBlockFlow (anonymous) at (0,2619) size 769x18
        LayoutBR {BR} at (0,0) size 0x18
      LayoutTable {TABLE} at (0,2637) size 500x88 [border: (1px outset #808080)]
        LayoutTableSection {TBODY} at (1,1) size 498x86
          LayoutTableRow {TR} at (0,5) size 498x22
            LayoutTableCell {TD} at (5,5) size 435x22 [border: (1px inset #808080)] [r=0 c=0 rs=1 cs=2]
              LayoutText {#text} at (2,2) size 96x18
                text run at (2,2) width 96: "90% 90% 90%"
            LayoutTableCell {TD} at (445,5) size 48x22 [border: (1px inset #808080)] [r=0 c=2 rs=1 cs=1]
              LayoutText {#text} at (2,2) size 28x18
                text run at (2,2) width 28: "auto"
          LayoutTableRow {TR} at (0,32) size 498x22
            LayoutTableCell {TD} at (5,32) size 215x22 [border: (1px inset #808080)] [r=1 c=0 rs=1 cs=1]
              LayoutText {#text} at (2,2) size 28x18
                text run at (2,2) width 28: "auto"
            LayoutTableCell {TD} at (225,32) size 215x22 [border: (1px inset #808080)] [r=1 c=1 rs=1 cs=1]
              LayoutText {#text} at (2,2) size 28x18
                text run at (2,2) width 28: "auto"
            LayoutTableCell {TD} at (445,32) size 48x22 [border: (1px inset #808080)] [r=1 c=2 rs=1 cs=1]
              LayoutText {#text} at (2,2) size 28x18
                text run at (2,2) width 28: "auto"
          LayoutTableRow {TR} at (0,59) size 498x22
            LayoutTableCell {TD} at (5,59) size 215x22 [border: (1px inset #808080)] [r=2 c=0 rs=1 cs=1]
              LayoutText {#text} at (2,2) size 28x18
                text run at (2,2) width 28: "auto"
            LayoutTableCell {TD} at (225,59) size 268x22 [border: (1px inset #808080)] [r=2 c=1 rs=1 cs=2]
              LayoutText {#text} at (2,2) size 96x18
                text run at (2,2) width 96: "90% 90% 90%"
      LayoutBlockFlow (anonymous) at (0,2725) size 769x18
        LayoutBR {BR} at (0,0) size 0x18
      LayoutTable {TABLE} at (0,2743) size 500x88 [border: (1px outset #808080)]
        LayoutTableSection {TBODY} at (1,1) size 498x86
          LayoutTableRow {TR} at (0,5) size 498x22
            LayoutTableCell {TD} at (5,5) size 436x22 [border: (1px inset #808080)] [r=0 c=0 rs=1 cs=2]
              LayoutText {#text} at (2,2) size 96x18
                text run at (2,2) width 96: "90% 90% 90%"
            LayoutTableCell {TD} at (446,5) size 47x22 [border: (1px inset #808080)] [r=0 c=2 rs=1 cs=1]
              LayoutText {#text} at (2,2) size 28x18
                text run at (2,2) width 28: "auto"
          LayoutTableRow {TR} at (0,32) size 498x22
            LayoutTableCell {TD} at (5,32) size 287x22 [border: (1px inset #808080)] [r=1 c=0 rs=1 cs=1]
              LayoutText {#text} at (2,2) size 28x18
                text run at (2,2) width 28: "auto"
            LayoutTableCell {TD} at (297,32) size 144x22 [border: (1px inset #808080)] [r=1 c=1 rs=1 cs=1]
              LayoutText {#text} at (2,2) size 28x18
                text run at (2,2) width 28: "auto"
            LayoutTableCell {TD} at (446,32) size 47x22 [border: (1px inset #808080)] [r=1 c=2 rs=1 cs=1]
              LayoutText {#text} at (2,2) size 30x18
                text run at (2,2) width 30: "60%"
          LayoutTableRow {TR} at (0,59) size 498x22
            LayoutTableCell {TD} at (5,59) size 287x22 [border: (1px inset #808080)] [r=2 c=0 rs=1 cs=1]
              LayoutText {#text} at (2,2) size 28x18
                text run at (2,2) width 28: "auto"
            LayoutTableCell {TD} at (297,59) size 196x22 [border: (1px inset #808080)] [r=2 c=1 rs=1 cs=2]
              LayoutText {#text} at (2,2) size 96x18
                text run at (2,2) width 96: "90% 90% 90%"
      LayoutBlockFlow (anonymous) at (0,2831) size 769x18
        LayoutBR {BR} at (0,0) size 0x18
      LayoutTable {TABLE} at (0,2849) size 500x88 [border: (1px outset #808080)]
        LayoutTableSection {TBODY} at (1,1) size 498x86
          LayoutTableRow {TR} at (0,5) size 498x22
            LayoutTableCell {TD} at (5,5) size 436x22 [border: (1px inset #808080)] [r=0 c=0 rs=1 cs=2]
              LayoutText {#text} at (2,2) size 96x18
                text run at (2,2) width 96: "90% 90% 90%"
            LayoutTableCell {TD} at (446,5) size 47x22 [border: (1px inset #808080)] [r=0 c=2 rs=1 cs=1]
              LayoutText {#text} at (2,2) size 30x18
                text run at (2,2) width 30: "60%"
          LayoutTableRow {TR} at (0,32) size 498x22
            LayoutTableCell {TD} at (5,32) size 287x22 [border: (1px inset #808080)] [r=1 c=0 rs=1 cs=1]
              LayoutText {#text} at (2,2) size 28x18
                text run at (2,2) width 28: "auto"
            LayoutTableCell {TD} at (297,32) size 144x22 [border: (1px inset #808080)] [r=1 c=1 rs=1 cs=1]
              LayoutText {#text} at (2,2) size 28x18
                text run at (2,2) width 28: "auto"
            LayoutTableCell {TD} at (446,32) size 47x22 [border: (1px inset #808080)] [r=1 c=2 rs=1 cs=1]
              LayoutText {#text} at (2,2) size 28x18
                text run at (2,2) width 28: "auto"
          LayoutTableRow {TR} at (0,59) size 498x22
            LayoutTableCell {TD} at (5,59) size 287x22 [border: (1px inset #808080)] [r=2 c=0 rs=1 cs=1]
              LayoutText {#text} at (2,2) size 28x18
                text run at (2,2) width 28: "auto"
            LayoutTableCell {TD} at (297,59) size 196x22 [border: (1px inset #808080)] [r=2 c=1 rs=1 cs=2]
              LayoutText {#text} at (2,2) size 96x18
                text run at (2,2) width 96: "90% 90% 90%"
      LayoutBlockFlow (anonymous) at (0,2937) size 769x18
        LayoutBR {BR} at (0,0) size 0x18
      LayoutTable {TABLE} at (0,2955) size 500x79 [border: (1px outset #808080)]
        LayoutTableSection {TBODY} at (1,1) size 498x77
          LayoutTableRow {TR} at (0,5) size 498x22
            LayoutTableCell {TD} at (5,5) size 449x22 [border: (1px inset #808080)] [r=0 c=0 rs=1 cs=2]
              LayoutText {#text} at (2,2) size 196x18
                text run at (2,2) width 196: "90% 80% 80% 80% 80% 80%"
            LayoutTableCell {TD} at (459,5) size 34x22 [border: (1px inset #808080)] [r=0 c=2 rs=1 cs=1]
              LayoutText {#text} at (2,2) size 28x18
                text run at (2,2) width 28: "auto"
          LayoutTableRow {TR} at (0,32) size 498x40
            LayoutTableCell {TD} at (5,41) size 291x22 [border: (1px inset #808080)] [r=1 c=0 rs=1 cs=1]
              LayoutText {#text} at (2,2) size 30x18
                text run at (2,2) width 30: "66%"
            LayoutTableCell {TD} at (301,32) size 153x40 [border: (1px inset #808080)] [r=1 c=1 rs=1 cs=1]
              LayoutText {#text} at (2,2) size 130x36
                text run at (2,2) width 130: "66% 66% 66% 66%"
                text run at (2,20) width 63: "66% 66%"
            LayoutTableCell {TD} at (459,41) size 34x22 [border: (1px inset #808080)] [r=1 c=2 rs=1 cs=1]
              LayoutText {#text} at (2,2) size 30x18
                text run at (2,2) width 30: "50%"
      LayoutBlockFlow (anonymous) at (0,3034) size 769x18
        LayoutBR {BR} at (0,0) size 0x18
      LayoutTable {TABLE} at (0,3052) size 500x61 [border: (1px outset #808080)]
        LayoutTableSection {TBODY} at (1,1) size 498x59
          LayoutTableRow {TR} at (0,5) size 498x22
            LayoutTableCell {TD} at (5,5) size 435x22 [border: (1px inset #808080)] [r=0 c=0 rs=1 cs=2]
              LayoutText {#text} at (2,2) size 196x18
                text run at (2,2) width 196: "90% 80% 80% 80% 80% 80%"
            LayoutTableCell {TD} at (445,5) size 48x22 [border: (1px inset #808080)] [r=0 c=2 rs=1 cs=1]
              LayoutText {#text} at (2,2) size 28x18
                text run at (2,2) width 28: "auto"
          LayoutTableRow {TR} at (0,32) size 498x22
            LayoutTableCell {TD} at (5,32) size 144x22 [border: (1px inset #808080)] [r=1 c=0 rs=1 cs=1]
              LayoutText {#text} at (2,2) size 28x18
                text run at (2,2) width 28: "auto"
            LayoutTableCell {TD} at (154,32) size 286x22 [border: (1px inset #808080)] [r=1 c=1 rs=1 cs=1]
              LayoutText {#text} at (2,2) size 60x18
                text run at (2,2) width 60: "auto auto"
            LayoutTableCell {TD} at (445,32) size 48x22 [border: (1px inset #808080)] [r=1 c=2 rs=1 cs=1]
              LayoutText {#text} at (2,2) size 30x18
                text run at (2,2) width 30: "50%"
      LayoutBlockFlow (anonymous) at (0,3113) size 769x18
        LayoutBR {BR} at (0,0) size 0x18
      LayoutTable {TABLE} at (0,3131) size 500x61 [border: (1px outset #808080)]
        LayoutTableSection {TBODY} at (1,1) size 498x59
          LayoutTableRow {TR} at (0,5) size 498x22
            LayoutTableCell {TD} at (5,5) size 435x22 [border: (1px inset #808080)] [r=0 c=0 rs=1 cs=2]
              LayoutText {#text} at (2,2) size 196x18
                text run at (2,2) width 196: "90% 90% 90% 90% 90% 90%"
            LayoutTableCell {TD} at (445,5) size 48x22 [border: (1px inset #808080)] [r=0 c=2 rs=1 cs=1]
              LayoutText {#text} at (2,2) size 28x18
                text run at (2,2) width 28: "auto"
          LayoutTableRow {TR} at (0,32) size 498x22
            LayoutTableCell {TD} at (5,32) size 142x22 [border: (1px inset #808080)] [r=1 c=0 rs=1 cs=1]
              LayoutText {#text} at (2,2) size 28x18
                text run at (2,2) width 28: "auto"
            LayoutTableCell {TD} at (152,32) size 288x22 [border: (1px inset #808080)] [r=1 c=1 rs=1 cs=1]
              LayoutText {#text} at (2,2) size 61x18
                text run at (2,2) width 61: "auto-auto"
            LayoutTableCell {TD} at (445,32) size 48x22 [border: (1px inset #808080)] [r=1 c=2 rs=1 cs=1]
              LayoutText {#text} at (2,2) size 30x18
                text run at (2,2) width 30: "50%"
      LayoutBlockFlow (anonymous) at (0,3192) size 769x18
        LayoutBR {BR} at (0,0) size 0x18
      LayoutTable {TABLE} at (0,3210) size 500x61 [border: (1px outset #808080)]
        LayoutTableSection {TBODY} at (1,1) size 498x59
          LayoutTableRow {TR} at (0,5) size 498x22
            LayoutTableCell {TD} at (5,5) size 435x22 [border: (1px inset #808080)] [r=0 c=0 rs=1 cs=2]
              LayoutText {#text} at (2,2) size 196x18
                text run at (2,2) width 196: "90% 90% 90% 90% 90% 90%"
            LayoutTableCell {TD} at (445,5) size 48x22 [border: (1px inset #808080)] [r=0 c=2 rs=1 cs=1]
              LayoutText {#text} at (2,2) size 28x18
                text run at (2,2) width 28: "auto"
          LayoutTableRow {TR} at (0,32) size 498x22
            LayoutTableCell {TD} at (5,32) size 287x22 [border: (1px inset #808080)] [r=1 c=0 rs=1 cs=1]
              LayoutText {#text} at (2,2) size 30x18
                text run at (2,2) width 30: "60%"
            LayoutTableCell {TD} at (297,32) size 143x22 [border: (1px inset #808080)] [r=1 c=1 rs=1 cs=1]
              LayoutText {#text} at (2,2) size 61x18
                text run at (2,2) width 61: "auto-auto"
            LayoutTableCell {TD} at (445,32) size 48x22 [border: (1px inset #808080)] [r=1 c=2 rs=1 cs=1]
              LayoutText {#text} at (2,2) size 30x18
                text run at (2,2) width 30: "50%"
      LayoutBlockFlow (anonymous) at (0,3271) size 769x18
        LayoutBR {BR} at (0,0) size 0x18
      LayoutTable {TABLE} at (0,3289) size 500x97 [border: (1px outset #808080)]
        LayoutTableSection {TBODY} at (1,1) size 498x95
          LayoutTableRow {TR} at (0,5) size 498x22
            LayoutTableCell {TD} at (5,5) size 435x22 [border: (1px inset #808080)] [r=0 c=0 rs=1 cs=2]
              LayoutText {#text} at (2,2) size 196x18
                text run at (2,2) width 196: "90% 90% 90% 90% 90% 90%"
            LayoutTableCell {TD} at (445,5) size 48x22 [border: (1px inset #808080)] [r=0 c=2 rs=1 cs=1]
              LayoutText {#text} at (2,2) size 28x18
                text run at (2,2) width 28: "auto"
          LayoutTableRow {TR} at (0,32) size 498x58
            LayoutTableCell {TD} at (5,32) size 26x58 [border: (1px inset #808080)] [r=1 c=0 rs=1 cs=1]
              LayoutText {#text} at (2,2) size 22x54
                text run at (2,2) width 22: "5%"
                text run at (2,20) width 22: "5%"
                text run at (2,38) width 22: "5%"
            LayoutTableCell {TD} at (36,50) size 404x22 [border: (1px inset #808080)] [r=1 c=1 rs=1 cs=1]
              LayoutText {#text} at (2,2) size 61x18
                text run at (2,2) width 61: "auto-auto"
            LayoutTableCell {TD} at (445,50) size 48x22 [border: (1px inset #808080)] [r=1 c=2 rs=1 cs=1]
              LayoutText {#text} at (2,2) size 30x18
                text run at (2,2) width 30: "50%"
      LayoutBlockFlow (anonymous) at (0,3386) size 769x18
        LayoutBR {BR} at (0,0) size 0x18
      LayoutTable {TABLE} at (0,3404) size 500x97 [border: (1px outset #808080)]
        LayoutTableSection {TBODY} at (1,1) size 498x95
          LayoutTableRow {TR} at (0,5) size 498x58
            LayoutTableCell {TD} at (5,5) size 78x58 [border: (1px inset #808080)] [r=0 c=0 rs=1 cs=2]
              LayoutText {#text} at (2,2) size 63x54
                text run at (2,2) width 63: "90% 90%"
                text run at (2,20) width 63: "90% 90%"
                text run at (2,38) width 63: "90% 90%"
            LayoutTableCell {TD} at (88,23) size 405x22 [border: (1px inset #808080)] [r=0 c=2 rs=1 cs=1]
              LayoutText {#text} at (2,2) size 28x18
                text run at (2,2) width 28: "auto"
          LayoutTableRow {TR} at (0,68) size 498x22
            LayoutTableCell {TD} at (5,68) size 26x22 [border: (1px inset #808080)] [r=1 c=0 rs=1 cs=1]
              LayoutText {#text} at (2,2) size 22x18
                text run at (2,2) width 22: "5%"
            LayoutTableCell {TD} at (36,68) size 47x22 [border: (1px inset #808080)] [r=1 c=1 rs=1 cs=1]
              LayoutText {#text} at (2,2) size 30x18
                text run at (2,2) width 30: "10%"
            LayoutTableCell {TD} at (88,68) size 405x22 [border: (1px inset #808080)] [r=1 c=2 rs=1 cs=1]
              LayoutText {#text} at (2,2) size 28x18
                text run at (2,2) width 28: "auto"
      LayoutBlockFlow (anonymous) at (0,3501) size 769x18
        LayoutBR {BR} at (0,0) size 0x18
      LayoutTable {TABLE} at (0,3519) size 500x61 [border: (1px outset #808080)]
        LayoutTableSection {TBODY} at (1,1) size 498x59
          LayoutTableRow {TR} at (0,5) size 498x22
            LayoutTableCell {TD} at (5,5) size 434x22 [border: (1px inset #808080)] [r=0 c=0 rs=1 cs=2]
              LayoutText {#text} at (2,2) size 196x18
                text run at (2,2) width 196: "90% 90% 90% 90% 90% 90%"
            LayoutTableCell {TD} at (444,5) size 49x22 [border: (1px inset #808080)] [r=0 c=2 rs=1 cs=1]
              LayoutText {#text} at (2,2) size 28x18
                text run at (2,2) width 28: "auto"
          LayoutTableRow {TR} at (0,32) size 498x22
            LayoutTableCell {TD} at (5,32) size 195x22 [border: (1px inset #808080)] [r=1 c=0 rs=1 cs=1]
              LayoutText {#text} at (2,2) size 16x18
                text run at (2,2) width 16: "10"
            LayoutTableCell {TD} at (205,32) size 234x22 [border: (1px inset #808080)] [r=1 c=1 rs=1 cs=1]
              LayoutText {#text} at (2,2) size 16x18
                text run at (2,2) width 16: "20"
            LayoutTableCell {TD} at (444,32) size 49x22 [border: (1px inset #808080)] [r=1 c=2 rs=1 cs=1]
              LayoutText {#text} at (2,2) size 28x18
                text run at (2,2) width 28: "auto"
      LayoutBlockFlow (anonymous) at (0,3580) size 769x18
        LayoutBR {BR} at (0,0) size 0x18
      LayoutTable {TABLE} at (0,3598) size 500x79 [border: (1px outset #808080)]
        LayoutTableSection {TBODY} at (1,1) size 498x77
          LayoutTableRow {TR} at (0,5) size 498x22
            LayoutTableCell {TD} at (5,5) size 391x22 [border: (1px inset #808080)] [r=0 c=0 rs=1 cs=2]
              LayoutText {#text} at (2,2) size 163x18
                text run at (2,2) width 163: "50% 50% 50% 50% 50%"
            LayoutTableCell {TD} at (401,5) size 92x22 [border: (1px inset #808080)] [r=0 c=2 rs=1 cs=1]
              LayoutText {#text} at (2,2) size 28x18
                text run at (2,2) width 28: "auto"
          LayoutTableRow {TR} at (0,32) size 498x40
            LayoutTableCell {TD} at (5,41) size 354x22 [border: (1px inset #808080)] [r=1 c=0 rs=1 cs=1]
              LayoutText {#text} at (2,2) size 30x18
                text run at (2,2) width 30: "80%"
            LayoutTableCell {TD} at (364,32) size 32x40 [border: (1px inset #808080)] [r=1 c=1 rs=1 cs=1]
              LayoutText {#text} at (2,2) size 28x36
                text run at (2,2) width 28: "auto"
                text run at (2,20) width 28: "auto"
            LayoutTableCell {TD} at (401,41) size 92x22 [border: (1px inset #808080)] [r=1 c=2 rs=1 cs=1]
              LayoutText {#text} at (2,2) size 30x18
                text run at (2,2) width 30: "50%"
      LayoutBlockFlow (anonymous) at (0,3677) size 769x18
        LayoutBR {BR} at (0,0) size 0x18
      LayoutTable {TABLE} at (0,3695) size 500x61 [border: (1px outset #808080)]
        LayoutTableSection {TBODY} at (1,1) size 498x59
          LayoutTableRow {TR} at (0,5) size 498x22
            LayoutTableCell {TD} at (5,5) size 434x22 [border: (1px inset #808080)] [r=0 c=0 rs=1 cs=2]
              LayoutText {#text} at (2,2) size 163x18
                text run at (2,2) width 163: "90% 50% 50% 50% 50%"
            LayoutTableCell {TD} at (444,5) size 49x22 [border: (1px inset #808080)] [r=0 c=2 rs=1 cs=1]
              LayoutText {#text} at (2,2) size 28x18
                text run at (2,2) width 28: "auto"
          LayoutTableRow {TR} at (0,32) size 498x22
            LayoutTableCell {TD} at (5,32) size 224x22 [border: (1px inset #808080)] [r=1 c=0 rs=1 cs=1]
              LayoutText {#text} at (2,2) size 24x18
                text run at (2,2) width 24: "100"
            LayoutTableCell {TD} at (234,32) size 205x22 [border: (1px inset #808080)] [r=1 c=1 rs=1 cs=1]
              LayoutText {#text} at (2,2) size 91x18
                text run at (2,2) width 91: "auto auto auto"
            LayoutTableCell {TD} at (444,32) size 49x22 [border: (1px inset #808080)] [r=1 c=2 rs=1 cs=1]
              LayoutText {#text} at (2,2) size 28x18
                text run at (2,2) width 28: "auto"
      LayoutBlockFlow (anonymous) at (0,3756) size 769x36
        LayoutBR {BR} at (0,0) size 0x18
        LayoutBR {BR} at (0,18) size 0x18
      LayoutBlockFlow {HR} at (0,3800) size 602x2 [border: (1px inset #EEEEEE)]
      LayoutTable {TABLE} at (0,3810) size 647x143 [border: (1px outset #808080)]
        LayoutTableSection {TBODY} at (1,1) size 645x141
          LayoutTableRow {TR} at (0,5) size 645x104
            LayoutTableCell {TD} at (5,5) size 604x104 [border: (1px inset #808080)] [r=0 c=0 rs=1 cs=3]
              LayoutImage {IMG} at (2,2) size 600x100
            LayoutTableCell {TD} at (614,46) size 26x22 [border: (1px inset #808080)] [r=0 c=3 rs=1 cs=1]
              LayoutText {#text} at (2,2) size 22x18
                text run at (2,2) width 22: "foo"
          LayoutTableRow {TR} at (0,114) size 645x22
            LayoutTableCell {TD} at (5,114) size 104x22 [border: (1px inset #808080)] [r=1 c=0 rs=1 cs=1]
              LayoutText {#text} at (2,2) size 22x18
                text run at (2,2) width 22: "foo"
            LayoutTableCell {TD} at (114,114) size 104x22 [border: (1px inset #808080)] [r=1 c=1 rs=1 cs=1]
              LayoutText {#text} at (2,2) size 21x18
                text run at (2,2) width 21: "bar"
            LayoutTableCell {TD} at (223,114) size 386x22 [border: (1px inset #808080)] [r=1 c=2 rs=1 cs=1]
              LayoutText {#text} at (2,2) size 22x18
                text run at (2,2) width 22: "foo"
            LayoutTableCell {TD} at (614,114) size 26x22 [border: (1px inset #808080)] [r=1 c=3 rs=1 cs=1]
              LayoutText {#text} at (2,2) size 21x18
                text run at (2,2) width 21: "bar"
      LayoutBlockFlow (anonymous) at (0,3953) size 769x36
        LayoutBR {BR} at (0,0) size 0x18
        LayoutText {#text} at (0,18) size 509x18
          text run at (0,18) width 509: "1st cell with colspan=3 fixed at 600, 1st 2 cells in 2nd row fixed at 100, 2nd not"
      LayoutTable {TABLE} at (0,3989) size 638x52 [border: (1px outset #808080)]
        LayoutTableSection {TBODY} at (1,1) size 636x50
          LayoutTableRow {TR} at (0,2) size 636x22
            LayoutTableCell {TD} at (2,2) size 513x22 [border: (1px inset #808080)] [r=0 c=0 rs=1 cs=3]
              LayoutText {#text} at (2,2) size 22x18
                text run at (2,2) width 22: "foo"
            LayoutTableCell {TD} at (517,2) size 117x22 [border: (1px inset #808080)] [r=0 c=3 rs=1 cs=1]
              LayoutText {#text} at (2,2) size 22x18
                text run at (2,2) width 22: "foo"
          LayoutTableRow {TR} at (0,26) size 636x22
            LayoutTableCell {TD} at (2,26) size 104x22 [border: (1px inset #808080)] [r=1 c=0 rs=1 cs=1]
              LayoutText {#text} at (2,2) size 22x18
                text run at (2,2) width 22: "foo"
            LayoutTableCell {TD} at (108,26) size 104x22 [border: (1px inset #808080)] [r=1 c=1 rs=1 cs=1]
              LayoutText {#text} at (2,2) size 21x18
                text run at (2,2) width 21: "bar"
            LayoutTableCell {TD} at (214,26) size 301x22 [border: (1px inset #808080)] [r=1 c=2 rs=1 cs=1]
              LayoutText {#text} at (2,2) size 22x18
                text run at (2,2) width 22: "foo"
            LayoutTableCell {TD} at (517,26) size 117x22 [border: (1px inset #808080)] [r=1 c=3 rs=1 cs=1]
              LayoutText {#text} at (2,2) size 21x18
                text run at (2,2) width 21: "bar"
      LayoutBlockFlow (anonymous) at (0,4041) size 769x18
        LayoutBR {BR} at (0,0) size 0x18
      LayoutTable {TABLE} at (0,4059) size 26x22 [border: (1px outset #808080)]
        LayoutTableCol {COLGROUP} at (0,0) size 0x0
          LayoutTableCol {COL} at (0,0) size 0x0 [bgcolor=#FF0000]
          LayoutTableCol {COL} at (0,0) size 0x0 [bgcolor=#0000FF]
        LayoutTableSection {TBODY} at (1,1) size 24x20
          LayoutTableRow {TR} at (0,0) size 24x20
            LayoutTableCell {TD} at (0,0) size 24x20 [border: (1px inset #808080)] [r=0 c=0 rs=1 cs=2]
              LayoutText {#text} at (1,1) size 22x18
                text run at (1,1) width 22: "foo"
      LayoutBlockFlow (anonymous) at (0,4081) size 769x18
        LayoutBR {BR} at (0,0) size 0x18
      LayoutTable {TABLE} at (0,4099) size 86x52 [border: (1px outset #808080)]
        LayoutTableSection {TBODY} at (1,1) size 84x50
          LayoutTableRow {TR} at (0,2) size 84x22
            LayoutTableCell {TD} at (2,2) size 53x22 [border: (1px inset #808080)] [r=0 c=0 rs=1 cs=3]
              LayoutText {#text} at (2,2) size 22x18
                text run at (2,2) width 22: "foo"
            LayoutTableCell {TD} at (57,2) size 25x22 [border: (1px inset #808080)] [r=0 c=3 rs=1 cs=1]
              LayoutText {#text} at (2,2) size 21x18
                text run at (2,2) width 21: "bar"
          LayoutTableRow {TR} at (0,26) size 84x22
            LayoutTableCell {TD} at (2,26) size 26x22 [border: (1px inset #808080)] [r=1 c=0 rs=1 cs=2]
              LayoutText {#text} at (2,2) size 22x18
                text run at (2,2) width 22: "foo"
            LayoutTableCell {TD} at (30,26) size 25x22 [border: (1px inset #808080)] [r=1 c=2 rs=1 cs=1]
              LayoutText {#text} at (2,2) size 21x18
                text run at (2,2) width 21: "bar"
      LayoutBlockFlow (anonymous) at (0,4151) size 769x18
        LayoutBR {BR} at (0,0) size 0x18
      LayoutTable {TABLE} at (0,4169) size 769x58 [border: (1px outset #808080)]
        LayoutTableSection {TBODY} at (1,1) size 767x56
          LayoutTableRow {TR} at (0,0) size 767x28 [bgcolor=#CCCCFF]
            LayoutTableCell {TD} at (0,0) size 767x28 [border: (1px inset #808080)] [r=0 c=0 rs=1 cs=3]
              LayoutText {#text} at (738,5) size 24x18
                text run at (738,5) width 24: "edit"
          LayoutTableRow {TR} at (0,28) size 767x28
            LayoutTableCell {TD} at (0,28) size 460x28 [bgcolor=#DCDCDC] [border: (1px inset #808080)] [r=1 c=0 rs=1 cs=2]
              LayoutText {#text} at (5,5) size 166x18
                text run at (5,5) width 166: "Top Stories from Reuters "
            LayoutTableCell {TD} at (460,28) size 307x28 [bgcolor=#DCDCDC] [border: (1px inset #808080)] [r=1 c=2 rs=1 cs=1]
              LayoutText {#text} at (195,5) size 107x18
                text run at (195,5) width 107: "Jun 11 12:30pm "
      LayoutBlockFlow (anonymous) at (0,4227) size 769x18
        LayoutBR {BR} at (0,0) size 0x18
      LayoutTable {TABLE} at (0,4245) size 200x34 [bgcolor=#FFFF00] [border: (1px outset #808080)]
        LayoutTableSection {TBODY} at (1,1) size 198x32
          LayoutTableRow {TR} at (0,2) size 198x28
            LayoutTableCell {TD} at (2,5) size 87x22 [border: (1px inset #808080)] [r=0 c=0 rs=1 cs=1]
              LayoutText {#text} at (2,2) size 22x18
                text run at (2,2) width 22: "foo"
            LayoutTableCell {TD} at (91,2) size 105x28 [border: (1px inset #808080)] [r=0 c=1 rs=1 cs=1]
              LayoutTable {TABLE} at (2,2) size 27x24 [bgcolor=#FFA500]
                LayoutTableSection {TBODY} at (0,0) size 27x24
                  LayoutTableRow {TR} at (0,2) size 27x20
                    LayoutTableCell {TD} at (2,2) size 23x20 [r=0 c=0 rs=1 cs=1]
                      LayoutText {#text} at (1,1) size 21x18
                        text run at (1,1) width 21: "bar"
      LayoutBlockFlow (anonymous) at (0,4279) size 769x18
        LayoutBR {BR} at (0,0) size 0x18
      LayoutTable {TABLE} at (0,4297) size 81x34 [border: (1px outset #808080)]
        LayoutTableSection {TBODY} at (1,1) size 79x32
          LayoutTableRow {TR} at (0,5) size 79x22
            LayoutTableCell {TD} at (5,5) size 32x22 [border: (1px inset #808080)] [r=0 c=0 rs=1 cs=3]
              LayoutText {#text} at (2,2) size 28x18
                text run at (2,2) width 28: "auto"
            LayoutTableCell {TD} at (42,5) size 32x22 [border: (1px inset #808080)] [r=0 c=3 rs=1 cs=1]
              LayoutText {#text} at (2,2) size 28x18
                text run at (2,2) width 28: "auto"
      LayoutBlockFlow (anonymous) at (0,4331) size 769x18
        LayoutText {#text} at (0,0) size 468x18
          text run at (0,0) width 468: "min colspan is based on min with no fix involved - IE uses max(min,des)"
      LayoutTable {TABLE} at (0,4349) size 162x52 [border: (1px outset #808080)]
        LayoutTableSection {TBODY} at (1,1) size 160x50
          LayoutTableRow {TR} at (0,2) size 160x22
            LayoutTableCell {TD} at (2,2) size 156x22 [border: (1px inset #808080)] [r=0 c=0 rs=1 cs=2]
              LayoutText {#text} at (2,2) size 152x18
                text run at (2,2) width 152: "xxxxxxxxxxxxxxxxxxx"
          LayoutTableRow {TR} at (0,26) size 160x22
            LayoutTableCell {TD} at (2,26) size 97x22 [border: (1px inset #808080)] [r=1 c=0 rs=1 cs=1]
              LayoutText {#text} at (2,2) size 44x18
                text run at (2,2) width 44: "x x x x"
            LayoutTableCell {TD} at (101,26) size 57x22 [border: (1px inset #808080)] [r=1 c=1 rs=1 cs=1]
              LayoutText {#text} at (2,2) size 24x18
                text run at (2,2) width 24: "xxx"
      LayoutBlockFlow (anonymous) at (0,4401) size 769x36
        LayoutBR {BR} at (0,0) size 0x18
        LayoutText {#text} at (0,18) size 286x18
          text run at (0,18) width 286: "adj min is based on min with no fix involved"
      LayoutTable {TABLE} at (0,4437) size 218x70 [border: (1px outset #808080)]
        LayoutTableSection {TBODY} at (1,1) size 216x68
          LayoutTableRow {TR} at (0,2) size 216x22
            LayoutTableCell {TD} at (2,2) size 212x22 [border: (1px inset #808080)] [r=0 c=0 rs=1 cs=2]
              LayoutText {#text} at (2,2) size 208x18
                text run at (2,2) width 208: "xxxxxxxxxxxxxxxxxxxyyyyyyy"
          LayoutTableRow {TR} at (0,26) size 216x40
            LayoutTableCell {TD} at (2,26) size 62x40 [border: (1px inset #808080)] [r=1 c=0 rs=1 cs=1]
              LayoutText {#text} at (2,2) size 56x36
                text run at (2,2) width 56: "x x x x x"
                text run at (2,20) width 20: "x x"
            LayoutTableCell {TD} at (66,35) size 148x22 [border: (1px inset #808080)] [r=1 c=1 rs=1 cs=1]
              LayoutText {#text} at (2,2) size 144x18
                text run at (2,2) width 144: "xxxxxxxxxxxxxxxxxx"
      LayoutBlockFlow (anonymous) at (0,4507) size 769x36
        LayoutBR {BR} at (0,0) size 0x18
        LayoutText {#text} at (0,18) size 498x18
          text run at (0,18) width 498: "adj min is based on max(min, fix) differs from Nav4.6 which differs from IE5"
      LayoutTable {TABLE} at (0,4543) size 195x52 [bgcolor=#00FF00] [border: (1px outset #808080)]
        LayoutTableSection {TBODY} at (1,1) size 193x50
          LayoutTableRow {TR} at (0,2) size 193x22
            LayoutTableCell {TD} at (2,2) size 189x22 [border: (1px inset #808080)] [r=0 c=0 rs=1 cs=2]
              LayoutText {#text} at (2,2) size 185x18
                text run at (2,2) width 185: "xxxxxxxcolspan2xxxxxxxxx"
          LayoutTableRow {TR} at (0,26) size 193x22
            LayoutTableCell {TD} at (2,26) size 83x22 [border: (1px inset #808080)] [r=1 c=0 rs=1 cs=1]
              LayoutText {#text} at (2,2) size 32x18
                text run at (2,2) width 32: "x x x"
            LayoutTableCell {TD} at (87,26) size 104x22 [border: (1px inset #808080)] [r=1 c=1 rs=1 cs=1]
              LayoutText {#text} at (2,2) size 24x18
                text run at (2,2) width 24: "100"
      LayoutBlockFlow (anonymous) at (0,4595) size 769x18
        LayoutBR {BR} at (0,0) size 0x18
      LayoutTable {TABLE} at (0,4613) size 195x52 [bgcolor=#00FF00] [border: (1px outset #808080)]
        LayoutTableSection {TBODY} at (1,1) size 193x50
          LayoutTableRow {TR} at (0,2) size 193x22
            LayoutTableCell {TD} at (2,2) size 189x22 [border: (1px inset #808080)] [r=0 c=0 rs=1 cs=2]
              LayoutText {#text} at (2,2) size 185x18
                text run at (2,2) width 185: "xxxxxxxcolspan2xxxxxxxxx"
          LayoutTableRow {TR} at (0,26) size 193x22
            LayoutTableCell {TD} at (2,26) size 83x22 [border: (1px inset #808080)] [r=1 c=0 rs=1 cs=1]
              LayoutText {#text} at (2,2) size 32x18
                text run at (2,2) width 32: "x x x"
            LayoutTableCell {TD} at (87,26) size 104x22 [border: (1px inset #808080)] [r=1 c=1 rs=1 cs=1]
              LayoutText {#text} at (2,2) size 80x18
                text run at (2,2) width 80: "100 100 100"
      LayoutBlockFlow (anonymous) at (0,4665) size 769x18
        LayoutBR {BR} at (0,0) size 0x18
      LayoutTable {TABLE} at (0,4683) size 195x70 [bgcolor=#00FF00] [border: (1px outset #808080)]
        LayoutTableSection {TBODY} at (1,1) size 193x68
          LayoutTableRow {TR} at (0,2) size 193x22
            LayoutTableCell {TD} at (2,2) size 189x22 [border: (1px inset #808080)] [r=0 c=0 rs=1 cs=2]
              LayoutText {#text} at (2,2) size 185x18
                text run at (2,2) width 185: "xxxxxxxcolspan2xxxxxxxxx"
          LayoutTableRow {TR} at (0,26) size 193x40
            LayoutTableCell {TD} at (2,26) size 83x40 [border: (1px inset #808080)] [r=1 c=0 rs=1 cs=1]
              LayoutText {#text} at (2,2) size 52x36
                text run at (2,2) width 52: "xxx xxx"
                text run at (2,20) width 24: "xxx"
            LayoutTableCell {TD} at (87,35) size 104x22 [border: (1px inset #808080)] [r=1 c=1 rs=1 cs=1]
              LayoutText {#text} at (2,2) size 24x18
                text run at (2,2) width 24: "100"
      LayoutBlockFlow (anonymous) at (0,4753) size 769x18
        LayoutBR {BR} at (0,0) size 0x18
      LayoutTable {TABLE} at (0,4771) size 310x52 [border: (1px outset #808080)]
        LayoutTableSection {TBODY} at (1,1) size 308x50
          LayoutTableRow {TR} at (0,2) size 308x22
            LayoutTableCell {TD} at (2,2) size 304x22 [border: (1px inset #808080)] [r=0 c=0 rs=1 cs=2]
              LayoutText {#text} at (2,2) size 16x18
                text run at (2,2) width 16: "xx"
          LayoutTableRow {TR} at (0,26) size 308x22
            LayoutTableCell {TD} at (2,26) size 104x22 [border: (1px inset #808080)] [r=1 c=0 rs=1 cs=1]
              LayoutText {#text} at (2,2) size 32x18
                text run at (2,2) width 32: "x x x"
            LayoutTableCell {TD} at (108,26) size 198x22 [border: (1px inset #808080)] [r=1 c=1 rs=1 cs=1]
              LayoutText {#text} at (2,2) size 28x18
                text run at (2,2) width 28: "auto"
      LayoutBlockFlow (anonymous) at (0,4823) size 769x18
        LayoutBR {BR} at (0,0) size 0x18
      LayoutTable {TABLE} at (0,4841) size 344x52 [border: (1px outset #808080)]
        LayoutTableSection {TBODY} at (1,1) size 342x50
          LayoutTableRow {TR} at (0,2) size 342x22
            LayoutTableCell {TD} at (2,2) size 338x22 [border: (1px inset #808080)] [r=0 c=0 rs=1 cs=2]
              LayoutText {#text} at (2,2) size 24x18
                text run at (2,2) width 24: "300"
          LayoutTableRow {TR} at (0,26) size 342x22
            LayoutTableCell {TD} at (2,26) size 304x22 [border: (1px inset #808080)] [r=1 c=0 rs=1 cs=1]
              LayoutText {#text} at (2,2) size 52x18
                text run at (2,2) width 52: "400 400"
            LayoutTableCell {TD} at (308,26) size 32x22 [border: (1px inset #808080)] [r=1 c=1 rs=1 cs=1]
              LayoutText {#text} at (2,2) size 28x18
                text run at (2,2) width 28: "auto"
      LayoutBlockFlow (anonymous) at (0,4893) size 769x18
        LayoutBR {BR} at (0,0) size 0x18
      LayoutTable {TABLE} at (0,4911) size 310x52 [border: (1px outset #808080)]
        LayoutTableSection {TBODY} at (1,1) size 308x50
          LayoutTableRow {TR} at (0,2) size 308x22
            LayoutTableCell {TD} at (2,2) size 304x22 [border: (1px inset #808080)] [r=0 c=0 rs=1 cs=2]
              LayoutText {#text} at (2,2) size 52x18
                text run at (2,2) width 52: "300 300"
          LayoutTableRow {TR} at (0,26) size 308x22
            LayoutTableCell {TD} at (2,26) size 104x22 [border: (1px inset #808080)] [r=1 c=0 rs=1 cs=1]
              LayoutText {#text} at (2,2) size 24x18
                text run at (2,2) width 24: "100"
            LayoutTableCell {TD} at (108,26) size 198x22 [border: (1px inset #808080)] [r=1 c=1 rs=1 cs=1]
              LayoutText {#text} at (2,2) size 91x18
                text run at (2,2) width 91: "auto auto auto"
      LayoutBlockFlow (anonymous) at (0,4963) size 769x18
        LayoutBR {BR} at (0,0) size 0x18
      LayoutTable {TABLE} at (0,4981) size 491x70 [border: (1px outset #808080)]
        LayoutTableSection {TBODY} at (1,1) size 489x68
          LayoutTableRow {TR} at (0,2) size 489x40
            LayoutTableCell {TD} at (2,2) size 485x40 [border: (1px inset #808080)] [r=0 c=0 rs=1 cs=2]
              LayoutText {#text} at (2,2) size 468x36
                text run at (2,2) width 468: "300 300 300 300 300 300 300 300 300 300 300 300 300 300 300300 300"
                text run at (2,20) width 80: "300 300 300"
          LayoutTableRow {TR} at (0,44) size 489x22
            LayoutTableCell {TD} at (2,44) size 104x22 [border: (1px inset #808080)] [r=1 c=0 rs=1 cs=1]
              LayoutText {#text} at (2,2) size 24x18
                text run at (2,2) width 24: "100"
            LayoutTableCell {TD} at (108,44) size 379x22 [border: (1px inset #808080)] [r=1 c=1 rs=1 cs=1]
              LayoutText {#text} at (2,2) size 375x18
                text run at (2,2) width 375: "auto auto auto auto auto auto auto auto auto auto auto auto"
      LayoutBlockFlow (anonymous) at (0,5051) size 769x18
        LayoutBR {BR} at (0,0) size 0x18
      LayoutTable {TABLE} at (0,5069) size 310x52 [border: (1px outset #808080)]
        LayoutTableSection {TBODY} at (1,1) size 308x50
          LayoutTableRow {TR} at (0,2) size 308x22
            LayoutTableCell {TD} at (2,2) size 304x22 [border: (1px inset #808080)] [r=0 c=0 rs=1 cs=2]
              LayoutText {#text} at (2,2) size 24x18
                text run at (2,2) width 24: "300"
          LayoutTableRow {TR} at (0,26) size 308x22
            LayoutTableCell {TD} at (2,26) size 104x22 [border: (1px inset #808080)] [r=1 c=0 rs=1 cs=1]
              LayoutText {#text} at (2,2) size 24x18
                text run at (2,2) width 24: "100"
            LayoutTableCell {TD} at (108,26) size 198x22 [border: (1px inset #808080)] [r=1 c=1 rs=1 cs=1]
              LayoutText {#text} at (2,2) size 28x18
                text run at (2,2) width 28: "auto"
      LayoutBlockFlow (anonymous) at (0,5121) size 769x18
        LayoutBR {BR} at (0,0) size 0x18
      LayoutTable {TABLE} at (0,5139) size 227x52 [border: (1px outset #808080)]
        LayoutTableSection {TBODY} at (1,1) size 225x50
          LayoutTableRow {TR} at (0,2) size 225x22
            LayoutTableCell {TD} at (2,2) size 221x22 [border: (1px inset #808080)] [r=0 c=0 rs=1 cs=2]
              LayoutText {#text} at (2,2) size 217x18
                text run at (2,2) width 217: "auto auto auto auto auto auto auto"
          LayoutTableRow {TR} at (0,26) size 225x22
            LayoutTableCell {TD} at (2,26) size 104x22 [border: (1px inset #808080)] [r=1 c=0 rs=1 cs=1]
              LayoutText {#text} at (2,2) size 24x18
                text run at (2,2) width 24: "100"
            LayoutTableCell {TD} at (108,26) size 115x22 [border: (1px inset #808080)] [r=1 c=1 rs=1 cs=1]
              LayoutText {#text} at (2,2) size 91x18
                text run at (2,2) width 91: "auto auto auto"
      LayoutBlockFlow (anonymous) at (0,5191) size 769x18
        LayoutText {#text} at (0,0) size 256x18
          text run at (0,0) width 256: "fixed table looks more like IE than Nav "
        LayoutBR {BR} at (255,14) size 1x0
      LayoutTable {TABLE} at (0,5209) size 150x226 [border: (1px outset #808080)]
        LayoutTableSection {TBODY} at (1,1) size 148x224
          LayoutTableRow {TR} at (0,2) size 148x220
            LayoutTableCell {TD} at (2,101) size 104x22 [border: (1px inset #808080)] [r=0 c=0 rs=1 cs=1]
              LayoutText {#text} at (2,2) size 24x18
                text run at (2,2) width 24: "100"
            LayoutTableCell {TD} at (108,2) size 38x220 [border: (1px inset #808080)] [r=0 c=1 rs=1 cs=1]
              LayoutText {#text} at (2,2) size 28x216
                text run at (2,2) width 28: "auto"
                text run at (2,20) width 28: "auto"
                text run at (2,38) width 28: "auto"
                text run at (2,56) width 28: "auto"
                text run at (2,74) width 28: "auto"
                text run at (2,92) width 28: "auto"
                text run at (2,110) width 28: "auto"
                text run at (2,128) width 28: "auto"
                text run at (2,146) width 28: "auto"
                text run at (2,164) width 28: "auto"
                text run at (2,182) width 28: "auto"
                text run at (2,200) width 28: "auto"
