layer at (0,0) size 800x600
  LayoutView at (0,0) size 800x600
layer at (0,0) size 800x600
  LayoutBlockFlow {HTML} at (0,0) size 800x600
    LayoutBlockFlow {BODY} at (8,8) size 784x584
      LayoutBlockFlow (anonymous) at (0,0) size 784x18
        LayoutText {#text} at (0,0) size 200x18
          text run at (0,0) width 200: "Both columns should be 200px"
      LayoutTable {TABLE} at (0,18) size 408x28 [bgcolor=#FFA500] [border: (1px outset #808080)]
        LayoutTableCol {COLGROUP} at (0,0) size 0x0
        LayoutTableSection {TBODY} at (1,1) size 406x26
          LayoutTableRow {TR} at (0,2) size 406x22
            LayoutTableCell {TD} at (2,2) size 200x22 [border: (1px inset #808080)] [r=0 c=0 rs=1 cs=1]
              LayoutText {#text} at (2,2) size 23x18
                text run at (2,2) width 23: "c11"
            LayoutTableCell {TD} at (204,2) size 200x22 [border: (1px inset #808080)] [r=0 c=1 rs=1 cs=1]
              LayoutText {#text} at (2,2) size 24x18
                text run at (2,2) width 24: "c12"
      LayoutBlockFlow (anonymous) at (0,46) size 784x36
        LayoutBR {BR} at (0,0) size 0x18
        LayoutText {#text} at (0,18) size 200x18
          text run at (0,18) width 200: "Both columns should be 200px"
      LayoutTable {TABLE} at (0,82) size 63x28 [bgcolor=#FFA500] [border: (1px outset #808080)]
        LayoutTableCol {COLGROUP} at (0,0) size 0x0
          LayoutTableCol {COL} at (0,0) size 0x0
        LayoutTableSection {TBODY} at (1,1) size 61x26
          LayoutTableRow {TR} at (0,2) size 61x22
            LayoutTableCell {TD} at (2,2) size 27x22 [border: (1px inset #808080)] [r=0 c=0 rs=1 cs=1]
              LayoutText {#text} at (2,2) size 23x18
                text run at (2,2) width 23: "c11"
            LayoutTableCell {TD} at (31,2) size 28x22 [border: (1px inset #808080)] [r=0 c=1 rs=1 cs=1]
              LayoutText {#text} at (2,2) size 24x18
                text run at (2,2) width 24: "c12"
      LayoutBlockFlow (anonymous) at (0,110) size 784x36
        LayoutBR {BR} at (0,0) size 0x18
        LayoutText {#text} at (0,18) size 200x18
          text run at (0,18) width 200: "Both columns should be 200px"
      LayoutTable {TABLE} at (0,146) size 408x28 [bgcolor=#FFA500] [border: (1px outset #808080)]
        LayoutTableCol {COLGROUP} at (0,0) size 0x0
          LayoutTableCol {COL} at (0,0) size 0x0
        LayoutTableSection {TBODY} at (1,1) size 406x26
          LayoutTableRow {TR} at (0,2) size 406x22
            LayoutTableCell {TD} at (2,2) size 200x22 [border: (1px inset #808080)] [r=0 c=0 rs=1 cs=1]
              LayoutText {#text} at (2,2) size 23x18
                text run at (2,2) width 23: "c11"
            LayoutTableCell {TD} at (204,2) size 200x22 [border: (1px inset #808080)] [r=0 c=1 rs=1 cs=1]
              LayoutText {#text} at (2,2) size 24x18
                text run at (2,2) width 24: "c12"
      LayoutBlockFlow (anonymous) at (0,174) size 784x18
        LayoutBR {BR} at (0,0) size 0x18
