layer at (0,0) size 800x600 clip at (0,0) size 785x600 scrollHeight 940
  LayoutView at (0,0) size 800x600
layer at (0,0) size 785x940 backgroundClip at (0,0) size 785x600 clip at (0,0) size 785x600
  LayoutBlockFlow {HTML} at (0,0) size 785x940
    LayoutBlockFlow {BODY} at (8,8) size 769x924
      LayoutBlockFlow (anonymous) at (0,0) size 769x18
        LayoutText {#text} at (0,0) size 110x18
          text run at (0,0) width 110: "auto table cols=2"
      LayoutTable {TABLE} at (0,18) size 518x28 [border: (1px outset #808080)]
        LayoutTableSection {TBODY} at (1,1) size 516x26
          LayoutTableRow {TR} at (0,2) size 516x22
            LayoutTableCell {TD} at (2,2) size 253x22 [border: (1px inset #808080)] [r=0 c=0 rs=1 cs=1]
              LayoutText {#text} at (2,2) size 249x18
                text run at (2,2) width 249: "auto auto auto auto auto auto auto auto"
            LayoutTableCell {TD} at (257,2) size 160x22 [border: (1px inset #808080)] [r=0 c=1 rs=1 cs=1]
              LayoutText {#text} at (2,2) size 156x18
                text run at (2,2) width 156: "auto-auto auto auto auto"
            LayoutTableCell {TD} at (419,2) size 95x22 [border: (1px inset #808080)] [r=0 c=2 rs=1 cs=1]
              LayoutText {#text} at (2,2) size 91x18
                text run at (2,2) width 91: "auto auto auto"
      LayoutBlockFlow (anonymous) at (0,46) size 769x36
        LayoutBR {BR} at (0,0) size 0x18
        LayoutText {#text} at (0,18) size 110x18
          text run at (0,18) width 110: "auto table cols=2"
      LayoutTable {TABLE} at (0,82) size 202x28 [border: (1px outset #808080)]
        LayoutTableSection {TBODY} at (1,1) size 200x26
          LayoutTableRow {TR} at (0,2) size 200x22
            LayoutTableCell {TD} at (2,2) size 32x22 [border: (1px inset #808080)] [r=0 c=0 rs=1 cs=1]
              LayoutText {#text} at (2,2) size 28x18
                text run at (2,2) width 28: "auto"
            LayoutTableCell {TD} at (36,2) size 65x22 [border: (1px inset #808080)] [r=0 c=1 rs=1 cs=1]
              LayoutText {#text} at (2,2) size 61x18
                text run at (2,2) width 61: "auto-auto"
            LayoutTableCell {TD} at (103,2) size 95x22 [border: (1px inset #808080)] [r=0 c=2 rs=1 cs=1]
              LayoutText {#text} at (2,2) size 91x18
                text run at (2,2) width 91: "auto auto auto"
      LayoutBlockFlow (anonymous) at (0,110) size 769x36
        LayoutBR {BR} at (0,0) size 0x18
        LayoutText {#text} at (0,18) size 177x18
          text run at (0,18) width 177: "auto table 2 cols with 1*,1*"
      LayoutTable {TABLE} at (0,146) size 202x28 [border: (1px outset #808080)]
        LayoutTableCol {COLGROUP} at (0,0) size 0x0
          LayoutTableCol {COL} at (0,0) size 0x0
          LayoutTableCol {COL} at (0,0) size 0x0
        LayoutTableSection {TBODY} at (1,1) size 200x26
          LayoutTableRow {TR} at (0,2) size 200x22
            LayoutTableCell {TD} at (2,2) size 32x22 [border: (1px inset #808080)] [r=0 c=0 rs=1 cs=1]
              LayoutText {#text} at (2,2) size 28x18
                text run at (2,2) width 28: "auto"
            LayoutTableCell {TD} at (36,2) size 65x22 [border: (1px inset #808080)] [r=0 c=1 rs=1 cs=1]
              LayoutText {#text} at (2,2) size 61x18
                text run at (2,2) width 61: "auto-auto"
            LayoutTableCell {TD} at (103,2) size 95x22 [border: (1px inset #808080)] [r=0 c=2 rs=1 cs=1]
              LayoutText {#text} at (2,2) size 91x18
                text run at (2,2) width 91: "auto auto auto"
      LayoutBlockFlow (anonymous) at (0,174) size 769x36
        LayoutBR {BR} at (0,0) size 0x18
        LayoutText {#text} at (0,18) size 177x18
          text run at (0,18) width 177: "auto table 2 cols with 2*,1*"
      LayoutTable {TABLE} at (0,210) size 202x28 [border: (1px outset #808080)]
        LayoutTableCol {COLGROUP} at (0,0) size 0x0
          LayoutTableCol {COL} at (0,0) size 0x0
          LayoutTableCol {COL} at (0,0) size 0x0
        LayoutTableSection {TBODY} at (1,1) size 200x26
          LayoutTableRow {TR} at (0,2) size 200x22
            LayoutTableCell {TD} at (2,2) size 32x22 [border: (1px inset #808080)] [r=0 c=0 rs=1 cs=1]
              LayoutText {#text} at (2,2) size 28x18
                text run at (2,2) width 28: "auto"
            LayoutTableCell {TD} at (36,2) size 65x22 [border: (1px inset #808080)] [r=0 c=1 rs=1 cs=1]
              LayoutText {#text} at (2,2) size 61x18
                text run at (2,2) width 61: "auto-auto"
            LayoutTableCell {TD} at (103,2) size 95x22 [border: (1px inset #808080)] [r=0 c=2 rs=1 cs=1]
              LayoutText {#text} at (2,2) size 91x18
                text run at (2,2) width 91: "auto auto auto"
      LayoutBlockFlow (anonymous) at (0,238) size 769x36
        LayoutBR {BR} at (0,0) size 0x18
        LayoutText {#text} at (0,18) size 114x18
          text run at (0,18) width 114: "fixed table cols=2"
      LayoutTable {TABLE} at (0,274) size 400x28 [border: (1px outset #808080)]
        LayoutTableSection {TBODY} at (1,1) size 398x26
          LayoutTableRow {TR} at (0,2) size 398x22
            LayoutTableCell {TD} at (2,2) size 65x22 [border: (1px inset #808080)] [r=0 c=0 rs=1 cs=1]
              LayoutText {#text} at (2,2) size 28x18
                text run at (2,2) width 28: "auto"
            LayoutTableCell {TD} at (69,2) size 132x22 [border: (1px inset #808080)] [r=0 c=1 rs=1 cs=1]
              LayoutText {#text} at (2,2) size 61x18
                text run at (2,2) width 61: "auto-auto"
            LayoutTableCell {TD} at (203,2) size 193x22 [border: (1px inset #808080)] [r=0 c=2 rs=1 cs=1]
              LayoutText {#text} at (2,2) size 91x18
                text run at (2,2) width 91: "auto auto auto"
      LayoutBlockFlow (anonymous) at (0,302) size 769x36
        LayoutBR {BR} at (0,0) size 0x18
        LayoutText {#text} at (0,18) size 110x18
          text run at (0,18) width 110: "auto table cols=3"
      LayoutTable {TABLE} at (0,338) size 202x28 [border: (1px outset #808080)]
        LayoutTableSection {TBODY} at (1,1) size 200x26
          LayoutTableRow {TR} at (0,2) size 200x22
            LayoutTableCell {TD} at (2,2) size 32x22 [border: (1px inset #808080)] [r=0 c=0 rs=1 cs=1]
              LayoutText {#text} at (2,2) size 28x18
                text run at (2,2) width 28: "auto"
            LayoutTableCell {TD} at (36,2) size 65x22 [border: (1px inset #808080)] [r=0 c=1 rs=1 cs=1]
              LayoutText {#text} at (2,2) size 61x18
                text run at (2,2) width 61: "auto-auto"
            LayoutTableCell {TD} at (103,2) size 95x22 [border: (1px inset #808080)] [r=0 c=2 rs=1 cs=1]
              LayoutText {#text} at (2,2) size 91x18
                text run at (2,2) width 91: "auto auto auto"
      LayoutBlockFlow (anonymous) at (0,366) size 769x36
        LayoutBR {BR} at (0,0) size 0x18
        LayoutText {#text} at (0,18) size 114x18
          text run at (0,18) width 114: "fixed table cols=3"
      LayoutTable {TABLE} at (0,402) size 400x28 [border: (1px outset #808080)]
        LayoutTableSection {TBODY} at (1,1) size 398x26
          LayoutTableRow {TR} at (0,2) size 398x22
            LayoutTableCell {TD} at (2,2) size 65x22 [border: (1px inset #808080)] [r=0 c=0 rs=1 cs=1]
              LayoutText {#text} at (2,2) size 28x18
                text run at (2,2) width 28: "auto"
            LayoutTableCell {TD} at (69,2) size 132x22 [border: (1px inset #808080)] [r=0 c=1 rs=1 cs=1]
              LayoutText {#text} at (2,2) size 61x18
                text run at (2,2) width 61: "auto-auto"
            LayoutTableCell {TD} at (203,2) size 193x22 [border: (1px inset #808080)] [r=0 c=2 rs=1 cs=1]
              LayoutText {#text} at (2,2) size 91x18
                text run at (2,2) width 91: "auto auto auto"
      LayoutBlockFlow (anonymous) at (0,430) size 769x36
        LayoutBR {BR} at (0,0) size 0x18
        LayoutText {#text} at (0,18) size 110x18
          text run at (0,18) width 110: "auto table cols=3"
      LayoutTable {TABLE} at (0,466) size 374x28 [border: (1px outset #808080)]
        LayoutTableSection {TBODY} at (1,1) size 372x26
          LayoutTableRow {TR} at (0,2) size 372x22
            LayoutTableCell {TD} at (2,2) size 204x22 [border: (1px inset #808080)] [r=0 c=0 rs=1 cs=1]
              LayoutText {#text} at (2,2) size 24x18
                text run at (2,2) width 24: "200"
            LayoutTableCell {TD} at (208,2) size 65x22 [border: (1px inset #808080)] [r=0 c=1 rs=1 cs=1]
              LayoutText {#text} at (2,2) size 61x18
                text run at (2,2) width 61: "auto-auto"
            LayoutTableCell {TD} at (275,2) size 95x22 [border: (1px inset #808080)] [r=0 c=2 rs=1 cs=1]
              LayoutText {#text} at (2,2) size 91x18
                text run at (2,2) width 91: "auto auto auto"
      LayoutBlockFlow (anonymous) at (0,494) size 769x36
        LayoutBR {BR} at (0,0) size 0x18
        LayoutText {#text} at (0,18) size 114x18
          text run at (0,18) width 114: "fixed table cols=3"
      LayoutTable {TABLE} at (0,530) size 400x28 [border: (1px outset #808080)]
        LayoutTableSection {TBODY} at (1,1) size 398x26
          LayoutTableRow {TR} at (0,2) size 398x22
            LayoutTableCell {TD} at (2,2) size 204x22 [border: (1px inset #808080)] [r=0 c=0 rs=1 cs=1]
              LayoutText {#text} at (2,2) size 24x18
                text run at (2,2) width 24: "200"
            LayoutTableCell {TD} at (208,2) size 75x22 [border: (1px inset #808080)] [r=0 c=1 rs=1 cs=1]
              LayoutText {#text} at (2,2) size 61x18
                text run at (2,2) width 61: "auto-auto"
            LayoutTableCell {TD} at (285,2) size 111x22 [border: (1px inset #808080)] [r=0 c=2 rs=1 cs=1]
              LayoutText {#text} at (2,2) size 91x18
                text run at (2,2) width 91: "auto auto auto"
      LayoutBlockFlow (anonymous) at (0,558) size 769x36
        LayoutBR {BR} at (0,0) size 0x18
        LayoutText {#text} at (0,18) size 110x18
          text run at (0,18) width 110: "auto table cols=2"
      LayoutTable {TABLE} at (0,594) size 311x28 [border: (1px outset #808080)]
        LayoutTableSection {TBODY} at (1,1) size 309x26
          LayoutTableRow {TR} at (0,2) size 309x22
            LayoutTableCell {TD} at (2,2) size 32x22 [border: (1px inset #808080)] [r=0 c=0 rs=1 cs=1]
              LayoutText {#text} at (2,2) size 28x18
                text run at (2,2) width 28: "auto"
            LayoutTableCell {TD} at (36,2) size 65x22 [border: (1px inset #808080)] [r=0 c=1 rs=1 cs=1]
              LayoutText {#text} at (2,2) size 61x18
                text run at (2,2) width 61: "auto-auto"
            LayoutTableCell {TD} at (103,2) size 204x22 [border: (1px inset #808080)] [r=0 c=2 rs=1 cs=1]
              LayoutText {#text} at (2,2) size 24x18
                text run at (2,2) width 24: "200"
      LayoutBlockFlow (anonymous) at (0,622) size 769x36
        LayoutBR {BR} at (0,0) size 0x18
        LayoutText {#text} at (0,18) size 114x18
          text run at (0,18) width 114: "fixed table cols=2"
      LayoutTable {TABLE} at (0,658) size 400x28 [border: (1px outset #808080)]
        LayoutTableSection {TBODY} at (1,1) size 398x26
          LayoutTableRow {TR} at (0,2) size 398x22
            LayoutTableCell {TD} at (2,2) size 61x22 [border: (1px inset #808080)] [r=0 c=0 rs=1 cs=1]
              LayoutText {#text} at (2,2) size 28x18
                text run at (2,2) width 28: "auto"
            LayoutTableCell {TD} at (65,2) size 125x22 [border: (1px inset #808080)] [r=0 c=1 rs=1 cs=1]
              LayoutText {#text} at (2,2) size 61x18
                text run at (2,2) width 61: "auto-auto"
            LayoutTableCell {TD} at (192,2) size 204x22 [border: (1px inset #808080)] [r=0 c=2 rs=1 cs=1]
              LayoutText {#text} at (2,2) size 24x18
                text run at (2,2) width 24: "200"
      LayoutBlockFlow (anonymous) at (0,686) size 769x18
        LayoutText {#text} at (0,0) size 63x18
          text run at (0,0) width 63: "auto table"
      LayoutTable {TABLE} at (0,704) size 88x28 [border: (1px outset #808080)]
        LayoutTableSection {TBODY} at (1,1) size 86x26
          LayoutTableRow {TR} at (0,2) size 86x22
            LayoutTableCell {TD} at (2,2) size 48x22 [border: (1px inset #808080)] [r=0 c=0 rs=1 cs=1]
              LayoutText {#text} at (2,2) size 44x18
                text run at (2,2) width 44: "0 0 0 0"
            LayoutTableCell {TD} at (52,2) size 32x22 [border: (1px inset #808080)] [r=0 c=1 rs=1 cs=1]
              LayoutText {#text} at (2,2) size 28x18
                text run at (2,2) width 28: "auto"
      LayoutBlockFlow (anonymous) at (0,732) size 769x36
        LayoutBR {BR} at (0,0) size 0x18
        LayoutText {#text} at (0,18) size 63x18
          text run at (0,18) width 63: "auto table"
      LayoutTable {TABLE} at (0,768) size 142x28 [border: (1px outset #808080)]
        LayoutTableSection {TBODY} at (1,1) size 140x26
          LayoutTableRow {TR} at (0,2) size 140x22
            LayoutTableCell {TD} at (2,2) size 102x22 [border: (1px inset #808080)] [r=0 c=0 rs=1 cs=1]
              LayoutText {#text} at (2,2) size 98x18
                text run at (2,2) width 98: "0% 0% 0% 0%"
            LayoutTableCell {TD} at (106,2) size 32x22 [border: (1px inset #808080)] [r=0 c=1 rs=1 cs=1]
              LayoutText {#text} at (2,2) size 28x18
                text run at (2,2) width 28: "auto"
      LayoutBlockFlow (anonymous) at (0,796) size 769x36
        LayoutBR {BR} at (0,0) size 0x18
        LayoutText {#text} at (0,18) size 63x18
          text run at (0,18) width 63: "auto table"
      LayoutTable {TABLE} at (0,832) size 84x28 [border: (1px outset #808080)]
        LayoutTableCol {COLGROUP} at (0,0) size 0x0
          LayoutTableCol {COL} at (0,0) size 0x0
        LayoutTableSection {TBODY} at (1,1) size 82x26
          LayoutTableRow {TR} at (0,2) size 82x22
            LayoutTableCell {TD} at (2,2) size 44x22 [border: (1px inset #808080)] [r=0 c=0 rs=1 cs=1]
              LayoutText {#text} at (2,2) size 40x18
                text run at (2,2) width 40: "0* col"
            LayoutTableCell {TD} at (48,2) size 32x22 [border: (1px inset #808080)] [r=0 c=1 rs=1 cs=1]
              LayoutText {#text} at (2,2) size 28x18
                text run at (2,2) width 28: "auto"
      LayoutBlockFlow (anonymous) at (0,860) size 769x36
        LayoutBR {BR} at (0,0) size 0x18
        LayoutText {#text} at (0,18) size 68x18
          text run at (0,18) width 68: "fixed table"
      LayoutTable {TABLE} at (0,896) size 200x28 [border: (1px outset #808080)]
        LayoutTableCol {COLGROUP} at (0,0) size 0x0
          LayoutTableCol {COL} at (0,0) size 0x0
        LayoutTableSection {TBODY} at (1,1) size 198x26
          LayoutTableRow {TR} at (0,2) size 198x22
            LayoutTableCell {TD} at (2,2) size 111x22 [border: (1px inset #808080)] [r=0 c=0 rs=1 cs=1]
              LayoutText {#text} at (2,2) size 40x18
                text run at (2,2) width 40: "0* col"
            LayoutTableCell {TD} at (115,2) size 81x22 [border: (1px inset #808080)] [r=0 c=1 rs=1 cs=1]
              LayoutText {#text} at (2,2) size 28x18
                text run at (2,2) width 28: "auto"
