layer at (0,0) size 800x600
  LayoutView at (0,0) size 800x600
layer at (0,0) size 800x600
  LayoutBlockFlow {HTML} at (0,0) size 800x600
    LayoutBlockFlow {BODY} at (8,8) size 784x584
      LayoutBlockFlow {P} at (0,0) size 784x20
        LayoutText {#text} at (0,0) size 759x19
          text run at (0,0) width 759: "There are two boxes below, both rotated 180\x{B0} in Y. The rightmost one has backface-visibility: hidden, so you can't see it."
      LayoutBlockFlow {DIV} at (0,36) size 402x202 [border: (1px solid #000000)]
        LayoutText {#text} at (197,182) size 4x19
          text run at (197,182) width 4: " "
        LayoutText {#text} at (0,0) size 0x0
      LayoutBlockFlow {DIV} at (0,238) size 784x40
        LayoutText {#text} at (0,0) size 167x19
          text run at (0,0) width 167: "Found box1 on left: PASS"
        LayoutBR {BR} at (167,15) size 0x0
        LayoutText {#text} at (0,20) size 202x19
          text run at (0,20) width 202: "Found container on right: PASS"
        LayoutBR {BR} at (202,35) size 0x0
layer at (27,63) size 160x160
  LayoutBlockFlow {DIV} at (19,19) size 160x160 [bgcolor=#808080]
layer at (227,63) size 160x160
  LayoutBlockFlow {DIV} at (219,19) size 160x160 [bgcolor=#808080]
