layer at (0,0) size 800x600
  LayoutView at (0,0) size 800x600
layer at (0,0) size 800x600
  LayoutBlockFlow {HTML} at (0,0) size 800x600
    LayoutBlockFlow {BODY} at (8,8) size 784x576
      LayoutBlockFlow {H1} at (0,0) size 784x37
        LayoutText {#text} at (0,0) size 360x36
          text run at (0,0) width 360: "Meters with border values"
      LayoutBlockFlow {UL} at (0,58.44) size 784x300
        LayoutListItem {LI} at (40,0) size 744x20
          LayoutListMarker (anonymous) at (-18,0) size 7x19: bullet
          LayoutText {#text} at (0,0) size 151x19
            text run at (0,0) width 151: "min,low,optimal,high,max"
        LayoutListItem {LI} at (40,20) size 744x20
          LayoutListMarker (anonymous) at (-18,0) size 7x19: bullet
          LayoutInline {B} at (0,0) size 8x19
            LayoutText {#text} at (0,0) size 8x19
              text run at (0,0) width 8: "9"
          LayoutText {#text} at (8,0) size 106x19
            text run at (8,0) width 106: "|10,20,30,40,50: "
          LayoutBlockFlow {METER} at (114,2.19) size 80x16
            LayoutBlockFlow {DIV} at (0,0) size 80x16
              LayoutBlockFlow {DIV} at (0,0) size 80x16
                LayoutBlockFlow {DIV} at (0,0) size 0x16
        LayoutListItem {LI} at (40,40) size 744x20
          LayoutListMarker (anonymous) at (-18,0) size 7x19: bullet
          LayoutInline {B} at (0,0) size 16x19
            LayoutText {#text} at (0,0) size 16x19
              text run at (0,0) width 16: "10"
          LayoutText {#text} at (16,0) size 87x19
            text run at (16,0) width 87: ",20,30,40,50: "
          LayoutBlockFlow {METER} at (103,2.19) size 80x16
            LayoutBlockFlow {DIV} at (0,0) size 80x16
              LayoutBlockFlow {DIV} at (0,0) size 80x16
                LayoutBlockFlow {DIV} at (0,0) size 0x16
        LayoutListItem {LI} at (40,60) size 744x20
          LayoutListMarker (anonymous) at (-18,0) size 7x19: bullet
          LayoutText {#text} at (0,0) size 20x19
            text run at (0,0) width 20: "10,"
          LayoutInline {B} at (0,0) size 16x19
            LayoutText {#text} at (20,0) size 16x19
              text run at (20,0) width 16: "20"
          LayoutText {#text} at (36,0) size 67x19
            text run at (36,0) width 67: ",30,40,50: "
          LayoutBlockFlow {METER} at (103,2.19) size 80x16
            LayoutBlockFlow {DIV} at (0,0) size 80x16
              LayoutBlockFlow {DIV} at (0,0) size 80x16
                LayoutBlockFlow {DIV} at (0,0) size 20x16
          LayoutText {#text} at (183,0) size 105x19
            text run at (183,0) width 105: "(should be green)"
        LayoutListItem {LI} at (40,80) size 744x20
          LayoutListMarker (anonymous) at (-18,0) size 7x19: bullet
          LayoutText {#text} at (0,0) size 40x19
            text run at (0,0) width 40: "10,20,"
          LayoutInline {B} at (0,0) size 16x19
            LayoutText {#text} at (40,0) size 16x19
              text run at (40,0) width 16: "30"
          LayoutText {#text} at (56,0) size 47x19
            text run at (56,0) width 47: ",40,50: "
          LayoutBlockFlow {METER} at (103,2.19) size 80x16
            LayoutBlockFlow {DIV} at (0,0) size 80x16
              LayoutBlockFlow {DIV} at (0,0) size 80x16
                LayoutBlockFlow {DIV} at (0,0) size 40x16
          LayoutText {#text} at (183,0) size 105x19
            text run at (183,0) width 105: "(should be green)"
        LayoutListItem {LI} at (40,100) size 744x20
          LayoutListMarker (anonymous) at (-18,0) size 7x19: bullet
          LayoutText {#text} at (0,0) size 60x19
            text run at (0,0) width 60: "10,20,30,"
          LayoutInline {B} at (0,0) size 16x19
            LayoutText {#text} at (60,0) size 16x19
              text run at (60,0) width 16: "40"
          LayoutText {#text} at (76,0) size 27x19
            text run at (76,0) width 27: ",50: "
          LayoutBlockFlow {METER} at (103,2.19) size 80x16
            LayoutBlockFlow {DIV} at (0,0) size 80x16
              LayoutBlockFlow {DIV} at (0,0) size 80x16
                LayoutBlockFlow {DIV} at (0,0) size 60x16
          LayoutText {#text} at (183,0) size 105x19
            text run at (183,0) width 105: "(should be green)"
        LayoutListItem {LI} at (40,120) size 744x20
          LayoutListMarker (anonymous) at (-18,0) size 7x19: bullet
          LayoutText {#text} at (0,0) size 80x19
            text run at (0,0) width 80: "10,20,30,40,"
          LayoutInline {B} at (0,0) size 16x19
            LayoutText {#text} at (80,0) size 16x19
              text run at (80,0) width 16: "50"
          LayoutText {#text} at (96,0) size 7x19
            text run at (96,0) width 7: ": "
          LayoutBlockFlow {METER} at (103,2.19) size 80x16
            LayoutBlockFlow {DIV} at (0,0) size 80x16
              LayoutBlockFlow {DIV} at (0,0) size 80x16
                LayoutBlockFlow {DIV} at (0,0) size 80x16
          LayoutText {#text} at (183,0) size 111x19
            text run at (183,0) width 111: "(should be yellow)"
        LayoutListItem {LI} at (40,140) size 744x20
          LayoutListMarker (anonymous) at (-18,0) size 7x19: bullet
          LayoutText {#text} at (0,0) size 99x19
            text run at (0,0) width 99: "10,20,30,40,50|"
          LayoutInline {B} at (0,0) size 16x19
            LayoutText {#text} at (99,0) size 16x19
              text run at (99,0) width 16: "51"
          LayoutText {#text} at (115,0) size 7x19
            text run at (115,0) width 7: ": "
          LayoutBlockFlow {METER} at (122,2.19) size 80x16
            LayoutBlockFlow {DIV} at (0,0) size 80x16
              LayoutBlockFlow {DIV} at (0,0) size 80x16
                LayoutBlockFlow {DIV} at (0,0) size 80x16
          LayoutText {#text} at (202,0) size 111x19
            text run at (202,0) width 111: "(should be yellow)"
        LayoutListItem {LI} at (40,160) size 744x20
          LayoutListMarker (anonymous) at (-18,0) size 7x19: bullet
          LayoutText {#text} at (0,0) size 20x19
            text run at (0,0) width 20: "10,"
          LayoutInline {B} at (0,0) size 16x19
            LayoutText {#text} at (20,0) size 16x19
              text run at (20,0) width 16: "10"
          LayoutText {#text} at (36,0) size 67x19
            text run at (36,0) width 67: ",30,40,50: "
          LayoutBlockFlow {METER} at (103,2.19) size 80x16
            LayoutBlockFlow {DIV} at (0,0) size 80x16
              LayoutBlockFlow {DIV} at (0,0) size 80x16
                LayoutBlockFlow {DIV} at (0,0) size 0x16
        LayoutListItem {LI} at (40,180) size 744x20
          LayoutListMarker (anonymous) at (-18,0) size 7x19: bullet
          LayoutText {#text} at (0,0) size 60x19
            text run at (0,0) width 60: "10,20,30,"
          LayoutInline {B} at (0,0) size 16x19
            LayoutText {#text} at (60,0) size 16x19
              text run at (60,0) width 16: "40"
          LayoutText {#text} at (76,0) size 27x19
            text run at (76,0) width 27: ",40: "
          LayoutBlockFlow {METER} at (103,2.19) size 80x16
            LayoutBlockFlow {DIV} at (0,0) size 80x16
              LayoutBlockFlow {DIV} at (0,0) size 80x16
                LayoutBlockFlow {DIV} at (0,0) size 80x16
          LayoutText {#text} at (183,0) size 105x19
            text run at (183,0) width 105: "(should be green)"
        LayoutListItem {LI} at (40,200) size 744x20
          LayoutListMarker (anonymous) at (-18,0) size 7x19: bullet
          LayoutInline {B} at (0,0) size 8x19
            LayoutText {#text} at (0,0) size 8x19
              text run at (0,0) width 8: "9"
          LayoutText {#text} at (8,0) size 106x19
            text run at (8,0) width 106: "|10,10,10,20,30: "
          LayoutBlockFlow {METER} at (114,2.19) size 80x16
            LayoutBlockFlow {DIV} at (0,0) size 80x16
              LayoutBlockFlow {DIV} at (0,0) size 80x16
                LayoutBlockFlow {DIV} at (0,0) size 0x16
        LayoutListItem {LI} at (40,220) size 744x20
          LayoutListMarker (anonymous) at (-18,0) size 7x19: bullet
          LayoutText {#text} at (0,0) size 40x19
            text run at (0,0) width 40: "10,10,"
          LayoutInline {B} at (0,0) size 16x19
            LayoutText {#text} at (40,0) size 16x19
              text run at (40,0) width 16: "10"
          LayoutText {#text} at (56,0) size 47x19
            text run at (56,0) width 47: ",20,30: "
          LayoutBlockFlow {METER} at (103,2.19) size 80x16
            LayoutBlockFlow {DIV} at (0,0) size 80x16
              LayoutBlockFlow {DIV} at (0,0) size 80x16
                LayoutBlockFlow {DIV} at (0,0) size 0x16
        LayoutListItem {LI} at (40,240) size 744x20
          LayoutListMarker (anonymous) at (-18,0) size 7x19: bullet
          LayoutText {#text} at (0,0) size 40x19
            text run at (0,0) width 40: "10,20,"
          LayoutInline {B} at (0,0) size 16x19
            LayoutText {#text} at (40,0) size 16x19
              text run at (40,0) width 16: "30"
          LayoutText {#text} at (56,0) size 47x19
            text run at (56,0) width 47: ",30,30: "
          LayoutBlockFlow {METER} at (103,2.19) size 80x16
            LayoutBlockFlow {DIV} at (0,0) size 80x16
              LayoutBlockFlow {DIV} at (0,0) size 80x16
                LayoutBlockFlow {DIV} at (0,0) size 80x16
          LayoutText {#text} at (183,0) size 105x19
            text run at (183,0) width 105: "(should be green)"
        LayoutListItem {LI} at (40,260) size 744x20
          LayoutListMarker (anonymous) at (-18,0) size 7x19: bullet
          LayoutText {#text} at (0,0) size 99x19
            text run at (0,0) width 99: "10,20,30,30,30|"
          LayoutInline {B} at (0,0) size 16x19
            LayoutText {#text} at (99,0) size 16x19
              text run at (99,0) width 16: "31"
          LayoutText {#text} at (115,0) size 7x19
            text run at (115,0) width 7: ": "
          LayoutBlockFlow {METER} at (122,2.19) size 80x16
            LayoutBlockFlow {DIV} at (0,0) size 80x16
              LayoutBlockFlow {DIV} at (0,0) size 80x16
                LayoutBlockFlow {DIV} at (0,0) size 80x16
          LayoutText {#text} at (202,0) size 105x19
            text run at (202,0) width 105: "(should be green)"
        LayoutListItem {LI} at (40,280) size 744x20
          LayoutListMarker (anonymous) at (-18,0) size 7x19: bullet
          LayoutText {#text} at (0,0) size 40x19
            text run at (0,0) width 40: "10,20,"
          LayoutInline {B} at (0,0) size 16x19
            LayoutText {#text} at (40,0) size 16x19
              text run at (40,0) width 16: "20"
          LayoutText {#text} at (56,0) size 47x19
            text run at (56,0) width 47: ",20,30: "
          LayoutBlockFlow {METER} at (103,2.19) size 80x16
            LayoutBlockFlow {DIV} at (0,0) size 80x16
              LayoutBlockFlow {DIV} at (0,0) size 80x16
                LayoutBlockFlow {DIV} at (0,0) size 40x16
          LayoutText {#text} at (183,0) size 105x19
            text run at (183,0) width 105: "(should be green)"
