layer at (0,0) size 800x600 scrollHeight 603
  LayoutView at (0,0) size 800x600
layer at (0,0) size 800x603 backgroundClip at (0,0) size 800x600 clip at (0,0) size 800x600
  LayoutBlockFlow {HTML} at (0,0) size 800x602.88
    LayoutBlockFlow {BODY} at (8,8) size 784x578.88
      LayoutBlockFlow {H1} at (0,0) size 784x37
        LayoutText {#text} at (0,0) size 420x36
          text run at (0,0) width 420: "Meters with various optimums"
      LayoutBlockFlow {P} at (0,58.44) size 784x20
        LayoutText {#text} at (0,0) size 250x19
          text run at (0,0) width 250: "(min=0, max=1000, low=300, high=600)"
      LayoutBlockFlow {H2} at (0,98.34) size 784x27
        LayoutText {#text} at (0,0) size 141x26
          text run at (0,0) width 141: "optimum=450"
      LayoutBlockFlow {UL} at (0,145.25) size 784x100
        LayoutListItem {LI} at (40,0) size 744x20
          LayoutListMarker (anonymous) at (-18,0) size 7x19: bullet
          LayoutText {#text} at (0,0) size 71x19
            text run at (0,0) width 71: "value=150: "
          LayoutBlockFlow {METER} at (71,2.19) size 80x16
            LayoutBlockFlow {DIV} at (0,0) size 80x16
              LayoutBlockFlow {DIV} at (0,0) size 80x16
                LayoutBlockFlow {DIV} at (0,0) size 20x16
        LayoutListItem {LI} at (40,20) size 744x20
          LayoutListMarker (anonymous) at (-18,0) size 7x19: bullet
          LayoutText {#text} at (0,0) size 71x19
            text run at (0,0) width 71: "value=450: "
          LayoutBlockFlow {METER} at (71,2.19) size 80x16
            LayoutBlockFlow {DIV} at (0,0) size 80x16
              LayoutBlockFlow {DIV} at (0,0) size 80x16
                LayoutBlockFlow {DIV} at (0,0) size 36x16
        LayoutListItem {LI} at (40,40) size 744x20
          LayoutListMarker (anonymous) at (-18,0) size 7x19: bullet
          LayoutText {#text} at (0,0) size 71x19
            text run at (0,0) width 71: "value=750: "
          LayoutBlockFlow {METER} at (71,2.19) size 80x16
            LayoutBlockFlow {DIV} at (0,0) size 80x16
              LayoutBlockFlow {DIV} at (0,0) size 80x16
                LayoutBlockFlow {DIV} at (0,0) size 60x16
        LayoutListItem {LI} at (40,60) size 744x20
          LayoutListMarker (anonymous) at (-18,0) size 7x19: bullet
          LayoutText {#text} at (0,0) size 55x19
            text run at (0,0) width 55: "value=0: "
          LayoutBlockFlow {METER} at (55,2.19) size 80x16
            LayoutBlockFlow {DIV} at (0,0) size 80x16
              LayoutBlockFlow {DIV} at (0,0) size 80x16
                LayoutBlockFlow {DIV} at (0,0) size 0x16
        LayoutListItem {LI} at (40,80) size 744x20
          LayoutListMarker (anonymous) at (-18,0) size 7x19: bullet
          LayoutText {#text} at (0,0) size 79x19
            text run at (0,0) width 79: "value=1000: "
          LayoutBlockFlow {METER} at (79,2.19) size 80x16
            LayoutBlockFlow {DIV} at (0,0) size 80x16
              LayoutBlockFlow {DIV} at (0,0) size 80x16
                LayoutBlockFlow {DIV} at (0,0) size 80x16
      LayoutBlockFlow {H2} at (0,265.16) size 784x27
        LayoutText {#text} at (0,0) size 141x26
          text run at (0,0) width 141: "optimum=150"
      LayoutBlockFlow {UL} at (0,312.06) size 784x100
        LayoutListItem {LI} at (40,0) size 744x20
          LayoutListMarker (anonymous) at (-18,0) size 7x19: bullet
          LayoutText {#text} at (0,0) size 71x19
            text run at (0,0) width 71: "value=150: "
          LayoutBlockFlow {METER} at (71,2.19) size 80x16
            LayoutBlockFlow {DIV} at (0,0) size 80x16
              LayoutBlockFlow {DIV} at (0,0) size 80x16
                LayoutBlockFlow {DIV} at (0,0) size 20x16
        LayoutListItem {LI} at (40,20) size 744x20
          LayoutListMarker (anonymous) at (-18,0) size 7x19: bullet
          LayoutText {#text} at (0,0) size 71x19
            text run at (0,0) width 71: "value=450: "
          LayoutBlockFlow {METER} at (71,2.19) size 80x16
            LayoutBlockFlow {DIV} at (0,0) size 80x16
              LayoutBlockFlow {DIV} at (0,0) size 80x16
                LayoutBlockFlow {DIV} at (0,0) size 36x16
        LayoutListItem {LI} at (40,40) size 744x20
          LayoutListMarker (anonymous) at (-18,0) size 7x19: bullet
          LayoutText {#text} at (0,0) size 71x19
            text run at (0,0) width 71: "value=750: "
          LayoutBlockFlow {METER} at (71,2.19) size 80x16
            LayoutBlockFlow {DIV} at (0,0) size 80x16
              LayoutBlockFlow {DIV} at (0,0) size 80x16
                LayoutBlockFlow {DIV} at (0,0) size 60x16
        LayoutListItem {LI} at (40,60) size 744x20
          LayoutListMarker (anonymous) at (-18,0) size 7x19: bullet
          LayoutText {#text} at (0,0) size 55x19
            text run at (0,0) width 55: "value=0: "
          LayoutBlockFlow {METER} at (55,2.19) size 80x16
            LayoutBlockFlow {DIV} at (0,0) size 80x16
              LayoutBlockFlow {DIV} at (0,0) size 80x16
                LayoutBlockFlow {DIV} at (0,0) size 0x16
        LayoutListItem {LI} at (40,80) size 744x20
          LayoutListMarker (anonymous) at (-18,0) size 7x19: bullet
          LayoutText {#text} at (0,0) size 79x19
            text run at (0,0) width 79: "value=1000: "
          LayoutBlockFlow {METER} at (79,2.19) size 80x16
            LayoutBlockFlow {DIV} at (0,0) size 80x16
              LayoutBlockFlow {DIV} at (0,0) size 80x16
                LayoutBlockFlow {DIV} at (0,0) size 80x16
      LayoutBlockFlow {H2} at (0,431.97) size 784x27
        LayoutText {#text} at (0,0) size 141x26
          text run at (0,0) width 141: "optimum=750"
      LayoutBlockFlow {UL} at (0,478.88) size 784x100
        LayoutListItem {LI} at (40,0) size 744x20
          LayoutListMarker (anonymous) at (-18,0) size 7x19: bullet
          LayoutText {#text} at (0,0) size 71x19
            text run at (0,0) width 71: "value=150: "
          LayoutBlockFlow {METER} at (71,2.19) size 80x16
            LayoutBlockFlow {DIV} at (0,0) size 80x16
              LayoutBlockFlow {DIV} at (0,0) size 80x16
                LayoutBlockFlow {DIV} at (0,0) size 20x16
        LayoutListItem {LI} at (40,20) size 744x20
          LayoutListMarker (anonymous) at (-18,0) size 7x19: bullet
          LayoutText {#text} at (0,0) size 71x19
            text run at (0,0) width 71: "value=450: "
          LayoutBlockFlow {METER} at (71,2.19) size 80x16
            LayoutBlockFlow {DIV} at (0,0) size 80x16
              LayoutBlockFlow {DIV} at (0,0) size 80x16
                LayoutBlockFlow {DIV} at (0,0) size 36x16
        LayoutListItem {LI} at (40,40) size 744x20
          LayoutListMarker (anonymous) at (-18,0) size 7x19: bullet
          LayoutText {#text} at (0,0) size 71x19
            text run at (0,0) width 71: "value=750: "
          LayoutBlockFlow {METER} at (71,2.19) size 80x16
            LayoutBlockFlow {DIV} at (0,0) size 80x16
              LayoutBlockFlow {DIV} at (0,0) size 80x16
                LayoutBlockFlow {DIV} at (0,0) size 60x16
        LayoutListItem {LI} at (40,60) size 744x20
          LayoutListMarker (anonymous) at (-18,0) size 7x19: bullet
          LayoutText {#text} at (0,0) size 55x19
            text run at (0,0) width 55: "value=0: "
          LayoutBlockFlow {METER} at (55,2.19) size 80x16
            LayoutBlockFlow {DIV} at (0,0) size 80x16
              LayoutBlockFlow {DIV} at (0,0) size 80x16
                LayoutBlockFlow {DIV} at (0,0) size 0x16
        LayoutListItem {LI} at (40,80) size 744x20
          LayoutListMarker (anonymous) at (-18,0) size 7x19: bullet
          LayoutText {#text} at (0,0) size 79x19
            text run at (0,0) width 79: "value=1000: "
          LayoutBlockFlow {METER} at (79,2.19) size 80x16
            LayoutBlockFlow {DIV} at (0,0) size 80x16
              LayoutBlockFlow {DIV} at (0,0) size 80x16
                LayoutBlockFlow {DIV} at (0,0) size 80x16
