layer at (0,0) size 800x600
  LayoutView at (0,0) size 800x600
layer at (0,0) size 800x600
  LayoutNGBlockFlow {HTML} at (0,0) size 800x600
    LayoutNGBlockFlow {BODY} at (8,8) size 784x584
      LayoutNGBlockFlow {P} at (0,0) size 784x20
        LayoutText {#text} at (0,0) size 166x19
          text run at (0,0) width 166: "Tests: the colspan attribute"
        LayoutBR {BR} at (166,0) size 0x0
      LayoutNGBlockFlow {P} at (0,36) size 784x80
        LayoutText {#text} at (0,0) size 73x19
          text run at (0,0) width 73: "Conditions:"
        LayoutBR {BR} at (73,0) size 0x0
        LayoutText {#text} at (0,20) size 772x59
          text run at (0,20) width 772: "The colSpan attribute specifies the number of columns spanned by the current cell. The default value of this attribute is one"
          text run at (0,40) width 767: "(\"1\"). The value zero (\"0\") means that the cell spans all columns from the current column to the last column of the column"
          text run at (0,60) width 317: "group (COLGROUP) in which the cell is defined."
      LayoutNGBlockFlow {P} at (0,132) size 784x60
        LayoutText {#text} at (0,0) size 782x59
          text run at (0,0) width 759: "The first table tests the default value of one, and an input of 7, which is within the normal range of expect input. The first"
          text run at (0,20) width 782: "column in the first row should span only column \"one\" and the second cell should span all of the other columns. The second"
          text run at (0,40) width 519: "table tests the zero value. \"Just A\" should span \"A\" and \"Just B\" should span \"B.\""
      LayoutNGBlockFlow (anonymous) at (0,218) size 784x20
        LayoutBR {BR} at (0,0) size 0x0
      LayoutTable {TABLE} at (0,238) size 270x76 [border: (1px outset #808080)]
        LayoutBlockFlow {CAPTION} at (0,0) size 270x20
          LayoutText {#text} at (27,0) size 216x19
            text run at (27,0) width 216: "Testing Default and Regular Input"
        LayoutTableSection {TBODY} at (1,21) size 268x54
          LayoutTableRow {TR} at (0,2) size 268x24
            LayoutNGTableCell {TD} at (2,2) size 32x24 [border: (1px inset #808080)] [r=0 c=0 rs=1 cs=1]
              LayoutText {#text} at (2,2) size 28x19
                text run at (2,2) width 28: "First"
            LayoutNGTableCell {TD} at (36,2) size 230x24 [border: (1px inset #808080)] [r=0 c=1 rs=1 cs=7]
              LayoutText {#text} at (2,2) size 75x19
                text run at (2,2) width 75: "All the Rest"
          LayoutTableRow {TR} at (0,28) size 268x24
            LayoutNGTableCell {TD} at (2,28) size 32x24 [border: (1px inset #808080)] [r=1 c=0 rs=1 cs=1]
              LayoutText {#text} at (2,2) size 23x19
                text run at (2,2) width 23: "one"
            LayoutNGTableCell {TD} at (36,28) size 28x24 [border: (1px inset #808080)] [r=1 c=1 rs=1 cs=1]
              LayoutText {#text} at (2,2) size 24x19
                text run at (2,2) width 24: "two"
            LayoutNGTableCell {TD} at (66,28) size 35x24 [border: (1px inset #808080)] [r=1 c=2 rs=1 cs=1]
              LayoutText {#text} at (2,2) size 31x19
                text run at (2,2) width 31: "three"
            LayoutNGTableCell {TD} at (103,28) size 30x24 [border: (1px inset #808080)] [r=1 c=3 rs=1 cs=1]
              LayoutText {#text} at (2,2) size 26x19
                text run at (2,2) width 26: "four"
            LayoutNGTableCell {TD} at (135,28) size 28x24 [border: (1px inset #808080)] [r=1 c=4 rs=1 cs=1]
              LayoutText {#text} at (2,2) size 24x19
                text run at (2,2) width 24: "five"
            LayoutNGTableCell {TD} at (165,28) size 22x24 [border: (1px inset #808080)] [r=1 c=5 rs=1 cs=1]
              LayoutText {#text} at (2,2) size 18x19
                text run at (2,2) width 18: "six"
            LayoutNGTableCell {TD} at (189,28) size 40x24 [border: (1px inset #808080)] [r=1 c=6 rs=1 cs=1]
              LayoutText {#text} at (2,2) size 36x19
                text run at (2,2) width 36: "seven"
            LayoutNGTableCell {TD} at (231,28) size 35x24 [border: (1px inset #808080)] [r=1 c=7 rs=1 cs=1]
              LayoutText {#text} at (2,2) size 31x19
                text run at (2,2) width 31: "eight"
      LayoutNGBlockFlow (anonymous) at (0,314) size 784x20
        LayoutBR {BR} at (0,0) size 0x0
      LayoutTable {TABLE} at (0,334) size 197x76 [border: (1px outset #808080)]
        LayoutBlockFlow {CAPTION} at (0,0) size 197x20
          LayoutText {#text} at (16,0) size 165x19
            text run at (16,0) width 165: "Testing Zero Special Case"
        LayoutTableSection {TBODY} at (1,21) size 195x54
          LayoutTableRow {TR} at (0,2) size 195x24
            LayoutNGTableCell {TD} at (2,2) size 44x24 [border: (1px inset #808080)] [r=0 c=0 rs=1 cs=1]
              LayoutText {#text} at (2,2) size 39x19
                text run at (2,2) width 39: "Just A"
            LayoutNGTableCell {TD} at (48,2) size 43x24 [border: (1px inset #808080)] [r=0 c=1 rs=1 cs=1]
              LayoutText {#text} at (2,2) size 39x19
                text run at (2,2) width 39: "Just B"
          LayoutTableRow {TR} at (0,28) size 195x24
            LayoutNGTableCell {TD} at (2,28) size 44x24 [border: (1px inset #808080)] [r=1 c=0 rs=1 cs=1]
              LayoutText {#text} at (2,2) size 12x19
                text run at (2,2) width 12: "A"
            LayoutNGTableCell {TD} at (48,28) size 43x24 [border: (1px inset #808080)] [r=1 c=1 rs=1 cs=1]
              LayoutText {#text} at (2,2) size 11x19
                text run at (2,2) width 11: "B"
            LayoutNGTableCell {TD} at (93,28) size 15x24 [border: (1px inset #808080)] [r=1 c=2 rs=1 cs=1]
              LayoutText {#text} at (2,2) size 11x19
                text run at (2,2) width 11: "C"
            LayoutNGTableCell {TD} at (110,28) size 16x24 [border: (1px inset #808080)] [r=1 c=3 rs=1 cs=1]
              LayoutText {#text} at (2,2) size 12x19
                text run at (2,2) width 12: "D"
            LayoutNGTableCell {TD} at (128,28) size 14x24 [border: (1px inset #808080)] [r=1 c=4 rs=1 cs=1]
              LayoutText {#text} at (2,2) size 10x19
                text run at (2,2) width 10: "E"
            LayoutNGTableCell {TD} at (144,28) size 13x24 [border: (1px inset #808080)] [r=1 c=5 rs=1 cs=1]
              LayoutText {#text} at (2,2) size 9x19
                text run at (2,2) width 9: "F"
            LayoutNGTableCell {TD} at (159,28) size 16x24 [border: (1px inset #808080)] [r=1 c=6 rs=1 cs=1]
              LayoutText {#text} at (2,2) size 12x19
                text run at (2,2) width 12: "G"
            LayoutNGTableCell {TD} at (177,28) size 16x24 [border: (1px inset #808080)] [r=1 c=7 rs=1 cs=1]
              LayoutText {#text} at (2,2) size 12x19
                text run at (2,2) width 12: "H"
layer at (8,216) size 784x2 clip at (0,0) size 0x0
  LayoutNGBlockFlow {HR} at (0,208) size 784x2 [border: (1px inset #EEEEEE)]
