layer at (0,0) size 800x600
  LayoutView at (0,0) size 800x600
layer at (0,0) size 800x18
  LayoutBlockFlow {HTML} at (0,0) size 800x18
    LayoutBlockFlow (anonymous) at (0,0) size 800x0
      LayoutInline {body} at (0,0) size 0x0 [bgcolor=#FF0000]
        LayoutText {#text} at (0,0) size 0x0
    LayoutBlockFlow (anonymous) at (0,0) size 800x18
      LayoutBlockFlow {P} at (0,0) size 800x18 [bgcolor=#00FF00]
        LayoutText {#text} at (0,0) size 340x18
          text run at (0,0) width 340: "This line should be green and there should be no red."
    LayoutBlockFlow (anonymous) at (0,18) size 800x0
      LayoutInline {body} at (0,0) size 0x0 [bgcolor=#FF0000]
