layer at (0,0) size 800x600
  LayoutView at (0,0) size 800x600
layer at (0,0) size 800x550
  LayoutBlockFlow {HTML} at (0,0) size 800x549.75
    LayoutBlockFlow {BODY} at (8,8) size 784x533.75
      LayoutText {#text} at (42,48) size 5x19
        text run at (42,48) width 5: " "
      LayoutText {#text} at (117,48) size 5x19
        text run at (117,48) width 5: " "
      LayoutText {#text} at (164,48) size 5x19
        text run at (164,48) width 5: " "
      LayoutText {#text} at (226,48) size 5x19
        text run at (226,48) width 5: " "
      LayoutText {#text} at (280,48) size 5x19
        text run at (280,48) width 5: " "
      LayoutText {#text} at (333,48) size 5x19
        text run at (333,48) width 5: " "
      LayoutText {#text} at (387,48) size 5x19
        text run at (387,48) width 5: " "
      LayoutBR {BR} at (391,48) size 1x19
      LayoutText {#text} at (46,119) size 5x19
        text run at (46,119) width 5: " "
      LayoutText {#text} at (93,119) size 5x19
        text run at (93,119) width 5: " "
      LayoutBR {BR} at (97,119) size 1x19
      LayoutText {#text} at (42,186) size 5x19
        text run at (42,186) width 5: " "
      LayoutBR {BR} at (46,186) size 1x19
      LayoutText {#text} at (42,253) size 5x18
        text run at (42,253) width 5: " "
      LayoutBR {BR} at (46,253) size 1x18
      LayoutText {#text} at (50,382) size 5x19
        text run at (50,382) width 5: " "
      LayoutText {#text} at (111,382) size 5x19
        text run at (111,382) width 5: " "
      LayoutText {#text} at (178,382) size 5x19
        text run at (178,382) width 5: " "
      LayoutText {#text} at (245,382) size 5x19
        text run at (245,382) width 5: " "
      LayoutBR {BR} at (0,0) size 0x0
      LayoutText {#text} at (58,515) size 5x19
        text run at (58,515) width 5: " "
      LayoutText {#text} at (136,515) size 5x19
        text run at (136,515) width 5: " "
      LayoutBR {BR} at (140,515) size 1x19
layer at (12,12) size 35x59 clip at (13,13) size 22x57
  LayoutListBox {SELECT} at (4,4) size 34.56x58.75 [bgcolor=#FFFFFF] [border: (1px solid #999999)]
    LayoutBlockFlow {OPTION} at (1,1) size 21.56x14.19
      LayoutText {#text} at (2,0) size 18x13
        text run at (2,0) width 18: "foo"
layer at (59,12) size 63x59 clip at (60,13) size 50x57
  LayoutListBox {SELECT} at (50.56,4) size 63.27x58.75 [bgcolor=#FFFFFF] [border: (1px solid #999999)]
    LayoutBlockFlow {OPTION} at (1,1) size 50.27x14.19 [color=#FFFFFF] [bgcolor=#3875D7]
      LayoutText {#text} at (2,0) size 18x13
        text run at (2,0) width 18: "foo"
    LayoutBlockFlow {OPTION} at (1,15.19) size 50.27x14.19
      LayoutText {#text} at (2,0) size 18x13
        text run at (2,0) width 18: "bar"
    LayoutBlockFlow {OPTION} at (1,29.38) size 50.27x14.19 [color=#808080] [bgcolor=#D4D4D4]
      LayoutText {#text} at (2,0) size 47x13
        text run at (2,0) width 47: "Disabled"
layer at (134,12) size 34x59 clip at (135,13) size 21x57
  LayoutListBox {SELECT} at (125.83,4) size 34.56x58.75 [bgcolor=#FFFFFF] [border: (1px solid #999999)]
    LayoutBlockFlow {OPTION} at (1,1) size 21.56x14.19 [bgcolor=#D4D4D4]
      LayoutText {#text} at (2,0) size 18x13
        text run at (2,0) width 18: "foo"
    LayoutBlockFlow {OPTION} at (1,15.19) size 21.56x14.19 [color=#808080] [bgcolor=#D4D4D4]
      LayoutText {#text} at (2,0) size 18x13
        text run at (2,0) width 18: "bar"
layer at (180,12) size 51x59 clip at (181,13) size 38x57
  LayoutListBox {SELECT} at (172.39,4) size 50.23x58.75 [color=#7F7F7F] [bgcolor=#FFFFFF] [border: (1px solid #999999)]
    LayoutBlockFlow {OPTION} at (1,1) size 37.23x14.19 [color=#808080] [bgcolor=#D4D4D4]
      LayoutText {#text} at (2,0) size 18x13
        text run at (2,0) width 18: "foo"
    LayoutBlockFlow {OPTION} at (1,15.19) size 37.23x14.19
      LayoutText {#text} at (2,0) size 18x13
        text run at (2,0) width 18: "bar"
    LayoutBlockFlow {OPTGROUP} at (1,29.38) size 37.23x28.38
      LayoutBlockFlow {DIV} at (0,0) size 37.23x14.19
      LayoutBlockFlow {OPTION} at (0,14.19) size 37.23x14.19 [color=#808080] [bgcolor=#D4D4D4]
        LayoutInline {<pseudo:before>} at (0,0) size 14x13
          LayoutTextFragment (anonymous) at (2,0) size 14x13
            text run at (2,0) width 14: "    "
        LayoutText {#text} at (15,0) size 21x13
          text run at (15,0) width 21: "baz"
layer at (243,55) size 41x16 clip at (244,56) size 28x14 scrollHeight 56
  LayoutListBox {SELECT} at (234.63,46.56) size 41.52x16.19 [bgcolor=#FFFFFF] [border: (1px solid #999999)]
    LayoutBlockFlow {OPTION} at (1,1) size 28.52x14.19
      LayoutText {#text} at (2,0) size 25x13
        text run at (2,0) width 25: "foo1"
    LayoutBlockFlow {OPTION} at (1,15.19) size 28.52x14.19
      LayoutText {#text} at (2,0) size 25x13
        text run at (2,0) width 25: "foo2"
    LayoutBlockFlow {OPTION} at (1,29.38) size 28.52x14.19
      LayoutText {#text} at (2,0) size 25x13
        text run at (2,0) width 25: "foo3"
    LayoutBlockFlow {OPTION} at (1,43.56) size 28.52x14.19
      LayoutText {#text} at (2,0) size 25x13
        text run at (2,0) width 25: "foo4"
layer at (296,40) size 42x31 clip at (297,41) size 29x29 scrollHeight 57
  LayoutListBox {SELECT} at (288.14,32.38) size 41.52x30.38 [bgcolor=#FFFFFF] [border: (1px solid #999999)]
    LayoutBlockFlow {OPTION} at (1,1) size 28.52x14.19
      LayoutText {#text} at (2,0) size 25x13
        text run at (2,0) width 25: "foo1"
    LayoutBlockFlow {OPTION} at (1,15.19) size 28.52x14.19
      LayoutText {#text} at (2,0) size 25x13
        text run at (2,0) width 25: "foo2"
    LayoutBlockFlow {OPTION} at (1,29.38) size 28.52x14.19
      LayoutText {#text} at (2,0) size 25x13
        text run at (2,0) width 25: "foo3"
    LayoutBlockFlow {OPTION} at (1,43.56) size 28.52x14.19
      LayoutText {#text} at (2,0) size 25x13
        text run at (2,0) width 25: "foo4"
layer at (350,26) size 41x45 clip at (351,27) size 28x43 scrollHeight 57
  LayoutListBox {SELECT} at (341.66,18.19) size 41.52x44.56 [bgcolor=#FFFFFF] [border: (1px solid #999999)]
    LayoutBlockFlow {OPTION} at (1,1) size 28.52x14.19
      LayoutText {#text} at (2,0) size 25x13
        text run at (2,0) width 25: "foo1"
    LayoutBlockFlow {OPTION} at (1,15.19) size 28.52x14.19
      LayoutText {#text} at (2,0) size 25x13
        text run at (2,0) width 25: "foo2"
    LayoutBlockFlow {OPTION} at (1,29.38) size 28.52x14.19
      LayoutText {#text} at (2,0) size 25x13
        text run at (2,0) width 25: "foo3"
    LayoutBlockFlow {OPTION} at (1,43.56) size 28.52x14.19
      LayoutText {#text} at (2,0) size 25x13
        text run at (2,0) width 25: "foo4"
layer at (12,79) size 39x63 clip at (15,82) size 22x57
  LayoutListBox {SELECT} at (4,70.75) size 38.56x62.75 [bgcolor=#FFFFFF] [border: (3px solid #00FF00)]
    LayoutBlockFlow {OPTION} at (3,3) size 21.56x14.19
      LayoutText {#text} at (2,0) size 18x13
        text run at (2,0) width 18: "foo"
layer at (63,83) size 34x59 clip at (64,84) size 21x57
  LayoutListBox {SELECT} at (54.56,74.75) size 34.56x58.75 [bgcolor=#FFFFFF] [border: (1px solid #999999)]
    LayoutBlockFlow {OPTION} at (1,1) size 21.56x14.19
      LayoutText {#text} at (2,0) size 18x13
        text run at (2,0) width 18: "foo"
layer at (12,150) size 35x58 clip at (13,151) size 22x56
  LayoutListBox {SELECT} at (4,141.50) size 34.56x58.75 [border: (1px solid #999999)]
    LayoutBlockFlow {OPTION} at (1,1) size 21.56x14.19
      LayoutText {#text} at (2,0) size 18x13
        text run at (2,0) width 18: "foo"
layer at (12,216) size 35x59 clip at (13,217) size 22x57
  LayoutListBox {SELECT} at (4,208.25) size 34.56x58.75 [bgcolor=#FFFFFF] [border: (1px solid #999999)]
    LayoutBlockFlow {OPTION} at (1,1) size 21.56x14.19
      LayoutText {#text} at (2,0) size 18x13
        text run at (2,0) width 18: "foo"
layer at (12,321) size 43x83 clip at (13,322) size 30x81
  LayoutListBox {SELECT} at (4,313.44) size 42.55x82.75 [bgcolor=#FFFFFF] [border: (1px solid #999999)]
    LayoutBlockFlow {OPTION} at (1,1) size 29.55x20.19
      LayoutText {#text} at (2,0) size 26x18
        text run at (2,0) width 26: "foo"
layer at (67,302) size 48x102 clip at (68,303) size 35x100
  LayoutListBox {SELECT} at (58.55,294.19) size 48.94x102 [bgcolor=#FFFFFF] [border: (1px solid #999999)]
    LayoutBlockFlow {OPTION} at (1,1) size 35.94x25
      LayoutText {#text} at (2,0) size 32x23
        text run at (2,0) width 32: "foo"
layer at (127,283) size 56x121 clip at (128,284) size 43x119
  LayoutListBox {SELECT} at (119.48,275) size 55.31x121.19 [bgcolor=#FFFFFF] [border: (1px solid #999999)]
    LayoutBlockFlow {OPTION} at (1,1) size 42.31x29.80
      LayoutText {#text} at (2,0) size 39x28
        text run at (2,0) width 39: "foo"
layer at (195,283) size 55x121 clip at (196,284) size 42x119
  LayoutListBox {SELECT} at (186.80,275) size 55.19x121.19 [bgcolor=#FFFFFF] [border: (1px solid #999999)]
    LayoutBlockFlow {OPTION} at (1,1) size 42.19x20.19
      LayoutText {#text} at (2,0) size 26x18
        text run at (2,0) width 26: "foo"
    LayoutBlockFlow {OPTION} at (1,21.19) size 42.19x29.80
      LayoutText {#text} at (2,0) size 39x28
        text run at (2,0) width 39: "bar"
layer at (14,448) size 46x88 clip at (16,449) size 32x85
  LayoutListBox {SELECT} at (6,439.56) size 46.34x88.19 [bgcolor=#FFFFFF] [border: (1.50px solid #999999)]
    LayoutBlockFlow {OPTION} at (1.50,1.50) size 32.34x21.30
      LayoutText {#text} at (3,0) size 27x19
        text run at (3,0) width 27: "foo"
layer at (78,416) size 58x118 clip at (80,418) size 43x114
  LayoutListBox {SELECT} at (70.34,408.19) size 58.13x117.56 [bgcolor=#FFFFFF] [border: (2px solid #999999)]
    LayoutBlockFlow {OPTION} at (2,2) size 43.13x28.39
      LayoutText {#text} at (4,0) size 36x26
        text run at (4,0) width 36: "foo"
