layer at (0,0) size 800x600
  LayoutView at (0,0) size 800x600
layer at (0,0) size 800x174
  LayoutBlockFlow {HTML} at (0,0) size 800x174
    LayoutBlockFlow {BODY} at (8,16) size 784x150
      LayoutBlockFlow {P} at (0,0) size 784x18
        LayoutText {#text} at (0,0) size 608x18
          text run at (0,0) width 608: "The select list box should not display items (options and optgroups) with style \"display: none\"."
      LayoutBlockFlow (anonymous) at (0,34) size 784x116
        LayoutText {#text} at (47,97) size 5x18
          text run at (47,97) width 5: " "
        LayoutText {#text} at (114,97) size 4x18
          text run at (114,97) width 4: " "
        LayoutText {#text} at (180,97) size 5x18
          text run at (180,97) width 5: " "
        LayoutText {#text} at (232,97) size 4x18
          text run at (232,97) width 4: " "
        LayoutText {#text} at (283,97) size 5x18
          text run at (283,97) width 5: " "
        LayoutText {#text} at (0,0) size 0x0
layer at (8,64) size 48x101 clip at (9,65) size 35x99
  LayoutListBox {SELECT} at (0,13.69) size 47.70x101.31 [bgcolor=#FFFFFF] [border: (1px solid #999999)]
    LayoutBlockFlow {OPTION} at (1,1) size 34.70x14.19
      LayoutText {#text} at (2,0) size 22x13
        text run at (2,0) width 22: "One"
    LayoutBlockFlow {OPTION} at (1,15.19) size 34.70x14.19
      LayoutText {#text} at (2,0) size 23x13
        text run at (2,0) width 23: "Two"
    LayoutBlockFlow {OPTION} at (1,29.38) size 34.70x14.19
      LayoutText {#text} at (2,0) size 31x13
        text run at (2,0) width 31: "Three"
    LayoutBlockFlow {OPTION} at (1,43.56) size 34.70x14.19
      LayoutText {#text} at (2,0) size 21x13
        text run at (2,0) width 21: "Five"
    LayoutBlockFlow {OPTION} at (1,57.75) size 34.70x14.19
      LayoutText {#text} at (2,0) size 16x13
        text run at (2,0) width 16: "Six"
    LayoutBlockFlow {OPTION} at (1,71.94) size 34.70x14.19
      LayoutText {#text} at (2,0) size 31x13
        text run at (2,0) width 31: "Seven"
layer at (60,64) size 62x101 clip at (61,65) size 49x99
  LayoutListBox {SELECT} at (51.70,13.69) size 62.30x101.31 [bgcolor=#FFFFFF] [border: (1px solid #999999)]
    LayoutBlockFlow {OPTION} at (1,1) size 49.30x14.19
      LayoutText {#text} at (2,0) size 22x13
        text run at (2,0) width 22: "One"
    LayoutBlockFlow {OPTION} at (1,15.19) size 49.30x14.19
      LayoutText {#text} at (2,0) size 23x13
        text run at (2,0) width 23: "Two"
    LayoutBlockFlow {OPTION} at (1,29.38) size 49.30x14.19
      LayoutText {#text} at (2,0) size 31x13
        text run at (2,0) width 31: "Three"
    LayoutBlockFlow {OPTGROUP} at (1,43.56) size 49.30x28.38
      LayoutBlockFlow {DIV} at (0,0) size 49.30x14.19
        LayoutText {#text} at (2,0) size 46x13
          text run at (2,0) width 46: "***45***"
      LayoutBlockFlow {OPTION} at (0,14.19) size 49.30x14.19
        LayoutInline {<pseudo:before>} at (0,0) size 14x13
          LayoutTextFragment (anonymous) at (2,0) size 14x13
            text run at (2,0) width 14: "    "
        LayoutText {#text} at (15,0) size 22x13
          text run at (15,0) width 22: "Five"
    LayoutBlockFlow {OPTION} at (1,71.94) size 49.30x14.19
      LayoutText {#text} at (2,0) size 31x13
        text run at (2,0) width 31: "Seven"
layer at (126,64) size 62x101 clip at (127,65) size 49x99
  LayoutListBox {SELECT} at (118,13.69) size 62.30x101.31 [bgcolor=#FFFFFF] [border: (1px solid #999999)]
    LayoutBlockFlow {OPTION} at (1,1) size 49.30x14.19
      LayoutText {#text} at (2,0) size 22x13
        text run at (2,0) width 22: "One"
    LayoutBlockFlow {OPTION} at (1,15.19) size 49.30x14.19
      LayoutText {#text} at (2,0) size 23x13
        text run at (2,0) width 23: "Two"
    LayoutBlockFlow {OPTGROUP} at (1,29.38) size 49.30x28.38
      LayoutBlockFlow {DIV} at (0,0) size 49.30x14.19
        LayoutText {#text} at (2,0) size 46x13
          text run at (2,0) width 46: "***45***"
      LayoutBlockFlow {OPTION} at (0,14.19) size 49.30x14.19
        LayoutInline {<pseudo:before>} at (0,0) size 14x13
          LayoutTextFragment (anonymous) at (2,0) size 14x13
            text run at (2,0) width 14: "    "
        LayoutText {#text} at (15,0) size 25x13
          text run at (15,0) width 25: "Four"
    LayoutBlockFlow {OPTION} at (1,57.75) size 49.30x14.19
      LayoutText {#text} at (2,0) size 16x13
        text run at (2,0) width 16: "Six"
    LayoutBlockFlow {OPTION} at (1,71.94) size 49.30x14.19
      LayoutText {#text} at (2,0) size 31x13
        text run at (2,0) width 31: "Seven"
layer at (192,50) size 48x115 clip at (193,51) size 35x113
  LayoutListBox {SELECT} at (184.30,-0.50) size 47.70x115.50 [bgcolor=#FFFFFF] [border: (1px solid #999999)]
    LayoutBlockFlow {OPTION} at (1,1) size 34.70x14.19
      LayoutText {#text} at (2,0) size 22x13
        text run at (2,0) width 22: "One"
    LayoutBlockFlow {OPTION} at (1,15.19) size 34.70x14.19
      LayoutText {#text} at (2,0) size 23x13
        text run at (2,0) width 23: "Two"
    LayoutBlockFlow {OPTION} at (1,29.38) size 34.70x14.19
      LayoutText {#text} at (2,0) size 31x13
        text run at (2,0) width 31: "Three"
    LayoutBlockFlow {OPTION} at (1,43.56) size 34.70x14.19
      LayoutText {#text} at (2,0) size 31x13
        text run at (2,0) width 31: "Seven"
layer at (244,50) size 48x115 clip at (245,51) size 35x113
  LayoutListBox {SELECT} at (236,-0.50) size 47.70x115.50 [bgcolor=#FFFFFF] [border: (1px solid #999999)]
    LayoutBlockFlow {OPTION} at (1,1) size 34.70x14.19
      LayoutText {#text} at (2,0) size 22x13
        text run at (2,0) width 22: "One"
    LayoutBlockFlow {OPTION} at (1,15.19) size 34.70x14.19
      LayoutText {#text} at (2,0) size 23x13
        text run at (2,0) width 23: "Two"
    LayoutBlockFlow {OPTION} at (1,29.38) size 34.70x14.19
      LayoutText {#text} at (2,0) size 31x13
        text run at (2,0) width 31: "Three"
    LayoutBlockFlow {OPTION} at (1,43.56) size 34.70x14.19
      LayoutText {#text} at (2,0) size 31x13
        text run at (2,0) width 31: "Seven"
layer at (296,50) size 59x115 clip at (297,51) size 46x113
  LayoutListBox {SELECT} at (287.70,-0.50) size 59.30x115.50 [bgcolor=#FFFFFF] [border: (1px solid #999999)]
    LayoutBlockFlow {OPTION} at (1,1) size 46.30x14.19
      LayoutText {#text} at (2,0) size 22x13
        text run at (2,0) width 22: "One"
    LayoutBlockFlow {OPTION} at (1,15.19) size 46.30x14.19
      LayoutText {#text} at (2,0) size 23x13
        text run at (2,0) width 23: "Two"
    LayoutBlockFlow {OPTION} at (1,29.38) size 46.30x14.19
      LayoutText {#text} at (2,0) size 31x13
        text run at (2,0) width 31: "Three"
    LayoutBlockFlow {OPTGROUP} at (1,43.56) size 46.30x56.75
      LayoutBlockFlow {DIV} at (0,0) size 46.30x14.19
        LayoutText {#text} at (2,0) size 43x13
          text run at (2,0) width 43: "**456**"
      LayoutBlockFlow {OPTION} at (0,14.19) size 46.30x14.19
        LayoutInline {<pseudo:before>} at (0,0) size 14x13
          LayoutTextFragment (anonymous) at (2,0) size 14x13
            text run at (2,0) width 14: "    "
        LayoutText {#text} at (15,0) size 25x13
          text run at (15,0) width 25: "Four"
      LayoutBlockFlow {OPTION} at (0,28.38) size 46.30x14.19
        LayoutInline {<pseudo:before>} at (0,0) size 14x13
          LayoutTextFragment (anonymous) at (2,0) size 14x13
            text run at (2,0) width 14: "    "
        LayoutText {#text} at (15,0) size 22x13
          text run at (15,0) width 22: "Five"
      LayoutBlockFlow {OPTION} at (0,42.56) size 46.30x14.19
        LayoutInline {<pseudo:before>} at (0,0) size 14x13
          LayoutTextFragment (anonymous) at (2,0) size 14x13
            text run at (2,0) width 14: "    "
        LayoutText {#text} at (15,0) size 17x13
          text run at (15,0) width 17: "Six"
    LayoutBlockFlow {OPTION} at (1,100.31) size 46.30x14.19
      LayoutText {#text} at (2,0) size 31x13
        text run at (2,0) width 31: "Seven"
