layer at (0,0) size 800x600
  LayoutView at (0,0) size 800x600
layer at (0,0) size 800x549
  LayoutBlockFlow {HTML} at (0,0) size 800x549
    LayoutBlockFlow {BODY} at (8,16) size 784x525
      LayoutBlockFlow {P} at (0,0) size 784x36
        LayoutText {#text} at (0,0) size 758x36
          text run at (0,0) width 758: "This tests that bidirectional text is correctly rendered in popup controls. The order of the text below each popup button"
          text run at (0,18) width 600: "should match the order of the select's option text, and the order of the text in the popup menu."
      LayoutBlockFlow {DL} at (0,52) size 784x168
        LayoutBlockFlow {DT} at (0,0) size 784x18
          LayoutText {#text} at (0,0) size 286x18
            text run at (0,0) width 286: "1) direction: rtl; -webkit-rtl-ordering: logical"
        LayoutBlockFlow {DD} at (40,18) size 744x38
          LayoutBlockFlow (anonymous) at (0,0) size 744x19
            LayoutMenuList {SELECT} at (0,1) size 100x18 [bgcolor=#F8F8F8] [border: (1px solid #A6A6A6)]
              LayoutBlockFlow (anonymous) at (1,1) size 98x16
                LayoutText (anonymous) at (30,1) size 60x13
                  text run at (30,1) width 42 RTL: "\x{5D0}\x{5E4}\x{5E8}\x{5E1}\x{5DE}\x{5D5}\x{5DF}"
                  text run at (71,1) width 19: "abc"
            LayoutText {#text} at (0,0) size 0x0
          LayoutBlockFlow {DIV} at (0,19) size 100x19
            LayoutText {#text} at (18,1) size 82x18
              text run at (18,1) width 60 RTL: "\x{5D0}\x{5E4}\x{5E8}\x{5E1}\x{5DE}\x{5D5}\x{5DF}"
              text run at (77,1) width 23: "abc"
        LayoutBlockFlow {DT} at (0,56) size 784x18
          LayoutText {#text} at (0,0) size 118x18
            text run at (0,0) width 118: "2) text-align: right"
        LayoutBlockFlow {DD} at (40,74) size 744x38
          LayoutBlockFlow (anonymous) at (0,0) size 744x19
            LayoutMenuList {SELECT} at (0,1) size 200x18 [bgcolor=#F8F8F8]
              LayoutBlockFlow (anonymous) at (0,0) size 200x18
                LayoutText (anonymous) at (8,2) size 60x13
                  text run at (8,2) width 19: "abc"
                  text run at (26,2) width 42 RTL: "\x{5D0}\x{5E4}\x{5E8}\x{5E1}\x{5DE}\x{5D5}\x{5DF}"
            LayoutText {#text} at (0,0) size 0x0
          LayoutBlockFlow {DIV} at (0,19) size 200x19
            LayoutText {#text} at (0,1) size 82x18
              text run at (0,1) width 23: "abc"
              text run at (22,1) width 60 RTL: "\x{5D0}\x{5E4}\x{5E8}\x{5E1}\x{5DE}\x{5D5}\x{5DF}"
        LayoutBlockFlow {DT} at (0,112) size 784x18
          LayoutText {#text} at (0,0) size 72x18
            text run at (0,0) width 72: "3) No style"
        LayoutBlockFlow {DD} at (40,130) size 744x38
          LayoutBlockFlow (anonymous) at (0,0) size 744x19
            LayoutMenuList {SELECT} at (0,1) size 100x18 [bgcolor=#F8F8F8]
              LayoutBlockFlow (anonymous) at (0,0) size 100x18
                LayoutText (anonymous) at (8,2) size 60x13
                  text run at (8,2) width 19: "abc"
                  text run at (26,2) width 42 RTL: "\x{5D0}\x{5E4}\x{5E8}\x{5E1}\x{5DE}\x{5D5}\x{5DF}"
            LayoutText {#text} at (0,0) size 0x0
          LayoutBlockFlow {DIV} at (0,19) size 100x19
            LayoutText {#text} at (0,1) size 82x18
              text run at (0,1) width 23: "abc"
              text run at (22,1) width 60 RTL: "\x{5D0}\x{5E4}\x{5E8}\x{5E1}\x{5DE}\x{5D5}\x{5DF}"
      LayoutBlockFlow {DIV} at (0,246) size 784x55
        LayoutBlockFlow (anonymous) at (0,0) size 784x18
          LayoutText {#text} at (0,0) size 632x18
            text run at (0,0) width 632: "The following line and the SELECT element should have same text, and no characters are lacking."
        LayoutBlockFlow {DIV} at (0,18) size 784x18
          LayoutText {#text} at (0,0) size 102x16
            text run at (0,0) width 102 RTL: "\x{627}\x{644}\x{627}\x{642}\x{62A}\x{631}\x{627}\x{62D}\x{627}\x{62A} / \x{627}\x{644}\x{634}\x{643}\x{627}\x{648}\x{64A}"
        LayoutBlockFlow (anonymous) at (0,36) size 784x19
          LayoutMenuList {SELECT} at (0,1) size 118x18 [bgcolor=#F8F8F8]
            LayoutBlockFlow (anonymous) at (0,0) size 118x21
              LayoutText (anonymous) at (8,2) size 87x13
                text run at (8,2) width 87 RTL: "\x{627}\x{644}\x{627}\x{642}\x{62A}\x{631}\x{627}\x{62D}\x{627}\x{62A} / \x{627}\x{644}\x{634}\x{643}\x{627}\x{648}\x{64A}"
          LayoutText {#text} at (0,0) size 0x0
      LayoutBlockFlow {P} at (0,327) size 784x18
        LayoutText {#text} at (0,0) size 709x18
          text run at (0,0) width 709: "Verify that the alignment and writing direction of each selected item matches the one below the pop-up button."
layer at (8,252) size 784x2 clip at (0,0) size 0x0
  LayoutBlockFlow {HR} at (0,236) size 784x2 [border: (1px inset #EEEEEE)]
layer at (8,325) size 784x2 clip at (0,0) size 0x0
  LayoutBlockFlow {HR} at (0,309) size 784x2 [border: (1px inset #EEEEEE)]
layer at (8,377) size 784x164
  LayoutBlockFlow {DIV} at (0,361) size 784x164
    LayoutMultiColumnSet (anonymous) at (0,0) size 784x164
layer at (8,377) size 384x328 backgroundClip at (0,0) size 800x600 clip at (0,0) size 800x600
  LayoutMultiColumnFlowThread (anonymous) at (0,0) size 384x328
    LayoutBlockFlow {DIV} at (0,0) size 384x164
      LayoutMenuList {SELECT} at (0,0) size 350x23 [bgcolor=#F8F8F8] [border: (1px solid #A6A6A6)]
        LayoutBlockFlow (anonymous) at (1,1) size 348x21
          LayoutText (anonymous) at (8,1) size 200x18
            text run at (8,1) width 39: "First "
            text run at (46,1) width 60 RTL: ") \x{5E8}\x{5D1}\x{5D9}\x{5E2}\x{5D9}\x{5EA}"
            text run at (105,1) width 21: "03"
            text run at (125,1) width 46 RTL: "\x{5E9}\x{5E0}\x{5D9}\x{5D4} ("
            text run at (170,1) width 38: " fifth"
      LayoutBlockFlow {DIV} at (0,23) size 352x18
        LayoutText {#text} at (1,1) size 163x16
          text run at (1,1) width 32: "First "
          text run at (32,1) width 48 RTL: ") \x{5E8}\x{5D1}\x{5D9}\x{5E2}\x{5D9}\x{5EA}"
          text run at (80,1) width 17: "03"
          text run at (96,1) width 37 RTL: "\x{5E9}\x{5E0}\x{5D9}\x{5D4} ("
          text run at (132,1) width 32: " fifth"
      LayoutMenuList {SELECT} at (0,41) size 350x23 [bgcolor=#F8F8F8] [border: (1px solid #A6A6A6)]
        LayoutBlockFlow (anonymous) at (1,1) size 348x21
          LayoutText (anonymous) at (8,1) size 200x18
            text run at (8,1) width 33: "fifth"
            text run at (40,1) width 64 RTL: ") \x{5E8}\x{5D1}\x{5D9}\x{5E2}\x{5D9}\x{5EA} "
            text run at (103,1) width 21: "03"
            text run at (123,1) width 51 RTL: " \x{5E9}\x{5E0}\x{5D9}\x{5D4} ("
            text run at (173,1) width 35: "First"
      LayoutBlockFlow {DIV} at (0,64) size 352x18
        LayoutText {#text} at (1,1) size 163x16
          text run at (1,1) width 27: "fifth"
          text run at (27,1) width 52 RTL: ") \x{5E8}\x{5D1}\x{5D9}\x{5E2}\x{5D9}\x{5EA} "
          text run at (78,1) width 17: "03"
          text run at (94,1) width 42 RTL: " \x{5E9}\x{5E0}\x{5D9}\x{5D4} ("
          text run at (135,1) width 29: "First"
      LayoutMenuList {SELECT} at (0,82) size 350x23 [bgcolor=#F8F8F8] [border: (1px solid #A6A6A6)]
        LayoutBlockFlow (anonymous) at (1,1) size 348x21
          LayoutText (anonymous) at (8,1) size 200x18
            text run at (8,1) width 200 LTR override: "First \x{5E9}\x{5E0}\x{5D9}\x{5D4} (03) \x{5E8}\x{5D1}\x{5D9}\x{5E2}\x{5D9}\x{5EA} fifth"
      LayoutBlockFlow {DIV} at (0,105) size 352x18
        LayoutText {#text} at (1,1) size 163x16
          text run at (1,1) width 163 LTR override: "First \x{5E9}\x{5E0}\x{5D9}\x{5D4} (03) \x{5E8}\x{5D1}\x{5D9}\x{5E2}\x{5D9}\x{5EA} fifth"
      LayoutMenuList {SELECT} at (0,123) size 350x23 [bgcolor=#F8F8F8] [border: (1px solid #A6A6A6)]
        LayoutBlockFlow (anonymous) at (1,1) size 348x21
          LayoutText (anonymous) at (8,1) size 200x18
            text run at (8,1) width 200 RTL override: "First \x{5E9}\x{5E0}\x{5D9}\x{5D4} (03) \x{5E8}\x{5D1}\x{5D9}\x{5E2}\x{5D9}\x{5EA} fifth"
      LayoutBlockFlow {DIV} at (0,146) size 352x18
        LayoutText {#text} at (1,1) size 163x16
          text run at (1,1) width 163 RTL override: "First \x{5E9}\x{5E0}\x{5D9}\x{5D4} (03) \x{5E8}\x{5D1}\x{5D9}\x{5E2}\x{5D9}\x{5EA} fifth"
    LayoutBlockFlow {DIV} at (0,164) size 384x164
      LayoutMenuList {SELECT} at (0,0) size 350x23 [bgcolor=#F8F8F8] [border: (1px solid #A6A6A6)]
        LayoutBlockFlow (anonymous) at (1,1) size 348x21
          LayoutText (anonymous) at (140,1) size 200x18
            text run at (140,1) width 40: "First "
            text run at (179,1) width 59 RTL: ") \x{5E8}\x{5D1}\x{5D9}\x{5E2}\x{5D9}\x{5EA}"
            text run at (237,1) width 22: "03"
            text run at (258,1) width 45 RTL: "\x{5E9}\x{5E0}\x{5D9}\x{5D4} ("
            text run at (302,1) width 38: " fifth"
      LayoutBlockFlow {DIV} at (0,23) size 352x18
        LayoutText {#text} at (188,1) size 163x16
          text run at (188,1) width 33: "First "
          text run at (220,1) width 48 RTL: ") \x{5E8}\x{5D1}\x{5D9}\x{5E2}\x{5D9}\x{5EA}"
          text run at (267,1) width 18: "03"
          text run at (284,1) width 37 RTL: "\x{5E9}\x{5E0}\x{5D9}\x{5D4} ("
          text run at (320,1) width 31: " fifth"
      LayoutMenuList {SELECT} at (0,41) size 350x23 [bgcolor=#F8F8F8] [border: (1px solid #A6A6A6)]
        LayoutBlockFlow (anonymous) at (1,1) size 348x21
          LayoutText (anonymous) at (140,1) size 200x18
            text run at (140,1) width 33: "fifth"
            text run at (172,1) width 65 RTL: ") \x{5E8}\x{5D1}\x{5D9}\x{5E2}\x{5D9}\x{5EA} "
            text run at (236,1) width 21: "03"
            text run at (256,1) width 51 RTL: " \x{5E9}\x{5E0}\x{5D9}\x{5D4} ("
            text run at (306,1) width 34: "First"
      LayoutBlockFlow {DIV} at (0,64) size 352x18
        LayoutText {#text} at (188,1) size 163x16
          text run at (188,1) width 28: "fifth"
          text run at (215,1) width 52 RTL: ") \x{5E8}\x{5D1}\x{5D9}\x{5E2}\x{5D9}\x{5EA} "
          text run at (266,1) width 17: "03"
          text run at (282,1) width 42 RTL: " \x{5E9}\x{5E0}\x{5D9}\x{5D4} ("
          text run at (323,1) width 28: "First"
      LayoutMenuList {SELECT} at (0,82) size 350x23 [bgcolor=#F8F8F8] [border: (1px solid #A6A6A6)]
        LayoutBlockFlow (anonymous) at (1,1) size 348x21
          LayoutText (anonymous) at (140,1) size 200x18
            text run at (140,1) width 200 LTR override: "First \x{5E9}\x{5E0}\x{5D9}\x{5D4} (03) \x{5E8}\x{5D1}\x{5D9}\x{5E2}\x{5D9}\x{5EA} fifth"
      LayoutBlockFlow {DIV} at (0,105) size 352x18
        LayoutText {#text} at (188,1) size 163x16
          text run at (188,1) width 163 LTR override: "First \x{5E9}\x{5E0}\x{5D9}\x{5D4} (03) \x{5E8}\x{5D1}\x{5D9}\x{5E2}\x{5D9}\x{5EA} fifth"
      LayoutMenuList {SELECT} at (0,123) size 350x23 [bgcolor=#F8F8F8] [border: (1px solid #A6A6A6)]
        LayoutBlockFlow (anonymous) at (1,1) size 348x21
          LayoutText (anonymous) at (140,1) size 200x18
            text run at (140,1) width 200 RTL override: "First \x{5E9}\x{5E0}\x{5D9}\x{5D4} (03) \x{5E8}\x{5D1}\x{5D9}\x{5E2}\x{5D9}\x{5EA} fifth"
      LayoutBlockFlow {DIV} at (0,146) size 352x18
        LayoutText {#text} at (188,1) size 163x16
          text run at (188,1) width 163 RTL override: "First \x{5E9}\x{5E0}\x{5D9}\x{5D4} (03) \x{5E8}\x{5D1}\x{5D9}\x{5E2}\x{5D9}\x{5EA} fifth"
