layer at (0,0) size 800x600
  LayoutView at (0,0) size 800x600
layer at (0,0) size 800x600
  LayoutBlockFlow {HTML} at (0,0) size 800x600
    LayoutBlockFlow {BODY} at (8,8) size 784x584
      LayoutText {#text} at (0,0) size 474x18
        text run at (0,0) width 474: "This tests that empty select controls and buttons have the correct baseline."
      LayoutBR {BR} at (473,14) size 1x0
      LayoutMenuList {SELECT} at (0,20) size 36x18 [bgcolor=#F8F8F8]
        LayoutBlockFlow (anonymous) at (0,0) size 36x18
          LayoutText (anonymous) at (8,2) size 4x13
            text run at (8,2) width 4: " "
      LayoutText {#text} at (36,19) size 31x18
        text run at (36,19) width 31: " test "
      LayoutMenuList {SELECT} at (66.22,20) size 51x18 [bgcolor=#F8F8F8]
        LayoutBlockFlow (anonymous) at (0,0) size 51x18
          LayoutText (anonymous) at (8,2) size 20x13
            text run at (8,2) width 20: "test"
      LayoutText {#text} at (117,19) size 5x18
        text run at (117,19) width 5: " "
      LayoutMenuList {SELECT} at (121.22,20) size 28x18 [color=#00008B] [bgcolor=#ADD8E6] [border: (1px solid #A6A6A6)]
        LayoutBlockFlow (anonymous) at (1,1) size 26x16
          LayoutText (anonymous) at (8,1) size 4x13
            text run at (8,1) width 4: " "
      LayoutText {#text} at (149,19) size 31x18
        text run at (149,19) width 31: " test "
      LayoutMenuList {SELECT} at (179.44,20) size 43x18 [color=#00008B] [bgcolor=#ADD8E6] [border: (1px solid #A6A6A6)]
        LayoutBlockFlow (anonymous) at (1,1) size 41x16
          LayoutText (anonymous) at (8,1) size 20x13
            text run at (8,1) width 20: "test"
      LayoutText {#text} at (222,19) size 5x18
        text run at (222,19) width 5: " "
      LayoutButton {BUTTON} at (226.44,21) size 16x15 [bgcolor=#FFFFFF] [border: none (2px solid #D1D1D1) none (2px solid #D1D1D1)]
      LayoutText {#text} at (242,19) size 5x18
        text run at (242,19) width 5: " "
      LayoutButton {BUTTON} at (246.44,20) size 35.97x18 [bgcolor=#FFFFFF] [border: none (2px solid #D1D1D1) none (2px solid #D1D1D1)]
        LayoutBlockFlow (anonymous) at (8,2) size 19.97x13
          LayoutText {#text} at (0,0) size 20x13
            text run at (0,0) width 20: "test"
      LayoutText {#text} at (282,19) size 5x18
        text run at (282,19) width 5: " "
      LayoutButton {BUTTON} at (286.41,29) size 16x9 [color=#00008B] [bgcolor=#ADD8E6] [border: (2px solid #D8D8D8) (2px solid #D1D1D1) (2px solid #BABABA) (2px solid #D1D1D1)]
      LayoutText {#text} at (302,19) size 5x18
        text run at (302,19) width 5: " "
      LayoutButton {BUTTON} at (306.41,18) size 35.97x22 [color=#00008B] [bgcolor=#ADD8E6] [border: (2px solid #D8D8D8) (2px solid #D1D1D1) (2px solid #BABABA) (2px solid #D1D1D1)]
        LayoutBlockFlow (anonymous) at (8,4) size 19.97x13
          LayoutText {#text} at (0,0) size 20x13
            text run at (0,0) width 20: "test"
      LayoutText {#text} at (0,0) size 0x0
