layer at (0,0) size 800x600
  LayoutView at (0,0) size 800x600
layer at (0,0) size 800x600
  LayoutBlockFlow {HTML} at (0,0) size 800x600
    LayoutBlockFlow {BODY} at (8,8) size 784x584
      LayoutBlockFlow {P} at (0,0) size 784x18
        LayoutText {#text} at (0,0) size 590x18
          text run at (0,0) width 590: "The following select elements should all be rendered on the left, with their text left justified."
      LayoutBlockFlow (anonymous) at (0,34) size 784x94
        LayoutMenuList {SELECT} at (0,1) size 300x18 [bgcolor=#F8F8F8]
          LayoutBlockFlow (anonymous) at (0,0) size 300x18
            LayoutText (anonymous) at (8,2) size 163x13
              text run at (8,2) width 163: "This is should be left justified."
        LayoutText {#text} at (300,0) size 4x18
          text run at (300,0) width 4: " "
        LayoutBR {BR} at (0,0) size 0x0
        LayoutMenuList {SELECT} at (0,20) size 300x18 [bgcolor=#F8F8F8]
          LayoutBlockFlow (anonymous) at (0,0) size 300x18
            LayoutText (anonymous) at (8,2) size 163x13
              text run at (8,2) width 163: "This is should be left justified."
        LayoutText {#text} at (300,19) size 4x18
          text run at (300,19) width 4: " "
        LayoutBR {BR} at (0,0) size 0x0
        LayoutMenuList {SELECT} at (0,39) size 300x18 [bgcolor=#F8F8F8]
          LayoutBlockFlow (anonymous) at (0,0) size 300x18
            LayoutText (anonymous) at (8,2) size 163x13
              text run at (8,2) width 163: "This is should be left justified."
        LayoutText {#text} at (300,38) size 4x18
          text run at (300,38) width 4: " "
        LayoutBR {BR} at (0,0) size 0x0
        LayoutMenuList {SELECT} at (0,58) size 300x18 [bgcolor=#F8F8F8]
          LayoutBlockFlow (anonymous) at (0,0) size 300x18
            LayoutText (anonymous) at (8,2) size 163x13
              text run at (8,2) width 163: "This is should be left justified."
        LayoutText {#text} at (300,57) size 4x18
          text run at (300,57) width 4: " "
        LayoutBR {BR} at (0,0) size 0x0
        LayoutMenuList {SELECT} at (0,76) size 300x18 [bgcolor=#F8F8F8]
          LayoutBlockFlow (anonymous) at (0,0) size 300x18
            LayoutText (anonymous) at (8,2) size 163x13
              text run at (8,2) width 163: "This is should be left justified."
        LayoutText {#text} at (0,0) size 0x0
      LayoutBlockFlow {DIV} at (0,128) size 784x18
        LayoutMenuList {SELECT} at (0,0) size 300x18 [bgcolor=#F8F8F8]
          LayoutBlockFlow (anonymous) at (0,0) size 300x18
            LayoutText (anonymous) at (8,2) size 163x13
              text run at (8,2) width 163: "This is should be left justified."
