layer at (0,0) size 800x600
  LayoutView at (0,0) size 800x600
layer at (0,0) size 800x600
  LayoutNGBlockFlow {HTML} at (0,0) size 800x600
    LayoutNGBlockFlow {BODY} at (8,8) size 784x584
      LayoutNGBlockFlow {DIV} at (0,0) size 784x96
        LayoutNGBlockFlow {P} at (0,0) size 784x20
          LayoutText {#text} at (0,0) size 26x19
            text run at (0,0) width 26: "For "
          LayoutInline {A} at (0,0) size 71x19 [color=#0000EE]
            LayoutText {#text} at (26,0) size 71x19
              text run at (26,0) width 71: "Bug 32123"
          LayoutText {#text} at (97,0) size 312x19
            text run at (97,0) width 312: ". Hightlight for Selection should fit the target line."
        LayoutNGBlockFlow (anonymous) at (0,36) size 784x20
          LayoutInline {SPAN} at (0,0) size 7x19
            LayoutText {#text} at (0,0) size 7x19
              text run at (0,0) width 7: "a"
        LayoutNGBlockFlow {DIV} at (0,56) size 784x20
          LayoutText {#text} at (0,0) size 130x19
            text run at (0,0) width 130: "should just select me"
        LayoutNGBlockFlow (anonymous) at (0,76) size 784x20
          LayoutInline {SPAN} at (0,0) size 7x19
            LayoutText {#text} at (0,0) size 7x19
              text run at (0,0) width 7: "c"
          LayoutText {#text} at (0,0) size 0x0
selection start: position 1 of child 0 {#text} of child 3 {SPAN} of child 1 {DIV} of body
selection end:   position 0 of child 5 {SPAN} of child 1 {DIV} of body
