layer at (0,0) size 800x600
  LayoutView at (0,0) size 800x600
layer at (0,0) size 800x82
  LayoutNGBlockFlow {HTML} at (0,0) size 800x82
    LayoutNGBlockFlow {BODY} at (8,16) size 784x58
      LayoutNGBlockFlow {P} at (0,0) size 784x20
        LayoutText {#text} at (0,0) size 374x19
          text run at (0,0) width 374: "crbug.com/634445: Select all text in mixed ltr-rtl in ltr flow."
      LayoutNGBlockFlow {DL} at (200,36) size 384x22
layer at (248,52) size 344x22 scrollWidth 438
  LayoutNGBlockFlow {DD} at (40,0) size 344x22
    LayoutText {#text} at (0,0) size 342x21
      text run at (0,0) width 56: "Lorem "
      text run at (56,0) width 267: "\x{5D0} \x{5DB}\x{5D9}\x{5E0}\x{5D5}\x{5D9} \x{5DC}\x{5D8}\x{5E7}\x{5E1}\x{5D8} \x{5D7}\x{5E1}\x{5E8} \x{5DE}\x{5E9}\x{5DE}\x{5E2}\x{5D5}\x{5EA} \x{5DC}\x{5D7}\x{5DC}\x{5D5}\x{5D8}\x{5D9}\x{5DF}"
      text run at (323,0) width 19: "\x{2026}"
selection start: position 0 of child 0 {#text} of child 1 {DD} of child 2 {DL} of body
selection end:   position 52 of child 0 {#text} of child 1 {DD} of child 2 {DL} of body
