layer at (0,0) size 800x600
  LayoutView at (0,0) size 800x600
layer at (0,0) size 800x138
  LayoutBlockFlow {HTML} at (0,0) size 800x138
    LayoutBlockFlow {BODY} at (0,0) size 800x137
      LayoutBlockFlow {DIV} at (0,0) size 600x36
        LayoutText {#text} at (0,0) size 249x14
          text run at (0,0) width 249: "Table autosizing tests - lots-of-text-many-cells.html"
        LayoutBR {BR} at (248,0) size 1x14
        LayoutText {#text} at (0,15) size 251x14
          text run at (0,15) width 251: "This test passes if none of the 18 cells are autosized."
      LayoutTable {TABLE} at (1,37) size 798x100 [border: none]
        LayoutTableSection {TBODY} at (0,0) size 797x99
          LayoutTableRow {TR} at (0,0) size 797x33
            LayoutTableCell {TD} at (0,7) size 132x18 [bgcolor=#F0FFF0] [border: (1px dotted #006400)] [r=0 c=0 rs=1 cs=1]
              LayoutText {#text} at (2,2) size 24x14
                text run at (2,2) width 24: "hello"
            LayoutTableCell {TD} at (132,0) size 133x33 [bgcolor=#F0FFF0] [border: (1px dotted #006400)] [r=0 c=1 rs=1 cs=1]
              LayoutText {#text} at (2,2) size 105x29
                text run at (2,2) width 105: "hello hello hello hello"
                text run at (2,17) width 78: "hello hello hello"
            LayoutTableCell {TD} at (265,0) size 133x33 [bgcolor=#F0FFF0] [border: (1px dotted #006400)] [r=0 c=2 rs=1 cs=1]
              LayoutText {#text} at (2,2) size 105x29
                text run at (2,2) width 105: "hello hello hello hello"
                text run at (2,17) width 78: "hello hello hello"
            LayoutTableCell {TD} at (398,0) size 133x33 [bgcolor=#F0FFF0] [border: (1px dotted #006400)] [r=0 c=3 rs=1 cs=1]
              LayoutText {#text} at (2,2) size 105x29
                text run at (2,2) width 105: "hello hello hello hello"
                text run at (2,17) width 78: "hello hello hello"
            LayoutTableCell {TD} at (531,0) size 133x33 [bgcolor=#F0FFF0] [border: (1px dotted #006400)] [r=0 c=4 rs=1 cs=1]
              LayoutText {#text} at (2,2) size 105x29
                text run at (2,2) width 105: "hello hello hello hello"
                text run at (2,17) width 78: "hello hello hello"
            LayoutTableCell {TD} at (664,0) size 133x33 [bgcolor=#F0FFF0] [border: (1px dotted #006400)] [r=0 c=5 rs=1 cs=1]
              LayoutText {#text} at (2,2) size 105x29
                text run at (2,2) width 105: "hello hello hello hello"
                text run at (2,17) width 78: "hello hello hello"
          LayoutTableRow {TR} at (0,33) size 797x33
            LayoutTableCell {TD} at (0,33) size 132x33 [bgcolor=#F0FFF0] [border: (1px dotted #006400)] [r=1 c=0 rs=1 cs=1]
              LayoutText {#text} at (2,2) size 105x29
                text run at (2,2) width 105: "hello hello hello hello"
                text run at (2,17) width 78: "hello hello hello"
            LayoutTableCell {TD} at (132,33) size 133x33 [bgcolor=#F0FFF0] [border: (1px dotted #006400)] [r=1 c=1 rs=1 cs=1]
              LayoutText {#text} at (2,2) size 105x29
                text run at (2,2) width 105: "hello hello hello hello"
                text run at (2,17) width 78: "hello hello hello"
            LayoutTableCell {TD} at (265,33) size 133x33 [bgcolor=#F0FFF0] [border: (1px dotted #006400)] [r=1 c=2 rs=1 cs=1]
              LayoutText {#text} at (2,2) size 105x29
                text run at (2,2) width 105: "hello hello hello hello"
                text run at (2,17) width 78: "hello hello hello"
            LayoutTableCell {TD} at (398,33) size 133x33 [bgcolor=#F0FFF0] [border: (1px dotted #006400)] [r=1 c=3 rs=1 cs=1]
              LayoutText {#text} at (2,2) size 105x29
                text run at (2,2) width 105: "hello hello hello hello"
                text run at (2,17) width 78: "hello hello hello"
            LayoutTableCell {TD} at (531,33) size 133x33 [bgcolor=#F0FFF0] [border: (1px dotted #006400)] [r=1 c=4 rs=1 cs=1]
              LayoutText {#text} at (2,2) size 105x29
                text run at (2,2) width 105: "hello hello hello hello"
                text run at (2,17) width 78: "hello hello hello"
            LayoutTableCell {TD} at (664,33) size 133x33 [bgcolor=#F0FFF0] [border: (1px dotted #006400)] [r=1 c=5 rs=1 cs=1]
              LayoutText {#text} at (2,2) size 105x29
                text run at (2,2) width 105: "hello hello hello hello"
                text run at (2,17) width 78: "hello hello hello"
          LayoutTableRow {TR} at (0,66) size 797x33
            LayoutTableCell {TD} at (0,66) size 132x33 [bgcolor=#F0FFF0] [border: (1px dotted #006400)] [r=2 c=0 rs=1 cs=1]
              LayoutText {#text} at (2,2) size 105x29
                text run at (2,2) width 105: "hello hello hello hello"
                text run at (2,17) width 78: "hello hello hello"
            LayoutTableCell {TD} at (132,66) size 133x33 [bgcolor=#F0FFF0] [border: (1px dotted #006400)] [r=2 c=1 rs=1 cs=1]
              LayoutText {#text} at (2,2) size 105x29
                text run at (2,2) width 105: "hello hello hello hello"
                text run at (2,17) width 78: "hello hello hello"
            LayoutTableCell {TD} at (265,66) size 133x33 [bgcolor=#F0FFF0] [border: (1px dotted #006400)] [r=2 c=2 rs=1 cs=1]
              LayoutText {#text} at (2,2) size 105x29
                text run at (2,2) width 105: "hello hello hello hello"
                text run at (2,17) width 78: "hello hello hello"
            LayoutTableCell {TD} at (398,66) size 133x33 [bgcolor=#F0FFF0] [border: (1px dotted #006400)] [r=2 c=3 rs=1 cs=1]
              LayoutText {#text} at (2,2) size 105x29
                text run at (2,2) width 105: "hello hello hello hello"
                text run at (2,17) width 78: "hello hello hello"
            LayoutTableCell {TD} at (531,66) size 133x33 [bgcolor=#F0FFF0] [border: (1px dotted #006400)] [r=2 c=4 rs=1 cs=1]
              LayoutText {#text} at (2,2) size 105x29
                text run at (2,2) width 105: "hello hello hello hello"
                text run at (2,17) width 78: "hello hello hello"
            LayoutTableCell {TD} at (664,66) size 133x33 [bgcolor=#F0FFF0] [border: (1px dotted #006400)] [r=2 c=5 rs=1 cs=1]
              LayoutText {#text} at (2,2) size 105x29
                text run at (2,2) width 105: "hello hello hello hello"
                text run at (2,17) width 78: "hello hello hello"
