layer at (0,0) size 800x600
  LayoutView at (0,0) size 800x600
layer at (0,0) size 800x150
  LayoutBlockFlow {HTML} at (0,0) size 800x150
    LayoutBlockFlow {BODY} at (0,0) size 800x149
      LayoutBlockFlow {DIV} at (0,0) size 600x36
        LayoutText {#text} at (0,0) size 251x14
          text run at (0,0) width 251: "Table autosizing tests - narrow-specified-width.html"
        LayoutBR {BR} at (250,0) size 1x14
        LayoutText {#text} at (0,15) size 245x14
          text run at (0,15) width 245: "This test passes if none of the 6 cells are autosized."
      LayoutTable {TABLE} at (1,37) size 200x112 [border: none]
        LayoutTableSection {TBODY} at (0,0) size 199x111
          LayoutTableRow {TR} at (0,0) size 199x18
            LayoutTableCell {TD} at (0,0) size 27x18 [bgcolor=#F0FFF0] [border: (1px dotted #006400)] [r=0 c=0 rs=1 cs=1]
              LayoutText {#text} at (2,2) size 24x14
                text run at (2,2) width 24: "hello"
            LayoutTableCell {TD} at (27,0) size 145x18 [bgcolor=#F0FFF0] [border: (1px dotted #006400)] [r=0 c=1 rs=1 cs=1]
              LayoutText {#text} at (2,2) size 24x14
                text run at (2,2) width 24: "hello"
            LayoutTableCell {TD} at (172,0) size 27x18 [bgcolor=#F0FFF0] [border: (1px dotted #006400)] [r=0 c=2 rs=1 cs=1]
              LayoutText {#text} at (2,2) size 24x14
                text run at (2,2) width 24: "hello"
          LayoutTableRow {TR} at (0,18) size 199x93
            LayoutTableCell {TD} at (0,55) size 27x18 [bgcolor=#F0FFF0] [border: (1px dotted #006400)] [r=1 c=0 rs=1 cs=1]
              LayoutText {#text} at (2,2) size 24x14
                text run at (2,2) width 24: "hello"
            LayoutTableCell {TD} at (27,18) size 145x93 [bgcolor=#F0FFF0] [border: (1px dotted #006400)] [r=1 c=1 rs=1 cs=1]
              LayoutText {#text} at (2,2) size 132x89
                text run at (2,2) width 132: "hello hello hello hello hello"
                text run at (2,17) width 132: "hello hello hello hello hello"
                text run at (2,32) width 132: "hello hello hello hello hello"
                text run at (2,47) width 132: "hello hello hello hello hello"
                text run at (2,62) width 132: "hello hello hello hello hello"
                text run at (2,77) width 24: "hello"
            LayoutTableCell {TD} at (172,55) size 27x18 [bgcolor=#F0FFF0] [border: (1px dotted #006400)] [r=1 c=2 rs=1 cs=1]
              LayoutText {#text} at (2,2) size 24x14
                text run at (2,2) width 24: "hello"
