layer at (0,0) size 800x600 scrollHeight 1794
  LayoutView at (0,0) size 800x600
layer at (0,0) size 800x1794 backgroundClip at (0,0) size 800x600 clip at (0,0) size 800x600
  LayoutBlockFlow {HTML} at (0,0) size 800x1794
    LayoutBlockFlow {BODY} at (0,0) size 800x1793
      LayoutBlockFlow {DIV} at (0,0) size 600x36
        LayoutText {#text} at (0,0) size 317x14
          text run at (0,0) width 317: "Table autosizing tests - single-percent-width-cell-lots-of-text.html"
        LayoutBR {BR} at (316,0) size 1x14
        LayoutText {#text} at (0,15) size 506x14
          text run at (0,15) width 506: "This test passes if there is a one cell with lots of text that's autosized, and five cells that are not autosized."
      LayoutTable {TABLE} at (1,37) size 798x1756 [border: none]
        LayoutTableSection {TBODY} at (0,0) size 797x1755
          LayoutTableRow {TR} at (0,0) size 797x18
            LayoutTableCell {TD} at (0,0) size 279x18 [bgcolor=#F0FFF0] [border: (1px dotted #006400)] [r=0 c=0 rs=1 cs=1]
              LayoutText {#text} at (2,2) size 24x14
                text run at (2,2) width 24: "hello"
            LayoutTableCell {TD} at (279,0) size 239x18 [bgcolor=#F0FFF0] [border: (1px dotted #006400)] [r=0 c=1 rs=1 cs=1]
              LayoutText {#text} at (2,2) size 24x14
                text run at (2,2) width 24: "hello"
            LayoutTableCell {TD} at (518,0) size 279x18 [bgcolor=#F0FFF0] [border: (1px dotted #006400)] [r=0 c=2 rs=1 cs=1]
              LayoutText {#text} at (2,2) size 24x14
                text run at (2,2) width 24: "hello"
          LayoutTableRow {TR} at (0,18) size 797x1737
            LayoutTableCell {TD} at (0,877) size 279x18 [bgcolor=#F0FFF0] [border: (1px dotted #006400)] [r=1 c=0 rs=1 cs=1]
              LayoutText {#text} at (2,2) size 24x14
                text run at (2,2) width 24: "hello"
            LayoutTableCell {TD} at (279,18) size 239x1737 [bgcolor=#F0FFF0] [border: (1px dotted #006400)] [r=1 c=1 rs=1 cs=1]
              LayoutText {#text} at (2,2) size 195x1733
                text run at (2,2) width 195: "hello hello hello"
                text run at (2,36) width 195: "hello hello hello"
                text run at (2,70) width 195: "hello hello hello"
                text run at (2,104) width 195: "hello hello hello"
                text run at (2,138) width 195: "hello hello hello"
                text run at (2,172) width 195: "hello hello hello"
                text run at (2,206) width 195: "hello hello hello"
                text run at (2,240) width 195: "hello hello hello"
                text run at (2,274) width 195: "hello hello hello"
                text run at (2,308) width 195: "hello hello hello"
                text run at (2,342) width 195: "hello hello hello"
                text run at (2,376) width 195: "hello hello hello"
                text run at (2,410) width 195: "hello hello hello"
                text run at (2,444) width 195: "hello hello hello"
                text run at (2,478) width 195: "hello hello hello"
                text run at (2,512) width 195: "hello hello hello"
                text run at (2,546) width 195: "hello hello hello"
                text run at (2,580) width 195: "hello hello hello"
                text run at (2,614) width 195: "hello hello hello"
                text run at (2,648) width 195: "hello hello hello"
                text run at (2,682) width 195: "hello hello hello"
                text run at (2,716) width 195: "hello hello hello"
                text run at (2,750) width 195: "hello hello hello"
                text run at (2,784) width 195: "hello hello hello"
                text run at (2,818) width 195: "hello hello hello"
                text run at (2,852) width 195: "hello hello hello"
                text run at (2,886) width 195: "hello hello hello"
                text run at (2,920) width 195: "hello hello hello"
                text run at (2,954) width 195: "hello hello hello"
                text run at (2,988) width 195: "hello hello hello"
                text run at (2,1022) width 195: "hello hello hello"
                text run at (2,1056) width 195: "hello hello hello"
                text run at (2,1090) width 195: "hello hello hello"
                text run at (2,1124) width 195: "hello hello hello"
                text run at (2,1158) width 195: "hello hello hello"
                text run at (2,1192) width 195: "hello hello hello"
                text run at (2,1226) width 195: "hello hello hello"
                text run at (2,1260) width 195: "hello hello hello"
                text run at (2,1294) width 195: "hello hello hello"
                text run at (2,1328) width 195: "hello hello hello"
                text run at (2,1362) width 195: "hello hello hello"
                text run at (2,1396) width 195: "hello hello hello"
                text run at (2,1430) width 195: "hello hello hello"
                text run at (2,1464) width 195: "hello hello hello"
                text run at (2,1498) width 195: "hello hello hello"
                text run at (2,1532) width 195: "hello hello hello"
                text run at (2,1566) width 195: "hello hello hello"
                text run at (2,1600) width 195: "hello hello hello"
                text run at (2,1634) width 195: "hello hello hello"
                text run at (2,1668) width 195: "hello hello hello"
                text run at (2,1702) width 128: "hello hello"
            LayoutTableCell {TD} at (518,877) size 279x18 [bgcolor=#F0FFF0] [border: (1px dotted #006400)] [r=1 c=2 rs=1 cs=1]
              LayoutText {#text} at (2,2) size 24x14
                text run at (2,2) width 24: "hello"
