layer at (0,0) size 800x600
  LayoutView at (0,0) size 800x600
layer at (0,0) size 800x240
  LayoutBlockFlow {HTML} at (0,0) size 800x240
    LayoutBlockFlow {BODY} at (0,0) size 500x239
      LayoutBlockFlow {DIV} at (0,0) size 600x36
        LayoutText {#text} at (0,0) size 228x14
          text run at (0,0) width 228: "Table autosizing tests - table-cell-inflation.html"
        LayoutBR {BR} at (227,0) size 1x14
        LayoutText {#text} at (0,15) size 363x14
          text run at (0,15) width 363: "This test passes if there are no numbers overflowing outside this green box."
      LayoutTable {TABLE} at (1,37) size 722x202 [border: none]
        LayoutTableSection {TBODY} at (0,0) size 721x201
          LayoutTableRow {TR} at (0,0) size 721x201
            LayoutTableCell {TD} at (0,0) size 721x201 [bgcolor=#F0FFF0] [border: (1px dotted #006400)] [r=0 c=0 rs=1 cs=1]
              LayoutText {#text} at (2,2) size 443x21
                text run at (2,2) width 443: "The pi approximation below should not overrun this block."
              LayoutBR {BR} at (444,2) size 1x21
              LayoutText {#text} at (2,24) size 718x21
                text run at (2,24) width 718: "3.141592653589793238462643383279502884197169399375105820974944592307816406286"
              LayoutBR {BR} at (719,24) size 1x21
              LayoutText {#text} at (2,46) size 713x153
                text run at (2,46) width 713: "hello hello hello hello hello hello hello hello hello hello hello hello hello hello hello hello hello"
                text run at (2,68) width 713: "hello hello hello hello hello hello hello hello hello hello hello hello hello hello hello hello hello"
                text run at (2,90) width 713: "hello hello hello hello hello hello hello hello hello hello hello hello hello hello hello hello hello"
                text run at (2,112) width 713: "hello hello hello hello hello hello hello hello hello hello hello hello hello hello hello hello hello"
                text run at (2,134) width 713: "hello hello hello hello hello hello hello hello hello hello hello hello hello hello hello hello hello"
                text run at (2,156) width 713: "hello hello hello hello hello hello hello hello hello hello hello hello hello hello hello hello hello"
                text run at (2,178) width 249: "hello hello hello hello hello hello"
