layer at (0,0) size 800x600
  LayoutView at (0,0) size 800x600
layer at (0,0) size 800x400
  LayoutBlockFlow {HTML} at (0,0) size 800x400
    LayoutBlockFlow {BODY} at (0,0) size 800x399
      LayoutBlockFlow {DIV} at (0,0) size 600x36
        LayoutText {#text} at (0,0) size 214x14
          text run at (0,0) width 214: "Table autosizing tests - table-for-layout.html"
        LayoutBR {BR} at (213,0) size 1x14
        LayoutText {#text} at (0,15) size 254x14
          text run at (0,15) width 254: "This test passes if the main content area is autosized."
      LayoutTable {TABLE} at (1,37) size 798x362 [border: none]
        LayoutTableSection {TBODY} at (0,0) size 797x361
          LayoutTableRow {TR} at (0,0) size 797x18
            LayoutTableCell {TD} at (0,0) size 797x18 [bgcolor=#F0FFF0] [border: (1px dotted #006400)] [r=0 c=0 rs=1 cs=2]
              LayoutText {#text} at (2,2) size 23x14
                text run at (2,2) width 23: "Title"
          LayoutTableRow {TR} at (0,18) size 797x343
            LayoutTableCell {TD} at (0,128) size 54x123 [bgcolor=#F0FFF0] [border: (1px dotted #006400)] [r=1 c=0 rs=1 cs=1]
              LayoutText {#text} at (2,2) size 24x14
                text run at (2,2) width 24: "hello"
              LayoutBR {BR} at (25,2) size 1x14
              LayoutText {#text} at (2,17) size 51x14
                text run at (2,17) width 51: "navigation"
              LayoutBR {BR} at (52,17) size 1x14
              LayoutText {#text} at (2,32) size 51x14
                text run at (2,32) width 51: "navigation"
              LayoutBR {BR} at (52,32) size 1x14
              LayoutText {#text} at (2,47) size 51x14
                text run at (2,47) width 51: "navigation"
              LayoutBR {BR} at (52,47) size 1x14
              LayoutText {#text} at (2,62) size 51x14
                text run at (2,62) width 51: "navigation"
              LayoutBR {BR} at (52,62) size 1x14
              LayoutText {#text} at (2,77) size 51x14
                text run at (2,77) width 51: "navigation"
              LayoutBR {BR} at (52,77) size 1x14
              LayoutText {#text} at (2,92) size 51x14
                text run at (2,92) width 51: "navigation"
              LayoutBR {BR} at (52,92) size 1x14
              LayoutText {#text} at (2,107) size 51x14
                text run at (2,107) width 51: "navigation"
              LayoutBR {BR} at (52,107) size 1x14
            LayoutTableCell {TD} at (54,18) size 743x343 [bgcolor=#F0FFF0] [border: (1px dotted #006400)] [r=1 c=1 rs=1 cs=1]
              LayoutText {#text} at (2,2) size 735x339
                text run at (2,2) width 735: "hello hello hello hello hello hello hello hello hello hello hello"
                text run at (2,36) width 735: "hello hello hello hello hello hello hello hello hello hello hello"
                text run at (2,70) width 735: "hello hello hello hello hello hello hello hello hello hello hello"
                text run at (2,104) width 735: "hello hello hello hello hello hello hello hello hello hello hello"
                text run at (2,138) width 735: "hello hello hello hello hello hello hello hello hello hello hello"
                text run at (2,172) width 735: "hello hello hello hello hello hello hello hello hello hello hello"
                text run at (2,206) width 735: "hello hello hello hello hello hello hello hello hello hello hello"
                text run at (2,240) width 735: "hello hello hello hello hello hello hello hello hello hello hello"
                text run at (2,274) width 735: "hello hello hello hello hello hello hello hello hello hello hello"
                text run at (2,308) width 330: "hello hello hello hello hello"
