EDITING DELEGATE: webViewDidChangeSelection:WebViewDidChangeSelectionNotification
EDITING DELEGATE: webViewDidChangeSelection:WebViewDidChangeSelectionNotification
EDITING DELEGATE: webViewDidChangeSelection:WebViewDidChangeSelectionNotification
EDITING DELEGATE: webViewDidChangeSelection:WebViewDidChangeSelectionNotification
EDITING DELEGATE: webViewDidChange:WebViewDidChangeNotification
layer at (0,0) size 800x600
  LayoutView at (0,0) size 800x600
layer at (0,0) size 800x600
  LayoutBlockFlow {HTML} at (0,0) size 800x600
    LayoutBlockFlow {BODY} at (8,8) size 784x584
      LayoutBlockFlow {P} at (0,0) size 784x40
        LayoutText {#text} at (0,0) size 783x39
          text run at (0,0) width 783: "This tests deletion of an empty line which is a <br> element just after a <div> element. If the deletion is successful, the result should"
          text run at (0,20) width 617: "have two lines, and the insertion point should be at the start of the second line, just before the letter \"b\"."
      LayoutBlockFlow {DIV} at (0,56) size 784x40
        LayoutBlockFlow {DIV} at (0,0) size 784x20
          LayoutText {#text} at (0,0) size 7x19
            text run at (0,0) width 7: "a"
        LayoutBlockFlow {DIV} at (0,20) size 784x20
          LayoutText {#text} at (0,0) size 8x19
            text run at (0,0) width 8: "b"
caret: position 0 of child 0 {#text} of child 2 {DIV} of child 3 {DIV} of body
