EDITING DELEGATE: webViewDidChangeSelection:WebViewDidChangeSelectionNotification
EDITING DELEGATE: webViewDidChangeSelection:WebViewDidChangeSelectionNotification
EDITING DELEGATE: webViewDidChangeSelection:WebViewDidChangeSelectionNotification
EDITING DELEGATE: webViewDidChange:WebViewDidChangeNotification
layer at (0,0) size 800x600
  LayoutView at (0,0) size 800x600
layer at (0,0) size 800x600
  LayoutBlockFlow {HTML} at (0,0) size 800x600
    LayoutBlockFlow {BODY} at (8,8) size 784x584
      LayoutBlockFlow {P} at (0,0) size 784x60
        LayoutText {#text} at (0,0) size 748x59
          text run at (0,0) width 748: "This tests deletion of an empty line starting inside a <div> element, but ending outside that element (just before a <br>). If the"
          text run at (0,20) width 737: "deletion is successful, the result should have two lines, and the insertion point should be on the second line, at the end of the"
          text run at (0,40) width 81: "editable area."
      LayoutBlockFlow {DIV} at (0,76) size 784x40
        LayoutBlockFlow {DIV} at (0,0) size 784x20
          LayoutText {#text} at (0,0) size 7x19
            text run at (0,0) width 7: "a"
        LayoutBlockFlow {DIV} at (0,20) size 784x20
          LayoutBR {BR} at (0,0) size 0x19
caret: position 0 of child 0 {BR} of child 2 {DIV} of child 3 {DIV} of body
