EDITING DELEGATE: webViewDidChangeSelection:WebViewDidChangeSelectionNotification
EDITING DELEGATE: webViewDidChangeSelection:WebViewDidChangeSelectionNotification
EDITING DELEGATE: webViewDidChange:WebViewDidChangeNotification
layer at (0,0) size 800x600
  LayoutView at (0,0) size 800x600
layer at (0,0) size 800x600
  LayoutBlockFlow {HTML} at (0,0) size 800x600
    LayoutBlockFlow {BODY} at (8,8) size 784x584
      LayoutBlockFlow {DIV} at (0,0) size 784x44 [border: (1px solid #000000)]
        LayoutBlockFlow {PRE} at (1,14) size 782x16
          LayoutText {#text} at (0,0) size 24x16
            text run at (0,0) width 24: "Foo"
caret: position 0 of child 0 {#text} of child 1 {PRE} of child 0 {DIV} of body
