EDITING DELEGATE: webViewDidChangeSelection:WebViewDidChangeSelectionNotification
EDITING DELEGATE: webViewDidChangeSelection:WebViewDidChangeSelectionNotification
EDITING DELEGATE: webViewDidChange:WebViewDidChangeNotification
EDITING DELEGATE: webViewDidChangeSelection:WebViewDidChangeSelectionNotification
EDITING DELEGATE: webViewDidChange:WebViewDidChangeNotification
layer at (0,0) size 800x600
  LayoutView at (0,0) size 800x600
layer at (0,0) size 800x600
  LayoutBlockFlow {HTML} at (0,0) size 800x600
    LayoutBlockFlow {BODY} at (8,8) size 784x576
      LayoutBlockFlow {P} at (0,0) size 784x40
        LayoutText {#text} at (0,0) size 763x39
          text run at (0,0) width 294: "This is a test of execCommand(InsertImage, ...). "
          text run at (294,0) width 469: "The first test passes execCommand a path to a valid image, the second passes"
          text run at (0,20) width 309: "execCommand a path where no image should exist."
      LayoutBlockFlow {DIV} at (0,56) size 784x103
        LayoutImage {IMG} at (0,0) size 76x103
        LayoutBlockFlow {IMG} at (76,87) size 16x16
          LayoutInline {SPAN} at (0,0) size 0x0
            LayoutImage (floating) {IMG} at (0,0) size 16x16
            LayoutInline {SPAN} at (0,0) size 0x0
      LayoutBlockFlow {UL} at (0,175) size 784x0
caret: position 1 of child 1 {IMG} of child 3 {DIV} of body
