layer at (0,0) size 800x600
  LayoutView at (0,0) size 800x600
layer at (0,0) size 800x600
  LayoutBlockFlow {HTML} at (0,0) size 800x600
layer at (8,8) size 612x130
  LayoutBlockFlow (positioned) {BODY} at (8,8) size 612x130.44 [border: (1px solid #000000)]
    LayoutBlockFlow {H1} at (6,6) size 600x37
      LayoutText {#text} at (0,0) size 449x36
        text run at (0,0) width 449: "Word selection on right click test"
    LayoutBlockFlow (anonymous) at (6,64.44) size 600x60
      LayoutText {#text} at (0,0) size 570x39
        text run at (0,0) width 570: "This tests to make sure that right clicking non-editable content only creates a word selection for"
        text run at (0,20) width 99: "clicks over text. "
      LayoutInline {SPAN} at (0,0) size 16x19
        LayoutText {#text} at (99,20) size 16x19
          text run at (99,20) width 16: "To"
      LayoutText {#text} at (114,20) size 586x39
        text run at (114,20) width 390: " run manually, right click on text, and a word should be selected. "
        text run at (503,20) width 83: "Right click on"
        text run at (0,40) width 564: "the empty space outside and to the right of the black border, the selection should be removed."
caret: position 0 of child 0 {#text} of child 1 {H1} of body
