EDITING DELEGATE: webViewDidChangeSelection:WebViewDidChangeSelectionNotification
layer at (0,0) size 800x600
  LayoutView at (0,0) size 800x600
layer at (0,0) size 800x600
  LayoutBlockFlow {HTML} at (0,0) size 800x600
    LayoutBlockFlow {BODY} at (8,8) size 784x584
      LayoutBlockFlow {P} at (0,0) size 784x40
        LayoutText {#text} at (0,0) size 99x19
          text run at (0,0) width 99: "This is a test for "
        LayoutInline {I} at (0,0) size 774x39
          LayoutInline {A} at (0,0) size 350x19 [color=#0000EE]
            LayoutText {#text} at (99,0) size 350x19
              text run at (99,0) width 350: "http://bugzilla.opendarwin.org/show_bug.cgi?id=9978"
          LayoutText {#text} at (448,0) size 774x39
            text run at (448,0) width 5: " "
            text run at (452,0) width 322: "REGRESSION (r12949-r12988): Clicking the first"
            text run at (0,20) width 392: "letter on a line places the caret at the end of the previous line"
        LayoutText {#text} at (391,20) size 5x19
          text run at (391,20) width 5: "."
      LayoutBlockFlow {P} at (0,56) size 784x20
        LayoutText {#text} at (0,0) size 694x19
          text run at (0,0) width 523: "To test interactively, click the left side of the W on the second line. The caret should be "
          text run at (522,0) width 172: "move to the start of that line."
      LayoutBlockFlow {DIV} at (0,102) size 250x114
        LayoutText {#text} at (0,1) size 229x112
          text run at (0,1) width 147: "Alice in"
          text run at (147,1) width 12: " "
          text run at (0,58) width 229: "Wonderland"
layer at (8,100) size 784x2 clip at (0,0) size 0x0
  LayoutBlockFlow {HR} at (0,92) size 784x2 [border: (1px inset #EEEEEE)]
caret: position 10 of child 0 {#text} of child 7 {DIV} of body
