layer at (0,0) size 800x600
  LayoutView at (0,0) size 800x600
layer at (0,0) size 800x600
  LayoutBlockFlow {HTML} at (0,0) size 800x600
    LayoutBlockFlow {BODY} at (8,8) size 784x579
      LayoutBlockFlow (anonymous) at (0,0) size 784x60
        LayoutText {#text} at (0,0) size 767x59
          text run at (0,0) width 728: "This tests to see that a caret is placed inside an editable document that is entirely editable even when no caret is requested"
          text run at (0,20) width 110: "programmatically. "
          text run at (110,20) width 179: "We do this as a convenience. "
          text run at (289,20) width 478: "Right now, we only do this convenience when a document's frame becomes first"
          text run at (0,40) width 336: "responder or when a document's window becomes key."
      LayoutBlockFlow {PRE} at (0,73) size 784x32
        LayoutText {#text} at (0,0) size 296x32
          text run at (0,0) width 296: "Test Failed - there should be a caret"
          text run at (296,0) width 0: " "
          text run at (0,16) width 0: " "
