layer at (0,0) size 800x600
  LayoutView at (0,0) size 800x600
layer at (0,0) size 800x600
  LayoutBlockFlow {HTML} at (0,0) size 800x600
    LayoutBlockFlow {BODY} at (8,8) size 784x584
      LayoutBlockFlow {P} at (0,0) size 784x40
        LayoutText {#text} at (0,0) size 768x39
          text run at (0,0) width 510: "This is an automatic pixel test. To test interactively, drag selected text onto the iframe "
          text run at (509,0) width 255: "below and verify that a drag caret appears"
          text run at (763,0) width 5: " "
          text run at (0,20) width 98: "inside the frame."
      LayoutBlockFlow (anonymous) at (0,56) size 784x152
        LayoutText {#text} at (0,0) size 0x0
layer at (8,64) size 302x152
  LayoutIFrame {IFRAME} at (0,0) size 302x152 [border: (1px solid #000000)]
    layer at (0,0) size 300x150
      LayoutView at (0,0) size 300x150
    layer at (0,0) size 300x150
      LayoutBlockFlow {HTML} at (0,0) size 300x150
        LayoutBlockFlow {BODY} at (8,8) size 284x134
          LayoutInline {SPAN} at (0,0) size 35x19
            LayoutText {#text} at (0,0) size 35x19
              text run at (0,0) width 35: "There"
          LayoutText {#text} at (35,0) size 166x19
            text run at (35,0) width 166: " should be a caret here --> "
          LayoutBR {BR} at (201,15) size 0x0
          LayoutText {#text} at (0,20) size 41x19
            text run at (0,20) width 41: "See it?"
