EDITING DELEGATE: webViewDidChangeSelection:WebViewDidChangeSelectionNotification
layer at (0,0) size 800x600
  LayoutView at (0,0) size 800x600
layer at (0,0) size 800x600
  LayoutBlockFlow {HTML} at (0,0) size 800x600
    LayoutBlockFlow {BODY} at (8,8) size 784x584
      LayoutBlockFlow {P} at (0,0) size 784x40
        LayoutText {#text} at (0,0) size 737x39
          text run at (0,0) width 391: "This tests double clicking inside and at the end of an editable div. "
          text run at (390,0) width 347: "The selection that is created should not extend outside the"
          text run at (0,20) width 92: "editable region."
      LayoutBlockFlow {DIV} at (0,56) size 784x20
        LayoutText {#text} at (0,0) size 169x19
          text run at (0,0) width 169: "This text is in an editable div"
        LayoutInline {SPAN} at (0,0) size 4x19
          LayoutText {#text} at (169,0) size 4x19
            text run at (169,0) width 4: "."
      LayoutBlockFlow (anonymous) at (0,76) size 784x20
        LayoutText {#text} at (0,0) size 229x19
          text run at (0,0) width 229: "This text is outside the editable region."
caret: position 1 of child 0 {#text} of child 1 {SPAN} of child 3 {DIV} of body
