EDITING DELEGATE: webViewDidChangeSelection:WebViewDidChangeSelectionNotification
layer at (0,0) size 800x600
  LayoutView at (0,0) size 800x600
layer at (0,0) size 800x600
  LayoutBlockFlow {HTML} at (0,0) size 800x600
    LayoutBlockFlow {BODY} at (8,8) size 784x576
      LayoutBlockFlow {P} at (0,0) size 784x40
        LayoutText {#text} at (0,0) size 737x39
          text run at (0,0) width 391: "This tests double clicking inside and at the end of an editable div. "
          text run at (391,0) width 346: "The selection that is created should not extend outside the"
          text run at (0,20) width 92: "editable region."
      LayoutBlockFlow {DIV} at (0,56) size 784x20
        LayoutText {#text} at (0,0) size 193x19
          text run at (0,0) width 193: "This text is inside an editable div"
        LayoutInline {SPAN} at (0,0) size 4x19
          LayoutText {#text} at (193,0) size 4x19
            text run at (193,0) width 4: " "
layer at (8,100) size 784x20
  LayoutBlockFlow {P} at (0,92) size 784x20
    LayoutText {#text} at (0,0) size 142x19
      text run at (0,0) width 142: "This text is not editable."
caret: position 1 of child 0 {#text} of child 1 {SPAN} of child 3 {DIV} of body
