EDITING DELEGATE: webViewDidChangeSelection:WebViewDidChangeSelectionNotification
layer at (0,0) size 800x600
  LayoutView at (0,0) size 800x600
layer at (0,0) size 800x600
  LayoutBlockFlow {HTML} at (0,0) size 800x600
    LayoutBlockFlow {BODY} at (8,8) size 784x584
      LayoutText {#text} at (0,0) size 421x19
        text run at (0,0) width 210: "This test focuses an editable body. "
        text run at (209,0) width 212: "Its contents should not be selected."
caret: position 0 of child 0 {#text} of body
