EDITING DELEGATE: webViewDidChangeSelection:WebViewDidChangeSelectionNotification
EDITING DELEGATE: webViewDidChangeSelection:WebViewDidChangeSelectionNotification
layer at (0,0) size 800x600
  LayoutView at (0,0) size 800x600
layer at (0,0) size 800x600
  LayoutBlockFlow {HTML} at (0,0) size 800x600
    LayoutBlockFlow {BODY} at (8,8) size 784x584
      LayoutInline {SPAN} at (0,0) size 19x19
        LayoutText {#text} at (0,0) size 19x19
          text run at (0,0) width 19: "On"
      LayoutText {#text} at (19,0) size 766x39
        text run at (19,0) width 442: "ly the first two letters of the first word in this sentence should be selected. "
        text run at (461,0) width 301: "To run this test manually, double click between the"
        text run at (761,0) width 5: " "
        text run at (0,20) width 313: "first two letters of the first word of the first sentence."
selection start: position 0 of child 0 {#text} of child 0 {SPAN} of body
selection end:   position 2 of child 0 {#text} of child 0 {SPAN} of body
