EDITING DELEGATE: webViewDidChangeSelection:WebViewDidChangeSelectionNotification
layer at (0,0) size 800x600
  LayoutView at (0,0) size 800x600
layer at (0,0) size 800x600
  LayoutBlockFlow {HTML} at (0,0) size 800x600
    LayoutBlockFlow {BODY} at (8,8) size 784x584
      LayoutBlockFlow {DIV} at (0,0) size 784x20
        LayoutText {#text} at (0,0) size 52x19
          text run at (0,0) width 52: "OnlyThe"
        LayoutInline {SPAN} at (0,0) size 31x19
          LayoutText {#text} at (52,0) size 31x19
            text run at (52,0) width 31: "Bold"
        LayoutText {#text} at (83,0) size 68x19
          text run at (83,0) width 68: "TextShould"
        LayoutInline {SPAN} at (0,0) size 17x19
          LayoutText {#text} at (151,0) size 17x19
            text run at (151,0) width 17: "Be"
        LayoutText {#text} at (168,0) size 52x19
          text run at (168,0) width 52: "Selected"
selection start: position 0 of child 0 {#text} of child 1 {SPAN} of child 1 {DIV} of body
selection end:   position 4 of child 0 {#text} of child 1 {SPAN} of child 1 {DIV} of body
