EDITING DELEGATE: webViewDidChangeSelection:WebViewDidChangeSelectionNotification
EDITING DELEGATE: webViewDidChangeSelection:WebViewDidChangeSelectionNotification
layer at (0,0) size 800x600
  LayoutView at (0,0) size 800x600
layer at (0,0) size 800x600
  LayoutBlockFlow {HTML} at (0,0) size 800x600
    LayoutBlockFlow {BODY} at (8,8) size 784x584
      LayoutBlockFlow {P} at (0,0) size 784x40
        LayoutText {#text} at (0,0) size 762x39
          text run at (0,0) width 432: "This tests moving the caret forward through content of mixed editability. "
          text run at (432,0) width 330: "The caret should move down one line from the editable"
          text run at (0,20) width 404: "piece to the editable piece that's embedded in a non-editable piece."
      LayoutBlockFlow {DIV} at (0,56) size 784x70
        LayoutBlockFlow (anonymous) at (0,0) size 784x20
          LayoutText {#text} at (0,0) size 47x19
            text run at (0,0) width 47: "editable"
        LayoutTable {TABLE} at (0,20) size 57x30 [border: (1px outset #808080)]
          LayoutTableSection {TBODY} at (1,1) size 55x28
            LayoutTableRow {TR} at (0,2) size 55x24
              LayoutTableCell {TD} at (2,2) size 51x24 [border: (1px inset #808080)] [r=0 c=0 rs=1 cs=1]
                LayoutText {#text} at (2,2) size 47x19
                  text run at (2,2) width 47: "editable"
        LayoutBlockFlow (anonymous) at (0,50) size 784x20
          LayoutText {#text} at (0,0) size 47x19
            text run at (0,0) width 47: "editable"
caret: position 2 of child 0 {#text} of child 2 {DIV} of body
