EDITING DELEGATE: webViewDidChangeSelection:WebViewDidChangeSelectionNotification
EDITING DELEGATE: webViewDidChangeSelection:WebViewDidChangeSelectionNotification
EDITING DELEGATE: webViewDidChangeSelection:WebViewDidChangeSelectionNotification
EDITING DELEGATE: webViewDidChangeSelection:WebViewDidChangeSelectionNotification
layer at (0,0) size 800x600
  LayoutView at (0,0) size 800x600
layer at (0,0) size 800x600
  LayoutBlockFlow {HTML} at (0,0) size 800x600
    LayoutBlockFlow {BODY} at (8,8) size 784x584
      LayoutBlockFlow {P} at (0,0) size 784x20
        LayoutText {#text} at (0,0) size 657x19
          text run at (0,0) width 348: "This tests modifying a selection created with a triple click. "
          text run at (348,0) width 309: "The new selection should use paragraph granularity."
      LayoutBlockFlow {P} at (0,36) size 784x60 [color=#008000]
        LayoutText {#text} at (0,0) size 784x59
          text run at (0,0) width 211: "This test does not run interactively. "
          text run at (211,0) width 339: "It uses the testRunners eventSender to do mouse clicks. "
          text run at (550,0) width 227: "To run it manually, double click on the"
          text run at (0,20) width 231: "blue 'g', then drag down to the red 'g'. "
          text run at (231,20) width 553: "As you drag, watch the selection that is created, it should always start and end on paragraph"
          text run at (0,40) width 70: "boundaries."
      LayoutBlockFlow {DIV} at (0,112) size 784x120
        LayoutText {#text} at (0,0) size 80x19
          text run at (0,0) width 80: "This is a para"
        LayoutInline {SPAN} at (0,0) size 7x19 [color=#0000FF]
          LayoutText {#text} at (80,0) size 7x19
            text run at (80,0) width 7: "g"
        LayoutText {#text} at (87,0) size 31x19
          text run at (87,0) width 31: "raph."
        LayoutBR {BR} at (118,15) size 0x0
        LayoutText {#text} at (0,20) size 61x19
          text run at (0,20) width 61: "Some text"
        LayoutBR {BR} at (61,35) size 0x0
        LayoutText {#text} at (0,40) size 61x19
          text run at (0,40) width 61: "Some text"
        LayoutBR {BR} at (61,55) size 0x0
        LayoutText {#text} at (0,60) size 61x19
          text run at (0,60) width 61: "Some text"
        LayoutBR {BR} at (61,75) size 0x0
        LayoutText {#text} at (0,80) size 61x19
          text run at (0,80) width 61: "Some text"
        LayoutBR {BR} at (61,95) size 0x0
        LayoutText {#text} at (0,100) size 80x19
          text run at (0,100) width 80: "This is a para"
        LayoutInline {SPAN} at (0,0) size 7x19 [color=#FF0000]
          LayoutText {#text} at (80,100) size 7x19
            text run at (80,100) width 7: "g"
        LayoutText {#text} at (87,100) size 31x19
          text run at (87,100) width 31: "raph."
selection start: position 1 of child 0 {#text} of child 5 {DIV} of body
selection end:   position 5 of child 14 {#text} of child 5 {DIV} of body
