EDITING DELEGATE: webViewDidChangeSelection:WebViewDidChangeSelectionNotification
EDITING DELEGATE: webViewDidChangeSelection:WebViewDidChangeSelectionNotification
EDITING DELEGATE: webViewDidChangeSelection:WebViewDidChangeSelectionNotification
layer at (0,0) size 800x600
  LayoutView at (0,0) size 800x600
layer at (0,0) size 800x600
  LayoutBlockFlow {HTML} at (0,0) size 800x600
    LayoutBlockFlow {BODY} at (8,8) size 784x584
      LayoutText {#text} at (0,0) size 769x39
        text run at (0,0) width 769: "This tests whether certain NSResponder methods that should only operate on editable regions modify a selection that is not in an"
        text run at (0,20) width 92: "editable region."
      LayoutBR {BR} at (92,35) size 0x0
      LayoutText {#text} at (0,40) size 80x19
        text run at (0,40) width 80: "This is a para"
      LayoutInline {SPAN} at (0,0) size 7x19 [color=#0000FF]
        LayoutText {#text} at (80,40) size 7x19
          text run at (80,40) width 7: "g"
      LayoutText {#text} at (87,40) size 31x19
        text run at (87,40) width 31: "raph."
      LayoutBR {BR} at (118,55) size 0x0
      LayoutText {#text} at (0,60) size 61x19
        text run at (0,60) width 61: "Some text"
      LayoutBR {BR} at (61,75) size 0x0
      LayoutText {#text} at (0,80) size 61x19
        text run at (0,80) width 61: "Some text"
      LayoutBR {BR} at (61,95) size 0x0
      LayoutText {#text} at (0,100) size 61x19
        text run at (0,100) width 61: "Some text"
      LayoutBR {BR} at (61,115) size 0x0
      LayoutText {#text} at (0,120) size 61x19
        text run at (0,120) width 61: "Some text"
      LayoutBR {BR} at (61,135) size 0x0
      LayoutText {#text} at (0,140) size 118x19
        text run at (0,140) width 118: "This is a paragraph."
selection start: position 11 of child 2 {#text} of body
selection end:   position 1 of child 7 {BR} of body
