layer at (0,0) size 800x600
  LayoutView at (0,0) size 800x600
layer at (0,0) size 800x170
  LayoutBlockFlow {HTML} at (0,0) size 800x170
    LayoutBlockFlow {BODY} at (100,0) size 600x154
      LayoutBlockFlow {P} at (0,118) size 600x36
        LayoutInline {A} at (0,0) size 153x18 [color=#0000EE]
          LayoutText {#text} at (0,0) size 153x18
            text run at (0,0) width 153: "rdar://problem/7026010"
        LayoutBR {BR} at (152,0) size 1x18
        LayoutText {#text} at (0,18) size 472x18
          text run at (0,18) width 472: "Test for the root layer getting correctly positioned. You should see no red."
layer at (350,1) size 100x100
  LayoutBlockFlow (positioned) {DIV} at (350,1) size 100x100 [bgcolor=#FF0000]
layer at (-100,0) size 300x100 backgroundClip at (0,0) size 800x600 clip at (0,0) size 800x600
  LayoutBlockFlow (positioned) {DIV} at (-100,0) size 300x100 [bgcolor=#808080]
layer at (100,0) size 600x102
  LayoutBlockFlow (relative positioned) {DIV} at (0,0) size 600x102 [border: (1px solid #000000)]
layer at (350,1) size 100x100
  LayoutBlockFlow {DIV} at (250,1) size 100x100 [bgcolor=#008000]
