CONSOLE WARNING: line 16: document.getMatchedCSSRules() is deprecated and will be removed in M63, around December 2017. See https://www.chromestatus.com/features/4606972603138048 for more details.
layer at (0,0) size 800x600
  LayoutView at (0,0) size 800x600
layer at (0,0) size 800x600
  LayoutBlockFlow {HTML} at (0,0) size 800x600
    LayoutBlockFlow {BODY} at (8,8) size 784x576
      LayoutBlockFlow {DIV} at (0,0) size 784x20 [color=#FF0000]
        LayoutText {#text} at (0,0) size 76x19
          text run at (0,0) width 76: "Hello world"
      LayoutBlockFlow {P} at (0,36) size 784x20
        LayoutText {#text} at (0,0) size 215x19
          text run at (0,0) width 215: "The number of matched rules is: 1"
