layer at (0,0) size 800x600
  LayoutView at (0,0) size 800x600
layer at (0,0) size 800x550
  LayoutBlockFlow {HTML} at (0,0) size 800x550
    LayoutBlockFlow {BODY} at (8,16) size 784x526 [color=#FFFFFF] [bgcolor=#000000]
      LayoutBlockFlow {P} at (0,0) size 784x20
        LayoutText {#text} at (0,0) size 195x19
          text run at (0,0) width 195: "Images should all look the same."
      LayoutBlockFlow {DIV} at (0,36) size 784x245
        LayoutImage {IMG} at (0,0) size 360x240
        LayoutText {#text} at (360,225) size 4x19
          text run at (360,225) width 4: " "
        LayoutImage {IMG} at (364,0) size 360x240
        LayoutText {#text} at (0,0) size 0x0
      LayoutBlockFlow {DIV} at (0,281) size 784x245
        LayoutText {#text} at (360,225) size 4x19
          text run at (360,225) width 4: " "
        LayoutText {#text} at (0,0) size 0x0
layer at (8,297) size 360x240
  LayoutImage {IMG} at (0,0) size 360x240
layer at (372,297) size 360x240
  LayoutImage {IMG} at (364,0) size 360x240
