layer at (0,0) size 800x600
  LayoutView at (0,0) size 800x600
layer at (0,0) size 800x600
  LayoutNGBlockFlow {HTML} at (0,0) size 800x600
    LayoutNGBlockFlow {BODY} at (8,8) size 784x576
      LayoutNGBlockFlow {P} at (0,0) size 784x20
        LayoutText {#text} at (0,0) size 330x19
          text run at (0,0) width 330: "This tests the rendering of invalid UTF-8 sequences."
      LayoutNGBlockFlow {P} at (0,36) size 784x20
        LayoutText {#text} at (0,0) size 502x19
          text run at (0,0) width 149: "The output should be: \""
          text run at (149,0) width 44: "\x{442}??\x{442}\" ("
          text run at (193,0) width 300: "with black diamonds in place of question marks"
          text run at (493,0) width 9: ")."
      LayoutNGBlockFlow {P} at (0,90) size 784x20
        LayoutText {#text} at (0,0) size 46x19
          text run at (0,0) width 46: "\x{442}\x{FFFD}\x{FFFD}\x{442}"
layer at (8,80) size 784x2 clip at (0,0) size 0x0
  LayoutNGBlockFlow {HR} at (0,72) size 784x2 [border: (1px inset #EEEEEE)]
