layer at (0,0) size 800x600
  LayoutView at (0,0) size 800x600
layer at (0,0) size 800x600
  LayoutBlockFlow {HTML} at (0,0) size 800x600
    LayoutBlockFlow {BODY} at (8,8) size 784x584
      LayoutText {#text} at (335,281) size 4x19
        text run at (335,281) width 4: " "
      LayoutText {#text} at (0,0) size 0x0
layer at (8,8) size 335x296
  LayoutImage {IMG} at (0,0) size 335x296
layer at (347,8) size 335x296
  LayoutImage {IMG} at (339,0) size 335x296
