layer at (0,0) size 800x600
  LayoutView at (0,0) size 800x600
layer at (0,0) size 800x140 layerType: background only
layer at (50,100) size 400x50
  LayoutBlockFlow (positioned) zI: -1 {DIV} at (50,100) size 400x50 [bgcolor=#FF0000]
layer at (50,250) size 400x50
  LayoutBlockFlow (positioned) zI: -1 {DIV} at (50,250) size 400x50 [bgcolor=#FF0000]
layer at (0,0) size 800x140 layerType: foreground only
  LayoutBlockFlow {HTML} at (0,0) size 800x140
    LayoutBlockFlow {BODY} at (50,50) size 700x40
      LayoutBlockFlow {P} at (0,0) size 700x40
        LayoutInline {A} at (0,0) size 291x19 [color=#0000EE]
          LayoutText {#text} at (0,0) size 291x19
            text run at (0,0) width 291: "https://bugs.webkit.org/show_bug.cgi?id=22570"
        LayoutText {#text} at (291,0) size 698x39
          text run at (291,0) width 58: ". Test for "
          text run at (349,0) width 349: "reflection painting on overflow:hidden element. You should"
          text run at (0,20) width 136: "not see any red below."
layer at (50,100) size 400x200
  LayoutBlockFlow (positioned) {DIV} at (50,100) size 400x200
layer at (50,100) size 400x200
  LayoutBlockFlow (relative positioned) {DIV} at (0,0) size 400x200
layer at (50,100) size 400x50
  LayoutBlockFlow (positioned) {DIV} at (0,0) size 400x50 [bgcolor=#008000]
    LayoutText {#text} at (0,0) size 24x19
      text run at (0,0) width 24: "Top"
layer at (50,250) size 400x50
  LayoutBlockFlow (positioned) {DIV} at (0,150) size 400x50 [bgcolor=#008000]
    LayoutText {#text} at (0,0) size 45x19
      text run at (0,0) width 45: "Bottom"
