EDITING DELEGATE: webViewDidChangeSelection:WebViewDidChangeSelectionNotification
EDITING DELEGATE: webViewDidChangeSelection:WebViewDidChangeSelectionNotification
EDITING DELEGATE: webViewDidChangeSelection:WebViewDidChangeSelectionNotification
EDITING DELEGATE: webViewDidChangeSelection:WebViewDidChangeSelectionNotification
EDITING DELEGATE: webViewDidChangeSelection:WebViewDidChangeSelectionNotification
EDITING DELEGATE: webViewDidChangeSelection:WebViewDidChangeSelectionNotification
EDITING DELEGATE: webViewDidChangeSelection:WebViewDidChangeSelectionNotification
EDITING DELEGATE: webViewDidChangeSelection:WebViewDidChangeSelectionNotification
EDITING DELEGATE: webViewDidChangeSelection:WebViewDidChangeSelectionNotification
EDITING DELEGATE: webViewDidChangeSelection:WebViewDidChangeSelectionNotification
EDITING DELEGATE: webViewDidChangeSelection:WebViewDidChangeSelectionNotification
EDITING DELEGATE: webViewDidChangeSelection:WebViewDidChangeSelectionNotification
EDITING DELEGATE: webViewDidChange:WebViewDidChangeNotification
EDITING DELEGATE: webViewDidChangeSelection:WebViewDidChangeSelectionNotification
EDITING DELEGATE: webViewDidChange:WebViewDidChangeNotification
EDITING DELEGATE: webViewDidChangeSelection:WebViewDidChangeSelectionNotification
EDITING DELEGATE: webViewDidChange:WebViewDidChangeNotification
layer at (0,0) size 800x600
  LayoutView at (0,0) size 800x600
layer at (0,0) size 800x600
  LayoutBlockFlow {HTML} at (0,0) size 800x600
    LayoutBlockFlow {BODY} at (8,8) size 784x584
      LayoutBlockFlow {DIV} at (0,0) size 784x220 [border: (4px solid #0000FF)]
        LayoutBlockFlow {DIV} at (20,20) size 744x69
          LayoutText {#text} at (0,0) size 64x26
            text run at (0,0) width 64: "Tests: "
          LayoutBR {BR} at (0,0) size 0x0
          LayoutText {#text} at (0,27) size 654x20
            text run at (0,27) width 654: "Our ability to \"edit around\" content the HTML editing code does not yet handle very well. "
          LayoutBR {BR} at (654,43) size 0x0
          LayoutInline {I} at (0,48) size 100x20
            LayoutText {#text} at (0,48) size 100x20
              text run at (0,48) width 100: "For this test: "
          LayoutText {#text} at (100,48) size 175x20
            text run at (100,48) width 175: "Test typing after a table."
        LayoutBlockFlow (anonymous) at (20,89) size 744x21
          LayoutBR {BR} at (0,0) size 0x20
        LayoutBlockFlow {DIV} at (20,110) size 744x90
          LayoutText {#text} at (0,0) size 189x26
            text run at (0,0) width 189: "Expected Results: "
          LayoutBR {BR} at (189,21) size 0x0
          LayoutText {#text} at (0,27) size 702x41
            text run at (0,27) width 702: "The content in the red box must exactly match the content in the green box (except for the border"
            text run at (0,48) width 52: "color). "
          LayoutBR {BR} at (52,64) size 0x0
          LayoutInline {I} at (0,69) size 100x20
            LayoutText {#text} at (0,69) size 100x20
              text run at (0,69) width 100: "For this test: "
          LayoutText {#text} at (100,69) size 431x20
            text run at (100,69) width 431: "Typed text should appear after (on the line below) the table."
      LayoutBlockFlow {DIV} at (0,230) size 784x114 [border: (2px solid #008000)]
        LayoutTable {TABLE} at (2,2) size 46x82 [border: (1px outset #808080)]
          LayoutTableSection {TBODY} at (1,1) size 44x80
            LayoutTableRow {TR} at (0,2) size 44x24
              LayoutTableCell {TD} at (2,2) size 12x24 [border: (1px inset #808080)] [r=0 c=0 rs=1 cs=1]
                LayoutText {#text} at (2,2) size 8x19
                  text run at (2,2) width 8: "1"
              LayoutTableCell {TD} at (16,2) size 12x24 [border: (1px inset #808080)] [r=0 c=1 rs=1 cs=1]
                LayoutText {#text} at (2,2) size 8x19
                  text run at (2,2) width 8: "2"
              LayoutTableCell {TD} at (30,2) size 12x24 [border: (1px inset #808080)] [r=0 c=2 rs=1 cs=1]
                LayoutText {#text} at (2,2) size 8x19
                  text run at (2,2) width 8: "3"
            LayoutTableRow {TR} at (0,28) size 44x24
              LayoutTableCell {TD} at (2,28) size 12x24 [border: (1px inset #808080)] [r=1 c=0 rs=1 cs=1]
                LayoutText {#text} at (2,2) size 8x19
                  text run at (2,2) width 8: "4"
              LayoutTableCell {TD} at (16,28) size 12x24 [border: (1px inset #808080)] [r=1 c=1 rs=1 cs=1]
                LayoutText {#text} at (2,2) size 8x19
                  text run at (2,2) width 8: "5"
              LayoutTableCell {TD} at (30,28) size 12x24 [border: (1px inset #808080)] [r=1 c=2 rs=1 cs=1]
                LayoutText {#text} at (2,2) size 8x19
                  text run at (2,2) width 8: "6"
            LayoutTableRow {TR} at (0,54) size 44x24
              LayoutTableCell {TD} at (2,54) size 12x24 [border: (1px inset #808080)] [r=2 c=0 rs=1 cs=1]
                LayoutText {#text} at (2,2) size 8x19
                  text run at (2,2) width 8: "7"
              LayoutTableCell {TD} at (16,54) size 12x24 [border: (1px inset #808080)] [r=2 c=1 rs=1 cs=1]
                LayoutText {#text} at (2,2) size 8x19
                  text run at (2,2) width 8: "8"
              LayoutTableCell {TD} at (30,54) size 12x24 [border: (1px inset #808080)] [r=2 c=2 rs=1 cs=1]
                LayoutText {#text} at (2,2) size 8x19
                  text run at (2,2) width 8: "9"
        LayoutBlockFlow (anonymous) at (2,84) size 780x28
          LayoutText {#text} at (0,0) size 36x27
            text run at (0,0) width 36: "xxx"
      LayoutBlockFlow {DIV} at (0,354) size 784x114
        LayoutBlockFlow {DIV} at (0,0) size 784x114 [border: (2px solid #FF0000)]
          LayoutTable {TABLE} at (2,2) size 46x82 [border: (1px outset #808080)]
            LayoutTableSection {TBODY} at (1,1) size 44x80
              LayoutTableRow {TR} at (0,2) size 44x24
                LayoutTableCell {TD} at (2,2) size 12x24 [border: (1px inset #808080)] [r=0 c=0 rs=1 cs=1]
                  LayoutText {#text} at (2,2) size 8x19
                    text run at (2,2) width 8: "1"
                LayoutTableCell {TD} at (16,2) size 12x24 [border: (1px inset #808080)] [r=0 c=1 rs=1 cs=1]
                  LayoutText {#text} at (2,2) size 8x19
                    text run at (2,2) width 8: "2"
                LayoutTableCell {TD} at (30,2) size 12x24 [border: (1px inset #808080)] [r=0 c=2 rs=1 cs=1]
                  LayoutText {#text} at (2,2) size 8x19
                    text run at (2,2) width 8: "3"
              LayoutTableRow {TR} at (0,28) size 44x24
                LayoutTableCell {TD} at (2,28) size 12x24 [border: (1px inset #808080)] [r=1 c=0 rs=1 cs=1]
                  LayoutText {#text} at (2,2) size 8x19
                    text run at (2,2) width 8: "4"
                LayoutTableCell {TD} at (16,28) size 12x24 [border: (1px inset #808080)] [r=1 c=1 rs=1 cs=1]
                  LayoutText {#text} at (2,2) size 8x19
                    text run at (2,2) width 8: "5"
                LayoutTableCell {TD} at (30,28) size 12x24 [border: (1px inset #808080)] [r=1 c=2 rs=1 cs=1]
                  LayoutText {#text} at (2,2) size 8x19
                    text run at (2,2) width 8: "6"
              LayoutTableRow {TR} at (0,54) size 44x24
                LayoutTableCell {TD} at (2,54) size 12x24 [border: (1px inset #808080)] [r=2 c=0 rs=1 cs=1]
                  LayoutText {#text} at (2,2) size 8x19
                    text run at (2,2) width 8: "7"
                LayoutTableCell {TD} at (16,54) size 12x24 [border: (1px inset #808080)] [r=2 c=1 rs=1 cs=1]
                  LayoutText {#text} at (2,2) size 8x19
                    text run at (2,2) width 8: "8"
                LayoutTableCell {TD} at (30,54) size 12x24 [border: (1px inset #808080)] [r=2 c=2 rs=1 cs=1]
                  LayoutText {#text} at (2,2) size 8x19
                    text run at (2,2) width 8: "9"
          LayoutBlockFlow (anonymous) at (2,84) size 780x28
            LayoutText {#text} at (0,0) size 36x27
              text run at (0,0) width 36: "xxx"
caret: position 3 of child 2 {#text} of child 1 {DIV} of child 5 {DIV} of body
