layer at (0,0) size 800x600
  LayoutView at (0,0) size 800x600
layer at (0,0) size 800x600
  LayoutBlockFlow {HTML} at (0,0) size 800x600
    LayoutBlockFlow {BODY} at (8,8) size 784x576
      LayoutBlockFlow {P} at (0,0) size 784x79
        LayoutText {#text} at (0,1) size 280x57
          text run at (0,1) width 280: "BigAndGreen"
        LayoutBR {BR} at (280,46) size 0x0
        LayoutText {#text} at (0,59) size 101x19
          text run at (0,59) width 101: "SmallAndBlack"
