layer at (0,0) size 800x600
  LayoutView at (0,0) size 800x600
layer at (0,0) size 800x600
  LayoutBlockFlow {HTML} at (0,0) size 800x600
    LayoutBlockFlow {BODY} at (8,8) size 784x576
      LayoutBlockFlow {P} at (0,0) size 784x28
        LayoutInline {<pseudo:first-letter>} at (0,0) size 17x27 [color=#FF0000]
          LayoutTextFragment (anonymous) at (0,0) size 17x27
            text run at (0,0) width 17: "A"
        LayoutTextFragment {#text} at (17,6) size 405x19
          text run at (17,6) width 405: " The \"A\" should be big and red and ignore the position: relative."
