layer at (0,0) size 800x600
  LayoutView at (0,0) size 800x600
layer at (0,0) size 800x600
  LayoutBlockFlow {HTML} at (0,0) size 800x600
    LayoutBlockFlow {BODY} at (8,8) size 784x584
      LayoutTextControl {INPUT} at (0,0) size 444x82 [bgcolor=#FFFFFF] [border: (2px inset #EEEEEE)]
        LayoutFlexibleBox {DIV} at (3,3) size 438x47
          LayoutBlockFlow {DIV} at (0,0) size 423x47
      LayoutBR {BR} at (444,42) size 0x0
      LayoutTextControl {INPUT} at (0,82) size 444x82 [bgcolor=#FFFFFF] [border: (2px inset #EEEEEE)]
      LayoutBR {BR} at (444,124) size 0x0
      LayoutTextControl {INPUT} at (0,164) size 240x25 [bgcolor=#FFFFFF] [border: (2px inset #EEEEEE)]
        LayoutFlexibleBox {DIV} at (6,1) size 228x23
          LayoutBlockFlow {DIV} at (0,0) size 213x23
layer at (11,11) size 423x47
  LayoutBlockFlow {DIV} at (0,0) size 423x47
    LayoutText {#text} at (0,0) size 379x47
      text run at (0,0) width 379: "value jgq not clipped"
layer at (11,93) size 438x47
  LayoutBlockFlow {DIV} at (3,3) size 438x47
    LayoutText {#text} at (0,0) size 379x47
      text run at (0,0) width 379: "value jgq not clipped"
layer at (14,173) size 213x23 backgroundClip at (14,174) size 213x21 clip at (14,174) size 213x21
  LayoutBlockFlow {DIV} at (0,0) size 213x23
    LayoutText {#text} at (0,0) size 121x23
      text run at (0,0) width 121: "Sample Input"
layer at (435,28) size 14x14 transparent
  LayoutBlockFlow {DIV} at (424,16.50) size 14x14
layer at (228,178) size 14x14 transparent
  LayoutBlockFlow {DIV} at (214,4.50) size 14x14
