layer at (0,0) size 800x600
  LayoutView at (0,0) size 800x600
layer at (0,0) size 800x278
  LayoutBlockFlow {html} at (0,0) size 800x278
    LayoutBlockFlow {body} at (8,8) size 784x262
      LayoutBlockFlow {p} at (0,0) size 784x18 [color=#000080]
        LayoutText {#text} at (0,0) size 459x18
          text run at (0,0) width 459: "The word \"TEST \" should appear twice below, the same size each time."
      LayoutBlockFlow (anonymous) at (0,18) size 784x124
        LayoutSVGRoot {svg} at (0,0) size 400x120
          LayoutSVGRect {rect} at (0,0) size 60x12 [transform={m=((10.00,0.00)(0.00,10.00)) t=(0.00,0.00)}] [fill={[type=SOLID] [color=#EEEEEE]}] [x=0.00] [y=0.00] [width=60.00] [height=12.00]
          LayoutSVGForeignObject {foreignObject} at (0,0) size 60x10
            LayoutBlockFlow {div} at (0,0) size 60x13 [color=#000080]
              LayoutText {#text} at (0,0) size 24x13
                text run at (0,0) width 24: "TEST"
        LayoutText {#text} at (0,0) size 0x0
      LayoutBlockFlow {div} at (0,142) size 400x120 [color=#000080] [bgcolor=#EEEEEE]
        LayoutText {#text} at (0,0) size 239x115
          text run at (0,0) width 239: "TEST"
layer at (8,26) size 60x10 scrollHeight 13
  LayoutSVGForeignObject {foreignObject} at (0,0) size 60x10
    LayoutBlockFlow {div} at (0,0) size 60x13 [color=#000080]
      LayoutText {#text} at (0,0) size 24x13
        text run at (0,0) width 24: "TEST"
