layer at (0,0) size 800x600 clip at (0,0) size 785x600 scrollHeight 816
  LayoutView at (0,0) size 800x600
layer at (0,0) size 785x816 backgroundClip at (0,0) size 785x600 clip at (0,0) size 785x600
  LayoutBlockFlow {HTML} at (0,0) size 785x816
    LayoutBlockFlow {BODY} at (8,8) size 769x800 [bgcolor=#CCCCCC]
      LayoutBlockFlow {P} at (0,0) size 769x18
        LayoutText {#text} at (0,0) size 363x18
          text run at (0,0) width 363: "The style declarations which apply to the text below are:"
      LayoutBlockFlow {PRE} at (0,34) size 769x75
        LayoutText {#text} at (0,0) size 554x75
          text run at (0,0) width 172: ".one {display: block;}"
          text run at (171,0) width 1: " "
          text run at (0,15) width 180: ".two {display: inline;}"
          text run at (179,15) width 1: " "
          text run at (0,30) width 554: ".three {display: list-item; list-style-type: square; margin-left: 3em;}"
          text run at (553,30) width 1: " "
          text run at (0,45) width 266: ".four {display: none; color: red;}"
          text run at (265,45) width 1: " "
          text run at (0,60) width 149: "I {display: block;}"
          text run at (148,60) width 1: " "
      LayoutBlockFlow {P} at (0,140) size 769x18
        LayoutText {#text} at (0,0) size 299x18
          text run at (0,0) width 299: "This sentence should be a block-level element."
      LayoutBlockFlow (anonymous) at (0,174) size 769x54
        LayoutInline {P} at (0,0) size 458x18
          LayoutText {#text} at (0,0) size 458x18
            text run at (0,0) width 458: "This sentence should be part of an inline element, as are the next three. "
        LayoutInline {P} at (0,0) size 748x54
          LayoutText {#text} at (457,0) size 748x54
            text run at (457,0) width 280: "This sentence and the next two are part of a"
            text run at (0,18) width 148: "second inline element. "
            text run at (147,18) width 601: "They should therefore appear, along with the sentence above, to be all one paragraph which is"
            text run at (0,36) width 133: "four sentences long. "
            text run at (132,36) width 256: "If this is not the case, then the keyword "
          LayoutInline {CODE} at (0,0) size 48x15
            LayoutText {#text} at (387,38) size 48x15
              text run at (387,38) width 48: "inline"
          LayoutText {#text} at (434,36) size 112x18
            text run at (434,36) width 112: " is being ignored."
        LayoutText {#text} at (0,0) size 0x0
      LayoutListItem {P} at (48,244) size 721x54
        LayoutListMarker (anonymous) at (-17,0) size 7x18: black square
        LayoutText {#text} at (0,0) size 694x36
          text run at (0,0) width 694: "This sentence should be treated as a list-item, and therefore be rendered however this user agent displays list"
          text run at (0,18) width 58: "items (if "
        LayoutInline {CODE} at (0,0) size 118x15
          LayoutText {#text} at (57,20) size 118x15
            text run at (57,20) width 118: "list-style-type"
        LayoutText {#text} at (174,18) size 720x36
          text run at (174,18) width 369: " is supported, there will be a square for the item marker). "
          text run at (542,18) width 178: "A 3em left margin has been"
          text run at (0,36) width 438: "applied in order to ensure that there is space for the list-item marker."
      LayoutBlockFlow {P} at (0,314) size 769x18
        LayoutText {#text} at (0,0) size 467x18
          text run at (0,0) width 467: "The next paragraph should be invisible (if it's visible, you'll see red text)."
      LayoutBlockFlow {P} at (0,348) size 769x18
        LayoutText {#text} at (0,0) size 252x18
          text run at (0,0) width 252: "There should be no text after the colon:"
      LayoutBlockFlow {P} at (0,382) size 769x54
        LayoutBlockFlow (anonymous) at (0,0) size 769x18
          LayoutText {#text} at (0,0) size 116x18
            text run at (0,0) width 116: "The italicized text"
        LayoutBlockFlow {I} at (0,18) size 769x18
          LayoutText {#text} at (0,0) size 113x18
            text run at (0,0) width 113: "in this paragraph"
        LayoutBlockFlow (anonymous) at (0,36) size 769x18
          LayoutText {#text} at (0,0) size 208x18
            text run at (0,0) width 208: "should be a block-level element."
      LayoutTable {TABLE} at (0,452) size 769x348 [border: (1px outset #808080)]
        LayoutTableSection {TBODY} at (1,1) size 767x346
          LayoutTableRow {TR} at (0,0) size 767x26
            LayoutTableCell {TD} at (0,0) size 767x26 [bgcolor=#C0C0C0] [border: (1px inset #808080)] [r=0 c=0 rs=1 cs=2]
              LayoutInline {STRONG} at (0,0) size 161x18
                LayoutText {#text} at (4,4) size 161x18
                  text run at (4,4) width 161: "TABLE Testing Section"
          LayoutTableRow {TR} at (0,26) size 767x320
            LayoutTableCell {TD} at (0,173) size 12x26 [bgcolor=#C0C0C0] [border: (1px inset #808080)] [r=1 c=0 rs=1 cs=1]
              LayoutText {#text} at (4,4) size 4x18
                text run at (4,4) width 4: " "
            LayoutTableCell {TD} at (12,26) size 755x320 [border: (1px inset #808080)] [r=1 c=1 rs=1 cs=1]
              LayoutBlockFlow {P} at (4,4) size 747x18
                LayoutText {#text} at (0,0) size 299x18
                  text run at (0,0) width 299: "This sentence should be a block-level element."
              LayoutBlockFlow (anonymous) at (4,38) size 747x54
                LayoutInline {P} at (0,0) size 458x18
                  LayoutText {#text} at (0,0) size 458x18
                    text run at (0,0) width 458: "This sentence should be part of an inline element, as are the next three. "
                LayoutInline {P} at (0,0) size 737x54
                  LayoutText {#text} at (457,0) size 737x54
                    text run at (457,0) width 280: "This sentence and the next two are part of a"
                    text run at (0,18) width 148: "second inline element. "
                    text run at (147,18) width 587: "They should therefore appear, along with the sentence above, to be all one paragraph which"
                    text run at (0,36) width 148: "is four sentences long. "
                    text run at (147,36) width 256: "If this is not the case, then the keyword "
                  LayoutInline {CODE} at (0,0) size 47x15
                    LayoutText {#text} at (402,38) size 47x15
                      text run at (402,38) width 47: "inline"
                  LayoutText {#text} at (448,36) size 113x18
                    text run at (448,36) width 113: " is being ignored."
                LayoutText {#text} at (0,0) size 0x0
              LayoutListItem {P} at (52,108) size 699x54
                LayoutListMarker (anonymous) at (-17,0) size 7x18: black square
                LayoutText {#text} at (0,0) size 694x36
                  text run at (0,0) width 694: "This sentence should be treated as a list-item, and therefore be rendered however this user agent displays list"
                  text run at (0,18) width 58: "items (if "
                LayoutInline {CODE} at (0,0) size 118x15
                  LayoutText {#text} at (57,20) size 118x15
                    text run at (57,20) width 118: "list-style-type"
                LayoutText {#text} at (174,18) size 686x36
                  text run at (174,18) width 369: " is supported, there will be a square for the item marker). "
                  text run at (542,18) width 144: "A 3em left margin has"
                  text run at (0,36) width 472: "been applied in order to ensure that there is space for the list-item marker."
              LayoutBlockFlow {P} at (4,178) size 747x18
                LayoutText {#text} at (0,0) size 467x18
                  text run at (0,0) width 467: "The next paragraph should be invisible (if it's visible, you'll see red text)."
              LayoutBlockFlow {P} at (4,212) size 747x18
                LayoutText {#text} at (0,0) size 252x18
                  text run at (0,0) width 252: "There should be no text after the colon:"
              LayoutBlockFlow {P} at (4,246) size 747x54
                LayoutBlockFlow (anonymous) at (0,0) size 747x18
                  LayoutText {#text} at (0,0) size 116x18
                    text run at (0,0) width 116: "The italicized text"
                LayoutBlockFlow {I} at (0,18) size 747x18
                  LayoutText {#text} at (0,0) size 113x18
                    text run at (0,0) width 113: "in this paragraph"
                LayoutBlockFlow (anonymous) at (0,36) size 747x18
                  LayoutText {#text} at (0,0) size 208x18
                    text run at (0,0) width 208: "should be a block-level element."
layer at (8,130) size 769x2 clip at (0,0) size 0x0
  LayoutBlockFlow {HR} at (0,122) size 769x2 [border: (1px inset #EEEEEE)]
