layer at (0,0) size 800x600
  LayoutView at (0,0) size 800x600
layer at (0,0) size 800x535
  LayoutBlockFlow {HTML} at (0,0) size 800x534.56
    LayoutBlockFlow {BODY} at (20,20) size 760x494.56
      LayoutBlockFlow {P} at (0,0) size 760x69
        LayoutText {#text} at (0,0) size 739x69
          text run at (0,0) width 739: "The following lines should display as indicated at the beginning of the line, whether the font"
          text run at (0,23) width 135: "has full support, "
          text run at (134,23) width 560: "partial support for the corresponding feature or not, in which case it is"
          text run at (0,46) width 274: "synthesized (except for titling, no "
          text run at (273,46) width 131: "synthesis there)."
      LayoutBlockFlow {H3} at (0,92.39) size 760x28
        LayoutText {#text} at (0,0) size 99x28
          text run at (0,0) width 99: "Sans-serif"
      LayoutBlockFlow {DIV} at (0,143.78) size 760x138
        LayoutText {#text} at (0,0) size 58x23
          text run at (0,0) width 58: "titling: "
        LayoutInline {SPAN} at (0,0) size 248x23
          LayoutText {#text} at (57,0) size 248x23
            text run at (57,0) width 248: "Aa Bb Gg \x{394}\x{3B4} \x{393}\x{3B3} \x{3A3}\x{3C3} \x{411}\x{431} \x{424}\x{444}"
        LayoutBR {BR} at (304,0) size 1x23
        LayoutText {#text} at (0,23) size 101x23
          text run at (0,23) width 101: "smallcaps: "
        LayoutInline {SPAN} at (0,0) size 229x23
          LayoutText {#text} at (100,23) size 229x23
            text run at (100,23) width 229: "Aa Bb Gg \x{394}\x{3B4} \x{393}\x{3B3} \x{3A3}\x{3C3} \x{411}\x{431} \x{424}\x{444}"
        LayoutBR {BR} at (328,23) size 1x23
        LayoutText {#text} at (0,46) size 121x23
          text run at (0,46) width 121: "allsmallcaps: "
        LayoutInline {SPAN} at (0,0) size 184x23
          LayoutText {#text} at (120,46) size 184x23
            text run at (120,46) width 184: "Aa Bb Gg \x{394}\x{3B4} \x{393}\x{3B3} \x{3A3}\x{3C3} \x{411}\x{431} \x{424}\x{444}"
        LayoutBR {BR} at (303,46) size 1x23
        LayoutText {#text} at (0,69) size 103x23
          text run at (0,69) width 103: "petitecaps: "
        LayoutInline {SPAN} at (0,0) size 229x23
          LayoutText {#text} at (102,69) size 229x23
            text run at (102,69) width 229: "Aa Bb Gg \x{394}\x{3B4} \x{393}\x{3B3} \x{3A3}\x{3C3} \x{411}\x{431} \x{424}\x{444}"
        LayoutBR {BR} at (330,69) size 1x23
        LayoutText {#text} at (0,92) size 123x23
          text run at (0,92) width 123: "allpetitecaps: "
        LayoutInline {SPAN} at (0,0) size 184x23
          LayoutText {#text} at (122,92) size 184x23
            text run at (122,92) width 184: "Aa Bb Gg \x{394}\x{3B4} \x{393}\x{3B3} \x{3A3}\x{3C3} \x{411}\x{431} \x{424}\x{444}"
        LayoutBR {BR} at (305,92) size 1x23
        LayoutText {#text} at (0,115) size 81x23
          text run at (0,115) width 81: "unicase: "
        LayoutInline {SPAN} at (0,0) size 202x23
          LayoutText {#text} at (80,115) size 202x23
            text run at (80,115) width 202: "Aa Bb Gg \x{394}\x{3B4} \x{393}\x{3B3} \x{3A3}\x{3C3} \x{411}\x{431} \x{424}\x{444}"
        LayoutBR {BR} at (281,115) size 1x23
      LayoutBlockFlow {H3} at (0,305.17) size 760x28
        LayoutText {#text} at (0,0) size 445x28
          text run at (0,0) width 445: "Libertine (has native pcap and c2sc support)"
      LayoutBlockFlow {DIV} at (0,356.56) size 760x138
        LayoutText {#text} at (0,0) size 60x23
          text run at (0,0) width 60: "titling: "
        LayoutInline {SPAN} at (0,0) size 217x23
          LayoutText {#text} at (59,0) size 217x23
            text run at (59,0) width 217: "Aa Bb Gg \x{394}\x{3B4} \x{393}\x{3B3} \x{3A3}\x{3C3} \x{411}\x{431} \x{424}\x{444}"
        LayoutBR {BR} at (275,0) size 1x23
        LayoutText {#text} at (0,23) size 89x23
          text run at (0,23) width 89: "smallcaps: "
        LayoutInline {SPAN} at (0,0) size 221x23
          LayoutText {#text} at (88,23) size 221x23
            text run at (88,23) width 221: "Aa Bb Gg \x{394}\x{3B4} \x{393}\x{3B3} \x{3A3}\x{3C3} \x{411}\x{431} \x{424}\x{444}"
        LayoutBR {BR} at (308,23) size 1x23
        LayoutText {#text} at (0,46) size 109x23
          text run at (0,46) width 109: "allsmallcaps: "
        LayoutInline {SPAN} at (0,0) size 213x23
          LayoutText {#text} at (108,46) size 213x23
            text run at (108,46) width 213: "Aa Bb Gg \x{394}\x{3B4} \x{393}\x{3B3} \x{3A3}\x{3C3} \x{411}\x{431} \x{424}\x{444}"
        LayoutBR {BR} at (320,46) size 1x23
        LayoutText {#text} at (0,69) size 93x23
          text run at (0,69) width 93: "petitecaps: "
        LayoutInline {SPAN} at (0,0) size 220x23
          LayoutText {#text} at (92,69) size 220x23
            text run at (92,69) width 220: "Aa Bb Gg \x{394}\x{3B4} \x{393}\x{3B3} \x{3A3}\x{3C3} \x{411}\x{431} \x{424}\x{444}"
        LayoutBR {BR} at (311,69) size 1x23
        LayoutText {#text} at (0,92) size 112x23
          text run at (0,92) width 112: "allpetitecaps: "
        LayoutInline {SPAN} at (0,0) size 214x23
          LayoutText {#text} at (111,92) size 214x23
            text run at (111,92) width 214: "Aa Bb Gg \x{394}\x{3B4} \x{393}\x{3B3} \x{3A3}\x{3C3} \x{411}\x{431} \x{424}\x{444}"
        LayoutBR {BR} at (324,92) size 1x23
        LayoutText {#text} at (0,115) size 71x23
          text run at (0,115) width 71: "unicase: "
        LayoutInline {SPAN} at (0,0) size 205x23
          LayoutText {#text} at (71,115) size 205x23
            text run at (71,115) width 205: "Aa Bb Gg \x{394}\x{3B4} \x{393}\x{3B3} \x{3A3}\x{3C3} \x{411}\x{431} \x{424}\x{444}"
        LayoutBR {BR} at (275,115) size 1x23
