layer at (0,0) size 800x600
  LayoutView at (0,0) size 800x600
layer at (0,0) size 800x580
  LayoutBlockFlow {html} at (0,0) size 800x580
    LayoutBlockFlow {body} at (8,8) size 784x564
      LayoutBlockFlow {div} at (10,10) size 220x543.63
        LayoutBlockFlow {h2} at (0,19.91) size 220x27
          LayoutText {#text} at (0,0) size 119x26
            text run at (0,0) width 119: "SVG nested"
        LayoutBlockFlow {h2} at (0,286.72) size 220x27
          LayoutText {#text} at (0,0) size 114x26
            text run at (0,0) width 114: "CSS nested"
      LayoutText {#text} at (240,0) size 4x19
        text run at (240,0) width 4: " "
      LayoutBlockFlow {div} at (254,10) size 220x543.63
        LayoutBlockFlow {h2} at (0,19.91) size 220x27
          LayoutText {#text} at (0,0) size 160x26
            text run at (0,0) width 160: "SVG compound"
        LayoutBlockFlow {h2} at (0,286.72) size 220x27
          LayoutText {#text} at (0,0) size 155x26
            text run at (0,0) width 155: "CSS compound"
      LayoutText {#text} at (0,0) size 0x0
layer at (28,85) size 200x200
  LayoutBlockFlow (relative positioned) {div} at (10,66.81) size 200x200 [bgcolor=#C0C0C0] [border: (1px solid #000000)]
    LayoutSVGRoot {svg} at (1,1) size 200x200
      LayoutSVGContainer {g} at (-84.85,0) size 204.85x169.71 [transform={m=((1.00,0.00)(0.00,1.00)) t=(75.00,25.00)}]
        LayoutSVGRect {rect} at (0,0) size 60x60 [stroke={[type=SOLID] [color=#000000] [dash array={1.00, 1.00}]}] [x=0.00] [y=0.00] [width=60.00] [height=60.00]
        LayoutSVGContainer {g} at (-42.43,0) size 102.43x84.85 [transform={m=((2.00,0.00)(0.00,2.00)) t=(0.00,0.00)}]
          LayoutSVGRect {rect} at (0,0) size 60x60 [stroke={[type=SOLID] [color=#000000] [dash array={1.00, 1.00}]}] [x=0.00] [y=0.00] [width=60.00] [height=60.00]
          LayoutSVGRect {rect} at (0,0) size 60x60 [transform={m=((0.71,0.71)(-0.71,0.71)) t=(0.00,0.00)}] [stroke={[type=SOLID] [color=#0000FF]}] [x=0.00] [y=0.00] [width=60.00] [height=60.00]
    LayoutText {#text} at (0,0) size 0x0
layer at (28,352) size 200x200
  LayoutBlockFlow (relative positioned) {div} at (10,333.63) size 200x200 [bgcolor=#C0C0C0] [border: (1px solid #000000)]
layer at (29,353) size 60x60
  LayoutBlockFlow (positioned) {div} at (1,1) size 60x60 [border: (1px dotted #000000)]
layer at (105,379) size 60x60
  LayoutBlockFlow (positioned) {div} at (1,1) size 60x60 [border: (1px dotted #000000)]
layer at (31,355) size 60x60
  LayoutBlockFlow (positioned) {div} at (1,1) size 60x60 [border: (1px solid #0000FF)]
layer at (272,85) size 200x200
  LayoutBlockFlow (relative positioned) {div} at (10,66.81) size 200x200 [bgcolor=#C0C0C0] [border: (1px solid #000000)]
    LayoutSVGRoot {svg} at (1,1) size 200x200
      LayoutSVGRect {rect} at (0,0) size 60x60 [transform={m=((1.41,1.41)(-1.41,1.41)) t=(75.00,25.00)}] [stroke={[type=SOLID] [color=#0000FF]}] [x=0.00] [y=0.00] [width=60.00] [height=60.00]
    LayoutText {#text} at (0,0) size 0x0
layer at (272,352) size 200x200
  LayoutBlockFlow (relative positioned) {div} at (10,333.63) size 200x200 [bgcolor=#C0C0C0] [border: (1px solid #000000)]
layer at (273,353) size 60x60
  LayoutBlockFlow (positioned) {div} at (1,1) size 60x60 [border: (1px solid #0000FF)]
