layer at (0,0) size 800x600
  LayoutView at (0,0) size 800x600
layer at (0,0) size 800x600
  LayoutBlockFlow {HTML} at (0,0) size 800x600
    LayoutBlockFlow {BODY} at (8,8) size 784x584 [bgcolor=#CCCCCC]
      LayoutBlockFlow {P} at (0,0) size 784x20
        LayoutText {#text} at (0,0) size 337x19
          text run at (0,0) width 337: "The style declarations which apply to the text below are:"
      LayoutBlockFlow {PRE} at (0,36) size 784x48
        LayoutText {#text} at (0,0) size 256x48
          text run at (0,0) width 256: ".one {border: 10px teal outset;}"
          text run at (256,0) width 0: " "
          text run at (0,16) width 256: ".two {border: 10px olive inset;}"
          text run at (256,16) width 0: " "
          text run at (0,32) width 0: " "
      LayoutBlockFlow {P} at (0,115) size 784x60 [bgcolor=#C0C0C0]
        LayoutText {#text} at (0,0) size 638x19
          text run at (0,0) width 638: "This is an unstyled element, save for the background color, and containing inline elements with a classes of "
        LayoutInline {SPAN} at (0,0) size 76x39 [border: (10px outset #008080)]
          LayoutText {#text} at (647,0) size 56x19
            text run at (647,0) width 56: "class one"
        LayoutText {#text} at (712,0) size 756x39
          text run at (712,0) width 44: ", which"
          text run at (0,20) width 298: "should result in a 10-pixel outset teal border; and "
        LayoutInline {SPAN} at (0,0) size 76x39 [border: (10px inset #808000)]
          LayoutText {#text} at (308,20) size 56x19
            text run at (308,20) width 56: "class two"
        LayoutText {#text} at (374,20) size 779x39
          text run at (374,20) width 317: ", which should result in a 10-pixel inset olive border. "
          text run at (690,20) width 89: "The line-height"
          text run at (0,40) width 310: "of the parent element should not change on any line."
      LayoutTable {TABLE} at (0,191) size 784x98 [border: (1px outset #808080)]
        LayoutTableSection {TBODY} at (1,1) size 782x96
          LayoutTableRow {TR} at (0,0) size 782x28
            LayoutTableCell {TD} at (0,0) size 782x28 [bgcolor=#C0C0C0] [border: (1px inset #808080)] [r=0 c=0 rs=1 cs=2]
              LayoutInline {STRONG} at (0,0) size 157x19
                LayoutText {#text} at (4,4) size 157x19
                  text run at (4,4) width 157: "TABLE Testing Section"
          LayoutTableRow {TR} at (0,28) size 782x68
            LayoutTableCell {TD} at (0,48) size 12x28 [bgcolor=#C0C0C0] [border: (1px inset #808080)] [r=1 c=0 rs=1 cs=1]
              LayoutText {#text} at (4,4) size 4x19
                text run at (4,4) width 4: " "
            LayoutTableCell {TD} at (12,28) size 770x68 [border: (1px inset #808080)] [r=1 c=1 rs=1 cs=1]
              LayoutBlockFlow {P} at (4,4) size 762x60 [bgcolor=#C0C0C0]
                LayoutText {#text} at (0,0) size 638x19
                  text run at (0,0) width 638: "This is an unstyled element, save for the background color, and containing inline elements with a classes of "
                LayoutInline {SPAN} at (0,0) size 76x39 [border: (10px outset #008080)]
                  LayoutText {#text} at (647,0) size 56x19
                    text run at (647,0) width 56: "class one"
                LayoutText {#text} at (712,0) size 756x39
                  text run at (712,0) width 44: ", which"
                  text run at (0,20) width 298: "should result in a 10-pixel outset teal border; and "
                LayoutInline {SPAN} at (0,0) size 76x39 [border: (10px inset #808000)]
                  LayoutText {#text} at (308,20) size 56x19
                    text run at (308,20) width 56: "class two"
                LayoutText {#text} at (374,20) size 744x39
                  text run at (374,20) width 317: ", which should result in a 10-pixel inset olive border. "
                  text run at (690,20) width 54: "The line-"
                  text run at (0,40) width 349: "height of the parent element should not change on any line."
layer at (8,105) size 784x2 clip at (0,0) size 0x0
  LayoutBlockFlow {HR} at (0,97) size 784x2 [border: (1px inset #EEEEEE)]
