layer at (0,0) size 800x600
  LayoutView at (0,0) size 800x600
layer at (0,0) size 800x600
  LayoutBlockFlow {HTML} at (0,0) size 800x600
    LayoutBlockFlow {BODY} at (8,8) size 784x584 [bgcolor=#CCCCCC]
      LayoutBlockFlow {P} at (0,0) size 784x20
        LayoutText {#text} at (0,0) size 337x19
          text run at (0,0) width 337: "The style declarations which apply to the text below are:"
      LayoutBlockFlow {PRE} at (0,36) size 784x48
        LayoutText {#text} at (0,0) size 728x48
          text run at (0,0) width 392: ".one {border-color: purple; border-style: solid;}"
          text run at (392,0) width 0: " "
          text run at (0,16) width 568: ".two {border-color: purple; border-width: medium; border-style: solid;}"
          text run at (568,16) width 0: " "
          text run at (0,32) width 728: ".three {border-color: purple green blue yellow; border-width: medium; border-style: solid;}"
          text run at (728,32) width 0: " "
      LayoutBlockFlow {P} at (0,115) size 784x80 [bgcolor=#C0C0C0]
        LayoutText {#text} at (0,0) size 638x19
          text run at (0,0) width 638: "This is an unstyled element, save for the background color, and containing inline elements with a classes of "
        LayoutInline {SPAN} at (0,0) size 62x25 [border: (3px solid #800080)]
          LayoutText {#text} at (640,0) size 56x19
            text run at (640,0) width 56: "class one"
        LayoutText {#text} at (698,0) size 9x19
          text run at (698,0) width 9: ", "
        LayoutInline {SPAN} at (0,0) size 63x25 [border: (3px solid #800080)]
          LayoutText {#text} at (709,0) size 57x19
            text run at (709,0) width 57: "class two"
        LayoutText {#text} at (768,0) size 773x39
          text run at (768,0) width 5: ","
          text run at (0,20) width 26: "and "
        LayoutInline {SPAN} at (0,0) size 69x25 [border: (3px solid #800080) (3px solid #008000) (3px solid #0000FF) (3px solid #FFFF00)]
          LayoutText {#text} at (29,20) size 63x19
            text run at (29,20) width 63: "class three"
        LayoutText {#text} at (95,20) size 765x59
          text run at (95,20) width 8: ". "
          text run at (103,20) width 662: "The effect for each inline element should be to have a purple medium-width solid border in the first and second"
          text run at (0,40) width 473: "cases, and a purple-green-blue-yellow medium-width solid border in the third. "
          text run at (473,40) width 284: "The line-height of the parent element should not"
          text run at (0,60) width 150: "change at all, on any line."
      LayoutTable {TABLE} at (0,211) size 784x118 [border: (1px outset #808080)]
        LayoutTableSection {TBODY} at (1,1) size 782x116
          LayoutTableRow {TR} at (0,0) size 782x28
            LayoutTableCell {TD} at (0,0) size 782x28 [bgcolor=#C0C0C0] [border: (1px inset #808080)] [r=0 c=0 rs=1 cs=2]
              LayoutInline {STRONG} at (0,0) size 157x19
                LayoutText {#text} at (4,4) size 157x19
                  text run at (4,4) width 157: "TABLE Testing Section"
          LayoutTableRow {TR} at (0,28) size 782x88
            LayoutTableCell {TD} at (0,58) size 12x28 [bgcolor=#C0C0C0] [border: (1px inset #808080)] [r=1 c=0 rs=1 cs=1]
              LayoutText {#text} at (4,4) size 4x19
                text run at (4,4) width 4: " "
            LayoutTableCell {TD} at (12,28) size 770x88 [border: (1px inset #808080)] [r=1 c=1 rs=1 cs=1]
              LayoutBlockFlow {P} at (4,4) size 762x80 [bgcolor=#C0C0C0]
                LayoutText {#text} at (0,0) size 638x19
                  text run at (0,0) width 638: "This is an unstyled element, save for the background color, and containing inline elements with a classes of "
                LayoutInline {SPAN} at (0,0) size 62x25 [border: (3px solid #800080)]
                  LayoutText {#text} at (640,0) size 56x19
                    text run at (640,0) width 56: "class one"
                LayoutText {#text} at (698,0) size 9x19
                  text run at (698,0) width 9: ", "
                LayoutInline {SPAN} at (0,0) size 739x45 [border: (3px solid #800080)]
                  LayoutText {#text} at (709,0) size 739x39
                    text run at (709,0) width 30: "class"
                    text run at (0,20) width 23: "two"
                LayoutText {#text} at (26,20) size 34x19
                  text run at (26,20) width 34: ", and "
                LayoutInline {SPAN} at (0,0) size 69x25 [border: (3px solid #800080) (3px solid #008000) (3px solid #0000FF) (3px solid #FFFF00)]
                  LayoutText {#text} at (63,20) size 63x19
                    text run at (63,20) width 63: "class three"
                LayoutText {#text} at (129,20) size 752x59
                  text run at (129,20) width 8: ". "
                  text run at (137,20) width 615: "The effect for each inline element should be to have a purple medium-width solid border in the first and"
                  text run at (0,40) width 520: "second cases, and a purple-green-blue-yellow medium-width solid border in the third. "
                  text run at (520,40) width 218: "The line-height of the parent element"
                  text run at (0,60) width 216: "should not change at all, on any line."
layer at (8,105) size 784x2 clip at (0,0) size 0x0
  LayoutBlockFlow {HR} at (0,97) size 784x2 [border: (1px inset #EEEEEE)]
