layer at (0,0) size 800x600
  LayoutView at (0,0) size 800x600
layer at (0,0) size 800x600
  LayoutBlockFlow {HTML} at (0,0) size 800x600
    LayoutBlockFlow {BODY} at (8,8) size 784x584 [bgcolor=#CCCCCC]
      LayoutBlockFlow {P} at (0,0) size 784x20
        LayoutText {#text} at (0,0) size 337x19
          text run at (0,0) width 337: "The style declarations which apply to the text below are:"
      LayoutBlockFlow {PRE} at (0,36) size 784x48
        LayoutText {#text} at (0,0) size 424x48
          text run at (0,0) width 424: ".one {border-right-width: 25px; border-style: solid;}"
          text run at (424,0) width 0: " "
          text run at (0,16) width 424: ".two {border-right-width: thin; border-style: solid;}"
          text run at (424,16) width 0: " "
          text run at (0,32) width 272: ".three {border-right-width: 25px;}"
          text run at (272,32) width 0: " "
      LayoutBlockFlow {P} at (0,115) size 784x66 [border: (3px solid #000000) (25px solid #000000) (3px solid #000000)]
        LayoutText {#text} at (3,3) size 163x19
          text run at (3,3) width 163: "This element has a class of "
        LayoutInline {TT} at (0,0) size 24x16
          LayoutText {#text} at (166,6) size 24x16
            text run at (166,6) width 24: "one"
        LayoutText {#text} at (190,3) size 154x19
          text run at (190,3) width 8: ". "
          text run at (198,3) width 146: "However, it contains an "
        LayoutInline {SPAN} at (0,0) size 162x25 [border: (3px solid #000000) (1px solid #000000) (3px solid #000000)]
          LayoutText {#text} at (346,3) size 134x19
            text run at (346,3) width 134: "inline element of class "
          LayoutInline {TT} at (0,0) size 25x16
            LayoutText {#text} at (479,6) size 25x16
              text run at (479,6) width 25: "two"
        LayoutText {#text} at (504,3) size 751x39
          text run at (504,3) width 250: ", which should result in a thin solid border"
          text run at (3,23) width 137: "on the right side of the "
        LayoutInline {STRONG} at (0,0) size 24x19
          LayoutText {#text} at (140,23) size 24x19
            text run at (140,23) width 24: "last"
        LayoutText {#text} at (164,23) size 577x19
          text run at (164,23) width 483: " box of the inline element (and the UA's default border on the other three sides). "
          text run at (647,23) width 94: "There is also an"
        LayoutInline {SPAN} at (0,0) size 173x19
          LayoutText {#text} at (3,43) size 133x19
            text run at (3,43) width 133: "inline element of class "
          LayoutInline {TT} at (0,0) size 40x16
            LayoutText {#text} at (136,46) size 40x16
              text run at (136,46) width 40: "three"
        LayoutText {#text} at (176,43) size 553x19
          text run at (176,43) width 553: ", which should have no right border width or visible border because no border style was set."
      LayoutTable {TABLE} at (0,197) size 784x124 [border: (1px outset #808080)]
        LayoutTableSection {TBODY} at (1,1) size 782x122
          LayoutTableRow {TR} at (0,0) size 782x28
            LayoutTableCell {TD} at (0,0) size 782x28 [bgcolor=#C0C0C0] [border: (1px inset #808080)] [r=0 c=0 rs=1 cs=2]
              LayoutInline {STRONG} at (0,0) size 157x19
                LayoutText {#text} at (4,4) size 157x19
                  text run at (4,4) width 157: "TABLE Testing Section"
          LayoutTableRow {TR} at (0,28) size 782x94
            LayoutTableCell {TD} at (0,61) size 12x28 [bgcolor=#C0C0C0] [border: (1px inset #808080)] [r=1 c=0 rs=1 cs=1]
              LayoutText {#text} at (4,4) size 4x19
                text run at (4,4) width 4: " "
            LayoutTableCell {TD} at (12,28) size 770x94 [border: (1px inset #808080)] [r=1 c=1 rs=1 cs=1]
              LayoutBlockFlow {P} at (4,4) size 762x86 [border: (3px solid #000000) (25px solid #000000) (3px solid #000000)]
                LayoutText {#text} at (3,3) size 163x19
                  text run at (3,3) width 163: "This element has a class of "
                LayoutInline {TT} at (0,0) size 24x16
                  LayoutText {#text} at (166,6) size 24x16
                    text run at (166,6) width 24: "one"
                LayoutText {#text} at (190,3) size 154x19
                  text run at (190,3) width 8: ". "
                  text run at (198,3) width 146: "However, it contains an "
                LayoutInline {SPAN} at (0,0) size 162x25 [border: (3px solid #000000) (1px solid #000000) (3px solid #000000)]
                  LayoutText {#text} at (346,3) size 134x19
                    text run at (346,3) width 134: "inline element of class "
                  LayoutInline {TT} at (0,0) size 25x16
                    LayoutText {#text} at (479,6) size 25x16
                      text run at (479,6) width 25: "two"
                LayoutText {#text} at (504,3) size 706x39
                  text run at (504,3) width 205: ", which should result in a thin solid"
                  text run at (3,23) width 182: "border on the right side of the "
                LayoutInline {STRONG} at (0,0) size 24x19
                  LayoutText {#text} at (185,23) size 24x19
                    text run at (185,23) width 24: "last"
                LayoutText {#text} at (209,23) size 724x39
                  text run at (209,23) width 483: " box of the inline element (and the UA's default border on the other three sides). "
                  text run at (692,23) width 35: "There"
                  text run at (3,43) width 59: "is also an "
                LayoutInline {SPAN} at (0,0) size 173x19
                  LayoutText {#text} at (62,43) size 133x19
                    text run at (62,43) width 133: "inline element of class "
                  LayoutInline {TT} at (0,0) size 40x16
                    LayoutText {#text} at (195,46) size 40x16
                      text run at (195,46) width 40: "three"
                LayoutText {#text} at (235,43) size 732x39
                  text run at (235,43) width 500: ", which should have no right border width or visible border because no border style"
                  text run at (3,63) width 49: "was set."
layer at (8,105) size 784x2 clip at (0,0) size 0x0
  LayoutBlockFlow {HR} at (0,97) size 784x2 [border: (1px inset #EEEEEE)]
