layer at (0,0) size 800x600
  LayoutView at (0,0) size 800x600
layer at (0,0) size 800x600
  LayoutBlockFlow {HTML} at (0,0) size 800x600
    LayoutBlockFlow {BODY} at (8,8) size 784x584 [bgcolor=#CCCCCC]
      LayoutBlockFlow {P} at (20,0) size 764x20
        LayoutText {#text} at (0,0) size 337x19
          text run at (0,0) width 337: "The style declarations which apply to the text below are:"
      LayoutBlockFlow {PRE} at (0,36) size 784x64
        LayoutText {#text} at (0,0) size 312x64
          text run at (0,0) width 176: "P {margin-left: 20px;}"
          text run at (176,0) width 0: " "
          text run at (0,16) width 312: ".one {border-left: purple double 10px;}"
          text run at (312,16) width 0: " "
          text run at (0,32) width 304: ".two {border-left: purple thin solid;}"
          text run at (304,32) width 0: " "
          text run at (0,48) width 0: " "
      LayoutBlockFlow {P} at (20,131) size 764x60 [bgcolor=#C0C0C0]
        LayoutText {#text} at (0,0) size 723x19
          text run at (0,0) width 723: "This paragraph has a background color of silver and a 20-pixel left margin, and it contains inline elements with classes of "
        LayoutInline {SPAN} at (0,0) size 762x39 [border: none (10px double #800080)]
          LayoutText {#text} at (732,0) size 762x39
            text run at (732,0) width 30: "class"
            text run at (0,20) width 22: "one"
        LayoutText {#text} at (22,20) size 371x19
          text run at (22,20) width 371: ", which should have a 10-pixel purple double left border; and "
        LayoutInline {SPAN} at (0,0) size 57x19 [border: none (1px solid #800080)]
          LayoutText {#text} at (394,20) size 56x19
            text run at (394,20) width 56: "class two"
        LayoutText {#text} at (450,20) size 749x39
          text run at (450,20) width 299: ", which should have a thin solid purple left border."
          text run at (0,40) width 402: "The line-height of the parent element should not change on any line."
      LayoutTable {TABLE} at (0,207) size 784x98 [border: (1px outset #808080)]
        LayoutTableSection {TBODY} at (1,1) size 782x96
          LayoutTableRow {TR} at (0,0) size 782x28
            LayoutTableCell {TD} at (0,0) size 782x28 [bgcolor=#C0C0C0] [border: (1px inset #808080)] [r=0 c=0 rs=1 cs=2]
              LayoutInline {STRONG} at (0,0) size 157x19
                LayoutText {#text} at (4,4) size 157x19
                  text run at (4,4) width 157: "TABLE Testing Section"
          LayoutTableRow {TR} at (0,28) size 782x68
            LayoutTableCell {TD} at (0,48) size 12x28 [bgcolor=#C0C0C0] [border: (1px inset #808080)] [r=1 c=0 rs=1 cs=1]
              LayoutText {#text} at (4,4) size 4x19
                text run at (4,4) width 4: " "
            LayoutTableCell {TD} at (12,28) size 770x68 [border: (1px inset #808080)] [r=1 c=1 rs=1 cs=1]
              LayoutBlockFlow {P} at (24,4) size 742x60 [bgcolor=#C0C0C0]
                LayoutText {#text} at (0,0) size 719x19
                  text run at (0,0) width 719: "This paragraph has a background color of silver and a 20-pixel left margin, and it contains inline elements with classes of"
                LayoutInline {SPAN} at (0,0) size 65x19 [border: none (10px double #800080)]
                  LayoutText {#text} at (10,20) size 55x19
                    text run at (10,20) width 55: "class one"
                LayoutText {#text} at (65,20) size 371x19
                  text run at (65,20) width 371: ", which should have a 10-pixel purple double left border; and "
                LayoutInline {SPAN} at (0,0) size 57x19 [border: none (1px solid #800080)]
                  LayoutText {#text} at (437,20) size 56x19
                    text run at (437,20) width 56: "class two"
                LayoutText {#text} at (493,20) size 721x39
                  text run at (493,20) width 228: ", which should have a thin solid purple"
                  text run at (0,40) width 71: "left border. "
                  text run at (70,40) width 403: "The line-height of the parent element should not change on any line."
layer at (8,121) size 784x2 clip at (0,0) size 0x0
  LayoutBlockFlow {HR} at (0,113) size 784x2 [border: (1px inset #EEEEEE)]
