layer at (0,0) size 800x600 clip at (0,0) size 785x600 scrollHeight 732
  LayoutView at (0,0) size 800x600
layer at (0,0) size 785x732 backgroundClip at (0,0) size 785x600 clip at (0,0) size 785x600
  LayoutBlockFlow {HTML} at (0,0) size 785x732
    LayoutBlockFlow {BODY} at (8,8) size 769x704 [bgcolor=#CCCCCC]
      LayoutBlockFlow {P} at (0,0) size 769x20
        LayoutText {#text} at (0,0) size 337x19
          text run at (0,0) width 337: "The style declarations which apply to the text below are:"
      LayoutBlockFlow {PRE} at (0,33) size 769x208
        LayoutText {#text} at (0,0) size 512x208
          text run at (0,0) width 392: "P { margin: 0; padding: 0; text-align:  justify;}"
          text run at (392,0) width 0: " "
          text run at (0,16) width 0: " "
          text run at (0,32) width 336: "DIV.yellow, DIV.blue, DIV.red, DIV.green {"
          text run at (336,32) width 0: " "
          text run at (0,48) width 336: " width: 60px; padding: 20px; margin: 10px;"
          text run at (336,48) width 0: " "
          text run at (0,64) width 472: " border: 20px solid black; float: left; text-align: center;"
          text run at (472,64) width 0: " "
          text run at (0,80) width 360: " font-family: \"Times New Roman\",Times,serif;}"
          text run at (360,80) width 0: " "
          text run at (0,96) width 512: "DIV.yellow {margin-left: 0px; background: yellow; color: black;}"
          text run at (512,96) width 0: " "
          text run at (0,112) width 336: "DIV.blue {background: blue; color: white;}"
          text run at (336,112) width 0: " "
          text run at (0,128) width 320: "DIV.red {background: red; color: black;}"
          text run at (320,128) width 0: " "
          text run at (0,144) width 352: "DIV.green {background: green; color: white;}"
          text run at (352,144) width 0: " "
          text run at (0,160) width 192: "DIV.below {clear: both;}"
          text run at (192,160) width 0: " "
          text run at (0,176) width 200: "TABLE {margin: 20px 0px;}"
          text run at (200,176) width 0: " "
          text run at (0,192) width 0: " "
      LayoutBlockFlow {P} at (0,264) size 769x40
        LayoutText {#text} at (0,0) size 769x39
          text run at (0,0) width 769: "The four floating DIV elements below should appear next to each other horizontally. The table at the bottom of this page"
          text run at (0,20) width 380: "indicates how the DIV elements should be laid out horizontally. "
          text run at (379,20) width 205: "They should align with each other."
      LayoutBlockFlow (floating) {DIV} at (0,314) size 140x100 [bgcolor=#FFFF00] [border: (20px solid #000000)]
        LayoutBlockFlow {P} at (40,40) size 60x20
          LayoutText {#text} at (0,0) size 42x19
            text run at (0,0) width 42: "Yellow"
      LayoutBlockFlow (floating) {DIV} at (160,314) size 140x100 [color=#FFFFFF] [bgcolor=#0000FF] [border: (20px solid #000000)]
        LayoutBlockFlow {P} at (40,40) size 60x20
          LayoutText {#text} at (0,0) size 27x19
            text run at (0,0) width 27: "Blue"
      LayoutBlockFlow (floating) {DIV} at (320,314) size 140x100 [bgcolor=#FF0000] [border: (20px solid #000000)]
        LayoutBlockFlow {P} at (40,40) size 60x20
          LayoutText {#text} at (0,0) size 25x19
            text run at (0,0) width 25: "Red"
      LayoutBlockFlow (floating) {DIV} at (480,314) size 140x100 [color=#FFFFFF] [bgcolor=#008000] [border: (20px solid #000000)]
        LayoutBlockFlow {P} at (40,40) size 60x20
          LayoutText {#text} at (0,0) size 37x19
            text run at (0,0) width 37: "Green"
      LayoutBlockFlow {DIV} at (0,424) size 769x21
        LayoutTable {TABLE} at (0,0) size 620x21
          LayoutTableSection {TBODY} at (0,0) size 620x21
            LayoutTableRow {TR} at (0,0) size 620x21
              LayoutTableCell {TD} at (0,10) size 20x1 [bgcolor=#000000] [r=0 c=0 rs=1 cs=1]
                LayoutBlockFlow {IMG} at (0,0) size 20x1
              LayoutTableCell {TD} at (20,10) size 100x1 [bgcolor=#FFFF00] [r=0 c=1 rs=1 cs=1]
                LayoutBlockFlow {IMG} at (0,0) size 100x1
              LayoutTableCell {TD} at (120,10) size 20x0 [bgcolor=#000000] [r=0 c=2 rs=1 cs=1]
              LayoutTableCell {TD} at (140,10) size 20x1 [bgcolor=#FFFFFF] [r=0 c=3 rs=1 cs=1]
                LayoutBlockFlow {IMG} at (0,0) size 20x1
              LayoutTableCell {TD} at (160,10) size 20x1 [bgcolor=#000000] [r=0 c=4 rs=1 cs=1]
                LayoutBlockFlow {IMG} at (0,0) size 20x1
              LayoutTableCell {TD} at (180,10) size 100x1 [bgcolor=#0000FF] [r=0 c=5 rs=1 cs=1]
                LayoutBlockFlow {IMG} at (0,0) size 100x1
              LayoutTableCell {TD} at (280,10) size 20x1 [bgcolor=#000000] [r=0 c=6 rs=1 cs=1]
                LayoutBlockFlow {IMG} at (0,0) size 20x1
              LayoutTableCell {TD} at (300,10) size 20x1 [bgcolor=#FFFFFF] [r=0 c=7 rs=1 cs=1]
                LayoutBlockFlow {IMG} at (0,0) size 20x1
              LayoutTableCell {TD} at (320,10) size 20x1 [bgcolor=#000000] [r=0 c=8 rs=1 cs=1]
                LayoutBlockFlow {IMG} at (0,0) size 20x1
              LayoutTableCell {TD} at (340,10) size 100x1 [bgcolor=#FF0000] [r=0 c=9 rs=1 cs=1]
                LayoutBlockFlow {IMG} at (0,0) size 100x1
              LayoutTableCell {TD} at (440,0) size 20x21 [bgcolor=#000000] [r=0 c=10 rs=1 cs=1]
                LayoutBlockFlow {IMG} at (0,0) size 20x1
                LayoutText {#text} at (0,1) size 4x19
                  text run at (0,1) width 4: ";"
              LayoutTableCell {TD} at (460,10) size 20x1 [bgcolor=#FFFFFF] [r=0 c=11 rs=1 cs=1]
                LayoutBlockFlow {IMG} at (0,0) size 20x1
              LayoutTableCell {TD} at (480,10) size 20x1 [bgcolor=#000000] [r=0 c=12 rs=1 cs=1]
                LayoutBlockFlow {IMG} at (0,0) size 20x1
              LayoutTableCell {TD} at (500,10) size 100x1 [bgcolor=#008000] [r=0 c=13 rs=1 cs=1]
                LayoutBlockFlow {IMG} at (0,0) size 100x1
              LayoutTableCell {TD} at (600,10) size 20x1 [bgcolor=#000000] [r=0 c=14 rs=1 cs=1]
                LayoutBlockFlow {IMG} at (0,0) size 20x1
      LayoutTable {TABLE} at (0,465) size 769x239 [border: (1px outset #808080)]
        LayoutTableSection {TBODY} at (1,1) size 767x237
          LayoutTableRow {TR} at (0,0) size 767x28
            LayoutTableCell {TD} at (0,0) size 767x28 [bgcolor=#C0C0C0] [border: (1px inset #808080)] [r=0 c=0 rs=1 cs=2]
              LayoutInline {STRONG} at (0,0) size 157x19
                LayoutText {#text} at (4,4) size 157x19
                  text run at (4,4) width 157: "TABLE Testing Section"
          LayoutTableRow {TR} at (0,28) size 767x209
            LayoutTableCell {TD} at (0,118) size 12x28 [bgcolor=#C0C0C0] [border: (1px inset #808080)] [r=1 c=0 rs=1 cs=1]
              LayoutText {#text} at (4,4) size 4x19
                text run at (4,4) width 4: " "
            LayoutTableCell {TD} at (12,28) size 755x209 [border: (1px inset #808080)] [r=1 c=1 rs=1 cs=1]
              LayoutBlockFlow {P} at (4,4) size 747x40
                LayoutText {#text} at (0,0) size 747x39
                  text run at (0,0) width 747: "The four floating DIV elements below should appear next to each other horizontally. The table at the bottom of this page"
                  text run at (0,20) width 380: "indicates how the DIV elements should be laid out horizontally. "
                  text run at (379,20) width 205: "They should align with each other."
              LayoutBlockFlow (floating) {DIV} at (4,54) size 140x100 [bgcolor=#FFFF00] [border: (20px solid #000000)]
                LayoutBlockFlow {P} at (40,40) size 60x20
                  LayoutText {#text} at (0,0) size 42x19
                    text run at (0,0) width 42: "Yellow"
              LayoutBlockFlow (floating) {DIV} at (164,54) size 140x100 [color=#FFFFFF] [bgcolor=#0000FF] [border: (20px solid #000000)]
                LayoutBlockFlow {P} at (40,40) size 60x20
                  LayoutText {#text} at (0,0) size 27x19
                    text run at (0,0) width 27: "Blue"
              LayoutBlockFlow (floating) {DIV} at (324,54) size 140x100 [bgcolor=#FF0000] [border: (20px solid #000000)]
                LayoutBlockFlow {P} at (40,40) size 60x20
                  LayoutText {#text} at (0,0) size 25x19
                    text run at (0,0) width 25: "Red"
              LayoutBlockFlow (floating) {DIV} at (484,54) size 140x100 [color=#FFFFFF] [bgcolor=#008000] [border: (20px solid #000000)]
                LayoutBlockFlow {P} at (40,40) size 60x20
                  LayoutText {#text} at (0,0) size 37x19
                    text run at (0,0) width 37: "Green"
              LayoutBlockFlow {DIV} at (4,164) size 747x21
                LayoutTable {TABLE} at (0,0) size 620x21
                  LayoutTableSection {TBODY} at (0,0) size 620x21
                    LayoutTableRow {TR} at (0,0) size 620x21
                      LayoutTableCell {TD} at (0,10) size 20x1 [bgcolor=#000000] [r=0 c=0 rs=1 cs=1]
                        LayoutBlockFlow {IMG} at (0,0) size 20x1
                      LayoutTableCell {TD} at (20,10) size 100x1 [bgcolor=#FFFF00] [r=0 c=1 rs=1 cs=1]
                        LayoutBlockFlow {IMG} at (0,0) size 100x1
                      LayoutTableCell {TD} at (120,10) size 20x0 [bgcolor=#000000] [r=0 c=2 rs=1 cs=1]
                      LayoutTableCell {TD} at (140,10) size 20x1 [bgcolor=#FFFFFF] [r=0 c=3 rs=1 cs=1]
                        LayoutBlockFlow {IMG} at (0,0) size 20x1
                      LayoutTableCell {TD} at (160,10) size 20x1 [bgcolor=#000000] [r=0 c=4 rs=1 cs=1]
                        LayoutBlockFlow {IMG} at (0,0) size 20x1
                      LayoutTableCell {TD} at (180,10) size 100x1 [bgcolor=#0000FF] [r=0 c=5 rs=1 cs=1]
                        LayoutBlockFlow {IMG} at (0,0) size 100x1
                      LayoutTableCell {TD} at (280,10) size 20x1 [bgcolor=#000000] [r=0 c=6 rs=1 cs=1]
                        LayoutBlockFlow {IMG} at (0,0) size 20x1
                      LayoutTableCell {TD} at (300,10) size 20x1 [bgcolor=#FFFFFF] [r=0 c=7 rs=1 cs=1]
                        LayoutBlockFlow {IMG} at (0,0) size 20x1
                      LayoutTableCell {TD} at (320,10) size 20x1 [bgcolor=#000000] [r=0 c=8 rs=1 cs=1]
                        LayoutBlockFlow {IMG} at (0,0) size 20x1
                      LayoutTableCell {TD} at (340,10) size 100x1 [bgcolor=#FF0000] [r=0 c=9 rs=1 cs=1]
                        LayoutBlockFlow {IMG} at (0,0) size 100x1
                      LayoutTableCell {TD} at (440,0) size 20x21 [bgcolor=#000000] [r=0 c=10 rs=1 cs=1]
                        LayoutBlockFlow {IMG} at (0,0) size 20x1
                        LayoutText {#text} at (0,1) size 4x19
                          text run at (0,1) width 4: ";"
                      LayoutTableCell {TD} at (460,10) size 20x1 [bgcolor=#FFFFFF] [r=0 c=11 rs=1 cs=1]
                        LayoutBlockFlow {IMG} at (0,0) size 20x1
                      LayoutTableCell {TD} at (480,10) size 20x1 [bgcolor=#000000] [r=0 c=12 rs=1 cs=1]
                        LayoutBlockFlow {IMG} at (0,0) size 20x1
                      LayoutTableCell {TD} at (500,10) size 100x1 [bgcolor=#008000] [r=0 c=13 rs=1 cs=1]
                        LayoutBlockFlow {IMG} at (0,0) size 100x1
                      LayoutTableCell {TD} at (600,10) size 20x1 [bgcolor=#000000] [r=0 c=14 rs=1 cs=1]
                        LayoutBlockFlow {IMG} at (0,0) size 20x1
layer at (8,262) size 769x2 clip at (0,0) size 0x0
  LayoutBlockFlow {HR} at (0,254) size 769x2 [border: (1px inset #EEEEEE)]
layer at (8,442) size 20x1
  LayoutBlockFlow {SPAN} at (0,0) size 20x1
    LayoutInline {SPAN} at (0,0) size 0x0
layer at (28,442) size 100x1
  LayoutBlockFlow {SPAN} at (0,0) size 100x1
    LayoutInline {SPAN} at (0,0) size 0x0
layer at (148,442) size 20x1
  LayoutBlockFlow {SPAN} at (0,0) size 20x1
    LayoutInline {SPAN} at (0,0) size 0x0
layer at (168,442) size 20x1
  LayoutBlockFlow {SPAN} at (0,0) size 20x1
    LayoutInline {SPAN} at (0,0) size 0x0
layer at (188,442) size 100x1
  LayoutBlockFlow {SPAN} at (0,0) size 100x1
    LayoutInline {SPAN} at (0,0) size 0x0
layer at (288,442) size 20x1
  LayoutBlockFlow {SPAN} at (0,0) size 20x1
    LayoutInline {SPAN} at (0,0) size 0x0
layer at (308,442) size 20x1
  LayoutBlockFlow {SPAN} at (0,0) size 20x1
    LayoutInline {SPAN} at (0,0) size 0x0
layer at (328,442) size 20x1
  LayoutBlockFlow {SPAN} at (0,0) size 20x1
    LayoutInline {SPAN} at (0,0) size 0x0
layer at (348,442) size 100x1
  LayoutBlockFlow {SPAN} at (0,0) size 100x1
    LayoutInline {SPAN} at (0,0) size 0x0
layer at (448,432) size 20x1
  LayoutBlockFlow {SPAN} at (0,0) size 20x1
    LayoutInline {SPAN} at (0,0) size 0x0
layer at (468,442) size 20x1
  LayoutBlockFlow {SPAN} at (0,0) size 20x1
    LayoutInline {SPAN} at (0,0) size 0x0
layer at (488,442) size 20x1
  LayoutBlockFlow {SPAN} at (0,0) size 20x1
    LayoutInline {SPAN} at (0,0) size 0x0
layer at (508,442) size 100x1
  LayoutBlockFlow {SPAN} at (0,0) size 100x1
    LayoutInline {SPAN} at (0,0) size 0x0
layer at (608,442) size 20x1
  LayoutBlockFlow {SPAN} at (0,0) size 20x1
    LayoutInline {SPAN} at (0,0) size 0x0
layer at (25,676) size 20x1 backgroundClip at (0,0) size 0x0 clip at (0,0) size 0x0
  LayoutBlockFlow {SPAN} at (0,0) size 20x1
    LayoutInline {SPAN} at (0,0) size 0x0
layer at (45,676) size 100x1 backgroundClip at (0,0) size 0x0 clip at (0,0) size 0x0
  LayoutBlockFlow {SPAN} at (0,0) size 100x1
    LayoutInline {SPAN} at (0,0) size 0x0
layer at (165,676) size 20x1 backgroundClip at (0,0) size 0x0 clip at (0,0) size 0x0
  LayoutBlockFlow {SPAN} at (0,0) size 20x1
    LayoutInline {SPAN} at (0,0) size 0x0
layer at (185,676) size 20x1 backgroundClip at (0,0) size 0x0 clip at (0,0) size 0x0
  LayoutBlockFlow {SPAN} at (0,0) size 20x1
    LayoutInline {SPAN} at (0,0) size 0x0
layer at (205,676) size 100x1 backgroundClip at (0,0) size 0x0 clip at (0,0) size 0x0
  LayoutBlockFlow {SPAN} at (0,0) size 100x1
    LayoutInline {SPAN} at (0,0) size 0x0
layer at (305,676) size 20x1 backgroundClip at (0,0) size 0x0 clip at (0,0) size 0x0
  LayoutBlockFlow {SPAN} at (0,0) size 20x1
    LayoutInline {SPAN} at (0,0) size 0x0
layer at (325,676) size 20x1 backgroundClip at (0,0) size 0x0 clip at (0,0) size 0x0
  LayoutBlockFlow {SPAN} at (0,0) size 20x1
    LayoutInline {SPAN} at (0,0) size 0x0
layer at (345,676) size 20x1 backgroundClip at (0,0) size 0x0 clip at (0,0) size 0x0
  LayoutBlockFlow {SPAN} at (0,0) size 20x1
    LayoutInline {SPAN} at (0,0) size 0x0
layer at (365,676) size 100x1 backgroundClip at (0,0) size 0x0 clip at (0,0) size 0x0
  LayoutBlockFlow {SPAN} at (0,0) size 100x1
    LayoutInline {SPAN} at (0,0) size 0x0
layer at (465,666) size 20x1 backgroundClip at (0,0) size 0x0 clip at (0,0) size 0x0
  LayoutBlockFlow {SPAN} at (0,0) size 20x1
    LayoutInline {SPAN} at (0,0) size 0x0
layer at (485,676) size 20x1 backgroundClip at (0,0) size 0x0 clip at (0,0) size 0x0
  LayoutBlockFlow {SPAN} at (0,0) size 20x1
    LayoutInline {SPAN} at (0,0) size 0x0
layer at (505,676) size 20x1 backgroundClip at (0,0) size 0x0 clip at (0,0) size 0x0
  LayoutBlockFlow {SPAN} at (0,0) size 20x1
    LayoutInline {SPAN} at (0,0) size 0x0
layer at (525,676) size 100x1 backgroundClip at (0,0) size 0x0 clip at (0,0) size 0x0
  LayoutBlockFlow {SPAN} at (0,0) size 100x1
    LayoutInline {SPAN} at (0,0) size 0x0
layer at (625,676) size 20x1 backgroundClip at (0,0) size 0x0 clip at (0,0) size 0x0
  LayoutBlockFlow {SPAN} at (0,0) size 20x1
    LayoutInline {SPAN} at (0,0) size 0x0
