layer at (0,0) size 800x600
  LayoutView at (0,0) size 800x600
layer at (0,0) size 800x600
  LayoutBlockFlow {HTML} at (0,0) size 800x600
    LayoutBlockFlow {BODY} at (8,8) size 784x584 [bgcolor=#CCCCCC]
      LayoutBlockFlow {P} at (0,0) size 784x20
        LayoutText {#text} at (0,0) size 337x19
          text run at (0,0) width 337: "The style declarations which apply to the text below are:"
      LayoutBlockFlow {PRE} at (0,36) size 784x64
        LayoutText {#text} at (0,0) size 392x64
          text run at (0,0) width 384: ".zero {background-color: silver; margin-top: 0;}"
          text run at (384,0) width 0: " "
          text run at (0,16) width 384: ".one {margin-top: 25px; background-color: aqua;}"
          text run at (384,16) width 0: " "
          text run at (0,32) width 392: ".two {margin-top: -10px; background-color: aqua;}"
          text run at (392,32) width 0: " "
          text run at (0,48) width 0: " "
      LayoutBlockFlow {P} at (0,131) size 784x60 [bgcolor=#808080]
        LayoutText {#text} at (0,0) size 452x19
          text run at (0,0) width 368: "This element is unstyled save for a background color of gray. "
          text run at (367,0) width 85: "It contains an "
        LayoutInline {SPAN} at (0,0) size 713x39 [bgcolor=#00FFFF]
          LayoutText {#text} at (451,0) size 134x19
            text run at (451,0) width 134: "inline element of class "
          LayoutInline {TT} at (0,0) size 25x16
            LayoutText {#text} at (584,3) size 25x16
              text run at (584,3) width 25: "one"
          LayoutText {#text} at (608,0) size 713x39
            text run at (608,0) width 105: ", giving it an aqua"
            text run at (0,20) width 212: "background and a 25px top margin"
        LayoutText {#text} at (211,20) size 753x39
          text run at (211,20) width 9: ". "
          text run at (219,20) width 534: "Margins on inline elements do not affect line-height calculations, so all lines in this element"
          text run at (0,40) width 197: "should have the same line-height."
      LayoutBlockFlow {P} at (0,207) size 784x60 [bgcolor=#808080]
        LayoutText {#text} at (0,0) size 452x19
          text run at (0,0) width 368: "This element is unstyled save for a background color of gray. "
          text run at (367,0) width 85: "It contains an "
        LayoutInline {SPAN} at (0,0) size 775x39 [bgcolor=#00FFFF]
          LayoutText {#text} at (451,0) size 134x19
            text run at (451,0) width 134: "inline element of class "
          LayoutInline {TT} at (0,0) size 25x16
            LayoutText {#text} at (584,3) size 25x16
              text run at (584,3) width 25: "two"
          LayoutText {#text} at (608,0) size 775x39
            text run at (608,0) width 167: ", giving the inline element an"
            text run at (0,20) width 251: "aqua background and a -10px top margin"
        LayoutText {#text} at (250,20) size 742x39
          text run at (250,20) width 9: ". "
          text run at (258,20) width 484: "Margins on inline elements do not affect line-height calculations, so all lines in this"
          text run at (0,40) width 247: "element should have the same line-height."
      LayoutTable {TABLE} at (0,283) size 784x174 [border: (1px outset #808080)]
        LayoutTableSection {TBODY} at (1,1) size 782x172
          LayoutTableRow {TR} at (0,0) size 782x28
            LayoutTableCell {TD} at (0,0) size 782x28 [bgcolor=#C0C0C0] [border: (1px inset #808080)] [r=0 c=0 rs=1 cs=2]
              LayoutInline {STRONG} at (0,0) size 157x19
                LayoutText {#text} at (4,4) size 157x19
                  text run at (4,4) width 157: "TABLE Testing Section"
          LayoutTableRow {TR} at (0,28) size 782x144
            LayoutTableCell {TD} at (0,86) size 12x28 [bgcolor=#C0C0C0] [border: (1px inset #808080)] [r=1 c=0 rs=1 cs=1]
              LayoutText {#text} at (4,4) size 4x19
                text run at (4,4) width 4: " "
            LayoutTableCell {TD} at (12,28) size 770x144 [border: (1px inset #808080)] [r=1 c=1 rs=1 cs=1]
              LayoutBlockFlow {P} at (4,4) size 762x60 [bgcolor=#808080]
                LayoutText {#text} at (0,0) size 452x19
                  text run at (0,0) width 368: "This element is unstyled save for a background color of gray. "
                  text run at (367,0) width 85: "It contains an "
                LayoutInline {SPAN} at (0,0) size 713x39 [bgcolor=#00FFFF]
                  LayoutText {#text} at (451,0) size 134x19
                    text run at (451,0) width 134: "inline element of class "
                  LayoutInline {TT} at (0,0) size 25x16
                    LayoutText {#text} at (584,3) size 25x16
                      text run at (584,3) width 25: "one"
                  LayoutText {#text} at (608,0) size 713x39
                    text run at (608,0) width 105: ", giving it an aqua"
                    text run at (0,20) width 212: "background and a 25px top margin"
                LayoutText {#text} at (211,20) size 753x39
                  text run at (211,20) width 9: ". "
                  text run at (219,20) width 534: "Margins on inline elements do not affect line-height calculations, so all lines in this element"
                  text run at (0,40) width 197: "should have the same line-height."
              LayoutBlockFlow {P} at (4,80) size 762x60 [bgcolor=#808080]
                LayoutText {#text} at (0,0) size 452x19
                  text run at (0,0) width 368: "This element is unstyled save for a background color of gray. "
                  text run at (367,0) width 85: "It contains an "
                LayoutInline {SPAN} at (0,0) size 757x39 [bgcolor=#00FFFF]
                  LayoutText {#text} at (451,0) size 134x19
                    text run at (451,0) width 134: "inline element of class "
                  LayoutInline {TT} at (0,0) size 25x16
                    LayoutText {#text} at (584,3) size 25x16
                      text run at (584,3) width 25: "two"
                  LayoutText {#text} at (608,0) size 757x39
                    text run at (608,0) width 149: ", giving the inline element"
                    text run at (0,20) width 269: "an aqua background and a -10px top margin"
                LayoutText {#text} at (268,20) size 760x39
                  text run at (268,20) width 9: ". "
                  text run at (276,20) width 484: "Margins on inline elements do not affect line-height calculations, so all lines in this"
                  text run at (0,40) width 247: "element should have the same line-height."
layer at (8,121) size 784x2 clip at (0,0) size 0x0
  LayoutBlockFlow {HR} at (0,113) size 784x2 [border: (1px inset #EEEEEE)]
