layer at (0,0) size 800x600 clip at (0,0) size 785x600 scrollHeight 1822
  LayoutView at (0,0) size 800x600
layer at (0,0) size 785x1822 backgroundClip at (0,0) size 785x600 clip at (0,0) size 785x600
  LayoutBlockFlow {HTML} at (0,0) size 785x1822.25
    LayoutBlockFlow {BODY} at (8,8) size 769x1806.25 [bgcolor=#CCCCCC]
      LayoutBlockFlow {P} at (0,0) size 769x20
        LayoutText {#text} at (0,0) size 337x19
          text run at (0,0) width 337: "The style declarations which apply to the text below are:"
      LayoutBlockFlow {PRE} at (0,36) size 769x144
        LayoutText {#text} at (0,0) size 416x144
          text run at (0,0) width 408: ".zero {background-color: silver; margin-bottom: 0;}"
          text run at (408,0) width 0: " "
          text run at (0,16) width 416: ".one {margin-bottom: 0.5in; background-color: aqua;}"
          text run at (416,16) width 0: " "
          text run at (0,32) width 408: ".two {margin-bottom: 25px; background-color: aqua;}"
          text run at (408,32) width 0: " "
          text run at (0,48) width 416: ".three {margin-bottom: 5em; background-color: aqua;}"
          text run at (416,48) width 0: " "
          text run at (0,64) width 408: ".four {margin-bottom: 25%; background-color: aqua;}"
          text run at (408,64) width 0: " "
          text run at (0,80) width 224: ".five {margin-bottom: 25px;}"
          text run at (224,80) width 0: " "
          text run at (0,96) width 416: ".six {margin-bottom: -10px; background-color: aqua;}"
          text run at (416,96) width 0: " "
          text run at (0,112) width 176: "P, UL {margin-top: 0;}"
          text run at (176,112) width 0: " "
          text run at (0,128) width 0: " "
      LayoutBlockFlow {P} at (0,203) size 769x20 [bgcolor=#C0C0C0]
        LayoutText {#text} at (0,0) size 193x19
          text run at (0,0) width 193: "This element has a class of zero."
      LayoutBlockFlow {P} at (0,223) size 769x40 [bgcolor=#00FFFF]
        LayoutText {#text} at (0,0) size 743x39
          text run at (0,0) width 743: "This sentence should have a bottom margin of half an inch, which will require extra text in order to make sure that the margin"
          text run at (0,20) width 147: "isn't applied to each line."
      LayoutBlockFlow {P} at (0,311) size 769x40 [bgcolor=#00FFFF]
        LayoutText {#text} at (0,0) size 757x39
          text run at (0,0) width 757: "This sentence should have a bottom margin of 25 pixels, which will require extra text in order to make sure that the margin isn't"
          text run at (0,20) width 120: "applied to each line."
      LayoutBlockFlow {P} at (0,376) size 769x40 [bgcolor=#00FFFF]
        LayoutText {#text} at (0,0) size 733x39
          text run at (0,0) width 733: "This sentence should have a bottom margin of 5 em, which will require extra text in order to make sure that the margin isn't"
          text run at (0,20) width 120: "applied to each line."
      LayoutBlockFlow {P} at (0,496) size 769x40 [bgcolor=#00FFFF]
        LayoutText {#text} at (0,0) size 726x39
          text run at (0,0) width 726: "This element should have a bottom margin of 25%, which will require extra text in order to make sure that the margin isn't"
          text run at (0,20) width 120: "applied to each line."
      LayoutBlockFlow {P} at (0,728.25) size 769x20 [bgcolor=#C0C0C0]
        LayoutText {#text} at (0,0) size 193x19
          text run at (0,0) width 193: "This element has a class of zero."
      LayoutBlockFlow {P} at (0,748.25) size 769x20 [bgcolor=#C0C0C0]
        LayoutText {#text} at (0,0) size 221x19
          text run at (0,0) width 221: "This element also has a class of zero."
      LayoutBlockFlow {UL} at (0,768.25) size 769x105 [bgcolor=#00FFFF]
        LayoutListItem {LI} at (40,0) size 729x20
          LayoutListMarker (anonymous) at (-18,0) size 7x19: bullet
          LayoutText {#text} at (0,0) size 402x19
            text run at (0,0) width 402: "This list has a margin-bottom of 25px, and a light blue background."
        LayoutListItem {LI} at (40,20) size 729x20
          LayoutListMarker (anonymous) at (-18,0) size 7x19: bullet
          LayoutText {#text} at (0,0) size 249x19
            text run at (0,0) width 249: "Therefore, it ought to have such a margin."
        LayoutListItem {LI} at (40,40) size 729x20
          LayoutListMarker (anonymous) at (-18,0) size 7x19: bullet
          LayoutText {#text} at (0,0) size 558x19
            text run at (0,0) width 558: "This list item has a bottom margin of 25px, which should cause it to be offset in some fashion."
        LayoutListItem {LI} at (40,85) size 729x20
          LayoutListMarker (anonymous) at (-18,0) size 7x19: bullet
          LayoutText {#text} at (0,0) size 278x19
            text run at (0,0) width 278: "This list item has no special styles applied to it."
      LayoutBlockFlow {P} at (0,898.25) size 769x60 [bgcolor=#00FFFF]
        LayoutText {#text} at (0,0) size 756x59
          text run at (0,0) width 756: "This paragraph has a bottom margin of -10px, which should cause elements after it to be shifted \"upward\" on the page, and no"
          text run at (0,20) width 72: "top margin. "
          text run at (71,20) width 468: "No other styles have been applied to it besides a light blue background color. "
          text run at (538,20) width 195: "In all other respects, the element"
          text run at (0,40) width 107: "should be normal."
      LayoutBlockFlow {P} at (0,948.25) size 769x20 [bgcolor=#C0C0C0]
        LayoutText {#text} at (0,0) size 193x19
          text run at (0,0) width 193: "This element has a class of zero."
      LayoutBlockFlow {P} at (0,968.25) size 769x20 [bgcolor=#C0C0C0]
        LayoutText {#text} at (0,0) size 221x19
          text run at (0,0) width 221: "This element also has a class of zero."
      LayoutTable {TABLE} at (0,988.25) size 769x818 [border: (1px outset #808080)]
        LayoutTableSection {TBODY} at (1,1) size 767x816
          LayoutTableRow {TR} at (0,0) size 767x28
            LayoutTableCell {TD} at (0,0) size 767x28 [bgcolor=#C0C0C0] [border: (1px inset #808080)] [r=0 c=0 rs=1 cs=2]
              LayoutInline {STRONG} at (0,0) size 157x19
                LayoutText {#text} at (4,4) size 157x19
                  text run at (4,4) width 157: "TABLE Testing Section"
          LayoutTableRow {TR} at (0,28) size 767x788
            LayoutTableCell {TD} at (0,408) size 12x28 [bgcolor=#C0C0C0] [border: (1px inset #808080)] [r=1 c=0 rs=1 cs=1]
              LayoutText {#text} at (4,4) size 4x19
                text run at (4,4) width 4: " "
            LayoutTableCell {TD} at (12,28) size 755x787.75 [border: (1px inset #808080)] [r=1 c=1 rs=1 cs=1]
              LayoutBlockFlow {P} at (4,4) size 747x20 [bgcolor=#C0C0C0]
                LayoutText {#text} at (0,0) size 193x19
                  text run at (0,0) width 193: "This element has a class of zero."
              LayoutBlockFlow {P} at (4,24) size 747x40 [bgcolor=#00FFFF]
                LayoutText {#text} at (0,0) size 743x39
                  text run at (0,0) width 743: "This sentence should have a bottom margin of half an inch, which will require extra text in order to make sure that the margin"
                  text run at (0,20) width 147: "isn't applied to each line."
              LayoutBlockFlow {P} at (4,112) size 747x40 [bgcolor=#00FFFF]
                LayoutText {#text} at (0,0) size 730x39
                  text run at (0,0) width 730: "This sentence should have a bottom margin of 25 pixels, which will require extra text in order to make sure that the margin"
                  text run at (0,20) width 147: "isn't applied to each line."
              LayoutBlockFlow {P} at (4,177) size 747x40 [bgcolor=#00FFFF]
                LayoutText {#text} at (0,0) size 733x39
                  text run at (0,0) width 733: "This sentence should have a bottom margin of 5 em, which will require extra text in order to make sure that the margin isn't"
                  text run at (0,20) width 120: "applied to each line."
              LayoutBlockFlow {P} at (4,297) size 747x40 [bgcolor=#00FFFF]
                LayoutText {#text} at (0,0) size 726x39
                  text run at (0,0) width 726: "This element should have a bottom margin of 25%, which will require extra text in order to make sure that the margin isn't"
                  text run at (0,20) width 120: "applied to each line."
              LayoutBlockFlow {P} at (4,523.75) size 747x20 [bgcolor=#C0C0C0]
                LayoutText {#text} at (0,0) size 193x19
                  text run at (0,0) width 193: "This element has a class of zero."
              LayoutBlockFlow {P} at (4,543.75) size 747x20 [bgcolor=#C0C0C0]
                LayoutText {#text} at (0,0) size 221x19
                  text run at (0,0) width 221: "This element also has a class of zero."
              LayoutBlockFlow {UL} at (4,563.75) size 747x105 [bgcolor=#00FFFF]
                LayoutListItem {LI} at (40,0) size 707x20
                  LayoutListMarker (anonymous) at (-18,0) size 7x19: bullet
                  LayoutText {#text} at (0,0) size 402x19
                    text run at (0,0) width 402: "This list has a margin-bottom of 25px, and a light blue background."
                LayoutListItem {LI} at (40,20) size 707x20
                  LayoutListMarker (anonymous) at (-18,0) size 7x19: bullet
                  LayoutText {#text} at (0,0) size 249x19
                    text run at (0,0) width 249: "Therefore, it ought to have such a margin."
                LayoutListItem {LI} at (40,40) size 707x20
                  LayoutListMarker (anonymous) at (-18,0) size 7x19: bullet
                  LayoutText {#text} at (0,0) size 558x19
                    text run at (0,0) width 558: "This list item has a bottom margin of 25px, which should cause it to be offset in some fashion."
                LayoutListItem {LI} at (40,85) size 707x20
                  LayoutListMarker (anonymous) at (-18,0) size 7x19: bullet
                  LayoutText {#text} at (0,0) size 278x19
                    text run at (0,0) width 278: "This list item has no special styles applied to it."
              LayoutBlockFlow {P} at (4,693.75) size 747x60 [bgcolor=#00FFFF]
                LayoutText {#text} at (0,0) size 737x59
                  text run at (0,0) width 737: "This paragraph has a bottom margin of -10px, which should cause elements after it to be shifted \"upward\" on the page, and"
                  text run at (0,20) width 91: "no top margin. "
                  text run at (90,20) width 468: "No other styles have been applied to it besides a light blue background color. "
                  text run at (557,20) width 145: "In all other respects, the"
                  text run at (0,40) width 157: "element should be normal."
              LayoutBlockFlow {P} at (4,743.75) size 747x20 [bgcolor=#C0C0C0]
                LayoutText {#text} at (0,0) size 193x19
                  text run at (0,0) width 193: "This element has a class of zero."
              LayoutBlockFlow {P} at (4,763.75) size 747x20 [bgcolor=#C0C0C0]
                LayoutText {#text} at (0,0) size 221x19
                  text run at (0,0) width 221: "This element also has a class of zero."
layer at (8,201) size 769x2 clip at (0,0) size 0x0
  LayoutBlockFlow {HR} at (0,193) size 769x2 [border: (1px inset #EEEEEE)]
