layer at (0,0) size 800x600
  LayoutView at (0,0) size 800x600
layer at (0,0) size 800x600
  LayoutBlockFlow {HTML} at (0,0) size 800x600
    LayoutBlockFlow {BODY} at (8,8) size 784x584 [bgcolor=#CCCCCC]
      LayoutBlockFlow {P} at (0,0) size 784x20
        LayoutText {#text} at (0,0) size 337x19
          text run at (0,0) width 337: "The style declarations which apply to the text below are:"
      LayoutBlockFlow {PRE} at (0,36) size 784x32
        LayoutText {#text} at (0,0) size 400x32
          text run at (0,0) width 392: ".one {margin-left: 25px; background-color: aqua;}"
          text run at (392,0) width 0: " "
          text run at (0,16) width 400: ".two {margin-left: -10px; background-color: aqua;}"
          text run at (400,16) width 0: " "
      LayoutBlockFlow {P} at (0,99) size 784x40 [bgcolor=#808080]
        LayoutText {#text} at (0,0) size 514x19
          text run at (0,0) width 368: "This element is unstyled save for a background color of gray. "
          text run at (367,0) width 147: "However, it contains an "
        LayoutInline {SPAN} at (0,0) size 158x19 [bgcolor=#00FFFF]
          LayoutText {#text} at (538,0) size 134x19
            text run at (538,0) width 134: "inline element of class "
          LayoutInline {TT} at (0,0) size 25x16
            LayoutText {#text} at (671,3) size 25x16
              text run at (671,3) width 25: "one"
        LayoutText {#text} at (695,0) size 782x39
          text run at (695,0) width 87: ", which should"
          text run at (0,20) width 235: "result in 25-pixel left margin only in the "
        LayoutInline {STRONG} at (0,0) size 28x19
          LayoutText {#text} at (234,20) size 28x19
            text run at (234,20) width 28: "first"
        LayoutText {#text} at (261,20) size 217x19
          text run at (261,20) width 217: " line in which the inline box appears."
      LayoutBlockFlow {P} at (0,155) size 784x40 [bgcolor=#808080]
        LayoutText {#text} at (0,0) size 514x19
          text run at (0,0) width 368: "This element is unstyled save for a background color of gray. "
          text run at (367,0) width 147: "However, it contains an "
        LayoutInline {SPAN} at (0,0) size 158x19 [bgcolor=#00FFFF]
          LayoutText {#text} at (503,0) size 134x19
            text run at (503,0) width 134: "inline element of class "
          LayoutInline {TT} at (0,0) size 25x16
            LayoutText {#text} at (636,3) size 25x16
              text run at (636,3) width 25: "two"
        LayoutText {#text} at (660,0) size 783x39
          text run at (660,0) width 123: ", which should result"
          text run at (0,20) width 186: "in -10px left margin only in the "
        LayoutInline {STRONG} at (0,0) size 28x19
          LayoutText {#text} at (185,20) size 28x19
            text run at (185,20) width 28: "first"
        LayoutText {#text} at (212,20) size 217x19
          text run at (212,20) width 217: " line in which the inline box appears."
      LayoutTable {TABLE} at (0,211) size 784x134 [border: (1px outset #808080)]
        LayoutTableSection {TBODY} at (1,1) size 782x132
          LayoutTableRow {TR} at (0,0) size 782x28
            LayoutTableCell {TD} at (0,0) size 782x28 [bgcolor=#C0C0C0] [border: (1px inset #808080)] [r=0 c=0 rs=1 cs=2]
              LayoutInline {STRONG} at (0,0) size 157x19
                LayoutText {#text} at (4,4) size 157x19
                  text run at (4,4) width 157: "TABLE Testing Section"
          LayoutTableRow {TR} at (0,28) size 782x104
            LayoutTableCell {TD} at (0,66) size 12x28 [bgcolor=#C0C0C0] [border: (1px inset #808080)] [r=1 c=0 rs=1 cs=1]
              LayoutText {#text} at (4,4) size 4x19
                text run at (4,4) width 4: " "
            LayoutTableCell {TD} at (12,28) size 770x104 [border: (1px inset #808080)] [r=1 c=1 rs=1 cs=1]
              LayoutBlockFlow {P} at (4,4) size 762x40 [bgcolor=#808080]
                LayoutText {#text} at (0,0) size 514x19
                  text run at (0,0) width 368: "This element is unstyled save for a background color of gray. "
                  text run at (367,0) width 147: "However, it contains an "
                LayoutInline {SPAN} at (0,0) size 158x19 [bgcolor=#00FFFF]
                  LayoutText {#text} at (538,0) size 134x19
                    text run at (538,0) width 134: "inline element of class "
                  LayoutInline {TT} at (0,0) size 25x16
                    LayoutText {#text} at (671,3) size 25x16
                      text run at (671,3) width 25: "one"
                LayoutText {#text} at (695,0) size 739x39
                  text run at (695,0) width 44: ", which"
                  text run at (0,20) width 278: "should result in 25-pixel left margin only in the "
                LayoutInline {STRONG} at (0,0) size 28x19
                  LayoutText {#text} at (277,20) size 28x19
                    text run at (277,20) width 28: "first"
                LayoutText {#text} at (304,20) size 217x19
                  text run at (304,20) width 217: " line in which the inline box appears."
              LayoutBlockFlow {P} at (4,60) size 762x40 [bgcolor=#808080]
                LayoutText {#text} at (0,0) size 514x19
                  text run at (0,0) width 368: "This element is unstyled save for a background color of gray. "
                  text run at (367,0) width 147: "However, it contains an "
                LayoutInline {SPAN} at (0,0) size 158x19 [bgcolor=#00FFFF]
                  LayoutText {#text} at (503,0) size 134x19
                    text run at (503,0) width 134: "inline element of class "
                  LayoutInline {TT} at (0,0) size 25x16
                    LayoutText {#text} at (636,3) size 25x16
                      text run at (636,3) width 25: "two"
                LayoutText {#text} at (660,0) size 747x39
                  text run at (660,0) width 87: ", which should"
                  text run at (0,20) width 222: "result in -10px left margin only in the "
                LayoutInline {STRONG} at (0,0) size 28x19
                  LayoutText {#text} at (221,20) size 28x19
                    text run at (221,20) width 28: "first"
                LayoutText {#text} at (248,20) size 217x19
                  text run at (248,20) width 217: " line in which the inline box appears."
layer at (8,89) size 784x2 clip at (0,0) size 0x0
  LayoutBlockFlow {HR} at (0,81) size 784x2 [border: (1px inset #EEEEEE)]
