layer at (0,0) size 800x600 clip at (0,0) size 785x600 scrollHeight 1590
  LayoutView at (0,0) size 800x600
layer at (0,0) size 785x1590 backgroundClip at (0,0) size 785x600 clip at (0,0) size 785x600
  LayoutBlockFlow {HTML} at (0,0) size 785x1590.25
    LayoutBlockFlow {BODY} at (8,8) size 769x1574.25 [bgcolor=#CCCCCC]
      LayoutBlockFlow {P} at (0,0) size 769x20
        LayoutText {#text} at (0,0) size 337x19
          text run at (0,0) width 337: "The style declarations which apply to the text below are:"
      LayoutBlockFlow {PRE} at (0,36) size 769x96
        LayoutText {#text} at (0,0) size 432x96
          text run at (0,0) width 416: ".zero {background-color: silver; padding-bottom: 0;}"
          text run at (416,0) width 0: " "
          text run at (0,16) width 424: ".one {padding-bottom: 0.5in; background-color: aqua;}"
          text run at (424,16) width 0: " "
          text run at (0,32) width 416: ".two {padding-bottom: 25px; background-color: aqua;}"
          text run at (416,32) width 0: " "
          text run at (0,48) width 424: ".three {padding-bottom: 5em; background-color: aqua;}"
          text run at (424,48) width 0: " "
          text run at (0,64) width 416: ".four {padding-bottom: 25%; background-color: aqua;}"
          text run at (416,64) width 0: " "
          text run at (0,80) width 432: ".five {padding-bottom: -20px; background-color: aqua;}"
          text run at (432,80) width 0: " "
      LayoutBlockFlow {P} at (0,163) size 769x20 [bgcolor=#C0C0C0]
        LayoutText {#text} at (0,0) size 193x19
          text run at (0,0) width 193: "This element has a class of zero."
      LayoutBlockFlow {P} at (0,199) size 769x88 [bgcolor=#00FFFF]
        LayoutText {#text} at (0,0) size 719x39
          text run at (0,0) width 620: "This element should have a bottom padding of half an inch, which will require extra text in order to test. "
          text run at (620,0) width 99: "Both the content"
          text run at (0,20) width 338: "background and the padding should be aqua (light blue)."
      LayoutBlockFlow {P} at (0,303) size 769x65 [bgcolor=#00FFFF]
        LayoutText {#text} at (0,0) size 706x39
          text run at (0,0) width 607: "This element should have a bottom padding of 25 pixels, which will require extra text in order to test. "
          text run at (607,0) width 99: "Both the content"
          text run at (0,20) width 338: "background and the padding should be aqua (light blue)."
      LayoutBlockFlow {P} at (0,384) size 769x120 [bgcolor=#00FFFF]
        LayoutText {#text} at (0,0) size 758x39
          text run at (0,0) width 583: "This element should have a bottom padding of 5 em, which will require extra text in order to test. "
          text run at (583,0) width 175: "Both the content background"
          text run at (0,20) width 262: "and the padding should be aqua (light blue)."
      LayoutBlockFlow {P} at (0,520) size 769x232.25 [bgcolor=#00FFFF]
        LayoutText {#text} at (0,0) size 768x39
          text run at (0,0) width 719: "This element should have a bottom padding of 25%, which is calculated with respect to the width of the parent element. "
          text run at (719,0) width 49: "This will"
          text run at (0,20) width 202: "require extra text in order to test. "
          text run at (202,20) width 441: "Both the content background and the padding should be aqua (light blue)."
      LayoutBlockFlow {P} at (0,768.25) size 769x20 [bgcolor=#C0C0C0]
        LayoutText {#text} at (0,0) size 193x19
          text run at (0,0) width 193: "This element has a class of zero."
      LayoutBlockFlow {P} at (0,804.25) size 769x40 [bgcolor=#00FFFF]
        LayoutText {#text} at (0,0) size 758x39
          text run at (0,0) width 557: "This element should have no bottom padding, since negative padding values are not allowed. "
          text run at (557,0) width 201: "Both the content background and"
          text run at (0,20) width 281: "the normal padding should be aqua (light blue)."
      LayoutTable {TABLE} at (0,860.25) size 769x714 [border: (1px outset #808080)]
        LayoutTableSection {TBODY} at (1,1) size 767x712
          LayoutTableRow {TR} at (0,0) size 767x28
            LayoutTableCell {TD} at (0,0) size 767x28 [bgcolor=#C0C0C0] [border: (1px inset #808080)] [r=0 c=0 rs=1 cs=2]
              LayoutInline {STRONG} at (0,0) size 157x19
                LayoutText {#text} at (4,4) size 157x19
                  text run at (4,4) width 157: "TABLE Testing Section"
          LayoutTableRow {TR} at (0,28) size 767x684
            LayoutTableCell {TD} at (0,356) size 12x28 [bgcolor=#C0C0C0] [border: (1px inset #808080)] [r=1 c=0 rs=1 cs=1]
              LayoutText {#text} at (4,4) size 4x19
                text run at (4,4) width 4: " "
            LayoutTableCell {TD} at (12,28) size 755x683.75 [border: (1px inset #808080)] [r=1 c=1 rs=1 cs=1]
              LayoutBlockFlow {P} at (4,4) size 747x20 [bgcolor=#C0C0C0]
                LayoutText {#text} at (0,0) size 193x19
                  text run at (0,0) width 193: "This element has a class of zero."
              LayoutBlockFlow {P} at (4,40) size 747x88 [bgcolor=#00FFFF]
                LayoutText {#text} at (0,0) size 719x39
                  text run at (0,0) width 620: "This element should have a bottom padding of half an inch, which will require extra text in order to test. "
                  text run at (620,0) width 99: "Both the content"
                  text run at (0,20) width 338: "background and the padding should be aqua (light blue)."
              LayoutBlockFlow {P} at (4,144) size 747x65 [bgcolor=#00FFFF]
                LayoutText {#text} at (0,0) size 706x39
                  text run at (0,0) width 607: "This element should have a bottom padding of 25 pixels, which will require extra text in order to test. "
                  text run at (607,0) width 99: "Both the content"
                  text run at (0,20) width 338: "background and the padding should be aqua (light blue)."
              LayoutBlockFlow {P} at (4,225) size 747x120 [bgcolor=#00FFFF]
                LayoutText {#text} at (0,0) size 682x39
                  text run at (0,0) width 583: "This element should have a bottom padding of 5 em, which will require extra text in order to test. "
                  text run at (583,0) width 99: "Both the content"
                  text run at (0,20) width 338: "background and the padding should be aqua (light blue)."
              LayoutBlockFlow {P} at (4,361) size 747x226.75 [bgcolor=#00FFFF]
                LayoutText {#text} at (0,0) size 744x39
                  text run at (0,0) width 719: "This element should have a bottom padding of 25%, which is calculated with respect to the width of the parent element. "
                  text run at (719,0) width 25: "This"
                  text run at (0,20) width 226: "will require extra text in order to test. "
                  text run at (226,20) width 441: "Both the content background and the padding should be aqua (light blue)."
              LayoutBlockFlow {P} at (4,603.75) size 747x20 [bgcolor=#C0C0C0]
                LayoutText {#text} at (0,0) size 193x19
                  text run at (0,0) width 193: "This element has a class of zero."
              LayoutBlockFlow {P} at (4,639.75) size 747x40 [bgcolor=#00FFFF]
                LayoutText {#text} at (0,0) size 732x39
                  text run at (0,0) width 557: "This element should have no bottom padding, since negative padding values are not allowed. "
                  text run at (557,0) width 175: "Both the content background"
                  text run at (0,20) width 307: "and the normal padding should be aqua (light blue)."
layer at (8,153) size 769x2 clip at (0,0) size 0x0
  LayoutBlockFlow {HR} at (0,145) size 769x2 [border: (1px inset #EEEEEE)]
