layer at (0,0) size 800x600 clip at (0,0) size 785x600 scrollHeight 809
  LayoutView at (0,0) size 800x600
layer at (0,0) size 785x809 backgroundClip at (0,0) size 785x600 clip at (0,0) size 785x600
  LayoutBlockFlow {HTML} at (0,0) size 785x809
    LayoutBlockFlow {BODY} at (8,8) size 769x793 [bgcolor=#CCCCCC]
      LayoutBlockFlow {P} at (0,0) size 769x20
        LayoutText {#text} at (0,0) size 337x19
          text run at (0,0) width 337: "The style declarations which apply to the text below are:"
      LayoutBlockFlow {PRE} at (0,36) size 769x64
        LayoutText {#text} at (0,0) size 368x64
          text run at (0,0) width 360: ".zero {background-color: silver; padding: 0;}"
          text run at (360,0) width 0: " "
          text run at (0,16) width 360: ".one {padding: 25px; background-color: aqua;}"
          text run at (360,16) width 0: " "
          text run at (0,32) width 368: ".two {padding: -10px; background-color: aqua;}"
          text run at (368,32) width 0: " "
          text run at (0,48) width 0: " "
      LayoutBlockFlow {P} at (0,131) size 769x20 [bgcolor=#C0C0C0]
        LayoutText {#text} at (0,0) size 193x19
          text run at (0,0) width 193: "This element has a class of zero."
      LayoutBlockFlow {P} at (0,167) size 769x120 [bgcolor=#808080]
        LayoutText {#text} at (0,0) size 452x19
          text run at (0,0) width 368: "This element is unstyled save for a background color of gray. "
          text run at (367,0) width 85: "It contains an "
        LayoutInline {SPAN} at (0,0) size 738x89 [bgcolor=#00FFFF]
          LayoutText {#text} at (476,0) size 134x19
            text run at (476,0) width 134: "inline element of class "
          LayoutInline {TT} at (0,0) size 25x16
            LayoutText {#text} at (609,3) size 25x16
              text run at (609,3) width 25: "one"
          LayoutText {#text} at (633,0) size 738x39
            text run at (633,0) width 105: ", giving it an aqua"
            text run at (0,20) width 196: "background and a 25px padding"
        LayoutText {#text} at (221,20) size 739x99
          text run at (221,20) width 8: ". "
          text run at (229,20) width 496: "Padding on inline elements does not affect line-height calculations, so all lines in this"
          text run at (0,40) width 251: "element should have the same line-height. "
          text run at (251,40) width 488: "There may be implementation-specific limits on how much of the padding the user"
          text run at (0,60) width 308: "agent is able to display above and below each line. "
          text run at (308,60) width 431: "However, there should be at least 25px of padding to the left side of the"
          text run at (0,80) width 720: "inline box in the first line it appears, and 25px of padding to the right side of the inline element box in the last line where it"
          text run at (0,100) width 52: "appears."
      LayoutBlockFlow {P} at (0,303) size 769x20 [bgcolor=#C0C0C0]
        LayoutText {#text} at (0,0) size 193x19
          text run at (0,0) width 193: "This element has a class of zero."
      LayoutBlockFlow {P} at (0,339) size 769x60 [bgcolor=#808080]
        LayoutText {#text} at (0,0) size 452x19
          text run at (0,0) width 368: "This element is unstyled save for a background color of gray. "
          text run at (367,0) width 85: "It contains an "
        LayoutInline {SPAN} at (0,0) size 713x39 [bgcolor=#00FFFF]
          LayoutText {#text} at (451,0) size 134x19
            text run at (451,0) width 134: "inline element of class "
          LayoutInline {TT} at (0,0) size 25x16
            LayoutText {#text} at (584,3) size 25x16
              text run at (584,3) width 25: "two"
          LayoutText {#text} at (608,0) size 713x39
            text run at (608,0) width 105: ", giving it an aqua"
            text run at (0,20) width 450: "background and no padding, since negative padding values are not allowed"
        LayoutText {#text} at (450,20) size 739x39
          text run at (450,20) width 8: ". "
          text run at (458,20) width 281: "Padding on inline elements does not affect line-"
          text run at (0,40) width 466: "height calculations, so all lines in this element should have the same line-height."
      LayoutBlockFlow {P} at (0,415) size 769x20 [bgcolor=#C0C0C0]
        LayoutText {#text} at (0,0) size 193x19
          text run at (0,0) width 193: "This element has a class of zero."
      LayoutTable {TABLE} at (0,451) size 769x342 [border: (1px outset #808080)]
        LayoutTableSection {TBODY} at (1,1) size 767x340
          LayoutTableRow {TR} at (0,0) size 767x28
            LayoutTableCell {TD} at (0,0) size 767x28 [bgcolor=#C0C0C0] [border: (1px inset #808080)] [r=0 c=0 rs=1 cs=2]
              LayoutInline {STRONG} at (0,0) size 157x19
                LayoutText {#text} at (4,4) size 157x19
                  text run at (4,4) width 157: "TABLE Testing Section"
          LayoutTableRow {TR} at (0,28) size 767x312
            LayoutTableCell {TD} at (0,170) size 12x28 [bgcolor=#C0C0C0] [border: (1px inset #808080)] [r=1 c=0 rs=1 cs=1]
              LayoutText {#text} at (4,4) size 4x19
                text run at (4,4) width 4: " "
            LayoutTableCell {TD} at (12,28) size 755x312 [border: (1px inset #808080)] [r=1 c=1 rs=1 cs=1]
              LayoutBlockFlow {P} at (4,4) size 747x20 [bgcolor=#C0C0C0]
                LayoutText {#text} at (0,0) size 193x19
                  text run at (0,0) width 193: "This element has a class of zero."
              LayoutBlockFlow {P} at (4,40) size 747x120 [bgcolor=#808080]
                LayoutText {#text} at (0,0) size 452x19
                  text run at (0,0) width 368: "This element is unstyled save for a background color of gray. "
                  text run at (367,0) width 85: "It contains an "
                LayoutInline {SPAN} at (0,0) size 738x89 [bgcolor=#00FFFF]
                  LayoutText {#text} at (476,0) size 134x19
                    text run at (476,0) width 134: "inline element of class "
                  LayoutInline {TT} at (0,0) size 25x16
                    LayoutText {#text} at (609,3) size 25x16
                      text run at (609,3) width 25: "one"
                  LayoutText {#text} at (633,0) size 738x39
                    text run at (633,0) width 105: ", giving it an aqua"
                    text run at (0,20) width 196: "background and a 25px padding"
                LayoutText {#text} at (221,20) size 739x99
                  text run at (221,20) width 8: ". "
                  text run at (229,20) width 496: "Padding on inline elements does not affect line-height calculations, so all lines in this"
                  text run at (0,40) width 251: "element should have the same line-height. "
                  text run at (251,40) width 488: "There may be implementation-specific limits on how much of the padding the user"
                  text run at (0,60) width 308: "agent is able to display above and below each line. "
                  text run at (308,60) width 431: "However, there should be at least 25px of padding to the left side of the"
                  text run at (0,80) width 720: "inline box in the first line it appears, and 25px of padding to the right side of the inline element box in the last line where it"
                  text run at (0,100) width 52: "appears."
              LayoutBlockFlow {P} at (4,176) size 747x20 [bgcolor=#C0C0C0]
                LayoutText {#text} at (0,0) size 193x19
                  text run at (0,0) width 193: "This element has a class of zero."
              LayoutBlockFlow {P} at (4,212) size 747x60 [bgcolor=#808080]
                LayoutText {#text} at (0,0) size 452x19
                  text run at (0,0) width 368: "This element is unstyled save for a background color of gray. "
                  text run at (367,0) width 85: "It contains an "
                LayoutInline {SPAN} at (0,0) size 713x39 [bgcolor=#00FFFF]
                  LayoutText {#text} at (451,0) size 134x19
                    text run at (451,0) width 134: "inline element of class "
                  LayoutInline {TT} at (0,0) size 25x16
                    LayoutText {#text} at (584,3) size 25x16
                      text run at (584,3) width 25: "two"
                  LayoutText {#text} at (608,0) size 713x39
                    text run at (608,0) width 105: ", giving it an aqua"
                    text run at (0,20) width 450: "background and no padding, since negative padding values are not allowed"
                LayoutText {#text} at (450,20) size 739x39
                  text run at (450,20) width 8: ". "
                  text run at (458,20) width 281: "Padding on inline elements does not affect line-"
                  text run at (0,40) width 466: "height calculations, so all lines in this element should have the same line-height."
              LayoutBlockFlow {P} at (4,288) size 747x20 [bgcolor=#C0C0C0]
                LayoutText {#text} at (0,0) size 193x19
                  text run at (0,0) width 193: "This element has a class of zero."
layer at (8,121) size 769x2 clip at (0,0) size 0x0
  LayoutBlockFlow {HR} at (0,113) size 769x2 [border: (1px inset #EEEEEE)]
