layer at (0,0) size 800x600
  LayoutView at (0,0) size 800x600
layer at (0,0) size 800x600
  LayoutBlockFlow {HTML} at (0,0) size 800x600
    LayoutBlockFlow {BODY} at (8,8) size 784x584 [bgcolor=#CCCCCC]
      LayoutBlockFlow {P} at (0,0) size 784x20
        LayoutText {#text} at (0,0) size 337x19
          text run at (0,0) width 337: "The style declarations which apply to the text below are:"
      LayoutBlockFlow {PRE} at (0,36) size 784x48
        LayoutText {#text} at (0,0) size 568x48
          text run at (0,0) width 560: ".one {padding-right: 25px; text-align: right; background-color: aqua;}"
          text run at (560,0) width 0: " "
          text run at (0,16) width 568: ".two {padding-right: -10px; text-align: right; background-color: aqua;}"
          text run at (568,16) width 0: " "
          text run at (0,32) width 0: " "
      LayoutBlockFlow {P} at (0,115) size 784x40 [bgcolor=#808080]
        LayoutText {#text} at (0,0) size 514x19
          text run at (0,0) width 368: "This element is unstyled save for a background color of gray. "
          text run at (367,0) width 147: "However, it contains an "
        LayoutInline {SPAN} at (0,0) size 183x19 [bgcolor=#00FFFF]
          LayoutText {#text} at (513,0) size 134x19
            text run at (513,0) width 134: "inline element of class "
          LayoutInline {TT} at (0,0) size 25x16
            LayoutText {#text} at (646,3) size 25x16
              text run at (646,3) width 25: "one"
        LayoutText {#text} at (695,0) size 782x39
          text run at (695,0) width 87: ", which should"
          text run at (0,20) width 447: "result in 25-pixel right padding (which should also be light blue) only in the "
        LayoutInline {STRONG} at (0,0) size 24x19
          LayoutText {#text} at (447,20) size 24x19
            text run at (447,20) width 24: "last"
        LayoutText {#text} at (471,20) size 216x19
          text run at (471,20) width 216: " line in which the inline box appears."
      LayoutBlockFlow {P} at (0,171) size 784x40 [bgcolor=#808080]
        LayoutText {#text} at (0,0) size 514x19
          text run at (0,0) width 368: "This element is unstyled save for a background color of gray. "
          text run at (367,0) width 147: "However, it contains an "
        LayoutInline {SPAN} at (0,0) size 158x19 [bgcolor=#00FFFF]
          LayoutText {#text} at (513,0) size 134x19
            text run at (513,0) width 134: "inline element of class "
          LayoutInline {TT} at (0,0) size 25x16
            LayoutText {#text} at (646,3) size 25x16
              text run at (646,3) width 25: "two"
        LayoutText {#text} at (670,0) size 757x39
          text run at (670,0) width 87: ", which should"
          text run at (0,20) width 472: "result in no right padding, since negative padding values are not allowed, in the "
        LayoutInline {STRONG} at (0,0) size 24x19
          LayoutText {#text} at (472,20) size 24x19
            text run at (472,20) width 24: "last"
        LayoutText {#text} at (496,20) size 216x19
          text run at (496,20) width 216: " line in which the inline box appears."
      LayoutTable {TABLE} at (0,227) size 784x134 [border: (1px outset #808080)]
        LayoutTableSection {TBODY} at (1,1) size 782x132
          LayoutTableRow {TR} at (0,0) size 782x28
            LayoutTableCell {TD} at (0,0) size 782x28 [bgcolor=#C0C0C0] [border: (1px inset #808080)] [r=0 c=0 rs=1 cs=2]
              LayoutInline {STRONG} at (0,0) size 157x19
                LayoutText {#text} at (4,4) size 157x19
                  text run at (4,4) width 157: "TABLE Testing Section"
          LayoutTableRow {TR} at (0,28) size 782x104
            LayoutTableCell {TD} at (0,66) size 12x28 [bgcolor=#C0C0C0] [border: (1px inset #808080)] [r=1 c=0 rs=1 cs=1]
              LayoutText {#text} at (4,4) size 4x19
                text run at (4,4) width 4: " "
            LayoutTableCell {TD} at (12,28) size 770x104 [border: (1px inset #808080)] [r=1 c=1 rs=1 cs=1]
              LayoutBlockFlow {P} at (4,4) size 762x40 [bgcolor=#808080]
                LayoutText {#text} at (0,0) size 514x19
                  text run at (0,0) width 368: "This element is unstyled save for a background color of gray. "
                  text run at (367,0) width 147: "However, it contains an "
                LayoutInline {SPAN} at (0,0) size 183x19 [bgcolor=#00FFFF]
                  LayoutText {#text} at (513,0) size 134x19
                    text run at (513,0) width 134: "inline element of class "
                  LayoutInline {TT} at (0,0) size 25x16
                    LayoutText {#text} at (646,3) size 25x16
                      text run at (646,3) width 25: "one"
                LayoutText {#text} at (695,0) size 739x39
                  text run at (695,0) width 44: ", which"
                  text run at (0,20) width 490: "should result in 25-pixel right padding (which should also be light blue) only in the "
                LayoutInline {STRONG} at (0,0) size 24x19
                  LayoutText {#text} at (490,20) size 24x19
                    text run at (490,20) width 24: "last"
                LayoutText {#text} at (514,20) size 216x19
                  text run at (514,20) width 216: " line in which the inline box appears."
              LayoutBlockFlow {P} at (4,60) size 762x40 [bgcolor=#808080]
                LayoutText {#text} at (0,0) size 514x19
                  text run at (0,0) width 368: "This element is unstyled save for a background color of gray. "
                  text run at (367,0) width 147: "However, it contains an "
                LayoutInline {SPAN} at (0,0) size 158x19 [bgcolor=#00FFFF]
                  LayoutText {#text} at (513,0) size 134x19
                    text run at (513,0) width 134: "inline element of class "
                  LayoutInline {TT} at (0,0) size 25x16
                    LayoutText {#text} at (646,3) size 25x16
                      text run at (646,3) width 25: "two"
                LayoutText {#text} at (670,0) size 757x39
                  text run at (670,0) width 87: ", which should"
                  text run at (0,20) width 472: "result in no right padding, since negative padding values are not allowed, in the "
                LayoutInline {STRONG} at (0,0) size 24x19
                  LayoutText {#text} at (472,20) size 24x19
                    text run at (472,20) width 24: "last"
                LayoutText {#text} at (496,20) size 216x19
                  text run at (496,20) width 216: " line in which the inline box appears."
layer at (8,105) size 784x2 clip at (0,0) size 0x0
  LayoutBlockFlow {HR} at (0,97) size 784x2 [border: (1px inset #EEEEEE)]
