layer at (0,0) size 800x600
  LayoutView at (0,0) size 800x600
layer at (0,0) size 800x284
  LayoutNGBlockFlow {HTML} at (0,0) size 800x284
    LayoutNGBlockFlow {BODY} at (8,16) size 784x260
      LayoutNGBlockFlow {P} at (0,0) size 784x36
        LayoutText {#text} at (0,0) size 211x18
          text run at (0,0) width 211: "The word 'PASS' should be seen "
        LayoutInline {EM} at (0,0) size 35x18
          LayoutText {#text} at (210,0) size 35x18
            text run at (210,0) width 35: "twice"
        LayoutText {#text} at (244,0) size 759x36
          text run at (244,0) width 515: " below. The second PASS is not overlapping the yellow because it is composited"
          text run at (0,18) width 286: "with the first one, and hence not fragmented."
layer at (8,68) size 272x208
  LayoutNGBlockFlow {DIV} at (0,52) size 272x208
    LayoutMultiColumnSet (anonymous) at (0,0) size 272x208
layer at (8,68) size 80x456 backgroundClip at (0,0) size 96x276 clip at (0,0) size 96x276
  LayoutMultiColumnFlowThread (anonymous) at (0,0) size 80x456
    LayoutNGBlockFlow (anonymous) at (0,0) size 80x368
      LayoutBR {BR} at (0,7) size 0x0
      LayoutBR {BR} at (0,39) size 0x0
      LayoutBR {BR} at (0,71) size 0x0
      LayoutBR {BR} at (0,103) size 0x0
      LayoutBR {BR} at (0,135) size 0x0
      LayoutBR {BR} at (0,167) size 0x0
      LayoutBR {BR} at (0,0) size 0x0
      LayoutBR {BR} at (0,0) size 0x0
      LayoutBR {BR} at (0,0) size 0x0
      LayoutBR {BR} at (0,0) size 0x0
      LayoutBR {BR} at (0,0) size 0x0
layer at (0,68) size 800x128
  LayoutNGBlockFlow (positioned) {DIV} at (0,68) size 800x128 [bgcolor=#FFFF00]
layer at (112,228) size 64x80 backgroundClip at (0,0) size 96x276 clip at (0,0) size 96x276 transparent
  LayoutNGBlockFlow {DIV} at (8,368) size 64x80
    LayoutText {#text} at (0,7) size 37x18
      text run at (0,7) width 37: "PASS"
    LayoutBR {BR} at (36,7) size 0x0
    LayoutText {#text} at (0,0) size 0x0
