layer at (0,0) size 800x600
  LayoutView at (0,0) size 800x600
layer at (0,0) size 800x266
  LayoutNGBlockFlow {HTML} at (0,0) size 800x266
    LayoutNGBlockFlow {BODY} at (8,16) size 784x242
      LayoutNGBlockFlow {P} at (0,0) size 784x18
        LayoutText {#text} at (0,0) size 710x18
          text run at (0,0) width 710: "There should be one yellow box below, on a blue background. the \"second column\" part should be clipped out."
layer at (8,50) size 272x208
  LayoutNGBlockFlow {DIV} at (0,34) size 272x208
    LayoutMultiColumnSet (anonymous) at (0,0) size 272x208
layer at (8,50) size 128x272 backgroundClip at (8,50) size 136x208 clip at (8,50) size 136x208
  LayoutMultiColumnFlowThread (anonymous) at (0,0) size 128x272
    LayoutNGBlockFlow (anonymous) at (0,0) size 128x128
      LayoutBR {BR} at (0,7) size 0x0
      LayoutBR {BR} at (0,39) size 0x0
      LayoutBR {BR} at (0,71) size 0x0
      LayoutBR {BR} at (0,103) size 0x0
layer at (0,50) size 800x208
  LayoutNGBlockFlow (positioned) {DIV} at (0,50) size 800x208 [bgcolor=#0000FF]
layer at (16,186) size 112x136 backgroundClip at (16,186) size 112x72 clip at (16,186) size 112x72 scrollHeight 176
  LayoutNGBlockFlow (relative positioned) {DIV} at (8,136) size 112x136 [bgcolor=#FFFF00]
    LayoutNGBlockFlow (anonymous) at (0,0) size 112x144
      LayoutText {#text} at (0,7) size 25x18
        text run at (0,7) width 25: "first"
      LayoutBR {BR} at (24,7) size 0x0
      LayoutText {#text} at (0,39) size 48x18
        text run at (0,39) width 48: "column"
      LayoutBR {BR} at (48,39) size 0x0
      LayoutText {#text} at (0,0) size 0x0
      LayoutBR {BR} at (0,0) size 0x0
      LayoutText {#text} at (0,0) size 0x0
      LayoutBR {BR} at (0,0) size 0x0
    LayoutNGBlockFlow {DIV} at (0,144) size 112x32 [bgcolor=#FF0000]
      LayoutText {#text} at (0,7) size 35x18
        text run at (0,7) width 35: "FAIL"
