layer at (0,0) size 800x600
  LayoutView at (0,0) size 800x600
layer at (0,0) size 800x284
  LayoutNGBlockFlow {HTML} at (0,0) size 800x284
    LayoutNGBlockFlow {BODY} at (8,16) size 784x260
      LayoutNGBlockFlow {P} at (0,0) size 784x36
        LayoutText {#text} at (0,0) size 763x36
          text run at (0,0) width 763: "There should be one yellow boxbelow, on a blue background. There is only one because the content is composited, and"
          text run at (0,18) width 143: "hence not fragmented."
layer at (8,68) size 272x208
  LayoutNGBlockFlow {DIV} at (0,52) size 272x208
    LayoutMultiColumnSet (anonymous) at (0,0) size 272x208
layer at (8,68) size 128x280 backgroundClip at (0,0) size 144x276 clip at (0,0) size 144x276
  LayoutMultiColumnFlowThread (anonymous) at (0,0) size 128x280
    LayoutNGBlockFlow (anonymous) at (0,0) size 128x128
      LayoutBR {BR} at (0,7) size 0x0
      LayoutBR {BR} at (0,39) size 0x0
      LayoutBR {BR} at (0,71) size 0x0
      LayoutBR {BR} at (0,103) size 0x0
layer at (0,68) size 800x208
  LayoutNGBlockFlow (positioned) {DIV} at (0,68) size 800x208 [bgcolor=#0000FF]
layer at (16,204) size 112x136 backgroundClip at (0,0) size 144x276 clip at (0,0) size 144x276
  LayoutNGBlockFlow (relative positioned) {DIV} at (8,136) size 112x136 [bgcolor=#FFFF00]
    LayoutText {#text} at (0,7) size 25x18
      text run at (0,7) width 25: "first"
    LayoutBR {BR} at (24,7) size 0x0
    LayoutText {#text} at (0,39) size 48x18
      text run at (0,39) width 48: "column"
    LayoutBR {BR} at (48,39) size 0x0
    LayoutText {#text} at (0,0) size 0x0
    LayoutBR {BR} at (0,0) size 0x0
    LayoutText {#text} at (0,0) size 0x0
    LayoutBR {BR} at (0,0) size 0x0
