layer at (0,0) size 800x600
  LayoutView at (0,0) size 800x600
layer at (0,0) size 800x424
  LayoutNGBlockFlow {HTML} at (0,0) size 800x424
    LayoutNGBlockFlow {BODY} at (8,16) size 784x360
      LayoutNGBlockFlow {P} at (0,0) size 784x36
        LayoutText {#text} at (0,0) size 741x36
          text run at (0,0) width 741: "If no compositing were present, there should be two green squares below. Since some elements are composited, and"
          text run at (0,18) width 309: "therefore not fragmented, the output is different."
layer at (8,100) size 60x60
  LayoutNGBlockFlow {DIV} at (0,84) size 60x60
    LayoutMultiColumnSet (anonymous) at (0,0) size 60x60
layer at (8,100) size 20x180 backgroundClip at (0,0) size 28x160 clip at (0,0) size 28x160
  LayoutMultiColumnFlowThread (anonymous) at (0,0) size 20x180
    LayoutNGBlockFlow {DIV} at (0,20) size 20x20 [bgcolor=#008000]
    LayoutNGBlockFlow {DIV} at (0,80) size 20x20 [bgcolor=#008000]
    LayoutNGBlockFlow {DIV} at (0,160) size 20x20 [bgcolor=#008000]
layer at (8,208) size 60x60
  LayoutNGBlockFlow {DIV} at (0,192) size 60x60
    LayoutMultiColumnSet (anonymous) at (0,0) size 60x60
layer at (8,208) size 20x180 backgroundClip at (0,0) size 28x268 clip at (0,0) size 28x268
  LayoutMultiColumnFlowThread (anonymous) at (0,0) size 20x180
    LayoutNGBlockFlow {DIV} at (0,20) size 20x20 [bgcolor=#008000]
    LayoutNGBlockFlow {DIV} at (0,80) size 20x20 [bgcolor=#008000]
    LayoutNGBlockFlow {DIV} at (0,160) size 20x20 [bgcolor=#008000]
layer at (8,316) size 60x60
  LayoutNGBlockFlow {DIV} at (0,300) size 60x60
    LayoutMultiColumnSet (anonymous) at (0,0) size 60x60
layer at (8,316) size 20x180 backgroundClip at (0,0) size 28x376 clip at (0,0) size 28x376
  LayoutMultiColumnFlowThread (anonymous) at (0,0) size 20x180
    LayoutNGBlockFlow {DIV} at (0,20) size 20x20 [bgcolor=#008000]
    LayoutNGBlockFlow {DIV} at (0,80) size 20x20 [bgcolor=#008000]
    LayoutNGBlockFlow {DIV} at (0,160) size 20x20 [bgcolor=#008000]
layer at (8,100) size 20x20
  LayoutNGBlockFlow {DIV} at (0,0) size 20x20
    LayoutNGBlockFlow {DIV} at (0,0) size 20x20 [bgcolor=#008000]
layer at (8,140) size 20x40
  LayoutNGBlockFlow {DIV} at (0,40) size 20x40
    LayoutNGBlockFlow {DIV} at (0,0) size 20x20 [bgcolor=#008000]
    LayoutNGBlockFlow {DIV} at (0,20) size 20x20 [bgcolor=#008000]
layer at (28,140) size 20x60
  LayoutNGBlockFlow {DIV} at (0,100) size 20x60
    LayoutNGBlockFlow {DIV} at (0,0) size 20x20 [bgcolor=#008000]
    LayoutNGBlockFlow {DIV} at (0,20) size 20x20 [bgcolor=#008000]
    LayoutNGBlockFlow {DIV} at (0,40) size 20x20 [bgcolor=#008000]
layer at (8,208) size 20x20
  LayoutNGBlockFlow {DIV} at (0,0) size 20x20
    LayoutNGBlockFlow {DIV} at (0,0) size 20x20 [bgcolor=#008000]
layer at (8,248) size 20x40
  LayoutNGBlockFlow {DIV} at (0,40) size 20x40
    LayoutNGBlockFlow {DIV} at (0,0) size 20x20 [bgcolor=#008000]
    LayoutNGBlockFlow {DIV} at (0,20) size 20x20 [bgcolor=#008000]
layer at (28,248) size 20x60
  LayoutNGBlockFlow {DIV} at (0,100) size 20x60
    LayoutNGBlockFlow {DIV} at (0,0) size 20x20 [bgcolor=#008000]
    LayoutNGBlockFlow {DIV} at (0,20) size 20x20 [bgcolor=#008000]
    LayoutNGBlockFlow {DIV} at (0,40) size 20x20 [bgcolor=#008000]
layer at (8,316) size 20x20
  LayoutNGBlockFlow (relative positioned) {DIV} at (0,0) size 20x20
    LayoutNGBlockFlow {DIV} at (0,0) size 20x20 [bgcolor=#008000]
layer at (8,356) size 20x40
  LayoutNGBlockFlow (relative positioned) {DIV} at (0,40) size 20x40
    LayoutNGBlockFlow {DIV} at (0,0) size 20x20 [bgcolor=#008000]
    LayoutNGBlockFlow {DIV} at (0,20) size 20x20 [bgcolor=#008000]
layer at (28,356) size 20x60
  LayoutNGBlockFlow (relative positioned) {DIV} at (0,100) size 20x60
    LayoutNGBlockFlow {DIV} at (0,0) size 20x20 [bgcolor=#008000]
    LayoutNGBlockFlow {DIV} at (0,20) size 20x20 [bgcolor=#008000]
    LayoutNGBlockFlow {DIV} at (0,40) size 20x20 [bgcolor=#008000]
