layer at (0,0) size 800x600
  LayoutView at (0,0) size 800x600
layer at (0,0) size 800x8
  LayoutNGBlockFlow {HTML} at (0,0) size 800x8
    LayoutNGBlockFlow {BODY} at (8,8) size 784x0
layer at (10,10) size 120x178
  LayoutNGBlockFlow (positioned) {DIV} at (10,10) size 120x178
    LayoutNGBlockFlow (anonymous) at (0,0) size 120x18
      LayoutText {#text} at (0,0) size 65x18
        text run at (0,0) width 65: "Overflow:"
layer at (10,28) size 120x160
  LayoutNGBlockFlow {DIV} at (0,18) size 120x160 [border: (5px solid #000000)]
    LayoutMultiColumnSet (anonymous) at (5,5) size 110x150
layer at (15,33) size 50x300 backgroundClip at (0,0) size 70x183 clip at (0,0) size 70x183
  LayoutMultiColumnFlowThread (anonymous) at (5,5) size 50x300
    LayoutNGBlockFlow {DIV} at (0,0) size 50x50 [bgcolor=#000000]
    LayoutNGBlockFlow {DIV} at (0,250) size 50x50 [bgcolor=#000000]
layer at (15,83) size 50x200 backgroundClip at (15,83) size 50x100 clip at (15,83) size 50x100
  LayoutNGBlockFlow {DIV} at (0,50) size 50x200
    LayoutNGBlockFlow {DIV} at (0,0) size 50x50 [bgcolor=#0000F0]
    LayoutNGBlockFlow {DIV} at (0,50) size 50x50 [bgcolor=#0000D0]
    LayoutNGBlockFlow {DIV} at (0,100) size 50x50 [bgcolor=#0000B0]
    LayoutNGBlockFlow {DIV} at (0,150) size 50x50 [bgcolor=#000090]
layer at (150,10) size 120x178
  LayoutNGBlockFlow (positioned) {DIV} at (150,10) size 120x178
    LayoutNGBlockFlow (anonymous) at (0,0) size 120x18
      LayoutText {#text} at (0,0) size 78x18
        text run at (0,0) width 78: "Transforms:"
layer at (150,28) size 120x160
  LayoutNGBlockFlow {DIV} at (0,18) size 120x160 [border: (5px solid #000000)]
    LayoutMultiColumnSet (anonymous) at (5,5) size 110x150
layer at (155,33) size 50x300 backgroundClip at (0,0) size 210x183 clip at (0,0) size 210x183
  LayoutMultiColumnFlowThread (anonymous) at (5,5) size 50x300
    LayoutNGBlockFlow {DIV} at (0,0) size 50x50 [bgcolor=#000000]
    LayoutNGBlockFlow {DIV} at (0,250) size 50x50 [bgcolor=#000000]
layer at (55,83) size 50x200 backgroundClip at (0,0) size 210x183 clip at (0,0) size 210x183
  LayoutNGBlockFlow {DIV} at (-100,50) size 50x200
    LayoutNGBlockFlow {DIV} at (0,0) size 50x50 [bgcolor=#0000F0]
    LayoutNGBlockFlow {DIV} at (0,50) size 50x50 [bgcolor=#0000D0]
    LayoutNGBlockFlow {DIV} at (0,100) size 50x50 [bgcolor=#0000B0]
    LayoutNGBlockFlow {DIV} at (0,150) size 50x50 [bgcolor=#000090]
layer at (10,200) size 120x178
  LayoutNGBlockFlow (positioned) {DIV} at (10,200) size 120x178
    LayoutNGBlockFlow (anonymous) at (0,0) size 120x18
      LayoutText {#text} at (0,0) size 89x18
        text run at (0,0) width 89: "Relative Pos.:"
layer at (10,218) size 120x160
  LayoutNGBlockFlow {DIV} at (0,18) size 120x160 [border: (5px solid #000000)]
    LayoutMultiColumnSet (anonymous) at (5,5) size 110x150
layer at (15,223) size 50x300 backgroundClip at (0,0) size 70x373 clip at (0,0) size 70x373
  LayoutMultiColumnFlowThread (anonymous) at (5,5) size 50x300
    LayoutNGBlockFlow {DIV} at (0,0) size 50x50 [bgcolor=#000000]
    LayoutNGBlockFlow {DIV} at (0,250) size 50x50 [bgcolor=#000000]
layer at (15,273) size 50x200 backgroundClip at (0,0) size 70x373 clip at (0,0) size 70x373
  LayoutNGBlockFlow (relative positioned) {DIV} at (-100,50) size 50x200
    LayoutNGBlockFlow {DIV} at (0,0) size 50x50 [bgcolor=#0000F0]
    LayoutNGBlockFlow {DIV} at (0,50) size 50x50 [bgcolor=#0000D0]
    LayoutNGBlockFlow {DIV} at (0,100) size 50x50 [bgcolor=#0000B0]
    LayoutNGBlockFlow {DIV} at (0,150) size 50x50 [bgcolor=#000090]
layer at (150,200) size 120x178
  LayoutNGBlockFlow (positioned) {DIV} at (150,200) size 120x178
    LayoutNGBlockFlow (anonymous) at (0,0) size 120x18
      LayoutText {#text} at (0,0) size 56x18
        text run at (0,0) width 56: "Opacity:"
layer at (150,218) size 120x160
  LayoutNGBlockFlow {DIV} at (0,18) size 120x160 [border: (5px solid #000000)]
    LayoutMultiColumnSet (anonymous) at (5,5) size 110x150
layer at (155,223) size 50x300 backgroundClip at (0,0) size 210x373 clip at (0,0) size 210x373
  LayoutMultiColumnFlowThread (anonymous) at (5,5) size 50x300
    LayoutNGBlockFlow {DIV} at (0,0) size 50x50 [bgcolor=#000000]
    LayoutNGBlockFlow {DIV} at (0,250) size 50x50 [bgcolor=#000000]
layer at (155,273) size 50x200 backgroundClip at (0,0) size 210x373 clip at (0,0) size 210x373 transparent
  LayoutNGBlockFlow {DIV} at (0,50) size 50x200
    LayoutNGBlockFlow {DIV} at (0,0) size 50x50 [bgcolor=#0000F0]
      LayoutText {#text} at (0,0) size 4x18
        text run at (0,0) width 4: " "
    LayoutNGBlockFlow {DIV} at (0,50) size 50x50 [bgcolor=#0000D0]
      LayoutText {#text} at (0,0) size 4x18
        text run at (0,0) width 4: " "
    LayoutNGBlockFlow {DIV} at (0,100) size 50x50 [bgcolor=#0000B0]
      LayoutText {#text} at (0,0) size 0x0
    LayoutNGBlockFlow {DIV} at (0,150) size 50x50 [bgcolor=#000090]
      LayoutText {#text} at (0,0) size 4x18
        text run at (0,0) width 4: " "
