layer at (0,0) size 800x600
  LayoutView at (0,0) size 800x600
layer at (0,0) size 800x196
  LayoutBlockFlow {HTML} at (0,0) size 800x196
    LayoutBlockFlow {BODY} at (8,16) size 784x164
      LayoutBlockFlow {DIV} at (0,0) size 784x164
        LayoutBlockFlow {P} at (0,0) size 784x20
          LayoutText {#text} at (0,0) size 209x19
            text run at (0,0) width 209: "This paragraph should be unstyled."
        LayoutBlockFlow {P} at (0,36) size 784x20 [bgcolor=#00FF00]
          LayoutText {#text} at (0,0) size 274x19
            text run at (0,0) width 274: "But this one should have a green background."
        LayoutBlockFlow {P} at (0,72) size 784x20 [bgcolor=#00FF00]
          LayoutText {#text} at (0,0) size 307x19
            text run at (0,0) width 307: "And this one should also have a green background."
        LayoutBlockFlow {ADDRESS} at (0,108) size 784x20
          LayoutText {#text} at (0,0) size 437x19
            text run at (0,0) width 437: "This address is only here to fill some space between two paragraphs."
        LayoutBlockFlow {P} at (0,144) size 784x20
          LayoutText {#text} at (0,0) size 209x19
            text run at (0,0) width 209: "This paragraph should be unstyled."
