layer at (0,0) size 800x600
  LayoutView at (0,0) size 800x600
layer at (0,0) size 800x524
  LayoutBlockFlow {HTML} at (0,0) size 800x524
    LayoutBlockFlow {BODY} at (8,8) size 784x508
      LayoutText {#text} at (0,0) size 0x0
layer at (8,8) size 604x504
  LayoutIFrame {IFRAME} at (0,0) size 604x504 [border: (2px inset #EEEEEE)]
    layer at (0,0) size 600x500
      LayoutView at (0,0) size 600x500
    layer at (0,0) size 600x409
      LayoutBlockFlow {HTML} at (0,0) size 600x409
        LayoutBlockFlow {BODY} at (8,8) size 584x393
          LayoutImage {IMG} at (0,0) size 256x256
          LayoutText {#text} at (256,242) size 4x18
            text run at (256,242) width 4: " "
          LayoutImage {IMG} at (260,128) size 128x128
          LayoutText {#text} at (388,242) size 4x18
            text run at (388,242) width 4: " "
          LayoutImage {IMG} at (392,129) size 127x127
          LayoutText {#text} at (519,242) size 4x18
            text run at (519,242) width 4: " "
          LayoutImage {IMG} at (0,260) size 129x129
          LayoutText {#text} at (0,0) size 0x0
