layer at (0,0) size 800x600
  LayoutView at (0,0) size 800x600
layer at (0,0) size 800x600
  LayoutBlockFlow {HTML} at (0,0) size 800x600
    LayoutBlockFlow {BODY} at (8,20) size 784x564
      LayoutImage {IMG} at (20,0) size 280x200 [bgcolor=#00008080]
      LayoutBlockFlow {P} at (0,440) size 784x20
        LayoutText {#text} at (0,0) size 241x19
          text run at (0,0) width 241: "Top and bottom should look the same."
layer at (28,240) size 280x200
  LayoutImage {IMG} at (20,220) size 280x200 [bgcolor=#00008080]
