CONSOLE ERROR: line 16: Uncaught IndexSizeError: Failed to execute 'insertRow' on 'HTMLTableElement': The index provided (100) is greater than the number of rows in the table (6).
layer at (0,0) size 800x600
  LayoutView at (0,0) size 800x600
layer at (0,0) size 800x600
  LayoutBlockFlow {HTML} at (0,0) size 800x600
    LayoutBlockFlow {BODY} at (8,8) size 784x584
      LayoutBlockFlow {P} at (0,0) size 784x36
        LayoutText {#text} at (0,0) size 757x36
          text run at (0,0) width 757: "You should see a table with 6 rows, labeled \"Row_0\", \"Row_1\", \"Row_2\", \"Row_3\", \"Row_4\", \"Row_5\", from top to"
          text run at (0,18) width 50: "bottom."
      LayoutTable {TABLE} at (0,52) size 57x148 [border: (1px outset #808080)]
        LayoutTableSection {TBODY} at (1,1) size 55x146
          LayoutTableRow {TR} at (0,2) size 55x22
            LayoutTableCell {TD} at (2,2) size 51x22 [border: (1px inset #808080)] [r=0 c=0 rs=1 cs=1]
              LayoutText {#text} at (2,2) size 47x18
                text run at (2,2) width 47: "Row_0"
          LayoutTableRow {TR} at (0,26) size 55x22
            LayoutTableCell {TD} at (2,26) size 51x22 [border: (1px inset #808080)] [r=1 c=0 rs=1 cs=1]
              LayoutText {#text} at (2,2) size 47x18
                text run at (2,2) width 47: "Row_1"
          LayoutTableRow {TR} at (0,50) size 55x22
            LayoutTableCell {TD} at (2,50) size 51x22 [border: (1px inset #808080)] [r=2 c=0 rs=1 cs=1]
              LayoutText {#text} at (2,2) size 47x18
                text run at (2,2) width 47: "Row_2"
          LayoutTableRow {TR} at (0,74) size 55x22
            LayoutTableCell {TD} at (2,74) size 51x22 [border: (1px inset #808080)] [r=3 c=0 rs=1 cs=1]
              LayoutText {#text} at (2,2) size 47x18
                text run at (2,2) width 47: "Row_3"
          LayoutTableRow {TR} at (0,98) size 55x22
            LayoutTableCell {TD} at (2,98) size 51x22 [border: (1px inset #808080)] [r=4 c=0 rs=1 cs=1]
              LayoutText {#text} at (2,2) size 47x18
                text run at (2,2) width 47: "Row_4"
          LayoutTableRow {TR} at (0,122) size 55x22
            LayoutTableCell {TD} at (2,122) size 51x22 [border: (1px inset #808080)] [r=5 c=0 rs=1 cs=1]
              LayoutText {#text} at (2,2) size 47x18
                text run at (2,2) width 47: "Row_5"
