layer at (0,0) size 800x600
  LayoutView at (0,0) size 800x600
layer at (0,0) size 800x600
  LayoutBlockFlow {HTML} at (0,0) size 800x600
    LayoutBlockFlow {BODY} at (8,8) size 784x584
      LayoutBlockFlow {P} at (0,0) size 784x36
        LayoutText {#text} at (0,0) size 177x18
          text run at (0,0) width 177: "This is a regression test for "
        LayoutInline {I} at (0,0) size 771x36
          LayoutInline {A} at (0,0) size 305x18 [color=#0000EE]
            LayoutText {#text} at (176,0) size 305x18
              text run at (176,0) width 305: "http://bugs.webkit.org/show_bug.cgi?id=11672"
          LayoutText {#text} at (480,0) size 771x36
            text run at (480,0) width 5: " "
            text run at (484,0) width 287: "REGRESSION (r17068): Repro crash due to"
            text run at (0,18) width 150: "painting without layout"
        LayoutText {#text} at (149,18) size 131x18
          text run at (149,18) width 131: ". It should not crash."
layer at (8,60) size 6x6
  LayoutTable (relative positioned) {TABLE} at (0,52) size 6x6
    LayoutTableSection {TBODY} at (0,0) size 6x6
      LayoutTableRow {TR} at (0,2) size 6x2
        LayoutTableCell {TD} at (2,2) size 2x2 [r=0 c=0 rs=1 cs=1]
layer at (11,63) size 43x36
  LayoutBlockFlow (positioned) {DIV} at (3,3) size 42.66x36
    LayoutText {#text} at (0,0) size 43x36
      text run at (0,0) width 43: "Lorem"
      text run at (0,18) width 40: "ipsum"
