layer at (0,0) size 800x600
  LayoutView at (0,0) size 800x600
layer at (0,0) size 800x600
  LayoutBlockFlow {HTML} at (0,0) size 800x600
    LayoutBlockFlow {BODY} at (8,8) size 784x584
      LayoutBlockFlow {P} at (0,0) size 784x36
        LayoutText {#text} at (0,0) size 54x18
          text run at (0,0) width 54: "Test for "
        LayoutInline {I} at (0,0) size 752x36
          LayoutInline {A} at (0,0) size 305x18 [color=#0000EE]
            LayoutText {#text} at (53,0) size 305x18
              text run at (53,0) width 305: "http://bugs.webkit.org/show_bug.cgi?id=14134"
          LayoutText {#text} at (357,0) size 752x36
            text run at (357,0) width 5: " "
            text run at (361,0) width 391: "REGRESSION (r25353): Whitespace nodes ignored between"
            text run at (0,18) width 98: "inline list items"
        LayoutText {#text} at (97,18) size 5x18
          text run at (97,18) width 5: "."
      LayoutBlockFlow {P} at (0,52) size 784x18
        LayoutText {#text} at (0,0) size 759x18
          text run at (0,0) width 475: "This tests that whitespace-only text nodes get renderers when they should "
          text run at (474,0) width 285: "even if initially they did not need a renderer."
      LayoutBlockFlow {P} at (0,86) size 784x18
        LayoutText {#text} at (0,0) size 358x18
          text run at (0,0) width 358: "The left column should be identical to the right column."
      LayoutTable {TABLE} at (0,120) size 201x98 [border: none]
        LayoutTableSection {TBODY} at (0,0) size 200x97
          LayoutTableRow {TR} at (0,0) size 200x27
            LayoutTableCell {TD} at (0,0) size 100x27 [border: (1px solid #000000)] [r=0 c=0 rs=1 cs=1]
              LayoutBlockFlow {DIV} at (5,5) size 91x18
                LayoutText {#text} at (0,0) size 24x18
                  text run at (0,0) width 24: "wet"
                LayoutText {#text} at (23,0) size 5x18
                  text run at (23,0) width 5: " "
                LayoutText {#text} at (27,0) size 24x18
                  text run at (27,0) width 24: "suit"
            LayoutTableCell {TD} at (100,0) size 100x27 [border: (1px solid #000000)] [r=0 c=1 rs=1 cs=1]
              LayoutBlockFlow {DIV} at (5,5) size 91x18
                LayoutText {#text} at (0,0) size 51x18
                  text run at (0,0) width 51: "wet suit"
          LayoutTableRow {TR} at (0,27) size 200x43
            LayoutTableCell {TD} at (0,27) size 100x43 [border: (1px solid #000000)] [r=1 c=0 rs=1 cs=1]
              LayoutBlockFlow {UL} at (5,5) size 91x18
                LayoutInline {LI} at (0,0) size 24x18
                  LayoutText {#text} at (40,0) size 24x18
                    text run at (40,0) width 24: "wet"
                LayoutText {#text} at (63,0) size 5x18
                  text run at (63,0) width 5: " "
                LayoutInline {LI} at (0,0) size 24x18
                  LayoutText {#text} at (67,0) size 24x18
                    text run at (67,0) width 24: "suit"
                LayoutText {#text} at (0,0) size 0x0
            LayoutTableCell {TD} at (100,27) size 100x43 [border: (1px solid #000000)] [r=1 c=1 rs=1 cs=1]
              LayoutBlockFlow {UL} at (5,5) size 91x18
                LayoutInline {LI} at (0,0) size 24x18
                  LayoutText {#text} at (40,0) size 24x18
                    text run at (40,0) width 24: "wet"
                LayoutText {#text} at (63,0) size 5x18
                  text run at (63,0) width 5: " "
                LayoutInline {LI} at (0,0) size 24x18
                  LayoutText {#text} at (67,0) size 24x18
                    text run at (67,0) width 24: "suit"
                LayoutText {#text} at (0,0) size 0x0
          LayoutTableRow {TR} at (0,70) size 200x27
            LayoutTableCell {TD} at (0,70) size 100x27 [border: (1px solid #000000)] [r=2 c=0 rs=1 cs=1]
              LayoutBlockFlow {DIV} at (5,5) size 91x18
                LayoutInline {DIV} at (0,0) size 24x18
                  LayoutText {#text} at (0,0) size 24x18
                    text run at (0,0) width 24: "wet"
                LayoutText {#text} at (23,0) size 5x18
                  text run at (23,0) width 5: " "
                LayoutInline {DIV} at (0,0) size 24x18
                  LayoutText {#text} at (27,0) size 24x18
                    text run at (27,0) width 24: "suit"
                LayoutText {#text} at (0,0) size 0x0
            LayoutTableCell {TD} at (100,70) size 100x27 [border: (1px solid #000000)] [r=2 c=1 rs=1 cs=1]
              LayoutBlockFlow {DIV} at (5,5) size 91x18
                LayoutInline {DIV} at (0,0) size 24x18
                  LayoutText {#text} at (0,0) size 24x18
                    text run at (0,0) width 24: "wet"
                LayoutText {#text} at (23,0) size 5x18
                  text run at (23,0) width 5: " "
                LayoutInline {DIV} at (0,0) size 24x18
                  LayoutText {#text} at (27,0) size 24x18
                    text run at (27,0) width 24: "suit"
                LayoutText {#text} at (0,0) size 0x0
