layer at (0,0) size 800x600
  LayoutView at (0,0) size 800x600
layer at (0,0) size 800x600
  LayoutBlockFlow {HTML} at (0,0) size 800x600
    LayoutBlockFlow {BODY} at (8,8) size 784x584
      LayoutBlockFlow {P} at (0,0) size 784x18
        LayoutText {#text} at (0,0) size 54x18
          text run at (0,0) width 54: "Test for "
        LayoutInline {I} at (0,0) size 589x18
          LayoutInline {A} at (0,0) size 305x18 [color=#0000EE]
            LayoutText {#text} at (53,0) size 305x18
              text run at (53,0) width 305: "http://bugs.webkit.org/show_bug.cgi?id=12886"
          LayoutText {#text} at (357,0) size 285x18
            text run at (357,0) width 5: " "
            text run at (361,0) width 281: "Crash with Scriptalicious javascript library"
        LayoutText {#text} at (641,0) size 5x18
          text run at (641,0) width 5: "."
      LayoutBlockFlow {P} at (0,34) size 784x18
        LayoutText {#text} at (0,0) size 300x18
          text run at (0,0) width 300: "You should see two purple 100\x{D7}50 rectangles, "
        LayoutInline {EM} at (0,0) size 22x18
          LayoutText {#text} at (299,0) size 22x18
            text run at (299,0) width 22: "not"
        LayoutText {#text} at (320,0) size 154x18
          text run at (320,0) width 154: " a checkerboard pattern."
      LayoutTable {TABLE} at (0,68) size 100x300
        LayoutTableSection {TBODY} at (0,0) size 100x300
          LayoutTableRow {TR} at (0,0) size 100x150
            LayoutTableCell {TD} at (0,0) size 50x100 [r=0 c=0 rs=1 cs=1]
              LayoutBlockFlow {DIV} at (0,0) size 50x100
                LayoutBlockFlow {DIV} at (0,0) size 50x50
                  LayoutBlockFlow (floating) {DIV} at (0,0) size 50x25
                LayoutBlockFlow {DIV} at (0,50) size 50x50
                  LayoutBlockFlow {DIV} at (0,0) size 50x50 [bgcolor=#800080]
            LayoutTableCell {TD} at (50,0) size 50x100 [r=0 c=1 rs=1 cs=1]
              LayoutBlockFlow {DIV} at (0,0) size 50x100
                LayoutBlockFlow {DIV} at (0,0) size 50x50
                  LayoutBlockFlow (floating) {DIV} at (0,0) size 50x25
                LayoutBlockFlow {DIV} at (0,50) size 50x50
                  LayoutBlockFlow {DIV} at (0,0) size 50x50 [bgcolor=#800080]
          LayoutTableRow {TR} at (0,150) size 100x150
            LayoutTableCell {TD} at (0,150) size 50x50 [r=1 c=0 rs=1 cs=1]
              LayoutBlockFlow {DIV} at (0,0) size 50x50
                LayoutBlockFlow {DIV} at (0,0) size 50x0
                  LayoutBlockFlow (floating) {DIV} at (0,0) size 50x0
                LayoutBlockFlow {DIV} at (0,0) size 50x50
                  LayoutBlockFlow {DIV} at (0,0) size 50x50 [bgcolor=#800080]
            LayoutTableCell {TD} at (50,150) size 50x50 [r=1 c=1 rs=1 cs=1]
              LayoutBlockFlow {DIV} at (0,0) size 50x50 [bgcolor=#800080]
      LayoutBlockFlow {DIV} at (0,368) size 784x200
