layer at (0,0) size 800x600
  LayoutView at (0,0) size 800x600
layer at (0,0) size 800x600
  LayoutBlockFlow {HTML} at (0,0) size 800x600
    LayoutBlockFlow {BODY} at (8,8) size 784x584
      LayoutBlockFlow {P} at (0,0) size 784x18
        LayoutText {#text} at (0,0) size 54x18
          text run at (0,0) width 54: "Test for "
        LayoutInline {I} at (0,0) size 638x18
          LayoutInline {A} at (0,0) size 305x18 [color=#0000EE]
            LayoutText {#text} at (53,0) size 305x18
              text run at (53,0) width 305: "http://bugs.webkit.org/show_bug.cgi?id=15362"
          LayoutText {#text} at (357,0) size 334x18
            text run at (357,0) width 5: " "
            text run at (361,0) width 330: "Safari Crashes when opening a JS TreeGrid widget"
        LayoutText {#text} at (690,0) size 5x18
          text run at (690,0) width 5: "."
      LayoutBlockFlow {P} at (0,34) size 784x72
        LayoutText {#text} at (0,0) size 778x72
          text run at (0,0) width 770: "The test sets up an inline parent with a child that is some kind of table part. The child gets broken off into a continuation"
          text run at (0,18) width 778: "and anonymous table parts get created below and/or above the table parts. Then the test tries to insert a new child into the"
          text run at (0,36) width 760: "inline, specifying the table part as the \"before child\". The resulting render tree should look just like it would look if the"
          text run at (0,54) width 124: "parent was a block."
      LayoutBlockFlow {DIV} at (0,122) size 784x18
        LayoutInline {SPAN} at (0,0) size 234x18
          LayoutText {#text} at (0,0) size 41x18
            text run at (0,0) width 41: "Text..."
          LayoutText {#text} at (40,0) size 89x18
            text run at (40,0) width 89: "goes here and"
          LayoutTable (anonymous) at (128.16,0) size 105x18
            LayoutTableSection (anonymous) at (0,0) size 105x18
              LayoutTableRow (anonymous) at (0,0) size 105x18
                LayoutTableCell {DIV} at (0,0) size 105x18 [r=0 c=0 rs=1 cs=1]
                  LayoutText {#text} at (0,0) size 105x18
                    text run at (0,0) width 105: "...continues here"
      LayoutBlockFlow {DIV} at (0,140) size 784x18
        LayoutInline {SPAN} at (0,0) size 146x18
          LayoutText {#text} at (0,0) size 41x18
            text run at (0,0) width 41: "Text..."
          LayoutTable (anonymous) at (40.20,0) size 105x18
            LayoutTableSection (anonymous) at (0,0) size 105x18
              LayoutTableRow (anonymous) at (0,0) size 105x18
                LayoutTableCell {TD} at (0,0) size 0x0 [r=0 c=0 rs=1 cs=1]
                LayoutTableCell {DIV} at (0,0) size 105x18 [r=0 c=1 rs=1 cs=1]
                  LayoutText {#text} at (0,0) size 105x18
                    text run at (0,0) width 105: "...continues here"
      LayoutBlockFlow {DIV} at (0,158) size 784x32
        LayoutInline {SPAN} at (0,0) size 146x18
          LayoutText {#text} at (0,0) size 41x18
            text run at (0,0) width 41: "Text..."
          LayoutTable (anonymous) at (40.20,14) size 105x18
            LayoutTableSection (anonymous) at (0,0) size 105x18
              LayoutTableRow {TR} at (0,0) size 105x0
              LayoutTableRow (anonymous) at (0,0) size 105x18
                LayoutTableCell {DIV} at (0,0) size 105x18 [r=1 c=0 rs=1 cs=1]
                  LayoutText {#text} at (0,0) size 105x18
                    text run at (0,0) width 105: "...continues here"
      LayoutBlockFlow {DIV} at (0,190) size 784x18
        LayoutInline {SPAN} at (0,0) size 146x18
          LayoutText {#text} at (0,0) size 41x18
            text run at (0,0) width 41: "Text..."
          LayoutInline {SPAN} at (0,0) size 1x18
          LayoutTable (anonymous) at (40.20,0) size 105x18
            LayoutTableSection (anonymous) at (0,0) size 105x18
              LayoutTableRow (anonymous) at (0,0) size 105x18
                LayoutTableCell {DIV} at (0,0) size 105x18 [r=0 c=0 rs=1 cs=1]
                  LayoutText {#text} at (0,0) size 105x18
                    text run at (0,0) width 105: "...continues here"
      LayoutBlockFlow {DIV} at (0,208) size 784x36
        LayoutBlockFlow (anonymous) at (0,0) size 784x18
          LayoutInline {SPAN} at (0,0) size 41x18
            LayoutText {#text} at (0,0) size 41x18
              text run at (0,0) width 41: "Text..."
        LayoutBlockFlow (anonymous) at (0,18) size 784x0
          LayoutBlockFlow {DIV} at (0,0) size 784x0
        LayoutBlockFlow (anonymous) at (0,18) size 784x18
          LayoutInline {SPAN} at (0,0) size 105x18
            LayoutTable (anonymous) at (0,0) size 105x18
              LayoutTableSection (anonymous) at (0,0) size 105x18
                LayoutTableRow (anonymous) at (0,0) size 105x18
                  LayoutTableCell {DIV} at (0,0) size 105x18 [r=0 c=0 rs=1 cs=1]
                    LayoutText {#text} at (0,0) size 105x18
                      text run at (0,0) width 105: "...continues here"
      LayoutBlockFlow {DIV} at (0,244) size 784x18
        LayoutInline {SPAN} at (0,0) size 234x18
          LayoutText {#text} at (0,0) size 41x18
            text run at (0,0) width 41: "Text..."
          LayoutText {#text} at (40,0) size 89x18
            text run at (40,0) width 89: "goes here and"
          LayoutTable (anonymous) at (128.16,0) size 105x18
            LayoutTableSection (anonymous) at (0,0) size 105x18
              LayoutTableRow {DIV} at (0,0) size 105x18
                LayoutTableCell (anonymous) at (0,0) size 105x18 [r=0 c=0 rs=1 cs=1]
                  LayoutText {#text} at (0,0) size 105x18
                    text run at (0,0) width 105: "...continues here"
      LayoutBlockFlow {DIV} at (0,262) size 784x32
        LayoutInline {SPAN} at (0,0) size 146x18
          LayoutText {#text} at (0,0) size 41x18
            text run at (0,0) width 41: "Text..."
          LayoutTable (anonymous) at (40.20,14) size 105x18
            LayoutTableSection (anonymous) at (0,0) size 105x18
              LayoutTableRow (anonymous) at (0,0) size 105x0
                LayoutTableCell {TD} at (0,0) size 105x0 [r=0 c=0 rs=1 cs=1]
              LayoutTableRow {DIV} at (0,0) size 105x18
                LayoutTableCell (anonymous) at (0,0) size 105x18 [r=1 c=0 rs=1 cs=1]
                  LayoutText {#text} at (0,0) size 105x18
                    text run at (0,0) width 105: "...continues here"
      LayoutBlockFlow {DIV} at (0,294) size 784x32
        LayoutInline {SPAN} at (0,0) size 146x18
          LayoutText {#text} at (0,0) size 41x18
            text run at (0,0) width 41: "Text..."
          LayoutTable (anonymous) at (40.20,14) size 105x18
            LayoutTableSection (anonymous) at (0,0) size 105x18
              LayoutTableRow {TR} at (0,0) size 105x0
              LayoutTableRow {DIV} at (0,0) size 105x18
                LayoutTableCell (anonymous) at (0,0) size 105x18 [r=1 c=0 rs=1 cs=1]
                  LayoutText {#text} at (0,0) size 105x18
                    text run at (0,0) width 105: "...continues here"
      LayoutBlockFlow {DIV} at (0,326) size 784x18
        LayoutInline {SPAN} at (0,0) size 146x18
          LayoutText {#text} at (0,0) size 41x18
            text run at (0,0) width 41: "Text..."
          LayoutInline {SPAN} at (0,0) size 1x18
          LayoutTable (anonymous) at (40.20,0) size 105x18
            LayoutTableSection (anonymous) at (0,0) size 105x18
              LayoutTableRow {DIV} at (0,0) size 105x18
                LayoutTableCell (anonymous) at (0,0) size 105x18 [r=0 c=0 rs=1 cs=1]
                  LayoutText {#text} at (0,0) size 105x18
                    text run at (0,0) width 105: "...continues here"
      LayoutBlockFlow {DIV} at (0,344) size 784x36
        LayoutBlockFlow (anonymous) at (0,0) size 784x18
          LayoutInline {SPAN} at (0,0) size 41x18
            LayoutText {#text} at (0,0) size 41x18
              text run at (0,0) width 41: "Text..."
        LayoutBlockFlow (anonymous) at (0,18) size 784x0
          LayoutBlockFlow {DIV} at (0,0) size 784x0
        LayoutBlockFlow (anonymous) at (0,18) size 784x18
          LayoutInline {SPAN} at (0,0) size 105x18
            LayoutTable (anonymous) at (0,0) size 105x18
              LayoutTableSection (anonymous) at (0,0) size 105x18
                LayoutTableRow {DIV} at (0,0) size 105x18
                  LayoutTableCell (anonymous) at (0,0) size 105x18 [r=0 c=0 rs=1 cs=1]
                    LayoutText {#text} at (0,0) size 105x18
                      text run at (0,0) width 105: "...continues here"
      LayoutBlockFlow {DIV} at (0,380) size 784x18
        LayoutInline {SPAN} at (0,0) size 234x18
          LayoutText {#text} at (0,0) size 41x18
            text run at (0,0) width 41: "Text..."
          LayoutText {#text} at (40,0) size 89x18
            text run at (40,0) width 89: "goes here and"
          LayoutTable (anonymous) at (128.16,0) size 105x18
            LayoutTableSection {DIV} at (0,0) size 105x18
              LayoutTableRow (anonymous) at (0,0) size 105x18
                LayoutTableCell (anonymous) at (0,0) size 105x18 [r=0 c=0 rs=1 cs=1]
                  LayoutText {#text} at (0,0) size 105x18
                    text run at (0,0) width 105: "...continues here"
      LayoutBlockFlow {DIV} at (0,398) size 784x32
        LayoutInline {SPAN} at (0,0) size 146x18
          LayoutText {#text} at (0,0) size 41x18
            text run at (0,0) width 41: "Text..."
          LayoutTable (anonymous) at (40.20,14) size 105x18
            LayoutTableSection (anonymous) at (0,0) size 105x0
              LayoutTableRow (anonymous) at (0,0) size 105x0
                LayoutTableCell {TD} at (0,0) size 105x0 [r=0 c=0 rs=1 cs=1]
            LayoutTableSection {DIV} at (0,0) size 105x18
              LayoutTableRow (anonymous) at (0,0) size 105x18
                LayoutTableCell (anonymous) at (0,0) size 105x18 [r=0 c=0 rs=1 cs=1]
                  LayoutText {#text} at (0,0) size 105x18
                    text run at (0,0) width 105: "...continues here"
      LayoutBlockFlow {DIV} at (0,430) size 784x32
        LayoutInline {SPAN} at (0,0) size 146x18
          LayoutText {#text} at (0,0) size 41x18
            text run at (0,0) width 41: "Text..."
          LayoutTable (anonymous) at (40.20,14) size 105x18
            LayoutTableSection (anonymous) at (0,0) size 105x0
              LayoutTableRow {TR} at (0,0) size 105x0
            LayoutTableSection {DIV} at (0,0) size 105x18
              LayoutTableRow (anonymous) at (0,0) size 105x18
                LayoutTableCell (anonymous) at (0,0) size 105x18 [r=0 c=0 rs=1 cs=1]
                  LayoutText {#text} at (0,0) size 105x18
                    text run at (0,0) width 105: "...continues here"
      LayoutBlockFlow {DIV} at (0,462) size 784x18
        LayoutInline {SPAN} at (0,0) size 146x18
          LayoutText {#text} at (0,0) size 41x18
            text run at (0,0) width 41: "Text..."
          LayoutInline {SPAN} at (0,0) size 1x18
          LayoutTable (anonymous) at (40.20,0) size 105x18
            LayoutTableSection {DIV} at (0,0) size 105x18
              LayoutTableRow (anonymous) at (0,0) size 105x18
                LayoutTableCell (anonymous) at (0,0) size 105x18 [r=0 c=0 rs=1 cs=1]
                  LayoutText {#text} at (0,0) size 105x18
                    text run at (0,0) width 105: "...continues here"
      LayoutBlockFlow {DIV} at (0,480) size 784x36
        LayoutBlockFlow (anonymous) at (0,0) size 784x18
          LayoutInline {SPAN} at (0,0) size 41x18
            LayoutText {#text} at (0,0) size 41x18
              text run at (0,0) width 41: "Text..."
        LayoutBlockFlow (anonymous) at (0,18) size 784x0
          LayoutBlockFlow {DIV} at (0,0) size 784x0
        LayoutBlockFlow (anonymous) at (0,18) size 784x18
          LayoutInline {SPAN} at (0,0) size 105x18
            LayoutTable (anonymous) at (0,0) size 105x18
              LayoutTableSection {DIV} at (0,0) size 105x18
                LayoutTableRow (anonymous) at (0,0) size 105x18
                  LayoutTableCell (anonymous) at (0,0) size 105x18 [r=0 c=0 rs=1 cs=1]
                    LayoutText {#text} at (0,0) size 105x18
                      text run at (0,0) width 105: "...continues here"
