layer at (0,0) size 800x600
  LayoutView at (0,0) size 800x600
layer at (0,0) size 800x600
  LayoutBlockFlow {HTML} at (0,0) size 800x600
    LayoutBlockFlow {BODY} at (8,8) size 784x584
      LayoutBlockFlow {P} at (0,0) size 784x18
        LayoutText {#text} at (0,0) size 49x18
          text run at (0,0) width 49: "test for "
        LayoutInline {A} at (0,0) size 57x18 [color=#0000EE]
          LayoutText {#text} at (48,0) size 57x18
            text run at (48,0) width 57: "4110775"
        LayoutText {#text} at (104,0) size 479x18
          text run at (104,0) width 479: " Crash will occur when double-clicking outerHTML link on W3 DOM test"
      LayoutBlockFlow {P} at (0,34) size 784x0
      LayoutBlockFlow {DIV} at (0,34) size 784x18
        LayoutText {#text} at (0,0) size 593x18
          text run at (0,0) width 462: "This test passed. We don't support outerHTML on the document object. "
          text run at (461,0) width 132: "Neither does WinIE."
