layer at (0,0) size 800x600
  LayoutView at (0,0) size 800x600
layer at (0,0) size 800x600
  LayoutBlockFlow {HTML} at (0,0) size 800x600
    LayoutBlockFlow {BODY} at (8,8) size 784x584
      LayoutBlockFlow {P} at (0,0) size 784x36
        LayoutText {#text} at (0,0) size 54x18
          text run at (0,0) width 54: "Test for "
        LayoutInline {I} at (0,0) size 730x36
          LayoutInline {A} at (0,0) size 305x18 [color=#0000EE]
            LayoutText {#text} at (53,0) size 305x18
              text run at (53,0) width 305: "http://bugs.webkit.org/show_bug.cgi?id=12818"
          LayoutText {#text} at (357,0) size 730x36
            text run at (357,0) width 5: " "
            text run at (361,0) width 369: "REGRESSION (r19148): shacknews.com does not render"
            text run at (0,18) width 70: "completely"
        LayoutText {#text} at (69,18) size 5x18
          text run at (69,18) width 5: "."
      LayoutBlockFlow {P} at (0,52) size 784x18
        LayoutText {#text} at (0,0) size 338x18
          text run at (0,0) width 338: "There should be a green square to the left of the text."
      LayoutBlockFlow {DIV} at (0,86) size 100x100 [bgcolor=#008000]
      LayoutBlockFlow {DIV} at (0,186) size 784x18
        LayoutText {#text} at (0,0) size 37x18
          text run at (0,0) width 37: "PASS"
layer at (8,94) size 792x126
  LayoutBlockFlow (positioned) {DIV} at (8,94) size 792x126
    LayoutBlockFlow {DIV} at (100,0) size 692x126
      LayoutBlockFlow {DIV} at (0,0) size 692x126
        LayoutText {#text} at (0,0) size 691x126
          text run at (0,0) width 684: "Curabitur pretium, quam quis semper malesuada, est libero feugiat libero, vel fringilla orci nibh sed neque."
          text run at (0,18) width 691: "Quisque eu nulla non nisi molestie accumsan. Etiam tellus urna, laoreet ac, laoreet non, suscipit sed, sapien."
          text run at (0,36) width 687: "Phasellus vehicula, sem at posuere vehicula, augue nibh molestie nisl, nec ullamcorper lacus ante vulputate"
          text run at (0,54) width 690: "pede. Cum sociis natoque penatibus et magnis dis parturient montes, nascetur ridiculus mus. Mauris viverra"
          text run at (0,72) width 659: "augue vitae purus. Morbi sed sem. Donec dui nisi, ultrices non, pretium quis, hendrerit non, est. Donec"
          text run at (0,90) width 683: "tellus. Donec eget dui id eros pharetra rutrum. Suspendisse sodales lectus sit amet nulla. Morbi tortor arcu,"
          text run at (0,108) width 314: "convallis blandit, elementum eu, aliquet a, tellus."
layer at (108,94) size 0x0
  LayoutBlockFlow (positioned) {DIV} at (100,0) size 0x0
