layer at (0,0) size 800x600
  LayoutView at (0,0) size 800x600
layer at (670,0) size 130x600
  LayoutBlockFlow {HTML} at (0,0) size 130x600
    LayoutBlockFlow {BODY} at (16,8) size 106x584
      LayoutBlockFlow {P} at (0,0) size 18x584
        LayoutText {#text} at (0,0) size 18x230
          text run at (0,0) width 230: "These two lines should be identical:"
      LayoutBlockFlow {DIV} at (34,0) size 36x584
        LayoutText {#text} at (6,0) size 24x279
          text run at (6,0) width 279: "\x{5E0C}\x{8584}\x{5316}\x{5F8C}\x{306E}1\x{682A}\x{5F53}\x{308A}\x{5229}\x{76CA}\x{304C}"
        LayoutInline {SPAN} at (0,0) size 24x25
          LayoutTextCombine {#text} at (6,278) size 24x25
            text run at (6,278) width 24: "3.667"
        LayoutText {#text} at (6,302) size 24x145
          text run at (6,302) width 144: "\x{30C9}\x{30EB}\x{3067}\x{3057}\x{305F}\x{3002}"
      LayoutBlockFlow {DIV} at (70,0) size 36x584
        LayoutText {#text} at (6,0) size 24x279
          text run at (6,0) width 279: "\x{5E0C}\x{8584}\x{5316}\x{5F8C}\x{306E}1\x{682A}\x{5F53}\x{308A}\x{5229}\x{76CA}\x{304C}"
        LayoutInline {SPAN} at (0,0) size 24x25
          LayoutTextCombine {#text} at (6,278) size 24x25
            text run at (6,278) width 24: "3.667"
        LayoutText {#text} at (6,302) size 24x145
          text run at (6,302) width 144: "\x{30C9}\x{30EB}\x{3067}\x{3057}\x{305F}\x{3002}"
