layer at (0,0) size 800x600
  LayoutView at (0,0) size 800x600
layer at (0,0) size 800x600
  LayoutBlockFlow {HTML} at (0,0) size 800x600
    LayoutBlockFlow {BODY} at (8,8) size 784x576
      LayoutBlockFlow {P} at (0,0) size 784x40
        LayoutText {#text} at (0,0) size 50x19
          text run at (0,0) width 50: "Test for "
        LayoutInline {I} at (0,0) size 729x39
          LayoutInline {A} at (0,0) size 304x19 [color=#0000EE]
            LayoutText {#text} at (50,0) size 304x19
              text run at (50,0) width 304: "http://bugs.webkit.org/show_bug.cgi?id=12910"
          LayoutText {#text} at (354,0) size 729x39
            text run at (354,0) width 4: " "
            text run at (358,0) width 371: "REGRESSION (r18756-r18765): list-bullet doesn't redraw"
            text run at (0,20) width 373: "properly when changing the list's content using JavaScript"
        LayoutText {#text} at (373,20) size 4x19
          text run at (373,20) width 4: "."
      LayoutBlockFlow {UL} at (0,56) size 784x20
        LayoutListItem {LI} at (40,0) size 744x20
          LayoutBlockFlow (anonymous) at (0,0) size 744x20
            LayoutListMarker (anonymous) at (-18,0) size 7x19: bullet
            LayoutText {#text} at (0,0) size 20x19
              text run at (0,0) width 20: "foo"
          LayoutBlockFlow {DIV} at (10,30) size 724x0
      LayoutBlockFlow {UL} at (0,92) size 784x20
        LayoutListItem {LI} at (40,0) size 744x20
          LayoutBlockFlow (anonymous) at (0,0) size 744x20
            LayoutListMarker (anonymous) at (-1,0) size 7x19: bullet
            LayoutText {#text} at (22,0) size 20x19
              text run at (22,0) width 20: "bar"
          LayoutBlockFlow {DIV} at (10,30) size 724x0
      LayoutBlockFlow {UL} at (0,128) size 784x20
        LayoutListItem {LI} at (0,0) size 744x20
          LayoutBlockFlow (anonymous) at (0,0) size 744x20
            LayoutListMarker (anonymous) at (755,0) size 7x19: bullet
            LayoutText {#text} at (724,0) size 20x19
              text run at (724,0) width 20: "foo"
          LayoutBlockFlow {DIV} at (10,30) size 724x0
      LayoutBlockFlow {UL} at (0,164) size 784x20
        LayoutListItem {LI} at (0,0) size 744x20
          LayoutBlockFlow (anonymous) at (0,0) size 744x20
            LayoutListMarker (anonymous) at (738,0) size 7x19: bullet
            LayoutText {#text} at (702,0) size 20x19
              text run at (702,0) width 20: "bar"
          LayoutBlockFlow {DIV} at (10,30) size 724x0
