layer at (0,0) size 800x600
  LayoutView at (0,0) size 800x600
layer at (0,0) size 800x494
  LayoutNGBlockFlow {HTML} at (0,0) size 800x494
    LayoutNGBlockFlow {BODY} at (8,8) size 784x358
      LayoutNGBlockFlow {P} at (0,0) size 784x80
        LayoutText {#text} at (0,0) size 783x79
          text run at (0,0) width 783: "The single Hebrew glyph below should be in the Lucida Grande font. It should not be a synthetic bold, because the first font"
          text run at (0,20) width 781: "in the list (Ahem) does not have the glyph. Therefore we fall back to the second font in the list (Lucida Grande), which does"
          text run at (0,40) width 727: "support bold. This test is making sure we don't make incorrect assumptions based off the fact that we would have to"
          text run at (0,60) width 264: "synthesize bold for the first font in the list."
      LayoutNGBlockFlow {P} at (0,208) size 784x150
        LayoutText {#text} at (0,17) size 67x128
          text run at (0,17) width 67: "\x{5D0}"
