layer at (0,0) size 800x600 scrollHeight 605
  LayoutView at (0,0) size 800x600
layer at (0,0) size 800x605 backgroundClip at (0,0) size 800x600 clip at (0,0) size 800x600
  LayoutNGBlockFlow {HTML} at (0,0) size 800x605
    LayoutNGBlockFlow {BODY} at (8,8) size 784x589
      LayoutNGBlockFlow {DIV} at (0,0) size 784x36
        LayoutText {#text} at (0,7) size 156x27
          text run at (0,7) width 72: "\x{653B}\x{6BBB}\x{2307}"
          text run at (72,7) width 84: "\x{30FC}\x{FF1C}\x{FF1D}4"
      LayoutNGBlockFlow {DIV} at (0,36) size 144x191
        LayoutNGBlockFlow {DIV} at (0,10) size 36x171
          LayoutText {#text} at (5,0) size 27x156
            text run at (5,0) width 72: "\x{653B}\x{6BBB}\x{2307}"
            text run at (5,72) width 24: "\x{30FC}"
            text run at (5,96) width 60: "\x{FF1C}\x{FF1D}4"
        LayoutNGBlockFlow {DIV} at (36,10) size 36x171 [color=#0000FF]
          LayoutText {#text} at (5,0) size 27x171
            text run at (5,0) width 72: "\x{653B}\x{6BBB}\x{2307}"
            text run at (5,72) width 99: "\x{30FC}\x{FF1C}\x{FF1D}4"
        LayoutNGBlockFlow {DIV} at (72,10) size 36x171 [color=#008080]
          LayoutText {#text} at (2,0) size 27x156
            text run at (2,0) width 72: "\x{653B}\x{6BBB}\x{2307}"
            text run at (2,72) width 84: "\x{30FC}\x{FF1C}\x{FF1D}4"
        LayoutNGBlockFlow {DIV} at (108,10) size 36x171 [color=#A52A2A]
          LayoutText {#text} at (2,0) size 27x156
            text run at (2,0) width 72: "\x{653B}\x{6BBB}\x{2307}"
            text run at (2,72) width 84: "\x{30FC}\x{FF1C}\x{FF1D}4"
      LayoutNGBlockFlow {DIV} at (0,227) size 144x191
        LayoutNGBlockFlow {DIV} at (0,10) size 36x171
          LayoutText {#text} at (5,0) size 27x156
            text run at (5,0) width 72: "\x{653B}\x{6BBB}\x{2307}"
            text run at (5,72) width 24: "\x{30FC}"
            text run at (5,96) width 60: "\x{FF1C}\x{FF1D}4"
        LayoutNGBlockFlow {DIV} at (36,10) size 36x171 [color=#0000FF]
          LayoutText {#text} at (5,0) size 27x171
            text run at (5,0) width 72: "\x{653B}\x{6BBB}\x{2307}"
            text run at (5,72) width 99: "\x{30FC}\x{FF1C}\x{FF1D}4"
        LayoutNGBlockFlow {DIV} at (72,10) size 36x171 [color=#008080]
          LayoutText {#text} at (2,0) size 27x156
            text run at (2,0) width 72: "\x{653B}\x{6BBB}\x{2307}"
            text run at (2,72) width 84: "\x{30FC}\x{FF1C}\x{FF1D}4"
        LayoutNGBlockFlow {DIV} at (108,10) size 36x171 [color=#A52A2A]
          LayoutText {#text} at (2,0) size 27x156
            text run at (2,0) width 72: "\x{653B}\x{6BBB}\x{2307}"
            text run at (2,72) width 84: "\x{30FC}\x{FF1C}\x{FF1D}4"
      LayoutNGBlockFlow {DIV} at (0,418) size 144x171
        LayoutNGBlockFlow {DIV} at (0,0) size 36x171
          LayoutText {#text} at (5,0) size 27x156
            text run at (5,0) width 72: "\x{653B}\x{6BBB}\x{2307}"
            text run at (5,72) width 24: "\x{30FC}"
            text run at (5,96) width 60: "\x{FF1C}\x{FF1D}4"
        LayoutNGBlockFlow {DIV} at (36,0) size 36x171 [color=#0000FF]
          LayoutText {#text} at (5,0) size 27x171
            text run at (5,0) width 72: "\x{653B}\x{6BBB}\x{2307}"
            text run at (5,72) width 99: "\x{30FC}\x{FF1C}\x{FF1D}4"
        LayoutNGBlockFlow {DIV} at (72,0) size 36x171 [color=#008080]
          LayoutText {#text} at (2,0) size 27x156
            text run at (2,0) width 72: "\x{653B}\x{6BBB}\x{2307}"
            text run at (2,72) width 84: "\x{30FC}\x{FF1C}\x{FF1D}4"
        LayoutNGBlockFlow {DIV} at (108,0) size 36x171 [color=#A52A2A]
          LayoutText {#text} at (2,0) size 27x156
            text run at (2,0) width 72: "\x{653B}\x{6BBB}\x{2307}"
            text run at (2,72) width 84: "\x{30FC}\x{FF1C}\x{FF1D}4"
