layer at (0,0) size 800x600
  LayoutView at (0,0) size 800x600
layer at (0,0) size 800x261
  LayoutBlockFlow {HTML} at (0,0) size 800x261
    LayoutBlockFlow {BODY} at (8,8) size 784x245
      LayoutText {#text} at (0,0) size 0x0
layer at (8,8) size 320x240
  LayoutVideo {VIDEO} at (0,0) size 320x240
layer at (8,8) size 320x240
  LayoutBlockFlow (relative positioned) {DIV} at (0,0) size 320x240 [color=#FFFFFF]
layer at (26,8) size 20x240
  LayoutBlockFlow (positioned) {DIV} at (18,0) size 20x240
    LayoutInline {DIV} at (0,0) size 19x116 [bgcolor=#000000CC]
      LayoutText {#text} at (2,64) size 15x112
        text run at (2,64) width 111: "Cue 1: \x{79C1}\x{306F}\x{7ACB}\x{6D3E}\x{306A}\x{4EBA}"
layer at (64,8) size 20x240
  LayoutBlockFlow (positioned) {DIV} at (56,0) size 20x240
    LayoutInline {DIV} at (0,0) size 19x116 [bgcolor=#000000CC]
      LayoutText {#text} at (2,64) size 15x112
        text run at (2,64) width 111: "Cue 2: \x{79C1}\x{306F}\x{7ACB}\x{6D3E}\x{306A}\x{4EBA}"
layer at (251,8) size 20x240
  LayoutBlockFlow (positioned) {DIV} at (243,0) size 20x240
    LayoutInline {DIV} at (0,0) size 19x116 [bgcolor=#000000CC]
      LayoutText {#text} at (2,64) size 15x112
        text run at (2,64) width 111: "Cue 3: \x{79C1}\x{306F}\x{7ACB}\x{6D3E}\x{306A}\x{4EBA}"
layer at (213,8) size 20x240
  LayoutBlockFlow (positioned) {DIV} at (205,0) size 20x240
    LayoutInline {DIV} at (0,0) size 19x116 [bgcolor=#000000CC]
      LayoutText {#text} at (2,64) size 15x112
        text run at (2,64) width 111: "Cue 4: \x{79C1}\x{306F}\x{7ACB}\x{6D3E}\x{306A}\x{4EBA}"
layer at (290,8) size 20x240
  LayoutBlockFlow (positioned) {DIV} at (282,0) size 20x240
    LayoutInline {DIV} at (0,0) size 19x116 [bgcolor=#000000CC]
      LayoutText {#text} at (2,64) size 15x112
        text run at (2,64) width 111: "Cue 5: \x{79C1}\x{306F}\x{7ACB}\x{6D3E}\x{306A}\x{4EBA}"
layer at (176,8) size 20x240
  LayoutBlockFlow (positioned) {DIV} at (168,0) size 20x240
    LayoutInline {DIV} at (0,0) size 19x116 [bgcolor=#000000CC]
      LayoutText {#text} at (2,64) size 15x112
        text run at (2,64) width 111: "Cue 6: \x{79C1}\x{306F}\x{7ACB}\x{6D3E}\x{306A}\x{4EBA}"
layer at (8,8) size 320x240
  LayoutFlexibleBox (relative positioned) {DIV} at (0,0) size 320x240
    LayoutBlockFlow {DIV} at (0,208) size 320x32
layer at (8,8) size 320x198
  LayoutFlexibleBox (relative positioned) {DIV} at (0,0) size 320x198
