layer at (0,0) size 1046x799 scrollHeight 2567
  LayoutView at (0,0) size 1046x799
layer at (0,0) size 1046x2567 backgroundClip at (0,0) size 1046x799 clip at (0,0) size 1046x799
  LayoutBlockFlow {HTML} at (0,0) size 1046x2567
    LayoutBlockFlow {BODY} at (8,16) size 1030x2535
      LayoutBlockFlow {P} at (0,0) size 1030x18
        LayoutText {#text} at (0,0) size 69x18
          text run at (0,0) width 69: "Filler lines"
      LayoutBlockFlow {P} at (0,34) size 1030x18
        LayoutText {#text} at (0,0) size 69x18
          text run at (0,0) width 69: "Filler lines"
      LayoutBlockFlow {P} at (0,68) size 1030x18
        LayoutText {#text} at (0,0) size 69x18
          text run at (0,0) width 69: "Filler lines"
      LayoutBlockFlow {P} at (0,102) size 1030x18
        LayoutText {#text} at (0,0) size 69x18
          text run at (0,0) width 69: "Filler lines"
      LayoutBlockFlow {P} at (0,136) size 1030x18
        LayoutText {#text} at (0,0) size 69x18
          text run at (0,0) width 69: "Filler lines"
      LayoutBlockFlow {P} at (0,170) size 1030x18
        LayoutText {#text} at (0,0) size 69x18
          text run at (0,0) width 69: "Filler lines"
      LayoutBlockFlow {P} at (0,204) size 1030x18
        LayoutText {#text} at (0,0) size 69x18
          text run at (0,0) width 69: "Filler lines"
      LayoutBlockFlow {P} at (0,238) size 1030x18
        LayoutText {#text} at (0,0) size 69x18
          text run at (0,0) width 69: "Filler lines"
      LayoutBlockFlow {P} at (0,272) size 1030x18
        LayoutText {#text} at (0,0) size 69x18
          text run at (0,0) width 69: "Filler lines"
      LayoutBlockFlow {P} at (0,306) size 1030x18
        LayoutText {#text} at (0,0) size 69x18
          text run at (0,0) width 69: "Filler lines"
      LayoutBlockFlow {P} at (0,340) size 1030x18
        LayoutText {#text} at (0,0) size 69x18
          text run at (0,0) width 69: "Filler lines"
      LayoutBlockFlow {P} at (0,374) size 1030x18
        LayoutText {#text} at (0,0) size 69x18
          text run at (0,0) width 69: "Filler lines"
      LayoutBlockFlow {P} at (0,408) size 1030x18
        LayoutText {#text} at (0,0) size 69x18
          text run at (0,0) width 69: "Filler lines"
      LayoutBlockFlow {P} at (0,442) size 1030x18
        LayoutText {#text} at (0,0) size 69x18
          text run at (0,0) width 69: "Filler lines"
      LayoutBlockFlow {P} at (0,476) size 1030x18
        LayoutText {#text} at (0,0) size 69x18
          text run at (0,0) width 69: "Filler lines"
      LayoutBlockFlow {P} at (0,510) size 1030x18
        LayoutText {#text} at (0,0) size 69x18
          text run at (0,0) width 69: "Filler lines"
      LayoutBlockFlow {P} at (0,544) size 1030x18
        LayoutText {#text} at (0,0) size 69x18
          text run at (0,0) width 69: "Filler lines"
      LayoutBlockFlow {P} at (0,578) size 1030x18
        LayoutText {#text} at (0,0) size 69x18
          text run at (0,0) width 69: "Filler lines"
      LayoutBlockFlow {P} at (0,612) size 1030x18
        LayoutText {#text} at (0,0) size 69x18
          text run at (0,0) width 69: "Filler lines"
      LayoutBlockFlow {P} at (0,646) size 1030x18
        LayoutText {#text} at (0,0) size 69x18
          text run at (0,0) width 69: "Filler lines"
      LayoutBlockFlow {P} at (0,680) size 1030x18
        LayoutText {#text} at (0,0) size 69x18
          text run at (0,0) width 69: "Filler lines"
      LayoutBlockFlow {P} at (0,714) size 1030x18
        LayoutText {#text} at (0,0) size 69x18
          text run at (0,0) width 69: "Filler lines"
      LayoutBlockFlow {P} at (0,748) size 1030x18
        LayoutText {#text} at (0,0) size 69x18
          text run at (0,0) width 69: "Filler lines"
      LayoutBlockFlow {P} at (0,783) size 1030x18
        LayoutText {#text} at (0,0) size 69x18
          text run at (0,0) width 69: "Filler lines"
      LayoutBlockFlow {P} at (0,817) size 1030x18
        LayoutText {#text} at (0,0) size 69x18
          text run at (0,0) width 69: "Filler lines"
      LayoutBlockFlow {P} at (0,851) size 1030x18
        LayoutText {#text} at (0,0) size 69x18
          text run at (0,0) width 69: "Filler lines"
      LayoutBlockFlow {P} at (0,885) size 1030x18
        LayoutText {#text} at (0,0) size 69x18
          text run at (0,0) width 69: "Filler lines"
      LayoutBlockFlow {P} at (0,919) size 1030x18
        LayoutText {#text} at (0,0) size 69x18
          text run at (0,0) width 69: "Filler lines"
      LayoutBlockFlow {P} at (0,953) size 1030x18
        LayoutText {#text} at (0,0) size 69x18
          text run at (0,0) width 69: "Filler lines"
      LayoutBlockFlow {P} at (0,987) size 1030x18
        LayoutText {#text} at (0,0) size 69x18
          text run at (0,0) width 69: "Filler lines"
      LayoutBlockFlow {P} at (0,1021) size 1030x18
        LayoutText {#text} at (0,0) size 69x18
          text run at (0,0) width 69: "Filler lines"
      LayoutBlockFlow {P} at (0,1055) size 1030x18
        LayoutText {#text} at (0,0) size 69x18
          text run at (0,0) width 69: "Filler lines"
      LayoutBlockFlow {P} at (0,1089) size 1030x18
        LayoutText {#text} at (0,0) size 69x18
          text run at (0,0) width 69: "Filler lines"
      LayoutBlockFlow {P} at (0,1123) size 1030x18
        LayoutText {#text} at (0,0) size 69x18
          text run at (0,0) width 69: "Filler lines"
      LayoutBlockFlow {P} at (0,1157) size 1030x18
        LayoutText {#text} at (0,0) size 69x18
          text run at (0,0) width 69: "Filler lines"
      LayoutBlockFlow {P} at (0,1191) size 1030x18
        LayoutText {#text} at (0,0) size 69x18
          text run at (0,0) width 69: "Filler lines"
      LayoutBlockFlow {P} at (0,1225) size 1030x18
        LayoutText {#text} at (0,0) size 69x18
          text run at (0,0) width 69: "Filler lines"
      LayoutBlockFlow {P} at (0,1259) size 1030x18
        LayoutText {#text} at (0,0) size 69x18
          text run at (0,0) width 69: "Filler lines"
      LayoutBlockFlow {P} at (0,1293) size 1030x18
        LayoutText {#text} at (0,0) size 69x18
          text run at (0,0) width 69: "Filler lines"
      LayoutBlockFlow {P} at (0,1327) size 1030x18
        LayoutText {#text} at (0,0) size 69x18
          text run at (0,0) width 69: "Filler lines"
      LayoutBlockFlow {P} at (0,1361) size 1030x18
        LayoutText {#text} at (0,0) size 69x18
          text run at (0,0) width 69: "Filler lines"
      LayoutBlockFlow {P} at (0,1395) size 1030x18
        LayoutText {#text} at (0,0) size 69x18
          text run at (0,0) width 69: "Filler lines"
      LayoutBlockFlow {P} at (0,1429) size 1030x18
        LayoutText {#text} at (0,0) size 69x18
          text run at (0,0) width 69: "Filler lines"
      LayoutBlockFlow {P} at (0,1463) size 1030x18
        LayoutText {#text} at (0,0) size 69x18
          text run at (0,0) width 69: "Filler lines"
      LayoutBlockFlow {P} at (0,1497) size 1030x18
        LayoutText {#text} at (0,0) size 69x18
          text run at (0,0) width 69: "Filler lines"
      LayoutBlockFlow {P} at (0,1531) size 1030x18
        LayoutText {#text} at (0,0) size 69x18
          text run at (0,0) width 69: "Filler lines"
      LayoutBlockFlow {P} at (0,1582) size 1030x18
        LayoutText {#text} at (0,0) size 69x18
          text run at (0,0) width 69: "Filler lines"
      LayoutBlockFlow {P} at (0,1616) size 1030x18
        LayoutText {#text} at (0,0) size 69x18
          text run at (0,0) width 69: "Filler lines"
      LayoutBlockFlow {P} at (0,1650) size 1030x18
        LayoutText {#text} at (0,0) size 69x18
          text run at (0,0) width 69: "Filler lines"
      LayoutBlockFlow {P} at (0,1684) size 1030x18
        LayoutText {#text} at (0,0) size 69x18
          text run at (0,0) width 69: "Filler lines"
      LayoutBlockFlow {P} at (0,1718) size 1030x18
        LayoutText {#text} at (0,0) size 69x18
          text run at (0,0) width 69: "Filler lines"
      LayoutBlockFlow {P} at (0,1752) size 1030x18
        LayoutText {#text} at (0,0) size 69x18
          text run at (0,0) width 69: "Filler lines"
      LayoutBlockFlow {P} at (0,1786) size 1030x18
        LayoutText {#text} at (0,0) size 69x18
          text run at (0,0) width 69: "Filler lines"
      LayoutBlockFlow {P} at (0,1820) size 1030x18
        LayoutText {#text} at (0,0) size 69x18
          text run at (0,0) width 69: "Filler lines"
      LayoutBlockFlow {P} at (0,1854) size 1030x18
        LayoutText {#text} at (0,0) size 69x18
          text run at (0,0) width 69: "Filler lines"
      LayoutBlockFlow {P} at (0,1888) size 1030x18
        LayoutText {#text} at (0,0) size 69x18
          text run at (0,0) width 69: "Filler lines"
      LayoutBlockFlow {P} at (0,1922) size 1030x18
        LayoutText {#text} at (0,0) size 69x18
          text run at (0,0) width 69: "Filler lines"
      LayoutBlockFlow {P} at (0,1956) size 1030x18
        LayoutText {#text} at (0,0) size 69x18
          text run at (0,0) width 69: "Filler lines"
      LayoutBlockFlow {P} at (0,1990) size 1030x18
        LayoutText {#text} at (0,0) size 69x18
          text run at (0,0) width 69: "Filler lines"
      LayoutBlockFlow {P} at (0,2024) size 1030x18
        LayoutText {#text} at (0,0) size 69x18
          text run at (0,0) width 69: "Filler lines"
      LayoutBlockFlow {P} at (0,2058) size 1030x18
        LayoutText {#text} at (0,0) size 69x18
          text run at (0,0) width 69: "Filler lines"
      LayoutBlockFlow {P} at (0,2092) size 1030x18
        LayoutText {#text} at (0,0) size 69x18
          text run at (0,0) width 69: "Filler lines"
      LayoutBlockFlow {P} at (0,2126) size 1030x18
        LayoutText {#text} at (0,0) size 69x18
          text run at (0,0) width 69: "Filler lines"
      LayoutBlockFlow {P} at (0,2160) size 1030x18
        LayoutText {#text} at (0,0) size 69x18
          text run at (0,0) width 69: "Filler lines"
      LayoutBlockFlow {P} at (0,2194) size 1030x18
        LayoutText {#text} at (0,0) size 69x18
          text run at (0,0) width 69: "Filler lines"
      LayoutBlockFlow {P} at (0,2228) size 1030x18
        LayoutText {#text} at (0,0) size 69x18
          text run at (0,0) width 69: "Filler lines"
      LayoutBlockFlow {P} at (0,2262) size 1030x18
        LayoutText {#text} at (0,0) size 69x18
          text run at (0,0) width 69: "Filler lines"
      LayoutBlockFlow {P} at (0,2296) size 1030x18
        LayoutText {#text} at (0,0) size 69x18
          text run at (0,0) width 69: "Filler lines"
      LayoutBlockFlow {P} at (0,2330) size 1030x18
        LayoutText {#text} at (0,0) size 69x18
          text run at (0,0) width 69: "Filler lines"
      LayoutBlockFlow {P} at (0,2381) size 1030x18
        LayoutText {#text} at (0,0) size 69x18
          text run at (0,0) width 69: "Filler lines"
      LayoutBlockFlow {P} at (0,2415) size 1030x18
        LayoutText {#text} at (0,0) size 69x18
          text run at (0,0) width 69: "Filler lines"
      LayoutBlockFlow {P} at (0,2449) size 1030x18
        LayoutText {#text} at (0,0) size 69x18
          text run at (0,0) width 69: "Filler lines"
      LayoutBlockFlow {P} at (0,2483) size 1030x18
        LayoutText {#text} at (0,0) size 69x18
          text run at (0,0) width 69: "Filler lines"
      LayoutBlockFlow {P} at (0,2517) size 1030x18
        LayoutText {#text} at (0,0) size 69x18
          text run at (0,0) width 69: "Filler lines"
layer at (8,0) size 0x0
  LayoutBlockFlow (positioned) {DIV} at (8,0) size 0x0
layer at (8,0) size 1004x20 backgroundClip at (8,0) size 400x50 clip at (8,0) size 400x50
  LayoutBlockFlow (positioned) {DIV} at (8,0) size 1003.55x20 [border: (1px solid #000000)]
    LayoutBlockFlow {DIV} at (1,1) size 1001.55x18
      LayoutText {#text} at (0,0) size 1002x18
        text run at (0,0) width 1002: "crbug.com/303728: Clipped header Line is inside absolute element positioned at top of page so should only appear on first page and should be clipped there."
