layer at (0,0) size 1066x799
  LayoutView at (0,0) size 1066x799
layer at (0,0) size 1066x799
  LayoutBlockFlow {HTML} at (0,0) size 1066x799
    LayoutBlockFlow {BODY} at (8,8) size 1050x783
      LayoutText {#text} at (304,290) size 4x18
        text run at (304,290) width 4: " "
      LayoutText {#text} at (0,0) size 0x0
layer at (8,208) size 304x104
  LayoutIFrame {IFRAME} at (0,200) size 304x104 [border: (2px inset #EEEEEE)]
    layer at (0,0) size 300x100
      LayoutView at (0,0) size 300x100
    layer at (0,0) size 300x34
      LayoutBlockFlow {HTML} at (0,0) size 300x34
        LayoutBlockFlow {BODY} at (8,8) size 284x18
          LayoutText {#text} at (0,0) size 245x18
            text run at (0,0) width 245: "You should see this text when printed."
layer at (316,8) size 304x304
  LayoutIFrame {IFRAME} at (308,0) size 304x304 [border: (2px inset #EEEEEE)]
    layer at (0,0) size 300x300
      LayoutView at (0,0) size 300x300
    layer at (40,0) size 260x300
      LayoutBlockFlow {HTML} at (0,0) size 260x300
        LayoutBlockFlow {BODY} at (8,8) size 244x284
          LayoutText {#text} at (0,0) size 18x249
            text run at (0,0) width 249: "You should see this text when printed. "
          LayoutBR {BR} at (0,248) size 18x1
          LayoutText {#text} at (18,0) size 18x164
            text run at (18,0) width 164: "Vertical text on the right. "
          LayoutBR {BR} at (18,163) size 18x1
          LayoutText {#text} at (0,0) size 0x0
    layer at (52,8) size 204x154
      LayoutIFrame {IFRAME} at (36,0) size 204x154 [border: (2px inset #EEEEEE)]
        layer at (0,0) size 200x150
          LayoutView at (0,0) size 200x150
        layer at (0,0) size 200x52
          LayoutBlockFlow {HTML} at (0,0) size 200x52
            LayoutBlockFlow {BODY} at (8,8) size 184x36
              LayoutText {#text} at (0,0) size 153x36
                text run at (0,0) width 153: "You should see this text"
                text run at (0,18) width 88: "when printed."
