layer at (0,0) size 1046x799 scrollHeight 1547
  LayoutView at (0,0) size 1046x799
layer at (0,0) size 1046x1547 backgroundClip at (0,0) size 1046x799 clip at (0,0) size 1046x799
  LayoutBlockFlow {HTML} at (0,0) size 1046x1547
    LayoutBlockFlow {BODY} at (8,8) size 1030x1531
      LayoutTable {TABLE} at (0,0) size 452x1531
        LayoutTableSection {THEAD} at (0,0) size 452x43
          LayoutTableRow {TR} at (0,2) size 452x39
            LayoutTableCell {TH} at (2,2) size 148x39 [r=0 c=0 rs=1 cs=1]
              LayoutText {#text} at (1,1) size 146x37
                text run at (1,1) width 146: "Column 1"
            LayoutTableCell {TH} at (152,2) size 148x39 [r=0 c=1 rs=1 cs=1]
              LayoutText {#text} at (1,1) size 146x37
                text run at (1,1) width 146: "Column 2"
            LayoutTableCell {TH} at (302,2) size 148x39 [r=0 c=2 rs=1 cs=1]
              LayoutText {#text} at (1,1) size 146x37
                text run at (1,1) width 146: "Column 3"
        LayoutTableSection {TBODY} at (0,43) size 452x1488
          LayoutTableRow {TR} at (0,0) size 452x39
            LayoutTableCell {TD} at (2,0) size 148x39 [r=0 c=0 rs=1 cs=1]
              LayoutText {#text} at (1,1) size 47x37
                text run at (1,1) width 47: "1-1"
            LayoutTableCell {TD} at (152,0) size 148x39 [r=0 c=1 rs=1 cs=1]
              LayoutText {#text} at (1,1) size 47x37
                text run at (1,1) width 47: "2-1"
            LayoutTableCell {TD} at (302,0) size 148x39 [r=0 c=2 rs=1 cs=1]
              LayoutText {#text} at (1,1) size 47x37
                text run at (1,1) width 47: "3-1"
          LayoutTableRow {TR} at (0,41) size 452x39
            LayoutTableCell {TD} at (2,41) size 148x39 [r=1 c=0 rs=1 cs=1]
              LayoutText {#text} at (1,1) size 47x37
                text run at (1,1) width 47: "1-2"
            LayoutTableCell {TD} at (152,41) size 148x39 [r=1 c=1 rs=1 cs=1]
              LayoutText {#text} at (1,1) size 47x37
                text run at (1,1) width 47: "2-2"
            LayoutTableCell {TD} at (302,41) size 148x39 [r=1 c=2 rs=1 cs=1]
              LayoutText {#text} at (1,1) size 47x37
                text run at (1,1) width 47: "3-2"
          LayoutTableRow {TR} at (0,82) size 452x39
            LayoutTableCell {TD} at (2,82) size 148x39 [r=2 c=0 rs=1 cs=1]
              LayoutText {#text} at (1,1) size 47x37
                text run at (1,1) width 47: "1-3"
            LayoutTableCell {TD} at (152,82) size 148x39 [r=2 c=1 rs=1 cs=1]
              LayoutText {#text} at (1,1) size 47x37
                text run at (1,1) width 47: "2-3"
            LayoutTableCell {TD} at (302,82) size 148x39 [r=2 c=2 rs=1 cs=1]
              LayoutText {#text} at (1,1) size 47x37
                text run at (1,1) width 47: "3-3"
          LayoutTableRow {TR} at (0,123) size 452x39
            LayoutTableCell {TD} at (2,123) size 148x39 [r=3 c=0 rs=1 cs=1]
              LayoutText {#text} at (1,1) size 47x37
                text run at (1,1) width 47: "1-4"
            LayoutTableCell {TD} at (152,123) size 148x39 [r=3 c=1 rs=1 cs=1]
              LayoutText {#text} at (1,1) size 47x37
                text run at (1,1) width 47: "2-4"
            LayoutTableCell {TD} at (302,123) size 148x39 [r=3 c=2 rs=1 cs=1]
              LayoutText {#text} at (1,1) size 47x37
                text run at (1,1) width 47: "3-4"
          LayoutTableRow {TR} at (0,164) size 452x39
            LayoutTableCell {TD} at (2,164) size 148x39 [r=4 c=0 rs=1 cs=1]
              LayoutText {#text} at (1,1) size 47x37
                text run at (1,1) width 47: "1-5"
            LayoutTableCell {TD} at (152,164) size 148x39 [r=4 c=1 rs=1 cs=1]
              LayoutText {#text} at (1,1) size 47x37
                text run at (1,1) width 47: "2-5"
            LayoutTableCell {TD} at (302,164) size 148x39 [r=4 c=2 rs=1 cs=1]
              LayoutText {#text} at (1,1) size 47x37
                text run at (1,1) width 47: "3-5"
          LayoutTableRow {TR} at (0,205) size 452x39
            LayoutTableCell {TD} at (2,205) size 148x39 [r=5 c=0 rs=1 cs=1]
              LayoutText {#text} at (1,1) size 47x37
                text run at (1,1) width 47: "1-6"
            LayoutTableCell {TD} at (152,205) size 148x39 [r=5 c=1 rs=1 cs=1]
              LayoutText {#text} at (1,1) size 47x37
                text run at (1,1) width 47: "2-6"
            LayoutTableCell {TD} at (302,205) size 148x39 [r=5 c=2 rs=1 cs=1]
              LayoutText {#text} at (1,1) size 47x37
                text run at (1,1) width 47: "3-6"
          LayoutTableRow {TR} at (0,246) size 452x39
            LayoutTableCell {TD} at (2,246) size 148x39 [r=6 c=0 rs=1 cs=1]
              LayoutText {#text} at (1,1) size 47x37
                text run at (1,1) width 47: "1-7"
            LayoutTableCell {TD} at (152,246) size 148x39 [r=6 c=1 rs=1 cs=1]
              LayoutText {#text} at (1,1) size 47x37
                text run at (1,1) width 47: "2-7"
            LayoutTableCell {TD} at (302,246) size 148x39 [r=6 c=2 rs=1 cs=1]
              LayoutText {#text} at (1,1) size 47x37
                text run at (1,1) width 47: "3-7"
          LayoutTableRow {TR} at (0,287) size 452x39
            LayoutTableCell {TD} at (2,287) size 148x39 [r=7 c=0 rs=1 cs=1]
              LayoutText {#text} at (1,1) size 47x37
                text run at (1,1) width 47: "1-8"
            LayoutTableCell {TD} at (152,287) size 148x39 [r=7 c=1 rs=1 cs=1]
              LayoutText {#text} at (1,1) size 47x37
                text run at (1,1) width 47: "2-8"
            LayoutTableCell {TD} at (302,287) size 148x39 [r=7 c=2 rs=1 cs=1]
              LayoutText {#text} at (1,1) size 47x37
                text run at (1,1) width 47: "3-8"
          LayoutTableRow {TR} at (0,328) size 452x39
            LayoutTableCell {TD} at (2,328) size 148x39 [r=8 c=0 rs=1 cs=1]
              LayoutText {#text} at (1,1) size 47x37
                text run at (1,1) width 47: "1-9"
            LayoutTableCell {TD} at (152,328) size 148x39 [r=8 c=1 rs=1 cs=1]
              LayoutText {#text} at (1,1) size 47x37
                text run at (1,1) width 47: "2-9"
            LayoutTableCell {TD} at (302,328) size 148x39 [r=8 c=2 rs=1 cs=1]
              LayoutText {#text} at (1,1) size 47x37
                text run at (1,1) width 47: "3-9"
          LayoutTableRow {TR} at (0,369) size 452x39
            LayoutTableCell {TD} at (2,369) size 148x39 [r=9 c=0 rs=1 cs=1]
              LayoutText {#text} at (1,1) size 65x37
                text run at (1,1) width 65: "1-10"
            LayoutTableCell {TD} at (152,369) size 148x39 [r=9 c=1 rs=1 cs=1]
              LayoutText {#text} at (1,1) size 65x37
                text run at (1,1) width 65: "2-10"
            LayoutTableCell {TD} at (302,369) size 148x39 [r=9 c=2 rs=1 cs=1]
              LayoutText {#text} at (1,1) size 65x37
                text run at (1,1) width 65: "3-10"
          LayoutTableRow {TR} at (0,410) size 452x39
            LayoutTableCell {TD} at (2,410) size 148x39 [r=10 c=0 rs=1 cs=1]
              LayoutText {#text} at (1,1) size 62x37
                text run at (1,1) width 62: "1-11"
            LayoutTableCell {TD} at (152,410) size 148x39 [r=10 c=1 rs=1 cs=1]
              LayoutText {#text} at (1,1) size 62x37
                text run at (1,1) width 62: "2-11"
            LayoutTableCell {TD} at (302,410) size 148x39 [r=10 c=2 rs=1 cs=1]
              LayoutText {#text} at (1,1) size 62x37
                text run at (1,1) width 62: "3-11"
          LayoutTableRow {TR} at (0,451) size 452x39
            LayoutTableCell {TD} at (2,451) size 148x39 [r=11 c=0 rs=1 cs=1]
              LayoutText {#text} at (1,1) size 65x37
                text run at (1,1) width 65: "1-12"
            LayoutTableCell {TD} at (152,451) size 148x39 [r=11 c=1 rs=1 cs=1]
              LayoutText {#text} at (1,1) size 65x37
                text run at (1,1) width 65: "2-12"
            LayoutTableCell {TD} at (302,451) size 148x39 [r=11 c=2 rs=1 cs=1]
              LayoutText {#text} at (1,1) size 65x37
                text run at (1,1) width 65: "3-12"
          LayoutTableRow {TR} at (0,492) size 452x39
            LayoutTableCell {TD} at (2,492) size 148x39 [r=12 c=0 rs=1 cs=1]
              LayoutText {#text} at (1,1) size 65x37
                text run at (1,1) width 65: "1-13"
            LayoutTableCell {TD} at (152,492) size 148x39 [r=12 c=1 rs=1 cs=1]
              LayoutText {#text} at (1,1) size 65x37
                text run at (1,1) width 65: "2-13"
            LayoutTableCell {TD} at (302,492) size 148x39 [r=12 c=2 rs=1 cs=1]
              LayoutText {#text} at (1,1) size 65x37
                text run at (1,1) width 65: "3-13"
          LayoutTableRow {TR} at (0,533) size 452x39
            LayoutTableCell {TD} at (2,533) size 148x39 [r=13 c=0 rs=1 cs=1]
              LayoutText {#text} at (1,1) size 65x37
                text run at (1,1) width 65: "1-14"
            LayoutTableCell {TD} at (152,533) size 148x39 [r=13 c=1 rs=1 cs=1]
              LayoutText {#text} at (1,1) size 65x37
                text run at (1,1) width 65: "2-14"
            LayoutTableCell {TD} at (302,533) size 148x39 [r=13 c=2 rs=1 cs=1]
              LayoutText {#text} at (1,1) size 65x37
                text run at (1,1) width 65: "3-14"
          LayoutTableRow {TR} at (0,574) size 452x39
            LayoutTableCell {TD} at (2,574) size 148x39 [r=14 c=0 rs=1 cs=1]
              LayoutText {#text} at (1,1) size 65x37
                text run at (1,1) width 65: "1-15"
            LayoutTableCell {TD} at (152,574) size 148x39 [r=14 c=1 rs=1 cs=1]
              LayoutText {#text} at (1,1) size 65x37
                text run at (1,1) width 65: "2-15"
            LayoutTableCell {TD} at (302,574) size 148x39 [r=14 c=2 rs=1 cs=1]
              LayoutText {#text} at (1,1) size 65x37
                text run at (1,1) width 65: "3-15"
          LayoutTableRow {TR} at (0,615) size 452x39
            LayoutTableCell {TD} at (2,615) size 148x39 [r=15 c=0 rs=1 cs=1]
              LayoutText {#text} at (1,1) size 65x37
                text run at (1,1) width 65: "1-16"
            LayoutTableCell {TD} at (152,615) size 148x39 [r=15 c=1 rs=1 cs=1]
              LayoutText {#text} at (1,1) size 65x37
                text run at (1,1) width 65: "2-16"
            LayoutTableCell {TD} at (302,615) size 148x39 [r=15 c=2 rs=1 cs=1]
              LayoutText {#text} at (1,1) size 65x37
                text run at (1,1) width 65: "3-16"
          LayoutTableRow {TR} at (0,656) size 452x39
            LayoutTableCell {TD} at (2,656) size 148x39 [r=16 c=0 rs=1 cs=1]
              LayoutText {#text} at (1,1) size 65x37
                text run at (1,1) width 65: "1-17"
            LayoutTableCell {TD} at (152,656) size 148x39 [r=16 c=1 rs=1 cs=1]
              LayoutText {#text} at (1,1) size 65x37
                text run at (1,1) width 65: "2-17"
            LayoutTableCell {TD} at (302,656) size 148x39 [r=16 c=2 rs=1 cs=1]
              LayoutText {#text} at (1,1) size 65x37
                text run at (1,1) width 65: "3-17"
          LayoutTableRow {TR} at (0,697) size 452x39
            LayoutTableCell {TD} at (2,697) size 148x39 [r=17 c=0 rs=1 cs=1]
              LayoutText {#text} at (1,1) size 65x37
                text run at (1,1) width 65: "1-18"
            LayoutTableCell {TD} at (152,697) size 148x39 [r=17 c=1 rs=1 cs=1]
              LayoutText {#text} at (1,1) size 65x37
                text run at (1,1) width 65: "2-18"
            LayoutTableCell {TD} at (302,697) size 148x39 [r=17 c=2 rs=1 cs=1]
              LayoutText {#text} at (1,1) size 65x37
                text run at (1,1) width 65: "3-18"
          LayoutTableRow {TR} at (0,791) size 452x39
            LayoutTableCell {TD} at (2,791) size 148x39 [r=18 c=0 rs=1 cs=1]
              LayoutText {#text} at (1,1) size 65x37
                text run at (1,1) width 65: "1-19"
            LayoutTableCell {TD} at (152,791) size 148x39 [r=18 c=1 rs=1 cs=1]
              LayoutText {#text} at (1,1) size 65x37
                text run at (1,1) width 65: "2-19"
            LayoutTableCell {TD} at (302,791) size 148x39 [r=18 c=2 rs=1 cs=1]
              LayoutText {#text} at (1,1) size 65x37
                text run at (1,1) width 65: "3-19"
          LayoutTableRow {TR} at (0,832) size 452x39
            LayoutTableCell {TD} at (2,832) size 148x39 [r=19 c=0 rs=1 cs=1]
              LayoutText {#text} at (1,1) size 65x37
                text run at (1,1) width 65: "1-20"
            LayoutTableCell {TD} at (152,832) size 148x39 [r=19 c=1 rs=1 cs=1]
              LayoutText {#text} at (1,1) size 65x37
                text run at (1,1) width 65: "2-20"
            LayoutTableCell {TD} at (302,832) size 148x39 [r=19 c=2 rs=1 cs=1]
              LayoutText {#text} at (1,1) size 65x37
                text run at (1,1) width 65: "3-20"
          LayoutTableRow {TR} at (0,873) size 452x39
            LayoutTableCell {TD} at (2,873) size 148x39 [r=20 c=0 rs=1 cs=1]
              LayoutText {#text} at (1,1) size 65x37
                text run at (1,1) width 65: "1-21"
            LayoutTableCell {TD} at (152,873) size 148x39 [r=20 c=1 rs=1 cs=1]
              LayoutText {#text} at (1,1) size 65x37
                text run at (1,1) width 65: "2-21"
            LayoutTableCell {TD} at (302,873) size 148x39 [r=20 c=2 rs=1 cs=1]
              LayoutText {#text} at (1,1) size 65x37
                text run at (1,1) width 65: "3-21"
          LayoutTableRow {TR} at (0,914) size 452x39
            LayoutTableCell {TD} at (2,914) size 148x39 [r=21 c=0 rs=1 cs=1]
              LayoutText {#text} at (1,1) size 65x37
                text run at (1,1) width 65: "1-22"
            LayoutTableCell {TD} at (152,914) size 148x39 [r=21 c=1 rs=1 cs=1]
              LayoutText {#text} at (1,1) size 65x37
                text run at (1,1) width 65: "2-22"
            LayoutTableCell {TD} at (302,914) size 148x39 [r=21 c=2 rs=1 cs=1]
              LayoutText {#text} at (1,1) size 65x37
                text run at (1,1) width 65: "3-22"
          LayoutTableRow {TR} at (0,955) size 452x39
            LayoutTableCell {TD} at (2,955) size 148x39 [r=22 c=0 rs=1 cs=1]
              LayoutText {#text} at (1,1) size 65x37
                text run at (1,1) width 65: "1-23"
            LayoutTableCell {TD} at (152,955) size 148x39 [r=22 c=1 rs=1 cs=1]
              LayoutText {#text} at (1,1) size 65x37
                text run at (1,1) width 65: "2-23"
            LayoutTableCell {TD} at (302,955) size 148x39 [r=22 c=2 rs=1 cs=1]
              LayoutText {#text} at (1,1) size 65x37
                text run at (1,1) width 65: "3-23"
          LayoutTableRow {TR} at (0,996) size 452x39
            LayoutTableCell {TD} at (2,996) size 148x39 [r=23 c=0 rs=1 cs=1]
              LayoutText {#text} at (1,1) size 65x37
                text run at (1,1) width 65: "1-24"
            LayoutTableCell {TD} at (152,996) size 148x39 [r=23 c=1 rs=1 cs=1]
              LayoutText {#text} at (1,1) size 65x37
                text run at (1,1) width 65: "2-24"
            LayoutTableCell {TD} at (302,996) size 148x39 [r=23 c=2 rs=1 cs=1]
              LayoutText {#text} at (1,1) size 65x37
                text run at (1,1) width 65: "3-24"
          LayoutTableRow {TR} at (0,1037) size 452x39
            LayoutTableCell {TD} at (2,1037) size 148x39 [r=24 c=0 rs=1 cs=1]
              LayoutText {#text} at (1,1) size 65x37
                text run at (1,1) width 65: "1-25"
            LayoutTableCell {TD} at (152,1037) size 148x39 [r=24 c=1 rs=1 cs=1]
              LayoutText {#text} at (1,1) size 65x37
                text run at (1,1) width 65: "2-25"
            LayoutTableCell {TD} at (302,1037) size 148x39 [r=24 c=2 rs=1 cs=1]
              LayoutText {#text} at (1,1) size 65x37
                text run at (1,1) width 65: "3-25"
          LayoutTableRow {TR} at (0,1078) size 452x39
            LayoutTableCell {TD} at (2,1078) size 148x39 [r=25 c=0 rs=1 cs=1]
              LayoutText {#text} at (1,1) size 65x37
                text run at (1,1) width 65: "1-26"
            LayoutTableCell {TD} at (152,1078) size 148x39 [r=25 c=1 rs=1 cs=1]
              LayoutText {#text} at (1,1) size 65x37
                text run at (1,1) width 65: "2-26"
            LayoutTableCell {TD} at (302,1078) size 148x39 [r=25 c=2 rs=1 cs=1]
              LayoutText {#text} at (1,1) size 65x37
                text run at (1,1) width 65: "3-26"
          LayoutTableRow {TR} at (0,1119) size 452x39
            LayoutTableCell {TD} at (2,1119) size 148x39 [r=26 c=0 rs=1 cs=1]
              LayoutText {#text} at (1,1) size 65x37
                text run at (1,1) width 65: "1-27"
            LayoutTableCell {TD} at (152,1119) size 148x39 [r=26 c=1 rs=1 cs=1]
              LayoutText {#text} at (1,1) size 65x37
                text run at (1,1) width 65: "2-27"
            LayoutTableCell {TD} at (302,1119) size 148x39 [r=26 c=2 rs=1 cs=1]
              LayoutText {#text} at (1,1) size 65x37
                text run at (1,1) width 65: "3-27"
          LayoutTableRow {TR} at (0,1160) size 452x39
            LayoutTableCell {TD} at (2,1160) size 148x39 [r=27 c=0 rs=1 cs=1]
              LayoutText {#text} at (1,1) size 65x37
                text run at (1,1) width 65: "1-28"
            LayoutTableCell {TD} at (152,1160) size 148x39 [r=27 c=1 rs=1 cs=1]
              LayoutText {#text} at (1,1) size 65x37
                text run at (1,1) width 65: "2-28"
            LayoutTableCell {TD} at (302,1160) size 148x39 [r=27 c=2 rs=1 cs=1]
              LayoutText {#text} at (1,1) size 65x37
                text run at (1,1) width 65: "3-28"
          LayoutTableRow {TR} at (0,1201) size 452x39
            LayoutTableCell {TD} at (2,1201) size 148x39 [r=28 c=0 rs=1 cs=1]
              LayoutText {#text} at (1,1) size 65x37
                text run at (1,1) width 65: "1-29"
            LayoutTableCell {TD} at (152,1201) size 148x39 [r=28 c=1 rs=1 cs=1]
              LayoutText {#text} at (1,1) size 65x37
                text run at (1,1) width 65: "2-29"
            LayoutTableCell {TD} at (302,1201) size 148x39 [r=28 c=2 rs=1 cs=1]
              LayoutText {#text} at (1,1) size 65x37
                text run at (1,1) width 65: "3-29"
          LayoutTableRow {TR} at (0,1242) size 452x39
            LayoutTableCell {TD} at (2,1242) size 148x39 [r=29 c=0 rs=1 cs=1]
              LayoutText {#text} at (1,1) size 65x37
                text run at (1,1) width 65: "1-30"
            LayoutTableCell {TD} at (152,1242) size 148x39 [r=29 c=1 rs=1 cs=1]
              LayoutText {#text} at (1,1) size 65x37
                text run at (1,1) width 65: "2-30"
            LayoutTableCell {TD} at (302,1242) size 148x39 [r=29 c=2 rs=1 cs=1]
              LayoutText {#text} at (1,1) size 65x37
                text run at (1,1) width 65: "3-30"
          LayoutTableRow {TR} at (0,1283) size 452x39
            LayoutTableCell {TD} at (2,1283) size 148x39 [r=30 c=0 rs=1 cs=1]
              LayoutText {#text} at (1,1) size 65x37
                text run at (1,1) width 65: "1-31"
            LayoutTableCell {TD} at (152,1283) size 148x39 [r=30 c=1 rs=1 cs=1]
              LayoutText {#text} at (1,1) size 65x37
                text run at (1,1) width 65: "2-31"
            LayoutTableCell {TD} at (302,1283) size 148x39 [r=30 c=2 rs=1 cs=1]
              LayoutText {#text} at (1,1) size 65x37
                text run at (1,1) width 65: "3-31"
          LayoutTableRow {TR} at (0,1324) size 452x39
            LayoutTableCell {TD} at (2,1324) size 148x39 [r=31 c=0 rs=1 cs=1]
              LayoutText {#text} at (1,1) size 65x37
                text run at (1,1) width 65: "1-32"
            LayoutTableCell {TD} at (152,1324) size 148x39 [r=31 c=1 rs=1 cs=1]
              LayoutText {#text} at (1,1) size 65x37
                text run at (1,1) width 65: "2-32"
            LayoutTableCell {TD} at (302,1324) size 148x39 [r=31 c=2 rs=1 cs=1]
              LayoutText {#text} at (1,1) size 65x37
                text run at (1,1) width 65: "3-32"
          LayoutTableRow {TR} at (0,1365) size 452x39
            LayoutTableCell {TD} at (2,1365) size 148x39 [r=32 c=0 rs=1 cs=1]
              LayoutText {#text} at (1,1) size 65x37
                text run at (1,1) width 65: "1-33"
            LayoutTableCell {TD} at (152,1365) size 148x39 [r=32 c=1 rs=1 cs=1]
              LayoutText {#text} at (1,1) size 65x37
                text run at (1,1) width 65: "2-33"
            LayoutTableCell {TD} at (302,1365) size 148x39 [r=32 c=2 rs=1 cs=1]
              LayoutText {#text} at (1,1) size 65x37
                text run at (1,1) width 65: "3-33"
          LayoutTableRow {TR} at (0,1406) size 452x39
            LayoutTableCell {TD} at (2,1406) size 148x39 [r=33 c=0 rs=1 cs=1]
              LayoutText {#text} at (1,1) size 65x37
                text run at (1,1) width 65: "1-34"
            LayoutTableCell {TD} at (152,1406) size 148x39 [r=33 c=1 rs=1 cs=1]
              LayoutText {#text} at (1,1) size 65x37
                text run at (1,1) width 65: "2-34"
            LayoutTableCell {TD} at (302,1406) size 148x39 [r=33 c=2 rs=1 cs=1]
              LayoutText {#text} at (1,1) size 65x37
                text run at (1,1) width 65: "3-34"
          LayoutTableRow {TR} at (0,1447) size 452x39
            LayoutTableCell {TD} at (2,1447) size 148x39 [r=34 c=0 rs=1 cs=1]
              LayoutText {#text} at (1,1) size 65x37
                text run at (1,1) width 65: "1-35"
            LayoutTableCell {TD} at (152,1447) size 148x39 [r=34 c=1 rs=1 cs=1]
              LayoutText {#text} at (1,1) size 65x37
                text run at (1,1) width 65: "2-35"
            LayoutTableCell {TD} at (302,1447) size 148x39 [r=34 c=2 rs=1 cs=1]
              LayoutText {#text} at (1,1) size 65x37
                text run at (1,1) width 65: "3-35"
