layer at (0,0) size 800x600
  LayoutView at (0,0) size 800x600
layer at (0,0) size 800x600
  LayoutBlockFlow {HTML} at (0,0) size 800x600
    LayoutBlockFlow {BODY} at (8,8) size 784x584
      LayoutBlockFlow {P} at (0,0) size 784x40
        LayoutText {#text} at (0,0) size 52x19
          text run at (0,0) width 52: "Test for "
        LayoutInline {A} at (0,0) size 60x19 [color=#0000EE]
          LayoutText {#text} at (52,0) size 60x19
            text run at (52,0) width 60: "bug 8121"
        LayoutText {#text} at (112,0) size 289x19
          text run at (112,0) width 289: ": REGRESSION: 404s are not displayed and "
        LayoutInline {A} at (0,0) size 60x19 [color=#0000EE]
          LayoutText {#text} at (401,0) size 60x19
            text run at (401,0) width 60: "bug 7739"
        LayoutText {#text} at (461,0) size 771x39
          text run at (461,0) width 310: ": REGRESSION: Assertion failure loading acid2"
          text run at (0,20) width 297: "test in -[WebCoreFrameBridge installInFrame:]"
      LayoutBlockFlow {P} at (0,56) size 784x40
        LayoutText {#text} at (0,0) size 774x39
          text run at (0,0) width 163: "Here is an invalid iframe. "
          text run at (163,0) width 611: "It should contain a 404 error message, not any green fallback text. Note this will only work if this"
          text run at (0,20) width 149: "page is fetched via http."
      LayoutBlockFlow (anonymous) at (0,112) size 784x184
        LayoutText {#text} at (0,0) size 0x0
      LayoutBlockFlow {P} at (0,312) size 784x20
        LayoutText {#text} at (0,0) size 487x19
          text run at (0,0) width 161: "Here is an invalid object. "
          text run at (161,0) width 326: "It should be rendered with some green fallback text."
      LayoutBlockFlow (anonymous) at (0,348) size 784x20
        LayoutInline {OBJECT} at (0,0) size 77x19
          LayoutText {#text} at (0,0) size 0x0
          LayoutInline {SPAN} at (0,0) size 77x19 [color=#008000]
            LayoutText {#text} at (0,0) size 77x19
              text run at (0,0) width 77: "fallback text"
          LayoutText {#text} at (0,0) size 0x0
        LayoutText {#text} at (0,0) size 0x0
layer at (8,120) size 553x184
  LayoutIFrame {IFRAME} at (0,0) size 552.80x184 [border: (2px inset #EEEEEE)]
    layer at (0,0) size 549x180
      LayoutView at (0,0) size 549x180
    layer at (0,0) size 549x180
      LayoutBlockFlow {HTML} at (0,0) size 549x180
        LayoutBlockFlow {BODY} at (8,8) size 533x164
          LayoutText {#text} at (0,0) size 364x19
            text run at (0,0) width 364: "This 404 error was intentionally generated by a test script."
