layer at (0,0) size 800x600
  LayoutView at (0,0) size 800x600
layer at (0,0) size 800x270
  LayoutBlockFlow {HTML} at (0,0) size 800x270
    LayoutBlockFlow {BODY} at (8,16) size 784x246
      LayoutBlockFlow {P} at (0,0) size 784x20
        LayoutText {#text} at (0,0) size 548x19
          text run at (0,0) width 548: "You should see 4 green squares each with one rounded corner. You should not see any red."
      LayoutBlockFlow (anonymous) at (0,36) size 784x210
        LayoutBlockFlow {DIV} at (0,0) size 100x100 [bgcolor=#FF0000]
        LayoutText {#text} at (100,85) size 4x19
          text run at (100,85) width 4: " "
        LayoutBlockFlow {DIV} at (104,0) size 100x100 [bgcolor=#FF0000]
        LayoutText {#text} at (204,85) size 4x19
          text run at (204,85) width 4: " "
        LayoutBR {BR} at (0,0) size 0x0
        LayoutBlockFlow {DIV} at (0,105) size 100x100 [bgcolor=#FF0000]
        LayoutText {#text} at (100,190) size 4x19
          text run at (100,190) width 4: " "
        LayoutBlockFlow {DIV} at (104,105) size 100x100 [bgcolor=#FF0000]
        LayoutText {#text} at (0,0) size 0x0
layer at (8,52) size 100x100
  LayoutBlockFlow {DIV} at (0,0) size 100x100 [bgcolor=#008000]
layer at (112,52) size 100x100
  LayoutBlockFlow {DIV} at (0,0) size 100x100 [bgcolor=#008000]
layer at (8,157) size 100x100
  LayoutBlockFlow {DIV} at (0,0) size 100x100 [bgcolor=#008000]
layer at (112,157) size 100x100
  LayoutBlockFlow {DIV} at (0,0) size 100x100 [bgcolor=#008000]
