layer at (0,0) size 800x600
  LayoutView at (0,0) size 800x600
layer at (0,0) size 800x460
  LayoutNGBlockFlow {HTML} at (0,0) size 800x460
    LayoutNGBlockFlow {BODY} at (8,8) size 784x0
      LayoutNGBlockFlow (floating) {DIV} at (586,0) size 198x192
        LayoutNGBlockFlow {P} at (0,16) size 198x20
          LayoutText {#text} at (167,0) size 31x19
            text run at (167,0) width 31: "RTL"
        LayoutNGBlockFlow {DIV} at (0,52) size 198x20
          LayoutText {#text} at (127,0) size 71x19
            text run at (127,0) width 71: "markRtlAll"
        LayoutNGBlockFlow {DIV} at (0,72) size 198x20
          LayoutText {#text} at (90,0) size 108x19
            text run at (90,0) width 108: "markRtlAllThick"
        LayoutNGBlockFlow {DIV} at (0,92) size 198x20
          LayoutText {#text} at (81,0) size 117x19
            text run at (81,0) width 117: "markRtlBeginning"
        LayoutNGBlockFlow {DIV} at (0,112) size 198x20
          LayoutText {#text} at (0,0) size 198x19
            text run at (0,0) width 198: "markRtlAllExceptFirstAndLast"
        LayoutNGBlockFlow {DIV} at (0,132) size 198x20
          LayoutText {#text} at (121,0) size 77x19
            text run at (121,0) width 77: "markRtlEnd"
        LayoutNGBlockFlow {DIV} at (0,152) size 198x40
          LayoutNGBlockFlow {DIV} at (0,0) size 198x20
            LayoutText {#text} at (147,0) size 32x19
              text run at (147,0) width 32: "mark"
            LayoutInline {SPAN} at (0,0) size 19x19
              LayoutText {#text} at (179,0) size 19x19
                text run at (179,0) width 19: "Rtl"
          LayoutNGBlockFlow {DIV} at (0,20) size 198x20
            LayoutText {#text} at (113,0) size 85x19
              text run at (113,0) width 85: "AcrossNodes"
      LayoutNGBlockFlow (floating) {DIV} at (0,0) size 331x452
        LayoutNGBlockFlow {P} at (0,16) size 331x20
          LayoutText {#text} at (0,0) size 30x19
            text run at (0,0) width 30: "LTR"
        LayoutNGBlockFlow {DIV} at (0,52) size 331x20
          LayoutText {#text} at (0,0) size 52x19
            text run at (0,0) width 52: "markAll"
        LayoutNGBlockFlow {DIV} at (0,72) size 331x20
          LayoutText {#text} at (0,0) size 89x19
            text run at (0,0) width 89: "markAllThick"
        LayoutNGBlockFlow {DIV} at (0,92) size 331x20
          LayoutText {#text} at (0,0) size 151x19
            text run at (0,0) width 151: "markAllDifferentColors"
        LayoutNGBlockFlow {DIV} at (0,112) size 331x20
          LayoutText {#text} at (0,0) size 98x19
            text run at (0,0) width 98: "markBeginning"
        LayoutNGBlockFlow {DIV} at (0,132) size 331x20
          LayoutText {#text} at (0,0) size 179x19
            text run at (0,0) width 179: "markAllExceptFirstAndLast"
        LayoutNGBlockFlow {DIV} at (0,152) size 331x20
          LayoutText {#text} at (0,0) size 58x19
            text run at (0,0) width 58: "markEnd"
        LayoutNGBlockFlow {DIV} at (0,172) size 331x20
          LayoutText {#text} at (0,0) size 114x19
            text run at (0,0) width 114: "markNothingZero"
        LayoutNGBlockFlow {DIV} at (0,192) size 331x20
          LayoutText {#text} at (0,0) size 110x19
            text run at (0,0) width 110: "markNothingEnd"
        LayoutNGBlockFlow {DIV} at (0,212) size 331x40
          LayoutNGBlockFlow {DIV} at (0,0) size 331x20
            LayoutText {#text} at (0,0) size 32x19
              text run at (0,0) width 32: "mark"
            LayoutInline {SPAN} at (0,0) size 44x19
              LayoutText {#text} at (32,0) size 44x19
                text run at (32,0) width 44: "Across"
          LayoutNGBlockFlow {DIV} at (0,20) size 331x20
            LayoutText {#text} at (0,0) size 41x19
              text run at (0,0) width 41: "Nodes"
        LayoutNGBlockFlow {DIV} at (0,252) size 331x20
          LayoutText {#text} at (0,0) size 245x19
            text run at (0,0) width 245: "overridingSpellingMarkerAtBeginning"
        LayoutNGBlockFlow {DIV} at (0,272) size 331x20
          LayoutText {#text} at (0,0) size 205x19
            text run at (0,0) width 205: "overridingSpellingMarkerAtEnd"
        LayoutNGBlockFlow {DIV} at (0,292) size 331x20
          LayoutText {#text} at (0,0) size 302x19
            text run at (0,0) width 302: "overridingSpellingMarkerIntersectingBeginning"
        LayoutNGBlockFlow {DIV} at (0,312) size 331x20
          LayoutText {#text} at (0,0) size 262x19
            text run at (0,0) width 262: "overridingSpellingMarkerIntersectingEnd"
        LayoutNGBlockFlow {DIV} at (0,332) size 331x20
          LayoutText {#text} at (0,0) size 253x19
            text run at (0,0) width 253: "notOverridingSpellingMarkersTouching"
        LayoutNGBlockFlow {DIV} at (0,352) size 331x20
          LayoutText {#text} at (0,0) size 274x19
            text run at (0,0) width 274: "overridingCompositionMarkerAtBeginning"
        LayoutNGBlockFlow {DIV} at (0,372) size 331x20
          LayoutText {#text} at (0,0) size 234x19
            text run at (0,0) width 234: "overridingCompositionMarkerAtEnd"
        LayoutNGBlockFlow {DIV} at (0,392) size 331x20
          LayoutText {#text} at (0,0) size 331x19
            text run at (0,0) width 331: "overridingCompositionMarkerIntersectingBeginning"
        LayoutNGBlockFlow {DIV} at (0,412) size 331x20
          LayoutText {#text} at (0,0) size 291x19
            text run at (0,0) width 291: "overridingCompositionMarkerIntersectingEnd"
        LayoutNGBlockFlow {DIV} at (0,432) size 331x20
          LayoutText {#text} at (0,0) size 282x19
            text run at (0,0) width 282: "notOverridingCompositionMarkersTouching"
