layer at (0,0) size 800x600
  LayoutView at (0,0) size 800x600
layer at (474,0) size 326x166
  LayoutNGBlockFlow {HTML} at (0,0) size 326x166
    LayoutNGBlockFlow {BODY} at (8,8) size 310x150
      LayoutNGBlockFlow (anonymous) at (90,0) size 20x150
        LayoutBR {BR} at (1,0) size 0x0
      LayoutNGBlockFlow (anonymous) at (200,0) size 20x150
        LayoutBR {BR} at (1,0) size 0x0
layer at (762,8) size 30x150 scrollHeight 216
  LayoutNGBlockFlow {DIV} at (0,0) size 30x150
    LayoutText {#text} at (3,0) size 27x147
      text run at (3,0) width 132: "ppppppppppp"
      text run at (3,132) width 15: "..."
layer at (732,8) size 30x150 scrollHeight 216
  LayoutNGBlockFlow {DIV} at (30,0) size 30x150
    LayoutText {#text} at (3,0) size 27x147
      text run at (3,0) width 132: "ppppppppppp"
      text run at (3,132) width 15: "..."
layer at (702,8) size 30x150 scrollHeight 216
  LayoutNGBlockFlow {DIV} at (60,0) size 30x150
    LayoutText {#text} at (3,0) size 27x147
      text run at (3,0) width 132: "ppppppppppp"
      text run at (3,132) width 15: "..."
layer at (652,8) size 30x150 scrollHeight 216
  LayoutNGBlockFlow {DIV} at (110,0) size 30x150
    LayoutText {#text} at (3,0) size 27x147
      text run at (3,0) width 132: "ppppppppppp"
      text run at (3,132) width 15: "..."
layer at (622,8) size 30x150 scrollHeight 216
  LayoutNGBlockFlow {DIV} at (140,0) size 30x150
    LayoutText {#text} at (3,0) size 27x147
      text run at (3,0) width 132: "ppppppppppp"
      text run at (3,132) width 15: "..."
layer at (592,8) size 30x150 scrollHeight 216
  LayoutNGBlockFlow {DIV} at (170,0) size 30x150
    LayoutText {#text} at (3,0) size 27x147
      text run at (3,0) width 132: "ppppppppppp"
      text run at (3,132) width 15: "..."
layer at (542,8) size 30x150 scrollHeight 216
  LayoutNGBlockFlow {DIV} at (220,0) size 30x150
    LayoutText {#text} at (3,0) size 27x147
      text run at (3,0) width 132: "ppppppppppp"
      text run at (3,132) width 15: "..."
layer at (512,8) size 30x150 scrollHeight 216
  LayoutNGBlockFlow {DIV} at (250,0) size 30x150
    LayoutText {#text} at (3,0) size 27x147
      text run at (3,0) width 132: "ppppppppppp"
      text run at (3,132) width 15: "..."
layer at (482,8) size 30x150 scrollHeight 216
  LayoutNGBlockFlow {DIV} at (280,0) size 30x150
    LayoutText {#text} at (3,0) size 27x147
      text run at (3,0) width 132: "ppppppppppp"
      text run at (3,132) width 15: "..."
