layer at (0,0) size 800x600
  LayoutView at (0,0) size 800x600
layer at (0,0) size 800x433
  LayoutNGBlockFlow {HTML} at (0,0) size 800x433
    LayoutNGBlockFlow {BODY} at (8,8) size 784x401
      LayoutNGBlockFlow {P} at (0,0) size 784x20
        LayoutText {#text} at (0,0) size 564x19
          text run at (0,0) width 564: "Three different sizes. The large size in particular should appear detailed and not pixelated."
      LayoutNGBlockFlow {P} at (0,36) size 784x86
        LayoutText {#text} at (0,52) size 74x19
          text run at (0,52) width 74: "\x{D83D}\x{DE49}\x{D83D}\x{DE3B}\x{D83D}\x{DC11}\x{D83C}\x{DF7C}\x{D83C}\x{DF72}\x{D83D}\x{DE0D}"
        LayoutInline {SPAN} at (0,0) size 22x5
          LayoutText {#text} at (74,63) size 22x5
            text run at (74,63) width 22: "\x{D83D}\x{DE49}\x{D83D}\x{DE3B}\x{D83D}\x{DC11}\x{D83C}\x{DF7C}\x{D83C}\x{DF72}\x{D83D}\x{DE0D}"
        LayoutText {#text} at (96,52) size 4x19
          text run at (96,52) width 4: " "
        LayoutInline {SPAN} at (0,0) size 322x81
          LayoutText {#text} at (100,3) size 322x81
            text run at (100,3) width 322: "\x{D83D}\x{DE49}\x{D83D}\x{DE3B}\x{D83D}\x{DC11}\x{D83C}\x{DF7C}\x{D83C}\x{DF72}\x{D83D}\x{DE0D}"
      LayoutNGBlockFlow {P} at (0,138) size 784x40
        LayoutText {#text} at (0,0) size 341x19
          text run at (0,0) width 341: "For the following, the emoji colors should not change."
        LayoutBR {BR} at (341,0) size 0x0
        LayoutText {#text} at (0,20) size 568x19
          text run at (0,20) width 568: "The monkey should be colored, the sheep should be black outlined with a white body, etc."
      LayoutNGBlockFlow {P} at (0,202) size 400x29 [bgcolor=#0000FF]
        LayoutText {#text} at (0,1) size 281x27
          text run at (0,1) width 281: "blue background: \x{D83D}\x{DE49}\x{D83D}\x{DE3B}\x{D83D}\x{DC11}\x{D83C}\x{DF7C}\x{D83C}\x{DF72}\x{D83D}\x{DE0D}"
      LayoutNGBlockFlow {P} at (0,255) size 784x29 [color=#FF0000]
        LayoutText {#text} at (0,1) size 193x27
          text run at (0,1) width 193: "red text: \x{D83D}\x{DE49}\x{D83D}\x{DE3B}\x{D83D}\x{DC11}\x{D83C}\x{DF7C}\x{D83C}\x{DF72}\x{D83D}\x{DE0D}"
      LayoutNGBlockFlow {P} at (0,308) size 784x40
        LayoutText {#text} at (0,0) size 425x19
          text run at (0,0) width 425: "For the following, each emoji should appear in two different colors."
        LayoutBR {BR} at (424,0) size 0x0
        LayoutText {#text} at (0,20) size 235x19
          text run at (0,20) width 235: "Color swatches should not be visible."
      LayoutNGBlockFlow {P} at (0,372) size 784x29
        LayoutText {#text} at (0,1) size 372x27
          text run at (0,1) width 372: "zero-width-joiners: \x{270C}\x{200D}\x{D83C}\x{DFFF}\x{270C}\x{200D}\x{D83C}\x{DFFC}\x{D83D}\x{DC6F}\x{200D}\x{D83C}\x{DFFB}\x{D83D}\x{DC6F}\x{200D}\x{D83C}\x{DFFF}\x{D83D}\x{DC72}\x{200D}\x{D83C}\x{DFFD}\x{D83D}\x{DC72}\x{200D}\x{D83C}\x{DFFB}"
layer at (500,200) size 200x200
  LayoutNGBlockFlow (positioned) {DIV} at (500,200) size 200x200
    LayoutNGBlockFlow {P} at (0,24) size 200x87
      LayoutText {#text} at (0,1) size 182x27
        text run at (0,1) width 182: "rotated emoji: \x{D83D}\x{DE49}\x{D83D}\x{DE0D}"
      LayoutBR {BR} at (182,1) size 0x0
      LayoutInline {SPAN} at (0,0) size 149x27 [color=#008000]
        LayoutText {#text} at (0,30) size 149x27
          text run at (0,30) width 149: "green text: \x{D83D}\x{DE3B}\x{D83C}\x{DF7C}"
      LayoutBR {BR} at (149,30) size 0x0
      LayoutInline {SPAN} at (0,0) size 133x27 [bgcolor=#800080]
        LayoutText {#text} at (0,59) size 133x27
          text run at (0,59) width 133: "purple bg: \x{D83D}\x{DC11}\x{D83C}\x{DF72}"
