layer at (0,0) size 800x600
  LayoutView at (0,0) size 800x600
layer at (0,0) size 800x116
  LayoutNGBlockFlow {HTML} at (0,0) size 800x116
    LayoutNGBlockFlow {BODY} at (8,16) size 784x92
      LayoutNGBlockFlow {P} at (0,0) size 784x20
        LayoutText {#text} at (0,0) size 479x19
          text run at (0,0) width 479: "crbug.com/634445: Rtl text in a rtl flow should truncate the text right-to-left."
      LayoutNGBlockFlow {P} at (0,36) size 784x20
        LayoutText {#text} at (0,0) size 286x19
          text run at (0,0) width 286: "You should see an underline beneath the text."
layer at (8,88) size 125x20
  LayoutNGBlockFlow {DIV} at (0,72) size 125x20
    LayoutText {#text} at (3,0) size 122x19
      text run at (3,0) width 16: "\x{2026}"
      text run at (19,0) width 64: "\x{5D0}\x{5D1}\x{5D2}\x{5D3}\x{5D4}\x{5D5}\x{5D6}\x{5D7}\x{5D8}\x{5D9}"
      text run at (83,0) width 42: "Lorem"
