layer at (0,0) size 800x600
  LayoutView at (0,0) size 800x600
layer at (0,0) size 800x116
  LayoutNGBlockFlow {HTML} at (0,0) size 800x116
    LayoutNGBlockFlow {BODY} at (8,8) size 784x92
      LayoutNGBlockFlow {P} at (0,0) size 784x60
        LayoutText {#text} at (0,0) size 762x59
          text run at (0,0) width 740: "This layout test is designed to test that our fake italic mode is working correctly. The Ahem font, used below, does not"
          text run at (0,20) width 762: "include an italic variant. Thus, when we ask for italic Ahem, we should skew the glyphs ourselves, resulting in a series of"
          text run at (0,40) width 155: "italic black boxes below."
      LayoutNGBlockFlow {P} at (0,76) size 784x16
        LayoutText {#text} at (0,0) size 112x16
          text run at (0,0) width 112: "A A A A"
