layer at (0,0) size 800x600
  LayoutView at (0,0) size 800x600
layer at (0,0) size 800x222
  LayoutNGBlockFlow {HTML} at (0,0) size 800x222
    LayoutNGBlockFlow {BODY} at (8,8) size 784x206
      LayoutNGBlockFlow {DIV} at (0,0) size 656x206 [border: (3px solid #0000FF)]
        LayoutInline {SPAN} at (0,0) size 515x25
          LayoutText {#text} at (3,15) size 358x25
            text run at (3,15) width 358: "a b c d "
        LayoutText {#text} at (360,15) size 651x75
          text run at (360,15) width 294: "e f g h"
          text run at (3,65) width 275: "xxxxxxxxxxx"
        LayoutBR {BR} at (278,65) size 0x0
        LayoutInline {SPAN} at (0,0) size 515x25
          LayoutText {#text} at (3,115) size 358x25
            text run at (3,115) width 358: "a b c d "
        LayoutText {#text} at (360,115) size 651x75
          text run at (360,115) width 294: "e f g h"
          text run at (3,165) width 275: "xxxxxxxxxxx"
