layer at (0,0) size 800x600
  LayoutView at (0,0) size 800x600
layer at (0,0) size 800x600
  LayoutBlockFlow {HTML} at (0,0) size 800x600
    LayoutBlockFlow {BODY} at (8,8) size 784x576
      LayoutBlockFlow {P} at (0,0) size 784x20
        LayoutText {#text} at (0,0) size 57x19
          text run at (0,0) width 57: "This is a "
        LayoutInline {I} at (0,0) size 56x19
          LayoutText {#text} at (57,0) size 56x19
            text run at (57,0) width 56: "test page"
        LayoutText {#text} at (113,0) size 4x19
          text run at (113,0) width 4: "."
