layer at (0,0) size 800x600
  LayoutView at (0,0) size 800x600
layer at (0,0) size 800x600
  LayoutBlockFlow {HTML} at (0,0) size 800x600
    LayoutBlockFlow {BODY} at (8,8) size 784x584
      LayoutBlockFlow {P} at (0,0) size 784x20
        LayoutText {#text} at (0,0) size 322x19
          text run at (0,0) width 322: "This is a repaint test of inline blocks with overflow."
      LayoutBlockFlow (anonymous) at (0,46) size 784x20
        LayoutInline {SPAN} at (0,0) size 198x19
          LayoutText {#text} at (0,0) size 98x19
            text run at (0,0) width 98: "Here comes an "
          LayoutBlockFlow {SPAN} at (98,0) size 100x20 [bgcolor=#C0C0C0]
            LayoutText {#text} at (0,0) size 92x39
              text run at (0,0) width 74: "inline block"
              text run at (0,20) width 92: "with overflow."
        LayoutText {#text} at (0,0) size 0x0
layer at (8,44) size 784x2 clip at (0,0) size 0x0
  LayoutBlockFlow {HR} at (0,36) size 784x2 [border: (1px inset #EEEEEE)]
