layer at (0,0) size 800x600
  LayoutView at (0,0) size 800x600
layer at (0,0) size 800x600
  LayoutBlockFlow {HTML} at (0,0) size 800x600
    LayoutBlockFlow {BODY} at (8,8) size 784x584
      LayoutBlockFlow {P} at (0,0) size 784x20
        LayoutText {#text} at (0,0) size 767x19
          text run at (0,0) width 767: "This tests for a bug where deleting everything in a paragraph of colored text would prevent the user from changing the text color."
      LayoutBlockFlow {DIV} at (0,36) size 784x20
        LayoutInline {FONT} at (0,0) size 141x19 [color=#FF0000]
          LayoutText {#text} at (0,0) size 141x19
            text run at (0,0) width 141: "This text should be red."
        LayoutInline {FONT} at (0,0) size 146x19 [color=#0000FF]
          LayoutText {#text} at (141,0) size 146x19
            text run at (141,0) width 146: "This text should be blue."
caret: position 25 of child 0 {#text} of child 1 {FONT} of child 2 {DIV} of body
