layer at (0,0) size 800x600
  LayoutView at (0,0) size 800x600
layer at (0,0) size 800x600
  LayoutNGBlockFlow {HTML} at (0,0) size 800x600
    LayoutNGBlockFlow {BODY} at (7.19,7.19) size 785.63x585.63
      LayoutNGBlockFlow {P} at (0,0) size 785.63x34
        LayoutText {#text} at (0,0) size 302x16
          text run at (0,0) width 302: "Tests that these functions account for full page zoom."
        LayoutBR {BR} at (302,0) size 0x0
        LayoutText {#text} at (0,17) size 176x16
          text run at (0,17) width 176: "There should be no red visible."
      LayoutTable {TABLE} at (0,48.39) size 785x21
        LayoutTableSection {TBODY} at (0,0) size 785x21
          LayoutTableRow {TR} at (0,1) size 785x19
            LayoutNGTableCell {TD} at (1,1) size 181x18.78 [r=0 c=0 rs=1 cs=1]
              LayoutText {#text} at (0,0) size 146x17
                text run at (0,0) width 146: "getClientBoundingRect():"
            LayoutNGTableCell {TD} at (183,1) size 601x18.78 [r=0 c=1 rs=1 cs=1]
              LayoutText {#text} at (0,0) size 96x17
                text run at (0,0) width 96: "getClientRects():"
layer at (90,90) size 90x90
  LayoutNGBlockFlow (positioned) {DIV} at (90,90) size 90x90 [bgcolor=#FF0000]
layer at (90,90) size 90x90
  LayoutNGBlockFlow (positioned) {DIV} at (90,90) size 90x90 [bgcolor=#008000]
layer at (9,198) size 34x18
  LayoutNGBlockFlow (positioned) {DIV} at (9,198) size 34x18
    LayoutInline {SPAN} at (0,0) size 34x17 [color=#008000]
      LayoutInline {B} at (0,0) size 34x17
        LayoutText {#text} at (0,0) size 34x17
          text run at (0,0) width 34: "PASS"
layer at (270,90) size 90x90
  LayoutNGBlockFlow (positioned) {DIV} at (270,90) size 90x90 [bgcolor=#FF0000]
layer at (270,90) size 90x90
  LayoutNGBlockFlow (positioned) {DIV} at (270,90) size 90x90 [bgcolor=#008000]
layer at (198,198) size 34x18
  LayoutNGBlockFlow (positioned) {DIV} at (198,198) size 34x18
    LayoutInline {SPAN} at (0,0) size 34x17 [color=#008000]
      LayoutInline {B} at (0,0) size 34x17
        LayoutText {#text} at (0,0) size 34x17
          text run at (0,0) width 34: "PASS"
