layer at (0,0) size 800x600
  LayoutView at (0,0) size 800x600
layer at (0,0) size 800x600
  LayoutBlockFlow {HTML} at (0,0) size 800x600
    LayoutBlockFlow {BODY} at (8,8) size 784x584 [bgcolor=#CCCCCC]
      LayoutBlockFlow {P} at (0,0) size 784x20
        LayoutText {#text} at (0,0) size 337x19
          text run at (0,0) width 337: "The style declarations which apply to the text below are:"
      LayoutBlockFlow {PRE} at (0,36) size 784x48
        LayoutText {#text} at (0,0) size 376x48
          text run at (0,0) width 376: "P {background-image: url(../resources/bg.gif);}"
          text run at (376,0) width 0: " "
          text run at (0,16) width 240: ".one {background-image: none;}"
          text run at (240,16) width 0: " "
          text run at (0,32) width 0: " "
      LayoutBlockFlow {P} at (0,115) size 784x40
        LayoutText {#text} at (0,0) size 779x39
          text run at (0,0) width 482: "This sentence should be backed by an image-- a green grid pattern, in this case. "
          text run at (482,0) width 297: "The background image should also tile along both"
          text run at (0,20) width 570: "axes, because no repeat direction is specified (specific tests for repeating are found elsewhere)."
      LayoutBlockFlow {P} at (0,171) size 784x60
        LayoutText {#text} at (0,0) size 574x19
          text run at (0,0) width 574: "This sentence should be backed by a repeated green-grid image, as should the last three words "
        LayoutInline {STRONG} at (0,0) size 103x19
          LayoutInline {SPAN} at (0,0) size 103x19
            LayoutText {#text} at (574,0) size 103x19
              text run at (574,0) width 103: "in this sentence"
        LayoutText {#text} at (677,0) size 97x19
          text run at (677,0) width 8: ". "
          text run at (685,0) width 89: "If it is not, then"
        LayoutInline {CODE} at (0,0) size 32x16
          LayoutText {#text} at (0,23) size 32x16
            text run at (0,23) width 32: "none"
        LayoutText {#text} at (32,20) size 161x19
          text run at (32,20) width 156: " is interpreted incorrectly. "
          text run at (187,20) width 6: "("
        LayoutInline {CODE} at (0,0) size 33x16
          LayoutText {#text} at (192,23) size 33x16
            text run at (192,23) width 33: "none"
        LayoutText {#text} at (224,20) size 772x39
          text run at (224,20) width 548: " means that the element has no background image, allowing the parent to \"shine through\" by"
          text run at (0,40) width 706: "default; since the parent of the words \"in this sentence\" is the paragraph, then the paragraph's image should be visible.)"
      LayoutBlockFlow {P} at (0,247) size 784x20
        LayoutText {#text} at (0,0) size 777x19
          text run at (0,0) width 777: "This sentence should NOT be backed by a repeated green-grid image, allowing the page's background to \"shine through\" instead."
      LayoutTable {TABLE} at (0,283) size 784x230 [border: (1px outset #808080)]
        LayoutTableSection {TBODY} at (1,1) size 782x228
          LayoutTableRow {TR} at (0,0) size 782x28
            LayoutTableCell {TD} at (0,0) size 782x28 [bgcolor=#C0C0C0] [border: (1px inset #808080)] [r=0 c=0 rs=1 cs=2]
              LayoutInline {STRONG} at (0,0) size 157x19
                LayoutText {#text} at (4,4) size 157x19
                  text run at (4,4) width 157: "TABLE Testing Section"
          LayoutTableRow {TR} at (0,28) size 782x200
            LayoutTableCell {TD} at (0,114) size 12x28 [bgcolor=#C0C0C0] [border: (1px inset #808080)] [r=1 c=0 rs=1 cs=1]
              LayoutText {#text} at (4,4) size 4x19
                text run at (4,4) width 4: " "
            LayoutTableCell {TD} at (12,28) size 770x200 [border: (1px inset #808080)] [r=1 c=1 rs=1 cs=1]
              LayoutBlockFlow {P} at (4,4) size 762x40
                LayoutText {#text} at (0,0) size 748x39
                  text run at (0,0) width 482: "This sentence should be backed by an image-- a green grid pattern, in this case. "
                  text run at (482,0) width 266: "The background image should also tile along"
                  text run at (0,20) width 601: "both axes, because no repeat direction is specified (specific tests for repeating are found elsewhere)."
              LayoutBlockFlow {P} at (4,60) size 762x80
                LayoutText {#text} at (0,0) size 574x19
                  text run at (0,0) width 574: "This sentence should be backed by a repeated green-grid image, as should the last three words "
                LayoutInline {STRONG} at (0,0) size 103x19
                  LayoutInline {SPAN} at (0,0) size 103x19
                    LayoutText {#text} at (574,0) size 103x19
                      text run at (574,0) width 103: "in this sentence"
                LayoutText {#text} at (677,0) size 745x39
                  text run at (677,0) width 8: ". "
                  text run at (685,0) width 60: "If it is not,"
                  text run at (0,20) width 29: "then "
                LayoutInline {CODE} at (0,0) size 32x16
                  LayoutText {#text} at (29,23) size 32x16
                    text run at (29,23) width 32: "none"
                LayoutText {#text} at (61,20) size 161x19
                  text run at (61,20) width 156: " is interpreted incorrectly. "
                  text run at (216,20) width 6: "("
                LayoutInline {CODE} at (0,0) size 33x16
                  LayoutText {#text} at (221,23) size 33x16
                    text run at (221,23) width 33: "none"
                LayoutText {#text} at (253,20) size 729x59
                  text run at (253,20) width 475: " means that the element has no background image, allowing the parent to \"shine"
                  text run at (0,40) width 729: "through\" by default; since the parent of the words \"in this sentence\" is the paragraph, then the paragraph's image should be"
                  text run at (0,60) width 46: "visible.)"
              LayoutBlockFlow {P} at (4,156) size 762x40
                LayoutText {#text} at (0,0) size 727x39
                  text run at (0,0) width 727: "This sentence should NOT be backed by a repeated green-grid image, allowing the page's background to \"shine through\""
                  text run at (0,20) width 46: "instead."
layer at (8,105) size 784x2 clip at (0,0) size 0x0
  LayoutBlockFlow {HR} at (0,97) size 784x2 [border: (1px inset #EEEEEE)]
