layer at (0,0) size 800x600
  LayoutView at (0,0) size 800x600
layer at (0,0) size 800x600
  LayoutBlockFlow {HTML} at (0,0) size 800x600
    LayoutBlockFlow {BODY} at (8,8) size 784x584
      LayoutBlockFlow {P} at (0,0) size 784x36
        LayoutText {#text} at (0,0) size 777x36
          text run at (0,0) width 777: "This test makes sure that HTMLObjectElement.vspace and HTMLObjectElement.hspace are exposed as numbers instead"
          text run at (0,18) width 743: "of strings, per the DOM Level 2 HTML spec: http://www.w3.org/TR/DOM-Level-2-HTML/html.html#ID-9893177"
      LayoutBlockFlow (anonymous) at (0,52) size 784x170
        LayoutText {#text} at (0,0) size 0x0
      LayoutBlockFlow {DIV} at (0,222) size 784x18
        LayoutText {#text} at (0,0) size 75x18
          text run at (0,0) width 75: "SUCCESS!"
layer at (28,70) size 300x150
  LayoutEmbeddedObject {OBJECT} at (20,10) size 300x150
