layer at (0,0) size 800x600
  LayoutView at (0,0) size 800x600
layer at (0,0) size 800x600
  LayoutBlockFlow {HTML} at (0,0) size 800x600
    LayoutBlockFlow {BODY} at (8,8) size 784x584
      LayoutText {#text} at (0,0) size 376x18
        text run at (0,0) width 376: "This tests that aqua-style search fields do not honor height."
      LayoutBR {BR} at (375,14) size 1x0
      LayoutTextControl {INPUT} at (0,23) size 110x15 [bgcolor=#FFFFFF] [border: (2px inset #EEEEEE)]
        LayoutFlexibleBox {DIV} at (3,2) size 104x11
          LayoutBlockFlow {DIV} at (0,0) size 94x11
      LayoutText {#text} at (110,20) size 4x18
        text run at (110,20) width 4: " "
      LayoutTextControl {INPUT} at (114,20) size 133x19 [bgcolor=#FFFFFF] [border: (2px inset #EEEEEE)]
        LayoutFlexibleBox {DIV} at (4,3) size 125x13
          LayoutBlockFlow {DIV} at (0,0) size 113x13
      LayoutText {#text} at (247,20) size 4x18
        text run at (247,20) width 4: " "
      LayoutTextControl {INPUT} at (251,18) size 156x22 [bgcolor=#FFFFFF] [border: (2px inset #EEEEEE)]
        LayoutFlexibleBox {DIV} at (5,3) size 146x16
          LayoutBlockFlow {DIV} at (0,0) size 131x16
      LayoutText {#text} at (0,0) size 0x0
layer at (11,33) size 94x11
  LayoutBlockFlow {DIV} at (0,0) size 94x11
    LayoutText {#text} at (0,0) size 17x11
      text run at (0,0) width 17: "mini"
layer at (126,31) size 113x13
  LayoutBlockFlow {DIV} at (0,0) size 113x13
    LayoutText {#text} at (0,0) size 27x13
      text run at (0,0) width 27: "small"
layer at (264,29) size 131x16
  LayoutBlockFlow {DIV} at (0,0) size 131x16
    LayoutText {#text} at (0,0) size 41x16
      text run at (0,0) width 41: "regular"
layer at (106,34) size 9x9 transparent
  LayoutBlockFlow {DIV} at (95,1) size 9x9
layer at (240,32) size 11x11 transparent
  LayoutBlockFlow {DIV} at (114,1) size 11x11
layer at (396,30) size 14x14 transparent
  LayoutBlockFlow {DIV} at (132,1) size 14x14
