layer at (0,0) size 800x600
  LayoutView at (0,0) size 800x600
layer at (0,0) size 800x600
  LayoutBlockFlow {HTML} at (0,0) size 800x600
    LayoutBlockFlow {BODY} at (8,8) size 784x584
      LayoutButton {INPUT} at (0,0) size 57x22 [bgcolor=#C0C0C0] [border: (2px outset #C0C0C0)]
        LayoutBlockFlow (anonymous) at (8,3) size 41x16
          LayoutText {#text} at (0,0) size 41x16
            text run at (0,0) width 41: "Submit"
      LayoutBR {BR} at (57,16) size 0x0
      LayoutButton {INPUT} at (0,22) size 50x22 [bgcolor=#C0C0C0] [border: (2px outset #C0C0C0)]
        LayoutBlockFlow (anonymous) at (8,3) size 34x16
          LayoutText {#text} at (0,0) size 34x16
            text run at (0,0) width 34: "Reset"
      LayoutBR {BR} at (50,38) size 0x0
