layer at (0,0) size 800x600 clip at (0,0) size 785x600 scrollHeight 670
  LayoutView at (0,0) size 800x600
layer at (0,0) size 785x670 backgroundClip at (0,0) size 785x600 clip at (0,0) size 785x600
  LayoutBlockFlow {HTML} at (0,0) size 785x670.16
    LayoutBlockFlow {BODY} at (8,8) size 769x654.16
      LayoutBlockFlow {H3} at (0,0) size 769x23
        LayoutText {#text} at (0,0) size 189x22
          text run at (0,0) width 189: "<input type=\"submit\">"
      LayoutBlockFlow {P} at (0,41.72) size 769x20
        LayoutText {#text} at (0,0) size 321x19
          text run at (0,0) width 321: "This button should have the default submit button title:"
      LayoutBlockFlow (anonymous) at (0,77.72) size 769x21
        LayoutButton {INPUT} at (0,0) size 80x21 [bgcolor=#008000] [border: (2px outset #C0C0C0)]
          LayoutBlockFlow (anonymous) at (8,3) size 64x16
            LayoutText {#text} at (11,0) size 42x16
              text run at (11,0) width 42: "Submit"
        LayoutText {#text} at (0,0) size 0x0
      LayoutBlockFlow {P} at (0,114.72) size 769x20
        LayoutText {#text} at (0,0) size 274x19
          text run at (0,0) width 274: "This button should should have the title \"Foo\":"
      LayoutBlockFlow (anonymous) at (0,150.72) size 769x21
        LayoutButton {INPUT} at (0,0) size 80x21 [bgcolor=#008000] [border: (2px outset #C0C0C0)]
          LayoutBlockFlow (anonymous) at (8,3) size 64x16
            LayoutText {#text} at (21,0) size 22x16
              text run at (21,0) width 22: "Foo"
        LayoutText {#text} at (0,0) size 0x0
      LayoutBlockFlow {P} at (0,187.72) size 769x20
        LayoutText {#text} at (0,0) size 288x19
          text run at (0,0) width 288: "This button should have a single space in its title:"
      LayoutBlockFlow (anonymous) at (0,223.72) size 769x21
        LayoutButton {INPUT} at (0,0) size 80x21 [bgcolor=#008000] [border: (2px outset #C0C0C0)]
          LayoutBlockFlow (anonymous) at (8,3) size 64x16
            LayoutText {#text} at (30,0) size 4x16
              text run at (30,0) width 4: " "
        LayoutText {#text} at (0,0) size 0x0
      LayoutBlockFlow {P} at (0,260.72) size 769x20
        LayoutText {#text} at (0,0) size 189x19
          text run at (0,0) width 189: "This button should have no title:"
      LayoutBlockFlow (anonymous) at (0,296.72) size 769x21
        LayoutButton {INPUT} at (0,0) size 80x21 [bgcolor=#008000] [border: (2px outset #C0C0C0)]
        LayoutText {#text} at (0,0) size 0x0
      LayoutBlockFlow {H3} at (0,336.44) size 769x23
        LayoutText {#text} at (0,0) size 175x22
          text run at (0,0) width 175: "<input type=\"reset\">"
      LayoutBlockFlow {P} at (0,378.16) size 769x20
        LayoutText {#text} at (0,0) size 311x19
          text run at (0,0) width 311: "This button should have the default reset button title:"
      LayoutBlockFlow (anonymous) at (0,414.16) size 769x21
        LayoutButton {INPUT} at (0,0) size 80x21 [bgcolor=#008000] [border: (2px outset #C0C0C0)]
          LayoutBlockFlow (anonymous) at (8,3) size 64x16
            LayoutText {#text} at (15,0) size 34x16
              text run at (15,0) width 34: "Reset"
        LayoutText {#text} at (0,0) size 0x0
      LayoutBlockFlow {P} at (0,451.16) size 769x20
        LayoutText {#text} at (0,0) size 274x19
          text run at (0,0) width 274: "This button should should have the title \"Foo\":"
      LayoutBlockFlow (anonymous) at (0,487.16) size 769x21
        LayoutButton {INPUT} at (0,0) size 80x21 [bgcolor=#008000] [border: (2px outset #C0C0C0)]
          LayoutBlockFlow (anonymous) at (8,3) size 64x16
            LayoutText {#text} at (21,0) size 22x16
              text run at (21,0) width 22: "Foo"
        LayoutText {#text} at (0,0) size 0x0
      LayoutBlockFlow {P} at (0,524.16) size 769x20
        LayoutText {#text} at (0,0) size 288x19
          text run at (0,0) width 288: "This button should have a single space in its title:"
      LayoutBlockFlow (anonymous) at (0,560.16) size 769x21
        LayoutButton {INPUT} at (0,0) size 80x21 [bgcolor=#008000] [border: (2px outset #C0C0C0)]
          LayoutBlockFlow (anonymous) at (8,3) size 64x16
            LayoutText {#text} at (30,0) size 4x16
              text run at (30,0) width 4: " "
        LayoutText {#text} at (0,0) size 0x0
      LayoutBlockFlow {P} at (0,597.16) size 769x20
        LayoutText {#text} at (0,0) size 189x19
          text run at (0,0) width 189: "This button should have no title:"
      LayoutBlockFlow (anonymous) at (0,633.16) size 769x21
        LayoutButton {INPUT} at (0,0) size 80x21 [bgcolor=#008000] [border: (2px outset #C0C0C0)]
        LayoutText {#text} at (0,0) size 0x0
