layer at (0,0) size 800x600
  LayoutView at (0,0) size 800x600
layer at (0,0) size 800x600
  LayoutBlockFlow {HTML} at (0,0) size 800x600
    LayoutBlockFlow {BODY} at (8,8) size 784x584
layer at (8,8) size 161x22
  LayoutButton (positioned) {BUTTON} at (8,8) size 161x22 [bgcolor=#C0C0C0] [border: (2px outset #C0C0C0)]
    LayoutBlockFlow (anonymous) at (8,3) size 145x16
      LayoutText {#text} at (0,0) size 145x16
        text run at (0,0) width 145: "This button is positioned."
layer at (8,8) size 185x22 clip at (10,10) size 181x18
  LayoutButton (positioned) {INPUT} at (8,8) size 185x22 [bgcolor=#C0C0C0] [border: (2px outset #C0C0C0)]
    LayoutBlockFlow (anonymous) at (8,3) size 169x16
      LayoutText {#text} at (0,0) size 169x16
        text run at (0,0) width 169: "This button is also positioned"
