layer at (0,0) size 800x600
  LayoutView at (0,0) size 800x600
layer at (0,0) size 800x600
  LayoutBlockFlow {HTML} at (0,0) size 800x600
    LayoutBlockFlow {BODY} at (8,8) size 784x584
      LayoutBlockFlow (anonymous) at (0,0) size 784x20
        LayoutText {#text} at (0,0) size 327x19
          text run at (0,0) width 327: "This tests that buttons don't honor table display styles. "
        LayoutBR {BR} at (327,15) size 0x0
      LayoutButton {INPUT} at (0,20) size 93x22 [bgcolor=#C0C0C0] [border: (2px outset #C0C0C0)]
        LayoutBlockFlow (anonymous) at (8,3) size 77x16
          LayoutText {#text} at (0,0) size 77x16
            text run at (0,0) width 77: "display: table"
      LayoutButton {INPUT} at (0,42) size 93x22 [bgcolor=#C0C0C0] [border: (2px outset #C0C0C0)]
        LayoutBlockFlow (anonymous) at (8,3) size 77x16
          LayoutText {#text} at (0,0) size 77x16
            text run at (0,0) width 77: "display: table"
      LayoutBlockFlow (anonymous) at (0,64) size 784x398
        LayoutBR {BR} at (0,0) size 0x19
        LayoutBR {BR} at (0,20) size 0x19
        LayoutButton {INPUT} at (0,40) size 127x22 [bgcolor=#C0C0C0] [border: (2px outset #C0C0C0)]
          LayoutBlockFlow (anonymous) at (8,3) size 111x16
            LayoutText {#text} at (0,0) size 111x16
              text run at (0,0) width 111: "display: inline-table"
        LayoutText {#text} at (127,41) size 4x19
          text run at (127,41) width 4: " "
        LayoutButton {INPUT} at (131,40) size 127x22 [bgcolor=#C0C0C0] [border: (2px outset #C0C0C0)]
          LayoutBlockFlow (anonymous) at (8,3) size 111x16
            LayoutText {#text} at (0,0) size 111x16
              text run at (0,0) width 111: "display: inline-table"
        LayoutText {#text} at (258,41) size 4x19
          text run at (258,41) width 4: " "
        LayoutBR {BR} at (262,56) size 0x0
        LayoutBR {BR} at (0,62) size 0x19
        LayoutButton {INPUT} at (0,82) size 153x22 [bgcolor=#C0C0C0] [border: (2px outset #C0C0C0)]
          LayoutBlockFlow (anonymous) at (8,3) size 137x16
            LayoutText {#text} at (0,0) size 137x16
              text run at (0,0) width 137: "display: table-row-group"
        LayoutText {#text} at (153,83) size 4x19
          text run at (153,83) width 4: " "
        LayoutButton {INPUT} at (157,82) size 153x22 [bgcolor=#C0C0C0] [border: (2px outset #C0C0C0)]
          LayoutBlockFlow (anonymous) at (8,3) size 137x16
            LayoutText {#text} at (0,0) size 137x16
              text run at (0,0) width 137: "display: table-row-group"
        LayoutText {#text} at (310,83) size 4x19
          text run at (310,83) width 4: " "
        LayoutBR {BR} at (314,98) size 0x0
        LayoutBR {BR} at (0,104) size 0x19
        LayoutButton {INPUT} at (0,124) size 172x22 [bgcolor=#C0C0C0] [border: (2px outset #C0C0C0)]
          LayoutBlockFlow (anonymous) at (8,3) size 156x16
            LayoutText {#text} at (0,0) size 156x16
              text run at (0,0) width 156: "display: table-header-group"
        LayoutText {#text} at (172,125) size 4x19
          text run at (172,125) width 4: " "
        LayoutButton {INPUT} at (176,124) size 172x22 [bgcolor=#C0C0C0] [border: (2px outset #C0C0C0)]
          LayoutBlockFlow (anonymous) at (8,3) size 156x16
            LayoutText {#text} at (0,0) size 156x16
              text run at (0,0) width 156: "display: table-header-group"
        LayoutText {#text} at (348,125) size 4x19
          text run at (348,125) width 4: " "
        LayoutBR {BR} at (352,140) size 0x0
        LayoutBR {BR} at (0,146) size 0x19
        LayoutButton {INPUT} at (0,166) size 165x22 [bgcolor=#C0C0C0] [border: (2px outset #C0C0C0)]
          LayoutBlockFlow (anonymous) at (8,3) size 149x16
            LayoutText {#text} at (0,0) size 149x16
              text run at (0,0) width 149: "display: table-footer-group"
        LayoutText {#text} at (165,167) size 4x19
          text run at (165,167) width 4: " "
        LayoutButton {INPUT} at (169,166) size 165x22 [bgcolor=#C0C0C0] [border: (2px outset #C0C0C0)]
          LayoutBlockFlow (anonymous) at (8,3) size 149x16
            LayoutText {#text} at (0,0) size 149x16
              text run at (0,0) width 149: "display: table-footer-group"
        LayoutText {#text} at (334,167) size 4x19
          text run at (334,167) width 4: " "
        LayoutBR {BR} at (338,182) size 0x0
        LayoutBR {BR} at (0,188) size 0x19
        LayoutButton {INPUT} at (0,208) size 117x22 [bgcolor=#C0C0C0] [border: (2px outset #C0C0C0)]
          LayoutBlockFlow (anonymous) at (8,3) size 101x16
            LayoutText {#text} at (0,0) size 101x16
              text run at (0,0) width 101: "display: table-row"
        LayoutText {#text} at (117,209) size 4x19
          text run at (117,209) width 4: " "
        LayoutButton {INPUT} at (121,208) size 117x22 [bgcolor=#C0C0C0] [border: (2px outset #C0C0C0)]
          LayoutBlockFlow (anonymous) at (8,3) size 101x16
            LayoutText {#text} at (0,0) size 101x16
              text run at (0,0) width 101: "display: table-row"
        LayoutText {#text} at (238,209) size 4x19
          text run at (238,209) width 4: " "
        LayoutBR {BR} at (242,224) size 0x0
        LayoutBR {BR} at (0,230) size 0x19
        LayoutButton {INPUT} at (0,250) size 175x22 [bgcolor=#C0C0C0] [border: (2px outset #C0C0C0)]
          LayoutBlockFlow (anonymous) at (8,3) size 159x16
            LayoutText {#text} at (0,0) size 159x16
              text run at (0,0) width 159: "display: table-column-group"
        LayoutText {#text} at (175,251) size 4x19
          text run at (175,251) width 4: " "
        LayoutButton {INPUT} at (179,250) size 175x22 [bgcolor=#C0C0C0] [border: (2px outset #C0C0C0)]
          LayoutBlockFlow (anonymous) at (8,3) size 159x16
            LayoutText {#text} at (0,0) size 159x16
              text run at (0,0) width 159: "display: table-column-group"
        LayoutText {#text} at (354,251) size 4x19
          text run at (354,251) width 4: " "
        LayoutBR {BR} at (358,266) size 0x0
        LayoutBR {BR} at (0,272) size 0x19
        LayoutButton {INPUT} at (0,292) size 139x22 [bgcolor=#C0C0C0] [border: (2px outset #C0C0C0)]
          LayoutBlockFlow (anonymous) at (8,3) size 123x16
            LayoutText {#text} at (0,0) size 123x16
              text run at (0,0) width 123: "display: table-column"
        LayoutText {#text} at (139,293) size 4x19
          text run at (139,293) width 4: " "
        LayoutButton {INPUT} at (143,292) size 139x22 [bgcolor=#C0C0C0] [border: (2px outset #C0C0C0)]
          LayoutBlockFlow (anonymous) at (8,3) size 123x16
            LayoutText {#text} at (0,0) size 123x16
              text run at (0,0) width 123: "display: table-column"
        LayoutText {#text} at (282,293) size 4x19
          text run at (282,293) width 4: " "
        LayoutBR {BR} at (286,308) size 0x0
        LayoutBR {BR} at (0,314) size 0x19
        LayoutButton {INPUT} at (0,334) size 117x22 [bgcolor=#C0C0C0] [border: (2px outset #C0C0C0)]
          LayoutBlockFlow (anonymous) at (8,3) size 101x16
            LayoutText {#text} at (0,0) size 101x16
              text run at (0,0) width 101: "display: table-cell"
        LayoutText {#text} at (117,335) size 4x19
          text run at (117,335) width 4: " "
        LayoutButton {INPUT} at (121,334) size 117x22 [bgcolor=#C0C0C0] [border: (2px outset #C0C0C0)]
          LayoutBlockFlow (anonymous) at (8,3) size 101x16
            LayoutText {#text} at (0,0) size 101x16
              text run at (0,0) width 101: "display: table-cell"
        LayoutText {#text} at (238,335) size 4x19
          text run at (238,335) width 4: " "
        LayoutBR {BR} at (242,350) size 0x0
        LayoutBR {BR} at (0,356) size 0x19
        LayoutButton {INPUT} at (0,376) size 139x22 [bgcolor=#C0C0C0] [border: (2px outset #C0C0C0)]
          LayoutBlockFlow (anonymous) at (8,3) size 123x16
            LayoutText {#text} at (0,0) size 123x16
              text run at (0,0) width 123: "display: table-caption"
        LayoutText {#text} at (139,377) size 4x19
          text run at (139,377) width 4: " "
        LayoutButton {INPUT} at (143,376) size 139x22 [bgcolor=#C0C0C0] [border: (2px outset #C0C0C0)]
          LayoutBlockFlow (anonymous) at (8,3) size 123x16
            LayoutText {#text} at (0,0) size 123x16
              text run at (0,0) width 123: "display: table-caption"
        LayoutText {#text} at (0,0) size 0x0
