layer at (0,0) size 800x600
  LayoutView at (0,0) size 800x600
layer at (0,0) size 800x600
  LayoutBlockFlow {HTML} at (0,0) size 800x600
    LayoutBlockFlow {BODY} at (8,8) size 784x572
      LayoutBlockFlow {P} at (0,0) size 784x40
        LayoutText {#text} at (0,0) size 50x19
          text run at (0,0) width 50: "Test for "
        LayoutInline {I} at (0,0) size 761x39
          LayoutInline {A} at (0,0) size 304x19 [color=#0000EE]
            LayoutText {#text} at (50,0) size 304x19
              text run at (50,0) width 304: "http://bugs.webkit.org/show_bug.cgi?id=17033"
          LayoutText {#text} at (354,0) size 761x39
            text run at (354,0) width 4: " "
            text run at (358,0) width 403: "REGRESSION: Really long <option> causes unnecessary page"
            text run at (0,20) width 229: "scroll bars to accommodate content"
        LayoutText {#text} at (229,20) size 4x19
          text run at (229,20) width 4: "."
      LayoutBlockFlow {P} at (0,56) size 784x20
        LayoutText {#text} at (0,0) size 722x19
          text run at (0,0) width 300: "There should not be scroll bars below the popup. "
          text run at (300,0) width 422: "There should be scrollbars below the button (see crbug.com/465429)."
layer at (8,100) size 100x50
  LayoutBlockFlow {DIV} at (0,92) size 100x50
    LayoutMenuList {SELECT} at (0,0) size 80x20 [bgcolor=#FFFFFF] [border: (1px solid #A9A9A9)]
      LayoutBlockFlow (anonymous) at (1,1) size 78x18
        LayoutText (anonymous) at (4,1) size 158x16
          text run at (4,1) width 158: "Lorem ipsum dolor sit amet"
    LayoutText {#text} at (0,0) size 0x0
layer at (8,170) size 100x50 clip at (8,170) size 100x35 scrollWidth 166
  LayoutBlockFlow {DIV} at (0,162) size 100x50
    LayoutButton {BUTTON} at (0,0) size 80x22 [bgcolor=#C0C0C0] [border: (2px outset #C0C0C0)]
      LayoutBlockFlow (anonymous) at (8,3) size 64x16
        LayoutText {#text} at (0,0) size 158x16
          text run at (0,0) width 158: "Lorem ipsum dolor sit amet"
    LayoutText {#text} at (0,0) size 0x0
