layer at (0,0) size 800x600
  LayoutView at (0,0) size 800x600
layer at (0,0) size 800x600
  LayoutBlockFlow {HTML} at (0,0) size 800x600
    LayoutBlockFlow {BODY} at (8,8) size 784x584
      LayoutBlockFlow {FORM} at (0,0) size 784x22
        LayoutTextControl {INPUT} at (0,0) size 173x22 [bgcolor=#FFFFFF] [border: (2px inset #EEEEEE)]
        LayoutText {#text} at (0,0) size 0x0
      LayoutBlockFlow (anonymous) at (0,38) size 784x20
        LayoutText {#text} at (0,0) size 116x19
          text run at (0,0) width 116: "multipart/form-data"
layer at (10,11) size 169x16
  LayoutBlockFlow {DIV} at (2,3) size 169x16
