layer at (0,0) size 800x600 scrollHeight 675
  LayoutView at (0,0) size 800x600
layer at (0,0) size 800x675 backgroundClip at (0,0) size 800x600 clip at (0,0) size 800x600
  LayoutBlockFlow {HTML} at (0,0) size 800x675.31
    LayoutBlockFlow {BODY} at (8,21.44) size 784x645.88
      LayoutBlockFlow {H1} at (0,0) size 784x37
        LayoutText {#text} at (0,0) size 417x36
          text run at (0,0) width 417: "Form Element Geometry Tests"
      LayoutBlockFlow {P} at (0,58.44) size 784x20
        LayoutText {#text} at (0,0) size 514x19
          text run at (0,0) width 514: "These tests help us tune the widget classes in KWQ to have all the right fudge factors."
      LayoutBlockFlow {H2} at (0,98.34) size 784x27
        LayoutText {#text} at (0,0) size 165x26
          text run at (0,0) width 165: "Bounding Boxes"
      LayoutTable {TABLE} at (0,145.25) size 166x38
        LayoutTableSection {TBODY} at (0,0) size 166x38
          LayoutTableRow {TR} at (0,2) size 166x34
            LayoutTableCell {TD} at (2,2) size 58x34 [r=0 c=0 rs=1 cs=1]
              LayoutBlockFlow {DIV} at (1,1) size 56x32 [border: (2px solid #0000FF)]
                LayoutInline {FONT} at (0,0) size 52x27
                  LayoutButton {INPUT} at (2,7) size 52x22 [bgcolor=#C0C0C0] [border: (2px outset #C0C0C0)]
                    LayoutBlockFlow (anonymous) at (8,3) size 36x16
                      LayoutText {#text} at (0,0) size 36x16
                        text run at (0,0) width 36: "button"
            LayoutTableCell {TD} at (62,2) size 60x34 [r=0 c=1 rs=1 cs=1]
              LayoutBlockFlow {DIV} at (1,1) size 58x32 [border: (2px solid #0000FF)]
                LayoutInline {FONT} at (0,0) size 54x27
                  LayoutMenuList {SELECT} at (2,8) size 54x20 [bgcolor=#FFFFFF] [border: (1px solid #A9A9A9)]
                    LayoutBlockFlow (anonymous) at (1,1) size 52x18
                      LayoutText (anonymous) at (4,1) size 32x16
                        text run at (4,1) width 32: "menu"
            LayoutTableCell {TD} at (124,2) size 19x34 [r=0 c=2 rs=1 cs=1]
              LayoutBlockFlow {DIV} at (1,1) size 17x32 [border: (2px solid #0000FF)]
                LayoutInline {FONT} at (0,0) size 13x27
                  LayoutBlockFlow {INPUT} at (2,10) size 13x13
            LayoutTableCell {TD} at (145,2) size 19x34 [r=0 c=3 rs=1 cs=1]
              LayoutBlockFlow {DIV} at (1,1) size 17x32 [border: (2px solid #0000FF)]
                LayoutInline {FONT} at (0,0) size 13x27
                  LayoutBlockFlow {INPUT} at (2,10) size 13x13
      LayoutTable {TABLE} at (0,183.25) size 166x32
        LayoutTableSection {TBODY} at (0,0) size 166x32
          LayoutTableRow {TR} at (0,2) size 166x28
            LayoutTableCell {TD} at (2,2) size 58x28 [r=0 c=0 rs=1 cs=1]
              LayoutBlockFlow {DIV} at (1,1) size 56x26 [border: (2px solid #0000FF)]
                LayoutButton {INPUT} at (2,2) size 52x22 [bgcolor=#C0C0C0] [border: (2px outset #C0C0C0)]
                  LayoutBlockFlow (anonymous) at (8,3) size 36x16
                    LayoutText {#text} at (0,0) size 36x16
                      text run at (0,0) width 36: "button"
            LayoutTableCell {TD} at (62,3) size 60x26 [r=0 c=1 rs=1 cs=1]
              LayoutBlockFlow {DIV} at (1,1) size 58x24 [border: (2px solid #0000FF)]
                LayoutMenuList {SELECT} at (2,2) size 54x20 [bgcolor=#FFFFFF] [border: (1px solid #A9A9A9)]
                  LayoutBlockFlow (anonymous) at (1,1) size 52x18
                    LayoutText (anonymous) at (4,1) size 32x16
                      text run at (4,1) width 32: "menu"
            LayoutTableCell {TD} at (124,3) size 19x26 [r=0 c=2 rs=1 cs=1]
              LayoutBlockFlow {DIV} at (1,1) size 17x24 [border: (2px solid #0000FF)]
                LayoutBlockFlow {INPUT} at (2,4) size 13x13
            LayoutTableCell {TD} at (145,3) size 19x26 [r=0 c=3 rs=1 cs=1]
              LayoutBlockFlow {DIV} at (1,1) size 17x24 [border: (2px solid #0000FF)]
                LayoutBlockFlow {INPUT} at (2,4) size 13x13
      LayoutTable {TABLE} at (0,215.25) size 166x32
        LayoutTableSection {TBODY} at (0,0) size 166x32
          LayoutTableRow {TR} at (0,2) size 166x28
            LayoutTableCell {TD} at (2,2) size 58x28 [r=0 c=0 rs=1 cs=1]
              LayoutBlockFlow {DIV} at (1,1) size 56x26 [border: (2px solid #0000FF)]
                LayoutInline {FONT} at (0,0) size 52x12
                  LayoutButton {INPUT} at (2,2) size 52x22 [bgcolor=#C0C0C0] [border: (2px outset #C0C0C0)]
                    LayoutBlockFlow (anonymous) at (8,3) size 36x16
                      LayoutText {#text} at (0,0) size 36x16
                        text run at (0,0) width 36: "button"
            LayoutTableCell {TD} at (62,3) size 60x26 [r=0 c=1 rs=1 cs=1]
              LayoutBlockFlow {DIV} at (1,1) size 58x24 [border: (2px solid #0000FF)]
                LayoutInline {FONT} at (0,0) size 54x12
                  LayoutMenuList {SELECT} at (2,2) size 54x20 [bgcolor=#FFFFFF] [border: (1px solid #A9A9A9)]
                    LayoutBlockFlow (anonymous) at (1,1) size 52x18
                      LayoutText (anonymous) at (4,1) size 32x16
                        text run at (4,1) width 32: "menu"
            LayoutTableCell {TD} at (124,3) size 19x26 [r=0 c=2 rs=1 cs=1]
              LayoutBlockFlow {DIV} at (1,1) size 17x24 [border: (2px solid #0000FF)]
                LayoutInline {FONT} at (0,0) size 13x12
                  LayoutBlockFlow {INPUT} at (2,4) size 13x13
            LayoutTableCell {TD} at (145,3) size 19x26 [r=0 c=3 rs=1 cs=1]
              LayoutBlockFlow {DIV} at (1,1) size 17x24 [border: (2px solid #0000FF)]
                LayoutInline {FONT} at (0,0) size 13x12
                  LayoutBlockFlow {INPUT} at (2,4) size 13x13
      LayoutTable {TABLE} at (0,247.25) size 594x81
        LayoutTableSection {TBODY} at (0,0) size 594x81
          LayoutTableRow {TR} at (0,2) size 594x77
            LayoutTableCell {TD} at (2,2) size 109x28 [r=0 c=0 rs=1 cs=1]
              LayoutBlockFlow {DIV} at (1,1) size 107x26 [border: (2px solid #0000FF)]
                LayoutTextControl {INPUT} at (2,2) size 103x22 [bgcolor=#FFFFFF] [border: (2px inset #EEEEEE)]
            LayoutTableCell {TD} at (113,2) size 44x77 [r=0 c=1 rs=1 cs=1]
              LayoutBlockFlow {DIV} at (1,1) size 42x75 [border: (2px solid #0000FF)]
            LayoutTableCell {TD} at (159,2) size 244x28 [r=0 c=2 rs=1 cs=1]
              LayoutBlockFlow {DIV} at (1,1) size 242x26 [border: (2px solid #0000FF)]
                LayoutFileUploadControl {INPUT} at (2,2) size 238x22 "No file chosen"
                  LayoutButton {INPUT} at (0,0) size 85x22 [bgcolor=#C0C0C0] [border: (2px outset #C0C0C0)]
                    LayoutBlockFlow (anonymous) at (8,3) size 69x16
                      LayoutText {#text} at (0,0) size 69x16
                        text run at (0,0) width 69: "Choose File"
            LayoutTableCell {TD} at (405,2) size 187x49 [r=0 c=3 rs=1 cs=1]
              LayoutBlockFlow {DIV} at (1,1) size 185x47 [border: (2px solid #0000FF)]
      LayoutBlockFlow {H2} at (0,348.16) size 784x27
        LayoutText {#text} at (0,0) size 199x26
          text run at (0,0) width 199: "Baseline Alignment"
      LayoutBlockFlow {DIV} at (0,395.06) size 784x28
        LayoutInline {FONT} at (0,0) size 208x27
          LayoutText {#text} at (0,0) size 43x27
            text run at (0,0) width 43: "text "
          LayoutButton {INPUT} at (43,5) size 52x22 [bgcolor=#C0C0C0] [border: (2px outset #C0C0C0)]
            LayoutBlockFlow (anonymous) at (8,3) size 36x16
              LayoutText {#text} at (0,0) size 36x16
                text run at (0,0) width 36: "button"
          LayoutText {#text} at (95,0) size 6x27
            text run at (95,0) width 6: " "
          LayoutMenuList {SELECT} at (101,6) size 54x20 [bgcolor=#FFFFFF] [border: (1px solid #A9A9A9)]
            LayoutBlockFlow (anonymous) at (1,1) size 52x18
              LayoutText (anonymous) at (4,1) size 32x16
                text run at (4,1) width 32: "menu"
          LayoutText {#text} at (155,0) size 6x27
            text run at (155,0) width 6: " "
          LayoutBlockFlow {INPUT} at (166,8) size 13x13
          LayoutText {#text} at (182,0) size 6x27
            text run at (182,0) width 6: " "
          LayoutBlockFlow {INPUT} at (192,8) size 13x13
          LayoutText {#text} at (0,0) size 0x0
      LayoutBlockFlow {DIV} at (0,423.06) size 784x22
        LayoutText {#text} at (0,1) size 26x19
          text run at (0,1) width 26: "text "
        LayoutButton {INPUT} at (26,0) size 52x22 [bgcolor=#C0C0C0] [border: (2px outset #C0C0C0)]
          LayoutBlockFlow (anonymous) at (8,3) size 36x16
            LayoutText {#text} at (0,0) size 36x16
              text run at (0,0) width 36: "button"
        LayoutText {#text} at (78,1) size 4x19
          text run at (78,1) width 4: " "
        LayoutMenuList {SELECT} at (82,1) size 54x20 [bgcolor=#FFFFFF] [border: (1px solid #A9A9A9)]
          LayoutBlockFlow (anonymous) at (1,1) size 52x18
            LayoutText (anonymous) at (4,1) size 32x16
              text run at (4,1) width 32: "menu"
        LayoutText {#text} at (136,1) size 4x19
          text run at (136,1) width 4: " "
        LayoutBlockFlow {INPUT} at (145,3) size 13x13
        LayoutText {#text} at (161,1) size 4x19
          text run at (161,1) width 4: " "
        LayoutBlockFlow {INPUT} at (169,3) size 13x13
        LayoutText {#text} at (0,0) size 0x0
      LayoutBlockFlow {DIV} at (0,445.06) size 784x22
        LayoutInline {FONT} at (0,0) size 174x12
          LayoutText {#text} at (0,6) size 18x12
            text run at (0,6) width 18: "text "
          LayoutButton {INPUT} at (18,0) size 52x22 [bgcolor=#C0C0C0] [border: (2px outset #C0C0C0)]
            LayoutBlockFlow (anonymous) at (8,3) size 36x16
              LayoutText {#text} at (0,0) size 36x16
                text run at (0,0) width 36: "button"
          LayoutText {#text} at (70,6) size 3x12
            text run at (70,6) width 3: " "
          LayoutMenuList {SELECT} at (73,1) size 54x20 [bgcolor=#FFFFFF] [border: (1px solid #A9A9A9)]
            LayoutBlockFlow (anonymous) at (1,1) size 52x18
              LayoutText (anonymous) at (4,1) size 32x16
                text run at (4,1) width 32: "menu"
          LayoutText {#text} at (127,6) size 3x12
            text run at (127,6) width 3: " "
          LayoutBlockFlow {INPUT} at (135,3) size 13x13
          LayoutText {#text} at (151,6) size 3x12
            text run at (151,6) width 3: " "
          LayoutBlockFlow {INPUT} at (158,3) size 13x13
          LayoutText {#text} at (0,0) size 0x0
      LayoutBlockFlow {DIV} at (0,467.06) size 784x44
        LayoutText {#text} at (0,23) size 26x19
          text run at (0,23) width 26: "text "
        LayoutTextControl {INPUT} at (26,22) size 103x22 [bgcolor=#FFFFFF] [border: (2px inset #EEEEEE)]
        LayoutText {#text} at (129,23) size 4x19
          text run at (129,23) width 4: " "
        LayoutFileUploadControl {INPUT} at (133,22) size 238x22 "No file chosen"
          LayoutButton {INPUT} at (0,0) size 85x22 [bgcolor=#C0C0C0] [border: (2px outset #C0C0C0)]
            LayoutBlockFlow (anonymous) at (8,3) size 69x16
              LayoutText {#text} at (0,0) size 69x16
                text run at (0,0) width 69: "Choose File"
        LayoutText {#text} at (371,23) size 4x19
          text run at (371,23) width 4: " "
        LayoutText {#text} at (0,0) size 0x0
      LayoutBlockFlow {H2} at (0,530.97) size 784x27
        LayoutText {#text} at (0,0) size 195x26
          text run at (0,0) width 195: "Pop-up Menu Sizes"
      LayoutBlockFlow {DIV} at (0,577.88) size 784x28
        LayoutInline {FONT} at (0,0) size 137x27
          LayoutText {#text} at (0,0) size 0x0
          LayoutMenuList {SELECT} at (0,6) size 22x20 [bgcolor=#FFFFFF] [border: (1px solid #A9A9A9)]
            LayoutBlockFlow (anonymous) at (1,1) size 20x18
              LayoutText (anonymous) at (4,1) size 4x16
                text run at (4,1) width 4: " "
          LayoutText {#text} at (22,0) size 6x27
            text run at (22,0) width 6: " "
          LayoutMenuList {SELECT} at (28,6) size 25x20 [bgcolor=#FFFFFF] [border: (1px solid #A9A9A9)]
            LayoutBlockFlow (anonymous) at (1,1) size 23x18
              LayoutText (anonymous) at (4,1) size 3x16
                text run at (4,1) width 3: "|"
          LayoutText {#text} at (53,0) size 6x27
            text run at (53,0) width 6: " "
          LayoutMenuList {SELECT} at (59,6) size 78x20 [bgcolor=#FFFFFF] [border: (1px solid #A9A9A9)]
            LayoutBlockFlow (anonymous) at (1,1) size 76x18
              LayoutText (anonymous) at (4,1) size 56x16
                text run at (4,1) width 56: "xxxxxxxx"
          LayoutText {#text} at (0,0) size 0x0
      LayoutBlockFlow {DIV} at (0,605.88) size 784x20
        LayoutMenuList {SELECT} at (0,0) size 22x20 [bgcolor=#FFFFFF] [border: (1px solid #A9A9A9)]
          LayoutBlockFlow (anonymous) at (1,1) size 20x18
            LayoutText (anonymous) at (4,1) size 4x16
              text run at (4,1) width 4: " "
        LayoutText {#text} at (22,0) size 4x19
          text run at (22,0) width 4: " "
        LayoutMenuList {SELECT} at (26,0) size 25x20 [bgcolor=#FFFFFF] [border: (1px solid #A9A9A9)]
          LayoutBlockFlow (anonymous) at (1,1) size 23x18
            LayoutText (anonymous) at (4,1) size 3x16
              text run at (4,1) width 3: "|"
        LayoutText {#text} at (51,0) size 4x19
          text run at (51,0) width 4: " "
        LayoutMenuList {SELECT} at (55,0) size 78x20 [bgcolor=#FFFFFF] [border: (1px solid #A9A9A9)]
          LayoutBlockFlow (anonymous) at (1,1) size 76x18
            LayoutText (anonymous) at (4,1) size 56x16
              text run at (4,1) width 56: "xxxxxxxx"
        LayoutText {#text} at (0,0) size 0x0
      LayoutBlockFlow {DIV} at (0,625.88) size 784x20
        LayoutInline {FONT} at (0,0) size 131x12
          LayoutText {#text} at (0,0) size 0x0
          LayoutMenuList {SELECT} at (0,0) size 22x20 [bgcolor=#FFFFFF] [border: (1px solid #A9A9A9)]
            LayoutBlockFlow (anonymous) at (1,1) size 20x18
              LayoutText (anonymous) at (4,1) size 4x16
                text run at (4,1) width 4: " "
          LayoutText {#text} at (22,5) size 3x12
            text run at (22,5) width 3: " "
          LayoutMenuList {SELECT} at (25,0) size 25x20 [bgcolor=#FFFFFF] [border: (1px solid #A9A9A9)]
            LayoutBlockFlow (anonymous) at (1,1) size 23x18
              LayoutText (anonymous) at (4,1) size 3x16
                text run at (4,1) width 3: "|"
          LayoutText {#text} at (50,5) size 3x12
            text run at (50,5) width 3: " "
          LayoutMenuList {SELECT} at (53,0) size 78x20 [bgcolor=#FFFFFF] [border: (1px solid #A9A9A9)]
            LayoutBlockFlow (anonymous) at (1,1) size 76x18
              LayoutText (anonymous) at (4,1) size 56x16
                text run at (4,1) width 56: "xxxxxxxx"
          LayoutText {#text} at (0,0) size 0x0
layer at (15,277) size 99x16
  LayoutBlockFlow {DIV} at (2,3) size 99x16
    LayoutText {#text} at (0,0) size 49x16
      text run at (0,0) width 49: "text field"
layer at (124,274) size 38x70 clip at (125,275) size 21x68 scrollHeight 85
  LayoutListBox {SELECT} at (2,2) size 38x70 [bgcolor=#FFFFFF] [border: (1px solid #A9A9A9)]
    LayoutBlockFlow {OPTION} at (1,1) size 21x17
      LayoutText {#text} at (2,0) size 17x16
        text run at (2,0) width 17: "list"
    LayoutBlockFlow {OPTION} at (1,18) size 21x17
      LayoutText {#text} at (2,0) size 7x16
        text run at (2,0) width 7: "2"
    LayoutBlockFlow {OPTION} at (1,35) size 21x17
      LayoutText {#text} at (2,0) size 7x16
        text run at (2,0) width 7: "3"
    LayoutBlockFlow {OPTION} at (1,52) size 21x17
      LayoutText {#text} at (2,0) size 7x16
        text run at (2,0) width 7: "4"
    LayoutBlockFlow {OPTION} at (1,69) size 21x17
      LayoutText {#text} at (2,0) size 7x16
        text run at (2,0) width 7: "5"
layer at (416,274) size 181x38 clip at (417,275) size 179x36
  LayoutTextControl {TEXTAREA} at (2,2) size 181x38 [bgcolor=#FFFFFF] [border: (1px solid #A9A9A9)]
    LayoutBlockFlow {DIV} at (3,3) size 175x16
      LayoutText {#text} at (0,0) size 64x16
        text run at (0,0) width 64: "textarea"
layer at (36,514) size 99x16
  LayoutBlockFlow {DIV} at (2,3) size 99x16
    LayoutText {#text} at (0,0) size 49x16
      text run at (0,0) width 49: "text field"
layer at (383,489) size 181x38 clip at (384,490) size 179x36
  LayoutTextControl {TEXTAREA} at (375,0) size 181x38 [bgcolor=#FFFFFF] [border: (1px solid #A9A9A9)]
    LayoutBlockFlow {DIV} at (3,3) size 175x16
      LayoutText {#text} at (0,0) size 64x16
        text run at (0,0) width 64: "textarea"
