layer at (0,0) size 800x600
  LayoutView at (0,0) size 800x600
layer at (0,0) size 800x600
  LayoutBlockFlow {HTML} at (0,0) size 800x600
    LayoutBlockFlow {BODY} at (8,8) size 784x584
      LayoutBlockFlow (anonymous) at (0,0) size 784x0
        LayoutInline {A} at (0,0) size 0x0
          LayoutText {#text} at (0,0) size 0x0
      LayoutBlockFlow {DIV} at (0,0) size 784x28
        LayoutBlockFlow (anonymous) at (0,0) size 784x0
          LayoutInline {A} at (0,0) size 0x0
            LayoutText {#text} at (0,0) size 0x0
        LayoutBlockFlow (anonymous) at (0,0) size 784x28
          LayoutTable {TABLE} at (0,0) size 67x28
            LayoutTableSection {TBODY} at (0,0) size 67x28
              LayoutTableRow {TR} at (0,2) size 67x24
                LayoutTableCell {TD} at (2,13) size 2x2 [r=0 c=0 rs=1 cs=1]
                LayoutTableCell {TD} at (6,2) size 59x24 [r=0 c=1 rs=1 cs=1]
                  LayoutButton {INPUT} at (1,1) size 57x22 [bgcolor=#C0C0C0] [border: (2px outset #C0C0C0)]
                    LayoutBlockFlow (anonymous) at (8,3) size 41x16
                      LayoutText {#text} at (0,0) size 41x16
                        text run at (0,0) width 41: "Search"
        LayoutBlockFlow (anonymous) at (0,28) size 784x0
          LayoutInline {A} at (0,0) size 0x0
          LayoutInline {A} at (0,0) size 0x0 [color=#0000EE]
          LayoutText {#text} at (0,0) size 0x0
      LayoutBlockFlow (anonymous) at (0,28) size 784x20
        LayoutText {#text} at (0,0) size 99x19
          text run at (0,0) width 99: "Form did submit"
