layer at (0,0) size 800x600
  LayoutView at (0,0) size 800x600
layer at (0,0) size 800x600
  LayoutBlockFlow {HTML} at (0,0) size 800x600
    LayoutBlockFlow {BODY} at (8,8) size 784x584
      LayoutBlockFlow (anonymous) at (0,0) size 784x0
        LayoutInline {B} at (0,0) size 0x0
          LayoutInline {FORM} at (0,0) size 0x0
      LayoutTable {TABLE} at (0,0) size 222x26
        LayoutTableSection {TBODY} at (0,0) size 222x26
          LayoutTableRow {TR} at (0,2) size 222x22
            LayoutTableCell {TD} at (2,2) size 214x22 [r=0 c=0 rs=1 cs=1]
              LayoutText {#text} at (1,1) size 212x19
                text run at (1,1) width 212: "This test passes if it does not crash."
            LayoutTableCell {TD} at (218,4) size 2x18 [r=0 c=1 rs=1 cs=1]
              LayoutBlockFlow {P} at (1,17) size 0x0
