layer at (0,0) size 800x600 scrollHeight 674
  LayoutView at (0,0) size 800x600
layer at (0,0) size 800x674 backgroundClip at (0,0) size 800x600 clip at (0,0) size 800x600
  LayoutBlockFlow {HTML} at (0,0) size 800x674
    LayoutBlockFlow {BODY} at (8,8) size 784x658
      LayoutBlockFlow {P} at (0,0) size 784x20
        LayoutText {#text} at (0,0) size 515x19
          text run at (0,0) width 515: "This page has a few tables within form elements within divs with various display styles."
      LayoutBlockFlow {P} at (0,36) size 784x20
        LayoutText {#text} at (0,0) size 27x19
          text run at (0,0) width 27: "See "
        LayoutInline {A} at (0,0) size 110x19 [color=#0000EE]
          LayoutText {#text} at (27,0) size 110x19
            text run at (27,0) width 110: "Bugzilla Bug 4977"
        LayoutText {#text} at (137,0) size 4x19
          text run at (137,0) width 4: "."
      LayoutBlockFlow {DIV} at (0,72) size 784x26
        LayoutBlockFlow (anonymous) at (0,0) size 784x0
          LayoutInline {DIV} at (0,0) size 0x0
        LayoutBlockFlow (anonymous) at (0,0) size 784x26
          LayoutBlockFlow {FORM} at (0,0) size 784x26
            LayoutTable {TABLE} at (0,0) size 85x26
              LayoutTableSection {TBODY} at (0,0) size 85x26
                LayoutTableRow {TR} at (0,2) size 85x22
                  LayoutTableCell {TD} at (2,2) size 81x22 [r=0 c=0 rs=1 cs=1]
                    LayoutText {#text} at (1,1) size 79x19
                      text run at (1,1) width 79: "display: inline"
        LayoutBlockFlow (anonymous) at (0,42) size 784x0
          LayoutInline {DIV} at (0,0) size 0x0
      LayoutBlockFlow {DIV} at (0,114) size 784x26
        LayoutBlockFlow {DIV} at (0,0) size 784x26
          LayoutBlockFlow {FORM} at (0,0) size 784x26
            LayoutTable {TABLE} at (0,0) size 89x26
              LayoutTableSection {TBODY} at (0,0) size 89x26
                LayoutTableRow {TR} at (0,2) size 89x22
                  LayoutTableCell {TD} at (2,2) size 85x22 [r=0 c=0 rs=1 cs=1]
                    LayoutText {#text} at (1,1) size 83x19
                      text run at (1,1) width 83: "display: block"
      LayoutBlockFlow {DIV} at (0,156) size 784x26
        LayoutListItem {DIV} at (0,0) size 784x26
          LayoutBlockFlow (anonymous) at (0,0) size 784x0
            LayoutListMarker (anonymous) at (-18,8) size 7x19: bullet
          LayoutBlockFlow {FORM} at (0,0) size 784x26
            LayoutTable {TABLE} at (0,0) size 102x26
              LayoutTableSection {TBODY} at (0,0) size 102x26
                LayoutTableRow {TR} at (0,2) size 102x22
                  LayoutTableCell {TD} at (2,2) size 98x22 [r=0 c=0 rs=1 cs=1]
                    LayoutText {#text} at (1,1) size 96x19
                      text run at (1,1) width 96: "display: list-item"
      LayoutBlockFlow {DIV} at (0,198) size 784x26
        LayoutBlockFlow {DIV} at (0,0) size 784x26
          LayoutBlockFlow {FORM} at (0,0) size 784x26
            LayoutTable {TABLE} at (0,0) size 107x26
              LayoutTableSection {TBODY} at (0,0) size 107x26
                LayoutTableRow {TR} at (0,2) size 107x22
                  LayoutTableCell {TD} at (2,2) size 103x22 [r=0 c=0 rs=1 cs=1]
                    LayoutText {#text} at (1,1) size 101x19
                      text run at (1,1) width 101: "display: compact"
      LayoutBlockFlow {DIV} at (0,240) size 784x42
        LayoutBlockFlow {DIV} at (0,0) size 125x42
          LayoutBlockFlow {FORM} at (0,0) size 125x26
            LayoutTable {TABLE} at (0,0) size 125x26
              LayoutTableSection {TBODY} at (0,0) size 125x26
                LayoutTableRow {TR} at (0,2) size 125x22
                  LayoutTableCell {TD} at (2,2) size 121x22 [r=0 c=0 rs=1 cs=1]
                    LayoutText {#text} at (1,1) size 119x19
                      text run at (1,1) width 119: "display: inline-block"
      LayoutBlockFlow {DIV} at (0,282) size 784x42
        LayoutTable {DIV} at (0,0) size 84x42
          LayoutTableSection (anonymous) at (0,0) size 84x42
            LayoutTableRow (anonymous) at (0,0) size 84x42
              LayoutTableCell (anonymous) at (0,0) size 84x42 [r=0 c=0 rs=1 cs=1]
                LayoutBlockFlow {FORM} at (0,0) size 84x26
                  LayoutTable {TABLE} at (0,0) size 84x26
                    LayoutTableSection {TBODY} at (0,0) size 84x26
                      LayoutTableRow {TR} at (0,2) size 84x22
                        LayoutTableCell {TD} at (2,2) size 80x22 [r=0 c=0 rs=1 cs=1]
                          LayoutText {#text} at (1,1) size 78x19
                            text run at (1,1) width 78: "display: table"
      LayoutBlockFlow {DIV} at (0,324) size 784x42
        LayoutTable {DIV} at (0,0) size 120x42
          LayoutTableSection (anonymous) at (0,0) size 120x42
            LayoutTableRow (anonymous) at (0,0) size 120x42
              LayoutTableCell (anonymous) at (0,0) size 120x42 [r=0 c=0 rs=1 cs=1]
                LayoutBlockFlow {FORM} at (0,0) size 120x26
                  LayoutTable {TABLE} at (0,0) size 120x26
                    LayoutTableSection {TBODY} at (0,0) size 120x26
                      LayoutTableRow {TR} at (0,2) size 120x22
                        LayoutTableCell {TD} at (2,2) size 116x22 [r=0 c=0 rs=1 cs=1]
                          LayoutText {#text} at (1,1) size 114x19
                            text run at (1,1) width 114: "display: inline-table"
      LayoutBlockFlow {DIV} at (0,366) size 784x42
        LayoutTable (anonymous) at (0,0) size 155x42
          LayoutTableSection {DIV} at (0,0) size 155x42
            LayoutTableRow (anonymous) at (0,0) size 155x42
              LayoutTableCell (anonymous) at (0,0) size 155x42 [r=0 c=0 rs=1 cs=1]
                LayoutBlockFlow {FORM} at (0,0) size 155x26
                  LayoutTable {TABLE} at (0,0) size 155x26
                    LayoutTableSection {TBODY} at (0,0) size 155x26
                      LayoutTableRow {TR} at (0,2) size 155x22
                        LayoutTableCell {TD} at (2,2) size 151x22 [r=0 c=0 rs=1 cs=1]
                          LayoutText {#text} at (1,1) size 149x19
                            text run at (1,1) width 149: "display: table-row-group"
      LayoutBlockFlow {DIV} at (0,408) size 784x42
        LayoutTable (anonymous) at (0,0) size 172x42
          LayoutTableSection {DIV} at (0,0) size 172x42
            LayoutTableRow (anonymous) at (0,0) size 172x42
              LayoutTableCell (anonymous) at (0,0) size 172x42 [r=0 c=0 rs=1 cs=1]
                LayoutBlockFlow {FORM} at (0,0) size 172x26
                  LayoutTable {TABLE} at (0,0) size 172x26
                    LayoutTableSection {TBODY} at (0,0) size 172x26
                      LayoutTableRow {TR} at (0,2) size 172x22
                        LayoutTableCell {TD} at (2,2) size 168x22 [r=0 c=0 rs=1 cs=1]
                          LayoutText {#text} at (1,1) size 166x19
                            text run at (1,1) width 166: "display: table-header-group"
      LayoutBlockFlow {DIV} at (0,450) size 784x42
        LayoutTable (anonymous) at (0,0) size 167x42
          LayoutTableSection {DIV} at (0,0) size 167x42
            LayoutTableRow (anonymous) at (0,0) size 167x42
              LayoutTableCell (anonymous) at (0,0) size 167x42 [r=0 c=0 rs=1 cs=1]
                LayoutBlockFlow {FORM} at (0,0) size 167x26
                  LayoutTable {TABLE} at (0,0) size 167x26
                    LayoutTableSection {TBODY} at (0,0) size 167x26
                      LayoutTableRow {TR} at (0,2) size 167x22
                        LayoutTableCell {TD} at (2,2) size 163x22 [r=0 c=0 rs=1 cs=1]
                          LayoutText {#text} at (1,1) size 161x19
                            text run at (1,1) width 161: "display: table-footer-group"
      LayoutBlockFlow {DIV} at (0,492) size 784x42
        LayoutTable (anonymous) at (0,0) size 114x42
          LayoutTableSection (anonymous) at (0,0) size 114x42
            LayoutTableRow {DIV} at (0,0) size 114x42
              LayoutTableCell (anonymous) at (0,0) size 114x42 [r=0 c=0 rs=1 cs=1]
                LayoutBlockFlow {FORM} at (0,0) size 114x26
                  LayoutTable {TABLE} at (0,0) size 114x26
                    LayoutTableSection {TBODY} at (0,0) size 114x26
                      LayoutTableRow {TR} at (0,2) size 114x22
                        LayoutTableCell {TD} at (2,2) size 110x22 [r=0 c=0 rs=1 cs=1]
                          LayoutText {#text} at (1,1) size 108x19
                            text run at (1,1) width 108: "display: table-row"
      LayoutBlockFlow {DIV} at (0,534) size 784x0
        LayoutTable (anonymous) at (0,0) size 0x0
          LayoutTableCol {DIV} at (0,0) size 0x0
      LayoutBlockFlow {DIV} at (0,534) size 784x0
        LayoutTable (anonymous) at (0,0) size 0x0
          LayoutTableCol {DIV} at (0,0) size 0x0
      LayoutBlockFlow {DIV} at (0,534) size 784x42
        LayoutTable (anonymous) at (0,0) size 110x42
          LayoutTableSection (anonymous) at (0,0) size 110x42
            LayoutTableRow (anonymous) at (0,0) size 110x42
              LayoutTableCell {DIV} at (0,0) size 110x42 [r=0 c=0 rs=1 cs=1]
                LayoutBlockFlow {FORM} at (0,0) size 110x26
                  LayoutTable {TABLE} at (0,0) size 110x26
                    LayoutTableSection {TBODY} at (0,0) size 110x26
                      LayoutTableRow {TR} at (0,2) size 110x22
                        LayoutTableCell {TD} at (2,2) size 106x22 [r=0 c=0 rs=1 cs=1]
                          LayoutText {#text} at (1,1) size 104x19
                            text run at (1,1) width 104: "display: table-cell"
      LayoutBlockFlow {DIV} at (0,576) size 784x82
        LayoutTable (anonymous) at (0,0) size 51x82
          LayoutBlockFlow {DIV} at (0,0) size 51x82
            LayoutBlockFlow {FORM} at (0,0) size 51x66
              LayoutTable {TABLE} at (0,0) size 51x66
                LayoutTableSection {TBODY} at (0,0) size 51x66
                  LayoutTableRow {TR} at (0,2) size 51x62
                    LayoutTableCell {TD} at (2,2) size 47x62 [r=0 c=0 rs=1 cs=1]
                      LayoutText {#text} at (1,1) size 45x59
                        text run at (1,1) width 45: "display:"
                        text run at (1,21) width 35: "table-"
                        text run at (1,41) width 44: "caption"
