layer at (0,0) size 800x600
  LayoutView at (0,0) size 800x600
layer at (0,0) size 800x600
  LayoutBlockFlow {HTML} at (0,0) size 800x600
    LayoutBlockFlow {BODY} at (8,8) size 784x584
      LayoutText {#text} at (0,0) size 560x19
        text run at (0,0) width 560: "This test passes if it doesn't crash and if the Submit button does not honor the first-letter style."
      LayoutBR {BR} at (560,15) size 0x0
      LayoutButton {INPUT} at (0,20) size 57x22 [border: (2px outset #C0C0C0)]
        LayoutBlockFlow (anonymous) at (8,3) size 41x16
          LayoutText {#text} at (0,0) size 41x16
            text run at (0,0) width 41: "Submit"
      LayoutText {#text} at (0,0) size 0x0
