layer at (0,0) size 800x600
  LayoutView at (0,0) size 800x600
layer at (0,0) size 800x600
  LayoutBlockFlow {HTML} at (0,0) size 800x600
    LayoutBlockFlow {BODY} at (8,8) size 784x584
      LayoutButton {INPUT} at (0,9) size 40x12 [bgcolor=#C0C0C0] [border: (2px outset #C0C0C0)]
        LayoutBlockFlow (anonymous) at (8,3) size 24x6
          LayoutText {#text} at (0,0) size 24x6
            text run at (0,0) width 24: "Test Button"
      LayoutText {#text} at (40,2) size 4x19
        text run at (40,2) width 4: " "
      LayoutButton {INPUT} at (44,9) size 46x12 [bgcolor=#C0C0C0] [border: (2px outset #C0C0C0)]
        LayoutBlockFlow (anonymous) at (8,3) size 30x6
          LayoutText {#text} at (0,0) size 30x6
            text run at (0,0) width 30: "Test Button"
      LayoutText {#text} at (90,2) size 4x19
        text run at (90,2) width 4: " "
      LayoutButton {INPUT} at (94,8) size 53x13 [bgcolor=#C0C0C0] [border: (2px outset #C0C0C0)]
        LayoutBlockFlow (anonymous) at (8,3) size 37x7
          LayoutText {#text} at (0,0) size 37x7
            text run at (0,0) width 37: "Test Button"
      LayoutText {#text} at (147,2) size 4x19
        text run at (147,2) width 4: " "
      LayoutButton {INPUT} at (151,6) size 53x16 [bgcolor=#C0C0C0] [border: (2px outset #C0C0C0)]
        LayoutBlockFlow (anonymous) at (8,3) size 37x10
          LayoutText {#text} at (0,0) size 37x10
            text run at (0,0) width 37: "Test Button"
      LayoutText {#text} at (204,2) size 4x19
        text run at (204,2) width 4: " "
      LayoutButton {INPUT} at (208,5) size 63x18 [bgcolor=#C0C0C0] [border: (2px outset #C0C0C0)]
        LayoutBlockFlow (anonymous) at (8,3) size 47x12
          LayoutText {#text} at (0,0) size 47x12
            text run at (0,0) width 47: "Test Button"
      LayoutText {#text} at (271,2) size 4x19
        text run at (271,2) width 4: " "
      LayoutButton {INPUT} at (275,4) size 69x19 [bgcolor=#C0C0C0] [border: (2px outset #C0C0C0)]
        LayoutBlockFlow (anonymous) at (8,3) size 53x13
          LayoutText {#text} at (0,0) size 53x13
            text run at (0,0) width 53: "Test Button"
      LayoutText {#text} at (344,2) size 4x19
        text run at (344,2) width 4: " "
      LayoutButton {INPUT} at (348,3) size 70x20 [bgcolor=#C0C0C0] [border: (2px outset #C0C0C0)]
        LayoutBlockFlow (anonymous) at (8,3) size 54x14
          LayoutText {#text} at (0,0) size 54x14
            text run at (0,0) width 54: "Test Button"
      LayoutText {#text} at (418,2) size 4x19
        text run at (418,2) width 4: " "
      LayoutButton {INPUT} at (422,2) size 77x21 [bgcolor=#C0C0C0] [border: (2px outset #C0C0C0)]
        LayoutBlockFlow (anonymous) at (8,3) size 61x15
          LayoutText {#text} at (0,0) size 61x15
            text run at (0,0) width 61: "Test Button"
      LayoutText {#text} at (499,2) size 4x19
        text run at (499,2) width 4: " "
      LayoutButton {INPUT} at (503,1) size 82x22 [bgcolor=#C0C0C0] [border: (2px outset #C0C0C0)]
        LayoutBlockFlow (anonymous) at (8,3) size 66x16
          LayoutText {#text} at (0,0) size 66x16
            text run at (0,0) width 66: "Test Button"
      LayoutText {#text} at (585,2) size 4x19
        text run at (585,2) width 4: " "
      LayoutButton {INPUT} at (589,1) size 87x22 [bgcolor=#C0C0C0] [border: (2px outset #C0C0C0)]
        LayoutBlockFlow (anonymous) at (8,3) size 71x16
          LayoutText {#text} at (0,0) size 71x16
            text run at (0,0) width 71: "Test Button"
      LayoutText {#text} at (676,2) size 4x19
        text run at (676,2) width 4: " "
      LayoutButton {INPUT} at (680,0) size 89x23 [bgcolor=#C0C0C0] [border: (2px outset #C0C0C0)]
        LayoutBlockFlow (anonymous) at (8,3) size 73x17
          LayoutText {#text} at (0,0) size 73x17
            text run at (0,0) width 73: "Test Button"
      LayoutText {#text} at (769,2) size 4x19
        text run at (769,2) width 4: " "
      LayoutButton {INPUT} at (0,27) size 92x25 [bgcolor=#C0C0C0] [border: (2px outset #C0C0C0)]
        LayoutBlockFlow (anonymous) at (8,3) size 76x19
          LayoutText {#text} at (0,0) size 76x18
            text run at (0,0) width 76: "Test Button"
      LayoutText {#text} at (92,30) size 4x19
        text run at (92,30) width 4: " "
      LayoutButton {INPUT} at (96,27) size 95x26 [bgcolor=#C0C0C0] [border: (2px outset #C0C0C0)]
        LayoutBlockFlow (anonymous) at (8,3) size 79x20
          LayoutText {#text} at (0,0) size 79x19
            text run at (0,0) width 79: "Test Button"
      LayoutText {#text} at (191,30) size 4x19
        text run at (191,30) width 4: " "
      LayoutButton {INPUT} at (195,25) size 107x28 [bgcolor=#C0C0C0] [border: (2px outset #C0C0C0)]
        LayoutBlockFlow (anonymous) at (8,3) size 91x22
          LayoutText {#text} at (0,0) size 91x21
            text run at (0,0) width 91: "Test Button"
      LayoutText {#text} at (302,30) size 4x19
        text run at (302,30) width 4: " "
      LayoutButton {INPUT} at (306,24) size 111x29 [bgcolor=#C0C0C0] [border: (2px outset #C0C0C0)]
        LayoutBlockFlow (anonymous) at (8,3) size 95x23
          LayoutText {#text} at (0,0) size 95x22
            text run at (0,0) width 95: "Test Button"
      LayoutText {#text} at (417,30) size 4x19
        text run at (417,30) width 4: " "
      LayoutButton {INPUT} at (421,23) size 115x30 [bgcolor=#C0C0C0] [border: (2px outset #C0C0C0)]
        LayoutBlockFlow (anonymous) at (8,3) size 99x24
          LayoutText {#text} at (0,0) size 99x23
            text run at (0,0) width 99: "Test Button"
      LayoutText {#text} at (536,30) size 4x19
        text run at (536,30) width 4: " "
      LayoutButton {INPUT} at (540,23) size 121x31 [bgcolor=#C0C0C0] [border: (2px outset #C0C0C0)]
        LayoutBlockFlow (anonymous) at (8,3) size 105x25
          LayoutText {#text} at (0,0) size 105x24
            text run at (0,0) width 105: "Test Button"
      LayoutText {#text} at (0,0) size 0x0
