layer at (0,0) size 800x600
  LayoutView at (0,0) size 800x600
layer at (0,0) size 800x600
  LayoutBlockFlow {HTML} at (0,0) size 800x600
    LayoutBlockFlow {BODY} at (8,8) size 784x576
      LayoutBlockFlow (anonymous) at (0,0) size 784x22
        LayoutTextControl {INPUT} at (0,0) size 600x22 [bgcolor=#FFFFFF] [border: (2px inset #EEEEEE)]
        LayoutText {#text} at (600,1) size 4x19
          text run at (600,1) width 4: " "
        LayoutBR {BR} at (604,16) size 0x0
      LayoutBlockFlow {DIV} at (0,22) size 784x20
        LayoutText {#text} at (0,0) size 29x19
          text run at (0,0) width 29: "This "
        LayoutInline {B} at (0,0) size 69x19
          LayoutText {#text} at (29,0) size 44x19
            text run at (29,0) width 44: "styled "
          LayoutInline {I} at (0,0) size 25x19
            LayoutText {#text} at (73,0) size 25x19
              text run at (73,0) width 25: "text"
        LayoutText {#text} at (98,0) size 34x19
          text run at (98,0) width 34: ", and "
        LayoutInline {A} at (0,0) size 21x19 [color=#0000EE]
          LayoutText {#text} at (132,0) size 21x19
            text run at (132,0) width 21: "link"
        LayoutText {#text} at (153,0) size 382x19
          text run at (153,0) width 194: " will be pasted into the textfield. "
          text run at (347,0) width 188: "All richness should be stripped."
      LayoutBlockFlow {OL} at (0,58) size 784x40
        LayoutListItem {LI} at (40,0) size 744x20
          LayoutListMarker (anonymous) at (-16,0) size 16x19: "1"
          LayoutText {#text} at (0,0) size 313x19
            text run at (0,0) width 313: "Success: document.execCommand(\"Copy\") == true"
        LayoutListItem {LI} at (40,20) size 744x20
          LayoutListMarker (anonymous) at (-16,0) size 16x19: "2"
          LayoutText {#text} at (0,0) size 312x19
            text run at (0,0) width 312: "Success: document.execCommand(\"Paste\") == true"
layer at (10,11) size 596x16
  LayoutBlockFlow {DIV} at (2,3) size 596x16
    LayoutText {#text} at (0,0) size 511x16
      text run at (0,0) width 511: "This styled text, and link will be pasted into the textfield. All richness should be stripped."
caret: position 94 of child 0 {#text} of child 0 {DIV} of {#document-fragment} of child 0 {INPUT} of body
