layer at (0,0) size 800x600
  LayoutView at (0,0) size 800x600
layer at (0,0) size 800x56
  LayoutBlockFlow {HTML} at (0,0) size 800x56
    LayoutBlockFlow {BODY} at (8,8) size 784x40
      LayoutText {#text} at (0,0) size 737x39
        text run at (0,0) width 737: "This test shows what alt content looks like when an image errors out on a page with a CSP that blocks data: URIs for"
        text run at (0,20) width 52: "images. "
      LayoutBlockFlow {IMG} at (52,20) size 42x20
        LayoutInline {SPAN} at (0,0) size 42x19
          LayoutInline {SPAN} at (0,0) size 42x19
            LayoutText {#text} at (0,0) size 42x19
              text run at (0,0) width 42: "alt text"
      LayoutText {#text} at (0,0) size 0x0
