layer at (0,0) size 800x600
  LayoutView at (0,0) size 800x600
layer at (0,0) size 800x184
  LayoutBlockFlow {HTML} at (0,0) size 800x184
    LayoutBlockFlow {BODY} at (8,8) size 784x168
      LayoutBlockFlow (anonymous) at (0,0) size 784x20
        LayoutText {#text} at (0,0) size 30x19
          text run at (0,0) width 30: "LTR"
      LayoutBlockFlow (anonymous) at (0,42) size 784x20
        LayoutText {#text} at (0,0) size 31x19
          text run at (0,0) width 31: "RTL"
      LayoutBlockFlow (anonymous) at (0,84) size 784x20
        LayoutText {#text} at (0,0) size 183x19
          text run at (0,0) width 183: "LTR (text-overflow:ellipses):"
      LayoutBlockFlow (anonymous) at (0,126) size 784x20
        LayoutText {#text} at (0,0) size 184x19
          text run at (0,0) width 184: "RTL (text-overflow:ellipses):"
layer at (8,28) size 202x22 clip at (9,29) size 200x20 scrollWidth 221
  LayoutBlockFlow {DIV} at (0,20) size 202x22 [border: (1px solid #000000)]
    LayoutText {#text} at (1,1) size 220x19
      text run at (1,1) width 220: "the the adlj adaasj sdklj. there there"
layer at (8,70) size 202x22 clip at (9,71) size 200x20 scrollX 20.00 scrollWidth 220
  LayoutBlockFlow {DIV} at (0,62) size 202x22 [border: (1px solid #000000)]
    LayoutText {#text} at (-19,1) size 220x19
      text run at (-19,1) width 220 RTL override: "the the adlj adaasj sdklj. there there"
layer at (8,112) size 202x22 clip at (9,113) size 200x20 scrollWidth 221
  LayoutBlockFlow {DIV} at (0,104) size 202x22 [border: (1px solid #000000)]
    LayoutText {#text} at (1,1) size 220x19
      text run at (1,1) width 220: "the the adlj adaasj sdklj. there there"
layer at (8,154) size 202x22 clip at (9,155) size 200x20 scrollX 20.00 scrollWidth 220
  LayoutBlockFlow {DIV} at (0,146) size 202x22 [border: (1px solid #000000)]
    LayoutText {#text} at (-19,1) size 220x19
      text run at (-19,1) width 220 RTL override: "the the adlj adaasj sdklj. there there"
