layer at (0,0) size 800x600
  LayoutView at (0,0) size 800x600
layer at (0,0) size 800x470
  LayoutBlockFlow {HTML} at (0,0) size 800x470
    LayoutBlockFlow {BODY} at (8,8) size 784x454
      LayoutBlockFlow {DIV} at (0,0) size 784x20
        LayoutText {#text} at (0,0) size 59x19
          text run at (0,0) width 59: "Test Rect"
      LayoutBlockFlow (anonymous) at (0,20) size 784x207
        LayoutText {#text} at (0,0) size 0x0
      LayoutBlockFlow {DIV} at (0,227) size 784x20
        LayoutText {#text} at (0,0) size 69x19
          text run at (0,0) width 69: "Test Image"
      LayoutBlockFlow (anonymous) at (0,247) size 784x207
        LayoutText {#text} at (0,0) size 0x0
layer at (8,28) size 202x202
  LayoutHTMLCanvas {CANVAS} at (0,0) size 202x202 [border: (1px solid #999999)]
layer at (8,255) size 202x202
  LayoutHTMLCanvas {CANVAS} at (0,0) size 202x202 [border: (1px solid #999999)]
