layer at (0,0) size 800x600
  LayoutView at (0,0) size 800x600
layer at (0,0) size 800x600
  LayoutBlockFlow {HTML} at (0,0) size 800x600
    LayoutBlockFlow {BODY} at (8,8) size 784x584
      LayoutBlockFlow {DETAILS} at (0,0) size 784x20
        LayoutBlockFlow {SUMMARY} at (0,0) size 784x20
          LayoutDetailsMarker {DIV} at (0,4.45) size 10.55x10.55: down
          LayoutText {#text} at (16,0) size 5x19
            text run at (16,0) width 5: " "
          LayoutBlockFlow {SPAN} at (20.94,3) size 64x16
            LayoutText {#text} at (0,0) size 64x16
              text run at (0,0) width 64: "Details1"
          LayoutText {#text} at (84,0) size 5x19
            text run at (84,0) width 5: " "
          LayoutBlockFlow {SPAN} at (88.94,3) size 64x16
            LayoutText {#text} at (0,0) size 64x16
              text run at (0,0) width 64: "Details3"
          LayoutText {#text} at (0,0) size 0x0
        LayoutBlockFlow {DIV} at (0,20) size 784x0
      LayoutBlockFlow (anonymous) at (0,20) size 784x22
        LayoutButton {INPUT} at (0,0) size 43x22 [bgcolor=#C0C0C0] [border: (2px outset #C0C0C0)]
          LayoutBlockFlow (anonymous) at (8,3) size 27x16
            LayoutText {#text} at (0,0) size 27x16
              text run at (0,0) width 27: "click"
        LayoutText {#text} at (0,0) size 0x0
