layer at (0,0) size 800x600
  LayoutView at (0,0) size 800x600
layer at (0,0) size 800x600
  LayoutBlockFlow {HTML} at (0,0) size 800x600
    LayoutBlockFlow {BODY} at (8,8) size 784x584
      LayoutTable {TABLE} at (0,0) size 483x358 [border: (1px outset #808080)]
        LayoutTableSection {TBODY} at (1,1) size 481x356
          LayoutTableRow {TR} at (0,2) size 481x32
            LayoutTableCell {TH} at (2,2) size 477x32 [border: (1px inset #808080)] [r=0 c=0 rs=1 cs=5]
              LayoutText {#text} at (187,6) size 103x19
                text run at (187,6) width 103: "text-align: right"
          LayoutTableRow {TR} at (0,36) size 481x32
            LayoutTableCell {TH} at (2,53) size 99x32 [border: (1px inset #808080)] [r=1 c=0 rs=2 cs=2]
              LayoutText {#text} at (47,6) size 5x19
                text run at (47,6) width 5: " "
            LayoutTableCell {TH} at (103,36) size 376x32 [border: (1px inset #808080)] [r=1 c=2 rs=1 cs=3]
              LayoutText {#text} at (118,6) size 140x19
                text run at (118,6) width 140: "-webkit-writing-mode"
          LayoutTableRow {TR} at (0,70) size 481x32
            LayoutTableCell {TH} at (103,70) size 124x32 [border: (1px inset #808080)] [r=2 c=2 rs=1 cs=1]
              LayoutText {#text} at (20,6) size 84x19
                text run at (20,6) width 84: "horizontal-tb"
            LayoutTableCell {TH} at (229,70) size 124x32 [border: (1px inset #808080)] [r=2 c=3 rs=1 cs=1]
              LayoutText {#text} at (29,6) size 66x19
                text run at (29,6) width 66: "vertical-lr"
            LayoutTableCell {TH} at (355,70) size 124x32 [border: (1px inset #808080)] [r=2 c=4 rs=1 cs=1]
              LayoutText {#text} at (29,6) size 66x19
                text run at (29,6) width 66: "vertical-rl"
          LayoutTableRow {TR} at (0,104) size 481x124
            LayoutTableCell {TH} at (2,213) size 70x32 [border: (1px inset #808080)] [r=3 c=0 rs=4 cs=1]
              LayoutText {#text} at (6,6) size 58x19
                text run at (6,6) width 58: "direction"
            LayoutTableCell {TH} at (74,150) size 27x32 [border: (1px inset #808080)] [r=3 c=1 rs=1 cs=1]
              LayoutText {#text} at (6,6) size 15x19
                text run at (6,6) width 15: "ltr"
            LayoutTableCell {TD} at (103,104) size 124x124 [border: (1px solid #000000)] [r=3 c=2 rs=1 cs=1]
              LayoutBlockFlow {DIV} at (2,2) size 120x120
                LayoutBlockFlow {DETAILS} at (0,0) size 120x20
                  LayoutBlockFlow {SUMMARY} at (0,0) size 120x20
                    LayoutDetailsMarker {DIV} at (49.06,4.45) size 10.55x10.55: right
                    LayoutText {#text} at (66,0) size 54x19
                      text run at (66,0) width 54: "summary"
                LayoutBlockFlow {DETAILS} at (0,20) size 120x20
                  LayoutBlockFlow {SUMMARY} at (0,0) size 120x20
                    LayoutDetailsMarker {DIV} at (49.06,4.45) size 10.55x10.55: down
                    LayoutText {#text} at (66,0) size 54x19
                      text run at (66,0) width 54: "summary"
                  LayoutBlockFlow {DIV} at (0,20) size 120x0
            LayoutTableCell {TD} at (229,104) size 124x124 [border: (1px solid #000000)] [r=3 c=3 rs=1 cs=1]
              LayoutBlockFlow {DIV} at (2,2) size 120x120
                LayoutBlockFlow {DETAILS} at (0,0) size 20x120
                  LayoutBlockFlow {SUMMARY} at (0,0) size 20x120
                    LayoutDetailsMarker {DIV} at (3.73,49.06) size 10.55x10.55: down
                    LayoutText {#text} at (0,66) size 19x54
                      text run at (0,66) width 54: "summary"
                LayoutBlockFlow {DETAILS} at (20,0) size 20x120
                  LayoutBlockFlow {SUMMARY} at (0,0) size 20x120
                    LayoutDetailsMarker {DIV} at (3.73,49.06) size 10.55x10.55: right
                    LayoutText {#text} at (0,66) size 19x54
                      text run at (0,66) width 54: "summary"
                  LayoutBlockFlow {DIV} at (20,0) size 0x120
            LayoutTableCell {TD} at (355,104) size 124x124 [border: (1px solid #000000)] [r=3 c=4 rs=1 cs=1]
              LayoutBlockFlow {DIV} at (2,2) size 120x120
                LayoutBlockFlow {DETAILS} at (0,0) size 20x120
                  LayoutBlockFlow {SUMMARY} at (0,0) size 20x120
                    LayoutDetailsMarker {DIV} at (4.72,49.06) size 10.55x10.55: down
                    LayoutText {#text} at (0,66) size 19x54
                      text run at (0,66) width 54: "summary"
                LayoutBlockFlow {DETAILS} at (20,0) size 20x120
                  LayoutBlockFlow {SUMMARY} at (0,0) size 20x120
                    LayoutDetailsMarker {DIV} at (4.72,49.06) size 10.55x10.55: left
                    LayoutText {#text} at (0,66) size 19x54
                      text run at (0,66) width 54: "summary"
                  LayoutBlockFlow {DIV} at (20,0) size 0x120
          LayoutTableRow {TR} at (0,230) size 481x124
            LayoutTableCell {TH} at (74,276) size 27x32 [border: (1px inset #808080)] [r=4 c=1 rs=1 cs=1]
              LayoutText {#text} at (6,6) size 15x19
                text run at (6,6) width 15: "rtl"
            LayoutTableCell {TD} at (103,230) size 124x124 [border: (1px solid #000000)] [r=4 c=2 rs=1 cs=1]
              LayoutBlockFlow {DIV} at (2,2) size 120x120
                LayoutBlockFlow {DETAILS} at (0,0) size 120x20
                  LayoutBlockFlow {SUMMARY} at (0,0) size 120x20
                    LayoutDetailsMarker {DIV} at (109.45,4.45) size 10.55x10.55: left
                    LayoutText {#text} at (49,0) size 55x19
                      text run at (49,0) width 55: "summary"
                LayoutBlockFlow {DETAILS} at (0,20) size 120x20
                  LayoutBlockFlow {SUMMARY} at (0,0) size 120x20
                    LayoutDetailsMarker {DIV} at (109.45,4.45) size 10.55x10.55: down
                    LayoutText {#text} at (49,0) size 55x19
                      text run at (49,0) width 55: "summary"
                  LayoutBlockFlow {DIV} at (0,20) size 120x0
            LayoutTableCell {TD} at (229,230) size 124x124 [border: (1px solid #000000)] [r=4 c=3 rs=1 cs=1]
              LayoutBlockFlow {DIV} at (2,2) size 120x120
                LayoutBlockFlow {DETAILS} at (0,0) size 20x120
                  LayoutBlockFlow {SUMMARY} at (0,0) size 20x120
                    LayoutDetailsMarker {DIV} at (3.73,109.45) size 10.55x10.55: up
                    LayoutText {#text} at (0,49) size 19x55
                      text run at (0,49) width 54: "summary"
                LayoutBlockFlow {DETAILS} at (20,0) size 20x120
                  LayoutBlockFlow {SUMMARY} at (0,0) size 20x120
                    LayoutDetailsMarker {DIV} at (3.73,109.45) size 10.55x10.55: right
                    LayoutText {#text} at (0,49) size 19x55
                      text run at (0,49) width 54: "summary"
                  LayoutBlockFlow {DIV} at (20,0) size 0x120
            LayoutTableCell {TD} at (355,230) size 124x124 [border: (1px solid #000000)] [r=4 c=4 rs=1 cs=1]
              LayoutBlockFlow {DIV} at (2,2) size 120x120
                LayoutBlockFlow {DETAILS} at (0,0) size 20x120
                  LayoutBlockFlow {SUMMARY} at (0,0) size 20x120
                    LayoutDetailsMarker {DIV} at (4.72,109.45) size 10.55x10.55: up
                    LayoutText {#text} at (0,49) size 19x55
                      text run at (0,49) width 54: "summary"
                LayoutBlockFlow {DETAILS} at (20,0) size 20x120
                  LayoutBlockFlow {SUMMARY} at (0,0) size 20x120
                    LayoutDetailsMarker {DIV} at (4.72,109.45) size 10.55x10.55: left
                    LayoutText {#text} at (0,49) size 19x55
                      text run at (0,49) width 54: "summary"
                  LayoutBlockFlow {DIV} at (20,0) size 0x120
