layer at (0,0) size 800x600
  LayoutView at (0,0) size 800x600
layer at (0,0) size 800x471
  LayoutBlockFlow {HTML} at (0,0) size 800x470.88
    LayoutBlockFlow {BODY} at (8,8) size 784x454.88
      LayoutBlockFlow {DIV} at (0,0) size 784x86.83
        LayoutBlockFlow {DETAILS} at (0,0) size 784x86.83
          LayoutBlockFlow {SUMMARY} at (0,0) size 784x86.83
            LayoutDetailsMarker {DIV} at (0,0) size 111.83x79.83 [border: (8px solid #00FF00) (16px solid #00FF00) (24px solid #00FF00) (32px solid #00FF00)]: right
            LayoutText {#text} at (121,58) size 92x28
              text run at (121,58) width 92: "Summary"
      LayoutBlockFlow {DIV} at (0,86.83) size 118.83x180.44
        LayoutBlockFlow {DETAILS} at (0,0) size 118.83x180.44
          LayoutBlockFlow {SUMMARY} at (0,0) size 118.83x180.44
            LayoutDetailsMarker {DIV} at (0,0) size 111.83x79.83 [border: (8px solid #00FF00) (16px solid #00FF00) (24px solid #00FF00) (32px solid #00FF00)]: down
            LayoutText {#text} at (90,89) size 28x92
              text run at (90,89) width 92: "Summary"
      LayoutBlockFlow {DIV} at (0,267.27) size 784x47
        LayoutBlockFlow {DETAILS} at (0,0) size 784x47
          LayoutBlockFlow {SUMMARY} at (0,0) size 784x47
            LayoutDetailsMarker {DIV} at (0,0) size 64x40 [border: (8px solid #00FF00)]: right
            LayoutText {#text} at (73,19) size 92x27
              text run at (73,19) width 92: "Summary"
      LayoutBlockFlow {DIV} at (0,314.27) size 71x140.61
        LayoutBlockFlow {DETAILS} at (0,0) size 71x140.61
          LayoutBlockFlow {SUMMARY} at (0,0) size 71x140.61
            LayoutDetailsMarker {DIV} at (0,0) size 64x40 [border: (8px solid #00FF00)]: down
            LayoutText {#text} at (43,49) size 27x92
              text run at (43,49) width 91: "Summary"
