layer at (0,0) size 800x600
  LayoutView at (0,0) size 800x600
layer at (0,0) size 800x319
  LayoutBlockFlow {HTML} at (0,0) size 800x319
    LayoutBlockFlow {BODY} at (8,16) size 784x288
      LayoutBlockFlow {P} at (0,0) size 784x36
        LayoutText {#text} at (0,0) size 761x36
          text run at (0,0) width 391: "Change your window size. However the lines wrap, the blue "
          text run at (390,0) width 371: "rectanglues should always have their middles on the same"
          text run at (0,18) width 86: "alignment as "
          text run at (85,18) width 210: "other blue rectangles on the line."
      LayoutBlockFlow {P} at (15,52) size 754x236 [color=#0000FF] [bgcolor=#FFFFFF] [border: (1px solid #C0C0C0)]
        LayoutText {#text} at (8,34) size 61x16
          text run at (8,34) width 61: "\x{C9}\x{C9}\x{C9} "
        LayoutImage {IMG} at (68.50,25.50) size 30x30
        LayoutText {#text} at (98,34) size 16x16
          text run at (98,34) width 16: " "
        LayoutInline {SPAN} at (0,0) size 113x39 [color=#C0C0C0]
          LayoutText {#text} at (113,16) size 113x39
            text run at (113,16) width 113: "xxx"
        LayoutText {#text} at (226,34) size 15x16
          text run at (226,34) width 15: " "
        LayoutImage {IMG} at (241,15.50) size 50x50
        LayoutText {#text} at (291,34) size 75x16
          text run at (291,34) width 15: " "
          text run at (306,34) width 60: "\x{C9}\x{C9}\x{C9} "
        LayoutImage {IMG} at (366,35.50) size 10x10
        LayoutText {#text} at (376,34) size 15x16
          text run at (376,34) width 15: " "
        LayoutInline {SMALL} at (0,0) size 30x11 [color=#C0C0C0]
          LayoutText {#text} at (391,38) size 30x11
            text run at (391,38) width 30: "xxx"
        LayoutText {#text} at (421,34) size 15x16
          text run at (421,34) width 15: " "
        LayoutImage {IMG} at (436,30.50) size 20x20
        LayoutText {#text} at (456,34) size 75x16
          text run at (456,34) width 15: " "
          text run at (471,34) width 60: "\x{C9}\x{C9}\x{C9} "
        LayoutImage {IMG} at (531,8.50) size 65x65
        LayoutText {#text} at (596,34) size 75x16
          text run at (596,34) width 15: " "
          text run at (611,34) width 60: "\x{C9}\x{C9}\x{C9} "
        LayoutImage {IMG} at (671,23.50) size 35x35
        LayoutText {#text} at (0,0) size 0x0
        LayoutInline {SPAN} at (0,0) size 91x31 [color=#C0C0C0]
          LayoutText {#text} at (8,94) size 91x31
            text run at (8,94) width 91: "xxx"
        LayoutText {#text} at (98,106) size 16x16
          text run at (98,106) width 16: " "
        LayoutImage {IMG} at (113.50,87.50) size 50x50
        LayoutText {#text} at (163,106) size 16x16
          text run at (163,106) width 16: " "
        LayoutInline {SPAN} at (0,0) size 350x24 [color=#C0C0C0]
          LayoutText {#text} at (178,100) size 91x24
            text run at (178,100) width 91: "xxx "
          LayoutInline {SPAN} at (0,0) size 170x57
            LayoutText {#text} at (268,73) size 170x57
              text run at (268,73) width 170: "xxx"
          LayoutText {#text} at (437,100) size 91x24
            text run at (437,100) width 91: " xxx"
        LayoutText {#text} at (527,106) size 16x16
          text run at (527,106) width 16: " "
        LayoutImage {IMG} at (542.25,87.50) size 50x50
        LayoutText {#text} at (592,106) size 16x16
          text run at (592,106) width 16: " "
        LayoutInline {SMALL} at (0,0) size 31x11 [color=#C0C0C0]
          LayoutText {#text} at (607,110) size 31x11
            text run at (607,110) width 31: "xxx"
        LayoutText {#text} at (637,106) size 16x16
          text run at (637,106) width 16: " "
        LayoutImage {IMG} at (652.25,105.50) size 15x15
        LayoutText {#text} at (667,106) size 16x16
          text run at (667,106) width 16: " "
        LayoutInline {BIG} at (0,0) size 61x21 [color=#C0C0C0]
          LayoutText {#text} at (682,102) size 61x21
            text run at (682,102) width 61: "xxx"
        LayoutText {#text} at (0,0) size 0x0
        LayoutImage {IMG} at (8.50,137.50) size 90x90
        LayoutText {#text} at (98,176) size 61x16
          text run at (98,176) width 16: " "
          text run at (113,176) width 46: "\x{C9}\x{C9}\x{C9}"
