layer at (0,0) size 800x600
  LayoutView at (0,0) size 800x600
layer at (0,0) size 800x355
  LayoutBlockFlow {HTML} at (0,0) size 800x355
    LayoutBlockFlow {BODY} at (8,16) size 784x324
      LayoutBlockFlow {P} at (0,0) size 784x36
        LayoutText {#text} at (0,0) size 737x36
          text run at (0,0) width 391: "Change your window size. However the lines wrap, the blue "
          text run at (390,0) width 347: "rectanglues should always have their tops on the same"
          text run at (0,18) width 86: "alignment as "
          text run at (85,18) width 210: "other blue rectangles on the line."
      LayoutBlockFlow {P} at (15,52) size 754x272 [color=#0000FF] [bgcolor=#FFFFFF] [border: (1px solid #C0C0C0)]
        LayoutText {#text} at (8,25) size 61x16
          text run at (8,25) width 61: "xxx "
        LayoutImage {IMG} at (68.50,25.50) size 30x30
        LayoutText {#text} at (98,25) size 16x16
          text run at (98,25) width 16: " "
        LayoutInline {SPAN} at (0,0) size 113x39 [color=#C0C0C0]
          LayoutText {#text} at (113,7) size 113x39
            text run at (113,7) width 113: "xxx"
        LayoutText {#text} at (226,25) size 15x16
          text run at (226,25) width 15: " "
        LayoutImage {IMG} at (241,25.50) size 50x50
        LayoutText {#text} at (291,25) size 15x16
          text run at (291,25) width 15: " "
        LayoutInline {BIG} at (0,0) size 60x21 [color=#C0C0C0]
          LayoutText {#text} at (306,21) size 60x21
            text run at (306,21) width 60: "xxx"
        LayoutText {#text} at (366,25) size 15x16
          text run at (366,25) width 15: " "
        LayoutImage {IMG} at (381,25.50) size 10x10
        LayoutText {#text} at (391,25) size 15x16
          text run at (391,25) width 15: " "
        LayoutInline {SMALL} at (0,0) size 30x11 [color=#C0C0C0]
          LayoutText {#text} at (406,29) size 30x11
            text run at (406,29) width 30: "xxx"
        LayoutText {#text} at (436,25) size 15x16
          text run at (436,25) width 15: " "
        LayoutImage {IMG} at (451,25.50) size 20x20
        LayoutText {#text} at (471,25) size 75x16
          text run at (471,25) width 15: " "
          text run at (486,25) width 60: "xxx "
        LayoutImage {IMG} at (546,25.50) size 65x65
        LayoutText {#text} at (611,25) size 15x16
          text run at (611,25) width 15: " "
        LayoutInline {SPAN} at (0,0) size 90x31 [color=#C0C0C0]
          LayoutText {#text} at (626,13) size 90x31
            text run at (626,13) width 90: "xxx"
        LayoutText {#text} at (0,0) size 0x0
        LayoutImage {IMG} at (8.50,123.50) size 35x35
        LayoutText {#text} at (43,123) size 76x16
          text run at (43,123) width 16: " "
          text run at (58,123) width 61: "xxx "
        LayoutImage {IMG} at (118.50,123.50) size 30x30
        LayoutText {#text} at (148,123) size 16x16
          text run at (148,123) width 16: " "
        LayoutInline {SPAN} at (0,0) size 350x24 [color=#C0C0C0]
          LayoutText {#text} at (163,117) size 91x24
            text run at (163,117) width 91: "xxx "
          LayoutInline {SPAN} at (0,0) size 170x57
            LayoutText {#text} at (253,90) size 170x57
              text run at (253,90) width 170: "xxx"
          LayoutText {#text} at (422,117) size 91x24
            text run at (422,117) width 91: " xxx"
        LayoutText {#text} at (512,123) size 16x16
          text run at (512,123) width 16: " "
        LayoutImage {IMG} at (527.25,123.50) size 50x50
        LayoutText {#text} at (577,123) size 16x16
          text run at (577,123) width 16: " "
        LayoutInline {SMALL} at (0,0) size 31x11 [color=#C0C0C0]
          LayoutText {#text} at (592,127) size 31x11
            text run at (592,127) width 31: "xxx"
        LayoutText {#text} at (622,123) size 16x16
          text run at (622,123) width 16: " "
        LayoutImage {IMG} at (637.25,123.50) size 15x15
        LayoutText {#text} at (652,123) size 16x16
          text run at (652,123) width 16: " "
        LayoutInline {BIG} at (0,0) size 61x21 [color=#C0C0C0]
          LayoutText {#text} at (667,119) size 61x21
            text run at (667,119) width 61: "xxx"
        LayoutText {#text} at (0,0) size 0x0
        LayoutImage {IMG} at (8.50,173.50) size 90x90
        LayoutText {#text} at (98,173) size 61x16
          text run at (98,173) width 16: " "
          text run at (113,173) width 46: "xxx"
