layer at (0,0) size 800x600
  LayoutView at (0,0) size 800x600
layer at (0,0) size 800x600
  LayoutBlockFlow {HTML} at (0,0) size 800x600
    LayoutBlockFlow {BODY} at (8,8) size 784x579
      LayoutBlockFlow {P} at (0,0) size 784x36
        LayoutInline {A} at (0,0) size 63x18 [color=#0000EE]
          LayoutText {#text} at (0,0) size 63x18
            text run at (0,0) width 63: "Bug 5656"
        LayoutText {#text} at (62,0) size 780x36
          text run at (62,0) width 718: " tests whether buttons force a white-space mode or not. These tests will only pass if the white-space mode is not"
          text run at (0,18) width 175: "forced and if it is inherited."
      LayoutBlockFlow {DIV} at (0,52) size 784x18
        LayoutText {#text} at (0,0) size 365x18
          text run at (0,0) width 365: "Buttons should appear next to each other in a single row:"
      LayoutTable {TABLE} at (0,70) size 185x25
        LayoutTableSection {TBODY} at (0,0) size 185x25
          LayoutTableRow {TR} at (0,2) size 185x21
            LayoutTableCell {TD} at (2,2) size 181x21 [r=0 c=0 rs=1 cs=1]
              LayoutButton {BUTTON} at (1,2) size 76.36x18 [bgcolor=#FFFFFF] [border: (1px solid #D8D8D8) (1px solid #D1D1D1) (1px solid #BABABA) (1px solid #D1D1D1)]
                LayoutBlockFlow (anonymous) at (8,2) size 60.36x13
                  LayoutText {#text} at (0,0) size 61x13
                    text run at (0,0) width 61: "Search Mail"
              LayoutText {#text} at (77,1) size 5x18
                text run at (77,1) width 5: " "
              LayoutButton {BUTTON} at (81.36,2) size 98.25x18 [bgcolor=#FFFFFF] [border: (1px solid #D8D8D8) (1px solid #D1D1D1) (1px solid #BABABA) (1px solid #D1D1D1)]
                LayoutBlockFlow (anonymous) at (8,2) size 82.25x13
                  LayoutText {#text} at (0,0) size 83x13
                    text run at (0,0) width 83: "Search the Web"
              LayoutText {#text} at (0,0) size 0x0
      LayoutBlockFlow {DIV} at (0,95) size 784x18
        LayoutText {#text} at (0,0) size 193x18
          text run at (0,0) width 193: "Buttons should look identical:"
      LayoutBlockFlow {DIV} at (0,113) size 784x18
        LayoutButton {BUTTON} at (0,0) size 73.02x18 [bgcolor=#FFFFFF] [border: (1px solid #D8D8D8) (1px solid #D1D1D1) (1px solid #BABABA) (1px solid #D1D1D1)]
          LayoutBlockFlow (anonymous) at (8,2) size 57.02x13
            LayoutText {#text} at (0,0) size 57x13
              text run at (0,0) width 57: "test button"
      LayoutBlockFlow {DIV} at (0,131) size 784x18
        LayoutButton {BUTTON} at (0,0) size 73.02x18 [bgcolor=#FFFFFF] [border: (1px solid #D8D8D8) (1px solid #D1D1D1) (1px solid #BABABA) (1px solid #D1D1D1)]
          LayoutBlockFlow (anonymous) at (8,2) size 57.02x13
            LayoutText {#text} at (0,0) size 57x13
              text run at (0,0) width 23: "test "
              text run at (23,0) width 34: "button"
      LayoutBlockFlow {DIV} at (0,149) size 784x18
        LayoutText {#text} at (0,0) size 353x18
          text run at (0,0) width 353: "Buttons should look identical (ignore vertical spacing):"
      LayoutBlockFlow {DIV} at (0,167) size 784x18
        LayoutButton {BUTTON} at (0,0) size 88.55x18 [bgcolor=#FFFFFF] [border: (1px solid #D8D8D8) (1px solid #D1D1D1) (1px solid #BABABA) (1px solid #D1D1D1)]
          LayoutBlockFlow (anonymous) at (8,2) size 72.55x13
            LayoutText {#text} at (0,0) size 73x13
              text run at (0,0) width 73: "  test  button  "
      LayoutBlockFlow {DIV} at (0,185) size 784x18
        LayoutButton {BUTTON} at (0,0) size 88.55x18 [bgcolor=#FFFFFF] [border: (1px solid #D8D8D8) (1px solid #D1D1D1) (1px solid #BABABA) (1px solid #D1D1D1)]
          LayoutBlockFlow (anonymous) at (8,2) size 72.55x13
            LayoutText {#text} at (0,0) size 73x13
              text run at (0,0) width 73: "  test  button  "
      LayoutBlockFlow {DIV} at (0,216) size 784x18
        LayoutBlockFlow {PRE} at (0,0) size 784x18
          LayoutButton {BUTTON} at (0,0) size 88.55x18 [bgcolor=#FFFFFF] [border: (1px solid #D8D8D8) (1px solid #D1D1D1) (1px solid #BABABA) (1px solid #D1D1D1)]
            LayoutBlockFlow (anonymous) at (8,2) size 72.55x13
              LayoutText {#text} at (0,0) size 73x13
                text run at (0,0) width 73: "  test  button  "
