layer at (0,0) size 800x600
  LayoutView at (0,0) size 800x600
layer at (0,0) size 800x50
  LayoutBlockFlow {html} at (0,0) size 800x50
    LayoutBlockFlow (anonymous) at (0,0) size 800x0
      LayoutInline {bogus} at (0,0) size 0x0
    LayoutBlockFlow (anonymous) at (0,16) size 800x18
      LayoutBlockFlow {body} at (8,0) size 784x18
        LayoutBlockFlow {p} at (0,0) size 784x18
          LayoutText {#text} at (0,0) size 340x18
            text run at (0,0) width 340: "This line should be green and there should be no red."
    LayoutBlockFlow (anonymous) at (0,50) size 800x0
      LayoutInline {bogus} at (0,0) size 0x0
