layer at (0,0) size 800x600
  LayoutView at (0,0) size 800x600
layer at (0,0) size 800x0
  LayoutBlockFlow {html} at (0,0) size 800x0
layer at (0,0) size 800x20
  LayoutBlockFlow (positioned) {head} at (0,0) size 800x20
layer at (0,0) size 800x20
  LayoutBlockFlow (positioned) {body} at (0,0) size 800x20 [color=#000080]
    LayoutBlockFlow {p} at (0,0) size 800x18
      LayoutText {#text} at (0,0) size 280x18
        text run at (0,0) width 280: "This line should have a yellow background."
