layer at (0,0) size 800x600 scrollHeight 2361
  LayoutView at (0,0) size 1046x799
layer at (0,0) size 1046x2361 backgroundClip at (0,0) size 800x600 clip at (0,0) size 800x600
  LayoutBlockFlow {HTML} at (0,0) size 1046x2361
    LayoutBlockFlow {BODY} at (8,8) size 1030x2345
      LayoutTable {TABLE} at (0,0) size 138x2345
        LayoutTableSection {THEAD} at (0,0) size 138x102
          LayoutTableRow {TR} at (0,0) size 138x102
            LayoutTableCell {TH} at (0,40) size 138x22 [r=0 c=0 rs=1 cs=1]
              LayoutText {#text} at (10,1) size 118x19
                text run at (10,1) width 118: "First level header"
        LayoutTableSection {TBODY} at (0,102) size 138x2243
          LayoutTableRow {TR} at (0,0) size 138x2243
            LayoutTableCell {TD} at (0,0) size 138x2243 [r=0 c=0 rs=1 cs=1]
              LayoutTable {TABLE} at (1,1) size 136x2241
                LayoutTableSection {THEAD} at (0,0) size 136x102
                  LayoutTableRow {TR} at (0,0) size 136x102
                    LayoutTableCell {TH} at (0,40) size 136x22 [r=0 c=0 rs=1 cs=1]
                      LayoutText {#text} at (1,1) size 134x19
                        text run at (1,1) width 134: "Second level header"
                LayoutTableSection {TBODY} at (0,102) size 136x2139
                  LayoutTableRow {TR} at (0,0) size 136x550
                    LayoutTableCell {TD} at (0,265) size 136x20 [r=0 c=0 rs=1 cs=1]
                      LayoutText {#text} at (0,0) size 35x19
                        text run at (0,0) width 35: "Body"
                  LayoutTableRow {TR} at (0,790) size 136x550
                    LayoutTableCell {TD} at (0,1055) size 136x20 [r=1 c=0 rs=1 cs=1]
                      LayoutText {#text} at (0,0) size 35x19
                        text run at (0,0) width 35: "Body"
                  LayoutTableRow {TR} at (0,1589) size 136x550
                    LayoutTableCell {TD} at (0,1854) size 136x20 [r=2 c=0 rs=1 cs=1]
                      LayoutText {#text} at (0,0) size 35x19
                        text run at (0,0) width 35: "Body"
