layer at (0,0) size 800x600
  LayoutView at (0,0) size 800x600
layer at (0,0) size 800x403
  LayoutBlockFlow {html} at (0,0) size 800x402.63
    LayoutBlockFlow {body} at (11.52,11.52) size 776.97x379.59
      LayoutBlockFlow {p} at (0,0) size 776.97x27 [color=#000080]
        LayoutText {#text} at (0,0) size 664x26
          text run at (0,0) width 664: "The word \"TEST \" should appear twice below, the same size each time."
      LayoutBlockFlow (anonymous) at (0,27) size 776.97x179.80
        LayoutSVGRoot {svg} at (0,0) size 576x172.80
          LayoutSVGRect {rect} at (0,0) size 60x12 [transform={m=((10.00,0.00)(0.00,10.00)) t=(0.00,0.00)}] [fill={[type=SOLID] [color=#EEEEEE]}] [x=0.00] [y=0.00] [width=60.00] [height=12.00]
          LayoutSVGForeignObject {foreignObject} at (0,0) size 60x10
            LayoutBlockFlow {div} at (0,0) size 60x12 [color=#000080]
              LayoutText {#text} at (0,0) size 24x12
                text run at (0,0) width 24: "TEST"
        LayoutText {#text} at (0,0) size 0x0
      LayoutBlockFlow {div} at (0,206.80) size 576x172.80 [color=#000080] [bgcolor=#EEEEEE]
        LayoutText {#text} at (0,3) size 344x164
          text run at (0,3) width 344: "TEST"
