layer at (0,0) size 800x600
  LayoutView at (0,0) size 800x600
layer at (0,0) size 800x205
  LayoutBlockFlow {html} at (0,0) size 800x205.09
    LayoutBlockFlow {body} at (5.55,5.55) size 788.91x194
      LayoutTable {table} at (141.45,0) size 506x194
        LayoutTableSection (anonymous) at (0,0) size 506x194
          LayoutTableRow {tr} at (0,0) size 506x194
            LayoutTableCell {td} at (0,0) size 506x193.88 [r=0 c=0 rs=1 cs=3]
              LayoutTable {table} at (7,6.94) size 492x180
                LayoutTableSection (anonymous) at (0,0) size 492x180
                  LayoutTableRow {tr} at (0,1) size 492x67
                    LayoutTableCell {td} at (1,1) size 490x66.84 [r=0 c=0 rs=1 cs=2]
                      LayoutBlockFlow {h1} at (5.55,20.42) size 478.91x26
                        LayoutText {#text} at (0,0) size 479x25
                          text run at (0,0) width 479: "Both sides should have identical size after zooming"
                  LayoutTableRow {tr} at (0,69) size 492x25
                    LayoutTableCell {td} at (1,69) size 244x25.09 [r=1 c=0 rs=1 cs=1]
                      LayoutText {#text} at (95,5) size 54x15
                        text run at (95,5) width 54: "SVG Image"
                    LayoutTableCell {td} at (246,69) size 245x25.09 [r=1 c=1 rs=1 cs=1]
                      LayoutText {#text} at (95,5) size 55x15
                        text run at (95,5) width 55: "PNG Image"
                  LayoutTableRow {tr} at (0,95) size 492x84
                    LayoutTableCell {td} at (1,95) size 244x83.53 [r=2 c=0 rs=1 cs=1]
                      LayoutText {#text} at (0,0) size 0x0
                    LayoutTableCell {td} at (246,95) size 245x83.53 [r=2 c=1 rs=1 cs=1]
                      LayoutImage {img} at (5.55,5.55) size 138.88x69.44
                      LayoutText {#text} at (0,0) size 0x0
layer at (255,113) size 138x69
  LayoutEmbeddedObject {object} at (99.58,5.55) size 138.88x69.44
    layer at (0,0) size 139x69
      LayoutView at (0,0) size 139x69
    layer at (0,0) size 139x69
      LayoutSVGRoot {svg} at (0,0) size 139x69
        LayoutSVGContainer {g} at (30,46) size 370x230
          LayoutSVGRect {rect} at (30,46) size 50x80 [stroke={[type=SOLID] [color=#000000]}] [x=30.00] [y=46.00] [width=50.00] [height=80.00]
          LayoutSVGRect {rect} at (130,46) size 50x80 [fill={[type=SOLID] [color=#FF0000]}] [x=130.00] [y=46.00] [width=50.00] [height=80.00]
          LayoutSVGRect {rect} at (250,46) size 50x80 [stroke={[type=SOLID] [color=#000000]}] [x=250.00] [y=46.00] [width=50.00] [height=80.00]
          LayoutSVGRect {rect} at (350,46) size 50x80 [fill={[type=SOLID] [color=#FF0000]}] [x=350.00] [y=46.00] [width=50.00] [height=80.00]
          LayoutSVGRect {rect} at (30,196) size 50x80 [stroke={[type=SOLID] [color=#0000FF] [stroke width=8.00]}] [x=30.00] [y=196.00] [width=50.00] [height=80.00]
          LayoutSVGRect {rect} at (130,196) size 50x80 [stroke={[type=SOLID] [color=#0000FF] [stroke width=8.00]}] [fill={[type=SOLID] [color=#00FF00]}] [x=130.00] [y=196.00] [width=50.00] [height=80.00]
          LayoutSVGRect {rect} at (250,196) size 50x80 [stroke={[type=SOLID] [color=#0000FF] [stroke width=8.00]}] [x=250.00] [y=196.00] [width=50.00] [height=80.00]
          LayoutSVGRect {rect} at (350,196) size 50x80 [fill={[type=SOLID] [color=#00FF00]}] [x=350.00] [y=196.00] [width=50.00] [height=80.00]
        LayoutSVGText {text} at (10,298.25) size 271.30x52.17 contains 1 chunk(s)
          LayoutSVGInlineText {#text} at (10,298.25) size 271.30x52.17
            chunk 1 text run 1 at (10.00,340.00) startOffset 0 endOffset 16 width 271.30: "$Revision: 1.7 $"
        LayoutSVGRect {rect} at (1,1) size 478x358 [stroke={[type=SOLID] [color=#000000]}] [x=1.00] [y=1.00] [width=478.00] [height=358.00]
