layer at (0,0) size 800x600
  LayoutView at (0,0) size 800x600
layer at (0,0) size 800x353
  LayoutBlockFlow {html} at (0,0) size 800x353.20
    LayoutBlockFlow {body} at (5.55,11.11) size 788.91x330.98
      LayoutBlockFlow {p} at (0,0) size 788.91x14
        LayoutText {#text} at (0,0) size 89x14
          text run at (0,0) width 89: "Text above the rect"
      LayoutBlockFlow (anonymous) at (0,25.11) size 788.91x280.77
        LayoutText {#text} at (0,0) size 0x0
      LayoutBlockFlow {p} at (0,316.98) size 788.91x14
        LayoutText {#text} at (0,0) size 89x14
          text run at (0,0) width 89: "Text below the rect"
layer at (6,36) size 278x278
  LayoutEmbeddedObject {object} at (0,0) size 277.77x277.77
    layer at (0,0) size 278x278
      LayoutView at (0,0) size 278x278
    layer at (0,0) size 278x278
      LayoutSVGRoot {svg} at (0,0) size 278x278
        LayoutSVGRect {rect} at (0,0) size 100x100 [stroke={[type=SOLID] [color=#008000] [stroke width=5.00]}] [fill={[type=SOLID] [color=#0000FF]}] [x=0.00] [y=0.00] [width=100.00] [height=100.00]
