layer at (0,0) size 800x600
  LayoutView at (0,0) size 800x600
layer at (0,0) size 800x380
  LayoutBlockFlow {html} at (0,0) size 800x380.09
    LayoutBlockFlow {body} at (5.55,5.55) size 788.91x369
      LayoutTable {table} at (42.95,0) size 703x369
        LayoutTableSection (anonymous) at (0,0) size 703x369
          LayoutTableRow {tr} at (0,0) size 703x369
            LayoutTableCell {td} at (0,0) size 703x369 [r=0 c=0 rs=1 cs=3]
              LayoutTable {table} at (6,6) size 691x357
                LayoutTableSection (anonymous) at (0,0) size 691x357
                  LayoutTableRow {tr} at (0,1) size 691x66
                    LayoutTableCell {td} at (1,1) size 689x65.75 [r=0 c=0 rs=1 cs=2]
                      LayoutBlockFlow {h1} at (5,19.88) size 679x26
                        LayoutText {#text} at (100,0) size 479x25
                          text run at (100,0) width 479: "Both sides should have identical size after zooming"
                  LayoutTableRow {tr} at (0,68) size 691x24
                    LayoutTableCell {td} at (1,68) size 344x24 [r=1 c=0 rs=1 cs=1]
                      LayoutText {#text} at (145,5) size 54x14
                        text run at (145,5) width 54: "SVG Image"
                    LayoutTableCell {td} at (346,68) size 344x24 [r=1 c=1 rs=1 cs=1]
                      LayoutText {#text} at (145,5) size 54x14
                        text run at (145,5) width 54: "PNG Image"
                  LayoutTableRow {tr} at (0,93) size 691x263
                    LayoutTableCell {td} at (1,93) size 344x262.98 [r=2 c=0 rs=1 cs=1]
                      LayoutText {#text} at (0,0) size 0x0
                    LayoutTableCell {td} at (346,93) size 344x262.97 [r=2 c=1 rs=1 cs=1]
                      LayoutImage {img} at (5,5) size 333.33x249.97
                      LayoutText {#text} at (0,0) size 0x0
layer at (61,110) size 333x250
  LayoutEmbeddedObject {object} at (5.67,5) size 333.33x249.98
    layer at (0,0) size 333x250
      LayoutView at (0,0) size 333x250
    layer at (0,0) size 333x250
      LayoutSVGRoot {svg} at (0,0) size 333x250
        LayoutSVGContainer {g} at (30,46) size 370x230
          LayoutSVGRect {rect} at (30,46) size 50x80 [stroke={[type=SOLID] [color=#000000]}] [x=30.00] [y=46.00] [width=50.00] [height=80.00]
          LayoutSVGRect {rect} at (130,46) size 50x80 [fill={[type=SOLID] [color=#FF0000]}] [x=130.00] [y=46.00] [width=50.00] [height=80.00]
          LayoutSVGRect {rect} at (250,46) size 50x80 [stroke={[type=SOLID] [color=#000000]}] [x=250.00] [y=46.00] [width=50.00] [height=80.00]
          LayoutSVGRect {rect} at (350,46) size 50x80 [fill={[type=SOLID] [color=#FF0000]}] [x=350.00] [y=46.00] [width=50.00] [height=80.00]
          LayoutSVGRect {rect} at (30,196) size 50x80 [stroke={[type=SOLID] [color=#0000FF] [stroke width=8.00]}] [x=30.00] [y=196.00] [width=50.00] [height=80.00]
          LayoutSVGRect {rect} at (130,196) size 50x80 [stroke={[type=SOLID] [color=#0000FF] [stroke width=8.00]}] [fill={[type=SOLID] [color=#00FF00]}] [x=130.00] [y=196.00] [width=50.00] [height=80.00]
          LayoutSVGRect {rect} at (250,196) size 50x80 [stroke={[type=SOLID] [color=#0000FF] [stroke width=8.00]}] [x=250.00] [y=196.00] [width=50.00] [height=80.00]
          LayoutSVGRect {rect} at (350,196) size 50x80 [fill={[type=SOLID] [color=#00FF00]}] [x=350.00] [y=196.00] [width=50.00] [height=80.00]
        LayoutSVGText {text} at (10,302.52) size 266.66x47.56 contains 1 chunk(s)
          LayoutSVGInlineText {#text} at (10,302.52) size 266.66x47.56
            chunk 1 text run 1 at (10.00,340.00) startOffset 0 endOffset 16 width 266.67: "$Revision: 1.7 $"
        LayoutSVGRect {rect} at (1,1) size 478x358 [stroke={[type=SOLID] [color=#000000]}] [x=1.00] [y=1.00] [width=478.00] [height=358.00]
