layer at (0,0) size 800x600
  LayoutView at (0,0) size 800x600
layer at (0,0) size 800x600
  LayoutBlockFlow {HTML} at (0,0) size 800x600
    LayoutBlockFlow {BODY} at (8,8) size 784x584
      LayoutBlockFlow {DIV} at (0,0) size 784x20
        LayoutText {#text} at (0,0) size 0x0
layer at (108,8) size 35x19
  LayoutInline (relative positioned) {SPAN} at (0,0) size 35x19
    LayoutText {#text} at (0,0) size 35x19
      text run at (0,0) width 35: "Hello"
    LayoutText {#text} at (0,0) size 0x0
layer at (158,58) size 35x20
  LayoutBlockFlow (positioned) {DIV} at (50,50) size 35x20 [color=#FFFFFF] [bgcolor=#008000]
    LayoutText {#text} at (0,0) size 35x19
      text run at (0,0) width 35: "Hello"
