layer at (0,0) size 800x600
  LayoutView at (0,0) size 800x600
layer at (0,0) size 800x600
  LayoutBlockFlow {HTML} at (0,0) size 800x600
    LayoutBlockFlow {BODY} at (8,8) size 784x584
      LayoutBlockFlow {DIV} at (0,0) size 770x94 [bgcolor=#000000]
layer at (8,8) size 770x94
  LayoutBlockFlow (relative positioned) {DIV} at (0,0) size 770x94 [bgcolor=#FF0000]
    LayoutTable {TABLE} at (0,0) size 96x74
      LayoutTableSection {TBODY} at (0,0) size 96x74
        LayoutTableRow {TR} at (0,2) size 96x22
          LayoutTableCell {TD} at (2,2) size 92x22 [r=0 c=0 rs=1 cs=1]
            LayoutText {#text} at (1,1) size 90x19
              text run at (1,1) width 90: "Some content."
        LayoutTableRow {TR} at (0,26) size 96x22
          LayoutTableCell {TD} at (2,26) size 92x22 [r=1 c=0 rs=1 cs=1]
            LayoutText {#text} at (1,1) size 86x19
              text run at (1,1) width 86: "more content."
        LayoutTableRow {TR} at (0,50) size 96x22
          LayoutTableCell {TD} at (2,50) size 92x22 [r=2 c=0 rs=1 cs=1]
            LayoutText {#text} at (1,1) size 70x19
              text run at (1,1) width 70: "even more."
    LayoutBlockFlow {DIV} at (0,74) size 770x20 [color=#FFFFFF] [bgcolor=#008000]
      LayoutText {#text} at (0,0) size 152x19
        text run at (0,0) width 152: "Hello. Here I am below."
