layer at (0,0) size 800x600
  LayoutView at (0,0) size 800x600
layer at (0,0) size 800x600
  LayoutBlockFlow {HTML} at (0,0) size 800x600
    LayoutBlockFlow {BODY} at (8,8) size 784x576
      LayoutBlockFlow {P} at (0,0) size 784x20
        LayoutText {#text} at (0,0) size 95x19
          text run at (0,0) width 95: "First paragraph"
      LayoutBlockFlow {P} at (0,36) size 784x40
        LayoutText {#text} at (0,0) size 228x19
          text run at (0,0) width 228: "Here is some regular paragraph text "
        LayoutText {#text} at (27,20) size 103x19
          text run at (27,20) width 103: "Some more text."
      LayoutBlockFlow {P} at (0,92) size 784x20
        LayoutText {#text} at (0,0) size 533x19
          text run at (0,0) width 533: "The image gets erroneously positioned to the top/left corner of the paragraph instead."
layer at (8,44) size 782x39
  LayoutInline (relative positioned) {SPAN} at (0,0) size 782x39 [bgcolor=#90EE90]
    LayoutText {#text} at (228,0) size 782x39
      text run at (228,0) width 554: "The image (found or not) should be positioned at the top/left corner of this green-shaded"
      text run at (0,20) width 27: "text "
    LayoutText {#text} at (0,0) size 0x0
layer at (236,44) size 42x42
  LayoutBlockFlow (positioned) {IMG} at (0,0) size 42x42 [border: (1px solid #000000)]
    LayoutBlockFlow {SPAN} at (1,1) size 40x40 [border: (1px solid #C0C0C0)]
      LayoutImage (floating) {IMG} at (2,2) size 16x16
      LayoutInline {SPAN} at (0,0) size 0x0
