layer at (0,0) size 800x600
  LayoutView at (0,0) size 800x600
layer at (0,0) size 800x0
  LayoutBlockFlow {HTML} at (0,0) size 800x0
layer at (8,8) size 784x60
  LayoutBlockFlow (positioned) {BODY} at (8,8) size 784x60
    LayoutBlockFlow {DIV} at (0,0) size 784x60
      LayoutText {#text} at (0,0) size 129x19
        text run at (0,0) width 129: "You should see two "
      LayoutInline {I} at (0,0) size 110x19
        LayoutText {#text} at (128,0) size 110x19
          text run at (128,0) width 110: "vertically stacked"
      LayoutText {#text} at (237,0) size 763x59
        text run at (237,0) width 157: " green rectangles below. "
        text run at (393,0) width 182: "Each one is 100 pixels wide "
        text run at (574,0) width 116: "and 50 pixels tall. "
        text run at (689,0) width 62: "If the two"
        text run at (0,20) width 386: "green rectangles are on the same line, then the test has failed. "
        text run at (386,20) width 264: "This is a test of section 10.3.7 in CSS2.1. "
        text run at (650,20) width 113: "In particular it is a"
        text run at (0,40) width 216: "test of the shrink-to-fit algorithm's "
        text run at (216,40) width 247: "preferred minimum width computation."
layer at (8,68) size 0x0
  LayoutBlockFlow (positioned) {DIV} at (0,60) size 0x0
layer at (8,68) size 100x110
  LayoutBlockFlow (positioned) {DIV} at (0,0) size 100x110
    LayoutBlockFlow {SPAN} at (0,0) size 100x50 [bgcolor=#008000]
    LayoutText {#text} at (0,0) size 0x0
    LayoutBlockFlow {SPAN} at (0,55) size 100x50 [bgcolor=#008000]
    LayoutText {#text} at (0,0) size 0x0
