layer at (0,0) size 800x600
  LayoutView at (0,0) size 800x600
layer at (0,0) size 800x8
  LayoutBlockFlow {HTML} at (0,0) size 800x8
    LayoutBlockFlow {BODY} at (8,8) size 784x0
layer at (10,10) size 48x10 scrollHeight 20
  LayoutBlockFlow (positioned) {DIV} at (10,10) size 48x10 [bgcolor=#FF0000]
    LayoutBlockFlow {IMG} at (0,0) size 48x20
      LayoutInline {SPAN} at (0,0) size 48x19
        LayoutInline {SPAN} at (0,0) size 48x19
          LayoutText {#text} at (0,0) size 48x19
            text run at (0,0) width 48: "nothing"
layer at (10,30) size 48x10 scrollHeight 39
  LayoutBlockFlow (positioned) {DIV} at (10,30) size 48x10 [bgcolor=#FF0000]
    LayoutBlockFlow {IMG} at (0,0) size 48x20
      LayoutInline {SPAN} at (0,0) size 48x19
        LayoutInline {SPAN} at (0,0) size 48x19
          LayoutText {#text} at (0,0) size 48x19
            text run at (0,0) width 48: "nothing"
layer at (10,30) size 10x10
  LayoutBlockFlow (positioned) {IMG} at (0,0) size 10x10 [bgcolor=#0000FF]
    LayoutInline {SPAN} at (0,0) size 44x39
      LayoutInline {SPAN} at (0,0) size 44x39
        LayoutText {#text} at (0,0) size 44x39
          text run at (0,0) width 30: "Blue"
          text run at (0,20) width 44: "Square"
