layer at (0,0) size 800x600
  LayoutView at (0,0) size 800x600
layer at (0,0) size 800x600
  LayoutBlockFlow {HTML} at (0,0) size 800x600
    LayoutBlockFlow {BODY} at (8,8) size 784x584
      LayoutBlockFlow {P} at (0,0) size 784x20
        LayoutText {#text} at (0,0) size 314x19
          text run at (0,0) width 314: "The black outline box should stretch from the left "
        LayoutInline {SPAN} at (0,0) size 27x19 [color=#0000FF]
          LayoutText {#text} at (314,0) size 27x19
            text run at (314,0) width 27: "blue"
        LayoutText {#text} at (341,0) size 223x19
          text run at (341,0) width 223: " border on the first line, to the right "
        LayoutInline {SPAN} at (0,0) size 43x19 [color=#FFA500]
          LayoutText {#text} at (564,0) size 43x19
            text run at (564,0) width 43: "orange"
        LayoutText {#text} at (607,0) size 152x19
          text run at (607,0) width 152: " border on the third line."
      LayoutBlockFlow {DIV} at (0,36) size 600x80
        LayoutText {#text} at (0,0) size 186x19
          text run at (0,0) width 186: "ILorem ipsum dolor sit amet, "
        LayoutText {#text} at (504,40) size 593x39
          text run at (504,40) width 89: "duis aute irure"
          text run at (0,60) width 249: "dolor in reprehenderit in voluptate velit."
layer at (8,44) size 597x61
  LayoutInline (relative positioned) {SPAN} at (0,0) size 597x61 [bgcolor=#008000] [border: (1px solid #808080) (20px solid #FFA500) (1px solid #808080) (20px solid #0000FF)]
    LayoutText {#text} at (226,0) size 557x39
      text run at (226,0) width 331: "con a pariatur. Excepteur sint occaecat cupidatat non"
      text run at (0,20) width 366: "proident, sunt in culp qui officia deserunt mollit animequs "
    LayoutText {#text} at (365,20) size 597x39
      text run at (365,20) width 232: "ILOREM ipsum dol sDuis aute irure"
      text run at (0,40) width 464: "dolor in reprehenderit in voluptate velit esse cillum dolore eu fugiat nullat "
layer at (224,44) size 258x59
  LayoutBlockFlow (positioned) {DIV} at (20,1) size 258x59
