layer at (0,0) size 800x600
  LayoutView at (0,0) size 800x600
layer at (0,0) size 800x600
  LayoutBlockFlow {HTML} at (0,0) size 800x600
    LayoutBlockFlow {BODY} at (8,8) size 784x584
      LayoutBlockFlow {P} at (0,0) size 784x40
        LayoutText {#text} at (0,0) size 664x19
          text run at (0,0) width 664: "The black outline box should be a 50px by 50px square with its bottom right corner anchored to the right "
        LayoutInline {SPAN} at (0,0) size 43x19 [color=#FFA500]
          LayoutText {#text} at (664,0) size 43x19
            text run at (664,0) width 43: "orange"
        LayoutText {#text} at (707,0) size 772x39
          text run at (707,0) width 65: " border on"
          text run at (0,20) width 83: "the third line."
      LayoutBlockFlow {DIV} at (0,56) size 600x80
        LayoutText {#text} at (0,0) size 186x19
          text run at (0,0) width 186: "ILorem ipsum dolor sit amet, "
        LayoutText {#text} at (504,40) size 593x39
          text run at (504,40) width 89: "duis aute irure"
          text run at (0,60) width 249: "dolor in reprehenderit in voluptate velit."
layer at (8,64) size 597x61
  LayoutInline (relative positioned) {SPAN} at (0,0) size 597x61 [bgcolor=#008000] [border: (1px solid #808080) (20px solid #FFA500) (1px solid #808080) (20px solid #0000FF)]
    LayoutText {#text} at (226,0) size 557x39
      text run at (226,0) width 331: "con a pariatur. Excepteur sint occaecat cupidatat non"
      text run at (0,20) width 366: "proident, sunt in culp qui officia deserunt mollit animequs "
    LayoutText {#text} at (365,20) size 597x39
      text run at (365,20) width 232: "ILOREM ipsum dol sDuis aute irure"
      text run at (0,40) width 464: "dolor in reprehenderit in voluptate velit esse cillum dolore eu fugiat nullat "
layer at (432,73) size 50x50
  LayoutBlockFlow (positioned) {DIV} at (228,10) size 50x50
