layer at (0,0) size 800x600
  LayoutView at (0,0) size 800x600
layer at (0,0) size 800x600
  LayoutBlockFlow {HTML} at (0,0) size 800x600
    LayoutBlockFlow {BODY} at (8,8) size 784x584
      LayoutBlockFlow {P} at (0,0) size 784x20
        LayoutText {#text} at (0,0) size 323x19
          text run at (0,0) width 323: "The black outline box should stretch from the right "
        LayoutInline {SPAN} at (0,0) size 27x19 [color=#0000FF]
          LayoutText {#text} at (323,0) size 27x19
            text run at (323,0) width 27: "blue"
        LayoutText {#text} at (350,0) size 214x19
          text run at (350,0) width 214: " border on the first line, to the left "
        LayoutInline {SPAN} at (0,0) size 43x19 [color=#FFA500]
          LayoutText {#text} at (564,0) size 43x19
            text run at (564,0) width 43: "orange"
        LayoutText {#text} at (607,0) size 152x19
          text run at (607,0) width 152: " border on the third line."
      LayoutBlockFlow {DIV} at (0,36) size 600x80
        LayoutText {#text} at (414,0) size 186x19
          text run at (414,0) width 186 RTL override: "ILorem ipsum dolor sit amet, "
        LayoutText {#text} at (7,40) size 593x39
          text run at (7,40) width 89 RTL override: "duis aute irure"
          text run at (351,60) width 249 RTL override: "dolor in reprehenderit in voluptate velit."
layer at (8,44) size 597x61
  LayoutInline (relative positioned) {SPAN} at (0,0) size 597x61 [bgcolor=#008000] [border: (1px solid #808080) (20px solid #0000FF) (1px solid #808080) (20px solid #FFA500)]
    LayoutText {#text} at (43,0) size 557x39
      text run at (43,0) width 331 RTL override: "con a pariatur. Excepteur sint occaecat cupidatat non"
      text run at (234,20) width 366 RTL override: "proident, sunt in culp qui officia deserunt mollit animequs "
    LayoutText {#text} at (3,20) size 597x39
      text run at (3,20) width 232 RTL override: "ILOREM ipsum dol sDuis aute irure"
      text run at (136,40) width 464 RTL override: "dolor in reprehenderit in voluptate velit esse cillum dolore eu fugiat nullat "
layer at (134,44) size 258x59
  LayoutBlockFlow (positioned) {DIV} at (82.11,1) size 258x59
