layer at (0,0) size 800x600
  LayoutView at (0,0) size 800x600
layer at (0,0) size 800x600
  LayoutBlockFlow {HTML} at (0,0) size 800x600
    LayoutBlockFlow {BODY} at (8,8) size 784x584
      LayoutBlockFlow {P} at (0,0) size 784x40
        LayoutText {#text} at (0,0) size 622x19
          text run at (0,0) width 622: "The black outline box should be a 50px by 50px square with its top left corner anchored to the left "
        LayoutInline {SPAN} at (0,0) size 27x19 [color=#0000FF]
          LayoutText {#text} at (622,0) size 27x19
            text run at (622,0) width 27: "blue"
        LayoutText {#text} at (649,0) size 765x39
          text run at (649,0) width 116: " border on the first"
          text run at (0,20) width 27: "line."
      LayoutBlockFlow {DIV} at (0,56) size 600x80
        LayoutText {#text} at (0,0) size 186x19
          text run at (0,0) width 186: "ILorem ipsum dolor sit amet, "
        LayoutText {#text} at (504,40) size 593x39
          text run at (504,40) width 89: "duis aute irure"
          text run at (0,60) width 249: "dolor in reprehenderit in voluptate velit."
layer at (8,64) size 597x61
  LayoutInline (relative positioned) {SPAN} at (0,0) size 597x61 [bgcolor=#008000] [border: (1px solid #808080) (20px solid #FFA500) (1px solid #808080) (20px solid #0000FF)]
    LayoutText {#text} at (226,0) size 557x39
      text run at (226,0) width 331: "con a pariatur. Excepteur sint occaecat cupidatat non"
      text run at (0,20) width 366: "proident, sunt in culp qui officia deserunt mollit animequs "
    LayoutText {#text} at (365,20) size 597x39
      text run at (365,20) width 232: "ILOREM ipsum dol sDuis aute irure"
      text run at (0,40) width 464: "dolor in reprehenderit in voluptate velit esse cillum dolore eu fugiat nullat "
layer at (224,64) size 50x50
  LayoutBlockFlow (positioned) {DIV} at (20,1) size 50x50
