layer at (0,0) size 800x600
  LayoutView at (0,0) size 800x600
layer at (0,0) size 800x600
  LayoutBlockFlow {HTML} at (0,0) size 800x600
    LayoutBlockFlow {BODY} at (8,8) size 784x584
      LayoutBlockFlow {P} at (0,0) size 784x20
        LayoutText {#text} at (0,0) size 323x19
          text run at (0,0) width 323: "The black outline box should stretch from the right "
        LayoutInline {SPAN} at (0,0) size 27x19 [color=#0000FF]
          LayoutText {#text} at (323,0) size 27x19
            text run at (323,0) width 27: "blue"
        LayoutText {#text} at (350,0) size 116x19
          text run at (350,0) width 116: " border, to the left "
        LayoutInline {SPAN} at (0,0) size 44x19 [color=#FFA500]
          LayoutText {#text} at (465,0) size 44x19
            text run at (465,0) width 44: "orange"
        LayoutText {#text} at (508,0) size 49x19
          text run at (508,0) width 49: " border."
      LayoutBlockFlow {DIV} at (0,36) size 600x20
        LayoutText {#text} at (414,0) size 186x19
          text run at (414,0) width 186 RTL override: "ILorem ipsum dolor sit amet, "
        LayoutText {#text} at (7,0) size 174x19
          text run at (7,0) width 174 RTL override: "irure dolor in reprehenderit."
layer at (8,44) size 214x21
  LayoutInline (relative positioned) {SPAN} at (0,0) size 214x21 [bgcolor=#008000] [border: (1px solid #808080) (20px solid #0000FF) (1px solid #808080) (20px solid #FFA500)]
    LayoutText {#text} at (280,0) size 94x19
      text run at (280,0) width 94 RTL override: "con a pariatur. "
    LayoutText {#text} at (220,0) size 61x19
      text run at (220,0) width 61 RTL override: "duis aute "
layer at (219,44) size 173x19
  LayoutBlockFlow (positioned) {DIV} at (20,1) size 173.11x19
