layer at (0,0) size 800x600
  LayoutView at (0,0) size 800x600
layer at (0,0) size 800x600
  LayoutBlockFlow {HTML} at (0,0) size 800x600
    LayoutBlockFlow {BODY} at (8,8) size 784x584
      LayoutBlockFlow {P} at (0,0) size 784x20
        LayoutText {#text} at (0,0) size 314x19
          text run at (0,0) width 314: "The black outline box should stretch from the left "
        LayoutInline {SPAN} at (0,0) size 27x19 [color=#0000FF]
          LayoutText {#text} at (314,0) size 27x19
            text run at (314,0) width 27: "blue"
        LayoutText {#text} at (341,0) size 125x19
          text run at (341,0) width 125: " border, to the right "
        LayoutInline {SPAN} at (0,0) size 44x19 [color=#FFA500]
          LayoutText {#text} at (465,0) size 44x19
            text run at (465,0) width 44: "orange"
        LayoutText {#text} at (508,0) size 49x19
          text run at (508,0) width 49: " border."
      LayoutBlockFlow {DIV} at (0,36) size 600x20
        LayoutText {#text} at (0,0) size 186x19
          text run at (0,0) width 186: "ILorem ipsum dolor sit amet, "
        LayoutText {#text} at (419,0) size 174x19
          text run at (419,0) width 174: "irure dolor in reprehenderit."
layer at (8,44) size 214x21
  LayoutInline (relative positioned) {SPAN} at (0,0) size 214x21 [bgcolor=#008000] [border: (1px solid #808080) (20px solid #FFA500) (1px solid #808080) (20px solid #0000FF)]
    LayoutText {#text} at (226,0) size 94x19
      text run at (226,0) width 94: "con a pariatur. "
    LayoutText {#text} at (319,0) size 61x19
      text run at (319,0) width 61: "duis aute "
layer at (224,44) size 173x19
  LayoutBlockFlow (positioned) {DIV} at (20,1) size 173.11x19
