layer at (0,0) size 800x600
  LayoutView at (0,0) size 800x600
layer at (0,0) size 800x600
  LayoutBlockFlow {HTML} at (0,0) size 800x600
    LayoutBlockFlow {BODY} at (8,8) size 784x584
      LayoutBlockFlow {P} at (0,0) size 784x20
        LayoutText {#text} at (0,0) size 634x19
          text run at (0,0) width 634: "The red box should be entirely inside the black box with the text content spilling out of both of them."
layer at (8,44) size 404x104
  LayoutBlockFlow (relative positioned) {DIV} at (0,36) size 404x104 [border: (2px solid #000000)]
layer at (10,66) size 400x60
  LayoutBlockFlow (positioned) {DIV} at (2,22) size 400x60 [border: (2px solid #FF0000)]
    LayoutText {#text} at (2,2) size 396x159
      text run at (2,2) width 396: "Lorem ipsum dolor sit amet, consectetur adipisicing elit, sed do"
      text run at (2,22) width 378: "eiusmod tempor incididunt ut labore et dolore magna aliqua."
      text run at (2,42) width 380: "Ut enim ad minim veniam, quis nostrud exercitation ullamco"
      text run at (2,62) width 370: "laboris nisi ut aliquip ex ea commodo consequat. Duis aute"
      text run at (2,82) width 395: "irure dolor in reprehenderit in voluptate velit esse cillum dolore"
      text run at (2,102) width 387: "eu fugiat nulla pariatur. Excepteur sint occaecat cupidatat non"
      text run at (2,122) width 377: "proident, sunt in culpa qui officia deserunt mollit anim id est"
      text run at (2,142) width 56: "laborum."
