layer at (0,0) size 800x600
  LayoutView at (0,0) size 800x600
layer at (0,0) size 800x600
  LayoutBlockFlow {HTML} at (0,0) size 800x600
    LayoutBlockFlow {BODY} at (42,42) size 716x516
      LayoutBlockFlow {P} at (0,0) size 716x40
        LayoutText {#text} at (0,0) size 653x39
          text run at (0,0) width 653: "This test checks for a regression against rdar://problem/4364302 leftmargin and topmargin should match"
          text run at (0,20) width 276: "marginwidth and marginheight respectively."
      LayoutBlockFlow {P} at (0,56) size 716x20
        LayoutText {#text} at (0,0) size 460x19
          text run at (0,0) width 460: "If it passes, the left, top, right, and bottom margins of the page will be 42."
