layer at (0,0) size 800x600
  LayoutView at (0,0) size 800x600
layer at (0,0) size 800x600
  LayoutBlockFlow {HTML} at (0,0) size 800x600
    LayoutBlockFlow {BODY} at (8,8) size 784x584
      LayoutBlockFlow {DIV} at (0,0) size 784x74 [border: (1px solid #FF0000)]
        LayoutBlockFlow {P} at (1,17) size 782x40
          LayoutText {#text} at (0,0) size 780x39
            text run at (0,0) width 731: "This test verifies that JavaScript returns only direct descendent element nodes in the 'children' collection (an IE extension). "
            text run at (731,0) width 49: "We also"
            text run at (0,20) width 615: "verify that the 'childNodes' collection contains direct descendent nodes of any type (text, element, etc.)"
      LayoutBlockFlow {DIV} at (0,74) size 784x100
        LayoutBlockFlow {DIV} at (0,0) size 784x20
          LayoutInline {B} at (0,0) size 25x19
            LayoutText {#text} at (0,0) size 25x19
              text run at (0,0) width 25: "test"
          LayoutText {#text} at (25,0) size 4x19
            text run at (25,0) width 4: " "
          LayoutInline {U} at (0,0) size 53x19
            LayoutText {#text} at (29,0) size 53x19
              text run at (29,0) width 53: "non bold"
          LayoutText {#text} at (82,0) size 4x19
            text run at (82,0) width 4: " "
          LayoutInline {I} at (0,0) size 32x19
            LayoutText {#text} at (86,0) size 32x19
              text run at (86,0) width 32: "italic"
          LayoutText {#text} at (118,0) size 25x19
            text run at (118,0) width 25: " test"
        LayoutBlockFlow {DIV} at (0,20) size 784x20
          LayoutText {#text} at (0,0) size 54x19
            text run at (0,0) width 54: "plain text"
        LayoutBlockFlow {DIV} at (0,40) size 784x20
          LayoutText {#text} at (0,0) size 69x19
            text run at (0,0) width 69: "another line"
        LayoutBlockFlow {DIV} at (0,60) size 784x20
          LayoutText {#text} at (0,0) size 91x19
            text run at (0,0) width 91: "yet another line"
        LayoutBlockFlow {DIV} at (0,80) size 784x20
          LayoutInline {SPAN} at (0,0) size 50x19
            LayoutText {#text} at (0,0) size 26x19
              text run at (0,0) width 26: "fifth "
            LayoutInline {B} at (0,0) size 24x19
              LayoutText {#text} at (26,0) size 24x19
                text run at (26,0) width 24: "line"
      LayoutBlockFlow {DIV} at (0,174) size 784x400
        LayoutBR {BR} at (0,0) size 0x19
        LayoutText {#text} at (0,20) size 357x19
          text run at (0,20) width 357: "Results: children.length = 5 (should be 5 DIV nodes below)"
        LayoutBR {BR} at (357,35) size 0x0
        LayoutText {#text} at (0,40) size 108x19
          text run at (0,40) width 108: "  node: DIV (one)"
        LayoutBR {BR} at (108,55) size 0x0
        LayoutText {#text} at (0,60) size 109x19
          text run at (0,60) width 109: "  node: DIV (two)"
        LayoutBR {BR} at (109,75) size 0x0
        LayoutText {#text} at (0,80) size 116x19
          text run at (0,80) width 116: "  node: DIV (three)"
        LayoutBR {BR} at (116,95) size 0x0
        LayoutText {#text} at (0,100) size 110x19
          text run at (0,100) width 110: "  node: DIV (four)"
        LayoutBR {BR} at (110,115) size 0x0
        LayoutText {#text} at (0,120) size 107x19
          text run at (0,120) width 107: "  node: DIV (five)"
        LayoutBR {BR} at (107,135) size 0x0
        LayoutBR {BR} at (0,140) size 0x19
        LayoutText {#text} at (0,160) size 312x19
          text run at (0,160) width 312: "childNodes.length = 11 (should be 11 nodes below)"
        LayoutBR {BR} at (312,175) size 0x0
        LayoutText {#text} at (0,180) size 147x19
          text run at (0,180) width 147: "  node: #text (undefined)"
        LayoutBR {BR} at (147,195) size 0x0
        LayoutText {#text} at (0,200) size 108x19
          text run at (0,200) width 108: "  node: DIV (one)"
        LayoutBR {BR} at (108,215) size 0x0
        LayoutText {#text} at (0,220) size 147x19
          text run at (0,220) width 147: "  node: #text (undefined)"
        LayoutBR {BR} at (147,235) size 0x0
        LayoutText {#text} at (0,240) size 109x19
          text run at (0,240) width 109: "  node: DIV (two)"
        LayoutBR {BR} at (109,255) size 0x0
        LayoutText {#text} at (0,260) size 147x19
          text run at (0,260) width 147: "  node: #text (undefined)"
        LayoutBR {BR} at (147,275) size 0x0
        LayoutText {#text} at (0,280) size 116x19
          text run at (0,280) width 116: "  node: DIV (three)"
        LayoutBR {BR} at (116,295) size 0x0
        LayoutText {#text} at (0,300) size 147x19
          text run at (0,300) width 147: "  node: #text (undefined)"
        LayoutBR {BR} at (147,315) size 0x0
        LayoutText {#text} at (0,320) size 110x19
          text run at (0,320) width 110: "  node: DIV (four)"
        LayoutBR {BR} at (110,335) size 0x0
        LayoutText {#text} at (0,340) size 147x19
          text run at (0,340) width 147: "  node: #text (undefined)"
        LayoutBR {BR} at (147,355) size 0x0
        LayoutText {#text} at (0,360) size 107x19
          text run at (0,360) width 107: "  node: DIV (five)"
        LayoutBR {BR} at (107,375) size 0x0
        LayoutText {#text} at (0,380) size 147x19
          text run at (0,380) width 147: "  node: #text (undefined)"
        LayoutBR {BR} at (147,395) size 0x0
