layer at (0,0) size 800x600 clip at (0,0) size 785x600 scrollHeight 5276
  LayoutView at (0,0) size 800x600
layer at (0,0) size 785x5276 backgroundClip at (0,0) size 785x600 clip at (0,0) size 785x600 layerType: background only
layer at (84,1484) size 200x200 backgroundClip at (0,0) size 785x600 clip at (0,0) size 785x600
  LayoutBlockFlow (positioned) zI: -3000000 {P} at (60,60) size 200x200 [color=#FFFFFF] [bgcolor=#990066]
    LayoutText zI: -3000000 {#text} at (71,41) size 58x97
      text run at (71,41) width 58: "8"
layer at (34,1634) size 200x200 backgroundClip at (0,0) size 785x600 clip at (0,0) size 785x600
  LayoutBlockFlow (positioned) zI: -2000000 {P} at (10,210) size 200x200 [color=#FFFFFF] [bgcolor=#660099]
    LayoutText zI: -2000000 {#text} at (71,41) size 58x97
      text run at (71,41) width 58: "7"
layer at (84,1784) size 200x200 backgroundClip at (0,0) size 785x600 clip at (0,0) size 785x600
  LayoutBlockFlow (positioned) zI: -1000000 {P} at (60,360) size 200x200 [color=#FFFFFF] [bgcolor=#0000FF]
    LayoutText zI: -1000000 {#text} at (71,41) size 58x97
      text run at (71,41) width 58: "6"
layer at (84,2120) size 200x200 backgroundClip at (0,0) size 785x600 clip at (0,0) size 785x600
  LayoutBlockFlow (positioned) zI: -40 {P} at (60,60) size 200x200 [color=#FFFFFF] [bgcolor=#990066]
    LayoutText zI: -40 {#text} at (71,41) size 58x97
      text run at (71,41) width 58: "8"
layer at (34,2270) size 200x200 backgroundClip at (0,0) size 785x600 clip at (0,0) size 785x600
  LayoutBlockFlow (positioned) zI: -30 {P} at (10,210) size 200x200 [color=#FFFFFF] [bgcolor=#660099]
    LayoutText zI: -30 {#text} at (71,41) size 58x97
      text run at (71,41) width 58: "7"
layer at (84,848) size 200x200 backgroundClip at (0,0) size 785x600 clip at (0,0) size 785x600
  LayoutBlockFlow (positioned) zI: -3 {P} at (60,60) size 200x200 [color=#FFFFFF] [bgcolor=#990066]
    LayoutText zI: -3 {#text} at (50,41) size 469x97
      text run at (50,41) width 469: " 8 hide me"
layer at (84,2756) size 200x200 backgroundClip at (0,0) size 785x600 clip at (0,0) size 785x600
  LayoutBlockFlow (positioned) zI: -3 {P} at (60,60) size 200x200 [color=#FFFFFF] [bgcolor=#990066]
    LayoutText zI: -3 {#text} at (71,41) size 58x97
      text run at (71,41) width 58: "8"
layer at (34,2906) size 200x200 backgroundClip at (0,0) size 785x600 clip at (0,0) size 785x600
  LayoutBlockFlow (positioned) zI: -3 {P} at (10,210) size 200x200 [color=#FFFFFF] [bgcolor=#660099]
    LayoutText zI: -3 {#text} at (71,41) size 58x97
      text run at (71,41) width 58: "7"
layer at (84,3392) size 200x200 backgroundClip at (0,0) size 785x600 clip at (0,0) size 785x600
  LayoutBlockFlow (positioned) zI: -3 {P} at (60,60) size 200x200 [color=#FFFFFF] [bgcolor=#990066]
    LayoutText zI: -3 {#text} at (71,41) size 58x97
      text run at (71,41) width 58: "8"
layer at (84,4028) size 200x200 backgroundClip at (0,0) size 785x600 clip at (0,0) size 785x600
  LayoutBlockFlow (positioned) zI: -3 {P} at (60,60) size 200x200 [color=#FFFFFF] [bgcolor=#990066]
    LayoutText zI: -3 {#text} at (71,41) size 58x97
      text run at (71,41) width 58: "8"
layer at (84,4700) size 200x200 backgroundClip at (0,0) size 785x600 clip at (0,0) size 785x600
  LayoutBlockFlow (positioned) zI: -3 {P} at (60,60) size 200x200 [color=#FFFFFF] [bgcolor=#990066]
    LayoutText zI: -3 {#text} at (71,41) size 58x97
      text run at (71,41) width 58: "8"
layer at (34,998) size 200x200 backgroundClip at (0,0) size 785x600 clip at (0,0) size 785x600
  LayoutBlockFlow (positioned) zI: -2 {P} at (10,210) size 200x200 [color=#FFFFFF] [bgcolor=#660099]
    LayoutText zI: -2 {#text} at (71,41) size 58x97
      text run at (71,41) width 58: "7"
layer at (84,2420) size 200x200 backgroundClip at (0,0) size 785x600 clip at (0,0) size 785x600
  LayoutBlockFlow (positioned) zI: -2 {P} at (60,360) size 200x200 [color=#FFFFFF] [bgcolor=#0000FF]
    LayoutText zI: -2 {#text} at (71,41) size 58x97
      text run at (71,41) width 58: "6"
layer at (234,2470) size 200x200 backgroundClip at (0,0) size 785x600 clip at (0,0) size 785x600
  LayoutBlockFlow (positioned) zI: -2 {P} at (210,410) size 200x200 [color=#FFFFFF] [bgcolor=#009999]
    LayoutText zI: -2 {#text} at (71,41) size 58x97
      text run at (71,41) width 58: "5"
layer at (34,3542) size 200x200 backgroundClip at (0,0) size 785x600 clip at (0,0) size 785x600
  LayoutBlockFlow (positioned) zI: -2 {P} at (10,210) size 200x200 [color=#FFFFFF] [bgcolor=#660099]
    LayoutText zI: -2 {#text} at (71,41) size 58x97
      text run at (71,41) width 58: "7"
layer at (34,4178) size 200x200 backgroundClip at (0,0) size 785x600 clip at (0,0) size 785x600
  LayoutBlockFlow (positioned) zI: -2 {P} at (0,200) size 200x200 [color=#FFFFFF] [bgcolor=#660099]
    LayoutText zI: -2 {#text} at (71,41) size 58x97
      text run at (71,41) width 58: "7"
layer at (34,4850) size 200x200 backgroundClip at (0,0) size 785x600 clip at (0,0) size 785x600
  LayoutBlockFlow (positioned) zI: -2 {P} at (0,200) size 200x200 [color=#FFFFFF] [bgcolor=#660099]
    LayoutText zI: -2 {#text} at (71,41) size 58x97
      text run at (71,41) width 58: "7"
layer at (84,1148) size 200x200 backgroundClip at (0,0) size 785x600 clip at (0,0) size 785x600
  LayoutBlockFlow (positioned) zI: -1 {P} at (60,360) size 200x200 [color=#FFFFFF] [bgcolor=#0000FF]
    LayoutText zI: -1 {#text} at (71,41) size 58x97
      text run at (71,41) width 58: "6"
layer at (84,4328) size 200x200 backgroundClip at (0,0) size 785x600 clip at (0,0) size 785x600
  LayoutBlockFlow (positioned) zI: -1 {P} at (60,360) size 200x200 [color=#FFFFFF] [bgcolor=#0000FF]
    LayoutText zI: -1 {#text} at (71,41) size 58x97
      text run at (71,41) width 58: "6"
layer at (84,5000) size 200x200 backgroundClip at (0,0) size 785x600 clip at (0,0) size 785x600
  LayoutBlockFlow (positioned) zI: -1 {P} at (60,360) size 200x200 [color=#FFFFFF] [bgcolor=#0000FF]
    LayoutText zI: -1 {#text} at (71,41) size 58x97
      text run at (71,41) width 58: "6"
layer at (0,0) size 785x5276 backgroundClip at (0,0) size 785x600 clip at (0,0) size 785x600 layerType: foreground only
  LayoutBlockFlow {HTML} at (0,0) size 785x5275.88
    LayoutBlockFlow {BODY} at (8,21.44) size 769x5238.44
      LayoutBlockFlow {H1} at (0,0) size 769x37
        LayoutText {#text} at (0,0) size 292x36
          text run at (0,0) width 292: "Layered Presentation"
      LayoutBlockFlow {P} at (0,58.44) size 769x20
        LayoutText {#text} at (0,0) size 704x19
          text run at (0,0) width 382: "Robert O'Callahan pointed out to me some mistakes in this test "
          text run at (382,0) width 322: "that I have not yet had the time to examine or correct."
      LayoutBlockFlow {P} at (0,94.44) size 769x20
        LayoutText {#text} at (0,0) size 440x19
          text run at (0,0) width 440: "In each of the following, 1 should be the top layer and 8 the bottom layer:"
      LayoutBlockFlow {P} at (0,4582.44) size 769x20
        LayoutText {#text} at (0,0) size 329x19
          text run at (0,0) width 329: "Using assumed default value of z-index (may not pass):"
layer at (24,152) size 620x620 backgroundClip at (0,0) size 785x600 clip at (0,0) size 785x600
  LayoutBlockFlow (relative positioned) {DIV} at (16,130.44) size 620x620 [border: (10px solid #000000)]
layer at (84,212) size 200x200
  LayoutBlockFlow (positioned) {P} at (60,60) size 200x200 [color=#FFFFFF] [bgcolor=#990066]
    LayoutText {#text} at (50,41) size 469x97
      text run at (50,41) width 469: " 8 hide me"
layer at (34,362) size 200x200
  LayoutBlockFlow (positioned) {P} at (10,210) size 200x200 [color=#FFFFFF] [bgcolor=#660099]
    LayoutText {#text} at (71,41) size 58x97
      text run at (71,41) width 58: "7"
layer at (84,512) size 200x200 backgroundClip at (0,0) size 785x600 clip at (0,0) size 785x600
  LayoutBlockFlow (positioned) {P} at (60,360) size 200x200 [color=#FFFFFF] [bgcolor=#0000FF]
    LayoutText {#text} at (71,41) size 58x97
      text run at (71,41) width 58: "6"
layer at (234,562) size 200x200 backgroundClip at (0,0) size 785x600 clip at (0,0) size 785x600
  LayoutBlockFlow (positioned) {P} at (210,410) size 200x200 [color=#FFFFFF] [bgcolor=#009999]
    LayoutText {#text} at (71,41) size 58x97
      text run at (71,41) width 58: "5"
layer at (384,512) size 200x200 backgroundClip at (0,0) size 785x600 clip at (0,0) size 785x600
  LayoutBlockFlow (positioned) {P} at (360,360) size 200x200 [color=#FFFFFF] [bgcolor=#00CC00]
    LayoutText {#text} at (71,41) size 58x97
      text run at (71,41) width 58: "4"
layer at (434,362) size 200x200
  LayoutBlockFlow (positioned) {P} at (410,210) size 200x200 [color=#FFFFFF] [bgcolor=#CCCC00]
    LayoutText {#text} at (71,41) size 58x97
      text run at (71,41) width 58: "3"
layer at (384,212) size 200x200
  LayoutBlockFlow (positioned) {P} at (360,60) size 200x200 [color=#FFFFFF] [bgcolor=#FF9900]
    LayoutText {#text} at (71,41) size 58x97
      text run at (71,41) width 58: "2"
layer at (234,162) size 200x200
  LayoutBlockFlow (positioned) {P} at (210,10) size 200x200 [color=#FFFFFF] [bgcolor=#FF0000]
    LayoutText {#text} at (71,41) size 58x97
      text run at (71,41) width 58: "1"
layer at (24,788) size 620x620 backgroundClip at (0,0) size 785x600 clip at (0,0) size 785x600
  LayoutBlockFlow (relative positioned) {DIV} at (16,766.44) size 620x620 [border: (10px solid #000000)]
layer at (234,1198) size 200x200 backgroundClip at (0,0) size 785x600 clip at (0,0) size 785x600
  LayoutBlockFlow (positioned) {P} at (210,410) size 200x200 [color=#FFFFFF] [bgcolor=#009999]
    LayoutText {#text} at (71,41) size 58x97
      text run at (71,41) width 58: "5"
layer at (24,1424) size 620x620 backgroundClip at (0,0) size 785x600 clip at (0,0) size 785x600
  LayoutBlockFlow (relative positioned) {DIV} at (16,1402.44) size 620x620 [border: (10px solid #000000)]
layer at (234,1834) size 200x200 backgroundClip at (0,0) size 785x600 clip at (0,0) size 785x600
  LayoutBlockFlow (positioned) {P} at (210,410) size 200x200 [color=#FFFFFF] [bgcolor=#009999]
    LayoutText {#text} at (71,41) size 58x97
      text run at (71,41) width 58: "5"
layer at (24,2060) size 620x620 backgroundClip at (0,0) size 785x600 clip at (0,0) size 785x600
  LayoutBlockFlow (relative positioned) {DIV} at (16,2038.44) size 620x620 [border: (10px solid #000000)]
layer at (384,2420) size 200x200 backgroundClip at (0,0) size 785x600 clip at (0,0) size 785x600
  LayoutBlockFlow (positioned) {P} at (360,360) size 200x200 [color=#FFFFFF] [bgcolor=#00CC00]
    LayoutText {#text} at (71,41) size 58x97
      text run at (71,41) width 58: "4"
layer at (434,2270) size 200x200 backgroundClip at (0,0) size 785x600 clip at (0,0) size 785x600
  LayoutBlockFlow (positioned) {P} at (410,210) size 200x200 [color=#FFFFFF] [bgcolor=#CCCC00]
    LayoutText {#text} at (71,41) size 58x97
      text run at (71,41) width 58: "3"
layer at (24,2696) size 620x620 backgroundClip at (0,0) size 785x600 clip at (0,0) size 785x600
  LayoutBlockFlow (relative positioned) {DIV} at (16,2674.44) size 620x620 [border: (10px solid #000000)]
layer at (84,3056) size 200x200 backgroundClip at (0,0) size 785x600 clip at (0,0) size 785x600
  LayoutBlockFlow (positioned) {P} at (60,360) size 200x200 [color=#FFFFFF] [bgcolor=#0000FF]
    LayoutText {#text} at (71,41) size 58x97
      text run at (71,41) width 58: "6"
layer at (234,3106) size 200x200 backgroundClip at (0,0) size 785x600 clip at (0,0) size 785x600
  LayoutBlockFlow (positioned) {P} at (210,410) size 200x200 [color=#FFFFFF] [bgcolor=#009999]
    LayoutText {#text} at (71,41) size 58x97
      text run at (71,41) width 58: "5"
layer at (384,3056) size 200x200 backgroundClip at (0,0) size 785x600 clip at (0,0) size 785x600
  LayoutBlockFlow (positioned) {P} at (360,360) size 200x200 [color=#FFFFFF] [bgcolor=#00CC00]
    LayoutText {#text} at (71,41) size 58x97
      text run at (71,41) width 58: "4"
layer at (24,3332) size 620x620 backgroundClip at (0,0) size 785x600 clip at (0,0) size 785x600
  LayoutBlockFlow (relative positioned) {DIV} at (16,3310.44) size 620x620 [border: (10px solid #000000)]
layer at (34,3342) size 600x600 backgroundClip at (0,0) size 785x600 clip at (0,0) size 785x600 layerType: background only
layer at (84,3692) size 200x200 backgroundClip at (0,0) size 785x600 clip at (0,0) size 785x600
  LayoutBlockFlow (positioned) zI: -9 {P} at (50,350) size 200x200 [color=#FFFFFF] [bgcolor=#0000FF]
    LayoutText zI: -9 {#text} at (71,41) size 58x97
      text run at (71,41) width 58: "6"
layer at (34,3342) size 600x600 backgroundClip at (0,0) size 785x600 clip at (0,0) size 785x600 layerType: foreground only
  LayoutBlockFlow (positioned) {DIV} at (10,10) size 600x600
layer at (234,3742) size 200x200 backgroundClip at (0,0) size 785x600 clip at (0,0) size 785x600
  LayoutBlockFlow (positioned) {P} at (200,400) size 200x200 [color=#FFFFFF] [bgcolor=#009999]
    LayoutText {#text} at (71,41) size 58x97
      text run at (71,41) width 58: "5"
layer at (384,3692) size 200x200 backgroundClip at (0,0) size 785x600 clip at (0,0) size 785x600
  LayoutBlockFlow (positioned) zI: 9 {P} at (350,350) size 200x200 [color=#FFFFFF] [bgcolor=#00CC00]
    LayoutText zI: 9 {#text} at (71,41) size 58x97
      text run at (71,41) width 58: "4"
layer at (24,3968) size 620x620 backgroundClip at (0,0) size 785x600 clip at (0,0) size 785x600
  LayoutBlockFlow (relative positioned) {DIV} at (16,3946.44) size 620x620 [border: (10px solid #000000)]
layer at (34,3978) size 600x600 backgroundClip at (0,0) size 785x600 clip at (0,0) size 785x600
  LayoutBlockFlow (positioned) {DIV} at (10,10) size 600x600
layer at (234,4378) size 200x200 backgroundClip at (0,0) size 785x600 clip at (0,0) size 785x600
  LayoutBlockFlow (positioned) {P} at (210,410) size 200x200 [color=#FFFFFF] [bgcolor=#009999]
    LayoutText {#text} at (71,41) size 58x97
      text run at (71,41) width 58: "5"
layer at (24,4640) size 620x620 backgroundClip at (0,0) size 785x600 clip at (0,0) size 785x600
  LayoutBlockFlow (relative positioned) {DIV} at (16,4618.44) size 620x620 [border: (10px solid #000000)]
layer at (34,4650) size 600x600 backgroundClip at (0,0) size 785x600 clip at (0,0) size 785x600
  LayoutBlockFlow (positioned) {DIV} at (10,10) size 600x600
layer at (234,5050) size 200x200 backgroundClip at (0,0) size 785x600 clip at (0,0) size 785x600
  LayoutBlockFlow (positioned) {P} at (210,410) size 200x200 [color=#FFFFFF] [bgcolor=#009999]
    LayoutText {#text} at (71,41) size 58x97
      text run at (71,41) width 58: "5"
layer at (384,1148) size 200x200 backgroundClip at (0,0) size 785x600 clip at (0,0) size 785x600
  LayoutBlockFlow (positioned) zI: 1 {P} at (360,360) size 200x200 [color=#FFFFFF] [bgcolor=#00CC00]
    LayoutText zI: 1 {#text} at (71,41) size 58x97
      text run at (71,41) width 58: "4"
layer at (384,4328) size 200x200 backgroundClip at (0,0) size 785x600 clip at (0,0) size 785x600
  LayoutBlockFlow (positioned) zI: 1 {P} at (350,350) size 200x200 [color=#FFFFFF] [bgcolor=#00CC00]
    LayoutText zI: 1 {#text} at (71,41) size 58x97
      text run at (71,41) width 58: "4"
layer at (384,5000) size 200x200 backgroundClip at (0,0) size 785x600 clip at (0,0) size 785x600
  LayoutBlockFlow (positioned) zI: 1 {P} at (350,350) size 200x200 [color=#FFFFFF] [bgcolor=#00CC00]
    LayoutText zI: 1 {#text} at (71,41) size 58x97
      text run at (71,41) width 58: "4"
layer at (434,998) size 200x200 backgroundClip at (0,0) size 785x600 clip at (0,0) size 785x600
  LayoutBlockFlow (positioned) zI: 2 {P} at (410,210) size 200x200 [color=#FFFFFF] [bgcolor=#CCCC00]
    LayoutText zI: 2 {#text} at (71,41) size 58x97
      text run at (71,41) width 58: "3"
layer at (384,2120) size 200x200 backgroundClip at (0,0) size 785x600 clip at (0,0) size 785x600
  LayoutBlockFlow (positioned) zI: 2 {P} at (360,60) size 200x200 [color=#FFFFFF] [bgcolor=#FF9900]
    LayoutText zI: 2 {#text} at (71,41) size 58x97
      text run at (71,41) width 58: "2"
layer at (434,3542) size 200x200 backgroundClip at (0,0) size 785x600 clip at (0,0) size 785x600
  LayoutBlockFlow (positioned) zI: 2 {P} at (410,210) size 200x200 [color=#FFFFFF] [bgcolor=#CCCC00]
    LayoutText zI: 2 {#text} at (71,41) size 58x97
      text run at (71,41) width 58: "3"
layer at (434,4178) size 200x200 backgroundClip at (0,0) size 785x600 clip at (0,0) size 785x600
  LayoutBlockFlow (positioned) zI: 2 {P} at (410,210) size 200x200 [color=#FFFFFF] [bgcolor=#CCCC00]
    LayoutText zI: 2 {#text} at (71,41) size 58x97
      text run at (71,41) width 58: "3"
layer at (434,4850) size 200x200 backgroundClip at (0,0) size 785x600 clip at (0,0) size 785x600
  LayoutBlockFlow (positioned) zI: 2 {P} at (410,210) size 200x200 [color=#FFFFFF] [bgcolor=#CCCC00]
    LayoutText zI: 2 {#text} at (71,41) size 58x97
      text run at (71,41) width 58: "3"
layer at (384,848) size 200x200 backgroundClip at (0,0) size 785x600 clip at (0,0) size 785x600
  LayoutBlockFlow (positioned) zI: 3 {P} at (360,60) size 200x200 [color=#FFFFFF] [bgcolor=#FF9900]
    LayoutText zI: 3 {#text} at (71,41) size 58x97
      text run at (71,41) width 58: "2"
layer at (234,2070) size 200x200 backgroundClip at (0,0) size 785x600 clip at (0,0) size 785x600
  LayoutBlockFlow (positioned) zI: 3 {P} at (210,10) size 200x200 [color=#FFFFFF] [bgcolor=#FF0000]
    LayoutText zI: 3 {#text} at (71,41) size 58x97
      text run at (71,41) width 58: "1"
layer at (384,3392) size 200x200 backgroundClip at (0,0) size 785x600 clip at (0,0) size 785x600
  LayoutBlockFlow (positioned) zI: 3 {P} at (360,60) size 200x200 [color=#FFFFFF] [bgcolor=#FF9900]
    LayoutText zI: 3 {#text} at (71,41) size 58x97
      text run at (71,41) width 58: "2"
layer at (384,4028) size 200x200 backgroundClip at (0,0) size 785x600 clip at (0,0) size 785x600
  LayoutBlockFlow (positioned) zI: 3 {P} at (350,50) size 200x200 [color=#FFFFFF] [bgcolor=#FF9900]
    LayoutText zI: 3 {#text} at (71,41) size 58x97
      text run at (71,41) width 58: "2"
layer at (384,4700) size 200x200 backgroundClip at (0,0) size 785x600 clip at (0,0) size 785x600
  LayoutBlockFlow (positioned) zI: 3 {P} at (350,50) size 200x200 [color=#FFFFFF] [bgcolor=#FF9900]
    LayoutText zI: 3 {#text} at (71,41) size 58x97
      text run at (71,41) width 58: "2"
layer at (234,798) size 200x200 backgroundClip at (0,0) size 785x600 clip at (0,0) size 785x600
  LayoutBlockFlow (positioned) zI: 4 {P} at (210,10) size 200x200 [color=#FFFFFF] [bgcolor=#FF0000]
    LayoutText zI: 4 {#text} at (71,41) size 58x97
      text run at (71,41) width 58: "1"
layer at (434,2906) size 200x200 backgroundClip at (0,0) size 785x600 clip at (0,0) size 785x600
  LayoutBlockFlow (positioned) zI: 4 {P} at (410,210) size 200x200 [color=#FFFFFF] [bgcolor=#CCCC00]
    LayoutText zI: 4 {#text} at (71,41) size 58x97
      text run at (71,41) width 58: "3"
layer at (384,2756) size 200x200 backgroundClip at (0,0) size 785x600 clip at (0,0) size 785x600
  LayoutBlockFlow (positioned) zI: 4 {P} at (360,60) size 200x200 [color=#FFFFFF] [bgcolor=#FF9900]
    LayoutText zI: 4 {#text} at (71,41) size 58x97
      text run at (71,41) width 58: "2"
layer at (234,2706) size 200x200 backgroundClip at (0,0) size 785x600 clip at (0,0) size 785x600
  LayoutBlockFlow (positioned) zI: 4 {P} at (210,10) size 200x200 [color=#FFFFFF] [bgcolor=#FF0000]
    LayoutText zI: 4 {#text} at (71,41) size 58x97
      text run at (71,41) width 58: "1"
layer at (234,3342) size 200x200 backgroundClip at (0,0) size 785x600 clip at (0,0) size 785x600
  LayoutBlockFlow (positioned) zI: 4 {P} at (210,10) size 200x200 [color=#FFFFFF] [bgcolor=#FF0000]
    LayoutText zI: 4 {#text} at (71,41) size 58x97
      text run at (71,41) width 58: "1"
layer at (234,3978) size 200x200 backgroundClip at (0,0) size 785x600 clip at (0,0) size 785x600
  LayoutBlockFlow (positioned) zI: 4 {P} at (210,10) size 200x200 [color=#FFFFFF] [bgcolor=#FF0000]
    LayoutText zI: 4 {#text} at (71,41) size 58x97
      text run at (71,41) width 58: "1"
layer at (234,4650) size 200x200 backgroundClip at (0,0) size 785x600 clip at (0,0) size 785x600
  LayoutBlockFlow (positioned) zI: 4 {P} at (210,10) size 200x200 [color=#FFFFFF] [bgcolor=#FF0000]
    LayoutText zI: 4 {#text} at (71,41) size 58x97
      text run at (71,41) width 58: "1"
layer at (384,1784) size 200x200 backgroundClip at (0,0) size 785x600 clip at (0,0) size 785x600
  LayoutBlockFlow (positioned) zI: 1000000 {P} at (360,360) size 200x200 [color=#FFFFFF] [bgcolor=#00CC00]
    LayoutText zI: 1000000 {#text} at (71,41) size 58x97
      text run at (71,41) width 58: "4"
layer at (434,1634) size 200x200 backgroundClip at (0,0) size 785x600 clip at (0,0) size 785x600
  LayoutBlockFlow (positioned) zI: 2000000 {P} at (410,210) size 200x200 [color=#FFFFFF] [bgcolor=#CCCC00]
    LayoutText zI: 2000000 {#text} at (71,41) size 58x97
      text run at (71,41) width 58: "3"
layer at (384,1484) size 200x200 backgroundClip at (0,0) size 785x600 clip at (0,0) size 785x600
  LayoutBlockFlow (positioned) zI: 3000000 {P} at (360,60) size 200x200 [color=#FFFFFF] [bgcolor=#FF9900]
    LayoutText zI: 3000000 {#text} at (71,41) size 58x97
      text run at (71,41) width 58: "2"
layer at (234,1434) size 200x200 backgroundClip at (0,0) size 785x600 clip at (0,0) size 785x600
  LayoutBlockFlow (positioned) zI: 4000000 {P} at (210,10) size 200x200 [color=#FFFFFF] [bgcolor=#FF0000]
    LayoutText zI: 4000000 {#text} at (71,41) size 58x97
      text run at (71,41) width 58: "1"
