layer at (0,0) size 800x600
  LayoutView at (0,0) size 800x600
layer at (0,0) size 800x600
  LayoutBlockFlow {HTML} at (0,0) size 800x600
    LayoutBlockFlow {BODY} at (8,8) size 784x584
      LayoutText {#text} at (0,0) size 584x19
        text run at (0,0) width 584: "You should see a single green stripe below. The test has failed if you don't see a perfect rectangle."
      LayoutText {#text} at (0,0) size 0x0
layer at (8,28) size 96x380
  LayoutBlockFlow (positioned) {DIV} at (8,28) size 96x380
    LayoutInline {A} at (0,0) size 45x377 [color=#008000] [bgcolor=#008000]
      LayoutInline {SPAN} at (0,0) size 45x73
        LayoutText {#text} at (0,1) size 45x73
          text run at (0,1) width 45: "A"
      LayoutText {#text} at (0,77) size 45x73
        text run at (0,77) width 45: "A"
      LayoutBR {BR} at (45,135) size 0x0
      LayoutInline {SPAN} at (0,0) size 45x73
        LayoutText {#text} at (0,153) size 45x73
          text run at (0,153) width 45: "A"
      LayoutText {#text} at (0,229) size 45x149
        text run at (0,229) width 45: "A"
        text run at (0,305) width 45: "A"
    LayoutText {#text} at (0,0) size 0x0
