layer at (0,0) size 800x600
  LayoutView at (0,0) size 800x600
layer at (0,0) size 800x0
  LayoutBlockFlow {HTML} at (0,0) size 800x0
layer at (8,8) size 784x60
  LayoutBlockFlow (positioned) {BODY} at (8,8) size 784x60
    LayoutBlockFlow {DIV} at (0,0) size 784x60
      LayoutText {#text} at (0,0) size 123x19
        text run at (0,0) width 123: "You should see two "
      LayoutInline {I} at (0,0) size 114x19
        LayoutText {#text} at (122,0) size 114x19
          text run at (122,0) width 114: "vertically stacked"
      LayoutText {#text} at (235,0) size 761x59
        text run at (235,0) width 150: " green rectangles below. "
        text run at (384,0) width 173: "Each one is 100 pixels wide "
        text run at (556,0) width 110: "and 50 pixels tall. "
        text run at (665,0) width 96: "If the two green"
        text run at (0,20) width 331: "rectangles are on the same line, then the test has failed. "
        text run at (331,20) width 255: "This is a test of section 10.3.7 in CSS2.1. "
        text run at (586,20) width 170: "In particular it is a test of the"
        text run at (0,40) width 143: "shrink-to-fit algorithm's "
        text run at (143,40) width 232: "preferred minimum width computation."
layer at (8,68) size 0x0
  LayoutBlockFlow (positioned) {DIV} at (0,60) size 0x0
layer at (8,68) size 100x110
  LayoutBlockFlow (positioned) {DIV} at (0,0) size 100x110
    LayoutBlockFlow {SPAN} at (0,0) size 100x50 [bgcolor=#008000]
    LayoutText {#text} at (0,0) size 0x0
    LayoutBlockFlow {SPAN} at (0,55) size 100x50 [bgcolor=#008000]
    LayoutText {#text} at (0,0) size 0x0
