layer at (0,0) size 800x600
  LayoutView at (0,0) size 800x600
layer at (0,0) size 800x8
  LayoutBlockFlow {HTML} at (0,0) size 800x8
    LayoutBlockFlow {BODY} at (8,8) size 784x0
layer at (10,10) size 10x10 scrollHeight 20
  LayoutBlockFlow (positioned) {DIV} at (10,10) size 10x10 [bgcolor=#FF0000]
    LayoutBlockFlow {IMG} at (0,0) size 10x10
layer at (10,15) size 10x10 backgroundClip at (10,15) size 10x5 clip at (11,16) size 8x4 scrollWidth 17 scrollHeight 22
  LayoutBlockFlow {DIV} at (0,5) size 10x10 [border: (1px solid #C0C0C0)]
    LayoutImage (floating) {IMG} at (2,2) size 16x16
layer at (28,17) size 0x20 scrollWidth 43
  LayoutBlockFlow {DIV} at (18,2) size 0x20
    LayoutText {#text} at (0,0) size 43x19
      text run at (0,0) width 43: "nothing"
layer at (10,30) size 10x10 scrollHeight 20
  LayoutBlockFlow (positioned) {DIV} at (10,30) size 10x10 [bgcolor=#FF0000]
    LayoutBlockFlow {IMG} at (0,0) size 10x10
layer at (10,35) size 10x10 backgroundClip at (10,35) size 10x5 clip at (11,36) size 8x4 scrollHeight 22
  LayoutBlockFlow {DIV} at (0,5) size 10x10 [border: (1px solid #C0C0C0)]
layer at (12,37) size 6x20 backgroundClip at (12,37) size 6x3 clip at (12,37) size 6x3 scrollWidth 43
  LayoutBlockFlow {DIV} at (2,2) size 6x20
    LayoutText {#text} at (0,0) size 43x19
      text run at (0,0) width 43: "nothing"
layer at (10,30) size 10x10
  LayoutBlockFlow (positioned) {IMG} at (0,0) size 10x10 [bgcolor=#0000FF]
layer at (10,35) size 10x10 backgroundClip at (10,35) size 10x5 clip at (11,36) size 8x4 scrollHeight 42
  LayoutBlockFlow {DIV} at (0,5) size 10x10 [border: (1px solid #C0C0C0)]
layer at (12,37) size 6x40 backgroundClip at (12,37) size 6x3 clip at (12,37) size 6x3 scrollWidth 43
  LayoutBlockFlow {DIV} at (2,2) size 6x40
    LayoutText {#text} at (0,0) size 43x39
      text run at (0,0) width 27: "Blue"
      text run at (0,20) width 43: "Square"
