layer at (0,0) size 800x600
  LayoutView at (0,0) size 800x600
layer at (0,0) size 800x600
  LayoutBlockFlow {HTML} at (0,0) size 800x600
    LayoutBlockFlow {BODY} at (8,8) size 784x584
layer at (8,8) size 0x0
  LayoutInline (relative positioned) {SPAN} at (0,0) size 0x0
    LayoutText {#text} at (0,0) size 0x0
layer at (8,8) size 100x80
  LayoutBlockFlow (positioned) {SPAN} at (0,0) size 100x80
    LayoutText {#text} at (0,0) size 100x79
      text run at (0,0) width 100: "position:absolute"
      text run at (0,20) width 66: "span inside"
      text run at (0,40) width 93: "position:relative"
      text run at (0,60) width 28: "span"
