layer at (0,0) size 800x600
  LayoutView at (0,0) size 800x600
layer at (0,0) size 800x600
  LayoutBlockFlow {HTML} at (0,0) size 800x600
    LayoutBlockFlow {BODY} at (8,8) size 784x584
      LayoutBlockFlow {P} at (0,0) size 784x40
        LayoutText {#text} at (0,0) size 618x19
          text run at (0,0) width 618: "The black outline box should be a 50px by 50px square with its bottom left corner anchored to the left "
        LayoutInline {SPAN} at (0,0) size 41x19 [color=#FFA500]
          LayoutText {#text} at (618,0) size 41x19
            text run at (618,0) width 41: "orange"
        LayoutText {#text} at (659,0) size 776x39
          text run at (659,0) width 117: " border on the third"
          text run at (0,20) width 24: "line."
      LayoutBlockFlow {DIV} at (0,56) size 600x80
        LayoutText {#text} at (422,0) size 178x19
          text run at (422,0) width 178 RTL override: "ILorem ipsum dolor sit amet, "
        LayoutText {#text} at (41,40) size 559x39
          text run at (41,40) width 134 RTL override: "duis aute irure dolor in"
          text run at (415,60) width 185 RTL override: "reprehenderit in voluptate velit."
layer at (8,64) size 595x61
  LayoutInline (relative positioned) {SPAN} at (0,0) size 595x61 [bgcolor=#008000] [border: (1px solid #808080) (20px solid #0000FF) (1px solid #808080) (20px solid #FFA500)]
    LayoutText {#text} at (5,0) size 595x39
      text run at (5,0) width 377 RTL override: "con a pariatur. Excepteur sint occaecat cupidatat non proident,"
      text run at (316,20) width 284 RTL override: "sunt in culp qui officia deserunt mollit animequs "
    LayoutText {#text} at (48,20) size 552x39
      text run at (48,20) width 269 RTL override: "ILOREM ipsum dol sDuis aute irure dolor in"
      text run at (215,40) width 385 RTL override: "reprehenderit in voluptate velit esse cillum dolore eu fugiat nullat "
layer at (213,73) size 50x50
  LayoutBlockFlow (positioned) {DIV} at (199.11,10) size 50x50
