layer at (0,0) size 800x600
  LayoutView at (0,0) size 800x600
layer at (0,0) size 800x600
  LayoutBlockFlow {HTML} at (0,0) size 800x600
    LayoutBlockFlow {BODY} at (8,8) size 784x584
      LayoutBlockFlow {P} at (0,0) size 784x20
        LayoutText {#text} at (0,0) size 297x19
          text run at (0,0) width 297: "The black outline box should stretch from the left "
        LayoutInline {SPAN} at (0,0) size 25x19 [color=#0000FF]
          LayoutText {#text} at (297,0) size 25x19
            text run at (297,0) width 25: "blue"
        LayoutText {#text} at (322,0) size 212x19
          text run at (322,0) width 212: " border on the first line, to the right "
        LayoutInline {SPAN} at (0,0) size 41x19 [color=#FFA500]
          LayoutText {#text} at (534,0) size 41x19
            text run at (534,0) width 41: "orange"
        LayoutText {#text} at (575,0) size 145x19
          text run at (575,0) width 145: " border on the third line."
      LayoutBlockFlow {DIV} at (0,36) size 600x80
        LayoutText {#text} at (0,0) size 178x19
          text run at (0,0) width 178: "ILorem ipsum dolor sit amet, "
        LayoutText {#text} at (425,40) size 559x39
          text run at (425,40) width 134: "duis aute irure dolor in"
          text run at (0,60) width 185: "reprehenderit in voluptate velit."
layer at (8,44) size 595x61
  LayoutInline (relative positioned) {SPAN} at (0,0) size 595x61 [bgcolor=#008000] [border: (1px solid #808080) (20px solid #FFA500) (1px solid #808080) (20px solid #0000FF)]
    LayoutText {#text} at (218,0) size 595x39
      text run at (218,0) width 377: "con a pariatur. Excepteur sint occaecat cupidatat non proident,"
      text run at (0,20) width 284: "sunt in culp qui officia deserunt mollit animequs "
    LayoutText {#text} at (283,20) size 552x39
      text run at (283,20) width 269: "ILOREM ipsum dol sDuis aute irure dolor in"
      text run at (0,40) width 385: "reprehenderit in voluptate velit esse cillum dolore eu fugiat nullat "
layer at (216,44) size 187x59
  LayoutBlockFlow (positioned) {DIV} at (20,1) size 187x59
