layer at (0,0) size 800x600
  LayoutView at (0,0) size 800x600
layer at (0,0) size 800x600
  LayoutBlockFlow {HTML} at (0,0) size 800x600
    LayoutBlockFlow {BODY} at (8,8) size 784x576
      LayoutBlockFlow {P} at (0,0) size 784x20
        LayoutText {#text} at (0,0) size 551x19
          text run at (0,0) width 335: "In this test case you should only see one line green text. "
          text run at (335,0) width 216: "If there is any red the test has failed."
layer at (8,44) size 784x0
  LayoutBlockFlow (relative positioned) {DIV} at (0,36) size 784x0
layer at (8,44) size 119x20
  LayoutBlockFlow (positioned) {DIV} at (0,0) size 119.41x20 [color=#008000]
    LayoutText {#text} at (0,0) size 120x19
      text run at (0,0) width 120: "You should see this."
layer at (-666658,60) size 143x20 backgroundClip at (0,0) size 800x600 clip at (0,0) size 800x600
  LayoutBlockFlow (positioned) {DIV} at (-666666,16) size 143.41x20 [color=#FF0000]
    LayoutText {#text} at (0,0) size 144x19
      text run at (0,0) width 144: "You should not see this!"
layer at (-666657,76) size 143x20 backgroundClip at (0,0) size 800x600 clip at (0,0) size 800x600
  LayoutBlockFlow (positioned) {DIV} at (-666665,32) size 143.41x20 [color=#FF0000]
    LayoutText {#text} at (0,0) size 144x19
      text run at (0,0) width 144: "You should not see this!"
