layer at (0,0) size 800x600
  LayoutView at (0,0) size 800x600
layer at (0,0) size 800x600
  LayoutBlockFlow {HTML} at (0,0) size 800x600
    LayoutBlockFlow {BODY} at (8,8) size 784x584
      LayoutText {#text} at (0,0) size 437x19
        text run at (0,0) width 437: "You should see the number 0 below, and the grey box should fit it snugly."
layer at (8,8) size 1x19
  LayoutInline (relative positioned) {SPAN} at (0,0) size 1x19
    LayoutText {#text} at (0,0) size 0x0
layer at (454,18) size 10x22
  LayoutBlockFlow (positioned) {DIV} at (10,10) size 10x22 [bgcolor=#808080]
    LayoutBlockFlow {DIV} at (0,0) size 10x22 [bgcolor=#ACACAC]
      LayoutBlockFlow {DIV} at (1,1) size 8x20
        LayoutBlockFlow {DIV} at (0,0) size 8x20
          LayoutText {#text} at (0,0) size 8x19
            text run at (0,0) width 8: "0"
