layer at (0,0) size 800x600
  LayoutView at (0,0) size 800x600
layer at (0,0) size 800x38
  LayoutBlockFlow {HTML} at (0,0) size 800x38
    LayoutBlockFlow {BODY} at (8,8) size 784x22
      LayoutText {#text} at (0,0) size 0x0
layer at (8,8) size 100x22
  LayoutButton (relative positioned) {BUTTON} at (0,0) size 100x22 [bgcolor=#C0C0C0] [border: (2px outset #C0C0C0)]
    LayoutBlockFlow (anonymous) at (8,3) size 84x16
      LayoutText {#text} at (16,0) size 52x16
        text run at (16,0) width 52: "Click Me"
layer at (86,27) size 25x16
  LayoutBlockFlow (positioned) {DIV} at (78,19) size 25x16
    LayoutText {#text} at (0,0) size 25x16
      text run at (0,0) width 25: "Now"
