layer at (0,0) size 800x600
  LayoutView at (0,0) size 800x600
layer at (0,0) size 800x600
  LayoutBlockFlow {HTML} at (0,0) size 800x600
    LayoutBlockFlow {BODY} at (8,8) size 784x576
      LayoutBlockFlow {OL} at (0,0) size 784x40
        LayoutListItem {LI} at (40,0) size 744x20
          LayoutListMarker (anonymous) at (-16,0) size 16x19: "1"
          LayoutText {#text} at (0,0) size 149x19
            text run at (0,0) width 149: "Make text bigger/smaller"
        LayoutListItem {LI} at (40,20) size 744x20
          LayoutListMarker (anonymous) at (-16,0) size 16x19: "2"
          LayoutText {#text} at (0,0) size 207x19
            text run at (0,0) width 207: "Make the window narrower/wider"
layer at (8,64) size 125x26
  LayoutBlockFlow (positioned) {DIV} at (8,64) size 125x26 [border: (3px solid #000000)]
    LayoutText {#text} at (43,3) size 79x19
      text run at (43,3) width 79: "Lorem ipsum"
