layer at (0,0) size 800x600
  LayoutView at (0,0) size 800x600
layer at (0,0) size 800x600
  LayoutBlockFlow {HTML} at (0,0) size 800x600
    LayoutBlockFlow {BODY} at (8,8) size 784x584
layer at (8,8) size 206x26
  LayoutBlockFlow (relative positioned) {DIV} at (0,0) size 206x26 [border: (3px solid #000000)]
layer at (152,11) size 59x20
  LayoutBlockFlow (positioned) {DIV} at (144,3) size 59x20
    LayoutText {#text} at (0,0) size 59x19
      text run at (0,0) width 59: "longertext"
