layer at (0,0) size 800x600
  LayoutView at (0,0) size 800x600
layer at (0,0) size 800x600
  LayoutBlockFlow {HTML} at (0,0) size 800x600
    LayoutBlockFlow {BODY} at (8,8) size 784x584
      LayoutBlockFlow {P} at (0,0) size 784x40
        LayoutText {#text} at (0,0) size 202x19
          text run at (0,0) width 202: "This tests for a regression against "
        LayoutInline {I} at (0,0) size 749x39
          LayoutInline {A} at (0,0) size 350x19 [color=#0000EE]
            LayoutText {#text} at (202,0) size 350x19
              text run at (202,0) width 350: "http://bugzilla.opendarwin.org/show_bug.cgi?id=7095"
          LayoutText {#text} at (551,0) size 749x39
            text run at (551,0) width 5: " "
            text run at (555,0) width 194: "Removing positioning from an"
            text run at (0,20) width 222: "element does not relayout properly"
        LayoutText {#text} at (221,20) size 5x19
          text run at (221,20) width 5: "."
      LayoutBlockFlow {P} at (0,56) size 784x20
        LayoutText {#text} at (0,0) size 355x19
          text run at (0,0) width 355: "The green square should be to the left of the yellow square."
      LayoutBlockFlow {HR} at (0,92) size 784x2 [border: (1px inset #EEEEEE)]
layer at (8,110) size 200x100
  LayoutBlockFlow (relative positioned) {DIV} at (0,102) size 200x100 [bgcolor=#FFFF00]
    LayoutBlockFlow {DIV} at (0,0) size 100x100 [bgcolor=#008000]
