layer at (0,0) size 800x600 scrollX 1108.00 scrollY 100.00 scrollWidth 2008 scrollHeight 2016
  LayoutView at (0,0) size 800x600
layer at (0,0) size 800x2016 backgroundClip at (0,0) size 800x600 clip at (0,0) size 800x600
  LayoutBlockFlow {HTML} at (0,0) size 800x2016
    LayoutBlockFlow {BODY} at (8,8) size 784x2000
      LayoutBlockFlow {DIV} at (-1216,0) size 2000x2000 [bgcolor=#00FF00]
layer at (-100,100) size 100x100 backgroundClip at (0,0) size 800x600 clip at (0,0) size 800x600
  LayoutBlockFlow (positioned) {DIV} at (0,0) size 100x100 [bgcolor=#FF00FF]
    LayoutText {#text} at (0,0) size 95x79
      text run at (0,0) width 95: "This box should"
      text run at (0,20) width 86: "be fixed to the"
      text run at (0,40) width 82: "top-left of the"
      text run at (0,60) width 51: "window."
scrolled to -100,100
