layer at (0,0) size 800x600
  LayoutView at (0,0) size 800x600
layer at (0,0) size 800x416
  LayoutBlockFlow {HTML} at (0,0) size 800x416
    LayoutBlockFlow {BODY} at (8,8) size 784x400
      LayoutBlockFlow (anonymous) at (0,0) size 784x20
        LayoutText {#text} at (0,0) size 548x19
          text run at (0,0) width 296: "There should be a green 100x100 square below. "
          text run at (295,0) width 253: "If you see any red, then the test has failed."
layer at (8,28) size 380x380
  LayoutBlockFlow (relative positioned) {DIV} at (0,20) size 380x380 [border: (20px solid #00000000)]
    LayoutInline {SPAN} at (0,0) size 250x19
      LayoutText {#text} at (0,0) size 0x0
      LayoutBlockFlow {DIV} at (90,40) size 250x220 [border: (10px solid #00000000)]
      LayoutText {#text} at (0,0) size 0x0
    LayoutText {#text} at (0,0) size 0x0
layer at (228,78) size 100x100
  LayoutBlockFlow (positioned) {DIV} at (220,50) size 100x100 [bgcolor=#FF0000]
layer at (228,78) size 100x100
  LayoutBlockFlow (positioned) {DIV} at (220,50) size 100x100 [bgcolor=#008000]
