layer at (0,0) size 800x600
  LayoutView at (0,0) size 800x600
layer at (0,0) size 800x52
  LayoutBlockFlow {HTML} at (0,0) size 800x52
    LayoutBlockFlow {BODY} at (8,16) size 784x20
      LayoutBlockFlow {P} at (0,0) size 784x20
        LayoutText {#text} at (0,0) size 408x19
          text run at (0,0) width 408: "Test passes the blue box is in the upper-left corner of the black box."
layer at (8,96) size 294x198
  LayoutBlockFlow (positioned) {DIV} at (8,96) size 294x198 [border: (3px solid #000000)]
layer at (11,99) size 96x96
  LayoutBlockFlow (positioned) {DIV} at (11,99) size 96x96 [bgcolor=#0000FF]
