layer at (0,0) size 800x600
  LayoutView at (0,0) size 800x600
layer at (0,0) size 800x388
  LayoutBlockFlow {HTML} at (0,0) size 800x388
    LayoutBlockFlow {BODY} at (8,8) size 784x372
      LayoutBlockFlow (anonymous) at (0,0) size 784x20
        LayoutText {#text} at (0,0) size 150x19
          text run at (0,0) width 150: "All cells should be green."
layer at (8,28) size 340x176
  LayoutTable (relative positioned) {TABLE} at (0,20) size 340x176 [border: (1px solid #000000)]
    LayoutTableSection {TBODY} at (1,1) size 338x174
      LayoutTableRow {TR} at (0,10) size 338x72
        LayoutTableCell {TD} at (10,10) size 72x2 [bgcolor=#008000] [border: (1px solid #000000)] [r=0 c=0 rs=1 cs=1]
        LayoutTableCell {TD} at (92,10) size 72x2 [bgcolor=#008000] [border: (1px solid #000000)] [r=0 c=1 rs=1 cs=1]
        LayoutTableCell {TD} at (174,10) size 72x2 [bgcolor=#008000] [border: (1px solid #000000)] [r=0 c=2 rs=1 cs=1]
        LayoutTableCell {TD} at (256,10) size 72x2 [bgcolor=#FF0000] [border: (1px solid #000000)] [r=0 c=3 rs=1 cs=1]
          LayoutInline {SPAN} at (0,0) size 0x0
      LayoutTableRow {TR} at (0,92) size 338x72
        LayoutTableCell {TD} at (10,92) size 72x2 [bgcolor=#008000] [border: (1px solid #000000)] [r=1 c=0 rs=1 cs=1]
        LayoutTableCell {TD} at (92,92) size 72x2 [bgcolor=#008000] [border: (1px solid #000000)] [r=1 c=1 rs=1 cs=1]
        LayoutTableCell {TD} at (174,92) size 72x2 [bgcolor=#FF0000] [border: (1px solid #000000)] [r=1 c=2 rs=1 cs=1]
        LayoutTableCell {TD} at (256,92) size 72x22 [bgcolor=#FF0000] [border: (1px solid #000000)] [r=1 c=3 rs=1 cs=1]
          LayoutBlockFlow {SPAN} at (1,1) size 0x0
layer at (266,40) size 70x70
  LayoutBlockFlow (positioned) {DIV} at (258,12) size 70x70 [bgcolor=#008000]
layer at (184,122) size 70x70
  LayoutBlockFlow (positioned) {DIV} at (176,94) size 70x70 [bgcolor=#008000]
layer at (266,122) size 70x70
  LayoutBlockFlow (positioned) {DIV} at (258,94) size 70x70 [bgcolor=#008000]
layer at (8,204) size 340x176
  LayoutTable (relative positioned) {TABLE} at (0,196) size 340x176 [border: (1px solid #000000)]
    LayoutTableSection {TBODY} at (1,1) size 338x174
      LayoutTableRow {TR} at (0,10) size 338x72
        LayoutTableCell {TD} at (256,10) size 72x2 [bgcolor=#008000] [border: (1px solid #000000)] [r=0 c=0 rs=1 cs=1]
        LayoutTableCell {TD} at (174,10) size 72x2 [bgcolor=#008000] [border: (1px solid #000000)] [r=0 c=1 rs=1 cs=1]
        LayoutTableCell {TD} at (92,10) size 72x2 [bgcolor=#008000] [border: (1px solid #000000)] [r=0 c=2 rs=1 cs=1]
        LayoutTableCell {TD} at (10,10) size 72x2 [bgcolor=#FF0000] [border: (1px solid #000000)] [r=0 c=3 rs=1 cs=1]
          LayoutInline {SPAN} at (0,0) size 0x0
      LayoutTableRow {TR} at (0,92) size 338x72
        LayoutTableCell {TD} at (256,92) size 72x2 [bgcolor=#008000] [border: (1px solid #000000)] [r=1 c=0 rs=1 cs=1]
        LayoutTableCell {TD} at (174,92) size 72x2 [bgcolor=#008000] [border: (1px solid #000000)] [r=1 c=1 rs=1 cs=1]
        LayoutTableCell {TD} at (92,92) size 72x2 [bgcolor=#FF0000] [border: (1px solid #000000)] [r=1 c=2 rs=1 cs=1]
        LayoutTableCell {TD} at (10,92) size 72x22 [bgcolor=#FF0000] [border: (1px solid #000000)] [r=1 c=3 rs=1 cs=1]
          LayoutBlockFlow {SPAN} at (71,1) size 0x0
layer at (20,216) size 70x70
  LayoutBlockFlow (positioned) {DIV} at (12,12) size 70x70 [bgcolor=#008000]
layer at (102,298) size 70x70
  LayoutBlockFlow (positioned) {DIV} at (94,94) size 70x70 [bgcolor=#008000]
layer at (20,298) size 70x70
  LayoutBlockFlow (positioned) {DIV} at (12,94) size 70x70 [bgcolor=#008000]
