layer at (0,0) size 800x600
  LayoutView at (0,0) size 800x600
layer at (0,0) size 800x600
  LayoutBlockFlow {HTML} at (0,0) size 800x600
    LayoutBlockFlow {BODY} at (8,8) size 784x584
      LayoutBlockFlow {P} at (0,0) size 784x40
        LayoutText {#text} at (0,0) size 202x19
          text run at (0,0) width 202: "This tests for a regression against "
        LayoutInline {I} at (0,0) size 751x39
          LayoutInline {A} at (0,0) size 350x19 [color=#0000EE]
            LayoutText {#text} at (202,0) size 350x19
              text run at (202,0) width 350: "http://bugzilla.opendarwin.org/show_bug.cgi?id=5813"
          LayoutText {#text} at (551,0) size 751x39
            text run at (551,0) width 5: " "
            text run at (555,0) width 196: "positioned blocks don't update"
            text run at (0,20) width 229: "when resizing the window vertically"
        LayoutText {#text} at (228,20) size 5x19
          text run at (228,20) width 5: "."
      LayoutBlockFlow {P} at (0,56) size 784x20
        LayoutText {#text} at (0,0) size 276x19
          text run at (0,0) width 276: "The two squares below should be solid green."
      LayoutBlockFlow {HR} at (0,92) size 784x2 [border: (1px inset #EEEEEE)]
      LayoutBlockFlow (anonymous) at (0,102) size 784x109
        LayoutText {#text} at (104,89) size 4x19
          text run at (104,89) width 4: " "
        LayoutText {#text} at (0,0) size 0x0
layer at (8,110) size 104x104
  LayoutIFrame {IFRAME} at (0,0) size 104x104 [border: (2px inset #EEEEEE)]
    layer at (0,0) size 100x100
      LayoutView at (0,0) size 100x100
    layer at (0,0) size 100x8
      LayoutBlockFlow {HTML} at (0,0) size 100x8
        LayoutBlockFlow {BODY} at (8,8) size 84x0 [bgcolor=#FF0000]
    layer at (0,0) size 100x100
      LayoutBlockFlow (positioned) {DIV} at (0,0) size 100x100 [bgcolor=#008000]
layer at (116,110) size 104x104
  LayoutIFrame {IFRAME} at (108,0) size 104x104 [border: (2px inset #EEEEEE)]
    layer at (0,0) size 100x100
      LayoutView at (0,0) size 100x100
    layer at (0,0) size 100x16
      LayoutDeprecatedFlexibleBox {HTML} at (0,0) size 100x16
        LayoutBlockFlow {BODY} at (8,8) size 0x0 [bgcolor=#FF0000]
    layer at (0,0) size 100x100
      LayoutBlockFlow (positioned) {DIV} at (0,0) size 100x100 [bgcolor=#008000]
