layer at (0,0) size 800x600
  LayoutView at (0,0) size 800x600
layer at (0,0) size 800x72
  LayoutNGBlockFlow {HTML} at (0,0) size 800x72
    LayoutNGBlockFlow {BODY} at (8,16) size 784x40
      LayoutNGBlockFlow {P} at (0,0) size 784x40
        LayoutText {#text} at (0,0) size 753x39
          text run at (0,0) width 753: "Any textual selection in this long paragraph should have green background. Any textual selection in this long paragraph"
          text run at (0,20) width 677: "should have green background. Any textual selection in this long paragraph should have green background."
