layer at (0,0) size 800x600
  LayoutView at (0,0) size 800x600
layer at (0,0) size 800x600
  LayoutNGBlockFlow {HTML} at (0,0) size 800x600
    LayoutNGBlockFlow {BODY} at (8,8) size 784x576
      LayoutNGBlockFlow {H3} at (0,0) size 784x23
        LayoutText {#text} at (0,0) size 466x22
          text run at (0,0) width 466: "Test of unqualifed :hover selector in quirks parsing mode"
      LayoutNGBlockFlow {P} at (0,41.72) size 784x20
        LayoutText {#text} at (0,0) size 615x19
          text run at (0,0) width 615: "Moving the mouse anywhere over the document should result no change to the background color."
