layer at (0,0) size 800x600
  LayoutView at (0,0) size 800x600
layer at (0,0) size 800x600
  LayoutBlockFlow {HTML} at (0,0) size 800x600
    LayoutBlockFlow {BODY} at (8,8) size 784x576
      LayoutBlockFlow (anonymous) at (0,0) size 784x19
        LayoutTextControl {INPUT} at (0,0) size 131x19 [bgcolor=#FFFFFF] [border: (2px inset #EEEEEE)]
        LayoutText {#text} at (131,0) size 4x18
          text run at (131,0) width 4: " "
        LayoutTextControl {INPUT} at (135,0) size 131x19 [bgcolor=#FFFFFF] [border: (2px inset #EEEEEE)]
        LayoutText {#text} at (266,0) size 4x18
          text run at (266,0) width 4: " "
        LayoutTextControl {INPUT} at (270,0) size 131x19 [bgcolor=#FFFFFF] [border: (2px inset #EEEEEE)]
        LayoutText {#text} at (0,0) size 0x0
      LayoutBlockFlow {P} at (0,35) size 784x36
        LayoutText {#text} at (0,0) size 765x36
          text run at (0,0) width 765: "Tests scrolling back to the beginning when a text field blurs. The first field should be scrolled to the left, the second and"
          text run at (0,18) width 164: "third scrolled to the right."
layer at (11,11) size 125x13 scrollWidth 289
  LayoutBlockFlow {DIV} at (3,3) size 125x13
    LayoutText {#text} at (0,0) size 288x13
      text run at (0,0) width 288: "this text field has a lot of text in it so that it needs to scroll"
layer at (146,11) size 125x13 scrollX 163.00 scrollWidth 288
  LayoutBlockFlow {DIV} at (3,3) size 125x13
    LayoutText {#text} at (-162,0) size 288x13
      text run at (-162,0) width 287: "this text field has a lot of text in it so that it needs to scroll"
layer at (281,11) size 125x13 scrollX 164.00 scrollWidth 289
  LayoutBlockFlow {DIV} at (3,3) size 125x13
    LayoutText {#text} at (0,0) size 288x13
      text run at (0,0) width 288: "this text field has a lot of text in it so that it needs to scroll"
caret: position 66 of child 0 {#text} of child 0 {DIV} of {#document-fragment} of child 4 {INPUT} of body
