layer at (0,0) size 800x600
  LayoutView at (0,0) size 800x600
layer at (0,0) size 800x600
  LayoutBlockFlow {HTML} at (0,0) size 800x600
    LayoutBlockFlow {BODY} at (8,8) size 784x584
      LayoutText {#text} at (0,0) size 352x18
        text run at (0,0) width 352: "This tests that the new text fields use the correct width."
      LayoutBR {BR} at (351,14) size 1x0
      LayoutTextControl {INPUT} at (0,18) size 131x19 [bgcolor=#FFFFFF] [border: (2px inset #EEEEEE)]
      LayoutBR {BR} at (131,32) size 0x0
      LayoutTextControl {INPUT} at (0,37) size 200x19 [bgcolor=#FFFFFF] [border: (2px inset #EEEEEE)]
      LayoutBR {BR} at (200,51) size 0x0
      LayoutTextControl {INPUT} at (0,56) size 311x19 [bgcolor=#FFFFFF] [border: (2px inset #EEEEEE)]
      LayoutBR {BR} at (311,70) size 0x0
      LayoutTextControl {INPUT} at (0,75) size 200x19 [bgcolor=#FFFFFF] [border: (2px inset #EEEEEE)]
      LayoutBR {BR} at (200,89) size 0x0
      LayoutTextControl {INPUT} at (0,94) size 71x19 [bgcolor=#FFFFFF] [border: (2px inset #EEEEEE)]
      LayoutBR {BR} at (71,108) size 0x0
layer at (11,29) size 125x13
  LayoutBlockFlow {DIV} at (3,3) size 125x13
layer at (11,48) size 194x13
  LayoutBlockFlow {DIV} at (3,3) size 194x13
    LayoutText {#text} at (0,0) size 95x13
      text run at (0,0) width 95: "styled width 200px"
layer at (11,67) size 305x13
  LayoutBlockFlow {DIV} at (3,3) size 305x13
    LayoutText {#text} at (0,0) size 35x13
      text run at (0,0) width 35: "size 50"
layer at (11,86) size 194x13
  LayoutBlockFlow {DIV} at (3,3) size 194x13
    LayoutText {#text} at (0,0) size 147x13
      text run at (0,0) width 147: "styled width 200px & size=10"
layer at (11,105) size 65x13
  LayoutBlockFlow {DIV} at (3,3) size 65x13
    LayoutText {#text} at (0,0) size 35x13
      text run at (0,0) width 35: "size 10"
