layer at (0,0) size 800x600
  LayoutView at (0,0) size 800x600
layer at (0,0) size 800x600
  LayoutBlockFlow {HTML} at (0,0) size 800x600
    LayoutBlockFlow {BODY} at (8,8) size 784x584
      LayoutText {#text} at (0,0) size 302x18
        text run at (0,0) width 302: "This tests that text fields get the right baseline. "
      LayoutBR {BR} at (301,14) size 1x0
      LayoutBR {BR} at (0,18) size 0x18
      LayoutTextControl {INPUT} at (0,36) size 131x19 [bgcolor=#FFFFFF] [border: (2px inset #EEEEEE)]
      LayoutText {#text} at (131,36) size 434x18
        text run at (131,36) width 434: "This text should line up with the bottom of the text in the text field. "
      LayoutBR {BR} at (564,50) size 1x0
      LayoutBR {BR} at (0,55) size 0x18
      LayoutTextControl {INPUT} at (0,73) size 131x132 [bgcolor=#FFFFFF] [border: (2px inset #EEEEEE)]
      LayoutText {#text} at (131,165) size 430x18
        text run at (131,165) width 430: "This text should line up with the bottom of the text in the text field."
layer at (11,47) size 125x13
  LayoutBlockFlow {DIV} at (3,3) size 125x13
layer at (11,84) size 125x126
  LayoutBlockFlow {DIV} at (3,3) size 125x126
