layer at (0,0) size 800x600
  LayoutView at (0,0) size 800x600
layer at (0,0) size 800x600
  LayoutBlockFlow {HTML} at (0,0) size 800x600
    LayoutBlockFlow {BODY} at (8,8) size 784x584
      LayoutText {#text} at (0,0) size 410x18
        text run at (0,0) width 410: "This tests that text can not be inserted into a readonly text field. "
      LayoutBR {BR} at (409,14) size 1x0
      LayoutTextControl {INPUT} at (0,18) size 131x19 [bgcolor=#FFFFFF] [border: (2px inset #EEEEEE)]
      LayoutText {#text} at (0,0) size 0x0
layer at (11,29) size 125x13
  LayoutBlockFlow {DIV} at (3,3) size 125x13
    LayoutText {#text} at (0,0) size 61x13
      text run at (0,0) width 61: "Test Passed"
caret: position 0 of child 0 {#text} of child 0 {DIV} of {#document-fragment} of child 2 {INPUT} of body
