layer at (0,0) size 800x600
  LayoutView at (0,0) size 800x600
layer at (0,0) size 800x600
  LayoutBlockFlow {HTML} at (0,0) size 800x600
    LayoutBlockFlow {BODY} at (8,8) size 784x576
      LayoutBlockFlow (anonymous) at (0,0) size 784x19
        LayoutTextControl {INPUT} at (0,0) size 131x19 [bgcolor=#FFFFFF] [border: (2px inset #EEEEEE)]
        LayoutText {#text} at (0,0) size 0x0
      LayoutBlockFlow {P} at (0,35) size 784x18
        LayoutText {#text} at (0,0) size 748x18
          text run at (0,0) width 748: "Tests drag-selecting down. If the test succeeds, the text from the center to the end of the text field should be selected."
layer at (11,11) size 125x13
  LayoutBlockFlow {DIV} at (3,3) size 125x13
    LayoutText {#text} at (0,0) size 114x13
      text run at (0,0) width 114: "This is a bunch of text."
selection start: position 9 of child 0 {#text} of child 0 {DIV} of {#document-fragment} of child 0 {INPUT} of body
selection end:   position 24 of child 0 {#text} of child 0 {DIV} of {#document-fragment} of child 0 {INPUT} of body
