layer at (0,0) size 800x600
  LayoutView at (0,0) size 800x600
layer at (0,0) size 800x600
  LayoutBlockFlow {HTML} at (0,0) size 800x600
    LayoutBlockFlow {BODY} at (8,8) size 784x584
      LayoutText {#text} at (0,0) size 465x18
        text run at (0,0) width 465: "This tests that the border of a readonly text field should appear dimmed. "
      LayoutBR {BR} at (464,14) size 1x0
      LayoutTextControl {INPUT} at (0,18) size 131x19 [bgcolor=#FFFFFF] [border: (2px inset #EEEEEE)]
      LayoutText {#text} at (0,0) size 0x0
layer at (11,29) size 125x13 scrollWidth 153
  LayoutBlockFlow {DIV} at (3,3) size 125x13
    LayoutText {#text} at (0,0) size 154x13
      text run at (0,0) width 154: "This border should be dimmed"
