layer at (0,0) size 800x600
  LayoutView at (0,0) size 800x600
layer at (0,0) size 800x600
  LayoutBlockFlow {HTML} at (0,0) size 800x600
    LayoutBlockFlow {BODY} at (8,8) size 784x584
      LayoutBlockFlow {P} at (0,0) size 784x18
        LayoutText {#text} at (0,0) size 54x18
          text run at (0,0) width 54: "Test for "
        LayoutInline {A} at (0,0) size 68x18 [color=#0000EE]
          LayoutText {#text} at (53,0) size 68x18
            text run at (53,0) width 68: "bug 11534"
        LayoutText {#text} at (120,0) size 5x18
          text run at (120,0) width 5: "."
      LayoutBlockFlow {P} at (0,34) size 784x18
        LayoutText {#text} at (0,0) size 358x18
          text run at (0,0) width 358: "Readonly text fields don't scroll when selecting content."
      LayoutBlockFlow (anonymous) at (0,68) size 784x19
        LayoutTextControl {INPUT} at (0,0) size 131x19 [bgcolor=#FFFFFF] [border: (2px inset #EEEEEE)]
        LayoutText {#text} at (0,0) size 0x0
      LayoutBlockFlow {DIV} at (0,87) size 784x18
        LayoutText {#text} at (0,0) size 90x18
          text run at (0,0) width 90: "ScrollLeft: 21"
        LayoutBR {BR} at (89,14) size 1x0
layer at (11,79) size 125x13 scrollX 21.00 scrollWidth 146
  LayoutBlockFlow {DIV} at (3,3) size 125x13
    LayoutText {#text} at (0,0) size 146x13
      text run at (0,0) width 146: "abcdefghijklmnopqrstuvwxyz"
selection start: position 1 of child 0 {#text} of child 0 {DIV} of {#document-fragment} of child 5 {INPUT} of body
selection end:   position 26 of child 0 {#text} of child 0 {DIV} of {#document-fragment} of child 5 {INPUT} of body
