layer at (0,0) size 800x600
  LayoutView at (0,0) size 800x600
layer at (0,0) size 800x222
  LayoutBlockFlow {HTML} at (0,0) size 800x222
    LayoutBlockFlow {BODY} at (8,8) size 784x206
      LayoutTextControl {INPUT} at (4,4) size 131x19 [bgcolor=#FFFFFF] [border: (2px inset #EEEEEE)]
      LayoutText {#text} at (139,4) size 4x18
        text run at (139,4) width 4: " "
      LayoutBR {BR} at (143,4) size 0x18
      LayoutTextControl {INPUT} at (4,31) size 133x21 [bgcolor=#FFFFFF] [border: (3px solid #00FF00)]
      LayoutText {#text} at (141,32) size 4x18
        text run at (141,32) width 4: " "
      LayoutTextControl {INPUT} at (149,32) size 131x19 [bgcolor=#FFFFFF] [border: (2px inset #EEEEEE)]
      LayoutText {#text} at (284,32) size 4x18
        text run at (284,32) width 4: " "
      LayoutBR {BR} at (288,32) size 0x18
      LayoutTextControl {INPUT} at (4,60) size 131x19 [border: (2px inset #EEEEEE)]
      LayoutText {#text} at (139,60) size 4x18
        text run at (139,60) width 4: " "
      LayoutBR {BR} at (143,60) size 0x18
      LayoutTextControl {INPUT} at (4,87) size 131x19 [bgcolor=#FFFFFF] [border: (2px inset #EEEEEE)]
      LayoutText {#text} at (139,87) size 4x18
        text run at (139,87) width 4: " "
      LayoutBR {BR} at (143,87) size 0x18
      LayoutTextControl {INPUT} at (4,122) size 173x24 [bgcolor=#FFFFFF] [border: (2px inset #EEEEEE)]
      LayoutText {#text} at (181,126) size 4x18
        text run at (181,126) width 4: " "
      LayoutTextControl {INPUT} at (189,118) size 234x29 [bgcolor=#FFFFFF] [border: (2px inset #EEEEEE)]
      LayoutText {#text} at (427,126) size 4x18
        text run at (427,126) width 4: " "
      LayoutTextControl {INPUT} at (435,114) size 276x34 [bgcolor=#FFFFFF] [border: (2px inset #EEEEEE)]
      LayoutText {#text} at (715,126) size 4x18
        text run at (715,126) width 4: " "
      LayoutBR {BR} at (719,126) size 0x18
      LayoutTextControl {INPUT} at (6,166.50) size 196x28 [bgcolor=#FFFFFF] [border: (3px inset #EEEEEE)]
      LayoutText {#text} at (208,173) size 4x18
        text run at (208,173) width 4: " "
      LayoutTextControl {INPUT} at (220,160) size 261x38 [bgcolor=#FFFFFF] [border: (4px inset #EEEEEE)]
      LayoutText {#text} at (489,173) size 4x18
        text run at (489,173) width 4: " "
      LayoutBR {BR} at (493,173) size 0x18
layer at (15,15) size 125x13
  LayoutBlockFlow {DIV} at (3,3) size 125x13
    LayoutText {#text} at (0,0) size 17x13
      text run at (0,0) width 17: "foo"
layer at (16,43) size 125x13
  LayoutBlockFlow {DIV} at (4,4) size 125x13
    LayoutText {#text} at (0,0) size 17x13
      text run at (0,0) width 17: "foo"
layer at (160,43) size 125x13
  LayoutBlockFlow {DIV} at (3,3) size 125x13
    LayoutText {#text} at (0,0) size 17x13
      text run at (0,0) width 17: "foo"
layer at (15,71) size 125x13
  LayoutBlockFlow {DIV} at (3,3) size 125x13
    LayoutText {#text} at (0,0) size 17x13
      text run at (0,0) width 17: "foo"
layer at (15,98) size 125x13
  LayoutBlockFlow {DIV} at (3,3) size 125x13
    LayoutText {#text} at (0,0) size 17x13
      text run at (0,0) width 17: "foo"
layer at (15,133) size 167x18
  LayoutBlockFlow {DIV} at (3,3) size 167x18
    LayoutText {#text} at (0,0) size 24x18
      text run at (0,0) width 24: "foo"
layer at (200,129) size 228x23
  LayoutBlockFlow {DIV} at (3,3) size 228x23
    LayoutText {#text} at (0,0) size 30x23
      text run at (0,0) width 30: "foo"
layer at (446,125) size 270x28
  LayoutBlockFlow {DIV} at (3,3) size 270x28
    LayoutText {#text} at (0,0) size 36x28
      text run at (0,0) width 36: "foo"
layer at (19,179) size 187x19
  LayoutBlockFlow {DIV} at (4.50,4.50) size 187x19
    LayoutText {#text} at (0,0) size 25x19
      text run at (0,0) width 25: "foo"
layer at (234,174) size 249x26
  LayoutBlockFlow {DIV} at (6,6) size 249x26
    LayoutText {#text} at (0,0) size 33x26
      text run at (0,0) width 33: "foo"
