layer at (0,0) size 800x600
  LayoutView at (0,0) size 800x600
layer at (0,0) size 800x600
  LayoutBlockFlow {HTML} at (0,0) size 800x600
    LayoutBlockFlow {BODY} at (8,8) size 784x584
      LayoutText {#text} at (0,0) size 563x18
        text run at (0,0) width 563: "This tests that a negative outline-offset won't get in the way of a cursor in a text control."
      LayoutBR {BR} at (562,14) size 1x0
      LayoutTextControl {INPUT} at (0,18) size 232x27 [bgcolor=#FFFFFF] [border: (1px solid #000000)]
      LayoutText {#text} at (0,0) size 0x0
layer at (10,28) size 228x23 scrollWidth 565
  LayoutBlockFlow {DIV} at (2,2) size 228x23
    LayoutText {#text} at (0,0) size 564x23
      text run at (0,0) width 564: "abcThis tests that typing doesn't cut holes in the focus outline"
caret: position 3 of child 0 {#text} of child 0 {DIV} of {#document-fragment} of child 3 {INPUT} of body
