layer at (0,0) size 800x600
  LayoutView at (0,0) size 800x600
layer at (0,0) size 800x321
  LayoutBlockFlow {HTML} at (0,0) size 800x321
    LayoutBlockFlow {BODY} at (8,8) size 784x305
      LayoutText {#text} at (0,0) size 0x0
layer at (8,8) size 400x300
  LayoutVideo {VIDEO} at (0,0) size 400x300
layer at (8,8) size 400x300
  LayoutFlexibleBox (relative positioned) {DIV} at (0,0) size 400x300
    LayoutFlexibleBox {DIV} at (0,0) size 400x300
layer at (8,8) size 400x300
  LayoutBlockFlow (positioned) {DIV} at (0,0) size 400x300
layer at (8,8) size 400x300
  LayoutFlexibleBox {DIV} at (0,0) size 400x300
layer at (8,8) size 400x284 clip at (10,10) size 396x280
  LayoutButton (relative positioned) {INPUT} at (0,0) size 400x284 [border: (2px outset #C0C0C0)]
    LayoutFlexibleBox (anonymous) at (8,104.50) size 384x75
      LayoutBlockFlow {DIV} at (154.50,0) size 75x75 [bgcolor=#FFFFFFE6]
layer at (8,244) size 400x48
  LayoutFlexibleBox (relative positioned) {DIV} at (0,236) size 400x48
    LayoutBlockFlow {DIV} at (16,0) size 31x48 [color=#FFFFFF]
      LayoutText {#text} at (0,15) size 31x18
        text run at (0,15) width 31: "0:00"
    LayoutBlockFlow {DIV} at (51,0) size 39x48 [color=#FFFFFF]
      LayoutText {#text} at (0,15) size 39x18
        text run at (0,15) width 39: "/ 0:06"
    LayoutBlockFlow {DIV} at (90,48) size 214x0
    LayoutButton {INPUT} at (304,0) size 48x48
    LayoutButton {INPUT} at (352,0) size 48x48
layer at (8,292) size 400x16
  LayoutSlider {INPUT} at (0,284) size 400x16 [color=#9D968E]
    LayoutFlexibleBox {DIV} at (16,0) size 368x4
layer at (24,292) size 368x4
  LayoutBlockFlow (relative positioned) {DIV} at (0,0) size 368x4 [bgcolor=#FFFFFF4D]
layer at (24,288) size 12x12
  LayoutBlockFlow (relative positioned) {DIV} at (0,-4) size 12x12 [bgcolor=#FFFFFF]
layer at (24,292) size 368x4
  LayoutBlockFlow (positioned) {DIV} at (0,0) size 368x4
layer at (24,292) size 0x4
  LayoutBlockFlow (positioned) {DIV} at (0,0) size 0x4 [bgcolor=#FFFFFF]
layer at (24,292) size 368x4
  LayoutBlockFlow (positioned) {DIV} at (0,0) size 368x4 [bgcolor=#FFFFFF8A]
