layer at (0,0) size 800x600
  LayoutView at (0,0) size 800x600
layer at (0,0) size 800x320
  LayoutNGBlockFlow {HTML} at (0,0) size 800x320
    LayoutNGBlockFlow {BODY} at (8,16) size 784x256
      LayoutNGBlockFlow {P} at (0,0) size 784x40
        LayoutText {#text} at (0,0) size 728x39
          text run at (0,0) width 728: "If no compositing were present, there should be two green squares below. Since some elements are composited, and"
          text run at (0,20) width 301: "therefore not fragmented, the output is different."
layer at (8,104) size 60x60
  LayoutNGBlockFlow {DIV} at (0,88) size 60x60
    LayoutMultiColumnSet (anonymous) at (0,0) size 60x60
layer at (8,104) size 20x180 backgroundClip at (0,0) size 28x164 clip at (0,0) size 28x164
  LayoutMultiColumnFlowThread (anonymous) at (0,0) size 20x180
    LayoutNGBlockFlow {DIV} at (0,0) size 20x20 [bgcolor=#008000]
    LayoutNGBlockFlow {DIV} at (0,100) size 20x20 [bgcolor=#008000]
    LayoutNGBlockFlow {DIV} at (0,120) size 20x20 [bgcolor=#008000]
    LayoutNGBlockFlow {DIV} at (0,140) size 20x20 [bgcolor=#008000]
    LayoutNGBlockFlow {DIV} at (0,160) size 20x20 [bgcolor=#008000]
layer at (8,212) size 60x60
  LayoutNGBlockFlow {DIV} at (0,196) size 60x60
    LayoutMultiColumnSet (anonymous) at (0,0) size 60x60
layer at (8,212) size 20x180 backgroundClip at (0,0) size 28x272 clip at (0,0) size 28x272
  LayoutMultiColumnFlowThread (anonymous) at (0,0) size 20x180
layer at (8,124) size 20x80
  LayoutNGBlockFlow {DIV} at (0,20) size 20x80
    LayoutNGBlockFlow {DIV} at (0,0) size 20x20 [bgcolor=#008000]
    LayoutNGBlockFlow {DIV} at (0,60) size 20x20 [bgcolor=#008000]
layer at (8,144) size 20x40
  LayoutNGBlockFlow {DIV} at (0,20) size 20x40
    LayoutNGBlockFlow {DIV} at (0,0) size 20x20 [bgcolor=#008000]
    LayoutNGBlockFlow {DIV} at (0,20) size 20x20 [bgcolor=#008000]
layer at (8,212) size 20x180
  LayoutNGBlockFlow {DIV} at (0,0) size 20x180
    LayoutNGBlockFlow {DIV} at (0,80) size 20x20 [bgcolor=#008000]
layer at (8,212) size 20x80
  LayoutNGBlockFlow {DIV} at (0,0) size 20x80
    LayoutNGBlockFlow {DIV} at (0,0) size 20x20 [bgcolor=#008000]
    LayoutNGBlockFlow {DIV} at (0,20) size 20x20 [bgcolor=#008000]
layer at (8,252) size 20x40
  LayoutNGBlockFlow {DIV} at (0,40) size 20x40
    LayoutNGBlockFlow {DIV} at (0,0) size 20x20 [bgcolor=#008000]
    LayoutNGBlockFlow {DIV} at (0,20) size 20x20 [bgcolor=#008000]
layer at (8,312) size 20x80
  LayoutNGBlockFlow {DIV} at (0,100) size 20x80
    LayoutNGBlockFlow {DIV} at (0,40) size 20x20 [bgcolor=#008000]
    LayoutNGBlockFlow {DIV} at (0,60) size 20x20 [bgcolor=#008000]
layer at (8,312) size 20x40
  LayoutNGBlockFlow {DIV} at (0,0) size 20x40
    LayoutNGBlockFlow {DIV} at (0,0) size 20x20 [bgcolor=#008000]
    LayoutNGBlockFlow {DIV} at (0,20) size 20x20 [bgcolor=#008000]
