layer at (0,0) size 800x600
  LayoutView at (0,0) size 800x600
layer at (0,0) size 800x268
  LayoutNGBlockFlow {HTML} at (0,0) size 800x268
    LayoutNGBlockFlow {BODY} at (8,16) size 784x244
      LayoutNGBlockFlow {P} at (0,0) size 784x20
        LayoutText {#text} at (0,0) size 701x19
          text run at (0,0) width 701: "There should be one yellow box below, on a blue background. the \"second column\" part should be clipped out."
layer at (8,52) size 272x208
  LayoutNGBlockFlow {DIV} at (0,36) size 272x208
    LayoutMultiColumnSet (anonymous) at (0,0) size 272x208
layer at (8,52) size 128x272 backgroundClip at (8,52) size 136x208 clip at (8,52) size 136x208
  LayoutMultiColumnFlowThread (anonymous) at (0,0) size 128x272
    LayoutNGBlockFlow (anonymous) at (0,0) size 128x128
      LayoutBR {BR} at (0,6) size 0x0
      LayoutBR {BR} at (0,38) size 0x0
      LayoutBR {BR} at (0,70) size 0x0
      LayoutBR {BR} at (0,102) size 0x0
layer at (0,52) size 800x208
  LayoutNGBlockFlow (positioned) {DIV} at (0,52) size 800x208 [bgcolor=#0000FF]
layer at (16,188) size 112x136 backgroundClip at (16,188) size 112x72 clip at (16,188) size 112x72 scrollHeight 176
  LayoutNGBlockFlow (relative positioned) {DIV} at (8,136) size 112x136 [bgcolor=#FFFF00]
    LayoutNGBlockFlow (anonymous) at (0,0) size 112x144
      LayoutText {#text} at (0,6) size 24x19
        text run at (0,6) width 24: "first"
      LayoutBR {BR} at (24,6) size 0x0
      LayoutText {#text} at (0,38) size 47x19
        text run at (0,38) width 47: "column"
      LayoutBR {BR} at (47,38) size 0x0
      LayoutText {#text} at (0,0) size 0x0
      LayoutBR {BR} at (0,0) size 0x0
      LayoutText {#text} at (0,0) size 0x0
      LayoutBR {BR} at (0,0) size 0x0
    LayoutNGBlockFlow {DIV} at (0,144) size 112x32 [bgcolor=#FF0000]
      LayoutText {#text} at (0,6) size 34x19
        text run at (0,6) width 34: "FAIL"
