layer at (0,0) size 800x600
  LayoutView at (0,0) size 800x600
layer at (0,0) size 800x288
  LayoutNGBlockFlow {HTML} at (0,0) size 800x288
    LayoutNGBlockFlow {BODY} at (8,16) size 784x264
      LayoutNGBlockFlow {P} at (0,0) size 784x40
        LayoutText {#text} at (0,0) size 210x19
          text run at (0,0) width 210: "The word 'PASS' should be seen "
        LayoutInline {EM} at (0,0) size 33x19
          LayoutText {#text} at (210,0) size 33x19
            text run at (210,0) width 33: "twice"
        LayoutText {#text} at (243,0) size 781x39
          text run at (243,0) width 538: " below. The second PASS is not overlapping the yellow because it is composited with"
          text run at (0,20) width 249: "the first one, and hence not fragmented."
layer at (8,72) size 560x208
  LayoutNGBlockFlow {DIV} at (0,56) size 560x208
    LayoutMultiColumnSet (anonymous) at (0,0) size 560x208
layer at (8,72) size 176x456 backgroundClip at (0,0) size 192x280 clip at (0,0) size 192x280
  LayoutMultiColumnFlowThread (anonymous) at (0,0) size 176x456
    LayoutNGBlockFlow (anonymous) at (0,0) size 176x368
      LayoutBR {BR} at (0,6) size 0x0
      LayoutBR {BR} at (0,38) size 0x0
      LayoutBR {BR} at (0,70) size 0x0
      LayoutBR {BR} at (0,102) size 0x0
      LayoutBR {BR} at (0,134) size 0x0
      LayoutBR {BR} at (0,166) size 0x0
      LayoutBR {BR} at (0,0) size 0x0
      LayoutBR {BR} at (0,0) size 0x0
      LayoutBR {BR} at (0,0) size 0x0
      LayoutBR {BR} at (0,0) size 0x0
      LayoutBR {BR} at (0,0) size 0x0
layer at (0,72) size 800x128
  LayoutNGBlockFlow (positioned) {DIV} at (0,72) size 800x128 [bgcolor=#FFFF00]
layer at (208,232) size 160x80 backgroundClip at (0,0) size 192x280 clip at (0,0) size 192x280
  LayoutNGBlockFlow (relative positioned) {DIV} at (8,368) size 160x80
    LayoutText {#text} at (0,6) size 37x19
      text run at (0,6) width 37: "PASS"
    LayoutBR {BR} at (37,6) size 0x0
    LayoutText {#text} at (0,0) size 0x0
