layer at (0,0) size 800x600
  LayoutView at (0,0) size 800x600
layer at (0,0) size 800x600
  LayoutNGBlockFlow {HTML} at (0,0) size 800x600
    LayoutNGBlockFlow {BODY} at (8,8) size 784x584
layer at (8,8) size 784x66
  LayoutNGBlockFlow {DIV} at (0,0) size 784x66
    LayoutMultiColumnSet (anonymous) at (0,0) size 784x66
layer at (8,8) size 384x132 backgroundClip at (0,0) size 400x74 clip at (0,0) size 400x74
  LayoutMultiColumnFlowThread (anonymous) at (0,0) size 384x132
    LayoutText {#text} at (0,0) size 0x0
    LayoutText {#text} at (0,0) size 0x0
layer at (410,50) size 181x22 backgroundClip at (0,0) size 0x0 clip at (0,0) size 0x0
  LayoutTextControl (relative positioned) {INPUT} at (402,42) size 181x22 [bgcolor=#FFFFFF] [border: (2px inset #EEEEEE)]
layer at (412,53) size 177x16 backgroundClip at (0,0) size 0x0 clip at (0,0) size 0x0
  LayoutBlockFlow {DIV} at (2,3) size 177x16
    LayoutText {#text} at (0,0) size 42x16
      text run at (0,0) width 42: "Testing"
caret: position 7 of child 0 {#text} of child 0 {DIV} of {#document-fragment} of child 1 {INPUT} of child 1 {DIV} of body
