layer at (0,0) size 800x600
  LayoutView at (0,0) size 800x600
layer at (0,0) size 800x236
  LayoutBlockFlow {HTML} at (0,0) size 800x235.97
    LayoutBlockFlow {BODY} at (8,8) size 784x219.97
      LayoutBlockFlow {DIV} at (0,0) size 99.98x99.98
      LayoutBlockFlow {DIV} at (0,99.98) size 99.98x99.98 [border: (1.09px solid #000000)]
      LayoutBlockFlow (anonymous) at (0,199.97) size 784x20
        LayoutText {#text} at (0,0) size 353x19
          text run at (0,0) width 353: "The gradients should fill the entire boxes and not repeat."
