layer at (0,0) size 800x600
  LayoutView at (0,0) size 800x600
layer at (0,0) size 800x600
  LayoutBlockFlow {HTML} at (0,0) size 800x600
    LayoutFrameSet {FRAMESET} at (0,0) size 800x600
layer at (0,0) size 397x600
  LayoutFrame {FRAME} at (0,0) size 397x600
    layer at (0,0) size 397x600
      LayoutView at (0,0) size 397x600
    layer at (0,0) size 397x600
      LayoutBlockFlow {HTML} at (0,0) size 397x600
        LayoutBlockFlow {BODY} at (8,8) size 381x576
          LayoutBlockFlow {P} at (0,0) size 381x40
            LayoutText {#text} at (0,0) size 360x39
              text run at (0,0) width 360: "This tests that navigating to two pages in a subframe, and"
              text run at (0,20) width 279: "then going back does not cause an assertion."
          LayoutBlockFlow {P} at (0,56) size 381x20
            LayoutText {#text} at (0,0) size 167x19
              text run at (0,0) width 167: "SUCCESS - Didn't assert!"
layer at (403,0) size 397x600
  LayoutFrame {FRAME} at (403,0) size 397x600
    layer at (0,0) size 397x600
      LayoutView at (0,0) size 397x600
    layer at (0,0) size 397x600
      LayoutBlockFlow {HTML} at (0,0) size 397x600
        LayoutBlockFlow {BODY} at (8,8) size 381x584
          LayoutText {#text} at (0,0) size 29x19
            text run at (0,0) width 29: "test1"
