layer at (0,0) size 800x600
  LayoutView at (0,0) size 800x600
layer at (0,0) size 800x600
  LayoutBlockFlow {HTML} at (0,0) size 800x600
    LayoutBlockFlow {BODY} at (8,8) size 784x584 [bgcolor=#FFFFFF]
      LayoutTable {TABLE} at (0,0) size 49x134
        LayoutTableSection {TBODY} at (0,0) size 49x134
          LayoutTableRow {TR} at (0,2) size 49x20
            LayoutTableCell {TD} at (2,2) size 45x20 [r=0 c=0 rs=1 cs=1]
              LayoutText {#text} at (1,1) size 43x18
                text run at (1,1) width 43: "Row 0"
          LayoutTableRow {TR} at (0,24) size 49x20
            LayoutTableCell {TD} at (2,24) size 45x20 [r=1 c=0 rs=1 cs=1]
              LayoutText {#text} at (1,1) size 43x18
                text run at (1,1) width 43: "Row 1"
          LayoutTableRow {TR} at (0,46) size 49x20
            LayoutTableCell {TD} at (2,46) size 45x20 [r=2 c=0 rs=1 cs=1]
              LayoutText {#text} at (1,1) size 43x18
                text run at (1,1) width 43: "Row 2"
          LayoutTableRow {TR} at (0,68) size 49x20
            LayoutTableCell {TD} at (2,68) size 45x20 [r=3 c=0 rs=1 cs=1]
              LayoutText {#text} at (1,1) size 43x18
                text run at (1,1) width 43: "Row 3"
          LayoutTableRow {TR} at (0,90) size 49x20
            LayoutTableCell {TD} at (2,90) size 45x20 [r=4 c=0 rs=1 cs=1]
              LayoutText {#text} at (1,1) size 43x18
                text run at (1,1) width 43: "Row 4"
          LayoutTableRow {TR} at (0,112) size 49x20
            LayoutTableCell {TD} at (2,112) size 45x20 [r=5 c=0 rs=1 cs=1]
              LayoutText {#text} at (1,1) size 43x18
                text run at (1,1) width 43: "Row 5"
      LayoutBlockFlow (anonymous) at (0,134) size 784x19
        LayoutTextControl {INPUT} at (0,0) size 17x19 [bgcolor=#FFFFFF] [border: (2px inset #EEEEEE)]
        LayoutText {#text} at (17,0) size 4x18
          text run at (17,0) width 4: " "
        LayoutTextControl {INPUT} at (21,0) size 17x19 [bgcolor=#FFFFFF] [border: (2px inset #EEEEEE)]
        LayoutText {#text} at (38,0) size 4x18
          text run at (38,0) width 4: " "
        LayoutButton {INPUT} at (42,1) size 28.84x18 [bgcolor=#C0C0C0]
          LayoutBlockFlow (anonymous) at (8,2) size 12.84x13
            LayoutText {#text} at (0,0) size 13x13
              text run at (0,0) width 13: "go"
        LayoutText {#text} at (0,0) size 0x0
layer at (11,145) size 11x13
  LayoutBlockFlow {DIV} at (3,3) size 11x13
    LayoutText {#text} at (0,0) size 7x13
      text run at (0,0) width 7: "2"
layer at (32,145) size 11x13
  LayoutBlockFlow {DIV} at (3,3) size 11x13
    LayoutText {#text} at (0,0) size 7x13
      text run at (0,0) width 7: "4"
