layer at (0,0) size 800x600 scrollWidth 942
  LayoutView at (0,0) size 800x600
layer at (0,0) size 800x600
  LayoutBlockFlow {HTML} at (0,0) size 800x600
    LayoutBlockFlow {BODY} at (8,8) size 784x584
      LayoutBlockFlow {DETAILS} at (0,0) size 784x0
      LayoutBlockFlow {DETAILS} at (0,0) size 784x20
      LayoutBlockFlow {DETAILS} at (0,20) size 784x0
layer at (50,150) size 49x20
  LayoutBlockFlow (positioned) {SUMMARY} at (50,150) size 48.95x20
    LayoutDetailsMarker {DIV} at (0,4.45) size 10.55x10.55: right
    LayoutText {#text} at (16,0) size 33x19
      text run at (16,0) width 33: "fixed"
layer at (158,158) size 784x20 backgroundClip at (0,0) size 800x600 clip at (0,0) size 800x600
  LayoutBlockFlow (relative positioned) {SUMMARY} at (0,0) size 784x20
    LayoutDetailsMarker {DIV} at (0,4.45) size 10.55x10.55: right
    LayoutText {#text} at (16,0) size 47x19
      text run at (16,0) width 47: "relative"
layer at (250,150) size 69x20
  LayoutBlockFlow (positioned) {SUMMARY} at (250,150) size 68.95x20
    LayoutDetailsMarker {DIV} at (0,4.45) size 10.55x10.55: right
    LayoutText {#text} at (16,0) size 53x19
      text run at (16,0) width 53: "absolute"
