layer at (0,0) size 800x600
  LayoutView at (0,0) size 800x600
layer at (0,0) size 800x600
  LayoutBlockFlow {HTML} at (0,0) size 800x600
    LayoutBlockFlow {BODY} at (8,8) size 784x584
      LayoutBlockFlow {DETAILS} at (0,0) size 784x20
        LayoutBlockFlow {SUMMARY} at (0,0) size 784x20
          LayoutDetailsMarker {DIV} at (0,4.45) size 10.55x10.55: down
          LayoutText {#text} at (16,0) size 63x19
            text run at (16,0) width 63: "summary "
          LayoutInline {SPAN} at (0,0) size 182x19
            LayoutText {#text} at (78,0) size 182x19
              text run at (78,0) width 182: "shouldn't have any bold text."
        LayoutBlockFlow {DIV} at (0,20) size 784x0
