layer at (0,0) size 800x600
  LayoutView at (0,0) size 800x600
layer at (0,0) size 800x600
  LayoutBlockFlow {HTML} at (0,0) size 800x600
    LayoutBlockFlow {BODY} at (0,0) size 800x600
      LayoutBlockFlow {DETAILS} at (0,0) size 800x20
        LayoutBlockFlow {SUMMARY} at (0,0) size 800x20
          LayoutDetailsMarker {DIV} at (0,4.45) size 10.55x10.55: right
          LayoutText {#text} at (16,0) size 71x19
            text run at (16,0) width 71: "summary 2"
caret: position 0 of child 0 {DIV} of {#document-fragment} of child 2 {SUMMARY} of child 1 {DETAILS} of body
