layer at (0,0) size 800x600
  LayoutView at (0,0) size 800x600
layer at (0,0) size 800x477
  LayoutBlockFlow {HTML} at (0,0) size 800x476.88
    LayoutBlockFlow {BODY} at (8,8) size 784x460.88
      LayoutBlockFlow {DIV} at (0,0) size 784x86.83
        LayoutBlockFlow {DETAILS} at (0,0) size 784x86.83
          LayoutBlockFlow {SUMMARY} at (0,0) size 784x86.83
            LayoutDetailsMarker {DIV} at (0,0) size 111.83x79.83 [border: (8px solid #00FF00) (16px solid #00FF00) (24px solid #00FF00) (32px solid #00FF00)]: right
            LayoutText {#text} at (121,58) size 95x28
              text run at (121,58) width 95: "Summary"
      LayoutBlockFlow {DIV} at (0,86.83) size 118.83x183.44
        LayoutBlockFlow {DETAILS} at (0,0) size 118.83x183.44
          LayoutBlockFlow {SUMMARY} at (0,0) size 118.83x183.44
            LayoutDetailsMarker {DIV} at (0,0) size 111.83x79.83 [border: (8px solid #00FF00) (16px solid #00FF00) (24px solid #00FF00) (32px solid #00FF00)]: down
            LayoutText {#text} at (90,89) size 28x95
              text run at (90,89) width 95: "Summary"
      LayoutBlockFlow {DIV} at (0,270.27) size 784x47
        LayoutBlockFlow {DETAILS} at (0,0) size 784x47
          LayoutBlockFlow {SUMMARY} at (0,0) size 784x47
            LayoutDetailsMarker {DIV} at (0,0) size 64x40 [border: (8px solid #00FF00)]: right
            LayoutText {#text} at (73,19) size 95x27
              text run at (73,19) width 95: "Summary"
      LayoutBlockFlow {DIV} at (0,317.27) size 71x143.61
        LayoutBlockFlow {DETAILS} at (0,0) size 71x143.61
          LayoutBlockFlow {SUMMARY} at (0,0) size 71x143.61
            LayoutDetailsMarker {DIV} at (0,0) size 64x40 [border: (8px solid #00FF00)]: down
            LayoutText {#text} at (43,49) size 27x95
              text run at (43,49) width 94: "Summary"
