layer at (0,0) size 800x600
  LayoutView at (0,0) size 800x600
layer at (0,0) size 800x600
  LayoutBlockFlow {HTML} at (0,0) size 800x600
    LayoutBlockFlow {BODY} at (8,20) size 784x480
      LayoutBlockFlow {DIV} at (20,0) size 744x57
        LayoutInline {SPAN} at (0,0) size 290x55
          LayoutText {#text} at (0,1) size 290x55
            text run at (0,1) width 290: "      multiple    "
        LayoutText {#text} at (290,1) size 305x55
          text run at (290,1) width 305: "     shadows      "
      LayoutBlockFlow {DIV} at (100,157) size 100x100
