layer at (0,0) size 800x600
  LayoutView at (0,0) size 800x600
layer at (0,0) size 800x600
  LayoutBlockFlow {HTML} at (0,0) size 800x600
    LayoutBlockFlow {BODY} at (8,8) size 784x562
      LayoutBlockFlow {P} at (0,0) size 784x20
        LayoutText {#text} at (0,0) size 164x19
          text run at (0,0) width 164: "This is a regression test for "
        LayoutInline {I} at (0,0) size 601x19
          LayoutInline {A} at (0,0) size 349x19 [color=#0000EE]
            LayoutText {#text} at (164,0) size 349x19
              text run at (164,0) width 349: "http://bugzilla.opendarwin.org/show_bug.cgi?id=7301"
          LayoutText {#text} at (513,0) size 252x19
            text run at (513,0) width 4: " "
            text run at (517,0) width 248: "Text shadow does not repaint correctly"
        LayoutText {#text} at (765,0) size 4x19
          text run at (765,0) width 4: "."
      LayoutBlockFlow {DIV} at (30,68) size 724x21
        LayoutInline {SPAN} at (0,0) size 199x20 [bgcolor=#C0C0C0]
          LayoutText {#text} at (0,0) size 199x20
            text run at (0,0) width 199: "Lorem ipsum dolor sit amet"
        LayoutText {#text} at (0,0) size 0x0
      LayoutBlockFlow {DIV} at (30,119) size 724x21
        LayoutInline {SPAN} at (0,0) size 199x20 [bgcolor=#C0C0C0]
          LayoutText {#text} at (0,0) size 199x20
            text run at (0,0) width 199: "Lorem ipsum dolor sit amet"
        LayoutText {#text} at (0,0) size 0x0
      LayoutBlockFlow {DIV} at (30,170) size 724x21
        LayoutText {#text} at (0,1) size 83x19
          text run at (0,1) width 83: "Lorem ipsum "
        LayoutInline {SPAN} at (0,0) size 98x20 [bgcolor=#C0C0C0]
          LayoutText {#text} at (83,0) size 98x20
            text run at (83,0) width 98: "dolor sit amet"
        LayoutText {#text} at (0,0) size 0x0
      LayoutBlockFlow {DIV} at (30,221) size 724x21
        LayoutInline {SPAN} at (0,0) size 96x20 [bgcolor=#C0C0C0]
          LayoutText {#text} at (0,0) size 96x20
            text run at (0,0) width 96: "Lorem ipsum"
        LayoutText {#text} at (96,1) size 86x19
          text run at (96,1) width 86: " dolor sit amet"
layer at (8,44) size 784x2 clip at (0,0) size 0x0
  LayoutBlockFlow {HR} at (0,36) size 784x2 [border: (1px inset #EEEEEE)]
