layer at (0,0) size 800x600
  LayoutView at (0,0) size 800x600
layer at (0,0) size 800x600
  LayoutBlockFlow {HTML} at (0,0) size 800x600
    LayoutBlockFlow {BODY} at (8,8) size 784x584
      LayoutBlockFlow {P} at (0,0) size 784x18
        LayoutText {#text} at (0,0) size 307x18
          text run at (0,0) width 307: "Both rows should have the same width (725px)."
      LayoutTable {TABLE} at (0,34) size 725x36
        LayoutTableSection {TBODY} at (0,0) size 725x36
          LayoutTableRow {TR} at (0,0) size 725x18
            LayoutTableCell {TD} at (0,0) size 90x18 [bgcolor=#7CFC00] [r=0 c=0 rs=1 cs=1]
              LayoutText {#text} at (0,0) size 8x18
                text run at (0,0) width 8: "1"
            LayoutTableCell {TD} at (90,0) size 90x18 [bgcolor=#008000] [r=0 c=1 rs=1 cs=1]
              LayoutText {#text} at (0,0) size 18x18
                text run at (0,0) width 18: "1+"
            LayoutTableCell {TD} at (180,0) size 90x18 [bgcolor=#00FFFF] [r=0 c=2 rs=1 cs=1]
              LayoutText {#text} at (0,0) size 8x18
                text run at (0,0) width 8: "2"
            LayoutTableCell {TD} at (270,0) size 91x18 [bgcolor=#008B8B] [r=0 c=3 rs=1 cs=1]
              LayoutText {#text} at (0,0) size 18x18
                text run at (0,0) width 18: "2+"
            LayoutTableCell {TD} at (361,0) size 91x18 [bgcolor=#FFFF00] [r=0 c=4 rs=1 cs=1]
              LayoutText {#text} at (0,0) size 8x18
                text run at (0,0) width 8: "3"
            LayoutTableCell {TD} at (452,0) size 91x18 [bgcolor=#FFD700] [r=0 c=5 rs=1 cs=1]
              LayoutText {#text} at (0,0) size 18x18
                text run at (0,0) width 18: "3+"
            LayoutTableCell {TD} at (543,0) size 91x18 [bgcolor=#FFA500] [r=0 c=6 rs=1 cs=1]
              LayoutText {#text} at (0,0) size 8x18
                text run at (0,0) width 8: "4"
            LayoutTableCell {TD} at (634,0) size 91x18 [bgcolor=#FF8C00] [r=0 c=7 rs=1 cs=1]
              LayoutText {#text} at (0,0) size 18x18
                text run at (0,0) width 18: "4+"
          LayoutTableRow {TR} at (0,18) size 725x18
            LayoutTableCell {TD} at (0,18) size 90x18 [r=1 c=0 rs=1 cs=1]
              LayoutText {#text} at (0,0) size 4x18
                text run at (0,0) width 4: " "
      LayoutTable {TABLE} at (0,70) size 725x18
        LayoutTableSection {TBODY} at (0,0) size 725x18
          LayoutTableRow {TR} at (0,0) size 725x18
            LayoutTableCell {TD} at (0,0) size 181x18 [bgcolor=#7CFC00] [r=0 c=0 rs=1 cs=1]
              LayoutText {#text} at (0,0) size 8x18
                text run at (0,0) width 8: "1"
            LayoutTableCell {TD} at (181,0) size 181x18 [bgcolor=#00FFFF] [r=0 c=1 rs=1 cs=1]
              LayoutText {#text} at (0,0) size 8x18
                text run at (0,0) width 8: "2"
            LayoutTableCell {TD} at (362,0) size 181x18 [bgcolor=#FFFF00] [r=0 c=2 rs=1 cs=1]
              LayoutText {#text} at (0,0) size 8x18
                text run at (0,0) width 8: "3"
            LayoutTableCell {TD} at (543,0) size 182x18 [bgcolor=#FFA500] [r=0 c=3 rs=1 cs=1]
              LayoutText {#text} at (0,0) size 8x18
                text run at (0,0) width 8: "4"
      LayoutBlockFlow (anonymous) at (0,88) size 784x19
        LayoutButton {BUTTON} at (0,1) size 43.09x18 [bgcolor=#C0C0C0] [border: none (2px outset #C0C0C0) none (2px outset #C0C0C0)]
          LayoutBlockFlow (anonymous) at (8,2) size 27.09x13
            LayoutText {#text} at (0,0) size 28x13
              text run at (0,0) width 28: "show"
        LayoutText {#text} at (43,0) size 5x18
          text run at (43,0) width 5: " "
        LayoutButton {BUTTON} at (47.09,1) size 38.28x18 [bgcolor=#C0C0C0] [border: none (2px outset #C0C0C0) none (2px outset #C0C0C0)]
          LayoutBlockFlow (anonymous) at (8,2) size 22.28x13
            LayoutText {#text} at (0,0) size 23x13
              text run at (0,0) width 23: "hide"
        LayoutText {#text} at (0,0) size 0x0
