layer at (0,0) size 800x600
  LayoutView at (0,0) size 800x600
layer at (0,0) size 800x183
  LayoutBlockFlow {HTML} at (0,0) size 800x183
    LayoutBlockFlow {BODY} at (8,8) size 784x167
      LayoutSlider {INPUT} at (4,4) size 129x15 [color=#909090] [bgcolor=#FFFFFF]
        LayoutFlexibleBox {DIV} at (0,0) size 129x15
          LayoutBlockFlow {DIV} at (0,0) size 129x15
            LayoutBlockFlow {DIV} at (57,0) size 15x15
      LayoutText {#text} at (137,5) size 4x18
        text run at (137,5) width 4: " "
      LayoutBR {BR} at (141,5) size 0x18
      LayoutSlider {INPUT} at (4,27) size 135x21 [color=#909090] [bgcolor=#FFFFFF] [border: (3px solid #00FF00)]
        LayoutFlexibleBox {DIV} at (3,3) size 129x15
          LayoutBlockFlow {DIV} at (0,0) size 129x15
            LayoutBlockFlow {DIV} at (57,0) size 15x15
      LayoutText {#text} at (143,34) size 4x18
        text run at (143,34) width 4: " "
      LayoutSlider {INPUT} at (151,33) size 129x15 [color=#909090] [bgcolor=#FFFFFF]
        LayoutFlexibleBox {DIV} at (0,0) size 129x15
          LayoutBlockFlow {DIV} at (0,0) size 129x15
            LayoutBlockFlow {DIV} at (57,0) size 15x15
      LayoutText {#text} at (284,34) size 4x18
        text run at (284,34) width 4: " "
      LayoutBR {BR} at (288,34) size 0x18
      LayoutSlider {INPUT} at (4,56) size 129x15 [color=#909090]
        LayoutFlexibleBox {DIV} at (0,0) size 129x15
          LayoutBlockFlow {DIV} at (0,0) size 129x15
            LayoutBlockFlow {DIV} at (57,0) size 15x15
      LayoutText {#text} at (137,57) size 4x18
        text run at (137,57) width 4: " "
      LayoutBR {BR} at (141,57) size 0x18
      LayoutSlider {INPUT} at (4,79) size 129x15 [color=#909090] [bgcolor=#FFFFFF]
        LayoutFlexibleBox {DIV} at (0,0) size 129x15
          LayoutBlockFlow {DIV} at (0,0) size 129x15
            LayoutBlockFlow {DIV} at (57,0) size 15x15
      LayoutText {#text} at (137,80) size 4x18
        text run at (137,80) width 4: " "
      LayoutBR {BR} at (141,80) size 0x18
      LayoutSlider {INPUT} at (4,102) size 40x15 [color=#909090] [bgcolor=#FFFFFF]
        LayoutFlexibleBox {DIV} at (0,0) size 40x15
          LayoutBlockFlow {DIV} at (0,0) size 40x15
            LayoutBlockFlow {DIV} at (12.50,0) size 15x15
      LayoutText {#text} at (48,103) size 4x18
        text run at (48,103) width 4: " "
      LayoutSlider {INPUT} at (56,102) size 40x15 [color=#909090] [bgcolor=#FFFFFF]
        LayoutFlexibleBox {DIV} at (0,0) size 40x15
          LayoutBlockFlow {DIV} at (0,0) size 40x15
            LayoutBlockFlow {DIV} at (12.50,0) size 15x15
      LayoutText {#text} at (100,103) size 4x18
        text run at (100,103) width 4: " "
      LayoutSlider {INPUT} at (108,102) size 40x15 [color=#909090] [bgcolor=#FFFFFF]
        LayoutFlexibleBox {DIV} at (0,0) size 40x15
          LayoutBlockFlow {DIV} at (0,0) size 40x15
            LayoutBlockFlow {DIV} at (12.50,0) size 15x15
      LayoutText {#text} at (152,103) size 4x18
        text run at (152,103) width 4: " "
      LayoutBR {BR} at (156,103) size 0x18
      LayoutSlider {INPUT} at (6,137) size 193.50x22 [color=#909090] [bgcolor=#FFFFFF]
        LayoutFlexibleBox {DIV} at (0,0) size 193.50x22
          LayoutBlockFlow {DIV} at (0,0) size 193.50x22
            LayoutBlockFlow {DIV} at (85.75,0) size 22x22
      LayoutText {#text} at (205,145) size 5x18
        text run at (205,145) width 5: " "
      LayoutSlider {INPUT} at (217.50,129) size 258x30 [color=#909090] [bgcolor=#FFFFFF]
        LayoutFlexibleBox {DIV} at (0,0) size 258x30
          LayoutBlockFlow {DIV} at (0,0) size 258x30
            LayoutBlockFlow {DIV} at (114,0) size 30x30
      LayoutText {#text} at (483,145) size 5x18
        text run at (483,145) width 5: " "
      LayoutBR {BR} at (487,145) size 1x18
