layer at (0,0) size 800x600
  LayoutView at (0,0) size 800x600
layer at (0,0) size 800x600
  LayoutBlockFlow {HTML} at (0,0) size 800x600
    LayoutBlockFlow {BODY} at (8,8) size 784x579
      LayoutBlockFlow (anonymous) at (0,0) size 784x18
        LayoutText {#text} at (0,0) size 330x18
          text run at (0,0) width 330: "This tests that the slider control considers padding. "
        LayoutBR {BR} at (0,0) size 0x0
      LayoutBlockFlow {DIV} at (0,18) size 784x39 [bgcolor=#ADD8E6]
        LayoutSlider {INPUT} at (2,2) size 100x35 [color=#909090] [bgcolor=#FFFFFF]
          LayoutFlexibleBox {DIV} at (10,10) size 80x15
            LayoutBlockFlow {DIV} at (0,0) size 80x15
              LayoutBlockFlow {DIV} at (0,0) size 15x15
        LayoutText {#text} at (0,0) size 0x0
      LayoutBlockFlow {PRE} at (0,70) size 784x0
