layer at (0,0) size 800x600
  LayoutView at (0,0) size 800x600
layer at (0,0) size 800x82
  LayoutBlockFlow {HTML} at (0,0) size 800x82
    LayoutBlockFlow {BODY} at (8,8) size 784x66
      LayoutBlockFlow (anonymous) at (0,0) size 784x18
        LayoutText {#text} at (0,0) size 313x18
          text run at (0,0) width 313: "Test passes if caret is visible after text is entered."
      LayoutBlockFlow {DIV} at (0,18) size 784x48 [border: (1px solid #000000)]
        LayoutText {#text} at (1,1) size 38x46
          text run at (1,1) width 38: "ab"
        LayoutInline {SPAN} at (0,0) size 359x46 [color=#BBBBBB]
          LayoutText {#text} at (38,1) size 359x46
            text run at (38,1) width 359: "autocomplete hint text"
caret: position 2 of child 0 {#text} of child 1 {DIV} of body
