layer at (0,0) size 800x600
  LayoutView at (0,0) size 800x600
layer at (0,0) size 800x600
  LayoutNGBlockFlow {HTML} at (0,0) size 800x600
    LayoutNGBlockFlow {BODY} at (8,8) size 784x576
      LayoutNGBlockFlow {UL} at (0,0) size 784x60
        LayoutNGListItem {LI} at (40,0) size 744x20
          LayoutNGListMarker (anonymous) at (-14.50,7.50) size 7.50x7.50
            LayoutImage (anonymous) at (0,0) size 7.50x7.50
          LayoutText {#text} at (0,0) size 59x19
            text run at (0,0) width 59: "Item One"
        LayoutNGListItem {LI} at (40,20) size 744x20
          LayoutNGListMarker (anonymous) at (-14.50,7.50) size 7.50x7.50
            LayoutImage (anonymous) at (0,0) size 7.50x7.50
          LayoutText {#text} at (0,0) size 61x19
            text run at (0,0) width 61: "Item Two"
        LayoutNGListItem {LI} at (40,40) size 744x20
          LayoutNGListMarker (anonymous) at (-14.50,7.50) size 7.50x7.50
            LayoutImage (anonymous) at (0,0) size 7.50x7.50
          LayoutText {#text} at (0,0) size 69x19
            text run at (0,0) width 69: "Item Three"
