layer at (0,0) size 800x600
  LayoutView at (0,0) size 800x600
layer at (0,0) size 800x103
  LayoutBlockFlow {HTML} at (0,0) size 800x103
    LayoutBlockFlow {BODY} at (8,8) size 784x87
      LayoutBlockFlow {DIV} at (0,0) size 784x18
        LayoutInline {A} at (0,0) size 63x18 [color=#0000EE]
          LayoutText {#text} at (0,0) size 63x18
            text run at (0,0) width 63: "Bug 6584"
        LayoutText {#text} at (62,0) size 379x18
          text run at (62,0) width 379: " REGRESSION: button after unclosed button gives trouble"
      LayoutBlockFlow {P} at (0,34) size 784x19
        LayoutButton {BUTTON} at (0,1) size 36.17x18 [bgcolor=#FFFFFF] [border: (1px solid #D8D8D8) (1px solid #D1D1D1) (1px solid #BABABA) (1px solid #D1D1D1)]
          LayoutBlockFlow (anonymous) at (8,2) size 20.17x13
            LayoutText {#text} at (0,0) size 21x13
              text run at (0,0) width 21: "test"
        LayoutButton {BUTTON} at (36.17,1) size 42.88x18 [bgcolor=#FFFFFF] [border: (1px solid #D8D8D8) (1px solid #D1D1D1) (1px solid #BABABA) (1px solid #D1D1D1)]
          LayoutBlockFlow (anonymous) at (8,2) size 26.88x13
            LayoutText {#text} at (0,0) size 27x13
              text run at (0,0) width 27: "test2"
        LayoutText {#text} at (0,0) size 0x0
      LayoutBlockFlow {DIV} at (0,69) size 784x18
        LayoutText {#text} at (0,0) size 613x18
          text run at (0,0) width 613: "There should be two separate buttons instead of button \"test2\" being nested inside button \"test\"."
