layer at (0,0) size 800x600
  LayoutView at (0,0) size 800x600
layer at (0,0) size 800x600
  LayoutBlockFlow {HTML} at (0,0) size 800x600
    LayoutBlockFlow {BODY} at (8,8) size 784x584
      LayoutBlockFlow {P} at (0,0) size 784x20
        LayoutText {#text} at (0,0) size 50x19
          text run at (0,0) width 50: "Test for "
        LayoutInline {I} at (0,0) size 526x19
          LayoutInline {A} at (0,0) size 497x19 [color=#0000EE]
            LayoutText {#text} at (50,0) size 497x19
              text run at (50,0) width 497: "REGRESSION(r27173): Web Inspector freezes beneath Image::drawPattern()"
          LayoutText {#text} at (547,0) size 29x19
            text run at (547,0) width 29: " Bug"
        LayoutText {#text} at (576,0) size 4x19
          text run at (576,0) width 4: "."
      LayoutBlockFlow {P} at (0,36) size 784x40
        LayoutText {#text} at (0,0) size 771x39
          text run at (0,0) width 771: "There should be three empty squares with black borders and the last one should have blue background. WebKit should not hang"
          text run at (0,20) width 56: "or assert."
      LayoutBlockFlow {DIV} at (8,92) size 106x106 [border: (3px solid #000000)]
      LayoutBlockFlow {DIV} at (8,206) size 106x106 [border: (3px solid #000000)]
      LayoutBlockFlow {DIV} at (8,320) size 106x106 [border: (3px solid #000000)]
      LayoutBlockFlow {DIV} at (8,434) size 106x106 [border: (3px solid #000000)]
