EDITING DELEGATE: webViewDidChangeSelection:WebViewDidChangeSelectionNotification
EDITING DELEGATE: webViewDidChangeSelection:WebViewDidChangeSelectionNotification
EDITING DELEGATE: webViewDidChange:WebViewDidChangeNotification
layer at (0,0) size 800x600
  LayoutView at (0,0) size 800x600
layer at (0,0) size 800x600
  LayoutBlockFlow {HTML} at (0,0) size 800x600
    LayoutBlockFlow {BODY} at (8,8) size 784x584
      LayoutBlockFlow {P} at (0,0) size 784x40
        LayoutText {#text} at (0,0) size 638x39
          text run at (0,0) width 423: "This tests pasting a fragment containing an <iframe> after a <div>. "
          text run at (423,0) width 215: "This used to fail on an assertion in"
          text run at (0,20) width 323: "moveParagraphContentsToNewBlockIfNecessary. "
          text run at (323,20) width 312: "You should see 'foo' and then an <iframe> below."
      LayoutBlockFlow {DIV} at (0,56) size 784x72
        LayoutBlockFlow {DIV} at (0,0) size 784x20
          LayoutText {#text} at (0,0) size 21x19
            text run at (0,0) width 21: "foo"
        LayoutBlockFlow (anonymous) at (0,20) size 784x52
layer at (8,84) size 102x52
  LayoutIFrame {IFRAME} at (0,0) size 102x52 [border: (1px solid #000000)]
    layer at (0,0) size 100x50
      LayoutView at (0,0) size 100x50
    layer at (0,0) size 100x50
      LayoutBlockFlow {HTML} at (0,0) size 100x50
        LayoutBlockFlow {BODY} at (8,8) size 84x34
caret: position 1 of child 1 {IFRAME} of child 2 {DIV} of body
