EDITING DELEGATE: webViewDidChangeSelection:WebViewDidChangeSelectionNotification
EDITING DELEGATE: webViewDidChangeSelection:WebViewDidChangeSelectionNotification
EDITING DELEGATE: webViewDidChangeSelection:WebViewDidChangeSelectionNotification
EDITING DELEGATE: webViewDidChangeSelection:WebViewDidChangeSelectionNotification
EDITING DELEGATE: webViewDidChangeSelection:WebViewDidChangeSelectionNotification
EDITING DELEGATE: webViewDidChangeSelection:WebViewDidChangeSelectionNotification
EDITING DELEGATE: webViewDidChangeSelection:WebViewDidChangeSelectionNotification
EDITING DELEGATE: webViewDidChangeSelection:WebViewDidChangeSelectionNotification
EDITING DELEGATE: webViewDidChangeSelection:WebViewDidChangeSelectionNotification
EDITING DELEGATE: webViewDidChangeSelection:WebViewDidChangeSelectionNotification
EDITING DELEGATE: webViewDidChangeSelection:WebViewDidChangeSelectionNotification
EDITING DELEGATE: webViewDidChange:WebViewDidChangeNotification
layer at (0,0) size 800x600
  LayoutView at (0,0) size 800x600
layer at (0,0) size 800x600
  LayoutBlockFlow {HTML} at (0,0) size 800x600
    LayoutBlockFlow {BODY} at (8,8) size 784x584
      LayoutBlockFlow {DIV} at (0,0) size 784x210 [border: (2px solid #0000FF)]
        LayoutBlockFlow {DIV} at (14,14) size 756x83
          LayoutText {#text} at (0,0) size 65x26
            text run at (0,0) width 65: "Tests: "
          LayoutBR {BR} at (0,0) size 0x0
          LayoutText {#text} at (0,27) size 162x27
            text run at (0,27) width 162: "Fix for this bug: "
          LayoutInline {A} at (162,27) size 259x27 [color=#0000EE]
            LayoutText {#text} at (162,27) size 259x27
              text run at (162,27) width 259: "<rdar://problem/4045511>"
          LayoutText {#text} at (0,27) size 704x55
            text run at (421,27) width 283: " Copying and pasting end-of-"
            text run at (0,55) width 533: "paragraph selection puts insertion point in wrong place"
        LayoutBlockFlow {DIV} at (14,113) size 756x83
          LayoutText {#text} at (0,0) size 189x26
            text run at (0,0) width 189: "Expected Results: "
          LayoutBR {BR} at (189,21) size 0x0
          LayoutText {#text} at (0,27) size 715x55
            text run at (0,27) width 706: "Should see two lines of text below, self-documenting themselves as \"line"
            text run at (0,55) width 715: "one\" and \"line two\". The insertion point must be at the start of \"line two\"."
      LayoutBlockFlow {DIV} at (0,234) size 784x60
        LayoutBlockFlow {DIV} at (0,0) size 784x60 [border: (2px solid #FF0000)]
          LayoutBlockFlow (anonymous) at (2,2) size 780x28
            LayoutText {#text} at (0,0) size 78x27
              text run at (0,0) width 78: "line one"
          LayoutBlockFlow {DIV} at (2,30) size 780x28
            LayoutText {#text} at (0,0) size 79x27
              text run at (0,0) width 79: "line two"
caret: position 0 of child 0 {#text} of child 1 {DIV} of child 1 {DIV} of child 3 {DIV} of body
