EDITING DELEGATE: webViewDidChangeSelection:WebViewDidChangeSelectionNotification
EDITING DELEGATE: webViewDidChangeSelection:WebViewDidChangeSelectionNotification
EDITING DELEGATE: webViewDidChangeSelection:WebViewDidChangeSelectionNotification
EDITING DELEGATE: webViewDidChange:WebViewDidChangeNotification
layer at (0,0) size 800x600
  LayoutView at (0,0) size 800x600
layer at (0,0) size 800x600
  LayoutBlockFlow {HTML} at (0,0) size 800x600
    LayoutBlockFlow {BODY} at (8,8) size 784x584
      LayoutBlockFlow {P} at (0,0) size 784x40
        LayoutText {#text} at (0,0) size 779x39
          text run at (0,0) width 779: "This is a test to make sure that the final <br> in an incoming fragment is interpretted strictly in quirks mode (where brs at the"
          text run at (0,20) width 184: "end of blocks are collapsed). "
          text run at (184,20) width 508: "This test used to fail because of unrendered content to the left of the collapsed br."
      LayoutBlockFlow {DIV} at (0,56) size 784x40
        LayoutBlockFlow {DIV} at (0,0) size 784x20
          LayoutText {#text} at (0,0) size 370x19
            text run at (0,0) width 370: "The test should add a single blank line after this paragraph."
          LayoutInline {SPAN} at (370,0) size 0x19
          LayoutBR {BR} at (370,15) size 0x0
        LayoutBlockFlow (anonymous) at (0,20) size 784x20
          LayoutBR {BR} at (0,0) size 0x19
caret: position 0 of child 1 {BR} of child 2 {DIV} of body
