layer at (0,0) size 800x600
  LayoutView at (0,0) size 800x600
layer at (0,0) size 800x600
  LayoutBlockFlow {HTML} at (0,0) size 800x600
    LayoutBlockFlow {BODY} at (8,8) size 784x584
      LayoutBlockFlow {P} at (0,0) size 784x20
        LayoutText {#text} at (0,0) size 390x19
          text run at (0,0) width 390: "Focus field with a placeholder, then type, then clear the value."
      LayoutBlockFlow {DIV} at (0,36) size 784x36
        LayoutText {#text} at (0,0) size 0x0
layer at (8,44) size 179x36 clip at (9,45) size 177x34
  LayoutTextControl {TEXTAREA} at (0,0) size 179x36 [bgcolor=#FFFFFF] [border: (1px solid #A9A9A9)]
    LayoutBlockFlow {DIV} at (3,3) size 175x16 [color=#757575]
      LayoutText {#text} at (0,0) size 88x16
        text run at (0,0) width 88: "Placeholder"
    LayoutBlockFlow {DIV} at (3,3) size 175x16
caret: position 0 of child 1 {DIV} of {#document-fragment} of child 1 {TEXTAREA} of child 3 {DIV} of body
