layer at (0,0) size 800x600
  LayoutView at (0,0) size 800x600
layer at (0,0) size 800x600
  LayoutBlockFlow {HTML} at (0,0) size 800x600
    LayoutBlockFlow {BODY} at (8,8) size 784x584
      LayoutBlockFlow {DIV} at (0,0) size 784x40
        LayoutText {#text} at (0,0) size 777x39
          text run at (0,0) width 777: "This text area should be drawn with a reasonable width. To match IE, using GDI fonts it should wrap at 66 characters (after"
          text run at (0,20) width 532: "the X in the third set of digits). See https://bugs.webkit.org/show_bug.cgi?id=15312."
      LayoutBlockFlow (anonymous) at (0,40) size 784x264
        LayoutBR {BR} at (0,0) size 0x19
        LayoutText {#text} at (0,0) size 0x0
layer at (8,68) size 459x244 clip at (9,69) size 457x242
  LayoutTextControl {TEXTAREA} at (0,20) size 459x244 [color=#333333] [bgcolor=#FFFFFF] [border: (1px solid #A9A9A9)]
    LayoutBlockFlow {DIV} at (3,3) size 455x36
      LayoutText {#text} at (0,0) size 454x24
        text run at (0,0) width 454: "1234567890abcdefghijABCDEFGHIJ1234567890abcdefghijABCDEFGHIJ12345X7890abcdefg"
        text run at (0,12) width 254: "hijABCDEFGXIJ1234567890abcdefghijABCDEFGHIJ"
        text run at (254,12) width 0: " "
      LayoutBR {BR} at (0,24) size 0x12
