layer at (0,0) size 800x600
  LayoutView at (0,0) size 800x600
layer at (0,0) size 800x96
  LayoutBlockFlow {HTML} at (0,0) size 800x96
    LayoutBlockFlow {BODY} at (8,8) size 784x80
      LayoutText {#text} at (0,0) size 463x19
        text run at (0,0) width 463: "This test verifies CSS clip, filter, and overflow clip are applied in the order of:"
      LayoutBR {BR} at (462,0) size 1x19
      LayoutText {#text} at (0,20) size 406x19
        text run at (0,20) width 406: "output <-- clip <-- filter <-- overflow clip <-- normal-flow contents"
      LayoutBR {BR} at (406,20) size 0x19
      LayoutText {#text} at (0,40) size 748x39
        text run at (0,40) width 748: "The test succeeds if the green box below has a crisp left edge, blurred top/bottom dashed border, and a crisp right edge with"
        text run at (0,60) width 335: "blurred partial dashed border. No red should be visible."
layer at (10,200) size 110x110 backgroundClip at (65,191) size 50x128 clip at (65,205) size 50x100 scrollWidth 105 scrollHeight 105
  LayoutBlockFlow (positioned) {DIV} at (10,200) size 110x110 [bgcolor=#008000] [border: (5px dashed #000000)]
    LayoutBlockFlow {DIV} at (0,0) size 110x110 [border: (5px solid #FF0000)]
