layer at (0,0) size 800x600
  LayoutView at (0,0) size 800x600
layer at (0,0) size 800x260
  LayoutBlockFlow {HTML} at (0,0) size 800x260
    LayoutBlockFlow {BODY} at (8,8) size 784x244
      LayoutText {#text} at (0,0) size 0x0
layer at (8,8) size 320x240
  LayoutVideo {VIDEO} at (0,0) size 320x240
layer at (8,8) size 320x240
  LayoutBlockFlow (relative positioned) {DIV} at (0,0) size 320x240 [color=#FFFFFF]
layer at (12,8) size 14x240 scrollX 2.00 scrollWidth 16
  LayoutBlockFlow (positioned) {DIV} at (4,0) size 14x240
    LayoutInline {DIV} at (0,0) size 18x116 [bgcolor=#000000CC]
      LayoutText {#text} at (0,64) size 14x112
        text run at (0,64) width 111: "Cue 1: \x{79C1}\x{306F}\x{7ACB}\x{6D3E}\x{306A}\x{4EBA}"
layer at (30,8) size 14x240 scrollX 2.00 scrollWidth 16
  LayoutBlockFlow (positioned) {DIV} at (22,0) size 14x240
    LayoutInline {DIV} at (0,0) size 18x116 [bgcolor=#000000CC]
      LayoutText {#text} at (0,64) size 14x112
        text run at (0,64) width 111: "Cue 2: \x{79C1}\x{306F}\x{7ACB}\x{6D3E}\x{306A}\x{4EBA}"
layer at (260,8) size 14x240 scrollX 2.00 scrollWidth 16
  LayoutBlockFlow (positioned) {DIV} at (252,0) size 14x240
    LayoutInline {DIV} at (0,0) size 18x116 [bgcolor=#000000CC]
      LayoutText {#text} at (0,64) size 14x112
        text run at (0,64) width 111: "Cue 3: \x{79C1}\x{306F}\x{7ACB}\x{6D3E}\x{306A}\x{4EBA}"
layer at (242,8) size 14x240 scrollX 2.00 scrollWidth 16
  LayoutBlockFlow (positioned) {DIV} at (234,0) size 14x240
    LayoutInline {DIV} at (0,0) size 18x116 [bgcolor=#000000CC]
      LayoutText {#text} at (0,64) size 14x112
        text run at (0,64) width 111: "Cue 4: \x{79C1}\x{306F}\x{7ACB}\x{6D3E}\x{306A}\x{4EBA}"
layer at (310,8) size 14x240 scrollWidth 16
  LayoutBlockFlow (positioned) {DIV} at (302,0) size 14x240
    LayoutInline {DIV} at (0,0) size 18x116 [bgcolor=#000000CC]
      LayoutText {#text} at (0,64) size 14x112
        text run at (0,64) width 111: "Cue 5: \x{79C1}\x{306F}\x{7ACB}\x{6D3E}\x{306A}\x{4EBA}"
layer at (292,8) size 14x240 scrollWidth 16
  LayoutBlockFlow (positioned) {DIV} at (284,0) size 14x240
    LayoutInline {DIV} at (0,0) size 18x116 [bgcolor=#000000CC]
      LayoutText {#text} at (0,64) size 14x112
        text run at (0,64) width 111: "Cue 6: \x{79C1}\x{306F}\x{7ACB}\x{6D3E}\x{306A}\x{4EBA}"
layer at (8,8) size 320x240
  LayoutFlexibleBox (relative positioned) {DIV} at (0,0) size 320x240
    LayoutBlockFlow {DIV} at (160,0) size 0x0
    LayoutFlexibleBox {DIV} at (0,0) size 320x240
