layer at (0,0) size 800x600 scrollHeight 2264
  LayoutView at (0,0) size 1046x799
layer at (0,0) size 1046x2264 backgroundClip at (0,0) size 800x600 clip at (0,0) size 800x600
  LayoutNGBlockFlow {HTML} at (0,0) size 1046x2264
    LayoutNGBlockFlow {BODY} at (8,8) size 1030x2248
      LayoutNGBlockFlow (anonymous) at (0,0) size 1030x100
        LayoutText {#text} at (0,7) size 972x86
          text run at (0,7) width 972: "Passes if there is a green circle before each \"Header\" and a red circle before each"
          text run at (0,57) width 111: "\"Footer\"."
      LayoutTable {TABLE} at (0,100) size 139x2148
        LayoutTableSection {THEAD} at (0,0) size 139x56
          LayoutTableRow {TR} at (0,2) size 139x52
            LayoutNGTableCell {TH} at (2,2) size 135x52 [r=0 c=0 rs=1 cs=1]
              LayoutSVGRoot {svg} at (1.27,6) size 30x30
                LayoutSVGEllipse {circle} at (0,0) size 30x30 [fill={[type=SOLID] [color=#008000]}] [cx=15.00] [cy=15.00] [r=15.00]
              LayoutText {#text} at (31,8) size 103x36
                text run at (31,8) width 103: " Header"
        LayoutTableSection {TBODY} at (0,56) size 139x2038
          LayoutTableRow {TR} at (0,0) size 139x52
            LayoutNGTableCell {TD} at (2,0) size 135x52 [r=0 c=0 rs=1 cs=1]
              LayoutText {#text} at (1,8) size 15x36
                text run at (1,8) width 15: "1"
          LayoutTableRow {TR} at (0,54) size 139x52
            LayoutNGTableCell {TD} at (2,54) size 135x52 [r=1 c=0 rs=1 cs=1]
              LayoutText {#text} at (1,8) size 15x36
                text run at (1,8) width 15: "2"
          LayoutTableRow {TR} at (0,108) size 139x52
            LayoutNGTableCell {TD} at (2,108) size 135x52 [r=2 c=0 rs=1 cs=1]
              LayoutText {#text} at (1,8) size 15x36
                text run at (1,8) width 15: "3"
          LayoutTableRow {TR} at (0,162) size 139x52
            LayoutNGTableCell {TD} at (2,162) size 135x52 [r=3 c=0 rs=1 cs=1]
              LayoutText {#text} at (1,8) size 15x36
                text run at (1,8) width 15: "4"
          LayoutTableRow {TR} at (0,216) size 139x52
            LayoutNGTableCell {TD} at (2,216) size 135x52 [r=4 c=0 rs=1 cs=1]
              LayoutText {#text} at (1,8) size 15x36
                text run at (1,8) width 15: "5"
          LayoutTableRow {TR} at (0,270) size 139x52
            LayoutNGTableCell {TD} at (2,270) size 135x52 [r=5 c=0 rs=1 cs=1]
              LayoutText {#text} at (1,8) size 15x36
                text run at (1,8) width 15: "6"
          LayoutTableRow {TR} at (0,324) size 139x52
            LayoutNGTableCell {TD} at (2,324) size 135x52 [r=6 c=0 rs=1 cs=1]
              LayoutText {#text} at (1,8) size 15x36
                text run at (1,8) width 15: "7"
          LayoutTableRow {TR} at (0,378) size 139x52
            LayoutNGTableCell {TD} at (2,378) size 135x52 [r=7 c=0 rs=1 cs=1]
              LayoutText {#text} at (1,8) size 15x36
                text run at (1,8) width 15: "8"
          LayoutTableRow {TR} at (0,432) size 139x52
            LayoutNGTableCell {TD} at (2,432) size 135x52 [r=8 c=0 rs=1 cs=1]
              LayoutText {#text} at (1,8) size 15x36
                text run at (1,8) width 15: "9"
          LayoutTableRow {TR} at (0,486) size 139x52
            LayoutNGTableCell {TD} at (2,486) size 135x52 [r=9 c=0 rs=1 cs=1]
              LayoutText {#text} at (1,8) size 30x36
                text run at (1,8) width 30: "10"
          LayoutTableRow {TR} at (0,699) size 139x52
            LayoutNGTableCell {TD} at (2,699) size 135x52 [r=10 c=0 rs=1 cs=1]
              LayoutText {#text} at (1,8) size 29x36
                text run at (1,8) width 29: "11"
          LayoutTableRow {TR} at (0,753) size 139x52
            LayoutNGTableCell {TD} at (2,753) size 135x52 [r=11 c=0 rs=1 cs=1]
              LayoutText {#text} at (1,8) size 30x36
                text run at (1,8) width 30: "12"
          LayoutTableRow {TR} at (0,807) size 139x52
            LayoutNGTableCell {TD} at (2,807) size 135x52 [r=12 c=0 rs=1 cs=1]
              LayoutText {#text} at (1,8) size 30x36
                text run at (1,8) width 30: "13"
          LayoutTableRow {TR} at (0,861) size 139x52
            LayoutNGTableCell {TD} at (2,861) size 135x52 [r=13 c=0 rs=1 cs=1]
              LayoutText {#text} at (1,8) size 30x36
                text run at (1,8) width 30: "14"
          LayoutTableRow {TR} at (0,915) size 139x52
            LayoutNGTableCell {TD} at (2,915) size 135x52 [r=14 c=0 rs=1 cs=1]
              LayoutText {#text} at (1,8) size 30x36
                text run at (1,8) width 30: "15"
          LayoutTableRow {TR} at (0,969) size 139x52
            LayoutNGTableCell {TD} at (2,969) size 135x52 [r=15 c=0 rs=1 cs=1]
              LayoutText {#text} at (1,8) size 30x36
                text run at (1,8) width 30: "16"
          LayoutTableRow {TR} at (0,1023) size 139x52
            LayoutNGTableCell {TD} at (2,1023) size 135x52 [r=16 c=0 rs=1 cs=1]
              LayoutText {#text} at (1,8) size 30x36
                text run at (1,8) width 30: "17"
          LayoutTableRow {TR} at (0,1077) size 139x52
            LayoutNGTableCell {TD} at (2,1077) size 135x52 [r=17 c=0 rs=1 cs=1]
              LayoutText {#text} at (1,8) size 30x36
                text run at (1,8) width 30: "18"
          LayoutTableRow {TR} at (0,1131) size 139x52
            LayoutNGTableCell {TD} at (2,1131) size 135x52 [r=18 c=0 rs=1 cs=1]
              LayoutText {#text} at (1,8) size 30x36
                text run at (1,8) width 30: "19"
          LayoutTableRow {TR} at (0,1185) size 139x52
            LayoutNGTableCell {TD} at (2,1185) size 135x52 [r=19 c=0 rs=1 cs=1]
              LayoutText {#text} at (1,8) size 30x36
                text run at (1,8) width 30: "20"
          LayoutTableRow {TR} at (0,1239) size 139x52
            LayoutNGTableCell {TD} at (2,1239) size 135x52 [r=20 c=0 rs=1 cs=1]
              LayoutText {#text} at (1,8) size 30x36
                text run at (1,8) width 30: "21"
          LayoutTableRow {TR} at (0,1293) size 139x52
            LayoutNGTableCell {TD} at (2,1293) size 135x52 [r=21 c=0 rs=1 cs=1]
              LayoutText {#text} at (1,8) size 30x36
                text run at (1,8) width 30: "22"
          LayoutTableRow {TR} at (0,1498) size 139x52
            LayoutNGTableCell {TD} at (2,1498) size 135x52 [r=22 c=0 rs=1 cs=1]
              LayoutText {#text} at (1,8) size 30x36
                text run at (1,8) width 30: "23"
          LayoutTableRow {TR} at (0,1552) size 139x52
            LayoutNGTableCell {TD} at (2,1552) size 135x52 [r=23 c=0 rs=1 cs=1]
              LayoutText {#text} at (1,8) size 30x36
                text run at (1,8) width 30: "24"
          LayoutTableRow {TR} at (0,1606) size 139x52
            LayoutNGTableCell {TD} at (2,1606) size 135x52 [r=24 c=0 rs=1 cs=1]
              LayoutText {#text} at (1,8) size 30x36
                text run at (1,8) width 30: "25"
          LayoutTableRow {TR} at (0,1660) size 139x52
            LayoutNGTableCell {TD} at (2,1660) size 135x52 [r=25 c=0 rs=1 cs=1]
              LayoutText {#text} at (1,8) size 30x36
                text run at (1,8) width 30: "26"
          LayoutTableRow {TR} at (0,1714) size 139x52
            LayoutNGTableCell {TD} at (2,1714) size 135x52 [r=26 c=0 rs=1 cs=1]
              LayoutText {#text} at (1,8) size 30x36
                text run at (1,8) width 30: "27"
          LayoutTableRow {TR} at (0,1768) size 139x52
            LayoutNGTableCell {TD} at (2,1768) size 135x52 [r=27 c=0 rs=1 cs=1]
              LayoutText {#text} at (1,8) size 30x36
                text run at (1,8) width 30: "28"
          LayoutTableRow {TR} at (0,1822) size 139x52
            LayoutNGTableCell {TD} at (2,1822) size 135x52 [r=28 c=0 rs=1 cs=1]
              LayoutText {#text} at (1,8) size 30x36
                text run at (1,8) width 30: "29"
          LayoutTableRow {TR} at (0,1876) size 139x52
            LayoutNGTableCell {TD} at (2,1876) size 135x52 [r=29 c=0 rs=1 cs=1]
              LayoutText {#text} at (1,8) size 30x36
                text run at (1,8) width 30: "30"
          LayoutTableRow {TR} at (0,1930) size 139x52
            LayoutNGTableCell {TD} at (2,1930) size 135x52 [r=30 c=0 rs=1 cs=1]
              LayoutText {#text} at (1,8) size 30x36
                text run at (1,8) width 30: "31"
          LayoutTableRow {TR} at (0,1984) size 139x52
            LayoutNGTableCell {TD} at (2,1984) size 135x52 [r=31 c=0 rs=1 cs=1]
              LayoutText {#text} at (1,8) size 30x36
                text run at (1,8) width 30: "32"
        LayoutTableSection {TFOOT} at (0,2094) size 139x54
          LayoutTableRow {TR} at (0,0) size 139x52
            LayoutNGTableCell {TH} at (2,0) size 135x52 [r=0 c=0 rs=1 cs=1]
              LayoutSVGRoot {svg} at (6.53,6) size 30x30
                LayoutSVGEllipse {circle} at (0,0) size 30x30 [fill={[type=SOLID] [color=#FF0000]}] [cx=15.00] [cy=15.00] [r=15.00]
              LayoutText {#text} at (36,8) size 93x36
                text run at (36,8) width 93: " Footer"
