layer at (0,0) size 800x600
  LayoutView at (0,0) size 800x600
layer at (0,0) size 800x600
  LayoutBlockFlow {HTML} at (0,0) size 800x600
    LayoutBlockFlow {BODY} at (8,8) size 784x584 [bgcolor=#FFFFFF]
      LayoutTable {TABLE} at (0,0) size 47x146
        LayoutTableSection {TBODY} at (0,0) size 47x146
          LayoutTableRow {TR} at (0,2) size 47x22
            LayoutTableCell {TD} at (2,2) size 43x22 [r=0 c=0 rs=1 cs=1]
              LayoutText {#text} at (1,1) size 41x19
                text run at (1,1) width 41: "Row 0"
          LayoutTableRow {TR} at (0,26) size 47x22
            LayoutTableCell {TD} at (2,26) size 43x22 [r=1 c=0 rs=1 cs=1]
              LayoutText {#text} at (1,1) size 41x19
                text run at (1,1) width 41: "Row 1"
          LayoutTableRow {TR} at (0,50) size 47x22
            LayoutTableCell {TD} at (2,50) size 43x22 [r=2 c=0 rs=1 cs=1]
              LayoutText {#text} at (1,1) size 41x19
                text run at (1,1) width 41: "Row 2"
          LayoutTableRow {TR} at (0,74) size 47x22
            LayoutTableCell {TD} at (2,74) size 43x22 [r=3 c=0 rs=1 cs=1]
              LayoutText {#text} at (1,1) size 41x19
                text run at (1,1) width 41: "Row 3"
          LayoutTableRow {TR} at (0,98) size 47x22
            LayoutTableCell {TD} at (2,98) size 43x22 [r=4 c=0 rs=1 cs=1]
              LayoutText {#text} at (1,1) size 41x19
                text run at (1,1) width 41: "Row 4"
          LayoutTableRow {TR} at (0,122) size 47x22
            LayoutTableCell {TD} at (2,122) size 43x22 [r=5 c=0 rs=1 cs=1]
              LayoutText {#text} at (1,1) size 41x19
                text run at (1,1) width 41: "Row 5"
      LayoutBlockFlow (anonymous) at (0,146) size 784x22
        LayoutTextControl {INPUT} at (0,0) size 40x22 [bgcolor=#FFFFFF] [border: (2px inset #EEEEEE)]
        LayoutText {#text} at (40,1) size 4x19
          text run at (40,1) width 4: " "
        LayoutTextControl {INPUT} at (44,0) size 40x22 [bgcolor=#FFFFFF] [border: (2px inset #EEEEEE)]
        LayoutText {#text} at (84,1) size 4x19
          text run at (84,1) width 4: " "
        LayoutButton {INPUT} at (88,0) size 30x22 [bgcolor=#C0C0C0] [border: (2px outset #C0C0C0)]
          LayoutBlockFlow (anonymous) at (8,3) size 14x16
            LayoutText {#text} at (0,0) size 14x16
              text run at (0,0) width 14: "go"
        LayoutText {#text} at (0,0) size 0x0
layer at (10,157) size 36x16
  LayoutBlockFlow {DIV} at (2,3) size 36x16
    LayoutText {#text} at (0,0) size 7x16
      text run at (0,0) width 7: "2"
layer at (54,157) size 36x16
  LayoutBlockFlow {DIV} at (2,3) size 36x16
    LayoutText {#text} at (0,0) size 7x16
      text run at (0,0) width 7: "4"
