layer at (0,0) size 800x600
  LayoutView at (0,0) size 800x600
layer at (0,0) size 800x600
  LayoutBlockFlow {HTML} at (0,0) size 800x600
    LayoutBlockFlow {BODY} at (8,8) size 784x584
      LayoutTable {TABLE} at (0,0) size 784x64 [border: (2px outset #808080)]
        LayoutTableSection {TBODY} at (2,2) size 780x60
          LayoutTableRow {TR} at (0,3) size 780x54
            LayoutTableCell {TD} at (3,3) size 267x54 [bgcolor=#DDDDDD] [border: (1px inset #808080)] [r=0 c=0 rs=1 cs=1]
              LayoutTable {TABLE} at (2,2) size 263x50 [border: (1px outset #808080)]
                LayoutTableSection {TBODY} at (1,1) size 261x48
                  LayoutTableRow {TR} at (0,3) size 261x42
                    LayoutTableCell {TD} at (3,3) size 255x42 [border: (1px inset #808080)] [r=0 c=0 rs=1 cs=1]
                      LayoutText {#text} at (1,1) size 149x39
                        text run at (1,1) width 149: "TheMozillaOrganization-"
                        text run at (1,21) width 143: "TheMozillaOrganization"
            LayoutTableCell {TD} at (273,8) size 504x44 [border: (1px inset #808080)] [r=0 c=1 rs=1 cs=1]
              LayoutText {#text} at (2,2) size 484x39
                text run at (2,2) width 484: "Checkin Guidelines for the Seamonkey Tree xxxxxxxxxxxxxx xxxxxxxxxxxxxxxx"
                text run at (2,22) width 84: "xxxxxxxxxxxx"
