layer at (0,0) size 800x600
  LayoutView at (0,0) size 800x600
layer at (0,0) size 800x600
  LayoutBlockFlow {HTML} at (0,0) size 800x600
    LayoutBlockFlow {BODY} at (8,8) size 784x584
      LayoutBlockFlow (anonymous) at (0,0) size 784x20
        LayoutText {#text} at (0,0) size 252x19
          text run at (0,0) width 252: "This table should have cell padding of 5px"
      LayoutTable {TABLE} at (0,20) size 105x72 [border: (1px outset #808080)]
        LayoutTableSection {TBODY} at (1,1) size 103x70
          LayoutTableRow {TR} at (0,2) size 103x32
            LayoutTableCell {TD} at (2,2) size 45x32 [border: (1px inset #808080)] [r=0 c=0 rs=1 cs=1]
              LayoutText {#text} at (6,6) size 33x19
                text run at (6,6) width 33: "AAA"
            LayoutTableCell {TD} at (49,2) size 52x32 [border: (1px inset #808080)] [r=0 c=1 rs=1 cs=1]
              LayoutText {#text} at (6,6) size 40x19
                text run at (6,6) width 40: "BBBB"
          LayoutTableRow {TR} at (0,36) size 103x32
            LayoutTableCell {TD} at (2,36) size 45x32 [border: (1px inset #808080)] [r=1 c=0 rs=1 cs=1]
              LayoutText {#text} at (6,6) size 33x19
                text run at (6,6) width 33: "AAA"
            LayoutTableCell {TD} at (49,36) size 52x32 [border: (1px inset #808080)] [r=1 c=1 rs=1 cs=1]
              LayoutText {#text} at (6,6) size 40x19
                text run at (6,6) width 40: "BBBB"
      LayoutBlockFlow (anonymous) at (0,92) size 784x40
        LayoutBR {BR} at (0,0) size 0x19
        LayoutText {#text} at (0,20) size 252x19
          text run at (0,20) width 252: "This table should have cell padding of 5px"
      LayoutTable {TABLE} at (0,132) size 105x72 [border: (1px outset #808080)]
        LayoutTableSection {TBODY} at (1,1) size 103x70
          LayoutTableRow {TR} at (0,2) size 103x32
            LayoutTableCell {TD} at (2,2) size 45x32 [border: (1px inset #808080)] [r=0 c=0 rs=1 cs=1]
              LayoutText {#text} at (6,6) size 33x19
                text run at (6,6) width 33: "AAA"
            LayoutTableCell {TD} at (49,2) size 52x32 [border: (1px inset #808080)] [r=0 c=1 rs=1 cs=1]
              LayoutText {#text} at (6,6) size 40x19
                text run at (6,6) width 40: "BBBB"
          LayoutTableRow {TR} at (0,36) size 103x32
            LayoutTableCell {TD} at (2,36) size 45x32 [border: (1px inset #808080)] [r=1 c=0 rs=1 cs=1]
              LayoutText {#text} at (6,6) size 33x19
                text run at (6,6) width 33: "AAA"
            LayoutTableCell {TD} at (49,36) size 52x32 [border: (1px inset #808080)] [r=1 c=1 rs=1 cs=1]
              LayoutText {#text} at (6,6) size 40x19
                text run at (6,6) width 40: "BBBB"
      LayoutBlockFlow (anonymous) at (0,204) size 784x40
        LayoutBR {BR} at (0,0) size 0x19
        LayoutText {#text} at (0,20) size 252x19
          text run at (0,20) width 252: "This table should have cell padding of 5px"
      LayoutTable {TABLE} at (0,244) size 105x72 [border: (1px outset #808080)]
        LayoutTableSection {TBODY} at (1,1) size 103x70
          LayoutTableRow {TR} at (0,2) size 103x32
            LayoutTableCell {TD} at (2,2) size 45x32 [border: (1px inset #808080)] [r=0 c=0 rs=1 cs=1]
              LayoutText {#text} at (6,6) size 33x19
                text run at (6,6) width 33: "AAA"
            LayoutTableCell {TD} at (49,2) size 52x32 [border: (1px inset #808080)] [r=0 c=1 rs=1 cs=1]
              LayoutText {#text} at (6,6) size 40x19
                text run at (6,6) width 40: "BBBB"
          LayoutTableRow {TR} at (0,36) size 103x32
            LayoutTableCell {TD} at (2,36) size 45x32 [border: (1px inset #808080)] [r=1 c=0 rs=1 cs=1]
              LayoutText {#text} at (6,6) size 33x19
                text run at (6,6) width 33: "AAA"
            LayoutTableCell {TD} at (49,36) size 52x32 [border: (1px inset #808080)] [r=1 c=1 rs=1 cs=1]
              LayoutText {#text} at (6,6) size 40x19
                text run at (6,6) width 40: "BBBB"
      LayoutBlockFlow (anonymous) at (0,316) size 784x40
        LayoutBR {BR} at (0,0) size 0x19
        LayoutText {#text} at (0,20) size 502x19
          text run at (0,20) width 502: "This table should have cell padding of 5px except the 1st cell's left padding will be 0"
      LayoutTable {TABLE} at (0,356) size 105x72 [border: (1px outset #808080)]
        LayoutTableSection {TBODY} at (1,1) size 103x70
          LayoutTableRow {TR} at (0,2) size 103x32
            LayoutTableCell {TD} at (2,2) size 45x32 [border: (1px inset #808080)] [r=0 c=0 rs=1 cs=1]
              LayoutText {#text} at (1,6) size 33x19
                text run at (1,6) width 33: "AAA"
            LayoutTableCell {TD} at (49,2) size 52x32 [border: (1px inset #808080)] [r=0 c=1 rs=1 cs=1]
              LayoutText {#text} at (6,6) size 40x19
                text run at (6,6) width 40: "BBBB"
          LayoutTableRow {TR} at (0,36) size 103x32
            LayoutTableCell {TD} at (2,36) size 45x32 [border: (1px inset #808080)] [r=1 c=0 rs=1 cs=1]
              LayoutText {#text} at (6,6) size 33x19
                text run at (6,6) width 33: "AAA"
            LayoutTableCell {TD} at (49,36) size 52x32 [border: (1px inset #808080)] [r=1 c=1 rs=1 cs=1]
              LayoutText {#text} at (6,6) size 40x19
                text run at (6,6) width 40: "BBBB"
      LayoutBlockFlow (anonymous) at (0,428) size 784x40
        LayoutBR {BR} at (0,0) size 0x19
        LayoutText {#text} at (0,20) size 512x19
          text run at (0,20) width 512: "This table should have cell padding of 5px except the last cell's left padding will be 30"
      LayoutTable {TABLE} at (0,468) size 130x72 [border: (1px outset #808080)]
        LayoutTableSection {TBODY} at (1,1) size 128x70
          LayoutTableRow {TR} at (0,2) size 128x32
            LayoutTableCell {TD} at (2,2) size 45x32 [border: (1px inset #808080)] [r=0 c=0 rs=1 cs=1]
              LayoutText {#text} at (6,6) size 33x19
                text run at (6,6) width 33: "AAA"
            LayoutTableCell {TD} at (49,2) size 77x32 [border: (1px inset #808080)] [r=0 c=1 rs=1 cs=1]
              LayoutText {#text} at (6,6) size 40x19
                text run at (6,6) width 40: "BBBB"
          LayoutTableRow {TR} at (0,36) size 128x32
            LayoutTableCell {TD} at (2,36) size 45x32 [border: (1px inset #808080)] [r=1 c=0 rs=1 cs=1]
              LayoutText {#text} at (6,6) size 33x19
                text run at (6,6) width 33: "AAA"
            LayoutTableCell {TD} at (49,36) size 77x32 [border: (1px inset #808080)] [r=1 c=1 rs=1 cs=1]
              LayoutText {#text} at (31,6) size 40x19
                text run at (31,6) width 40: "BBBB"
