layer at (0,0) size 800x600 clip at (0,0) size 785x600 scrollHeight 1425
  LayoutView at (0,0) size 800x600
layer at (0,0) size 785x1425 backgroundClip at (0,0) size 785x600 clip at (0,0) size 785x600
  LayoutBlockFlow {HTML} at (0,0) size 785x1425.06
    LayoutBlockFlow {BODY} at (8,8) size 769x1409.06
      LayoutBlockFlow {H1} at (0,0) size 769x37
        LayoutText {#text} at (0,0) size 391x36
          text run at (0,0) width 391: "Example 6: Table Stress Test"
      LayoutBlockFlow {PRE} at (0,58.44) size 769x16 [color=#FF0000]
        LayoutText {#text} at (0,0) size 272x16
          text run at (0,0) width 272: "Resize document for maximum effect"
      LayoutBlockFlow (anonymous) at (0,87.44) size 769x20
        LayoutBR {BR} at (0,0) size 0x19
      LayoutBlockFlow {H2} at (0,127.34) size 769x27
        LayoutText {#text} at (0,0) size 500x26
          text run at (0,0) width 500: "Auto-width tables with spans nested 8 levels deep"
      LayoutTable {TABLE} at (0,174.25) size 769x374 [bgcolor=#FF0000] [border: (1px outset #808080)]
        LayoutTableSection {TBODY} at (1,1) size 767x372
          LayoutTableRow {TR} at (0,2) size 767x170
            LayoutTableCell {TD} at (2,75) size 28x24 [border: (1px inset #808080)] [r=0 c=0 rs=1 cs=1]
              LayoutText {#text} at (2,2) size 24x19
                text run at (2,2) width 24: "Cell"
            LayoutTableCell {TD} at (32,2) size 733x342 [border: (1px inset #808080)] [r=0 c=1 rs=2 cs=2]
              LayoutTable {TABLE} at (2,2) size 729x338 [bgcolor=#ADD8E6] [border: (1px outset #808080)]
                LayoutTableSection {TBODY} at (1,1) size 727x336
                  LayoutTableRow {TR} at (0,2) size 727x152
                    LayoutTableCell {TD} at (2,66) size 28x24 [border: (1px inset #808080)] [r=0 c=0 rs=1 cs=1]
                      LayoutText {#text} at (2,2) size 24x19
                        text run at (2,2) width 24: "Cell"
                    LayoutTableCell {TD} at (32,2) size 693x306 [border: (1px inset #808080)] [r=0 c=1 rs=2 cs=2]
                      LayoutTable {TABLE} at (2,2) size 689x302 [bgcolor=#90EE90] [border: (1px outset #808080)]
                        LayoutTableSection {TBODY} at (1,1) size 687x300
                          LayoutTableRow {TR} at (0,2) size 687x134
                            LayoutTableCell {TD} at (2,57) size 28x24 [border: (1px inset #808080)] [r=0 c=0 rs=1 cs=1]
                              LayoutText {#text} at (2,2) size 24x19
                                text run at (2,2) width 24: "Cell"
                            LayoutTableCell {TD} at (32,2) size 653x270 [border: (1px inset #808080)] [r=0 c=1 rs=2 cs=2]
                              LayoutTable {TABLE} at (2,2) size 649x266 [border: (1px outset #808080)]
                                LayoutTableSection {TBODY} at (1,1) size 647x264
                                  LayoutTableRow {TR} at (0,2) size 647x116
                                    LayoutTableCell {TD} at (2,48) size 28x24 [border: (1px inset #808080)] [r=0 c=0 rs=1 cs=1]
                                      LayoutText {#text} at (2,2) size 24x19
                                        text run at (2,2) width 24: "Cell"
                                    LayoutTableCell {TD} at (32,2) size 613x234 [border: (1px inset #808080)] [r=0 c=1 rs=2 cs=2]
                                      LayoutTable {TABLE} at (2,2) size 609x230 [bgcolor=#FFA500] [border: (1px outset #808080)]
                                        LayoutTableSection {TBODY} at (1,1) size 607x228
                                          LayoutTableRow {TR} at (0,2) size 607x98
                                            LayoutTableCell {TD} at (2,39) size 28x24 [border: (1px inset #808080)] [r=0 c=0 rs=1 cs=1]
                                              LayoutText {#text} at (2,2) size 24x19
                                                text run at (2,2) width 24: "Cell"
                                            LayoutTableCell {TD} at (32,2) size 573x198 [border: (1px inset #808080)] [r=0 c=1 rs=2 cs=2]
                                              LayoutTable {TABLE} at (2,2) size 569x194 [bgcolor=#FF0000] [border: (1px outset #808080)]
                                                LayoutTableSection {TBODY} at (1,1) size 567x192
                                                  LayoutTableRow {TR} at (0,2) size 567x80
                                                    LayoutTableCell {TD} at (2,30) size 28x24 [border: (1px inset #808080)] [r=0 c=0 rs=1 cs=1]
                                                      LayoutText {#text} at (2,2) size 24x19
                                                        text run at (2,2) width 24: "Cell"
                                                    LayoutTableCell {TD} at (32,2) size 533x162 [border: (1px inset #808080)] [r=0 c=1 rs=2 cs=2]
                                                      LayoutTable {TABLE} at (2,2) size 529x158 [bgcolor=#ADD8E6] [border: (1px outset #808080)]
                                                        LayoutTableSection {TBODY} at (1,1) size 527x156
                                                          LayoutTableRow {TR} at (0,2) size 527x52
                                                            LayoutTableCell {TD} at (2,16) size 28x24 [border: (1px inset #808080)] [r=0 c=0 rs=1 cs=1]
                                                              LayoutText {#text} at (2,2) size 24x19
                                                                text run at (2,2) width 24: "Cell"
                                                            LayoutTableCell {TD} at (32,2) size 493x106 [border: (1px inset #808080)] [r=0 c=1 rs=2 cs=2]
                                                              LayoutTable {TABLE} at (2,2) size 489x102 [bgcolor=#90EE90] [border: (1px outset #808080)]
                                                                LayoutTableSection {TBODY} at (1,1) size 487x100
                                                                  LayoutTableRow {TR} at (0,2) size 487x24
                                                                    LayoutTableCell {TD} at (2,2) size 28x24 [border: (1px inset #808080)] [r=0 c=0 rs=1 cs=1]
                                                                      LayoutText {#text} at (2,2) size 24x19
                                                                        text run at (2,2) width 24: "Cell"
                                                                    LayoutTableCell {TD} at (32,5) size 453x44 [border: (1px inset #808080)] [r=0 c=1 rs=2 cs=2]
                                                                      LayoutText {#text} at (2,2) size 436x39
                                                                        text run at (2,2) width 372: "Cell, and stuff to test out table cell layout. This should be long "
                                                                        text run at (373,2) width 65: "enough for"
                                                                        text run at (2,22) width 42: "testing."
                                                                  LayoutTableRow {TR} at (0,28) size 487x24
                                                                    LayoutTableCell {TD} at (2,28) size 28x24 [border: (1px inset #808080)] [r=1 c=0 rs=1 cs=1]
                                                                      LayoutText {#text} at (2,2) size 24x19
                                                                        text run at (2,2) width 24: "Cell"
                                                                  LayoutTableRow {TR} at (0,54) size 487x44
                                                                    LayoutTableCell {TD} at (2,64) size 28x24 [border: (1px inset #808080)] [r=2 c=0 rs=1 cs=1]
                                                                      LayoutText {#text} at (2,2) size 24x19
                                                                        text run at (2,2) width 24: "Cell"
                                                                    LayoutTableCell {TD} at (32,54) size 423x44 [border: (1px inset #808080)] [r=2 c=1 rs=1 cs=1]
                                                                      LayoutText {#text} at (2,2) size 415x39
                                                                        text run at (2,2) width 372: "Cell, and stuff to test out table cell layout. This should be long "
                                                                        text run at (373,2) width 44: "enough"
                                                                        text run at (2,22) width 63: "for testing."
                                                                    LayoutTableCell {TD} at (457,64) size 28x24 [border: (1px inset #808080)] [r=2 c=2 rs=1 cs=1]
                                                                      LayoutText {#text} at (2,2) size 24x19
                                                                        text run at (2,2) width 24: "Cell"
                                                          LayoutTableRow {TR} at (0,56) size 527x52
                                                            LayoutTableCell {TD} at (2,70) size 28x24 [border: (1px inset #808080)] [r=1 c=0 rs=1 cs=1]
                                                              LayoutText {#text} at (2,2) size 24x19
                                                                text run at (2,2) width 24: "Cell"
                                                          LayoutTableRow {TR} at (0,110) size 527x44
                                                            LayoutTableCell {TD} at (2,120) size 28x24 [border: (1px inset #808080)] [r=2 c=0 rs=1 cs=1]
                                                              LayoutText {#text} at (2,2) size 24x19
                                                                text run at (2,2) width 24: "Cell"
                                                            LayoutTableCell {TD} at (32,110) size 463x44 [border: (1px inset #808080)] [r=2 c=1 rs=1 cs=1]
                                                              LayoutText {#text} at (2,2) size 436x39
                                                                text run at (2,2) width 372: "Cell, and stuff to test out table cell layout. This should be long "
                                                                text run at (373,2) width 65: "enough for"
                                                                text run at (2,22) width 42: "testing."
                                                            LayoutTableCell {TD} at (497,120) size 28x24 [border: (1px inset #808080)] [r=2 c=2 rs=1 cs=1]
                                                              LayoutText {#text} at (2,2) size 24x19
                                                                text run at (2,2) width 24: "Cell"
                                                  LayoutTableRow {TR} at (0,84) size 567x80
                                                    LayoutTableCell {TD} at (2,112) size 28x24 [border: (1px inset #808080)] [r=1 c=0 rs=1 cs=1]
                                                      LayoutText {#text} at (2,2) size 24x19
                                                        text run at (2,2) width 24: "Cell"
                                                  LayoutTableRow {TR} at (0,166) size 567x24
                                                    LayoutTableCell {TD} at (2,166) size 28x24 [border: (1px inset #808080)] [r=2 c=0 rs=1 cs=1]
                                                      LayoutText {#text} at (2,2) size 24x19
                                                        text run at (2,2) width 24: "Cell"
                                                    LayoutTableCell {TD} at (32,166) size 501x24 [border: (1px inset #808080)] [r=2 c=1 rs=1 cs=1]
                                                      LayoutText {#text} at (2,2) size 482x19
                                                        text run at (2,2) width 372: "Cell, and stuff to test out table cell layout. This should be long "
                                                        text run at (373,2) width 111: "enough for testing."
                                                    LayoutTableCell {TD} at (535,166) size 30x24 [border: (1px inset #808080)] [r=2 c=2 rs=1 cs=1]
                                                      LayoutText {#text} at (2,2) size 24x19
                                                        text run at (2,2) width 24: "Cell"
                                          LayoutTableRow {TR} at (0,102) size 607x98
                                            LayoutTableCell {TD} at (2,139) size 28x24 [border: (1px inset #808080)] [r=1 c=0 rs=1 cs=1]
                                              LayoutText {#text} at (2,2) size 24x19
                                                text run at (2,2) width 24: "Cell"
                                          LayoutTableRow {TR} at (0,202) size 607x24
                                            LayoutTableCell {TD} at (2,202) size 28x24 [border: (1px inset #808080)] [r=2 c=0 rs=1 cs=1]
                                              LayoutText {#text} at (2,2) size 24x19
                                                text run at (2,2) width 24: "Cell"
                                            LayoutTableCell {TD} at (32,202) size 539x24 [border: (1px inset #808080)] [r=2 c=1 rs=1 cs=1]
                                              LayoutText {#text} at (2,2) size 482x19
                                                text run at (2,2) width 372: "Cell, and stuff to test out table cell layout. This should be long "
                                                text run at (373,2) width 111: "enough for testing."
                                            LayoutTableCell {TD} at (573,202) size 32x24 [border: (1px inset #808080)] [r=2 c=2 rs=1 cs=1]
                                              LayoutText {#text} at (2,2) size 24x19
                                                text run at (2,2) width 24: "Cell"
                                  LayoutTableRow {TR} at (0,120) size 647x116
                                    LayoutTableCell {TD} at (2,166) size 28x24 [border: (1px inset #808080)] [r=1 c=0 rs=1 cs=1]
                                      LayoutText {#text} at (2,2) size 24x19
                                        text run at (2,2) width 24: "Cell"
                                  LayoutTableRow {TR} at (0,238) size 647x24
                                    LayoutTableCell {TD} at (2,238) size 28x24 [border: (1px inset #808080)] [r=2 c=0 rs=1 cs=1]
                                      LayoutText {#text} at (2,2) size 24x19
                                        text run at (2,2) width 24: "Cell"
                                    LayoutTableCell {TD} at (32,238) size 577x24 [border: (1px inset #808080)] [r=2 c=1 rs=1 cs=1]
                                      LayoutText {#text} at (2,2) size 482x19
                                        text run at (2,2) width 372: "Cell, and stuff to test out table cell layout. This should be long "
                                        text run at (373,2) width 111: "enough for testing."
                                    LayoutTableCell {TD} at (611,238) size 34x24 [border: (1px inset #808080)] [r=2 c=2 rs=1 cs=1]
                                      LayoutText {#text} at (2,2) size 24x19
                                        text run at (2,2) width 24: "Cell"
                          LayoutTableRow {TR} at (0,138) size 687x134
                            LayoutTableCell {TD} at (2,193) size 28x24 [border: (1px inset #808080)] [r=1 c=0 rs=1 cs=1]
                              LayoutText {#text} at (2,2) size 24x19
                                text run at (2,2) width 24: "Cell"
                          LayoutTableRow {TR} at (0,274) size 687x24
                            LayoutTableCell {TD} at (2,274) size 28x24 [border: (1px inset #808080)] [r=2 c=0 rs=1 cs=1]
                              LayoutText {#text} at (2,2) size 24x19
                                text run at (2,2) width 24: "Cell"
                            LayoutTableCell {TD} at (32,274) size 615x24 [border: (1px inset #808080)] [r=2 c=1 rs=1 cs=1]
                              LayoutText {#text} at (2,2) size 482x19
                                text run at (2,2) width 372: "Cell, and stuff to test out table cell layout. This should be long "
                                text run at (373,2) width 111: "enough for testing."
                            LayoutTableCell {TD} at (649,274) size 36x24 [border: (1px inset #808080)] [r=2 c=2 rs=1 cs=1]
                              LayoutText {#text} at (2,2) size 24x19
                                text run at (2,2) width 24: "Cell"
                  LayoutTableRow {TR} at (0,156) size 727x152
                    LayoutTableCell {TD} at (2,220) size 28x24 [border: (1px inset #808080)] [r=1 c=0 rs=1 cs=1]
                      LayoutText {#text} at (2,2) size 24x19
                        text run at (2,2) width 24: "Cell"
                  LayoutTableRow {TR} at (0,310) size 727x24
                    LayoutTableCell {TD} at (2,310) size 28x24 [border: (1px inset #808080)] [r=2 c=0 rs=1 cs=1]
                      LayoutText {#text} at (2,2) size 24x19
                        text run at (2,2) width 24: "Cell"
                    LayoutTableCell {TD} at (32,310) size 652x24 [border: (1px inset #808080)] [r=2 c=1 rs=1 cs=1]
                      LayoutText {#text} at (2,2) size 482x19
                        text run at (2,2) width 372: "Cell, and stuff to test out table cell layout. This should be long "
                        text run at (373,2) width 111: "enough for testing."
                    LayoutTableCell {TD} at (686,310) size 39x24 [border: (1px inset #808080)] [r=2 c=2 rs=1 cs=1]
                      LayoutText {#text} at (2,2) size 24x19
                        text run at (2,2) width 24: "Cell"
          LayoutTableRow {TR} at (0,174) size 767x170
            LayoutTableCell {TD} at (2,247) size 28x24 [border: (1px inset #808080)] [r=1 c=0 rs=1 cs=1]
              LayoutText {#text} at (2,2) size 24x19
                text run at (2,2) width 24: "Cell"
          LayoutTableRow {TR} at (0,346) size 767x24
            LayoutTableCell {TD} at (2,346) size 28x24 [border: (1px inset #808080)] [r=2 c=0 rs=1 cs=1]
              LayoutText {#text} at (2,2) size 24x19
                text run at (2,2) width 24: "Cell"
            LayoutTableCell {TD} at (32,346) size 690x24 [border: (1px inset #808080)] [r=2 c=1 rs=1 cs=1]
              LayoutText {#text} at (2,2) size 482x19
                text run at (2,2) width 372: "Cell, and stuff to test out table cell layout. This should be long "
                text run at (373,2) width 111: "enough for testing."
            LayoutTableCell {TD} at (724,346) size 41x24 [border: (1px inset #808080)] [r=2 c=2 rs=1 cs=1]
              LayoutText {#text} at (2,2) size 24x19
                text run at (2,2) width 24: "Cell"
      LayoutBlockFlow (anonymous) at (0,548.25) size 769x20
        LayoutBR {BR} at (0,0) size 0x19
      LayoutBlockFlow {H2} at (0,588.16) size 769x27
        LayoutText {#text} at (0,0) size 396x26
          text run at (0,0) width 396: "100% width tables nested 6 levels deep"
      LayoutTable {TABLE} at (0,635.06) size 769x774 [bgcolor=#FFFF00] [border: (1px outset #808080)]
        LayoutTableSection {TBODY} at (1,1) size 767x772
          LayoutTableRow {TR} at (0,2) size 767x24
            LayoutTableCell {TD} at (2,2) size 616x24 [border: (1px inset #808080)] [r=0 c=0 rs=1 cs=1]
              LayoutText {#text} at (2,2) size 50x19
                text run at (2,2) width 50: "Cell one"
            LayoutTableCell {TD} at (620,2) size 71x24 [border: (1px inset #808080)] [r=0 c=1 rs=1 cs=1]
              LayoutText {#text} at (2,2) size 32x19
                text run at (2,2) width 32: "Cell2"
            LayoutTableCell {TD} at (693,2) size 72x24 [border: (1px inset #808080)] [r=0 c=2 rs=1 cs=1]
              LayoutText {#text} at (2,2) size 36x19
                text run at (2,2) width 36: "Cell 3"
          LayoutTableRow {TR} at (0,28) size 767x24
            LayoutTableCell {TD} at (2,28) size 616x24 [border: (1px inset #808080)] [r=1 c=0 rs=1 cs=1]
              LayoutText {#text} at (2,2) size 36x19
                text run at (2,2) width 36: "Cell 4"
            LayoutTableCell {TD} at (620,28) size 71x24 [border: (1px inset #808080)] [r=1 c=1 rs=1 cs=1]
              LayoutText {#text} at (2,2) size 36x19
                text run at (2,2) width 36: "Cell 5"
            LayoutTableCell {TD} at (693,28) size 72x24 [border: (1px inset #808080)] [r=1 c=2 rs=1 cs=1]
              LayoutText {#text} at (2,2) size 36x19
                text run at (2,2) width 36: "Cell 6"
          LayoutTableRow {TR} at (0,54) size 767x716
            LayoutTableCell {TD} at (2,54) size 616x716 [border: (1px inset #808080)] [r=2 c=0 rs=1 cs=1]
              LayoutTable {TABLE} at (2,2) size 612x692 [bgcolor=#D3D3D3]
                LayoutTableSection {TBODY} at (0,0) size 612x692
                  LayoutTableRow {TR} at (0,2) size 612x22
                    LayoutTableCell {TD} at (2,2) size 18x22 [r=0 c=0 rs=1 cs=1]
                      LayoutText {#text} at (1,1) size 8x19
                        text run at (1,1) width 8: "1"
                    LayoutTableCell {TD} at (22,2) size 567x22 [r=0 c=1 rs=1 cs=1]
                      LayoutText {#text} at (1,1) size 8x19
                        text run at (1,1) width 8: "2"
                    LayoutTableCell {TD} at (591,2) size 19x22 [r=0 c=2 rs=1 cs=1]
                      LayoutText {#text} at (1,1) size 8x19
                        text run at (1,1) width 8: "3"
                  LayoutTableRow {TR} at (0,26) size 612x640
                    LayoutTableCell {TD} at (2,335) size 18x22 [r=1 c=0 rs=1 cs=1]
                      LayoutText {#text} at (1,1) size 8x19
                        text run at (1,1) width 8: "4"
                    LayoutTableCell {TD} at (22,26) size 567x640 [r=1 c=1 rs=1 cs=1]
                      LayoutTable {TABLE} at (1,1) size 565x618 [bgcolor=#ADD8E6] [border: (1px outset #808080)]
                        LayoutTableSection {TBODY} at (1,1) size 563x616
                          LayoutTableRow {TR} at (0,2) size 563x560
                            LayoutTableCell {TD} at (2,270) size 21x24 [border: (1px inset #808080)] [r=0 c=0 rs=1 cs=1]
                              LayoutText {#text} at (2,2) size 8x19
                                text run at (2,2) width 8: "1"
                            LayoutTableCell {TD} at (25,2) size 511x560 [border: (1px inset #808080)] [r=0 c=1 rs=1 cs=1]
                              LayoutTable {TABLE} at (2,2) size 507x536 [bgcolor=#FF0000] [border: (1px outset #808080)]
                                LayoutTableSection {TBODY} at (1,1) size 505x534
                                  LayoutTableRow {TR} at (0,2) size 505x24
                                    LayoutTableCell {TD} at (2,2) size 22x24 [border: (1px inset #808080)] [r=0 c=0 rs=1 cs=1]
                                      LayoutText {#text} at (2,2) size 8x19
                                        text run at (2,2) width 8: "1"
                                    LayoutTableCell {TD} at (26,2) size 22x24 [border: (1px inset #808080)] [r=0 c=1 rs=1 cs=1]
                                      LayoutText {#text} at (2,2) size 8x19
                                        text run at (2,2) width 8: "2"
                                    LayoutTableCell {TD} at (50,2) size 403x24 [border: (1px inset #808080)] [r=0 c=2 rs=1 cs=1]
                                      LayoutText {#text} at (2,2) size 8x19
                                        text run at (2,2) width 8: "3"
                                    LayoutTableCell {TD} at (455,2) size 23x24 [border: (1px inset #808080)] [r=0 c=3 rs=1 cs=1]
                                      LayoutText {#text} at (2,2) size 8x19
                                        text run at (2,2) width 8: "4"
                                    LayoutTableCell {TD} at (480,2) size 23x24 [border: (1px inset #808080)] [r=0 c=4 rs=1 cs=1]
                                      LayoutText {#text} at (2,2) size 8x19
                                        text run at (2,2) width 8: "5"
                                  LayoutTableRow {TR} at (0,28) size 505x426
                                    LayoutTableCell {TD} at (2,229) size 22x24 [border: (1px inset #808080)] [r=1 c=0 rs=1 cs=1]
                                      LayoutText {#text} at (2,2) size 8x19
                                        text run at (2,2) width 8: "6"
                                    LayoutTableCell {TD} at (26,229) size 22x24 [border: (1px inset #808080)] [r=1 c=1 rs=1 cs=1]
                                      LayoutText {#text} at (2,2) size 8x19
                                        text run at (2,2) width 8: "7"
                                    LayoutTableCell {TD} at (50,28) size 403x426 [border: (1px inset #808080)] [r=1 c=2 rs=1 cs=1]
                                      LayoutTable {TABLE} at (2,2) size 399x402 [bgcolor=#008000] [border: (1px outset #808080)]
                                        LayoutTableSection {TBODY} at (1,1) size 397x400
                                          LayoutTableRow {TR} at (0,2) size 397x24
                                            LayoutTableCell {TD} at (2,2) size 23x24 [border: (1px inset #808080)] [r=0 c=0 rs=1 cs=1]
                                              LayoutText {#text} at (2,2) size 7x19
                                                text run at (2,2) width 7: "a"
                                            LayoutTableCell {TD} at (27,2) size 23x24 [border: (1px inset #808080)] [r=0 c=1 rs=1 cs=1]
                                              LayoutText {#text} at (2,2) size 8x19
                                                text run at (2,2) width 8: "b"
                                            LayoutTableCell {TD} at (52,2) size 291x24 [border: (1px inset #808080)] [r=0 c=2 rs=1 cs=1]
                                              LayoutText {#text} at (2,2) size 7x19
                                                text run at (2,2) width 7: "c"
                                            LayoutTableCell {TD} at (345,2) size 24x24 [border: (1px inset #808080)] [r=0 c=3 rs=1 cs=1]
                                              LayoutText {#text} at (2,2) size 8x19
                                                text run at (2,2) width 8: "d"
                                            LayoutTableCell {TD} at (371,2) size 24x24 [border: (1px inset #808080)] [r=0 c=4 rs=1 cs=1]
                                              LayoutText {#text} at (2,2) size 7x19
                                                text run at (2,2) width 7: "e"
                                          LayoutTableRow {TR} at (0,28) size 397x24
                                            LayoutTableCell {TD} at (2,28) size 23x24 [border: (1px inset #808080)] [r=1 c=0 rs=1 cs=1]
                                              LayoutText {#text} at (2,2) size 4x19
                                                text run at (2,2) width 4: "f"
                                            LayoutTableCell {TD} at (27,28) size 23x24 [border: (1px inset #808080)] [r=1 c=1 rs=1 cs=1]
                                              LayoutText {#text} at (2,2) size 7x19
                                                text run at (2,2) width 7: "g"
                                            LayoutTableCell {TD} at (52,28) size 291x24 [border: (1px inset #808080)] [r=1 c=2 rs=1 cs=1]
                                              LayoutText {#text} at (2,2) size 7x19
                                                text run at (2,2) width 7: "h"
                                            LayoutTableCell {TD} at (345,28) size 24x24 [border: (1px inset #808080)] [r=1 c=3 rs=1 cs=1]
                                              LayoutText {#text} at (2,2) size 3x19
                                                text run at (2,2) width 3: "i"
                                            LayoutTableCell {TD} at (371,28) size 24x24 [border: (1px inset #808080)] [r=1 c=4 rs=1 cs=1]
                                              LayoutText {#text} at (2,2) size 4x19
                                                text run at (2,2) width 4: "j"
                                          LayoutTableRow {TR} at (0,54) size 397x292
                                            LayoutTableCell {TD} at (2,188) size 23x24 [border: (1px inset #808080)] [r=2 c=0 rs=1 cs=1]
                                              LayoutText {#text} at (2,2) size 8x19
                                                text run at (2,2) width 8: "k"
                                            LayoutTableCell {TD} at (27,188) size 23x24 [border: (1px inset #808080)] [r=2 c=1 rs=1 cs=1]
                                              LayoutText {#text} at (2,2) size 3x19
                                                text run at (2,2) width 3: "l"
                                            LayoutTableCell {TD} at (52,54) size 291x292 [border: (1px inset #808080)] [r=2 c=2 rs=1 cs=1]
                                              LayoutTable {TABLE} at (2,2) size 287x268 [bgcolor=#800080] [border: (1px outset #808080)]
                                                LayoutTableSection {TBODY} at (1,1) size 285x266
                                                  LayoutTableRow {TR} at (0,2) size 285x24
                                                    LayoutTableCell {TD} at (2,2) size 25x24 [border: (1px inset #808080)] [r=0 c=0 rs=1 cs=1]
                                                      LayoutText {#text} at (2,2) size 7x19
                                                        text run at (2,2) width 7: "a"
                                                    LayoutTableCell {TD} at (29,2) size 25x24 [border: (1px inset #808080)] [r=0 c=1 rs=1 cs=1]
                                                      LayoutText {#text} at (2,2) size 8x19
                                                        text run at (2,2) width 8: "b"
                                                    LayoutTableCell {TD} at (56,2) size 172x24 [border: (1px inset #808080)] [r=0 c=2 rs=1 cs=1]
                                                      LayoutText {#text} at (2,2) size 7x19
                                                        text run at (2,2) width 7: "c"
                                                    LayoutTableCell {TD} at (230,2) size 25x24 [border: (1px inset #808080)] [r=0 c=3 rs=1 cs=1]
                                                      LayoutText {#text} at (2,2) size 8x19
                                                        text run at (2,2) width 8: "d"
                                                    LayoutTableCell {TD} at (257,2) size 26x24 [border: (1px inset #808080)] [r=0 c=4 rs=1 cs=1]
                                                      LayoutText {#text} at (2,2) size 7x19
                                                        text run at (2,2) width 7: "e"
                                                  LayoutTableRow {TR} at (0,28) size 285x24
                                                    LayoutTableCell {TD} at (2,28) size 25x24 [border: (1px inset #808080)] [r=1 c=0 rs=1 cs=1]
                                                      LayoutText {#text} at (2,2) size 4x19
                                                        text run at (2,2) width 4: "f"
                                                    LayoutTableCell {TD} at (29,28) size 25x24 [border: (1px inset #808080)] [r=1 c=1 rs=1 cs=1]
                                                      LayoutText {#text} at (2,2) size 7x19
                                                        text run at (2,2) width 7: "g"
                                                    LayoutTableCell {TD} at (56,28) size 172x24 [border: (1px inset #808080)] [r=1 c=2 rs=1 cs=1]
                                                      LayoutText {#text} at (2,2) size 7x19
                                                        text run at (2,2) width 7: "h"
                                                    LayoutTableCell {TD} at (230,28) size 25x24 [border: (1px inset #808080)] [r=1 c=3 rs=1 cs=1]
                                                      LayoutText {#text} at (2,2) size 3x19
                                                        text run at (2,2) width 3: "i"
                                                    LayoutTableCell {TD} at (257,28) size 26x24 [border: (1px inset #808080)] [r=1 c=4 rs=1 cs=1]
                                                      LayoutText {#text} at (2,2) size 4x19
                                                        text run at (2,2) width 4: "j"
                                                  LayoutTableRow {TR} at (0,54) size 285x158
                                                    LayoutTableCell {TD} at (2,121) size 25x24 [border: (1px inset #808080)] [r=2 c=0 rs=1 cs=1]
                                                      LayoutText {#text} at (2,2) size 8x19
                                                        text run at (2,2) width 8: "k"
                                                    LayoutTableCell {TD} at (29,121) size 25x24 [border: (1px inset #808080)] [r=2 c=1 rs=1 cs=1]
                                                      LayoutText {#text} at (2,2) size 3x19
                                                        text run at (2,2) width 3: "l"
                                                    LayoutTableCell {TD} at (56,54) size 172x158 [border: (1px inset #808080)] [r=2 c=2 rs=1 cs=1]
                                                      LayoutTable {TABLE} at (2,2) size 168x134 [bgcolor=#FFA500] [border: (1px outset #808080)]
                                                        LayoutTableSection {TBODY} at (1,1) size 166x132
                                                          LayoutTableRow {TR} at (0,2) size 166x24
                                                            LayoutTableCell {TD} at (2,2) size 29x24 [border: (1px inset #808080)] [r=0 c=0 rs=1 cs=1]
                                                              LayoutText {#text} at (2,2) size 7x19
                                                                text run at (2,2) width 7: "a"
                                                            LayoutTableCell {TD} at (33,2) size 29x24 [border: (1px inset #808080)] [r=0 c=1 rs=1 cs=1]
                                                              LayoutText {#text} at (2,2) size 8x19
                                                                text run at (2,2) width 8: "b"
                                                            LayoutTableCell {TD} at (64,2) size 36x24 [border: (1px inset #808080)] [r=0 c=2 rs=1 cs=1]
                                                              LayoutText {#text} at (2,2) size 7x19
                                                                text run at (2,2) width 7: "c"
                                                            LayoutTableCell {TD} at (102,2) size 30x24 [border: (1px inset #808080)] [r=0 c=3 rs=1 cs=1]
                                                              LayoutText {#text} at (2,2) size 8x19
                                                                text run at (2,2) width 8: "d"
                                                            LayoutTableCell {TD} at (134,2) size 30x24 [border: (1px inset #808080)] [r=0 c=4 rs=1 cs=1]
                                                              LayoutText {#text} at (2,2) size 7x19
                                                                text run at (2,2) width 7: "e"
                                                          LayoutTableRow {TR} at (0,28) size 166x24
                                                            LayoutTableCell {TD} at (2,28) size 29x24 [border: (1px inset #808080)] [r=1 c=0 rs=1 cs=1]
                                                              LayoutText {#text} at (2,2) size 4x19
                                                                text run at (2,2) width 4: "f"
                                                            LayoutTableCell {TD} at (33,28) size 29x24 [border: (1px inset #808080)] [r=1 c=1 rs=1 cs=1]
                                                              LayoutText {#text} at (2,2) size 7x19
                                                                text run at (2,2) width 7: "g"
                                                            LayoutTableCell {TD} at (64,28) size 36x24 [border: (1px inset #808080)] [r=1 c=2 rs=1 cs=1]
                                                              LayoutText {#text} at (2,2) size 7x19
                                                                text run at (2,2) width 7: "h"
                                                            LayoutTableCell {TD} at (102,28) size 30x24 [border: (1px inset #808080)] [r=1 c=3 rs=1 cs=1]
                                                              LayoutText {#text} at (2,2) size 3x19
                                                                text run at (2,2) width 3: "i"
                                                            LayoutTableCell {TD} at (134,28) size 30x24 [border: (1px inset #808080)] [r=1 c=4 rs=1 cs=1]
                                                              LayoutText {#text} at (2,2) size 4x19
                                                                text run at (2,2) width 4: "j"
                                                          LayoutTableRow {TR} at (0,54) size 166x24
                                                            LayoutTableCell {TD} at (2,54) size 29x24 [border: (1px inset #808080)] [r=2 c=0 rs=1 cs=1]
                                                              LayoutText {#text} at (2,2) size 8x19
                                                                text run at (2,2) width 8: "k"
                                                            LayoutTableCell {TD} at (33,54) size 29x24 [border: (1px inset #808080)] [r=2 c=1 rs=1 cs=1]
                                                              LayoutText {#text} at (2,2) size 3x19
                                                                text run at (2,2) width 3: "l"
                                                            LayoutTableCell {TD} at (64,54) size 36x24 [border: (1px inset #808080)] [r=2 c=2 rs=1 cs=1]
                                                              LayoutText {#text} at (2,2) size 11x19
                                                                text run at (2,2) width 11: "m"
                                                            LayoutTableCell {TD} at (102,54) size 30x24 [border: (1px inset #808080)] [r=2 c=3 rs=1 cs=1]
                                                              LayoutText {#text} at (2,2) size 7x19
                                                                text run at (2,2) width 7: "n"
                                                            LayoutTableCell {TD} at (134,54) size 30x24 [border: (1px inset #808080)] [r=2 c=4 rs=1 cs=1]
                                                              LayoutText {#text} at (2,2) size 8x19
                                                                text run at (2,2) width 8: "o"
                                                          LayoutTableRow {TR} at (0,80) size 166x24
                                                            LayoutTableCell {TD} at (2,80) size 29x24 [border: (1px inset #808080)] [r=3 c=0 rs=1 cs=1]
                                                              LayoutText {#text} at (2,2) size 8x19
                                                                text run at (2,2) width 8: "p"
                                                            LayoutTableCell {TD} at (33,80) size 29x24 [border: (1px inset #808080)] [r=3 c=1 rs=1 cs=1]
                                                              LayoutText {#text} at (2,2) size 8x19
                                                                text run at (2,2) width 8: "q"
                                                            LayoutTableCell {TD} at (64,80) size 36x24 [border: (1px inset #808080)] [r=3 c=2 rs=1 cs=1]
                                                              LayoutText {#text} at (2,2) size 5x19
                                                                text run at (2,2) width 5: "r"
                                                            LayoutTableCell {TD} at (102,80) size 30x24 [border: (1px inset #808080)] [r=3 c=3 rs=1 cs=1]
                                                              LayoutText {#text} at (2,2) size 6x19
                                                                text run at (2,2) width 6: "s"
                                                            LayoutTableCell {TD} at (134,80) size 30x24 [border: (1px inset #808080)] [r=3 c=4 rs=1 cs=1]
                                                              LayoutText {#text} at (2,2) size 4x19
                                                                text run at (2,2) width 4: "t"
                                                          LayoutTableRow {TR} at (0,106) size 166x24
                                                            LayoutTableCell {TD} at (2,106) size 29x24 [border: (1px inset #808080)] [r=4 c=0 rs=1 cs=1]
                                                              LayoutText {#text} at (2,2) size 7x19
                                                                text run at (2,2) width 7: "u"
                                                            LayoutTableCell {TD} at (33,106) size 29x24 [border: (1px inset #808080)] [r=4 c=1 rs=1 cs=1]
                                                              LayoutText {#text} at (2,2) size 7x19
                                                                text run at (2,2) width 7: "v"
                                                            LayoutTableCell {TD} at (64,106) size 36x24 [border: (1px inset #808080)] [r=4 c=2 rs=1 cs=1]
                                                              LayoutText {#text} at (2,2) size 11x19
                                                                text run at (2,2) width 11: "w"
                                                            LayoutTableCell {TD} at (102,106) size 30x24 [border: (1px inset #808080)] [r=4 c=3 rs=1 cs=1]
                                                              LayoutText {#text} at (2,2) size 7x19
                                                                text run at (2,2) width 7: "x"
                                                            LayoutTableCell {TD} at (134,106) size 30x24 [border: (1px inset #808080)] [r=4 c=4 rs=1 cs=1]
                                                              LayoutText {#text} at (2,2) size 7x19
                                                                text run at (2,2) width 7: "y"
                                                      LayoutBlockFlow (anonymous) at (2,136) size 168x20
                                                        LayoutText {#text} at (0,0) size 4x19
                                                          text run at (0,0) width 4: " "
                                                    LayoutTableCell {TD} at (230,121) size 25x24 [border: (1px inset #808080)] [r=2 c=3 rs=1 cs=1]
                                                      LayoutText {#text} at (2,2) size 7x19
                                                        text run at (2,2) width 7: "n"
                                                    LayoutTableCell {TD} at (257,121) size 26x24 [border: (1px inset #808080)] [r=2 c=4 rs=1 cs=1]
                                                      LayoutText {#text} at (2,2) size 8x19
                                                        text run at (2,2) width 8: "o"
                                                  LayoutTableRow {TR} at (0,214) size 285x24
                                                    LayoutTableCell {TD} at (2,214) size 25x24 [border: (1px inset #808080)] [r=3 c=0 rs=1 cs=1]
                                                      LayoutText {#text} at (2,2) size 8x19
                                                        text run at (2,2) width 8: "p"
                                                    LayoutTableCell {TD} at (29,214) size 25x24 [border: (1px inset #808080)] [r=3 c=1 rs=1 cs=1]
                                                      LayoutText {#text} at (2,2) size 8x19
                                                        text run at (2,2) width 8: "q"
                                                    LayoutTableCell {TD} at (56,214) size 172x24 [border: (1px inset #808080)] [r=3 c=2 rs=1 cs=1]
                                                      LayoutText {#text} at (2,2) size 5x19
                                                        text run at (2,2) width 5: "r"
                                                    LayoutTableCell {TD} at (230,214) size 25x24 [border: (1px inset #808080)] [r=3 c=3 rs=1 cs=1]
                                                      LayoutText {#text} at (2,2) size 6x19
                                                        text run at (2,2) width 6: "s"
                                                    LayoutTableCell {TD} at (257,214) size 26x24 [border: (1px inset #808080)] [r=3 c=4 rs=1 cs=1]
                                                      LayoutText {#text} at (2,2) size 4x19
                                                        text run at (2,2) width 4: "t"
                                                  LayoutTableRow {TR} at (0,240) size 285x24
                                                    LayoutTableCell {TD} at (2,240) size 25x24 [border: (1px inset #808080)] [r=4 c=0 rs=1 cs=1]
                                                      LayoutText {#text} at (2,2) size 7x19
                                                        text run at (2,2) width 7: "u"
                                                    LayoutTableCell {TD} at (29,240) size 25x24 [border: (1px inset #808080)] [r=4 c=1 rs=1 cs=1]
                                                      LayoutText {#text} at (2,2) size 7x19
                                                        text run at (2,2) width 7: "v"
                                                    LayoutTableCell {TD} at (56,240) size 172x24 [border: (1px inset #808080)] [r=4 c=2 rs=1 cs=1]
                                                      LayoutText {#text} at (2,2) size 11x19
                                                        text run at (2,2) width 11: "w"
                                                    LayoutTableCell {TD} at (230,240) size 25x24 [border: (1px inset #808080)] [r=4 c=3 rs=1 cs=1]
                                                      LayoutText {#text} at (2,2) size 7x19
                                                        text run at (2,2) width 7: "x"
                                                    LayoutTableCell {TD} at (257,240) size 26x24 [border: (1px inset #808080)] [r=4 c=4 rs=1 cs=1]
                                                      LayoutText {#text} at (2,2) size 7x19
                                                        text run at (2,2) width 7: "y"
                                              LayoutBlockFlow (anonymous) at (2,270) size 287x20
                                                LayoutText {#text} at (0,0) size 4x19
                                                  text run at (0,0) width 4: " "
                                            LayoutTableCell {TD} at (345,188) size 24x24 [border: (1px inset #808080)] [r=2 c=3 rs=1 cs=1]
                                              LayoutText {#text} at (2,2) size 7x19
                                                text run at (2,2) width 7: "n"
                                            LayoutTableCell {TD} at (371,188) size 24x24 [border: (1px inset #808080)] [r=2 c=4 rs=1 cs=1]
                                              LayoutText {#text} at (2,2) size 8x19
                                                text run at (2,2) width 8: "o"
                                          LayoutTableRow {TR} at (0,348) size 397x24
                                            LayoutTableCell {TD} at (2,348) size 23x24 [border: (1px inset #808080)] [r=3 c=0 rs=1 cs=1]
                                              LayoutText {#text} at (2,2) size 8x19
                                                text run at (2,2) width 8: "p"
                                            LayoutTableCell {TD} at (27,348) size 23x24 [border: (1px inset #808080)] [r=3 c=1 rs=1 cs=1]
                                              LayoutText {#text} at (2,2) size 8x19
                                                text run at (2,2) width 8: "q"
                                            LayoutTableCell {TD} at (52,348) size 291x24 [border: (1px inset #808080)] [r=3 c=2 rs=1 cs=1]
                                              LayoutText {#text} at (2,2) size 5x19
                                                text run at (2,2) width 5: "r"
                                            LayoutTableCell {TD} at (345,348) size 24x24 [border: (1px inset #808080)] [r=3 c=3 rs=1 cs=1]
                                              LayoutText {#text} at (2,2) size 6x19
                                                text run at (2,2) width 6: "s"
                                            LayoutTableCell {TD} at (371,348) size 24x24 [border: (1px inset #808080)] [r=3 c=4 rs=1 cs=1]
                                              LayoutText {#text} at (2,2) size 4x19
                                                text run at (2,2) width 4: "t"
                                          LayoutTableRow {TR} at (0,374) size 397x24
                                            LayoutTableCell {TD} at (2,374) size 23x24 [border: (1px inset #808080)] [r=4 c=0 rs=1 cs=1]
                                              LayoutText {#text} at (2,2) size 7x19
                                                text run at (2,2) width 7: "u"
                                            LayoutTableCell {TD} at (27,374) size 23x24 [border: (1px inset #808080)] [r=4 c=1 rs=1 cs=1]
                                              LayoutText {#text} at (2,2) size 7x19
                                                text run at (2,2) width 7: "v"
                                            LayoutTableCell {TD} at (52,374) size 291x24 [border: (1px inset #808080)] [r=4 c=2 rs=1 cs=1]
                                              LayoutText {#text} at (2,2) size 11x19
                                                text run at (2,2) width 11: "w"
                                            LayoutTableCell {TD} at (345,374) size 24x24 [border: (1px inset #808080)] [r=4 c=3 rs=1 cs=1]
                                              LayoutText {#text} at (2,2) size 7x19
                                                text run at (2,2) width 7: "x"
                                            LayoutTableCell {TD} at (371,374) size 24x24 [border: (1px inset #808080)] [r=4 c=4 rs=1 cs=1]
                                              LayoutText {#text} at (2,2) size 7x19
                                                text run at (2,2) width 7: "y"
                                      LayoutBlockFlow (anonymous) at (2,404) size 399x20
                                        LayoutText {#text} at (0,0) size 4x19
                                          text run at (0,0) width 4: " "
                                    LayoutTableCell {TD} at (455,229) size 23x24 [border: (1px inset #808080)] [r=1 c=3 rs=1 cs=1]
                                      LayoutText {#text} at (2,2) size 8x19
                                        text run at (2,2) width 8: "9"
                                    LayoutTableCell {TD} at (480,229) size 23x24 [border: (1px inset #808080)] [r=1 c=4 rs=1 cs=1]
                                      LayoutText {#text} at (2,2) size 8x19
                                        text run at (2,2) width 8: "0"
                                  LayoutTableRow {TR} at (0,456) size 505x24
                                    LayoutTableCell {TD} at (2,456) size 22x24 [border: (1px inset #808080)] [r=2 c=0 rs=1 cs=1]
                                      LayoutText {#text} at (2,2) size 7x19
                                        text run at (2,2) width 7: "a"
                                    LayoutTableCell {TD} at (26,456) size 22x24 [border: (1px inset #808080)] [r=2 c=1 rs=1 cs=1]
                                      LayoutText {#text} at (2,2) size 8x19
                                        text run at (2,2) width 8: "b"
                                    LayoutTableCell {TD} at (50,456) size 403x24 [border: (1px inset #808080)] [r=2 c=2 rs=1 cs=1]
                                      LayoutText {#text} at (2,2) size 7x19
                                        text run at (2,2) width 7: "c"
                                    LayoutTableCell {TD} at (455,456) size 23x24 [border: (1px inset #808080)] [r=2 c=3 rs=1 cs=1]
                                      LayoutText {#text} at (2,2) size 8x19
                                        text run at (2,2) width 8: "d"
                                    LayoutTableCell {TD} at (480,456) size 23x24 [border: (1px inset #808080)] [r=2 c=4 rs=1 cs=1]
                                      LayoutText {#text} at (2,2) size 7x19
                                        text run at (2,2) width 7: "e"
                                  LayoutTableRow {TR} at (0,482) size 505x24
                                    LayoutTableCell {TD} at (2,482) size 22x24 [border: (1px inset #808080)] [r=3 c=0 rs=1 cs=1]
                                      LayoutText {#text} at (2,2) size 4x19
                                        text run at (2,2) width 4: "f"
                                    LayoutTableCell {TD} at (26,482) size 22x24 [border: (1px inset #808080)] [r=3 c=1 rs=1 cs=1]
                                      LayoutText {#text} at (2,2) size 7x19
                                        text run at (2,2) width 7: "g"
                                    LayoutTableCell {TD} at (50,482) size 403x24 [border: (1px inset #808080)] [r=3 c=2 rs=1 cs=1]
                                      LayoutText {#text} at (2,2) size 7x19
                                        text run at (2,2) width 7: "h"
                                    LayoutTableCell {TD} at (455,482) size 23x24 [border: (1px inset #808080)] [r=3 c=3 rs=1 cs=1]
                                      LayoutText {#text} at (2,2) size 3x19
                                        text run at (2,2) width 3: "i"
                                    LayoutTableCell {TD} at (480,482) size 23x24 [border: (1px inset #808080)] [r=3 c=4 rs=1 cs=1]
                                      LayoutText {#text} at (2,2) size 4x19
                                        text run at (2,2) width 4: "j"
                                  LayoutTableRow {TR} at (0,508) size 505x24
                                    LayoutTableCell {TD} at (2,508) size 22x24 [border: (1px inset #808080)] [r=4 c=0 rs=1 cs=1]
                                      LayoutText {#text} at (2,2) size 8x19
                                        text run at (2,2) width 8: "k"
                                    LayoutTableCell {TD} at (26,508) size 22x24 [border: (1px inset #808080)] [r=4 c=1 rs=1 cs=1]
                                      LayoutText {#text} at (2,2) size 3x19
                                        text run at (2,2) width 3: "l"
                                    LayoutTableCell {TD} at (50,508) size 403x24 [border: (1px inset #808080)] [r=4 c=2 rs=1 cs=1]
                                      LayoutText {#text} at (2,2) size 11x19
                                        text run at (2,2) width 11: "m"
                                    LayoutTableCell {TD} at (455,508) size 23x24 [border: (1px inset #808080)] [r=4 c=3 rs=1 cs=1]
                                      LayoutText {#text} at (2,2) size 7x19
                                        text run at (2,2) width 7: "n"
                                    LayoutTableCell {TD} at (480,508) size 23x24 [border: (1px inset #808080)] [r=4 c=4 rs=1 cs=1]
                                      LayoutText {#text} at (2,2) size 8x19
                                        text run at (2,2) width 8: "o"
                              LayoutBlockFlow (anonymous) at (2,538) size 507x20
                                LayoutText {#text} at (0,0) size 4x19
                                  text run at (0,0) width 4: " "
                            LayoutTableCell {TD} at (538,270) size 23x24 [border: (1px inset #808080)] [r=0 c=2 rs=1 cs=1]
                              LayoutText {#text} at (2,2) size 8x19
                                text run at (2,2) width 8: "3"
                          LayoutTableRow {TR} at (0,564) size 563x24
                            LayoutTableCell {TD} at (2,564) size 21x24 [border: (1px inset #808080)] [r=1 c=0 rs=1 cs=1]
                              LayoutText {#text} at (2,2) size 8x19
                                text run at (2,2) width 8: "4"
                            LayoutTableCell {TD} at (25,564) size 511x24 [border: (1px inset #808080)] [r=1 c=1 rs=1 cs=1]
                              LayoutText {#text} at (2,2) size 8x19
                                text run at (2,2) width 8: "5"
                            LayoutTableCell {TD} at (538,564) size 23x24 [border: (1px inset #808080)] [r=1 c=2 rs=1 cs=1]
                              LayoutText {#text} at (2,2) size 8x19
                                text run at (2,2) width 8: "6"
                          LayoutTableRow {TR} at (0,590) size 563x24
                            LayoutTableCell {TD} at (2,590) size 21x24 [border: (1px inset #808080)] [r=2 c=0 rs=1 cs=1]
                              LayoutText {#text} at (2,2) size 8x19
                                text run at (2,2) width 8: "7"
                            LayoutTableCell {TD} at (25,590) size 511x24 [border: (1px inset #808080)] [r=2 c=1 rs=1 cs=1]
                              LayoutText {#text} at (2,2) size 8x19
                                text run at (2,2) width 8: "8"
                            LayoutTableCell {TD} at (538,590) size 23x24 [border: (1px inset #808080)] [r=2 c=2 rs=1 cs=1]
                              LayoutText {#text} at (2,2) size 8x19
                                text run at (2,2) width 8: "9"
                      LayoutBlockFlow (anonymous) at (1,619) size 565x20
                        LayoutText {#text} at (0,0) size 4x19
                          text run at (0,0) width 4: " "
                    LayoutTableCell {TD} at (591,335) size 19x22 [r=1 c=2 rs=1 cs=1]
                      LayoutText {#text} at (1,1) size 8x19
                        text run at (1,1) width 8: "6"
                  LayoutTableRow {TR} at (0,668) size 612x22
                    LayoutTableCell {TD} at (2,668) size 18x22 [r=2 c=0 rs=1 cs=1]
                      LayoutText {#text} at (1,1) size 8x19
                        text run at (1,1) width 8: "7"
                    LayoutTableCell {TD} at (22,668) size 567x22 [r=2 c=1 rs=1 cs=1]
                      LayoutText {#text} at (1,1) size 8x19
                        text run at (1,1) width 8: "8"
                    LayoutTableCell {TD} at (591,668) size 19x22 [r=2 c=2 rs=1 cs=1]
                      LayoutText {#text} at (1,1) size 8x19
                        text run at (1,1) width 8: "9"
              LayoutBlockFlow (anonymous) at (2,694) size 612x20
                LayoutText {#text} at (0,0) size 4x19
                  text run at (0,0) width 4: " "
            LayoutTableCell {TD} at (620,400) size 71x24 [border: (1px inset #808080)] [r=2 c=1 rs=1 cs=1]
              LayoutText {#text} at (2,2) size 8x19
                text run at (2,2) width 8: "8"
            LayoutTableCell {TD} at (693,400) size 72x24 [border: (1px inset #808080)] [r=2 c=2 rs=1 cs=1]
              LayoutText {#text} at (2,2) size 8x19
                text run at (2,2) width 8: "9"
