layer at (0,0) size 800x600
  LayoutView at (0,0) size 800x600
layer at (0,0) size 800x221
  LayoutBlockFlow {HTML} at (0,0) size 800x221
    LayoutBlockFlow {BODY} at (8,8) size 784x205
      LayoutText {#text} at (0,0) size 0x0
layer at (8,8) size 400x200
  LayoutVideo {VIDEO} at (0,0) size 400x200
layer at (8,8) size 400x200
  LayoutFlexibleBox (relative positioned) {DIV} at (0,0) size 400x200
    LayoutBlockFlow {DIV} at (0,168) size 400x32
layer at (8,8) size 400x158
  LayoutFlexibleBox (relative positioned) {DIV} at (0,0) size 400x158
layer at (8,176) size 400x32
  LayoutFlexibleBox (relative positioned) {DIV} at (0,0) size 400x32 [bgcolor=#FAFAFA]
    LayoutFlexibleBox {DIV} at (32,0) size 24x32 [color=#5A5A5A]
      LayoutBlockFlow (anonymous) at (0,0) size 24x32
        LayoutText {#text} at (0,8) size 24x15
          text run at (0,8) width 24: "0:00"
layer at (8,176) size 32x32 transparent
  LayoutButton {INPUT} at (0,0) size 32x32
layer at (82,177) size 308x30 transparent
  LayoutSlider {INPUT} at (74,1) size 308x30
    LayoutFlexibleBox {DIV} at (0,14) size 308x2
layer at (64,192) size 344x0
  LayoutBlockFlow (relative positioned) {DIV} at (-18,1) size 344x0
layer at (82,191) size 308x2
  LayoutBlockFlow (positioned) {DIV} at (18,-1) size 308x2 [bgcolor=#DADADA]
layer at (82,191) size 0x2
  LayoutBlockFlow (positioned) zI: 1 {DIV} at (0,0) size 0x2 [bgcolor=#5A5A5A]
layer at (82,191) size 0x2
  LayoutBlockFlow (positioned) zI: 1 {DIV} at (0,0) size 0x2 [bgcolor=#4285F4]
