layer at (0,0) size 800x600
  LayoutView at (0,0) size 800x600
layer at (0,0) size 800x216
  LayoutNGBlockFlow {HTML} at (0,0) size 800x216
    LayoutNGBlockFlow {BODY} at (8,16) size 784x184
      LayoutNGBlockFlow {P} at (0,0) size 784x20
        LayoutInline {B} at (0,0) size 194x19
          LayoutText {#text} at (0,0) size 194x19
            text run at (0,0) width 194: "Should be bold per HTML5."
      LayoutNGBlockFlow {P} at (0,36) size 784x20
        LayoutInline {B} at (0,0) size 159x19
          LayoutInline {B} at (0,0) size 159x19
            LayoutText {#text} at (0,0) size 159x19
              text run at (0,0) width 159: "Should be equally bold."
      LayoutNGBlockFlow {P} at (0,72) size 784x20
        LayoutInline {STRONG} at (0,0) size 194x19
          LayoutText {#text} at (0,0) size 194x19
            text run at (0,0) width 194: "Should be bold per HTML5."
      LayoutNGBlockFlow {P} at (0,108) size 784x20
        LayoutInline {STRONG} at (0,0) size 159x19
          LayoutInline {STRONG} at (0,0) size 159x19
            LayoutText {#text} at (0,0) size 159x19
              text run at (0,0) width 159: "Should be equally bold."
      LayoutNGBlockFlow {P} at (0,144) size 784x40
        LayoutText {#text} at (0,0) size 775x39
          text run at (0,0) width 775: "The HTML5 spec says that b and strong should render as font-weight: bold, not font-weight: bolder. The text above should"
          text run at (0,20) width 213: "all render with the same boldness."
