layer at (0,0) size 800x600
  LayoutView at (0,0) size 800x600
layer at (0,0) size 800x600
  LayoutBlockFlow {HTML} at (0,0) size 800x600
    LayoutBlockFlow {BODY} at (8,8) size 784x584
      LayoutBlockFlow {P} at (0,0) size 784x20
        LayoutText {#text} at (0,0) size 274x19
          text run at (0,0) width 274: "The look of the controls should not change."
      LayoutBlockFlow {DIV} at (0,36) size 784x240 [color=#0000FF]
        LayoutText {#text} at (0,0) size 0x0
      LayoutBlockFlow (anonymous) at (0,276) size 784x240
        LayoutText {#text} at (0,0) size 0x0
layer at (18,44) size 320x240
  LayoutVideo {VIDEO} at (10,0) size 320x240
layer at (8,284) size 320x240
  LayoutVideo {VIDEO} at (0,0) size 320x240
layer at (18,44) size 320x240
  LayoutFlexibleBox (relative positioned) {DIV} at (0,0) size 320x240 [color=#000000]
    LayoutFlexibleBox {DIV} at (0,0) size 320x240
layer at (18,44) size 320x240
  LayoutBlockFlow (positioned) {DIV} at (0,0) size 320x240
layer at (18,44) size 320x240
  LayoutFlexibleBox {DIV} at (0,0) size 320x240
layer at (128,102) size 100x100
  LayoutButton (positioned) {INPUT} at (110,58) size 100x100
    LayoutBlockFlow (anonymous) at (20,20) size 60x60
      LayoutBlockFlow {DIV} at (0,0) size 60x60 [bgcolor=#FFFFFFE6]
layer at (18,212) size 320x48
  LayoutFlexibleBox (relative positioned) {DIV} at (0,168) size 320x48
    LayoutBlockFlow {DIV} at (16,4) size 28x44 [color=#FFFFFF]
      LayoutText {#text} at (0,14) size 28x16
        text run at (0,14) width 28: "0:00"
    LayoutBlockFlow {DIV} at (48,4) size 66x44 [color=#FFFFFF]
      LayoutText {#text} at (0,14) size 66x16
        text run at (0,14) width 66: "/ 0:06"
    LayoutBlockFlow {DIV} at (114,48) size 110x0
    LayoutButton {INPUT} at (224,0) size 48x48
    LayoutButton {INPUT} at (272,0) size 48x48
layer at (18,260) size 320x24
  LayoutSlider {INPUT} at (0,216) size 320x24 [color=#9D968E]
    LayoutFlexibleBox {DIV} at (16,0) size 288x4
layer at (34,260) size 288x4
  LayoutBlockFlow (relative positioned) {DIV} at (0,0) size 288x4 [bgcolor=#FFFFFF4D]
layer at (34,256) size 12x12
  LayoutBlockFlow (relative positioned) {DIV} at (0,-4) size 12x12 [bgcolor=#FFFFFF]
layer at (34,260) size 288x4
  LayoutBlockFlow (positioned) {DIV} at (0,0) size 288x4
layer at (34,260) size 0x4
  LayoutBlockFlow (positioned) {DIV} at (0,0) size 0x4 [bgcolor=#FFFFFF]
layer at (34,260) size 288x4
  LayoutBlockFlow (positioned) {DIV} at (0,0) size 288x4 [bgcolor=#FFFFFF8A]
layer at (8,284) size 320x240
  LayoutFlexibleBox (relative positioned) {DIV} at (0,0) size 320x240
    LayoutFlexibleBox {DIV} at (0,0) size 320x240
layer at (8,284) size 320x240
  LayoutBlockFlow (positioned) {DIV} at (0,0) size 320x240
layer at (8,284) size 320x240
  LayoutFlexibleBox {DIV} at (0,0) size 320x240
layer at (118,342) size 100x100
  LayoutButton (positioned) {INPUT} at (110,58) size 100x100
    LayoutBlockFlow (anonymous) at (20,20) size 60x60
      LayoutBlockFlow {DIV} at (0,0) size 60x60 [bgcolor=#FFFFFFE6]
layer at (8,452) size 320x48
  LayoutFlexibleBox (relative positioned) {DIV} at (0,168) size 320x48
    LayoutBlockFlow {DIV} at (16,4) size 28x44 [color=#FFFFFF]
      LayoutText {#text} at (0,14) size 28x16
        text run at (0,14) width 28: "0:00"
    LayoutBlockFlow {DIV} at (48,4) size 36x44 [color=#FFFFFF]
      LayoutText {#text} at (0,14) size 36x16
        text run at (0,14) width 36: "/ 0:06"
    LayoutBlockFlow {DIV} at (84,48) size 140x0
    LayoutButton {INPUT} at (224,0) size 48x48
    LayoutButton {INPUT} at (272,0) size 48x48
layer at (8,500) size 320x24
  LayoutSlider {INPUT} at (0,216) size 320x24 [color=#9D968E]
    LayoutFlexibleBox {DIV} at (16,0) size 288x4
layer at (24,500) size 288x4
  LayoutBlockFlow (relative positioned) {DIV} at (0,0) size 288x4 [bgcolor=#FFFFFF4D]
layer at (24,496) size 12x12
  LayoutBlockFlow (relative positioned) {DIV} at (0,-4) size 12x12 [bgcolor=#FFFFFF]
layer at (24,500) size 288x4
  LayoutBlockFlow (positioned) {DIV} at (0,0) size 288x4
layer at (24,500) size 0x4
  LayoutBlockFlow (positioned) {DIV} at (0,0) size 0x4 [bgcolor=#FFFFFF]
layer at (24,500) size 288x4
  LayoutBlockFlow (positioned) {DIV} at (0,0) size 288x4 [bgcolor=#FFFFFF8A]
