layer at (0,0) size 800x600
  LayoutView at (0,0) size 800x600
layer at (0,0) size 800x600
  LayoutBlockFlow {HTML} at (0,0) size 800x600
    LayoutBlockFlow {BODY} at (12,12) size 776x543
      LayoutBlockFlow {P} at (0,0) size 776x28
        LayoutText {#text} at (0,0) size 280x27
          text run at (0,0) width 280: "Zoomed video with controls."
layer at (57,85) size 240x180
  LayoutVideo {VIDEO} at (45,73) size 240x180
layer at (57,85) size 240x180
  LayoutFlexibleBox (relative positioned) {DIV} at (0,0) size 240x180
    LayoutBlockFlow {DIV} at (120,0) size 0x0
    LayoutFlexibleBox {DIV} at (0,0) size 240x180
layer at (57,85) size 240x180
  LayoutFlexibleBox {DIV} at (0,0) size 240x180
layer at (57,85) size 240x200 backgroundClip at (57,85) size 240x180 clip at (60,88) size 234x177
  LayoutButton (relative positioned) {INPUT} at (0,0) size 240x199.50 [border: (3px outset #C0C0C0)]
    LayoutFlexibleBox (anonymous) at (12,57.75) size 216x84
      LayoutBlockFlow {DIV} at (66,0) size 84x84 [bgcolor=#FFFFFFE6]
layer at (57,193) size 240x72 scrollWidth 258
  LayoutFlexibleBox (relative positioned) {DIV} at (0,108) size 240x72
    LayoutBlockFlow {DIV} at (24,0) size 42x72 [color=#FFFFFF]
      LayoutText {#text} at (0,24) size 42x24
        text run at (0,24) width 42: "0:00"
    LayoutBlockFlow {DIV} at (72,-72) size 42x144 [color=#FFFFFF]
      LayoutText {#text} at (0,24) size 42x96
        text run at (0,24) width 6: "/"
        text run at (0,96) width 42: "0:06"
    LayoutBlockFlow {DIV} at (114,72) size 0x0
    LayoutButton {INPUT} at (114,0) size 72x72
    LayoutButton {INPUT} at (186,0) size 72x72
layer at (57,310) size 240x180
  LayoutVideo {VIDEO} at (45,298) size 240x180
layer at (57,310) size 240x180
  LayoutFlexibleBox (relative positioned) {DIV} at (0,0) size 240x180
    LayoutBlockFlow {DIV} at (120,0) size 0x0
    LayoutFlexibleBox {DIV} at (0,0) size 240x180
layer at (57,310) size 240x180
  LayoutFlexibleBox {DIV} at (0,0) size 240x180
layer at (57,310) size 240x200 backgroundClip at (43,291) size 268x218 clip at (60,313) size 234x194
  LayoutButton (relative positioned) {INPUT} at (0,0) size 240x199.50 [border: (3px outset #C0C0C0)]
    LayoutFlexibleBox (anonymous) at (12,57.75) size 216x84
      LayoutBlockFlow {DIV} at (66,0) size 84x84 [bgcolor=#FFFFFFE6]
layer at (57,418) size 240x72 backgroundClip at (43,397) size 249x112 clip at (57,418) size 235x72 scrollWidth 258
  LayoutFlexibleBox (relative positioned) {DIV} at (0,108) size 240x72
    LayoutBlockFlow {DIV} at (24,0) size 42x72 [color=#FFFFFF]
      LayoutText {#text} at (0,24) size 42x24
        text run at (0,24) width 42: "0:00"
    LayoutBlockFlow {DIV} at (72,-72) size 42x144 [color=#FFFFFF]
      LayoutText {#text} at (0,24) size 42x96
        text run at (0,24) width 6: "/"
        text run at (0,96) width 42: "0:06"
    LayoutBlockFlow {DIV} at (114,72) size 0x0
    LayoutButton {INPUT} at (114,0) size 72x72
    LayoutButton {INPUT} at (186,0) size 72x72
