layer at (0,0) size 800x600
  LayoutView at (0,0) size 800x600
layer at (0,0) size 800x600
  LayoutBlockFlow {HTML} at (0,0) size 800x600
    LayoutBlockFlow {BODY} at (8,8) size 784x584
      LayoutBlockFlow {P} at (0,0) size 784x20
        LayoutText {#text} at (0,0) size 328x19
          text run at (0,0) width 328: "Test correct colorspace for yuv422, i.e. YU16 video"
      LayoutBlockFlow (anonymous) at (0,36) size 784x156
layer at (8,44) size 206x156
  LayoutVideo {VIDEO} at (0,0) size 206x156 [border: (3px solid #FF0000)]
layer at (11,47) size 200x150
  LayoutFlexibleBox (relative positioned) {DIV} at (3,3) size 200x150
    LayoutBlockFlow {DIV} at (0,118) size 200x32
layer at (11,47) size 200x108
  LayoutFlexibleBox (relative positioned) {DIV} at (0,0) size 200x108
