layer at (0,0) size 800x600 clip at (0,0) size 785x600 scrollHeight 852
  LayoutView at (0,0) size 800x600
layer at (0,0) size 785x852 backgroundClip at (0,0) size 785x600 clip at (0,0) size 785x600
  LayoutBlockFlow {HTML} at (0,0) size 785x852
    LayoutBlockFlow {BODY} at (8,8) size 769x836
      LayoutBlockFlow {P} at (0,0) size 769x20
        LayoutText {#text} at (0,0) size 283x19
          text run at (0,0) width 283: "150% zoom, with width and height attributes"
      LayoutBlockFlow (anonymous) at (0,36) size 769x374
        LayoutText {#text} at (0,354) size 4x19
          text run at (0,354) width 4: " "
        LayoutBR {BR} at (493,369) size 0x0
      LayoutBlockFlow {P} at (0,426) size 769x20
        LayoutText {#text} at (0,0) size 303x19
          text run at (0,0) width 303: "150% zoom, without width and height attributes"
      LayoutBlockFlow (anonymous) at (0,462) size 769x374
        LayoutText {#text} at (0,354) size 4x19
          text run at (0,354) width 4: " "
        LayoutBR {BR} at (493,369) size 0x0
layer at (12,44) size 489x369
  LayoutVideo {VIDEO} at (4,0) size 489x369 [border: (4.50px solid #FF0000)]
layer at (12,470) size 489x369 backgroundClip at (0,0) size 785x600 clip at (0,0) size 785x600
  LayoutVideo {VIDEO} at (4,0) size 489x369 [border: (4.50px solid #FF0000)]
layer at (17,49) size 480x360
  LayoutFlexibleBox (relative positioned) {DIV} at (4.50,4.50) size 480x360
    LayoutFlexibleBox {DIV} at (0,0) size 480x360
layer at (17,49) size 480x360
  LayoutBlockFlow (positioned) {DIV} at (0,0) size 480x360
layer at (17,475) size 480x360 backgroundClip at (17,475) size 480x125 clip at (17,475) size 480x125
  LayoutFlexibleBox (relative positioned) {DIV} at (4.50,4.50) size 480x360
    LayoutFlexibleBox {DIV} at (0,0) size 480x360
layer at (17,475) size 480x360 backgroundClip at (17,475) size 480x125 clip at (17,475) size 480x125
  LayoutBlockFlow (positioned) {DIV} at (0,0) size 480x360
