layer at (0,0) size 800x600
  LayoutView at (0,0) size 800x600
layer at (0,0) size 800x600
  LayoutBlockFlow {HTML} at (0,0) size 800x600
    LayoutBlockFlow {BODY} at (8,8) size 784x584
      LayoutBlockFlow {P} at (0,0) size 784x20
        LayoutText {#text} at (0,0) size 412x19
          text run at (0,0) width 412: "Movie with no audio track. The volume button should not render."
      LayoutBlockFlow (anonymous) at (0,36) size 784x288
        LayoutText {#text} at (0,0) size 0x0
layer at (8,44) size 352x288
  LayoutVideo {VIDEO} at (0,0) size 352x288
layer at (8,44) size 352x288
  LayoutFlexibleBox (relative positioned) {DIV} at (0,0) size 352x288
    LayoutBlockFlow {DIV} at (176,0) size 0x0
    LayoutFlexibleBox {DIV} at (0,0) size 352x288
layer at (8,44) size 352x288
  LayoutFlexibleBox {DIV} at (0,0) size 352x288
layer at (8,44) size 352x276 clip at (10,46) size 348x272
  LayoutButton (relative positioned) {INPUT} at (0,0) size 352x276 [border: (2px outset #C0C0C0)]
    LayoutFlexibleBox (anonymous) at (8,94.80) size 336x86.39
      LayoutBlockFlow {DIV} at (124.80,0) size 86.39x86.39 [bgcolor=#FFFFFFE6]
layer at (8,272) size 352x48
  LayoutFlexibleBox (relative positioned) {DIV} at (0,228) size 352x48
    LayoutBlockFlow {DIV} at (16,0) size 31x48 [color=#FFFFFF]
      LayoutText {#text} at (0,15) size 31x18
        text run at (0,15) width 31: "0:00"
    LayoutBlockFlow {DIV} at (51,0) size 39x48 [color=#FFFFFF]
      LayoutText {#text} at (0,15) size 39x18
        text run at (0,15) width 39: "/ 0:09"
    LayoutBlockFlow {DIV} at (90,48) size 166x0
    LayoutButton {INPUT} at (304,0) size 48x48
layer at (264,272) size 48x48 transparent
  LayoutButton {INPUT} at (256,0) size 48x48 [color=#808080]
layer at (8,320) size 352x12
  LayoutSlider {INPUT} at (0,276) size 352x12 [color=#9D968E]
    LayoutFlexibleBox {DIV} at (16,0) size 320x4
layer at (24,320) size 320x4
  LayoutBlockFlow (relative positioned) {DIV} at (0,0) size 320x4 [bgcolor=#FFFFFF4D]
layer at (24,316) size 12x12
  LayoutBlockFlow (relative positioned) {DIV} at (0,-4) size 12x12 [bgcolor=#FFFFFF]
layer at (24,320) size 320x4
  LayoutBlockFlow (positioned) {DIV} at (0,0) size 320x4
layer at (24,320) size 0x4
  LayoutBlockFlow (positioned) {DIV} at (0,0) size 0x4 [bgcolor=#FFFFFF]
layer at (24,320) size 320x4
  LayoutBlockFlow (positioned) {DIV} at (0,0) size 320x4 [bgcolor=#FFFFFF8A]
