layer at (0,0) size 800x600
  LayoutView at (0,0) size 800x600
layer at (0,0) size 800x460
  LayoutBlockFlow {HTML} at (0,0) size 800x460
    LayoutBlockFlow {BODY} at (8,16) size 784x428
      LayoutBlockFlow {P} at (0,0) size 784x72
        LayoutText {#text} at (0,0) size 785x72
          text run at (0,0) width 761: "There should be one big square below containing four squares. Top left square should be filled with 3 rows of 2 and bit"
          text run at (0,18) width 785: "Apple images. Top right square should be 2 and a bit rows with one Apple image column along the left edge of the square."
          text run at (0,36) width 778: "Bottom left square should be one row with three Apple images along the top of the square. Bottom right square should be"
          text run at (0,54) width 224: "one Apple image in top left corner."
      LayoutBlockFlow {P} at (0,88) size 784x340
layer at (8,104) size 336x336
  LayoutHTMLCanvas {CANVAS} at (0,0) size 336x336 [border: (3px solid #000000)]
