layer at (0,0) size 800x600
  LayoutView at (0,0) size 800x600
layer at (0,0) size 800x600
  LayoutBlockFlow {HTML} at (0,0) size 800x600
    LayoutBlockFlow {BODY} at (8,8) size 784x584
      LayoutBlockFlow {P} at (0,0) size 784x20
        LayoutText {#text} at (0,0) size 753x19
          text run at (0,0) width 753: "Test appearances of spin buttons. Disabled state and read-only state should have appearances different from the normal state."
      LayoutBlockFlow {DIV} at (0,36) size 784x30
        LayoutInline {LABEL} at (0,0) size 310x19
          LayoutTextControl {INPUT} at (0,0) size 228x30 [bgcolor=#FFFFFF] [border: (2px inset #EEEEEE)]
            LayoutFlexibleBox {DIV} at (2,3) size 224x24
              LayoutBlockFlow {DIV} at (0,0) size 209x24
              LayoutBlockFlow {DIV} at (209,0) size 15x24
          LayoutText {#text} at (228,7) size 82x19
            text run at (228,7) width 82: " Normal state"
      LayoutBlockFlow {DIV} at (0,66) size 784x30
        LayoutInline {LABEL} at (0,0) size 317x19
          LayoutTextControl {INPUT} at (0,0) size 228x30 [color=#545454] [bgcolor=#EBEBE4] [border: (2px inset #EEEEEE)]
            LayoutFlexibleBox {DIV} at (2,3) size 224x24
              LayoutBlockFlow {DIV} at (0,0) size 209x24
          LayoutText {#text} at (228,7) size 89x19
            text run at (228,7) width 89: " Disabled state"
      LayoutBlockFlow {DIV} at (0,96) size 784x30
        LayoutInline {LABEL} at (0,0) size 327x19
          LayoutTextControl {INPUT} at (0,0) size 228x30 [bgcolor=#FFFFFF] [border: (2px inset #EEEEEE)]
            LayoutFlexibleBox {DIV} at (2,3) size 224x24
              LayoutBlockFlow {DIV} at (0,0) size 209x24
          LayoutText {#text} at (228,7) size 99x19
            text run at (228,7) width 99: " Read-only state"
layer at (10,47) size 209x24
  LayoutBlockFlow {DIV} at (0,0) size 209x24
    LayoutText {#text} at (0,0) size 11x23
      text run at (0,0) width 11: "0"
layer at (10,77) size 209x24
  LayoutBlockFlow {DIV} at (0,0) size 209x24
    LayoutText {#text} at (0,0) size 11x23
      text run at (0,0) width 11: "0"
layer at (10,107) size 209x24
  LayoutBlockFlow {DIV} at (0,0) size 209x24
    LayoutText {#text} at (0,0) size 11x23
      text run at (0,0) width 11: "0"
layer at (219,77) size 15x24 transparent
  LayoutBlockFlow {DIV} at (209,0) size 15x24
layer at (219,107) size 15x24 transparent
  LayoutBlockFlow {DIV} at (209,0) size 15x24
caret: position 0 of child 0 {#text} of child 0 {DIV} of child 0 {DIV} of child 0 {DIV} of {#document-fragment} of child 0 {INPUT} of child 0 {LABEL} of child 9 {DIV} of body
