layer at (0,0) size 800x600
  LayoutView at (0,0) size 800x600
layer at (0,0) size 800x60
  LayoutBlockFlow {HTML} at (0,0) size 800x60
    LayoutBlockFlow {BODY} at (8,8) size 784x44
      LayoutTextControl {INPUT} at (0,0) size 173x22 [bgcolor=#FFFFFF] [border: (2px inset #EEEEEE)]
        LayoutFlexibleBox {DIV} at (2,3) size 169x16
          LayoutBlockFlow {DIV} at (0,0) size 136.14x16
          LayoutDetailsMarker {DIV} at (136.14,1.33) size 17.86x13.33: down
          LayoutBlockFlow {DIV} at (154,0) size 15x16
      LayoutText {#text} at (173,1) size 4x19
        text run at (173,1) width 4: " "
      LayoutTextControl {INPUT} at (177,0) size 173x22 [bgcolor=#FFFFFF] [border: (2px inset #EEEEEE)]
        LayoutFlexibleBox {DIV} at (2,3) size 169x16
          LayoutBlockFlow {DIV} at (0,0) size 136.14x16
          LayoutDetailsMarker {DIV} at (136.14,1.33) size 17.86x13.33: down
          LayoutBlockFlow {DIV} at (154,0) size 15x16
      LayoutText {#text} at (350,1) size 4x19
        text run at (350,1) width 4: " "
      LayoutBR {BR} at (354,1) size 0x19
      LayoutTextControl {INPUT} at (0,22) size 173x22 [color=#545454] [bgcolor=#EBEBE4] [border: (2px inset #EEEEEE)]
        LayoutFlexibleBox {DIV} at (2,3) size 169x16
          LayoutBlockFlow {DIV} at (0,0) size 136.14x16
      LayoutText {#text} at (173,23) size 4x19
        text run at (173,23) width 4: " "
      LayoutTextControl {INPUT} at (177,22) size 173x22 [bgcolor=#FFFFFF] [border: (2px inset #EEEEEE)]
        LayoutFlexibleBox {DIV} at (2,3) size 169x16
          LayoutBlockFlow {DIV} at (0,0) size 136.14x16
      LayoutText {#text} at (0,0) size 0x0
layer at (10,11) size 136x16
  LayoutBlockFlow {DIV} at (0,0) size 136.14x16
layer at (187,11) size 136x16
  LayoutBlockFlow {DIV} at (0,0) size 136.14x16
layer at (10,33) size 136x16
  LayoutBlockFlow {DIV} at (0,0) size 136.14x16
layer at (187,33) size 136x16
  LayoutBlockFlow {DIV} at (0,0) size 136.14x16
hidden layer at (146,34) size 18x14 transparent
  LayoutDetailsMarker {DIV} at (136.14,1.33) size 17.86x13.33: down
layer at (164,33) size 15x16 transparent
  LayoutBlockFlow {DIV} at (154,0) size 15x16
hidden layer at (323,34) size 18x14 transparent
  LayoutDetailsMarker {DIV} at (136.14,1.33) size 17.86x13.33: down
layer at (341,33) size 15x16 transparent
  LayoutBlockFlow {DIV} at (154,0) size 15x16
caret: position 0 of child 0 {DIV} of child 0 {DIV} of child 0 {DIV} of {#document-fragment} of child 3 {INPUT} of body
