layer at (0,0) size 800x600
  LayoutView at (0,0) size 800x600
layer at (0,0) size 800x474
  LayoutBlockFlow {HTML} at (0,0) size 800x474
    LayoutBlockFlow {BODY} at (8,50) size 784x374
      LayoutBlockFlow {DIV} at (50,0) size 140x162
        LayoutText {#text} at (0,0) size 50x18
          text run at (0,0) width 50: "Lorem "
        LayoutInline {SPAN} at (0,0) size 133x36
          LayoutText {#text} at (49,0) size 133x36
            text run at (49,0) width 84: "ipsum dolor"
            text run at (0,18) width 57: "sit amet"
        LayoutText {#text} at (56,18) size 101x72
          text run at (56,18) width 5: ","
          text run at (0,36) width 83: "consectetur"
          text run at (0,54) width 101: "adipiscing elit."
          text run at (0,72) width 65: "Quisque "
        LayoutInline {SPAN} at (0,0) size 115x36
          LayoutText {#text} at (64,72) size 115x36
            text run at (64,72) width 51: "fringilla"
            text run at (0,90) width 65: "libero vel"
        LayoutText {#text} at (64,90) size 125x72
          text run at (64,90) width 42: " ligula"
          text run at (0,108) width 117: "viverra tincidunt."
          text run at (0,126) width 110: "Quisque lacinia"
          text run at (0,144) width 125: "tincidunt tristique."
      LayoutBlockFlow {DIV} at (50,212) size 140x162
        LayoutText {#text} at (0,0) size 50x18
          text run at (0,0) width 50: "Lorem "
        LayoutInline {SPAN} at (0,0) size 133x36
          LayoutText {#text} at (49,0) size 133x36
            text run at (49,0) width 84: "ipsum dolor"
            text run at (0,18) width 57: "sit amet"
        LayoutText {#text} at (56,18) size 101x72
          text run at (56,18) width 5: ","
          text run at (0,36) width 83: "consectetur"
          text run at (0,54) width 101: "adipiscing elit."
          text run at (0,72) width 65: "Quisque "
        LayoutInline {SPAN} at (0,0) size 115x36
          LayoutText {#text} at (64,72) size 115x36
            text run at (64,72) width 51: "fringilla"
            text run at (0,90) width 65: "libero vel"
        LayoutText {#text} at (64,90) size 125x72
          text run at (64,90) width 42: " ligula"
          text run at (0,108) width 117: "viverra tincidunt."
          text run at (0,126) width 110: "Quisque lacinia"
          text run at (0,144) width 125: "tincidunt tristique."
