layer at (0,0) size 1066x799
  LayoutView at (0,0) size 1066x799
layer at (0,0) size 1066x51
  LayoutBlockFlow {HTML} at (0,0) size 1066x51
    LayoutBlockFlow {BODY} at (8,8) size 1050x35
      LayoutBlockFlow {DIV} at (0,0) size 1050x35
        LayoutText {#text} at (0,0) size 533x34
          text run at (0,0) width 533: "Text shadow should be visible when printing."
