layer at (0,0) size 800x600
  LayoutView at (0,0) size 800x600
layer at (0,0) size 800x105
  LayoutBlockFlow {html} at (0,0) size 800x105
    LayoutInline {head} at (0,0) size 76x19
      LayoutText {#text} at (0,0) size 0x0
      LayoutInline {title} at (0,0) size 72x19
        LayoutText {#text} at (0,85) size 72x19
          text run at (0,85) width 72: "SVG Image"
      LayoutText {#text} at (72,85) size 4x19
        text run at (72,85) width 4: " "
    LayoutText {#text} at (0,0) size 0x0
    LayoutInline {body} at (0,0) size 600x19
      LayoutText {#text} at (0,0) size 0x0
      LayoutSVGRoot {svg} at (76,0) size 600x100
        LayoutSVGImage {image} at (10,10) size 100x60
      LayoutText {#text} at (0,0) size 0x0
    LayoutText {#text} at (0,0) size 0x0
