layer at (0,0) size 800x600
  LayoutView at (0,0) size 800x600
layer at (0,0) size 800x72
  LayoutBlockFlow {html} at (0,0) size 800x72
    LayoutBlockFlow {body} at (8,16) size 784x40
      LayoutBlockFlow {p} at (0,0) size 784x40
        LayoutText {#text} at (0,0) size 757x39
          text run at (0,0) width 757: "In the div below the text is distributed over the whole SVG area. But when you scroll around the invisible text does not appear"
          text run at (0,20) width 82: "(Bug 12163)."
layer at (10,72) size 502x502 clip at (11,73) size 485x485 scrollY 550.00 scrollWidth 5000 scrollHeight 5005
  LayoutBlockFlow (positioned) {div} at (10,72) size 502x502 [border: (1px solid #AAAAAA)]
    LayoutSVGRoot {svg} at (1,1) size 5000x5000
      LayoutSVGText {text} at (-2,3) size 77x22 contains 1 chunk(s)
        LayoutSVGInlineText {#text} at (-2,3) size 77x22
          chunk 1 text run 1 at (0.00,20.00) startOffset 0 endOffset 11 width 75.00: "just a text"
      LayoutSVGText {text} at (98,3) size 77x22 contains 1 chunk(s)
        LayoutSVGInlineText {#text} at (98,3) size 77x22
          chunk 1 text run 1 at (100.00,20.00) startOffset 0 endOffset 11 width 75.00: "just a text"
      LayoutSVGText {text} at (198,3) size 77x22 contains 1 chunk(s)
        LayoutSVGInlineText {#text} at (198,3) size 77x22
          chunk 1 text run 1 at (200.00,20.00) startOffset 0 endOffset 11 width 75.00: "just a text"
      LayoutSVGText {text} at (298,3) size 77x22 contains 1 chunk(s)
        LayoutSVGInlineText {#text} at (298,3) size 77x22
          chunk 1 text run 1 at (300.00,20.00) startOffset 0 endOffset 11 width 75.00: "just a text"
      LayoutSVGText {text} at (398,3) size 77x22 contains 1 chunk(s)
        LayoutSVGInlineText {#text} at (398,3) size 77x22
          chunk 1 text run 1 at (400.00,20.00) startOffset 0 endOffset 11 width 75.00: "just a text"
      LayoutSVGText {text} at (498,3) size 77x22 contains 1 chunk(s)
        LayoutSVGInlineText {#text} at (498,3) size 77x22
          chunk 1 text run 1 at (500.00,20.00) startOffset 0 endOffset 11 width 75.00: "just a text"
      LayoutSVGText {text} at (598,3) size 77x22 contains 1 chunk(s)
        LayoutSVGInlineText {#text} at (598,3) size 77x22
          chunk 1 text run 1 at (600.00,20.00) startOffset 0 endOffset 11 width 75.00: "just a text"
      LayoutSVGText {text} at (698,3) size 77x22 contains 1 chunk(s)
        LayoutSVGInlineText {#text} at (698,3) size 77x22
          chunk 1 text run 1 at (700.00,20.00) startOffset 0 endOffset 11 width 75.00: "just a text"
      LayoutSVGText {text} at (798,3) size 77x22 contains 1 chunk(s)
        LayoutSVGInlineText {#text} at (798,3) size 77x22
          chunk 1 text run 1 at (800.00,20.00) startOffset 0 endOffset 11 width 75.00: "just a text"
      LayoutSVGText {text} at (898,3) size 77x22 contains 1 chunk(s)
        LayoutSVGInlineText {#text} at (898,3) size 77x22
          chunk 1 text run 1 at (900.00,20.00) startOffset 0 endOffset 11 width 75.00: "just a text"
      LayoutSVGText {text} at (998,3) size 77x22 contains 1 chunk(s)
        LayoutSVGInlineText {#text} at (998,3) size 77x22
          chunk 1 text run 1 at (1000.00,20.00) startOffset 0 endOffset 11 width 75.00: "just a text"
      LayoutSVGText {text} at (1098,3) size 77x22 contains 1 chunk(s)
        LayoutSVGInlineText {#text} at (1098,3) size 77x22
          chunk 1 text run 1 at (1100.00,20.00) startOffset 0 endOffset 11 width 75.00: "just a text"
      LayoutSVGText {text} at (1198,3) size 77x22 contains 1 chunk(s)
        LayoutSVGInlineText {#text} at (1198,3) size 77x22
          chunk 1 text run 1 at (1200.00,20.00) startOffset 0 endOffset 11 width 75.00: "just a text"
      LayoutSVGText {text} at (1298,3) size 77x22 contains 1 chunk(s)
        LayoutSVGInlineText {#text} at (1298,3) size 77x22
          chunk 1 text run 1 at (1300.00,20.00) startOffset 0 endOffset 11 width 75.00: "just a text"
      LayoutSVGText {text} at (1398,3) size 77x22 contains 1 chunk(s)
        LayoutSVGInlineText {#text} at (1398,3) size 77x22
          chunk 1 text run 1 at (1400.00,20.00) startOffset 0 endOffset 11 width 75.00: "just a text"
      LayoutSVGText {text} at (1498,3) size 77x22 contains 1 chunk(s)
        LayoutSVGInlineText {#text} at (1498,3) size 77x22
          chunk 1 text run 1 at (1500.00,20.00) startOffset 0 endOffset 11 width 75.00: "just a text"
      LayoutSVGText {text} at (1598,3) size 77x22 contains 1 chunk(s)
        LayoutSVGInlineText {#text} at (1598,3) size 77x22
          chunk 1 text run 1 at (1600.00,20.00) startOffset 0 endOffset 11 width 75.00: "just a text"
      LayoutSVGText {text} at (1698,3) size 77x22 contains 1 chunk(s)
        LayoutSVGInlineText {#text} at (1698,3) size 77x22
          chunk 1 text run 1 at (1700.00,20.00) startOffset 0 endOffset 11 width 75.00: "just a text"
      LayoutSVGText {text} at (1798,3) size 77x22 contains 1 chunk(s)
        LayoutSVGInlineText {#text} at (1798,3) size 77x22
          chunk 1 text run 1 at (1800.00,20.00) startOffset 0 endOffset 11 width 75.00: "just a text"
      LayoutSVGText {text} at (1898,3) size 77x22 contains 1 chunk(s)
        LayoutSVGInlineText {#text} at (1898,3) size 77x22
          chunk 1 text run 1 at (1900.00,20.00) startOffset 0 endOffset 11 width 75.00: "just a text"
      LayoutSVGText {text} at (1998,3) size 77x22 contains 1 chunk(s)
        LayoutSVGInlineText {#text} at (1998,3) size 77x22
          chunk 1 text run 1 at (2000.00,20.00) startOffset 0 endOffset 11 width 75.00: "just a text"
      LayoutSVGText {text} at (2098,3) size 77x22 contains 1 chunk(s)
        LayoutSVGInlineText {#text} at (2098,3) size 77x22
          chunk 1 text run 1 at (2100.00,20.00) startOffset 0 endOffset 11 width 75.00: "just a text"
      LayoutSVGText {text} at (2198,3) size 77x22 contains 1 chunk(s)
        LayoutSVGInlineText {#text} at (2198,3) size 77x22
          chunk 1 text run 1 at (2200.00,20.00) startOffset 0 endOffset 11 width 75.00: "just a text"
      LayoutSVGText {text} at (2298,3) size 77x22 contains 1 chunk(s)
        LayoutSVGInlineText {#text} at (2298,3) size 77x22
          chunk 1 text run 1 at (2300.00,20.00) startOffset 0 endOffset 11 width 75.00: "just a text"
      LayoutSVGText {text} at (2398,3) size 77x22 contains 1 chunk(s)
        LayoutSVGInlineText {#text} at (2398,3) size 77x22
          chunk 1 text run 1 at (2400.00,20.00) startOffset 0 endOffset 11 width 75.00: "just a text"
      LayoutSVGText {text} at (2498,3) size 77x22 contains 1 chunk(s)
        LayoutSVGInlineText {#text} at (2498,3) size 77x22
          chunk 1 text run 1 at (2500.00,20.00) startOffset 0 endOffset 11 width 75.00: "just a text"
      LayoutSVGText {text} at (2598,3) size 77x22 contains 1 chunk(s)
        LayoutSVGInlineText {#text} at (2598,3) size 77x22
          chunk 1 text run 1 at (2600.00,20.00) startOffset 0 endOffset 11 width 75.00: "just a text"
      LayoutSVGText {text} at (2698,3) size 77x22 contains 1 chunk(s)
        LayoutSVGInlineText {#text} at (2698,3) size 77x22
          chunk 1 text run 1 at (2700.00,20.00) startOffset 0 endOffset 11 width 75.00: "just a text"
      LayoutSVGText {text} at (2798,3) size 77x22 contains 1 chunk(s)
        LayoutSVGInlineText {#text} at (2798,3) size 77x22
          chunk 1 text run 1 at (2800.00,20.00) startOffset 0 endOffset 11 width 75.00: "just a text"
      LayoutSVGText {text} at (2898,3) size 77x22 contains 1 chunk(s)
        LayoutSVGInlineText {#text} at (2898,3) size 77x22
          chunk 1 text run 1 at (2900.00,20.00) startOffset 0 endOffset 11 width 75.00: "just a text"
      LayoutSVGText {text} at (2998,3) size 77x22 contains 1 chunk(s)
        LayoutSVGInlineText {#text} at (2998,3) size 77x22
          chunk 1 text run 1 at (3000.00,20.00) startOffset 0 endOffset 11 width 75.00: "just a text"
      LayoutSVGText {text} at (3098,3) size 77x22 contains 1 chunk(s)
        LayoutSVGInlineText {#text} at (3098,3) size 77x22
          chunk 1 text run 1 at (3100.00,20.00) startOffset 0 endOffset 11 width 75.00: "just a text"
      LayoutSVGText {text} at (3198,3) size 77x22 contains 1 chunk(s)
        LayoutSVGInlineText {#text} at (3198,3) size 77x22
          chunk 1 text run 1 at (3200.00,20.00) startOffset 0 endOffset 11 width 75.00: "just a text"
      LayoutSVGText {text} at (3298,3) size 77x22 contains 1 chunk(s)
        LayoutSVGInlineText {#text} at (3298,3) size 77x22
          chunk 1 text run 1 at (3300.00,20.00) startOffset 0 endOffset 11 width 75.00: "just a text"
      LayoutSVGText {text} at (3398,3) size 77x22 contains 1 chunk(s)
        LayoutSVGInlineText {#text} at (3398,3) size 77x22
          chunk 1 text run 1 at (3400.00,20.00) startOffset 0 endOffset 11 width 75.00: "just a text"
      LayoutSVGText {text} at (3498,3) size 77x22 contains 1 chunk(s)
        LayoutSVGInlineText {#text} at (3498,3) size 77x22
          chunk 1 text run 1 at (3500.00,20.00) startOffset 0 endOffset 11 width 75.00: "just a text"
      LayoutSVGText {text} at (3598,3) size 77x22 contains 1 chunk(s)
        LayoutSVGInlineText {#text} at (3598,3) size 77x22
          chunk 1 text run 1 at (3600.00,20.00) startOffset 0 endOffset 11 width 75.00: "just a text"
      LayoutSVGText {text} at (3698,3) size 77x22 contains 1 chunk(s)
        LayoutSVGInlineText {#text} at (3698,3) size 77x22
          chunk 1 text run 1 at (3700.00,20.00) startOffset 0 endOffset 11 width 75.00: "just a text"
      LayoutSVGText {text} at (3798,3) size 77x22 contains 1 chunk(s)
        LayoutSVGInlineText {#text} at (3798,3) size 77x22
          chunk 1 text run 1 at (3800.00,20.00) startOffset 0 endOffset 11 width 75.00: "just a text"
      LayoutSVGText {text} at (3898,3) size 77x22 contains 1 chunk(s)
        LayoutSVGInlineText {#text} at (3898,3) size 77x22
          chunk 1 text run 1 at (3900.00,20.00) startOffset 0 endOffset 11 width 75.00: "just a text"
      LayoutSVGText {text} at (3998,3) size 77x22 contains 1 chunk(s)
        LayoutSVGInlineText {#text} at (3998,3) size 77x22
          chunk 1 text run 1 at (4000.00,20.00) startOffset 0 endOffset 11 width 75.00: "just a text"
      LayoutSVGText {text} at (4098,3) size 77x22 contains 1 chunk(s)
        LayoutSVGInlineText {#text} at (4098,3) size 77x22
          chunk 1 text run 1 at (4100.00,20.00) startOffset 0 endOffset 11 width 75.00: "just a text"
      LayoutSVGText {text} at (4198,3) size 77x22 contains 1 chunk(s)
        LayoutSVGInlineText {#text} at (4198,3) size 77x22
          chunk 1 text run 1 at (4200.00,20.00) startOffset 0 endOffset 11 width 75.00: "just a text"
      LayoutSVGText {text} at (4298,3) size 77x22 contains 1 chunk(s)
        LayoutSVGInlineText {#text} at (4298,3) size 77x22
          chunk 1 text run 1 at (4300.00,20.00) startOffset 0 endOffset 11 width 75.00: "just a text"
      LayoutSVGText {text} at (4398,3) size 77x22 contains 1 chunk(s)
        LayoutSVGInlineText {#text} at (4398,3) size 77x22
          chunk 1 text run 1 at (4400.00,20.00) startOffset 0 endOffset 11 width 75.00: "just a text"
      LayoutSVGText {text} at (4498,3) size 77x22 contains 1 chunk(s)
        LayoutSVGInlineText {#text} at (4498,3) size 77x22
          chunk 1 text run 1 at (4500.00,20.00) startOffset 0 endOffset 11 width 75.00: "just a text"
      LayoutSVGText {text} at (4598,3) size 77x22 contains 1 chunk(s)
        LayoutSVGInlineText {#text} at (4598,3) size 77x22
          chunk 1 text run 1 at (4600.00,20.00) startOffset 0 endOffset 11 width 75.00: "just a text"
      LayoutSVGText {text} at (4698,3) size 77x22 contains 1 chunk(s)
        LayoutSVGInlineText {#text} at (4698,3) size 77x22
          chunk 1 text run 1 at (4700.00,20.00) startOffset 0 endOffset 11 width 75.00: "just a text"
      LayoutSVGText {text} at (4798,3) size 77x22 contains 1 chunk(s)
        LayoutSVGInlineText {#text} at (4798,3) size 77x22
          chunk 1 text run 1 at (4800.00,20.00) startOffset 0 endOffset 11 width 75.00: "just a text"
      LayoutSVGText {text} at (4898,3) size 77x22 contains 1 chunk(s)
        LayoutSVGInlineText {#text} at (4898,3) size 77x22
          chunk 1 text run 1 at (4900.00,20.00) startOffset 0 endOffset 11 width 75.00: "just a text"
      LayoutSVGText {text} at (-2,103) size 77x22 contains 1 chunk(s)
        LayoutSVGInlineText {#text} at (-2,103) size 77x22
          chunk 1 text run 1 at (0.00,120.00) startOffset 0 endOffset 11 width 75.00: "just a text"
      LayoutSVGText {text} at (98,103) size 77x22 contains 1 chunk(s)
        LayoutSVGInlineText {#text} at (98,103) size 77x22
          chunk 1 text run 1 at (100.00,120.00) startOffset 0 endOffset 11 width 75.00: "just a text"
      LayoutSVGText {text} at (198,103) size 77x22 contains 1 chunk(s)
        LayoutSVGInlineText {#text} at (198,103) size 77x22
          chunk 1 text run 1 at (200.00,120.00) startOffset 0 endOffset 11 width 75.00: "just a text"
      LayoutSVGText {text} at (298,103) size 77x22 contains 1 chunk(s)
        LayoutSVGInlineText {#text} at (298,103) size 77x22
          chunk 1 text run 1 at (300.00,120.00) startOffset 0 endOffset 11 width 75.00: "just a text"
      LayoutSVGText {text} at (398,103) size 77x22 contains 1 chunk(s)
        LayoutSVGInlineText {#text} at (398,103) size 77x22
          chunk 1 text run 1 at (400.00,120.00) startOffset 0 endOffset 11 width 75.00: "just a text"
      LayoutSVGText {text} at (498,103) size 77x22 contains 1 chunk(s)
        LayoutSVGInlineText {#text} at (498,103) size 77x22
          chunk 1 text run 1 at (500.00,120.00) startOffset 0 endOffset 11 width 75.00: "just a text"
      LayoutSVGText {text} at (598,103) size 77x22 contains 1 chunk(s)
        LayoutSVGInlineText {#text} at (598,103) size 77x22
          chunk 1 text run 1 at (600.00,120.00) startOffset 0 endOffset 11 width 75.00: "just a text"
      LayoutSVGText {text} at (698,103) size 77x22 contains 1 chunk(s)
        LayoutSVGInlineText {#text} at (698,103) size 77x22
          chunk 1 text run 1 at (700.00,120.00) startOffset 0 endOffset 11 width 75.00: "just a text"
      LayoutSVGText {text} at (798,103) size 77x22 contains 1 chunk(s)
        LayoutSVGInlineText {#text} at (798,103) size 77x22
          chunk 1 text run 1 at (800.00,120.00) startOffset 0 endOffset 11 width 75.00: "just a text"
      LayoutSVGText {text} at (898,103) size 77x22 contains 1 chunk(s)
        LayoutSVGInlineText {#text} at (898,103) size 77x22
          chunk 1 text run 1 at (900.00,120.00) startOffset 0 endOffset 11 width 75.00: "just a text"
      LayoutSVGText {text} at (998,103) size 77x22 contains 1 chunk(s)
        LayoutSVGInlineText {#text} at (998,103) size 77x22
          chunk 1 text run 1 at (1000.00,120.00) startOffset 0 endOffset 11 width 75.00: "just a text"
      LayoutSVGText {text} at (1098,103) size 77x22 contains 1 chunk(s)
        LayoutSVGInlineText {#text} at (1098,103) size 77x22
          chunk 1 text run 1 at (1100.00,120.00) startOffset 0 endOffset 11 width 75.00: "just a text"
      LayoutSVGText {text} at (1198,103) size 77x22 contains 1 chunk(s)
        LayoutSVGInlineText {#text} at (1198,103) size 77x22
          chunk 1 text run 1 at (1200.00,120.00) startOffset 0 endOffset 11 width 75.00: "just a text"
      LayoutSVGText {text} at (1298,103) size 77x22 contains 1 chunk(s)
        LayoutSVGInlineText {#text} at (1298,103) size 77x22
          chunk 1 text run 1 at (1300.00,120.00) startOffset 0 endOffset 11 width 75.00: "just a text"
      LayoutSVGText {text} at (1398,103) size 77x22 contains 1 chunk(s)
        LayoutSVGInlineText {#text} at (1398,103) size 77x22
          chunk 1 text run 1 at (1400.00,120.00) startOffset 0 endOffset 11 width 75.00: "just a text"
      LayoutSVGText {text} at (1498,103) size 77x22 contains 1 chunk(s)
        LayoutSVGInlineText {#text} at (1498,103) size 77x22
          chunk 1 text run 1 at (1500.00,120.00) startOffset 0 endOffset 11 width 75.00: "just a text"
      LayoutSVGText {text} at (1598,103) size 77x22 contains 1 chunk(s)
        LayoutSVGInlineText {#text} at (1598,103) size 77x22
          chunk 1 text run 1 at (1600.00,120.00) startOffset 0 endOffset 11 width 75.00: "just a text"
      LayoutSVGText {text} at (1698,103) size 77x22 contains 1 chunk(s)
        LayoutSVGInlineText {#text} at (1698,103) size 77x22
          chunk 1 text run 1 at (1700.00,120.00) startOffset 0 endOffset 11 width 75.00: "just a text"
      LayoutSVGText {text} at (1798,103) size 77x22 contains 1 chunk(s)
        LayoutSVGInlineText {#text} at (1798,103) size 77x22
          chunk 1 text run 1 at (1800.00,120.00) startOffset 0 endOffset 11 width 75.00: "just a text"
      LayoutSVGText {text} at (1898,103) size 77x22 contains 1 chunk(s)
        LayoutSVGInlineText {#text} at (1898,103) size 77x22
          chunk 1 text run 1 at (1900.00,120.00) startOffset 0 endOffset 11 width 75.00: "just a text"
      LayoutSVGText {text} at (1998,103) size 77x22 contains 1 chunk(s)
        LayoutSVGInlineText {#text} at (1998,103) size 77x22
          chunk 1 text run 1 at (2000.00,120.00) startOffset 0 endOffset 11 width 75.00: "just a text"
      LayoutSVGText {text} at (2098,103) size 77x22 contains 1 chunk(s)
        LayoutSVGInlineText {#text} at (2098,103) size 77x22
          chunk 1 text run 1 at (2100.00,120.00) startOffset 0 endOffset 11 width 75.00: "just a text"
      LayoutSVGText {text} at (2198,103) size 77x22 contains 1 chunk(s)
        LayoutSVGInlineText {#text} at (2198,103) size 77x22
          chunk 1 text run 1 at (2200.00,120.00) startOffset 0 endOffset 11 width 75.00: "just a text"
      LayoutSVGText {text} at (2298,103) size 77x22 contains 1 chunk(s)
        LayoutSVGInlineText {#text} at (2298,103) size 77x22
          chunk 1 text run 1 at (2300.00,120.00) startOffset 0 endOffset 11 width 75.00: "just a text"
      LayoutSVGText {text} at (2398,103) size 77x22 contains 1 chunk(s)
        LayoutSVGInlineText {#text} at (2398,103) size 77x22
          chunk 1 text run 1 at (2400.00,120.00) startOffset 0 endOffset 11 width 75.00: "just a text"
      LayoutSVGText {text} at (2498,103) size 77x22 contains 1 chunk(s)
        LayoutSVGInlineText {#text} at (2498,103) size 77x22
          chunk 1 text run 1 at (2500.00,120.00) startOffset 0 endOffset 11 width 75.00: "just a text"
      LayoutSVGText {text} at (2598,103) size 77x22 contains 1 chunk(s)
        LayoutSVGInlineText {#text} at (2598,103) size 77x22
          chunk 1 text run 1 at (2600.00,120.00) startOffset 0 endOffset 11 width 75.00: "just a text"
      LayoutSVGText {text} at (2698,103) size 77x22 contains 1 chunk(s)
        LayoutSVGInlineText {#text} at (2698,103) size 77x22
          chunk 1 text run 1 at (2700.00,120.00) startOffset 0 endOffset 11 width 75.00: "just a text"
      LayoutSVGText {text} at (2798,103) size 77x22 contains 1 chunk(s)
        LayoutSVGInlineText {#text} at (2798,103) size 77x22
          chunk 1 text run 1 at (2800.00,120.00) startOffset 0 endOffset 11 width 75.00: "just a text"
      LayoutSVGText {text} at (2898,103) size 77x22 contains 1 chunk(s)
        LayoutSVGInlineText {#text} at (2898,103) size 77x22
          chunk 1 text run 1 at (2900.00,120.00) startOffset 0 endOffset 11 width 75.00: "just a text"
      LayoutSVGText {text} at (2998,103) size 77x22 contains 1 chunk(s)
        LayoutSVGInlineText {#text} at (2998,103) size 77x22
          chunk 1 text run 1 at (3000.00,120.00) startOffset 0 endOffset 11 width 75.00: "just a text"
      LayoutSVGText {text} at (3098,103) size 77x22 contains 1 chunk(s)
        LayoutSVGInlineText {#text} at (3098,103) size 77x22
          chunk 1 text run 1 at (3100.00,120.00) startOffset 0 endOffset 11 width 75.00: "just a text"
      LayoutSVGText {text} at (3198,103) size 77x22 contains 1 chunk(s)
        LayoutSVGInlineText {#text} at (3198,103) size 77x22
          chunk 1 text run 1 at (3200.00,120.00) startOffset 0 endOffset 11 width 75.00: "just a text"
      LayoutSVGText {text} at (3298,103) size 77x22 contains 1 chunk(s)
        LayoutSVGInlineText {#text} at (3298,103) size 77x22
          chunk 1 text run 1 at (3300.00,120.00) startOffset 0 endOffset 11 width 75.00: "just a text"
      LayoutSVGText {text} at (3398,103) size 77x22 contains 1 chunk(s)
        LayoutSVGInlineText {#text} at (3398,103) size 77x22
          chunk 1 text run 1 at (3400.00,120.00) startOffset 0 endOffset 11 width 75.00: "just a text"
      LayoutSVGText {text} at (3498,103) size 77x22 contains 1 chunk(s)
        LayoutSVGInlineText {#text} at (3498,103) size 77x22
          chunk 1 text run 1 at (3500.00,120.00) startOffset 0 endOffset 11 width 75.00: "just a text"
      LayoutSVGText {text} at (3598,103) size 77x22 contains 1 chunk(s)
        LayoutSVGInlineText {#text} at (3598,103) size 77x22
          chunk 1 text run 1 at (3600.00,120.00) startOffset 0 endOffset 11 width 75.00: "just a text"
      LayoutSVGText {text} at (3698,103) size 77x22 contains 1 chunk(s)
        LayoutSVGInlineText {#text} at (3698,103) size 77x22
          chunk 1 text run 1 at (3700.00,120.00) startOffset 0 endOffset 11 width 75.00: "just a text"
      LayoutSVGText {text} at (3798,103) size 77x22 contains 1 chunk(s)
        LayoutSVGInlineText {#text} at (3798,103) size 77x22
          chunk 1 text run 1 at (3800.00,120.00) startOffset 0 endOffset 11 width 75.00: "just a text"
      LayoutSVGText {text} at (3898,103) size 77x22 contains 1 chunk(s)
        LayoutSVGInlineText {#text} at (3898,103) size 77x22
          chunk 1 text run 1 at (3900.00,120.00) startOffset 0 endOffset 11 width 75.00: "just a text"
      LayoutSVGText {text} at (3998,103) size 77x22 contains 1 chunk(s)
        LayoutSVGInlineText {#text} at (3998,103) size 77x22
          chunk 1 text run 1 at (4000.00,120.00) startOffset 0 endOffset 11 width 75.00: "just a text"
      LayoutSVGText {text} at (4098,103) size 77x22 contains 1 chunk(s)
        LayoutSVGInlineText {#text} at (4098,103) size 77x22
          chunk 1 text run 1 at (4100.00,120.00) startOffset 0 endOffset 11 width 75.00: "just a text"
      LayoutSVGText {text} at (4198,103) size 77x22 contains 1 chunk(s)
        LayoutSVGInlineText {#text} at (4198,103) size 77x22
          chunk 1 text run 1 at (4200.00,120.00) startOffset 0 endOffset 11 width 75.00: "just a text"
      LayoutSVGText {text} at (4298,103) size 77x22 contains 1 chunk(s)
        LayoutSVGInlineText {#text} at (4298,103) size 77x22
          chunk 1 text run 1 at (4300.00,120.00) startOffset 0 endOffset 11 width 75.00: "just a text"
      LayoutSVGText {text} at (4398,103) size 77x22 contains 1 chunk(s)
        LayoutSVGInlineText {#text} at (4398,103) size 77x22
          chunk 1 text run 1 at (4400.00,120.00) startOffset 0 endOffset 11 width 75.00: "just a text"
      LayoutSVGText {text} at (4498,103) size 77x22 contains 1 chunk(s)
        LayoutSVGInlineText {#text} at (4498,103) size 77x22
          chunk 1 text run 1 at (4500.00,120.00) startOffset 0 endOffset 11 width 75.00: "just a text"
      LayoutSVGText {text} at (4598,103) size 77x22 contains 1 chunk(s)
        LayoutSVGInlineText {#text} at (4598,103) size 77x22
          chunk 1 text run 1 at (4600.00,120.00) startOffset 0 endOffset 11 width 75.00: "just a text"
      LayoutSVGText {text} at (4698,103) size 77x22 contains 1 chunk(s)
        LayoutSVGInlineText {#text} at (4698,103) size 77x22
          chunk 1 text run 1 at (4700.00,120.00) startOffset 0 endOffset 11 width 75.00: "just a text"
      LayoutSVGText {text} at (4798,103) size 77x22 contains 1 chunk(s)
        LayoutSVGInlineText {#text} at (4798,103) size 77x22
          chunk 1 text run 1 at (4800.00,120.00) startOffset 0 endOffset 11 width 75.00: "just a text"
      LayoutSVGText {text} at (4898,103) size 77x22 contains 1 chunk(s)
        LayoutSVGInlineText {#text} at (4898,103) size 77x22
          chunk 1 text run 1 at (4900.00,120.00) startOffset 0 endOffset 11 width 75.00: "just a text"
      LayoutSVGText {text} at (-2,203) size 77x22 contains 1 chunk(s)
        LayoutSVGInlineText {#text} at (-2,203) size 77x22
          chunk 1 text run 1 at (0.00,220.00) startOffset 0 endOffset 11 width 75.00: "just a text"
      LayoutSVGText {text} at (98,203) size 77x22 contains 1 chunk(s)
        LayoutSVGInlineText {#text} at (98,203) size 77x22
          chunk 1 text run 1 at (100.00,220.00) startOffset 0 endOffset 11 width 75.00: "just a text"
      LayoutSVGText {text} at (198,203) size 77x22 contains 1 chunk(s)
        LayoutSVGInlineText {#text} at (198,203) size 77x22
          chunk 1 text run 1 at (200.00,220.00) startOffset 0 endOffset 11 width 75.00: "just a text"
      LayoutSVGText {text} at (298,203) size 77x22 contains 1 chunk(s)
        LayoutSVGInlineText {#text} at (298,203) size 77x22
          chunk 1 text run 1 at (300.00,220.00) startOffset 0 endOffset 11 width 75.00: "just a text"
      LayoutSVGText {text} at (398,203) size 77x22 contains 1 chunk(s)
        LayoutSVGInlineText {#text} at (398,203) size 77x22
          chunk 1 text run 1 at (400.00,220.00) startOffset 0 endOffset 11 width 75.00: "just a text"
      LayoutSVGText {text} at (498,203) size 77x22 contains 1 chunk(s)
        LayoutSVGInlineText {#text} at (498,203) size 77x22
          chunk 1 text run 1 at (500.00,220.00) startOffset 0 endOffset 11 width 75.00: "just a text"
      LayoutSVGText {text} at (598,203) size 77x22 contains 1 chunk(s)
        LayoutSVGInlineText {#text} at (598,203) size 77x22
          chunk 1 text run 1 at (600.00,220.00) startOffset 0 endOffset 11 width 75.00: "just a text"
      LayoutSVGText {text} at (698,203) size 77x22 contains 1 chunk(s)
        LayoutSVGInlineText {#text} at (698,203) size 77x22
          chunk 1 text run 1 at (700.00,220.00) startOffset 0 endOffset 11 width 75.00: "just a text"
      LayoutSVGText {text} at (798,203) size 77x22 contains 1 chunk(s)
        LayoutSVGInlineText {#text} at (798,203) size 77x22
          chunk 1 text run 1 at (800.00,220.00) startOffset 0 endOffset 11 width 75.00: "just a text"
      LayoutSVGText {text} at (898,203) size 77x22 contains 1 chunk(s)
        LayoutSVGInlineText {#text} at (898,203) size 77x22
          chunk 1 text run 1 at (900.00,220.00) startOffset 0 endOffset 11 width 75.00: "just a text"
      LayoutSVGText {text} at (998,203) size 77x22 contains 1 chunk(s)
        LayoutSVGInlineText {#text} at (998,203) size 77x22
          chunk 1 text run 1 at (1000.00,220.00) startOffset 0 endOffset 11 width 75.00: "just a text"
      LayoutSVGText {text} at (1098,203) size 77x22 contains 1 chunk(s)
        LayoutSVGInlineText {#text} at (1098,203) size 77x22
          chunk 1 text run 1 at (1100.00,220.00) startOffset 0 endOffset 11 width 75.00: "just a text"
      LayoutSVGText {text} at (1198,203) size 77x22 contains 1 chunk(s)
        LayoutSVGInlineText {#text} at (1198,203) size 77x22
          chunk 1 text run 1 at (1200.00,220.00) startOffset 0 endOffset 11 width 75.00: "just a text"
      LayoutSVGText {text} at (1298,203) size 77x22 contains 1 chunk(s)
        LayoutSVGInlineText {#text} at (1298,203) size 77x22
          chunk 1 text run 1 at (1300.00,220.00) startOffset 0 endOffset 11 width 75.00: "just a text"
      LayoutSVGText {text} at (1398,203) size 77x22 contains 1 chunk(s)
        LayoutSVGInlineText {#text} at (1398,203) size 77x22
          chunk 1 text run 1 at (1400.00,220.00) startOffset 0 endOffset 11 width 75.00: "just a text"
      LayoutSVGText {text} at (1498,203) size 77x22 contains 1 chunk(s)
        LayoutSVGInlineText {#text} at (1498,203) size 77x22
          chunk 1 text run 1 at (1500.00,220.00) startOffset 0 endOffset 11 width 75.00: "just a text"
      LayoutSVGText {text} at (1598,203) size 77x22 contains 1 chunk(s)
        LayoutSVGInlineText {#text} at (1598,203) size 77x22
          chunk 1 text run 1 at (1600.00,220.00) startOffset 0 endOffset 11 width 75.00: "just a text"
      LayoutSVGText {text} at (1698,203) size 77x22 contains 1 chunk(s)
        LayoutSVGInlineText {#text} at (1698,203) size 77x22
          chunk 1 text run 1 at (1700.00,220.00) startOffset 0 endOffset 11 width 75.00: "just a text"
      LayoutSVGText {text} at (1798,203) size 77x22 contains 1 chunk(s)
        LayoutSVGInlineText {#text} at (1798,203) size 77x22
          chunk 1 text run 1 at (1800.00,220.00) startOffset 0 endOffset 11 width 75.00: "just a text"
      LayoutSVGText {text} at (1898,203) size 77x22 contains 1 chunk(s)
        LayoutSVGInlineText {#text} at (1898,203) size 77x22
          chunk 1 text run 1 at (1900.00,220.00) startOffset 0 endOffset 11 width 75.00: "just a text"
      LayoutSVGText {text} at (1998,203) size 77x22 contains 1 chunk(s)
        LayoutSVGInlineText {#text} at (1998,203) size 77x22
          chunk 1 text run 1 at (2000.00,220.00) startOffset 0 endOffset 11 width 75.00: "just a text"
      LayoutSVGText {text} at (2098,203) size 77x22 contains 1 chunk(s)
        LayoutSVGInlineText {#text} at (2098,203) size 77x22
          chunk 1 text run 1 at (2100.00,220.00) startOffset 0 endOffset 11 width 75.00: "just a text"
      LayoutSVGText {text} at (2198,203) size 77x22 contains 1 chunk(s)
        LayoutSVGInlineText {#text} at (2198,203) size 77x22
          chunk 1 text run 1 at (2200.00,220.00) startOffset 0 endOffset 11 width 75.00: "just a text"
      LayoutSVGText {text} at (2298,203) size 77x22 contains 1 chunk(s)
        LayoutSVGInlineText {#text} at (2298,203) size 77x22
          chunk 1 text run 1 at (2300.00,220.00) startOffset 0 endOffset 11 width 75.00: "just a text"
      LayoutSVGText {text} at (2398,203) size 77x22 contains 1 chunk(s)
        LayoutSVGInlineText {#text} at (2398,203) size 77x22
          chunk 1 text run 1 at (2400.00,220.00) startOffset 0 endOffset 11 width 75.00: "just a text"
      LayoutSVGText {text} at (2498,203) size 77x22 contains 1 chunk(s)
        LayoutSVGInlineText {#text} at (2498,203) size 77x22
          chunk 1 text run 1 at (2500.00,220.00) startOffset 0 endOffset 11 width 75.00: "just a text"
      LayoutSVGText {text} at (2598,203) size 77x22 contains 1 chunk(s)
        LayoutSVGInlineText {#text} at (2598,203) size 77x22
          chunk 1 text run 1 at (2600.00,220.00) startOffset 0 endOffset 11 width 75.00: "just a text"
      LayoutSVGText {text} at (2698,203) size 77x22 contains 1 chunk(s)
        LayoutSVGInlineText {#text} at (2698,203) size 77x22
          chunk 1 text run 1 at (2700.00,220.00) startOffset 0 endOffset 11 width 75.00: "just a text"
      LayoutSVGText {text} at (2798,203) size 77x22 contains 1 chunk(s)
        LayoutSVGInlineText {#text} at (2798,203) size 77x22
          chunk 1 text run 1 at (2800.00,220.00) startOffset 0 endOffset 11 width 75.00: "just a text"
      LayoutSVGText {text} at (2898,203) size 77x22 contains 1 chunk(s)
        LayoutSVGInlineText {#text} at (2898,203) size 77x22
          chunk 1 text run 1 at (2900.00,220.00) startOffset 0 endOffset 11 width 75.00: "just a text"
      LayoutSVGText {text} at (2998,203) size 77x22 contains 1 chunk(s)
        LayoutSVGInlineText {#text} at (2998,203) size 77x22
          chunk 1 text run 1 at (3000.00,220.00) startOffset 0 endOffset 11 width 75.00: "just a text"
      LayoutSVGText {text} at (3098,203) size 77x22 contains 1 chunk(s)
        LayoutSVGInlineText {#text} at (3098,203) size 77x22
          chunk 1 text run 1 at (3100.00,220.00) startOffset 0 endOffset 11 width 75.00: "just a text"
      LayoutSVGText {text} at (3198,203) size 77x22 contains 1 chunk(s)
        LayoutSVGInlineText {#text} at (3198,203) size 77x22
          chunk 1 text run 1 at (3200.00,220.00) startOffset 0 endOffset 11 width 75.00: "just a text"
      LayoutSVGText {text} at (3298,203) size 77x22 contains 1 chunk(s)
        LayoutSVGInlineText {#text} at (3298,203) size 77x22
          chunk 1 text run 1 at (3300.00,220.00) startOffset 0 endOffset 11 width 75.00: "just a text"
      LayoutSVGText {text} at (3398,203) size 77x22 contains 1 chunk(s)
        LayoutSVGInlineText {#text} at (3398,203) size 77x22
          chunk 1 text run 1 at (3400.00,220.00) startOffset 0 endOffset 11 width 75.00: "just a text"
      LayoutSVGText {text} at (3498,203) size 77x22 contains 1 chunk(s)
        LayoutSVGInlineText {#text} at (3498,203) size 77x22
          chunk 1 text run 1 at (3500.00,220.00) startOffset 0 endOffset 11 width 75.00: "just a text"
      LayoutSVGText {text} at (3598,203) size 77x22 contains 1 chunk(s)
        LayoutSVGInlineText {#text} at (3598,203) size 77x22
          chunk 1 text run 1 at (3600.00,220.00) startOffset 0 endOffset 11 width 75.00: "just a text"
      LayoutSVGText {text} at (3698,203) size 77x22 contains 1 chunk(s)
        LayoutSVGInlineText {#text} at (3698,203) size 77x22
          chunk 1 text run 1 at (3700.00,220.00) startOffset 0 endOffset 11 width 75.00: "just a text"
      LayoutSVGText {text} at (3798,203) size 77x22 contains 1 chunk(s)
        LayoutSVGInlineText {#text} at (3798,203) size 77x22
          chunk 1 text run 1 at (3800.00,220.00) startOffset 0 endOffset 11 width 75.00: "just a text"
      LayoutSVGText {text} at (3898,203) size 77x22 contains 1 chunk(s)
        LayoutSVGInlineText {#text} at (3898,203) size 77x22
          chunk 1 text run 1 at (3900.00,220.00) startOffset 0 endOffset 11 width 75.00: "just a text"
      LayoutSVGText {text} at (3998,203) size 77x22 contains 1 chunk(s)
        LayoutSVGInlineText {#text} at (3998,203) size 77x22
          chunk 1 text run 1 at (4000.00,220.00) startOffset 0 endOffset 11 width 75.00: "just a text"
      LayoutSVGText {text} at (4098,203) size 77x22 contains 1 chunk(s)
        LayoutSVGInlineText {#text} at (4098,203) size 77x22
          chunk 1 text run 1 at (4100.00,220.00) startOffset 0 endOffset 11 width 75.00: "just a text"
      LayoutSVGText {text} at (4198,203) size 77x22 contains 1 chunk(s)
        LayoutSVGInlineText {#text} at (4198,203) size 77x22
          chunk 1 text run 1 at (4200.00,220.00) startOffset 0 endOffset 11 width 75.00: "just a text"
      LayoutSVGText {text} at (4298,203) size 77x22 contains 1 chunk(s)
        LayoutSVGInlineText {#text} at (4298,203) size 77x22
          chunk 1 text run 1 at (4300.00,220.00) startOffset 0 endOffset 11 width 75.00: "just a text"
      LayoutSVGText {text} at (4398,203) size 77x22 contains 1 chunk(s)
        LayoutSVGInlineText {#text} at (4398,203) size 77x22
          chunk 1 text run 1 at (4400.00,220.00) startOffset 0 endOffset 11 width 75.00: "just a text"
      LayoutSVGText {text} at (4498,203) size 77x22 contains 1 chunk(s)
        LayoutSVGInlineText {#text} at (4498,203) size 77x22
          chunk 1 text run 1 at (4500.00,220.00) startOffset 0 endOffset 11 width 75.00: "just a text"
      LayoutSVGText {text} at (4598,203) size 77x22 contains 1 chunk(s)
        LayoutSVGInlineText {#text} at (4598,203) size 77x22
          chunk 1 text run 1 at (4600.00,220.00) startOffset 0 endOffset 11 width 75.00: "just a text"
      LayoutSVGText {text} at (4698,203) size 77x22 contains 1 chunk(s)
        LayoutSVGInlineText {#text} at (4698,203) size 77x22
          chunk 1 text run 1 at (4700.00,220.00) startOffset 0 endOffset 11 width 75.00: "just a text"
      LayoutSVGText {text} at (4798,203) size 77x22 contains 1 chunk(s)
        LayoutSVGInlineText {#text} at (4798,203) size 77x22
          chunk 1 text run 1 at (4800.00,220.00) startOffset 0 endOffset 11 width 75.00: "just a text"
      LayoutSVGText {text} at (4898,203) size 77x22 contains 1 chunk(s)
        LayoutSVGInlineText {#text} at (4898,203) size 77x22
          chunk 1 text run 1 at (4900.00,220.00) startOffset 0 endOffset 11 width 75.00: "just a text"
      LayoutSVGText {text} at (-2,303) size 77x22 contains 1 chunk(s)
        LayoutSVGInlineText {#text} at (-2,303) size 77x22
          chunk 1 text run 1 at (0.00,320.00) startOffset 0 endOffset 11 width 75.00: "just a text"
      LayoutSVGText {text} at (98,303) size 77x22 contains 1 chunk(s)
        LayoutSVGInlineText {#text} at (98,303) size 77x22
          chunk 1 text run 1 at (100.00,320.00) startOffset 0 endOffset 11 width 75.00: "just a text"
      LayoutSVGText {text} at (198,303) size 77x22 contains 1 chunk(s)
        LayoutSVGInlineText {#text} at (198,303) size 77x22
          chunk 1 text run 1 at (200.00,320.00) startOffset 0 endOffset 11 width 75.00: "just a text"
      LayoutSVGText {text} at (298,303) size 77x22 contains 1 chunk(s)
        LayoutSVGInlineText {#text} at (298,303) size 77x22
          chunk 1 text run 1 at (300.00,320.00) startOffset 0 endOffset 11 width 75.00: "just a text"
      LayoutSVGText {text} at (398,303) size 77x22 contains 1 chunk(s)
        LayoutSVGInlineText {#text} at (398,303) size 77x22
          chunk 1 text run 1 at (400.00,320.00) startOffset 0 endOffset 11 width 75.00: "just a text"
      LayoutSVGText {text} at (498,303) size 77x22 contains 1 chunk(s)
        LayoutSVGInlineText {#text} at (498,303) size 77x22
          chunk 1 text run 1 at (500.00,320.00) startOffset 0 endOffset 11 width 75.00: "just a text"
      LayoutSVGText {text} at (598,303) size 77x22 contains 1 chunk(s)
        LayoutSVGInlineText {#text} at (598,303) size 77x22
          chunk 1 text run 1 at (600.00,320.00) startOffset 0 endOffset 11 width 75.00: "just a text"
      LayoutSVGText {text} at (698,303) size 77x22 contains 1 chunk(s)
        LayoutSVGInlineText {#text} at (698,303) size 77x22
          chunk 1 text run 1 at (700.00,320.00) startOffset 0 endOffset 11 width 75.00: "just a text"
      LayoutSVGText {text} at (798,303) size 77x22 contains 1 chunk(s)
        LayoutSVGInlineText {#text} at (798,303) size 77x22
          chunk 1 text run 1 at (800.00,320.00) startOffset 0 endOffset 11 width 75.00: "just a text"
      LayoutSVGText {text} at (898,303) size 77x22 contains 1 chunk(s)
        LayoutSVGInlineText {#text} at (898,303) size 77x22
          chunk 1 text run 1 at (900.00,320.00) startOffset 0 endOffset 11 width 75.00: "just a text"
      LayoutSVGText {text} at (998,303) size 77x22 contains 1 chunk(s)
        LayoutSVGInlineText {#text} at (998,303) size 77x22
          chunk 1 text run 1 at (1000.00,320.00) startOffset 0 endOffset 11 width 75.00: "just a text"
      LayoutSVGText {text} at (1098,303) size 77x22 contains 1 chunk(s)
        LayoutSVGInlineText {#text} at (1098,303) size 77x22
          chunk 1 text run 1 at (1100.00,320.00) startOffset 0 endOffset 11 width 75.00: "just a text"
      LayoutSVGText {text} at (1198,303) size 77x22 contains 1 chunk(s)
        LayoutSVGInlineText {#text} at (1198,303) size 77x22
          chunk 1 text run 1 at (1200.00,320.00) startOffset 0 endOffset 11 width 75.00: "just a text"
      LayoutSVGText {text} at (1298,303) size 77x22 contains 1 chunk(s)
        LayoutSVGInlineText {#text} at (1298,303) size 77x22
          chunk 1 text run 1 at (1300.00,320.00) startOffset 0 endOffset 11 width 75.00: "just a text"
      LayoutSVGText {text} at (1398,303) size 77x22 contains 1 chunk(s)
        LayoutSVGInlineText {#text} at (1398,303) size 77x22
          chunk 1 text run 1 at (1400.00,320.00) startOffset 0 endOffset 11 width 75.00: "just a text"
      LayoutSVGText {text} at (1498,303) size 77x22 contains 1 chunk(s)
        LayoutSVGInlineText {#text} at (1498,303) size 77x22
          chunk 1 text run 1 at (1500.00,320.00) startOffset 0 endOffset 11 width 75.00: "just a text"
      LayoutSVGText {text} at (1598,303) size 77x22 contains 1 chunk(s)
        LayoutSVGInlineText {#text} at (1598,303) size 77x22
          chunk 1 text run 1 at (1600.00,320.00) startOffset 0 endOffset 11 width 75.00: "just a text"
      LayoutSVGText {text} at (1698,303) size 77x22 contains 1 chunk(s)
        LayoutSVGInlineText {#text} at (1698,303) size 77x22
          chunk 1 text run 1 at (1700.00,320.00) startOffset 0 endOffset 11 width 75.00: "just a text"
      LayoutSVGText {text} at (1798,303) size 77x22 contains 1 chunk(s)
        LayoutSVGInlineText {#text} at (1798,303) size 77x22
          chunk 1 text run 1 at (1800.00,320.00) startOffset 0 endOffset 11 width 75.00: "just a text"
      LayoutSVGText {text} at (1898,303) size 77x22 contains 1 chunk(s)
        LayoutSVGInlineText {#text} at (1898,303) size 77x22
          chunk 1 text run 1 at (1900.00,320.00) startOffset 0 endOffset 11 width 75.00: "just a text"
      LayoutSVGText {text} at (1998,303) size 77x22 contains 1 chunk(s)
        LayoutSVGInlineText {#text} at (1998,303) size 77x22
          chunk 1 text run 1 at (2000.00,320.00) startOffset 0 endOffset 11 width 75.00: "just a text"
      LayoutSVGText {text} at (2098,303) size 77x22 contains 1 chunk(s)
        LayoutSVGInlineText {#text} at (2098,303) size 77x22
          chunk 1 text run 1 at (2100.00,320.00) startOffset 0 endOffset 11 width 75.00: "just a text"
      LayoutSVGText {text} at (2198,303) size 77x22 contains 1 chunk(s)
        LayoutSVGInlineText {#text} at (2198,303) size 77x22
          chunk 1 text run 1 at (2200.00,320.00) startOffset 0 endOffset 11 width 75.00: "just a text"
      LayoutSVGText {text} at (2298,303) size 77x22 contains 1 chunk(s)
        LayoutSVGInlineText {#text} at (2298,303) size 77x22
          chunk 1 text run 1 at (2300.00,320.00) startOffset 0 endOffset 11 width 75.00: "just a text"
      LayoutSVGText {text} at (2398,303) size 77x22 contains 1 chunk(s)
        LayoutSVGInlineText {#text} at (2398,303) size 77x22
          chunk 1 text run 1 at (2400.00,320.00) startOffset 0 endOffset 11 width 75.00: "just a text"
      LayoutSVGText {text} at (2498,303) size 77x22 contains 1 chunk(s)
        LayoutSVGInlineText {#text} at (2498,303) size 77x22
          chunk 1 text run 1 at (2500.00,320.00) startOffset 0 endOffset 11 width 75.00: "just a text"
      LayoutSVGText {text} at (2598,303) size 77x22 contains 1 chunk(s)
        LayoutSVGInlineText {#text} at (2598,303) size 77x22
          chunk 1 text run 1 at (2600.00,320.00) startOffset 0 endOffset 11 width 75.00: "just a text"
      LayoutSVGText {text} at (2698,303) size 77x22 contains 1 chunk(s)
        LayoutSVGInlineText {#text} at (2698,303) size 77x22
          chunk 1 text run 1 at (2700.00,320.00) startOffset 0 endOffset 11 width 75.00: "just a text"
      LayoutSVGText {text} at (2798,303) size 77x22 contains 1 chunk(s)
        LayoutSVGInlineText {#text} at (2798,303) size 77x22
          chunk 1 text run 1 at (2800.00,320.00) startOffset 0 endOffset 11 width 75.00: "just a text"
      LayoutSVGText {text} at (2898,303) size 77x22 contains 1 chunk(s)
        LayoutSVGInlineText {#text} at (2898,303) size 77x22
          chunk 1 text run 1 at (2900.00,320.00) startOffset 0 endOffset 11 width 75.00: "just a text"
      LayoutSVGText {text} at (2998,303) size 77x22 contains 1 chunk(s)
        LayoutSVGInlineText {#text} at (2998,303) size 77x22
          chunk 1 text run 1 at (3000.00,320.00) startOffset 0 endOffset 11 width 75.00: "just a text"
      LayoutSVGText {text} at (3098,303) size 77x22 contains 1 chunk(s)
        LayoutSVGInlineText {#text} at (3098,303) size 77x22
          chunk 1 text run 1 at (3100.00,320.00) startOffset 0 endOffset 11 width 75.00: "just a text"
      LayoutSVGText {text} at (3198,303) size 77x22 contains 1 chunk(s)
        LayoutSVGInlineText {#text} at (3198,303) size 77x22
          chunk 1 text run 1 at (3200.00,320.00) startOffset 0 endOffset 11 width 75.00: "just a text"
      LayoutSVGText {text} at (3298,303) size 77x22 contains 1 chunk(s)
        LayoutSVGInlineText {#text} at (3298,303) size 77x22
          chunk 1 text run 1 at (3300.00,320.00) startOffset 0 endOffset 11 width 75.00: "just a text"
      LayoutSVGText {text} at (3398,303) size 77x22 contains 1 chunk(s)
        LayoutSVGInlineText {#text} at (3398,303) size 77x22
          chunk 1 text run 1 at (3400.00,320.00) startOffset 0 endOffset 11 width 75.00: "just a text"
      LayoutSVGText {text} at (3498,303) size 77x22 contains 1 chunk(s)
        LayoutSVGInlineText {#text} at (3498,303) size 77x22
          chunk 1 text run 1 at (3500.00,320.00) startOffset 0 endOffset 11 width 75.00: "just a text"
      LayoutSVGText {text} at (3598,303) size 77x22 contains 1 chunk(s)
        LayoutSVGInlineText {#text} at (3598,303) size 77x22
          chunk 1 text run 1 at (3600.00,320.00) startOffset 0 endOffset 11 width 75.00: "just a text"
      LayoutSVGText {text} at (3698,303) size 77x22 contains 1 chunk(s)
        LayoutSVGInlineText {#text} at (3698,303) size 77x22
          chunk 1 text run 1 at (3700.00,320.00) startOffset 0 endOffset 11 width 75.00: "just a text"
      LayoutSVGText {text} at (3798,303) size 77x22 contains 1 chunk(s)
        LayoutSVGInlineText {#text} at (3798,303) size 77x22
          chunk 1 text run 1 at (3800.00,320.00) startOffset 0 endOffset 11 width 75.00: "just a text"
      LayoutSVGText {text} at (3898,303) size 77x22 contains 1 chunk(s)
        LayoutSVGInlineText {#text} at (3898,303) size 77x22
          chunk 1 text run 1 at (3900.00,320.00) startOffset 0 endOffset 11 width 75.00: "just a text"
      LayoutSVGText {text} at (3998,303) size 77x22 contains 1 chunk(s)
        LayoutSVGInlineText {#text} at (3998,303) size 77x22
          chunk 1 text run 1 at (4000.00,320.00) startOffset 0 endOffset 11 width 75.00: "just a text"
      LayoutSVGText {text} at (4098,303) size 77x22 contains 1 chunk(s)
        LayoutSVGInlineText {#text} at (4098,303) size 77x22
          chunk 1 text run 1 at (4100.00,320.00) startOffset 0 endOffset 11 width 75.00: "just a text"
      LayoutSVGText {text} at (4198,303) size 77x22 contains 1 chunk(s)
        LayoutSVGInlineText {#text} at (4198,303) size 77x22
          chunk 1 text run 1 at (4200.00,320.00) startOffset 0 endOffset 11 width 75.00: "just a text"
      LayoutSVGText {text} at (4298,303) size 77x22 contains 1 chunk(s)
        LayoutSVGInlineText {#text} at (4298,303) size 77x22
          chunk 1 text run 1 at (4300.00,320.00) startOffset 0 endOffset 11 width 75.00: "just a text"
      LayoutSVGText {text} at (4398,303) size 77x22 contains 1 chunk(s)
        LayoutSVGInlineText {#text} at (4398,303) size 77x22
          chunk 1 text run 1 at (4400.00,320.00) startOffset 0 endOffset 11 width 75.00: "just a text"
      LayoutSVGText {text} at (4498,303) size 77x22 contains 1 chunk(s)
        LayoutSVGInlineText {#text} at (4498,303) size 77x22
          chunk 1 text run 1 at (4500.00,320.00) startOffset 0 endOffset 11 width 75.00: "just a text"
      LayoutSVGText {text} at (4598,303) size 77x22 contains 1 chunk(s)
        LayoutSVGInlineText {#text} at (4598,303) size 77x22
          chunk 1 text run 1 at (4600.00,320.00) startOffset 0 endOffset 11 width 75.00: "just a text"
      LayoutSVGText {text} at (4698,303) size 77x22 contains 1 chunk(s)
        LayoutSVGInlineText {#text} at (4698,303) size 77x22
          chunk 1 text run 1 at (4700.00,320.00) startOffset 0 endOffset 11 width 75.00: "just a text"
      LayoutSVGText {text} at (4798,303) size 77x22 contains 1 chunk(s)
        LayoutSVGInlineText {#text} at (4798,303) size 77x22
          chunk 1 text run 1 at (4800.00,320.00) startOffset 0 endOffset 11 width 75.00: "just a text"
      LayoutSVGText {text} at (4898,303) size 77x22 contains 1 chunk(s)
        LayoutSVGInlineText {#text} at (4898,303) size 77x22
          chunk 1 text run 1 at (4900.00,320.00) startOffset 0 endOffset 11 width 75.00: "just a text"
      LayoutSVGText {text} at (-2,403) size 77x22 contains 1 chunk(s)
        LayoutSVGInlineText {#text} at (-2,403) size 77x22
          chunk 1 text run 1 at (0.00,420.00) startOffset 0 endOffset 11 width 75.00: "just a text"
      LayoutSVGText {text} at (98,403) size 77x22 contains 1 chunk(s)
        LayoutSVGInlineText {#text} at (98,403) size 77x22
          chunk 1 text run 1 at (100.00,420.00) startOffset 0 endOffset 11 width 75.00: "just a text"
      LayoutSVGText {text} at (198,403) size 77x22 contains 1 chunk(s)
        LayoutSVGInlineText {#text} at (198,403) size 77x22
          chunk 1 text run 1 at (200.00,420.00) startOffset 0 endOffset 11 width 75.00: "just a text"
      LayoutSVGText {text} at (298,403) size 77x22 contains 1 chunk(s)
        LayoutSVGInlineText {#text} at (298,403) size 77x22
          chunk 1 text run 1 at (300.00,420.00) startOffset 0 endOffset 11 width 75.00: "just a text"
      LayoutSVGText {text} at (398,403) size 77x22 contains 1 chunk(s)
        LayoutSVGInlineText {#text} at (398,403) size 77x22
          chunk 1 text run 1 at (400.00,420.00) startOffset 0 endOffset 11 width 75.00: "just a text"
      LayoutSVGText {text} at (498,403) size 77x22 contains 1 chunk(s)
        LayoutSVGInlineText {#text} at (498,403) size 77x22
          chunk 1 text run 1 at (500.00,420.00) startOffset 0 endOffset 11 width 75.00: "just a text"
      LayoutSVGText {text} at (598,403) size 77x22 contains 1 chunk(s)
        LayoutSVGInlineText {#text} at (598,403) size 77x22
          chunk 1 text run 1 at (600.00,420.00) startOffset 0 endOffset 11 width 75.00: "just a text"
      LayoutSVGText {text} at (698,403) size 77x22 contains 1 chunk(s)
        LayoutSVGInlineText {#text} at (698,403) size 77x22
          chunk 1 text run 1 at (700.00,420.00) startOffset 0 endOffset 11 width 75.00: "just a text"
      LayoutSVGText {text} at (798,403) size 77x22 contains 1 chunk(s)
        LayoutSVGInlineText {#text} at (798,403) size 77x22
          chunk 1 text run 1 at (800.00,420.00) startOffset 0 endOffset 11 width 75.00: "just a text"
      LayoutSVGText {text} at (898,403) size 77x22 contains 1 chunk(s)
        LayoutSVGInlineText {#text} at (898,403) size 77x22
          chunk 1 text run 1 at (900.00,420.00) startOffset 0 endOffset 11 width 75.00: "just a text"
      LayoutSVGText {text} at (998,403) size 77x22 contains 1 chunk(s)
        LayoutSVGInlineText {#text} at (998,403) size 77x22
          chunk 1 text run 1 at (1000.00,420.00) startOffset 0 endOffset 11 width 75.00: "just a text"
      LayoutSVGText {text} at (1098,403) size 77x22 contains 1 chunk(s)
        LayoutSVGInlineText {#text} at (1098,403) size 77x22
          chunk 1 text run 1 at (1100.00,420.00) startOffset 0 endOffset 11 width 75.00: "just a text"
      LayoutSVGText {text} at (1198,403) size 77x22 contains 1 chunk(s)
        LayoutSVGInlineText {#text} at (1198,403) size 77x22
          chunk 1 text run 1 at (1200.00,420.00) startOffset 0 endOffset 11 width 75.00: "just a text"
      LayoutSVGText {text} at (1298,403) size 77x22 contains 1 chunk(s)
        LayoutSVGInlineText {#text} at (1298,403) size 77x22
          chunk 1 text run 1 at (1300.00,420.00) startOffset 0 endOffset 11 width 75.00: "just a text"
      LayoutSVGText {text} at (1398,403) size 77x22 contains 1 chunk(s)
        LayoutSVGInlineText {#text} at (1398,403) size 77x22
          chunk 1 text run 1 at (1400.00,420.00) startOffset 0 endOffset 11 width 75.00: "just a text"
      LayoutSVGText {text} at (1498,403) size 77x22 contains 1 chunk(s)
        LayoutSVGInlineText {#text} at (1498,403) size 77x22
          chunk 1 text run 1 at (1500.00,420.00) startOffset 0 endOffset 11 width 75.00: "just a text"
      LayoutSVGText {text} at (1598,403) size 77x22 contains 1 chunk(s)
        LayoutSVGInlineText {#text} at (1598,403) size 77x22
          chunk 1 text run 1 at (1600.00,420.00) startOffset 0 endOffset 11 width 75.00: "just a text"
      LayoutSVGText {text} at (1698,403) size 77x22 contains 1 chunk(s)
        LayoutSVGInlineText {#text} at (1698,403) size 77x22
          chunk 1 text run 1 at (1700.00,420.00) startOffset 0 endOffset 11 width 75.00: "just a text"
      LayoutSVGText {text} at (1798,403) size 77x22 contains 1 chunk(s)
        LayoutSVGInlineText {#text} at (1798,403) size 77x22
          chunk 1 text run 1 at (1800.00,420.00) startOffset 0 endOffset 11 width 75.00: "just a text"
      LayoutSVGText {text} at (1898,403) size 77x22 contains 1 chunk(s)
        LayoutSVGInlineText {#text} at (1898,403) size 77x22
          chunk 1 text run 1 at (1900.00,420.00) startOffset 0 endOffset 11 width 75.00: "just a text"
      LayoutSVGText {text} at (1998,403) size 77x22 contains 1 chunk(s)
        LayoutSVGInlineText {#text} at (1998,403) size 77x22
          chunk 1 text run 1 at (2000.00,420.00) startOffset 0 endOffset 11 width 75.00: "just a text"
      LayoutSVGText {text} at (2098,403) size 77x22 contains 1 chunk(s)
        LayoutSVGInlineText {#text} at (2098,403) size 77x22
          chunk 1 text run 1 at (2100.00,420.00) startOffset 0 endOffset 11 width 75.00: "just a text"
      LayoutSVGText {text} at (2198,403) size 77x22 contains 1 chunk(s)
        LayoutSVGInlineText {#text} at (2198,403) size 77x22
          chunk 1 text run 1 at (2200.00,420.00) startOffset 0 endOffset 11 width 75.00: "just a text"
      LayoutSVGText {text} at (2298,403) size 77x22 contains 1 chunk(s)
        LayoutSVGInlineText {#text} at (2298,403) size 77x22
          chunk 1 text run 1 at (2300.00,420.00) startOffset 0 endOffset 11 width 75.00: "just a text"
      LayoutSVGText {text} at (2398,403) size 77x22 contains 1 chunk(s)
        LayoutSVGInlineText {#text} at (2398,403) size 77x22
          chunk 1 text run 1 at (2400.00,420.00) startOffset 0 endOffset 11 width 75.00: "just a text"
      LayoutSVGText {text} at (2498,403) size 77x22 contains 1 chunk(s)
        LayoutSVGInlineText {#text} at (2498,403) size 77x22
          chunk 1 text run 1 at (2500.00,420.00) startOffset 0 endOffset 11 width 75.00: "just a text"
      LayoutSVGText {text} at (2598,403) size 77x22 contains 1 chunk(s)
        LayoutSVGInlineText {#text} at (2598,403) size 77x22
          chunk 1 text run 1 at (2600.00,420.00) startOffset 0 endOffset 11 width 75.00: "just a text"
      LayoutSVGText {text} at (2698,403) size 77x22 contains 1 chunk(s)
        LayoutSVGInlineText {#text} at (2698,403) size 77x22
          chunk 1 text run 1 at (2700.00,420.00) startOffset 0 endOffset 11 width 75.00: "just a text"
      LayoutSVGText {text} at (2798,403) size 77x22 contains 1 chunk(s)
        LayoutSVGInlineText {#text} at (2798,403) size 77x22
          chunk 1 text run 1 at (2800.00,420.00) startOffset 0 endOffset 11 width 75.00: "just a text"
      LayoutSVGText {text} at (2898,403) size 77x22 contains 1 chunk(s)
        LayoutSVGInlineText {#text} at (2898,403) size 77x22
          chunk 1 text run 1 at (2900.00,420.00) startOffset 0 endOffset 11 width 75.00: "just a text"
      LayoutSVGText {text} at (2998,403) size 77x22 contains 1 chunk(s)
        LayoutSVGInlineText {#text} at (2998,403) size 77x22
          chunk 1 text run 1 at (3000.00,420.00) startOffset 0 endOffset 11 width 75.00: "just a text"
      LayoutSVGText {text} at (3098,403) size 77x22 contains 1 chunk(s)
        LayoutSVGInlineText {#text} at (3098,403) size 77x22
          chunk 1 text run 1 at (3100.00,420.00) startOffset 0 endOffset 11 width 75.00: "just a text"
      LayoutSVGText {text} at (3198,403) size 77x22 contains 1 chunk(s)
        LayoutSVGInlineText {#text} at (3198,403) size 77x22
          chunk 1 text run 1 at (3200.00,420.00) startOffset 0 endOffset 11 width 75.00: "just a text"
      LayoutSVGText {text} at (3298,403) size 77x22 contains 1 chunk(s)
        LayoutSVGInlineText {#text} at (3298,403) size 77x22
          chunk 1 text run 1 at (3300.00,420.00) startOffset 0 endOffset 11 width 75.00: "just a text"
      LayoutSVGText {text} at (3398,403) size 77x22 contains 1 chunk(s)
        LayoutSVGInlineText {#text} at (3398,403) size 77x22
          chunk 1 text run 1 at (3400.00,420.00) startOffset 0 endOffset 11 width 75.00: "just a text"
      LayoutSVGText {text} at (3498,403) size 77x22 contains 1 chunk(s)
        LayoutSVGInlineText {#text} at (3498,403) size 77x22
          chunk 1 text run 1 at (3500.00,420.00) startOffset 0 endOffset 11 width 75.00: "just a text"
      LayoutSVGText {text} at (3598,403) size 77x22 contains 1 chunk(s)
        LayoutSVGInlineText {#text} at (3598,403) size 77x22
          chunk 1 text run 1 at (3600.00,420.00) startOffset 0 endOffset 11 width 75.00: "just a text"
      LayoutSVGText {text} at (3698,403) size 77x22 contains 1 chunk(s)
        LayoutSVGInlineText {#text} at (3698,403) size 77x22
          chunk 1 text run 1 at (3700.00,420.00) startOffset 0 endOffset 11 width 75.00: "just a text"
      LayoutSVGText {text} at (3798,403) size 77x22 contains 1 chunk(s)
        LayoutSVGInlineText {#text} at (3798,403) size 77x22
          chunk 1 text run 1 at (3800.00,420.00) startOffset 0 endOffset 11 width 75.00: "just a text"
      LayoutSVGText {text} at (3898,403) size 77x22 contains 1 chunk(s)
        LayoutSVGInlineText {#text} at (3898,403) size 77x22
          chunk 1 text run 1 at (3900.00,420.00) startOffset 0 endOffset 11 width 75.00: "just a text"
      LayoutSVGText {text} at (3998,403) size 77x22 contains 1 chunk(s)
        LayoutSVGInlineText {#text} at (3998,403) size 77x22
          chunk 1 text run 1 at (4000.00,420.00) startOffset 0 endOffset 11 width 75.00: "just a text"
      LayoutSVGText {text} at (4098,403) size 77x22 contains 1 chunk(s)
        LayoutSVGInlineText {#text} at (4098,403) size 77x22
          chunk 1 text run 1 at (4100.00,420.00) startOffset 0 endOffset 11 width 75.00: "just a text"
      LayoutSVGText {text} at (4198,403) size 77x22 contains 1 chunk(s)
        LayoutSVGInlineText {#text} at (4198,403) size 77x22
          chunk 1 text run 1 at (4200.00,420.00) startOffset 0 endOffset 11 width 75.00: "just a text"
      LayoutSVGText {text} at (4298,403) size 77x22 contains 1 chunk(s)
        LayoutSVGInlineText {#text} at (4298,403) size 77x22
          chunk 1 text run 1 at (4300.00,420.00) startOffset 0 endOffset 11 width 75.00: "just a text"
      LayoutSVGText {text} at (4398,403) size 77x22 contains 1 chunk(s)
        LayoutSVGInlineText {#text} at (4398,403) size 77x22
          chunk 1 text run 1 at (4400.00,420.00) startOffset 0 endOffset 11 width 75.00: "just a text"
      LayoutSVGText {text} at (4498,403) size 77x22 contains 1 chunk(s)
        LayoutSVGInlineText {#text} at (4498,403) size 77x22
          chunk 1 text run 1 at (4500.00,420.00) startOffset 0 endOffset 11 width 75.00: "just a text"
      LayoutSVGText {text} at (4598,403) size 77x22 contains 1 chunk(s)
        LayoutSVGInlineText {#text} at (4598,403) size 77x22
          chunk 1 text run 1 at (4600.00,420.00) startOffset 0 endOffset 11 width 75.00: "just a text"
      LayoutSVGText {text} at (4698,403) size 77x22 contains 1 chunk(s)
        LayoutSVGInlineText {#text} at (4698,403) size 77x22
          chunk 1 text run 1 at (4700.00,420.00) startOffset 0 endOffset 11 width 75.00: "just a text"
      LayoutSVGText {text} at (4798,403) size 77x22 contains 1 chunk(s)
        LayoutSVGInlineText {#text} at (4798,403) size 77x22
          chunk 1 text run 1 at (4800.00,420.00) startOffset 0 endOffset 11 width 75.00: "just a text"
      LayoutSVGText {text} at (4898,403) size 77x22 contains 1 chunk(s)
        LayoutSVGInlineText {#text} at (4898,403) size 77x22
          chunk 1 text run 1 at (4900.00,420.00) startOffset 0 endOffset 11 width 75.00: "just a text"
      LayoutSVGText {text} at (-2,503) size 77x22 contains 1 chunk(s)
        LayoutSVGInlineText {#text} at (-2,503) size 77x22
          chunk 1 text run 1 at (0.00,520.00) startOffset 0 endOffset 11 width 75.00: "just a text"
      LayoutSVGText {text} at (98,503) size 77x22 contains 1 chunk(s)
        LayoutSVGInlineText {#text} at (98,503) size 77x22
          chunk 1 text run 1 at (100.00,520.00) startOffset 0 endOffset 11 width 75.00: "just a text"
      LayoutSVGText {text} at (198,503) size 77x22 contains 1 chunk(s)
        LayoutSVGInlineText {#text} at (198,503) size 77x22
          chunk 1 text run 1 at (200.00,520.00) startOffset 0 endOffset 11 width 75.00: "just a text"
      LayoutSVGText {text} at (298,503) size 77x22 contains 1 chunk(s)
        LayoutSVGInlineText {#text} at (298,503) size 77x22
          chunk 1 text run 1 at (300.00,520.00) startOffset 0 endOffset 11 width 75.00: "just a text"
      LayoutSVGText {text} at (398,503) size 77x22 contains 1 chunk(s)
        LayoutSVGInlineText {#text} at (398,503) size 77x22
          chunk 1 text run 1 at (400.00,520.00) startOffset 0 endOffset 11 width 75.00: "just a text"
      LayoutSVGText {text} at (498,503) size 77x22 contains 1 chunk(s)
        LayoutSVGInlineText {#text} at (498,503) size 77x22
          chunk 1 text run 1 at (500.00,520.00) startOffset 0 endOffset 11 width 75.00: "just a text"
      LayoutSVGText {text} at (598,503) size 77x22 contains 1 chunk(s)
        LayoutSVGInlineText {#text} at (598,503) size 77x22
          chunk 1 text run 1 at (600.00,520.00) startOffset 0 endOffset 11 width 75.00: "just a text"
      LayoutSVGText {text} at (698,503) size 77x22 contains 1 chunk(s)
        LayoutSVGInlineText {#text} at (698,503) size 77x22
          chunk 1 text run 1 at (700.00,520.00) startOffset 0 endOffset 11 width 75.00: "just a text"
      LayoutSVGText {text} at (798,503) size 77x22 contains 1 chunk(s)
        LayoutSVGInlineText {#text} at (798,503) size 77x22
          chunk 1 text run 1 at (800.00,520.00) startOffset 0 endOffset 11 width 75.00: "just a text"
      LayoutSVGText {text} at (898,503) size 77x22 contains 1 chunk(s)
        LayoutSVGInlineText {#text} at (898,503) size 77x22
          chunk 1 text run 1 at (900.00,520.00) startOffset 0 endOffset 11 width 75.00: "just a text"
      LayoutSVGText {text} at (998,503) size 77x22 contains 1 chunk(s)
        LayoutSVGInlineText {#text} at (998,503) size 77x22
          chunk 1 text run 1 at (1000.00,520.00) startOffset 0 endOffset 11 width 75.00: "just a text"
      LayoutSVGText {text} at (1098,503) size 77x22 contains 1 chunk(s)
        LayoutSVGInlineText {#text} at (1098,503) size 77x22
          chunk 1 text run 1 at (1100.00,520.00) startOffset 0 endOffset 11 width 75.00: "just a text"
      LayoutSVGText {text} at (1198,503) size 77x22 contains 1 chunk(s)
        LayoutSVGInlineText {#text} at (1198,503) size 77x22
          chunk 1 text run 1 at (1200.00,520.00) startOffset 0 endOffset 11 width 75.00: "just a text"
      LayoutSVGText {text} at (1298,503) size 77x22 contains 1 chunk(s)
        LayoutSVGInlineText {#text} at (1298,503) size 77x22
          chunk 1 text run 1 at (1300.00,520.00) startOffset 0 endOffset 11 width 75.00: "just a text"
      LayoutSVGText {text} at (1398,503) size 77x22 contains 1 chunk(s)
        LayoutSVGInlineText {#text} at (1398,503) size 77x22
          chunk 1 text run 1 at (1400.00,520.00) startOffset 0 endOffset 11 width 75.00: "just a text"
      LayoutSVGText {text} at (1498,503) size 77x22 contains 1 chunk(s)
        LayoutSVGInlineText {#text} at (1498,503) size 77x22
          chunk 1 text run 1 at (1500.00,520.00) startOffset 0 endOffset 11 width 75.00: "just a text"
      LayoutSVGText {text} at (1598,503) size 77x22 contains 1 chunk(s)
        LayoutSVGInlineText {#text} at (1598,503) size 77x22
          chunk 1 text run 1 at (1600.00,520.00) startOffset 0 endOffset 11 width 75.00: "just a text"
      LayoutSVGText {text} at (1698,503) size 77x22 contains 1 chunk(s)
        LayoutSVGInlineText {#text} at (1698,503) size 77x22
          chunk 1 text run 1 at (1700.00,520.00) startOffset 0 endOffset 11 width 75.00: "just a text"
      LayoutSVGText {text} at (1798,503) size 77x22 contains 1 chunk(s)
        LayoutSVGInlineText {#text} at (1798,503) size 77x22
          chunk 1 text run 1 at (1800.00,520.00) startOffset 0 endOffset 11 width 75.00: "just a text"
      LayoutSVGText {text} at (1898,503) size 77x22 contains 1 chunk(s)
        LayoutSVGInlineText {#text} at (1898,503) size 77x22
          chunk 1 text run 1 at (1900.00,520.00) startOffset 0 endOffset 11 width 75.00: "just a text"
      LayoutSVGText {text} at (1998,503) size 77x22 contains 1 chunk(s)
        LayoutSVGInlineText {#text} at (1998,503) size 77x22
          chunk 1 text run 1 at (2000.00,520.00) startOffset 0 endOffset 11 width 75.00: "just a text"
      LayoutSVGText {text} at (2098,503) size 77x22 contains 1 chunk(s)
        LayoutSVGInlineText {#text} at (2098,503) size 77x22
          chunk 1 text run 1 at (2100.00,520.00) startOffset 0 endOffset 11 width 75.00: "just a text"
      LayoutSVGText {text} at (2198,503) size 77x22 contains 1 chunk(s)
        LayoutSVGInlineText {#text} at (2198,503) size 77x22
          chunk 1 text run 1 at (2200.00,520.00) startOffset 0 endOffset 11 width 75.00: "just a text"
      LayoutSVGText {text} at (2298,503) size 77x22 contains 1 chunk(s)
        LayoutSVGInlineText {#text} at (2298,503) size 77x22
          chunk 1 text run 1 at (2300.00,520.00) startOffset 0 endOffset 11 width 75.00: "just a text"
      LayoutSVGText {text} at (2398,503) size 77x22 contains 1 chunk(s)
        LayoutSVGInlineText {#text} at (2398,503) size 77x22
          chunk 1 text run 1 at (2400.00,520.00) startOffset 0 endOffset 11 width 75.00: "just a text"
      LayoutSVGText {text} at (2498,503) size 77x22 contains 1 chunk(s)
        LayoutSVGInlineText {#text} at (2498,503) size 77x22
          chunk 1 text run 1 at (2500.00,520.00) startOffset 0 endOffset 11 width 75.00: "just a text"
      LayoutSVGText {text} at (2598,503) size 77x22 contains 1 chunk(s)
        LayoutSVGInlineText {#text} at (2598,503) size 77x22
          chunk 1 text run 1 at (2600.00,520.00) startOffset 0 endOffset 11 width 75.00: "just a text"
      LayoutSVGText {text} at (2698,503) size 77x22 contains 1 chunk(s)
        LayoutSVGInlineText {#text} at (2698,503) size 77x22
          chunk 1 text run 1 at (2700.00,520.00) startOffset 0 endOffset 11 width 75.00: "just a text"
      LayoutSVGText {text} at (2798,503) size 77x22 contains 1 chunk(s)
        LayoutSVGInlineText {#text} at (2798,503) size 77x22
          chunk 1 text run 1 at (2800.00,520.00) startOffset 0 endOffset 11 width 75.00: "just a text"
      LayoutSVGText {text} at (2898,503) size 77x22 contains 1 chunk(s)
        LayoutSVGInlineText {#text} at (2898,503) size 77x22
          chunk 1 text run 1 at (2900.00,520.00) startOffset 0 endOffset 11 width 75.00: "just a text"
      LayoutSVGText {text} at (2998,503) size 77x22 contains 1 chunk(s)
        LayoutSVGInlineText {#text} at (2998,503) size 77x22
          chunk 1 text run 1 at (3000.00,520.00) startOffset 0 endOffset 11 width 75.00: "just a text"
      LayoutSVGText {text} at (3098,503) size 77x22 contains 1 chunk(s)
        LayoutSVGInlineText {#text} at (3098,503) size 77x22
          chunk 1 text run 1 at (3100.00,520.00) startOffset 0 endOffset 11 width 75.00: "just a text"
      LayoutSVGText {text} at (3198,503) size 77x22 contains 1 chunk(s)
        LayoutSVGInlineText {#text} at (3198,503) size 77x22
          chunk 1 text run 1 at (3200.00,520.00) startOffset 0 endOffset 11 width 75.00: "just a text"
      LayoutSVGText {text} at (3298,503) size 77x22 contains 1 chunk(s)
        LayoutSVGInlineText {#text} at (3298,503) size 77x22
          chunk 1 text run 1 at (3300.00,520.00) startOffset 0 endOffset 11 width 75.00: "just a text"
      LayoutSVGText {text} at (3398,503) size 77x22 contains 1 chunk(s)
        LayoutSVGInlineText {#text} at (3398,503) size 77x22
          chunk 1 text run 1 at (3400.00,520.00) startOffset 0 endOffset 11 width 75.00: "just a text"
      LayoutSVGText {text} at (3498,503) size 77x22 contains 1 chunk(s)
        LayoutSVGInlineText {#text} at (3498,503) size 77x22
          chunk 1 text run 1 at (3500.00,520.00) startOffset 0 endOffset 11 width 75.00: "just a text"
      LayoutSVGText {text} at (3598,503) size 77x22 contains 1 chunk(s)
        LayoutSVGInlineText {#text} at (3598,503) size 77x22
          chunk 1 text run 1 at (3600.00,520.00) startOffset 0 endOffset 11 width 75.00: "just a text"
      LayoutSVGText {text} at (3698,503) size 77x22 contains 1 chunk(s)
        LayoutSVGInlineText {#text} at (3698,503) size 77x22
          chunk 1 text run 1 at (3700.00,520.00) startOffset 0 endOffset 11 width 75.00: "just a text"
      LayoutSVGText {text} at (3798,503) size 77x22 contains 1 chunk(s)
        LayoutSVGInlineText {#text} at (3798,503) size 77x22
          chunk 1 text run 1 at (3800.00,520.00) startOffset 0 endOffset 11 width 75.00: "just a text"
      LayoutSVGText {text} at (3898,503) size 77x22 contains 1 chunk(s)
        LayoutSVGInlineText {#text} at (3898,503) size 77x22
          chunk 1 text run 1 at (3900.00,520.00) startOffset 0 endOffset 11 width 75.00: "just a text"
      LayoutSVGText {text} at (3998,503) size 77x22 contains 1 chunk(s)
        LayoutSVGInlineText {#text} at (3998,503) size 77x22
          chunk 1 text run 1 at (4000.00,520.00) startOffset 0 endOffset 11 width 75.00: "just a text"
      LayoutSVGText {text} at (4098,503) size 77x22 contains 1 chunk(s)
        LayoutSVGInlineText {#text} at (4098,503) size 77x22
          chunk 1 text run 1 at (4100.00,520.00) startOffset 0 endOffset 11 width 75.00: "just a text"
      LayoutSVGText {text} at (4198,503) size 77x22 contains 1 chunk(s)
        LayoutSVGInlineText {#text} at (4198,503) size 77x22
          chunk 1 text run 1 at (4200.00,520.00) startOffset 0 endOffset 11 width 75.00: "just a text"
      LayoutSVGText {text} at (4298,503) size 77x22 contains 1 chunk(s)
        LayoutSVGInlineText {#text} at (4298,503) size 77x22
          chunk 1 text run 1 at (4300.00,520.00) startOffset 0 endOffset 11 width 75.00: "just a text"
      LayoutSVGText {text} at (4398,503) size 77x22 contains 1 chunk(s)
        LayoutSVGInlineText {#text} at (4398,503) size 77x22
          chunk 1 text run 1 at (4400.00,520.00) startOffset 0 endOffset 11 width 75.00: "just a text"
      LayoutSVGText {text} at (4498,503) size 77x22 contains 1 chunk(s)
        LayoutSVGInlineText {#text} at (4498,503) size 77x22
          chunk 1 text run 1 at (4500.00,520.00) startOffset 0 endOffset 11 width 75.00: "just a text"
      LayoutSVGText {text} at (4598,503) size 77x22 contains 1 chunk(s)
        LayoutSVGInlineText {#text} at (4598,503) size 77x22
          chunk 1 text run 1 at (4600.00,520.00) startOffset 0 endOffset 11 width 75.00: "just a text"
      LayoutSVGText {text} at (4698,503) size 77x22 contains 1 chunk(s)
        LayoutSVGInlineText {#text} at (4698,503) size 77x22
          chunk 1 text run 1 at (4700.00,520.00) startOffset 0 endOffset 11 width 75.00: "just a text"
      LayoutSVGText {text} at (4798,503) size 77x22 contains 1 chunk(s)
        LayoutSVGInlineText {#text} at (4798,503) size 77x22
          chunk 1 text run 1 at (4800.00,520.00) startOffset 0 endOffset 11 width 75.00: "just a text"
      LayoutSVGText {text} at (4898,503) size 77x22 contains 1 chunk(s)
        LayoutSVGInlineText {#text} at (4898,503) size 77x22
          chunk 1 text run 1 at (4900.00,520.00) startOffset 0 endOffset 11 width 75.00: "just a text"
      LayoutSVGText {text} at (-2,603) size 77x22 contains 1 chunk(s)
        LayoutSVGInlineText {#text} at (-2,603) size 77x22
          chunk 1 text run 1 at (0.00,620.00) startOffset 0 endOffset 11 width 75.00: "just a text"
      LayoutSVGText {text} at (98,603) size 77x22 contains 1 chunk(s)
        LayoutSVGInlineText {#text} at (98,603) size 77x22
          chunk 1 text run 1 at (100.00,620.00) startOffset 0 endOffset 11 width 75.00: "just a text"
      LayoutSVGText {text} at (198,603) size 77x22 contains 1 chunk(s)
        LayoutSVGInlineText {#text} at (198,603) size 77x22
          chunk 1 text run 1 at (200.00,620.00) startOffset 0 endOffset 11 width 75.00: "just a text"
      LayoutSVGText {text} at (298,603) size 77x22 contains 1 chunk(s)
        LayoutSVGInlineText {#text} at (298,603) size 77x22
          chunk 1 text run 1 at (300.00,620.00) startOffset 0 endOffset 11 width 75.00: "just a text"
      LayoutSVGText {text} at (398,603) size 77x22 contains 1 chunk(s)
        LayoutSVGInlineText {#text} at (398,603) size 77x22
          chunk 1 text run 1 at (400.00,620.00) startOffset 0 endOffset 11 width 75.00: "just a text"
      LayoutSVGText {text} at (498,603) size 77x22 contains 1 chunk(s)
        LayoutSVGInlineText {#text} at (498,603) size 77x22
          chunk 1 text run 1 at (500.00,620.00) startOffset 0 endOffset 11 width 75.00: "just a text"
      LayoutSVGText {text} at (598,603) size 77x22 contains 1 chunk(s)
        LayoutSVGInlineText {#text} at (598,603) size 77x22
          chunk 1 text run 1 at (600.00,620.00) startOffset 0 endOffset 11 width 75.00: "just a text"
      LayoutSVGText {text} at (698,603) size 77x22 contains 1 chunk(s)
        LayoutSVGInlineText {#text} at (698,603) size 77x22
          chunk 1 text run 1 at (700.00,620.00) startOffset 0 endOffset 11 width 75.00: "just a text"
      LayoutSVGText {text} at (798,603) size 77x22 contains 1 chunk(s)
        LayoutSVGInlineText {#text} at (798,603) size 77x22
          chunk 1 text run 1 at (800.00,620.00) startOffset 0 endOffset 11 width 75.00: "just a text"
      LayoutSVGText {text} at (898,603) size 77x22 contains 1 chunk(s)
        LayoutSVGInlineText {#text} at (898,603) size 77x22
          chunk 1 text run 1 at (900.00,620.00) startOffset 0 endOffset 11 width 75.00: "just a text"
      LayoutSVGText {text} at (998,603) size 77x22 contains 1 chunk(s)
        LayoutSVGInlineText {#text} at (998,603) size 77x22
          chunk 1 text run 1 at (1000.00,620.00) startOffset 0 endOffset 11 width 75.00: "just a text"
      LayoutSVGText {text} at (1098,603) size 77x22 contains 1 chunk(s)
        LayoutSVGInlineText {#text} at (1098,603) size 77x22
          chunk 1 text run 1 at (1100.00,620.00) startOffset 0 endOffset 11 width 75.00: "just a text"
      LayoutSVGText {text} at (1198,603) size 77x22 contains 1 chunk(s)
        LayoutSVGInlineText {#text} at (1198,603) size 77x22
          chunk 1 text run 1 at (1200.00,620.00) startOffset 0 endOffset 11 width 75.00: "just a text"
      LayoutSVGText {text} at (1298,603) size 77x22 contains 1 chunk(s)
        LayoutSVGInlineText {#text} at (1298,603) size 77x22
          chunk 1 text run 1 at (1300.00,620.00) startOffset 0 endOffset 11 width 75.00: "just a text"
      LayoutSVGText {text} at (1398,603) size 77x22 contains 1 chunk(s)
        LayoutSVGInlineText {#text} at (1398,603) size 77x22
          chunk 1 text run 1 at (1400.00,620.00) startOffset 0 endOffset 11 width 75.00: "just a text"
      LayoutSVGText {text} at (1498,603) size 77x22 contains 1 chunk(s)
        LayoutSVGInlineText {#text} at (1498,603) size 77x22
          chunk 1 text run 1 at (1500.00,620.00) startOffset 0 endOffset 11 width 75.00: "just a text"
      LayoutSVGText {text} at (1598,603) size 77x22 contains 1 chunk(s)
        LayoutSVGInlineText {#text} at (1598,603) size 77x22
          chunk 1 text run 1 at (1600.00,620.00) startOffset 0 endOffset 11 width 75.00: "just a text"
      LayoutSVGText {text} at (1698,603) size 77x22 contains 1 chunk(s)
        LayoutSVGInlineText {#text} at (1698,603) size 77x22
          chunk 1 text run 1 at (1700.00,620.00) startOffset 0 endOffset 11 width 75.00: "just a text"
      LayoutSVGText {text} at (1798,603) size 77x22 contains 1 chunk(s)
        LayoutSVGInlineText {#text} at (1798,603) size 77x22
          chunk 1 text run 1 at (1800.00,620.00) startOffset 0 endOffset 11 width 75.00: "just a text"
      LayoutSVGText {text} at (1898,603) size 77x22 contains 1 chunk(s)
        LayoutSVGInlineText {#text} at (1898,603) size 77x22
          chunk 1 text run 1 at (1900.00,620.00) startOffset 0 endOffset 11 width 75.00: "just a text"
      LayoutSVGText {text} at (1998,603) size 77x22 contains 1 chunk(s)
        LayoutSVGInlineText {#text} at (1998,603) size 77x22
          chunk 1 text run 1 at (2000.00,620.00) startOffset 0 endOffset 11 width 75.00: "just a text"
      LayoutSVGText {text} at (2098,603) size 77x22 contains 1 chunk(s)
        LayoutSVGInlineText {#text} at (2098,603) size 77x22
          chunk 1 text run 1 at (2100.00,620.00) startOffset 0 endOffset 11 width 75.00: "just a text"
      LayoutSVGText {text} at (2198,603) size 77x22 contains 1 chunk(s)
        LayoutSVGInlineText {#text} at (2198,603) size 77x22
          chunk 1 text run 1 at (2200.00,620.00) startOffset 0 endOffset 11 width 75.00: "just a text"
      LayoutSVGText {text} at (2298,603) size 77x22 contains 1 chunk(s)
        LayoutSVGInlineText {#text} at (2298,603) size 77x22
          chunk 1 text run 1 at (2300.00,620.00) startOffset 0 endOffset 11 width 75.00: "just a text"
      LayoutSVGText {text} at (2398,603) size 77x22 contains 1 chunk(s)
        LayoutSVGInlineText {#text} at (2398,603) size 77x22
          chunk 1 text run 1 at (2400.00,620.00) startOffset 0 endOffset 11 width 75.00: "just a text"
      LayoutSVGText {text} at (2498,603) size 77x22 contains 1 chunk(s)
        LayoutSVGInlineText {#text} at (2498,603) size 77x22
          chunk 1 text run 1 at (2500.00,620.00) startOffset 0 endOffset 11 width 75.00: "just a text"
      LayoutSVGText {text} at (2598,603) size 77x22 contains 1 chunk(s)
        LayoutSVGInlineText {#text} at (2598,603) size 77x22
          chunk 1 text run 1 at (2600.00,620.00) startOffset 0 endOffset 11 width 75.00: "just a text"
      LayoutSVGText {text} at (2698,603) size 77x22 contains 1 chunk(s)
        LayoutSVGInlineText {#text} at (2698,603) size 77x22
          chunk 1 text run 1 at (2700.00,620.00) startOffset 0 endOffset 11 width 75.00: "just a text"
      LayoutSVGText {text} at (2798,603) size 77x22 contains 1 chunk(s)
        LayoutSVGInlineText {#text} at (2798,603) size 77x22
          chunk 1 text run 1 at (2800.00,620.00) startOffset 0 endOffset 11 width 75.00: "just a text"
      LayoutSVGText {text} at (2898,603) size 77x22 contains 1 chunk(s)
        LayoutSVGInlineText {#text} at (2898,603) size 77x22
          chunk 1 text run 1 at (2900.00,620.00) startOffset 0 endOffset 11 width 75.00: "just a text"
      LayoutSVGText {text} at (2998,603) size 77x22 contains 1 chunk(s)
        LayoutSVGInlineText {#text} at (2998,603) size 77x22
          chunk 1 text run 1 at (3000.00,620.00) startOffset 0 endOffset 11 width 75.00: "just a text"
      LayoutSVGText {text} at (3098,603) size 77x22 contains 1 chunk(s)
        LayoutSVGInlineText {#text} at (3098,603) size 77x22
          chunk 1 text run 1 at (3100.00,620.00) startOffset 0 endOffset 11 width 75.00: "just a text"
      LayoutSVGText {text} at (3198,603) size 77x22 contains 1 chunk(s)
        LayoutSVGInlineText {#text} at (3198,603) size 77x22
          chunk 1 text run 1 at (3200.00,620.00) startOffset 0 endOffset 11 width 75.00: "just a text"
      LayoutSVGText {text} at (3298,603) size 77x22 contains 1 chunk(s)
        LayoutSVGInlineText {#text} at (3298,603) size 77x22
          chunk 1 text run 1 at (3300.00,620.00) startOffset 0 endOffset 11 width 75.00: "just a text"
      LayoutSVGText {text} at (3398,603) size 77x22 contains 1 chunk(s)
        LayoutSVGInlineText {#text} at (3398,603) size 77x22
          chunk 1 text run 1 at (3400.00,620.00) startOffset 0 endOffset 11 width 75.00: "just a text"
      LayoutSVGText {text} at (3498,603) size 77x22 contains 1 chunk(s)
        LayoutSVGInlineText {#text} at (3498,603) size 77x22
          chunk 1 text run 1 at (3500.00,620.00) startOffset 0 endOffset 11 width 75.00: "just a text"
      LayoutSVGText {text} at (3598,603) size 77x22 contains 1 chunk(s)
        LayoutSVGInlineText {#text} at (3598,603) size 77x22
          chunk 1 text run 1 at (3600.00,620.00) startOffset 0 endOffset 11 width 75.00: "just a text"
      LayoutSVGText {text} at (3698,603) size 77x22 contains 1 chunk(s)
        LayoutSVGInlineText {#text} at (3698,603) size 77x22
          chunk 1 text run 1 at (3700.00,620.00) startOffset 0 endOffset 11 width 75.00: "just a text"
      LayoutSVGText {text} at (3798,603) size 77x22 contains 1 chunk(s)
        LayoutSVGInlineText {#text} at (3798,603) size 77x22
          chunk 1 text run 1 at (3800.00,620.00) startOffset 0 endOffset 11 width 75.00: "just a text"
      LayoutSVGText {text} at (3898,603) size 77x22 contains 1 chunk(s)
        LayoutSVGInlineText {#text} at (3898,603) size 77x22
          chunk 1 text run 1 at (3900.00,620.00) startOffset 0 endOffset 11 width 75.00: "just a text"
      LayoutSVGText {text} at (3998,603) size 77x22 contains 1 chunk(s)
        LayoutSVGInlineText {#text} at (3998,603) size 77x22
          chunk 1 text run 1 at (4000.00,620.00) startOffset 0 endOffset 11 width 75.00: "just a text"
      LayoutSVGText {text} at (4098,603) size 77x22 contains 1 chunk(s)
        LayoutSVGInlineText {#text} at (4098,603) size 77x22
          chunk 1 text run 1 at (4100.00,620.00) startOffset 0 endOffset 11 width 75.00: "just a text"
      LayoutSVGText {text} at (4198,603) size 77x22 contains 1 chunk(s)
        LayoutSVGInlineText {#text} at (4198,603) size 77x22
          chunk 1 text run 1 at (4200.00,620.00) startOffset 0 endOffset 11 width 75.00: "just a text"
      LayoutSVGText {text} at (4298,603) size 77x22 contains 1 chunk(s)
        LayoutSVGInlineText {#text} at (4298,603) size 77x22
          chunk 1 text run 1 at (4300.00,620.00) startOffset 0 endOffset 11 width 75.00: "just a text"
      LayoutSVGText {text} at (4398,603) size 77x22 contains 1 chunk(s)
        LayoutSVGInlineText {#text} at (4398,603) size 77x22
          chunk 1 text run 1 at (4400.00,620.00) startOffset 0 endOffset 11 width 75.00: "just a text"
      LayoutSVGText {text} at (4498,603) size 77x22 contains 1 chunk(s)
        LayoutSVGInlineText {#text} at (4498,603) size 77x22
          chunk 1 text run 1 at (4500.00,620.00) startOffset 0 endOffset 11 width 75.00: "just a text"
      LayoutSVGText {text} at (4598,603) size 77x22 contains 1 chunk(s)
        LayoutSVGInlineText {#text} at (4598,603) size 77x22
          chunk 1 text run 1 at (4600.00,620.00) startOffset 0 endOffset 11 width 75.00: "just a text"
      LayoutSVGText {text} at (4698,603) size 77x22 contains 1 chunk(s)
        LayoutSVGInlineText {#text} at (4698,603) size 77x22
          chunk 1 text run 1 at (4700.00,620.00) startOffset 0 endOffset 11 width 75.00: "just a text"
      LayoutSVGText {text} at (4798,603) size 77x22 contains 1 chunk(s)
        LayoutSVGInlineText {#text} at (4798,603) size 77x22
          chunk 1 text run 1 at (4800.00,620.00) startOffset 0 endOffset 11 width 75.00: "just a text"
      LayoutSVGText {text} at (4898,603) size 77x22 contains 1 chunk(s)
        LayoutSVGInlineText {#text} at (4898,603) size 77x22
          chunk 1 text run 1 at (4900.00,620.00) startOffset 0 endOffset 11 width 75.00: "just a text"
      LayoutSVGText {text} at (-2,703) size 77x22 contains 1 chunk(s)
        LayoutSVGInlineText {#text} at (-2,703) size 77x22
          chunk 1 text run 1 at (0.00,720.00) startOffset 0 endOffset 11 width 75.00: "just a text"
      LayoutSVGText {text} at (98,703) size 77x22 contains 1 chunk(s)
        LayoutSVGInlineText {#text} at (98,703) size 77x22
          chunk 1 text run 1 at (100.00,720.00) startOffset 0 endOffset 11 width 75.00: "just a text"
      LayoutSVGText {text} at (198,703) size 77x22 contains 1 chunk(s)
        LayoutSVGInlineText {#text} at (198,703) size 77x22
          chunk 1 text run 1 at (200.00,720.00) startOffset 0 endOffset 11 width 75.00: "just a text"
      LayoutSVGText {text} at (298,703) size 77x22 contains 1 chunk(s)
        LayoutSVGInlineText {#text} at (298,703) size 77x22
          chunk 1 text run 1 at (300.00,720.00) startOffset 0 endOffset 11 width 75.00: "just a text"
      LayoutSVGText {text} at (398,703) size 77x22 contains 1 chunk(s)
        LayoutSVGInlineText {#text} at (398,703) size 77x22
          chunk 1 text run 1 at (400.00,720.00) startOffset 0 endOffset 11 width 75.00: "just a text"
      LayoutSVGText {text} at (498,703) size 77x22 contains 1 chunk(s)
        LayoutSVGInlineText {#text} at (498,703) size 77x22
          chunk 1 text run 1 at (500.00,720.00) startOffset 0 endOffset 11 width 75.00: "just a text"
      LayoutSVGText {text} at (598,703) size 77x22 contains 1 chunk(s)
        LayoutSVGInlineText {#text} at (598,703) size 77x22
          chunk 1 text run 1 at (600.00,720.00) startOffset 0 endOffset 11 width 75.00: "just a text"
      LayoutSVGText {text} at (698,703) size 77x22 contains 1 chunk(s)
        LayoutSVGInlineText {#text} at (698,703) size 77x22
          chunk 1 text run 1 at (700.00,720.00) startOffset 0 endOffset 11 width 75.00: "just a text"
      LayoutSVGText {text} at (798,703) size 77x22 contains 1 chunk(s)
        LayoutSVGInlineText {#text} at (798,703) size 77x22
          chunk 1 text run 1 at (800.00,720.00) startOffset 0 endOffset 11 width 75.00: "just a text"
      LayoutSVGText {text} at (898,703) size 77x22 contains 1 chunk(s)
        LayoutSVGInlineText {#text} at (898,703) size 77x22
          chunk 1 text run 1 at (900.00,720.00) startOffset 0 endOffset 11 width 75.00: "just a text"
      LayoutSVGText {text} at (998,703) size 77x22 contains 1 chunk(s)
        LayoutSVGInlineText {#text} at (998,703) size 77x22
          chunk 1 text run 1 at (1000.00,720.00) startOffset 0 endOffset 11 width 75.00: "just a text"
      LayoutSVGText {text} at (1098,703) size 77x22 contains 1 chunk(s)
        LayoutSVGInlineText {#text} at (1098,703) size 77x22
          chunk 1 text run 1 at (1100.00,720.00) startOffset 0 endOffset 11 width 75.00: "just a text"
      LayoutSVGText {text} at (1198,703) size 77x22 contains 1 chunk(s)
        LayoutSVGInlineText {#text} at (1198,703) size 77x22
          chunk 1 text run 1 at (1200.00,720.00) startOffset 0 endOffset 11 width 75.00: "just a text"
      LayoutSVGText {text} at (1298,703) size 77x22 contains 1 chunk(s)
        LayoutSVGInlineText {#text} at (1298,703) size 77x22
          chunk 1 text run 1 at (1300.00,720.00) startOffset 0 endOffset 11 width 75.00: "just a text"
      LayoutSVGText {text} at (1398,703) size 77x22 contains 1 chunk(s)
        LayoutSVGInlineText {#text} at (1398,703) size 77x22
          chunk 1 text run 1 at (1400.00,720.00) startOffset 0 endOffset 11 width 75.00: "just a text"
      LayoutSVGText {text} at (1498,703) size 77x22 contains 1 chunk(s)
        LayoutSVGInlineText {#text} at (1498,703) size 77x22
          chunk 1 text run 1 at (1500.00,720.00) startOffset 0 endOffset 11 width 75.00: "just a text"
      LayoutSVGText {text} at (1598,703) size 77x22 contains 1 chunk(s)
        LayoutSVGInlineText {#text} at (1598,703) size 77x22
          chunk 1 text run 1 at (1600.00,720.00) startOffset 0 endOffset 11 width 75.00: "just a text"
      LayoutSVGText {text} at (1698,703) size 77x22 contains 1 chunk(s)
        LayoutSVGInlineText {#text} at (1698,703) size 77x22
          chunk 1 text run 1 at (1700.00,720.00) startOffset 0 endOffset 11 width 75.00: "just a text"
      LayoutSVGText {text} at (1798,703) size 77x22 contains 1 chunk(s)
        LayoutSVGInlineText {#text} at (1798,703) size 77x22
          chunk 1 text run 1 at (1800.00,720.00) startOffset 0 endOffset 11 width 75.00: "just a text"
      LayoutSVGText {text} at (1898,703) size 77x22 contains 1 chunk(s)
        LayoutSVGInlineText {#text} at (1898,703) size 77x22
          chunk 1 text run 1 at (1900.00,720.00) startOffset 0 endOffset 11 width 75.00: "just a text"
      LayoutSVGText {text} at (1998,703) size 77x22 contains 1 chunk(s)
        LayoutSVGInlineText {#text} at (1998,703) size 77x22
          chunk 1 text run 1 at (2000.00,720.00) startOffset 0 endOffset 11 width 75.00: "just a text"
      LayoutSVGText {text} at (2098,703) size 77x22 contains 1 chunk(s)
        LayoutSVGInlineText {#text} at (2098,703) size 77x22
          chunk 1 text run 1 at (2100.00,720.00) startOffset 0 endOffset 11 width 75.00: "just a text"
      LayoutSVGText {text} at (2198,703) size 77x22 contains 1 chunk(s)
        LayoutSVGInlineText {#text} at (2198,703) size 77x22
          chunk 1 text run 1 at (2200.00,720.00) startOffset 0 endOffset 11 width 75.00: "just a text"
      LayoutSVGText {text} at (2298,703) size 77x22 contains 1 chunk(s)
        LayoutSVGInlineText {#text} at (2298,703) size 77x22
          chunk 1 text run 1 at (2300.00,720.00) startOffset 0 endOffset 11 width 75.00: "just a text"
      LayoutSVGText {text} at (2398,703) size 77x22 contains 1 chunk(s)
        LayoutSVGInlineText {#text} at (2398,703) size 77x22
          chunk 1 text run 1 at (2400.00,720.00) startOffset 0 endOffset 11 width 75.00: "just a text"
      LayoutSVGText {text} at (2498,703) size 77x22 contains 1 chunk(s)
        LayoutSVGInlineText {#text} at (2498,703) size 77x22
          chunk 1 text run 1 at (2500.00,720.00) startOffset 0 endOffset 11 width 75.00: "just a text"
      LayoutSVGText {text} at (2598,703) size 77x22 contains 1 chunk(s)
        LayoutSVGInlineText {#text} at (2598,703) size 77x22
          chunk 1 text run 1 at (2600.00,720.00) startOffset 0 endOffset 11 width 75.00: "just a text"
      LayoutSVGText {text} at (2698,703) size 77x22 contains 1 chunk(s)
        LayoutSVGInlineText {#text} at (2698,703) size 77x22
          chunk 1 text run 1 at (2700.00,720.00) startOffset 0 endOffset 11 width 75.00: "just a text"
      LayoutSVGText {text} at (2798,703) size 77x22 contains 1 chunk(s)
        LayoutSVGInlineText {#text} at (2798,703) size 77x22
          chunk 1 text run 1 at (2800.00,720.00) startOffset 0 endOffset 11 width 75.00: "just a text"
      LayoutSVGText {text} at (2898,703) size 77x22 contains 1 chunk(s)
        LayoutSVGInlineText {#text} at (2898,703) size 77x22
          chunk 1 text run 1 at (2900.00,720.00) startOffset 0 endOffset 11 width 75.00: "just a text"
      LayoutSVGText {text} at (2998,703) size 77x22 contains 1 chunk(s)
        LayoutSVGInlineText {#text} at (2998,703) size 77x22
          chunk 1 text run 1 at (3000.00,720.00) startOffset 0 endOffset 11 width 75.00: "just a text"
      LayoutSVGText {text} at (3098,703) size 77x22 contains 1 chunk(s)
        LayoutSVGInlineText {#text} at (3098,703) size 77x22
          chunk 1 text run 1 at (3100.00,720.00) startOffset 0 endOffset 11 width 75.00: "just a text"
      LayoutSVGText {text} at (3198,703) size 77x22 contains 1 chunk(s)
        LayoutSVGInlineText {#text} at (3198,703) size 77x22
          chunk 1 text run 1 at (3200.00,720.00) startOffset 0 endOffset 11 width 75.00: "just a text"
      LayoutSVGText {text} at (3298,703) size 77x22 contains 1 chunk(s)
        LayoutSVGInlineText {#text} at (3298,703) size 77x22
          chunk 1 text run 1 at (3300.00,720.00) startOffset 0 endOffset 11 width 75.00: "just a text"
      LayoutSVGText {text} at (3398,703) size 77x22 contains 1 chunk(s)
        LayoutSVGInlineText {#text} at (3398,703) size 77x22
          chunk 1 text run 1 at (3400.00,720.00) startOffset 0 endOffset 11 width 75.00: "just a text"
      LayoutSVGText {text} at (3498,703) size 77x22 contains 1 chunk(s)
        LayoutSVGInlineText {#text} at (3498,703) size 77x22
          chunk 1 text run 1 at (3500.00,720.00) startOffset 0 endOffset 11 width 75.00: "just a text"
      LayoutSVGText {text} at (3598,703) size 77x22 contains 1 chunk(s)
        LayoutSVGInlineText {#text} at (3598,703) size 77x22
          chunk 1 text run 1 at (3600.00,720.00) startOffset 0 endOffset 11 width 75.00: "just a text"
      LayoutSVGText {text} at (3698,703) size 77x22 contains 1 chunk(s)
        LayoutSVGInlineText {#text} at (3698,703) size 77x22
          chunk 1 text run 1 at (3700.00,720.00) startOffset 0 endOffset 11 width 75.00: "just a text"
      LayoutSVGText {text} at (3798,703) size 77x22 contains 1 chunk(s)
        LayoutSVGInlineText {#text} at (3798,703) size 77x22
          chunk 1 text run 1 at (3800.00,720.00) startOffset 0 endOffset 11 width 75.00: "just a text"
      LayoutSVGText {text} at (3898,703) size 77x22 contains 1 chunk(s)
        LayoutSVGInlineText {#text} at (3898,703) size 77x22
          chunk 1 text run 1 at (3900.00,720.00) startOffset 0 endOffset 11 width 75.00: "just a text"
      LayoutSVGText {text} at (3998,703) size 77x22 contains 1 chunk(s)
        LayoutSVGInlineText {#text} at (3998,703) size 77x22
          chunk 1 text run 1 at (4000.00,720.00) startOffset 0 endOffset 11 width 75.00: "just a text"
      LayoutSVGText {text} at (4098,703) size 77x22 contains 1 chunk(s)
        LayoutSVGInlineText {#text} at (4098,703) size 77x22
          chunk 1 text run 1 at (4100.00,720.00) startOffset 0 endOffset 11 width 75.00: "just a text"
      LayoutSVGText {text} at (4198,703) size 77x22 contains 1 chunk(s)
        LayoutSVGInlineText {#text} at (4198,703) size 77x22
          chunk 1 text run 1 at (4200.00,720.00) startOffset 0 endOffset 11 width 75.00: "just a text"
      LayoutSVGText {text} at (4298,703) size 77x22 contains 1 chunk(s)
        LayoutSVGInlineText {#text} at (4298,703) size 77x22
          chunk 1 text run 1 at (4300.00,720.00) startOffset 0 endOffset 11 width 75.00: "just a text"
      LayoutSVGText {text} at (4398,703) size 77x22 contains 1 chunk(s)
        LayoutSVGInlineText {#text} at (4398,703) size 77x22
          chunk 1 text run 1 at (4400.00,720.00) startOffset 0 endOffset 11 width 75.00: "just a text"
      LayoutSVGText {text} at (4498,703) size 77x22 contains 1 chunk(s)
        LayoutSVGInlineText {#text} at (4498,703) size 77x22
          chunk 1 text run 1 at (4500.00,720.00) startOffset 0 endOffset 11 width 75.00: "just a text"
      LayoutSVGText {text} at (4598,703) size 77x22 contains 1 chunk(s)
        LayoutSVGInlineText {#text} at (4598,703) size 77x22
          chunk 1 text run 1 at (4600.00,720.00) startOffset 0 endOffset 11 width 75.00: "just a text"
      LayoutSVGText {text} at (4698,703) size 77x22 contains 1 chunk(s)
        LayoutSVGInlineText {#text} at (4698,703) size 77x22
          chunk 1 text run 1 at (4700.00,720.00) startOffset 0 endOffset 11 width 75.00: "just a text"
      LayoutSVGText {text} at (4798,703) size 77x22 contains 1 chunk(s)
        LayoutSVGInlineText {#text} at (4798,703) size 77x22
          chunk 1 text run 1 at (4800.00,720.00) startOffset 0 endOffset 11 width 75.00: "just a text"
      LayoutSVGText {text} at (4898,703) size 77x22 contains 1 chunk(s)
        LayoutSVGInlineText {#text} at (4898,703) size 77x22
          chunk 1 text run 1 at (4900.00,720.00) startOffset 0 endOffset 11 width 75.00: "just a text"
      LayoutSVGText {text} at (-2,803) size 77x22 contains 1 chunk(s)
        LayoutSVGInlineText {#text} at (-2,803) size 77x22
          chunk 1 text run 1 at (0.00,820.00) startOffset 0 endOffset 11 width 75.00: "just a text"
      LayoutSVGText {text} at (98,803) size 77x22 contains 1 chunk(s)
        LayoutSVGInlineText {#text} at (98,803) size 77x22
          chunk 1 text run 1 at (100.00,820.00) startOffset 0 endOffset 11 width 75.00: "just a text"
      LayoutSVGText {text} at (198,803) size 77x22 contains 1 chunk(s)
        LayoutSVGInlineText {#text} at (198,803) size 77x22
          chunk 1 text run 1 at (200.00,820.00) startOffset 0 endOffset 11 width 75.00: "just a text"
      LayoutSVGText {text} at (298,803) size 77x22 contains 1 chunk(s)
        LayoutSVGInlineText {#text} at (298,803) size 77x22
          chunk 1 text run 1 at (300.00,820.00) startOffset 0 endOffset 11 width 75.00: "just a text"
      LayoutSVGText {text} at (398,803) size 77x22 contains 1 chunk(s)
        LayoutSVGInlineText {#text} at (398,803) size 77x22
          chunk 1 text run 1 at (400.00,820.00) startOffset 0 endOffset 11 width 75.00: "just a text"
      LayoutSVGText {text} at (498,803) size 77x22 contains 1 chunk(s)
        LayoutSVGInlineText {#text} at (498,803) size 77x22
          chunk 1 text run 1 at (500.00,820.00) startOffset 0 endOffset 11 width 75.00: "just a text"
      LayoutSVGText {text} at (598,803) size 77x22 contains 1 chunk(s)
        LayoutSVGInlineText {#text} at (598,803) size 77x22
          chunk 1 text run 1 at (600.00,820.00) startOffset 0 endOffset 11 width 75.00: "just a text"
      LayoutSVGText {text} at (698,803) size 77x22 contains 1 chunk(s)
        LayoutSVGInlineText {#text} at (698,803) size 77x22
          chunk 1 text run 1 at (700.00,820.00) startOffset 0 endOffset 11 width 75.00: "just a text"
      LayoutSVGText {text} at (798,803) size 77x22 contains 1 chunk(s)
        LayoutSVGInlineText {#text} at (798,803) size 77x22
          chunk 1 text run 1 at (800.00,820.00) startOffset 0 endOffset 11 width 75.00: "just a text"
      LayoutSVGText {text} at (898,803) size 77x22 contains 1 chunk(s)
        LayoutSVGInlineText {#text} at (898,803) size 77x22
          chunk 1 text run 1 at (900.00,820.00) startOffset 0 endOffset 11 width 75.00: "just a text"
      LayoutSVGText {text} at (998,803) size 77x22 contains 1 chunk(s)
        LayoutSVGInlineText {#text} at (998,803) size 77x22
          chunk 1 text run 1 at (1000.00,820.00) startOffset 0 endOffset 11 width 75.00: "just a text"
      LayoutSVGText {text} at (1098,803) size 77x22 contains 1 chunk(s)
        LayoutSVGInlineText {#text} at (1098,803) size 77x22
          chunk 1 text run 1 at (1100.00,820.00) startOffset 0 endOffset 11 width 75.00: "just a text"
      LayoutSVGText {text} at (1198,803) size 77x22 contains 1 chunk(s)
        LayoutSVGInlineText {#text} at (1198,803) size 77x22
          chunk 1 text run 1 at (1200.00,820.00) startOffset 0 endOffset 11 width 75.00: "just a text"
      LayoutSVGText {text} at (1298,803) size 77x22 contains 1 chunk(s)
        LayoutSVGInlineText {#text} at (1298,803) size 77x22
          chunk 1 text run 1 at (1300.00,820.00) startOffset 0 endOffset 11 width 75.00: "just a text"
      LayoutSVGText {text} at (1398,803) size 77x22 contains 1 chunk(s)
        LayoutSVGInlineText {#text} at (1398,803) size 77x22
          chunk 1 text run 1 at (1400.00,820.00) startOffset 0 endOffset 11 width 75.00: "just a text"
      LayoutSVGText {text} at (1498,803) size 77x22 contains 1 chunk(s)
        LayoutSVGInlineText {#text} at (1498,803) size 77x22
          chunk 1 text run 1 at (1500.00,820.00) startOffset 0 endOffset 11 width 75.00: "just a text"
      LayoutSVGText {text} at (1598,803) size 77x22 contains 1 chunk(s)
        LayoutSVGInlineText {#text} at (1598,803) size 77x22
          chunk 1 text run 1 at (1600.00,820.00) startOffset 0 endOffset 11 width 75.00: "just a text"
      LayoutSVGText {text} at (1698,803) size 77x22 contains 1 chunk(s)
        LayoutSVGInlineText {#text} at (1698,803) size 77x22
          chunk 1 text run 1 at (1700.00,820.00) startOffset 0 endOffset 11 width 75.00: "just a text"
      LayoutSVGText {text} at (1798,803) size 77x22 contains 1 chunk(s)
        LayoutSVGInlineText {#text} at (1798,803) size 77x22
          chunk 1 text run 1 at (1800.00,820.00) startOffset 0 endOffset 11 width 75.00: "just a text"
      LayoutSVGText {text} at (1898,803) size 77x22 contains 1 chunk(s)
        LayoutSVGInlineText {#text} at (1898,803) size 77x22
          chunk 1 text run 1 at (1900.00,820.00) startOffset 0 endOffset 11 width 75.00: "just a text"
      LayoutSVGText {text} at (1998,803) size 77x22 contains 1 chunk(s)
        LayoutSVGInlineText {#text} at (1998,803) size 77x22
          chunk 1 text run 1 at (2000.00,820.00) startOffset 0 endOffset 11 width 75.00: "just a text"
      LayoutSVGText {text} at (2098,803) size 77x22 contains 1 chunk(s)
        LayoutSVGInlineText {#text} at (2098,803) size 77x22
          chunk 1 text run 1 at (2100.00,820.00) startOffset 0 endOffset 11 width 75.00: "just a text"
      LayoutSVGText {text} at (2198,803) size 77x22 contains 1 chunk(s)
        LayoutSVGInlineText {#text} at (2198,803) size 77x22
          chunk 1 text run 1 at (2200.00,820.00) startOffset 0 endOffset 11 width 75.00: "just a text"
      LayoutSVGText {text} at (2298,803) size 77x22 contains 1 chunk(s)
        LayoutSVGInlineText {#text} at (2298,803) size 77x22
          chunk 1 text run 1 at (2300.00,820.00) startOffset 0 endOffset 11 width 75.00: "just a text"
      LayoutSVGText {text} at (2398,803) size 77x22 contains 1 chunk(s)
        LayoutSVGInlineText {#text} at (2398,803) size 77x22
          chunk 1 text run 1 at (2400.00,820.00) startOffset 0 endOffset 11 width 75.00: "just a text"
      LayoutSVGText {text} at (2498,803) size 77x22 contains 1 chunk(s)
        LayoutSVGInlineText {#text} at (2498,803) size 77x22
          chunk 1 text run 1 at (2500.00,820.00) startOffset 0 endOffset 11 width 75.00: "just a text"
      LayoutSVGText {text} at (2598,803) size 77x22 contains 1 chunk(s)
        LayoutSVGInlineText {#text} at (2598,803) size 77x22
          chunk 1 text run 1 at (2600.00,820.00) startOffset 0 endOffset 11 width 75.00: "just a text"
      LayoutSVGText {text} at (2698,803) size 77x22 contains 1 chunk(s)
        LayoutSVGInlineText {#text} at (2698,803) size 77x22
          chunk 1 text run 1 at (2700.00,820.00) startOffset 0 endOffset 11 width 75.00: "just a text"
      LayoutSVGText {text} at (2798,803) size 77x22 contains 1 chunk(s)
        LayoutSVGInlineText {#text} at (2798,803) size 77x22
          chunk 1 text run 1 at (2800.00,820.00) startOffset 0 endOffset 11 width 75.00: "just a text"
      LayoutSVGText {text} at (2898,803) size 77x22 contains 1 chunk(s)
        LayoutSVGInlineText {#text} at (2898,803) size 77x22
          chunk 1 text run 1 at (2900.00,820.00) startOffset 0 endOffset 11 width 75.00: "just a text"
      LayoutSVGText {text} at (2998,803) size 77x22 contains 1 chunk(s)
        LayoutSVGInlineText {#text} at (2998,803) size 77x22
          chunk 1 text run 1 at (3000.00,820.00) startOffset 0 endOffset 11 width 75.00: "just a text"
      LayoutSVGText {text} at (3098,803) size 77x22 contains 1 chunk(s)
        LayoutSVGInlineText {#text} at (3098,803) size 77x22
          chunk 1 text run 1 at (3100.00,820.00) startOffset 0 endOffset 11 width 75.00: "just a text"
      LayoutSVGText {text} at (3198,803) size 77x22 contains 1 chunk(s)
        LayoutSVGInlineText {#text} at (3198,803) size 77x22
          chunk 1 text run 1 at (3200.00,820.00) startOffset 0 endOffset 11 width 75.00: "just a text"
      LayoutSVGText {text} at (3298,803) size 77x22 contains 1 chunk(s)
        LayoutSVGInlineText {#text} at (3298,803) size 77x22
          chunk 1 text run 1 at (3300.00,820.00) startOffset 0 endOffset 11 width 75.00: "just a text"
      LayoutSVGText {text} at (3398,803) size 77x22 contains 1 chunk(s)
        LayoutSVGInlineText {#text} at (3398,803) size 77x22
          chunk 1 text run 1 at (3400.00,820.00) startOffset 0 endOffset 11 width 75.00: "just a text"
      LayoutSVGText {text} at (3498,803) size 77x22 contains 1 chunk(s)
        LayoutSVGInlineText {#text} at (3498,803) size 77x22
          chunk 1 text run 1 at (3500.00,820.00) startOffset 0 endOffset 11 width 75.00: "just a text"
      LayoutSVGText {text} at (3598,803) size 77x22 contains 1 chunk(s)
        LayoutSVGInlineText {#text} at (3598,803) size 77x22
          chunk 1 text run 1 at (3600.00,820.00) startOffset 0 endOffset 11 width 75.00: "just a text"
      LayoutSVGText {text} at (3698,803) size 77x22 contains 1 chunk(s)
        LayoutSVGInlineText {#text} at (3698,803) size 77x22
          chunk 1 text run 1 at (3700.00,820.00) startOffset 0 endOffset 11 width 75.00: "just a text"
      LayoutSVGText {text} at (3798,803) size 77x22 contains 1 chunk(s)
        LayoutSVGInlineText {#text} at (3798,803) size 77x22
          chunk 1 text run 1 at (3800.00,820.00) startOffset 0 endOffset 11 width 75.00: "just a text"
      LayoutSVGText {text} at (3898,803) size 77x22 contains 1 chunk(s)
        LayoutSVGInlineText {#text} at (3898,803) size 77x22
          chunk 1 text run 1 at (3900.00,820.00) startOffset 0 endOffset 11 width 75.00: "just a text"
      LayoutSVGText {text} at (3998,803) size 77x22 contains 1 chunk(s)
        LayoutSVGInlineText {#text} at (3998,803) size 77x22
          chunk 1 text run 1 at (4000.00,820.00) startOffset 0 endOffset 11 width 75.00: "just a text"
      LayoutSVGText {text} at (4098,803) size 77x22 contains 1 chunk(s)
        LayoutSVGInlineText {#text} at (4098,803) size 77x22
          chunk 1 text run 1 at (4100.00,820.00) startOffset 0 endOffset 11 width 75.00: "just a text"
      LayoutSVGText {text} at (4198,803) size 77x22 contains 1 chunk(s)
        LayoutSVGInlineText {#text} at (4198,803) size 77x22
          chunk 1 text run 1 at (4200.00,820.00) startOffset 0 endOffset 11 width 75.00: "just a text"
      LayoutSVGText {text} at (4298,803) size 77x22 contains 1 chunk(s)
        LayoutSVGInlineText {#text} at (4298,803) size 77x22
          chunk 1 text run 1 at (4300.00,820.00) startOffset 0 endOffset 11 width 75.00: "just a text"
      LayoutSVGText {text} at (4398,803) size 77x22 contains 1 chunk(s)
        LayoutSVGInlineText {#text} at (4398,803) size 77x22
          chunk 1 text run 1 at (4400.00,820.00) startOffset 0 endOffset 11 width 75.00: "just a text"
      LayoutSVGText {text} at (4498,803) size 77x22 contains 1 chunk(s)
        LayoutSVGInlineText {#text} at (4498,803) size 77x22
          chunk 1 text run 1 at (4500.00,820.00) startOffset 0 endOffset 11 width 75.00: "just a text"
      LayoutSVGText {text} at (4598,803) size 77x22 contains 1 chunk(s)
        LayoutSVGInlineText {#text} at (4598,803) size 77x22
          chunk 1 text run 1 at (4600.00,820.00) startOffset 0 endOffset 11 width 75.00: "just a text"
      LayoutSVGText {text} at (4698,803) size 77x22 contains 1 chunk(s)
        LayoutSVGInlineText {#text} at (4698,803) size 77x22
          chunk 1 text run 1 at (4700.00,820.00) startOffset 0 endOffset 11 width 75.00: "just a text"
      LayoutSVGText {text} at (4798,803) size 77x22 contains 1 chunk(s)
        LayoutSVGInlineText {#text} at (4798,803) size 77x22
          chunk 1 text run 1 at (4800.00,820.00) startOffset 0 endOffset 11 width 75.00: "just a text"
      LayoutSVGText {text} at (4898,803) size 77x22 contains 1 chunk(s)
        LayoutSVGInlineText {#text} at (4898,803) size 77x22
          chunk 1 text run 1 at (4900.00,820.00) startOffset 0 endOffset 11 width 75.00: "just a text"
      LayoutSVGText {text} at (-2,903) size 77x22 contains 1 chunk(s)
        LayoutSVGInlineText {#text} at (-2,903) size 77x22
          chunk 1 text run 1 at (0.00,920.00) startOffset 0 endOffset 11 width 75.00: "just a text"
      LayoutSVGText {text} at (98,903) size 77x22 contains 1 chunk(s)
        LayoutSVGInlineText {#text} at (98,903) size 77x22
          chunk 1 text run 1 at (100.00,920.00) startOffset 0 endOffset 11 width 75.00: "just a text"
      LayoutSVGText {text} at (198,903) size 77x22 contains 1 chunk(s)
        LayoutSVGInlineText {#text} at (198,903) size 77x22
          chunk 1 text run 1 at (200.00,920.00) startOffset 0 endOffset 11 width 75.00: "just a text"
      LayoutSVGText {text} at (298,903) size 77x22 contains 1 chunk(s)
        LayoutSVGInlineText {#text} at (298,903) size 77x22
          chunk 1 text run 1 at (300.00,920.00) startOffset 0 endOffset 11 width 75.00: "just a text"
      LayoutSVGText {text} at (398,903) size 77x22 contains 1 chunk(s)
        LayoutSVGInlineText {#text} at (398,903) size 77x22
          chunk 1 text run 1 at (400.00,920.00) startOffset 0 endOffset 11 width 75.00: "just a text"
      LayoutSVGText {text} at (498,903) size 77x22 contains 1 chunk(s)
        LayoutSVGInlineText {#text} at (498,903) size 77x22
          chunk 1 text run 1 at (500.00,920.00) startOffset 0 endOffset 11 width 75.00: "just a text"
      LayoutSVGText {text} at (598,903) size 77x22 contains 1 chunk(s)
        LayoutSVGInlineText {#text} at (598,903) size 77x22
          chunk 1 text run 1 at (600.00,920.00) startOffset 0 endOffset 11 width 75.00: "just a text"
      LayoutSVGText {text} at (698,903) size 77x22 contains 1 chunk(s)
        LayoutSVGInlineText {#text} at (698,903) size 77x22
          chunk 1 text run 1 at (700.00,920.00) startOffset 0 endOffset 11 width 75.00: "just a text"
      LayoutSVGText {text} at (798,903) size 77x22 contains 1 chunk(s)
        LayoutSVGInlineText {#text} at (798,903) size 77x22
          chunk 1 text run 1 at (800.00,920.00) startOffset 0 endOffset 11 width 75.00: "just a text"
      LayoutSVGText {text} at (898,903) size 77x22 contains 1 chunk(s)
        LayoutSVGInlineText {#text} at (898,903) size 77x22
          chunk 1 text run 1 at (900.00,920.00) startOffset 0 endOffset 11 width 75.00: "just a text"
      LayoutSVGText {text} at (998,903) size 77x22 contains 1 chunk(s)
        LayoutSVGInlineText {#text} at (998,903) size 77x22
          chunk 1 text run 1 at (1000.00,920.00) startOffset 0 endOffset 11 width 75.00: "just a text"
      LayoutSVGText {text} at (1098,903) size 77x22 contains 1 chunk(s)
        LayoutSVGInlineText {#text} at (1098,903) size 77x22
          chunk 1 text run 1 at (1100.00,920.00) startOffset 0 endOffset 11 width 75.00: "just a text"
      LayoutSVGText {text} at (1198,903) size 77x22 contains 1 chunk(s)
        LayoutSVGInlineText {#text} at (1198,903) size 77x22
          chunk 1 text run 1 at (1200.00,920.00) startOffset 0 endOffset 11 width 75.00: "just a text"
      LayoutSVGText {text} at (1298,903) size 77x22 contains 1 chunk(s)
        LayoutSVGInlineText {#text} at (1298,903) size 77x22
          chunk 1 text run 1 at (1300.00,920.00) startOffset 0 endOffset 11 width 75.00: "just a text"
      LayoutSVGText {text} at (1398,903) size 77x22 contains 1 chunk(s)
        LayoutSVGInlineText {#text} at (1398,903) size 77x22
          chunk 1 text run 1 at (1400.00,920.00) startOffset 0 endOffset 11 width 75.00: "just a text"
      LayoutSVGText {text} at (1498,903) size 77x22 contains 1 chunk(s)
        LayoutSVGInlineText {#text} at (1498,903) size 77x22
          chunk 1 text run 1 at (1500.00,920.00) startOffset 0 endOffset 11 width 75.00: "just a text"
      LayoutSVGText {text} at (1598,903) size 77x22 contains 1 chunk(s)
        LayoutSVGInlineText {#text} at (1598,903) size 77x22
          chunk 1 text run 1 at (1600.00,920.00) startOffset 0 endOffset 11 width 75.00: "just a text"
      LayoutSVGText {text} at (1698,903) size 77x22 contains 1 chunk(s)
        LayoutSVGInlineText {#text} at (1698,903) size 77x22
          chunk 1 text run 1 at (1700.00,920.00) startOffset 0 endOffset 11 width 75.00: "just a text"
      LayoutSVGText {text} at (1798,903) size 77x22 contains 1 chunk(s)
        LayoutSVGInlineText {#text} at (1798,903) size 77x22
          chunk 1 text run 1 at (1800.00,920.00) startOffset 0 endOffset 11 width 75.00: "just a text"
      LayoutSVGText {text} at (1898,903) size 77x22 contains 1 chunk(s)
        LayoutSVGInlineText {#text} at (1898,903) size 77x22
          chunk 1 text run 1 at (1900.00,920.00) startOffset 0 endOffset 11 width 75.00: "just a text"
      LayoutSVGText {text} at (1998,903) size 77x22 contains 1 chunk(s)
        LayoutSVGInlineText {#text} at (1998,903) size 77x22
          chunk 1 text run 1 at (2000.00,920.00) startOffset 0 endOffset 11 width 75.00: "just a text"
      LayoutSVGText {text} at (2098,903) size 77x22 contains 1 chunk(s)
        LayoutSVGInlineText {#text} at (2098,903) size 77x22
          chunk 1 text run 1 at (2100.00,920.00) startOffset 0 endOffset 11 width 75.00: "just a text"
      LayoutSVGText {text} at (2198,903) size 77x22 contains 1 chunk(s)
        LayoutSVGInlineText {#text} at (2198,903) size 77x22
          chunk 1 text run 1 at (2200.00,920.00) startOffset 0 endOffset 11 width 75.00: "just a text"
      LayoutSVGText {text} at (2298,903) size 77x22 contains 1 chunk(s)
        LayoutSVGInlineText {#text} at (2298,903) size 77x22
          chunk 1 text run 1 at (2300.00,920.00) startOffset 0 endOffset 11 width 75.00: "just a text"
      LayoutSVGText {text} at (2398,903) size 77x22 contains 1 chunk(s)
        LayoutSVGInlineText {#text} at (2398,903) size 77x22
          chunk 1 text run 1 at (2400.00,920.00) startOffset 0 endOffset 11 width 75.00: "just a text"
      LayoutSVGText {text} at (2498,903) size 77x22 contains 1 chunk(s)
        LayoutSVGInlineText {#text} at (2498,903) size 77x22
          chunk 1 text run 1 at (2500.00,920.00) startOffset 0 endOffset 11 width 75.00: "just a text"
      LayoutSVGText {text} at (2598,903) size 77x22 contains 1 chunk(s)
        LayoutSVGInlineText {#text} at (2598,903) size 77x22
          chunk 1 text run 1 at (2600.00,920.00) startOffset 0 endOffset 11 width 75.00: "just a text"
      LayoutSVGText {text} at (2698,903) size 77x22 contains 1 chunk(s)
        LayoutSVGInlineText {#text} at (2698,903) size 77x22
          chunk 1 text run 1 at (2700.00,920.00) startOffset 0 endOffset 11 width 75.00: "just a text"
      LayoutSVGText {text} at (2798,903) size 77x22 contains 1 chunk(s)
        LayoutSVGInlineText {#text} at (2798,903) size 77x22
          chunk 1 text run 1 at (2800.00,920.00) startOffset 0 endOffset 11 width 75.00: "just a text"
      LayoutSVGText {text} at (2898,903) size 77x22 contains 1 chunk(s)
        LayoutSVGInlineText {#text} at (2898,903) size 77x22
          chunk 1 text run 1 at (2900.00,920.00) startOffset 0 endOffset 11 width 75.00: "just a text"
      LayoutSVGText {text} at (2998,903) size 77x22 contains 1 chunk(s)
        LayoutSVGInlineText {#text} at (2998,903) size 77x22
          chunk 1 text run 1 at (3000.00,920.00) startOffset 0 endOffset 11 width 75.00: "just a text"
      LayoutSVGText {text} at (3098,903) size 77x22 contains 1 chunk(s)
        LayoutSVGInlineText {#text} at (3098,903) size 77x22
          chunk 1 text run 1 at (3100.00,920.00) startOffset 0 endOffset 11 width 75.00: "just a text"
      LayoutSVGText {text} at (3198,903) size 77x22 contains 1 chunk(s)
        LayoutSVGInlineText {#text} at (3198,903) size 77x22
          chunk 1 text run 1 at (3200.00,920.00) startOffset 0 endOffset 11 width 75.00: "just a text"
      LayoutSVGText {text} at (3298,903) size 77x22 contains 1 chunk(s)
        LayoutSVGInlineText {#text} at (3298,903) size 77x22
          chunk 1 text run 1 at (3300.00,920.00) startOffset 0 endOffset 11 width 75.00: "just a text"
      LayoutSVGText {text} at (3398,903) size 77x22 contains 1 chunk(s)
        LayoutSVGInlineText {#text} at (3398,903) size 77x22
          chunk 1 text run 1 at (3400.00,920.00) startOffset 0 endOffset 11 width 75.00: "just a text"
      LayoutSVGText {text} at (3498,903) size 77x22 contains 1 chunk(s)
        LayoutSVGInlineText {#text} at (3498,903) size 77x22
          chunk 1 text run 1 at (3500.00,920.00) startOffset 0 endOffset 11 width 75.00: "just a text"
      LayoutSVGText {text} at (3598,903) size 77x22 contains 1 chunk(s)
        LayoutSVGInlineText {#text} at (3598,903) size 77x22
          chunk 1 text run 1 at (3600.00,920.00) startOffset 0 endOffset 11 width 75.00: "just a text"
      LayoutSVGText {text} at (3698,903) size 77x22 contains 1 chunk(s)
        LayoutSVGInlineText {#text} at (3698,903) size 77x22
          chunk 1 text run 1 at (3700.00,920.00) startOffset 0 endOffset 11 width 75.00: "just a text"
      LayoutSVGText {text} at (3798,903) size 77x22 contains 1 chunk(s)
        LayoutSVGInlineText {#text} at (3798,903) size 77x22
          chunk 1 text run 1 at (3800.00,920.00) startOffset 0 endOffset 11 width 75.00: "just a text"
      LayoutSVGText {text} at (3898,903) size 77x22 contains 1 chunk(s)
        LayoutSVGInlineText {#text} at (3898,903) size 77x22
          chunk 1 text run 1 at (3900.00,920.00) startOffset 0 endOffset 11 width 75.00: "just a text"
      LayoutSVGText {text} at (3998,903) size 77x22 contains 1 chunk(s)
        LayoutSVGInlineText {#text} at (3998,903) size 77x22
          chunk 1 text run 1 at (4000.00,920.00) startOffset 0 endOffset 11 width 75.00: "just a text"
      LayoutSVGText {text} at (4098,903) size 77x22 contains 1 chunk(s)
        LayoutSVGInlineText {#text} at (4098,903) size 77x22
          chunk 1 text run 1 at (4100.00,920.00) startOffset 0 endOffset 11 width 75.00: "just a text"
      LayoutSVGText {text} at (4198,903) size 77x22 contains 1 chunk(s)
        LayoutSVGInlineText {#text} at (4198,903) size 77x22
          chunk 1 text run 1 at (4200.00,920.00) startOffset 0 endOffset 11 width 75.00: "just a text"
      LayoutSVGText {text} at (4298,903) size 77x22 contains 1 chunk(s)
        LayoutSVGInlineText {#text} at (4298,903) size 77x22
          chunk 1 text run 1 at (4300.00,920.00) startOffset 0 endOffset 11 width 75.00: "just a text"
      LayoutSVGText {text} at (4398,903) size 77x22 contains 1 chunk(s)
        LayoutSVGInlineText {#text} at (4398,903) size 77x22
          chunk 1 text run 1 at (4400.00,920.00) startOffset 0 endOffset 11 width 75.00: "just a text"
      LayoutSVGText {text} at (4498,903) size 77x22 contains 1 chunk(s)
        LayoutSVGInlineText {#text} at (4498,903) size 77x22
          chunk 1 text run 1 at (4500.00,920.00) startOffset 0 endOffset 11 width 75.00: "just a text"
      LayoutSVGText {text} at (4598,903) size 77x22 contains 1 chunk(s)
        LayoutSVGInlineText {#text} at (4598,903) size 77x22
          chunk 1 text run 1 at (4600.00,920.00) startOffset 0 endOffset 11 width 75.00: "just a text"
      LayoutSVGText {text} at (4698,903) size 77x22 contains 1 chunk(s)
        LayoutSVGInlineText {#text} at (4698,903) size 77x22
          chunk 1 text run 1 at (4700.00,920.00) startOffset 0 endOffset 11 width 75.00: "just a text"
      LayoutSVGText {text} at (4798,903) size 77x22 contains 1 chunk(s)
        LayoutSVGInlineText {#text} at (4798,903) size 77x22
          chunk 1 text run 1 at (4800.00,920.00) startOffset 0 endOffset 11 width 75.00: "just a text"
      LayoutSVGText {text} at (4898,903) size 77x22 contains 1 chunk(s)
        LayoutSVGInlineText {#text} at (4898,903) size 77x22
          chunk 1 text run 1 at (4900.00,920.00) startOffset 0 endOffset 11 width 75.00: "just a text"
      LayoutSVGText {text} at (-2,1003) size 77x22 contains 1 chunk(s)
        LayoutSVGInlineText {#text} at (-2,1003) size 77x22
          chunk 1 text run 1 at (0.00,1020.00) startOffset 0 endOffset 11 width 75.00: "just a text"
      LayoutSVGText {text} at (98,1003) size 77x22 contains 1 chunk(s)
        LayoutSVGInlineText {#text} at (98,1003) size 77x22
          chunk 1 text run 1 at (100.00,1020.00) startOffset 0 endOffset 11 width 75.00: "just a text"
      LayoutSVGText {text} at (198,1003) size 77x22 contains 1 chunk(s)
        LayoutSVGInlineText {#text} at (198,1003) size 77x22
          chunk 1 text run 1 at (200.00,1020.00) startOffset 0 endOffset 11 width 75.00: "just a text"
      LayoutSVGText {text} at (298,1003) size 77x22 contains 1 chunk(s)
        LayoutSVGInlineText {#text} at (298,1003) size 77x22
          chunk 1 text run 1 at (300.00,1020.00) startOffset 0 endOffset 11 width 75.00: "just a text"
      LayoutSVGText {text} at (398,1003) size 77x22 contains 1 chunk(s)
        LayoutSVGInlineText {#text} at (398,1003) size 77x22
          chunk 1 text run 1 at (400.00,1020.00) startOffset 0 endOffset 11 width 75.00: "just a text"
      LayoutSVGText {text} at (498,1003) size 77x22 contains 1 chunk(s)
        LayoutSVGInlineText {#text} at (498,1003) size 77x22
          chunk 1 text run 1 at (500.00,1020.00) startOffset 0 endOffset 11 width 75.00: "just a text"
      LayoutSVGText {text} at (598,1003) size 77x22 contains 1 chunk(s)
        LayoutSVGInlineText {#text} at (598,1003) size 77x22
          chunk 1 text run 1 at (600.00,1020.00) startOffset 0 endOffset 11 width 75.00: "just a text"
      LayoutSVGText {text} at (698,1003) size 77x22 contains 1 chunk(s)
        LayoutSVGInlineText {#text} at (698,1003) size 77x22
          chunk 1 text run 1 at (700.00,1020.00) startOffset 0 endOffset 11 width 75.00: "just a text"
      LayoutSVGText {text} at (798,1003) size 77x22 contains 1 chunk(s)
        LayoutSVGInlineText {#text} at (798,1003) size 77x22
          chunk 1 text run 1 at (800.00,1020.00) startOffset 0 endOffset 11 width 75.00: "just a text"
      LayoutSVGText {text} at (898,1003) size 77x22 contains 1 chunk(s)
        LayoutSVGInlineText {#text} at (898,1003) size 77x22
          chunk 1 text run 1 at (900.00,1020.00) startOffset 0 endOffset 11 width 75.00: "just a text"
      LayoutSVGText {text} at (998,1003) size 77x22 contains 1 chunk(s)
        LayoutSVGInlineText {#text} at (998,1003) size 77x22
          chunk 1 text run 1 at (1000.00,1020.00) startOffset 0 endOffset 11 width 75.00: "just a text"
      LayoutSVGText {text} at (1098,1003) size 77x22 contains 1 chunk(s)
        LayoutSVGInlineText {#text} at (1098,1003) size 77x22
          chunk 1 text run 1 at (1100.00,1020.00) startOffset 0 endOffset 11 width 75.00: "just a text"
      LayoutSVGText {text} at (1198,1003) size 77x22 contains 1 chunk(s)
        LayoutSVGInlineText {#text} at (1198,1003) size 77x22
          chunk 1 text run 1 at (1200.00,1020.00) startOffset 0 endOffset 11 width 75.00: "just a text"
      LayoutSVGText {text} at (1298,1003) size 77x22 contains 1 chunk(s)
        LayoutSVGInlineText {#text} at (1298,1003) size 77x22
          chunk 1 text run 1 at (1300.00,1020.00) startOffset 0 endOffset 11 width 75.00: "just a text"
      LayoutSVGText {text} at (1398,1003) size 77x22 contains 1 chunk(s)
        LayoutSVGInlineText {#text} at (1398,1003) size 77x22
          chunk 1 text run 1 at (1400.00,1020.00) startOffset 0 endOffset 11 width 75.00: "just a text"
      LayoutSVGText {text} at (1498,1003) size 77x22 contains 1 chunk(s)
        LayoutSVGInlineText {#text} at (1498,1003) size 77x22
          chunk 1 text run 1 at (1500.00,1020.00) startOffset 0 endOffset 11 width 75.00: "just a text"
      LayoutSVGText {text} at (1598,1003) size 77x22 contains 1 chunk(s)
        LayoutSVGInlineText {#text} at (1598,1003) size 77x22
          chunk 1 text run 1 at (1600.00,1020.00) startOffset 0 endOffset 11 width 75.00: "just a text"
      LayoutSVGText {text} at (1698,1003) size 77x22 contains 1 chunk(s)
        LayoutSVGInlineText {#text} at (1698,1003) size 77x22
          chunk 1 text run 1 at (1700.00,1020.00) startOffset 0 endOffset 11 width 75.00: "just a text"
      LayoutSVGText {text} at (1798,1003) size 77x22 contains 1 chunk(s)
        LayoutSVGInlineText {#text} at (1798,1003) size 77x22
          chunk 1 text run 1 at (1800.00,1020.00) startOffset 0 endOffset 11 width 75.00: "just a text"
      LayoutSVGText {text} at (1898,1003) size 77x22 contains 1 chunk(s)
        LayoutSVGInlineText {#text} at (1898,1003) size 77x22
          chunk 1 text run 1 at (1900.00,1020.00) startOffset 0 endOffset 11 width 75.00: "just a text"
      LayoutSVGText {text} at (1998,1003) size 77x22 contains 1 chunk(s)
        LayoutSVGInlineText {#text} at (1998,1003) size 77x22
          chunk 1 text run 1 at (2000.00,1020.00) startOffset 0 endOffset 11 width 75.00: "just a text"
      LayoutSVGText {text} at (2098,1003) size 77x22 contains 1 chunk(s)
        LayoutSVGInlineText {#text} at (2098,1003) size 77x22
          chunk 1 text run 1 at (2100.00,1020.00) startOffset 0 endOffset 11 width 75.00: "just a text"
      LayoutSVGText {text} at (2198,1003) size 77x22 contains 1 chunk(s)
        LayoutSVGInlineText {#text} at (2198,1003) size 77x22
          chunk 1 text run 1 at (2200.00,1020.00) startOffset 0 endOffset 11 width 75.00: "just a text"
      LayoutSVGText {text} at (2298,1003) size 77x22 contains 1 chunk(s)
        LayoutSVGInlineText {#text} at (2298,1003) size 77x22
          chunk 1 text run 1 at (2300.00,1020.00) startOffset 0 endOffset 11 width 75.00: "just a text"
      LayoutSVGText {text} at (2398,1003) size 77x22 contains 1 chunk(s)
        LayoutSVGInlineText {#text} at (2398,1003) size 77x22
          chunk 1 text run 1 at (2400.00,1020.00) startOffset 0 endOffset 11 width 75.00: "just a text"
      LayoutSVGText {text} at (2498,1003) size 77x22 contains 1 chunk(s)
        LayoutSVGInlineText {#text} at (2498,1003) size 77x22
          chunk 1 text run 1 at (2500.00,1020.00) startOffset 0 endOffset 11 width 75.00: "just a text"
      LayoutSVGText {text} at (2598,1003) size 77x22 contains 1 chunk(s)
        LayoutSVGInlineText {#text} at (2598,1003) size 77x22
          chunk 1 text run 1 at (2600.00,1020.00) startOffset 0 endOffset 11 width 75.00: "just a text"
      LayoutSVGText {text} at (2698,1003) size 77x22 contains 1 chunk(s)
        LayoutSVGInlineText {#text} at (2698,1003) size 77x22
          chunk 1 text run 1 at (2700.00,1020.00) startOffset 0 endOffset 11 width 75.00: "just a text"
      LayoutSVGText {text} at (2798,1003) size 77x22 contains 1 chunk(s)
        LayoutSVGInlineText {#text} at (2798,1003) size 77x22
          chunk 1 text run 1 at (2800.00,1020.00) startOffset 0 endOffset 11 width 75.00: "just a text"
      LayoutSVGText {text} at (2898,1003) size 77x22 contains 1 chunk(s)
        LayoutSVGInlineText {#text} at (2898,1003) size 77x22
          chunk 1 text run 1 at (2900.00,1020.00) startOffset 0 endOffset 11 width 75.00: "just a text"
      LayoutSVGText {text} at (2998,1003) size 77x22 contains 1 chunk(s)
        LayoutSVGInlineText {#text} at (2998,1003) size 77x22
          chunk 1 text run 1 at (3000.00,1020.00) startOffset 0 endOffset 11 width 75.00: "just a text"
      LayoutSVGText {text} at (3098,1003) size 77x22 contains 1 chunk(s)
        LayoutSVGInlineText {#text} at (3098,1003) size 77x22
          chunk 1 text run 1 at (3100.00,1020.00) startOffset 0 endOffset 11 width 75.00: "just a text"
      LayoutSVGText {text} at (3198,1003) size 77x22 contains 1 chunk(s)
        LayoutSVGInlineText {#text} at (3198,1003) size 77x22
          chunk 1 text run 1 at (3200.00,1020.00) startOffset 0 endOffset 11 width 75.00: "just a text"
      LayoutSVGText {text} at (3298,1003) size 77x22 contains 1 chunk(s)
        LayoutSVGInlineText {#text} at (3298,1003) size 77x22
          chunk 1 text run 1 at (3300.00,1020.00) startOffset 0 endOffset 11 width 75.00: "just a text"
      LayoutSVGText {text} at (3398,1003) size 77x22 contains 1 chunk(s)
        LayoutSVGInlineText {#text} at (3398,1003) size 77x22
          chunk 1 text run 1 at (3400.00,1020.00) startOffset 0 endOffset 11 width 75.00: "just a text"
      LayoutSVGText {text} at (3498,1003) size 77x22 contains 1 chunk(s)
        LayoutSVGInlineText {#text} at (3498,1003) size 77x22
          chunk 1 text run 1 at (3500.00,1020.00) startOffset 0 endOffset 11 width 75.00: "just a text"
      LayoutSVGText {text} at (3598,1003) size 77x22 contains 1 chunk(s)
        LayoutSVGInlineText {#text} at (3598,1003) size 77x22
          chunk 1 text run 1 at (3600.00,1020.00) startOffset 0 endOffset 11 width 75.00: "just a text"
      LayoutSVGText {text} at (3698,1003) size 77x22 contains 1 chunk(s)
        LayoutSVGInlineText {#text} at (3698,1003) size 77x22
          chunk 1 text run 1 at (3700.00,1020.00) startOffset 0 endOffset 11 width 75.00: "just a text"
      LayoutSVGText {text} at (3798,1003) size 77x22 contains 1 chunk(s)
        LayoutSVGInlineText {#text} at (3798,1003) size 77x22
          chunk 1 text run 1 at (3800.00,1020.00) startOffset 0 endOffset 11 width 75.00: "just a text"
      LayoutSVGText {text} at (3898,1003) size 77x22 contains 1 chunk(s)
        LayoutSVGInlineText {#text} at (3898,1003) size 77x22
          chunk 1 text run 1 at (3900.00,1020.00) startOffset 0 endOffset 11 width 75.00: "just a text"
      LayoutSVGText {text} at (3998,1003) size 77x22 contains 1 chunk(s)
        LayoutSVGInlineText {#text} at (3998,1003) size 77x22
          chunk 1 text run 1 at (4000.00,1020.00) startOffset 0 endOffset 11 width 75.00: "just a text"
      LayoutSVGText {text} at (4098,1003) size 77x22 contains 1 chunk(s)
        LayoutSVGInlineText {#text} at (4098,1003) size 77x22
          chunk 1 text run 1 at (4100.00,1020.00) startOffset 0 endOffset 11 width 75.00: "just a text"
      LayoutSVGText {text} at (4198,1003) size 77x22 contains 1 chunk(s)
        LayoutSVGInlineText {#text} at (4198,1003) size 77x22
          chunk 1 text run 1 at (4200.00,1020.00) startOffset 0 endOffset 11 width 75.00: "just a text"
      LayoutSVGText {text} at (4298,1003) size 77x22 contains 1 chunk(s)
        LayoutSVGInlineText {#text} at (4298,1003) size 77x22
          chunk 1 text run 1 at (4300.00,1020.00) startOffset 0 endOffset 11 width 75.00: "just a text"
      LayoutSVGText {text} at (4398,1003) size 77x22 contains 1 chunk(s)
        LayoutSVGInlineText {#text} at (4398,1003) size 77x22
          chunk 1 text run 1 at (4400.00,1020.00) startOffset 0 endOffset 11 width 75.00: "just a text"
      LayoutSVGText {text} at (4498,1003) size 77x22 contains 1 chunk(s)
        LayoutSVGInlineText {#text} at (4498,1003) size 77x22
          chunk 1 text run 1 at (4500.00,1020.00) startOffset 0 endOffset 11 width 75.00: "just a text"
      LayoutSVGText {text} at (4598,1003) size 77x22 contains 1 chunk(s)
        LayoutSVGInlineText {#text} at (4598,1003) size 77x22
          chunk 1 text run 1 at (4600.00,1020.00) startOffset 0 endOffset 11 width 75.00: "just a text"
      LayoutSVGText {text} at (4698,1003) size 77x22 contains 1 chunk(s)
        LayoutSVGInlineText {#text} at (4698,1003) size 77x22
          chunk 1 text run 1 at (4700.00,1020.00) startOffset 0 endOffset 11 width 75.00: "just a text"
      LayoutSVGText {text} at (4798,1003) size 77x22 contains 1 chunk(s)
        LayoutSVGInlineText {#text} at (4798,1003) size 77x22
          chunk 1 text run 1 at (4800.00,1020.00) startOffset 0 endOffset 11 width 75.00: "just a text"
      LayoutSVGText {text} at (4898,1003) size 77x22 contains 1 chunk(s)
        LayoutSVGInlineText {#text} at (4898,1003) size 77x22
          chunk 1 text run 1 at (4900.00,1020.00) startOffset 0 endOffset 11 width 75.00: "just a text"
      LayoutSVGText {text} at (-2,1103) size 77x22 contains 1 chunk(s)
        LayoutSVGInlineText {#text} at (-2,1103) size 77x22
          chunk 1 text run 1 at (0.00,1120.00) startOffset 0 endOffset 11 width 75.00: "just a text"
      LayoutSVGText {text} at (98,1103) size 77x22 contains 1 chunk(s)
        LayoutSVGInlineText {#text} at (98,1103) size 77x22
          chunk 1 text run 1 at (100.00,1120.00) startOffset 0 endOffset 11 width 75.00: "just a text"
      LayoutSVGText {text} at (198,1103) size 77x22 contains 1 chunk(s)
        LayoutSVGInlineText {#text} at (198,1103) size 77x22
          chunk 1 text run 1 at (200.00,1120.00) startOffset 0 endOffset 11 width 75.00: "just a text"
      LayoutSVGText {text} at (298,1103) size 77x22 contains 1 chunk(s)
        LayoutSVGInlineText {#text} at (298,1103) size 77x22
          chunk 1 text run 1 at (300.00,1120.00) startOffset 0 endOffset 11 width 75.00: "just a text"
      LayoutSVGText {text} at (398,1103) size 77x22 contains 1 chunk(s)
        LayoutSVGInlineText {#text} at (398,1103) size 77x22
          chunk 1 text run 1 at (400.00,1120.00) startOffset 0 endOffset 11 width 75.00: "just a text"
      LayoutSVGText {text} at (498,1103) size 77x22 contains 1 chunk(s)
        LayoutSVGInlineText {#text} at (498,1103) size 77x22
          chunk 1 text run 1 at (500.00,1120.00) startOffset 0 endOffset 11 width 75.00: "just a text"
      LayoutSVGText {text} at (598,1103) size 77x22 contains 1 chunk(s)
        LayoutSVGInlineText {#text} at (598,1103) size 77x22
          chunk 1 text run 1 at (600.00,1120.00) startOffset 0 endOffset 11 width 75.00: "just a text"
      LayoutSVGText {text} at (698,1103) size 77x22 contains 1 chunk(s)
        LayoutSVGInlineText {#text} at (698,1103) size 77x22
          chunk 1 text run 1 at (700.00,1120.00) startOffset 0 endOffset 11 width 75.00: "just a text"
      LayoutSVGText {text} at (798,1103) size 77x22 contains 1 chunk(s)
        LayoutSVGInlineText {#text} at (798,1103) size 77x22
          chunk 1 text run 1 at (800.00,1120.00) startOffset 0 endOffset 11 width 75.00: "just a text"
      LayoutSVGText {text} at (898,1103) size 77x22 contains 1 chunk(s)
        LayoutSVGInlineText {#text} at (898,1103) size 77x22
          chunk 1 text run 1 at (900.00,1120.00) startOffset 0 endOffset 11 width 75.00: "just a text"
      LayoutSVGText {text} at (998,1103) size 77x22 contains 1 chunk(s)
        LayoutSVGInlineText {#text} at (998,1103) size 77x22
          chunk 1 text run 1 at (1000.00,1120.00) startOffset 0 endOffset 11 width 75.00: "just a text"
      LayoutSVGText {text} at (1098,1103) size 77x22 contains 1 chunk(s)
        LayoutSVGInlineText {#text} at (1098,1103) size 77x22
          chunk 1 text run 1 at (1100.00,1120.00) startOffset 0 endOffset 11 width 75.00: "just a text"
      LayoutSVGText {text} at (1198,1103) size 77x22 contains 1 chunk(s)
        LayoutSVGInlineText {#text} at (1198,1103) size 77x22
          chunk 1 text run 1 at (1200.00,1120.00) startOffset 0 endOffset 11 width 75.00: "just a text"
      LayoutSVGText {text} at (1298,1103) size 77x22 contains 1 chunk(s)
        LayoutSVGInlineText {#text} at (1298,1103) size 77x22
          chunk 1 text run 1 at (1300.00,1120.00) startOffset 0 endOffset 11 width 75.00: "just a text"
      LayoutSVGText {text} at (1398,1103) size 77x22 contains 1 chunk(s)
        LayoutSVGInlineText {#text} at (1398,1103) size 77x22
          chunk 1 text run 1 at (1400.00,1120.00) startOffset 0 endOffset 11 width 75.00: "just a text"
      LayoutSVGText {text} at (1498,1103) size 77x22 contains 1 chunk(s)
        LayoutSVGInlineText {#text} at (1498,1103) size 77x22
          chunk 1 text run 1 at (1500.00,1120.00) startOffset 0 endOffset 11 width 75.00: "just a text"
      LayoutSVGText {text} at (1598,1103) size 77x22 contains 1 chunk(s)
        LayoutSVGInlineText {#text} at (1598,1103) size 77x22
          chunk 1 text run 1 at (1600.00,1120.00) startOffset 0 endOffset 11 width 75.00: "just a text"
      LayoutSVGText {text} at (1698,1103) size 77x22 contains 1 chunk(s)
        LayoutSVGInlineText {#text} at (1698,1103) size 77x22
          chunk 1 text run 1 at (1700.00,1120.00) startOffset 0 endOffset 11 width 75.00: "just a text"
      LayoutSVGText {text} at (1798,1103) size 77x22 contains 1 chunk(s)
        LayoutSVGInlineText {#text} at (1798,1103) size 77x22
          chunk 1 text run 1 at (1800.00,1120.00) startOffset 0 endOffset 11 width 75.00: "just a text"
      LayoutSVGText {text} at (1898,1103) size 77x22 contains 1 chunk(s)
        LayoutSVGInlineText {#text} at (1898,1103) size 77x22
          chunk 1 text run 1 at (1900.00,1120.00) startOffset 0 endOffset 11 width 75.00: "just a text"
      LayoutSVGText {text} at (1998,1103) size 77x22 contains 1 chunk(s)
        LayoutSVGInlineText {#text} at (1998,1103) size 77x22
          chunk 1 text run 1 at (2000.00,1120.00) startOffset 0 endOffset 11 width 75.00: "just a text"
      LayoutSVGText {text} at (2098,1103) size 77x22 contains 1 chunk(s)
        LayoutSVGInlineText {#text} at (2098,1103) size 77x22
          chunk 1 text run 1 at (2100.00,1120.00) startOffset 0 endOffset 11 width 75.00: "just a text"
      LayoutSVGText {text} at (2198,1103) size 77x22 contains 1 chunk(s)
        LayoutSVGInlineText {#text} at (2198,1103) size 77x22
          chunk 1 text run 1 at (2200.00,1120.00) startOffset 0 endOffset 11 width 75.00: "just a text"
      LayoutSVGText {text} at (2298,1103) size 77x22 contains 1 chunk(s)
        LayoutSVGInlineText {#text} at (2298,1103) size 77x22
          chunk 1 text run 1 at (2300.00,1120.00) startOffset 0 endOffset 11 width 75.00: "just a text"
      LayoutSVGText {text} at (2398,1103) size 77x22 contains 1 chunk(s)
        LayoutSVGInlineText {#text} at (2398,1103) size 77x22
          chunk 1 text run 1 at (2400.00,1120.00) startOffset 0 endOffset 11 width 75.00: "just a text"
      LayoutSVGText {text} at (2498,1103) size 77x22 contains 1 chunk(s)
        LayoutSVGInlineText {#text} at (2498,1103) size 77x22
          chunk 1 text run 1 at (2500.00,1120.00) startOffset 0 endOffset 11 width 75.00: "just a text"
      LayoutSVGText {text} at (2598,1103) size 77x22 contains 1 chunk(s)
        LayoutSVGInlineText {#text} at (2598,1103) size 77x22
          chunk 1 text run 1 at (2600.00,1120.00) startOffset 0 endOffset 11 width 75.00: "just a text"
      LayoutSVGText {text} at (2698,1103) size 77x22 contains 1 chunk(s)
        LayoutSVGInlineText {#text} at (2698,1103) size 77x22
          chunk 1 text run 1 at (2700.00,1120.00) startOffset 0 endOffset 11 width 75.00: "just a text"
      LayoutSVGText {text} at (2798,1103) size 77x22 contains 1 chunk(s)
        LayoutSVGInlineText {#text} at (2798,1103) size 77x22
          chunk 1 text run 1 at (2800.00,1120.00) startOffset 0 endOffset 11 width 75.00: "just a text"
      LayoutSVGText {text} at (2898,1103) size 77x22 contains 1 chunk(s)
        LayoutSVGInlineText {#text} at (2898,1103) size 77x22
          chunk 1 text run 1 at (2900.00,1120.00) startOffset 0 endOffset 11 width 75.00: "just a text"
      LayoutSVGText {text} at (2998,1103) size 77x22 contains 1 chunk(s)
        LayoutSVGInlineText {#text} at (2998,1103) size 77x22
          chunk 1 text run 1 at (3000.00,1120.00) startOffset 0 endOffset 11 width 75.00: "just a text"
      LayoutSVGText {text} at (3098,1103) size 77x22 contains 1 chunk(s)
        LayoutSVGInlineText {#text} at (3098,1103) size 77x22
          chunk 1 text run 1 at (3100.00,1120.00) startOffset 0 endOffset 11 width 75.00: "just a text"
      LayoutSVGText {text} at (3198,1103) size 77x22 contains 1 chunk(s)
        LayoutSVGInlineText {#text} at (3198,1103) size 77x22
          chunk 1 text run 1 at (3200.00,1120.00) startOffset 0 endOffset 11 width 75.00: "just a text"
      LayoutSVGText {text} at (3298,1103) size 77x22 contains 1 chunk(s)
        LayoutSVGInlineText {#text} at (3298,1103) size 77x22
          chunk 1 text run 1 at (3300.00,1120.00) startOffset 0 endOffset 11 width 75.00: "just a text"
      LayoutSVGText {text} at (3398,1103) size 77x22 contains 1 chunk(s)
        LayoutSVGInlineText {#text} at (3398,1103) size 77x22
          chunk 1 text run 1 at (3400.00,1120.00) startOffset 0 endOffset 11 width 75.00: "just a text"
      LayoutSVGText {text} at (3498,1103) size 77x22 contains 1 chunk(s)
        LayoutSVGInlineText {#text} at (3498,1103) size 77x22
          chunk 1 text run 1 at (3500.00,1120.00) startOffset 0 endOffset 11 width 75.00: "just a text"
      LayoutSVGText {text} at (3598,1103) size 77x22 contains 1 chunk(s)
        LayoutSVGInlineText {#text} at (3598,1103) size 77x22
          chunk 1 text run 1 at (3600.00,1120.00) startOffset 0 endOffset 11 width 75.00: "just a text"
      LayoutSVGText {text} at (3698,1103) size 77x22 contains 1 chunk(s)
        LayoutSVGInlineText {#text} at (3698,1103) size 77x22
          chunk 1 text run 1 at (3700.00,1120.00) startOffset 0 endOffset 11 width 75.00: "just a text"
      LayoutSVGText {text} at (3798,1103) size 77x22 contains 1 chunk(s)
        LayoutSVGInlineText {#text} at (3798,1103) size 77x22
          chunk 1 text run 1 at (3800.00,1120.00) startOffset 0 endOffset 11 width 75.00: "just a text"
      LayoutSVGText {text} at (3898,1103) size 77x22 contains 1 chunk(s)
        LayoutSVGInlineText {#text} at (3898,1103) size 77x22
          chunk 1 text run 1 at (3900.00,1120.00) startOffset 0 endOffset 11 width 75.00: "just a text"
      LayoutSVGText {text} at (3998,1103) size 77x22 contains 1 chunk(s)
        LayoutSVGInlineText {#text} at (3998,1103) size 77x22
          chunk 1 text run 1 at (4000.00,1120.00) startOffset 0 endOffset 11 width 75.00: "just a text"
      LayoutSVGText {text} at (4098,1103) size 77x22 contains 1 chunk(s)
        LayoutSVGInlineText {#text} at (4098,1103) size 77x22
          chunk 1 text run 1 at (4100.00,1120.00) startOffset 0 endOffset 11 width 75.00: "just a text"
      LayoutSVGText {text} at (4198,1103) size 77x22 contains 1 chunk(s)
        LayoutSVGInlineText {#text} at (4198,1103) size 77x22
          chunk 1 text run 1 at (4200.00,1120.00) startOffset 0 endOffset 11 width 75.00: "just a text"
      LayoutSVGText {text} at (4298,1103) size 77x22 contains 1 chunk(s)
        LayoutSVGInlineText {#text} at (4298,1103) size 77x22
          chunk 1 text run 1 at (4300.00,1120.00) startOffset 0 endOffset 11 width 75.00: "just a text"
      LayoutSVGText {text} at (4398,1103) size 77x22 contains 1 chunk(s)
        LayoutSVGInlineText {#text} at (4398,1103) size 77x22
          chunk 1 text run 1 at (4400.00,1120.00) startOffset 0 endOffset 11 width 75.00: "just a text"
      LayoutSVGText {text} at (4498,1103) size 77x22 contains 1 chunk(s)
        LayoutSVGInlineText {#text} at (4498,1103) size 77x22
          chunk 1 text run 1 at (4500.00,1120.00) startOffset 0 endOffset 11 width 75.00: "just a text"
      LayoutSVGText {text} at (4598,1103) size 77x22 contains 1 chunk(s)
        LayoutSVGInlineText {#text} at (4598,1103) size 77x22
          chunk 1 text run 1 at (4600.00,1120.00) startOffset 0 endOffset 11 width 75.00: "just a text"
      LayoutSVGText {text} at (4698,1103) size 77x22 contains 1 chunk(s)
        LayoutSVGInlineText {#text} at (4698,1103) size 77x22
          chunk 1 text run 1 at (4700.00,1120.00) startOffset 0 endOffset 11 width 75.00: "just a text"
      LayoutSVGText {text} at (4798,1103) size 77x22 contains 1 chunk(s)
        LayoutSVGInlineText {#text} at (4798,1103) size 77x22
          chunk 1 text run 1 at (4800.00,1120.00) startOffset 0 endOffset 11 width 75.00: "just a text"
      LayoutSVGText {text} at (4898,1103) size 77x22 contains 1 chunk(s)
        LayoutSVGInlineText {#text} at (4898,1103) size 77x22
          chunk 1 text run 1 at (4900.00,1120.00) startOffset 0 endOffset 11 width 75.00: "just a text"
      LayoutSVGText {text} at (-2,1203) size 77x22 contains 1 chunk(s)
        LayoutSVGInlineText {#text} at (-2,1203) size 77x22
          chunk 1 text run 1 at (0.00,1220.00) startOffset 0 endOffset 11 width 75.00: "just a text"
      LayoutSVGText {text} at (98,1203) size 77x22 contains 1 chunk(s)
        LayoutSVGInlineText {#text} at (98,1203) size 77x22
          chunk 1 text run 1 at (100.00,1220.00) startOffset 0 endOffset 11 width 75.00: "just a text"
      LayoutSVGText {text} at (198,1203) size 77x22 contains 1 chunk(s)
        LayoutSVGInlineText {#text} at (198,1203) size 77x22
          chunk 1 text run 1 at (200.00,1220.00) startOffset 0 endOffset 11 width 75.00: "just a text"
      LayoutSVGText {text} at (298,1203) size 77x22 contains 1 chunk(s)
        LayoutSVGInlineText {#text} at (298,1203) size 77x22
          chunk 1 text run 1 at (300.00,1220.00) startOffset 0 endOffset 11 width 75.00: "just a text"
      LayoutSVGText {text} at (398,1203) size 77x22 contains 1 chunk(s)
        LayoutSVGInlineText {#text} at (398,1203) size 77x22
          chunk 1 text run 1 at (400.00,1220.00) startOffset 0 endOffset 11 width 75.00: "just a text"
      LayoutSVGText {text} at (498,1203) size 77x22 contains 1 chunk(s)
        LayoutSVGInlineText {#text} at (498,1203) size 77x22
          chunk 1 text run 1 at (500.00,1220.00) startOffset 0 endOffset 11 width 75.00: "just a text"
      LayoutSVGText {text} at (598,1203) size 77x22 contains 1 chunk(s)
        LayoutSVGInlineText {#text} at (598,1203) size 77x22
          chunk 1 text run 1 at (600.00,1220.00) startOffset 0 endOffset 11 width 75.00: "just a text"
      LayoutSVGText {text} at (698,1203) size 77x22 contains 1 chunk(s)
        LayoutSVGInlineText {#text} at (698,1203) size 77x22
          chunk 1 text run 1 at (700.00,1220.00) startOffset 0 endOffset 11 width 75.00: "just a text"
      LayoutSVGText {text} at (798,1203) size 77x22 contains 1 chunk(s)
        LayoutSVGInlineText {#text} at (798,1203) size 77x22
          chunk 1 text run 1 at (800.00,1220.00) startOffset 0 endOffset 11 width 75.00: "just a text"
      LayoutSVGText {text} at (898,1203) size 77x22 contains 1 chunk(s)
        LayoutSVGInlineText {#text} at (898,1203) size 77x22
          chunk 1 text run 1 at (900.00,1220.00) startOffset 0 endOffset 11 width 75.00: "just a text"
      LayoutSVGText {text} at (998,1203) size 77x22 contains 1 chunk(s)
        LayoutSVGInlineText {#text} at (998,1203) size 77x22
          chunk 1 text run 1 at (1000.00,1220.00) startOffset 0 endOffset 11 width 75.00: "just a text"
      LayoutSVGText {text} at (1098,1203) size 77x22 contains 1 chunk(s)
        LayoutSVGInlineText {#text} at (1098,1203) size 77x22
          chunk 1 text run 1 at (1100.00,1220.00) startOffset 0 endOffset 11 width 75.00: "just a text"
      LayoutSVGText {text} at (1198,1203) size 77x22 contains 1 chunk(s)
        LayoutSVGInlineText {#text} at (1198,1203) size 77x22
          chunk 1 text run 1 at (1200.00,1220.00) startOffset 0 endOffset 11 width 75.00: "just a text"
      LayoutSVGText {text} at (1298,1203) size 77x22 contains 1 chunk(s)
        LayoutSVGInlineText {#text} at (1298,1203) size 77x22
          chunk 1 text run 1 at (1300.00,1220.00) startOffset 0 endOffset 11 width 75.00: "just a text"
      LayoutSVGText {text} at (1398,1203) size 77x22 contains 1 chunk(s)
        LayoutSVGInlineText {#text} at (1398,1203) size 77x22
          chunk 1 text run 1 at (1400.00,1220.00) startOffset 0 endOffset 11 width 75.00: "just a text"
      LayoutSVGText {text} at (1498,1203) size 77x22 contains 1 chunk(s)
        LayoutSVGInlineText {#text} at (1498,1203) size 77x22
          chunk 1 text run 1 at (1500.00,1220.00) startOffset 0 endOffset 11 width 75.00: "just a text"
      LayoutSVGText {text} at (1598,1203) size 77x22 contains 1 chunk(s)
        LayoutSVGInlineText {#text} at (1598,1203) size 77x22
          chunk 1 text run 1 at (1600.00,1220.00) startOffset 0 endOffset 11 width 75.00: "just a text"
      LayoutSVGText {text} at (1698,1203) size 77x22 contains 1 chunk(s)
        LayoutSVGInlineText {#text} at (1698,1203) size 77x22
          chunk 1 text run 1 at (1700.00,1220.00) startOffset 0 endOffset 11 width 75.00: "just a text"
      LayoutSVGText {text} at (1798,1203) size 77x22 contains 1 chunk(s)
        LayoutSVGInlineText {#text} at (1798,1203) size 77x22
          chunk 1 text run 1 at (1800.00,1220.00) startOffset 0 endOffset 11 width 75.00: "just a text"
      LayoutSVGText {text} at (1898,1203) size 77x22 contains 1 chunk(s)
        LayoutSVGInlineText {#text} at (1898,1203) size 77x22
          chunk 1 text run 1 at (1900.00,1220.00) startOffset 0 endOffset 11 width 75.00: "just a text"
      LayoutSVGText {text} at (1998,1203) size 77x22 contains 1 chunk(s)
        LayoutSVGInlineText {#text} at (1998,1203) size 77x22
          chunk 1 text run 1 at (2000.00,1220.00) startOffset 0 endOffset 11 width 75.00: "just a text"
      LayoutSVGText {text} at (2098,1203) size 77x22 contains 1 chunk(s)
        LayoutSVGInlineText {#text} at (2098,1203) size 77x22
          chunk 1 text run 1 at (2100.00,1220.00) startOffset 0 endOffset 11 width 75.00: "just a text"
      LayoutSVGText {text} at (2198,1203) size 77x22 contains 1 chunk(s)
        LayoutSVGInlineText {#text} at (2198,1203) size 77x22
          chunk 1 text run 1 at (2200.00,1220.00) startOffset 0 endOffset 11 width 75.00: "just a text"
      LayoutSVGText {text} at (2298,1203) size 77x22 contains 1 chunk(s)
        LayoutSVGInlineText {#text} at (2298,1203) size 77x22
          chunk 1 text run 1 at (2300.00,1220.00) startOffset 0 endOffset 11 width 75.00: "just a text"
      LayoutSVGText {text} at (2398,1203) size 77x22 contains 1 chunk(s)
        LayoutSVGInlineText {#text} at (2398,1203) size 77x22
          chunk 1 text run 1 at (2400.00,1220.00) startOffset 0 endOffset 11 width 75.00: "just a text"
      LayoutSVGText {text} at (2498,1203) size 77x22 contains 1 chunk(s)
        LayoutSVGInlineText {#text} at (2498,1203) size 77x22
          chunk 1 text run 1 at (2500.00,1220.00) startOffset 0 endOffset 11 width 75.00: "just a text"
      LayoutSVGText {text} at (2598,1203) size 77x22 contains 1 chunk(s)
        LayoutSVGInlineText {#text} at (2598,1203) size 77x22
          chunk 1 text run 1 at (2600.00,1220.00) startOffset 0 endOffset 11 width 75.00: "just a text"
      LayoutSVGText {text} at (2698,1203) size 77x22 contains 1 chunk(s)
        LayoutSVGInlineText {#text} at (2698,1203) size 77x22
          chunk 1 text run 1 at (2700.00,1220.00) startOffset 0 endOffset 11 width 75.00: "just a text"
      LayoutSVGText {text} at (2798,1203) size 77x22 contains 1 chunk(s)
        LayoutSVGInlineText {#text} at (2798,1203) size 77x22
          chunk 1 text run 1 at (2800.00,1220.00) startOffset 0 endOffset 11 width 75.00: "just a text"
      LayoutSVGText {text} at (2898,1203) size 77x22 contains 1 chunk(s)
        LayoutSVGInlineText {#text} at (2898,1203) size 77x22
          chunk 1 text run 1 at (2900.00,1220.00) startOffset 0 endOffset 11 width 75.00: "just a text"
      LayoutSVGText {text} at (2998,1203) size 77x22 contains 1 chunk(s)
        LayoutSVGInlineText {#text} at (2998,1203) size 77x22
          chunk 1 text run 1 at (3000.00,1220.00) startOffset 0 endOffset 11 width 75.00: "just a text"
      LayoutSVGText {text} at (3098,1203) size 77x22 contains 1 chunk(s)
        LayoutSVGInlineText {#text} at (3098,1203) size 77x22
          chunk 1 text run 1 at (3100.00,1220.00) startOffset 0 endOffset 11 width 75.00: "just a text"
      LayoutSVGText {text} at (3198,1203) size 77x22 contains 1 chunk(s)
        LayoutSVGInlineText {#text} at (3198,1203) size 77x22
          chunk 1 text run 1 at (3200.00,1220.00) startOffset 0 endOffset 11 width 75.00: "just a text"
      LayoutSVGText {text} at (3298,1203) size 77x22 contains 1 chunk(s)
        LayoutSVGInlineText {#text} at (3298,1203) size 77x22
          chunk 1 text run 1 at (3300.00,1220.00) startOffset 0 endOffset 11 width 75.00: "just a text"
      LayoutSVGText {text} at (3398,1203) size 77x22 contains 1 chunk(s)
        LayoutSVGInlineText {#text} at (3398,1203) size 77x22
          chunk 1 text run 1 at (3400.00,1220.00) startOffset 0 endOffset 11 width 75.00: "just a text"
      LayoutSVGText {text} at (3498,1203) size 77x22 contains 1 chunk(s)
        LayoutSVGInlineText {#text} at (3498,1203) size 77x22
          chunk 1 text run 1 at (3500.00,1220.00) startOffset 0 endOffset 11 width 75.00: "just a text"
      LayoutSVGText {text} at (3598,1203) size 77x22 contains 1 chunk(s)
        LayoutSVGInlineText {#text} at (3598,1203) size 77x22
          chunk 1 text run 1 at (3600.00,1220.00) startOffset 0 endOffset 11 width 75.00: "just a text"
      LayoutSVGText {text} at (3698,1203) size 77x22 contains 1 chunk(s)
        LayoutSVGInlineText {#text} at (3698,1203) size 77x22
          chunk 1 text run 1 at (3700.00,1220.00) startOffset 0 endOffset 11 width 75.00: "just a text"
      LayoutSVGText {text} at (3798,1203) size 77x22 contains 1 chunk(s)
        LayoutSVGInlineText {#text} at (3798,1203) size 77x22
          chunk 1 text run 1 at (3800.00,1220.00) startOffset 0 endOffset 11 width 75.00: "just a text"
      LayoutSVGText {text} at (3898,1203) size 77x22 contains 1 chunk(s)
        LayoutSVGInlineText {#text} at (3898,1203) size 77x22
          chunk 1 text run 1 at (3900.00,1220.00) startOffset 0 endOffset 11 width 75.00: "just a text"
      LayoutSVGText {text} at (3998,1203) size 77x22 contains 1 chunk(s)
        LayoutSVGInlineText {#text} at (3998,1203) size 77x22
          chunk 1 text run 1 at (4000.00,1220.00) startOffset 0 endOffset 11 width 75.00: "just a text"
      LayoutSVGText {text} at (4098,1203) size 77x22 contains 1 chunk(s)
        LayoutSVGInlineText {#text} at (4098,1203) size 77x22
          chunk 1 text run 1 at (4100.00,1220.00) startOffset 0 endOffset 11 width 75.00: "just a text"
      LayoutSVGText {text} at (4198,1203) size 77x22 contains 1 chunk(s)
        LayoutSVGInlineText {#text} at (4198,1203) size 77x22
          chunk 1 text run 1 at (4200.00,1220.00) startOffset 0 endOffset 11 width 75.00: "just a text"
      LayoutSVGText {text} at (4298,1203) size 77x22 contains 1 chunk(s)
        LayoutSVGInlineText {#text} at (4298,1203) size 77x22
          chunk 1 text run 1 at (4300.00,1220.00) startOffset 0 endOffset 11 width 75.00: "just a text"
      LayoutSVGText {text} at (4398,1203) size 77x22 contains 1 chunk(s)
        LayoutSVGInlineText {#text} at (4398,1203) size 77x22
          chunk 1 text run 1 at (4400.00,1220.00) startOffset 0 endOffset 11 width 75.00: "just a text"
      LayoutSVGText {text} at (4498,1203) size 77x22 contains 1 chunk(s)
        LayoutSVGInlineText {#text} at (4498,1203) size 77x22
          chunk 1 text run 1 at (4500.00,1220.00) startOffset 0 endOffset 11 width 75.00: "just a text"
      LayoutSVGText {text} at (4598,1203) size 77x22 contains 1 chunk(s)
        LayoutSVGInlineText {#text} at (4598,1203) size 77x22
          chunk 1 text run 1 at (4600.00,1220.00) startOffset 0 endOffset 11 width 75.00: "just a text"
      LayoutSVGText {text} at (4698,1203) size 77x22 contains 1 chunk(s)
        LayoutSVGInlineText {#text} at (4698,1203) size 77x22
          chunk 1 text run 1 at (4700.00,1220.00) startOffset 0 endOffset 11 width 75.00: "just a text"
      LayoutSVGText {text} at (4798,1203) size 77x22 contains 1 chunk(s)
        LayoutSVGInlineText {#text} at (4798,1203) size 77x22
          chunk 1 text run 1 at (4800.00,1220.00) startOffset 0 endOffset 11 width 75.00: "just a text"
      LayoutSVGText {text} at (4898,1203) size 77x22 contains 1 chunk(s)
        LayoutSVGInlineText {#text} at (4898,1203) size 77x22
          chunk 1 text run 1 at (4900.00,1220.00) startOffset 0 endOffset 11 width 75.00: "just a text"
      LayoutSVGText {text} at (-2,1303) size 77x22 contains 1 chunk(s)
        LayoutSVGInlineText {#text} at (-2,1303) size 77x22
          chunk 1 text run 1 at (0.00,1320.00) startOffset 0 endOffset 11 width 75.00: "just a text"
      LayoutSVGText {text} at (98,1303) size 77x22 contains 1 chunk(s)
        LayoutSVGInlineText {#text} at (98,1303) size 77x22
          chunk 1 text run 1 at (100.00,1320.00) startOffset 0 endOffset 11 width 75.00: "just a text"
      LayoutSVGText {text} at (198,1303) size 77x22 contains 1 chunk(s)
        LayoutSVGInlineText {#text} at (198,1303) size 77x22
          chunk 1 text run 1 at (200.00,1320.00) startOffset 0 endOffset 11 width 75.00: "just a text"
      LayoutSVGText {text} at (298,1303) size 77x22 contains 1 chunk(s)
        LayoutSVGInlineText {#text} at (298,1303) size 77x22
          chunk 1 text run 1 at (300.00,1320.00) startOffset 0 endOffset 11 width 75.00: "just a text"
      LayoutSVGText {text} at (398,1303) size 77x22 contains 1 chunk(s)
        LayoutSVGInlineText {#text} at (398,1303) size 77x22
          chunk 1 text run 1 at (400.00,1320.00) startOffset 0 endOffset 11 width 75.00: "just a text"
      LayoutSVGText {text} at (498,1303) size 77x22 contains 1 chunk(s)
        LayoutSVGInlineText {#text} at (498,1303) size 77x22
          chunk 1 text run 1 at (500.00,1320.00) startOffset 0 endOffset 11 width 75.00: "just a text"
      LayoutSVGText {text} at (598,1303) size 77x22 contains 1 chunk(s)
        LayoutSVGInlineText {#text} at (598,1303) size 77x22
          chunk 1 text run 1 at (600.00,1320.00) startOffset 0 endOffset 11 width 75.00: "just a text"
      LayoutSVGText {text} at (698,1303) size 77x22 contains 1 chunk(s)
        LayoutSVGInlineText {#text} at (698,1303) size 77x22
          chunk 1 text run 1 at (700.00,1320.00) startOffset 0 endOffset 11 width 75.00: "just a text"
      LayoutSVGText {text} at (798,1303) size 77x22 contains 1 chunk(s)
        LayoutSVGInlineText {#text} at (798,1303) size 77x22
          chunk 1 text run 1 at (800.00,1320.00) startOffset 0 endOffset 11 width 75.00: "just a text"
      LayoutSVGText {text} at (898,1303) size 77x22 contains 1 chunk(s)
        LayoutSVGInlineText {#text} at (898,1303) size 77x22
          chunk 1 text run 1 at (900.00,1320.00) startOffset 0 endOffset 11 width 75.00: "just a text"
      LayoutSVGText {text} at (998,1303) size 77x22 contains 1 chunk(s)
        LayoutSVGInlineText {#text} at (998,1303) size 77x22
          chunk 1 text run 1 at (1000.00,1320.00) startOffset 0 endOffset 11 width 75.00: "just a text"
      LayoutSVGText {text} at (1098,1303) size 77x22 contains 1 chunk(s)
        LayoutSVGInlineText {#text} at (1098,1303) size 77x22
          chunk 1 text run 1 at (1100.00,1320.00) startOffset 0 endOffset 11 width 75.00: "just a text"
      LayoutSVGText {text} at (1198,1303) size 77x22 contains 1 chunk(s)
        LayoutSVGInlineText {#text} at (1198,1303) size 77x22
          chunk 1 text run 1 at (1200.00,1320.00) startOffset 0 endOffset 11 width 75.00: "just a text"
      LayoutSVGText {text} at (1298,1303) size 77x22 contains 1 chunk(s)
        LayoutSVGInlineText {#text} at (1298,1303) size 77x22
          chunk 1 text run 1 at (1300.00,1320.00) startOffset 0 endOffset 11 width 75.00: "just a text"
      LayoutSVGText {text} at (1398,1303) size 77x22 contains 1 chunk(s)
        LayoutSVGInlineText {#text} at (1398,1303) size 77x22
          chunk 1 text run 1 at (1400.00,1320.00) startOffset 0 endOffset 11 width 75.00: "just a text"
      LayoutSVGText {text} at (1498,1303) size 77x22 contains 1 chunk(s)
        LayoutSVGInlineText {#text} at (1498,1303) size 77x22
          chunk 1 text run 1 at (1500.00,1320.00) startOffset 0 endOffset 11 width 75.00: "just a text"
      LayoutSVGText {text} at (1598,1303) size 77x22 contains 1 chunk(s)
        LayoutSVGInlineText {#text} at (1598,1303) size 77x22
          chunk 1 text run 1 at (1600.00,1320.00) startOffset 0 endOffset 11 width 75.00: "just a text"
      LayoutSVGText {text} at (1698,1303) size 77x22 contains 1 chunk(s)
        LayoutSVGInlineText {#text} at (1698,1303) size 77x22
          chunk 1 text run 1 at (1700.00,1320.00) startOffset 0 endOffset 11 width 75.00: "just a text"
      LayoutSVGText {text} at (1798,1303) size 77x22 contains 1 chunk(s)
        LayoutSVGInlineText {#text} at (1798,1303) size 77x22
          chunk 1 text run 1 at (1800.00,1320.00) startOffset 0 endOffset 11 width 75.00: "just a text"
      LayoutSVGText {text} at (1898,1303) size 77x22 contains 1 chunk(s)
        LayoutSVGInlineText {#text} at (1898,1303) size 77x22
          chunk 1 text run 1 at (1900.00,1320.00) startOffset 0 endOffset 11 width 75.00: "just a text"
      LayoutSVGText {text} at (1998,1303) size 77x22 contains 1 chunk(s)
        LayoutSVGInlineText {#text} at (1998,1303) size 77x22
          chunk 1 text run 1 at (2000.00,1320.00) startOffset 0 endOffset 11 width 75.00: "just a text"
      LayoutSVGText {text} at (2098,1303) size 77x22 contains 1 chunk(s)
        LayoutSVGInlineText {#text} at (2098,1303) size 77x22
          chunk 1 text run 1 at (2100.00,1320.00) startOffset 0 endOffset 11 width 75.00: "just a text"
      LayoutSVGText {text} at (2198,1303) size 77x22 contains 1 chunk(s)
        LayoutSVGInlineText {#text} at (2198,1303) size 77x22
          chunk 1 text run 1 at (2200.00,1320.00) startOffset 0 endOffset 11 width 75.00: "just a text"
      LayoutSVGText {text} at (2298,1303) size 77x22 contains 1 chunk(s)
        LayoutSVGInlineText {#text} at (2298,1303) size 77x22
          chunk 1 text run 1 at (2300.00,1320.00) startOffset 0 endOffset 11 width 75.00: "just a text"
      LayoutSVGText {text} at (2398,1303) size 77x22 contains 1 chunk(s)
        LayoutSVGInlineText {#text} at (2398,1303) size 77x22
          chunk 1 text run 1 at (2400.00,1320.00) startOffset 0 endOffset 11 width 75.00: "just a text"
      LayoutSVGText {text} at (2498,1303) size 77x22 contains 1 chunk(s)
        LayoutSVGInlineText {#text} at (2498,1303) size 77x22
          chunk 1 text run 1 at (2500.00,1320.00) startOffset 0 endOffset 11 width 75.00: "just a text"
      LayoutSVGText {text} at (2598,1303) size 77x22 contains 1 chunk(s)
        LayoutSVGInlineText {#text} at (2598,1303) size 77x22
          chunk 1 text run 1 at (2600.00,1320.00) startOffset 0 endOffset 11 width 75.00: "just a text"
      LayoutSVGText {text} at (2698,1303) size 77x22 contains 1 chunk(s)
        LayoutSVGInlineText {#text} at (2698,1303) size 77x22
          chunk 1 text run 1 at (2700.00,1320.00) startOffset 0 endOffset 11 width 75.00: "just a text"
      LayoutSVGText {text} at (2798,1303) size 77x22 contains 1 chunk(s)
        LayoutSVGInlineText {#text} at (2798,1303) size 77x22
          chunk 1 text run 1 at (2800.00,1320.00) startOffset 0 endOffset 11 width 75.00: "just a text"
      LayoutSVGText {text} at (2898,1303) size 77x22 contains 1 chunk(s)
        LayoutSVGInlineText {#text} at (2898,1303) size 77x22
          chunk 1 text run 1 at (2900.00,1320.00) startOffset 0 endOffset 11 width 75.00: "just a text"
      LayoutSVGText {text} at (2998,1303) size 77x22 contains 1 chunk(s)
        LayoutSVGInlineText {#text} at (2998,1303) size 77x22
          chunk 1 text run 1 at (3000.00,1320.00) startOffset 0 endOffset 11 width 75.00: "just a text"
      LayoutSVGText {text} at (3098,1303) size 77x22 contains 1 chunk(s)
        LayoutSVGInlineText {#text} at (3098,1303) size 77x22
          chunk 1 text run 1 at (3100.00,1320.00) startOffset 0 endOffset 11 width 75.00: "just a text"
      LayoutSVGText {text} at (3198,1303) size 77x22 contains 1 chunk(s)
        LayoutSVGInlineText {#text} at (3198,1303) size 77x22
          chunk 1 text run 1 at (3200.00,1320.00) startOffset 0 endOffset 11 width 75.00: "just a text"
      LayoutSVGText {text} at (3298,1303) size 77x22 contains 1 chunk(s)
        LayoutSVGInlineText {#text} at (3298,1303) size 77x22
          chunk 1 text run 1 at (3300.00,1320.00) startOffset 0 endOffset 11 width 75.00: "just a text"
      LayoutSVGText {text} at (3398,1303) size 77x22 contains 1 chunk(s)
        LayoutSVGInlineText {#text} at (3398,1303) size 77x22
          chunk 1 text run 1 at (3400.00,1320.00) startOffset 0 endOffset 11 width 75.00: "just a text"
      LayoutSVGText {text} at (3498,1303) size 77x22 contains 1 chunk(s)
        LayoutSVGInlineText {#text} at (3498,1303) size 77x22
          chunk 1 text run 1 at (3500.00,1320.00) startOffset 0 endOffset 11 width 75.00: "just a text"
      LayoutSVGText {text} at (3598,1303) size 77x22 contains 1 chunk(s)
        LayoutSVGInlineText {#text} at (3598,1303) size 77x22
          chunk 1 text run 1 at (3600.00,1320.00) startOffset 0 endOffset 11 width 75.00: "just a text"
      LayoutSVGText {text} at (3698,1303) size 77x22 contains 1 chunk(s)
        LayoutSVGInlineText {#text} at (3698,1303) size 77x22
          chunk 1 text run 1 at (3700.00,1320.00) startOffset 0 endOffset 11 width 75.00: "just a text"
      LayoutSVGText {text} at (3798,1303) size 77x22 contains 1 chunk(s)
        LayoutSVGInlineText {#text} at (3798,1303) size 77x22
          chunk 1 text run 1 at (3800.00,1320.00) startOffset 0 endOffset 11 width 75.00: "just a text"
      LayoutSVGText {text} at (3898,1303) size 77x22 contains 1 chunk(s)
        LayoutSVGInlineText {#text} at (3898,1303) size 77x22
          chunk 1 text run 1 at (3900.00,1320.00) startOffset 0 endOffset 11 width 75.00: "just a text"
      LayoutSVGText {text} at (3998,1303) size 77x22 contains 1 chunk(s)
        LayoutSVGInlineText {#text} at (3998,1303) size 77x22
          chunk 1 text run 1 at (4000.00,1320.00) startOffset 0 endOffset 11 width 75.00: "just a text"
      LayoutSVGText {text} at (4098,1303) size 77x22 contains 1 chunk(s)
        LayoutSVGInlineText {#text} at (4098,1303) size 77x22
          chunk 1 text run 1 at (4100.00,1320.00) startOffset 0 endOffset 11 width 75.00: "just a text"
      LayoutSVGText {text} at (4198,1303) size 77x22 contains 1 chunk(s)
        LayoutSVGInlineText {#text} at (4198,1303) size 77x22
          chunk 1 text run 1 at (4200.00,1320.00) startOffset 0 endOffset 11 width 75.00: "just a text"
      LayoutSVGText {text} at (4298,1303) size 77x22 contains 1 chunk(s)
        LayoutSVGInlineText {#text} at (4298,1303) size 77x22
          chunk 1 text run 1 at (4300.00,1320.00) startOffset 0 endOffset 11 width 75.00: "just a text"
      LayoutSVGText {text} at (4398,1303) size 77x22 contains 1 chunk(s)
        LayoutSVGInlineText {#text} at (4398,1303) size 77x22
          chunk 1 text run 1 at (4400.00,1320.00) startOffset 0 endOffset 11 width 75.00: "just a text"
      LayoutSVGText {text} at (4498,1303) size 77x22 contains 1 chunk(s)
        LayoutSVGInlineText {#text} at (4498,1303) size 77x22
          chunk 1 text run 1 at (4500.00,1320.00) startOffset 0 endOffset 11 width 75.00: "just a text"
      LayoutSVGText {text} at (4598,1303) size 77x22 contains 1 chunk(s)
        LayoutSVGInlineText {#text} at (4598,1303) size 77x22
          chunk 1 text run 1 at (4600.00,1320.00) startOffset 0 endOffset 11 width 75.00: "just a text"
      LayoutSVGText {text} at (4698,1303) size 77x22 contains 1 chunk(s)
        LayoutSVGInlineText {#text} at (4698,1303) size 77x22
          chunk 1 text run 1 at (4700.00,1320.00) startOffset 0 endOffset 11 width 75.00: "just a text"
      LayoutSVGText {text} at (4798,1303) size 77x22 contains 1 chunk(s)
        LayoutSVGInlineText {#text} at (4798,1303) size 77x22
          chunk 1 text run 1 at (4800.00,1320.00) startOffset 0 endOffset 11 width 75.00: "just a text"
      LayoutSVGText {text} at (4898,1303) size 77x22 contains 1 chunk(s)
        LayoutSVGInlineText {#text} at (4898,1303) size 77x22
          chunk 1 text run 1 at (4900.00,1320.00) startOffset 0 endOffset 11 width 75.00: "just a text"
      LayoutSVGText {text} at (-2,1403) size 77x22 contains 1 chunk(s)
        LayoutSVGInlineText {#text} at (-2,1403) size 77x22
          chunk 1 text run 1 at (0.00,1420.00) startOffset 0 endOffset 11 width 75.00: "just a text"
      LayoutSVGText {text} at (98,1403) size 77x22 contains 1 chunk(s)
        LayoutSVGInlineText {#text} at (98,1403) size 77x22
          chunk 1 text run 1 at (100.00,1420.00) startOffset 0 endOffset 11 width 75.00: "just a text"
      LayoutSVGText {text} at (198,1403) size 77x22 contains 1 chunk(s)
        LayoutSVGInlineText {#text} at (198,1403) size 77x22
          chunk 1 text run 1 at (200.00,1420.00) startOffset 0 endOffset 11 width 75.00: "just a text"
      LayoutSVGText {text} at (298,1403) size 77x22 contains 1 chunk(s)
        LayoutSVGInlineText {#text} at (298,1403) size 77x22
          chunk 1 text run 1 at (300.00,1420.00) startOffset 0 endOffset 11 width 75.00: "just a text"
      LayoutSVGText {text} at (398,1403) size 77x22 contains 1 chunk(s)
        LayoutSVGInlineText {#text} at (398,1403) size 77x22
          chunk 1 text run 1 at (400.00,1420.00) startOffset 0 endOffset 11 width 75.00: "just a text"
      LayoutSVGText {text} at (498,1403) size 77x22 contains 1 chunk(s)
        LayoutSVGInlineText {#text} at (498,1403) size 77x22
          chunk 1 text run 1 at (500.00,1420.00) startOffset 0 endOffset 11 width 75.00: "just a text"
      LayoutSVGText {text} at (598,1403) size 77x22 contains 1 chunk(s)
        LayoutSVGInlineText {#text} at (598,1403) size 77x22
          chunk 1 text run 1 at (600.00,1420.00) startOffset 0 endOffset 11 width 75.00: "just a text"
      LayoutSVGText {text} at (698,1403) size 77x22 contains 1 chunk(s)
        LayoutSVGInlineText {#text} at (698,1403) size 77x22
          chunk 1 text run 1 at (700.00,1420.00) startOffset 0 endOffset 11 width 75.00: "just a text"
      LayoutSVGText {text} at (798,1403) size 77x22 contains 1 chunk(s)
        LayoutSVGInlineText {#text} at (798,1403) size 77x22
          chunk 1 text run 1 at (800.00,1420.00) startOffset 0 endOffset 11 width 75.00: "just a text"
      LayoutSVGText {text} at (898,1403) size 77x22 contains 1 chunk(s)
        LayoutSVGInlineText {#text} at (898,1403) size 77x22
          chunk 1 text run 1 at (900.00,1420.00) startOffset 0 endOffset 11 width 75.00: "just a text"
      LayoutSVGText {text} at (998,1403) size 77x22 contains 1 chunk(s)
        LayoutSVGInlineText {#text} at (998,1403) size 77x22
          chunk 1 text run 1 at (1000.00,1420.00) startOffset 0 endOffset 11 width 75.00: "just a text"
      LayoutSVGText {text} at (1098,1403) size 77x22 contains 1 chunk(s)
        LayoutSVGInlineText {#text} at (1098,1403) size 77x22
          chunk 1 text run 1 at (1100.00,1420.00) startOffset 0 endOffset 11 width 75.00: "just a text"
      LayoutSVGText {text} at (1198,1403) size 77x22 contains 1 chunk(s)
        LayoutSVGInlineText {#text} at (1198,1403) size 77x22
          chunk 1 text run 1 at (1200.00,1420.00) startOffset 0 endOffset 11 width 75.00: "just a text"
      LayoutSVGText {text} at (1298,1403) size 77x22 contains 1 chunk(s)
        LayoutSVGInlineText {#text} at (1298,1403) size 77x22
          chunk 1 text run 1 at (1300.00,1420.00) startOffset 0 endOffset 11 width 75.00: "just a text"
      LayoutSVGText {text} at (1398,1403) size 77x22 contains 1 chunk(s)
        LayoutSVGInlineText {#text} at (1398,1403) size 77x22
          chunk 1 text run 1 at (1400.00,1420.00) startOffset 0 endOffset 11 width 75.00: "just a text"
      LayoutSVGText {text} at (1498,1403) size 77x22 contains 1 chunk(s)
        LayoutSVGInlineText {#text} at (1498,1403) size 77x22
          chunk 1 text run 1 at (1500.00,1420.00) startOffset 0 endOffset 11 width 75.00: "just a text"
      LayoutSVGText {text} at (1598,1403) size 77x22 contains 1 chunk(s)
        LayoutSVGInlineText {#text} at (1598,1403) size 77x22
          chunk 1 text run 1 at (1600.00,1420.00) startOffset 0 endOffset 11 width 75.00: "just a text"
      LayoutSVGText {text} at (1698,1403) size 77x22 contains 1 chunk(s)
        LayoutSVGInlineText {#text} at (1698,1403) size 77x22
          chunk 1 text run 1 at (1700.00,1420.00) startOffset 0 endOffset 11 width 75.00: "just a text"
      LayoutSVGText {text} at (1798,1403) size 77x22 contains 1 chunk(s)
        LayoutSVGInlineText {#text} at (1798,1403) size 77x22
          chunk 1 text run 1 at (1800.00,1420.00) startOffset 0 endOffset 11 width 75.00: "just a text"
      LayoutSVGText {text} at (1898,1403) size 77x22 contains 1 chunk(s)
        LayoutSVGInlineText {#text} at (1898,1403) size 77x22
          chunk 1 text run 1 at (1900.00,1420.00) startOffset 0 endOffset 11 width 75.00: "just a text"
      LayoutSVGText {text} at (1998,1403) size 77x22 contains 1 chunk(s)
        LayoutSVGInlineText {#text} at (1998,1403) size 77x22
          chunk 1 text run 1 at (2000.00,1420.00) startOffset 0 endOffset 11 width 75.00: "just a text"
      LayoutSVGText {text} at (2098,1403) size 77x22 contains 1 chunk(s)
        LayoutSVGInlineText {#text} at (2098,1403) size 77x22
          chunk 1 text run 1 at (2100.00,1420.00) startOffset 0 endOffset 11 width 75.00: "just a text"
      LayoutSVGText {text} at (2198,1403) size 77x22 contains 1 chunk(s)
        LayoutSVGInlineText {#text} at (2198,1403) size 77x22
          chunk 1 text run 1 at (2200.00,1420.00) startOffset 0 endOffset 11 width 75.00: "just a text"
      LayoutSVGText {text} at (2298,1403) size 77x22 contains 1 chunk(s)
        LayoutSVGInlineText {#text} at (2298,1403) size 77x22
          chunk 1 text run 1 at (2300.00,1420.00) startOffset 0 endOffset 11 width 75.00: "just a text"
      LayoutSVGText {text} at (2398,1403) size 77x22 contains 1 chunk(s)
        LayoutSVGInlineText {#text} at (2398,1403) size 77x22
          chunk 1 text run 1 at (2400.00,1420.00) startOffset 0 endOffset 11 width 75.00: "just a text"
      LayoutSVGText {text} at (2498,1403) size 77x22 contains 1 chunk(s)
        LayoutSVGInlineText {#text} at (2498,1403) size 77x22
          chunk 1 text run 1 at (2500.00,1420.00) startOffset 0 endOffset 11 width 75.00: "just a text"
      LayoutSVGText {text} at (2598,1403) size 77x22 contains 1 chunk(s)
        LayoutSVGInlineText {#text} at (2598,1403) size 77x22
          chunk 1 text run 1 at (2600.00,1420.00) startOffset 0 endOffset 11 width 75.00: "just a text"
      LayoutSVGText {text} at (2698,1403) size 77x22 contains 1 chunk(s)
        LayoutSVGInlineText {#text} at (2698,1403) size 77x22
          chunk 1 text run 1 at (2700.00,1420.00) startOffset 0 endOffset 11 width 75.00: "just a text"
      LayoutSVGText {text} at (2798,1403) size 77x22 contains 1 chunk(s)
        LayoutSVGInlineText {#text} at (2798,1403) size 77x22
          chunk 1 text run 1 at (2800.00,1420.00) startOffset 0 endOffset 11 width 75.00: "just a text"
      LayoutSVGText {text} at (2898,1403) size 77x22 contains 1 chunk(s)
        LayoutSVGInlineText {#text} at (2898,1403) size 77x22
          chunk 1 text run 1 at (2900.00,1420.00) startOffset 0 endOffset 11 width 75.00: "just a text"
      LayoutSVGText {text} at (2998,1403) size 77x22 contains 1 chunk(s)
        LayoutSVGInlineText {#text} at (2998,1403) size 77x22
          chunk 1 text run 1 at (3000.00,1420.00) startOffset 0 endOffset 11 width 75.00: "just a text"
      LayoutSVGText {text} at (3098,1403) size 77x22 contains 1 chunk(s)
        LayoutSVGInlineText {#text} at (3098,1403) size 77x22
          chunk 1 text run 1 at (3100.00,1420.00) startOffset 0 endOffset 11 width 75.00: "just a text"
      LayoutSVGText {text} at (3198,1403) size 77x22 contains 1 chunk(s)
        LayoutSVGInlineText {#text} at (3198,1403) size 77x22
          chunk 1 text run 1 at (3200.00,1420.00) startOffset 0 endOffset 11 width 75.00: "just a text"
      LayoutSVGText {text} at (3298,1403) size 77x22 contains 1 chunk(s)
        LayoutSVGInlineText {#text} at (3298,1403) size 77x22
          chunk 1 text run 1 at (3300.00,1420.00) startOffset 0 endOffset 11 width 75.00: "just a text"
      LayoutSVGText {text} at (3398,1403) size 77x22 contains 1 chunk(s)
        LayoutSVGInlineText {#text} at (3398,1403) size 77x22
          chunk 1 text run 1 at (3400.00,1420.00) startOffset 0 endOffset 11 width 75.00: "just a text"
      LayoutSVGText {text} at (3498,1403) size 77x22 contains 1 chunk(s)
        LayoutSVGInlineText {#text} at (3498,1403) size 77x22
          chunk 1 text run 1 at (3500.00,1420.00) startOffset 0 endOffset 11 width 75.00: "just a text"
      LayoutSVGText {text} at (3598,1403) size 77x22 contains 1 chunk(s)
        LayoutSVGInlineText {#text} at (3598,1403) size 77x22
          chunk 1 text run 1 at (3600.00,1420.00) startOffset 0 endOffset 11 width 75.00: "just a text"
      LayoutSVGText {text} at (3698,1403) size 77x22 contains 1 chunk(s)
        LayoutSVGInlineText {#text} at (3698,1403) size 77x22
          chunk 1 text run 1 at (3700.00,1420.00) startOffset 0 endOffset 11 width 75.00: "just a text"
      LayoutSVGText {text} at (3798,1403) size 77x22 contains 1 chunk(s)
        LayoutSVGInlineText {#text} at (3798,1403) size 77x22
          chunk 1 text run 1 at (3800.00,1420.00) startOffset 0 endOffset 11 width 75.00: "just a text"
      LayoutSVGText {text} at (3898,1403) size 77x22 contains 1 chunk(s)
        LayoutSVGInlineText {#text} at (3898,1403) size 77x22
          chunk 1 text run 1 at (3900.00,1420.00) startOffset 0 endOffset 11 width 75.00: "just a text"
      LayoutSVGText {text} at (3998,1403) size 77x22 contains 1 chunk(s)
        LayoutSVGInlineText {#text} at (3998,1403) size 77x22
          chunk 1 text run 1 at (4000.00,1420.00) startOffset 0 endOffset 11 width 75.00: "just a text"
      LayoutSVGText {text} at (4098,1403) size 77x22 contains 1 chunk(s)
        LayoutSVGInlineText {#text} at (4098,1403) size 77x22
          chunk 1 text run 1 at (4100.00,1420.00) startOffset 0 endOffset 11 width 75.00: "just a text"
      LayoutSVGText {text} at (4198,1403) size 77x22 contains 1 chunk(s)
        LayoutSVGInlineText {#text} at (4198,1403) size 77x22
          chunk 1 text run 1 at (4200.00,1420.00) startOffset 0 endOffset 11 width 75.00: "just a text"
      LayoutSVGText {text} at (4298,1403) size 77x22 contains 1 chunk(s)
        LayoutSVGInlineText {#text} at (4298,1403) size 77x22
          chunk 1 text run 1 at (4300.00,1420.00) startOffset 0 endOffset 11 width 75.00: "just a text"
      LayoutSVGText {text} at (4398,1403) size 77x22 contains 1 chunk(s)
        LayoutSVGInlineText {#text} at (4398,1403) size 77x22
          chunk 1 text run 1 at (4400.00,1420.00) startOffset 0 endOffset 11 width 75.00: "just a text"
      LayoutSVGText {text} at (4498,1403) size 77x22 contains 1 chunk(s)
        LayoutSVGInlineText {#text} at (4498,1403) size 77x22
          chunk 1 text run 1 at (4500.00,1420.00) startOffset 0 endOffset 11 width 75.00: "just a text"
      LayoutSVGText {text} at (4598,1403) size 77x22 contains 1 chunk(s)
        LayoutSVGInlineText {#text} at (4598,1403) size 77x22
          chunk 1 text run 1 at (4600.00,1420.00) startOffset 0 endOffset 11 width 75.00: "just a text"
      LayoutSVGText {text} at (4698,1403) size 77x22 contains 1 chunk(s)
        LayoutSVGInlineText {#text} at (4698,1403) size 77x22
          chunk 1 text run 1 at (4700.00,1420.00) startOffset 0 endOffset 11 width 75.00: "just a text"
      LayoutSVGText {text} at (4798,1403) size 77x22 contains 1 chunk(s)
        LayoutSVGInlineText {#text} at (4798,1403) size 77x22
          chunk 1 text run 1 at (4800.00,1420.00) startOffset 0 endOffset 11 width 75.00: "just a text"
      LayoutSVGText {text} at (4898,1403) size 77x22 contains 1 chunk(s)
        LayoutSVGInlineText {#text} at (4898,1403) size 77x22
          chunk 1 text run 1 at (4900.00,1420.00) startOffset 0 endOffset 11 width 75.00: "just a text"
      LayoutSVGText {text} at (-2,1503) size 77x22 contains 1 chunk(s)
        LayoutSVGInlineText {#text} at (-2,1503) size 77x22
          chunk 1 text run 1 at (0.00,1520.00) startOffset 0 endOffset 11 width 75.00: "just a text"
      LayoutSVGText {text} at (98,1503) size 77x22 contains 1 chunk(s)
        LayoutSVGInlineText {#text} at (98,1503) size 77x22
          chunk 1 text run 1 at (100.00,1520.00) startOffset 0 endOffset 11 width 75.00: "just a text"
      LayoutSVGText {text} at (198,1503) size 77x22 contains 1 chunk(s)
        LayoutSVGInlineText {#text} at (198,1503) size 77x22
          chunk 1 text run 1 at (200.00,1520.00) startOffset 0 endOffset 11 width 75.00: "just a text"
      LayoutSVGText {text} at (298,1503) size 77x22 contains 1 chunk(s)
        LayoutSVGInlineText {#text} at (298,1503) size 77x22
          chunk 1 text run 1 at (300.00,1520.00) startOffset 0 endOffset 11 width 75.00: "just a text"
      LayoutSVGText {text} at (398,1503) size 77x22 contains 1 chunk(s)
        LayoutSVGInlineText {#text} at (398,1503) size 77x22
          chunk 1 text run 1 at (400.00,1520.00) startOffset 0 endOffset 11 width 75.00: "just a text"
      LayoutSVGText {text} at (498,1503) size 77x22 contains 1 chunk(s)
        LayoutSVGInlineText {#text} at (498,1503) size 77x22
          chunk 1 text run 1 at (500.00,1520.00) startOffset 0 endOffset 11 width 75.00: "just a text"
      LayoutSVGText {text} at (598,1503) size 77x22 contains 1 chunk(s)
        LayoutSVGInlineText {#text} at (598,1503) size 77x22
          chunk 1 text run 1 at (600.00,1520.00) startOffset 0 endOffset 11 width 75.00: "just a text"
      LayoutSVGText {text} at (698,1503) size 77x22 contains 1 chunk(s)
        LayoutSVGInlineText {#text} at (698,1503) size 77x22
          chunk 1 text run 1 at (700.00,1520.00) startOffset 0 endOffset 11 width 75.00: "just a text"
      LayoutSVGText {text} at (798,1503) size 77x22 contains 1 chunk(s)
        LayoutSVGInlineText {#text} at (798,1503) size 77x22
          chunk 1 text run 1 at (800.00,1520.00) startOffset 0 endOffset 11 width 75.00: "just a text"
      LayoutSVGText {text} at (898,1503) size 77x22 contains 1 chunk(s)
        LayoutSVGInlineText {#text} at (898,1503) size 77x22
          chunk 1 text run 1 at (900.00,1520.00) startOffset 0 endOffset 11 width 75.00: "just a text"
      LayoutSVGText {text} at (998,1503) size 77x22 contains 1 chunk(s)
        LayoutSVGInlineText {#text} at (998,1503) size 77x22
          chunk 1 text run 1 at (1000.00,1520.00) startOffset 0 endOffset 11 width 75.00: "just a text"
      LayoutSVGText {text} at (1098,1503) size 77x22 contains 1 chunk(s)
        LayoutSVGInlineText {#text} at (1098,1503) size 77x22
          chunk 1 text run 1 at (1100.00,1520.00) startOffset 0 endOffset 11 width 75.00: "just a text"
      LayoutSVGText {text} at (1198,1503) size 77x22 contains 1 chunk(s)
        LayoutSVGInlineText {#text} at (1198,1503) size 77x22
          chunk 1 text run 1 at (1200.00,1520.00) startOffset 0 endOffset 11 width 75.00: "just a text"
      LayoutSVGText {text} at (1298,1503) size 77x22 contains 1 chunk(s)
        LayoutSVGInlineText {#text} at (1298,1503) size 77x22
          chunk 1 text run 1 at (1300.00,1520.00) startOffset 0 endOffset 11 width 75.00: "just a text"
      LayoutSVGText {text} at (1398,1503) size 77x22 contains 1 chunk(s)
        LayoutSVGInlineText {#text} at (1398,1503) size 77x22
          chunk 1 text run 1 at (1400.00,1520.00) startOffset 0 endOffset 11 width 75.00: "just a text"
      LayoutSVGText {text} at (1498,1503) size 77x22 contains 1 chunk(s)
        LayoutSVGInlineText {#text} at (1498,1503) size 77x22
          chunk 1 text run 1 at (1500.00,1520.00) startOffset 0 endOffset 11 width 75.00: "just a text"
      LayoutSVGText {text} at (1598,1503) size 77x22 contains 1 chunk(s)
        LayoutSVGInlineText {#text} at (1598,1503) size 77x22
          chunk 1 text run 1 at (1600.00,1520.00) startOffset 0 endOffset 11 width 75.00: "just a text"
      LayoutSVGText {text} at (1698,1503) size 77x22 contains 1 chunk(s)
        LayoutSVGInlineText {#text} at (1698,1503) size 77x22
          chunk 1 text run 1 at (1700.00,1520.00) startOffset 0 endOffset 11 width 75.00: "just a text"
      LayoutSVGText {text} at (1798,1503) size 77x22 contains 1 chunk(s)
        LayoutSVGInlineText {#text} at (1798,1503) size 77x22
          chunk 1 text run 1 at (1800.00,1520.00) startOffset 0 endOffset 11 width 75.00: "just a text"
      LayoutSVGText {text} at (1898,1503) size 77x22 contains 1 chunk(s)
        LayoutSVGInlineText {#text} at (1898,1503) size 77x22
          chunk 1 text run 1 at (1900.00,1520.00) startOffset 0 endOffset 11 width 75.00: "just a text"
      LayoutSVGText {text} at (1998,1503) size 77x22 contains 1 chunk(s)
        LayoutSVGInlineText {#text} at (1998,1503) size 77x22
          chunk 1 text run 1 at (2000.00,1520.00) startOffset 0 endOffset 11 width 75.00: "just a text"
      LayoutSVGText {text} at (2098,1503) size 77x22 contains 1 chunk(s)
        LayoutSVGInlineText {#text} at (2098,1503) size 77x22
          chunk 1 text run 1 at (2100.00,1520.00) startOffset 0 endOffset 11 width 75.00: "just a text"
      LayoutSVGText {text} at (2198,1503) size 77x22 contains 1 chunk(s)
        LayoutSVGInlineText {#text} at (2198,1503) size 77x22
          chunk 1 text run 1 at (2200.00,1520.00) startOffset 0 endOffset 11 width 75.00: "just a text"
      LayoutSVGText {text} at (2298,1503) size 77x22 contains 1 chunk(s)
        LayoutSVGInlineText {#text} at (2298,1503) size 77x22
          chunk 1 text run 1 at (2300.00,1520.00) startOffset 0 endOffset 11 width 75.00: "just a text"
      LayoutSVGText {text} at (2398,1503) size 77x22 contains 1 chunk(s)
        LayoutSVGInlineText {#text} at (2398,1503) size 77x22
          chunk 1 text run 1 at (2400.00,1520.00) startOffset 0 endOffset 11 width 75.00: "just a text"
      LayoutSVGText {text} at (2498,1503) size 77x22 contains 1 chunk(s)
        LayoutSVGInlineText {#text} at (2498,1503) size 77x22
          chunk 1 text run 1 at (2500.00,1520.00) startOffset 0 endOffset 11 width 75.00: "just a text"
      LayoutSVGText {text} at (2598,1503) size 77x22 contains 1 chunk(s)
        LayoutSVGInlineText {#text} at (2598,1503) size 77x22
          chunk 1 text run 1 at (2600.00,1520.00) startOffset 0 endOffset 11 width 75.00: "just a text"
      LayoutSVGText {text} at (2698,1503) size 77x22 contains 1 chunk(s)
        LayoutSVGInlineText {#text} at (2698,1503) size 77x22
          chunk 1 text run 1 at (2700.00,1520.00) startOffset 0 endOffset 11 width 75.00: "just a text"
      LayoutSVGText {text} at (2798,1503) size 77x22 contains 1 chunk(s)
        LayoutSVGInlineText {#text} at (2798,1503) size 77x22
          chunk 1 text run 1 at (2800.00,1520.00) startOffset 0 endOffset 11 width 75.00: "just a text"
      LayoutSVGText {text} at (2898,1503) size 77x22 contains 1 chunk(s)
        LayoutSVGInlineText {#text} at (2898,1503) size 77x22
          chunk 1 text run 1 at (2900.00,1520.00) startOffset 0 endOffset 11 width 75.00: "just a text"
      LayoutSVGText {text} at (2998,1503) size 77x22 contains 1 chunk(s)
        LayoutSVGInlineText {#text} at (2998,1503) size 77x22
          chunk 1 text run 1 at (3000.00,1520.00) startOffset 0 endOffset 11 width 75.00: "just a text"
      LayoutSVGText {text} at (3098,1503) size 77x22 contains 1 chunk(s)
        LayoutSVGInlineText {#text} at (3098,1503) size 77x22
          chunk 1 text run 1 at (3100.00,1520.00) startOffset 0 endOffset 11 width 75.00: "just a text"
      LayoutSVGText {text} at (3198,1503) size 77x22 contains 1 chunk(s)
        LayoutSVGInlineText {#text} at (3198,1503) size 77x22
          chunk 1 text run 1 at (3200.00,1520.00) startOffset 0 endOffset 11 width 75.00: "just a text"
      LayoutSVGText {text} at (3298,1503) size 77x22 contains 1 chunk(s)
        LayoutSVGInlineText {#text} at (3298,1503) size 77x22
          chunk 1 text run 1 at (3300.00,1520.00) startOffset 0 endOffset 11 width 75.00: "just a text"
      LayoutSVGText {text} at (3398,1503) size 77x22 contains 1 chunk(s)
        LayoutSVGInlineText {#text} at (3398,1503) size 77x22
          chunk 1 text run 1 at (3400.00,1520.00) startOffset 0 endOffset 11 width 75.00: "just a text"
      LayoutSVGText {text} at (3498,1503) size 77x22 contains 1 chunk(s)
        LayoutSVGInlineText {#text} at (3498,1503) size 77x22
          chunk 1 text run 1 at (3500.00,1520.00) startOffset 0 endOffset 11 width 75.00: "just a text"
      LayoutSVGText {text} at (3598,1503) size 77x22 contains 1 chunk(s)
        LayoutSVGInlineText {#text} at (3598,1503) size 77x22
          chunk 1 text run 1 at (3600.00,1520.00) startOffset 0 endOffset 11 width 75.00: "just a text"
      LayoutSVGText {text} at (3698,1503) size 77x22 contains 1 chunk(s)
        LayoutSVGInlineText {#text} at (3698,1503) size 77x22
          chunk 1 text run 1 at (3700.00,1520.00) startOffset 0 endOffset 11 width 75.00: "just a text"
      LayoutSVGText {text} at (3798,1503) size 77x22 contains 1 chunk(s)
        LayoutSVGInlineText {#text} at (3798,1503) size 77x22
          chunk 1 text run 1 at (3800.00,1520.00) startOffset 0 endOffset 11 width 75.00: "just a text"
      LayoutSVGText {text} at (3898,1503) size 77x22 contains 1 chunk(s)
        LayoutSVGInlineText {#text} at (3898,1503) size 77x22
          chunk 1 text run 1 at (3900.00,1520.00) startOffset 0 endOffset 11 width 75.00: "just a text"
      LayoutSVGText {text} at (3998,1503) size 77x22 contains 1 chunk(s)
        LayoutSVGInlineText {#text} at (3998,1503) size 77x22
          chunk 1 text run 1 at (4000.00,1520.00) startOffset 0 endOffset 11 width 75.00: "just a text"
      LayoutSVGText {text} at (4098,1503) size 77x22 contains 1 chunk(s)
        LayoutSVGInlineText {#text} at (4098,1503) size 77x22
          chunk 1 text run 1 at (4100.00,1520.00) startOffset 0 endOffset 11 width 75.00: "just a text"
      LayoutSVGText {text} at (4198,1503) size 77x22 contains 1 chunk(s)
        LayoutSVGInlineText {#text} at (4198,1503) size 77x22
          chunk 1 text run 1 at (4200.00,1520.00) startOffset 0 endOffset 11 width 75.00: "just a text"
      LayoutSVGText {text} at (4298,1503) size 77x22 contains 1 chunk(s)
        LayoutSVGInlineText {#text} at (4298,1503) size 77x22
          chunk 1 text run 1 at (4300.00,1520.00) startOffset 0 endOffset 11 width 75.00: "just a text"
      LayoutSVGText {text} at (4398,1503) size 77x22 contains 1 chunk(s)
        LayoutSVGInlineText {#text} at (4398,1503) size 77x22
          chunk 1 text run 1 at (4400.00,1520.00) startOffset 0 endOffset 11 width 75.00: "just a text"
      LayoutSVGText {text} at (4498,1503) size 77x22 contains 1 chunk(s)
        LayoutSVGInlineText {#text} at (4498,1503) size 77x22
          chunk 1 text run 1 at (4500.00,1520.00) startOffset 0 endOffset 11 width 75.00: "just a text"
      LayoutSVGText {text} at (4598,1503) size 77x22 contains 1 chunk(s)
        LayoutSVGInlineText {#text} at (4598,1503) size 77x22
          chunk 1 text run 1 at (4600.00,1520.00) startOffset 0 endOffset 11 width 75.00: "just a text"
      LayoutSVGText {text} at (4698,1503) size 77x22 contains 1 chunk(s)
        LayoutSVGInlineText {#text} at (4698,1503) size 77x22
          chunk 1 text run 1 at (4700.00,1520.00) startOffset 0 endOffset 11 width 75.00: "just a text"
      LayoutSVGText {text} at (4798,1503) size 77x22 contains 1 chunk(s)
        LayoutSVGInlineText {#text} at (4798,1503) size 77x22
          chunk 1 text run 1 at (4800.00,1520.00) startOffset 0 endOffset 11 width 75.00: "just a text"
      LayoutSVGText {text} at (4898,1503) size 77x22 contains 1 chunk(s)
        LayoutSVGInlineText {#text} at (4898,1503) size 77x22
          chunk 1 text run 1 at (4900.00,1520.00) startOffset 0 endOffset 11 width 75.00: "just a text"
      LayoutSVGText {text} at (-2,1603) size 77x22 contains 1 chunk(s)
        LayoutSVGInlineText {#text} at (-2,1603) size 77x22
          chunk 1 text run 1 at (0.00,1620.00) startOffset 0 endOffset 11 width 75.00: "just a text"
      LayoutSVGText {text} at (98,1603) size 77x22 contains 1 chunk(s)
        LayoutSVGInlineText {#text} at (98,1603) size 77x22
          chunk 1 text run 1 at (100.00,1620.00) startOffset 0 endOffset 11 width 75.00: "just a text"
      LayoutSVGText {text} at (198,1603) size 77x22 contains 1 chunk(s)
        LayoutSVGInlineText {#text} at (198,1603) size 77x22
          chunk 1 text run 1 at (200.00,1620.00) startOffset 0 endOffset 11 width 75.00: "just a text"
      LayoutSVGText {text} at (298,1603) size 77x22 contains 1 chunk(s)
        LayoutSVGInlineText {#text} at (298,1603) size 77x22
          chunk 1 text run 1 at (300.00,1620.00) startOffset 0 endOffset 11 width 75.00: "just a text"
      LayoutSVGText {text} at (398,1603) size 77x22 contains 1 chunk(s)
        LayoutSVGInlineText {#text} at (398,1603) size 77x22
          chunk 1 text run 1 at (400.00,1620.00) startOffset 0 endOffset 11 width 75.00: "just a text"
      LayoutSVGText {text} at (498,1603) size 77x22 contains 1 chunk(s)
        LayoutSVGInlineText {#text} at (498,1603) size 77x22
          chunk 1 text run 1 at (500.00,1620.00) startOffset 0 endOffset 11 width 75.00: "just a text"
      LayoutSVGText {text} at (598,1603) size 77x22 contains 1 chunk(s)
        LayoutSVGInlineText {#text} at (598,1603) size 77x22
          chunk 1 text run 1 at (600.00,1620.00) startOffset 0 endOffset 11 width 75.00: "just a text"
      LayoutSVGText {text} at (698,1603) size 77x22 contains 1 chunk(s)
        LayoutSVGInlineText {#text} at (698,1603) size 77x22
          chunk 1 text run 1 at (700.00,1620.00) startOffset 0 endOffset 11 width 75.00: "just a text"
      LayoutSVGText {text} at (798,1603) size 77x22 contains 1 chunk(s)
        LayoutSVGInlineText {#text} at (798,1603) size 77x22
          chunk 1 text run 1 at (800.00,1620.00) startOffset 0 endOffset 11 width 75.00: "just a text"
      LayoutSVGText {text} at (898,1603) size 77x22 contains 1 chunk(s)
        LayoutSVGInlineText {#text} at (898,1603) size 77x22
          chunk 1 text run 1 at (900.00,1620.00) startOffset 0 endOffset 11 width 75.00: "just a text"
      LayoutSVGText {text} at (998,1603) size 77x22 contains 1 chunk(s)
        LayoutSVGInlineText {#text} at (998,1603) size 77x22
          chunk 1 text run 1 at (1000.00,1620.00) startOffset 0 endOffset 11 width 75.00: "just a text"
      LayoutSVGText {text} at (1098,1603) size 77x22 contains 1 chunk(s)
        LayoutSVGInlineText {#text} at (1098,1603) size 77x22
          chunk 1 text run 1 at (1100.00,1620.00) startOffset 0 endOffset 11 width 75.00: "just a text"
      LayoutSVGText {text} at (1198,1603) size 77x22 contains 1 chunk(s)
        LayoutSVGInlineText {#text} at (1198,1603) size 77x22
          chunk 1 text run 1 at (1200.00,1620.00) startOffset 0 endOffset 11 width 75.00: "just a text"
      LayoutSVGText {text} at (1298,1603) size 77x22 contains 1 chunk(s)
        LayoutSVGInlineText {#text} at (1298,1603) size 77x22
          chunk 1 text run 1 at (1300.00,1620.00) startOffset 0 endOffset 11 width 75.00: "just a text"
      LayoutSVGText {text} at (1398,1603) size 77x22 contains 1 chunk(s)
        LayoutSVGInlineText {#text} at (1398,1603) size 77x22
          chunk 1 text run 1 at (1400.00,1620.00) startOffset 0 endOffset 11 width 75.00: "just a text"
      LayoutSVGText {text} at (1498,1603) size 77x22 contains 1 chunk(s)
        LayoutSVGInlineText {#text} at (1498,1603) size 77x22
          chunk 1 text run 1 at (1500.00,1620.00) startOffset 0 endOffset 11 width 75.00: "just a text"
      LayoutSVGText {text} at (1598,1603) size 77x22 contains 1 chunk(s)
        LayoutSVGInlineText {#text} at (1598,1603) size 77x22
          chunk 1 text run 1 at (1600.00,1620.00) startOffset 0 endOffset 11 width 75.00: "just a text"
      LayoutSVGText {text} at (1698,1603) size 77x22 contains 1 chunk(s)
        LayoutSVGInlineText {#text} at (1698,1603) size 77x22
          chunk 1 text run 1 at (1700.00,1620.00) startOffset 0 endOffset 11 width 75.00: "just a text"
      LayoutSVGText {text} at (1798,1603) size 77x22 contains 1 chunk(s)
        LayoutSVGInlineText {#text} at (1798,1603) size 77x22
          chunk 1 text run 1 at (1800.00,1620.00) startOffset 0 endOffset 11 width 75.00: "just a text"
      LayoutSVGText {text} at (1898,1603) size 77x22 contains 1 chunk(s)
        LayoutSVGInlineText {#text} at (1898,1603) size 77x22
          chunk 1 text run 1 at (1900.00,1620.00) startOffset 0 endOffset 11 width 75.00: "just a text"
      LayoutSVGText {text} at (1998,1603) size 77x22 contains 1 chunk(s)
        LayoutSVGInlineText {#text} at (1998,1603) size 77x22
          chunk 1 text run 1 at (2000.00,1620.00) startOffset 0 endOffset 11 width 75.00: "just a text"
      LayoutSVGText {text} at (2098,1603) size 77x22 contains 1 chunk(s)
        LayoutSVGInlineText {#text} at (2098,1603) size 77x22
          chunk 1 text run 1 at (2100.00,1620.00) startOffset 0 endOffset 11 width 75.00: "just a text"
      LayoutSVGText {text} at (2198,1603) size 77x22 contains 1 chunk(s)
        LayoutSVGInlineText {#text} at (2198,1603) size 77x22
          chunk 1 text run 1 at (2200.00,1620.00) startOffset 0 endOffset 11 width 75.00: "just a text"
      LayoutSVGText {text} at (2298,1603) size 77x22 contains 1 chunk(s)
        LayoutSVGInlineText {#text} at (2298,1603) size 77x22
          chunk 1 text run 1 at (2300.00,1620.00) startOffset 0 endOffset 11 width 75.00: "just a text"
      LayoutSVGText {text} at (2398,1603) size 77x22 contains 1 chunk(s)
        LayoutSVGInlineText {#text} at (2398,1603) size 77x22
          chunk 1 text run 1 at (2400.00,1620.00) startOffset 0 endOffset 11 width 75.00: "just a text"
      LayoutSVGText {text} at (2498,1603) size 77x22 contains 1 chunk(s)
        LayoutSVGInlineText {#text} at (2498,1603) size 77x22
          chunk 1 text run 1 at (2500.00,1620.00) startOffset 0 endOffset 11 width 75.00: "just a text"
      LayoutSVGText {text} at (2598,1603) size 77x22 contains 1 chunk(s)
        LayoutSVGInlineText {#text} at (2598,1603) size 77x22
          chunk 1 text run 1 at (2600.00,1620.00) startOffset 0 endOffset 11 width 75.00: "just a text"
      LayoutSVGText {text} at (2698,1603) size 77x22 contains 1 chunk(s)
        LayoutSVGInlineText {#text} at (2698,1603) size 77x22
          chunk 1 text run 1 at (2700.00,1620.00) startOffset 0 endOffset 11 width 75.00: "just a text"
      LayoutSVGText {text} at (2798,1603) size 77x22 contains 1 chunk(s)
        LayoutSVGInlineText {#text} at (2798,1603) size 77x22
          chunk 1 text run 1 at (2800.00,1620.00) startOffset 0 endOffset 11 width 75.00: "just a text"
      LayoutSVGText {text} at (2898,1603) size 77x22 contains 1 chunk(s)
        LayoutSVGInlineText {#text} at (2898,1603) size 77x22
          chunk 1 text run 1 at (2900.00,1620.00) startOffset 0 endOffset 11 width 75.00: "just a text"
      LayoutSVGText {text} at (2998,1603) size 77x22 contains 1 chunk(s)
        LayoutSVGInlineText {#text} at (2998,1603) size 77x22
          chunk 1 text run 1 at (3000.00,1620.00) startOffset 0 endOffset 11 width 75.00: "just a text"
      LayoutSVGText {text} at (3098,1603) size 77x22 contains 1 chunk(s)
        LayoutSVGInlineText {#text} at (3098,1603) size 77x22
          chunk 1 text run 1 at (3100.00,1620.00) startOffset 0 endOffset 11 width 75.00: "just a text"
      LayoutSVGText {text} at (3198,1603) size 77x22 contains 1 chunk(s)
        LayoutSVGInlineText {#text} at (3198,1603) size 77x22
          chunk 1 text run 1 at (3200.00,1620.00) startOffset 0 endOffset 11 width 75.00: "just a text"
      LayoutSVGText {text} at (3298,1603) size 77x22 contains 1 chunk(s)
        LayoutSVGInlineText {#text} at (3298,1603) size 77x22
          chunk 1 text run 1 at (3300.00,1620.00) startOffset 0 endOffset 11 width 75.00: "just a text"
      LayoutSVGText {text} at (3398,1603) size 77x22 contains 1 chunk(s)
        LayoutSVGInlineText {#text} at (3398,1603) size 77x22
          chunk 1 text run 1 at (3400.00,1620.00) startOffset 0 endOffset 11 width 75.00: "just a text"
      LayoutSVGText {text} at (3498,1603) size 77x22 contains 1 chunk(s)
        LayoutSVGInlineText {#text} at (3498,1603) size 77x22
          chunk 1 text run 1 at (3500.00,1620.00) startOffset 0 endOffset 11 width 75.00: "just a text"
      LayoutSVGText {text} at (3598,1603) size 77x22 contains 1 chunk(s)
        LayoutSVGInlineText {#text} at (3598,1603) size 77x22
          chunk 1 text run 1 at (3600.00,1620.00) startOffset 0 endOffset 11 width 75.00: "just a text"
      LayoutSVGText {text} at (3698,1603) size 77x22 contains 1 chunk(s)
        LayoutSVGInlineText {#text} at (3698,1603) size 77x22
          chunk 1 text run 1 at (3700.00,1620.00) startOffset 0 endOffset 11 width 75.00: "just a text"
      LayoutSVGText {text} at (3798,1603) size 77x22 contains 1 chunk(s)
        LayoutSVGInlineText {#text} at (3798,1603) size 77x22
          chunk 1 text run 1 at (3800.00,1620.00) startOffset 0 endOffset 11 width 75.00: "just a text"
      LayoutSVGText {text} at (3898,1603) size 77x22 contains 1 chunk(s)
        LayoutSVGInlineText {#text} at (3898,1603) size 77x22
          chunk 1 text run 1 at (3900.00,1620.00) startOffset 0 endOffset 11 width 75.00: "just a text"
      LayoutSVGText {text} at (3998,1603) size 77x22 contains 1 chunk(s)
        LayoutSVGInlineText {#text} at (3998,1603) size 77x22
          chunk 1 text run 1 at (4000.00,1620.00) startOffset 0 endOffset 11 width 75.00: "just a text"
      LayoutSVGText {text} at (4098,1603) size 77x22 contains 1 chunk(s)
        LayoutSVGInlineText {#text} at (4098,1603) size 77x22
          chunk 1 text run 1 at (4100.00,1620.00) startOffset 0 endOffset 11 width 75.00: "just a text"
      LayoutSVGText {text} at (4198,1603) size 77x22 contains 1 chunk(s)
        LayoutSVGInlineText {#text} at (4198,1603) size 77x22
          chunk 1 text run 1 at (4200.00,1620.00) startOffset 0 endOffset 11 width 75.00: "just a text"
      LayoutSVGText {text} at (4298,1603) size 77x22 contains 1 chunk(s)
        LayoutSVGInlineText {#text} at (4298,1603) size 77x22
          chunk 1 text run 1 at (4300.00,1620.00) startOffset 0 endOffset 11 width 75.00: "just a text"
      LayoutSVGText {text} at (4398,1603) size 77x22 contains 1 chunk(s)
        LayoutSVGInlineText {#text} at (4398,1603) size 77x22
          chunk 1 text run 1 at (4400.00,1620.00) startOffset 0 endOffset 11 width 75.00: "just a text"
      LayoutSVGText {text} at (4498,1603) size 77x22 contains 1 chunk(s)
        LayoutSVGInlineText {#text} at (4498,1603) size 77x22
          chunk 1 text run 1 at (4500.00,1620.00) startOffset 0 endOffset 11 width 75.00: "just a text"
      LayoutSVGText {text} at (4598,1603) size 77x22 contains 1 chunk(s)
        LayoutSVGInlineText {#text} at (4598,1603) size 77x22
          chunk 1 text run 1 at (4600.00,1620.00) startOffset 0 endOffset 11 width 75.00: "just a text"
      LayoutSVGText {text} at (4698,1603) size 77x22 contains 1 chunk(s)
        LayoutSVGInlineText {#text} at (4698,1603) size 77x22
          chunk 1 text run 1 at (4700.00,1620.00) startOffset 0 endOffset 11 width 75.00: "just a text"
      LayoutSVGText {text} at (4798,1603) size 77x22 contains 1 chunk(s)
        LayoutSVGInlineText {#text} at (4798,1603) size 77x22
          chunk 1 text run 1 at (4800.00,1620.00) startOffset 0 endOffset 11 width 75.00: "just a text"
      LayoutSVGText {text} at (4898,1603) size 77x22 contains 1 chunk(s)
        LayoutSVGInlineText {#text} at (4898,1603) size 77x22
          chunk 1 text run 1 at (4900.00,1620.00) startOffset 0 endOffset 11 width 75.00: "just a text"
      LayoutSVGText {text} at (-2,1703) size 77x22 contains 1 chunk(s)
        LayoutSVGInlineText {#text} at (-2,1703) size 77x22
          chunk 1 text run 1 at (0.00,1720.00) startOffset 0 endOffset 11 width 75.00: "just a text"
      LayoutSVGText {text} at (98,1703) size 77x22 contains 1 chunk(s)
        LayoutSVGInlineText {#text} at (98,1703) size 77x22
          chunk 1 text run 1 at (100.00,1720.00) startOffset 0 endOffset 11 width 75.00: "just a text"
      LayoutSVGText {text} at (198,1703) size 77x22 contains 1 chunk(s)
        LayoutSVGInlineText {#text} at (198,1703) size 77x22
          chunk 1 text run 1 at (200.00,1720.00) startOffset 0 endOffset 11 width 75.00: "just a text"
      LayoutSVGText {text} at (298,1703) size 77x22 contains 1 chunk(s)
        LayoutSVGInlineText {#text} at (298,1703) size 77x22
          chunk 1 text run 1 at (300.00,1720.00) startOffset 0 endOffset 11 width 75.00: "just a text"
      LayoutSVGText {text} at (398,1703) size 77x22 contains 1 chunk(s)
        LayoutSVGInlineText {#text} at (398,1703) size 77x22
          chunk 1 text run 1 at (400.00,1720.00) startOffset 0 endOffset 11 width 75.00: "just a text"
      LayoutSVGText {text} at (498,1703) size 77x22 contains 1 chunk(s)
        LayoutSVGInlineText {#text} at (498,1703) size 77x22
          chunk 1 text run 1 at (500.00,1720.00) startOffset 0 endOffset 11 width 75.00: "just a text"
      LayoutSVGText {text} at (598,1703) size 77x22 contains 1 chunk(s)
        LayoutSVGInlineText {#text} at (598,1703) size 77x22
          chunk 1 text run 1 at (600.00,1720.00) startOffset 0 endOffset 11 width 75.00: "just a text"
      LayoutSVGText {text} at (698,1703) size 77x22 contains 1 chunk(s)
        LayoutSVGInlineText {#text} at (698,1703) size 77x22
          chunk 1 text run 1 at (700.00,1720.00) startOffset 0 endOffset 11 width 75.00: "just a text"
      LayoutSVGText {text} at (798,1703) size 77x22 contains 1 chunk(s)
        LayoutSVGInlineText {#text} at (798,1703) size 77x22
          chunk 1 text run 1 at (800.00,1720.00) startOffset 0 endOffset 11 width 75.00: "just a text"
      LayoutSVGText {text} at (898,1703) size 77x22 contains 1 chunk(s)
        LayoutSVGInlineText {#text} at (898,1703) size 77x22
          chunk 1 text run 1 at (900.00,1720.00) startOffset 0 endOffset 11 width 75.00: "just a text"
      LayoutSVGText {text} at (998,1703) size 77x22 contains 1 chunk(s)
        LayoutSVGInlineText {#text} at (998,1703) size 77x22
          chunk 1 text run 1 at (1000.00,1720.00) startOffset 0 endOffset 11 width 75.00: "just a text"
      LayoutSVGText {text} at (1098,1703) size 77x22 contains 1 chunk(s)
        LayoutSVGInlineText {#text} at (1098,1703) size 77x22
          chunk 1 text run 1 at (1100.00,1720.00) startOffset 0 endOffset 11 width 75.00: "just a text"
      LayoutSVGText {text} at (1198,1703) size 77x22 contains 1 chunk(s)
        LayoutSVGInlineText {#text} at (1198,1703) size 77x22
          chunk 1 text run 1 at (1200.00,1720.00) startOffset 0 endOffset 11 width 75.00: "just a text"
      LayoutSVGText {text} at (1298,1703) size 77x22 contains 1 chunk(s)
        LayoutSVGInlineText {#text} at (1298,1703) size 77x22
          chunk 1 text run 1 at (1300.00,1720.00) startOffset 0 endOffset 11 width 75.00: "just a text"
      LayoutSVGText {text} at (1398,1703) size 77x22 contains 1 chunk(s)
        LayoutSVGInlineText {#text} at (1398,1703) size 77x22
          chunk 1 text run 1 at (1400.00,1720.00) startOffset 0 endOffset 11 width 75.00: "just a text"
      LayoutSVGText {text} at (1498,1703) size 77x22 contains 1 chunk(s)
        LayoutSVGInlineText {#text} at (1498,1703) size 77x22
          chunk 1 text run 1 at (1500.00,1720.00) startOffset 0 endOffset 11 width 75.00: "just a text"
      LayoutSVGText {text} at (1598,1703) size 77x22 contains 1 chunk(s)
        LayoutSVGInlineText {#text} at (1598,1703) size 77x22
          chunk 1 text run 1 at (1600.00,1720.00) startOffset 0 endOffset 11 width 75.00: "just a text"
      LayoutSVGText {text} at (1698,1703) size 77x22 contains 1 chunk(s)
        LayoutSVGInlineText {#text} at (1698,1703) size 77x22
          chunk 1 text run 1 at (1700.00,1720.00) startOffset 0 endOffset 11 width 75.00: "just a text"
      LayoutSVGText {text} at (1798,1703) size 77x22 contains 1 chunk(s)
        LayoutSVGInlineText {#text} at (1798,1703) size 77x22
          chunk 1 text run 1 at (1800.00,1720.00) startOffset 0 endOffset 11 width 75.00: "just a text"
      LayoutSVGText {text} at (1898,1703) size 77x22 contains 1 chunk(s)
        LayoutSVGInlineText {#text} at (1898,1703) size 77x22
          chunk 1 text run 1 at (1900.00,1720.00) startOffset 0 endOffset 11 width 75.00: "just a text"
      LayoutSVGText {text} at (1998,1703) size 77x22 contains 1 chunk(s)
        LayoutSVGInlineText {#text} at (1998,1703) size 77x22
          chunk 1 text run 1 at (2000.00,1720.00) startOffset 0 endOffset 11 width 75.00: "just a text"
      LayoutSVGText {text} at (2098,1703) size 77x22 contains 1 chunk(s)
        LayoutSVGInlineText {#text} at (2098,1703) size 77x22
          chunk 1 text run 1 at (2100.00,1720.00) startOffset 0 endOffset 11 width 75.00: "just a text"
      LayoutSVGText {text} at (2198,1703) size 77x22 contains 1 chunk(s)
        LayoutSVGInlineText {#text} at (2198,1703) size 77x22
          chunk 1 text run 1 at (2200.00,1720.00) startOffset 0 endOffset 11 width 75.00: "just a text"
      LayoutSVGText {text} at (2298,1703) size 77x22 contains 1 chunk(s)
        LayoutSVGInlineText {#text} at (2298,1703) size 77x22
          chunk 1 text run 1 at (2300.00,1720.00) startOffset 0 endOffset 11 width 75.00: "just a text"
      LayoutSVGText {text} at (2398,1703) size 77x22 contains 1 chunk(s)
        LayoutSVGInlineText {#text} at (2398,1703) size 77x22
          chunk 1 text run 1 at (2400.00,1720.00) startOffset 0 endOffset 11 width 75.00: "just a text"
      LayoutSVGText {text} at (2498,1703) size 77x22 contains 1 chunk(s)
        LayoutSVGInlineText {#text} at (2498,1703) size 77x22
          chunk 1 text run 1 at (2500.00,1720.00) startOffset 0 endOffset 11 width 75.00: "just a text"
      LayoutSVGText {text} at (2598,1703) size 77x22 contains 1 chunk(s)
        LayoutSVGInlineText {#text} at (2598,1703) size 77x22
          chunk 1 text run 1 at (2600.00,1720.00) startOffset 0 endOffset 11 width 75.00: "just a text"
      LayoutSVGText {text} at (2698,1703) size 77x22 contains 1 chunk(s)
        LayoutSVGInlineText {#text} at (2698,1703) size 77x22
          chunk 1 text run 1 at (2700.00,1720.00) startOffset 0 endOffset 11 width 75.00: "just a text"
      LayoutSVGText {text} at (2798,1703) size 77x22 contains 1 chunk(s)
        LayoutSVGInlineText {#text} at (2798,1703) size 77x22
          chunk 1 text run 1 at (2800.00,1720.00) startOffset 0 endOffset 11 width 75.00: "just a text"
      LayoutSVGText {text} at (2898,1703) size 77x22 contains 1 chunk(s)
        LayoutSVGInlineText {#text} at (2898,1703) size 77x22
          chunk 1 text run 1 at (2900.00,1720.00) startOffset 0 endOffset 11 width 75.00: "just a text"
      LayoutSVGText {text} at (2998,1703) size 77x22 contains 1 chunk(s)
        LayoutSVGInlineText {#text} at (2998,1703) size 77x22
          chunk 1 text run 1 at (3000.00,1720.00) startOffset 0 endOffset 11 width 75.00: "just a text"
      LayoutSVGText {text} at (3098,1703) size 77x22 contains 1 chunk(s)
        LayoutSVGInlineText {#text} at (3098,1703) size 77x22
          chunk 1 text run 1 at (3100.00,1720.00) startOffset 0 endOffset 11 width 75.00: "just a text"
      LayoutSVGText {text} at (3198,1703) size 77x22 contains 1 chunk(s)
        LayoutSVGInlineText {#text} at (3198,1703) size 77x22
          chunk 1 text run 1 at (3200.00,1720.00) startOffset 0 endOffset 11 width 75.00: "just a text"
      LayoutSVGText {text} at (3298,1703) size 77x22 contains 1 chunk(s)
        LayoutSVGInlineText {#text} at (3298,1703) size 77x22
          chunk 1 text run 1 at (3300.00,1720.00) startOffset 0 endOffset 11 width 75.00: "just a text"
      LayoutSVGText {text} at (3398,1703) size 77x22 contains 1 chunk(s)
        LayoutSVGInlineText {#text} at (3398,1703) size 77x22
          chunk 1 text run 1 at (3400.00,1720.00) startOffset 0 endOffset 11 width 75.00: "just a text"
      LayoutSVGText {text} at (3498,1703) size 77x22 contains 1 chunk(s)
        LayoutSVGInlineText {#text} at (3498,1703) size 77x22
          chunk 1 text run 1 at (3500.00,1720.00) startOffset 0 endOffset 11 width 75.00: "just a text"
      LayoutSVGText {text} at (3598,1703) size 77x22 contains 1 chunk(s)
        LayoutSVGInlineText {#text} at (3598,1703) size 77x22
          chunk 1 text run 1 at (3600.00,1720.00) startOffset 0 endOffset 11 width 75.00: "just a text"
      LayoutSVGText {text} at (3698,1703) size 77x22 contains 1 chunk(s)
        LayoutSVGInlineText {#text} at (3698,1703) size 77x22
          chunk 1 text run 1 at (3700.00,1720.00) startOffset 0 endOffset 11 width 75.00: "just a text"
      LayoutSVGText {text} at (3798,1703) size 77x22 contains 1 chunk(s)
        LayoutSVGInlineText {#text} at (3798,1703) size 77x22
          chunk 1 text run 1 at (3800.00,1720.00) startOffset 0 endOffset 11 width 75.00: "just a text"
      LayoutSVGText {text} at (3898,1703) size 77x22 contains 1 chunk(s)
        LayoutSVGInlineText {#text} at (3898,1703) size 77x22
          chunk 1 text run 1 at (3900.00,1720.00) startOffset 0 endOffset 11 width 75.00: "just a text"
      LayoutSVGText {text} at (3998,1703) size 77x22 contains 1 chunk(s)
        LayoutSVGInlineText {#text} at (3998,1703) size 77x22
          chunk 1 text run 1 at (4000.00,1720.00) startOffset 0 endOffset 11 width 75.00: "just a text"
      LayoutSVGText {text} at (4098,1703) size 77x22 contains 1 chunk(s)
        LayoutSVGInlineText {#text} at (4098,1703) size 77x22
          chunk 1 text run 1 at (4100.00,1720.00) startOffset 0 endOffset 11 width 75.00: "just a text"
      LayoutSVGText {text} at (4198,1703) size 77x22 contains 1 chunk(s)
        LayoutSVGInlineText {#text} at (4198,1703) size 77x22
          chunk 1 text run 1 at (4200.00,1720.00) startOffset 0 endOffset 11 width 75.00: "just a text"
      LayoutSVGText {text} at (4298,1703) size 77x22 contains 1 chunk(s)
        LayoutSVGInlineText {#text} at (4298,1703) size 77x22
          chunk 1 text run 1 at (4300.00,1720.00) startOffset 0 endOffset 11 width 75.00: "just a text"
      LayoutSVGText {text} at (4398,1703) size 77x22 contains 1 chunk(s)
        LayoutSVGInlineText {#text} at (4398,1703) size 77x22
          chunk 1 text run 1 at (4400.00,1720.00) startOffset 0 endOffset 11 width 75.00: "just a text"
      LayoutSVGText {text} at (4498,1703) size 77x22 contains 1 chunk(s)
        LayoutSVGInlineText {#text} at (4498,1703) size 77x22
          chunk 1 text run 1 at (4500.00,1720.00) startOffset 0 endOffset 11 width 75.00: "just a text"
      LayoutSVGText {text} at (4598,1703) size 77x22 contains 1 chunk(s)
        LayoutSVGInlineText {#text} at (4598,1703) size 77x22
          chunk 1 text run 1 at (4600.00,1720.00) startOffset 0 endOffset 11 width 75.00: "just a text"
      LayoutSVGText {text} at (4698,1703) size 77x22 contains 1 chunk(s)
        LayoutSVGInlineText {#text} at (4698,1703) size 77x22
          chunk 1 text run 1 at (4700.00,1720.00) startOffset 0 endOffset 11 width 75.00: "just a text"
      LayoutSVGText {text} at (4798,1703) size 77x22 contains 1 chunk(s)
        LayoutSVGInlineText {#text} at (4798,1703) size 77x22
          chunk 1 text run 1 at (4800.00,1720.00) startOffset 0 endOffset 11 width 75.00: "just a text"
      LayoutSVGText {text} at (4898,1703) size 77x22 contains 1 chunk(s)
        LayoutSVGInlineText {#text} at (4898,1703) size 77x22
          chunk 1 text run 1 at (4900.00,1720.00) startOffset 0 endOffset 11 width 75.00: "just a text"
      LayoutSVGText {text} at (-2,1803) size 77x22 contains 1 chunk(s)
        LayoutSVGInlineText {#text} at (-2,1803) size 77x22
          chunk 1 text run 1 at (0.00,1820.00) startOffset 0 endOffset 11 width 75.00: "just a text"
      LayoutSVGText {text} at (98,1803) size 77x22 contains 1 chunk(s)
        LayoutSVGInlineText {#text} at (98,1803) size 77x22
          chunk 1 text run 1 at (100.00,1820.00) startOffset 0 endOffset 11 width 75.00: "just a text"
      LayoutSVGText {text} at (198,1803) size 77x22 contains 1 chunk(s)
        LayoutSVGInlineText {#text} at (198,1803) size 77x22
          chunk 1 text run 1 at (200.00,1820.00) startOffset 0 endOffset 11 width 75.00: "just a text"
      LayoutSVGText {text} at (298,1803) size 77x22 contains 1 chunk(s)
        LayoutSVGInlineText {#text} at (298,1803) size 77x22
          chunk 1 text run 1 at (300.00,1820.00) startOffset 0 endOffset 11 width 75.00: "just a text"
      LayoutSVGText {text} at (398,1803) size 77x22 contains 1 chunk(s)
        LayoutSVGInlineText {#text} at (398,1803) size 77x22
          chunk 1 text run 1 at (400.00,1820.00) startOffset 0 endOffset 11 width 75.00: "just a text"
      LayoutSVGText {text} at (498,1803) size 77x22 contains 1 chunk(s)
        LayoutSVGInlineText {#text} at (498,1803) size 77x22
          chunk 1 text run 1 at (500.00,1820.00) startOffset 0 endOffset 11 width 75.00: "just a text"
      LayoutSVGText {text} at (598,1803) size 77x22 contains 1 chunk(s)
        LayoutSVGInlineText {#text} at (598,1803) size 77x22
          chunk 1 text run 1 at (600.00,1820.00) startOffset 0 endOffset 11 width 75.00: "just a text"
      LayoutSVGText {text} at (698,1803) size 77x22 contains 1 chunk(s)
        LayoutSVGInlineText {#text} at (698,1803) size 77x22
          chunk 1 text run 1 at (700.00,1820.00) startOffset 0 endOffset 11 width 75.00: "just a text"
      LayoutSVGText {text} at (798,1803) size 77x22 contains 1 chunk(s)
        LayoutSVGInlineText {#text} at (798,1803) size 77x22
          chunk 1 text run 1 at (800.00,1820.00) startOffset 0 endOffset 11 width 75.00: "just a text"
      LayoutSVGText {text} at (898,1803) size 77x22 contains 1 chunk(s)
        LayoutSVGInlineText {#text} at (898,1803) size 77x22
          chunk 1 text run 1 at (900.00,1820.00) startOffset 0 endOffset 11 width 75.00: "just a text"
      LayoutSVGText {text} at (998,1803) size 77x22 contains 1 chunk(s)
        LayoutSVGInlineText {#text} at (998,1803) size 77x22
          chunk 1 text run 1 at (1000.00,1820.00) startOffset 0 endOffset 11 width 75.00: "just a text"
      LayoutSVGText {text} at (1098,1803) size 77x22 contains 1 chunk(s)
        LayoutSVGInlineText {#text} at (1098,1803) size 77x22
          chunk 1 text run 1 at (1100.00,1820.00) startOffset 0 endOffset 11 width 75.00: "just a text"
      LayoutSVGText {text} at (1198,1803) size 77x22 contains 1 chunk(s)
        LayoutSVGInlineText {#text} at (1198,1803) size 77x22
          chunk 1 text run 1 at (1200.00,1820.00) startOffset 0 endOffset 11 width 75.00: "just a text"
      LayoutSVGText {text} at (1298,1803) size 77x22 contains 1 chunk(s)
        LayoutSVGInlineText {#text} at (1298,1803) size 77x22
          chunk 1 text run 1 at (1300.00,1820.00) startOffset 0 endOffset 11 width 75.00: "just a text"
      LayoutSVGText {text} at (1398,1803) size 77x22 contains 1 chunk(s)
        LayoutSVGInlineText {#text} at (1398,1803) size 77x22
          chunk 1 text run 1 at (1400.00,1820.00) startOffset 0 endOffset 11 width 75.00: "just a text"
      LayoutSVGText {text} at (1498,1803) size 77x22 contains 1 chunk(s)
        LayoutSVGInlineText {#text} at (1498,1803) size 77x22
          chunk 1 text run 1 at (1500.00,1820.00) startOffset 0 endOffset 11 width 75.00: "just a text"
      LayoutSVGText {text} at (1598,1803) size 77x22 contains 1 chunk(s)
        LayoutSVGInlineText {#text} at (1598,1803) size 77x22
          chunk 1 text run 1 at (1600.00,1820.00) startOffset 0 endOffset 11 width 75.00: "just a text"
      LayoutSVGText {text} at (1698,1803) size 77x22 contains 1 chunk(s)
        LayoutSVGInlineText {#text} at (1698,1803) size 77x22
          chunk 1 text run 1 at (1700.00,1820.00) startOffset 0 endOffset 11 width 75.00: "just a text"
      LayoutSVGText {text} at (1798,1803) size 77x22 contains 1 chunk(s)
        LayoutSVGInlineText {#text} at (1798,1803) size 77x22
          chunk 1 text run 1 at (1800.00,1820.00) startOffset 0 endOffset 11 width 75.00: "just a text"
      LayoutSVGText {text} at (1898,1803) size 77x22 contains 1 chunk(s)
        LayoutSVGInlineText {#text} at (1898,1803) size 77x22
          chunk 1 text run 1 at (1900.00,1820.00) startOffset 0 endOffset 11 width 75.00: "just a text"
      LayoutSVGText {text} at (1998,1803) size 77x22 contains 1 chunk(s)
        LayoutSVGInlineText {#text} at (1998,1803) size 77x22
          chunk 1 text run 1 at (2000.00,1820.00) startOffset 0 endOffset 11 width 75.00: "just a text"
      LayoutSVGText {text} at (2098,1803) size 77x22 contains 1 chunk(s)
        LayoutSVGInlineText {#text} at (2098,1803) size 77x22
          chunk 1 text run 1 at (2100.00,1820.00) startOffset 0 endOffset 11 width 75.00: "just a text"
      LayoutSVGText {text} at (2198,1803) size 77x22 contains 1 chunk(s)
        LayoutSVGInlineText {#text} at (2198,1803) size 77x22
          chunk 1 text run 1 at (2200.00,1820.00) startOffset 0 endOffset 11 width 75.00: "just a text"
      LayoutSVGText {text} at (2298,1803) size 77x22 contains 1 chunk(s)
        LayoutSVGInlineText {#text} at (2298,1803) size 77x22
          chunk 1 text run 1 at (2300.00,1820.00) startOffset 0 endOffset 11 width 75.00: "just a text"
      LayoutSVGText {text} at (2398,1803) size 77x22 contains 1 chunk(s)
        LayoutSVGInlineText {#text} at (2398,1803) size 77x22
          chunk 1 text run 1 at (2400.00,1820.00) startOffset 0 endOffset 11 width 75.00: "just a text"
      LayoutSVGText {text} at (2498,1803) size 77x22 contains 1 chunk(s)
        LayoutSVGInlineText {#text} at (2498,1803) size 77x22
          chunk 1 text run 1 at (2500.00,1820.00) startOffset 0 endOffset 11 width 75.00: "just a text"
      LayoutSVGText {text} at (2598,1803) size 77x22 contains 1 chunk(s)
        LayoutSVGInlineText {#text} at (2598,1803) size 77x22
          chunk 1 text run 1 at (2600.00,1820.00) startOffset 0 endOffset 11 width 75.00: "just a text"
      LayoutSVGText {text} at (2698,1803) size 77x22 contains 1 chunk(s)
        LayoutSVGInlineText {#text} at (2698,1803) size 77x22
          chunk 1 text run 1 at (2700.00,1820.00) startOffset 0 endOffset 11 width 75.00: "just a text"
      LayoutSVGText {text} at (2798,1803) size 77x22 contains 1 chunk(s)
        LayoutSVGInlineText {#text} at (2798,1803) size 77x22
          chunk 1 text run 1 at (2800.00,1820.00) startOffset 0 endOffset 11 width 75.00: "just a text"
      LayoutSVGText {text} at (2898,1803) size 77x22 contains 1 chunk(s)
        LayoutSVGInlineText {#text} at (2898,1803) size 77x22
          chunk 1 text run 1 at (2900.00,1820.00) startOffset 0 endOffset 11 width 75.00: "just a text"
      LayoutSVGText {text} at (2998,1803) size 77x22 contains 1 chunk(s)
        LayoutSVGInlineText {#text} at (2998,1803) size 77x22
          chunk 1 text run 1 at (3000.00,1820.00) startOffset 0 endOffset 11 width 75.00: "just a text"
      LayoutSVGText {text} at (3098,1803) size 77x22 contains 1 chunk(s)
        LayoutSVGInlineText {#text} at (3098,1803) size 77x22
          chunk 1 text run 1 at (3100.00,1820.00) startOffset 0 endOffset 11 width 75.00: "just a text"
      LayoutSVGText {text} at (3198,1803) size 77x22 contains 1 chunk(s)
        LayoutSVGInlineText {#text} at (3198,1803) size 77x22
          chunk 1 text run 1 at (3200.00,1820.00) startOffset 0 endOffset 11 width 75.00: "just a text"
      LayoutSVGText {text} at (3298,1803) size 77x22 contains 1 chunk(s)
        LayoutSVGInlineText {#text} at (3298,1803) size 77x22
          chunk 1 text run 1 at (3300.00,1820.00) startOffset 0 endOffset 11 width 75.00: "just a text"
      LayoutSVGText {text} at (3398,1803) size 77x22 contains 1 chunk(s)
        LayoutSVGInlineText {#text} at (3398,1803) size 77x22
          chunk 1 text run 1 at (3400.00,1820.00) startOffset 0 endOffset 11 width 75.00: "just a text"
      LayoutSVGText {text} at (3498,1803) size 77x22 contains 1 chunk(s)
        LayoutSVGInlineText {#text} at (3498,1803) size 77x22
          chunk 1 text run 1 at (3500.00,1820.00) startOffset 0 endOffset 11 width 75.00: "just a text"
      LayoutSVGText {text} at (3598,1803) size 77x22 contains 1 chunk(s)
        LayoutSVGInlineText {#text} at (3598,1803) size 77x22
          chunk 1 text run 1 at (3600.00,1820.00) startOffset 0 endOffset 11 width 75.00: "just a text"
      LayoutSVGText {text} at (3698,1803) size 77x22 contains 1 chunk(s)
        LayoutSVGInlineText {#text} at (3698,1803) size 77x22
          chunk 1 text run 1 at (3700.00,1820.00) startOffset 0 endOffset 11 width 75.00: "just a text"
      LayoutSVGText {text} at (3798,1803) size 77x22 contains 1 chunk(s)
        LayoutSVGInlineText {#text} at (3798,1803) size 77x22
          chunk 1 text run 1 at (3800.00,1820.00) startOffset 0 endOffset 11 width 75.00: "just a text"
      LayoutSVGText {text} at (3898,1803) size 77x22 contains 1 chunk(s)
        LayoutSVGInlineText {#text} at (3898,1803) size 77x22
          chunk 1 text run 1 at (3900.00,1820.00) startOffset 0 endOffset 11 width 75.00: "just a text"
      LayoutSVGText {text} at (3998,1803) size 77x22 contains 1 chunk(s)
        LayoutSVGInlineText {#text} at (3998,1803) size 77x22
          chunk 1 text run 1 at (4000.00,1820.00) startOffset 0 endOffset 11 width 75.00: "just a text"
      LayoutSVGText {text} at (4098,1803) size 77x22 contains 1 chunk(s)
        LayoutSVGInlineText {#text} at (4098,1803) size 77x22
          chunk 1 text run 1 at (4100.00,1820.00) startOffset 0 endOffset 11 width 75.00: "just a text"
      LayoutSVGText {text} at (4198,1803) size 77x22 contains 1 chunk(s)
        LayoutSVGInlineText {#text} at (4198,1803) size 77x22
          chunk 1 text run 1 at (4200.00,1820.00) startOffset 0 endOffset 11 width 75.00: "just a text"
      LayoutSVGText {text} at (4298,1803) size 77x22 contains 1 chunk(s)
        LayoutSVGInlineText {#text} at (4298,1803) size 77x22
          chunk 1 text run 1 at (4300.00,1820.00) startOffset 0 endOffset 11 width 75.00: "just a text"
      LayoutSVGText {text} at (4398,1803) size 77x22 contains 1 chunk(s)
        LayoutSVGInlineText {#text} at (4398,1803) size 77x22
          chunk 1 text run 1 at (4400.00,1820.00) startOffset 0 endOffset 11 width 75.00: "just a text"
      LayoutSVGText {text} at (4498,1803) size 77x22 contains 1 chunk(s)
        LayoutSVGInlineText {#text} at (4498,1803) size 77x22
          chunk 1 text run 1 at (4500.00,1820.00) startOffset 0 endOffset 11 width 75.00: "just a text"
      LayoutSVGText {text} at (4598,1803) size 77x22 contains 1 chunk(s)
        LayoutSVGInlineText {#text} at (4598,1803) size 77x22
          chunk 1 text run 1 at (4600.00,1820.00) startOffset 0 endOffset 11 width 75.00: "just a text"
      LayoutSVGText {text} at (4698,1803) size 77x22 contains 1 chunk(s)
        LayoutSVGInlineText {#text} at (4698,1803) size 77x22
          chunk 1 text run 1 at (4700.00,1820.00) startOffset 0 endOffset 11 width 75.00: "just a text"
      LayoutSVGText {text} at (4798,1803) size 77x22 contains 1 chunk(s)
        LayoutSVGInlineText {#text} at (4798,1803) size 77x22
          chunk 1 text run 1 at (4800.00,1820.00) startOffset 0 endOffset 11 width 75.00: "just a text"
      LayoutSVGText {text} at (4898,1803) size 77x22 contains 1 chunk(s)
        LayoutSVGInlineText {#text} at (4898,1803) size 77x22
          chunk 1 text run 1 at (4900.00,1820.00) startOffset 0 endOffset 11 width 75.00: "just a text"
      LayoutSVGText {text} at (-2,1903) size 77x22 contains 1 chunk(s)
        LayoutSVGInlineText {#text} at (-2,1903) size 77x22
          chunk 1 text run 1 at (0.00,1920.00) startOffset 0 endOffset 11 width 75.00: "just a text"
      LayoutSVGText {text} at (98,1903) size 77x22 contains 1 chunk(s)
        LayoutSVGInlineText {#text} at (98,1903) size 77x22
          chunk 1 text run 1 at (100.00,1920.00) startOffset 0 endOffset 11 width 75.00: "just a text"
      LayoutSVGText {text} at (198,1903) size 77x22 contains 1 chunk(s)
        LayoutSVGInlineText {#text} at (198,1903) size 77x22
          chunk 1 text run 1 at (200.00,1920.00) startOffset 0 endOffset 11 width 75.00: "just a text"
      LayoutSVGText {text} at (298,1903) size 77x22 contains 1 chunk(s)
        LayoutSVGInlineText {#text} at (298,1903) size 77x22
          chunk 1 text run 1 at (300.00,1920.00) startOffset 0 endOffset 11 width 75.00: "just a text"
      LayoutSVGText {text} at (398,1903) size 77x22 contains 1 chunk(s)
        LayoutSVGInlineText {#text} at (398,1903) size 77x22
          chunk 1 text run 1 at (400.00,1920.00) startOffset 0 endOffset 11 width 75.00: "just a text"
      LayoutSVGText {text} at (498,1903) size 77x22 contains 1 chunk(s)
        LayoutSVGInlineText {#text} at (498,1903) size 77x22
          chunk 1 text run 1 at (500.00,1920.00) startOffset 0 endOffset 11 width 75.00: "just a text"
      LayoutSVGText {text} at (598,1903) size 77x22 contains 1 chunk(s)
        LayoutSVGInlineText {#text} at (598,1903) size 77x22
          chunk 1 text run 1 at (600.00,1920.00) startOffset 0 endOffset 11 width 75.00: "just a text"
      LayoutSVGText {text} at (698,1903) size 77x22 contains 1 chunk(s)
        LayoutSVGInlineText {#text} at (698,1903) size 77x22
          chunk 1 text run 1 at (700.00,1920.00) startOffset 0 endOffset 11 width 75.00: "just a text"
      LayoutSVGText {text} at (798,1903) size 77x22 contains 1 chunk(s)
        LayoutSVGInlineText {#text} at (798,1903) size 77x22
          chunk 1 text run 1 at (800.00,1920.00) startOffset 0 endOffset 11 width 75.00: "just a text"
      LayoutSVGText {text} at (898,1903) size 77x22 contains 1 chunk(s)
        LayoutSVGInlineText {#text} at (898,1903) size 77x22
          chunk 1 text run 1 at (900.00,1920.00) startOffset 0 endOffset 11 width 75.00: "just a text"
      LayoutSVGText {text} at (998,1903) size 77x22 contains 1 chunk(s)
        LayoutSVGInlineText {#text} at (998,1903) size 77x22
          chunk 1 text run 1 at (1000.00,1920.00) startOffset 0 endOffset 11 width 75.00: "just a text"
      LayoutSVGText {text} at (1098,1903) size 77x22 contains 1 chunk(s)
        LayoutSVGInlineText {#text} at (1098,1903) size 77x22
          chunk 1 text run 1 at (1100.00,1920.00) startOffset 0 endOffset 11 width 75.00: "just a text"
      LayoutSVGText {text} at (1198,1903) size 77x22 contains 1 chunk(s)
        LayoutSVGInlineText {#text} at (1198,1903) size 77x22
          chunk 1 text run 1 at (1200.00,1920.00) startOffset 0 endOffset 11 width 75.00: "just a text"
      LayoutSVGText {text} at (1298,1903) size 77x22 contains 1 chunk(s)
        LayoutSVGInlineText {#text} at (1298,1903) size 77x22
          chunk 1 text run 1 at (1300.00,1920.00) startOffset 0 endOffset 11 width 75.00: "just a text"
      LayoutSVGText {text} at (1398,1903) size 77x22 contains 1 chunk(s)
        LayoutSVGInlineText {#text} at (1398,1903) size 77x22
          chunk 1 text run 1 at (1400.00,1920.00) startOffset 0 endOffset 11 width 75.00: "just a text"
      LayoutSVGText {text} at (1498,1903) size 77x22 contains 1 chunk(s)
        LayoutSVGInlineText {#text} at (1498,1903) size 77x22
          chunk 1 text run 1 at (1500.00,1920.00) startOffset 0 endOffset 11 width 75.00: "just a text"
      LayoutSVGText {text} at (1598,1903) size 77x22 contains 1 chunk(s)
        LayoutSVGInlineText {#text} at (1598,1903) size 77x22
          chunk 1 text run 1 at (1600.00,1920.00) startOffset 0 endOffset 11 width 75.00: "just a text"
      LayoutSVGText {text} at (1698,1903) size 77x22 contains 1 chunk(s)
        LayoutSVGInlineText {#text} at (1698,1903) size 77x22
          chunk 1 text run 1 at (1700.00,1920.00) startOffset 0 endOffset 11 width 75.00: "just a text"
      LayoutSVGText {text} at (1798,1903) size 77x22 contains 1 chunk(s)
        LayoutSVGInlineText {#text} at (1798,1903) size 77x22
          chunk 1 text run 1 at (1800.00,1920.00) startOffset 0 endOffset 11 width 75.00: "just a text"
      LayoutSVGText {text} at (1898,1903) size 77x22 contains 1 chunk(s)
        LayoutSVGInlineText {#text} at (1898,1903) size 77x22
          chunk 1 text run 1 at (1900.00,1920.00) startOffset 0 endOffset 11 width 75.00: "just a text"
      LayoutSVGText {text} at (1998,1903) size 77x22 contains 1 chunk(s)
        LayoutSVGInlineText {#text} at (1998,1903) size 77x22
          chunk 1 text run 1 at (2000.00,1920.00) startOffset 0 endOffset 11 width 75.00: "just a text"
      LayoutSVGText {text} at (2098,1903) size 77x22 contains 1 chunk(s)
        LayoutSVGInlineText {#text} at (2098,1903) size 77x22
          chunk 1 text run 1 at (2100.00,1920.00) startOffset 0 endOffset 11 width 75.00: "just a text"
      LayoutSVGText {text} at (2198,1903) size 77x22 contains 1 chunk(s)
        LayoutSVGInlineText {#text} at (2198,1903) size 77x22
          chunk 1 text run 1 at (2200.00,1920.00) startOffset 0 endOffset 11 width 75.00: "just a text"
      LayoutSVGText {text} at (2298,1903) size 77x22 contains 1 chunk(s)
        LayoutSVGInlineText {#text} at (2298,1903) size 77x22
          chunk 1 text run 1 at (2300.00,1920.00) startOffset 0 endOffset 11 width 75.00: "just a text"
      LayoutSVGText {text} at (2398,1903) size 77x22 contains 1 chunk(s)
        LayoutSVGInlineText {#text} at (2398,1903) size 77x22
          chunk 1 text run 1 at (2400.00,1920.00) startOffset 0 endOffset 11 width 75.00: "just a text"
      LayoutSVGText {text} at (2498,1903) size 77x22 contains 1 chunk(s)
        LayoutSVGInlineText {#text} at (2498,1903) size 77x22
          chunk 1 text run 1 at (2500.00,1920.00) startOffset 0 endOffset 11 width 75.00: "just a text"
      LayoutSVGText {text} at (2598,1903) size 77x22 contains 1 chunk(s)
        LayoutSVGInlineText {#text} at (2598,1903) size 77x22
          chunk 1 text run 1 at (2600.00,1920.00) startOffset 0 endOffset 11 width 75.00: "just a text"
      LayoutSVGText {text} at (2698,1903) size 77x22 contains 1 chunk(s)
        LayoutSVGInlineText {#text} at (2698,1903) size 77x22
          chunk 1 text run 1 at (2700.00,1920.00) startOffset 0 endOffset 11 width 75.00: "just a text"
      LayoutSVGText {text} at (2798,1903) size 77x22 contains 1 chunk(s)
        LayoutSVGInlineText {#text} at (2798,1903) size 77x22
          chunk 1 text run 1 at (2800.00,1920.00) startOffset 0 endOffset 11 width 75.00: "just a text"
      LayoutSVGText {text} at (2898,1903) size 77x22 contains 1 chunk(s)
        LayoutSVGInlineText {#text} at (2898,1903) size 77x22
          chunk 1 text run 1 at (2900.00,1920.00) startOffset 0 endOffset 11 width 75.00: "just a text"
      LayoutSVGText {text} at (2998,1903) size 77x22 contains 1 chunk(s)
        LayoutSVGInlineText {#text} at (2998,1903) size 77x22
          chunk 1 text run 1 at (3000.00,1920.00) startOffset 0 endOffset 11 width 75.00: "just a text"
      LayoutSVGText {text} at (3098,1903) size 77x22 contains 1 chunk(s)
        LayoutSVGInlineText {#text} at (3098,1903) size 77x22
          chunk 1 text run 1 at (3100.00,1920.00) startOffset 0 endOffset 11 width 75.00: "just a text"
      LayoutSVGText {text} at (3198,1903) size 77x22 contains 1 chunk(s)
        LayoutSVGInlineText {#text} at (3198,1903) size 77x22
          chunk 1 text run 1 at (3200.00,1920.00) startOffset 0 endOffset 11 width 75.00: "just a text"
      LayoutSVGText {text} at (3298,1903) size 77x22 contains 1 chunk(s)
        LayoutSVGInlineText {#text} at (3298,1903) size 77x22
          chunk 1 text run 1 at (3300.00,1920.00) startOffset 0 endOffset 11 width 75.00: "just a text"
      LayoutSVGText {text} at (3398,1903) size 77x22 contains 1 chunk(s)
        LayoutSVGInlineText {#text} at (3398,1903) size 77x22
          chunk 1 text run 1 at (3400.00,1920.00) startOffset 0 endOffset 11 width 75.00: "just a text"
      LayoutSVGText {text} at (3498,1903) size 77x22 contains 1 chunk(s)
        LayoutSVGInlineText {#text} at (3498,1903) size 77x22
          chunk 1 text run 1 at (3500.00,1920.00) startOffset 0 endOffset 11 width 75.00: "just a text"
      LayoutSVGText {text} at (3598,1903) size 77x22 contains 1 chunk(s)
        LayoutSVGInlineText {#text} at (3598,1903) size 77x22
          chunk 1 text run 1 at (3600.00,1920.00) startOffset 0 endOffset 11 width 75.00: "just a text"
      LayoutSVGText {text} at (3698,1903) size 77x22 contains 1 chunk(s)
        LayoutSVGInlineText {#text} at (3698,1903) size 77x22
          chunk 1 text run 1 at (3700.00,1920.00) startOffset 0 endOffset 11 width 75.00: "just a text"
      LayoutSVGText {text} at (3798,1903) size 77x22 contains 1 chunk(s)
        LayoutSVGInlineText {#text} at (3798,1903) size 77x22
          chunk 1 text run 1 at (3800.00,1920.00) startOffset 0 endOffset 11 width 75.00: "just a text"
      LayoutSVGText {text} at (3898,1903) size 77x22 contains 1 chunk(s)
        LayoutSVGInlineText {#text} at (3898,1903) size 77x22
          chunk 1 text run 1 at (3900.00,1920.00) startOffset 0 endOffset 11 width 75.00: "just a text"
      LayoutSVGText {text} at (3998,1903) size 77x22 contains 1 chunk(s)
        LayoutSVGInlineText {#text} at (3998,1903) size 77x22
          chunk 1 text run 1 at (4000.00,1920.00) startOffset 0 endOffset 11 width 75.00: "just a text"
      LayoutSVGText {text} at (4098,1903) size 77x22 contains 1 chunk(s)
        LayoutSVGInlineText {#text} at (4098,1903) size 77x22
          chunk 1 text run 1 at (4100.00,1920.00) startOffset 0 endOffset 11 width 75.00: "just a text"
      LayoutSVGText {text} at (4198,1903) size 77x22 contains 1 chunk(s)
        LayoutSVGInlineText {#text} at (4198,1903) size 77x22
          chunk 1 text run 1 at (4200.00,1920.00) startOffset 0 endOffset 11 width 75.00: "just a text"
      LayoutSVGText {text} at (4298,1903) size 77x22 contains 1 chunk(s)
        LayoutSVGInlineText {#text} at (4298,1903) size 77x22
          chunk 1 text run 1 at (4300.00,1920.00) startOffset 0 endOffset 11 width 75.00: "just a text"
      LayoutSVGText {text} at (4398,1903) size 77x22 contains 1 chunk(s)
        LayoutSVGInlineText {#text} at (4398,1903) size 77x22
          chunk 1 text run 1 at (4400.00,1920.00) startOffset 0 endOffset 11 width 75.00: "just a text"
      LayoutSVGText {text} at (4498,1903) size 77x22 contains 1 chunk(s)
        LayoutSVGInlineText {#text} at (4498,1903) size 77x22
          chunk 1 text run 1 at (4500.00,1920.00) startOffset 0 endOffset 11 width 75.00: "just a text"
      LayoutSVGText {text} at (4598,1903) size 77x22 contains 1 chunk(s)
        LayoutSVGInlineText {#text} at (4598,1903) size 77x22
          chunk 1 text run 1 at (4600.00,1920.00) startOffset 0 endOffset 11 width 75.00: "just a text"
      LayoutSVGText {text} at (4698,1903) size 77x22 contains 1 chunk(s)
        LayoutSVGInlineText {#text} at (4698,1903) size 77x22
          chunk 1 text run 1 at (4700.00,1920.00) startOffset 0 endOffset 11 width 75.00: "just a text"
      LayoutSVGText {text} at (4798,1903) size 77x22 contains 1 chunk(s)
        LayoutSVGInlineText {#text} at (4798,1903) size 77x22
          chunk 1 text run 1 at (4800.00,1920.00) startOffset 0 endOffset 11 width 75.00: "just a text"
      LayoutSVGText {text} at (4898,1903) size 77x22 contains 1 chunk(s)
        LayoutSVGInlineText {#text} at (4898,1903) size 77x22
          chunk 1 text run 1 at (4900.00,1920.00) startOffset 0 endOffset 11 width 75.00: "just a text"
      LayoutSVGText {text} at (-2,2003) size 77x22 contains 1 chunk(s)
        LayoutSVGInlineText {#text} at (-2,2003) size 77x22
          chunk 1 text run 1 at (0.00,2020.00) startOffset 0 endOffset 11 width 75.00: "just a text"
      LayoutSVGText {text} at (98,2003) size 77x22 contains 1 chunk(s)
        LayoutSVGInlineText {#text} at (98,2003) size 77x22
          chunk 1 text run 1 at (100.00,2020.00) startOffset 0 endOffset 11 width 75.00: "just a text"
      LayoutSVGText {text} at (198,2003) size 77x22 contains 1 chunk(s)
        LayoutSVGInlineText {#text} at (198,2003) size 77x22
          chunk 1 text run 1 at (200.00,2020.00) startOffset 0 endOffset 11 width 75.00: "just a text"
      LayoutSVGText {text} at (298,2003) size 77x22 contains 1 chunk(s)
        LayoutSVGInlineText {#text} at (298,2003) size 77x22
          chunk 1 text run 1 at (300.00,2020.00) startOffset 0 endOffset 11 width 75.00: "just a text"
      LayoutSVGText {text} at (398,2003) size 77x22 contains 1 chunk(s)
        LayoutSVGInlineText {#text} at (398,2003) size 77x22
          chunk 1 text run 1 at (400.00,2020.00) startOffset 0 endOffset 11 width 75.00: "just a text"
      LayoutSVGText {text} at (498,2003) size 77x22 contains 1 chunk(s)
        LayoutSVGInlineText {#text} at (498,2003) size 77x22
          chunk 1 text run 1 at (500.00,2020.00) startOffset 0 endOffset 11 width 75.00: "just a text"
      LayoutSVGText {text} at (598,2003) size 77x22 contains 1 chunk(s)
        LayoutSVGInlineText {#text} at (598,2003) size 77x22
          chunk 1 text run 1 at (600.00,2020.00) startOffset 0 endOffset 11 width 75.00: "just a text"
      LayoutSVGText {text} at (698,2003) size 77x22 contains 1 chunk(s)
        LayoutSVGInlineText {#text} at (698,2003) size 77x22
          chunk 1 text run 1 at (700.00,2020.00) startOffset 0 endOffset 11 width 75.00: "just a text"
      LayoutSVGText {text} at (798,2003) size 77x22 contains 1 chunk(s)
        LayoutSVGInlineText {#text} at (798,2003) size 77x22
          chunk 1 text run 1 at (800.00,2020.00) startOffset 0 endOffset 11 width 75.00: "just a text"
      LayoutSVGText {text} at (898,2003) size 77x22 contains 1 chunk(s)
        LayoutSVGInlineText {#text} at (898,2003) size 77x22
          chunk 1 text run 1 at (900.00,2020.00) startOffset 0 endOffset 11 width 75.00: "just a text"
      LayoutSVGText {text} at (998,2003) size 77x22 contains 1 chunk(s)
        LayoutSVGInlineText {#text} at (998,2003) size 77x22
          chunk 1 text run 1 at (1000.00,2020.00) startOffset 0 endOffset 11 width 75.00: "just a text"
      LayoutSVGText {text} at (1098,2003) size 77x22 contains 1 chunk(s)
        LayoutSVGInlineText {#text} at (1098,2003) size 77x22
          chunk 1 text run 1 at (1100.00,2020.00) startOffset 0 endOffset 11 width 75.00: "just a text"
      LayoutSVGText {text} at (1198,2003) size 77x22 contains 1 chunk(s)
        LayoutSVGInlineText {#text} at (1198,2003) size 77x22
          chunk 1 text run 1 at (1200.00,2020.00) startOffset 0 endOffset 11 width 75.00: "just a text"
      LayoutSVGText {text} at (1298,2003) size 77x22 contains 1 chunk(s)
        LayoutSVGInlineText {#text} at (1298,2003) size 77x22
          chunk 1 text run 1 at (1300.00,2020.00) startOffset 0 endOffset 11 width 75.00: "just a text"
      LayoutSVGText {text} at (1398,2003) size 77x22 contains 1 chunk(s)
        LayoutSVGInlineText {#text} at (1398,2003) size 77x22
          chunk 1 text run 1 at (1400.00,2020.00) startOffset 0 endOffset 11 width 75.00: "just a text"
      LayoutSVGText {text} at (1498,2003) size 77x22 contains 1 chunk(s)
        LayoutSVGInlineText {#text} at (1498,2003) size 77x22
          chunk 1 text run 1 at (1500.00,2020.00) startOffset 0 endOffset 11 width 75.00: "just a text"
      LayoutSVGText {text} at (1598,2003) size 77x22 contains 1 chunk(s)
        LayoutSVGInlineText {#text} at (1598,2003) size 77x22
          chunk 1 text run 1 at (1600.00,2020.00) startOffset 0 endOffset 11 width 75.00: "just a text"
      LayoutSVGText {text} at (1698,2003) size 77x22 contains 1 chunk(s)
        LayoutSVGInlineText {#text} at (1698,2003) size 77x22
          chunk 1 text run 1 at (1700.00,2020.00) startOffset 0 endOffset 11 width 75.00: "just a text"
      LayoutSVGText {text} at (1798,2003) size 77x22 contains 1 chunk(s)
        LayoutSVGInlineText {#text} at (1798,2003) size 77x22
          chunk 1 text run 1 at (1800.00,2020.00) startOffset 0 endOffset 11 width 75.00: "just a text"
      LayoutSVGText {text} at (1898,2003) size 77x22 contains 1 chunk(s)
        LayoutSVGInlineText {#text} at (1898,2003) size 77x22
          chunk 1 text run 1 at (1900.00,2020.00) startOffset 0 endOffset 11 width 75.00: "just a text"
      LayoutSVGText {text} at (1998,2003) size 77x22 contains 1 chunk(s)
        LayoutSVGInlineText {#text} at (1998,2003) size 77x22
          chunk 1 text run 1 at (2000.00,2020.00) startOffset 0 endOffset 11 width 75.00: "just a text"
      LayoutSVGText {text} at (2098,2003) size 77x22 contains 1 chunk(s)
        LayoutSVGInlineText {#text} at (2098,2003) size 77x22
          chunk 1 text run 1 at (2100.00,2020.00) startOffset 0 endOffset 11 width 75.00: "just a text"
      LayoutSVGText {text} at (2198,2003) size 77x22 contains 1 chunk(s)
        LayoutSVGInlineText {#text} at (2198,2003) size 77x22
          chunk 1 text run 1 at (2200.00,2020.00) startOffset 0 endOffset 11 width 75.00: "just a text"
      LayoutSVGText {text} at (2298,2003) size 77x22 contains 1 chunk(s)
        LayoutSVGInlineText {#text} at (2298,2003) size 77x22
          chunk 1 text run 1 at (2300.00,2020.00) startOffset 0 endOffset 11 width 75.00: "just a text"
      LayoutSVGText {text} at (2398,2003) size 77x22 contains 1 chunk(s)
        LayoutSVGInlineText {#text} at (2398,2003) size 77x22
          chunk 1 text run 1 at (2400.00,2020.00) startOffset 0 endOffset 11 width 75.00: "just a text"
      LayoutSVGText {text} at (2498,2003) size 77x22 contains 1 chunk(s)
        LayoutSVGInlineText {#text} at (2498,2003) size 77x22
          chunk 1 text run 1 at (2500.00,2020.00) startOffset 0 endOffset 11 width 75.00: "just a text"
      LayoutSVGText {text} at (2598,2003) size 77x22 contains 1 chunk(s)
        LayoutSVGInlineText {#text} at (2598,2003) size 77x22
          chunk 1 text run 1 at (2600.00,2020.00) startOffset 0 endOffset 11 width 75.00: "just a text"
      LayoutSVGText {text} at (2698,2003) size 77x22 contains 1 chunk(s)
        LayoutSVGInlineText {#text} at (2698,2003) size 77x22
          chunk 1 text run 1 at (2700.00,2020.00) startOffset 0 endOffset 11 width 75.00: "just a text"
      LayoutSVGText {text} at (2798,2003) size 77x22 contains 1 chunk(s)
        LayoutSVGInlineText {#text} at (2798,2003) size 77x22
          chunk 1 text run 1 at (2800.00,2020.00) startOffset 0 endOffset 11 width 75.00: "just a text"
      LayoutSVGText {text} at (2898,2003) size 77x22 contains 1 chunk(s)
        LayoutSVGInlineText {#text} at (2898,2003) size 77x22
          chunk 1 text run 1 at (2900.00,2020.00) startOffset 0 endOffset 11 width 75.00: "just a text"
      LayoutSVGText {text} at (2998,2003) size 77x22 contains 1 chunk(s)
        LayoutSVGInlineText {#text} at (2998,2003) size 77x22
          chunk 1 text run 1 at (3000.00,2020.00) startOffset 0 endOffset 11 width 75.00: "just a text"
      LayoutSVGText {text} at (3098,2003) size 77x22 contains 1 chunk(s)
        LayoutSVGInlineText {#text} at (3098,2003) size 77x22
          chunk 1 text run 1 at (3100.00,2020.00) startOffset 0 endOffset 11 width 75.00: "just a text"
      LayoutSVGText {text} at (3198,2003) size 77x22 contains 1 chunk(s)
        LayoutSVGInlineText {#text} at (3198,2003) size 77x22
          chunk 1 text run 1 at (3200.00,2020.00) startOffset 0 endOffset 11 width 75.00: "just a text"
      LayoutSVGText {text} at (3298,2003) size 77x22 contains 1 chunk(s)
        LayoutSVGInlineText {#text} at (3298,2003) size 77x22
          chunk 1 text run 1 at (3300.00,2020.00) startOffset 0 endOffset 11 width 75.00: "just a text"
      LayoutSVGText {text} at (3398,2003) size 77x22 contains 1 chunk(s)
        LayoutSVGInlineText {#text} at (3398,2003) size 77x22
          chunk 1 text run 1 at (3400.00,2020.00) startOffset 0 endOffset 11 width 75.00: "just a text"
      LayoutSVGText {text} at (3498,2003) size 77x22 contains 1 chunk(s)
        LayoutSVGInlineText {#text} at (3498,2003) size 77x22
          chunk 1 text run 1 at (3500.00,2020.00) startOffset 0 endOffset 11 width 75.00: "just a text"
      LayoutSVGText {text} at (3598,2003) size 77x22 contains 1 chunk(s)
        LayoutSVGInlineText {#text} at (3598,2003) size 77x22
          chunk 1 text run 1 at (3600.00,2020.00) startOffset 0 endOffset 11 width 75.00: "just a text"
      LayoutSVGText {text} at (3698,2003) size 77x22 contains 1 chunk(s)
        LayoutSVGInlineText {#text} at (3698,2003) size 77x22
          chunk 1 text run 1 at (3700.00,2020.00) startOffset 0 endOffset 11 width 75.00: "just a text"
      LayoutSVGText {text} at (3798,2003) size 77x22 contains 1 chunk(s)
        LayoutSVGInlineText {#text} at (3798,2003) size 77x22
          chunk 1 text run 1 at (3800.00,2020.00) startOffset 0 endOffset 11 width 75.00: "just a text"
      LayoutSVGText {text} at (3898,2003) size 77x22 contains 1 chunk(s)
        LayoutSVGInlineText {#text} at (3898,2003) size 77x22
          chunk 1 text run 1 at (3900.00,2020.00) startOffset 0 endOffset 11 width 75.00: "just a text"
      LayoutSVGText {text} at (3998,2003) size 77x22 contains 1 chunk(s)
        LayoutSVGInlineText {#text} at (3998,2003) size 77x22
          chunk 1 text run 1 at (4000.00,2020.00) startOffset 0 endOffset 11 width 75.00: "just a text"
      LayoutSVGText {text} at (4098,2003) size 77x22 contains 1 chunk(s)
        LayoutSVGInlineText {#text} at (4098,2003) size 77x22
          chunk 1 text run 1 at (4100.00,2020.00) startOffset 0 endOffset 11 width 75.00: "just a text"
      LayoutSVGText {text} at (4198,2003) size 77x22 contains 1 chunk(s)
        LayoutSVGInlineText {#text} at (4198,2003) size 77x22
          chunk 1 text run 1 at (4200.00,2020.00) startOffset 0 endOffset 11 width 75.00: "just a text"
      LayoutSVGText {text} at (4298,2003) size 77x22 contains 1 chunk(s)
        LayoutSVGInlineText {#text} at (4298,2003) size 77x22
          chunk 1 text run 1 at (4300.00,2020.00) startOffset 0 endOffset 11 width 75.00: "just a text"
      LayoutSVGText {text} at (4398,2003) size 77x22 contains 1 chunk(s)
        LayoutSVGInlineText {#text} at (4398,2003) size 77x22
          chunk 1 text run 1 at (4400.00,2020.00) startOffset 0 endOffset 11 width 75.00: "just a text"
      LayoutSVGText {text} at (4498,2003) size 77x22 contains 1 chunk(s)
        LayoutSVGInlineText {#text} at (4498,2003) size 77x22
          chunk 1 text run 1 at (4500.00,2020.00) startOffset 0 endOffset 11 width 75.00: "just a text"
      LayoutSVGText {text} at (4598,2003) size 77x22 contains 1 chunk(s)
        LayoutSVGInlineText {#text} at (4598,2003) size 77x22
          chunk 1 text run 1 at (4600.00,2020.00) startOffset 0 endOffset 11 width 75.00: "just a text"
      LayoutSVGText {text} at (4698,2003) size 77x22 contains 1 chunk(s)
        LayoutSVGInlineText {#text} at (4698,2003) size 77x22
          chunk 1 text run 1 at (4700.00,2020.00) startOffset 0 endOffset 11 width 75.00: "just a text"
      LayoutSVGText {text} at (4798,2003) size 77x22 contains 1 chunk(s)
        LayoutSVGInlineText {#text} at (4798,2003) size 77x22
          chunk 1 text run 1 at (4800.00,2020.00) startOffset 0 endOffset 11 width 75.00: "just a text"
      LayoutSVGText {text} at (4898,2003) size 77x22 contains 1 chunk(s)
        LayoutSVGInlineText {#text} at (4898,2003) size 77x22
          chunk 1 text run 1 at (4900.00,2020.00) startOffset 0 endOffset 11 width 75.00: "just a text"
      LayoutSVGText {text} at (-2,2103) size 77x22 contains 1 chunk(s)
        LayoutSVGInlineText {#text} at (-2,2103) size 77x22
          chunk 1 text run 1 at (0.00,2120.00) startOffset 0 endOffset 11 width 75.00: "just a text"
      LayoutSVGText {text} at (98,2103) size 77x22 contains 1 chunk(s)
        LayoutSVGInlineText {#text} at (98,2103) size 77x22
          chunk 1 text run 1 at (100.00,2120.00) startOffset 0 endOffset 11 width 75.00: "just a text"
      LayoutSVGText {text} at (198,2103) size 77x22 contains 1 chunk(s)
        LayoutSVGInlineText {#text} at (198,2103) size 77x22
          chunk 1 text run 1 at (200.00,2120.00) startOffset 0 endOffset 11 width 75.00: "just a text"
      LayoutSVGText {text} at (298,2103) size 77x22 contains 1 chunk(s)
        LayoutSVGInlineText {#text} at (298,2103) size 77x22
          chunk 1 text run 1 at (300.00,2120.00) startOffset 0 endOffset 11 width 75.00: "just a text"
      LayoutSVGText {text} at (398,2103) size 77x22 contains 1 chunk(s)
        LayoutSVGInlineText {#text} at (398,2103) size 77x22
          chunk 1 text run 1 at (400.00,2120.00) startOffset 0 endOffset 11 width 75.00: "just a text"
      LayoutSVGText {text} at (498,2103) size 77x22 contains 1 chunk(s)
        LayoutSVGInlineText {#text} at (498,2103) size 77x22
          chunk 1 text run 1 at (500.00,2120.00) startOffset 0 endOffset 11 width 75.00: "just a text"
      LayoutSVGText {text} at (598,2103) size 77x22 contains 1 chunk(s)
        LayoutSVGInlineText {#text} at (598,2103) size 77x22
          chunk 1 text run 1 at (600.00,2120.00) startOffset 0 endOffset 11 width 75.00: "just a text"
      LayoutSVGText {text} at (698,2103) size 77x22 contains 1 chunk(s)
        LayoutSVGInlineText {#text} at (698,2103) size 77x22
          chunk 1 text run 1 at (700.00,2120.00) startOffset 0 endOffset 11 width 75.00: "just a text"
      LayoutSVGText {text} at (798,2103) size 77x22 contains 1 chunk(s)
        LayoutSVGInlineText {#text} at (798,2103) size 77x22
          chunk 1 text run 1 at (800.00,2120.00) startOffset 0 endOffset 11 width 75.00: "just a text"
      LayoutSVGText {text} at (898,2103) size 77x22 contains 1 chunk(s)
        LayoutSVGInlineText {#text} at (898,2103) size 77x22
          chunk 1 text run 1 at (900.00,2120.00) startOffset 0 endOffset 11 width 75.00: "just a text"
      LayoutSVGText {text} at (998,2103) size 77x22 contains 1 chunk(s)
        LayoutSVGInlineText {#text} at (998,2103) size 77x22
          chunk 1 text run 1 at (1000.00,2120.00) startOffset 0 endOffset 11 width 75.00: "just a text"
      LayoutSVGText {text} at (1098,2103) size 77x22 contains 1 chunk(s)
        LayoutSVGInlineText {#text} at (1098,2103) size 77x22
          chunk 1 text run 1 at (1100.00,2120.00) startOffset 0 endOffset 11 width 75.00: "just a text"
      LayoutSVGText {text} at (1198,2103) size 77x22 contains 1 chunk(s)
        LayoutSVGInlineText {#text} at (1198,2103) size 77x22
          chunk 1 text run 1 at (1200.00,2120.00) startOffset 0 endOffset 11 width 75.00: "just a text"
      LayoutSVGText {text} at (1298,2103) size 77x22 contains 1 chunk(s)
        LayoutSVGInlineText {#text} at (1298,2103) size 77x22
          chunk 1 text run 1 at (1300.00,2120.00) startOffset 0 endOffset 11 width 75.00: "just a text"
      LayoutSVGText {text} at (1398,2103) size 77x22 contains 1 chunk(s)
        LayoutSVGInlineText {#text} at (1398,2103) size 77x22
          chunk 1 text run 1 at (1400.00,2120.00) startOffset 0 endOffset 11 width 75.00: "just a text"
      LayoutSVGText {text} at (1498,2103) size 77x22 contains 1 chunk(s)
        LayoutSVGInlineText {#text} at (1498,2103) size 77x22
          chunk 1 text run 1 at (1500.00,2120.00) startOffset 0 endOffset 11 width 75.00: "just a text"
      LayoutSVGText {text} at (1598,2103) size 77x22 contains 1 chunk(s)
        LayoutSVGInlineText {#text} at (1598,2103) size 77x22
          chunk 1 text run 1 at (1600.00,2120.00) startOffset 0 endOffset 11 width 75.00: "just a text"
      LayoutSVGText {text} at (1698,2103) size 77x22 contains 1 chunk(s)
        LayoutSVGInlineText {#text} at (1698,2103) size 77x22
          chunk 1 text run 1 at (1700.00,2120.00) startOffset 0 endOffset 11 width 75.00: "just a text"
      LayoutSVGText {text} at (1798,2103) size 77x22 contains 1 chunk(s)
        LayoutSVGInlineText {#text} at (1798,2103) size 77x22
          chunk 1 text run 1 at (1800.00,2120.00) startOffset 0 endOffset 11 width 75.00: "just a text"
      LayoutSVGText {text} at (1898,2103) size 77x22 contains 1 chunk(s)
        LayoutSVGInlineText {#text} at (1898,2103) size 77x22
          chunk 1 text run 1 at (1900.00,2120.00) startOffset 0 endOffset 11 width 75.00: "just a text"
      LayoutSVGText {text} at (1998,2103) size 77x22 contains 1 chunk(s)
        LayoutSVGInlineText {#text} at (1998,2103) size 77x22
          chunk 1 text run 1 at (2000.00,2120.00) startOffset 0 endOffset 11 width 75.00: "just a text"
      LayoutSVGText {text} at (2098,2103) size 77x22 contains 1 chunk(s)
        LayoutSVGInlineText {#text} at (2098,2103) size 77x22
          chunk 1 text run 1 at (2100.00,2120.00) startOffset 0 endOffset 11 width 75.00: "just a text"
      LayoutSVGText {text} at (2198,2103) size 77x22 contains 1 chunk(s)
        LayoutSVGInlineText {#text} at (2198,2103) size 77x22
          chunk 1 text run 1 at (2200.00,2120.00) startOffset 0 endOffset 11 width 75.00: "just a text"
      LayoutSVGText {text} at (2298,2103) size 77x22 contains 1 chunk(s)
        LayoutSVGInlineText {#text} at (2298,2103) size 77x22
          chunk 1 text run 1 at (2300.00,2120.00) startOffset 0 endOffset 11 width 75.00: "just a text"
      LayoutSVGText {text} at (2398,2103) size 77x22 contains 1 chunk(s)
        LayoutSVGInlineText {#text} at (2398,2103) size 77x22
          chunk 1 text run 1 at (2400.00,2120.00) startOffset 0 endOffset 11 width 75.00: "just a text"
      LayoutSVGText {text} at (2498,2103) size 77x22 contains 1 chunk(s)
        LayoutSVGInlineText {#text} at (2498,2103) size 77x22
          chunk 1 text run 1 at (2500.00,2120.00) startOffset 0 endOffset 11 width 75.00: "just a text"
      LayoutSVGText {text} at (2598,2103) size 77x22 contains 1 chunk(s)
        LayoutSVGInlineText {#text} at (2598,2103) size 77x22
          chunk 1 text run 1 at (2600.00,2120.00) startOffset 0 endOffset 11 width 75.00: "just a text"
      LayoutSVGText {text} at (2698,2103) size 77x22 contains 1 chunk(s)
        LayoutSVGInlineText {#text} at (2698,2103) size 77x22
          chunk 1 text run 1 at (2700.00,2120.00) startOffset 0 endOffset 11 width 75.00: "just a text"
      LayoutSVGText {text} at (2798,2103) size 77x22 contains 1 chunk(s)
        LayoutSVGInlineText {#text} at (2798,2103) size 77x22
          chunk 1 text run 1 at (2800.00,2120.00) startOffset 0 endOffset 11 width 75.00: "just a text"
      LayoutSVGText {text} at (2898,2103) size 77x22 contains 1 chunk(s)
        LayoutSVGInlineText {#text} at (2898,2103) size 77x22
          chunk 1 text run 1 at (2900.00,2120.00) startOffset 0 endOffset 11 width 75.00: "just a text"
      LayoutSVGText {text} at (2998,2103) size 77x22 contains 1 chunk(s)
        LayoutSVGInlineText {#text} at (2998,2103) size 77x22
          chunk 1 text run 1 at (3000.00,2120.00) startOffset 0 endOffset 11 width 75.00: "just a text"
      LayoutSVGText {text} at (3098,2103) size 77x22 contains 1 chunk(s)
        LayoutSVGInlineText {#text} at (3098,2103) size 77x22
          chunk 1 text run 1 at (3100.00,2120.00) startOffset 0 endOffset 11 width 75.00: "just a text"
      LayoutSVGText {text} at (3198,2103) size 77x22 contains 1 chunk(s)
        LayoutSVGInlineText {#text} at (3198,2103) size 77x22
          chunk 1 text run 1 at (3200.00,2120.00) startOffset 0 endOffset 11 width 75.00: "just a text"
      LayoutSVGText {text} at (3298,2103) size 77x22 contains 1 chunk(s)
        LayoutSVGInlineText {#text} at (3298,2103) size 77x22
          chunk 1 text run 1 at (3300.00,2120.00) startOffset 0 endOffset 11 width 75.00: "just a text"
      LayoutSVGText {text} at (3398,2103) size 77x22 contains 1 chunk(s)
        LayoutSVGInlineText {#text} at (3398,2103) size 77x22
          chunk 1 text run 1 at (3400.00,2120.00) startOffset 0 endOffset 11 width 75.00: "just a text"
      LayoutSVGText {text} at (3498,2103) size 77x22 contains 1 chunk(s)
        LayoutSVGInlineText {#text} at (3498,2103) size 77x22
          chunk 1 text run 1 at (3500.00,2120.00) startOffset 0 endOffset 11 width 75.00: "just a text"
      LayoutSVGText {text} at (3598,2103) size 77x22 contains 1 chunk(s)
        LayoutSVGInlineText {#text} at (3598,2103) size 77x22
          chunk 1 text run 1 at (3600.00,2120.00) startOffset 0 endOffset 11 width 75.00: "just a text"
      LayoutSVGText {text} at (3698,2103) size 77x22 contains 1 chunk(s)
        LayoutSVGInlineText {#text} at (3698,2103) size 77x22
          chunk 1 text run 1 at (3700.00,2120.00) startOffset 0 endOffset 11 width 75.00: "just a text"
      LayoutSVGText {text} at (3798,2103) size 77x22 contains 1 chunk(s)
        LayoutSVGInlineText {#text} at (3798,2103) size 77x22
          chunk 1 text run 1 at (3800.00,2120.00) startOffset 0 endOffset 11 width 75.00: "just a text"
      LayoutSVGText {text} at (3898,2103) size 77x22 contains 1 chunk(s)
        LayoutSVGInlineText {#text} at (3898,2103) size 77x22
          chunk 1 text run 1 at (3900.00,2120.00) startOffset 0 endOffset 11 width 75.00: "just a text"
      LayoutSVGText {text} at (3998,2103) size 77x22 contains 1 chunk(s)
        LayoutSVGInlineText {#text} at (3998,2103) size 77x22
          chunk 1 text run 1 at (4000.00,2120.00) startOffset 0 endOffset 11 width 75.00: "just a text"
      LayoutSVGText {text} at (4098,2103) size 77x22 contains 1 chunk(s)
        LayoutSVGInlineText {#text} at (4098,2103) size 77x22
          chunk 1 text run 1 at (4100.00,2120.00) startOffset 0 endOffset 11 width 75.00: "just a text"
      LayoutSVGText {text} at (4198,2103) size 77x22 contains 1 chunk(s)
        LayoutSVGInlineText {#text} at (4198,2103) size 77x22
          chunk 1 text run 1 at (4200.00,2120.00) startOffset 0 endOffset 11 width 75.00: "just a text"
      LayoutSVGText {text} at (4298,2103) size 77x22 contains 1 chunk(s)
        LayoutSVGInlineText {#text} at (4298,2103) size 77x22
          chunk 1 text run 1 at (4300.00,2120.00) startOffset 0 endOffset 11 width 75.00: "just a text"
      LayoutSVGText {text} at (4398,2103) size 77x22 contains 1 chunk(s)
        LayoutSVGInlineText {#text} at (4398,2103) size 77x22
          chunk 1 text run 1 at (4400.00,2120.00) startOffset 0 endOffset 11 width 75.00: "just a text"
      LayoutSVGText {text} at (4498,2103) size 77x22 contains 1 chunk(s)
        LayoutSVGInlineText {#text} at (4498,2103) size 77x22
          chunk 1 text run 1 at (4500.00,2120.00) startOffset 0 endOffset 11 width 75.00: "just a text"
      LayoutSVGText {text} at (4598,2103) size 77x22 contains 1 chunk(s)
        LayoutSVGInlineText {#text} at (4598,2103) size 77x22
          chunk 1 text run 1 at (4600.00,2120.00) startOffset 0 endOffset 11 width 75.00: "just a text"
      LayoutSVGText {text} at (4698,2103) size 77x22 contains 1 chunk(s)
        LayoutSVGInlineText {#text} at (4698,2103) size 77x22
          chunk 1 text run 1 at (4700.00,2120.00) startOffset 0 endOffset 11 width 75.00: "just a text"
      LayoutSVGText {text} at (4798,2103) size 77x22 contains 1 chunk(s)
        LayoutSVGInlineText {#text} at (4798,2103) size 77x22
          chunk 1 text run 1 at (4800.00,2120.00) startOffset 0 endOffset 11 width 75.00: "just a text"
      LayoutSVGText {text} at (4898,2103) size 77x22 contains 1 chunk(s)
        LayoutSVGInlineText {#text} at (4898,2103) size 77x22
          chunk 1 text run 1 at (4900.00,2120.00) startOffset 0 endOffset 11 width 75.00: "just a text"
      LayoutSVGText {text} at (-2,2203) size 77x22 contains 1 chunk(s)
        LayoutSVGInlineText {#text} at (-2,2203) size 77x22
          chunk 1 text run 1 at (0.00,2220.00) startOffset 0 endOffset 11 width 75.00: "just a text"
      LayoutSVGText {text} at (98,2203) size 77x22 contains 1 chunk(s)
        LayoutSVGInlineText {#text} at (98,2203) size 77x22
          chunk 1 text run 1 at (100.00,2220.00) startOffset 0 endOffset 11 width 75.00: "just a text"
      LayoutSVGText {text} at (198,2203) size 77x22 contains 1 chunk(s)
        LayoutSVGInlineText {#text} at (198,2203) size 77x22
          chunk 1 text run 1 at (200.00,2220.00) startOffset 0 endOffset 11 width 75.00: "just a text"
      LayoutSVGText {text} at (298,2203) size 77x22 contains 1 chunk(s)
        LayoutSVGInlineText {#text} at (298,2203) size 77x22
          chunk 1 text run 1 at (300.00,2220.00) startOffset 0 endOffset 11 width 75.00: "just a text"
      LayoutSVGText {text} at (398,2203) size 77x22 contains 1 chunk(s)
        LayoutSVGInlineText {#text} at (398,2203) size 77x22
          chunk 1 text run 1 at (400.00,2220.00) startOffset 0 endOffset 11 width 75.00: "just a text"
      LayoutSVGText {text} at (498,2203) size 77x22 contains 1 chunk(s)
        LayoutSVGInlineText {#text} at (498,2203) size 77x22
          chunk 1 text run 1 at (500.00,2220.00) startOffset 0 endOffset 11 width 75.00: "just a text"
      LayoutSVGText {text} at (598,2203) size 77x22 contains 1 chunk(s)
        LayoutSVGInlineText {#text} at (598,2203) size 77x22
          chunk 1 text run 1 at (600.00,2220.00) startOffset 0 endOffset 11 width 75.00: "just a text"
      LayoutSVGText {text} at (698,2203) size 77x22 contains 1 chunk(s)
        LayoutSVGInlineText {#text} at (698,2203) size 77x22
          chunk 1 text run 1 at (700.00,2220.00) startOffset 0 endOffset 11 width 75.00: "just a text"
      LayoutSVGText {text} at (798,2203) size 77x22 contains 1 chunk(s)
        LayoutSVGInlineText {#text} at (798,2203) size 77x22
          chunk 1 text run 1 at (800.00,2220.00) startOffset 0 endOffset 11 width 75.00: "just a text"
      LayoutSVGText {text} at (898,2203) size 77x22 contains 1 chunk(s)
        LayoutSVGInlineText {#text} at (898,2203) size 77x22
          chunk 1 text run 1 at (900.00,2220.00) startOffset 0 endOffset 11 width 75.00: "just a text"
      LayoutSVGText {text} at (998,2203) size 77x22 contains 1 chunk(s)
        LayoutSVGInlineText {#text} at (998,2203) size 77x22
          chunk 1 text run 1 at (1000.00,2220.00) startOffset 0 endOffset 11 width 75.00: "just a text"
      LayoutSVGText {text} at (1098,2203) size 77x22 contains 1 chunk(s)
        LayoutSVGInlineText {#text} at (1098,2203) size 77x22
          chunk 1 text run 1 at (1100.00,2220.00) startOffset 0 endOffset 11 width 75.00: "just a text"
      LayoutSVGText {text} at (1198,2203) size 77x22 contains 1 chunk(s)
        LayoutSVGInlineText {#text} at (1198,2203) size 77x22
          chunk 1 text run 1 at (1200.00,2220.00) startOffset 0 endOffset 11 width 75.00: "just a text"
      LayoutSVGText {text} at (1298,2203) size 77x22 contains 1 chunk(s)
        LayoutSVGInlineText {#text} at (1298,2203) size 77x22
          chunk 1 text run 1 at (1300.00,2220.00) startOffset 0 endOffset 11 width 75.00: "just a text"
      LayoutSVGText {text} at (1398,2203) size 77x22 contains 1 chunk(s)
        LayoutSVGInlineText {#text} at (1398,2203) size 77x22
          chunk 1 text run 1 at (1400.00,2220.00) startOffset 0 endOffset 11 width 75.00: "just a text"
      LayoutSVGText {text} at (1498,2203) size 77x22 contains 1 chunk(s)
        LayoutSVGInlineText {#text} at (1498,2203) size 77x22
          chunk 1 text run 1 at (1500.00,2220.00) startOffset 0 endOffset 11 width 75.00: "just a text"
      LayoutSVGText {text} at (1598,2203) size 77x22 contains 1 chunk(s)
        LayoutSVGInlineText {#text} at (1598,2203) size 77x22
          chunk 1 text run 1 at (1600.00,2220.00) startOffset 0 endOffset 11 width 75.00: "just a text"
      LayoutSVGText {text} at (1698,2203) size 77x22 contains 1 chunk(s)
        LayoutSVGInlineText {#text} at (1698,2203) size 77x22
          chunk 1 text run 1 at (1700.00,2220.00) startOffset 0 endOffset 11 width 75.00: "just a text"
      LayoutSVGText {text} at (1798,2203) size 77x22 contains 1 chunk(s)
        LayoutSVGInlineText {#text} at (1798,2203) size 77x22
          chunk 1 text run 1 at (1800.00,2220.00) startOffset 0 endOffset 11 width 75.00: "just a text"
      LayoutSVGText {text} at (1898,2203) size 77x22 contains 1 chunk(s)
        LayoutSVGInlineText {#text} at (1898,2203) size 77x22
          chunk 1 text run 1 at (1900.00,2220.00) startOffset 0 endOffset 11 width 75.00: "just a text"
      LayoutSVGText {text} at (1998,2203) size 77x22 contains 1 chunk(s)
        LayoutSVGInlineText {#text} at (1998,2203) size 77x22
          chunk 1 text run 1 at (2000.00,2220.00) startOffset 0 endOffset 11 width 75.00: "just a text"
      LayoutSVGText {text} at (2098,2203) size 77x22 contains 1 chunk(s)
        LayoutSVGInlineText {#text} at (2098,2203) size 77x22
          chunk 1 text run 1 at (2100.00,2220.00) startOffset 0 endOffset 11 width 75.00: "just a text"
      LayoutSVGText {text} at (2198,2203) size 77x22 contains 1 chunk(s)
        LayoutSVGInlineText {#text} at (2198,2203) size 77x22
          chunk 1 text run 1 at (2200.00,2220.00) startOffset 0 endOffset 11 width 75.00: "just a text"
      LayoutSVGText {text} at (2298,2203) size 77x22 contains 1 chunk(s)
        LayoutSVGInlineText {#text} at (2298,2203) size 77x22
          chunk 1 text run 1 at (2300.00,2220.00) startOffset 0 endOffset 11 width 75.00: "just a text"
      LayoutSVGText {text} at (2398,2203) size 77x22 contains 1 chunk(s)
        LayoutSVGInlineText {#text} at (2398,2203) size 77x22
          chunk 1 text run 1 at (2400.00,2220.00) startOffset 0 endOffset 11 width 75.00: "just a text"
      LayoutSVGText {text} at (2498,2203) size 77x22 contains 1 chunk(s)
        LayoutSVGInlineText {#text} at (2498,2203) size 77x22
          chunk 1 text run 1 at (2500.00,2220.00) startOffset 0 endOffset 11 width 75.00: "just a text"
      LayoutSVGText {text} at (2598,2203) size 77x22 contains 1 chunk(s)
        LayoutSVGInlineText {#text} at (2598,2203) size 77x22
          chunk 1 text run 1 at (2600.00,2220.00) startOffset 0 endOffset 11 width 75.00: "just a text"
      LayoutSVGText {text} at (2698,2203) size 77x22 contains 1 chunk(s)
        LayoutSVGInlineText {#text} at (2698,2203) size 77x22
          chunk 1 text run 1 at (2700.00,2220.00) startOffset 0 endOffset 11 width 75.00: "just a text"
      LayoutSVGText {text} at (2798,2203) size 77x22 contains 1 chunk(s)
        LayoutSVGInlineText {#text} at (2798,2203) size 77x22
          chunk 1 text run 1 at (2800.00,2220.00) startOffset 0 endOffset 11 width 75.00: "just a text"
      LayoutSVGText {text} at (2898,2203) size 77x22 contains 1 chunk(s)
        LayoutSVGInlineText {#text} at (2898,2203) size 77x22
          chunk 1 text run 1 at (2900.00,2220.00) startOffset 0 endOffset 11 width 75.00: "just a text"
      LayoutSVGText {text} at (2998,2203) size 77x22 contains 1 chunk(s)
        LayoutSVGInlineText {#text} at (2998,2203) size 77x22
          chunk 1 text run 1 at (3000.00,2220.00) startOffset 0 endOffset 11 width 75.00: "just a text"
      LayoutSVGText {text} at (3098,2203) size 77x22 contains 1 chunk(s)
        LayoutSVGInlineText {#text} at (3098,2203) size 77x22
          chunk 1 text run 1 at (3100.00,2220.00) startOffset 0 endOffset 11 width 75.00: "just a text"
      LayoutSVGText {text} at (3198,2203) size 77x22 contains 1 chunk(s)
        LayoutSVGInlineText {#text} at (3198,2203) size 77x22
          chunk 1 text run 1 at (3200.00,2220.00) startOffset 0 endOffset 11 width 75.00: "just a text"
      LayoutSVGText {text} at (3298,2203) size 77x22 contains 1 chunk(s)
        LayoutSVGInlineText {#text} at (3298,2203) size 77x22
          chunk 1 text run 1 at (3300.00,2220.00) startOffset 0 endOffset 11 width 75.00: "just a text"
      LayoutSVGText {text} at (3398,2203) size 77x22 contains 1 chunk(s)
        LayoutSVGInlineText {#text} at (3398,2203) size 77x22
          chunk 1 text run 1 at (3400.00,2220.00) startOffset 0 endOffset 11 width 75.00: "just a text"
      LayoutSVGText {text} at (3498,2203) size 77x22 contains 1 chunk(s)
        LayoutSVGInlineText {#text} at (3498,2203) size 77x22
          chunk 1 text run 1 at (3500.00,2220.00) startOffset 0 endOffset 11 width 75.00: "just a text"
      LayoutSVGText {text} at (3598,2203) size 77x22 contains 1 chunk(s)
        LayoutSVGInlineText {#text} at (3598,2203) size 77x22
          chunk 1 text run 1 at (3600.00,2220.00) startOffset 0 endOffset 11 width 75.00: "just a text"
      LayoutSVGText {text} at (3698,2203) size 77x22 contains 1 chunk(s)
        LayoutSVGInlineText {#text} at (3698,2203) size 77x22
          chunk 1 text run 1 at (3700.00,2220.00) startOffset 0 endOffset 11 width 75.00: "just a text"
      LayoutSVGText {text} at (3798,2203) size 77x22 contains 1 chunk(s)
        LayoutSVGInlineText {#text} at (3798,2203) size 77x22
          chunk 1 text run 1 at (3800.00,2220.00) startOffset 0 endOffset 11 width 75.00: "just a text"
      LayoutSVGText {text} at (3898,2203) size 77x22 contains 1 chunk(s)
        LayoutSVGInlineText {#text} at (3898,2203) size 77x22
          chunk 1 text run 1 at (3900.00,2220.00) startOffset 0 endOffset 11 width 75.00: "just a text"
      LayoutSVGText {text} at (3998,2203) size 77x22 contains 1 chunk(s)
        LayoutSVGInlineText {#text} at (3998,2203) size 77x22
          chunk 1 text run 1 at (4000.00,2220.00) startOffset 0 endOffset 11 width 75.00: "just a text"
      LayoutSVGText {text} at (4098,2203) size 77x22 contains 1 chunk(s)
        LayoutSVGInlineText {#text} at (4098,2203) size 77x22
          chunk 1 text run 1 at (4100.00,2220.00) startOffset 0 endOffset 11 width 75.00: "just a text"
      LayoutSVGText {text} at (4198,2203) size 77x22 contains 1 chunk(s)
        LayoutSVGInlineText {#text} at (4198,2203) size 77x22
          chunk 1 text run 1 at (4200.00,2220.00) startOffset 0 endOffset 11 width 75.00: "just a text"
      LayoutSVGText {text} at (4298,2203) size 77x22 contains 1 chunk(s)
        LayoutSVGInlineText {#text} at (4298,2203) size 77x22
          chunk 1 text run 1 at (4300.00,2220.00) startOffset 0 endOffset 11 width 75.00: "just a text"
      LayoutSVGText {text} at (4398,2203) size 77x22 contains 1 chunk(s)
        LayoutSVGInlineText {#text} at (4398,2203) size 77x22
          chunk 1 text run 1 at (4400.00,2220.00) startOffset 0 endOffset 11 width 75.00: "just a text"
      LayoutSVGText {text} at (4498,2203) size 77x22 contains 1 chunk(s)
        LayoutSVGInlineText {#text} at (4498,2203) size 77x22
          chunk 1 text run 1 at (4500.00,2220.00) startOffset 0 endOffset 11 width 75.00: "just a text"
      LayoutSVGText {text} at (4598,2203) size 77x22 contains 1 chunk(s)
        LayoutSVGInlineText {#text} at (4598,2203) size 77x22
          chunk 1 text run 1 at (4600.00,2220.00) startOffset 0 endOffset 11 width 75.00: "just a text"
      LayoutSVGText {text} at (4698,2203) size 77x22 contains 1 chunk(s)
        LayoutSVGInlineText {#text} at (4698,2203) size 77x22
          chunk 1 text run 1 at (4700.00,2220.00) startOffset 0 endOffset 11 width 75.00: "just a text"
      LayoutSVGText {text} at (4798,2203) size 77x22 contains 1 chunk(s)
        LayoutSVGInlineText {#text} at (4798,2203) size 77x22
          chunk 1 text run 1 at (4800.00,2220.00) startOffset 0 endOffset 11 width 75.00: "just a text"
      LayoutSVGText {text} at (4898,2203) size 77x22 contains 1 chunk(s)
        LayoutSVGInlineText {#text} at (4898,2203) size 77x22
          chunk 1 text run 1 at (4900.00,2220.00) startOffset 0 endOffset 11 width 75.00: "just a text"
      LayoutSVGText {text} at (-2,2303) size 77x22 contains 1 chunk(s)
        LayoutSVGInlineText {#text} at (-2,2303) size 77x22
          chunk 1 text run 1 at (0.00,2320.00) startOffset 0 endOffset 11 width 75.00: "just a text"
      LayoutSVGText {text} at (98,2303) size 77x22 contains 1 chunk(s)
        LayoutSVGInlineText {#text} at (98,2303) size 77x22
          chunk 1 text run 1 at (100.00,2320.00) startOffset 0 endOffset 11 width 75.00: "just a text"
      LayoutSVGText {text} at (198,2303) size 77x22 contains 1 chunk(s)
        LayoutSVGInlineText {#text} at (198,2303) size 77x22
          chunk 1 text run 1 at (200.00,2320.00) startOffset 0 endOffset 11 width 75.00: "just a text"
      LayoutSVGText {text} at (298,2303) size 77x22 contains 1 chunk(s)
        LayoutSVGInlineText {#text} at (298,2303) size 77x22
          chunk 1 text run 1 at (300.00,2320.00) startOffset 0 endOffset 11 width 75.00: "just a text"
      LayoutSVGText {text} at (398,2303) size 77x22 contains 1 chunk(s)
        LayoutSVGInlineText {#text} at (398,2303) size 77x22
          chunk 1 text run 1 at (400.00,2320.00) startOffset 0 endOffset 11 width 75.00: "just a text"
      LayoutSVGText {text} at (498,2303) size 77x22 contains 1 chunk(s)
        LayoutSVGInlineText {#text} at (498,2303) size 77x22
          chunk 1 text run 1 at (500.00,2320.00) startOffset 0 endOffset 11 width 75.00: "just a text"
      LayoutSVGText {text} at (598,2303) size 77x22 contains 1 chunk(s)
        LayoutSVGInlineText {#text} at (598,2303) size 77x22
          chunk 1 text run 1 at (600.00,2320.00) startOffset 0 endOffset 11 width 75.00: "just a text"
      LayoutSVGText {text} at (698,2303) size 77x22 contains 1 chunk(s)
        LayoutSVGInlineText {#text} at (698,2303) size 77x22
          chunk 1 text run 1 at (700.00,2320.00) startOffset 0 endOffset 11 width 75.00: "just a text"
      LayoutSVGText {text} at (798,2303) size 77x22 contains 1 chunk(s)
        LayoutSVGInlineText {#text} at (798,2303) size 77x22
          chunk 1 text run 1 at (800.00,2320.00) startOffset 0 endOffset 11 width 75.00: "just a text"
      LayoutSVGText {text} at (898,2303) size 77x22 contains 1 chunk(s)
        LayoutSVGInlineText {#text} at (898,2303) size 77x22
          chunk 1 text run 1 at (900.00,2320.00) startOffset 0 endOffset 11 width 75.00: "just a text"
      LayoutSVGText {text} at (998,2303) size 77x22 contains 1 chunk(s)
        LayoutSVGInlineText {#text} at (998,2303) size 77x22
          chunk 1 text run 1 at (1000.00,2320.00) startOffset 0 endOffset 11 width 75.00: "just a text"
      LayoutSVGText {text} at (1098,2303) size 77x22 contains 1 chunk(s)
        LayoutSVGInlineText {#text} at (1098,2303) size 77x22
          chunk 1 text run 1 at (1100.00,2320.00) startOffset 0 endOffset 11 width 75.00: "just a text"
      LayoutSVGText {text} at (1198,2303) size 77x22 contains 1 chunk(s)
        LayoutSVGInlineText {#text} at (1198,2303) size 77x22
          chunk 1 text run 1 at (1200.00,2320.00) startOffset 0 endOffset 11 width 75.00: "just a text"
      LayoutSVGText {text} at (1298,2303) size 77x22 contains 1 chunk(s)
        LayoutSVGInlineText {#text} at (1298,2303) size 77x22
          chunk 1 text run 1 at (1300.00,2320.00) startOffset 0 endOffset 11 width 75.00: "just a text"
      LayoutSVGText {text} at (1398,2303) size 77x22 contains 1 chunk(s)
        LayoutSVGInlineText {#text} at (1398,2303) size 77x22
          chunk 1 text run 1 at (1400.00,2320.00) startOffset 0 endOffset 11 width 75.00: "just a text"
      LayoutSVGText {text} at (1498,2303) size 77x22 contains 1 chunk(s)
        LayoutSVGInlineText {#text} at (1498,2303) size 77x22
          chunk 1 text run 1 at (1500.00,2320.00) startOffset 0 endOffset 11 width 75.00: "just a text"
      LayoutSVGText {text} at (1598,2303) size 77x22 contains 1 chunk(s)
        LayoutSVGInlineText {#text} at (1598,2303) size 77x22
          chunk 1 text run 1 at (1600.00,2320.00) startOffset 0 endOffset 11 width 75.00: "just a text"
      LayoutSVGText {text} at (1698,2303) size 77x22 contains 1 chunk(s)
        LayoutSVGInlineText {#text} at (1698,2303) size 77x22
          chunk 1 text run 1 at (1700.00,2320.00) startOffset 0 endOffset 11 width 75.00: "just a text"
      LayoutSVGText {text} at (1798,2303) size 77x22 contains 1 chunk(s)
        LayoutSVGInlineText {#text} at (1798,2303) size 77x22
          chunk 1 text run 1 at (1800.00,2320.00) startOffset 0 endOffset 11 width 75.00: "just a text"
      LayoutSVGText {text} at (1898,2303) size 77x22 contains 1 chunk(s)
        LayoutSVGInlineText {#text} at (1898,2303) size 77x22
          chunk 1 text run 1 at (1900.00,2320.00) startOffset 0 endOffset 11 width 75.00: "just a text"
      LayoutSVGText {text} at (1998,2303) size 77x22 contains 1 chunk(s)
        LayoutSVGInlineText {#text} at (1998,2303) size 77x22
          chunk 1 text run 1 at (2000.00,2320.00) startOffset 0 endOffset 11 width 75.00: "just a text"
      LayoutSVGText {text} at (2098,2303) size 77x22 contains 1 chunk(s)
        LayoutSVGInlineText {#text} at (2098,2303) size 77x22
          chunk 1 text run 1 at (2100.00,2320.00) startOffset 0 endOffset 11 width 75.00: "just a text"
      LayoutSVGText {text} at (2198,2303) size 77x22 contains 1 chunk(s)
        LayoutSVGInlineText {#text} at (2198,2303) size 77x22
          chunk 1 text run 1 at (2200.00,2320.00) startOffset 0 endOffset 11 width 75.00: "just a text"
      LayoutSVGText {text} at (2298,2303) size 77x22 contains 1 chunk(s)
        LayoutSVGInlineText {#text} at (2298,2303) size 77x22
          chunk 1 text run 1 at (2300.00,2320.00) startOffset 0 endOffset 11 width 75.00: "just a text"
      LayoutSVGText {text} at (2398,2303) size 77x22 contains 1 chunk(s)
        LayoutSVGInlineText {#text} at (2398,2303) size 77x22
          chunk 1 text run 1 at (2400.00,2320.00) startOffset 0 endOffset 11 width 75.00: "just a text"
      LayoutSVGText {text} at (2498,2303) size 77x22 contains 1 chunk(s)
        LayoutSVGInlineText {#text} at (2498,2303) size 77x22
          chunk 1 text run 1 at (2500.00,2320.00) startOffset 0 endOffset 11 width 75.00: "just a text"
      LayoutSVGText {text} at (2598,2303) size 77x22 contains 1 chunk(s)
        LayoutSVGInlineText {#text} at (2598,2303) size 77x22
          chunk 1 text run 1 at (2600.00,2320.00) startOffset 0 endOffset 11 width 75.00: "just a text"
      LayoutSVGText {text} at (2698,2303) size 77x22 contains 1 chunk(s)
        LayoutSVGInlineText {#text} at (2698,2303) size 77x22
          chunk 1 text run 1 at (2700.00,2320.00) startOffset 0 endOffset 11 width 75.00: "just a text"
      LayoutSVGText {text} at (2798,2303) size 77x22 contains 1 chunk(s)
        LayoutSVGInlineText {#text} at (2798,2303) size 77x22
          chunk 1 text run 1 at (2800.00,2320.00) startOffset 0 endOffset 11 width 75.00: "just a text"
      LayoutSVGText {text} at (2898,2303) size 77x22 contains 1 chunk(s)
        LayoutSVGInlineText {#text} at (2898,2303) size 77x22
          chunk 1 text run 1 at (2900.00,2320.00) startOffset 0 endOffset 11 width 75.00: "just a text"
      LayoutSVGText {text} at (2998,2303) size 77x22 contains 1 chunk(s)
        LayoutSVGInlineText {#text} at (2998,2303) size 77x22
          chunk 1 text run 1 at (3000.00,2320.00) startOffset 0 endOffset 11 width 75.00: "just a text"
      LayoutSVGText {text} at (3098,2303) size 77x22 contains 1 chunk(s)
        LayoutSVGInlineText {#text} at (3098,2303) size 77x22
          chunk 1 text run 1 at (3100.00,2320.00) startOffset 0 endOffset 11 width 75.00: "just a text"
      LayoutSVGText {text} at (3198,2303) size 77x22 contains 1 chunk(s)
        LayoutSVGInlineText {#text} at (3198,2303) size 77x22
          chunk 1 text run 1 at (3200.00,2320.00) startOffset 0 endOffset 11 width 75.00: "just a text"
      LayoutSVGText {text} at (3298,2303) size 77x22 contains 1 chunk(s)
        LayoutSVGInlineText {#text} at (3298,2303) size 77x22
          chunk 1 text run 1 at (3300.00,2320.00) startOffset 0 endOffset 11 width 75.00: "just a text"
      LayoutSVGText {text} at (3398,2303) size 77x22 contains 1 chunk(s)
        LayoutSVGInlineText {#text} at (3398,2303) size 77x22
          chunk 1 text run 1 at (3400.00,2320.00) startOffset 0 endOffset 11 width 75.00: "just a text"
      LayoutSVGText {text} at (3498,2303) size 77x22 contains 1 chunk(s)
        LayoutSVGInlineText {#text} at (3498,2303) size 77x22
          chunk 1 text run 1 at (3500.00,2320.00) startOffset 0 endOffset 11 width 75.00: "just a text"
      LayoutSVGText {text} at (3598,2303) size 77x22 contains 1 chunk(s)
        LayoutSVGInlineText {#text} at (3598,2303) size 77x22
          chunk 1 text run 1 at (3600.00,2320.00) startOffset 0 endOffset 11 width 75.00: "just a text"
      LayoutSVGText {text} at (3698,2303) size 77x22 contains 1 chunk(s)
        LayoutSVGInlineText {#text} at (3698,2303) size 77x22
          chunk 1 text run 1 at (3700.00,2320.00) startOffset 0 endOffset 11 width 75.00: "just a text"
      LayoutSVGText {text} at (3798,2303) size 77x22 contains 1 chunk(s)
        LayoutSVGInlineText {#text} at (3798,2303) size 77x22
          chunk 1 text run 1 at (3800.00,2320.00) startOffset 0 endOffset 11 width 75.00: "just a text"
      LayoutSVGText {text} at (3898,2303) size 77x22 contains 1 chunk(s)
        LayoutSVGInlineText {#text} at (3898,2303) size 77x22
          chunk 1 text run 1 at (3900.00,2320.00) startOffset 0 endOffset 11 width 75.00: "just a text"
      LayoutSVGText {text} at (3998,2303) size 77x22 contains 1 chunk(s)
        LayoutSVGInlineText {#text} at (3998,2303) size 77x22
          chunk 1 text run 1 at (4000.00,2320.00) startOffset 0 endOffset 11 width 75.00: "just a text"
      LayoutSVGText {text} at (4098,2303) size 77x22 contains 1 chunk(s)
        LayoutSVGInlineText {#text} at (4098,2303) size 77x22
          chunk 1 text run 1 at (4100.00,2320.00) startOffset 0 endOffset 11 width 75.00: "just a text"
      LayoutSVGText {text} at (4198,2303) size 77x22 contains 1 chunk(s)
        LayoutSVGInlineText {#text} at (4198,2303) size 77x22
          chunk 1 text run 1 at (4200.00,2320.00) startOffset 0 endOffset 11 width 75.00: "just a text"
      LayoutSVGText {text} at (4298,2303) size 77x22 contains 1 chunk(s)
        LayoutSVGInlineText {#text} at (4298,2303) size 77x22
          chunk 1 text run 1 at (4300.00,2320.00) startOffset 0 endOffset 11 width 75.00: "just a text"
      LayoutSVGText {text} at (4398,2303) size 77x22 contains 1 chunk(s)
        LayoutSVGInlineText {#text} at (4398,2303) size 77x22
          chunk 1 text run 1 at (4400.00,2320.00) startOffset 0 endOffset 11 width 75.00: "just a text"
      LayoutSVGText {text} at (4498,2303) size 77x22 contains 1 chunk(s)
        LayoutSVGInlineText {#text} at (4498,2303) size 77x22
          chunk 1 text run 1 at (4500.00,2320.00) startOffset 0 endOffset 11 width 75.00: "just a text"
      LayoutSVGText {text} at (4598,2303) size 77x22 contains 1 chunk(s)
        LayoutSVGInlineText {#text} at (4598,2303) size 77x22
          chunk 1 text run 1 at (4600.00,2320.00) startOffset 0 endOffset 11 width 75.00: "just a text"
      LayoutSVGText {text} at (4698,2303) size 77x22 contains 1 chunk(s)
        LayoutSVGInlineText {#text} at (4698,2303) size 77x22
          chunk 1 text run 1 at (4700.00,2320.00) startOffset 0 endOffset 11 width 75.00: "just a text"
      LayoutSVGText {text} at (4798,2303) size 77x22 contains 1 chunk(s)
        LayoutSVGInlineText {#text} at (4798,2303) size 77x22
          chunk 1 text run 1 at (4800.00,2320.00) startOffset 0 endOffset 11 width 75.00: "just a text"
      LayoutSVGText {text} at (4898,2303) size 77x22 contains 1 chunk(s)
        LayoutSVGInlineText {#text} at (4898,2303) size 77x22
          chunk 1 text run 1 at (4900.00,2320.00) startOffset 0 endOffset 11 width 75.00: "just a text"
      LayoutSVGText {text} at (-2,2403) size 77x22 contains 1 chunk(s)
        LayoutSVGInlineText {#text} at (-2,2403) size 77x22
          chunk 1 text run 1 at (0.00,2420.00) startOffset 0 endOffset 11 width 75.00: "just a text"
      LayoutSVGText {text} at (98,2403) size 77x22 contains 1 chunk(s)
        LayoutSVGInlineText {#text} at (98,2403) size 77x22
          chunk 1 text run 1 at (100.00,2420.00) startOffset 0 endOffset 11 width 75.00: "just a text"
      LayoutSVGText {text} at (198,2403) size 77x22 contains 1 chunk(s)
        LayoutSVGInlineText {#text} at (198,2403) size 77x22
          chunk 1 text run 1 at (200.00,2420.00) startOffset 0 endOffset 11 width 75.00: "just a text"
      LayoutSVGText {text} at (298,2403) size 77x22 contains 1 chunk(s)
        LayoutSVGInlineText {#text} at (298,2403) size 77x22
          chunk 1 text run 1 at (300.00,2420.00) startOffset 0 endOffset 11 width 75.00: "just a text"
      LayoutSVGText {text} at (398,2403) size 77x22 contains 1 chunk(s)
        LayoutSVGInlineText {#text} at (398,2403) size 77x22
          chunk 1 text run 1 at (400.00,2420.00) startOffset 0 endOffset 11 width 75.00: "just a text"
      LayoutSVGText {text} at (498,2403) size 77x22 contains 1 chunk(s)
        LayoutSVGInlineText {#text} at (498,2403) size 77x22
          chunk 1 text run 1 at (500.00,2420.00) startOffset 0 endOffset 11 width 75.00: "just a text"
      LayoutSVGText {text} at (598,2403) size 77x22 contains 1 chunk(s)
        LayoutSVGInlineText {#text} at (598,2403) size 77x22
          chunk 1 text run 1 at (600.00,2420.00) startOffset 0 endOffset 11 width 75.00: "just a text"
      LayoutSVGText {text} at (698,2403) size 77x22 contains 1 chunk(s)
        LayoutSVGInlineText {#text} at (698,2403) size 77x22
          chunk 1 text run 1 at (700.00,2420.00) startOffset 0 endOffset 11 width 75.00: "just a text"
      LayoutSVGText {text} at (798,2403) size 77x22 contains 1 chunk(s)
        LayoutSVGInlineText {#text} at (798,2403) size 77x22
          chunk 1 text run 1 at (800.00,2420.00) startOffset 0 endOffset 11 width 75.00: "just a text"
      LayoutSVGText {text} at (898,2403) size 77x22 contains 1 chunk(s)
        LayoutSVGInlineText {#text} at (898,2403) size 77x22
          chunk 1 text run 1 at (900.00,2420.00) startOffset 0 endOffset 11 width 75.00: "just a text"
      LayoutSVGText {text} at (998,2403) size 77x22 contains 1 chunk(s)
        LayoutSVGInlineText {#text} at (998,2403) size 77x22
          chunk 1 text run 1 at (1000.00,2420.00) startOffset 0 endOffset 11 width 75.00: "just a text"
      LayoutSVGText {text} at (1098,2403) size 77x22 contains 1 chunk(s)
        LayoutSVGInlineText {#text} at (1098,2403) size 77x22
          chunk 1 text run 1 at (1100.00,2420.00) startOffset 0 endOffset 11 width 75.00: "just a text"
      LayoutSVGText {text} at (1198,2403) size 77x22 contains 1 chunk(s)
        LayoutSVGInlineText {#text} at (1198,2403) size 77x22
          chunk 1 text run 1 at (1200.00,2420.00) startOffset 0 endOffset 11 width 75.00: "just a text"
      LayoutSVGText {text} at (1298,2403) size 77x22 contains 1 chunk(s)
        LayoutSVGInlineText {#text} at (1298,2403) size 77x22
          chunk 1 text run 1 at (1300.00,2420.00) startOffset 0 endOffset 11 width 75.00: "just a text"
      LayoutSVGText {text} at (1398,2403) size 77x22 contains 1 chunk(s)
        LayoutSVGInlineText {#text} at (1398,2403) size 77x22
          chunk 1 text run 1 at (1400.00,2420.00) startOffset 0 endOffset 11 width 75.00: "just a text"
      LayoutSVGText {text} at (1498,2403) size 77x22 contains 1 chunk(s)
        LayoutSVGInlineText {#text} at (1498,2403) size 77x22
          chunk 1 text run 1 at (1500.00,2420.00) startOffset 0 endOffset 11 width 75.00: "just a text"
      LayoutSVGText {text} at (1598,2403) size 77x22 contains 1 chunk(s)
        LayoutSVGInlineText {#text} at (1598,2403) size 77x22
          chunk 1 text run 1 at (1600.00,2420.00) startOffset 0 endOffset 11 width 75.00: "just a text"
      LayoutSVGText {text} at (1698,2403) size 77x22 contains 1 chunk(s)
        LayoutSVGInlineText {#text} at (1698,2403) size 77x22
          chunk 1 text run 1 at (1700.00,2420.00) startOffset 0 endOffset 11 width 75.00: "just a text"
      LayoutSVGText {text} at (1798,2403) size 77x22 contains 1 chunk(s)
        LayoutSVGInlineText {#text} at (1798,2403) size 77x22
          chunk 1 text run 1 at (1800.00,2420.00) startOffset 0 endOffset 11 width 75.00: "just a text"
      LayoutSVGText {text} at (1898,2403) size 77x22 contains 1 chunk(s)
        LayoutSVGInlineText {#text} at (1898,2403) size 77x22
          chunk 1 text run 1 at (1900.00,2420.00) startOffset 0 endOffset 11 width 75.00: "just a text"
      LayoutSVGText {text} at (1998,2403) size 77x22 contains 1 chunk(s)
        LayoutSVGInlineText {#text} at (1998,2403) size 77x22
          chunk 1 text run 1 at (2000.00,2420.00) startOffset 0 endOffset 11 width 75.00: "just a text"
      LayoutSVGText {text} at (2098,2403) size 77x22 contains 1 chunk(s)
        LayoutSVGInlineText {#text} at (2098,2403) size 77x22
          chunk 1 text run 1 at (2100.00,2420.00) startOffset 0 endOffset 11 width 75.00: "just a text"
      LayoutSVGText {text} at (2198,2403) size 77x22 contains 1 chunk(s)
        LayoutSVGInlineText {#text} at (2198,2403) size 77x22
          chunk 1 text run 1 at (2200.00,2420.00) startOffset 0 endOffset 11 width 75.00: "just a text"
      LayoutSVGText {text} at (2298,2403) size 77x22 contains 1 chunk(s)
        LayoutSVGInlineText {#text} at (2298,2403) size 77x22
          chunk 1 text run 1 at (2300.00,2420.00) startOffset 0 endOffset 11 width 75.00: "just a text"
      LayoutSVGText {text} at (2398,2403) size 77x22 contains 1 chunk(s)
        LayoutSVGInlineText {#text} at (2398,2403) size 77x22
          chunk 1 text run 1 at (2400.00,2420.00) startOffset 0 endOffset 11 width 75.00: "just a text"
      LayoutSVGText {text} at (2498,2403) size 77x22 contains 1 chunk(s)
        LayoutSVGInlineText {#text} at (2498,2403) size 77x22
          chunk 1 text run 1 at (2500.00,2420.00) startOffset 0 endOffset 11 width 75.00: "just a text"
      LayoutSVGText {text} at (2598,2403) size 77x22 contains 1 chunk(s)
        LayoutSVGInlineText {#text} at (2598,2403) size 77x22
          chunk 1 text run 1 at (2600.00,2420.00) startOffset 0 endOffset 11 width 75.00: "just a text"
      LayoutSVGText {text} at (2698,2403) size 77x22 contains 1 chunk(s)
        LayoutSVGInlineText {#text} at (2698,2403) size 77x22
          chunk 1 text run 1 at (2700.00,2420.00) startOffset 0 endOffset 11 width 75.00: "just a text"
      LayoutSVGText {text} at (2798,2403) size 77x22 contains 1 chunk(s)
        LayoutSVGInlineText {#text} at (2798,2403) size 77x22
          chunk 1 text run 1 at (2800.00,2420.00) startOffset 0 endOffset 11 width 75.00: "just a text"
      LayoutSVGText {text} at (2898,2403) size 77x22 contains 1 chunk(s)
        LayoutSVGInlineText {#text} at (2898,2403) size 77x22
          chunk 1 text run 1 at (2900.00,2420.00) startOffset 0 endOffset 11 width 75.00: "just a text"
      LayoutSVGText {text} at (2998,2403) size 77x22 contains 1 chunk(s)
        LayoutSVGInlineText {#text} at (2998,2403) size 77x22
          chunk 1 text run 1 at (3000.00,2420.00) startOffset 0 endOffset 11 width 75.00: "just a text"
      LayoutSVGText {text} at (3098,2403) size 77x22 contains 1 chunk(s)
        LayoutSVGInlineText {#text} at (3098,2403) size 77x22
          chunk 1 text run 1 at (3100.00,2420.00) startOffset 0 endOffset 11 width 75.00: "just a text"
      LayoutSVGText {text} at (3198,2403) size 77x22 contains 1 chunk(s)
        LayoutSVGInlineText {#text} at (3198,2403) size 77x22
          chunk 1 text run 1 at (3200.00,2420.00) startOffset 0 endOffset 11 width 75.00: "just a text"
      LayoutSVGText {text} at (3298,2403) size 77x22 contains 1 chunk(s)
        LayoutSVGInlineText {#text} at (3298,2403) size 77x22
          chunk 1 text run 1 at (3300.00,2420.00) startOffset 0 endOffset 11 width 75.00: "just a text"
      LayoutSVGText {text} at (3398,2403) size 77x22 contains 1 chunk(s)
        LayoutSVGInlineText {#text} at (3398,2403) size 77x22
          chunk 1 text run 1 at (3400.00,2420.00) startOffset 0 endOffset 11 width 75.00: "just a text"
      LayoutSVGText {text} at (3498,2403) size 77x22 contains 1 chunk(s)
        LayoutSVGInlineText {#text} at (3498,2403) size 77x22
          chunk 1 text run 1 at (3500.00,2420.00) startOffset 0 endOffset 11 width 75.00: "just a text"
      LayoutSVGText {text} at (3598,2403) size 77x22 contains 1 chunk(s)
        LayoutSVGInlineText {#text} at (3598,2403) size 77x22
          chunk 1 text run 1 at (3600.00,2420.00) startOffset 0 endOffset 11 width 75.00: "just a text"
      LayoutSVGText {text} at (3698,2403) size 77x22 contains 1 chunk(s)
        LayoutSVGInlineText {#text} at (3698,2403) size 77x22
          chunk 1 text run 1 at (3700.00,2420.00) startOffset 0 endOffset 11 width 75.00: "just a text"
      LayoutSVGText {text} at (3798,2403) size 77x22 contains 1 chunk(s)
        LayoutSVGInlineText {#text} at (3798,2403) size 77x22
          chunk 1 text run 1 at (3800.00,2420.00) startOffset 0 endOffset 11 width 75.00: "just a text"
      LayoutSVGText {text} at (3898,2403) size 77x22 contains 1 chunk(s)
        LayoutSVGInlineText {#text} at (3898,2403) size 77x22
          chunk 1 text run 1 at (3900.00,2420.00) startOffset 0 endOffset 11 width 75.00: "just a text"
      LayoutSVGText {text} at (3998,2403) size 77x22 contains 1 chunk(s)
        LayoutSVGInlineText {#text} at (3998,2403) size 77x22
          chunk 1 text run 1 at (4000.00,2420.00) startOffset 0 endOffset 11 width 75.00: "just a text"
      LayoutSVGText {text} at (4098,2403) size 77x22 contains 1 chunk(s)
        LayoutSVGInlineText {#text} at (4098,2403) size 77x22
          chunk 1 text run 1 at (4100.00,2420.00) startOffset 0 endOffset 11 width 75.00: "just a text"
      LayoutSVGText {text} at (4198,2403) size 77x22 contains 1 chunk(s)
        LayoutSVGInlineText {#text} at (4198,2403) size 77x22
          chunk 1 text run 1 at (4200.00,2420.00) startOffset 0 endOffset 11 width 75.00: "just a text"
      LayoutSVGText {text} at (4298,2403) size 77x22 contains 1 chunk(s)
        LayoutSVGInlineText {#text} at (4298,2403) size 77x22
          chunk 1 text run 1 at (4300.00,2420.00) startOffset 0 endOffset 11 width 75.00: "just a text"
      LayoutSVGText {text} at (4398,2403) size 77x22 contains 1 chunk(s)
        LayoutSVGInlineText {#text} at (4398,2403) size 77x22
          chunk 1 text run 1 at (4400.00,2420.00) startOffset 0 endOffset 11 width 75.00: "just a text"
      LayoutSVGText {text} at (4498,2403) size 77x22 contains 1 chunk(s)
        LayoutSVGInlineText {#text} at (4498,2403) size 77x22
          chunk 1 text run 1 at (4500.00,2420.00) startOffset 0 endOffset 11 width 75.00: "just a text"
      LayoutSVGText {text} at (4598,2403) size 77x22 contains 1 chunk(s)
        LayoutSVGInlineText {#text} at (4598,2403) size 77x22
          chunk 1 text run 1 at (4600.00,2420.00) startOffset 0 endOffset 11 width 75.00: "just a text"
      LayoutSVGText {text} at (4698,2403) size 77x22 contains 1 chunk(s)
        LayoutSVGInlineText {#text} at (4698,2403) size 77x22
          chunk 1 text run 1 at (4700.00,2420.00) startOffset 0 endOffset 11 width 75.00: "just a text"
      LayoutSVGText {text} at (4798,2403) size 77x22 contains 1 chunk(s)
        LayoutSVGInlineText {#text} at (4798,2403) size 77x22
          chunk 1 text run 1 at (4800.00,2420.00) startOffset 0 endOffset 11 width 75.00: "just a text"
      LayoutSVGText {text} at (4898,2403) size 77x22 contains 1 chunk(s)
        LayoutSVGInlineText {#text} at (4898,2403) size 77x22
          chunk 1 text run 1 at (4900.00,2420.00) startOffset 0 endOffset 11 width 75.00: "just a text"
      LayoutSVGText {text} at (-2,2503) size 77x22 contains 1 chunk(s)
        LayoutSVGInlineText {#text} at (-2,2503) size 77x22
          chunk 1 text run 1 at (0.00,2520.00) startOffset 0 endOffset 11 width 75.00: "just a text"
      LayoutSVGText {text} at (98,2503) size 77x22 contains 1 chunk(s)
        LayoutSVGInlineText {#text} at (98,2503) size 77x22
          chunk 1 text run 1 at (100.00,2520.00) startOffset 0 endOffset 11 width 75.00: "just a text"
      LayoutSVGText {text} at (198,2503) size 77x22 contains 1 chunk(s)
        LayoutSVGInlineText {#text} at (198,2503) size 77x22
          chunk 1 text run 1 at (200.00,2520.00) startOffset 0 endOffset 11 width 75.00: "just a text"
      LayoutSVGText {text} at (298,2503) size 77x22 contains 1 chunk(s)
        LayoutSVGInlineText {#text} at (298,2503) size 77x22
          chunk 1 text run 1 at (300.00,2520.00) startOffset 0 endOffset 11 width 75.00: "just a text"
      LayoutSVGText {text} at (398,2503) size 77x22 contains 1 chunk(s)
        LayoutSVGInlineText {#text} at (398,2503) size 77x22
          chunk 1 text run 1 at (400.00,2520.00) startOffset 0 endOffset 11 width 75.00: "just a text"
      LayoutSVGText {text} at (498,2503) size 77x22 contains 1 chunk(s)
        LayoutSVGInlineText {#text} at (498,2503) size 77x22
          chunk 1 text run 1 at (500.00,2520.00) startOffset 0 endOffset 11 width 75.00: "just a text"
      LayoutSVGText {text} at (598,2503) size 77x22 contains 1 chunk(s)
        LayoutSVGInlineText {#text} at (598,2503) size 77x22
          chunk 1 text run 1 at (600.00,2520.00) startOffset 0 endOffset 11 width 75.00: "just a text"
      LayoutSVGText {text} at (698,2503) size 77x22 contains 1 chunk(s)
        LayoutSVGInlineText {#text} at (698,2503) size 77x22
          chunk 1 text run 1 at (700.00,2520.00) startOffset 0 endOffset 11 width 75.00: "just a text"
      LayoutSVGText {text} at (798,2503) size 77x22 contains 1 chunk(s)
        LayoutSVGInlineText {#text} at (798,2503) size 77x22
          chunk 1 text run 1 at (800.00,2520.00) startOffset 0 endOffset 11 width 75.00: "just a text"
      LayoutSVGText {text} at (898,2503) size 77x22 contains 1 chunk(s)
        LayoutSVGInlineText {#text} at (898,2503) size 77x22
          chunk 1 text run 1 at (900.00,2520.00) startOffset 0 endOffset 11 width 75.00: "just a text"
      LayoutSVGText {text} at (998,2503) size 77x22 contains 1 chunk(s)
        LayoutSVGInlineText {#text} at (998,2503) size 77x22
          chunk 1 text run 1 at (1000.00,2520.00) startOffset 0 endOffset 11 width 75.00: "just a text"
      LayoutSVGText {text} at (1098,2503) size 77x22 contains 1 chunk(s)
        LayoutSVGInlineText {#text} at (1098,2503) size 77x22
          chunk 1 text run 1 at (1100.00,2520.00) startOffset 0 endOffset 11 width 75.00: "just a text"
      LayoutSVGText {text} at (1198,2503) size 77x22 contains 1 chunk(s)
        LayoutSVGInlineText {#text} at (1198,2503) size 77x22
          chunk 1 text run 1 at (1200.00,2520.00) startOffset 0 endOffset 11 width 75.00: "just a text"
      LayoutSVGText {text} at (1298,2503) size 77x22 contains 1 chunk(s)
        LayoutSVGInlineText {#text} at (1298,2503) size 77x22
          chunk 1 text run 1 at (1300.00,2520.00) startOffset 0 endOffset 11 width 75.00: "just a text"
      LayoutSVGText {text} at (1398,2503) size 77x22 contains 1 chunk(s)
        LayoutSVGInlineText {#text} at (1398,2503) size 77x22
          chunk 1 text run 1 at (1400.00,2520.00) startOffset 0 endOffset 11 width 75.00: "just a text"
      LayoutSVGText {text} at (1498,2503) size 77x22 contains 1 chunk(s)
        LayoutSVGInlineText {#text} at (1498,2503) size 77x22
          chunk 1 text run 1 at (1500.00,2520.00) startOffset 0 endOffset 11 width 75.00: "just a text"
      LayoutSVGText {text} at (1598,2503) size 77x22 contains 1 chunk(s)
        LayoutSVGInlineText {#text} at (1598,2503) size 77x22
          chunk 1 text run 1 at (1600.00,2520.00) startOffset 0 endOffset 11 width 75.00: "just a text"
      LayoutSVGText {text} at (1698,2503) size 77x22 contains 1 chunk(s)
        LayoutSVGInlineText {#text} at (1698,2503) size 77x22
          chunk 1 text run 1 at (1700.00,2520.00) startOffset 0 endOffset 11 width 75.00: "just a text"
      LayoutSVGText {text} at (1798,2503) size 77x22 contains 1 chunk(s)
        LayoutSVGInlineText {#text} at (1798,2503) size 77x22
          chunk 1 text run 1 at (1800.00,2520.00) startOffset 0 endOffset 11 width 75.00: "just a text"
      LayoutSVGText {text} at (1898,2503) size 77x22 contains 1 chunk(s)
        LayoutSVGInlineText {#text} at (1898,2503) size 77x22
          chunk 1 text run 1 at (1900.00,2520.00) startOffset 0 endOffset 11 width 75.00: "just a text"
      LayoutSVGText {text} at (1998,2503) size 77x22 contains 1 chunk(s)
        LayoutSVGInlineText {#text} at (1998,2503) size 77x22
          chunk 1 text run 1 at (2000.00,2520.00) startOffset 0 endOffset 11 width 75.00: "just a text"
      LayoutSVGText {text} at (2098,2503) size 77x22 contains 1 chunk(s)
        LayoutSVGInlineText {#text} at (2098,2503) size 77x22
          chunk 1 text run 1 at (2100.00,2520.00) startOffset 0 endOffset 11 width 75.00: "just a text"
      LayoutSVGText {text} at (2198,2503) size 77x22 contains 1 chunk(s)
        LayoutSVGInlineText {#text} at (2198,2503) size 77x22
          chunk 1 text run 1 at (2200.00,2520.00) startOffset 0 endOffset 11 width 75.00: "just a text"
      LayoutSVGText {text} at (2298,2503) size 77x22 contains 1 chunk(s)
        LayoutSVGInlineText {#text} at (2298,2503) size 77x22
          chunk 1 text run 1 at (2300.00,2520.00) startOffset 0 endOffset 11 width 75.00: "just a text"
      LayoutSVGText {text} at (2398,2503) size 77x22 contains 1 chunk(s)
        LayoutSVGInlineText {#text} at (2398,2503) size 77x22
          chunk 1 text run 1 at (2400.00,2520.00) startOffset 0 endOffset 11 width 75.00: "just a text"
      LayoutSVGText {text} at (2498,2503) size 77x22 contains 1 chunk(s)
        LayoutSVGInlineText {#text} at (2498,2503) size 77x22
          chunk 1 text run 1 at (2500.00,2520.00) startOffset 0 endOffset 11 width 75.00: "just a text"
      LayoutSVGText {text} at (2598,2503) size 77x22 contains 1 chunk(s)
        LayoutSVGInlineText {#text} at (2598,2503) size 77x22
          chunk 1 text run 1 at (2600.00,2520.00) startOffset 0 endOffset 11 width 75.00: "just a text"
      LayoutSVGText {text} at (2698,2503) size 77x22 contains 1 chunk(s)
        LayoutSVGInlineText {#text} at (2698,2503) size 77x22
          chunk 1 text run 1 at (2700.00,2520.00) startOffset 0 endOffset 11 width 75.00: "just a text"
      LayoutSVGText {text} at (2798,2503) size 77x22 contains 1 chunk(s)
        LayoutSVGInlineText {#text} at (2798,2503) size 77x22
          chunk 1 text run 1 at (2800.00,2520.00) startOffset 0 endOffset 11 width 75.00: "just a text"
      LayoutSVGText {text} at (2898,2503) size 77x22 contains 1 chunk(s)
        LayoutSVGInlineText {#text} at (2898,2503) size 77x22
          chunk 1 text run 1 at (2900.00,2520.00) startOffset 0 endOffset 11 width 75.00: "just a text"
      LayoutSVGText {text} at (2998,2503) size 77x22 contains 1 chunk(s)
        LayoutSVGInlineText {#text} at (2998,2503) size 77x22
          chunk 1 text run 1 at (3000.00,2520.00) startOffset 0 endOffset 11 width 75.00: "just a text"
      LayoutSVGText {text} at (3098,2503) size 77x22 contains 1 chunk(s)
        LayoutSVGInlineText {#text} at (3098,2503) size 77x22
          chunk 1 text run 1 at (3100.00,2520.00) startOffset 0 endOffset 11 width 75.00: "just a text"
      LayoutSVGText {text} at (3198,2503) size 77x22 contains 1 chunk(s)
        LayoutSVGInlineText {#text} at (3198,2503) size 77x22
          chunk 1 text run 1 at (3200.00,2520.00) startOffset 0 endOffset 11 width 75.00: "just a text"
      LayoutSVGText {text} at (3298,2503) size 77x22 contains 1 chunk(s)
        LayoutSVGInlineText {#text} at (3298,2503) size 77x22
          chunk 1 text run 1 at (3300.00,2520.00) startOffset 0 endOffset 11 width 75.00: "just a text"
      LayoutSVGText {text} at (3398,2503) size 77x22 contains 1 chunk(s)
        LayoutSVGInlineText {#text} at (3398,2503) size 77x22
          chunk 1 text run 1 at (3400.00,2520.00) startOffset 0 endOffset 11 width 75.00: "just a text"
      LayoutSVGText {text} at (3498,2503) size 77x22 contains 1 chunk(s)
        LayoutSVGInlineText {#text} at (3498,2503) size 77x22
          chunk 1 text run 1 at (3500.00,2520.00) startOffset 0 endOffset 11 width 75.00: "just a text"
      LayoutSVGText {text} at (3598,2503) size 77x22 contains 1 chunk(s)
        LayoutSVGInlineText {#text} at (3598,2503) size 77x22
          chunk 1 text run 1 at (3600.00,2520.00) startOffset 0 endOffset 11 width 75.00: "just a text"
      LayoutSVGText {text} at (3698,2503) size 77x22 contains 1 chunk(s)
        LayoutSVGInlineText {#text} at (3698,2503) size 77x22
          chunk 1 text run 1 at (3700.00,2520.00) startOffset 0 endOffset 11 width 75.00: "just a text"
      LayoutSVGText {text} at (3798,2503) size 77x22 contains 1 chunk(s)
        LayoutSVGInlineText {#text} at (3798,2503) size 77x22
          chunk 1 text run 1 at (3800.00,2520.00) startOffset 0 endOffset 11 width 75.00: "just a text"
      LayoutSVGText {text} at (3898,2503) size 77x22 contains 1 chunk(s)
        LayoutSVGInlineText {#text} at (3898,2503) size 77x22
          chunk 1 text run 1 at (3900.00,2520.00) startOffset 0 endOffset 11 width 75.00: "just a text"
      LayoutSVGText {text} at (3998,2503) size 77x22 contains 1 chunk(s)
        LayoutSVGInlineText {#text} at (3998,2503) size 77x22
          chunk 1 text run 1 at (4000.00,2520.00) startOffset 0 endOffset 11 width 75.00: "just a text"
      LayoutSVGText {text} at (4098,2503) size 77x22 contains 1 chunk(s)
        LayoutSVGInlineText {#text} at (4098,2503) size 77x22
          chunk 1 text run 1 at (4100.00,2520.00) startOffset 0 endOffset 11 width 75.00: "just a text"
      LayoutSVGText {text} at (4198,2503) size 77x22 contains 1 chunk(s)
        LayoutSVGInlineText {#text} at (4198,2503) size 77x22
          chunk 1 text run 1 at (4200.00,2520.00) startOffset 0 endOffset 11 width 75.00: "just a text"
      LayoutSVGText {text} at (4298,2503) size 77x22 contains 1 chunk(s)
        LayoutSVGInlineText {#text} at (4298,2503) size 77x22
          chunk 1 text run 1 at (4300.00,2520.00) startOffset 0 endOffset 11 width 75.00: "just a text"
      LayoutSVGText {text} at (4398,2503) size 77x22 contains 1 chunk(s)
        LayoutSVGInlineText {#text} at (4398,2503) size 77x22
          chunk 1 text run 1 at (4400.00,2520.00) startOffset 0 endOffset 11 width 75.00: "just a text"
      LayoutSVGText {text} at (4498,2503) size 77x22 contains 1 chunk(s)
        LayoutSVGInlineText {#text} at (4498,2503) size 77x22
          chunk 1 text run 1 at (4500.00,2520.00) startOffset 0 endOffset 11 width 75.00: "just a text"
      LayoutSVGText {text} at (4598,2503) size 77x22 contains 1 chunk(s)
        LayoutSVGInlineText {#text} at (4598,2503) size 77x22
          chunk 1 text run 1 at (4600.00,2520.00) startOffset 0 endOffset 11 width 75.00: "just a text"
      LayoutSVGText {text} at (4698,2503) size 77x22 contains 1 chunk(s)
        LayoutSVGInlineText {#text} at (4698,2503) size 77x22
          chunk 1 text run 1 at (4700.00,2520.00) startOffset 0 endOffset 11 width 75.00: "just a text"
      LayoutSVGText {text} at (4798,2503) size 77x22 contains 1 chunk(s)
        LayoutSVGInlineText {#text} at (4798,2503) size 77x22
          chunk 1 text run 1 at (4800.00,2520.00) startOffset 0 endOffset 11 width 75.00: "just a text"
      LayoutSVGText {text} at (4898,2503) size 77x22 contains 1 chunk(s)
        LayoutSVGInlineText {#text} at (4898,2503) size 77x22
          chunk 1 text run 1 at (4900.00,2520.00) startOffset 0 endOffset 11 width 75.00: "just a text"
      LayoutSVGText {text} at (-2,2603) size 77x22 contains 1 chunk(s)
        LayoutSVGInlineText {#text} at (-2,2603) size 77x22
          chunk 1 text run 1 at (0.00,2620.00) startOffset 0 endOffset 11 width 75.00: "just a text"
      LayoutSVGText {text} at (98,2603) size 77x22 contains 1 chunk(s)
        LayoutSVGInlineText {#text} at (98,2603) size 77x22
          chunk 1 text run 1 at (100.00,2620.00) startOffset 0 endOffset 11 width 75.00: "just a text"
      LayoutSVGText {text} at (198,2603) size 77x22 contains 1 chunk(s)
        LayoutSVGInlineText {#text} at (198,2603) size 77x22
          chunk 1 text run 1 at (200.00,2620.00) startOffset 0 endOffset 11 width 75.00: "just a text"
      LayoutSVGText {text} at (298,2603) size 77x22 contains 1 chunk(s)
        LayoutSVGInlineText {#text} at (298,2603) size 77x22
          chunk 1 text run 1 at (300.00,2620.00) startOffset 0 endOffset 11 width 75.00: "just a text"
      LayoutSVGText {text} at (398,2603) size 77x22 contains 1 chunk(s)
        LayoutSVGInlineText {#text} at (398,2603) size 77x22
          chunk 1 text run 1 at (400.00,2620.00) startOffset 0 endOffset 11 width 75.00: "just a text"
      LayoutSVGText {text} at (498,2603) size 77x22 contains 1 chunk(s)
        LayoutSVGInlineText {#text} at (498,2603) size 77x22
          chunk 1 text run 1 at (500.00,2620.00) startOffset 0 endOffset 11 width 75.00: "just a text"
      LayoutSVGText {text} at (598,2603) size 77x22 contains 1 chunk(s)
        LayoutSVGInlineText {#text} at (598,2603) size 77x22
          chunk 1 text run 1 at (600.00,2620.00) startOffset 0 endOffset 11 width 75.00: "just a text"
      LayoutSVGText {text} at (698,2603) size 77x22 contains 1 chunk(s)
        LayoutSVGInlineText {#text} at (698,2603) size 77x22
          chunk 1 text run 1 at (700.00,2620.00) startOffset 0 endOffset 11 width 75.00: "just a text"
      LayoutSVGText {text} at (798,2603) size 77x22 contains 1 chunk(s)
        LayoutSVGInlineText {#text} at (798,2603) size 77x22
          chunk 1 text run 1 at (800.00,2620.00) startOffset 0 endOffset 11 width 75.00: "just a text"
      LayoutSVGText {text} at (898,2603) size 77x22 contains 1 chunk(s)
        LayoutSVGInlineText {#text} at (898,2603) size 77x22
          chunk 1 text run 1 at (900.00,2620.00) startOffset 0 endOffset 11 width 75.00: "just a text"
      LayoutSVGText {text} at (998,2603) size 77x22 contains 1 chunk(s)
        LayoutSVGInlineText {#text} at (998,2603) size 77x22
          chunk 1 text run 1 at (1000.00,2620.00) startOffset 0 endOffset 11 width 75.00: "just a text"
      LayoutSVGText {text} at (1098,2603) size 77x22 contains 1 chunk(s)
        LayoutSVGInlineText {#text} at (1098,2603) size 77x22
          chunk 1 text run 1 at (1100.00,2620.00) startOffset 0 endOffset 11 width 75.00: "just a text"
      LayoutSVGText {text} at (1198,2603) size 77x22 contains 1 chunk(s)
        LayoutSVGInlineText {#text} at (1198,2603) size 77x22
          chunk 1 text run 1 at (1200.00,2620.00) startOffset 0 endOffset 11 width 75.00: "just a text"
      LayoutSVGText {text} at (1298,2603) size 77x22 contains 1 chunk(s)
        LayoutSVGInlineText {#text} at (1298,2603) size 77x22
          chunk 1 text run 1 at (1300.00,2620.00) startOffset 0 endOffset 11 width 75.00: "just a text"
      LayoutSVGText {text} at (1398,2603) size 77x22 contains 1 chunk(s)
        LayoutSVGInlineText {#text} at (1398,2603) size 77x22
          chunk 1 text run 1 at (1400.00,2620.00) startOffset 0 endOffset 11 width 75.00: "just a text"
      LayoutSVGText {text} at (1498,2603) size 77x22 contains 1 chunk(s)
        LayoutSVGInlineText {#text} at (1498,2603) size 77x22
          chunk 1 text run 1 at (1500.00,2620.00) startOffset 0 endOffset 11 width 75.00: "just a text"
      LayoutSVGText {text} at (1598,2603) size 77x22 contains 1 chunk(s)
        LayoutSVGInlineText {#text} at (1598,2603) size 77x22
          chunk 1 text run 1 at (1600.00,2620.00) startOffset 0 endOffset 11 width 75.00: "just a text"
      LayoutSVGText {text} at (1698,2603) size 77x22 contains 1 chunk(s)
        LayoutSVGInlineText {#text} at (1698,2603) size 77x22
          chunk 1 text run 1 at (1700.00,2620.00) startOffset 0 endOffset 11 width 75.00: "just a text"
      LayoutSVGText {text} at (1798,2603) size 77x22 contains 1 chunk(s)
        LayoutSVGInlineText {#text} at (1798,2603) size 77x22
          chunk 1 text run 1 at (1800.00,2620.00) startOffset 0 endOffset 11 width 75.00: "just a text"
      LayoutSVGText {text} at (1898,2603) size 77x22 contains 1 chunk(s)
        LayoutSVGInlineText {#text} at (1898,2603) size 77x22
          chunk 1 text run 1 at (1900.00,2620.00) startOffset 0 endOffset 11 width 75.00: "just a text"
      LayoutSVGText {text} at (1998,2603) size 77x22 contains 1 chunk(s)
        LayoutSVGInlineText {#text} at (1998,2603) size 77x22
          chunk 1 text run 1 at (2000.00,2620.00) startOffset 0 endOffset 11 width 75.00: "just a text"
      LayoutSVGText {text} at (2098,2603) size 77x22 contains 1 chunk(s)
        LayoutSVGInlineText {#text} at (2098,2603) size 77x22
          chunk 1 text run 1 at (2100.00,2620.00) startOffset 0 endOffset 11 width 75.00: "just a text"
      LayoutSVGText {text} at (2198,2603) size 77x22 contains 1 chunk(s)
        LayoutSVGInlineText {#text} at (2198,2603) size 77x22
          chunk 1 text run 1 at (2200.00,2620.00) startOffset 0 endOffset 11 width 75.00: "just a text"
      LayoutSVGText {text} at (2298,2603) size 77x22 contains 1 chunk(s)
        LayoutSVGInlineText {#text} at (2298,2603) size 77x22
          chunk 1 text run 1 at (2300.00,2620.00) startOffset 0 endOffset 11 width 75.00: "just a text"
      LayoutSVGText {text} at (2398,2603) size 77x22 contains 1 chunk(s)
        LayoutSVGInlineText {#text} at (2398,2603) size 77x22
          chunk 1 text run 1 at (2400.00,2620.00) startOffset 0 endOffset 11 width 75.00: "just a text"
      LayoutSVGText {text} at (2498,2603) size 77x22 contains 1 chunk(s)
        LayoutSVGInlineText {#text} at (2498,2603) size 77x22
          chunk 1 text run 1 at (2500.00,2620.00) startOffset 0 endOffset 11 width 75.00: "just a text"
      LayoutSVGText {text} at (2598,2603) size 77x22 contains 1 chunk(s)
        LayoutSVGInlineText {#text} at (2598,2603) size 77x22
          chunk 1 text run 1 at (2600.00,2620.00) startOffset 0 endOffset 11 width 75.00: "just a text"
      LayoutSVGText {text} at (2698,2603) size 77x22 contains 1 chunk(s)
        LayoutSVGInlineText {#text} at (2698,2603) size 77x22
          chunk 1 text run 1 at (2700.00,2620.00) startOffset 0 endOffset 11 width 75.00: "just a text"
      LayoutSVGText {text} at (2798,2603) size 77x22 contains 1 chunk(s)
        LayoutSVGInlineText {#text} at (2798,2603) size 77x22
          chunk 1 text run 1 at (2800.00,2620.00) startOffset 0 endOffset 11 width 75.00: "just a text"
      LayoutSVGText {text} at (2898,2603) size 77x22 contains 1 chunk(s)
        LayoutSVGInlineText {#text} at (2898,2603) size 77x22
          chunk 1 text run 1 at (2900.00,2620.00) startOffset 0 endOffset 11 width 75.00: "just a text"
      LayoutSVGText {text} at (2998,2603) size 77x22 contains 1 chunk(s)
        LayoutSVGInlineText {#text} at (2998,2603) size 77x22
          chunk 1 text run 1 at (3000.00,2620.00) startOffset 0 endOffset 11 width 75.00: "just a text"
      LayoutSVGText {text} at (3098,2603) size 77x22 contains 1 chunk(s)
        LayoutSVGInlineText {#text} at (3098,2603) size 77x22
          chunk 1 text run 1 at (3100.00,2620.00) startOffset 0 endOffset 11 width 75.00: "just a text"
      LayoutSVGText {text} at (3198,2603) size 77x22 contains 1 chunk(s)
        LayoutSVGInlineText {#text} at (3198,2603) size 77x22
          chunk 1 text run 1 at (3200.00,2620.00) startOffset 0 endOffset 11 width 75.00: "just a text"
      LayoutSVGText {text} at (3298,2603) size 77x22 contains 1 chunk(s)
        LayoutSVGInlineText {#text} at (3298,2603) size 77x22
          chunk 1 text run 1 at (3300.00,2620.00) startOffset 0 endOffset 11 width 75.00: "just a text"
      LayoutSVGText {text} at (3398,2603) size 77x22 contains 1 chunk(s)
        LayoutSVGInlineText {#text} at (3398,2603) size 77x22
          chunk 1 text run 1 at (3400.00,2620.00) startOffset 0 endOffset 11 width 75.00: "just a text"
      LayoutSVGText {text} at (3498,2603) size 77x22 contains 1 chunk(s)
        LayoutSVGInlineText {#text} at (3498,2603) size 77x22
          chunk 1 text run 1 at (3500.00,2620.00) startOffset 0 endOffset 11 width 75.00: "just a text"
      LayoutSVGText {text} at (3598,2603) size 77x22 contains 1 chunk(s)
        LayoutSVGInlineText {#text} at (3598,2603) size 77x22
          chunk 1 text run 1 at (3600.00,2620.00) startOffset 0 endOffset 11 width 75.00: "just a text"
      LayoutSVGText {text} at (3698,2603) size 77x22 contains 1 chunk(s)
        LayoutSVGInlineText {#text} at (3698,2603) size 77x22
          chunk 1 text run 1 at (3700.00,2620.00) startOffset 0 endOffset 11 width 75.00: "just a text"
      LayoutSVGText {text} at (3798,2603) size 77x22 contains 1 chunk(s)
        LayoutSVGInlineText {#text} at (3798,2603) size 77x22
          chunk 1 text run 1 at (3800.00,2620.00) startOffset 0 endOffset 11 width 75.00: "just a text"
      LayoutSVGText {text} at (3898,2603) size 77x22 contains 1 chunk(s)
        LayoutSVGInlineText {#text} at (3898,2603) size 77x22
          chunk 1 text run 1 at (3900.00,2620.00) startOffset 0 endOffset 11 width 75.00: "just a text"
      LayoutSVGText {text} at (3998,2603) size 77x22 contains 1 chunk(s)
        LayoutSVGInlineText {#text} at (3998,2603) size 77x22
          chunk 1 text run 1 at (4000.00,2620.00) startOffset 0 endOffset 11 width 75.00: "just a text"
      LayoutSVGText {text} at (4098,2603) size 77x22 contains 1 chunk(s)
        LayoutSVGInlineText {#text} at (4098,2603) size 77x22
          chunk 1 text run 1 at (4100.00,2620.00) startOffset 0 endOffset 11 width 75.00: "just a text"
      LayoutSVGText {text} at (4198,2603) size 77x22 contains 1 chunk(s)
        LayoutSVGInlineText {#text} at (4198,2603) size 77x22
          chunk 1 text run 1 at (4200.00,2620.00) startOffset 0 endOffset 11 width 75.00: "just a text"
      LayoutSVGText {text} at (4298,2603) size 77x22 contains 1 chunk(s)
        LayoutSVGInlineText {#text} at (4298,2603) size 77x22
          chunk 1 text run 1 at (4300.00,2620.00) startOffset 0 endOffset 11 width 75.00: "just a text"
      LayoutSVGText {text} at (4398,2603) size 77x22 contains 1 chunk(s)
        LayoutSVGInlineText {#text} at (4398,2603) size 77x22
          chunk 1 text run 1 at (4400.00,2620.00) startOffset 0 endOffset 11 width 75.00: "just a text"
      LayoutSVGText {text} at (4498,2603) size 77x22 contains 1 chunk(s)
        LayoutSVGInlineText {#text} at (4498,2603) size 77x22
          chunk 1 text run 1 at (4500.00,2620.00) startOffset 0 endOffset 11 width 75.00: "just a text"
      LayoutSVGText {text} at (4598,2603) size 77x22 contains 1 chunk(s)
        LayoutSVGInlineText {#text} at (4598,2603) size 77x22
          chunk 1 text run 1 at (4600.00,2620.00) startOffset 0 endOffset 11 width 75.00: "just a text"
      LayoutSVGText {text} at (4698,2603) size 77x22 contains 1 chunk(s)
        LayoutSVGInlineText {#text} at (4698,2603) size 77x22
          chunk 1 text run 1 at (4700.00,2620.00) startOffset 0 endOffset 11 width 75.00: "just a text"
      LayoutSVGText {text} at (4798,2603) size 77x22 contains 1 chunk(s)
        LayoutSVGInlineText {#text} at (4798,2603) size 77x22
          chunk 1 text run 1 at (4800.00,2620.00) startOffset 0 endOffset 11 width 75.00: "just a text"
      LayoutSVGText {text} at (4898,2603) size 77x22 contains 1 chunk(s)
        LayoutSVGInlineText {#text} at (4898,2603) size 77x22
          chunk 1 text run 1 at (4900.00,2620.00) startOffset 0 endOffset 11 width 75.00: "just a text"
      LayoutSVGText {text} at (-2,2703) size 77x22 contains 1 chunk(s)
        LayoutSVGInlineText {#text} at (-2,2703) size 77x22
          chunk 1 text run 1 at (0.00,2720.00) startOffset 0 endOffset 11 width 75.00: "just a text"
      LayoutSVGText {text} at (98,2703) size 77x22 contains 1 chunk(s)
        LayoutSVGInlineText {#text} at (98,2703) size 77x22
          chunk 1 text run 1 at (100.00,2720.00) startOffset 0 endOffset 11 width 75.00: "just a text"
      LayoutSVGText {text} at (198,2703) size 77x22 contains 1 chunk(s)
        LayoutSVGInlineText {#text} at (198,2703) size 77x22
          chunk 1 text run 1 at (200.00,2720.00) startOffset 0 endOffset 11 width 75.00: "just a text"
      LayoutSVGText {text} at (298,2703) size 77x22 contains 1 chunk(s)
        LayoutSVGInlineText {#text} at (298,2703) size 77x22
          chunk 1 text run 1 at (300.00,2720.00) startOffset 0 endOffset 11 width 75.00: "just a text"
      LayoutSVGText {text} at (398,2703) size 77x22 contains 1 chunk(s)
        LayoutSVGInlineText {#text} at (398,2703) size 77x22
          chunk 1 text run 1 at (400.00,2720.00) startOffset 0 endOffset 11 width 75.00: "just a text"
      LayoutSVGText {text} at (498,2703) size 77x22 contains 1 chunk(s)
        LayoutSVGInlineText {#text} at (498,2703) size 77x22
          chunk 1 text run 1 at (500.00,2720.00) startOffset 0 endOffset 11 width 75.00: "just a text"
      LayoutSVGText {text} at (598,2703) size 77x22 contains 1 chunk(s)
        LayoutSVGInlineText {#text} at (598,2703) size 77x22
          chunk 1 text run 1 at (600.00,2720.00) startOffset 0 endOffset 11 width 75.00: "just a text"
      LayoutSVGText {text} at (698,2703) size 77x22 contains 1 chunk(s)
        LayoutSVGInlineText {#text} at (698,2703) size 77x22
          chunk 1 text run 1 at (700.00,2720.00) startOffset 0 endOffset 11 width 75.00: "just a text"
      LayoutSVGText {text} at (798,2703) size 77x22 contains 1 chunk(s)
        LayoutSVGInlineText {#text} at (798,2703) size 77x22
          chunk 1 text run 1 at (800.00,2720.00) startOffset 0 endOffset 11 width 75.00: "just a text"
      LayoutSVGText {text} at (898,2703) size 77x22 contains 1 chunk(s)
        LayoutSVGInlineText {#text} at (898,2703) size 77x22
          chunk 1 text run 1 at (900.00,2720.00) startOffset 0 endOffset 11 width 75.00: "just a text"
      LayoutSVGText {text} at (998,2703) size 77x22 contains 1 chunk(s)
        LayoutSVGInlineText {#text} at (998,2703) size 77x22
          chunk 1 text run 1 at (1000.00,2720.00) startOffset 0 endOffset 11 width 75.00: "just a text"
      LayoutSVGText {text} at (1098,2703) size 77x22 contains 1 chunk(s)
        LayoutSVGInlineText {#text} at (1098,2703) size 77x22
          chunk 1 text run 1 at (1100.00,2720.00) startOffset 0 endOffset 11 width 75.00: "just a text"
      LayoutSVGText {text} at (1198,2703) size 77x22 contains 1 chunk(s)
        LayoutSVGInlineText {#text} at (1198,2703) size 77x22
          chunk 1 text run 1 at (1200.00,2720.00) startOffset 0 endOffset 11 width 75.00: "just a text"
      LayoutSVGText {text} at (1298,2703) size 77x22 contains 1 chunk(s)
        LayoutSVGInlineText {#text} at (1298,2703) size 77x22
          chunk 1 text run 1 at (1300.00,2720.00) startOffset 0 endOffset 11 width 75.00: "just a text"
      LayoutSVGText {text} at (1398,2703) size 77x22 contains 1 chunk(s)
        LayoutSVGInlineText {#text} at (1398,2703) size 77x22
          chunk 1 text run 1 at (1400.00,2720.00) startOffset 0 endOffset 11 width 75.00: "just a text"
      LayoutSVGText {text} at (1498,2703) size 77x22 contains 1 chunk(s)
        LayoutSVGInlineText {#text} at (1498,2703) size 77x22
          chunk 1 text run 1 at (1500.00,2720.00) startOffset 0 endOffset 11 width 75.00: "just a text"
      LayoutSVGText {text} at (1598,2703) size 77x22 contains 1 chunk(s)
        LayoutSVGInlineText {#text} at (1598,2703) size 77x22
          chunk 1 text run 1 at (1600.00,2720.00) startOffset 0 endOffset 11 width 75.00: "just a text"
      LayoutSVGText {text} at (1698,2703) size 77x22 contains 1 chunk(s)
        LayoutSVGInlineText {#text} at (1698,2703) size 77x22
          chunk 1 text run 1 at (1700.00,2720.00) startOffset 0 endOffset 11 width 75.00: "just a text"
      LayoutSVGText {text} at (1798,2703) size 77x22 contains 1 chunk(s)
        LayoutSVGInlineText {#text} at (1798,2703) size 77x22
          chunk 1 text run 1 at (1800.00,2720.00) startOffset 0 endOffset 11 width 75.00: "just a text"
      LayoutSVGText {text} at (1898,2703) size 77x22 contains 1 chunk(s)
        LayoutSVGInlineText {#text} at (1898,2703) size 77x22
          chunk 1 text run 1 at (1900.00,2720.00) startOffset 0 endOffset 11 width 75.00: "just a text"
      LayoutSVGText {text} at (1998,2703) size 77x22 contains 1 chunk(s)
        LayoutSVGInlineText {#text} at (1998,2703) size 77x22
          chunk 1 text run 1 at (2000.00,2720.00) startOffset 0 endOffset 11 width 75.00: "just a text"
      LayoutSVGText {text} at (2098,2703) size 77x22 contains 1 chunk(s)
        LayoutSVGInlineText {#text} at (2098,2703) size 77x22
          chunk 1 text run 1 at (2100.00,2720.00) startOffset 0 endOffset 11 width 75.00: "just a text"
      LayoutSVGText {text} at (2198,2703) size 77x22 contains 1 chunk(s)
        LayoutSVGInlineText {#text} at (2198,2703) size 77x22
          chunk 1 text run 1 at (2200.00,2720.00) startOffset 0 endOffset 11 width 75.00: "just a text"
      LayoutSVGText {text} at (2298,2703) size 77x22 contains 1 chunk(s)
        LayoutSVGInlineText {#text} at (2298,2703) size 77x22
          chunk 1 text run 1 at (2300.00,2720.00) startOffset 0 endOffset 11 width 75.00: "just a text"
      LayoutSVGText {text} at (2398,2703) size 77x22 contains 1 chunk(s)
        LayoutSVGInlineText {#text} at (2398,2703) size 77x22
          chunk 1 text run 1 at (2400.00,2720.00) startOffset 0 endOffset 11 width 75.00: "just a text"
      LayoutSVGText {text} at (2498,2703) size 77x22 contains 1 chunk(s)
        LayoutSVGInlineText {#text} at (2498,2703) size 77x22
          chunk 1 text run 1 at (2500.00,2720.00) startOffset 0 endOffset 11 width 75.00: "just a text"
      LayoutSVGText {text} at (2598,2703) size 77x22 contains 1 chunk(s)
        LayoutSVGInlineText {#text} at (2598,2703) size 77x22
          chunk 1 text run 1 at (2600.00,2720.00) startOffset 0 endOffset 11 width 75.00: "just a text"
      LayoutSVGText {text} at (2698,2703) size 77x22 contains 1 chunk(s)
        LayoutSVGInlineText {#text} at (2698,2703) size 77x22
          chunk 1 text run 1 at (2700.00,2720.00) startOffset 0 endOffset 11 width 75.00: "just a text"
      LayoutSVGText {text} at (2798,2703) size 77x22 contains 1 chunk(s)
        LayoutSVGInlineText {#text} at (2798,2703) size 77x22
          chunk 1 text run 1 at (2800.00,2720.00) startOffset 0 endOffset 11 width 75.00: "just a text"
      LayoutSVGText {text} at (2898,2703) size 77x22 contains 1 chunk(s)
        LayoutSVGInlineText {#text} at (2898,2703) size 77x22
          chunk 1 text run 1 at (2900.00,2720.00) startOffset 0 endOffset 11 width 75.00: "just a text"
      LayoutSVGText {text} at (2998,2703) size 77x22 contains 1 chunk(s)
        LayoutSVGInlineText {#text} at (2998,2703) size 77x22
          chunk 1 text run 1 at (3000.00,2720.00) startOffset 0 endOffset 11 width 75.00: "just a text"
      LayoutSVGText {text} at (3098,2703) size 77x22 contains 1 chunk(s)
        LayoutSVGInlineText {#text} at (3098,2703) size 77x22
          chunk 1 text run 1 at (3100.00,2720.00) startOffset 0 endOffset 11 width 75.00: "just a text"
      LayoutSVGText {text} at (3198,2703) size 77x22 contains 1 chunk(s)
        LayoutSVGInlineText {#text} at (3198,2703) size 77x22
          chunk 1 text run 1 at (3200.00,2720.00) startOffset 0 endOffset 11 width 75.00: "just a text"
      LayoutSVGText {text} at (3298,2703) size 77x22 contains 1 chunk(s)
        LayoutSVGInlineText {#text} at (3298,2703) size 77x22
          chunk 1 text run 1 at (3300.00,2720.00) startOffset 0 endOffset 11 width 75.00: "just a text"
      LayoutSVGText {text} at (3398,2703) size 77x22 contains 1 chunk(s)
        LayoutSVGInlineText {#text} at (3398,2703) size 77x22
          chunk 1 text run 1 at (3400.00,2720.00) startOffset 0 endOffset 11 width 75.00: "just a text"
      LayoutSVGText {text} at (3498,2703) size 77x22 contains 1 chunk(s)
        LayoutSVGInlineText {#text} at (3498,2703) size 77x22
          chunk 1 text run 1 at (3500.00,2720.00) startOffset 0 endOffset 11 width 75.00: "just a text"
      LayoutSVGText {text} at (3598,2703) size 77x22 contains 1 chunk(s)
        LayoutSVGInlineText {#text} at (3598,2703) size 77x22
          chunk 1 text run 1 at (3600.00,2720.00) startOffset 0 endOffset 11 width 75.00: "just a text"
      LayoutSVGText {text} at (3698,2703) size 77x22 contains 1 chunk(s)
        LayoutSVGInlineText {#text} at (3698,2703) size 77x22
          chunk 1 text run 1 at (3700.00,2720.00) startOffset 0 endOffset 11 width 75.00: "just a text"
      LayoutSVGText {text} at (3798,2703) size 77x22 contains 1 chunk(s)
        LayoutSVGInlineText {#text} at (3798,2703) size 77x22
          chunk 1 text run 1 at (3800.00,2720.00) startOffset 0 endOffset 11 width 75.00: "just a text"
      LayoutSVGText {text} at (3898,2703) size 77x22 contains 1 chunk(s)
        LayoutSVGInlineText {#text} at (3898,2703) size 77x22
          chunk 1 text run 1 at (3900.00,2720.00) startOffset 0 endOffset 11 width 75.00: "just a text"
      LayoutSVGText {text} at (3998,2703) size 77x22 contains 1 chunk(s)
        LayoutSVGInlineText {#text} at (3998,2703) size 77x22
          chunk 1 text run 1 at (4000.00,2720.00) startOffset 0 endOffset 11 width 75.00: "just a text"
      LayoutSVGText {text} at (4098,2703) size 77x22 contains 1 chunk(s)
        LayoutSVGInlineText {#text} at (4098,2703) size 77x22
          chunk 1 text run 1 at (4100.00,2720.00) startOffset 0 endOffset 11 width 75.00: "just a text"
      LayoutSVGText {text} at (4198,2703) size 77x22 contains 1 chunk(s)
        LayoutSVGInlineText {#text} at (4198,2703) size 77x22
          chunk 1 text run 1 at (4200.00,2720.00) startOffset 0 endOffset 11 width 75.00: "just a text"
      LayoutSVGText {text} at (4298,2703) size 77x22 contains 1 chunk(s)
        LayoutSVGInlineText {#text} at (4298,2703) size 77x22
          chunk 1 text run 1 at (4300.00,2720.00) startOffset 0 endOffset 11 width 75.00: "just a text"
      LayoutSVGText {text} at (4398,2703) size 77x22 contains 1 chunk(s)
        LayoutSVGInlineText {#text} at (4398,2703) size 77x22
          chunk 1 text run 1 at (4400.00,2720.00) startOffset 0 endOffset 11 width 75.00: "just a text"
      LayoutSVGText {text} at (4498,2703) size 77x22 contains 1 chunk(s)
        LayoutSVGInlineText {#text} at (4498,2703) size 77x22
          chunk 1 text run 1 at (4500.00,2720.00) startOffset 0 endOffset 11 width 75.00: "just a text"
      LayoutSVGText {text} at (4598,2703) size 77x22 contains 1 chunk(s)
        LayoutSVGInlineText {#text} at (4598,2703) size 77x22
          chunk 1 text run 1 at (4600.00,2720.00) startOffset 0 endOffset 11 width 75.00: "just a text"
      LayoutSVGText {text} at (4698,2703) size 77x22 contains 1 chunk(s)
        LayoutSVGInlineText {#text} at (4698,2703) size 77x22
          chunk 1 text run 1 at (4700.00,2720.00) startOffset 0 endOffset 11 width 75.00: "just a text"
      LayoutSVGText {text} at (4798,2703) size 77x22 contains 1 chunk(s)
        LayoutSVGInlineText {#text} at (4798,2703) size 77x22
          chunk 1 text run 1 at (4800.00,2720.00) startOffset 0 endOffset 11 width 75.00: "just a text"
      LayoutSVGText {text} at (4898,2703) size 77x22 contains 1 chunk(s)
        LayoutSVGInlineText {#text} at (4898,2703) size 77x22
          chunk 1 text run 1 at (4900.00,2720.00) startOffset 0 endOffset 11 width 75.00: "just a text"
      LayoutSVGText {text} at (-2,2803) size 77x22 contains 1 chunk(s)
        LayoutSVGInlineText {#text} at (-2,2803) size 77x22
          chunk 1 text run 1 at (0.00,2820.00) startOffset 0 endOffset 11 width 75.00: "just a text"
      LayoutSVGText {text} at (98,2803) size 77x22 contains 1 chunk(s)
        LayoutSVGInlineText {#text} at (98,2803) size 77x22
          chunk 1 text run 1 at (100.00,2820.00) startOffset 0 endOffset 11 width 75.00: "just a text"
      LayoutSVGText {text} at (198,2803) size 77x22 contains 1 chunk(s)
        LayoutSVGInlineText {#text} at (198,2803) size 77x22
          chunk 1 text run 1 at (200.00,2820.00) startOffset 0 endOffset 11 width 75.00: "just a text"
      LayoutSVGText {text} at (298,2803) size 77x22 contains 1 chunk(s)
        LayoutSVGInlineText {#text} at (298,2803) size 77x22
          chunk 1 text run 1 at (300.00,2820.00) startOffset 0 endOffset 11 width 75.00: "just a text"
      LayoutSVGText {text} at (398,2803) size 77x22 contains 1 chunk(s)
        LayoutSVGInlineText {#text} at (398,2803) size 77x22
          chunk 1 text run 1 at (400.00,2820.00) startOffset 0 endOffset 11 width 75.00: "just a text"
      LayoutSVGText {text} at (498,2803) size 77x22 contains 1 chunk(s)
        LayoutSVGInlineText {#text} at (498,2803) size 77x22
          chunk 1 text run 1 at (500.00,2820.00) startOffset 0 endOffset 11 width 75.00: "just a text"
      LayoutSVGText {text} at (598,2803) size 77x22 contains 1 chunk(s)
        LayoutSVGInlineText {#text} at (598,2803) size 77x22
          chunk 1 text run 1 at (600.00,2820.00) startOffset 0 endOffset 11 width 75.00: "just a text"
      LayoutSVGText {text} at (698,2803) size 77x22 contains 1 chunk(s)
        LayoutSVGInlineText {#text} at (698,2803) size 77x22
          chunk 1 text run 1 at (700.00,2820.00) startOffset 0 endOffset 11 width 75.00: "just a text"
      LayoutSVGText {text} at (798,2803) size 77x22 contains 1 chunk(s)
        LayoutSVGInlineText {#text} at (798,2803) size 77x22
          chunk 1 text run 1 at (800.00,2820.00) startOffset 0 endOffset 11 width 75.00: "just a text"
      LayoutSVGText {text} at (898,2803) size 77x22 contains 1 chunk(s)
        LayoutSVGInlineText {#text} at (898,2803) size 77x22
          chunk 1 text run 1 at (900.00,2820.00) startOffset 0 endOffset 11 width 75.00: "just a text"
      LayoutSVGText {text} at (998,2803) size 77x22 contains 1 chunk(s)
        LayoutSVGInlineText {#text} at (998,2803) size 77x22
          chunk 1 text run 1 at (1000.00,2820.00) startOffset 0 endOffset 11 width 75.00: "just a text"
      LayoutSVGText {text} at (1098,2803) size 77x22 contains 1 chunk(s)
        LayoutSVGInlineText {#text} at (1098,2803) size 77x22
          chunk 1 text run 1 at (1100.00,2820.00) startOffset 0 endOffset 11 width 75.00: "just a text"
      LayoutSVGText {text} at (1198,2803) size 77x22 contains 1 chunk(s)
        LayoutSVGInlineText {#text} at (1198,2803) size 77x22
          chunk 1 text run 1 at (1200.00,2820.00) startOffset 0 endOffset 11 width 75.00: "just a text"
      LayoutSVGText {text} at (1298,2803) size 77x22 contains 1 chunk(s)
        LayoutSVGInlineText {#text} at (1298,2803) size 77x22
          chunk 1 text run 1 at (1300.00,2820.00) startOffset 0 endOffset 11 width 75.00: "just a text"
      LayoutSVGText {text} at (1398,2803) size 77x22 contains 1 chunk(s)
        LayoutSVGInlineText {#text} at (1398,2803) size 77x22
          chunk 1 text run 1 at (1400.00,2820.00) startOffset 0 endOffset 11 width 75.00: "just a text"
      LayoutSVGText {text} at (1498,2803) size 77x22 contains 1 chunk(s)
        LayoutSVGInlineText {#text} at (1498,2803) size 77x22
          chunk 1 text run 1 at (1500.00,2820.00) startOffset 0 endOffset 11 width 75.00: "just a text"
      LayoutSVGText {text} at (1598,2803) size 77x22 contains 1 chunk(s)
        LayoutSVGInlineText {#text} at (1598,2803) size 77x22
          chunk 1 text run 1 at (1600.00,2820.00) startOffset 0 endOffset 11 width 75.00: "just a text"
      LayoutSVGText {text} at (1698,2803) size 77x22 contains 1 chunk(s)
        LayoutSVGInlineText {#text} at (1698,2803) size 77x22
          chunk 1 text run 1 at (1700.00,2820.00) startOffset 0 endOffset 11 width 75.00: "just a text"
      LayoutSVGText {text} at (1798,2803) size 77x22 contains 1 chunk(s)
        LayoutSVGInlineText {#text} at (1798,2803) size 77x22
          chunk 1 text run 1 at (1800.00,2820.00) startOffset 0 endOffset 11 width 75.00: "just a text"
      LayoutSVGText {text} at (1898,2803) size 77x22 contains 1 chunk(s)
        LayoutSVGInlineText {#text} at (1898,2803) size 77x22
          chunk 1 text run 1 at (1900.00,2820.00) startOffset 0 endOffset 11 width 75.00: "just a text"
      LayoutSVGText {text} at (1998,2803) size 77x22 contains 1 chunk(s)
        LayoutSVGInlineText {#text} at (1998,2803) size 77x22
          chunk 1 text run 1 at (2000.00,2820.00) startOffset 0 endOffset 11 width 75.00: "just a text"
      LayoutSVGText {text} at (2098,2803) size 77x22 contains 1 chunk(s)
        LayoutSVGInlineText {#text} at (2098,2803) size 77x22
          chunk 1 text run 1 at (2100.00,2820.00) startOffset 0 endOffset 11 width 75.00: "just a text"
      LayoutSVGText {text} at (2198,2803) size 77x22 contains 1 chunk(s)
        LayoutSVGInlineText {#text} at (2198,2803) size 77x22
          chunk 1 text run 1 at (2200.00,2820.00) startOffset 0 endOffset 11 width 75.00: "just a text"
      LayoutSVGText {text} at (2298,2803) size 77x22 contains 1 chunk(s)
        LayoutSVGInlineText {#text} at (2298,2803) size 77x22
          chunk 1 text run 1 at (2300.00,2820.00) startOffset 0 endOffset 11 width 75.00: "just a text"
      LayoutSVGText {text} at (2398,2803) size 77x22 contains 1 chunk(s)
        LayoutSVGInlineText {#text} at (2398,2803) size 77x22
          chunk 1 text run 1 at (2400.00,2820.00) startOffset 0 endOffset 11 width 75.00: "just a text"
      LayoutSVGText {text} at (2498,2803) size 77x22 contains 1 chunk(s)
        LayoutSVGInlineText {#text} at (2498,2803) size 77x22
          chunk 1 text run 1 at (2500.00,2820.00) startOffset 0 endOffset 11 width 75.00: "just a text"
      LayoutSVGText {text} at (2598,2803) size 77x22 contains 1 chunk(s)
        LayoutSVGInlineText {#text} at (2598,2803) size 77x22
          chunk 1 text run 1 at (2600.00,2820.00) startOffset 0 endOffset 11 width 75.00: "just a text"
      LayoutSVGText {text} at (2698,2803) size 77x22 contains 1 chunk(s)
        LayoutSVGInlineText {#text} at (2698,2803) size 77x22
          chunk 1 text run 1 at (2700.00,2820.00) startOffset 0 endOffset 11 width 75.00: "just a text"
      LayoutSVGText {text} at (2798,2803) size 77x22 contains 1 chunk(s)
        LayoutSVGInlineText {#text} at (2798,2803) size 77x22
          chunk 1 text run 1 at (2800.00,2820.00) startOffset 0 endOffset 11 width 75.00: "just a text"
      LayoutSVGText {text} at (2898,2803) size 77x22 contains 1 chunk(s)
        LayoutSVGInlineText {#text} at (2898,2803) size 77x22
          chunk 1 text run 1 at (2900.00,2820.00) startOffset 0 endOffset 11 width 75.00: "just a text"
      LayoutSVGText {text} at (2998,2803) size 77x22 contains 1 chunk(s)
        LayoutSVGInlineText {#text} at (2998,2803) size 77x22
          chunk 1 text run 1 at (3000.00,2820.00) startOffset 0 endOffset 11 width 75.00: "just a text"
      LayoutSVGText {text} at (3098,2803) size 77x22 contains 1 chunk(s)
        LayoutSVGInlineText {#text} at (3098,2803) size 77x22
          chunk 1 text run 1 at (3100.00,2820.00) startOffset 0 endOffset 11 width 75.00: "just a text"
      LayoutSVGText {text} at (3198,2803) size 77x22 contains 1 chunk(s)
        LayoutSVGInlineText {#text} at (3198,2803) size 77x22
          chunk 1 text run 1 at (3200.00,2820.00) startOffset 0 endOffset 11 width 75.00: "just a text"
      LayoutSVGText {text} at (3298,2803) size 77x22 contains 1 chunk(s)
        LayoutSVGInlineText {#text} at (3298,2803) size 77x22
          chunk 1 text run 1 at (3300.00,2820.00) startOffset 0 endOffset 11 width 75.00: "just a text"
      LayoutSVGText {text} at (3398,2803) size 77x22 contains 1 chunk(s)
        LayoutSVGInlineText {#text} at (3398,2803) size 77x22
          chunk 1 text run 1 at (3400.00,2820.00) startOffset 0 endOffset 11 width 75.00: "just a text"
      LayoutSVGText {text} at (3498,2803) size 77x22 contains 1 chunk(s)
        LayoutSVGInlineText {#text} at (3498,2803) size 77x22
          chunk 1 text run 1 at (3500.00,2820.00) startOffset 0 endOffset 11 width 75.00: "just a text"
      LayoutSVGText {text} at (3598,2803) size 77x22 contains 1 chunk(s)
        LayoutSVGInlineText {#text} at (3598,2803) size 77x22
          chunk 1 text run 1 at (3600.00,2820.00) startOffset 0 endOffset 11 width 75.00: "just a text"
      LayoutSVGText {text} at (3698,2803) size 77x22 contains 1 chunk(s)
        LayoutSVGInlineText {#text} at (3698,2803) size 77x22
          chunk 1 text run 1 at (3700.00,2820.00) startOffset 0 endOffset 11 width 75.00: "just a text"
      LayoutSVGText {text} at (3798,2803) size 77x22 contains 1 chunk(s)
        LayoutSVGInlineText {#text} at (3798,2803) size 77x22
          chunk 1 text run 1 at (3800.00,2820.00) startOffset 0 endOffset 11 width 75.00: "just a text"
      LayoutSVGText {text} at (3898,2803) size 77x22 contains 1 chunk(s)
        LayoutSVGInlineText {#text} at (3898,2803) size 77x22
          chunk 1 text run 1 at (3900.00,2820.00) startOffset 0 endOffset 11 width 75.00: "just a text"
      LayoutSVGText {text} at (3998,2803) size 77x22 contains 1 chunk(s)
        LayoutSVGInlineText {#text} at (3998,2803) size 77x22
          chunk 1 text run 1 at (4000.00,2820.00) startOffset 0 endOffset 11 width 75.00: "just a text"
      LayoutSVGText {text} at (4098,2803) size 77x22 contains 1 chunk(s)
        LayoutSVGInlineText {#text} at (4098,2803) size 77x22
          chunk 1 text run 1 at (4100.00,2820.00) startOffset 0 endOffset 11 width 75.00: "just a text"
      LayoutSVGText {text} at (4198,2803) size 77x22 contains 1 chunk(s)
        LayoutSVGInlineText {#text} at (4198,2803) size 77x22
          chunk 1 text run 1 at (4200.00,2820.00) startOffset 0 endOffset 11 width 75.00: "just a text"
      LayoutSVGText {text} at (4298,2803) size 77x22 contains 1 chunk(s)
        LayoutSVGInlineText {#text} at (4298,2803) size 77x22
          chunk 1 text run 1 at (4300.00,2820.00) startOffset 0 endOffset 11 width 75.00: "just a text"
      LayoutSVGText {text} at (4398,2803) size 77x22 contains 1 chunk(s)
        LayoutSVGInlineText {#text} at (4398,2803) size 77x22
          chunk 1 text run 1 at (4400.00,2820.00) startOffset 0 endOffset 11 width 75.00: "just a text"
      LayoutSVGText {text} at (4498,2803) size 77x22 contains 1 chunk(s)
        LayoutSVGInlineText {#text} at (4498,2803) size 77x22
          chunk 1 text run 1 at (4500.00,2820.00) startOffset 0 endOffset 11 width 75.00: "just a text"
      LayoutSVGText {text} at (4598,2803) size 77x22 contains 1 chunk(s)
        LayoutSVGInlineText {#text} at (4598,2803) size 77x22
          chunk 1 text run 1 at (4600.00,2820.00) startOffset 0 endOffset 11 width 75.00: "just a text"
      LayoutSVGText {text} at (4698,2803) size 77x22 contains 1 chunk(s)
        LayoutSVGInlineText {#text} at (4698,2803) size 77x22
          chunk 1 text run 1 at (4700.00,2820.00) startOffset 0 endOffset 11 width 75.00: "just a text"
      LayoutSVGText {text} at (4798,2803) size 77x22 contains 1 chunk(s)
        LayoutSVGInlineText {#text} at (4798,2803) size 77x22
          chunk 1 text run 1 at (4800.00,2820.00) startOffset 0 endOffset 11 width 75.00: "just a text"
      LayoutSVGText {text} at (4898,2803) size 77x22 contains 1 chunk(s)
        LayoutSVGInlineText {#text} at (4898,2803) size 77x22
          chunk 1 text run 1 at (4900.00,2820.00) startOffset 0 endOffset 11 width 75.00: "just a text"
      LayoutSVGText {text} at (-2,2903) size 77x22 contains 1 chunk(s)
        LayoutSVGInlineText {#text} at (-2,2903) size 77x22
          chunk 1 text run 1 at (0.00,2920.00) startOffset 0 endOffset 11 width 75.00: "just a text"
      LayoutSVGText {text} at (98,2903) size 77x22 contains 1 chunk(s)
        LayoutSVGInlineText {#text} at (98,2903) size 77x22
          chunk 1 text run 1 at (100.00,2920.00) startOffset 0 endOffset 11 width 75.00: "just a text"
      LayoutSVGText {text} at (198,2903) size 77x22 contains 1 chunk(s)
        LayoutSVGInlineText {#text} at (198,2903) size 77x22
          chunk 1 text run 1 at (200.00,2920.00) startOffset 0 endOffset 11 width 75.00: "just a text"
      LayoutSVGText {text} at (298,2903) size 77x22 contains 1 chunk(s)
        LayoutSVGInlineText {#text} at (298,2903) size 77x22
          chunk 1 text run 1 at (300.00,2920.00) startOffset 0 endOffset 11 width 75.00: "just a text"
      LayoutSVGText {text} at (398,2903) size 77x22 contains 1 chunk(s)
        LayoutSVGInlineText {#text} at (398,2903) size 77x22
          chunk 1 text run 1 at (400.00,2920.00) startOffset 0 endOffset 11 width 75.00: "just a text"
      LayoutSVGText {text} at (498,2903) size 77x22 contains 1 chunk(s)
        LayoutSVGInlineText {#text} at (498,2903) size 77x22
          chunk 1 text run 1 at (500.00,2920.00) startOffset 0 endOffset 11 width 75.00: "just a text"
      LayoutSVGText {text} at (598,2903) size 77x22 contains 1 chunk(s)
        LayoutSVGInlineText {#text} at (598,2903) size 77x22
          chunk 1 text run 1 at (600.00,2920.00) startOffset 0 endOffset 11 width 75.00: "just a text"
      LayoutSVGText {text} at (698,2903) size 77x22 contains 1 chunk(s)
        LayoutSVGInlineText {#text} at (698,2903) size 77x22
          chunk 1 text run 1 at (700.00,2920.00) startOffset 0 endOffset 11 width 75.00: "just a text"
      LayoutSVGText {text} at (798,2903) size 77x22 contains 1 chunk(s)
        LayoutSVGInlineText {#text} at (798,2903) size 77x22
          chunk 1 text run 1 at (800.00,2920.00) startOffset 0 endOffset 11 width 75.00: "just a text"
      LayoutSVGText {text} at (898,2903) size 77x22 contains 1 chunk(s)
        LayoutSVGInlineText {#text} at (898,2903) size 77x22
          chunk 1 text run 1 at (900.00,2920.00) startOffset 0 endOffset 11 width 75.00: "just a text"
      LayoutSVGText {text} at (998,2903) size 77x22 contains 1 chunk(s)
        LayoutSVGInlineText {#text} at (998,2903) size 77x22
          chunk 1 text run 1 at (1000.00,2920.00) startOffset 0 endOffset 11 width 75.00: "just a text"
      LayoutSVGText {text} at (1098,2903) size 77x22 contains 1 chunk(s)
        LayoutSVGInlineText {#text} at (1098,2903) size 77x22
          chunk 1 text run 1 at (1100.00,2920.00) startOffset 0 endOffset 11 width 75.00: "just a text"
      LayoutSVGText {text} at (1198,2903) size 77x22 contains 1 chunk(s)
        LayoutSVGInlineText {#text} at (1198,2903) size 77x22
          chunk 1 text run 1 at (1200.00,2920.00) startOffset 0 endOffset 11 width 75.00: "just a text"
      LayoutSVGText {text} at (1298,2903) size 77x22 contains 1 chunk(s)
        LayoutSVGInlineText {#text} at (1298,2903) size 77x22
          chunk 1 text run 1 at (1300.00,2920.00) startOffset 0 endOffset 11 width 75.00: "just a text"
      LayoutSVGText {text} at (1398,2903) size 77x22 contains 1 chunk(s)
        LayoutSVGInlineText {#text} at (1398,2903) size 77x22
          chunk 1 text run 1 at (1400.00,2920.00) startOffset 0 endOffset 11 width 75.00: "just a text"
      LayoutSVGText {text} at (1498,2903) size 77x22 contains 1 chunk(s)
        LayoutSVGInlineText {#text} at (1498,2903) size 77x22
          chunk 1 text run 1 at (1500.00,2920.00) startOffset 0 endOffset 11 width 75.00: "just a text"
      LayoutSVGText {text} at (1598,2903) size 77x22 contains 1 chunk(s)
        LayoutSVGInlineText {#text} at (1598,2903) size 77x22
          chunk 1 text run 1 at (1600.00,2920.00) startOffset 0 endOffset 11 width 75.00: "just a text"
      LayoutSVGText {text} at (1698,2903) size 77x22 contains 1 chunk(s)
        LayoutSVGInlineText {#text} at (1698,2903) size 77x22
          chunk 1 text run 1 at (1700.00,2920.00) startOffset 0 endOffset 11 width 75.00: "just a text"
      LayoutSVGText {text} at (1798,2903) size 77x22 contains 1 chunk(s)
        LayoutSVGInlineText {#text} at (1798,2903) size 77x22
          chunk 1 text run 1 at (1800.00,2920.00) startOffset 0 endOffset 11 width 75.00: "just a text"
      LayoutSVGText {text} at (1898,2903) size 77x22 contains 1 chunk(s)
        LayoutSVGInlineText {#text} at (1898,2903) size 77x22
          chunk 1 text run 1 at (1900.00,2920.00) startOffset 0 endOffset 11 width 75.00: "just a text"
      LayoutSVGText {text} at (1998,2903) size 77x22 contains 1 chunk(s)
        LayoutSVGInlineText {#text} at (1998,2903) size 77x22
          chunk 1 text run 1 at (2000.00,2920.00) startOffset 0 endOffset 11 width 75.00: "just a text"
      LayoutSVGText {text} at (2098,2903) size 77x22 contains 1 chunk(s)
        LayoutSVGInlineText {#text} at (2098,2903) size 77x22
          chunk 1 text run 1 at (2100.00,2920.00) startOffset 0 endOffset 11 width 75.00: "just a text"
      LayoutSVGText {text} at (2198,2903) size 77x22 contains 1 chunk(s)
        LayoutSVGInlineText {#text} at (2198,2903) size 77x22
          chunk 1 text run 1 at (2200.00,2920.00) startOffset 0 endOffset 11 width 75.00: "just a text"
      LayoutSVGText {text} at (2298,2903) size 77x22 contains 1 chunk(s)
        LayoutSVGInlineText {#text} at (2298,2903) size 77x22
          chunk 1 text run 1 at (2300.00,2920.00) startOffset 0 endOffset 11 width 75.00: "just a text"
      LayoutSVGText {text} at (2398,2903) size 77x22 contains 1 chunk(s)
        LayoutSVGInlineText {#text} at (2398,2903) size 77x22
          chunk 1 text run 1 at (2400.00,2920.00) startOffset 0 endOffset 11 width 75.00: "just a text"
      LayoutSVGText {text} at (2498,2903) size 77x22 contains 1 chunk(s)
        LayoutSVGInlineText {#text} at (2498,2903) size 77x22
          chunk 1 text run 1 at (2500.00,2920.00) startOffset 0 endOffset 11 width 75.00: "just a text"
      LayoutSVGText {text} at (2598,2903) size 77x22 contains 1 chunk(s)
        LayoutSVGInlineText {#text} at (2598,2903) size 77x22
          chunk 1 text run 1 at (2600.00,2920.00) startOffset 0 endOffset 11 width 75.00: "just a text"
      LayoutSVGText {text} at (2698,2903) size 77x22 contains 1 chunk(s)
        LayoutSVGInlineText {#text} at (2698,2903) size 77x22
          chunk 1 text run 1 at (2700.00,2920.00) startOffset 0 endOffset 11 width 75.00: "just a text"
      LayoutSVGText {text} at (2798,2903) size 77x22 contains 1 chunk(s)
        LayoutSVGInlineText {#text} at (2798,2903) size 77x22
          chunk 1 text run 1 at (2800.00,2920.00) startOffset 0 endOffset 11 width 75.00: "just a text"
      LayoutSVGText {text} at (2898,2903) size 77x22 contains 1 chunk(s)
        LayoutSVGInlineText {#text} at (2898,2903) size 77x22
          chunk 1 text run 1 at (2900.00,2920.00) startOffset 0 endOffset 11 width 75.00: "just a text"
      LayoutSVGText {text} at (2998,2903) size 77x22 contains 1 chunk(s)
        LayoutSVGInlineText {#text} at (2998,2903) size 77x22
          chunk 1 text run 1 at (3000.00,2920.00) startOffset 0 endOffset 11 width 75.00: "just a text"
      LayoutSVGText {text} at (3098,2903) size 77x22 contains 1 chunk(s)
        LayoutSVGInlineText {#text} at (3098,2903) size 77x22
          chunk 1 text run 1 at (3100.00,2920.00) startOffset 0 endOffset 11 width 75.00: "just a text"
      LayoutSVGText {text} at (3198,2903) size 77x22 contains 1 chunk(s)
        LayoutSVGInlineText {#text} at (3198,2903) size 77x22
          chunk 1 text run 1 at (3200.00,2920.00) startOffset 0 endOffset 11 width 75.00: "just a text"
      LayoutSVGText {text} at (3298,2903) size 77x22 contains 1 chunk(s)
        LayoutSVGInlineText {#text} at (3298,2903) size 77x22
          chunk 1 text run 1 at (3300.00,2920.00) startOffset 0 endOffset 11 width 75.00: "just a text"
      LayoutSVGText {text} at (3398,2903) size 77x22 contains 1 chunk(s)
        LayoutSVGInlineText {#text} at (3398,2903) size 77x22
          chunk 1 text run 1 at (3400.00,2920.00) startOffset 0 endOffset 11 width 75.00: "just a text"
      LayoutSVGText {text} at (3498,2903) size 77x22 contains 1 chunk(s)
        LayoutSVGInlineText {#text} at (3498,2903) size 77x22
          chunk 1 text run 1 at (3500.00,2920.00) startOffset 0 endOffset 11 width 75.00: "just a text"
      LayoutSVGText {text} at (3598,2903) size 77x22 contains 1 chunk(s)
        LayoutSVGInlineText {#text} at (3598,2903) size 77x22
          chunk 1 text run 1 at (3600.00,2920.00) startOffset 0 endOffset 11 width 75.00: "just a text"
      LayoutSVGText {text} at (3698,2903) size 77x22 contains 1 chunk(s)
        LayoutSVGInlineText {#text} at (3698,2903) size 77x22
          chunk 1 text run 1 at (3700.00,2920.00) startOffset 0 endOffset 11 width 75.00: "just a text"
      LayoutSVGText {text} at (3798,2903) size 77x22 contains 1 chunk(s)
        LayoutSVGInlineText {#text} at (3798,2903) size 77x22
          chunk 1 text run 1 at (3800.00,2920.00) startOffset 0 endOffset 11 width 75.00: "just a text"
      LayoutSVGText {text} at (3898,2903) size 77x22 contains 1 chunk(s)
        LayoutSVGInlineText {#text} at (3898,2903) size 77x22
          chunk 1 text run 1 at (3900.00,2920.00) startOffset 0 endOffset 11 width 75.00: "just a text"
      LayoutSVGText {text} at (3998,2903) size 77x22 contains 1 chunk(s)
        LayoutSVGInlineText {#text} at (3998,2903) size 77x22
          chunk 1 text run 1 at (4000.00,2920.00) startOffset 0 endOffset 11 width 75.00: "just a text"
      LayoutSVGText {text} at (4098,2903) size 77x22 contains 1 chunk(s)
        LayoutSVGInlineText {#text} at (4098,2903) size 77x22
          chunk 1 text run 1 at (4100.00,2920.00) startOffset 0 endOffset 11 width 75.00: "just a text"
      LayoutSVGText {text} at (4198,2903) size 77x22 contains 1 chunk(s)
        LayoutSVGInlineText {#text} at (4198,2903) size 77x22
          chunk 1 text run 1 at (4200.00,2920.00) startOffset 0 endOffset 11 width 75.00: "just a text"
      LayoutSVGText {text} at (4298,2903) size 77x22 contains 1 chunk(s)
        LayoutSVGInlineText {#text} at (4298,2903) size 77x22
          chunk 1 text run 1 at (4300.00,2920.00) startOffset 0 endOffset 11 width 75.00: "just a text"
      LayoutSVGText {text} at (4398,2903) size 77x22 contains 1 chunk(s)
        LayoutSVGInlineText {#text} at (4398,2903) size 77x22
          chunk 1 text run 1 at (4400.00,2920.00) startOffset 0 endOffset 11 width 75.00: "just a text"
      LayoutSVGText {text} at (4498,2903) size 77x22 contains 1 chunk(s)
        LayoutSVGInlineText {#text} at (4498,2903) size 77x22
          chunk 1 text run 1 at (4500.00,2920.00) startOffset 0 endOffset 11 width 75.00: "just a text"
      LayoutSVGText {text} at (4598,2903) size 77x22 contains 1 chunk(s)
        LayoutSVGInlineText {#text} at (4598,2903) size 77x22
          chunk 1 text run 1 at (4600.00,2920.00) startOffset 0 endOffset 11 width 75.00: "just a text"
      LayoutSVGText {text} at (4698,2903) size 77x22 contains 1 chunk(s)
        LayoutSVGInlineText {#text} at (4698,2903) size 77x22
          chunk 1 text run 1 at (4700.00,2920.00) startOffset 0 endOffset 11 width 75.00: "just a text"
      LayoutSVGText {text} at (4798,2903) size 77x22 contains 1 chunk(s)
        LayoutSVGInlineText {#text} at (4798,2903) size 77x22
          chunk 1 text run 1 at (4800.00,2920.00) startOffset 0 endOffset 11 width 75.00: "just a text"
      LayoutSVGText {text} at (4898,2903) size 77x22 contains 1 chunk(s)
        LayoutSVGInlineText {#text} at (4898,2903) size 77x22
          chunk 1 text run 1 at (4900.00,2920.00) startOffset 0 endOffset 11 width 75.00: "just a text"
      LayoutSVGText {text} at (-2,3003) size 77x22 contains 1 chunk(s)
        LayoutSVGInlineText {#text} at (-2,3003) size 77x22
          chunk 1 text run 1 at (0.00,3020.00) startOffset 0 endOffset 11 width 75.00: "just a text"
      LayoutSVGText {text} at (98,3003) size 77x22 contains 1 chunk(s)
        LayoutSVGInlineText {#text} at (98,3003) size 77x22
          chunk 1 text run 1 at (100.00,3020.00) startOffset 0 endOffset 11 width 75.00: "just a text"
      LayoutSVGText {text} at (198,3003) size 77x22 contains 1 chunk(s)
        LayoutSVGInlineText {#text} at (198,3003) size 77x22
          chunk 1 text run 1 at (200.00,3020.00) startOffset 0 endOffset 11 width 75.00: "just a text"
      LayoutSVGText {text} at (298,3003) size 77x22 contains 1 chunk(s)
        LayoutSVGInlineText {#text} at (298,3003) size 77x22
          chunk 1 text run 1 at (300.00,3020.00) startOffset 0 endOffset 11 width 75.00: "just a text"
      LayoutSVGText {text} at (398,3003) size 77x22 contains 1 chunk(s)
        LayoutSVGInlineText {#text} at (398,3003) size 77x22
          chunk 1 text run 1 at (400.00,3020.00) startOffset 0 endOffset 11 width 75.00: "just a text"
      LayoutSVGText {text} at (498,3003) size 77x22 contains 1 chunk(s)
        LayoutSVGInlineText {#text} at (498,3003) size 77x22
          chunk 1 text run 1 at (500.00,3020.00) startOffset 0 endOffset 11 width 75.00: "just a text"
      LayoutSVGText {text} at (598,3003) size 77x22 contains 1 chunk(s)
        LayoutSVGInlineText {#text} at (598,3003) size 77x22
          chunk 1 text run 1 at (600.00,3020.00) startOffset 0 endOffset 11 width 75.00: "just a text"
      LayoutSVGText {text} at (698,3003) size 77x22 contains 1 chunk(s)
        LayoutSVGInlineText {#text} at (698,3003) size 77x22
          chunk 1 text run 1 at (700.00,3020.00) startOffset 0 endOffset 11 width 75.00: "just a text"
      LayoutSVGText {text} at (798,3003) size 77x22 contains 1 chunk(s)
        LayoutSVGInlineText {#text} at (798,3003) size 77x22
          chunk 1 text run 1 at (800.00,3020.00) startOffset 0 endOffset 11 width 75.00: "just a text"
      LayoutSVGText {text} at (898,3003) size 77x22 contains 1 chunk(s)
        LayoutSVGInlineText {#text} at (898,3003) size 77x22
          chunk 1 text run 1 at (900.00,3020.00) startOffset 0 endOffset 11 width 75.00: "just a text"
      LayoutSVGText {text} at (998,3003) size 77x22 contains 1 chunk(s)
        LayoutSVGInlineText {#text} at (998,3003) size 77x22
          chunk 1 text run 1 at (1000.00,3020.00) startOffset 0 endOffset 11 width 75.00: "just a text"
      LayoutSVGText {text} at (1098,3003) size 77x22 contains 1 chunk(s)
        LayoutSVGInlineText {#text} at (1098,3003) size 77x22
          chunk 1 text run 1 at (1100.00,3020.00) startOffset 0 endOffset 11 width 75.00: "just a text"
      LayoutSVGText {text} at (1198,3003) size 77x22 contains 1 chunk(s)
        LayoutSVGInlineText {#text} at (1198,3003) size 77x22
          chunk 1 text run 1 at (1200.00,3020.00) startOffset 0 endOffset 11 width 75.00: "just a text"
      LayoutSVGText {text} at (1298,3003) size 77x22 contains 1 chunk(s)
        LayoutSVGInlineText {#text} at (1298,3003) size 77x22
          chunk 1 text run 1 at (1300.00,3020.00) startOffset 0 endOffset 11 width 75.00: "just a text"
      LayoutSVGText {text} at (1398,3003) size 77x22 contains 1 chunk(s)
        LayoutSVGInlineText {#text} at (1398,3003) size 77x22
          chunk 1 text run 1 at (1400.00,3020.00) startOffset 0 endOffset 11 width 75.00: "just a text"
      LayoutSVGText {text} at (1498,3003) size 77x22 contains 1 chunk(s)
        LayoutSVGInlineText {#text} at (1498,3003) size 77x22
          chunk 1 text run 1 at (1500.00,3020.00) startOffset 0 endOffset 11 width 75.00: "just a text"
      LayoutSVGText {text} at (1598,3003) size 77x22 contains 1 chunk(s)
        LayoutSVGInlineText {#text} at (1598,3003) size 77x22
          chunk 1 text run 1 at (1600.00,3020.00) startOffset 0 endOffset 11 width 75.00: "just a text"
      LayoutSVGText {text} at (1698,3003) size 77x22 contains 1 chunk(s)
        LayoutSVGInlineText {#text} at (1698,3003) size 77x22
          chunk 1 text run 1 at (1700.00,3020.00) startOffset 0 endOffset 11 width 75.00: "just a text"
      LayoutSVGText {text} at (1798,3003) size 77x22 contains 1 chunk(s)
        LayoutSVGInlineText {#text} at (1798,3003) size 77x22
          chunk 1 text run 1 at (1800.00,3020.00) startOffset 0 endOffset 11 width 75.00: "just a text"
      LayoutSVGText {text} at (1898,3003) size 77x22 contains 1 chunk(s)
        LayoutSVGInlineText {#text} at (1898,3003) size 77x22
          chunk 1 text run 1 at (1900.00,3020.00) startOffset 0 endOffset 11 width 75.00: "just a text"
      LayoutSVGText {text} at (1998,3003) size 77x22 contains 1 chunk(s)
        LayoutSVGInlineText {#text} at (1998,3003) size 77x22
          chunk 1 text run 1 at (2000.00,3020.00) startOffset 0 endOffset 11 width 75.00: "just a text"
      LayoutSVGText {text} at (2098,3003) size 77x22 contains 1 chunk(s)
        LayoutSVGInlineText {#text} at (2098,3003) size 77x22
          chunk 1 text run 1 at (2100.00,3020.00) startOffset 0 endOffset 11 width 75.00: "just a text"
      LayoutSVGText {text} at (2198,3003) size 77x22 contains 1 chunk(s)
        LayoutSVGInlineText {#text} at (2198,3003) size 77x22
          chunk 1 text run 1 at (2200.00,3020.00) startOffset 0 endOffset 11 width 75.00: "just a text"
      LayoutSVGText {text} at (2298,3003) size 77x22 contains 1 chunk(s)
        LayoutSVGInlineText {#text} at (2298,3003) size 77x22
          chunk 1 text run 1 at (2300.00,3020.00) startOffset 0 endOffset 11 width 75.00: "just a text"
      LayoutSVGText {text} at (2398,3003) size 77x22 contains 1 chunk(s)
        LayoutSVGInlineText {#text} at (2398,3003) size 77x22
          chunk 1 text run 1 at (2400.00,3020.00) startOffset 0 endOffset 11 width 75.00: "just a text"
      LayoutSVGText {text} at (2498,3003) size 77x22 contains 1 chunk(s)
        LayoutSVGInlineText {#text} at (2498,3003) size 77x22
          chunk 1 text run 1 at (2500.00,3020.00) startOffset 0 endOffset 11 width 75.00: "just a text"
      LayoutSVGText {text} at (2598,3003) size 77x22 contains 1 chunk(s)
        LayoutSVGInlineText {#text} at (2598,3003) size 77x22
          chunk 1 text run 1 at (2600.00,3020.00) startOffset 0 endOffset 11 width 75.00: "just a text"
      LayoutSVGText {text} at (2698,3003) size 77x22 contains 1 chunk(s)
        LayoutSVGInlineText {#text} at (2698,3003) size 77x22
          chunk 1 text run 1 at (2700.00,3020.00) startOffset 0 endOffset 11 width 75.00: "just a text"
      LayoutSVGText {text} at (2798,3003) size 77x22 contains 1 chunk(s)
        LayoutSVGInlineText {#text} at (2798,3003) size 77x22
          chunk 1 text run 1 at (2800.00,3020.00) startOffset 0 endOffset 11 width 75.00: "just a text"
      LayoutSVGText {text} at (2898,3003) size 77x22 contains 1 chunk(s)
        LayoutSVGInlineText {#text} at (2898,3003) size 77x22
          chunk 1 text run 1 at (2900.00,3020.00) startOffset 0 endOffset 11 width 75.00: "just a text"
      LayoutSVGText {text} at (2998,3003) size 77x22 contains 1 chunk(s)
        LayoutSVGInlineText {#text} at (2998,3003) size 77x22
          chunk 1 text run 1 at (3000.00,3020.00) startOffset 0 endOffset 11 width 75.00: "just a text"
      LayoutSVGText {text} at (3098,3003) size 77x22 contains 1 chunk(s)
        LayoutSVGInlineText {#text} at (3098,3003) size 77x22
          chunk 1 text run 1 at (3100.00,3020.00) startOffset 0 endOffset 11 width 75.00: "just a text"
      LayoutSVGText {text} at (3198,3003) size 77x22 contains 1 chunk(s)
        LayoutSVGInlineText {#text} at (3198,3003) size 77x22
          chunk 1 text run 1 at (3200.00,3020.00) startOffset 0 endOffset 11 width 75.00: "just a text"
      LayoutSVGText {text} at (3298,3003) size 77x22 contains 1 chunk(s)
        LayoutSVGInlineText {#text} at (3298,3003) size 77x22
          chunk 1 text run 1 at (3300.00,3020.00) startOffset 0 endOffset 11 width 75.00: "just a text"
      LayoutSVGText {text} at (3398,3003) size 77x22 contains 1 chunk(s)
        LayoutSVGInlineText {#text} at (3398,3003) size 77x22
          chunk 1 text run 1 at (3400.00,3020.00) startOffset 0 endOffset 11 width 75.00: "just a text"
      LayoutSVGText {text} at (3498,3003) size 77x22 contains 1 chunk(s)
        LayoutSVGInlineText {#text} at (3498,3003) size 77x22
          chunk 1 text run 1 at (3500.00,3020.00) startOffset 0 endOffset 11 width 75.00: "just a text"
      LayoutSVGText {text} at (3598,3003) size 77x22 contains 1 chunk(s)
        LayoutSVGInlineText {#text} at (3598,3003) size 77x22
          chunk 1 text run 1 at (3600.00,3020.00) startOffset 0 endOffset 11 width 75.00: "just a text"
      LayoutSVGText {text} at (3698,3003) size 77x22 contains 1 chunk(s)
        LayoutSVGInlineText {#text} at (3698,3003) size 77x22
          chunk 1 text run 1 at (3700.00,3020.00) startOffset 0 endOffset 11 width 75.00: "just a text"
      LayoutSVGText {text} at (3798,3003) size 77x22 contains 1 chunk(s)
        LayoutSVGInlineText {#text} at (3798,3003) size 77x22
          chunk 1 text run 1 at (3800.00,3020.00) startOffset 0 endOffset 11 width 75.00: "just a text"
      LayoutSVGText {text} at (3898,3003) size 77x22 contains 1 chunk(s)
        LayoutSVGInlineText {#text} at (3898,3003) size 77x22
          chunk 1 text run 1 at (3900.00,3020.00) startOffset 0 endOffset 11 width 75.00: "just a text"
      LayoutSVGText {text} at (3998,3003) size 77x22 contains 1 chunk(s)
        LayoutSVGInlineText {#text} at (3998,3003) size 77x22
          chunk 1 text run 1 at (4000.00,3020.00) startOffset 0 endOffset 11 width 75.00: "just a text"
      LayoutSVGText {text} at (4098,3003) size 77x22 contains 1 chunk(s)
        LayoutSVGInlineText {#text} at (4098,3003) size 77x22
          chunk 1 text run 1 at (4100.00,3020.00) startOffset 0 endOffset 11 width 75.00: "just a text"
      LayoutSVGText {text} at (4198,3003) size 77x22 contains 1 chunk(s)
        LayoutSVGInlineText {#text} at (4198,3003) size 77x22
          chunk 1 text run 1 at (4200.00,3020.00) startOffset 0 endOffset 11 width 75.00: "just a text"
      LayoutSVGText {text} at (4298,3003) size 77x22 contains 1 chunk(s)
        LayoutSVGInlineText {#text} at (4298,3003) size 77x22
          chunk 1 text run 1 at (4300.00,3020.00) startOffset 0 endOffset 11 width 75.00: "just a text"
      LayoutSVGText {text} at (4398,3003) size 77x22 contains 1 chunk(s)
        LayoutSVGInlineText {#text} at (4398,3003) size 77x22
          chunk 1 text run 1 at (4400.00,3020.00) startOffset 0 endOffset 11 width 75.00: "just a text"
      LayoutSVGText {text} at (4498,3003) size 77x22 contains 1 chunk(s)
        LayoutSVGInlineText {#text} at (4498,3003) size 77x22
          chunk 1 text run 1 at (4500.00,3020.00) startOffset 0 endOffset 11 width 75.00: "just a text"
      LayoutSVGText {text} at (4598,3003) size 77x22 contains 1 chunk(s)
        LayoutSVGInlineText {#text} at (4598,3003) size 77x22
          chunk 1 text run 1 at (4600.00,3020.00) startOffset 0 endOffset 11 width 75.00: "just a text"
      LayoutSVGText {text} at (4698,3003) size 77x22 contains 1 chunk(s)
        LayoutSVGInlineText {#text} at (4698,3003) size 77x22
          chunk 1 text run 1 at (4700.00,3020.00) startOffset 0 endOffset 11 width 75.00: "just a text"
      LayoutSVGText {text} at (4798,3003) size 77x22 contains 1 chunk(s)
        LayoutSVGInlineText {#text} at (4798,3003) size 77x22
          chunk 1 text run 1 at (4800.00,3020.00) startOffset 0 endOffset 11 width 75.00: "just a text"
      LayoutSVGText {text} at (4898,3003) size 77x22 contains 1 chunk(s)
        LayoutSVGInlineText {#text} at (4898,3003) size 77x22
          chunk 1 text run 1 at (4900.00,3020.00) startOffset 0 endOffset 11 width 75.00: "just a text"
      LayoutSVGText {text} at (-2,3103) size 77x22 contains 1 chunk(s)
        LayoutSVGInlineText {#text} at (-2,3103) size 77x22
          chunk 1 text run 1 at (0.00,3120.00) startOffset 0 endOffset 11 width 75.00: "just a text"
      LayoutSVGText {text} at (98,3103) size 77x22 contains 1 chunk(s)
        LayoutSVGInlineText {#text} at (98,3103) size 77x22
          chunk 1 text run 1 at (100.00,3120.00) startOffset 0 endOffset 11 width 75.00: "just a text"
      LayoutSVGText {text} at (198,3103) size 77x22 contains 1 chunk(s)
        LayoutSVGInlineText {#text} at (198,3103) size 77x22
          chunk 1 text run 1 at (200.00,3120.00) startOffset 0 endOffset 11 width 75.00: "just a text"
      LayoutSVGText {text} at (298,3103) size 77x22 contains 1 chunk(s)
        LayoutSVGInlineText {#text} at (298,3103) size 77x22
          chunk 1 text run 1 at (300.00,3120.00) startOffset 0 endOffset 11 width 75.00: "just a text"
      LayoutSVGText {text} at (398,3103) size 77x22 contains 1 chunk(s)
        LayoutSVGInlineText {#text} at (398,3103) size 77x22
          chunk 1 text run 1 at (400.00,3120.00) startOffset 0 endOffset 11 width 75.00: "just a text"
      LayoutSVGText {text} at (498,3103) size 77x22 contains 1 chunk(s)
        LayoutSVGInlineText {#text} at (498,3103) size 77x22
          chunk 1 text run 1 at (500.00,3120.00) startOffset 0 endOffset 11 width 75.00: "just a text"
      LayoutSVGText {text} at (598,3103) size 77x22 contains 1 chunk(s)
        LayoutSVGInlineText {#text} at (598,3103) size 77x22
          chunk 1 text run 1 at (600.00,3120.00) startOffset 0 endOffset 11 width 75.00: "just a text"
      LayoutSVGText {text} at (698,3103) size 77x22 contains 1 chunk(s)
        LayoutSVGInlineText {#text} at (698,3103) size 77x22
          chunk 1 text run 1 at (700.00,3120.00) startOffset 0 endOffset 11 width 75.00: "just a text"
      LayoutSVGText {text} at (798,3103) size 77x22 contains 1 chunk(s)
        LayoutSVGInlineText {#text} at (798,3103) size 77x22
          chunk 1 text run 1 at (800.00,3120.00) startOffset 0 endOffset 11 width 75.00: "just a text"
      LayoutSVGText {text} at (898,3103) size 77x22 contains 1 chunk(s)
        LayoutSVGInlineText {#text} at (898,3103) size 77x22
          chunk 1 text run 1 at (900.00,3120.00) startOffset 0 endOffset 11 width 75.00: "just a text"
      LayoutSVGText {text} at (998,3103) size 77x22 contains 1 chunk(s)
        LayoutSVGInlineText {#text} at (998,3103) size 77x22
          chunk 1 text run 1 at (1000.00,3120.00) startOffset 0 endOffset 11 width 75.00: "just a text"
      LayoutSVGText {text} at (1098,3103) size 77x22 contains 1 chunk(s)
        LayoutSVGInlineText {#text} at (1098,3103) size 77x22
          chunk 1 text run 1 at (1100.00,3120.00) startOffset 0 endOffset 11 width 75.00: "just a text"
      LayoutSVGText {text} at (1198,3103) size 77x22 contains 1 chunk(s)
        LayoutSVGInlineText {#text} at (1198,3103) size 77x22
          chunk 1 text run 1 at (1200.00,3120.00) startOffset 0 endOffset 11 width 75.00: "just a text"
      LayoutSVGText {text} at (1298,3103) size 77x22 contains 1 chunk(s)
        LayoutSVGInlineText {#text} at (1298,3103) size 77x22
          chunk 1 text run 1 at (1300.00,3120.00) startOffset 0 endOffset 11 width 75.00: "just a text"
      LayoutSVGText {text} at (1398,3103) size 77x22 contains 1 chunk(s)
        LayoutSVGInlineText {#text} at (1398,3103) size 77x22
          chunk 1 text run 1 at (1400.00,3120.00) startOffset 0 endOffset 11 width 75.00: "just a text"
      LayoutSVGText {text} at (1498,3103) size 77x22 contains 1 chunk(s)
        LayoutSVGInlineText {#text} at (1498,3103) size 77x22
          chunk 1 text run 1 at (1500.00,3120.00) startOffset 0 endOffset 11 width 75.00: "just a text"
      LayoutSVGText {text} at (1598,3103) size 77x22 contains 1 chunk(s)
        LayoutSVGInlineText {#text} at (1598,3103) size 77x22
          chunk 1 text run 1 at (1600.00,3120.00) startOffset 0 endOffset 11 width 75.00: "just a text"
      LayoutSVGText {text} at (1698,3103) size 77x22 contains 1 chunk(s)
        LayoutSVGInlineText {#text} at (1698,3103) size 77x22
          chunk 1 text run 1 at (1700.00,3120.00) startOffset 0 endOffset 11 width 75.00: "just a text"
      LayoutSVGText {text} at (1798,3103) size 77x22 contains 1 chunk(s)
        LayoutSVGInlineText {#text} at (1798,3103) size 77x22
          chunk 1 text run 1 at (1800.00,3120.00) startOffset 0 endOffset 11 width 75.00: "just a text"
      LayoutSVGText {text} at (1898,3103) size 77x22 contains 1 chunk(s)
        LayoutSVGInlineText {#text} at (1898,3103) size 77x22
          chunk 1 text run 1 at (1900.00,3120.00) startOffset 0 endOffset 11 width 75.00: "just a text"
      LayoutSVGText {text} at (1998,3103) size 77x22 contains 1 chunk(s)
        LayoutSVGInlineText {#text} at (1998,3103) size 77x22
          chunk 1 text run 1 at (2000.00,3120.00) startOffset 0 endOffset 11 width 75.00: "just a text"
      LayoutSVGText {text} at (2098,3103) size 77x22 contains 1 chunk(s)
        LayoutSVGInlineText {#text} at (2098,3103) size 77x22
          chunk 1 text run 1 at (2100.00,3120.00) startOffset 0 endOffset 11 width 75.00: "just a text"
      LayoutSVGText {text} at (2198,3103) size 77x22 contains 1 chunk(s)
        LayoutSVGInlineText {#text} at (2198,3103) size 77x22
          chunk 1 text run 1 at (2200.00,3120.00) startOffset 0 endOffset 11 width 75.00: "just a text"
      LayoutSVGText {text} at (2298,3103) size 77x22 contains 1 chunk(s)
        LayoutSVGInlineText {#text} at (2298,3103) size 77x22
          chunk 1 text run 1 at (2300.00,3120.00) startOffset 0 endOffset 11 width 75.00: "just a text"
      LayoutSVGText {text} at (2398,3103) size 77x22 contains 1 chunk(s)
        LayoutSVGInlineText {#text} at (2398,3103) size 77x22
          chunk 1 text run 1 at (2400.00,3120.00) startOffset 0 endOffset 11 width 75.00: "just a text"
      LayoutSVGText {text} at (2498,3103) size 77x22 contains 1 chunk(s)
        LayoutSVGInlineText {#text} at (2498,3103) size 77x22
          chunk 1 text run 1 at (2500.00,3120.00) startOffset 0 endOffset 11 width 75.00: "just a text"
      LayoutSVGText {text} at (2598,3103) size 77x22 contains 1 chunk(s)
        LayoutSVGInlineText {#text} at (2598,3103) size 77x22
          chunk 1 text run 1 at (2600.00,3120.00) startOffset 0 endOffset 11 width 75.00: "just a text"
      LayoutSVGText {text} at (2698,3103) size 77x22 contains 1 chunk(s)
        LayoutSVGInlineText {#text} at (2698,3103) size 77x22
          chunk 1 text run 1 at (2700.00,3120.00) startOffset 0 endOffset 11 width 75.00: "just a text"
      LayoutSVGText {text} at (2798,3103) size 77x22 contains 1 chunk(s)
        LayoutSVGInlineText {#text} at (2798,3103) size 77x22
          chunk 1 text run 1 at (2800.00,3120.00) startOffset 0 endOffset 11 width 75.00: "just a text"
      LayoutSVGText {text} at (2898,3103) size 77x22 contains 1 chunk(s)
        LayoutSVGInlineText {#text} at (2898,3103) size 77x22
          chunk 1 text run 1 at (2900.00,3120.00) startOffset 0 endOffset 11 width 75.00: "just a text"
      LayoutSVGText {text} at (2998,3103) size 77x22 contains 1 chunk(s)
        LayoutSVGInlineText {#text} at (2998,3103) size 77x22
          chunk 1 text run 1 at (3000.00,3120.00) startOffset 0 endOffset 11 width 75.00: "just a text"
      LayoutSVGText {text} at (3098,3103) size 77x22 contains 1 chunk(s)
        LayoutSVGInlineText {#text} at (3098,3103) size 77x22
          chunk 1 text run 1 at (3100.00,3120.00) startOffset 0 endOffset 11 width 75.00: "just a text"
      LayoutSVGText {text} at (3198,3103) size 77x22 contains 1 chunk(s)
        LayoutSVGInlineText {#text} at (3198,3103) size 77x22
          chunk 1 text run 1 at (3200.00,3120.00) startOffset 0 endOffset 11 width 75.00: "just a text"
      LayoutSVGText {text} at (3298,3103) size 77x22 contains 1 chunk(s)
        LayoutSVGInlineText {#text} at (3298,3103) size 77x22
          chunk 1 text run 1 at (3300.00,3120.00) startOffset 0 endOffset 11 width 75.00: "just a text"
      LayoutSVGText {text} at (3398,3103) size 77x22 contains 1 chunk(s)
        LayoutSVGInlineText {#text} at (3398,3103) size 77x22
          chunk 1 text run 1 at (3400.00,3120.00) startOffset 0 endOffset 11 width 75.00: "just a text"
      LayoutSVGText {text} at (3498,3103) size 77x22 contains 1 chunk(s)
        LayoutSVGInlineText {#text} at (3498,3103) size 77x22
          chunk 1 text run 1 at (3500.00,3120.00) startOffset 0 endOffset 11 width 75.00: "just a text"
      LayoutSVGText {text} at (3598,3103) size 77x22 contains 1 chunk(s)
        LayoutSVGInlineText {#text} at (3598,3103) size 77x22
          chunk 1 text run 1 at (3600.00,3120.00) startOffset 0 endOffset 11 width 75.00: "just a text"
      LayoutSVGText {text} at (3698,3103) size 77x22 contains 1 chunk(s)
        LayoutSVGInlineText {#text} at (3698,3103) size 77x22
          chunk 1 text run 1 at (3700.00,3120.00) startOffset 0 endOffset 11 width 75.00: "just a text"
      LayoutSVGText {text} at (3798,3103) size 77x22 contains 1 chunk(s)
        LayoutSVGInlineText {#text} at (3798,3103) size 77x22
          chunk 1 text run 1 at (3800.00,3120.00) startOffset 0 endOffset 11 width 75.00: "just a text"
      LayoutSVGText {text} at (3898,3103) size 77x22 contains 1 chunk(s)
        LayoutSVGInlineText {#text} at (3898,3103) size 77x22
          chunk 1 text run 1 at (3900.00,3120.00) startOffset 0 endOffset 11 width 75.00: "just a text"
      LayoutSVGText {text} at (3998,3103) size 77x22 contains 1 chunk(s)
        LayoutSVGInlineText {#text} at (3998,3103) size 77x22
          chunk 1 text run 1 at (4000.00,3120.00) startOffset 0 endOffset 11 width 75.00: "just a text"
      LayoutSVGText {text} at (4098,3103) size 77x22 contains 1 chunk(s)
        LayoutSVGInlineText {#text} at (4098,3103) size 77x22
          chunk 1 text run 1 at (4100.00,3120.00) startOffset 0 endOffset 11 width 75.00: "just a text"
      LayoutSVGText {text} at (4198,3103) size 77x22 contains 1 chunk(s)
        LayoutSVGInlineText {#text} at (4198,3103) size 77x22
          chunk 1 text run 1 at (4200.00,3120.00) startOffset 0 endOffset 11 width 75.00: "just a text"
      LayoutSVGText {text} at (4298,3103) size 77x22 contains 1 chunk(s)
        LayoutSVGInlineText {#text} at (4298,3103) size 77x22
          chunk 1 text run 1 at (4300.00,3120.00) startOffset 0 endOffset 11 width 75.00: "just a text"
      LayoutSVGText {text} at (4398,3103) size 77x22 contains 1 chunk(s)
        LayoutSVGInlineText {#text} at (4398,3103) size 77x22
          chunk 1 text run 1 at (4400.00,3120.00) startOffset 0 endOffset 11 width 75.00: "just a text"
      LayoutSVGText {text} at (4498,3103) size 77x22 contains 1 chunk(s)
        LayoutSVGInlineText {#text} at (4498,3103) size 77x22
          chunk 1 text run 1 at (4500.00,3120.00) startOffset 0 endOffset 11 width 75.00: "just a text"
      LayoutSVGText {text} at (4598,3103) size 77x22 contains 1 chunk(s)
        LayoutSVGInlineText {#text} at (4598,3103) size 77x22
          chunk 1 text run 1 at (4600.00,3120.00) startOffset 0 endOffset 11 width 75.00: "just a text"
      LayoutSVGText {text} at (4698,3103) size 77x22 contains 1 chunk(s)
        LayoutSVGInlineText {#text} at (4698,3103) size 77x22
          chunk 1 text run 1 at (4700.00,3120.00) startOffset 0 endOffset 11 width 75.00: "just a text"
      LayoutSVGText {text} at (4798,3103) size 77x22 contains 1 chunk(s)
        LayoutSVGInlineText {#text} at (4798,3103) size 77x22
          chunk 1 text run 1 at (4800.00,3120.00) startOffset 0 endOffset 11 width 75.00: "just a text"
      LayoutSVGText {text} at (4898,3103) size 77x22 contains 1 chunk(s)
        LayoutSVGInlineText {#text} at (4898,3103) size 77x22
          chunk 1 text run 1 at (4900.00,3120.00) startOffset 0 endOffset 11 width 75.00: "just a text"
      LayoutSVGText {text} at (-2,3203) size 77x22 contains 1 chunk(s)
        LayoutSVGInlineText {#text} at (-2,3203) size 77x22
          chunk 1 text run 1 at (0.00,3220.00) startOffset 0 endOffset 11 width 75.00: "just a text"
      LayoutSVGText {text} at (98,3203) size 77x22 contains 1 chunk(s)
        LayoutSVGInlineText {#text} at (98,3203) size 77x22
          chunk 1 text run 1 at (100.00,3220.00) startOffset 0 endOffset 11 width 75.00: "just a text"
      LayoutSVGText {text} at (198,3203) size 77x22 contains 1 chunk(s)
        LayoutSVGInlineText {#text} at (198,3203) size 77x22
          chunk 1 text run 1 at (200.00,3220.00) startOffset 0 endOffset 11 width 75.00: "just a text"
      LayoutSVGText {text} at (298,3203) size 77x22 contains 1 chunk(s)
        LayoutSVGInlineText {#text} at (298,3203) size 77x22
          chunk 1 text run 1 at (300.00,3220.00) startOffset 0 endOffset 11 width 75.00: "just a text"
      LayoutSVGText {text} at (398,3203) size 77x22 contains 1 chunk(s)
        LayoutSVGInlineText {#text} at (398,3203) size 77x22
          chunk 1 text run 1 at (400.00,3220.00) startOffset 0 endOffset 11 width 75.00: "just a text"
      LayoutSVGText {text} at (498,3203) size 77x22 contains 1 chunk(s)
        LayoutSVGInlineText {#text} at (498,3203) size 77x22
          chunk 1 text run 1 at (500.00,3220.00) startOffset 0 endOffset 11 width 75.00: "just a text"
      LayoutSVGText {text} at (598,3203) size 77x22 contains 1 chunk(s)
        LayoutSVGInlineText {#text} at (598,3203) size 77x22
          chunk 1 text run 1 at (600.00,3220.00) startOffset 0 endOffset 11 width 75.00: "just a text"
      LayoutSVGText {text} at (698,3203) size 77x22 contains 1 chunk(s)
        LayoutSVGInlineText {#text} at (698,3203) size 77x22
          chunk 1 text run 1 at (700.00,3220.00) startOffset 0 endOffset 11 width 75.00: "just a text"
      LayoutSVGText {text} at (798,3203) size 77x22 contains 1 chunk(s)
        LayoutSVGInlineText {#text} at (798,3203) size 77x22
          chunk 1 text run 1 at (800.00,3220.00) startOffset 0 endOffset 11 width 75.00: "just a text"
      LayoutSVGText {text} at (898,3203) size 77x22 contains 1 chunk(s)
        LayoutSVGInlineText {#text} at (898,3203) size 77x22
          chunk 1 text run 1 at (900.00,3220.00) startOffset 0 endOffset 11 width 75.00: "just a text"
      LayoutSVGText {text} at (998,3203) size 77x22 contains 1 chunk(s)
        LayoutSVGInlineText {#text} at (998,3203) size 77x22
          chunk 1 text run 1 at (1000.00,3220.00) startOffset 0 endOffset 11 width 75.00: "just a text"
      LayoutSVGText {text} at (1098,3203) size 77x22 contains 1 chunk(s)
        LayoutSVGInlineText {#text} at (1098,3203) size 77x22
          chunk 1 text run 1 at (1100.00,3220.00) startOffset 0 endOffset 11 width 75.00: "just a text"
      LayoutSVGText {text} at (1198,3203) size 77x22 contains 1 chunk(s)
        LayoutSVGInlineText {#text} at (1198,3203) size 77x22
          chunk 1 text run 1 at (1200.00,3220.00) startOffset 0 endOffset 11 width 75.00: "just a text"
      LayoutSVGText {text} at (1298,3203) size 77x22 contains 1 chunk(s)
        LayoutSVGInlineText {#text} at (1298,3203) size 77x22
          chunk 1 text run 1 at (1300.00,3220.00) startOffset 0 endOffset 11 width 75.00: "just a text"
      LayoutSVGText {text} at (1398,3203) size 77x22 contains 1 chunk(s)
        LayoutSVGInlineText {#text} at (1398,3203) size 77x22
          chunk 1 text run 1 at (1400.00,3220.00) startOffset 0 endOffset 11 width 75.00: "just a text"
      LayoutSVGText {text} at (1498,3203) size 77x22 contains 1 chunk(s)
        LayoutSVGInlineText {#text} at (1498,3203) size 77x22
          chunk 1 text run 1 at (1500.00,3220.00) startOffset 0 endOffset 11 width 75.00: "just a text"
      LayoutSVGText {text} at (1598,3203) size 77x22 contains 1 chunk(s)
        LayoutSVGInlineText {#text} at (1598,3203) size 77x22
          chunk 1 text run 1 at (1600.00,3220.00) startOffset 0 endOffset 11 width 75.00: "just a text"
      LayoutSVGText {text} at (1698,3203) size 77x22 contains 1 chunk(s)
        LayoutSVGInlineText {#text} at (1698,3203) size 77x22
          chunk 1 text run 1 at (1700.00,3220.00) startOffset 0 endOffset 11 width 75.00: "just a text"
      LayoutSVGText {text} at (1798,3203) size 77x22 contains 1 chunk(s)
        LayoutSVGInlineText {#text} at (1798,3203) size 77x22
          chunk 1 text run 1 at (1800.00,3220.00) startOffset 0 endOffset 11 width 75.00: "just a text"
      LayoutSVGText {text} at (1898,3203) size 77x22 contains 1 chunk(s)
        LayoutSVGInlineText {#text} at (1898,3203) size 77x22
          chunk 1 text run 1 at (1900.00,3220.00) startOffset 0 endOffset 11 width 75.00: "just a text"
      LayoutSVGText {text} at (1998,3203) size 77x22 contains 1 chunk(s)
        LayoutSVGInlineText {#text} at (1998,3203) size 77x22
          chunk 1 text run 1 at (2000.00,3220.00) startOffset 0 endOffset 11 width 75.00: "just a text"
      LayoutSVGText {text} at (2098,3203) size 77x22 contains 1 chunk(s)
        LayoutSVGInlineText {#text} at (2098,3203) size 77x22
          chunk 1 text run 1 at (2100.00,3220.00) startOffset 0 endOffset 11 width 75.00: "just a text"
      LayoutSVGText {text} at (2198,3203) size 77x22 contains 1 chunk(s)
        LayoutSVGInlineText {#text} at (2198,3203) size 77x22
          chunk 1 text run 1 at (2200.00,3220.00) startOffset 0 endOffset 11 width 75.00: "just a text"
      LayoutSVGText {text} at (2298,3203) size 77x22 contains 1 chunk(s)
        LayoutSVGInlineText {#text} at (2298,3203) size 77x22
          chunk 1 text run 1 at (2300.00,3220.00) startOffset 0 endOffset 11 width 75.00: "just a text"
      LayoutSVGText {text} at (2398,3203) size 77x22 contains 1 chunk(s)
        LayoutSVGInlineText {#text} at (2398,3203) size 77x22
          chunk 1 text run 1 at (2400.00,3220.00) startOffset 0 endOffset 11 width 75.00: "just a text"
      LayoutSVGText {text} at (2498,3203) size 77x22 contains 1 chunk(s)
        LayoutSVGInlineText {#text} at (2498,3203) size 77x22
          chunk 1 text run 1 at (2500.00,3220.00) startOffset 0 endOffset 11 width 75.00: "just a text"
      LayoutSVGText {text} at (2598,3203) size 77x22 contains 1 chunk(s)
        LayoutSVGInlineText {#text} at (2598,3203) size 77x22
          chunk 1 text run 1 at (2600.00,3220.00) startOffset 0 endOffset 11 width 75.00: "just a text"
      LayoutSVGText {text} at (2698,3203) size 77x22 contains 1 chunk(s)
        LayoutSVGInlineText {#text} at (2698,3203) size 77x22
          chunk 1 text run 1 at (2700.00,3220.00) startOffset 0 endOffset 11 width 75.00: "just a text"
      LayoutSVGText {text} at (2798,3203) size 77x22 contains 1 chunk(s)
        LayoutSVGInlineText {#text} at (2798,3203) size 77x22
          chunk 1 text run 1 at (2800.00,3220.00) startOffset 0 endOffset 11 width 75.00: "just a text"
      LayoutSVGText {text} at (2898,3203) size 77x22 contains 1 chunk(s)
        LayoutSVGInlineText {#text} at (2898,3203) size 77x22
          chunk 1 text run 1 at (2900.00,3220.00) startOffset 0 endOffset 11 width 75.00: "just a text"
      LayoutSVGText {text} at (2998,3203) size 77x22 contains 1 chunk(s)
        LayoutSVGInlineText {#text} at (2998,3203) size 77x22
          chunk 1 text run 1 at (3000.00,3220.00) startOffset 0 endOffset 11 width 75.00: "just a text"
      LayoutSVGText {text} at (3098,3203) size 77x22 contains 1 chunk(s)
        LayoutSVGInlineText {#text} at (3098,3203) size 77x22
          chunk 1 text run 1 at (3100.00,3220.00) startOffset 0 endOffset 11 width 75.00: "just a text"
      LayoutSVGText {text} at (3198,3203) size 77x22 contains 1 chunk(s)
        LayoutSVGInlineText {#text} at (3198,3203) size 77x22
          chunk 1 text run 1 at (3200.00,3220.00) startOffset 0 endOffset 11 width 75.00: "just a text"
      LayoutSVGText {text} at (3298,3203) size 77x22 contains 1 chunk(s)
        LayoutSVGInlineText {#text} at (3298,3203) size 77x22
          chunk 1 text run 1 at (3300.00,3220.00) startOffset 0 endOffset 11 width 75.00: "just a text"
      LayoutSVGText {text} at (3398,3203) size 77x22 contains 1 chunk(s)
        LayoutSVGInlineText {#text} at (3398,3203) size 77x22
          chunk 1 text run 1 at (3400.00,3220.00) startOffset 0 endOffset 11 width 75.00: "just a text"
      LayoutSVGText {text} at (3498,3203) size 77x22 contains 1 chunk(s)
        LayoutSVGInlineText {#text} at (3498,3203) size 77x22
          chunk 1 text run 1 at (3500.00,3220.00) startOffset 0 endOffset 11 width 75.00: "just a text"
      LayoutSVGText {text} at (3598,3203) size 77x22 contains 1 chunk(s)
        LayoutSVGInlineText {#text} at (3598,3203) size 77x22
          chunk 1 text run 1 at (3600.00,3220.00) startOffset 0 endOffset 11 width 75.00: "just a text"
      LayoutSVGText {text} at (3698,3203) size 77x22 contains 1 chunk(s)
        LayoutSVGInlineText {#text} at (3698,3203) size 77x22
          chunk 1 text run 1 at (3700.00,3220.00) startOffset 0 endOffset 11 width 75.00: "just a text"
      LayoutSVGText {text} at (3798,3203) size 77x22 contains 1 chunk(s)
        LayoutSVGInlineText {#text} at (3798,3203) size 77x22
          chunk 1 text run 1 at (3800.00,3220.00) startOffset 0 endOffset 11 width 75.00: "just a text"
      LayoutSVGText {text} at (3898,3203) size 77x22 contains 1 chunk(s)
        LayoutSVGInlineText {#text} at (3898,3203) size 77x22
          chunk 1 text run 1 at (3900.00,3220.00) startOffset 0 endOffset 11 width 75.00: "just a text"
      LayoutSVGText {text} at (3998,3203) size 77x22 contains 1 chunk(s)
        LayoutSVGInlineText {#text} at (3998,3203) size 77x22
          chunk 1 text run 1 at (4000.00,3220.00) startOffset 0 endOffset 11 width 75.00: "just a text"
      LayoutSVGText {text} at (4098,3203) size 77x22 contains 1 chunk(s)
        LayoutSVGInlineText {#text} at (4098,3203) size 77x22
          chunk 1 text run 1 at (4100.00,3220.00) startOffset 0 endOffset 11 width 75.00: "just a text"
      LayoutSVGText {text} at (4198,3203) size 77x22 contains 1 chunk(s)
        LayoutSVGInlineText {#text} at (4198,3203) size 77x22
          chunk 1 text run 1 at (4200.00,3220.00) startOffset 0 endOffset 11 width 75.00: "just a text"
      LayoutSVGText {text} at (4298,3203) size 77x22 contains 1 chunk(s)
        LayoutSVGInlineText {#text} at (4298,3203) size 77x22
          chunk 1 text run 1 at (4300.00,3220.00) startOffset 0 endOffset 11 width 75.00: "just a text"
      LayoutSVGText {text} at (4398,3203) size 77x22 contains 1 chunk(s)
        LayoutSVGInlineText {#text} at (4398,3203) size 77x22
          chunk 1 text run 1 at (4400.00,3220.00) startOffset 0 endOffset 11 width 75.00: "just a text"
      LayoutSVGText {text} at (4498,3203) size 77x22 contains 1 chunk(s)
        LayoutSVGInlineText {#text} at (4498,3203) size 77x22
          chunk 1 text run 1 at (4500.00,3220.00) startOffset 0 endOffset 11 width 75.00: "just a text"
      LayoutSVGText {text} at (4598,3203) size 77x22 contains 1 chunk(s)
        LayoutSVGInlineText {#text} at (4598,3203) size 77x22
          chunk 1 text run 1 at (4600.00,3220.00) startOffset 0 endOffset 11 width 75.00: "just a text"
      LayoutSVGText {text} at (4698,3203) size 77x22 contains 1 chunk(s)
        LayoutSVGInlineText {#text} at (4698,3203) size 77x22
          chunk 1 text run 1 at (4700.00,3220.00) startOffset 0 endOffset 11 width 75.00: "just a text"
      LayoutSVGText {text} at (4798,3203) size 77x22 contains 1 chunk(s)
        LayoutSVGInlineText {#text} at (4798,3203) size 77x22
          chunk 1 text run 1 at (4800.00,3220.00) startOffset 0 endOffset 11 width 75.00: "just a text"
      LayoutSVGText {text} at (4898,3203) size 77x22 contains 1 chunk(s)
        LayoutSVGInlineText {#text} at (4898,3203) size 77x22
          chunk 1 text run 1 at (4900.00,3220.00) startOffset 0 endOffset 11 width 75.00: "just a text"
      LayoutSVGText {text} at (-2,3303) size 77x22 contains 1 chunk(s)
        LayoutSVGInlineText {#text} at (-2,3303) size 77x22
          chunk 1 text run 1 at (0.00,3320.00) startOffset 0 endOffset 11 width 75.00: "just a text"
      LayoutSVGText {text} at (98,3303) size 77x22 contains 1 chunk(s)
        LayoutSVGInlineText {#text} at (98,3303) size 77x22
          chunk 1 text run 1 at (100.00,3320.00) startOffset 0 endOffset 11 width 75.00: "just a text"
      LayoutSVGText {text} at (198,3303) size 77x22 contains 1 chunk(s)
        LayoutSVGInlineText {#text} at (198,3303) size 77x22
          chunk 1 text run 1 at (200.00,3320.00) startOffset 0 endOffset 11 width 75.00: "just a text"
      LayoutSVGText {text} at (298,3303) size 77x22 contains 1 chunk(s)
        LayoutSVGInlineText {#text} at (298,3303) size 77x22
          chunk 1 text run 1 at (300.00,3320.00) startOffset 0 endOffset 11 width 75.00: "just a text"
      LayoutSVGText {text} at (398,3303) size 77x22 contains 1 chunk(s)
        LayoutSVGInlineText {#text} at (398,3303) size 77x22
          chunk 1 text run 1 at (400.00,3320.00) startOffset 0 endOffset 11 width 75.00: "just a text"
      LayoutSVGText {text} at (498,3303) size 77x22 contains 1 chunk(s)
        LayoutSVGInlineText {#text} at (498,3303) size 77x22
          chunk 1 text run 1 at (500.00,3320.00) startOffset 0 endOffset 11 width 75.00: "just a text"
      LayoutSVGText {text} at (598,3303) size 77x22 contains 1 chunk(s)
        LayoutSVGInlineText {#text} at (598,3303) size 77x22
          chunk 1 text run 1 at (600.00,3320.00) startOffset 0 endOffset 11 width 75.00: "just a text"
      LayoutSVGText {text} at (698,3303) size 77x22 contains 1 chunk(s)
        LayoutSVGInlineText {#text} at (698,3303) size 77x22
          chunk 1 text run 1 at (700.00,3320.00) startOffset 0 endOffset 11 width 75.00: "just a text"
      LayoutSVGText {text} at (798,3303) size 77x22 contains 1 chunk(s)
        LayoutSVGInlineText {#text} at (798,3303) size 77x22
          chunk 1 text run 1 at (800.00,3320.00) startOffset 0 endOffset 11 width 75.00: "just a text"
      LayoutSVGText {text} at (898,3303) size 77x22 contains 1 chunk(s)
        LayoutSVGInlineText {#text} at (898,3303) size 77x22
          chunk 1 text run 1 at (900.00,3320.00) startOffset 0 endOffset 11 width 75.00: "just a text"
      LayoutSVGText {text} at (998,3303) size 77x22 contains 1 chunk(s)
        LayoutSVGInlineText {#text} at (998,3303) size 77x22
          chunk 1 text run 1 at (1000.00,3320.00) startOffset 0 endOffset 11 width 75.00: "just a text"
      LayoutSVGText {text} at (1098,3303) size 77x22 contains 1 chunk(s)
        LayoutSVGInlineText {#text} at (1098,3303) size 77x22
          chunk 1 text run 1 at (1100.00,3320.00) startOffset 0 endOffset 11 width 75.00: "just a text"
      LayoutSVGText {text} at (1198,3303) size 77x22 contains 1 chunk(s)
        LayoutSVGInlineText {#text} at (1198,3303) size 77x22
          chunk 1 text run 1 at (1200.00,3320.00) startOffset 0 endOffset 11 width 75.00: "just a text"
      LayoutSVGText {text} at (1298,3303) size 77x22 contains 1 chunk(s)
        LayoutSVGInlineText {#text} at (1298,3303) size 77x22
          chunk 1 text run 1 at (1300.00,3320.00) startOffset 0 endOffset 11 width 75.00: "just a text"
      LayoutSVGText {text} at (1398,3303) size 77x22 contains 1 chunk(s)
        LayoutSVGInlineText {#text} at (1398,3303) size 77x22
          chunk 1 text run 1 at (1400.00,3320.00) startOffset 0 endOffset 11 width 75.00: "just a text"
      LayoutSVGText {text} at (1498,3303) size 77x22 contains 1 chunk(s)
        LayoutSVGInlineText {#text} at (1498,3303) size 77x22
          chunk 1 text run 1 at (1500.00,3320.00) startOffset 0 endOffset 11 width 75.00: "just a text"
      LayoutSVGText {text} at (1598,3303) size 77x22 contains 1 chunk(s)
        LayoutSVGInlineText {#text} at (1598,3303) size 77x22
          chunk 1 text run 1 at (1600.00,3320.00) startOffset 0 endOffset 11 width 75.00: "just a text"
      LayoutSVGText {text} at (1698,3303) size 77x22 contains 1 chunk(s)
        LayoutSVGInlineText {#text} at (1698,3303) size 77x22
          chunk 1 text run 1 at (1700.00,3320.00) startOffset 0 endOffset 11 width 75.00: "just a text"
      LayoutSVGText {text} at (1798,3303) size 77x22 contains 1 chunk(s)
        LayoutSVGInlineText {#text} at (1798,3303) size 77x22
          chunk 1 text run 1 at (1800.00,3320.00) startOffset 0 endOffset 11 width 75.00: "just a text"
      LayoutSVGText {text} at (1898,3303) size 77x22 contains 1 chunk(s)
        LayoutSVGInlineText {#text} at (1898,3303) size 77x22
          chunk 1 text run 1 at (1900.00,3320.00) startOffset 0 endOffset 11 width 75.00: "just a text"
      LayoutSVGText {text} at (1998,3303) size 77x22 contains 1 chunk(s)
        LayoutSVGInlineText {#text} at (1998,3303) size 77x22
          chunk 1 text run 1 at (2000.00,3320.00) startOffset 0 endOffset 11 width 75.00: "just a text"
      LayoutSVGText {text} at (2098,3303) size 77x22 contains 1 chunk(s)
        LayoutSVGInlineText {#text} at (2098,3303) size 77x22
          chunk 1 text run 1 at (2100.00,3320.00) startOffset 0 endOffset 11 width 75.00: "just a text"
      LayoutSVGText {text} at (2198,3303) size 77x22 contains 1 chunk(s)
        LayoutSVGInlineText {#text} at (2198,3303) size 77x22
          chunk 1 text run 1 at (2200.00,3320.00) startOffset 0 endOffset 11 width 75.00: "just a text"
      LayoutSVGText {text} at (2298,3303) size 77x22 contains 1 chunk(s)
        LayoutSVGInlineText {#text} at (2298,3303) size 77x22
          chunk 1 text run 1 at (2300.00,3320.00) startOffset 0 endOffset 11 width 75.00: "just a text"
      LayoutSVGText {text} at (2398,3303) size 77x22 contains 1 chunk(s)
        LayoutSVGInlineText {#text} at (2398,3303) size 77x22
          chunk 1 text run 1 at (2400.00,3320.00) startOffset 0 endOffset 11 width 75.00: "just a text"
      LayoutSVGText {text} at (2498,3303) size 77x22 contains 1 chunk(s)
        LayoutSVGInlineText {#text} at (2498,3303) size 77x22
          chunk 1 text run 1 at (2500.00,3320.00) startOffset 0 endOffset 11 width 75.00: "just a text"
      LayoutSVGText {text} at (2598,3303) size 77x22 contains 1 chunk(s)
        LayoutSVGInlineText {#text} at (2598,3303) size 77x22
          chunk 1 text run 1 at (2600.00,3320.00) startOffset 0 endOffset 11 width 75.00: "just a text"
      LayoutSVGText {text} at (2698,3303) size 77x22 contains 1 chunk(s)
        LayoutSVGInlineText {#text} at (2698,3303) size 77x22
          chunk 1 text run 1 at (2700.00,3320.00) startOffset 0 endOffset 11 width 75.00: "just a text"
      LayoutSVGText {text} at (2798,3303) size 77x22 contains 1 chunk(s)
        LayoutSVGInlineText {#text} at (2798,3303) size 77x22
          chunk 1 text run 1 at (2800.00,3320.00) startOffset 0 endOffset 11 width 75.00: "just a text"
      LayoutSVGText {text} at (2898,3303) size 77x22 contains 1 chunk(s)
        LayoutSVGInlineText {#text} at (2898,3303) size 77x22
          chunk 1 text run 1 at (2900.00,3320.00) startOffset 0 endOffset 11 width 75.00: "just a text"
      LayoutSVGText {text} at (2998,3303) size 77x22 contains 1 chunk(s)
        LayoutSVGInlineText {#text} at (2998,3303) size 77x22
          chunk 1 text run 1 at (3000.00,3320.00) startOffset 0 endOffset 11 width 75.00: "just a text"
      LayoutSVGText {text} at (3098,3303) size 77x22 contains 1 chunk(s)
        LayoutSVGInlineText {#text} at (3098,3303) size 77x22
          chunk 1 text run 1 at (3100.00,3320.00) startOffset 0 endOffset 11 width 75.00: "just a text"
      LayoutSVGText {text} at (3198,3303) size 77x22 contains 1 chunk(s)
        LayoutSVGInlineText {#text} at (3198,3303) size 77x22
          chunk 1 text run 1 at (3200.00,3320.00) startOffset 0 endOffset 11 width 75.00: "just a text"
      LayoutSVGText {text} at (3298,3303) size 77x22 contains 1 chunk(s)
        LayoutSVGInlineText {#text} at (3298,3303) size 77x22
          chunk 1 text run 1 at (3300.00,3320.00) startOffset 0 endOffset 11 width 75.00: "just a text"
      LayoutSVGText {text} at (3398,3303) size 77x22 contains 1 chunk(s)
        LayoutSVGInlineText {#text} at (3398,3303) size 77x22
          chunk 1 text run 1 at (3400.00,3320.00) startOffset 0 endOffset 11 width 75.00: "just a text"
      LayoutSVGText {text} at (3498,3303) size 77x22 contains 1 chunk(s)
        LayoutSVGInlineText {#text} at (3498,3303) size 77x22
          chunk 1 text run 1 at (3500.00,3320.00) startOffset 0 endOffset 11 width 75.00: "just a text"
      LayoutSVGText {text} at (3598,3303) size 77x22 contains 1 chunk(s)
        LayoutSVGInlineText {#text} at (3598,3303) size 77x22
          chunk 1 text run 1 at (3600.00,3320.00) startOffset 0 endOffset 11 width 75.00: "just a text"
      LayoutSVGText {text} at (3698,3303) size 77x22 contains 1 chunk(s)
        LayoutSVGInlineText {#text} at (3698,3303) size 77x22
          chunk 1 text run 1 at (3700.00,3320.00) startOffset 0 endOffset 11 width 75.00: "just a text"
      LayoutSVGText {text} at (3798,3303) size 77x22 contains 1 chunk(s)
        LayoutSVGInlineText {#text} at (3798,3303) size 77x22
          chunk 1 text run 1 at (3800.00,3320.00) startOffset 0 endOffset 11 width 75.00: "just a text"
      LayoutSVGText {text} at (3898,3303) size 77x22 contains 1 chunk(s)
        LayoutSVGInlineText {#text} at (3898,3303) size 77x22
          chunk 1 text run 1 at (3900.00,3320.00) startOffset 0 endOffset 11 width 75.00: "just a text"
      LayoutSVGText {text} at (3998,3303) size 77x22 contains 1 chunk(s)
        LayoutSVGInlineText {#text} at (3998,3303) size 77x22
          chunk 1 text run 1 at (4000.00,3320.00) startOffset 0 endOffset 11 width 75.00: "just a text"
      LayoutSVGText {text} at (4098,3303) size 77x22 contains 1 chunk(s)
        LayoutSVGInlineText {#text} at (4098,3303) size 77x22
          chunk 1 text run 1 at (4100.00,3320.00) startOffset 0 endOffset 11 width 75.00: "just a text"
      LayoutSVGText {text} at (4198,3303) size 77x22 contains 1 chunk(s)
        LayoutSVGInlineText {#text} at (4198,3303) size 77x22
          chunk 1 text run 1 at (4200.00,3320.00) startOffset 0 endOffset 11 width 75.00: "just a text"
      LayoutSVGText {text} at (4298,3303) size 77x22 contains 1 chunk(s)
        LayoutSVGInlineText {#text} at (4298,3303) size 77x22
          chunk 1 text run 1 at (4300.00,3320.00) startOffset 0 endOffset 11 width 75.00: "just a text"
      LayoutSVGText {text} at (4398,3303) size 77x22 contains 1 chunk(s)
        LayoutSVGInlineText {#text} at (4398,3303) size 77x22
          chunk 1 text run 1 at (4400.00,3320.00) startOffset 0 endOffset 11 width 75.00: "just a text"
      LayoutSVGText {text} at (4498,3303) size 77x22 contains 1 chunk(s)
        LayoutSVGInlineText {#text} at (4498,3303) size 77x22
          chunk 1 text run 1 at (4500.00,3320.00) startOffset 0 endOffset 11 width 75.00: "just a text"
      LayoutSVGText {text} at (4598,3303) size 77x22 contains 1 chunk(s)
        LayoutSVGInlineText {#text} at (4598,3303) size 77x22
          chunk 1 text run 1 at (4600.00,3320.00) startOffset 0 endOffset 11 width 75.00: "just a text"
      LayoutSVGText {text} at (4698,3303) size 77x22 contains 1 chunk(s)
        LayoutSVGInlineText {#text} at (4698,3303) size 77x22
          chunk 1 text run 1 at (4700.00,3320.00) startOffset 0 endOffset 11 width 75.00: "just a text"
      LayoutSVGText {text} at (4798,3303) size 77x22 contains 1 chunk(s)
        LayoutSVGInlineText {#text} at (4798,3303) size 77x22
          chunk 1 text run 1 at (4800.00,3320.00) startOffset 0 endOffset 11 width 75.00: "just a text"
      LayoutSVGText {text} at (4898,3303) size 77x22 contains 1 chunk(s)
        LayoutSVGInlineText {#text} at (4898,3303) size 77x22
          chunk 1 text run 1 at (4900.00,3320.00) startOffset 0 endOffset 11 width 75.00: "just a text"
      LayoutSVGText {text} at (-2,3403) size 77x22 contains 1 chunk(s)
        LayoutSVGInlineText {#text} at (-2,3403) size 77x22
          chunk 1 text run 1 at (0.00,3420.00) startOffset 0 endOffset 11 width 75.00: "just a text"
      LayoutSVGText {text} at (98,3403) size 77x22 contains 1 chunk(s)
        LayoutSVGInlineText {#text} at (98,3403) size 77x22
          chunk 1 text run 1 at (100.00,3420.00) startOffset 0 endOffset 11 width 75.00: "just a text"
      LayoutSVGText {text} at (198,3403) size 77x22 contains 1 chunk(s)
        LayoutSVGInlineText {#text} at (198,3403) size 77x22
          chunk 1 text run 1 at (200.00,3420.00) startOffset 0 endOffset 11 width 75.00: "just a text"
      LayoutSVGText {text} at (298,3403) size 77x22 contains 1 chunk(s)
        LayoutSVGInlineText {#text} at (298,3403) size 77x22
          chunk 1 text run 1 at (300.00,3420.00) startOffset 0 endOffset 11 width 75.00: "just a text"
      LayoutSVGText {text} at (398,3403) size 77x22 contains 1 chunk(s)
        LayoutSVGInlineText {#text} at (398,3403) size 77x22
          chunk 1 text run 1 at (400.00,3420.00) startOffset 0 endOffset 11 width 75.00: "just a text"
      LayoutSVGText {text} at (498,3403) size 77x22 contains 1 chunk(s)
        LayoutSVGInlineText {#text} at (498,3403) size 77x22
          chunk 1 text run 1 at (500.00,3420.00) startOffset 0 endOffset 11 width 75.00: "just a text"
      LayoutSVGText {text} at (598,3403) size 77x22 contains 1 chunk(s)
        LayoutSVGInlineText {#text} at (598,3403) size 77x22
          chunk 1 text run 1 at (600.00,3420.00) startOffset 0 endOffset 11 width 75.00: "just a text"
      LayoutSVGText {text} at (698,3403) size 77x22 contains 1 chunk(s)
        LayoutSVGInlineText {#text} at (698,3403) size 77x22
          chunk 1 text run 1 at (700.00,3420.00) startOffset 0 endOffset 11 width 75.00: "just a text"
      LayoutSVGText {text} at (798,3403) size 77x22 contains 1 chunk(s)
        LayoutSVGInlineText {#text} at (798,3403) size 77x22
          chunk 1 text run 1 at (800.00,3420.00) startOffset 0 endOffset 11 width 75.00: "just a text"
      LayoutSVGText {text} at (898,3403) size 77x22 contains 1 chunk(s)
        LayoutSVGInlineText {#text} at (898,3403) size 77x22
          chunk 1 text run 1 at (900.00,3420.00) startOffset 0 endOffset 11 width 75.00: "just a text"
      LayoutSVGText {text} at (998,3403) size 77x22 contains 1 chunk(s)
        LayoutSVGInlineText {#text} at (998,3403) size 77x22
          chunk 1 text run 1 at (1000.00,3420.00) startOffset 0 endOffset 11 width 75.00: "just a text"
      LayoutSVGText {text} at (1098,3403) size 77x22 contains 1 chunk(s)
        LayoutSVGInlineText {#text} at (1098,3403) size 77x22
          chunk 1 text run 1 at (1100.00,3420.00) startOffset 0 endOffset 11 width 75.00: "just a text"
      LayoutSVGText {text} at (1198,3403) size 77x22 contains 1 chunk(s)
        LayoutSVGInlineText {#text} at (1198,3403) size 77x22
          chunk 1 text run 1 at (1200.00,3420.00) startOffset 0 endOffset 11 width 75.00: "just a text"
      LayoutSVGText {text} at (1298,3403) size 77x22 contains 1 chunk(s)
        LayoutSVGInlineText {#text} at (1298,3403) size 77x22
          chunk 1 text run 1 at (1300.00,3420.00) startOffset 0 endOffset 11 width 75.00: "just a text"
      LayoutSVGText {text} at (1398,3403) size 77x22 contains 1 chunk(s)
        LayoutSVGInlineText {#text} at (1398,3403) size 77x22
          chunk 1 text run 1 at (1400.00,3420.00) startOffset 0 endOffset 11 width 75.00: "just a text"
      LayoutSVGText {text} at (1498,3403) size 77x22 contains 1 chunk(s)
        LayoutSVGInlineText {#text} at (1498,3403) size 77x22
          chunk 1 text run 1 at (1500.00,3420.00) startOffset 0 endOffset 11 width 75.00: "just a text"
      LayoutSVGText {text} at (1598,3403) size 77x22 contains 1 chunk(s)
        LayoutSVGInlineText {#text} at (1598,3403) size 77x22
          chunk 1 text run 1 at (1600.00,3420.00) startOffset 0 endOffset 11 width 75.00: "just a text"
      LayoutSVGText {text} at (1698,3403) size 77x22 contains 1 chunk(s)
        LayoutSVGInlineText {#text} at (1698,3403) size 77x22
          chunk 1 text run 1 at (1700.00,3420.00) startOffset 0 endOffset 11 width 75.00: "just a text"
      LayoutSVGText {text} at (1798,3403) size 77x22 contains 1 chunk(s)
        LayoutSVGInlineText {#text} at (1798,3403) size 77x22
          chunk 1 text run 1 at (1800.00,3420.00) startOffset 0 endOffset 11 width 75.00: "just a text"
      LayoutSVGText {text} at (1898,3403) size 77x22 contains 1 chunk(s)
        LayoutSVGInlineText {#text} at (1898,3403) size 77x22
          chunk 1 text run 1 at (1900.00,3420.00) startOffset 0 endOffset 11 width 75.00: "just a text"
      LayoutSVGText {text} at (1998,3403) size 77x22 contains 1 chunk(s)
        LayoutSVGInlineText {#text} at (1998,3403) size 77x22
          chunk 1 text run 1 at (2000.00,3420.00) startOffset 0 endOffset 11 width 75.00: "just a text"
      LayoutSVGText {text} at (2098,3403) size 77x22 contains 1 chunk(s)
        LayoutSVGInlineText {#text} at (2098,3403) size 77x22
          chunk 1 text run 1 at (2100.00,3420.00) startOffset 0 endOffset 11 width 75.00: "just a text"
      LayoutSVGText {text} at (2198,3403) size 77x22 contains 1 chunk(s)
        LayoutSVGInlineText {#text} at (2198,3403) size 77x22
          chunk 1 text run 1 at (2200.00,3420.00) startOffset 0 endOffset 11 width 75.00: "just a text"
      LayoutSVGText {text} at (2298,3403) size 77x22 contains 1 chunk(s)
        LayoutSVGInlineText {#text} at (2298,3403) size 77x22
          chunk 1 text run 1 at (2300.00,3420.00) startOffset 0 endOffset 11 width 75.00: "just a text"
      LayoutSVGText {text} at (2398,3403) size 77x22 contains 1 chunk(s)
        LayoutSVGInlineText {#text} at (2398,3403) size 77x22
          chunk 1 text run 1 at (2400.00,3420.00) startOffset 0 endOffset 11 width 75.00: "just a text"
      LayoutSVGText {text} at (2498,3403) size 77x22 contains 1 chunk(s)
        LayoutSVGInlineText {#text} at (2498,3403) size 77x22
          chunk 1 text run 1 at (2500.00,3420.00) startOffset 0 endOffset 11 width 75.00: "just a text"
      LayoutSVGText {text} at (2598,3403) size 77x22 contains 1 chunk(s)
        LayoutSVGInlineText {#text} at (2598,3403) size 77x22
          chunk 1 text run 1 at (2600.00,3420.00) startOffset 0 endOffset 11 width 75.00: "just a text"
      LayoutSVGText {text} at (2698,3403) size 77x22 contains 1 chunk(s)
        LayoutSVGInlineText {#text} at (2698,3403) size 77x22
          chunk 1 text run 1 at (2700.00,3420.00) startOffset 0 endOffset 11 width 75.00: "just a text"
      LayoutSVGText {text} at (2798,3403) size 77x22 contains 1 chunk(s)
        LayoutSVGInlineText {#text} at (2798,3403) size 77x22
          chunk 1 text run 1 at (2800.00,3420.00) startOffset 0 endOffset 11 width 75.00: "just a text"
      LayoutSVGText {text} at (2898,3403) size 77x22 contains 1 chunk(s)
        LayoutSVGInlineText {#text} at (2898,3403) size 77x22
          chunk 1 text run 1 at (2900.00,3420.00) startOffset 0 endOffset 11 width 75.00: "just a text"
      LayoutSVGText {text} at (2998,3403) size 77x22 contains 1 chunk(s)
        LayoutSVGInlineText {#text} at (2998,3403) size 77x22
          chunk 1 text run 1 at (3000.00,3420.00) startOffset 0 endOffset 11 width 75.00: "just a text"
      LayoutSVGText {text} at (3098,3403) size 77x22 contains 1 chunk(s)
        LayoutSVGInlineText {#text} at (3098,3403) size 77x22
          chunk 1 text run 1 at (3100.00,3420.00) startOffset 0 endOffset 11 width 75.00: "just a text"
      LayoutSVGText {text} at (3198,3403) size 77x22 contains 1 chunk(s)
        LayoutSVGInlineText {#text} at (3198,3403) size 77x22
          chunk 1 text run 1 at (3200.00,3420.00) startOffset 0 endOffset 11 width 75.00: "just a text"
      LayoutSVGText {text} at (3298,3403) size 77x22 contains 1 chunk(s)
        LayoutSVGInlineText {#text} at (3298,3403) size 77x22
          chunk 1 text run 1 at (3300.00,3420.00) startOffset 0 endOffset 11 width 75.00: "just a text"
      LayoutSVGText {text} at (3398,3403) size 77x22 contains 1 chunk(s)
        LayoutSVGInlineText {#text} at (3398,3403) size 77x22
          chunk 1 text run 1 at (3400.00,3420.00) startOffset 0 endOffset 11 width 75.00: "just a text"
      LayoutSVGText {text} at (3498,3403) size 77x22 contains 1 chunk(s)
        LayoutSVGInlineText {#text} at (3498,3403) size 77x22
          chunk 1 text run 1 at (3500.00,3420.00) startOffset 0 endOffset 11 width 75.00: "just a text"
      LayoutSVGText {text} at (3598,3403) size 77x22 contains 1 chunk(s)
        LayoutSVGInlineText {#text} at (3598,3403) size 77x22
          chunk 1 text run 1 at (3600.00,3420.00) startOffset 0 endOffset 11 width 75.00: "just a text"
      LayoutSVGText {text} at (3698,3403) size 77x22 contains 1 chunk(s)
        LayoutSVGInlineText {#text} at (3698,3403) size 77x22
          chunk 1 text run 1 at (3700.00,3420.00) startOffset 0 endOffset 11 width 75.00: "just a text"
      LayoutSVGText {text} at (3798,3403) size 77x22 contains 1 chunk(s)
        LayoutSVGInlineText {#text} at (3798,3403) size 77x22
          chunk 1 text run 1 at (3800.00,3420.00) startOffset 0 endOffset 11 width 75.00: "just a text"
      LayoutSVGText {text} at (3898,3403) size 77x22 contains 1 chunk(s)
        LayoutSVGInlineText {#text} at (3898,3403) size 77x22
          chunk 1 text run 1 at (3900.00,3420.00) startOffset 0 endOffset 11 width 75.00: "just a text"
      LayoutSVGText {text} at (3998,3403) size 77x22 contains 1 chunk(s)
        LayoutSVGInlineText {#text} at (3998,3403) size 77x22
          chunk 1 text run 1 at (4000.00,3420.00) startOffset 0 endOffset 11 width 75.00: "just a text"
      LayoutSVGText {text} at (4098,3403) size 77x22 contains 1 chunk(s)
        LayoutSVGInlineText {#text} at (4098,3403) size 77x22
          chunk 1 text run 1 at (4100.00,3420.00) startOffset 0 endOffset 11 width 75.00: "just a text"
      LayoutSVGText {text} at (4198,3403) size 77x22 contains 1 chunk(s)
        LayoutSVGInlineText {#text} at (4198,3403) size 77x22
          chunk 1 text run 1 at (4200.00,3420.00) startOffset 0 endOffset 11 width 75.00: "just a text"
      LayoutSVGText {text} at (4298,3403) size 77x22 contains 1 chunk(s)
        LayoutSVGInlineText {#text} at (4298,3403) size 77x22
          chunk 1 text run 1 at (4300.00,3420.00) startOffset 0 endOffset 11 width 75.00: "just a text"
      LayoutSVGText {text} at (4398,3403) size 77x22 contains 1 chunk(s)
        LayoutSVGInlineText {#text} at (4398,3403) size 77x22
          chunk 1 text run 1 at (4400.00,3420.00) startOffset 0 endOffset 11 width 75.00: "just a text"
      LayoutSVGText {text} at (4498,3403) size 77x22 contains 1 chunk(s)
        LayoutSVGInlineText {#text} at (4498,3403) size 77x22
          chunk 1 text run 1 at (4500.00,3420.00) startOffset 0 endOffset 11 width 75.00: "just a text"
      LayoutSVGText {text} at (4598,3403) size 77x22 contains 1 chunk(s)
        LayoutSVGInlineText {#text} at (4598,3403) size 77x22
          chunk 1 text run 1 at (4600.00,3420.00) startOffset 0 endOffset 11 width 75.00: "just a text"
      LayoutSVGText {text} at (4698,3403) size 77x22 contains 1 chunk(s)
        LayoutSVGInlineText {#text} at (4698,3403) size 77x22
          chunk 1 text run 1 at (4700.00,3420.00) startOffset 0 endOffset 11 width 75.00: "just a text"
      LayoutSVGText {text} at (4798,3403) size 77x22 contains 1 chunk(s)
        LayoutSVGInlineText {#text} at (4798,3403) size 77x22
          chunk 1 text run 1 at (4800.00,3420.00) startOffset 0 endOffset 11 width 75.00: "just a text"
      LayoutSVGText {text} at (4898,3403) size 77x22 contains 1 chunk(s)
        LayoutSVGInlineText {#text} at (4898,3403) size 77x22
          chunk 1 text run 1 at (4900.00,3420.00) startOffset 0 endOffset 11 width 75.00: "just a text"
      LayoutSVGText {text} at (-2,3503) size 77x22 contains 1 chunk(s)
        LayoutSVGInlineText {#text} at (-2,3503) size 77x22
          chunk 1 text run 1 at (0.00,3520.00) startOffset 0 endOffset 11 width 75.00: "just a text"
      LayoutSVGText {text} at (98,3503) size 77x22 contains 1 chunk(s)
        LayoutSVGInlineText {#text} at (98,3503) size 77x22
          chunk 1 text run 1 at (100.00,3520.00) startOffset 0 endOffset 11 width 75.00: "just a text"
      LayoutSVGText {text} at (198,3503) size 77x22 contains 1 chunk(s)
        LayoutSVGInlineText {#text} at (198,3503) size 77x22
          chunk 1 text run 1 at (200.00,3520.00) startOffset 0 endOffset 11 width 75.00: "just a text"
      LayoutSVGText {text} at (298,3503) size 77x22 contains 1 chunk(s)
        LayoutSVGInlineText {#text} at (298,3503) size 77x22
          chunk 1 text run 1 at (300.00,3520.00) startOffset 0 endOffset 11 width 75.00: "just a text"
      LayoutSVGText {text} at (398,3503) size 77x22 contains 1 chunk(s)
        LayoutSVGInlineText {#text} at (398,3503) size 77x22
          chunk 1 text run 1 at (400.00,3520.00) startOffset 0 endOffset 11 width 75.00: "just a text"
      LayoutSVGText {text} at (498,3503) size 77x22 contains 1 chunk(s)
        LayoutSVGInlineText {#text} at (498,3503) size 77x22
          chunk 1 text run 1 at (500.00,3520.00) startOffset 0 endOffset 11 width 75.00: "just a text"
      LayoutSVGText {text} at (598,3503) size 77x22 contains 1 chunk(s)
        LayoutSVGInlineText {#text} at (598,3503) size 77x22
          chunk 1 text run 1 at (600.00,3520.00) startOffset 0 endOffset 11 width 75.00: "just a text"
      LayoutSVGText {text} at (698,3503) size 77x22 contains 1 chunk(s)
        LayoutSVGInlineText {#text} at (698,3503) size 77x22
          chunk 1 text run 1 at (700.00,3520.00) startOffset 0 endOffset 11 width 75.00: "just a text"
      LayoutSVGText {text} at (798,3503) size 77x22 contains 1 chunk(s)
        LayoutSVGInlineText {#text} at (798,3503) size 77x22
          chunk 1 text run 1 at (800.00,3520.00) startOffset 0 endOffset 11 width 75.00: "just a text"
      LayoutSVGText {text} at (898,3503) size 77x22 contains 1 chunk(s)
        LayoutSVGInlineText {#text} at (898,3503) size 77x22
          chunk 1 text run 1 at (900.00,3520.00) startOffset 0 endOffset 11 width 75.00: "just a text"
      LayoutSVGText {text} at (998,3503) size 77x22 contains 1 chunk(s)
        LayoutSVGInlineText {#text} at (998,3503) size 77x22
          chunk 1 text run 1 at (1000.00,3520.00) startOffset 0 endOffset 11 width 75.00: "just a text"
      LayoutSVGText {text} at (1098,3503) size 77x22 contains 1 chunk(s)
        LayoutSVGInlineText {#text} at (1098,3503) size 77x22
          chunk 1 text run 1 at (1100.00,3520.00) startOffset 0 endOffset 11 width 75.00: "just a text"
      LayoutSVGText {text} at (1198,3503) size 77x22 contains 1 chunk(s)
        LayoutSVGInlineText {#text} at (1198,3503) size 77x22
          chunk 1 text run 1 at (1200.00,3520.00) startOffset 0 endOffset 11 width 75.00: "just a text"
      LayoutSVGText {text} at (1298,3503) size 77x22 contains 1 chunk(s)
        LayoutSVGInlineText {#text} at (1298,3503) size 77x22
          chunk 1 text run 1 at (1300.00,3520.00) startOffset 0 endOffset 11 width 75.00: "just a text"
      LayoutSVGText {text} at (1398,3503) size 77x22 contains 1 chunk(s)
        LayoutSVGInlineText {#text} at (1398,3503) size 77x22
          chunk 1 text run 1 at (1400.00,3520.00) startOffset 0 endOffset 11 width 75.00: "just a text"
      LayoutSVGText {text} at (1498,3503) size 77x22 contains 1 chunk(s)
        LayoutSVGInlineText {#text} at (1498,3503) size 77x22
          chunk 1 text run 1 at (1500.00,3520.00) startOffset 0 endOffset 11 width 75.00: "just a text"
      LayoutSVGText {text} at (1598,3503) size 77x22 contains 1 chunk(s)
        LayoutSVGInlineText {#text} at (1598,3503) size 77x22
          chunk 1 text run 1 at (1600.00,3520.00) startOffset 0 endOffset 11 width 75.00: "just a text"
      LayoutSVGText {text} at (1698,3503) size 77x22 contains 1 chunk(s)
        LayoutSVGInlineText {#text} at (1698,3503) size 77x22
          chunk 1 text run 1 at (1700.00,3520.00) startOffset 0 endOffset 11 width 75.00: "just a text"
      LayoutSVGText {text} at (1798,3503) size 77x22 contains 1 chunk(s)
        LayoutSVGInlineText {#text} at (1798,3503) size 77x22
          chunk 1 text run 1 at (1800.00,3520.00) startOffset 0 endOffset 11 width 75.00: "just a text"
      LayoutSVGText {text} at (1898,3503) size 77x22 contains 1 chunk(s)
        LayoutSVGInlineText {#text} at (1898,3503) size 77x22
          chunk 1 text run 1 at (1900.00,3520.00) startOffset 0 endOffset 11 width 75.00: "just a text"
      LayoutSVGText {text} at (1998,3503) size 77x22 contains 1 chunk(s)
        LayoutSVGInlineText {#text} at (1998,3503) size 77x22
          chunk 1 text run 1 at (2000.00,3520.00) startOffset 0 endOffset 11 width 75.00: "just a text"
      LayoutSVGText {text} at (2098,3503) size 77x22 contains 1 chunk(s)
        LayoutSVGInlineText {#text} at (2098,3503) size 77x22
          chunk 1 text run 1 at (2100.00,3520.00) startOffset 0 endOffset 11 width 75.00: "just a text"
      LayoutSVGText {text} at (2198,3503) size 77x22 contains 1 chunk(s)
        LayoutSVGInlineText {#text} at (2198,3503) size 77x22
          chunk 1 text run 1 at (2200.00,3520.00) startOffset 0 endOffset 11 width 75.00: "just a text"
      LayoutSVGText {text} at (2298,3503) size 77x22 contains 1 chunk(s)
        LayoutSVGInlineText {#text} at (2298,3503) size 77x22
          chunk 1 text run 1 at (2300.00,3520.00) startOffset 0 endOffset 11 width 75.00: "just a text"
      LayoutSVGText {text} at (2398,3503) size 77x22 contains 1 chunk(s)
        LayoutSVGInlineText {#text} at (2398,3503) size 77x22
          chunk 1 text run 1 at (2400.00,3520.00) startOffset 0 endOffset 11 width 75.00: "just a text"
      LayoutSVGText {text} at (2498,3503) size 77x22 contains 1 chunk(s)
        LayoutSVGInlineText {#text} at (2498,3503) size 77x22
          chunk 1 text run 1 at (2500.00,3520.00) startOffset 0 endOffset 11 width 75.00: "just a text"
      LayoutSVGText {text} at (2598,3503) size 77x22 contains 1 chunk(s)
        LayoutSVGInlineText {#text} at (2598,3503) size 77x22
          chunk 1 text run 1 at (2600.00,3520.00) startOffset 0 endOffset 11 width 75.00: "just a text"
      LayoutSVGText {text} at (2698,3503) size 77x22 contains 1 chunk(s)
        LayoutSVGInlineText {#text} at (2698,3503) size 77x22
          chunk 1 text run 1 at (2700.00,3520.00) startOffset 0 endOffset 11 width 75.00: "just a text"
      LayoutSVGText {text} at (2798,3503) size 77x22 contains 1 chunk(s)
        LayoutSVGInlineText {#text} at (2798,3503) size 77x22
          chunk 1 text run 1 at (2800.00,3520.00) startOffset 0 endOffset 11 width 75.00: "just a text"
      LayoutSVGText {text} at (2898,3503) size 77x22 contains 1 chunk(s)
        LayoutSVGInlineText {#text} at (2898,3503) size 77x22
          chunk 1 text run 1 at (2900.00,3520.00) startOffset 0 endOffset 11 width 75.00: "just a text"
      LayoutSVGText {text} at (2998,3503) size 77x22 contains 1 chunk(s)
        LayoutSVGInlineText {#text} at (2998,3503) size 77x22
          chunk 1 text run 1 at (3000.00,3520.00) startOffset 0 endOffset 11 width 75.00: "just a text"
      LayoutSVGText {text} at (3098,3503) size 77x22 contains 1 chunk(s)
        LayoutSVGInlineText {#text} at (3098,3503) size 77x22
          chunk 1 text run 1 at (3100.00,3520.00) startOffset 0 endOffset 11 width 75.00: "just a text"
      LayoutSVGText {text} at (3198,3503) size 77x22 contains 1 chunk(s)
        LayoutSVGInlineText {#text} at (3198,3503) size 77x22
          chunk 1 text run 1 at (3200.00,3520.00) startOffset 0 endOffset 11 width 75.00: "just a text"
      LayoutSVGText {text} at (3298,3503) size 77x22 contains 1 chunk(s)
        LayoutSVGInlineText {#text} at (3298,3503) size 77x22
          chunk 1 text run 1 at (3300.00,3520.00) startOffset 0 endOffset 11 width 75.00: "just a text"
      LayoutSVGText {text} at (3398,3503) size 77x22 contains 1 chunk(s)
        LayoutSVGInlineText {#text} at (3398,3503) size 77x22
          chunk 1 text run 1 at (3400.00,3520.00) startOffset 0 endOffset 11 width 75.00: "just a text"
      LayoutSVGText {text} at (3498,3503) size 77x22 contains 1 chunk(s)
        LayoutSVGInlineText {#text} at (3498,3503) size 77x22
          chunk 1 text run 1 at (3500.00,3520.00) startOffset 0 endOffset 11 width 75.00: "just a text"
      LayoutSVGText {text} at (3598,3503) size 77x22 contains 1 chunk(s)
        LayoutSVGInlineText {#text} at (3598,3503) size 77x22
          chunk 1 text run 1 at (3600.00,3520.00) startOffset 0 endOffset 11 width 75.00: "just a text"
      LayoutSVGText {text} at (3698,3503) size 77x22 contains 1 chunk(s)
        LayoutSVGInlineText {#text} at (3698,3503) size 77x22
          chunk 1 text run 1 at (3700.00,3520.00) startOffset 0 endOffset 11 width 75.00: "just a text"
      LayoutSVGText {text} at (3798,3503) size 77x22 contains 1 chunk(s)
        LayoutSVGInlineText {#text} at (3798,3503) size 77x22
          chunk 1 text run 1 at (3800.00,3520.00) startOffset 0 endOffset 11 width 75.00: "just a text"
      LayoutSVGText {text} at (3898,3503) size 77x22 contains 1 chunk(s)
        LayoutSVGInlineText {#text} at (3898,3503) size 77x22
          chunk 1 text run 1 at (3900.00,3520.00) startOffset 0 endOffset 11 width 75.00: "just a text"
      LayoutSVGText {text} at (3998,3503) size 77x22 contains 1 chunk(s)
        LayoutSVGInlineText {#text} at (3998,3503) size 77x22
          chunk 1 text run 1 at (4000.00,3520.00) startOffset 0 endOffset 11 width 75.00: "just a text"
      LayoutSVGText {text} at (4098,3503) size 77x22 contains 1 chunk(s)
        LayoutSVGInlineText {#text} at (4098,3503) size 77x22
          chunk 1 text run 1 at (4100.00,3520.00) startOffset 0 endOffset 11 width 75.00: "just a text"
      LayoutSVGText {text} at (4198,3503) size 77x22 contains 1 chunk(s)
        LayoutSVGInlineText {#text} at (4198,3503) size 77x22
          chunk 1 text run 1 at (4200.00,3520.00) startOffset 0 endOffset 11 width 75.00: "just a text"
      LayoutSVGText {text} at (4298,3503) size 77x22 contains 1 chunk(s)
        LayoutSVGInlineText {#text} at (4298,3503) size 77x22
          chunk 1 text run 1 at (4300.00,3520.00) startOffset 0 endOffset 11 width 75.00: "just a text"
      LayoutSVGText {text} at (4398,3503) size 77x22 contains 1 chunk(s)
        LayoutSVGInlineText {#text} at (4398,3503) size 77x22
          chunk 1 text run 1 at (4400.00,3520.00) startOffset 0 endOffset 11 width 75.00: "just a text"
      LayoutSVGText {text} at (4498,3503) size 77x22 contains 1 chunk(s)
        LayoutSVGInlineText {#text} at (4498,3503) size 77x22
          chunk 1 text run 1 at (4500.00,3520.00) startOffset 0 endOffset 11 width 75.00: "just a text"
      LayoutSVGText {text} at (4598,3503) size 77x22 contains 1 chunk(s)
        LayoutSVGInlineText {#text} at (4598,3503) size 77x22
          chunk 1 text run 1 at (4600.00,3520.00) startOffset 0 endOffset 11 width 75.00: "just a text"
      LayoutSVGText {text} at (4698,3503) size 77x22 contains 1 chunk(s)
        LayoutSVGInlineText {#text} at (4698,3503) size 77x22
          chunk 1 text run 1 at (4700.00,3520.00) startOffset 0 endOffset 11 width 75.00: "just a text"
      LayoutSVGText {text} at (4798,3503) size 77x22 contains 1 chunk(s)
        LayoutSVGInlineText {#text} at (4798,3503) size 77x22
          chunk 1 text run 1 at (4800.00,3520.00) startOffset 0 endOffset 11 width 75.00: "just a text"
      LayoutSVGText {text} at (4898,3503) size 77x22 contains 1 chunk(s)
        LayoutSVGInlineText {#text} at (4898,3503) size 77x22
          chunk 1 text run 1 at (4900.00,3520.00) startOffset 0 endOffset 11 width 75.00: "just a text"
      LayoutSVGText {text} at (-2,3603) size 77x22 contains 1 chunk(s)
        LayoutSVGInlineText {#text} at (-2,3603) size 77x22
          chunk 1 text run 1 at (0.00,3620.00) startOffset 0 endOffset 11 width 75.00: "just a text"
      LayoutSVGText {text} at (98,3603) size 77x22 contains 1 chunk(s)
        LayoutSVGInlineText {#text} at (98,3603) size 77x22
          chunk 1 text run 1 at (100.00,3620.00) startOffset 0 endOffset 11 width 75.00: "just a text"
      LayoutSVGText {text} at (198,3603) size 77x22 contains 1 chunk(s)
        LayoutSVGInlineText {#text} at (198,3603) size 77x22
          chunk 1 text run 1 at (200.00,3620.00) startOffset 0 endOffset 11 width 75.00: "just a text"
      LayoutSVGText {text} at (298,3603) size 77x22 contains 1 chunk(s)
        LayoutSVGInlineText {#text} at (298,3603) size 77x22
          chunk 1 text run 1 at (300.00,3620.00) startOffset 0 endOffset 11 width 75.00: "just a text"
      LayoutSVGText {text} at (398,3603) size 77x22 contains 1 chunk(s)
        LayoutSVGInlineText {#text} at (398,3603) size 77x22
          chunk 1 text run 1 at (400.00,3620.00) startOffset 0 endOffset 11 width 75.00: "just a text"
      LayoutSVGText {text} at (498,3603) size 77x22 contains 1 chunk(s)
        LayoutSVGInlineText {#text} at (498,3603) size 77x22
          chunk 1 text run 1 at (500.00,3620.00) startOffset 0 endOffset 11 width 75.00: "just a text"
      LayoutSVGText {text} at (598,3603) size 77x22 contains 1 chunk(s)
        LayoutSVGInlineText {#text} at (598,3603) size 77x22
          chunk 1 text run 1 at (600.00,3620.00) startOffset 0 endOffset 11 width 75.00: "just a text"
      LayoutSVGText {text} at (698,3603) size 77x22 contains 1 chunk(s)
        LayoutSVGInlineText {#text} at (698,3603) size 77x22
          chunk 1 text run 1 at (700.00,3620.00) startOffset 0 endOffset 11 width 75.00: "just a text"
      LayoutSVGText {text} at (798,3603) size 77x22 contains 1 chunk(s)
        LayoutSVGInlineText {#text} at (798,3603) size 77x22
          chunk 1 text run 1 at (800.00,3620.00) startOffset 0 endOffset 11 width 75.00: "just a text"
      LayoutSVGText {text} at (898,3603) size 77x22 contains 1 chunk(s)
        LayoutSVGInlineText {#text} at (898,3603) size 77x22
          chunk 1 text run 1 at (900.00,3620.00) startOffset 0 endOffset 11 width 75.00: "just a text"
      LayoutSVGText {text} at (998,3603) size 77x22 contains 1 chunk(s)
        LayoutSVGInlineText {#text} at (998,3603) size 77x22
          chunk 1 text run 1 at (1000.00,3620.00) startOffset 0 endOffset 11 width 75.00: "just a text"
      LayoutSVGText {text} at (1098,3603) size 77x22 contains 1 chunk(s)
        LayoutSVGInlineText {#text} at (1098,3603) size 77x22
          chunk 1 text run 1 at (1100.00,3620.00) startOffset 0 endOffset 11 width 75.00: "just a text"
      LayoutSVGText {text} at (1198,3603) size 77x22 contains 1 chunk(s)
        LayoutSVGInlineText {#text} at (1198,3603) size 77x22
          chunk 1 text run 1 at (1200.00,3620.00) startOffset 0 endOffset 11 width 75.00: "just a text"
      LayoutSVGText {text} at (1298,3603) size 77x22 contains 1 chunk(s)
        LayoutSVGInlineText {#text} at (1298,3603) size 77x22
          chunk 1 text run 1 at (1300.00,3620.00) startOffset 0 endOffset 11 width 75.00: "just a text"
      LayoutSVGText {text} at (1398,3603) size 77x22 contains 1 chunk(s)
        LayoutSVGInlineText {#text} at (1398,3603) size 77x22
          chunk 1 text run 1 at (1400.00,3620.00) startOffset 0 endOffset 11 width 75.00: "just a text"
      LayoutSVGText {text} at (1498,3603) size 77x22 contains 1 chunk(s)
        LayoutSVGInlineText {#text} at (1498,3603) size 77x22
          chunk 1 text run 1 at (1500.00,3620.00) startOffset 0 endOffset 11 width 75.00: "just a text"
      LayoutSVGText {text} at (1598,3603) size 77x22 contains 1 chunk(s)
        LayoutSVGInlineText {#text} at (1598,3603) size 77x22
          chunk 1 text run 1 at (1600.00,3620.00) startOffset 0 endOffset 11 width 75.00: "just a text"
      LayoutSVGText {text} at (1698,3603) size 77x22 contains 1 chunk(s)
        LayoutSVGInlineText {#text} at (1698,3603) size 77x22
          chunk 1 text run 1 at (1700.00,3620.00) startOffset 0 endOffset 11 width 75.00: "just a text"
      LayoutSVGText {text} at (1798,3603) size 77x22 contains 1 chunk(s)
        LayoutSVGInlineText {#text} at (1798,3603) size 77x22
          chunk 1 text run 1 at (1800.00,3620.00) startOffset 0 endOffset 11 width 75.00: "just a text"
      LayoutSVGText {text} at (1898,3603) size 77x22 contains 1 chunk(s)
        LayoutSVGInlineText {#text} at (1898,3603) size 77x22
          chunk 1 text run 1 at (1900.00,3620.00) startOffset 0 endOffset 11 width 75.00: "just a text"
      LayoutSVGText {text} at (1998,3603) size 77x22 contains 1 chunk(s)
        LayoutSVGInlineText {#text} at (1998,3603) size 77x22
          chunk 1 text run 1 at (2000.00,3620.00) startOffset 0 endOffset 11 width 75.00: "just a text"
      LayoutSVGText {text} at (2098,3603) size 77x22 contains 1 chunk(s)
        LayoutSVGInlineText {#text} at (2098,3603) size 77x22
          chunk 1 text run 1 at (2100.00,3620.00) startOffset 0 endOffset 11 width 75.00: "just a text"
      LayoutSVGText {text} at (2198,3603) size 77x22 contains 1 chunk(s)
        LayoutSVGInlineText {#text} at (2198,3603) size 77x22
          chunk 1 text run 1 at (2200.00,3620.00) startOffset 0 endOffset 11 width 75.00: "just a text"
      LayoutSVGText {text} at (2298,3603) size 77x22 contains 1 chunk(s)
        LayoutSVGInlineText {#text} at (2298,3603) size 77x22
          chunk 1 text run 1 at (2300.00,3620.00) startOffset 0 endOffset 11 width 75.00: "just a text"
      LayoutSVGText {text} at (2398,3603) size 77x22 contains 1 chunk(s)
        LayoutSVGInlineText {#text} at (2398,3603) size 77x22
          chunk 1 text run 1 at (2400.00,3620.00) startOffset 0 endOffset 11 width 75.00: "just a text"
      LayoutSVGText {text} at (2498,3603) size 77x22 contains 1 chunk(s)
        LayoutSVGInlineText {#text} at (2498,3603) size 77x22
          chunk 1 text run 1 at (2500.00,3620.00) startOffset 0 endOffset 11 width 75.00: "just a text"
      LayoutSVGText {text} at (2598,3603) size 77x22 contains 1 chunk(s)
        LayoutSVGInlineText {#text} at (2598,3603) size 77x22
          chunk 1 text run 1 at (2600.00,3620.00) startOffset 0 endOffset 11 width 75.00: "just a text"
      LayoutSVGText {text} at (2698,3603) size 77x22 contains 1 chunk(s)
        LayoutSVGInlineText {#text} at (2698,3603) size 77x22
          chunk 1 text run 1 at (2700.00,3620.00) startOffset 0 endOffset 11 width 75.00: "just a text"
      LayoutSVGText {text} at (2798,3603) size 77x22 contains 1 chunk(s)
        LayoutSVGInlineText {#text} at (2798,3603) size 77x22
          chunk 1 text run 1 at (2800.00,3620.00) startOffset 0 endOffset 11 width 75.00: "just a text"
      LayoutSVGText {text} at (2898,3603) size 77x22 contains 1 chunk(s)
        LayoutSVGInlineText {#text} at (2898,3603) size 77x22
          chunk 1 text run 1 at (2900.00,3620.00) startOffset 0 endOffset 11 width 75.00: "just a text"
      LayoutSVGText {text} at (2998,3603) size 77x22 contains 1 chunk(s)
        LayoutSVGInlineText {#text} at (2998,3603) size 77x22
          chunk 1 text run 1 at (3000.00,3620.00) startOffset 0 endOffset 11 width 75.00: "just a text"
      LayoutSVGText {text} at (3098,3603) size 77x22 contains 1 chunk(s)
        LayoutSVGInlineText {#text} at (3098,3603) size 77x22
          chunk 1 text run 1 at (3100.00,3620.00) startOffset 0 endOffset 11 width 75.00: "just a text"
      LayoutSVGText {text} at (3198,3603) size 77x22 contains 1 chunk(s)
        LayoutSVGInlineText {#text} at (3198,3603) size 77x22
          chunk 1 text run 1 at (3200.00,3620.00) startOffset 0 endOffset 11 width 75.00: "just a text"
      LayoutSVGText {text} at (3298,3603) size 77x22 contains 1 chunk(s)
        LayoutSVGInlineText {#text} at (3298,3603) size 77x22
          chunk 1 text run 1 at (3300.00,3620.00) startOffset 0 endOffset 11 width 75.00: "just a text"
      LayoutSVGText {text} at (3398,3603) size 77x22 contains 1 chunk(s)
        LayoutSVGInlineText {#text} at (3398,3603) size 77x22
          chunk 1 text run 1 at (3400.00,3620.00) startOffset 0 endOffset 11 width 75.00: "just a text"
      LayoutSVGText {text} at (3498,3603) size 77x22 contains 1 chunk(s)
        LayoutSVGInlineText {#text} at (3498,3603) size 77x22
          chunk 1 text run 1 at (3500.00,3620.00) startOffset 0 endOffset 11 width 75.00: "just a text"
      LayoutSVGText {text} at (3598,3603) size 77x22 contains 1 chunk(s)
        LayoutSVGInlineText {#text} at (3598,3603) size 77x22
          chunk 1 text run 1 at (3600.00,3620.00) startOffset 0 endOffset 11 width 75.00: "just a text"
      LayoutSVGText {text} at (3698,3603) size 77x22 contains 1 chunk(s)
        LayoutSVGInlineText {#text} at (3698,3603) size 77x22
          chunk 1 text run 1 at (3700.00,3620.00) startOffset 0 endOffset 11 width 75.00: "just a text"
      LayoutSVGText {text} at (3798,3603) size 77x22 contains 1 chunk(s)
        LayoutSVGInlineText {#text} at (3798,3603) size 77x22
          chunk 1 text run 1 at (3800.00,3620.00) startOffset 0 endOffset 11 width 75.00: "just a text"
      LayoutSVGText {text} at (3898,3603) size 77x22 contains 1 chunk(s)
        LayoutSVGInlineText {#text} at (3898,3603) size 77x22
          chunk 1 text run 1 at (3900.00,3620.00) startOffset 0 endOffset 11 width 75.00: "just a text"
      LayoutSVGText {text} at (3998,3603) size 77x22 contains 1 chunk(s)
        LayoutSVGInlineText {#text} at (3998,3603) size 77x22
          chunk 1 text run 1 at (4000.00,3620.00) startOffset 0 endOffset 11 width 75.00: "just a text"
      LayoutSVGText {text} at (4098,3603) size 77x22 contains 1 chunk(s)
        LayoutSVGInlineText {#text} at (4098,3603) size 77x22
          chunk 1 text run 1 at (4100.00,3620.00) startOffset 0 endOffset 11 width 75.00: "just a text"
      LayoutSVGText {text} at (4198,3603) size 77x22 contains 1 chunk(s)
        LayoutSVGInlineText {#text} at (4198,3603) size 77x22
          chunk 1 text run 1 at (4200.00,3620.00) startOffset 0 endOffset 11 width 75.00: "just a text"
      LayoutSVGText {text} at (4298,3603) size 77x22 contains 1 chunk(s)
        LayoutSVGInlineText {#text} at (4298,3603) size 77x22
          chunk 1 text run 1 at (4300.00,3620.00) startOffset 0 endOffset 11 width 75.00: "just a text"
      LayoutSVGText {text} at (4398,3603) size 77x22 contains 1 chunk(s)
        LayoutSVGInlineText {#text} at (4398,3603) size 77x22
          chunk 1 text run 1 at (4400.00,3620.00) startOffset 0 endOffset 11 width 75.00: "just a text"
      LayoutSVGText {text} at (4498,3603) size 77x22 contains 1 chunk(s)
        LayoutSVGInlineText {#text} at (4498,3603) size 77x22
          chunk 1 text run 1 at (4500.00,3620.00) startOffset 0 endOffset 11 width 75.00: "just a text"
      LayoutSVGText {text} at (4598,3603) size 77x22 contains 1 chunk(s)
        LayoutSVGInlineText {#text} at (4598,3603) size 77x22
          chunk 1 text run 1 at (4600.00,3620.00) startOffset 0 endOffset 11 width 75.00: "just a text"
      LayoutSVGText {text} at (4698,3603) size 77x22 contains 1 chunk(s)
        LayoutSVGInlineText {#text} at (4698,3603) size 77x22
          chunk 1 text run 1 at (4700.00,3620.00) startOffset 0 endOffset 11 width 75.00: "just a text"
      LayoutSVGText {text} at (4798,3603) size 77x22 contains 1 chunk(s)
        LayoutSVGInlineText {#text} at (4798,3603) size 77x22
          chunk 1 text run 1 at (4800.00,3620.00) startOffset 0 endOffset 11 width 75.00: "just a text"
      LayoutSVGText {text} at (4898,3603) size 77x22 contains 1 chunk(s)
        LayoutSVGInlineText {#text} at (4898,3603) size 77x22
          chunk 1 text run 1 at (4900.00,3620.00) startOffset 0 endOffset 11 width 75.00: "just a text"
      LayoutSVGText {text} at (-2,3703) size 77x22 contains 1 chunk(s)
        LayoutSVGInlineText {#text} at (-2,3703) size 77x22
          chunk 1 text run 1 at (0.00,3720.00) startOffset 0 endOffset 11 width 75.00: "just a text"
      LayoutSVGText {text} at (98,3703) size 77x22 contains 1 chunk(s)
        LayoutSVGInlineText {#text} at (98,3703) size 77x22
          chunk 1 text run 1 at (100.00,3720.00) startOffset 0 endOffset 11 width 75.00: "just a text"
      LayoutSVGText {text} at (198,3703) size 77x22 contains 1 chunk(s)
        LayoutSVGInlineText {#text} at (198,3703) size 77x22
          chunk 1 text run 1 at (200.00,3720.00) startOffset 0 endOffset 11 width 75.00: "just a text"
      LayoutSVGText {text} at (298,3703) size 77x22 contains 1 chunk(s)
        LayoutSVGInlineText {#text} at (298,3703) size 77x22
          chunk 1 text run 1 at (300.00,3720.00) startOffset 0 endOffset 11 width 75.00: "just a text"
      LayoutSVGText {text} at (398,3703) size 77x22 contains 1 chunk(s)
        LayoutSVGInlineText {#text} at (398,3703) size 77x22
          chunk 1 text run 1 at (400.00,3720.00) startOffset 0 endOffset 11 width 75.00: "just a text"
      LayoutSVGText {text} at (498,3703) size 77x22 contains 1 chunk(s)
        LayoutSVGInlineText {#text} at (498,3703) size 77x22
          chunk 1 text run 1 at (500.00,3720.00) startOffset 0 endOffset 11 width 75.00: "just a text"
      LayoutSVGText {text} at (598,3703) size 77x22 contains 1 chunk(s)
        LayoutSVGInlineText {#text} at (598,3703) size 77x22
          chunk 1 text run 1 at (600.00,3720.00) startOffset 0 endOffset 11 width 75.00: "just a text"
      LayoutSVGText {text} at (698,3703) size 77x22 contains 1 chunk(s)
        LayoutSVGInlineText {#text} at (698,3703) size 77x22
          chunk 1 text run 1 at (700.00,3720.00) startOffset 0 endOffset 11 width 75.00: "just a text"
      LayoutSVGText {text} at (798,3703) size 77x22 contains 1 chunk(s)
        LayoutSVGInlineText {#text} at (798,3703) size 77x22
          chunk 1 text run 1 at (800.00,3720.00) startOffset 0 endOffset 11 width 75.00: "just a text"
      LayoutSVGText {text} at (898,3703) size 77x22 contains 1 chunk(s)
        LayoutSVGInlineText {#text} at (898,3703) size 77x22
          chunk 1 text run 1 at (900.00,3720.00) startOffset 0 endOffset 11 width 75.00: "just a text"
      LayoutSVGText {text} at (998,3703) size 77x22 contains 1 chunk(s)
        LayoutSVGInlineText {#text} at (998,3703) size 77x22
          chunk 1 text run 1 at (1000.00,3720.00) startOffset 0 endOffset 11 width 75.00: "just a text"
      LayoutSVGText {text} at (1098,3703) size 77x22 contains 1 chunk(s)
        LayoutSVGInlineText {#text} at (1098,3703) size 77x22
          chunk 1 text run 1 at (1100.00,3720.00) startOffset 0 endOffset 11 width 75.00: "just a text"
      LayoutSVGText {text} at (1198,3703) size 77x22 contains 1 chunk(s)
        LayoutSVGInlineText {#text} at (1198,3703) size 77x22
          chunk 1 text run 1 at (1200.00,3720.00) startOffset 0 endOffset 11 width 75.00: "just a text"
      LayoutSVGText {text} at (1298,3703) size 77x22 contains 1 chunk(s)
        LayoutSVGInlineText {#text} at (1298,3703) size 77x22
          chunk 1 text run 1 at (1300.00,3720.00) startOffset 0 endOffset 11 width 75.00: "just a text"
      LayoutSVGText {text} at (1398,3703) size 77x22 contains 1 chunk(s)
        LayoutSVGInlineText {#text} at (1398,3703) size 77x22
          chunk 1 text run 1 at (1400.00,3720.00) startOffset 0 endOffset 11 width 75.00: "just a text"
      LayoutSVGText {text} at (1498,3703) size 77x22 contains 1 chunk(s)
        LayoutSVGInlineText {#text} at (1498,3703) size 77x22
          chunk 1 text run 1 at (1500.00,3720.00) startOffset 0 endOffset 11 width 75.00: "just a text"
      LayoutSVGText {text} at (1598,3703) size 77x22 contains 1 chunk(s)
        LayoutSVGInlineText {#text} at (1598,3703) size 77x22
          chunk 1 text run 1 at (1600.00,3720.00) startOffset 0 endOffset 11 width 75.00: "just a text"
      LayoutSVGText {text} at (1698,3703) size 77x22 contains 1 chunk(s)
        LayoutSVGInlineText {#text} at (1698,3703) size 77x22
          chunk 1 text run 1 at (1700.00,3720.00) startOffset 0 endOffset 11 width 75.00: "just a text"
      LayoutSVGText {text} at (1798,3703) size 77x22 contains 1 chunk(s)
        LayoutSVGInlineText {#text} at (1798,3703) size 77x22
          chunk 1 text run 1 at (1800.00,3720.00) startOffset 0 endOffset 11 width 75.00: "just a text"
      LayoutSVGText {text} at (1898,3703) size 77x22 contains 1 chunk(s)
        LayoutSVGInlineText {#text} at (1898,3703) size 77x22
          chunk 1 text run 1 at (1900.00,3720.00) startOffset 0 endOffset 11 width 75.00: "just a text"
      LayoutSVGText {text} at (1998,3703) size 77x22 contains 1 chunk(s)
        LayoutSVGInlineText {#text} at (1998,3703) size 77x22
          chunk 1 text run 1 at (2000.00,3720.00) startOffset 0 endOffset 11 width 75.00: "just a text"
      LayoutSVGText {text} at (2098,3703) size 77x22 contains 1 chunk(s)
        LayoutSVGInlineText {#text} at (2098,3703) size 77x22
          chunk 1 text run 1 at (2100.00,3720.00) startOffset 0 endOffset 11 width 75.00: "just a text"
      LayoutSVGText {text} at (2198,3703) size 77x22 contains 1 chunk(s)
        LayoutSVGInlineText {#text} at (2198,3703) size 77x22
          chunk 1 text run 1 at (2200.00,3720.00) startOffset 0 endOffset 11 width 75.00: "just a text"
      LayoutSVGText {text} at (2298,3703) size 77x22 contains 1 chunk(s)
        LayoutSVGInlineText {#text} at (2298,3703) size 77x22
          chunk 1 text run 1 at (2300.00,3720.00) startOffset 0 endOffset 11 width 75.00: "just a text"
      LayoutSVGText {text} at (2398,3703) size 77x22 contains 1 chunk(s)
        LayoutSVGInlineText {#text} at (2398,3703) size 77x22
          chunk 1 text run 1 at (2400.00,3720.00) startOffset 0 endOffset 11 width 75.00: "just a text"
      LayoutSVGText {text} at (2498,3703) size 77x22 contains 1 chunk(s)
        LayoutSVGInlineText {#text} at (2498,3703) size 77x22
          chunk 1 text run 1 at (2500.00,3720.00) startOffset 0 endOffset 11 width 75.00: "just a text"
      LayoutSVGText {text} at (2598,3703) size 77x22 contains 1 chunk(s)
        LayoutSVGInlineText {#text} at (2598,3703) size 77x22
          chunk 1 text run 1 at (2600.00,3720.00) startOffset 0 endOffset 11 width 75.00: "just a text"
      LayoutSVGText {text} at (2698,3703) size 77x22 contains 1 chunk(s)
        LayoutSVGInlineText {#text} at (2698,3703) size 77x22
          chunk 1 text run 1 at (2700.00,3720.00) startOffset 0 endOffset 11 width 75.00: "just a text"
      LayoutSVGText {text} at (2798,3703) size 77x22 contains 1 chunk(s)
        LayoutSVGInlineText {#text} at (2798,3703) size 77x22
          chunk 1 text run 1 at (2800.00,3720.00) startOffset 0 endOffset 11 width 75.00: "just a text"
      LayoutSVGText {text} at (2898,3703) size 77x22 contains 1 chunk(s)
        LayoutSVGInlineText {#text} at (2898,3703) size 77x22
          chunk 1 text run 1 at (2900.00,3720.00) startOffset 0 endOffset 11 width 75.00: "just a text"
      LayoutSVGText {text} at (2998,3703) size 77x22 contains 1 chunk(s)
        LayoutSVGInlineText {#text} at (2998,3703) size 77x22
          chunk 1 text run 1 at (3000.00,3720.00) startOffset 0 endOffset 11 width 75.00: "just a text"
      LayoutSVGText {text} at (3098,3703) size 77x22 contains 1 chunk(s)
        LayoutSVGInlineText {#text} at (3098,3703) size 77x22
          chunk 1 text run 1 at (3100.00,3720.00) startOffset 0 endOffset 11 width 75.00: "just a text"
      LayoutSVGText {text} at (3198,3703) size 77x22 contains 1 chunk(s)
        LayoutSVGInlineText {#text} at (3198,3703) size 77x22
          chunk 1 text run 1 at (3200.00,3720.00) startOffset 0 endOffset 11 width 75.00: "just a text"
      LayoutSVGText {text} at (3298,3703) size 77x22 contains 1 chunk(s)
        LayoutSVGInlineText {#text} at (3298,3703) size 77x22
          chunk 1 text run 1 at (3300.00,3720.00) startOffset 0 endOffset 11 width 75.00: "just a text"
      LayoutSVGText {text} at (3398,3703) size 77x22 contains 1 chunk(s)
        LayoutSVGInlineText {#text} at (3398,3703) size 77x22
          chunk 1 text run 1 at (3400.00,3720.00) startOffset 0 endOffset 11 width 75.00: "just a text"
      LayoutSVGText {text} at (3498,3703) size 77x22 contains 1 chunk(s)
        LayoutSVGInlineText {#text} at (3498,3703) size 77x22
          chunk 1 text run 1 at (3500.00,3720.00) startOffset 0 endOffset 11 width 75.00: "just a text"
      LayoutSVGText {text} at (3598,3703) size 77x22 contains 1 chunk(s)
        LayoutSVGInlineText {#text} at (3598,3703) size 77x22
          chunk 1 text run 1 at (3600.00,3720.00) startOffset 0 endOffset 11 width 75.00: "just a text"
      LayoutSVGText {text} at (3698,3703) size 77x22 contains 1 chunk(s)
        LayoutSVGInlineText {#text} at (3698,3703) size 77x22
          chunk 1 text run 1 at (3700.00,3720.00) startOffset 0 endOffset 11 width 75.00: "just a text"
      LayoutSVGText {text} at (3798,3703) size 77x22 contains 1 chunk(s)
        LayoutSVGInlineText {#text} at (3798,3703) size 77x22
          chunk 1 text run 1 at (3800.00,3720.00) startOffset 0 endOffset 11 width 75.00: "just a text"
      LayoutSVGText {text} at (3898,3703) size 77x22 contains 1 chunk(s)
        LayoutSVGInlineText {#text} at (3898,3703) size 77x22
          chunk 1 text run 1 at (3900.00,3720.00) startOffset 0 endOffset 11 width 75.00: "just a text"
      LayoutSVGText {text} at (3998,3703) size 77x22 contains 1 chunk(s)
        LayoutSVGInlineText {#text} at (3998,3703) size 77x22
          chunk 1 text run 1 at (4000.00,3720.00) startOffset 0 endOffset 11 width 75.00: "just a text"
      LayoutSVGText {text} at (4098,3703) size 77x22 contains 1 chunk(s)
        LayoutSVGInlineText {#text} at (4098,3703) size 77x22
          chunk 1 text run 1 at (4100.00,3720.00) startOffset 0 endOffset 11 width 75.00: "just a text"
      LayoutSVGText {text} at (4198,3703) size 77x22 contains 1 chunk(s)
        LayoutSVGInlineText {#text} at (4198,3703) size 77x22
          chunk 1 text run 1 at (4200.00,3720.00) startOffset 0 endOffset 11 width 75.00: "just a text"
      LayoutSVGText {text} at (4298,3703) size 77x22 contains 1 chunk(s)
        LayoutSVGInlineText {#text} at (4298,3703) size 77x22
          chunk 1 text run 1 at (4300.00,3720.00) startOffset 0 endOffset 11 width 75.00: "just a text"
      LayoutSVGText {text} at (4398,3703) size 77x22 contains 1 chunk(s)
        LayoutSVGInlineText {#text} at (4398,3703) size 77x22
          chunk 1 text run 1 at (4400.00,3720.00) startOffset 0 endOffset 11 width 75.00: "just a text"
      LayoutSVGText {text} at (4498,3703) size 77x22 contains 1 chunk(s)
        LayoutSVGInlineText {#text} at (4498,3703) size 77x22
          chunk 1 text run 1 at (4500.00,3720.00) startOffset 0 endOffset 11 width 75.00: "just a text"
      LayoutSVGText {text} at (4598,3703) size 77x22 contains 1 chunk(s)
        LayoutSVGInlineText {#text} at (4598,3703) size 77x22
          chunk 1 text run 1 at (4600.00,3720.00) startOffset 0 endOffset 11 width 75.00: "just a text"
      LayoutSVGText {text} at (4698,3703) size 77x22 contains 1 chunk(s)
        LayoutSVGInlineText {#text} at (4698,3703) size 77x22
          chunk 1 text run 1 at (4700.00,3720.00) startOffset 0 endOffset 11 width 75.00: "just a text"
      LayoutSVGText {text} at (4798,3703) size 77x22 contains 1 chunk(s)
        LayoutSVGInlineText {#text} at (4798,3703) size 77x22
          chunk 1 text run 1 at (4800.00,3720.00) startOffset 0 endOffset 11 width 75.00: "just a text"
      LayoutSVGText {text} at (4898,3703) size 77x22 contains 1 chunk(s)
        LayoutSVGInlineText {#text} at (4898,3703) size 77x22
          chunk 1 text run 1 at (4900.00,3720.00) startOffset 0 endOffset 11 width 75.00: "just a text"
      LayoutSVGText {text} at (-2,3803) size 77x22 contains 1 chunk(s)
        LayoutSVGInlineText {#text} at (-2,3803) size 77x22
          chunk 1 text run 1 at (0.00,3820.00) startOffset 0 endOffset 11 width 75.00: "just a text"
      LayoutSVGText {text} at (98,3803) size 77x22 contains 1 chunk(s)
        LayoutSVGInlineText {#text} at (98,3803) size 77x22
          chunk 1 text run 1 at (100.00,3820.00) startOffset 0 endOffset 11 width 75.00: "just a text"
      LayoutSVGText {text} at (198,3803) size 77x22 contains 1 chunk(s)
        LayoutSVGInlineText {#text} at (198,3803) size 77x22
          chunk 1 text run 1 at (200.00,3820.00) startOffset 0 endOffset 11 width 75.00: "just a text"
      LayoutSVGText {text} at (298,3803) size 77x22 contains 1 chunk(s)
        LayoutSVGInlineText {#text} at (298,3803) size 77x22
          chunk 1 text run 1 at (300.00,3820.00) startOffset 0 endOffset 11 width 75.00: "just a text"
      LayoutSVGText {text} at (398,3803) size 77x22 contains 1 chunk(s)
        LayoutSVGInlineText {#text} at (398,3803) size 77x22
          chunk 1 text run 1 at (400.00,3820.00) startOffset 0 endOffset 11 width 75.00: "just a text"
      LayoutSVGText {text} at (498,3803) size 77x22 contains 1 chunk(s)
        LayoutSVGInlineText {#text} at (498,3803) size 77x22
          chunk 1 text run 1 at (500.00,3820.00) startOffset 0 endOffset 11 width 75.00: "just a text"
      LayoutSVGText {text} at (598,3803) size 77x22 contains 1 chunk(s)
        LayoutSVGInlineText {#text} at (598,3803) size 77x22
          chunk 1 text run 1 at (600.00,3820.00) startOffset 0 endOffset 11 width 75.00: "just a text"
      LayoutSVGText {text} at (698,3803) size 77x22 contains 1 chunk(s)
        LayoutSVGInlineText {#text} at (698,3803) size 77x22
          chunk 1 text run 1 at (700.00,3820.00) startOffset 0 endOffset 11 width 75.00: "just a text"
      LayoutSVGText {text} at (798,3803) size 77x22 contains 1 chunk(s)
        LayoutSVGInlineText {#text} at (798,3803) size 77x22
          chunk 1 text run 1 at (800.00,3820.00) startOffset 0 endOffset 11 width 75.00: "just a text"
      LayoutSVGText {text} at (898,3803) size 77x22 contains 1 chunk(s)
        LayoutSVGInlineText {#text} at (898,3803) size 77x22
          chunk 1 text run 1 at (900.00,3820.00) startOffset 0 endOffset 11 width 75.00: "just a text"
      LayoutSVGText {text} at (998,3803) size 77x22 contains 1 chunk(s)
        LayoutSVGInlineText {#text} at (998,3803) size 77x22
          chunk 1 text run 1 at (1000.00,3820.00) startOffset 0 endOffset 11 width 75.00: "just a text"
      LayoutSVGText {text} at (1098,3803) size 77x22 contains 1 chunk(s)
        LayoutSVGInlineText {#text} at (1098,3803) size 77x22
          chunk 1 text run 1 at (1100.00,3820.00) startOffset 0 endOffset 11 width 75.00: "just a text"
      LayoutSVGText {text} at (1198,3803) size 77x22 contains 1 chunk(s)
        LayoutSVGInlineText {#text} at (1198,3803) size 77x22
          chunk 1 text run 1 at (1200.00,3820.00) startOffset 0 endOffset 11 width 75.00: "just a text"
      LayoutSVGText {text} at (1298,3803) size 77x22 contains 1 chunk(s)
        LayoutSVGInlineText {#text} at (1298,3803) size 77x22
          chunk 1 text run 1 at (1300.00,3820.00) startOffset 0 endOffset 11 width 75.00: "just a text"
      LayoutSVGText {text} at (1398,3803) size 77x22 contains 1 chunk(s)
        LayoutSVGInlineText {#text} at (1398,3803) size 77x22
          chunk 1 text run 1 at (1400.00,3820.00) startOffset 0 endOffset 11 width 75.00: "just a text"
      LayoutSVGText {text} at (1498,3803) size 77x22 contains 1 chunk(s)
        LayoutSVGInlineText {#text} at (1498,3803) size 77x22
          chunk 1 text run 1 at (1500.00,3820.00) startOffset 0 endOffset 11 width 75.00: "just a text"
      LayoutSVGText {text} at (1598,3803) size 77x22 contains 1 chunk(s)
        LayoutSVGInlineText {#text} at (1598,3803) size 77x22
          chunk 1 text run 1 at (1600.00,3820.00) startOffset 0 endOffset 11 width 75.00: "just a text"
      LayoutSVGText {text} at (1698,3803) size 77x22 contains 1 chunk(s)
        LayoutSVGInlineText {#text} at (1698,3803) size 77x22
          chunk 1 text run 1 at (1700.00,3820.00) startOffset 0 endOffset 11 width 75.00: "just a text"
      LayoutSVGText {text} at (1798,3803) size 77x22 contains 1 chunk(s)
        LayoutSVGInlineText {#text} at (1798,3803) size 77x22
          chunk 1 text run 1 at (1800.00,3820.00) startOffset 0 endOffset 11 width 75.00: "just a text"
      LayoutSVGText {text} at (1898,3803) size 77x22 contains 1 chunk(s)
        LayoutSVGInlineText {#text} at (1898,3803) size 77x22
          chunk 1 text run 1 at (1900.00,3820.00) startOffset 0 endOffset 11 width 75.00: "just a text"
      LayoutSVGText {text} at (1998,3803) size 77x22 contains 1 chunk(s)
        LayoutSVGInlineText {#text} at (1998,3803) size 77x22
          chunk 1 text run 1 at (2000.00,3820.00) startOffset 0 endOffset 11 width 75.00: "just a text"
      LayoutSVGText {text} at (2098,3803) size 77x22 contains 1 chunk(s)
        LayoutSVGInlineText {#text} at (2098,3803) size 77x22
          chunk 1 text run 1 at (2100.00,3820.00) startOffset 0 endOffset 11 width 75.00: "just a text"
      LayoutSVGText {text} at (2198,3803) size 77x22 contains 1 chunk(s)
        LayoutSVGInlineText {#text} at (2198,3803) size 77x22
          chunk 1 text run 1 at (2200.00,3820.00) startOffset 0 endOffset 11 width 75.00: "just a text"
      LayoutSVGText {text} at (2298,3803) size 77x22 contains 1 chunk(s)
        LayoutSVGInlineText {#text} at (2298,3803) size 77x22
          chunk 1 text run 1 at (2300.00,3820.00) startOffset 0 endOffset 11 width 75.00: "just a text"
      LayoutSVGText {text} at (2398,3803) size 77x22 contains 1 chunk(s)
        LayoutSVGInlineText {#text} at (2398,3803) size 77x22
          chunk 1 text run 1 at (2400.00,3820.00) startOffset 0 endOffset 11 width 75.00: "just a text"
      LayoutSVGText {text} at (2498,3803) size 77x22 contains 1 chunk(s)
        LayoutSVGInlineText {#text} at (2498,3803) size 77x22
          chunk 1 text run 1 at (2500.00,3820.00) startOffset 0 endOffset 11 width 75.00: "just a text"
      LayoutSVGText {text} at (2598,3803) size 77x22 contains 1 chunk(s)
        LayoutSVGInlineText {#text} at (2598,3803) size 77x22
          chunk 1 text run 1 at (2600.00,3820.00) startOffset 0 endOffset 11 width 75.00: "just a text"
      LayoutSVGText {text} at (2698,3803) size 77x22 contains 1 chunk(s)
        LayoutSVGInlineText {#text} at (2698,3803) size 77x22
          chunk 1 text run 1 at (2700.00,3820.00) startOffset 0 endOffset 11 width 75.00: "just a text"
      LayoutSVGText {text} at (2798,3803) size 77x22 contains 1 chunk(s)
        LayoutSVGInlineText {#text} at (2798,3803) size 77x22
          chunk 1 text run 1 at (2800.00,3820.00) startOffset 0 endOffset 11 width 75.00: "just a text"
      LayoutSVGText {text} at (2898,3803) size 77x22 contains 1 chunk(s)
        LayoutSVGInlineText {#text} at (2898,3803) size 77x22
          chunk 1 text run 1 at (2900.00,3820.00) startOffset 0 endOffset 11 width 75.00: "just a text"
      LayoutSVGText {text} at (2998,3803) size 77x22 contains 1 chunk(s)
        LayoutSVGInlineText {#text} at (2998,3803) size 77x22
          chunk 1 text run 1 at (3000.00,3820.00) startOffset 0 endOffset 11 width 75.00: "just a text"
      LayoutSVGText {text} at (3098,3803) size 77x22 contains 1 chunk(s)
        LayoutSVGInlineText {#text} at (3098,3803) size 77x22
          chunk 1 text run 1 at (3100.00,3820.00) startOffset 0 endOffset 11 width 75.00: "just a text"
      LayoutSVGText {text} at (3198,3803) size 77x22 contains 1 chunk(s)
        LayoutSVGInlineText {#text} at (3198,3803) size 77x22
          chunk 1 text run 1 at (3200.00,3820.00) startOffset 0 endOffset 11 width 75.00: "just a text"
      LayoutSVGText {text} at (3298,3803) size 77x22 contains 1 chunk(s)
        LayoutSVGInlineText {#text} at (3298,3803) size 77x22
          chunk 1 text run 1 at (3300.00,3820.00) startOffset 0 endOffset 11 width 75.00: "just a text"
      LayoutSVGText {text} at (3398,3803) size 77x22 contains 1 chunk(s)
        LayoutSVGInlineText {#text} at (3398,3803) size 77x22
          chunk 1 text run 1 at (3400.00,3820.00) startOffset 0 endOffset 11 width 75.00: "just a text"
      LayoutSVGText {text} at (3498,3803) size 77x22 contains 1 chunk(s)
        LayoutSVGInlineText {#text} at (3498,3803) size 77x22
          chunk 1 text run 1 at (3500.00,3820.00) startOffset 0 endOffset 11 width 75.00: "just a text"
      LayoutSVGText {text} at (3598,3803) size 77x22 contains 1 chunk(s)
        LayoutSVGInlineText {#text} at (3598,3803) size 77x22
          chunk 1 text run 1 at (3600.00,3820.00) startOffset 0 endOffset 11 width 75.00: "just a text"
      LayoutSVGText {text} at (3698,3803) size 77x22 contains 1 chunk(s)
        LayoutSVGInlineText {#text} at (3698,3803) size 77x22
          chunk 1 text run 1 at (3700.00,3820.00) startOffset 0 endOffset 11 width 75.00: "just a text"
      LayoutSVGText {text} at (3798,3803) size 77x22 contains 1 chunk(s)
        LayoutSVGInlineText {#text} at (3798,3803) size 77x22
          chunk 1 text run 1 at (3800.00,3820.00) startOffset 0 endOffset 11 width 75.00: "just a text"
      LayoutSVGText {text} at (3898,3803) size 77x22 contains 1 chunk(s)
        LayoutSVGInlineText {#text} at (3898,3803) size 77x22
          chunk 1 text run 1 at (3900.00,3820.00) startOffset 0 endOffset 11 width 75.00: "just a text"
      LayoutSVGText {text} at (3998,3803) size 77x22 contains 1 chunk(s)
        LayoutSVGInlineText {#text} at (3998,3803) size 77x22
          chunk 1 text run 1 at (4000.00,3820.00) startOffset 0 endOffset 11 width 75.00: "just a text"
      LayoutSVGText {text} at (4098,3803) size 77x22 contains 1 chunk(s)
        LayoutSVGInlineText {#text} at (4098,3803) size 77x22
          chunk 1 text run 1 at (4100.00,3820.00) startOffset 0 endOffset 11 width 75.00: "just a text"
      LayoutSVGText {text} at (4198,3803) size 77x22 contains 1 chunk(s)
        LayoutSVGInlineText {#text} at (4198,3803) size 77x22
          chunk 1 text run 1 at (4200.00,3820.00) startOffset 0 endOffset 11 width 75.00: "just a text"
      LayoutSVGText {text} at (4298,3803) size 77x22 contains 1 chunk(s)
        LayoutSVGInlineText {#text} at (4298,3803) size 77x22
          chunk 1 text run 1 at (4300.00,3820.00) startOffset 0 endOffset 11 width 75.00: "just a text"
      LayoutSVGText {text} at (4398,3803) size 77x22 contains 1 chunk(s)
        LayoutSVGInlineText {#text} at (4398,3803) size 77x22
          chunk 1 text run 1 at (4400.00,3820.00) startOffset 0 endOffset 11 width 75.00: "just a text"
      LayoutSVGText {text} at (4498,3803) size 77x22 contains 1 chunk(s)
        LayoutSVGInlineText {#text} at (4498,3803) size 77x22
          chunk 1 text run 1 at (4500.00,3820.00) startOffset 0 endOffset 11 width 75.00: "just a text"
      LayoutSVGText {text} at (4598,3803) size 77x22 contains 1 chunk(s)
        LayoutSVGInlineText {#text} at (4598,3803) size 77x22
          chunk 1 text run 1 at (4600.00,3820.00) startOffset 0 endOffset 11 width 75.00: "just a text"
      LayoutSVGText {text} at (4698,3803) size 77x22 contains 1 chunk(s)
        LayoutSVGInlineText {#text} at (4698,3803) size 77x22
          chunk 1 text run 1 at (4700.00,3820.00) startOffset 0 endOffset 11 width 75.00: "just a text"
      LayoutSVGText {text} at (4798,3803) size 77x22 contains 1 chunk(s)
        LayoutSVGInlineText {#text} at (4798,3803) size 77x22
          chunk 1 text run 1 at (4800.00,3820.00) startOffset 0 endOffset 11 width 75.00: "just a text"
      LayoutSVGText {text} at (4898,3803) size 77x22 contains 1 chunk(s)
        LayoutSVGInlineText {#text} at (4898,3803) size 77x22
          chunk 1 text run 1 at (4900.00,3820.00) startOffset 0 endOffset 11 width 75.00: "just a text"
      LayoutSVGText {text} at (-2,3903) size 77x22 contains 1 chunk(s)
        LayoutSVGInlineText {#text} at (-2,3903) size 77x22
          chunk 1 text run 1 at (0.00,3920.00) startOffset 0 endOffset 11 width 75.00: "just a text"
      LayoutSVGText {text} at (98,3903) size 77x22 contains 1 chunk(s)
        LayoutSVGInlineText {#text} at (98,3903) size 77x22
          chunk 1 text run 1 at (100.00,3920.00) startOffset 0 endOffset 11 width 75.00: "just a text"
      LayoutSVGText {text} at (198,3903) size 77x22 contains 1 chunk(s)
        LayoutSVGInlineText {#text} at (198,3903) size 77x22
          chunk 1 text run 1 at (200.00,3920.00) startOffset 0 endOffset 11 width 75.00: "just a text"
      LayoutSVGText {text} at (298,3903) size 77x22 contains 1 chunk(s)
        LayoutSVGInlineText {#text} at (298,3903) size 77x22
          chunk 1 text run 1 at (300.00,3920.00) startOffset 0 endOffset 11 width 75.00: "just a text"
      LayoutSVGText {text} at (398,3903) size 77x22 contains 1 chunk(s)
        LayoutSVGInlineText {#text} at (398,3903) size 77x22
          chunk 1 text run 1 at (400.00,3920.00) startOffset 0 endOffset 11 width 75.00: "just a text"
      LayoutSVGText {text} at (498,3903) size 77x22 contains 1 chunk(s)
        LayoutSVGInlineText {#text} at (498,3903) size 77x22
          chunk 1 text run 1 at (500.00,3920.00) startOffset 0 endOffset 11 width 75.00: "just a text"
      LayoutSVGText {text} at (598,3903) size 77x22 contains 1 chunk(s)
        LayoutSVGInlineText {#text} at (598,3903) size 77x22
          chunk 1 text run 1 at (600.00,3920.00) startOffset 0 endOffset 11 width 75.00: "just a text"
      LayoutSVGText {text} at (698,3903) size 77x22 contains 1 chunk(s)
        LayoutSVGInlineText {#text} at (698,3903) size 77x22
          chunk 1 text run 1 at (700.00,3920.00) startOffset 0 endOffset 11 width 75.00: "just a text"
      LayoutSVGText {text} at (798,3903) size 77x22 contains 1 chunk(s)
        LayoutSVGInlineText {#text} at (798,3903) size 77x22
          chunk 1 text run 1 at (800.00,3920.00) startOffset 0 endOffset 11 width 75.00: "just a text"
      LayoutSVGText {text} at (898,3903) size 77x22 contains 1 chunk(s)
        LayoutSVGInlineText {#text} at (898,3903) size 77x22
          chunk 1 text run 1 at (900.00,3920.00) startOffset 0 endOffset 11 width 75.00: "just a text"
      LayoutSVGText {text} at (998,3903) size 77x22 contains 1 chunk(s)
        LayoutSVGInlineText {#text} at (998,3903) size 77x22
          chunk 1 text run 1 at (1000.00,3920.00) startOffset 0 endOffset 11 width 75.00: "just a text"
      LayoutSVGText {text} at (1098,3903) size 77x22 contains 1 chunk(s)
        LayoutSVGInlineText {#text} at (1098,3903) size 77x22
          chunk 1 text run 1 at (1100.00,3920.00) startOffset 0 endOffset 11 width 75.00: "just a text"
      LayoutSVGText {text} at (1198,3903) size 77x22 contains 1 chunk(s)
        LayoutSVGInlineText {#text} at (1198,3903) size 77x22
          chunk 1 text run 1 at (1200.00,3920.00) startOffset 0 endOffset 11 width 75.00: "just a text"
      LayoutSVGText {text} at (1298,3903) size 77x22 contains 1 chunk(s)
        LayoutSVGInlineText {#text} at (1298,3903) size 77x22
          chunk 1 text run 1 at (1300.00,3920.00) startOffset 0 endOffset 11 width 75.00: "just a text"
      LayoutSVGText {text} at (1398,3903) size 77x22 contains 1 chunk(s)
        LayoutSVGInlineText {#text} at (1398,3903) size 77x22
          chunk 1 text run 1 at (1400.00,3920.00) startOffset 0 endOffset 11 width 75.00: "just a text"
      LayoutSVGText {text} at (1498,3903) size 77x22 contains 1 chunk(s)
        LayoutSVGInlineText {#text} at (1498,3903) size 77x22
          chunk 1 text run 1 at (1500.00,3920.00) startOffset 0 endOffset 11 width 75.00: "just a text"
      LayoutSVGText {text} at (1598,3903) size 77x22 contains 1 chunk(s)
        LayoutSVGInlineText {#text} at (1598,3903) size 77x22
          chunk 1 text run 1 at (1600.00,3920.00) startOffset 0 endOffset 11 width 75.00: "just a text"
      LayoutSVGText {text} at (1698,3903) size 77x22 contains 1 chunk(s)
        LayoutSVGInlineText {#text} at (1698,3903) size 77x22
          chunk 1 text run 1 at (1700.00,3920.00) startOffset 0 endOffset 11 width 75.00: "just a text"
      LayoutSVGText {text} at (1798,3903) size 77x22 contains 1 chunk(s)
        LayoutSVGInlineText {#text} at (1798,3903) size 77x22
          chunk 1 text run 1 at (1800.00,3920.00) startOffset 0 endOffset 11 width 75.00: "just a text"
      LayoutSVGText {text} at (1898,3903) size 77x22 contains 1 chunk(s)
        LayoutSVGInlineText {#text} at (1898,3903) size 77x22
          chunk 1 text run 1 at (1900.00,3920.00) startOffset 0 endOffset 11 width 75.00: "just a text"
      LayoutSVGText {text} at (1998,3903) size 77x22 contains 1 chunk(s)
        LayoutSVGInlineText {#text} at (1998,3903) size 77x22
          chunk 1 text run 1 at (2000.00,3920.00) startOffset 0 endOffset 11 width 75.00: "just a text"
      LayoutSVGText {text} at (2098,3903) size 77x22 contains 1 chunk(s)
        LayoutSVGInlineText {#text} at (2098,3903) size 77x22
          chunk 1 text run 1 at (2100.00,3920.00) startOffset 0 endOffset 11 width 75.00: "just a text"
      LayoutSVGText {text} at (2198,3903) size 77x22 contains 1 chunk(s)
        LayoutSVGInlineText {#text} at (2198,3903) size 77x22
          chunk 1 text run 1 at (2200.00,3920.00) startOffset 0 endOffset 11 width 75.00: "just a text"
      LayoutSVGText {text} at (2298,3903) size 77x22 contains 1 chunk(s)
        LayoutSVGInlineText {#text} at (2298,3903) size 77x22
          chunk 1 text run 1 at (2300.00,3920.00) startOffset 0 endOffset 11 width 75.00: "just a text"
      LayoutSVGText {text} at (2398,3903) size 77x22 contains 1 chunk(s)
        LayoutSVGInlineText {#text} at (2398,3903) size 77x22
          chunk 1 text run 1 at (2400.00,3920.00) startOffset 0 endOffset 11 width 75.00: "just a text"
      LayoutSVGText {text} at (2498,3903) size 77x22 contains 1 chunk(s)
        LayoutSVGInlineText {#text} at (2498,3903) size 77x22
          chunk 1 text run 1 at (2500.00,3920.00) startOffset 0 endOffset 11 width 75.00: "just a text"
      LayoutSVGText {text} at (2598,3903) size 77x22 contains 1 chunk(s)
        LayoutSVGInlineText {#text} at (2598,3903) size 77x22
          chunk 1 text run 1 at (2600.00,3920.00) startOffset 0 endOffset 11 width 75.00: "just a text"
      LayoutSVGText {text} at (2698,3903) size 77x22 contains 1 chunk(s)
        LayoutSVGInlineText {#text} at (2698,3903) size 77x22
          chunk 1 text run 1 at (2700.00,3920.00) startOffset 0 endOffset 11 width 75.00: "just a text"
      LayoutSVGText {text} at (2798,3903) size 77x22 contains 1 chunk(s)
        LayoutSVGInlineText {#text} at (2798,3903) size 77x22
          chunk 1 text run 1 at (2800.00,3920.00) startOffset 0 endOffset 11 width 75.00: "just a text"
      LayoutSVGText {text} at (2898,3903) size 77x22 contains 1 chunk(s)
        LayoutSVGInlineText {#text} at (2898,3903) size 77x22
          chunk 1 text run 1 at (2900.00,3920.00) startOffset 0 endOffset 11 width 75.00: "just a text"
      LayoutSVGText {text} at (2998,3903) size 77x22 contains 1 chunk(s)
        LayoutSVGInlineText {#text} at (2998,3903) size 77x22
          chunk 1 text run 1 at (3000.00,3920.00) startOffset 0 endOffset 11 width 75.00: "just a text"
      LayoutSVGText {text} at (3098,3903) size 77x22 contains 1 chunk(s)
        LayoutSVGInlineText {#text} at (3098,3903) size 77x22
          chunk 1 text run 1 at (3100.00,3920.00) startOffset 0 endOffset 11 width 75.00: "just a text"
      LayoutSVGText {text} at (3198,3903) size 77x22 contains 1 chunk(s)
        LayoutSVGInlineText {#text} at (3198,3903) size 77x22
          chunk 1 text run 1 at (3200.00,3920.00) startOffset 0 endOffset 11 width 75.00: "just a text"
      LayoutSVGText {text} at (3298,3903) size 77x22 contains 1 chunk(s)
        LayoutSVGInlineText {#text} at (3298,3903) size 77x22
          chunk 1 text run 1 at (3300.00,3920.00) startOffset 0 endOffset 11 width 75.00: "just a text"
      LayoutSVGText {text} at (3398,3903) size 77x22 contains 1 chunk(s)
        LayoutSVGInlineText {#text} at (3398,3903) size 77x22
          chunk 1 text run 1 at (3400.00,3920.00) startOffset 0 endOffset 11 width 75.00: "just a text"
      LayoutSVGText {text} at (3498,3903) size 77x22 contains 1 chunk(s)
        LayoutSVGInlineText {#text} at (3498,3903) size 77x22
          chunk 1 text run 1 at (3500.00,3920.00) startOffset 0 endOffset 11 width 75.00: "just a text"
      LayoutSVGText {text} at (3598,3903) size 77x22 contains 1 chunk(s)
        LayoutSVGInlineText {#text} at (3598,3903) size 77x22
          chunk 1 text run 1 at (3600.00,3920.00) startOffset 0 endOffset 11 width 75.00: "just a text"
      LayoutSVGText {text} at (3698,3903) size 77x22 contains 1 chunk(s)
        LayoutSVGInlineText {#text} at (3698,3903) size 77x22
          chunk 1 text run 1 at (3700.00,3920.00) startOffset 0 endOffset 11 width 75.00: "just a text"
      LayoutSVGText {text} at (3798,3903) size 77x22 contains 1 chunk(s)
        LayoutSVGInlineText {#text} at (3798,3903) size 77x22
          chunk 1 text run 1 at (3800.00,3920.00) startOffset 0 endOffset 11 width 75.00: "just a text"
      LayoutSVGText {text} at (3898,3903) size 77x22 contains 1 chunk(s)
        LayoutSVGInlineText {#text} at (3898,3903) size 77x22
          chunk 1 text run 1 at (3900.00,3920.00) startOffset 0 endOffset 11 width 75.00: "just a text"
      LayoutSVGText {text} at (3998,3903) size 77x22 contains 1 chunk(s)
        LayoutSVGInlineText {#text} at (3998,3903) size 77x22
          chunk 1 text run 1 at (4000.00,3920.00) startOffset 0 endOffset 11 width 75.00: "just a text"
      LayoutSVGText {text} at (4098,3903) size 77x22 contains 1 chunk(s)
        LayoutSVGInlineText {#text} at (4098,3903) size 77x22
          chunk 1 text run 1 at (4100.00,3920.00) startOffset 0 endOffset 11 width 75.00: "just a text"
      LayoutSVGText {text} at (4198,3903) size 77x22 contains 1 chunk(s)
        LayoutSVGInlineText {#text} at (4198,3903) size 77x22
          chunk 1 text run 1 at (4200.00,3920.00) startOffset 0 endOffset 11 width 75.00: "just a text"
      LayoutSVGText {text} at (4298,3903) size 77x22 contains 1 chunk(s)
        LayoutSVGInlineText {#text} at (4298,3903) size 77x22
          chunk 1 text run 1 at (4300.00,3920.00) startOffset 0 endOffset 11 width 75.00: "just a text"
      LayoutSVGText {text} at (4398,3903) size 77x22 contains 1 chunk(s)
        LayoutSVGInlineText {#text} at (4398,3903) size 77x22
          chunk 1 text run 1 at (4400.00,3920.00) startOffset 0 endOffset 11 width 75.00: "just a text"
      LayoutSVGText {text} at (4498,3903) size 77x22 contains 1 chunk(s)
        LayoutSVGInlineText {#text} at (4498,3903) size 77x22
          chunk 1 text run 1 at (4500.00,3920.00) startOffset 0 endOffset 11 width 75.00: "just a text"
      LayoutSVGText {text} at (4598,3903) size 77x22 contains 1 chunk(s)
        LayoutSVGInlineText {#text} at (4598,3903) size 77x22
          chunk 1 text run 1 at (4600.00,3920.00) startOffset 0 endOffset 11 width 75.00: "just a text"
      LayoutSVGText {text} at (4698,3903) size 77x22 contains 1 chunk(s)
        LayoutSVGInlineText {#text} at (4698,3903) size 77x22
          chunk 1 text run 1 at (4700.00,3920.00) startOffset 0 endOffset 11 width 75.00: "just a text"
      LayoutSVGText {text} at (4798,3903) size 77x22 contains 1 chunk(s)
        LayoutSVGInlineText {#text} at (4798,3903) size 77x22
          chunk 1 text run 1 at (4800.00,3920.00) startOffset 0 endOffset 11 width 75.00: "just a text"
      LayoutSVGText {text} at (4898,3903) size 77x22 contains 1 chunk(s)
        LayoutSVGInlineText {#text} at (4898,3903) size 77x22
          chunk 1 text run 1 at (4900.00,3920.00) startOffset 0 endOffset 11 width 75.00: "just a text"
      LayoutSVGText {text} at (-2,4003) size 77x22 contains 1 chunk(s)
        LayoutSVGInlineText {#text} at (-2,4003) size 77x22
          chunk 1 text run 1 at (0.00,4020.00) startOffset 0 endOffset 11 width 75.00: "just a text"
      LayoutSVGText {text} at (98,4003) size 77x22 contains 1 chunk(s)
        LayoutSVGInlineText {#text} at (98,4003) size 77x22
          chunk 1 text run 1 at (100.00,4020.00) startOffset 0 endOffset 11 width 75.00: "just a text"
      LayoutSVGText {text} at (198,4003) size 77x22 contains 1 chunk(s)
        LayoutSVGInlineText {#text} at (198,4003) size 77x22
          chunk 1 text run 1 at (200.00,4020.00) startOffset 0 endOffset 11 width 75.00: "just a text"
      LayoutSVGText {text} at (298,4003) size 77x22 contains 1 chunk(s)
        LayoutSVGInlineText {#text} at (298,4003) size 77x22
          chunk 1 text run 1 at (300.00,4020.00) startOffset 0 endOffset 11 width 75.00: "just a text"
      LayoutSVGText {text} at (398,4003) size 77x22 contains 1 chunk(s)
        LayoutSVGInlineText {#text} at (398,4003) size 77x22
          chunk 1 text run 1 at (400.00,4020.00) startOffset 0 endOffset 11 width 75.00: "just a text"
      LayoutSVGText {text} at (498,4003) size 77x22 contains 1 chunk(s)
        LayoutSVGInlineText {#text} at (498,4003) size 77x22
          chunk 1 text run 1 at (500.00,4020.00) startOffset 0 endOffset 11 width 75.00: "just a text"
      LayoutSVGText {text} at (598,4003) size 77x22 contains 1 chunk(s)
        LayoutSVGInlineText {#text} at (598,4003) size 77x22
          chunk 1 text run 1 at (600.00,4020.00) startOffset 0 endOffset 11 width 75.00: "just a text"
      LayoutSVGText {text} at (698,4003) size 77x22 contains 1 chunk(s)
        LayoutSVGInlineText {#text} at (698,4003) size 77x22
          chunk 1 text run 1 at (700.00,4020.00) startOffset 0 endOffset 11 width 75.00: "just a text"
      LayoutSVGText {text} at (798,4003) size 77x22 contains 1 chunk(s)
        LayoutSVGInlineText {#text} at (798,4003) size 77x22
          chunk 1 text run 1 at (800.00,4020.00) startOffset 0 endOffset 11 width 75.00: "just a text"
      LayoutSVGText {text} at (898,4003) size 77x22 contains 1 chunk(s)
        LayoutSVGInlineText {#text} at (898,4003) size 77x22
          chunk 1 text run 1 at (900.00,4020.00) startOffset 0 endOffset 11 width 75.00: "just a text"
      LayoutSVGText {text} at (998,4003) size 77x22 contains 1 chunk(s)
        LayoutSVGInlineText {#text} at (998,4003) size 77x22
          chunk 1 text run 1 at (1000.00,4020.00) startOffset 0 endOffset 11 width 75.00: "just a text"
      LayoutSVGText {text} at (1098,4003) size 77x22 contains 1 chunk(s)
        LayoutSVGInlineText {#text} at (1098,4003) size 77x22
          chunk 1 text run 1 at (1100.00,4020.00) startOffset 0 endOffset 11 width 75.00: "just a text"
      LayoutSVGText {text} at (1198,4003) size 77x22 contains 1 chunk(s)
        LayoutSVGInlineText {#text} at (1198,4003) size 77x22
          chunk 1 text run 1 at (1200.00,4020.00) startOffset 0 endOffset 11 width 75.00: "just a text"
      LayoutSVGText {text} at (1298,4003) size 77x22 contains 1 chunk(s)
        LayoutSVGInlineText {#text} at (1298,4003) size 77x22
          chunk 1 text run 1 at (1300.00,4020.00) startOffset 0 endOffset 11 width 75.00: "just a text"
      LayoutSVGText {text} at (1398,4003) size 77x22 contains 1 chunk(s)
        LayoutSVGInlineText {#text} at (1398,4003) size 77x22
          chunk 1 text run 1 at (1400.00,4020.00) startOffset 0 endOffset 11 width 75.00: "just a text"
      LayoutSVGText {text} at (1498,4003) size 77x22 contains 1 chunk(s)
        LayoutSVGInlineText {#text} at (1498,4003) size 77x22
          chunk 1 text run 1 at (1500.00,4020.00) startOffset 0 endOffset 11 width 75.00: "just a text"
      LayoutSVGText {text} at (1598,4003) size 77x22 contains 1 chunk(s)
        LayoutSVGInlineText {#text} at (1598,4003) size 77x22
          chunk 1 text run 1 at (1600.00,4020.00) startOffset 0 endOffset 11 width 75.00: "just a text"
      LayoutSVGText {text} at (1698,4003) size 77x22 contains 1 chunk(s)
        LayoutSVGInlineText {#text} at (1698,4003) size 77x22
          chunk 1 text run 1 at (1700.00,4020.00) startOffset 0 endOffset 11 width 75.00: "just a text"
      LayoutSVGText {text} at (1798,4003) size 77x22 contains 1 chunk(s)
        LayoutSVGInlineText {#text} at (1798,4003) size 77x22
          chunk 1 text run 1 at (1800.00,4020.00) startOffset 0 endOffset 11 width 75.00: "just a text"
      LayoutSVGText {text} at (1898,4003) size 77x22 contains 1 chunk(s)
        LayoutSVGInlineText {#text} at (1898,4003) size 77x22
          chunk 1 text run 1 at (1900.00,4020.00) startOffset 0 endOffset 11 width 75.00: "just a text"
      LayoutSVGText {text} at (1998,4003) size 77x22 contains 1 chunk(s)
        LayoutSVGInlineText {#text} at (1998,4003) size 77x22
          chunk 1 text run 1 at (2000.00,4020.00) startOffset 0 endOffset 11 width 75.00: "just a text"
      LayoutSVGText {text} at (2098,4003) size 77x22 contains 1 chunk(s)
        LayoutSVGInlineText {#text} at (2098,4003) size 77x22
          chunk 1 text run 1 at (2100.00,4020.00) startOffset 0 endOffset 11 width 75.00: "just a text"
      LayoutSVGText {text} at (2198,4003) size 77x22 contains 1 chunk(s)
        LayoutSVGInlineText {#text} at (2198,4003) size 77x22
          chunk 1 text run 1 at (2200.00,4020.00) startOffset 0 endOffset 11 width 75.00: "just a text"
      LayoutSVGText {text} at (2298,4003) size 77x22 contains 1 chunk(s)
        LayoutSVGInlineText {#text} at (2298,4003) size 77x22
          chunk 1 text run 1 at (2300.00,4020.00) startOffset 0 endOffset 11 width 75.00: "just a text"
      LayoutSVGText {text} at (2398,4003) size 77x22 contains 1 chunk(s)
        LayoutSVGInlineText {#text} at (2398,4003) size 77x22
          chunk 1 text run 1 at (2400.00,4020.00) startOffset 0 endOffset 11 width 75.00: "just a text"
      LayoutSVGText {text} at (2498,4003) size 77x22 contains 1 chunk(s)
        LayoutSVGInlineText {#text} at (2498,4003) size 77x22
          chunk 1 text run 1 at (2500.00,4020.00) startOffset 0 endOffset 11 width 75.00: "just a text"
      LayoutSVGText {text} at (2598,4003) size 77x22 contains 1 chunk(s)
        LayoutSVGInlineText {#text} at (2598,4003) size 77x22
          chunk 1 text run 1 at (2600.00,4020.00) startOffset 0 endOffset 11 width 75.00: "just a text"
      LayoutSVGText {text} at (2698,4003) size 77x22 contains 1 chunk(s)
        LayoutSVGInlineText {#text} at (2698,4003) size 77x22
          chunk 1 text run 1 at (2700.00,4020.00) startOffset 0 endOffset 11 width 75.00: "just a text"
      LayoutSVGText {text} at (2798,4003) size 77x22 contains 1 chunk(s)
        LayoutSVGInlineText {#text} at (2798,4003) size 77x22
          chunk 1 text run 1 at (2800.00,4020.00) startOffset 0 endOffset 11 width 75.00: "just a text"
      LayoutSVGText {text} at (2898,4003) size 77x22 contains 1 chunk(s)
        LayoutSVGInlineText {#text} at (2898,4003) size 77x22
          chunk 1 text run 1 at (2900.00,4020.00) startOffset 0 endOffset 11 width 75.00: "just a text"
      LayoutSVGText {text} at (2998,4003) size 77x22 contains 1 chunk(s)
        LayoutSVGInlineText {#text} at (2998,4003) size 77x22
          chunk 1 text run 1 at (3000.00,4020.00) startOffset 0 endOffset 11 width 75.00: "just a text"
      LayoutSVGText {text} at (3098,4003) size 77x22 contains 1 chunk(s)
        LayoutSVGInlineText {#text} at (3098,4003) size 77x22
          chunk 1 text run 1 at (3100.00,4020.00) startOffset 0 endOffset 11 width 75.00: "just a text"
      LayoutSVGText {text} at (3198,4003) size 77x22 contains 1 chunk(s)
        LayoutSVGInlineText {#text} at (3198,4003) size 77x22
          chunk 1 text run 1 at (3200.00,4020.00) startOffset 0 endOffset 11 width 75.00: "just a text"
      LayoutSVGText {text} at (3298,4003) size 77x22 contains 1 chunk(s)
        LayoutSVGInlineText {#text} at (3298,4003) size 77x22
          chunk 1 text run 1 at (3300.00,4020.00) startOffset 0 endOffset 11 width 75.00: "just a text"
      LayoutSVGText {text} at (3398,4003) size 77x22 contains 1 chunk(s)
        LayoutSVGInlineText {#text} at (3398,4003) size 77x22
          chunk 1 text run 1 at (3400.00,4020.00) startOffset 0 endOffset 11 width 75.00: "just a text"
      LayoutSVGText {text} at (3498,4003) size 77x22 contains 1 chunk(s)
        LayoutSVGInlineText {#text} at (3498,4003) size 77x22
          chunk 1 text run 1 at (3500.00,4020.00) startOffset 0 endOffset 11 width 75.00: "just a text"
      LayoutSVGText {text} at (3598,4003) size 77x22 contains 1 chunk(s)
        LayoutSVGInlineText {#text} at (3598,4003) size 77x22
          chunk 1 text run 1 at (3600.00,4020.00) startOffset 0 endOffset 11 width 75.00: "just a text"
      LayoutSVGText {text} at (3698,4003) size 77x22 contains 1 chunk(s)
        LayoutSVGInlineText {#text} at (3698,4003) size 77x22
          chunk 1 text run 1 at (3700.00,4020.00) startOffset 0 endOffset 11 width 75.00: "just a text"
      LayoutSVGText {text} at (3798,4003) size 77x22 contains 1 chunk(s)
        LayoutSVGInlineText {#text} at (3798,4003) size 77x22
          chunk 1 text run 1 at (3800.00,4020.00) startOffset 0 endOffset 11 width 75.00: "just a text"
      LayoutSVGText {text} at (3898,4003) size 77x22 contains 1 chunk(s)
        LayoutSVGInlineText {#text} at (3898,4003) size 77x22
          chunk 1 text run 1 at (3900.00,4020.00) startOffset 0 endOffset 11 width 75.00: "just a text"
      LayoutSVGText {text} at (3998,4003) size 77x22 contains 1 chunk(s)
        LayoutSVGInlineText {#text} at (3998,4003) size 77x22
          chunk 1 text run 1 at (4000.00,4020.00) startOffset 0 endOffset 11 width 75.00: "just a text"
      LayoutSVGText {text} at (4098,4003) size 77x22 contains 1 chunk(s)
        LayoutSVGInlineText {#text} at (4098,4003) size 77x22
          chunk 1 text run 1 at (4100.00,4020.00) startOffset 0 endOffset 11 width 75.00: "just a text"
      LayoutSVGText {text} at (4198,4003) size 77x22 contains 1 chunk(s)
        LayoutSVGInlineText {#text} at (4198,4003) size 77x22
          chunk 1 text run 1 at (4200.00,4020.00) startOffset 0 endOffset 11 width 75.00: "just a text"
      LayoutSVGText {text} at (4298,4003) size 77x22 contains 1 chunk(s)
        LayoutSVGInlineText {#text} at (4298,4003) size 77x22
          chunk 1 text run 1 at (4300.00,4020.00) startOffset 0 endOffset 11 width 75.00: "just a text"
      LayoutSVGText {text} at (4398,4003) size 77x22 contains 1 chunk(s)
        LayoutSVGInlineText {#text} at (4398,4003) size 77x22
          chunk 1 text run 1 at (4400.00,4020.00) startOffset 0 endOffset 11 width 75.00: "just a text"
      LayoutSVGText {text} at (4498,4003) size 77x22 contains 1 chunk(s)
        LayoutSVGInlineText {#text} at (4498,4003) size 77x22
          chunk 1 text run 1 at (4500.00,4020.00) startOffset 0 endOffset 11 width 75.00: "just a text"
      LayoutSVGText {text} at (4598,4003) size 77x22 contains 1 chunk(s)
        LayoutSVGInlineText {#text} at (4598,4003) size 77x22
          chunk 1 text run 1 at (4600.00,4020.00) startOffset 0 endOffset 11 width 75.00: "just a text"
      LayoutSVGText {text} at (4698,4003) size 77x22 contains 1 chunk(s)
        LayoutSVGInlineText {#text} at (4698,4003) size 77x22
          chunk 1 text run 1 at (4700.00,4020.00) startOffset 0 endOffset 11 width 75.00: "just a text"
      LayoutSVGText {text} at (4798,4003) size 77x22 contains 1 chunk(s)
        LayoutSVGInlineText {#text} at (4798,4003) size 77x22
          chunk 1 text run 1 at (4800.00,4020.00) startOffset 0 endOffset 11 width 75.00: "just a text"
      LayoutSVGText {text} at (4898,4003) size 77x22 contains 1 chunk(s)
        LayoutSVGInlineText {#text} at (4898,4003) size 77x22
          chunk 1 text run 1 at (4900.00,4020.00) startOffset 0 endOffset 11 width 75.00: "just a text"
      LayoutSVGText {text} at (-2,4103) size 77x22 contains 1 chunk(s)
        LayoutSVGInlineText {#text} at (-2,4103) size 77x22
          chunk 1 text run 1 at (0.00,4120.00) startOffset 0 endOffset 11 width 75.00: "just a text"
      LayoutSVGText {text} at (98,4103) size 77x22 contains 1 chunk(s)
        LayoutSVGInlineText {#text} at (98,4103) size 77x22
          chunk 1 text run 1 at (100.00,4120.00) startOffset 0 endOffset 11 width 75.00: "just a text"
      LayoutSVGText {text} at (198,4103) size 77x22 contains 1 chunk(s)
        LayoutSVGInlineText {#text} at (198,4103) size 77x22
          chunk 1 text run 1 at (200.00,4120.00) startOffset 0 endOffset 11 width 75.00: "just a text"
      LayoutSVGText {text} at (298,4103) size 77x22 contains 1 chunk(s)
        LayoutSVGInlineText {#text} at (298,4103) size 77x22
          chunk 1 text run 1 at (300.00,4120.00) startOffset 0 endOffset 11 width 75.00: "just a text"
      LayoutSVGText {text} at (398,4103) size 77x22 contains 1 chunk(s)
        LayoutSVGInlineText {#text} at (398,4103) size 77x22
          chunk 1 text run 1 at (400.00,4120.00) startOffset 0 endOffset 11 width 75.00: "just a text"
      LayoutSVGText {text} at (498,4103) size 77x22 contains 1 chunk(s)
        LayoutSVGInlineText {#text} at (498,4103) size 77x22
          chunk 1 text run 1 at (500.00,4120.00) startOffset 0 endOffset 11 width 75.00: "just a text"
      LayoutSVGText {text} at (598,4103) size 77x22 contains 1 chunk(s)
        LayoutSVGInlineText {#text} at (598,4103) size 77x22
          chunk 1 text run 1 at (600.00,4120.00) startOffset 0 endOffset 11 width 75.00: "just a text"
      LayoutSVGText {text} at (698,4103) size 77x22 contains 1 chunk(s)
        LayoutSVGInlineText {#text} at (698,4103) size 77x22
          chunk 1 text run 1 at (700.00,4120.00) startOffset 0 endOffset 11 width 75.00: "just a text"
      LayoutSVGText {text} at (798,4103) size 77x22 contains 1 chunk(s)
        LayoutSVGInlineText {#text} at (798,4103) size 77x22
          chunk 1 text run 1 at (800.00,4120.00) startOffset 0 endOffset 11 width 75.00: "just a text"
      LayoutSVGText {text} at (898,4103) size 77x22 contains 1 chunk(s)
        LayoutSVGInlineText {#text} at (898,4103) size 77x22
          chunk 1 text run 1 at (900.00,4120.00) startOffset 0 endOffset 11 width 75.00: "just a text"
      LayoutSVGText {text} at (998,4103) size 77x22 contains 1 chunk(s)
        LayoutSVGInlineText {#text} at (998,4103) size 77x22
          chunk 1 text run 1 at (1000.00,4120.00) startOffset 0 endOffset 11 width 75.00: "just a text"
      LayoutSVGText {text} at (1098,4103) size 77x22 contains 1 chunk(s)
        LayoutSVGInlineText {#text} at (1098,4103) size 77x22
          chunk 1 text run 1 at (1100.00,4120.00) startOffset 0 endOffset 11 width 75.00: "just a text"
      LayoutSVGText {text} at (1198,4103) size 77x22 contains 1 chunk(s)
        LayoutSVGInlineText {#text} at (1198,4103) size 77x22
          chunk 1 text run 1 at (1200.00,4120.00) startOffset 0 endOffset 11 width 75.00: "just a text"
      LayoutSVGText {text} at (1298,4103) size 77x22 contains 1 chunk(s)
        LayoutSVGInlineText {#text} at (1298,4103) size 77x22
          chunk 1 text run 1 at (1300.00,4120.00) startOffset 0 endOffset 11 width 75.00: "just a text"
      LayoutSVGText {text} at (1398,4103) size 77x22 contains 1 chunk(s)
        LayoutSVGInlineText {#text} at (1398,4103) size 77x22
          chunk 1 text run 1 at (1400.00,4120.00) startOffset 0 endOffset 11 width 75.00: "just a text"
      LayoutSVGText {text} at (1498,4103) size 77x22 contains 1 chunk(s)
        LayoutSVGInlineText {#text} at (1498,4103) size 77x22
          chunk 1 text run 1 at (1500.00,4120.00) startOffset 0 endOffset 11 width 75.00: "just a text"
      LayoutSVGText {text} at (1598,4103) size 77x22 contains 1 chunk(s)
        LayoutSVGInlineText {#text} at (1598,4103) size 77x22
          chunk 1 text run 1 at (1600.00,4120.00) startOffset 0 endOffset 11 width 75.00: "just a text"
      LayoutSVGText {text} at (1698,4103) size 77x22 contains 1 chunk(s)
        LayoutSVGInlineText {#text} at (1698,4103) size 77x22
          chunk 1 text run 1 at (1700.00,4120.00) startOffset 0 endOffset 11 width 75.00: "just a text"
      LayoutSVGText {text} at (1798,4103) size 77x22 contains 1 chunk(s)
        LayoutSVGInlineText {#text} at (1798,4103) size 77x22
          chunk 1 text run 1 at (1800.00,4120.00) startOffset 0 endOffset 11 width 75.00: "just a text"
      LayoutSVGText {text} at (1898,4103) size 77x22 contains 1 chunk(s)
        LayoutSVGInlineText {#text} at (1898,4103) size 77x22
          chunk 1 text run 1 at (1900.00,4120.00) startOffset 0 endOffset 11 width 75.00: "just a text"
      LayoutSVGText {text} at (1998,4103) size 77x22 contains 1 chunk(s)
        LayoutSVGInlineText {#text} at (1998,4103) size 77x22
          chunk 1 text run 1 at (2000.00,4120.00) startOffset 0 endOffset 11 width 75.00: "just a text"
      LayoutSVGText {text} at (2098,4103) size 77x22 contains 1 chunk(s)
        LayoutSVGInlineText {#text} at (2098,4103) size 77x22
          chunk 1 text run 1 at (2100.00,4120.00) startOffset 0 endOffset 11 width 75.00: "just a text"
      LayoutSVGText {text} at (2198,4103) size 77x22 contains 1 chunk(s)
        LayoutSVGInlineText {#text} at (2198,4103) size 77x22
          chunk 1 text run 1 at (2200.00,4120.00) startOffset 0 endOffset 11 width 75.00: "just a text"
      LayoutSVGText {text} at (2298,4103) size 77x22 contains 1 chunk(s)
        LayoutSVGInlineText {#text} at (2298,4103) size 77x22
          chunk 1 text run 1 at (2300.00,4120.00) startOffset 0 endOffset 11 width 75.00: "just a text"
      LayoutSVGText {text} at (2398,4103) size 77x22 contains 1 chunk(s)
        LayoutSVGInlineText {#text} at (2398,4103) size 77x22
          chunk 1 text run 1 at (2400.00,4120.00) startOffset 0 endOffset 11 width 75.00: "just a text"
      LayoutSVGText {text} at (2498,4103) size 77x22 contains 1 chunk(s)
        LayoutSVGInlineText {#text} at (2498,4103) size 77x22
          chunk 1 text run 1 at (2500.00,4120.00) startOffset 0 endOffset 11 width 75.00: "just a text"
      LayoutSVGText {text} at (2598,4103) size 77x22 contains 1 chunk(s)
        LayoutSVGInlineText {#text} at (2598,4103) size 77x22
          chunk 1 text run 1 at (2600.00,4120.00) startOffset 0 endOffset 11 width 75.00: "just a text"
      LayoutSVGText {text} at (2698,4103) size 77x22 contains 1 chunk(s)
        LayoutSVGInlineText {#text} at (2698,4103) size 77x22
          chunk 1 text run 1 at (2700.00,4120.00) startOffset 0 endOffset 11 width 75.00: "just a text"
      LayoutSVGText {text} at (2798,4103) size 77x22 contains 1 chunk(s)
        LayoutSVGInlineText {#text} at (2798,4103) size 77x22
          chunk 1 text run 1 at (2800.00,4120.00) startOffset 0 endOffset 11 width 75.00: "just a text"
      LayoutSVGText {text} at (2898,4103) size 77x22 contains 1 chunk(s)
        LayoutSVGInlineText {#text} at (2898,4103) size 77x22
          chunk 1 text run 1 at (2900.00,4120.00) startOffset 0 endOffset 11 width 75.00: "just a text"
      LayoutSVGText {text} at (2998,4103) size 77x22 contains 1 chunk(s)
        LayoutSVGInlineText {#text} at (2998,4103) size 77x22
          chunk 1 text run 1 at (3000.00,4120.00) startOffset 0 endOffset 11 width 75.00: "just a text"
      LayoutSVGText {text} at (3098,4103) size 77x22 contains 1 chunk(s)
        LayoutSVGInlineText {#text} at (3098,4103) size 77x22
          chunk 1 text run 1 at (3100.00,4120.00) startOffset 0 endOffset 11 width 75.00: "just a text"
      LayoutSVGText {text} at (3198,4103) size 77x22 contains 1 chunk(s)
        LayoutSVGInlineText {#text} at (3198,4103) size 77x22
          chunk 1 text run 1 at (3200.00,4120.00) startOffset 0 endOffset 11 width 75.00: "just a text"
      LayoutSVGText {text} at (3298,4103) size 77x22 contains 1 chunk(s)
        LayoutSVGInlineText {#text} at (3298,4103) size 77x22
          chunk 1 text run 1 at (3300.00,4120.00) startOffset 0 endOffset 11 width 75.00: "just a text"
      LayoutSVGText {text} at (3398,4103) size 77x22 contains 1 chunk(s)
        LayoutSVGInlineText {#text} at (3398,4103) size 77x22
          chunk 1 text run 1 at (3400.00,4120.00) startOffset 0 endOffset 11 width 75.00: "just a text"
      LayoutSVGText {text} at (3498,4103) size 77x22 contains 1 chunk(s)
        LayoutSVGInlineText {#text} at (3498,4103) size 77x22
          chunk 1 text run 1 at (3500.00,4120.00) startOffset 0 endOffset 11 width 75.00: "just a text"
      LayoutSVGText {text} at (3598,4103) size 77x22 contains 1 chunk(s)
        LayoutSVGInlineText {#text} at (3598,4103) size 77x22
          chunk 1 text run 1 at (3600.00,4120.00) startOffset 0 endOffset 11 width 75.00: "just a text"
      LayoutSVGText {text} at (3698,4103) size 77x22 contains 1 chunk(s)
        LayoutSVGInlineText {#text} at (3698,4103) size 77x22
          chunk 1 text run 1 at (3700.00,4120.00) startOffset 0 endOffset 11 width 75.00: "just a text"
      LayoutSVGText {text} at (3798,4103) size 77x22 contains 1 chunk(s)
        LayoutSVGInlineText {#text} at (3798,4103) size 77x22
          chunk 1 text run 1 at (3800.00,4120.00) startOffset 0 endOffset 11 width 75.00: "just a text"
      LayoutSVGText {text} at (3898,4103) size 77x22 contains 1 chunk(s)
        LayoutSVGInlineText {#text} at (3898,4103) size 77x22
          chunk 1 text run 1 at (3900.00,4120.00) startOffset 0 endOffset 11 width 75.00: "just a text"
      LayoutSVGText {text} at (3998,4103) size 77x22 contains 1 chunk(s)
        LayoutSVGInlineText {#text} at (3998,4103) size 77x22
          chunk 1 text run 1 at (4000.00,4120.00) startOffset 0 endOffset 11 width 75.00: "just a text"
      LayoutSVGText {text} at (4098,4103) size 77x22 contains 1 chunk(s)
        LayoutSVGInlineText {#text} at (4098,4103) size 77x22
          chunk 1 text run 1 at (4100.00,4120.00) startOffset 0 endOffset 11 width 75.00: "just a text"
      LayoutSVGText {text} at (4198,4103) size 77x22 contains 1 chunk(s)
        LayoutSVGInlineText {#text} at (4198,4103) size 77x22
          chunk 1 text run 1 at (4200.00,4120.00) startOffset 0 endOffset 11 width 75.00: "just a text"
      LayoutSVGText {text} at (4298,4103) size 77x22 contains 1 chunk(s)
        LayoutSVGInlineText {#text} at (4298,4103) size 77x22
          chunk 1 text run 1 at (4300.00,4120.00) startOffset 0 endOffset 11 width 75.00: "just a text"
      LayoutSVGText {text} at (4398,4103) size 77x22 contains 1 chunk(s)
        LayoutSVGInlineText {#text} at (4398,4103) size 77x22
          chunk 1 text run 1 at (4400.00,4120.00) startOffset 0 endOffset 11 width 75.00: "just a text"
      LayoutSVGText {text} at (4498,4103) size 77x22 contains 1 chunk(s)
        LayoutSVGInlineText {#text} at (4498,4103) size 77x22
          chunk 1 text run 1 at (4500.00,4120.00) startOffset 0 endOffset 11 width 75.00: "just a text"
      LayoutSVGText {text} at (4598,4103) size 77x22 contains 1 chunk(s)
        LayoutSVGInlineText {#text} at (4598,4103) size 77x22
          chunk 1 text run 1 at (4600.00,4120.00) startOffset 0 endOffset 11 width 75.00: "just a text"
      LayoutSVGText {text} at (4698,4103) size 77x22 contains 1 chunk(s)
        LayoutSVGInlineText {#text} at (4698,4103) size 77x22
          chunk 1 text run 1 at (4700.00,4120.00) startOffset 0 endOffset 11 width 75.00: "just a text"
      LayoutSVGText {text} at (4798,4103) size 77x22 contains 1 chunk(s)
        LayoutSVGInlineText {#text} at (4798,4103) size 77x22
          chunk 1 text run 1 at (4800.00,4120.00) startOffset 0 endOffset 11 width 75.00: "just a text"
      LayoutSVGText {text} at (4898,4103) size 77x22 contains 1 chunk(s)
        LayoutSVGInlineText {#text} at (4898,4103) size 77x22
          chunk 1 text run 1 at (4900.00,4120.00) startOffset 0 endOffset 11 width 75.00: "just a text"
      LayoutSVGText {text} at (-2,4203) size 77x22 contains 1 chunk(s)
        LayoutSVGInlineText {#text} at (-2,4203) size 77x22
          chunk 1 text run 1 at (0.00,4220.00) startOffset 0 endOffset 11 width 75.00: "just a text"
      LayoutSVGText {text} at (98,4203) size 77x22 contains 1 chunk(s)
        LayoutSVGInlineText {#text} at (98,4203) size 77x22
          chunk 1 text run 1 at (100.00,4220.00) startOffset 0 endOffset 11 width 75.00: "just a text"
      LayoutSVGText {text} at (198,4203) size 77x22 contains 1 chunk(s)
        LayoutSVGInlineText {#text} at (198,4203) size 77x22
          chunk 1 text run 1 at (200.00,4220.00) startOffset 0 endOffset 11 width 75.00: "just a text"
      LayoutSVGText {text} at (298,4203) size 77x22 contains 1 chunk(s)
        LayoutSVGInlineText {#text} at (298,4203) size 77x22
          chunk 1 text run 1 at (300.00,4220.00) startOffset 0 endOffset 11 width 75.00: "just a text"
      LayoutSVGText {text} at (398,4203) size 77x22 contains 1 chunk(s)
        LayoutSVGInlineText {#text} at (398,4203) size 77x22
          chunk 1 text run 1 at (400.00,4220.00) startOffset 0 endOffset 11 width 75.00: "just a text"
      LayoutSVGText {text} at (498,4203) size 77x22 contains 1 chunk(s)
        LayoutSVGInlineText {#text} at (498,4203) size 77x22
          chunk 1 text run 1 at (500.00,4220.00) startOffset 0 endOffset 11 width 75.00: "just a text"
      LayoutSVGText {text} at (598,4203) size 77x22 contains 1 chunk(s)
        LayoutSVGInlineText {#text} at (598,4203) size 77x22
          chunk 1 text run 1 at (600.00,4220.00) startOffset 0 endOffset 11 width 75.00: "just a text"
      LayoutSVGText {text} at (698,4203) size 77x22 contains 1 chunk(s)
        LayoutSVGInlineText {#text} at (698,4203) size 77x22
          chunk 1 text run 1 at (700.00,4220.00) startOffset 0 endOffset 11 width 75.00: "just a text"
      LayoutSVGText {text} at (798,4203) size 77x22 contains 1 chunk(s)
        LayoutSVGInlineText {#text} at (798,4203) size 77x22
          chunk 1 text run 1 at (800.00,4220.00) startOffset 0 endOffset 11 width 75.00: "just a text"
      LayoutSVGText {text} at (898,4203) size 77x22 contains 1 chunk(s)
        LayoutSVGInlineText {#text} at (898,4203) size 77x22
          chunk 1 text run 1 at (900.00,4220.00) startOffset 0 endOffset 11 width 75.00: "just a text"
      LayoutSVGText {text} at (998,4203) size 77x22 contains 1 chunk(s)
        LayoutSVGInlineText {#text} at (998,4203) size 77x22
          chunk 1 text run 1 at (1000.00,4220.00) startOffset 0 endOffset 11 width 75.00: "just a text"
      LayoutSVGText {text} at (1098,4203) size 77x22 contains 1 chunk(s)
        LayoutSVGInlineText {#text} at (1098,4203) size 77x22
          chunk 1 text run 1 at (1100.00,4220.00) startOffset 0 endOffset 11 width 75.00: "just a text"
      LayoutSVGText {text} at (1198,4203) size 77x22 contains 1 chunk(s)
        LayoutSVGInlineText {#text} at (1198,4203) size 77x22
          chunk 1 text run 1 at (1200.00,4220.00) startOffset 0 endOffset 11 width 75.00: "just a text"
      LayoutSVGText {text} at (1298,4203) size 77x22 contains 1 chunk(s)
        LayoutSVGInlineText {#text} at (1298,4203) size 77x22
          chunk 1 text run 1 at (1300.00,4220.00) startOffset 0 endOffset 11 width 75.00: "just a text"
      LayoutSVGText {text} at (1398,4203) size 77x22 contains 1 chunk(s)
        LayoutSVGInlineText {#text} at (1398,4203) size 77x22
          chunk 1 text run 1 at (1400.00,4220.00) startOffset 0 endOffset 11 width 75.00: "just a text"
      LayoutSVGText {text} at (1498,4203) size 77x22 contains 1 chunk(s)
        LayoutSVGInlineText {#text} at (1498,4203) size 77x22
          chunk 1 text run 1 at (1500.00,4220.00) startOffset 0 endOffset 11 width 75.00: "just a text"
      LayoutSVGText {text} at (1598,4203) size 77x22 contains 1 chunk(s)
        LayoutSVGInlineText {#text} at (1598,4203) size 77x22
          chunk 1 text run 1 at (1600.00,4220.00) startOffset 0 endOffset 11 width 75.00: "just a text"
      LayoutSVGText {text} at (1698,4203) size 77x22 contains 1 chunk(s)
        LayoutSVGInlineText {#text} at (1698,4203) size 77x22
          chunk 1 text run 1 at (1700.00,4220.00) startOffset 0 endOffset 11 width 75.00: "just a text"
      LayoutSVGText {text} at (1798,4203) size 77x22 contains 1 chunk(s)
        LayoutSVGInlineText {#text} at (1798,4203) size 77x22
          chunk 1 text run 1 at (1800.00,4220.00) startOffset 0 endOffset 11 width 75.00: "just a text"
      LayoutSVGText {text} at (1898,4203) size 77x22 contains 1 chunk(s)
        LayoutSVGInlineText {#text} at (1898,4203) size 77x22
          chunk 1 text run 1 at (1900.00,4220.00) startOffset 0 endOffset 11 width 75.00: "just a text"
      LayoutSVGText {text} at (1998,4203) size 77x22 contains 1 chunk(s)
        LayoutSVGInlineText {#text} at (1998,4203) size 77x22
          chunk 1 text run 1 at (2000.00,4220.00) startOffset 0 endOffset 11 width 75.00: "just a text"
      LayoutSVGText {text} at (2098,4203) size 77x22 contains 1 chunk(s)
        LayoutSVGInlineText {#text} at (2098,4203) size 77x22
          chunk 1 text run 1 at (2100.00,4220.00) startOffset 0 endOffset 11 width 75.00: "just a text"
      LayoutSVGText {text} at (2198,4203) size 77x22 contains 1 chunk(s)
        LayoutSVGInlineText {#text} at (2198,4203) size 77x22
          chunk 1 text run 1 at (2200.00,4220.00) startOffset 0 endOffset 11 width 75.00: "just a text"
      LayoutSVGText {text} at (2298,4203) size 77x22 contains 1 chunk(s)
        LayoutSVGInlineText {#text} at (2298,4203) size 77x22
          chunk 1 text run 1 at (2300.00,4220.00) startOffset 0 endOffset 11 width 75.00: "just a text"
      LayoutSVGText {text} at (2398,4203) size 77x22 contains 1 chunk(s)
        LayoutSVGInlineText {#text} at (2398,4203) size 77x22
          chunk 1 text run 1 at (2400.00,4220.00) startOffset 0 endOffset 11 width 75.00: "just a text"
      LayoutSVGText {text} at (2498,4203) size 77x22 contains 1 chunk(s)
        LayoutSVGInlineText {#text} at (2498,4203) size 77x22
          chunk 1 text run 1 at (2500.00,4220.00) startOffset 0 endOffset 11 width 75.00: "just a text"
      LayoutSVGText {text} at (2598,4203) size 77x22 contains 1 chunk(s)
        LayoutSVGInlineText {#text} at (2598,4203) size 77x22
          chunk 1 text run 1 at (2600.00,4220.00) startOffset 0 endOffset 11 width 75.00: "just a text"
      LayoutSVGText {text} at (2698,4203) size 77x22 contains 1 chunk(s)
        LayoutSVGInlineText {#text} at (2698,4203) size 77x22
          chunk 1 text run 1 at (2700.00,4220.00) startOffset 0 endOffset 11 width 75.00: "just a text"
      LayoutSVGText {text} at (2798,4203) size 77x22 contains 1 chunk(s)
        LayoutSVGInlineText {#text} at (2798,4203) size 77x22
          chunk 1 text run 1 at (2800.00,4220.00) startOffset 0 endOffset 11 width 75.00: "just a text"
      LayoutSVGText {text} at (2898,4203) size 77x22 contains 1 chunk(s)
        LayoutSVGInlineText {#text} at (2898,4203) size 77x22
          chunk 1 text run 1 at (2900.00,4220.00) startOffset 0 endOffset 11 width 75.00: "just a text"
      LayoutSVGText {text} at (2998,4203) size 77x22 contains 1 chunk(s)
        LayoutSVGInlineText {#text} at (2998,4203) size 77x22
          chunk 1 text run 1 at (3000.00,4220.00) startOffset 0 endOffset 11 width 75.00: "just a text"
      LayoutSVGText {text} at (3098,4203) size 77x22 contains 1 chunk(s)
        LayoutSVGInlineText {#text} at (3098,4203) size 77x22
          chunk 1 text run 1 at (3100.00,4220.00) startOffset 0 endOffset 11 width 75.00: "just a text"
      LayoutSVGText {text} at (3198,4203) size 77x22 contains 1 chunk(s)
        LayoutSVGInlineText {#text} at (3198,4203) size 77x22
          chunk 1 text run 1 at (3200.00,4220.00) startOffset 0 endOffset 11 width 75.00: "just a text"
      LayoutSVGText {text} at (3298,4203) size 77x22 contains 1 chunk(s)
        LayoutSVGInlineText {#text} at (3298,4203) size 77x22
          chunk 1 text run 1 at (3300.00,4220.00) startOffset 0 endOffset 11 width 75.00: "just a text"
      LayoutSVGText {text} at (3398,4203) size 77x22 contains 1 chunk(s)
        LayoutSVGInlineText {#text} at (3398,4203) size 77x22
          chunk 1 text run 1 at (3400.00,4220.00) startOffset 0 endOffset 11 width 75.00: "just a text"
      LayoutSVGText {text} at (3498,4203) size 77x22 contains 1 chunk(s)
        LayoutSVGInlineText {#text} at (3498,4203) size 77x22
          chunk 1 text run 1 at (3500.00,4220.00) startOffset 0 endOffset 11 width 75.00: "just a text"
      LayoutSVGText {text} at (3598,4203) size 77x22 contains 1 chunk(s)
        LayoutSVGInlineText {#text} at (3598,4203) size 77x22
          chunk 1 text run 1 at (3600.00,4220.00) startOffset 0 endOffset 11 width 75.00: "just a text"
      LayoutSVGText {text} at (3698,4203) size 77x22 contains 1 chunk(s)
        LayoutSVGInlineText {#text} at (3698,4203) size 77x22
          chunk 1 text run 1 at (3700.00,4220.00) startOffset 0 endOffset 11 width 75.00: "just a text"
      LayoutSVGText {text} at (3798,4203) size 77x22 contains 1 chunk(s)
        LayoutSVGInlineText {#text} at (3798,4203) size 77x22
          chunk 1 text run 1 at (3800.00,4220.00) startOffset 0 endOffset 11 width 75.00: "just a text"
      LayoutSVGText {text} at (3898,4203) size 77x22 contains 1 chunk(s)
        LayoutSVGInlineText {#text} at (3898,4203) size 77x22
          chunk 1 text run 1 at (3900.00,4220.00) startOffset 0 endOffset 11 width 75.00: "just a text"
      LayoutSVGText {text} at (3998,4203) size 77x22 contains 1 chunk(s)
        LayoutSVGInlineText {#text} at (3998,4203) size 77x22
          chunk 1 text run 1 at (4000.00,4220.00) startOffset 0 endOffset 11 width 75.00: "just a text"
      LayoutSVGText {text} at (4098,4203) size 77x22 contains 1 chunk(s)
        LayoutSVGInlineText {#text} at (4098,4203) size 77x22
          chunk 1 text run 1 at (4100.00,4220.00) startOffset 0 endOffset 11 width 75.00: "just a text"
      LayoutSVGText {text} at (4198,4203) size 77x22 contains 1 chunk(s)
        LayoutSVGInlineText {#text} at (4198,4203) size 77x22
          chunk 1 text run 1 at (4200.00,4220.00) startOffset 0 endOffset 11 width 75.00: "just a text"
      LayoutSVGText {text} at (4298,4203) size 77x22 contains 1 chunk(s)
        LayoutSVGInlineText {#text} at (4298,4203) size 77x22
          chunk 1 text run 1 at (4300.00,4220.00) startOffset 0 endOffset 11 width 75.00: "just a text"
      LayoutSVGText {text} at (4398,4203) size 77x22 contains 1 chunk(s)
        LayoutSVGInlineText {#text} at (4398,4203) size 77x22
          chunk 1 text run 1 at (4400.00,4220.00) startOffset 0 endOffset 11 width 75.00: "just a text"
      LayoutSVGText {text} at (4498,4203) size 77x22 contains 1 chunk(s)
        LayoutSVGInlineText {#text} at (4498,4203) size 77x22
          chunk 1 text run 1 at (4500.00,4220.00) startOffset 0 endOffset 11 width 75.00: "just a text"
      LayoutSVGText {text} at (4598,4203) size 77x22 contains 1 chunk(s)
        LayoutSVGInlineText {#text} at (4598,4203) size 77x22
          chunk 1 text run 1 at (4600.00,4220.00) startOffset 0 endOffset 11 width 75.00: "just a text"
      LayoutSVGText {text} at (4698,4203) size 77x22 contains 1 chunk(s)
        LayoutSVGInlineText {#text} at (4698,4203) size 77x22
          chunk 1 text run 1 at (4700.00,4220.00) startOffset 0 endOffset 11 width 75.00: "just a text"
      LayoutSVGText {text} at (4798,4203) size 77x22 contains 1 chunk(s)
        LayoutSVGInlineText {#text} at (4798,4203) size 77x22
          chunk 1 text run 1 at (4800.00,4220.00) startOffset 0 endOffset 11 width 75.00: "just a text"
      LayoutSVGText {text} at (4898,4203) size 77x22 contains 1 chunk(s)
        LayoutSVGInlineText {#text} at (4898,4203) size 77x22
          chunk 1 text run 1 at (4900.00,4220.00) startOffset 0 endOffset 11 width 75.00: "just a text"
      LayoutSVGText {text} at (-2,4303) size 77x22 contains 1 chunk(s)
        LayoutSVGInlineText {#text} at (-2,4303) size 77x22
          chunk 1 text run 1 at (0.00,4320.00) startOffset 0 endOffset 11 width 75.00: "just a text"
      LayoutSVGText {text} at (98,4303) size 77x22 contains 1 chunk(s)
        LayoutSVGInlineText {#text} at (98,4303) size 77x22
          chunk 1 text run 1 at (100.00,4320.00) startOffset 0 endOffset 11 width 75.00: "just a text"
      LayoutSVGText {text} at (198,4303) size 77x22 contains 1 chunk(s)
        LayoutSVGInlineText {#text} at (198,4303) size 77x22
          chunk 1 text run 1 at (200.00,4320.00) startOffset 0 endOffset 11 width 75.00: "just a text"
      LayoutSVGText {text} at (298,4303) size 77x22 contains 1 chunk(s)
        LayoutSVGInlineText {#text} at (298,4303) size 77x22
          chunk 1 text run 1 at (300.00,4320.00) startOffset 0 endOffset 11 width 75.00: "just a text"
      LayoutSVGText {text} at (398,4303) size 77x22 contains 1 chunk(s)
        LayoutSVGInlineText {#text} at (398,4303) size 77x22
          chunk 1 text run 1 at (400.00,4320.00) startOffset 0 endOffset 11 width 75.00: "just a text"
      LayoutSVGText {text} at (498,4303) size 77x22 contains 1 chunk(s)
        LayoutSVGInlineText {#text} at (498,4303) size 77x22
          chunk 1 text run 1 at (500.00,4320.00) startOffset 0 endOffset 11 width 75.00: "just a text"
      LayoutSVGText {text} at (598,4303) size 77x22 contains 1 chunk(s)
        LayoutSVGInlineText {#text} at (598,4303) size 77x22
          chunk 1 text run 1 at (600.00,4320.00) startOffset 0 endOffset 11 width 75.00: "just a text"
      LayoutSVGText {text} at (698,4303) size 77x22 contains 1 chunk(s)
        LayoutSVGInlineText {#text} at (698,4303) size 77x22
          chunk 1 text run 1 at (700.00,4320.00) startOffset 0 endOffset 11 width 75.00: "just a text"
      LayoutSVGText {text} at (798,4303) size 77x22 contains 1 chunk(s)
        LayoutSVGInlineText {#text} at (798,4303) size 77x22
          chunk 1 text run 1 at (800.00,4320.00) startOffset 0 endOffset 11 width 75.00: "just a text"
      LayoutSVGText {text} at (898,4303) size 77x22 contains 1 chunk(s)
        LayoutSVGInlineText {#text} at (898,4303) size 77x22
          chunk 1 text run 1 at (900.00,4320.00) startOffset 0 endOffset 11 width 75.00: "just a text"
      LayoutSVGText {text} at (998,4303) size 77x22 contains 1 chunk(s)
        LayoutSVGInlineText {#text} at (998,4303) size 77x22
          chunk 1 text run 1 at (1000.00,4320.00) startOffset 0 endOffset 11 width 75.00: "just a text"
      LayoutSVGText {text} at (1098,4303) size 77x22 contains 1 chunk(s)
        LayoutSVGInlineText {#text} at (1098,4303) size 77x22
          chunk 1 text run 1 at (1100.00,4320.00) startOffset 0 endOffset 11 width 75.00: "just a text"
      LayoutSVGText {text} at (1198,4303) size 77x22 contains 1 chunk(s)
        LayoutSVGInlineText {#text} at (1198,4303) size 77x22
          chunk 1 text run 1 at (1200.00,4320.00) startOffset 0 endOffset 11 width 75.00: "just a text"
      LayoutSVGText {text} at (1298,4303) size 77x22 contains 1 chunk(s)
        LayoutSVGInlineText {#text} at (1298,4303) size 77x22
          chunk 1 text run 1 at (1300.00,4320.00) startOffset 0 endOffset 11 width 75.00: "just a text"
      LayoutSVGText {text} at (1398,4303) size 77x22 contains 1 chunk(s)
        LayoutSVGInlineText {#text} at (1398,4303) size 77x22
          chunk 1 text run 1 at (1400.00,4320.00) startOffset 0 endOffset 11 width 75.00: "just a text"
      LayoutSVGText {text} at (1498,4303) size 77x22 contains 1 chunk(s)
        LayoutSVGInlineText {#text} at (1498,4303) size 77x22
          chunk 1 text run 1 at (1500.00,4320.00) startOffset 0 endOffset 11 width 75.00: "just a text"
      LayoutSVGText {text} at (1598,4303) size 77x22 contains 1 chunk(s)
        LayoutSVGInlineText {#text} at (1598,4303) size 77x22
          chunk 1 text run 1 at (1600.00,4320.00) startOffset 0 endOffset 11 width 75.00: "just a text"
      LayoutSVGText {text} at (1698,4303) size 77x22 contains 1 chunk(s)
        LayoutSVGInlineText {#text} at (1698,4303) size 77x22
          chunk 1 text run 1 at (1700.00,4320.00) startOffset 0 endOffset 11 width 75.00: "just a text"
      LayoutSVGText {text} at (1798,4303) size 77x22 contains 1 chunk(s)
        LayoutSVGInlineText {#text} at (1798,4303) size 77x22
          chunk 1 text run 1 at (1800.00,4320.00) startOffset 0 endOffset 11 width 75.00: "just a text"
      LayoutSVGText {text} at (1898,4303) size 77x22 contains 1 chunk(s)
        LayoutSVGInlineText {#text} at (1898,4303) size 77x22
          chunk 1 text run 1 at (1900.00,4320.00) startOffset 0 endOffset 11 width 75.00: "just a text"
      LayoutSVGText {text} at (1998,4303) size 77x22 contains 1 chunk(s)
        LayoutSVGInlineText {#text} at (1998,4303) size 77x22
          chunk 1 text run 1 at (2000.00,4320.00) startOffset 0 endOffset 11 width 75.00: "just a text"
      LayoutSVGText {text} at (2098,4303) size 77x22 contains 1 chunk(s)
        LayoutSVGInlineText {#text} at (2098,4303) size 77x22
          chunk 1 text run 1 at (2100.00,4320.00) startOffset 0 endOffset 11 width 75.00: "just a text"
      LayoutSVGText {text} at (2198,4303) size 77x22 contains 1 chunk(s)
        LayoutSVGInlineText {#text} at (2198,4303) size 77x22
          chunk 1 text run 1 at (2200.00,4320.00) startOffset 0 endOffset 11 width 75.00: "just a text"
      LayoutSVGText {text} at (2298,4303) size 77x22 contains 1 chunk(s)
        LayoutSVGInlineText {#text} at (2298,4303) size 77x22
          chunk 1 text run 1 at (2300.00,4320.00) startOffset 0 endOffset 11 width 75.00: "just a text"
      LayoutSVGText {text} at (2398,4303) size 77x22 contains 1 chunk(s)
        LayoutSVGInlineText {#text} at (2398,4303) size 77x22
          chunk 1 text run 1 at (2400.00,4320.00) startOffset 0 endOffset 11 width 75.00: "just a text"
      LayoutSVGText {text} at (2498,4303) size 77x22 contains 1 chunk(s)
        LayoutSVGInlineText {#text} at (2498,4303) size 77x22
          chunk 1 text run 1 at (2500.00,4320.00) startOffset 0 endOffset 11 width 75.00: "just a text"
      LayoutSVGText {text} at (2598,4303) size 77x22 contains 1 chunk(s)
        LayoutSVGInlineText {#text} at (2598,4303) size 77x22
          chunk 1 text run 1 at (2600.00,4320.00) startOffset 0 endOffset 11 width 75.00: "just a text"
      LayoutSVGText {text} at (2698,4303) size 77x22 contains 1 chunk(s)
        LayoutSVGInlineText {#text} at (2698,4303) size 77x22
          chunk 1 text run 1 at (2700.00,4320.00) startOffset 0 endOffset 11 width 75.00: "just a text"
      LayoutSVGText {text} at (2798,4303) size 77x22 contains 1 chunk(s)
        LayoutSVGInlineText {#text} at (2798,4303) size 77x22
          chunk 1 text run 1 at (2800.00,4320.00) startOffset 0 endOffset 11 width 75.00: "just a text"
      LayoutSVGText {text} at (2898,4303) size 77x22 contains 1 chunk(s)
        LayoutSVGInlineText {#text} at (2898,4303) size 77x22
          chunk 1 text run 1 at (2900.00,4320.00) startOffset 0 endOffset 11 width 75.00: "just a text"
      LayoutSVGText {text} at (2998,4303) size 77x22 contains 1 chunk(s)
        LayoutSVGInlineText {#text} at (2998,4303) size 77x22
          chunk 1 text run 1 at (3000.00,4320.00) startOffset 0 endOffset 11 width 75.00: "just a text"
      LayoutSVGText {text} at (3098,4303) size 77x22 contains 1 chunk(s)
        LayoutSVGInlineText {#text} at (3098,4303) size 77x22
          chunk 1 text run 1 at (3100.00,4320.00) startOffset 0 endOffset 11 width 75.00: "just a text"
      LayoutSVGText {text} at (3198,4303) size 77x22 contains 1 chunk(s)
        LayoutSVGInlineText {#text} at (3198,4303) size 77x22
          chunk 1 text run 1 at (3200.00,4320.00) startOffset 0 endOffset 11 width 75.00: "just a text"
      LayoutSVGText {text} at (3298,4303) size 77x22 contains 1 chunk(s)
        LayoutSVGInlineText {#text} at (3298,4303) size 77x22
          chunk 1 text run 1 at (3300.00,4320.00) startOffset 0 endOffset 11 width 75.00: "just a text"
      LayoutSVGText {text} at (3398,4303) size 77x22 contains 1 chunk(s)
        LayoutSVGInlineText {#text} at (3398,4303) size 77x22
          chunk 1 text run 1 at (3400.00,4320.00) startOffset 0 endOffset 11 width 75.00: "just a text"
      LayoutSVGText {text} at (3498,4303) size 77x22 contains 1 chunk(s)
        LayoutSVGInlineText {#text} at (3498,4303) size 77x22
          chunk 1 text run 1 at (3500.00,4320.00) startOffset 0 endOffset 11 width 75.00: "just a text"
      LayoutSVGText {text} at (3598,4303) size 77x22 contains 1 chunk(s)
        LayoutSVGInlineText {#text} at (3598,4303) size 77x22
          chunk 1 text run 1 at (3600.00,4320.00) startOffset 0 endOffset 11 width 75.00: "just a text"
      LayoutSVGText {text} at (3698,4303) size 77x22 contains 1 chunk(s)
        LayoutSVGInlineText {#text} at (3698,4303) size 77x22
          chunk 1 text run 1 at (3700.00,4320.00) startOffset 0 endOffset 11 width 75.00: "just a text"
      LayoutSVGText {text} at (3798,4303) size 77x22 contains 1 chunk(s)
        LayoutSVGInlineText {#text} at (3798,4303) size 77x22
          chunk 1 text run 1 at (3800.00,4320.00) startOffset 0 endOffset 11 width 75.00: "just a text"
      LayoutSVGText {text} at (3898,4303) size 77x22 contains 1 chunk(s)
        LayoutSVGInlineText {#text} at (3898,4303) size 77x22
          chunk 1 text run 1 at (3900.00,4320.00) startOffset 0 endOffset 11 width 75.00: "just a text"
      LayoutSVGText {text} at (3998,4303) size 77x22 contains 1 chunk(s)
        LayoutSVGInlineText {#text} at (3998,4303) size 77x22
          chunk 1 text run 1 at (4000.00,4320.00) startOffset 0 endOffset 11 width 75.00: "just a text"
      LayoutSVGText {text} at (4098,4303) size 77x22 contains 1 chunk(s)
        LayoutSVGInlineText {#text} at (4098,4303) size 77x22
          chunk 1 text run 1 at (4100.00,4320.00) startOffset 0 endOffset 11 width 75.00: "just a text"
      LayoutSVGText {text} at (4198,4303) size 77x22 contains 1 chunk(s)
        LayoutSVGInlineText {#text} at (4198,4303) size 77x22
          chunk 1 text run 1 at (4200.00,4320.00) startOffset 0 endOffset 11 width 75.00: "just a text"
      LayoutSVGText {text} at (4298,4303) size 77x22 contains 1 chunk(s)
        LayoutSVGInlineText {#text} at (4298,4303) size 77x22
          chunk 1 text run 1 at (4300.00,4320.00) startOffset 0 endOffset 11 width 75.00: "just a text"
      LayoutSVGText {text} at (4398,4303) size 77x22 contains 1 chunk(s)
        LayoutSVGInlineText {#text} at (4398,4303) size 77x22
          chunk 1 text run 1 at (4400.00,4320.00) startOffset 0 endOffset 11 width 75.00: "just a text"
      LayoutSVGText {text} at (4498,4303) size 77x22 contains 1 chunk(s)
        LayoutSVGInlineText {#text} at (4498,4303) size 77x22
          chunk 1 text run 1 at (4500.00,4320.00) startOffset 0 endOffset 11 width 75.00: "just a text"
      LayoutSVGText {text} at (4598,4303) size 77x22 contains 1 chunk(s)
        LayoutSVGInlineText {#text} at (4598,4303) size 77x22
          chunk 1 text run 1 at (4600.00,4320.00) startOffset 0 endOffset 11 width 75.00: "just a text"
      LayoutSVGText {text} at (4698,4303) size 77x22 contains 1 chunk(s)
        LayoutSVGInlineText {#text} at (4698,4303) size 77x22
          chunk 1 text run 1 at (4700.00,4320.00) startOffset 0 endOffset 11 width 75.00: "just a text"
      LayoutSVGText {text} at (4798,4303) size 77x22 contains 1 chunk(s)
        LayoutSVGInlineText {#text} at (4798,4303) size 77x22
          chunk 1 text run 1 at (4800.00,4320.00) startOffset 0 endOffset 11 width 75.00: "just a text"
      LayoutSVGText {text} at (4898,4303) size 77x22 contains 1 chunk(s)
        LayoutSVGInlineText {#text} at (4898,4303) size 77x22
          chunk 1 text run 1 at (4900.00,4320.00) startOffset 0 endOffset 11 width 75.00: "just a text"
      LayoutSVGText {text} at (-2,4403) size 77x22 contains 1 chunk(s)
        LayoutSVGInlineText {#text} at (-2,4403) size 77x22
          chunk 1 text run 1 at (0.00,4420.00) startOffset 0 endOffset 11 width 75.00: "just a text"
      LayoutSVGText {text} at (98,4403) size 77x22 contains 1 chunk(s)
        LayoutSVGInlineText {#text} at (98,4403) size 77x22
          chunk 1 text run 1 at (100.00,4420.00) startOffset 0 endOffset 11 width 75.00: "just a text"
      LayoutSVGText {text} at (198,4403) size 77x22 contains 1 chunk(s)
        LayoutSVGInlineText {#text} at (198,4403) size 77x22
          chunk 1 text run 1 at (200.00,4420.00) startOffset 0 endOffset 11 width 75.00: "just a text"
      LayoutSVGText {text} at (298,4403) size 77x22 contains 1 chunk(s)
        LayoutSVGInlineText {#text} at (298,4403) size 77x22
          chunk 1 text run 1 at (300.00,4420.00) startOffset 0 endOffset 11 width 75.00: "just a text"
      LayoutSVGText {text} at (398,4403) size 77x22 contains 1 chunk(s)
        LayoutSVGInlineText {#text} at (398,4403) size 77x22
          chunk 1 text run 1 at (400.00,4420.00) startOffset 0 endOffset 11 width 75.00: "just a text"
      LayoutSVGText {text} at (498,4403) size 77x22 contains 1 chunk(s)
        LayoutSVGInlineText {#text} at (498,4403) size 77x22
          chunk 1 text run 1 at (500.00,4420.00) startOffset 0 endOffset 11 width 75.00: "just a text"
      LayoutSVGText {text} at (598,4403) size 77x22 contains 1 chunk(s)
        LayoutSVGInlineText {#text} at (598,4403) size 77x22
          chunk 1 text run 1 at (600.00,4420.00) startOffset 0 endOffset 11 width 75.00: "just a text"
      LayoutSVGText {text} at (698,4403) size 77x22 contains 1 chunk(s)
        LayoutSVGInlineText {#text} at (698,4403) size 77x22
          chunk 1 text run 1 at (700.00,4420.00) startOffset 0 endOffset 11 width 75.00: "just a text"
      LayoutSVGText {text} at (798,4403) size 77x22 contains 1 chunk(s)
        LayoutSVGInlineText {#text} at (798,4403) size 77x22
          chunk 1 text run 1 at (800.00,4420.00) startOffset 0 endOffset 11 width 75.00: "just a text"
      LayoutSVGText {text} at (898,4403) size 77x22 contains 1 chunk(s)
        LayoutSVGInlineText {#text} at (898,4403) size 77x22
          chunk 1 text run 1 at (900.00,4420.00) startOffset 0 endOffset 11 width 75.00: "just a text"
      LayoutSVGText {text} at (998,4403) size 77x22 contains 1 chunk(s)
        LayoutSVGInlineText {#text} at (998,4403) size 77x22
          chunk 1 text run 1 at (1000.00,4420.00) startOffset 0 endOffset 11 width 75.00: "just a text"
      LayoutSVGText {text} at (1098,4403) size 77x22 contains 1 chunk(s)
        LayoutSVGInlineText {#text} at (1098,4403) size 77x22
          chunk 1 text run 1 at (1100.00,4420.00) startOffset 0 endOffset 11 width 75.00: "just a text"
      LayoutSVGText {text} at (1198,4403) size 77x22 contains 1 chunk(s)
        LayoutSVGInlineText {#text} at (1198,4403) size 77x22
          chunk 1 text run 1 at (1200.00,4420.00) startOffset 0 endOffset 11 width 75.00: "just a text"
      LayoutSVGText {text} at (1298,4403) size 77x22 contains 1 chunk(s)
        LayoutSVGInlineText {#text} at (1298,4403) size 77x22
          chunk 1 text run 1 at (1300.00,4420.00) startOffset 0 endOffset 11 width 75.00: "just a text"
      LayoutSVGText {text} at (1398,4403) size 77x22 contains 1 chunk(s)
        LayoutSVGInlineText {#text} at (1398,4403) size 77x22
          chunk 1 text run 1 at (1400.00,4420.00) startOffset 0 endOffset 11 width 75.00: "just a text"
      LayoutSVGText {text} at (1498,4403) size 77x22 contains 1 chunk(s)
        LayoutSVGInlineText {#text} at (1498,4403) size 77x22
          chunk 1 text run 1 at (1500.00,4420.00) startOffset 0 endOffset 11 width 75.00: "just a text"
      LayoutSVGText {text} at (1598,4403) size 77x22 contains 1 chunk(s)
        LayoutSVGInlineText {#text} at (1598,4403) size 77x22
          chunk 1 text run 1 at (1600.00,4420.00) startOffset 0 endOffset 11 width 75.00: "just a text"
      LayoutSVGText {text} at (1698,4403) size 77x22 contains 1 chunk(s)
        LayoutSVGInlineText {#text} at (1698,4403) size 77x22
          chunk 1 text run 1 at (1700.00,4420.00) startOffset 0 endOffset 11 width 75.00: "just a text"
      LayoutSVGText {text} at (1798,4403) size 77x22 contains 1 chunk(s)
        LayoutSVGInlineText {#text} at (1798,4403) size 77x22
          chunk 1 text run 1 at (1800.00,4420.00) startOffset 0 endOffset 11 width 75.00: "just a text"
      LayoutSVGText {text} at (1898,4403) size 77x22 contains 1 chunk(s)
        LayoutSVGInlineText {#text} at (1898,4403) size 77x22
          chunk 1 text run 1 at (1900.00,4420.00) startOffset 0 endOffset 11 width 75.00: "just a text"
      LayoutSVGText {text} at (1998,4403) size 77x22 contains 1 chunk(s)
        LayoutSVGInlineText {#text} at (1998,4403) size 77x22
          chunk 1 text run 1 at (2000.00,4420.00) startOffset 0 endOffset 11 width 75.00: "just a text"
      LayoutSVGText {text} at (2098,4403) size 77x22 contains 1 chunk(s)
        LayoutSVGInlineText {#text} at (2098,4403) size 77x22
          chunk 1 text run 1 at (2100.00,4420.00) startOffset 0 endOffset 11 width 75.00: "just a text"
      LayoutSVGText {text} at (2198,4403) size 77x22 contains 1 chunk(s)
        LayoutSVGInlineText {#text} at (2198,4403) size 77x22
          chunk 1 text run 1 at (2200.00,4420.00) startOffset 0 endOffset 11 width 75.00: "just a text"
      LayoutSVGText {text} at (2298,4403) size 77x22 contains 1 chunk(s)
        LayoutSVGInlineText {#text} at (2298,4403) size 77x22
          chunk 1 text run 1 at (2300.00,4420.00) startOffset 0 endOffset 11 width 75.00: "just a text"
      LayoutSVGText {text} at (2398,4403) size 77x22 contains 1 chunk(s)
        LayoutSVGInlineText {#text} at (2398,4403) size 77x22
          chunk 1 text run 1 at (2400.00,4420.00) startOffset 0 endOffset 11 width 75.00: "just a text"
      LayoutSVGText {text} at (2498,4403) size 77x22 contains 1 chunk(s)
        LayoutSVGInlineText {#text} at (2498,4403) size 77x22
          chunk 1 text run 1 at (2500.00,4420.00) startOffset 0 endOffset 11 width 75.00: "just a text"
      LayoutSVGText {text} at (2598,4403) size 77x22 contains 1 chunk(s)
        LayoutSVGInlineText {#text} at (2598,4403) size 77x22
          chunk 1 text run 1 at (2600.00,4420.00) startOffset 0 endOffset 11 width 75.00: "just a text"
      LayoutSVGText {text} at (2698,4403) size 77x22 contains 1 chunk(s)
        LayoutSVGInlineText {#text} at (2698,4403) size 77x22
          chunk 1 text run 1 at (2700.00,4420.00) startOffset 0 endOffset 11 width 75.00: "just a text"
      LayoutSVGText {text} at (2798,4403) size 77x22 contains 1 chunk(s)
        LayoutSVGInlineText {#text} at (2798,4403) size 77x22
          chunk 1 text run 1 at (2800.00,4420.00) startOffset 0 endOffset 11 width 75.00: "just a text"
      LayoutSVGText {text} at (2898,4403) size 77x22 contains 1 chunk(s)
        LayoutSVGInlineText {#text} at (2898,4403) size 77x22
          chunk 1 text run 1 at (2900.00,4420.00) startOffset 0 endOffset 11 width 75.00: "just a text"
      LayoutSVGText {text} at (2998,4403) size 77x22 contains 1 chunk(s)
        LayoutSVGInlineText {#text} at (2998,4403) size 77x22
          chunk 1 text run 1 at (3000.00,4420.00) startOffset 0 endOffset 11 width 75.00: "just a text"
      LayoutSVGText {text} at (3098,4403) size 77x22 contains 1 chunk(s)
        LayoutSVGInlineText {#text} at (3098,4403) size 77x22
          chunk 1 text run 1 at (3100.00,4420.00) startOffset 0 endOffset 11 width 75.00: "just a text"
      LayoutSVGText {text} at (3198,4403) size 77x22 contains 1 chunk(s)
        LayoutSVGInlineText {#text} at (3198,4403) size 77x22
          chunk 1 text run 1 at (3200.00,4420.00) startOffset 0 endOffset 11 width 75.00: "just a text"
      LayoutSVGText {text} at (3298,4403) size 77x22 contains 1 chunk(s)
        LayoutSVGInlineText {#text} at (3298,4403) size 77x22
          chunk 1 text run 1 at (3300.00,4420.00) startOffset 0 endOffset 11 width 75.00: "just a text"
      LayoutSVGText {text} at (3398,4403) size 77x22 contains 1 chunk(s)
        LayoutSVGInlineText {#text} at (3398,4403) size 77x22
          chunk 1 text run 1 at (3400.00,4420.00) startOffset 0 endOffset 11 width 75.00: "just a text"
      LayoutSVGText {text} at (3498,4403) size 77x22 contains 1 chunk(s)
        LayoutSVGInlineText {#text} at (3498,4403) size 77x22
          chunk 1 text run 1 at (3500.00,4420.00) startOffset 0 endOffset 11 width 75.00: "just a text"
      LayoutSVGText {text} at (3598,4403) size 77x22 contains 1 chunk(s)
        LayoutSVGInlineText {#text} at (3598,4403) size 77x22
          chunk 1 text run 1 at (3600.00,4420.00) startOffset 0 endOffset 11 width 75.00: "just a text"
      LayoutSVGText {text} at (3698,4403) size 77x22 contains 1 chunk(s)
        LayoutSVGInlineText {#text} at (3698,4403) size 77x22
          chunk 1 text run 1 at (3700.00,4420.00) startOffset 0 endOffset 11 width 75.00: "just a text"
      LayoutSVGText {text} at (3798,4403) size 77x22 contains 1 chunk(s)
        LayoutSVGInlineText {#text} at (3798,4403) size 77x22
          chunk 1 text run 1 at (3800.00,4420.00) startOffset 0 endOffset 11 width 75.00: "just a text"
      LayoutSVGText {text} at (3898,4403) size 77x22 contains 1 chunk(s)
        LayoutSVGInlineText {#text} at (3898,4403) size 77x22
          chunk 1 text run 1 at (3900.00,4420.00) startOffset 0 endOffset 11 width 75.00: "just a text"
      LayoutSVGText {text} at (3998,4403) size 77x22 contains 1 chunk(s)
        LayoutSVGInlineText {#text} at (3998,4403) size 77x22
          chunk 1 text run 1 at (4000.00,4420.00) startOffset 0 endOffset 11 width 75.00: "just a text"
      LayoutSVGText {text} at (4098,4403) size 77x22 contains 1 chunk(s)
        LayoutSVGInlineText {#text} at (4098,4403) size 77x22
          chunk 1 text run 1 at (4100.00,4420.00) startOffset 0 endOffset 11 width 75.00: "just a text"
      LayoutSVGText {text} at (4198,4403) size 77x22 contains 1 chunk(s)
        LayoutSVGInlineText {#text} at (4198,4403) size 77x22
          chunk 1 text run 1 at (4200.00,4420.00) startOffset 0 endOffset 11 width 75.00: "just a text"
      LayoutSVGText {text} at (4298,4403) size 77x22 contains 1 chunk(s)
        LayoutSVGInlineText {#text} at (4298,4403) size 77x22
          chunk 1 text run 1 at (4300.00,4420.00) startOffset 0 endOffset 11 width 75.00: "just a text"
      LayoutSVGText {text} at (4398,4403) size 77x22 contains 1 chunk(s)
        LayoutSVGInlineText {#text} at (4398,4403) size 77x22
          chunk 1 text run 1 at (4400.00,4420.00) startOffset 0 endOffset 11 width 75.00: "just a text"
      LayoutSVGText {text} at (4498,4403) size 77x22 contains 1 chunk(s)
        LayoutSVGInlineText {#text} at (4498,4403) size 77x22
          chunk 1 text run 1 at (4500.00,4420.00) startOffset 0 endOffset 11 width 75.00: "just a text"
      LayoutSVGText {text} at (4598,4403) size 77x22 contains 1 chunk(s)
        LayoutSVGInlineText {#text} at (4598,4403) size 77x22
          chunk 1 text run 1 at (4600.00,4420.00) startOffset 0 endOffset 11 width 75.00: "just a text"
      LayoutSVGText {text} at (4698,4403) size 77x22 contains 1 chunk(s)
        LayoutSVGInlineText {#text} at (4698,4403) size 77x22
          chunk 1 text run 1 at (4700.00,4420.00) startOffset 0 endOffset 11 width 75.00: "just a text"
      LayoutSVGText {text} at (4798,4403) size 77x22 contains 1 chunk(s)
        LayoutSVGInlineText {#text} at (4798,4403) size 77x22
          chunk 1 text run 1 at (4800.00,4420.00) startOffset 0 endOffset 11 width 75.00: "just a text"
      LayoutSVGText {text} at (4898,4403) size 77x22 contains 1 chunk(s)
        LayoutSVGInlineText {#text} at (4898,4403) size 77x22
          chunk 1 text run 1 at (4900.00,4420.00) startOffset 0 endOffset 11 width 75.00: "just a text"
      LayoutSVGText {text} at (-2,4503) size 77x22 contains 1 chunk(s)
        LayoutSVGInlineText {#text} at (-2,4503) size 77x22
          chunk 1 text run 1 at (0.00,4520.00) startOffset 0 endOffset 11 width 75.00: "just a text"
      LayoutSVGText {text} at (98,4503) size 77x22 contains 1 chunk(s)
        LayoutSVGInlineText {#text} at (98,4503) size 77x22
          chunk 1 text run 1 at (100.00,4520.00) startOffset 0 endOffset 11 width 75.00: "just a text"
      LayoutSVGText {text} at (198,4503) size 77x22 contains 1 chunk(s)
        LayoutSVGInlineText {#text} at (198,4503) size 77x22
          chunk 1 text run 1 at (200.00,4520.00) startOffset 0 endOffset 11 width 75.00: "just a text"
      LayoutSVGText {text} at (298,4503) size 77x22 contains 1 chunk(s)
        LayoutSVGInlineText {#text} at (298,4503) size 77x22
          chunk 1 text run 1 at (300.00,4520.00) startOffset 0 endOffset 11 width 75.00: "just a text"
      LayoutSVGText {text} at (398,4503) size 77x22 contains 1 chunk(s)
        LayoutSVGInlineText {#text} at (398,4503) size 77x22
          chunk 1 text run 1 at (400.00,4520.00) startOffset 0 endOffset 11 width 75.00: "just a text"
      LayoutSVGText {text} at (498,4503) size 77x22 contains 1 chunk(s)
        LayoutSVGInlineText {#text} at (498,4503) size 77x22
          chunk 1 text run 1 at (500.00,4520.00) startOffset 0 endOffset 11 width 75.00: "just a text"
      LayoutSVGText {text} at (598,4503) size 77x22 contains 1 chunk(s)
        LayoutSVGInlineText {#text} at (598,4503) size 77x22
          chunk 1 text run 1 at (600.00,4520.00) startOffset 0 endOffset 11 width 75.00: "just a text"
      LayoutSVGText {text} at (698,4503) size 77x22 contains 1 chunk(s)
        LayoutSVGInlineText {#text} at (698,4503) size 77x22
          chunk 1 text run 1 at (700.00,4520.00) startOffset 0 endOffset 11 width 75.00: "just a text"
      LayoutSVGText {text} at (798,4503) size 77x22 contains 1 chunk(s)
        LayoutSVGInlineText {#text} at (798,4503) size 77x22
          chunk 1 text run 1 at (800.00,4520.00) startOffset 0 endOffset 11 width 75.00: "just a text"
      LayoutSVGText {text} at (898,4503) size 77x22 contains 1 chunk(s)
        LayoutSVGInlineText {#text} at (898,4503) size 77x22
          chunk 1 text run 1 at (900.00,4520.00) startOffset 0 endOffset 11 width 75.00: "just a text"
      LayoutSVGText {text} at (998,4503) size 77x22 contains 1 chunk(s)
        LayoutSVGInlineText {#text} at (998,4503) size 77x22
          chunk 1 text run 1 at (1000.00,4520.00) startOffset 0 endOffset 11 width 75.00: "just a text"
      LayoutSVGText {text} at (1098,4503) size 77x22 contains 1 chunk(s)
        LayoutSVGInlineText {#text} at (1098,4503) size 77x22
          chunk 1 text run 1 at (1100.00,4520.00) startOffset 0 endOffset 11 width 75.00: "just a text"
      LayoutSVGText {text} at (1198,4503) size 77x22 contains 1 chunk(s)
        LayoutSVGInlineText {#text} at (1198,4503) size 77x22
          chunk 1 text run 1 at (1200.00,4520.00) startOffset 0 endOffset 11 width 75.00: "just a text"
      LayoutSVGText {text} at (1298,4503) size 77x22 contains 1 chunk(s)
        LayoutSVGInlineText {#text} at (1298,4503) size 77x22
          chunk 1 text run 1 at (1300.00,4520.00) startOffset 0 endOffset 11 width 75.00: "just a text"
      LayoutSVGText {text} at (1398,4503) size 77x22 contains 1 chunk(s)
        LayoutSVGInlineText {#text} at (1398,4503) size 77x22
          chunk 1 text run 1 at (1400.00,4520.00) startOffset 0 endOffset 11 width 75.00: "just a text"
      LayoutSVGText {text} at (1498,4503) size 77x22 contains 1 chunk(s)
        LayoutSVGInlineText {#text} at (1498,4503) size 77x22
          chunk 1 text run 1 at (1500.00,4520.00) startOffset 0 endOffset 11 width 75.00: "just a text"
      LayoutSVGText {text} at (1598,4503) size 77x22 contains 1 chunk(s)
        LayoutSVGInlineText {#text} at (1598,4503) size 77x22
          chunk 1 text run 1 at (1600.00,4520.00) startOffset 0 endOffset 11 width 75.00: "just a text"
      LayoutSVGText {text} at (1698,4503) size 77x22 contains 1 chunk(s)
        LayoutSVGInlineText {#text} at (1698,4503) size 77x22
          chunk 1 text run 1 at (1700.00,4520.00) startOffset 0 endOffset 11 width 75.00: "just a text"
      LayoutSVGText {text} at (1798,4503) size 77x22 contains 1 chunk(s)
        LayoutSVGInlineText {#text} at (1798,4503) size 77x22
          chunk 1 text run 1 at (1800.00,4520.00) startOffset 0 endOffset 11 width 75.00: "just a text"
      LayoutSVGText {text} at (1898,4503) size 77x22 contains 1 chunk(s)
        LayoutSVGInlineText {#text} at (1898,4503) size 77x22
          chunk 1 text run 1 at (1900.00,4520.00) startOffset 0 endOffset 11 width 75.00: "just a text"
      LayoutSVGText {text} at (1998,4503) size 77x22 contains 1 chunk(s)
        LayoutSVGInlineText {#text} at (1998,4503) size 77x22
          chunk 1 text run 1 at (2000.00,4520.00) startOffset 0 endOffset 11 width 75.00: "just a text"
      LayoutSVGText {text} at (2098,4503) size 77x22 contains 1 chunk(s)
        LayoutSVGInlineText {#text} at (2098,4503) size 77x22
          chunk 1 text run 1 at (2100.00,4520.00) startOffset 0 endOffset 11 width 75.00: "just a text"
      LayoutSVGText {text} at (2198,4503) size 77x22 contains 1 chunk(s)
        LayoutSVGInlineText {#text} at (2198,4503) size 77x22
          chunk 1 text run 1 at (2200.00,4520.00) startOffset 0 endOffset 11 width 75.00: "just a text"
      LayoutSVGText {text} at (2298,4503) size 77x22 contains 1 chunk(s)
        LayoutSVGInlineText {#text} at (2298,4503) size 77x22
          chunk 1 text run 1 at (2300.00,4520.00) startOffset 0 endOffset 11 width 75.00: "just a text"
      LayoutSVGText {text} at (2398,4503) size 77x22 contains 1 chunk(s)
        LayoutSVGInlineText {#text} at (2398,4503) size 77x22
          chunk 1 text run 1 at (2400.00,4520.00) startOffset 0 endOffset 11 width 75.00: "just a text"
      LayoutSVGText {text} at (2498,4503) size 77x22 contains 1 chunk(s)
        LayoutSVGInlineText {#text} at (2498,4503) size 77x22
          chunk 1 text run 1 at (2500.00,4520.00) startOffset 0 endOffset 11 width 75.00: "just a text"
      LayoutSVGText {text} at (2598,4503) size 77x22 contains 1 chunk(s)
        LayoutSVGInlineText {#text} at (2598,4503) size 77x22
          chunk 1 text run 1 at (2600.00,4520.00) startOffset 0 endOffset 11 width 75.00: "just a text"
      LayoutSVGText {text} at (2698,4503) size 77x22 contains 1 chunk(s)
        LayoutSVGInlineText {#text} at (2698,4503) size 77x22
          chunk 1 text run 1 at (2700.00,4520.00) startOffset 0 endOffset 11 width 75.00: "just a text"
      LayoutSVGText {text} at (2798,4503) size 77x22 contains 1 chunk(s)
        LayoutSVGInlineText {#text} at (2798,4503) size 77x22
          chunk 1 text run 1 at (2800.00,4520.00) startOffset 0 endOffset 11 width 75.00: "just a text"
      LayoutSVGText {text} at (2898,4503) size 77x22 contains 1 chunk(s)
        LayoutSVGInlineText {#text} at (2898,4503) size 77x22
          chunk 1 text run 1 at (2900.00,4520.00) startOffset 0 endOffset 11 width 75.00: "just a text"
      LayoutSVGText {text} at (2998,4503) size 77x22 contains 1 chunk(s)
        LayoutSVGInlineText {#text} at (2998,4503) size 77x22
          chunk 1 text run 1 at (3000.00,4520.00) startOffset 0 endOffset 11 width 75.00: "just a text"
      LayoutSVGText {text} at (3098,4503) size 77x22 contains 1 chunk(s)
        LayoutSVGInlineText {#text} at (3098,4503) size 77x22
          chunk 1 text run 1 at (3100.00,4520.00) startOffset 0 endOffset 11 width 75.00: "just a text"
      LayoutSVGText {text} at (3198,4503) size 77x22 contains 1 chunk(s)
        LayoutSVGInlineText {#text} at (3198,4503) size 77x22
          chunk 1 text run 1 at (3200.00,4520.00) startOffset 0 endOffset 11 width 75.00: "just a text"
      LayoutSVGText {text} at (3298,4503) size 77x22 contains 1 chunk(s)
        LayoutSVGInlineText {#text} at (3298,4503) size 77x22
          chunk 1 text run 1 at (3300.00,4520.00) startOffset 0 endOffset 11 width 75.00: "just a text"
      LayoutSVGText {text} at (3398,4503) size 77x22 contains 1 chunk(s)
        LayoutSVGInlineText {#text} at (3398,4503) size 77x22
          chunk 1 text run 1 at (3400.00,4520.00) startOffset 0 endOffset 11 width 75.00: "just a text"
      LayoutSVGText {text} at (3498,4503) size 77x22 contains 1 chunk(s)
        LayoutSVGInlineText {#text} at (3498,4503) size 77x22
          chunk 1 text run 1 at (3500.00,4520.00) startOffset 0 endOffset 11 width 75.00: "just a text"
      LayoutSVGText {text} at (3598,4503) size 77x22 contains 1 chunk(s)
        LayoutSVGInlineText {#text} at (3598,4503) size 77x22
          chunk 1 text run 1 at (3600.00,4520.00) startOffset 0 endOffset 11 width 75.00: "just a text"
      LayoutSVGText {text} at (3698,4503) size 77x22 contains 1 chunk(s)
        LayoutSVGInlineText {#text} at (3698,4503) size 77x22
          chunk 1 text run 1 at (3700.00,4520.00) startOffset 0 endOffset 11 width 75.00: "just a text"
      LayoutSVGText {text} at (3798,4503) size 77x22 contains 1 chunk(s)
        LayoutSVGInlineText {#text} at (3798,4503) size 77x22
          chunk 1 text run 1 at (3800.00,4520.00) startOffset 0 endOffset 11 width 75.00: "just a text"
      LayoutSVGText {text} at (3898,4503) size 77x22 contains 1 chunk(s)
        LayoutSVGInlineText {#text} at (3898,4503) size 77x22
          chunk 1 text run 1 at (3900.00,4520.00) startOffset 0 endOffset 11 width 75.00: "just a text"
      LayoutSVGText {text} at (3998,4503) size 77x22 contains 1 chunk(s)
        LayoutSVGInlineText {#text} at (3998,4503) size 77x22
          chunk 1 text run 1 at (4000.00,4520.00) startOffset 0 endOffset 11 width 75.00: "just a text"
      LayoutSVGText {text} at (4098,4503) size 77x22 contains 1 chunk(s)
        LayoutSVGInlineText {#text} at (4098,4503) size 77x22
          chunk 1 text run 1 at (4100.00,4520.00) startOffset 0 endOffset 11 width 75.00: "just a text"
      LayoutSVGText {text} at (4198,4503) size 77x22 contains 1 chunk(s)
        LayoutSVGInlineText {#text} at (4198,4503) size 77x22
          chunk 1 text run 1 at (4200.00,4520.00) startOffset 0 endOffset 11 width 75.00: "just a text"
      LayoutSVGText {text} at (4298,4503) size 77x22 contains 1 chunk(s)
        LayoutSVGInlineText {#text} at (4298,4503) size 77x22
          chunk 1 text run 1 at (4300.00,4520.00) startOffset 0 endOffset 11 width 75.00: "just a text"
      LayoutSVGText {text} at (4398,4503) size 77x22 contains 1 chunk(s)
        LayoutSVGInlineText {#text} at (4398,4503) size 77x22
          chunk 1 text run 1 at (4400.00,4520.00) startOffset 0 endOffset 11 width 75.00: "just a text"
      LayoutSVGText {text} at (4498,4503) size 77x22 contains 1 chunk(s)
        LayoutSVGInlineText {#text} at (4498,4503) size 77x22
          chunk 1 text run 1 at (4500.00,4520.00) startOffset 0 endOffset 11 width 75.00: "just a text"
      LayoutSVGText {text} at (4598,4503) size 77x22 contains 1 chunk(s)
        LayoutSVGInlineText {#text} at (4598,4503) size 77x22
          chunk 1 text run 1 at (4600.00,4520.00) startOffset 0 endOffset 11 width 75.00: "just a text"
      LayoutSVGText {text} at (4698,4503) size 77x22 contains 1 chunk(s)
        LayoutSVGInlineText {#text} at (4698,4503) size 77x22
          chunk 1 text run 1 at (4700.00,4520.00) startOffset 0 endOffset 11 width 75.00: "just a text"
      LayoutSVGText {text} at (4798,4503) size 77x22 contains 1 chunk(s)
        LayoutSVGInlineText {#text} at (4798,4503) size 77x22
          chunk 1 text run 1 at (4800.00,4520.00) startOffset 0 endOffset 11 width 75.00: "just a text"
      LayoutSVGText {text} at (4898,4503) size 77x22 contains 1 chunk(s)
        LayoutSVGInlineText {#text} at (4898,4503) size 77x22
          chunk 1 text run 1 at (4900.00,4520.00) startOffset 0 endOffset 11 width 75.00: "just a text"
      LayoutSVGText {text} at (-2,4603) size 77x22 contains 1 chunk(s)
        LayoutSVGInlineText {#text} at (-2,4603) size 77x22
          chunk 1 text run 1 at (0.00,4620.00) startOffset 0 endOffset 11 width 75.00: "just a text"
      LayoutSVGText {text} at (98,4603) size 77x22 contains 1 chunk(s)
        LayoutSVGInlineText {#text} at (98,4603) size 77x22
          chunk 1 text run 1 at (100.00,4620.00) startOffset 0 endOffset 11 width 75.00: "just a text"
      LayoutSVGText {text} at (198,4603) size 77x22 contains 1 chunk(s)
        LayoutSVGInlineText {#text} at (198,4603) size 77x22
          chunk 1 text run 1 at (200.00,4620.00) startOffset 0 endOffset 11 width 75.00: "just a text"
      LayoutSVGText {text} at (298,4603) size 77x22 contains 1 chunk(s)
        LayoutSVGInlineText {#text} at (298,4603) size 77x22
          chunk 1 text run 1 at (300.00,4620.00) startOffset 0 endOffset 11 width 75.00: "just a text"
      LayoutSVGText {text} at (398,4603) size 77x22 contains 1 chunk(s)
        LayoutSVGInlineText {#text} at (398,4603) size 77x22
          chunk 1 text run 1 at (400.00,4620.00) startOffset 0 endOffset 11 width 75.00: "just a text"
      LayoutSVGText {text} at (498,4603) size 77x22 contains 1 chunk(s)
        LayoutSVGInlineText {#text} at (498,4603) size 77x22
          chunk 1 text run 1 at (500.00,4620.00) startOffset 0 endOffset 11 width 75.00: "just a text"
      LayoutSVGText {text} at (598,4603) size 77x22 contains 1 chunk(s)
        LayoutSVGInlineText {#text} at (598,4603) size 77x22
          chunk 1 text run 1 at (600.00,4620.00) startOffset 0 endOffset 11 width 75.00: "just a text"
      LayoutSVGText {text} at (698,4603) size 77x22 contains 1 chunk(s)
        LayoutSVGInlineText {#text} at (698,4603) size 77x22
          chunk 1 text run 1 at (700.00,4620.00) startOffset 0 endOffset 11 width 75.00: "just a text"
      LayoutSVGText {text} at (798,4603) size 77x22 contains 1 chunk(s)
        LayoutSVGInlineText {#text} at (798,4603) size 77x22
          chunk 1 text run 1 at (800.00,4620.00) startOffset 0 endOffset 11 width 75.00: "just a text"
      LayoutSVGText {text} at (898,4603) size 77x22 contains 1 chunk(s)
        LayoutSVGInlineText {#text} at (898,4603) size 77x22
          chunk 1 text run 1 at (900.00,4620.00) startOffset 0 endOffset 11 width 75.00: "just a text"
      LayoutSVGText {text} at (998,4603) size 77x22 contains 1 chunk(s)
        LayoutSVGInlineText {#text} at (998,4603) size 77x22
          chunk 1 text run 1 at (1000.00,4620.00) startOffset 0 endOffset 11 width 75.00: "just a text"
      LayoutSVGText {text} at (1098,4603) size 77x22 contains 1 chunk(s)
        LayoutSVGInlineText {#text} at (1098,4603) size 77x22
          chunk 1 text run 1 at (1100.00,4620.00) startOffset 0 endOffset 11 width 75.00: "just a text"
      LayoutSVGText {text} at (1198,4603) size 77x22 contains 1 chunk(s)
        LayoutSVGInlineText {#text} at (1198,4603) size 77x22
          chunk 1 text run 1 at (1200.00,4620.00) startOffset 0 endOffset 11 width 75.00: "just a text"
      LayoutSVGText {text} at (1298,4603) size 77x22 contains 1 chunk(s)
        LayoutSVGInlineText {#text} at (1298,4603) size 77x22
          chunk 1 text run 1 at (1300.00,4620.00) startOffset 0 endOffset 11 width 75.00: "just a text"
      LayoutSVGText {text} at (1398,4603) size 77x22 contains 1 chunk(s)
        LayoutSVGInlineText {#text} at (1398,4603) size 77x22
          chunk 1 text run 1 at (1400.00,4620.00) startOffset 0 endOffset 11 width 75.00: "just a text"
      LayoutSVGText {text} at (1498,4603) size 77x22 contains 1 chunk(s)
        LayoutSVGInlineText {#text} at (1498,4603) size 77x22
          chunk 1 text run 1 at (1500.00,4620.00) startOffset 0 endOffset 11 width 75.00: "just a text"
      LayoutSVGText {text} at (1598,4603) size 77x22 contains 1 chunk(s)
        LayoutSVGInlineText {#text} at (1598,4603) size 77x22
          chunk 1 text run 1 at (1600.00,4620.00) startOffset 0 endOffset 11 width 75.00: "just a text"
      LayoutSVGText {text} at (1698,4603) size 77x22 contains 1 chunk(s)
        LayoutSVGInlineText {#text} at (1698,4603) size 77x22
          chunk 1 text run 1 at (1700.00,4620.00) startOffset 0 endOffset 11 width 75.00: "just a text"
      LayoutSVGText {text} at (1798,4603) size 77x22 contains 1 chunk(s)
        LayoutSVGInlineText {#text} at (1798,4603) size 77x22
          chunk 1 text run 1 at (1800.00,4620.00) startOffset 0 endOffset 11 width 75.00: "just a text"
      LayoutSVGText {text} at (1898,4603) size 77x22 contains 1 chunk(s)
        LayoutSVGInlineText {#text} at (1898,4603) size 77x22
          chunk 1 text run 1 at (1900.00,4620.00) startOffset 0 endOffset 11 width 75.00: "just a text"
      LayoutSVGText {text} at (1998,4603) size 77x22 contains 1 chunk(s)
        LayoutSVGInlineText {#text} at (1998,4603) size 77x22
          chunk 1 text run 1 at (2000.00,4620.00) startOffset 0 endOffset 11 width 75.00: "just a text"
      LayoutSVGText {text} at (2098,4603) size 77x22 contains 1 chunk(s)
        LayoutSVGInlineText {#text} at (2098,4603) size 77x22
          chunk 1 text run 1 at (2100.00,4620.00) startOffset 0 endOffset 11 width 75.00: "just a text"
      LayoutSVGText {text} at (2198,4603) size 77x22 contains 1 chunk(s)
        LayoutSVGInlineText {#text} at (2198,4603) size 77x22
          chunk 1 text run 1 at (2200.00,4620.00) startOffset 0 endOffset 11 width 75.00: "just a text"
      LayoutSVGText {text} at (2298,4603) size 77x22 contains 1 chunk(s)
        LayoutSVGInlineText {#text} at (2298,4603) size 77x22
          chunk 1 text run 1 at (2300.00,4620.00) startOffset 0 endOffset 11 width 75.00: "just a text"
      LayoutSVGText {text} at (2398,4603) size 77x22 contains 1 chunk(s)
        LayoutSVGInlineText {#text} at (2398,4603) size 77x22
          chunk 1 text run 1 at (2400.00,4620.00) startOffset 0 endOffset 11 width 75.00: "just a text"
      LayoutSVGText {text} at (2498,4603) size 77x22 contains 1 chunk(s)
        LayoutSVGInlineText {#text} at (2498,4603) size 77x22
          chunk 1 text run 1 at (2500.00,4620.00) startOffset 0 endOffset 11 width 75.00: "just a text"
      LayoutSVGText {text} at (2598,4603) size 77x22 contains 1 chunk(s)
        LayoutSVGInlineText {#text} at (2598,4603) size 77x22
          chunk 1 text run 1 at (2600.00,4620.00) startOffset 0 endOffset 11 width 75.00: "just a text"
      LayoutSVGText {text} at (2698,4603) size 77x22 contains 1 chunk(s)
        LayoutSVGInlineText {#text} at (2698,4603) size 77x22
          chunk 1 text run 1 at (2700.00,4620.00) startOffset 0 endOffset 11 width 75.00: "just a text"
      LayoutSVGText {text} at (2798,4603) size 77x22 contains 1 chunk(s)
        LayoutSVGInlineText {#text} at (2798,4603) size 77x22
          chunk 1 text run 1 at (2800.00,4620.00) startOffset 0 endOffset 11 width 75.00: "just a text"
      LayoutSVGText {text} at (2898,4603) size 77x22 contains 1 chunk(s)
        LayoutSVGInlineText {#text} at (2898,4603) size 77x22
          chunk 1 text run 1 at (2900.00,4620.00) startOffset 0 endOffset 11 width 75.00: "just a text"
      LayoutSVGText {text} at (2998,4603) size 77x22 contains 1 chunk(s)
        LayoutSVGInlineText {#text} at (2998,4603) size 77x22
          chunk 1 text run 1 at (3000.00,4620.00) startOffset 0 endOffset 11 width 75.00: "just a text"
      LayoutSVGText {text} at (3098,4603) size 77x22 contains 1 chunk(s)
        LayoutSVGInlineText {#text} at (3098,4603) size 77x22
          chunk 1 text run 1 at (3100.00,4620.00) startOffset 0 endOffset 11 width 75.00: "just a text"
      LayoutSVGText {text} at (3198,4603) size 77x22 contains 1 chunk(s)
        LayoutSVGInlineText {#text} at (3198,4603) size 77x22
          chunk 1 text run 1 at (3200.00,4620.00) startOffset 0 endOffset 11 width 75.00: "just a text"
      LayoutSVGText {text} at (3298,4603) size 77x22 contains 1 chunk(s)
        LayoutSVGInlineText {#text} at (3298,4603) size 77x22
          chunk 1 text run 1 at (3300.00,4620.00) startOffset 0 endOffset 11 width 75.00: "just a text"
      LayoutSVGText {text} at (3398,4603) size 77x22 contains 1 chunk(s)
        LayoutSVGInlineText {#text} at (3398,4603) size 77x22
          chunk 1 text run 1 at (3400.00,4620.00) startOffset 0 endOffset 11 width 75.00: "just a text"
      LayoutSVGText {text} at (3498,4603) size 77x22 contains 1 chunk(s)
        LayoutSVGInlineText {#text} at (3498,4603) size 77x22
          chunk 1 text run 1 at (3500.00,4620.00) startOffset 0 endOffset 11 width 75.00: "just a text"
      LayoutSVGText {text} at (3598,4603) size 77x22 contains 1 chunk(s)
        LayoutSVGInlineText {#text} at (3598,4603) size 77x22
          chunk 1 text run 1 at (3600.00,4620.00) startOffset 0 endOffset 11 width 75.00: "just a text"
      LayoutSVGText {text} at (3698,4603) size 77x22 contains 1 chunk(s)
        LayoutSVGInlineText {#text} at (3698,4603) size 77x22
          chunk 1 text run 1 at (3700.00,4620.00) startOffset 0 endOffset 11 width 75.00: "just a text"
      LayoutSVGText {text} at (3798,4603) size 77x22 contains 1 chunk(s)
        LayoutSVGInlineText {#text} at (3798,4603) size 77x22
          chunk 1 text run 1 at (3800.00,4620.00) startOffset 0 endOffset 11 width 75.00: "just a text"
      LayoutSVGText {text} at (3898,4603) size 77x22 contains 1 chunk(s)
        LayoutSVGInlineText {#text} at (3898,4603) size 77x22
          chunk 1 text run 1 at (3900.00,4620.00) startOffset 0 endOffset 11 width 75.00: "just a text"
      LayoutSVGText {text} at (3998,4603) size 77x22 contains 1 chunk(s)
        LayoutSVGInlineText {#text} at (3998,4603) size 77x22
          chunk 1 text run 1 at (4000.00,4620.00) startOffset 0 endOffset 11 width 75.00: "just a text"
      LayoutSVGText {text} at (4098,4603) size 77x22 contains 1 chunk(s)
        LayoutSVGInlineText {#text} at (4098,4603) size 77x22
          chunk 1 text run 1 at (4100.00,4620.00) startOffset 0 endOffset 11 width 75.00: "just a text"
      LayoutSVGText {text} at (4198,4603) size 77x22 contains 1 chunk(s)
        LayoutSVGInlineText {#text} at (4198,4603) size 77x22
          chunk 1 text run 1 at (4200.00,4620.00) startOffset 0 endOffset 11 width 75.00: "just a text"
      LayoutSVGText {text} at (4298,4603) size 77x22 contains 1 chunk(s)
        LayoutSVGInlineText {#text} at (4298,4603) size 77x22
          chunk 1 text run 1 at (4300.00,4620.00) startOffset 0 endOffset 11 width 75.00: "just a text"
      LayoutSVGText {text} at (4398,4603) size 77x22 contains 1 chunk(s)
        LayoutSVGInlineText {#text} at (4398,4603) size 77x22
          chunk 1 text run 1 at (4400.00,4620.00) startOffset 0 endOffset 11 width 75.00: "just a text"
      LayoutSVGText {text} at (4498,4603) size 77x22 contains 1 chunk(s)
        LayoutSVGInlineText {#text} at (4498,4603) size 77x22
          chunk 1 text run 1 at (4500.00,4620.00) startOffset 0 endOffset 11 width 75.00: "just a text"
      LayoutSVGText {text} at (4598,4603) size 77x22 contains 1 chunk(s)
        LayoutSVGInlineText {#text} at (4598,4603) size 77x22
          chunk 1 text run 1 at (4600.00,4620.00) startOffset 0 endOffset 11 width 75.00: "just a text"
      LayoutSVGText {text} at (4698,4603) size 77x22 contains 1 chunk(s)
        LayoutSVGInlineText {#text} at (4698,4603) size 77x22
          chunk 1 text run 1 at (4700.00,4620.00) startOffset 0 endOffset 11 width 75.00: "just a text"
      LayoutSVGText {text} at (4798,4603) size 77x22 contains 1 chunk(s)
        LayoutSVGInlineText {#text} at (4798,4603) size 77x22
          chunk 1 text run 1 at (4800.00,4620.00) startOffset 0 endOffset 11 width 75.00: "just a text"
      LayoutSVGText {text} at (4898,4603) size 77x22 contains 1 chunk(s)
        LayoutSVGInlineText {#text} at (4898,4603) size 77x22
          chunk 1 text run 1 at (4900.00,4620.00) startOffset 0 endOffset 11 width 75.00: "just a text"
      LayoutSVGText {text} at (-2,4703) size 77x22 contains 1 chunk(s)
        LayoutSVGInlineText {#text} at (-2,4703) size 77x22
          chunk 1 text run 1 at (0.00,4720.00) startOffset 0 endOffset 11 width 75.00: "just a text"
      LayoutSVGText {text} at (98,4703) size 77x22 contains 1 chunk(s)
        LayoutSVGInlineText {#text} at (98,4703) size 77x22
          chunk 1 text run 1 at (100.00,4720.00) startOffset 0 endOffset 11 width 75.00: "just a text"
      LayoutSVGText {text} at (198,4703) size 77x22 contains 1 chunk(s)
        LayoutSVGInlineText {#text} at (198,4703) size 77x22
          chunk 1 text run 1 at (200.00,4720.00) startOffset 0 endOffset 11 width 75.00: "just a text"
      LayoutSVGText {text} at (298,4703) size 77x22 contains 1 chunk(s)
        LayoutSVGInlineText {#text} at (298,4703) size 77x22
          chunk 1 text run 1 at (300.00,4720.00) startOffset 0 endOffset 11 width 75.00: "just a text"
      LayoutSVGText {text} at (398,4703) size 77x22 contains 1 chunk(s)
        LayoutSVGInlineText {#text} at (398,4703) size 77x22
          chunk 1 text run 1 at (400.00,4720.00) startOffset 0 endOffset 11 width 75.00: "just a text"
      LayoutSVGText {text} at (498,4703) size 77x22 contains 1 chunk(s)
        LayoutSVGInlineText {#text} at (498,4703) size 77x22
          chunk 1 text run 1 at (500.00,4720.00) startOffset 0 endOffset 11 width 75.00: "just a text"
      LayoutSVGText {text} at (598,4703) size 77x22 contains 1 chunk(s)
        LayoutSVGInlineText {#text} at (598,4703) size 77x22
          chunk 1 text run 1 at (600.00,4720.00) startOffset 0 endOffset 11 width 75.00: "just a text"
      LayoutSVGText {text} at (698,4703) size 77x22 contains 1 chunk(s)
        LayoutSVGInlineText {#text} at (698,4703) size 77x22
          chunk 1 text run 1 at (700.00,4720.00) startOffset 0 endOffset 11 width 75.00: "just a text"
      LayoutSVGText {text} at (798,4703) size 77x22 contains 1 chunk(s)
        LayoutSVGInlineText {#text} at (798,4703) size 77x22
          chunk 1 text run 1 at (800.00,4720.00) startOffset 0 endOffset 11 width 75.00: "just a text"
      LayoutSVGText {text} at (898,4703) size 77x22 contains 1 chunk(s)
        LayoutSVGInlineText {#text} at (898,4703) size 77x22
          chunk 1 text run 1 at (900.00,4720.00) startOffset 0 endOffset 11 width 75.00: "just a text"
      LayoutSVGText {text} at (998,4703) size 77x22 contains 1 chunk(s)
        LayoutSVGInlineText {#text} at (998,4703) size 77x22
          chunk 1 text run 1 at (1000.00,4720.00) startOffset 0 endOffset 11 width 75.00: "just a text"
      LayoutSVGText {text} at (1098,4703) size 77x22 contains 1 chunk(s)
        LayoutSVGInlineText {#text} at (1098,4703) size 77x22
          chunk 1 text run 1 at (1100.00,4720.00) startOffset 0 endOffset 11 width 75.00: "just a text"
      LayoutSVGText {text} at (1198,4703) size 77x22 contains 1 chunk(s)
        LayoutSVGInlineText {#text} at (1198,4703) size 77x22
          chunk 1 text run 1 at (1200.00,4720.00) startOffset 0 endOffset 11 width 75.00: "just a text"
      LayoutSVGText {text} at (1298,4703) size 77x22 contains 1 chunk(s)
        LayoutSVGInlineText {#text} at (1298,4703) size 77x22
          chunk 1 text run 1 at (1300.00,4720.00) startOffset 0 endOffset 11 width 75.00: "just a text"
      LayoutSVGText {text} at (1398,4703) size 77x22 contains 1 chunk(s)
        LayoutSVGInlineText {#text} at (1398,4703) size 77x22
          chunk 1 text run 1 at (1400.00,4720.00) startOffset 0 endOffset 11 width 75.00: "just a text"
      LayoutSVGText {text} at (1498,4703) size 77x22 contains 1 chunk(s)
        LayoutSVGInlineText {#text} at (1498,4703) size 77x22
          chunk 1 text run 1 at (1500.00,4720.00) startOffset 0 endOffset 11 width 75.00: "just a text"
      LayoutSVGText {text} at (1598,4703) size 77x22 contains 1 chunk(s)
        LayoutSVGInlineText {#text} at (1598,4703) size 77x22
          chunk 1 text run 1 at (1600.00,4720.00) startOffset 0 endOffset 11 width 75.00: "just a text"
      LayoutSVGText {text} at (1698,4703) size 77x22 contains 1 chunk(s)
        LayoutSVGInlineText {#text} at (1698,4703) size 77x22
          chunk 1 text run 1 at (1700.00,4720.00) startOffset 0 endOffset 11 width 75.00: "just a text"
      LayoutSVGText {text} at (1798,4703) size 77x22 contains 1 chunk(s)
        LayoutSVGInlineText {#text} at (1798,4703) size 77x22
          chunk 1 text run 1 at (1800.00,4720.00) startOffset 0 endOffset 11 width 75.00: "just a text"
      LayoutSVGText {text} at (1898,4703) size 77x22 contains 1 chunk(s)
        LayoutSVGInlineText {#text} at (1898,4703) size 77x22
          chunk 1 text run 1 at (1900.00,4720.00) startOffset 0 endOffset 11 width 75.00: "just a text"
      LayoutSVGText {text} at (1998,4703) size 77x22 contains 1 chunk(s)
        LayoutSVGInlineText {#text} at (1998,4703) size 77x22
          chunk 1 text run 1 at (2000.00,4720.00) startOffset 0 endOffset 11 width 75.00: "just a text"
      LayoutSVGText {text} at (2098,4703) size 77x22 contains 1 chunk(s)
        LayoutSVGInlineText {#text} at (2098,4703) size 77x22
          chunk 1 text run 1 at (2100.00,4720.00) startOffset 0 endOffset 11 width 75.00: "just a text"
      LayoutSVGText {text} at (2198,4703) size 77x22 contains 1 chunk(s)
        LayoutSVGInlineText {#text} at (2198,4703) size 77x22
          chunk 1 text run 1 at (2200.00,4720.00) startOffset 0 endOffset 11 width 75.00: "just a text"
      LayoutSVGText {text} at (2298,4703) size 77x22 contains 1 chunk(s)
        LayoutSVGInlineText {#text} at (2298,4703) size 77x22
          chunk 1 text run 1 at (2300.00,4720.00) startOffset 0 endOffset 11 width 75.00: "just a text"
      LayoutSVGText {text} at (2398,4703) size 77x22 contains 1 chunk(s)
        LayoutSVGInlineText {#text} at (2398,4703) size 77x22
          chunk 1 text run 1 at (2400.00,4720.00) startOffset 0 endOffset 11 width 75.00: "just a text"
      LayoutSVGText {text} at (2498,4703) size 77x22 contains 1 chunk(s)
        LayoutSVGInlineText {#text} at (2498,4703) size 77x22
          chunk 1 text run 1 at (2500.00,4720.00) startOffset 0 endOffset 11 width 75.00: "just a text"
      LayoutSVGText {text} at (2598,4703) size 77x22 contains 1 chunk(s)
        LayoutSVGInlineText {#text} at (2598,4703) size 77x22
          chunk 1 text run 1 at (2600.00,4720.00) startOffset 0 endOffset 11 width 75.00: "just a text"
      LayoutSVGText {text} at (2698,4703) size 77x22 contains 1 chunk(s)
        LayoutSVGInlineText {#text} at (2698,4703) size 77x22
          chunk 1 text run 1 at (2700.00,4720.00) startOffset 0 endOffset 11 width 75.00: "just a text"
      LayoutSVGText {text} at (2798,4703) size 77x22 contains 1 chunk(s)
        LayoutSVGInlineText {#text} at (2798,4703) size 77x22
          chunk 1 text run 1 at (2800.00,4720.00) startOffset 0 endOffset 11 width 75.00: "just a text"
      LayoutSVGText {text} at (2898,4703) size 77x22 contains 1 chunk(s)
        LayoutSVGInlineText {#text} at (2898,4703) size 77x22
          chunk 1 text run 1 at (2900.00,4720.00) startOffset 0 endOffset 11 width 75.00: "just a text"
      LayoutSVGText {text} at (2998,4703) size 77x22 contains 1 chunk(s)
        LayoutSVGInlineText {#text} at (2998,4703) size 77x22
          chunk 1 text run 1 at (3000.00,4720.00) startOffset 0 endOffset 11 width 75.00: "just a text"
      LayoutSVGText {text} at (3098,4703) size 77x22 contains 1 chunk(s)
        LayoutSVGInlineText {#text} at (3098,4703) size 77x22
          chunk 1 text run 1 at (3100.00,4720.00) startOffset 0 endOffset 11 width 75.00: "just a text"
      LayoutSVGText {text} at (3198,4703) size 77x22 contains 1 chunk(s)
        LayoutSVGInlineText {#text} at (3198,4703) size 77x22
          chunk 1 text run 1 at (3200.00,4720.00) startOffset 0 endOffset 11 width 75.00: "just a text"
      LayoutSVGText {text} at (3298,4703) size 77x22 contains 1 chunk(s)
        LayoutSVGInlineText {#text} at (3298,4703) size 77x22
          chunk 1 text run 1 at (3300.00,4720.00) startOffset 0 endOffset 11 width 75.00: "just a text"
      LayoutSVGText {text} at (3398,4703) size 77x22 contains 1 chunk(s)
        LayoutSVGInlineText {#text} at (3398,4703) size 77x22
          chunk 1 text run 1 at (3400.00,4720.00) startOffset 0 endOffset 11 width 75.00: "just a text"
      LayoutSVGText {text} at (3498,4703) size 77x22 contains 1 chunk(s)
        LayoutSVGInlineText {#text} at (3498,4703) size 77x22
          chunk 1 text run 1 at (3500.00,4720.00) startOffset 0 endOffset 11 width 75.00: "just a text"
      LayoutSVGText {text} at (3598,4703) size 77x22 contains 1 chunk(s)
        LayoutSVGInlineText {#text} at (3598,4703) size 77x22
          chunk 1 text run 1 at (3600.00,4720.00) startOffset 0 endOffset 11 width 75.00: "just a text"
      LayoutSVGText {text} at (3698,4703) size 77x22 contains 1 chunk(s)
        LayoutSVGInlineText {#text} at (3698,4703) size 77x22
          chunk 1 text run 1 at (3700.00,4720.00) startOffset 0 endOffset 11 width 75.00: "just a text"
      LayoutSVGText {text} at (3798,4703) size 77x22 contains 1 chunk(s)
        LayoutSVGInlineText {#text} at (3798,4703) size 77x22
          chunk 1 text run 1 at (3800.00,4720.00) startOffset 0 endOffset 11 width 75.00: "just a text"
      LayoutSVGText {text} at (3898,4703) size 77x22 contains 1 chunk(s)
        LayoutSVGInlineText {#text} at (3898,4703) size 77x22
          chunk 1 text run 1 at (3900.00,4720.00) startOffset 0 endOffset 11 width 75.00: "just a text"
      LayoutSVGText {text} at (3998,4703) size 77x22 contains 1 chunk(s)
        LayoutSVGInlineText {#text} at (3998,4703) size 77x22
          chunk 1 text run 1 at (4000.00,4720.00) startOffset 0 endOffset 11 width 75.00: "just a text"
      LayoutSVGText {text} at (4098,4703) size 77x22 contains 1 chunk(s)
        LayoutSVGInlineText {#text} at (4098,4703) size 77x22
          chunk 1 text run 1 at (4100.00,4720.00) startOffset 0 endOffset 11 width 75.00: "just a text"
      LayoutSVGText {text} at (4198,4703) size 77x22 contains 1 chunk(s)
        LayoutSVGInlineText {#text} at (4198,4703) size 77x22
          chunk 1 text run 1 at (4200.00,4720.00) startOffset 0 endOffset 11 width 75.00: "just a text"
      LayoutSVGText {text} at (4298,4703) size 77x22 contains 1 chunk(s)
        LayoutSVGInlineText {#text} at (4298,4703) size 77x22
          chunk 1 text run 1 at (4300.00,4720.00) startOffset 0 endOffset 11 width 75.00: "just a text"
      LayoutSVGText {text} at (4398,4703) size 77x22 contains 1 chunk(s)
        LayoutSVGInlineText {#text} at (4398,4703) size 77x22
          chunk 1 text run 1 at (4400.00,4720.00) startOffset 0 endOffset 11 width 75.00: "just a text"
      LayoutSVGText {text} at (4498,4703) size 77x22 contains 1 chunk(s)
        LayoutSVGInlineText {#text} at (4498,4703) size 77x22
          chunk 1 text run 1 at (4500.00,4720.00) startOffset 0 endOffset 11 width 75.00: "just a text"
      LayoutSVGText {text} at (4598,4703) size 77x22 contains 1 chunk(s)
        LayoutSVGInlineText {#text} at (4598,4703) size 77x22
          chunk 1 text run 1 at (4600.00,4720.00) startOffset 0 endOffset 11 width 75.00: "just a text"
      LayoutSVGText {text} at (4698,4703) size 77x22 contains 1 chunk(s)
        LayoutSVGInlineText {#text} at (4698,4703) size 77x22
          chunk 1 text run 1 at (4700.00,4720.00) startOffset 0 endOffset 11 width 75.00: "just a text"
      LayoutSVGText {text} at (4798,4703) size 77x22 contains 1 chunk(s)
        LayoutSVGInlineText {#text} at (4798,4703) size 77x22
          chunk 1 text run 1 at (4800.00,4720.00) startOffset 0 endOffset 11 width 75.00: "just a text"
      LayoutSVGText {text} at (4898,4703) size 77x22 contains 1 chunk(s)
        LayoutSVGInlineText {#text} at (4898,4703) size 77x22
          chunk 1 text run 1 at (4900.00,4720.00) startOffset 0 endOffset 11 width 75.00: "just a text"
      LayoutSVGText {text} at (-2,4803) size 77x22 contains 1 chunk(s)
        LayoutSVGInlineText {#text} at (-2,4803) size 77x22
          chunk 1 text run 1 at (0.00,4820.00) startOffset 0 endOffset 11 width 75.00: "just a text"
      LayoutSVGText {text} at (98,4803) size 77x22 contains 1 chunk(s)
        LayoutSVGInlineText {#text} at (98,4803) size 77x22
          chunk 1 text run 1 at (100.00,4820.00) startOffset 0 endOffset 11 width 75.00: "just a text"
      LayoutSVGText {text} at (198,4803) size 77x22 contains 1 chunk(s)
        LayoutSVGInlineText {#text} at (198,4803) size 77x22
          chunk 1 text run 1 at (200.00,4820.00) startOffset 0 endOffset 11 width 75.00: "just a text"
      LayoutSVGText {text} at (298,4803) size 77x22 contains 1 chunk(s)
        LayoutSVGInlineText {#text} at (298,4803) size 77x22
          chunk 1 text run 1 at (300.00,4820.00) startOffset 0 endOffset 11 width 75.00: "just a text"
      LayoutSVGText {text} at (398,4803) size 77x22 contains 1 chunk(s)
        LayoutSVGInlineText {#text} at (398,4803) size 77x22
          chunk 1 text run 1 at (400.00,4820.00) startOffset 0 endOffset 11 width 75.00: "just a text"
      LayoutSVGText {text} at (498,4803) size 77x22 contains 1 chunk(s)
        LayoutSVGInlineText {#text} at (498,4803) size 77x22
          chunk 1 text run 1 at (500.00,4820.00) startOffset 0 endOffset 11 width 75.00: "just a text"
      LayoutSVGText {text} at (598,4803) size 77x22 contains 1 chunk(s)
        LayoutSVGInlineText {#text} at (598,4803) size 77x22
          chunk 1 text run 1 at (600.00,4820.00) startOffset 0 endOffset 11 width 75.00: "just a text"
      LayoutSVGText {text} at (698,4803) size 77x22 contains 1 chunk(s)
        LayoutSVGInlineText {#text} at (698,4803) size 77x22
          chunk 1 text run 1 at (700.00,4820.00) startOffset 0 endOffset 11 width 75.00: "just a text"
      LayoutSVGText {text} at (798,4803) size 77x22 contains 1 chunk(s)
        LayoutSVGInlineText {#text} at (798,4803) size 77x22
          chunk 1 text run 1 at (800.00,4820.00) startOffset 0 endOffset 11 width 75.00: "just a text"
      LayoutSVGText {text} at (898,4803) size 77x22 contains 1 chunk(s)
        LayoutSVGInlineText {#text} at (898,4803) size 77x22
          chunk 1 text run 1 at (900.00,4820.00) startOffset 0 endOffset 11 width 75.00: "just a text"
      LayoutSVGText {text} at (998,4803) size 77x22 contains 1 chunk(s)
        LayoutSVGInlineText {#text} at (998,4803) size 77x22
          chunk 1 text run 1 at (1000.00,4820.00) startOffset 0 endOffset 11 width 75.00: "just a text"
      LayoutSVGText {text} at (1098,4803) size 77x22 contains 1 chunk(s)
        LayoutSVGInlineText {#text} at (1098,4803) size 77x22
          chunk 1 text run 1 at (1100.00,4820.00) startOffset 0 endOffset 11 width 75.00: "just a text"
      LayoutSVGText {text} at (1198,4803) size 77x22 contains 1 chunk(s)
        LayoutSVGInlineText {#text} at (1198,4803) size 77x22
          chunk 1 text run 1 at (1200.00,4820.00) startOffset 0 endOffset 11 width 75.00: "just a text"
      LayoutSVGText {text} at (1298,4803) size 77x22 contains 1 chunk(s)
        LayoutSVGInlineText {#text} at (1298,4803) size 77x22
          chunk 1 text run 1 at (1300.00,4820.00) startOffset 0 endOffset 11 width 75.00: "just a text"
      LayoutSVGText {text} at (1398,4803) size 77x22 contains 1 chunk(s)
        LayoutSVGInlineText {#text} at (1398,4803) size 77x22
          chunk 1 text run 1 at (1400.00,4820.00) startOffset 0 endOffset 11 width 75.00: "just a text"
      LayoutSVGText {text} at (1498,4803) size 77x22 contains 1 chunk(s)
        LayoutSVGInlineText {#text} at (1498,4803) size 77x22
          chunk 1 text run 1 at (1500.00,4820.00) startOffset 0 endOffset 11 width 75.00: "just a text"
      LayoutSVGText {text} at (1598,4803) size 77x22 contains 1 chunk(s)
        LayoutSVGInlineText {#text} at (1598,4803) size 77x22
          chunk 1 text run 1 at (1600.00,4820.00) startOffset 0 endOffset 11 width 75.00: "just a text"
      LayoutSVGText {text} at (1698,4803) size 77x22 contains 1 chunk(s)
        LayoutSVGInlineText {#text} at (1698,4803) size 77x22
          chunk 1 text run 1 at (1700.00,4820.00) startOffset 0 endOffset 11 width 75.00: "just a text"
      LayoutSVGText {text} at (1798,4803) size 77x22 contains 1 chunk(s)
        LayoutSVGInlineText {#text} at (1798,4803) size 77x22
          chunk 1 text run 1 at (1800.00,4820.00) startOffset 0 endOffset 11 width 75.00: "just a text"
      LayoutSVGText {text} at (1898,4803) size 77x22 contains 1 chunk(s)
        LayoutSVGInlineText {#text} at (1898,4803) size 77x22
          chunk 1 text run 1 at (1900.00,4820.00) startOffset 0 endOffset 11 width 75.00: "just a text"
      LayoutSVGText {text} at (1998,4803) size 77x22 contains 1 chunk(s)
        LayoutSVGInlineText {#text} at (1998,4803) size 77x22
          chunk 1 text run 1 at (2000.00,4820.00) startOffset 0 endOffset 11 width 75.00: "just a text"
      LayoutSVGText {text} at (2098,4803) size 77x22 contains 1 chunk(s)
        LayoutSVGInlineText {#text} at (2098,4803) size 77x22
          chunk 1 text run 1 at (2100.00,4820.00) startOffset 0 endOffset 11 width 75.00: "just a text"
      LayoutSVGText {text} at (2198,4803) size 77x22 contains 1 chunk(s)
        LayoutSVGInlineText {#text} at (2198,4803) size 77x22
          chunk 1 text run 1 at (2200.00,4820.00) startOffset 0 endOffset 11 width 75.00: "just a text"
      LayoutSVGText {text} at (2298,4803) size 77x22 contains 1 chunk(s)
        LayoutSVGInlineText {#text} at (2298,4803) size 77x22
          chunk 1 text run 1 at (2300.00,4820.00) startOffset 0 endOffset 11 width 75.00: "just a text"
      LayoutSVGText {text} at (2398,4803) size 77x22 contains 1 chunk(s)
        LayoutSVGInlineText {#text} at (2398,4803) size 77x22
          chunk 1 text run 1 at (2400.00,4820.00) startOffset 0 endOffset 11 width 75.00: "just a text"
      LayoutSVGText {text} at (2498,4803) size 77x22 contains 1 chunk(s)
        LayoutSVGInlineText {#text} at (2498,4803) size 77x22
          chunk 1 text run 1 at (2500.00,4820.00) startOffset 0 endOffset 11 width 75.00: "just a text"
      LayoutSVGText {text} at (2598,4803) size 77x22 contains 1 chunk(s)
        LayoutSVGInlineText {#text} at (2598,4803) size 77x22
          chunk 1 text run 1 at (2600.00,4820.00) startOffset 0 endOffset 11 width 75.00: "just a text"
      LayoutSVGText {text} at (2698,4803) size 77x22 contains 1 chunk(s)
        LayoutSVGInlineText {#text} at (2698,4803) size 77x22
          chunk 1 text run 1 at (2700.00,4820.00) startOffset 0 endOffset 11 width 75.00: "just a text"
      LayoutSVGText {text} at (2798,4803) size 77x22 contains 1 chunk(s)
        LayoutSVGInlineText {#text} at (2798,4803) size 77x22
          chunk 1 text run 1 at (2800.00,4820.00) startOffset 0 endOffset 11 width 75.00: "just a text"
      LayoutSVGText {text} at (2898,4803) size 77x22 contains 1 chunk(s)
        LayoutSVGInlineText {#text} at (2898,4803) size 77x22
          chunk 1 text run 1 at (2900.00,4820.00) startOffset 0 endOffset 11 width 75.00: "just a text"
      LayoutSVGText {text} at (2998,4803) size 77x22 contains 1 chunk(s)
        LayoutSVGInlineText {#text} at (2998,4803) size 77x22
          chunk 1 text run 1 at (3000.00,4820.00) startOffset 0 endOffset 11 width 75.00: "just a text"
      LayoutSVGText {text} at (3098,4803) size 77x22 contains 1 chunk(s)
        LayoutSVGInlineText {#text} at (3098,4803) size 77x22
          chunk 1 text run 1 at (3100.00,4820.00) startOffset 0 endOffset 11 width 75.00: "just a text"
      LayoutSVGText {text} at (3198,4803) size 77x22 contains 1 chunk(s)
        LayoutSVGInlineText {#text} at (3198,4803) size 77x22
          chunk 1 text run 1 at (3200.00,4820.00) startOffset 0 endOffset 11 width 75.00: "just a text"
      LayoutSVGText {text} at (3298,4803) size 77x22 contains 1 chunk(s)
        LayoutSVGInlineText {#text} at (3298,4803) size 77x22
          chunk 1 text run 1 at (3300.00,4820.00) startOffset 0 endOffset 11 width 75.00: "just a text"
      LayoutSVGText {text} at (3398,4803) size 77x22 contains 1 chunk(s)
        LayoutSVGInlineText {#text} at (3398,4803) size 77x22
          chunk 1 text run 1 at (3400.00,4820.00) startOffset 0 endOffset 11 width 75.00: "just a text"
      LayoutSVGText {text} at (3498,4803) size 77x22 contains 1 chunk(s)
        LayoutSVGInlineText {#text} at (3498,4803) size 77x22
          chunk 1 text run 1 at (3500.00,4820.00) startOffset 0 endOffset 11 width 75.00: "just a text"
      LayoutSVGText {text} at (3598,4803) size 77x22 contains 1 chunk(s)
        LayoutSVGInlineText {#text} at (3598,4803) size 77x22
          chunk 1 text run 1 at (3600.00,4820.00) startOffset 0 endOffset 11 width 75.00: "just a text"
      LayoutSVGText {text} at (3698,4803) size 77x22 contains 1 chunk(s)
        LayoutSVGInlineText {#text} at (3698,4803) size 77x22
          chunk 1 text run 1 at (3700.00,4820.00) startOffset 0 endOffset 11 width 75.00: "just a text"
      LayoutSVGText {text} at (3798,4803) size 77x22 contains 1 chunk(s)
        LayoutSVGInlineText {#text} at (3798,4803) size 77x22
          chunk 1 text run 1 at (3800.00,4820.00) startOffset 0 endOffset 11 width 75.00: "just a text"
      LayoutSVGText {text} at (3898,4803) size 77x22 contains 1 chunk(s)
        LayoutSVGInlineText {#text} at (3898,4803) size 77x22
          chunk 1 text run 1 at (3900.00,4820.00) startOffset 0 endOffset 11 width 75.00: "just a text"
      LayoutSVGText {text} at (3998,4803) size 77x22 contains 1 chunk(s)
        LayoutSVGInlineText {#text} at (3998,4803) size 77x22
          chunk 1 text run 1 at (4000.00,4820.00) startOffset 0 endOffset 11 width 75.00: "just a text"
      LayoutSVGText {text} at (4098,4803) size 77x22 contains 1 chunk(s)
        LayoutSVGInlineText {#text} at (4098,4803) size 77x22
          chunk 1 text run 1 at (4100.00,4820.00) startOffset 0 endOffset 11 width 75.00: "just a text"
      LayoutSVGText {text} at (4198,4803) size 77x22 contains 1 chunk(s)
        LayoutSVGInlineText {#text} at (4198,4803) size 77x22
          chunk 1 text run 1 at (4200.00,4820.00) startOffset 0 endOffset 11 width 75.00: "just a text"
      LayoutSVGText {text} at (4298,4803) size 77x22 contains 1 chunk(s)
        LayoutSVGInlineText {#text} at (4298,4803) size 77x22
          chunk 1 text run 1 at (4300.00,4820.00) startOffset 0 endOffset 11 width 75.00: "just a text"
      LayoutSVGText {text} at (4398,4803) size 77x22 contains 1 chunk(s)
        LayoutSVGInlineText {#text} at (4398,4803) size 77x22
          chunk 1 text run 1 at (4400.00,4820.00) startOffset 0 endOffset 11 width 75.00: "just a text"
      LayoutSVGText {text} at (4498,4803) size 77x22 contains 1 chunk(s)
        LayoutSVGInlineText {#text} at (4498,4803) size 77x22
          chunk 1 text run 1 at (4500.00,4820.00) startOffset 0 endOffset 11 width 75.00: "just a text"
      LayoutSVGText {text} at (4598,4803) size 77x22 contains 1 chunk(s)
        LayoutSVGInlineText {#text} at (4598,4803) size 77x22
          chunk 1 text run 1 at (4600.00,4820.00) startOffset 0 endOffset 11 width 75.00: "just a text"
      LayoutSVGText {text} at (4698,4803) size 77x22 contains 1 chunk(s)
        LayoutSVGInlineText {#text} at (4698,4803) size 77x22
          chunk 1 text run 1 at (4700.00,4820.00) startOffset 0 endOffset 11 width 75.00: "just a text"
      LayoutSVGText {text} at (4798,4803) size 77x22 contains 1 chunk(s)
        LayoutSVGInlineText {#text} at (4798,4803) size 77x22
          chunk 1 text run 1 at (4800.00,4820.00) startOffset 0 endOffset 11 width 75.00: "just a text"
      LayoutSVGText {text} at (4898,4803) size 77x22 contains 1 chunk(s)
        LayoutSVGInlineText {#text} at (4898,4803) size 77x22
          chunk 1 text run 1 at (4900.00,4820.00) startOffset 0 endOffset 11 width 75.00: "just a text"
      LayoutSVGText {text} at (-2,4903) size 77x22 contains 1 chunk(s)
        LayoutSVGInlineText {#text} at (-2,4903) size 77x22
          chunk 1 text run 1 at (0.00,4920.00) startOffset 0 endOffset 11 width 75.00: "just a text"
      LayoutSVGText {text} at (98,4903) size 77x22 contains 1 chunk(s)
        LayoutSVGInlineText {#text} at (98,4903) size 77x22
          chunk 1 text run 1 at (100.00,4920.00) startOffset 0 endOffset 11 width 75.00: "just a text"
      LayoutSVGText {text} at (198,4903) size 77x22 contains 1 chunk(s)
        LayoutSVGInlineText {#text} at (198,4903) size 77x22
          chunk 1 text run 1 at (200.00,4920.00) startOffset 0 endOffset 11 width 75.00: "just a text"
      LayoutSVGText {text} at (298,4903) size 77x22 contains 1 chunk(s)
        LayoutSVGInlineText {#text} at (298,4903) size 77x22
          chunk 1 text run 1 at (300.00,4920.00) startOffset 0 endOffset 11 width 75.00: "just a text"
      LayoutSVGText {text} at (398,4903) size 77x22 contains 1 chunk(s)
        LayoutSVGInlineText {#text} at (398,4903) size 77x22
          chunk 1 text run 1 at (400.00,4920.00) startOffset 0 endOffset 11 width 75.00: "just a text"
      LayoutSVGText {text} at (498,4903) size 77x22 contains 1 chunk(s)
        LayoutSVGInlineText {#text} at (498,4903) size 77x22
          chunk 1 text run 1 at (500.00,4920.00) startOffset 0 endOffset 11 width 75.00: "just a text"
      LayoutSVGText {text} at (598,4903) size 77x22 contains 1 chunk(s)
        LayoutSVGInlineText {#text} at (598,4903) size 77x22
          chunk 1 text run 1 at (600.00,4920.00) startOffset 0 endOffset 11 width 75.00: "just a text"
      LayoutSVGText {text} at (698,4903) size 77x22 contains 1 chunk(s)
        LayoutSVGInlineText {#text} at (698,4903) size 77x22
          chunk 1 text run 1 at (700.00,4920.00) startOffset 0 endOffset 11 width 75.00: "just a text"
      LayoutSVGText {text} at (798,4903) size 77x22 contains 1 chunk(s)
        LayoutSVGInlineText {#text} at (798,4903) size 77x22
          chunk 1 text run 1 at (800.00,4920.00) startOffset 0 endOffset 11 width 75.00: "just a text"
      LayoutSVGText {text} at (898,4903) size 77x22 contains 1 chunk(s)
        LayoutSVGInlineText {#text} at (898,4903) size 77x22
          chunk 1 text run 1 at (900.00,4920.00) startOffset 0 endOffset 11 width 75.00: "just a text"
      LayoutSVGText {text} at (998,4903) size 77x22 contains 1 chunk(s)
        LayoutSVGInlineText {#text} at (998,4903) size 77x22
          chunk 1 text run 1 at (1000.00,4920.00) startOffset 0 endOffset 11 width 75.00: "just a text"
      LayoutSVGText {text} at (1098,4903) size 77x22 contains 1 chunk(s)
        LayoutSVGInlineText {#text} at (1098,4903) size 77x22
          chunk 1 text run 1 at (1100.00,4920.00) startOffset 0 endOffset 11 width 75.00: "just a text"
      LayoutSVGText {text} at (1198,4903) size 77x22 contains 1 chunk(s)
        LayoutSVGInlineText {#text} at (1198,4903) size 77x22
          chunk 1 text run 1 at (1200.00,4920.00) startOffset 0 endOffset 11 width 75.00: "just a text"
      LayoutSVGText {text} at (1298,4903) size 77x22 contains 1 chunk(s)
        LayoutSVGInlineText {#text} at (1298,4903) size 77x22
          chunk 1 text run 1 at (1300.00,4920.00) startOffset 0 endOffset 11 width 75.00: "just a text"
      LayoutSVGText {text} at (1398,4903) size 77x22 contains 1 chunk(s)
        LayoutSVGInlineText {#text} at (1398,4903) size 77x22
          chunk 1 text run 1 at (1400.00,4920.00) startOffset 0 endOffset 11 width 75.00: "just a text"
      LayoutSVGText {text} at (1498,4903) size 77x22 contains 1 chunk(s)
        LayoutSVGInlineText {#text} at (1498,4903) size 77x22
          chunk 1 text run 1 at (1500.00,4920.00) startOffset 0 endOffset 11 width 75.00: "just a text"
      LayoutSVGText {text} at (1598,4903) size 77x22 contains 1 chunk(s)
        LayoutSVGInlineText {#text} at (1598,4903) size 77x22
          chunk 1 text run 1 at (1600.00,4920.00) startOffset 0 endOffset 11 width 75.00: "just a text"
      LayoutSVGText {text} at (1698,4903) size 77x22 contains 1 chunk(s)
        LayoutSVGInlineText {#text} at (1698,4903) size 77x22
          chunk 1 text run 1 at (1700.00,4920.00) startOffset 0 endOffset 11 width 75.00: "just a text"
      LayoutSVGText {text} at (1798,4903) size 77x22 contains 1 chunk(s)
        LayoutSVGInlineText {#text} at (1798,4903) size 77x22
          chunk 1 text run 1 at (1800.00,4920.00) startOffset 0 endOffset 11 width 75.00: "just a text"
      LayoutSVGText {text} at (1898,4903) size 77x22 contains 1 chunk(s)
        LayoutSVGInlineText {#text} at (1898,4903) size 77x22
          chunk 1 text run 1 at (1900.00,4920.00) startOffset 0 endOffset 11 width 75.00: "just a text"
      LayoutSVGText {text} at (1998,4903) size 77x22 contains 1 chunk(s)
        LayoutSVGInlineText {#text} at (1998,4903) size 77x22
          chunk 1 text run 1 at (2000.00,4920.00) startOffset 0 endOffset 11 width 75.00: "just a text"
      LayoutSVGText {text} at (2098,4903) size 77x22 contains 1 chunk(s)
        LayoutSVGInlineText {#text} at (2098,4903) size 77x22
          chunk 1 text run 1 at (2100.00,4920.00) startOffset 0 endOffset 11 width 75.00: "just a text"
      LayoutSVGText {text} at (2198,4903) size 77x22 contains 1 chunk(s)
        LayoutSVGInlineText {#text} at (2198,4903) size 77x22
          chunk 1 text run 1 at (2200.00,4920.00) startOffset 0 endOffset 11 width 75.00: "just a text"
      LayoutSVGText {text} at (2298,4903) size 77x22 contains 1 chunk(s)
        LayoutSVGInlineText {#text} at (2298,4903) size 77x22
          chunk 1 text run 1 at (2300.00,4920.00) startOffset 0 endOffset 11 width 75.00: "just a text"
      LayoutSVGText {text} at (2398,4903) size 77x22 contains 1 chunk(s)
        LayoutSVGInlineText {#text} at (2398,4903) size 77x22
          chunk 1 text run 1 at (2400.00,4920.00) startOffset 0 endOffset 11 width 75.00: "just a text"
      LayoutSVGText {text} at (2498,4903) size 77x22 contains 1 chunk(s)
        LayoutSVGInlineText {#text} at (2498,4903) size 77x22
          chunk 1 text run 1 at (2500.00,4920.00) startOffset 0 endOffset 11 width 75.00: "just a text"
      LayoutSVGText {text} at (2598,4903) size 77x22 contains 1 chunk(s)
        LayoutSVGInlineText {#text} at (2598,4903) size 77x22
          chunk 1 text run 1 at (2600.00,4920.00) startOffset 0 endOffset 11 width 75.00: "just a text"
      LayoutSVGText {text} at (2698,4903) size 77x22 contains 1 chunk(s)
        LayoutSVGInlineText {#text} at (2698,4903) size 77x22
          chunk 1 text run 1 at (2700.00,4920.00) startOffset 0 endOffset 11 width 75.00: "just a text"
      LayoutSVGText {text} at (2798,4903) size 77x22 contains 1 chunk(s)
        LayoutSVGInlineText {#text} at (2798,4903) size 77x22
          chunk 1 text run 1 at (2800.00,4920.00) startOffset 0 endOffset 11 width 75.00: "just a text"
      LayoutSVGText {text} at (2898,4903) size 77x22 contains 1 chunk(s)
        LayoutSVGInlineText {#text} at (2898,4903) size 77x22
          chunk 1 text run 1 at (2900.00,4920.00) startOffset 0 endOffset 11 width 75.00: "just a text"
      LayoutSVGText {text} at (2998,4903) size 77x22 contains 1 chunk(s)
        LayoutSVGInlineText {#text} at (2998,4903) size 77x22
          chunk 1 text run 1 at (3000.00,4920.00) startOffset 0 endOffset 11 width 75.00: "just a text"
      LayoutSVGText {text} at (3098,4903) size 77x22 contains 1 chunk(s)
        LayoutSVGInlineText {#text} at (3098,4903) size 77x22
          chunk 1 text run 1 at (3100.00,4920.00) startOffset 0 endOffset 11 width 75.00: "just a text"
      LayoutSVGText {text} at (3198,4903) size 77x22 contains 1 chunk(s)
        LayoutSVGInlineText {#text} at (3198,4903) size 77x22
          chunk 1 text run 1 at (3200.00,4920.00) startOffset 0 endOffset 11 width 75.00: "just a text"
      LayoutSVGText {text} at (3298,4903) size 77x22 contains 1 chunk(s)
        LayoutSVGInlineText {#text} at (3298,4903) size 77x22
          chunk 1 text run 1 at (3300.00,4920.00) startOffset 0 endOffset 11 width 75.00: "just a text"
      LayoutSVGText {text} at (3398,4903) size 77x22 contains 1 chunk(s)
        LayoutSVGInlineText {#text} at (3398,4903) size 77x22
          chunk 1 text run 1 at (3400.00,4920.00) startOffset 0 endOffset 11 width 75.00: "just a text"
      LayoutSVGText {text} at (3498,4903) size 77x22 contains 1 chunk(s)
        LayoutSVGInlineText {#text} at (3498,4903) size 77x22
          chunk 1 text run 1 at (3500.00,4920.00) startOffset 0 endOffset 11 width 75.00: "just a text"
      LayoutSVGText {text} at (3598,4903) size 77x22 contains 1 chunk(s)
        LayoutSVGInlineText {#text} at (3598,4903) size 77x22
          chunk 1 text run 1 at (3600.00,4920.00) startOffset 0 endOffset 11 width 75.00: "just a text"
      LayoutSVGText {text} at (3698,4903) size 77x22 contains 1 chunk(s)
        LayoutSVGInlineText {#text} at (3698,4903) size 77x22
          chunk 1 text run 1 at (3700.00,4920.00) startOffset 0 endOffset 11 width 75.00: "just a text"
      LayoutSVGText {text} at (3798,4903) size 77x22 contains 1 chunk(s)
        LayoutSVGInlineText {#text} at (3798,4903) size 77x22
          chunk 1 text run 1 at (3800.00,4920.00) startOffset 0 endOffset 11 width 75.00: "just a text"
      LayoutSVGText {text} at (3898,4903) size 77x22 contains 1 chunk(s)
        LayoutSVGInlineText {#text} at (3898,4903) size 77x22
          chunk 1 text run 1 at (3900.00,4920.00) startOffset 0 endOffset 11 width 75.00: "just a text"
      LayoutSVGText {text} at (3998,4903) size 77x22 contains 1 chunk(s)
        LayoutSVGInlineText {#text} at (3998,4903) size 77x22
          chunk 1 text run 1 at (4000.00,4920.00) startOffset 0 endOffset 11 width 75.00: "just a text"
      LayoutSVGText {text} at (4098,4903) size 77x22 contains 1 chunk(s)
        LayoutSVGInlineText {#text} at (4098,4903) size 77x22
          chunk 1 text run 1 at (4100.00,4920.00) startOffset 0 endOffset 11 width 75.00: "just a text"
      LayoutSVGText {text} at (4198,4903) size 77x22 contains 1 chunk(s)
        LayoutSVGInlineText {#text} at (4198,4903) size 77x22
          chunk 1 text run 1 at (4200.00,4920.00) startOffset 0 endOffset 11 width 75.00: "just a text"
      LayoutSVGText {text} at (4298,4903) size 77x22 contains 1 chunk(s)
        LayoutSVGInlineText {#text} at (4298,4903) size 77x22
          chunk 1 text run 1 at (4300.00,4920.00) startOffset 0 endOffset 11 width 75.00: "just a text"
      LayoutSVGText {text} at (4398,4903) size 77x22 contains 1 chunk(s)
        LayoutSVGInlineText {#text} at (4398,4903) size 77x22
          chunk 1 text run 1 at (4400.00,4920.00) startOffset 0 endOffset 11 width 75.00: "just a text"
      LayoutSVGText {text} at (4498,4903) size 77x22 contains 1 chunk(s)
        LayoutSVGInlineText {#text} at (4498,4903) size 77x22
          chunk 1 text run 1 at (4500.00,4920.00) startOffset 0 endOffset 11 width 75.00: "just a text"
      LayoutSVGText {text} at (4598,4903) size 77x22 contains 1 chunk(s)
        LayoutSVGInlineText {#text} at (4598,4903) size 77x22
          chunk 1 text run 1 at (4600.00,4920.00) startOffset 0 endOffset 11 width 75.00: "just a text"
      LayoutSVGText {text} at (4698,4903) size 77x22 contains 1 chunk(s)
        LayoutSVGInlineText {#text} at (4698,4903) size 77x22
          chunk 1 text run 1 at (4700.00,4920.00) startOffset 0 endOffset 11 width 75.00: "just a text"
      LayoutSVGText {text} at (4798,4903) size 77x22 contains 1 chunk(s)
        LayoutSVGInlineText {#text} at (4798,4903) size 77x22
          chunk 1 text run 1 at (4800.00,4920.00) startOffset 0 endOffset 11 width 75.00: "just a text"
      LayoutSVGText {text} at (4898,4903) size 77x22 contains 1 chunk(s)
        LayoutSVGInlineText {#text} at (4898,4903) size 77x22
          chunk 1 text run 1 at (4900.00,4920.00) startOffset 0 endOffset 11 width 75.00: "just a text"
    LayoutText {#text} at (0,0) size 0x0
