layer at (0,0) size 800x600
  LayoutView at (0,0) size 800x600
layer at (0,0) size 800x546
  LayoutBlockFlow {HTML} at (0,0) size 800x546
    LayoutBlockFlow {BODY} at (8,16) size 784x522
      LayoutBlockFlow {P} at (0,0) size 784x18
        LayoutText {#text} at (0,0) size 421x18
          text run at (0,0) width 331: "The top table was resized while the field\x{2019}s contents "
          text run at (330,0) width 91: "were selected."
      LayoutTable {TABLE} at (0,34) size 175x244
        LayoutTableSection {TBODY} at (0,0) size 175x244
          LayoutTableRow {TR} at (0,2) size 175x240
            LayoutTableCell {TD} at (2,92) size 171x59 [bgcolor=#90EE90] [r=0 c=0 rs=1 cs=1]
              LayoutTextControl {INPUT} at (20,20) size 131x19 [bgcolor=#FFFFFF] [border: (2px inset #EEEEEE)]
              LayoutText {#text} at (0,0) size 0x0
      LayoutTable {TABLE} at (0,278) size 175x244
        LayoutTableSection {TBODY} at (0,0) size 175x244
          LayoutTableRow {TR} at (0,2) size 175x240
            LayoutTableCell {TD} at (2,92) size 171x59 [bgcolor=#90EE90] [r=0 c=0 rs=1 cs=1]
              LayoutTextControl {INPUT} at (20,20) size 131x19 [bgcolor=#FFFFFF] [border: (2px inset #EEEEEE)]
              LayoutText {#text} at (0,0) size 0x0
layer at (33,165) size 125x13
  LayoutBlockFlow {DIV} at (3,3) size 125x13
    LayoutText {#text} at (0,0) size 37x13
      text run at (0,0) width 37: "foo bar"
layer at (33,409) size 125x13
  LayoutBlockFlow {DIV} at (3,3) size 125x13
    LayoutText {#text} at (0,0) size 37x13
      text run at (0,0) width 37: "foo bar"
selection start: position 0 of child 0 {#text} of child 0 {DIV} of {#document-fragment} of child 1 {INPUT} of child 1 {TD} of child 0 {TR} of child 1 {TBODY} of child 3 {TABLE} of body
selection end:   position 7 of child 0 {#text} of child 0 {DIV} of {#document-fragment} of child 1 {INPUT} of child 1 {TD} of child 0 {TR} of child 1 {TBODY} of child 3 {TABLE} of body
