layer at (0,0) size 800x600
  LayoutView at (0,0) size 800x600
layer at (0,0) size 800x600
  LayoutBlockFlow {HTML} at (0,0) size 800x600
    LayoutBlockFlow {BODY} at (8,8) size 784x576
      LayoutBlockFlow (anonymous) at (0,0) size 784x19
        LayoutTextControl {INPUT} at (0,0) size 131x19 [bgcolor=#FFFFFF] [border: (2px inset #EEEEEE)]
        LayoutText {#text} at (0,0) size 0x0
      LayoutBlockFlow {P} at (0,35) size 784x18
        LayoutText {#text} at (0,0) size 574x18
          text run at (0,0) width 574: "Tests double-clicking on a word. If the test succeeds, the word \"word\" should be selected."
layer at (11,11) size 125x13
  LayoutBlockFlow {DIV} at (3,3) size 125x13
    LayoutText {#text} at (0,0) size 69x13
      text run at (0,0) width 69: "word another"
selection start: position 0 of child 0 {#text} of child 0 {DIV} of {#document-fragment} of child 0 {INPUT} of body
selection end:   position 4 of child 0 {#text} of child 0 {DIV} of {#document-fragment} of child 0 {INPUT} of body
