layer at (0,0) size 800x600
  LayoutView at (0,0) size 800x600
layer at (0,0) size 800x8
  LayoutNGBlockFlow {HTML} at (0,0) size 800x8
    LayoutNGBlockFlow {BODY} at (8,8) size 784x0
layer at (10,10) size 120x180
  LayoutNGBlockFlow (positioned) {DIV} at (10,10) size 120x180
    LayoutNGBlockFlow (anonymous) at (0,0) size 120x20
      LayoutText {#text} at (0,0) size 60x19
        text run at (0,0) width 60: "Overflow:"
layer at (10,30) size 120x160
  LayoutNGBlockFlow {DIV} at (0,20) size 120x160 [border: (5px solid #000000)]
    LayoutMultiColumnSet (anonymous) at (5,5) size 110x150
layer at (15,35) size 50x300 backgroundClip at (0,0) size 70x185 clip at (0,0) size 70x185
  LayoutMultiColumnFlowThread (anonymous) at (5,5) size 50x300
    LayoutNGBlockFlow {DIV} at (0,0) size 50x50 [bgcolor=#000000]
    LayoutNGBlockFlow {DIV} at (0,250) size 50x50 [bgcolor=#000000]
layer at (15,85) size 50x200 backgroundClip at (15,85) size 50x100 clip at (15,85) size 50x100
  LayoutNGBlockFlow {DIV} at (0,50) size 50x200
    LayoutNGBlockFlow {DIV} at (0,0) size 50x50 [bgcolor=#0000F0]
    LayoutNGBlockFlow {DIV} at (0,50) size 50x50 [bgcolor=#0000D0]
    LayoutNGBlockFlow {DIV} at (0,100) size 50x50 [bgcolor=#0000B0]
    LayoutNGBlockFlow {DIV} at (0,150) size 50x50 [bgcolor=#000090]
layer at (150,10) size 120x180
  LayoutNGBlockFlow (positioned) {DIV} at (150,10) size 120x180
    LayoutNGBlockFlow (anonymous) at (0,0) size 120x20
      LayoutText {#text} at (0,0) size 70x19
        text run at (0,0) width 70: "Transforms:"
layer at (150,30) size 120x160
  LayoutNGBlockFlow {DIV} at (0,20) size 120x160 [border: (5px solid #000000)]
    LayoutMultiColumnSet (anonymous) at (5,5) size 110x150
layer at (155,35) size 50x300 backgroundClip at (0,0) size 210x185 clip at (0,0) size 210x185
  LayoutMultiColumnFlowThread (anonymous) at (5,5) size 50x300
    LayoutNGBlockFlow {DIV} at (0,0) size 50x50 [bgcolor=#000000]
    LayoutNGBlockFlow {DIV} at (0,250) size 50x50 [bgcolor=#000000]
layer at (55,85) size 50x200 backgroundClip at (0,0) size 210x185 clip at (0,0) size 210x185
  LayoutNGBlockFlow {DIV} at (-100,50) size 50x200
    LayoutNGBlockFlow {DIV} at (0,0) size 50x50 [bgcolor=#0000F0]
    LayoutNGBlockFlow {DIV} at (0,50) size 50x50 [bgcolor=#0000D0]
    LayoutNGBlockFlow {DIV} at (0,100) size 50x50 [bgcolor=#0000B0]
    LayoutNGBlockFlow {DIV} at (0,150) size 50x50 [bgcolor=#000090]
layer at (10,200) size 120x180
  LayoutNGBlockFlow (positioned) {DIV} at (10,200) size 120x180
    LayoutNGBlockFlow (anonymous) at (0,0) size 120x20
      LayoutText {#text} at (0,0) size 82x19
        text run at (0,0) width 82: "Relative Pos.:"
layer at (10,220) size 120x160
  LayoutNGBlockFlow {DIV} at (0,20) size 120x160 [border: (5px solid #000000)]
    LayoutMultiColumnSet (anonymous) at (5,5) size 110x150
layer at (15,225) size 50x300 backgroundClip at (0,0) size 70x375 clip at (0,0) size 70x375
  LayoutMultiColumnFlowThread (anonymous) at (5,5) size 50x300
    LayoutNGBlockFlow {DIV} at (0,0) size 50x50 [bgcolor=#000000]
    LayoutNGBlockFlow {DIV} at (0,250) size 50x50 [bgcolor=#000000]
layer at (15,275) size 50x200 backgroundClip at (0,0) size 70x375 clip at (0,0) size 70x375
  LayoutNGBlockFlow (relative positioned) {DIV} at (-100,50) size 50x200
    LayoutNGBlockFlow {DIV} at (0,0) size 50x50 [bgcolor=#0000F0]
    LayoutNGBlockFlow {DIV} at (0,50) size 50x50 [bgcolor=#0000D0]
    LayoutNGBlockFlow {DIV} at (0,100) size 50x50 [bgcolor=#0000B0]
    LayoutNGBlockFlow {DIV} at (0,150) size 50x50 [bgcolor=#000090]
layer at (150,200) size 120x180
  LayoutNGBlockFlow (positioned) {DIV} at (150,200) size 120x180
    LayoutNGBlockFlow (anonymous) at (0,0) size 120x20
      LayoutText {#text} at (0,0) size 51x19
        text run at (0,0) width 51: "Opacity:"
layer at (150,220) size 120x160
  LayoutNGBlockFlow {DIV} at (0,20) size 120x160 [border: (5px solid #000000)]
    LayoutMultiColumnSet (anonymous) at (5,5) size 110x150
layer at (155,225) size 50x300 backgroundClip at (0,0) size 210x375 clip at (0,0) size 210x375
  LayoutMultiColumnFlowThread (anonymous) at (5,5) size 50x300
    LayoutNGBlockFlow {DIV} at (0,0) size 50x50 [bgcolor=#000000]
    LayoutNGBlockFlow {DIV} at (0,250) size 50x50 [bgcolor=#000000]
layer at (155,275) size 50x200 backgroundClip at (0,0) size 210x375 clip at (0,0) size 210x375 transparent
  LayoutNGBlockFlow {DIV} at (0,50) size 50x200
    LayoutNGBlockFlow {DIV} at (0,0) size 50x50 [bgcolor=#0000F0]
      LayoutText {#text} at (0,0) size 4x19
        text run at (0,0) width 4: " "
    LayoutNGBlockFlow {DIV} at (0,50) size 50x50 [bgcolor=#0000D0]
      LayoutText {#text} at (0,0) size 4x19
        text run at (0,0) width 4: " "
    LayoutNGBlockFlow {DIV} at (0,100) size 50x50 [bgcolor=#0000B0]
      LayoutText {#text} at (0,0) size 0x0
    LayoutNGBlockFlow {DIV} at (0,150) size 50x50 [bgcolor=#000090]
      LayoutText {#text} at (0,0) size 4x19
        text run at (0,0) width 4: " "
