layer at (0,0) size 800x600
  LayoutView at (0,0) size 800x600
layer at (0,0) size 800x600
  LayoutNGBlockFlow {HTML} at (0,0) size 800x600
    LayoutNGBlockFlow {BODY} at (8,8) size 784x584
layer at (8,8) size 784x60
  LayoutNGBlockFlow {DIV} at (0,0) size 784x60
    LayoutMultiColumnSet (anonymous) at (0,0) size 784x60
layer at (8,8) size 384x106 backgroundClip at (0,0) size 400x68 clip at (0,0) size 400x68
  LayoutMultiColumnFlowThread (anonymous) at (0,0) size 384x106
    LayoutText {#text} at (0,0) size 0x0
    LayoutText {#text} at (0,0) size 0x0
layer at (602,30) size 173x22 backgroundClip at (0,0) size 0x0 clip at (0,0) size 0x0
  LayoutTextControl (relative positioned) {INPUT} at (594,22) size 173x22 [bgcolor=#FFFFFF] [border: (2px inset #EEEEEE)]
layer at (604,33) size 169x16 backgroundClip at (0,0) size 0x0 clip at (0,0) size 0x0
  LayoutBlockFlow {DIV} at (2,3) size 169x16
    LayoutText {#text} at (0,0) size 41x16
      text run at (0,0) width 41: "Testing"
caret: position 7 of child 0 {#text} of child 0 {DIV} of {#document-fragment} of child 1 {INPUT} of child 1 {DIV} of body
