layer at (0,0) size 800x600
  LayoutView at (0,0) size 800x600
layer at (0,0) size 800x600
  LayoutBlockFlow {HTML} at (0,0) size 800x600
    LayoutBlockFlow {BODY} at (8,8) size 784x584
      LayoutBlockFlow {P} at (0,0) size 40x584
        LayoutText {#text} at (0,0) size 39x561
          text run at (0,0) width 561: "The blue box should be vertically centered in the black box with 25px of white on the top and"
          text run at (20,0) width 47: "bottom."
layer at (632,8) size 104x154
  LayoutBlockFlow (relative positioned) {DIV} at (56,0) size 104x154 [border: (2px solid #000000)]
layer at (634,35) size 100x100
  LayoutImage (positioned) {IMG} at (2,27) size 100x100
