layer at (0,0) size 800x600
  LayoutView at (0,0) size 800x600
layer at (0,0) size 800x600
  LayoutBlockFlow {HTML} at (0,0) size 800x600
    LayoutBlockFlow {BODY} at (8,8) size 784x584
      LayoutBlockFlow {DIV} at (0,0) size 784x184.53 [border: (2px solid #FF0000)]
        LayoutBlockFlow (anonymous) at (2,2) size 780x18
          LayoutInline {I} at (0,0) size 235x18
            LayoutText {#text} at (0,0) size 96x18
              text run at (0,0) width 96: "Start of a line. "
            LayoutInline {FONT} at (0,0) size 140x18 [color=#FF0000]
              LayoutText {#text} at (95,0) size 140x18
                text run at (95,0) width 140: "More red on this line:"
        LayoutBlockFlow (anonymous) at (2,38.72) size 780x69.91
          LayoutBlockFlow {H3} at (0,0) size 780x22 [color=#FF0000]
            LayoutText {#text} at (0,0) size 205x22
              text run at (0,0) width 205: "Suddenly a block appears!"
          LayoutBlockFlow {H2} at (0,41.91) size 780x28 [color=#FF0000]
            LayoutText {#text} at (0,0) size 194x28
              text run at (0,0) width 194: "And another block!"
        LayoutBlockFlow (anonymous) at (2,128.53) size 780x54
          LayoutInline {I} at (0,0) size 299x36
            LayoutInline {FONT} at (0,0) size 97x36 [color=#FF0000]
              LayoutText {#text} at (0,0) size 97x18
                text run at (0,0) width 97: "Now more text."
              LayoutBR {BR} at (96,14) size 1x0
              LayoutText {#text} at (0,18) size 67x18
                text run at (0,18) width 67: "This is red"
            LayoutText {#text} at (66,18) size 233x18
              text run at (66,18) width 233: " but now only italic on the same line"
          LayoutBR {BR} at (298,32) size 1x0
          LayoutText {#text} at (0,36) size 132x18
            text run at (0,36) width 132: "Plain line at the end."
