layer at (0,0) size 800x600
  LayoutView at (0,0) size 800x600
layer at (0,0) size 800x600
  LayoutBlockFlow {HTML} at (0,0) size 800x600
    LayoutBlockFlow {BODY} at (8,8) size 784x584
      LayoutBlockFlow {DIV} at (0,0) size 784x22 [border: (2px solid #FF0000)]
        LayoutInline {A} at (0,0) size 30x18 [color=#008000]
          LayoutText {#text} at (2,2) size 30x18
            text run at (2,2) width 30: "First"
        LayoutInline {A} at (0,0) size 48x18 [color=#008000]
          LayoutText {#text} at (31,2) size 48x18
            text run at (31,2) width 48: "Second"
        LayoutInline {A} at (0,0) size 36x18 [color=#008000]
          LayoutText {#text} at (78,2) size 36x18
            text run at (78,2) width 36: "Third"
