layer at (0,0) size 800x600
  LayoutView at (0,0) size 800x600
layer at (0,0) size 800x600
  LayoutBlockFlow {HTML} at (0,0) size 800x600
    LayoutBlockFlow {BODY} at (8,8) size 784x584
      LayoutBlockFlow {DIV} at (0,0) size 204x40 [border: (2px solid #FF0000)]
        LayoutText {#text} at (2,2) size 186x36
          text run at (2,2) width 167: "This is some text. What is"
          text run at (2,20) width 186: "going on here. Does it work?"
