layer at (0,0) size 800x600
  LayoutView at (0,0) size 800x600
layer at (0,0) size 800x90
  LayoutBlockFlow {HTML} at (0,0) size 800x90
    LayoutBlockFlow {BODY} at (8,16) size 784x66
      LayoutBlockFlow {P} at (0,0) size 784x18
        LayoutText {#text} at (0,0) size 553x18
          text run at (0,0) width 553: "The following two DIVs should be the same width (resulting in a single 4 by 2 block)."
      LayoutBlockFlow {DIV} at (0,34) size 48x16 [bgcolor=#000080]
        LayoutBlockFlow {DIV} at (0,0) size 64x16 [border: none (32px solid #000000) none (32px solid #000000)]
      LayoutBlockFlow {DIV} at (0,50) size 64x16 [bgcolor=#000080]
