layer at (0,0) size 800x600
  LayoutView at (0,0) size 800x600
layer at (0,0) size 800x132
  LayoutBlockFlow {HTML} at (0,0) size 800x132
    LayoutBlockFlow {BODY} at (8,16) size 784x108
      LayoutBlockFlow {P} at (0,0) size 784x18
        LayoutText {#text} at (0,0) size 472x18
          text run at (0,0) width 472: "The following two vertical bars should be at the same horizontal position."
      LayoutBlockFlow {DIV} at (0,34) size 160x37
        LayoutBlockFlow {DIV} at (64,0) size 32x37
          LayoutInline {SPAN} at (0,0) size 7x37
            LayoutText {#text} at (0,0) size 7x37
              text run at (0,0) width 7: "|"
      LayoutBlockFlow {DIV} at (0,71) size 784x37
        LayoutInline {SPAN} at (0,0) size 7x37
          LayoutText {#text} at (64,0) size 7x37
            text run at (64,0) width 7: "|"
