layer at (0,0) size 800x600
  LayoutView at (0,0) size 800x600
layer at (0,0) size 800x600
  LayoutBlockFlow {HTML} at (0,0) size 800x600
    LayoutBlockFlow {BODY} at (0,0) size 800x600
      LayoutText {#text} at (504,90) size 4x18
        text run at (504,90) width 4: " "
      LayoutText {#text} at (0,0) size 0x0
layer at (0,0) size 504x104
  LayoutIFrame {IFRAME} at (0,0) size 504x104 [border: (2px inset #EEEEEE)]
    layer at (0,0) size 500x100
      LayoutView at (0,0) size 500x100
    layer at (0,0) size 500x100
      LayoutBlockFlow {HTML} at (0,0) size 500x100
        LayoutBlockFlow {BODY} at (8,8) size 484x76
          LayoutBlockFlow {P} at (0,0) size 484x18
            LayoutText {#text} at (0,0) size 113x18
              text run at (0,0) width 113: "This is some text."
          LayoutBlockFlow {P} at (0,34) size 484x18
            LayoutText {#text} at (0,0) size 151x18
              text run at (0,0) width 151: "This text is underneath."
layer at (0,108) size 500x100
  LayoutEmbeddedObject {OBJECT} at (0,108) size 500x100
    layer at (0,0) size 500x100
      LayoutView at (0,0) size 500x100
    layer at (0,0) size 500x100
      LayoutBlockFlow {HTML} at (0,0) size 500x100
        LayoutBlockFlow {BODY} at (8,8) size 484x76
          LayoutBlockFlow {P} at (0,0) size 484x18
            LayoutText {#text} at (0,0) size 113x18
              text run at (0,0) width 113: "This is some text."
          LayoutBlockFlow {P} at (0,34) size 484x18
            LayoutText {#text} at (0,0) size 151x18
              text run at (0,0) width 151: "This text is underneath."
