layer at (0,0) size 800x600
  LayoutView at (0,0) size 800x600
layer at (0,0) size 800x600
  LayoutBlockFlow {HTML} at (0,0) size 800x600
    LayoutBlockFlow {BODY} at (8,8) size 784x584
      LayoutInline {A} at (0,0) size 21x16 [color=#0000EE]
        LayoutImage {IMG} at (0,0) size 21x21 [bgcolor=#008000]
      LayoutText {#text} at (21,1) size 4x16
        text run at (21,1) width 4: " "
      LayoutImage {IMG} at (24.88,0) size 21x21 [bgcolor=#008000]
      LayoutText {#text} at (45,1) size 290x16
        text run at (45,1) width 290: " The two green blocks should line up vertically."
