layer at (0,0) size 800x600
  LayoutView at (0,0) size 800x600
layer at (0,0) size 800x424
  LayoutBlockFlow {HTML} at (0,0) size 800x423.88
    LayoutBlockFlow {BODY} at (8,21.44) size 784x386.44
      LayoutBlockFlow {H1} at (0,0) size 784x37
        LayoutText {#text} at (0,0) size 454x37
          text run at (0,0) width 454: "Minimum and Maximum Widths"
      LayoutBlockFlow {DIV} at (0,58.44) size 784x24 [border: (3px solid #800080)]
        LayoutText {#text} at (3,3) size 33x18
          text run at (3,3) width 33: "This "
        LayoutInline {CODE} at (0,0) size 24x15
          LayoutText {#text} at (35,5) size 24x15
            text run at (35,5) width 24: "div"
        LayoutText {#text} at (58,3) size 417x18
          text run at (58,3) width 417: " should have a medium solid purple border, as should all the rest."
      LayoutBlockFlow {DIV} at (0,82.44) size 319.59x60 [border: (3px solid #800080)]
        LayoutText {#text} at (3,3) size 33x18
          text run at (3,3) width 33: "This "
        LayoutInline {CODE} at (0,0) size 24x15
          LayoutText {#text} at (35,5) size 24x15
            text run at (35,5) width 24: "div"
        LayoutText {#text} at (58,3) size 302x36
          text run at (58,3) width 192: " should have a width of 40%. "
          text run at (249,3) width 56: "This is a"
          text run at (3,21) width 64: "reference "
        LayoutInline {CODE} at (0,0) size 24x15
          LayoutText {#text} at (66,23) size 24x15
            text run at (66,23) width 24: "div"
        LayoutText {#text} at (89,21) size 183x18
          text run at (89,21) width 183: " and should work as long as "
        LayoutInline {CODE} at (0,0) size 40x15
          LayoutText {#text} at (271,23) size 40x15
            text run at (271,23) width 40: "width"
        LayoutText {#text} at (3,39) size 44x18
          text run at (3,39) width 44: "works."
      LayoutBlockFlow {DIV} at (0,142.44) size 319.59x24 [border: (3px solid #800080)]
        LayoutText {#text} at (3,3) size 33x18
          text run at (3,3) width 33: "This "
        LayoutInline {CODE} at (0,0) size 24x15
          LayoutText {#text} at (35,5) size 24x15
            text run at (35,5) width 24: "div"
        LayoutText {#text} at (58,3) size 188x18
          text run at (58,3) width 188: " should have a width of 40%."
      LayoutBlockFlow {DIV} at (0,166.44) size 319.59x24 [border: (3px solid #800080)]
        LayoutText {#text} at (3,3) size 33x18
          text run at (3,3) width 33: "This "
        LayoutInline {CODE} at (0,0) size 24x15
          LayoutText {#text} at (35,5) size 24x15
            text run at (35,5) width 24: "div"
        LayoutText {#text} at (58,3) size 188x18
          text run at (58,3) width 188: " should have a width of 40%."
      LayoutBlockFlow {DIV} at (0,190.44) size 319.59x24 [border: (3px solid #800080)]
        LayoutText {#text} at (3,3) size 33x18
          text run at (3,3) width 33: "This "
        LayoutInline {CODE} at (0,0) size 24x15
          LayoutText {#text} at (35,5) size 24x15
            text run at (35,5) width 24: "div"
        LayoutText {#text} at (58,3) size 188x18
          text run at (58,3) width 188: " should have a width of 40%."
      LayoutBlockFlow {DIV} at (0,214.44) size 319.59x24 [border: (3px solid #800080)]
        LayoutText {#text} at (3,3) size 33x18
          text run at (3,3) width 33: "This "
        LayoutInline {CODE} at (0,0) size 24x15
          LayoutText {#text} at (35,5) size 24x15
            text run at (35,5) width 24: "div"
        LayoutText {#text} at (58,3) size 188x18
          text run at (58,3) width 188: " should have a width of 40%."
      LayoutBlockFlow {DIV} at (0,238.44) size 319.59x24 [border: (3px solid #800080)]
        LayoutText {#text} at (3,3) size 33x18
          text run at (3,3) width 33: "This "
        LayoutInline {CODE} at (0,0) size 24x15
          LayoutText {#text} at (35,5) size 24x15
            text run at (35,5) width 24: "div"
        LayoutText {#text} at (58,3) size 188x18
          text run at (58,3) width 188: " should have a width of 40%."
      LayoutBlockFlow {DIV} at (0,262.44) size 319.59x24 [border: (3px solid #800080)]
        LayoutText {#text} at (3,3) size 33x18
          text run at (3,3) width 33: "This "
        LayoutInline {CODE} at (0,0) size 24x15
          LayoutText {#text} at (35,5) size 24x15
            text run at (35,5) width 24: "div"
        LayoutText {#text} at (58,3) size 188x18
          text run at (58,3) width 188: " should have a width of 40%."
      LayoutBlockFlow {DIV} at (0,286.44) size 319.59x24 [border: (3px solid #800080)]
        LayoutText {#text} at (3,3) size 33x18
          text run at (3,3) width 33: "This "
        LayoutInline {CODE} at (0,0) size 24x15
          LayoutText {#text} at (35,5) size 24x15
            text run at (35,5) width 24: "div"
        LayoutText {#text} at (58,3) size 188x18
          text run at (58,3) width 188: " should have a width of 40%."
      LayoutBlockFlow {DIV} at (0,310.44) size 319.59x24 [border: (3px solid #800080)]
        LayoutText {#text} at (3,3) size 33x18
          text run at (3,3) width 33: "This "
        LayoutInline {CODE} at (0,0) size 24x15
          LayoutText {#text} at (35,5) size 24x15
            text run at (35,5) width 24: "div"
        LayoutText {#text} at (58,3) size 188x18
          text run at (58,3) width 188: " should have a width of 40%."
      LayoutBlockFlow {P} at (0,350.44) size 784x36
        LayoutText {#text} at (0,0) size 204x18
          text run at (0,0) width 204: "If the browser does not support "
        LayoutInline {CODE} at (0,0) size 71x15
          LayoutText {#text} at (203,2) size 71x15
            text run at (203,2) width 71: "min-width"
        LayoutText {#text} at (273,0) size 32x18
          text run at (273,0) width 32: " and "
        LayoutInline {CODE} at (0,0) size 72x15
          LayoutText {#text} at (304,2) size 72x15
            text run at (304,2) width 72: "max-width"
        LayoutText {#text} at (375,0) size 176x18
          text run at (375,0) width 176: ", then the widths should be "
        LayoutInline {CODE} at (0,0) size 32x15
          LayoutText {#text} at (550,2) size 32x15
            text run at (550,2) width 32: "auto"
        LayoutText {#text} at (581,0) size 9x18
          text run at (581,0) width 9: ", "
        LayoutInline {CODE} at (0,0) size 25x15
          LayoutText {#text} at (589,2) size 25x15
            text run at (589,2) width 25: "40%"
        LayoutText {#text} at (613,0) size 9x18
          text run at (613,0) width 9: ", "
        LayoutInline {CODE} at (0,0) size 24x15
          LayoutText {#text} at (621,2) size 24x15
            text run at (621,2) width 24: "30%"
        LayoutText {#text} at (644,0) size 9x18
          text run at (644,0) width 9: ", "
        LayoutInline {CODE} at (0,0) size 24x15
          LayoutText {#text} at (652,2) size 24x15
            text run at (652,2) width 24: "50%"
        LayoutText {#text} at (675,0) size 9x18
          text run at (675,0) width 9: ", "
        LayoutInline {CODE} at (0,0) size 25x15
          LayoutText {#text} at (683,2) size 25x15
            text run at (683,2) width 25: "50%"
        LayoutText {#text} at (707,0) size 9x18
          text run at (707,0) width 9: ", "
        LayoutInline {CODE} at (0,0) size 24x15
          LayoutText {#text} at (715,2) size 24x15
            text run at (715,2) width 24: "40%"
        LayoutText {#text} at (738,0) size 9x18
          text run at (738,0) width 9: ", "
        LayoutInline {CODE} at (0,0) size 25x15
          LayoutText {#text} at (746,2) size 25x15
            text run at (746,2) width 25: "30%"
        LayoutText {#text} at (770,0) size 5x18
          text run at (770,0) width 5: ","
        LayoutInline {CODE} at (0,0) size 24x15
          LayoutText {#text} at (0,20) size 24x15
            text run at (0,20) width 24: "40%"
        LayoutText {#text} at (23,18) size 9x18
          text run at (23,18) width 9: ", "
        LayoutInline {CODE} at (0,0) size 32x15
          LayoutText {#text} at (31,20) size 32x15
            text run at (31,20) width 32: "auto"
        LayoutText {#text} at (62,18) size 197x18
          text run at (62,18) width 197: " (with 70% margin-right), and "
        LayoutInline {CODE} at (0,0) size 32x15
          LayoutText {#text} at (258,20) size 32x15
            text run at (258,20) width 32: "auto"
        LayoutText {#text} at (289,18) size 5x18
          text run at (289,18) width 5: "."
