layer at (0,0) size 800x600
  LayoutView at (0,0) size 800x600
layer at (0,0) size 800x286
  LayoutBlockFlow {HTML} at (0,0) size 800x286.31
    LayoutBlockFlow {BODY} at (8,16) size 784x254.31
      LayoutBlockFlow {P} at (0,0) size 784x18
        LayoutText {#text} at (0,0) size 251x18
          text run at (0,0) width 251: "These <h1>s should all be left-aligned:"
      LayoutBlockFlow {H1} at (0,39.44) size 784x43 [border: (3px solid #FF0000)]
        LayoutText {#text} at (3,3) size 96x37
          text run at (3,3) width 96: "sample"
      LayoutBlockFlow {H1} at (0,103.88) size 326x43 [border: (3px solid #FF0000)]
        LayoutText {#text} at (3,3) size 96x37
          text run at (3,3) width 96: "sample"
      LayoutBlockFlow {P} at (0,168.31) size 784x18
        LayoutText {#text} at (0,0) size 284x18
          text run at (0,0) width 284: "These <p>s should be (and are) left-aligned:"
      LayoutBlockFlow {P} at (0,202.31) size 784x18
        LayoutText {#text} at (0,0) size 46x18
          text run at (0,0) width 46: "sample"
      LayoutBlockFlow {P} at (0,236.31) size 160x18
        LayoutText {#text} at (0,0) size 46x18
          text run at (0,0) width 46: "sample"
