layer at (0,0) size 800x600
  LayoutView at (0,0) size 800x600
layer at (0,0) size 800x600
  LayoutBlockFlow {HTML} at (0,0) size 800x600
    LayoutBlockFlow {BODY} at (8,8) size 784x576
      LayoutBlockFlow {DIV} at (0,0) size 784x52
        LayoutBlockFlow (anonymous) at (0,0) size 784x18
          LayoutText {#text} at (0,0) size 12x18
            text run at (0,0) width 12: "A"
          LayoutText {#text} at (11,0) size 12x18
            text run at (11,0) width 12: "C"
        LayoutBlockFlow {P} at (0,34) size 784x0
        LayoutBlockFlow {DIV} at (0,34) size 784x18
          LayoutBlockFlow (anonymous) at (0,0) size 784x18
            LayoutText {#text} at (100,0) size 16x18
              text run at (100,0) width 16: "A "
            LayoutBlockFlow (floating) {SPAN} at (0,0) size 100x100 [bgcolor=#008000]
            LayoutText {#text} at (115,0) size 12x18
              text run at (115,0) width 12: "B"
          LayoutBlockFlow {P} at (0,34) size 784x0
hidden layer at (20,8) size 10x18
  LayoutBlockFlow (positioned) {SPAN} at (19.55,8) size 10.67x18
    LayoutText {#text} at (0,0) size 11x18
      text run at (0,0) width 11: "B"
