layer at (0,0) size 800x600
  LayoutView at (0,0) size 800x600
layer at (0,0) size 800x136
  LayoutBlockFlow {HTML} at (0,0) size 800x136
    LayoutBlockFlow {BODY} at (8,8) size 784x120
      LayoutBlockFlow {DIV} at (0,0) size 784x96 [border: (3px solid #FFFF00)]
        LayoutBlockFlow (anonymous) at (3,3) size 778x18
          LayoutText {#text} at (0,0) size 46x18
            text run at (0,0) width 46: "Yellow"
        LayoutBlockFlow {DIV} at (3,21) size 778x72 [border: (3px solid #0000FF)]
          LayoutBlockFlow (anonymous) at (3,3) size 772x18
            LayoutText {#text} at (0,0) size 31x18
              text run at (0,0) width 31: "Blue"
          LayoutBlockFlow {DIV} at (3,21) size 772x24 [border: (3px solid #008000)]
            LayoutText {#text} at (3,3) size 40x18
              text run at (3,3) width 40: "Green"
          LayoutBlockFlow {DIV} at (3,45) size 772x24 [border: (3px solid #FF0000)]
            LayoutText {#text} at (3,3) size 26x18
              text run at (3,3) width 26: "Red"
      LayoutBlockFlow {DIV} at (0,96) size 784x24 [border: (3px solid #000080)]
        LayoutBlockFlow {DIV} at (3,3) size 778x18
          LayoutText {#text} at (0,0) size 35x18
            text run at (0,0) width 35: "Navy"
