layer at (0,0) size 800x600
  LayoutView at (0,0) size 800x600
layer at (0,0) size 800x600
  LayoutBlockFlow {HTML} at (0,0) size 800x600
    LayoutBlockFlow {BODY} at (8,8) size 784x584
      LayoutBlockFlow {P} at (0,0) size 784x36
        LayoutText {#text} at (0,0) size 108x18
          text run at (0,0) width 108: "This is a test for "
        LayoutInline {I} at (0,0) size 716x36
          LayoutInline {A} at (0,0) size 312x18 [color=#0000EE]
            LayoutText {#text} at (107,0) size 312x18
              text run at (107,0) width 312: "https://bugs.webkit.org/show_bug.cgi?id=18809"
          LayoutText {#text} at (418,0) size 716x36
            text run at (418,0) width 5: " "
            text run at (422,0) width 294: "Forms with block level generated content and"
            text run at (0,18) width 412: "absolutely positioned labels break inline layout (fixed on reflow)"
        LayoutText {#text} at (411,18) size 5x18
          text run at (411,18) width 5: "."
      LayoutBlockFlow {DIV} at (0,52) size 784x36
        LayoutBlockFlow (anonymous) at (0,0) size 784x18
          LayoutText {#text} at (0,0) size 99x18
            text run at (0,0) width 99: "This should be "
          LayoutText {#text} at (98,0) size 82x18
            text run at (98,0) width 82: "a single line."
        LayoutBlockFlow {<pseudo:after>} at (0,18) size 784x18
          LayoutTextFragment (anonymous) at (0,0) size 199x18
            text run at (0,0) width 199: "This should be the second line."
      LayoutBlockFlow {DIV} at (0,88) size 784x18
        LayoutBlockFlow {DIV} at (0,0) size 784x0
        LayoutBlockFlow (anonymous) at (0,0) size 784x18
          LayoutText {#text} at (0,0) size 99x18
            text run at (0,0) width 99: "This should be "
          LayoutText {#text} at (98,0) size 82x18
            text run at (98,0) width 82: "a single line."
      LayoutBlockFlow {DIV} at (0,106) size 784x18
        LayoutBlockFlow {DIV} at (0,0) size 784x0
        LayoutBlockFlow (anonymous) at (0,0) size 784x18
          LayoutText {#text} at (98,0) size 82x18
            text run at (98,0) width 82: "a single line."
          LayoutBlockFlow (floating) {SPAN} at (0,0) size 98.22x18
            LayoutText {#text} at (0,0) size 99x18
              text run at (0,0) width 99: "This should be "
layer at (106,60) size 0x0
  LayoutBlockFlow (positioned) {SPAN} at (106.22,60) size 0x0
layer at (106,96) size 0x0
  LayoutBlockFlow (positioned) {SPAN} at (106.22,96) size 0x0
