layer at (0,0) size 800x600
  LayoutView at (0,0) size 800x600
layer at (0,0) size 800x600
  LayoutBlockFlow {HTML} at (0,0) size 800x600
    LayoutBlockFlow {BODY} at (0,0) size 800x600
layer at (0,0) size 800x600
  LayoutBlockFlow (relative positioned) {DIV} at (0,0) size 800x600
    LayoutBlockFlow {DIV} at (0,0) size 800x220 [bgcolor=#6CAAD9]
      LayoutBlockFlow {H1} at (10,10) size 780x30
        LayoutText {#text} at (0,1) size 53x15
          text run at (0,1) width 53: "Content"
      LayoutBlockFlow {P} at (10,40) size 780x30
        LayoutText {#text} at (0,1) size 473x15
          text run at (0,1) width 473: "Please resize the browser window to see how your 100% CSS footer behaves."
      LayoutBlockFlow {P} at (10,70) size 780x102
        LayoutText {#text} at (0,1) size 779x87
          text run at (0,1) width 762: "Lorem ipsum dolor sit amet, consectetuer adipiscing elit. Cras porttitor. Ut nonummy vestibulum arcu. Nulla eros eros, mattis"
          text run at (0,19) width 771: "et, dictum quis, convallis vel, mauris. Ut sed mauris vel metus pretium pretium. Curabitur tristique sem id justo. Nunc sit amet"
          text run at (0,37) width 779: "felis. Duis luctus pharetra urna. Sed enim arcu, cursus a, posuere sed, sollicitudin in, justo. Pellentesque enim lacus, egestas ut,"
          text run at (0,55) width 761: "elementum eu, molestie vel, urna. Integer quam. Phasellus tempor. Sed commodo porttitor justo. Vestibulum rhoncus lacinia"
          text run at (0,73) width 436: "pede. Aliquam lectus velit, auctor a, fermentum a, accumsan et, neque."
layer at (0,562) size 620x38
  LayoutBlockFlow (positioned) {DIV} at (0,562) size 620x38 [bgcolor=#0066B2]
    LayoutBlockFlow {H1} at (10,10) size 600x18 [color=#FFFFFF]
      LayoutText {#text} at (0,1) size 44x15
        text run at (0,1) width 44: "Footer"
