layer at (0,0) size 800x600
  LayoutView at (0,0) size 800x600
layer at (0,0) size 800x600
  LayoutBlockFlow {HTML} at (0,0) size 800x600
    LayoutBlockFlow {BODY} at (8,8) size 784x584 [bgcolor=#EEEEEE]
      LayoutBlockFlow {DIV} at (24,24) size 736x536 [color=#FFFFFF] [bgcolor=#008000]
        LayoutText {#text} at (0,0) size 527x18
          text run at (0,0) width 527: "The green div should fill the content area (except for a bit of padding on all sides)."
