layer at (0,0) size 800x600 scrollX 210.00 scrollWidth 1010
  LayoutView at (0,0) size 800x600
layer at (0,0) size 800x222
  LayoutBlockFlow {HTML} at (0,0) size 800x222
    LayoutBlockFlow {BODY} at (8,16) size 784x198
      LayoutBlockFlow {P} at (0,0) size 784x54
        LayoutText {#text} at (0,0) size 260x18
          text run at (0,0) width 260: "This test checks for a regression against "
        LayoutInline {I} at (0,0) size 736x36
          LayoutInline {A} at (0,0) size 310x18 [color=#0000EE]
            LayoutText {#text} at (259,0) size 310x18
              text run at (259,0) width 310: "https://bugs.webkit.org/show_bug.cgi?id=24118"
          LayoutText {#text} at (568,0) size 736x36
            text run at (568,0) width 168: " RTL: Truncation behaves"
            text run at (0,18) width 187: "differently than IE/FF/Opera"
        LayoutText {#text} at (186,18) size 5x18
          text run at (186,18) width 5: "."
        LayoutBR {BR} at (190,18) size 1x18
        LayoutText {#text} at (0,36) size 425x18
          text run at (0,36) width 425: "This test passes if the red block below is truncated on the left side."
      LayoutBlockFlow {DIV} at (-218,70) size 1002x128 [border: (1px solid #FF0000)]
        LayoutText {#text} at (57,1) size 991x126
          text run at (57,1) width 944: "Lorem ipsum dolor sit amet, consectetur adipiscing elit. Nunc et nisl tellus. Vivamus aliquam elit non arcu scelerisque eget dapibus nunc vulputate."
          text run at (23,19) width 978: "Maecenas scelerisque egestas purus, id bibendum magna venenatis vel. Vestibulum bibendum volutpat aliquam. Cum sociis natoque penatibus et magnis"
          text run at (29,37) width 972: "dis parturient montes, nascetur ridiculus mus. Vestibulum eget risus sodales mi tristique dignissim et sed lectus. Cras convallis, nibh ut dapibus gravida,"
          text run at (33,55) width 968: "enim mauris molestie elit, eget fringilla augue est nec est. Curabitur eu quam non purus sodales pulvinar. Donec ultrices dui eget dolor lobortis in porta"
          text run at (10,73) width 991: "quam rutrum. Nulla risus lacus, adipiscing quis ullamcorper vestibulum, condimentum sed lacus. Sed in nunc dolor, quis egestas turpis. Integer arcu tellus,"
          text run at (18,91) width 983: "posuere sit amet pellentesque a, molestie at mi. Nulla blandit, mi et euismod imperdiet, augue arcu ornare felis, nec viverra lacus ligula ut metus. Proin ut"
          text run at (425,109) width 5 RTL: "."
          text run at (429,109) width 572: "leo ante, at consectetur sem. Nullam non nunc ligula. Proin sed ante sem, id rutrum purus"
