layer at (0,0) size 800x600
  LayoutView at (0,0) size 800x600
layer at (0,0) size 800x600
  LayoutBlockFlow {HTML} at (0,0) size 800x600
    LayoutBlockFlow {BODY} at (0,0) size 800x600
      LayoutBlockFlow (anonymous) at (0,0) size 800x18
        LayoutText {#text} at (0,0) size 55x17
          text run at (0,0) width 55: "e\x{300}e\x{300}e\x{300}e\x{300}e\x{300}e\x{300}X"
      LayoutBlockFlow {HR} at (0,26) size 800x2 [border: (1px inset #EEEEEE)]
      LayoutBlockFlow (anonymous) at (0,36) size 800x36
        LayoutText {#text} at (0,0) size 213x17
          text run at (0,0) width 213: "This tests for regressions against "
        LayoutInline {I} at (0,0) size 792x35
          LayoutText {#text} at (212,0) size 792x35
            text run at (212,0) width 580: "http://bugzilla.opendarwin.org/show_bug.cgi?id=5878 pointToOffset always takes the CG"
            text run at (0,18) width 63: "code path"
        LayoutText {#text} at (62,18) size 648x17
          text run at (62,18) width 648: " by clicking the X and verifying that the correct caret position (13) is reported to the editing delegate."
caret: position 11 of child 2 {#text} of body
