layer at (0,0) size 800x600
  LayoutView at (0,0) size 800x600
layer at (0,0) size 800x600
  LayoutBlockFlow {HTML} at (0,0) size 800x600
    LayoutBlockFlow {BODY} at (8,8) size 784x576
      LayoutBlockFlow {P} at (0,0) size 784x36
        LayoutText {#text} at (0,0) size 218x17
          text run at (0,0) width 218: "This tests for a regression against "
        LayoutInline {I} at (0,0) size 754x35
          LayoutInline {A} at (0,0) size 354x17 [color=#0000EE]
            LayoutText {#text} at (217,0) size 354x17
              text run at (217,0) width 354: "http://bugzilla.opendarwin.org/show_bug.cgi?id=6397"
          LayoutText {#text} at (570,0) size 754x35
            text run at (570,0) width 184: " ATSUI small caps use small"
            text run at (0,18) width 77: "punctuation"
        LayoutText {#text} at (76,18) size 5x17
          text run at (76,18) width 5: "."
      LayoutBlockFlow {P} at (0,52) size 784x18
        LayoutText {#text} at (0,0) size 375x17
          text run at (0,0) width 375: "All four question marks below should be \x{201C}big\x{201D}, like this: ?"
      LayoutBlockFlow {HR} at (0,86) size 784x2 [border: (1px inset #EEEEEE)]
      LayoutBlockFlow {P} at (0,104) size 784x18
        LayoutText {#text} at (0,0) size 54x17
          text run at (0,0) width 54: "ATSUI: "
        LayoutInline {SPAN} at (0,0) size 42x17
          LayoutText {#text} at (53,0) size 42x17
            text run at (53,0) width 42: "A?b?e\x{300}"
      LayoutBlockFlow {P} at (0,138) size 784x18
        LayoutText {#text} at (0,0) size 31x17
          text run at (0,0) width 31: "CG: "
        LayoutInline {SPAN} at (0,0) size 42x17
          LayoutText {#text} at (30,0) size 42x17
            text run at (30,0) width 42: "A?b?e"
