layer at (0,0) size 800x600
  LayoutView at (0,0) size 800x600
layer at (0,0) size 800x354
  LayoutBlockFlow {HTML} at (0,0) size 800x354
    LayoutBlockFlow {BODY} at (8,16) size 784x330
      LayoutBlockFlow {P} at (0,0) size 784x36
        LayoutText {#text} at (0,0) size 179x17
          text run at (0,0) width 179: "Test for regressions against "
        LayoutInline {I} at (0,0) size 772x35
          LayoutInline {A} at (0,0) size 354x17 [color=#0000EE]
            LayoutText {#text} at (178,0) size 354x17
              text run at (178,0) width 354: "http://bugzilla.opendarwin.org/show_bug.cgi?id=3922"
          LayoutText {#text} at (531,0) size 772x35
            text run at (531,0) width 241: " Variable word/letter spacing and full"
            text run at (0,18) width 328: "justification not supported for ATSUI-rendered text"
        LayoutText {#text} at (327,18) size 5x17
          text run at (327,18) width 5: "."
      LayoutBlockFlow (anonymous) at (0,52) size 784x18
        LayoutText {#text} at (0,0) size 517x17
          text run at (0,0) width 517: "Each green box should be identical to the blue box it follows, except for accents."
      LayoutBlockFlow {HR} at (0,78) size 784x2 [border: (1px inset #EEEEEE)]
      LayoutTable {TABLE} at (0,88) size 620x242
        LayoutTableSection {TBODY} at (0,0) size 620x242
          LayoutTableRow {TR} at (0,2) size 620x20
            LayoutTableCell {TD} at (2,2) size 204x20 [r=0 c=0 rs=1 cs=1]
              LayoutText {#text} at (57,1) size 89x17
                text run at (57,1) width 89: "Word spacing"
            LayoutTableCell {TD} at (208,2) size 204x20 [r=0 c=1 rs=1 cs=1]
              LayoutText {#text} at (56,1) size 92x17
                text run at (56,1) width 92: "Letter spacing"
            LayoutTableCell {TD} at (414,2) size 204x20 [r=0 c=2 rs=1 cs=1]
              LayoutText {#text} at (62,1) size 80x17
                text run at (62,1) width 80: "Justification"
          LayoutTableRow {TR} at (0,24) size 620x216
            LayoutTableCell {TD} at (2,24) size 204x162 [r=1 c=0 rs=1 cs=1]
              LayoutBlockFlow {DIV} at (1,1) size 202x160
                LayoutBlockFlow {DIV} at (0,0) size 202x38 [border: (1px solid #0000FF)]
                  LayoutText {#text} at (24,1) size 182x35
                    text run at (24,1) width 177 RTL: "\x{5D9}\x{5B0}\x{5D4}\x{5B4}\x{5D9}, \x{5D0}\x{5B8}\x{5D7}\x{5B4}\x{5D9}, \x{5DC}\x{5B0}\x{5DA}\x{5B8} \x{5E1}\x{5B5}\x{5E4}\x{5B6}\x{5E8} \x{5E9}\x{5C1}\x{5B0}\x{5DC}\x{5B7}\x{5D7}\x{5B0}\x{5EA}\x{5BC}\x{5B4}\x{5D9}\x{5D5}"
                    text run at (19,19) width 126 RTL: "\x{5E6}\x{5B0}\x{5DE}\x{5B4}\x{5D9}\x{5EA}\x{5D5}\x{5BC}\x{5EA} \x{5DC}\x{5B8}\x{5DA}\x{5B0} \x{5DE}\x{5B0}\x{5DB}\x{5B7}\x{5E8}\x{5B0}\x{5EA}\x{5BC}\x{5B4}\x{5D9}\x{5D5}."
                    text run at (144,19) width 57 RTL: "\x{5D5}\x{5BC}\x{5DE}\x{5B4}\x{5DE}\x{5B0}\x{5DB}\x{5BC}\x{5B6}\x{5E8}\x{5B6}\x{5EA} "
                LayoutBlockFlow {DIV} at (0,43) size 202x56 [border: (1px solid #0000FF)]
                  LayoutText {#text} at (1,1) size 173x53
                    text run at (1,1) width 173: "Lore\x{300}m ipsum dolor sit"
                    text run at (1,19) width 130: "ame\x{300}t, consectetuer"
                    text run at (1,37) width 105: "adipiscing e\x{300}lit."
                LayoutBlockFlow {DIV} at (0,104) size 202x56 [border: (1px solid #008000)]
                  LayoutText {#text} at (1,1) size 173x53
                    text run at (1,1) width 173: "Lorem ipsum dolor sit"
                    text run at (1,19) width 130: "amet, consectetuer"
                    text run at (1,37) width 105: "adipiscing elit."
            LayoutTableCell {TD} at (208,24) size 204x216 [r=1 c=1 rs=1 cs=1]
              LayoutBlockFlow {DIV} at (1,1) size 202x214
                LayoutBlockFlow {DIV} at (0,0) size 202x56 [border: (1px solid #0000FF)]
                  LayoutText {#text} at (29,1) size 190x53
                    text run at (29,1) width 172 RTL: "\x{5D9}\x{5B0}\x{5D4}\x{5B4}\x{5D9}, \x{5D0}\x{5B8}\x{5D7}\x{5B4}\x{5D9}, \x{5DC}\x{5B0}\x{5DA}\x{5B8} \x{5E1}\x{5B5}\x{5E4}\x{5B6}\x{5E8}"
                    text run at (48,19) width 153 RTL: "\x{5E9}\x{5C1}\x{5B0}\x{5DC}\x{5B7}\x{5D7}\x{5B0}\x{5EA}\x{5BC}\x{5B4}\x{5D9}\x{5D5} \x{5D5}\x{5BC}\x{5DE}\x{5B4}\x{5DE}\x{5B0}\x{5DB}\x{5BC}\x{5B6}\x{5E8}\x{5B6}\x{5EA}"
                    text run at (11,37) width 190 RTL: "\x{5E6}\x{5B0}\x{5DE}\x{5B4}\x{5D9}\x{5EA}\x{5D5}\x{5BC}\x{5EA} \x{5DC}\x{5B8}\x{5DA}\x{5B0} \x{5DE}\x{5B0}\x{5DB}\x{5B7}\x{5E8}\x{5B0}\x{5EA}\x{5BC}\x{5B4}\x{5D9}\x{5D5}."
                LayoutBlockFlow {DIV} at (0,61) size 202x74 [border: (1px solid #0000FF)]
                  LayoutText {#text} at (1,1) size 175x71
                    text run at (1,1) width 141: "Lore\x{300}m ipsum"
                    text run at (1,19) width 167: "dolor sit ame\x{300}t,"
                    text run at (1,37) width 140: "consectetue\x{300}r"
                    text run at (1,55) width 175: "adipiscing e\x{300}lit."
                LayoutBlockFlow {DIV} at (0,140) size 202x74 [border: (1px solid #008000)]
                  LayoutText {#text} at (1,1) size 175x71
                    text run at (1,1) width 141: "Lorem ipsum"
                    text run at (1,19) width 167: "dolor sit amet,"
                    text run at (1,37) width 140: "consectetuer"
                    text run at (1,55) width 175: "adipiscing elit."
            LayoutTableCell {TD} at (414,24) size 204x126 [r=1 c=2 rs=1 cs=1]
              LayoutBlockFlow {DIV} at (1,1) size 202x124
                LayoutBlockFlow {DIV} at (0,0) size 202x38 [border: (1px solid #0000FF)]
                  LayoutText {#text} at (1,1) size 200x35
                    text run at (1,1) width 200 RTL: "\x{5D9}\x{5B0}\x{5D4}\x{5B4}\x{5D9}, \x{5D0}\x{5B8}\x{5D7}\x{5B4}\x{5D9}, \x{5DC}\x{5B0}\x{5DA}\x{5B8} \x{5E1}\x{5B5}\x{5E4}\x{5B6}\x{5E8} \x{5E9}\x{5C1}\x{5B0}\x{5DC}\x{5B7}\x{5D7}\x{5B0}\x{5EA}\x{5BC}\x{5B4}\x{5D9}\x{5D5} \x{5D5}\x{5BC}\x{5DE}\x{5B4}\x{5DE}\x{5B0}\x{5DB}\x{5BC}\x{5B6}\x{5E8}\x{5B6}\x{5EA}"
                    text run at (96,19) width 105 RTL: "\x{5E6}\x{5B0}\x{5DE}\x{5B4}\x{5D9}\x{5EA}\x{5D5}\x{5BC}\x{5EA} \x{5DC}\x{5B8}\x{5DA}\x{5B0} \x{5DE}\x{5B0}\x{5DB}\x{5B7}\x{5E8}\x{5B0}\x{5EA}\x{5BC}\x{5B4}\x{5D9}\x{5D5}."
                LayoutBlockFlow {DIV} at (0,43) size 202x38 [border: (1px solid #0000FF)]
                  LayoutText {#text} at (1,1) size 200x35
                    text run at (1,1) width 200: "Lore\x{300}m ipsum dolor sit ame\x{300}t,"
                    text run at (1,19) width 179: "consectetue\x{300}r adipiscing e\x{300}lit."
                LayoutBlockFlow {DIV} at (0,86) size 202x38 [border: (1px solid #008000)]
                  LayoutText {#text} at (1,1) size 200x35
                    text run at (1,1) width 200: "Lorem ipsum dolor sit amet,"
                    text run at (1,19) width 179: "consectetuer adipiscing elit."
