layer at (0,0) size 800x600
  LayoutView at (0,0) size 800x600
layer at (0,0) size 800x246
  LayoutBlockFlow {HTML} at (0,0) size 800x246
    LayoutBlockFlow {BODY} at (8,16) size 784x222
      LayoutBlockFlow {P} at (0,0) size 784x18
        LayoutText {#text} at (0,0) size 378x17
          text run at (0,0) width 378: "Test for negative spacing values in complex text rendering."
      LayoutBlockFlow (anonymous) at (0,34) size 784x18
        LayoutText {#text} at (0,0) size 517x17
          text run at (0,0) width 517: "Each green box should be identical to the blue box it follows, except for accents."
      LayoutBlockFlow {HR} at (0,60) size 784x2 [border: (1px inset #EEEEEE)]
      LayoutTable {TABLE} at (0,70) size 414x152
        LayoutTableSection {TBODY} at (0,0) size 414x152
          LayoutTableRow {TR} at (0,2) size 414x20
            LayoutTableCell {TD} at (2,2) size 204x20 [r=0 c=0 rs=1 cs=1]
              LayoutText {#text} at (57,1) size 89x17
                text run at (57,1) width 89: "Word spacing"
            LayoutTableCell {TD} at (208,2) size 204x20 [r=0 c=1 rs=1 cs=1]
              LayoutText {#text} at (56,1) size 92x17
                text run at (56,1) width 92: "Letter spacing"
          LayoutTableRow {TR} at (0,24) size 414x126
            LayoutTableCell {TD} at (2,24) size 204x126 [r=1 c=0 rs=1 cs=1]
              LayoutBlockFlow {DIV} at (1,1) size 202x124
                LayoutBlockFlow {DIV} at (0,0) size 202x38 [border: (1px solid #0000FF)]
                  LayoutText {#text} at (27,1) size 174x35
                    text run at (27,1) width 174 RTL: "\x{5D9}\x{5B0}\x{5D4}\x{5B4}\x{5D9}, \x{5D0}\x{5B8}\x{5D7}\x{5B4}\x{5D9}, \x{5DC}\x{5B0}\x{5DA}\x{5B8} \x{5E1}\x{5B5}\x{5E4}\x{5B6}\x{5E8} \x{5E9}\x{5C1}\x{5B0}\x{5DC}\x{5B7}\x{5D7}\x{5B0}\x{5EA}\x{5BC}\x{5B4}\x{5D9}\x{5D5} \x{5D5}\x{5BC}\x{5DE}\x{5B4}\x{5DE}\x{5B0}\x{5DB}\x{5BC}\x{5B6}\x{5E8}\x{5B6}\x{5EA}"
                    text run at (100,19) width 101 RTL: "\x{5E6}\x{5B0}\x{5DE}\x{5B4}\x{5D9}\x{5EA}\x{5D5}\x{5BC}\x{5EA} \x{5DC}\x{5B8}\x{5DA}\x{5B0} \x{5DE}\x{5B0}\x{5DB}\x{5B7}\x{5E8}\x{5B0}\x{5EA}\x{5BC}\x{5B4}\x{5D9}\x{5D5}."
                LayoutBlockFlow {DIV} at (0,43) size 202x38 [border: (1px solid #0000FF)]
                  LayoutText {#text} at (1,1) size 175x35
                    text run at (1,1) width 174: "Lore\x{300}m ipsum dolor sit ame\x{300}t,"
                    text run at (1,19) width 175: "consectetuer adipiscing e\x{300}lit."
                LayoutBlockFlow {DIV} at (0,86) size 202x38 [border: (1px solid #008000)]
                  LayoutText {#text} at (1,1) size 175x35
                    text run at (1,1) width 174: "Lorem ipsum dolor sit amet,"
                    text run at (1,19) width 175: "consectetuer adipiscing elit."
            LayoutTableCell {TD} at (208,24) size 204x126 [r=1 c=1 rs=1 cs=1]
              LayoutBlockFlow {DIV} at (1,1) size 202x124
                LayoutBlockFlow {DIV} at (0,0) size 202x38 [border: (1px solid #0000FF)]
                  LayoutText {#text} at (10,1) size 191x35
                    text run at (10,1) width 35 RTL: "\x{5E6}\x{5B0}\x{5DE}\x{5B4}\x{5D9}\x{5EA}\x{5D5}\x{5BC}\x{5EA}"
                    text run at (44,1) width 157 RTL: "\x{5D9}\x{5B0}\x{5D4}\x{5B4}\x{5D9}, \x{5D0}\x{5B8}\x{5D7}\x{5B4}\x{5D9}, \x{5DC}\x{5B0}\x{5DA}\x{5B8} \x{5E1}\x{5B5}\x{5E4}\x{5B6}\x{5E8} \x{5E9}\x{5C1}\x{5B0}\x{5DC}\x{5B7}\x{5D7}\x{5B0}\x{5EA}\x{5BC}\x{5B4}\x{5D9}\x{5D5} \x{5D5}\x{5BC}\x{5DE}\x{5B4}\x{5DE}\x{5B0}\x{5DB}\x{5BC}\x{5B6}\x{5E8}\x{5B6}\x{5EA} "
                    text run at (149,19) width 52 RTL: "\x{5DC}\x{5B8}\x{5DA}\x{5B0} \x{5DE}\x{5B0}\x{5DB}\x{5B7}\x{5E8}\x{5B0}\x{5EA}\x{5BC}\x{5B4}\x{5D9}\x{5D5}."
                LayoutBlockFlow {DIV} at (0,43) size 202x38 [border: (1px solid #0000FF)]
                  LayoutText {#text} at (1,1) size 155x35
                    text run at (1,1) width 155: "Lore\x{300}m ipsum dolor sit ame\x{300}t,"
                    text run at (1,19) width 150: "consectetue\x{300}r adipiscing e\x{300}lit."
                LayoutBlockFlow {DIV} at (0,86) size 202x38 [border: (1px solid #008000)]
                  LayoutText {#text} at (1,1) size 155x35
                    text run at (1,1) width 155: "Lorem ipsum dolor sit amet,"
                    text run at (1,19) width 150: "consectetuer adipiscing elit."
