layer at (0,0) size 800x600
  LayoutView at (0,0) size 800x600
layer at (0,0) size 800x482
  LayoutBlockFlow {HTML} at (0,0) size 800x482
    LayoutBlockFlow {BODY} at (8,8) size 784x458
      LayoutBlockFlow (anonymous) at (0,0) size 784x424
        LayoutText {#text} at (302,88) size 4x17
          text run at (302,88) width 4: " "
        LayoutText {#text} at (0,0) size 0x0
        LayoutText {#text} at (302,194) size 4x17
          text run at (302,194) width 4: " "
        LayoutText {#text} at (0,0) size 0x0
        LayoutText {#text} at (302,300) size 4x17
          text run at (302,300) width 4: " "
        LayoutText {#text} at (0,0) size 0x0
        LayoutText {#text} at (302,406) size 4x17
          text run at (302,406) width 4: " "
        LayoutText {#text} at (0,0) size 0x0
      LayoutBlockFlow {P} at (0,440) size 784x18
        LayoutText {#text} at (0,0) size 365x17
          text run at (0,0) width 365: "Tests that image alt text takes directionality into account."
layer at (8,8) size 302x102 clip at (9,9) size 300x100 scrollHeight 133
  LayoutBlockFlow (relative positioned) {SECTION} at (0,0) size 302x102 [border: (1px solid #FF0000)]
    LayoutBlockFlow {H2} at (1,20.91) size 300x27
      LayoutText {#text} at (0,0) size 163x26
        text run at (0,0) width 163: "ltr image, rtl alt"
layer at (9,59) size 280x80 backgroundClip at (9,9) size 300x100 clip at (9,9) size 300x100
  LayoutBlockFlow (positioned) {IMG} at (1,51) size 280x80
layer at (9,59) size 280x80 backgroundClip at (9,59) size 280x50 clip at (10,60) size 278x49
  LayoutBlockFlow {DIV} at (0,0) size 280x80 [border: (1px solid #C0C0C0)]
    LayoutImage (floating) {IMG} at (2,2) size 16x16
layer at (27,61) size 260x18
  LayoutBlockFlow {DIV} at (18,2) size 260x18
    LayoutText {#text} at (0,0) size 8x17
      text run at (0,0) width 8 RTL: "\x{6CC}\x{627}"
layer at (314,8) size 302x102 clip at (315,9) size 300x100 scrollHeight 133
  LayoutBlockFlow (relative positioned) {SECTION} at (306,0) size 302x102 [border: (1px solid #FF0000)]
    LayoutBlockFlow {H2} at (1,20.91) size 300x27
      LayoutText {#text} at (0,0) size 163x26
        text run at (0,0) width 163: "rtl image, rtl alt"
layer at (315,59) size 280x80 backgroundClip at (315,9) size 300x100 clip at (315,9) size 300x100
  LayoutBlockFlow (positioned) {IMG} at (1,51) size 280x80
layer at (315,59) size 280x80 backgroundClip at (315,59) size 280x50 clip at (316,60) size 278x49
  LayoutBlockFlow {DIV} at (0,0) size 280x80 [border: (1px solid #C0C0C0)]
    LayoutImage (floating) {IMG} at (262,2) size 16x16
layer at (317,61) size 260x18
  LayoutBlockFlow {DIV} at (2,2) size 260x18
    LayoutText {#text} at (252,0) size 8x17
      text run at (252,0) width 8 RTL: "\x{6CC}\x{627}"
layer at (8,114) size 302x102 clip at (9,115) size 300x100 scrollHeight 133
  LayoutBlockFlow (relative positioned) {SECTION} at (0,106) size 302x102 [border: (1px solid #FF0000)]
    LayoutBlockFlow {H2} at (1,20.91) size 300x27
      LayoutText {#text} at (0,0) size 163x26
        text run at (0,0) width 163: "ltr image, ltr alt"
layer at (9,165) size 280x80 backgroundClip at (9,115) size 300x100 clip at (9,115) size 300x100
  LayoutBlockFlow (positioned) {IMG} at (1,51) size 280x80
layer at (9,165) size 280x80 backgroundClip at (9,165) size 280x50 clip at (10,166) size 278x49
  LayoutBlockFlow {DIV} at (0,0) size 280x80 [border: (1px solid #C0C0C0)]
    LayoutImage (floating) {IMG} at (2,2) size 16x16
layer at (27,167) size 260x18
  LayoutBlockFlow {DIV} at (18,2) size 260x18
    LayoutText {#text} at (0,0) size 16x17
      text run at (0,0) width 16: "alt"
layer at (314,114) size 302x102 clip at (315,115) size 300x100 scrollHeight 133
  LayoutBlockFlow (relative positioned) {SECTION} at (306,106) size 302x102 [border: (1px solid #FF0000)]
    LayoutBlockFlow {H2} at (1,20.91) size 300x27
      LayoutText {#text} at (0,0) size 163x26
        text run at (0,0) width 163: "rtl image, ltr alt"
layer at (315,165) size 280x80 backgroundClip at (315,115) size 300x100 clip at (315,115) size 300x100
  LayoutBlockFlow (positioned) {IMG} at (1,51) size 280x80
layer at (315,165) size 280x80 backgroundClip at (315,165) size 280x50 clip at (316,166) size 278x49
  LayoutBlockFlow {DIV} at (0,0) size 280x80 [border: (1px solid #C0C0C0)]
    LayoutImage (floating) {IMG} at (262,2) size 16x16
layer at (317,167) size 260x18
  LayoutBlockFlow {DIV} at (2,2) size 260x18
    LayoutText {#text} at (244,0) size 16x17
      text run at (244,0) width 16: "alt"
layer at (8,220) size 302x102 clip at (9,221) size 300x100 scrollHeight 133
  LayoutBlockFlow (relative positioned) {SECTION} at (0,212) size 302x102 [border: (1px solid #FF0000)]
    LayoutBlockFlow {H2} at (1,20.91) size 300x27
      LayoutText {#text} at (0,0) size 191x26
        text run at (0,0) width 191: "ltr image, weak alt"
layer at (9,271) size 280x80 backgroundClip at (9,221) size 300x100 clip at (9,221) size 300x100
  LayoutBlockFlow (positioned) {IMG} at (1,51) size 280x80
layer at (9,271) size 280x80 backgroundClip at (9,271) size 280x50 clip at (10,272) size 278x49
  LayoutBlockFlow {DIV} at (0,0) size 280x80 [border: (1px solid #C0C0C0)]
    LayoutImage (floating) {IMG} at (2,2) size 16x16
layer at (27,273) size 260x18
  LayoutBlockFlow {DIV} at (18,2) size 260x18
    LayoutText {#text} at (0,0) size 8x17
      text run at (0,0) width 8: ".,"
layer at (314,220) size 302x102 clip at (315,221) size 300x100 scrollHeight 133
  LayoutBlockFlow (relative positioned) {SECTION} at (306,212) size 302x102 [border: (1px solid #FF0000)]
    LayoutBlockFlow {H2} at (1,20.91) size 300x27
      LayoutText {#text} at (0,0) size 191x26
        text run at (0,0) width 191: "rtl image, weak alt"
layer at (315,271) size 280x80 backgroundClip at (315,221) size 300x100 clip at (315,221) size 300x100
  LayoutBlockFlow (positioned) {IMG} at (1,51) size 280x80
layer at (315,271) size 280x80 backgroundClip at (315,271) size 280x50 clip at (316,272) size 278x49
  LayoutBlockFlow {DIV} at (0,0) size 280x80 [border: (1px solid #C0C0C0)]
    LayoutImage (floating) {IMG} at (262,2) size 16x16
layer at (317,273) size 260x18
  LayoutBlockFlow {DIV} at (2,2) size 260x18
    LayoutText {#text} at (252,0) size 8x17
      text run at (252,0) width 8 RTL: ".,"
layer at (8,326) size 302x102 clip at (9,327) size 300x100 scrollHeight 133
  LayoutBlockFlow (relative positioned) {SECTION} at (0,318) size 302x102 [border: (1px solid #FF0000)]
    LayoutBlockFlow {H2} at (1,20.91) size 300x27
      LayoutText {#text} at (0,0) size 200x26
        text run at (0,0) width 200: "ltr image, mixed alt"
layer at (9,377) size 280x80 backgroundClip at (9,327) size 300x100 clip at (9,327) size 300x100
  LayoutBlockFlow (positioned) {IMG} at (1,51) size 280x80
layer at (9,377) size 280x80 backgroundClip at (9,377) size 280x50 clip at (10,378) size 278x49
  LayoutBlockFlow {DIV} at (0,0) size 280x80 [border: (1px solid #C0C0C0)]
    LayoutImage (floating) {IMG} at (2,2) size 16x16
layer at (27,379) size 260x18
  LayoutBlockFlow {DIV} at (18,2) size 260x18
    LayoutText {#text} at (0,0) size 70x17
      text run at (0,0) width 8 RTL: "\x{6CC}\x{627}"
      text run at (7,0) width 55: "example"
      text run at (61,0) width 9 RTL: "\x{6CC}\x{627}"
layer at (314,326) size 302x102 clip at (315,327) size 300x100 scrollHeight 133
  LayoutBlockFlow (relative positioned) {SECTION} at (306,318) size 302x102 [border: (1px solid #FF0000)]
    LayoutBlockFlow {H2} at (1,20.91) size 300x27
      LayoutText {#text} at (0,0) size 200x26
        text run at (0,0) width 200: "rtl image, mixed alt"
layer at (315,377) size 280x80 backgroundClip at (315,327) size 300x100 clip at (315,327) size 300x100
  LayoutBlockFlow (positioned) {IMG} at (1,51) size 280x80
layer at (315,377) size 280x80 backgroundClip at (315,377) size 280x50 clip at (316,378) size 278x49
  LayoutBlockFlow {DIV} at (0,0) size 280x80 [border: (1px solid #C0C0C0)]
    LayoutImage (floating) {IMG} at (262,2) size 16x16
layer at (317,379) size 260x18
  LayoutBlockFlow {DIV} at (2,2) size 260x18
    LayoutText {#text} at (190,0) size 70x17
      text run at (190,0) width 9 RTL: "\x{6CC}\x{627}"
      text run at (198,0) width 55: "example"
      text run at (252,0) width 8 RTL: "\x{6CC}\x{627}"
