layer at (0,0) size 800x600
  LayoutView at (0,0) size 800x600
layer at (0,0) size 800x600
  LayoutBlockFlow {HTML} at (0,0) size 800x600
    LayoutBlockFlow {BODY} at (8,8) size 784x584
      LayoutBlockFlow {P} at (0,0) size 784x18
        LayoutText {#text} at (0,0) size 520x17
          text run at (0,0) width 520: "In each box below, the words or letters should be in the same order on every line."
      LayoutBlockFlow {DIV} at (8,34) size 768x64 [border: (1px solid #ADD8E6)]
        LayoutBlockFlow {DIV} at (5,5) size 758x18
          LayoutText {#text} at (0,0) size 47x17
            text run at (0,0) width 47: "Lorem "
          LayoutInline {SPAN} at (0,0) size 78x17
            LayoutText {#text} at (46,0) size 78x17
              text run at (46,0) width 78: "ipsum dolor"
          LayoutText {#text} at (123,0) size 59x17
            text run at (123,0) width 59: " sit amet."
        LayoutBlockFlow {DIV} at (5,23) size 758x18
          LayoutText {#text} at (0,0) size 47x17
            text run at (0,0) width 47: "Lorem "
          LayoutInline {SPAN} at (0,0) size 40x17
            LayoutText {#text} at (46,0) size 40x17
              text run at (46,0) width 40: "ipsum"
          LayoutInline {SPAN} at (0,0) size 39x17
            LayoutText {#text} at (85,0) size 39x17
              text run at (85,0) width 39: " dolor"
          LayoutText {#text} at (123,0) size 59x17
            text run at (123,0) width 59: " sit amet."
        LayoutBlockFlow {DIV} at (5,41) size 758x18
          LayoutText {#text} at (0,0) size 47x17
            text run at (0,0) width 47: "Lorem "
          LayoutInline {SPAN} at (0,0) size 44x17
            LayoutText {#text} at (46,0) size 44x17
              text run at (46,0) width 44: "ipsum "
          LayoutInline {B} at (0,0) size 95x17
            LayoutInline {SPAN} at (0,0) size 38x17
              LayoutText {#text} at (89,0) size 38x17
                text run at (89,0) width 38: "dolor"
            LayoutText {#text} at (126,0) size 5x17
              text run at (126,0) width 5: " "
            LayoutInline {I} at (0,0) size 16x17
              LayoutText {#text} at (130,0) size 16x17
                text run at (130,0) width 16: "sit"
            LayoutText {#text} at (145,0) size 39x17
              text run at (145,0) width 39: " amet"
          LayoutText {#text} at (183,0) size 5x17
            text run at (183,0) width 5: "."
      LayoutBlockFlow {DIV} at (8,106) size 768x64 [border: (1px solid #ADD8E6)]
        LayoutBlockFlow {DIV} at (5,5) size 758x18
          LayoutText {#text} at (0,0) size 47x17
            text run at (0,0) width 47: "Lorem "
          LayoutInline {SPAN} at (0,0) size 57x17
            LayoutText {#text} at (46,0) size 57x17
              text run at (46,0) width 19 RTL: " \x{5DB}\x{5DC}"
              text run at (64,0) width 11: "if"
              text run at (74,0) width 29 RTL: "\x{5D9}\x{5D5}\x{5EA}\x{5E8} "
          LayoutText {#text} at (102,0) size 59x17
            text run at (102,0) width 59: " sit amet."
        LayoutBlockFlow {DIV} at (5,23) size 758x18
          LayoutText {#text} at (0,0) size 47x17
            text run at (0,0) width 47: "Lorem "
          LayoutInline {SPAN} at (0,0) size 29x17
            LayoutText {#text} at (74,0) size 29x17
              text run at (74,0) width 29 RTL: "\x{5D9}\x{5D5}\x{5EA}\x{5E8} "
          LayoutInline {SPAN} at (0,0) size 29x17
            LayoutText {#text} at (46,0) size 29x17
              text run at (46,0) width 19 RTL: " \x{5DB}\x{5DC}"
              text run at (64,0) width 11: "if"
          LayoutText {#text} at (102,0) size 59x17
            text run at (102,0) width 59: " sit amet."
        LayoutBlockFlow {DIV} at (5,41) size 758x18
          LayoutText {#text} at (0,0) size 47x17
            text run at (0,0) width 47: "Lorem "
          LayoutInline {SPAN} at (0,0) size 29x17
            LayoutText {#text} at (74,0) size 29x17
              text run at (74,0) width 29 RTL: "\x{5D9}\x{5D5}\x{5EA}\x{5E8} "
          LayoutInline {B} at (0,0) size 114x17
            LayoutInline {SPAN} at (0,0) size 29x17
              LayoutText {#text} at (46,0) size 29x17
                text run at (46,0) width 19 RTL: " \x{5DB}\x{5DC}"
                text run at (64,0) width 11: "if"
            LayoutText {#text} at (102,0) size 5x17
              text run at (102,0) width 5: " "
            LayoutInline {I} at (0,0) size 16x17
              LayoutText {#text} at (106,0) size 16x17
                text run at (106,0) width 16: "sit"
            LayoutText {#text} at (121,0) size 39x17
              text run at (121,0) width 39: " amet"
          LayoutText {#text} at (159,0) size 5x17
            text run at (159,0) width 5: "."
      LayoutBlockFlow {DIV} at (8,178) size 768x46 [border: (1px solid #ADD8E6)]
        LayoutBlockFlow {DIV} at (5,5) size 758x18
          LayoutInline {SPAN} at (0,0) size 20x17
            LayoutText {#text} at (0,0) size 20x17
              text run at (0,0) width 20: "a b"
          LayoutText {#text} at (0,0) size 0x0
        LayoutBlockFlow {DIV} at (5,23) size 758x18
          LayoutInline {SPAN} at (0,0) size 8x17
            LayoutText {#text} at (0,0) size 8x17
              text run at (0,0) width 8: "a"
          LayoutInline {SPAN} at (0,0) size 13x17
            LayoutText {#text} at (7,0) size 13x17
              text run at (7,0) width 13: " b"
          LayoutText {#text} at (0,0) size 0x0
      LayoutBlockFlow {DIV} at (8,232) size 768x64 [border: (1px solid #ADD8E6)]
        LayoutBlockFlow {DIV} at (5,5) size 758x18
          LayoutText {#text} at (730,0) size 28x17
            text run at (730,0) width 28 RTL: "\x{5D0}\x{5D7}\x{5EA} "
          LayoutInline {SPAN} at (0,0) size 70x17
            LayoutText {#text} at (661,0) size 70x17
              text run at (661,0) width 70 RTL: "\x{5E9}\x{5EA}\x{5D9}\x{5D9}\x{5DD} \x{5E9}\x{5DC}\x{5D5}\x{5E9}"
          LayoutText {#text} at (594,0) size 68x17
            text run at (594,0) width 68 RTL: " \x{5D0}\x{5E8}\x{5D1}\x{5E2} \x{5D7}\x{5DE}\x{5E9}."
        LayoutBlockFlow {DIV} at (5,23) size 758x18
          LayoutText {#text} at (730,0) size 28x17
            text run at (730,0) width 28 RTL: "\x{5D0}\x{5D7}\x{5EA} "
          LayoutInline {SPAN} at (0,0) size 35x17
            LayoutText {#text} at (696,0) size 35x17
              text run at (696,0) width 35 RTL: "\x{5E9}\x{5EA}\x{5D9}\x{5D9}\x{5DD}"
          LayoutInline {SPAN} at (0,0) size 36x17
            LayoutText {#text} at (661,0) size 36x17
              text run at (661,0) width 36 RTL: " \x{5E9}\x{5DC}\x{5D5}\x{5E9}"
          LayoutText {#text} at (594,0) size 68x17
            text run at (594,0) width 68 RTL: " \x{5D0}\x{5E8}\x{5D1}\x{5E2} \x{5D7}\x{5DE}\x{5E9}."
        LayoutBlockFlow {DIV} at (5,41) size 758x18
          LayoutText {#text} at (730,0) size 28x17
            text run at (730,0) width 28 RTL: "\x{5D0}\x{5D7}\x{5EA} "
          LayoutInline {SPAN} at (0,0) size 39x17
            LayoutText {#text} at (692,0) size 39x17
              text run at (692,0) width 39 RTL: "\x{5E9}\x{5EA}\x{5D9}\x{5D9}\x{5DD} "
          LayoutInline {B} at (0,0) size 102x17
            LayoutInline {SPAN} at (0,0) size 35x17
              LayoutText {#text} at (658,0) size 35x17
                text run at (658,0) width 35 RTL: "\x{5E9}\x{5DC}\x{5D5}\x{5E9}"
            LayoutText {#text} at (654,0) size 5x17
              text run at (654,0) width 5 RTL: " "
            LayoutInline {I} at (0,0) size 32x17
              LayoutText {#text} at (623,0) size 32x17
                text run at (623,0) width 32 RTL: "\x{5D0}\x{5E8}\x{5D1}\x{5E2}"
            LayoutText {#text} at (591,0) size 33x17
              text run at (591,0) width 33 RTL: " \x{5D7}\x{5DE}\x{5E9}"
          LayoutText {#text} at (587,0) size 5x17
            text run at (587,0) width 5 RTL: "."
