layer at (0,0) size 800x600 clip at (0,0) size 785x600 scrollHeight 1279
  LayoutView at (0,0) size 800x600
layer at (0,0) size 785x1279 backgroundClip at (0,0) size 785x600 clip at (0,0) size 785x600
  LayoutBlockFlow {HTML} at (0,0) size 785x1279
    LayoutBlockFlow {BODY} at (8,8) size 769x1263
      LayoutBlockFlow (anonymous) at (0,0) size 769x90
        LayoutText {#text} at (0,0) size 352x17
          text run at (0,0) width 352: "This test was provided by open-source contributors on "
        LayoutInline {A} at (0,0) size 56x17 [color=#0000EE]
          LayoutText {#text} at (351,0) size 56x17
            text run at (351,0) width 56: "Bugzilla"
        LayoutText {#text} at (406,0) size 757x71
          text run at (406,0) width 327: ". Currently, the \"Browser rendering\" results are not"
          text run at (0,18) width 757: "expected to match the \"Correct output sample\" results. In fact, I do not entirely agree with all of the given test cases in"
          text run at (0,36) width 744: "terms of their expected results, nor do I think that the browser should yet be expected to match all of the cases in the"
          text run at (0,54) width 189: "different languages, but I am "
          text run at (188,54) width 293: "(at least temporarily) adding the test anyway. "
        LayoutBR {BR} at (480,68) size 1x0
        LayoutBR {BR} at (0,72) size 0x17
      LayoutTable {TABLE} at (0,90) size 769x391
        LayoutBlockFlow {CAPTION} at (0,0) size 769x18
          LayoutText {#text} at (344,0) size 81x17
            text run at (344,0) width 81: "Input source"
        LayoutTableSection {TBODY} at (0,18) size 769x373
          LayoutTableRow {TR} at (0,2) size 769x58
            LayoutTableCell {TH} at (2,20) size 54x22 [bgcolor=#F8F8F8] [border: (1px solid #EEEEEE)] [r=0 c=0 rs=1 cs=1]
              LayoutText {#text} at (2,2) size 50x17
                text run at (2,2) width 50: "generic"
            LayoutTableCell {TD} at (58,2) size 709x58 [border: (1px solid #EEEEEE)] [r=0 c=1 rs=1 cs=1]
              LayoutText {#text} at (2,2) size 689x53
                text run at (2,2) width 689: "lip\x{AD}smackin\x{AD}thirst\x{AD}quenchin\x{AD}acetastin\x{AD}motivatin\x{AD}good\x{AD}buzzin\x{AD}cool\x{AD}talkin\x{AD}high\x{AD}walkin\x{AD}fast\x{AD}livin\x{AD}ever\x{AD}givin\x{AD}cool\x{AD}fizzin\x{AD}lip\x{AD}" + hyphen string "-"
                text run at (2,20) width 672: "smackin\x{AD}thirst\x{AD}quenchin\x{AD}acetastin\x{AD}motivatin\x{AD}good\x{AD}buzzin\x{AD}cool\x{AD}talkin\x{AD}high\x{AD}walkin\x{AD}fast\x{AD}livin\x{AD}ever\x{AD}givin\x{AD}cool\x{AD}fizzin\x{AD}lip\x{AD}" + hyphen string "-"
                text run at (2,38) width 650: "smackin\x{AD}thirst\x{AD}quenchin\x{AD}acetastin\x{AD}motivatin\x{AD}good\x{AD}buzzin\x{AD}cool\x{AD}talkin\x{AD}high\x{AD}walkin\x{AD}fast\x{AD}livin\x{AD}ever\x{AD}givin\x{AD}cool\x{AD}fizzin"
          LayoutTableRow {TR} at (0,62) size 769x22
            LayoutTableCell {TH} at (2,62) size 54x22 [bgcolor=#F8F8F8] [border: (1px solid #EEEEEE)] [r=1 c=0 rs=1 cs=1]
              LayoutText {#text} at (19,2) size 16x17
                text run at (19,2) width 16: "cy"
            LayoutTableCell {TD} at (58,62) size 709x22 [border: (1px solid #EEEEEE)] [r=1 c=1 rs=1 cs=1]
              LayoutText {#text} at (2,2) size 24x17
                text run at (2,2) width 24: "\x{175}yl"
          LayoutTableRow {TR} at (0,86) size 769x29
            LayoutTableCell {TH} at (2,89) size 54x22 [bgcolor=#F8F8F8] [border: (1px solid #EEEEEE)] [r=2 c=0 rs=1 cs=1]
              LayoutText {#text} at (21,2) size 12x17
                text run at (21,2) width 12: "el"
            LayoutTableCell {TD} at (58,86) size 709x29 [border: (1px solid #EEEEEE)] [r=2 c=1 rs=1 cs=1]
              LayoutText {#text} at (2,6) size 204x17
                text run at (2,6) width 204: "\x{3B3}\x{3B5}\x{3C9}\x{3B3}\x{3C1}\x{3B1}\x{3C6}\x{3B9}\x{3BA}\x{3AC}\x{2010}\x{3C3}\x{3C5}\x{3C3}\x{3C7}\x{3B5}\x{3C4}\x{3B9}\x{3C3}\x{3BC}\x{3AD}\x{3BD}\x{3B5}\x{3C2} \x{3AE}\x{3C4}\x{3B1}"
          LayoutTableRow {TR} at (0,117) size 769x72
            LayoutTableCell {TH} at (2,142) size 54x22 [bgcolor=#F8F8F8] [border: (1px solid #EEEEEE)] [r=3 c=0 rs=1 cs=1]
              LayoutText {#text} at (19,2) size 16x17
                text run at (19,2) width 16: "en"
            LayoutTableCell {TD} at (58,117) size 709x72 [border: (1px solid #EEEEEE)] [r=3 c=1 rs=1 cs=1]
              LayoutText {#text} at (2,6) size 437x17
                text run at (2,6) width 437: "'cept nut'in safari\x{2019}s \x{2018}sure\x{2019} nai\x{308}ve r\x{E9}sum\x{E9}\x{2014}h\x{E1}c\x{30C}ek full\x{2010}time one-to-one"
              LayoutBR {BR} at (438,20) size 1x0
              LayoutText {#text} at (2,31) size 317x17
                text run at (2,31) width 317: "\"newcastle\x{2011}upon\x{2011}tyne\" washington\x{2011}on\x{2011}the\x{2011}brazos"
              LayoutBR {BR} at (318,45) size 1x0
              LayoutInline {SPAN} at (0,0) size 32x17
                LayoutText {#text} at (2,52) size 32x17
                  text run at (2,52) width 32: "earth"
              LayoutText {#text} at (33,52) size 76x17
                text run at (33,52) width 76: "quake earth"
              LayoutInline {SPAN} at (0,0) size 38x17
                LayoutText {#text} at (108,52) size 38x17
                  text run at (108,52) width 38: "worm"
              LayoutText {#text} at (145,52) size 5x17
                text run at (145,52) width 5: " "
              LayoutInline {SPAN} at (0,0) size 44x17
                LayoutText {#text} at (149,52) size 44x17
                  text run at (149,52) width 44: "cheese"
              LayoutInline {SPAN} at (0,0) size 42x17
                LayoutText {#text} at (192,52) size 42x17
                  text run at (192,52) width 42: "burger"
              LayoutText {#text} at (233,52) size 119x17
                text run at (233,52) width 119: " [house] ~six -big-"
          LayoutTableRow {TR} at (0,191) size 769x22
            LayoutTableCell {TH} at (2,191) size 54x22 [bgcolor=#F8F8F8] [border: (1px solid #EEEEEE)] [r=4 c=0 rs=1 cs=1]
              LayoutText {#text} at (20,2) size 14x17
                text run at (20,2) width 14: "es"
            LayoutTableCell {TD} at (58,191) size 709x22 [border: (1px solid #EEEEEE)] [r=4 c=1 rs=1 cs=1]
              LayoutText {#text} at (2,2) size 65x17
                text run at (2,2) width 65: "\x{A1}jalape\x{F1}o!"
          LayoutTableRow {TR} at (0,215) size 769x29
            LayoutTableCell {TH} at (2,218) size 54x22 [bgcolor=#F8F8F8] [border: (1px solid #EEEEEE)] [r=5 c=0 rs=1 cs=1]
              LayoutText {#text} at (20,2) size 14x17
                text run at (20,2) width 14: "fr"
            LayoutTableCell {TD} at (58,215) size 709x29 [border: (1px solid #EEEEEE)] [r=5 c=1 rs=1 cs=1]
              LayoutText {#text} at (2,6) size 211x17
                text run at (2,6) width 211: "quelqu'un l\x{2019}amour t'appelles\x{2011}tu 3"
              LayoutInline {SUP} at (0,0) size 23x15
                LayoutText {#text} at (212,2) size 23x15
                  text run at (212,2) width 23: "eme"
          LayoutTableRow {TR} at (0,246) size 769x29
            LayoutTableCell {TH} at (2,249) size 54x22 [bgcolor=#F8F8F8] [border: (1px solid #EEEEEE)] [r=6 c=0 rs=1 cs=1]
              LayoutText {#text} at (18,2) size 18x17
                text run at (18,2) width 18: "hu"
            LayoutTableCell {TD} at (58,246) size 709x29 [border: (1px solid #EEEEEE)] [r=6 c=1 rs=1 cs=1]
              LayoutText {#text} at (2,6) size 110x17
                text run at (2,6) width 110: "11-ei london\x{2011}ban"
          LayoutTableRow {TR} at (0,277) size 769x22
            LayoutTableCell {TH} at (2,277) size 54x22 [bgcolor=#F8F8F8] [border: (1px solid #EEEEEE)] [r=7 c=0 rs=1 cs=1]
              LayoutText {#text} at (20,2) size 14x17
                text run at (20,2) width 14: "nl"
            LayoutTableCell {TD} at (58,277) size 709x22 [border: (1px solid #EEEEEE)] [r=7 c=1 rs=1 cs=1]
              LayoutText {#text} at (2,2) size 70x17
                text run at (2,2) width 70: "'s ochtends"
          LayoutTableRow {TR} at (0,301) size 769x22
            LayoutTableCell {TH} at (2,301) size 54x22 [bgcolor=#F8F8F8] [border: (1px solid #EEEEEE)] [r=8 c=0 rs=1 cs=1]
              LayoutText {#text} at (20,2) size 14x17
                text run at (20,2) width 14: "pl"
            LayoutTableCell {TD} at (58,301) size 709x22 [border: (1px solid #EEEEEE)] [r=8 c=1 rs=1 cs=1]
              LayoutText {#text} at (2,2) size 94x17
                text run at (2,2) width 94: "wzi\x{119}\x{142}a bie\x{17C}\x{105}ce"
          LayoutTableRow {TR} at (0,325) size 769x22
            LayoutTableCell {TH} at (2,325) size 54x22 [bgcolor=#F8F8F8] [border: (1px solid #EEEEEE)] [r=9 c=0 rs=1 cs=1]
              LayoutText {#text} at (19,2) size 16x17
                text run at (19,2) width 16: "ru"
            LayoutTableCell {TD} at (58,325) size 709x22 [border: (1px solid #EEEEEE)] [r=9 c=1 rs=1 cs=1]
              LayoutText {#text} at (2,2) size 195x17
                text run at (2,2) width 195: "\x{43D}\x{44C}\x{44E}-\x{439}\x{43E}\x{440}\x{43A} 1990-\x{445} 14-vii-1789"
          LayoutTableRow {TR} at (0,349) size 769x22
            LayoutTableCell {TH} at (2,349) size 54x22 [bgcolor=#F8F8F8] [border: (1px solid #EEEEEE)] [r=10 c=0 rs=1 cs=1]
              LayoutText {#text} at (17,2) size 20x17
                text run at (17,2) width 20: "tlh"
            LayoutTableCell {TD} at (58,349) size 709x22 [border: (1px solid #EEEEEE)] [r=10 c=1 rs=1 cs=1]
              LayoutText {#text} at (2,2) size 189x17
                text run at (2,2) width 189: "tlhIngan Hol wa''uy' loghqam"
      LayoutTable {TABLE} at (0,481) size 769x391
        LayoutBlockFlow {CAPTION} at (0,0) size 769x18
          LayoutText {#text} at (313,0) size 143x17
            text run at (313,0) width 143: "Correct output sample"
        LayoutTableSection {TBODY} at (0,18) size 769x373
          LayoutTableRow {TR} at (0,2) size 769x58
            LayoutTableCell {TH} at (2,20) size 54x22 [bgcolor=#F8F8F8] [border: (1px solid #EEEEEE)] [r=0 c=0 rs=1 cs=1]
              LayoutText {#text} at (2,2) size 50x17
                text run at (2,2) width 50: "generic"
            LayoutTableCell {TD} at (58,2) size 709x58 [border: (1px solid #EEEEEE)] [r=0 c=1 rs=1 cs=1]
              LayoutText {#text} at (2,2) size 695x53
                text run at (2,2) width 695: "Lip\x{AD}smackin\x{AD}thirst\x{AD}quenchin\x{AD}acetastin\x{AD}motivatin\x{AD}good\x{AD}buzzin\x{AD}cool\x{AD}talkin\x{AD}high\x{AD}walkin\x{AD}fast\x{AD}livin\x{AD}ever\x{AD}givin\x{AD}cool\x{AD}fizzin\x{AD}lip\x{AD}" + hyphen string "-"
                text run at (2,20) width 672: "smackin\x{AD}thirst\x{AD}quenchin\x{AD}acetastin\x{AD}motivatin\x{AD}good\x{AD}buzzin\x{AD}cool\x{AD}talkin\x{AD}high\x{AD}walkin\x{AD}fast\x{AD}livin\x{AD}ever\x{AD}givin\x{AD}cool\x{AD}fizzin\x{AD}lip\x{AD}" + hyphen string "-"
                text run at (2,38) width 650: "smackin\x{AD}thirst\x{AD}quenchin\x{AD}acetastin\x{AD}motivatin\x{AD}good\x{AD}buzzin\x{AD}cool\x{AD}talkin\x{AD}high\x{AD}walkin\x{AD}fast\x{AD}livin\x{AD}ever\x{AD}givin\x{AD}cool\x{AD}fizzin"
          LayoutTableRow {TR} at (0,62) size 769x22
            LayoutTableCell {TH} at (2,62) size 54x22 [bgcolor=#F8F8F8] [border: (1px solid #EEEEEE)] [r=1 c=0 rs=1 cs=1]
              LayoutText {#text} at (19,2) size 16x17
                text run at (19,2) width 16: "cy"
            LayoutTableCell {TD} at (58,62) size 709x22 [border: (1px solid #EEEEEE)] [r=1 c=1 rs=1 cs=1]
              LayoutText {#text} at (2,2) size 28x17
                text run at (2,2) width 28: "\x{174}yl"
          LayoutTableRow {TR} at (0,86) size 769x29
            LayoutTableCell {TH} at (2,89) size 54x22 [bgcolor=#F8F8F8] [border: (1px solid #EEEEEE)] [r=2 c=0 rs=1 cs=1]
              LayoutText {#text} at (21,2) size 12x17
                text run at (21,2) width 12: "el"
            LayoutTableCell {TD} at (58,86) size 709x29 [border: (1px solid #EEEEEE)] [r=2 c=1 rs=1 cs=1]
              LayoutText {#text} at (2,6) size 212x17
                text run at (2,6) width 212: "\x{393}\x{3B5}\x{3C9}\x{3B3}\x{3C1}\x{3B1}\x{3C6}\x{3B9}\x{3BA}\x{3AC}\x{2010}\x{3A3}\x{3C5}\x{3C3}\x{3C7}\x{3B5}\x{3C4}\x{3B9}\x{3C3}\x{3BC}\x{3AD}\x{3BD}\x{3B5}\x{3C2} \x{389}\x{3C4}\x{3B1}"
          LayoutTableRow {TR} at (0,117) size 769x72
            LayoutTableCell {TH} at (2,142) size 54x22 [bgcolor=#F8F8F8] [border: (1px solid #EEEEEE)] [r=3 c=0 rs=1 cs=1]
              LayoutText {#text} at (19,2) size 16x17
                text run at (19,2) width 16: "en"
            LayoutTableCell {TD} at (58,117) size 709x72 [border: (1px solid #EEEEEE)] [r=3 c=1 rs=1 cs=1]
              LayoutText {#text} at (2,6) size 472x17
                text run at (2,6) width 472: "'Cept Nut'in Safari\x{2019}s \x{2018}Sure\x{2019} Na\x{EF}ve R\x{E9}sum\x{E9}\x{2014}H\x{E1}\x{10D}ek Full\x{2010}time One-to-One"
              LayoutBR {BR} at (473,20) size 1x0
              LayoutText {#text} at (2,31) size 330x17
                text run at (2,31) width 330: "\"Newcastle-upon-Tyne\" Washington\x{2011}on\x{2011}the\x{2011}Brazos"
              LayoutBR {BR} at (331,45) size 1x0
              LayoutText {#text} at (2,52) size 368x17
                text run at (2,52) width 368: "Earthquake Earthworm Cheeseburger [House] ~Six -Big-"
          LayoutTableRow {TR} at (0,191) size 769x22
            LayoutTableCell {TH} at (2,191) size 54x22 [bgcolor=#F8F8F8] [border: (1px solid #EEEEEE)] [r=4 c=0 rs=1 cs=1]
              LayoutText {#text} at (20,2) size 14x17
                text run at (20,2) width 14: "es"
            LayoutTableCell {TD} at (58,191) size 709x22 [border: (1px solid #EEEEEE)] [r=4 c=1 rs=1 cs=1]
              LayoutText {#text} at (2,2) size 67x17
                text run at (2,2) width 67: "\x{A1}Jalape\x{F1}o!"
          LayoutTableRow {TR} at (0,215) size 769x29
            LayoutTableCell {TH} at (2,218) size 54x22 [bgcolor=#F8F8F8] [border: (1px solid #EEEEEE)] [r=5 c=0 rs=1 cs=1]
              LayoutText {#text} at (20,2) size 14x17
                text run at (20,2) width 14: "fr"
            LayoutTableCell {TD} at (58,215) size 709x29 [border: (1px solid #EEEEEE)] [r=5 c=1 rs=1 cs=1]
              LayoutText {#text} at (2,6) size 228x17
                text run at (2,6) width 228: "Quelqu'un l\x{2019}Amour t'Appelles\x{2011}Tu 3"
              LayoutInline {SUP} at (0,0) size 23x15
                LayoutText {#text} at (229,2) size 23x15
                  text run at (229,2) width 23: "eme"
          LayoutTableRow {TR} at (0,246) size 769x29
            LayoutTableCell {TH} at (2,249) size 54x22 [bgcolor=#F8F8F8] [border: (1px solid #EEEEEE)] [r=6 c=0 rs=1 cs=1]
              LayoutText {#text} at (18,2) size 18x17
                text run at (18,2) width 18: "hu"
            LayoutTableCell {TD} at (58,246) size 709x29 [border: (1px solid #EEEEEE)] [r=6 c=1 rs=1 cs=1]
              LayoutText {#text} at (2,6) size 115x17
                text run at (2,6) width 115: "11-ei London\x{2011}ban"
          LayoutTableRow {TR} at (0,277) size 769x22
            LayoutTableCell {TH} at (2,277) size 54x22 [bgcolor=#F8F8F8] [border: (1px solid #EEEEEE)] [r=7 c=0 rs=1 cs=1]
              LayoutText {#text} at (20,2) size 14x17
                text run at (20,2) width 14: "nl"
            LayoutTableCell {TD} at (58,277) size 709x22 [border: (1px solid #EEEEEE)] [r=7 c=1 rs=1 cs=1]
              LayoutText {#text} at (2,2) size 74x17
                text run at (2,2) width 74: "'s Ochtends"
          LayoutTableRow {TR} at (0,301) size 769x22
            LayoutTableCell {TH} at (2,301) size 54x22 [bgcolor=#F8F8F8] [border: (1px solid #EEEEEE)] [r=8 c=0 rs=1 cs=1]
              LayoutText {#text} at (20,2) size 14x17
                text run at (20,2) width 14: "pl"
            LayoutTableCell {TD} at (58,301) size 709x22 [border: (1px solid #EEEEEE)] [r=8 c=1 rs=1 cs=1]
              LayoutText {#text} at (2,2) size 100x17
                text run at (2,2) width 100: "Wzi\x{119}\x{142}a Bie\x{17C}\x{105}ce"
          LayoutTableRow {TR} at (0,325) size 769x22
            LayoutTableCell {TH} at (2,325) size 54x22 [bgcolor=#F8F8F8] [border: (1px solid #EEEEEE)] [r=9 c=0 rs=1 cs=1]
              LayoutText {#text} at (19,2) size 16x17
                text run at (19,2) width 16: "ru"
            LayoutTableCell {TD} at (58,325) size 709x22 [border: (1px solid #EEEEEE)] [r=9 c=1 rs=1 cs=1]
              LayoutText {#text} at (2,2) size 201x17
                text run at (2,2) width 201: "\x{41D}\x{44C}\x{44E}-\x{419}\x{43E}\x{440}\x{43A} 1990-\x{445} 14-vii-1789"
          LayoutTableRow {TR} at (0,349) size 769x22
            LayoutTableCell {TH} at (2,349) size 54x22 [bgcolor=#F8F8F8] [border: (1px solid #EEEEEE)] [r=10 c=0 rs=1 cs=1]
              LayoutText {#text} at (17,2) size 20x17
                text run at (17,2) width 20: "tlh"
            LayoutTableCell {TD} at (58,349) size 709x22 [border: (1px solid #EEEEEE)] [r=10 c=1 rs=1 cs=1]
              LayoutText {#text} at (2,2) size 189x17
                text run at (2,2) width 189: "tlhIngan Hol wa''uy' loghqam"
      LayoutTable {TABLE} at (0,872) size 769x391
        LayoutBlockFlow {CAPTION} at (0,0) size 769x18
          LayoutText {#text} at (324,0) size 121x17
            text run at (324,0) width 121: "Browser rendering"
        LayoutTableSection {TBODY} at (0,18) size 769x373
          LayoutTableRow {TR} at (0,2) size 769x58
            LayoutTableCell {TH} at (2,20) size 54x22 [bgcolor=#F8F8F8] [border: (1px solid #EEEEEE)] [r=0 c=0 rs=1 cs=1]
              LayoutText {#text} at (2,2) size 50x17
                text run at (2,2) width 50: "generic"
            LayoutTableCell {TD} at (58,2) size 709x58 [border: (1px solid #EEEEEE)] [r=0 c=1 rs=1 cs=1]
              LayoutText {#text} at (2,2) size 695x53
                text run at (2,2) width 695: "Lip\x{AD}smackin\x{AD}thirst\x{AD}quenchin\x{AD}acetastin\x{AD}motivatin\x{AD}good\x{AD}buzzin\x{AD}cool\x{AD}talkin\x{AD}high\x{AD}walkin\x{AD}fast\x{AD}livin\x{AD}ever\x{AD}givin\x{AD}cool\x{AD}fizzin\x{AD}lip\x{AD}" + hyphen string "-"
                text run at (2,20) width 672: "smackin\x{AD}thirst\x{AD}quenchin\x{AD}acetastin\x{AD}motivatin\x{AD}good\x{AD}buzzin\x{AD}cool\x{AD}talkin\x{AD}high\x{AD}walkin\x{AD}fast\x{AD}livin\x{AD}ever\x{AD}givin\x{AD}cool\x{AD}fizzin\x{AD}lip\x{AD}" + hyphen string "-"
                text run at (2,38) width 650: "smackin\x{AD}thirst\x{AD}quenchin\x{AD}acetastin\x{AD}motivatin\x{AD}good\x{AD}buzzin\x{AD}cool\x{AD}talkin\x{AD}high\x{AD}walkin\x{AD}fast\x{AD}livin\x{AD}ever\x{AD}givin\x{AD}cool\x{AD}fizzin"
          LayoutTableRow {TR} at (0,62) size 769x22
            LayoutTableCell {TH} at (2,62) size 54x22 [bgcolor=#F8F8F8] [border: (1px solid #EEEEEE)] [r=1 c=0 rs=1 cs=1]
              LayoutText {#text} at (19,2) size 16x17
                text run at (19,2) width 16: "cy"
            LayoutTableCell {TD} at (58,62) size 709x22 [border: (1px solid #EEEEEE)] [r=1 c=1 rs=1 cs=1]
              LayoutText {#text} at (2,2) size 28x17
                text run at (2,2) width 28: "\x{174}yl"
          LayoutTableRow {TR} at (0,86) size 769x29
            LayoutTableCell {TH} at (2,89) size 54x22 [bgcolor=#F8F8F8] [border: (1px solid #EEEEEE)] [r=2 c=0 rs=1 cs=1]
              LayoutText {#text} at (21,2) size 12x17
                text run at (21,2) width 12: "el"
            LayoutTableCell {TD} at (58,86) size 709x29 [border: (1px solid #EEEEEE)] [r=2 c=1 rs=1 cs=1]
              LayoutText {#text} at (2,6) size 212x17
                text run at (2,6) width 212: "\x{393}\x{3B5}\x{3C9}\x{3B3}\x{3C1}\x{3B1}\x{3C6}\x{3B9}\x{3BA}\x{3AC}\x{2010}\x{3A3}\x{3C5}\x{3C3}\x{3C7}\x{3B5}\x{3C4}\x{3B9}\x{3C3}\x{3BC}\x{3AD}\x{3BD}\x{3B5}\x{3C2} \x{389}\x{3C4}\x{3B1}"
          LayoutTableRow {TR} at (0,117) size 769x72
            LayoutTableCell {TH} at (2,142) size 54x22 [bgcolor=#F8F8F8] [border: (1px solid #EEEEEE)] [r=3 c=0 rs=1 cs=1]
              LayoutText {#text} at (19,2) size 16x17
                text run at (19,2) width 16: "en"
            LayoutTableCell {TD} at (58,117) size 709x72 [border: (1px solid #EEEEEE)] [r=3 c=1 rs=1 cs=1]
              LayoutText {#text} at (2,6) size 481x17
                text run at (2,6) width 481: "'Cept Nut'in Safari\x{2019}s \x{2018}Sure\x{2019} Nai\x{308}ve R\x{E9}sum\x{E9}\x{2014}H\x{E1}c\x{30C}ek Full\x{2010}Time One-To-One"
              LayoutBR {BR} at (482,20) size 1x0
              LayoutText {#text} at (2,31) size 342x17
                text run at (2,31) width 342: "\"Newcastle\x{2011}Upon\x{2011}Tyne\" Washington\x{2011}On\x{2011}The\x{2011}Brazos"
              LayoutBR {BR} at (343,45) size 1x0
              LayoutInline {SPAN} at (0,0) size 35x17
                LayoutText {#text} at (2,52) size 35x17
                  text run at (2,52) width 35: "Earth"
              LayoutText {#text} at (36,52) size 78x17
                text run at (36,52) width 78: "quake Earth"
              LayoutInline {SPAN} at (0,0) size 38x17
                LayoutText {#text} at (113,52) size 38x17
                  text run at (113,52) width 38: "worm"
              LayoutText {#text} at (150,52) size 5x17
                text run at (150,52) width 5: " "
              LayoutInline {SPAN} at (0,0) size 48x17
                LayoutText {#text} at (154,52) size 48x17
                  text run at (154,52) width 48: "Cheese"
              LayoutInline {SPAN} at (0,0) size 42x17
                LayoutText {#text} at (201,52) size 42x17
                  text run at (201,52) width 42: "burger"
              LayoutText {#text} at (242,52) size 128x17
                text run at (242,52) width 128: " [House] ~Six -Big-"
          LayoutTableRow {TR} at (0,191) size 769x22
            LayoutTableCell {TH} at (2,191) size 54x22 [bgcolor=#F8F8F8] [border: (1px solid #EEEEEE)] [r=4 c=0 rs=1 cs=1]
              LayoutText {#text} at (20,2) size 14x17
                text run at (20,2) width 14: "es"
            LayoutTableCell {TD} at (58,191) size 709x22 [border: (1px solid #EEEEEE)] [r=4 c=1 rs=1 cs=1]
              LayoutText {#text} at (2,2) size 67x17
                text run at (2,2) width 67: "\x{A1}Jalape\x{F1}o!"
          LayoutTableRow {TR} at (0,215) size 769x29
            LayoutTableCell {TH} at (2,218) size 54x22 [bgcolor=#F8F8F8] [border: (1px solid #EEEEEE)] [r=5 c=0 rs=1 cs=1]
              LayoutText {#text} at (20,2) size 14x17
                text run at (20,2) width 14: "fr"
            LayoutTableCell {TD} at (58,215) size 709x29 [border: (1px solid #EEEEEE)] [r=5 c=1 rs=1 cs=1]
              LayoutText {#text} at (2,6) size 228x17
                text run at (2,6) width 228: "Quelqu'un L\x{2019}amour T'appelles\x{2011}Tu 3"
              LayoutInline {SUP} at (0,0) size 24x15
                LayoutText {#text} at (229,2) size 24x15
                  text run at (229,2) width 24: "eme"
          LayoutTableRow {TR} at (0,246) size 769x29
            LayoutTableCell {TH} at (2,249) size 54x22 [bgcolor=#F8F8F8] [border: (1px solid #EEEEEE)] [r=6 c=0 rs=1 cs=1]
              LayoutText {#text} at (18,2) size 18x17
                text run at (18,2) width 18: "hu"
            LayoutTableCell {TD} at (58,246) size 709x29 [border: (1px solid #EEEEEE)] [r=6 c=1 rs=1 cs=1]
              LayoutText {#text} at (2,6) size 120x17
                text run at (2,6) width 120: "11-Ei London\x{2011}Ban"
          LayoutTableRow {TR} at (0,277) size 769x22
            LayoutTableCell {TH} at (2,277) size 54x22 [bgcolor=#F8F8F8] [border: (1px solid #EEEEEE)] [r=7 c=0 rs=1 cs=1]
              LayoutText {#text} at (20,2) size 14x17
                text run at (20,2) width 14: "nl"
            LayoutTableCell {TD} at (58,277) size 709x22 [border: (1px solid #EEEEEE)] [r=7 c=1 rs=1 cs=1]
              LayoutText {#text} at (2,2) size 77x17
                text run at (2,2) width 77: "'S Ochtends"
          LayoutTableRow {TR} at (0,301) size 769x22
            LayoutTableCell {TH} at (2,301) size 54x22 [bgcolor=#F8F8F8] [border: (1px solid #EEEEEE)] [r=8 c=0 rs=1 cs=1]
              LayoutText {#text} at (20,2) size 14x17
                text run at (20,2) width 14: "pl"
            LayoutTableCell {TD} at (58,301) size 709x22 [border: (1px solid #EEEEEE)] [r=8 c=1 rs=1 cs=1]
              LayoutText {#text} at (2,2) size 100x17
                text run at (2,2) width 100: "Wzi\x{119}\x{142}a Bie\x{17C}\x{105}ce"
          LayoutTableRow {TR} at (0,325) size 769x22
            LayoutTableCell {TH} at (2,325) size 54x22 [bgcolor=#F8F8F8] [border: (1px solid #EEEEEE)] [r=9 c=0 rs=1 cs=1]
              LayoutText {#text} at (19,2) size 16x17
                text run at (19,2) width 16: "ru"
            LayoutTableCell {TD} at (58,325) size 709x22 [border: (1px solid #EEEEEE)] [r=9 c=1 rs=1 cs=1]
              LayoutText {#text} at (2,2) size 207x17
                text run at (2,2) width 207: "\x{41D}\x{44C}\x{44E}-\x{419}\x{43E}\x{440}\x{43A} 1990-\x{425} 14-Vii-1789"
          LayoutTableRow {TR} at (0,349) size 769x22
            LayoutTableCell {TH} at (2,349) size 54x22 [bgcolor=#F8F8F8] [border: (1px solid #EEEEEE)] [r=10 c=0 rs=1 cs=1]
              LayoutText {#text} at (17,2) size 20x17
                text run at (17,2) width 20: "tlh"
            LayoutTableCell {TD} at (58,349) size 709x22 [border: (1px solid #EEEEEE)] [r=10 c=1 rs=1 cs=1]
              LayoutText {#text} at (2,2) size 206x17
                text run at (2,2) width 206: "TlhIngan Hol Wa''Uy' Loghqam"
