layer at (0,0) size 800x600
  LayoutView at (0,0) size 800x600
layer at (0,0) size 800x55
  LayoutBlockFlow {HTML} at (0,0) size 800x55
    LayoutBlockFlow {BODY} at (8,8) size 784x39
      LayoutText {#text} at (0,0) size 586x17
        text run at (0,0) width 586: "Test passes if password field does not include caps lock icon on right edge on any platform."
      LayoutBR {BR} at (585,0) size 1x17
      LayoutTextControl {INPUT} at (0,18) size 173x21 [bgcolor=#FFFFFF] [border: (2px inset #EEEEEE)]
      LayoutText {#text} at (0,0) size 0x0
      LayoutText {#text} at (0,0) size 0x0
layer at (10,29) size 169x15
  LayoutBlockFlow {DIV} at (2,3) size 169x15
caret: position 0 of child 0 {DIV} of {#document-fragment} of child 3 {INPUT} of body
