layer at (0,0) size 800x600
  LayoutView at (0,0) size 800x600
layer at (0,0) size 800x600
  LayoutBlockFlow {HTML} at (0,0) size 800x600
    LayoutBlockFlow {BODY} at (8,8) size 784x464
      LayoutBlockFlow {P} at (0,0) size 784x72
        LayoutText {#text} at (0,0) size 767x71
          text run at (0,0) width 449: "The single Hebrew glyph below should be in the Lucida Grande font. "
          text run at (448,0) width 318: "It should not be a synthetic bold, because the first"
          text run at (0,18) width 308: "font in the list (Ahem) does not have the glyph. "
          text run at (307,18) width 442: "Therefore we fall back to the second font in the list (Lucida Grande),"
          text run at (0,36) width 165: "which does support bold. "
          text run at (164,36) width 603: "This test is making sure we don't make incorrect assumptions based off the fact that we would"
          text run at (0,54) width 324: "have to synthesize bold for the first font in the list."
      LayoutBlockFlow {P} at (0,200) size 784x147
        LayoutText {#text} at (0,14) size 68x128
          text run at (0,14) width 68 RTL: "\x{5D0}"
