layer at (0,0) size 800x600
  LayoutView at (0,0) size 800x600
layer at (0,0) size 800x368
  LayoutBlockFlow {HTML} at (0,0) size 800x368
    LayoutBlockFlow {BODY} at (8,8) size 784x352
      LayoutBlockFlow {DIV} at (0,0) size 784x176
        LayoutBlockFlow {P} at (4,0) size 776x26
          LayoutInline {SPAN} at (0,0) size 234x27 [border: (1px solid #FF0000)]
            LayoutText {#text} at (1,0) size 232x25
              text run at (1,0) width 232: "mmm mmm mmm mmm"
          LayoutText {#text} at (0,0) size 0x0
        LayoutBlockFlow {P} at (4,30) size 776x26
          LayoutInline {SPAN} at (0,0) size 234x27 [border: (1px solid #FF0000)]
            LayoutText {#text} at (1,0) size 232x25
              text run at (1,0) width 232: "mmm mmm\x{300} mmm mmm"
          LayoutText {#text} at (0,0) size 0x0
        LayoutBlockFlow {P} at (4,60) size 776x26
          LayoutInline {SPAN} at (0,0) size 232x25
            LayoutText {#text} at (0,0) size 232x25
              text run at (0,0) width 232: "mmm mmm\x{300} mmm mmm"
          LayoutText {#text} at (231,0) size 239x25
            text run at (231,0) width 239: " mmm mmm mmm mmm"
        LayoutBlockFlow {P} at (4,90) size 776x26
          LayoutInline {SPAN} at (0,0) size 351x25
            LayoutText {#text} at (0,0) size 351x25
              text run at (0,0) width 351: "mmm mmm\x{300} mmm mmm mmm mmm"
          LayoutText {#text} at (350,0) size 120x25
            text run at (350,0) width 120: " mmm mmm"
        LayoutBlockFlow {P} at (4,120) size 776x26
          LayoutInline {SPAN} at (0,0) size 232x25
            LayoutText {#text} at (0,0) size 232x25
              text run at (0,0) width 232: "mmm mmm mmm mmm"
          LayoutText {#text} at (231,0) size 239x25
            text run at (231,0) width 239: " mmm mmm mmm mmm"
        LayoutBlockFlow {P} at (4,150) size 776x26
          LayoutInline {SPAN} at (0,0) size 351x25
            LayoutText {#text} at (0,0) size 351x25
              text run at (0,0) width 351: "mmm mmm mmm mmm mmm mmm"
          LayoutText {#text} at (350,0) size 120x25
            text run at (350,0) width 120: " mmm mmm"
      LayoutBlockFlow {HR} at (0,184) size 784x2 [border: (1px inset #EEEEEE)]
      LayoutBlockFlow {DIV} at (0,194) size 784x158
        LayoutBlockFlow {P} at (4,0) size 776x23
          LayoutInline {SPAN} at (0,0) size 219x24 [border: (1px solid #008000)]
            LayoutText {#text} at (1,0) size 217x22
              text run at (1,0) width 217: "mmm mmm mmm mmm"
          LayoutText {#text} at (0,0) size 0x0
        LayoutBlockFlow {P} at (4,27) size 776x23
          LayoutInline {SPAN} at (0,0) size 219x24 [border: (1px solid #008000)]
            LayoutText {#text} at (1,0) size 217x22
              text run at (1,0) width 217: "mmm mmm\x{300} mmm mmm"
          LayoutText {#text} at (0,0) size 0x0
        LayoutBlockFlow {P} at (4,54) size 776x23
          LayoutInline {SPAN} at (0,0) size 217x22
            LayoutText {#text} at (0,0) size 217x22
              text run at (0,0) width 217: "mmm mmm\x{300} mmm mmm"
          LayoutText {#text} at (216,0) size 223x22
            text run at (216,0) width 223: " mmm mmm mmm mmm"
        LayoutBlockFlow {P} at (4,81) size 776x23
          LayoutInline {SPAN} at (0,0) size 328x22
            LayoutText {#text} at (0,0) size 328x22
              text run at (0,0) width 328: "mmm mmm\x{300} mmm mmm mmm mmm"
          LayoutText {#text} at (327,0) size 112x22
            text run at (327,0) width 112: " mmm mmm"
        LayoutBlockFlow {P} at (4,108) size 776x23
          LayoutInline {SPAN} at (0,0) size 217x22
            LayoutText {#text} at (0,0) size 217x22
              text run at (0,0) width 217: "mmm mmm mmm mmm"
          LayoutText {#text} at (216,0) size 223x22
            text run at (216,0) width 223: " mmm mmm mmm mmm"
        LayoutBlockFlow {P} at (4,135) size 776x23
          LayoutInline {SPAN} at (0,0) size 328x22
            LayoutText {#text} at (0,0) size 328x22
              text run at (0,0) width 328: "mmm mmm mmm mmm mmm mmm"
          LayoutText {#text} at (327,0) size 112x22
            text run at (327,0) width 112: " mmm mmm"
