layer at (0,0) size 800x600
  LayoutView at (0,0) size 800x600
layer at (0,0) size 800x600
  LayoutBlockFlow {HTML} at (0,0) size 800x600
    LayoutBlockFlow {BODY} at (8,8) size 784x568
      LayoutBlockFlow {P} at (0,0) size 784x18
        LayoutText {#text} at (0,0) size 577x17
          text run at (0,0) width 577: "Three different sizes. The large size in particular should appear detailed and not pixelated."
      LayoutBlockFlow {P} at (0,34) size 784x96
        LayoutText {#text} at (0,64) size 96x17
          text run at (0,64) width 96: "\x{D83D}\x{DE49}\x{D83D}\x{DE3B}\x{D83D}\x{DC11}\x{D83C}\x{DF7C}\x{D83C}\x{DF72}\x{D83D}\x{DE0D}"
        LayoutInline {SPAN} at (0,0) size 30x5
          LayoutText {#text} at (96,74) size 30x5
            text run at (96,74) width 30: "\x{D83D}\x{DE49}\x{D83D}\x{DE3B}\x{D83D}\x{DC11}\x{D83C}\x{DF7C}\x{D83C}\x{DF72}\x{D83D}\x{DE0D}"
        LayoutText {#text} at (126,64) size 4x17
          text run at (126,64) width 4: " "
        LayoutInline {SPAN} at (0,0) size 432x80
          LayoutText {#text} at (130,14) size 432x80
            text run at (130,14) width 432: "\x{D83D}\x{DE49}\x{D83D}\x{DE3B}\x{D83D}\x{DC11}\x{D83C}\x{DF7C}\x{D83C}\x{DF72}\x{D83D}\x{DE0D}"
      LayoutBlockFlow {P} at (0,146) size 784x36
        LayoutText {#text} at (0,0) size 348x17
          text run at (0,0) width 348: "For the following, the emoji colors should not change."
        LayoutBR {BR} at (347,14) size 1x0
        LayoutText {#text} at (0,18) size 576x17
          text run at (0,18) width 576: "The monkey should be colored, the sheep should be black outlined with a white body, etc."
      LayoutBlockFlow {P} at (0,206) size 400x32 [bgcolor=#0000FF]
        LayoutText {#text} at (0,5) size 318x26
          text run at (0,5) width 318: "blue background: \x{D83D}\x{DE49}\x{D83D}\x{DE3B}\x{D83D}\x{DC11}\x{D83C}\x{DF7C}\x{D83C}\x{DF72}\x{D83D}\x{DE0D}"
      LayoutBlockFlow {P} at (0,262) size 784x32 [color=#FF0000]
        LayoutText {#text} at (0,5) size 230x26
          text run at (0,5) width 230: "red text: \x{D83D}\x{DE49}\x{D83D}\x{DE3B}\x{D83D}\x{DC11}\x{D83C}\x{DF7C}\x{D83C}\x{DF72}\x{D83D}\x{DE0D}"
      LayoutBlockFlow {P} at (0,318) size 784x36
        LayoutText {#text} at (0,0) size 434x17
          text run at (0,0) width 434: "For the following, each emoji should appear in two different colors."
        LayoutBR {BR} at (433,14) size 1x0
        LayoutText {#text} at (0,18) size 240x17
          text run at (0,18) width 240: "Color swatches should not be visible."
      LayoutBlockFlow {P} at (0,378) size 784x32
        LayoutText {#text} at (0,5) size 310x26
          text run at (0,5) width 310: "zero-width-joiners: \x{270C}\x{200D}\x{D83C}\x{DFFF}\x{270C}\x{200D}\x{D83C}\x{DFFC}\x{D83D}\x{DC6F}\x{200D}\x{D83C}\x{DFFB}\x{D83D}\x{DC6F}\x{200D}\x{D83C}\x{DFFF}\x{D83D}\x{DC72}\x{200D}\x{D83C}\x{DFFD}\x{D83D}\x{DC72}\x{200D}\x{D83C}\x{DFFB}"
layer at (500,200) size 200x200
  LayoutBlockFlow (positioned) {DIV} at (500,200) size 200x200
    LayoutBlockFlow {P} at (0,24) size 200x96
      LayoutText {#text} at (0,5) size 188x26
        text run at (0,5) width 188: "rotated emoji: \x{D83D}\x{DE49}\x{D83D}\x{DE0D}"
      LayoutBR {BR} at (187,26) size 1x0
      LayoutInline {SPAN} at (0,0) size 156x26 [color=#008000]
        LayoutText {#text} at (0,37) size 156x26
          text run at (0,37) width 156: "green text: \x{D83D}\x{DE3B}\x{D83C}\x{DF7C}"
      LayoutBR {BR} at (155,58) size 1x0
      LayoutInline {SPAN} at (0,0) size 152x26 [bgcolor=#800080]
        LayoutText {#text} at (0,69) size 152x26
          text run at (0,69) width 152: "purple bg: \x{D83D}\x{DC11}\x{D83C}\x{DF72}"
