layer at (0,0) size 800x600
  LayoutView at (0,0) size 800x600
layer at (0,0) size 800x600
  LayoutBlockFlow {HTML} at (0,0) size 800x600
    LayoutBlockFlow {BODY} at (8,8) size 784x584
      LayoutBlockFlow (anonymous) at (0,0) size 784x18
        LayoutText {#text} at (0,0) size 429x17
          text run at (0,0) width 429: "Pixel test for complex text rendering with opacity (Chromium bug "
        LayoutInline {A} at (0,0) size 33x17 [color=#0000EE]
          LayoutText {#text} at (428,0) size 33x17
            text run at (428,0) width 33: "8768"
        LayoutText {#text} at (460,0) size 10x17
          text run at (460,0) width 10: ")."
      LayoutBlockFlow {P} at (0,34) size 784x0
      LayoutBlockFlow {DIV} at (0,34) size 784x33
        LayoutInline {SPAN} at (0,0) size 47x27
          LayoutText {#text} at (0,5) size 47x27
            text run at (0,5) width 47: "\x{916}\x{94B}\x{91C}\x{947}\x{902}"
        LayoutText {#text} at (46,5) size 7x27
          text run at (46,5) width 7: " "
        LayoutText {#text} at (98,5) size 8x27
          text run at (98,5) width 8: " "
        LayoutText {#text} at (151,5) size 7x27
          text run at (151,5) width 7: " "
        LayoutText {#text} at (204,5) size 7x27
          text run at (204,5) width 7: " "
        LayoutText {#text} at (256,5) size 7x27
          text run at (256,5) width 7: " "
        LayoutText {#text} at (309,5) size 7x27
          text run at (309,5) width 7: " "
        LayoutText {#text} at (361,5) size 8x27
          text run at (361,5) width 8: " "
        LayoutText {#text} at (414,5) size 7x27
          text run at (414,5) width 7: " "
        LayoutText {#text} at (467,5) size 7x27
          text run at (467,5) width 7: " "
        LayoutText {#text} at (519,5) size 7x27
          text run at (519,5) width 7: " "
        LayoutText {#text} at (0,0) size 0x0
      LayoutBlockFlow {DIV} at (0,67) size 784x28
        LayoutInline {SPAN} at (0,0) size 54x27
          LayoutText {#text} at (589,0) size 54x27
            text run at (589,0) width 54 RTL: "\x{64A}\x{624}\x{644}\x{645}\x{646}\x{64A}"
        LayoutText {#text} at (583,0) size 7x27
          text run at (583,0) width 7 RTL: " "
        LayoutText {#text} at (524,0) size 7x27
          text run at (524,0) width 7 RTL: " "
        LayoutText {#text} at (465,0) size 7x27
          text run at (465,0) width 7 RTL: " "
        LayoutText {#text} at (406,0) size 7x27
          text run at (406,0) width 7 RTL: " "
        LayoutText {#text} at (347,0) size 7x27
          text run at (347,0) width 7 RTL: " "
        LayoutText {#text} at (288,0) size 7x27
          text run at (288,0) width 7 RTL: " "
        LayoutText {#text} at (229,0) size 7x27
          text run at (229,0) width 7 RTL: " "
        LayoutText {#text} at (170,0) size 7x27
          text run at (170,0) width 7 RTL: " "
        LayoutText {#text} at (111,0) size 7x27
          text run at (111,0) width 7 RTL: " "
        LayoutText {#text} at (52,0) size 7x27
          text run at (52,0) width 7 RTL: " "
        LayoutText {#text} at (0,0) size 0x0
layer at (8,42) size 47x27 transparent
  LayoutInline {SPAN} at (0,0) size 47x27
    LayoutText {#text} at (52,5) size 47x27
      text run at (52,5) width 47: "\x{916}\x{94B}\x{91C}\x{947}\x{902}"
layer at (8,42) size 47x27 transparent
  LayoutInline {SPAN} at (0,0) size 47x27
    LayoutText {#text} at (105,5) size 47x27
      text run at (105,5) width 47: "\x{916}\x{94B}\x{91C}\x{947}\x{902}"
layer at (8,42) size 48x27 transparent
  LayoutInline {SPAN} at (0,0) size 48x27
    LayoutText {#text} at (157,5) size 48x27
      text run at (157,5) width 48: "\x{916}\x{94B}\x{91C}\x{947}\x{902}"
layer at (8,42) size 47x27 transparent
  LayoutInline {SPAN} at (0,0) size 47x27
    LayoutText {#text} at (210,5) size 47x27
      text run at (210,5) width 47: "\x{916}\x{94B}\x{91C}\x{947}\x{902}"
layer at (8,42) size 48x27 transparent
  LayoutInline {SPAN} at (0,0) size 48x27
    LayoutText {#text} at (262,5) size 48x27
      text run at (262,5) width 48: "\x{916}\x{94B}\x{91C}\x{947}\x{902}"
layer at (8,42) size 47x27 transparent
  LayoutInline {SPAN} at (0,0) size 47x27
    LayoutText {#text} at (315,5) size 47x27
      text run at (315,5) width 47: "\x{916}\x{94B}\x{91C}\x{947}\x{902}"
layer at (8,42) size 47x27 transparent
  LayoutInline {SPAN} at (0,0) size 47x27
    LayoutText {#text} at (368,5) size 47x27
      text run at (368,5) width 47: "\x{916}\x{94B}\x{91C}\x{947}\x{902}"
layer at (8,42) size 48x27 transparent
  LayoutInline {SPAN} at (0,0) size 48x27
    LayoutText {#text} at (420,5) size 48x27
      text run at (420,5) width 48: "\x{916}\x{94B}\x{91C}\x{947}\x{902}"
layer at (8,42) size 47x27 transparent
  LayoutInline {SPAN} at (0,0) size 47x27
    LayoutText {#text} at (473,5) size 47x27
      text run at (473,5) width 47: "\x{916}\x{94B}\x{91C}\x{947}\x{902}"
layer at (8,42) size 48x27 transparent
  LayoutInline {SPAN} at (0,0) size 48x27
    LayoutText {#text} at (525,5) size 48x27
      text run at (525,5) width 48: "\x{916}\x{94B}\x{91C}\x{947}\x{902}"
layer at (8,75) size 54x27 transparent
  LayoutInline {SPAN} at (0,0) size 54x27
    LayoutText {#text} at (530,0) size 54x27
      text run at (530,0) width 54 RTL: "\x{64A}\x{624}\x{644}\x{645}\x{646}\x{64A}"
layer at (8,75) size 54x27 transparent
  LayoutInline {SPAN} at (0,0) size 54x27
    LayoutText {#text} at (471,0) size 54x27
      text run at (471,0) width 54 RTL: "\x{64A}\x{624}\x{644}\x{645}\x{646}\x{64A}"
layer at (8,75) size 54x27 transparent
  LayoutInline {SPAN} at (0,0) size 54x27
    LayoutText {#text} at (412,0) size 54x27
      text run at (412,0) width 54 RTL: "\x{64A}\x{624}\x{644}\x{645}\x{646}\x{64A}"
layer at (8,75) size 54x27 transparent
  LayoutInline {SPAN} at (0,0) size 54x27
    LayoutText {#text} at (353,0) size 54x27
      text run at (353,0) width 54 RTL: "\x{64A}\x{624}\x{644}\x{645}\x{646}\x{64A}"
layer at (8,75) size 54x27 transparent
  LayoutInline {SPAN} at (0,0) size 54x27
    LayoutText {#text} at (294,0) size 54x27
      text run at (294,0) width 54 RTL: "\x{64A}\x{624}\x{644}\x{645}\x{646}\x{64A}"
layer at (8,75) size 54x27 transparent
  LayoutInline {SPAN} at (0,0) size 54x27
    LayoutText {#text} at (235,0) size 54x27
      text run at (235,0) width 54 RTL: "\x{64A}\x{624}\x{644}\x{645}\x{646}\x{64A}"
layer at (8,75) size 54x27 transparent
  LayoutInline {SPAN} at (0,0) size 54x27
    LayoutText {#text} at (176,0) size 54x27
      text run at (176,0) width 54 RTL: "\x{64A}\x{624}\x{644}\x{645}\x{646}\x{64A}"
layer at (8,75) size 54x27 transparent
  LayoutInline {SPAN} at (0,0) size 54x27
    LayoutText {#text} at (117,0) size 54x27
      text run at (117,0) width 54 RTL: "\x{64A}\x{624}\x{644}\x{645}\x{646}\x{64A}"
layer at (8,75) size 54x27 transparent
  LayoutInline {SPAN} at (0,0) size 54x27
    LayoutText {#text} at (58,0) size 54x27
      text run at (58,0) width 54 RTL: "\x{64A}\x{624}\x{644}\x{645}\x{646}\x{64A}"
layer at (8,75) size 53x27 transparent
  LayoutInline {SPAN} at (0,0) size 53x27
    LayoutText {#text} at (0,0) size 53x27
      text run at (0,0) width 53 RTL: "\x{64A}\x{624}\x{644}\x{645}\x{646}\x{64A}"
