layer at (0,0) size 800x600
  LayoutView at (0,0) size 800x600
layer at (0,0) size 800x600
  LayoutBlockFlow {HTML} at (0,0) size 800x600
    LayoutBlockFlow {BODY} at (8,8) size 784x584
      LayoutBlockFlow (anonymous) at (0,0) size 784x18
        LayoutText {#text} at (0,0) size 259x17
          text run at (0,0) width 259: "These lines should have the same width:"
      LayoutBlockFlow {DIV} at (0,18) size 784x36
        LayoutText {#text} at (0,0) size 72x17
          text run at (0,0) width 72: ". . . . . . . . a"
        LayoutBR {BR} at (72,14) size 0x0
        LayoutText {#text} at (0,18) size 72x17
          text run at (0,18) width 72: ". . . . . . . . a\x{300}"
