layer at (0,0) size 800x600
  LayoutView at (0,0) size 800x600
layer at (0,0) size 800x600
  LayoutBlockFlow {HTML} at (0,0) size 800x600
    LayoutBlockFlow {BODY} at (8,8) size 782x584
      LayoutBlockFlow {DIV} at (0,0) size 94x584
        LayoutBlockFlow {DIV} at (0,0) size 42x584
          LayoutText {#text} at (8,0) size 26x72
            text run at (8,0) width 72: "\x{305D}\x{306E}\x{5973}"
          LayoutInline {SPAN} at (0,0) size 26x24 [color=#0000FF]
            LayoutTextCombine {#text} at (8,72) size 26x24
              text run at (8,72) width 24: "1"
          LayoutText {#text} at (8,96) size 26x48
            text run at (8,96) width 48: "\x{304C}\x{306D}"
          LayoutInline {SPAN} at (0,0) size 26x24 [color=#0000FF]
            LayoutTextCombine {#text} at (8,144) size 26x24
              text run at (8,144) width 24: "123"
          LayoutText {#text} at (8,168) size 26x120
            text run at (8,168) width 120: "\x{304B}\x{3057}\x{3064}\x{3051}\x{306B}"
          LayoutInline {SPAN} at (0,0) size 26x24 [color=#0000FF]
            LayoutTextCombine {#text} at (8,288) size 26x24
              text run at (8,288) width 24: "12345"
          LayoutText {#text} at (8,312) size 26x168
            text run at (8,312) width 168: "\x{6765}\x{3066}\x{304F}\x{308C}\x{308B}\x{307E}\x{3067}"
        LayoutBlockFlow {DIV} at (52,0) size 42x584
          LayoutText {#text} at (8,0) size 26x72
            text run at (8,0) width 72: "\x{305D}\x{306E}\x{5973}"
          LayoutInline {SPAN} at (0,0) size 26x24 [color=#0000FF]
            LayoutTextCombine {#text} at (8,72) size 26x24
              text run at (8,72) width 24: "1"
          LayoutText {#text} at (8,96) size 26x48
            text run at (8,96) width 48: "\x{304C}\x{306D}"
          LayoutInline {SPAN} at (0,0) size 26x24 [color=#0000FF]
            LayoutTextCombine {#text} at (8,144) size 26x24
              text run at (8,144) width 24: "123"
          LayoutText {#text} at (8,168) size 26x120
            text run at (8,168) width 120: "\x{304B}\x{3057}\x{3064}\x{3051}\x{306B}"
          LayoutInline {SPAN} at (0,0) size 26x24 [color=#0000FF]
            LayoutTextCombine {#text} at (8,288) size 26x24
              text run at (8,288) width 24: "12345"
          LayoutText {#text} at (8,312) size 26x168
            text run at (8,312) width 168: "\x{6765}\x{3066}\x{304F}\x{308C}\x{308B}\x{307E}\x{3067}"
      LayoutBlockFlow {DIV} at (104,0) size 94x584
        LayoutBlockFlow {DIV} at (0,0) size 42x584
          LayoutText {#text} at (8,0) size 26x72
            text run at (8,0) width 72: "\x{305D}\x{306E}\x{5973}"
          LayoutInline {SPAN} at (0,0) size 26x24 [color=#0000FF]
            LayoutTextCombine {#text} at (8,72) size 26x24
              text run at (8,72) width 24: "1"
          LayoutText {#text} at (8,96) size 26x48
            text run at (8,96) width 48: "\x{304C}\x{306D}"
          LayoutInline {SPAN} at (0,0) size 26x24 [color=#0000FF]
            LayoutTextCombine {#text} at (8,144) size 26x24
              text run at (8,144) width 24: "123"
          LayoutText {#text} at (8,168) size 26x120
            text run at (8,168) width 120: "\x{304B}\x{3057}\x{3064}\x{3051}\x{306B}"
          LayoutInline {SPAN} at (0,0) size 26x24 [color=#0000FF]
            LayoutTextCombine {#text} at (8,288) size 26x24
              text run at (8,288) width 24: "12345"
          LayoutText {#text} at (8,312) size 26x168
            text run at (8,312) width 168: "\x{6765}\x{3066}\x{304F}\x{308C}\x{308B}\x{307E}\x{3067}"
        LayoutBlockFlow {DIV} at (52,0) size 42x584
          LayoutText {#text} at (8,0) size 26x72
            text run at (8,0) width 72: "\x{305D}\x{306E}\x{5973}"
          LayoutInline {SPAN} at (0,0) size 26x24 [color=#0000FF]
            LayoutTextCombine {#text} at (8,72) size 26x24
              text run at (8,72) width 24: "1"
          LayoutText {#text} at (8,96) size 26x48
            text run at (8,96) width 48: "\x{304C}\x{306D}"
          LayoutInline {SPAN} at (0,0) size 26x24 [color=#0000FF]
            LayoutTextCombine {#text} at (8,144) size 26x24
              text run at (8,144) width 24: "123"
          LayoutText {#text} at (8,168) size 26x120
            text run at (8,168) width 120: "\x{304B}\x{3057}\x{3064}\x{3051}\x{306B}"
          LayoutInline {SPAN} at (0,0) size 26x24 [color=#0000FF]
            LayoutTextCombine {#text} at (8,288) size 26x24
              text run at (8,288) width 24: "12345"
          LayoutText {#text} at (8,312) size 26x168
            text run at (8,312) width 168: "\x{6765}\x{3066}\x{304F}\x{308C}\x{308B}\x{307E}\x{3067}"
      LayoutBlockFlow {DIV} at (208,0) size 94x584
        LayoutBlockFlow {DIV} at (0,0) size 42x584
          LayoutText {#text} at (8,0) size 26x72
            text run at (8,0) width 72: "\x{305D}\x{306E}\x{5973}"
          LayoutInline {SPAN} at (0,0) size 26x24 [color=#0000FF]
            LayoutTextCombine {#text} at (8,72) size 26x24
              text run at (8,72) width 24: "1"
          LayoutText {#text} at (8,96) size 26x48
            text run at (8,96) width 48: "\x{304C}\x{306D}"
          LayoutInline {SPAN} at (0,0) size 26x24 [color=#0000FF]
            LayoutTextCombine {#text} at (8,144) size 26x24
              text run at (8,144) width 24: "123"
          LayoutText {#text} at (8,168) size 26x120
            text run at (8,168) width 120: "\x{304B}\x{3057}\x{3064}\x{3051}\x{306B}"
          LayoutInline {SPAN} at (0,0) size 26x24 [color=#0000FF]
            LayoutTextCombine {#text} at (8,288) size 26x24
              text run at (8,288) width 24: "12345"
          LayoutText {#text} at (8,312) size 26x168
            text run at (8,312) width 168: "\x{6765}\x{3066}\x{304F}\x{308C}\x{308B}\x{307E}\x{3067}"
        LayoutBlockFlow {DIV} at (52,0) size 42x584
          LayoutText {#text} at (8,0) size 26x72
            text run at (8,0) width 72: "\x{305D}\x{306E}\x{5973}"
          LayoutInline {SPAN} at (0,0) size 26x24 [color=#0000FF]
            LayoutTextCombine {#text} at (8,72) size 26x24
              text run at (8,72) width 24: "1"
          LayoutText {#text} at (8,96) size 26x48
            text run at (8,96) width 48: "\x{304C}\x{306D}"
          LayoutInline {SPAN} at (0,0) size 26x24 [color=#0000FF]
            LayoutTextCombine {#text} at (8,144) size 26x24
              text run at (8,144) width 24: "123"
          LayoutText {#text} at (8,168) size 26x120
            text run at (8,168) width 120: "\x{304B}\x{3057}\x{3064}\x{3051}\x{306B}"
          LayoutInline {SPAN} at (0,0) size 26x24 [color=#0000FF]
            LayoutTextCombine {#text} at (8,288) size 26x24
              text run at (8,288) width 24: "12345"
          LayoutText {#text} at (8,312) size 26x168
            text run at (8,312) width 168: "\x{6765}\x{3066}\x{304F}\x{308C}\x{308B}\x{307E}\x{3067}"
      LayoutBlockFlow {DIV} at (312,0) size 108x584
        LayoutBlockFlow {DIV} at (0,0) size 49x584
          LayoutText {#text} at (15,0) size 26x72
            text run at (15,0) width 72: "\x{305D}\x{306E}\x{5973}"
          LayoutInline {SPAN} at (0,0) size 26x24 [color=#0000FF]
            LayoutTextCombine {#text} at (15,72) size 26x24
              text run at (15,72) width 24: "1"
          LayoutText {#text} at (15,96) size 26x48
            text run at (15,96) width 48: "\x{304C}\x{306D}"
          LayoutInline {SPAN} at (0,0) size 26x24 [color=#0000FF]
            LayoutTextCombine {#text} at (15,144) size 26x24
              text run at (15,144) width 24: "123"
          LayoutText {#text} at (15,168) size 26x120
            text run at (15,168) width 120: "\x{304B}\x{3057}\x{3064}\x{3051}\x{306B}"
          LayoutInline {SPAN} at (0,0) size 26x24 [color=#0000FF]
            LayoutTextCombine {#text} at (15,288) size 26x24
              text run at (15,288) width 24: "12345"
          LayoutText {#text} at (15,312) size 26x168
            text run at (15,312) width 168: "\x{6765}\x{3066}\x{304F}\x{308C}\x{308B}\x{307E}\x{3067}"
        LayoutBlockFlow {DIV} at (59,0) size 49x584
          LayoutText {#text} at (15,0) size 26x72
            text run at (15,0) width 72: "\x{305D}\x{306E}\x{5973}"
          LayoutInline {SPAN} at (0,0) size 26x24 [color=#0000FF]
            LayoutTextCombine {#text} at (15,72) size 26x24
              text run at (15,72) width 24: "1"
          LayoutText {#text} at (15,96) size 26x48
            text run at (15,96) width 48: "\x{304C}\x{306D}"
          LayoutInline {SPAN} at (0,0) size 26x24 [color=#0000FF]
            LayoutTextCombine {#text} at (15,144) size 26x24
              text run at (15,144) width 24: "123"
          LayoutText {#text} at (15,168) size 26x120
            text run at (15,168) width 120: "\x{304B}\x{3057}\x{3064}\x{3051}\x{306B}"
          LayoutInline {SPAN} at (0,0) size 26x24 [color=#0000FF]
            LayoutTextCombine {#text} at (15,288) size 26x24
              text run at (15,288) width 24: "12345"
          LayoutText {#text} at (15,312) size 26x168
            text run at (15,312) width 168: "\x{6765}\x{3066}\x{304F}\x{308C}\x{308B}\x{307E}\x{3067}"
