layer at (0,0) size 800x600
  LayoutView at (0,0) size 800x600
layer at (0,0) size 800x600
  LayoutBlockFlow {HTML} at (0,0) size 800x600
    LayoutBlockFlow {BODY} at (8,8) size 784x584
      LayoutBlockFlow {P} at (0,0) size 784x18
        LayoutText {#text} at (0,0) size 285x17
          text run at (0,0) width 285: "This tests GraphicsContext::drawBidiText()."
layer at (8,42) size 322x205 clip at (9,43) size 305x203
  LayoutListBox {SELECT} at (0,34) size 322.03x205.34 [bgcolor=#FFFFFF] [border: (1px solid #A9A9A9)]
    LayoutBlockFlow {OPTION} at (1,1) size 305.03x22.59
      LayoutText {#text} at (2,0) size 199x20
        text run at (2,0) width 40: "First "
        text run at (41,0) width 61 RTL: ") \x{5E8}\x{5D1}\x{5D9}\x{5E2}\x{5D9}\x{5EA}"
        text run at (101,0) width 21: "03"
        text run at (121,0) width 46 RTL: "\x{5E9}\x{5E0}\x{5D9}\x{5D4} ("
        text run at (166,0) width 35: " fifth"
    LayoutBlockFlow {OPTION} at (1,23.59) size 305.03x22.59
      LayoutText {#text} at (104,0) size 200x20
        text run at (104,0) width 30: "fifth"
        text run at (133,0) width 65 RTL: ") \x{5E8}\x{5D1}\x{5D9}\x{5E2}\x{5D9}\x{5EA} "
        text run at (197,0) width 21: "03"
        text run at (217,0) width 52 RTL: " \x{5E9}\x{5E0}\x{5D9}\x{5D4} ("
        text run at (268,0) width 36: "First"
    LayoutBlockFlow {OPTION} at (1,46.19) size 305.03x22.59
      LayoutText {#text} at (2,0) size 200x20
        text run at (2,0) width 200 LTR override: "First \x{5E9}\x{5E0}\x{5D9}\x{5D4} (03) \x{5E8}\x{5D1}\x{5D9}\x{5E2}\x{5D9}\x{5EA} fifth"
    LayoutBlockFlow {OPTION} at (1,68.78) size 305.03x22.59
      LayoutText {#text} at (104,0) size 200x20
        text run at (104,0) width 200 RTL override: "First \x{5E9}\x{5E0}\x{5D9}\x{5D4} (03) \x{5E8}\x{5D1}\x{5D9}\x{5E2}\x{5D9}\x{5EA} fifth"
    LayoutBlockFlow {OPTION} at (1,91.38) size 305.03x22.59
      LayoutText {#text} at (2,0) size 100x20
        text run at (2,0) width 100 RTL: "\x{5DE}\x{5E9}\x{5D4}\x{5D5} \x{5E2}\x{5DD} \x{5E0}\x{5B4}\x{5E7}\x{5BC}\x{5D5}\x{5BC}\x{5D3}"
    LayoutBlockFlow {OPTION} at (1,113.97) size 305.03x22.59
      LayoutText {#text} at (2,0) size 78x20
        text run at (2,0) width 78 RTL: "\x{627}\x{644}\x{644}\x{63A}\x{629} \x{627}\x{644}\x{639}\x{631}\x{628}\x{64A}\x{629}"
    LayoutBlockFlow {OPTION} at (1,136.56) size 305.03x22.59
      LayoutText {#text} at (2,0) size 126x20
        text run at (2,0) width 126: "Et volia\x{300}: ATSUI!"
    LayoutBlockFlow {OPTION} at (1,159.16) size 305.03x22.59
      LayoutText {#text} at (2,0) size 283x20
        text run at (2,0) width 91: "Directional "
        text run at (92,0) width 75 RTL override: "\x{202E}overrides"
        text run at (166,0) width 119: "\x{202C} are confusing."
    LayoutBlockFlow {OPTION} at (1,181.75) size 305.03x22.59
      LayoutText {#text} at (2,0) size 301x20
        text run at (2,0) width 82: "She said \x{201C}"
        text run at (83,0) width 67 RTL: " \x{5D1}\x{5DE}\x{5D6}\x{5D5}\x{5D5}\x{5D3}\x{5D4}!"
        text run at (149,0) width 36: "TNT"
        text run at (184,0) width 23 RTL: "\x{202B}\x{5D9}\x{5E9} "
        text run at (206,0) width 97: "\x{202C}\x{201D} and ran off"
layer at (8,247) size 366x18 clip at (9,248) size 349x16
  LayoutListBox {SELECT} at (0,239.34) size 366x18 [bgcolor=#FFFFFF] [border: (1px solid #A9A9A9)]
    LayoutBlockFlow {OPTION} at (1,1) size 349x15.39
      LayoutText {#text} at (2,0) size 345x14
        text run at (2,0) width 345: "There are two ways to measure text: my way and the wrong way"
