layer at (0,0) size 800x600
  LayoutView at (0,0) size 800x600
layer at (0,0) size 800x110
  LayoutBlockFlow {HTML} at (0,0) size 800x110
    LayoutBlockFlow {BODY} at (8,16) size 784x86
      LayoutBlockFlow {P} at (0,0) size 784x18
        LayoutText {#text} at (0,0) size 492x17
          text run at (0,0) width 492: "crbug.com/634445: Ltr text in a rtl flow should truncate the text right-to-left."
      LayoutBlockFlow {P} at (0,34) size 784x18
        LayoutText {#text} at (0,0) size 481x17
          text run at (0,0) width 481: "You should see ...32109876543210 below and an underline beneat the text."
layer at (8,84) size 125x18 scrollX 123.00 scrollWidth 248
  LayoutBlockFlow {DIV} at (0,68) size 125x18
    LayoutText {#text} at (-123,0) size 248x17
      text run at (-123,0) width 248: "0987654321098765432109876543210"
