layer at (0,0) size 800x600
  LayoutView at (0,0) size 800x600
layer at (0,0) size 800x110
  LayoutBlockFlow {HTML} at (0,0) size 800x110
    LayoutBlockFlow {BODY} at (8,16) size 784x86
      LayoutBlockFlow {P} at (0,0) size 784x18
        LayoutText {#text} at (0,0) size 492x17
          text run at (0,0) width 492: "crbug.com/634445: Rtl text in a ltr flow should truncate the text left-to-right."
      LayoutBlockFlow {P} at (0,34) size 784x18
        LayoutText {#text} at (0,0) size 412x17
          text run at (0,0) width 412: "You should see an underline beneath the text but not the ellipsis."
layer at (8,84) size 350x18 scrollWidth 426
  LayoutBlockFlow {DIV} at (0,68) size 350x18
    LayoutText {#text} at (0,0) size 427x17
      text run at (0,0) width 90: "Lorem ipsum "
      text run at (89,0) width 338 RTL: "\x{5D9}\x{5E0}\x{5D8}\x{5E8}\x{5E0}\x{5D8} \x{5D5}\x{5DB}\x{5D5}' \x{5D1}\x{5DE}\x{5E7}\x{5D5}\x{5DD} \x{5D4}\x{5D8}\x{5E7}\x{5E1}\x{5D8} \x{5D4}\x{5D0}\x{5DE}\x{5D9}\x{5EA}\x{5D9} \x{5D4}\x{5E1}\x{5D5}\x{5E4}\x{5D9}\x{5E2}\x{5D3} \x{5E9}\x{5D9}\x{5D4}\x{5D9}\x{5D4} \x{5D8}\x{5E7}\x{5E1}\x{5D8} \x{5D0}\x{5DE}\x{5D9}\x{5EA}"
