layer at (0,0) size 800x600
  LayoutView at (0,0) size 800x600
layer at (0,0) size 800x186
  LayoutBlockFlow {HTML} at (0,0) size 800x186
    LayoutBlockFlow {BODY} at (8,16) size 784x154
      LayoutBlockFlow {P} at (0,0) size 784x18
        LayoutText {#text} at (0,0) size 524x17
          text run at (0,0) width 524: "crbug.com/645938: Text in an rtl flow with a list marker should truncate properly."
      LayoutBlockFlow {P} at (0,34) size 784x18
        LayoutText {#text} at (0,0) size 343x17
          text run at (0,0) width 114: "You should see ..."
          text run at (113,0) width 181 RTL: "\x{5D4}\x{5E0}\x{5E7}\x{5E8}\x{5D0} \x{5DC}\x{5E4}\x{5E2}\x{5DE}\x{5D9}\x{5DD} \x{5D2}\x{5DD} \x{5D3}\x{5DE}\x{5D9} \x{5D8}\x{5E7}\x{5E1}\x{5D8} \x{5D0}\x{5D5} \x{5D2}"
          text run at (293,0) width 50: "' below."
      LayoutBlockFlow {OL} at (0,68) size 784x18
      LayoutBlockFlow {P} at (0,102) size 784x18
        LayoutText {#text} at (0,0) size 343x17
          text run at (0,0) width 343: "You should see ...ajdklasd jsakldsja dsjjkl dsjk below."
      LayoutBlockFlow {OL} at (0,136) size 784x18
layer at (48,84) size 200x18 scrollX 142.00 scrollWidth 342
  LayoutListItem {LI} at (40,0) size 200x18
    LayoutListMarker (anonymous) at (200,0) size 16x17: "1"
    LayoutText {#text} at (-142,0) size 343x17
      text run at (-142,0) width 122 RTL: "\x{5E2}\x{5D3} \x{5E9}\x{5D9}\x{5D4}\x{5D9}\x{5D4} \x{5D8}\x{5E7}\x{5E1}\x{5D8} \x{5D0}\x{5DE}\x{5D9}\x{5EA}\x{5D9}"
      text run at (-20,0) width 220 RTL: "\x{5D4}\x{5E0}\x{5E7}\x{5E8}\x{5D0} \x{5DC}\x{5E4}\x{5E2}\x{5DE}\x{5D9}\x{5DD} \x{5D2}\x{5DD} \x{5D3}\x{5DE}\x{5D9} \x{5D8}\x{5E7}\x{5E1}\x{5D8} \x{5D0}\x{5D5} \x{5D2}'\x{5D9}\x{5D1}\x{5E8}\x{5D9}\x{5E9} "
layer at (48,152) size 200x18 scrollX 208.00 scrollWidth 409
  LayoutListItem {LI} at (40,0) size 200x18
    LayoutListMarker (anonymous) at (200,0) size 16x17: "1"
    LayoutText {#text} at (-208,0) size 409x17
      text run at (-208,0) width 408: "dsajkl dsjakld sajkld asjkld sajklds ajdklasd jsakldsja dsjjkl dsjk"
