layer at (0,0) size 800x600
  LayoutView at (0,0) size 800x600
layer at (0,0) size 800x110
  LayoutBlockFlow {HTML} at (0,0) size 800x110
    LayoutBlockFlow {BODY} at (8,16) size 784x86
      LayoutBlockFlow {P} at (0,0) size 784x18
        LayoutText {#text} at (0,0) size 492x17
          text run at (0,0) width 492: "crbug.com/155836: Ltr text in a rtl flow should truncate the text right-to-left."
      LayoutBlockFlow {P} at (0,34) size 784x18
        LayoutText {#text} at (0,0) size 272x17
          text run at (0,0) width 272: "You should see ...32109876543210 below."
layer at (8,84) size 125x18 scrollX 6.00 scrollWidth 131
  LayoutBlockFlow {DIV} at (0,68) size 125x18
    LayoutText {#text} at (-6,0) size 132x17
      text run at (-6,0) width 19 RTL: "\x{5DB}\x{5DE}\x{5D5}"
      text run at (13,0) width 112: "32109876543210"
