layer at (0,0) size 800x600
  LayoutView at (0,0) size 800x600
layer at (0,0) size 800x86
  LayoutBlockFlow {HTML} at (0,0) size 800x86
    LayoutBlockFlow {BODY} at (8,8) size 784x70
      LayoutBlockFlow (anonymous) at (0,31) size 784x18
        LayoutBR {BR} at (0,0) size 0x17
layer at (8,8) size 50x31 clip at (9,9) size 48x29 scrollWidth 62
  LayoutBlockFlow {DIV} at (0,0) size 50x31 [border: (1px solid #000000)]
    LayoutText {#text} at (1,1) size 63x29
      text run at (1,1) width 63: "ABAB"
layer at (8,57) size 242x21 clip at (9,58) size 240x19 scrollWidth 2705
  LayoutBlockFlow {DIV} at (0,49) size 242x21 [border: (1px solid #000000)]
    LayoutText {#text} at (1,1) size 2705x19
      text run at (1,1) width 2705: "ABABABABABABABABABABAB ABABABABABABAB ABABABABABABABABABAB ABABABABABABABABABABABABABABABAB ABABABABAB ABABABABABABABABAB ABABABABABABABABAB ABABABABABABABABAB ABABABABABABABAB ABABABABABABABABAB ABABABABABABABABAB ABABABABABABABABABABAB ABABABABABABABABABABABABABABAB"
