layer at (0,0) size 800x600
  LayoutView at (0,0) size 800x600
layer at (0,0) size 800x600
  LayoutBlockFlow {HTML} at (0,0) size 800x600
    LayoutBlockFlow {BODY} at (8,8) size 784x584
      LayoutBlockFlow {P} at (0,0) size 784x18
        LayoutText {#text} at (0,0) size 273x17
          text run at (0,0) width 273: "There should be no dots above the ellipsis."
layer at (8,42) size 220x80 scrollX 13.00 scrollWidth 233
  LayoutBlockFlow {DIV} at (0,34) size 220x80
    LayoutText {#text} at (-13,26) size 234x53
      text run at (-13,26) width 233 RTL: "\x{647}\x{630}\x{627} \x{647}\x{648} \x{627}\x{644}\x{627}\x{62E}\x{62A}\x{628}\x{627}\x{631}"
layer at (8,122) size 220x80 scrollWidth 233
  LayoutBlockFlow {DIV} at (0,114) size 220x80
    LayoutText {#text} at (0,26) size 234x53
      text run at (0,26) width 234 RTL: "\x{647}\x{630}\x{627} \x{647}\x{648} \x{627}\x{644}\x{627}\x{62E}\x{62A}\x{628}\x{627}\x{631}"
layer at (8,202) size 220x80 scrollX 30.00 scrollWidth 251
  LayoutBlockFlow {DIV} at (0,194) size 220x80
    LayoutText {#text} at (-30,26) size 251x53
      text run at (-30,26) width 250: "abcd efg hijk"
layer at (8,282) size 220x80 scrollWidth 251
  LayoutBlockFlow {DIV} at (0,274) size 220x80
    LayoutText {#text} at (0,26) size 251x53
      text run at (0,26) width 251: "abcd efg hijk"
layer at (8,362) size 220x80 scrollX 69.00 scrollWidth 290
  LayoutBlockFlow {DIV} at (0,354) size 220x80
    LayoutText {#text} at (-69,26) size 290x53
      text run at (-69,26) width 289 RTL: "\x{643}\x{62A}\x{627}\x{628} \x{623}\x{644}\x{641} \x{644}\x{64A}\x{644}\x{629} \x{648}\x{644}\x{64A}\x{644}\x{629}"
layer at (8,442) size 220x80 scrollWidth 290
  LayoutBlockFlow {DIV} at (0,434) size 220x80
    LayoutText {#text} at (0,26) size 290x53
      text run at (0,26) width 290 RTL: "\x{643}\x{62A}\x{627}\x{628} \x{623}\x{644}\x{641} \x{644}\x{64A}\x{644}\x{629} \x{648}\x{644}\x{64A}\x{644}\x{629}"
