layer at (0,0) size 800x600
  LayoutView at (0,0) size 800x600
layer at (30,0) size 770x600
  LayoutBlockFlow {HTML} at (0,0) size 770x600
    LayoutBlockFlow {BODY} at (8,8) size 0x584
      LayoutBlockFlow (floating) {DIV} at (8,8) size 170x366 [border: (3px solid #000000)]
        LayoutText {#text} at (13,3) size 20x270
          text run at (13,3) width 270: "\x{305B}\x{3063}\x{304B}\x{304F}\x{898B}\x{3064}\x{3051}\x{305F}\x{3059}\x{3070}\x{3089}\x{3057}\x{3044}\x{8A18}\x{4E8B}"
        LayoutInline {SPAN} at (0,0) size 52x360
          LayoutText {#text} at (13,273) size 52x360
            text run at (13,273) width 90: "\x{304C}\x{3069}\x{3053}\x{306B}\x{3042}"
            text run at (45,3) width 144: "\x{3063}\x{305F}\x{304B}\x{5FD8}\x{308C}\x{3066}\x{3057}\x{307E}"
        LayoutText {#text} at (45,147) size 20x180
          text run at (45,147) width 180: "\x{3063}\x{305F}\x{7D4C}\x{9A13}\x{306F}\x{3042}\x{308A}\x{307E}\x{3059}\x{304B}"
        LayoutInline {SPAN} at (0,0) size 52x360
          LayoutText {#text} at (45,327) size 52x360
            text run at (45,327) width 36: "\x{306A}\x{3089}"
            text run at (77,3) width 270: "\x{30BF}\x{30A4}\x{30C8}\x{30EB}\x{3068}\x{30A2}\x{30C9}\x{30EC}\x{30B9}\x{3060}\x{3051}\x{3067}\x{306A}\x{304F}\x{3001}"
        LayoutText {#text} at (77,273) size 84x360
          text run at (77,273) width 90: "\x{8A2A}\x{554F}\x{3057}\x{305F}\x{30A6}"
          text run at (109,3) width 360: "\x{30A7}\x{30D6}\x{30DA}\x{30FC}\x{30B8}\x{306E}\x{30B3}\x{30F3}\x{30C6}\x{30F3}\x{30C4}\x{304B}\x{3089}\x{3082}\x{691C}\x{7D22}\x{3059}\x{308B}\x{3053}\x{3068}"
          text run at (141,3) width 108: "\x{304C}\x{3067}\x{304D}\x{307E}\x{3059}\x{3002}"
      LayoutBlockFlow (floating) {DIV} at (194,8) size 172x366 [border: (3px solid #000000)]
        LayoutText {#text} at (15,3) size 20x54
          text run at (15,3) width 54: "\x{305B}\x{3063}\x{304B}"
        LayoutInline {SPAN} at (0,0) size 20x108
          LayoutText {#text} at (15,57) size 20x108
            text run at (15,57) width 108: "\x{304F}\x{898B}\x{3064}\x{3051}\x{305F}\x{3059}"
        LayoutInline {SPAN} at (0,0) size 20x72
          LayoutText {#text} at (15,165) size 20x72
            text run at (15,165) width 72: "\x{3070}\x{3089}\x{3057}\x{3044}"
        LayoutInline {SPAN} at (0,0) size 20x72
          LayoutText {#text} at (15,237) size 20x72
            text run at (15,237) width 72: "\x{8A18}\x{4E8B}\x{304C}\x{3069}"
        LayoutInline {SPAN} at (0,0) size 52x360
          LayoutText {#text} at (15,309) size 52x360
            text run at (15,309) width 54: "\x{3053}\x{306B}\x{3042}"
            text run at (47,3) width 18: "\x{3063}"
        LayoutInline {SPAN} at (0,0) size 20x108
          LayoutText {#text} at (47,21) size 20x108
            text run at (47,21) width 108: "\x{305F}\x{304B}\x{5FD8}\x{308C}\x{3066}\x{3057}"
        LayoutInline {SPAN} at (0,0) size 20x90
          LayoutText {#text} at (47,129) size 20x90
            text run at (47,129) width 90: "\x{307E}\x{3063}\x{305F}\x{7D4C}\x{9A13}"
        LayoutInline {SPAN} at (0,0) size 20x108
          LayoutText {#text} at (47,219) size 20x108
            text run at (47,219) width 108: "\x{306F}\x{3042}\x{308A}\x{307E}\x{3059}\x{304B}"
        LayoutInline {SPAN} at (0,0) size 52x360
          LayoutText {#text} at (47,327) size 52x360
            text run at (47,327) width 36: "\x{306A}\x{3089}"
            text run at (79,3) width 90: "\x{30BF}\x{30A4}\x{30C8}\x{30EB}\x{3068}"
        LayoutInline {SPAN} at (0,0) size 20x144
          LayoutText {#text} at (79,93) size 20x144
            text run at (79,93) width 144: "\x{30A2}\x{30C9}\x{30EC}\x{30B9}\x{3060}\x{3051}\x{3067}\x{306A}"
        LayoutInline {SPAN} at (0,0) size 20x126
          LayoutText {#text} at (79,237) size 20x126
            text run at (79,237) width 126: "\x{304F}\x{3001}\x{8A2A}\x{554F}\x{3057}\x{305F}\x{30A6}"
        LayoutInline {SPAN} at (0,0) size 20x162
          LayoutText {#text} at (111,3) size 20x162
            text run at (111,3) width 162: "\x{30A7}\x{30D6}\x{30DA}\x{30FC}\x{30B8}\x{306E}\x{30B3}\x{30F3}\x{30C6}"
        LayoutText {#text} at (111,165) size 52x360
          text run at (111,165) width 198: "\x{30F3}\x{30C4}\x{304B}\x{3089}\x{3082}\x{691C}\x{7D22}\x{3059}\x{308B}\x{3053}\x{3068}"
          text run at (143,3) width 108: "\x{304C}\x{3067}\x{304D}\x{307E}\x{3059}\x{3002}"
      LayoutBlockFlow (floating) {DIV} at (382,8) size 166x366 [border: (3px solid #000000)]
        LayoutText {#text} at (9,3) size 20x54
          text run at (9,3) width 54: "\x{305B}\x{3063}\x{304B}"
        LayoutInline {SPAN} at (0,0) size 20x108
          LayoutText {#text} at (9,57) size 20x108
            text run at (9,57) width 108: "\x{304F}\x{898B}\x{3064}\x{3051}\x{305F}\x{3059}"
        LayoutInline {SPAN} at (0,0) size 20x72
          LayoutText {#text} at (9,165) size 20x72
            text run at (9,165) width 72: "\x{3070}\x{3089}\x{3057}\x{3044}"
        LayoutInline {SPAN} at (0,0) size 20x72
          LayoutText {#text} at (9,237) size 20x72
            text run at (9,237) width 72: "\x{8A18}\x{4E8B}\x{304C}\x{3069}"
        LayoutInline {SPAN} at (0,0) size 52x360
          LayoutText {#text} at (9,309) size 52x360
            text run at (9,309) width 54: "\x{3053}\x{306B}\x{3042}"
            text run at (41,3) width 18: "\x{3063}"
        LayoutInline {SPAN} at (0,0) size 20x108
          LayoutText {#text} at (41,21) size 20x108
            text run at (41,21) width 108: "\x{305F}\x{304B}\x{5FD8}\x{308C}\x{3066}\x{3057}"
        LayoutInline {SPAN} at (0,0) size 20x90
          LayoutText {#text} at (41,129) size 20x90
            text run at (41,129) width 90: "\x{307E}\x{3063}\x{305F}\x{7D4C}\x{9A13}"
        LayoutInline {SPAN} at (0,0) size 20x108
          LayoutText {#text} at (41,219) size 20x108
            text run at (41,219) width 108: "\x{306F}\x{3042}\x{308A}\x{307E}\x{3059}\x{304B}"
        LayoutInline {SPAN} at (0,0) size 52x360
          LayoutText {#text} at (41,327) size 52x360
            text run at (41,327) width 36: "\x{306A}\x{3089}"
            text run at (73,3) width 90: "\x{30BF}\x{30A4}\x{30C8}\x{30EB}\x{3068}"
        LayoutInline {SPAN} at (0,0) size 20x144
          LayoutText {#text} at (73,93) size 20x144
            text run at (73,93) width 144: "\x{30A2}\x{30C9}\x{30EC}\x{30B9}\x{3060}\x{3051}\x{3067}\x{306A}"
        LayoutInline {SPAN} at (0,0) size 20x126
          LayoutText {#text} at (73,237) size 20x126
            text run at (73,237) width 126: "\x{304F}\x{3001}\x{8A2A}\x{554F}\x{3057}\x{305F}\x{30A6}"
        LayoutInline {SPAN} at (0,0) size 20x162
          LayoutText {#text} at (105,3) size 20x162
            text run at (105,3) width 162: "\x{30A7}\x{30D6}\x{30DA}\x{30FC}\x{30B8}\x{306E}\x{30B3}\x{30F3}\x{30C6}"
        LayoutText {#text} at (105,165) size 52x360
          text run at (105,165) width 198: "\x{30F3}\x{30C4}\x{304B}\x{3089}\x{3082}\x{691C}\x{7D22}\x{3059}\x{308B}\x{3053}\x{3068}"
          text run at (137,3) width 108: "\x{304C}\x{3067}\x{304D}\x{307E}\x{3059}\x{3002}"
      LayoutBlockFlow (floating) {DIV} at (564,8) size 190x366 [border: (3px solid #000000)]
        LayoutText {#text} at (15,3) size 20x270
          text run at (15,3) width 270: "\x{305B}\x{3063}\x{304B}\x{304F}\x{898B}\x{3064}\x{3051}\x{305F}\x{3059}\x{3070}\x{3089}\x{3057}\x{3044}\x{8A18}\x{4E8B}"
        LayoutInline {SPAN} at (0,0) size 56x360
          LayoutText {#text} at (15,273) size 56x360
            text run at (15,273) width 90: "\x{304C}\x{3069}\x{3053}\x{306B}\x{3042}"
            text run at (51,3) width 144: "\x{3063}\x{305F}\x{304B}\x{5FD8}\x{308C}\x{3066}\x{3057}\x{307E}"
        LayoutText {#text} at (51,147) size 20x180
          text run at (51,147) width 180: "\x{3063}\x{305F}\x{7D4C}\x{9A13}\x{306F}\x{3042}\x{308A}\x{307E}\x{3059}\x{304B}"
        LayoutInline {SPAN} at (0,0) size 56x360
          LayoutText {#text} at (51,327) size 56x360
            text run at (51,327) width 36: "\x{306A}\x{3089}"
            text run at (87,3) width 270: "\x{30BF}\x{30A4}\x{30C8}\x{30EB}\x{3068}\x{30A2}\x{30C9}\x{30EC}\x{30B9}\x{3060}\x{3051}\x{3067}\x{306A}\x{304F}\x{3001}"
        LayoutText {#text} at (87,273) size 92x360
          text run at (87,273) width 90: "\x{8A2A}\x{554F}\x{3057}\x{305F}\x{30A6}"
          text run at (123,3) width 360: "\x{30A7}\x{30D6}\x{30DA}\x{30FC}\x{30B8}\x{306E}\x{30B3}\x{30F3}\x{30C6}\x{30F3}\x{30C4}\x{304B}\x{3089}\x{3082}\x{691C}\x{7D22}\x{3059}\x{308B}\x{3053}\x{3068}"
          text run at (159,3) width 108: "\x{304C}\x{3067}\x{304D}\x{307E}\x{3059}\x{3002}"
