layer at (0,0) size 800x600
  LayoutView at (0,0) size 800x600
layer at (0,0) size 800x600
  LayoutBlockFlow {HTML} at (0,0) size 800x600
    LayoutBlockFlow {BODY} at (8,8) size 744x584
      LayoutBlockFlow {P} at (0,0) size 85x584
        LayoutInline {SPAN} at (0,0) size 53x192
          LayoutText {#text} at (30,0) size 53x96
            text run at (30,0) width 96: "\x{6587}\x{5B57}"
          LayoutInline {SPAN} at (0,0) size 53x48
            LayoutTextCombine {#text} at (30,96) size 53x48
              text run at (30,96) width 48: "90"
          LayoutText {#text} at (30,144) size 53x48
            text run at (30,144) width 48: "\x{5E74}"
        LayoutText {#text} at (0,0) size 0x0
      LayoutBlockFlow {P} at (133,0) size 81x584
        LayoutInline {SPAN} at (0,0) size 53x192
          LayoutText {#text} at (26,0) size 53x96
            text run at (26,0) width 96: "\x{6587}\x{5B57}"
          LayoutInline {SPAN} at (0,0) size 53x48
            LayoutTextCombine {#text} at (26,96) size 53x48
              text run at (26,96) width 48: "90"
          LayoutText {#text} at (26,144) size 53x48
            text run at (26,144) width 48: "\x{5E74}"
        LayoutText {#text} at (0,0) size 0x0
      LayoutBlockFlow {P} at (262,0) size 79x584
        LayoutInline {SPAN} at (0,0) size 53x192
          LayoutText {#text} at (24,0) size 53x96
            text run at (24,0) width 96: "\x{6587}\x{5B57}"
          LayoutInline {SPAN} at (0,0) size 53x48
            LayoutTextCombine {#text} at (24,96) size 53x48
              text run at (24,96) width 48: "90"
          LayoutText {#text} at (24,144) size 53x48
            text run at (24,144) width 48: "\x{5E74}"
        LayoutText {#text} at (0,0) size 0x0
