layer at (0,0) size 800x600
  LayoutView at (0,0) size 800x600
layer at (0,0) size 800x600
  LayoutBlockFlow {HTML} at (0,0) size 800x600
    LayoutBlockFlow {BODY} at (8,8) size 784x576
      LayoutBlockFlow {P} at (0,0) size 784x18
        LayoutText {#text} at (0,0) size 54x17
          text run at (0,0) width 54: "Test for "
        LayoutInline {I} at (0,0) size 513x17
          LayoutInline {A} at (0,0) size 156x17 [color=#0000EE]
            LayoutText {#text} at (53,0) size 156x17
              text run at (53,0) width 156: "rdar://problem/9528843"
          LayoutText {#text} at (208,0) size 358x17
            text run at (208,0) width 5: " "
            text run at (212,0) width 354: "STIX glyphs not rendered on this stackoverflow answer"
        LayoutText {#text} at (565,0) size 5x17
          text run at (565,0) width 5: "."
      LayoutBlockFlow {P} at (0,34) size 784x43
        LayoutText {#text} at (0,21) size 99x17
          text run at (0,21) width 99: "A black circle: "
        LayoutInline {SPAN} at (0,0) size 28x36
          LayoutText {#text} at (98,6) size 28x36
            text run at (98,6) width 28: "\x{26AB}"
        LayoutText {#text} at (0,0) size 0x0
      LayoutBlockFlow {P} at (0,93) size 784x43
        LayoutText {#text} at (0,21) size 140x17
          text run at (0,21) width 140: "Another black circle: "
        LayoutInline {SPAN} at (0,0) size 28x36
          LayoutText {#text} at (139,6) size 28x36
            text run at (139,6) width 28: "\x{26AB}"
        LayoutText {#text} at (0,0) size 0x0
