layer at (0,0) size 800x600
  LayoutView at (0,0) size 800x600
layer at (0,0) size 800x431
  LayoutBlockFlow {HTML} at (0,0) size 800x431
    LayoutBlockFlow {BODY} at (8,8) size 784x415
      LayoutBlockFlow {H1} at (0,0) size 784x23
        LayoutText {#text} at (0,0) size 250x22
          text run at (0,0) width 250: "Tests support for font-stretch"
      LayoutBlockFlow {P} at (0,25) size 784x16
        LayoutText {#text} at (0,0) size 228x15
          text run at (0,0) width 228: "Tests that CSS font-stretch is supported."
      LayoutBlockFlow {SECTION} at (0,49) size 784x194
        LayoutBlockFlow {H2} at (0,0) size 784x21
          LayoutText {#text} at (0,0) size 68x21
            text run at (0,0) width 68: "Segoe UI"
        LayoutBlockFlow {P} at (0,23) size 784x19
          LayoutBlockFlow {SPAN} at (0,0) size 210x19
            LayoutText {#text} at (0,0) size 181x19
              text run at (0,0) width 181: "font-stretch: ultra-condensed"
          LayoutText {#text} at (210,0) size 379x19
            text run at (210,0) width 379: " - Just poets wax boldly as kings and queens march over fuzz."
        LayoutBlockFlow {P} at (0,42) size 784x19
          LayoutBlockFlow {SPAN} at (0,0) size 210x19
            LayoutText {#text} at (0,0) size 184x19
              text run at (0,0) width 184: "font-stretch: extra-condensed"
          LayoutText {#text} at (210,0) size 379x19
            text run at (210,0) width 379: " - Just poets wax boldly as kings and queens march over fuzz."
        LayoutBlockFlow {P} at (0,61) size 784x19
          LayoutBlockFlow {SPAN} at (0,0) size 210x19
            LayoutText {#text} at (0,0) size 148x19
              text run at (0,0) width 148: "font-stretch: condensed"
          LayoutText {#text} at (210,0) size 379x19
            text run at (210,0) width 379: " - Just poets wax boldly as kings and queens march over fuzz."
        LayoutBlockFlow {P} at (0,80) size 784x19
          LayoutBlockFlow {SPAN} at (0,0) size 210x19
            LayoutText {#text} at (0,0) size 182x19
              text run at (0,0) width 182: "font-stretch: semi-condensed"
          LayoutText {#text} at (210,0) size 379x19
            text run at (210,0) width 379: " - Just poets wax boldly as kings and queens march over fuzz."
        LayoutBlockFlow {P} at (0,99) size 784x19
          LayoutBlockFlow {SPAN} at (0,0) size 210x19
            LayoutText {#text} at (0,0) size 124x19
              text run at (0,0) width 124: "font-stretch: normal"
          LayoutText {#text} at (210,0) size 379x19
            text run at (210,0) width 379: " - Just poets wax boldly as kings and queens march over fuzz."
        LayoutBlockFlow {P} at (0,118) size 784x19
          LayoutBlockFlow {SPAN} at (0,0) size 210x19
            LayoutText {#text} at (0,0) size 175x19
              text run at (0,0) width 175: "font-stretch: semi-expanded"
          LayoutText {#text} at (210,0) size 379x19
            text run at (210,0) width 379: " - Just poets wax boldly as kings and queens march over fuzz."
        LayoutBlockFlow {P} at (0,137) size 784x19
          LayoutBlockFlow {SPAN} at (0,0) size 210x19
            LayoutText {#text} at (0,0) size 141x19
              text run at (0,0) width 141: "font-stretch: expanded"
          LayoutText {#text} at (210,0) size 379x19
            text run at (210,0) width 379: " - Just poets wax boldly as kings and queens march over fuzz."
        LayoutBlockFlow {P} at (0,156) size 784x19
          LayoutBlockFlow {SPAN} at (0,0) size 210x19
            LayoutText {#text} at (0,0) size 177x19
              text run at (0,0) width 177: "font-stretch: extra-expanded"
          LayoutText {#text} at (210,0) size 379x19
            text run at (210,0) width 379: " - Just poets wax boldly as kings and queens march over fuzz."
        LayoutBlockFlow {P} at (0,175) size 784x19
          LayoutBlockFlow {SPAN} at (0,0) size 210x19
            LayoutText {#text} at (0,0) size 175x19
              text run at (0,0) width 175: "font-stretch: ultra-expanded"
          LayoutText {#text} at (210,0) size 379x19
            text run at (210,0) width 379: " - Just poets wax boldly as kings and queens march over fuzz."
      LayoutBlockFlow {SECTION} at (0,251) size 784x164
        LayoutBlockFlow {H2} at (0,0) size 784x18
          LayoutText {#text} at (0,0) size 36x17
            text run at (0,0) width 36: "Arial"
        LayoutBlockFlow {P} at (0,20) size 784x16
          LayoutBlockFlow {SPAN} at (0,0) size 217.78x16
            LayoutText {#text} at (0,0) size 183x16
              text run at (0,0) width 183: "font-stretch: ultra-condensed"
          LayoutText {#text} at (217,0) size 394x16
            text run at (217,0) width 394: " - Just poets wax boldly as kings and queens march over fuzz."
        LayoutBlockFlow {P} at (0,36) size 784x16
          LayoutBlockFlow {SPAN} at (0,0) size 217.78x16
            LayoutText {#text} at (0,0) size 187x16
              text run at (0,0) width 187: "font-stretch: extra-condensed"
          LayoutText {#text} at (217,0) size 394x16
            text run at (217,0) width 394: " - Just poets wax boldly as kings and queens march over fuzz."
        LayoutBlockFlow {P} at (0,52) size 784x16
          LayoutBlockFlow {SPAN} at (0,0) size 217.78x16
            LayoutText {#text} at (0,0) size 150x16
              text run at (0,0) width 150: "font-stretch: condensed"
          LayoutText {#text} at (217,0) size 394x16
            text run at (217,0) width 394: " - Just poets wax boldly as kings and queens march over fuzz."
        LayoutBlockFlow {P} at (0,68) size 784x16
          LayoutBlockFlow {SPAN} at (0,0) size 217.78x16
            LayoutText {#text} at (0,0) size 185x16
              text run at (0,0) width 185: "font-stretch: semi-condensed"
          LayoutText {#text} at (217,0) size 394x16
            text run at (217,0) width 394: " - Just poets wax boldly as kings and queens march over fuzz."
        LayoutBlockFlow {P} at (0,84) size 784x16
          LayoutBlockFlow {SPAN} at (0,0) size 217.78x16
            LayoutText {#text} at (0,0) size 124x16
              text run at (0,0) width 124: "font-stretch: normal"
          LayoutText {#text} at (217,0) size 394x16
            text run at (217,0) width 394: " - Just poets wax boldly as kings and queens march over fuzz."
        LayoutBlockFlow {P} at (0,100) size 784x16
          LayoutBlockFlow {SPAN} at (0,0) size 217.78x16
            LayoutText {#text} at (0,0) size 178x16
              text run at (0,0) width 178: "font-stretch: semi-expanded"
          LayoutText {#text} at (217,0) size 394x16
            text run at (217,0) width 394: " - Just poets wax boldly as kings and queens march over fuzz."
        LayoutBlockFlow {P} at (0,116) size 784x16
          LayoutBlockFlow {SPAN} at (0,0) size 217.78x16
            LayoutText {#text} at (0,0) size 143x16
              text run at (0,0) width 143: "font-stretch: expanded"
          LayoutText {#text} at (217,0) size 394x16
            text run at (217,0) width 394: " - Just poets wax boldly as kings and queens march over fuzz."
        LayoutBlockFlow {P} at (0,132) size 784x16
          LayoutBlockFlow {SPAN} at (0,0) size 217.78x16
            LayoutText {#text} at (0,0) size 180x16
              text run at (0,0) width 180: "font-stretch: extra-expanded"
          LayoutText {#text} at (217,0) size 394x16
            text run at (217,0) width 394: " - Just poets wax boldly as kings and queens march over fuzz."
        LayoutBlockFlow {P} at (0,148) size 784x16
          LayoutBlockFlow {SPAN} at (0,0) size 217.78x16
            LayoutText {#text} at (0,0) size 176x16
              text run at (0,0) width 176: "font-stretch: ultra-expanded"
          LayoutText {#text} at (217,0) size 394x16
            text run at (217,0) width 394: " - Just poets wax boldly as kings and queens march over fuzz."
