layer at (0,0) size 800x600
  LayoutView at (0,0) size 800x600
layer at (0,0) size 800x600
  LayoutBlockFlow {HTML} at (0,0) size 800x600
    LayoutBlockFlow {BODY} at (8,8) size 784x584
      LayoutBlockFlow {P} at (0,0) size 784x36
        LayoutText {#text} at (0,0) size 54x17
          text run at (0,0) width 54: "Test for "
        LayoutInline {I} at (0,0) size 766x35
          LayoutInline {A} at (0,0) size 353x17 [color=#0000EE]
            LayoutText {#text} at (53,0) size 353x17
              text run at (53,0) width 353: "http://bugzilla.opendarwin.org/show_bug.cgi?id=7433"
          LayoutText {#text} at (405,0) size 766x35
            text run at (405,0) width 361: " REGRESSION (r12789): Second RTL text run on a line"
            text run at (0,18) width 119: "cannot be selected"
        LayoutText {#text} at (118,18) size 5x17
          text run at (118,18) width 5: "."
      LayoutBlockFlow {P} at (0,52) size 784x18
        LayoutText {#text} at (0,0) size 660x17
          text run at (0,0) width 660: "The rightmost two words in the Hebrew text should be selectable by dragging or double-clicking them."
      LayoutBlockFlow {HR} at (0,86) size 784x2 [border: (1px inset #EEEEEE)]
      LayoutBlockFlow (anonymous) at (0,96) size 784x18
        LayoutInline {SPAN} at (0,0) size 115x17
          LayoutText {#text} at (0,0) size 115x17
            text run at (0,0) width 50 RTL: "\x{5E9}\x{5EA}\x{5D4} \x{5DE}\x{5D9}\x{5E5}"
            text run at (49,0) width 66 RTL: "\x{5D0}\x{5DB}\x{5DC}\x{5EA} \x{5E4}\x{5DC}\x{5E4}\x{5DC} "
        LayoutText {#text} at (0,0) size 0x0
caret: position 3 of child 0 {#text} of child 7 {SPAN} of body
