layer at (0,0) size 800x600
  LayoutView at (0,0) size 800x600
layer at (0,0) size 800x332
  LayoutBlockFlow {HTML} at (0,0) size 800x332
    LayoutBlockFlow {BODY} at (8,8) size 784x316
      LayoutBlockFlow {DIV} at (0,0) size 784x154
        LayoutBlockFlow {DIV} at (0,0) size 96x52 [border: (3px solid #000000)]
          LayoutText {#text} at (3,9) size 57x17
            text run at (3,9) width 57: "a. b. "
          LayoutInline {SPAN} at (0,0) size 5x17
            LayoutText {#text} at (59,9) size 5x17
              text run at (59,9) width 5: "i"
          LayoutText {#text} at (63,9) size 90x39
            text run at (63,9) width 30: "\x{306F}"
            text run at (3,31) width 56: "xxxxxxx"
        LayoutBlockFlow {DIV} at (0,60) size 96x52 [border: (3px solid #000000)]
          LayoutText {#text} at (3,9) size 90x39
            text run at (3,9) width 90: "a. b. i\x{306F}"
            text run at (3,31) width 56: "xxxxxxx"
        LayoutBlockFlow {DIV} at (0,120) size 96x34 [border: (3px solid #000000)]
          LayoutText {#text} at (3,9) size 216x17
            text run at (3,9) width 216: "xxxxxxxxxxxxxxxxxxxxx\x{FF08}\x{624B}\x{FF09}"
      LayoutBlockFlow {DIV} at (0,162) size 784x154
        LayoutBlockFlow {DIV} at (0,0) size 96x52 [border: (3px solid #000000)]
          LayoutText {#text} at (3,9) size 57x17
            text run at (3,9) width 57: "a. b. "
          LayoutInline {SPAN} at (0,0) size 5x17
            LayoutText {#text} at (59,9) size 5x17
              text run at (59,9) width 5: "i"
          LayoutText {#text} at (63,9) size 90x39
            text run at (63,9) width 30: "\x{306F}"
            text run at (3,31) width 56: "xxxxxxx"
        LayoutBlockFlow {DIV} at (0,60) size 96x52 [border: (3px solid #000000)]
          LayoutText {#text} at (3,9) size 90x39
            text run at (3,9) width 90: "a. b. i\x{306F}"
            text run at (3,31) width 56: "xxxxxxx"
        LayoutBlockFlow {DIV} at (0,120) size 96x34 [border: (3px solid #000000)]
          LayoutText {#text} at (3,9) size 216x17
            text run at (3,9) width 216: "xxxxxxxxxxxxxxxxxxxxx\x{FF08}\x{624B}\x{FF09}"
