layer at (0,0) size 800x600
  LayoutView at (0,0) size 800x600
layer at (0,0) size 800x600
  LayoutBlockFlow {HTML} at (0,0) size 800x600
    LayoutBlockFlow {BODY} at (8,8) size 784x584
      LayoutBlockFlow {P} at (0,0) size 784x18
        LayoutText {#text} at (0,0) size 653x17
          text run at (0,0) width 653: "The black text should be identical to, and overlap, the red text, so there should be no red pixels below."
      LayoutBlockFlow {DIV} at (0,34) size 784x186
        LayoutBlockFlow {DIV} at (0,0) size 784x165 [color=#FF0000]
          LayoutText {#text} at (0,3) size 272x159
            text run at (0,3) width 272: "v a\x{300} e"
        LayoutBlockFlow {DIV} at (0,21) size 784x165
          LayoutText {#text} at (0,3) size 272x159
            text run at (0,3) width 272: "v \x{E0} e"
      LayoutBlockFlow {DIV} at (0,220) size 784x186
        LayoutBlockFlow {DIV} at (0,0) size 784x165 [color=#FF0000]
          LayoutText {#text} at (0,3) size 272x159
            text run at (0,3) width 272: "v a\x{300} e"
        LayoutBlockFlow {DIV} at (0,21) size 784x165
          LayoutText {#text} at (0,3) size 272x159
            text run at (0,3) width 272: "v \x{E0} e"
