layer at (0,0) size 800x600 scrollHeight 605
  LayoutView at (0,0) size 800x600
layer at (0,0) size 800x605 backgroundClip at (0,0) size 800x600 clip at (0,0) size 800x600
  LayoutBlockFlow {HTML} at (0,0) size 800x605
    LayoutBlockFlow {BODY} at (8,8) size 784x589
      LayoutBlockFlow {DIV} at (0,0) size 784x39
        LayoutText {#text} at (0,7) size 141x26
          text run at (0,7) width 141: "\x{653B}\x{6BBB}\x{2307}\x{30FC}\x{FF1C}\x{FF1D}4"
      LayoutBlockFlow {DIV} at (0,39) size 156x190
        LayoutBlockFlow {DIV} at (0,10) size 39x170
          LayoutText {#text} at (7,0) size 26x156
            text run at (7,0) width 156: "\x{653B}\x{6BBB}\x{2307}\x{30FC}\x{FF1C}\x{FF1D}4"
        LayoutBlockFlow {DIV} at (39,10) size 39x170 [color=#0000FF]
          LayoutText {#text} at (7,0) size 26x170
            text run at (7,0) width 170: "\x{653B}\x{6BBB}\x{2307}\x{30FC}\x{FF1C}\x{FF1D}4"
        LayoutBlockFlow {DIV} at (78,10) size 39x170 [color=#008080]
          LayoutText {#text} at (7,0) size 26x141
            text run at (7,0) width 141: "\x{653B}\x{6BBB}\x{2307}\x{30FC}\x{FF1C}\x{FF1D}4"
        LayoutBlockFlow {DIV} at (117,10) size 39x170 [color=#A52A2A]
          LayoutText {#text} at (7,0) size 26x141
            text run at (7,0) width 141: "\x{653B}\x{6BBB}\x{2307}\x{30FC}\x{FF1C}\x{FF1D}4"
      LayoutBlockFlow {DIV} at (0,229) size 156x190
        LayoutBlockFlow {DIV} at (0,10) size 39x170
          LayoutText {#text} at (7,0) size 26x156
            text run at (7,0) width 156: "\x{653B}\x{6BBB}\x{2307}\x{30FC}\x{FF1C}\x{FF1D}4"
        LayoutBlockFlow {DIV} at (39,10) size 39x170 [color=#0000FF]
          LayoutText {#text} at (7,0) size 26x170
            text run at (7,0) width 170: "\x{653B}\x{6BBB}\x{2307}\x{30FC}\x{FF1C}\x{FF1D}4"
        LayoutBlockFlow {DIV} at (78,10) size 39x170 [color=#008080]
          LayoutText {#text} at (7,0) size 26x141
            text run at (7,0) width 141: "\x{653B}\x{6BBB}\x{2307}\x{30FC}\x{FF1C}\x{FF1D}4"
        LayoutBlockFlow {DIV} at (117,10) size 39x170 [color=#A52A2A]
          LayoutText {#text} at (7,0) size 26x141
            text run at (7,0) width 141: "\x{653B}\x{6BBB}\x{2307}\x{30FC}\x{FF1C}\x{FF1D}4"
      LayoutBlockFlow {DIV} at (0,419) size 156x170
        LayoutBlockFlow {DIV} at (0,0) size 39x170
          LayoutText {#text} at (7,0) size 26x156
            text run at (7,0) width 156: "\x{653B}\x{6BBB}\x{2307}\x{30FC}\x{FF1C}\x{FF1D}4"
        LayoutBlockFlow {DIV} at (39,0) size 39x170 [color=#0000FF]
          LayoutText {#text} at (7,0) size 26x170
            text run at (7,0) width 170: "\x{653B}\x{6BBB}\x{2307}\x{30FC}\x{FF1C}\x{FF1D}4"
        LayoutBlockFlow {DIV} at (78,0) size 39x170 [color=#008080]
          LayoutText {#text} at (7,0) size 26x141
            text run at (7,0) width 141: "\x{653B}\x{6BBB}\x{2307}\x{30FC}\x{FF1C}\x{FF1D}4"
        LayoutBlockFlow {DIV} at (117,0) size 39x170 [color=#A52A2A]
          LayoutText {#text} at (7,0) size 26x141
            text run at (7,0) width 141: "\x{653B}\x{6BBB}\x{2307}\x{30FC}\x{FF1C}\x{FF1D}4"
