layer at (0,0) size 800x600
  LayoutView at (0,0) size 800x600
layer at (0,0) size 800x350
  LayoutBlockFlow {HTML} at (0,0) size 800x350
    LayoutBlockFlow {BODY} at (8,16) size 784x326
      LayoutBlockFlow {P} at (0,0) size 784x18
        LayoutText {#text} at (0,0) size 565x17
          text run at (0,0) width 565: "crbug.com/133700: Ellipsis placed correctly in rtl text in an inline-block wth an rtl flow."
      LayoutBlockFlow {P} at (0,34) size 784x18
        LayoutText {#text} at (0,0) size 202x17
          text run at (0,0) width 202: "You should see abcdef... below."
      LayoutBlockFlow {P} at (0,102) size 784x18
        LayoutText {#text} at (0,0) size 202x17
          text run at (0,0) width 202: "You should see ...defabc below."
      LayoutBlockFlow {P} at (0,170) size 784x18
        LayoutText {#text} at (0,0) size 282x17
          text run at (0,0) width 282: "You should see abcde... then abcde... below."
      LayoutBlockFlow {P} at (0,256) size 784x18
        LayoutText {#text} at (0,0) size 291x17
          text run at (0,0) width 291: "You should see ...hijklm then ...hijklm below."
layer at (8,84) size 55x18 scrollWidth 63
  LayoutBlockFlow {DIV} at (0,68) size 55x18
    LayoutBlockFlow {SPAN} at (0,0) size 22.20x18
      LayoutText {#text} at (0,0) size 23x17
        text run at (0,0) width 23: "abc"
    LayoutBlockFlow {SPAN} at (22.20,0) size 20.44x18
      LayoutText {#text} at (0,0) size 21x17
        text run at (0,0) width 21: "def"
    LayoutBlockFlow {SPAN} at (42.64,0) size 20.45x18
      LayoutText {#text} at (0,0) size 21x17
        text run at (0,0) width 21: "ghi"
    LayoutText {#text} at (0,0) size 0x0
layer at (8,152) size 55x18 scrollX 8.00 scrollWidth 63
  LayoutBlockFlow {DIV} at (0,136) size 55x18
    LayoutBlockFlow {SPAN} at (32.80,0) size 22.20x18
      LayoutText {#text} at (0,0) size 23x17
        text run at (0,0) width 23: "abc"
    LayoutBlockFlow {SPAN} at (12.36,0) size 20.44x18
      LayoutText {#text} at (0,0) size 21x17
        text run at (0,0) width 21: "def"
    LayoutBlockFlow {SPAN} at (-8.09,0) size 20.45x18
      LayoutText {#text} at (0,0) size 21x17
        text run at (0,0) width 21: "ghi"
    LayoutText {#text} at (0,0) size 0x0
layer at (8,220) size 55x36 scrollWidth 130
  LayoutBlockFlow {DIV} at (0,204) size 55x36
    LayoutBlockFlow {SPAN} at (0,0) size 92.42x36
      LayoutText {#text} at (0,0) size 93x17
        text run at (0,0) width 93: "abcdefghijklm"
      LayoutBR {BR} at (92,0) size 1x17
      LayoutText {#text} at (0,18) size 93x17
        text run at (0,18) width 93: "abcdefghijklm"
    LayoutBlockFlow {SPAN} at (92.42,18) size 20.45x18
      LayoutText {#text} at (0,0) size 21x17
        text run at (0,0) width 21: "ghi"
    LayoutBlockFlow {SPAN} at (112.88,18) size 16.89x18
      LayoutText {#text} at (0,0) size 17x17
        text run at (0,0) width 17: "jkl"
    LayoutText {#text} at (0,0) size 0x0
layer at (8,306) size 55x36 scrollX 74.00 scrollWidth 130
  LayoutBlockFlow {DIV} at (0,290) size 55x36
    LayoutBlockFlow {SPAN} at (-37.42,0) size 92.42x36
      LayoutText {#text} at (0,0) size 93x17
        text run at (0,0) width 93: "abcdefghijklm"
      LayoutBR {BR} at (0,0) size 1x17
      LayoutText {#text} at (0,18) size 93x17
        text run at (0,18) width 93: "abcdefghijklm"
    LayoutBlockFlow {SPAN} at (-57.88,18) size 20.45x18
      LayoutText {#text} at (0,0) size 21x17
        text run at (0,0) width 21: "ghi"
    LayoutBlockFlow {SPAN} at (-74.77,18) size 16.89x18
      LayoutText {#text} at (0,0) size 17x17
        text run at (0,0) width 17: "jkl"
    LayoutText {#text} at (0,0) size 0x0
