layer at (0,0) size 800x600
  LayoutView at (0,0) size 800x600
layer at (0,0) size 800x350
  LayoutBlockFlow {HTML} at (0,0) size 800x350
    LayoutBlockFlow {BODY} at (8,16) size 784x326
      LayoutBlockFlow {P} at (0,0) size 784x18
        LayoutText {#text} at (0,0) size 565x17
          text run at (0,0) width 565: "crbug.com/133700: Ellipsis placed correctly in rtl text in an inline-block wth an rtl flow."
      LayoutBlockFlow {P} at (0,34) size 784x18
        LayoutText {#text} at (0,0) size 302x17
          text run at (0,0) width 302: "You should see text followed by ellipsis below."
      LayoutBlockFlow {P} at (0,102) size 784x18
        LayoutText {#text} at (0,0) size 302x17
          text run at (0,0) width 302: "You should see ellipsis followed by text below."
      LayoutBlockFlow {P} at (0,170) size 784x18
        LayoutText {#text} at (0,0) size 302x17
          text run at (0,0) width 302: "You should see text followed by ellipsis below."
      LayoutBlockFlow {P} at (0,256) size 784x18
        LayoutText {#text} at (0,0) size 302x17
          text run at (0,0) width 302: "You should see ellipsis followed by text below."
layer at (8,84) size 55x18 scrollWidth 59
  LayoutBlockFlow {DIV} at (0,68) size 55x18
    LayoutBlockFlow {SPAN} at (0,0) size 20.36x18
      LayoutText {#text} at (0,0) size 21x17
        text run at (0,0) width 21 RTL: "\x{5D0}\x{5D1}\x{5D2}"
    LayoutBlockFlow {SPAN} at (20.36,0) size 18.70x18
      LayoutText {#text} at (0,0) size 19x17
        text run at (0,0) width 19 RTL: "\x{5D3}\x{5D4}\x{5D5}"
    LayoutBlockFlow {SPAN} at (39.06,0) size 19.81x18
      LayoutText {#text} at (0,0) size 20x17
        text run at (0,0) width 20 RTL: "\x{5D6}\x{5D7}\x{5D8}"
    LayoutText {#text} at (0,0) size 0x0
layer at (8,152) size 55x18 scrollX 3.00 scrollWidth 59
  LayoutBlockFlow {DIV} at (0,136) size 55x18
    LayoutBlockFlow {SPAN} at (34.64,0) size 20.36x18
      LayoutText {#text} at (0,0) size 21x17
        text run at (0,0) width 21 RTL: "\x{5D0}\x{5D1}\x{5D2}"
    LayoutBlockFlow {SPAN} at (15.94,0) size 18.70x18
      LayoutText {#text} at (0,0) size 19x17
        text run at (0,0) width 19 RTL: "\x{5D3}\x{5D4}\x{5D5}"
    LayoutBlockFlow {SPAN} at (-3.88,0) size 19.81x18
      LayoutText {#text} at (0,0) size 20x17
        text run at (0,0) width 20 RTL: "\x{5D6}\x{5D7}\x{5D8}"
    LayoutText {#text} at (0,0) size 0x0
layer at (8,220) size 55x36 scrollWidth 122
  LayoutBlockFlow {DIV} at (0,204) size 55x36
    LayoutBlockFlow {SPAN} at (0,0) size 84.20x36
      LayoutText {#text} at (0,0) size 85x17
        text run at (0,0) width 85 RTL: "\x{5D0}\x{5D1}\x{5D2}\x{5D3}\x{5D4}\x{5D5}\x{5D6}\x{5D7}\x{5D8}\x{5D9}\x{5DB}\x{5DA}\x{5DC}"
      LayoutBR {BR} at (84,0) size 1x17
      LayoutText {#text} at (0,18) size 85x17
        text run at (0,18) width 85 RTL: "\x{5D0}\x{5D1}\x{5D2}\x{5D3}\x{5D4}\x{5D5}\x{5D6}\x{5D7}\x{5D8}\x{5D9}\x{5DB}\x{5DA}\x{5DC}"
    LayoutBlockFlow {SPAN} at (84.20,18) size 19.81x18
      LayoutText {#text} at (0,0) size 20x17
        text run at (0,0) width 20 RTL: "\x{5D6}\x{5D7}\x{5D8}"
    LayoutBlockFlow {SPAN} at (104.02,18) size 18.42x18
      LayoutText {#text} at (0,0) size 19x17
        text run at (0,0) width 19 RTL: "\x{5D9}\x{5DB}\x{5DA}"
    LayoutText {#text} at (0,0) size 0x0
layer at (8,306) size 55x36 scrollX 67.00 scrollWidth 122
  LayoutBlockFlow {DIV} at (0,290) size 55x36
    LayoutBlockFlow {SPAN} at (-29.20,0) size 84.20x36
      LayoutText {#text} at (0,0) size 85x17
        text run at (0,0) width 85 RTL: "\x{5D0}\x{5D1}\x{5D2}\x{5D3}\x{5D4}\x{5D5}\x{5D6}\x{5D7}\x{5D8}\x{5D9}\x{5DB}\x{5DA}\x{5DC}"
      LayoutBR {BR} at (0,0) size 0x17
      LayoutText {#text} at (0,18) size 85x17
        text run at (0,18) width 85 RTL: "\x{5D0}\x{5D1}\x{5D2}\x{5D3}\x{5D4}\x{5D5}\x{5D6}\x{5D7}\x{5D8}\x{5D9}\x{5DB}\x{5DA}\x{5DC}"
    LayoutBlockFlow {SPAN} at (-49.02,18) size 19.81x18
      LayoutText {#text} at (0,0) size 20x17
        text run at (0,0) width 20 RTL: "\x{5D6}\x{5D7}\x{5D8}"
    LayoutBlockFlow {SPAN} at (-67.44,18) size 18.42x18
      LayoutText {#text} at (0,0) size 19x17
        text run at (0,0) width 19 RTL: "\x{5D9}\x{5DB}\x{5DA}"
    LayoutText {#text} at (0,0) size 0x0
