layer at (0,0) size 800x600
  LayoutView at (0,0) size 800x600
layer at (0,0) size 800x350
  LayoutBlockFlow {HTML} at (0,0) size 800x350
    LayoutBlockFlow {BODY} at (8,16) size 784x326
      LayoutBlockFlow {P} at (0,0) size 784x18
        LayoutText {#text} at (0,0) size 565x17
          text run at (0,0) width 565: "crbug.com/133700: Ellipsis placed correctly in rtl text in an inline-block wth an rtl flow."
      LayoutBlockFlow {P} at (0,34) size 784x18
        LayoutText {#text} at (0,0) size 302x17
          text run at (0,0) width 302: "You should see text followed by ellipsis below."
      LayoutBlockFlow {P} at (0,102) size 784x18
        LayoutText {#text} at (0,0) size 302x17
          text run at (0,0) width 302: "You should see ellipsis followed by text below."
      LayoutBlockFlow {P} at (0,170) size 784x18
        LayoutText {#text} at (0,0) size 302x17
          text run at (0,0) width 302: "You should see text followed by ellipsis below."
      LayoutBlockFlow {P} at (0,256) size 784x18
        LayoutText {#text} at (0,0) size 302x17
          text run at (0,0) width 302: "You should see ellipsis followed by text below."
layer at (8,84) size 55x18 scrollWidth 65
  LayoutBlockFlow {DIV} at (0,68) size 55x18
    LayoutBlockFlow {SPAN} at (0,0) size 22.98x18
      LayoutText {#text} at (0,0) size 23x17
        text run at (0,0) width 15 RTL: "\x{5D0}\x{5D1}"
        text run at (14,0) width 9: "x"
    LayoutBlockFlow {SPAN} at (22.98,0) size 22.25x18
      LayoutText {#text} at (0,0) size 23x17
        text run at (0,0) width 15 RTL: "\x{5D3}\x{5D4}"
        text run at (14,0) width 9: "x"
    LayoutBlockFlow {SPAN} at (45.23,0) size 20.20x18
      LayoutText {#text} at (0,0) size 21x17
        text run at (0,0) width 13 RTL: "\x{5D6}\x{5D7}"
        text run at (12,0) width 9: "x"
    LayoutText {#text} at (0,0) size 0x0
layer at (8,152) size 55x18 scrollX 10.00 scrollWidth 65
  LayoutBlockFlow {DIV} at (0,136) size 55x18
    LayoutBlockFlow {SPAN} at (32.02,0) size 22.98x18
      LayoutText {#text} at (0,0) size 23x17
        text run at (0,0) width 8: "x"
        text run at (8,0) width 15 RTL: "\x{5D0}\x{5D1}"
    LayoutBlockFlow {SPAN} at (9.77,0) size 22.25x18
      LayoutText {#text} at (0,0) size 23x17
        text run at (0,0) width 9: "x"
        text run at (8,0) width 15 RTL: "\x{5D3}\x{5D4}"
    LayoutBlockFlow {SPAN} at (-10.44,0) size 20.20x18
      LayoutText {#text} at (0,0) size 21x17
        text run at (0,0) width 8: "x"
        text run at (8,0) width 13 RTL: "\x{5D6}\x{5D7}"
    LayoutText {#text} at (0,0) size 0x0
layer at (8,220) size 55x36 scrollWidth 132
  LayoutBlockFlow {DIV} at (0,204) size 55x36
    LayoutBlockFlow {SPAN} at (0,0) size 94.27x36
      LayoutText {#text} at (0,0) size 95x17
        text run at (0,0) width 44 RTL: "\x{5D0}\x{5D1}\x{5D2}\x{5D3}\x{5D4}\x{5D5}\x{5D6}"
        text run at (43,0) width 52: "abcdefg"
      LayoutBR {BR} at (94,0) size 1x17
      LayoutText {#text} at (4,18) size 91x17
        text run at (4,18) width 40 RTL: "\x{5D0}\x{5D1}\x{5D2}\x{5D3}\x{5D4}\x{5D5}"
        text run at (43,18) width 52: "abcdefg"
    LayoutBlockFlow {SPAN} at (94.27,18) size 19.31x18
      LayoutText {#text} at (0,0) size 20x17
        text run at (0,0) width 13 RTL: "\x{5D6}\x{5D7}"
        text run at (12,0) width 8: "a"
    LayoutBlockFlow {SPAN} at (113.58,18) size 18.30x18
      LayoutText {#text} at (0,0) size 19x17
        text run at (0,0) width 12 RTL: "\x{5D9}\x{5DB}"
        text run at (11,0) width 8: "a"
    LayoutText {#text} at (0,0) size 0x0
layer at (8,306) size 55x36 scrollX 76.00 scrollWidth 132
  LayoutBlockFlow {DIV} at (0,290) size 55x36
    LayoutBlockFlow {SPAN} at (-39.27,0) size 94.27x36
      LayoutText {#text} at (0,0) size 95x17
        text run at (0,0) width 51: "abcdefg"
        text run at (50,0) width 45 RTL: "\x{5D0}\x{5D1}\x{5D2}\x{5D3}\x{5D4}\x{5D5}\x{5D6}"
      LayoutBR {BR} at (0,0) size 1x17
      LayoutText {#text} at (4,18) size 91x17
        text run at (4,18) width 52: "abcdefg"
        text run at (55,18) width 40 RTL: "\x{5D0}\x{5D1}\x{5D2}\x{5D3}\x{5D4}\x{5D5}"
    LayoutBlockFlow {SPAN} at (-58.58,18) size 19.31x18
      LayoutText {#text} at (0,0) size 20x17
        text run at (0,0) width 8: "a"
        text run at (7,0) width 13 RTL: "\x{5D6}\x{5D7}"
    LayoutBlockFlow {SPAN} at (-76.88,18) size 18.30x18
      LayoutText {#text} at (0,0) size 19x17
        text run at (0,0) width 8: "a"
        text run at (7,0) width 12 RTL: "\x{5D9}\x{5DB}"
    LayoutText {#text} at (0,0) size 0x0
