layer at (0,0) size 800x600
  LayoutView at (0,0) size 800x600
layer at (0,0) size 800x600
  LayoutBlockFlow {HTML} at (0,0) size 800x600
    LayoutBlockFlow {BODY} at (8,8) size 784x584
      LayoutBlockFlow {DIV} at (0,0) size 784x275 [color=#00000080]
        LayoutBlockFlow {DIV} at (0,0) size 784x55
          LayoutText {#text} at (0,1) size 244x53
            text run at (0,1) width 244: "Text shadow"
        LayoutBlockFlow {DIV} at (0,55) size 784x55
          LayoutText {#text} at (0,1) size 244x53
            text run at (0,1) width 244: "Text shadow"
        LayoutBlockFlow {DIV} at (0,110) size 784x55
          LayoutText {#text} at (0,1) size 244x53
            text run at (0,1) width 244: "Text shadow"
        LayoutBlockFlow {DIV} at (0,165) size 784x55
          LayoutText {#text} at (0,1) size 244x53
            text run at (0,1) width 244: "Text shadow"
        LayoutBlockFlow {DIV} at (0,220) size 784x55
          LayoutText {#text} at (0,1) size 244x53
            text run at (0,1) width 244: "Text shadow"
