layer at (0,0) size 800x600
  LayoutView at (0,0) size 800x600
layer at (0,0) size 800x390
  LayoutBlockFlow {HTML} at (0,0) size 800x390
    LayoutBlockFlow {BODY} at (8,16) size 784x358
      LayoutBlockFlow {P} at (0,0) size 784x18
        LayoutText {#text} at (0,0) size 66x17
          text run at (0,0) width 66: "locale=tr: "
        LayoutInline {SPAN} at (0,0) size 46x17
          LayoutText {#text} at (65,0) size 46x17
            text run at (65,0) width 46: "Isi\x{130} \x{130}s\x{131}I"
        LayoutText {#text} at (110,0) size 10x17
          text run at (110,0) width 10: " :"
      LayoutBlockFlow {P} at (0,34) size 784x18
        LayoutText {#text} at (0,0) size 94x17
          text run at (0,0) width 94: "locale=tr_TR: "
        LayoutInline {SPAN} at (0,0) size 47x17
          LayoutText {#text} at (93,0) size 47x17
            text run at (93,0) width 47: "Isi\x{130} \x{130}s\x{131}I"
        LayoutText {#text} at (139,0) size 9x17
          text run at (139,0) width 9: " :"
      LayoutBlockFlow {P} at (0,68) size 784x18
        LayoutText {#text} at (0,0) size 91x17
          text run at (0,0) width 91: "locale=tr-TR: "
        LayoutInline {SPAN} at (0,0) size 47x17
          LayoutText {#text} at (90,0) size 47x17
            text run at (90,0) width 47: "Isi\x{130} \x{130}s\x{131}I"
        LayoutText {#text} at (136,0) size 9x17
          text run at (136,0) width 9: " :"
      LayoutBlockFlow {P} at (0,102) size 784x18
        LayoutText {#text} at (0,0) size 131x17
          text run at (0,0) width 131: "locale=tr@foo=bar: "
        LayoutInline {SPAN} at (0,0) size 47x17
          LayoutText {#text} at (130,0) size 47x17
            text run at (130,0) width 47: "Isi\x{130} \x{130}s\x{131}I"
        LayoutText {#text} at (176,0) size 9x17
          text run at (176,0) width 9: " :"
      LayoutBlockFlow {P} at (0,136) size 784x18
        LayoutText {#text} at (0,0) size 70x17
          text run at (0,0) width 70: "locale=az: "
        LayoutInline {SPAN} at (0,0) size 47x17
          LayoutText {#text} at (69,0) size 47x17
            text run at (69,0) width 47: "Isi\x{130} \x{130}s\x{131}I"
        LayoutText {#text} at (115,0) size 9x17
          text run at (115,0) width 9: " :"
      LayoutBlockFlow {P} at (0,170) size 784x18
        LayoutText {#text} at (0,0) size 100x17
          text run at (0,0) width 100: "locale=az_AZ: "
        LayoutInline {SPAN} at (0,0) size 46x17
          LayoutText {#text} at (99,0) size 46x17
            text run at (99,0) width 46: "Isi\x{130} \x{130}s\x{131}I"
        LayoutText {#text} at (144,0) size 10x17
          text run at (144,0) width 10: " :"
      LayoutBlockFlow {P} at (0,204) size 784x18
        LayoutText {#text} at (0,0) size 97x17
          text run at (0,0) width 97: "locale=az-AZ: "
        LayoutInline {SPAN} at (0,0) size 46x17
          LayoutText {#text} at (96,0) size 46x17
            text run at (96,0) width 46: "Isi\x{130} \x{130}s\x{131}I"
        LayoutText {#text} at (141,0) size 10x17
          text run at (141,0) width 10: " :"
      LayoutBlockFlow {P} at (0,238) size 784x18
        LayoutText {#text} at (0,0) size 136x17
          text run at (0,0) width 136: "locale=az@foo=bar: "
        LayoutInline {SPAN} at (0,0) size 46x17
          LayoutText {#text} at (135,0) size 46x17
            text run at (135,0) width 46: "Isi\x{130} \x{130}s\x{131}I"
        LayoutText {#text} at (180,0) size 10x17
          text run at (180,0) width 10: " :"
      LayoutBlockFlow {P} at (0,272) size 784x18
        LayoutText {#text} at (0,0) size 91x17
          text run at (0,0) width 91: "locale=tr-US: "
        LayoutInline {SPAN} at (0,0) size 47x17
          LayoutText {#text} at (90,0) size 47x17
            text run at (90,0) width 47: "Isi\x{130} \x{130}s\x{131}I"
        LayoutText {#text} at (136,0) size 9x17
          text run at (136,0) width 9: " :"
      LayoutBlockFlow {P} at (0,306) size 784x18
        LayoutText {#text} at (0,0) size 77x17
          text run at (0,0) width 77: "locale=TR: "
        LayoutInline {SPAN} at (0,0) size 46x17
          LayoutText {#text} at (76,0) size 46x17
            text run at (76,0) width 46: "Isi\x{130} \x{130}s\x{131}I"
        LayoutText {#text} at (121,0) size 9x17
          text run at (121,0) width 9: " :"
      LayoutBlockFlow {P} at (0,340) size 784x18
        LayoutText {#text} at (0,0) size 71x17
          text run at (0,0) width 71: "locale=en: "
        LayoutInline {SPAN} at (0,0) size 47x17
          LayoutText {#text} at (70,0) size 47x17
            text run at (70,0) width 47: "Isi\x{130} \x{130}s\x{131}I"
        LayoutText {#text} at (116,0) size 9x17
          text run at (116,0) width 9: " :"
