layer at (0,0) size 800x600
  LayoutView at (0,0) size 800x600
layer at (0,0) size 800x600
  LayoutBlockFlow {HTML} at (0,0) size 800x600
    LayoutBlockFlow {BODY} at (8,8) size 784x584
      LayoutBlockFlow {CENTER} at (0,0) size 784x55
        LayoutBlockFlow {FORM} at (0,0) size 784x21
          LayoutTable {TABLE} at (28.50,0) size 727x21
            LayoutTableSection {TBODY} at (0,0) size 727x21
              LayoutTableRow {TR} at (0,0) size 727x21
                LayoutTableCell {TD} at (0,1) size 150x18 [r=0 c=0 rs=2 cs=1]
                  LayoutText {#text} at (0,0) size 4x17
                    text run at (0,0) width 4: " "
                LayoutTableCell {TD} at (150,0) size 313x21 [r=0 c=1 rs=1 cs=1]
                  LayoutTextControl {INPUT} at (0,0) size 313x21 [bgcolor=#FFFFFF] [border: (2px inset #EEEEEE)]
                  LayoutText {#text} at (0,0) size 0x0
                LayoutTableCell {TD} at (463,0) size 104x21 [r=0 c=2 rs=1 cs=1]
                  LayoutButton {INPUT} at (0,0) size 104x21 [bgcolor=#C0C0C0] [border: (2px outset #C0C0C0)]
                    LayoutBlockFlow (anonymous) at (8,3) size 88x15
                      LayoutText {#text} at (0,0) size 88x15
                        text run at (0,0) width 88: "Search Froogle"
                  LayoutText {#text} at (0,0) size 0x0
                LayoutTableCell {TD} at (567,1) size 160x19 [r=0 c=3 rs=2 cs=1]
                  LayoutInline {LABEL} at (0,0) size 119x11
                    LayoutText {#text} at (0,0) size 0x0
                    LayoutBlockFlow {INPUT} at (14,3) size 13x13
                    LayoutText {#text} at (30,7) size 99x11
                      text run at (30,7) width 99: " Remember this location"
                  LayoutText {#text} at (0,0) size 0x0
        LayoutBlockFlow (anonymous) at (0,37) size 784x18
          LayoutBR {BR} at (392,0) size 0x17
layer at (189,11) size 309x15
  LayoutBlockFlow {DIV} at (2,3) size 309x15
caret: position 1 of child 0 {#text} of child 1 {TD} of child 0 {TR} of child 1 {TBODY} of child 1 {TABLE} of child 1 {FORM} of child 1 {CENTER} of body
