layer at (0,0) size 800x600
  LayoutView at (0,0) size 800x600
layer at (0,0) size 800x600
  LayoutBlockFlow {HTML} at (0,0) size 800x600
    LayoutBlockFlow {BODY} at (8,8) size 784x584
      LayoutBlockFlow (floating) {DIV} at (8,8) size 200x46 [bgcolor=#FFFFE0]
        LayoutText {#text} at (0,0) size 184x45
          text run at (0,0) width 179: "Lorem ipsum dolor sit"
          text run at (178,0) width 6: " "
          text run at (0,23) width 39: "amet"
      LayoutBlockFlow (floating) {DIV} at (224,8) size 200x46 [bgcolor=#FFFFE0]
        LayoutText {#text} at (10,0) size 185x45
          text run at (10,0) width 180: "Lorem ipsum dolor sit"
          text run at (189,0) width 6: " "
          text run at (80,23) width 40: "amet"
      LayoutBlockFlow (floating) {DIV} at (440,8) size 200x46 [bgcolor=#FFFFE0]
        LayoutText {#text} at (21,0) size 179x45
          text run at (21,0) width 179: "Lorem ipsum dolor sit"
          text run at (200,0) width 0: " "
          text run at (161,23) width 39: "amet"
      LayoutBlockFlow (floating) {DIV} at (8,70) size 200x46 [bgcolor=#FFFFE0]
        LayoutText {#text} at (0,0) size 200x45
          text run at (0,0) width 200: "Lorem ipsum dolor sit"
          text run at (199,0) width 1: " "
          text run at (0,23) width 39: "amet"
      LayoutBlockFlow (floating) {DIV} at (224,70) size 200x46 [bgcolor=#FFFFE0]
        LayoutText {#text} at (0,0) size 179x45
          text run at (0,0) width 0 RTL: " "
          text run at (0,0) width 179: "Lorem ipsum dolor sit"
          text run at (0,23) width 39: "amet"
      LayoutBlockFlow (floating) {DIV} at (440,70) size 200x46 [bgcolor=#FFFFE0]
        LayoutText {#text} at (5,0) size 185x45
          text run at (5,0) width 6 RTL: " "
          text run at (10,0) width 180: "Lorem ipsum dolor sit"
          text run at (80,23) width 40: "amet"
      LayoutBlockFlow (floating) {DIV} at (8,132) size 200x46 [bgcolor=#FFFFE0]
        LayoutText {#text} at (16,0) size 184x45
          text run at (16,0) width 6 RTL: " "
          text run at (21,0) width 179: "Lorem ipsum dolor sit"
          text run at (161,23) width 39: "amet"
      LayoutBlockFlow (floating) {DIV} at (224,132) size 200x46 [bgcolor=#FFFFE0]
        LayoutText {#text} at (0,0) size 200x45
          text run at (0,0) width 0 RTL: " "
          text run at (0,0) width 200: "Lorem ipsum dolor sit"
          text run at (161,23) width 39: "amet"
      LayoutBlockFlow (floating) {DIV} at (440,132) size 200x46 [bgcolor=#FFFFE0]
        LayoutText {#text} at (0,0) size 190x45
          text run at (0,0) width 113: "Lorem ipsum "
          text run at (112,0) width 73 RTL: "\x{5D0}\x{5E0}\x{5D8}\x{5E3} \x{5E9}\x{5DC}\x{5D2}\x{5D9}"
          text run at (184,0) width 6: " "
          text run at (0,23) width 39: "amet"
      LayoutBlockFlow (floating) {DIV} at (8,194) size 200x46 [bgcolor=#FFFFE0]
        LayoutText {#text} at (7,0) size 191x45
          text run at (7,0) width 113: "Lorem ipsum "
          text run at (120,0) width 73 RTL: "\x{5D0}\x{5E0}\x{5D8}\x{5E3} \x{5E9}\x{5DC}\x{5D2}\x{5D9}"
          text run at (192,0) width 6: " "
          text run at (80,23) width 40: "amet"
      LayoutBlockFlow (floating) {DIV} at (224,194) size 200x46 [bgcolor=#FFFFE0]
        LayoutText {#text} at (15,0) size 185x45
          text run at (15,0) width 113: "Lorem ipsum "
          text run at (127,0) width 73 RTL: "\x{5D0}\x{5E0}\x{5D8}\x{5E3} \x{5E9}\x{5DC}\x{5D2}\x{5D9}"
          text run at (200,0) width 0: " "
          text run at (161,23) width 39: "amet"
      LayoutBlockFlow (floating) {DIV} at (440,194) size 200x46 [bgcolor=#FFFFE0]
        LayoutText {#text} at (0,0) size 200x45
          text run at (0,0) width 123: "Lorem ipsum "
          text run at (122,0) width 78 RTL: "\x{5D0}\x{5E0}\x{5D8}\x{5E3} \x{5E9}\x{5DC}\x{5D2}\x{5D9}"
          text run at (199,0) width 1: " "
          text run at (0,23) width 39: "amet"
      LayoutBlockFlow (floating) {DIV} at (8,256) size 200x46 [bgcolor=#FFFFE0]
        LayoutText {#text} at (0,0) size 185x45
          text run at (0,0) width 0 RTL: " "
          text run at (0,0) width 78 RTL: " \x{5D0}\x{5E0}\x{5D8}\x{5E3} \x{5E9}\x{5DC}\x{5D2}\x{5D9}"
          text run at (77,0) width 108: "Lorem ipsum"
          text run at (0,23) width 39: "amet"
      LayoutBlockFlow (floating) {DIV} at (224,256) size 200x46 [bgcolor=#FFFFE0]
        LayoutText {#text} at (2,0) size 191x45
          text run at (2,0) width 6 RTL: " "
          text run at (7,0) width 78 RTL: " \x{5D0}\x{5E0}\x{5D8}\x{5E3} \x{5E9}\x{5DC}\x{5D2}\x{5D9}"
          text run at (84,0) width 109: "Lorem ipsum"
          text run at (80,23) width 40: "amet"
      LayoutBlockFlow (floating) {DIV} at (440,256) size 200x46 [bgcolor=#FFFFE0]
        LayoutText {#text} at (10,0) size 190x45
          text run at (10,0) width 6 RTL: " "
          text run at (15,0) width 78 RTL: " \x{5D0}\x{5E0}\x{5D8}\x{5E3} \x{5E9}\x{5DC}\x{5D2}\x{5D9}"
          text run at (92,0) width 108: "Lorem ipsum"
          text run at (161,23) width 39: "amet"
      LayoutBlockFlow (floating) {DIV} at (8,318) size 200x46 [bgcolor=#FFFFE0]
        LayoutText {#text} at (0,0) size 200x45
          text run at (0,0) width 0 RTL: " "
          text run at (0,0) width 88 RTL: " \x{5D0}\x{5E0}\x{5D8}\x{5E3} \x{5E9}\x{5DC}\x{5D2}\x{5D9}"
          text run at (87,0) width 113: "Lorem ipsum"
          text run at (161,23) width 39: "amet"
