layer at (0,0) size 800x600
  LayoutView at (0,0) size 800x600
layer at (0,0) size 800x128
  LayoutBlockFlow {HTML} at (0,0) size 800x128
    LayoutBlockFlow {BODY} at (8,8) size 784x112
      LayoutText {#text} at (0,0) size 0x0
layer at (8,8) size 36x112 clip at (9,9) size 19x110
  LayoutListBox {SELECT} at (0,0.31) size 36.05x111.69 [bgcolor=#FFFFFF] [border: (1px solid #A9A9A9)]
    LayoutBlockFlow {OPTION} at (1,1) size 19.05x12.19
      LayoutText {#text} at (2,0) size 16x10
        text run at (2,0) width 16: "test"
