layer at (0,0) size 800x600
  LayoutView at (0,0) size 800x600
layer at (0,0) size 800x600
  LayoutBlockFlow {HTML} at (0,0) size 800x600
    LayoutBlockFlow {BODY} at (8,8) size 784x584
      LayoutBlockFlow {P} at (0,0) size 784x18
        LayoutText {#text} at (0,0) size 257x17
          text run at (0,0) width 257: "These two glyphs should look the same:"
      LayoutBlockFlow {DIV} at (0,34) size 784x55
        LayoutText {#text} at (0,1) size 48x53
          text run at (0,1) width 48: "\x{D842}\x{DF9F}"
      LayoutBlockFlow {DIV} at (0,89) size 55x48
        LayoutText {#text} at (1,0) size 53x48
          text run at (1,0) width 48: "\x{D842}\x{DF9F}"
