layer at (0,0) size 800x600 scrollHeight 788
  LayoutView at (0,0) size 800x600
layer at (0,0) size 800x788 backgroundClip at (0,0) size 800x600 clip at (0,0) size 800x600
  LayoutBlockFlow {HTML} at (0,0) size 800x788
    LayoutBlockFlow {BODY} at (8,8) size 784x770
      LayoutBlockFlow {P} at (0,0) size 784x18
        LayoutText {#text} at (0,0) size 174x17
          text run at (0,0) width 174: "Two words with no spaces."
      LayoutBlockFlow {DIV} at (0,34) size 302x20 [border: (1px solid #0000FF)]
        LayoutText {#text} at (1,1) size 484x17
          text run at (1,1) width 484: "aaaaaaaaaaaaaaaaaaaaaaaaaaaaaaaabbbbbbbbbbbbbbbbbbbbbbbbbbbbbbbb"
      LayoutTable {TABLE} at (0,64) size 784x20
        LayoutTableSection {TBODY} at (0,0) size 784x20
          LayoutTableRow {TR} at (0,0) size 784x20
            LayoutTableCell {TD} at (0,0) size 486x20 [border: (1px solid #008000)] [r=0 c=0 rs=1 cs=1]
              LayoutText {#text} at (1,1) size 484x17
                text run at (1,1) width 484: "aaaaaaaaaaaaaaaaaaaaaaaaaaaaaaaabbbbbbbbbbbbbbbbbbbbbbbbbbbbbbbb"
            LayoutTableCell {TD} at (486,10) size 298x0 [r=0 c=1 rs=1 cs=1]
      LayoutBlockFlow {P} at (0,100) size 784x18
        LayoutText {#text} at (0,0) size 189x17
          text run at (0,0) width 189: "Using <wbr> to break words."
      LayoutBlockFlow {DIV} at (0,134) size 302x38 [border: (1px solid #0000FF)]
        LayoutText {#text} at (1,1) size 228x17
          text run at (1,1) width 228: "aaaaaaaaaaaaaaaaaaaaaaaaaaaaaaaa"
        LayoutWordBreak {WBR} at (0,0) size 0x0
        LayoutText {#text} at (1,19) size 256x17
          text run at (1,19) width 256: "bbbbbbbbbbbbbbbbbbbbbbbbbbbbbbbb"
      LayoutTable {TABLE} at (0,182) size 784x38
        LayoutTableSection {TBODY} at (0,0) size 784x38
          LayoutTableRow {TR} at (0,0) size 784x38
            LayoutTableCell {TD} at (0,0) size 258x38 [border: (1px solid #008000)] [r=0 c=0 rs=1 cs=1]
              LayoutText {#text} at (1,1) size 228x17
                text run at (1,1) width 228: "aaaaaaaaaaaaaaaaaaaaaaaaaaaaaaaa"
              LayoutWordBreak {WBR} at (0,0) size 0x0
              LayoutText {#text} at (1,19) size 256x17
                text run at (1,19) width 256: "bbbbbbbbbbbbbbbbbbbbbbbbbbbbbbbb"
            LayoutTableCell {TD} at (258,19) size 526x0 [r=0 c=1 rs=1 cs=1]
      LayoutBlockFlow {P} at (0,236) size 784x18
        LayoutText {#text} at (0,0) size 285x17
          text run at (0,0) width 285: "Using <wbr> within <nobr> to break words."
      LayoutBlockFlow {DIV} at (0,270) size 302x38 [border: (1px solid #0000FF)]
        LayoutInline {NOBR} at (0,0) size 256x35
          LayoutText {#text} at (1,1) size 228x17
            text run at (1,1) width 228: "aaaaaaaaaaaaaaaaaaaaaaaaaaaaaaaa"
          LayoutWordBreak {WBR} at (0,0) size 0x0
          LayoutText {#text} at (1,19) size 256x17
            text run at (1,19) width 256: "bbbbbbbbbbbbbbbbbbbbbbbbbbbbbbbb"
      LayoutTable {TABLE} at (0,318) size 784x38
        LayoutTableSection {TBODY} at (0,0) size 784x38
          LayoutTableRow {TR} at (0,0) size 784x38
            LayoutTableCell {TD} at (0,0) size 258x38 [border: (1px solid #008000)] [r=0 c=0 rs=1 cs=1]
              LayoutInline {NOBR} at (0,0) size 256x35
                LayoutText {#text} at (1,1) size 228x17
                  text run at (1,1) width 228: "aaaaaaaaaaaaaaaaaaaaaaaaaaaaaaaa"
                LayoutWordBreak {WBR} at (0,0) size 0x0
                LayoutText {#text} at (1,19) size 256x17
                  text run at (1,19) width 256: "bbbbbbbbbbbbbbbbbbbbbbbbbbbbbbbb"
            LayoutTableCell {TD} at (258,19) size 526x0 [r=0 c=1 rs=1 cs=1]
      LayoutBlockFlow {P} at (0,372) size 784x18
        LayoutText {#text} at (0,0) size 225x17
          text run at (0,0) width 225: "Using <wbr> to break three words."
      LayoutBlockFlow {DIV} at (0,406) size 302x56 [border: (1px solid #0000FF)]
        LayoutText {#text} at (1,1) size 171x17
          text run at (1,1) width 171: "aaaaaaaaaaaaaaaaaaaaaaaa"
        LayoutWordBreak {WBR} at (0,0) size 0x0
        LayoutText {#text} at (1,19) size 192x17
          text run at (1,19) width 192: "bbbbbbbbbbbbbbbbbbbbbbbb"
        LayoutWordBreak {WBR} at (0,0) size 0x0
        LayoutText {#text} at (1,37) size 171x17
          text run at (1,37) width 171: "cccccccccccccccccccccccc"
      LayoutTable {TABLE} at (0,472) size 784x56
        LayoutTableSection {TBODY} at (0,0) size 784x56
          LayoutTableRow {TR} at (0,0) size 784x56
            LayoutTableCell {TD} at (0,0) size 194x56 [border: (1px solid #008000)] [r=0 c=0 rs=1 cs=1]
              LayoutText {#text} at (1,1) size 171x17
                text run at (1,1) width 171: "aaaaaaaaaaaaaaaaaaaaaaaa"
              LayoutWordBreak {WBR} at (0,0) size 0x0
              LayoutText {#text} at (1,19) size 192x17
                text run at (1,19) width 192: "bbbbbbbbbbbbbbbbbbbbbbbb"
              LayoutWordBreak {WBR} at (0,0) size 0x0
              LayoutText {#text} at (1,37) size 171x17
                text run at (1,37) width 171: "cccccccccccccccccccccccc"
            LayoutTableCell {TD} at (194,28) size 590x0 [r=0 c=1 rs=1 cs=1]
      LayoutBlockFlow {P} at (0,544) size 784x18
        LayoutText {#text} at (0,0) size 321x17
          text run at (0,0) width 321: "Using <wbr> within <nobr> to break three words."
      LayoutBlockFlow {DIV} at (0,578) size 302x56 [border: (1px solid #0000FF)]
        LayoutInline {NOBR} at (0,0) size 192x53
          LayoutText {#text} at (1,1) size 171x17
            text run at (1,1) width 171: "aaaaaaaaaaaaaaaaaaaaaaaa"
          LayoutWordBreak {WBR} at (0,0) size 0x0
          LayoutText {#text} at (1,19) size 192x17
            text run at (1,19) width 192: "bbbbbbbbbbbbbbbbbbbbbbbb"
          LayoutWordBreak {WBR} at (0,0) size 0x0
          LayoutText {#text} at (1,37) size 171x17
            text run at (1,37) width 171: "cccccccccccccccccccccccc"
      LayoutTable {TABLE} at (0,644) size 784x56
        LayoutTableSection {TBODY} at (0,0) size 784x56
          LayoutTableRow {TR} at (0,0) size 784x56
            LayoutTableCell {TD} at (0,0) size 194x56 [border: (1px solid #008000)] [r=0 c=0 rs=1 cs=1]
              LayoutInline {NOBR} at (0,0) size 192x53
                LayoutText {#text} at (1,1) size 171x17
                  text run at (1,1) width 171: "aaaaaaaaaaaaaaaaaaaaaaaa"
                LayoutWordBreak {WBR} at (0,0) size 0x0
                LayoutText {#text} at (1,19) size 192x17
                  text run at (1,19) width 192: "bbbbbbbbbbbbbbbbbbbbbbbb"
                LayoutWordBreak {WBR} at (0,0) size 0x0
                LayoutText {#text} at (1,37) size 171x17
                  text run at (1,37) width 171: "cccccccccccccccccccccccc"
            LayoutTableCell {TD} at (194,28) size 590x0 [r=0 c=1 rs=1 cs=1]
      LayoutBlockFlow {P} at (0,716) size 784x18
        LayoutText {#text} at (0,0) size 443x17
          text run at (0,0) width 443: "Spaces both before and after <wbr> to check for collapsing behavior."
      LayoutBlockFlow {DIV} at (0,750) size 302x20 [border: (1px solid #0000FF)]
        LayoutText {#text} at (1,1) size 26x17
          text run at (1,1) width 26: "aaa "
        LayoutWordBreak {WBR} at (0,0) size 0x0
        LayoutText {#text} at (26,1) size 25x17
          text run at (26,1) width 25: "bbb"
