layer at (0,0) size 800x600
  LayoutView at (0,0) size 800x600
layer at (0,0) size 800x600
  LayoutBlockFlow {HTML} at (0,0) size 800x600
    LayoutBlockFlow {BODY} at (8,8) size 784x576
      LayoutBlockFlow {P} at (0,0) size 784x36
        LayoutText {#text} at (0,0) size 54x17
          text run at (0,0) width 54: "Test for "
        LayoutInline {I} at (0,0) size 759x35
          LayoutInline {A} at (0,0) size 305x17 [color=#0000EE]
            LayoutText {#text} at (53,0) size 305x17
              text run at (53,0) width 305: "http://bugs.webkit.org/show_bug.cgi?id=15367"
          LayoutText {#text} at (357,0) size 759x35
            text run at (357,0) width 5: " "
            text run at (361,0) width 398: "Assertion failure inspecting a document including soft hyphen"
            text run at (0,18) width 76: "code (0xad)"
        LayoutText {#text} at (75,18) size 5x17
          text run at (75,18) width 5: "."
      LayoutBlockFlow {P} at (0,52) size 784x18
        LayoutText {#text} at (0,0) size 499x17
          text run at (0,0) width 499: "The following text should not wrap and the border should fit tightly around it."
layer at (8,94) size 116x24
  LayoutBlockFlow (positioned) {DIV} at (8,94) size 115.55x24 [border: (3px solid #000000)]
    LayoutText {#text} at (3,3) size 110x17
      text run at (3,3) width 110: "Two soft\x{AD}hyp\x{AD}hens"
