layer at (0,0) size 800x600
  LayoutView at (0,0) size 800x600
layer at (0,0) size 800x600
  LayoutBlockFlow {HTML} at (0,0) size 800x600
    LayoutBlockFlow {BODY} at (8,8) size 784x576
      LayoutBlockFlow {P} at (0,0) size 784x36
        LayoutText {#text} at (0,0) size 54x17
          text run at (0,0) width 54: "Test for "
        LayoutInline {I} at (0,0) size 764x35
          LayoutInline {A} at (0,0) size 305x17 [color=#0000EE]
            LayoutText {#text} at (53,0) size 305x17
              text run at (53,0) width 305: "http://bugs.webkit.org/show_bug.cgi?id=15259"
          LayoutText {#text} at (357,0) size 764x35
            text run at (357,0) width 5: " "
            text run at (361,0) width 403: "REGRESSION:Text overflows if a empty <td> is followed by a"
            text run at (0,18) width 136: "<td align=\"center\">"
        LayoutText {#text} at (135,18) size 5x17
          text run at (135,18) width 5: "."
      LayoutBlockFlow {P} at (0,52) size 784x18
        LayoutText {#text} at (0,0) size 267x17
          text run at (0,0) width 267: "The next 7 lines should all look the same."
      LayoutBlockFlow (floating) {DIV} at (0,86) size 82.23x24 [border: (3px solid #000000)]
        LayoutText {#text} at (3,3) size 77x17
          text run at (3,3) width 77: "A B"
      LayoutBlockFlow (floating) {DIV} at (0,110) size 82.23x24 [border: (3px solid #000000)]
        LayoutText {#text} at (3,3) size 77x17
          text run at (3,3) width 77: "A B"
      LayoutBlockFlow (floating) {DIV} at (0,134) size 82.23x24 [border: (3px solid #000000)]
        LayoutInline {SPAN} at (0,0) size 12x17
          LayoutText {#text} at (3,3) size 12x17
            text run at (3,3) width 12: "A"
        LayoutText {#text} at (64,3) size 16x17
          text run at (64,3) width 16: " B"
      LayoutBlockFlow (floating) {DIV} at (0,158) size 82.23x24 [border: (3px solid #000000)]
        LayoutInline {SPAN} at (0,0) size 12x17
          LayoutText {#text} at (3,3) size 12x17
            text run at (3,3) width 12: "A"
        LayoutText {#text} at (64,3) size 16x17
          text run at (64,3) width 16: " B"
      LayoutBlockFlow (floating) {DIV} at (0,182) size 82.23x24 [border: (3px solid #000000)]
        LayoutInline {SPAN} at (0,0) size 12x17
          LayoutText {#text} at (3,3) size 12x17
            text run at (3,3) width 12: "A"
        LayoutText {#text} at (64,3) size 16x17
          text run at (64,3) width 16: " B"
      LayoutBlockFlow (floating) {DIV} at (0,206) size 82.23x24 [border: (3px solid #000000)]
        LayoutInline {SPAN} at (0,0) size 12x17
          LayoutText {#text} at (3,3) size 12x17
            text run at (3,3) width 12: "A"
        LayoutText {#text} at (64,3) size 5x17
          text run at (64,3) width 5: " "
        LayoutInline {SPAN} at (0,0) size 12x17
          LayoutText {#text} at (68,3) size 12x17
            text run at (68,3) width 12: "B"
      LayoutBlockFlow (floating) {DIV} at (0,230) size 82.23x24 [border: (3px solid #000000)]
        LayoutInline {SPAN} at (0,0) size 12x17
          LayoutText {#text} at (3,3) size 12x17
            text run at (3,3) width 12: "A"
        LayoutText {#text} at (64,3) size 16x17
          text run at (64,3) width 16: " B"
