layer at (0,0) size 800x600
  LayoutView at (0,0) size 800x600
layer at (0,0) size 800x600
  LayoutBlockFlow {HTML} at (0,0) size 800x600
    LayoutBlockFlow {BODY} at (8,8) size 784x584 [bgcolor=#CCCCCC]
      LayoutBlockFlow {P} at (0,0) size 784x20
        LayoutText {#text} at (0,0) size 337x19
          text run at (0,0) width 337: "The style declarations which apply to the text below are:"
      LayoutBlockFlow {PRE} at (0,36) size 784x48
        LayoutText {#text} at (0,0) size 416x48
          text run at (0,0) width 416: ".one {border-left-width: 25px; border-style: solid;}"
          text run at (416,0) width 0: " "
          text run at (0,16) width 416: ".two {border-left-width: thin; border-style: solid;}"
          text run at (416,16) width 0: " "
          text run at (0,32) width 264: ".three {border-left-width: 25px;}"
          text run at (264,32) width 0: " "
      LayoutBlockFlow {P} at (0,115) size 784x66 [border: (3px solid #000000) (25px solid #000000)]
        LayoutText {#text} at (25,3) size 163x19
          text run at (25,3) width 163: "This element has a class of "
        LayoutInline {TT} at (0,0) size 24x16
          LayoutText {#text} at (188,6) size 24x16
            text run at (188,6) width 24: "one"
        LayoutText {#text} at (212,3) size 154x19
          text run at (212,3) width 8: ". "
          text run at (220,3) width 146: "However, it contains an "
        LayoutInline {SPAN} at (0,0) size 162x25 [border: (3px solid #000000) (1px solid #000000)]
          LayoutText {#text} at (366,3) size 134x19
            text run at (366,3) width 134: "inline element of class "
          LayoutInline {TT} at (0,0) size 25x16
            LayoutText {#text} at (499,6) size 25x16
              text run at (499,6) width 25: "two"
        LayoutText {#text} at (526,3) size 751x39
          text run at (526,3) width 250: ", which should result in a thin solid border"
          text run at (25,23) width 129: "on the left side of the "
        LayoutInline {STRONG} at (0,0) size 27x19
          LayoutText {#text} at (154,23) size 27x19
            text run at (154,23) width 27: "first"
        LayoutText {#text} at (181,23) size 575x19
          text run at (181,23) width 481: " box in the inline element (and the UA's default border on the other three sides). "
          text run at (662,23) width 94: "There is also an"
        LayoutInline {SPAN} at (0,0) size 173x19
          LayoutText {#text} at (25,43) size 133x19
            text run at (25,43) width 133: "inline element of class "
          LayoutInline {TT} at (0,0) size 40x16
            LayoutText {#text} at (158,46) size 40x16
              text run at (158,46) width 40: "three"
        LayoutText {#text} at (198,43) size 545x19
          text run at (198,43) width 545: ", which should have no left border width or visible border because no border style was set."
      LayoutTable {TABLE} at (0,197) size 784x124 [border: (1px outset #808080)]
        LayoutTableSection {TBODY} at (1,1) size 782x122
          LayoutTableRow {TR} at (0,0) size 782x28
            LayoutTableCell {TD} at (0,0) size 782x28 [bgcolor=#C0C0C0] [border: (1px inset #808080)] [r=0 c=0 rs=1 cs=2]
              LayoutInline {STRONG} at (0,0) size 157x19
                LayoutText {#text} at (4,4) size 157x19
                  text run at (4,4) width 157: "TABLE Testing Section"
          LayoutTableRow {TR} at (0,28) size 782x94
            LayoutTableCell {TD} at (0,61) size 12x28 [bgcolor=#C0C0C0] [border: (1px inset #808080)] [r=1 c=0 rs=1 cs=1]
              LayoutText {#text} at (4,4) size 4x19
                text run at (4,4) width 4: " "
            LayoutTableCell {TD} at (12,28) size 770x94 [border: (1px inset #808080)] [r=1 c=1 rs=1 cs=1]
              LayoutBlockFlow {P} at (4,4) size 762x86 [border: (3px solid #000000) (25px solid #000000)]
                LayoutText {#text} at (25,3) size 163x19
                  text run at (25,3) width 163: "This element has a class of "
                LayoutInline {TT} at (0,0) size 24x16
                  LayoutText {#text} at (188,6) size 24x16
                    text run at (188,6) width 24: "one"
                LayoutText {#text} at (212,3) size 154x19
                  text run at (212,3) width 8: ". "
                  text run at (220,3) width 146: "However, it contains an "
                LayoutInline {SPAN} at (0,0) size 162x25 [border: (3px solid #000000) (1px solid #000000)]
                  LayoutText {#text} at (366,3) size 134x19
                    text run at (366,3) width 134: "inline element of class "
                  LayoutInline {TT} at (0,0) size 25x16
                    LayoutText {#text} at (499,6) size 25x16
                      text run at (499,6) width 25: "two"
                LayoutText {#text} at (526,3) size 706x39
                  text run at (526,3) width 205: ", which should result in a thin solid"
                  text run at (25,23) width 174: "border on the left side of the "
                LayoutInline {STRONG} at (0,0) size 27x19
                  LayoutText {#text} at (199,23) size 27x19
                    text run at (199,23) width 27: "first"
                LayoutText {#text} at (226,23) size 730x39
                  text run at (226,23) width 481: " box in the inline element (and the UA's default border on the other three sides). "
                  text run at (707,23) width 48: "There is"
                  text run at (25,43) width 46: "also an "
                LayoutInline {SPAN} at (0,0) size 173x19
                  LayoutText {#text} at (71,43) size 133x19
                    text run at (71,43) width 133: "inline element of class "
                  LayoutInline {TT} at (0,0) size 40x16
                    LayoutText {#text} at (204,46) size 40x16
                      text run at (204,46) width 40: "three"
                LayoutText {#text} at (244,43) size 711x39
                  text run at (244,43) width 492: ", which should have no left border width or visible border because no border style"
                  text run at (25,63) width 49: "was set."
layer at (8,105) size 784x2 clip at (0,0) size 0x0
  LayoutBlockFlow {HR} at (0,97) size 784x2 [border: (1px inset #EEEEEE)]
