layer at (0,0) size 800x600 clip at (0,0) size 785x600 scrollHeight 1703
  LayoutView at (0,0) size 800x600
layer at (0,0) size 785x1703 backgroundClip at (0,0) size 785x600 clip at (0,0) size 785x600
  LayoutBlockFlow {HTML} at (0,0) size 785x1703.25
    LayoutBlockFlow {BODY} at (8,8) size 769x1687.25 [bgcolor=#CCCCCC]
      LayoutBlockFlow {P} at (0,0) size 769x20
        LayoutText {#text} at (0,0) size 337x19
          text run at (0,0) width 337: "The style declarations which apply to the text below are:"
      LayoutBlockFlow {PRE} at (0,33) size 769x128
        LayoutText {#text} at (0,0) size 392x128
          text run at (0,0) width 384: ".zero {background-color: silver; margin-top: 0;}"
          text run at (384,0) width 0: " "
          text run at (0,16) width 392: ".one {margin-top: 0.5in; background-color: aqua;}"
          text run at (392,16) width 0: " "
          text run at (0,32) width 384: ".two {margin-top: 25px; background-color: aqua;}"
          text run at (384,32) width 0: " "
          text run at (0,48) width 392: ".three {margin-top: 5em; background-color: aqua;}"
          text run at (392,48) width 0: " "
          text run at (0,64) width 384: ".four {margin-top: 25%; background-color: aqua;}"
          text run at (384,64) width 0: " "
          text run at (0,80) width 200: ".five {margin-top: 25px;}"
          text run at (200,80) width 0: " "
          text run at (0,96) width 392: ".six {margin-top: -10px; background-color: aqua;}"
          text run at (392,96) width 0: " "
          text run at (0,112) width 200: "P, UL {margin-bottom: 0;}"
          text run at (200,112) width 0: " "
      LayoutBlockFlow {P} at (0,184) size 769x20 [bgcolor=#C0C0C0]
        LayoutText {#text} at (0,0) size 193x19
          text run at (0,0) width 193: "This element has a class of zero."
      LayoutBlockFlow {P} at (0,204) size 769x20 [bgcolor=#C0C0C0]
        LayoutText {#text} at (0,0) size 221x19
          text run at (0,0) width 221: "This element also has a class of zero."
      LayoutBlockFlow {P} at (0,272) size 769x40 [bgcolor=#00FFFF]
        LayoutText {#text} at (0,0) size 741x39
          text run at (0,0) width 741: "This element should have a top margin of half an inch, which will require extra text in order to make sure that the margin isn't"
          text run at (0,20) width 120: "applied to each line."
      LayoutBlockFlow {P} at (0,337) size 769x40 [bgcolor=#00FFFF]
        LayoutText {#text} at (0,0) size 728x39
          text run at (0,0) width 728: "This element should have a top margin of 25 pixels, which will require extra text in order to make sure that the margin isn't"
          text run at (0,20) width 120: "applied to each line."
      LayoutBlockFlow {P} at (0,457) size 769x40 [bgcolor=#00FFFF]
        LayoutText {#text} at (0,0) size 768x39
          text run at (0,0) width 768: "This element should have a top margin of 5 em, which will require extra text in order to make sure that the margin isn't applied to"
          text run at (0,20) width 56: "each line."
      LayoutBlockFlow {P} at (0,689.25) size 769x40 [bgcolor=#00FFFF]
        LayoutText {#text} at (0,0) size 737x39
          text run at (0,0) width 688: "This element should have a top margin of 25%, which is calculated with respect to the width of the parent element. "
          text run at (687,0) width 50: "This will"
          text run at (0,20) width 198: "require extra text in order to test."
      LayoutBlockFlow {UL} at (0,754.25) size 769x105 [bgcolor=#00FFFF]
        LayoutListItem {LI} at (40,0) size 729x20
          LayoutListMarker (anonymous) at (-18,0) size 7x19: bullet
          LayoutText {#text} at (0,0) size 379x19
            text run at (0,0) width 379: "This list has a margin-top of 25px, and a light blue background."
        LayoutListItem {LI} at (40,20) size 729x20
          LayoutListMarker (anonymous) at (-18,0) size 7x19: bullet
          LayoutText {#text} at (0,0) size 249x19
            text run at (0,0) width 249: "Therefore, it ought to have such a margin."
        LayoutListItem {LI} at (40,65) size 729x20
          LayoutListMarker (anonymous) at (-18,0) size 7x19: bullet
          LayoutText {#text} at (0,0) size 535x19
            text run at (0,0) width 535: "This list item has a top margin of 25px, which should cause it to be offset in some fashion."
        LayoutListItem {LI} at (40,85) size 729x20
          LayoutListMarker (anonymous) at (-18,0) size 7x19: bullet
          LayoutText {#text} at (0,0) size 278x19
            text run at (0,0) width 278: "This list item has no special styles applied to it."
      LayoutBlockFlow {P} at (0,859.25) size 769x20 [bgcolor=#C0C0C0]
        LayoutText {#text} at (0,0) size 193x19
          text run at (0,0) width 193: "This element has a class of zero."
      LayoutBlockFlow {P} at (0,869.25) size 769x40 [bgcolor=#00FFFF]
        LayoutText {#text} at (0,0) size 750x39
          text run at (0,0) width 730: "This element has a top margin of -10px, which should cause it to be shifted \"upward\" on the page, and no bottom margin. "
          text run at (729,0) width 21: "No"
          text run at (0,20) width 444: "other styles have been applied to it besides a light blue background color. "
          text run at (443,20) width 306: "In all other respects, the element should be normal."
      LayoutTable {TABLE} at (0,909.25) size 769x778 [border: (1px outset #808080)]
        LayoutTableSection {TBODY} at (1,1) size 767x776
          LayoutTableRow {TR} at (0,0) size 767x28
            LayoutTableCell {TD} at (0,0) size 767x28 [bgcolor=#C0C0C0] [border: (1px inset #808080)] [r=0 c=0 rs=1 cs=2]
              LayoutInline {STRONG} at (0,0) size 157x19
                LayoutText {#text} at (4,4) size 157x19
                  text run at (4,4) width 157: "TABLE Testing Section"
          LayoutTableRow {TR} at (0,28) size 767x748
            LayoutTableCell {TD} at (0,388) size 12x28 [bgcolor=#C0C0C0] [border: (1px inset #808080)] [r=1 c=0 rs=1 cs=1]
              LayoutText {#text} at (4,4) size 4x19
                text run at (4,4) width 4: " "
            LayoutTableCell {TD} at (12,28) size 755x747.75 [border: (1px inset #808080)] [r=1 c=1 rs=1 cs=1]
              LayoutBlockFlow {P} at (4,4) size 747x20 [bgcolor=#C0C0C0]
                LayoutText {#text} at (0,0) size 193x19
                  text run at (0,0) width 193: "This element has a class of zero."
              LayoutBlockFlow {P} at (4,24) size 747x20 [bgcolor=#C0C0C0]
                LayoutText {#text} at (0,0) size 221x19
                  text run at (0,0) width 221: "This element also has a class of zero."
              LayoutBlockFlow {P} at (4,92) size 747x40 [bgcolor=#00FFFF]
                LayoutText {#text} at (0,0) size 741x39
                  text run at (0,0) width 741: "This element should have a top margin of half an inch, which will require extra text in order to make sure that the margin isn't"
                  text run at (0,20) width 120: "applied to each line."
              LayoutBlockFlow {P} at (4,157) size 747x40 [bgcolor=#00FFFF]
                LayoutText {#text} at (0,0) size 728x39
                  text run at (0,0) width 728: "This element should have a top margin of 25 pixels, which will require extra text in order to make sure that the margin isn't"
                  text run at (0,20) width 120: "applied to each line."
              LayoutBlockFlow {P} at (4,277) size 747x40 [bgcolor=#00FFFF]
                LayoutText {#text} at (0,0) size 704x39
                  text run at (0,0) width 704: "This element should have a top margin of 5 em, which will require extra text in order to make sure that the margin isn't"
                  text run at (0,20) width 120: "applied to each line."
              LayoutBlockFlow {P} at (4,503.75) size 747x40 [bgcolor=#00FFFF]
                LayoutText {#text} at (0,0) size 737x39
                  text run at (0,0) width 688: "This element should have a top margin of 25%, which is calculated with respect to the width of the parent element. "
                  text run at (687,0) width 50: "This will"
                  text run at (0,20) width 198: "require extra text in order to test."
              LayoutBlockFlow {UL} at (4,568.75) size 747x105 [bgcolor=#00FFFF]
                LayoutListItem {LI} at (40,0) size 707x20
                  LayoutListMarker (anonymous) at (-18,0) size 7x19: bullet
                  LayoutText {#text} at (0,0) size 379x19
                    text run at (0,0) width 379: "This list has a margin-top of 25px, and a light blue background."
                LayoutListItem {LI} at (40,20) size 707x20
                  LayoutListMarker (anonymous) at (-18,0) size 7x19: bullet
                  LayoutText {#text} at (0,0) size 249x19
                    text run at (0,0) width 249: "Therefore, it ought to have such a margin."
                LayoutListItem {LI} at (40,65) size 707x20
                  LayoutListMarker (anonymous) at (-18,0) size 7x19: bullet
                  LayoutText {#text} at (0,0) size 535x19
                    text run at (0,0) width 535: "This list item has a top margin of 25px, which should cause it to be offset in some fashion."
                LayoutListItem {LI} at (40,85) size 707x20
                  LayoutListMarker (anonymous) at (-18,0) size 7x19: bullet
                  LayoutText {#text} at (0,0) size 278x19
                    text run at (0,0) width 278: "This list item has no special styles applied to it."
              LayoutBlockFlow {P} at (4,673.75) size 747x20 [bgcolor=#C0C0C0]
                LayoutText {#text} at (0,0) size 193x19
                  text run at (0,0) width 193: "This element has a class of zero."
              LayoutBlockFlow {P} at (4,683.75) size 747x60 [bgcolor=#00FFFF]
                LayoutText {#text} at (0,0) size 726x59
                  text run at (0,0) width 726: "This element has a top margin of -10px, which should cause it to be shifted \"upward\" on the page, and no bottom margin."
                  text run at (0,20) width 468: "No other styles have been applied to it besides a light blue background color. "
                  text run at (467,20) width 257: "In all other respects, the element should be"
                  text run at (0,40) width 45: "normal."
layer at (8,182) size 769x2 clip at (0,0) size 0x0
  LayoutBlockFlow {HR} at (0,174) size 769x2 [border: (1px inset #EEEEEE)]
