layer at (0,0) size 800x600
  LayoutView at (0,0) size 800x600
layer at (0,0) size 800x600
  LayoutBlockFlow {HTML} at (0,0) size 800x600
    LayoutBlockFlow {BODY} at (8,8) size 784x584
      LayoutText {#text} at (0,0) size 781x39
        text run at (0,0) width 781: "The select item below has a label specified, and enclosed text that is whitespace. There should be no text shown in the select"
        text run at (0,20) width 28: "box."
      LayoutBR {BR} at (28,35) size 0x0
      LayoutMenuList {SELECT} at (0,40) size 22x20 [bgcolor=#C0C0C0] [border: (1px solid #A9A9A9)]
        LayoutBlockFlow (anonymous) at (1,1) size 20x18
          LayoutText (anonymous) at (4,1) size 4x16
            text run at (4,1) width 4: " "
      LayoutText {#text} at (0,0) size 0x0
