layer at (0,0) size 800x600
  LayoutView at (0,0) size 800x600
layer at (0,0) size 800x600
  LayoutBlockFlow {HTML} at (0,0) size 800x600
    LayoutBlockFlow {BODY} at (8,8) size 784x584
      LayoutText {#text} at (0,0) size 650x19
        text run at (0,0) width 650: "This tests that when a list box's options get updated, the list box will recalculate its width, and relayout. "
      LayoutBR {BR} at (0,0) size 0x0
      LayoutText {#text} at (0,0) size 0x0
layer at (8,28) size 211x70 clip at (9,29) size 194x68
  LayoutListBox {SELECT} at (0,20) size 211x70 [bgcolor=#FFFFFF] [border: (1px solid #A9A9A9)]
    LayoutBlockFlow {OPTION} at (1,1) size 194x17
      LayoutText {#text} at (2,0) size 190x16
        text run at (2,0) width 190: "This text should fit in the list box"
