layer at (0,0) size 800x600
  LayoutView at (0,0) size 800x600
layer at (0,0) size 800x600
  LayoutBlockFlow {HTML} at (0,0) size 800x600
    LayoutBlockFlow {BODY} at (8,8) size 784x584
      LayoutMenuList {SELECT} at (0,0) size 63x20 [bgcolor=#C0C0C0] [border: (1px solid #A9A9A9)]
        LayoutBlockFlow (anonymous) at (1,1) size 61x18
          LayoutText (anonymous) at (4,1) size 41x16
            text run at (4,1) width 41: "Default"
      LayoutText {#text} at (63,0) size 4x19
        text run at (63,0) width 4: " "
      LayoutMenuList {SELECT} at (67,0) size 45x20 [color=#FF0000] [bgcolor=#C0C0C0] [border: (1px solid #A9A9A9)]
        LayoutBlockFlow (anonymous) at (1,1) size 43x18
          LayoutText (anonymous) at (4,1) size 23x16
            text run at (4,1) width 23: "Red"
      LayoutText {#text} at (112,0) size 4x19
        text run at (112,0) width 4: " "
      LayoutMenuList {SELECT} at (116,0) size 117x20 [bgcolor=#008000] [border: (1px solid #A9A9A9)]
        LayoutBlockFlow (anonymous) at (1,1) size 115x18
          LayoutText (anonymous) at (4,1) size 95x16
            text run at (4,1) width 95: "Default on green"
      LayoutText {#text} at (233,0) size 4x19
        text run at (233,0) width 4: " "
      LayoutMenuList {SELECT} at (237,0) size 99x20 [color=#FF0000] [bgcolor=#008000] [border: (1px solid #A9A9A9)]
        LayoutBlockFlow (anonymous) at (1,1) size 97x18
          LayoutText (anonymous) at (4,1) size 77x16
            text run at (4,1) width 77: "Red on green"
      LayoutText {#text} at (0,0) size 0x0
