layer at (0,0) size 800x600
  LayoutView at (0,0) size 800x600
layer at (0,0) size 800x600
  LayoutBlockFlow {HTML} at (0,0) size 800x600
    LayoutBlockFlow {BODY} at (8,8) size 784x584
      LayoutBlockFlow (anonymous) at (0,0) size 784x40
        LayoutText {#text} at (0,0) size 741x39
          text run at (0,0) width 741: "This test makes sure we don't crash when trying to get the index of an option element that has no corresponding select"
          text run at (0,20) width 53: "element."
      LayoutBlockFlow {DIV} at (0,40) size 784x40
        LayoutText {#text} at (0,0) size 81x19
          text run at (0,0) width 81: "Test Passed. "
        LayoutBR {BR} at (81,15) size 0x0
        LayoutText {#text} at (0,20) size 370x19
          text run at (0,20) width 370: "Index for option element with no corresponding select is: 0"
