layer at (0,0) size 800x600
  LayoutView at (0,0) size 800x600
layer at (0,0) size 800x600
  LayoutBlockFlow {HTML} at (0,0) size 800x600
    LayoutBlockFlow {BODY} at (8,8) size 784x584
      LayoutText {#text} at (0,0) size 783x39
        text run at (0,0) width 783: "This tests that a malformed size attribute will be parsed and corrected so that the right size attribute value is used to match the"
        text run at (0,20) width 406: "style rule that determines whether to use a menu list or a list box."
      LayoutBR {BR} at (406,35) size 0x0
      LayoutMenuList {SELECT} at (0,40) size 44x20 [bgcolor=#C0C0C0] [border: (1px solid #A9A9A9)]
        LayoutBlockFlow (anonymous) at (1,1) size 42x18
          LayoutText (anonymous) at (4,1) size 22x16
            text run at (4,1) width 22: "test"
      LayoutText {#text} at (0,0) size 0x0
