layer at (0,0) size 800x600 scrollWidth 807 scrollHeight 1062
  LayoutView at (0,0) size 800x600
layer at (0,0) size 800x1062 backgroundClip at (0,0) size 800x600 clip at (0,0) size 800x600
  LayoutBlockFlow {HTML} at (0,0) size 800x1062.44
    LayoutBlockFlow {BODY} at (8,8) size 784x1041.11 [bgcolor=#EEEEEE]
      LayoutBlockFlow (anonymous) at (0,0) size 784x20
        LayoutInline {SPAN} at (0,0) size 192x15
          LayoutText {#text} at (0,0) size 0x0
          LayoutInline {SPAN} at (0,0) size 192x15
            LayoutText {#text} at (0,0) size 0x0
            LayoutTable {TABLE} at (0,0) size 192x20
              LayoutTableSection {TBODY} at (0,0) size 192x20
                LayoutTableRow {TR} at (0,0) size 192x20
                  LayoutTableCell {TD} at (0,0) size 116x20 [r=0 c=0 rs=1 cs=1]
                    LayoutText {#text} at (1,1) size 114x17
                      text run at (1,1) width 114: "Record Locator:"
                  LayoutTableCell {TD} at (116,0) size 76x20 [r=0 c=1 rs=1 cs=1]
                    LayoutInline {B} at (0,0) size 74x17
                      LayoutText {#text} at (1,1) size 74x17
                        text run at (1,1) width 74: "WHGNSO"
                    LayoutText {#text} at (0,0) size 0x0
            LayoutText {#text} at (0,0) size 0x0
          LayoutText {#text} at (0,0) size 0x0
      LayoutBlockFlow (anonymous) at (0,26.66) size 784x2
      LayoutBlockFlow (anonymous) at (0,35.31) size 784x34
        LayoutInline {SPAN} at (0,0) size 110x32
          LayoutInline {SPAN} at (0,0) size 110x32
            LayoutText {#text} at (0,0) size 0x0
            LayoutInline {SPAN} at (0,0) size 110x17
              LayoutText {#text} at (0,0) size 0x0
              LayoutBlockFlow {IMG} at (0,1) size 52.48x18
                LayoutInline {SPAN} at (0,0) size 53x17
                  LayoutInline {SPAN} at (0,0) size 53x17
                    LayoutText {#text} at (0,0) size 53x17
                      text run at (0,0) width 53: "Names"
              LayoutText {#text} at (52,0) size 58x17
                text run at (52,0) width 5: " "
                text run at (56,0) width 54: "Names"
              LayoutBR {BR} at (109,14) size 1x0
            LayoutText {#text} at (0,0) size 0x0
            LayoutInline {SPAN} at (0,0) size 86x15
              LayoutText {#text} at (0,0) size 0x0
              LayoutText {#text} at (0,0) size 0x0
            LayoutText {#text} at (0,0) size 0x0
          LayoutText {#text} at (0,0) size 0x0
      LayoutBlockFlow (anonymous) at (0,75.97) size 784x2
      LayoutBlockFlow (anonymous) at (0,84.63) size 784x48
        LayoutInline {SPAN} at (0,0) size 581x46
          LayoutInline {SPAN} at (0,0) size 581x46
            LayoutText {#text} at (0,0) size 0x0
            LayoutBlockFlow {IMG} at (0,3) size 62.98x15
              LayoutInline {SPAN} at (0,0) size 63x15
                LayoutInline {SPAN} at (0,0) size 63x15
                  LayoutText {#text} at (0,0) size 63x15
                    text run at (0,0) width 63: "Addresses"
            LayoutText {#text} at (62,2) size 5x15
              text run at (62,2) width 5: " "
            LayoutInline {SPAN} at (0,0) size 83x17
              LayoutText {#text} at (66,0) size 83x17
                text run at (66,0) width 83: "Addresses"
              LayoutBR {BR} at (148,14) size 1x0
            LayoutText {#text} at (0,0) size 0x0
            LayoutText {#text} at (0,0) size 0x0
          LayoutText {#text} at (0,0) size 0x0
      LayoutBlockFlow (anonymous) at (0,139.28) size 784x2
      LayoutBlockFlow (anonymous) at (0,147.94) size 784x19
        LayoutInline {SPAN} at (0,0) size 125x20
          LayoutInline {SPAN} at (0,0) size 125x20
            LayoutText {#text} at (0,0) size 0x0
            LayoutInline {SPAN} at (0,0) size 125x17
              LayoutText {#text} at (0,0) size 0x0
              LayoutBlockFlow {IMG} at (0,1) size 57.80x18
                LayoutInline {SPAN} at (0,0) size 58x17
                  LayoutInline {SPAN} at (0,0) size 58x17
                    LayoutText {#text} at (0,0) size 58x17
                      text run at (0,0) width 58: "Phones"
              LayoutText {#text} at (57,0) size 68x17
                text run at (57,0) width 6: " "
                text run at (62,0) width 63: "Phones "
              LayoutBR {BR} at (124,14) size 1x0
            LayoutText {#text} at (0,0) size 0x0
      LayoutBlockFlow (anonymous) at (0,226.94) size 784x0
        LayoutInline {SPAN} at (0,0) size 0x0
          LayoutInline {SPAN} at (0,0) size 0x0
            LayoutText {#text} at (0,0) size 0x0
          LayoutText {#text} at (0,0) size 0x0
      LayoutBlockFlow (anonymous) at (0,233.59) size 784x2
      LayoutBlockFlow (anonymous) at (0,242.25) size 784x19
        LayoutInline {SPAN} at (0,0) size 131x15
          LayoutInline {SPAN} at (0,0) size 131x15
            LayoutText {#text} at (0,0) size 0x0
            LayoutInline {SPAN} at (0,0) size 131x17
              LayoutText {#text} at (0,0) size 0x0
              LayoutBlockFlow {IMG} at (0,1) size 63.14x18
                LayoutInline {SPAN} at (0,0) size 64x17
                  LayoutInline {SPAN} at (0,0) size 64x17
                    LayoutText {#text} at (0,0) size 64x17
                      text run at (0,0) width 64: "Itinerary"
              LayoutText {#text} at (63,0) size 68x17
                text run at (63,0) width 5: " "
                text run at (67,0) width 64: "Itinerary"
            LayoutText {#text} at (0,0) size 0x0
            LayoutInline {SPAN} at (0,0) size 0x0
              LayoutText {#text} at (0,0) size 0x0
              LayoutInline {SPAN} at (0,0) size 0x0
                LayoutText {#text} at (0,0) size 0x0
      LayoutBlockFlow (anonymous) at (0,261.25) size 784x60
        LayoutTable {TABLE} at (0,0) size 580x60
          LayoutTableSection {TBODY} at (0,0) size 580x60
            LayoutTableRow {TR} at (0,2) size 580x56
              LayoutTableCell {TD} at (2,29) size 2x2 [r=0 c=0 rs=1 cs=1]
              LayoutTableCell {TD} at (6,2) size 2x2 [r=0 c=1 rs=1 cs=1]
              LayoutTableCell {TD} at (10,20) size 147x20 [r=0 c=2 rs=1 cs=1]
                LayoutBlockFlow {IMG} at (1,1) size 144.94x18
                  LayoutInline {SPAN} at (0,0) size 145x17
                    LayoutInline {SPAN} at (0,0) size 145x17
                      LayoutText {#text} at (0,0) size 145x17
                        text run at (0,0) width 145: "TUR - Tour Package"
                LayoutText {#text} at (0,0) size 0x0
              LayoutTableCell {TD} at (159,2) size 419x56 [r=0 c=3 rs=1 cs=1]
                LayoutText {#text} at (1,1) size 145x17
                  text run at (1,1) width 145: "TUR - Tour Package"
                LayoutBR {BR} at (145,15) size 1x0
                LayoutText {#text} at (1,19) size 229x17
                  text run at (1,19) width 229: "Date: Sunday, January 12, 2003"
                LayoutBR {BR} at (229,33) size 1x0
                LayoutText {#text} at (1,37) size 417x17
                  text run at (1,37) width 417: "Comments: -** TICKETLESS CONF CODE IS WHGNSO**"
      LayoutBlockFlow (anonymous) at (0,321.25) size 784x0
        LayoutInline {SPAN} at (0,0) size 0x0
          LayoutInline {SPAN} at (0,0) size 0x0
            LayoutInline {SPAN} at (0,0) size 0x0
              LayoutInline {SPAN} at (0,0) size 0x0
              LayoutText {#text} at (0,0) size 0x0
      LayoutBlockFlow (anonymous) at (0,327.91) size 784x2
      LayoutBlockFlow (anonymous) at (0,336.56) size 784x0
        LayoutInline {SPAN} at (0,0) size 0x0
          LayoutInline {SPAN} at (0,0) size 0x0
            LayoutInline {SPAN} at (0,0) size 0x0
              LayoutInline {SPAN} at (0,0) size 0x0
                LayoutText {#text} at (0,0) size 0x0
      LayoutBlockFlow (anonymous) at (0,336.56) size 784x196
        LayoutTable {TABLE} at (0,0) size 715x196
          LayoutTableSection {TBODY} at (0,0) size 715x196
            LayoutTableRow {TR} at (0,2) size 715x192
              LayoutTableCell {TD} at (2,97) size 2x2 [r=0 c=0 rs=1 cs=1]
              LayoutTableCell {TD} at (6,2) size 2x2 [r=0 c=1 rs=1 cs=1]
              LayoutTableCell {TD} at (10,88) size 91x20 [r=0 c=2 rs=1 cs=1]
                LayoutBlockFlow {IMG} at (1,1) size 88.05x18
                  LayoutInline {SPAN} at (0,0) size 89x17
                    LayoutInline {SPAN} at (0,0) size 89x17
                      LayoutText {#text} at (0,0) size 89x17
                        text run at (0,0) width 89: "Air Segment"
                LayoutText {#text} at (0,0) size 0x0
              LayoutTableCell {TD} at (103,2) size 610x192 [r=0 c=3 rs=1 cs=1]
                LayoutBlockFlow (anonymous) at (1,1) size 608x126
                  LayoutText {#text} at (0,0) size 24x17
                    text run at (0,0) width 24: "Air "
                  LayoutBR {BR} at (0,0) size 0x0
                  LayoutText {#text} at (0,18) size 485x17
                    text run at (0,18) width 51: "United "
                    text run at (50,18) width 84: "Flight 1187 "
                    text run at (133,18) width 123: "Booking Code:M "
                    text run at (255,18) width 230: "Date: Sunday, January 12, 2003"
                  LayoutBR {BR} at (484,32) size 1x0
                  LayoutText {#text} at (0,36) size 392x17
                    text run at (0,36) width 392: "From: San Francisco Intl Arpt, San Francisco CA - U.S."
                  LayoutBR {BR} at (391,50) size 1x0
                  LayoutText {#text} at (0,54) size 405x17
                    text run at (0,54) width 26: "To: "
                    text run at (25,54) width 380: "Burbank Glendale Pasadena Arpt, Burbank CA - U.S."
                  LayoutBR {BR} at (404,68) size 1x0
                  LayoutText {#text} at (0,72) size 248x17
                    text run at (0,72) width 129: "Departs: 6:05 PM "
                    text run at (128,72) width 120: "Arrives: 7:10 PM"
                  LayoutBR {BR} at (247,86) size 1x0
                  LayoutText {#text} at (0,90) size 50x17
                    text run at (0,90) width 50: "Status:"
                  LayoutInline {SPACE} at (0,0) size 129x35
                    LayoutText {#text} at (49,90) size 76x17
                      text run at (49,90) width 76: " confirmed"
                    LayoutInline {SPACE} at (0,0) size 129x35
                      LayoutText {#text} at (124,90) size 5x17
                        text run at (124,90) width 5: " "
                      LayoutBR {BR} at (0,0) size 0x0
                      LayoutText {#text} at (0,108) size 46x17
                        text run at (0,108) width 46: "Seats:"
                      LayoutBR {BR} at (45,122) size 1x0
                LayoutBlockFlow (anonymous) at (1,127) size 608x46
                  LayoutTable {TABLE} at (0,0) size 608x46 [border: (1px outset #808080)]
                    LayoutTableSection {TBODY} at (1,1) size 606x44
                      LayoutTableRow {TR} at (0,0) size 606x22 [bgcolor=#E0E0E0]
                        LayoutTableCell {TD} at (0,0) size 98x22 [border: (1px inset #808080)] [r=0 c=0 rs=1 cs=1]
                          LayoutText {#text} at (2,2) size 43x17
                            text run at (2,2) width 43: "Name"
                        LayoutTableCell {TD} at (98,0) size 37x22 [border: (1px inset #808080)] [r=0 c=1 rs=1 cs=1]
                          LayoutText {#text} at (2,2) size 33x17
                            text run at (2,2) width 33: "Seat"
                        LayoutTableCell {TD} at (135,0) size 79x22 [border: (1px inset #808080)] [r=0 c=2 rs=1 cs=1]
                          LayoutText {#text} at (2,2) size 46x17
                            text run at (2,2) width 46: "Status"
                        LayoutTableCell {TD} at (214,0) size 318x22 [border: (1px inset #808080)] [r=0 c=3 rs=1 cs=1]
                          LayoutText {#text} at (2,2) size 35x17
                            text run at (2,2) width 35: "Type"
                        LayoutTableCell {TD} at (532,0) size 74x22 [border: (1px inset #808080)] [r=0 c=4 rs=1 cs=1]
                          LayoutText {#text} at (2,2) size 70x17
                            text run at (2,2) width 70: "Comment"
                      LayoutTableRow {TR} at (0,22) size 606x22
                        LayoutTableCell {TD} at (0,22) size 98x22 [border: (1px inset #808080)] [r=1 c=0 rs=1 cs=1]
                          LayoutText {#text} at (2,2) size 94x17
                            text run at (2,2) width 94: "HAO,SCOTT"
                        LayoutTableCell {TD} at (98,22) size 37x22 [border: (1px inset #808080)] [r=1 c=1 rs=1 cs=1]
                          LayoutText {#text} at (2,2) size 29x17
                            text run at (2,2) width 29: "08A"
                        LayoutTableCell {TD} at (135,22) size 79x22 [border: (1px inset #808080)] [r=1 c=2 rs=1 cs=1]
                          LayoutText {#text} at (2,2) size 75x17
                            text run at (2,2) width 75: "confirmed "
                        LayoutTableCell {TD} at (214,22) size 318x22 [border: (1px inset #808080)] [r=1 c=3 rs=1 cs=1]
                          LayoutText {#text} at (2,2) size 314x17
                            text run at (2,2) width 314: "Non-Smoking, Window Seat, Preferred Seat"
                        LayoutTableCell {TD} at (532,22) size 74x22 [border: (1px inset #808080)] [r=1 c=4 rs=1 cs=1]
                          LayoutText {#text} at (2,2) size 5x17
                            text run at (2,2) width 5: " "
                LayoutBlockFlow (anonymous) at (1,173) size 608x18
                  LayoutInline {SPACE} at (0,0) size 0x17
                    LayoutInline {SPACE} at (0,0) size 0x17
                      LayoutBR {BR} at (0,0) size 0x17
      LayoutBlockFlow (anonymous) at (0,532.56) size 784x0
        LayoutInline {SPAN} at (0,0) size 0x0
          LayoutInline {SPAN} at (0,0) size 0x0
            LayoutInline {SPAN} at (0,0) size 0x0
              LayoutInline {SPAN} at (0,0) size 0x0
              LayoutText {#text} at (0,0) size 0x0
      LayoutBlockFlow (anonymous) at (0,539.22) size 784x2
      LayoutBlockFlow (anonymous) at (0,547.88) size 784x0
        LayoutInline {SPAN} at (0,0) size 0x0
          LayoutInline {SPAN} at (0,0) size 0x0
            LayoutInline {SPAN} at (0,0) size 0x0
              LayoutInline {SPAN} at (0,0) size 0x0
                LayoutText {#text} at (0,0) size 0x0
      LayoutBlockFlow (anonymous) at (0,547.88) size 784x196
        LayoutTable {TABLE} at (0,0) size 602x196
          LayoutTableSection {TBODY} at (0,0) size 602x196
            LayoutTableRow {TR} at (0,2) size 602x192
              LayoutTableCell {TD} at (2,97) size 2x2 [r=0 c=0 rs=1 cs=1]
              LayoutTableCell {TD} at (6,2) size 2x2 [r=0 c=1 rs=1 cs=1]
              LayoutTableCell {TD} at (10,88) size 91x20 [r=0 c=2 rs=1 cs=1]
                LayoutBlockFlow {IMG} at (1,1) size 88.05x18
                  LayoutInline {SPAN} at (0,0) size 89x17
                    LayoutInline {SPAN} at (0,0) size 89x17
                      LayoutText {#text} at (0,0) size 89x17
                        text run at (0,0) width 89: "Air Segment"
                LayoutText {#text} at (0,0) size 0x0
              LayoutTableCell {TD} at (103,2) size 497x192 [r=0 c=3 rs=1 cs=1]
                LayoutBlockFlow (anonymous) at (1,1) size 495x126
                  LayoutText {#text} at (0,0) size 24x17
                    text run at (0,0) width 24: "Air "
                  LayoutBR {BR} at (0,0) size 0x0
                  LayoutText {#text} at (0,18) size 466x17
                    text run at (0,18) width 51: "United "
                    text run at (50,18) width 76: "Flight 480 "
                    text run at (125,18) width 123: "Booking Code:Q "
                    text run at (247,18) width 219: "Date: Friday, January 24, 2003"
                  LayoutBR {BR} at (465,32) size 1x0
                  LayoutText {#text} at (0,36) size 426x17
                    text run at (0,36) width 426: "From: Burbank Glendale Pasadena Arpt, Burbank CA - U.S."
                  LayoutBR {BR} at (425,50) size 1x0
                  LayoutText {#text} at (0,54) size 371x17
                    text run at (0,54) width 26: "To: "
                    text run at (25,54) width 346: "San Francisco Intl Arpt, San Francisco CA - U.S."
                  LayoutBR {BR} at (370,68) size 1x0
                  LayoutText {#text} at (0,72) size 248x17
                    text run at (0,72) width 129: "Departs: 1:40 PM "
                    text run at (128,72) width 120: "Arrives: 2:50 PM"
                  LayoutBR {BR} at (247,86) size 1x0
                  LayoutText {#text} at (0,90) size 50x17
                    text run at (0,90) width 50: "Status:"
                  LayoutInline {SPACE} at (0,0) size 129x35
                    LayoutText {#text} at (49,90) size 76x17
                      text run at (49,90) width 76: " confirmed"
                    LayoutInline {SPACE} at (0,0) size 129x35
                      LayoutText {#text} at (124,90) size 5x17
                        text run at (124,90) width 5: " "
                      LayoutBR {BR} at (0,0) size 0x0
                      LayoutText {#text} at (0,108) size 46x17
                        text run at (0,108) width 46: "Seats:"
                      LayoutBR {BR} at (45,122) size 1x0
                LayoutBlockFlow (anonymous) at (1,127) size 495x46
                  LayoutTable {TABLE} at (0,0) size 495x46 [border: (1px outset #808080)]
                    LayoutTableSection {TBODY} at (1,1) size 493x44
                      LayoutTableRow {TR} at (0,0) size 493x22 [bgcolor=#E0E0E0]
                        LayoutTableCell {TD} at (0,0) size 98x22 [border: (1px inset #808080)] [r=0 c=0 rs=1 cs=1]
                          LayoutText {#text} at (2,2) size 43x17
                            text run at (2,2) width 43: "Name"
                        LayoutTableCell {TD} at (98,0) size 37x22 [border: (1px inset #808080)] [r=0 c=1 rs=1 cs=1]
                          LayoutText {#text} at (2,2) size 33x17
                            text run at (2,2) width 33: "Seat"
                        LayoutTableCell {TD} at (135,0) size 79x22 [border: (1px inset #808080)] [r=0 c=2 rs=1 cs=1]
                          LayoutText {#text} at (2,2) size 46x17
                            text run at (2,2) width 46: "Status"
                        LayoutTableCell {TD} at (214,0) size 205x22 [border: (1px inset #808080)] [r=0 c=3 rs=1 cs=1]
                          LayoutText {#text} at (2,2) size 35x17
                            text run at (2,2) width 35: "Type"
                        LayoutTableCell {TD} at (419,0) size 74x22 [border: (1px inset #808080)] [r=0 c=4 rs=1 cs=1]
                          LayoutText {#text} at (2,2) size 70x17
                            text run at (2,2) width 70: "Comment"
                      LayoutTableRow {TR} at (0,22) size 493x22
                        LayoutTableCell {TD} at (0,22) size 98x22 [border: (1px inset #808080)] [r=1 c=0 rs=1 cs=1]
                          LayoutText {#text} at (2,2) size 94x17
                            text run at (2,2) width 94: "HAO,SCOTT"
                        LayoutTableCell {TD} at (98,22) size 37x22 [border: (1px inset #808080)] [r=1 c=1 rs=1 cs=1]
                          LayoutText {#text} at (2,2) size 28x17
                            text run at (2,2) width 28: "13F"
                        LayoutTableCell {TD} at (135,22) size 79x22 [border: (1px inset #808080)] [r=1 c=2 rs=1 cs=1]
                          LayoutText {#text} at (2,2) size 75x17
                            text run at (2,2) width 75: "confirmed "
                        LayoutTableCell {TD} at (214,22) size 205x22 [border: (1px inset #808080)] [r=1 c=3 rs=1 cs=1]
                          LayoutText {#text} at (2,2) size 201x17
                            text run at (2,2) width 201: "Non-Smoking, Window Seat"
                        LayoutTableCell {TD} at (419,22) size 74x22 [border: (1px inset #808080)] [r=1 c=4 rs=1 cs=1]
                          LayoutText {#text} at (2,2) size 5x17
                            text run at (2,2) width 5: " "
                LayoutBlockFlow (anonymous) at (1,173) size 495x18
                  LayoutInline {SPACE} at (0,0) size 0x17
                    LayoutInline {SPACE} at (0,0) size 0x17
                      LayoutBR {BR} at (0,0) size 0x17
      LayoutBlockFlow (anonymous) at (0,743.88) size 784x0
        LayoutInline {SPAN} at (0,0) size 0x0
          LayoutInline {SPAN} at (0,0) size 0x0
            LayoutInline {SPAN} at (0,0) size 0x0
              LayoutInline {SPAN} at (0,0) size 0x0
              LayoutText {#text} at (0,0) size 0x0
      LayoutBlockFlow (anonymous) at (0,750.53) size 784x2
      LayoutBlockFlow (anonymous) at (0,759.19) size 784x0
        LayoutInline {SPAN} at (0,0) size 0x0
          LayoutInline {SPAN} at (0,0) size 0x0
            LayoutInline {SPAN} at (0,0) size 0x0
              LayoutInline {SPAN} at (0,0) size 0x0
                LayoutText {#text} at (0,0) size 0x0
      LayoutBlockFlow (anonymous) at (0,759.19) size 784x114
        LayoutTable {TABLE} at (0,0) size 614x114
          LayoutTableSection {TBODY} at (0,0) size 614x114
            LayoutTableRow {TR} at (0,2) size 614x110
              LayoutTableCell {TD} at (2,56) size 2x2 [r=0 c=0 rs=1 cs=1]
              LayoutTableCell {TD} at (6,2) size 2x2 [r=0 c=1 rs=1 cs=1]
              LayoutTableCell {TD} at (10,47) size 91x20 [r=0 c=2 rs=1 cs=1]
                LayoutBlockFlow {IMG} at (1,1) size 88.05x18
                  LayoutInline {SPAN} at (0,0) size 89x17
                    LayoutInline {SPAN} at (0,0) size 89x17
                      LayoutText {#text} at (0,0) size 89x17
                        text run at (0,0) width 89: "Air Segment"
                LayoutText {#text} at (0,0) size 0x0
              LayoutTableCell {TD} at (103,2) size 509x110 [r=0 c=3 rs=1 cs=1]
                LayoutText {#text} at (1,1) size 24x17
                  text run at (1,1) width 24: "Air "
                LayoutBR {BR} at (0,0) size 0x0
                LayoutText {#text} at (1,19) size 506x17
                  text run at (1,19) width 89: "UNKNOWN "
                  text run at (89,19) width 76: "Flight 123 "
                  text run at (164,19) width 121: "Booking Code:Y "
                  text run at (284,19) width 223: "Date: Tuesday, March 25, 2003"
                LayoutBR {BR} at (507,33) size 0x0
                LayoutText {#text} at (1,37) size 392x17
                  text run at (1,37) width 392: "From: San Francisco Intl Arpt, San Francisco CA - U.S."
                LayoutBR {BR} at (392,51) size 1x0
                LayoutText {#text} at (1,55) size 371x17
                  text run at (1,55) width 26: "To: "
                  text run at (26,55) width 346: "San Francisco Intl Arpt, San Francisco CA - U.S."
                LayoutBR {BR} at (371,69) size 1x0
                LayoutText {#text} at (1,73) size 173x17
                  text run at (1,73) width 92: "Departs: n/a "
                  text run at (92,73) width 82: "Arrives: n/a"
                LayoutBR {BR} at (173,87) size 1x0
                LayoutText {#text} at (1,91) size 50x17
                  text run at (1,91) width 50: "Status:"
                LayoutInline {SPACE} at (0,0) size 198x17
                  LayoutText {#text} at (50,91) size 193x17
                    text run at (50,91) width 193: " requested, await response"
                  LayoutInline {SPACE} at (0,0) size 6x17
                    LayoutText {#text} at (242,91) size 6x17
                      text run at (242,91) width 6: " "
                    LayoutBR {BR} at (247,105) size 1x0
      LayoutBlockFlow (anonymous) at (0,873.19) size 784x0
        LayoutInline {SPAN} at (0,0) size 0x0
          LayoutInline {SPAN} at (0,0) size 0x0
            LayoutInline {SPAN} at (0,0) size 0x0
              LayoutInline {SPAN} at (0,0) size 0x0
              LayoutText {#text} at (0,0) size 0x0
      LayoutBlockFlow (anonymous) at (0,879.84) size 784x2
      LayoutBlockFlow (anonymous) at (0,888.50) size 784x48
        LayoutInline {SPAN} at (0,0) size 201x46
          LayoutInline {SPAN} at (0,0) size 0x0
            LayoutInline {SPAN} at (0,0) size 0x0
            LayoutText {#text} at (0,0) size 0x0
          LayoutText {#text} at (0,0) size 0x0
          LayoutInline {SPAN} at (0,0) size 78x17
            LayoutText {#text} at (0,0) size 0x0
            LayoutBlockFlow {IMG} at (0,10) size 0x0
              LayoutInline {SPAN} at (0,0) size 0x0
                LayoutInline {SPAN} at (0,0) size 0x0
            LayoutText {#text} at (0,0) size 78x17
              text run at (0,0) width 5: " "
              text run at (4,0) width 74: "Remarks:"
            LayoutBR {BR} at (77,14) size 1x0
          LayoutText {#text} at (0,0) size 0x0
          LayoutBR {BR} at (0,18) size 0x15
          LayoutInline {SPAN} at (0,0) size 201x15
            LayoutText {#text} at (0,33) size 201x15
              text run at (0,33) width 127: "SERVICE FEE MCO "
              text run at (126,33) width 75: "8103220490"
            LayoutBR {BR} at (200,45) size 1x0
          LayoutText {#text} at (0,0) size 0x0
      LayoutBlockFlow (anonymous) at (0,943.16) size 784x2
      LayoutBlockFlow (anonymous) at (0,951.81) size 784x19
        LayoutInline {SPAN} at (0,0) size 183x15
          LayoutInline {SPAN} at (0,0) size 183x17
            LayoutText {#text} at (0,0) size 0x0
            LayoutBlockFlow {IMG} at (0,1) size 63.14x18
              LayoutInline {SPAN} at (0,0) size 64x17
                LayoutInline {SPAN} at (0,0) size 64x17
                  LayoutText {#text} at (0,0) size 64x17
                    text run at (0,0) width 64: "Itinerary"
            LayoutText {#text} at (63,0) size 5x17
              text run at (63,0) width 5: " "
            LayoutInline {B} at (0,0) size 112x17
              LayoutText {#text} at (67,0) size 112x17
                text run at (67,0) width 112: "Web Bookings"
            LayoutText {#text} at (178,0) size 5x17
              text run at (178,0) width 5: " "
            LayoutInline {SPAN} at (0,0) size 1x17
              LayoutBR {BR} at (182,14) size 1x0
              LayoutInline {SPAN} at (0,0) size 0x0
            LayoutText {#text} at (0,0) size 0x0
          LayoutText {#text} at (0,0) size 0x0
      LayoutBlockFlow (anonymous) at (0,977.47) size 784x2
      LayoutBlockFlow (anonymous) at (0,986.13) size 784x18
        LayoutInline {SPAN} at (0,0) size 259x15
          LayoutInline {SPAN} at (0,0) size 259x15
            LayoutText {#text} at (0,0) size 0x0
            LayoutInline {SPAN} at (0,0) size 259x17
              LayoutText {#text} at (0,0) size 0x0
              LayoutBlockFlow {IMG} at (0,10) size 0x0
                LayoutInline {SPAN} at (0,0) size 0x0
                  LayoutInline {SPAN} at (0,0) size 0x0
              LayoutText {#text} at (0,0) size 259x17
                text run at (0,0) width 5: " "
                text run at (4,0) width 255: "Remarks and Service Information"
              LayoutBR {BR} at (258,14) size 1x0
            LayoutText {#text} at (0,0) size 0x0
            LayoutText {#text} at (0,0) size 0x0
      LayoutBlockFlow (anonymous) at (0,1010.78) size 784x30.33
        LayoutBlockFlow {P} at (0,15.33) size 784x15
          LayoutText {#text} at (0,0) size 206x15
            text run at (0,0) width 206: "This itinerary is subject to change. "
          LayoutInline {A} at (0,0) size 166x15 [color=#0000EE]
            LayoutText {#text} at (205,0) size 166x15
              text run at (205,0) width 166: "Click here for latest updates"
          LayoutText {#text} at (0,0) size 0x0
      LayoutBlockFlow (anonymous) at (0,1054.44) size 784x0
        LayoutInline {SPAN} at (0,0) size 0x0
          LayoutInline {SPAN} at (0,0) size 0x0
          LayoutText {#text} at (0,0) size 0x0
layer at (8,35) size 784x2 clip at (0,0) size 0x0
  LayoutBlockFlow {HR} at (0,0) size 784x2 [border: (1px inset #EEEEEE)]
layer at (8,84) size 784x2 clip at (0,0) size 0x0
  LayoutBlockFlow {HR} at (0,0) size 784x2 [border: (1px inset #EEEEEE)]
layer at (8,147) size 784x2 clip at (0,0) size 0x0
  LayoutBlockFlow {HR} at (0,0) size 784x2 [border: (1px inset #EEEEEE)]
layer at (8,242) size 784x2 clip at (0,0) size 0x0
  LayoutBlockFlow {HR} at (0,0) size 784x2 [border: (1px inset #EEEEEE)]
layer at (8,336) size 784x2 clip at (0,0) size 0x0
  LayoutBlockFlow {HR} at (0,0) size 784x2 [border: (1px inset #EEEEEE)]
layer at (8,547) size 784x2 clip at (0,0) size 0x0
  LayoutBlockFlow {HR} at (0,0) size 784x2 [border: (1px inset #EEEEEE)]
layer at (8,759) size 784x2 backgroundClip at (0,0) size 0x0 clip at (0,0) size 0x0
  LayoutBlockFlow {HR} at (0,0) size 784x2 [border: (1px inset #EEEEEE)]
layer at (8,888) size 784x2 backgroundClip at (0,0) size 0x0 clip at (0,0) size 0x0
  LayoutBlockFlow {HR} at (0,0) size 784x2 [border: (1px inset #EEEEEE)]
layer at (8,951) size 784x2 backgroundClip at (0,0) size 0x0 clip at (0,0) size 0x0
  LayoutBlockFlow {HR} at (0,0) size 784x2 [border: (1px inset #EEEEEE)]
layer at (8,985) size 784x2 backgroundClip at (0,0) size 0x0 clip at (0,0) size 0x0
  LayoutBlockFlow {HR} at (0,0) size 784x2 [border: (1px inset #EEEEEE)]
layer at (8,1019) size 784x2 backgroundClip at (0,0) size 0x0 clip at (0,0) size 0x0
  LayoutBlockFlow {HR} at (0,0) size 784x2 [border: (1px inset #EEEEEE)]
layer at (23,43) size 86x15
  LayoutInline (relative positioned) {SPAN} at (0,0) size 86x15
    LayoutText {#text} at (0,0) size 0x0
    LayoutInline {SPAN} at (0,0) size 86x15
      LayoutText {#text} at (0,0) size 0x0
      LayoutBlockFlow {IMG} at (0,31) size 0x0
        LayoutInline {SPAN} at (0,0) size 0x0
          LayoutInline {SPAN} at (0,0) size 0x0
      LayoutText {#text} at (0,19) size 4x15
        text run at (0,19) width 4: " "
      LayoutInline {SPAN} at (0,0) size 83x15
        LayoutText {#text} at (3,19) size 83x15
          text run at (3,19) width 83: "HAO, SCOTT"
        LayoutBR {BR} at (85,31) size 1x0
        LayoutText {#text} at (0,0) size 0x0
      LayoutText {#text} at (0,0) size 0x0
    LayoutText {#text} at (0,0) size 0x0
layer at (48,43) size 0x0
  LayoutInline (relative positioned) {SPAN} at (0,0) size 0x0
    LayoutText {#text} at (0,0) size 0x0
layer at (23,93) size 581x30
  LayoutInline (relative positioned) {SPAN} at (0,0) size 581x30
    LayoutText {#text} at (0,0) size 0x0
    LayoutBlockFlow {IMG} at (0,30) size 0x0
      LayoutInline {SPAN} at (0,0) size 0x0
        LayoutInline {SPAN} at (0,0) size 0x0
    LayoutText {#text} at (0,18) size 581x15
      text run at (0,18) width 4: " "
      text run at (3,18) width 57: "Address: "
      text run at (60,18) width 521: "ST. JUDE MEDICAL, 21700 OXNARD ST SUITE 800, WOODLAND HILLS CA Z/91367 "
    LayoutBR {BR} at (580,30) size 1x0
    LayoutBlockFlow {IMG} at (0,45) size 0x0
      LayoutInline {SPAN} at (0,0) size 0x0
        LayoutInline {SPAN} at (0,0) size 0x0
    LayoutText {#text} at (0,33) size 414x15
      text run at (0,33) width 4: " "
      text run at (3,33) width 50: "Deliver: "
      text run at (52,33) width 105: "DEBI STANGEL, "
      text run at (156,33) width 119: "119 GLEN COURT, "
      text run at (274,33) width 140: "DANVILLE CA Z/94526"
layer at (23,156) size 0x15
  LayoutInline (relative positioned) {SPAN} at (0,0) size 0x15
    LayoutText {#text} at (0,0) size 0x0
    LayoutBlockFlow {IMG} at (0,19) size 0x0
      LayoutInline {SPAN} at (0,0) size 0x0
        LayoutInline {SPAN} at (0,0) size 0x0
    LayoutText {#text} at (0,0) size 0x0
layer at (23,175) size 784x60 backgroundClip at (0,0) size 800x600 clip at (0,0) size 800x600
  LayoutBlockFlow (anonymous) (relative positioned) at (0,166.94) size 784x60
layer at (43,160) size 526x60
  LayoutTable (relative positioned) {TABLE} at (0,0) size 526x60 [border: (1px outset #808080)]
    LayoutTableSection {TBODY} at (1,1) size 524x58
      LayoutTableRow {TR} at (0,2) size 524x22 [bgcolor=#E0E0E0]
        LayoutTableCell {TD} at (2,2) size 95x22 [border: (1px inset #808080)] [r=0 c=0 rs=1 cs=1]
          LayoutText {#text} at (2,2) size 35x17
            text run at (2,2) width 35: "Type"
        LayoutTableCell {TD} at (99,2) size 45x22 [border: (1px inset #808080)] [r=0 c=1 rs=1 cs=1]
          LayoutText {#text} at (2,2) size 28x17
            text run at (2,2) width 28: "City"
        LayoutTableCell {TD} at (146,2) size 376x22 [border: (1px inset #808080)] [r=0 c=2 rs=1 cs=1]
          LayoutText {#text} at (2,2) size 47x17
            text run at (2,2) width 47: "Phone"
      LayoutTableRow {TR} at (0,26) size 524x0
      LayoutTableRow {TR} at (0,28) size 524x22
        LayoutTableCell {TD} at (2,28) size 95x22 [border: (1px inset #808080)] [r=2 c=0 rs=1 cs=1]
          LayoutText {#text} at (2,2) size 91x17
            text run at (2,2) width 91: "Travel Agent"
        LayoutTableCell {TD} at (99,28) size 45x22 [border: (1px inset #808080)] [r=2 c=1 rs=1 cs=1]
          LayoutText {#text} at (2,2) size 41x17
            text run at (2,2) width 41: "(LAX)"
        LayoutTableCell {TD} at (146,28) size 376x22 [border: (1px inset #808080)] [r=2 c=2 rs=1 cs=1]
          LayoutText {#text} at (2,2) size 372x17
            text run at (2,2) width 372: "RQ0/818 990-4053-PLAZA TRAVEL - 05838276-RC"
      LayoutTableRow {TR} at (0,52) size 524x0
      LayoutTableRow {TR} at (0,54) size 524x0
      LayoutTableRow {TR} at (0,56) size 524x0
layer at (23,235) size 0x0
  LayoutInline (relative positioned) {SPAN} at (0,0) size 0x0
layer at (33,994) size 0x0
  LayoutInline (relative positioned) {SPAN} at (0,0) size 0x0
    LayoutText {#text} at (0,0) size 0x0
    LayoutInline {SPAN} at (0,0) size 0x0
      LayoutText {#text} at (0,0) size 0x0
    LayoutText {#text} at (0,0) size 0x0
