layer at (0,0) size 800x600
  LayoutView at (0,0) size 800x600
layer at (0,0) size 800x600
  LayoutBlockFlow {HTML} at (0,0) size 800x600
    LayoutBlockFlow {BODY} at (8,8) size 784x584
      LayoutBlockFlow {DIV} at (0,0) size 784x100 [bgcolor=#FFFF00]
        LayoutBlockFlow (floating) {DIV} at (0,0) size 71x500 [bgcolor=#008000]
          LayoutText {#text} at (0,0) size 71x19
            text run at (0,0) width 71: "Hello world"
      LayoutBlockFlow {DIV} at (0,204) size 784x40
        LayoutText {#text} at (71,0) size 704x39
          text run at (71,0) width 271: "This text should not overlap the purple float? "
          text run at (342,0) width 433: "Will this happen? I'm really not sure. This is a test of some of the strange"
          text run at (71,20) width 368: "behavior you will find when using overflow auto or scroll, etc."
layer at (79,108) size 713x104 clip at (81,110) size 709x100 scrollHeight 400
  LayoutBlockFlow {DIV} at (71,100) size 713x104 [border: (2px solid #000000)]
    LayoutText {#text} at (2,2) size 136x19
      text run at (2,2) width 136: "Does the float intrude?"
    LayoutBlockFlow (floating) {SPAN} at (611,2) size 100x400 [bgcolor=#800080]
    LayoutText {#text} at (0,0) size 0x0
