layer at (0,0) size 800x600
  LayoutView at (0,0) size 800x600
layer at (10,10) size 780x302
  LayoutBlockFlow {fake} at (10,10) size 780x302
layer at (10,10) size 282x302 clip at (11,11) size 265x300 scrollHeight 1274
  LayoutBlockFlow {channel} at (0,0) size 282x302 [bgcolor=#EEEEEE] [border: (1px solid #000000)]
    LayoutBlockFlow {title} at (11,11) size 255x18
      LayoutText {#text} at (0,0) size 153x18
        text run at (0,0) width 153: "scottandrew.com"
    LayoutBlockFlow {description} at (11,39) size 255x12
      LayoutText {#text} at (0,0) size 192x12
        text run at (0,0) width 192: "DHTML, DOM and JavaScript News"
    LayoutBlockFlow {item} at (1,61) size 265x92 [bgcolor=#FFFFFF] [border: (1px solid #CCCCCC) none (1px solid #CCCCCC) none]
      LayoutInline {title} at (0,0) size 229x14
        LayoutText {#text} at (10,11) size 229x14
          text run at (10,11) width 229: "DHTML Animation Array Generator"
      LayoutText {#text} at (0,0) size 0x0
      LayoutInline {description} at (0,0) size 245x56
        LayoutText {#text} at (10,25) size 245x56
          text run at (10,25) width 245: "Robert points us to the first third-party"
          text run at (10,39) width 221: "tool for the DomAPI: The Animation"
          text run at (10,53) width 204: "Array Generator, a visual tool for"
          text run at (10,67) width 63: "creating..."
      LayoutText {#text} at (0,0) size 0x0
      LayoutText {#text} at (0,0) size 0x0
    LayoutBlockFlow {item} at (1,163) size 265x92 [bgcolor=#FFFFFF] [border: (1px solid #CCCCCC) none (1px solid #CCCCCC) none]
      LayoutInline {title} at (0,0) size 175x14
        LayoutText {#text} at (10,11) size 175x14
          text run at (10,11) width 175: "DOM and Extended Entries"
      LayoutText {#text} at (185,11) size 4x14
        text run at (185,11) width 4: " "
      LayoutInline {description} at (0,0) size 242x70
        LayoutText {#text} at (189,11) size 242x70
          text run at (189,11) width 63: "Aarondot:"
          text run at (10,25) width 213: "A Better Way To Display Extended"
          text run at (10,39) width 233: "Entries. Very cool, and uses the DOM"
          text run at (10,53) width 176: "and JavaScript to reveal the"
          text run at (10,67) width 72: "extended..."
      LayoutText {#text} at (0,0) size 0x0
      LayoutText {#text} at (0,0) size 0x0
    LayoutBlockFlow {item} at (1,265) size 265x78 [bgcolor=#FFFFFF] [border: (1px solid #CCCCCC) none (1px solid #CCCCCC) none]
      LayoutInline {title} at (0,0) size 162x14
        LayoutText {#text} at (10,11) size 162x14
          text run at (10,11) width 162: "cellspacing and the DOM"
      LayoutText {#text} at (172,11) size 4x14
        text run at (172,11) width 4: " "
      LayoutInline {description} at (0,0) size 239x56
        LayoutText {#text} at (176,11) size 239x56
          text run at (176,11) width 73: "By the way,"
          text run at (10,25) width 225: "if you're using the DOM to generate"
          text run at (10,39) width 209: "TABLE elements, you have to use"
          text run at (10,53) width 163: "setAttribute() to set the..."
      LayoutText {#text} at (0,0) size 0x0
      LayoutText {#text} at (0,0) size 0x0
    LayoutBlockFlow {item} at (1,353) size 265x92 [bgcolor=#FFFFFF] [border: (1px solid #CCCCCC) none (1px solid #CCCCCC) none]
      LayoutInline {title} at (0,0) size 175x14
        LayoutText {#text} at (10,11) size 175x14
          text run at (10,11) width 175: "contenteditable for Mozilla"
      LayoutText {#text} at (185,11) size 4x14
        text run at (185,11) width 4: " "
      LayoutInline {description} at (0,0) size 235x70
        LayoutText {#text} at (189,11) size 235x70
          text run at (189,11) width 56: "The folks"
          text run at (10,25) width 221: "art Q42, creator of Quek (cute little"
          text run at (10,39) width 215: "avatar/chat) and Xopus (browser-"
          text run at (10,53) width 215: "based WYSIWYG XML-editor) have"
          text run at (10,67) width 195: "released code that simulates..."
      LayoutText {#text} at (0,0) size 0x0
      LayoutText {#text} at (0,0) size 0x0
    LayoutBlockFlow {item} at (1,455) size 265x78 [bgcolor=#FFFFFF] [border: (1px solid #CCCCCC) none (1px solid #CCCCCC) none]
      LayoutInline {title} at (0,0) size 179x28
        LayoutText {#text} at (10,11) size 179x28
          text run at (10,11) width 179: "DHTML Timeline/Keyframe"
          text run at (10,25) width 66: "Animation"
      LayoutText {#text} at (76,25) size 4x14
        text run at (76,25) width 4: " "
      LayoutInline {description} at (0,0) size 242x42
        LayoutText {#text} at (80,25) size 242x42
          text run at (80,25) width 172: "Tim Morgan is working on a"
          text run at (10,39) width 241: "Flash-like timeline/keyframe extension"
          text run at (10,53) width 149: "for his DHTML toolset...."
      LayoutText {#text} at (0,0) size 0x0
      LayoutText {#text} at (0,0) size 0x0
    LayoutBlockFlow {item} at (1,543) size 265x92 [bgcolor=#FFFFFF] [border: (1px solid #CCCCCC) none (1px solid #CCCCCC) none]
      LayoutInline {title} at (0,0) size 243x28
        LayoutText {#text} at (10,11) size 243x28
          text run at (10,11) width 243: "DynAPI 2.9 and Mozilla compatibility"
          text run at (10,25) width 34: "ports"
      LayoutText {#text} at (44,25) size 4x14
        text run at (44,25) width 4: " "
      LayoutInline {description} at (0,0) size 237x56
        LayoutText {#text} at (48,25) size 237x56
          text run at (48,25) width 199: "DynAPI 2.9 is the latest release"
          text run at (10,39) width 229: "of the popular cross-browser DHTML"
          text run at (10,53) width 190: "library, and is available at Dan"
          text run at (10,67) width 162: "Steinman's original site...."
      LayoutText {#text} at (0,0) size 0x0
      LayoutText {#text} at (0,0) size 0x0
    LayoutBlockFlow {item} at (1,645) size 265x64 [bgcolor=#FFFFFF] [border: (1px solid #CCCCCC) none (1px solid #CCCCCC) none]
      LayoutInline {title} at (0,0) size 152x14
        LayoutText {#text} at (10,11) size 152x14
          text run at (10,11) width 152: "!lineDraw bookmarklet"
      LayoutText {#text} at (162,11) size 4x14
        text run at (162,11) width 4: " "
      LayoutInline {description} at (0,0) size 223x42
        LayoutText {#text} at (166,11) size 223x42
          text run at (166,11) width 41: "Milov's"
          text run at (10,25) width 223: "!lineDraw bookmarklet is in fact the"
          text run at (10,39) width 177: "Coolest Bookmarklet Ever...."
      LayoutText {#text} at (0,0) size 0x0
      LayoutText {#text} at (0,0) size 0x0
    LayoutBlockFlow {item} at (1,719) size 265x92 [bgcolor=#FFFFFF] [border: (1px solid #CCCCCC) none (1px solid #CCCCCC) none]
      LayoutInline {title} at (0,0) size 200x14
        LayoutText {#text} at (10,11) size 200x14
          text run at (10,11) width 200: "Mozilla, DHTML and DOM links"
      LayoutText {#text} at (210,11) size 4x14
        text run at (210,11) width 4: " "
      LayoutInline {description} at (0,0) size 243x70
        LayoutText {#text} at (214,11) size 243x70
          text run at (214,11) width 28: "Why"
          text run at (10,25) width 218: "Mozilla Rules (Link via Dean) Steve"
          text run at (10,39) width 243: "Champeon: Why DHTML Will Win. Glish"
          text run at (10,53) width 203: "finds a not-quite-DOM-compliant"
          text run at (10,67) width 198: "replacement for innerHTML. It..."
      LayoutText {#text} at (0,0) size 0x0
      LayoutText {#text} at (0,0) size 0x0
    LayoutBlockFlow {item} at (1,821) size 265x64 [bgcolor=#FFFFFF] [border: (1px solid #CCCCCC) none (1px solid #CCCCCC) none]
      LayoutInline {title} at (0,0) size 103x14
        LayoutText {#text} at (10,11) size 103x14
          text run at (10,11) width 103: "Mozilla 1.0 RC2"
      LayoutText {#text} at (113,11) size 4x14
        text run at (113,11) width 4: " "
      LayoutInline {description} at (0,0) size 240x42
        LayoutText {#text} at (117,11) size 240x42
          text run at (117,11) width 133: "I'm late for this train:"
          text run at (10,25) width 215: "Mozilla 1.0 Release Candidate 2 is"
          text run at (10,39) width 103: "now available...."
      LayoutText {#text} at (0,0) size 0x0
      LayoutText {#text} at (0,0) size 0x0
    LayoutBlockFlow {item} at (1,895) size 265x92 [bgcolor=#FFFFFF] [border: (1px solid #CCCCCC) none (1px solid #CCCCCC) none]
      LayoutInline {title} at (0,0) size 234x28
        LayoutText {#text} at (10,11) size 234x28
          text run at (10,11) width 234: "javascript: is deprecated. Don't use"
          text run at (10,25) width 13: "it."
      LayoutText {#text} at (23,25) size 4x14
        text run at (23,25) width 4: " "
      LayoutInline {description} at (0,0) size 240x56
        LayoutText {#text} at (27,25) size 240x56
          text run at (27,25) width 191: "Repeat after me: javascript: is"
          text run at (10,39) width 240: "deprecated. Don't use it. javascript: is"
          text run at (10,53) width 240: "deprecated. Don't use it. javascript: is"
          text run at (10,67) width 152: "deprecated. Don't use..."
      LayoutText {#text} at (0,0) size 0x0
      LayoutText {#text} at (0,0) size 0x0
    LayoutBlockFlow {item} at (1,997) size 265x78 [bgcolor=#FFFFFF] [border: (1px solid #CCCCCC) none (1px solid #CCCCCC) none]
      LayoutInline {title} at (0,0) size 173x14
        LayoutText {#text} at (10,11) size 173x14
          text run at (10,11) width 173: "Conditional Script Loading"
      LayoutText {#text} at (0,0) size 0x0
      LayoutInline {description} at (0,0) size 179x42
        LayoutText {#text} at (10,25) size 179x42
          text run at (10,25) width 171: "Webreference: DOM-Based"
          text run at (10,39) width 179: "Conditional Script Loading in"
          text run at (10,53) width 75: "JavaScript..."
      LayoutText {#text} at (0,0) size 0x0
      LayoutText {#text} at (0,0) size 0x0
    LayoutBlockFlow {item} at (1,1085) size 265x78 [bgcolor=#FFFFFF] [border: (1px solid #CCCCCC) none (1px solid #CCCCCC) none]
      LayoutInline {title} at (0,0) size 114x14
        LayoutText {#text} at (10,11) size 114x14
          text run at (10,11) width 114: "Stories and Tools"
      LayoutText {#text} at (124,11) size 4x14
        text run at (124,11) width 4: " "
      LayoutInline {description} at (0,0) size 228x56
        LayoutText {#text} at (128,11) size 228x56
          text run at (128,11) width 92: "Anil Dash talks"
          text run at (10,25) width 208: "about Stories and Tools, drawing"
          text run at (10,39) width 228: "comparisons between the Web as a"
          text run at (10,53) width 195: "text medium and the Web as..."
      LayoutText {#text} at (0,0) size 0x0
      LayoutText {#text} at (0,0) size 0x0
    LayoutBlockFlow {item} at (1,1173) size 265x92 [bgcolor=#FFFFFF] [border: (1px solid #CCCCCC) none (1px solid #CCCCCC) none]
      LayoutInline {title} at (0,0) size 164x14
        LayoutText {#text} at (10,11) size 164x14
          text run at (10,11) width 164: "Whole Lotto Gecko Links"
      LayoutText {#text} at (174,11) size 4x14
        text run at (174,11) width 4: " "
      LayoutInline {description} at (0,0) size 235x70
        LayoutText {#text} at (178,11) size 235x70
          text run at (178,11) width 67: "AOL Gecko"
          text run at (10,25) width 225: "Browser Detection Tips Establishing"
          text run at (10,39) width 201: "Dreamweaver compatibility with"
          text run at (10,53) width 214: "Netscape 6 Stylesheets and MIME"
          text run at (10,67) width 105: "Types in Gecko..."
      LayoutText {#text} at (0,0) size 0x0
      LayoutText {#text} at (0,0) size 0x0
