layer at (0,0) size 800x600 clip at (0,0) size 785x585 scrollHeight 1099
  LayoutView at (0,0) size 800x600
layer at (0,0) size 785x585
  LayoutBlockFlow {HTML} at (0,0) size 785x585
    LayoutBlockFlow {BODY} at (0,0) size 785x585
      LayoutText {#text} at (0,0) size 312x19
        text run at (0,0) width 312: "ffffffffffffffffffffffffffffffffffffffffffffffffffffffffffffffffffffffffffffffffffff"
      LayoutBR {BR} at (312,15) size 0x0
      LayoutText {#text} at (0,20) size 312x19
        text run at (0,20) width 312: "ffffffffffffffffffffffffffffffffffffffffffffffffffffffffffffffffffffffffffffffffffff"
      LayoutBR {BR} at (312,35) size 0x0
      LayoutText {#text} at (0,40) size 312x19
        text run at (0,40) width 312: "ffffffffffffffffffffffffffffffffffffffffffffffffffffffffffffffffffffffffffffffffffff"
      LayoutBR {BR} at (312,55) size 0x0
      LayoutText {#text} at (0,60) size 312x19
        text run at (0,60) width 312: "ffffffffffffffffffffffffffffffffffffffffffffffffffffffffffffffffffffffffffffffffffff"
      LayoutBR {BR} at (312,75) size 0x0
      LayoutText {#text} at (0,80) size 312x19
        text run at (0,80) width 312: "ffffffffffffffffffffffffffffffffffffffffffffffffffffffffffffffffffffffffffffffffffff"
      LayoutBR {BR} at (312,95) size 0x0
      LayoutText {#text} at (0,100) size 312x19
        text run at (0,100) width 312: "ffffffffffffffffffffffffffffffffffffffffffffffffffffffffffffffffffffffffffffffffffff"
      LayoutBR {BR} at (312,115) size 0x0
      LayoutText {#text} at (0,120) size 312x19
        text run at (0,120) width 312: "ffffffffffffffffffffffffffffffffffffffffffffffffffffffffffffffffffffffffffffffffffff"
      LayoutBR {BR} at (312,135) size 0x0
      LayoutText {#text} at (0,140) size 312x19
        text run at (0,140) width 312: "ffffffffffffffffffffffffffffffffffffffffffffffffffffffffffffffffffffffffffffffffffff"
      LayoutBR {BR} at (312,155) size 0x0
      LayoutText {#text} at (0,160) size 312x19
        text run at (0,160) width 312: "ffffffffffffffffffffffffffffffffffffffffffffffffffffffffffffffffffffffffffffffffffff"
      LayoutBR {BR} at (312,175) size 0x0
      LayoutText {#text} at (0,180) size 312x19
        text run at (0,180) width 312: "ffffffffffffffffffffffffffffffffffffffffffffffffffffffffffffffffffffffffffffffffffff"
      LayoutBR {BR} at (312,195) size 0x0
      LayoutText {#text} at (0,200) size 312x19
        text run at (0,200) width 312: "ffffffffffffffffffffffffffffffffffffffffffffffffffffffffffffffffffffffffffffffffffff"
      LayoutBR {BR} at (312,215) size 0x0
      LayoutText {#text} at (0,220) size 312x19
        text run at (0,220) width 312: "ffffffffffffffffffffffffffffffffffffffffffffffffffffffffffffffffffffffffffffffffffff"
      LayoutBR {BR} at (312,235) size 0x0
      LayoutText {#text} at (0,240) size 312x19
        text run at (0,240) width 312: "ffffffffffffffffffffffffffffffffffffffffffffffffffffffffffffffffffffffffffffffffffff"
      LayoutBR {BR} at (312,255) size 0x0
      LayoutText {#text} at (0,260) size 312x19
        text run at (0,260) width 312: "ffffffffffffffffffffffffffffffffffffffffffffffffffffffffffffffffffffffffffffffffffff"
      LayoutBR {BR} at (312,275) size 0x0
      LayoutText {#text} at (0,280) size 312x19
        text run at (0,280) width 312: "ffffffffffffffffffffffffffffffffffffffffffffffffffffffffffffffffffffffffffffffffffff"
      LayoutBR {BR} at (312,295) size 0x0
      LayoutText {#text} at (0,300) size 312x19
        text run at (0,300) width 312: "ffffffffffffffffffffffffffffffffffffffffffffffffffffffffffffffffffffffffffffffffffff"
      LayoutBR {BR} at (312,315) size 0x0
      LayoutText {#text} at (0,320) size 312x19
        text run at (0,320) width 312: "ffffffffffffffffffffffffffffffffffffffffffffffffffffffffffffffffffffffffffffffffffff"
      LayoutBR {BR} at (312,335) size 0x0
      LayoutText {#text} at (0,340) size 312x19
        text run at (0,340) width 312: "ffffffffffffffffffffffffffffffffffffffffffffffffffffffffffffffffffffffffffffffffffff"
      LayoutBR {BR} at (312,355) size 0x0
      LayoutText {#text} at (0,360) size 312x19
        text run at (0,360) width 312: "ffffffffffffffffffffffffffffffffffffffffffffffffffffffffffffffffffffffffffffffffffff"
      LayoutBR {BR} at (312,375) size 0x0
      LayoutText {#text} at (0,380) size 312x19
        text run at (0,380) width 312: "ffffffffffffffffffffffffffffffffffffffffffffffffffffffffffffffffffffffffffffffffffff"
      LayoutBR {BR} at (312,395) size 0x0
      LayoutText {#text} at (0,400) size 312x19
        text run at (0,400) width 312: "ffffffffffffffffffffffffffffffffffffffffffffffffffffffffffffffffffffffffffffffffffff"
      LayoutBR {BR} at (312,415) size 0x0
      LayoutText {#text} at (0,420) size 312x19
        text run at (0,420) width 312: "ffffffffffffffffffffffffffffffffffffffffffffffffffffffffffffffffffffffffffffffffffff"
      LayoutBR {BR} at (312,435) size 0x0
      LayoutText {#text} at (0,440) size 312x19
        text run at (0,440) width 312: "ffffffffffffffffffffffffffffffffffffffffffffffffffffffffffffffffffffffffffffffffffff"
      LayoutBR {BR} at (312,455) size 0x0
      LayoutText {#text} at (0,460) size 312x19
        text run at (0,460) width 312: "ffffffffffffffffffffffffffffffffffffffffffffffffffffffffffffffffffffffffffffffffffff"
      LayoutBR {BR} at (312,475) size 0x0
      LayoutText {#text} at (0,480) size 312x19
        text run at (0,480) width 312: "ffffffffffffffffffffffffffffffffffffffffffffffffffffffffffffffffffffffffffffffffffff"
      LayoutBR {BR} at (312,495) size 0x0
      LayoutText {#text} at (0,500) size 312x19
        text run at (0,500) width 312: "ffffffffffffffffffffffffffffffffffffffffffffffffffffffffffffffffffffffffffffffffffff"
      LayoutBR {BR} at (312,515) size 0x0
      LayoutText {#text} at (0,520) size 312x19
        text run at (0,520) width 312: "ffffffffffffffffffffffffffffffffffffffffffffffffffffffffffffffffffffffffffffffffffff"
      LayoutBR {BR} at (312,535) size 0x0
      LayoutText {#text} at (0,540) size 312x19
        text run at (0,540) width 312: "ffffffffffffffffffffffffffffffffffffffffffffffffffffffffffffffffffffffffffffffffffff"
      LayoutBR {BR} at (312,555) size 0x0
      LayoutText {#text} at (0,560) size 312x19
        text run at (0,560) width 312: "ffffffffffffffffffffffffffffffffffffffffffffffffffffffffffffffffffffffffffffffffffff"
      LayoutBR {BR} at (312,575) size 0x0
      LayoutText {#text} at (0,580) size 312x19
        text run at (0,580) width 312: "ffffffffffffffffffffffffffffffffffffffffffffffffffffffffffffffffffffffffffffffffffff"
      LayoutBR {BR} at (312,595) size 0x0
      LayoutText {#text} at (0,600) size 312x19
        text run at (0,600) width 312: "ffffffffffffffffffffffffffffffffffffffffffffffffffffffffffffffffffffffffffffffffffff"
      LayoutBR {BR} at (312,615) size 0x0
      LayoutText {#text} at (0,620) size 312x19
        text run at (0,620) width 312: "ffffffffffffffffffffffffffffffffffffffffffffffffffffffffffffffffffffffffffffffffffff"
      LayoutBR {BR} at (312,635) size 0x0
      LayoutText {#text} at (0,640) size 312x19
        text run at (0,640) width 312: "ffffffffffffffffffffffffffffffffffffffffffffffffffffffffffffffffffffffffffffffffffff"
      LayoutBR {BR} at (312,655) size 0x0
      LayoutText {#text} at (0,660) size 312x19
        text run at (0,660) width 312: "ffffffffffffffffffffffffffffffffffffffffffffffffffffffffffffffffffffffffffffffffffff"
      LayoutBR {BR} at (312,675) size 0x0
      LayoutText {#text} at (0,680) size 312x19
        text run at (0,680) width 312: "ffffffffffffffffffffffffffffffffffffffffffffffffffffffffffffffffffffffffffffffffffff"
      LayoutBR {BR} at (312,695) size 0x0
      LayoutText {#text} at (0,700) size 312x19
        text run at (0,700) width 312: "ffffffffffffffffffffffffffffffffffffffffffffffffffffffffffffffffffffffffffffffffffff"
      LayoutBR {BR} at (312,715) size 0x0
      LayoutText {#text} at (0,720) size 312x19
        text run at (0,720) width 312: "ffffffffffffffffffffffffffffffffffffffffffffffffffffffffffffffffffffffffffffffffffff"
      LayoutBR {BR} at (312,735) size 0x0
      LayoutText {#text} at (0,740) size 312x19
        text run at (0,740) width 312: "ffffffffffffffffffffffffffffffffffffffffffffffffffffffffffffffffffffffffffffffffffff"
      LayoutBR {BR} at (312,755) size 0x0
      LayoutText {#text} at (0,760) size 312x19
        text run at (0,760) width 312: "ffffffffffffffffffffffffffffffffffffffffffffffffffffffffffffffffffffffffffffffffffff"
      LayoutBR {BR} at (312,775) size 0x0
      LayoutText {#text} at (0,780) size 312x19
        text run at (0,780) width 312: "ffffffffffffffffffffffffffffffffffffffffffffffffffffffffffffffffffffffffffffffffffff"
      LayoutBR {BR} at (312,795) size 0x0
      LayoutText {#text} at (0,800) size 312x19
        text run at (0,800) width 312: "ffffffffffffffffffffffffffffffffffffffffffffffffffffffffffffffffffffffffffffffffffff"
      LayoutBR {BR} at (312,815) size 0x0
      LayoutText {#text} at (0,820) size 312x19
        text run at (0,820) width 312: "ffffffffffffffffffffffffffffffffffffffffffffffffffffffffffffffffffffffffffffffffffff"
      LayoutBR {BR} at (312,835) size 0x0
      LayoutText {#text} at (0,840) size 312x19
        text run at (0,840) width 312: "ffffffffffffffffffffffffffffffffffffffffffffffffffffffffffffffffffffffffffffffffffff"
      LayoutBR {BR} at (312,855) size 0x0
      LayoutText {#text} at (0,860) size 312x19
        text run at (0,860) width 312: "ffffffffffffffffffffffffffffffffffffffffffffffffffffffffffffffffffffffffffffffffffff"
      LayoutBR {BR} at (312,875) size 0x0
      LayoutText {#text} at (0,880) size 312x19
        text run at (0,880) width 312: "ffffffffffffffffffffffffffffffffffffffffffffffffffffffffffffffffffffffffffffffffffff"
      LayoutBR {BR} at (312,895) size 0x0
      LayoutText {#text} at (0,900) size 312x19
        text run at (0,900) width 312: "ffffffffffffffffffffffffffffffffffffffffffffffffffffffffffffffffffffffffffffffffffff"
      LayoutBR {BR} at (312,915) size 0x0
      LayoutText {#text} at (0,920) size 312x19
        text run at (0,920) width 312: "ffffffffffffffffffffffffffffffffffffffffffffffffffffffffffffffffffffffffffffffffffff"
      LayoutBR {BR} at (312,935) size 0x0
      LayoutText {#text} at (0,940) size 312x19
        text run at (0,940) width 312: "ffffffffffffffffffffffffffffffffffffffffffffffffffffffffffffffffffffffffffffffffffff"
      LayoutBR {BR} at (312,955) size 0x0
      LayoutText {#text} at (0,960) size 312x19
        text run at (0,960) width 312: "ffffffffffffffffffffffffffffffffffffffffffffffffffffffffffffffffffffffffffffffffffff"
      LayoutBR {BR} at (312,975) size 0x0
      LayoutText {#text} at (0,980) size 312x19
        text run at (0,980) width 312: "ffffffffffffffffffffffffffffffffffffffffffffffffffffffffffffffffffffffffffffffffffff"
      LayoutBR {BR} at (312,995) size 0x0
      LayoutText {#text} at (0,1000) size 312x19
        text run at (0,1000) width 312: "ffffffffffffffffffffffffffffffffffffffffffffffffffffffffffffffffffffffffffffffffffff"
      LayoutBR {BR} at (312,1015) size 0x0
      LayoutText {#text} at (0,1020) size 312x19
        text run at (0,1020) width 312: "ffffffffffffffffffffffffffffffffffffffffffffffffffffffffffffffffffffffffffffffffffff"
      LayoutBR {BR} at (312,1035) size 0x0
      LayoutText {#text} at (0,1040) size 312x19
        text run at (0,1040) width 312: "ffffffffffffffffffffffffffffffffffffffffffffffffffffffffffffffffffffffffffffffffffff"
      LayoutBR {BR} at (312,1055) size 0x0
      LayoutText {#text} at (0,1060) size 312x19
        text run at (0,1060) width 312: "ffffffffffffffffffffffffffffffffffffffffffffffffffffffffffffffffffffffffffffffffffff"
      LayoutBR {BR} at (312,1075) size 0x0
      LayoutText {#text} at (0,1080) size 312x19
        text run at (0,1080) width 312: "ffffffffffffffffffffffffffffffffffffffffffffffffffffffffffffffffffffffffffffffffffff"
      LayoutBR {BR} at (312,1095) size 0x0
