layer at (0,0) size 800x600
  LayoutView at (0,0) size 800x600
layer at (0,0) size 800x600
  LayoutBlockFlow {HTML} at (0,0) size 800x600
    LayoutBlockFlow {BODY} at (8,8) size 784x584
      LayoutBlockFlow {P} at (0,0) size 784x20
        LayoutText {#text} at (0,0) size 418x19
          text run at (0,0) width 418: "You should see a green rectangle with a rounded black border below."
layer at (8,44) size 320x320 clip at (18,54) size 300x300 scrollWidth 310 scrollHeight 310
  LayoutBlockFlow {DIV} at (0,36) size 320x320 [bgcolor=#FF0000] [border: (10px solid #000000)]
    LayoutBlockFlow {DIV} at (0,0) size 320x320 [bgcolor=#008000]
