layer at (0,0) size 800x600
  LayoutView at (0,0) size 800x600
layer at (0,0) size 800x600
  LayoutBlockFlow {HTML} at (0,0) size 800x600
    LayoutBlockFlow {BODY} at (8,8) size 784x584
      LayoutBlockFlow (anonymous) at (0,0) size 784x20
        LayoutText {#text} at (0,0) size 589x19
          text run at (0,0) width 589: "This tests that the scrollbar and resize corner are not visible on an element that has visibility:hidden."
hidden layer at (8,28) size 50x70 clip at (8,28) size 35x55 scrollWidth 39 scrollHeight 120
  LayoutBlockFlow {DIV} at (0,20) size 50x70
    LayoutText {#text} at (0,0) size 39x119
      text run at (0,0) width 25: "You"
      text run at (0,20) width 39: "should"
      text run at (0,40) width 19: "not"
      text run at (0,60) width 20: "see"
      text run at (0,80) width 20: "this"
      text run at (0,100) width 22: "text"
