layer at (0,0) size 800x600
  LayoutView at (0,0) size 800x600
layer at (0,0) size 800x600
  LayoutBlockFlow {HTML} at (0,0) size 800x600
    LayoutBlockFlow {BODY} at (8,8) size 784x576
      LayoutBlockFlow {P} at (0,0) size 784x40
        LayoutText {#text} at (0,0) size 50x19
          text run at (0,0) width 50: "Test for "
        LayoutInline {I} at (0,0) size 757x39
          LayoutInline {A} at (0,0) size 306x19 [color=#0000EE]
            LayoutText {#text} at (49,0) size 306x19
              text run at (49,0) width 306: "http://bugs.webkit.org/show_bug.cgi?id=13353"
          LayoutText {#text} at (354,0) size 757x39
            text run at (354,0) width 5: " "
            text run at (358,0) width 399: "REGRESSION (r20754-20766): Textarea does not resize when"
            text run at (0,20) width 121: "scrollbar is present"
        LayoutText {#text} at (120,20) size 5x19
          text run at (120,20) width 5: "."
      LayoutBlockFlow {P} at (0,56) size 784x20
        LayoutText {#text} at (0,0) size 711x19
          text run at (0,0) width 543: "To test interactively, verify that you can resize each of the boxes below. The automatic test "
          text run at (542,0) width 169: "resizes them to 125 by 125."
      LayoutBlockFlow (floating) {DIV} at (0,92) size 125x125 [bgcolor=#FF0000]
      LayoutBlockFlow (floating) {DIV} at (135,92) size 125x125 [bgcolor=#FF0000]
      LayoutBlockFlow (floating) {DIV} at (270,92) size 125x125 [bgcolor=#FF0000]
      LayoutBlockFlow (floating) {DIV} at (405,92) size 125x125 [bgcolor=#FF0000]
layer at (8,100) size 125x125
  LayoutBlockFlow {DIV} at (0,0) size 125x125 [bgcolor=#008000]
    LayoutBlockFlow {DIV} at (0,0) size 100x100
layer at (143,100) size 125x125 clip at (143,100) size 110x110
  LayoutBlockFlow {DIV} at (0,0) size 125x125 [bgcolor=#008000]
    LayoutBlockFlow {DIV} at (0,0) size 100x100
layer at (278,100) size 125x125 clip at (278,100) size 110x125
  LayoutBlockFlow {DIV} at (0,0) size 125x125 [bgcolor=#008000]
    LayoutBlockFlow {DIV} at (0,0) size 100x100
layer at (413,100) size 125x125 clip at (413,100) size 125x110
  LayoutBlockFlow {DIV} at (0,0) size 125x125 [bgcolor=#008000]
    LayoutBlockFlow {DIV} at (0,0) size 100x100
