layer at (0,0) size 800x600
  LayoutView at (0,0) size 800x600
layer at (0,0) size 800x600
  LayoutBlockFlow {HTML} at (0,0) size 800x600
    LayoutBlockFlow {BODY} at (8,8) size 784x584
layer at (8,8) size 153x100 clip at (18,18) size 133x80
  LayoutBlockFlow (floating) {DIV} at (0,0) size 152.55x100 [border: (10px solid #FF0000)]
    LayoutBlockFlow (floating) {IMG} at (10,10) size 86x66
    LayoutBlockFlow {DIV} at (10,10) size 132.55x14
      LayoutText {#text} at (92,0) size 6x14
        text run at (92,0) width 6: "x"
    LayoutBlockFlow {DIV} at (10,24) size 132.55x66
      LayoutText {#text} at (92,0) size 129x66
        text run at (92,0) width 37: "Ted and"
        text run at (92,14) width 15: "the"
        text run at (0,52) width 76: "miniature Teddy"
layer at (18,18) size 86x66 clip at (19,19) size 84x64
  LayoutBlockFlow {DIV} at (0,0) size 86x66 [border: (1px solid #C0C0C0)]
layer at (20,20) size 82x0
  LayoutBlockFlow {DIV} at (2,2) size 82x0
