layer at (0,0) size 800x600 scrollY 1555.00 scrollHeight 2155
  LayoutView at (0,0) size 800x600
layer at (0,0) size 800x2155 backgroundClip at (0,0) size 800x600 clip at (0,0) size 800x600
  LayoutBlockFlow {HTML} at (0,0) size 800x2154.81
    LayoutBlockFlow {BODY} at (8,16) size 784x2122.81
      LayoutBlockFlow {P} at (0,0) size 784x20
        LayoutText {#text} at (0,0) size 577x19
          text run at (0,0) width 577: "Scrolling should occur even when the frame's overflow is hidden (i.e. it has no visible scrollbars)."
      LayoutBlockFlow {DIV} at (0,36) size 784x2000
        LayoutInline {A} at (0,0) size 62x19 [color=#0000EE]
          LayoutText {#text} at (0,0) size 62x19
            text run at (0,0) width 62: "Click here"
        LayoutText {#text} at (0,0) size 0x0
      LayoutBlockFlow {H2} at (0,2055.91) size 784x27
        LayoutText {#text} at (0,0) size 116x26
          text run at (0,0) width 116: "Test Passed"
      LayoutBlockFlow {P} at (0,2102.81) size 784x20
        LayoutText {#text} at (0,0) size 477x19
          text run at (0,0) width 477: "The test should have automatically scrolled down to show \"Test Passed\" above."
scrolled to 0,1555
