layer at (0,0) size 800x600
  LayoutView at (0,0) size 800x600
layer at (0,0) size 800x600
  LayoutBlockFlow {HTML} at (0,0) size 800x600
    LayoutBlockFlow {BODY} at (0,0) size 800x584
      LayoutBlockFlow {HR} at (0,43) size 800x2 [border: (1px inset #EEEEEE)]
      LayoutBlockFlow {P} at (0,61) size 800x60
        LayoutText {#text} at (0,0) size 197x19
          text run at (0,0) width 197: "This tests for regressions against "
        LayoutInline {I} at (0,0) size 789x39
          LayoutText {#text} at (197,0) size 789x39
            text run at (197,0) width 455: "http://bugzilla.opendarwin.org/show_bug.cgi?id=5921 Hit-testing text "
            text run at (651,0) width 138: "in overflows does not"
            text run at (0,20) width 171: "take scrolling into account"
        LayoutText {#text} at (170,20) size 779x39
          text run at (170,20) width 77: " by scrolling "
          text run at (246,20) width 388: "the above text all the way to the right, clicking the last letter, and "
          text run at (633,20) width 146: "verifying that the correct"
          text run at (0,40) width 235: "caret position is reported to the editing "
          text run at (235,40) width 54: "delegate."
layer at (0,0) size 210x35 clip at (0,0) size 210x20 scrollX 22.00 scrollWidth 232
  LayoutBlockFlow {DIV} at (0,0) size 210x35
    LayoutText {#text} at (0,0) size 232x19
      text run at (0,0) width 232: "Seals and caribou live in the arctic, too"
caret: position 40 of child 0 {#text} of child 1 {DIV} of body
