layer at (0,0) size 800x600 clip at (0,0) size 785x600 scrollY 25.00 scrollHeight 2000
  LayoutView at (0,0) size 800x600
layer at (0,0) size 785x2000 backgroundClip at (0,0) size 785x600 clip at (0,0) size 785x600
  LayoutBlockFlow {HTML} at (0,0) size 785x2000
    LayoutBlockFlow {BODY} at (0,0) size 785x2000
layer at (0,116) size 291x40
  LayoutBlockFlow (positioned) {P} at (0,116) size 290.72x40
    LayoutInline {A} at (0,0) size 291x19 [color=#0000EE]
      LayoutText {#text} at (0,0) size 291x19
        text run at (0,0) width 291: "https://bugs.webkit.org/show_bug.cgi?id=29346"
    LayoutBR {BR} at (290,15) size 1x0
    LayoutText {#text} at (0,20) size 232x19
      text run at (0,20) width 232: "Green box should fill the black border."
layer at (0,25) size 404x54 clip at (2,27) size 400x50
  LayoutBlockFlow (positioned) {DIV} at (0,0) size 404x54 [border: (2px solid #000000)]
layer at (2,27) size 400x50
  LayoutBlockFlow {DIV} at (2,2) size 400x50 [bgcolor=#008000]
scrolled to 0,25
