layer at (0,0) size 800x600 clip at (0,0) size 785x600 scrollY 9.00 scrollHeight 1190
  LayoutView at (0,0) size 800x600
layer at (0,0) size 785x1190 backgroundClip at (0,0) size 785x600 clip at (0,0) size 785x600
  LayoutBlockFlow {HTML} at (0,0) size 785x1190
    LayoutBlockFlow {BODY} at (8,8) size 769x1174
      LayoutBlockFlow (anonymous) at (0,0) size 769x20
        LayoutText {#text} at (0,0) size 321x19
          text run at (0,0) width 321: "This test should scroll recursively to reveal the button."
        LayoutText {#text} at (0,0) size 0x0
      LayoutBlockFlow {DIV} at (0,20) size 769x500
      LayoutBlockFlow (anonymous) at (0,520) size 769x154
        LayoutText {#text} at (0,0) size 0x0
      LayoutBlockFlow {DIV} at (0,674) size 769x500
layer at (8,528) size 304x154 backgroundClip at (0,0) size 785x600 clip at (0,0) size 785x600
  LayoutIFrame {IFRAME} at (0,0) size 304x154 [border: (2px inset #EEEEEE)]
    layer at (0,0) size 300x150 clip at (0,0) size 285x135 scrollY 90.00 scrollWidth 308 scrollHeight 316
      LayoutView at (0,0) size 300x150
    layer at (0,0) size 285x316 backgroundClip at (0,0) size 285x135 clip at (0,0) size 285x135
      LayoutBlockFlow {HTML} at (0,0) size 285x316
        LayoutBlockFlow {BODY} at (8,8) size 269x300
    layer at (8,8) size 300x300 backgroundClip at (8,8) size 277x127 clip at (8,8) size 277x127 scrollY 545.00 scrollHeight 1270
      LayoutBlockFlow {DIV} at (0,0) size 300x300
        LayoutBlockFlow (anonymous) at (0,0) size 285x20
          LayoutText {#text} at (0,0) size 82x19
            text run at (0,0) width 82: "overflow:auto"
        LayoutBlockFlow {DIV} at (0,20) size 285x600
        LayoutBlockFlow {DIV} at (0,770) size 285x500
    layer at (8,83) size 150x150 backgroundClip at (8,83) size 150x52 clip at (8,83) size 135x52 scrollY 476.00 scrollHeight 862
      LayoutBlockFlow {DIV} at (0,620) size 150x150
        LayoutBlockFlow (anonymous) at (0,0) size 135x20
          LayoutText {#text} at (0,0) size 82x19
            text run at (0,0) width 82: "overflow:auto"
        LayoutBlockFlow {DIV} at (0,20) size 135x500
        LayoutBlockFlow (anonymous) at (0,520) size 135x42
          LayoutBR {BR} at (0,0) size 0x19
          LayoutButton {INPUT} at (0,20) size 54x22 [bgcolor=#C0C0C0] [border: (2px outset #C0C0C0)]
            LayoutBlockFlow (anonymous) at (8,3) size 38x16
              LayoutText {#text} at (0,0) size 38x16
                text run at (0,0) width 38: "Button"
          LayoutText {#text} at (0,0) size 0x0
        LayoutBlockFlow {DIV} at (0,562) size 135x300
scrolled to 0,9
frame 'fr' scrolled to 0,90
