layer at (0,0) size 800x600
  LayoutView at (0,0) size 800x600
layer at (0,0) size 800x600
  LayoutBlockFlow {HTML} at (0,0) size 800x600
    LayoutBlockFlow {BODY} at (8,8) size 784x584
layer at (0,42) size 800x558 clip at (0,42) size 785x558 scrollY 284.00 scrollHeight 842
  LayoutBlockFlow (positioned) {DIV} at (0,42) size 800x558
layer at (0,-242) size 531x842 backgroundClip at (0,42) size 785x558 clip at (0,42) size 785x558
  LayoutBlockFlow (positioned) {DIV} at (0,0) size 530.97x842
    LayoutBlockFlow (anonymous) at (0,0) size 530.97x20
      LayoutText {#text} at (0,0) size 531x19
        text run at (0,0) width 531: "This tests that we can scroll to reveal something in a nested positioned block in overflow."
    LayoutBlockFlow {DIV} at (0,20) size 530.97x800
    LayoutBlockFlow (anonymous) at (0,820) size 530.97x22
      LayoutButton {INPUT} at (0,0) size 223x22 [bgcolor=#C0C0C0] [border: (2px outset #C0C0C0)]
        LayoutBlockFlow (anonymous) at (8,3) size 207x16
          LayoutText {#text} at (0,0) size 207x16
            text run at (0,0) width 207: "If you can see this, test has passed"
      LayoutText {#text} at (0,0) size 0x0
