layer at (0,0) size 800x600
  LayoutView at (0,0) size 800x600
layer at (0,0) size 800x600
  LayoutBlockFlow {HTML} at (0,0) size 800x600
    LayoutBlockFlow {BODY} at (8,8) size 784x584
      LayoutBlockFlow {P} at (0,0) size 784x40
        LayoutText {#text} at (0,0) size 50x19
          text run at (0,0) width 50: "Test for "
        LayoutInline {I} at (0,0) size 766x39
          LayoutInline {A} at (0,0) size 306x19 [color=#0000EE]
            LayoutText {#text} at (49,0) size 306x19
              text run at (49,0) width 306: "http://bugs.webkit.org/show_bug.cgi?id=16426"
          LayoutText {#text} at (354,0) size 766x39
            text run at (354,0) width 5: " "
            text run at (358,0) width 408: "Divs with overflow:auto: scrollbars not correctly updated when"
            text run at (0,20) width 104: "contents change"
        LayoutText {#text} at (104,20) size 4x19
          text run at (104,20) width 4: "."
      LayoutBlockFlow {P} at (0,56) size 784x20
        LayoutText {#text} at (0,0) size 308x19
          text run at (0,0) width 308: "The thumb should be in the middle of the scroll bar."
layer at (8,100) size 200x200 clip at (8,100) size 185x200 scrollY 200.00 scrollHeight 600
  LayoutBlockFlow {DIV} at (0,92) size 200x200
    LayoutBlockFlow {DIV} at (0,0) size 185x600
