layer at (0,0) size 800x600
  LayoutView at (0,0) size 800x600
layer at (0,0) size 800x600
  LayoutBlockFlow {HTML} at (0,0) size 800x600
    LayoutBlockFlow {BODY} at (8,8) size 784x584
      LayoutTable {TABLE} at (0,0) size 106x106
        LayoutTableSection {TBODY} at (0,0) size 106x106
          LayoutTableRow {TR} at (0,2) size 106x102
            LayoutTableCell {TD} at (2,2) size 102x102 [bgcolor=#CCCCCC] [r=0 c=0 rs=1 cs=1]
      LayoutBlockFlow (anonymous) at (0,106) size 784x120
        LayoutText {#text} at (0,0) size 745x39
          text run at (0,0) width 745: "Here it is: a gray, one-cell, no-width-specified table, with a 100x100 scrolling (overflow:auto) div inside. In this div, there are"
          text run at (0,20) width 323: "floating (float: left) span tags with content inside (text)."
        LayoutBR {BR} at (323,35) size 0x0
        LayoutBR {BR} at (0,40) size 0x19
        LayoutText {#text} at (0,60) size 775x39
          text run at (0,60) width 775: "You would expect that the table would expand to fit the defined width of the div tag. But in Safari and Shiira, the table expands to"
          text run at (0,80) width 114: "fit the height of the "
        LayoutInline {I} at (0,0) size 137x19
          LayoutText {#text} at (114,80) size 137x19
            text run at (114,80) width 137: "content inside the div"
        LayoutText {#text} at (251,80) size 496x19
          text run at (251,80) width 496: ", not the height of the div. This behavior does not occur if the content is not floated."
        LayoutBR {BR} at (746,95) size 1x0
        LayoutBR {BR} at (0,100) size 0x19
layer at (11,11) size 100x100 clip at (11,11) size 85x100 scrollHeight 240
  LayoutBlockFlow {DIV} at (1,1) size 100x100
    LayoutBlockFlow (floating) {SPAN} at (0,0) size 24.72x20
      LayoutText {#text} at (0,0) size 25x19
        text run at (0,0) width 25: "stuff"
    LayoutBlockFlow (floating) {SPAN} at (24.72,0) size 24.72x20
      LayoutText {#text} at (0,0) size 25x19
        text run at (0,0) width 25: "stuff"
    LayoutBlockFlow (floating) {SPAN} at (49.44,0) size 24.72x20
      LayoutText {#text} at (0,0) size 25x19
        text run at (0,0) width 25: "stuff"
    LayoutBlockFlow (floating) {SPAN} at (0,20) size 24.72x20
      LayoutText {#text} at (0,0) size 25x19
        text run at (0,0) width 25: "stuff"
    LayoutBlockFlow (floating) {SPAN} at (24.72,20) size 24.72x20
      LayoutText {#text} at (0,0) size 25x19
        text run at (0,0) width 25: "stuff"
    LayoutBlockFlow (floating) {SPAN} at (49.44,20) size 24.72x20
      LayoutText {#text} at (0,0) size 25x19
        text run at (0,0) width 25: "stuff"
    LayoutBlockFlow (floating) {SPAN} at (0,40) size 24.72x20
      LayoutText {#text} at (0,0) size 25x19
        text run at (0,0) width 25: "stuff"
    LayoutBlockFlow (floating) {SPAN} at (24.72,40) size 24.72x20
      LayoutText {#text} at (0,0) size 25x19
        text run at (0,0) width 25: "stuff"
    LayoutBlockFlow (floating) {SPAN} at (49.44,40) size 24.72x20
      LayoutText {#text} at (0,0) size 25x19
        text run at (0,0) width 25: "stuff"
    LayoutBlockFlow (floating) {SPAN} at (0,60) size 24.72x20
      LayoutText {#text} at (0,0) size 25x19
        text run at (0,0) width 25: "stuff"
    LayoutBlockFlow (floating) {SPAN} at (24.72,60) size 24.72x20
      LayoutText {#text} at (0,0) size 25x19
        text run at (0,0) width 25: "stuff"
    LayoutBlockFlow (floating) {SPAN} at (49.44,60) size 24.72x20
      LayoutText {#text} at (0,0) size 25x19
        text run at (0,0) width 25: "stuff"
    LayoutBlockFlow (floating) {SPAN} at (0,80) size 24.72x20
      LayoutText {#text} at (0,0) size 25x19
        text run at (0,0) width 25: "stuff"
    LayoutBlockFlow (floating) {SPAN} at (24.72,80) size 24.72x20
      LayoutText {#text} at (0,0) size 25x19
        text run at (0,0) width 25: "stuff"
    LayoutBlockFlow (floating) {SPAN} at (49.44,80) size 24.72x20
      LayoutText {#text} at (0,0) size 25x19
        text run at (0,0) width 25: "stuff"
    LayoutBlockFlow (floating) {SPAN} at (0,100) size 24.72x20
      LayoutText {#text} at (0,0) size 25x19
        text run at (0,0) width 25: "stuff"
    LayoutBlockFlow (floating) {SPAN} at (24.72,100) size 24.72x20
      LayoutText {#text} at (0,0) size 25x19
        text run at (0,0) width 25: "stuff"
    LayoutBlockFlow (floating) {SPAN} at (49.44,100) size 24.72x20
      LayoutText {#text} at (0,0) size 25x19
        text run at (0,0) width 25: "stuff"
    LayoutBlockFlow (floating) {SPAN} at (0,120) size 24.72x20
      LayoutText {#text} at (0,0) size 25x19
        text run at (0,0) width 25: "stuff"
    LayoutBlockFlow (floating) {SPAN} at (24.72,120) size 24.72x20
      LayoutText {#text} at (0,0) size 25x19
        text run at (0,0) width 25: "stuff"
    LayoutBlockFlow (floating) {SPAN} at (49.44,120) size 24.72x20
      LayoutText {#text} at (0,0) size 25x19
        text run at (0,0) width 25: "stuff"
    LayoutBlockFlow (floating) {SPAN} at (0,140) size 24.72x20
      LayoutText {#text} at (0,0) size 25x19
        text run at (0,0) width 25: "stuff"
    LayoutBlockFlow (floating) {SPAN} at (24.72,140) size 24.72x20
      LayoutText {#text} at (0,0) size 25x19
        text run at (0,0) width 25: "stuff"
    LayoutBlockFlow (floating) {SPAN} at (49.44,140) size 24.72x20
      LayoutText {#text} at (0,0) size 25x19
        text run at (0,0) width 25: "stuff"
    LayoutBlockFlow (floating) {SPAN} at (0,160) size 24.72x20
      LayoutText {#text} at (0,0) size 25x19
        text run at (0,0) width 25: "stuff"
    LayoutBlockFlow (floating) {SPAN} at (24.72,160) size 24.72x20
      LayoutText {#text} at (0,0) size 25x19
        text run at (0,0) width 25: "stuff"
    LayoutBlockFlow (floating) {SPAN} at (49.44,160) size 24.72x20
      LayoutText {#text} at (0,0) size 25x19
        text run at (0,0) width 25: "stuff"
    LayoutBlockFlow (floating) {SPAN} at (0,180) size 24.72x20
      LayoutText {#text} at (0,0) size 25x19
        text run at (0,0) width 25: "stuff"
    LayoutBlockFlow (floating) {SPAN} at (24.72,180) size 24.72x20
      LayoutText {#text} at (0,0) size 25x19
        text run at (0,0) width 25: "stuff"
    LayoutBlockFlow (floating) {SPAN} at (49.44,180) size 24.72x20
      LayoutText {#text} at (0,0) size 25x19
        text run at (0,0) width 25: "stuff"
    LayoutBlockFlow (floating) {SPAN} at (0,200) size 24.72x20
      LayoutText {#text} at (0,0) size 25x19
        text run at (0,0) width 25: "stuff"
    LayoutBlockFlow (floating) {SPAN} at (24.72,200) size 24.72x20
      LayoutText {#text} at (0,0) size 25x19
        text run at (0,0) width 25: "stuff"
    LayoutBlockFlow (floating) {SPAN} at (49.44,200) size 24.72x20
      LayoutText {#text} at (0,0) size 25x19
        text run at (0,0) width 25: "stuff"
    LayoutBlockFlow (floating) {SPAN} at (0,220) size 24.72x20
      LayoutText {#text} at (0,0) size 25x19
        text run at (0,0) width 25: "stuff"
