layer at (0,0) size 800x600
  LayoutView at (0,0) size 800x600
layer at (0,0) size 800x600
  LayoutBlockFlow {HTML} at (0,0) size 800x600
    LayoutBlockFlow {BODY} at (8,8) size 784x584
      LayoutBlockFlow (anonymous) at (0,0) size 784x20
        LayoutText {#text} at (0,0) size 30x19
          text run at (0,0) width 30: "LTR:"
      LayoutBlockFlow (anonymous) at (0,126) size 784x20
        LayoutText {#text} at (0,0) size 31x19
          text run at (0,0) width 31: "RTL:"
layer at (8,28) size 106x106 clip at (11,31) size 85x85 scrollWidth 220 scrollHeight 270
  LayoutBlockFlow (relative positioned) {DIV} at (0,20) size 106x106 [border: (3px solid #000000)]
layer at (211,281) size 20x20 backgroundClip at (11,31) size 85x85 clip at (11,31) size 85x85
  LayoutBlockFlow (positioned) {DIV} at (203,253) size 20x20
    LayoutText {#text} at (0,0) size 20x19
      text run at (0,0) width 20: "foo"
layer at (8,154) size 106x106 clip at (26,157) size 85x85 scrollX 135.00 scrollWidth 220 scrollHeight 270
  LayoutBlockFlow (relative positioned) {DIV} at (0,146) size 106x106 [border: (3px solid #000000)]
layer at (-109,407) size 20x20 backgroundClip at (26,157) size 85x85 clip at (26,157) size 85x85
  LayoutBlockFlow (positioned) {DIV} at (-117,253) size 20x20
    LayoutText {#text} at (0,0) size 20x19
      text run at (0,0) width 20: "foo"
