layer at (0,0) size 800x600
  LayoutView at (0,0) size 800x600
layer at (0,0) size 800x600
  LayoutBlockFlow {HTML} at (0,0) size 800x600
    LayoutBlockFlow {BODY} at (8,8) size 784x576
      LayoutBlockFlow {P} at (0,0) size 784x20
        LayoutText {#text} at (0,0) size 50x19
          text run at (0,0) width 50: "Test for "
        LayoutInline {I} at (0,0) size 665x19
          LayoutInline {A} at (0,0) size 310x19 [color=#0000EE]
            LayoutText {#text} at (50,0) size 310x19
              text run at (50,0) width 310: "https://bugs.webkit.org/show_bug.cgi?id=19525"
          LayoutText {#text} at (360,0) size 355x19
            text run at (360,0) width 4: " "
            text run at (364,0) width 351: "-webkit-box-reflect in hyperlink causes webkit to crash"
        LayoutText {#text} at (715,0) size 4x19
          text run at (715,0) width 4: "."
      LayoutBlockFlow {P} at (0,36) size 784x20
        LayoutText {#text} at (0,0) size 164x19
          text run at (0,0) width 164: "Because it is an inline flow, "
        LayoutInline {SPAN} at (0,0) size 52x19
          LayoutText {#text} at (164,0) size 52x19
            text run at (164,0) width 52: "this span"
        LayoutText {#text} at (216,0) size 419x19
          text run at (216,0) width 419: " should not have a reflection, and selecting it should not cause a crash."
selection start: position 0 of child 0 {#text} of child 1 {SPAN} of child 2 {P} of body
selection end:   position 9 of child 0 {#text} of child 1 {SPAN} of child 2 {P} of body
