layer at (0,0) size 800x600
  LayoutView at (0,0) size 800x600
layer at (0,0) size 800x600
  LayoutBlockFlow {HTML} at (0,0) size 800x600
    LayoutBlockFlow {BODY} at (8,8) size 784x584
      LayoutText {#text} at (0,0) size 347x19
        text run at (0,0) width 347: "You should see four green squares in a vertical line below."
layer at (8,160) size 100x100 transparent
  LayoutBlockFlow (positioned) {DIV} at (8,160) size 100x100 [bgcolor=#008000]
layer at (8,400) size 100x100
  LayoutBlockFlow (positioned) {DIV} at (0,240) size 100x100
