layer at (0,0) size 800x600
  LayoutView at (0,0) size 800x600
layer at (0,0) size 800x308
  LayoutBlockFlow {HTML} at (0,0) size 800x308
    LayoutBlockFlow {BODY} at (8,16) size 784x284
      LayoutBlockFlow {P} at (0,0) size 784x20
        LayoutText {#text} at (0,0) size 304x19
          text run at (0,0) width 304: "There must be two green boxes below and no red."
layer at (16,52) size 120x120
  LayoutBlockFlow (relative positioned) {DIV} at (8,36) size 120x120 [bgcolor=#008000]
layer at (26,62) size 80x100
  LayoutBlockFlow (positioned) {DIV} at (10,10) size 80x100 [bgcolor=#FF0000]
layer at (16,52) size 100x120
  LayoutBlockFlow (relative positioned) {DIV} at (0,0) size 100x120 [border: (10px solid #00000000)]
layer at (16,180) size 120x120
  LayoutBlockFlow (relative positioned) {DIV} at (8,164) size 120x120 [bgcolor=#008000]
layer at (16,180) size 100x120
  LayoutBlockFlow (relative positioned) {DIV} at (0,0) size 100x120 [border: (10px solid #00000000)]
layer at (26,190) size 80x100
  LayoutBlockFlow (positioned) {DIV} at (10,10) size 80x100
