layer at (0,0) size 800x600
  LayoutView at (0,0) size 800x600
layer at (0,0) size 800x310
  LayoutBlockFlow {HTML} at (0,0) size 800x310
    LayoutBlockFlow {BODY} at (8,16) size 784x286
      LayoutBlockFlow {P} at (0,0) size 784x20
        LayoutText {#text} at (0,0) size 445x19
          text run at (0,0) width 445: "Test passes if the center box in the table below has a border similar to this:"
      LayoutTable {TABLE} at (0,36) size 60x60 [border: (2px none #808080)]
        LayoutTableSection {TBODY} at (2,2) size 55x55
          LayoutTableRow {TR} at (0,0) size 55x55
            LayoutTableCell {TD} at (0,24) size 55x7 [border: (3px ridge #00FF00)] [r=0 c=0 rs=1 cs=1]
      LayoutTable {TABLE} at (0,116) size 170x170 [border: (2px none #808080)]
        LayoutTableSection {TBODY} at (2,2) size 165x165
          LayoutTableRow {TR} at (0,0) size 165x55
            LayoutTableCell {TD} at (0,14) size 55x27 [border: (3px ridge #00FF00)] [r=0 c=0 rs=1 cs=1]
              LayoutText {#text} at (4,4) size 30x19
                text run at (4,4) width 30: "ridge"
            LayoutTableCell {TD} at (55,14) size 55x27 [border: (3px ridge #00FF00)] [r=0 c=1 rs=1 cs=1]
              LayoutText {#text} at (4,4) size 30x19
                text run at (4,4) width 30: "ridge"
            LayoutTableCell {TD} at (110,14) size 55x27 [border: (3px ridge #00FF00)] [r=0 c=2 rs=1 cs=1]
              LayoutText {#text} at (4,4) size 30x19
                text run at (4,4) width 30: "ridge"
          LayoutTableRow {TR} at (0,55) size 165x55
            LayoutTableCell {TD} at (0,69) size 55x27 [border: (3px ridge #00FF00)] [r=1 c=0 rs=1 cs=1]
              LayoutText {#text} at (4,4) size 30x19
                text run at (4,4) width 30: "ridge"
            LayoutTableCell {TD} at (55,69) size 55x27 [border: (3px outset #FF0000)] [r=1 c=1 rs=1 cs=1]
              LayoutText {#text} at (4,4) size 36x19
                text run at (4,4) width 36: "outset"
            LayoutTableCell {TD} at (110,69) size 55x27 [border: (3px ridge #00FF00)] [r=1 c=2 rs=1 cs=1]
              LayoutText {#text} at (4,4) size 30x19
                text run at (4,4) width 30: "ridge"
          LayoutTableRow {TR} at (0,110) size 165x55
            LayoutTableCell {TD} at (0,124) size 55x27 [border: (3px ridge #00FF00)] [r=2 c=0 rs=1 cs=1]
              LayoutText {#text} at (4,4) size 30x19
                text run at (4,4) width 30: "ridge"
            LayoutTableCell {TD} at (55,124) size 55x27 [border: (3px ridge #00FF00)] [r=2 c=1 rs=1 cs=1]
              LayoutText {#text} at (4,4) size 30x19
                text run at (4,4) width 30: "ridge"
            LayoutTableCell {TD} at (110,124) size 55x27 [border: (3px ridge #00FF00)] [r=2 c=2 rs=1 cs=1]
              LayoutText {#text} at (4,4) size 30x19
                text run at (4,4) width 30: "ridge"
