layer at (0,0) size 800x600
  LayoutView at (0,0) size 800x600
layer at (0,0) size 800x300
  LayoutBlockFlow {HTML} at (0,0) size 800x300
    LayoutBlockFlow {BODY} at (8,16) size 784x276
      LayoutBlockFlow {P} at (0,0) size 784x20
        LayoutText {#text} at (0,0) size 619x19
          text run at (0,0) width 619: "Test passes if there is a blue and orange square below and there is no vertical gap between the squares."
      LayoutTable {DIV} at (0,36) size 120x240
        LayoutBlockFlow {DIV} at (0,0) size 120x120 [border: (10px solid #0000FF)]
        LayoutBlockFlow {DIV} at (0,120) size 120x120 [border: (10px solid #FFA500)]
