layer at (0,0) size 800x600
  LayoutView at (0,0) size 800x600
layer at (0,0) size 800x84
  LayoutBlockFlow {HTML} at (0,0) size 800x84
    LayoutBlockFlow {BODY} at (8,8) size 784x68
      LayoutTable {TABLE} at (0,0) size 110x68 [border: (2px none #808080)]
        LayoutBlockFlow {CAPTION} at (0,0) size 110x28 [border: (4px solid #008000)]
          LayoutText {#text} at (33,4) size 44x19
            text run at (33,4) width 44: "caption"
        LayoutTableSection {TBODY} at (2,30) size 106x36
          LayoutTableRow {TR} at (0,0) size 106x36
            LayoutTableCell {TD} at (0,5) size 106x26 [border: (2px solid #FFA500)] [r=0 c=0 rs=1 cs=1]
              LayoutText {#text} at (37,3) size 32x19
                text run at (37,3) width 32: "cell 1"
