layer at (0,0) size 800x600
  LayoutView at (0,0) size 800x600
layer at (0,0) size 800x52
  LayoutBlockFlow {HTML} at (0,0) size 800x52
    LayoutBlockFlow {BODY} at (8,16) size 784x20
      LayoutBlockFlow {P} at (0,0) size 784x20
        LayoutText {#text} at (0,0) size 144x19
          text run at (0,0) width 144: "There should be no red."
layer at (8,84) size 784x0
  LayoutBlockFlow (relative positioned) {DIV} at (0,36) size 784x0
layer at (8,116) size 784x0
  LayoutBlockFlow (relative positioned) {DIV} at (0,0) size 784x0
layer at (8,148) size 100x100
  LayoutBlockFlow (positioned) {DIV} at (0,32) size 100x100 [bgcolor=#FF0000]
layer at (8,148) size 100x100
  LayoutBlockFlow (positioned) {DIV} at (0,64) size 100x100 [bgcolor=#008000]
