layer at (0,0) size 800x600
  LayoutView at (0,0) size 800x600
layer at (0,0) size 800x258
  LayoutBlockFlow {HTML} at (0,0) size 800x258
    LayoutBlockFlow {BODY} at (8,16) size 784x234
      LayoutBlockFlow {P} at (0,0) size 784x20
        LayoutText {#text} at (0,0) size 460x19
          text run at (0,0) width 460: "Test passes if the blue box below is in the upper-left corner of the black box."
      LayoutBlockFlow {DIV} at (0,36) size 198x198 [border: (3px solid #000000)]
        LayoutText {#text} at (0,0) size 0x0
layer at (8,52) size 96x96
  LayoutInline (relative positioned) {SPAN} at (0,0) size 96x96 [color=#0000FF]
    LayoutText {#text} at (3,3) size 96x96
      text run at (3,3) width 96: "X"
