layer at (0,0) size 800x600
  LayoutView at (0,0) size 800x600
layer at (0,0) size 800x262
  LayoutBlockFlow {HTML} at (0,0) size 800x262
    LayoutBlockFlow {BODY} at (8,16) size 784x238
      LayoutBlockFlow {P} at (0,0) size 784x20
        LayoutText {#text} at (0,0) size 89x19
          text run at (0,0) width 89: "To pass, there "
        LayoutInline {STRONG} at (0,0) size 32x19
          LayoutText {#text} at (89,0) size 32x19
            text run at (89,0) width 32: "must"
        LayoutText {#text} at (121,0) size 268x19
          text run at (121,0) width 268: " be a green bar stacked on top of a blue bar."
      LayoutListItem {DIV} at (0,36) size 784x202 [color=#00FF00] [bgcolor=#00FF00]
        LayoutBlockFlow (anonymous) at (0,0) size 784x101
          LayoutListMarker (anonymous) at (-1,2) size 27x97: bullet
        LayoutBlockFlow {DIV} at (0,101) size 784x101 [bgcolor=#0000FF]
          LayoutText {#text} at (0,2) size 21x97
            text run at (0,2) width 21: " "
