layer at (0,0) size 800x600
  LayoutView at (0,0) size 800x600
layer at (0,0) size 800x80
  LayoutBlockFlow {HTML} at (0,0) size 800x80
    LayoutBlockFlow {BODY} at (8,16) size 784x56
      LayoutBlockFlow {P} at (0,0) size 784x20
        LayoutText {#text} at (0,0) size 417x19
          text run at (0,0) width 417: "Test passes if there is space between the blue and orange lines below."
      LayoutBlockFlow (anonymous) at (0,36) size 784x20
        LayoutInline {DIV} at (0,0) size 180x19 [border: none (5px solid #0000FF) none (5px solid #0000FF)]
          LayoutText {#text} at (0,0) size 0x0
          LayoutInline {DIV} at (0,0) size 70x19 [border: none (5px solid #FFA500) none (5px solid #FFA500)]
            LayoutText {#text} at (60,0) size 60x19
              text run at (60,0) width 60: "Filler Text"
          LayoutText {#text} at (0,0) size 0x0
        LayoutText {#text} at (0,0) size 0x0
