layer at (0,0) size 800x600
  LayoutView at (0,0) size 800x600
layer at (0,0) size 800x72
  LayoutBlockFlow {HTML} at (0,0) size 800x72
    LayoutBlockFlow {BODY} at (8,16) size 784x40
      LayoutBlockFlow {P} at (0,0) size 784x40
        LayoutText {#text} at (0,0) size 745x39
          text run at (0,0) width 745: "Test passes if there is space between the blue and orange lines below and there is a marker bullet on the left-hand side of the"
          text run at (0,20) width 72: "orange box."
layer at (8,72) size 340x340
  LayoutBlockFlow (positioned) {DIV} at (8,72) size 340x340 [border: (10px solid #0000FF)]
    LayoutListItem {DIV} at (60,60) size 220x220 [border: (10px solid #FFA500)]
      LayoutListMarker (anonymous) at (-18,10) size 7x19: bullet
