layer at (0,0) size 800x600
  LayoutView at (0,0) size 800x600
layer at (0,0) size 800x52
  LayoutBlockFlow {HTML} at (0,0) size 800x52
    LayoutBlockFlow {BODY} at (8,16) size 784x20
      LayoutBlockFlow {P} at (0,0) size 784x20
        LayoutText {#text} at (0,0) size 417x19
          text run at (0,0) width 417: "Test passes if there is space between the blue and orange lines below."
layer at (8,52) size 340x340
  LayoutBlockFlow (positioned) {DIV} at (8,52) size 340x340 [border: (10px solid #0000FF)]
    LayoutTable {DIV} at (60,60) size 220x220 [border: (10px solid #FFA500)]
      LayoutTableSection (anonymous) at (10,10) size 200x200
        LayoutTableRow {DIV} at (0,0) size 200x200
          LayoutTableCell {DIV} at (0,0) size 200x0 [r=0 c=0 rs=1 cs=1]
