layer at (0,0) size 800x600
  LayoutView at (0,0) size 800x600
layer at (0,0) size 800x80
  LayoutBlockFlow {HTML} at (0,0) size 800x80
    LayoutBlockFlow {BODY} at (8,16) size 784x56
      LayoutBlockFlow {P} at (0,0) size 784x20
        LayoutText {#text} at (0,0) size 216x19
          text run at (0,0) width 216: "Test passes if the box below is blue."
      LayoutBlockFlow (anonymous) at (0,36) size 784x20
        LayoutInline {DIV} at (0,0) size 60x19
          LayoutText {#text} at (0,0) size 60x19
            text run at (0,0) width 60: "Filler Text"
        LayoutText {#text} at (0,0) size 0x0
