layer at (0,0) size 800x600
  LayoutView at (0,0) size 800x600
layer at (0,0) size 800x171
  LayoutBlockFlow {HTML} at (0,0) size 800x171
    LayoutBlockFlow {BODY} at (8,16) size 784x147
      LayoutBlockFlow {P} at (0,0) size 784x20
        LayoutText {#text} at (0,0) size 216x19
          text run at (0,0) width 216: "Test passes if the box below is blue."
      LayoutBlockFlow (anonymous) at (0,36) size 784x111
        LayoutTable {DIV} at (0,15) size 96x96
          LayoutTableSection (anonymous) at (0,0) size 96x96
            LayoutTableRow {DIV} at (0,0) size 96x96
              LayoutTableCell {DIV} at (0,0) size 96x0 [r=0 c=0 rs=1 cs=1]
        LayoutText {#text} at (0,0) size 0x0
