layer at (0,0) size 800x600
  LayoutView at (0,0) size 800x600
layer at (0,0) size 800x247
  LayoutBlockFlow {HTML} at (0,0) size 800x247
    LayoutBlockFlow {BODY} at (8,16) size 784x216
      LayoutBlockFlow {P} at (0,0) size 784x20
        LayoutText {#text} at (0,0) size 378x19
          text run at (0,0) width 378: "There must be four evenly-spaced blue bars below and no red."
      LayoutBlockFlow {DIV} at (15,36) size 96x180 [border: (15px solid #FF0000) none (15px solid #FF0000) none]
        LayoutBlockFlow {DIV} at (0,0) size 96x180 [border: (15px solid #0000FF) none (15px solid #0000FF) none]
          LayoutTable {DIV} at (0,35) size 96x90 [bgcolor=#0000FF]
            LayoutBlockFlow {DIV} at (0,20) size 96x15
