layer at (0,0) size 800x600
  LayoutView at (0,0) size 800x600
layer at (0,0) size 800x300
  LayoutBlockFlow {HTML} at (0,0) size 800x300
    LayoutBlockFlow {BODY} at (8,16) size 784x276
      LayoutBlockFlow {P} at (0,0) size 784x20
        LayoutText {#text} at (0,0) size 608x19
          text run at (0,0) width 608: "Test passes if the top square below has \"Filler Text\" directly above it and the bottom square does not."
      LayoutTable {DIV} at (0,36) size 100x120
        LayoutBlockFlow {DIV} at (0,0) size 100x20
          LayoutText {#text} at (0,0) size 60x19
            text run at (0,0) width 60: "Filler Text"
        LayoutTableSection (anonymous) at (0,20) size 100x100
          LayoutTableRow {DIV} at (0,0) size 100x50
            LayoutTableCell {DIV} at (0,0) size 50x0 [bgcolor=#000000] [r=0 c=0 rs=1 cs=1]
            LayoutTableCell {DIV} at (50,0) size 50x0 [bgcolor=#000000] [r=0 c=1 rs=1 cs=1]
          LayoutTableRow {DIV} at (0,50) size 100x50
            LayoutTableCell {DIV} at (0,50) size 50x0 [bgcolor=#000000] [r=1 c=0 rs=1 cs=1]
            LayoutTableCell {DIV} at (50,50) size 50x0 [bgcolor=#000000] [r=1 c=1 rs=1 cs=1]
      LayoutBlockFlow {DIV} at (0,156) size 784x20
        LayoutText {#text} at (0,0) size 4x19
          text run at (0,0) width 4: " "
      LayoutTable {DIV} at (0,176) size 100x100
        LayoutTableSection (anonymous) at (0,0) size 100x100
          LayoutTableRow {DIV} at (0,0) size 100x50
            LayoutTableCell {DIV} at (0,0) size 50x0 [bgcolor=#000000] [r=0 c=0 rs=1 cs=1]
            LayoutTableCell {DIV} at (50,0) size 50x0 [bgcolor=#000000] [r=0 c=1 rs=1 cs=1]
          LayoutTableRow {DIV} at (0,50) size 100x50
            LayoutTableCell {DIV} at (0,50) size 50x0 [bgcolor=#000000] [r=1 c=0 rs=1 cs=1]
            LayoutTableCell {DIV} at (50,50) size 50x0 [bgcolor=#000000] [r=1 c=1 rs=1 cs=1]
