layer at (0,0) size 800x600
  LayoutView at (0,0) size 800x600
layer at (0,0) size 800x160
  LayoutBlockFlow {HTML} at (0,0) size 800x160
    LayoutBlockFlow {BODY} at (8,16) size 784x136
      LayoutBlockFlow {P} at (0,0) size 784x20
        LayoutText {#text} at (0,0) size 365x19
          text run at (0,0) width 365: "Test passes if the bottom of the \"Filler Text\" below is aligned."
      LayoutTable {TABLE} at (0,36) size 340x100
        LayoutTableSection {TBODY} at (0,0) size 340x100
          LayoutTableRow {TR} at (0,2) size 340x96
            LayoutTableCell {TD} at (2,27) size 53x18 [r=0 c=0 rs=1 cs=1]
              LayoutBlockFlow {DIV} at (1,1) size 51x16
                LayoutText {#text} at (0,0) size 51x15
                  text run at (0,0) width 51: "Filler Text"
            LayoutTableCell {TD} at (57,15) size 115x34 [r=0 c=1 rs=1 cs=1]
              LayoutBlockFlow {DIV} at (1,1) size 113x32
                LayoutText {#text} at (0,0) size 113x31
                  text run at (0,0) width 113: "Filler Text"
            LayoutTableCell {TD} at (174,2) size 164x50 [r=0 c=2 rs=1 cs=1]
              LayoutBlockFlow {DIV} at (1,1) size 162x48
                LayoutText {#text} at (0,1) size 162x46
                  text run at (0,1) width 162: "Filler Text"
