layer at (0,0) size 800x600
  LayoutView at (0,0) size 800x600
layer at (0,0) size 800x176
  LayoutBlockFlow {HTML} at (0,0) size 800x176
    LayoutBlockFlow {BODY} at (8,16) size 784x152
      LayoutBlockFlow {P} at (0,0) size 784x20
        LayoutText {#text} at (0,0) size 283x19
          text run at (0,0) width 283: "Test passes if the \"Filler Text\" is above the box."
      LayoutTable {DIV} at (0,36) size 96x116
        LayoutBlockFlow {DIV} at (0,0) size 96x20
          LayoutText {#text} at (0,0) size 60x19
            text run at (0,0) width 60: "Filler Text"
        LayoutTableSection (anonymous) at (0,20) size 96x96
          LayoutTableRow {DIV} at (0,0) size 96x48
            LayoutTableCell {DIV} at (0,0) size 48x0 [bgcolor=#000000] [r=0 c=0 rs=1 cs=1]
            LayoutTableCell {DIV} at (48,0) size 48x0 [bgcolor=#000000] [r=0 c=1 rs=1 cs=1]
          LayoutTableRow {DIV} at (0,48) size 96x48
            LayoutTableCell {DIV} at (0,48) size 48x0 [bgcolor=#000000] [r=1 c=0 rs=1 cs=1]
            LayoutTableCell {DIV} at (48,48) size 48x0 [bgcolor=#000000] [r=1 c=1 rs=1 cs=1]
