layer at (0,0) size 800x600
  LayoutView at (0,0) size 800x600
layer at (0,0) size 800x176
  LayoutBlockFlow {HTML} at (0,0) size 800x176
    LayoutTable {BODY} at (8,8) size 784x160
      LayoutTableSection (anonymous) at (0,60) size 784x60
        LayoutTableRow (anonymous) at (0,0) size 784x40
          LayoutTableCell {DIV} at (0,0) size 784x40 [r=0 c=0 rs=1 cs=1]
            LayoutText {#text} at (0,0) size 766x39
              text run at (0,0) width 766: "Test passes if the numbers above are in order from top-to-bottom (1-3) and the number below are in order from top-to-bottom"
              text run at (0,20) width 36: "(4-6)."
        LayoutTableRow {DIV} at (0,40) size 784x20 [color=#008000]
          LayoutTableCell (anonymous) at (0,40) size 784x20 [r=1 c=0 rs=1 cs=1]
            LayoutText {#text} at (0,0) size 168x19
              text run at (0,0) width 168: "4. This line should be green."
      LayoutBlockFlow {DIV} at (0,0) size 784x20 [color=#008000]
        LayoutText {#text} at (0,0) size 168x19
          text run at (0,0) width 168: "1. This line should be green."
      LayoutBlockFlow {DIV} at (0,20) size 784x20 [color=#008000]
        LayoutText {#text} at (0,0) size 168x19
          text run at (0,0) width 168: "2. This line should be green."
      LayoutTableSection (anonymous) at (0,120) size 784x20
        LayoutTableRow {DIV} at (0,0) size 784x20 [color=#008000]
          LayoutTableCell (anonymous) at (0,0) size 784x20 [r=0 c=0 rs=1 cs=1]
            LayoutText {#text} at (0,0) size 168x19
              text run at (0,0) width 168: "5. This line should be green."
      LayoutBlockFlow {DIV} at (0,40) size 784x20 [color=#008000]
        LayoutText {#text} at (0,0) size 168x19
          text run at (0,0) width 168: "3. This line should be green."
      LayoutTableSection (anonymous) at (0,140) size 784x20
        LayoutTableRow {DIV} at (0,0) size 784x20 [color=#008000]
          LayoutTableCell (anonymous) at (0,0) size 784x20 [r=0 c=0 rs=1 cs=1]
            LayoutText {#text} at (0,0) size 168x19
              text run at (0,0) width 168: "6. This line should be green."
