layer at (0,0) size 800x600
  LayoutView at (0,0) size 800x600
layer at (0,0) size 800x600
  LayoutBlockFlow {HTML} at (0,0) size 800x600
    LayoutBlockFlow {BODY} at (8,8) size 784x584
      LayoutBlockFlow {P} at (0,0) size 784x18
        LayoutText {#text} at (0,0) size 296x18
          text run at (0,0) width 296: "All gradients in a row should render the same."
      LayoutBlockFlow (anonymous) at (0,34) size 784x192
        LayoutBlockFlow {DIV} at (5,5) size 82x82 [border: (1px solid #808080)]
        LayoutText {#text} at (92,78) size 4x18
          text run at (92,78) width 4: " "
        LayoutBlockFlow {DIV} at (101,5) size 82x82 [border: (1px solid #808080)]
        LayoutText {#text} at (188,78) size 4x18
          text run at (188,78) width 4: " "
        LayoutBlockFlow {DIV} at (197,5) size 82x82 [border: (1px solid #808080)]
        LayoutText {#text} at (284,78) size 4x18
          text run at (284,78) width 4: " "
        LayoutBlockFlow {DIV} at (293,5) size 82x82 [border: (1px solid #808080)]
        LayoutText {#text} at (380,78) size 4x18
          text run at (380,78) width 4: " "
        LayoutBlockFlow {DIV} at (389,5) size 82x82 [border: (1px solid #808080)]
        LayoutText {#text} at (476,78) size 4x18
          text run at (476,78) width 4: " "
        LayoutBlockFlow {DIV} at (485,5) size 82x82 [border: (1px solid #808080)]
        LayoutText {#text} at (572,78) size 4x18
          text run at (572,78) width 4: " "
        LayoutBlockFlow {DIV} at (581,5) size 82x82 [border: (1px solid #808080)]
        LayoutText {#text} at (668,78) size 4x18
          text run at (668,78) width 4: " "
        LayoutBlockFlow {DIV} at (677,5) size 82x82 [border: (1px solid #808080)]
        LayoutText {#text} at (764,78) size 4x18
          text run at (764,78) width 4: " "
        LayoutBR {BR} at (768,92) size 0x0
        LayoutBlockFlow {DIV} at (5,101) size 82x82 [border: (1px solid #808080)]
        LayoutText {#text} at (92,174) size 4x18
          text run at (92,174) width 4: " "
        LayoutBlockFlow {DIV} at (101,101) size 82x82 [border: (1px solid #808080)]
        LayoutText {#text} at (188,174) size 4x18
          text run at (188,174) width 4: " "
        LayoutBlockFlow {DIV} at (197,101) size 82x82 [border: (1px solid #808080)]
        LayoutText {#text} at (284,174) size 4x18
          text run at (284,174) width 4: " "
        LayoutBlockFlow {DIV} at (293,101) size 82x82 [border: (1px solid #808080)]
        LayoutText {#text} at (380,174) size 4x18
          text run at (380,174) width 4: " "
        LayoutBlockFlow {DIV} at (389,101) size 82x82 [border: (1px solid #808080)]
        LayoutText {#text} at (476,174) size 4x18
          text run at (476,174) width 4: " "
        LayoutBlockFlow {DIV} at (485,101) size 82x82 [border: (1px solid #808080)]
        LayoutText {#text} at (572,174) size 4x18
          text run at (572,174) width 4: " "
        LayoutBlockFlow {DIV} at (581,101) size 82x82 [border: (1px solid #808080)]
        LayoutText {#text} at (668,174) size 4x18
          text run at (668,174) width 4: " "
        LayoutBlockFlow {DIV} at (677,101) size 82x82 [border: (1px solid #808080)]
        LayoutText {#text} at (0,0) size 0x0
