layer at (0,0) size 800x600
  LayoutView at (0,0) size 800x600
layer at (0,0) size 800x600
  LayoutBlockFlow {HTML} at (0,0) size 800x600
    LayoutBlockFlow {BODY} at (8,8) size 784x584
      LayoutBlockFlow {H1} at (0,0) size 784x74
        LayoutText {#text} at (0,0) size 703x74
          text run at (0,0) width 703: "Two gradients, one with zero radius that should not"
          text run at (0,37) width 83: "crash."
      LayoutBlockFlow {DIV} at (0,95.44) size 154x154 [border: (2px solid #000000)]
