layer at (0,0) size 800x600
  LayoutView at (0,0) size 800x600
layer at (0,0) size 800x496
  LayoutBlockFlow {HTML} at (0,0) size 800x496
    LayoutBlockFlow {BODY} at (8,8) size 784x480
      LayoutBlockFlow {DIV} at (2,2) size 82x52 [border: (1px solid #000000)]
      LayoutText {#text} at (86,42) size 4x18
        text run at (86,42) width 4: " "
      LayoutBlockFlow {DIV} at (92,2) size 82x52 [border: (1px solid #000000)]
      LayoutText {#text} at (176,42) size 4x18
        text run at (176,42) width 4: " "
      LayoutBlockFlow {DIV} at (182,2) size 82x52 [border: (1px solid #000000)]
      LayoutText {#text} at (266,42) size 4x18
        text run at (266,42) width 4: " "
      LayoutBlockFlow {DIV} at (272,2) size 82x52 [border: (1px solid #000000)]
      LayoutText {#text} at (356,42) size 4x18
        text run at (356,42) width 4: " "
      LayoutBlockFlow {DIV} at (362,2) size 82x52 [border: (1px solid #000000)]
      LayoutText {#text} at (446,42) size 4x18
        text run at (446,42) width 4: " "
      LayoutBlockFlow {DIV} at (452,2) size 82x52 [border: (1px solid #000000)]
      LayoutText {#text} at (536,42) size 4x18
        text run at (536,42) width 4: " "
      LayoutBlockFlow {DIV} at (542,2) size 82x52 [border: (1px solid #000000)]
      LayoutText {#text} at (626,42) size 4x18
        text run at (626,42) width 4: " "
      LayoutBlockFlow {DIV} at (632,2) size 82x52 [border: (1px solid #000000)]
      LayoutText {#text} at (716,42) size 4x18
        text run at (716,42) width 4: " "
      LayoutBR {BR} at (0,0) size 0x0
      LayoutBlockFlow {DIV} at (2,62) size 82x52 [border: (1px solid #000000)]
      LayoutText {#text} at (86,102) size 4x18
        text run at (86,102) width 4: " "
      LayoutBlockFlow {DIV} at (92,62) size 82x52 [border: (1px solid #000000)]
      LayoutText {#text} at (176,102) size 4x18
        text run at (176,102) width 4: " "
      LayoutBlockFlow {DIV} at (182,62) size 82x52 [border: (1px solid #000000)]
      LayoutText {#text} at (266,102) size 4x18
        text run at (266,102) width 4: " "
      LayoutBlockFlow {DIV} at (272,62) size 82x52 [border: (1px solid #000000)]
      LayoutText {#text} at (356,102) size 4x18
        text run at (356,102) width 4: " "
      LayoutBlockFlow {DIV} at (362,62) size 82x52 [border: (1px solid #000000)]
      LayoutText {#text} at (446,102) size 4x18
        text run at (446,102) width 4: " "
      LayoutBlockFlow {DIV} at (452,62) size 82x52 [border: (1px solid #000000)]
      LayoutText {#text} at (536,102) size 4x18
        text run at (536,102) width 4: " "
      LayoutBlockFlow {DIV} at (542,62) size 82x52 [border: (1px solid #000000)]
      LayoutText {#text} at (626,102) size 4x18
        text run at (626,102) width 4: " "
      LayoutBlockFlow {DIV} at (632,62) size 82x52 [border: (1px solid #000000)]
      LayoutText {#text} at (716,102) size 4x18
        text run at (716,102) width 4: " "
      LayoutBR {BR} at (0,0) size 0x0
      LayoutBlockFlow {DIV} at (2,122) size 82x52 [border: (1px solid #000000)]
      LayoutText {#text} at (86,162) size 4x18
        text run at (86,162) width 4: " "
      LayoutBlockFlow {DIV} at (92,122) size 82x52 [border: (1px solid #000000)]
      LayoutText {#text} at (176,162) size 4x18
        text run at (176,162) width 4: " "
      LayoutBlockFlow {DIV} at (182,122) size 82x52 [border: (1px solid #000000)]
      LayoutText {#text} at (266,162) size 4x18
        text run at (266,162) width 4: " "
      LayoutBlockFlow {DIV} at (272,122) size 82x52 [border: (1px solid #000000)]
      LayoutText {#text} at (356,162) size 4x18
        text run at (356,162) width 4: " "
      LayoutBlockFlow {DIV} at (362,122) size 82x52 [border: (1px solid #000000)]
      LayoutText {#text} at (446,162) size 4x18
        text run at (446,162) width 4: " "
      LayoutBlockFlow {DIV} at (452,122) size 82x52 [border: (1px solid #000000)]
      LayoutText {#text} at (536,162) size 4x18
        text run at (536,162) width 4: " "
      LayoutBlockFlow {DIV} at (542,122) size 82x52 [border: (1px solid #000000)]
      LayoutText {#text} at (626,162) size 4x18
        text run at (626,162) width 4: " "
      LayoutBlockFlow {DIV} at (632,122) size 82x52 [border: (1px solid #000000)]
      LayoutText {#text} at (716,162) size 4x18
        text run at (716,162) width 4: " "
      LayoutBR {BR} at (0,0) size 0x0
      LayoutBlockFlow {DIV} at (2,182) size 82x52 [border: (1px solid #000000)]
      LayoutText {#text} at (86,222) size 4x18
        text run at (86,222) width 4: " "
      LayoutBlockFlow {DIV} at (92,182) size 82x52 [border: (1px solid #000000)]
      LayoutText {#text} at (176,222) size 4x18
        text run at (176,222) width 4: " "
      LayoutBlockFlow {DIV} at (182,182) size 82x52 [border: (1px solid #000000)]
      LayoutText {#text} at (266,222) size 4x18
        text run at (266,222) width 4: " "
      LayoutBlockFlow {DIV} at (272,182) size 82x52 [border: (1px solid #000000)]
      LayoutText {#text} at (356,222) size 4x18
        text run at (356,222) width 4: " "
      LayoutBlockFlow {DIV} at (362,182) size 82x52 [border: (1px solid #000000)]
      LayoutText {#text} at (446,222) size 4x18
        text run at (446,222) width 4: " "
      LayoutBlockFlow {DIV} at (452,182) size 82x52 [border: (1px solid #000000)]
      LayoutText {#text} at (536,222) size 4x18
        text run at (536,222) width 4: " "
      LayoutBlockFlow {DIV} at (542,182) size 82x52 [border: (1px solid #000000)]
      LayoutText {#text} at (626,222) size 4x18
        text run at (626,222) width 4: " "
      LayoutBlockFlow {DIV} at (632,182) size 82x52 [border: (1px solid #000000)]
      LayoutText {#text} at (716,222) size 4x18
        text run at (716,222) width 4: " "
      LayoutBR {BR} at (0,0) size 0x0
      LayoutBlockFlow {DIV} at (2,242) size 82x52 [border: (1px solid #000000)]
      LayoutText {#text} at (86,282) size 4x18
        text run at (86,282) width 4: " "
      LayoutBlockFlow {DIV} at (92,242) size 82x52 [border: (1px solid #000000)]
      LayoutText {#text} at (176,282) size 4x18
        text run at (176,282) width 4: " "
      LayoutBlockFlow {DIV} at (182,242) size 82x52 [border: (1px solid #000000)]
      LayoutText {#text} at (266,282) size 4x18
        text run at (266,282) width 4: " "
      LayoutBlockFlow {DIV} at (272,242) size 82x52 [border: (1px solid #000000)]
      LayoutText {#text} at (356,282) size 4x18
        text run at (356,282) width 4: " "
      LayoutBlockFlow {DIV} at (362,242) size 82x52 [border: (1px solid #000000)]
      LayoutText {#text} at (446,282) size 4x18
        text run at (446,282) width 4: " "
      LayoutBlockFlow {DIV} at (452,242) size 82x52 [border: (1px solid #000000)]
      LayoutText {#text} at (536,282) size 4x18
        text run at (536,282) width 4: " "
      LayoutBlockFlow {DIV} at (542,242) size 82x52 [border: (1px solid #000000)]
      LayoutText {#text} at (626,282) size 4x18
        text run at (626,282) width 4: " "
      LayoutBlockFlow {DIV} at (632,242) size 82x52 [border: (1px solid #000000)]
      LayoutText {#text} at (716,282) size 4x18
        text run at (716,282) width 4: " "
      LayoutBR {BR} at (0,0) size 0x0
      LayoutBlockFlow {DIV} at (2,302) size 82x52 [border: (1px solid #000000)]
      LayoutText {#text} at (86,342) size 4x18
        text run at (86,342) width 4: " "
      LayoutBlockFlow {DIV} at (92,302) size 82x52 [border: (1px solid #000000)]
      LayoutText {#text} at (176,342) size 4x18
        text run at (176,342) width 4: " "
      LayoutBlockFlow {DIV} at (182,302) size 82x52 [border: (1px solid #000000)]
      LayoutText {#text} at (266,342) size 4x18
        text run at (266,342) width 4: " "
      LayoutBlockFlow {DIV} at (272,302) size 82x52 [border: (1px solid #000000)]
      LayoutText {#text} at (356,342) size 4x18
        text run at (356,342) width 4: " "
      LayoutBlockFlow {DIV} at (362,302) size 82x52 [border: (1px solid #000000)]
      LayoutText {#text} at (446,342) size 4x18
        text run at (446,342) width 4: " "
      LayoutBlockFlow {DIV} at (452,302) size 82x52 [border: (1px solid #000000)]
      LayoutText {#text} at (536,342) size 4x18
        text run at (536,342) width 4: " "
      LayoutBlockFlow {DIV} at (542,302) size 82x52 [border: (1px solid #000000)]
      LayoutText {#text} at (626,342) size 4x18
        text run at (626,342) width 4: " "
      LayoutBlockFlow {DIV} at (632,302) size 82x52 [border: (1px solid #000000)]
      LayoutText {#text} at (716,342) size 4x18
        text run at (716,342) width 4: " "
      LayoutBR {BR} at (0,0) size 0x0
      LayoutBlockFlow {DIV} at (2,362) size 82x52 [border: (1px solid #000000)]
      LayoutText {#text} at (86,402) size 4x18
        text run at (86,402) width 4: " "
      LayoutBlockFlow {DIV} at (92,362) size 82x52 [border: (1px solid #000000)]
      LayoutText {#text} at (176,402) size 4x18
        text run at (176,402) width 4: " "
      LayoutBlockFlow {DIV} at (182,362) size 82x52 [border: (1px solid #000000)]
      LayoutText {#text} at (266,402) size 4x18
        text run at (266,402) width 4: " "
      LayoutBlockFlow {DIV} at (272,362) size 82x52 [border: (1px solid #000000)]
      LayoutText {#text} at (356,402) size 4x18
        text run at (356,402) width 4: " "
      LayoutBlockFlow {DIV} at (362,362) size 82x52 [border: (1px solid #000000)]
      LayoutText {#text} at (446,402) size 4x18
        text run at (446,402) width 4: " "
      LayoutBlockFlow {DIV} at (452,362) size 82x52 [border: (1px solid #000000)]
      LayoutText {#text} at (536,402) size 4x18
        text run at (536,402) width 4: " "
      LayoutBlockFlow {DIV} at (542,362) size 82x52 [border: (1px solid #000000)]
      LayoutText {#text} at (626,402) size 4x18
        text run at (626,402) width 4: " "
      LayoutBlockFlow {DIV} at (632,362) size 82x52 [border: (1px solid #000000)]
      LayoutText {#text} at (716,402) size 4x18
        text run at (716,402) width 4: " "
      LayoutBR {BR} at (0,0) size 0x0
      LayoutBlockFlow {DIV} at (2,422) size 82x52 [border: (1px solid #000000)]
      LayoutText {#text} at (86,462) size 4x18
        text run at (86,462) width 4: " "
      LayoutBlockFlow {DIV} at (92,422) size 82x52 [border: (1px solid #000000)]
      LayoutText {#text} at (176,462) size 4x18
        text run at (176,462) width 4: " "
      LayoutBlockFlow {DIV} at (182,422) size 82x52 [border: (1px solid #000000)]
      LayoutText {#text} at (266,462) size 4x18
        text run at (266,462) width 4: " "
      LayoutBlockFlow {DIV} at (272,422) size 82x52 [border: (1px solid #000000)]
      LayoutText {#text} at (356,462) size 4x18
        text run at (356,462) width 4: " "
      LayoutBlockFlow {DIV} at (362,422) size 82x52 [border: (1px solid #000000)]
      LayoutText {#text} at (446,462) size 4x18
        text run at (446,462) width 4: " "
      LayoutBlockFlow {DIV} at (452,422) size 82x52 [border: (1px solid #000000)]
      LayoutText {#text} at (536,462) size 4x18
        text run at (536,462) width 4: " "
      LayoutBlockFlow {DIV} at (542,422) size 82x52 [border: (1px solid #000000)]
      LayoutText {#text} at (626,462) size 4x18
        text run at (626,462) width 4: " "
      LayoutBlockFlow {DIV} at (632,422) size 82x52 [border: (1px solid #000000)]
      LayoutText {#text} at (716,462) size 4x18
        text run at (716,462) width 4: " "
      LayoutBR {BR} at (0,0) size 0x0
