layer at (0,0) size 800x600
  LayoutView at (0,0) size 800x600
layer at (0,0) size 800x600
  LayoutBlockFlow {HTML} at (0,0) size 800x600
    LayoutBlockFlow {BODY} at (8,8) size 784x584
      LayoutBlockFlow {H1} at (0,0) size 784x37
        LayoutText {#text} at (0,0) size 353x37
          text run at (0,0) width 353: "Radial Gradient Example"
      LayoutBlockFlow {DIV} at (0,58.44) size 784x172
        LayoutBlockFlow {<pseudo:before>} at (0,0) size 154x154 [border: (2px solid #000000)]
          LayoutImage (anonymous) at (2,2) size 150x150
        LayoutBlockFlow (anonymous) at (0,154) size 784x18
          LayoutText {#text} at (0,0) size 272x18
            text run at (0,0) width 272: "There's some generated content above me."
      LayoutBlockFlow {H1} at (0,251.88) size 784x37
        LayoutText {#text} at (0,0) size 354x37
          text run at (0,0) width 354: "Linear Gradient Example"
      LayoutBlockFlow {DIV} at (0,310.31) size 784x152
        LayoutBlockFlow (anonymous) at (0,0) size 784x18
          LayoutText {#text} at (0,0) size 273x18
            text run at (0,0) width 273: "There's some generated content below me."
        LayoutBlockFlow {<pseudo:after>} at (0,18) size 134x134 [border: (2px solid #000000)]
          LayoutImage (anonymous) at (2,2) size 130x130
