layer at (0,0) size 800x600
  LayoutView at (0,0) size 800x600
layer at (0,0) size 800x600
  LayoutBlockFlow {HTML} at (0,0) size 800x600
    LayoutBlockFlow {BODY} at (8,8) size 784x576
      LayoutBlockFlow {UL} at (0,0) size 784x54
        LayoutListItem {LI} at (40,0) size 744x18
          LayoutListMarker (anonymous) at (-14,7) size 7x7
          LayoutText {#text} at (0,0) size 60x18
            text run at (0,0) width 60: "Item One"
        LayoutListItem {LI} at (40,18) size 744x18
          LayoutListMarker (anonymous) at (-14,7) size 7x7
          LayoutText {#text} at (0,0) size 62x18
            text run at (0,0) width 62: "Item Two"
        LayoutListItem {LI} at (40,36) size 744x18
          LayoutListMarker (anonymous) at (-14,7) size 7x7
          LayoutText {#text} at (0,0) size 71x18
            text run at (0,0) width 71: "Item Three"
