layer at (0,0) size 800x600
  LayoutView at (0,0) size 800x600
layer at (0,0) size 800x600
  LayoutBlockFlow {HTML} at (0,0) size 800x600
    LayoutBlockFlow {BODY} at (8,8) size 784x584
      LayoutBlockFlow (anonymous) at (0,0) size 784x18
        LayoutText {#text} at (0,0) size 647x18
          text run at (0,0) width 647: "The test passes if all four boxes have a radial gradient that's green in the center and black at the edge."
      LayoutBlockFlow {H1} at (0,39.44) size 784x37
        LayoutText {#text} at (0,0) size 724x37
          text run at (0,0) width 724: "Radial Gradients With One Center, Inner Radius > 0"
      LayoutBlockFlow (anonymous) at (0,97.88) size 784x154
        LayoutBlockFlow {DIV} at (0,0) size 150x150
        LayoutText {#text} at (150,136) size 4x18
          text run at (150,136) width 4: " "
        LayoutBlockFlow {DIV} at (154,0) size 150x150
        LayoutText {#text} at (0,0) size 0x0
      LayoutBlockFlow {H1} at (0,273.31) size 784x37
        LayoutText {#text} at (0,0) size 643x37
          text run at (0,0) width 643: "Radial Gradients With One, Inner Radius == 0"
      LayoutBlockFlow (anonymous) at (0,331.75) size 784x154
        LayoutBlockFlow {DIV} at (0,0) size 150x150
        LayoutText {#text} at (150,136) size 4x18
          text run at (150,136) width 4: " "
        LayoutBlockFlow {DIV} at (154,0) size 150x150
        LayoutText {#text} at (0,0) size 0x0
