layer at (0,0) size 800x600
  LayoutView at (0,0) size 800x600
layer at (0,0) size 800x508
  LayoutBlockFlow {HTML} at (0,0) size 800x508
    LayoutBlockFlow {BODY} at (8,8) size 784x492
      LayoutBlockFlow {DIV} at (20,20) size 202x202 [bgcolor=#00AACC] [border: (1px solid #808080)]
      LayoutText {#text} at (242,228) size 4x18
        text run at (242,228) width 4: " "
      LayoutBlockFlow {DIV} at (266,20) size 202x202 [border: (1px solid #808080)]
      LayoutText {#text} at (488,228) size 4x18
        text run at (488,228) width 4: " "
      LayoutBlockFlow {DIV} at (512,20) size 202x202 [border: (1px solid #808080)]
      LayoutText {#text} at (734,228) size 4x18
        text run at (734,228) width 4: " "
      LayoutBR {BR} at (738,228) size 0x18
      LayoutBlockFlow {DIV} at (20,266) size 202x202 [border: (1px solid #808080)]
      LayoutText {#text} at (242,474) size 4x18
        text run at (242,474) width 4: " "
      LayoutBlockFlow {DIV} at (266,266) size 202x202 [border: (1px solid #808080)]
      LayoutText {#text} at (488,474) size 4x18
        text run at (488,474) width 4: " "
      LayoutBlockFlow {DIV} at (512,266) size 202x202 [border: (1px solid #808080)]
      LayoutText {#text} at (0,0) size 0x0
