layer at (0,0) size 800x600
  LayoutView at (0,0) size 800x600
layer at (0,0) size 800x600
  LayoutBlockFlow {HTML} at (0,0) size 800x600
    LayoutBlockFlow {BODY} at (8,8) size 784x584
      LayoutBlockFlow {P} at (0,0) size 784x18
        LayoutText {#text} at (0,0) size 109x17
          text run at (0,0) width 109: "Test for revision "
        LayoutInline {A} at (0,0) size 49x17 [color=#0000EE]
          LayoutText {#text} at (108,0) size 49x17
            text run at (108,0) width 49: "#20574"
        LayoutText {#text} at (156,0) size 5x17
          text run at (156,0) width 5: "."
      LayoutBlockFlow {P} at (0,34) size 784x18
        LayoutText {#text} at (0,0) size 255x17
          text run at (0,0) width 255: "The two blue boxes should be identical."
      LayoutBlockFlow {DIV} at (0,68) size 106x42 [border: (3px solid #0000FF)]
        LayoutText {#text} at (3,3) size 10x17
          text run at (3,3) width 10: "L"
        LayoutInline {SPAN} at (0,0) size 41x17 [color=#008000] [bgcolor=#FFFF00]
          LayoutText {#text} at (12,3) size 41x17
            text run at (12,3) width 41: "o r"
        LayoutText {#text} at (52,3) size 100x35
          text run at (52,3) width 51: "e mi"
          text run at (3,21) width 69: "psumdolor"
      LayoutBlockFlow (anonymous) at (0,110) size 784x18
        LayoutBR {BR} at (0,0) size 0x17
      LayoutBlockFlow {DIV} at (0,128) size 106x42 [border: (3px solid #0000FF)]
        LayoutText {#text} at (3,3) size 100x35
          text run at (3,3) width 100: "Lo re mi"
          text run at (3,21) width 69: "psumdolor"
selection start: position 1 of child 0 {#text} of child 8 {DIV} of body
selection end:   position 4 of child 0 {#text} of child 8 {DIV} of body
