layer at (0,0) size 800x600
  LayoutView at (0,0) size 800x600
layer at (0,0) size 800x123
  LayoutBlockFlow {HTML} at (0,0) size 800x123
    LayoutBlockFlow {BODY} at (8,16) size 784x91
      LayoutBlockFlow {P} at (0,0) size 784x21
        LayoutInline {NOBR} at (0,0) size 196x17
          LayoutInline {B} at (0,0) size 25x17
            LayoutText {#text} at (0,3) size 25x17
              text run at (0,3) width 25: "\x{179C}\x{17C9}\x{17C2}\x{1794}"
          LayoutText {#text} at (24,3) size 5x17
            text run at (24,3) width 5: " "
          LayoutInline {A} at (0,0) size 51x17 [color=#0000EE]
            LayoutText {#text} at (28,3) size 51x17
              text run at (28,3) width 51: "\x{179A}\x{17BC}\x{1794}\x{1797}\x{17B6}\x{1796}"
          LayoutText {#text} at (78,3) size 5x17
            text run at (78,3) width 5: " "
          LayoutInline {A} at (0,0) size 32x17 [color=#0000EE]
            LayoutText {#text} at (82,3) size 32x17
              text run at (82,3) width 32: "\x{1780}\x{17D2}\x{179A}\x{17BB}\x{1798}"
          LayoutText {#text} at (113,3) size 5x17
            text run at (113,3) width 5: " "
          LayoutInline {A} at (0,0) size 79x17 [color=#0000EE]
            LayoutText {#text} at (117,3) size 79x17
              text run at (117,3) width 79: "\x{1790}\x{178F}\x{17AF}\x{1780}\x{179F}\x{17B6}\x{179A}"
        LayoutText {#text} at (0,0) size 0x0
      LayoutBlockFlow {P} at (0,37) size 784x54
        LayoutText {#text} at (0,0) size 542x17
          text run at (0,0) width 542: "Some Harfbuzz shapers will output cluster logs which suggest that some glyphs had "
        LayoutInline {I} at (0,0) size 17x17
          LayoutText {#text} at (541,0) size 17x17
            text run at (541,0) width 17: "no"
        LayoutText {#text} at (557,0) size 780x35
          text run at (557,0) width 223: " contributing code points. This test"
          text run at (0,18) width 178: "contains such text and uses "
        LayoutInline {TT} at (0,0) size 87x15
          LayoutText {#text} at (177,21) size 87x15
            text run at (177,21) width 87: "eventSender"
        LayoutText {#text} at (263,18) size 446x17
          text run at (263,18) width 446: " to select the text. You should see some of the above text selected and"
        LayoutInline {TT} at (0,0) size 78x15
          LayoutText {#text} at (0,39) size 78x15
            text run at (0,39) width 78: "test_shell"
        LayoutText {#text} at (78,36) size 262x17
          text run at (78,36) width 262: " shouldn't trigger any assertions or crash."
selection start: position 0 of child 0 {#text} of child 0 {B} of child 1 {NOBR} of child 1 {P} of body
selection end:   position 7 of child 0 {#text} of child 6 {A} of child 1 {NOBR} of child 1 {P} of body
