layer at (0,0) size 800x600
  LayoutView at (0,0) size 800x600
layer at (0,0) size 800x600
  LayoutBlockFlow {HTML} at (0,0) size 800x600
    LayoutBlockFlow {BODY} at (8,8) size 784x584
layer at (8,8) size 100x96
  LayoutBlockFlow {DIV} at (0,0) size 100x96 [color=#00000000]
    LayoutText {#text} at (0,0) size 99x96
      text run at (0,0) width 6: "i "
      text run at (5,0) width 10: "x "
      text run at (14,0) width 12: "m "
      text run at (25,0) width 9: "n "
      text run at (33,0) width 9: "o "
      text run at (41,0) width 10: "p "
      text run at (50,0) width 9: "q "
      text run at (58,0) width 7: "r "
      text run at (64,0) width 8: "s "
      text run at (71,0) width 7: "t "
      text run at (77,0) width 9: "u "
      text run at (85,0) width 7: "v"
      text run at (0,12) width 11: "w "
      text run at (10,12) width 9: "x "
      text run at (18,12) width 10: "y "
      text run at (27,12) width 8: "z "
      text run at (34,12) width 7: "i "
      text run at (40,12) width 9: "x "
      text run at (48,12) width 13: "m "
      text run at (60,12) width 9: "n "
      text run at (68,12) width 9: "o "
      text run at (76,12) width 9: "p "
      text run at (84,12) width 10: "q "
      text run at (93,12) width 4: "r"
      text run at (0,24) width 8: "s "
      text run at (7,24) width 6: "t "
      text run at (12,24) width 10: "u "
      text run at (21,24) width 9: "v "
      text run at (29,24) width 11: "w "
      text run at (40,24) width 9: "x "
      text run at (48,24) width 9: "y "
      text run at (56,24) width 9: "z "
      text run at (64,24) width 6: "i "
      text run at (69,24) width 10: "x "
      text run at (78,24) width 12: "m "
      text run at (89,24) width 6: "n"
      text run at (0,36) width 9: "o "
      text run at (8,36) width 9: "p "
      text run at (16,36) width 9: "q "
      text run at (24,36) width 8: "r "
      text run at (31,36) width 8: "s "
      text run at (38,36) width 6: "t "
      text run at (43,36) width 10: "u "
      text run at (52,36) width 9: "v "
      text run at (60,36) width 12: "w "
      text run at (71,36) width 9: "x "
      text run at (79,36) width 9: "y "
      text run at (87,36) width 9: "z "
      text run at (95,36) width 4: "i"
      text run at (0,48) width 9: "x "
      text run at (8,48) width 12: "m "
      text run at (19,48) width 9: "n "
      text run at (27,48) width 10: "o "
      text run at (36,48) width 9: "p "
      text run at (44,48) width 9: "q "
      text run at (52,48) width 7: "r "
      text run at (58,48) width 8: "s "
      text run at (65,48) width 7: "t "
      text run at (71,48) width 10: "u "
      text run at (80,48) width 9: "v "
      text run at (88,48) width 9: "w"
      text run at (0,60) width 9: "x "
      text run at (8,60) width 9: "y "
      text run at (16,60) width 9: "z "
      text run at (24,60) width 6: "i "
      text run at (29,60) width 10: "x "
      text run at (38,60) width 12: "m "
      text run at (49,60) width 9: "n "
      text run at (57,60) width 9: "o "
      text run at (65,60) width 10: "p "
      text run at (74,60) width 9: "q "
      text run at (82,60) width 7: "r "
      text run at (88,60) width 8: "s "
      text run at (95,60) width 4: "t"
      text run at (0,72) width 9: "u "
      text run at (8,72) width 9: "v "
      text run at (16,72) width 12: "w "
      text run at (27,72) width 9: "x "
      text run at (35,72) width 9: "y "
      text run at (43,72) width 9: "z "
      text run at (51,72) width 7: "i "
      text run at (57,72) width 9: "x "
      text run at (65,72) width 12: "m "
      text run at (76,72) width 9: "n "
      text run at (84,72) width 10: "o "
      text run at (93,72) width 6: "p"
      text run at (0,84) width 9: "q "
      text run at (8,84) width 7: "r "
      text run at (14,84) width 8: "s "
      text run at (21,84) width 7: "t "
      text run at (27,84) width 6: "u"
selection start: position 0 of child 0 {#text} of child 0 {DIV} of body
selection end:   position 271 of child 0 {#text} of child 0 {DIV} of body
