layer at (0,0) size 800x600
  LayoutView at (0,0) size 800x600
layer at (0,0) size 800x492
  LayoutNGBlockFlow {HTML} at (0,0) size 800x492
    LayoutNGBlockFlow {BODY} at (8,16) size 784x468
      LayoutNGBlockFlow {P} at (0,0) size 784x36
        LayoutText {#text} at (0,0) size 211x18
          text run at (0,0) width 211: "The word 'PASS' should be seen "
        LayoutInline {EM} at (0,0) size 35x18
          LayoutText {#text} at (210,0) size 35x18
            text run at (210,0) width 35: "twice"
        LayoutText {#text} at (244,0) size 715x36
          text run at (244,0) width 471: " below. They appear together because they are composited, and hence not"
          text run at (0,18) width 77: "fragmented."
layer at (8,68) size 208x416
  LayoutNGBlockFlow {DIV} at (0,52) size 208x416
    LayoutMultiColumnSet (anonymous) at (0,0) size 208x416
layer at (-240,68) size 456x128 backgroundClip at (8,0) size 792x204 clip at (8,0) size 792x204
  LayoutMultiColumnFlowThread (anonymous) at (0,0) size 456x128
    LayoutNGBlockFlow (anonymous) at (248,0) size 368x128
      LayoutBR {BR} at (183,0) size 0x0
      LayoutBR {BR} at (151,0) size 0x0
      LayoutBR {BR} at (119,0) size 0x0
      LayoutBR {BR} at (87,0) size 0x0
      LayoutBR {BR} at (55,0) size 0x0
      LayoutBR {BR} at (23,0) size 0x0
      LayoutBR {BR} at (0,0) size 0x0
      LayoutBR {BR} at (0,0) size 0x0
      LayoutBR {BR} at (0,0) size 0x0
      LayoutBR {BR} at (0,0) size 0x0
      LayoutBR {BR} at (0,0) size 0x0
layer at (0,64) size 160x288
  LayoutNGBlockFlow (positioned) {DIV} at (0,64) size 160x288 [bgcolor=#FFFF00]
layer at (-64,428) size 80x112 backgroundClip at (8,204) size 208x144 clip at (8,204) size 208x144
  LayoutNGBlockFlow (relative positioned) {DIV} at (408,216) size 80x112
    LayoutText {#text} at (23,0) size 18x37
      text run at (23,0) width 37: "PASS"
    LayoutBR {BR} at (23,36) size 0x0
    LayoutText {#text} at (0,0) size 0x0
