layer at (0,0) size 800x600
  LayoutView at (0,0) size 800x600
layer at (0,0) size 800x600
  LayoutBlockFlow {HTML} at (0,0) size 800x600
layer at (8,8) size 612x142
  LayoutBlockFlow (positioned) {BODY} at (8,8) size 612x142.44 [border: (1px solid #000000)]
    LayoutBlockFlow {H1} at (6,6) size 600x37
      LayoutText {#text} at (0,0) size 449x37
        text run at (0,0) width 449: "Word selection on right click test"
    LayoutBlockFlow (anonymous) at (6,64.44) size 600x72
      LayoutText {#text} at (0,0) size 590x36
        text run at (0,0) width 590: "This tests to make sure that right clicking non-editable content only creates a word selection"
        text run at (0,18) width 129: "for clicks over text. "
      LayoutInline {SPAN} at (0,0) size 18x18
        LayoutText {#text} at (128,18) size 18x18
          text run at (128,18) width 18: "To"
      LayoutText {#text} at (145,18) size 599x54
        text run at (145,18) width 418: " run manually, right click on text, and a word should be selected. "
        text run at (562,18) width 37: "Right"
        text run at (0,36) width 589: "click on the empty space outside and to the right of the black border, the selection should be"
        text run at (0,54) width 60: "removed."
caret: position 0 of child 0 {#text} of child 1 {H1} of body
