layer at (0,0) size 800x600
  LayoutView at (0,0) size 800x600
layer at (0,0) size 800x600
  LayoutBlockFlow {HTML} at (0,0) size 800x600
    LayoutBlockFlow {BODY} at (8,8) size 784x584
      LayoutBlockFlow {P} at (0,0) size 784x36
        LayoutText {#text} at (0,0) size 770x36
          text run at (0,0) width 551: "This is an automatic pixel test. To test interactively, drag selected text onto the iframe "
          text run at (551,0) width 215: "below and verify that a drag caret"
          text run at (766,0) width 4: " "
          text run at (0,18) width 160: "appears inside the frame."
      LayoutBlockFlow (anonymous) at (0,52) size 784x152
        LayoutText {#text} at (0,0) size 0x0
layer at (8,60) size 302x152
  LayoutIFrame {IFRAME} at (0,0) size 302x152 [border: (1px solid #000000)]
    layer at (0,0) size 300x150
      LayoutView at (0,0) size 300x150
    layer at (0,0) size 300x150
      LayoutBlockFlow {HTML} at (0,0) size 300x150
        LayoutBlockFlow {BODY} at (8,8) size 284x134
          LayoutInline {SPAN} at (0,0) size 38x18
            LayoutText {#text} at (0,0) size 38x18
              text run at (0,0) width 38: "There"
          LayoutText {#text} at (37,0) size 172x18
            text run at (37,0) width 172: " should be a caret here --> "
          LayoutBR {BR} at (208,14) size 1x0
          LayoutText {#text} at (0,18) size 44x18
            text run at (0,18) width 44: "See it?"
