EDITING DELEGATE: webViewDidChangeSelection:WebViewDidChangeSelectionNotification
EDITING DELEGATE: webViewDidChangeSelection:WebViewDidChangeSelectionNotification
layer at (0,0) size 800x600
  LayoutView at (0,0) size 800x600
layer at (0,0) size 800x600
  LayoutBlockFlow {HTML} at (0,0) size 800x600
    LayoutBlockFlow {BODY} at (8,8) size 784x584
      LayoutInline {SPAN} at (0,0) size 20x18
        LayoutText {#text} at (0,0) size 20x18
          text run at (0,0) width 20: "On"
      LayoutText {#text} at (19,0) size 743x36
        text run at (19,0) width 476: "ly the first two letters of the first word in this sentence should be selected. "
        text run at (494,0) width 245: "To run this test manually, double click"
        text run at (738,0) width 5: " "
        text run at (0,18) width 417: "between the first two letters of the first word of the first sentence."
selection start: position 0 of child 0 {#text} of child 0 {SPAN} of body
selection end:   position 2 of child 0 {#text} of child 0 {SPAN} of body
