layer at (0,0) size 800x600
  LayoutView at (0,0) size 800x600
layer at (0,0) size 800x576
  LayoutBlockFlow {HTML} at (0,0) size 800x576
    LayoutBlockFlow {BODY} at (8,16) size 784x52
      LayoutBlockFlow {P} at (0,0) size 784x18
        LayoutText {#text} at (0,0) size 709x18
          text run at (0,0) width 709: "This test checks that selection of linebreaks works as expected with the different directions and writing modes."
      LayoutBlockFlow {P} at (0,34) size 784x18
        LayoutText {#text} at (0,0) size 565x18
          text run at (0,0) width 565: "The test passes if you can visually see the linebreaks selection in the different examples."
layer at (18,94) size 226x226
  LayoutIFrame (floating) {IFRAME} at (10,78) size 226x226 [border: (3px solid #000000)]
    layer at (0,0) size 200x200
      LayoutView at (0,0) size 200x200
    layer at (0,0) size 200x157
      LayoutBlockFlow {HTML} at (0,0) size 200x157.44
        LayoutBlockFlow {BODY} at (8,18.72) size 184x130.72
          LayoutBlockFlow {H3} at (0,0) size 184x22
            LayoutText {#text} at (0,0) size 60x22
              text run at (0,0) width 60: "Default"
          LayoutBlockFlow {DIV} at (0,40.72) size 184x90
            LayoutText {#text} at (0,0) size 22x18
              text run at (0,0) width 22: "foo"
            LayoutBR {BR} at (21,0) size 1x18
            LayoutBR {BR} at (0,18) size 0x18
            LayoutBR {BR} at (0,36) size 0x18
            LayoutBR {BR} at (0,54) size 0x18
            LayoutText {#text} at (0,72) size 21x18
              text run at (0,72) width 21: "bar"
layer at (264,94) size 226x226
  LayoutIFrame (floating) {IFRAME} at (256,78) size 226x226 [border: (3px solid #000000)]
    layer at (0,0) size 200x200
      LayoutView at (0,0) size 200x200
    layer at (0,0) size 200x157
      LayoutBlockFlow {HTML} at (0,0) size 200x157.44
        LayoutBlockFlow {BODY} at (8,18.72) size 184x130.72
          LayoutBlockFlow {H3} at (0,0) size 184x22
            LayoutText {#text} at (0,0) size 38x22
              text run at (0,0) width 38: "RTL"
          LayoutBlockFlow {DIV} at (0,40.72) size 184x90
            LayoutText {#text} at (162,0) size 22x18
              text run at (162,0) width 22: "foo"
            LayoutBR {BR} at (162,0) size 1x18
            LayoutBR {BR} at (184,18) size 0x18
            LayoutBR {BR} at (184,36) size 0x18
            LayoutBR {BR} at (184,54) size 0x18
            LayoutText {#text} at (163,72) size 21x18
              text run at (163,72) width 21: "bar"
layer at (510,94) size 226x226
  LayoutIFrame (floating) {IFRAME} at (502,78) size 226x226 [border: (3px solid #000000)]
    layer at (0,0) size 200x200
      LayoutView at (0,0) size 200x200
    layer at (0,0) size 200x89
      LayoutBlockFlow {HTML} at (0,0) size 200x88.77
        LayoutBlockFlow {BODY} at (8,18.72) size 184x62.05
          LayoutBlockFlow {H3} at (0,0) size 184x22
            LayoutText {#text} at (0,0) size 80x22
              text run at (0,0) width 80: "vertical-lr"
          LayoutBlockFlow {DIV} at (0,40.72) size 90x21.33
            LayoutText {#text} at (0,0) size 18x22
              text run at (0,0) width 22: "foo"
            LayoutBR {BR} at (0,21) size 18x1
            LayoutBR {BR} at (18,0) size 18x0
            LayoutBR {BR} at (36,0) size 18x0
            LayoutBR {BR} at (54,0) size 18x0
            LayoutText {#text} at (72,0) size 18x21
              text run at (72,0) width 21: "bar"
layer at (18,340) size 226x226
  LayoutIFrame (floating) {IFRAME} at (10,324) size 226x226 [border: (3px solid #000000)]
    layer at (0,0) size 200x200
      LayoutView at (0,0) size 200x200
    layer at (0,0) size 200x89
      LayoutBlockFlow {HTML} at (0,0) size 200x88.77
        LayoutBlockFlow {BODY} at (8,18.72) size 184x62.05
          LayoutBlockFlow {H3} at (0,0) size 184x22
            LayoutText {#text} at (0,0) size 143x22
              text run at (0,0) width 143: "vertical-lr & RTL"
          LayoutBlockFlow {DIV} at (0,40.72) size 90x21.33
            LayoutText {#text} at (0,0) size 18x22
              text run at (0,0) width 22: "foo"
            LayoutBR {BR} at (0,0) size 18x0
            LayoutBR {BR} at (18,21) size 18x1
            LayoutBR {BR} at (36,21) size 18x1
            LayoutBR {BR} at (54,21) size 18x1
            LayoutText {#text} at (72,0) size 18x22
              text run at (72,0) width 21: "bar"
layer at (264,340) size 226x226
  LayoutIFrame (floating) {IFRAME} at (256,324) size 226x226 [border: (3px solid #000000)]
    layer at (0,0) size 200x200
      LayoutView at (0,0) size 200x200
    layer at (0,0) size 200x89
      LayoutBlockFlow {HTML} at (0,0) size 200x88.77
        LayoutBlockFlow {BODY} at (8,18.72) size 184x62.05
          LayoutBlockFlow {H3} at (0,0) size 184x22
            LayoutText {#text} at (0,0) size 80x22
              text run at (0,0) width 80: "vertical-rl"
          LayoutBlockFlow {DIV} at (0,40.72) size 90x21.33
            LayoutText {#text} at (0,0) size 18x22
              text run at (0,0) width 22: "foo"
            LayoutBR {BR} at (0,21) size 18x1
            LayoutBR {BR} at (18,0) size 18x0
            LayoutBR {BR} at (36,0) size 18x0
            LayoutBR {BR} at (54,0) size 18x0
            LayoutText {#text} at (72,0) size 18x21
              text run at (72,0) width 21: "bar"
layer at (510,340) size 226x226
  LayoutIFrame (floating) {IFRAME} at (502,324) size 226x226 [border: (3px solid #000000)]
    layer at (0,0) size 200x200
      LayoutView at (0,0) size 200x200
    layer at (0,0) size 200x89
      LayoutBlockFlow {HTML} at (0,0) size 200x88.77
        LayoutBlockFlow {BODY} at (8,18.72) size 184x62.05
          LayoutBlockFlow {H3} at (0,0) size 184x22
            LayoutText {#text} at (0,0) size 143x22
              text run at (0,0) width 143: "vertical-rl & RTL"
          LayoutBlockFlow {DIV} at (0,40.72) size 90x21.33
            LayoutText {#text} at (0,0) size 18x22
              text run at (0,0) width 22: "foo"
            LayoutBR {BR} at (0,0) size 18x0
            LayoutBR {BR} at (18,21) size 18x1
            LayoutBR {BR} at (36,21) size 18x1
            LayoutBR {BR} at (54,21) size 18x1
            LayoutText {#text} at (72,0) size 18x22
              text run at (72,0) width 21: "bar"
