layer at (0,0) size 800x600
  LayoutView at (0,0) size 800x600
layer at (0,0) size 800x600
  LayoutBlockFlow {HTML} at (0,0) size 800x600
    LayoutBlockFlow {BODY} at (8,8) size 784x584 [bgcolor=#CCCCCC]
      LayoutBlockFlow {P} at (0,0) size 784x20
        LayoutText {#text} at (0,0) size 355x19
          text run at (0,0) width 355: "The style declarations which apply to the text below are:"
      LayoutBlockFlow {PRE} at (0,36) size 784x64
        LayoutText {#text} at (0,0) size 248x64
          text run at (0,0) width 208: ".one {font-style: italic;}"
          text run at (208,0) width 0: " "
          text run at (0,16) width 216: ".two {font-style: oblique;}"
          text run at (216,16) width 0: " "
          text run at (0,32) width 248: ".three, I {font-style: normal;}"
          text run at (248,32) width 0: " "
          text run at (0,48) width 0: " "
      LayoutBlockFlow {HR} at (0,113) size 784x2 [border: (1px inset #EEEEEE)]
      LayoutBlockFlow {P} at (0,131) size 784x20
        LayoutText {#text} at (0,0) size 501x19
          text run at (0,0) width 501: "This paragraph should be in italics, but the last word of the sentence should be "
        LayoutInline {SPAN} at (0,0) size 45x19
          LayoutText {#text} at (500,0) size 45x19
            text run at (500,0) width 45: "normal"
        LayoutText {#text} at (544,0) size 5x19
          text run at (544,0) width 5: "."
      LayoutBlockFlow {P} at (0,167) size 784x20
        LayoutText {#text} at (0,0) size 219x19
          text run at (0,0) width 219: "This paragraph should be oblique."
      LayoutBlockFlow {P} at (0,203) size 784x20
        LayoutInline {I} at (0,0) size 212x19
          LayoutText {#text} at (0,0) size 212x19
            text run at (0,0) width 212: "This paragraph should be normal."
        LayoutText {#text} at (0,0) size 0x0
      LayoutTable {TABLE} at (0,239) size 571x130 [border: (1px outset #808080)]
        LayoutTableSection {TBODY} at (1,1) size 569x128
          LayoutTableRow {TR} at (0,0) size 569x28
            LayoutTableCell {TD} at (0,0) size 569x28 [bgcolor=#C0C0C0] [border: (1px inset #808080)] [r=0 c=0 rs=1 cs=2]
              LayoutInline {STRONG} at (0,0) size 161x19
                LayoutText {#text} at (4,4) size 161x19
                  text run at (4,4) width 161: "TABLE Testing Section"
          LayoutTableRow {TR} at (0,28) size 569x100
            LayoutTableCell {TD} at (0,64) size 12x28 [bgcolor=#C0C0C0] [border: (1px inset #808080)] [r=1 c=0 rs=1 cs=1]
              LayoutText {#text} at (4,4) size 4x19
                text run at (4,4) width 4: " "
            LayoutTableCell {TD} at (12,28) size 557x100 [border: (1px inset #808080)] [r=1 c=1 rs=1 cs=1]
              LayoutBlockFlow {P} at (4,4) size 549x20
                LayoutText {#text} at (0,0) size 501x19
                  text run at (0,0) width 501: "This paragraph should be in italics, but the last word of the sentence should be "
                LayoutInline {SPAN} at (0,0) size 45x19
                  LayoutText {#text} at (500,0) size 45x19
                    text run at (500,0) width 45: "normal"
                LayoutText {#text} at (544,0) size 5x19
                  text run at (544,0) width 5: "."
              LayoutBlockFlow {P} at (4,40) size 549x20
                LayoutText {#text} at (0,0) size 219x19
                  text run at (0,0) width 219: "This paragraph should be oblique."
              LayoutBlockFlow {P} at (4,76) size 549x20
                LayoutInline {I} at (0,0) size 212x19
                  LayoutText {#text} at (0,0) size 212x19
                    text run at (0,0) width 212: "This paragraph should be normal."
                LayoutText {#text} at (0,0) size 0x0
