layer at (0,0) size 800x600 clip at (0,0) size 785x600 scrollHeight 4396
  LayoutView at (0,0) size 800x600
layer at (0,0) size 785x4396 backgroundClip at (0,0) size 785x600 clip at (0,0) size 785x600
  LayoutBlockFlow {HTML} at (0,0) size 785x4396.33
    LayoutBlockFlow {BODY} at (8,8) size 769x4380.33 [bgcolor=#CCCCCC]
      LayoutBlockFlow {P} at (0,0) size 769x16
        LayoutText {#text} at (0,0) size 264x15
          text run at (0,0) width 264: "The style declarations which apply to the text below are:"
      LayoutBlockFlow {PRE} at (0,28) size 769x180
        LayoutText {#text} at (0,0) size 399x180
          text run at (0,0) width 162: "BODY {font-size: 12px;}"
          text run at (162,0) width 0: " "
          text run at (0,15) width 322: ".one {font: italic small-caps 13pt Helvetica;}"
          text run at (322,15) width 0: " "
          text run at (0,30) width 203: ".two {font: 150%/150% serif;}"
          text run at (203,30) width 0: " "
          text run at (0,45) width 252: ".three {font: 150%/150% sans-serif;}"
          text run at (252,45) width 0: " "
          text run at (0,60) width 231: ".four {font: small/200% cursive;}"
          text run at (231,60) width 0: " "
          text run at (0,75) width 399: ".five {font: italic small-caps 900 150%/150% sans-serif;}"
          text run at (399,75) width 0: " "
          text run at (0,90) width 392: ".six {font: italic small-caps 100 150%/300% sans-serif;}"
          text run at (392,90) width 0: " "
          text run at (0,105) width 392: ".seven {font: italic small-caps 900 150%/2em monospace;}"
          text run at (392,105) width 0: " "
          text run at (0,120) width 399: ".eight {font: italic small-caps 500 150%/1in sans-serif;}"
          text run at (399,120) width 0: " "
          text run at (0,135) width 378: ".nine {font: oblique normal 700 18px/200% sans-serif;}"
          text run at (378,135) width 0: " "
          text run at (0,150) width 301: ".ten {font: normal 400 80%/2.5 sans-serif;}"
          text run at (301,150) width 0: " "
          text run at (0,165) width 266: "SPAN.color {background-color: silver;}"
          text run at (266,165) width 0: " "
      LayoutBlockFlow {HR} at (0,220) size 769x2 [border: (1px inset #EEEEEE)]
      LayoutBlockFlow {P} at (0,234) size 769x16
        LayoutText {#text} at (0,0) size 706x15
          text run at (0,0) width 423: "This element is unstyled, and should inherit a font-size of 12px from the BODY element. "
          text run at (423,0) width 283: "This is the \"base font size\" referred to in the following tests."
      LayoutBlockFlow {P} at (0,267.33) size 769x21
        LayoutText {#text} at (0,0) size 496x20
          text run at (0,0) width 496: "This element should be 13pt. Helvetica which is in small-cap italics."
      LayoutBlockFlow {P} at (0,306.33) size 769x81
        LayoutText {#text} at (0,3) size 762x74
          text run at (0,3) width 282: "This element should be in a serif font. "
          text run at (282,3) width 480: "Its font-size should be 150% the base font size, and its line-height"
          text run at (0,30) width 423: "should 150% of that value (18px and 27px, respectively). "
          text run at (423,30) width 297: "Extra text is included for the purposes of"
          text run at (0,57) width 207: "testing this more effectively."
      LayoutBlockFlow {P} at (0,405.33) size 769x81
        LayoutText {#text} at (0,3) size 760x75
          text run at (0,3) width 348: "This element should be in a sans-serif font. "
          text run at (348,3) width 412: "Its font-size should be 150% the base font size, and"
          text run at (0,30) width 568: "its line-height should 150% of that value (18px and 27px, respectively). "
          text run at (568,30) width 192: "Extra text is included for"
          text run at (0,57) width 350: "the purposes of testing this more effectively."
      LayoutBlockFlow {P} at (0,504.33) size 769x80
        LayoutText {#text} at (0,4) size 746x44
          text run at (0,4) width 725: "This element should be in a cursive font, 'small' in size, with a line-height 200% the height of the text's actual size. "
          text run at (725,4) width 21: "For"
          text run at (0,30) width 193: "example, if the font-size value "
        LayoutInline {CODE} at (0,0) size 30x12
          LayoutText {#text} at (193,35) size 30x12
            text run at (193,35) width 30: "small"
        LayoutText {#text} at (223,30) size 736x46
          text run at (223,30) width 369: " is calculated at 10px, then the line-height should be 20px. "
          text run at (592,30) width 144: "The actual value of the"
          text run at (0,58) width 170: "font-size is UA-dependent. "
          text run at (170,58) width 445: "Extra text is included for the purposes of testing this more effectively."
      LayoutBlockFlow {P} at (0,602.33) size 769x108
        LayoutText {#text} at (0,3) size 750x102
          text run at (0,3) width 728: "This element should be in a sans-serif font, italicized and small caps, with a weight of 900. "
          text run at (727,3) width 23: "Its"
          text run at (0,30) width 747: "font-size should be 150% the base font size, and its line-height should be 150% of that value"
          text run at (0,57) width 246: "(18px and 27px, respectively). "
          text run at (245,57) width 481: "Extra text is included for the purposes of testing this more"
          text run at (0,84) width 95: "effectively."
      LayoutBlockFlow {P} at (0,728.33) size 769x216
        LayoutText {#text} at (0,16) size 745x184
          text run at (0,16) width 723: "This element should be in a sans-serif font, italicized and small caps, with a weight of 100. "
          text run at (722,16) width 23: "Its"
          text run at (0,70) width 743: "font-size should be 150% the base font size, and its line-height should be 300% of that value"
          text run at (0,124) width 244: "(18px and 54px, respectively). "
          text run at (243,124) width 480: "Extra text is included for the purposes of testing this more"
          text run at (0,178) width 93: "effectively."
      LayoutBlockFlow {P} at (0,962.33) size 769x144
        LayoutText {#text} at (0,8) size 750x128
          text run at (0,8) width 750: "This element should be in a monospace font, italicized and small caps, with a weight of"
          text run at (0,44) width 55: "900. "
          text run at (55,44) width 687: "Its font-size should be 150% the base font size, and its line-height should be"
          text run at (0,80) width 618: "2em, or twice the element's font size (18px and 36px, respectively). "
          text run at (618,80) width 113: "Extra text is"
          text run at (0,116) width 499: "included for the purposes of testing this more effectively."
      LayoutBlockFlow {P} at (0,1124.33) size 769x288
        LayoutText {#text} at (0,37) size 745x214
          text run at (0,37) width 723: "This element should be in a sans-serif font, italicized and small caps, with a weight of 500. "
          text run at (722,37) width 23: "Its"
          text run at (0,133) width 693: "font-size should be 150% the base font size, or 18px, and its line-height should be 1in. "
          text run at (693,133) width 47: "Extra"
          text run at (0,229) width 525: "text is included for the purposes of testing this more effectively."
      LayoutBlockFlow {P} at (0,1430.33) size 769x144
        LayoutText {#text} at (0,7) size 752x129
          text run at (0,7) width 752: "This element should be in a sans-serif font, oblique and not small-caps, with a weight of"
          text run at (0,43) width 40: "700. "
          text run at (40,43) width 665: "Its font-size should be 18 pixels, and its line-height should be 36px (200% this"
          text run at (0,79) width 176: "element's font size). "
          text run at (176,79) width 500: "Extra text is included for the purposes of testing this more"
          text run at (0,115) width 92: "effectively."
      LayoutBlockFlow {P} at (0,1592.33) size 769x46
        LayoutText {#text} at (0,5) size 754x36
          text run at (0,5) width 301: "This element should be in a sans-serif font, with a weight of 400. "
          text run at (301,5) width 453: "Its font-size should be 80% of 12px, or 9.6px, and its line-height shoud be 2.5 times that, or 24px."
          text run at (0,28) width 318: "Extra text is included for the purposes of testing this more effectively."
      LayoutBlockFlow {P} at (0,1656.33) size 769x270
        LayoutInline {SPAN} at (0,0) size 759x238 [bgcolor=#C0C0C0]
          LayoutText {#text} at (0,16) size 759x238
            text run at (0,16) width 723: "This element should be in a sans-serif font, italicized and small caps, with a weight of 100. "
            text run at (722,16) width 23: "Its"
            text run at (0,70) width 743: "font-size should be 150% the base font size, and its line-height should be 300% of that value"
            text run at (0,124) width 759: "(18px and 54px, respectively). The text should have a silver background. The background color"
            text run at (0,178) width 736: "has been set on an inline element and should therefore only cover the text, not the interline"
            text run at (0,232) width 64: "spacing."
        LayoutText {#text} at (0,0) size 0x0
      LayoutTable {TABLE} at (0,1944.33) size 769x2436 [border: (1px outset #808080)]
        LayoutTableSection {TBODY} at (1,1) size 767x2434
          LayoutTableRow {TR} at (0,0) size 767x28
            LayoutTableCell {TD} at (0,0) size 767x28 [bgcolor=#C0C0C0] [border: (1px inset #808080)] [r=0 c=0 rs=1 cs=2]
              LayoutInline {STRONG} at (0,0) size 161x19
                LayoutText {#text} at (4,4) size 161x19
                  text run at (4,4) width 161: "TABLE Testing Section"
          LayoutTableRow {TR} at (0,28) size 767x2406
            LayoutTableCell {TD} at (0,1217) size 12x28 [bgcolor=#C0C0C0] [border: (1px inset #808080)] [r=1 c=0 rs=1 cs=1]
              LayoutText {#text} at (4,4) size 4x19
                text run at (4,4) width 4: " "
            LayoutTableCell {TD} at (12,28) size 755x2406.33 [border: (1px inset #808080)] [r=1 c=1 rs=1 cs=1]
              LayoutBlockFlow {P} at (4,4) size 747x40
                LayoutText {#text} at (0,0) size 732x39
                  text run at (0,0) width 564: "This element is unstyled, and should inherit a font-size of 12px from the BODY element. "
                  text run at (564,0) width 168: "This is the \"base font size\""
                  text run at (0,20) width 204: "referred to in the following tests."
              LayoutBlockFlow {P} at (4,61.33) size 747x21
                LayoutText {#text} at (0,0) size 496x20
                  text run at (0,0) width 496: "This element should be 13pt. Helvetica which is in small-cap italics."
              LayoutBlockFlow {P} at (4,106.33) size 747x144
                LayoutText {#text} at (0,4) size 735x135
                  text run at (0,4) width 374: "This element should be in a serif font. "
                  text run at (374,4) width 361: "Its font-size should be 150% the base"
                  text run at (0,40) width 694: "font size, and its line-height should 150% of that value (18px and 27px,"
                  text run at (0,76) width 138: "respectively). "
                  text run at (138,76) width 563: "Extra text is included for the purposes of testing this more"
                  text run at (0,112) width 109: "effectively."
              LayoutBlockFlow {P} at (4,274.33) size 747x144
                LayoutText {#text} at (0,4) size 733x135
                  text run at (0,4) width 461: "This element should be in a sans-serif font. "
                  text run at (461,4) width 232: "Its font-size should be"
                  text run at (0,40) width 733: "150% the base font size, and its line-height should 150% of that value"
                  text run at (0,76) width 324: "(18px and 27px, respectively). "
                  text run at (324,76) width 399: "Extra text is included for the purposes"
                  text run at (0,112) width 320: "of testing this more effectively."
              LayoutBlockFlow {P} at (4,442.33) size 747x80
                LayoutText {#text} at (0,4) size 746x44
                  text run at (0,4) width 725: "This element should be in a cursive font, 'small' in size, with a line-height 200% the height of the text's actual size. "
                  text run at (725,4) width 21: "For"
                  text run at (0,30) width 193: "example, if the font-size value "
                LayoutInline {CODE} at (0,0) size 30x12
                  LayoutText {#text} at (193,35) size 30x12
                    text run at (193,35) width 30: "small"
                LayoutText {#text} at (223,30) size 736x46
                  text run at (223,30) width 369: " is calculated at 10px, then the line-height should be 20px. "
                  text run at (592,30) width 144: "The actual value of the"
                  text run at (0,58) width 170: "font-size is UA-dependent. "
                  text run at (170,58) width 445: "Extra text is included for the purposes of testing this more effectively."
              LayoutBlockFlow {P} at (4,546.33) size 747x180
                LayoutText {#text} at (0,4) size 721x172
                  text run at (0,4) width 713: "This element should be in a sans-serif font, italicized and small caps,"
                  text run at (0,40) width 226: "with a weight of 900. "
                  text run at (226,40) width 495: "Its font-size should be 150% the base font size,"
                  text run at (0,76) width 669: "and its line-height should be 150% of that value (18px and 27px,"
                  text run at (0,112) width 147: "respectively). "
                  text run at (146,112) width 562: "Extra text is included for the purposes of testing this"
                  text run at (0,148) width 175: "more effectively."
              LayoutBlockFlow {P} at (4,750.33) size 747x360
                LayoutText {#text} at (0,22) size 716x316
                  text run at (0,22) width 701: "This element should be in a sans-serif font, italicized and small caps,"
                  text run at (0,94) width 225: "with a weight of 100. "
                  text run at (225,94) width 491: "Its font-size should be 150% the base font size,"
                  text run at (0,166) width 661: "and its line-height should be 300% of that value (18px and 54px,"
                  text run at (0,238) width 146: "respectively). "
                  text run at (145,238) width 560: "Extra text is included for the purposes of testing this"
                  text run at (0,310) width 174: "more effectively."
              LayoutBlockFlow {P} at (4,1134.33) size 747x156
                LayoutText {#text} at (0,8) size 740x140
                  text run at (0,8) width 740: "This element should be in a monospace font, italicized and small caps, with a weight"
                  text run at (0,47) width 88: "of 900. "
                  text run at (88,47) width 620: "Its font-size should be 150% the base font size, and its line-height"
                  text run at (0,86) width 716: "should be 2em, or twice the element's font size (18px and 36px, respectively)."
                  text run at (0,125) width 636: "Extra text is included for the purposes of testing this more effectively."
              LayoutBlockFlow {P} at (4,1314.33) size 747x384
                LayoutText {#text} at (0,34) size 739x316
                  text run at (0,34) width 701: "This element should be in a sans-serif font, italicized and small caps,"
                  text run at (0,130) width 225: "with a weight of 500. "
                  text run at (225,130) width 491: "Its font-size should be 150% the base font size,"
                  text run at (0,226) width 433: "or 18px, and its line-height should be 1in. "
                  text run at (433,226) width 306: "Extra text is included for the"
                  text run at (0,322) width 427: "purposes of testing this more effectively."
              LayoutBlockFlow {P} at (4,1722.33) size 747x144
                LayoutText {#text} at (0,7) size 730x129
                  text run at (0,7) width 730: "This element should be in a sans-serif font, oblique and not small-caps, with a weight"
                  text run at (0,43) width 62: "of 700. "
                  text run at (62,43) width 665: "Its font-size should be 18 pixels, and its line-height should be 36px (200% this"
                  text run at (0,79) width 176: "element's font size). "
                  text run at (176,79) width 500: "Extra text is included for the purposes of testing this more"
                  text run at (0,115) width 92: "effectively."
              LayoutBlockFlow {P} at (4,1884.33) size 747x62
                LayoutText {#text} at (0,7) size 714x47
                  text run at (0,7) width 378: "This element should be in a sans-serif font, with a weight of 400. "
                  text run at (378,7) width 336: "Its font-size should be 80% of 12px, or 9.6px, and its line-"
                  text run at (0,38) width 235: "height shoud be 2.5 times that, or 24px. "
                  text run at (235,38) width 404: "Extra text is included for the purposes of testing this more effectively."
              LayoutBlockFlow {P} at (4,1970.33) size 747x432
                LayoutInline {SPAN} at (0,0) size 747x388 [bgcolor=#C0C0C0]
                  LayoutText {#text} at (0,22) size 747x388
                    text run at (0,22) width 701: "This element should be in a sans-serif font, italicized and small caps,"
                    text run at (0,94) width 225: "with a weight of 100. "
                    text run at (225,94) width 491: "Its font-size should be 150% the base font size,"
                    text run at (0,166) width 661: "and its line-height should be 300% of that value (18px and 54px,"
                    text run at (0,238) width 747: "respectively). The text should have a silver background. The background"
                    text run at (0,310) width 743: "color has been set on an inline element and should therefore only cover"
                    text run at (0,382) width 353: "the text, not the interline spacing."
                LayoutText {#text} at (0,0) size 0x0
