layer at (0,0) size 800x600
  LayoutView at (0,0) size 800x600
layer at (0,0) size 800x600
  LayoutBlockFlow {HTML} at (0,0) size 800x600
    LayoutBlockFlow {BODY} at (8,8) size 784x584 [bgcolor=#CCCCCC]
      LayoutBlockFlow {P} at (0,0) size 784x20
        LayoutText {#text} at (0,0) size 355x19
          text run at (0,0) width 355: "The style declarations which apply to the text below are:"
      LayoutBlockFlow {PRE} at (0,36) size 784x48
        LayoutText {#text} at (0,0) size 256x48
          text run at (0,0) width 256: ".one {font-variant: small-caps;}"
          text run at (256,0) width 0: " "
          text run at (0,16) width 224: ".two {font-variant: normal;}"
          text run at (224,16) width 0: " "
          text run at (0,32) width 0: " "
      LayoutBlockFlow {HR} at (0,97) size 784x2 [border: (1px inset #EEEEEE)]
      LayoutBlockFlow {P} at (0,115) size 784x20
        LayoutText {#text} at (0,0) size 268x19
          text run at (0,0) width 268: "This Paragraph should be in Small Caps."
      LayoutBlockFlow {P} at (0,151) size 784x20
        LayoutText {#text} at (0,0) size 574x19
          text run at (0,0) width 574: "This Paragraph should be in Small Caps, but the Last Word in the Sentence should be "
        LayoutInline {SPAN} at (0,0) size 48x19
          LayoutText {#text} at (574,0) size 48x19
            text run at (574,0) width 48: "Normal"
        LayoutText {#text} at (622,0) size 4x19
          text run at (622,0) width 4: "."
      LayoutTable {TABLE} at (0,187) size 648x94 [border: (1px outset #808080)]
        LayoutTableSection {TBODY} at (1,1) size 646x92
          LayoutTableRow {TR} at (0,0) size 646x28
            LayoutTableCell {TD} at (0,0) size 646x28 [bgcolor=#C0C0C0] [border: (1px inset #808080)] [r=0 c=0 rs=1 cs=2]
              LayoutInline {STRONG} at (0,0) size 161x19
                LayoutText {#text} at (4,4) size 161x19
                  text run at (4,4) width 161: "TABLE Testing Section"
          LayoutTableRow {TR} at (0,28) size 646x64
            LayoutTableCell {TD} at (0,46) size 12x28 [bgcolor=#C0C0C0] [border: (1px inset #808080)] [r=1 c=0 rs=1 cs=1]
              LayoutText {#text} at (4,4) size 4x19
                text run at (4,4) width 4: " "
            LayoutTableCell {TD} at (12,28) size 634x64 [border: (1px inset #808080)] [r=1 c=1 rs=1 cs=1]
              LayoutBlockFlow {P} at (4,4) size 626x20
                LayoutText {#text} at (0,0) size 268x19
                  text run at (0,0) width 268: "This Paragraph should be in Small Caps."
              LayoutBlockFlow {P} at (4,40) size 626x20
                LayoutText {#text} at (0,0) size 574x19
                  text run at (0,0) width 574: "This Paragraph should be in Small Caps, but the Last Word in the Sentence should be "
                LayoutInline {SPAN} at (0,0) size 48x19
                  LayoutText {#text} at (574,0) size 48x19
                    text run at (574,0) width 48: "Normal"
                LayoutText {#text} at (622,0) size 4x19
                  text run at (622,0) width 4: "."
