layer at (0,0) size 800x600
  LayoutView at (0,0) size 800x600
layer at (0,0) size 800x112
  LayoutBlockFlow {HTML} at (0,0) size 800x112
    LayoutBlockFlow {BODY} at (0,16) size 800x76
      LayoutBlockFlow {P} at (0,0) size 800x36
        LayoutText {#text} at (0,0) size 785x36
          text run at (0,0) width 785: "When a block element becomes a float we should not strip anonymous blocks wrapping its inline siblings if there are other"
          text run at (0,18) width 90: "blocks on the "
          text run at (89,18) width 587: "line. In this test case, the block is wrapped in an anonymous block as part of a continuation."
layer at (0,72) size 800x20
  LayoutBlockFlow (relative positioned) {DIV} at (0,56) size 800x20 [bgcolor=#CCCCCC]
    LayoutBlockFlow (anonymous) at (0,0) size 800x0
      LayoutInline {SPAN} at (0,0) size 0x0
        LayoutText {#text} at (0,0) size 0x0
    LayoutBlockFlow (anonymous) at (0,0) size 800x20
      LayoutBlockFlow {P} at (0,0) size 800x20
        LayoutText {#text} at (0,0) size 80x20
          text run at (0,0) width 80: "Text"
    LayoutBlockFlow (anonymous) at (0,40) size 800x0
      LayoutInline {SPAN} at (0,0) size 0x0
      LayoutText {#text} at (0,0) size 0x0
      LayoutBlockFlow (floating) {DD} at (800,0) size 0x0
