layer at (0,0) size 800x600
  LayoutView at (0,0) size 800x600
layer at (0,0) size 800x238
  LayoutBlockFlow {HTML} at (0,0) size 800x238
    LayoutBlockFlow {BODY} at (8,8) size 784x0
      LayoutBlockFlow (floating) {DIV} at (704.02,0) size 79.98x176
        LayoutBlockFlow {P} at (0,16) size 79.98x18
          LayoutText {#text} at (50,0) size 30x18
            text run at (50,0) width 30: "RTL"
        LayoutBlockFlow {DIV} at (0,50) size 79.98x18
          LayoutText {#text} at (37,0) size 43x18
            text run at (37,0) width 43: "abcdef"
        LayoutBlockFlow {DIV} at (0,68) size 79.98x18
          LayoutText {#text} at (37,0) size 43x18
            text run at (37,0) width 43: "abcdef"
        LayoutBlockFlow {DIV} at (0,86) size 79.98x18
          LayoutText {#text} at (37,0) size 43x18
            text run at (37,0) width 43: "abcdef"
        LayoutBlockFlow {DIV} at (0,104) size 79.98x18
          LayoutText {#text} at (37,0) size 43x18
            text run at (37,0) width 43: "abcdef"
        LayoutBlockFlow {DIV} at (0,122) size 79.98x18
          LayoutText {#text} at (37,0) size 43x18
            text run at (37,0) width 43: "abcdef"
        LayoutBlockFlow {DIV} at (0,140) size 79.98x36
          LayoutBlockFlow {DIV} at (0,0) size 79.98x18
            LayoutText {#text} at (0,0) size 43x18
              text run at (0,0) width 43: "abcdef"
            LayoutInline {SPAN} at (0,0) size 38x18
              LayoutText {#text} at (42,0) size 38x18
                text run at (42,0) width 38: "ghijkl"
          LayoutBlockFlow {DIV} at (0,18) size 79.98x18
            LayoutText {#text} at (30,0) size 50x18
              text run at (30,0) width 50: "mnopqr"
      LayoutBlockFlow (floating) {DIV} at (0,0) size 79.98x230
        LayoutBlockFlow {P} at (0,16) size 79.98x18
          LayoutText {#text} at (0,0) size 29x18
            text run at (0,0) width 29: "LTR"
        LayoutBlockFlow {DIV} at (0,50) size 79.98x18
          LayoutText {#text} at (0,0) size 43x18
            text run at (0,0) width 43: "abcdef"
        LayoutBlockFlow {DIV} at (0,68) size 79.98x18
          LayoutText {#text} at (0,0) size 43x18
            text run at (0,0) width 43: "abcdef"
        LayoutBlockFlow {DIV} at (0,86) size 79.98x18
          LayoutText {#text} at (0,0) size 43x18
            text run at (0,0) width 43: "abcdef"
        LayoutBlockFlow {DIV} at (0,104) size 79.98x18
          LayoutText {#text} at (0,0) size 43x18
            text run at (0,0) width 43: "abcdef"
        LayoutBlockFlow {DIV} at (0,122) size 79.98x18
          LayoutText {#text} at (0,0) size 43x18
            text run at (0,0) width 43: "abcdef"
        LayoutBlockFlow {DIV} at (0,140) size 79.98x18
          LayoutText {#text} at (0,0) size 43x18
            text run at (0,0) width 43: "abcdef"
        LayoutBlockFlow {DIV} at (0,158) size 79.98x18
          LayoutText {#text} at (0,0) size 43x18
            text run at (0,0) width 43: "abcdef"
        LayoutBlockFlow {DIV} at (0,176) size 79.98x18
          LayoutText {#text} at (0,0) size 43x18
            text run at (0,0) width 43: "abcdef"
        LayoutBlockFlow {DIV} at (0,194) size 79.98x36
          LayoutBlockFlow {DIV} at (0,0) size 79.98x18
            LayoutText {#text} at (0,0) size 43x18
              text run at (0,0) width 43: "abcdef"
            LayoutInline {SPAN} at (0,0) size 38x18
              LayoutText {#text} at (42,0) size 38x18
                text run at (42,0) width 38: "ghijkl"
          LayoutBlockFlow {DIV} at (0,18) size 79.98x18
            LayoutText {#text} at (0,0) size 50x18
              text run at (0,0) width 50: "mnopqr"
