layer at (0,0) size 800x600
  LayoutView at (0,0) size 800x600
layer at (478,0) size 322x166
  LayoutBlockFlow {HTML} at (0,0) size 322x166
    LayoutBlockFlow {BODY} at (8,8) size 306x150
      LayoutBlockFlow (anonymous) at (90,0) size 18x150
        LayoutBR {BR} at (0,0) size 18x0
      LayoutBlockFlow (anonymous) at (198,0) size 18x150
        LayoutBR {BR} at (0,0) size 18x0
layer at (762,8) size 30x150 scrollHeight 221
  LayoutBlockFlow {DIV} at (0,0) size 30x150
    LayoutText {#text} at (0,0) size 27x221
      text run at (0,0) width 221: "pppppppppppppppppp"
layer at (732,8) size 30x150 scrollHeight 221
  LayoutBlockFlow {DIV} at (30,0) size 30x150
    LayoutText {#text} at (0,0) size 27x221
      text run at (0,0) width 221: "pppppppppppppppppp"
layer at (702,8) size 30x150 scrollHeight 221
  LayoutBlockFlow {DIV} at (60,0) size 30x150
    LayoutText {#text} at (0,0) size 27x221
      text run at (0,0) width 221: "pppppppppppppppppp"
layer at (654,8) size 30x150 scrollHeight 221
  LayoutBlockFlow {DIV} at (108,0) size 30x150
    LayoutText {#text} at (0,0) size 27x221
      text run at (0,0) width 221: "pppppppppppppppppp"
layer at (624,8) size 30x150 scrollHeight 221
  LayoutBlockFlow {DIV} at (138,0) size 30x150
    LayoutText {#text} at (0,0) size 27x221
      text run at (0,0) width 221: "pppppppppppppppppp"
layer at (594,8) size 30x150 scrollHeight 221
  LayoutBlockFlow {DIV} at (168,0) size 30x150
    LayoutText {#text} at (0,0) size 27x221
      text run at (0,0) width 221: "pppppppppppppppppp"
layer at (546,8) size 30x150 scrollHeight 221
  LayoutBlockFlow {DIV} at (216,0) size 30x150
    LayoutText {#text} at (0,0) size 27x221
      text run at (0,0) width 221: "pppppppppppppppppp"
layer at (516,8) size 30x150 scrollHeight 221
  LayoutBlockFlow {DIV} at (246,0) size 30x150
    LayoutText {#text} at (0,0) size 27x221
      text run at (0,0) width 221: "pppppppppppppppppp"
layer at (486,8) size 30x150 scrollHeight 221
  LayoutBlockFlow {DIV} at (276,0) size 30x150
    LayoutText {#text} at (0,0) size 27x221
      text run at (0,0) width 221: "pppppppppppppppppp"
