layer at (0,0) size 800x600
  LayoutView at (0,0) size 800x600
layer at (0,0) size 800x130
  LayoutNGBlockFlow {HTML} at (0,0) size 800x130
    LayoutNGBlockFlow {BODY} at (8,8) size 784x114
      LayoutNGBlockFlow {P} at (0,0) size 784x20
        LayoutText {#text} at (0,0) size 52x19
          text run at (0,0) width 52: "Test for "
        LayoutInline {I} at (0,0) size 729x19
          LayoutText {#text} at (51,0) size 729x19
            text run at (51,0) width 729: "http://bugzilla.opendarwin.org/show_bug.cgi?id=6137 Disable kerning and some ligatures in the ATSUI code path"
        LayoutText {#text} at (779,0) size 5x19
          text run at (779,0) width 5: "."
      LayoutNGBlockFlow {P} at (0,36) size 784x20
        LayoutText {#text} at (0,0) size 708x19
          text run at (0,0) width 708: "The word \x{201C}dolor\x{201D} below should be highlighted in its entirety. The highlight should not extend beyond that word."
      LayoutNGBlockFlow {DIV} at (0,72) size 784x42
        LayoutNGBlockFlow (anonymous) at (0,14) size 784x28
          LayoutInline {SPAN} at (0,0) size 524x27
            LayoutText {#text} at (0,0) size 524x27
              text run at (0,0) width 524: "AVAVAVAVAVfififififififi Lorem ipsum dolor sit ame\x{300}t"
          LayoutText {#text} at (0,0) size 0x0
layer at (8,80) size 784x2 clip at (0,0) size 0x0
  LayoutNGBlockFlow {HR} at (0,0) size 784x2 [border: (1px inset #EEEEEE)]
selection start: position 37 of child 0 {#text} of child 3 {SPAN} of child 5 {DIV} of body
selection end:   position 42 of child 0 {#text} of child 3 {SPAN} of child 5 {DIV} of body
