layer at (0,0) size 800x600 clip at (0,0) size 785x600 scrollHeight 1267
  LayoutView at (0,0) size 800x600
layer at (0,0) size 785x1267 backgroundClip at (0,0) size 785x600 clip at (0,0) size 785x600
  LayoutBlockFlow {HTML} at (0,0) size 785x1267.19
    LayoutBlockFlow {BODY} at (8,17.41) size 769x1241.78 [color=#00FF00] [bgcolor=#333333]
      LayoutBlockFlow {H1} at (0,0) size 769x30
        LayoutText {#text} at (0,0) size 515x30
          text run at (0,0) width 515: "CSS2 Table Backgrounds Test Suite"
      LayoutBlockFlow {H2} at (0,47.41) size 769x23
        LayoutText {#text} at (0,0) size 246x23
          text run at (0,0) width 246: "Part E: Special Tests"
      LayoutBlockFlow {H3} at (0,86.58) size 769x17
        LayoutText {#text} at (0,0) size 110x17
          text run at (0,0) width 110: "opacity: 0.5"
      LayoutBlockFlow {UL} at (0,118.78) size 769x60
        LayoutListItem {LI} at (40,0) size 729x15
          LayoutListMarker (anonymous) at (-16,0) size 6x15: bullet
          LayoutText {#text} at (0,0) size 274x15
            text run at (0,0) width 274: "The first three rows should be red."
        LayoutListItem {LI} at (40,15) size 729x15
          LayoutListMarker (anonymous) at (-16,0) size 6x15: bullet
          LayoutText {#text} at (0,0) size 235x15
            text run at (0,0) width 235: "The last row should be orange."
        LayoutListItem {LI} at (40,30) size 729x30
          LayoutListMarker (anonymous) at (-16,0) size 6x15: bullet
          LayoutText {#text} at (0,0) size 679x30
            text run at (0,0) width 679: "Cell A should be purple. Cell P should also be purple, but of a shade that reflects the"
            text run at (0,15) width 297: "underlying orange rather than the red."
      LayoutBlockFlow {DL} at (0,191.78) size 769x90
        LayoutBlockFlow {DT} at (0,0) size 769x15
          LayoutText {#text} at (0,0) size 32x15
            text run at (0,0) width 32: "next"
        LayoutBlockFlow {DD} at (40,15) size 729x15
          LayoutInline {A} at (0,0) size 250x15 [color=#FFFF00]
            LayoutText {#text} at (0,0) size 250x15
              text run at (0,0) width 250: "Special Tests: Fixed Backgrounds"
          LayoutText {#text} at (0,0) size 0x0
        LayoutBlockFlow {DT} at (0,30) size 769x15
          LayoutText {#text} at (0,0) size 63x15
            text run at (0,0) width 63: "previous"
        LayoutBlockFlow {DD} at (40,45) size 729x15
          LayoutInline {A} at (0,0) size 398x15 [color=#FFFF00]
            LayoutText {#text} at (0,0) size 398x15
              text run at (0,0) width 398: "Background with Borders: Background on 'table-cell'"
          LayoutText {#text} at (0,0) size 0x0
        LayoutBlockFlow {DT} at (0,60) size 769x15
          LayoutText {#text} at (0,0) size 63x15
            text run at (0,0) width 63: "contents"
        LayoutBlockFlow {DD} at (40,75) size 729x15
          LayoutInline {A} at (0,0) size 133x15 [color=#FFFF00]
            LayoutText {#text} at (0,0) size 133x15
              text run at (0,0) width 133: "Table of Contents"
          LayoutText {#text} at (0,0) size 0x0
      LayoutTable {TABLE} at (0,294.78) size 618x466 [color=#000000] [bgcolor=#FFFFFF] [border: (1px dotted #000000)]
        LayoutBlockFlow {CAPTION} at (0,0) size 618x22 [color=#FFFFFF]
          LayoutText {#text} at (163,0) size 292x22
            text run at (163,0) width 292: "With 'border-collapse: separate'"
        LayoutTableCol {COLGROUP} at (0,0) size 0x0
          LayoutTableCol {COL} at (0,0) size 0x0
          LayoutTableCol {COL} at (0,0) size 0x0
          LayoutTableCol {COL} at (0,0) size 0x0
        LayoutTableCol {COLGROUP} at (0,0) size 0x0
          LayoutTableCol {COL} at (0,0) size 0x0
        LayoutTableSection {THEAD} at (1,23) size 616x114
        LayoutTableSection {TBODY} at (1,137) size 616x206
      LayoutTable {TABLE} at (0,760.78) size 578x432 [color=#000000] [bgcolor=#FFFFFF] [border: (6px dotted #000000)]
        LayoutBlockFlow {CAPTION} at (0,0) size 578x22 [color=#FFFFFF]
          LayoutText {#text} at (144,0) size 290x22
            text run at (144,0) width 290: "With 'border-collapse: collapse'"
        LayoutTableCol {COLGROUP} at (0,0) size 0x0
          LayoutTableCol {COL} at (0,0) size 0x0
          LayoutTableCol {COL} at (0,0) size 0x0
          LayoutTableCol {COL} at (0,0) size 0x0
        LayoutTableCol {COLGROUP} at (0,0) size 0x0
          LayoutTableCol {COL} at (0,0) size 0x0
        LayoutTableSection {THEAD} at (0,28) size 577x99
        LayoutTableSection {TBODY} at (0,127) size 577x190
      LayoutBlockFlow {DIV} at (0,1192.78) size 769x34
        LayoutInline {A} at (0,0) size 88x15 [color=#FFFF00]
          LayoutImage {IMG} at (0,0) size 88x31
        LayoutText {#text} at (0,0) size 0x0
      LayoutBlockFlow {ADDRESS} at (0,1226.78) size 769x15
        LayoutText {#text} at (0,0) size 687x15
          text run at (0,0) width 687: "CSS2 Table Backgrounds Test Suite designed and written by fantasai <fantasai@escape.com>"
layer at (9,342) size 616x100 transparent
  LayoutTableRow {TR} at (0,7) size 616x100 [bgcolor=#FF0000]
    LayoutTableCell {TH} at (144,32) size 220x50 [border: (13px dotted #000000)] [r=0 c=1 rs=1 cs=1]
      LayoutText {#text} at (87,14) size 46x22
        text run at (87,14) width 46: "TH B"
    LayoutTableCell {TH} at (371,55) size 118x4 [border: (1px dotted #000000)] [r=0 c=2 rs=1 cs=1]
    LayoutTableCell {TH} at (496,44) size 113x26 [border: (1px dotted #000000)] [r=0 c=3 rs=1 cs=1]
      LayoutText {#text} at (34,2) size 45x22
        text run at (34,2) width 45: "TH D"
layer at (16,342) size 130x100 transparent
  LayoutTableCell {TH} at (7,44) size 130x26 [bgcolor=#0000FF] [border: (1px dotted #000000)] [r=0 c=0 rs=1 cs=1]
    LayoutText {#text} at (42,2) size 46x22
      text run at (42,2) width 46: "TH A"
layer at (9,655) size 616x122 backgroundClip at (0,0) size 785x600 clip at (0,0) size 785x600 transparent
  LayoutTableSection {TFOOT} at (1,343) size 616x122 [bgcolor=#FFFF00]
layer at (9,655) size 616x115 backgroundClip at (0,0) size 785x600 clip at (0,0) size 785x600 transparent
  LayoutTableRow {TR} at (0,0) size 616x115 [bgcolor=#FF0000]
    LayoutTableCell {TD} at (7,44) size 357x26 [border: (1px dotted #000000)] [r=0 c=0 rs=1 cs=2]
      LayoutText {#text} at (2,2) size 47x22
        text run at (2,2) width 47: "TD M"
    LayoutTableCell {TD} at (371,44) size 118x26 [border: (1px dotted #000000)] [r=0 c=2 rs=1 cs=1]
      LayoutText {#text} at (2,2) size 46x22
        text run at (2,2) width 46: "TD O"
layer at (505,655) size 113x115 backgroundClip at (0,0) size 785x600 clip at (0,0) size 785x600 transparent
  LayoutTableCell {TD} at (496,44) size 113x26 [bgcolor=#0000FF] [border: (1px dotted #000000)] [r=0 c=3 rs=1 cs=1]
    LayoutText {#text} at (2,2) size 44x22
      text run at (2,2) width 44: "TD P"
layer at (9,449) size 616x108 transparent
  LayoutTableRow {TR} at (0,0) size 616x108 [bgcolor=#FF0000]
    LayoutTableCell {TD} at (7,74) size 130x50 [border: (13px dotted #000000)] [r=0 c=0 rs=2 cs=1]
      LayoutText {#text} at (14,14) size 44x22
        text run at (14,14) width 44: "TD E"
    LayoutTableCell {TD} at (144,41) size 220x26 [border: (1px dotted #000000)] [r=0 c=1 rs=1 cs=1]
      LayoutText {#text} at (2,2) size 43x22
        text run at (2,2) width 43: "TD F"
    LayoutTableCell {TD} at (371,41) size 118x26 [border: (1px dotted #000000)] [r=0 c=2 rs=1 cs=1]
      LayoutText {#text} at (2,2) size 46x22
        text run at (2,2) width 46: "TD G"
    LayoutTableCell {TD} at (496,41) size 113x26 [border: (1px dotted #000000)] [r=0 c=3 rs=1 cs=1]
      LayoutText {#text} at (2,2) size 45x22
        text run at (2,2) width 45: "TD H"
layer at (9,564) size 616x84 backgroundClip at (0,0) size 785x600 clip at (0,0) size 785x600 transparent
  LayoutTableRow {TR} at (0,115) size 616x84 [bgcolor=#FF0000]
    LayoutTableCell {TD} at (144,144) size 220x26 [border: (1px dotted #000000)] [r=1 c=1 rs=1 cs=1]
      LayoutText {#text} at (2,2) size 42x22
        text run at (2,2) width 42: "TD J"
    LayoutTableCell {TD} at (371,144) size 118x26 [border: (1px dotted #000000)] [r=1 c=2 rs=1 cs=1]
      LayoutText {#text} at (2,2) size 45x22
        text run at (2,2) width 45: "TD K"
    LayoutTableCell {TD} at (496,144) size 113x26 [border: (1px dotted #000000)] [r=1 c=3 rs=1 cs=1]
      LayoutText {#text} at (2,2) size 43x22
        text run at (2,2) width 43: "TD L"
layer at (8,806) size 577x99 backgroundClip at (0,0) size 785x600 clip at (0,0) size 785x600 transparent
  LayoutTableRow {TR} at (0,0) size 577x99 [bgcolor=#FF0000]
    LayoutTableCell {TH} at (135,31) size 207x37 [border: (7px dotted #000000)] [r=0 c=1 rs=1 cs=1]
      LayoutText {#text} at (81,8) size 46x22
        text run at (81,8) width 46: "TH B"
    LayoutTableCell {TH} at (342,48) size 123x3 [border: (1px dotted #000000)] [r=0 c=2 rs=1 cs=1]
    LayoutTableCell {TH} at (465,37) size 112x25 [border: (1px dotted #000000)] [r=0 c=3 rs=1 cs=1]
      LayoutText {#text} at (34,2) size 45x22
        text run at (34,2) width 45: "TH D"
layer at (8,806) size 135x99 backgroundClip at (0,0) size 785x600 clip at (0,0) size 785x600 transparent
  LayoutTableCell {TH} at (0,34) size 135x31 [bgcolor=#0000FF] [border: (1px dotted #000000)] [r=0 c=0 rs=1 cs=1]
    LayoutText {#text} at (42,2) size 46x22
      text run at (42,2) width 46: "TH A"
layer at (8,1095) size 577x114 backgroundClip at (0,0) size 785x600 clip at (0,0) size 785x600 transparent
  LayoutTableSection {TFOOT} at (0,317) size 577x114 [bgcolor=#FFFF00]
layer at (8,1095) size 577x114 backgroundClip at (0,0) size 785x600 clip at (0,0) size 785x600 transparent
  LayoutTableRow {TR} at (0,0) size 577x114 [bgcolor=#FF0000]
    LayoutTableCell {TD} at (0,41) size 342x31 [border: (7px dotted #000000)] [r=0 c=0 rs=1 cs=2]
      LayoutText {#text} at (2,8) size 47x22
        text run at (2,8) width 47: "TD M"
    LayoutTableCell {TD} at (342,44) size 123x25 [border: (1px dotted #000000)] [r=0 c=2 rs=1 cs=1]
      LayoutText {#text} at (2,2) size 46x22
        text run at (2,2) width 46: "TD O"
layer at (473,1095) size 112x114 backgroundClip at (0,0) size 785x600 clip at (0,0) size 785x600 transparent
  LayoutTableCell {TD} at (465,44) size 112x25 [bgcolor=#0000FF] [border: (1px dotted #000000)] [r=0 c=3 rs=1 cs=1]
    LayoutText {#text} at (2,2) size 44x22
      text run at (2,2) width 44: "TD P"
layer at (8,905) size 577x107 backgroundClip at (0,0) size 785x600 clip at (0,0) size 785x600 transparent
  LayoutTableRow {TR} at (0,0) size 577x107 [bgcolor=#FF0000]
    LayoutTableCell {TD} at (0,76) size 135x37 [border: (7px dotted #000000)] [r=0 c=0 rs=2 cs=1]
      LayoutText {#text} at (8,8) size 44x22
        text run at (8,8) width 44: "TD E"
    LayoutTableCell {TD} at (135,38) size 207x31 [border: (7px dotted #000000)] [r=0 c=1 rs=1 cs=1]
      LayoutText {#text} at (8,8) size 43x22
        text run at (8,8) width 43: "TD F"
    LayoutTableCell {TD} at (342,41) size 123x25 [border: (1px dotted #000000)] [r=0 c=2 rs=1 cs=1]
      LayoutText {#text} at (2,2) size 46x22
        text run at (2,2) width 46: "TD G"
    LayoutTableCell {TD} at (465,41) size 112x25 [border: (1px dotted #000000)] [r=0 c=3 rs=1 cs=1]
      LayoutText {#text} at (2,2) size 45x22
        text run at (2,2) width 45: "TD H"
layer at (8,1012) size 577x83 backgroundClip at (0,0) size 785x600 clip at (0,0) size 785x600 transparent
  LayoutTableRow {TR} at (0,107) size 577x83 [bgcolor=#FF0000]
    LayoutTableCell {TD} at (135,136) size 207x25 [border: (1px dotted #000000)] [r=1 c=1 rs=1 cs=1]
      LayoutText {#text} at (8,2) size 42x22
        text run at (8,2) width 42: "TD J"
    LayoutTableCell {TD} at (342,136) size 123x25 [border: (1px dotted #000000)] [r=1 c=2 rs=1 cs=1]
      LayoutText {#text} at (2,2) size 45x22
        text run at (2,2) width 45: "TD K"
    LayoutTableCell {TD} at (465,136) size 112x25 [border: (1px dotted #000000)] [r=1 c=3 rs=1 cs=1]
      LayoutText {#text} at (2,2) size 43x22
        text run at (2,2) width 43: "TD L"
