layer at (0,0) size 800x600
  LayoutView at (0,0) size 800x600
layer at (0,0) size 800x258
  LayoutBlockFlow {HTML} at (0,0) size 800x258
    LayoutBlockFlow {BODY} at (8,16) size 784x234
      LayoutBlockFlow {P} at (0,0) size 784x20
        LayoutText {#text} at (0,0) size 707x19
          text run at (0,0) width 707: "Test passes if the blue square in in the upper-right corner of the black rectangle and there is no red visible on the page."
layer at (8,52) size 390x198
  LayoutBlockFlow (relative positioned) {DIV} at (0,36) size 390x198 [border: (3px solid #000000)]
layer at (299,55) size 96x96
  LayoutBlockFlow (positioned) {DIV} at (291,3) size 96x96 [color=#0000FF] [bgcolor=#FF0000]
    LayoutText {#text} at (0,0) size 96x96
      text run at (0,0) width 96: "X"
