layer at (0,0) size 800x600
  LayoutView at (0,0) size 800x600
layer at (0,0) size 800x252
  LayoutBlockFlow {HTML} at (0,0) size 800x252
    LayoutBlockFlow {BODY} at (8,16) size 784x228
      LayoutBlockFlow {P} at (0,0) size 784x20
        LayoutText {#text} at (0,0) size 289x19
          text run at (0,0) width 289: "Test passes if there is no red visible on the page."
layer at (8,52) size 784x192
  LayoutBlockFlow (relative positioned) {DIV} at (0,36) size 784x192
layer at (8,52) size 306x102
  LayoutIFrame (positioned) {IFRAME} at (0,0) size 306x102 [border: (3px solid #FF0000)]
    layer at (0,0) size 300x96
      LayoutView at (0,0) size 300x96
    layer at (0,0) size 300x96
      LayoutBlockFlow {HTML} at (0,0) size 300x96
        LayoutBlockFlow {BODY} at (8,8) size 284x80
layer at (8,52) size 306x102
  LayoutBlockFlow (positioned) {DIV} at (0,0) size 306x102 [border: (3px solid #008000)]
