layer at (0,0) size 800x600
  LayoutView at (0,0) size 800x600
layer at (0,0) size 800x380
  LayoutBlockFlow {HTML} at (0,0) size 800x380
    LayoutBlockFlow {BODY} at (8,16) size 784x356
      LayoutBlockFlow {P} at (0,0) size 784x20
        LayoutText {#text} at (0,0) size 287x19
          text run at (0,0) width 287: "Test passes if there is one blue box on the page."
layer at (8,52) size 320x320 clip at (18,62) size 300x300
  LayoutBlockFlow (relative positioned) {DIV} at (0,36) size 320x320 [border: (10px solid #000000)]
layer at (18,162) size 150x150
  LayoutBlockFlow (positioned) {DIV} at (10,110) size 150x150 [bgcolor=#0000FF]
layer at (168,162) size 150x150
  LayoutBlockFlow (positioned) {DIV} at (160,110) size 150x150 [bgcolor=#0000FF]
