layer at (0,0) size 800x600
  LayoutView at (0,0) size 800x600
layer at (0,0) size 800x63
  LayoutBlockFlow {HTML} at (0,0) size 800x63
    LayoutBlockFlow {BODY} at (8,16) size 784x39
      LayoutBlockFlow {P} at (0,0) size 784x20
        LayoutText {#text} at (0,0) size 489x19
          text run at (0,0) width 489: "Test passes if there is a single blue box below and it does not touch the black line."
layer at (8,52) size 784x3
  LayoutBlockFlow (relative positioned) {DIV} at (0,36) size 784x3 [border: (3px solid #000000) none]
layer at (8,151) size 96x96
  LayoutImage (positioned) {IMG} at (0,99) size 96x96
layer at (104,151) size 96x96
  LayoutBlockFlow (positioned) {DIV} at (96,99) size 96x96 [bgcolor=#0000FF]
