layer at (0,0) size 800x600
  LayoutView at (0,0) size 800x600
layer at (0,0) size 800x72
  LayoutBlockFlow {HTML} at (0,0) size 800x72
    LayoutBlockFlow {BODY} at (8,16) size 784x40
      LayoutBlockFlow {P} at (0,0) size 784x40
        LayoutText {#text} at (0,0) size 774x39
          text run at (0,0) width 774: "Below, on the right edge of the page, there should be a green square. In the middle of such green square, a black horizontal stripe"
          text run at (0,20) width 587: "should be traversing it and protruding out of it toward the left. There should be no red in this page."
layer at (664,72) size 128x128
  LayoutBlockFlow (positioned) {DIV} at (664,72) size 128x128 [bgcolor=#FF0000]
    LayoutBlockFlow (floating) {DIV} at (0,0) size 128x128 [bgcolor=#008000]
      LayoutText {#text} at (-128,48) size 256x32
        text run at (-128,48) width 256: "XXXXXXXX"
