layer at (0,0) size 800x600
  LayoutView at (0,0) size 800x600
layer at (0,0) size 800x52
  LayoutBlockFlow {HTML} at (0,0) size 800x52
    LayoutBlockFlow {BODY} at (8,16) size 784x20
      LayoutBlockFlow {P} at (0,0) size 784x20
        LayoutText {#text} at (0,0) size 289x19
          text run at (0,0) width 289: "Test passes if there is no red visible on the page."
layer at (8,52) size 784x0
  LayoutBlockFlow (relative positioned) {DIV} at (0,36) size 784x0
layer at (8,148) size 306x6
  LayoutIFrame (positioned) {IFRAME} at (0,96) size 306x6 [border: (3px solid #FF0000)]
    layer at (0,0) size 300x0 scrollHeight 8
      LayoutView at (0,0) size 300x0
    layer at (0,0) size 285x8 backgroundClip at (0,0) size 0x0 clip at (0,0) size 0x0
      LayoutBlockFlow {HTML} at (0,0) size 285x8
        LayoutBlockFlow {BODY} at (8,8) size 269x0
layer at (8,148) size 306x6
  LayoutBlockFlow (positioned) {DIV} at (0,96) size 306x6 [border: (3px solid #008000)]
