layer at (0,0) size 800x600
  LayoutView at (0,0) size 800x600
layer at (0,0) size 800x105
  LayoutBlockFlow {HTML} at (0,0) size 800x105
    LayoutBlockFlow {BODY} at (8,16) size 784x81
      LayoutBlockFlow {P} at (0,0) size 784x20
        LayoutText {#text} at (0,0) size 133x19
          text run at (0,0) width 133: "There must be no red."
layer at (8,52) size 45x45
  LayoutBlockFlow (relative positioned) {DIV} at (0,36) size 45x45
    LayoutBlockFlow {DIV} at (0,0) size 45x15 [border: none (15px solid #FF0000) none]
    LayoutBlockFlow {DIV} at (0,15) size 45x15 [border: none (15px solid #FF0000)]
    LayoutBlockFlow {DIV} at (15,30) size 15x15 [bgcolor=#FF0000]
layer at (8,67) size 15x15
  LayoutImage (positioned) {IMG} at (0,15) size 15x15 [bgcolor=#FF0000]
layer at (23,82) size 15x15
  LayoutImage (positioned) {IMG} at (15,30) size 15x15 [bgcolor=#FF0000]
layer at (38,52) size 15x15
  LayoutImage (positioned) {IMG} at (30,0) size 15x15 [bgcolor=#FF0000]
