layer at (0,0) size 800x600
  LayoutView at (0,0) size 800x600
layer at (0,0) size 800x258
  LayoutBlockFlow {HTML} at (0,0) size 800x258
    LayoutBlockFlow {BODY} at (8,16) size 784x234
      LayoutBlockFlow {P} at (0,0) size 784x20
        LayoutText {#text} at (0,0) size 777x19
          text run at (0,0) width 777: "Test passes if the blue and orange boxes below are the same width, and the blue box is in the upper-right corner of the black box."
layer at (8,52) size 198x198
  LayoutBlockFlow (relative positioned) {DIV} at (0,36) size 198x198 [border: (3px solid #000000)]
    LayoutBlockFlow {DIV} at (99,99) size 96x96 [bgcolor=#FFA500]
layer at (107,55) size 96x96
  LayoutImage (positioned) {IMG} at (99,3) size 96x96
