layer at (0,0) size 800x600
  LayoutView at (0,0) size 800x600
layer at (0,0) size 800x81
  LayoutBlockFlow {HTML} at (0,0) size 800x81
    LayoutBlockFlow {BODY} at (8,16) size 784x57
      LayoutBlockFlow {P} at (0,0) size 784x20
        LayoutText {#text} at (0,0) size 522x19
          text run at (0,0) width 522: "Test passes if there is no white space between the blue box below and the orange lines."
      LayoutBlockFlow {DIV} at (0,36) size 96x21 [border: (3px solid #FFA500) none (3px solid #FFA500) none]
layer at (8,55) size 15x15
  LayoutImage (positioned) {IMG} at (8,55) size 15x15
