layer at (0,0) size 800x600
  LayoutView at (0,0) size 800x600
layer at (0,0) size 800x52
  LayoutBlockFlow {HTML} at (0,0) size 800x52
    LayoutBlockFlow {BODY} at (8,16) size 784x20
      LayoutBlockFlow {P} at (0,0) size 784x20
        LayoutText {#text} at (0,0) size 406x19
          text run at (0,0) width 406: "Test passes if the orange and blue boxes below are the same height."
layer at (8,52) size 784x0
  LayoutBlockFlow (relative positioned) {DIV} at (0,36) size 784x0
layer at (104,76) size 96x48
  LayoutBlockFlow (positioned) {DIV} at (96,24) size 96x48 [bgcolor=#0000FF]
layer at (8,76) size 96x48
  LayoutBlockFlow (positioned) {DIV} at (0,24) size 96x48 [bgcolor=#FFA500]
    LayoutText {#text} at (0,0) size 96x96
      text run at (0,0) width 96: " "
