layer at (0,0) size 800x600
  LayoutView at (0,0) size 800x600
layer at (0,0) size 800x258
  LayoutBlockFlow {HTML} at (0,0) size 800x258
    LayoutBlockFlow {BODY} at (8,16) size 784x234
      LayoutBlockFlow {P} at (0,0) size 784x20
        LayoutText {#text} at (0,0) size 582x19
          text run at (0,0) width 582: "Test passes if there is blue rectangle, and not a square, in the upper-right corner of the black box."
layer at (8,52) size 198x198
  LayoutBlockFlow (relative positioned) {DIV} at (0,36) size 198x198 [border: (3px solid #000000)]
layer at (107,55) size 96x48
  LayoutBlockFlow (positioned) {DIV} at (99,3) size 96x48 [bgcolor=#0000FF]
    LayoutText {#text} at (0,0) size 96x96
      text run at (0,0) width 96: " "
