layer at (0,0) size 800x600
  LayoutView at (0,0) size 800x600
layer at (0,0) size 800x258
  LayoutBlockFlow {HTML} at (0,0) size 800x258
    LayoutBlockFlow {BODY} at (8,16) size 784x234
      LayoutBlockFlow {P} at (0,0) size 784x20
        LayoutText {#text} at (0,0) size 636x19
          text run at (0,0) width 636: "Test passes if the blue box is horizontally centered inside black box and there is no red visible on the page."
layer at (8,52) size 294x198
  LayoutBlockFlow (relative positioned) {DIV} at (0,36) size 294x198 [border: (3px solid #000000)]
layer at (107,55) size 96x96
  LayoutBlockFlow (positioned) {DIV} at (99,3) size 96x96 [bgcolor=#0000FF]
