layer at (0,0) size 800x600
  LayoutView at (0,0) size 800x600
layer at (0,0) size 800x354
  LayoutBlockFlow {HTML} at (0,0) size 800x354
    LayoutBlockFlow {BODY} at (8,16) size 784x330
      LayoutBlockFlow {P} at (0,0) size 784x20
        LayoutText {#text} at (0,0) size 388x19
          text run at (0,0) width 388: "Test passes if the blue box is vertically centered in the black box."
layer at (8,52) size 294x294
  LayoutBlockFlow (relative positioned) {DIV} at (0,36) size 294x294 [border: (3px solid #000000)]
layer at (11,151) size 288x96
  LayoutBlockFlow (positioned) {DIV} at (3,99) size 288x96 [bgcolor=#0000FF]
