layer at (0,0) size 800x600
  LayoutView at (0,0) size 800x600
layer at (0,0) size 800x354
  LayoutBlockFlow {HTML} at (0,0) size 800x354
    LayoutBlockFlow {BODY} at (8,16) size 784x330
      LayoutBlockFlow {P} at (0,0) size 784x20
        LayoutText {#text} at (0,0) size 771x19
          text run at (0,0) width 771: "Test passes if the blue and orange boxes below are the same width, and the boxes are horizontally centered inside the black box."
layer at (8,52) size 198x294
  LayoutBlockFlow (relative positioned) {DIV} at (0,36) size 198x294 [border: (3px solid #000000)]
    LayoutBlockFlow {DIV} at (51,99) size 96x96 [bgcolor=#FFA500]
layer at (59,55) size 96x96
  LayoutImage (positioned) {IMG} at (51,3) size 96x96
