layer at (0,0) size 800x600
  LayoutView at (0,0) size 800x600
layer at (0,0) size 800x260
  LayoutBlockFlow {HTML} at (0,0) size 800x260
    LayoutBlockFlow {BODY} at (8,16) size 784x236
      LayoutBlockFlow {P} at (0,0) size 784x20
        LayoutText {#text} at (0,0) size 322x19
          text run at (0,0) width 322: "Test passes if there is a filled green square below and "
        LayoutInline {STRONG} at (0,0) size 43x19
          LayoutText {#text} at (321,0) size 43x19
            text run at (321,0) width 43: "no red"
        LayoutText {#text} at (363,0) size 5x19
          text run at (363,0) width 5: "."
      LayoutBlockFlow {DIV} at (0,36) size 400x200 [border: none (200px solid #FF0000) none]
        LayoutBlockFlow {DIV} at (0,0) size 400x200 [border: none (200px solid #008000) none]
