layer at (0,0) size 800x600
  LayoutView at (0,0) size 800x600
layer at (0,0) size 800x95
  LayoutBlockFlow {HTML} at (0,0) size 800x95
    LayoutBlockFlow {BODY} at (8,16) size 784x71
      LayoutBlockFlow {P} at (0,0) size 784x20
        LayoutText {#text} at (0,0) size 404x19
          text run at (0,0) width 404: "Test passes if the orange and blue boxes below are the same width."
      LayoutBlockFlow (anonymous) at (0,36) size 784x35
        LayoutBlockFlow {DIV} at (0,0) size 150x30 [bgcolor=#FFA500] [border: (5px solid #FFA500)]
          LayoutBlockFlow {DIV} at (15,5) size 120x20 [border: none (10px solid #FFA500) none (10px solid #FFA500)]
        LayoutText {#text} at (0,0) size 0x0
layer at (8,82) size 150x30
  LayoutBlockFlow (positioned) {DIV} at (8,82) size 150x30 [bgcolor=#0000FF]
