layer at (0,0) size 800x600
  LayoutView at (0,0) size 800x600
layer at (0,0) size 800x252
  LayoutBlockFlow {HTML} at (0,0) size 800x252
    LayoutBlockFlow {BODY} at (8,16) size 784x228
      LayoutBlockFlow {P} at (0,0) size 784x20
        LayoutText {#text} at (0,0) size 255x19
          text run at (0,0) width 255: "Test passes if there is a blue square below."
layer at (8,52) size 784x192
  LayoutBlockFlow (relative positioned) {DIV} at (0,36) size 784x192
    LayoutBlockFlow {DIV} at (0,0) size 96x192 [bgcolor=#0000FF] [border: (24px solid #0000FF) none (24px solid #0000FF) none]
      LayoutBlockFlow {DIV} at (0,48) size 96x48 [border: (24px solid #0000FF) none]
      LayoutBlockFlow {DIV} at (0,96) size 96x48 [border: none (24px solid #0000FF) none]
layer at (104,52) size 96x192
  LayoutBlockFlow (positioned) {DIV} at (96,0) size 96x192 [bgcolor=#0000FF]
