layer at (0,0) size 800x600 clip at (0,0) size 785x585
  LayoutView at (0,0) size 800x600
layer at (0,0) size 785x179
  LayoutBlockFlow {HTML} at (0,0) size 785x179
layer at (8,8) size 769x163 clip at (8,8) size 754x148
  LayoutBlockFlow {BODY} at (8,8) size 769x163
    LayoutBlockFlow {P} at (0,16) size 754x20
      LayoutText {#text} at (0,0) size 289x19
        text run at (0,0) width 289: "Test passes if there is no red visible on the page."
    LayoutBlockFlow {DIV} at (0,52) size 754x0 [bgcolor=#FF0000]
      LayoutBlockFlow (floating) {DIV} at (0,0) size 96x96
