layer at (0,0) size 800x600
  LayoutView at (0,0) size 800x600
layer at (0,0) size 800x140 layerType: background only
layer at (8,52) size 784x80
  LayoutBlockFlow (positioned) zI: -1 {DIV} at (0,0) size 784x80 [bgcolor=#FF0000]
    LayoutText zI: -1 {#text} at (0,30) size 11x19
      text run at (0,30) width 11: "X"
layer at (0,0) size 800x140 layerType: foreground only
  LayoutBlockFlow {HTML} at (0,0) size 800x140
    LayoutBlockFlow {BODY} at (8,16) size 784x116
      LayoutBlockFlow {P} at (0,0) size 784x20
        LayoutText {#text} at (0,0) size 581x19
          text run at (0,0) width 581: "Test passes if there is a wide bright green rectangle below with one \"X\" in it and if there is no red."
layer at (8,52) size 784x80
  LayoutBlockFlow (relative positioned) {DIV} at (0,36) size 784x80
    LayoutBlockFlow {DIV} at (0,0) size 784x80 [bgcolor=#00FF00]
      LayoutInline {SPAN} at (0,0) size 0x19
      LayoutText {#text} at (0,30) size 11x19
        text run at (0,30) width 11: "X"
