layer at (0,0) size 800x600
  LayoutView at (0,0) size 800x600
layer at (0,0) size 800x428 layerType: background only
layer at (8,132) size 528x144
  LayoutBlockFlow (relative positioned) zI: -1 {DIV} at (0,144) size 528x144 [border: (24px solid #FF0000)]
layer at (128,36) size 240x336
  LayoutBlockFlow (relative positioned) {DIV} at (120,24) size 240x336 [bgcolor=#FF0000] [border: (24px solid #FF0000)]
layer at (0,0) size 800x428 layerType: foreground only
  LayoutBlockFlow {HTML} at (0,0) size 800x428
    LayoutBlockFlow {BODY} at (8,16) size 784x404
      LayoutBlockFlow {P} at (0,0) size 784x20
        LayoutText {#text} at (0,0) size 289x19
          text run at (0,0) width 289: "Test passes if there is no red visible on the page."
      LayoutBlockFlow {DIV} at (0,116) size 784x288
        LayoutBlockFlow {DIV} at (0,0) size 528x144 [border: (24px solid #008000)]
          LayoutInline {SPAN} at (0,0) size 240x336 [bgcolor=#008000] [border: (24px solid #008000)]
          LayoutText {#text} at (0,0) size 0x0
