layer at (0,0) size 800x600
  LayoutView at (0,0) size 800x600
layer at (0,0) size 800x148
  LayoutBlockFlow {HTML} at (0,0) size 800x148
    LayoutBlockFlow {BODY} at (8,16) size 784x20
      LayoutBlockFlow {P} at (0,0) size 784x20
        LayoutText {#text} at (0,0) size 289x19
          text run at (0,0) width 289: "Test passes if there is no red visible on the page."
      LayoutBlockFlow (floating) {DIV} at (0,36) size 96x96 [color=#008000] [bgcolor=#FF0000]
        LayoutText {#text} at (0,0) size 96x96
          text run at (0,0) width 96: "X"
