layer at (0,0) size 800x600
  LayoutView at (0,0) size 800x600
layer at (0,0) size 800x258
  LayoutBlockFlow {HTML} at (0,0) size 800x258
    LayoutBlockFlow {BODY} at (8,16) size 784x234
      LayoutBlockFlow {P} at (0,0) size 784x20
        LayoutText {#text} at (0,0) size 427x19
          text run at (0,0) width 427: "Test passes if the blue box is horizontally centered inside the black box."
      LayoutBlockFlow {DIV} at (0,36) size 198x198 [border: (3px solid #000000)]
        LayoutBlockFlow (floating) {DIV} at (51,3) size 96x96 [bgcolor=#0000FF]
