layer at (0,0) size 800x600
  LayoutView at (0,0) size 800x600
layer at (0,0) size 800x354
  LayoutBlockFlow {HTML} at (0,0) size 800x354
    LayoutBlockFlow {BODY} at (8,16) size 784x330
      LayoutBlockFlow {P} at (0,0) size 784x20
        LayoutText {#text} at (0,0) size 769x19
          text run at (0,0) width 769: "Test passes if the blue and orange boxes below are the same width, and the blue box is in the upper-left corner of the black box."
      LayoutBlockFlow {DIV} at (0,36) size 198x294 [border: (3px solid #000000)]
        LayoutImage (floating) {IMG} at (3,3) size 96x96
        LayoutBlockFlow {DIV} at (3,99) size 96x96 [bgcolor=#FFA500]
