layer at (0,0) size 800x600
  LayoutView at (0,0) size 800x600
layer at (0,0) size 800x72
  LayoutBlockFlow {HTML} at (0,0) size 800x72
    LayoutBlockFlow {BODY} at (8,16) size 784x40
      LayoutBlockFlow {P} at (0,0) size 784x40
        LayoutText {#text} at (0,0) size 7x19
          text run at (0,0) width 7: "a"
        LayoutTable {SPAN} at (7,0) size 23x40
          LayoutTableSection (anonymous) at (0,0) size 23x40
            LayoutTableRow (anonymous) at (0,0) size 23x40
              LayoutTableCell (anonymous) at (0,0) size 23x40 [r=0 c=0 rs=1 cs=1]
                LayoutBlockFlow (anonymous) at (0,0) size 23x20
                  LayoutText {#text} at (0,0) size 23x19
                    text run at (0,0) width 23: "bcd"
                LayoutBlockFlow {SPAN} at (0,20) size 23x20
                  LayoutText {#text} at (0,0) size 7x19
                    text run at (0,0) width 7: "x"
        LayoutText {#text} at (30,0) size 7x19
          text run at (30,0) width 7: "e"
