layer at (0,0) size 800x600
  LayoutView at (0,0) size 800x600
layer at (0,0) size 800x260
  LayoutBlockFlow {HTML} at (0,0) size 800x260
    LayoutBlockFlow {BODY} at (8,16) size 784x236
      LayoutBlockFlow {P} at (0,0) size 784x20
        LayoutText {#text} at (0,0) size 184x19
          text run at (0,0) width 184: "There should be no red below."
      LayoutBlockFlow {DIV} at (0,36) size 600x200 [bgcolor=#FF0000]
        LayoutBlockFlow {P} at (0,0) size 600x100 [bgcolor=#008000]
          LayoutImage (floating) {IMG} at (0,0) size 100x100
          LayoutImage {IMG} at (0,100) size 600x100
          LayoutText {#text} at (0,0) size 0x0
