layer at (0,0) size 800x600
  LayoutView at (0,0) size 800x600
layer at (0,0) size 800x161
  LayoutBlockFlow {HTML} at (0,0) size 800x161
    LayoutBlockFlow {BODY} at (8,16) size 784x137
      LayoutBlockFlow {P} at (0,0) size 784x20
        LayoutText {#text} at (0,0) size 406x19
          text run at (0,0) width 406: "Test passes if the blue and orange boxes below are the same height."
layer at (8,52) size 784x101
  LayoutBlockFlow (relative positioned) {DIV} at (0,36) size 784x101
    LayoutBlockFlow {DIV} at (0,0) size 96x96 [bgcolor=#0000FF]
      LayoutBlockFlow {DIV} at (0,0) size 96x96
    LayoutText {#text} at (0,0) size 0x0
    LayoutText {#text} at (0,0) size 0x0
layer at (104,52) size 96x96
  LayoutBlockFlow (positioned) {DIV} at (96,0) size 96x96 [bgcolor=#FFA500]
