layer at (0,0) size 800x600
  LayoutView at (0,0) size 800x600
layer at (0,0) size 800x75
  LayoutBlockFlow {HTML} at (0,0) size 800x75
    LayoutBlockFlow {BODY} at (8,16) size 784x51
      LayoutBlockFlow {P} at (0,0) size 784x20
        LayoutText {#text} at (0,0) size 406x19
          text run at (0,0) width 406: "Test passes if the blue and orange boxes below are the same height."
layer at (8,52) size 784x15
  LayoutBlockFlow (relative positioned) {DIV} at (0,36) size 784x15
    LayoutImage {IMG} at (0,0) size 15x15
    LayoutText {#text} at (0,0) size 0x0
    LayoutText {#text} at (0,0) size 0x0
layer at (23,52) size 15x15
  LayoutBlockFlow (positioned) {DIV} at (15,0) size 15x15 [bgcolor=#FFA500]
