layer at (0,0) size 800x600
  LayoutView at (0,0) size 800x600
layer at (0,0) size 800x168
  LayoutBlockFlow {HTML} at (0,0) size 800x168
    LayoutBlockFlow {BODY} at (8,16) size 784x136
      LayoutBlockFlow {P} at (0,0) size 784x20
        LayoutText {#text} at (0,0) size 568x19
          text run at (0,0) width 568: "Below, there should be 2 orange boxes horizontally centered within their respective green bars."
      LayoutBlockFlow {DIV} at (16,36) size 752x42 [bgcolor=#008000]
        LayoutBlockFlow (anonymous) at (0,0) size 752x20
          LayoutText {#text} at (0,0) size 36x19
            text run at (0,0) width 36: "         "
        LayoutButton {INPUT} at (368,20) size 16x22 [bgcolor=#FFA500] [border: (2px outset #C0C0C0)]
      LayoutBlockFlow {FORM} at (0,94) size 784x42
        LayoutBlockFlow {DIV} at (16,0) size 752x42 [bgcolor=#008000]
          LayoutBlockFlow (anonymous) at (0,0) size 752x20
            LayoutText {#text} at (0,0) size 36x19
              text run at (0,0) width 36: "         "
          LayoutButton {INPUT} at (368,20) size 16x22 [bgcolor=#FFA500] [border: (2px outset #C0C0C0)]
