layer at (0,0) size 800x600 scrollHeight 871
  LayoutView at (0,0) size 800x600
layer at (0,0) size 800x807 backgroundClip at (0,0) size 800x600 clip at (0,0) size 800x600
  LayoutBlockFlow {HTML} at (0,0) size 800x807
    LayoutBlockFlow {BODY} at (8,8) size 242x784 [border: (1px dashed #C0C0C0)]
      LayoutBlockFlow {P} at (1,17) size 240x32
        LayoutText {#text} at (0,-2) size 237x35
          text run at (0,-2) width 237: "The following six blue boxes must be of"
          text run at (0,14) width 231: "the same width. There must be no red."
      LayoutBlockFlow {P} at (17,65) size 208x48 [bgcolor=#008000] [border: (16px solid #0000FF)]
        LayoutText {#text} at (16,14) size 4x19
          text run at (16,14) width 4: " "
      LayoutBlockFlow {P} at (1,209) size 240x16
        LayoutText {#text} at (0,-2) size 24x19
          text run at (0,-2) width 24: "      "
        LayoutText {#text} at (0,0) size 0x0
      LayoutBlockFlow {P} at (1,321) size 240x16
      LayoutTable (anonymous) at (1,433) size 240x79
        LayoutTableSection (anonymous) at (0,0) size 240x79
          LayoutTableRow (anonymous) at (0,0) size 240x79
            LayoutTableCell {P} at (0,0) size 240x79 [r=0 c=0 rs=1 cs=1]
      LayoutTable {TABLE} at (1,608) size 240x79
        LayoutTableSection {TBODY} at (0,0) size 240x79
          LayoutTableRow {TR} at (0,0) size 240x79
            LayoutTableCell {TD} at (0,0) size 240x79 [r=0 c=0 rs=1 cs=1]
      LayoutBlockFlow (floating) {P} at (1,783) size 240x16
layer at (25,217) size 208x76
  LayoutEmbeddedObject {OBJECT} at (16,0) size 208x76 [bgcolor=#FF0000] [border: (16px solid #0000FF)]
    layer at (0,0) size 176x44
      LayoutView at (0,0) size 176x44
    layer at (0,0) size 176x44
      LayoutSVGRoot {svg} at (0,0) size 176x44
        LayoutSVGRect {rect} at (0,0) size 1000x250 [stroke={[type=SOLID] [color=#008000] [stroke width=12.00]}] [fill={[type=SOLID] [color=#00FF00]}] [x=0.00] [y=0.00] [width=1000.00] [height=250.00]
        LayoutSVGPath {path} at (150,50) size 700x150 [fill={[type=SOLID] [color=#008000]}] [data="M 500 50 L 150 200 L 850 200 Z"]
layer at (25,329) size 208x76
  LayoutEmbeddedObject {OBJECT} at (16,0) size 208x76 [bgcolor=#FF0000] [border: (16px solid #0000FF)]
    layer at (0,0) size 176x44
      LayoutView at (0,0) size 176x44
    layer at (0,0) size 176x44
      LayoutSVGRoot {svg} at (0,0) size 176x44
        LayoutSVGRect {rect} at (0,0) size 1000x250 [stroke={[type=SOLID] [color=#008000] [stroke width=12.00]}] [fill={[type=SOLID] [color=#00FF00]}] [x=0.00] [y=0.00] [width=1000.00] [height=250.00]
        LayoutSVGPath {path} at (150,50) size 700x150 [fill={[type=SOLID] [color=#008000]}] [data="M 500 50 L 150 200 L 850 200 Z"]
layer at (25,441) size 208x76
  LayoutEmbeddedObject {OBJECT} at (16,0) size 208x76 [bgcolor=#FF0000] [border: (16px solid #0000FF)]
    layer at (0,0) size 176x44
      LayoutView at (0,0) size 176x44
    layer at (0,0) size 176x44
      LayoutSVGRoot {svg} at (0,0) size 176x44
        LayoutSVGRect {rect} at (0,0) size 1000x250 [stroke={[type=SOLID] [color=#008000] [stroke width=12.00]}] [fill={[type=SOLID] [color=#00FF00]}] [x=0.00] [y=0.00] [width=1000.00] [height=250.00]
        LayoutSVGPath {path} at (150,50) size 700x150 [fill={[type=SOLID] [color=#008000]}] [data="M 500 50 L 150 200 L 850 200 Z"]
layer at (25,616) size 208x76 backgroundClip at (0,0) size 800x600 clip at (0,0) size 800x600
  LayoutEmbeddedObject {OBJECT} at (16,0) size 208x76 [bgcolor=#FF0000] [border: (16px solid #0000FF)]
    layer at (0,0) size 176x44
      LayoutView at (0,0) size 176x44
    layer at (0,0) size 176x44
      LayoutSVGRoot {svg} at (0,0) size 176x44
        LayoutSVGRect {rect} at (0,0) size 1000x250 [stroke={[type=SOLID] [color=#008000] [stroke width=12.00]}] [fill={[type=SOLID] [color=#00FF00]}] [x=0.00] [y=0.00] [width=1000.00] [height=250.00]
        LayoutSVGPath {path} at (150,50) size 700x150 [fill={[type=SOLID] [color=#008000]}] [data="M 500 50 L 150 200 L 850 200 Z"]
layer at (25,791) size 208x76 backgroundClip at (0,0) size 800x600 clip at (0,0) size 800x600
  LayoutEmbeddedObject {OBJECT} at (16,0) size 208x76 [bgcolor=#FF0000] [border: (16px solid #0000FF)]
    layer at (0,0) size 176x44
      LayoutView at (0,0) size 176x44
    layer at (0,0) size 176x44
      LayoutSVGRoot {svg} at (0,0) size 176x44
        LayoutSVGRect {rect} at (0,0) size 1000x250 [stroke={[type=SOLID] [color=#008000] [stroke width=12.00]}] [fill={[type=SOLID] [color=#00FF00]}] [x=0.00] [y=0.00] [width=1000.00] [height=250.00]
        LayoutSVGPath {path} at (150,50) size 700x150 [fill={[type=SOLID] [color=#008000]}] [data="M 500 50 L 150 200 L 850 200 Z"]
