layer at (0,0) size 800x600
  LayoutView at (0,0) size 800x600
layer at (0,0) size 800x165
  LayoutBlockFlow {HTML} at (0,0) size 800x165
    LayoutBlockFlow {BODY} at (8,16) size 784x141
      LayoutBlockFlow {P} at (0,0) size 784x20
        LayoutText {#text} at (0,0) size 275x19
          text run at (0,0) width 275: "There must be a green box below and no red."
      LayoutBlockFlow {DIV} at (0,36) size 784x105
        LayoutText {#text} at (0,0) size 0x0
layer at (8,52) size 100x100
  LayoutEmbeddedObject {OBJECT} at (0,0) size 100x100 [bgcolor=#008000] [border: (20px solid #FF0000)]
    layer at (0,0) size 60x60
      LayoutView at (0,0) size 60x60
    layer at (0,0) size 60x60
      LayoutSVGRoot {svg} at (0,0) size 60x60
layer at (8,52) size 100x100
  LayoutBlockFlow (positioned) {DIV} at (8,52) size 100x100 [border: (20px solid #008000)]
