layer at (0,0) size 800x600
  LayoutView at (0,0) size 800x600
layer at (0,0) size 800x75
  LayoutBlockFlow {HTML} at (0,0) size 800x75
    LayoutBlockFlow {BODY} at (8,16) size 784x51
      LayoutBlockFlow {P} at (0,0) size 784x20
        LayoutText {#text} at (0,0) size 470x19
          text run at (0,0) width 470: "Test passes if the blue square is the same size or larger than the orange square."
layer at (8,52) size 784x15
  LayoutBlockFlow (relative positioned) {DIV} at (0,36) size 784x15
layer at (8,52) size 15x15
  LayoutBlockFlow (relative positioned) {DIV} at (0,0) size 15x15 [bgcolor=#FFA500]
layer at (32,52) size 96x96
  LayoutImage (positioned) {IMG} at (24,0) size 96x96
