layer at (0,0) size 800x600
  LayoutView at (0,0) size 800x600
layer at (0,0) size 800x268
  LayoutNGBlockFlow {HTML} at (0,0) size 800x268 [color=#000080]
    LayoutNGBlockFlow {BODY} at (8,16) size 784x236
      LayoutNGBlockFlow {DIV} at (0,0) size 100x200
        LayoutNGBlockFlow {P} at (0,0) size 100x200
      LayoutNGBlockFlow {P} at (0,216) size 784x20
        LayoutText {#text} at (0,0) size 422x19
          text run at (0,0) width 357: "There should be a complete unbroken yin-yang symbol ("
          text run at (357,0) width 14: "\x{262F}"
          text run at (371,0) width 51: ") above."
layer at (8,16) size 200x200
  LayoutEmbeddedObject {OBJECT} at (0,0) size 200x200
    layer at (0,0) size 100x200
      LayoutView at (0,0) size 100x200
    layer at (0,0) size 100x200
      LayoutSVGRoot {svg} at (0,0) size 100x200
