layer at (0,0) size 1280x937
  LayoutView at (0,0) size 1280x937
layer at (0,0) size 1280x937
  LayoutNGBlockFlow {HTML} at (0,0) size 1280x937
    LayoutNGBlockFlow {BODY} at (8,8) size 1264x913
      LayoutNGBlockFlow {P} at (0,0) size 1264x18
        LayoutText {#text} at (0,0) size 399x18
          text run at (0,0) width 399: "This tests Range.selectNodeContents() of a text node and a br."
      LayoutNGBlockFlow {DIV} at (0,34) size 1264x18
        LayoutText {#text} at (0,0) size 24x18
          text run at (0,0) width 24: "one"
      LayoutNGBlockFlow {DIV} at (0,52) size 1264x36
        LayoutText {#text} at (0,0) size 24x18
          text run at (0,0) width 24: "two"
        LayoutBR {BR} at (24,0) size 0x18
        LayoutText {#text} at (0,18) size 32x18
          text run at (0,18) width 32: "three"
      LayoutNGBlockFlow {DIV} at (0,88) size 1264x18
        LayoutText {#text} at (0,0) size 27x18
          text run at (0,0) width 27: "four"
      LayoutNGBlockFlow {UL} at (0,122) size 1264x18
        LayoutNGListItem {LI} at (40,0) size 1224x18
          LayoutNGListMarker (anonymous) at (-17,0) size 7x18
            LayoutText (anonymous) at (0,0) size 7x18
              text run at (0,0) width 7: "\x{2022} "
          LayoutText {#text} at (0,0) size 55x18
            text run at (0,0) width 55: "Success."
