layer at (0,0) size 800x600
  LayoutView at (0,0) size 800x600
layer at (0,0) size 800x600
  LayoutBlockFlow {HTML} at (0,0) size 800x600
    LayoutBlockFlow {BODY} at (8,8) size 784x584
      LayoutBlockFlow {P} at (0,0) size 784x20
        LayoutText {#text} at (0,0) size 52x19
          text run at (0,0) width 52: "Test for "
        LayoutInline {A} at (0,0) size 296x19 [color=#0000EE]
          LayoutText {#text} at (51,0) size 296x19
            text run at (51,0) width 296: "http://bugs.webkit.org/show_bug.cgi?id=4104 "
        LayoutText {#text} at (346,0) size 249x19
          text run at (346,0) width 249: "first-letter not updating style with hover"
      LayoutBlockFlow {P} at (0,36) size 784x20
        LayoutText {#text} at (0,0) size 391x19
          text run at (0,0) width 391: "The next line of text should turn green when we hover over it."
      LayoutBlockFlow {DIV} at (0,72) size 784x40 [color=#008000]
        LayoutInline {<pseudo:first-letter>} at (0,0) size 10x19 [color=#0000FF]
          LayoutTextFragment (anonymous) at (0,0) size 10x19
            text run at (0,0) width 10: "T"
        LayoutTextFragment {#text} at (10,0) size 775x39
          text run at (10,0) width 765: "he first letter of this paragraph should be larger than the rest. If you hover over this paragraph, all of the text (including the"
          text run at (0,20) width 501: "first letter) should turn green. If the first letter remains black, then there is a bug!"
