layer at (0,0) size 800x600
  LayoutView at (0,0) size 800x600
layer at (0,0) size 800x38
  LayoutNGBlockFlow {HTML} at (0,0) size 800x37.50
    LayoutNGBlockFlow {BODY} at (8,8) size 784x21.50
      LayoutText {#text} at (0,0) size 42x19
        text run at (0,0) width 42: "Line 1 "
      LayoutInline {SPAN} at (0,0) size 0x0
        LayoutText {#text} at (0,0) size 0x0
        LayoutInline {SPAN} at (0,0) size 0x0
          LayoutText {#text} at (42,1) size 38x20
            text run at (42,1) width 38: "Line 2"
        LayoutText {#text} at (80,0) size 4x19
          text run at (80,0) width 4: " "
      LayoutText {#text} at (84,0) size 38x19
        text run at (84,0) width 38: "Line 3"
