layer at (0,0) size 800x600 clip at (0,0) size 785x600 scrollY 100.00 scrollHeight 1150
  LayoutView at (0,0) size 800x600
layer at (0,0) size 785x1150 backgroundClip at (0,0) size 785x600 clip at (0,0) size 785x600
  LayoutBlockFlow {HTML} at (0,0) size 785x1150
    LayoutBlockFlow {BODY} at (0,150) size 785x1000
      LayoutBlockFlow {P} at (0,250) size 785x18
        LayoutText {#text} at (0,0) size 553x18
          text run at (0,0) width 553: "Tests fixed position elements combined with transforms. You should see no red above."
layer at (50,200) size 100x100
  LayoutBlockFlow (positioned) {DIV} at (50,200) size 100x100 [bgcolor=#FF0000]
layer at (250,200) size 100x100
  LayoutBlockFlow (positioned) {DIV} at (250,200) size 100x100 [bgcolor=#FF0000]
layer at (50,150) size 100x100
  LayoutBlockFlow {DIV} at (50,0) size 100x100
layer at (50,200) size 100x100
  LayoutBlockFlow (positioned) {DIV} at (0,50) size 100x100 [bgcolor=#008000]
layer at (250,150) size 100x100
  LayoutBlockFlow (positioned) {DIV} at (250,50) size 100x100
layer at (250,200) size 100x100
  LayoutBlockFlow {DIV} at (0,50) size 100x100 [bgcolor=#008000]
scrolled to 0,100
