layer at (0,0) size 800x600
  LayoutView at (0,0) size 800x600
layer at (0,0) size 800x401
  LayoutBlockFlow {html} at (0,0) size 800x400.63
    LayoutBlockFlow {body} at (11.52,11.52) size 776.97x377.59
      LayoutBlockFlow {p} at (0,0) size 776.97x26 [color=#000080]
        LayoutText {#text} at (0,0) size 660x26
          text run at (0,0) width 660: "The word \"TEST \" should appear twice below, the same size each time."
      LayoutBlockFlow (anonymous) at (0,26) size 776.97x178.80
        LayoutSVGRoot {svg} at (0,0) size 576x172.80
          LayoutSVGRect {rect} at (0,0) size 60x12 [transform={m=((10.00,0.00)(0.00,10.00)) t=(0.00,0.00)}] [fill={[type=SOLID] [color=#EEEEEE]}] [x=0.00] [y=0.00] [width=60.00] [height=12.00]
          LayoutSVGForeignObject {foreignObject} at (0,0) size 60x10
            LayoutBlockFlow {div} at (0,0) size 60x13 [color=#000080]
              LayoutText {#text} at (0,0) size 24x13
                text run at (0,0) width 24: "TEST"
        LayoutText {#text} at (0,0) size 0x0
      LayoutBlockFlow {div} at (0,204.80) size 576x172.80 [color=#000080] [bgcolor=#EEEEEE]
        LayoutText {#text} at (0,0) size 344x166
          text run at (0,0) width 344: "TEST"
