layer at (0,0) size 800x600
  LayoutView at (0,0) size 800x600
layer at (0,0) size 800x348
  LayoutBlockFlow {HTML} at (0,0) size 800x348.09
    LayoutBlockFlow {BODY} at (5.55,5.55) size 788.91x337
      LayoutTable {TABLE} at (0,0) size 465x337
        LayoutTableSection {TBODY} at (0,0) size 465x337
          LayoutTableRow {TR} at (0,1) size 465x15
            LayoutTableCell {TH} at (1,1) size 65x15.38 [bgcolor=#DDDD99] [r=0 c=0 rs=1 cs=1]
              LayoutText {#text} at (6,0) size 53x15
                text run at (6,0) width 53: "viewBox?"
            LayoutTableCell {TH} at (67,1) size 113x15.38 [bgcolor=#DDDD99] [r=0 c=1 rs=1 cs=1]
              LayoutText {#text} at (0,0) size 113x15
                text run at (0,0) width 113: "preserve\x{AD}Aspect\x{AD}Ratio"
            LayoutTableCell {TH} at (181,1) size 141x15.38 [bgcolor=#DDDD99] [r=0 c=2 rs=1 cs=1]
              LayoutText {#text} at (54,0) size 33x15
                text run at (54,0) width 33: "<img>"
            LayoutTableCell {TH} at (323,1) size 141x15.38 [bgcolor=#DDDD99] [r=0 c=3 rs=1 cs=1]
              LayoutText {#text} at (47,0) size 47x15
                text run at (47,0) width 47: "<object>"
          LayoutTableRow {TR} at (0,17) size 465x39
            LayoutTableCell {TH} at (1,89) size 65x15.38 [bgcolor=#DDDD99] [r=1 c=0 rs=4 cs=1]
              LayoutText {#text} at (1,0) size 63x15
                text run at (1,0) width 63: "No viewBox"
            LayoutTableCell {TH} at (67,36) size 113x1.38 [bgcolor=#DDDD99] [r=1 c=1 rs=1 cs=1]
            LayoutTableCell {TD} at (181,17) size 141x39.09 [r=1 c=2 rs=1 cs=1]
              LayoutImage {IMG} at (0.69,0.69) size 138.88x34.72 [border: (1.38px dashed #800000)]
              LayoutText {#text} at (0,0) size 0x0
            LayoutTableCell {TD} at (323,17) size 141x39.09 [r=1 c=3 rs=1 cs=1]
              LayoutText {#text} at (0,0) size 0x0
          LayoutTableRow {TR} at (0,57) size 465x39
            LayoutTableCell {TH} at (67,69) size 113x15.38 [bgcolor=#DDDD99] [r=2 c=1 rs=1 cs=1]
              LayoutText {#text} at (43,0) size 27x15
                text run at (43,0) width 27: "none"
            LayoutTableCell {TD} at (181,57) size 141x39.09 [r=2 c=2 rs=1 cs=1]
              LayoutImage {IMG} at (0.69,0.69) size 138.88x34.72 [border: (1.38px dashed #800000)]
              LayoutText {#text} at (0,0) size 0x0
            LayoutTableCell {TD} at (323,57) size 141x39.09 [r=2 c=3 rs=1 cs=1]
              LayoutText {#text} at (0,0) size 0x0
          LayoutTableRow {TR} at (0,97) size 465x39
            LayoutTableCell {TH} at (67,109) size 113x15.38 [bgcolor=#DDDD99] [r=3 c=1 rs=1 cs=1]
              LayoutText {#text} at (43,0) size 27x15
                text run at (43,0) width 27: "meet"
            LayoutTableCell {TD} at (181,97) size 141x39.09 [r=3 c=2 rs=1 cs=1]
              LayoutImage {IMG} at (0.69,0.69) size 138.88x34.72 [border: (1.38px dashed #800000)]
              LayoutText {#text} at (0,0) size 0x0
            LayoutTableCell {TD} at (323,97) size 141x39.09 [r=3 c=3 rs=1 cs=1]
              LayoutText {#text} at (0,0) size 0x0
          LayoutTableRow {TR} at (0,137) size 465x39
            LayoutTableCell {TH} at (67,149) size 113x15.38 [bgcolor=#DDDD99] [r=4 c=1 rs=1 cs=1]
              LayoutText {#text} at (44,0) size 25x15
                text run at (44,0) width 25: "slice"
            LayoutTableCell {TD} at (181,137) size 141x39.09 [r=4 c=2 rs=1 cs=1]
              LayoutImage {IMG} at (0.69,0.69) size 138.88x34.72 [border: (1.38px dashed #800000)]
              LayoutText {#text} at (0,0) size 0x0
            LayoutTableCell {TD} at (323,137) size 141x39.09 [r=4 c=3 rs=1 cs=1]
              LayoutText {#text} at (0,0) size 0x0
          LayoutTableRow {TR} at (0,177) size 465x39
            LayoutTableCell {TH} at (1,249) size 65x15.38 [bgcolor=#DDDD99] [r=5 c=0 rs=4 cs=1]
              LayoutText {#text} at (9,0) size 47x15
                text run at (9,0) width 47: "viewBox"
            LayoutTableCell {TH} at (67,196) size 113x1.38 [bgcolor=#DDDD99] [r=5 c=1 rs=1 cs=1]
            LayoutTableCell {TD} at (181,177) size 141x39.09 [r=5 c=2 rs=1 cs=1]
              LayoutImage {IMG} at (0.69,0.69) size 138.88x34.72 [border: (1.38px dashed #800000)]
              LayoutText {#text} at (0,0) size 0x0
            LayoutTableCell {TD} at (323,177) size 141x39.09 [r=5 c=3 rs=1 cs=1]
              LayoutText {#text} at (0,0) size 0x0
          LayoutTableRow {TR} at (0,217) size 465x39
            LayoutTableCell {TH} at (67,229) size 113x15.38 [bgcolor=#DDDD99] [r=6 c=1 rs=1 cs=1]
              LayoutText {#text} at (43,0) size 27x15
                text run at (43,0) width 27: "none"
            LayoutTableCell {TD} at (181,217) size 141x39.09 [r=6 c=2 rs=1 cs=1]
              LayoutImage {IMG} at (0.69,0.69) size 138.88x34.72 [border: (1.38px dashed #800000)]
              LayoutText {#text} at (0,0) size 0x0
            LayoutTableCell {TD} at (323,217) size 141x39.09 [r=6 c=3 rs=1 cs=1]
              LayoutText {#text} at (0,0) size 0x0
          LayoutTableRow {TR} at (0,257) size 465x39
            LayoutTableCell {TH} at (67,269) size 113x15.38 [bgcolor=#DDDD99] [r=7 c=1 rs=1 cs=1]
              LayoutText {#text} at (43,0) size 27x15
                text run at (43,0) width 27: "meet"
            LayoutTableCell {TD} at (181,257) size 141x39.09 [r=7 c=2 rs=1 cs=1]
              LayoutImage {IMG} at (0.69,0.69) size 138.88x34.72 [border: (1.38px dashed #800000)]
              LayoutText {#text} at (0,0) size 0x0
            LayoutTableCell {TD} at (323,257) size 141x39.09 [r=7 c=3 rs=1 cs=1]
              LayoutText {#text} at (0,0) size 0x0
          LayoutTableRow {TR} at (0,297) size 465x39
            LayoutTableCell {TH} at (67,309) size 113x15.38 [bgcolor=#DDDD99] [r=8 c=1 rs=1 cs=1]
              LayoutText {#text} at (44,0) size 25x15
                text run at (44,0) width 25: "slice"
            LayoutTableCell {TD} at (181,297) size 141x39.09 [r=8 c=2 rs=1 cs=1]
              LayoutImage {IMG} at (0.69,0.69) size 138.88x34.72 [border: (1.38px dashed #800000)]
              LayoutText {#text} at (0,0) size 0x0
            LayoutTableCell {TD} at (323,297) size 141x39.09 [r=8 c=3 rs=1 cs=1]
              LayoutText {#text} at (0,0) size 0x0
layer at (329,23) size 139x34
  LayoutEmbeddedObject {OBJECT} at (0.69,0.69) size 138.88x34.72 [border: (0.69px dashed #008000)]
    layer at (0,0) size 133x29
      LayoutView at (0,0) size 133x29
    layer at (0,0) size 133x29
      LayoutSVGRoot {svg} at (0,0) size 133x29
        LayoutSVGEllipse {circle} at (0,0) size 220x220 [stroke={[type=SOLID] [color=#000000]}] [fill={[type=SOLID] [color=#D9BB7A] [fill rule=EVEN-ODD]}] [cx=110.00] [cy=110.00] [r=110.00]
layer at (329,63) size 139x34
  LayoutEmbeddedObject {OBJECT} at (0.69,0.69) size 138.88x34.72 [border: (0.69px dashed #008000)]
    layer at (0,0) size 133x29
      LayoutView at (0,0) size 133x29
    layer at (0,0) size 133x29
      LayoutSVGRoot {svg} at (0,0) size 133x29
        LayoutSVGHiddenContainer {defs} at (0,0) size 0x0
        LayoutSVGContainer {g} at (162.86,403.79) size 362.86x362.86 [transform={m=((1.00,0.00)(0.00,1.00)) t=(-162.36,-403.29)}]
          LayoutSVGPath {path} at (162.86,403.79) size 362.86x362.86 [stroke={[type=SOLID] [color=#000000]}] [fill={[type=SOLID] [color=#D9BB7A] [fill rule=EVEN-ODD]}] [data="M 525.714 585.219 A 181.429 181.429 0 1 1 162.857 585.219 A 181.429 181.429 0 1 1 525.714 585.219 Z"]
layer at (329,103) size 139x34
  LayoutEmbeddedObject {OBJECT} at (0.69,0.69) size 138.88x34.72 [border: (0.69px dashed #008000)]
    layer at (0,0) size 133x29
      LayoutView at (0,0) size 133x29
    layer at (0,0) size 133x29
      LayoutSVGRoot {svg} at (0,0) size 133x29
        LayoutSVGHiddenContainer {defs} at (0,0) size 0x0
        LayoutSVGContainer {g} at (162.86,403.79) size 362.86x362.86 [transform={m=((1.00,0.00)(0.00,1.00)) t=(-162.36,-403.29)}]
          LayoutSVGPath {path} at (162.86,403.79) size 362.86x362.86 [stroke={[type=SOLID] [color=#000000]}] [fill={[type=SOLID] [color=#D9BB7A] [fill rule=EVEN-ODD]}] [data="M 525.714 585.219 A 181.429 181.429 0 1 1 162.857 585.219 A 181.429 181.429 0 1 1 525.714 585.219 Z"]
layer at (329,143) size 139x34
  LayoutEmbeddedObject {OBJECT} at (0.69,0.69) size 138.88x34.72 [border: (0.69px dashed #008000)]
    layer at (0,0) size 133x29
      LayoutView at (0,0) size 133x29
    layer at (0,0) size 133x29
      LayoutSVGRoot {svg} at (0,0) size 133x29
        LayoutSVGHiddenContainer {defs} at (0,0) size 0x0
        LayoutSVGContainer {g} at (162.86,403.79) size 362.86x362.86 [transform={m=((1.00,0.00)(0.00,1.00)) t=(-162.36,-403.29)}]
          LayoutSVGPath {path} at (162.86,403.79) size 362.86x362.86 [stroke={[type=SOLID] [color=#000000]}] [fill={[type=SOLID] [color=#D9BB7A] [fill rule=EVEN-ODD]}] [data="M 525.714 585.219 A 181.429 181.429 0 1 1 162.857 585.219 A 181.429 181.429 0 1 1 525.714 585.219 Z"]
layer at (329,183) size 139x34
  LayoutEmbeddedObject {OBJECT} at (0.69,0.69) size 138.88x34.72 [border: (0.69px dashed #008000)]
    layer at (0,0) size 133x29
      LayoutView at (0,0) size 133x29
    layer at (0,0) size 133x29
      LayoutSVGRoot {svg} at (0,0) size 133x29
        LayoutSVGHiddenContainer {defs} at (0,0) size 0x0
        LayoutSVGContainer {g} at (162.86,403.79) size 362.86x362.86 [transform={m=((1.00,0.00)(0.00,1.00)) t=(-162.36,-403.29)}]
          LayoutSVGPath {path} at (162.86,403.79) size 362.86x362.86 [stroke={[type=SOLID] [color=#000000]}] [fill={[type=SOLID] [color=#D9BB7A] [fill rule=EVEN-ODD]}] [data="M 525.714 585.219 A 181.429 181.429 0 1 1 162.857 585.219 A 181.429 181.429 0 1 1 525.714 585.219 Z"]
layer at (329,223) size 139x34
  LayoutEmbeddedObject {OBJECT} at (0.69,0.69) size 138.88x34.72 [border: (0.69px dashed #008000)]
    layer at (0,0) size 133x29
      LayoutView at (0,0) size 133x29
    layer at (0,0) size 133x29
      LayoutSVGRoot {svg} at (0,0) size 133x29
        LayoutSVGHiddenContainer {defs} at (0,0) size 0x0
        LayoutSVGContainer {g} at (162.86,403.79) size 362.86x362.86 [transform={m=((1.00,0.00)(0.00,1.00)) t=(-162.36,-403.29)}]
          LayoutSVGPath {path} at (162.86,403.79) size 362.86x362.86 [stroke={[type=SOLID] [color=#000000]}] [fill={[type=SOLID] [color=#D9BB7A] [fill rule=EVEN-ODD]}] [data="M 525.714 585.219 A 181.429 181.429 0 1 1 162.857 585.219 A 181.429 181.429 0 1 1 525.714 585.219 Z"]
layer at (329,263) size 139x34
  LayoutEmbeddedObject {OBJECT} at (0.69,0.69) size 138.88x34.72 [border: (0.69px dashed #008000)]
    layer at (0,0) size 133x29
      LayoutView at (0,0) size 133x29
    layer at (0,0) size 133x29
      LayoutSVGRoot {svg} at (0,0) size 133x29
        LayoutSVGHiddenContainer {defs} at (0,0) size 0x0
        LayoutSVGContainer {g} at (162.86,403.79) size 362.86x362.86 [transform={m=((1.00,0.00)(0.00,1.00)) t=(-162.36,-403.29)}]
          LayoutSVGPath {path} at (162.86,403.79) size 362.86x362.86 [stroke={[type=SOLID] [color=#000000]}] [fill={[type=SOLID] [color=#D9BB7A] [fill rule=EVEN-ODD]}] [data="M 525.714 585.219 A 181.429 181.429 0 1 1 162.857 585.219 A 181.429 181.429 0 1 1 525.714 585.219 Z"]
layer at (329,303) size 139x34
  LayoutEmbeddedObject {OBJECT} at (0.69,0.69) size 138.88x34.72 [border: (0.69px dashed #008000)]
    layer at (0,0) size 133x29
      LayoutView at (0,0) size 133x29
    layer at (0,0) size 133x29
      LayoutSVGRoot {svg} at (0,0) size 133x29
        LayoutSVGHiddenContainer {defs} at (0,0) size 0x0
        LayoutSVGContainer {g} at (162.86,403.79) size 362.86x362.86 [transform={m=((1.00,0.00)(0.00,1.00)) t=(-162.36,-403.29)}]
          LayoutSVGPath {path} at (162.86,403.79) size 362.86x362.86 [stroke={[type=SOLID] [color=#000000]}] [fill={[type=SOLID] [color=#D9BB7A] [fill rule=EVEN-ODD]}] [data="M 525.714 585.219 A 181.429 181.429 0 1 1 162.857 585.219 A 181.429 181.429 0 1 1 525.714 585.219 Z"]
