layer at (0,0) size 800x600
  LayoutView at (0,0) size 800x600
layer at (0,0) size 800x174
  LayoutBlockFlow {HTML} at (0,0) size 800x174.09
    LayoutBlockFlow {BODY} at (5.55,5.55) size 788.91x163
      LayoutText {#text} at (159,150) size 4x13
        text run at (159,150) width 4: " "
      LayoutText {#text} at (0,0) size 0x0
layer at (6,6) size 160x160
  LayoutEmbeddedObject {OBJECT} at (0,0) size 159.67x159.67 [border: (1.38px dashed #800000)]
    layer at (0,0) size 153x153
      LayoutView at (0,0) size 153x153
    layer at (0,0) size 153x153
      LayoutSVGRoot {svg} at (0,0) size 153x153
        LayoutSVGEllipse {circle} at (0,0) size 220x220 [stroke={[type=SOLID] [color=#000000]}] [fill={[type=SOLID] [color=#D9BB7A] [fill rule=EVEN-ODD]}] [cx=110.00] [cy=110.00] [r=110.00]
layer at (168,6) size 160x160
  LayoutEmbeddedObject {OBJECT} at (162.44,0) size 159.67x159.67 [border: (1.38px dashed #800000)]
    layer at (0,0) size 153x153
      LayoutView at (0,0) size 153x153
    layer at (0,0) size 153x153
      LayoutSVGRoot {svg} at (0,0) size 153x153
        LayoutSVGEllipse {circle} at (0,0) size 220x220 [stroke={[type=SOLID] [color=#000000]}] [fill={[type=SOLID] [color=#D9BB7A] [fill rule=EVEN-ODD]}] [cx=110.00] [cy=110.00] [r=110.00]
