layer at (0,0) size 800x600
  LayoutView at (0,0) size 800x600
layer at (0,0) size 800x204
  LayoutBlockFlow {html} at (0,0) size 800x204.09
    LayoutBlockFlow {body} at (5.55,5.55) size 788.91x193
      LayoutTable {table} at (140.95,0) size 507x193
        LayoutTableSection (anonymous) at (0,0) size 507x193
          LayoutTableRow {tr} at (0,0) size 507x193
            LayoutTableCell {td} at (0,0) size 507x192.88 [r=0 c=0 rs=1 cs=3]
              LayoutTable {table} at (7,6.94) size 493x179
                LayoutTableSection (anonymous) at (0,0) size 493x179
                  LayoutTableRow {tr} at (0,1) size 493x67
                    LayoutTableCell {td} at (1,1) size 491x66.84 [r=0 c=0 rs=1 cs=2]
                      LayoutBlockFlow {h1} at (5.55,20.42) size 479.91x26
                        LayoutText {#text} at (0,0) size 480x26
                          text run at (0,0) width 480: "Both sides should have identical size after zooming"
                  LayoutTableRow {tr} at (0,69) size 493x24
                    LayoutTableCell {td} at (1,69) size 245x24.09 [r=1 c=0 rs=1 cs=1]
                      LayoutText {#text} at (96,5) size 53x14
                        text run at (96,5) width 53: "SVG Image"
                    LayoutTableCell {td} at (247,69) size 245x24.09 [r=1 c=1 rs=1 cs=1]
                      LayoutText {#text} at (96,5) size 53x14
                        text run at (96,5) width 53: "PNG Image"
                  LayoutTableRow {tr} at (0,94) size 493x84
                    LayoutTableCell {td} at (1,94) size 245x83.53 [r=2 c=0 rs=1 cs=1]
                      LayoutText {#text} at (0,0) size 0x0
                    LayoutTableCell {td} at (247,94) size 245x83.53 [r=2 c=1 rs=1 cs=1]
                      LayoutImage {img} at (5.55,5.55) size 138.88x69.44
                      LayoutText {#text} at (0,0) size 0x0
layer at (255,112) size 138x69
  LayoutEmbeddedObject {object} at (100.58,5.55) size 138.88x69.44
    layer at (0,0) size 139x69
      LayoutView at (0,0) size 139x69
    layer at (0,0) size 139x69
      LayoutSVGRoot {svg} at (0,0) size 139x69
        LayoutSVGContainer {g} at (30,46) size 370x230
          LayoutSVGRect {rect} at (30,46) size 50x80 [stroke={[type=SOLID] [color=#000000]}] [x=30.00] [y=46.00] [width=50.00] [height=80.00]
          LayoutSVGRect {rect} at (130,46) size 50x80 [fill={[type=SOLID] [color=#FF0000]}] [x=130.00] [y=46.00] [width=50.00] [height=80.00]
          LayoutSVGRect {rect} at (250,46) size 50x80 [stroke={[type=SOLID] [color=#000000]}] [x=250.00] [y=46.00] [width=50.00] [height=80.00]
          LayoutSVGRect {rect} at (350,46) size 50x80 [fill={[type=SOLID] [color=#FF0000]}] [x=350.00] [y=46.00] [width=50.00] [height=80.00]
          LayoutSVGRect {rect} at (30,196) size 50x80 [stroke={[type=SOLID] [color=#0000FF] [stroke width=8.00]}] [x=30.00] [y=196.00] [width=50.00] [height=80.00]
          LayoutSVGRect {rect} at (130,196) size 50x80 [stroke={[type=SOLID] [color=#0000FF] [stroke width=8.00]}] [fill={[type=SOLID] [color=#00FF00]}] [x=130.00] [y=196.00] [width=50.00] [height=80.00]
          LayoutSVGRect {rect} at (250,196) size 50x80 [stroke={[type=SOLID] [color=#0000FF] [stroke width=8.00]}] [x=250.00] [y=196.00] [width=50.00] [height=80.00]
          LayoutSVGRect {rect} at (350,196) size 50x80 [fill={[type=SOLID] [color=#00FF00]}] [x=350.00] [y=196.00] [width=50.00] [height=80.00]
        LayoutSVGText {text} at (10,303.47) size 263.11x46.95 contains 1 chunk(s)
          LayoutSVGInlineText {#text} at (10,303.47) size 263.11x46.95
            chunk 1 text run 1 at (10.00,340.00) startOffset 0 endOffset 16 width 263.11: "$Revision: 1.7 $"
        LayoutSVGRect {rect} at (1,1) size 478x358 [stroke={[type=SOLID] [color=#000000]}] [x=1.00] [y=1.00] [width=478.00] [height=358.00]
