layer at (0,0) size 800x600
  LayoutView at (0,0) size 800x600
layer at (0,0) size 800x600
  LayoutSVGRoot {svg} at (0,0) size 800x600
    LayoutSVGForeignObject {foreignObject} at (0,0) size 250x200
      LayoutBlockFlow {xhtml:div} at (0,0) size 250x18
        LayoutText {#text} at (0,0) size 83x18
          text run at (0,0) width 83: "This is a text"
      LayoutBlockFlow (anonymous) at (0,18) size 250x18
        LayoutInline {xhtml:a} at (0,0) size 68x18 [color=#0000EE]
          LayoutText {#text} at (0,0) size 68x18
            text run at (0,0) width 68: "and a link."
        LayoutBR {xhtml:br} at (67,0) size 1x18
      LayoutBlockFlow {xhtml:div} at (0,36) size 250x18
        LayoutText {#text} at (0,0) size 56x18
          text run at (0,0) width 56: "[HTML]"
    LayoutSVGRect {rect} at (0,0) size 250x200 [stroke={[type=SOLID] [color=#008000]}] [x=0.00] [y=0.00] [width=250.00] [height=200.00]
    LayoutSVGForeignObject {foreignObject} at (260,0) size 250x200
      LayoutSVGRoot {svg} at (0,0) size 250x200
        LayoutSVGContainer {g} at (0,1.77) size 82.20x58.19 [transform={m=((3.00,0.26)(0.26,3.02)) t=(0.00,0.00)}]
          LayoutSVGText {text} at (0,1.77) size 82.20x18.19 contains 1 chunk(s)
            LayoutSVGInlineText {#text} at (0,1.77) size 82.20x18.19
              chunk 1 text run 1 at (0.00,16.00) startOffset 0 endOffset 14 width 82.20: "This is a text"
          LayoutSVGContainer {a} at (0,20.77) size 67.08x18.19
            LayoutSVGText {text} at (0,20.77) size 67.08x18.19 contains 1 chunk(s)
              LayoutSVGInlineText {#text} at (0,20.77) size 67.08x18.19
                chunk 1 text run 1 at (0.00,35.00) startOffset 0 endOffset 11 width 67.08: "and a link."
          LayoutSVGText {text} at (0,41.77) size 42.66x18.19 contains 1 chunk(s)
            LayoutSVGInlineText {#text} at (0,41.77) size 42.66x18.19
              chunk 1 text run 1 at (0.00,56.00) startOffset 0 endOffset 5 width 42.66: "[SVG]"
      LayoutText {#text} at (0,0) size 0x0
    LayoutSVGRect {rect} at (260,0) size 250x200 [stroke={[type=SOLID] [color=#008000]}] [x=260.00] [y=0.00] [width=250.00] [height=200.00]
    LayoutSVGHiddenContainer {defs} at (0,0) size 0x0
