layer at (0,0) size 800x600 clip at (0,0) size 785x600 scrollHeight 769
  LayoutView at (0,0) size 800x600
layer at (0,0) size 785x769 backgroundClip at (0,0) size 785x600 clip at (0,0) size 785x600
  LayoutBlockFlow {html} at (0,0) size 785x769.28
    LayoutBlockFlow {body} at (11.52,11.52) size 761.97x734.73
      LayoutBlockFlow (anonymous) at (0,0) size 761.97x52
        LayoutText {#text} at (0,0) size 749x52
          text run at (0,0) width 353: "The two blocks should look identical. "
          text run at (352,0) width 397: "One uses an SVG, and the other just uses a"
          text run at (0,26) width 176: "normal HTML div."
      LayoutBlockFlow {p} at (0,75.03) size 761.97x26
        LayoutText {#text} at (0,0) size 518x26
          text run at (0,0) width 518: "There should be a red, white and blue pattern below this"
      LayoutSVGRoot (floating) {svg} at (14.39,138.45) size 201.56x201.56
        LayoutSVGRect {rect} at (0,0) size 100x100 [fill={[type=SOLID] [color=#0000FF]}] [x=0.00] [y=0.00] [width=100.00] [height=100.00]
      LayoutBlockFlow {p} at (0,354.41) size 761.97x26
        LayoutText {#text} at (0,0) size 517x26
          text run at (0,0) width 517: "There should be a red, white and blue pattern above this"
      LayoutBlockFlow {p} at (0,429.34) size 761.97x26
        LayoutText {#text} at (0,0) size 518x26
          text run at (0,0) width 518: "There should be a red, white and blue pattern below this"
      LayoutBlockFlow (floating) {div} at (14.39,492.77) size 201.58x201.58 [border: (14.39px solid #FF0000)]
        LayoutBlockFlow {div} at (28.78,28.78) size 144x144 [bgcolor=#0000FF]
      LayoutBlockFlow {p} at (0,708.73) size 761.97x26
        LayoutText {#text} at (0,0) size 517x26
          text run at (0,0) width 517: "There should be a red, white and blue pattern above this"
layer at (12,415) size 762x3 backgroundClip at (12,415) size 761x3 clip at (0,0) size 0x0
  LayoutBlockFlow {hr} at (0,403.44) size 761.97x2.88 [border: (1.44px inset #EEEEEE)]
