layer at (0,0) size 800x600
  LayoutView at (0,0) size 800x600
layer at (0,0) size 800x292
  LayoutBlockFlow {HTML} at (0,0) size 800x292
    LayoutBlockFlow {BODY} at (8,16) size 784x244
      LayoutBlockFlow {P} at (0,0) size 784x20
        LayoutText {#text} at (0,0) size 510x19
          text run at (0,0) width 497: "The following two blocks should be identical, including overflow. (Force bidi: "
          text run at (496,0) width 9 RTL: "\x{5D0}"
          text run at (504,0) width 6: ")"
      LayoutBlockFlow {DIV} at (32,52) size 720x80 [color=#FFFF00] [bgcolor=#000000]
        LayoutTable (anonymous) at (24,24) size 261x32
          LayoutTableSection (anonymous) at (0,0) size 261x32
            LayoutTableRow {P} at (0,0) size 261x32
              LayoutTableCell (anonymous) at (0,0) size 261x32 [r=0 c=0 rs=1 cs=1]
                LayoutInline {SPAN} at (0,0) size 14x36
                  LayoutText {#text} at (0,-2) size 14x36
                    text run at (0,-2) width 14: "a"
                LayoutInline {SPAN} at (0,0) size 19x50 [color=#FF00FF] [border: (3px solid #FF00FF) none (3px solid #FF00FF)]
                  LayoutText {#text} at (33,-2) size 16x36
                    text run at (33,-2) width 16: "b"
                LayoutInline {SPAN} at (0,0) size 17x50 [color=#00FFFF] [border: (3px solid #00FFFF) none (3px solid #00FFFF)]
                  LayoutText {#text} at (68,-2) size 14x36
                    text run at (68,-2) width 14: "c"
                LayoutInline {SPAN} at (0,0) size 16x50 [color=#FF00FF] [border: (3px solid #FF00FF) none (3px solid #FF00FF) none]
                  LayoutText {#text} at (82,-2) size 16x36
                    text run at (82,-2) width 16: "d"
                LayoutInline {SPAN} at (0,0) size 14x50 [color=#00FFFF] [border: (3px solid #00FFFF) none (3px solid #00FFFF) none]
                  LayoutText {#text} at (98,-2) size 14x36
                    text run at (98,-2) width 14: "e"
                LayoutInline {SPAN} at (0,0) size 11x36
                  LayoutText {#text} at (112,-2) size 11x36
                    text run at (112,-2) width 11: "f"
                LayoutInline {SPAN} at (0,0) size 16x36
                  LayoutText {#text} at (123,-2) size 16x36
                    text run at (123,-2) width 16: "g"
                LayoutInline {SPAN} at (0,0) size 16x36
                  LayoutText {#text} at (139,-2) size 16x36
                    text run at (139,-2) width 16: "h"
                LayoutInline {SPAN} at (0,0) size 9x50 [color=#FF00FF] [border: (3px solid #FF00FF) none (3px solid #FF00FF) none]
                  LayoutText {#text} at (155,-2) size 9x36
                    text run at (155,-2) width 9: "i"
                LayoutInline {SPAN} at (0,0) size 12x50 [color=#00FFFF] [border: (3px solid #00FFFF) none]
                  LayoutText {#text} at (164,-2) size 9x36
                    text run at (164,-2) width 9: "j"
                LayoutInline {SPAN} at (0,0) size 19x50 [color=#FF00FF] [border: (3px solid #FF00FF) none]
                  LayoutText {#text} at (192,-2) size 16x36
                    text run at (192,-2) width 16: "k"
                LayoutInline {SPAN} at (0,0) size 9x36
                  LayoutText {#text} at (227,-2) size 9x36
                    text run at (227,-2) width 9: "l"
                LayoutInline {SPAN} at (0,0) size 25x36
                  LayoutText {#text} at (236,-2) size 25x36
                    text run at (236,-2) width 25: "m"
      LayoutBlockFlow {DIV} at (32,164) size 720x80 [color=#FFFF00] [bgcolor=#000000]
        LayoutTable (anonymous) at (24,24) size 261x32
          LayoutTableSection (anonymous) at (0,0) size 261x32
            LayoutTableRow {P} at (0,0) size 261x32
              LayoutTableCell (anonymous) at (0,0) size 261x32 [r=0 c=0 rs=1 cs=1]
                LayoutText {#text} at (0,-2) size 236x36
                  text run at (0,-2) width 14: "a"
                  text run at (49,-2) width 0 LTR override: "\x{202D}"
                  text run at (227,-2) width 9 RTL override: "\x{202E}l"
                LayoutInline {SPAN} at (0,0) size 111x50 [color=#00FFFF] [border: (3px solid #00FFFF)]
                  LayoutText {#text} at (68,-2) size 105x36
                    text run at (68,-2) width 14 LTR override: "c"
                    text run at (98,-2) width 14 LTR override: "\x{202D}e"
                    text run at (155,-2) width 0 RTL override: "\x{202E}"
                    text run at (164,-2) width 9 RTL override: "\x{202E}j"
                LayoutText {#text} at (112,-2) size 43x36
                  text run at (112,-2) width 11 RTL override: "\x{202C}f"
                  text run at (123,-2) width 16 LTR override: "\x{202D}g"
                  text run at (139,-2) width 16 RTL override: "h"
                LayoutInline {SPAN} at (0,0) size 181x50 [color=#FF00FF] [border: (3px solid #FF00FF)]
                  LayoutText {#text} at (33,-2) size 175x36
                    text run at (33,-2) width 16 RTL override: "\x{202C}b"
                    text run at (82,-2) width 16 RTL override: "\x{202C}d"
                    text run at (155,-2) width 9 LTR override: "\x{202C}i"
                    text run at (192,-2) width 16 LTR override: "\x{202C}k"
                LayoutText {#text} at (236,-2) size 25x36
                  text run at (236,-2) width 25: "\x{202C}m"
