layer at (0,0) size 800x600
  LayoutView at (0,0) size 800x600
layer at (0,0) size 800x448
  LayoutBlockFlow {HTML} at (0,0) size 800x448
    LayoutBlockFlow {BODY} at (8,16) size 784x20
      LayoutBlockFlow {P} at (0,0) size 784x20
        LayoutText {#text} at (0,0) size 510x19
          text run at (0,0) width 497: "The following two blocks should be identical, including overflow. (Force bidi: "
          text run at (496,0) width 9 RTL: "\x{5D0}"
          text run at (504,0) width 6: ")"
      LayoutBlockFlow {DIV} at (0,36) size 784x0
        LayoutBlockFlow (floating) {P} at (16,16) size 177x166 [bgcolor=#FFFFCC] [border: (3px solid #000000)]
          LayoutInline {SPAN} at (0,0) size 150x39 [color=#000080] [border: (3px solid #000080) none (3px solid #000080)]
            LayoutText {#text} at (30,25) size 131x19
              text run at (30,25) width 131: "aaa bbb ccc  ddd eee"
          LayoutBR {BR} at (161,25) size 0x19
          LayoutInline {SPAN} at (0,0) size 38x39 [color=#000080] [border: (3px solid #000080) none]
            LayoutText {#text} at (11,73) size 19x19
              text run at (11,73) width 19: "fff "
          LayoutText {#text} at (48,73) size 73x19
            text run at (48,73) width 73: "ggg hhh iii "
          LayoutInline {SPAN} at (0,0) size 32x39 [color=#FFA500] [border: (3px solid #FFA500) none (3px solid #FFA500)]
            LayoutText {#text} at (139,73) size 13x19
              text run at (139,73) width 13: "jjj"
          LayoutBR {BR} at (151,73) size 1x19
          LayoutInline {SPAN} at (0,0) size 155x39 [color=#FFA500] [border: (3px solid #FFA500) none]
            LayoutText {#text} at (11,121) size 136x19
              text run at (11,121) width 136: "kkk lll mmm nnn ooo"
          LayoutText {#text} at (0,0) size 0x0
        LayoutBlockFlow (floating) {P} at (16,214) size 181x166 [bgcolor=#FFFFCC] [border: (3px solid #000000)]
          LayoutInline {SPAN} at (0,0) size 154x87 [color=#000080] [border: (3px solid #000080)]
            LayoutText {#text} at (30,25) size 135x19
              text run at (30,25) width 25: "aaa "
              text run at (55,25) width 28: "bbb "
              text run at (83,25) width 25: "ccc "
              text run at (108,25) width 28 RTL override: "ddd "
              text run at (136,25) width 29 RTL override: "\x{202E} eee "
            LayoutBR {BR} at (0,0) size 0x0
            LayoutText {#text} at (11,73) size 19x19
              text run at (11,73) width 19: "fff "
          LayoutText {#text} at (48,73) size 73x19
            text run at (48,73) width 29: "ggg "
            text run at (76,73) width 29: "hhh "
            text run at (104,73) width 17: "iii "
          LayoutInline {SPAN} at (0,0) size 159x87 [color=#FFA500] [border: (3px solid #FFA500)]
            LayoutText {#text} at (139,73) size 17x19
              text run at (139,73) width 17: "jjj "
            LayoutBR {BR} at (0,0) size 0x0
            LayoutText {#text} at (11,121) size 140x19
              text run at (11,121) width 28: "kkk "
              text run at (39,121) width 60: "lll \x{202C} mmm "
              text run at (99,121) width 28: "nnn "
              text run at (127,121) width 24: "ooo"
          LayoutText {#text} at (0,0) size 0x0
