layer at (0,0) size 800x600
  LayoutView at (0,0) size 800x600
layer at (0,0) size 800x264
  LayoutBlockFlow {HTML} at (0,0) size 800x264
    LayoutBlockFlow {BODY} at (8,16) size 784x232
      LayoutBlockFlow {P} at (0,0) size 784x20
        LayoutText {#text} at (0,0) size 510x19
          text run at (0,0) width 497: "The following two blocks should be identical, including overflow. (Force bidi: "
          text run at (496,0) width 9 RTL: "\x{5D0}"
          text run at (504,0) width 6: ")"
      LayoutBlockFlow {DIV} at (0,36) size 784x196
        LayoutBlockFlow {P} at (16,0) size 294x90 [bgcolor=#FFFFCC] [border: (3px solid #000000)]
          LayoutInline {SPAN} at (0,0) size 121x39 [color=#000080] [border: (3px solid #000080) none (3px solid #000080)]
            LayoutText {#text} at (30,25) size 102x19
              text run at (30,25) width 102: "AAABBBCCC"
          LayoutText {#text} at (132,25) size 93x19
            text run at (132,25) width 93: "DDDEEEFFF"
          LayoutInline {SPAN} at (0,0) size 106x39 [color=#000080] [border: (3px solid #000080) none]
            LayoutText {#text} at (225,25) size 87x19
              text run at (225,25) width 87: "GGGHHHIII"
          LayoutText {#text} at (11,59) size 198x19
            text run at (11,59) width 198: "JJJKKKLLLMMMNNNOOO"
        LayoutBlockFlow {P} at (16,106) size 294x90 [bgcolor=#FFFFCC] [border: (3px solid #000000)]
          LayoutInline {SPAN} at (0,0) size 320x39 [color=#000080] [border: (3px solid #000080)]
            LayoutText {#text} at (30,25) size 282x19
              text run at (30,25) width 102: "AAABBBCCC"
              text run at (225,25) width 87 RTL override: "\x{202E}IIIHHHGGG"
          LayoutText {#text} at (132,25) size 214x53
            text run at (132,25) width 93 RTL override: "FFFEEEDDD"
            text run at (11,59) width 84 RTL override: "LLLKKKJJJ"
            text run at (95,59) width 114: "\x{202C}MMMNNNOOO"
