layer at (0,0) size 800x600
  LayoutView at (0,0) size 800x600
layer at (0,0) size 800x600
  LayoutBlockFlow {HTML} at (0,0) size 800x600
    LayoutBlockFlow {BODY} at (8,8) size 784x582
      LayoutBlockFlow {P} at (0,0) size 784x40
        LayoutText {#text} at (0,0) size 83x19
          text run at (0,0) width 83: "Pixel test for "
        LayoutInline {I} at (0,0) size 560x39
          LayoutInline {A} at (0,0) size 301x19 [color=#0000EE]
            LayoutText {#text} at (83,0) size 301x19
              text run at (83,0) width 301: "http://bugs.webkit.org/show_bug.cgi?id=12043"
          LayoutText {#text} at (383,0) size 560x39
            text run at (383,0) width 5: " "
            text run at (387,0) width 173: "Another assertion failure in"
            text run at (0,20) width 242: "WebCore::LayoutObject::drawBorder"
        LayoutText {#text} at (241,20) size 5x19
          text run at (241,20) width 5: "."
      LayoutBlockFlow {P} at (0,56) size 784x20
        LayoutText {#text} at (0,0) size 303x19
          text run at (0,0) width 303: "There should be three squres and a circle below."
      LayoutBlockFlow {DIV} at (0,92) size 56x56 [bgcolor=#C0C0C0] [border: (3px solid #000000)]
      LayoutBlockFlow {DIV} at (0,158) size 56x56 [bgcolor=#C0C0C0] [border: (3px solid #000000)]
      LayoutBlockFlow {DIV} at (0,224) size 56x56 [bgcolor=#C0C0C0] [border: (3px solid #000000)]
      LayoutBlockFlow {DIV} at (0,290) size 56x56 [bgcolor=#C0C0C0] [border: (3px solid #000000)]
