layer at (0,0) size 800x600
  LayoutView at (0,0) size 800x600
layer at (0,0) size 800x600
  LayoutBlockFlow {HTML} at (0,0) size 800x600
    LayoutBlockFlow {BODY} at (8,8) size 784x584
      LayoutInline {SPAN} at (0,0) size 766x81 [border: (5px solid #000000)]
        LayoutText {#text} at (7,14) size 766x67
          text run at (7,14) width 409: "This is a span that crosses multiple lines and has a border-radius. "
          text run at (415,14) width 351: "The border-radius should only apply at the endpoints of"
          text run at (0,62) width 695: "the span, and the edges that are \"open\" should just be solid right up to the edge (with no rounding or clipping)."
      LayoutText {#text} at (0,0) size 0x0
