layer at (0,0) size 800x600
  LayoutView at (0,0) size 800x600
layer at (0,0) size 800x496
  LayoutBlockFlow {HTML} at (0,0) size 800x496.44
    LayoutBlockFlow {BODY} at (8,18.72) size 784x469.72
      LayoutBlockFlow {H3} at (0,0) size 784x23
        LayoutText {#text} at (0,0) size 90x22
          text run at (0,0) width 90: "It passes if:"
      LayoutBlockFlow {UL} at (0,41.72) size 784x80
        LayoutListItem {LI} at (40,0) size 744x20
          LayoutListMarker (anonymous) at (-18,0) size 7x19: bullet
          LayoutText {#text} at (0,0) size 393x19
            text run at (0,0) width 393: "the 10px gray background is visible around the canvas content"
        LayoutListItem {LI} at (40,20) size 744x20
          LayoutListMarker (anonymous) at (-18,0) size 7x19: bullet
          LayoutText {#text} at (0,0) size 152x19
            text run at (0,0) width 152: "has 5px solid red border"
        LayoutListItem {LI} at (40,40) size 744x20
          LayoutListMarker (anonymous) at (-18,0) size 7x19: bullet
          LayoutText {#text} at (0,0) size 316x19
            text run at (0,0) width 316: "all the corners for border and padding are rounded"
        LayoutListItem {LI} at (40,60) size 744x20
          LayoutListMarker (anonymous) at (-18,0) size 7x19: bullet
          LayoutText {#text} at (0,0) size 366x19
            text run at (0,0) width 366: "the bottom right corner of canvas content is NOT rounded"
      LayoutBlockFlow (anonymous) at (0,137.72) size 784x332
        LayoutText {#text} at (0,0) size 0x0
        LayoutText {#text} at (0,0) size 0x0
layer at (28,176) size 287x287
  LayoutHTMLCanvas {CANVAS} at (20,20) size 287x287 [bgcolor=#808080] [border: (5px solid #FF0000)]
