layer at (0,0) size 800x600
  LayoutView at (0,0) size 800x600
layer at (0,0) size 800x222
  LayoutBlockFlow {HTML} at (0,0) size 800x222
    LayoutBlockFlow {BODY} at (8,16) size 784x198
      LayoutBlockFlow {P} at (0,0) size 784x20
        LayoutText {#text} at (0,0) size 333x19
          text run at (0,0) width 333: "Tests border-radius and box-shadow on a split inline."
      LayoutBlockFlow {DIV} at (0,36) size 200x162
        LayoutInline {SPAN} at (0,0) size 199x148 [border: (2px solid #008000)]
          LayoutText {#text} at (2,9) size 197x144
            text run at (2,9) width 146: "I am a span"
            text run at (0,63) width 170: "which is split"
            text run at (0,117) width 197: "over three lines"
        LayoutText {#text} at (0,0) size 0x0
