layer at (0,0) size 800x600
  LayoutView at (0,0) size 800x600
layer at (0,0) size 800x600
  LayoutBlockFlow {HTML} at (0,0) size 800x600
    LayoutBlockFlow {BODY} at (8,8) size 784x584
      LayoutText {#text} at (0,0) size 0x0
layer at (8,8) size 119x375 transparent
  LayoutInline {SPAN} at (0,0) size 119x375 [bgcolor=#808080]
    LayoutText {#text} at (22,75) size 27x300
      text run at (22,75) width 300: "This content should be masked"
    LayoutBR {BR} at (43,375) size 0x0
    LayoutText {#text} at (94,0) size 27x161
      text run at (94,0) width 161: "with a soft glow."
