layer at (0,0) size 800x600 clip at (0,0) size 785x585 scrollWidth 794 scrollHeight 688
  LayoutView at (0,0) size 800x600
layer at (0,0) size 785x688 backgroundClip at (0,0) size 785x585 clip at (0,0) size 785x585
  LayoutBlockFlow {HTML} at (0,0) size 785x688.16
    LayoutBlockFlow {BODY} at (8,16) size 769x664.16
      LayoutBlockFlow {P} at (0,0) size 769x40
        LayoutText {#text} at (0,0) size 749x39
          text run at (0,0) width 749: "There should be a SPAN in the middle of all four paragraphs that has padding, a green border, and a margin on the left,"
          text run at (0,20) width 363: "and padding, an orange border, and a margin on the right."
      LayoutBlockFlow {H1} at (0,56) size 769x20
        LayoutText {#text} at (0,0) size 89x19
          text run at (0,0) width 89: "Left-to-Right"
      LayoutBlockFlow {DIV} at (0,86.72) size 769x252 [border: (1px solid #000000)]
        LayoutBlockFlow {P} at (6,22) size 757x32
          LayoutText {#text} at (0,6) size 125x19
            text run at (0,6) width 125: "Lorem ipsum dolor "
          LayoutInline {SPAN} at (0,0) size 186x21 [border: (1px solid #0000FF) (10px solid #FFA500) (1px solid #0000FF) (10px solid #008000)]
            LayoutText {#text} at (170,6) size 131x19
              text run at (170,6) width 131: "sit amet, consectetur "
          LayoutText {#text} at (346,6) size 332x19
            text run at (346,6) width 332: "adipisicing elit, sed do eiusmod tempor incididunt ut."
        LayoutBlockFlow {P} at (6,70) size 757x160
          LayoutText {#text} at (0,6) size 732x51
            text run at (0,6) width 588: "Lorem ipsum dolor sit amet, consectetur adipisicing elit, sed do eiusmod tempor incididunt ut "
            text run at (588,6) width 144: "labore et dolore magna"
            text run at (0,38) width 430: "aliqua. Ut enim ad minim veniam, quis nostrud exercitation ullamco "
          LayoutInline {SPAN} at (0,0) size 770x85 [border: (1px solid #0000FF) (10px solid #FFA500) (1px solid #0000FF) (10px solid #008000)]
            LayoutText {#text} at (475,38) size 748x83
              text run at (475,38) width 235: "laboris nisi ut aliquip ex ea commodo"
              text run at (0,70) width 324: "consequat. Duis aute irure dolor in reprehenderit in "
              text run at (324,70) width 424: "voluptate velit esse cillum dolore eu fugiat nulla pariatur. Excepteur"
              text run at (0,102) width 145: "sint occaecat cupidatat "
              text run at (145,102) width 590: "non proident, sunt in culpa qui officia deserunt mollit anim id est laborum. Lorem ipsum dolor"
          LayoutText {#text} at (0,134) size 561x19
            text run at (0,134) width 561: "sit amet, consectetur adipisicing elit, sed do eiusmod tempor incididunt ut labore et dolore"
      LayoutBlockFlow {H1} at (0,349.44) size 769x20
        LayoutText {#text} at (0,0) size 89x19
          text run at (0,0) width 89: "Right-to-Left"
      LayoutBlockFlow {DIV} at (0,380.16) size 769x284 [border: (1px solid #000000)]
        LayoutBlockFlow {P} at (6,22) size 757x32
          LayoutText {#text} at (83,6) size 125x19
            text run at (83,6) width 125: "Lorem ipsum dolor "
          LayoutInline {SPAN} at (0,0) size 186x21 [border: (1px solid #0000FF) (10px solid #FFA500) (1px solid #0000FF) (10px solid #008000)]
            LayoutText {#text} at (253,6) size 131x19
              text run at (253,6) width 131: "sit amet, consectetur "
          LayoutText {#text} at (79,6) size 678x19
            text run at (79,6) width 4 RTL: "."
            text run at (429,6) width 328: "adipisicing elit, sed do eiusmod tempor incididunt ut"
        LayoutBlockFlow {P} at (6,70) size 757x192
          LayoutText {#text} at (25,6) size 732x51
            text run at (25,6) width 588: "Lorem ipsum dolor sit amet, consectetur adipisicing elit, sed do eiusmod tempor incididunt ut "
            text run at (613,6) width 144: "labore et dolore magna"
            text run at (47,38) width 430: "aliqua. Ut enim ad minim veniam, quis nostrud exercitation ullamco "
          LayoutInline {SPAN} at (0,0) size 755x85 [border: (1px solid #0000FF) (10px solid #FFA500) (1px solid #0000FF) (10px solid #008000)]
            LayoutText {#text} at (477,38) size 748x83
              text run at (477,38) width 235: "laboris nisi ut aliquip ex ea commodo"
              text run at (9,70) width 325: "consequat. Duis aute irure dolor in reprehenderit in "
              text run at (333,70) width 424: "voluptate velit esse cillum dolore eu fugiat nulla pariatur. Excepteur"
              text run at (22,102) width 146: "sint occaecat cupidatat "
              text run at (167,102) width 590: "non proident, sunt in culpa qui officia deserunt mollit anim id est laborum. Lorem ipsum dolor"
          LayoutText {#text} at (30,134) size 727x51
            text run at (30,134) width 565: "sit amet, consectetur adipisicing elit, sed do eiusmod tempor incididunt ut labore et dolore "
            text run at (595,134) width 162: "magna aliqua. Ut enim ad"
            text run at (312,166) width 4 RTL: "."
            text run at (316,166) width 441: "minim veniam, quis nostrud exercitation ullamco laboris nisi ut aliquip"
