layer at (0,0) size 800x600 clip at (0,0) size 785x585 scrollWidth 794 scrollHeight 688
  LayoutView at (0,0) size 800x600
layer at (0,0) size 785x688 backgroundClip at (0,0) size 785x585 clip at (0,0) size 785x585
  LayoutBlockFlow {HTML} at (0,0) size 785x688.16
    LayoutBlockFlow {BODY} at (8,16) size 769x664.16
      LayoutBlockFlow {P} at (0,0) size 769x40
        LayoutText {#text} at (0,0) size 749x39
          text run at (0,0) width 749: "There should be a SPAN in the middle of all four paragraphs that has padding, a green border, and a margin on the left,"
          text run at (0,20) width 363: "and padding, an orange border, and a margin on the right."
      LayoutBlockFlow {H1} at (0,56) size 769x20
        LayoutText {#text} at (0,0) size 89x19
          text run at (0,0) width 89: "Left-to-Right"
      LayoutBlockFlow {DIV} at (0,86.72) size 769x252 [border: (1px solid #000000)]
        LayoutBlockFlow {P} at (6,22) size 757x32
          LayoutText {#text} at (0,6) size 125x19
            text run at (0,6) width 125: "Lorem ipsum dolor "
          LayoutInline {SPAN} at (0,0) size 186x21 [border: (1px solid #0000FF) (10px solid #FFA500) (1px solid #0000FF) (10px solid #008000)]
            LayoutText {#text} at (170,6) size 131x19
              text run at (170,6) width 131 RTL override: "sit amet, consectetur "
          LayoutText {#text} at (346,6) size 332x19
            text run at (346,6) width 332: "adipisicing elit, sed do eiusmod tempor incididunt ut."
        LayoutBlockFlow {P} at (6,70) size 757x160
          LayoutText {#text} at (0,6) size 732x51
            text run at (0,6) width 588: "Lorem ipsum dolor sit amet, consectetur adipisicing elit, sed do eiusmod tempor incididunt ut "
            text run at (588,6) width 144: "labore et dolore magna"
            text run at (0,38) width 430: "aliqua. Ut enim ad minim veniam, quis nostrud exercitation ullamco "
          LayoutInline {SPAN} at (0,0) size 780x85 [border: (1px solid #0000FF) (10px solid #FFA500) (1px solid #0000FF) (10px solid #008000)]
            LayoutText {#text} at (430,38) size 780x83
              text run at (430,38) width 235 RTL override: "laboris nisi ut aliquip ex ea commodo"
              text run at (0,70) width 424 RTL override: "voluptate velit esse cillum dolore eu fugiat nulla pariatur. Excepteur"
              text run at (423,70) width 325 RTL override: "consequat. Duis aute irure dolor in reprehenderit in "
              text run at (45,102) width 590 RTL override: "non proident, sunt in culpa qui officia deserunt mollit anim id est laborum. Lorem ipsum dolor"
              text run at (634,102) width 146 RTL override: "sint occaecat cupidatat "
          LayoutText {#text} at (0,134) size 561x19
            text run at (0,134) width 561: "sit amet, consectetur adipisicing elit, sed do eiusmod tempor incididunt ut labore et dolore"
      LayoutBlockFlow {H1} at (0,349.44) size 769x20
        LayoutText {#text} at (0,0) size 89x19
          text run at (0,0) width 89: "Right-to-Left"
      LayoutBlockFlow {DIV} at (0,380.16) size 769x284 [border: (1px solid #000000)]
        LayoutBlockFlow {P} at (6,22) size 757x32
          LayoutText {#text} at (632,6) size 125x19
            text run at (632,6) width 125 RTL override: "Lorem ipsum dolor "
          LayoutInline {SPAN} at (0,0) size 186x21 [border: (1px solid #0000FF) (10px solid #FFA500) (1px solid #0000FF) (10px solid #008000)]
            LayoutText {#text} at (456,6) size 131x19
              text run at (456,6) width 131 RTL override: "sit amet, consectetur "
          LayoutText {#text} at (79,6) size 332x19
            text run at (79,6) width 332 RTL override: "adipisicing elit, sed do eiusmod tempor incididunt ut."
        LayoutBlockFlow {P} at (6,70) size 757x192
          LayoutText {#text} at (25,6) size 732x51
            text run at (25,6) width 144 RTL override: "labore et dolore magna"
            text run at (169,6) width 588 RTL override: "Lorem ipsum dolor sit amet, consectetur adipisicing elit, sed do eiusmod tempor incididunt ut "
            text run at (327,38) width 430 RTL override: "aliqua. Ut enim ad minim veniam, quis nostrud exercitation ullamco "
          LayoutInline {SPAN} at (0,0) size 780x85 [border: (1px solid #0000FF) (10px solid #FFA500) (1px solid #0000FF) (10px solid #008000)]
            LayoutText {#text} at (92,38) size 780x83
              text run at (92,38) width 235 RTL override: "laboris nisi ut aliquip ex ea commodo"
              text run at (9,70) width 424 RTL override: "voluptate velit esse cillum dolore eu fugiat nulla pariatur. Excepteur"
              text run at (433,70) width 324 RTL override: "consequat. Duis aute irure dolor in reprehenderit in "
              text run at (-22,102) width 589 RTL override: "non proident, sunt in culpa qui officia deserunt mollit anim id est laborum. Lorem ipsum dolor"
              text run at (567,102) width 145 RTL override: "sint occaecat cupidatat "
          LayoutText {#text} at (30,134) size 727x51
            text run at (30,134) width 162 RTL override: "magna aliqua. Ut enim ad"
            text run at (192,134) width 565 RTL override: "sit amet, consectetur adipisicing elit, sed do eiusmod tempor incididunt ut labore et dolore "
            text run at (312,166) width 445 RTL override: "minim veniam, quis nostrud exercitation ullamco laboris nisi ut aliquip."
