layer at (0,0) size 800x600
  LayoutView at (0,0) size 800x600
layer at (0,0) size 800x500
  LayoutBlockFlow {HTML} at (0,0) size 800x500
    LayoutBlockFlow {BODY} at (8,16) size 784x476
      LayoutBlockFlow {P} at (0,0) size 784x20
        LayoutText {#text} at (0,0) size 731x19
          text run at (0,0) width 731: "Test that when we have images sprinkled within a span, borders, paddings and margins are still calculated correctly ."
      LayoutBlockFlow {DIV} at (0,36) size 212x220 [border: (1px solid #000000)]
        LayoutBlockFlow {P} at (6,22) size 200x128
          LayoutText {#text} at (0,6) size 173x51
            text run at (0,6) width 150: "aaa bbb ccc ddd eee fff "
            text run at (149,6) width 24 RTL: "\x{5DC}\x{5DE}\x{5D4}"
            text run at (0,38) width 58 RTL: "\x{5E2}\x{5E9}\x{5D9}\x{5EA}\x{5D9} \x{5D6}\x{5D0}\x{5EA}"
            text run at (58,38) width 4: " "
            text run at (62,38) width 16: "gg"
          LayoutInline {SPAN} at (0,0) size 169x53 [border: (1px solid #0000FF) (10px solid #FFA500) (1px solid #0000FF) (10px solid #008000)]
            LayoutText {#text} at (123,38) size 44x19
              text run at (123,38) width 44: " dgnjk "
            LayoutBlockFlow {IMG} at (167,51) size 2x2 [border: (1px solid #0000FF)]
              LayoutInline {SPAN} at (0,0) size 0x0
                LayoutInline {SPAN} at (0,0) size 0x0
            LayoutText {#text} at (0,70) size 40x19
              text run at (0,70) width 40: "njkng "
          LayoutText {#text} at (85,70) size 170x51
            text run at (85,70) width 84 RTL: "\x{5D6}\x{5D0}\x{5EA} \x{2013} \x{5D0}\x{5D9}\x{5E0}\x{5D9} \x{5D9}\x{5D5}\x{5D3}\x{5E2}"
            text run at (0,102) width 29 RTL: "\x{5D1}\x{5E2}\x{5E6}\x{5DE}"
            text run at (29,102) width 141: " qqq rrr sss ttt uuu vvv"
        LayoutBlockFlow {P} at (6,166) size 200x32
          LayoutInline {SPAN} at (0,0) size 139x21 [border: (1px solid #0000FF) (10px solid #FFA500) (1px solid #0000FF) (10px solid #008000)]
            LayoutText {#text} at (45,6) size 84x19
              text run at (45,6) width 84: "Some fill text"
            LayoutBlockFlow {IMG} at (129,21) size 0x0
              LayoutInline {SPAN} at (0,0) size 0x0
                LayoutInline {SPAN} at (0,0) size 0x0
      LayoutBlockFlow {DIV} at (0,256) size 212x220 [border: (1px solid #000000)]
        LayoutBlockFlow {P} at (6,22) size 200x128
          LayoutText {#text} at (27,6) size 173x51
            text run at (27,6) width 28 RTL: " \x{5DC}\x{5DE}\x{5D4}"
            text run at (54,6) width 146: "aaa bbb ccc ddd eee fff"
            text run at (31,38) width 16: "gg"
            text run at (138,38) width 62 RTL: "\x{5E2}\x{5E9}\x{5D9}\x{5EA}\x{5D9} \x{5D6}\x{5D0}\x{5EA} "
          LayoutInline {SPAN} at (0,0) size 153x53 [border: (1px solid #0000FF) (10px solid #FFA500) (1px solid #0000FF) (10px solid #008000)]
            LayoutText {#text} at (47,38) size 44x19
              text run at (47,38) width 44: " dgnjk "
            LayoutBlockFlow {IMG} at (91,51) size 2x2 [border: (1px solid #0000FF)]
              LayoutInline {SPAN} at (0,0) size 0x0
                LayoutInline {SPAN} at (0,0) size 0x0
            LayoutText {#text} at (160,70) size 40x19
              text run at (160,70) width 4 RTL: " "
              text run at (164,70) width 36: "njkng"
          LayoutText {#text} at (31,70) size 170x51
            text run at (31,70) width 84 RTL: "\x{5D6}\x{5D0}\x{5EA} \x{2013} \x{5D0}\x{5D9}\x{5E0}\x{5D9} \x{5D9}\x{5D5}\x{5D3}\x{5E2}"
            text run at (30,102) width 137: "qqq rrr sss ttt uuu vvv"
            text run at (167,102) width 33 RTL: "\x{5D1}\x{5E2}\x{5E6}\x{5DE} "
        LayoutBlockFlow {P} at (6,166) size 200x32
          LayoutInline {SPAN} at (0,0) size 139x21 [border: (1px solid #0000FF) (10px solid #FFA500) (1px solid #0000FF) (10px solid #008000)]
            LayoutText {#text} at (71,6) size 84x19
              text run at (71,6) width 84: "Some fill text"
            LayoutBlockFlow {IMG} at (71,21) size 0x0
              LayoutInline {SPAN} at (0,0) size 0x0
                LayoutInline {SPAN} at (0,0) size 0x0
