layer at (0,0) size 800x600
  LayoutView at (0,0) size 800x600
layer at (0,0) size 800x600
  LayoutBlockFlow {HTML} at (0,0) size 800x600
    LayoutBlockFlow {BODY} at (8,8) size 784x584 [color=#008000]
      LayoutBlockFlow (anonymous) at (0,0) size 784x36
        LayoutText {#text} at (0,0) size 399x36
          text run at (0,0) width 399: "This is fixed pitch. "
        LayoutInline {FONT} at (0,0) size 50x13
          LayoutText {#text} at (399,17) size 50x13
            text run at (399,17) width 50: "This is not."
      LayoutBlockFlow (anonymous) at (0,36) size 784x31
        LayoutTable {TABLE} at (0,0) size 123x31 [border: (2px outset #808080)]
          LayoutTableSection {TBODY} at (2,2) size 119x27
            LayoutTableRow {TR} at (0,2) size 119x23
              LayoutTableCell {TD} at (2,2) size 115x23 [border: (1px inset #808080)] [r=0 c=0 rs=1 cs=1]
                LayoutText {#text} at (2,2) size 111x18
                  text run at (2,2) width 111: "This is also not."
      LayoutBlockFlow (anonymous) at (0,67) size 784x36
        LayoutInline {FONT} at (0,0) size 43x13
          LayoutText {#text} at (0,17) size 43x13
            text run at (0,17) width 43: "More text"
        LayoutText {#text} at (43,0) size 152x36
          text run at (43,0) width 152: " Ending."
