layer at (0,0) size 800x600
  LayoutView at (0,0) size 800x600
layer at (0,0) size 800x600
  LayoutBlockFlow {HTML} at (0,0) size 800x600
    LayoutBlockFlow {BODY} at (8,8) size 784x584
      LayoutBlockFlow (floating) {P} at (0,16) size 649x24 [border: (2px solid #008000)]
        LayoutText {#text} at (2,2) size 645x19
          text run at (2,2) width 645: "There should be 30px of word spacing between each word."
      LayoutBlockFlow {DIV} at (0,0) size 784x100
      LayoutTable {TABLE} at (0,100) size 100x144
        LayoutTableSection {TBODY} at (0,0) size 100x144
          LayoutTableRow {TR} at (0,0) size 100x144
            LayoutTableCell {TD} at (0,0) size 100x144 [r=0 c=0 rs=1 cs=1]
              LayoutBlockFlow {P} at (0,0) size 100x144 [border: (2px solid #008000)]
                LayoutText {#text} at (2,2) size 85x139
                  text run at (2,2) width 37: "There"
                  text run at (2,22) width 76: "should be"
                  text run at (2,42) width 64: "15px of"
                  text run at (2,62) width 33: "word"
                  text run at (2,82) width 48: "spacing"
                  text run at (2,102) width 53: "between"
                  text run at (2,122) width 85: "each word."
