layer at (0,0) size 800x600
  LayoutView at (0,0) size 800x600
layer at (0,0) size 800x600
  LayoutBlockFlow {HTML} at (0,0) size 800x600
    LayoutBlockFlow {BODY} at (8,8) size 784x584
      LayoutTable {TABLE} at (0,0) size 784x32 [border: (2px outset #808080)]
        LayoutTableSection {TBODY} at (2,2) size 780x28
          LayoutTableRow {TR} at (0,2) size 780x24
            LayoutTableCell {TD} at (2,2) size 579x24 [border: (1px inset #808080)] [r=0 c=0 rs=1 cs=1]
              LayoutText {#text} at (2,2) size 160x19
                text run at (2,2) width 160: "Big cell gets all the width"
            LayoutTableCell {TD} at (583,2) size 195x24 [border: (1px inset #808080)] [r=0 c=1 rs=1 cs=1]
              LayoutText {#text} at (2,2) size 191x19
                text run at (2,2) width 191: "Icannotbreak noicannot \x{B7}break"
