layer at (0,0) size 800x600
  LayoutView at (0,0) size 800x600
layer at (0,0) size 800x600
  LayoutBlockFlow {HTML} at (0,0) size 800x600
    LayoutBlockFlow {BODY} at (8,8) size 784x584
      LayoutTable {TABLE} at (0,0) size 784x46 [border: (2px outset #808080)]
        LayoutTableSection {TBODY} at (2,2) size 780x42
          LayoutTableRow {TR} at (0,0) size 780x42
            LayoutTableCell {TD} at (0,10) size 723x22 [border: (1px inset #808080)] [r=0 c=0 rs=1 cs=1]
              LayoutText {#text} at (1,1) size 69x19
                text run at (1,1) width 69: "A Big Cell"
            LayoutTableCell {TD} at (723,0) size 57x42 [border: (1px inset #808080)] [r=0 c=1 rs=1 cs=1]
              LayoutText {#text} at (1,1) size 33x39
                text run at (1,1) width 12: "A"
                text run at (1,21) width 33: "small"
              LayoutInline {SPAN} at (0,0) size 22x19
                LayoutText {#text} at (34,21) size 22x19
                  text run at (34,21) width 22: "cell"
      LayoutTable {TABLE} at (0,46) size 784x46 [border: (2px outset #808080)]
        LayoutTableSection {TBODY} at (2,2) size 780x42
          LayoutTableRow {TR} at (0,0) size 780x42
            LayoutTableCell {TD} at (0,10) size 716x22 [border: (1px inset #808080)] [r=0 c=0 rs=1 cs=1]
              LayoutText {#text} at (1,1) size 69x19
                text run at (1,1) width 69: "A Big Cell"
            LayoutTableCell {TD} at (716,0) size 64x42 [border: (1px inset #808080)] [r=0 c=1 rs=1 cs=1]
              LayoutText {#text} at (1,1) size 49x19
                text run at (1,1) width 49: "A small"
                text run at (50,1) width 0: " "
              LayoutInline {SPAN} at (0,0) size 22x19
                LayoutText {#text} at (1,21) size 22x19
                  text run at (1,21) width 22: "cell"
              LayoutText {#text} at (23,21) size 40x19
                text run at (23,21) width 40: "block!"
      LayoutTable {TABLE} at (0,92) size 784x26 [border: (2px outset #808080)]
        LayoutTableSection {TBODY} at (2,2) size 780x22
          LayoutTableRow {TR} at (0,0) size 780x22
            LayoutTableCell {TD} at (0,0) size 707x22 [border: (1px inset #808080)] [r=0 c=0 rs=1 cs=1]
              LayoutText {#text} at (1,1) size 69x19
                text run at (1,1) width 69: "A Big Cell"
            LayoutTableCell {TD} at (707,0) size 73x22 [border: (1px inset #808080)] [r=0 c=1 rs=1 cs=1]
              LayoutText {#text} at (1,1) size 49x19
                text run at (1,1) width 49: "A small"
              LayoutInline {SPAN} at (0,0) size 22x19
                LayoutText {#text} at (50,1) size 22x19
                  text run at (50,1) width 22: "cell"
