layer at (0,0) size 800x600
  LayoutView at (0,0) size 800x600
layer at (0,0) size 800x600
  LayoutBlockFlow {HTML} at (0,0) size 800x600
    LayoutBlockFlow {BODY} at (8,8) size 784x584
      LayoutBlockFlow {DIV} at (0,0) size 784x40
        LayoutText {#text} at (0,0) size 735x19
          text run at (0,0) width 99: "This is a test of "
          text run at (99,0) width 182: "some code to make sure that "
          text run at (281,0) width 221: "white-space gets properly ignored. "
          text run at (502,0) width 233: "If it does, then this should render the "
        LayoutInline {A} at (0,0) size 27x19 [color=#0000EE]
          LayoutText {#text} at (735,0) size 27x19
            text run at (735,0) width 27: "way"
        LayoutText {#text} at (0,20) size 366x19
          text run at (0,20) width 120: "one would expect. "
          text run at (120,20) width 246: "Hopefully it does render the way we w"
        LayoutInline {I} at (0,0) size 8x19
          LayoutText {#text} at (366,20) size 8x19
            text run at (366,20) width 8: "a"
        LayoutInline {B} at (0,0) size 9x19
          LayoutText {#text} at (374,20) size 9x19
            text run at (374,20) width 9: "n"
        LayoutText {#text} at (383,20) size 280x19
          text run at (383,20) width 40: "t it to. "
          text run at (423,20) width 83: "If it does not "
          text run at (506,20) width 90: "that would be "
          text run at (596,20) width 67: "a problem."
