layer at (0,0) size 800x600
  LayoutView at (0,0) size 800x600
layer at (0,0) size 800x600
  LayoutBlockFlow {HTML} at (0,0) size 800x600
    LayoutBlockFlow {BODY} at (8,8) size 784x584
      LayoutInline {SPAN} at (0,0) size 331x27
        LayoutText {#text} at (0,0) size 177x27
          text run at (0,0) width 177: "This is some text. "
        LayoutInline {TT} at (0,0) size 154x27
          LayoutText {#text} at (177,1) size 154x27
            text run at (177,1) width 154: "As is this."
      LayoutText {#text} at (331,0) size 344x27
        text run at (331,0) width 344: " All of this text should be 24px tall."
