layer at (0,0) size 800x600
  LayoutView at (0,0) size 800x600
layer at (0,0) size 800x146
  LayoutBlockFlow {HTML} at (0,0) size 800x146
    LayoutBlockFlow {BODY} at (8,8) size 784x130
      LayoutBlockFlow {DIV} at (0,0) size 784x40
        LayoutText {#text} at (0,0) size 99x19
          text run at (0,0) width 99: "Select this text. "
        LayoutInline {FONT} at (0,0) size 764x32
          LayoutText {#text} at (99,5) size 764x32
            text run at (99,5) width 84: "I am teeny and tiny. "
            text run at (182,5) width 298: "I am going to have lots of text but each line should retain the big height. "
            text run at (479,5) width 285: "If the lines shrink, it means that the root line box's height is not being"
            text run at (0,25) width 114: "considered and that's wrong."
        LayoutText {#text} at (0,0) size 0x0
      LayoutBlockFlow {P} at (0,56) size 784x0
      LayoutBlockFlow {DIV} at (0,56) size 784x74
        LayoutInline {FONT} at (0,0) size 778x73
          LayoutText {#text} at (0,0) size 431x36
            text run at (0,0) width 431: "This text is absolutely enormous. "
          LayoutInline {FONT} at (0,0) size 778x49
            LayoutText {#text} at (431,18) size 778x49
              text run at (431,18) width 84: "I am teeny and tiny. "
              text run at (514,18) width 264: "I am going to have lots of text but each line should retain the big"
              text run at (0,55) width 31: "height. "
              text run at (31,55) width 409: "If the lines shrink, it means that the span's line box's height is not being considered and that's wrong."
          LayoutText {#text} at (0,0) size 0x0
