layer at (0,0) size 800x600
  LayoutView at (0,0) size 800x600
layer at (0,0) size 800x600
  LayoutBlockFlow {HTML} at (0,0) size 800x600
    LayoutBlockFlow {BODY} at (8,8) size 784x584 [bgcolor=#FFFFFF]
      LayoutBlockFlow {H2} at (0,0) size 784x27
        LayoutText {#text} at (0,0) size 357x26
          text run at (0,0) width 357: "Safari Whitespace/Non-ASCII Bug"
      LayoutBlockFlow {P} at (0,46.91) size 784x40
        LayoutText {#text} at (0,0) size 765x39
          text run at (0,0) width 641: "Apart from whitespace (tab and linefeed characters), the two lists below (in red) use identical HTML. "
          text run at (641,0) width 124: "Both lists should be"
          text run at (0,20) width 581: "rendered on a single line. In Safari, however, the first list shows each item on a separate line."
      LayoutBlockFlow {P} at (0,102.91) size 784x40
        LayoutText {#text} at (0,0) size 751x39
          text run at (0,0) width 751: "This bug only seems to occur if the bullet character is non-ASCII (has a Unicode value higher than 127). Non-breaking"
          text run at (0,20) width 281: "spaces (&#160;), however, are an exception."
      LayoutBlockFlow (anonymous) at (0,158.91) size 784x80
        LayoutBR {BR} at (0,0) size 0x19
        LayoutInline {FONT} at (0,0) size 334x59 [color=#CC0000]
          LayoutText {#text} at (0,20) size 334x19
            text run at (0,20) width 69: "\x{BB} England "
            text run at (69,20) width 60: "\x{BB} Ireland "
            text run at (129,20) width 71: "\x{BB} Scotland "
            text run at (200,20) width 75: "\x{BB} Germany "
            text run at (275,20) width 59: "\x{BB} France "
          LayoutBR {BR} at (334,35) size 0x0
          LayoutBR {BR} at (0,40) size 0x19
          LayoutText {#text} at (0,60) size 334x19
            text run at (0,60) width 69: "\x{BB} England "
            text run at (69,60) width 60: "\x{BB} Ireland "
            text run at (129,60) width 71: "\x{BB} Scotland "
            text run at (200,60) width 75: "\x{BB} Germany "
            text run at (275,60) width 59: "\x{BB} France "
        LayoutText {#text} at (0,0) size 0x0
        LayoutBR {BR} at (0,0) size 0x0
