layer at (0,0) size 800x600
  LayoutView at (0,0) size 800x600
layer at (0,0) size 800x280
  LayoutBlockFlow {HTML} at (0,0) size 800x279.88
    LayoutBlockFlow {BODY} at (8,21.44) size 784x242.44
      LayoutBlockFlow {H1} at (0,0) size 784x37
        LayoutText {#text} at (0,0) size 529x36
          text run at (0,0) width 529: "Letter spacing lost for emphasized text"
      LayoutBlockFlow {P} at (0,58.44) size 784x40
        LayoutText {#text} at (0,0) size 281x19
          text run at (0,0) width 281: "This example demonstrates that text inside a "
        LayoutInline {CODE} at (0,0) size 8x16
          LayoutText {#text} at (281,3) size 8x16
            text run at (281,3) width 8: "b"
        LayoutText {#text} at (289,0) size 8x19
          text run at (289,0) width 8: ", "
        LayoutInline {CODE} at (0,0) size 8x16
          LayoutText {#text} at (297,3) size 8x16
            text run at (297,3) width 8: "i"
        LayoutText {#text} at (305,0) size 8x19
          text run at (305,0) width 8: ", "
        LayoutInline {CODE} at (0,0) size 48x16
          LayoutText {#text} at (313,3) size 48x16
            text run at (313,3) width 48: "strong"
        LayoutText {#text} at (361,0) size 21x19
          text run at (361,0) width 21: " or "
        LayoutInline {CODE} at (0,0) size 16x16
          LayoutText {#text} at (382,3) size 16x16
            text run at (382,3) width 16: "em"
        LayoutText {#text} at (398,0) size 110x19
          text run at (398,0) width 110: " element loses its "
        LayoutInline {CODE} at (0,0) size 112x16
          LayoutText {#text} at (508,3) size 112x16
            text run at (508,3) width 112: "letter-spacing"
        LayoutText {#text} at (620,0) size 781x39
          text run at (620,0) width 161: " CSS attribute that should"
          text run at (0,20) width 296: "be inherited. This was discovered in Safari 1.0."
      LayoutBlockFlow {DIV} at (0,114.44) size 784x128
        LayoutBlockFlow {P} at (0,0) size 784x20
          LayoutText {#text} at (0,0) size 131x19
            text run at (0,0) width 131: "Text inside "
          LayoutInline {B} at (0,0) size 50x19
            LayoutText {#text} at (130,0) size 50x19
              text run at (130,0) width 50: "bold"
          LayoutText {#text} at (179,0) size 101x19
            text run at (179,0) width 101: " element."
        LayoutBlockFlow {P} at (0,36) size 784x20
          LayoutText {#text} at (0,0) size 131x19
            text run at (0,0) width 131: "Text inside "
          LayoutInline {STRONG} at (0,0) size 72x19
            LayoutText {#text} at (130,0) size 72x19
              text run at (130,0) width 72: "strong"
          LayoutText {#text} at (201,0) size 102x19
            text run at (201,0) width 102: " element."
        LayoutBlockFlow {P} at (0,72) size 784x20
          LayoutText {#text} at (0,0) size 131x19
            text run at (0,0) width 131: "Text inside "
          LayoutInline {I} at (0,0) size 61x19
            LayoutText {#text} at (130,0) size 61x19
              text run at (130,0) width 61: "italic"
          LayoutText {#text} at (190,0) size 101x19
            text run at (190,0) width 101: " element."
        LayoutBlockFlow {P} at (0,108) size 784x20
          LayoutText {#text} at (0,0) size 131x19
            text run at (0,0) width 131: "Text inside "
          LayoutInline {EM} at (0,0) size 98x19
            LayoutText {#text} at (130,0) size 98x19
              text run at (130,0) width 98: "emphasis"
          LayoutText {#text} at (227,0) size 102x19
            text run at (227,0) width 102: " element."
