layer at (0,0) size 800x600
  LayoutView at (0,0) size 800x600
layer at (0,0) size 800x600
  LayoutBlockFlow {HTML} at (0,0) size 800x600
    LayoutBlockFlow {BODY} at (8,8) size 784x576
      LayoutBlockFlow {P} at (0,0) size 784x40
        LayoutText {#text} at (0,0) size 212x19
          text run at (0,0) width 212: "This tests for a regression against "
        LayoutInline {I} at (0,0) size 758x39
          LayoutInline {A} at (0,0) size 348x19 [color=#0000EE]
            LayoutText {#text} at (212,0) size 348x19
              text run at (212,0) width 348: "http://bugzilla.opendarwin.org/show_bug.cgi?id=6418"
          LayoutText {#text} at (559,0) size 758x39
            text run at (559,0) width 5: " "
            text run at (563,0) width 195: "Incorrect scrollbar when using"
            text run at (0,20) width 278: "overflow:auto and word-wrap:break-word; "
            text run at (277,20) width 88: "in some cases"
        LayoutText {#text} at (364,20) size 5x19
          text run at (364,20) width 5: "."
      LayoutBlockFlow {HR} at (0,56) size 784x2 [border: (1px inset #EEEEEE)]
      LayoutBlockFlow {P} at (0,74) size 784x20
        LayoutText {#text} at (0,0) size 261x19
          text run at (0,0) width 261: "The first line should break after \x{201C}Lorem\x{201D}."
      LayoutBlockFlow {DIV} at (0,110) size 85x42 [border: (1px solid #00FFFF)]
        LayoutText {#text} at (1,1) size 42x39
          text run at (1,1) width 42: "Lorem"
          text run at (1,21) width 38: "ipsum"
        LayoutInline {SPAN} at (0,0) size 37x19
          LayoutText {#text} at (39,21) size 37x19
            text run at (39,21) width 37: " dolor"
        LayoutText {#text} at (0,0) size 0x0
      LayoutBlockFlow {HR} at (0,160) size 784x2 [border: (1px inset #EEEEEE)]
      LayoutBlockFlow {P} at (0,178) size 784x20
        LayoutText {#text} at (0,0) size 659x19
          text run at (0,0) width 477: "The first line should break after the letter u, so that the gray border does not "
          text run at (477,0) width 182: "extend beyond the cyan box."
      LayoutBlockFlow {DIV} at (0,214) size 87x42 [border: (1px solid #00FFFF)]
        LayoutInline {SPAN} at (0,0) size 56x39 [border: none (30px solid #C0C0C0) none]
          LayoutText {#text} at (1,1) size 54x39
            text run at (1,1) width 54: "Loremip"
            text run at (1,21) width 26: "sum"
        LayoutText {#text} at (0,0) size 0x0
      LayoutBlockFlow {HR} at (0,264) size 784x2 [border: (1px inset #EEEEEE)]
      LayoutBlockFlow {P} at (0,282) size 784x20
        LayoutText {#text} at (0,0) size 609x19
          text run at (0,0) width 427: "The first line should break after the letter p, so that the text does not "
          text run at (427,0) width 182: "extend beyond the cyan box."
      LayoutBlockFlow {DIV} at (0,318) size 87x42 [border: (1px solid #00FFFF)]
        LayoutInline {SPAN} at (0,0) size 84x39 [border: none (30px solid #C0C0C0)]
          LayoutText {#text} at (31,1) size 84x39
            text run at (31,1) width 54: "Loremip"
            text run at (1,21) width 26: "sum"
        LayoutText {#text} at (0,0) size 0x0
      LayoutBlockFlow {HR} at (0,368) size 784x2 [border: (1px inset #EEEEEE)]
      LayoutBlockFlow {P} at (0,386) size 784x20
        LayoutText {#text} at (0,0) size 253x19
          text run at (0,0) width 253: "\x{201C}Dolor\x{201D} should not break into two lines."
layer at (8,430) size 39x22
  LayoutBlockFlow (positioned) {DIV} at (8,430) size 39x22
    LayoutBlockFlow {DIV} at (0,0) size 39x22 [border: (1px solid #00FFFF)]
      LayoutText {#text} at (1,1) size 37x19
        text run at (1,1) width 37: "Dolor"
