layer at (0,0) size 800x600
  LayoutView at (0,0) size 800x600
layer at (0,0) size 800x317
  LayoutBlockFlow {HTML} at (0,0) size 800x317
    LayoutBlockFlow {BODY} at (8,8) size 784x293
      LayoutBlockFlow (anonymous) at (0,0) size 784x60
        LayoutText {#text} at (0,0) size 781x59
          text run at (0,0) width 532: "Tests of WebKit's interpretation of font sizes when no absolute font size is specified. "
          text run at (531,0) width 250: "Percentages and logical keywords scale"
          text run at (0,20) width 161: "to reflect the family type. "
          text run at (161,20) width 608: "Opera 9 matches this behavior as well (except it has a bug with multiple font-family mappings as"
          text run at (0,40) width 129: "in the first example)."
      LayoutBlockFlow {PRE} at (0,73) size 784x16
        LayoutInline {SPAN} at (0,0) size 120x16
          LayoutText {#text} at (0,0) size 120x16
            text run at (0,0) width 120: "Should be 13 px"
      LayoutBlockFlow {PRE} at (0,102) size 784x16
        LayoutInline {SPAN} at (0,0) size 86x15
          LayoutText {#text} at (0,0) size 86x15
            text run at (0,0) width 86: "Should be 13px"
      LayoutBlockFlow {PRE} at (0,131) size 784x16
        LayoutInline {SPAN} at (0,0) size 86x15
          LayoutText {#text} at (0,0) size 86x15
            text run at (0,0) width 86: "Should be 13px"
      LayoutBlockFlow {P} at (0,163) size 784x20
        LayoutInline {SPAN} at (0,0) size 86x15
          LayoutText {#text} at (0,3) size 86x15
            text run at (0,3) width 86: "Should be 13px"
      LayoutBlockFlow {P} at (0,199) size 784x20
        LayoutInline {TT} at (0,0) size 100x18
          LayoutInline {SPAN} at (0,0) size 100x19
            LayoutText {#text} at (0,0) size 100x19
              text run at (0,0) width 100: "Should be 16px"
      LayoutBlockFlow {P} at (0,235) size 784x20
        LayoutInline {TT} at (0,0) size 100x16
          LayoutInline {SPAN} at (0,0) size 100x19
            LayoutText {#text} at (0,0) size 100x19
              text run at (0,0) width 100: "Should be 16px"
      LayoutBlockFlow {P} at (0,271) size 784x22
        LayoutInline {TT} at (0,0) size 124x16
          LayoutInline {SPAN} at (0,0) size 124x21
            LayoutText {#text} at (0,0) size 124x21
              text run at (0,0) width 124: "Should be 19px"
