layer at (0,0) size 800x600
  LayoutView at (0,0) size 800x600
layer at (0,0) size 800x600
  LayoutNGBlockFlow {HTML} at (0,0) size 800x600
    LayoutFrameSet {FRAMESET} at (0,0) size 800x600
layer at (0,0) size 800x200
  LayoutFrame {FRAME} at (0,0) size 800x200
    layer at (0,0) size 800x200
      LayoutView at (0,0) size 800x200
    layer at (0,0) size 800x200
      LayoutNGBlockFlow {HTML} at (0,0) size 800x200
        LayoutNGBlockFlow {BODY} at (8,8) size 784x176
          LayoutNGBlockFlow {P} at (0,0) size 784x40
            LayoutText {#text} at (0,0) size 51x19
              text run at (0,0) width 51: "Test for "
            LayoutInline {I} at (0,0) size 720x39
              LayoutInline {A} at (0,0) size 307x19 [color=#0000EE]
                LayoutText {#text} at (51,0) size 307x19
                  text run at (51,0) width 307: "https://bugs.webkit.org/show_bug.cgi?id=19348"
              LayoutText {#text} at (358,0) size 720x39
                text run at (358,0) width 362: " REGRESSION (r34193): Setting the size of a frame with"
                text run at (0,20) width 299: "javascript document.body.row no longer works"
            LayoutText {#text} at (299,20) size 4x19
              text run at (299,20) width 4: "."
          LayoutNGBlockFlow {P} at (0,56) size 784x20
            LayoutText {#text} at (0,0) size 204x19
              text run at (0,0) width 204: "This frame should be 200px tall."
    layer at (0,100) size 100x100
      LayoutNGBlockFlow (positioned) {DIV} at (0,100) size 100x100 [bgcolor=#008000]
layer at (0,206) size 800x394
  LayoutFrame {FRAME} at (0,206) size 800x394
    layer at (0,0) size 800x394
      LayoutView at (0,0) size 800x394
    layer at (0,0) size 800x394
      LayoutNGBlockFlow {HTML} at (0,0) size 800x394
        LayoutNGBlockFlow {BODY} at (8,8) size 784x378
