layer at (0,0) size 800x600
  LayoutView at (0,0) size 800x600
layer at (0,0) size 800x549
  LayoutNGBlockFlow {HTML} at (0,0) size 800x549
    LayoutNGBlockFlow {BODY} at (8,8) size 784x533
      LayoutText {#text} at (0,0) size 211x19
        text run at (0,0) width 211: "This iframe should have a border."
      LayoutBR {BR} at (211,0) size 0x0
      LayoutText {#text} at (0,0) size 0x0
      LayoutBR {BR} at (304,159) size 0x0
      LayoutText {#text} at (0,179) size 146x19
        text run at (0,179) width 146: "This iframe should not."
      LayoutBR {BR} at (146,179) size 0x0
      LayoutText {#text} at (0,0) size 0x0
      LayoutBR {BR} at (300,334) size 0x0
      LayoutText {#text} at (0,354) size 211x19
        text run at (0,354) width 211: "This iframe should have a border."
      LayoutBR {BR} at (211,354) size 0x0
      LayoutText {#text} at (0,0) size 0x0
layer at (8,28) size 304x154
  LayoutIFrame {IFRAME} at (0,20) size 304x154 [border: (2px inset #EEEEEE)]
    layer at (0,0) size 300x150
      LayoutView at (0,0) size 300x150
    layer at (0,0) size 300x150
      LayoutNGBlockFlow {HTML} at (0,0) size 300x150
        LayoutNGBlockFlow {BODY} at (8,8) size 284x134
layer at (8,207) size 300x150
  LayoutIFrame {IFRAME} at (0,199) size 300x150
    layer at (0,0) size 300x150
      LayoutView at (0,0) size 300x150
    layer at (0,0) size 300x150
      LayoutNGBlockFlow {HTML} at (0,0) size 300x150
        LayoutNGBlockFlow {BODY} at (8,8) size 284x134
layer at (8,382) size 304x154
  LayoutIFrame {IFRAME} at (0,374) size 304x154 [border: (2px inset #EEEEEE)]
    layer at (0,0) size 300x150
      LayoutView at (0,0) size 300x150
    layer at (0,0) size 300x150
      LayoutNGBlockFlow {HTML} at (0,0) size 300x150
        LayoutNGBlockFlow {BODY} at (8,8) size 284x134
