layer at (0,0) size 800x600
  LayoutView at (0,0) size 800x600
layer at (0,0) size 800x124
  LayoutBlockFlow {html} at (0,0) size 800x124
    LayoutBlockFlow {body} at (8,16) size 784x92
      LayoutBlockFlow {div} at (0,0) size 784x92
        LayoutBlockFlow {p} at (0,0) size 784x20 [bgcolor=#008000]
          LayoutText {#text} at (0,0) size 520x19
            text run at (0,0) width 368: "This paragraph should have a green background because the "
            text run at (368,0) width 152: "enclosing div is in english."
        LayoutBlockFlow {p} at (0,36) size 784x20 [bgcolor=#008000]
          LayoutText {#text} at (0,0) size 428x19
            text run at (0,0) width 346: "This paragraph should have a green background because "
            text run at (346,0) width 82: "it is in english."
        LayoutBlockFlow {div} at (0,72) size 784x20 [bgcolor=#FF0000]
          LayoutBlockFlow {p} at (0,0) size 784x20 [bgcolor=#008000]
            LayoutText {#text} at (0,0) size 428x19
              text run at (0,0) width 293: "This paragraph should have a green background "
              text run at (293,0) width 135: "because it is in english."
