layer at (0,0) size 800x600
  LayoutView at (0,0) size 800x600
layer at (0,0) size 800x148
  LayoutBlockFlow {html} at (0,0) size 800x148
    LayoutBlockFlow {body} at (8,16) size 784x116
      LayoutBlockFlow {div} at (0,0) size 784x116
        LayoutBlockFlow {p} at (0,0) size 784x20
          LayoutText {#text} at (0,0) size 241x19
            text run at (0,0) width 241: "The following two bars should be green."
        LayoutBlockFlow {div} at (16,36) size 752x32 [bgcolor=#00FF00]
        LayoutBlockFlow {div} at (16,84) size 752x32 [bgcolor=#00FF00]
