layer at (0,0) size 800x600
  LayoutView at (0,0) size 800x600
layer at (0,0) size 800x80
  LayoutBlockFlow {html} at (0,0) size 800x80
    LayoutBlockFlow {body} at (8,8) size 784x56
      LayoutBlockFlow {address} at (0,0) size 784x16 [bgcolor=#00FF00]
      LayoutBlockFlow {div} at (0,0) size 784x20
        LayoutText {#text} at (0,0) size 252x19
          text run at (0,0) width 252: "This line should have a green background."
      LayoutBlockFlow {p} at (0,36) size 784x20
        LayoutText {#text} at (0,0) size 288x19
          text run at (0,0) width 288: "(Note: This test is based on unpublished errata.)"
