layer at (0,0) size 800x600
  LayoutView at (0,0) size 800x600
layer at (0,0) size 800x196
  LayoutBlockFlow {html} at (0,0) size 800x196
    LayoutBlockFlow {body} at (8,16) size 784x164
      LayoutBlockFlow {p} at (0,0) size 784x20
        LayoutText {#text} at (0,0) size 168x19
          text run at (0,0) width 168: "This line should be unstyled."
      LayoutBlockFlow {p} at (0,36) size 784x20 [bgcolor=#00FF00]
        LayoutText {#text} at (0,0) size 252x19
          text run at (0,0) width 252: "This line should have a green background."
      LayoutBlockFlow {q} at (0,72) size 784x20 [bgcolor=#00FF00]
        LayoutText {#text} at (0,0) size 252x19
          text run at (0,0) width 252: "This line should have a green background."
      LayoutBlockFlow {p} at (0,108) size 784x20
        LayoutText {#text} at (0,0) size 175x19
          text run at (0,0) width 175: "This line should be unstyleed."
      LayoutBlockFlow {p} at (0,144) size 784x20 [bgcolor=#00FF00]
        LayoutText {#text} at (0,0) size 252x19
          text run at (0,0) width 252: "This line should have a green background."
