CONSOLE ERROR: line 27: Uncaught TypeError: document.getElementsByTagNameNS(...)[0].setIdAttribute is not a function
layer at (0,0) size 800x600
  LayoutView at (0,0) size 800x600
layer at (0,0) size 800x196
  LayoutBlockFlow {html} at (0,0) size 800x196
    LayoutBlockFlow {body} at (8,16) size 784x164
      LayoutBlockFlow {p} at (0,0) size 784x20 [color=#000080]
        LayoutText {#text} at (0,0) size 487x19
          text run at (0,0) width 487: "This test requires support for two or more of XHTML, xml:id, and DOM3 Core."
      LayoutBlockFlow {div} at (0,36) size 784x20 [color=#FF0000]
        LayoutText {#text} at (0,0) size 152x19
          text run at (0,0) width 152: "This line should be green."
      LayoutBlockFlow {p} at (0,72) size 784x20 [color=#008000]
        LayoutText {#text} at (0,0) size 152x19
          text run at (0,0) width 152: "This line should be green."
      LayoutBlockFlow {p} at (0,108) size 784x20 [color=#008000]
        LayoutText {#text} at (0,0) size 152x19
          text run at (0,0) width 152: "This line should be green."
      LayoutBlockFlow {p} at (0,144) size 784x20 [color=#008000]
        LayoutText {#text} at (0,0) size 152x19
          text run at (0,0) width 152: "This line should be green."
