layer at (0,0) size 800x600
  LayoutView at (0,0) size 800x600
layer at (0,0) size 800x52
  LayoutBlockFlow {html} at (0,0) size 800x52
    LayoutBlockFlow {body} at (8,16) size 784x20
      LayoutBlockFlow {p} at (0,0) size 784x20
        LayoutText {#text} at (0,0) size 154x19
          text run at (0,0) width 154: "The background color of "
        LayoutInline {a} at (0,0) size 47x19 [color=#0000EE]
          LayoutText {#text} at (154,0) size 47x19
            text run at (154,0) width 47: "anchors"
        LayoutText {#text} at (201,0) size 145x19
          text run at (201,0) width 4: " "
          text run at (205,0) width 141: "in this page should turn "
        LayoutInline {a} at (0,0) size 49x19 [color=#0000EE]
          LayoutText {#text} at (346,0) size 49x19
            text run at (346,0) width 49: "to green"
        LayoutText {#text} at (395,0) size 123x19
          text run at (395,0) width 123: " when they have the "
        LayoutInline {a} at (0,0) size 32x19 [color=#0000EE]
          LayoutText {#text} at (518,0) size 32x19
            text run at (518,0) width 32: "focus"
        LayoutText {#text} at (550,0) size 4x19
          text run at (550,0) width 4: "."
