layer at (0,0) size 800x600
  LayoutView at (0,0) size 800x600
layer at (0,0) size 800x44
  LayoutBlockFlow {html} at (0,0) size 800x44
    LayoutBlockFlow {body} at (8,8) size 784x20
      LayoutBlockFlow {div} at (0,0) size 784x20
        LayoutBlockFlow {t} at (0,0) size 784x20 [color=#008000]
          LayoutText {#text} at (0,0) size 273x19
            text run at (0,0) width 273: "This paragraph should be in green characters."
