layer at (0,0) size 800x600
  LayoutView at (0,0) size 800x600
layer at (0,0) size 800x88
  LayoutBlockFlow {html} at (0,0) size 800x88
    LayoutBlockFlow {body} at (8,16) size 784x56
      LayoutBlockFlow {p} at (0,0) size 784x20 [color=#00FF00]
        LayoutText {#text} at (0,0) size 154x19
          text run at (0,0) width 154: "This text should be green."
      LayoutBlockFlow {p} at (0,36) size 784x20 [color=#00FF00]
        LayoutText {#text} at (0,0) size 154x19
          text run at (0,0) width 154: "This text should be green."
