layer at (0,0) size 800x600
  LayoutView at (0,0) size 800x600
layer at (0,0) size 800x52
  LayoutBlockFlow {html} at (0,0) size 800x52
    LayoutBlockFlow {body} at (8,16) size 784x20
      LayoutBlockFlow {p} at (0,0) size 784x20
        LayoutInline {a} at (0,0) size 242x19 [color=#0000EE] [bgcolor=#00FF00]
          LayoutText {#text} at (0,0) size 242x19
            text run at (0,0) width 242: "This link should have green background."
        LayoutText {#text} at (242,0) size 141x19
          text run at (242,0) width 141: " (Don't follow this link.)"
