layer at (0,0) size 800x600
  LayoutView at (0,0) size 800x600
layer at (0,0) size 800x56
  LayoutBlockFlow {html} at (0,0) size 800x56
    LayoutBlockFlow {body} at (8,8) size 784x40
      LayoutBlockFlow {tests} at (0,0) size 784x40 [color=#008000]
        LayoutBlockFlow {testA} at (0,0) size 784x20
          LayoutText {#text} at (0,0) size 128x19
            text run at (0,0) width 128: "This should be green."
        LayoutBlockFlow {testB} at (0,20) size 784x20
          LayoutText {#text} at (0,0) size 128x19
            text run at (0,0) width 128: "This should be green."
