layer at (0,0) size 800x600
  LayoutView at (0,0) size 800x600
layer at (0,0) size 800x307
  LayoutBlockFlow {html} at (0,0) size 800x307
    LayoutBlockFlow {body} at (8,16) size 784x275
      LayoutBlockFlow {div} at (0,0) size 784x275
        LayoutBlockFlow {p} at (0,0) size 784x40
          LayoutText {#text} at (0,0) size 708x19
            text run at (0,0) width 708: "The background color of this paragraph should turn to green when the mouse pointer hovers over any of the following:"
          LayoutBR {br} at (708,0) size 0x19
          LayoutInline {strong} at (0,0) size 63x19
            LayoutText {#text} at (0,20) size 63x19
              text run at (0,20) width 63: "This text."
        LayoutBlockFlow {p} at (0,56) size 784x20
          LayoutText {#text} at (0,0) size 55x19
            text run at (0,0) width 55: "This text."
        LayoutTable {table} at (0,92) size 107x108
          LayoutTableSection (anonymous) at (0,0) size 107x108
            LayoutTableRow {tr} at (0,2) size 107x80
              LayoutTableCell {td} at (2,2) size 103x80 [r=0 c=0 rs=1 cs=1]
                LayoutTable {table} at (1,1) size 101x78
                  LayoutTableSection (anonymous) at (0,0) size 101x78
                    LayoutTableRow {tr} at (0,2) size 101x74
                      LayoutTableCell {td} at (2,2) size 97x74 [r=0 c=0 rs=1 cs=1]
                        LayoutBlockFlow {dl} at (1,17) size 95x40
                          LayoutBlockFlow {dt} at (0,0) size 95x20
                            LayoutText {#text} at (0,0) size 55x19
                              text run at (0,0) width 55: "This text."
                          LayoutBlockFlow {dd} at (40,20) size 55x20
                            LayoutText {#text} at (0,0) size 55x19
                              text run at (0,0) width 55: "This text."
            LayoutTableRow {tr} at (0,84) size 107x22
              LayoutTableCell {td} at (2,84) size 103x22 [r=1 c=0 rs=1 cs=1]
                LayoutText {#text} at (1,1) size 55x19
                  text run at (1,1) width 55: "This text."
        LayoutBlockFlow {p} at (0,216) size 784x23
          LayoutInline {sub} at (0,0) size 49x15
            LayoutText {#text} at (0,7) size 49x15
              text run at (0,7) width 49: "This text."
        LayoutBlockFlow {p} at (0,255) size 784x20
          LayoutText {#text} at (0,0) size 548x19
            text run at (0,0) width 548: "...and anything else between the top of the first paragraph and the bottom of this paragraph."
