layer at (0,0) size 800x600
  LayoutView at (0,0) size 800x600
layer at (0,0) size 800x116
  LayoutBlockFlow {html} at (0,0) size 800x116
    LayoutBlockFlow {body} at (8,8) size 784x92
      LayoutBlockFlow {div} at (0,0) size 784x92
        LayoutBlockFlow {q} at (0,0) size 784x20 [color=#FF0000]
          LayoutInline {r} at (0,0) size 113x19 [color=#00FF00]
            LayoutText {#text} at (0,0) size 113x19
              text run at (0,0) width 113: "This text should be"
          LayoutText {#text} at (113,0) size 4x19
            text run at (113,0) width 4: " "
          LayoutInline {r} at (0,0) size 113x19 [color=#00FF00]
            LayoutText {#text} at (117,0) size 113x19
              text run at (117,0) width 113: "in green characters"
          LayoutText {#text} at (0,0) size 0x0
        LayoutBlockFlow {s} at (0,36) size 784x20 [color=#00FF00]
          LayoutText {#text} at (0,0) size 230x19
            text run at (0,0) width 230: "This text should be in green characters"
        LayoutBlockFlow {p} at (0,72) size 784x20 [color=#00FF00]
          LayoutText {#text} at (0,0) size 230x19
            text run at (0,0) width 230: "This text should be in green characters"
