layer at (0,0) size 800x600
  LayoutView at (0,0) size 800x600
layer at (0,0) size 800x416
  LayoutBlockFlow {html} at (0,0) size 800x416
    LayoutBlockFlow {body} at (8,16) size 784x384
      LayoutBlockFlow {p} at (0,0) size 784x20
        LayoutText {#text} at (0,0) size 311x19
          text run at (0,0) width 311: "This paragraph is here only to fill space in the DOM"
      LayoutBlockFlow {address} at (0,36) size 784x20
        LayoutText {#text} at (0,0) size 138x19
          text run at (0,0) width 138: "And this address too.."
      LayoutBlockFlow {p} at (0,72) size 784x20
        LayoutText {#text} at (0,0) size 148x19
          text run at (0,0) width 148: "So does this paragraph !"
      LayoutBlockFlow {p} at (0,108) size 784x20 [bgcolor=#00FF00]
        LayoutText {#text} at (0,0) size 259x19
          text run at (0,0) width 259: "But this one should have green background"
      LayoutBlockFlow {dl} at (0,144) size 784x240
        LayoutBlockFlow {dt} at (0,0) size 784x20 [bgcolor=#00FF00]
          LayoutText {#text} at (0,0) size 330x19
            text run at (0,0) width 330: "First definition term that should have green background"
        LayoutBlockFlow {dd} at (40,20) size 744x20 [bgcolor=#00FF00]
          LayoutText {#text} at (0,0) size 299x19
            text run at (0,0) width 299: "First definition that should have green background"
        LayoutBlockFlow {dt} at (0,40) size 784x20
          LayoutText {#text} at (0,0) size 135x19
            text run at (0,0) width 135: "Second definition term"
        LayoutBlockFlow {dd} at (40,60) size 744x20
          LayoutText {#text} at (0,0) size 104x19
            text run at (0,0) width 104: "Second definition"
        LayoutBlockFlow {dt} at (0,80) size 784x20
          LayoutText {#text} at (0,0) size 121x19
            text run at (0,0) width 121: "Third definition term"
        LayoutBlockFlow {dd} at (40,100) size 744x20
          LayoutText {#text} at (0,0) size 90x19
            text run at (0,0) width 90: "Third definition"
        LayoutBlockFlow {dt} at (0,120) size 784x20 [bgcolor=#00FF00]
          LayoutText {#text} at (0,0) size 343x19
            text run at (0,0) width 343: "Fourth definition term that should have green background"
        LayoutBlockFlow {dd} at (40,140) size 744x20 [bgcolor=#00FF00]
          LayoutText {#text} at (0,0) size 312x19
            text run at (0,0) width 312: "Fourth definition that should have green background"
        LayoutBlockFlow {dt} at (0,160) size 784x20
          LayoutText {#text} at (0,0) size 116x19
            text run at (0,0) width 116: "Fifth definition term"
        LayoutBlockFlow {dd} at (40,180) size 744x20
          LayoutText {#text} at (0,0) size 85x19
            text run at (0,0) width 85: "Fifth definition"
        LayoutBlockFlow {dt} at (0,200) size 784x20
          LayoutText {#text} at (0,0) size 119x19
            text run at (0,0) width 119: "Sixth definition term"
        LayoutBlockFlow {dd} at (40,220) size 744x20
          LayoutText {#text} at (0,0) size 88x19
            text run at (0,0) width 88: "Sixth definition"
