layer at (0,0) size 800x600
  LayoutView at (0,0) size 800x600
layer at (0,0) size 800x188
  LayoutBlockFlow {html} at (0,0) size 800x188
    LayoutBlockFlow {body} at (8,16) size 784x164
      LayoutBlockFlow {p} at (0,0) size 784x20
        LayoutText {#text} at (0,0) size 209x19
          text run at (0,0) width 209: "This paragraph should be unstyled."
      LayoutBlockFlow {q} at (0,36) size 784x20 [bgcolor=#00FF00]
        LayoutText {#text} at (0,0) size 289x19
          text run at (0,0) width 289: "This paragraph should have a green background"
      LayoutBlockFlow {s} at (0,72) size 784x20
        LayoutText {#text} at (0,0) size 209x19
          text run at (0,0) width 209: "This paragraph should be unstyled."
      LayoutBlockFlow {r} at (0,108) size 784x20
        LayoutText {#text} at (0,0) size 209x19
          text run at (0,0) width 209: "This paragraph should be unstyled."
      LayoutBlockFlow (anonymous) at (0,144) size 784x20
        LayoutInline {t} at (0,0) size 289x19 [bgcolor=#00FF00]
          LayoutText {#text} at (0,0) size 289x19
            text run at (0,0) width 289: "This paragraph should have a green background"
        LayoutText {#text} at (0,0) size 0x0
