layer at (0,0) size 800x600
  LayoutView at (0,0) size 800x600
layer at (0,0) size 800x36
  LayoutBlockFlow {html} at (0,0) size 800x36
    LayoutBlockFlow {body} at (8,8) size 784x20
      LayoutInline {testA} at (0,0) size 489x19 [bgcolor=#00FF00]
        LayoutText {#text} at (0,0) size 489x19
          text run at (0,0) width 489: "This paragraph has no declared namespace and should have a green background."
      LayoutText {#text} at (0,0) size 0x0
