layer at (0,0) size 800x600
  LayoutView at (0,0) size 800x600
layer at (0,0) size 800x92
  LayoutBlockFlow {html} at (0,0) size 800x92
    LayoutBlockFlow {body} at (8,16) size 784x68
      LayoutBlockFlow {div} at (0,0) size 784x68
        LayoutBlockFlow {p} at (0,0) size 784x20
          LayoutText {#text} at (0,0) size 208x19
            text run at (0,0) width 208: "The following bar should be green."
        LayoutBlockFlow {div} at (0,36) size 784x0
        LayoutBlockFlow {div} at (0,36) size 784x0
        LayoutBlockFlow {div} at (0,36) size 784x32
          LayoutBlockFlow {div} at (0,0) size 784x32
            LayoutBlockFlow {div} at (0,0) size 784x0
            LayoutBlockFlow {div} at (0,0) size 784x32
              LayoutBlockFlow {div} at (0,0) size 784x32 [bgcolor=#00FF00]
