layer at (0,0) size 800x600
  LayoutView at (0,0) size 800x600
layer at (0,0) size 800x160
  LayoutBlockFlow {html} at (0,0) size 800x160
    LayoutBlockFlow {body} at (8,16) size 784x128
      LayoutBlockFlow {div} at (0,0) size 784x128
        LayoutBlockFlow {p} at (0,0) size 784x20 [bgcolor=#00FF00]
          LayoutText {#text} at (0,0) size 289x19
            text run at (0,0) width 289: "This paragraph should have a green background"
        LayoutBlockFlow {p} at (0,36) size 784x20 [bgcolor=#00FF00]
          LayoutText {#text} at (0,0) size 289x19
            text run at (0,0) width 289: "This paragraph should have a green background"
        LayoutBlockFlow {l} at (0,72) size 784x20 [bgcolor=#00FF00]
          LayoutInline {p} at (0,0) size 289x19
            LayoutText {#text} at (0,0) size 289x19
              text run at (0,0) width 180: "This paragraph should have a "
              text run at (180,0) width 109: "green background"
          LayoutText {#text} at (0,0) size 0x0
        LayoutBlockFlow {p} at (0,108) size 784x20 [bgcolor=#00FF00]
          LayoutText {#text} at (0,0) size 289x19
            text run at (0,0) width 289: "This paragraph should have a green background"
