layer at (0,0) size 800x600
  LayoutView at (0,0) size 800x600
layer at (0,0) size 800x156
  LayoutBlockFlow {html} at (0,0) size 800x156
    LayoutBlockFlow {body} at (8,8) size 784x140
      LayoutBlockFlow {tests} at (0,0) size 784x140 [color=#008000]
        LayoutBlockFlow {testA} at (0,0) size 784x20
          LayoutText {#text} at (0,0) size 128x19
            text run at (0,0) width 128: "This should be green."
        LayoutBlockFlow {testB} at (0,20) size 784x20
          LayoutText {#text} at (0,0) size 128x19
            text run at (0,0) width 128: "This should be green."
        LayoutBlockFlow {testC} at (0,40) size 784x20
          LayoutText {#text} at (0,0) size 128x19
            text run at (0,0) width 128: "This should be green."
        LayoutBlockFlow {testD} at (0,60) size 784x20
          LayoutText {#text} at (0,0) size 128x19
            text run at (0,0) width 128: "This should be green."
        LayoutBlockFlow {testE} at (0,80) size 784x20
          LayoutText {#text} at (0,0) size 128x19
            text run at (0,0) width 128: "This should be green."
        LayoutBlockFlow {testF} at (0,100) size 784x20
          LayoutText {#text} at (0,0) size 128x19
            text run at (0,0) width 128: "This should be green."
        LayoutBlockFlow {testG} at (0,120) size 784x20
          LayoutText {#text} at (0,0) size 128x19
            text run at (0,0) width 128: "This should be green."
