layer at (0,0) size 800x600
  LayoutView at (0,0) size 800x600
layer at (0,0) size 800x128
  LayoutBlockFlow {html} at (0,0) size 800x128
    LayoutBlockFlow {body} at (8,16) size 784x96
      LayoutBlockFlow {ul} at (0,0) size 784x40
        LayoutListItem {li} at (40,0) size 744x20 [bgcolor=#00FF00]
          LayoutListMarker (anonymous) at (-18,0) size 7x19: bullet
          LayoutText {#text} at (0,0) size 400x19
            text run at (0,0) width 316: "This list item should be green because its language is "
            text run at (316,0) width 84: "British English"
        LayoutListItem {li} at (40,20) size 744x20 [bgcolor=#00FF00]
          LayoutListMarker (anonymous) at (-18,0) size 7x19: bullet
          LayoutText {#text} at (0,0) size 451x19
            text run at (0,0) width 303: "This list item should be green because its language "
            text run at (303,0) width 148: "is British English (Wales)"
      LayoutBlockFlow {ol} at (0,56) size 784x40
        LayoutListItem {li} at (40,0) size 744x20
          LayoutListMarker (anonymous) at (-16,0) size 16x19: "1"
          LayoutText {#text} at (0,0) size 419x19
            text run at (0,0) width 340: "This list item should NOT be green because its language "
            text run at (340,0) width 79: "is US English"
        LayoutListItem {li} at (40,20) size 744x20
          LayoutListMarker (anonymous) at (-16,0) size 16x19: "2"
          LayoutText {#text} at (0,0) size 395x19
            text run at (0,0) width 353: "This list item should NOT be green because its language is "
            text run at (353,0) width 42: "French"
