layer at (0,0) size 800x600
  LayoutView at (0,0) size 800x600
layer at (0,0) size 800x36
  LayoutBlockFlow {html} at (0,0) size 800x36
    LayoutBlockFlow {body} at (8,8) size 784x20
      LayoutBlockFlow {address} at (0,0) size 784x20 [bgcolor=#00FF00]
        LayoutInline {span} at (0,0) size 104x19
          LayoutText {#text} at (0,0) size 104x19
            text run at (0,0) width 104: "This line should "
        LayoutText {#text} at (0,0) size 0x0
        LayoutInline {span} at (0,0) size 166x19
          LayoutText {#text} at (104,0) size 166x19
            text run at (104,0) width 166: "have a green background."
        LayoutText {#text} at (0,0) size 0x0
