EDITING DELEGATE: webViewDidChangeSelection:WebViewDidChangeSelectionNotification
EDITING DELEGATE: webViewDidChangeSelection:WebViewDidChangeSelectionNotification
EDITING DELEGATE: webViewDidChangeSelection:WebViewDidChangeSelectionNotification
EDITING DELEGATE: webViewDidChangeSelection:WebViewDidChangeSelectionNotification
EDITING DELEGATE: webViewDidChangeSelection:WebViewDidChangeSelectionNotification
EDITING DELEGATE: webViewDidChangeSelection:WebViewDidChangeSelectionNotification
EDITING DELEGATE: webViewDidChangeSelection:WebViewDidChangeSelectionNotification
EDITING DELEGATE: webViewDidChangeSelection:WebViewDidChangeSelectionNotification
EDITING DELEGATE: webViewDidChangeSelection:WebViewDidChangeSelectionNotification
EDITING DELEGATE: webViewDidChangeSelection:WebViewDidChangeSelectionNotification
EDITING DELEGATE: webViewDidChangeSelection:WebViewDidChangeSelectionNotification
EDITING DELEGATE: webViewDidChangeSelection:WebViewDidChangeSelectionNotification
EDITING DELEGATE: webViewDidChange:WebViewDidChangeNotification
layer at (0,0) size 800x600
  LayoutView at (0,0) size 800x600
layer at (0,0) size 800x600
  LayoutBlockFlow {HTML} at (0,0) size 800x600
    LayoutBlockFlow {BODY} at (8,8) size 784x584
      LayoutBlockFlow {DIV} at (0,0) size 784x241 [border: (4px solid #0000FF)]
        LayoutBlockFlow {DIV} at (20,20) size 744x69
          LayoutText {#text} at (0,0) size 64x26
            text run at (0,0) width 64: "Tests: "
          LayoutBR {BR} at (0,0) size 0x0
          LayoutText {#text} at (0,27) size 654x20
            text run at (0,27) width 654: "Our ability to \"edit around\" content the HTML editing code does not yet handle very well. "
          LayoutBR {BR} at (654,43) size 0x0
          LayoutInline {I} at (0,0) size 100x20
            LayoutText {#text} at (0,48) size 100x20
              text run at (0,48) width 100: "For this test: "
          LayoutText {#text} at (100,48) size 164x20
            text run at (100,48) width 164: "Select and delete a list."
        LayoutBlockFlow (anonymous) at (20,89) size 744x21
          LayoutBR {BR} at (0,0) size 0x20
        LayoutBlockFlow {DIV} at (20,110) size 744x111
          LayoutText {#text} at (0,0) size 189x26
            text run at (0,0) width 189: "Expected Results: "
          LayoutBR {BR} at (189,21) size 0x0
          LayoutText {#text} at (0,27) size 702x41
            text run at (0,27) width 702: "The content in the red box must exactly match the content in the green box (except for the border"
            text run at (0,48) width 52: "color). "
          LayoutBR {BR} at (52,64) size 0x0
          LayoutInline {I} at (0,0) size 100x20
            LayoutText {#text} at (0,69) size 100x20
              text run at (0,69) width 100: "For this test: "
          LayoutText {#text} at (100,69) size 698x41
            text run at (100,69) width 598: "Only list content should get deleted. Surrounding content that is not selected should"
            text run at (0,90) width 199: "(obviously) not be affected."
      LayoutBlockFlow {DIV} at (0,251) size 784x32 [border: (2px solid #008000)]
        LayoutText {#text} at (2,2) size 107x27
          text run at (2,2) width 107: "beforeafter"
      LayoutBlockFlow {DIV} at (0,293) size 784x108
        LayoutBlockFlow {DIV} at (0,0) size 784x108 [border: (2px solid #FF0000)]
          LayoutBlockFlow (anonymous) at (2,2) size 780x28
            LayoutText {#text} at (0,0) size 62x27
              text run at (0,0) width 62: "before"
          LayoutBlockFlow {UL} at (2,54) size 780x28
            LayoutListItem {LI} at (40,0) size 740x28
              LayoutListMarker (anonymous) at (-22,0) size 9x27: bullet
              LayoutText {#text} at (0,0) size 45x27
                text run at (0,0) width 45: "after"
caret: position 0 of child 0 {#text} of child 1 {LI} of child 1 {UL} of child 1 {DIV} of child 5 {DIV} of body
