layer at (0,0) size 800x600
  LayoutView at (0,0) size 800x600
layer at (0,0) size 800x170
  LayoutBlockFlow {HTML} at (0,0) size 800x170
    LayoutBlockFlow {BODY} at (8,8) size 784x154
      LayoutText {#text} at (0,0) size 0x0
layer at (8,8) size 300x150
  LayoutVideo {VIDEO} at (0,0) size 300x150
layer at (8,8) size 300x150
  LayoutFlexibleBox (relative positioned) {DIV} at (0,0) size 300x150
layer at (8,104) size 300x54
  LayoutFlexibleBox {DIV} at (0,96) size 300x54 [bgcolor=#F1F3F4]
layer at (8,104) size 300x54 scrollHeight 55
  LayoutFlexibleBox {DIV} at (0,0) size 300x54
    LayoutButton {INPUT} at (10,11) size 32x32
    LayoutButton {INPUT} at (226,11) size 32x32
    LayoutButton {INPUT} at (258,11) size 32x32
layer at (55,123) size 27x16 transparent
  LayoutBlockFlow {DIV} at (47,19) size 27.25x16
    LayoutText {#text} at (0,0) size 28x16
      text run at (0,0) width 28: "0:07"
layer at (86,123) size 35x16 transparent
  LayoutBlockFlow {DIV} at (78.25,19) size 35.03x16
    LayoutText {#text} at (0,0) size 36x16
      text run at (0,0) width 36: "/ 0:07"
layer at (121,103) size 113x56 backgroundClip at (8,104) size 300x54 clip at (8,104) size 300x54
  LayoutSlider {INPUT} at (113.28,-1) size 112.72x56 [color=#909090]
    LayoutFlexibleBox {DIV} at (16,26) size 80.72x4
layer at (137,129) size 81x4
  LayoutBlockFlow (relative positioned) {DIV} at (0,0) size 80.72x4 [bgcolor=#00000033]
layer at (206,125) size 12x12
  LayoutBlockFlow (relative positioned) {DIV} at (68.72,-4) size 12x12 [bgcolor=#000000DE]
layer at (137,129) size 81x4
  LayoutBlockFlow (positioned) {DIV} at (0,0) size 80.72x4
layer at (137,129) size 81x4
  LayoutBlockFlow (positioned) {DIV} at (0,0) size 81x4 [bgcolor=#000000DE]
layer at (218,129) size 0x4
  LayoutBlockFlow (positioned) {DIV} at (81,0) size 0x4 [bgcolor=#0000008A]
layer at (234,107) size 0x48 transparent
  LayoutSlider {INPUT} at (226,3) size 0x48 [color=#909090]
    LayoutFlexibleBox {DIV} at (0,22) size 0x4
layer at (234,129) size 12x4
  LayoutBlockFlow (relative positioned) {DIV} at (0,0) size 12x4 [bgcolor=#00000033]
    LayoutBlockFlow {DIV} at (0,-4) size 12x12 [bgcolor=#000000DE]
layer at (234,129) size 12x4
  LayoutBlockFlow (positioned) {DIV} at (0,0) size 12x4
layer at (234,129) size 0x4
  LayoutBlockFlow (positioned) {DIV} at (0,0) size 0x4 [bgcolor=#000000DE]
layer at (234,129) size 12x4
  LayoutBlockFlow (positioned) {DIV} at (0,0) size 12x4 [bgcolor=#0000008A]
