layer at (0,0) size 800x600
  LayoutView at (0,0) size 800x600
layer at (0,0) size 800x600
  LayoutBlockFlow {HTML} at (0,0) size 800x600
    LayoutBlockFlow {BODY} at (8,8) size 784x576
      LayoutBlockFlow {P} at (0,0) size 784x40 [bgcolor=#FFFFFF]
        LayoutText {#text} at (0,0) size 51x19
          text run at (0,0) width 51: "Test for "
        LayoutInline {I} at (0,0) size 760x39
          LayoutInline {A} at (0,0) size 307x19 [color=#0000EE]
            LayoutText {#text} at (51,0) size 307x19
              text run at (51,0) width 307: "https://bugs.webkit.org/show_bug.cgi?id=18445"
          LayoutText {#text} at (358,0) size 760x39
            text run at (358,0) width 4: " "
            text run at (362,0) width 398: "Assertion failure in CSSGradientValue::image() when the body"
            text run at (0,20) width 224: "element has a background gradient"
        LayoutText {#text} at (224,20) size 4x19
          text run at (224,20) width 4: "."
      LayoutBlockFlow {P} at (0,56) size 784x40 [bgcolor=#FFFFFF]
        LayoutText {#text} at (0,0) size 747x39
          text run at (0,0) width 370: "The test passes if the root element\x{2019}s background is a linear "
          text run at (370,0) width 377: "gradient from black at the top to white at the bottom, and no"
          text run at (0,20) width 59: "assertion "
          text run at (59,20) width 89: "failure occurs."
