layer at (0,0) size 800x600
  LayoutView at (0,0) size 800x600
layer at (0,0) size 800x600
  LayoutBlockFlow {HTML} at (0,0) size 800x600
    LayoutBlockFlow {BODY} at (8,8) size 784x584
      LayoutBlockFlow {P} at (0,0) size 784x40
        LayoutText {#text} at (0,0) size 771x39
          text run at (0,0) width 771: "This tests for a bug where deleting everything in a paragraph of colored text would prevent the user from changing the text"
          text run at (0,20) width 35: "color."
      LayoutBlockFlow {DIV} at (0,56) size 784x20
        LayoutInline {FONT} at (0,0) size 148x19 [color=#FF0000]
          LayoutText {#text} at (0,0) size 148x19
            text run at (0,0) width 148: "This text should be red."
        LayoutInline {FONT} at (0,0) size 155x19 [color=#0000FF]
          LayoutText {#text} at (148,0) size 155x19
            text run at (148,0) width 155: "This text should be blue."
caret: position 25 of child 0 {#text} of child 1 {FONT} of child 2 {DIV} of body
