layer at (0,0) size 800x600
  LayoutView at (0,0) size 800x600
layer at (0,0) size 800x39
  LayoutBlockFlow {HTML} at (0,0) size 800x39
    LayoutBlockFlow {BODY} at (8,8) size 784x23
      LayoutBlockFlow {DIV} at (0,0) size 784x23
        LayoutText {#text} at (0,0) size 228x22
          text run at (0,0) width 228: "wellcome should be marked"
selection start: position 0 of child 0 {#text} of child 1 {DIV} of body
selection end:   position 25 of child 0 {#text} of child 1 {DIV} of body
