layer at (0,0) size 800x600
  LayoutView at (0,0) size 800x600
layer at (0,0) size 800x196
  LayoutBlockFlow {HTML} at (0,0) size 800x196
    LayoutBlockFlow {BODY} at (8,8) size 784x180
layer at (8,8) size 100x20 scrollX 33.00 scrollWidth 133
  LayoutBlockFlow {DIV} at (0,0) size 100x20
    LayoutText {#text} at (-33,0) size 133x19
      text run at (-33,0) width 133: "markAllComposition"
layer at (8,28) size 100x20 scrollX 42.00 scrollWidth 142
  LayoutBlockFlow {DIV} at (0,20) size 100x20
    LayoutText {#text} at (-42,0) size 142x19
      text run at (-42,0) width 142: "markStartComposition"
layer at (8,48) size 100x20 scrollX 39.00 scrollWidth 139
  LayoutBlockFlow {DIV} at (0,40) size 100x20
    LayoutText {#text} at (-39,0) size 139x19
      text run at (-39,0) width 139: "markEndComposition"
layer at (8,68) size 100x20 scrollX 4.00 scrollWidth 104
  LayoutBlockFlow {DIV} at (0,60) size 100x20
    LayoutText {#text} at (-4,0) size 104x19
      text run at (-4,0) width 104: "markAllSpelling"
layer at (8,88) size 100x20 scrollX 13.00 scrollWidth 113
  LayoutBlockFlow {DIV} at (0,80) size 100x20
    LayoutText {#text} at (-13,0) size 113x19
      text run at (-13,0) width 113: "markStartSpelling"
layer at (8,108) size 100x20 scrollX 10.00 scrollWidth 110
  LayoutBlockFlow {DIV} at (0,100) size 100x20
    LayoutText {#text} at (-10,0) size 110x19
      text run at (-10,0) width 110: "markEndSpelling"
layer at (8,128) size 100x20 scrollX 21.00 scrollWidth 121
  LayoutBlockFlow {DIV} at (0,120) size 100x20
    LayoutText {#text} at (-21,0) size 121x19
      text run at (-21,0) width 121: "markAllTextMatch"
layer at (8,148) size 100x20 scrollX 30.00 scrollWidth 130
  LayoutBlockFlow {DIV} at (0,140) size 100x20
    LayoutText {#text} at (-30,0) size 130x19
      text run at (-30,0) width 130: "markStartTextMatch"
layer at (8,168) size 100x20 scrollX 27.00 scrollWidth 127
  LayoutBlockFlow {DIV} at (0,160) size 100x20
    LayoutText {#text} at (-27,0) size 127x19
      text run at (-27,0) width 127: "markEndTextMatch"
