layer at (0,0) size 800x600
  LayoutView at (0,0) size 800x600
layer at (0,0) size 800x56
  LayoutBlockFlow {HTML} at (0,0) size 800x56
    LayoutBlockFlow {BODY} at (8,8) size 784x40
      LayoutText {#text} at (0,0) size 627x19
        text run at (0,0) width 627: "This tests slow loading png images referenced from a image element inside a SVG pattern resource."
      LayoutBR {BR} at (627,0) size 0x19
      LayoutText {#text} at (0,20) size 562x19
        text run at (0,20) width 562: "You should see a 400x300 rect containing a tiled rendering of the Acid3 reference image."
layer at (10,50) size 406x306 clip at (13,53) size 400x300
  LayoutSVGRoot (positioned) {svg} at (10,50) size 406x306
    LayoutSVGHiddenContainer {defs} at (0,0) size 0x0
      LayoutSVGResourcePattern {pattern} [id="pattern"] [patternUnits=userSpaceOnUse] [patternContentUnits=userSpaceOnUse]
        LayoutSVGImage {image} at (0,0) size 800x600
    LayoutSVGRect {rect} at (0,0) size 400x300 [fill={[type=PATTERN] [id="pattern"]}] [x=0.00] [y=0.00] [width=400.00] [height=300.00]
