layer at (0,0) size 800x600
  LayoutView at (0,0) size 800x600
layer at (0,0) size 800x600
  LayoutBlockFlow {HTML} at (0,0) size 800x600
    LayoutBlockFlow {BODY} at (8,8) size 784x584
      LayoutText {#text} at (0,1) size 715x342
        text run at (0,1) width 684: "You should see"
        text run at (0,116) width 715: "pictographs of a"
        text run at (0,231) width 638: "bug and a cat."
      LayoutBR {BR} at (638,321) size 0x0
      LayoutText {#text} at (0,346) size 303x112
        text run at (0,346) width 303: "Bug: \x{D80C}\x{DDA3}"
      LayoutBR {BR} at (303,436) size 0x0
      LayoutText {#text} at (0,461) size 300x112
        text run at (0,461) width 300: "Cat: \x{D80C}\x{DCE0}"
