layer at (0,0) size 800x600
  LayoutView at (0,0) size 800x600
layer at (0,0) size 800x108
  LayoutNGBlockFlow {HTML} at (0,0) size 800x108
    LayoutNGBlockFlow {BODY} at (8,8) size 784x0
layer at (8,8) size 18x0
  LayoutNGBlockFlow (relative positioned) {DIV} at (0,0) size 18x0
    LayoutNGBlockFlow (floating) {DIV} at (8,0) size 10x100 [bgcolor=#C0C0C0]
layer at (8,8) size 62x70
  LayoutNGBlockFlow (positioned) {DIV} at (8,8) size 62.13x70
    LayoutNGBlockFlow {DIV} at (0,0) size 62.13x20
      LayoutNGBlockFlow (floating) {DIV} at (57.13,0) size 5x50 [bgcolor=#FFA500]
      LayoutNGBlockFlow {DIV} at (0,0) size 62.13x20 [bgcolor=#0000FF]
        LayoutText {#text} at (0,0) size 58x19
          text run at (0,0) width 58: "A B C D"
        LayoutNGBlockFlow (floating) {DIV} at (52.13,20) size 5x50 [bgcolor=#008000]
