layer at (0,0) size 800x600 scrollWidth 1071
  LayoutView at (0,0) size 800x600
layer at (0,0) size 800x600
  LayoutBlockFlow {HTML} at (0,0) size 800x600
    LayoutBlockFlow {BODY} at (8,8) size 784x584
      LayoutTable {TABLE} at (0,0) size 1063x110
        LayoutTableSection {TBODY} at (0,0) size 1063x110
          LayoutTableRow {TR} at (0,2) size 1063x22
            LayoutTableCell {TH} at (2,12) size 83x2 [r=0 c=0 rs=1 cs=1]
            LayoutTableCell {TH} at (87,12) size 242x2 [r=0 c=1 rs=1 cs=1]
            LayoutTableCell {TH} at (331,2) size 242x22 [r=0 c=2 rs=1 cs=1]
              LayoutText {#text} at (76,1) size 90x19
                text run at (76,1) width 90: "text-align:left"
            LayoutTableCell {TH} at (575,2) size 242x22 [r=0 c=3 rs=1 cs=1]
              LayoutText {#text} at (66,1) size 110x19
                text run at (66,1) width 110: "text-align:center"
            LayoutTableCell {TH} at (819,2) size 242x22 [r=0 c=4 rs=1 cs=1]
              LayoutText {#text} at (70,1) size 102x19
                text run at (70,1) width 102: "text-align:right"
          LayoutTableRow {TR} at (0,26) size 1063x26
            LayoutTableCell {TH} at (2,38) size 83x2 [r=1 c=0 rs=1 cs=1]
            LayoutTableCell {TD} at (87,26) size 242x26 [border: (1px solid #000000)] [r=1 c=1 rs=1 cs=1]
              LayoutFileUploadControl {INPUT} at (2,2) size 238x22 "No file chosen"
                LayoutButton {INPUT} at (0,0) size 85x22 [bgcolor=#C0C0C0] [border: (2px outset #C0C0C0)]
                  LayoutBlockFlow (anonymous) at (8,3) size 69x16
                    LayoutText {#text} at (0,0) size 69x16
                      text run at (0,0) width 69: "Choose File"
            LayoutTableCell {TD} at (331,26) size 242x26 [border: (1px solid #000000)] [r=1 c=2 rs=1 cs=1]
              LayoutFileUploadControl {INPUT} at (2,2) size 238x22 "No file chosen"
                LayoutButton {INPUT} at (0,0) size 85x22 [bgcolor=#C0C0C0] [border: (2px outset #C0C0C0)]
                  LayoutBlockFlow (anonymous) at (8,3) size 69x16
                    LayoutText {#text} at (0,0) size 69x16
                      text run at (0,0) width 69: "Choose File"
            LayoutTableCell {TD} at (575,26) size 242x26 [border: (1px solid #000000)] [r=1 c=3 rs=1 cs=1]
              LayoutFileUploadControl {INPUT} at (2,2) size 238x22 "No file chosen"
                LayoutButton {INPUT} at (0,0) size 85x22 [bgcolor=#C0C0C0] [border: (2px outset #C0C0C0)]
                  LayoutBlockFlow (anonymous) at (8,3) size 69x16
                    LayoutText {#text} at (0,0) size 69x16
                      text run at (0,0) width 69: "Choose File"
            LayoutTableCell {TD} at (819,26) size 242x26 [border: (1px solid #000000)] [r=1 c=4 rs=1 cs=1]
              LayoutFileUploadControl {INPUT} at (2,2) size 238x22 "No file chosen"
                LayoutButton {INPUT} at (0,0) size 85x22 [bgcolor=#C0C0C0] [border: (2px outset #C0C0C0)]
                  LayoutBlockFlow (anonymous) at (8,3) size 69x16
                    LayoutText {#text} at (0,0) size 69x16
                      text run at (0,0) width 69: "Choose File"
          LayoutTableRow {TR} at (0,54) size 1063x26
            LayoutTableCell {TH} at (2,56) size 83x22 [r=2 c=0 rs=1 cs=1]
              LayoutText {#text} at (1,1) size 81x19
                text run at (1,1) width 81: "direction:ltr"
            LayoutTableCell {TD} at (87,54) size 242x26 [border: (1px solid #000000)] [r=2 c=1 rs=1 cs=1]
              LayoutFileUploadControl {INPUT} at (2,2) size 238x22 "No file chosen"
                LayoutButton {INPUT} at (0,0) size 85x22 [bgcolor=#C0C0C0] [border: (2px outset #C0C0C0)]
                  LayoutBlockFlow (anonymous) at (8,3) size 69x16
                    LayoutText {#text} at (0,0) size 69x16
                      text run at (0,0) width 69: "Choose File"
            LayoutTableCell {TD} at (331,54) size 242x26 [border: (1px solid #000000)] [r=2 c=2 rs=1 cs=1]
              LayoutFileUploadControl {INPUT} at (2,2) size 238x22 "No file chosen"
                LayoutButton {INPUT} at (0,0) size 85x22 [bgcolor=#C0C0C0] [border: (2px outset #C0C0C0)]
                  LayoutBlockFlow (anonymous) at (8,3) size 69x16
                    LayoutText {#text} at (0,0) size 69x16
                      text run at (0,0) width 69: "Choose File"
            LayoutTableCell {TD} at (575,54) size 242x26 [border: (1px solid #000000)] [r=2 c=3 rs=1 cs=1]
              LayoutFileUploadControl {INPUT} at (2,2) size 238x22 "No file chosen"
                LayoutButton {INPUT} at (0,0) size 85x22 [bgcolor=#C0C0C0] [border: (2px outset #C0C0C0)]
                  LayoutBlockFlow (anonymous) at (8,3) size 69x16
                    LayoutText {#text} at (0,0) size 69x16
                      text run at (0,0) width 69: "Choose File"
            LayoutTableCell {TD} at (819,54) size 242x26 [border: (1px solid #000000)] [r=2 c=4 rs=1 cs=1]
              LayoutFileUploadControl {INPUT} at (2,2) size 238x22 "No file chosen"
                LayoutButton {INPUT} at (0,0) size 85x22 [bgcolor=#C0C0C0] [border: (2px outset #C0C0C0)]
                  LayoutBlockFlow (anonymous) at (8,3) size 69x16
                    LayoutText {#text} at (0,0) size 69x16
                      text run at (0,0) width 69: "Choose File"
          LayoutTableRow {TR} at (0,82) size 1063x26
            LayoutTableCell {TH} at (2,84) size 83x22 [r=3 c=0 rs=1 cs=1]
              LayoutText {#text} at (1,1) size 81x19
                text run at (1,1) width 81: "direction:rtl"
            LayoutTableCell {TD} at (87,82) size 242x26 [border: (1px solid #000000)] [r=3 c=1 rs=1 cs=1]
              LayoutFileUploadControl {INPUT} at (2,2) size 238x22 "No file chosen"
                LayoutButton {INPUT} at (153,0) size 85x22 [bgcolor=#C0C0C0] [border: (2px outset #C0C0C0)]
                  LayoutBlockFlow (anonymous) at (8,3) size 69x16
                    LayoutText {#text} at (0,0) size 69x16
                      text run at (0,0) width 69: "Choose File"
            LayoutTableCell {TD} at (331,82) size 242x26 [border: (1px solid #000000)] [r=3 c=2 rs=1 cs=1]
              LayoutFileUploadControl {INPUT} at (2,2) size 238x22 "No file chosen"
                LayoutButton {INPUT} at (153,0) size 85x22 [bgcolor=#C0C0C0] [border: (2px outset #C0C0C0)]
                  LayoutBlockFlow (anonymous) at (8,3) size 69x16
                    LayoutText {#text} at (0,0) size 69x16
                      text run at (0,0) width 69: "Choose File"
            LayoutTableCell {TD} at (575,82) size 242x26 [border: (1px solid #000000)] [r=3 c=3 rs=1 cs=1]
              LayoutFileUploadControl {INPUT} at (2,2) size 238x22 "No file chosen"
                LayoutButton {INPUT} at (153,0) size 85x22 [bgcolor=#C0C0C0] [border: (2px outset #C0C0C0)]
                  LayoutBlockFlow (anonymous) at (8,3) size 69x16
                    LayoutText {#text} at (0,0) size 69x16
                      text run at (0,0) width 69: "Choose File"
            LayoutTableCell {TD} at (819,82) size 242x26 [border: (1px solid #000000)] [r=3 c=4 rs=1 cs=1]
              LayoutFileUploadControl {INPUT} at (2,2) size 238x22 "No file chosen"
                LayoutButton {INPUT} at (153,0) size 85x22 [bgcolor=#C0C0C0] [border: (2px outset #C0C0C0)]
                  LayoutBlockFlow (anonymous) at (8,3) size 69x16
                    LayoutText {#text} at (0,0) size 69x16
                      text run at (0,0) width 69: "Choose File"
