layer at (0,0) size 800x600
  LayoutView at (0,0) size 800x600
layer at (0,0) size 800x600
  LayoutBlockFlow {HTML} at (0,0) size 800x600
    LayoutBlockFlow {BODY} at (8,8) size 784x576
      LayoutBlockFlow {FORM} at (0,0) size 784x37
        LayoutText {#text} at (161,18) size 4x18
          text run at (161,18) width 4: " "
        LayoutText {#text} at (326,18) size 4x18
          text run at (326,18) width 4: " "
        LayoutButton {INPUT} at (330,19) size 44.94x18 [bgcolor=#FFFFFF]
          LayoutBlockFlow (anonymous) at (8,2) size 28.94x13
            LayoutText {#text} at (0,0) size 29x13
              text run at (0,0) width 29: "Reset"
        LayoutText {#text} at (0,0) size 0x0
      LayoutBlockFlow {P} at (0,53) size 784x72
        LayoutText {#text} at (0,0) size 368x18
          text run at (0,0) width 368: "This test verifies that textarea controls are properly reset. "
        LayoutBR {BR} at (367,14) size 1x0
        LayoutText {#text} at (0,18) size 474x18
          text run at (0,18) width 474: "You should see two element IDs below, and the word \"SUCCESS\" twice: "
        LayoutBR {BR} at (473,32) size 1x0
        LayoutText {#text} at (0,36) size 174x18
          text run at (0,36) width 174: "noDefaultText: SUCCESS "
        LayoutBR {BR} at (173,50) size 1x0
        LayoutText {#text} at (0,54) size 176x18
          text run at (0,54) width 176: "hasDefaultText: SUCCESS"
layer at (8,8) size 161x32 clip at (9,9) size 159x30
  LayoutTextControl {TEXTAREA} at (0,0) size 161x32 [bgcolor=#FFFFFF] [border: (1px solid #000000)]
    LayoutBlockFlow {DIV} at (3,3) size 155x13
layer at (173,8) size 161x32 clip at (174,9) size 159x30
  LayoutTextControl {TEXTAREA} at (165,0) size 161x32 [bgcolor=#FFFFFF] [border: (1px solid #000000)]
    LayoutBlockFlow {DIV} at (3,3) size 155x13
      LayoutText {#text} at (0,0) size 67x13
        text run at (0,0) width 67: "Default Text"
