layer at (0,0) size 800x600
  LayoutView at (0,0) size 800x600
layer at (0,0) size 800x600
  LayoutBlockFlow {HTML} at (0,0) size 800x600
    LayoutBlockFlow {BODY} at (8,8) size 784x584
      LayoutBlockFlow {P} at (0,0) size 784x18
        LayoutText {#text} at (0,0) size 390x18
          text run at (0,0) width 390: "Focus field with a placeholder, then type, then delete all text."
      LayoutBlockFlow {DIV} at (0,34) size 784x32
        LayoutText {#text} at (0,0) size 0x0
layer at (8,42) size 161x32 clip at (9,43) size 159x30
  LayoutTextControl {TEXTAREA} at (0,0) size 161x32 [bgcolor=#FFFFFF] [border: (1px solid #000000)]
    LayoutBlockFlow {DIV} at (3,3) size 155x13 [color=#757575]
      LayoutText {#text} at (0,0) size 62x13
        text run at (0,0) width 62: "Placeholder"
    LayoutBlockFlow {DIV} at (3,3) size 155x13
caret: position 0 of child 1 {DIV} of {#document-fragment} of child 1 {TEXTAREA} of child 3 {DIV} of body
