layer at (0,0) size 800x600
  LayoutView at (0,0) size 800x600
layer at (0,0) size 800x145
  LayoutNGBlockFlow {HTML} at (0,0) size 800x145
    LayoutNGBlockFlow {BODY} at (8,16) size 784x121
      LayoutNGBlockFlow {P} at (0,0) size 784x40
        LayoutText {#text} at (0,0) size 754x39
          text run at (0,0) width 754: "This tests that clicking in a contenteditable div will set the caret in the right position for RTL text in a LTR block. To test"
          text run at (0,20) width 446: "manually, click the left of the text. The caret should be on the left edge."
      LayoutBlockFlow {DIV} at (0,56) size 202x45 [border: (1px solid #000000)]
        LayoutText {#text} at (11,11) size 58x22
          text run at (11,11) width 58 RTL: "\x{5E9}\x{5D3}\x{5D4} \x{5D1}\x{5D5}\x{5E8}"
      LayoutNGBlockFlow (anonymous) at (0,101) size 784x20
        LayoutText {#text} at (0,0) size 38x19
          text run at (0,0) width 38: "PASS"
        LayoutBR {BR} at (37,0) size 0x0
caret: position 0 of child 0 {#text} of child 3 {DIV} of body
