layer at (0,0) size 800x600
  LayoutView at (0,0) size 800x600
layer at (0,0) size 800x600
  LayoutNGBlockFlow {HTML} at (0,0) size 800x600
    LayoutNGBlockFlow {BODY} at (8,8) size 784x584
      LayoutNGBlockFlow {P} at (0,0) size 784x40
        LayoutText {#text} at (0,0) size 52x19
          text run at (0,0) width 52: "Test for "
        LayoutInline {I} at (0,0) size 743x39
          LayoutInline {A} at (0,0) size 302x19 [color=#0000EE]
            LayoutText {#text} at (51,0) size 302x19
              text run at (51,0) width 302: "http://bugs.webkit.org/show_bug.cgi?id=14347"
          LayoutText {#text} at (352,0) size 743x39
            text run at (352,0) width 391: " REGRESSION (r21291): Initiating a drag near the edge of a"
            text run at (0,20) width 127: "selection deselects it"
        LayoutText {#text} at (127,20) size 4x19
          text run at (127,20) width 4: "."
      LayoutNGBlockFlow {P} at (0,56) size 784x20
        LayoutText {#text} at (0,0) size 326x19
          text run at (0,0) width 326: "Drag the selected letter W into the yellow rectangle."
      LayoutNGBlockFlow {DIV} at (0,92) size 784x84
        LayoutText {#text} at (0,1) size 68x81
          text run at (0,1) width 68: "W"
      LayoutBlockFlow {DIV} at (0,176) size 784x84 [bgcolor=#FFFFCC]
        LayoutText {#text} at (0,1) size 68x81
          text run at (0,1) width 68: "W"
selection start: position 0 of child 0 {#text} of child 6 {DIV} of body
selection end:   position 1 of child 0 {#text} of child 6 {DIV} of body
