layer at (0,0) size 800x600
  LayoutView at (0,0) size 800x600
layer at (0,0) size 800x104
  LayoutNGBlockFlow {HTML} at (0,0) size 800x104
    LayoutNGBlockFlow {BODY} at (8,16) size 784x80
      LayoutNGBlockFlow {P} at (0,0) size 784x20
        LayoutText {#text} at (0,0) size 482x19
          text run at (0,0) width 482: "crbug.com/642454: Don't select part of the ellipsis when wrapping selection."
      LayoutNGBlockFlow {DL} at (200,36) size 384x44
        LayoutNGBlockFlow {DT} at (0,22) size 384x22
          LayoutText {#text} at (0,0) size 212x21
            text run at (0,0) width 212: "Lorem ipsum dolor sit amet"
layer at (248,52) size 344x22
  LayoutNGBlockFlow {DD} at (40,0) size 344x22
    LayoutText {#text} at (0,0) size 338x21
      text run at (0,0) width 319: "Lorem ipsum dolor sit amet, consetetur sa"
      text run at (319,0) width 19: "\x{2026}"
selection start: position 0 of child 0 {#text} of child 1 {DD} of child 2 {DL} of body
selection end:   position 10 of child 0 {#text} of child 3 {DT} of child 2 {DL} of body
