layer at (0,0) size 800x600
  LayoutView at (0,0) size 800x600
layer at (0,0) size 800x104
  LayoutNGBlockFlow {HTML} at (0,0) size 800x104
    LayoutNGBlockFlow {BODY} at (8,16) size 784x80
      LayoutNGBlockFlow {P} at (0,0) size 784x20
        LayoutText {#text} at (0,0) size 482x19
          text run at (0,0) width 482: "crbug.com/642454: Don't select part of the ellipsis when wrapping selection."
      LayoutNGBlockFlow {DL} at (200,36) size 384x44
        LayoutNGBlockFlow {DT} at (0,22) size 384x22
          LayoutText {#text} at (0,0) size 212x21
            text run at (0,0) width 212: "Lorem ipsum dolor sit amet"
layer at (208,52) size 344x22 scrollX 873.00 scrollWidth 1217
  LayoutNGBlockFlow {DD} at (0,0) size 344x22
    LayoutText {#text} at (-873,0) size 1217x21
      text run at (-873,0) width 5: "."
      text run at (21,0) width 323: "e magna aliquyam erat, sed diam voluptua"
      text run at (2,0) width 19: "\x{2026}"
selection start: position 0 of child 0 {#text} of child 1 {DD} of child 2 {DL} of body
selection end:   position 10 of child 0 {#text} of child 3 {DT} of child 2 {DL} of body
