EDITING DELEGATE: webViewDidChangeSelection:WebViewDidChangeSelectionNotification
EDITING DELEGATE: webViewDidChangeSelection:WebViewDidChangeSelectionNotification
EDITING DELEGATE: webViewDidChangeSelection:WebViewDidChangeSelectionNotification
EDITING DELEGATE: webViewDidChangeSelection:WebViewDidChangeSelectionNotification
EDITING DELEGATE: webViewDidChangeSelection:WebViewDidChangeSelectionNotification
layer at (0,0) size 800x600
  LayoutView at (0,0) size 800x600
layer at (0,0) size 800x600
  LayoutNGBlockFlow {HTML} at (0,0) size 800x600
    LayoutNGBlockFlow {BODY} at (8,8) size 784x584
      LayoutBlockFlow {DIV} at (0,0) size 784x84 [border: (2px solid #FF0000)]
        LayoutBlockFlow {FRIJOLE} at (14,14) size 756x56
          LayoutNGBlockFlow (anonymous) at (0,0) size 741x28
            LayoutText {#text} at (0,0) size 132x27
              text run at (0,0) width 132: "one two three"
            LayoutInline {FRIJOLE} at (0,0) size 0x27
              LayoutText {#text} at (0,0) size 0x0
          LayoutNGBlockFlow (anonymous) at (0,28) size 741x28
            LayoutBlockFlow {DOODAD} at (0,0) size 741x28
              LayoutText {#text} at (0,0) size 118x27
                text run at (0,0) width 118: "four five six"
          LayoutNGBlockFlow (anonymous) at (0,56) size 741x0
            LayoutInline {FRIJOLE} at (0,0) size 0x0
selection start: position 0 of child 0 {#text} of child 1 {DOODAD} of child 1 {FRIJOLE} of child 1 {FRIJOLE} of child 1 {DIV} of body
selection end:   position 13 of child 0 {#text} of child 1 {DOODAD} of child 1 {FRIJOLE} of child 1 {FRIJOLE} of child 1 {DIV} of body
