layer at (0,0) size 800x600
  LayoutView at (0,0) size 800x600
layer at (0,0) size 800x600
  LayoutNGBlockFlow {HTML} at (0,0) size 800x600
    LayoutNGBlockFlow {BODY} at (8,8) size 784x584
      LayoutNGBlockFlow {P} at (0,0) size 784x40
        LayoutText {#text} at (0,0) size 779x39
          text run at (0,0) width 779: "This tests creating a selection based inside a nested editable region that extends out to editable content that is inside the same"
          text run at (0,20) width 391: "highest editable root. 'One' through 'Three' should be selected."
      LayoutBlockFlow {DIV} at (0,56) size 784x60
        LayoutBlockFlow {DIV} at (0,0) size 784x20
          LayoutText {#text} at (0,0) size 27x19
            text run at (0,0) width 27: "One"
        LayoutBlockFlow {DIV} at (0,20) size 784x20
          LayoutInline {SPAN} at (0,0) size 28x19
            LayoutText {#text} at (0,0) size 28x19
              text run at (0,0) width 28: "Two"
          LayoutText {#text} at (28,0) size 4x19
            text run at (28,0) width 4: " "
          LayoutInline {SPAN} at (0,0) size 37x19
            LayoutText {#text} at (32,0) size 37x19
              text run at (32,0) width 37: "Three"
        LayoutBlockFlow {DIV} at (0,40) size 784x20
          LayoutText {#text} at (0,0) size 30x19
            text run at (0,0) width 30: "Four"
selection start: position 0 of child 0 {#text} of child 1 {DIV} of child 2 {DIV} of body
selection end:   position 5 of child 0 {#text} of child 2 {SPAN} of child 3 {DIV} of child 2 {DIV} of body
