EDITING DELEGATE: webViewDidChangeSelection:WebViewDidChangeSelectionNotification
EDITING DELEGATE: webViewDidChangeSelection:WebViewDidChangeSelectionNotification
EDITING DELEGATE: webViewDidChangeSelection:WebViewDidChangeSelectionNotification
layer at (0,0) size 800x600
  LayoutView at (0,0) size 800x600
layer at (0,0) size 800x600
  LayoutNGBlockFlow {HTML} at (0,0) size 800x600
    LayoutNGBlockFlow {BODY} at (8,8) size 784x584
      LayoutNGBlockFlow {P} at (0,0) size 784x40
        LayoutText {#text} at (0,0) size 772x39
          text run at (0,0) width 772: "This tests moving the caret backward through content of mixed editability. The caret should back to just before the outlined"
          text run at (0,20) width 34: "table."
      LayoutBlockFlow {DIV} at (0,56) size 784x70
        LayoutNGBlockFlow (anonymous) at (0,0) size 769x20
          LayoutText {#text} at (0,0) size 49x19
            text run at (0,0) width 49: "editable"
        LayoutTable {TABLE} at (0,20) size 91x30 [border: (1px outset #808080)]
          LayoutTableSection {TBODY} at (1,1) size 89x28
            LayoutTableRow {TR} at (0,2) size 89x24
              LayoutTableCell {TD} at (2,2) size 85x24 [border: (1px inset #808080)] [r=0 c=0 rs=1 cs=1]
                LayoutBlockFlow {DIV} at (2,2) size 81x20
                  LayoutInline {SPAN} at (0,0) size 32x19
                    LayoutText {#text} at (0,0) size 32x19
                      text run at (0,0) width 32: "static"
                  LayoutInline {SPAN} at (0,0) size 49x19
                    LayoutText {#text} at (32,0) size 49x19
                      text run at (32,0) width 49: "editable"
        LayoutNGBlockFlow (anonymous) at (0,50) size 769x20
          LayoutText {#text} at (0,0) size 49x19
            text run at (0,0) width 49: "editable"
caret: position 0 of child 1 {TABLE} of child 2 {DIV} of body
