layer at (0,0) size 800x600
  LayoutView at (0,0) size 800x600
layer at (0,0) size 800x600
  LayoutNGBlockFlow {HTML} at (0,0) size 800x600
    LayoutNGBlockFlow {BODY} at (8,8) size 784x584
      LayoutNGBlockFlow {P} at (0,0) size 784x40
        LayoutText {#text} at (0,0) size 778x39
          text run at (0,0) width 778: "This tests Select All when the caret is inside an editable region that is inside a non editable region. Whenever the selection is"
          text run at (0,20) width 537: "in an editable region, Select All should select the contents of the highest editable root."
      LayoutBlockFlow {DIV} at (0,56) size 784x60
        LayoutBlockFlow {DIV} at (0,0) size 784x20
          LayoutText {#text} at (0,0) size 27x19
            text run at (0,0) width 27: "One"
        LayoutBlockFlow {DIV} at (0,20) size 784x20
          LayoutInline {SPAN} at (0,0) size 29x19
            LayoutText {#text} at (0,0) size 29x19
              text run at (0,0) width 29: "Two"
          LayoutText {#text} at (28,0) size 5x19
            text run at (28,0) width 5: " "
          LayoutInline {SPAN} at (0,0) size 38x19
            LayoutText {#text} at (32,0) size 38x19
              text run at (32,0) width 38: "Three"
        LayoutBlockFlow {DIV} at (0,40) size 784x20
          LayoutText {#text} at (0,0) size 30x19
            text run at (0,0) width 30: "Four"
selection start: position 0 of child 0 {#text} of child 1 {DIV} of child 2 {DIV} of body
selection end:   position 4 of child 0 {#text} of child 5 {DIV} of child 2 {DIV} of body
