layer at (0,0) size 800x600
  LayoutView at (0,0) size 800x600
layer at (0,0) size 800x600
  LayoutNGBlockFlow {HTML} at (0,0) size 800x600
    LayoutNGBlockFlow {BODY} at (8,8) size 784x584
      LayoutNGBlockFlow {H3} at (0,0) size 784x23
        LayoutText {#text} at (0,0) size 66x22
          text run at (0,0) width 66: "Test for "
        LayoutInline {A} at (0,0) size 155x22 [color=#0000EE]
          LayoutText {#text} at (66,0) size 155x22
            text run at (66,0) width 155: "WebKit bug 29968"
        LayoutText {#text} at (221,0) size 560x22
          text run at (221,0) width 560: ": Selecting text with text-overflow ellipsis should not show cut off text"
layer at (8,50) size 95x20 scrollWidth 121
  LayoutNGBlockFlow {DIV} at (0,41.72) size 95x20
    LayoutText {#text} at (0,0) size 88x19
      text run at (0,0) width 72: "Lorem ipsu"
      text run at (72,0) width 16: "\x{2026}"
selection start: position 0 of child 0 {#text} of child 3 {DIV} of body
selection end:   position 11 of child 0 {#text} of child 3 {DIV} of body
