layer at (0,0) size 800x600
  LayoutView at (0,0) size 800x600
layer at (0,0) size 800x82
  LayoutNGBlockFlow {HTML} at (0,0) size 800x82
    LayoutNGBlockFlow {BODY} at (8,16) size 784x58
      LayoutNGBlockFlow {P} at (0,0) size 784x20
        LayoutText {#text} at (0,0) size 692x19
          text run at (0,0) width 692: "crbug.com/642454: Select all text in mixed ltr-rtl in rtl flow. None of the dots in the ellipsis should be selected."
      LayoutNGBlockFlow {DL} at (200,36) size 384x22
layer at (208,52) size 344x22 scrollX 219.00 scrollWidth 563
  LayoutNGBlockFlow {DD} at (0,0) size 344x22
    LayoutText {#text} at (23,0) size 340x21
      text run at (23,0) width 213: "\x{5D9}\x{5E0}\x{5D8}\x{5E8}\x{5E0}\x{5D8} \x{5D5}\x{5DB}\x{5D5}' \x{5D1}\x{5DE}\x{5E7}\x{5D5}\x{5DD} \x{5D4}\x{5D8}\x{5E7}\x{5E1}\x{5D8} \x{5D4}\x{5D0}"
      text run at (236,0) width 5: " "
      text run at (241,0) width 103: "Lorem ipsum"
      text run at (4,0) width 19: "\x{2026}"
selection start: position 0 of child 0 {#text} of child 1 {DD} of child 2 {DL} of body
selection end:   position 66 of child 0 {#text} of child 1 {DD} of child 2 {DL} of body
