layer at (0,0) size 800x600
  LayoutView at (0,0) size 800x600
layer at (0,0) size 800x600
  LayoutBlockFlow {HTML} at (0,0) size 800x600
    LayoutBlockFlow {BODY} at (8,8) size 784x576
      LayoutBlockFlow {P} at (0,0) size 784x18
        LayoutInline {<pseudo:before>} at (0,0) size 56x18
          LayoutInline {<pseudo:first-letter>} at (0,0) size 9x18 [color=#FFD800]
            LayoutTextFragment (anonymous) at (0,0) size 9x18
              text run at (0,0) width 9: "S"
          LayoutTextFragment (anonymous) at (8,0) size 48x18
            text run at (8,0) width 48: "pecial: "
        LayoutText {#text} at (55,0) size 603x18
          text run at (55,0) width 223: "The \"S\" to the left should be gold. "
          text run at (277,0) width 381: "This is testing :before used in conjunction with :first-letter. "
        LayoutInline {<pseudo:after>} at (0,0) size 66x18
          LayoutTextFragment (anonymous) at (657,0) size 66x18
            text run at (657,0) width 66: "[The End]"
