layer at (0,0) size 800x600
  LayoutView at (0,0) size 800x600
layer at (0,0) size 800x600
  LayoutBlockFlow {HTML} at (0,0) size 800x600
    LayoutBlockFlow {BODY} at (8,8) size 784x584
      LayoutBlockFlow (anonymous) at (0,0) size 784x18
        LayoutInline {Q} at (0,0) size 160x18
          LayoutInline {<pseudo:before>} at (0,0) size 7x18
            LayoutQuote (anonymous) at (0,0) size 7x18
              LayoutTextFragment (anonymous) at (0,0) size 7x18
                text run at (0,0) width 7: "\""
          LayoutText {#text} at (6,0) size 154x18
            text run at (6,0) width 154: "Quotes should surround"
      LayoutBlockFlow (anonymous) at (0,34) size 784x0
        LayoutBlockFlow {P} at (0,0) size 784x0
      LayoutBlockFlow (anonymous) at (0,34) size 784x18
        LayoutInline {Q} at (0,0) size 62x18
          LayoutText {#text} at (0,0) size 56x18
            text run at (0,0) width 56: "this text."
          LayoutInline {<pseudo:after>} at (0,0) size 7x18
            LayoutQuote (anonymous) at (0,0) size 7x18
              LayoutTextFragment (anonymous) at (55,0) size 7x18
                text run at (55,0) width 7: "\""
        LayoutText {#text} at (0,0) size 0x0
