layer at (0,0) size 800x600
  LayoutView at (0,0) size 800x600
layer at (0,0) size 800x600
  LayoutBlockFlow {HTML} at (0,0) size 800x600
    LayoutBlockFlow {BODY} at (8,8) size 784x576
      LayoutBlockFlow {DIV} at (0,0) size 784x18
        LayoutInline {<pseudo:first-letter>} at (0,0) size 10x18
          LayoutTextFragment (anonymous) at (0,0) size 10x18
            text run at (0,0) width 10: "T"
        LayoutTextFragment {#text} at (9,0) size 264x18
          text run at (9,0) width 264: "HIS TEXT SHOULD BE UPPERCASE."
      LayoutBlockFlow {P} at (0,34) size 784x18
        LayoutInline {<pseudo:before>} at (0,0) size 273x18
          LayoutTextFragment (anonymous) at (0,0) size 273x18
            text run at (0,0) width 273: "THIS TEXT SHOULD BE UPPERCASE."
