layer at (0,0) size 800x600
  LayoutView at (0,0) size 800x600
layer at (0,0) size 800x600
  LayoutBlockFlow {HTML} at (0,0) size 800x600
    LayoutBlockFlow {BODY} at (8,8) size 784x584
      LayoutBlockFlow {P} at (0,0) size 784x18
        LayoutText {#text} at (0,0) size 69x18
          text run at (0,0) width 69: "All of this "
        LayoutInline {SPAN} at (0,0) size 91x18
          LayoutText {#text} at (68,0) size 91x18
            text run at (68,0) width 91: "text should be"
        LayoutText {#text} at (158,0) size 45x18
          text run at (158,0) width 45: " green."
      LayoutBlockFlow {UL} at (0,34) size 784x18
        LayoutListItem {LI} at (40,0) size 744x18
          LayoutListMarker (anonymous) at (-17,0) size 7x18: bullet
          LayoutText {#text} at (0,0) size 380x18
            text run at (0,0) width 380: "All of this text should be green. The bullet should be black."
      LayoutBlockFlow {DIV} at (0,68) size 784x55 [color=#FF0000]
        LayoutInline {SPAN} at (0,0) size 437x18 [color=#008000]
          LayoutInline {<pseudo:first-letter>} at (0,0) size 35x55
            LayoutTextFragment (anonymous) at (0,0) size 35x55
              text run at (0,0) width 35: "A"
          LayoutTextFragment {#text} at (34,29) size 403x18
            text run at (34,29) width 403: "ll of this text should be green, including the big \"A\" first-letter."
      LayoutBlockFlow {P} at (0,139) size 784x0
      LayoutBlockFlow {DIV} at (0,139) size 784x18
        LayoutBlockFlow {DIV} at (0,0) size 165.75x18 [color=#FF0000]
          LayoutText {#text} at (0,0) size 166x18
            text run at (0,0) width 166: "This text should be green."
