layer at (0,0) size 800x600
  LayoutView at (0,0) size 800x600
layer at (0,0) size 800x600
  LayoutBlockFlow {HTML} at (0,0) size 800x600
    LayoutBlockFlow {BODY} at (8,8) size 784x572.09
      LayoutBlockFlow {H2} at (0,0) size 784x62.50
        LayoutBlockFlow {<pseudo:before>} at (0,0) size 784x15 [color=#D0D3DA]
          LayoutTextFragment (anonymous) at (381,0) size 22x15
            text run at (381,0) width 22: "\x{2022} \x{2022} \x{2022}"
        LayoutBlockFlow (anonymous) at (0,34.50) size 784x28
          LayoutText {#text} at (0,0) size 128x28
            text run at (0,0) width 128: "This is a test"
