layer at (0,0) size 800x600
  LayoutView at (0,0) size 800x600
layer at (0,0) size 800x600
  LayoutBlockFlow {HTML} at (0,0) size 800x600
    LayoutBlockFlow {BODY} at (8,8) size 784x584
      LayoutBlockFlow {H1} at (0,0) size 784x37
        LayoutInline {<pseudo:before>} at (0,0) size 207x37
          LayoutTextFragment (anonymous) at (0,0) size 207x37
            text run at (0,0) width 207: "First Chapter: "
        LayoutText {#text} at (206,0) size 106x37
          text run at (206,0) width 106: "TEST 1"
      LayoutBlockFlow (anonymous) at (0,58.44) size 784x18
        LayoutText {#text} at (0,0) size 242x18
          text run at (0,0) width 242: "Should read: \"First Chapter: TEST 1\""
      LayoutBlockFlow {H2} at (0,96.34) size 784x28
        LayoutInline {<pseudo:before>} at (0,0) size 100x28
          LayoutTextFragment (anonymous) at (0,0) size 100x28
            text run at (0,0) width 100: "Chapter: "
        LayoutText {#text} at (99,0) size 80x28
          text run at (99,0) width 80: "TEST 2"
      LayoutBlockFlow (anonymous) at (0,144.25) size 784x18
        LayoutText {#text} at (0,0) size 208x18
          text run at (0,0) width 208: "Should read: \"Chapter: TEST 2\""
      LayoutBlockFlow {H3} at (0,180.97) size 784x22
        LayoutInline {<pseudo:before>} at (0,0) size 116x22
          LayoutTextFragment (anonymous) at (0,0) size 116x22
            text run at (0,0) width 116: "Chapter One: "
        LayoutText {#text} at (115,0) size 63x22
          text run at (115,0) width 63: "TEST 3"
      LayoutBlockFlow (anonymous) at (0,221.69) size 784x18
        LayoutText {#text} at (0,0) size 239x18
          text run at (0,0) width 239: "Should read: \"Chapter One: TEST 3\""
      LayoutBlockFlow {H4} at (0,260.95) size 784x18
        LayoutInline {<pseudo:before>} at (0,0) size 67x18
          LayoutTextFragment (anonymous) at (0,0) size 67x18
            text run at (0,0) width 67: "Chapter: "
        LayoutText {#text} at (66,0) size 54x18
          text run at (66,0) width 54: "TEST 4"
      LayoutBlockFlow (anonymous) at (0,300.22) size 784x18
        LayoutText {#text} at (0,0) size 208x18
          text run at (0,0) width 208: "Should read: \"Chapter: TEST 4\""
