layer at (0,0) size 800x600
  LayoutView at (0,0) size 800x600
layer at (0,0) size 800x600
  LayoutBlockFlow {HTML} at (0,0) size 800x600
    LayoutBlockFlow {BODY} at (8,8) size 784x582
      LayoutBlockFlow {P} at (0,0) size 784x18
        LayoutInline {EM} at (0,0) size 641x18
          LayoutText {#text} at (0,0) size 641x18
            text run at (0,0) width 641: "When an :after rule has multiple pieces of content, older versions of Safari display them backwards."
      LayoutBlockFlow {DIV} at (10,34) size 764x51 [border: (1px solid #000000)]
        LayoutText {#text} at (11,22) size 46x18
          text run at (11,22) width 46: "Inline: "
        LayoutInline {<pseudo:after>} at (0,0) size 491x18
          LayoutTextFragment (anonymous) at (56,22) size 239x18
            text run at (56,22) width 239: "This should be before the green box. "
          LayoutImage (anonymous) at (294.92,11) size 25x25
          LayoutTextFragment (anonymous) at (319,22) size 228x18
            text run at (319,22) width 228: " This should be after the green box."
      LayoutBlockFlow {DIV} at (10,95) size 764x87 [border: (1px solid #000000)]
        LayoutText {#text} at (11,58) size 87x18
          text run at (11,58) width 87: "Inline-block: "
        LayoutBlockFlow {<pseudo:after>} at (97.64,11) size 200x65
          LayoutTextFragment (anonymous) at (0,0) size 163x47
            text run at (0,0) width 163: "This should be before the"
            text run at (0,29) width 72: "green box. "
          LayoutImage (anonymous) at (71.53,18) size 25x25
          LayoutTextFragment (anonymous) at (96,29) size 195x36
            text run at (96,29) width 99: " This should be"
            text run at (0,47) width 125: "after the green box."
      LayoutBlockFlow {DIV} at (10,192) size 764x105 [border: (1px solid #000000)]
        LayoutBlockFlow (anonymous) at (11,11) size 742x18
          LayoutText {#text} at (0,0) size 43x18
            text run at (0,0) width 43: "Block:"
        LayoutBlockFlow {<pseudo:after>} at (11,29) size 200x65
          LayoutTextFragment (anonymous) at (0,0) size 163x47
            text run at (0,0) width 163: "This should be before the"
            text run at (0,29) width 72: "green box. "
          LayoutImage (anonymous) at (71.53,18) size 25x25
          LayoutTextFragment (anonymous) at (96,29) size 195x36
            text run at (96,29) width 99: " This should be"
            text run at (0,47) width 125: "after the green box."
