layer at (0,0) size 800x600
  LayoutView at (0,0) size 800x600
layer at (0,0) size 800x600
  LayoutBlockFlow {HTML} at (0,0) size 800x600
    LayoutBlockFlow {BODY} at (8,8) size 784x584
      LayoutBlockFlow {P} at (0,0) size 784x18
        LayoutText {#text} at (0,0) size 54x18
          text run at (0,0) width 54: "Test for "
        LayoutInline {I} at (0,0) size 333x18
          LayoutInline {A} at (0,0) size 156x18 [color=#0000EE]
            LayoutText {#text} at (53,0) size 156x18
              text run at (53,0) width 156: "rdar://problem/7898436"
          LayoutText {#text} at (208,0) size 178x18
            text run at (208,0) width 178: " :after content is duplicated"
        LayoutText {#text} at (385,0) size 5x18
          text run at (385,0) width 5: "."
      LayoutBlockFlow {P} at (0,34) size 784x18
        LayoutText {#text} at (0,0) size 518x18
          text run at (0,0) width 518: "The test passed if the word \x{201C}not\x{201D} appears exactly once in the following sentence:"
      LayoutBlockFlow {DIV} at (0,68) size 784x220
        LayoutBlockFlow (anonymous) at (0,0) size 784x110
          LayoutText {#text} at (0,0) size 454x110
            text run at (0,0) width 454: "The test did"
          LayoutInline {SPAN} at (0,0) size 0x0
            LayoutInline {B} at (0,0) size 0x0
        LayoutBlockFlow (anonymous) at (0,110) size 784x0
          LayoutBlockFlow {DIV} at (0,0) size 784x0
        LayoutBlockFlow (anonymous) at (0,110) size 784x110
          LayoutInline {SPAN} at (0,0) size 147x110
            LayoutInline {B} at (0,0) size 0x0
            LayoutInline {<pseudo:after>} at (0,0) size 147x110
              LayoutTextFragment (anonymous) at (0,0) size 147x110
                text run at (0,0) width 147: "not "
          LayoutText {#text} at (146,0) size 153x110
            text run at (146,0) width 153: "fail."
