layer at (0,0) size 800x600
  LayoutView at (0,0) size 800x600
layer at (0,0) size 800x600
  LayoutBlockFlow {HTML} at (0,0) size 800x600
    LayoutBlockFlow {BODY} at (8,8) size 784x584
      LayoutBlockFlow {P} at (0,0) size 784x36
        LayoutText {#text} at (0,0) size 54x18
          text run at (0,0) width 54: "Test for "
        LayoutInline {I} at (0,0) size 661x36
          LayoutInline {A} at (0,0) size 305x18 [color=#0000EE]
            LayoutText {#text} at (53,0) size 305x18
              text run at (53,0) width 305: "http://bugs.webkit.org/show_bug.cgi?id=14221"
          LayoutText {#text} at (357,0) size 661x36
            text run at (357,0) width 5: " "
            text run at (361,0) width 300: "Repro crash (ASSERTION FAILED: oldText in"
            text run at (0,18) width 607: "LayoutBlockFlow::updateFirstLetter() during relayout of :before content with first-letter style)"
        LayoutText {#text} at (606,18) size 5x18
          text run at (606,18) width 5: "."
      LayoutBlockFlow {DIV} at (0,52) size 784x33
        LayoutInline {<pseudo:before>} at (0,0) size 47x28
          LayoutInline {<pseudo:first-letter>} at (0,0) size 18x33 [color=#008000]
            LayoutTextFragment (anonymous) at (0,0) size 18x33
              text run at (0,0) width 18: "T"
          LayoutTextFragment (anonymous) at (17,4) size 30x28
            text run at (17,4) width 30: "he "
        LayoutText {#text} at (46,4) size 406x28
          text run at (46,4) width 406: "first letter is green and larger than the rest."
