layer at (0,0) size 800x600
  LayoutView at (0,0) size 800x600
layer at (0,0) size 800x600
  LayoutBlockFlow {HTML} at (0,0) size 800x600
    LayoutBlockFlow {BODY} at (8,8) size 784x584
      LayoutBlockFlow {P} at (0,0) size 784x18
        LayoutText {#text} at (0,0) size 31x18
          text run at (0,0) width 31: "Bug "
        LayoutInline {A} at (0,0) size 45x18 [color=#0000EE]
          LayoutText {#text} at (30,0) size 45x18
            text run at (30,0) width 45: "23826 "
        LayoutText {#text} at (74,0) size 579x18
          text run at (74,0) width 579: ": Potential bug with before/after rule while moving element from one document to another"
      LayoutBlockFlow {P} at (0,34) size 784x18
        LayoutText {#text} at (0,0) size 551x18
          text run at (0,0) width 551: "This test that moving a quote element sets the before / after flag in the final document."
      LayoutBlockFlow {DIV} at (0,68) size 784x52
        LayoutBlockFlow (anonymous) at (0,0) size 784x18
          LayoutInline {Q} at (0,0) size 160x18
            LayoutInline {<pseudo:before>} at (0,0) size 7x18
              LayoutQuote (anonymous) at (0,0) size 7x18
                LayoutTextFragment (anonymous) at (0,0) size 7x18
                  text run at (0,0) width 7: "\""
            LayoutText {#text} at (6,0) size 154x18
              text run at (6,0) width 154: "Quotes should surround"
        LayoutBlockFlow (anonymous) at (0,34) size 784x0
          LayoutBlockFlow {P} at (0,0) size 784x0
        LayoutBlockFlow (anonymous) at (0,34) size 784x18
          LayoutInline {Q} at (0,0) size 62x18
            LayoutText {#text} at (0,0) size 56x18
              text run at (0,0) width 56: "this text."
            LayoutInline {<pseudo:after>} at (0,0) size 7x18
              LayoutQuote (anonymous) at (0,0) size 7x18
                LayoutTextFragment (anonymous) at (55,0) size 7x18
                  text run at (55,0) width 7: "\""
