layer at (0,0) size 800x600
  LayoutView at (0,0) size 800x600
layer at (0,0) size 800x208
  LayoutBlockFlow {HTML} at (0,0) size 800x208
    LayoutBlockFlow {BODY} at (8,8) size 784x184
      LayoutBlockFlow {DIV} at (0,0) size 784x18
        LayoutText {#text} at (0,0) size 85x18
          text run at (0,0) width 85: "This is a test "
        LayoutInline {<pseudo:after>} at (0,0) size 182x18
          LayoutTextFragment (anonymous) at (84,0) size 182x18
            text run at (84,0) width 182: "and generated hover content"
      LayoutBlockFlow {P} at (0,44) size 784x36
        LayoutText {#text} at (0,0) size 54x18
          text run at (0,0) width 54: "Test for "
        LayoutInline {I} at (0,0) size 770x36
          LayoutInline {A} at (0,0) size 353x18 [color=#0000EE]
            LayoutText {#text} at (53,0) size 353x18
              text run at (53,0) width 353: "http://bugzilla.opendarwin.org/show_bug.cgi?id=6431"
          LayoutText {#text} at (405,0) size 770x36
            text run at (405,0) width 5: " "
            text run at (409,0) width 361: "REGRESSION: style change where :hover changes only"
            text run at (0,18) width 175: "an :after style doesn't work"
        LayoutText {#text} at (174,18) size 5x18
          text run at (174,18) width 5: "."
      LayoutBlockFlow {P} at (0,96) size 784x36
        LayoutText {#text} at (0,0) size 756x36
          text run at (0,0) width 517: "The line at the top of the page should read \x{201C}This is a test and generated content\x{201D} "
          text run at (516,0) width 240: "or \x{201C}This is a test and generated hover"
          text run at (0,18) width 232: "content\x{201D} depending on whether it is "
          text run at (231,18) width 57: "hovered."
      LayoutBlockFlow {P} at (0,148) size 784x36
        LayoutText {#text} at (0,0) size 765x36
          text run at (0,0) width 765: "To reproduce the bug outside of DumpRenderTree, mouse over the div several times, and the style change won't update"
          text run at (0,18) width 72: "every time "
          text run at (71,18) width 89: "like it should."
layer at (8,34) size 784x2 clip at (0,0) size 0x0
  LayoutBlockFlow {HR} at (0,26) size 784x2 [border: (1px inset #EEEEEE)]
caret: position 3 of child 0 {#text} of child 1 {DIV} of body
