layer at (0,0) size 800x600
  LayoutView at (0,0) size 800x600
layer at (0,0) size 800x600
  LayoutBlockFlow {HTML} at (0,0) size 800x600
    LayoutBlockFlow {BODY} at (8,8) size 784x584
      LayoutBlockFlow {H1} at (0,0) size 784x37
        LayoutText {#text} at (0,0) size 91x37
          text run at (0,0) width 91: "Blocks"
      LayoutBlockFlow {DIV} at (0,58.44) size 784x18
        LayoutInline {<pseudo:before>} at (0,0) size 35x18
          LayoutTextFragment (anonymous) at (0,0) size 35x18
            text run at (0,0) width 35: "Test: "
        LayoutText {#text} at (34,0) size 48x18
          text run at (34,0) width 48: "content"
      LayoutBlockFlow {DIV} at (0,76.44) size 784x18
        LayoutBlockFlow {<pseudo:before>} at (0,0) size 30.88x18
          LayoutTextFragment (anonymous) at (0,0) size 31x18
            text run at (0,0) width 31: "Test:"
        LayoutText {#text} at (30,0) size 48x18
          text run at (30,0) width 48: "content"
      LayoutBlockFlow {DIV} at (0,94.44) size 784x18
        LayoutTable {<pseudo:before>} at (0,0) size 31x18
          LayoutTableSection (anonymous) at (0,0) size 31x18
            LayoutTableRow (anonymous) at (0,0) size 31x18
              LayoutTableCell (anonymous) at (0,0) size 31x18 [r=0 c=0 rs=1 cs=1]
                LayoutTextFragment (anonymous) at (0,0) size 31x18
                  text run at (0,0) width 31: "Test:"
        LayoutText {#text} at (31,0) size 48x18
          text run at (31,0) width 48: "content"
      LayoutBlockFlow {H1} at (0,133.88) size 784x37
        LayoutText {#text} at (0,0) size 93x37
          text run at (0,0) width 93: "Inlines"
      LayoutBlockFlow (anonymous) at (0,192.31) size 784x54
        LayoutInline {SPAN} at (0,0) size 82x18
          LayoutInline {<pseudo:before>} at (0,0) size 35x18
            LayoutTextFragment (anonymous) at (0,0) size 35x18
              text run at (0,0) width 35: "Test: "
          LayoutText {#text} at (34,0) size 48x18
            text run at (34,0) width 48: "content"
        LayoutBR {BR} at (81,14) size 1x0
        LayoutInline {SPAN} at (0,0) size 78x18
          LayoutBlockFlow {<pseudo:before>} at (0,18) size 30.88x18
            LayoutTextFragment (anonymous) at (0,0) size 31x18
              text run at (0,0) width 31: "Test:"
          LayoutText {#text} at (30,18) size 48x18
            text run at (30,18) width 48: "content"
        LayoutBR {BR} at (77,32) size 1x0
        LayoutInline {SPAN} at (0,0) size 79x18
          LayoutTable {<pseudo:before>} at (0,36) size 31x18
            LayoutTableSection (anonymous) at (0,0) size 31x18
              LayoutTableRow (anonymous) at (0,0) size 31x18
                LayoutTableCell (anonymous) at (0,0) size 31x18 [r=0 c=0 rs=1 cs=1]
                  LayoutTextFragment (anonymous) at (0,0) size 31x18
                    text run at (0,0) width 31: "Test:"
          LayoutText {#text} at (31,36) size 48x18
            text run at (31,36) width 48: "content"
        LayoutBR {BR} at (78,50) size 1x0
