layer at (0,0) size 800x600
  LayoutView at (0,0) size 800x600
layer at (0,0) size 800x600
  LayoutBlockFlow {HTML} at (0,0) size 800x600
    LayoutBlockFlow {BODY} at (8,8) size 784x576
      LayoutBlockFlow {P} at (0,0) size 784x18
        LayoutInline {<pseudo:before>} at (0,0) size 8x18
          LayoutTextFragment (anonymous) at (0,0) size 8x18
            text run at (0,0) width 8: "*"
          LayoutQuote (anonymous) at (0,0) size 0x18
            LayoutTextFragment (anonymous) at (0,0) size 0x0
        LayoutText {#text} at (8,0) size 436x18
          text run at (8,0) width 117: "This is some text. "
          text run at (124,0) width 320: "It should have a single asterisk before and after it."
        LayoutInline {<pseudo:after>} at (0,0) size 9x18
          LayoutTextFragment (anonymous) at (443,0) size 9x18
            text run at (443,0) width 9: "*"
          LayoutQuote (anonymous) at (0,0) size 1x18
            LayoutTextFragment (anonymous) at (0,0) size 0x0
