layer at (0,0) size 800x600
  LayoutView at (0,0) size 800x600
layer at (0,0) size 800x600
  LayoutBlockFlow {HTML} at (0,0) size 800x600
    LayoutBlockFlow {BODY} at (8,8) size 784x576
      LayoutBlockFlow (anonymous) at (0,0) size 784x18
        LayoutInline {SPAN} at (0,0) size 226x18
          LayoutText {#text} at (0,0) size 226x18
            text run at (0,0) width 226: "This test passes if it does not crash."
        LayoutText {#text} at (225,0) size 5x18
          text run at (225,0) width 5: " "
        LayoutBR {BR} at (229,14) size 1x0
      LayoutBlockFlow {UL} at (0,34) size 784x36
        LayoutListItem {LI} at (40,0) size 744x36
          LayoutBlockFlow (anonymous) at (0,0) size 744x0
            LayoutListMarker (anonymous) at (-17,0) size 7x18: bullet
          LayoutTable {<pseudo:before>} at (0,0) size 32x18
            LayoutTableSection (anonymous) at (0,0) size 32x18
              LayoutTableRow (anonymous) at (0,0) size 32x18
                LayoutTableCell (anonymous) at (0,0) size 32x18 [r=0 c=0 rs=1 cs=1]
                  LayoutTextFragment (anonymous) at (0,0) size 32x18
                    text run at (0,0) width 32: "hello"
          LayoutBlockFlow (anonymous) at (0,18) size 744x18
            LayoutText {#text} at (0,0) size 23x18
              text run at (0,0) width 23: "test"
