layer at (0,0) size 800x600
  LayoutView at (0,0) size 800x600
layer at (0,0) size 800x34
  LayoutBlockFlow {HTML} at (0,0) size 800x34
    LayoutBlockFlow {BODY} at (8,8) size 784x18 [color=#0000FF]
      LayoutBlockFlow {DIV} at (0,0) size 784x18
        LayoutTable (anonymous) at (0,0) size 287x18
          LayoutTableSection (anonymous) at (0,0) size 287x18
            LayoutTableRow (anonymous) at (0,0) size 287x18
              LayoutTableCell {<pseudo:before>} at (0,0) size 206x18 [r=0 c=0 rs=1 cs=1]
                LayoutTextFragment (anonymous) at (0,0) size 206x18
                  text run at (0,0) width 206: "You should just see a single line"
              LayoutTableCell {DIV} at (206,0) size 4x18 [r=0 c=1 rs=1 cs=1]
                LayoutText {#text} at (0,0) size 4x18
                  text run at (0,0) width 4: " "
              LayoutTableCell {<pseudo:after>} at (210,0) size 77x18 [r=0 c=2 rs=1 cs=1]
                LayoutTextFragment (anonymous) at (0,0) size 77x18
                  text run at (0,0) width 77: "of blue text."
