layer at (0,0) size 800x600
  LayoutView at (0,0) size 800x600
layer at (0,0) size 800x600
  LayoutBlockFlow {HTML} at (0,0) size 800x600
    LayoutBlockFlow {BODY} at (8,8) size 784x584 [color=#FF0000]
      LayoutBlockFlow {P} at (0,0) size 784x18
        LayoutText {#text} at (0,0) size 363x18
          text run at (0,0) width 363: "Should say \x{201C}BEFORE CONTENT AFTER CONTENT\x{201D}"
      LayoutTable {DIV} at (0,34) size 75x54
        LayoutTableSection (anonymous) at (0,0) size 75x54
          LayoutTableRow (anonymous) at (0,0) size 75x54
            LayoutTableCell (anonymous) at (0,0) size 75x54 [r=0 c=0 rs=1 cs=1]
              LayoutTable {<pseudo:before>} at (0,0) size 62x18
                LayoutTableSection (anonymous) at (0,0) size 62x18
                  LayoutTableRow (anonymous) at (0,0) size 62x18
                    LayoutTableCell (anonymous) at (0,0) size 62x18 [r=0 c=0 rs=1 cs=1]
                      LayoutTextFragment (anonymous) at (0,0) size 62x18
                        text run at (0,0) width 62: "BEFORE"
              LayoutBlockFlow {DIV} at (0,18) size 75x18
                LayoutText {#text} at (0,0) size 75x18
                  text run at (0,0) width 75: "CONTENT"
              LayoutTable {<pseudo:after>} at (0,36) size 51x18
                LayoutTableSection (anonymous) at (0,0) size 51x18
                  LayoutTableRow (anonymous) at (0,0) size 51x18
                    LayoutTableCell (anonymous) at (0,0) size 51x18 [r=0 c=0 rs=1 cs=1]
                      LayoutTextFragment (anonymous) at (0,0) size 51x18
                        text run at (0,0) width 51: "AFTER"
      LayoutBlockFlow (anonymous) at (0,88) size 784x18
        LayoutText {#text} at (0,0) size 75x18
          text run at (0,0) width 75: "CONTENT"
