layer at (0,0) size 800x600
  LayoutView at (0,0) size 800x600
layer at (0,0) size 800x600
  LayoutBlockFlow {HTML} at (0,0) size 800x600
    LayoutBlockFlow {BODY} at (8,8) size 784x584
      LayoutInline {A} at (0,0) size 559x18
        LayoutInline {<pseudo:before>} at (0,0) size 365x18
          LayoutTextFragment (anonymous) at (0,0) size 365x18
            text run at (0,0) width 365: "This test passes if it does not crash, and this text appears."
        LayoutText {#text} at (364,0) size 195x18
          text run at (364,0) width 195: "But it fails if this text appears."
      LayoutText {#text} at (0,0) size 0x0
