layer at (0,0) size 800x600
  LayoutView at (0,0) size 800x600
layer at (0,0) size 800x600
  LayoutBlockFlow {HTML} at (0,0) size 800x600
    LayoutBlockFlow {BODY} at (8,8) size 784x584
      LayoutBlockFlow (anonymous) at (0,0) size 784x18
        LayoutText {#text} at (0,0) size 187x18
          text run at (0,0) width 187: "You should not see any cyan."
      LayoutBlockFlow {DIV} at (0,18) size 202x27 [bgcolor=#00FFFF] [border: (1px solid #777777)]
        LayoutBlockFlow {A} at (1,1) size 200x25 [color=#0000EE] [bgcolor=#FFFFFF]
          LayoutText {#text} at (0,3) size 22x18
            text run at (0,3) width 22: "foo"
          LayoutWordBreak {WBR} at (0,0) size 0x0
          LayoutText {#text} at (21,3) size 21x18
            text run at (21,3) width 21: "bar"
