layer at (0,0) size 800x600
  LayoutView at (0,0) size 800x600
layer at (0,0) size 800x600
  LayoutBlockFlow {HTML} at (0,0) size 800x600
    LayoutBlockFlow {BODY} at (8,8) size 784x576
      LayoutBlockFlow {P} at (0,0) size 784x20
        LayoutText {#text} at (0,0) size 618x19
          text run at (0,0) width 618: "This tests the xslt document() function. If this test is successful, there should be three paragraphs below."
      LayoutBlockFlow {P} at (0,36) size 784x20
        LayoutText {#text} at (0,0) size 114x19
          text run at (0,0) width 114: "This is a paragraph"
      LayoutBlockFlow {P} at (0,72) size 784x20
        LayoutText {#text} at (0,0) size 152x19
          text run at (0,0) width 152: "This is another paragraph"
      LayoutBlockFlow {P} at (0,108) size 784x20
        LayoutText {#text} at (0,0) size 149x19
          text run at (0,0) width 149: "This is a third paragraph."
