layer at (0,0) size 800x600
  LayoutView at (0,0) size 800x600
layer at (0,0) size 800x600
  LayoutBlockFlow {HTML} at (0,0) size 800x600
    LayoutBlockFlow {BODY} at (8,8) size 784x576
      LayoutBlockFlow {P} at (0,0) size 784x20
        LayoutText {#text} at (0,0) size 479x19
          text run at (0,0) width 479: "Here is an attempt to extract the string \"Hello, Webkit!\" from the file findme.xml:"
      LayoutBlockFlow {P} at (0,36) size 784x20
        LayoutText {#text} at (0,0) size 352x19
          text run at (0,0) width 263: "using document('file:resources/findme.xml'): "
          text run at (263,0) width 89: "Hello, Webkit!"
      LayoutBlockFlow {P} at (0,72) size 784x20
        LayoutText {#text} at (0,0) size 332x19
          text run at (0,0) width 243: "using document('resources/findme.xml'): "
          text run at (243,0) width 89: "Hello, Webkit!"
