layer at (0,0) size 800x600
  LayoutView at (0,0) size 800x600
layer at (0,0) size 800x600
  LayoutBlockFlow {HTML} at (0,0) size 800x600
    LayoutBlockFlow {BODY} at (8,8) size 784x584
      LayoutBlockFlow (anonymous) at (0,0) size 784x20
        LayoutText {#text} at (0,0) size 606x19
          text run at (0,0) width 606: "The test passes if all four boxes have a radial gradient that's green in the center and black at the edge."
      LayoutBlockFlow {H1} at (0,41.44) size 784x37
        LayoutText {#text} at (0,0) size 722x36
          text run at (0,0) width 722: "Radial Gradients With One Center, Inner Radius > 0"
      LayoutBlockFlow (anonymous) at (0,99.88) size 784x155
        LayoutBlockFlow {DIV} at (0,0) size 150x150
        LayoutText {#text} at (150,135) size 4x19
          text run at (150,135) width 4: " "
        LayoutBlockFlow {DIV} at (154,0) size 150x150
        LayoutText {#text} at (0,0) size 0x0
      LayoutBlockFlow {H1} at (0,276.31) size 784x37
        LayoutText {#text} at (0,0) size 641x36
          text run at (0,0) width 641: "Radial Gradients With One, Inner Radius == 0"
      LayoutBlockFlow (anonymous) at (0,334.75) size 784x155
        LayoutBlockFlow {DIV} at (0,0) size 150x150
        LayoutText {#text} at (150,135) size 4x19
          text run at (150,135) width 4: " "
        LayoutBlockFlow {DIV} at (154,0) size 150x150
        LayoutText {#text} at (0,0) size 0x0
