EDITING DELEGATE: webViewDidChangeSelection:WebViewDidChangeSelectionNotification
EDITING DELEGATE: webViewDidChangeSelection:WebViewDidChangeSelectionNotification
EDITING DELEGATE: webViewDidChange:WebViewDidChangeNotification
layer at (0,0) size 800x600
  LayoutView at (0,0) size 800x600
layer at (0,0) size 800x600
  LayoutBlockFlow {HTML} at (0,0) size 800x600
    LayoutBlockFlow {BODY} at (8,8) size 784x584
      LayoutBlockFlow {DIV} at (0,0) size 784x56 [border: (2px solid #FF0000)]
        LayoutText {#text} at (202,14) size 285x27
          text run at (202,14) width 285: "Here is some text. Should be "
        LayoutInline {B} at (486,14) size 90x26
          LayoutText {#text} at (486,14) size 90x26
            text run at (486,14) width 90: "centered"
        LayoutText {#text} at (575,14) size 7x27
          text run at (575,14) width 7: "."
      LayoutBlockFlow {DIV} at (0,56) size 784x56 [border: (2px solid #FF0000)]
        LayoutText {#text} at (14,14) size 284x27
          text run at (14,14) width 284: "Here is some text. Should be "
        LayoutInline {B} at (298,14) size 90x26
          LayoutText {#text} at (298,14) size 90x26
            text run at (298,14) width 90: "flush left"
        LayoutText {#text} at (388,14) size 6x27
          text run at (388,14) width 6: "."
caret: position 1 of child 0 {#text} of child 1 {DIV} of body
