layer at (0,0) size 800x600
  LayoutView at (0,0) size 800x600
layer at (0,0) size 800x36
  LayoutBlockFlow {html} at (0,0) size 800x36
    LayoutBlockFlow {body} at (8,8) size 784x20 [color=#008000]
      LayoutInline {tests} at (0,0) size 540x19
        LayoutText {#text} at (0,0) size 0x0
        LayoutInline {first-child} at (0,0) size 82x19
          LayoutText {#text} at (0,0) size 82x19
            text run at (0,0) width 82: "None of this "
        LayoutText {#text} at (0,0) size 0x0
        LayoutInline {element} at (0,0) size 92x19
          LayoutText {#text} at (82,0) size 92x19
            text run at (82,0) width 92: "text should be "
        LayoutText {#text} at (0,0) size 0x0
        LayoutInline {attribute} at (0,0) size 118x19
          LayoutText {#text} at (174,0) size 118x19
            text run at (174,0) width 118: "matching the style "
        LayoutText {#text} at (0,0) size 0x0
        LayoutInline {span} at (0,0) size 95x19
          LayoutText {#text} at (292,0) size 95x19
            text run at (292,0) width 95: "rules, and thus "
        LayoutText {#text} at (0,0) size 0x0
        LayoutInline {universal} at (0,0) size 64x19
          LayoutText {#text} at (387,0) size 64x19
            text run at (387,0) width 64: "none of it "
        LayoutText {#text} at (0,0) size 0x0
        LayoutInline {span} at (0,0) size 89x19
          LayoutText {#text} at (451,0) size 89x19
            text run at (451,0) width 89: "should be red."
        LayoutText {#text} at (0,0) size 0x0
      LayoutText {#text} at (0,0) size 0x0
