layer at (0,0) size 800x600
  LayoutView at (0,0) size 800x600
layer at (0,0) size 800x600
  LayoutBlockFlow {HTML} at (0,0) size 800x600
    LayoutBlockFlow {BODY} at (8,8) size 784x584 [bgcolor=#CCCCCC]
      LayoutBlockFlow {P} at (0,0) size 784x20 [color=#000080]
        LayoutText {#text} at (0,0) size 337x19
          text run at (0,0) width 337: "The style declarations which apply to the text below are:"
      LayoutBlockFlow {PRE} at (0,36) size 784x64
        LayoutText {#text} at (0,0) size 472x64
          text run at (0,0) width 288: "P {color: navy; font-family: serif;}"
          text run at (288,0) width 0: " "
          text run at (0,16) width 472: "HTML BODY TABLE P {color: purple; font-family: sans-serif;}"
          text run at (472,16) width 0: " "
          text run at (0,32) width 224: "EM, UL LI LI {color: green;}"
          text run at (224,32) width 0: " "
          text run at (0,48) width 0: " "
      LayoutBlockFlow {P} at (0,131) size 784x20 [color=#000080]
        LayoutText {#text} at (0,0) size 591x19
          text run at (0,0) width 591: "This sentence should be navy serif in the first half of the page, but purple and sans-serif in the table."
      LayoutBlockFlow {P} at (0,167) size 784x20 [color=#000080]
        LayoutText {#text} at (0,0) size 532x19
          text run at (0,0) width 532: "This sentence should be normal for its section, except for the last word, which should be "
        LayoutInline {EM} at (0,0) size 36x19 [color=#008000]
          LayoutText {#text} at (532,0) size 36x19
            text run at (532,0) width 36: "green"
        LayoutText {#text} at (567,0) size 5x19
          text run at (567,0) width 5: "."
      LayoutBlockFlow {UL} at (0,203) size 784x40
        LayoutListItem {LI} at (40,0) size 744x40
          LayoutBlockFlow (anonymous) at (0,0) size 744x20
            LayoutListMarker (anonymous) at (-18,0) size 7x19: bullet
            LayoutInline {EM} at (0,0) size 38x19 [color=#008000]
              LayoutText {#text} at (0,0) size 38x19
                text run at (0,0) width 38: "Hello."
            LayoutText {#text} at (38,0) size 376x19
              text run at (38,0) width 4: " "
              text run at (42,0) width 372: "The first \"hello\" should be green, but this part should be black."
          LayoutBlockFlow {UL} at (0,20) size 744x20
            LayoutListItem {LI} at (40,0) size 704x20 [color=#008000]
              LayoutListMarker (anonymous) at (-18,0) size 7x19: white bullet
              LayoutText {#text} at (0,0) size 128x19
                text run at (0,0) width 128: "This should be green."
      LayoutTable {TABLE} at (0,259) size 699x165 [border: (1px outset #808080)]
        LayoutTableSection {TBODY} at (1,1) size 697x163
          LayoutTableRow {TR} at (0,0) size 697x28
            LayoutTableCell {TD} at (0,0) size 697x28 [bgcolor=#C0C0C0] [border: (1px inset #808080)] [r=0 c=0 rs=1 cs=2]
              LayoutInline {STRONG} at (0,0) size 157x19
                LayoutText {#text} at (4,4) size 157x19
                  text run at (4,4) width 157: "TABLE Testing Section"
          LayoutTableRow {TR} at (0,28) size 697x135
            LayoutTableCell {TD} at (0,81) size 12x28 [bgcolor=#C0C0C0] [border: (1px inset #808080)] [r=1 c=0 rs=1 cs=1]
              LayoutText {#text} at (4,4) size 4x19
                text run at (4,4) width 4: " "
            LayoutTableCell {TD} at (12,28) size 685x135 [border: (1px inset #808080)] [r=1 c=1 rs=1 cs=1]
              LayoutBlockFlow {P} at (4,4) size 677x19 [color=#800080]
                LayoutText {#text} at (0,0) size 677x18
                  text run at (0,0) width 677: "This sentence should be navy serif in the first half of the page, but purple and sans-serif in the table."
              LayoutBlockFlow {P} at (4,39) size 677x20 [color=#800080]
                LayoutText {#text} at (0,1) size 603x18
                  text run at (0,1) width 603: "This sentence should be normal for its section, except for the last word, which should be "
                LayoutInline {EM} at (0,0) size 41x19 [color=#008000]
                  LayoutText {#text} at (603,0) size 41x19
                    text run at (603,0) width 41: "green"
                LayoutText {#text} at (644,1) size 4x18
                  text run at (644,1) width 4: "."
              LayoutBlockFlow {UL} at (4,75) size 677x40
                LayoutListItem {LI} at (40,0) size 637x40
                  LayoutBlockFlow (anonymous) at (0,0) size 637x20
                    LayoutListMarker (anonymous) at (-18,0) size 7x19: bullet
                    LayoutInline {EM} at (0,0) size 38x19 [color=#008000]
                      LayoutText {#text} at (0,0) size 38x19
                        text run at (0,0) width 38: "Hello."
                    LayoutText {#text} at (38,0) size 376x19
                      text run at (38,0) width 4: " "
                      text run at (42,0) width 372: "The first \"hello\" should be green, but this part should be black."
                  LayoutBlockFlow {UL} at (0,20) size 637x20
                    LayoutListItem {LI} at (40,0) size 597x20 [color=#008000]
                      LayoutListMarker (anonymous) at (-18,0) size 7x19: white bullet
                      LayoutText {#text} at (0,0) size 128x19
                        text run at (0,0) width 128: "This should be green."
layer at (8,121) size 784x2 clip at (0,0) size 0x0
  LayoutBlockFlow {HR} at (0,113) size 784x2 [border: (1px inset #EEEEEE)]
