layer at (0,0) size 800x600
  LayoutView at (0,0) size 800x600
layer at (0,0) size 800x0
  LayoutBlockFlow {html} at (0,0) size 800x0
layer at (0,0) size 800x20
  LayoutBlockFlow (positioned) {head} at (0,0) size 800x20 [bgcolor=#FFFF00]
layer at (0,0) size 800x20
  LayoutBlockFlow (positioned) {body} at (0,0) size 800x20 [color=#000080] [bgcolor=#FFFFFF]
    LayoutBlockFlow {p} at (0,0) size 800x20
      LayoutText {#text} at (0,0) size 258x19
        text run at (0,0) width 258: "This line should have a yellow background."
