layer at (0,0) size 800x600
  LayoutView at (0,0) size 800x600
layer at (0,0) size 800x406
  LayoutBlockFlow {html} at (0,0) size 800x406
    LayoutBlockFlow {body} at (8,16) size 784x374
      LayoutBlockFlow {p} at (0,0) size 784x18
        LayoutText {#text} at (0,0) size 438x18
          text run at (0,0) width 438: "There should be two identical blue squares below, and no scrollbars."
      LayoutBlockFlow {div} at (0,34) size 160x160 [bgcolor=#000080]
      LayoutBlockFlow {p} at (0,210) size 784x164
layer at (8,226) size 160x160
  LayoutIFrame {iframe} at (0,0) size 160x160 [bgcolor=#FF0000]
    layer at (0,0) size 160x160
      LayoutView at (0,0) size 160x160
    layer at (0,0) size 160x160
      LayoutSVGRoot {svg} at (0,0) size 160x160
        LayoutSVGRect {rect} at (0,0) size 160x160 [fill={[type=SOLID] [color=#000080]}] [x=0.00] [y=0.00] [width=160.00] [height=160.00]
