layer at (0,0) size 800x600
  LayoutView at (0,0) size 800x600
layer at (0,0) size 800x278
  LayoutBlockFlow {html} at (0,0) size 800x278
    LayoutBlockFlow {body} at (8,16) size 784x254
      LayoutBlockFlow {p} at (0,0) size 784x18 [color=#000080]
        LayoutText {#text} at (0,0) size 493x18
          text run at (0,0) width 493: "Zoom in and out. The following two squares should always be the same size."
      LayoutBlockFlow {div} at (0,34) size 100x100 [bgcolor=#000080]
      LayoutBlockFlow (anonymous) at (0,150) size 784x104
        LayoutSVGRoot {svg} at (0,0) size 100x100
          LayoutSVGRect {rect} at (0,0) size 100x100 [fill={[type=SOLID] [color=#000080]}] [x=0.00] [y=0.00] [width=100.00] [height=100.00]
        LayoutText {#text} at (0,0) size 0x0
