layer at (0,0) size 800x600
  LayoutView at (0,0) size 800x600
layer at (0,0) size 800x600
  LayoutBlockFlow {HTML} at (0,0) size 800x600
    LayoutBlockFlow {BODY} at (8,8) size 784x576
      LayoutBlockFlow {CENTER} at (0,0) size 784x132
        LayoutTable {TABLE} at (339,0) size 106x80
          LayoutTableSection {THEAD} at (0,0) size 106x20
            LayoutTableRow {TR} at (0,0) size 106x20
              LayoutTableCell {TD} at (0,0) size 35x20 [r=0 c=0 rs=1 cs=1]
                LayoutText {#text} at (1,1) size 29x18
                  text run at (1,1) width 29: "EST"
              LayoutTableCell {TD} at (35,0) size 31x20 [border: none none none (1px solid #808080)] [r=0 c=1 rs=1 cs=1]
                LayoutText {#text} at (2,1) size 28x18
                  text run at (2,1) width 28: "1am"
              LayoutTableCell {TD} at (66,0) size 40x20 [border: none none none (1px solid #808080)] [r=0 c=2 rs=1 cs=1]
                LayoutText {#text} at (2,1) size 29x18
                  text run at (2,1) width 29: "8pm"
          LayoutTableSection {TBODY} at (0,20) size 106x40
            LayoutTableRow {TR} at (0,0) size 106x20
              LayoutTableCell {TD} at (0,0) size 35x20 [r=0 c=0 rs=1 cs=1]
                LayoutText {#text} at (1,1) size 30x18
                  text run at (1,1) width 30: "CST"
              LayoutTableCell {TD} at (35,0) size 31x20 [border: none none none (1px solid #808080)] [r=0 c=1 rs=1 cs=1]
                LayoutText {#text} at (2,1) size 28x18
                  text run at (2,1) width 28: "2am"
              LayoutTableCell {TD} at (66,0) size 40x20 [border: none none none (1px solid #808080)] [r=0 c=2 rs=1 cs=1]
                LayoutText {#text} at (2,1) size 29x18
                  text run at (2,1) width 29: "9pm"
            LayoutTableRow {TR} at (0,20) size 106x20
              LayoutTableCell {TD} at (0,20) size 35x20 [r=1 c=0 rs=1 cs=1]
                LayoutText {#text} at (1,1) size 33x18
                  text run at (1,1) width 33: "MST"
              LayoutTableCell {TD} at (35,20) size 31x20 [border: none none none (1px solid #808080)] [r=1 c=1 rs=1 cs=1]
                LayoutText {#text} at (2,1) size 28x18
                  text run at (2,1) width 28: "3am"
              LayoutTableCell {TD} at (66,20) size 40x20 [border: none none none (1px solid #808080)] [r=1 c=2 rs=1 cs=1]
                LayoutText {#text} at (2,1) size 37x18
                  text run at (2,1) width 37: "10pm"
          LayoutTableSection {TFOOT} at (0,60) size 106x20
            LayoutTableRow {TR} at (0,0) size 106x20
              LayoutTableCell {TD} at (0,0) size 35x20 [r=0 c=0 rs=1 cs=1]
                LayoutText {#text} at (1,1) size 28x18
                  text run at (1,1) width 28: "PST"
              LayoutTableCell {TD} at (35,0) size 31x20 [border: none none none (1px solid #808080)] [r=0 c=1 rs=1 cs=1]
                LayoutText {#text} at (2,1) size 28x18
                  text run at (2,1) width 28: "4am"
              LayoutTableCell {TD} at (66,0) size 40x20 [border: none none none (1px solid #808080)] [r=0 c=2 rs=1 cs=1]
                LayoutText {#text} at (2,1) size 36x18
                  text run at (2,1) width 36: "11pm"
        LayoutBlockFlow {P} at (0,96) size 784x36
          LayoutButton {BUTTON} at (271.98,0) size 73.94x18 [bgcolor=#C0C0C0] [border: none (2px outset #C0C0C0) none (2px outset #C0C0C0)]
            LayoutBlockFlow (anonymous) at (8,2) size 57.94x13
              LayoutText {#text} at (0,0) size 58x13
                text run at (0,0) width 18: "No "
                text run at (17,0) width 41: "borders"
          LayoutButton {BUTTON} at (345.92,0) size 93.84x18 [bgcolor=#C0C0C0] [border: none (2px outset #C0C0C0) none (2px outset #C0C0C0)]
            LayoutBlockFlow (anonymous) at (8,2) size 77.84x13
              LayoutText {#text} at (0,0) size 78x13
                text run at (0,0) width 44: "Exterior "
                text run at (43,0) width 35: "border"
          LayoutButton {BUTTON} at (439.77,0) size 72.23x18 [bgcolor=#C0C0C0] [border: none (2px outset #C0C0C0) none (2px outset #C0C0C0)]
            LayoutBlockFlow (anonymous) at (8,2) size 56.23x13
              LayoutText {#text} at (0,0) size 57x13
                text run at (0,0) width 17: "All "
                text run at (16,0) width 41: "borders"
          LayoutBR {BR} at (512,13) size 0x0
          LayoutButton {BUTTON} at (239.50,18) size 98.83x18 [bgcolor=#C0C0C0] [border: none (2px outset #C0C0C0) none (2px outset #C0C0C0)]
            LayoutBlockFlow (anonymous) at (8,2) size 82.83x13
              LayoutText {#text} at (0,0) size 83x13
                text run at (0,0) width 43: "Column "
                text run at (42,0) width 41: "borders"
          LayoutButton {BUTTON} at (338.33,18) size 96.91x18 [bgcolor=#C0C0C0] [border: none (2px outset #C0C0C0) none (2px outset #C0C0C0)]
            LayoutBlockFlow (anonymous) at (8,2) size 80.91x13
              LayoutText {#text} at (0,0) size 81x13
                text run at (0,0) width 41: "Groups "
                text run at (40,0) width 41: "borders"
          LayoutButton {BUTTON} at (435.23,18) size 109.27x18 [bgcolor=#C0C0C0] [border: none (2px outset #C0C0C0) none (2px outset #C0C0C0)]
            LayoutBlockFlow (anonymous) at (8,2) size 93.27x13
              LayoutText {#text} at (0,0) size 94x13
                text run at (0,0) width 32: "Table "
                text run at (31,0) width 63: "row borders"
          LayoutText {#text} at (0,0) size 0x0
