layer at (0,0) size 800x600
  LayoutView at (0,0) size 800x600
layer at (0,0) size 800x600
  LayoutBlockFlow {HTML} at (0,0) size 800x600
    LayoutBlockFlow {BODY} at (8,8) size 784x584 [bgcolor=#FFFFFF]
      LayoutTable {TABLE} at (0,0) size 73x68 [bgcolor=#008000] [border: (1px solid #0000FF)]
        LayoutTableSection {TBODY} at (1,1) size 71x66
          LayoutTableRow {TR} at (0,0) size 71x22
            LayoutTableCell {TD} at (0,0) size 35x22 [bgcolor=#FF0000] [border: (1px solid #0000FF)] [r=0 c=0 rs=1 cs=1]
              LayoutText {#text} at (2,2) size 27x18
                text run at (2,2) width 27: "asdf"
            LayoutTableCell {TD} at (35,0) size 36x22 [border: (1px solid #0000FF)] [r=0 c=1 rs=1 cs=1]
              LayoutText {#text} at (2,2) size 32x18
                text run at (2,2) width 32: "qwer"
          LayoutTableRow {TR} at (0,22) size 71x22
            LayoutTableCell {TD} at (0,22) size 35x22 [bgcolor=#FF0000] [border: (1px solid #0000FF)] [r=1 c=0 rs=1 cs=1]
              LayoutText {#text} at (2,2) size 27x18
                text run at (2,2) width 27: "fdsa"
            LayoutTableCell {TD} at (35,22) size 36x22 [bgcolor=#FF0000] [border: (1px solid #0000FF)] [r=1 c=1 rs=1 cs=1]
              LayoutText {#text} at (2,2) size 32x18
                text run at (2,2) width 32: "rewq"
          LayoutTableRow {TR} at (0,44) size 71x22
            LayoutTableCell {TD} at (0,44) size 35x22 [border: (1px solid #0000FF)] [r=2 c=0 rs=1 cs=1]
              LayoutText {#text} at (2,2) size 31x18
                text run at (2,2) width 31: "zxcv"
            LayoutTableCell {TD} at (35,44) size 36x22 [border: (1px solid #0000FF)] [r=2 c=1 rs=1 cs=1]
              LayoutText {#text} at (2,2) size 29x18
                text run at (2,2) width 29: "uiop"
