layer at (0,0) size 800x600 scrollHeight 664
  LayoutView at (0,0) size 800x600
layer at (0,0) size 800x664 backgroundClip at (0,0) size 800x600 clip at (0,0) size 800x600
  LayoutBlockFlow {HTML} at (0,0) size 800x664
    LayoutBlockFlow {BODY} at (8,16) size 784x632
      LayoutBlockFlow {P} at (0,0) size 784x54
        LayoutText {#text} at (0,0) size 766x54
          text run at (0,0) width 471: "Following table should have 6px solid blue border around cell 3, red 5px "
          text run at (470,0) width 296: "solid border around the rest of table and green"
          text run at (0,18) width 206: "4px solid border between cell 1 "
          text run at (205,18) width 488: "and cell 2. The red border should override the green border around the cells "
          text run at (692,18) width 74: "because it's"
          text run at (0,36) width 421: "thicker and the blue border should override the red border for the "
          text run at (420,36) width 83: "same reason."
      LayoutTable {TABLE} at (0,70) size 168x32 [border: (3px solid #FF0000)]
        LayoutTableSection {TBODY} at (2,3) size 163x26
          LayoutTableRow {TR} at (0,0) size 163x26
            LayoutTableCell {TD} at (0,0) size 54x25 [border: (3px solid #008000)] [r=0 c=0 rs=1 cs=1]
              LayoutText {#text} at (4,4) size 47x18
                text run at (4,4) width 47: "Cell #1"
            LayoutTableCell {TD} at (54,0) size 54x25 [border: (3px solid #008000)] [r=0 c=1 rs=1 cs=1]
              LayoutText {#text} at (3,4) size 47x18
                text run at (3,4) width 47: "Cell #2"
            LayoutTableCell {TD} at (108,0) size 55x26 [border: (3px solid #0000FF)] [r=0 c=2 rs=1 cs=1]
              LayoutText {#text} at (4,4) size 47x18
                text run at (4,4) width 47: "Cell #3"
      LayoutBlockFlow {P} at (0,118) size 784x18
        LayoutText {#text} at (0,0) size 28x18
          text run at (0,0) width 28: "See "
        LayoutInline {A} at (0,0) size 229x18 [color=#0000EE]
          LayoutText {#text} at (27,0) size 229x18
            text run at (27,0) width 73: "17.6.2 The "
            text run at (99,0) width 157: "collapsing border model"
        LayoutText {#text} at (255,0) size 127x18
          text run at (255,0) width 127: " for following tests:"
      LayoutTable {TABLE} at (0,152) size 158x272 [border: (2px solid #FFFF00)]
        LayoutTableCol {COLGROUP} at (0,0) size 0x0
          LayoutTableCol {COL} at (0,0) size 0x0 [border: (3px solid #000000)]
          LayoutTableCol {COL} at (0,0) size 0x0
          LayoutTableCol {COL} at (0,0) size 0x0
        LayoutTableSection {TBODY} at (2,2) size 153x267
          LayoutTableRow {TR} at (0,0) size 153x55
            LayoutTableCell {TD} at (0,1) size 52x53 [border: (3px solid #FF0000)] [r=0 c=0 rs=1 cs=1]
              LayoutText {#text} at (19,19) size 8x18
                text run at (19,19) width 8: "1"
            LayoutTableCell {TD} at (52,0) size 50x55 [border: (3px solid #FF0000)] [r=0 c=1 rs=1 cs=1]
              LayoutText {#text} at (18,19) size 8x18
                text run at (18,19) width 8: "2"
            LayoutTableCell {TD} at (102,0) size 51x55 [border: (3px solid #FF0000)] [r=0 c=2 rs=1 cs=1]
              LayoutText {#text} at (17,19) size 8x18
                text run at (17,19) width 8: "3"
          LayoutTableRow {TR} at (0,55) size 153x55
            LayoutTableCell {TD} at (0,57) size 52x51 [border: (1px solid #FF0000)] [r=1 c=0 rs=1 cs=1]
              LayoutText {#text} at (19,17) size 8x18
                text run at (19,17) width 8: "4"
            LayoutTableCell {TD} at (52,55) size 50x55 [border: (3px dashed #0000FF)] [r=1 c=1 rs=1 cs=1]
              LayoutText {#text} at (19,19) size 8x18
                text run at (19,19) width 8: "5"
            LayoutTableCell {TD} at (102,55) size 51x55 [border: (3px solid #008000)] [r=1 c=2 rs=1 cs=1]
              LayoutText {#text} at (19,19) size 8x18
                text run at (19,19) width 8: "6"
          LayoutTableRow {TR} at (0,110) size 153x53
            LayoutTableCell {TD} at (0,111) size 52x51 [border: (1px solid #FF0000)] [r=2 c=0 rs=1 cs=1]
              LayoutText {#text} at (19,17) size 8x18
                text run at (19,17) width 8: "7"
            LayoutTableCell {TD} at (52,110) size 50x53 [border: (3px solid #FF0000)] [r=2 c=1 rs=1 cs=1]
              LayoutText {#text} at (18,19) size 8x18
                text run at (18,19) width 8: "8"
            LayoutTableCell {TD} at (102,110) size 51x53 [border: (3px solid #FF0000)] [r=2 c=2 rs=1 cs=1]
              LayoutText {#text} at (17,19) size 8x18
                text run at (17,19) width 8: "9"
          LayoutTableRow {TR} at (0,163) size 153x51
            LayoutTableCell {TD} at (0,163) size 52x51 [border: (1px solid #FF0000)] [r=3 c=0 rs=1 cs=1]
              LayoutText {#text} at (19,17) size 16x18
                text run at (19,17) width 16: "10"
            LayoutTableCell {TD} at (52,163) size 50x51 [border: (1px solid #FF0000)] [r=3 c=1 rs=1 cs=1]
              LayoutText {#text} at (18,17) size 16x18
                text run at (18,17) width 16: "11"
            LayoutTableCell {TD} at (102,163) size 51x51 [border: (1px solid #FF0000)] [r=3 c=2 rs=1 cs=1]
              LayoutText {#text} at (17,17) size 16x18
                text run at (17,17) width 16: "12"
          LayoutTableRow {TR} at (0,214) size 153x53
            LayoutTableCell {TD} at (0,214) size 52x53 [border: (1px solid #FF0000)] [r=4 c=0 rs=1 cs=1]
              LayoutText {#text} at (19,17) size 16x18
                text run at (19,17) width 16: "13"
            LayoutTableCell {TD} at (52,214) size 50x53 [border: (1px solid #FF0000)] [r=4 c=1 rs=1 cs=1]
              LayoutText {#text} at (18,17) size 16x18
                text run at (18,17) width 16: "14"
            LayoutTableCell {TD} at (102,214) size 51x53 [border: (1px solid #FF0000)] [r=4 c=2 rs=1 cs=1]
              LayoutText {#text} at (17,17) size 16x18
                text run at (17,17) width 16: "15"
      LayoutBlockFlow {P} at (0,440) size 784x58
        LayoutText {#text} at (0,0) size 366x18
          text run at (0,0) width 366: "This is an example rendering for the previous table from "
        LayoutInline {A} at (0,0) size 712x36 [color=#0000EE]
          LayoutText {#text} at (365,0) size 712x36
            text run at (365,0) width 347: "http://www.w3.org/TR/REC-CSS2/images/tbl-border-"
            text run at (0,18) width 70: "conflict.gif"
        LayoutText {#text} at (69,18) size 10x18
          text run at (69,18) width 10: ": "
        LayoutBR {BR} at (0,0) size 0x0
        LayoutBlockFlow {IMG} at (0,36) size 236.53x22
        LayoutText {#text} at (0,0) size 0x0
      LayoutBlockFlow {P} at (0,514) size 784x36
        LayoutText {#text} at (0,0) size 768x36
          text run at (0,0) width 500: "Following table should have 2px solid black line between rows. There should "
          text run at (499,0) width 269: "be a total of two lines. There will be three"
          text run at (0,18) width 218: "lines if user agent doesn't support "
        LayoutInline {CODE} at (0,0) size 111x15
          LayoutText {#text} at (217,20) size 111x15
            text run at (217,20) width 111: "tr:first-child"
        LayoutText {#text} at (327,18) size 5x18
          text run at (327,18) width 5: "."
      LayoutTable {TABLE} at (0,566) size 150x66 [border: (1px none #808080)]
        LayoutTableSection {TBODY} at (0,1) size 150x65
          LayoutTableRow {TR} at (0,0) size 150x22 [border: (2px solid #000000) none]
            LayoutTableCell {TD} at (0,0) size 50x22 [border: (1px none #000000)] [r=0 c=0 rs=1 cs=1]
              LayoutText {#text} at (21,2) size 8x18
                text run at (21,2) width 8: "a"
            LayoutTableCell {TD} at (50,0) size 50x22 [border: (1px none #000000)] [r=0 c=1 rs=1 cs=1]
              LayoutText {#text} at (20,2) size 10x18
                text run at (20,2) width 10: "b"
            LayoutTableCell {TD} at (100,0) size 50x22 [border: (1px none #000000)] [r=0 c=2 rs=1 cs=1]
              LayoutText {#text} at (21,2) size 8x18
                text run at (21,2) width 8: "c"
          LayoutTableRow {TR} at (0,22) size 150x22 [border: (2px solid #000000) none]
            LayoutTableCell {TD} at (0,22) size 50x22 [border: (1px none #000000)] [r=1 c=0 rs=1 cs=1]
              LayoutText {#text} at (21,2) size 8x18
                text run at (21,2) width 8: "3"
            LayoutTableCell {TD} at (50,22) size 50x22 [border: (1px none #000000)] [r=1 c=1 rs=1 cs=1]
              LayoutText {#text} at (21,2) size 8x18
                text run at (21,2) width 8: "4"
            LayoutTableCell {TD} at (100,22) size 50x22 [border: (1px none #000000)] [r=1 c=2 rs=1 cs=1]
              LayoutText {#text} at (21,2) size 8x18
                text run at (21,2) width 8: "5"
          LayoutTableRow {TR} at (0,44) size 150x21 [border: (2px solid #000000) none]
            LayoutTableCell {TD} at (0,44) size 50x21 [border: (1px none #000000)] [r=2 c=0 rs=1 cs=1]
              LayoutText {#text} at (21,2) size 8x18
                text run at (21,2) width 8: "5"
            LayoutTableCell {TD} at (50,44) size 50x21 [border: (1px none #000000)] [r=2 c=1 rs=1 cs=1]
              LayoutText {#text} at (17,2) size 16x18
                text run at (17,2) width 16: "12"
            LayoutTableCell {TD} at (100,44) size 50x21 [border: (1px none #000000)] [r=2 c=2 rs=1 cs=1]
              LayoutText {#text} at (17,2) size 16x18
                text run at (17,2) width 16: "13"
layer at (8,492) size 237x22 clip at (9,493) size 235x20
  LayoutBlockFlow {DIV} at (0,0) size 236.53x22 [border: (1px solid #C0C0C0)]
    LayoutImage (floating) {IMG} at (2,2) size 16x16
layer at (26,494) size 217x18
  LayoutBlockFlow {DIV} at (18,2) size 216.53x18
    LayoutText {#text} at (0,0) size 217x18
      text run at (0,0) width 217: "[Example rendering from w3.org]"
