layer at (0,0) size 800x600
  LayoutView at (0,0) size 800x600
layer at (0,0) size 800x600
  LayoutBlockFlow {HTML} at (0,0) size 800x600
    LayoutBlockFlow {BODY} at (8,8) size 784x576
      LayoutBlockFlow {P} at (0,0) size 784x18
        LayoutInline {A} at (0,0) size 60x18 [color=#0000EE]
          LayoutText {#text} at (0,0) size 60x18
            text run at (0,0) width 60: "bug 8626"
        LayoutText {#text} at (60,0) size 371x18
          text run at (60,0) width 9: ": "
          text run at (68,0) width 363: "Strict mode erroneously triggered by a broken comment."
      LayoutBlockFlow {P} at (0,34) size 784x18 [color=#00FF00]
        LayoutText {#text} at (0,0) size 651x18
          text run at (0,0) width 651: "This text should be green, not black (CSS color values not beginning with '#' are OK in quirks mode)."
