layer at (0,0) size 800x600
  LayoutView at (0,0) size 800x600
layer at (0,0) size 800x524
  LayoutBlockFlow {HTML} at (0,0) size 800x524
    LayoutBlockFlow {BODY} at (8,8) size 784x500
      LayoutBlockFlow (anonymous) at (0,0) size 784x18
        LayoutInline {DIV} at (0,0) size 528x16 [color=#FFFFFF] [bgcolor=#FF0000]
          LayoutText {#text} at (0,1) size 528x16
            text run at (0,1) width 528: "Ahem_font_required_for_this_test."
        LayoutText {#text} at (0,0) size 0x0
      LayoutBlockFlow {P} at (16,34) size 752x18 [color=#008000]
        LayoutText {#text} at (0,0) size 364x18
          text run at (0,0) width 364: "This line should be green. There should be no red below."
      LayoutBlockFlow {P} at (16,68) size 96x16 [color=#008000]
        LayoutInline {SPAN} at (0,0) size 96x16 [color=#FFFFFF] [bgcolor=#FF0000]
          LayoutText {#text} at (0,0) size 96x16
            text run at (0,0) width 96: "FAIL-a"
        LayoutText {#text} at (0,0) size 0x0
      LayoutBlockFlow {P} at (16,100) size 96x16 [color=#008000]
        LayoutInline {SPAN} at (0,0) size 96x16 [color=#FFFFFF] [bgcolor=#FF0000]
          LayoutText {#text} at (0,0) size 96x16
            text run at (0,0) width 96: "FAIL-b"
        LayoutText {#text} at (0,0) size 0x0
      LayoutBlockFlow {P} at (16,132) size 96x16 [color=#008000]
        LayoutInline {SPAN} at (0,0) size 96x16 [color=#FFFFFF] [bgcolor=#FF0000]
          LayoutText {#text} at (0,0) size 96x16
            text run at (0,0) width 96: "FAIL-c"
        LayoutText {#text} at (0,0) size 0x0
      LayoutBlockFlow {P} at (16,164) size 96x16 [color=#008000]
        LayoutInline {SPAN} at (0,0) size 96x16 [color=#FFFFFF] [bgcolor=#FF0000]
          LayoutText {#text} at (0,0) size 96x16
            text run at (0,0) width 96: "FAIL-d"
        LayoutText {#text} at (0,0) size 0x0
      LayoutBlockFlow {P} at (16,196) size 96x16 [color=#008000]
        LayoutInline {SPAN} at (0,0) size 96x16 [color=#FFFFFF] [bgcolor=#FF0000]
          LayoutText {#text} at (0,0) size 96x16
            text run at (0,0) width 96: "FAIL-e"
        LayoutText {#text} at (0,0) size 0x0
      LayoutBlockFlow {P} at (16,228) size 96x16 [color=#008000]
        LayoutInline {SPAN} at (0,0) size 96x16 [color=#FFFFFF] [bgcolor=#FF0000]
          LayoutText {#text} at (0,0) size 96x16
            text run at (0,0) width 96: "FAIL-f"
        LayoutText {#text} at (0,0) size 0x0
      LayoutBlockFlow {P} at (16,260) size 96x16 [color=#008000]
        LayoutInline {SPAN} at (0,0) size 96x16 [color=#FFFFFF] [bgcolor=#FF0000]
          LayoutText {#text} at (0,0) size 96x16
            text run at (0,0) width 96: "FAIL-g"
        LayoutText {#text} at (0,0) size 0x0
      LayoutBlockFlow {P} at (16,292) size 96x16 [color=#008000]
        LayoutInline {SPAN} at (0,0) size 96x16 [color=#FFFFFF] [bgcolor=#FF0000]
          LayoutText {#text} at (0,0) size 96x16
            text run at (0,0) width 96: "FAIL-h"
        LayoutText {#text} at (0,0) size 0x0
      LayoutBlockFlow {P} at (16,324) size 96x16 [color=#008000]
        LayoutInline {SPAN} at (0,0) size 96x16 [color=#FFFFFF] [bgcolor=#FF0000]
          LayoutText {#text} at (0,0) size 96x16
            text run at (0,0) width 96: "FAIL-i"
        LayoutText {#text} at (0,0) size 0x0
      LayoutBlockFlow {P} at (16,356) size 96x16 [color=#008000]
        LayoutInline {SPAN} at (0,0) size 96x16 [color=#FFFFFF] [bgcolor=#FF0000]
          LayoutText {#text} at (0,0) size 96x16
            text run at (0,0) width 96: "FAIL-j"
        LayoutText {#text} at (0,0) size 0x0
      LayoutBlockFlow {P} at (16,388) size 96x16 [color=#008000]
        LayoutInline {SPAN} at (0,0) size 96x16 [color=#FFFFFF] [bgcolor=#FF0000]
          LayoutText {#text} at (0,0) size 96x16
            text run at (0,0) width 96: "FAIL-k"
        LayoutText {#text} at (0,0) size 0x0
      LayoutBlockFlow {P} at (16,420) size 96x16 [color=#008000]
        LayoutInline {SPAN} at (0,0) size 96x16 [color=#FFFFFF] [bgcolor=#FF0000]
          LayoutText {#text} at (0,0) size 96x16
            text run at (0,0) width 96: "FAIL-l"
        LayoutText {#text} at (0,0) size 0x0
      LayoutBlockFlow {P} at (16,452) size 96x16 [color=#008000]
        LayoutInline {SPAN} at (0,0) size 96x16 [color=#FFFFFF] [bgcolor=#FF0000]
          LayoutText {#text} at (0,0) size 96x16
            text run at (0,0) width 96: "FAIL-m"
        LayoutText {#text} at (0,0) size 0x0
      LayoutBlockFlow {P} at (16,484) size 96x16 [color=#008000]
        LayoutInline {SPAN} at (0,0) size 96x16 [color=#FFFFFF] [bgcolor=#FF0000]
          LayoutText {#text} at (0,0) size 96x16
            text run at (0,0) width 96: "FAIL-n"
        LayoutText {#text} at (0,0) size 0x0
