layer at (0,0) size 800x600
  LayoutView at (0,0) size 800x600
layer at (0,0) size 800x600
  LayoutBlockFlow {HTML} at (0,0) size 800x600
    LayoutBlockFlow {BODY} at (8,8) size 784x584
      LayoutText {#text} at (141,18) size 251x18
        text run at (141,18) width 251: " This should not be part of the textarea."
layer at (8,8) size 141x32 clip at (9,9) size 124x30 scrollHeight 56
  LayoutTextControl {TEXTAREA} at (0,0) size 141x32 [bgcolor=#FFFFFF] [border: (1px solid #000000)]
    LayoutBlockFlow {DIV} at (3,3) size 120x52
      LayoutText {#text} at (0,0) size 119x39
        text run at (0,0) width 22: "<!--"
        text run at (21,0) width 1: " "
        text run at (0,13) width 116: "This should be part of"
        text run at (115,13) width 4: " "
        text run at (0,26) width 67: "the textarea."
        text run at (66,26) width 1: " "
      LayoutBR {BR} at (0,39) size 0x13
