layer at (0,0) size 800x600
  LayoutView at (0,0) size 800x600
layer at (0,0) size 800x600
  LayoutBlockFlow {HTML} at (0,0) size 800x600
    LayoutBlockFlow {BODY} at (8,8) size 784x576
      LayoutBlockFlow (anonymous) at (0,0) size 784x0
        LayoutInline {TIMER:TIME} at (0,0) size 0x0
          LayoutText {#text} at (0,0) size 0x0
      LayoutBlockFlow (anonymous) at (0,0) size 784x18
        LayoutBlockFlow {P} at (0,0) size 784x18
          LayoutInline {SPAN} at (0,0) size 74x18 [color=#008000]
            LayoutText {#text} at (0,0) size 74x18
              text run at (0,0) width 74: "SUCCESS:"
          LayoutText {#text} at (73,0) size 150x18
            text run at (73,0) width 150: " Content was displayed"
      LayoutBlockFlow (anonymous) at (0,34) size 784x0
        LayoutInline {TIMER:TIME} at (0,0) size 0x0
        LayoutText {#text} at (0,0) size 0x0
