layer at (0,0) size 800x600
  LayoutView at (0,0) size 800x600
layer at (0,0) size 800x146
  LayoutBlockFlow {test} at (0,0) size 800x146
    LayoutBlockFlow {div} at (0,16) size 800x56
      LayoutBlockFlow {p} at (0,0) size 800x20
        LayoutText {#text} at (0,0) size 209x19
          text run at (0,0) width 209: "This paragraph should be unstyled."
      LayoutBlockFlow {div} at (0,36) size 800x20
        LayoutBlockFlow {p} at (0,0) size 800x20
          LayoutText {#text} at (0,0) size 209x19
            text run at (0,0) width 209: "This paragraph should be unstyled."
    LayoutTable {table} at (0,88) size 299x58
      LayoutTableSection {tbody} at (0,0) size 299x58
        LayoutTableRow {tr} at (0,2) size 299x54
          LayoutTableCell {td} at (2,2) size 295x54 [r=0 c=0 rs=1 cs=1]
            LayoutBlockFlow {p} at (1,17) size 293x20 [bgcolor=#00FF00]
              LayoutText {#text} at (0,0) size 293x19
                text run at (0,0) width 293: "This paragraph should have a green background."
