layer at (0,0) size 800x600
  LayoutView at (0,0) size 800x600
layer at (0,0) size 800x108
  LayoutBlockFlow {test} at (0,0) size 800x108
    LayoutBlockFlow {div} at (0,0) size 800x92
      LayoutBlockFlow {address} at (0,0) size 800x20 [color=#008000]
        LayoutText {#text} at (0,0) size 275x19
          text run at (0,0) width 275: "This address should be in green characters."
      LayoutBlockFlow {s} at (0,36) size 800x20 [color=#008000]
        LayoutText {#text} at (0,0) size 273x19
          text run at (0,0) width 273: "This paragraph should be in green characters."
      LayoutBlockFlow {u} at (0,72) size 800x20 [color=#008000]
        LayoutText {#text} at (0,0) size 273x19
          text run at (0,0) width 273: "This paragraph should be in green characters."
