layer at (0,0) size 800x600
  LayoutView at (0,0) size 800x600
layer at (0,0) size 800x104
  LayoutBlockFlow {test} at (0,0) size 800x104
    LayoutBlockFlow {div} at (0,16) size 800x88
      LayoutBlockFlow {p} at (0,0) size 800x20
        LayoutText {#text} at (0,0) size 208x19
          text run at (0,0) width 208: "The following bar should be green."
      LayoutBlockFlow {div} at (0,36) size 800x52 [bgcolor=#00FF00]
        LayoutText {#text} at (16,16) size 152x19
          text run at (16,16) width 152: "This line should be green."
