layer at (0,0) size 800x600
  LayoutView at (0,0) size 800x600
layer at (0,0) size 800x20
  LayoutBlockFlow {test} at (0,0) size 800x20
    LayoutBlockFlow {address} at (0,0) size 800x16 [bgcolor=#00FF00]
      LayoutInline {span} at (0,0) size 0x0
    LayoutBlockFlow {div} at (0,0) size 800x20
      LayoutText {#text} at (0,0) size 252x19
        text run at (0,0) width 252: "This line should have a green background."
