layer at (0,0) size 800x600
  LayoutView at (0,0) size 800x600
layer at (0,0) size 800x124
  LayoutBlockFlow {test} at (0,0) size 800x124
    LayoutBlockFlow {p} at (0,16) size 800x20 [bgcolor=#00FF00]
      LayoutText {#text} at (0,0) size 293x19
        text run at (0,0) width 293: "This paragraph should have a green background."
    LayoutBlockFlow {div} at (0,52) size 800x56
      LayoutBlockFlow (anonymous) at (0,0) size 800x20
        LayoutText {#text} at (0,0) size 224x19
          text run at (0,0) width 224: "This div contains only one paragraph."
      LayoutBlockFlow {p} at (0,36) size 800x20
        LayoutText {#text} at (0,0) size 209x19
          text run at (0,0) width 209: "This paragraph should be unstyled."
