layer at (0,0) size 800x600
  LayoutView at (0,0) size 800x600
layer at (0,0) size 800x52
  LayoutBlockFlow {test} at (0,0) size 800x52
    LayoutBlockFlow {p} at (0,16) size 800x20
      LayoutText {#text} at (0,0) size 154x19
        text run at (0,0) width 154: "The background color of "
      LayoutInline {a} at (0,0) size 63x19 [color=#0000EE]
        LayoutText {#text} at (154,0) size 63x19
          text run at (154,0) width 63: "the anchor"
      LayoutText {#text} at (217,0) size 517x19
        text run at (217,0) width 4: " "
        text run at (221,0) width 354: "should turn to green when it is activated and come back to "
        text run at (575,0) width 159: "normal when it is released."
