layer at (0,0) size 800x600
  LayoutView at (0,0) size 800x600
layer at (0,0) size 800x72
  LayoutBlockFlow {test} at (0,0) size 800x72
    LayoutBlockFlow {div} at (0,0) size 800x20
      LayoutText {#text} at (0,0) size 144x19
        text run at (0,0) width 144: "This should be unstyled."
    LayoutBlockFlow {p} at (0,36) size 800x20 [bgcolor=#008000]
      LayoutText {#text} at (0,0) size 228x19
        text run at (0,0) width 228: "This should have a green background."
