layer at (0,0) size 800x600
  LayoutView at (0,0) size 800x600
layer at (0,0) size 800x108
  LayoutBlockFlow {test} at (0,0) size 800x108 [color=#00FF00]
    LayoutBlockFlow {p} at (0,16) size 800x20 [color=#FF0000]
      LayoutInline {span} at (0,0) size 440x19 [color=#00FF00]
        LayoutText {#text} at (0,0) size 440x19
          text run at (0,0) width 341: "This paragraph, and all textual contents in the document, "
          text run at (341,0) width 99: "should be green."
      LayoutText {#text} at (0,0) size 0x0
    LayoutBlockFlow {ul} at (0,52) size 800x20 [color=#FF0000]
      LayoutListItem {li} at (40,0) size 760x20 [color=#00FF00]
        LayoutListMarker (anonymous) at (-18,0) size 7x19: bullet
        LayoutText {#text} at (0,0) size 157x19
          text run at (0,0) width 157: "This item should be green."
    LayoutBlockFlow (anonymous) at (0,88) size 800x20
      LayoutInline {foo} at (0,0) size 432x19
        LayoutText {#text} at (0,0) size 432x19
          text run at (0,0) width 313: "And this element, part of a non-HTML namespace, "
          text run at (313,0) width 119: "should be green too"
      LayoutText {#text} at (0,0) size 0x0
