layer at (0,0) size 800x600
  LayoutView at (0,0) size 800x600
layer at (0,0) size 800x134
  LayoutBlockFlow {test} at (0,0) size 800x134
    LayoutBlockFlow {div} at (0,0) size 800x82
      LayoutTable {table} at (0,0) size 156x82 [border: (1px outset #808080)]
        LayoutTableSection (anonymous) at (1,1) size 154x80
          LayoutTableRow {tr} at (0,2) size 154x24
            LayoutTableCell {td} at (2,2) size 61x24 [bgcolor=#00FF00] [border: (1px solid #000000)] [r=0 c=0 rs=1 cs=1]
              LayoutText {#text} at (2,2) size 57x19
                text run at (2,2) width 57: "green cell"
            LayoutTableCell {td} at (65,2) size 61x24 [bgcolor=#00FF00] [border: (1px solid #000000)] [r=0 c=1 rs=1 cs=1]
              LayoutText {#text} at (2,2) size 57x19
                text run at (2,2) width 57: "green cell"
            LayoutTableCell {td} at (128,2) size 24x24 [border: (1px solid #000000)] [r=0 c=2 rs=1 cs=1]
              LayoutText {#text} at (2,2) size 20x19
                text run at (2,2) width 20: "1.3"
          LayoutTableRow {tr} at (0,28) size 154x24
            LayoutTableCell {td} at (2,28) size 61x24 [bgcolor=#00FF00] [border: (1px solid #000000)] [r=1 c=0 rs=1 cs=1]
              LayoutText {#text} at (2,2) size 57x19
                text run at (2,2) width 57: "green cell"
            LayoutTableCell {td} at (65,28) size 61x24 [bgcolor=#00FF00] [border: (1px solid #000000)] [r=1 c=1 rs=1 cs=1]
              LayoutText {#text} at (2,2) size 57x19
                text run at (2,2) width 57: "green cell"
            LayoutTableCell {td} at (128,28) size 24x24 [border: (1px solid #000000)] [r=1 c=2 rs=1 cs=1]
              LayoutText {#text} at (2,2) size 20x19
                text run at (2,2) width 20: "2.3"
          LayoutTableRow {tr} at (0,54) size 154x24
            LayoutTableCell {td} at (2,54) size 61x24 [bgcolor=#00FF00] [border: (1px solid #000000)] [r=2 c=0 rs=1 cs=1]
              LayoutText {#text} at (2,2) size 57x19
                text run at (2,2) width 57: "green cell"
            LayoutTableCell {td} at (65,54) size 61x24 [bgcolor=#00FF00] [border: (1px solid #000000)] [r=2 c=1 rs=1 cs=1]
              LayoutText {#text} at (2,2) size 57x19
                text run at (2,2) width 57: "green cell"
            LayoutTableCell {td} at (128,54) size 24x24 [border: (1px solid #000000)] [r=2 c=2 rs=1 cs=1]
              LayoutText {#text} at (2,2) size 20x19
                text run at (2,2) width 20: "3.3"
    LayoutBlockFlow {p} at (0,98) size 800x20
      LayoutText {#text} at (0,0) size 29x19
        text run at (0,0) width 29: "This "
      LayoutInline {span} at (0,0) size 104x19
        LayoutText {#text} at (29,0) size 104x19
          text run at (29,0) width 104: "paragraph should"
      LayoutText {#text} at (133,0) size 76x19
        text run at (133,0) width 76: " be unstyled."
