layer at (0,0) size 800x600
  LayoutView at (0,0) size 800x600
layer at (0,0) size 800x52
  LayoutBlockFlow {test} at (0,0) size 800x52
    LayoutBlockFlow {p} at (0,16) size 800x20 [bgcolor=#00FF00]
      LayoutText {#text} at (0,0) size 252x19
        text run at (0,0) width 252: "This line should have a green background."
