layer at (0,0) size 800x600
  LayoutView at (0,0) size 800x600
layer at (0,0) size 800x108
  LayoutBlockFlow {test} at (0,0) size 800x108
    LayoutBlockFlow {div} at (0,0) size 800x92
      LayoutBlockFlow {q} at (0,0) size 800x20
        LayoutText {#text} at (0,0) size 216x19
          text run at (0,0) width 216: "This a:q element should be unstyled."
      LayoutBlockFlow {p} at (0,36) size 800x20 [bgcolor=#00FF00]
        LayoutText {#text} at (0,0) size 293x19
          text run at (0,0) width 293: "This paragraph should have a green background."
      LayoutBlockFlow {r} at (0,72) size 800x20 [bgcolor=#00FF00]
        LayoutText {#text} at (0,0) size 298x19
          text run at (0,0) width 298: "This b:r element should have a green background."
