layer at (0,0) size 800x600
  LayoutView at (0,0) size 800x600
layer at (0,0) size 800x124
  LayoutBlockFlow {test} at (0,0) size 800x124
    LayoutBlockFlow {div} at (0,16) size 800x92
      LayoutBlockFlow {div} at (0,0) size 800x92
        LayoutBlockFlow {p} at (0,0) size 800x20
          LayoutText {#text} at (0,0) size 265x19
            text run at (0,0) width 265: "This line should be unstyled. (4 moving to 1)"
        LayoutBlockFlow {p} at (0,36) size 800x20
          LayoutText {#text} at (0,0) size 190x19
            text run at (0,0) width 190: "This line should be unstyled. (2)"
        LayoutBlockFlow {p} at (0,72) size 800x20 [bgcolor=#00FF00]
          LayoutText {#text} at (0,0) size 274x19
            text run at (0,0) width 274: "This line should have a green background. (3)"
