layer at (0,0) size 800x600
  LayoutView at (0,0) size 800x600
layer at (0,0) size 800x196
  LayoutBlockFlow {test} at (0,0) size 800x196
    LayoutBlockFlow {p} at (0,16) size 800x20 [bgcolor=#00FF00]
      LayoutText {#text} at (0,0) size 293x19
        text run at (0,0) width 293: "This paragraph should have a green background."
    LayoutBlockFlow {q} at (0,52) size 800x20
      LayoutText {#text} at (0,0) size 209x19
        text run at (0,0) width 209: "This paragraph should be unstyled."
    LayoutBlockFlow {r} at (0,88) size 800x20 [bgcolor=#00FF00]
      LayoutText {#text} at (0,0) size 293x19
        text run at (0,0) width 293: "This paragraph should have a green background."
    LayoutBlockFlow {s} at (0,124) size 800x20
      LayoutText {#text} at (0,0) size 209x19
        text run at (0,0) width 209: "This paragraph should be unstyled."
    LayoutBlockFlow {t} at (0,160) size 800x20
      LayoutText {#text} at (0,0) size 209x19
        text run at (0,0) width 209: "This paragraph should be unstyled."
