layer at (0,0) size 800x600
  LayoutView at (0,0) size 800x600
layer at (0,0) size 800x72
  LayoutBlockFlow {test} at (0,0) size 800x72
    LayoutBlockFlow {div} at (0,0) size 800x56
      LayoutBlockFlow {q} at (0,0) size 800x20 [color=#FF0000]
        LayoutBlockFlow {r} at (0,0) size 800x20 [color=#00FF00]
          LayoutText {#text} at (0,0) size 230x19
            text run at (0,0) width 230: "This text should be in green characters"
      LayoutBlockFlow {s} at (0,36) size 800x20 [color=#00FF00]
        LayoutText {#text} at (0,0) size 230x19
          text run at (0,0) width 230: "This text should be in green characters"
