layer at (0,0) size 800x600
  LayoutView at (0,0) size 800x600
layer at (0,0) size 800x52
  LayoutBlockFlow {test} at (0,0) size 800x52
    LayoutBlockFlow {p} at (0,16) size 800x20
      LayoutInline {<pseudo:first-letter>} at (0,0) size 9x19 [bgcolor=#00FF00]
        LayoutTextFragment (anonymous) at (0,0) size 9x19
          text run at (0,0) width 9: "T"
      LayoutTextFragment {#text} at (9,0) size 382x19
        text run at (9,0) width 382: "he first letter of this paragraph should have a green background."
