layer at (0,0) size 800x600
  LayoutView at (0,0) size 800x600
layer at (0,0) size 800x20
  LayoutBlockFlow {test} at (0,0) size 800x20
    LayoutBlockFlow {div} at (0,0) size 800x20
      LayoutInline {a} at (0,0) size 269x19 [color=#551A8B] [bgcolor=#00FF00]
        LayoutText {#text} at (0,0) size 269x19
          text run at (0,0) width 269: "This anchor should have a green background"
      LayoutText {#text} at (0,0) size 0x0
