layer at (0,0) size 800x600
  LayoutView at (0,0) size 800x600
layer at (0,0) size 800x124
  LayoutBlockFlow {test} at (0,0) size 800x124
    LayoutBlockFlow {div} at (0,16) size 800x92
      LayoutBlockFlow {p} at (0,0) size 800x20 [color=#00FF00]
        LayoutText {#text} at (0,0) size 273x19
          text run at (0,0) width 273: "This paragraph should be in green characters."
      LayoutBlockFlow {p} at (0,36) size 800x20 [color=#00FF00]
        LayoutText {#text} at (0,0) size 273x19
          text run at (0,0) width 273: "This paragraph should be in green characters."
      LayoutBlockFlow {p} at (0,72) size 800x20 [color=#FF0000]
        LayoutInline {span} at (0,0) size 273x19 [color=#00FF00]
          LayoutText {#text} at (0,0) size 273x19
            text run at (0,0) width 273: "This paragraph should be in green characters."
        LayoutText {#text} at (0,0) size 0x0
