layer at (0,0) size 800x600
  LayoutView at (0,0) size 800x600
layer at (0,0) size 800x92
  LayoutBlockFlow {test} at (0,0) size 800x92
    LayoutBlockFlow {ul} at (0,16) size 800x60
      LayoutListItem {li} at (40,0) size 760x20 [bgcolor=#00FF00]
        LayoutListMarker (anonymous) at (-18,0) size 7x19: bullet
        LayoutText {#text} at (0,0) size 406x19
          text run at (0,0) width 406: "This list item should have a green background. because its ID is \"t1\""
      LayoutListItem {li} at (40,20) size 760x20 [bgcolor=#00FF00]
        LayoutListMarker (anonymous) at (-18,0) size 7x19: bullet
        LayoutText {#text} at (0,0) size 406x19
          text run at (0,0) width 406: "This list item should have a green background. because its ID is \"t2\""
      LayoutListItem {li} at (40,40) size 760x20 [bgcolor=#00FF00]
        LayoutListMarker (anonymous) at (-18,0) size 7x19: bullet
        LayoutInline {span} at (0,0) size 559x19
          LayoutText {#text} at (0,0) size 559x19
            text run at (0,0) width 559: "This list item should have a green background. because the inner SPAN does not match \"#t4\""
