layer at (0,0) size 800x600
  LayoutView at (0,0) size 800x600
layer at (0,0) size 800x20
  LayoutBlockFlow {test} at (0,0) size 800x20
    LayoutBlockFlow {div} at (0,0) size 800x20
      LayoutInline {testA} at (0,0) size 289x19 [bgcolor=#00FF00]
        LayoutText {#text} at (0,0) size 289x19
          text run at (0,0) width 289: "This paragraph should have a green background"
      LayoutText {#text} at (0,0) size 0x0
