layer at (0,0) size 800x600
  LayoutView at (0,0) size 800x600
layer at (0,0) size 800x52
  LayoutBlockFlow {test} at (0,0) size 800x52
    LayoutBlockFlow {p} at (0,16) size 800x20 [color=#008000]
      LayoutText {#text} at (0,0) size 152x19
        text run at (0,0) width 152: "This line should be green."
