layer at (0,0) size 800x600
  LayoutView at (0,0) size 800x600
layer at (0,0) size 800x360
  LayoutBlockFlow {test} at (0,0) size 800x360
    LayoutBlockFlow (anonymous) at (0,0) size 800x0
      LayoutInline {test} at (0,0) size 0x0
        LayoutText {#text} at (0,0) size 0x0
    LayoutBlockFlow (anonymous) at (0,0) size 800x360
      LayoutBlockFlow {line} at (0,0) size 800x20
        LayoutText {#text} at (0,0) size 168x19
          text run at (0,0) width 168: "This line should be unstyled."
      LayoutBlockFlow {line} at (0,20) size 800x20 [bgcolor=#00FF00]
        LayoutText {#text} at (0,0) size 152x19
          text run at (0,0) width 152: "This line should be green."
      LayoutBlockFlow {line} at (0,40) size 800x20
        LayoutText {#text} at (0,0) size 168x19
          text run at (0,0) width 168: "This line should be unstyled."
      LayoutBlockFlow {line} at (0,60) size 800x20
        LayoutText {#text} at (0,0) size 168x19
          text run at (0,0) width 168: "This line should be unstyled."
      LayoutBlockFlow {line} at (0,80) size 800x20 [bgcolor=#00FF00]
        LayoutText {#text} at (0,0) size 152x19
          text run at (0,0) width 152: "This line should be green."
      LayoutBlockFlow {line} at (0,100) size 800x20
        LayoutText {#text} at (0,0) size 168x19
          text run at (0,0) width 168: "This line should be unstyled."
      LayoutBlockFlow {line} at (0,120) size 800x20 [bgcolor=#00FF00]
        LayoutText {#text} at (0,0) size 152x19
          text run at (0,0) width 152: "This line should be green."
      LayoutBlockFlow {line} at (0,140) size 800x20
        LayoutText {#text} at (0,0) size 168x19
          text run at (0,0) width 168: "This line should be unstyled."
      LayoutBlockFlow {line} at (0,160) size 800x20
        LayoutText {#text} at (0,0) size 168x19
          text run at (0,0) width 168: "This line should be unstyled."
      LayoutBlockFlow {line} at (0,180) size 800x20 [bgcolor=#00FF00]
        LayoutText {#text} at (0,0) size 152x19
          text run at (0,0) width 152: "This line should be green."
      LayoutBlockFlow {line} at (0,200) size 800x20
        LayoutText {#text} at (0,0) size 168x19
          text run at (0,0) width 168: "This line should be unstyled."
      LayoutBlockFlow {line} at (0,220) size 800x20
        LayoutText {#text} at (0,0) size 168x19
          text run at (0,0) width 168: "This line should be unstyled."
      LayoutBlockFlow {line} at (0,240) size 800x20
        LayoutText {#text} at (0,0) size 168x19
          text run at (0,0) width 168: "This line should be unstyled."
      LayoutBlockFlow {line} at (0,260) size 800x20 [bgcolor=#00FF00]
        LayoutText {#text} at (0,0) size 152x19
          text run at (0,0) width 152: "This line should be green."
      LayoutBlockFlow {line} at (0,280) size 800x20
        LayoutText {#text} at (0,0) size 168x19
          text run at (0,0) width 168: "This line should be unstyled."
      LayoutBlockFlow {line} at (0,300) size 800x20
        LayoutText {#text} at (0,0) size 168x19
          text run at (0,0) width 168: "This line should be unstyled."
      LayoutBlockFlow {line} at (0,320) size 800x20 [bgcolor=#00FF00]
        LayoutText {#text} at (0,0) size 152x19
          text run at (0,0) width 152: "This line should be green."
      LayoutBlockFlow {line} at (0,340) size 800x20
        LayoutText {#text} at (0,0) size 168x19
          text run at (0,0) width 168: "This line should be unstyled."
    LayoutBlockFlow (anonymous) at (0,360) size 800x0
      LayoutInline {test} at (0,0) size 0x0
      LayoutText {#text} at (0,0) size 0x0
