layer at (0,0) size 800x600
  LayoutView at (0,0) size 800x600
layer at (0,0) size 800x114
  LayoutBlockFlow {test} at (0,0) size 800x114
    LayoutBlockFlow {p} at (0,16) size 800x20 [bgcolor=#00FF00]
      LayoutText {#text} at (0,0) size 252x19
        text run at (0,0) width 252: "This line should have a green background."
    LayoutBlockFlow {p} at (0,52) size 800x20 [bgcolor=#00FF00]
      LayoutText {#text} at (0,0) size 661x19
        text run at (0,0) width 661: "UAs may render the following element as a pop up menu. If so, please ensure the menu is unstyled (or green). "
      LayoutMenuList {select} at (661,0) size 95x20 [border: (1px solid #A9A9A9)]
        LayoutBlockFlow (anonymous) at (1,1) size 93x18
          LayoutText (anonymous) at (4,1) size 66x16
            text run at (4,1) width 66: "This should"
      LayoutText {#text} at (0,0) size 0x0
    LayoutTable {table} at (0,88) size 404x26 [bgcolor=#00FF00]
      LayoutTableSection (anonymous) at (0,0) size 404x26
        LayoutTableRow {tr} at (0,2) size 404x22
          LayoutTableCell {td} at (2,2) size 400x22 [r=0 c=0 rs=1 cs=1]
            LayoutText {#text} at (1,1) size 398x19
              text run at (1,1) width 398: "This line should have a green background (or it might be unstyled)."
