layer at (0,0) size 800x600
  LayoutView at (0,0) size 800x600
layer at (0,0) size 800x84
  LayoutBlockFlow {test} at (0,0) size 800x84
    LayoutBlockFlow {div} at (0,16) size 800x68
      LayoutBlockFlow {p} at (0,0) size 800x20
        LayoutText {#text} at (0,0) size 222x19
          text run at (0,0) width 222: "The following block should be green."
      LayoutBlockFlow (anonymous) at (0,36) size 800x0
        LayoutInline {stub} at (0,0) size 0x0
        LayoutText {#text} at (0,0) size 0x0
        LayoutInline {t} at (0,0) size 0x0
        LayoutText {#text} at (0,0) size 0x0
        LayoutInline {t} at (0,0) size 0x0
        LayoutText {#text} at (0,0) size 0x0
      LayoutBlockFlow {t} at (0,36) size 800x32 [bgcolor=#00FF00]
