layer at (0,0) size 800x600
  LayoutView at (0,0) size 800x600
layer at (0,0) size 800x52
  LayoutBlockFlow {test} at (0,0) size 800x52
    LayoutBlockFlow {p} at (0,16) size 800x20
      LayoutText {#text} at (0,0) size 171x19
        text run at (0,0) width 171: "The background color of all "
      LayoutInline {a} at (0,0) size 47x19 [color=#0000EE]
        LayoutText {#text} at (171,0) size 47x19
          text run at (171,0) width 47: "anchors"
      LayoutText {#text} at (218,0) size 99x19
        text run at (218,0) width 4: " "
        text run at (222,0) width 95: "should become "
      LayoutInline {a} at (0,0) size 33x19 [color=#0000EE]
        LayoutText {#text} at (317,0) size 33x19
          text run at (317,0) width 33: "green"
      LayoutText {#text} at (350,0) size 123x19
        text run at (350,0) width 123: " when they have the "
      LayoutInline {a} at (0,0) size 32x19 [color=#0000EE]
        LayoutText {#text} at (473,0) size 32x19
          text run at (473,0) width 32: "focus"
      LayoutText {#text} at (505,0) size 4x19
        text run at (505,0) width 4: "."
