layer at (0,0) size 800x600
  LayoutView at (0,0) size 800x600
layer at (0,0) size 800x160
  LayoutBlockFlow {test} at (0,0) size 800x160
    LayoutBlockFlow {div} at (0,16) size 800x128
      LayoutBlockFlow {div} at (0,0) size 800x128 [color=#008000]
        LayoutBlockFlow {p} at (0,0) size 800x20
          LayoutText {#text} at (0,0) size 152x19
            text run at (0,0) width 152: "This line should be green."
        LayoutBlockFlow {p} at (0,36) size 800x20
          LayoutText {#text} at (0,0) size 152x19
            text run at (0,0) width 152: "This line should be green."
        LayoutBlockFlow {p} at (0,72) size 800x20
          LayoutInline {SPAN} at (0,0) size 152x19
            LayoutText {#text} at (0,0) size 152x19
              text run at (0,0) width 152: "This line should be green."
        LayoutBlockFlow {p} at (0,108) size 800x20 [color=#FF0000]
          LayoutInline {SPAN} at (0,0) size 152x19 [color=#008000]
            LayoutText {#text} at (0,0) size 152x19
              text run at (0,0) width 152: "This line should be green."
