layer at (0,0) size 800x600
  LayoutView at (0,0) size 800x600
layer at (0,0) size 800x160
  LayoutBlockFlow {test} at (0,0) size 800x160
    LayoutBlockFlow {div} at (0,16) size 800x128
      LayoutBlockFlow {p} at (0,0) size 800x20 [bgcolor=#00FF00]
        LayoutText {#text} at (0,0) size 293x19
          text run at (0,0) width 293: "This paragraph should have a green background."
      LayoutBlockFlow {p} at (0,36) size 800x20 [bgcolor=#00FF00]
        LayoutText {#text} at (0,0) size 293x19
          text run at (0,0) width 293: "This paragraph should have a green background."
      LayoutBlockFlow {p} at (0,72) size 800x20 [bgcolor=#00FF00]
        LayoutText {#text} at (0,0) size 293x19
          text run at (0,0) width 293: "This paragraph should have a green background."
      LayoutBlockFlow {p} at (0,108) size 800x20 [bgcolor=#FF0000]
        LayoutBlockFlow {l} at (0,0) size 800x20 [bgcolor=#00FF00]
          LayoutText {#text} at (0,0) size 293x19
            text run at (0,0) width 293: "This paragraph should have a green background."
