layer at (0,0) size 800x600
  LayoutView at (0,0) size 800x600
layer at (0,0) size 800x148
  LayoutBlockFlow {test} at (0,0) size 800x148
    LayoutBlockFlow {div} at (0,16) size 800x116
      LayoutBlockFlow {p} at (0,0) size 800x20
        LayoutText {#text} at (0,0) size 241x19
          text run at (0,0) width 241: "The following two bars should be green."
      LayoutBlockFlow {div} at (16,36) size 768x32 [bgcolor=#00FF00]
      LayoutBlockFlow {div} at (16,84) size 768x32 [bgcolor=#00FF00]
