layer at (0,0) size 800x600
  LayoutView at (0,0) size 800x600
layer at (0,0) size 800x52
  LayoutBlockFlow {test} at (0,0) size 800x52
    LayoutBlockFlow {p} at (0,16) size 800x20
      LayoutText {#text} at (0,0) size 161x19
        text run at (0,0) width 161: "This page should be green."
