layer at (0,0) size 800x600
  LayoutView at (0,0) size 800x600
layer at (0,0) size 800x269
  LayoutBlockFlow {test} at (0,0) size 800x269
    LayoutBlockFlow {p} at (0,16) size 800x237
      LayoutInline {<pseudo:first-letter>} at (0,0) size 19x36 [bgcolor=#00FF00]
        LayoutTextFragment (anonymous) at (0,0) size 19x36
          text run at (0,0) width 19: "T"
      LayoutTextFragment {#text} at (19,13) size 791x223
        text run at (19,13) width 772: "his very long paragraph should have a big first letter T with a green background. Dummy text. Dummy text. Dummy text. Dummy"
        text run at (0,37) width 755: "text. Dummy text. Dummy text. Dummy text. Dummy text. Dummy text. Dummy text. Dummy text. Dummy text. Dummy text."
        text run at (0,57) width 776: "Dummy text. Dummy text. Dummy text. Dummy text. Dummy text. Dummy text. Dummy text. Dummy text. Dummy text. Dummy"
        text run at (0,77) width 755: "text. Dummy text. Dummy text. Dummy text. Dummy text. Dummy text. Dummy text. Dummy text. Dummy text. Dummy text."
        text run at (0,97) width 776: "Dummy text. Dummy text. Dummy text. Dummy text. Dummy text. Dummy text. Dummy text. Dummy text. Dummy text. Dummy"
        text run at (0,117) width 755: "text. Dummy text. Dummy text. Dummy text. Dummy text. Dummy text. Dummy text. Dummy text. Dummy text. Dummy text."
        text run at (0,137) width 776: "Dummy text. Dummy text. Dummy text. Dummy text. Dummy text. Dummy text. Dummy text. Dummy text. Dummy text. Dummy"
        text run at (0,157) width 755: "text. Dummy text. Dummy text. Dummy text. Dummy text. Dummy text. Dummy text. Dummy text. Dummy text. Dummy text."
        text run at (0,177) width 776: "Dummy text. Dummy text. Dummy text. Dummy text. Dummy text. Dummy text. Dummy text. Dummy text. Dummy text. Dummy"
        text run at (0,197) width 755: "text. Dummy text. Dummy text. Dummy text. Dummy text. Dummy text. Dummy text. Dummy text. Dummy text. Dummy text."
        text run at (0,217) width 482: "Dummy text. Dummy text. Dummy text. Dummy text. Dummy text. Dummy text."
