layer at (0,0) size 800x600
  LayoutView at (0,0) size 800x600
layer at (0,0) size 800x600
  LayoutBlockFlow {HTML} at (0,0) size 800x600
    LayoutBlockFlow {BODY} at (8,8) size 784x584
      LayoutTable {TABLE} at (0,0) size 197x26
        LayoutTableSection {TBODY} at (0,0) size 197x26
          LayoutTableRow {TR} at (0,2) size 197x22
            LayoutTableCell {TD} at (2,2) size 59x22 [bgcolor=#FFFFCC] [r=0 c=0 rs=1 cs=1]
              LayoutText {#text} at (1,1) size 57x19
                text run at (1,1) width 57: "Cell One"
            LayoutTableCell {TD} at (63,2) size 61x22 [bgcolor=#FFFFCC] [r=0 c=1 rs=1 cs=1]
              LayoutText {#text} at (1,1) size 59x19
                text run at (1,1) width 59: "Cell Two"
            LayoutTableCell {TD} at (126,2) size 69x22 [bgcolor=#FFFFCC] [r=0 c=2 rs=1 cs=1]
              LayoutText {#text} at (1,1) size 67x19
                text run at (1,1) width 67: "Cell Three"
