layer at (0,0) size 800x600
  LayoutView at (0,0) size 800x600
layer at (0,0) size 800x600
  LayoutBlockFlow {HTML} at (0,0) size 800x600
    LayoutBlockFlow {BODY} at (8,8) size 784x584
      LayoutBlockFlow {P} at (0,0) size 784x20
        LayoutText {#text} at (0,0) size 52x19
          text run at (0,0) width 52: "Test for "
        LayoutInline {I} at (0,0) size 629x19
          LayoutInline {A} at (0,0) size 300x19 [color=#0000EE]
            LayoutText {#text} at (52,0) size 300x19
              text run at (52,0) width 300: "http://bugs.webkit.org/show_bug.cgi?id=15362"
          LayoutText {#text} at (352,0) size 329x19
            text run at (352,0) width 4: " "
            text run at (356,0) width 325: "Safari Crashes when opening a JS TreeGrid widget"
        LayoutText {#text} at (681,0) size 4x19
          text run at (681,0) width 4: "."
      LayoutBlockFlow {P} at (0,36) size 784x80
        LayoutText {#text} at (0,0) size 783x79
          text run at (0,0) width 780: "The test sets up an inline parent with a child that is some kind of table part. The child gets broken off into a continuation and"
          text run at (0,20) width 777: "anonymous table parts get created below and/or above the table parts. Then the test tries to insert a new child into the inline,"
          text run at (0,40) width 783: "specifying the table part as the \"before child\". The resulting render tree should look just like it would look if the parent was a"
          text run at (0,60) width 39: "block."
      LayoutBlockFlow {DIV} at (0,132) size 784x20
        LayoutInline {SPAN} at (0,0) size 230x19
          LayoutText {#text} at (0,0) size 40x19
            text run at (0,0) width 40: "Text..."
          LayoutText {#text} at (40,0) size 87x19
            text run at (40,0) width 87: "goes here and"
          LayoutTable (anonymous) at (127,0) size 103x20
            LayoutTableSection (anonymous) at (0,0) size 103x20
              LayoutTableRow (anonymous) at (0,0) size 103x20
                LayoutTableCell {DIV} at (0,0) size 103x20 [r=0 c=0 rs=1 cs=1]
                  LayoutText {#text} at (0,0) size 103x19
                    text run at (0,0) width 103: "...continues here"
      LayoutBlockFlow {DIV} at (0,152) size 784x20
        LayoutInline {SPAN} at (0,0) size 143x19
          LayoutText {#text} at (0,0) size 40x19
            text run at (0,0) width 40: "Text..."
          LayoutTable (anonymous) at (40,0) size 103x20
            LayoutTableSection (anonymous) at (0,0) size 103x20
              LayoutTableRow (anonymous) at (0,0) size 103x20
                LayoutTableCell {TD} at (0,0) size 0x0 [r=0 c=0 rs=1 cs=1]
                LayoutTableCell {DIV} at (0,0) size 103x20 [r=0 c=1 rs=1 cs=1]
                  LayoutText {#text} at (0,0) size 103x19
                    text run at (0,0) width 103: "...continues here"
      LayoutBlockFlow {DIV} at (0,172) size 784x35
        LayoutInline {SPAN} at (0,0) size 143x19
          LayoutText {#text} at (0,0) size 40x19
            text run at (0,0) width 40: "Text..."
          LayoutTable (anonymous) at (40,15) size 103x20
            LayoutTableSection (anonymous) at (0,0) size 103x20
              LayoutTableRow {TR} at (0,0) size 103x0
              LayoutTableRow (anonymous) at (0,0) size 103x20
                LayoutTableCell {DIV} at (0,0) size 103x20 [r=1 c=0 rs=1 cs=1]
                  LayoutText {#text} at (0,0) size 103x19
                    text run at (0,0) width 103: "...continues here"
      LayoutBlockFlow {DIV} at (0,207) size 784x20
        LayoutInline {SPAN} at (0,0) size 143x19
          LayoutText {#text} at (0,0) size 40x19
            text run at (0,0) width 40: "Text..."
          LayoutInline {SPAN} at (0,0) size 0x19
          LayoutTable (anonymous) at (40,0) size 103x20
            LayoutTableSection (anonymous) at (0,0) size 103x20
              LayoutTableRow (anonymous) at (0,0) size 103x20
                LayoutTableCell {DIV} at (0,0) size 103x20 [r=0 c=0 rs=1 cs=1]
                  LayoutText {#text} at (0,0) size 103x19
                    text run at (0,0) width 103: "...continues here"
      LayoutBlockFlow {DIV} at (0,227) size 784x40
        LayoutBlockFlow (anonymous) at (0,0) size 784x20
          LayoutInline {SPAN} at (0,0) size 40x19
            LayoutText {#text} at (0,0) size 40x19
              text run at (0,0) width 40: "Text..."
        LayoutBlockFlow (anonymous) at (0,20) size 784x0
          LayoutBlockFlow {DIV} at (0,0) size 784x0
        LayoutBlockFlow (anonymous) at (0,20) size 784x20
          LayoutInline {SPAN} at (0,0) size 103x19
            LayoutTable (anonymous) at (0,0) size 103x20
              LayoutTableSection (anonymous) at (0,0) size 103x20
                LayoutTableRow (anonymous) at (0,0) size 103x20
                  LayoutTableCell {DIV} at (0,0) size 103x20 [r=0 c=0 rs=1 cs=1]
                    LayoutText {#text} at (0,0) size 103x19
                      text run at (0,0) width 103: "...continues here"
      LayoutBlockFlow {DIV} at (0,267) size 784x20
        LayoutInline {SPAN} at (0,0) size 230x19
          LayoutText {#text} at (0,0) size 40x19
            text run at (0,0) width 40: "Text..."
          LayoutText {#text} at (40,0) size 87x19
            text run at (40,0) width 87: "goes here and"
          LayoutTable (anonymous) at (127,0) size 103x20
            LayoutTableSection (anonymous) at (0,0) size 103x20
              LayoutTableRow {DIV} at (0,0) size 103x20
                LayoutTableCell (anonymous) at (0,0) size 103x20 [r=0 c=0 rs=1 cs=1]
                  LayoutText {#text} at (0,0) size 103x19
                    text run at (0,0) width 103: "...continues here"
      LayoutBlockFlow {DIV} at (0,287) size 784x35
        LayoutInline {SPAN} at (0,0) size 143x19
          LayoutText {#text} at (0,0) size 40x19
            text run at (0,0) width 40: "Text..."
          LayoutTable (anonymous) at (40,15) size 103x20
            LayoutTableSection (anonymous) at (0,0) size 103x20
              LayoutTableRow (anonymous) at (0,0) size 103x0
                LayoutTableCell {TD} at (0,0) size 103x0 [r=0 c=0 rs=1 cs=1]
              LayoutTableRow {DIV} at (0,0) size 103x20
                LayoutTableCell (anonymous) at (0,0) size 103x20 [r=1 c=0 rs=1 cs=1]
                  LayoutText {#text} at (0,0) size 103x19
                    text run at (0,0) width 103: "...continues here"
      LayoutBlockFlow {DIV} at (0,322) size 784x35
        LayoutInline {SPAN} at (0,0) size 143x19
          LayoutText {#text} at (0,0) size 40x19
            text run at (0,0) width 40: "Text..."
          LayoutTable (anonymous) at (40,15) size 103x20
            LayoutTableSection (anonymous) at (0,0) size 103x20
              LayoutTableRow {TR} at (0,0) size 103x0
              LayoutTableRow {DIV} at (0,0) size 103x20
                LayoutTableCell (anonymous) at (0,0) size 103x20 [r=1 c=0 rs=1 cs=1]
                  LayoutText {#text} at (0,0) size 103x19
                    text run at (0,0) width 103: "...continues here"
      LayoutBlockFlow {DIV} at (0,357) size 784x20
        LayoutInline {SPAN} at (0,0) size 143x19
          LayoutText {#text} at (0,0) size 40x19
            text run at (0,0) width 40: "Text..."
          LayoutInline {SPAN} at (0,0) size 0x19
          LayoutTable (anonymous) at (40,0) size 103x20
            LayoutTableSection (anonymous) at (0,0) size 103x20
              LayoutTableRow {DIV} at (0,0) size 103x20
                LayoutTableCell (anonymous) at (0,0) size 103x20 [r=0 c=0 rs=1 cs=1]
                  LayoutText {#text} at (0,0) size 103x19
                    text run at (0,0) width 103: "...continues here"
      LayoutBlockFlow {DIV} at (0,377) size 784x40
        LayoutBlockFlow (anonymous) at (0,0) size 784x20
          LayoutInline {SPAN} at (0,0) size 40x19
            LayoutText {#text} at (0,0) size 40x19
              text run at (0,0) width 40: "Text..."
        LayoutBlockFlow (anonymous) at (0,20) size 784x0
          LayoutBlockFlow {DIV} at (0,0) size 784x0
        LayoutBlockFlow (anonymous) at (0,20) size 784x20
          LayoutInline {SPAN} at (0,0) size 103x19
            LayoutTable (anonymous) at (0,0) size 103x20
              LayoutTableSection (anonymous) at (0,0) size 103x20
                LayoutTableRow {DIV} at (0,0) size 103x20
                  LayoutTableCell (anonymous) at (0,0) size 103x20 [r=0 c=0 rs=1 cs=1]
                    LayoutText {#text} at (0,0) size 103x19
                      text run at (0,0) width 103: "...continues here"
      LayoutBlockFlow {DIV} at (0,417) size 784x20
        LayoutInline {SPAN} at (0,0) size 230x19
          LayoutText {#text} at (0,0) size 40x19
            text run at (0,0) width 40: "Text..."
          LayoutText {#text} at (40,0) size 87x19
            text run at (40,0) width 87: "goes here and"
          LayoutTable (anonymous) at (127,0) size 103x20
            LayoutTableSection {DIV} at (0,0) size 103x20
              LayoutTableRow (anonymous) at (0,0) size 103x20
                LayoutTableCell (anonymous) at (0,0) size 103x20 [r=0 c=0 rs=1 cs=1]
                  LayoutText {#text} at (0,0) size 103x19
                    text run at (0,0) width 103: "...continues here"
      LayoutBlockFlow {DIV} at (0,437) size 784x35
        LayoutInline {SPAN} at (0,0) size 143x19
          LayoutText {#text} at (0,0) size 40x19
            text run at (0,0) width 40: "Text..."
          LayoutTable (anonymous) at (40,15) size 103x20
            LayoutTableSection (anonymous) at (0,0) size 103x0
              LayoutTableRow (anonymous) at (0,0) size 103x0
                LayoutTableCell {TD} at (0,0) size 103x0 [r=0 c=0 rs=1 cs=1]
            LayoutTableSection {DIV} at (0,0) size 103x20
              LayoutTableRow (anonymous) at (0,0) size 103x20
                LayoutTableCell (anonymous) at (0,0) size 103x20 [r=0 c=0 rs=1 cs=1]
                  LayoutText {#text} at (0,0) size 103x19
                    text run at (0,0) width 103: "...continues here"
      LayoutBlockFlow {DIV} at (0,472) size 784x35
        LayoutInline {SPAN} at (0,0) size 143x19
          LayoutText {#text} at (0,0) size 40x19
            text run at (0,0) width 40: "Text..."
          LayoutTable (anonymous) at (40,15) size 103x20
            LayoutTableSection (anonymous) at (0,0) size 103x0
              LayoutTableRow {TR} at (0,0) size 103x0
            LayoutTableSection {DIV} at (0,0) size 103x20
              LayoutTableRow (anonymous) at (0,0) size 103x20
                LayoutTableCell (anonymous) at (0,0) size 103x20 [r=0 c=0 rs=1 cs=1]
                  LayoutText {#text} at (0,0) size 103x19
                    text run at (0,0) width 103: "...continues here"
      LayoutBlockFlow {DIV} at (0,507) size 784x20
        LayoutInline {SPAN} at (0,0) size 143x19
          LayoutText {#text} at (0,0) size 40x19
            text run at (0,0) width 40: "Text..."
          LayoutInline {SPAN} at (0,0) size 0x19
          LayoutTable (anonymous) at (40,0) size 103x20
            LayoutTableSection {DIV} at (0,0) size 103x20
              LayoutTableRow (anonymous) at (0,0) size 103x20
                LayoutTableCell (anonymous) at (0,0) size 103x20 [r=0 c=0 rs=1 cs=1]
                  LayoutText {#text} at (0,0) size 103x19
                    text run at (0,0) width 103: "...continues here"
      LayoutBlockFlow {DIV} at (0,527) size 784x40
        LayoutBlockFlow (anonymous) at (0,0) size 784x20
          LayoutInline {SPAN} at (0,0) size 40x19
            LayoutText {#text} at (0,0) size 40x19
              text run at (0,0) width 40: "Text..."
        LayoutBlockFlow (anonymous) at (0,20) size 784x0
          LayoutBlockFlow {DIV} at (0,0) size 784x0
        LayoutBlockFlow (anonymous) at (0,20) size 784x20
          LayoutInline {SPAN} at (0,0) size 103x19
            LayoutTable (anonymous) at (0,0) size 103x20
              LayoutTableSection {DIV} at (0,0) size 103x20
                LayoutTableRow (anonymous) at (0,0) size 103x20
                  LayoutTableCell (anonymous) at (0,0) size 103x20 [r=0 c=0 rs=1 cs=1]
                    LayoutText {#text} at (0,0) size 103x19
                      text run at (0,0) width 103: "...continues here"
