layer at (0,0) size 800x600
  LayoutView at (0,0) size 800x600
layer at (0,0) size 800x600
  LayoutBlockFlow {HTML} at (0,0) size 800x600
    LayoutBlockFlow {BODY} at (8,8) size 784x576
      LayoutBlockFlow {P} at (0,0) size 784x20
        LayoutText {#text} at (0,0) size 52x19
          text run at (0,0) width 52: "Test for "
        LayoutInline {I} at (0,0) size 633x19
          LayoutInline {A} at (0,0) size 300x19 [color=#0000EE]
            LayoutText {#text} at (52,0) size 300x19
              text run at (52,0) width 300: "http://bugs.webkit.org/show_bug.cgi?id=13145"
          LayoutText {#text} at (352,0) size 333x19
            text run at (352,0) width 4: " "
            text run at (356,0) width 329: "Regression: Scrollbar not resizing after display none"
        LayoutText {#text} at (685,0) size 4x19
          text run at (685,0) width 4: "."
      LayoutBlockFlow {P} at (0,36) size 784x20
        LayoutText {#text} at (0,0) size 311x19
          text run at (0,0) width 311: "The window should not have a vertical scroll bar."
layer at (8,100) size 100x100
  LayoutBlockFlow (positioned) {DIV} at (8,100) size 100x100
    LayoutBlockFlow {DIV} at (0,0) size 100x100 [bgcolor=#008000]
