layer at (0,0) size 776x576
  LayoutView at (0,0) size 776x576
layer at (0,0) size 768x568
  LayoutBlockFlow {HTML} at (0,0) size 768x568
    LayoutBlockFlow {BODY} at (8,8) size 752x560
      LayoutText {#text} at (0,0) size 484x19
        text run at (0,0) width 484: "This window should not have scroll bars. If it has scroll bars, try to use them."
