layer at (0,0) size 800x600
  LayoutView at (0,0) size 800x600
layer at (0,0) size 800x600
  LayoutBlockFlow {HTML} at (0,0) size 800x600
    LayoutBlockFlow {BODY} at (8,8) size 784x584
      LayoutBlockFlow {P} at (0,0) size 784x20
        LayoutText {#text} at (0,0) size 348x19
          text run at (0,0) width 348: "All three of these small canvases should be green, not red."
      LayoutBlockFlow (anonymous) at (0,36) size 784x25
        LayoutText {#text} at (20,5) size 4x19
          text run at (20,5) width 4: " "
        LayoutText {#text} at (44,5) size 4x19
          text run at (44,5) width 4: " "
        LayoutText {#text} at (0,0) size 0x0
layer at (8,44) size 20x20
  LayoutHTMLCanvas {CANVAS} at (0,0) size 20x20
layer at (32,44) size 20x20
  LayoutHTMLCanvas {CANVAS} at (24,0) size 20x20
layer at (56,44) size 20x20
  LayoutHTMLCanvas {CANVAS} at (48,0) size 20x20
