layer at (0,0) size 800x600 scrollHeight 640
  LayoutView at (0,0) size 800x600
layer at (0,0) size 800x176
  LayoutBlockFlow {HTML} at (0,0) size 800x175.88
    LayoutBlockFlow {BODY} at (8,21.44) size 784x138.44
      LayoutBlockFlow {H1} at (0,0) size 784x37
        LayoutText {#text} at (0,0) size 755x36
          text run at (0,0) width 755: "Testing the values of 'pointer-events' on HTML content"
      LayoutBlockFlow {P} at (0,58.44) size 784x80
        LayoutText {#text} at (0,0) size 777x79
          text run at (0,0) width 577: "This test is expected to be run from within DumpRenderTree. If running manually, click on "
          text run at (577,0) width 200: "the elements in the first column,"
          text run at (0,20) width 324: "making sure the actual result (3rd column) matches "
          text run at (324,20) width 442: "the expected result (2nd column). Repeat for click target (4th column),"
          text run at (0,40) width 183: "expected result (5th column) "
          text run at (183,40) width 527: "and actual result (6th column). Note: You should click on a yellow inline element if "
          text run at (710,40) width 66: "one exists,"
          text run at (0,60) width 198: "otherwise anywhere in the box."
layer at (10,140) size 300x100
  LayoutBlockFlow (positioned) {DIV} at (10,140) size 300x100
layer at (10,140) size 80x80
  LayoutBlockFlow (positioned) {DIV} at (0,0) size 80x80
layer at (10,140) size 80x80
  LayoutBlockFlow (positioned) {P} at (0,0) size 80x80 [bgcolor=#808080]
    LayoutText {#text} at (0,0) size 71x39
      text run at (0,0) width 49: "pointer-"
      text run at (0,20) width 71: "events auto"
layer at (110,140) size 80x80
  LayoutBlockFlow (positioned) {DIV} at (100,0) size 80x80
    LayoutText {#text} at (0,0) size 16x19
      text run at (0,0) width 16: "p1"
layer at (210,140) size 80x80
  LayoutBlockFlow (positioned) {DIV} at (200,0) size 80x80
    LayoutText {#text} at (0,0) size 16x19
      text run at (0,0) width 16: "p1"
layer at (10,240) size 300x100
  LayoutBlockFlow (positioned) {DIV} at (10,240) size 300x100
layer at (10,240) size 80x80
  LayoutBlockFlow (positioned) {DIV} at (0,0) size 80x80
layer at (10,240) size 80x80
  LayoutBlockFlow (positioned) {P} at (0,0) size 80x80 [bgcolor=#808080]
    LayoutText {#text} at (0,0) size 75x39
      text run at (0,0) width 49: "pointer-"
      text run at (0,20) width 75: "events none"
layer at (110,240) size 80x80
  LayoutBlockFlow (positioned) {DIV} at (100,0) size 80x80
    LayoutText {#text} at (0,0) size 31x19
      text run at (0,0) width 31: "none"
layer at (210,240) size 80x80
  LayoutBlockFlow (positioned) {DIV} at (200,0) size 80x80
    LayoutText {#text} at (0,0) size 31x19
      text run at (0,0) width 31: "none"
layer at (10,340) size 300x100
  LayoutBlockFlow (positioned) {DIV} at (10,340) size 300x100
layer at (10,340) size 80x80
  LayoutBlockFlow (positioned) {DIV} at (0,0) size 80x80
layer at (10,340) size 80x80
  LayoutBlockFlow (positioned) {P} at (0,0) size 80x80 [bgcolor=#808080]
    LayoutText {#text} at (0,0) size 71x39
      text run at (0,0) width 57: "siblings -"
      text run at (0,20) width 71: "auto on top"
layer at (10,340) size 80x80
  LayoutBlockFlow (positioned) {P} at (0,0) size 80x80
layer at (110,340) size 80x80
  LayoutBlockFlow (positioned) {DIV} at (100,0) size 80x80
    LayoutText {#text} at (0,0) size 16x19
      text run at (0,0) width 16: "p4"
layer at (210,340) size 80x80
  LayoutBlockFlow (positioned) {DIV} at (200,0) size 80x80
    LayoutText {#text} at (0,0) size 16x19
      text run at (0,0) width 16: "p4"
layer at (10,440) size 300x100
  LayoutBlockFlow (positioned) {DIV} at (10,440) size 300x100
layer at (10,440) size 80x80
  LayoutBlockFlow (positioned) {DIV} at (0,0) size 80x80
layer at (10,440) size 80x80
  LayoutBlockFlow (positioned) {P} at (0,0) size 80x80 [bgcolor=#808080]
    LayoutText {#text} at (0,0) size 75x39
      text run at (0,0) width 57: "siblings -"
      text run at (0,20) width 75: "none on top"
layer at (10,440) size 80x80
  LayoutBlockFlow (positioned) {P} at (0,0) size 80x80
layer at (110,440) size 80x80
  LayoutBlockFlow (positioned) {DIV} at (100,0) size 80x80
    LayoutText {#text} at (0,0) size 16x19
      text run at (0,0) width 16: "p5"
layer at (210,440) size 80x80
  LayoutBlockFlow (positioned) {DIV} at (200,0) size 80x80
    LayoutText {#text} at (0,0) size 16x19
      text run at (0,0) width 16: "p5"
layer at (10,540) size 300x100 backgroundClip at (0,0) size 800x600 clip at (0,0) size 800x600
  LayoutBlockFlow (positioned) {DIV} at (10,540) size 300x100
layer at (10,540) size 80x80 backgroundClip at (0,0) size 800x600 clip at (0,0) size 800x600
  LayoutBlockFlow (positioned) {DIV} at (0,0) size 80x80
layer at (10,540) size 80x80 backgroundClip at (0,0) size 800x600 clip at (0,0) size 800x600
  LayoutBlockFlow (positioned) {DIV} at (0,0) size 80x80
layer at (10,540) size 80x80 backgroundClip at (0,0) size 800x600 clip at (0,0) size 800x600
  LayoutBlockFlow (positioned) {P} at (0,0) size 80x80 [bgcolor=#808080]
    LayoutText {#text} at (0,0) size 80x39
      text run at (0,0) width 80: "nested - auto"
      text run at (0,20) width 32: "outer"
layer at (110,540) size 80x80 backgroundClip at (0,0) size 800x600 clip at (0,0) size 800x600
  LayoutBlockFlow (positioned) {DIV} at (100,0) size 80x80
    LayoutText {#text} at (0,0) size 16x19
      text run at (0,0) width 16: "p7"
layer at (210,540) size 80x80 backgroundClip at (0,0) size 800x600 clip at (0,0) size 800x600
  LayoutBlockFlow (positioned) {DIV} at (200,0) size 80x80
    LayoutText {#text} at (0,0) size 16x19
      text run at (0,0) width 16: "p7"
layer at (340,140) size 300x100
  LayoutBlockFlow (positioned) {DIV} at (340,140) size 300x100
layer at (340,140) size 80x80
  LayoutBlockFlow (positioned) {DIV} at (0,0) size 80x80
layer at (340,140) size 80x80
  LayoutBlockFlow (positioned) {DIV} at (0,0) size 80x80
layer at (340,140) size 80x80
  LayoutBlockFlow (positioned) {P} at (0,0) size 80x80 [bgcolor=#808080]
    LayoutText {#text} at (0,0) size 67x39
      text run at (0,0) width 49: "nested -"
      text run at (0,20) width 67: "none outer"
layer at (440,140) size 80x80
  LayoutBlockFlow (positioned) {DIV} at (100,0) size 80x80
    LayoutText {#text} at (0,0) size 24x19
      text run at (0,0) width 24: "p10"
layer at (540,140) size 80x80
  LayoutBlockFlow (positioned) {DIV} at (200,0) size 80x80
    LayoutText {#text} at (0,0) size 24x19
      text run at (0,0) width 24: "p10"
layer at (340,240) size 300x100
  LayoutBlockFlow (positioned) {DIV} at (340,240) size 300x100
layer at (340,240) size 80x80
  LayoutBlockFlow (positioned) {DIV} at (0,0) size 80x80
layer at (340,240) size 80x80
  LayoutImage (positioned) {IMG} at (0,0) size 80x80
layer at (440,240) size 80x80
  LayoutBlockFlow (positioned) {DIV} at (100,0) size 80x80
    LayoutText {#text} at (0,0) size 23x19
      text run at (0,0) width 23: "p11"
layer at (540,240) size 80x80
  LayoutBlockFlow (positioned) {DIV} at (200,0) size 80x80
    LayoutText {#text} at (0,0) size 23x19
      text run at (0,0) width 23: "p11"
layer at (340,340) size 300x100
  LayoutBlockFlow (positioned) {DIV} at (340,340) size 300x100
layer at (340,340) size 80x80
  LayoutBlockFlow (positioned) {DIV} at (0,0) size 80x80
layer at (340,340) size 80x80
  LayoutImage (positioned) {IMG} at (0,0) size 80x80
layer at (440,340) size 80x80
  LayoutBlockFlow (positioned) {DIV} at (100,0) size 80x80
    LayoutText {#text} at (0,0) size 31x19
      text run at (0,0) width 31: "none"
layer at (540,340) size 80x80
  LayoutBlockFlow (positioned) {DIV} at (200,0) size 80x80
    LayoutText {#text} at (0,0) size 31x19
      text run at (0,0) width 31: "none"
layer at (340,440) size 300x100
  LayoutBlockFlow (positioned) {DIV} at (340,440) size 300x100
layer at (340,440) size 80x80
  LayoutBlockFlow (positioned) {DIV} at (0,0) size 80x80
layer at (340,440) size 80x80
  LayoutBlockFlow (positioned) {P} at (0,0) size 80x80 [bgcolor=#808080]
    LayoutInline {SPAN} at (0,0) size 35x19 [bgcolor=#FFFF00]
      LayoutText {#text} at (0,0) size 35x19
        text run at (0,0) width 35: "inline"
    LayoutText {#text} at (35,0) size 74x59
      text run at (35,0) width 25: " has"
      text run at (0,20) width 74: "auto, parent"
      text run at (0,40) width 31: "none"
layer at (440,440) size 80x80
  LayoutBlockFlow (positioned) {DIV} at (100,0) size 80x80
    LayoutText {#text} at (0,0) size 24x19
      text run at (0,0) width 24: "p14"
layer at (540,440) size 80x80
  LayoutBlockFlow (positioned) {DIV} at (200,0) size 80x80
    LayoutText {#text} at (0,0) size 24x19
      text run at (0,0) width 24: "p14"
layer at (340,540) size 300x100 backgroundClip at (0,0) size 800x600 clip at (0,0) size 800x600
  LayoutBlockFlow (positioned) {DIV} at (340,540) size 300x100
layer at (340,540) size 80x80 backgroundClip at (0,0) size 800x600 clip at (0,0) size 800x600
  LayoutBlockFlow (positioned) {DIV} at (0,0) size 80x80
layer at (340,540) size 80x80 backgroundClip at (0,0) size 800x600 clip at (0,0) size 800x600
  LayoutBlockFlow (positioned) {P} at (0,0) size 80x80 [bgcolor=#808080]
    LayoutInline {SPAN} at (0,0) size 35x19 [bgcolor=#FFFF00]
      LayoutText {#text} at (0,0) size 35x19
        text run at (0,0) width 35: "inline"
    LayoutText {#text} at (35,0) size 78x59
      text run at (35,0) width 25: " has"
      text run at (0,20) width 78: "none, parent"
      text run at (0,40) width 27: "auto"
layer at (440,540) size 80x80 backgroundClip at (0,0) size 800x600 clip at (0,0) size 800x600
  LayoutBlockFlow (positioned) {DIV} at (100,0) size 80x80
    LayoutText {#text} at (0,0) size 24x19
      text run at (0,0) width 24: "p15"
layer at (540,540) size 80x80 backgroundClip at (0,0) size 800x600 clip at (0,0) size 800x600
  LayoutBlockFlow (positioned) {DIV} at (200,0) size 80x80
    LayoutText {#text} at (0,0) size 24x19
      text run at (0,0) width 24: "p15"
caret: position 1 of child 0 {#text} of child 0 {SPAN} of child 1 {P} of child 1 {DIV} of child 23 {DIV} of body
