layer at (0,0) size 800x600
  LayoutView at (0,0) size 800x600
layer at (0,0) size 800x186
  LayoutBlockFlow {HTML} at (0,0) size 800x186
    LayoutBlockFlow {BODY} at (8,8) size 784x170
      LayoutBlockFlow (anonymous) at (0,150) size 784x20
        LayoutText {#text} at (0,0) size 624x19
          text run at (0,0) width 624: "This test verifies the clip parent of a layer gets correctly reset when it gained a non-composited clip."
layer at (8,8) size 150x150 transparent
  LayoutBlockFlow {DIV} at (0,0) size 150x150 [bgcolor=#FF0000]
layer at (8,8) size 100x100 scrollWidth 200 scrollHeight 200
  LayoutBlockFlow {DIV} at (0,0) size 100x100
layer at (8,8) size 200x200 backgroundClip at (8,8) size 100x100 clip at (8,8) size 100x100
  LayoutBlockFlow {DIV} at (0,0) size 200x200 [bgcolor=#008000]
