layer at (0,0) size 800x600 scrollWidth 807 scrollHeight 1153
  LayoutView at (0,0) size 800x600
layer at (0,0) size 800x1153 backgroundClip at (0,0) size 800x600 clip at (0,0) size 800x600
  LayoutNGBlockFlow {HTML} at (0,0) size 800x1152.50
    LayoutNGBlockFlow {BODY} at (8,8) size 784x1131.17 [bgcolor=#EEEEEE]
      LayoutNGBlockFlow (anonymous) at (0,0) size 784x24
        LayoutInline {SPAN} at (0,0) size 191x16
          LayoutText {#text} at (0,0) size 0x0
          LayoutInline {SPAN} at (0,0) size 191x16
            LayoutText {#text} at (0,0) size 0x0
            LayoutTable {TABLE} at (0,0) size 191x22
              LayoutTableSection {TBODY} at (0,0) size 191x22
                LayoutTableRow {TR} at (0,0) size 191x22
                  LayoutNGTableCell {TD} at (0,0) size 115x21 [r=0 c=0 rs=1 cs=1]
                    LayoutText {#text} at (1,1) size 113x18
                      text run at (1,1) width 113: "Record Locator:"
                  LayoutNGTableCell {TD} at (115,0) size 76x22 [r=0 c=1 rs=1 cs=1]
                    LayoutInline {B} at (0,0) size 74x19
                      LayoutText {#text} at (1,1) size 74x19
                        text run at (1,1) width 74: "WHGNSO"
                    LayoutText {#text} at (0,0) size 0x0
            LayoutText {#text} at (0,0) size 0x0
          LayoutText {#text} at (0,0) size 0x0
      LayoutNGBlockFlow (anonymous) at (0,30.66) size 784x2
      LayoutNGBlockFlow (anonymous) at (0,39.31) size 784x41.77
        LayoutInline {SPAN} at (0,0) size 126x38
          LayoutInline {SPAN} at (0,0) size 126x38
            LayoutText {#text} at (0,0) size 0x0
            LayoutInline {SPAN} at (0,0) size 126x41
              LayoutText {#text} at (0,0) size 0x0
              LayoutNGBlockFlow {IMG} at (0,0.77) size 69x20
                LayoutInline {SPAN} at (0,0) size 53x19
                  LayoutImage (floating) {IMG} at (0,0) size 16x16
                  LayoutInline {SPAN} at (0,0) size 53x19
                    LayoutText {#text} at (16,0) size 53x19
                      text run at (16,0) width 53: "Names"
              LayoutText {#text} at (69,0) size 57x19
                text run at (69,0) width 57: " Names"
              LayoutBR {BR} at (126,0) size 0x19
            LayoutText {#text} at (0,0) size 0x0
            LayoutInline {SPAN} at (0,0) size 100x17
              LayoutText {#text} at (0,0) size 0x0
              LayoutText {#text} at (0,0) size 0x0
            LayoutText {#text} at (0,0) size 0x0
          LayoutText {#text} at (0,0) size 0x0
      LayoutNGBlockFlow (anonymous) at (0,87.73) size 784x2
      LayoutNGBlockFlow (anonymous) at (0,96.39) size 784x58
        LayoutInline {SPAN} at (0,0) size 581x56
          LayoutInline {SPAN} at (0,0) size 581x56
            LayoutText {#text} at (0,0) size 0x0
            LayoutNGBlockFlow {IMG} at (0,3.48) size 78x16
              LayoutInline {SPAN} at (0,0) size 62x16
                LayoutImage (floating) {IMG} at (0,0) size 16x16
                LayoutInline {SPAN} at (0,0) size 62x16
                  LayoutText {#text} at (16,0) size 62x16
                    text run at (16,0) width 62: "Addresses"
            LayoutText {#text} at (78,2) size 4x16
              text run at (78,2) width 4: " "
            LayoutInline {SPAN} at (0,0) size 83x19
              LayoutText {#text} at (82,0) size 83x19
                text run at (82,0) width 83: "Addresses"
              LayoutBR {BR} at (165,0) size 0x19
            LayoutText {#text} at (0,0) size 0x0
            LayoutText {#text} at (0,0) size 0x0
          LayoutText {#text} at (0,0) size 0x0
      LayoutNGBlockFlow (anonymous) at (0,161.05) size 784x2
      LayoutNGBlockFlow (anonymous) at (0,169.70) size 784x41.77
        LayoutInline {SPAN} at (0,0) size 138x38
          LayoutInline {SPAN} at (0,0) size 138x38
            LayoutText {#text} at (0,0) size 0x0
            LayoutInline {SPAN} at (0,0) size 138x41
              LayoutText {#text} at (0,0) size 0x0
              LayoutNGBlockFlow {IMG} at (0,0.77) size 75x20
                LayoutInline {SPAN} at (0,0) size 59x19
                  LayoutImage (floating) {IMG} at (0,0) size 16x16
                  LayoutInline {SPAN} at (0,0) size 59x19
                    LayoutText {#text} at (16,0) size 59x19
                      text run at (16,0) width 59: "Phones"
              LayoutText {#text} at (75,0) size 63x19
                text run at (75,0) width 63: " Phones"
              LayoutBR {BR} at (138,0) size 0x19
            LayoutText {#text} at (0,0) size 0x0
      LayoutNGBlockFlow (anonymous) at (0,273.47) size 784x0
        LayoutInline {SPAN} at (0,0) size 0x0
          LayoutInline {SPAN} at (0,0) size 0x0
            LayoutText {#text} at (0,0) size 0x0
          LayoutText {#text} at (0,0) size 0x0
      LayoutNGBlockFlow (anonymous) at (0,280.13) size 784x2
      LayoutNGBlockFlow (anonymous) at (0,288.78) size 784x20.77
        LayoutInline {SPAN} at (0,0) size 144x16
          LayoutInline {SPAN} at (0,0) size 144x16
            LayoutText {#text} at (0,0) size 0x0
            LayoutInline {SPAN} at (0,0) size 144x19
              LayoutText {#text} at (0,0) size 0x0
              LayoutNGBlockFlow {IMG} at (0,0.77) size 78x20
                LayoutInline {SPAN} at (0,0) size 62x19
                  LayoutImage (floating) {IMG} at (0,0) size 16x16
                  LayoutInline {SPAN} at (0,0) size 62x19
                    LayoutText {#text} at (16,0) size 62x19
                      text run at (16,0) width 62: "Itinerary"
              LayoutText {#text} at (78,0) size 66x19
                text run at (78,0) width 66: " Itinerary"
            LayoutText {#text} at (0,0) size 0x0
            LayoutInline {SPAN} at (0,0) size 0x0
              LayoutText {#text} at (0,0) size 0x0
              LayoutInline {SPAN} at (0,0) size 0x0
                LayoutText {#text} at (0,0) size 0x0
      LayoutNGBlockFlow (anonymous) at (0,309.55) size 784x63
        LayoutTable {TABLE} at (0,0) size 595x63
          LayoutTableSection {TBODY} at (0,0) size 595x63
            LayoutTableRow {TR} at (0,2) size 595x59
              LayoutNGTableCell {TD} at (2,30) size 2x2 [r=0 c=0 rs=1 cs=1]
              LayoutNGTableCell {TD} at (6,2) size 2x2 [r=0 c=1 rs=1 cs=1]
              LayoutNGTableCell {TD} at (10,21) size 163x21 [r=0 c=2 rs=1 cs=1]
                LayoutNGBlockFlow {IMG} at (1,1) size 161x19
                  LayoutInline {SPAN} at (0,0) size 145x18
                    LayoutImage (floating) {IMG} at (0,0) size 16x16
                    LayoutInline {SPAN} at (0,0) size 145x18
                      LayoutText {#text} at (16,0) size 145x18
                        text run at (16,0) width 145: "TUR - Tour Package"
                LayoutText {#text} at (0,0) size 0x0
              LayoutNGTableCell {TD} at (175,2) size 418x59 [r=0 c=3 rs=1 cs=1]
                LayoutText {#text} at (1,1) size 145x18
                  text run at (1,1) width 145: "TUR - Tour Package"
                LayoutBR {BR} at (146,1) size 0x18
                LayoutText {#text} at (1,20) size 227x18
                  text run at (1,20) width 227: "Date: Sunday, January 12, 2003"
                LayoutBR {BR} at (228,20) size 0x18
                LayoutText {#text} at (1,39) size 416x18
                  text run at (1,39) width 416: "Comments: -** TICKETLESS CONF CODE IS WHGNSO**"
      LayoutNGBlockFlow (anonymous) at (0,372.55) size 784x0
        LayoutInline {SPAN} at (0,0) size 0x0
          LayoutInline {SPAN} at (0,0) size 0x0
            LayoutInline {SPAN} at (0,0) size 0x0
              LayoutInline {SPAN} at (0,0) size 0x0
              LayoutText {#text} at (0,0) size 0x0
      LayoutNGBlockFlow (anonymous) at (0,379.20) size 784x2
      LayoutNGBlockFlow (anonymous) at (0,387.86) size 784x0
        LayoutInline {SPAN} at (0,0) size 0x0
          LayoutInline {SPAN} at (0,0) size 0x0
            LayoutInline {SPAN} at (0,0) size 0x0
              LayoutInline {SPAN} at (0,0) size 0x0
                LayoutText {#text} at (0,0) size 0x0
      LayoutNGBlockFlow (anonymous) at (0,387.86) size 784x206
        LayoutTable {TABLE} at (0,0) size 726x206
          LayoutTableSection {TBODY} at (0,0) size 726x206
            LayoutTableRow {TR} at (0,2) size 726x202
              LayoutNGTableCell {TD} at (2,102) size 2x2 [r=0 c=0 rs=1 cs=1]
              LayoutNGTableCell {TD} at (6,2) size 2x2 [r=0 c=1 rs=1 cs=1]
              LayoutNGTableCell {TD} at (10,92) size 106x21 [r=0 c=2 rs=1 cs=1]
                LayoutNGBlockFlow {IMG} at (1,1) size 104x19
                  LayoutInline {SPAN} at (0,0) size 88x18
                    LayoutImage (floating) {IMG} at (0,0) size 16x16
                    LayoutInline {SPAN} at (0,0) size 88x18
                      LayoutText {#text} at (16,0) size 88x18
                        text run at (16,0) width 88: "Air Segment"
                LayoutText {#text} at (0,0) size 0x0
              LayoutNGTableCell {TD} at (118,2) size 606x202 [r=0 c=3 rs=1 cs=1]
                LayoutNGBlockFlow (anonymous) at (1,1) size 604x133
                  LayoutText {#text} at (0,0) size 20x18
                    text run at (0,0) width 20: "Air"
                  LayoutBR {BR} at (20,0) size 0x18
                  LayoutText {#text} at (0,19) size 484x18
                    text run at (0,19) width 484: "United Flight 1187 Booking Code:M Date: Sunday, January 12, 2003"
                  LayoutBR {BR} at (484,19) size 0x18
                  LayoutText {#text} at (0,38) size 386x18
                    text run at (0,38) width 386: "From: San Francisco Intl Arpt, San Francisco CA - U.S."
                  LayoutBR {BR} at (386,38) size 0x18
                  LayoutText {#text} at (0,57) size 401x18
                    text run at (0,57) width 401: "To: Burbank Glendale Pasadena Arpt, Burbank CA - U.S."
                  LayoutBR {BR} at (401,57) size 0x18
                  LayoutText {#text} at (0,76) size 243x18
                    text run at (0,76) width 243: "Departs: 6:05 PM Arrives: 7:10 PM"
                  LayoutBR {BR} at (243,76) size 0x18
                  LayoutText {#text} at (0,95) size 49x18
                    text run at (0,95) width 49: "Status:"
                  LayoutInline {SPACE} at (0,0) size 123x37
                    LayoutText {#text} at (49,95) size 74x18
                      text run at (49,95) width 74: " confirmed"
                    LayoutInline {SPACE} at (0,0) size 123x37
                      LayoutText {#text} at (0,0) size 0x0
                      LayoutBR {BR} at (123,95) size 0x18
                      LayoutText {#text} at (0,114) size 45x18
                        text run at (0,114) width 45: "Seats:"
                      LayoutBR {BR} at (45,114) size 0x18
                LayoutNGBlockFlow (anonymous) at (1,134) size 604x48
                  LayoutTable {TABLE} at (0,0) size 604x48 [border: (1px outset #808080)]
                    LayoutTableSection {TBODY} at (1,1) size 602x46
                      LayoutTableRow {TR} at (0,0) size 602x23 [bgcolor=#E0E0E0]
                        LayoutNGTableCell {TD} at (0,0) size 98x23 [border: (1px inset #808080)] [r=0 c=0 rs=1 cs=1]
                          LayoutText {#text} at (2,2) size 43x18
                            text run at (2,2) width 43: "Name"
                        LayoutNGTableCell {TD} at (98,0) size 37x23 [border: (1px inset #808080)] [r=0 c=1 rs=1 cs=1]
                          LayoutText {#text} at (2,2) size 33x18
                            text run at (2,2) width 33: "Seat"
                        LayoutNGTableCell {TD} at (135,0) size 78x23 [border: (1px inset #808080)] [r=0 c=2 rs=1 cs=1]
                          LayoutText {#text} at (2,2) size 45x18
                            text run at (2,2) width 45: "Status"
                        LayoutNGTableCell {TD} at (213,0) size 316x23 [border: (1px inset #808080)] [r=0 c=3 rs=1 cs=1]
                          LayoutText {#text} at (2,2) size 35x18
                            text run at (2,2) width 35: "Type"
                        LayoutNGTableCell {TD} at (529,0) size 73x23 [border: (1px inset #808080)] [r=0 c=4 rs=1 cs=1]
                          LayoutText {#text} at (2,2) size 69x18
                            text run at (2,2) width 69: "Comment"
                      LayoutTableRow {TR} at (0,23) size 602x23
                        LayoutNGTableCell {TD} at (0,23) size 98x23 [border: (1px inset #808080)] [r=1 c=0 rs=1 cs=1]
                          LayoutText {#text} at (2,2) size 94x18
                            text run at (2,2) width 94: "HAO,SCOTT"
                        LayoutNGTableCell {TD} at (98,23) size 37x23 [border: (1px inset #808080)] [r=1 c=1 rs=1 cs=1]
                          LayoutText {#text} at (2,2) size 29x18
                            text run at (2,2) width 29: "08A"
                        LayoutNGTableCell {TD} at (135,23) size 78x23 [border: (1px inset #808080)] [r=1 c=2 rs=1 cs=1]
                          LayoutText {#text} at (2,2) size 74x18
                            text run at (2,2) width 74: "confirmed "
                        LayoutNGTableCell {TD} at (213,23) size 316x23 [border: (1px inset #808080)] [r=1 c=3 rs=1 cs=1]
                          LayoutText {#text} at (2,2) size 312x18
                            text run at (2,2) width 312: "Non-Smoking, Window Seat, Preferred Seat"
                        LayoutNGTableCell {TD} at (529,23) size 73x23 [border: (1px inset #808080)] [r=1 c=4 rs=1 cs=1]
                          LayoutText {#text} at (2,2) size 4x18
                            text run at (2,2) width 4: " "
                LayoutNGBlockFlow (anonymous) at (1,182) size 604x19
                  LayoutInline {SPACE} at (0,0) size 0x18
                    LayoutInline {SPACE} at (0,0) size 0x18
                      LayoutBR {BR} at (0,0) size 0x18
      LayoutNGBlockFlow (anonymous) at (0,593.86) size 784x0
        LayoutInline {SPAN} at (0,0) size 0x0
          LayoutInline {SPAN} at (0,0) size 0x0
            LayoutInline {SPAN} at (0,0) size 0x0
              LayoutInline {SPAN} at (0,0) size 0x0
              LayoutText {#text} at (0,0) size 0x0
      LayoutNGBlockFlow (anonymous) at (0,600.52) size 784x2
      LayoutNGBlockFlow (anonymous) at (0,609.17) size 784x0
        LayoutInline {SPAN} at (0,0) size 0x0
          LayoutInline {SPAN} at (0,0) size 0x0
            LayoutInline {SPAN} at (0,0) size 0x0
              LayoutInline {SPAN} at (0,0) size 0x0
                LayoutText {#text} at (0,0) size 0x0
      LayoutNGBlockFlow (anonymous) at (0,609.17) size 784x206
        LayoutTable {TABLE} at (0,0) size 615x206
          LayoutTableSection {TBODY} at (0,0) size 615x206
            LayoutTableRow {TR} at (0,2) size 615x202
              LayoutNGTableCell {TD} at (2,102) size 2x2 [r=0 c=0 rs=1 cs=1]
              LayoutNGTableCell {TD} at (6,2) size 2x2 [r=0 c=1 rs=1 cs=1]
              LayoutNGTableCell {TD} at (10,92) size 106x21 [r=0 c=2 rs=1 cs=1]
                LayoutNGBlockFlow {IMG} at (1,1) size 104x19
                  LayoutInline {SPAN} at (0,0) size 88x18
                    LayoutImage (floating) {IMG} at (0,0) size 16x16
                    LayoutInline {SPAN} at (0,0) size 88x18
                      LayoutText {#text} at (16,0) size 88x18
                        text run at (16,0) width 88: "Air Segment"
                LayoutText {#text} at (0,0) size 0x0
              LayoutNGTableCell {TD} at (118,2) size 495x202 [r=0 c=3 rs=1 cs=1]
                LayoutNGBlockFlow (anonymous) at (1,1) size 493x133
                  LayoutText {#text} at (0,0) size 20x18
                    text run at (0,0) width 20: "Air"
                  LayoutBR {BR} at (20,0) size 0x18
                  LayoutText {#text} at (0,19) size 465x18
                    text run at (0,19) width 465: "United Flight 480 Booking Code:Q Date: Friday, January 24, 2003"
                  LayoutBR {BR} at (465,19) size 0x18
                  LayoutText {#text} at (0,38) size 421x18
                    text run at (0,38) width 421: "From: Burbank Glendale Pasadena Arpt, Burbank CA - U.S."
                  LayoutBR {BR} at (421,38) size 0x18
                  LayoutText {#text} at (0,57) size 366x18
                    text run at (0,57) width 366: "To: San Francisco Intl Arpt, San Francisco CA - U.S."
                  LayoutBR {BR} at (366,57) size 0x18
                  LayoutText {#text} at (0,76) size 243x18
                    text run at (0,76) width 243: "Departs: 1:40 PM Arrives: 2:50 PM"
                  LayoutBR {BR} at (243,76) size 0x18
                  LayoutText {#text} at (0,95) size 49x18
                    text run at (0,95) width 49: "Status:"
                  LayoutInline {SPACE} at (0,0) size 123x37
                    LayoutText {#text} at (49,95) size 74x18
                      text run at (49,95) width 74: " confirmed"
                    LayoutInline {SPACE} at (0,0) size 123x37
                      LayoutText {#text} at (0,0) size 0x0
                      LayoutBR {BR} at (123,95) size 0x18
                      LayoutText {#text} at (0,114) size 45x18
                        text run at (0,114) width 45: "Seats:"
                      LayoutBR {BR} at (45,114) size 0x18
                LayoutNGBlockFlow (anonymous) at (1,134) size 493x48
                  LayoutTable {TABLE} at (0,0) size 493x48 [border: (1px outset #808080)]
                    LayoutTableSection {TBODY} at (1,1) size 491x46
                      LayoutTableRow {TR} at (0,0) size 491x23 [bgcolor=#E0E0E0]
                        LayoutNGTableCell {TD} at (0,0) size 98x23 [border: (1px inset #808080)] [r=0 c=0 rs=1 cs=1]
                          LayoutText {#text} at (2,2) size 43x18
                            text run at (2,2) width 43: "Name"
                        LayoutNGTableCell {TD} at (98,0) size 37x23 [border: (1px inset #808080)] [r=0 c=1 rs=1 cs=1]
                          LayoutText {#text} at (2,2) size 33x18
                            text run at (2,2) width 33: "Seat"
                        LayoutNGTableCell {TD} at (135,0) size 78x23 [border: (1px inset #808080)] [r=0 c=2 rs=1 cs=1]
                          LayoutText {#text} at (2,2) size 45x18
                            text run at (2,2) width 45: "Status"
                        LayoutNGTableCell {TD} at (213,0) size 205x23 [border: (1px inset #808080)] [r=0 c=3 rs=1 cs=1]
                          LayoutText {#text} at (2,2) size 35x18
                            text run at (2,2) width 35: "Type"
                        LayoutNGTableCell {TD} at (418,0) size 73x23 [border: (1px inset #808080)] [r=0 c=4 rs=1 cs=1]
                          LayoutText {#text} at (2,2) size 69x18
                            text run at (2,2) width 69: "Comment"
                      LayoutTableRow {TR} at (0,23) size 491x23
                        LayoutNGTableCell {TD} at (0,23) size 98x23 [border: (1px inset #808080)] [r=1 c=0 rs=1 cs=1]
                          LayoutText {#text} at (2,2) size 94x18
                            text run at (2,2) width 94: "HAO,SCOTT"
                        LayoutNGTableCell {TD} at (98,23) size 37x23 [border: (1px inset #808080)] [r=1 c=1 rs=1 cs=1]
                          LayoutText {#text} at (2,2) size 28x18
                            text run at (2,2) width 28: "13F"
                        LayoutNGTableCell {TD} at (135,23) size 78x23 [border: (1px inset #808080)] [r=1 c=2 rs=1 cs=1]
                          LayoutText {#text} at (2,2) size 74x18
                            text run at (2,2) width 74: "confirmed "
                        LayoutNGTableCell {TD} at (213,23) size 205x23 [border: (1px inset #808080)] [r=1 c=3 rs=1 cs=1]
                          LayoutText {#text} at (2,2) size 201x18
                            text run at (2,2) width 201: "Non-Smoking, Window Seat"
                        LayoutNGTableCell {TD} at (418,23) size 73x23 [border: (1px inset #808080)] [r=1 c=4 rs=1 cs=1]
                          LayoutText {#text} at (2,2) size 4x18
                            text run at (2,2) width 4: " "
                LayoutNGBlockFlow (anonymous) at (1,182) size 493x19
                  LayoutInline {SPACE} at (0,0) size 0x18
                    LayoutInline {SPACE} at (0,0) size 0x18
                      LayoutBR {BR} at (0,0) size 0x18
      LayoutNGBlockFlow (anonymous) at (0,815.17) size 784x0
        LayoutInline {SPAN} at (0,0) size 0x0
          LayoutInline {SPAN} at (0,0) size 0x0
            LayoutInline {SPAN} at (0,0) size 0x0
              LayoutInline {SPAN} at (0,0) size 0x0
              LayoutText {#text} at (0,0) size 0x0
      LayoutNGBlockFlow (anonymous) at (0,821.83) size 784x2
      LayoutNGBlockFlow (anonymous) at (0,830.48) size 784x0
        LayoutInline {SPAN} at (0,0) size 0x0
          LayoutInline {SPAN} at (0,0) size 0x0
            LayoutInline {SPAN} at (0,0) size 0x0
              LayoutInline {SPAN} at (0,0) size 0x0
                LayoutText {#text} at (0,0) size 0x0
      LayoutNGBlockFlow (anonymous) at (0,830.48) size 784x120
        LayoutTable {TABLE} at (0,0) size 628x120
          LayoutTableSection {TBODY} at (0,0) size 628x120
            LayoutTableRow {TR} at (0,2) size 628x116
              LayoutNGTableCell {TD} at (2,59) size 2x2 [r=0 c=0 rs=1 cs=1]
              LayoutNGTableCell {TD} at (6,2) size 2x2 [r=0 c=1 rs=1 cs=1]
              LayoutNGTableCell {TD} at (10,49) size 106x21 [r=0 c=2 rs=1 cs=1]
                LayoutNGBlockFlow {IMG} at (1,1) size 104x19
                  LayoutInline {SPAN} at (0,0) size 88x18
                    LayoutImage (floating) {IMG} at (0,0) size 16x16
                    LayoutInline {SPAN} at (0,0) size 88x18
                      LayoutText {#text} at (16,0) size 88x18
                        text run at (16,0) width 88: "Air Segment"
                LayoutText {#text} at (0,0) size 0x0
              LayoutNGTableCell {TD} at (118,2) size 508x116 [r=0 c=3 rs=1 cs=1]
                LayoutText {#text} at (1,1) size 20x18
                  text run at (1,1) width 20: "Air"
                LayoutBR {BR} at (21,1) size 0x18
                LayoutText {#text} at (1,20) size 506x18
                  text run at (1,20) width 506: "UNKNOWN Flight 123 Booking Code:Y Date: Tuesday, March 25, 2003"
                LayoutBR {BR} at (507,20) size 0x18
                LayoutText {#text} at (1,39) size 386x18
                  text run at (1,39) width 386: "From: San Francisco Intl Arpt, San Francisco CA - U.S."
                LayoutBR {BR} at (387,39) size 0x18
                LayoutText {#text} at (1,58) size 366x18
                  text run at (1,58) width 366: "To: San Francisco Intl Arpt, San Francisco CA - U.S."
                LayoutBR {BR} at (367,58) size 0x18
                LayoutText {#text} at (1,77) size 169x18
                  text run at (1,77) width 169: "Departs: n/a Arrives: n/a"
                LayoutBR {BR} at (170,77) size 0x18
                LayoutText {#text} at (1,96) size 49x18
                  text run at (1,96) width 49: "Status:"
                LayoutInline {SPACE} at (0,0) size 191x18
                  LayoutText {#text} at (50,96) size 191x18
                    text run at (50,96) width 191: " requested, await response"
                  LayoutInline {SPACE} at (0,0) size 0x18
                    LayoutText {#text} at (0,0) size 0x0
                    LayoutBR {BR} at (241,96) size 0x18
      LayoutNGBlockFlow (anonymous) at (0,950.48) size 784x0
        LayoutInline {SPAN} at (0,0) size 0x0
          LayoutInline {SPAN} at (0,0) size 0x0
            LayoutInline {SPAN} at (0,0) size 0x0
              LayoutInline {SPAN} at (0,0) size 0x0
              LayoutText {#text} at (0,0) size 0x0
      LayoutNGBlockFlow (anonymous) at (0,957.14) size 784x2
      LayoutNGBlockFlow (anonymous) at (0,965.80) size 784x56
        LayoutInline {SPAN} at (0,0) size 196x54
          LayoutInline {SPAN} at (0,0) size 0x0
            LayoutInline {SPAN} at (0,0) size 0x0
            LayoutText {#text} at (0,0) size 0x0
          LayoutText {#text} at (0,0) size 0x0
          LayoutInline {SPAN} at (0,0) size 93x39
            LayoutText {#text} at (0,0) size 0x0
            LayoutNGBlockFlow {IMG} at (0,2.77) size 16x16
              LayoutInline {SPAN} at (0,0) size 0x0
                LayoutImage (floating) {IMG} at (0,0) size 16x16
                LayoutInline {SPAN} at (0,0) size 0x0
            LayoutText {#text} at (16,0) size 77x19
              text run at (16,0) width 77: " Remarks:"
            LayoutBR {BR} at (93,0) size 0x19
          LayoutText {#text} at (0,0) size 0x0
          LayoutBR {BR} at (0,35) size 0x0
          LayoutInline {SPAN} at (0,0) size 196x16
            LayoutText {#text} at (0,40) size 196x16
              text run at (0,40) width 196: "SERVICE FEE MCO 8103220490"
            LayoutBR {BR} at (196,40) size 0x16
          LayoutText {#text} at (0,0) size 0x0
      LayoutNGBlockFlow (anonymous) at (0,1028.45) size 784x2
      LayoutNGBlockFlow (anonymous) at (0,1037.11) size 784x20.77
        LayoutInline {SPAN} at (0,0) size 194x16
          LayoutInline {SPAN} at (0,0) size 194x19
            LayoutText {#text} at (0,0) size 0x0
            LayoutNGBlockFlow {IMG} at (0,0.77) size 78x20
              LayoutInline {SPAN} at (0,0) size 62x19
                LayoutImage (floating) {IMG} at (0,0) size 16x16
                LayoutInline {SPAN} at (0,0) size 62x19
                  LayoutText {#text} at (16,0) size 62x19
                    text run at (16,0) width 62: "Itinerary"
            LayoutText {#text} at (78,0) size 4x19
              text run at (78,0) width 4: " "
            LayoutInline {B} at (0,0) size 112x19
              LayoutText {#text} at (82,0) size 112x19
                text run at (82,0) width 112: "Web Bookings"
            LayoutText {#text} at (0,0) size 0x0
            LayoutInline {SPAN} at (0,0) size 0x19
              LayoutBR {BR} at (194,0) size 0x19
              LayoutInline {SPAN} at (0,0) size 0x0
            LayoutText {#text} at (0,0) size 0x0
          LayoutText {#text} at (0,0) size 0x0
      LayoutNGBlockFlow (anonymous) at (0,1064.53) size 784x2
      LayoutNGBlockFlow (anonymous) at (0,1073.19) size 784x20
        LayoutInline {SPAN} at (0,0) size 273x16
          LayoutInline {SPAN} at (0,0) size 273x16
            LayoutText {#text} at (0,0) size 0x0
            LayoutInline {SPAN} at (0,0) size 273x19
              LayoutText {#text} at (0,0) size 0x0
              LayoutNGBlockFlow {IMG} at (0,2.77) size 16x16
                LayoutInline {SPAN} at (0,0) size 0x0
                  LayoutImage (floating) {IMG} at (0,0) size 16x16
                  LayoutInline {SPAN} at (0,0) size 0x0
              LayoutText {#text} at (16,0) size 257x19
                text run at (16,0) width 257: " Remarks and Service Information"
              LayoutBR {BR} at (273,0) size 0x19
            LayoutText {#text} at (0,0) size 0x0
            LayoutText {#text} at (0,0) size 0x0
      LayoutNGBlockFlow (anonymous) at (0,1099.84) size 784x31.33
        LayoutNGBlockFlow {P} at (0,15.33) size 784x16
          LayoutText {#text} at (0,0) size 204x16
            text run at (0,0) width 204: "This itinerary is subject to change. "
          LayoutInline {A} at (0,0) size 163x16 [color=#0000EE]
            LayoutText {#text} at (204,0) size 163x16
              text run at (204,0) width 163: "Click here for latest updates"
          LayoutText {#text} at (0,0) size 0x0
      LayoutNGBlockFlow (anonymous) at (0,1144.50) size 784x0
        LayoutInline {SPAN} at (0,0) size 0x0
          LayoutInline {SPAN} at (0,0) size 0x0
          LayoutText {#text} at (0,0) size 0x0
layer at (8,39) size 784x2 clip at (0,0) size 0x0
  LayoutNGBlockFlow {HR} at (0,0) size 784x2 [border: (1px inset #EEEEEE)]
layer at (8,96) size 784x2 clip at (0,0) size 0x0
  LayoutNGBlockFlow {HR} at (0,0) size 784x2 [border: (1px inset #EEEEEE)]
layer at (8,169) size 784x2 clip at (0,0) size 0x0
  LayoutNGBlockFlow {HR} at (0,0) size 784x2 [border: (1px inset #EEEEEE)]
layer at (8,288) size 784x2 clip at (0,0) size 0x0
  LayoutNGBlockFlow {HR} at (0,0) size 784x2 [border: (1px inset #EEEEEE)]
layer at (8,387) size 784x2 clip at (0,0) size 0x0
  LayoutNGBlockFlow {HR} at (0,0) size 784x2 [border: (1px inset #EEEEEE)]
layer at (8,609) size 784x2 backgroundClip at (0,0) size 0x0 clip at (0,0) size 0x0
  LayoutNGBlockFlow {HR} at (0,0) size 784x2 [border: (1px inset #EEEEEE)]
layer at (8,830) size 784x2 backgroundClip at (0,0) size 0x0 clip at (0,0) size 0x0
  LayoutNGBlockFlow {HR} at (0,0) size 784x2 [border: (1px inset #EEEEEE)]
layer at (8,965) size 784x2 backgroundClip at (0,0) size 0x0 clip at (0,0) size 0x0
  LayoutNGBlockFlow {HR} at (0,0) size 784x2 [border: (1px inset #EEEEEE)]
layer at (8,1036) size 784x2 backgroundClip at (0,0) size 0x0 clip at (0,0) size 0x0
  LayoutNGBlockFlow {HR} at (0,0) size 784x2 [border: (1px inset #EEEEEE)]
layer at (8,1073) size 784x2 backgroundClip at (0,0) size 0x0 clip at (0,0) size 0x0
  LayoutNGBlockFlow {HR} at (0,0) size 784x2 [border: (1px inset #EEEEEE)]
layer at (8,1108) size 784x2 backgroundClip at (0,0) size 0x0 clip at (0,0) size 0x0
  LayoutNGBlockFlow {HR} at (0,0) size 784x2 [border: (1px inset #EEEEEE)]
layer at (23,47) size 100x17
  LayoutInline (relative positioned) {SPAN} at (0,0) size 100x17
    LayoutText {#text} at (0,0) size 0x0
    LayoutInline {SPAN} at (0,0) size 100x17
      LayoutText {#text} at (0,0) size 0x0
      LayoutNGBlockFlow {IMG} at (0,20.77) size 16x16
        LayoutInline {SPAN} at (0,0) size 0x0
          LayoutImage (floating) {IMG} at (0,0) size 16x16
          LayoutInline {SPAN} at (0,0) size 0x0
      LayoutText {#text} at (16,23) size 4x17
        text run at (16,23) width 4: " "
      LayoutInline {SPAN} at (0,0) size 80x17
        LayoutText {#text} at (20,23) size 80x17
          text run at (20,23) width 80: "HAO, SCOTT"
        LayoutBR {BR} at (100,23) size 0x17
        LayoutText {#text} at (0,0) size 0x0
      LayoutText {#text} at (0,0) size 0x0
    LayoutText {#text} at (0,0) size 0x0
layer at (48,47) size 0x0
  LayoutInline (relative positioned) {SPAN} at (0,0) size 0x0
    LayoutText {#text} at (0,0) size 0x0
layer at (23,104) size 581x35
  LayoutInline (relative positioned) {SPAN} at (0,0) size 581x35
    LayoutText {#text} at (0,0) size 0x0
    LayoutNGBlockFlow {IMG} at (0,20) size 16x16
      LayoutInline {SPAN} at (0,0) size 0x0
        LayoutImage (floating) {IMG} at (0,0) size 16x16
        LayoutInline {SPAN} at (0,0) size 0x0
    LayoutText {#text} at (16,23) size 565x16
      text run at (16,23) width 565: " Address: ST. JUDE MEDICAL, 21700 OXNARD ST SUITE 800, WOODLAND HILLS CA Z/91367"
    LayoutBR {BR} at (581,23) size 0x16
    LayoutNGBlockFlow {IMG} at (0,39) size 16x16
      LayoutInline {SPAN} at (0,0) size 0x0
        LayoutImage (floating) {IMG} at (0,0) size 16x16
        LayoutInline {SPAN} at (0,0) size 0x0
    LayoutText {#text} at (16,42) size 405x16
      text run at (16,42) width 405: " Deliver: DEBI STANGEL, 119 GLEN COURT, DANVILLE CA Z/94526"
layer at (23,178) size 16x17
  LayoutInline (relative positioned) {SPAN} at (0,0) size 16x17
    LayoutText {#text} at (0,0) size 0x0
    LayoutNGBlockFlow {IMG} at (0,20.77) size 16x16
      LayoutInline {SPAN} at (0,0) size 0x0
        LayoutImage (floating) {IMG} at (0,0) size 16x16
        LayoutInline {SPAN} at (0,0) size 0x0
    LayoutText {#text} at (0,0) size 0x0
layer at (23,219) size 784x62 backgroundClip at (0,0) size 800x600 clip at (0,0) size 800x600
  LayoutNGBlockFlow (anonymous) (relative positioned) at (0,211.47) size 784x62
layer at (43,204) size 527x62
  LayoutTable (relative positioned) {TABLE} at (0,0) size 527x62 [border: (1px outset #808080)]
    LayoutTableSection {TBODY} at (1,1) size 525x60
      LayoutTableRow {TR} at (0,2) size 525x23 [bgcolor=#E0E0E0]
        LayoutNGTableCell {TD} at (2,2) size 94x23 [border: (1px inset #808080)] [r=0 c=0 rs=1 cs=1]
          LayoutText {#text} at (2,2) size 35x18
            text run at (2,2) width 35: "Type"
        LayoutNGTableCell {TD} at (98,2) size 45x23 [border: (1px inset #808080)] [r=0 c=1 rs=1 cs=1]
          LayoutText {#text} at (2,2) size 28x18
            text run at (2,2) width 28: "City"
        LayoutNGTableCell {TD} at (145,2) size 378x23 [border: (1px inset #808080)] [r=0 c=2 rs=1 cs=1]
          LayoutText {#text} at (2,2) size 47x18
            text run at (2,2) width 47: "Phone"
      LayoutTableRow {TR} at (0,27) size 525x0
      LayoutTableRow {TR} at (0,29) size 525x23
        LayoutNGTableCell {TD} at (2,29) size 94x23 [border: (1px inset #808080)] [r=2 c=0 rs=1 cs=1]
          LayoutText {#text} at (2,2) size 89x18
            text run at (2,2) width 89: "Travel Agent"
        LayoutNGTableCell {TD} at (98,29) size 45x23 [border: (1px inset #808080)] [r=2 c=1 rs=1 cs=1]
          LayoutText {#text} at (2,2) size 41x18
            text run at (2,2) width 41: "(LAX)"
        LayoutNGTableCell {TD} at (145,29) size 378x23 [border: (1px inset #808080)] [r=2 c=2 rs=1 cs=1]
          LayoutText {#text} at (2,2) size 372x18
            text run at (2,2) width 372: "RQ0/818 990-4053-PLAZA TRAVEL - 05838276-RC"
      LayoutTableRow {TR} at (0,54) size 525x0
      LayoutTableRow {TR} at (0,56) size 525x0
      LayoutTableRow {TR} at (0,58) size 525x0
layer at (23,281) size 0x0
  LayoutInline (relative positioned) {SPAN} at (0,0) size 0x0
layer at (33,1081) size 0x0
  LayoutInline (relative positioned) {SPAN} at (0,0) size 0x0
    LayoutText {#text} at (0,0) size 0x0
    LayoutInline {SPAN} at (0,0) size 0x0
      LayoutText {#text} at (0,0) size 0x0
    LayoutText {#text} at (0,0) size 0x0
