layer at (0,0) size 800x600
  LayoutView at (0,0) size 800x600
layer at (0,0) size 800x600
  LayoutBlockFlow {HTML} at (0,0) size 800x600
    LayoutBlockFlow {BODY} at (8,8) size 784x584
      LayoutTable {TABLE} at (0,0) size 784x402 [border: (5px outset #808080)]
        LayoutTableSection {TBODY} at (5,5) size 774x392
          LayoutTableRow {TR} at (0,2) size 774x388
            LayoutTableCell {TD} at (2,194) size 716x4 [border: (1px inset #808080)] [r=0 c=0 rs=1 cs=1]
            LayoutTableCell {TD} at (720,2) size 52x388 [border: (1px inset #808080)] [r=0 c=1 rs=1 cs=1]
              LayoutInline {A} at (0,0) size 32x17 [color=#0000EE]
                LayoutText {#text} at (2,5) size 32x17
                  text run at (2,5) width 32: "\x{5CA1}\x{5C71}"
              LayoutText {#text} at (34,5) size 16x17
                text run at (34,5) width 16: "\x{FF5C}"
              LayoutInline {A} at (0,0) size 32x17 [color=#0000EE]
                LayoutText {#text} at (2,29) size 32x17
                  text run at (2,29) width 32: "\x{5E83}\x{5CF6}"
              LayoutText {#text} at (34,29) size 16x17
                text run at (34,29) width 16: "\x{FF5C}"
              LayoutInline {A} at (0,0) size 32x17 [color=#0000EE]
                LayoutText {#text} at (2,53) size 32x17
                  text run at (2,53) width 32: "\x{5C71}\x{53E3}"
              LayoutText {#text} at (34,53) size 16x17
                text run at (34,53) width 16: "\x{FF5C}"
              LayoutInline {A} at (0,0) size 32x17 [color=#0000EE]
                LayoutText {#text} at (2,77) size 32x17
                  text run at (2,77) width 32: "\x{5FB3}\x{5CF6}"
              LayoutText {#text} at (34,77) size 16x17
                text run at (34,77) width 16: "\x{FF5C}"
              LayoutInline {A} at (0,0) size 32x17 [color=#0000EE]
                LayoutText {#text} at (2,101) size 32x17
                  text run at (2,101) width 32: "\x{9999}\x{5DDD}"
              LayoutText {#text} at (34,101) size 16x17
                text run at (34,101) width 16: "\x{FF5C}"
              LayoutInline {A} at (0,0) size 32x17 [color=#0000EE]
                LayoutText {#text} at (2,125) size 32x17
                  text run at (2,125) width 32: "\x{611B}\x{5A9B}"
              LayoutText {#text} at (34,125) size 16x17
                text run at (34,125) width 16: "\x{FF5C}"
              LayoutInline {A} at (0,0) size 32x17 [color=#0000EE]
                LayoutText {#text} at (2,149) size 32x17
                  text run at (2,149) width 32: "\x{9AD8}\x{77E5}"
              LayoutText {#text} at (34,149) size 16x17
                text run at (34,149) width 16: "\x{FF5C}"
              LayoutInline {A} at (0,0) size 48x41 [color=#0000EE]
                LayoutText {#text} at (2,173) size 48x41
                  text run at (2,173) width 48: "\x{798F}\x{5CA1}\x{30FB}"
                  text run at (2,197) width 48: "\x{5317}\x{4E5D}\x{5DDE}"
              LayoutText {#text} at (2,221) size 16x17
                text run at (2,221) width 16: "\x{FF5C}"
              LayoutInline {A} at (0,0) size 32x17 [color=#0000EE]
                LayoutText {#text} at (18,221) size 32x17
                  text run at (18,221) width 32: "\x{4F50}\x{8CC0}"
              LayoutText {#text} at (2,245) size 16x17
                text run at (2,245) width 16: "\x{FF5C}"
              LayoutInline {A} at (0,0) size 32x17 [color=#0000EE]
                LayoutText {#text} at (18,245) size 32x17
                  text run at (18,245) width 32: "\x{9577}\x{5D0E}"
              LayoutText {#text} at (2,269) size 16x17
                text run at (2,269) width 16: "\x{FF5C}"
              LayoutInline {A} at (0,0) size 32x17 [color=#0000EE]
                LayoutText {#text} at (18,269) size 32x17
                  text run at (18,269) width 32: "\x{718A}\x{672C}"
              LayoutText {#text} at (2,293) size 16x17
                text run at (2,293) width 16: "\x{FF5C}"
              LayoutInline {A} at (0,0) size 32x17 [color=#0000EE]
                LayoutText {#text} at (18,293) size 32x17
                  text run at (18,293) width 32: "\x{5927}\x{5206}"
              LayoutText {#text} at (2,317) size 16x17
                text run at (2,317) width 16: "\x{FF5C}"
              LayoutInline {A} at (0,0) size 32x17 [color=#0000EE]
                LayoutText {#text} at (18,317) size 32x17
                  text run at (18,317) width 32: "\x{5BAE}\x{5D0E}"
              LayoutText {#text} at (2,341) size 16x17
                text run at (2,341) width 16: "\x{FF5C}"
              LayoutInline {A} at (0,0) size 48x41 [color=#0000EE]
                LayoutText {#text} at (18,341) size 48x41
                  text run at (18,341) width 32: "\x{9E7F}\x{5150}"
                  text run at (2,365) width 16: "\x{5CF6}"
              LayoutText {#text} at (18,365) size 16x17
                text run at (18,365) width 16: "\x{FF5C}"
