layer at (0,0) size 800x600
  LayoutView at (0,0) size 800x600
layer at (0,0) size 800x600
  LayoutBlockFlow {HTML} at (0,0) size 800x600
    LayoutBlockFlow {BODY} at (8,8) size 784x576
      LayoutBlockFlow {P} at (0,0) size 784x36
        LayoutText {#text} at (0,0) size 774x35
          text run at (0,0) width 774: "This HTML tests if the 'while-space' property controls the behavors of line-break characters (U+000A and U+000D) in a"
          text run at (0,18) width 139: "complex text (Hindi)."
      LayoutBlockFlow {P} at (0,52) size 784x45
        LayoutText {#text} at (0,6) size 734x38
          text run at (0,6) width 734: "If this test succeeds, you can see this Hindi word \"\x{935}\x{93F}\x{937}\x{92F}\x{94B}\x{902}\" repeated three times separated by a space in the first two"
          text run at (0,27) width 503: "paragraphs. In the third paragraphs, it'll be shown three times in separate lines."
      LayoutBlockFlow {P} at (0,113) size 784x27
        LayoutText {#text} at (0,6) size 138x17
          text run at (0,6) width 138: "1. \x{935}\x{93F}\x{937}\x{92F}\x{94B}\x{902} \x{935}\x{93F}\x{937}\x{92F}\x{94B}\x{902}\x{D}\x{935}\x{93F}\x{937}\x{92F}\x{94B}\x{902}"
      LayoutBlockFlow {P} at (0,156) size 784x27
        LayoutText {#text} at (0,6) size 138x17
          text run at (0,6) width 138: "2. \x{935}\x{93F}\x{937}\x{92F}\x{94B}\x{902} \x{935}\x{93F}\x{937}\x{92F}\x{94B}\x{902}\x{D}\x{935}\x{93F}\x{937}\x{92F}\x{94B}\x{902}"
      LayoutBlockFlow {P} at (0,199) size 784x72
        LayoutText {#text} at (0,0) size 79x68
          text run at (0,0) width 12: "3."
          text run at (12,0) width 0: " "
          text run at (0,24) width 40: "\x{935}\x{93F}\x{937}\x{92F}\x{94B}\x{902}"
          text run at (39,24) width 1: " "
          text run at (0,51) width 79: "\x{935}\x{93F}\x{937}\x{92F}\x{94B}\x{902}\x{D}\x{935}\x{93F}\x{937}\x{92F}\x{94B}\x{902}"
