layer at (0,0) size 800x600
  LayoutView at (0,0) size 800x600
layer at (0,0) size 800x364
  LayoutBlockFlow {HTML} at (0,0) size 800x364
    LayoutBlockFlow {BODY} at (8,8) size 784x348
      LayoutBlockFlow (anonymous) at (0,0) size 784x54
        LayoutText {#text} at (0,0) size 340x17
          text run at (0,0) width 340: "Tests if glyph caches of different languages interfere."
        LayoutBR {BR} at (339,0) size 1x17
        LayoutText {#text} at (0,18) size 743x35
          text run at (0,18) width 743: "On systems that the locales have different font preferences, the following divs should be displayed in corresponding"
          text run at (0,36) width 179: "preferred fonts respectively."
        LayoutBR {BR} at (178,36) size 1x17
      LayoutBlockFlow {DIV} at (0,54) size 784x98
        LayoutBlockFlow (anonymous) at (0,0) size 784x18
          LayoutText {#text} at (0,0) size 130x17
            text run at (0,0) width 130: "Default font-family:"
        LayoutBlockFlow {DIV} at (0,18) size 784x19
          LayoutText {#text} at (0,1) size 180x17
            text run at (0,1) width 180: "Simplified Chinese: \x{8AA4}\x{904E}\x{9AA8}"
        LayoutBlockFlow {DIV} at (0,37) size 784x19
          LayoutText {#text} at (0,0) size 183x17
            text run at (0,0) width 183: "Traditional Chinese: \x{8AA4}\x{904E}\x{9AA8}"
        LayoutBlockFlow {DIV} at (0,56) size 784x24
          LayoutText {#text} at (0,3) size 114x17
            text run at (0,3) width 114: "Japanese: \x{8AA4}\x{904E}\x{9AA8}"
        LayoutBlockFlow {DIV} at (0,80) size 784x18
          LayoutText {#text} at (0,0) size 104x17
            text run at (0,0) width 104: "Korean: \x{8AA4}\x{904E}\x{9AA8}"
      LayoutBlockFlow {DIV} at (0,152) size 784x98
        LayoutBlockFlow (anonymous) at (0,0) size 784x18
          LayoutText {#text} at (0,0) size 224x17
            text run at (0,0) width 224: "Generic font-family (sans-serif):"
        LayoutBlockFlow {DIV} at (0,18) size 784x19
          LayoutText {#text} at (0,1) size 190x17
            text run at (0,1) width 190: "Simplified Chinese: \x{8AA4}\x{904E}\x{9AA8}"
        LayoutBlockFlow {DIV} at (0,37) size 784x19
          LayoutText {#text} at (0,0) size 195x17
            text run at (0,0) width 195: "Traditional Chinese: \x{8AA4}\x{904E}\x{9AA8}"
        LayoutBlockFlow {DIV} at (0,56) size 784x24
          LayoutText {#text} at (0,3) size 127x17
            text run at (0,3) width 127: "Japanese: \x{8AA4}\x{904E}\x{9AA8}"
        LayoutBlockFlow {DIV} at (0,80) size 784x18
          LayoutText {#text} at (0,0) size 109x17
            text run at (0,0) width 109: "Korean: \x{8AA4}\x{904E}\x{9AA8}"
      LayoutBlockFlow {DIV} at (0,250) size 784x98
        LayoutBlockFlow (anonymous) at (0,0) size 784x18
          LayoutText {#text} at (0,0) size 300x17
            text run at (0,0) width 300: "Non-generic font-family (Times New Roman):"
        LayoutBlockFlow {DIV} at (0,18) size 784x19
          LayoutText {#text} at (0,1) size 180x17
            text run at (0,1) width 180: "Simplified Chinese: \x{8AA4}\x{904E}\x{9AA8}"
        LayoutBlockFlow {DIV} at (0,37) size 784x19
          LayoutText {#text} at (0,0) size 183x17
            text run at (0,0) width 183: "Traditional Chinese: \x{8AA4}\x{904E}\x{9AA8}"
        LayoutBlockFlow {DIV} at (0,56) size 784x24
          LayoutText {#text} at (0,3) size 114x17
            text run at (0,3) width 114: "Japanese: \x{8AA4}\x{904E}\x{9AA8}"
        LayoutBlockFlow {DIV} at (0,80) size 784x18
          LayoutText {#text} at (0,0) size 104x17
            text run at (0,0) width 104: "Korean: \x{8AA4}\x{904E}\x{9AA8}"
