layer at (0,0) size 800x600
  LayoutView at (0,0) size 800x600
layer at (262,0) size 538x600
  LayoutBlockFlow {HTML} at (0,0) size 538x600
    LayoutBlockFlow {BODY} at (8,8) size 498x584
      LayoutBlockFlow {HR} at (0,0) size 2x584 [border: (1px inset #EEEEEE)]
      LayoutBlockFlow (anonymous) at (10,0) size 38x584
        LayoutInline {SPAN} at (0,0) size 36x429
          LayoutText {#text} at (1,0) size 36x429
            text run at (1,0) width 429: "OFF=\x{897F}\x{66A6}2010\x{5E74}1\x{6708}20\x{65E5}365\x{56DE}"
        LayoutText {#text} at (0,0) size 0x0
      LayoutBlockFlow {HR} at (56,0) size 2x584 [border: (1px inset #EEEEEE)]
      LayoutBlockFlow (anonymous) at (66,0) size 38x584
        LayoutInline {SPAN} at (0,0) size 36x371
          LayoutInline {SPAN} at (0,0) size 36x32
            LayoutTextCombine {#text} at (1,0) size 36x32
              text run at (1,0) width 32: "ON"
          LayoutText {#text} at (1,32) size 36x83
            text run at (1,32) width 83: "=\x{897F}\x{66A6}"
          LayoutInline {SPAN} at (0,0) size 36x33
            LayoutTextCombine {#text} at (1,114) size 36x33
              text run at (1,114) width 32: "2010"
          LayoutText {#text} at (1,146) size 36x33
            text run at (1,146) width 32: "\x{5E74}"
          LayoutInline {SPAN} at (0,0) size 36x33
            LayoutTextCombine {#text} at (1,178) size 36x33
              text run at (1,178) width 32: "1"
          LayoutText {#text} at (1,210) size 36x33
            text run at (1,210) width 32: "\x{6708}"
          LayoutInline {SPAN} at (0,0) size 36x33
            LayoutTextCombine {#text} at (1,242) size 36x33
              text run at (1,242) width 32: "20"
          LayoutText {#text} at (1,274) size 36x33
            text run at (1,274) width 32: "\x{65E5}"
          LayoutInline {SPAN} at (0,0) size 36x33
            LayoutTextCombine {#text} at (1,306) size 36x33
              text run at (1,306) width 32: "365"
          LayoutText {#text} at (1,338) size 36x33
            text run at (1,338) width 32: "\x{56DE}"
        LayoutText {#text} at (0,0) size 0x0
      LayoutBlockFlow {HR} at (112,0) size 2x584 [border: (1px inset #EEEEEE)]
      LayoutBlockFlow (anonymous) at (122,0) size 38x584
        LayoutInline {SPAN} at (0,0) size 36x371
          LayoutInline {SPAN} at (0,0) size 36x32
            LayoutTextCombine {#text} at (1,0) size 36x32
              text run at (1,0) width 32: "Times"
          LayoutText {#text} at (1,32) size 36x83
            text run at (1,32) width 83: "=\x{897F}\x{66A6}"
          LayoutInline {SPAN} at (0,0) size 36x33
            LayoutTextCombine {#text} at (1,114) size 36x33
              text run at (1,114) width 32: "2010"
          LayoutText {#text} at (1,146) size 36x33
            text run at (1,146) width 32: "\x{5E74}"
          LayoutInline {SPAN} at (0,0) size 36x33
            LayoutTextCombine {#text} at (1,178) size 36x33
              text run at (1,178) width 32: "1"
          LayoutText {#text} at (1,210) size 36x33
            text run at (1,210) width 32: "\x{6708}"
          LayoutInline {SPAN} at (0,0) size 36x33
            LayoutTextCombine {#text} at (1,242) size 36x33
              text run at (1,242) width 32: "20"
          LayoutText {#text} at (1,274) size 36x33
            text run at (1,274) width 32: "\x{65E5}"
          LayoutInline {SPAN} at (0,0) size 36x33
            LayoutTextCombine {#text} at (1,306) size 36x33
              text run at (1,306) width 32: "365"
          LayoutText {#text} at (1,338) size 36x33
            text run at (1,338) width 32: "\x{56DE}"
        LayoutText {#text} at (0,0) size 0x0
      LayoutBlockFlow {HR} at (168,0) size 2x584 [border: (1px inset #EEEEEE)]
      LayoutBlockFlow (anonymous) at (178,0) size 85x584
        LayoutInline {SPAN} at (0,0) size 36x223
          LayoutText {#text} at (6,0) size 36x223
            text run at (6,0) width 223: "OFF=\x{5B57}\x{3042}\x{FF21}A%"
        LayoutBR {BR} at (15,222) size 17x1
        LayoutInline {SPAN} at (0,0) size 36x211
          LayoutInline {SPAN} at (0,0) size 36x32
            LayoutTextCombine {#text} at (48,0) size 36x32
              text run at (48,0) width 32: "ON"
          LayoutText {#text} at (48,32) size 36x19
            text run at (48,32) width 19: "="
          LayoutInline {SPAN} at (0,0) size 36x33
            LayoutTextCombine {#text} at (48,50) size 36x33
              text run at (48,50) width 32: "\x{5B57}"
          LayoutInline {SPAN} at (0,0) size 36x33
            LayoutTextCombine {#text} at (48,82) size 36x33
              text run at (48,82) width 32: "\x{3042}"
          LayoutInline {SPAN} at (0,0) size 36x33
            LayoutTextCombine {#text} at (48,114) size 36x33
              text run at (48,114) width 32: "\x{FF21}"
          LayoutInline {SPAN} at (0,0) size 36x33
            LayoutTextCombine {#text} at (48,146) size 36x33
              text run at (48,146) width 32: "A"
          LayoutInline {SPAN} at (0,0) size 36x33
            LayoutTextCombine {#text} at (48,178) size 36x33
              text run at (48,178) width 32: "%"
          LayoutText {#text} at (0,0) size 0x0
      LayoutBlockFlow (anonymous) at (279,0) size 219x584
        LayoutBlockFlow {HR} at (0,0) size 2x584 [border: (1px inset #EEEEEE)]
        LayoutBlockFlow {P} at (34,0) size 185x584
          LayoutBlockFlow (floating) {SPAN} at (0,335.34) size 29x248.66 [border: (1px solid #FF0000)]
            LayoutText {#text} at (1,1) size 26x103
              text run at (1,1) width 103: "float:right:"
            LayoutInline {SPAN} at (0,0) size 26x25
              LayoutTextCombine {#text} at (1,103) size 26x25
                text run at (1,103) width 24: "2010"
            LayoutText {#text} at (1,127) size 26x25
              text run at (1,127) width 24: "\x{5E74}"
            LayoutInline {SPAN} at (0,0) size 26x25
              LayoutTextCombine {#text} at (1,151) size 26x25
                text run at (1,151) width 24: "1"
            LayoutText {#text} at (1,175) size 26x25
              text run at (1,175) width 24: "\x{6708}"
            LayoutInline {SPAN} at (0,0) size 26x25
              LayoutTextCombine {#text} at (1,199) size 26x25
                text run at (1,199) width 24: "20"
            LayoutText {#text} at (1,223) size 26x25
              text run at (1,223) width 24: "\x{65E5}"
          LayoutInline {SPAN} at (0,0) size 165x576
            LayoutText {#text} at (9,0) size 165x576
              text run at (9,0) width 320: "\x{305D}\x{306E}\x{5973}\x{304C}\x{306D}\x{304B}\x{3057}\x{3064}\x{3051}\x{306B}\x{6765}\x{3066}\x{304F}\x{308C}\x{308B}\x{307E}\x{3067}\x{3001}\x{308F}\x{305F}"
              text run at (46,0) width 576: "\x{3057}\x{306F}\x{3051}\x{3063}\x{3057}\x{3066}\x{306D}\x{3069}\x{3053}\x{306B}\x{306F}\x{306F}\x{3044}\x{3089}\x{306A}\x{304B}\x{3063}\x{305F}\x{3002}\x{51AC}\x{306E}\x{3042}\x{3089}\x{3057}\x{304C}\x{3060}\x{3093}\x{3054}\x{306E}\x{3088}\x{3046}\x{306A}\x{96EA}\x{3092}\x{3075}\x{304D}"
              text run at (83,0) width 576: "\x{3064}\x{3051}\x{3066}\x{7A93}\x{30AC}\x{30E9}\x{30B9}\x{3092}\x{767D}\x{304F}\x{3059}\x{308B}\x{3058}\x{3076}\x{3093}\x{306B}\x{306A}\x{308B}\x{3068}\x{3001}\x{3053}\x{306E}\x{5973}\x{306E}\x{4EBA}\x{306F}\x{4E21}\x{624B}\x{306E}\x{9593}\x{306B}\x{308F}\x{305F}\x{3057}\x{306E}\x{8DB3}"
              text run at (120,0) width 576: "\x{3092}\x{304A}\x{3055}\x{3048}\x{3066}\x{3001}\x{6B4C}\x{3092}\x{6B4C}\x{3044}\x{306A}\x{304C}\x{3089}\x{6696}\x{3081}\x{3066}\x{304F}\x{308C}\x{305F}\x{3002}\x{305D}\x{306E}\x{6B4C}\x{306E}\x{7BC0}\x{3082}\x{6587}\x{53E5}\x{3082}\x{3001}\x{3044}\x{307E}\x{306B}\x{5FD8}\x{308C}\x{305A}"
              text run at (157,0) width 64: "\x{306B}\x{3044}\x{308B}\x{3002}"
          LayoutText {#text} at (0,0) size 0x0
      LayoutBlockFlow (anonymous) at (530,0) size 0x584
        LayoutInline {SPAN} at (0,0) size 0x0
