layer at (0,0) size 800x600
  LayoutView at (0,0) size 800x600
layer at (0,0) size 800x600
  LayoutBlockFlow {HTML} at (0,0) size 800x600
    LayoutBlockFlow {BODY} at (8,8) size 784x584
      LayoutBlockFlow (anonymous) at (0,0) size 784x18
        LayoutText {#text} at (0,0) size 218x18
          text run at (0,0) width 218: "The 2 tables should look the same"
      LayoutTable {TABLE} at (0,18) size 63x76 [bgcolor=#FFA500] [border: (1px outset #808080)]
        LayoutTableSection {TBODY} at (1,1) size 61x74
          LayoutTableRow {TR} at (0,2) size 61x22
            LayoutTableCell {TD} at (2,2) size 27x22 [border: (1px inset #808080)] [r=0 c=0 rs=1 cs=1]
              LayoutText {#text} at (2,2) size 23x18
                text run at (2,2) width 23: "c11"
            LayoutTableCell {TD} at (31,2) size 28x22 [border: (1px inset #808080)] [r=0 c=1 rs=1 cs=1]
              LayoutText {#text} at (2,2) size 24x18
                text run at (2,2) width 24: "c12"
          LayoutTableRow {TR} at (0,26) size 61x22
            LayoutTableCell {TD} at (2,26) size 27x22 [border: (1px inset #808080)] [r=1 c=0 rs=1 cs=1]
              LayoutText {#text} at (2,2) size 20x18
                text run at (2,2) width 20: "X1"
            LayoutTableCell {TD} at (31,26) size 28x22 [border: (1px inset #808080)] [r=1 c=1 rs=1 cs=1]
              LayoutText {#text} at (2,2) size 20x18
                text run at (2,2) width 20: "X2"
          LayoutTableRow {TR} at (0,50) size 61x22
            LayoutTableCell {TD} at (2,50) size 27x22 [border: (1px inset #808080)] [r=2 c=0 rs=1 cs=1]
              LayoutText {#text} at (2,2) size 20x18
                text run at (2,2) width 20: "X3"
            LayoutTableCell {TD} at (31,50) size 28x22 [border: (1px inset #808080)] [r=2 c=1 rs=1 cs=1]
              LayoutText {#text} at (2,2) size 20x18
                text run at (2,2) width 20: "X4"
      LayoutBlockFlow (anonymous) at (0,94) size 784x18
        LayoutBR {BR} at (0,0) size 0x18
      LayoutTable {TABLE} at (0,112) size 63x76 [bgcolor=#FFA500] [border: (1px outset #808080)]
        LayoutTableSection {TBODY} at (1,1) size 61x74
          LayoutTableRow {TR} at (0,2) size 61x22
            LayoutTableCell {TD} at (2,2) size 27x22 [border: (1px inset #808080)] [r=0 c=0 rs=1 cs=1]
              LayoutText {#text} at (2,2) size 23x18
                text run at (2,2) width 23: "c11"
            LayoutTableCell {TD} at (31,2) size 28x22 [border: (1px inset #808080)] [r=0 c=1 rs=1 cs=1]
              LayoutText {#text} at (2,2) size 24x18
                text run at (2,2) width 24: "c12"
          LayoutTableRow {TR} at (0,26) size 61x22
            LayoutTableCell {TD} at (2,26) size 27x22 [border: (1px inset #808080)] [r=1 c=0 rs=1 cs=1]
              LayoutText {#text} at (2,2) size 20x18
                text run at (2,2) width 20: "X1"
            LayoutTableCell {TD} at (31,26) size 28x22 [border: (1px inset #808080)] [r=1 c=1 rs=1 cs=1]
              LayoutText {#text} at (2,2) size 20x18
                text run at (2,2) width 20: "X2"
          LayoutTableRow {TR} at (0,50) size 61x22
            LayoutTableCell {TD} at (2,50) size 27x22 [border: (1px inset #808080)] [r=2 c=0 rs=1 cs=1]
              LayoutText {#text} at (2,2) size 20x18
                text run at (2,2) width 20: "X3"
            LayoutTableCell {TD} at (31,50) size 28x22 [border: (1px inset #808080)] [r=2 c=1 rs=1 cs=1]
              LayoutText {#text} at (2,2) size 20x18
                text run at (2,2) width 20: "X4"
      LayoutBlockFlow (anonymous) at (0,188) size 784x18
        LayoutBR {BR} at (0,0) size 0x18
