layer at (0,0) size 800x600
  LayoutView at (0,0) size 800x600
layer at (0,0) size 800x600
  LayoutBlockFlow {HTML} at (0,0) size 800x600
    LayoutBlockFlow {BODY} at (8,8) size 784x584
      LayoutBlockFlow (anonymous) at (0,0) size 784x18
        LayoutText {#text} at (0,0) size 218x18
          text run at (0,0) width 218: "The 2 tables should look the same"
      LayoutTable {TABLE} at (0,18) size 442x28 [bgcolor=#FFA500] [border: (1px outset #808080)]
        LayoutTableCol {COLGROUP} at (0,0) size 0x0
          LayoutTableCol {COL} at (0,0) size 0x0
          LayoutTableCol {COL} at (0,0) size 0x0
        LayoutTableSection {TBODY} at (1,1) size 440x26
          LayoutTableRow {TR} at (0,2) size 440x22
            LayoutTableCell {TD} at (2,2) size 100x22 [border: (1px inset #808080)] [r=0 c=0 rs=1 cs=1]
              LayoutText {#text} at (2,2) size 24x18
                text run at (2,2) width 24: "100"
            LayoutTableCell {TD} at (104,2) size 300x22 [border: (1px inset #808080)] [r=0 c=1 rs=1 cs=1]
              LayoutText {#text} at (2,2) size 24x18
                text run at (2,2) width 24: "300"
            LayoutTableCell {TD} at (406,2) size 32x22 [border: (1px inset #808080)] [r=0 c=2 rs=1 cs=1]
              LayoutText {#text} at (2,2) size 28x18
                text run at (2,2) width 28: "auto"
      LayoutBlockFlow (anonymous) at (0,46) size 784x18
        LayoutBR {BR} at (0,0) size 0x18
      LayoutTable {TABLE} at (0,64) size 442x28 [bgcolor=#FFA500] [border: (1px outset #808080)]
        LayoutTableCol {COLGROUP} at (0,0) size 0x0
          LayoutTableCol {COL} at (0,0) size 0x0
          LayoutTableCol {COL} at (0,0) size 0x0
        LayoutTableSection {TBODY} at (1,1) size 440x26
          LayoutTableRow {TR} at (0,2) size 440x22
            LayoutTableCell {TD} at (2,2) size 100x22 [border: (1px inset #808080)] [r=0 c=0 rs=1 cs=1]
              LayoutText {#text} at (2,2) size 24x18
                text run at (2,2) width 24: "100"
            LayoutTableCell {TD} at (104,2) size 300x22 [border: (1px inset #808080)] [r=0 c=1 rs=1 cs=1]
              LayoutText {#text} at (2,2) size 24x18
                text run at (2,2) width 24: "300"
            LayoutTableCell {TD} at (406,2) size 32x22 [border: (1px inset #808080)] [r=0 c=2 rs=1 cs=1]
              LayoutText {#text} at (2,2) size 28x18
                text run at (2,2) width 28: "auto"
