layer at (0,0) size 800x600
  LayoutView at (0,0) size 800x600
layer at (0,0) size 800x600
  LayoutBlockFlow {HTML} at (0,0) size 800x600
    LayoutBlockFlow {BODY} at (8,8) size 784x584
      LayoutBlockFlow (anonymous) at (0,0) size 784x72
        LayoutText {#text} at (0,0) size 758x36
          text run at (0,0) width 758: "It should never be the case that deleting a tbody causes a rebuild of the cell map since cells cannot span out of tbodies."
          text run at (0,18) width 151: "However, this is a bug. "
        LayoutBR {BR} at (150,32) size 1x0
        LayoutBR {BR} at (0,36) size 0x18
        LayoutText {#text} at (0,54) size 218x18
          text run at (0,54) width 218: "The 2 tables should look the same"
      LayoutTable {TABLE} at (0,72) size 64x52 [bgcolor=#FFA500] [border: (1px outset #808080)]
        LayoutTableSection {TBODY} at (1,1) size 62x50
          LayoutTableRow {TR} at (0,2) size 62x22
            LayoutTableCell {TD} at (2,2) size 28x22 [border: (1px inset #808080)] [r=0 c=0 rs=1 cs=1]
              LayoutText {#text} at (2,2) size 24x18
                text run at (2,2) width 24: "c31"
            LayoutTableCell {TD} at (32,2) size 28x22 [border: (1px inset #808080)] [r=0 c=1 rs=1 cs=1]
              LayoutText {#text} at (2,2) size 24x18
                text run at (2,2) width 24: "c32"
          LayoutTableRow {TR} at (0,26) size 62x22
            LayoutTableCell {TD} at (2,26) size 28x22 [border: (1px inset #808080)] [r=1 c=0 rs=1 cs=1]
              LayoutText {#text} at (2,2) size 24x18
                text run at (2,2) width 24: "c41"
            LayoutTableCell {TD} at (32,26) size 28x22 [border: (1px inset #808080)] [r=1 c=1 rs=1 cs=1]
              LayoutText {#text} at (2,2) size 24x18
                text run at (2,2) width 24: "c42"
      LayoutBlockFlow (anonymous) at (0,124) size 784x18
        LayoutBR {BR} at (0,0) size 0x18
      LayoutTable {TABLE} at (0,142) size 64x52 [bgcolor=#FFA500] [border: (1px outset #808080)]
        LayoutTableSection {TBODY} at (1,1) size 62x50
          LayoutTableRow {TR} at (0,2) size 62x22
            LayoutTableCell {TD} at (2,2) size 28x22 [border: (1px inset #808080)] [r=0 c=0 rs=1 cs=1]
              LayoutText {#text} at (2,2) size 24x18
                text run at (2,2) width 24: "c31"
            LayoutTableCell {TD} at (32,2) size 28x22 [border: (1px inset #808080)] [r=0 c=1 rs=1 cs=1]
              LayoutText {#text} at (2,2) size 24x18
                text run at (2,2) width 24: "c32"
          LayoutTableRow {TR} at (0,26) size 62x22
            LayoutTableCell {TD} at (2,26) size 28x22 [border: (1px inset #808080)] [r=1 c=0 rs=1 cs=1]
              LayoutText {#text} at (2,2) size 24x18
                text run at (2,2) width 24: "c41"
            LayoutTableCell {TD} at (32,26) size 28x22 [border: (1px inset #808080)] [r=1 c=1 rs=1 cs=1]
              LayoutText {#text} at (2,2) size 24x18
                text run at (2,2) width 24: "c42"
      LayoutBlockFlow (anonymous) at (0,194) size 784x18
        LayoutBR {BR} at (0,0) size 0x18
