EDITING DELEGATE: webViewDidChangeSelection:WebViewDidChangeSelectionNotification
layer at (0,0) size 800x600
  LayoutView at (0,0) size 800x600
layer at (0,0) size 800x600
  LayoutBlockFlow {HTML} at (0,0) size 800x600
    LayoutBlockFlow {BODY} at (8,8) size 784x584
      LayoutBlockFlow {P} at (0,0) size 784x20
        LayoutText {#text} at (0,0) size 582x19
          text run at (0,0) width 217: "This tests for a caret painting bug. "
          text run at (217,0) width 365: "You should not see a caret in the editable subframe below."
      LayoutBlockFlow (anonymous) at (0,36) size 784x154
        LayoutText {#text} at (0,0) size 0x0
layer at (8,44) size 304x154
  LayoutIFrame {IFRAME} at (0,0) size 304x154 [border: (2px inset #EEEEEE)]
    layer at (0,0) size 300x150
      LayoutView at (0,0) size 300x150
    layer at (0,0) size 300x150
      LayoutBlockFlow {HTML} at (0,0) size 300x150
        LayoutBlockFlow {BODY} at (8,8) size 284x134 [bgcolor=#FFFFE0]
