layer at (0,0) size 800x600
  LayoutView at (0,0) size 800x600
layer at (0,0) size 800x600
  LayoutBlockFlow {HTML} at (0,0) size 800x600
    LayoutBlockFlow {BODY} at (8,8) size 784x584
      LayoutBlockFlow {P} at (0,0) size 784x40
        LayoutText {#text} at (0,0) size 783x39
          text run at (0,0) width 783: "This tests for a bug that caused the parent of an active frame to paint as though it were active when its window becomes key."
          text run at (0,20) width 774: "To run manually, make another window active and then make this window active. Only the subframe should appear active."
      LayoutBlockFlow (anonymous) at (0,56) size 784x176
        LayoutTextControl {INPUT} at (0,0) size 154x22 [bgcolor=#FFFFFF] [border: (2px inset #EEEEEE)]
        LayoutBR {BR} at (154,16) size 0x0
        LayoutText {#text} at (0,0) size 0x0
layer at (10,67) size 150x16
  LayoutBlockFlow {DIV} at (2,3) size 150x16
    LayoutText {#text} at (0,0) size 18x16
      text run at (0,0) width 18: "foo"
layer at (8,86) size 304x154
  LayoutIFrame {IFRAME} at (0,22) size 304x154 [border: (2px inset #EEEEEE)]
    layer at (0,0) size 300x150
      LayoutView at (0,0) size 300x150
    layer at (0,0) size 300x150
      LayoutBlockFlow {HTML} at (0,0) size 300x150
        LayoutBlockFlow {BODY} at (8,8) size 284x134 [bgcolor=#FFFFE0]
selection start: position 0 of child 0 {#text} of child 0 {DIV} of {#document-fragment} of child 3 {INPUT} of body
selection end:   position 3 of child 0 {#text} of child 0 {DIV} of {#document-fragment} of child 3 {INPUT} of body
