layer at (0,0) size 800x600
  LayoutView at (0,0) size 800x600
layer at (0,0) size 800x600
  LayoutBlockFlow {HTML} at (0,0) size 800x600
    LayoutBlockFlow {BODY} at (8,8) size 784x584
      LayoutBlockFlow {P} at (0,0) size 784x40
        LayoutText {#text} at (0,0) size 776x39
          text run at (0,0) width 446: "This tests clicking to place a caret in the padding of an editable region. "
          text run at (446,0) width 330: "The eventSender clicks to the left of the ToDo in the"
          text run at (0,20) width 503: "left padding of the editable region and the caret should be just before that ToDo."
      LayoutBlockFlow {DIV} at (0,56) size 784x122 [border: (1px solid #000000)]
        LayoutBlockFlow {DIV} at (26,26) size 732x20
          LayoutText {#text} at (0,0) size 99x19
            text run at (0,0) width 99: "Paragraph One."
        LayoutTable {TABLE} at (26,46) size 92x30 [border: (1px solid #BBBBBB)]
          LayoutTableSection {TBODY} at (1,1) size 90x28
            LayoutTableRow {TR} at (0,2) size 90x24 [border: (1px solid #BBBBBB)]
              LayoutTableCell {TD} at (2,2) size 8x24 [border: (1px solid #BBBBBB)] [r=0 c=0 rs=1 cs=1]
                LayoutText {#text} at (2,2) size 4x19
                  text run at (2,2) width 4: " "
              LayoutTableCell {TD} at (12,2) size 76x24 [border: (1px solid #BBBBBB)] [r=0 c=1 rs=1 cs=1]
                LayoutText {#text} at (2,2) size 72x19
                  text run at (2,2) width 72: "ToDo One."
        LayoutBlockFlow {DIV} at (26,76) size 732x20
          LayoutText {#text} at (0,0) size 101x19
            text run at (0,0) width 101: "Paragraph Two."
caret: position 0 of child 3 {TABLE} of child 3 {DIV} of body
