layer at (0,0) size 800x600
  LayoutView at (0,0) size 800x600
layer at (0,0) size 800x600
  LayoutBlockFlow {HTML} at (0,0) size 800x600
    LayoutBlockFlow {BODY} at (8,8) size 784x576
      LayoutBlockFlow {P} at (0,0) size 784x40
        LayoutText {#text} at (0,0) size 754x39
          text run at (0,0) width 754: "This tests for a bug where autoscroll code would prevent text from being selected. To run manually create a selection by"
          text run at (0,20) width 564: "clicking somewhere in the first sentence of the paragraph below and dragging downward."
layer at (0,60) size 800x540
  LayoutBlockFlow (positioned) {DIV} at (0,60) size 800x540
layer at (0,60) size 800x100
  LayoutBlockFlow (positioned) {DIV} at (0,0) size 800x100
    LayoutBlockFlow {DIV} at (11,0) size 778x100
      LayoutText {#text} at (0,0) size 46x19
        text run at (0,0) width 46: "Lorem "
      LayoutInline {SPAN} at (0,0) size 38x19
        LayoutText {#text} at (46,0) size 38x19
          text run at (46,0) width 38: "ipsum"
      LayoutText {#text} at (84,0) size 754x99
        text run at (84,0) width 670: " dolor sit amet, consectetuer adipiscing elit. Integer vehicula accumsan massa. Quisque elementum. Cras id"
        text run at (0,20) width 724: "neque a mi rutrum scelerisque. Nulla sed dui a massa sodales posuere. Nulla libero. Nulla posuere, felis id tincidunt"
        text run at (0,40) width 740: "tincidunt, ipsum metus tristique risus, et convallis turpis elit eget massa. Nunc consectetuer dolor vel nunc. Cum sociis"
        text run at (0,60) width 753: "natoque penatibus et magnis dis parturient montes, nascetur ridiculus mus. Quisque dapibus ante et nulla. Cras nec velit."
        text run at (0,80) width 642: "Vestibulum ante ipsum primis in faucibus orci luctus et ultrices posuere cubilia Curae; Integer ut tortor."
selection start: position 3 of child 0 {#text} of child 1 {SPAN} of child 1 {DIV} of child 1 {DIV} of child 3 {DIV} of body
selection end:   position 236 of child 2 {#text} of child 1 {DIV} of child 1 {DIV} of child 3 {DIV} of body
