layer at (0,0) size 800x600
  LayoutView at (0,0) size 800x600
layer at (0,0) size 800x600
  LayoutBlockFlow {HTML} at (0,0) size 800x600
layer at (8,8) size 612x150
  LayoutBlockFlow (positioned) {BODY} at (8,8) size 612x150.44 [border: (1px solid #000000)]
    LayoutBlockFlow {H1} at (6,6) size 600x37
      LayoutText {#text} at (0,0) size 450x36
        text run at (0,0) width 450: "Word selection on right click test"
    LayoutBlockFlow (anonymous) at (6,64.44) size 600x80
      LayoutText {#text} at (0,0) size 597x39
        text run at (0,0) width 597: "This tests to make sure that right clicking non-editable content only creates a word selection for"
        text run at (0,20) width 103: "clicks over text. "
      LayoutInline {SPAN} at (0,0) size 17x19
        LayoutText {#text} at (103,20) size 17x19
          text run at (103,20) width 17: "To"
      LayoutText {#text} at (119,20) size 599x59
        text run at (119,20) width 411: " run manually, right click on text, and a word should be selected. "
        text run at (529,20) width 70: "Right click"
        text run at (0,40) width 543: "on the empty space outside and to the right of the black border, the selection should be"
        text run at (0,60) width 59: "removed."
caret: position 0 of child 0 {#text} of child 1 {H1} of body
