EDITING DELEGATE: webViewDidChangeSelection:WebViewDidChangeSelectionNotification
layer at (0,0) size 800x600
  LayoutView at (0,0) size 800x600
layer at (0,0) size 800x600
  LayoutBlockFlow {HTML} at (0,0) size 800x600
    LayoutBlockFlow {BODY} at (8,8) size 784x584
      LayoutBlockFlow {P} at (0,0) size 784x40
        LayoutText {#text} at (0,0) size 104x19
          text run at (0,0) width 104: "This is a test for "
        LayoutInline {I} at (0,0) size 776x39
          LayoutInline {A} at (0,0) size 348x19 [color=#0000EE]
            LayoutText {#text} at (104,0) size 348x19
              text run at (104,0) width 348: "http://bugzilla.opendarwin.org/show_bug.cgi?id=9978"
          LayoutText {#text} at (451,0) size 776x39
            text run at (451,0) width 5: " "
            text run at (455,0) width 321: "REGRESSION (r12949-r12988): Clicking the first"
            text run at (0,20) width 383: "letter on a line places the caret at the end of the previous line"
        LayoutText {#text} at (382,20) size 5x19
          text run at (382,20) width 5: "."
      LayoutBlockFlow {P} at (0,56) size 784x20
        LayoutText {#text} at (0,0) size 728x19
          text run at (0,0) width 549: "To test interactively, click the left side of the W on the second line. The caret should be "
          text run at (548,0) width 180: "move to the start of that line."
      LayoutBlockFlow {DIV} at (0,102) size 250x114
        LayoutText {#text} at (0,1) size 233x112
          text run at (0,1) width 152: "Alice in"
          text run at (152,1) width 12: " "
          text run at (0,58) width 233: "Wonderland"
layer at (8,100) size 784x2 clip at (0,0) size 0x0
  LayoutBlockFlow {HR} at (0,92) size 784x2 [border: (1px inset #EEEEEE)]
caret: position 10 of child 0 {#text} of child 7 {DIV} of body
