layer at (0,0) size 800x600
  LayoutView at (0,0) size 800x600
layer at (0,0) size 800x104
  LayoutBlockFlow {HTML} at (0,0) size 800x104
    LayoutBlockFlow {BODY} at (8,16) size 784x80
      LayoutBlockFlow {P} at (0,0) size 784x20
        LayoutText {#text} at (0,0) size 482x19
          text run at (0,0) width 482: "crbug.com/642454: Don't select part of the ellipsis when wrapping selection."
      LayoutBlockFlow {DL} at (200,36) size 384x44
        LayoutBlockFlow {DT} at (0,22) size 384x22
          LayoutText {#text} at (0,0) size 212x21
            text run at (0,0) width 212: "Lorem ipsum dolor sit amet"
layer at (208,52) size 344x22 scrollX 873.00 scrollWidth 1217
  LayoutBlockFlow {DD} at (0,0) size 344x22
    LayoutText {#text} at (-873,0) size 1217x21
      text run at (-873,0) width 5 RTL: "."
      text run at (-868,0) width 1212: "Lorem ipsum dolor sit amet, consetetur sadipscing elitr, sed diam nonumy eirmod tempor invidunt ut labore et dolore magna aliquyam erat, sed diam voluptua"
selection start: position 0 of child 0 {#text} of child 1 {DD} of child 2 {DL} of body
selection end:   position 10 of child 0 {#text} of child 3 {DT} of child 2 {DL} of body
