layer at (0,0) size 800x600
  LayoutView at (0,0) size 800x600
layer at (0,0) size 800x104
  LayoutBlockFlow {HTML} at (0,0) size 800x104
    LayoutBlockFlow {BODY} at (8,16) size 784x80
      LayoutBlockFlow {P} at (0,0) size 784x20
        LayoutText {#text} at (0,0) size 482x19
          text run at (0,0) width 482: "crbug.com/642454: Don't select part of the ellipsis when wrapping selection."
      LayoutBlockFlow {DL} at (200,36) size 384x44
        LayoutBlockFlow {DT} at (0,22) size 384x22
          LayoutText {#text} at (0,0) size 212x21
            text run at (0,0) width 212: "Lorem ipsum dolor sit amet"
layer at (208,52) size 344x22 scrollX 94.00 scrollWidth 438
  LayoutBlockFlow {DD} at (0,0) size 344x22
    LayoutText {#text} at (-94,0) size 438x21
      text run at (-94,0) width 387 RTL: " \x{5DC}\x{5D5}\x{5E8}\x{5DD} \x{5D0}\x{5D9}\x{5E4}\x{5E1}\x{5D5}\x{5DD} \x{5D4}\x{5D5}\x{5D0} \x{5DB}\x{5D9}\x{5E0}\x{5D5}\x{5D9} \x{5DC}\x{5D8}\x{5E7}\x{5E1}\x{5D8} \x{5D7}\x{5E1}\x{5E8} \x{5DE}\x{5E9}\x{5DE}\x{5E2}\x{5D5}\x{5EA} \x{5DC}\x{5D7}\x{5DC}\x{5D5}\x{5D8}\x{5D9}\x{5DF}"
      text run at (293,0) width 51: "Lorem"
selection start: position 0 of child 0 {#text} of child 1 {DD} of child 2 {DL} of body
selection end:   position 10 of child 0 {#text} of child 3 {DT} of child 2 {DL} of body
