layer at (0,0) size 800x600
  LayoutView at (0,0) size 800x600
layer at (0,0) size 800x600
  LayoutBlockFlow {HTML} at (0,0) size 800x600
    LayoutBlockFlow {BODY} at (8,8) size 784x584
      LayoutBlockFlow {P} at (0,0) size 784x40
        LayoutText {#text} at (0,0) size 751x39
          text run at (0,0) width 536: "This is an automatic pixel test. To test interactively, drag selected text onto the iframe "
          text run at (535,0) width 212: "below and verify that a drag caret"
          text run at (746,0) width 5: " "
          text run at (0,20) width 156: "appears inside the frame."
      LayoutBlockFlow (anonymous) at (0,56) size 784x152
        LayoutText {#text} at (0,0) size 0x0
layer at (8,64) size 302x152
  LayoutIFrame {IFRAME} at (0,0) size 302x152 [border: (1px solid #000000)]
    layer at (0,0) size 300x150
      LayoutView at (0,0) size 300x150
    layer at (0,0) size 300x150
      LayoutBlockFlow {HTML} at (0,0) size 300x150
        LayoutBlockFlow {BODY} at (8,8) size 284x134
          LayoutInline {SPAN} at (0,0) size 37x19
            LayoutText {#text} at (0,0) size 37x19
              text run at (0,0) width 37: "There"
          LayoutText {#text} at (37,0) size 168x19
            text run at (37,0) width 168: " should be a caret here --> "
          LayoutBR {BR} at (205,15) size 0x0
          LayoutText {#text} at (0,20) size 42x19
            text run at (0,20) width 42: "See it?"
