layer at (0,0) size 800x600
  LayoutView at (0,0) size 800x600
layer at (0,0) size 800x600
  LayoutBlockFlow {HTML} at (0,0) size 800x600
    LayoutBlockFlow {BODY} at (8,8) size 784x576
      LayoutBlockFlow {DIV} at (0,0) size 784x56
        LayoutBlockFlow {P} at (0,0) size 784x20
          LayoutText {#text} at (0,0) size 478x19
            text run at (0,0) width 478: "This tests that the methods that set selection colors for Linux work correctly."
        LayoutBlockFlow {P} at (0,36) size 784x20
          LayoutText {#text} at (0,0) size 481x19
            text run at (0,0) width 481: "(All the text in the above sentence should be highlighted red with green text)"
selection start: position 1 of child 0 {#text} of child 1 {P} of child 1 {DIV} of body
selection end:   position 0 of child 3 {P} of child 1 {DIV} of body
