layer at (0,0) size 800x600
  LayoutView at (0,0) size 800x600
layer at (0,0) size 800x600
  LayoutBlockFlow {HTML} at (0,0) size 800x600
    LayoutBlockFlow {BODY} at (8,8) size 784x584
      LayoutBlockFlow {P} at (0,0) size 784x40
        LayoutText {#text} at (0,0) size 779x39
          text run at (0,0) width 618: "This tests Select All when the caret is inside an editable region that is inside a non editable region. "
          text run at (618,0) width 161: "Whenever the selection is"
          text run at (0,20) width 537: "in an editable region, Select All should select the contents of the highest editable root."
      LayoutBlockFlow {DIV} at (0,56) size 784x60
        LayoutBlockFlow {DIV} at (0,0) size 784x20
          LayoutText {#text} at (0,0) size 27x19
            text run at (0,0) width 27: "One"
        LayoutBlockFlow {DIV} at (0,20) size 784x20
          LayoutInline {SPAN} at (0,0) size 28x19
            LayoutText {#text} at (0,0) size 28x19
              text run at (0,0) width 28: "Two"
          LayoutText {#text} at (28,0) size 4x19
            text run at (28,0) width 4: " "
          LayoutInline {SPAN} at (0,0) size 37x19
            LayoutText {#text} at (32,0) size 37x19
              text run at (32,0) width 37: "Three"
        LayoutBlockFlow {DIV} at (0,40) size 784x20
          LayoutText {#text} at (0,0) size 30x19
            text run at (0,0) width 30: "Four"
selection start: position 0 of child 0 {#text} of child 1 {DIV} of child 2 {DIV} of body
selection end:   position 4 of child 0 {#text} of child 5 {DIV} of child 2 {DIV} of body
