EDITING DELEGATE: webViewDidChangeSelection:WebViewDidChangeSelectionNotification
EDITING DELEGATE: webViewDidChangeSelection:WebViewDidChangeSelectionNotification
layer at (0,0) size 800x600
  LayoutView at (0,0) size 800x600
layer at (0,0) size 800x600
  LayoutBlockFlow {HTML} at (0,0) size 800x600
    LayoutBlockFlow {BODY} at (8,8) size 784x584
      LayoutInline {SPAN} at (0,0) size 20x19
        LayoutText {#text} at (0,0) size 20x19
          text run at (0,0) width 20: "On"
      LayoutText {#text} at (20,0) size 784x39
        text run at (20,0) width 464: "ly the first two letters of the first word in this sentence should be selected. "
        text run at (484,0) width 296: "To run this test manually, double click between"
        text run at (779,0) width 5: " "
        text run at (0,20) width 351: "the first two letters of the first word of the first sentence."
selection start: position 0 of child 0 {#text} of child 0 {SPAN} of body
selection end:   position 2 of child 0 {#text} of child 0 {SPAN} of body
