EDITING DELEGATE: webViewDidChangeSelection:WebViewDidChangeSelectionNotification
EDITING DELEGATE: webViewDidChangeSelection:WebViewDidChangeSelectionNotification
layer at (0,0) size 800x600
  LayoutView at (0,0) size 800x600
layer at (0,0) size 800x600
  LayoutBlockFlow {HTML} at (0,0) size 800x600
    LayoutBlockFlow {BODY} at (8,8) size 784x584
      LayoutBlockFlow {P} at (0,0) size 784x40
        LayoutText {#text} at (0,0) size 749x39
          text run at (0,0) width 326: "This tests paragraphBoundary selection navigation. "
          text run at (326,0) width 423: "The caret should be at the end of the paragraph below, just after the"
          text run at (0,20) width 67: "select box."
      LayoutBlockFlow {DIV} at (0,56) size 784x20
        LayoutMenuList {SELECT} at (0,0) size 29x20 [bgcolor=#C0C0C0] [border: (1px solid #A9A9A9)]
          LayoutBlockFlow (anonymous) at (1,1) size 27x18
            LayoutText (anonymous) at (4,1) size 7x16
              text run at (4,1) width 7: "1"
caret: position 1 of child 0 {SELECT} of child 2 {DIV} of body
