layer at (0,0) size 800x600
  LayoutView at (0,0) size 800x600
layer at (0,0) size 800x580
  LayoutBlockFlow {HTML} at (0,0) size 800x580
    LayoutBlockFlow {BODY} at (8,16) size 784x56
      LayoutBlockFlow {P} at (0,0) size 784x20
        LayoutText {#text} at (0,0) size 693x19
          text run at (0,0) width 693: "This test checks that selection of linebreaks works as expected with the different directions and writing modes."
      LayoutBlockFlow {P} at (0,36) size 784x20
        LayoutText {#text} at (0,0) size 551x19
          text run at (0,0) width 551: "The test passes if you can visually see the linebreaks selection in the different examples."
layer at (18,98) size 226x226
  LayoutIFrame (floating) {IFRAME} at (10,82) size 226x226 [border: (3px solid #000000)]
    layer at (0,0) size 200x200
      LayoutView at (0,0) size 200x200
    layer at (0,0) size 200x168
      LayoutBlockFlow {HTML} at (0,0) size 200x168.44
        LayoutBlockFlow {BODY} at (8,18.72) size 184x141.72
          LayoutBlockFlow {H3} at (0,0) size 184x23
            LayoutText {#text} at (0,0) size 60x22
              text run at (0,0) width 60: "Default"
          LayoutBlockFlow {DIV} at (0,41.72) size 184x100
            LayoutText {#text} at (0,0) size 21x19
              text run at (0,0) width 21: "foo"
            LayoutBR {BR} at (21,0) size 0x19
            LayoutBR {BR} at (0,20) size 0x19
            LayoutBR {BR} at (0,40) size 0x19
            LayoutBR {BR} at (0,60) size 0x19
            LayoutText {#text} at (0,80) size 20x19
              text run at (0,80) width 20: "bar"
layer at (264,98) size 226x226
  LayoutIFrame (floating) {IFRAME} at (256,82) size 226x226 [border: (3px solid #000000)]
    layer at (0,0) size 200x200
      LayoutView at (0,0) size 200x200
    layer at (0,0) size 200x168
      LayoutBlockFlow {HTML} at (0,0) size 200x168.44
        LayoutBlockFlow {BODY} at (8,18.72) size 184x141.72
          LayoutBlockFlow {H3} at (0,0) size 184x23
            LayoutText {#text} at (0,0) size 40x22
              text run at (0,0) width 40: "RTL"
          LayoutBlockFlow {DIV} at (0,41.72) size 184x100
            LayoutText {#text} at (163,0) size 21x19
              text run at (163,0) width 21: "foo"
            LayoutBR {BR} at (163,0) size 0x19
            LayoutBR {BR} at (184,20) size 0x19
            LayoutBR {BR} at (184,40) size 0x19
            LayoutBR {BR} at (184,60) size 0x19
            LayoutText {#text} at (164,80) size 20x19
              text run at (164,80) width 20: "bar"
layer at (510,98) size 226x226
  LayoutIFrame (floating) {IFRAME} at (502,82) size 226x226 [border: (3px solid #000000)]
    layer at (0,0) size 200x200
      LayoutView at (0,0) size 200x200
    layer at (0,0) size 200x89
      LayoutBlockFlow {HTML} at (0,0) size 200x89.44
        LayoutBlockFlow {BODY} at (8,18.72) size 184x62.72
          LayoutBlockFlow {H3} at (0,0) size 184x23
            LayoutText {#text} at (0,0) size 79x22
              text run at (0,0) width 79: "vertical-lr"
          LayoutBlockFlow {DIV} at (0,41.72) size 100x21
            LayoutText {#text} at (0,0) size 19x21
              text run at (0,0) width 21: "foo"
            LayoutBR {BR} at (0,21) size 19x0
            LayoutBR {BR} at (20,0) size 19x0
            LayoutBR {BR} at (40,0) size 19x0
            LayoutBR {BR} at (60,0) size 19x0
            LayoutText {#text} at (80,0) size 19x20
              text run at (80,0) width 20: "bar"
layer at (18,344) size 226x226
  LayoutIFrame (floating) {IFRAME} at (10,328) size 226x226 [border: (3px solid #000000)]
    layer at (0,0) size 200x200
      LayoutView at (0,0) size 200x200
    layer at (0,0) size 200x89
      LayoutBlockFlow {HTML} at (0,0) size 200x89.44
        LayoutBlockFlow {BODY} at (8,18.72) size 184x62.72
          LayoutBlockFlow {H3} at (0,0) size 184x23
            LayoutText {#text} at (0,0) size 145x22
              text run at (0,0) width 145: "vertical-lr & RTL"
          LayoutBlockFlow {DIV} at (0,41.72) size 100x21
            LayoutText {#text} at (0,0) size 19x21
              text run at (0,0) width 21: "foo"
            LayoutBR {BR} at (0,0) size 19x0
            LayoutBR {BR} at (20,21) size 19x0
            LayoutBR {BR} at (40,21) size 19x0
            LayoutBR {BR} at (60,21) size 19x0
            LayoutText {#text} at (80,1) size 19x20
              text run at (80,1) width 20: "bar"
layer at (264,344) size 226x226
  LayoutIFrame (floating) {IFRAME} at (256,328) size 226x226 [border: (3px solid #000000)]
    layer at (0,0) size 200x200
      LayoutView at (0,0) size 200x200
    layer at (0,0) size 200x89
      LayoutBlockFlow {HTML} at (0,0) size 200x89.44
        LayoutBlockFlow {BODY} at (8,18.72) size 184x62.72
          LayoutBlockFlow {H3} at (0,0) size 184x23
            LayoutText {#text} at (0,0) size 79x22
              text run at (0,0) width 79: "vertical-rl"
          LayoutBlockFlow {DIV} at (0,41.72) size 100x21
            LayoutText {#text} at (0,0) size 19x21
              text run at (0,0) width 21: "foo"
            LayoutBR {BR} at (0,21) size 19x0
            LayoutBR {BR} at (20,0) size 19x0
            LayoutBR {BR} at (40,0) size 19x0
            LayoutBR {BR} at (60,0) size 19x0
            LayoutText {#text} at (80,0) size 19x20
              text run at (80,0) width 20: "bar"
layer at (510,344) size 226x226
  LayoutIFrame (floating) {IFRAME} at (502,328) size 226x226 [border: (3px solid #000000)]
    layer at (0,0) size 200x200
      LayoutView at (0,0) size 200x200
    layer at (0,0) size 200x89
      LayoutBlockFlow {HTML} at (0,0) size 200x89.44
        LayoutBlockFlow {BODY} at (8,18.72) size 184x62.72
          LayoutBlockFlow {H3} at (0,0) size 184x23
            LayoutText {#text} at (0,0) size 145x22
              text run at (0,0) width 145: "vertical-rl & RTL"
          LayoutBlockFlow {DIV} at (0,41.72) size 100x21
            LayoutText {#text} at (0,0) size 19x21
              text run at (0,0) width 21: "foo"
            LayoutBR {BR} at (0,0) size 19x0
            LayoutBR {BR} at (20,21) size 19x0
            LayoutBR {BR} at (40,21) size 19x0
            LayoutBR {BR} at (60,21) size 19x0
            LayoutText {#text} at (80,1) size 19x20
              text run at (80,1) width 20: "bar"
