layer at (0,0) size 800x600
  LayoutView at (0,0) size 800x600
layer at (0,0) size 800x144
  LayoutBlockFlow {HTML} at (0,0) size 800x144
    LayoutBlockFlow {BODY} at (8,16) size 784x120
      LayoutBlockFlow {P} at (0,0) size 784x20
        LayoutText {#text} at (0,0) size 554x19
          text run at (0,0) width 554: "To PASS this test case the text of the button label should not be selected in the selection."
      LayoutBlockFlow {DIV} at (0,36) size 784x84
        LayoutBlockFlow (anonymous) at (0,0) size 784x42
          LayoutText {#text} at (0,0) size 49x19
            text run at (0,0) width 49: "Buttons"
          LayoutBR {BR} at (49,0) size 0x19
          LayoutText {#text} at (0,21) size 59x19
            text run at (0,21) width 59: "with text "
          LayoutButton {INPUT} at (59,20) size 62x22 [bgcolor=#C0C0C0] [border: (2px outset #C0C0C0)]
            LayoutBlockFlow (anonymous) at (8,3) size 46x16
              LayoutText {#text} at (0,0) size 46x16
                text run at (0,0) width 46: "too little"
          LayoutText {#text} at (121,21) size 55x19
            text run at (121,21) width 55: " too little"
        LayoutBlockFlow {DIV} at (0,42) size 784x22
          LayoutText {#text} at (0,1) size 54x19
            text run at (0,1) width 54: "and text "
          LayoutButton {INPUT} at (54,0) size 70x22 [bgcolor=#C0C0C0] [border: (2px outset #C0C0C0)]
            LayoutBlockFlow (anonymous) at (8,3) size 54x16
              LayoutText {#text} at (0,0) size 54x16
                text run at (0,0) width 54: "too much"
          LayoutText {#text} at (124,1) size 63x19
            text run at (124,1) width 63: " too much"
        LayoutBlockFlow (anonymous) at (0,64) size 784x20
          LayoutText {#text} at (0,0) size 244x19
            text run at (0,0) width 244: "Should not be selected in the selection."
selection start: position 0 of child 0 {#text} of child 1 {P} of body
selection end:   position 41 of child 6 {#text} of child 3 {DIV} of body
