layer at (0,0) size 800x600
  LayoutView at (0,0) size 800x600
layer at (0,0) size 800x600
  LayoutBlockFlow {HTML} at (0,0) size 800x600
    LayoutBlockFlow {BODY} at (8,8) size 784x572
      LayoutBlockFlow {P} at (0,0) size 784x20
        LayoutText {#text} at (0,0) size 737x19
          text run at (0,0) width 737: "Tests that selection rects take transforms into account. The red box should be the bounds of the transformed selection."
layer at (28,48) size 622x98
  LayoutBlockFlow {DIV} at (20,40) size 622x98 [border: (1px solid #000000)]
    LayoutBlockFlow {P} at (11,35) size 600x28
      LayoutText {#text} at (0,0) size 136x27
        text run at (0,0) width 136: "Lorem ipsum "
      LayoutInline {SPAN} at (0,0) size 389x26
        LayoutText {#text} at (136,0) size 389x26
          text run at (136,0) width 389: "dolor sit amet, consectetur adipisicing"
      LayoutText {#text} at (525,0) size 44x27
        text run at (525,0) width 44: " elit."
selection start: position 0 of child 0 {#text} of child 1 {SPAN} of child 1 {P} of child 3 {DIV} of body
selection end:   position 5 of child 0 {#text} of child 1 {SPAN} of child 1 {P} of child 3 {DIV} of body
