layer at (0,0) size 800x600
  LayoutView at (0,0) size 800x600
layer at (0,0) size 800x600
  LayoutBlockFlow {HTML} at (0,0) size 800x600
    LayoutFrameSet {FRAMESET} at (0,0) size 800x600
layer at (0,0) size 195x145
  LayoutFrame {FRAME} at (0,0) size 195x145
    layer at (0,0) size 195x145 clip at (0,0) size 180x130 scrollWidth 408 scrollHeight 492
      LayoutView at (0,0) size 195x145
    layer at (0,0) size 180x492 backgroundClip at (0,0) size 180x130 clip at (0,0) size 180x130
      LayoutBlockFlow {HTML} at (0,0) size 180x492
        LayoutBlockFlow {BODY} at (8,8) size 164x476
          LayoutBlockFlow {P} at (0,0) size 164x60
            LayoutText {#text} at (0,0) size 156x59
              text run at (0,0) width 151: "This page is large enough"
              text run at (0,20) width 156: "to need to be scrolled in a"
              text run at (0,40) width 97: "200x200 frame."
          LayoutBlockFlow {DIV} at (0,76) size 400x400 [bgcolor=#0000FF]
layer at (201,0) size 195x145
  LayoutFrame {FRAME} at (201,0) size 195x145
    layer at (0,0) size 195x145 clip at (0,0) size 180x130 scrollWidth 408 scrollHeight 492
      LayoutView at (0,0) size 195x145
    layer at (0,0) size 180x492 backgroundClip at (0,0) size 180x130 clip at (0,0) size 180x130
      LayoutBlockFlow {HTML} at (0,0) size 180x492
        LayoutBlockFlow {BODY} at (8,8) size 164x476
          LayoutBlockFlow {P} at (0,0) size 164x60
            LayoutText {#text} at (0,0) size 156x59
              text run at (0,0) width 151: "This page is large enough"
              text run at (0,20) width 156: "to need to be scrolled in a"
              text run at (0,40) width 97: "200x200 frame."
          LayoutBlockFlow {DIV} at (0,76) size 400x400 [bgcolor=#0000FF]
layer at (402,0) size 195x145
  LayoutFrame {FRAME} at (402,0) size 195x145
    layer at (0,0) size 195x145 clip at (0,0) size 180x130 scrollWidth 408 scrollHeight 492
      LayoutView at (0,0) size 195x145
    layer at (0,0) size 180x492 backgroundClip at (0,0) size 180x130 clip at (0,0) size 180x130
      LayoutBlockFlow {HTML} at (0,0) size 180x492
        LayoutBlockFlow {BODY} at (8,8) size 164x476
          LayoutBlockFlow {P} at (0,0) size 164x60
            LayoutText {#text} at (0,0) size 156x59
              text run at (0,0) width 151: "This page is large enough"
              text run at (0,20) width 156: "to need to be scrolled in a"
              text run at (0,40) width 97: "200x200 frame."
          LayoutBlockFlow {DIV} at (0,76) size 400x400 [bgcolor=#0000FF]
layer at (603,0) size 197x145
  LayoutFrame {FRAME} at (603,0) size 197x145
    layer at (0,0) size 197x145 clip at (0,0) size 182x130 scrollWidth 408 scrollHeight 492
      LayoutView at (0,0) size 197x145
    layer at (0,0) size 182x492 backgroundClip at (0,0) size 182x130 clip at (0,0) size 182x130
      LayoutBlockFlow {HTML} at (0,0) size 182x492
        LayoutBlockFlow {BODY} at (8,8) size 166x476
          LayoutBlockFlow {P} at (0,0) size 166x60
            LayoutText {#text} at (0,0) size 156x59
              text run at (0,0) width 151: "This page is large enough"
              text run at (0,20) width 156: "to need to be scrolled in a"
              text run at (0,40) width 97: "200x200 frame."
          LayoutBlockFlow {DIV} at (0,76) size 400x400 [bgcolor=#0000FF]
layer at (0,151) size 195x145
  LayoutFrame {FRAME} at (0,151) size 195x145
    layer at (0,0) size 195x145 clip at (0,0) size 180x130 scrollWidth 408 scrollHeight 492
      LayoutView at (0,0) size 195x145
    layer at (0,0) size 180x492 backgroundClip at (0,0) size 180x130 clip at (0,0) size 180x130
      LayoutBlockFlow {HTML} at (0,0) size 180x492
        LayoutBlockFlow {BODY} at (8,8) size 164x476
          LayoutBlockFlow {P} at (0,0) size 164x60
            LayoutText {#text} at (0,0) size 156x59
              text run at (0,0) width 151: "This page is large enough"
              text run at (0,20) width 156: "to need to be scrolled in a"
              text run at (0,40) width 97: "200x200 frame."
          LayoutBlockFlow {DIV} at (0,76) size 400x400 [bgcolor=#0000FF]
layer at (201,151) size 195x145
  LayoutFrame {FRAME} at (201,151) size 195x145
    layer at (0,0) size 195x145 scrollWidth 408 scrollHeight 492
      LayoutView at (0,0) size 195x145
    layer at (0,0) size 195x492 backgroundClip at (0,0) size 195x145 clip at (0,0) size 195x145
      LayoutBlockFlow {HTML} at (0,0) size 195x492
        LayoutBlockFlow {BODY} at (8,8) size 179x476
          LayoutBlockFlow {P} at (0,0) size 179x60
            LayoutText {#text} at (0,0) size 167x59
              text run at (0,0) width 167: "This page is large enough to"
              text run at (0,20) width 140: "need to be scrolled in a"
              text run at (0,40) width 97: "200x200 frame."
          LayoutBlockFlow {DIV} at (0,76) size 400x400 [bgcolor=#0000FF]
layer at (402,151) size 195x145
  LayoutFrame {FRAME} at (402,151) size 195x145
    layer at (0,0) size 195x145 clip at (0,0) size 180x130 scrollWidth 408 scrollHeight 492
      LayoutView at (0,0) size 195x145
    layer at (0,0) size 180x492 backgroundClip at (0,0) size 180x130 clip at (0,0) size 180x130
      LayoutBlockFlow {HTML} at (0,0) size 180x492
        LayoutBlockFlow {BODY} at (8,8) size 164x476
          LayoutBlockFlow {P} at (0,0) size 164x60
            LayoutText {#text} at (0,0) size 156x59
              text run at (0,0) width 151: "This page is large enough"
              text run at (0,20) width 156: "to need to be scrolled in a"
              text run at (0,40) width 97: "200x200 frame."
          LayoutBlockFlow {DIV} at (0,76) size 400x400 [bgcolor=#0000FF]
layer at (603,151) size 197x145
  LayoutFrame {FRAME} at (603,151) size 197x145
    layer at (0,0) size 197x145 clip at (0,0) size 182x130 scrollWidth 408 scrollHeight 492
      LayoutView at (0,0) size 197x145
    layer at (0,0) size 182x492 backgroundClip at (0,0) size 182x130 clip at (0,0) size 182x130
      LayoutBlockFlow {HTML} at (0,0) size 182x492
        LayoutBlockFlow {BODY} at (8,8) size 166x476
          LayoutBlockFlow {P} at (0,0) size 166x60
            LayoutText {#text} at (0,0) size 156x59
              text run at (0,0) width 151: "This page is large enough"
              text run at (0,20) width 156: "to need to be scrolled in a"
              text run at (0,40) width 97: "200x200 frame."
          LayoutBlockFlow {DIV} at (0,76) size 400x400 [bgcolor=#0000FF]
