layer at (0,0) size 800x600 clip at (0,0) size 785x600 scrollHeight 699
  LayoutView at (0,0) size 800x600
layer at (0,0) size 785x699 backgroundClip at (0,0) size 785x600 clip at (0,0) size 785x600
  LayoutBlockFlow {HTML} at (0,0) size 785x699
    LayoutBlockFlow {BODY} at (8,8) size 769x683
      LayoutBlockFlow {P} at (0,0) size 769x40
        LayoutText {#text} at (0,0) size 209x19
          text run at (0,0) width 209: "This page tests the behavior of the "
        LayoutInline {TT} at (0,0) size 72x16
          LayoutText {#text} at (209,3) size 72x16
            text run at (209,3) width 72: "scrolling"
        LayoutText {#text} at (281,0) size 76x19
          text run at (281,0) width 76: " attribute on "
        LayoutInline {TT} at (0,0) size 64x16
          LayoutText {#text} at (357,3) size 64x16
            text run at (357,3) width 64: "<iframe>"
        LayoutText {#text} at (421,0) size 752x39
          text run at (421,0) width 331: " elements which contain a page large enough to need to"
          text run at (0,20) width 70: "be scrolled."
      LayoutBlockFlow (anonymous) at (0,56) size 769x627
        LayoutText {#text} at (204,189) size 4x19
          text run at (204,189) width 4: " "
        LayoutText {#text} at (412,189) size 4x19
          text run at (412,189) width 4: " "
        LayoutText {#text} at (620,189) size 4x19
          text run at (620,189) width 4: " "
        LayoutText {#text} at (204,398) size 4x19
          text run at (204,398) width 4: " "
        LayoutText {#text} at (412,398) size 4x19
          text run at (412,398) width 4: " "
        LayoutText {#text} at (620,398) size 4x19
          text run at (620,398) width 4: " "
        LayoutText {#text} at (204,607) size 4x19
          text run at (204,607) width 4: " "
        LayoutText {#text} at (0,0) size 0x0
layer at (8,64) size 204x204
  LayoutIFrame {IFRAME} at (0,0) size 204x204 [border: (2px inset #EEEEEE)]
    layer at (0,0) size 200x200 clip at (0,0) size 185x185 scrollWidth 408 scrollHeight 492
      LayoutView at (0,0) size 200x200
    layer at (0,0) size 185x492 backgroundClip at (0,0) size 185x185 clip at (0,0) size 185x185
      LayoutBlockFlow {HTML} at (0,0) size 185x492
        LayoutBlockFlow {BODY} at (8,8) size 169x476
          LayoutBlockFlow {P} at (0,0) size 169x60
            LayoutText {#text} at (0,0) size 167x59
              text run at (0,0) width 167: "This page is large enough to"
              text run at (0,20) width 140: "need to be scrolled in a"
              text run at (0,40) width 97: "200x200 frame."
          LayoutBlockFlow {DIV} at (0,76) size 400x400 [bgcolor=#0000FF]
layer at (216,64) size 204x204
  LayoutIFrame {IFRAME} at (208,0) size 204x204 [border: (2px inset #EEEEEE)]
    layer at (0,0) size 200x200 clip at (0,0) size 185x185 scrollWidth 408 scrollHeight 492
      LayoutView at (0,0) size 200x200
    layer at (0,0) size 185x492 backgroundClip at (0,0) size 185x185 clip at (0,0) size 185x185
      LayoutBlockFlow {HTML} at (0,0) size 185x492
        LayoutBlockFlow {BODY} at (8,8) size 169x476
          LayoutBlockFlow {P} at (0,0) size 169x60
            LayoutText {#text} at (0,0) size 167x59
              text run at (0,0) width 167: "This page is large enough to"
              text run at (0,20) width 140: "need to be scrolled in a"
              text run at (0,40) width 97: "200x200 frame."
          LayoutBlockFlow {DIV} at (0,76) size 400x400 [bgcolor=#0000FF]
layer at (424,64) size 204x204
  LayoutIFrame {IFRAME} at (416,0) size 204x204 [border: (2px inset #EEEEEE)]
    layer at (0,0) size 200x200 clip at (0,0) size 185x185 scrollWidth 408 scrollHeight 492
      LayoutView at (0,0) size 200x200
    layer at (0,0) size 185x492 backgroundClip at (0,0) size 185x185 clip at (0,0) size 185x185
      LayoutBlockFlow {HTML} at (0,0) size 185x492
        LayoutBlockFlow {BODY} at (8,8) size 169x476
          LayoutBlockFlow {P} at (0,0) size 169x60
            LayoutText {#text} at (0,0) size 167x59
              text run at (0,0) width 167: "This page is large enough to"
              text run at (0,20) width 140: "need to be scrolled in a"
              text run at (0,40) width 97: "200x200 frame."
          LayoutBlockFlow {DIV} at (0,76) size 400x400 [bgcolor=#0000FF]
layer at (8,273) size 204x204
  LayoutIFrame {IFRAME} at (0,209) size 204x204 [border: (2px inset #EEEEEE)]
    layer at (0,0) size 200x200 clip at (0,0) size 185x185 scrollWidth 408 scrollHeight 492
      LayoutView at (0,0) size 200x200
    layer at (0,0) size 185x492 backgroundClip at (0,0) size 185x185 clip at (0,0) size 185x185
      LayoutBlockFlow {HTML} at (0,0) size 185x492
        LayoutBlockFlow {BODY} at (8,8) size 169x476
          LayoutBlockFlow {P} at (0,0) size 169x60
            LayoutText {#text} at (0,0) size 167x59
              text run at (0,0) width 167: "This page is large enough to"
              text run at (0,20) width 140: "need to be scrolled in a"
              text run at (0,40) width 97: "200x200 frame."
          LayoutBlockFlow {DIV} at (0,76) size 400x400 [bgcolor=#0000FF]
layer at (216,273) size 204x204
  LayoutIFrame {IFRAME} at (208,209) size 204x204 [border: (2px inset #EEEEEE)]
    layer at (0,0) size 200x200 clip at (0,0) size 185x185 scrollWidth 408 scrollHeight 492
      LayoutView at (0,0) size 200x200
    layer at (0,0) size 185x492 backgroundClip at (0,0) size 185x185 clip at (0,0) size 185x185
      LayoutBlockFlow {HTML} at (0,0) size 185x492
        LayoutBlockFlow {BODY} at (8,8) size 169x476
          LayoutBlockFlow {P} at (0,0) size 169x60
            LayoutText {#text} at (0,0) size 167x59
              text run at (0,0) width 167: "This page is large enough to"
              text run at (0,20) width 140: "need to be scrolled in a"
              text run at (0,40) width 97: "200x200 frame."
          LayoutBlockFlow {DIV} at (0,76) size 400x400 [bgcolor=#0000FF]
layer at (424,273) size 204x204
  LayoutIFrame {IFRAME} at (416,209) size 204x204 [border: (2px inset #EEEEEE)]
    layer at (0,0) size 200x200 scrollWidth 408 scrollHeight 492
      LayoutView at (0,0) size 200x200
    layer at (0,0) size 200x492 backgroundClip at (0,0) size 200x200 clip at (0,0) size 200x200
      LayoutBlockFlow {HTML} at (0,0) size 200x492
        LayoutBlockFlow {BODY} at (8,8) size 184x476
          LayoutBlockFlow {P} at (0,0) size 184x60
            LayoutText {#text} at (0,0) size 167x59
              text run at (0,0) width 167: "This page is large enough to"
              text run at (0,20) width 140: "need to be scrolled in a"
              text run at (0,40) width 97: "200x200 frame."
          LayoutBlockFlow {DIV} at (0,76) size 400x400 [bgcolor=#0000FF]
layer at (8,482) size 204x204 backgroundClip at (0,0) size 785x600 clip at (0,0) size 785x600
  LayoutIFrame {IFRAME} at (0,418) size 204x204 [border: (2px inset #EEEEEE)]
    layer at (0,0) size 200x200 clip at (0,0) size 185x185 scrollWidth 408 scrollHeight 492
      LayoutView at (0,0) size 200x200
    layer at (0,0) size 185x492 backgroundClip at (0,0) size 185x185 clip at (0,0) size 185x185
      LayoutBlockFlow {HTML} at (0,0) size 185x492
        LayoutBlockFlow {BODY} at (8,8) size 169x476
          LayoutBlockFlow {P} at (0,0) size 169x60
            LayoutText {#text} at (0,0) size 167x59
              text run at (0,0) width 167: "This page is large enough to"
              text run at (0,20) width 140: "need to be scrolled in a"
              text run at (0,40) width 97: "200x200 frame."
          LayoutBlockFlow {DIV} at (0,76) size 400x400 [bgcolor=#0000FF]
layer at (216,482) size 204x204 backgroundClip at (0,0) size 785x600 clip at (0,0) size 785x600
  LayoutIFrame {IFRAME} at (208,418) size 204x204 [border: (2px inset #EEEEEE)]
    layer at (0,0) size 200x200 clip at (0,0) size 185x185 scrollWidth 408 scrollHeight 492
      LayoutView at (0,0) size 200x200
    layer at (0,0) size 185x492 backgroundClip at (0,0) size 185x185 clip at (0,0) size 185x185
      LayoutBlockFlow {HTML} at (0,0) size 185x492
        LayoutBlockFlow {BODY} at (8,8) size 169x476
          LayoutBlockFlow {P} at (0,0) size 169x60
            LayoutText {#text} at (0,0) size 167x59
              text run at (0,0) width 167: "This page is large enough to"
              text run at (0,20) width 140: "need to be scrolled in a"
              text run at (0,40) width 97: "200x200 frame."
          LayoutBlockFlow {DIV} at (0,76) size 400x400 [bgcolor=#0000FF]
