layer at (0,0) size 800x600 scrollWidth 808 scrollHeight 636
  LayoutView at (0,0) size 800x600
layer at (0,0) size 800x636 backgroundClip at (0,0) size 800x600 clip at (0,0) size 800x600
  LayoutBlockFlow {HTML} at (0,0) size 800x636
    LayoutBlockFlow {BODY} at (8,8) size 784x620
      LayoutBlockFlow {DIV} at (0,0) size 784x20
        LayoutText {#text} at (0,0) size 655x19
          text run at (0,0) width 655: "This tests that putting an inline element (such as a span) inside of an element doesn't cause an assertion failure."
      LayoutBlockFlow {DIV} at (0,20) size 784x600
        LayoutFrameSet {FRAMESET} at (0,0) size 800x600
