layer at (0,0) size 800x600
  LayoutView at (0,0) size 800x600
layer at (0,0) size 800x69
  LayoutBlockFlow {HTML} at (0,0) size 800x69
    LayoutBlockFlow {BODY} at (8,16) size 784x37
      LayoutBlockFlow {P} at (0,0) size 784x37
        LayoutInline {<pseudo:first-letter>} at (0,0) size 19x36 [bgcolor=#00FF00]
          LayoutTextFragment (anonymous) at (0,0) size 19x36
            text run at (0,0) width 19: "T"
        LayoutTextFragment {#text} at (19,13) size 454x19
          text run at (19,13) width 312: "his very long paragraph should have a big first letter "
          text run at (331,13) width 142: "with green background."
