layer at (0,0) size 800x600
  LayoutView at (0,0) size 800x600
layer at (0,0) size 800x88
  LayoutBlockFlow {HTML} at (0,0) size 800x88
    LayoutBlockFlow {BODY} at (8,16) size 784x56
      LayoutBlockFlow {DIV} at (0,0) size 784x56
        LayoutBlockFlow {P} at (0,0) size 784x20 [color=#00FF00]
          LayoutInline {SPAN} at (0,0) size 465x19 [color=#000000]
            LayoutText {#text} at (0,0) size 465x19
              text run at (0,0) width 465: "The color of this text should be green when the pointing device hovers over it."
          LayoutText {#text} at (0,0) size 0x0
        LayoutBlockFlow {P} at (0,36) size 784x20 [color=#00FF00]
          LayoutInline {A} at (0,0) size 465x19 [color=#000000]
            LayoutText {#text} at (0,0) size 465x19
              text run at (0,0) width 465: "The color of this text should be green when the pointing device hovers over it."
          LayoutText {#text} at (0,0) size 0x0
