layer at (0,0) size 800x600
  LayoutView at (0,0) size 800x600
layer at (0,0) size 800x90
  LayoutBlockFlow {HTML} at (0,0) size 800x90
    LayoutBlockFlow {BODY} at (8,16) size 784x58
      LayoutBlockFlow {DIV} at (0,0) size 784x58
        LayoutBlockFlow {P} at (0,0) size 784x20 [color=#00FF00]
          LayoutInline {A} at (0,0) size 260x19 [color=#000000]
            LayoutText {#text} at (0,0) size 260x19
              text run at (0,0) width 260: "This text should turn green while it is active."
          LayoutText {#text} at (0,0) size 0x0
        LayoutBlockFlow {P} at (0,36) size 784x22 [color=#00FF00]
          LayoutButton {BUTTON} at (0,0) size 269x22 [color=#000000] [bgcolor=#C0C0C0] [border: (2px outset #C0C0C0)]
            LayoutBlockFlow (anonymous) at (8,3) size 253x16
              LayoutText {#text} at (0,0) size 253x16
                text run at (0,0) width 253: "This text should turn green while it is active."
          LayoutText {#text} at (0,0) size 0x0
