layer at (0,0) size 800x600
  LayoutView at (0,0) size 800x600
layer at (0,0) size 800x52
  LayoutBlockFlow {HTML} at (0,0) size 800x52
    LayoutBlockFlow {BODY} at (8,16) size 784x20
      LayoutBlockFlow {DIV} at (0,0) size 784x20
        LayoutBlockFlow {P} at (0,0) size 784x20 [bgcolor=#00FF00]
          LayoutText {#text} at (0,0) size 520x19
            text run at (0,0) width 520: "This paragraph should have a green background and there should be no red anywhere."
