layer at (0,0) size 800x600
  LayoutView at (0,0) size 800x600
layer at (0,0) size 800x88
  LayoutBlockFlow {HTML} at (0,0) size 800x88
    LayoutBlockFlow {BODY} at (8,16) size 784x56
      LayoutBlockFlow {DIV} at (0,0) size 784x20
        LayoutBlockFlow {P} at (0,0) size 784x20 [bgcolor=#008000]
          LayoutText {#text} at (0,0) size 252x19
            text run at (0,0) width 252: "This line should have a green background."
      LayoutBlockFlow {DIV} at (0,36) size 784x20
        LayoutBlockFlow {P} at (0,0) size 784x20
          LayoutText {#text} at (0,0) size 289x19
            text run at (0,0) width 289: "This line should NOT have a green background."
