layer at (0,0) size 800x600
  LayoutView at (0,0) size 800x600
layer at (0,0) size 800x88
  LayoutBlockFlow {html} at (0,0) size 800x88
    LayoutBlockFlow {div} at (0,16) size 800x56
      LayoutBlockFlow {p} at (0,0) size 800x20 [bgcolor=#008000]
        LayoutText {#text} at (0,0) size 252x19
          text run at (0,0) width 252: "This line should have a green background."
      LayoutBlockFlow {p} at (0,36) size 800x20 [bgcolor=#0000FF]
        LayoutText {#text} at (0,0) size 289x19
          text run at (0,0) width 289: "This line should NOT have a green background."
