layer at (0,0) size 800x600
  LayoutView at (0,0) size 800x600
layer at (0,0) size 800x600
  LayoutBlockFlow {HTML} at (0,0) size 800x600
    LayoutBlockFlow {BODY} at (8,8) size 784x584
      LayoutBlockFlow {DIV} at (0,0) size 784x20
        LayoutBlockFlow {DIV} at (0,0) size 784x20
          LayoutBlockFlow {DIV} at (0,0) size 784x20
            LayoutBlockFlow {DIV} at (0,0) size 784x20 [color=#008000]
              LayoutText {#text} at (0,0) size 154x19
                text run at (0,0) width 154: "This text should be green."
      LayoutBlockFlow {DIV} at (0,20) size 784x0
      LayoutBlockFlow {DIV} at (0,20) size 784x0
      LayoutBlockFlow {DIV} at (0,20) size 784x0
      LayoutBlockFlow {DIV} at (0,20) size 784x20 [color=#008000]
        LayoutText {#text} at (0,0) size 182x19
          text run at (0,0) width 182: "This text should also be green."
