layer at (0,0) size 800x600
  LayoutView at (0,0) size 800x600
layer at (0,0) size 800x600
  LayoutBlockFlow {HTML} at (0,0) size 800x600
    LayoutBlockFlow {BODY} at (12,12) size 776x576
      LayoutBlockFlow {H1} at (0,0) size 776x55
        LayoutText {#text} at (0,0) size 409x55
          text run at (0,0) width 409: "Zooming Menu List"
      LayoutBlockFlow (anonymous) at (0,87.16) size 776x80
        LayoutMenuList {SELECT} at (0,0) size 228x80 [bgcolor=#F8F8F8] [border: (4.50px solid #A6A6A6)]
          LayoutBlockFlow (anonymous) at (4.50,4.50) size 219x71
            LayoutText (anonymous) at (36,4) size 90x58
              text run at (36,4) width 90: "One"
        LayoutText {#text} at (0,0) size 0x0
