layer at (0,0) size 800x600
  LayoutView at (0,0) size 800x600
layer at (0,0) size 800x94
  LayoutBlockFlow {HTML} at (0,0) size 800x94
    LayoutBlockFlow {BODY} at (8,16) size 784x70
      LayoutBlockFlow {P} at (0,0) size 784x18
        LayoutText {#text} at (0,0) size 269x18
          text run at (0,0) width 269: "A media control should have a focus ring."
      LayoutBlockFlow (anonymous) at (0,34) size 784x36
layer at (8,50) size 300x32
  LayoutMedia {AUDIO} at (0,0) size 300x32
layer at (8,50) size 300x32
  LayoutFlexibleBox (relative positioned) {DIV} at (0,0) size 300x32
    LayoutBlockFlow {DIV} at (0,0) size 300x32
layer at (8,50) size 300x32
  LayoutFlexibleBox (relative positioned) {DIV} at (0,0) size 300x32 [bgcolor=#FAFAFA]
    LayoutButton {INPUT} at (0,0) size 32x32
