layer at (0,0) size 800x600
  LayoutView at (0,0) size 800x600
layer at (0,0) size 800x546
  LayoutBlockFlow {HTML} at (0,0) size 800x546
    LayoutBlockFlow {BODY} at (8,16) size 784x522
      LayoutBlockFlow {P} at (0,0) size 784x18
        LayoutText {#text} at (0,0) size 729x18
          text run at (0,0) width 729: "Test that setting currentTime is frame-accurate. The three videos below should be showing frames 12, 13, and 14."
      LayoutBlockFlow (anonymous) at (0,34) size 784x488
        LayoutText {#text} at (320,226) size 4x18
          text run at (320,226) width 4: " "
        LayoutText {#text} at (0,0) size 0x0
        LayoutText {#text} at (0,0) size 0x0
layer at (8,50) size 320x240
  LayoutVideo {VIDEO} at (0,0) size 320x240
layer at (332,50) size 320x240
  LayoutVideo {VIDEO} at (324,0) size 320x240
layer at (8,294) size 320x240
  LayoutVideo {VIDEO} at (0,244) size 320x240
layer at (8,50) size 320x240
  LayoutFlexibleBox (relative positioned) {DIV} at (0,0) size 320x240
    LayoutBlockFlow {DIV} at (0,205) size 320x35
layer at (8,50) size 320x205
  LayoutFlexibleBox (relative positioned) {DIV} at (0,0) size 320x205
layer at (332,50) size 320x240
  LayoutFlexibleBox (relative positioned) {DIV} at (0,0) size 320x240
    LayoutBlockFlow {DIV} at (0,205) size 320x35
layer at (332,50) size 320x205
  LayoutFlexibleBox (relative positioned) {DIV} at (0,0) size 320x205
layer at (8,294) size 320x240
  LayoutFlexibleBox (relative positioned) {DIV} at (0,0) size 320x240
    LayoutBlockFlow {DIV} at (0,205) size 320x35
layer at (8,294) size 320x205
  LayoutFlexibleBox (relative positioned) {DIV} at (0,0) size 320x205
