layer at (0,0) size 800x600
  LayoutView at (0,0) size 800x600
layer at (0,0) size 800x600
  LayoutBlockFlow {HTML} at (0,0) size 800x600
    LayoutBlockFlow {BODY} at (8,8) size 784x584
      LayoutBlockFlow {P} at (0,0) size 784x18
        LayoutText {#text} at (0,0) size 419x18
          text run at (0,0) width 419: "Movie with no audio track. The volume button should not render."
      LayoutBlockFlow (anonymous) at (0,34) size 784x288
        LayoutText {#text} at (0,0) size 0x0
layer at (8,42) size 352x288
  LayoutVideo {VIDEO} at (0,0) size 352x288
layer at (8,42) size 352x288
  LayoutFlexibleBox (relative positioned) {DIV} at (0,0) size 352x288
    LayoutFlexibleBox {DIV} at (0,0) size 352x288
layer at (8,42) size 352x288
  LayoutBlockFlow (positioned) {DIV} at (0,0) size 352x288
layer at (8,42) size 352x288
  LayoutFlexibleBox {DIV} at (0,0) size 352x288
layer at (8,42) size 352x272 clip at (9,43) size 350x270
  LayoutButton (relative positioned) {INPUT} at (0,0) size 352x272 [border: (1px solid #D8D8D8) (1px solid #D1D1D1) (1px solid #BABABA) (1px solid #D1D1D1)]
    LayoutFlexibleBox (anonymous) at (8,99.50) size 336x72
      LayoutBlockFlow {DIV} at (132,0) size 72x72 [bgcolor=#FFFFFFE6]
layer at (8,266) size 352x48
  LayoutFlexibleBox (relative positioned) {DIV} at (0,224) size 352x48
    LayoutBlockFlow {DIV} at (16,0) size 31.14x48 [color=#FFFFFF]
      LayoutText {#text} at (0,15) size 32x18
        text run at (0,15) width 32: "0:00"
    LayoutBlockFlow {DIV} at (51.14,0) size 40.03x48 [color=#FFFFFF]
      LayoutText {#text} at (0,15) size 41x18
        text run at (0,15) width 41: "/ 0:09"
    LayoutBlockFlow {DIV} at (91.17,48) size 164.83x0
    LayoutButton {INPUT} at (304,0) size 48x48
layer at (264,266) size 48x48 transparent
  LayoutButton {INPUT} at (256,0) size 48x48 [color=#7F7F7F]
layer at (8,314) size 352x16
  LayoutSlider {INPUT} at (0,272) size 352x16 [color=#909090]
    LayoutFlexibleBox {DIV} at (16,0) size 320x4
layer at (24,314) size 320x4
  LayoutBlockFlow (relative positioned) {DIV} at (0,0) size 320x4 [bgcolor=#FFFFFF4D]
layer at (24,310) size 12x12
  LayoutBlockFlow (relative positioned) {DIV} at (0,-4) size 12x12 [bgcolor=#FFFFFF]
layer at (24,314) size 320x4
  LayoutBlockFlow (positioned) {DIV} at (0,0) size 320x4
layer at (24,314) size 0x4
  LayoutBlockFlow (positioned) {DIV} at (0,0) size 0x4 [bgcolor=#FFFFFF]
layer at (24,314) size 320x4
  LayoutBlockFlow (positioned) {DIV} at (0,0) size 320x4 [bgcolor=#FFFFFF8A]
