layer at (0,0) size 800x600
  LayoutView at (0,0) size 800x600
layer at (0,0) size 800x600
  LayoutBlockFlow {HTML} at (0,0) size 800x600
    LayoutBlockFlow {BODY} at (8,8) size 784x584
      LayoutBlockFlow {DIR} at (0,0) size 784x112
        LayoutBlockFlow (anonymous) at (40,0) size 744x20
          LayoutText {#text} at (0,0) size 26x19
            text run at (0,0) width 26: "One"
        LayoutBlockFlow {DIR} at (40,36) size 744x76
          LayoutBlockFlow (anonymous) at (40,0) size 704x20
            LayoutText {#text} at (0,0) size 27x19
              text run at (0,0) width 27: "Two"
          LayoutBlockFlow {DIR} at (40,36) size 704x40
            LayoutBlockFlow (anonymous) at (40,0) size 664x20
              LayoutText {#text} at (0,0) size 35x19
                text run at (0,0) width 35: "Three"
            LayoutBlockFlow {CENTER} at (40,20) size 664x20
              LayoutText {#text} at (317,0) size 30x19
                text run at (317,0) width 30: "Four"
      LayoutBlockFlow {PRE} at (0,128) size 784x336
        LayoutText {#text} at (0,0) size 64x16
          text run at (0,0) width 64: "Pre text"
          text run at (64,0) width 0: " "
        LayoutText {#text} at (300,304) size 300x32
          text run at (300,304) width 0: " "
          text run at (0,320) width 104: "Also pre text"
          text run at (104,320) width 0: " "
      LayoutBlockFlow (anonymous) at (0,477) size 784x20
        LayoutInline {NOBR} at (0,0) size 131x19 [bgcolor=#CCCCCC]
          LayoutText {#text} at (0,0) size 131x19
            text run at (0,0) width 131: "This text won't break."
      LayoutBlockFlow (anonymous) at (0,510) size 784x16
        LayoutBlockFlow {PRE} at (0,0) size 784x16
          LayoutText {#text} at (0,0) size 208x16
            text run at (0,0) width 208: "This will be preformatted."
      LayoutBlockFlow (anonymous) at (0,539) size 784x20
        LayoutInline {NOBR} at (0,0) size 226x19 [bgcolor=#CCCCCC]
          LayoutText {#text} at (0,0) size 226x19
            text run at (0,0) width 226: "Now we're back to nonbreaking text."
        LayoutText {#text} at (0,0) size 0x0
layer at (8,152) size 300x300
  LayoutEmbeddedObject {OBJECT} at (0,16) size 300x300 [bgcolor=#008000]
