layer at (0,0) size 800x600
  LayoutView at (0,0) size 800x600
layer at (0,0) size 800x36
  LayoutBlockFlow {HTML} at (0,0) size 800x36
    LayoutBlockFlow {BODY} at (8,8) size 784x20
      LayoutBlockFlow {IMG} at (0,0) size 28x20 [bgcolor=#008000]
        LayoutInline {SPAN} at (0,0) size 12x19
          LayoutImage (floating) {IMG} at (0,0) size 16x16
          LayoutInline {SPAN} at (0,0) size 12x19
            LayoutText {#text} at (16,0) size 12x19
              text run at (16,0) width 12: "--"
      LayoutText {#text} at (0,0) size 0x0
