layer at (0,0) size 800x600
  LayoutView at (0,0) size 800x600
layer at (0,0) size 800x600
  LayoutBlockFlow {HTML} at (0,0) size 800x600
    LayoutBlockFlow {BODY} at (8,8) size 784x570.56
      LayoutBlockFlow (anonymous) at (0,0) size 784x20
        LayoutText {#text} at (0,0) size 529x19
          text run at (0,0) width 529: "--> */ h1 { background-color: red; } /* This comment should not be part of the style. */"
      LayoutBlockFlow {H1} at (0,41.44) size 784x37
        LayoutText {#text} at (0,0) size 601x36
          text run at (0,0) width 601: "This text should not have a red background."
