layer at (0,0) size 800x600
  LayoutView at (0,0) size 800x600
layer at (0,0) size 800x600
  LayoutBlockFlow {HTML} at (0,0) size 800x600
    LayoutBlockFlow {BODY} at (8,8) size 784x576
      LayoutBlockFlow {DIV} at (0,0) size 784x20
        LayoutText {#text} at (0,0) size 81x19
          text run at (0,0) width 81: "Test case for "
        LayoutInline {A} at (0,0) size 60x19 [color=#0000EE]
          LayoutText {#text} at (81,0) size 60x19
            text run at (81,0) width 60: "Bug 7265"
        LayoutText {#text} at (141,0) size 561x19
          text run at (141,0) width 561: " REGRESSION: noscript, noframes, nolayer, noembed tags insert break inside paragraph tag"
      LayoutBlockFlow {P} at (0,36) size 784x20
        LayoutText {#text} at (0,0) size 306x19
          text run at (0,0) width 306: "This sentence contains noscript tags and should be "
        LayoutText {#text} at (306,0) size 69x19
          text run at (306,0) width 69: "on one line."
      LayoutBlockFlow {P} at (0,72) size 784x20
        LayoutText {#text} at (0,0) size 313x19
          text run at (0,0) width 313: "This sentence contains noframes tags and should be "
        LayoutText {#text} at (313,0) size 69x19
          text run at (313,0) width 69: "on one line."
      LayoutBlockFlow {P} at (0,108) size 784x20
        LayoutText {#text} at (0,0) size 302x19
          text run at (0,0) width 302: "This sentence contains nolayer tags and should be "
        LayoutInline {NOLAYER} at (0,0) size 0x0
        LayoutText {#text} at (302,0) size 69x19
          text run at (302,0) width 69: "on one line."
      LayoutBlockFlow {P} at (0,144) size 784x20
        LayoutText {#text} at (0,0) size 314x19
          text run at (0,0) width 314: "This sentence contains noembed tags and should be "
        LayoutText {#text} at (314,0) size 69x19
          text run at (314,0) width 69: "on one line."
