layer at (0,0) size 800x600
  LayoutView at (0,0) size 800x600
layer at (0,0) size 800x168
  LayoutBlockFlow {HTML} at (0,0) size 800x168
    LayoutBlockFlow {BODY} at (8,8) size 784x152
      LayoutBlockFlow {INPUT} at (4,4) size 13x13
      LayoutText {#text} at (21,2) size 4x19
        text run at (21,2) width 4: " "
      LayoutBlockFlow {INPUT} at (29,4) size 13x13
      LayoutText {#text} at (46,2) size 4x19
        text run at (46,2) width 4: " "
      LayoutBR {BR} at (50,2) size 0x19
      LayoutBlockFlow {INPUT} at (4,26) size 13x13
      LayoutText {#text} at (21,24) size 4x19
        text run at (21,24) width 4: " "
      LayoutBlockFlow {INPUT} at (29,26) size 13x13
      LayoutText {#text} at (46,24) size 4x19
        text run at (46,24) width 4: " "
      LayoutBR {BR} at (50,24) size 0x19
      LayoutBlockFlow {INPUT} at (4,48) size 13x13
      LayoutText {#text} at (21,46) size 4x19
        text run at (21,46) width 4: " "
      LayoutBR {BR} at (25,46) size 0x19
      LayoutBlockFlow {INPUT} at (4,70) size 13x13
      LayoutText {#text} at (21,68) size 4x19
        text run at (21,68) width 4: " "
      LayoutBR {BR} at (25,68) size 0x19
      LayoutBlockFlow {INPUT} at (4,92) size 8x13
      LayoutText {#text} at (16,90) size 4x19
        text run at (16,90) width 4: " "
      LayoutBlockFlow {INPUT} at (24,92) size 16x13
      LayoutText {#text} at (44,90) size 4x19
        text run at (44,90) width 4: " "
      LayoutBlockFlow {INPUT} at (52,92) size 24x13
      LayoutText {#text} at (80,90) size 4x19
        text run at (80,90) width 4: " "
      LayoutBR {BR} at (84,90) size 0x19
      LayoutBlockFlow {INPUT} at (6,125) size 19x19
      LayoutText {#text} at (31,129) size 4x19
        text run at (31,129) width 4: " "
      LayoutBlockFlow {INPUT} at (43,118) size 26x26
      LayoutText {#text} at (77,129) size 4x19
        text run at (77,129) width 4: " "
      LayoutBR {BR} at (81,129) size 0x19
