layer at (0,0) size 800x600
  LayoutView at (0,0) size 800x600
layer at (0,0) size 800x80
  LayoutNGBlockFlow {HTML} at (0,0) size 800x80
    LayoutNGBlockFlow {BODY} at (8,16) size 784x56
      LayoutNGBlockFlow {P} at (0,0) size 784x20 [bgcolor=#00FF00]
        LayoutText {#text} at (0,0) size 494x19
          text run at (0,0) width 494: "This paragraph should have green background because its language is \"en-gb\""
      LayoutNGBlockFlow {ADDRESS} at (0,36) size 784x20 [bgcolor=#00FF00]
        LayoutInline {SPAN} at (0,0) size 156x19
          LayoutText {#text} at (0,0) size 156x19
            text run at (0,0) width 156: "This address should also"
        LayoutText {#text} at (155,0) size 5x19
          text run at (155,0) width 5: " "
        LayoutInline {SPAN} at (0,0) size 505x19
          LayoutText {#text} at (159,0) size 505x19
            text run at (159,0) width 505: "have green background because the language of the inner SPANs is not French."
        LayoutText {#text} at (0,0) size 0x0
