layer at (0,0) size 800x600
  LayoutView at (0,0) size 800x600
layer at (0,0) size 800x108
  LayoutNGBlockFlow {HTML} at (0,0) size 800x108
    LayoutNGBlockFlow {BODY} at (8,16) size 784x76
      LayoutNGBlockFlow {UL} at (0,0) size 784x40
        LayoutNGListItem {LI} at (40,0) size 744x20 [bgcolor=#00FF00]
          LayoutNGListMarker (anonymous) at (-18,0) size 10x20
            LayoutText (anonymous) at (0,0) size 10x19
              text run at (0,0) width 10: "\x{2022} "
          LayoutText {#text} at (0,0) size 304x19
            text run at (0,0) width 304: "The background of this list item should be green"
        LayoutNGListItem {LI} at (40,20) size 744x20 [bgcolor=#00FF00]
          LayoutNGListMarker (anonymous) at (-18,0) size 10x20
            LayoutText (anonymous) at (0,0) size 10x19
              text run at (0,0) width 10: "\x{2022} "
          LayoutText {#text} at (0,0) size 381x19
            text run at (0,0) width 381: "The background of this second list item should be also green"
      LayoutNGBlockFlow {P} at (0,56) size 784x20 [bgcolor=#00FF00]
        LayoutText {#text} at (0,0) size 322x19
          text run at (0,0) width 322: "The background of this paragraph should be green."
