layer at (0,0) size 800x600
  LayoutView at (0,0) size 800x600
layer at (0,0) size 800x72
  LayoutNGBlockFlow {HTML} at (0,0) size 800x72
    LayoutNGBlockFlow {BODY} at (8,16) size 784x40
      LayoutNGBlockFlow {P} at (0,0) size 784x40
        LayoutInline {<pseudo:before>} at (0,0) size 181x19 [bgcolor=#00FF00]
          LayoutTextFragment (anonymous) at (0,0) size 181x19
            text run at (0,0) width 181: "GENERATED CONTENT "
        LayoutText {#text} at (181,0) size 733x39
          text run at (181,0) width 552: "You should see before this paragraph the words GENERATED CONTENT over green"
          text run at (0,20) width 75: "background"
