layer at (0,0) size 800x600
  LayoutView at (0,0) size 800x600
layer at (0,0) size 800x554
  LayoutNGBlockFlow {HTML} at (0,0) size 800x554
    LayoutNGBlockFlow {BODY} at (8,16) size 784x530
      LayoutNGBlockFlow {UL} at (0,0) size 784x120
        LayoutNGListItem {LI} at (40,0) size 744x20 [bgcolor=#00FF00]
          LayoutNGListMarker (anonymous) at (-18,0) size 10x20
            LayoutText (anonymous) at (0,0) size 10x19
              text run at (0,0) width 10: "\x{2022} "
          LayoutText {#text} at (0,0) size 318x19
            text run at (0,0) width 318: "This first list item should have a green background"
        LayoutNGListItem {LI} at (40,20) size 744x20
          LayoutNGListMarker (anonymous) at (-18,0) size 10x20
            LayoutText (anonymous) at (0,0) size 10x19
              text run at (0,0) width 10: "\x{2022} "
          LayoutText {#text} at (0,0) size 100x19
            text run at (0,0) width 100: "Second list item"
        LayoutNGListItem {LI} at (40,40) size 744x20 [bgcolor=#00FF00]
          LayoutNGListMarker (anonymous) at (-18,0) size 10x20
            LayoutText (anonymous) at (0,0) size 10x19
              text run at (0,0) width 10: "\x{2022} "
          LayoutText {#text} at (0,0) size 323x19
            text run at (0,0) width 323: "This third list item should have a green background"
        LayoutNGListItem {LI} at (40,60) size 744x20
          LayoutNGListMarker (anonymous) at (-18,0) size 10x20
            LayoutText (anonymous) at (0,0) size 10x19
              text run at (0,0) width 10: "\x{2022} "
          LayoutText {#text} at (0,0) size 95x19
            text run at (0,0) width 95: "Fourth list item"
        LayoutNGListItem {LI} at (40,80) size 744x20 [bgcolor=#00FF00]
          LayoutNGListMarker (anonymous) at (-18,0) size 10x20
            LayoutText (anonymous) at (0,0) size 10x19
              text run at (0,0) width 10: "\x{2022} "
          LayoutText {#text} at (0,0) size 320x19
            text run at (0,0) width 320: "This fifth list item should have a green background"
        LayoutNGListItem {LI} at (40,100) size 744x20
          LayoutNGListMarker (anonymous) at (-18,0) size 10x20
            LayoutText (anonymous) at (0,0) size 10x19
              text run at (0,0) width 10: "\x{2022} "
          LayoutText {#text} at (0,0) size 86x19
            text run at (0,0) width 86: "Sixth list item"
      LayoutNGBlockFlow {OL} at (0,136) size 784x120
        LayoutNGListItem {LI} at (40,0) size 744x20
          LayoutNGListMarker (anonymous) at (-16,0) size 16x20
            LayoutText (anonymous) at (0,0) size 16x19
              text run at (0,0) width 16: "1. "
          LayoutText {#text} at (0,0) size 81x19
            text run at (0,0) width 81: "First list item"
        LayoutNGListItem {LI} at (40,20) size 744x20 [bgcolor=#00FF00]
          LayoutNGListMarker (anonymous) at (-16,0) size 16x20
            LayoutText (anonymous) at (0,0) size 16x19
              text run at (0,0) width 16: "2. "
          LayoutText {#text} at (0,0) size 338x19
            text run at (0,0) width 338: "This second list item should have a green background"
        LayoutNGListItem {LI} at (40,40) size 744x20
          LayoutNGListMarker (anonymous) at (-16,0) size 16x20
            LayoutText (anonymous) at (0,0) size 16x19
              text run at (0,0) width 16: "3. "
          LayoutText {#text} at (0,0) size 88x19
            text run at (0,0) width 88: "Third list item"
        LayoutNGListItem {LI} at (40,60) size 744x20 [bgcolor=#00FF00]
          LayoutNGListMarker (anonymous) at (-16,0) size 16x20
            LayoutText (anonymous) at (0,0) size 16x19
              text run at (0,0) width 16: "4. "
          LayoutText {#text} at (0,0) size 332x19
            text run at (0,0) width 332: "This fourth list item should have a green background"
        LayoutNGListItem {LI} at (40,80) size 744x20
          LayoutNGListMarker (anonymous) at (-16,0) size 16x20
            LayoutText (anonymous) at (0,0) size 16x19
              text run at (0,0) width 16: "5. "
          LayoutText {#text} at (0,0) size 83x19
            text run at (0,0) width 83: "Fifth list item"
        LayoutNGListItem {LI} at (40,100) size 744x20 [bgcolor=#00FF00]
          LayoutNGListMarker (anonymous) at (-16,0) size 16x20
            LayoutText (anonymous) at (0,0) size 16x19
              text run at (0,0) width 16: "6. "
          LayoutText {#text} at (0,0) size 324x19
            text run at (0,0) width 324: "This sixth list item should have a green background"
      LayoutNGBlockFlow {DIV} at (0,272) size 784x258
        LayoutTable {TABLE} at (0,0) size 162x160 [border: (1px outset #808080)]
          LayoutTableSection {TBODY} at (1,1) size 160x158
            LayoutTableRow {TR} at (0,2) size 160x24 [bgcolor=#00FF00]
              LayoutNGTableCell {TD} at (2,2) size 104x24 [border: (1px inset #808080)] [r=0 c=0 rs=1 cs=1]
                LayoutText {#text} at (2,2) size 100x19
                  text run at (2,2) width 100: "Green row : 1.1"
              LayoutNGTableCell {TD} at (108,2) size 24x24 [border: (1px inset #808080)] [r=0 c=1 rs=1 cs=1]
                LayoutText {#text} at (2,2) size 20x19
                  text run at (2,2) width 20: "1.2"
              LayoutNGTableCell {TD} at (134,2) size 24x24 [border: (1px inset #808080)] [r=0 c=2 rs=1 cs=1]
                LayoutText {#text} at (2,2) size 20x19
                  text run at (2,2) width 20: "1.3"
            LayoutTableRow {TR} at (0,28) size 160x24 [bgcolor=#00FF00]
              LayoutNGTableCell {TD} at (2,28) size 104x24 [border: (1px inset #808080)] [r=1 c=0 rs=1 cs=1]
                LayoutText {#text} at (2,2) size 100x19
                  text run at (2,2) width 100: "Green row : 2.1"
              LayoutNGTableCell {TD} at (108,28) size 24x24 [border: (1px inset #808080)] [r=1 c=1 rs=1 cs=1]
                LayoutText {#text} at (2,2) size 20x19
                  text run at (2,2) width 20: "2.2"
              LayoutNGTableCell {TD} at (134,28) size 24x24 [border: (1px inset #808080)] [r=1 c=2 rs=1 cs=1]
                LayoutText {#text} at (2,2) size 20x19
                  text run at (2,2) width 20: "2.3"
            LayoutTableRow {TR} at (0,54) size 160x24 [bgcolor=#00FF00]
              LayoutNGTableCell {TD} at (2,54) size 104x24 [border: (1px inset #808080)] [r=2 c=0 rs=1 cs=1]
                LayoutText {#text} at (2,2) size 100x19
                  text run at (2,2) width 100: "Green row : 3.1"
              LayoutNGTableCell {TD} at (108,54) size 24x24 [border: (1px inset #808080)] [r=2 c=1 rs=1 cs=1]
                LayoutText {#text} at (2,2) size 20x19
                  text run at (2,2) width 20: "3.2"
              LayoutNGTableCell {TD} at (134,54) size 24x24 [border: (1px inset #808080)] [r=2 c=2 rs=1 cs=1]
                LayoutText {#text} at (2,2) size 20x19
                  text run at (2,2) width 20: "3.3"
            LayoutTableRow {TR} at (0,80) size 160x24 [bgcolor=#00FF00]
              LayoutNGTableCell {TD} at (2,80) size 104x24 [border: (1px inset #808080)] [r=3 c=0 rs=1 cs=1]
                LayoutText {#text} at (2,2) size 100x19
                  text run at (2,2) width 100: "Green row : 4.1"
              LayoutNGTableCell {TD} at (108,80) size 24x24 [border: (1px inset #808080)] [r=3 c=1 rs=1 cs=1]
                LayoutText {#text} at (2,2) size 20x19
                  text run at (2,2) width 20: "4.2"
              LayoutNGTableCell {TD} at (134,80) size 24x24 [border: (1px inset #808080)] [r=3 c=2 rs=1 cs=1]
                LayoutText {#text} at (2,2) size 20x19
                  text run at (2,2) width 20: "4.3"
            LayoutTableRow {TR} at (0,106) size 160x24
              LayoutNGTableCell {TD} at (2,106) size 104x24 [border: (1px inset #808080)] [r=4 c=0 rs=1 cs=1]
                LayoutText {#text} at (2,2) size 20x19
                  text run at (2,2) width 20: "5.1"
              LayoutNGTableCell {TD} at (108,106) size 24x24 [border: (1px inset #808080)] [r=4 c=1 rs=1 cs=1]
                LayoutText {#text} at (2,2) size 20x19
                  text run at (2,2) width 20: "5.2"
              LayoutNGTableCell {TD} at (134,106) size 24x24 [border: (1px inset #808080)] [r=4 c=2 rs=1 cs=1]
                LayoutText {#text} at (2,2) size 20x19
                  text run at (2,2) width 20: "5.3"
            LayoutTableRow {TR} at (0,132) size 160x24
              LayoutNGTableCell {TD} at (2,132) size 104x24 [border: (1px inset #808080)] [r=5 c=0 rs=1 cs=1]
                LayoutText {#text} at (2,2) size 20x19
                  text run at (2,2) width 20: "6.1"
              LayoutNGTableCell {TD} at (108,132) size 24x24 [border: (1px inset #808080)] [r=5 c=1 rs=1 cs=1]
                LayoutText {#text} at (2,2) size 20x19
                  text run at (2,2) width 20: "6.2"
              LayoutNGTableCell {TD} at (134,132) size 24x24 [border: (1px inset #808080)] [r=5 c=2 rs=1 cs=1]
                LayoutText {#text} at (2,2) size 20x19
                  text run at (2,2) width 20: "6.3"
        LayoutNGBlockFlow {P} at (0,176) size 784x0
        LayoutTable {TABLE} at (0,176) size 335x82 [border: (1px outset #808080)]
          LayoutTableSection {TBODY} at (1,1) size 333x80
            LayoutTableRow {TR} at (0,2) size 333x24
              LayoutNGTableCell {TD} at (2,2) size 65x24 [bgcolor=#00FF00] [border: (1px inset #808080)] [r=0 c=0 rs=1 cs=1]
                LayoutText {#text} at (2,2) size 61x19
                  text run at (2,2) width 61: "green cell"
              LayoutNGTableCell {TD} at (69,2) size 24x24 [border: (1px inset #808080)] [r=0 c=1 rs=1 cs=1]
                LayoutText {#text} at (2,2) size 20x19
                  text run at (2,2) width 20: "1.2"
              LayoutNGTableCell {TD} at (95,2) size 24x24 [border: (1px inset #808080)] [r=0 c=2 rs=1 cs=1]
                LayoutText {#text} at (2,2) size 20x19
                  text run at (2,2) width 20: "1.3"
              LayoutNGTableCell {TD} at (121,2) size 65x24 [bgcolor=#00FF00] [border: (1px inset #808080)] [r=0 c=3 rs=1 cs=1]
                LayoutText {#text} at (2,2) size 61x19
                  text run at (2,2) width 61: "green cell"
              LayoutNGTableCell {TD} at (188,2) size 24x24 [border: (1px inset #808080)] [r=0 c=4 rs=1 cs=1]
                LayoutText {#text} at (2,2) size 20x19
                  text run at (2,2) width 20: "1.5"
              LayoutNGTableCell {TD} at (214,2) size 24x24 [border: (1px inset #808080)] [r=0 c=5 rs=1 cs=1]
                LayoutText {#text} at (2,2) size 20x19
                  text run at (2,2) width 20: "1.6"
              LayoutNGTableCell {TD} at (240,2) size 65x24 [bgcolor=#00FF00] [border: (1px inset #808080)] [r=0 c=6 rs=1 cs=1]
                LayoutText {#text} at (2,2) size 61x19
                  text run at (2,2) width 61: "green cell"
              LayoutNGTableCell {TD} at (307,2) size 24x24 [border: (1px inset #808080)] [r=0 c=7 rs=1 cs=1]
                LayoutText {#text} at (2,2) size 20x19
                  text run at (2,2) width 20: "1.8"
            LayoutTableRow {TR} at (0,28) size 333x24
              LayoutNGTableCell {TD} at (2,28) size 65x24 [bgcolor=#00FF00] [border: (1px inset #808080)] [r=1 c=0 rs=1 cs=1]
                LayoutText {#text} at (2,2) size 61x19
                  text run at (2,2) width 61: "green cell"
              LayoutNGTableCell {TD} at (69,28) size 24x24 [border: (1px inset #808080)] [r=1 c=1 rs=1 cs=1]
                LayoutText {#text} at (2,2) size 20x19
                  text run at (2,2) width 20: "2.2"
              LayoutNGTableCell {TD} at (95,28) size 24x24 [border: (1px inset #808080)] [r=1 c=2 rs=1 cs=1]
                LayoutText {#text} at (2,2) size 20x19
                  text run at (2,2) width 20: "2.3"
              LayoutNGTableCell {TD} at (121,28) size 65x24 [bgcolor=#00FF00] [border: (1px inset #808080)] [r=1 c=3 rs=1 cs=1]
                LayoutText {#text} at (2,2) size 61x19
                  text run at (2,2) width 61: "green cell"
              LayoutNGTableCell {TD} at (188,28) size 24x24 [border: (1px inset #808080)] [r=1 c=4 rs=1 cs=1]
                LayoutText {#text} at (2,2) size 20x19
                  text run at (2,2) width 20: "2.5"
              LayoutNGTableCell {TD} at (214,28) size 24x24 [border: (1px inset #808080)] [r=1 c=5 rs=1 cs=1]
                LayoutText {#text} at (2,2) size 20x19
                  text run at (2,2) width 20: "2.6"
              LayoutNGTableCell {TD} at (240,28) size 65x24 [bgcolor=#00FF00] [border: (1px inset #808080)] [r=1 c=6 rs=1 cs=1]
                LayoutText {#text} at (2,2) size 61x19
                  text run at (2,2) width 61: "green cell"
              LayoutNGTableCell {TD} at (307,28) size 24x24 [border: (1px inset #808080)] [r=1 c=7 rs=1 cs=1]
                LayoutText {#text} at (2,2) size 20x19
                  text run at (2,2) width 20: "2.8"
            LayoutTableRow {TR} at (0,54) size 333x24
              LayoutNGTableCell {TD} at (2,54) size 65x24 [bgcolor=#00FF00] [border: (1px inset #808080)] [r=2 c=0 rs=1 cs=1]
                LayoutText {#text} at (2,2) size 61x19
                  text run at (2,2) width 61: "green cell"
              LayoutNGTableCell {TD} at (69,54) size 24x24 [border: (1px inset #808080)] [r=2 c=1 rs=1 cs=1]
                LayoutText {#text} at (2,2) size 20x19
                  text run at (2,2) width 20: "3.2"
              LayoutNGTableCell {TD} at (95,54) size 24x24 [border: (1px inset #808080)] [r=2 c=2 rs=1 cs=1]
                LayoutText {#text} at (2,2) size 20x19
                  text run at (2,2) width 20: "3.3"
              LayoutNGTableCell {TD} at (121,54) size 65x24 [bgcolor=#00FF00] [border: (1px inset #808080)] [r=2 c=3 rs=1 cs=1]
                LayoutText {#text} at (2,2) size 61x19
                  text run at (2,2) width 61: "green cell"
              LayoutNGTableCell {TD} at (188,54) size 24x24 [border: (1px inset #808080)] [r=2 c=4 rs=1 cs=1]
                LayoutText {#text} at (2,2) size 20x19
                  text run at (2,2) width 20: "3.5"
              LayoutNGTableCell {TD} at (214,54) size 24x24 [border: (1px inset #808080)] [r=2 c=5 rs=1 cs=1]
                LayoutText {#text} at (2,2) size 20x19
                  text run at (2,2) width 20: "3.6"
              LayoutNGTableCell {TD} at (240,54) size 65x24 [bgcolor=#00FF00] [border: (1px inset #808080)] [r=2 c=6 rs=1 cs=1]
                LayoutText {#text} at (2,2) size 61x19
                  text run at (2,2) width 61: "green cell"
              LayoutNGTableCell {TD} at (307,54) size 24x24 [border: (1px inset #808080)] [r=2 c=7 rs=1 cs=1]
                LayoutText {#text} at (2,2) size 20x19
                  text run at (2,2) width 20: "3.8"
