layer at (0,0) size 800x600
  LayoutView at (0,0) size 800x600
layer at (0,0) size 800x80
  LayoutNGBlockFlow {HTML} at (0,0) size 800x80
    LayoutNGBlockFlow {BODY} at (8,16) size 784x56
      LayoutNGBlockFlow {P} at (0,0) size 784x20 [bgcolor=#00FF00]
        LayoutText {#text} at (0,0) size 484x19
          text run at (0,0) width 484: "This paragraph should have green background because CLASS contains \"b\""
      LayoutNGBlockFlow {ADDRESS} at (0,36) size 784x20 [bgcolor=#00FF00]
        LayoutInline {SPAN} at (0,0) size 156x19
          LayoutText {#text} at (0,0) size 156x19
            text run at (0,0) width 156: "This address should also"
        LayoutText {#text} at (156,0) size 4x19
          text run at (156,0) width 4: " "
        LayoutInline {SPAN} at (0,0) size 598x19
          LayoutText {#text} at (160,0) size 598x19
            text run at (160,0) width 598: "have green background because the selector in the last rule does not apply to the inner SPANs."
        LayoutText {#text} at (0,0) size 0x0
