layer at (0,0) size 800x600
  LayoutView at (0,0) size 800x600
layer at (0,0) size 800x72
  LayoutNGBlockFlow {HTML} at (0,0) size 800x72
    LayoutNGBlockFlow {BODY} at (8,16) size 784x40
      LayoutNGBlockFlow {P} at (0,0) size 784x40
        LayoutText {#text} at (0,0) size 619x19
          text run at (0,0) width 619: "You should see after this paragraph the words GENERATED CONTENT over green background"
        LayoutInline {<pseudo:after>} at (0,0) size 716x39 [bgcolor=#00FF00]
          LayoutTextFragment (anonymous) at (619,0) size 716x39
            text run at (619,0) width 97: "GENERATED"
            text run at (0,20) width 77: "CONTENT"
