layer at (0,0) size 800x600
  LayoutView at (0,0) size 800x600
layer at (0,0) size 800x136
  LayoutNGBlockFlow {HTML} at (0,0) size 800x136
    LayoutNGBlockFlow {BODY} at (8,8) size 784x112
      LayoutNGBlockFlow {DIV} at (0,0) size 784x112
        LayoutNGBlockFlow (anonymous) at (0,0) size 784x20
          LayoutText {#text} at (0,0) size 188x19
            text run at (0,0) width 188: "This div contains 3 addresses:"
        LayoutNGBlockFlow {ADDRESS} at (16,20) size 768x20 [bgcolor=#00FF00]
          LayoutText {#text} at (0,0) size 329x19
            text run at (0,0) width 329: "A first address that should have a green background"
        LayoutNGBlockFlow {ADDRESS} at (16,56) size 768x20
          LayoutText {#text} at (0,0) size 271x19
            text run at (0,0) width 271: "A second address with normal background"
        LayoutNGBlockFlow {ADDRESS} at (16,92) size 768x20
          LayoutText {#text} at (0,0) size 256x19
            text run at (0,0) width 256: "A third address with normal background"
