layer at (0,0) size 800x600
  LayoutView at (0,0) size 800x600
layer at (0,0) size 800x210
  LayoutBlockFlow {HTML} at (0,0) size 800x210
    LayoutBlockFlow {BODY} at (8,8) size 784x194
      LayoutBlockFlow (anonymous) at (0,0) size 784x18
        LayoutInline {DIV} at (0,0) size 528x16 [color=#FFFFFF] [bgcolor=#FF0000]
          LayoutText {#text} at (0,1) size 528x16
            text run at (0,1) width 528: "Ahem_font_required_for_this_test."
        LayoutText {#text} at (0,0) size 0x0
      LayoutBlockFlow {P} at (0,34) size 784x18
        LayoutText {#text} at (0,0) size 647x17
          text run at (0,0) width 647: "There should be three columns below, dark green, light green, and dark green, with no red anywhere."
      LayoutTable {TABLE} at (0,68) size 66x126 [border: (3px solid #000000)]
        LayoutTableSection {TBODY} at (3,3) size 60x120
          LayoutTableRow {TR} at (0,0) size 60x120
            LayoutTableCell {TD} at (0,0) size 60x120 [color=#FF0000] [bgcolor=#FF0000] [r=0 c=0 rs=1 cs=1]
              LayoutBlockFlow {DIV} at (0,0) size 60x0
              LayoutBlockFlow {DIV} at (0,0) size 60x0
                LayoutBlockFlow {DIV} at (0,0) size 60x0
              LayoutBlockFlow {DIV} at (0,0) size 60x0
                LayoutBlockFlow {DIV} at (0,0) size 60x0
              LayoutBlockFlow {DIV} at (0,0) size 60x0
                LayoutBlockFlow {DIV} at (0,0) size 60x0
              LayoutBlockFlow {DIV} at (0,0) size 60x0
                LayoutBlockFlow {DIV} at (0,0) size 60x0
              LayoutBlockFlow {DIV} at (0,0) size 60x0
                LayoutBlockFlow {DIV} at (0,0) size 60x0
              LayoutBlockFlow {DIV} at (0,0) size 60x0
                LayoutBlockFlow {DIV} at (0,0) size 60x0
              LayoutBlockFlow {DIV} at (0,0) size 60x0
                LayoutBlockFlow {DIV} at (0,0) size 60x0
              LayoutBlockFlow {DIV} at (0,0) size 60x20 [color=#008000] [bgcolor=#00FF00]
                LayoutInline {SPAN} at (0,0) size 20x20
                  LayoutText {#text} at (0,0) size 20x20
                    text run at (0,0) width 20: "X"
                LayoutText {#text} at (20,0) size 20x20
                  text run at (20,0) width 20: " "
                LayoutInline {SPAN} at (0,0) size 20x20
                  LayoutText {#text} at (40,0) size 20x20
                    text run at (40,0) width 20: "X"
              LayoutBlockFlow {DIV} at (0,20) size 60x20 [color=#008000] [bgcolor=#00FF00]
                LayoutInline {SPAN} at (0,0) size 20x20
                  LayoutText {#text} at (0,0) size 20x20
                    text run at (0,0) width 20: "X"
                LayoutText {#text} at (20,0) size 20x20
                  text run at (20,0) width 20: " "
                LayoutInline {SPAN} at (0,0) size 20x20
                  LayoutText {#text} at (40,0) size 20x20
                    text run at (40,0) width 20: "X"
              LayoutBlockFlow {DIV} at (0,40) size 60x20 [color=#008000] [bgcolor=#00FF00]
                LayoutInline {SPAN} at (0,0) size 20x20
                  LayoutText {#text} at (0,0) size 20x20
                    text run at (0,0) width 20: "X"
                LayoutText {#text} at (20,0) size 20x20
                  text run at (20,0) width 20: " "
                LayoutInline {SPAN} at (0,0) size 20x20
                  LayoutText {#text} at (40,0) size 20x20
                    text run at (40,0) width 20: "X"
                LayoutText {#text} at (0,0) size 0x0
              LayoutBlockFlow {DIV} at (0,60) size 60x20 [color=#008000] [bgcolor=#00FF00]
                LayoutBlockFlow {DIV} at (0,0) size 60x0
                LayoutBlockFlow (anonymous) at (0,0) size 60x20
                  LayoutInline {SPAN} at (0,0) size 20x20
                    LayoutText {#text} at (0,0) size 20x20
                      text run at (0,0) width 20: "X"
                  LayoutText {#text} at (20,0) size 20x20
                    text run at (20,0) width 20: " "
                  LayoutInline {SPAN} at (0,0) size 20x20
                    LayoutText {#text} at (40,0) size 20x20
                      text run at (40,0) width 20: "X"
                  LayoutText {#text} at (0,0) size 0x0
              LayoutBlockFlow {DIV} at (0,80) size 60x20 [color=#008000] [bgcolor=#00FF00]
                LayoutBlockFlow (anonymous) at (0,0) size 60x20
                  LayoutInline {SPAN} at (0,0) size 20x20
                    LayoutText {#text} at (0,0) size 20x20
                      text run at (0,0) width 20: "X"
                  LayoutText {#text} at (20,0) size 20x20
                    text run at (20,0) width 20: " "
                  LayoutInline {SPAN} at (0,0) size 20x20
                    LayoutText {#text} at (40,0) size 20x20
                      text run at (40,0) width 20: "X"
                  LayoutText {#text} at (0,0) size 0x0
                LayoutBlockFlow {DIV} at (0,20) size 60x0
              LayoutBlockFlow {DIV} at (0,100) size 60x20 [color=#008000] [bgcolor=#00FF00]
                LayoutText {#text} at (0,0) size 60x20
                  text run at (0,0) width 60: "X X"
