layer at (0,0) size 800x600
  LayoutView at (0,0) size 800x600
layer at (0,0) size 800x200
  LayoutBlockFlow {HTML} at (0,0) size 800x200
    LayoutBlockFlow {BODY} at (8,8) size 784x172
      LayoutBlockFlow (anonymous) at (0,0) size 784x18
        LayoutInline {DIV} at (0,0) size 528x16 [color=#FFFFFF] [bgcolor=#FF0000]
          LayoutText {#text} at (16,1) size 528x16
            text run at (16,1) width 528: "Ahem_font_required_for_this_test."
        LayoutText {#text} at (0,0) size 0x0
      LayoutBlockFlow {P} at (0,34) size 784x18
        LayoutText {#text} at (0,0) size 503x17
          text run at (0,0) width 503: "There should be no red below, only three identical striped green and lime bars."
      LayoutBlockFlow {DIV} at (20,72) size 744x20
        LayoutInline {SPAN} at (0,0) size 220x20 [color=#800000] [bgcolor=#FF0000]
          LayoutText {#text} at (0,0) size 0x0
          LayoutInline {SPAN} at (0,0) size 220x20 [color=#008000] [bgcolor=#00FF00]
            LayoutText {#text} at (0,0) size 40x20
              text run at (0,0) width 40: "X "
            LayoutInline {SPAN} at (0,0) size 0x0 [color=#800000] [bgcolor=#FF0000]
              LayoutInline {SPAN} at (0,0) size 0x0
                LayoutText {#text} at (0,0) size 0x0
                LayoutInline {SPAN} at (0,0) size 0x0
                  LayoutText {#text} at (0,0) size 0x0
              LayoutText {#text} at (0,0) size 0x0
            LayoutText {#text} at (40,0) size 40x20
              text run at (40,0) width 40: "X "
            LayoutInline {SPAN} at (0,0) size 0x0 [color=#800000] [bgcolor=#FF0000]
              LayoutText {#text} at (0,0) size 0x0
            LayoutText {#text} at (80,0) size 20x20
              text run at (80,0) width 20: "X"
            LayoutInline {SPAN} at (0,0) size 20x20 [color=#800000] [bgcolor=#FF0000]
              LayoutInline {SPAN} at (0,0) size 20x20
                LayoutInline {SPAN} at (0,0) size 20x20 [color=#008000] [bgcolor=#00FF00]
                  LayoutText {#text} at (100,0) size 20x20
                    text run at (100,0) width 20: " "
                LayoutInline {SPAN} at (0,0) size 0x0
                  LayoutText {#text} at (0,0) size 0x0
              LayoutText {#text} at (0,0) size 0x0
            LayoutText {#text} at (120,0) size 40x20
              text run at (120,0) width 40: "X "
            LayoutInline {SPAN} at (0,0) size 0x0 [color=#800000] [bgcolor=#FF0000]
              LayoutText {#text} at (0,0) size 0x0
            LayoutText {#text} at (0,0) size 0x0
            LayoutInline {SPAN} at (0,0) size 60x20
              LayoutText {#text} at (160,0) size 20x20
                text run at (160,0) width 20: "X"
              LayoutInline {SPAN} at (0,0) size 20x20
                LayoutText {#text} at (180,0) size 20x20
                  text run at (180,0) width 20: " "
                LayoutInline {SPAN} at (0,0) size 0x0 [color=#800000] [bgcolor=#FF0000]
                  LayoutText {#text} at (0,0) size 0x0
              LayoutInline {SPAN} at (0,0) size 0x0 [color=#800000] [bgcolor=#FF0000]
                LayoutText {#text} at (0,0) size 0x0
              LayoutText {#text} at (200,0) size 20x20
                text run at (200,0) width 20: "X"
              LayoutInline {SPAN} at (0,0) size 0x20 [color=#800000] [bgcolor=#FF0000]
                LayoutText {#text} at (0,0) size 0x0
      LayoutBlockFlow {DIV} at (20,112) size 744x20
        LayoutInline {SPAN} at (0,0) size 220x20 [color=#800000] [bgcolor=#FF0000]
          LayoutText {#text} at (0,0) size 0x0
          LayoutInline {SPAN} at (0,0) size 220x20 [color=#008000] [bgcolor=#00FF00]
            LayoutText {#text} at (0,0) size 40x20
              text run at (0,0) width 40: "X "
            LayoutInline {SPAN} at (0,0) size 0x0 [color=#800000] [bgcolor=#FF0000]
              LayoutInline {SPAN} at (0,0) size 0x0
                LayoutText {#text} at (0,0) size 0x0
                LayoutInline {SPAN} at (0,0) size 0x0
                  LayoutText {#text} at (0,0) size 0x0
              LayoutText {#text} at (0,0) size 0x0
            LayoutText {#text} at (40,0) size 40x20
              text run at (40,0) width 40: "X "
            LayoutInline {SPAN} at (0,0) size 0x0 [color=#800000] [bgcolor=#FF0000]
              LayoutText {#text} at (0,0) size 0x0
            LayoutText {#text} at (80,0) size 20x20
              text run at (80,0) width 20: "X"
            LayoutInline {SPAN} at (0,0) size 20x20 [color=#800000] [bgcolor=#FF0000]
              LayoutInline {SPAN} at (0,0) size 20x20
                LayoutInline {SPAN} at (0,0) size 20x20 [color=#008000] [bgcolor=#00FF00]
                  LayoutText {#text} at (100,0) size 20x20
                    text run at (100,0) width 20: " "
                LayoutInline {SPAN} at (0,0) size 0x0
                  LayoutText {#text} at (0,0) size 0x0
              LayoutText {#text} at (0,0) size 0x0
            LayoutText {#text} at (120,0) size 40x20
              text run at (120,0) width 40: "X "
            LayoutInline {SPAN} at (0,0) size 0x0 [color=#800000] [bgcolor=#FF0000]
              LayoutText {#text} at (0,0) size 0x0
            LayoutText {#text} at (0,0) size 0x0
            LayoutInline {SPAN} at (0,0) size 60x20
              LayoutText {#text} at (160,0) size 20x20
                text run at (160,0) width 20: "X"
              LayoutInline {SPAN} at (0,0) size 20x20
                LayoutText {#text} at (180,0) size 20x20
                  text run at (180,0) width 20: " "
                LayoutInline {SPAN} at (0,0) size 0x0 [color=#800000] [bgcolor=#FF0000]
                  LayoutText {#text} at (0,0) size 0x0
              LayoutInline {SPAN} at (0,0) size 0x0 [color=#800000] [bgcolor=#FF0000]
                LayoutText {#text} at (0,0) size 0x0
              LayoutText {#text} at (200,0) size 20x20
                text run at (200,0) width 20: "X"
              LayoutInline {SPAN} at (0,0) size 0x20 [color=#800000] [bgcolor=#FF0000]
                LayoutText {#text} at (0,0) size 0x0
      LayoutBlockFlow {DIV} at (20,152) size 744x20
        LayoutInline {SPAN} at (0,0) size 220x20 [color=#008000] [bgcolor=#00FF00]
          LayoutText {#text} at (0,0) size 220x20
            text run at (0,0) width 220: "X X X X X X"
