layer at (0,0) size 800x600
  LayoutView at (0,0) size 800x600
layer at (0,0) size 800x212
  LayoutBlockFlow {HTML} at (0,0) size 800x212
    LayoutBlockFlow {BODY} at (8,8) size 784x196
      LayoutBlockFlow (anonymous) at (0,0) size 784x18
        LayoutInline {DIV} at (0,0) size 528x16 [color=#FFFFFF] [bgcolor=#FF0000]
          LayoutText {#text} at (0,1) size 528x16
            text run at (0,1) width 528: "Ahem_font_required_for_this_test."
        LayoutText {#text} at (0,0) size 0x0
      LayoutBlockFlow {P} at (0,34) size 784x18
        LayoutText {#text} at (0,0) size 599x17
          text run at (0,0) width 599: "There should be a pretty green and lime pattern and the word \"PASS\" in lime on white below."
      LayoutBlockFlow {DIV} at (0,68) size 304x128 [color=#00FF00] [bgcolor=#008000]
        LayoutText {#text} at (0,0) size 304x32
          text run at (0,0) width 0: " "
          text run at (0,16) width 304: "1234567890123456789"
        LayoutInline {SPAN} at (0,0) size 304x32
          LayoutText {#text} at (0,32) size 32x16
            text run at (0,32) width 32: "x "
          LayoutInline {SPAN} at (0,0) size 112x16
            LayoutText {#text} at (32,32) size 32x16
              text run at (32,32) width 32: "x "
            LayoutInline {SPAN} at (0,0) size 0x0
            LayoutText {#text} at (64,32) size 16x16
              text run at (64,32) width 16: "x"
            LayoutInline {SPAN} at (0,0) size 16x16
              LayoutText {#text} at (80,32) size 16x16
                text run at (80,32) width 16: " "
            LayoutText {#text} at (96,32) size 48x16
              text run at (96,32) width 48: "x x"
          LayoutText {#text} at (144,32) size 48x16
            text run at (144,32) width 48: " x "
          LayoutInline {SPAN} at (0,0) size 64x16
            LayoutText {#text} at (192,32) size 64x16
              text run at (192,32) width 64: "x x "
          LayoutText {#text} at (256,32) size 32x16
            text run at (256,32) width 32: "x "
          LayoutInline {SPAN} at (0,0) size 16x16
            LayoutText {#text} at (288,32) size 16x16
              text run at (288,32) width 16: "x"
          LayoutText {#text} at (0,48) size 64x16
            text run at (0,48) width 64: "1234"
        LayoutText {#text} at (64,48) size 448x16
          text run at (64,48) width 448: "567890123456789 xxxx xxxx xx"
        LayoutInline {SPAN} at (0,0) size 112x16
          LayoutText {#text} at (512,48) size 16x16
            text run at (512,48) width 16: "x"
          LayoutInline {SPAN} at (0,0) size 96x16
            LayoutText {#text} at (528,48) size 96x16
              text run at (528,48) width 96: "x xxxx"
          LayoutText {#text} at (0,0) size 0x0
        LayoutText {#text} at (0,64) size 16x16
          text run at (0,64) width 16: "x"
        LayoutInline {SPAN} at (0,0) size 112x16
          LayoutText {#text} at (16,64) size 16x16
            text run at (16,64) width 16: " "
          LayoutInline {SPAN} at (0,0) size 16x16
            LayoutText {#text} at (32,64) size 16x16
              text run at (32,64) width 16: " "
          LayoutText {#text} at (48,64) size 16x16
            text run at (48,64) width 16: " "
          LayoutInline {SPAN} at (0,0) size 16x16
            LayoutText {#text} at (64,64) size 16x16
              text run at (64,64) width 16: " "
          LayoutText {#text} at (80,64) size 16x16
            text run at (80,64) width 16: " "
          LayoutInline {SPAN} at (0,0) size 16x16
            LayoutText {#text} at (96,64) size 16x16
              text run at (96,64) width 16: " "
          LayoutText {#text} at (112,64) size 16x16
            text run at (112,64) width 16: " "
          LayoutInline {SPAN} at (0,0) size 0x0
            LayoutText {#text} at (0,0) size 0x0
          LayoutText {#text} at (0,0) size 0x0
        LayoutText {#text} at (128,64) size 32x16
          text run at (128,64) width 32: "  "
        LayoutInline {SPAN} at (0,0) size 16x16
          LayoutText {#text} at (160,64) size 16x16
            text run at (160,64) width 16: " "
        LayoutInline {SPAN} at (0,0) size 16x16
          LayoutText {#text} at (176,64) size 16x16
            text run at (176,64) width 16: " "
        LayoutText {#text} at (192,64) size 48x16
          text run at (192,64) width 48: "   "
        LayoutInline {SPAN} at (0,0) size 16x16
          LayoutText {#text} at (240,64) size 16x16
            text run at (240,64) width 16: " "
        LayoutInline {SPAN} at (0,0) size 0x0
          LayoutText {#text} at (0,0) size 0x0
        LayoutText {#text} at (256,64) size 384x16
          text run at (256,64) width 384: "  x x  x x  x x    x    "
          text run at (640,64) width 0: " "
        LayoutInline {SPAN} at (0,0) size 640x16
          LayoutText {#text} at (0,80) size 640x16
            text run at (0,80) width 640: "x x x x x x x x x x xxxx xxxx xxxx xxxx "
        LayoutText {#text} at (640,80) size 640x32
          text run at (640,80) width 0: " "
          text run at (0,96) width 624: "x                 x x    x  x    x    x"
        LayoutInline {SPAN} at (0,0) size 640x16
          LayoutText {#text} at (0,112) size 304x16
            text run at (0,112) width 304: "xxxxxxxxxxxxxxxxxxx"
          LayoutInline {SPAN} at (0,0) size 336x16
            LayoutText {#text} at (304,112) size 336x16
              text run at (304,112) width 336: " x    x  x xxxx xxxx "
        LayoutText {#text} at (640,112) size 0x16
          text run at (640,112) width 0: " "
