layer at (0,0) size 800x600
  LayoutView at (0,0) size 800x600
layer at (0,0) size 800x600
  LayoutBlockFlow {HTML} at (0,0) size 800x600
    LayoutBlockFlow {BODY} at (8,8) size 784x584
      LayoutBlockFlow {DIV} at (0,0) size 200x118
        LayoutBlockFlow (floating) {DIV} at (0,0) size 100x100 [bgcolor=#ADD8E6]
        LayoutInline {SPAN} at (0,0) size 271x17
          LayoutText {#text} at (0,100) size 271x17
            text run at (0,100) width 271: "This text should be below the blue square."
        LayoutText {#text} at (0,0) size 0x0
