layer at (0,0) size 800x600
  LayoutView at (0,0) size 800x600
layer at (0,0) size 800x600
  LayoutBlockFlow {HTML} at (0,0) size 800x600
    LayoutBlockFlow {BODY} at (8,8) size 784x584
      LayoutBlockFlow {P} at (0,0) size 784x36
        LayoutText {#text} at (0,0) size 54x17
          text run at (0,0) width 54: "Test for "
        LayoutInline {I} at (0,0) size 762x35
          LayoutInline {A} at (0,0) size 305x17 [color=#0000EE]
            LayoutText {#text} at (53,0) size 305x17
              text run at (53,0) width 305: "http://bugs.webkit.org/show_bug.cgi?id=13072"
          LayoutText {#text} at (357,0) size 762x35
            text run at (357,0) width 5: " "
            text run at (361,0) width 401: "REGRESSION (r15617): white-space: pre-wrap breaks off the"
            text run at (0,18) width 189: "last character of a wide word"
        LayoutText {#text} at (188,18) size 5x17
          text run at (188,18) width 5: "."
      LayoutBlockFlow {P} at (0,52) size 784x18
        LayoutText {#text} at (0,0) size 231x17
          text run at (0,0) width 231: "The following line should not wrap."
      LayoutBlockFlow {DIV} at (0,86) size 150x18 [bgcolor=#D3D3D3]
        LayoutText {#text} at (0,0) size 192x17
          text run at (0,0) width 192: "abcdefghijklmnopqrstuvwxyz"
