layer at (0,0) size 800x600
  LayoutView at (0,0) size 800x600
layer at (0,0) size 800x418
  LayoutBlockFlow {HTML} at (0,0) size 800x418
    LayoutBlockFlow {BODY} at (8,8) size 646x402 [border: (3px solid #FF0000)]
      LayoutBlockFlow {P} at (3,19) size 640x18 [color=#0000FF]
        LayoutText {#text} at (0,0) size 364x17
          text run at (0,0) width 364: "-- Following text and list are whitespace:NORMAL only"
      LayoutBlockFlow {P} at (3,53) size 640x36
        LayoutText {#text} at (0,0) size 248x17
          text run at (0,0) width 248: "0123456789012345678901234567890"
        LayoutBR {BR} at (248,0) size 0x17
        LayoutText {#text} at (0,18) size 78x17
          text run at (0,18) width 78: "X\x{9}XX\x{9}XXX"
      LayoutBlockFlow {OL} at (3,105) size 640x54
        LayoutListItem {LI} at (40,0) size 600x18
          LayoutListMarker (anonymous) at (-16,0) size 16x17: "1"
          LayoutText {#text} at (0,0) size 23x17
            text run at (0,0) width 23: "a\x{9}X"
        LayoutListItem {LI} at (40,18) size 600x18
          LayoutListMarker (anonymous) at (-16,0) size 16x17: "2"
          LayoutText {#text} at (0,0) size 32x17
            text run at (0,0) width 32: "bb\x{9}X"
        LayoutListItem {LI} at (40,36) size 600x18
          LayoutListMarker (anonymous) at (-16,0) size 16x17: "3"
          LayoutText {#text} at (0,0) size 37x17
            text run at (0,0) width 37: "ccc\x{9}X"
      LayoutBlockFlow {P} at (3,175) size 640x18 [color=#0000FF]
        LayoutText {#text} at (0,0) size 324x17
          text run at (0,0) width 324: "-- Following text and list are whitespace:PRE only"
      LayoutBlockFlow {OL} at (3,209) size 640x54
        LayoutListItem {LI} at (40,0) size 600x18
          LayoutListMarker (anonymous) at (-16,0) size 16x17: "1"
          LayoutText {#text} at (0,0) size 76x17
            text run at (0,0) width 76: "a\x{9}\x{9}X"
        LayoutListItem {LI} at (40,18) size 600x18
          LayoutListMarker (anonymous) at (-16,0) size 16x17: "2"
          LayoutText {#text} at (0,0) size 44x17
            text run at (0,0) width 44: "bb\x{9}X"
        LayoutListItem {LI} at (40,36) size 600x18
          LayoutListMarker (anonymous) at (-16,0) size 16x17: "3"
          LayoutText {#text} at (0,0) size 44x17
            text run at (0,0) width 44: "ccc\x{9}X"
      LayoutBlockFlow {P} at (3,279) size 640x36
        LayoutText {#text} at (0,0) size 408x17
          text run at (0,0) width 408: "012345678901234567890123456789012345678901234567890"
        LayoutBR {BR} at (408,0) size 0x17
        LayoutText {#text} at (0,18) size 378x17
          text run at (0,18) width 378: "X\x{9}\x{9}XX\x{9}\x{9}XXX\x{9}\x{9}XXXX\x{9}\x{9}XXXXX"
      LayoutBlockFlow {P} at (3,331) size 640x18 [color=#0000FF]
        LayoutText {#text} at (0,0) size 436x17
          text run at (0,0) width 436: "-- Following text mixes whitespace:NORMAL and whitespace:PRE"
      LayoutBlockFlow {P} at (3,365) size 640x18
        LayoutText {#text} at (0,0) size 428x17
          text run at (0,0) width 428: "AAAA BBBB CCCC DDDD EEEE FFFF GGGG HHHH IIII JJJJ"
        LayoutInline {SPAN} at (0,0) size 117x17
          LayoutText {#text} at (427,0) size 117x17
            text run at (427,0) width 117: "\x{9}\x{9}\x{9}\x{9}"
        LayoutText {#text} at (544,0) size 47x17
          text run at (544,0) width 47: "KKKK"
