layer at (0,0) size 800x600
  LayoutView at (0,0) size 800x600
layer at (0,0) size 800x600
  LayoutBlockFlow {HTML} at (0,0) size 800x600
    LayoutBlockFlow {BODY} at (8,8) size 784x584
      LayoutMenuList {SELECT} at (0,0) size 51x20 [bgcolor=#FFFFFF] [border: (1px solid #A9A9A9)]
        LayoutBlockFlow (anonymous) at (1,1) size 49x18
          LayoutText (anonymous) at (4,1) size 29x16
            text run at (4,1) width 29: "Hello"
      LayoutBlockFlow (anonymous) at (0,20) size 784x20
        LayoutText {#text} at (0,0) size 278x19
          text run at (0,0) width 278: "This text should be *below* the select widget."
