layer at (0,0) size 800x600
  LayoutView at (0,0) size 800x600
layer at (0,0) size 800x600
  LayoutBlockFlow {HTML} at (0,0) size 800x600
    LayoutBlockFlow {BODY} at (8,8) size 784x584
      LayoutText {#text} at (0,0) size 479x19
        text run at (0,0) width 479: "This tests that the whole listbox control is hidden when visibility is set to hidden. "
      LayoutBR {BR} at (479,15) size 0x0
      LayoutText {#text} at (0,0) size 0x0
hidden layer at (8,28) size 192x70 clip at (9,29) size 175x68
  LayoutListBox {SELECT} at (0,20) size 192x70 [bgcolor=#FFFFFF] [border: (1px solid #A9A9A9)]
    LayoutBlockFlow {OPTION} at (1,1) size 175x17
      LayoutText {#text} at (2,0) size 171x16
        text run at (2,0) width 171: "This text should not be visible"
