layer at (0,0) size 800x600
  LayoutView at (0,0) size 800x600
layer at (0,0) size 800x600
  LayoutBlockFlow {HTML} at (0,0) size 800x600
    LayoutBlockFlow {BODY} at (8,8) size 784x584
      LayoutText {#text} at (0,0) size 565x19
        text run at (0,0) width 565: "The label attribute appears, but is missing the equals value piece, so the containing text is used."
      LayoutBR {BR} at (565,15) size 0x0
      LayoutMenuList {SELECT} at (0,20) size 482x20 [bgcolor=#FFFFFF] [border: (1px solid #A9A9A9)]
        LayoutBlockFlow (anonymous) at (1,1) size 480x18
          LayoutText (anonymous) at (4,1) size 460x16
            text run at (4,1) width 460: "the label attribute is mentioned but no value is specified; this text should appear"
      LayoutText {#text} at (0,0) size 0x0
