layer at (0,0) size 800x600
  LayoutView at (0,0) size 800x600
layer at (0,0) size 800x472
  LayoutBlockFlow {HTML} at (0,0) size 800x472
    LayoutBlockFlow {BODY} at (8,8) size 784x456
      LayoutBlockFlow (anonymous) at (0,0) size 784x40
        LayoutText {#text} at (0,0) size 556x19
          text run at (0,0) width 556: "This test verifies the visual alignment of items in a select element while changing text direction."
        LayoutBR {BR} at (556,0) size 0x19
        LayoutText {#text} at (0,20) size 398x19
          text run at (0,20) width 398: "All the items in the following select elements should be left-aligned."
      LayoutTable {TABLE} at (0,40) size 694x118
        LayoutTableSection {TBODY} at (0,0) size 694x118
          LayoutTableRow {TR} at (0,2) size 694x56
            LayoutTableCell {TD} at (2,2) size 168x56 [r=0 c=0 rs=1 cs=1]
            LayoutTableCell {TD} at (172,2) size 174x56 [r=0 c=1 rs=1 cs=1]
            LayoutTableCell {TD} at (348,2) size 168x56 [r=0 c=2 rs=1 cs=1]
            LayoutTableCell {TD} at (518,2) size 174x56 [r=0 c=3 rs=1 cs=1]
          LayoutTableRow {TR} at (0,60) size 694x56
            LayoutTableCell {TD} at (2,60) size 168x56 [r=1 c=0 rs=1 cs=1]
            LayoutTableCell {TD} at (172,60) size 174x56 [r=1 c=1 rs=1 cs=1]
      LayoutBlockFlow (anonymous) at (0,158) size 784x20
        LayoutText {#text} at (0,0) size 406x19
          text run at (0,0) width 406: "All the items in the following select elements should be right-aligned."
      LayoutTable {TABLE} at (0,178) size 684x118
        LayoutTableSection {TBODY} at (0,0) size 684x118
          LayoutTableRow {TR} at (0,2) size 684x56
            LayoutTableCell {TD} at (2,2) size 176x56 [r=0 c=0 rs=1 cs=1]
            LayoutTableCell {TD} at (180,2) size 161x56 [r=0 c=1 rs=1 cs=1]
            LayoutTableCell {TD} at (343,2) size 176x56 [r=0 c=2 rs=1 cs=1]
            LayoutTableCell {TD} at (521,2) size 161x56 [r=0 c=3 rs=1 cs=1]
          LayoutTableRow {TR} at (0,60) size 684x56
            LayoutTableCell {TD} at (2,60) size 176x56 [r=1 c=0 rs=1 cs=1]
            LayoutTableCell {TD} at (180,60) size 161x56 [r=1 c=1 rs=1 cs=1]
      LayoutBlockFlow (anonymous) at (0,296) size 784x20
        LayoutText {#text} at (0,0) size 417x19
          text run at (0,0) width 417: "All the items in the following select elements should be center-aligned."
      LayoutTable {TABLE} at (0,316) size 728x60
        LayoutTableSection {TBODY} at (0,0) size 728x60
          LayoutTableRow {TR} at (0,2) size 728x56
            LayoutTableCell {TD} at (2,2) size 187x56 [r=0 c=0 rs=1 cs=1]
            LayoutTableCell {TD} at (191,2) size 172x56 [r=0 c=1 rs=1 cs=1]
            LayoutTableCell {TD} at (365,2) size 187x56 [r=0 c=2 rs=1 cs=1]
            LayoutTableCell {TD} at (554,2) size 172x56 [r=0 c=3 rs=1 cs=1]
      LayoutBlockFlow (anonymous) at (0,376) size 784x20
        LayoutText {#text} at (0,0) size 270x19
          text run at (0,0) width 270: "The following tables check mixed alignments."
      LayoutTable {TABLE} at (0,396) size 778x60
        LayoutTableSection {TBODY} at (0,0) size 778x60
          LayoutTableRow {TR} at (0,2) size 778x56
            LayoutTableCell {TD} at (2,2) size 181x56 [r=0 c=0 rs=1 cs=1]
            LayoutTableCell {TD} at (185,2) size 181x56 [r=0 c=1 rs=1 cs=1]
            LayoutTableCell {TD} at (368,2) size 203x56 [r=0 c=2 rs=1 cs=1]
            LayoutTableCell {TD} at (573,2) size 203x56 [r=0 c=3 rs=1 cs=1]
layer at (11,51) size 166x53 clip at (12,52) size 149x51
  LayoutListBox {SELECT} at (1,1) size 166x53 [bgcolor=#FFFFFF] [border: (1px solid #A9A9A9)]
    LayoutBlockFlow {OPTION} at (1,1) size 149x17
      LayoutText {#text} at (2,0) size 129x16
        text run at (2,0) width 129: "This is an English text"
    LayoutBlockFlow {OPTION} at (1,18) size 149x17
      LayoutText {#text} at (2,0) size 145x16
        text run at (2,0) width 145: "It needs to be left aligned"
    LayoutBlockFlow {OPTION} at (1,35) size 149x17
      LayoutText {#text} at (2,0) size 93x16
        text run at (2,0) width 93: "Some more text"
layer at (181,51) size 172x53 clip at (182,52) size 155x51
  LayoutListBox {SELECT} at (1,1) size 172x53 [bgcolor=#FFFFFF] [border: (1px solid #A9A9A9)]
    LayoutBlockFlow {OPTION} at (1,1) size 155x17
      LayoutText {#text} at (2,0) size 90x16
        text run at (2,0) width 90 RTL: "\x{5D6}\x{5D4} \x{5D8}\x{5E7}\x{5E1}\x{5D8} \x{5D1}\x{5E2}\x{5D1}\x{5E8}\x{5D9}\x{5EA}"
    LayoutBlockFlow {OPTION} at (1,18) size 155x17
      LayoutText {#text} at (2,0) size 151x16
        text run at (2,0) width 151 RTL: "\x{5D4}\x{5D5}\x{5D0} \x{5E6}\x{5E8}\x{5D9}\x{5DA} \x{5DC}\x{5D4}\x{5D9}\x{5D5}\x{5EA} \x{5DE}\x{5D9}\x{5D5}\x{5E9}\x{5E8} \x{5DC}\x{5E9}\x{5DE}\x{5D0}\x{5DC}"
    LayoutBlockFlow {OPTION} at (1,35) size 155x17
      LayoutText {#text} at (2,0) size 82x16
        text run at (2,0) width 82 RTL: "\x{5D9}\x{5E9}\x{5E8}\x{5D0}\x{5DC} \x{5DE}\x{5EA}\x{5D9}\x{5D9}\x{5D1}\x{5E9}\x{5EA}"
layer at (357,51) size 166x53 clip at (373,52) size 149x51
  LayoutListBox {SELECT} at (1,1) size 166x53 [bgcolor=#FFFFFF] [border: (1px solid #A9A9A9)]
    LayoutBlockFlow {OPTION} at (16,1) size 149x17
      LayoutText {#text} at (2,0) size 129x16
        text run at (2,0) width 129: "This is an English text"
    LayoutBlockFlow {OPTION} at (16,18) size 149x17
      LayoutText {#text} at (2,0) size 145x16
        text run at (2,0) width 145: "It needs to be left aligned"
    LayoutBlockFlow {OPTION} at (16,35) size 149x17
      LayoutText {#text} at (2,0) size 93x16
        text run at (2,0) width 93: "Some more text"
layer at (527,51) size 172x53 clip at (543,52) size 155x51
  LayoutListBox {SELECT} at (1,1) size 172x53 [bgcolor=#FFFFFF] [border: (1px solid #A9A9A9)]
    LayoutBlockFlow {OPTION} at (16,1) size 155x17
      LayoutText {#text} at (2,0) size 90x16
        text run at (2,0) width 90 RTL: "\x{5D6}\x{5D4} \x{5D8}\x{5E7}\x{5E1}\x{5D8} \x{5D1}\x{5E2}\x{5D1}\x{5E8}\x{5D9}\x{5EA}"
    LayoutBlockFlow {OPTION} at (16,18) size 155x17
      LayoutText {#text} at (2,0) size 151x16
        text run at (2,0) width 151 RTL: "\x{5D4}\x{5D5}\x{5D0} \x{5E6}\x{5E8}\x{5D9}\x{5DA} \x{5DC}\x{5D4}\x{5D9}\x{5D5}\x{5EA} \x{5DE}\x{5D9}\x{5D5}\x{5E9}\x{5E8} \x{5DC}\x{5E9}\x{5DE}\x{5D0}\x{5DC}"
    LayoutBlockFlow {OPTION} at (16,35) size 155x17
      LayoutText {#text} at (2,0) size 82x16
        text run at (2,0) width 82 RTL: "\x{5D9}\x{5E9}\x{5E8}\x{5D0}\x{5DC} \x{5DE}\x{5EA}\x{5D9}\x{5D9}\x{5D1}\x{5E9}\x{5EA}"
layer at (11,109) size 166x53 clip at (12,110) size 149x51
  LayoutListBox {SELECT} at (1,1) size 166x53 [bgcolor=#FFFFFF] [border: (1px solid #A9A9A9)]
    LayoutBlockFlow {OPTION} at (1,1) size 149x17
      LayoutText {#text} at (2,0) size 129x16
        text run at (2,0) width 129: "This is an English text"
    LayoutBlockFlow {OPTION} at (1,18) size 149x17
      LayoutText {#text} at (2,0) size 145x16
        text run at (2,0) width 145: "It needs to be left aligned"
    LayoutBlockFlow {OPTION} at (1,35) size 149x17
      LayoutText {#text} at (2,0) size 93x16
        text run at (2,0) width 93: "Some more text"
layer at (181,109) size 172x53 clip at (182,110) size 155x51
  LayoutListBox {SELECT} at (1,1) size 172x53 [bgcolor=#FFFFFF] [border: (1px solid #A9A9A9)]
    LayoutBlockFlow {OPTION} at (1,1) size 155x17
      LayoutText {#text} at (2,0) size 90x16
        text run at (2,0) width 90 RTL: "\x{5D6}\x{5D4} \x{5D8}\x{5E7}\x{5E1}\x{5D8} \x{5D1}\x{5E2}\x{5D1}\x{5E8}\x{5D9}\x{5EA}"
    LayoutBlockFlow {OPTION} at (1,18) size 155x17
      LayoutText {#text} at (2,0) size 151x16
        text run at (2,0) width 151 RTL: "\x{5D4}\x{5D5}\x{5D0} \x{5E6}\x{5E8}\x{5D9}\x{5DA} \x{5DC}\x{5D4}\x{5D9}\x{5D5}\x{5EA} \x{5DE}\x{5D9}\x{5D5}\x{5E9}\x{5E8} \x{5DC}\x{5E9}\x{5DE}\x{5D0}\x{5DC}"
    LayoutBlockFlow {OPTION} at (1,35) size 155x17
      LayoutText {#text} at (2,0) size 82x16
        text run at (2,0) width 82 RTL: "\x{5D9}\x{5E9}\x{5E8}\x{5D0}\x{5DC} \x{5DE}\x{5EA}\x{5D9}\x{5D9}\x{5D1}\x{5E9}\x{5EA}"
layer at (11,189) size 174x53 clip at (27,190) size 157x51
  LayoutListBox {SELECT} at (1,1) size 174x53 [bgcolor=#FFFFFF] [border: (1px solid #A9A9A9)]
    LayoutBlockFlow {OPTION} at (16,1) size 157x17
      LayoutText {#text} at (26,0) size 129x16
        text run at (26,0) width 129: "This is an English text"
    LayoutBlockFlow {OPTION} at (16,18) size 157x17
      LayoutText {#text} at (2,0) size 153x16
        text run at (2,0) width 153: "It needs to be right aligned"
    LayoutBlockFlow {OPTION} at (16,35) size 157x17
      LayoutText {#text} at (62,0) size 93x16
        text run at (62,0) width 93: "Some more text"
layer at (189,189) size 159x53 clip at (205,190) size 142x51
  LayoutListBox {SELECT} at (1,1) size 159x53 [bgcolor=#FFFFFF] [border: (1px solid #A9A9A9)]
    LayoutBlockFlow {OPTION} at (16,1) size 142x17
      LayoutText {#text} at (50,0) size 90x16
        text run at (50,0) width 90 RTL: "\x{5D6}\x{5D4} \x{5D8}\x{5E7}\x{5E1}\x{5D8} \x{5D1}\x{5E2}\x{5D1}\x{5E8}\x{5D9}\x{5EA}"
    LayoutBlockFlow {OPTION} at (16,18) size 142x17
      LayoutText {#text} at (2,0) size 138x16
        text run at (2,0) width 138 RTL: "\x{5D4}\x{5D5}\x{5D0} \x{5E6}\x{5E8}\x{5D9}\x{5DA} \x{5DC}\x{5D4}\x{5D9}\x{5D5}\x{5EA} \x{5DE}\x{5D9}\x{5D5}\x{5E9}\x{5E8} \x{5DC}\x{5D9}\x{5DE}\x{5D9}\x{5DF}"
    LayoutBlockFlow {OPTION} at (16,35) size 142x17
      LayoutText {#text} at (58,0) size 82x16
        text run at (58,0) width 82 RTL: "\x{5D9}\x{5E9}\x{5E8}\x{5D0}\x{5DC} \x{5DE}\x{5EA}\x{5D9}\x{5D9}\x{5D1}\x{5E9}\x{5EA}"
layer at (352,189) size 174x53 clip at (368,190) size 157x51
  LayoutListBox {SELECT} at (1,1) size 174x53 [bgcolor=#FFFFFF] [border: (1px solid #A9A9A9)]
    LayoutBlockFlow {OPTION} at (16,1) size 157x17
      LayoutText {#text} at (26,0) size 129x16
        text run at (26,0) width 129: "This is an English text"
    LayoutBlockFlow {OPTION} at (16,18) size 157x17
      LayoutText {#text} at (2,0) size 153x16
        text run at (2,0) width 153: "It needs to be right aligned"
    LayoutBlockFlow {OPTION} at (16,35) size 157x17
      LayoutText {#text} at (62,0) size 93x16
        text run at (62,0) width 93: "Some more text"
layer at (530,189) size 159x53 clip at (546,190) size 142x51
  LayoutListBox {SELECT} at (1,1) size 159x53 [bgcolor=#FFFFFF] [border: (1px solid #A9A9A9)]
    LayoutBlockFlow {OPTION} at (16,1) size 142x17
      LayoutText {#text} at (50,0) size 90x16
        text run at (50,0) width 90 RTL: "\x{5D6}\x{5D4} \x{5D8}\x{5E7}\x{5E1}\x{5D8} \x{5D1}\x{5E2}\x{5D1}\x{5E8}\x{5D9}\x{5EA}"
    LayoutBlockFlow {OPTION} at (16,18) size 142x17
      LayoutText {#text} at (2,0) size 138x16
        text run at (2,0) width 138 RTL: "\x{5D4}\x{5D5}\x{5D0} \x{5E6}\x{5E8}\x{5D9}\x{5DA} \x{5DC}\x{5D4}\x{5D9}\x{5D5}\x{5EA} \x{5DE}\x{5D9}\x{5D5}\x{5E9}\x{5E8} \x{5DC}\x{5D9}\x{5DE}\x{5D9}\x{5DF}"
    LayoutBlockFlow {OPTION} at (16,35) size 142x17
      LayoutText {#text} at (58,0) size 82x16
        text run at (58,0) width 82 RTL: "\x{5D9}\x{5E9}\x{5E8}\x{5D0}\x{5DC} \x{5DE}\x{5EA}\x{5D9}\x{5D9}\x{5D1}\x{5E9}\x{5EA}"
layer at (11,247) size 174x53 clip at (12,248) size 157x51
  LayoutListBox {SELECT} at (1,1) size 174x53 [bgcolor=#FFFFFF] [border: (1px solid #A9A9A9)]
    LayoutBlockFlow {OPTION} at (1,1) size 157x17
      LayoutText {#text} at (26,0) size 129x16
        text run at (26,0) width 129: "This is an English text"
    LayoutBlockFlow {OPTION} at (1,18) size 157x17
      LayoutText {#text} at (2,0) size 153x16
        text run at (2,0) width 153: "It needs to be right aligned"
    LayoutBlockFlow {OPTION} at (1,35) size 157x17
      LayoutText {#text} at (62,0) size 93x16
        text run at (62,0) width 93: "Some more text"
layer at (189,247) size 159x53 clip at (190,248) size 142x51
  LayoutListBox {SELECT} at (1,1) size 159x53 [bgcolor=#FFFFFF] [border: (1px solid #A9A9A9)]
    LayoutBlockFlow {OPTION} at (1,1) size 142x17
      LayoutText {#text} at (50,0) size 90x16
        text run at (50,0) width 90 RTL: "\x{5D6}\x{5D4} \x{5D8}\x{5E7}\x{5E1}\x{5D8} \x{5D1}\x{5E2}\x{5D1}\x{5E8}\x{5D9}\x{5EA}"
    LayoutBlockFlow {OPTION} at (1,18) size 142x17
      LayoutText {#text} at (2,0) size 138x16
        text run at (2,0) width 138 RTL: "\x{5D4}\x{5D5}\x{5D0} \x{5E6}\x{5E8}\x{5D9}\x{5DA} \x{5DC}\x{5D4}\x{5D9}\x{5D5}\x{5EA} \x{5DE}\x{5D9}\x{5D5}\x{5E9}\x{5E8} \x{5DC}\x{5D9}\x{5DE}\x{5D9}\x{5DF}"
    LayoutBlockFlow {OPTION} at (1,35) size 142x17
      LayoutText {#text} at (58,0) size 82x16
        text run at (58,0) width 82 RTL: "\x{5D9}\x{5E9}\x{5E8}\x{5D0}\x{5DC} \x{5DE}\x{5EA}\x{5D9}\x{5D9}\x{5D1}\x{5E9}\x{5EA}"
layer at (11,327) size 185x53 clip at (27,328) size 168x51
  LayoutListBox {SELECT} at (1,1) size 185x53 [bgcolor=#FFFFFF] [border: (1px solid #A9A9A9)]
    LayoutBlockFlow {OPTION} at (16,1) size 168x17
      LayoutText {#text} at (19,0) size 130x16
        text run at (19,0) width 130: "This is an English text"
    LayoutBlockFlow {OPTION} at (16,18) size 168x17
      LayoutText {#text} at (2,0) size 164x16
        text run at (2,0) width 164: "It needs to be center aligned"
    LayoutBlockFlow {OPTION} at (16,35) size 168x17
      LayoutText {#text} at (37,0) size 94x16
        text run at (37,0) width 94: "Some more text"
layer at (200,327) size 170x53 clip at (216,328) size 153x51
  LayoutListBox {SELECT} at (1,1) size 170x53 [bgcolor=#FFFFFF] [border: (1px solid #A9A9A9)]
    LayoutBlockFlow {OPTION} at (16,1) size 153x17
      LayoutText {#text} at (31,0) size 91x16
        text run at (31,0) width 91 RTL: "\x{5D6}\x{5D4} \x{5D8}\x{5E7}\x{5E1}\x{5D8} \x{5D1}\x{5E2}\x{5D1}\x{5E8}\x{5D9}\x{5EA}"
    LayoutBlockFlow {OPTION} at (16,18) size 153x17
      LayoutText {#text} at (2,0) size 149x16
        text run at (2,0) width 149 RTL: "\x{5D4}\x{5D5}\x{5D0} \x{5E6}\x{5E8}\x{5D9}\x{5DA} \x{5DC}\x{5D4}\x{5D9}\x{5D5}\x{5EA} \x{5DE}\x{5D9}\x{5D5}\x{5E9}\x{5E8} \x{5DC}\x{5D0}\x{5DE}\x{5E6}\x{5E2}"
    LayoutBlockFlow {OPTION} at (16,35) size 153x17
      LayoutText {#text} at (35,0) size 83x16
        text run at (35,0) width 83 RTL: "\x{5D9}\x{5E9}\x{5E8}\x{5D0}\x{5DC} \x{5DE}\x{5EA}\x{5D9}\x{5D9}\x{5D1}\x{5E9}\x{5EA}"
layer at (374,327) size 185x53 clip at (375,328) size 168x51
  LayoutListBox {SELECT} at (1,1) size 185x53 [bgcolor=#FFFFFF] [border: (1px solid #A9A9A9)]
    LayoutBlockFlow {OPTION} at (1,1) size 168x17
      LayoutText {#text} at (19,0) size 130x16
        text run at (19,0) width 130: "This is an English text"
    LayoutBlockFlow {OPTION} at (1,18) size 168x17
      LayoutText {#text} at (2,0) size 164x16
        text run at (2,0) width 164: "It needs to be center aligned"
    LayoutBlockFlow {OPTION} at (1,35) size 168x17
      LayoutText {#text} at (37,0) size 94x16
        text run at (37,0) width 94: "Some more text"
layer at (563,327) size 170x53 clip at (564,328) size 153x51
  LayoutListBox {SELECT} at (1,1) size 170x53 [bgcolor=#FFFFFF] [border: (1px solid #A9A9A9)]
    LayoutBlockFlow {OPTION} at (1,1) size 153x17
      LayoutText {#text} at (31,0) size 91x16
        text run at (31,0) width 91 RTL: "\x{5D6}\x{5D4} \x{5D8}\x{5E7}\x{5E1}\x{5D8} \x{5D1}\x{5E2}\x{5D1}\x{5E8}\x{5D9}\x{5EA}"
    LayoutBlockFlow {OPTION} at (1,18) size 153x17
      LayoutText {#text} at (2,0) size 149x16
        text run at (2,0) width 149 RTL: "\x{5D4}\x{5D5}\x{5D0} \x{5E6}\x{5E8}\x{5D9}\x{5DA} \x{5DC}\x{5D4}\x{5D9}\x{5D5}\x{5EA} \x{5DE}\x{5D9}\x{5D5}\x{5E9}\x{5E8} \x{5DC}\x{5D0}\x{5DE}\x{5E6}\x{5E2}"
    LayoutBlockFlow {OPTION} at (1,35) size 153x17
      LayoutText {#text} at (35,0) size 83x16
        text run at (35,0) width 83 RTL: "\x{5D9}\x{5E9}\x{5E8}\x{5D0}\x{5DC} \x{5DE}\x{5EA}\x{5D9}\x{5D9}\x{5D1}\x{5E9}\x{5EA}"
layer at (11,407) size 179x53 clip at (27,408) size 162x51
  LayoutListBox {SELECT} at (1,1) size 179x53 [bgcolor=#FFFFFF] [border: (1px solid #A9A9A9)]
    LayoutBlockFlow {OPTION} at (16,1) size 162x17
      LayoutText {#text} at (2,0) size 158x16
        text run at (2,0) width 158: "This should be right aligned"
    LayoutBlockFlow {OPTION} at (16,18) size 162x17
      LayoutText {#text} at (2,0) size 150x16
        text run at (2,0) width 150: "This should be left aligned"
    LayoutBlockFlow {OPTION} at (16,35) size 162x17
      LayoutText {#text} at (39,0) size 84x16
        text run at (39,0) width 84: "Center aligned"
layer at (194,407) size 179x53 clip at (195,408) size 162x51
  LayoutListBox {SELECT} at (1,1) size 179x53 [bgcolor=#FFFFFF] [border: (1px solid #A9A9A9)]
    LayoutBlockFlow {OPTION} at (1,1) size 162x17
      LayoutText {#text} at (2,0) size 150x16
        text run at (2,0) width 150: "This should be left aligned"
    LayoutBlockFlow {OPTION} at (1,18) size 162x17
      LayoutText {#text} at (2,0) size 158x16
        text run at (2,0) width 158: "This should be right aligned"
    LayoutBlockFlow {OPTION} at (1,35) size 162x17
      LayoutText {#text} at (39,0) size 84x16
        text run at (39,0) width 84: "Center aligned"
layer at (377,407) size 201x53 clip at (393,408) size 184x51
  LayoutListBox {SELECT} at (1,1) size 201x53 [bgcolor=#FFFFFF] [border: (1px solid #A9A9A9)]
    LayoutBlockFlow {OPTION} at (16,1) size 184x17
      LayoutText {#text} at (15,0) size 167x16
        text run at (15,0) width 167 RTL: "\x{5D8}\x{5E7}\x{5E1}\x{5D8} \x{5D6}\x{5D4} \x{5E6}\x{5E8}\x{5D9}\x{5DA} \x{5DC}\x{5D4}\x{5D9}\x{5D5}\x{5EA} \x{5DE}\x{5D9}\x{5D5}\x{5E9}\x{5E8} \x{5DC}\x{5D9}\x{5DE}\x{5D9}\x{5DF}"
    LayoutBlockFlow {OPTION} at (16,18) size 184x17
      LayoutText {#text} at (2,0) size 180x16
        text run at (2,0) width 180 RTL: "\x{5D8}\x{5E7}\x{5E1}\x{5D8} \x{5D6}\x{5D4} \x{5E6}\x{5E8}\x{5D9}\x{5DA} \x{5DC}\x{5D4}\x{5D9}\x{5D5}\x{5EA} \x{5DE}\x{5D9}\x{5D5}\x{5E9}\x{5E8} \x{5DC}\x{5E9}\x{5DE}\x{5D0}\x{5DC}"
    LayoutBlockFlow {OPTION} at (16,35) size 184x17
      LayoutText {#text} at (56,0) size 72x16
        text run at (56,0) width 72 RTL: "\x{5D8}\x{5E7}\x{5E1}\x{5D8} \x{5DE}\x{5DE}\x{5D5}\x{5E8}\x{5DB}\x{5D6}"
layer at (582,407) size 201x53 clip at (583,408) size 184x51
  LayoutListBox {SELECT} at (1,1) size 201x53 [bgcolor=#FFFFFF] [border: (1px solid #A9A9A9)]
    LayoutBlockFlow {OPTION} at (1,1) size 184x17
      LayoutText {#text} at (2,0) size 180x16
        text run at (2,0) width 180 RTL: "\x{5D8}\x{5E7}\x{5E1}\x{5D8} \x{5D6}\x{5D4} \x{5E6}\x{5E8}\x{5D9}\x{5DA} \x{5DC}\x{5D4}\x{5D9}\x{5D5}\x{5EA} \x{5DE}\x{5D9}\x{5D5}\x{5E9}\x{5E8} \x{5DC}\x{5E9}\x{5DE}\x{5D0}\x{5DC}"
    LayoutBlockFlow {OPTION} at (1,18) size 184x17
      LayoutText {#text} at (15,0) size 167x16
        text run at (15,0) width 167 RTL: "\x{5D8}\x{5E7}\x{5E1}\x{5D8} \x{5D6}\x{5D4} \x{5E6}\x{5E8}\x{5D9}\x{5DA} \x{5DC}\x{5D4}\x{5D9}\x{5D5}\x{5EA} \x{5DE}\x{5D9}\x{5D5}\x{5E9}\x{5E8} \x{5DC}\x{5D9}\x{5DE}\x{5D9}\x{5DF}"
    LayoutBlockFlow {OPTION} at (1,35) size 184x17
      LayoutText {#text} at (56,0) size 72x16
        text run at (56,0) width 72 RTL: "\x{5D8}\x{5E7}\x{5E1}\x{5D8} \x{5DE}\x{5DE}\x{5D5}\x{5E8}\x{5DB}\x{5D6}"
