layer at (0,0) size 800x600
  LayoutView at (0,0) size 800x600
layer at (0,0) size 800x600
  LayoutBlockFlow {HTML} at (0,0) size 800x600
    LayoutBlockFlow {BODY} at (8,8) size 784x584
      LayoutBlockFlow {P} at (0,0) size 784x40
        LayoutText {#text} at (0,0) size 50x19
          text run at (0,0) width 50: "Test for "
        LayoutInline {I} at (0,0) size 767x39
          LayoutInline {A} at (0,0) size 304x19 [color=#0000EE]
            LayoutText {#text} at (50,0) size 304x19
              text run at (50,0) width 304: "http://bugs.webkit.org/show_bug.cgi?id=13500"
          LayoutText {#text} at (354,0) size 767x39
            text run at (354,0) width 4: " "
            text run at (358,0) width 409: "REGRESSION: Listbox scrollbar does not reflect actual scrolled"
            text run at (0,20) width 325: "position when selected option is added after layout"
        LayoutText {#text} at (325,20) size 4x19
          text run at (325,20) width 4: "."
      LayoutBlockFlow {P} at (0,56) size 784x40
        LayoutText {#text} at (0,0) size 779x39
          text run at (0,0) width 467: "The list box should be scrolled all the way down, showing the selected option "
          text run at (467,0) width 312: "\x{201C}Seven\x{201D}. The scroller should be at the bottom of the"
          text run at (0,20) width 60: "scroll bar "
          text run at (60,20) width 81: "to reflect this."
      LayoutBlockFlow (anonymous) at (0,112) size 784x70
        LayoutText {#text} at (0,0) size 0x0
layer at (8,120) size 56x70 clip at (9,121) size 39x68 scrollY 51.00 scrollHeight 119
  LayoutListBox {SELECT} at (0,0) size 56x70 [bgcolor=#FFFFFF] [border: (1px solid #A9A9A9)]
    LayoutBlockFlow {OPTION} at (1,1) size 39x17
      LayoutText {#text} at (2,0) size 24x16
        text run at (2,0) width 24: "One"
    LayoutBlockFlow {OPTION} at (1,18) size 39x17
      LayoutText {#text} at (2,0) size 22x16
        text run at (2,0) width 22: "Two"
    LayoutBlockFlow {OPTION} at (1,35) size 39x17
      LayoutText {#text} at (2,0) size 32x16
        text run at (2,0) width 32: "Three"
    LayoutBlockFlow {OPTION} at (1,52) size 39x17
      LayoutText {#text} at (2,0) size 26x16
        text run at (2,0) width 26: "Four"
    LayoutBlockFlow {OPTION} at (1,69) size 39x17
      LayoutText {#text} at (2,0) size 23x16
        text run at (2,0) width 23: "Five"
    LayoutBlockFlow {OPTION} at (1,86) size 39x17
      LayoutText {#text} at (2,0) size 19x16
        text run at (2,0) width 19: "Six"
    LayoutBlockFlow {OPTION} at (1,103) size 39x17 [color=#FFFFFF] [bgcolor=#999999]
      LayoutText {#text} at (2,0) size 35x16
        text run at (2,0) width 35: "Seven"
