layer at (0,0) size 800x600
  LayoutView at (0,0) size 800x600
layer at (0,0) size 800x600
  LayoutBlockFlow {HTML} at (0,0) size 800x600
    LayoutBlockFlow {BODY} at (8,8) size 784x584
      LayoutBlockFlow (anonymous) at (0,0) size 784x60
        LayoutText {#text} at (0,0) size 627x19
          text run at (0,0) width 627: "This tests that when an option is dynamically added to a menu list, and it is too long for the current width,"
        LayoutBR {BR} at (627,15) size 0x0
        LayoutText {#text} at (0,20) size 348x19
          text run at (0,20) width 348: "that the select automatically recalculates the correct width."
        LayoutBR {BR} at (348,35) size 0x0
        LayoutMenuList {SELECT} at (0,40) size 134x20 [bgcolor=#FFFFFF] [border: (1px solid #A9A9A9)]
          LayoutBlockFlow (anonymous) at (1,1) size 132x18
            LayoutText (anonymous) at (4,1) size 31x16
              text run at (4,1) width 31: "Short"
        LayoutText {#text} at (0,0) size 0x0
      LayoutBlockFlow {DIV} at (0,60) size 784x0
