layer at (0,0) size 800x600
  LayoutView at (0,0) size 800x600
layer at (0,0) size 800x600
  LayoutBlockFlow {HTML} at (0,0) size 800x600
    LayoutBlockFlow {BODY} at (8,8) size 784x584
      LayoutMenuList {SELECT} at (0,0) size 62x20 [bgcolor=#FFFFFF] [border: (1px solid #A9A9A9)]
        LayoutBlockFlow (anonymous) at (1,1) size 60x18
          LayoutText (anonymous) at (4,1) size 40x16
            text run at (4,1) width 40: "Default"
      LayoutText {#text} at (62,0) size 4x19
        text run at (62,0) width 4: " "
      LayoutMenuList {SELECT} at (66,0) size 45x20 [color=#FF0000] [bgcolor=#FFFFFF] [border: (1px solid #A9A9A9)]
        LayoutBlockFlow (anonymous) at (1,1) size 43x18
          LayoutText (anonymous) at (4,1) size 23x16
            text run at (4,1) width 23: "Red"
      LayoutText {#text} at (111,0) size 4x19
        text run at (111,0) width 4: " "
      LayoutMenuList {SELECT} at (115,0) size 116x20 [bgcolor=#008000] [border: (1px solid #A9A9A9)]
        LayoutBlockFlow (anonymous) at (1,1) size 114x18
          LayoutText (anonymous) at (4,1) size 94x16
            text run at (4,1) width 94: "Default on green"
      LayoutText {#text} at (231,0) size 4x19
        text run at (231,0) width 4: " "
      LayoutMenuList {SELECT} at (235,0) size 99x20 [color=#FF0000] [bgcolor=#008000] [border: (1px solid #A9A9A9)]
        LayoutBlockFlow (anonymous) at (1,1) size 97x18
          LayoutText (anonymous) at (4,1) size 77x16
            text run at (4,1) width 77: "Red on green"
      LayoutText {#text} at (0,0) size 0x0
