layer at (0,0) size 800x600
  LayoutView at (0,0) size 800x600
layer at (0,0) size 800x600
  LayoutBlockFlow {HTML} at (0,0) size 800x600
    LayoutBlockFlow {BODY} at (8,8) size 784x584
      LayoutText {#text} at (0,0) size 397x19
        text run at (0,0) width 397: "This tests that we don't honor line-height for styled popup buttons."
      LayoutBR {BR} at (397,15) size 0x0
      LayoutMenuList {SELECT} at (0,20) size 203x20 [bgcolor=#ADD8E6] [border: (1px solid #A9A9A9)]
        LayoutBlockFlow (anonymous) at (1,1) size 201x18
          LayoutText (anonymous) at (4,1) size 181x16
            text run at (4,1) width 181: "This text should not be clipped."
