layer at (0,0) size 800x600
  LayoutView at (0,0) size 800x600
layer at (0,0) size 800x600
  LayoutBlockFlow {HTML} at (0,0) size 800x600
    LayoutBlockFlow {BODY} at (8,8) size 784x576
      LayoutBlockFlow {P} at (0,0) size 784x40
        LayoutText {#text} at (0,0) size 50x19
          text run at (0,0) width 50: "Test for "
        LayoutInline {I} at (0,0) size 770x39
          LayoutInline {A} at (0,0) size 304x19 [color=#0000EE]
            LayoutText {#text} at (50,0) size 304x19
              text run at (50,0) width 304: "http://bugs.webkit.org/show_bug.cgi?id=13896"
          LayoutText {#text} at (354,0) size 770x39
            text run at (354,0) width 4: " "
            text run at (358,0) width 412: "REGRESSION (NativePopup): Reproductible crasher on Google"
            text run at (0,20) width 123: "Coop control panel"
        LayoutText {#text} at (123,20) size 4x19
          text run at (123,20) width 4: "."
      LayoutBlockFlow {P} at (0,56) size 784x20
        LayoutText {#text} at (0,0) size 175x19
          text run at (0,0) width 175: "No crash means SUCCESS."
