layer at (0,0) size 800x600
  LayoutView at (0,0) size 800x600
layer at (0,0) size 800x600
  LayoutBlockFlow {HTML} at (0,0) size 800x600
    LayoutBlockFlow {BODY} at (8,8) size 784x584
      LayoutBlockFlow {P} at (0,0) size 784x20
        LayoutText {#text} at (0,0) size 346x19
          text run at (0,0) width 346: "The select below has a size of 3, but a much larger height."
      LayoutBlockFlow (anonymous) at (0,36) size 784x250
        LayoutText {#text} at (0,0) size 0x0
layer at (8,44) size 64x250 clip at (9,45) size 47x248
  LayoutListBox {SELECT} at (0,0) size 64x250 [bgcolor=#FFFFFF] [border: (1px solid #A9A9A9)]
    LayoutBlockFlow {OPTION} at (1,1) size 47x17
      LayoutText {#text} at (2,0) size 21x16
        text run at (2,0) width 21: "one"
    LayoutBlockFlow {OPTION} at (1,18) size 47x17
      LayoutText {#text} at (2,0) size 20x16
        text run at (2,0) width 20: "two"
    LayoutBlockFlow {OPTION} at (1,35) size 47x17
      LayoutText {#text} at (2,0) size 29x16
        text run at (2,0) width 29: "three"
    LayoutBlockFlow {OPTION} at (1,52) size 47x17
      LayoutText {#text} at (2,0) size 21x16
        text run at (2,0) width 21: "four"
    LayoutBlockFlow {OPTION} at (1,69) size 47x17
      LayoutText {#text} at (2,0) size 18x16
        text run at (2,0) width 18: "five"
    LayoutBlockFlow {OPTION} at (1,86) size 47x17
      LayoutText {#text} at (2,0) size 17x16
        text run at (2,0) width 17: "six"
    LayoutBlockFlow {OPTION} at (1,103) size 47x17
      LayoutText {#text} at (2,0) size 33x16
        text run at (2,0) width 33: "seven"
    LayoutBlockFlow {OPTION} at (1,120) size 47x17
      LayoutText {#text} at (2,0) size 28x16
        text run at (2,0) width 28: "eight"
    LayoutBlockFlow {OPTION} at (1,137) size 47x17
      LayoutText {#text} at (2,0) size 24x16
        text run at (2,0) width 24: "nine"
    LayoutBlockFlow {OPTION} at (1,154) size 47x17
      LayoutText {#text} at (2,0) size 18x16
        text run at (2,0) width 18: "ten"
    LayoutBlockFlow {OPTION} at (1,171) size 47x17
      LayoutText {#text} at (2,0) size 36x16
        text run at (2,0) width 36: "eleven"
    LayoutBlockFlow {OPTION} at (1,188) size 47x17
      LayoutText {#text} at (2,0) size 35x16
        text run at (2,0) width 35: "twelve"
    LayoutBlockFlow {OPTION} at (1,205) size 47x17
      LayoutText {#text} at (2,0) size 43x16
        text run at (2,0) width 43: "thirteen"
