layer at (0,0) size 800x600
  LayoutView at (0,0) size 800x600
layer at (0,0) size 800x36
  LayoutBlockFlow {HTML} at (0,0) size 800x36
    LayoutBlockFlow {BODY} at (8,8) size 784x20 [bgcolor=#666666]
      LayoutMenuList {SELECT} at (0,0) size 29x20 [border: (1px solid #A9A9A9)]
        LayoutBlockFlow (anonymous) at (1,1) size 27x18
          LayoutText (anonymous) at (4,1) size 7x16
            text run at (4,1) width 7: "1"
      LayoutText {#text} at (0,0) size 0x0
