layer at (0,0) size 800x600
  LayoutView at (0,0) size 800x600
layer at (0,0) size 800x600
  LayoutBlockFlow {HTML} at (0,0) size 800x600
    LayoutBlockFlow {BODY} at (8,8) size 784x584
      LayoutText {#text} at (0,0) size 425x19
        text run at (0,0) width 425: "This tests that you can dynamically change a popup menu to a list box. "
      LayoutBR {BR} at (425,15) size 0x0
      LayoutText {#text} at (0,0) size 0x0
layer at (8,28) size 195x87 clip at (9,29) size 178x85
  LayoutListBox {SELECT} at (0,20) size 195x87 [bgcolor=#FFFFFF] [border: (1px solid #A9A9A9)]
    LayoutBlockFlow {OPTION} at (1,1) size 178x17 [color=#FFFFFF] [bgcolor=#999999]
      LayoutText {#text} at (2,0) size 174x16
        text run at (2,0) width 174: "This should turn into a list box"
