CONSOLE ERROR: line 7: Uncaught ReferenceError: appendCellAt is not defined
layer at (0,0) size 800x600
  LayoutView at (0,0) size 800x600
layer at (0,0) size 800x600
  LayoutBlockFlow {HTML} at (0,0) size 800x600
    LayoutBlockFlow {BODY} at (8,8) size 784x584
      LayoutBlockFlow (anonymous) at (0,0) size 784x20
        LayoutText {#text} at (0,0) size 214x19
          text run at (0,0) width 214: "The 2 tables should look the same"
      LayoutTable {TABLE} at (0,20) size 62x30 [bgcolor=#FFA500] [border: (1px outset #808080)]
        LayoutTableSection {TBODY} at (1,1) size 60x28
          LayoutTableRow {TR} at (0,2) size 60x24
            LayoutTableCell {TD} at (2,2) size 27x24 [border: (1px inset #808080)] [r=0 c=0 rs=1 cs=1]
              LayoutText {#text} at (2,2) size 23x19
                text run at (2,2) width 23: "c11"
            LayoutTableCell {TD} at (31,2) size 27x24 [border: (1px inset #808080)] [r=0 c=1 rs=1 cs=1]
              LayoutText {#text} at (2,2) size 23x19
                text run at (2,2) width 23: "c12"
      LayoutBlockFlow (anonymous) at (0,50) size 784x20
        LayoutBR {BR} at (0,0) size 0x19
      LayoutTable {TABLE} at (0,70) size 88x30 [bgcolor=#FFA500] [border: (1px outset #808080)]
        LayoutTableSection {TBODY} at (1,1) size 86x28
          LayoutTableRow {TR} at (0,2) size 86x24
            LayoutTableCell {TD} at (2,2) size 27x24 [border: (1px inset #808080)] [r=0 c=0 rs=1 cs=1]
              LayoutText {#text} at (2,2) size 23x19
                text run at (2,2) width 23: "c11"
            LayoutTableCell {TD} at (31,2) size 27x24 [border: (1px inset #808080)] [r=0 c=1 rs=1 cs=1]
              LayoutText {#text} at (2,2) size 23x19
                text run at (2,2) width 23: "c12"
            LayoutTableCell {TD} at (60,2) size 24x24 [border: (1px inset #808080)] [r=0 c=2 rs=1 cs=1]
              LayoutText {#text} at (2,2) size 20x19
                text run at (2,2) width 20: "X1"
      LayoutBlockFlow (anonymous) at (0,100) size 784x40
        LayoutBR {BR} at (0,0) size 0x19
        LayoutText {#text} at (0,20) size 214x19
          text run at (0,20) width 214: "The 2 tables should look the same"
      LayoutTable {TABLE} at (0,140) size 62x30 [bgcolor=#FFA500] [border: (1px outset #808080)]
        LayoutTableSection {TBODY} at (1,1) size 60x28
          LayoutTableRow {TR} at (0,2) size 60x24
            LayoutTableCell {TD} at (2,2) size 27x24 [border: (1px inset #808080)] [r=0 c=0 rs=1 cs=1]
              LayoutText {#text} at (2,2) size 23x19
                text run at (2,2) width 23: "c11"
            LayoutTableCell {TD} at (31,2) size 27x24 [border: (1px inset #808080)] [r=0 c=1 rs=1 cs=1]
              LayoutText {#text} at (2,2) size 23x19
                text run at (2,2) width 23: "c12"
      LayoutBlockFlow (anonymous) at (0,170) size 784x20
        LayoutBR {BR} at (0,0) size 0x19
      LayoutTable {TABLE} at (0,190) size 114x30 [bgcolor=#FFA500] [border: (1px outset #808080)]
        LayoutTableSection {TBODY} at (1,1) size 112x28
          LayoutTableRow {TR} at (0,2) size 112x24
            LayoutTableCell {TD} at (2,2) size 27x24 [border: (1px inset #808080)] [r=0 c=0 rs=1 cs=1]
              LayoutText {#text} at (2,2) size 23x19
                text run at (2,2) width 23: "c11"
            LayoutTableCell {TD} at (31,2) size 27x24 [border: (1px inset #808080)] [r=0 c=1 rs=1 cs=1]
              LayoutText {#text} at (2,2) size 23x19
                text run at (2,2) width 23: "c12"
            LayoutTableCell {TD} at (60,2) size 24x24 [border: (1px inset #808080)] [r=0 c=2 rs=1 cs=1]
              LayoutText {#text} at (2,2) size 20x19
                text run at (2,2) width 20: "X2"
            LayoutTableCell {TD} at (86,2) size 24x24 [border: (1px inset #808080)] [r=0 c=3 rs=1 cs=1]
              LayoutText {#text} at (2,2) size 20x19
                text run at (2,2) width 20: "X3"
