layer at (0,0) size 800x600 clip at (0,0) size 785x600 scrollHeight 1411
  LayoutView at (0,0) size 800x600
layer at (0,0) size 785x1411 backgroundClip at (0,0) size 785x600 clip at (0,0) size 785x600
  LayoutBlockFlow {HTML} at (0,0) size 785x1410.75
    LayoutBlockFlow {BODY} at (8,8) size 769x1387.75
      LayoutBlockFlow {P} at (0,0) size 769x20
        LayoutText {#text} at (0,0) size 108x19
          text run at (0,0) width 108: "Legend align test"
      LayoutFieldset {FIELDSET} at (2,36) size 765x59.59 [border: (2px groove #C0C0C0)]
        LayoutBlockFlow {LEGEND} at (14,0) size 102x20
          LayoutText {#text} at (2,0) size 98x19
            text run at (2,0) width 98: "My Legend left"
        LayoutBlockFlow (anonymous) at (14,25.59) size 737x22
          LayoutTextControl {INPUT} at (0,0) size 154x22 [bgcolor=#FFFFFF] [border: (2px inset #EEEEEE)]
          LayoutText {#text} at (0,0) size 0x0
      LayoutFieldset {FIELDSET} at (2,95.59) size 765x59.59 [border: (2px groove #C0C0C0)]
        LayoutBlockFlow {LEGEND} at (322.50,0) size 120x20
          LayoutText {#text} at (2,0) size 116x19
            text run at (2,0) width 116: "My Legend center"
        LayoutBlockFlow (anonymous) at (14,25.59) size 737x22
          LayoutTextControl {INPUT} at (0,0) size 154x22 [bgcolor=#FFFFFF] [border: (2px inset #EEEEEE)]
          LayoutText {#text} at (0,0) size 0x0
      LayoutFieldset {FIELDSET} at (2,155.19) size 765x59.59 [border: (2px groove #C0C0C0)]
        LayoutBlockFlow {LEGEND} at (640,0) size 111x20
          LayoutText {#text} at (2,0) size 107x19
            text run at (2,0) width 107: "My Legend right"
        LayoutBlockFlow (anonymous) at (14,25.59) size 737x22
          LayoutTextControl {INPUT} at (0,0) size 154x22 [bgcolor=#FFFFFF] [border: (2px inset #EEEEEE)]
          LayoutText {#text} at (0,0) size 0x0
      LayoutFieldset {FIELDSET} at (2,214.78) size 765x59.59 [border: (2px groove #C0C0C0)]
        LayoutBlockFlow {LEGEND} at (14,0) size 125x20
          LayoutText {#text} at (2,0) size 121x19
            text run at (2,0) width 121: "My Legend default"
        LayoutBlockFlow (anonymous) at (14,25.59) size 737x22
          LayoutTextControl {INPUT} at (0,0) size 154x22 [bgcolor=#FFFFFF] [border: (2px inset #EEEEEE)]
          LayoutText {#text} at (0,0) size 0x0
      LayoutBlockFlow {P} at (0,300.38) size 769x20
        LayoutText {#text} at (0,0) size 147x19
          text run at (0,0) width 147: "Legend align test, RTL"
      LayoutBlockFlow (anonymous) at (0,336.38) size 769x0
        LayoutInline {SPAN} at (0,0) size 0x0
          LayoutText {#text} at (0,0) size 0x0
      LayoutBlockFlow (anonymous) at (0,336.38) size 769x238.38
        LayoutFieldset {FIELDSET} at (2,0) size 765x59.59 [border: (2px groove #C0C0C0)]
          LayoutBlockFlow {LEGEND} at (14,0) size 102x20
            LayoutText {#text} at (2,0) size 98x19
              text run at (2,0) width 98: "My Legend left"
          LayoutBlockFlow (anonymous) at (14,25.59) size 737x22
            LayoutTextControl {INPUT} at (583,0) size 154x22 [bgcolor=#FFFFFF] [border: (2px inset #EEEEEE)]
            LayoutText {#text} at (0,0) size 0x0
        LayoutFieldset {FIELDSET} at (2,59.59) size 765x59.59 [border: (2px groove #C0C0C0)]
          LayoutBlockFlow {LEGEND} at (322.50,0) size 120x20
            LayoutText {#text} at (2,0) size 116x19
              text run at (2,0) width 116: "My Legend center"
          LayoutBlockFlow (anonymous) at (14,25.59) size 737x22
            LayoutTextControl {INPUT} at (583,0) size 154x22 [bgcolor=#FFFFFF] [border: (2px inset #EEEEEE)]
            LayoutText {#text} at (0,0) size 0x0
        LayoutFieldset {FIELDSET} at (2,119.19) size 765x59.59 [border: (2px groove #C0C0C0)]
          LayoutBlockFlow {LEGEND} at (640,0) size 111x20
            LayoutText {#text} at (2,0) size 107x19
              text run at (2,0) width 107: "My Legend right"
          LayoutBlockFlow (anonymous) at (14,25.59) size 737x22
            LayoutTextControl {INPUT} at (583,0) size 154x22 [bgcolor=#FFFFFF] [border: (2px inset #EEEEEE)]
            LayoutText {#text} at (0,0) size 0x0
        LayoutFieldset {FIELDSET} at (2,178.78) size 765x59.59 [border: (2px groove #C0C0C0)]
          LayoutBlockFlow {LEGEND} at (626,0) size 125x20
            LayoutText {#text} at (2,0) size 121x19
              text run at (2,0) width 121: "My Legend default"
          LayoutBlockFlow (anonymous) at (14,25.59) size 737x22
            LayoutTextControl {INPUT} at (583,0) size 154x22 [bgcolor=#FFFFFF] [border: (2px inset #EEEEEE)]
            LayoutText {#text} at (0,0) size 0x0
      LayoutBlockFlow (anonymous) at (0,574.75) size 769x0
        LayoutInline {SPAN} at (0,0) size 0x0
        LayoutText {#text} at (0,0) size 0x0
      LayoutBlockFlow {P} at (0,600.75) size 769x20
        LayoutText {#text} at (0,0) size 270x19
          text run at (0,0) width 270: "Legend align test with margin and padding"
      LayoutFieldset {FIELDSET} at (15,636.75) size 739x74 [border: (2px groove #C0C0C0)]
        LayoutBlockFlow {LEGEND} at (17,0) size 102x20
          LayoutText {#text} at (2,0) size 98x19
            text run at (2,0) width 98: "My Legend left"
        LayoutBlockFlow (anonymous) at (17,35) size 705x22
          LayoutTextControl {INPUT} at (0,0) size 154x22 [bgcolor=#FFFFFF] [border: (2px inset #EEEEEE)]
          LayoutText {#text} at (0,0) size 0x0
      LayoutFieldset {FIELDSET} at (15,725.75) size 739x74 [border: (2px groove #C0C0C0)]
        LayoutBlockFlow {LEGEND} at (309.50,0) size 120x20
          LayoutText {#text} at (2,0) size 116x19
            text run at (2,0) width 116: "My Legend center"
        LayoutBlockFlow (anonymous) at (17,35) size 705x22
          LayoutTextControl {INPUT} at (0,0) size 154x22 [bgcolor=#FFFFFF] [border: (2px inset #EEEEEE)]
          LayoutText {#text} at (0,0) size 0x0
      LayoutFieldset {FIELDSET} at (15,814.75) size 739x74 [border: (2px groove #C0C0C0)]
        LayoutBlockFlow {LEGEND} at (611,0) size 111x20
          LayoutText {#text} at (2,0) size 107x19
            text run at (2,0) width 107: "My Legend right"
        LayoutBlockFlow (anonymous) at (17,35) size 705x22
          LayoutTextControl {INPUT} at (0,0) size 154x22 [bgcolor=#FFFFFF] [border: (2px inset #EEEEEE)]
          LayoutText {#text} at (0,0) size 0x0
      LayoutFieldset {FIELDSET} at (15,903.75) size 739x74 [border: (2px groove #C0C0C0)]
        LayoutBlockFlow {LEGEND} at (17,0) size 125x20
          LayoutText {#text} at (2,0) size 121x19
            text run at (2,0) width 121: "My Legend default"
        LayoutBlockFlow (anonymous) at (17,35) size 705x22
          LayoutTextControl {INPUT} at (0,0) size 154x22 [bgcolor=#FFFFFF] [border: (2px inset #EEEEEE)]
          LayoutText {#text} at (0,0) size 0x0
      LayoutBlockFlow {P} at (0,1010.75) size 769x20
        LayoutText {#text} at (0,0) size 308x19
          text run at (0,0) width 308: "Legend align test with margin and padding, RTL"
      LayoutBlockFlow (anonymous) at (0,1046.75) size 769x0
        LayoutInline {SPAN} at (0,0) size 0x0
          LayoutText {#text} at (0,0) size 0x0
      LayoutBlockFlow (anonymous) at (0,1046.75) size 769x341
        LayoutFieldset {FIELDSET} at (15,0) size 739x74 [border: (2px groove #C0C0C0)]
          LayoutBlockFlow {LEGEND} at (17,0) size 102x20
            LayoutText {#text} at (2,0) size 98x19
              text run at (2,0) width 98: "My Legend left"
          LayoutBlockFlow (anonymous) at (17,35) size 705x22
            LayoutTextControl {INPUT} at (551,0) size 154x22 [bgcolor=#FFFFFF] [border: (2px inset #EEEEEE)]
            LayoutText {#text} at (0,0) size 0x0
        LayoutFieldset {FIELDSET} at (15,89) size 739x74 [border: (2px groove #C0C0C0)]
          LayoutBlockFlow {LEGEND} at (309.50,0) size 120x20
            LayoutText {#text} at (2,0) size 116x19
              text run at (2,0) width 116: "My Legend center"
          LayoutBlockFlow (anonymous) at (17,35) size 705x22
            LayoutTextControl {INPUT} at (551,0) size 154x22 [bgcolor=#FFFFFF] [border: (2px inset #EEEEEE)]
            LayoutText {#text} at (0,0) size 0x0
        LayoutFieldset {FIELDSET} at (15,178) size 739x74 [border: (2px groove #C0C0C0)]
          LayoutBlockFlow {LEGEND} at (611,0) size 111x20
            LayoutText {#text} at (2,0) size 107x19
              text run at (2,0) width 107: "My Legend right"
          LayoutBlockFlow (anonymous) at (17,35) size 705x22
            LayoutTextControl {INPUT} at (551,0) size 154x22 [bgcolor=#FFFFFF] [border: (2px inset #EEEEEE)]
            LayoutText {#text} at (0,0) size 0x0
        LayoutFieldset {FIELDSET} at (15,267) size 739x74 [border: (2px groove #C0C0C0)]
          LayoutBlockFlow {LEGEND} at (597,0) size 125x20
            LayoutText {#text} at (2,0) size 121x19
              text run at (2,0) width 121: "My Legend default"
          LayoutBlockFlow (anonymous) at (17,35) size 705x22
            LayoutTextControl {INPUT} at (551,0) size 154x22 [bgcolor=#FFFFFF] [border: (2px inset #EEEEEE)]
            LayoutText {#text} at (0,0) size 0x0
      LayoutBlockFlow (anonymous) at (0,1402.75) size 769x0
        LayoutInline {SPAN} at (0,0) size 0x0
        LayoutText {#text} at (0,0) size 0x0
layer at (26,73) size 150x16
  LayoutBlockFlow {DIV} at (2,3) size 150x16
layer at (26,132) size 150x16
  LayoutBlockFlow {DIV} at (2,3) size 150x16
layer at (26,192) size 150x16
  LayoutBlockFlow {DIV} at (2,3) size 150x16
layer at (26,251) size 150x16
  LayoutBlockFlow {DIV} at (2,3) size 150x16
layer at (8,290) size 769x2 clip at (0,0) size 0x0
  LayoutBlockFlow {HR} at (0,282.38) size 769x2 [border: (1px inset #EEEEEE)]
layer at (609,373) size 150x16
  LayoutBlockFlow {DIV} at (2,3) size 150x16
layer at (609,433) size 150x16
  LayoutBlockFlow {DIV} at (2,3) size 150x16
layer at (609,492) size 150x16
  LayoutBlockFlow {DIV} at (2,3) size 150x16
layer at (609,552) size 150x16
  LayoutBlockFlow {DIV} at (2,3) size 150x16
layer at (8,591) size 769x2 clip at (0,0) size 0x0
  LayoutBlockFlow {HR} at (0,582.75) size 769x2 [border: (1px inset #EEEEEE)]
layer at (42,683) size 150x16 backgroundClip at (0,0) size 0x0 clip at (0,0) size 0x0
  LayoutBlockFlow {DIV} at (2,3) size 150x16
layer at (42,772) size 150x16 backgroundClip at (0,0) size 0x0 clip at (0,0) size 0x0
  LayoutBlockFlow {DIV} at (2,3) size 150x16
layer at (42,861) size 150x16 backgroundClip at (0,0) size 0x0 clip at (0,0) size 0x0
  LayoutBlockFlow {DIV} at (2,3) size 150x16
layer at (42,950) size 150x16 backgroundClip at (0,0) size 0x0 clip at (0,0) size 0x0
  LayoutBlockFlow {DIV} at (2,3) size 150x16
layer at (8,1001) size 769x2 backgroundClip at (0,0) size 0x0 clip at (0,0) size 0x0
  LayoutBlockFlow {HR} at (0,992.75) size 769x2 [border: (1px inset #EEEEEE)]
layer at (593,1093) size 150x16 backgroundClip at (0,0) size 0x0 clip at (0,0) size 0x0
  LayoutBlockFlow {DIV} at (2,3) size 150x16
layer at (593,1182) size 150x16 backgroundClip at (0,0) size 0x0 clip at (0,0) size 0x0
  LayoutBlockFlow {DIV} at (2,3) size 150x16
layer at (593,1271) size 150x16 backgroundClip at (0,0) size 0x0 clip at (0,0) size 0x0
  LayoutBlockFlow {DIV} at (2,3) size 150x16
layer at (593,1360) size 150x16 backgroundClip at (0,0) size 0x0 clip at (0,0) size 0x0
  LayoutBlockFlow {DIV} at (2,3) size 150x16
