layer at (0,0) size 800x600
  LayoutView at (0,0) size 800x600
layer at (0,0) size 800x600
  LayoutBlockFlow {HTML} at (0,0) size 800x600
    LayoutBlockFlow {BODY} at (8,8) size 784x576
      LayoutBlockFlow {P} at (0,0) size 784x20
        LayoutText {#text} at (0,0) size 52x19
          text run at (0,0) width 52: "Test for "
        LayoutInline {A} at (0,0) size 66x19 [color=#0000EE]
          LayoutText {#text} at (52,0) size 66x19
            text run at (52,0) width 66: "bug 11141"
        LayoutText {#text} at (118,0) size 341x19
          text run at (118,0) width 8: ": "
          text run at (126,0) width 333: "CSS '@import' doesn't respect HTML Base element."
      LayoutBlockFlow {P} at (0,36) size 784x20 [color=#008000]
        LayoutText {#text} at (0,0) size 163x19
          text run at (0,0) width 163: "This text should be green."
      LayoutBlockFlow {P} at (0,72) size 784x60
        LayoutText {#text} at (0,0) size 770x59
          text run at (0,0) width 378: "If it is red, the css has been loaded relative to the document. "
          text run at (378,0) width 383: "If it is black, no stylesheet has been rendered, if it is rendered"
          text run at (0,20) width 43: "green, "
          text run at (43,20) width 463: "the stylesheet has been rendered correctly from the HREF attribute of the "
          text run at (506,20) width 264: "Base element in the HEAD section of this"
          text run at (0,40) width 66: "document."
      LayoutBlockFlow {P} at (0,148) size 784x20 [color=#008000]
        LayoutText {#text} at (0,0) size 192x19
          text run at (0,0) width 192: "This text should also be green."
