layer at (0,0) size 800x600
  LayoutView at (0,0) size 800x600
layer at (0,0) size 800x600
  LayoutBlockFlow {HTML} at (0,0) size 800x600
    LayoutBlockFlow {BODY} at (8,8) size 784x576
      LayoutBlockFlow {UL} at (0,0) size 784x36
        LayoutListItem {LI} at (40,0) size 744x36
          LayoutListMarker (anonymous) at (-1,0) size 7x18: bullet
          LayoutText {#text} at (22,0) size 272x18
            text run at (22,0) width 272: "This list item should have an inside bullet."
          LayoutBR {BR} at (293,14) size 1x0
          LayoutText {#text} at (0,18) size 252x18
            text run at (0,18) width 252: "This line should begin under the bullet."
