layer at (0,0) size 800x600
  LayoutView at (0,0) size 800x600
layer at (0,0) size 800x600
  LayoutBlockFlow {HTML} at (0,0) size 800x600
    LayoutBlockFlow {BODY} at (8,8) size 784x584 [color=#444444]
      LayoutTable {TABLE} at (0,0) size 734x360
        LayoutTableSection {TBODY} at (0,0) size 734x360
          LayoutTableRow {TR} at (0,2) size 734x356
            LayoutTableCell {TD} at (2,2) size 242x356.44 [r=0 c=0 rs=1 cs=1]
              LayoutBlockFlow {H1} at (1,1) size 240x37
                LayoutText {#text} at (0,0) size 177x37
                  text run at (0,0) width 177: "Blue-on-blue"
              LayoutBlockFlow (anonymous) at (1,59.44) size 240x18
                LayoutText {#text} at (0,0) size 144x18
                  text run at (0,0) width 144: "Background color first"
              LayoutBlockFlow {DIV} at (17,93.44) size 98x98 [color=#0000FF] [bgcolor=#0000FF] [border: (1px solid #000000)]
                LayoutText {#text} at (19,1) size 60x58
                  text run at (19,1) width 60: "Az"
              LayoutBlockFlow (anonymous) at (1,207.44) size 240x18
                LayoutText {#text} at (0,0) size 94x18
                  text run at (0,0) width 94: "Text color first"
              LayoutBlockFlow {DIV} at (17,241.44) size 98x98 [color=#0000FF] [bgcolor=#0000FF] [border: (1px solid #000000)]
                LayoutText {#text} at (19,1) size 60x58
                  text run at (19,1) width 60: "Az"
            LayoutTableCell {TD} at (246,2) size 242x356.44 [r=0 c=1 rs=1 cs=1]
              LayoutBlockFlow {H1} at (1,1) size 240x37
                LayoutText {#text} at (0,0) size 163x37
                  text run at (0,0) width 163: "Blue-on-red"
              LayoutBlockFlow (anonymous) at (1,59.44) size 240x18
                LayoutText {#text} at (0,0) size 144x18
                  text run at (0,0) width 144: "Background color first"
              LayoutBlockFlow {DIV} at (17,93.44) size 98x98 [color=#0000FF] [bgcolor=#FF0000] [border: (1px solid #000000)]
                LayoutText {#text} at (19,1) size 60x58
                  text run at (19,1) width 60: "Az"
              LayoutBlockFlow (anonymous) at (1,207.44) size 240x18
                LayoutText {#text} at (0,0) size 94x18
                  text run at (0,0) width 94: "Text color first"
              LayoutBlockFlow {DIV} at (17,241.44) size 98x98 [color=#0000FF] [bgcolor=#FF0000] [border: (1px solid #000000)]
                LayoutText {#text} at (19,1) size 60x58
                  text run at (19,1) width 60: "Az"
            LayoutTableCell {TD} at (490,2) size 242x356.44 [r=0 c=2 rs=1 cs=1]
              LayoutBlockFlow {H1} at (1,1) size 240x37
                LayoutText {#text} at (0,0) size 177x37
                  text run at (0,0) width 177: "Blue-on-blue"
              LayoutBlockFlow (anonymous) at (1,59.44) size 240x18
                LayoutText {#text} at (0,0) size 144x18
                  text run at (0,0) width 144: "Background color first"
              LayoutBlockFlow {DIV} at (17,93.44) size 98x98 [color=#0000FF] [bgcolor=#0000FF] [border: (1px solid #000000)]
                LayoutText {#text} at (19,1) size 60x58
                  text run at (19,1) width 60: "Az"
              LayoutBlockFlow (anonymous) at (1,207.44) size 240x18
                LayoutText {#text} at (0,0) size 94x18
                  text run at (0,0) width 94: "Text color first"
              LayoutBlockFlow {DIV} at (17,241.44) size 98x98 [color=#0000FF] [bgcolor=#0000FF] [border: (1px solid #000000)]
                LayoutText {#text} at (19,1) size 60x58
                  text run at (19,1) width 60: "Az"
