layer at (0,0) size 800x600
  LayoutView at (0,0) size 800x600
layer at (0,0) size 800x274
  LayoutBlockFlow {HTML} at (0,0) size 800x273.88
    LayoutBlockFlow {BODY} at (8,21.44) size 784x236.44
      LayoutBlockFlow {H1} at (0,0) size 784x37
        LayoutText {#text} at (0,0) size 420x37
          text run at (0,0) width 420: "Shorthand border properties 2"
      LayoutBlockFlow {P} at (0,58.44) size 784x18
        LayoutText {#text} at (0,0) size 510x18
          text run at (0,0) width 411: "This test was written to test a point I mentioned to Tantek \x{C7}elik "
          text run at (410,0) width 100: "on 2000-07-13."
      LayoutBlockFlow {P} at (0,92.44) size 784x24 [color=#008000] [border: (3px solid #008000)]
        LayoutText {#text} at (3,3) size 277x18
          text run at (3,3) width 277: "This paragraph should have a green border."
      LayoutBlockFlow {P} at (0,132.44) size 784x24 [color=#008000] [border: (3px solid #008000)]
        LayoutText {#text} at (3,3) size 277x18
          text run at (3,3) width 277: "This paragraph should have a green border."
      LayoutBlockFlow {P} at (0,172.44) size 784x24 [color=#008000] [border: (3px solid #008000)]
        LayoutText {#text} at (3,3) size 277x18
          text run at (3,3) width 277: "This paragraph should have a green border."
      LayoutBlockFlow {P} at (0,212.44) size 784x24 [color=#008000] [border: (3px solid #008000)]
        LayoutText {#text} at (3,3) size 277x18
          text run at (3,3) width 277: "This paragraph should have a green border."
