layer at (0,0) size 800x600 scrollHeight 736
  LayoutView at (0,0) size 800x600
layer at (0,0) size 800x736 backgroundClip at (0,0) size 800x600 clip at (0,0) size 800x600
  LayoutBlockFlow {HTML} at (0,0) size 800x735.88
    LayoutBlockFlow {BODY} at (8,21.44) size 784x698.44
      LayoutBlockFlow {H1} at (0,0) size 784x37
        LayoutText {#text} at (0,0) size 377x37
          text run at (0,0) width 377: "Shorthand border property"
      LayoutBlockFlow {P} at (0,58.44) size 784x24 [color=#008000] [bgcolor=#FFFFFF] [border: (3px solid #008000)]
        LayoutText {#text} at (3,3) size 369x18
          text run at (3,3) width 369: "This paragraph should have a medium solid green border."
      LayoutBlockFlow {P} at (0,98.44) size 784x24 [color=#008000] [bgcolor=#FFFFFF] [border: (3px solid #008000)]
        LayoutText {#text} at (3,3) size 369x18
          text run at (3,3) width 369: "This paragraph should have a medium solid green border."
      LayoutBlockFlow {P} at (0,138.44) size 784x18 [bgcolor=#FFFFFF]
        LayoutText {#text} at (0,0) size 262x18
          text run at (0,0) width 262: "This paragraph should not have a border."
      LayoutBlockFlow {P} at (0,172.44) size 784x24 [bgcolor=#FFFFFF] [border: (3px solid #000000)]
        LayoutText {#text} at (3,3) size 284x18
          text run at (3,3) width 284: "This paragraph should have a medium solid "
        LayoutInline {EM} at (0,0) size 36x18
          LayoutText {#text} at (286,3) size 36x18
            text run at (286,3) width 36: "black"
        LayoutText {#text} at (321,3) size 50x18
          text run at (321,3) width 50: " border."
      LayoutBlockFlow {P} at (0,212.44) size 784x18 [bgcolor=#FFFFFF]
        LayoutText {#text} at (0,0) size 262x18
          text run at (0,0) width 262: "This paragraph should not have a border."
      LayoutBlockFlow {P} at (0,246.44) size 784x18 [bgcolor=#FFFFFF]
        LayoutText {#text} at (0,0) size 262x18
          text run at (0,0) width 262: "This paragraph should not have a border."
      LayoutBlockFlow {P} at (0,280.44) size 784x24 [bgcolor=#FFFFFF] [border: (3px solid #000000)]
        LayoutText {#text} at (3,3) size 284x18
          text run at (3,3) width 284: "This paragraph should have a medium solid "
        LayoutInline {EM} at (0,0) size 36x18
          LayoutText {#text} at (286,3) size 36x18
            text run at (286,3) width 36: "black"
        LayoutText {#text} at (321,3) size 50x18
          text run at (321,3) width 50: " border."
      LayoutBlockFlow {P} at (0,320.44) size 784x24 [bgcolor=#FFFFFF] [border: (3px solid #000000)]
        LayoutText {#text} at (3,3) size 284x18
          text run at (3,3) width 284: "This paragraph should have a medium solid "
        LayoutInline {EM} at (0,0) size 36x18
          LayoutText {#text} at (286,3) size 36x18
            text run at (286,3) width 36: "black"
        LayoutText {#text} at (321,3) size 50x18
          text run at (321,3) width 50: " border."
      LayoutBlockFlow {P} at (0,360.44) size 784x24 [bgcolor=#FFFFFF] [border: (3px solid #008000)]
        LayoutText {#text} at (3,3) size 369x18
          text run at (3,3) width 369: "This paragraph should have a medium solid green border."
      LayoutBlockFlow {P} at (0,400.44) size 784x24 [bgcolor=#FFFFFF] [border: (3px solid #008000)]
        LayoutText {#text} at (3,3) size 369x18
          text run at (3,3) width 369: "This paragraph should have a medium solid green border."
      LayoutBlockFlow {P} at (0,440.44) size 784x18 [bgcolor=#FFFFFF]
        LayoutText {#text} at (0,0) size 262x18
          text run at (0,0) width 262: "This paragraph should not have a border."
      LayoutBlockFlow {P} at (0,474.44) size 784x24 [bgcolor=#FFFFFF] [border: (3px solid #008000)]
        LayoutText {#text} at (3,3) size 369x18
          text run at (3,3) width 369: "This paragraph should have a medium solid green border."
      LayoutBlockFlow {P} at (0,514.44) size 784x24 [bgcolor=#FFFFFF] [border: (3px solid #008000)]
        LayoutText {#text} at (3,3) size 369x18
          text run at (3,3) width 369: "This paragraph should have a medium solid green border."
      LayoutBlockFlow {P} at (0,554.44) size 784x24 [bgcolor=#FFFFFF] [border: (3px solid #008000)]
        LayoutText {#text} at (3,3) size 369x18
          text run at (3,3) width 369: "This paragraph should have a medium solid green border."
      LayoutBlockFlow {P} at (0,594.44) size 784x24 [bgcolor=#FFFFFF] [border: (3px solid #008000)]
        LayoutText {#text} at (3,3) size 369x18
          text run at (3,3) width 369: "This paragraph should have a medium solid green border."
      LayoutBlockFlow {P} at (0,634.44) size 784x24 [bgcolor=#FFFFFF] [border: (3px solid #008000)]
        LayoutText {#text} at (3,3) size 369x18
          text run at (3,3) width 369: "This paragraph should have a medium solid green border."
      LayoutBlockFlow {P} at (0,674.44) size 784x24 [bgcolor=#FFFFFF] [border: (3px solid #008000)]
        LayoutText {#text} at (3,3) size 369x18
          text run at (3,3) width 369: "This paragraph should have a medium solid green border."
