layer at (0,0) size 800x600
  LayoutView at (0,0) size 800x600
layer at (0,0) size 800x600
  LayoutBlockFlow {HTML} at (0,0) size 800x600
    LayoutBlockFlow {BODY} at (8,8) size 784x584
      LayoutBlockFlow {DIV} at (0,0) size 784x0
        LayoutBlockFlow {UL} at (0,0) size 784x0
          LayoutListItem {LI} at (40,0) size 744x0
            LayoutBlockFlow (floating) {A} at (9,0) size 99.11x18
              LayoutText {#text} at (0,0) size 100x18
                text run at (0,0) width 100: "This is link one"
          LayoutListItem {LI} at (40,0) size 744x0
            LayoutBlockFlow (floating) {A} at (108.11,0) size 309.97x18
              LayoutText {#text} at (0,0) size 310x18
                text run at (0,0) width 310: "This is link two and it shouldn't overlap link one"
