layer at (0,0) size 800x600
  LayoutView at (0,0) size 800x600
layer at (0,0) size 800x52
  LayoutBlockFlow {HTML} at (0,0) size 800x52
    LayoutBlockFlow {BODY} at (8,8) size 784x36
      LayoutBlockFlow (anonymous) at (0,0) size 784x18
        LayoutInline {SPAN} at (0,0) size 45x18
          LayoutText {#text} at (0,0) size 45x18
            text run at (0,0) width 45: "ABCD"
      LayoutBlockFlow (anonymous) at (0,18) size 784x18
        LayoutBlockFlow {DIV} at (0,0) size 784x18
          LayoutText {#text} at (0,0) size 42x18
            text run at (0,0) width 42: "EFGH"
      LayoutBlockFlow (anonymous) at (0,36) size 784x0
        LayoutInline {SPAN} at (0,0) size 0x0
        LayoutText {#text} at (0,0) size 0x0
