layer at (0,0) size 800x600
  LayoutView at (0,0) size 800x600
layer at (0,0) size 800x600
  LayoutBlockFlow {HTML} at (0,0) size 800x600
    LayoutBlockFlow {BODY} at (8,8) size 784x584
      LayoutBlockFlow {P} at (0,0) size 784x18
        LayoutText {#text} at (0,0) size 733x18
          text run at (0,0) width 733: "The word \"PASSED\" should be shown below with a cirlce before and a square after. This is a test for WebKit bug "
        LayoutInline {A} at (0,0) size 40x18 [color=#0000EE]
          LayoutText {#text} at (732,0) size 40x18
            text run at (732,0) width 40: "11197"
        LayoutText {#text} at (771,0) size 5x18
          text run at (771,0) width 5: "."
      LayoutBlockFlow (anonymous) at (0,34) size 784x16
        LayoutInline {CODE} at (0,0) size 62x15
          LayoutInline {<pseudo:before>} at (0,0) size 8x15
            LayoutCounter (anonymous) at (0,1) size 8x15
              text run at (0,1) width 8: "\x{25E6}"
          LayoutText {#text} at (7,1) size 48x15
            text run at (7,1) width 48: "PASSED"
          LayoutInline {<pseudo:after>} at (0,0) size 8x15
            LayoutCounter (anonymous) at (54,1) size 8x15
              text run at (54,1) width 8: "\x{25A0}"
        LayoutText {#text} at (0,0) size 0x0
