layer at (0,0) size 800x600
  LayoutView at (0,0) size 800x600
layer at (0,0) size 800x70
  LayoutBlockFlow {HTML} at (0,0) size 800x70
    LayoutBlockFlow {BODY} at (8,8) size 784x54
      LayoutBlockFlow {DIV} at (0,0) size 784x18
        LayoutText {#text} at (0,0) size 688x18
          text run at (0,0) width 688: "[^=] attribute selector looking for empty string in empty attribute (the text should not have red background)"
      LayoutBlockFlow {DIV} at (0,18) size 784x18
        LayoutText {#text} at (0,0) size 688x18
          text run at (0,0) width 688: "[$=] attribute selector looking for empty string in empty attribute (the text should not have red background)"
      LayoutBlockFlow {DIV} at (0,36) size 784x18
        LayoutText {#text} at (0,0) size 688x18
          text run at (0,0) width 688: "[*=] attribute selector looking for empty string in empty attribute (the text should not have red background)"
