layer at (0,0) size 800x600
  LayoutView at (0,0) size 800x600
layer at (0,0) size 800x128
  LayoutBlockFlow {HTML} at (0,0) size 800x128
    LayoutBlockFlow {BODY} at (0,24) size 800x80
      LayoutBlockFlow {P} at (0,0) size 800x28
        LayoutInline {A} at (0,0) size 465x28 [color=#0000EE]
          LayoutText {#text} at (0,0) size 465x28
            text run at (0,0) width 465: "https://bugs.webkit.org/show_bug.cgi?id=24753"
      LayoutBlockFlow {P} at (0,52) size 800x28
        LayoutText {#text} at (0,0) size 606x28
          text run at (0,0) width 606: "Test CSS clip with zooming. You should not see any red below"
layer at (75,150) size 150x150
  LayoutBlockFlow (positioned) {DIV} at (75,150) size 150x150 [bgcolor=#FF0000]
layer at (0,75) size 300x300 backgroundClip at (75,150) size 150x150 clip at (75,150) size 150x150
  LayoutBlockFlow (positioned) {DIV} at (0,75) size 300x300 [bgcolor=#008000]
