layer at (0,0) size 800x600 scrollWidth 1576
  LayoutView at (0,0) size 800x600
layer at (0,0) size 800x600
  LayoutBlockFlow {HTML} at (0,0) size 800x600
    LayoutBlockFlow {BODY} at (8,8) size 784x584
layer at (8,8) size 784x18
  LayoutBlockFlow {DIV} at (0,0) size 784x18
    LayoutInline {SPAN} at (0,0) size 223x18 [bgcolor=#FF0000]
      LayoutText {#text} at (0,0) size 223x18
        text run at (0,0) width 223: "This text should be nice and sharp."
    LayoutText {#text} at (0,0) size 0x0
