layer at (0,0) size 800x600
  LayoutView at (0,0) size 800x600
layer at (0,0) size 800x600
  LayoutBlockFlow {HTML} at (0,0) size 800x600
    LayoutBlockFlow {BODY} at (8,8) size 784x584
      LayoutBlockFlow {P} at (0,0) size 784x90
        LayoutText {#text} at (0,0) size 780x90
          text run at (0,0) width 780: "This test demonstrates -webkit-color-correction. Below are 3 images with 20 pixel borders. The images are all the same --"
          text run at (0,18) width 768: "purple with an sRGB color profile. The border is the same CSS color for all three images. The first image has no special"
          text run at (0,36) width 747: "CSS. The second has -webkit-color-correction set to default, so it matches the first image. And the third has -webkit-"
          text run at (0,54) width 766: "color-correction set to sRGB. This color-corrects the purple border from the sRGB color space, and the result is that the"
          text run at (0,72) width 183: "border and the image match."
      LayoutBlockFlow (anonymous) at (0,106) size 784x144
        LayoutImage {IMG} at (0,0) size 140x140 [border: (20px solid #560063)]
        LayoutText {#text} at (140,126) size 4x18
          text run at (140,126) width 4: " "
        LayoutImage {IMG} at (144,0) size 140x140 [border: (20px solid #560063)]
        LayoutText {#text} at (284,126) size 4x18
          text run at (284,126) width 4: " "
        LayoutImage {IMG} at (288,0) size 140x140 [border: (20px solid #560063)]
        LayoutText {#text} at (0,0) size 0x0
