layer at (0,0) size 800x600
  LayoutView at (0,0) size 800x600
layer at (0,0) size 800x600
  LayoutBlockFlow {HTML} at (0,0) size 800x600
    LayoutBlockFlow {BODY} at (8,8) size 784x576
      LayoutBlockFlow {P} at (0,0) size 784x36
        LayoutText {#text} at (0,0) size 784x36
          text run at (0,0) width 784: "The two squares below should not match each other. On the left is an uncorrected image and border, and on the right is the"
          text run at (0,18) width 369: "same image and same border color corrected from sRGB."
      LayoutImage (floating) {IMG} at (0,52) size 140x140 [border: (20px solid #560063)]
      LayoutImage (floating) {IMG} at (140,52) size 140x140 [border: (20px solid #560063)]
