layer at (0,0) size 800x600
  LayoutView at (0,0) size 800x600
layer at (0,0) size 800x600
  LayoutBlockFlow {HTML} at (0,0) size 800x600
    LayoutBlockFlow {BODY} at (8,8) size 784x576
      LayoutBlockFlow {P} at (0,0) size 784x18 [color=#FF0000]
        LayoutText {#text} at (0,0) size 114x18
          text run at (0,0) width 114: "this should be red"
      LayoutBlockFlow {P} at (0,34) size 784x18 [color=#0100FF]
        LayoutText {#text} at (0,0) size 121x18
          text run at (0,0) width 121: "this should be blue"
