layer at (0,0) size 800x600
  LayoutView at (0,0) size 800x600
layer at (0,0) size 800x600
  LayoutBlockFlow {HTML} at (0,0) size 800x600
    LayoutBlockFlow {BODY} at (8,8) size 784x584
      LayoutBlockFlow {P} at (0,0) size 784x36
        LayoutText {#text} at (0,0) size 737x36
          text run at (0,0) width 737: "The shadow should match the color of the top square and not the color of the bottom square. The top square and its"
          text run at (0,18) width 289: "shadow are both color-corrected from sRGB."
      LayoutBlockFlow {DIV} at (0,52) size 100x100 [bgcolor=#560063]
      LayoutBlockFlow (anonymous) at (0,152) size 784x18
        LayoutBR {BR} at (0,0) size 0x18
      LayoutBlockFlow {DIV} at (0,170) size 100x100 [bgcolor=#560063]
