layer at (0,0) size 800x600 clip at (0,0) size 785x600 scrollHeight 860
  LayoutView at (0,0) size 800x600
layer at (0,0) size 785x860 backgroundClip at (0,0) size 785x600 clip at (0,0) size 785x600
  LayoutBlockFlow {HTML} at (0,0) size 785x860
    LayoutBlockFlow {BODY} at (8,8) size 769x576
      LayoutBlockFlow {P} at (0,0) size 769x36
        LayoutText {#text} at (0,0) size 756x36
          text run at (0,0) width 756: "The two squares below should not match each other. On the left an uncorrected image is tiled as a background, and on"
          text run at (0,18) width 515: "the right the same image is tiled as a background, but it is corrected from sRGB."
      LayoutBlockFlow (floating) {DIV} at (0,52) size 400x400
      LayoutBlockFlow (floating) {DIV} at (0,452) size 400x400
