layer at (0,0) size 800x600
  LayoutView at (0,0) size 800x600
layer at (0,0) size 800x236
  LayoutBlockFlow {HTML} at (0,0) size 800x236
    LayoutBlockFlow {BODY} at (8,8) size 784x212
      LayoutBlockFlow {DIV} at (0,0) size 784x108
        LayoutBlockFlow {DIV} at (0,0) size 784x18
          LayoutInline {<pseudo:before>} at (0,0) size 37x18
            LayoutTextFragment (anonymous) at (0,0) size 37x18
              text run at (0,0) width 37: "PASS"
        LayoutBlockFlow {DIV} at (0,18) size 784x18
          LayoutInline {<pseudo:before>} at (0,0) size 37x18
            LayoutTextFragment (anonymous) at (0,0) size 37x18
              text run at (0,0) width 37: "PASS"
        LayoutBlockFlow {DIV} at (0,36) size 784x18
          LayoutInline {<pseudo:before>} at (0,0) size 37x18
            LayoutTextFragment (anonymous) at (0,0) size 37x18
              text run at (0,0) width 37: "PASS"
        LayoutBlockFlow {DIV} at (0,54) size 784x18
          LayoutInline {<pseudo:before>} at (0,0) size 37x18
            LayoutTextFragment (anonymous) at (0,0) size 37x18
              text run at (0,0) width 37: "PASS"
        LayoutBlockFlow {DIV} at (0,72) size 784x18
          LayoutInline {<pseudo:before>} at (0,0) size 37x18
            LayoutTextFragment (anonymous) at (0,0) size 37x18
              text run at (0,0) width 37: "PASS"
        LayoutBlockFlow {DIV} at (0,90) size 784x18
          LayoutInline {<pseudo:before>} at (0,0) size 37x18
            LayoutTextFragment (anonymous) at (0,0) size 37x18
              text run at (0,0) width 37: "PASS"
      LayoutBlockFlow {DIV} at (0,124) size 784x88
        LayoutBlockFlow {P} at (0,0) size 784x18
          LayoutInline {A} at (0,0) size 683x18 [color=#0000EE]
            LayoutText {#text} at (0,0) size 683x18
              text run at (0,0) width 683: "Bug 23741: StyleRareNonInheritedData::operator==() should not compare ContentData objects by pointer"
        LayoutBlockFlow {OL} at (0,34) size 784x54
          LayoutListItem {LI} at (40,0) size 744x18
            LayoutListMarker (anonymous) at (-16,0) size 16x18: "1"
            LayoutText {#text} at (0,0) size 348x18
              text run at (0,0) width 348: "All lines above should be \"PASS\" on initial page load."
          LayoutListItem {LI} at (40,18) size 744x18
            LayoutListMarker (anonymous) at (-16,0) size 16x18: "2"
            LayoutText {#text} at (0,0) size 142x18
              text run at (0,0) width 142: "Reload the page once."
          LayoutListItem {LI} at (40,36) size 744x18
            LayoutListMarker (anonymous) at (-16,0) size 16x18: "3"
            LayoutText {#text} at (0,0) size 249x18
              text run at (0,0) width 249: "All lines above should still be \"PASS\"."
