layer at (0,0) size 800x600
  LayoutView at (0,0) size 800x600
layer at (0,0) size 800x118
  LayoutBlockFlow {html} at (0,0) size 800x118
    LayoutBlockFlow {body} at (8,16) size 784x86
      LayoutBlockFlow {p} at (0,0) size 784x18
        LayoutText {#text} at (0,0) size 775x18
          text run at (0,0) width 775: "Below both lines should be centered. The first is static, the second is dynamically generated using javascript. Bug 14506."
      LayoutBlockFlow {p} at (0,34) size 784x18
        LayoutText {#text} at (330,0) size 124x18
          text run at (330,0) width 124: "Should be centered"
      LayoutBlockFlow {p} at (0,68) size 784x18
        LayoutText {#text} at (330,0) size 124x18
          text run at (330,0) width 124: "Should be centered"
