layer at (0,0) size 800x600
  LayoutView at (0,0) size 800x600
layer at (0,0) size 800x600
  LayoutBlockFlow {HTML} at (0,0) size 800x600
    LayoutBlockFlow {BODY} at (8,8) size 784x584
      LayoutBlockFlow {P} at (0,0) size 784x18
        LayoutText {#text} at (0,0) size 54x18
          text run at (0,0) width 54: "Test for "
        LayoutInline {A} at (0,0) size 68x18 [color=#0000EE]
          LayoutText {#text} at (53,0) size 68x18
            text run at (53,0) width 68: "bug 11575"
        LayoutText {#text} at (120,0) size 418x18
          text run at (120,0) width 418: ": REGRESSION: WebCore crash in CSSParser/HTMLTokenizer."
      LayoutBlockFlow {P} at (0,34) size 784x36
        LayoutText {#text} at (0,0) size 765x36
          text run at (0,0) width 765: "All four sides of the square below should be present for this test to really pass, and WebKit shouldn't crash for it to pass"
          text run at (0,18) width 57: "partially."
      LayoutBlockFlow {DIV} at (0,86) size 106x106 [border: (3px solid #000000)]
