layer at (0,0) size 800x600
  LayoutView at (0,0) size 800x600
layer at (0,0) size 800x419
  LayoutBlockFlow {HTML} at (0,0) size 800x419.42
    LayoutBlockFlow {BODY} at (8,16) size 784x387.42
      LayoutBlockFlow {DIV} at (0,0) size 784x36 [color=#008000] [bgcolor=#FFFFFF]
        LayoutBlockFlow {P} at (0,0) size 784x36
          LayoutText {#text} at (0,0) size 751x36
            text run at (0,0) width 751: "First sentence: this text should be green. The markup code is invalid according to W3C HTML validator and the CSS"
            text run at (0,18) width 312: "code is invalid according to W3C CSS validator."
      LayoutBlockFlow {DIV} at (0,52) size 784x54 [color=#008000] [bgcolor=#FFFFFF]
        LayoutBlockFlow {P} at (0,0) size 784x54 [color=#FF0000]
          LayoutText {#text} at (0,0) size 753x54
            text run at (0,0) width 753: "Second sentence: this text should be green according to CSS 1 but it should be red according to CSS 2.1. The markup"
            text run at (0,18) width 735: "code is also invalid according to W3C HTML validator but the CSS code is perfectly valid according to W3C CSS"
            text run at (0,36) width 60: "validator."
      LayoutBlockFlow {H3} at (0,124.72) size 784x44 [color=#008000] [bgcolor=#FFFFFF]
        LayoutText {#text} at (0,0) size 749x44
          text run at (0,0) width 749: "Third sentence: this text should be green. The markup code is valid according to W3C HTML"
          text run at (0,22) width 561: "validator but the CSS code is invalid according to W3C CSS validator."
      LayoutBlockFlow {H4} at (0,189.98) size 784x54 [color=#FF0000] [bgcolor=#FFFFFF]
        LayoutText {#text} at (0,0) size 784x54
          text run at (0,0) width 784: "Fourth sentence: this text should be green according to CSS 1 (class name can not start with a dash in CSS 1) but it"
          text run at (0,18) width 777: "should be red according to CSS 2.1 and the markup code is valid according to W3C HTML validator and the CSS"
          text run at (0,36) width 379: "code is perfectly valid according to W3C CSS validator."
      LayoutBlockFlow {H5} at (0,270.70) size 784x72 [color=#800080] [bgcolor=#FFFFFF]
        LayoutText {#text} at (0,0) size 779x72
          text run at (0,0) width 770: "Fifth sentence: this text should be green according to CSS 1 (class name can not start with a dash in CSS 1) but it"
          text run at (0,18) width 723: "should be purple according to latest CSS 2.1 WD (class name can not start with a dash unless immediately"
          text run at (0,36) width 779: "followed by [_A-Za-z] character in CSS 2.1) and the markup code is valid according to W3C HTML validator and"
          text run at (0,54) width 466: "the CSS code is perfectly valid according to the W3C CSS validator!"
      LayoutBlockFlow {P} at (0,369.42) size 784x18
        LayoutText {#text} at (0,0) size 28x18
          text run at (0,0) width 28: "See "
        LayoutInline {A} at (0,0) size 71x18 [color=#0000EE]
          LayoutText {#text} at (27,0) size 71x18
            text run at (27,0) width 71: "Bug 14373"
        LayoutInline {A} at (0,0) size 5x18
          LayoutText {#text} at (97,0) size 5x18
            text run at (97,0) width 5: "."
      LayoutBlockFlow (anonymous) at (0,403.42) size 784x0
        LayoutInline {A} at (0,0) size 0x0
          LayoutText {#text} at (0,0) size 0x0
