layer at (0,0) size 800x600
  LayoutView at (0,0) size 800x600
layer at (0,0) size 800x600
  LayoutBlockFlow {HTML} at (0,0) size 800x600
    LayoutBlockFlow {BODY} at (8,8) size 784x584
      LayoutBlockFlow {DIV} at (0,0) size 784x18 [color=#008000] [bgcolor=#FFFF00]
        LayoutText {#text} at (0,0) size 109x18
          text run at (0,0) width 109: "Green on Yellow"
      LayoutBlockFlow {DIV} at (0,18) size 784x18 [color=#0000FF] [bgcolor=#C0C0C0]
        LayoutText {#text} at (0,0) size 93x18
          text run at (0,0) width 93: "Blue on Silver"
      LayoutBlockFlow {DIV} at (0,36) size 784x18 [color=#008000]
        LayoutText {#text} at (0,0) size 40x18
          text run at (0,0) width 40: "Green"
      LayoutBlockFlow {DIV} at (0,54) size 784x18 [color=#0000FF]
        LayoutText {#text} at (0,0) size 31x18
          text run at (0,0) width 31: "Blue"
      LayoutBlockFlow {DIV} at (0,72) size 784x18 [color=#008000]
        LayoutText {#text} at (0,0) size 40x18
          text run at (0,0) width 40: "Green"
      LayoutBlockFlow {DIV} at (0,90) size 784x18 [color=#0000FF]
        LayoutText {#text} at (0,0) size 31x18
          text run at (0,0) width 31: "Blue"
