layer at (0,0) size 800x600
  LayoutView at (0,0) size 800x600
layer at (0,0) size 800x90
  LayoutBlockFlow {HTML} at (0,0) size 800x90
    LayoutBlockFlow {BODY} at (8,16) size 784x66
      LayoutBlockFlow {P} at (0,0) size 784x18
        LayoutText {#text} at (0,0) size 237x18
          text run at (0,0) width 237: "There should be no RED on the page"
      LayoutBlockFlow {DIV} at (0,34) size 784x32
