layer at (0,0) size 800x600
  LayoutView at (0,0) size 800x600
layer at (0,0) size 800x34
  LayoutBlockFlow {HTML} at (0,0) size 800x34
    LayoutBlockFlow {BODY} at (8,8) size 784x18
      LayoutText {#text} at (0,0) size 217x18
        text run at (0,0) width 217: "This page intentionally left blank."
      LayoutInline {<pseudo:after>} at (0,0) size 0x0
        LayoutTextFragment (anonymous) at (0,0) size 0x0
    LayoutBlockFlow (anonymous) at (0,34) size 800x0
      LayoutInline {<pseudo:after>} at (0,0) size 0x0
        LayoutTextFragment (anonymous) at (0,0) size 0x0
