layer at (0,0) size 800x600
  LayoutView at (0,0) size 800x600
layer at (0,0) size 800x600
  LayoutBlockFlow {HTML} at (0,0) size 800x600
    LayoutBlockFlow {BODY} at (8,8) size 784x576
      LayoutBlockFlow {P} at (0,0) size 784x18
        LayoutText {#text} at (0,0) size 49x18
          text run at (0,0) width 49: "test for "
        LayoutInline {A} at (0,0) size 61x18 [color=#0000EE]
          LayoutText {#text} at (48,0) size 61x18
            text run at (48,0) width 61: "bug 7157"
        LayoutText {#text} at (108,0) size 672x18
          text run at (108,0) width 672: ": An asterisk in a CSS property name breaks CSS handling (Many layout problems at letras.terra.com.br)"
      LayoutBlockFlow {P} at (0,34) size 784x18 [color=#008000]
        LayoutText {#text} at (0,0) size 168x18
          text run at (0,0) width 168: "Should be green on white."
      LayoutBlockFlow {P} at (0,68) size 784x18 [color=#008000]
        LayoutText {#text} at (0,0) size 168x18
          text run at (0,0) width 168: "Should be green on white."
      LayoutBlockFlow {P} at (0,102) size 784x18 [color=#008000]
        LayoutText {#text} at (0,0) size 168x18
          text run at (0,0) width 168: "Should be green on white."
