layer at (0,0) size 800x600
  LayoutView at (0,0) size 800x600
layer at (0,0) size 800x600
  LayoutBlockFlow {HTML} at (0,0) size 800x600
    LayoutBlockFlow {BODY} at (8,8) size 784x584
      LayoutBlockFlow {P} at (0,0) size 784x36
        LayoutText {#text} at (0,0) size 54x18
          text run at (0,0) width 54: "Test for "
        LayoutInline {I} at (0,0) size 730x36
          LayoutInline {A} at (0,0) size 353x18 [color=#0000EE]
            LayoutText {#text} at (53,0) size 353x18
              text run at (53,0) width 353: "http://bugzilla.opendarwin.org/show_bug.cgi?id=9124"
          LayoutText {#text} at (405,0) size 730x36
            text run at (405,0) width 5: " "
            text run at (409,0) width 321: "Drop shadow obscures \"add more stuff\" bubble at"
            text run at (0,18) width 54: "live.com"
        LayoutText {#text} at (53,18) size 5x18
          text run at (53,18) width 5: "."
layer at (8,60) size 784x2 clip at (0,0) size 0x0
  LayoutBlockFlow {HR} at (0,52) size 784x2 [border: (1px inset #EEEEEE)]
layer at (8,70) size 784x0
  LayoutBlockFlow (relative positioned) {DIV} at (0,62) size 784x0
layer at (8,70) size 100x100
  LayoutBlockFlow (positioned) {DIV} at (0,0) size 100x100 [bgcolor=#FF0000]
layer at (8,70) size 100x100
  LayoutBlockFlow (positioned) {DIV} at (0,0) size 100x100 [bgcolor=#008000]
layer at (8,70) size 100x0
  LayoutBlockFlow (relative positioned) {DIV} at (0,0) size 100x0
