layer at (0,0) size 800x600
  LayoutView at (0,0) size 800x600
layer at (0,0) size 800x600
  LayoutBlockFlow {HTML} at (0,0) size 800x600
    LayoutBlockFlow {BODY} at (8,8) size 784x584
      LayoutBlockFlow {H3} at (0,0) size 784x22
        LayoutText {#text} at (0,0) size 575x22
          text run at (0,0) width 575: "Test case for First-line text-decoration style inherited from Parent Block"
      LayoutBlockFlow {P} at (0,40.72) size 784x18
        LayoutText {#text} at (0,0) size 461x18
          text run at (0,0) width 461: "The First line text and its text-decoration must be of the same color."
      LayoutBlockFlow {DIV} at (0,74.72) size 784x100 [color=#FF0000]
        LayoutBlockFlow {P} at (0,0) size 784x66 [color=#008000]
          LayoutText {#text} at (0,10) size 626x28
            text run at (0,10) width 626: "Underline Underline Underline Underline"
          LayoutBR {BR} at (625,32) size 1x0
          LayoutText {#text} at (0,48) size 286x18
            text run at (0,48) width 286: "Underline Underline Underline Underline"
          LayoutBR {BR} at (285,62) size 1x0
        LayoutBlockFlow (anonymous) at (0,82) size 784x18
          LayoutText {#text} at (0,0) size 268x18
            text run at (0,0) width 268: "Underline Underline Underline Underline"
      LayoutBlockFlow (anonymous) at (0,174.72) size 784x18
        LayoutBR {BR} at (0,0) size 0x18
      LayoutBlockFlow {DIV} at (0,208.72) size 784x100 [color=#FF0000]
        LayoutBlockFlow {P} at (0,0) size 784x66 [color=#008000]
          LayoutText {#text} at (0,10) size 553x28
            text run at (0,10) width 553: "Overline Overline Overline Overline"
          LayoutBR {BR} at (552,32) size 1x0
          LayoutText {#text} at (0,48) size 251x18
            text run at (0,48) width 251: "Overline Overline Overline Overline"
          LayoutBR {BR} at (250,62) size 1x0
        LayoutBlockFlow (anonymous) at (0,82) size 784x18
          LayoutText {#text} at (0,0) size 236x18
            text run at (0,0) width 236: "Overline Overline Overline Overline"
      LayoutBlockFlow (anonymous) at (0,308.72) size 784x18
        LayoutBR {BR} at (0,0) size 0x18
      LayoutBlockFlow {DIV} at (0,342.72) size 784x100 [color=#FF0000]
        LayoutBlockFlow {P} at (0,0) size 784x66 [color=#008000]
          LayoutText {#text} at (0,10) size 721x28
            text run at (0,10) width 721: "Line-Through Line-Through Line-Through Line "
          LayoutBR {BR} at (720,32) size 1x0
          LayoutText {#text} at (0,48) size 399x18
            text run at (0,48) width 399: "Line-Through Line-Through Line-Through Line-Through"
          LayoutBR {BR} at (398,62) size 1x0
        LayoutBlockFlow (anonymous) at (0,82) size 784x18
          LayoutText {#text} at (0,0) size 371x18
            text run at (0,0) width 371: "Line-Through Line-Through Line-Through Line-Through"
      LayoutBlockFlow (anonymous) at (0,442.72) size 784x18
        LayoutBR {BR} at (0,0) size 0x18
