layer at (0,0) size 800x600
  LayoutView at (0,0) size 800x600
layer at (0,0) size 800x600
  LayoutBlockFlow {HTML} at (0,0) size 800x600
    LayoutBlockFlow {BODY} at (8,8) size 784x576
      LayoutBlockFlow {P} at (0,0) size 784x36
        LayoutText {#text} at (0,0) size 54x18
          text run at (0,0) width 54: "Test for "
        LayoutInline {I} at (0,0) size 673x36
          LayoutInline {A} at (0,0) size 305x18 [color=#0000EE]
            LayoutText {#text} at (53,0) size 305x18
              text run at (53,0) width 305: "http://bugs.webkit.org/show_bug.cgi?id=14545"
          LayoutText {#text} at (357,0) size 673x36
            text run at (357,0) width 5: " "
            text run at (361,0) width 312: "REGRESSION (r21854-r21869): Repro crash in"
            text run at (0,18) width 355: "LayoutBlockFlow::updateFirstLetter @ nola.com/rose/"
        LayoutText {#text} at (354,18) size 5x18
          text run at (354,18) width 5: "."
      LayoutBlockFlow {P} at (0,52) size 784x18
        LayoutText {#text} at (0,0) size 255x18
          text run at (0,0) width 255: "The following lines should be identical:"
      LayoutBlockFlow {DIV} at (0,86) size 784x18
        LayoutInline {<pseudo:first-letter>} at (0,0) size 10x18 [color=#008000]
          LayoutTextFragment (anonymous) at (0,0) size 10x18
            text run at (0,0) width 10: "L"
        LayoutTextFragment {#text} at (9,0) size 78x18
          text run at (9,0) width 78: "orem Ipsum"
      LayoutBlockFlow {P} at (0,120) size 784x18
        LayoutInline {SPAN} at (0,0) size 10x18 [color=#008000]
          LayoutText {#text} at (0,0) size 10x18
            text run at (0,0) width 10: "L"
        LayoutText {#text} at (9,0) size 78x18
          text run at (9,0) width 78: "orem Ipsum"
