layer at (0,0) size 800x600
  LayoutView at (0,0) size 800x600
layer at (0,0) size 800x600
  LayoutBlockFlow {HTML} at (0,0) size 800x600
    LayoutBlockFlow {BODY} at (8,8) size 784x576
      LayoutBlockFlow {P} at (0,0) size 784x36
        LayoutText {#text} at (0,0) size 54x18
          text run at (0,0) width 54: "Test for "
        LayoutInline {I} at (0,0) size 768x36
          LayoutInline {A} at (0,0) size 305x18 [color=#0000EE]
            LayoutText {#text} at (53,0) size 305x18
              text run at (53,0) width 305: "http://bugs.webkit.org/show_bug.cgi?id=17834"
          LayoutText {#text} at (357,0) size 768x36
            text run at (357,0) width 5: " "
            text run at (361,0) width 407: "REGRESSION: floated first-letter does not work when included"
            text run at (0,18) width 49: "in table"
        LayoutText {#text} at (48,18) size 5x18
          text run at (48,18) width 5: "."
      LayoutBlockFlow {P} at (0,52) size 784x18
        LayoutText {#text} at (0,0) size 280x18
          text run at (0,0) width 280: "The following three lines should look like \x{201C}"
        LayoutInline {SPAN} at (0,0) size 13x18 [color=#008000]
          LayoutText {#text} at (279,0) size 13x18
            text run at (279,0) width 13: "A"
        LayoutText {#text} at (291,0) size 27x18
          text run at (291,0) width 27: "-Z\x{201D}."
      LayoutTable {TABLE} at (0,86) size 33x24
        LayoutTableSection {TBODY} at (0,0) size 33x24
          LayoutTableRow {TR} at (0,2) size 33x20
            LayoutTableCell {TD} at (2,2) size 29x20 [r=0 c=0 rs=1 cs=1]
              LayoutBlockFlow {DIV} at (1,1) size 27x18
                LayoutBlockFlow {P} at (0,0) size 27x18
                  LayoutBlockFlow (floating) {<pseudo:first-letter>} at (0,0) size 11.56x18 [color=#008000]
                    LayoutTextFragment (anonymous) at (0,0) size 12x18
                      text run at (0,0) width 12: "A"
                  LayoutTextFragment {#text} at (11,0) size 16x18
                    text run at (11,0) width 16: "-Z"
      LayoutTable {TABLE} at (0,110) size 33x24
        LayoutTableSection {TBODY} at (0,0) size 33x24
          LayoutTableRow {TR} at (0,2) size 33x20
            LayoutTableCell {TD} at (2,2) size 29x20 [r=0 c=0 rs=1 cs=1]
              LayoutBlockFlow {P} at (1,1) size 27x18
                LayoutBlockFlow (floating) {<pseudo:first-letter>} at (0,0) size 11.56x18 [color=#008000]
                  LayoutTextFragment (anonymous) at (0,0) size 12x18
                    text run at (0,0) width 12: "A"
                LayoutTextFragment {#text} at (11,0) size 16x18
                  text run at (11,0) width 16: "-Z"
      LayoutBlockFlow {P} at (0,150) size 784x18
        LayoutBlockFlow (floating) {<pseudo:first-letter>} at (0,0) size 11.56x18 [color=#008000]
          LayoutTextFragment (anonymous) at (0,0) size 12x18
            text run at (0,0) width 12: "A"
        LayoutTextFragment {#text} at (11,0) size 16x18
          text run at (11,0) width 16: "-Z"
