layer at (0,0) size 800x600
  LayoutView at (0,0) size 800x600
layer at (0,0) size 800x600
  LayoutBlockFlow {HTML} at (0,0) size 800x600
    LayoutBlockFlow {BODY} at (8,8) size 784x584
      LayoutBlockFlow {P} at (0,0) size 784x36
        LayoutText {#text} at (0,0) size 54x18
          text run at (0,0) width 54: "Test for "
        LayoutInline {I} at (0,0) size 775x36
          LayoutInline {A} at (0,0) size 312x18 [color=#0000EE]
            LayoutText {#text} at (53,0) size 312x18
              text run at (53,0) width 312: "https://bugs.webkit.org/show_bug.cgi?id=18818"
          LayoutText {#text} at (364,0) size 775x36
            text run at (364,0) width 5: " "
            text run at (368,0) width 407: "REGRESSION (3.1.1-TOT): Character order (float:left ordered"
            text run at (0,18) width 126: "after the first letter)"
        LayoutText {#text} at (125,18) size 5x18
          text run at (125,18) width 5: "."
      LayoutBlockFlow {P} at (0,52) size 784x18
        LayoutText {#text} at (0,0) size 203x18
          text run at (0,0) width 203: "The next line should say \x{201C}123\x{201D}."
      LayoutBlockFlow {DIV} at (0,86) size 784x18
        LayoutBlockFlow (floating) {SPAN} at (0,0) size 8x18
          LayoutText {#text} at (0,0) size 8x18
            text run at (0,0) width 8: "1"
        LayoutBlockFlow (floating) {<pseudo:first-letter>} at (8,0) size 8x18
          LayoutTextFragment (anonymous) at (0,0) size 8x18
            text run at (0,0) width 8: "2"
        LayoutTextFragment {#text} at (16,0) size 8x18
          text run at (16,0) width 8: "3"
