layer at (0,0) size 800x600
  LayoutView at (0,0) size 800x600
layer at (0,0) size 800x600
  LayoutBlockFlow {HTML} at (0,0) size 800x600
    LayoutBlockFlow {BODY} at (8,8) size 784x584
      LayoutBlockFlow {P} at (0,0) size 784x36
        LayoutText {#text} at (0,0) size 769x36
          text run at (0,0) width 769: "Assuming the port-specific theme draws focus rings, this test can be used to ensure that a focus ring is drawn with green"
          text run at (0,18) width 85: "outline color."
      LayoutBlockFlow (anonymous) at (0,52) size 784x18
        LayoutInline {A} at (0,0) size 27x18 [color=#0000EE]
          LayoutText {#text} at (0,0) size 27x18
            text run at (0,0) width 27: "Test"
        LayoutText {#text} at (0,0) size 0x0
