layer at (0,0) size 800x600
  LayoutView at (0,0) size 800x600
layer at (0,0) size 800x70
  LayoutBlockFlow {HTML} at (0,0) size 800x70
    LayoutBlockFlow {BODY} at (8,8) size 784x54
      LayoutBlockFlow (anonymous) at (0,0) size 784x18
        LayoutText {#text} at (0,0) size 702x18
          text run at (0,0) width 702: "Tests focus ring around an inline element containing block continuations. There should be a single focus ring."
      LayoutBlockFlow {DIV} at (0,18) size 200x36
        LayoutBlockFlow (anonymous) at (0,0) size 200x18
          LayoutInline {SPAN} at (0,0) size 99x18
            LayoutText {#text} at (0,0) size 99x18
              text run at (0,0) width 99: "INLINE TEXT"
        LayoutBlockFlow (anonymous) at (0,18) size 200x18
        LayoutBlockFlow (anonymous) at (0,36) size 200x0
          LayoutInline {SPAN} at (0,0) size 0x0
          LayoutText {#text} at (0,0) size 0x0
layer at (8,41) size 200x18
  LayoutBlockFlow (relative positioned) {DIV} at (0,0) size 200x18
    LayoutText {#text} at (0,0) size 142x18
      text run at (0,0) width 142: "BLOCK CONTENTS"
