layer at (0,0) size 800x600
  LayoutView at (0,0) size 800x600
layer at (0,0) size 800x600
  LayoutBlockFlow {HTML} at (0,0) size 800x600
    LayoutBlockFlow {BODY} at (8,8) size 784x584
      LayoutTable {TABLE} at (0,0) size 460x150
        LayoutTableSection {TBODY} at (0,0) size 460x150
          LayoutTableRow {TR} at (0,2) size 460x146
            LayoutTableCell {TD} at (2,2) size 102x146 [r=0 c=0 rs=1 cs=1]
              LayoutText {#text} at (1,1) size 29x18
                text run at (1,1) width 29: "The "
              LayoutInline {A} at (0,0) size 99x144 [color=#0000EE]
                LayoutText {#text} at (29,1) size 99x144
                  text run at (29,1) width 69: "text in this"
                  text run at (1,19) width 99: "anchor element"
                  text run at (1,37) width 88: "should spawn"
                  text run at (1,55) width 92: "multiple lines."
                  text run at (1,73) width 99: "This test shows"
                  text run at (1,91) width 90: "how multiline"
                  text run at (1,109) width 69: "link would"
                  text run at (1,127) width 29: "look"
              LayoutText {#text} at (29,127) size 29x18
                text run at (29,127) width 29: "like."
            LayoutTableCell {TD} at (106,56) size 352x38 [r=0 c=1 rs=1 cs=1]
              LayoutText {#text} at (1,1) size 346x36
                text run at (1,1) width 346: "This is some filler text. This is some filler text. This is"
                text run at (1,19) width 252: "some filler text. This is some filler text."
