layer at (0,0) size 800x600
  LayoutView at (0,0) size 800x600
layer at (0,0) size 800x490
  LayoutBlockFlow {HTML} at (0,0) size 800x490
    LayoutBlockFlow {BODY} at (8,16) size 784x466
      LayoutBlockFlow {P} at (0,0) size 784x18
        LayoutText {#text} at (0,0) size 267x18
          text run at (0,0) width 267: "You should see the numbers 1 to 9 below."
      LayoutBlockFlow {DIV} at (0,34) size 784x48
        LayoutText {#text} at (0,2) size 24x44
          text run at (0,2) width 24: "A"
      LayoutBlockFlow {DIV} at (0,82) size 784x48
        LayoutText {#text} at (0,2) size 26x44
          text run at (0,2) width 26: "A"
      LayoutBlockFlow {DIV} at (0,130) size 784x48
        LayoutText {#text} at (0,2) size 27x44
          text run at (0,2) width 27: "A"
      LayoutBlockFlow {DIV} at (0,178) size 784x48
        LayoutText {#text} at (0,2) size 28x44
          text run at (0,2) width 28: "A"
      LayoutBlockFlow {DIV} at (0,226) size 784x48
        LayoutText {#text} at (0,2) size 29x44
          text run at (0,2) width 29: "A"
      LayoutBlockFlow {DIV} at (0,274) size 784x48
        LayoutText {#text} at (0,2) size 30x44
          text run at (0,2) width 30: "A"
      LayoutBlockFlow {DIV} at (0,322) size 784x48
        LayoutText {#text} at (0,2) size 31x44
          text run at (0,2) width 31: "A"
      LayoutBlockFlow {DIV} at (0,370) size 784x48
        LayoutText {#text} at (0,2) size 32x44
          text run at (0,2) width 32: "A"
      LayoutBlockFlow {DIV} at (0,418) size 784x48
        LayoutText {#text} at (0,2) size 33x44
          text run at (0,2) width 33: "A"
