layer at (0,0) size 800x600
  LayoutView at (0,0) size 800x600
layer at (0,0) size 800x600
  LayoutBlockFlow {HTML} at (0,0) size 800x600
    LayoutBlockFlow {BODY} at (8,8) size 784x584
      LayoutBlockFlow {P} at (0,0) size 784x36
        LayoutText {#text} at (0,0) size 750x36
          text run at (0,0) width 750: "The following two lines should look differently. The first line is synthetic bold of normal face, the second line is bold"
          text run at (0,18) width 31: "face."
      LayoutBlockFlow {DIV} at (0,52) size 784x23
        LayoutInline {SPAN} at (0,0) size 366x22
          LayoutText {#text} at (0,0) size 366x22
            text run at (0,0) width 366: "The quick brown fox jumps over the lazy dog"
      LayoutBlockFlow {DIV} at (0,75) size 784x23
        LayoutInline {SPAN} at (0,0) size 387x22
          LayoutText {#text} at (0,0) size 387x22
            text run at (0,0) width 387: "The quick brown fox jumps over the lazy dog"
      LayoutBlockFlow {P} at (0,114) size 784x36
        LayoutText {#text} at (0,0) size 757x36
          text run at (0,0) width 757: "The following two lines should look differently. The first line is synthetic italic of normal face, the second line is italic"
          text run at (0,18) width 31: "face."
      LayoutBlockFlow {DIV} at (0,166) size 784x23
        LayoutInline {SPAN} at (0,0) size 366x22
          LayoutText {#text} at (0,0) size 366x22
            text run at (0,0) width 366: "The quick brown fox jumps over the lazy dog"
      LayoutBlockFlow {DIV} at (0,189) size 784x23
        LayoutInline {SPAN} at (0,0) size 359x22
          LayoutText {#text} at (0,0) size 359x22
            text run at (0,0) width 359: "The quick brown fox jumps over the lazy dog"
