layer at (0,0) size 800x600
  LayoutView at (0,0) size 800x600
layer at (0,0) size 800x600
  LayoutBlockFlow {HTML} at (0,0) size 800x600
    LayoutBlockFlow {BODY} at (8,8) size 784x584
      LayoutBlockFlow {P} at (0,0) size 784x36
        LayoutText {#text} at (0,0) size 54x18
          text run at (0,0) width 54: "Test for "
        LayoutInline {I} at (0,0) size 759x36
          LayoutInline {A} at (0,0) size 312x18 [color=#0000EE]
            LayoutText {#text} at (53,0) size 312x18
              text run at (53,0) width 312: "https://bugs.webkit.org/show_bug.cgi?id=34147"
          LayoutText {#text} at (364,0) size 759x36
            text run at (364,0) width 395: " If @font-face does not provide an explicit italic/bold variant,"
            text run at (0,18) width 96: "regular is used"
        LayoutText {#text} at (95,18) size 5x18
          text run at (95,18) width 5: "."
      LayoutBlockFlow {P} at (0,52) size 784x36
        LayoutText {#text} at (0,0) size 335x18
          text run at (0,0) width 335: "Checks if WebKit font matching algorithm matches "
        LayoutInline {A} at (0,0) size 169x18 [color=#0000EE]
          LayoutText {#text} at (334,0) size 169x18
            text run at (334,0) width 169: "the latest CSS3 Fonts WD"
        LayoutText {#text} at (502,0) size 750x36
          text run at (502,0) width 248: ". If the test passes, all 14 glyphs below"
          text run at (0,18) width 157: "should be black squares:"
      LayoutBlockFlow (anonymous) at (0,104) size 784x18
        LayoutInline {SPAN} at (0,0) size 16x16
          LayoutText {#text} at (0,1) size 16x16
            text run at (0,1) width 16: "A"
        LayoutText {#text} at (16,0) size 4x18
          text run at (16,0) width 4: " "
        LayoutInline {SPAN} at (0,0) size 16x16
          LayoutText {#text} at (20,1) size 16x16
            text run at (20,1) width 16: "A"
        LayoutText {#text} at (36,0) size 4x18
          text run at (36,0) width 4: " "
        LayoutInline {SPAN} at (0,0) size 16x16
          LayoutText {#text} at (40,1) size 16x16
            text run at (40,1) width 16: "A"
        LayoutText {#text} at (56,0) size 4x18
          text run at (56,0) width 4: " "
        LayoutInline {SPAN} at (0,0) size 16x16
          LayoutText {#text} at (60,1) size 16x16
            text run at (60,1) width 16: "A"
        LayoutText {#text} at (76,0) size 4x18
          text run at (76,0) width 4: " "
        LayoutInline {SPAN} at (0,0) size 16x16
          LayoutText {#text} at (80,1) size 16x16
            text run at (80,1) width 16: "A"
        LayoutText {#text} at (96,0) size 4x18
          text run at (96,0) width 4: " "
        LayoutInline {SPAN} at (0,0) size 16x16
          LayoutText {#text} at (100,1) size 16x16
            text run at (100,1) width 16: "A"
        LayoutText {#text} at (116,0) size 4x18
          text run at (116,0) width 4: " "
        LayoutInline {SPAN} at (0,0) size 16x16
          LayoutText {#text} at (120,1) size 16x16
            text run at (120,1) width 16: "A"
        LayoutText {#text} at (136,0) size 4x18
          text run at (136,0) width 4: " "
        LayoutInline {SPAN} at (0,0) size 16x16
          LayoutText {#text} at (140,1) size 16x16
            text run at (140,1) width 16: "A"
        LayoutText {#text} at (156,0) size 4x18
          text run at (156,0) width 4: " "
        LayoutInline {SPAN} at (0,0) size 16x16
          LayoutText {#text} at (160,1) size 16x16
            text run at (160,1) width 16: "A"
        LayoutText {#text} at (176,0) size 4x18
          text run at (176,0) width 4: " "
        LayoutInline {SPAN} at (0,0) size 16x16
          LayoutText {#text} at (180,1) size 16x16
            text run at (180,1) width 16: "A"
        LayoutText {#text} at (196,0) size 4x18
          text run at (196,0) width 4: " "
        LayoutInline {SPAN} at (0,0) size 16x16
          LayoutText {#text} at (200,1) size 16x16
            text run at (200,1) width 16: "A"
        LayoutText {#text} at (216,0) size 4x18
          text run at (216,0) width 4: " "
        LayoutInline {SPAN} at (0,0) size 16x16
          LayoutText {#text} at (220,1) size 16x16
            text run at (220,1) width 16: "A"
        LayoutText {#text} at (236,0) size 4x18
          text run at (236,0) width 4: " "
        LayoutInline {SPAN} at (0,0) size 16x16
          LayoutText {#text} at (240,1) size 16x16
            text run at (240,1) width 16: "A"
        LayoutText {#text} at (256,0) size 4x18
          text run at (256,0) width 4: " "
        LayoutInline {SPAN} at (0,0) size 16x16
          LayoutText {#text} at (260,1) size 16x16
            text run at (260,1) width 16: "A"
        LayoutText {#text} at (0,0) size 0x0
