layer at (0,0) size 800x600
  LayoutView at (0,0) size 800x600
layer at (0,0) size 800x600
  LayoutBlockFlow {HTML} at (0,0) size 800x600
    LayoutBlockFlow {BODY} at (8,8) size 784x584
      LayoutBlockFlow {DIV} at (0,0) size 784x10
        LayoutText {#text} at (0,-1) size 440x12
          text run at (0,-1) width 440: "This should be fairly small text, rather than huge, it should also be set in sans-serif rather than serif."
