layer at (0,0) size 800x600
  LayoutView at (0,0) size 800x600
layer at (0,0) size 800x600
  LayoutBlockFlow {HTML} at (0,0) size 800x600
    LayoutBlockFlow {BODY} at (8,8) size 784x576
      LayoutBlockFlow {P} at (0,0) size 784x18
        LayoutText {#text} at (0,0) size 54x18
          text run at (0,0) width 54: "Test for "
        LayoutInline {I} at (0,0) size 723x18
          LayoutInline {A} at (0,0) size 353x18 [color=#0000EE]
            LayoutText {#text} at (53,0) size 353x18
              text run at (53,0) width 353: "http://bugzilla.opendarwin.org/show_bug.cgi?id=9341"
          LayoutText {#text} at (405,0) size 371x18
            text run at (405,0) width 5: " "
            text run at (409,0) width 367: "REGRESSION: Repro crash caused by style=\"font:bold\""
        LayoutText {#text} at (775,0) size 5x18
          text run at (775,0) width 5: "."
      LayoutBlockFlow {P} at (0,34) size 784x18
        LayoutText {#text} at (0,0) size 128x18
          text run at (0,0) width 128: "PASS (didn\x{2019}t crash)"
