layer at (0,0) size 800x600
  LayoutView at (0,0) size 800x600
layer at (0,0) size 800x412
  LayoutBlockFlow {HTML} at (0,0) size 800x412
    LayoutBlockFlow {BODY} at (8,16) size 784x184
      LayoutBlockFlow {P} at (0,0) size 784x18
        LayoutText {#text} at (0,0) size 447x18
          text run at (0,0) width 447: "For each of pairs, the first one and the second one should be identical."
      LayoutTable (floating) {TABLE} at (0,34) size 150x362
        LayoutTableSection {TBODY} at (0,0) size 150x362
          LayoutTableRow {TR} at (0,2) size 150x76
            LayoutTableCell {TD} at (2,2) size 72x75.81 [r=0 c=0 rs=1 cs=1]
              LayoutBlockFlow {SECTION} at (1,1) size 70x73.81
                LayoutBlockFlow {H1} at (0,21.91) size 70x30 [border: (1px solid #00FF00)]
                  LayoutText {#text} at (1,1) size 68x28
                    text run at (1,1) width 68: "MMM"
            LayoutTableCell {TD} at (76,2) size 72x75.81 [r=0 c=1 rs=1 cs=1]
              LayoutBlockFlow {H2} at (1,22.91) size 70x30 [border: (1px solid #00FF00)]
                LayoutText {#text} at (1,1) size 68x28
                  text run at (1,1) width 68: "MMM"
          LayoutTableRow {TR} at (0,80) size 150x67
            LayoutTableCell {TD} at (2,80) size 72x67.44 [r=1 c=0 rs=1 cs=1]
              LayoutBlockFlow {ARTICLE} at (1,1) size 70x65.44
                LayoutBlockFlow {SECTION} at (0,0) size 70x65.44
                  LayoutBlockFlow {H1} at (0,20.72) size 70x24 [border: (1px solid #00FF00)]
                    LayoutText {#text} at (1,1) size 53x22
                      text run at (1,1) width 53: "MMM"
            LayoutTableCell {TD} at (76,80) size 72x67.44 [r=1 c=1 rs=1 cs=1]
              LayoutBlockFlow {H3} at (1,21.72) size 70x24 [border: (1px solid #00FF00)]
                LayoutText {#text} at (1,1) size 53x22
                  text run at (1,1) width 53: "MMM"
          LayoutTableRow {TR} at (0,149) size 150x69
            LayoutTableCell {TD} at (2,149) size 72x68.53 [r=2 c=0 rs=1 cs=1]
              LayoutBlockFlow {NAV} at (1,1) size 70x66.53
                LayoutBlockFlow {ARTICLE} at (0,0) size 70x66.53
                  LayoutBlockFlow {SECTION} at (0,0) size 70x66.53
                    LayoutBlockFlow {H1} at (0,23.27) size 70x20 [border: (1px solid #00FF00)]
                      LayoutText {#text} at (1,1) size 46x18
                        text run at (1,1) width 46: "MMM"
            LayoutTableCell {TD} at (76,149) size 72x68.53 [r=2 c=1 rs=1 cs=1]
              LayoutBlockFlow {H4} at (1,24.27) size 70x20 [border: (1px solid #00FF00)]
                LayoutText {#text} at (1,1) size 46x18
                  text run at (1,1) width 46: "MMM"
          LayoutTableRow {TR} at (0,220) size 150x67
            LayoutTableCell {TD} at (2,220) size 72x67.34 [r=3 c=0 rs=1 cs=1]
              LayoutBlockFlow {NAV} at (1,1) size 70x65.34
                LayoutBlockFlow {ASIDE} at (0,0) size 70x65.34
                  LayoutBlockFlow {ARTICLE} at (0,0) size 70x65.34
                    LayoutBlockFlow {SECTION} at (0,0) size 70x65.34
                      LayoutBlockFlow {H1} at (0,24.17) size 70x17 [border: (1px solid #00FF00)]
                        LayoutText {#text} at (1,1) size 38x15
                          text run at (1,1) width 38: "MMM"
            LayoutTableCell {TD} at (76,220) size 72x67.34 [r=3 c=1 rs=1 cs=1]
              LayoutBlockFlow {H5} at (1,25.17) size 70x17 [border: (1px solid #00FF00)]
                LayoutText {#text} at (1,1) size 38x15
                  text run at (1,1) width 38: "MMM"
          LayoutTableRow {TR} at (0,289) size 150x71
            LayoutTableCell {TD} at (2,289) size 72x70.94 [r=4 c=0 rs=1 cs=1]
              LayoutBlockFlow {SECTION} at (1,1) size 70x68.94
                LayoutBlockFlow {DIV} at (0,0) size 70x68.94
                  LayoutBlockFlow {NAV} at (0,0) size 70x68.94
                    LayoutBlockFlow {ASIDE} at (0,0) size 70x68.94
                      LayoutBlockFlow {ARTICLE} at (0,0) size 70x68.94
                        LayoutBlockFlow {SECTION} at (0,0) size 70x68.94
                          LayoutBlockFlow {H1} at (0,26.97) size 70x15 [border: (1px solid #00FF00)]
                            LayoutText {#text} at (1,1) size 31x13
                              text run at (1,1) width 31: "MMM"
                  LayoutBlockFlow {DIV} at (0,68.94) size 70x0
            LayoutTableCell {TD} at (76,289) size 72x70.94 [r=4 c=1 rs=1 cs=1]
              LayoutBlockFlow {H6} at (1,27.97) size 70x15 [border: (1px solid #00FF00)]
                LayoutText {#text} at (1,1) size 31x13
                  text run at (1,1) width 31: "MMM"
      LayoutTable {TABLE} at (150,34) size 362x150
        LayoutTableSection {TBODY} at (0,0) size 362x150
          LayoutTableRow {TR} at (2,0) size 76x150
            LayoutTableCell {TD} at (2,2) size 75.81x72 [r=0 c=0 rs=1 cs=1]
              LayoutBlockFlow {SECTION} at (1,1) size 73.81x70
                LayoutBlockFlow {H1} at (21.91,0) size 30x70 [border: (1px solid #00FF00)]
                  LayoutText {#text} at (1,1) size 28x68
                    text run at (1,1) width 68: "MMM"
            LayoutTableCell {TD} at (2,76) size 75.81x72 [r=0 c=1 rs=1 cs=1]
              LayoutBlockFlow {H2} at (22.91,1) size 30x70 [border: (1px solid #00FF00)]
                LayoutText {#text} at (1,1) size 28x68
                  text run at (1,1) width 68: "MMM"
          LayoutTableRow {TR} at (80,0) size 67x150
            LayoutTableCell {TD} at (80,2) size 67.44x72 [r=1 c=0 rs=1 cs=1]
              LayoutBlockFlow {ARTICLE} at (1,1) size 65.44x70
                LayoutBlockFlow {SECTION} at (0,0) size 65.44x70
                  LayoutBlockFlow {H1} at (20.72,0) size 24x70 [border: (1px solid #00FF00)]
                    LayoutText {#text} at (1,1) size 22x53
                      text run at (1,1) width 53: "MMM"
            LayoutTableCell {TD} at (80,76) size 67.44x72 [r=1 c=1 rs=1 cs=1]
              LayoutBlockFlow {H3} at (21.72,1) size 24x70 [border: (1px solid #00FF00)]
                LayoutText {#text} at (1,1) size 22x53
                  text run at (1,1) width 53: "MMM"
          LayoutTableRow {TR} at (149,0) size 69x150
            LayoutTableCell {TD} at (149,2) size 68.53x72 [r=2 c=0 rs=1 cs=1]
              LayoutBlockFlow {NAV} at (1,1) size 66.53x70
                LayoutBlockFlow {ARTICLE} at (0,0) size 66.53x70
                  LayoutBlockFlow {SECTION} at (0,0) size 66.53x70
                    LayoutBlockFlow {H1} at (23.27,0) size 20x70 [border: (1px solid #00FF00)]
                      LayoutText {#text} at (1,1) size 18x46
                        text run at (1,1) width 46: "MMM"
            LayoutTableCell {TD} at (149,76) size 68.53x72 [r=2 c=1 rs=1 cs=1]
              LayoutBlockFlow {H4} at (24.27,1) size 20x70 [border: (1px solid #00FF00)]
                LayoutText {#text} at (1,1) size 18x46
                  text run at (1,1) width 46: "MMM"
          LayoutTableRow {TR} at (220,0) size 67x150
            LayoutTableCell {TD} at (220,2) size 67.34x72 [r=3 c=0 rs=1 cs=1]
              LayoutBlockFlow {NAV} at (1,1) size 65.34x70
                LayoutBlockFlow {ASIDE} at (0,0) size 65.34x70
                  LayoutBlockFlow {ARTICLE} at (0,0) size 65.34x70
                    LayoutBlockFlow {SECTION} at (0,0) size 65.34x70
                      LayoutBlockFlow {H1} at (24.17,0) size 17x70 [border: (1px solid #00FF00)]
                        LayoutText {#text} at (1,1) size 15x38
                          text run at (1,1) width 38: "MMM"
            LayoutTableCell {TD} at (220,76) size 67.34x72 [r=3 c=1 rs=1 cs=1]
              LayoutBlockFlow {H5} at (25.17,1) size 17x70 [border: (1px solid #00FF00)]
                LayoutText {#text} at (1,1) size 15x38
                  text run at (1,1) width 38: "MMM"
          LayoutTableRow {TR} at (289,0) size 71x150
            LayoutTableCell {TD} at (289,2) size 70.94x72 [r=4 c=0 rs=1 cs=1]
              LayoutBlockFlow {SECTION} at (1,1) size 68.94x70
                LayoutBlockFlow {DIV} at (0,0) size 68.94x70
                  LayoutBlockFlow {NAV} at (0,0) size 68.94x70
                    LayoutBlockFlow {ASIDE} at (0,0) size 68.94x70
                      LayoutBlockFlow {ARTICLE} at (0,0) size 68.94x70
                        LayoutBlockFlow {SECTION} at (0,0) size 68.94x70
                          LayoutBlockFlow {H1} at (26.97,0) size 15x70 [border: (1px solid #00FF00)]
                            LayoutText {#text} at (1,1) size 13x31
                              text run at (1,1) width 31: "MMM"
                  LayoutBlockFlow {DIV} at (68.94,0) size 0x70
            LayoutTableCell {TD} at (289,76) size 70.94x72 [r=4 c=1 rs=1 cs=1]
              LayoutBlockFlow {H6} at (27.97,1) size 15x70 [border: (1px solid #00FF00)]
                LayoutText {#text} at (1,1) size 13x31
                  text run at (1,1) width 31: "MMM"
layer at (11,53) size 70x2 clip at (0,0) size 0x0
  LayoutBlockFlow {HR} at (0,0) size 70x2 [border: (1px inset #EEEEEE)]
layer at (11,125) size 70x2 clip at (0,0) size 0x0
  LayoutBlockFlow {HR} at (0,71.81) size 70x2 [border: (1px inset #EEEEEE)]
layer at (85,53) size 70x2 clip at (0,0) size 0x0
  LayoutBlockFlow {HR} at (1,1) size 70x2 [border: (1px inset #EEEEEE)]
layer at (85,125) size 70x2 clip at (0,0) size 0x0
  LayoutBlockFlow {HR} at (1,72.81) size 70x2 [border: (1px inset #EEEEEE)]
layer at (11,131) size 70x2 clip at (0,0) size 0x0
  LayoutBlockFlow {HR} at (0,0) size 70x2 [border: (1px inset #EEEEEE)]
layer at (11,194) size 70x2 clip at (0,0) size 0x0
  LayoutBlockFlow {HR} at (0,63.44) size 70x2 [border: (1px inset #EEEEEE)]
layer at (85,131) size 70x2 clip at (0,0) size 0x0
  LayoutBlockFlow {HR} at (1,1) size 70x2 [border: (1px inset #EEEEEE)]
layer at (85,194) size 70x2 clip at (0,0) size 0x0
  LayoutBlockFlow {HR} at (1,64.44) size 70x2 [border: (1px inset #EEEEEE)]
layer at (11,200) size 70x2 clip at (0,0) size 0x0
  LayoutBlockFlow {HR} at (0,0) size 70x2 [border: (1px inset #EEEEEE)]
layer at (11,265) size 70x2 clip at (0,0) size 0x0
  LayoutBlockFlow {HR} at (0,64.53) size 70x2 [border: (1px inset #EEEEEE)]
layer at (85,200) size 70x2 clip at (0,0) size 0x0
  LayoutBlockFlow {HR} at (1,1) size 70x2 [border: (1px inset #EEEEEE)]
layer at (85,265) size 70x2 clip at (0,0) size 0x0
  LayoutBlockFlow {HR} at (1,65.53) size 70x2 [border: (1px inset #EEEEEE)]
layer at (11,271) size 70x2 clip at (0,0) size 0x0
  LayoutBlockFlow {HR} at (0,0) size 70x2 [border: (1px inset #EEEEEE)]
layer at (11,334) size 70x2 clip at (0,0) size 0x0
  LayoutBlockFlow {HR} at (0,63.34) size 70x2 [border: (1px inset #EEEEEE)]
layer at (85,271) size 70x2 clip at (0,0) size 0x0
  LayoutBlockFlow {HR} at (1,1) size 70x2 [border: (1px inset #EEEEEE)]
layer at (85,334) size 70x2 clip at (0,0) size 0x0
  LayoutBlockFlow {HR} at (1,64.34) size 70x2 [border: (1px inset #EEEEEE)]
layer at (11,340) size 70x2 clip at (0,0) size 0x0
  LayoutBlockFlow {HR} at (0,0) size 70x2 [border: (1px inset #EEEEEE)]
layer at (11,407) size 70x2 clip at (0,0) size 0x0
  LayoutBlockFlow {HR} at (0,66.94) size 70x2 [border: (1px inset #EEEEEE)]
layer at (85,340) size 70x2 clip at (0,0) size 0x0
  LayoutBlockFlow {HR} at (1,1) size 70x2 [border: (1px inset #EEEEEE)]
layer at (85,407) size 70x2 clip at (0,0) size 0x0
  LayoutBlockFlow {HR} at (1,67.94) size 70x2 [border: (1px inset #EEEEEE)]
layer at (515,53) size 2x70 clip at (0,0) size 0x0
  LayoutBlockFlow {HR} at (0,0) size 2x70 [border: (1px inset #EEEEEE)]
layer at (443,53) size 2x70 clip at (0,0) size 0x0
  LayoutBlockFlow {HR} at (71.81,0) size 2x70 [border: (1px inset #EEEEEE)]
layer at (515,127) size 2x70 clip at (0,0) size 0x0
  LayoutBlockFlow {HR} at (1,1) size 2x70 [border: (1px inset #EEEEEE)]
layer at (443,127) size 2x70 clip at (0,0) size 0x0
  LayoutBlockFlow {HR} at (72.81,1) size 2x70 [border: (1px inset #EEEEEE)]
layer at (437,53) size 2x70 clip at (0,0) size 0x0
  LayoutBlockFlow {HR} at (0,0) size 2x70 [border: (1px inset #EEEEEE)]
layer at (374,53) size 2x70 clip at (0,0) size 0x0
  LayoutBlockFlow {HR} at (63.44,0) size 2x70 [border: (1px inset #EEEEEE)]
layer at (437,127) size 2x70 clip at (0,0) size 0x0
  LayoutBlockFlow {HR} at (1,1) size 2x70 [border: (1px inset #EEEEEE)]
layer at (374,127) size 2x70 clip at (0,0) size 0x0
  LayoutBlockFlow {HR} at (64.44,1) size 2x70 [border: (1px inset #EEEEEE)]
layer at (368,53) size 2x70 clip at (0,0) size 0x0
  LayoutBlockFlow {HR} at (0,0) size 2x70 [border: (1px inset #EEEEEE)]
layer at (303,53) size 2x70 clip at (0,0) size 0x0
  LayoutBlockFlow {HR} at (64.53,0) size 2x70 [border: (1px inset #EEEEEE)]
layer at (368,127) size 2x70 clip at (0,0) size 0x0
  LayoutBlockFlow {HR} at (1,1) size 2x70 [border: (1px inset #EEEEEE)]
layer at (303,127) size 2x70 clip at (0,0) size 0x0
  LayoutBlockFlow {HR} at (65.53,1) size 2x70 [border: (1px inset #EEEEEE)]
layer at (297,53) size 2x70 clip at (0,0) size 0x0
  LayoutBlockFlow {HR} at (0,0) size 2x70 [border: (1px inset #EEEEEE)]
layer at (234,53) size 2x70 clip at (0,0) size 0x0
  LayoutBlockFlow {HR} at (63.34,0) size 2x70 [border: (1px inset #EEEEEE)]
layer at (297,127) size 2x70 clip at (0,0) size 0x0
  LayoutBlockFlow {HR} at (1,1) size 2x70 [border: (1px inset #EEEEEE)]
layer at (234,127) size 2x70 clip at (0,0) size 0x0
  LayoutBlockFlow {HR} at (64.34,1) size 2x70 [border: (1px inset #EEEEEE)]
layer at (228,53) size 2x70 clip at (0,0) size 0x0
  LayoutBlockFlow {HR} at (0,0) size 2x70 [border: (1px inset #EEEEEE)]
layer at (161,53) size 2x70 clip at (0,0) size 0x0
  LayoutBlockFlow {HR} at (66.94,0) size 2x70 [border: (1px inset #EEEEEE)]
layer at (228,127) size 2x70 clip at (0,0) size 0x0
  LayoutBlockFlow {HR} at (1,1) size 2x70 [border: (1px inset #EEEEEE)]
layer at (161,127) size 2x70 clip at (0,0) size 0x0
  LayoutBlockFlow {HR} at (67.94,1) size 2x70 [border: (1px inset #EEEEEE)]
