layer at (0,0) size 800x600 clip at (0,0) size 785x600 scrollHeight 1352
  LayoutView at (0,0) size 800x600
layer at (0,0) size 785x1352 backgroundClip at (0,0) size 785x600 clip at (0,0) size 785x600
  LayoutBlockFlow {HTML} at (0,0) size 785x1351.50
    LayoutBlockFlow {BODY} at (8,8) size 769x1322.06
      LayoutBlockFlow {H1} at (0,0) size 769x37 [color=#FF0000]
        LayoutText {#text} at (0,0) size 524x37
          text run at (0,0) width 524: "This should be red: hsl(0, 100%, 50%)"
      LayoutBlockFlow {H1} at (0,58.44) size 769x37 [color=#00FF00]
        LayoutText {#text} at (0,0) size 587x37
          text run at (0,0) width 587: "This should be green: hsl(120, 100%, 50%)"
      LayoutBlockFlow {H1} at (0,116.88) size 769x37 [color=#00FFFF]
        LayoutText {#text} at (0,0) size 578x37
          text run at (0,0) width 578: "This should be aqua: hsl(180, 100%, 50%)"
      LayoutBlockFlow {H1} at (0,175.31) size 769x37 [color=#0000FF]
        LayoutText {#text} at (0,0) size 570x37
          text run at (0,0) width 570: "This should be blue: hsl(240, 100%, 50%)"
      LayoutBlockFlow {H1} at (0,233.75) size 769x37 [color=#80FF80]
        LayoutText {#text} at (0,0) size 657x37
          text run at (0,0) width 657: "This should be light green: hsl(120, 100%, 75%)"
      LayoutBlockFlow {H1} at (0,292.19) size 769x37 [color=#008000]
        LayoutText {#text} at (0,0) size 660x37
          text run at (0,0) width 660: "This should be dark green: hsl(120, 100%, 25%)"
      LayoutBlockFlow {H1} at (0,350.63) size 769x37 [color=#40BF40]
        LayoutText {#text} at (0,0) size 659x37
          text run at (0,0) width 659: "This should be pastel green: hsl(120, 50%, 50%)"
      LayoutBlockFlow (anonymous) at (0,409.06) size 769x36
        LayoutInline {B} at (0,0) size 142x18
          LayoutText {#text} at (0,0) size 142x18
            text run at (0,0) width 142: "Out of bounds cases:"
        LayoutBR {BR} at (141,14) size 1x0
        LayoutText {#text} at (0,18) size 412x18
          text run at (0,18) width 412: "Check percentages larger than 100%, should be limited to 100%"
      LayoutBlockFlow {H1} at (0,466.50) size 769x37 [color=#00FF00]
        LayoutText {#text} at (0,0) size 587x37
          text run at (0,0) width 587: "This should be green: hsl(120, 100%, 50%)"
      LayoutBlockFlow {H1} at (0,524.94) size 769x37 [color=#00FF00]
        LayoutText {#text} at (0,0) size 637x37
          text run at (0,0) width 637: "This should be green too: hsl(120, 200%, 50%)"
      LayoutBlockFlow (anonymous) at (0,583.38) size 769x18
        LayoutText {#text} at (0,0) size 480x18
          text run at (0,0) width 480: "Check percentages less than 0% (negative values), should be limited to 0%"
      LayoutBlockFlow {H1} at (0,622.81) size 769x37 [color=#808080]
        LayoutText {#text} at (0,0) size 539x37
          text run at (0,0) width 539: "This should be grey: hsl(120, 0%, 50%)"
      LayoutBlockFlow {H1} at (0,681.25) size 769x37 [color=#808080]
        LayoutText {#text} at (0,0) size 638x37
          text run at (0,0) width 638: "This should be grey, too: hsl(120, -100%, 50%)"
      LayoutBlockFlow (anonymous) at (0,739.69) size 769x36
        LayoutText {#text} at (0,0) size 764x36
          text run at (0,0) width 764: "Check Hue values that are larger than 360, should be normalized back to a value between 0 and 360. As Hue values are"
          text run at (0,18) width 461: "in degrees, there is no maximum like percentages, they are loop around."
      LayoutBlockFlow {H1} at (0,797.13) size 769x37 [color=#008000]
        LayoutText {#text} at (0,0) size 660x37
          text run at (0,0) width 660: "This should be dark green: hsl(120, 100%, 25%)"
      LayoutBlockFlow {H1} at (0,855.56) size 769x37 [color=#008000]
        LayoutText {#text} at (0,0) size 719x37
          text run at (0,0) width 719: "This should be dark green, too: hsl(480, 100%, 25%)"
      LayoutBlockFlow (anonymous) at (0,914) size 769x18
        LayoutText {#text} at (0,0) size 261x18
          text run at (0,0) width 261: "Check Hue values with a negative angle."
      LayoutBlockFlow {H1} at (0,953.44) size 769x37 [color=#80FF80]
        LayoutText {#text} at (0,0) size 657x37
          text run at (0,0) width 657: "This should be light green: hsl(120, 100%, 75%)"
      LayoutBlockFlow {H1} at (0,1011.88) size 769x37 [color=#80FF80]
        LayoutText {#text} at (0,0) size 726x37
          text run at (0,0) width 726: "This should be light green, too: hsl(-240, 100%, 75%)"
      LayoutBlockFlow {H1} at (0,1070.31) size 769x37 [color=#80FF80]
        LayoutText {#text} at (0,0) size 726x37
          text run at (0,0) width 726: "This should be light green, too: hsl(-600, 100%, 75%)"
      LayoutBlockFlow (anonymous) at (0,1128.75) size 769x18
        LayoutText {#text} at (0,0) size 299x18
          text run at (0,0) width 299: "Check Hues values with a floating point angle."
      LayoutBlockFlow {H1} at (0,1168.19) size 769x37 [color=#FF0000]
        LayoutText {#text} at (0,0) size 548x37
          text run at (0,0) width 548: "This should be red: hsl(0.0, 100%, 50%)"
      LayoutBlockFlow {H1} at (0,1226.63) size 769x37 [color=#00FF00]
        LayoutText {#text} at (0,0) size 627x37
          text run at (0,0) width 627: "This should be green: hsl(120.00, 100%, 50%)"
      LayoutBlockFlow {H1} at (0,1285.06) size 769x37 [color=#0000FF]
        LayoutText {#text} at (0,0) size 626x37
          text run at (0,0) width 626: "This should be blue: hsl(240.000, 100%, 50%)"
