layer at (0,0) size 800x600
  LayoutView at (0,0) size 800x600
layer at (0,0) size 800x34
  LayoutBlockFlow {HTML} at (0,0) size 800x34
    LayoutBlockFlow {BODY} at (8,8) size 784x18
      LayoutText {#text} at (0,0) size 762x18
        text run at (0,0) width 762: "Should ignore empty rects when drawing focus ring. Passes if there is only a single focus ring around the green square."
layer at (8,26) size 100x150
  LayoutBlockFlow (positioned) {DIV} at (8,26) size 100x150
    LayoutBlockFlow (anonymous) at (0,0) size 100x0
      LayoutInline {SPAN} at (0,0) size 0x0
        LayoutText {#text} at (0,0) size 0x0
    LayoutBlockFlow (anonymous) at (0,50) size 100x100
      LayoutBlockFlow {DIV} at (0,0) size 100x100 [bgcolor=#008000]
    LayoutBlockFlow (anonymous) at (0,150) size 100x0
      LayoutInline {SPAN} at (0,0) size 0x0
      LayoutText {#text} at (0,0) size 0x0
