layer at (0,0) size 800x600
  LayoutView at (0,0) size 800x600
layer at (0,0) size 800x600
  LayoutBlockFlow {HTML} at (0,0) size 800x600
    LayoutBlockFlow {BODY} at (8,8) size 784x570.56
      LayoutBlockFlow {P} at (0,0) size 784x36
        LayoutText {#text} at (0,0) size 767x36
          text run at (0,0) width 767: "This tests handling of duplicated properties in inline style declarations. Using !important should have an effect. See bug"
          text run at (0,18) width 44: "#4128."
      LayoutBlockFlow {H1} at (0,57.44) size 784x37 [color=#FF0000]
        LayoutText {#text} at (0,0) size 253x37
          text run at (0,0) width 253: "This should be red"
      LayoutBlockFlow {H1} at (0,115.88) size 784x37 [color=#00FF00]
        LayoutText {#text} at (0,0) size 284x37
          text run at (0,0) width 284: "This should be green"
      LayoutBlockFlow {H1} at (0,174.31) size 784x37 [color=#FF0000]
        LayoutText {#text} at (0,0) size 253x37
          text run at (0,0) width 253: "This should be red"
      LayoutBlockFlow {H1} at (0,232.75) size 784x37 [color=#FF0000]
        LayoutText {#text} at (0,0) size 253x37
          text run at (0,0) width 253: "This should be red"
