layer at (0,0) size 800x600
  LayoutView at (0,0) size 800x600
layer at (0,0) size 800x600
  LayoutBlockFlow {HTML} at (0,0) size 800x600
    LayoutBlockFlow {BODY} at (8,8) size 784x542
      LayoutBlockFlow {P} at (0,0) size 784x18
        LayoutInline {A} at (0,0) size 60x18 [color=#0000EE]
          LayoutText {#text} at (0,0) size 60x18
            text run at (0,0) width 60: "bug 7118"
        LayoutText {#text} at (59,0) size 363x18
          text run at (59,0) width 363: ": Wrong property values do not get invalidated correctly."
      LayoutBlockFlow {P} at (0,34) size 784x18
        LayoutText {#text} at (0,0) size 385x18
          text run at (0,0) width 385: "The two words \"test\" should look the same, with no outline:"
      LayoutBlockFlow {DIV} at (0,102) size 784x59
        LayoutBlockFlow {P} at (0,0) size 100x59
          LayoutText {#text} at (0,0) size 70x59
            text run at (0,0) width 70: "test"
      LayoutBlockFlow {P} at (0,211) size 784x59
        LayoutText {#text} at (0,0) size 70x59
          text run at (0,0) width 70: "test"
