layer at (0,0) size 800x600
  LayoutView at (0,0) size 800x600
layer at (0,0) size 800x600
  LayoutBlockFlow {HTML} at (0,0) size 800x600
    LayoutBlockFlow {BODY} at (8,8) size 784x573.28
      LayoutBlockFlow {P} at (0,0) size 784x18
        LayoutText {#text} at (0,0) size 54x18
          text run at (0,0) width 54: "Test for "
        LayoutInline {A} at (0,0) size 304x18 [color=#0000EE]
          LayoutText {#text} at (53,0) size 304x18
            text run at (53,0) width 304: "http://bugs.webkit.org/show_bug.cgi?id=15260"
        LayoutText {#text} at (356,0) size 157x18
          text run at (356,0) width 157: "Any styles defined after "
        LayoutInline {ELEMENT} at (0,0) size 207x18
          LayoutText {#text} at (512,0) size 9x18
            text run at (512,0) width 9: "{"
          LayoutInline {PROPERTY} at (0,0) size 199x18
            LayoutText {#text} at (520,0) size 199x18
              text run at (520,0) width 199: ":%} style are ignored by Safari"
      LayoutBlockFlow {H3} at (0,36.72) size 784x22 [color=#008000]
        LayoutText {#text} at (0,0) size 248x22
          text run at (0,0) width 248: "This text should show in green."
