layer at (0,0) size 800x600
  LayoutView at (0,0) size 800x600
layer at (0,0) size 800x600
  LayoutBlockFlow (relative positioned) {HTML} at (0,0) size 800x600
    LayoutBlockFlow {BODY} at (8,8) size 784x584
      LayoutBlockFlow (anonymous) at (0,0) size 784x18
        LayoutText {#text} at (0,0) size 629x18
          text run at (0,0) width 629: "To reproduce this bug outside of DumpRenderTree, click the link below. If broken, we will crash. "
        LayoutBR {BR} at (628,14) size 1x0
layer at (8,26) size 60x88
  LayoutTable (relative positioned) {TABLE} at (0,18) size 60x88
    LayoutTableSection {TBODY} at (0,0) size 60x88
      LayoutTableRow {TR} at (0,2) size 60x20
        LayoutTableCell {TD} at (2,2) size 56x20 [r=0 c=0 rs=1 cs=1]
          LayoutInline {A} at (0,0) size 25x18 [color=#0000EE]
            LayoutText {#text} at (1,1) size 25x18
              text run at (1,1) width 25: "link"
      LayoutTableRow {TR} at (0,24) size 60x62
        LayoutTableCell {TD} at (2,24) size 56x62 [r=1 c=0 rs=1 cs=1]
layer at (11,51) size 54x60
  LayoutTable (relative positioned) {TABLE} at (1,1) size 54x60
    LayoutTableSection {TBODY} at (0,0) size 54x60
      LayoutTableRow {TR} at (0,2) size 54x56
        LayoutTableCell {TD} at (2,2) size 50x56 [r=0 c=0 rs=1 cs=1]
          LayoutText {#text} at (1,1) size 48x18
            text run at (1,1) width 48: "content"
          LayoutBR {BR} at (48,15) size 1x0
          LayoutText {#text} at (1,19) size 48x18
            text run at (1,19) width 48: "content"
          LayoutBR {BR} at (48,33) size 1x0
          LayoutText {#text} at (1,37) size 48x18
            text run at (1,37) width 48: "content"
          LayoutBR {BR} at (48,51) size 1x0
caret: position 5 of child 0 {#text} of body
