layer at (0,0) size 800x600
  LayoutView at (0,0) size 800x600
layer at (0,0) size 800x600
  LayoutBlockFlow {HTML} at (0,0) size 800x600
    LayoutBlockFlow {BODY} at (8,8) size 784x584
      LayoutBlockFlow {DIV} at (0,0) size 784x10
        LayoutText {#text} at (0,-1) size 216x12
          text run at (0,-1) width 216: "This should be fairly small text, rather than huge."
layer at (8,34) size 200x48
  LayoutBlockFlow (positioned) {DIV} at (8,34) size 200x48 [bgcolor=#FF0000]
    LayoutText {#text} at (0,15) size 4x18
      text run at (0,15) width 4: " "
layer at (8,34) size 200x48
  LayoutBlockFlow (positioned) {SPAN} at (0,0) size 200x48 [bgcolor=#008000]
    LayoutText {#text} at (0,15) size 180x18
      text run at (0,15) width 180: "There should be no red here"
