layer at (0,0) size 800x600
  LayoutView at (0,0) size 800x600
layer at (0,0) size 800x74
  LayoutBlockFlow {HTML} at (0,0) size 800x74
    LayoutBlockFlow {BODY} at (8,16) size 784x50
      LayoutBlockFlow {P} at (0,0) size 784x18
        LayoutText {#text} at (0,0) size 270x18
          text run at (0,0) width 270: "There should be no red below, only green."
      LayoutBlockFlow {DIV} at (0,34) size 16x16 [color=#008000] [bgcolor=#FF0000]
        LayoutText {#text} at (0,0) size 16x16
          text run at (0,0) width 16: "X"
