layer at (0,0) size 800x600
  LayoutView at (0,0) size 800x600
layer at (0,0) size 800x196
  LayoutBlockFlow {HTML} at (0,0) size 800x196
    LayoutBlockFlow {BODY} at (8,15) size 784x166
      LayoutBlockFlow {P} at (0,0) size 784x75
        LayoutText {#text} at (0,29) size 95x17
          text run at (0,29) width 95: "This tests bug "
        LayoutInline {A} at (0,0) size 651x17 [color=#0000EE]
          LayoutText {#text} at (94,29) size 651x17
            text run at (94,29) width 651: "Bug 13174: line-height in font shorthand does not override a previously stated line-height property"
        LayoutText {#text} at (744,29) size 5x17
          text run at (744,29) width 5: "."
      LayoutBlockFlow {P} at (0,90) size 784x76
        LayoutText {#text} at (0,29) size 130x17
          text run at (0,29) width 130: "This text should be "
        LayoutInline {CODE} at (0,0) size 190x17
          LayoutText {#text} at (129,30) size 190x17
            text run at (129,30) width 190: "font:15px/5em Georgia"
        LayoutText {#text} at (318,29) size 5x17
          text run at (318,29) width 5: "."
