layer at (0,0) size 800x600 clip at (0,0) size 785x600 scrollHeight 32802
  LayoutView at (0,0) size 800x600
layer at (0,0) size 785x32802 backgroundClip at (0,0) size 785x600 clip at (0,0) size 785x600
  LayoutBlockFlow {HTML} at (0,0) size 785x32802
    LayoutBlockFlow {BODY} at (8,8) size 769x32786
      LayoutBlockFlow (anonymous) at (0,0) size 769x18
        LayoutText {#text} at (0,0) size 566x18
          text run at (0,0) width 566: "You should see a large green block below that is 32,768px tall. No red should be visible."
        LayoutBR {BR} at (565,14) size 1x0
      LayoutBlockFlow {DIV} at (0,18) size 769x32768 [bgcolor=#FF0000]
        LayoutText {#text} at (0,0) size 0x0
layer at (8,26) size 769x32768 backgroundClip at (0,0) size 785x600 clip at (0,0) size 785x600
  LayoutIFrame {IFRAME} at (0,0) size 769x32768 [bgcolor=#008000]
    layer at (0,0) size 769x32768
      LayoutView at (0,0) size 769x32768
    layer at (0,0) size 769x32768
      LayoutBlockFlow {HTML} at (0,0) size 769x32768
        LayoutBlockFlow {BODY} at (8,8) size 753x32752
