layer at (0,0) size 800x600
  LayoutView at (0,0) size 800x600
layer at (0,0) size 800x600
  LayoutBlockFlow {HTML} at (0,0) size 800x600
    LayoutBlockFlow {BODY} at (8,8) size 784x584
      LayoutBlockFlow (anonymous) at (0,0) size 784x18
        LayoutText {#text} at (0,0) size 444x18
          text run at (0,0) width 226: "There should be only green below. "
          text run at (225,0) width 219: "If you see RED the test has failed."
      LayoutBlockFlow {DIV} at (0,18) size 784x16 [bgcolor=#008000]
      LayoutBlockFlow {DIV} at (0,34) size 784x16 [bgcolor=#008000]
      LayoutBlockFlow {DIV} at (0,50) size 784x16 [bgcolor=#008000]
      LayoutBlockFlow {DIV} at (0,66) size 784x16 [bgcolor=#008000]
      LayoutBlockFlow {DIV} at (0,82) size 784x16 [bgcolor=#008000]
      LayoutBlockFlow {DIV} at (0,98) size 784x16 [bgcolor=#008000]
      LayoutBlockFlow {DIV} at (0,114) size 784x16 [bgcolor=#008000]
      LayoutBlockFlow {DIV} at (0,130) size 784x16 [bgcolor=#008000]
      LayoutBlockFlow {DIV} at (0,146) size 784x16 [bgcolor=#008000]
      LayoutBlockFlow {DIV} at (0,162) size 784x16 [bgcolor=#008000]
      LayoutBlockFlow {DIV} at (0,178) size 784x16 [bgcolor=#008000]
      LayoutBlockFlow {DIV} at (0,194) size 784x16 [bgcolor=#008000]
      LayoutBlockFlow {DIV} at (0,210) size 784x16 [bgcolor=#008000]
      LayoutBlockFlow {DIV} at (0,226) size 784x16 [bgcolor=#008000]
      LayoutBlockFlow {DIV} at (0,242) size 784x16 [bgcolor=#008000]
      LayoutBlockFlow {DIV} at (0,258) size 784x16 [bgcolor=#008000]
      LayoutBlockFlow {DIV} at (0,274) size 784x16 [bgcolor=#008000]
      LayoutBlockFlow {DIV} at (0,290) size 784x16 [bgcolor=#008000]
      LayoutBlockFlow {DIV} at (0,306) size 784x16 [bgcolor=#008000]
      LayoutBlockFlow {DIV} at (0,322) size 784x16 [bgcolor=#008000]
      LayoutBlockFlow {DIV} at (0,338) size 784x16 [bgcolor=#008000]
