layer at (0,0) size 800x600
  LayoutView at (0,0) size 800x600
layer at (0,0) size 800x198
  LayoutBlockFlow {HTML} at (0,0) size 800x198
    LayoutBlockFlow {BODY} at (8,16) size 784x174
      LayoutBlockFlow {P} at (0,0) size 784x36
        LayoutText {#text} at (0,0) size 765x36
          text run at (0,0) width 765: "The following two phrases should appear identical. The second line of text should overlap both the first line and the red"
          text run at (0,18) width 45: "border."
      LayoutBlockFlow {DIV} at (0,52) size 424x52 [border: (2px solid #FF0000)]
        LayoutBlockFlow {DIV} at (12,12) size 400x38
          LayoutText {#text} at (0,-17) size 398x72
            text run at (0,-17) width 398: "Lorem ipsum dolor"
            text run at (0,2) width 169: "sit amet"
      LayoutBlockFlow (anonymous) at (0,104) size 784x18
        LayoutBR {BR} at (0,0) size 0x18
      LayoutBlockFlow {DIV} at (0,122) size 424x52 [border: (2px solid #FF0000)]
        LayoutBlockFlow {DIV} at (12,12) size 400x38
          LayoutText {#text} at (0,-17) size 398x72
            text run at (0,-17) width 398: "Lorem ipsum dolor"
            text run at (0,2) width 169: "sit amet"
