layer at (0,0) size 800x600 scrollWidth 1030
  LayoutView at (0,0) size 800x600
layer at (0,0) size 800x600
  LayoutBlockFlow {HTML} at (0,0) size 800x600
    LayoutBlockFlow {BODY} at (8,8) size 784x584
      LayoutBlockFlow {DIV} at (0,0) size 784x18
        LayoutText {#text} at (0,0) size 393x18
          text run at (0,0) width 393: "The six boxes below should be centered in two rows of three."
layer at (400,26) size 630x420 backgroundClip at (0,0) size 800x600 clip at (0,0) size 800x600
  LayoutBlockFlow (relative positioned) (floating) {DIV} at (0,18) size 630x420
    LayoutBR {BR} at (630,0) size 0x18
layer at (90,31) size 200x200
  LayoutBlockFlow (relative positioned) (floating) {DIV} at (5,5) size 200x200 [bgcolor=#000000]
    LayoutImage {IMG} at (0,0) size 200x200
layer at (300,31) size 200x200
  LayoutBlockFlow (relative positioned) (floating) {DIV} at (215,5) size 200x200 [bgcolor=#000000]
    LayoutImage {IMG} at (0,0) size 200x200
layer at (510,31) size 200x200
  LayoutBlockFlow (relative positioned) (floating) {DIV} at (425,5) size 200x200 [bgcolor=#000000]
    LayoutImage {IMG} at (0,0) size 200x200
layer at (90,241) size 200x200
  LayoutBlockFlow (relative positioned) (floating) {DIV} at (5,215) size 200x200 [bgcolor=#000000]
    LayoutImage {IMG} at (0,0) size 200x200
layer at (300,241) size 200x200
  LayoutBlockFlow (relative positioned) (floating) {DIV} at (215,215) size 200x200 [bgcolor=#000000]
    LayoutImage {IMG} at (0,0) size 200x200
layer at (510,241) size 200x200
  LayoutBlockFlow (relative positioned) (floating) {DIV} at (425,215) size 200x200 [bgcolor=#000000]
    LayoutImage {IMG} at (0,0) size 200x200
