layer at (0,0) size 800x600
  LayoutView at (0,0) size 800x600
layer at (0,0) size 800x600
  LayoutBlockFlow {HTML} at (0,0) size 800x600
    LayoutBlockFlow {BODY} at (8,8) size 784x584
      LayoutText {#text} at (0,37) size 295x18
        text run at (0,37) width 295: "The following inputs should not be stretched. "
      LayoutBlockFlow {INPUT} at (297.06,3) size 12x50
      LayoutText {#text} at (311,37) size 5x18
        text run at (311,37) width 5: " "
      LayoutBlockFlow {INPUT} at (318.84,3) size 12x50
      LayoutText {#text} at (0,0) size 0x0
