layer at (0,0) size 800x600
  LayoutView at (0,0) size 800x600
layer at (0,0) size 800x600
  LayoutBlockFlow {HTML} at (0,0) size 800x600
    LayoutBlockFlow {BODY} at (8,8) size 784x582
      LayoutBlockFlow {P} at (0,0) size 784x18
        LayoutText {#text} at (0,0) size 331x18
          text run at (0,0) width 331: "Test :nth-child() when dynamically adding siblings."
      LayoutBlockFlow {P} at (0,34) size 784x18
        LayoutInline {A} at (0,0) size 310x18 [color=#0000EE]
          LayoutText {#text} at (0,0) size 310x18
            text run at (0,0) width 310: "https://bugs.webkit.org/show_bug.cgi?id=26362"
      LayoutBlockFlow {DIV} at (10,68) size 764x210 [border: (1px solid #000000)]
        LayoutBlockFlow {P} at (11,6) size 747x18 [color=#FF0000]
          LayoutText {#text} at (0,0) size 62x18
            text run at (0,0) width 13: "P "
            text run at (12,0) width 50: "red text"
        LayoutBlockFlow {DIV} at (6,24) size 752x18
          LayoutText {#text} at (0,0) size 29x18
            text run at (0,0) width 29: "DIV"
        LayoutBlockFlow {P} at (11,42) size 747x18
          LayoutText {#text} at (0,0) size 9x18
            text run at (0,0) width 9: "P"
        LayoutBlockFlow {DIV} at (6,60) size 752x18 [color=#FF0000] [bgcolor=#9999FF]
          LayoutText {#text} at (0,0) size 133x18
            text run at (0,0) width 33: "DIV "
            text run at (32,0) width 53: "red text "
            text run at (84,0) width 49: "blue bg"
        LayoutBlockFlow {P} at (11,78) size 747x18
          LayoutText {#text} at (0,0) size 9x18
            text run at (0,0) width 9: "P"
        LayoutBlockFlow {DIV} at (6,96) size 752x18
          LayoutText {#text} at (0,0) size 29x18
            text run at (0,0) width 29: "DIV"
        LayoutBlockFlow {P} at (11,114) size 747x18 [color=#FF0000]
          LayoutText {#text} at (0,0) size 62x18
            text run at (0,0) width 13: "P "
            text run at (12,0) width 50: "red text"
        LayoutBlockFlow {DIV} at (6,132) size 752x18
          LayoutText {#text} at (0,0) size 29x18
            text run at (0,0) width 29: "DIV"
        LayoutBlockFlow {P} at (11,150) size 747x18
          LayoutText {#text} at (0,0) size 9x18
            text run at (0,0) width 9: "P"
        LayoutBlockFlow {DIV} at (6,168) size 752x18 [color=#FF0000]
          LayoutText {#text} at (0,0) size 81x18
            text run at (0,0) width 33: "DIV "
            text run at (32,0) width 49: "red text"
        LayoutBlockFlow {P} at (11,186) size 747x18
          LayoutText {#text} at (0,0) size 9x18
            text run at (0,0) width 9: "P"
      LayoutBlockFlow {DIV} at (10,288) size 764x228 [border: (1px solid #000000)]
        LayoutText {#text} at (6,6) size 264x18
          text run at (6,6) width 264: "child 0: PASS: found color rgb(255, 0, 0)"
        LayoutBR {BR} at (269,20) size 1x0
        LayoutText {#text} at (6,24) size 248x18
          text run at (6,24) width 248: "child 1: PASS: found color rgb(0, 0, 0)"
        LayoutBR {BR} at (253,38) size 1x0
        LayoutText {#text} at (6,42) size 248x18
          text run at (6,42) width 248: "child 2: PASS: found color rgb(0, 0, 0)"
        LayoutBR {BR} at (253,56) size 1x0
        LayoutText {#text} at (6,60) size 264x18
          text run at (6,60) width 264: "child 3: PASS: found color rgb(255, 0, 0)"
        LayoutBR {BR} at (269,74) size 1x0
        LayoutText {#text} at (6,78) size 248x18
          text run at (6,78) width 248: "child 4: PASS: found color rgb(0, 0, 0)"
        LayoutBR {BR} at (253,92) size 1x0
        LayoutText {#text} at (6,96) size 248x18
          text run at (6,96) width 248: "child 5: PASS: found color rgb(0, 0, 0)"
        LayoutBR {BR} at (253,110) size 1x0
        LayoutText {#text} at (6,114) size 264x18
          text run at (6,114) width 264: "child 6: PASS: found color rgb(255, 0, 0)"
        LayoutBR {BR} at (269,128) size 1x0
        LayoutText {#text} at (6,132) size 248x18
          text run at (6,132) width 248: "child 7: PASS: found color rgb(0, 0, 0)"
        LayoutBR {BR} at (253,146) size 1x0
        LayoutText {#text} at (6,150) size 248x18
          text run at (6,150) width 248: "child 8: PASS: found color rgb(0, 0, 0)"
        LayoutBR {BR} at (253,164) size 1x0
        LayoutText {#text} at (6,168) size 264x18
          text run at (6,168) width 264: "child 9: PASS: found color rgb(255, 0, 0)"
        LayoutBR {BR} at (269,182) size 1x0
        LayoutText {#text} at (6,186) size 256x18
          text run at (6,186) width 256: "child 10: PASS: found color rgb(0, 0, 0)"
        LayoutBR {BR} at (261,200) size 1x0
        LayoutText {#text} at (6,204) size 285x18
          text run at (6,204) width 285: "div 1: PASS: found color rgb(153, 153, 255)"
        LayoutBR {BR} at (290,218) size 1x0
