layer at (0,0) size 800x600
  LayoutView at (0,0) size 800x600
layer at (0,0) size 800x356
  LayoutBlockFlow {HTML} at (0,0) size 800x356
    LayoutBlockFlow {BODY} at (8,8) size 784x340
      LayoutImage {IMG} at (10,10) size 146x146 [bgcolor=#808080] [border: (1px solid #000000)]
      LayoutText {#text} at (166,152) size 4x18
        text run at (166,152) width 4: " "
      LayoutImage {IMG} at (180,10) size 146x146 [bgcolor=#808080] [border: (1px solid #000000)]
      LayoutText {#text} at (336,152) size 4x18
        text run at (336,152) width 4: " "
      LayoutImage {IMG} at (350,10) size 146x146 [bgcolor=#808080] [border: (1px solid #000000)]
      LayoutText {#text} at (506,152) size 4x18
        text run at (506,152) width 4: " "
      LayoutImage {IMG} at (520,10) size 146x146 [bgcolor=#808080] [border: (1px solid #000000)]
      LayoutText {#text} at (0,0) size 0x0
      LayoutImage {IMG} at (10,180) size 146x146 [bgcolor=#808080] [border: (1px solid #000000)]
      LayoutText {#text} at (0,0) size 0x0
