layer at (0,0) size 800x600
  LayoutView at (0,0) size 800x600
layer at (0,0) size 800x600
  LayoutBlockFlow {HTML} at (0,0) size 800x600
    LayoutBlockFlow {BODY} at (100,100) size 600x400
      LayoutBlockFlow {P} at (0,0) size 600x36
        LayoutInline {SPAN} at (0,0) size 0x0
        LayoutText {#text} at (0,0) size 0x0
        LayoutBR {BR} at (0,0) size 0x18
        LayoutBR {BR} at (0,18) size 0x18
      LayoutBlockFlow {P} at (0,52) size 600x108
        LayoutInline {SPAN} at (0,0) size 0x18
          LayoutBR {BR} at (0,0) size 0x18
        LayoutText {#text} at (0,0) size 0x0
        LayoutBR {BR} at (0,18) size 0x18
        LayoutBR {BR} at (0,36) size 0x18
        LayoutBR {BR} at (0,54) size 0x18
        LayoutBR {BR} at (0,72) size 0x18
        LayoutBR {BR} at (0,90) size 0x18
      LayoutBlockFlow {P} at (0,176) size 600x126
        LayoutInline {SPAN} at (0,0) size 8x36
          LayoutBR {BR} at (0,0) size 0x18
          LayoutText {#text} at (0,18) size 8x18
            text run at (0,18) width 8: "x"
        LayoutText {#text} at (8,18) size 4x18
          text run at (8,18) width 4: " "
        LayoutBR {BR} at (12,32) size 0x0
        LayoutBR {BR} at (0,36) size 0x18
        LayoutBR {BR} at (0,54) size 0x18
        LayoutBR {BR} at (0,72) size 0x18
        LayoutBR {BR} at (0,90) size 0x18
        LayoutBR {BR} at (0,108) size 0x18
      LayoutBlockFlow {P} at (0,318) size 600x36
        LayoutInline {SPAN} at (0,0) size 8x36
          LayoutText {#text} at (0,0) size 8x18
            text run at (0,0) width 8: "x"
          LayoutBR {BR} at (8,14) size 0x0
          LayoutBR {BR} at (0,18) size 0x18
        LayoutText {#text} at (0,0) size 0x0
