layer at (0,0) size 800x600
  LayoutView at (0,0) size 800x600
layer at (0,0) size 800x600
  LayoutBlockFlow {HTML} at (0,0) size 800x600
    LayoutBlockFlow {BODY} at (8,20) size 784x560
      LayoutBlockFlow {DIV} at (20,0) size 744x52 [bgcolor=#ADD8E6]
        LayoutBlockFlow {P} at (0,0) size 744x18
          LayoutText {#text} at (0,0) size 319x18
            text run at (0,0) width 319: "There should be one outline around the whole div"
        LayoutBlockFlow {P} at (-20,34) size 764x18
          LayoutText {#text} at (0,0) size 161x18
            text run at (0,0) width 161: "Not around each element"
      LayoutBlockFlow {DIV} at (20,72) size 744x52 [bgcolor=#ADD8E6]
        LayoutBlockFlow {P} at (0,0) size 744x18
          LayoutText {#text} at (0,0) size 319x18
            text run at (0,0) width 319: "There should be one outline around the whole div"
        LayoutBlockFlow {P} at (-20,34) size 764x18
          LayoutText {#text} at (0,0) size 161x18
            text run at (0,0) width 161: "Not around each element"
