layer at (0,0) size 800x600 scrollWidth 1013
  LayoutView at (0,0) size 800x600
layer at (0,0) size 800x600
  LayoutBlockFlow {HTML} at (0,0) size 800x600
    LayoutBlockFlow {BODY} at (8,8) size 784x584
      LayoutBlockFlow {DIV} at (0,0) size 100x100 [bgcolor=#00FF00]
        LayoutBlockFlow {DIV} at (0,0) size 100x4
          LayoutBlockFlow {DIV} at (0,0) size 100x4 [bgcolor=#00000080]
        LayoutBlockFlow {DIV} at (0,4) size 1005x4
          LayoutBlockFlow {DIV} at (0,0) size 100.50x4 [bgcolor=#00000080]
        LayoutBlockFlow {DIV} at (0,8) size 995x4
          LayoutBlockFlow {DIV} at (0,0) size 100.48x4 [bgcolor=#00000080]
        LayoutBlockFlow {DIV} at (0,12) size 985x4
          LayoutBlockFlow {DIV} at (0,0) size 100.47x4 [bgcolor=#00000080]
        LayoutBlockFlow {DIV} at (0,16) size 975x4
          LayoutBlockFlow {DIV} at (0,0) size 100.42x4 [bgcolor=#00000080]
        LayoutBlockFlow {DIV} at (0,20) size 965x4
          LayoutBlockFlow {DIV} at (0,0) size 100.36x4 [bgcolor=#00000080]
        LayoutBlockFlow {DIV} at (0,24) size 955x4
          LayoutBlockFlow {DIV} at (0,0) size 100.27x4 [bgcolor=#00000080]
        LayoutBlockFlow {DIV} at (0,28) size 945x4
          LayoutBlockFlow {DIV} at (0,0) size 100.16x4 [bgcolor=#00000080]
        LayoutBlockFlow {DIV} at (0,32) size 935x4
          LayoutBlockFlow {DIV} at (0,0) size 100.03x4 [bgcolor=#00000080]
        LayoutBlockFlow {DIV} at (0,36) size 930x4
          LayoutBlockFlow {DIV} at (0,0) size 100.44x4 [bgcolor=#00000080]
        LayoutBlockFlow {DIV} at (0,40) size 920x4
          LayoutBlockFlow {DIV} at (0,0) size 100.27x4 [bgcolor=#00000080]
        LayoutBlockFlow {DIV} at (0,44) size 910x4
          LayoutBlockFlow {DIV} at (0,0) size 100.09x4 [bgcolor=#00000080]
        LayoutBlockFlow {DIV} at (0,48) size 910x4
          LayoutBlockFlow {DIV} at (0,0) size 101x4 [bgcolor=#00000080]
        LayoutBlockFlow {DIV} at (0,52) size 900x4
          LayoutBlockFlow {DIV} at (0,0) size 100.80x4 [bgcolor=#00000080]
        LayoutBlockFlow {DIV} at (0,56) size 890x4
          LayoutBlockFlow {DIV} at (0,0) size 100.56x4 [bgcolor=#00000080]
        LayoutBlockFlow {DIV} at (0,60) size 885x4
          LayoutBlockFlow {DIV} at (0,0) size 100.88x4 [bgcolor=#00000080]
        LayoutBlockFlow {DIV} at (0,64) size 875x4
          LayoutBlockFlow {DIV} at (0,0) size 100.63x4 [bgcolor=#00000080]
        LayoutBlockFlow {DIV} at (0,68) size 870x4
          LayoutBlockFlow {DIV} at (0,0) size 100.91x4 [bgcolor=#00000080]
        LayoutBlockFlow {DIV} at (0,72) size 860x4
          LayoutBlockFlow {DIV} at (0,0) size 100.61x4 [bgcolor=#00000080]
        LayoutBlockFlow {DIV} at (0,76) size 850x4
          LayoutBlockFlow {DIV} at (0,0) size 100.30x4 [bgcolor=#00000080]
        LayoutBlockFlow {DIV} at (0,80) size 845x4
          LayoutBlockFlow {DIV} at (0,0) size 100.55x4 [bgcolor=#00000080]
        LayoutBlockFlow {DIV} at (0,84) size 840x4
          LayoutBlockFlow {DIV} at (0,0) size 100.80x4 [bgcolor=#00000080]
        LayoutBlockFlow {DIV} at (0,88) size 835x4
          LayoutBlockFlow {DIV} at (0,0) size 101.03x4 [bgcolor=#00000080]
        LayoutBlockFlow {DIV} at (0,92) size 825x4
          LayoutBlockFlow {DIV} at (0,0) size 100.64x4 [bgcolor=#00000080]
        LayoutBlockFlow {DIV} at (0,96) size 815x4
          LayoutBlockFlow {DIV} at (0,0) size 100.23x4 [bgcolor=#00000080]
      LayoutBlockFlow (anonymous) at (0,100) size 784x18
        LayoutBR {BR} at (0,0) size 0x18
layer at (8,126) size 784x0
  LayoutBlockFlow (relative positioned) {DIV} at (0,118) size 784x0
layer at (8,126) size 292x20
  LayoutTable (positioned) {TABLE} at (0,0) size 292x20
    LayoutTableSection {TBODY} at (0,0) size 292x20
      LayoutTableRow {TR} at (0,0) size 292x20
        LayoutTableCell {TD} at (0,10) size 11x0 [bgcolor=#00FF00] [r=0 c=0 rs=1 cs=1]
        LayoutTableCell {TD} at (11,10) size 10x0 [bgcolor=#000000] [r=0 c=1 rs=1 cs=1]
        LayoutTableCell {TD} at (21,10) size 13x0 [bgcolor=#00FF00] [r=0 c=2 rs=1 cs=1]
        LayoutTableCell {TD} at (34,10) size 10x0 [bgcolor=#000000] [r=0 c=3 rs=1 cs=1]
        LayoutTableCell {TD} at (44,10) size 15x0 [bgcolor=#00FF00] [r=0 c=4 rs=1 cs=1]
        LayoutTableCell {TD} at (59,10) size 10x0 [bgcolor=#000000] [r=0 c=5 rs=1 cs=1]
        LayoutTableCell {TD} at (69,10) size 17x0 [bgcolor=#00FF00] [r=0 c=6 rs=1 cs=1]
        LayoutTableCell {TD} at (86,10) size 10x0 [bgcolor=#000000] [r=0 c=7 rs=1 cs=1]
        LayoutTableCell {TD} at (96,10) size 20x0 [bgcolor=#00FF00] [r=0 c=8 rs=1 cs=1]
        LayoutTableCell {TD} at (116,10) size 10x0 [bgcolor=#000000] [r=0 c=9 rs=1 cs=1]
        LayoutTableCell {TD} at (126,10) size 21x0 [bgcolor=#00FF00] [r=0 c=10 rs=1 cs=1]
        LayoutTableCell {TD} at (147,10) size 10x0 [bgcolor=#000000] [r=0 c=11 rs=1 cs=1]
        LayoutTableCell {TD} at (157,10) size 23x0 [bgcolor=#00FF00] [r=0 c=12 rs=1 cs=1]
        LayoutTableCell {TD} at (180,10) size 10x0 [bgcolor=#000000] [r=0 c=13 rs=1 cs=1]
        LayoutTableCell {TD} at (190,10) size 25x0 [bgcolor=#00FF00] [r=0 c=14 rs=1 cs=1]
        LayoutTableCell {TD} at (215,10) size 10x0 [bgcolor=#000000] [r=0 c=15 rs=1 cs=1]
        LayoutTableCell {TD} at (225,10) size 27x0 [bgcolor=#00FF00] [r=0 c=16 rs=1 cs=1]
        LayoutTableCell {TD} at (252,10) size 10x0 [bgcolor=#000000] [r=0 c=17 rs=1 cs=1]
        LayoutTableCell {TD} at (262,10) size 30x0 [bgcolor=#00FF00] [r=0 c=18 rs=1 cs=1]
        LayoutTableCell {TD} at (292,10) size 0x0 [r=0 c=19 rs=1 cs=1]
layer at (8,126) size 1000x20 backgroundClip at (0,0) size 800x600 clip at (0,0) size 800x600
  LayoutTable (positioned) {TABLE} at (0,0) size 1000x20
    LayoutTableSection {TBODY} at (0,0) size 1000x20
      LayoutTableRow {TR} at (0,0) size 1000x20
        LayoutTableCell {TD} at (0,1) size 12x18 [bgcolor=#00000080] [r=0 c=0 rs=1 cs=1]
          LayoutText {#text} at (0,0) size 4x18
            text run at (0,0) width 4: " "
        LayoutTableCell {TD} at (12,1) size 10x18 [bgcolor=#00FF0080] [r=0 c=1 rs=1 cs=1]
          LayoutText {#text} at (0,0) size 4x18
            text run at (0,0) width 4: " "
        LayoutTableCell {TD} at (22,1) size 14x18 [bgcolor=#00000080] [r=0 c=2 rs=1 cs=1]
          LayoutText {#text} at (0,0) size 4x18
            text run at (0,0) width 4: " "
        LayoutTableCell {TD} at (36,1) size 10x18 [bgcolor=#00FF0080] [r=0 c=3 rs=1 cs=1]
          LayoutText {#text} at (0,0) size 4x18
            text run at (0,0) width 4: " "
        LayoutTableCell {TD} at (46,1) size 16x18 [bgcolor=#00000080] [r=0 c=4 rs=1 cs=1]
          LayoutText {#text} at (0,0) size 4x18
            text run at (0,0) width 4: " "
        LayoutTableCell {TD} at (62,1) size 10x18 [bgcolor=#00FF0080] [r=0 c=5 rs=1 cs=1]
          LayoutText {#text} at (0,0) size 4x18
            text run at (0,0) width 4: " "
        LayoutTableCell {TD} at (72,1) size 18x18 [bgcolor=#00000080] [r=0 c=6 rs=1 cs=1]
          LayoutText {#text} at (0,0) size 4x18
            text run at (0,0) width 4: " "
        LayoutTableCell {TD} at (90,1) size 10x18 [bgcolor=#00FF0080] [r=0 c=7 rs=1 cs=1]
          LayoutText {#text} at (0,0) size 4x18
            text run at (0,0) width 4: " "
        LayoutTableCell {TD} at (100,1) size 20x18 [bgcolor=#00000080] [r=0 c=8 rs=1 cs=1]
          LayoutText {#text} at (0,0) size 4x18
            text run at (0,0) width 4: " "
        LayoutTableCell {TD} at (120,1) size 10x18 [bgcolor=#00FF0080] [r=0 c=9 rs=1 cs=1]
          LayoutText {#text} at (0,0) size 4x18
            text run at (0,0) width 4: " "
        LayoutTableCell {TD} at (130,1) size 22x18 [bgcolor=#00000080] [r=0 c=10 rs=1 cs=1]
          LayoutText {#text} at (0,0) size 4x18
            text run at (0,0) width 4: " "
        LayoutTableCell {TD} at (152,1) size 10x18 [bgcolor=#00FF0080] [r=0 c=11 rs=1 cs=1]
          LayoutText {#text} at (0,0) size 4x18
            text run at (0,0) width 4: " "
        LayoutTableCell {TD} at (162,1) size 24x18 [bgcolor=#00000080] [r=0 c=12 rs=1 cs=1]
          LayoutText {#text} at (0,0) size 4x18
            text run at (0,0) width 4: " "
        LayoutTableCell {TD} at (186,10) size 10x0 [bgcolor=#00FF0080] [r=0 c=13 rs=1 cs=1]
        LayoutTableCell {TD} at (196,1) size 26x18 [bgcolor=#00000080] [r=0 c=14 rs=1 cs=1]
          LayoutText {#text} at (0,0) size 4x18
            text run at (0,0) width 4: " "
        LayoutTableCell {TD} at (222,1) size 10x18 [bgcolor=#00FF0080] [r=0 c=15 rs=1 cs=1]
          LayoutText {#text} at (0,0) size 4x18
            text run at (0,0) width 4: " "
        LayoutTableCell {TD} at (232,1) size 28x18 [bgcolor=#00000080] [r=0 c=16 rs=1 cs=1]
          LayoutText {#text} at (0,0) size 4x18
            text run at (0,0) width 4: " "
        LayoutTableCell {TD} at (260,1) size 10x18 [bgcolor=#00FF0080] [r=0 c=17 rs=1 cs=1]
          LayoutText {#text} at (0,0) size 4x18
            text run at (0,0) width 4: " "
        LayoutTableCell {TD} at (270,1) size 30x18 [bgcolor=#00000080] [r=0 c=18 rs=1 cs=1]
          LayoutText {#text} at (0,0) size 4x18
            text run at (0,0) width 4: " "
        LayoutTableCell {TD} at (300,1) size 700x18 [r=0 c=19 rs=1 cs=1]
          LayoutText {#text} at (0,0) size 4x18
            text run at (0,0) width 4: " "
