layer at (0,0) size 800x600
  LayoutView at (0,0) size 800x600
layer at (0,0) size 800x600
  LayoutBlockFlow {HTML} at (0,0) size 800x600
    LayoutBlockFlow {BODY} at (8,8) size 784x584
      LayoutBlockFlow {DIV} at (0,0) size 784x30 [bgcolor=#F5F5DC]
layer at (8,14) size 557x18
  LayoutBlockFlow (positioned) {DIV} at (8,14) size 556.91x18
    LayoutText {#text} at (0,0) size 557x18
      text run at (0,0) width 557: "This text should appear inside the beige bar, due the the element's negative margin-top."
