layer at (0,0) size 800x600
  LayoutView at (0,0) size 800x600
layer at (0,0) size 800x94
  LayoutBlockFlow {HTML} at (0,0) size 800x94
    LayoutBlockFlow {BODY} at (8,16) size 784x70
      LayoutBlockFlow {P} at (0,0) size 784x18
        LayoutText {#text} at (0,0) size 570x18
          text run at (0,0) width 570: "Test passes if the blue box sits atop the orange box and both are in the center of the view."
      LayoutBlockFlow {DIV} at (0,34) size 192x36 [bgcolor=#FF0000]
        LayoutBlockFlow (anonymous) at (0,0) size 192x18
        LayoutBlockFlow (anonymous) at (0,36) size 192x0
          LayoutText {#text} at (0,0) size 0x0
layer at (200,242) size 75x18
  LayoutInline (relative positioned) {SPAN} at (0,0) size 75x18 [bgcolor=#0000FF]
    LayoutText {#text} at (0,0) size 75x18
      text run at (0,0) width 75: "Filler Text1"
layer at (200,260) size 192x18
  LayoutBlockFlow (anonymous) (relative positioned) at (0,18) size 192x18
    LayoutBlockFlow {DIV} at (0,0) size 192x18 [bgcolor=#FFA500]
      LayoutText {#text} at (0,0) size 67x18
        text run at (0,0) width 67: "Filler Text"
layer at (200,278) size 0x0
  LayoutInline (relative positioned) {SPAN} at (0,0) size 0x0 [bgcolor=#0000FF]
