layer at (0,0) size 800x600
  LayoutView at (0,0) size 800x600
layer at (0,0) size 800x250
  LayoutBlockFlow {HTML} at (0,0) size 800x250
    LayoutBlockFlow {BODY} at (8,16) size 784x226
      LayoutBlockFlow {P} at (0,0) size 784x18
        LayoutText {#text} at (0,0) size 732x18
          text run at (0,0) width 732: "Test passes if each orange box is between two blue boxes and all orange and blue boxes are below the yellow box."
layer at (8,50) size 192x192
  LayoutBlockFlow (relative positioned) {DIV} at (0,34) size 192x192 [bgcolor=#FFFF00]
    LayoutBlockFlow (anonymous) at (0,0) size 192x18
    LayoutBlockFlow (anonymous) at (0,36) size 192x18
    LayoutBlockFlow (anonymous) at (0,72) size 192x18
    LayoutBlockFlow (anonymous) at (0,108) size 192x18
      LayoutText {#text} at (0,0) size 0x0
layer at (8,242) size 67x18
  LayoutInline (relative positioned) {DIV} at (0,0) size 67x18 [bgcolor=#0000FF]
    LayoutText {#text} at (0,0) size 67x18
      text run at (0,0) width 67: "Filler Text"
layer at (8,260) size 192x18
  LayoutBlockFlow (anonymous) (relative positioned) at (0,18) size 192x18
    LayoutBlockFlow {DIV} at (0,0) size 192x18 [bgcolor=#FFA500]
      LayoutText {#text} at (0,0) size 67x18
        text run at (0,0) width 67: "Filler Text"
layer at (8,278) size 67x18
  LayoutInline (relative positioned) {DIV} at (0,0) size 67x18 [bgcolor=#0000FF]
layer at (8,470) size 67x18
  LayoutInline (relative positioned) {DIV} at (0,0) size 67x18
    LayoutText {#text} at (0,0) size 67x18
      text run at (0,0) width 67: "Filler Text"
layer at (8,488) size 192x18
  LayoutBlockFlow (anonymous) (relative positioned) at (0,54) size 192x18
    LayoutBlockFlow {DIV} at (0,0) size 192x18 [bgcolor=#FFA500]
      LayoutText {#text} at (0,0) size 67x18
        text run at (0,0) width 67: "Filler Text"
layer at (8,314) size 67x18
  LayoutInline (relative positioned) {DIV} at (0,0) size 67x18 [bgcolor=#0000FF]
    LayoutText {#text} at (0,0) size 0x0
layer at (8,506) size 67x18
  LayoutInline (relative positioned) {DIV} at (0,0) size 67x18
    LayoutText {#text} at (0,0) size 67x18
      text run at (0,0) width 67: "Filler Text"
layer at (8,332) size 192x18
  LayoutBlockFlow (anonymous) (relative positioned) at (0,90) size 192x18
    LayoutBlockFlow {DIV} at (0,0) size 192x18 [bgcolor=#FFA500]
      LayoutText {#text} at (0,0) size 67x18
        text run at (0,0) width 67: "Filler Text"
layer at (8,350) size 67x18
  LayoutInline (relative positioned) {DIV} at (0,0) size 67x18 [bgcolor=#0000FF]
    LayoutText {#text} at (0,0) size 67x18
      text run at (0,0) width 67: "Filler Text"
