layer at (0,0) size 800x600
  LayoutView at (0,0) size 800x600
layer at (0,0) size 800x268
  LayoutBlockFlow {HTML} at (0,0) size 800x268
    LayoutBlockFlow {BODY} at (8,16) size 784x244
      LayoutBlockFlow {P} at (0,0) size 784x36
        LayoutText {#text} at (0,0) size 768x36
          text run at (0,0) width 768: "Test passes if each of the orange boxes is sandwiched between two blue boxes and two groups of blue and orange boxes"
          text run at (0,18) width 190: "are inside the big yellow box "
          text run at (189,18) width 232: "and the remaining group is below it."
layer at (8,68) size 192x192
  LayoutBlockFlow (relative positioned) {DIV} at (0,52) size 192x192 [bgcolor=#FFFF00]
    LayoutBlockFlow (anonymous) at (0,0) size 192x18
      LayoutInline {DIV} at (0,0) size 67x18 [bgcolor=#0000FF]
        LayoutText {#text} at (0,0) size 67x18
          text run at (0,0) width 67: "Filler Text"
    LayoutBlockFlow (anonymous) at (0,18) size 192x18
      LayoutBlockFlow {DIV} at (0,0) size 192x18 [bgcolor=#FFA500]
        LayoutText {#text} at (0,0) size 67x18
          text run at (0,0) width 67: "Filler Text"
    LayoutBlockFlow (anonymous) at (0,36) size 192x18
      LayoutInline {DIV} at (0,0) size 67x18 [bgcolor=#0000FF]
    LayoutBlockFlow (anonymous) at (0,72) size 192x18
      LayoutInline {DIV} at (0,0) size 67x18 [bgcolor=#0000FF]
        LayoutText {#text} at (0,0) size 0x0
    LayoutBlockFlow (anonymous) at (0,90) size 192x18
      LayoutBlockFlow {DIV} at (0,0) size 192x18 [bgcolor=#FFA500]
        LayoutText {#text} at (0,0) size 67x18
          text run at (0,0) width 67: "Filler Text"
    LayoutBlockFlow (anonymous) at (0,108) size 192x18
      LayoutInline {DIV} at (0,0) size 67x18 [bgcolor=#0000FF]
        LayoutText {#text} at (0,0) size 67x18
          text run at (0,0) width 67: "Filler Text"
      LayoutText {#text} at (0,0) size 0x0
layer at (8,296) size 67x18
  LayoutInline (relative positioned) {DIV} at (0,0) size 67x18
    LayoutText {#text} at (0,0) size 67x18
      text run at (0,0) width 67: "Filler Text"
layer at (8,314) size 192x18
  LayoutBlockFlow (anonymous) (relative positioned) at (0,54) size 192x18
    LayoutBlockFlow {DIV} at (0,0) size 192x18 [bgcolor=#FFA500]
      LayoutText {#text} at (0,0) size 67x18
        text run at (0,0) width 67: "Filler Text"
layer at (8,332) size 67x18
  LayoutInline (relative positioned) {DIV} at (0,0) size 67x18
    LayoutText {#text} at (0,0) size 67x18
      text run at (0,0) width 67: "Filler Text"
