layer at (0,0) size 800x600
  LayoutView at (0,0) size 800x600
layer at (0,0) size 800x572
  LayoutBlockFlow {HTML} at (0,0) size 800x572
    LayoutBlockFlow {BODY} at (8,8) size 784x556
      LayoutBlockFlow {P} at (0,18) size 784x18
        LayoutText {#text} at (0,0) size 54x18
          text run at (0,0) width 54: "Test for "
        LayoutInline {I} at (0,0) size 680x18
          LayoutInline {A} at (0,0) size 353x18 [color=#0000EE]
            LayoutText {#text} at (53,0) size 353x18
              text run at (53,0) width 353: "http://bugzilla.opendarwin.org/show_bug.cgi?id=9547"
          LayoutText {#text} at (405,0) size 328x18
            text run at (405,0) width 5: " "
            text run at (409,0) width 324: "Resize corner does not track the mouse accurately"
        LayoutText {#text} at (732,0) size 5x18
          text run at (732,0) width 5: "."
      LayoutBlockFlow (anonymous) at (0,187) size 784x369
        LayoutText {#text} at (177,115) size 4x18
          text run at (177,115) width 4: " "
        LayoutBR {BR} at (0,0) size 0x0
        LayoutText {#text} at (160,172) size 4x18
          text run at (160,172) width 4: " "
        LayoutBR {BR} at (0,0) size 0x0
        LayoutText {#text} at (0,0) size 0x0
layer at (8,8) size 784x2 clip at (0,0) size 0x0
  LayoutBlockFlow {HR} at (0,0) size 784x2 [border: (1px inset #EEEEEE)]
layer at (8,60) size 784x2 clip at (0,0) size 0x0
  LayoutBlockFlow {HR} at (0,52) size 784x2 [border: (1px inset #EEEEEE)]
layer at (8,70) size 173x125 clip at (10,72) size 169x121
  LayoutBlockFlow {DIV} at (0,62) size 173x125 [border: (2px solid #0000FF)]
layer at (8,195) size 177x129 clip at (10,197) size 173x125
  LayoutTextControl {TEXTAREA} at (0,0) size 177x129 [bgcolor=#FFFFFF] [border: (2px solid #0000FF)]
    LayoutBlockFlow {DIV} at (4,4) size 169x13
layer at (8,328) size 160x53 clip at (9,329) size 158x51
  LayoutTextControl {TEXTAREA} at (0,133) size 160x53 [bgcolor=#FFFFFF] [border: (1px solid #000000)]
    LayoutBlockFlow {DIV} at (3,3) size 154x13
layer at (8,385) size 323x175
  LayoutIFrame {IFRAME} at (0,190) size 323x175 [border: (2px inset #EEEEEE)]
    layer at (0,0) size 319x171
      LayoutView at (0,0) size 319x171
    layer at (0,0) size 319x171
      LayoutBlockFlow {HTML} at (0,0) size 319x171
        LayoutBlockFlow {BODY} at (8,8) size 303x155
