layer at (0,0) size 800x600
  LayoutView at (0,0) size 800x600
layer at (0,0) size 800x600
  LayoutBlockFlow {HTML} at (0,0) size 800x600
    LayoutBlockFlow {BODY} at (8,8) size 784x584
      LayoutInline {SPAN} at (0,0) size 650x138
        LayoutText {#text} at (0,0) size 650x138
          text run at (0,0) width 650: "fin LYAWA (No kerning or"
          text run at (0,69) width 227: "ligatures)"
      LayoutText {#text} at (226,109) size 5x18
        text run at (226,109) width 5: " "
      LayoutBR {BR} at (230,123) size 1x0
      LayoutInline {SPAN} at (0,0) size 650x138
        LayoutText {#text} at (0,138) size 650x138
          text run at (0,138) width 650: "fin LYAWA (No kerning or"
          text run at (0,207) width 227: "ligatures)"
      LayoutText {#text} at (226,247) size 5x18
        text run at (226,247) width 5: " "
      LayoutBR {BR} at (230,261) size 1x0
      LayoutInline {SPAN} at (0,0) size 611x138
        LayoutText {#text} at (0,276) size 611x138
          text run at (0,276) width 611: "fin LYAWA (Kerning and"
          text run at (0,345) width 227: "ligatures)"
      LayoutText {#text} at (226,385) size 5x18
        text run at (226,385) width 5: " "
      LayoutBR {BR} at (230,399) size 1x0
      LayoutInline {SPAN} at (0,0) size 611x138
        LayoutText {#text} at (0,414) size 611x138
          text run at (0,414) width 611: "fin LYAWA (Kerning and"
          text run at (0,483) width 227: "ligatures)"
      LayoutText {#text} at (226,523) size 5x18
        text run at (226,523) width 5: " "
      LayoutBR {BR} at (230,537) size 1x0
