layer at (0,0) size 800x600
  LayoutView at (0,0) size 800x600
layer at (0,0) size 800x392
  LayoutBlockFlow {HTML} at (0,0) size 800x392
    LayoutBlockFlow {BODY} at (8,8) size 784x364
layer at (8,8) size 343x28 clip at (13,13) size 333x18 scrollWidth 762
  LayoutBlockFlow {DIV} at (0,0) size 343x28 [border: (5px solid #008000)]
    LayoutText {#text} at (25,5) size 737x18
      text run at (25,5) width 737: "Lorem ipsum dolor sit amet, consectetur adipiscing elit. Vivamus vitae eros non libero faucibus sagittis sed ut eros."
layer at (8,56) size 343x28 clip at (13,61) size 333x18 scrollX 429.00 scrollWidth 762
  LayoutBlockFlow {DIV} at (0,48) size 343x28 [border: (5px solid #008000)]
    LayoutText {#text} at (-403,5) size 737x18
      text run at (-403,5) width 736 RTL override: "Lorem ipsum dolor sit amet, consectetur adipiscing elit. Vivamus vitae eros non libero faucibus sagittis sed ut eros."
layer at (8,104) size 343x28 clip at (13,109) size 333x18 scrollWidth 764
  LayoutBlockFlow {DIV} at (0,96) size 343x28 [border: (5px solid #008000)]
    LayoutText {#text} at (26,5) size 738x18
      text run at (26,5) width 738: "Lorem ipsum dolor sit amet, consectetur adipiscing elit. Vivamus vitae eros non libero faucibus sagittis sed ut eros."
layer at (8,152) size 343x28 clip at (13,157) size 333x18 scrollX 429.00 scrollWidth 762
  LayoutBlockFlow {DIV} at (0,144) size 343x28 [border: (5px solid #008000)]
    LayoutText {#text} at (-403,5) size 737x18
      text run at (-403,5) width 736 RTL override: "Lorem ipsum dolor sit amet, consectetur adipiscing elit. Vivamus vitae eros non libero faucibus sagittis sed ut eros."
layer at (8,200) size 343x28 clip at (13,205) size 333x18 scrollWidth 763
  LayoutBlockFlow {DIV} at (0,192) size 343x28 [border: (5px solid #008000)]
    LayoutText {#text} at (25,5) size 738x18
      text run at (25,5) width 738: "Lorem ipsum dolor sit amet, consectetur adipiscing elit. Vivamus vitae eros non libero faucibus sagittis sed ut eros."
layer at (8,248) size 343x28 clip at (13,253) size 333x18 scrollX 429.00 scrollWidth 762
  LayoutBlockFlow {DIV} at (0,240) size 343x28 [border: (5px solid #008000)]
    LayoutText {#text} at (-403,5) size 737x18
      text run at (-403,5) width 736 RTL override: "Lorem ipsum dolor sit amet, consectetur adipiscing elit. Vivamus vitae eros non libero faucibus sagittis sed ut eros."
layer at (8,296) size 343x28 clip at (13,301) size 333x18 scrollWidth 762
  LayoutBlockFlow {DIV} at (0,288) size 343x28 [border: (5px solid #008000)]
    LayoutText {#text} at (25,5) size 737x18
      text run at (25,5) width 737: "Lorem ipsum dolor sit amet, consectetur adipiscing elit. Vivamus vitae eros non libero faucibus sagittis sed ut eros."
layer at (8,344) size 343x28 clip at (13,349) size 333x18 scrollX 429.00 scrollWidth 762
  LayoutBlockFlow {DIV} at (0,336) size 343x28 [border: (5px solid #008000)]
    LayoutText {#text} at (-403,5) size 737x18
      text run at (-403,5) width 736 RTL override: "Lorem ipsum dolor sit amet, consectetur adipiscing elit. Vivamus vitae eros non libero faucibus sagittis sed ut eros."
