layer at (0,0) size 800x600 scrollHeight 740
  LayoutView at (0,0) size 800x600
layer at (0,0) size 800x740 backgroundClip at (0,0) size 800x600 clip at (0,0) size 800x600
  LayoutBlockFlow {HTML} at (0,0) size 800x740
    LayoutBlockFlow {BODY} at (8,8) size 784x712
      LayoutBlockFlow (anonymous) at (0,0) size 784x90
        LayoutText {#text} at (0,0) size 572x18
          text run at (0,0) width 572: "This tests checks that the text-overflow:ellipsis property is handled correctly for bidi text."
        LayoutBR {BR} at (571,0) size 1x18
        LayoutBR {BR} at (0,18) size 0x18
        LayoutText {#text} at (0,36) size 760x18
          text run at (0,36) width 760: "Pass if the ellipsis do not overlap the text and the underlines for the links are placed under the text and not the ellipsis. "
        LayoutBR {BR} at (759,36) size 1x18
        LayoutBR {BR} at (0,54) size 0x18
        LayoutText {#text} at (0,72) size 34x18
          text run at (0,72) width 34: "RTL:"
      LayoutBlockFlow (anonymous) at (0,132) size 784x18
        LayoutText {#text} at (0,0) size 95x18
          text run at (0,0) width 95: "RTL Override:"
      LayoutBlockFlow (anonymous) at (0,192) size 784x18
        LayoutText {#text} at (0,0) size 63x18
          text run at (0,0) width 63: "RTL link:"
      LayoutBlockFlow (anonymous) at (0,252) size 784x18
        LayoutText {#text} at (0,0) size 136x18
          text run at (0,0) width 136: "RTL with ltr content:"
      LayoutBlockFlow (anonymous) at (0,312) size 784x18
        LayoutText {#text} at (0,0) size 165x18
          text run at (0,0) width 165: "RTL link with ltr content:"
      LayoutBlockFlow (anonymous) at (0,372) size 784x18
        LayoutText {#text} at (0,0) size 63x18
          text run at (0,0) width 63: "LTR link:"
      LayoutBlockFlow (anonymous) at (0,432) size 784x18
        LayoutText {#text} at (0,0) size 34x18
          text run at (0,0) width 34: "LTR:"
      LayoutBlockFlow (anonymous) at (0,492) size 784x18
        LayoutText {#text} at (0,0) size 135x18
          text run at (0,0) width 135: "LTR with rtl content:"
      LayoutBlockFlow (anonymous) at (0,552) size 784x18
        LayoutText {#text} at (0,0) size 180x18
          text run at (0,0) width 180: "LTR with forced rtl content:"
      LayoutBlockFlow (anonymous) at (0,612) size 784x18
        LayoutText {#text} at (0,0) size 164x18
          text run at (0,0) width 164: "LTR link with rtl content:"
      LayoutBlockFlow (anonymous) at (0,672) size 784x18
        LayoutText {#text} at (0,0) size 209x18
          text run at (0,0) width 209: "LTR link with forced rtl content:"
layer at (8,98) size 182x22 clip at (9,99) size 180x20 scrollX 191.00 scrollWidth 371
  LayoutBlockFlow {DIV} at (0,90) size 182x22 [border: (1px solid #000000)]
    LayoutText {#text} at (-190,2) size 372x18
      text run at (-190,2) width 371 RTL: "\x{5DB}\x{5E9}\x{5D4}\x{5D8}\x{5E7}\x{5E1}\x{5D8} \x{5E2}\x{5E8}\x{5D5}\x{5DA} \x{5DE}\x{5D3}\x{5D9} \x{5E0}\x{5E8}\x{5E6}\x{5D4} \x{5DC}\x{5D4}\x{5D5}\x{5E1}\x{5D9}\x{5E3} \x{5D0}\x{5DC}\x{5D9}\x{5E4}\x{5E1}\x{5D5}\x{5EA} \x{5D1}\x{5E1}\x{5D5}\x{5E3} \x{5E9}\x{5D5}\x{5E8}\x{5D4}"
layer at (8,158) size 182x22 clip at (9,159) size 180x20 scrollX 148.00 scrollWidth 328
  LayoutBlockFlow {DIV} at (0,150) size 182x22 [border: (1px solid #000000)]
    LayoutText {#text} at (-147,1) size 329x18
      text run at (-147,1) width 328 RTL override: "Lorem ipsum dolor sit amet, consectetur adipiscing"
layer at (8,218) size 182x22 clip at (9,219) size 180x20 scrollX 148.00 scrollWidth 328
  LayoutBlockFlow {DIV} at (0,210) size 182x22 [border: (1px solid #000000)]
    LayoutInline {A} at (0,0) size 329x18 [color=#0000EE]
      LayoutText {#text} at (-147,1) size 329x18
        text run at (-147,1) width 328 RTL override: "Lorem ipsum dolor sit amet, consectetur adipiscing"
    LayoutText {#text} at (0,0) size 0x0
layer at (8,278) size 182x22 clip at (9,279) size 180x20 scrollX 148.00 scrollWidth 328
  LayoutBlockFlow {DIV} at (0,270) size 182x22 [border: (1px solid #000000)]
    LayoutText {#text} at (-147,1) size 329x18
      text run at (-147,1) width 328: "Lorem ipsum dolor sit amet, consectetur adipiscing"
layer at (8,338) size 182x22 clip at (9,339) size 180x20 scrollX 148.00 scrollWidth 328
  LayoutBlockFlow {DIV} at (0,330) size 182x22 [border: (1px solid #000000)]
    LayoutInline {A} at (0,0) size 329x18 [color=#0000EE]
      LayoutText {#text} at (-147,1) size 329x18
        text run at (-147,1) width 328: "Lorem ipsum dolor sit amet, consectetur adipiscing"
    LayoutText {#text} at (0,0) size 0x0
layer at (8,398) size 182x22 clip at (9,399) size 180x20 scrollWidth 328
  LayoutBlockFlow {DIV} at (0,390) size 182x22 [border: (1px solid #000000)]
    LayoutInline {A} at (0,0) size 329x18 [color=#0000EE]
      LayoutText {#text} at (1,1) size 329x18
        text run at (1,1) width 329: "Lorem ipsum dolor sit amet, consectetur adipiscing"
    LayoutText {#text} at (0,0) size 0x0
layer at (8,458) size 182x22 clip at (9,459) size 180x20 scrollWidth 328
  LayoutBlockFlow {DIV} at (0,450) size 182x22 [border: (1px solid #000000)]
    LayoutText {#text} at (1,1) size 329x18
      text run at (1,1) width 329: "Lorem ipsum dolor sit amet, consectetur adipiscing"
layer at (8,518) size 182x22 clip at (9,519) size 180x20 scrollWidth 371
  LayoutBlockFlow {DIV} at (0,510) size 182x22 [border: (1px solid #000000)]
    LayoutText {#text} at (1,2) size 372x18
      text run at (1,2) width 372 RTL: "\x{5DB}\x{5E9}\x{5D4}\x{5D8}\x{5E7}\x{5E1}\x{5D8} \x{5E2}\x{5E8}\x{5D5}\x{5DA} \x{5DE}\x{5D3}\x{5D9} \x{5E0}\x{5E8}\x{5E6}\x{5D4} \x{5DC}\x{5D4}\x{5D5}\x{5E1}\x{5D9}\x{5E3} \x{5D0}\x{5DC}\x{5D9}\x{5E4}\x{5E1}\x{5D5}\x{5EA} \x{5D1}\x{5E1}\x{5D5}\x{5E3} \x{5E9}\x{5D5}\x{5E8}\x{5D4}"
layer at (8,578) size 182x22 clip at (9,579) size 180x20 scrollWidth 328
  LayoutBlockFlow {DIV} at (0,570) size 182x22 [border: (1px solid #000000)]
    LayoutInline {SPAN} at (0,0) size 329x18
      LayoutText {#text} at (1,1) size 329x18
        text run at (1,1) width 329 RTL override: "Lorem ipsum dolor sit amet, consectetur adipiscing"
    LayoutText {#text} at (0,0) size 0x0
layer at (8,638) size 182x22 backgroundClip at (0,0) size 0x0 clip at (0,0) size 0x0 scrollWidth 371
  LayoutBlockFlow {DIV} at (0,630) size 182x22 [border: (1px solid #000000)]
    LayoutInline {A} at (0,0) size 372x18 [color=#0000EE]
      LayoutText {#text} at (1,2) size 372x18
        text run at (1,2) width 372 RTL: "\x{5DB}\x{5E9}\x{5D4}\x{5D8}\x{5E7}\x{5E1}\x{5D8} \x{5E2}\x{5E8}\x{5D5}\x{5DA} \x{5DE}\x{5D3}\x{5D9} \x{5E0}\x{5E8}\x{5E6}\x{5D4} \x{5DC}\x{5D4}\x{5D5}\x{5E1}\x{5D9}\x{5E3} \x{5D0}\x{5DC}\x{5D9}\x{5E4}\x{5E1}\x{5D5}\x{5EA} \x{5D1}\x{5E1}\x{5D5}\x{5E3} \x{5E9}\x{5D5}\x{5E8}\x{5D4}"
    LayoutText {#text} at (0,0) size 0x0
layer at (8,698) size 182x22 backgroundClip at (0,0) size 0x0 clip at (0,0) size 0x0 scrollWidth 328
  LayoutBlockFlow {DIV} at (0,690) size 182x22 [border: (1px solid #000000)]
    LayoutInline {A} at (0,0) size 329x18 [color=#0000EE]
      LayoutText {#text} at (0,0) size 0x0
      LayoutInline {SPAN} at (0,0) size 329x18
        LayoutText {#text} at (1,1) size 329x18
          text run at (1,1) width 329 RTL override: "Lorem ipsum dolor sit amet, consectetur adipiscing"
      LayoutText {#text} at (0,0) size 0x0
    LayoutText {#text} at (0,0) size 0x0
