layer at (0,0) size 800x600 clip at (0,0) size 785x600 scrollHeight 894
  LayoutView at (0,0) size 800x600
layer at (0,0) size 785x894 backgroundClip at (0,0) size 785x600 clip at (0,0) size 785x600
  LayoutBlockFlow {HTML} at (0,0) size 785x894.47
    LayoutBlockFlow {BODY} at (8,8) size 769x866.47
      LayoutBlockFlow {P} at (0,0) size 769x18
        LayoutText {#text} at (0,0) size 567x18
          text run at (0,0) width 567: "This test checks that text with text-overflow:ellipsis follows 'text-align: justify' correctly."
      LayoutBlockFlow {P} at (0,34) size 769x36
        LayoutText {#text} at (0,0) size 753x36
          text run at (0,0) width 753: "LTR text should be aligned with the left hand side of their box. RTL text should be aligned with the right hand side of"
          text run at (0,18) width 62: "their box."
      LayoutBlockFlow {H3} at (0,88.72) size 769x22
        LayoutText {#text} at (0,0) size 83x22
          text run at (0,0) width 83: "Single line"
      LayoutBlockFlow {H3} at (0,169.44) size 769x22
        LayoutText {#text} at (0,0) size 79x22
          text run at (0,0) width 79: "Multi line"
      LayoutBlockFlow {H3} at (0,304.16) size 769x22
        LayoutText {#text} at (0,0) size 227x22
          text run at (0,0) width 227: "Containing replaced content"
      LayoutBlockFlow {H3} at (0,395.88) size 769x22
        LayoutText {#text} at (0,0) size 388x22
          text run at (0,0) width 388: "Containing replaced content blocking the ellipsis"
      LayoutBlockFlow {H3} at (0,487.59) size 769x22
        LayoutText {#text} at (0,0) size 195x22
          text run at (0,0) width 195: "Right-To-Left single line"
      LayoutBlockFlow {H3} at (0,568.31) size 769x22
        LayoutText {#text} at (0,0) size 194x22
          text run at (0,0) width 194: "Right-To-Left Multi line"
      LayoutBlockFlow {H3} at (0,703.03) size 769x22
        LayoutText {#text} at (0,0) size 337x22
          text run at (0,0) width 337: "Right-To-Left containing replaced content"
      LayoutBlockFlow {H3} at (0,794.75) size 769x22
        LayoutText {#text} at (0,0) size 498x22
          text run at (0,0) width 498: "Right-To-Left containing replaced content blocking the ellipsis"
layer at (8,137) size 310x20 clip at (9,138) size 308x18 scrollWidth 737
  LayoutBlockFlow {DIV} at (0,129.44) size 310x20 [border: (1px solid #000000)]
    LayoutText {#text} at (1,1) size 737x18
      text run at (1,1) width 737: "Lorem ipsum dolor sit amet, consectetur adipiscing elit. Vivamus vitae eros non libero faucibus sagittis sed ut eros."
layer at (8,218) size 310x74 clip at (9,219) size 308x72 scrollWidth 737
  LayoutBlockFlow {DIV} at (0,210.16) size 310x74 [border: (1px solid #000000)]
    LayoutText {#text} at (1,1) size 737x18
      text run at (1,1) width 737: "Lorem ipsum dolor sit amet, consectetur adipiscing elit. Vivamus vitae eros non libero faucibus sagittis sed ut eros."
    LayoutBR {BR} at (0,0) size 0x0
    LayoutText {#text} at (1,19) size 727x18
      text run at (1,19) width 727: "orem ipsum dolor sit amet, consectetur adipiscing elit. Vivamus vitae eros non libero faucibus sagittis sed ut eros."
    LayoutBR {BR} at (0,0) size 0x0
    LayoutText {#text} at (1,37) size 719x18
      text run at (1,37) width 719: "rem ipsum dolor sit amet, consectetur adipiscing elit. Vivamus vitae eros non libero faucibus sagittis sed ut eros."
    LayoutBR {BR} at (0,0) size 0x0
    LayoutText {#text} at (1,55) size 714x18
      text run at (1,55) width 714: "em ipsum dolor sit amet, consectetur adipiscing elit. Vivamus vitae eros non libero faucibus sagittis sed ut eros."
    LayoutBR {BR} at (0,0) size 0x0
layer at (8,353) size 310x31 clip at (9,354) size 308x29 scrollWidth 766
  LayoutBlockFlow {DIV} at (0,344.88) size 310x31 [border: (1px solid #000000)]
    LayoutText {#text} at (1,12) size 186x18
      text run at (1,12) width 186: "Lorem ipsum dolor sit amet, "
    LayoutImage {IMG} at (186.75,1) size 25x25
    LayoutText {#text} at (211,12) size 556x18
      text run at (211,12) width 556: " consectetur adipiscing elit. Vivamus vitae eros non libero faucibus sagittis sed ut eros."
layer at (8,445) size 310x31 clip at (9,446) size 308x29 scrollWidth 762
  LayoutBlockFlow {DIV} at (0,436.59) size 310x31 [border: (1px solid #000000)]
    LayoutText {#text} at (1,12) size 278x18
      text run at (1,12) width 278: "Lorem ipsum dolor sit amet, consectetur ad"
    LayoutImage {IMG} at (278.70,1) size 25x25
    LayoutText {#text} at (303,12) size 460x18
      text run at (303,12) width 460: "ipiscing elit. Vivamus vitae eros non libero faucibus sagittis sed ut eros."
layer at (8,536) size 310x20 clip at (9,537) size 308x18 scrollX 429.00 scrollWidth 737
  LayoutBlockFlow {DIV} at (0,528.31) size 310x20 [border: (1px solid #000000)]
    LayoutText {#text} at (-427,1) size 737x18
      text run at (-427,1) width 736 RTL override: "Lorem ipsum dolor sit amet, consectetur adipiscing elit. Vivamus vitae eros non libero faucibus sagittis sed ut eros."
layer at (8,617) size 310x74 backgroundClip at (0,0) size 0x0 clip at (0,0) size 0x0
  LayoutBlockFlow {DIV} at (0,609.03) size 310x74 [border: (1px solid #000000)]
    LayoutText {#text} at (1,1) size 737x18
      text run at (1,1) width 737 RTL override: "Lorem ipsum dolor sit amet, consectetur adipiscing elit. Vivamus vitae eros non libero faucibus sagittis sed ut eros."
    LayoutBR {BR} at (0,0) size 0x0
    LayoutText {#text} at (1,19) size 727x18
      text run at (1,19) width 727 RTL override: "orem ipsum dolor sit amet, consectetur adipiscing elit. Vivamus vitae eros non libero faucibus sagittis sed ut eros."
    LayoutBR {BR} at (0,0) size 0x0
    LayoutText {#text} at (1,37) size 719x18
      text run at (1,37) width 719 RTL override: "rem ipsum dolor sit amet, consectetur adipiscing elit. Vivamus vitae eros non libero faucibus sagittis sed ut eros."
    LayoutBR {BR} at (0,0) size 0x0
    LayoutText {#text} at (1,55) size 714x18
      text run at (1,55) width 714 RTL override: "em ipsum dolor sit amet, consectetur adipiscing elit. Vivamus vitae eros non libero faucibus sagittis sed ut eros."
    LayoutBR {BR} at (0,0) size 0x0
layer at (8,752) size 310x31 backgroundClip at (0,0) size 0x0 clip at (0,0) size 0x0 scrollX 458.00 scrollWidth 766
  LayoutBlockFlow {DIV} at (0,743.75) size 310x31 [border: (1px solid #000000)]
    LayoutText {#text} at (123,12) size 186x18
      text run at (123,12) width 186 RTL override: "Lorem ipsum dolor sit amet, "
    LayoutImage {IMG} at (98.25,1) size 25x25
    LayoutText {#text} at (-456,12) size 556x18
      text run at (-456,12) width 555 RTL override: " consectetur adipiscing elit. Vivamus vitae eros non libero faucibus sagittis sed ut eros."
layer at (8,843) size 310x31 backgroundClip at (0,0) size 0x0 clip at (0,0) size 0x0 scrollX 454.00 scrollWidth 762
  LayoutBlockFlow {DIV} at (0,835.47) size 310x31 [border: (1px solid #000000)]
    LayoutText {#text} at (31,12) size 278x18
      text run at (31,12) width 278 RTL override: "Lorem ipsum dolor sit amet, consectetur ad"
    LayoutImage {IMG} at (6.30,1) size 25x25
    LayoutText {#text} at (-452,12) size 460x18
      text run at (-452,12) width 459 RTL override: "ipiscing elit. Vivamus vitae eros non libero faucibus sagittis sed ut eros."
