layer at (0,0) size 800x600
  LayoutView at (0,0) size 800x600
layer at (0,0) size 800x600
  LayoutBlockFlow {HTML} at (0,0) size 800x600
    LayoutBlockFlow {BODY} at (8,8) size 784x576
      LayoutBlockFlow {P} at (0,0) size 784x18
        LayoutText {#text} at (0,0) size 54x18
          text run at (0,0) width 54: "Bullets: "
        LayoutInline {SPAN} at (0,0) size 18x18
          LayoutText {#text} at (53,0) size 18x18
            text run at (53,0) width 18: "\x{2022}\x{2022}\x{2022}"
        LayoutText {#text} at (70,0) size 5x18
          text run at (70,0) width 5: "."
      LayoutBlockFlow {P} at (0,34) size 784x19
        LayoutText {#text} at (0,1) size 60x18
          text run at (0,1) width 60: "Squares: "
        LayoutInline {SPAN} at (0,0) size 27x18
          LayoutText {#text} at (59,1) size 27x18
            text run at (59,1) width 27: "\x{25A0}\x{25A0}\x{25A0}"
        LayoutText {#text} at (85,1) size 5x18
          text run at (85,1) width 5: "."
      LayoutBlockFlow {P} at (0,69) size 784x19
        LayoutText {#text} at (0,1) size 54x18
          text run at (0,1) width 54: "Circles: "
        LayoutInline {SPAN} at (0,0) size 29x18
          LayoutText {#text} at (53,1) size 29x18
            text run at (53,1) width 29: "\x{25E6}\x{25E6}\x{25E6}"
        LayoutText {#text} at (81,1) size 5x18
          text run at (81,1) width 5: "."
      LayoutBlockFlow {P} at (0,104) size 784x18
        LayoutText {#text} at (0,0) size 85x18
          text run at (0,0) width 85: "Plain letters: "
        LayoutInline {SPAN} at (0,0) size 25x18
          LayoutText {#text} at (84,0) size 25x18
            text run at (84,0) width 25: "xxx"
        LayoutText {#text} at (108,0) size 5x18
          text run at (108,0) width 5: "."
      LayoutBlockFlow {P} at (0,138) size 784x18
        LayoutText {#text} at (0,0) size 113x18
          text run at (0,0) width 113: "Bullets (invalid): "
        LayoutInline {SPAN} at (0,0) size 18x18
          LayoutText {#text} at (112,0) size 18x18
            text run at (112,0) width 18: "\x{2022}\x{2022}\x{2022}"
        LayoutText {#text} at (129,0) size 5x18
          text run at (129,0) width 5: "."
      LayoutBlockFlow {P} at (0,172) size 784x18
        LayoutText {#text} at (0,0) size 124x18
          text run at (0,0) width 124: "Bullets (dynamic): "
        LayoutInline {SPAN} at (0,0) size 18x18
          LayoutText {#text} at (123,0) size 18x18
            text run at (123,0) width 18: "\x{2022}\x{2022}\x{2022}"
        LayoutText {#text} at (140,0) size 5x18
          text run at (140,0) width 5: "."
