layer at (0,0) size 800x600
  LayoutView at (0,0) size 800x600
layer at (0,0) size 800x600
  LayoutBlockFlow {HTML} at (0,0) size 800x600
    LayoutBlockFlow {BODY} at (8,8) size 784x572
      LayoutBlockFlow {P} at (0,0) size 784x54
        LayoutText {#text} at (0,0) size 781x54
          text run at (0,0) width 751: "This file tests capitalisation with all sorts of odd things. There is some RTL text, some text with an inlined-div placed"
          text run at (0,18) width 781: "inside a word, an image between words as well as a div between words. Each word below should be capitalised, and there"
          text run at (0,36) width 284: "should be no capitals n the middle of words."
      LayoutBlockFlow {DIV} at (20,74) size 744x115 [border: (5px solid #FF0000)]
        LayoutBlockFlow {DIV} at (25,25) size 694x18
          LayoutText {#text} at (663,0) size 31x18
            text run at (663,0) width 31 RTL override: "Capi"
          LayoutInline {SPAN} at (0,0) size 17x18
            LayoutText {#text} at (647,0) size 17x18
              text run at (647,0) width 17 RTL override: "tal"
          LayoutText {#text} at (630,0) size 18x18
            text run at (630,0) width 18 RTL override: "ise"
        LayoutBlockFlow {DIV} at (25,43) size 694x47
          LayoutBlockFlow (anonymous) at (0,0) size 694x29
            LayoutText {#text} at (0,11) size 31x18
              text run at (0,11) width 31: "A W"
            LayoutInline {DIV} at (0,0) size 14x18
              LayoutText {#text} at (30,11) size 14x18
                text run at (30,11) width 14: "or"
            LayoutText {#text} at (43,11) size 45x18
              text run at (43,11) width 45: "d With"
            LayoutImage {IMG} at (87.34,0) size 25x25
            LayoutText {#text} at (112,11) size 64x18
              text run at (112,11) width 64: "An Image"
          LayoutBlockFlow {DIV} at (0,29) size 694x0
          LayoutBlockFlow (anonymous) at (0,29) size 694x18
            LayoutText {#text} at (0,0) size 36x18
              text run at (0,0) width 36: "In Be"
            LayoutInline {SPAN} at (0,0) size 17x18
              LayoutText {#text} at (35,0) size 17x18
                text run at (35,0) width 17: "tw"
            LayoutText {#text} at (51,0) size 23x18
              text run at (51,0) width 23: "een"
