layer at (0,0) size 800x600 clip at (0,0) size 785x600 scrollHeight 876
  LayoutView at (0,0) size 800x600
layer at (0,0) size 785x876 backgroundClip at (0,0) size 785x600 clip at (0,0) size 785x600
  LayoutBlockFlow {HTML} at (0,0) size 785x876.47
    LayoutBlockFlow {BODY} at (8,8) size 769x848.47
      LayoutBlockFlow {P} at (0,0) size 769x18
        LayoutText {#text} at (0,0) size 557x18
          text run at (0,0) width 557: "This test checks that text with text-overflow:ellipsis follows 'text-align: right' correctly."
      LayoutBlockFlow {P} at (0,34) size 769x18
        LayoutText {#text} at (0,0) size 514x18
          text run at (0,0) width 514: "The text in all boxes should be right aligned, sticking to the right side of the box"
      LayoutBlockFlow {H3} at (0,70.72) size 769x22
        LayoutText {#text} at (0,0) size 83x22
          text run at (0,0) width 83: "Single line"
      LayoutBlockFlow {H3} at (0,151.44) size 769x22
        LayoutText {#text} at (0,0) size 79x22
          text run at (0,0) width 79: "Multi line"
      LayoutBlockFlow {H3} at (0,286.16) size 769x22
        LayoutText {#text} at (0,0) size 227x22
          text run at (0,0) width 227: "Containing replaced content"
      LayoutBlockFlow {H3} at (0,377.88) size 769x22
        LayoutText {#text} at (0,0) size 388x22
          text run at (0,0) width 388: "Containing replaced content blocking the ellipsis"
      LayoutBlockFlow {H3} at (0,469.59) size 769x22
        LayoutText {#text} at (0,0) size 195x22
          text run at (0,0) width 195: "Right-To-Left single line"
      LayoutBlockFlow {H3} at (0,550.31) size 769x22
        LayoutText {#text} at (0,0) size 194x22
          text run at (0,0) width 194: "Right-To-Left Multi line"
      LayoutBlockFlow {H3} at (0,685.03) size 769x22
        LayoutText {#text} at (0,0) size 337x22
          text run at (0,0) width 337: "Right-To-Left containing replaced content"
      LayoutBlockFlow {H3} at (0,776.75) size 769x22
        LayoutText {#text} at (0,0) size 498x22
          text run at (0,0) width 498: "Right-To-Left containing replaced content blocking the ellipsis"
layer at (8,119) size 310x20 clip at (9,120) size 308x18 scrollWidth 739
  LayoutBlockFlow {DIV} at (0,111.44) size 310x20 [border: (1px solid #000000)]
    LayoutText {#text} at (2,1) size 738x18
      text run at (2,1) width 738: "Lorem ipsum dolor sit amet, consectetur adipiscing elit. Vivamus vitae eros non libero faucibus sagittis sed ut eros."
layer at (8,200) size 310x74 clip at (9,201) size 308x72 scrollWidth 739
  LayoutBlockFlow {DIV} at (0,192.16) size 310x74 [border: (1px solid #000000)]
    LayoutText {#text} at (2,1) size 738x18
      text run at (2,1) width 738: "Lorem ipsum dolor sit amet, consectetur adipiscing elit. Vivamus vitae eros non libero faucibus sagittis sed ut eros."
    LayoutBR {BR} at (0,0) size 0x0
    LayoutText {#text} at (1,19) size 728x18
      text run at (1,19) width 728: "orem ipsum dolor sit amet, consectetur adipiscing elit. Vivamus vitae eros non libero faucibus sagittis sed ut eros."
    LayoutBR {BR} at (0,0) size 0x0
    LayoutText {#text} at (2,37) size 720x18
      text run at (2,37) width 720: "rem ipsum dolor sit amet, consectetur adipiscing elit. Vivamus vitae eros non libero faucibus sagittis sed ut eros."
    LayoutBR {BR} at (0,0) size 0x0
    LayoutText {#text} at (3,55) size 715x18
      text run at (3,55) width 715: "em ipsum dolor sit amet, consectetur adipiscing elit. Vivamus vitae eros non libero faucibus sagittis sed ut eros."
    LayoutBR {BR} at (0,0) size 0x0
layer at (8,335) size 310x31 clip at (9,336) size 308x29 scrollWidth 766
  LayoutBlockFlow {DIV} at (0,326.88) size 310x31 [border: (1px solid #000000)]
    LayoutText {#text} at (1,12) size 187x18
      text run at (1,12) width 187: "Lorem ipsum dolor sit amet, "
    LayoutImage {IMG} at (187.16,1) size 25x25
    LayoutText {#text} at (212,12) size 556x18
      text run at (212,12) width 556: " consectetur adipiscing elit. Vivamus vitae eros non libero faucibus sagittis sed ut eros."
layer at (8,427) size 310x31 clip at (9,428) size 308x29 scrollWidth 762
  LayoutBlockFlow {DIV} at (0,418.59) size 310x31 [border: (1px solid #000000)]
    LayoutText {#text} at (1,12) size 278x18
      text run at (1,12) width 278: "Lorem ipsum dolor sit amet, consectetur ad"
    LayoutImage {IMG} at (278.70,1) size 25x25
    LayoutText {#text} at (303,12) size 460x18
      text run at (303,12) width 460: "ipiscing elit. Vivamus vitae eros non libero faucibus sagittis sed ut eros."
layer at (8,518) size 310x20 clip at (9,519) size 308x18 scrollX 429.00 scrollWidth 737
  LayoutBlockFlow {DIV} at (0,510.31) size 310x20 [border: (1px solid #000000)]
    LayoutText {#text} at (-427,1) size 737x18
      text run at (-427,1) width 736 RTL override: "Lorem ipsum dolor sit amet, consectetur adipiscing elit. Vivamus vitae eros non libero faucibus sagittis sed ut eros."
layer at (8,599) size 310x74 backgroundClip at (8,599) size 310x1 clip at (0,0) size 0x0 scrollX 429.00 scrollWidth 737
  LayoutBlockFlow {DIV} at (0,591.03) size 310x74 [border: (1px solid #000000)]
    LayoutText {#text} at (-427,1) size 737x18
      text run at (-427,1) width 736 RTL override: "Lorem ipsum dolor sit amet, consectetur adipiscing elit. Vivamus vitae eros non libero faucibus sagittis sed ut eros."
    LayoutBR {BR} at (0,0) size 0x0
    LayoutText {#text} at (-417,19) size 727x18
      text run at (-417,19) width 726 RTL override: "orem ipsum dolor sit amet, consectetur adipiscing elit. Vivamus vitae eros non libero faucibus sagittis sed ut eros."
    LayoutBR {BR} at (0,0) size 0x0
    LayoutText {#text} at (-409,37) size 719x18
      text run at (-409,37) width 718 RTL override: "rem ipsum dolor sit amet, consectetur adipiscing elit. Vivamus vitae eros non libero faucibus sagittis sed ut eros."
    LayoutBR {BR} at (0,0) size 0x0
    LayoutText {#text} at (-404,55) size 714x18
      text run at (-404,55) width 713 RTL override: "em ipsum dolor sit amet, consectetur adipiscing elit. Vivamus vitae eros non libero faucibus sagittis sed ut eros."
    LayoutBR {BR} at (0,0) size 0x0
layer at (8,734) size 310x31 backgroundClip at (0,0) size 0x0 clip at (0,0) size 0x0 scrollX 458.00 scrollWidth 766
  LayoutBlockFlow {DIV} at (0,725.75) size 310x31 [border: (1px solid #000000)]
    LayoutText {#text} at (123,12) size 186x18
      text run at (123,12) width 186 RTL override: "Lorem ipsum dolor sit amet, "
    LayoutImage {IMG} at (98.25,1) size 25x25
    LayoutText {#text} at (-456,12) size 556x18
      text run at (-456,12) width 555 RTL override: " consectetur adipiscing elit. Vivamus vitae eros non libero faucibus sagittis sed ut eros."
layer at (8,825) size 310x31 backgroundClip at (0,0) size 0x0 clip at (0,0) size 0x0 scrollX 454.00 scrollWidth 762
  LayoutBlockFlow {DIV} at (0,817.47) size 310x31 [border: (1px solid #000000)]
    LayoutText {#text} at (31,12) size 278x18
      text run at (31,12) width 278 RTL override: "Lorem ipsum dolor sit amet, consectetur ad"
    LayoutImage {IMG} at (6.30,1) size 25x25
    LayoutText {#text} at (-452,12) size 460x18
      text run at (-452,12) width 459 RTL override: "ipiscing elit. Vivamus vitae eros non libero faucibus sagittis sed ut eros."
