layer at (0,0) size 800x600 scrollWidth 2028 scrollHeight 2386
  LayoutView at (0,0) size 800x600
layer at (0,0) size 800x2386 backgroundClip at (0,0) size 800x600 clip at (0,0) size 800x600
  LayoutBlockFlow {HTML} at (0,0) size 800x2386.28
    LayoutBlockFlow {BODY} at (8,8) size 784x2370.28
      LayoutBlockFlow {H2} at (0,0) size 784x28
        LayoutText {#text} at (0,0) size 139x28
          text run at (0,0) width 139: "word-spacing"
      LayoutBlockFlow (anonymous) at (0,47.91) size 784x193.41
        LayoutBlockFlow (floating) {PRE} at (0,13) size 1201.58x167.41
          LayoutBlockFlow {H3} at (0,15.20) size 1201.58x17
            LayoutText {#text} at (0,0) size 207x17
              text run at (0,0) width 207: "In a floated pre"
          LayoutBlockFlow (anonymous) at (0,47.41) size 1201.58x120
            LayoutText {#text} at (0,0) size 257x30
              text run at (0,0) width 0: " "
              text run at (0,15) width 257: "Word   spacing test "
            LayoutInline {EM} at (0,0) size 24x15
              LayoutText {#text} at (256,15) size 24x15
                text run at (256,15) width 24: "for"
            LayoutText {#text} at (299,15) size 9x15
              text run at (299,15) width 9: " "
            LayoutInline {STRONG} at (0,0) size 63x15
              LayoutText {#text} at (307,15) size 63x15
                text run at (307,15) width 63: "elements"
            LayoutText {#text} at (389,15) size 9x15
              text run at (389,15) width 9: " "
            LayoutInline {TT} at (0,0) size 48x15
              LayoutText {#text} at (397,15) size 48x15
                text run at (397,15) width 48: "within"
            LayoutText {#text} at (464,15) size 614x30
              text run at (464,15) width 130: " elements too."
              text run at (613,15) width 1: " "
              text run at (0,30) width 257: "Word   spacing test "
            LayoutInline {EM} at (0,0) size 24x15
              LayoutText {#text} at (256,30) size 24x15
                text run at (256,30) width 24: "for"
            LayoutText {#text} at (299,30) size 9x15
              text run at (299,30) width 9: " "
            LayoutInline {STRONG} at (0,0) size 63x15
              LayoutText {#text} at (307,30) size 63x15
                text run at (307,30) width 63: "elements"
            LayoutText {#text} at (389,30) size 9x15
              text run at (389,30) width 9: " "
            LayoutInline {TT} at (0,0) size 48x15
              LayoutText {#text} at (397,30) size 48x15
                text run at (397,30) width 48: "within"
            LayoutText {#text} at (464,30) size 99x15
              text run at (464,30) width 99: " elements "
            LayoutText {#text} at (562,30) size 1054x30
              text run at (562,30) width 472: " too. (with comment between elements and too)"
              text run at (1053,30) width 1: " "
              text run at (0,45) width 257: "Word   spacing test "
            LayoutInline {EM} at (0,0) size 24x15
              LayoutText {#text} at (256,45) size 24x15
                text run at (256,45) width 24: "for"
            LayoutText {#text} at (299,45) size 9x15
              text run at (299,45) width 9: " "
            LayoutInline {STRONG} at (0,0) size 63x15
              LayoutText {#text} at (307,45) size 63x15
                text run at (307,45) width 63: "elements"
            LayoutText {#text} at (389,45) size 9x15
              text run at (389,45) width 9: " "
            LayoutInline {TT} at (0,0) size 48x15
              LayoutText {#text} at (397,45) size 48x15
                text run at (397,45) width 48: "within"
            LayoutText {#text} at (464,45) size 71x15
              text run at (464,45) width 71: " elements"
            LayoutText {#text} at (554,45) size 1270x30
              text run at (554,45) width 696: " too. (with comment (no preceding space) between elements and too)"
              text run at (1269,45) width 1: " "
              text run at (0,60) width 257: "Word   spacing test "
            LayoutInline {EM} at (0,0) size 24x15
              LayoutText {#text} at (256,60) size 24x15
                text run at (256,60) width 24: "for"
            LayoutText {#text} at (299,60) size 9x15
              text run at (299,60) width 9: " "
            LayoutInline {STRONG} at (0,0) size 63x15
              LayoutText {#text} at (307,60) size 63x15
                text run at (307,60) width 63: "elements"
            LayoutText {#text} at (389,60) size 9x15
              text run at (389,60) width 9: " "
            LayoutInline {TT} at (0,0) size 48x15
              LayoutText {#text} at (397,60) size 48x15
                text run at (397,60) width 48: "within"
            LayoutText {#text} at (464,60) size 99x15
              text run at (464,60) width 99: " elements "
            LayoutText {#text} at (562,60) size 700x15
              text run at (562,60) width 680: "too. (with comment (no trailing space) between elements and too)"
              text run at (1261,60) width 1: " "
            LayoutInline {SPAN} at (0,0) size 370x15
              LayoutText {#text} at (0,75) size 257x15
                text run at (0,75) width 257: "Word   spacing test "
              LayoutInline {EM} at (0,0) size 24x15
                LayoutText {#text} at (256,75) size 24x15
                  text run at (256,75) width 24: "for"
              LayoutText {#text} at (299,75) size 9x15
                text run at (299,75) width 9: " "
              LayoutInline {STRONG} at (0,0) size 63x15
                LayoutText {#text} at (307,75) size 63x15
                  text run at (307,75) width 63: "elements"
            LayoutText {#text} at (389,75) size 9x15
              text run at (389,75) width 9: " "
            LayoutInline {TT} at (0,0) size 48x15
              LayoutText {#text} at (397,75) size 48x15
                text run at (397,75) width 48: "within"
            LayoutText {#text} at (464,75) size 1097x30
              text run at (464,75) width 613: " elements too. (with monospace font from Word to elements)"
              text run at (1096,75) width 1: " "
              text run at (0,90) width 257: "Word   spacing test "
            LayoutInline {SPAN} at (0,0) size 189x15
              LayoutInline {EM} at (0,0) size 24x15
                LayoutText {#text} at (256,90) size 24x15
                  text run at (256,90) width 24: "for"
              LayoutText {#text} at (299,90) size 9x15
                text run at (299,90) width 9: " "
              LayoutInline {STRONG} at (0,0) size 63x15
                LayoutText {#text} at (307,90) size 63x15
                  text run at (307,90) width 63: "elements"
              LayoutText {#text} at (389,90) size 9x15
                text run at (389,90) width 9: " "
              LayoutInline {TT} at (0,0) size 48x15
                LayoutText {#text} at (397,90) size 48x15
                  text run at (397,90) width 48: "within"
            LayoutText {#text} at (464,90) size 1074x30
              text run at (464,90) width 590: " elements too. (with monospace font from for to within)"
              text run at (1073,90) width 1: " "
              text run at (0,105) width 257: "Word   spacing test "
            LayoutInline {EM} at (0,0) size 24x15
              LayoutText {#text} at (256,105) size 24x15
                text run at (256,105) width 24: "for"
            LayoutText {#text} at (299,105) size 9x15
              text run at (299,105) width 9: " "
            LayoutInline {STRONG} at (0,0) size 63x15
              LayoutText {#text} at (307,105) size 63x15
                text run at (307,105) width 63: "elements"
            LayoutText {#text} at (389,105) size 9x15
              text run at (389,105) width 9: " "
            LayoutInline {SPAN} at (0,0) size 189x15
              LayoutInline {TT} at (0,0) size 48x15
                LayoutText {#text} at (397,105) size 48x15
                  text run at (397,105) width 48: "within"
              LayoutText {#text} at (464,105) size 122x15
                text run at (464,105) width 122: " elements too"
            LayoutText {#text} at (585,105) size 504x15
              text run at (585,105) width 484: ". (with monospace font from elements to too)"
              text run at (1088,105) width 1: " "
        LayoutBR {BR} at (1201,0) size 1x18
      LayoutBlockFlow {PRE} at (0,256.52) size 784x152.20
        LayoutBlockFlow {H3} at (0,0) size 784x17
          LayoutText {#text} at (0,0) size 243x17
            text run at (0,0) width 243: "In an un-floated pre"
        LayoutBlockFlow (anonymous) at (0,32.20) size 784x120
          LayoutText {#text} at (0,0) size 257x30
            text run at (0,0) width 0: " "
            text run at (0,15) width 257: "Word   spacing test "
          LayoutInline {EM} at (0,0) size 24x15
            LayoutText {#text} at (256,15) size 24x15
              text run at (256,15) width 24: "for"
          LayoutText {#text} at (299,15) size 9x15
            text run at (299,15) width 9: " "
          LayoutInline {STRONG} at (0,0) size 63x15
            LayoutText {#text} at (307,15) size 63x15
              text run at (307,15) width 63: "elements"
          LayoutText {#text} at (389,15) size 9x15
            text run at (389,15) width 9: " "
          LayoutInline {TT} at (0,0) size 48x15
            LayoutText {#text} at (397,15) size 48x15
              text run at (397,15) width 48: "within"
          LayoutText {#text} at (464,15) size 614x30
            text run at (464,15) width 130: " elements too."
            text run at (613,15) width 1: " "
            text run at (0,30) width 257: "Word   spacing test "
          LayoutInline {EM} at (0,0) size 24x15
            LayoutText {#text} at (256,30) size 24x15
              text run at (256,30) width 24: "for"
          LayoutText {#text} at (299,30) size 9x15
            text run at (299,30) width 9: " "
          LayoutInline {STRONG} at (0,0) size 63x15
            LayoutText {#text} at (307,30) size 63x15
              text run at (307,30) width 63: "elements"
          LayoutText {#text} at (389,30) size 9x15
            text run at (389,30) width 9: " "
          LayoutInline {TT} at (0,0) size 48x15
            LayoutText {#text} at (397,30) size 48x15
              text run at (397,30) width 48: "within"
          LayoutText {#text} at (464,30) size 99x15
            text run at (464,30) width 99: " elements "
          LayoutText {#text} at (562,30) size 1054x30
            text run at (562,30) width 472: " too. (with comment between elements and too)"
            text run at (1053,30) width 1: " "
            text run at (0,45) width 257: "Word   spacing test "
          LayoutInline {EM} at (0,0) size 24x15
            LayoutText {#text} at (256,45) size 24x15
              text run at (256,45) width 24: "for"
          LayoutText {#text} at (299,45) size 9x15
            text run at (299,45) width 9: " "
          LayoutInline {STRONG} at (0,0) size 63x15
            LayoutText {#text} at (307,45) size 63x15
              text run at (307,45) width 63: "elements"
          LayoutText {#text} at (389,45) size 9x15
            text run at (389,45) width 9: " "
          LayoutInline {TT} at (0,0) size 48x15
            LayoutText {#text} at (397,45) size 48x15
              text run at (397,45) width 48: "within"
          LayoutText {#text} at (464,45) size 71x15
            text run at (464,45) width 71: " elements"
          LayoutText {#text} at (554,45) size 1270x30
            text run at (554,45) width 696: " too. (with comment (no preceding space) between elements and too)"
            text run at (1269,45) width 1: " "
            text run at (0,60) width 257: "Word   spacing test "
          LayoutInline {EM} at (0,0) size 24x15
            LayoutText {#text} at (256,60) size 24x15
              text run at (256,60) width 24: "for"
          LayoutText {#text} at (299,60) size 9x15
            text run at (299,60) width 9: " "
          LayoutInline {STRONG} at (0,0) size 63x15
            LayoutText {#text} at (307,60) size 63x15
              text run at (307,60) width 63: "elements"
          LayoutText {#text} at (389,60) size 9x15
            text run at (389,60) width 9: " "
          LayoutInline {TT} at (0,0) size 48x15
            LayoutText {#text} at (397,60) size 48x15
              text run at (397,60) width 48: "within"
          LayoutText {#text} at (464,60) size 99x15
            text run at (464,60) width 99: " elements "
          LayoutText {#text} at (562,60) size 700x15
            text run at (562,60) width 680: "too. (with comment (no trailing space) between elements and too)"
            text run at (1261,60) width 1: " "
          LayoutInline {SPAN} at (0,0) size 370x15
            LayoutText {#text} at (0,75) size 257x15
              text run at (0,75) width 257: "Word   spacing test "
            LayoutInline {EM} at (0,0) size 24x15
              LayoutText {#text} at (256,75) size 24x15
                text run at (256,75) width 24: "for"
            LayoutText {#text} at (299,75) size 9x15
              text run at (299,75) width 9: " "
            LayoutInline {STRONG} at (0,0) size 63x15
              LayoutText {#text} at (307,75) size 63x15
                text run at (307,75) width 63: "elements"
          LayoutText {#text} at (389,75) size 9x15
            text run at (389,75) width 9: " "
          LayoutInline {TT} at (0,0) size 48x15
            LayoutText {#text} at (397,75) size 48x15
              text run at (397,75) width 48: "within"
          LayoutText {#text} at (464,75) size 1097x30
            text run at (464,75) width 613: " elements too. (with monospace font from Word to elements)"
            text run at (1096,75) width 1: " "
            text run at (0,90) width 257: "Word   spacing test "
          LayoutInline {SPAN} at (0,0) size 189x15
            LayoutInline {EM} at (0,0) size 24x15
              LayoutText {#text} at (256,90) size 24x15
                text run at (256,90) width 24: "for"
            LayoutText {#text} at (299,90) size 9x15
              text run at (299,90) width 9: " "
            LayoutInline {STRONG} at (0,0) size 63x15
              LayoutText {#text} at (307,90) size 63x15
                text run at (307,90) width 63: "elements"
            LayoutText {#text} at (389,90) size 9x15
              text run at (389,90) width 9: " "
            LayoutInline {TT} at (0,0) size 48x15
              LayoutText {#text} at (397,90) size 48x15
                text run at (397,90) width 48: "within"
          LayoutText {#text} at (464,90) size 1074x30
            text run at (464,90) width 590: " elements too. (with monospace font from for to within)"
            text run at (1073,90) width 1: " "
            text run at (0,105) width 257: "Word   spacing test "
          LayoutInline {EM} at (0,0) size 24x15
            LayoutText {#text} at (256,105) size 24x15
              text run at (256,105) width 24: "for"
          LayoutText {#text} at (299,105) size 9x15
            text run at (299,105) width 9: " "
          LayoutInline {STRONG} at (0,0) size 63x15
            LayoutText {#text} at (307,105) size 63x15
              text run at (307,105) width 63: "elements"
          LayoutText {#text} at (389,105) size 9x15
            text run at (389,105) width 9: " "
          LayoutInline {SPAN} at (0,0) size 189x15
            LayoutInline {TT} at (0,0) size 48x15
              LayoutText {#text} at (397,105) size 48x15
                text run at (397,105) width 48: "within"
            LayoutText {#text} at (464,105) size 122x15
              text run at (464,105) width 122: " elements too"
          LayoutText {#text} at (585,105) size 504x15
            text run at (585,105) width 484: ". (with monospace font from elements to too)"
            text run at (1088,105) width 1: " "
      LayoutBlockFlow (anonymous) at (0,421.72) size 784x0
        LayoutInline {SPAN} at (0,0) size 0x0
          LayoutText {#text} at (0,0) size 0x0
      LayoutBlockFlow (anonymous) at (0,427.44) size 784x22
        LayoutBlockFlow {H3} at (0,0) size 784x22
          LayoutText {#text} at (0,0) size 114x22
            text run at (0,0) width 114: "In a span"
      LayoutBlockFlow (anonymous) at (0,468.16) size 784x270
        LayoutInline {SPAN} at (0,0) size 781x234
          LayoutText {#text} at (0,0) size 179x18
            text run at (0,0) width 60: "Word "
            text run at (59,0) width 120: "spacing test "
          LayoutInline {EM} at (0,0) size 19x18
            LayoutText {#text} at (178,0) size 19x18
              text run at (178,0) width 19: "for"
          LayoutText {#text} at (216,0) size 5x18
            text run at (216,0) width 5: " "
          LayoutInline {STRONG} at (0,0) size 61x18
            LayoutText {#text} at (220,0) size 61x18
              text run at (220,0) width 61: "elements"
          LayoutText {#text} at (300,0) size 5x18
            text run at (300,0) width 5: " "
          LayoutInline {TT} at (0,0) size 48x15
            LayoutText {#text} at (304,2) size 48x15
              text run at (304,2) width 48: "within"
          LayoutText {#text} at (371,0) size 110x18
            text run at (371,0) width 110: " elements too."
          LayoutBR {BR} at (500,14) size 1x0
          LayoutText {#text} at (0,18) size 179x18
            text run at (0,18) width 60: "Word "
            text run at (59,18) width 120: "spacing test "
          LayoutInline {EM} at (0,0) size 19x18
            LayoutText {#text} at (178,18) size 19x18
              text run at (178,18) width 19: "for"
          LayoutText {#text} at (216,18) size 5x18
            text run at (216,18) width 5: " "
          LayoutInline {STRONG} at (0,0) size 61x18
            LayoutText {#text} at (220,18) size 61x18
              text run at (220,18) width 61: "elements"
          LayoutText {#text} at (300,18) size 5x18
            text run at (300,18) width 5: " "
          LayoutInline {TT} at (0,0) size 48x15
            LayoutText {#text} at (304,20) size 48x15
              text run at (304,20) width 48: "within"
          LayoutText {#text} at (371,18) size 86x18
            text run at (371,18) width 86: " elements "
          LayoutText {#text} at (456,18) size 781x36
            text run at (456,18) width 325: "too. (with comment between elements"
            text run at (0,36) width 73: "and too)"
          LayoutBR {BR} at (92,50) size 1x0
          LayoutText {#text} at (0,54) size 179x18
            text run at (0,54) width 60: "Word "
            text run at (59,54) width 120: "spacing test "
          LayoutInline {EM} at (0,0) size 19x18
            LayoutText {#text} at (178,54) size 19x18
              text run at (178,54) width 19: "for"
          LayoutText {#text} at (216,54) size 5x18
            text run at (216,54) width 5: " "
          LayoutInline {STRONG} at (0,0) size 61x18
            LayoutText {#text} at (220,54) size 61x18
              text run at (220,54) width 61: "elements"
          LayoutText {#text} at (300,54) size 5x18
            text run at (300,54) width 5: " "
          LayoutInline {TT} at (0,0) size 48x15
            LayoutText {#text} at (304,56) size 48x15
              text run at (304,56) width 48: "within"
          LayoutText {#text} at (371,54) size 62x18
            text run at (371,54) width 62: " elements"
          LayoutText {#text} at (452,54) size 755x36
            text run at (452,54) width 303: " too. (with comment (no preceding"
            text run at (0,72) width 296: "space) between elements and too)"
          LayoutBR {BR} at (315,86) size 1x0
          LayoutText {#text} at (0,90) size 179x18
            text run at (0,90) width 60: "Word "
            text run at (59,90) width 120: "spacing test "
          LayoutInline {EM} at (0,0) size 19x18
            LayoutText {#text} at (178,90) size 19x18
              text run at (178,90) width 19: "for"
          LayoutText {#text} at (216,90) size 5x18
            text run at (216,90) width 5: " "
          LayoutInline {STRONG} at (0,0) size 61x18
            LayoutText {#text} at (220,90) size 61x18
              text run at (220,90) width 61: "elements"
          LayoutText {#text} at (300,90) size 5x18
            text run at (300,90) width 5: " "
          LayoutInline {TT} at (0,0) size 48x15
            LayoutText {#text} at (304,92) size 48x15
              text run at (304,92) width 48: "within"
          LayoutText {#text} at (371,90) size 86x18
            text run at (371,90) width 86: " elements "
          LayoutText {#text} at (456,90) size 738x36
            text run at (456,90) width 282: "too. (with comment (no trailing"
            text run at (0,108) width 296: "space) between elements and too)"
          LayoutBR {BR} at (315,122) size 1x0
          LayoutInline {SPAN} at (0,0) size 314x15
            LayoutText {#text} at (0,128) size 201x15
              text run at (0,128) width 59: "Word "
              text run at (59,128) width 142: "spacing test "
            LayoutInline {EM} at (0,0) size 24x15
              LayoutText {#text} at (200,128) size 24x15
                text run at (200,128) width 24: "for"
            LayoutText {#text} at (243,128) size 9x15
              text run at (243,128) width 9: " "
            LayoutInline {STRONG} at (0,0) size 63x15
              LayoutText {#text} at (251,128) size 63x15
                text run at (251,128) width 63: "elements"
          LayoutText {#text} at (334,126) size 4x18
            text run at (334,126) width 4: " "
          LayoutInline {TT} at (0,0) size 47x15
            LayoutText {#text} at (338,128) size 47x15
              text run at (338,128) width 47: "within"
          LayoutText {#text} at (404,126) size 773x36
            text run at (404,126) width 369: " elements too. (with monospace font from"
            text run at (0,144) width 158: "Word to elements)"
          LayoutBR {BR} at (177,158) size 1x0
          LayoutText {#text} at (0,162) size 179x18
            text run at (0,162) width 60: "Word "
            text run at (59,162) width 120: "spacing test "
          LayoutInline {SPAN} at (0,0) size 189x15
            LayoutInline {EM} at (0,0) size 24x15
              LayoutText {#text} at (178,164) size 24x15
                text run at (178,164) width 24: "for"
            LayoutText {#text} at (221,164) size 9x15
              text run at (221,164) width 9: " "
            LayoutInline {STRONG} at (0,0) size 63x15
              LayoutText {#text} at (229,164) size 63x15
                text run at (229,164) width 63: "elements"
            LayoutText {#text} at (311,164) size 9x15
              text run at (311,164) width 9: " "
            LayoutInline {TT} at (0,0) size 48x15
              LayoutText {#text} at (319,164) size 48x15
                text run at (319,164) width 48: "within"
          LayoutText {#text} at (386,162) size 755x36
            text run at (386,162) width 369: " elements too. (with monospace font from"
            text run at (0,180) width 126: "for to within)"
          LayoutBR {BR} at (145,194) size 1x0
          LayoutText {#text} at (0,198) size 179x18
            text run at (0,198) width 60: "Word "
            text run at (59,198) width 120: "spacing test "
          LayoutInline {EM} at (0,0) size 19x18
            LayoutText {#text} at (178,198) size 19x18
              text run at (178,198) width 19: "for"
          LayoutText {#text} at (216,198) size 5x18
            text run at (216,198) width 5: " "
          LayoutInline {STRONG} at (0,0) size 61x18
            LayoutText {#text} at (220,198) size 61x18
              text run at (220,198) width 61: "elements"
          LayoutText {#text} at (300,198) size 5x18
            text run at (300,198) width 5: " "
          LayoutInline {SPAN} at (0,0) size 189x15
            LayoutInline {TT} at (0,0) size 48x15
              LayoutText {#text} at (304,200) size 48x15
                text run at (304,200) width 48: "within"
            LayoutText {#text} at (371,200) size 122x15
              text run at (371,200) width 122: " elements too"
          LayoutText {#text} at (492,198) size 756x36
            text run at (492,198) width 264: ". (with monospace font from"
            text run at (0,216) width 168: "elements to too) "
        LayoutText {#text} at (0,0) size 0x0
        LayoutBR {BR} at (0,0) size 0x0
        LayoutBR {BR} at (0,234) size 0x18
        LayoutBR {BR} at (0,252) size 0x18
      LayoutBlockFlow {H2} at (0,758.06) size 784x28
        LayoutText {#text} at (0,0) size 140x28
          text run at (0,0) width 140: "letter-spacing"
      LayoutBlockFlow (anonymous) at (0,805.97) size 784x193.41
        LayoutBlockFlow (floating) {PRE} at (0,13) size 1484.98x167.41
          LayoutBlockFlow {H3} at (0,15.20) size 1484.98x17
            LayoutText {#text} at (0,0) size 227x17
              text run at (0,0) width 227: "In a floated pre"
          LayoutBlockFlow (anonymous) at (0,47.41) size 1484.98x120
            LayoutText {#text} at (0,0) size 282x30
              text run at (0,0) width 0: " "
              text run at (0,15) width 282: "Letter   spacing test "
            LayoutInline {EM} at (0,0) size 40x15
              LayoutText {#text} at (281,15) size 40x15
                text run at (281,15) width 40: "for"
            LayoutText {#text} at (320,15) size 13x15
              text run at (320,15) width 13: " "
            LayoutInline {STRONG} at (0,0) size 104x15
              LayoutText {#text} at (332,15) size 104x15
                text run at (332,15) width 104: "elements"
            LayoutText {#text} at (435,15) size 14x15
              text run at (435,15) width 14: " "
            LayoutInline {TT} at (0,0) size 77x15
              LayoutText {#text} at (448,15) size 77x15
                text run at (448,15) width 77: "within"
            LayoutText {#text} at (524,15) size 705x30
              text run at (524,15) width 181: " elements too."
              text run at (704,15) width 1: " "
              text run at (0,30) width 282: "Letter   spacing test "
            LayoutInline {EM} at (0,0) size 40x15
              LayoutText {#text} at (281,30) size 40x15
                text run at (281,30) width 40: "for"
            LayoutText {#text} at (320,30) size 13x15
              text run at (320,30) width 13: " "
            LayoutInline {STRONG} at (0,0) size 104x15
              LayoutText {#text} at (332,30) size 104x15
                text run at (332,30) width 104: "elements"
            LayoutText {#text} at (435,30) size 14x15
              text run at (435,30) width 14: " "
            LayoutInline {TT} at (0,0) size 77x15
              LayoutText {#text} at (448,30) size 77x15
                text run at (448,30) width 77: "within"
            LayoutText {#text} at (524,30) size 129x15
              text run at (524,30) width 129: " elements "
            LayoutText {#text} at (652,30) size 1229x30
              text run at (652,30) width 577: " too. (with comment between elements and too)"
              text run at (1228,30) width 1: " "
              text run at (0,45) width 282: "Letter   spacing test "
            LayoutInline {EM} at (0,0) size 40x15
              LayoutText {#text} at (281,45) size 40x15
                text run at (281,45) width 40: "for"
            LayoutText {#text} at (320,45) size 13x15
              text run at (320,45) width 13: " "
            LayoutInline {STRONG} at (0,0) size 104x15
              LayoutText {#text} at (332,45) size 104x15
                text run at (332,45) width 104: "elements"
            LayoutText {#text} at (435,45) size 14x15
              text run at (435,45) width 14: " "
            LayoutInline {TT} at (0,0) size 77x15
              LayoutText {#text} at (448,45) size 77x15
                text run at (448,45) width 77: "within"
            LayoutText {#text} at (524,45) size 117x15
              text run at (524,45) width 117: " elements"
            LayoutText {#text} at (640,45) size 1485x30
              text run at (640,45) width 845: " too. (with comment (no preceding space) between elements and too)"
              text run at (1484,45) width 1: " "
              text run at (0,60) width 282: "Letter   spacing test "
            LayoutInline {EM} at (0,0) size 40x15
              LayoutText {#text} at (281,60) size 40x15
                text run at (281,60) width 40: "for"
            LayoutText {#text} at (320,60) size 13x15
              text run at (320,60) width 13: " "
            LayoutInline {STRONG} at (0,0) size 104x15
              LayoutText {#text} at (332,60) size 104x15
                text run at (332,60) width 104: "elements"
            LayoutText {#text} at (435,60) size 14x15
              text run at (435,60) width 14: " "
            LayoutInline {TT} at (0,0) size 77x15
              LayoutText {#text} at (448,60) size 77x15
                text run at (448,60) width 77: "within"
            LayoutText {#text} at (524,60) size 129x15
              text run at (524,60) width 129: " elements "
            LayoutText {#text} at (652,60) size 821x15
              text run at (652,60) width 821: "too. (with comment (no trailing space) between elements and too)"
              text run at (1472,60) width 1: " "
            LayoutInline {SPAN} at (0,0) size 436x15
              LayoutText {#text} at (0,75) size 282x15
                text run at (0,75) width 282: "Letter   spacing test "
              LayoutInline {EM} at (0,0) size 40x15
                LayoutText {#text} at (281,75) size 40x15
                  text run at (281,75) width 40: "for"
              LayoutText {#text} at (320,75) size 13x15
                text run at (320,75) width 13: " "
              LayoutInline {STRONG} at (0,0) size 104x15
                LayoutText {#text} at (332,75) size 104x15
                  text run at (332,75) width 104: "elements"
            LayoutText {#text} at (435,75) size 14x15
              text run at (435,75) width 14: " "
            LayoutInline {TT} at (0,0) size 77x15
              LayoutText {#text} at (448,75) size 77x15
                text run at (448,75) width 77: "within"
            LayoutText {#text} at (524,75) size 1293x30
              text run at (524,75) width 769: " elements too. (with monospace font from Letter to elements)"
              text run at (1292,75) width 1: " "
              text run at (0,90) width 282: "Letter   spacing test "
            LayoutInline {SPAN} at (0,0) size 244x15
              LayoutInline {EM} at (0,0) size 40x15
                LayoutText {#text} at (281,90) size 40x15
                  text run at (281,90) width 40: "for"
              LayoutText {#text} at (320,90) size 13x15
                text run at (320,90) width 13: " "
              LayoutInline {STRONG} at (0,0) size 104x15
                LayoutText {#text} at (332,90) size 104x15
                  text run at (332,90) width 104: "elements"
              LayoutText {#text} at (435,90) size 14x15
                text run at (435,90) width 14: " "
              LayoutInline {TT} at (0,0) size 77x15
                LayoutText {#text} at (448,90) size 77x15
                  text run at (448,90) width 77: "within"
            LayoutText {#text} at (524,90) size 1229x30
              text run at (524,90) width 705: " elements too. (with monospace font from for to within)"
              text run at (1228,90) width 1: " "
              text run at (0,105) width 282: "Letter   spacing test "
            LayoutInline {EM} at (0,0) size 40x15
              LayoutText {#text} at (281,105) size 40x15
                text run at (281,105) width 40: "for"
            LayoutText {#text} at (320,105) size 13x15
              text run at (320,105) width 13: " "
            LayoutInline {STRONG} at (0,0) size 104x15
              LayoutText {#text} at (332,105) size 104x15
                text run at (332,105) width 104: "elements"
            LayoutText {#text} at (435,105) size 14x15
              text run at (435,105) width 14: " "
            LayoutInline {SPAN} at (0,0) size 244x15
              LayoutInline {TT} at (0,0) size 77x15
                LayoutText {#text} at (448,105) size 77x15
                  text run at (448,105) width 77: "within"
              LayoutText {#text} at (524,105) size 168x15
                text run at (524,105) width 168: " elements too"
            LayoutText {#text} at (691,105) size 564x15
              text run at (691,105) width 564: ". (with monospace font from elements to too)"
              text run at (1254,105) width 1: " "
        LayoutBR {BR} at (1484,0) size 1x18
      LayoutBlockFlow {PRE} at (0,1014.58) size 784x152.20
        LayoutBlockFlow {H3} at (0,0) size 784x17
          LayoutText {#text} at (0,0) size 283x17
            text run at (0,0) width 283: "In an un-floated pre"
        LayoutBlockFlow (anonymous) at (0,32.20) size 784x120
          LayoutText {#text} at (0,0) size 282x30
            text run at (0,0) width 0: " "
            text run at (0,15) width 282: "Letter   spacing test "
          LayoutInline {EM} at (0,0) size 40x15
            LayoutText {#text} at (281,15) size 40x15
              text run at (281,15) width 40: "for"
          LayoutText {#text} at (320,15) size 13x15
            text run at (320,15) width 13: " "
          LayoutInline {STRONG} at (0,0) size 104x15
            LayoutText {#text} at (332,15) size 104x15
              text run at (332,15) width 104: "elements"
          LayoutText {#text} at (435,15) size 14x15
            text run at (435,15) width 14: " "
          LayoutInline {TT} at (0,0) size 77x15
            LayoutText {#text} at (448,15) size 77x15
              text run at (448,15) width 77: "within"
          LayoutText {#text} at (524,15) size 705x30
            text run at (524,15) width 181: " elements too."
            text run at (704,15) width 1: " "
            text run at (0,30) width 282: "Letter   spacing test "
          LayoutInline {EM} at (0,0) size 40x15
            LayoutText {#text} at (281,30) size 40x15
              text run at (281,30) width 40: "for"
          LayoutText {#text} at (320,30) size 13x15
            text run at (320,30) width 13: " "
          LayoutInline {STRONG} at (0,0) size 104x15
            LayoutText {#text} at (332,30) size 104x15
              text run at (332,30) width 104: "elements"
          LayoutText {#text} at (435,30) size 14x15
            text run at (435,30) width 14: " "
          LayoutInline {TT} at (0,0) size 77x15
            LayoutText {#text} at (448,30) size 77x15
              text run at (448,30) width 77: "within"
          LayoutText {#text} at (524,30) size 129x15
            text run at (524,30) width 129: " elements "
          LayoutText {#text} at (652,30) size 1229x30
            text run at (652,30) width 577: " too. (with comment between elements and too)"
            text run at (1228,30) width 1: " "
            text run at (0,45) width 282: "Letter   spacing test "
          LayoutInline {EM} at (0,0) size 40x15
            LayoutText {#text} at (281,45) size 40x15
              text run at (281,45) width 40: "for"
          LayoutText {#text} at (320,45) size 13x15
            text run at (320,45) width 13: " "
          LayoutInline {STRONG} at (0,0) size 104x15
            LayoutText {#text} at (332,45) size 104x15
              text run at (332,45) width 104: "elements"
          LayoutText {#text} at (435,45) size 14x15
            text run at (435,45) width 14: " "
          LayoutInline {TT} at (0,0) size 77x15
            LayoutText {#text} at (448,45) size 77x15
              text run at (448,45) width 77: "within"
          LayoutText {#text} at (524,45) size 117x15
            text run at (524,45) width 117: " elements"
          LayoutText {#text} at (640,45) size 1485x30
            text run at (640,45) width 845: " too. (with comment (no preceding space) between elements and too)"
            text run at (1484,45) width 1: " "
            text run at (0,60) width 282: "Letter   spacing test "
          LayoutInline {EM} at (0,0) size 40x15
            LayoutText {#text} at (281,60) size 40x15
              text run at (281,60) width 40: "for"
          LayoutText {#text} at (320,60) size 13x15
            text run at (320,60) width 13: " "
          LayoutInline {STRONG} at (0,0) size 104x15
            LayoutText {#text} at (332,60) size 104x15
              text run at (332,60) width 104: "elements"
          LayoutText {#text} at (435,60) size 14x15
            text run at (435,60) width 14: " "
          LayoutInline {TT} at (0,0) size 77x15
            LayoutText {#text} at (448,60) size 77x15
              text run at (448,60) width 77: "within"
          LayoutText {#text} at (524,60) size 129x15
            text run at (524,60) width 129: " elements "
          LayoutText {#text} at (652,60) size 821x15
            text run at (652,60) width 821: "too. (with comment (no trailing space) between elements and too)"
            text run at (1472,60) width 1: " "
          LayoutInline {SPAN} at (0,0) size 436x15
            LayoutText {#text} at (0,75) size 282x15
              text run at (0,75) width 282: "Letter   spacing test "
            LayoutInline {EM} at (0,0) size 40x15
              LayoutText {#text} at (281,75) size 40x15
                text run at (281,75) width 40: "for"
            LayoutText {#text} at (320,75) size 13x15
              text run at (320,75) width 13: " "
            LayoutInline {STRONG} at (0,0) size 104x15
              LayoutText {#text} at (332,75) size 104x15
                text run at (332,75) width 104: "elements"
          LayoutText {#text} at (435,75) size 14x15
            text run at (435,75) width 14: " "
          LayoutInline {TT} at (0,0) size 77x15
            LayoutText {#text} at (448,75) size 77x15
              text run at (448,75) width 77: "within"
          LayoutText {#text} at (524,75) size 1293x30
            text run at (524,75) width 769: " elements too. (with monospace font from Letter to elements)"
            text run at (1292,75) width 1: " "
            text run at (0,90) width 282: "Letter   spacing test "
          LayoutInline {SPAN} at (0,0) size 244x15
            LayoutInline {EM} at (0,0) size 40x15
              LayoutText {#text} at (281,90) size 40x15
                text run at (281,90) width 40: "for"
            LayoutText {#text} at (320,90) size 13x15
              text run at (320,90) width 13: " "
            LayoutInline {STRONG} at (0,0) size 104x15
              LayoutText {#text} at (332,90) size 104x15
                text run at (332,90) width 104: "elements"
            LayoutText {#text} at (435,90) size 14x15
              text run at (435,90) width 14: " "
            LayoutInline {TT} at (0,0) size 77x15
              LayoutText {#text} at (448,90) size 77x15
                text run at (448,90) width 77: "within"
          LayoutText {#text} at (524,90) size 1229x30
            text run at (524,90) width 705: " elements too. (with monospace font from for to within)"
            text run at (1228,90) width 1: " "
            text run at (0,105) width 282: "Letter   spacing test "
          LayoutInline {EM} at (0,0) size 40x15
            LayoutText {#text} at (281,105) size 40x15
              text run at (281,105) width 40: "for"
          LayoutText {#text} at (320,105) size 13x15
            text run at (320,105) width 13: " "
          LayoutInline {STRONG} at (0,0) size 104x15
            LayoutText {#text} at (332,105) size 104x15
              text run at (332,105) width 104: "elements"
          LayoutText {#text} at (435,105) size 14x15
            text run at (435,105) width 14: " "
          LayoutInline {SPAN} at (0,0) size 244x15
            LayoutInline {TT} at (0,0) size 77x15
              LayoutText {#text} at (448,105) size 77x15
                text run at (448,105) width 77: "within"
            LayoutText {#text} at (524,105) size 168x15
              text run at (524,105) width 168: " elements too"
          LayoutText {#text} at (691,105) size 564x15
            text run at (691,105) width 564: ". (with monospace font from elements to too)"
            text run at (1254,105) width 1: " "
      LayoutBlockFlow (anonymous) at (0,1179.78) size 784x18
        LayoutBR {BR} at (0,0) size 0x18
        LayoutInline {SPAN} at (0,0) size 0x0
          LayoutText {#text} at (0,0) size 0x0
      LayoutBlockFlow (anonymous) at (0,1216.50) size 784x22
        LayoutBlockFlow {H3} at (0,0) size 784x22
          LayoutText {#text} at (0,0) size 119x22
            text run at (0,0) width 119: "In a span"
      LayoutBlockFlow (anonymous) at (0,1257.22) size 784x270
        LayoutInline {SPAN} at (0,0) size 780x234
          LayoutText {#text} at (0,0) size 222x18
            text run at (0,0) width 78: "Letter "
            text run at (77,0) width 145: "spacing test "
          LayoutInline {EM} at (0,0) size 34x18
            LayoutText {#text} at (221,0) size 34x18
              text run at (221,0) width 34: "for"
          LayoutText {#text} at (254,0) size 10x18
            text run at (254,0) width 10: " "
          LayoutInline {STRONG} at (0,0) size 101x18
            LayoutText {#text} at (263,0) size 101x18
              text run at (263,0) width 101: "elements"
          LayoutText {#text} at (363,0) size 10x18
            text run at (363,0) width 10: " "
          LayoutInline {TT} at (0,0) size 78x15
            LayoutText {#text} at (372,2) size 78x15
              text run at (372,2) width 78: "within"
          LayoutText {#text} at (449,0) size 160x18
            text run at (449,0) width 160: " elements too."
          LayoutBR {BR} at (608,14) size 1x0
          LayoutText {#text} at (0,18) size 222x18
            text run at (0,18) width 78: "Letter "
            text run at (77,18) width 145: "spacing test "
          LayoutInline {EM} at (0,0) size 34x18
            LayoutText {#text} at (221,18) size 34x18
              text run at (221,18) width 34: "for"
          LayoutText {#text} at (254,18) size 10x18
            text run at (254,18) width 10: " "
          LayoutInline {STRONG} at (0,0) size 101x18
            LayoutText {#text} at (263,18) size 101x18
              text run at (263,18) width 101: "elements"
          LayoutText {#text} at (363,18) size 10x18
            text run at (363,18) width 10: " "
          LayoutInline {TT} at (0,0) size 78x15
            LayoutText {#text} at (372,20) size 78x15
              text run at (372,20) width 78: "within"
          LayoutText {#text} at (449,18) size 116x18
            text run at (449,18) width 116: " elements "
          LayoutText {#text} at (564,18) size 780x36
            text run at (564,18) width 216: "too. (with comment"
            text run at (0,36) width 297: "between elements and too)"
          LayoutBR {BR} at (296,50) size 1x0
          LayoutText {#text} at (0,54) size 222x18
            text run at (0,54) width 78: "Letter "
            text run at (77,54) width 145: "spacing test "
          LayoutInline {EM} at (0,0) size 34x18
            LayoutText {#text} at (221,54) size 34x18
              text run at (221,54) width 34: "for"
          LayoutText {#text} at (254,54) size 10x18
            text run at (254,54) width 10: " "
          LayoutInline {STRONG} at (0,0) size 101x18
            LayoutText {#text} at (263,54) size 101x18
              text run at (263,54) width 101: "elements"
          LayoutText {#text} at (363,54) size 10x18
            text run at (363,54) width 10: " "
          LayoutInline {TT} at (0,0) size 78x15
            LayoutText {#text} at (372,56) size 78x15
              text run at (372,56) width 78: "within"
          LayoutText {#text} at (449,54) size 107x18
            text run at (449,54) width 107: " elements"
          LayoutText {#text} at (555,54) size 780x36
            text run at (555,54) width 225: " too. (with comment"
            text run at (0,72) width 539: "(no preceding space) between elements and too)"
          LayoutBR {BR} at (538,86) size 1x0
          LayoutText {#text} at (0,90) size 222x18
            text run at (0,90) width 78: "Letter "
            text run at (77,90) width 145: "spacing test "
          LayoutInline {EM} at (0,0) size 34x18
            LayoutText {#text} at (221,90) size 34x18
              text run at (221,90) width 34: "for"
          LayoutText {#text} at (254,90) size 10x18
            text run at (254,90) width 10: " "
          LayoutInline {STRONG} at (0,0) size 101x18
            LayoutText {#text} at (263,90) size 101x18
              text run at (263,90) width 101: "elements"
          LayoutText {#text} at (363,90) size 10x18
            text run at (363,90) width 10: " "
          LayoutInline {TT} at (0,0) size 78x15
            LayoutText {#text} at (372,92) size 78x15
              text run at (372,92) width 78: "within"
          LayoutText {#text} at (449,90) size 116x18
            text run at (449,90) width 116: " elements "
          LayoutText {#text} at (564,90) size 780x36
            text run at (564,90) width 216: "too. (with comment"
            text run at (0,108) width 517: "(no trailing space) between elements and too)"
          LayoutBR {BR} at (516,122) size 1x0
          LayoutInline {SPAN} at (0,0) size 410x15
            LayoutText {#text} at (0,128) size 256x15
              text run at (0,128) width 90: "Letter "
              text run at (89,128) width 167: "spacing test "
            LayoutInline {EM} at (0,0) size 39x15
              LayoutText {#text} at (256,128) size 39x15
                text run at (256,128) width 39: "for"
            LayoutText {#text} at (294,128) size 14x15
              text run at (294,128) width 14: " "
            LayoutInline {STRONG} at (0,0) size 103x15
              LayoutText {#text} at (307,128) size 103x15
                text run at (307,128) width 103: "elements"
          LayoutText {#text} at (409,126) size 10x18
            text run at (409,126) width 10: " "
          LayoutInline {TT} at (0,0) size 78x15
            LayoutText {#text} at (418,128) size 78x15
              text run at (418,128) width 78: "within"
          LayoutText {#text} at (495,126) size 723x36
            text run at (495,126) width 228: " elements too. (with"
            text run at (0,144) width 457: "monospace font from Letter to elements)"
          LayoutBR {BR} at (456,158) size 1x0
          LayoutText {#text} at (0,162) size 222x18
            text run at (0,162) width 78: "Letter "
            text run at (77,162) width 145: "spacing test "
          LayoutInline {SPAN} at (0,0) size 244x15
            LayoutInline {EM} at (0,0) size 39x15
              LayoutText {#text} at (221,164) size 39x15
                text run at (221,164) width 39: "for"
            LayoutText {#text} at (259,164) size 14x15
              text run at (259,164) width 14: " "
            LayoutInline {STRONG} at (0,0) size 103x15
              LayoutText {#text} at (272,164) size 103x15
                text run at (272,164) width 103: "elements"
            LayoutText {#text} at (374,164) size 14x15
              text run at (374,164) width 14: " "
            LayoutInline {TT} at (0,0) size 78x15
              LayoutText {#text} at (387,164) size 78x15
                text run at (387,164) width 78: "within"
          LayoutText {#text} at (464,162) size 692x36
            text run at (464,162) width 228: " elements too. (with"
            text run at (0,180) width 397: "monospace font from for to within)"
          LayoutBR {BR} at (396,194) size 1x0
          LayoutText {#text} at (0,198) size 222x18
            text run at (0,198) width 78: "Letter "
            text run at (77,198) width 145: "spacing test "
          LayoutInline {EM} at (0,0) size 34x18
            LayoutText {#text} at (221,198) size 34x18
              text run at (221,198) width 34: "for"
          LayoutText {#text} at (254,198) size 10x18
            text run at (254,198) width 10: " "
          LayoutInline {STRONG} at (0,0) size 101x18
            LayoutText {#text} at (263,198) size 101x18
              text run at (263,198) width 101: "elements"
          LayoutText {#text} at (363,198) size 10x18
            text run at (363,198) width 10: " "
          LayoutInline {SPAN} at (0,0) size 244x15
            LayoutInline {TT} at (0,0) size 78x15
              LayoutText {#text} at (372,200) size 78x15
                text run at (372,200) width 78: "within"
            LayoutText {#text} at (449,200) size 167x15
              text run at (449,200) width 167: " elements too"
          LayoutText {#text} at (615,198) size 693x36
            text run at (615,198) width 78: ". (with"
            text run at (0,216) width 433: "monospace font from elements to too) "
        LayoutText {#text} at (0,0) size 0x0
        LayoutBR {BR} at (0,0) size 0x0
        LayoutBR {BR} at (0,234) size 0x18
        LayoutBR {BR} at (0,252) size 0x18
      LayoutBlockFlow {H2} at (0,1547.13) size 784x28
        LayoutText {#text} at (0,0) size 133x28
          text run at (0,0) width 133: "both-spacing"
      LayoutBlockFlow (anonymous) at (0,1595.03) size 784x193.41
        LayoutBlockFlow (floating) {PRE} at (0,13) size 1947.39x167.41
          LayoutBlockFlow {H3} at (0,15.20) size 1947.39x17
            LayoutText {#text} at (0,0) size 287x17
              text run at (0,0) width 287: "In a floated pre"
          LayoutBlockFlow (anonymous) at (0,47.41) size 1947.39x120
            LayoutText {#text} at (0,0) size 537x30
              text run at (0,0) width 0: " "
              text run at (0,15) width 537: "Word and letter   spacing test "
            LayoutInline {EM} at (0,0) size 40x15
              LayoutText {#text} at (536,15) size 40x15
                text run at (536,15) width 40: "for"
            LayoutText {#text} at (595,15) size 14x15
              text run at (595,15) width 14: " "
            LayoutInline {STRONG} at (0,0) size 103x15
              LayoutText {#text} at (608,15) size 103x15
                text run at (608,15) width 103: "elements"
            LayoutText {#text} at (730,15) size 14x15
              text run at (730,15) width 14: " "
            LayoutInline {TT} at (0,0) size 78x15
              LayoutText {#text} at (743,15) size 78x15
                text run at (743,15) width 78: "within"
            LayoutText {#text} at (840,15) size 1060x30
              text run at (840,15) width 200: " elements too."
              text run at (1059,15) width 1: " "
              text run at (0,30) width 537: "Word and letter   spacing test "
            LayoutInline {EM} at (0,0) size 40x15
              LayoutText {#text} at (536,30) size 40x15
                text run at (536,30) width 40: "for"
            LayoutText {#text} at (595,30) size 14x15
              text run at (595,30) width 14: " "
            LayoutInline {STRONG} at (0,0) size 103x15
              LayoutText {#text} at (608,30) size 103x15
                text run at (608,30) width 103: "elements"
            LayoutText {#text} at (730,30) size 14x15
              text run at (730,30) width 14: " "
            LayoutInline {TT} at (0,0) size 78x15
              LayoutText {#text} at (743,30) size 78x15
                text run at (743,30) width 78: "within"
            LayoutText {#text} at (840,30) size 149x15
              text run at (840,30) width 149: " elements "
            LayoutText {#text} at (988,30) size 1705x30
              text run at (988,30) width 697: " too. (with comment between elements and too)"
              text run at (1704,30) width 1: " "
              text run at (0,45) width 537: "Word and letter   spacing test "
            LayoutInline {EM} at (0,0) size 40x15
              LayoutText {#text} at (536,45) size 40x15
                text run at (536,45) width 40: "for"
            LayoutText {#text} at (595,45) size 14x15
              text run at (595,45) width 14: " "
            LayoutInline {STRONG} at (0,0) size 103x15
              LayoutText {#text} at (608,45) size 103x15
                text run at (608,45) width 103: "elements"
            LayoutText {#text} at (730,45) size 14x15
              text run at (730,45) width 14: " "
            LayoutInline {TT} at (0,0) size 78x15
              LayoutText {#text} at (743,45) size 78x15
                text run at (743,45) width 78: "within"
            LayoutText {#text} at (840,45) size 116x15
              text run at (840,45) width 116: " elements"
            LayoutText {#text} at (975,45) size 2021x30
              text run at (975,45) width 1026: " too. (with comment (no preceding space) between elements and too)"
              text run at (2020,45) width 1: " "
              text run at (0,60) width 537: "Word and letter   spacing test "
            LayoutInline {EM} at (0,0) size 40x15
              LayoutText {#text} at (536,60) size 40x15
                text run at (536,60) width 40: "for"
            LayoutText {#text} at (595,60) size 14x15
              text run at (595,60) width 14: " "
            LayoutInline {STRONG} at (0,0) size 103x15
              LayoutText {#text} at (608,60) size 103x15
                text run at (608,60) width 103: "elements"
            LayoutText {#text} at (730,60) size 14x15
              text run at (730,60) width 14: " "
            LayoutInline {TT} at (0,0) size 78x15
              LayoutText {#text} at (743,60) size 78x15
                text run at (743,60) width 78: "within"
            LayoutText {#text} at (840,60) size 149x15
              text run at (840,60) width 149: " elements "
            LayoutText {#text} at (988,60) size 1020x15
              text run at (988,60) width 1000: "too. (with comment (no trailing space) between elements and too)"
              text run at (2007,60) width 1: " "
            LayoutInline {SPAN} at (0,0) size 711x15
              LayoutText {#text} at (0,75) size 537x15
                text run at (0,75) width 537: "Word and letter   spacing test "
              LayoutInline {EM} at (0,0) size 40x15
                LayoutText {#text} at (536,75) size 40x15
                  text run at (536,75) width 40: "for"
              LayoutText {#text} at (595,75) size 14x15
                text run at (595,75) width 14: " "
              LayoutInline {STRONG} at (0,0) size 103x15
                LayoutText {#text} at (608,75) size 103x15
                  text run at (608,75) width 103: "elements"
            LayoutText {#text} at (730,75) size 14x15
              text run at (730,75) width 14: " "
            LayoutInline {TT} at (0,0) size 78x15
              LayoutText {#text} at (743,75) size 78x15
                text run at (743,75) width 78: "within"
            LayoutText {#text} at (840,75) size 1763x30
              text run at (840,75) width 903: " elements too. (with monospace font from Word to elements)"
              text run at (1762,75) width 1: " "
              text run at (0,90) width 537: "Word and letter   spacing test "
            LayoutInline {SPAN} at (0,0) size 285x15
              LayoutInline {EM} at (0,0) size 40x15
                LayoutText {#text} at (536,90) size 40x15
                  text run at (536,90) width 40: "for"
              LayoutText {#text} at (595,90) size 14x15
                text run at (595,90) width 14: " "
              LayoutInline {STRONG} at (0,0) size 103x15
                LayoutText {#text} at (608,90) size 103x15
                  text run at (608,90) width 103: "elements"
              LayoutText {#text} at (730,90) size 14x15
                text run at (730,90) width 14: " "
              LayoutInline {TT} at (0,0) size 78x15
                LayoutText {#text} at (743,90) size 78x15
                  text run at (743,90) width 78: "within"
            LayoutText {#text} at (840,90) size 1725x30
              text run at (840,90) width 865: " elements too. (with monospace font from for to within)"
              text run at (1724,90) width 1: " "
              text run at (0,105) width 537: "Word and letter   spacing test "
            LayoutInline {EM} at (0,0) size 40x15
              LayoutText {#text} at (536,105) size 40x15
                text run at (536,105) width 40: "for"
            LayoutText {#text} at (595,105) size 14x15
              text run at (595,105) width 14: " "
            LayoutInline {STRONG} at (0,0) size 103x15
              LayoutText {#text} at (608,105) size 103x15
                text run at (608,105) width 103: "elements"
            LayoutText {#text} at (730,105) size 14x15
              text run at (730,105) width 14: " "
            LayoutInline {SPAN} at (0,0) size 284x15
              LayoutInline {TT} at (0,0) size 78x15
                LayoutText {#text} at (743,105) size 78x15
                  text run at (743,105) width 78: "within"
              LayoutText {#text} at (840,105) size 187x15
                text run at (840,105) width 187: " elements too"
            LayoutText {#text} at (1026,105) size 724x15
              text run at (1026,105) width 704: ". (with monospace font from elements to too)"
              text run at (1749,105) width 1: " "
        LayoutBR {BR} at (1947,0) size 1x18
      LayoutBlockFlow {PRE} at (0,1803.64) size 784x152.20
        LayoutBlockFlow {H3} at (0,0) size 784x17
          LayoutText {#text} at (0,0) size 343x17
            text run at (0,0) width 343: "In an un-floated pre"
        LayoutBlockFlow (anonymous) at (0,32.20) size 784x120
          LayoutText {#text} at (0,0) size 537x30
            text run at (0,0) width 0: " "
            text run at (0,15) width 537: "Word and letter   spacing test "
          LayoutInline {EM} at (0,0) size 40x15
            LayoutText {#text} at (536,15) size 40x15
              text run at (536,15) width 40: "for"
          LayoutText {#text} at (595,15) size 14x15
            text run at (595,15) width 14: " "
          LayoutInline {STRONG} at (0,0) size 103x15
            LayoutText {#text} at (608,15) size 103x15
              text run at (608,15) width 103: "elements"
          LayoutText {#text} at (730,15) size 14x15
            text run at (730,15) width 14: " "
          LayoutInline {TT} at (0,0) size 78x15
            LayoutText {#text} at (743,15) size 78x15
              text run at (743,15) width 78: "within"
          LayoutText {#text} at (840,15) size 1060x30
            text run at (840,15) width 200: " elements too."
            text run at (1059,15) width 1: " "
            text run at (0,30) width 537: "Word and letter   spacing test "
          LayoutInline {EM} at (0,0) size 40x15
            LayoutText {#text} at (536,30) size 40x15
              text run at (536,30) width 40: "for"
          LayoutText {#text} at (595,30) size 14x15
            text run at (595,30) width 14: " "
          LayoutInline {STRONG} at (0,0) size 103x15
            LayoutText {#text} at (608,30) size 103x15
              text run at (608,30) width 103: "elements"
          LayoutText {#text} at (730,30) size 14x15
            text run at (730,30) width 14: " "
          LayoutInline {TT} at (0,0) size 78x15
            LayoutText {#text} at (743,30) size 78x15
              text run at (743,30) width 78: "within"
          LayoutText {#text} at (840,30) size 149x15
            text run at (840,30) width 149: " elements "
          LayoutText {#text} at (988,30) size 1705x30
            text run at (988,30) width 697: " too. (with comment between elements and too)"
            text run at (1704,30) width 1: " "
            text run at (0,45) width 537: "Word and letter   spacing test "
          LayoutInline {EM} at (0,0) size 40x15
            LayoutText {#text} at (536,45) size 40x15
              text run at (536,45) width 40: "for"
          LayoutText {#text} at (595,45) size 14x15
            text run at (595,45) width 14: " "
          LayoutInline {STRONG} at (0,0) size 103x15
            LayoutText {#text} at (608,45) size 103x15
              text run at (608,45) width 103: "elements"
          LayoutText {#text} at (730,45) size 14x15
            text run at (730,45) width 14: " "
          LayoutInline {TT} at (0,0) size 78x15
            LayoutText {#text} at (743,45) size 78x15
              text run at (743,45) width 78: "within"
          LayoutText {#text} at (840,45) size 116x15
            text run at (840,45) width 116: " elements"
          LayoutText {#text} at (975,45) size 2021x30
            text run at (975,45) width 1026: " too. (with comment (no preceding space) between elements and too)"
            text run at (2020,45) width 1: " "
            text run at (0,60) width 537: "Word and letter   spacing test "
          LayoutInline {EM} at (0,0) size 40x15
            LayoutText {#text} at (536,60) size 40x15
              text run at (536,60) width 40: "for"
          LayoutText {#text} at (595,60) size 14x15
            text run at (595,60) width 14: " "
          LayoutInline {STRONG} at (0,0) size 103x15
            LayoutText {#text} at (608,60) size 103x15
              text run at (608,60) width 103: "elements"
          LayoutText {#text} at (730,60) size 14x15
            text run at (730,60) width 14: " "
          LayoutInline {TT} at (0,0) size 78x15
            LayoutText {#text} at (743,60) size 78x15
              text run at (743,60) width 78: "within"
          LayoutText {#text} at (840,60) size 149x15
            text run at (840,60) width 149: " elements "
          LayoutText {#text} at (988,60) size 1020x15
            text run at (988,60) width 1000: "too. (with comment (no trailing space) between elements and too)"
            text run at (2007,60) width 1: " "
          LayoutInline {SPAN} at (0,0) size 711x15
            LayoutText {#text} at (0,75) size 537x15
              text run at (0,75) width 537: "Word and letter   spacing test "
            LayoutInline {EM} at (0,0) size 40x15
              LayoutText {#text} at (536,75) size 40x15
                text run at (536,75) width 40: "for"
            LayoutText {#text} at (595,75) size 14x15
              text run at (595,75) width 14: " "
            LayoutInline {STRONG} at (0,0) size 103x15
              LayoutText {#text} at (608,75) size 103x15
                text run at (608,75) width 103: "elements"
          LayoutText {#text} at (730,75) size 14x15
            text run at (730,75) width 14: " "
          LayoutInline {TT} at (0,0) size 78x15
            LayoutText {#text} at (743,75) size 78x15
              text run at (743,75) width 78: "within"
          LayoutText {#text} at (840,75) size 1763x30
            text run at (840,75) width 903: " elements too. (with monospace font from Word to elements)"
            text run at (1762,75) width 1: " "
            text run at (0,90) width 537: "Word and letter   spacing test "
          LayoutInline {SPAN} at (0,0) size 285x15
            LayoutInline {EM} at (0,0) size 40x15
              LayoutText {#text} at (536,90) size 40x15
                text run at (536,90) width 40: "for"
            LayoutText {#text} at (595,90) size 14x15
              text run at (595,90) width 14: " "
            LayoutInline {STRONG} at (0,0) size 103x15
              LayoutText {#text} at (608,90) size 103x15
                text run at (608,90) width 103: "elements"
            LayoutText {#text} at (730,90) size 14x15
              text run at (730,90) width 14: " "
            LayoutInline {TT} at (0,0) size 78x15
              LayoutText {#text} at (743,90) size 78x15
                text run at (743,90) width 78: "within"
          LayoutText {#text} at (840,90) size 1725x30
            text run at (840,90) width 865: " elements too. (with monospace font from for to within)"
            text run at (1724,90) width 1: " "
            text run at (0,105) width 537: "Word and letter   spacing test "
          LayoutInline {EM} at (0,0) size 40x15
            LayoutText {#text} at (536,105) size 40x15
              text run at (536,105) width 40: "for"
          LayoutText {#text} at (595,105) size 14x15
            text run at (595,105) width 14: " "
          LayoutInline {STRONG} at (0,0) size 103x15
            LayoutText {#text} at (608,105) size 103x15
              text run at (608,105) width 103: "elements"
          LayoutText {#text} at (730,105) size 14x15
            text run at (730,105) width 14: " "
          LayoutInline {SPAN} at (0,0) size 284x15
            LayoutInline {TT} at (0,0) size 78x15
              LayoutText {#text} at (743,105) size 78x15
                text run at (743,105) width 78: "within"
            LayoutText {#text} at (840,105) size 187x15
              text run at (840,105) width 187: " elements too"
          LayoutText {#text} at (1026,105) size 724x15
            text run at (1026,105) width 704: ". (with monospace font from elements to too)"
            text run at (1749,105) width 1: " "
      LayoutBlockFlow (anonymous) at (0,1968.84) size 784x18
        LayoutBR {BR} at (0,0) size 0x18
        LayoutInline {SPAN} at (0,0) size 0x0
          LayoutText {#text} at (0,0) size 0x0
      LayoutBlockFlow (anonymous) at (0,2005.56) size 784x22
        LayoutBlockFlow {H3} at (0,0) size 784x22
          LayoutText {#text} at (0,0) size 159x22
            text run at (0,0) width 159: "In a span"
      LayoutBlockFlow (anonymous) at (0,2046.28) size 784x324
        LayoutInline {SPAN} at (0,0) size 804x324
          LayoutText {#text} at (0,0) size 428x18
            text run at (0,0) width 244: "Word and letter "
            text run at (243,0) width 185: "spacing test "
          LayoutInline {EM} at (0,0) size 34x18
            LayoutText {#text} at (427,0) size 34x18
              text run at (427,0) width 34: "for"
          LayoutText {#text} at (480,0) size 10x18
            text run at (480,0) width 10: " "
          LayoutInline {STRONG} at (0,0) size 101x18
            LayoutText {#text} at (489,0) size 101x18
              text run at (489,0) width 101: "elements"
          LayoutText {#text} at (609,0) size 10x18
            text run at (609,0) width 10: " "
          LayoutInline {TT} at (0,0) size 78x15
            LayoutText {#text} at (618,2) size 78x15
              text run at (618,2) width 78: "within"
          LayoutText {#text} at (0,18) size 171x18
            text run at (0,18) width 171: "elements too."
          LayoutBR {BR} at (190,32) size 1x0
          LayoutText {#text} at (0,36) size 428x18
            text run at (0,36) width 244: "Word and letter "
            text run at (243,36) width 185: "spacing test "
          LayoutInline {EM} at (0,0) size 34x18
            LayoutText {#text} at (427,36) size 34x18
              text run at (427,36) width 34: "for"
          LayoutText {#text} at (480,36) size 10x18
            text run at (480,36) width 10: " "
          LayoutInline {STRONG} at (0,0) size 101x18
            LayoutText {#text} at (489,36) size 101x18
              text run at (489,36) width 101: "elements"
          LayoutText {#text} at (609,36) size 10x18
            text run at (609,36) width 10: " "
          LayoutInline {TT} at (0,0) size 78x15
            LayoutText {#text} at (618,38) size 78x15
              text run at (618,38) width 78: "within"
          LayoutText {#text} at (0,54) size 126x18
            text run at (0,54) width 126: "elements "
          LayoutText {#text} at (125,54) size 642x18
            text run at (125,54) width 642: "too. (with comment between elements and too)"
          LayoutBR {BR} at (786,68) size 1x0
          LayoutText {#text} at (0,72) size 428x18
            text run at (0,72) width 244: "Word and letter "
            text run at (243,72) width 185: "spacing test "
          LayoutInline {EM} at (0,0) size 34x18
            LayoutText {#text} at (427,72) size 34x18
              text run at (427,72) width 34: "for"
          LayoutText {#text} at (480,72) size 10x18
            text run at (480,72) width 10: " "
          LayoutInline {STRONG} at (0,0) size 101x18
            LayoutText {#text} at (489,72) size 101x18
              text run at (489,72) width 101: "elements"
          LayoutText {#text} at (609,72) size 10x18
            text run at (609,72) width 10: " "
          LayoutInline {TT} at (0,0) size 78x15
            LayoutText {#text} at (618,74) size 78x15
              text run at (618,74) width 78: "within"
          LayoutText {#text} at (0,90) size 97x18
            text run at (0,90) width 97: "elements"
          LayoutText {#text} at (116,90) size 684x36
            text run at (116,90) width 568: " too. (with comment (no preceding space)"
            text run at (0,108) width 357: "between elements and too)"
          LayoutBR {BR} at (376,122) size 1x0
          LayoutText {#text} at (0,126) size 428x18
            text run at (0,126) width 244: "Word and letter "
            text run at (243,126) width 185: "spacing test "
          LayoutInline {EM} at (0,0) size 34x18
            LayoutText {#text} at (427,126) size 34x18
              text run at (427,126) width 34: "for"
          LayoutText {#text} at (480,126) size 10x18
            text run at (480,126) width 10: " "
          LayoutInline {STRONG} at (0,0) size 101x18
            LayoutText {#text} at (489,126) size 101x18
              text run at (489,126) width 101: "elements"
          LayoutText {#text} at (609,126) size 10x18
            text run at (609,126) width 10: " "
          LayoutInline {TT} at (0,0) size 78x15
            LayoutText {#text} at (618,128) size 78x15
              text run at (618,128) width 78: "within"
          LayoutText {#text} at (0,144) size 126x18
            text run at (0,144) width 126: "elements "
          LayoutText {#text} at (125,144) size 780x36
            text run at (125,144) width 655: "too. (with comment (no trailing space) between"
            text run at (0,162) width 239: "elements and too)"
          LayoutBR {BR} at (258,176) size 1x0
          LayoutInline {SPAN} at (0,0) size 645x15
            LayoutText {#text} at (0,182) size 472x15
              text run at (0,182) width 265: "Word and letter "
              text run at (264,182) width 208: "spacing test "
            LayoutInline {EM} at (0,0) size 39x15
              LayoutText {#text} at (471,182) size 39x15
                text run at (471,182) width 39: "for"
            LayoutText {#text} at (529,182) size 14x15
              text run at (529,182) width 14: " "
            LayoutInline {STRONG} at (0,0) size 103x15
              LayoutText {#text} at (542,182) size 103x15
                text run at (542,182) width 103: "elements"
          LayoutText {#text} at (664,180) size 10x18
            text run at (664,180) width 10: " "
          LayoutInline {TT} at (0,0) size 78x15
            LayoutText {#text} at (673,182) size 78x15
              text run at (673,182) width 78: "within"
          LayoutText {#text} at (0,198) size 695x36
            text run at (0,198) width 695: "elements too. (with monospace font from Word to"
            text run at (0,216) width 108: "elements)"
          LayoutBR {BR} at (127,230) size 1x0
          LayoutText {#text} at (0,234) size 428x18
            text run at (0,234) width 244: "Word and letter "
            text run at (243,234) width 185: "spacing test "
          LayoutInline {SPAN} at (0,0) size 284x15
            LayoutInline {EM} at (0,0) size 39x15
              LayoutText {#text} at (427,236) size 39x15
                text run at (427,236) width 39: "for"
            LayoutText {#text} at (485,236) size 14x15
              text run at (485,236) width 14: " "
            LayoutInline {STRONG} at (0,0) size 103x15
              LayoutText {#text} at (498,236) size 103x15
                text run at (498,236) width 103: "elements"
            LayoutText {#text} at (620,236) size 14x15
              text run at (620,236) width 14: " "
            LayoutInline {TT} at (0,0) size 78x15
              LayoutText {#text} at (633,236) size 78x15
                text run at (633,236) width 78: "within"
          LayoutText {#text} at (0,252) size 784x18
            text run at (0,252) width 784: "elements too. (with monospace font from for to within)"
          LayoutBR {BR} at (803,266) size 1x0
          LayoutText {#text} at (0,270) size 428x18
            text run at (0,270) width 244: "Word and letter "
            text run at (243,270) width 185: "spacing test "
          LayoutInline {EM} at (0,0) size 34x18
            LayoutText {#text} at (427,270) size 34x18
              text run at (427,270) width 34: "for"
          LayoutText {#text} at (480,270) size 10x18
            text run at (480,270) width 10: " "
          LayoutInline {STRONG} at (0,0) size 101x18
            LayoutText {#text} at (489,270) size 101x18
              text run at (489,270) width 101: "elements"
          LayoutText {#text} at (609,270) size 10x18
            text run at (609,270) width 10: " "
          LayoutInline {SPAN} at (0,0) size 696x33
            LayoutInline {TT} at (0,0) size 78x15
              LayoutText {#text} at (618,272) size 78x15
                text run at (618,272) width 78: "within"
            LayoutText {#text} at (0,290) size 174x15
              text run at (0,290) width 174: "elements too"
          LayoutText {#text} at (173,288) size 749x36
            text run at (173,288) width 576: ". (with monospace font from elements to"
            text run at (0,306) width 46: "too)"
        LayoutText {#text} at (0,0) size 0x0
