layer at (0,0) size 800x600
  LayoutView at (0,0) size 800x600
layer at (0,0) size 800x600
  LayoutBlockFlow {HTML} at (0,0) size 800x600
    LayoutBlockFlow {BODY} at (8,8) size 784x584
      LayoutBlockFlow (anonymous) at (0,0) size 784x18
        LayoutText {#text} at (0,0) size 222x18
          text run at (0,0) width 222: "All text below should be 32px tall."
      LayoutBlockFlow {DIV} at (0,18) size 784x37
        LayoutText {#text} at (0,0) size 374x37
          text run at (0,0) width 374: "This text should be 32px tall."
      LayoutBlockFlow {DIV} at (0,55) size 784x37
        LayoutText {#text} at (0,0) size 374x37
          text run at (0,0) width 374: "This text should be 32px tall."
      LayoutBlockFlow {DIV} at (0,92) size 784x37
        LayoutText {#text} at (0,0) size 374x37
          text run at (0,0) width 374: "This text should be 32px tall."
      LayoutBlockFlow {DIV} at (0,129) size 784x37
        LayoutText {#text} at (0,0) size 374x37
          text run at (0,0) width 374: "This text should be 32px tall."
