layer at (0,0) size 800x600
  LayoutView at (0,0) size 800x600
layer at (0,0) size 800x537
  LayoutBlockFlow {HTML} at (0,0) size 800x537
    LayoutBlockFlow {BODY} at (8,20) size 784x501
      LayoutBlockFlow {DIV} at (20,0) size 240x200 [bgcolor=#00008080]
      LayoutBlockFlow (anonymous) at (0,220) size 784x245
        LayoutText {#text} at (0,0) size 0x0
      LayoutBlockFlow {P} at (0,481) size 784x20
        LayoutText {#text} at (0,0) size 241x19
          text run at (0,0) width 241: "Top and bottom should look the same."
layer at (28,260) size 240x200
  LayoutHTMLCanvas {CANVAS} at (20,20) size 240x200 [bgcolor=#00008080]
