layer at (0,0) size 800x600
  LayoutView at (0,0) size 800x600
layer at (0,0) size 800x38
  LayoutBlockFlow {HTML} at (0,0) size 800x38
    LayoutBlockFlow {BODY} at (8,8) size 784x22
      LayoutTextControl {INPUT} at (0,0) size 173x22 [bgcolor=#FFFFFF] [border: (2px inset #EEEEEE)]
      LayoutText {#text} at (0,0) size 0x0
layer at (10,11) size 169x16
  LayoutBlockFlow {DIV} at (2,3) size 169x16
    LayoutText {#text} at (0,0) size 70x16
      text run at (0,0) width 70: "Hello, world!"
selection start: position 0 of child 0 {#text} of child 0 {DIV} of {#document-fragment} of child 1 {INPUT} of body
selection end:   position 13 of child 0 {#text} of child 0 {DIV} of {#document-fragment} of child 1 {INPUT} of body
