layer at (0,0) size 800x600
  LayoutView at (0,0) size 800x600
layer at (0,0) size 800x600
  LayoutBlockFlow {HTML} at (0,0) size 800x600
    LayoutBlockFlow {BODY} at (8,8) size 784x584
      LayoutInline {SPAN} at (0,0) size 782x299
        LayoutText {#text} at (0,0) size 782x299
          text run at (0,0) width 469: "I am typing a lot of text so that this goes onto many lines. I am still typing. "
          text run at (469,0) width 283: "I am typing a lot of text so that this goes onto"
          text run at (0,20) width 771: "many lines. I am still typing. I am typing a lot of text so that this goes onto many lines. I am still typing. I am typing a lot of"
          text run at (0,40) width 762: "text so that this goes onto many lines. I am still typing. I am typing a lot of text so that this goes onto many lines. I am still"
          text run at (0,60) width 768: "typing. I am typing a lot of text so that this goes onto many lines. I am still typing. I am typing a lot of text so that this goes"
          text run at (0,80) width 766: "onto many lines. I am still typing. I am typing a lot of text so that this goes onto many lines. I am still typing. I am typing a"
          text run at (0,100) width 773: "lot of text so that this goes onto many lines. I am still typing. I am typing a lot of text so that this goes onto many lines. I am"
          text run at (0,120) width 761: "still typing. I am typing a lot of text so that this goes onto many lines. I am still typing. I am typing a lot of text so that this"
          text run at (0,140) width 744: "goes onto many lines. I am still typing. I am typing a lot of text so that this goes onto many lines. I am still typing. I am"
          text run at (0,160) width 759: "typing a lot of text so that this goes onto many lines. I am still typing. I am typing a lot of text so that this goes onto many"
          text run at (0,180) width 777: "lines. I am still typing. I am typing a lot of text so that this goes onto many lines. I am still typing. I am typing a lot of text so"
          text run at (0,200) width 774: "that this goes onto many lines. I am still typing. I am typing a lot of text so that this goes onto many lines. I am still typing. I"
          text run at (0,220) width 782: "am typing a lot of text so that this goes onto many lines. I am still typing. I am typing a lot of text so that this goes onto many"
          text run at (0,240) width 777: "lines. I am still typing. I am typing a lot of text so that this goes onto many lines. I am still typing. I am typing a lot of text so"
          text run at (0,260) width 774: "that this goes onto many lines. I am still typing. I am typing a lot of text so that this goes onto many lines. I am still typing. I"
          text run at (0,280) width 456: "am typing a lot of text so that this goes onto many lines. I am still typing."
      LayoutText {#text} at (0,0) size 0x0
