layer at (0,0) size 800x600
  LayoutView at (0,0) size 800x600
layer at (0,0) size 800x600
  LayoutBlockFlow {HTML} at (0,0) size 800x600
    LayoutBlockFlow {BODY} at (8,8) size 784x584
      LayoutBlockFlow {P} at (0,0) size 784x20
        LayoutText {#text} at (0,0) size 52x19
          text run at (0,0) width 52: "Test for "
        LayoutInline {I} at (0,0) size 525x19
          LayoutInline {A} at (0,0) size 495x19 [color=#0000EE]
            LayoutText {#text} at (52,0) size 495x19
              text run at (52,0) width 495: "REGRESSION(r27173): Web Inspector freezes beneath Image::drawPattern()"
          LayoutText {#text} at (547,0) size 30x19
            text run at (547,0) width 30: " Bug"
        LayoutText {#text} at (577,0) size 4x19
          text run at (577,0) width 4: "."
      LayoutBlockFlow {P} at (0,36) size 784x40
        LayoutText {#text} at (0,0) size 771x39
          text run at (0,0) width 771: "There should be three empty squares with black borders and the last one should have blue background. WebKit should not"
          text run at (0,20) width 91: "hang or assert."
      LayoutBlockFlow {DIV} at (8,92) size 106x106 [border: (3px solid #000000)]
      LayoutBlockFlow {DIV} at (8,206) size 106x106 [border: (3px solid #000000)]
      LayoutBlockFlow {DIV} at (8,320) size 106x106 [border: (3px solid #000000)]
      LayoutBlockFlow {DIV} at (8,434) size 106x106 [border: (3px solid #000000)]
