layer at (0,0) size 800x600 scrollWidth 810
  LayoutView at (0,0) size 800x600
layer at (0,0) size 800x600
  LayoutBlockFlow {HTML} at (0,0) size 800x600
    LayoutBlockFlow {BODY} at (8,8) size 784x576
      LayoutBlockFlow {DIV} at (0,0) size 784x108 [border: (3px solid #FFA500)]
        LayoutListItem (floating) {DIV} at (11,11) size 122x122 [bgcolor=#FFA500] [border: (3px solid #FFA500)]
          LayoutListMarker (anonymous) at (-18,11) size 7x19: bullet
        LayoutListItem {DIV} at (11,11) size 762x86 [border: (3px solid #FFA500)]
          LayoutListItem {DIV} at (11,11) size 740x64 [border: (3px solid #FFA500)]
            LayoutListItem {DIV} at (11,11) size 718x42 [border: (3px solid #FFA500)]
              LayoutListMarker (anonymous) at (103,11) size 7x19: bullet
              LayoutListMarker (anonymous) at (103,11) size 7x19: bullet
              LayoutListMarker (anonymous) at (103,11) size 7x19: bullet
              LayoutText {#text} at (132,11) size 81x19
                text run at (132,11) width 81: "List item text."
      LayoutBlockFlow {UL} at (0,124) size 784x124
        LayoutListItem {LI} at (40,0) size 744x124 [border: (2px solid #FF0000)]
          LayoutListMarker (anonymous) at (755,52) size 7x19: bullet
          LayoutText {#text} at (52,52) size 477x19
            text run at (52,52) width 477: "Foo fofodfosjlkdf dslkdjlk asdlksjald djklsd klasjdkas sdajd lsadjkl asjdlksajdk"
