layer at (0,0) size 800x600
  LayoutView at (0,0) size 800x600
layer at (0,0) size 800x380
  LayoutBlockFlow {HTML} at (0,0) size 800x380
    LayoutBlockFlow {BODY} at (8,16) size 784x332
      LayoutBlockFlow (floating) {DIV} at (0,0) size 470.39x364
        LayoutBlockFlow {P} at (0,16) size 470.39x60
          LayoutText {#text} at (0,0) size 390x19
            text run at (0,0) width 390: "This test case illustrates incorrect positioning of list items within a "
          LayoutInline {CODE} at (0,0) size 430x36
            LayoutText {#text} at (390,3) size 430x36
              text run at (390,3) width 40: "text-"
              text run at (0,23) width 96: "align: right"
          LayoutText {#text} at (96,20) size 68x19
            text run at (96,20) width 68: " div after a "
          LayoutInline {CODE} at (0,0) size 88x16
            LayoutText {#text} at (164,23) size 88x16
              text run at (164,23) width 88: "float: left"
          LayoutText {#text} at (252,20) size 29x19
            text run at (252,20) width 29: " div. "
          LayoutInline {A} at (0,0) size 411x39 [color=#0000EE]
            LayoutText {#text} at (280,20) size 411x39
              text run at (280,20) width 131: "Screenshot of correct"
              text run at (0,40) width 52: "behavior"
          LayoutText {#text} at (52,40) size 8x19
            text run at (52,40) width 8: "; "
          LayoutInline {A} at (0,0) size 119x19 [color=#0000EE]
            LayoutText {#text} at (60,40) size 119x19
              text run at (60,40) width 119: "screenshot of Safari"
          LayoutText {#text} at (179,40) size 4x19
            text run at (179,40) width 4: "."
        LayoutBlockFlow {P} at (0,92) size 470.39x40
          LayoutText {#text} at (0,0) size 432x19
            text run at (0,0) width 432: "This bug only occurs on pages with a standards-compliant DOCTYPE. "
          LayoutInline {A} at (0,0) size 464x39 [color=#0000EE]
            LayoutText {#text} at (432,0) size 464x39
              text run at (432,0) width 32: "View"
              text run at (0,20) width 211: "this test case without a DOCTYPE"
          LayoutText {#text} at (211,20) size 4x19
            text run at (211,20) width 4: "."
        LayoutBlockFlow {OL} at (0,148) size 470.39x200
          LayoutListItem {LI} at (40,0) size 430.39x40
            LayoutListMarker (anonymous) at (-16,0) size 16x19: "1"
            LayoutText {#text} at (0,0) size 384x39
              text run at (0,0) width 154: "New larger PowerBook. "
              text run at (153,0) width 231: "Still 1 GHz, but with a 17-inch screen."
              text run at (0,20) width 44: "$3299."
          LayoutListItem {LI} at (40,40) size 430.39x20
            LayoutListMarker (anonymous) at (-16,0) size 16x19: "2"
            LayoutText {#text} at (0,0) size 343x19
              text run at (0,0) width 299: "New smaller PowerBook, with a 12-inch screen. "
              text run at (299,0) width 44: "$1799."
          LayoutListItem {LI} at (40,60) size 430.39x60
            LayoutListMarker (anonymous) at (-16,0) size 16x19: "3"
            LayoutText {#text} at (0,0) size 91x19
              text run at (0,0) width 91: "New browser: "
            LayoutInline {A} at (0,0) size 35x19 [color=#0000EE]
              LayoutText {#text} at (91,0) size 35x19
                text run at (91,0) width 35: "Safari"
            LayoutText {#text} at (126,0) size 65x19
              text run at (126,0) width 8: ". "
              text run at (134,0) width 57: "Engine is "
            LayoutInline {A} at (0,0) size 74x19 [color=#0000EE]
              LayoutText {#text} at (191,0) size 74x19
                text run at (191,0) width 74: "open source"
            LayoutText {#text} at (265,0) size 20x19
              text run at (265,0) width 20: " (a "
            LayoutInline {A} at (0,0) size 99x19 [color=#0000EE]
              LayoutText {#text} at (285,0) size 99x19
                text run at (285,0) width 99: "modified version"
            LayoutText {#text} at (384,0) size 16x19
              text run at (384,0) width 16: " of"
            LayoutInline {A} at (0,0) size 55x19 [color=#0000EE]
              LayoutText {#text} at (0,20) size 55x19
                text run at (0,20) width 55: "KHTML"
            LayoutText {#text} at (55,20) size 416x39
              text run at (55,20) width 361: "), rest of the application is free but not open source (just like"
              text run at (0,40) width 56: "the OS). "
              text run at (56,40) width 117: "Only runs on 10.2. "
              text run at (173,40) width 144: "Currently in public beta."
          LayoutListItem {LI} at (40,120) size 430.39x20
            LayoutListMarker (anonymous) at (-16,0) size 16x19: "4"
            LayoutText {#text} at (0,0) size 413x19
              text run at (0,0) width 230: "New presentation software: Keynote. "
              text run at (230,0) width 183: "The software Steve Jobs uses."
          LayoutListItem {LI} at (40,140) size 430.39x40
            LayoutListMarker (anonymous) at (-16,0) size 16x19: "5"
            LayoutText {#text} at (0,0) size 103x19
              text run at (0,0) width 103: "New versions of "
            LayoutInline {A} at (0,0) size 42x19 [color=#0000EE]
              LayoutText {#text} at (103,0) size 42x19
                text run at (103,0) width 42: "iMovie"
            LayoutText {#text} at (145,0) size 8x19
              text run at (145,0) width 8: ", "
            LayoutInline {A} at (0,0) size 39x19 [color=#0000EE]
              LayoutText {#text} at (153,0) size 39x19
                text run at (153,0) width 39: "iPhoto"
            LayoutText {#text} at (192,0) size 8x19
              text run at (192,0) width 8: ", "
            LayoutInline {A} at (0,0) size 39x19 [color=#0000EE]
              LayoutText {#text} at (200,0) size 39x19
                text run at (200,0) width 39: "iTunes"
            LayoutText {#text} at (238,0) size 162x19
              text run at (238,0) width 9: ". "
              text run at (246,0) width 154: "Bundled into a box called"
            LayoutInline {A} at (0,0) size 26x19 [color=#0000EE]
              LayoutText {#text} at (0,20) size 26x19
                text run at (0,20) width 26: "iLife"
            LayoutText {#text} at (26,20) size 57x19
              text run at (26,20) width 57: ", for $49."
          LayoutListItem {LI} at (40,180) size 430.39x20
            LayoutListMarker (anonymous) at (-16,0) size 16x19: "6"
            LayoutInline {A} at (0,0) size 107x19 [color=#0000EE]
              LayoutText {#text} at (0,0) size 107x19
                text run at (0,0) width 107: "Final Cut Express"
            LayoutText {#text} at (107,0) size 159x19
              text run at (107,0) width 123: " for creating DVDs. "
              text run at (230,0) width 36: "$299."
      LayoutBlockFlow {DIV} at (0,0) size 784x332
        LayoutBlockFlow {UL} at (0,0) size 784x160
          LayoutListItem {LI} at (40,0) size 744x20
            LayoutListMarker (anonymous) at (412.39,0) size 7x19: bullet
            LayoutInline {A} at (0,0) size 38x19 [color=#0000EE]
              LayoutText {#text} at (706,0) size 38x19
                text run at (706,0) width 38: "About"
          LayoutListItem {LI} at (40,20) size 744x20
            LayoutListMarker (anonymous) at (412.39,0) size 7x19: bullet
            LayoutInline {A} at (0,0) size 53x19 [color=#0000EE]
              LayoutText {#text} at (691,0) size 53x19
                text run at (691,0) width 53: "Site map"
          LayoutListItem {LI} at (40,40) size 744x20
            LayoutListMarker (anonymous) at (412.39,0) size 7x19: bullet
            LayoutInline {A} at (0,0) size 53x19 [color=#0000EE]
              LayoutText {#text} at (691,0) size 53x19
                text run at (691,0) width 53: "Archives"
          LayoutListItem {LI} at (40,60) size 744x20
            LayoutListMarker (anonymous) at (412.39,0) size 7x19: bullet
            LayoutInline {A} at (0,0) size 50x19 [color=#0000EE]
              LayoutText {#text} at (694,0) size 50x19
                text run at (694,0) width 50: "Projects"
          LayoutListItem {LI} at (40,80) size 744x20
            LayoutListMarker (anonymous) at (412.39,0) size 7x19: bullet
            LayoutInline {A} at (0,0) size 42x19 [color=#0000EE]
              LayoutText {#text} at (702,0) size 42x19
                text run at (702,0) width 42: "Photos"
          LayoutListItem {LI} at (40,100) size 744x20
            LayoutListMarker (anonymous) at (412.39,0) size 7x19: bullet
            LayoutInline {A} at (0,0) size 53x19 [color=#0000EE]
              LayoutText {#text} at (691,0) size 53x19
                text run at (691,0) width 53: "Statistics"
          LayoutListItem {LI} at (40,120) size 744x20
            LayoutListMarker (anonymous) at (412.39,0) size 7x19: bullet
            LayoutInline {A} at (0,0) size 136x19 [color=#0000EE]
              LayoutText {#text} at (608,0) size 136x19
                text run at (608,0) width 136: "Accessibility statement"
          LayoutListItem {LI} at (40,140) size 744x20
            LayoutListMarker (anonymous) at (412.39,0) size 7x19: bullet
            LayoutInline {A} at (0,0) size 28x19 [color=#0000EE]
              LayoutText {#text} at (635,0) size 28x19
                text run at (635,0) width 28: "RSS"
            LayoutText {#text} at (663,0) size 9x19
              text run at (663,0) width 9: " ("
            LayoutInline {A} at (0,0) size 67x19 [color=#0000EE]
              LayoutText {#text} at (672,0) size 67x19
                text run at (672,0) width 67: "more feeds"
            LayoutText {#text} at (739,0) size 5x19
              text run at (739,0) width 5: ")"
        LayoutBlockFlow {UL} at (0,176) size 784x20
          LayoutListItem {LI} at (40,0) size 744x20
            LayoutListMarker (anonymous) at (412.39,0) size 7x19: bullet
            LayoutInline {A} at (0,0) size 85x19 [color=#0000EE]
              LayoutText {#text} at (659,0) size 85x19
                text run at (659,0) width 85: "What is RSS?"
        LayoutBlockFlow {UL} at (0,212) size 784x120
          LayoutListItem {LI} at (40,0) size 744x20
            LayoutListMarker (anonymous) at (412.39,0) size 7x19: bullet
            LayoutInline {A} at (0,0) size 87x19 [color=#0000EE]
              LayoutText {#text} at (657,0) size 87x19
                text run at (657,0) width 87: "RSS Validator"
          LayoutListItem {LI} at (40,20) size 744x20
            LayoutListMarker (anonymous) at (412.39,0) size 7x19: bullet
            LayoutInline {A} at (0,0) size 135x19 [color=#0000EE]
              LayoutText {#text} at (609,0) size 135x19
                text run at (609,0) width 135: "Dive Into Accessibility"
          LayoutListItem {LI} at (40,40) size 744x20
            LayoutListMarker (anonymous) at (412.39,0) size 7x19: bullet
            LayoutInline {A} at (0,0) size 96x19 [color=#0000EE]
              LayoutText {#text} at (648,0) size 96x19
                text run at (648,0) width 96: "Dive Into OS X"
          LayoutListItem {LI} at (40,60) size 744x20
            LayoutListMarker (anonymous) at (412.39,0) size 7x19: bullet
            LayoutInline {A} at (0,0) size 92x19 [color=#0000EE]
              LayoutText {#text} at (652,0) size 92x19
                text run at (652,0) width 92: "Dive Into J2EE"
          LayoutListItem {LI} at (40,80) size 744x20
            LayoutListMarker (anonymous) at (412.39,0) size 7x19: bullet
            LayoutInline {A} at (0,0) size 102x19 [color=#0000EE]
              LayoutText {#text} at (642,0) size 102x19
                text run at (642,0) width 102: "Dive Into Python"
          LayoutListItem {LI} at (40,100) size 744x20
            LayoutListMarker (anonymous) at (412.39,0) size 7x19: bullet
            LayoutInline {A} at (0,0) size 43x19 [color=#0000EE]
              LayoutText {#text} at (701,0) size 43x19
                text run at (701,0) width 43: "r\x{E9}sum\x{E9}"
