layer at (0,0) size 800x600
  LayoutView at (0,0) size 800x600
layer at (0,0) size 800x600
  LayoutBlockFlow {HTML} at (0,0) size 800x600
    LayoutBlockFlow {BODY} at (8,8) size 776x584
      LayoutBlockFlow {UL} at (0,0) size 60x584
        LayoutListItem {LI} at (0,40) size 20x544
          LayoutListMarker (anonymous) at (0,-18) size 19x7: bullet
        LayoutListItem {LI} at (20,40) size 20x544
          LayoutListMarker (anonymous) at (0,-18) size 19x7: bullet
        LayoutListItem {LI} at (40,40) size 20x544
          LayoutListMarker (anonymous) at (0,-18) size 19x7: bullet
          LayoutText {#text} at (0,0) size 19x307
            text run at (0,0) width 307: "There should be two bullets with no text above me."
