layer at (0,0) size 800x600 clip at (0,0) size 785x600 scrollHeight 1904
  LayoutView at (0,0) size 800x600
layer at (0,0) size 785x1904 backgroundClip at (0,0) size 785x600 clip at (0,0) size 785x600
  LayoutBlockFlow {HTML} at (0,0) size 785x1904
    LayoutBlockFlow {BODY} at (8,8) size 769x1880
      LayoutBlockFlow {UL} at (0,0) size 182x142 [border: (1px solid #0000FF)]
        LayoutListItem {LI} at (41,1) size 140x40 [border: (5px solid #FFA500)]
          LayoutListMarker (anonymous) at (-18,10) size 7x19: bullet
          LayoutText {#text} at (10,10) size 56x19
            text run at (10,10) width 56: "First item"
        LayoutListItem {LI} at (41,41) size 140x60 [border: (5px solid #FFA500)]
          LayoutListMarker (anonymous) at (-18,10) size 7x19: bullet
          LayoutText {#text} at (10,10) size 102x39
            text run at (10,10) width 102: "Second and very"
            text run at (10,30) width 84: "very long item"
        LayoutListItem {LI} at (41,101) size 140x40 [border: (5px solid #FFA500)]
          LayoutListMarker (anonymous) at (-18,10) size 7x19: bullet
          LayoutText {#text} at (10,10) size 61x19
            text run at (10,10) width 61: "Third item"
      LayoutBlockFlow {UL} at (0,158) size 182x142 [border: (1px solid #FF0000)]
        LayoutListItem {LI} at (1,1) size 140x40 [border: (5px solid #FFA500)]
          LayoutListMarker (anonymous) at (151,10) size 7x19: bullet
          LayoutText {#text} at (74,10) size 56x19
            text run at (74,10) width 56: "First item"
        LayoutListItem {LI} at (1,41) size 140x60 [border: (5px solid #FFA500)]
          LayoutListMarker (anonymous) at (151,10) size 7x19: bullet
          LayoutText {#text} at (28,10) size 102x39
            text run at (28,10) width 102: "Second and very"
            text run at (46,30) width 84: "very long item"
        LayoutListItem {LI} at (1,101) size 140x40 [border: (5px solid #FFA500)]
          LayoutListMarker (anonymous) at (151,10) size 7x19: bullet
          LayoutText {#text} at (69,10) size 61x19
            text run at (69,10) width 61: "Third item"
      LayoutBlockFlow {UL} at (0,316) size 182x142 [border: (1px solid #0000FF)]
        LayoutListItem {LI} at (41,1) size 140x40 [border: (5px solid #FFA500)]
          LayoutListMarker (anonymous) at (9,10) size 7x19: bullet
          LayoutText {#text} at (32,10) size 56x19
            text run at (32,10) width 56: "First item"
        LayoutListItem {LI} at (41,41) size 140x60 [border: (5px solid #FFA500)]
          LayoutListMarker (anonymous) at (9,10) size 7x19: bullet
          LayoutText {#text} at (32,10) size 114x39
            text run at (32,10) width 72: "Second and"
            text run at (10,30) width 114: "very very long item"
        LayoutListItem {LI} at (41,101) size 140x40 [border: (5px solid #FFA500)]
          LayoutListMarker (anonymous) at (9,10) size 7x19: bullet
          LayoutText {#text} at (32,10) size 61x19
            text run at (32,10) width 61: "Third item"
      LayoutBlockFlow {UL} at (0,474) size 182x142 [border: (1px solid #FF0000)]
        LayoutListItem {LI} at (1,1) size 140x40 [border: (5px solid #FFA500)]
          LayoutListMarker (anonymous) at (124,10) size 7x19: bullet
          LayoutText {#text} at (52,10) size 56x19
            text run at (52,10) width 56: "First item"
        LayoutListItem {LI} at (1,41) size 140x60 [border: (5px solid #FFA500)]
          LayoutListMarker (anonymous) at (124,10) size 7x19: bullet
          LayoutText {#text} at (36,10) size 114x39
            text run at (36,10) width 72: "Second and"
            text run at (16,30) width 114: "very very long item"
        LayoutListItem {LI} at (1,101) size 140x40 [border: (5px solid #FFA500)]
          LayoutListMarker (anonymous) at (124,10) size 7x19: bullet
          LayoutText {#text} at (47,10) size 61x19
            text run at (47,10) width 61: "Third item"
      LayoutBlockFlow {UL} at (0,632) size 182x142 [border: (1px solid #0000FF)]
        LayoutListItem {LI} at (41,1) size 140x40 [border: (5px solid #FFA500)]
          LayoutListMarker (anonymous) at (-17,15) size 10x10
          LayoutText {#text} at (10,10) size 56x19
            text run at (10,10) width 56: "First item"
        LayoutListItem {LI} at (41,41) size 140x60 [border: (5px solid #FFA500)]
          LayoutListMarker (anonymous) at (-17,15) size 10x10
          LayoutText {#text} at (10,10) size 102x39
            text run at (10,10) width 102: "Second and very"
            text run at (10,30) width 84: "very long item"
        LayoutListItem {LI} at (41,101) size 140x40 [border: (5px solid #FFA500)]
          LayoutListMarker (anonymous) at (-17,15) size 10x10
          LayoutText {#text} at (10,10) size 61x19
            text run at (10,10) width 61: "Third item"
      LayoutBlockFlow {UL} at (0,790) size 182x142 [border: (1px solid #FF0000)]
        LayoutListItem {LI} at (1,1) size 140x40 [border: (5px solid #FFA500)]
          LayoutListMarker (anonymous) at (147,15) size 10x10
          LayoutText {#text} at (74,10) size 56x19
            text run at (74,10) width 56: "First item"
        LayoutListItem {LI} at (1,41) size 140x60 [border: (5px solid #FFA500)]
          LayoutListMarker (anonymous) at (147,15) size 10x10
          LayoutText {#text} at (28,10) size 102x39
            text run at (28,10) width 102: "Second and very"
            text run at (46,30) width 84: "very long item"
        LayoutListItem {LI} at (1,101) size 140x40 [border: (5px solid #FFA500)]
          LayoutListMarker (anonymous) at (147,15) size 10x10
          LayoutText {#text} at (69,10) size 61x19
            text run at (69,10) width 61: "Third item"
      LayoutBlockFlow {UL} at (0,948) size 182x142 [border: (1px solid #0000FF)]
        LayoutListItem {LI} at (41,1) size 140x40 [border: (5px solid #FFA500)]
          LayoutListMarker (anonymous) at (10,15) size 10x10
          LayoutText {#text} at (27,10) size 56x19
            text run at (27,10) width 56: "First item"
        LayoutListItem {LI} at (41,41) size 140x60 [border: (5px solid #FFA500)]
          LayoutListMarker (anonymous) at (10,15) size 10x10
          LayoutText {#text} at (27,10) size 119x39
            text run at (27,10) width 102: "Second and very"
            text run at (10,30) width 84: "very long item"
        LayoutListItem {LI} at (41,101) size 140x40 [border: (5px solid #FFA500)]
          LayoutListMarker (anonymous) at (10,15) size 10x10
          LayoutText {#text} at (27,10) size 61x19
            text run at (27,10) width 61: "Third item"
      LayoutBlockFlow {UL} at (0,1106) size 182x142 [border: (1px solid #FF0000)]
        LayoutListItem {LI} at (1,1) size 140x40 [border: (5px solid #FFA500)]
          LayoutListMarker (anonymous) at (120,15) size 10x10
          LayoutText {#text} at (57,10) size 56x19
            text run at (57,10) width 56: "First item"
        LayoutListItem {LI} at (1,41) size 140x60 [border: (5px solid #FFA500)]
          LayoutListMarker (anonymous) at (120,15) size 10x10
          LayoutText {#text} at (11,10) size 119x39
            text run at (11,10) width 102: "Second and very"
            text run at (46,30) width 84: "very long item"
        LayoutListItem {LI} at (1,101) size 140x40 [border: (5px solid #FFA500)]
          LayoutListMarker (anonymous) at (120,15) size 10x10
          LayoutText {#text} at (52,10) size 61x19
            text run at (52,10) width 61: "Third item"
      LayoutBlockFlow {OL} at (0,1264) size 182x142 [border: (1px solid #0000FF)]
        LayoutListItem {LI} at (41,1) size 140x40 [border: (5px solid #FFA500)]
          LayoutListMarker (anonymous) at (-16,10) size 16x19: "1"
          LayoutText {#text} at (10,10) size 56x19
            text run at (10,10) width 56: "First item"
        LayoutListItem {LI} at (41,41) size 140x60 [border: (5px solid #FFA500)]
          LayoutListMarker (anonymous) at (-16,10) size 16x19: "2"
          LayoutText {#text} at (10,10) size 102x39
            text run at (10,10) width 102: "Second and very"
            text run at (10,30) width 84: "very long item"
        LayoutListItem {LI} at (41,101) size 140x40 [border: (5px solid #FFA500)]
          LayoutListMarker (anonymous) at (-16,10) size 16x19: "3"
          LayoutText {#text} at (10,10) size 61x19
            text run at (10,10) width 61: "Third item"
      LayoutBlockFlow {OL} at (0,1422) size 182x142 [border: (1px solid #FF0000)]
        LayoutListItem {LI} at (1,1) size 140x40 [border: (5px solid #FFA500)]
          LayoutListMarker (anonymous) at (140,10) size 16x19: "1"
          LayoutText {#text} at (74,10) size 56x19
            text run at (74,10) width 56: "First item"
        LayoutListItem {LI} at (1,41) size 140x60 [border: (5px solid #FFA500)]
          LayoutListMarker (anonymous) at (140,10) size 16x19: "2"
          LayoutText {#text} at (28,10) size 102x39
            text run at (28,10) width 102: "Second and very"
            text run at (46,30) width 84: "very long item"
        LayoutListItem {LI} at (1,101) size 140x40 [border: (5px solid #FFA500)]
          LayoutListMarker (anonymous) at (140,10) size 16x19: "3"
          LayoutText {#text} at (69,10) size 61x19
            text run at (69,10) width 61: "Third item"
      LayoutBlockFlow {OL} at (0,1580) size 182x142 [border: (1px solid #0000FF)]
        LayoutListItem {LI} at (41,1) size 140x40 [border: (5px solid #FFA500)]
          LayoutListMarker (anonymous) at (10,10) size 16x19: "1"
          LayoutText {#text} at (26,10) size 56x19
            text run at (26,10) width 56: "First item"
        LayoutListItem {LI} at (41,41) size 140x60 [border: (5px solid #FFA500)]
          LayoutListMarker (anonymous) at (10,10) size 16x19: "2"
          LayoutText {#text} at (26,10) size 118x39
            text run at (26,10) width 102: "Second and very"
            text run at (10,30) width 84: "very long item"
        LayoutListItem {LI} at (41,101) size 140x40 [border: (5px solid #FFA500)]
          LayoutListMarker (anonymous) at (10,10) size 16x19: "3"
          LayoutText {#text} at (26,10) size 61x19
            text run at (26,10) width 61: "Third item"
      LayoutBlockFlow {OL} at (0,1738) size 182x142 [border: (1px solid #FF0000)]
        LayoutListItem {LI} at (1,1) size 140x40 [border: (5px solid #FFA500)]
          LayoutListMarker (anonymous) at (114,10) size 16x19: "1"
          LayoutText {#text} at (58,10) size 56x19
            text run at (58,10) width 56: "First item"
        LayoutListItem {LI} at (1,41) size 140x60 [border: (5px solid #FFA500)]
          LayoutListMarker (anonymous) at (114,10) size 16x19: "2"
          LayoutText {#text} at (12,10) size 118x39
            text run at (12,10) width 102: "Second and very"
            text run at (46,30) width 84: "very long item"
        LayoutListItem {LI} at (1,101) size 140x40 [border: (5px solid #FFA500)]
          LayoutListMarker (anonymous) at (114,10) size 16x19: "3"
          LayoutText {#text} at (53,10) size 61x19
            text run at (53,10) width 61: "Third item"
