layer at (0,0) size 800x600
  LayoutView at (0,0) size 800x600
layer at (0,0) size 800x600
  LayoutBlockFlow {HTML} at (0,0) size 800x600
    LayoutBlockFlow {BODY} at (8,8) size 784x576
      LayoutBlockFlow {DIV} at (0,0) size 784x56
        LayoutBlockFlow {DL} at (0,0) size 784x56
          LayoutBlockFlow {DT} at (0,0) size 784x20
            LayoutText {#text} at (0,0) size 147x19
              text run at (0,0) width 147: "DT text is rendered here"
          LayoutBlockFlow {DD} at (0,36) size 784x20
            LayoutBlockFlow {UL} at (0,0) size 784x20
              LayoutListItem {LI} at (0,0) size 784x20
                LayoutListMarker (anonymous) at (0,6) size 12x9
                LayoutText {#text} at (19,0) size 107x19
                  text run at (19,0) width 107: "LI text is here too"
