layer at (0,0) size 800x600
  LayoutView at (0,0) size 800x600
layer at (0,0) size 800x600
  LayoutBlockFlow {HTML} at (0,0) size 800x600
    LayoutBlockFlow {BODY} at (8,8) size 776x584
      LayoutBlockFlow {DIV} at (0,0) size 56x584
        LayoutBlockFlow {DL} at (0,0) size 56x584
          LayoutBlockFlow {DT} at (0,0) size 20x584
            LayoutText {#text} at (0,0) size 19x147
              text run at (0,0) width 147: "DT text is rendered here"
          LayoutBlockFlow {DD} at (36,0) size 20x584
            LayoutBlockFlow {UL} at (0,0) size 20x584
              LayoutListItem {LI} at (0,0) size 20x584
                LayoutListMarker (anonymous) at (3,0) size 12x9
                LayoutText {#text} at (0,16) size 19x107
                  text run at (0,16) width 107: "LI text is here too"
