layer at (0,0) size 800x600
  LayoutView at (0,0) size 800x600
layer at (0,0) size 800x600
  LayoutBlockFlow {HTML} at (0,0) size 800x600
    LayoutBlockFlow {BODY} at (8,8) size 784x576
      LayoutBlockFlow {DIV} at (0,0) size 190x49
        LayoutBlockFlow {UL} at (0,0) size 190x49
          LayoutListItem {LI} at (40,0) size 150x49
            LayoutListMarker (anonymous) at (-18,29) size 7x19: bullet
            LayoutInline {A} at (0,0) size 150x19
              LayoutText {#text} at (0,0) size 0x0
              LayoutBlockFlow {IMG} at (0,0) size 150x44
            LayoutText {#text} at (0,0) size 0x0
layer at (48,8) size 150x44 clip at (49,9) size 148x42
  LayoutBlockFlow {DIV} at (0,0) size 150x44 [border: (1px solid #C0C0C0)]
    LayoutImage (floating) {IMG} at (2,2) size 16x16
layer at (66,10) size 130x40
  LayoutBlockFlow {DIV} at (18,2) size 130x40
    LayoutText {#text} at (0,0) size 105x39
      text run at (0,0) width 105: "Eriadan - Fumetti"
      text run at (0,20) width 81: "tanto per fare"
