layer at (0,0) size 800x600
  LayoutView at (0,0) size 800x600
layer at (0,0) size 800x152
  LayoutBlockFlow {HTML} at (0,0) size 800x152
    LayoutBlockFlow {BODY} at (8,16) size 784x120
layer at (8,16) size 784x120
  LayoutBlockFlow {OL} at (0,0) size 784x120
    LayoutListItem {LI} at (0,0) size 766.41x20
      LayoutListMarker (anonymous) at (766.41,0) size 16x19: "1"
      LayoutText {#text} at (741,0) size 26x19
        text run at (741,0) width 26: "Foo"
    LayoutListItem {LI} at (0,20) size 766.41x20
      LayoutListMarker (anonymous) at (766.41,0) size 16x19: "2"
      LayoutText {#text} at (741,0) size 26x19
        text run at (741,0) width 26: "Foo"
    LayoutListItem {LI} at (0,40) size 766.41x20
      LayoutListMarker (anonymous) at (766.41,0) size 16x19: "3"
      LayoutText {#text} at (741,0) size 26x19
        text run at (741,0) width 26: "Foo"
    LayoutListItem {LI} at (0,60) size 766.41x20
      LayoutListMarker (anonymous) at (766.41,0) size 16x19: "4"
      LayoutText {#text} at (741,0) size 26x19
        text run at (741,0) width 26: "Foo"
    LayoutListItem {LI} at (0,80) size 766.41x20
      LayoutListMarker (anonymous) at (766.41,0) size 16x19: "5"
      LayoutText {#text} at (741,0) size 26x19
        text run at (741,0) width 26: "Foo"
    LayoutListItem {LI} at (0,100) size 766.41x20
      LayoutListMarker (anonymous) at (766.41,0) size 16x19: "6"
      LayoutText {#text} at (741,0) size 26x19
        text run at (741,0) width 26: "Foo"
