layer at (0,0) size 800x600
  LayoutView at (0,0) size 800x600
layer at (0,0) size 800x600
  LayoutBlockFlow {HTML} at (0,0) size 800x600
    LayoutBlockFlow {BODY} at (8,8) size 784x576
      LayoutBlockFlow (anonymous) at (0,0) size 784x20
        LayoutText {#text} at (0,0) size 654x19
          text run at (0,0) width 654: "This test demonstrates that list items are not affected by the quirk that shrinks line boxes with no text children."
      LayoutBlockFlow {UL} at (0,36) size 784x60
        LayoutListItem {LI} at (40,0) size 744x30
          LayoutListMarker (anonymous) at (-17,10) size 10x10
          LayoutInline {SPAN} at (0,0) size 26x19
            LayoutText {#text} at (0,5) size 26x19
              text run at (0,5) width 26: "One"
          LayoutText {#text} at (0,0) size 0x0
        LayoutListItem {LI} at (40,30) size 744x30
          LayoutListMarker (anonymous) at (-17,10) size 10x10
          LayoutInline {SPAN} at (0,0) size 27x19
            LayoutText {#text} at (0,5) size 27x19
              text run at (0,5) width 27: "Two"
          LayoutText {#text} at (0,0) size 0x0
      LayoutBlockFlow {UL} at (0,112) size 784x60
        LayoutListItem {LI} at (40,0) size 744x30
          LayoutInline {SPAN} at (0,0) size 35x19
            LayoutText {#text} at (0,5) size 35x19
              text run at (0,5) width 35: "Three"
          LayoutText {#text} at (0,0) size 0x0
        LayoutListItem {LI} at (40,30) size 744x30
          LayoutInline {SPAN} at (0,0) size 29x19
            LayoutText {#text} at (0,5) size 29x19
              text run at (0,5) width 29: "Four"
          LayoutText {#text} at (0,0) size 0x0
