layer at (0,0) size 800x600
  LayoutView at (0,0) size 800x600
layer at (0,0) size 800x88
  LayoutBlockFlow {HTML} at (0,0) size 800x88
    LayoutBlockFlow {BODY} at (8,16) size 784x56
      LayoutBlockFlow {P} at (0,0) size 784x20
        LayoutText {#text} at (0,0) size 557x19
          text run at (0,0) width 557: "crbug.com/548616: List markers shouldn't shift to avoid floats that come after them on a line."
      LayoutBlockFlow {OL} at (0,36) size 784x20
        LayoutListItem {LI} at (40,0) size 744x20
          LayoutListMarker (anonymous) at (-16,0) size 16x19: "1"
          LayoutImage (floating) {IMG} at (0,0) size 20x20 [bgcolor=#000000]
