layer at (0,0) size 800x600
  LayoutView at (0,0) size 800x600
layer at (0,0) size 800x128
  LayoutBlockFlow {HTML} at (0,0) size 800x128
    LayoutBlockFlow {BODY} at (8,16) size 784x96
      LayoutBlockFlow {P} at (0,0) size 784x20
        LayoutText {#text} at (0,0) size 557x19
          text run at (0,0) width 557: "crbug.com/548616: List markers shouldn't shift to avoid floats that come after them on a line."
      LayoutBlockFlow {OL} at (0,36) size 784x60
        LayoutListItem {LI} at (0,0) size 744x20
          LayoutListMarker (anonymous) at (744,0) size 16x19: "1"
          LayoutImage (floating) {IMG} at (724,0) size 20x20 [bgcolor=#000000]
        LayoutListItem {LI} at (0,20) size 744x20
          LayoutListMarker (anonymous) at (744,0) size 16x19: "2"
          LayoutImage (floating) {IMG} at (724,0) size 20x20 [bgcolor=#000000]
        LayoutListItem {LI} at (0,40) size 744x20
          LayoutListMarker (anonymous) at (744,0) size 16x19: "3"
          LayoutImage (floating) {IMG} at (724,0) size 20x20 [bgcolor=#000000]
