layer at (0,0) size 800x600
  LayoutView at (0,0) size 800x600
layer at (0,0) size 800x152
  LayoutBlockFlow {HTML} at (0,0) size 800x152
    LayoutBlockFlow {BODY} at (8,16) size 784x120
layer at (8,16) size 784x120
  LayoutBlockFlow {OL} at (0,0) size 784x120
    LayoutListItem {LI} at (17.59,0) size 766.41x20
      LayoutListMarker (anonymous) at (-16,0) size 16x19: "1"
      LayoutText {#text} at (0,0) size 25x19
        text run at (0,0) width 25: "Foo"
    LayoutListItem {LI} at (17.59,20) size 766.41x20
      LayoutListMarker (anonymous) at (-16,0) size 16x19: "2"
      LayoutText {#text} at (0,0) size 25x19
        text run at (0,0) width 25: "Foo"
    LayoutListItem {LI} at (17.59,40) size 766.41x20
      LayoutListMarker (anonymous) at (-16,0) size 16x19: "3"
      LayoutText {#text} at (0,0) size 25x19
        text run at (0,0) width 25: "Foo"
    LayoutListItem {LI} at (17.59,60) size 766.41x20
      LayoutListMarker (anonymous) at (-16,0) size 16x19: "4"
      LayoutText {#text} at (0,0) size 25x19
        text run at (0,0) width 25: "Foo"
    LayoutListItem {LI} at (17.59,80) size 766.41x20
      LayoutListMarker (anonymous) at (-16,0) size 16x19: "5"
      LayoutText {#text} at (0,0) size 25x19
        text run at (0,0) width 25: "Foo"
    LayoutListItem {LI} at (17.59,100) size 766.41x20
      LayoutListMarker (anonymous) at (-16,0) size 16x19: "6"
      LayoutText {#text} at (0,0) size 25x19
        text run at (0,0) width 25: "Foo"
