layer at (0,0) size 800x600
  LayoutView at (0,0) size 800x600
layer at (0,0) size 800x600
  LayoutBlockFlow {HTML} at (0,0) size 800x600
    LayoutBlockFlow {BODY} at (8,8) size 784x576
      LayoutBlockFlow {P} at (0,0) size 784x20
        LayoutText {#text} at (0,0) size 50x19
          text run at (0,0) width 50: "Test for "
        LayoutInline {I} at (0,0) size 643x19
          LayoutInline {A} at (0,0) size 306x19 [color=#0000EE]
            LayoutText {#text} at (49,0) size 306x19
              text run at (49,0) width 306: "http://bugs.webkit.org/show_bug.cgi?id=14395"
          LayoutText {#text} at (354,0) size 338x19
            text run at (354,0) width 5: " "
            text run at (358,0) width 334: "When a <p> is inside <li> two <BR>s are rendered"
        LayoutText {#text} at (691,0) size 5x19
          text run at (691,0) width 5: "."
      LayoutBlockFlow {P} at (0,36) size 784x20
        LayoutText {#text} at (0,0) size 453x19
          text run at (0,0) width 453: "In all of the following, the bullets should be lined up with the first line of text."
      LayoutBlockFlow {UL} at (0,72) size 784x20
        LayoutListItem {LI} at (40,0) size 744x20
          LayoutBlockFlow (anonymous) at (0,0) size 744x0
            LayoutInline {SPAN} at (0,0) size 0x0
              LayoutText {#text} at (0,0) size 0x0
          LayoutBlockFlow (anonymous) at (0,0) size 744x20
            LayoutBlockFlow {DIV} at (0,0) size 744x20
              LayoutListMarker (anonymous) at (-18,0) size 7x19: bullet
              LayoutText {#text} at (0,0) size 25x19
                text run at (0,0) width 25: "item"
          LayoutBlockFlow (anonymous) at (0,20) size 744x0
            LayoutInline {SPAN} at (0,0) size 0x0
      LayoutBlockFlow {UL} at (0,108) size 784x20
        LayoutListItem {LI} at (40,0) size 744x20
          LayoutBlockFlow (anonymous) at (0,0) size 744x0
            LayoutInline {SPAN} at (0,0) size 0x0
              LayoutText {#text} at (0,0) size 0x0
            LayoutText {#text} at (0,0) size 0x0
          LayoutBlockFlow {DIV} at (0,0) size 744x20
            LayoutListMarker (anonymous) at (-18,0) size 7x19: bullet
            LayoutText {#text} at (0,0) size 25x19
              text run at (0,0) width 25: "item"
      LayoutBlockFlow {UL} at (0,144) size 784x20
        LayoutListItem {LI} at (40,0) size 744x20
          LayoutBlockFlow (anonymous) at (0,0) size 744x0
            LayoutInline {SPAN} at (0,0) size 0x0
              LayoutText {#text} at (0,0) size 0x0
              LayoutInline {I} at (0,0) size 0x0
                LayoutText {#text} at (0,0) size 0x0
          LayoutBlockFlow (anonymous) at (0,0) size 744x20
            LayoutBlockFlow {DIV} at (0,0) size 744x20
              LayoutListMarker (anonymous) at (-18,0) size 7x19: bullet
              LayoutText {#text} at (0,0) size 28x19
                text run at (0,0) width 28: "item"
          LayoutBlockFlow (anonymous) at (0,20) size 744x0
            LayoutInline {SPAN} at (0,0) size 0x0
              LayoutInline {I} at (0,0) size 0x0
              LayoutText {#text} at (0,0) size 0x0
            LayoutText {#text} at (0,0) size 0x0
      LayoutBlockFlow {UL} at (0,180) size 784x40
        LayoutListItem {LI} at (40,0) size 744x40
          LayoutBlockFlow (anonymous) at (0,0) size 744x20
            LayoutListMarker (anonymous) at (-18,0) size 7x19: bullet
            LayoutInline {SPAN} at (0,0) size 39x19
              LayoutInline {<pseudo:before>} at (0,0) size 39x19
                LayoutTextFragment (anonymous) at (0,0) size 39x19
                  text run at (0,0) width 39: "before"
              LayoutText {#text} at (0,0) size 0x0
          LayoutBlockFlow (anonymous) at (0,20) size 744x20
            LayoutBlockFlow {DIV} at (0,0) size 744x20
              LayoutText {#text} at (0,0) size 25x19
                text run at (0,0) width 25: "item"
          LayoutBlockFlow (anonymous) at (0,40) size 744x0
            LayoutInline {SPAN} at (0,0) size 0x0
      LayoutBlockFlow {UL} at (0,236) size 784x40
        LayoutListItem {LI} at (40,0) size 744x40
          LayoutBlockFlow (anonymous) at (0,0) size 744x0
            LayoutInline {SPAN} at (0,0) size 0x0
          LayoutBlockFlow (anonymous) at (0,0) size 744x20
            LayoutBlockFlow {UL} at (0,0) size 744x20
              LayoutListItem {LI} at (40,0) size 704x20
                LayoutListMarker (anonymous) at (-58,0) size 7x19: bullet
                LayoutListMarker (anonymous) at (-18,0) size 7x19: white bullet
                LayoutText {#text} at (0,0) size 25x19
                  text run at (0,0) width 25: "item"
          LayoutBlockFlow (anonymous) at (0,20) size 744x20
            LayoutInline {SPAN} at (0,0) size 0x0
            LayoutBR {BR} at (0,0) size 0x19
      LayoutBlockFlow {UL} at (0,292) size 784x40
        LayoutListItem {LI} at (40,0) size 744x40
          LayoutBlockFlow {DIV} at (0,0) size 744x20
            LayoutBlockFlow {UL} at (0,0) size 744x20
              LayoutListItem {LI} at (40,0) size 704x20
                LayoutListMarker (anonymous) at (-58,0) size 7x19: bullet
                LayoutListMarker (anonymous) at (-18,0) size 7x19: white bullet
                LayoutText {#text} at (0,0) size 25x19
                  text run at (0,0) width 25: "item"
          LayoutBlockFlow (anonymous) at (0,20) size 744x20
            LayoutBR {BR} at (0,0) size 0x19
      LayoutBlockFlow {P} at (0,348) size 784x20
        LayoutText {#text} at (0,0) size 494x19
          text run at (0,0) width 494: "In this case, the solid bullet should be one line above the hollow bullet and the text."
      LayoutBlockFlow {UL} at (0,384) size 784x60
        LayoutListItem {LI} at (40,0) size 744x60
          LayoutBlockFlow (anonymous) at (0,0) size 744x20
            LayoutListMarker (anonymous) at (-18,0) size 7x19: bullet
          LayoutBlockFlow {UL} at (0,20) size 744x20
            LayoutListItem {LI} at (40,0) size 704x20
              LayoutListMarker (anonymous) at (-18,0) size 7x19: white bullet
              LayoutText {#text} at (0,0) size 25x19
                text run at (0,0) width 25: "item"
          LayoutBlockFlow (anonymous) at (0,40) size 744x20
            LayoutBR {BR} at (0,0) size 0x19
