layer at (0,0) size 800x600
  LayoutView at (0,0) size 800x600
layer at (0,0) size 800x600
  LayoutBlockFlow {HTML} at (0,0) size 800x600
    LayoutBlockFlow {BODY} at (8,8) size 784x576
      LayoutBlockFlow {P} at (0,0) size 784x40
        LayoutText {#text} at (0,0) size 50x19
          text run at (0,0) width 50: "Test for "
        LayoutInline {I} at (0,0) size 773x39
          LayoutInline {A} at (0,0) size 306x19 [color=#0000EE]
            LayoutText {#text} at (49,0) size 306x19
              text run at (49,0) width 306: "http://bugs.webkit.org/show_bug.cgi?id=13157"
          LayoutText {#text} at (354,0) size 773x39
            text run at (354,0) width 5: " "
            text run at (358,0) width 415: "List markers positioned incorrectly and don't repaint properly on"
            text run at (0,20) width 116: "Oxford homepage"
        LayoutText {#text} at (115,20) size 5x19
          text run at (115,20) width 5: "."
      LayoutBlockFlow {P} at (0,56) size 784x20
        LayoutText {#text} at (0,0) size 372x19
          text run at (0,0) width 372: "There should be a bullet next to each item on the following list:"
      LayoutBlockFlow {UL} at (0,92) size 784x100
        LayoutListItem {LI} at (40,0) size 744x20
          LayoutListMarker (anonymous) at (-18,0) size 7x19: bullet
          LayoutText {#text} at (0,0) size 156x19
            text run at (0,0) width 156: "Prospectuses and courses"
        LayoutListItem {LI} at (40,20) size 744x20
          LayoutListMarker (anonymous) at (-18,0) size 7x19: bullet
          LayoutText {#text} at (0,0) size 159x19
            text run at (0,0) width 159: "Undergraduate admissions"
        LayoutListItem {LI} at (40,40) size 744x20
          LayoutListMarker (anonymous) at (-18,0) size 7x19: bullet
          LayoutText {#text} at (0,0) size 125x19
            text run at (0,0) width 125: "Graduate admissions"
        LayoutListItem {LI} at (40,60) size 744x20
          LayoutListMarker (anonymous) at (-18,0) size 7x19: bullet
          LayoutText {#text} at (0,0) size 126x19
            text run at (0,0) width 126: "Continuing education"
        LayoutListItem {LI} at (40,80) size 744x20
          LayoutListMarker (anonymous) at (-18,0) size 7x19: bullet
          LayoutText {#text} at (0,0) size 89x19
            text run at (0,0) width 89: "Online courses"
