layer at (0,0) size 800x600
  LayoutView at (0,0) size 800x600
layer at (0,0) size 800x600
  LayoutBlockFlow {HTML} at (0,0) size 800x600
    LayoutBlockFlow {BODY} at (8,8) size 784x576
      LayoutBlockFlow {DIV} at (0,0) size 784x40
        LayoutBlockFlow {OL} at (0,0) size 784x40
          LayoutListItem {LI} at (40,0) size 744x20
            LayoutListMarker (anonymous) at (-16,0) size 16x19: "2"
            LayoutText {#text} at (0,0) size 20x19
              text run at (0,0) width 20: "foo"
          LayoutListItem {LI} at (40,20) size 744x20
            LayoutListMarker (anonymous) at (-16,0) size 16x19: "3"
            LayoutText {#text} at (0,0) size 20x19
              text run at (0,0) width 20: "bar"
