layer at (0,0) size 800x600 clip at (0,0) size 785x600 scrollHeight 830
  LayoutView at (0,0) size 800x600
layer at (0,0) size 785x830 backgroundClip at (0,0) size 785x600 clip at (0,0) size 785x600
  LayoutBlockFlow {HTML} at (0,0) size 785x830
    LayoutBlockFlow {BODY} at (8,8) size 769x806
      LayoutBlockFlow (anonymous) at (0,0) size 769x20
        LayoutText {#text} at (0,0) size 120x19
          text run at (0,0) width 120: "1. Basic inheritance:"
      LayoutBlockFlow {OL} at (0,36) size 769x40
        LayoutListItem {LI} at (40,0) size 729x20
          LayoutListMarker (anonymous) at (-16,0) size 16x19: "3"
          LayoutText {#text} at (0,0) size 73x19
            text run at (0,0) width 73: "Should be 3"
        LayoutListItem {LI} at (40,20) size 729x20
          LayoutListMarker (anonymous) at (-16,0) size 16x19: "4"
          LayoutText {#text} at (0,0) size 73x19
            text run at (0,0) width 73: "Should be 4"
      LayoutBlockFlow {HR} at (0,92) size 769x2 [border: (1px inset #EEEEEE)]
      LayoutBlockFlow (anonymous) at (0,102) size 769x20
        LayoutText {#text} at (0,0) size 273x19
          text run at (0,0) width 273: "2. Test that the inner start value gets inherited:"
      LayoutBlockFlow {OL} at (0,138) size 769x40
        LayoutListItem {LI} at (40,0) size 729x20
          LayoutListMarker (anonymous) at (-16,0) size 16x19: "5"
          LayoutText {#text} at (0,0) size 73x19
            text run at (0,0) width 73: "Should be 5"
        LayoutBlockFlow {OL} at (40,20) size 729x20
          LayoutListItem {LI} at (40,0) size 689x20
            LayoutListMarker (anonymous) at (-16,0) size 16x19: "3"
            LayoutText {#text} at (0,0) size 73x19
              text run at (0,0) width 73: "Should be 3"
      LayoutBlockFlow {HR} at (0,194) size 769x2 [border: (1px inset #EEEEEE)]
      LayoutBlockFlow (anonymous) at (0,204) size 769x20
        LayoutText {#text} at (0,0) size 366x19
          text run at (0,0) width 366: "3. Test that extra tags before the li don't block the inheritance"
      LayoutBlockFlow {OL} at (0,240) size 769x56
        LayoutBlockFlow {P} at (40,0) size 729x20
          LayoutText {#text} at (0,0) size 26x19
            text run at (0,0) width 26: "Text"
        LayoutListItem {LI} at (40,36) size 729x20
          LayoutListMarker (anonymous) at (-16,0) size 16x19: "3"
          LayoutText {#text} at (0,0) size 73x19
            text run at (0,0) width 73: "Should be 3"
      LayoutBlockFlow {HR} at (0,312) size 769x2 [border: (1px inset #EEEEEE)]
      LayoutBlockFlow (anonymous) at (0,322) size 769x20
        LayoutText {#text} at (0,0) size 252x19
          text run at (0,0) width 252: "4. Test for inheritance through many levels"
      LayoutBlockFlow {OL} at (0,358) size 769x20
        LayoutBlockFlow (anonymous) at (40,0) size 729x0
          LayoutInline {B} at (0,0) size 0x0
        LayoutBlockFlow (anonymous) at (40,0) size 729x20
          LayoutListItem {LI} at (0,0) size 729x20
            LayoutListMarker (anonymous) at (-16,0) size 16x19: "3"
            LayoutText {#text} at (0,0) size 147x19
              text run at (0,0) width 147: "Should be 3 (and bold)"
        LayoutBlockFlow (anonymous) at (40,20) size 729x0
          LayoutInline {B} at (0,0) size 0x0
          LayoutText {#text} at (0,0) size 0x0
      LayoutBlockFlow {HR} at (0,394) size 769x2 [border: (1px inset #EEEEEE)]
      LayoutBlockFlow (anonymous) at (0,404) size 769x20
        LayoutText {#text} at (0,0) size 391x19
          text run at (0,0) width 391: "5. Test for properly chaining from the previous li when it is nested"
      LayoutBlockFlow {OL} at (0,440) size 769x60
        LayoutBlockFlow (anonymous) at (40,0) size 729x0
          LayoutInline {B} at (0,0) size 0x0
        LayoutBlockFlow (anonymous) at (40,0) size 729x20
          LayoutListItem {LI} at (0,0) size 729x20
            LayoutListMarker (anonymous) at (-16,0) size 16x19: "3"
            LayoutText {#text} at (0,0) size 147x19
              text run at (0,0) width 147: "Should be 3 (and bold)"
        LayoutBlockFlow (anonymous) at (40,20) size 729x0
          LayoutInline {B} at (0,0) size 0x0
          LayoutText {#text} at (0,0) size 0x0
        LayoutListItem {LI} at (40,20) size 729x20
          LayoutListMarker (anonymous) at (-16,0) size 16x19: "4"
          LayoutText {#text} at (0,0) size 73x19
            text run at (0,0) width 73: "Should be 4"
        LayoutListItem {LI} at (40,40) size 729x20
          LayoutListMarker (anonymous) at (-16,0) size 16x19: "5"
          LayoutText {#text} at (0,0) size 73x19
            text run at (0,0) width 73: "Should be 5"
      LayoutBlockFlow {HR} at (0,516) size 769x2 [border: (1px inset #EEEEEE)]
      LayoutBlockFlow (anonymous) at (0,526) size 769x20
        LayoutText {#text} at (0,0) size 426x19
          text run at (0,0) width 426: "6. Test for properly chaining from the previous li when current is nested"
      LayoutBlockFlow {OL} at (0,562) size 769x40
        LayoutListItem {LI} at (40,0) size 729x20
          LayoutListMarker (anonymous) at (-16,0) size 16x19: "1"
          LayoutText {#text} at (0,0) size 73x19
            text run at (0,0) width 73: "Should be 1"
        LayoutBlockFlow (anonymous) at (40,20) size 729x0
          LayoutInline {B} at (0,0) size 0x0
        LayoutBlockFlow (anonymous) at (40,20) size 729x20
          LayoutListItem {LI} at (0,0) size 729x20
            LayoutListMarker (anonymous) at (-16,0) size 16x19: "2"
            LayoutText {#text} at (0,0) size 147x19
              text run at (0,0) width 147: "Should be 2 (and bold)"
        LayoutBlockFlow (anonymous) at (40,40) size 729x0
          LayoutInline {B} at (0,0) size 0x0
          LayoutText {#text} at (0,0) size 0x0
      LayoutBlockFlow {HR} at (0,618) size 769x2 [border: (1px inset #EEEEEE)]
      LayoutBlockFlow (anonymous) at (0,628) size 769x20
        LayoutText {#text} at (0,0) size 421x19
          text run at (0,0) width 421: "7. Test for properly chaining from the previous li when both are nested"
      LayoutBlockFlow {OL} at (0,664) size 769x40
        LayoutBlockFlow (anonymous) at (40,0) size 729x0
          LayoutInline {I} at (0,0) size 0x0
        LayoutBlockFlow (anonymous) at (40,0) size 729x20
          LayoutListItem {LI} at (0,0) size 729x20
            LayoutListMarker (anonymous) at (-16,0) size 16x19: "2"
            LayoutText {#text} at (0,0) size 149x19
              text run at (0,0) width 149: "Should be 2 (and italic)"
        LayoutBlockFlow (anonymous) at (40,20) size 729x0
          LayoutInline {I} at (0,0) size 0x0
          LayoutText {#text} at (0,0) size 0x0
          LayoutInline {B} at (0,0) size 0x0
        LayoutBlockFlow (anonymous) at (40,20) size 729x20
          LayoutListItem {LI} at (0,0) size 729x20
            LayoutListMarker (anonymous) at (-16,0) size 16x19: "3"
            LayoutText {#text} at (0,0) size 147x19
              text run at (0,0) width 147: "Should be 3 (and bold)"
        LayoutBlockFlow (anonymous) at (40,40) size 729x0
          LayoutInline {B} at (0,0) size 0x0
          LayoutText {#text} at (0,0) size 0x0
      LayoutBlockFlow {HR} at (0,720) size 769x2 [border: (1px inset #EEEEEE)]
      LayoutBlockFlow (anonymous) at (0,730) size 769x20
        LayoutText {#text} at (0,0) size 330x19
          text run at (0,0) width 330: "8. Test for not inheriting improperly from an another list"
      LayoutBlockFlow {OL} at (0,766) size 769x40
        LayoutBlockFlow {OL} at (40,0) size 729x20
          LayoutListItem {LI} at (40,0) size 689x20
            LayoutListMarker (anonymous) at (-16,0) size 16x19: "2"
            LayoutText {#text} at (0,0) size 73x19
              text run at (0,0) width 73: "Should be 2"
        LayoutListItem {LI} at (40,20) size 729x20
          LayoutListMarker (anonymous) at (-16,0) size 16x19: "5"
          LayoutText {#text} at (0,0) size 73x19
            text run at (0,0) width 73: "Should be 5"
