layer at (0,0) size 800x600
  LayoutView at (0,0) size 800x600
layer at (0,0) size 800x583
  LayoutBlockFlow {HTML} at (0,0) size 800x582.81
    LayoutBlockFlow {BODY} at (8,19.91) size 784x554.91
      LayoutBlockFlow {H2} at (0,0) size 784x27
        LayoutText {#text} at (0,0) size 304x26
          text run at (0,0) width 304: "A regular two level nested list"
      LayoutBlockFlow {P} at (0,46.91) size 784x20
        LayoutText {#text} at (0,0) size 519x19
          text run at (0,0) width 519: "The outer list is numbered using decimal numerals, the inner lists with lower case letters"
      LayoutBlockFlow {DIV} at (24,82.91) size 760x472 [border: (1px solid #000000)]
        LayoutListItem {DIV} at (33,1) size 726x22 [border: (1px solid #000000)]
          LayoutListMarker (anonymous) at (-16,1) size 16x19: "1"
          LayoutText {#text} at (33,1) size 39x19
            text run at (33,1) width 39: "Item 1"
        LayoutListItem {DIV} at (33,23) size 726x152 [border: (1px solid #000000)]
          LayoutBlockFlow (anonymous) at (33,1) size 692x20
            LayoutListMarker (anonymous) at (-49,0) size 16x19: "2"
            LayoutText {#text} at (0,0) size 39x19
              text run at (0,0) width 39: "Item 2"
          LayoutListItem {DIV} at (33,21) size 692x42 [border: (1px solid #000000)]
            LayoutListMarker (anonymous) at (-15,1) size 15x19: "a"
            LayoutText {#text} at (33,1) size 38x19
              text run at (33,1) width 38: "Item a"
            LayoutBR {BR} at (71,1) size 0x19
            LayoutText {#text} at (33,21) size 84x19
              text run at (33,21) width 84: "Item a, Line 2"
          LayoutListItem {DIV} at (33,63) size 692x22 [border: (1px solid #000000)]
            LayoutListMarker (anonymous) at (-16,1) size 16x19: "b"
            LayoutText {#text} at (33,1) size 39x19
              text run at (33,1) width 39: "Item b"
          LayoutListItem {DIV} at (33,85) size 692x22 [border: (1px solid #000000)]
            LayoutListMarker (anonymous) at (-15,1) size 15x19: "c"
            LayoutText {#text} at (33,1) size 38x19
              text run at (33,1) width 38: "Item c"
          LayoutBlockFlow {DIV} at (33,107) size 692x22 [border: (1px solid #000000)]
            LayoutText {#text} at (33,1) size 84x19
              text run at (33,1) width 84: "Not a list item"
          LayoutListItem {DIV} at (33,129) size 692x22 [border: (1px solid #000000)]
            LayoutListMarker (anonymous) at (-16,1) size 16x19: "d"
            LayoutText {#text} at (33,1) size 39x19
              text run at (33,1) width 39: "Item d"
        LayoutListItem {DIV} at (33,175) size 726x22 [border: (1px solid #000000)]
          LayoutListMarker (anonymous) at (-16,1) size 16x19: "3"
          LayoutText {#text} at (33,1) size 39x19
            text run at (33,1) width 39: "Item 3"
        LayoutBlockFlow {DIV} at (33,197) size 726x108 [border: (1px solid #000000)]
          LayoutBlockFlow (anonymous) at (33,1) size 692x20
            LayoutText {#text} at (0,0) size 84x19
              text run at (0,0) width 84: "Not a list item"
          LayoutListItem {DIV} at (33,21) size 692x42 [border: (1px solid #000000)]
            LayoutListMarker (anonymous) at (-15,1) size 15x19: "a"
            LayoutText {#text} at (33,1) size 38x19
              text run at (33,1) width 38: "Item a"
            LayoutBR {BR} at (71,1) size 0x19
            LayoutText {#text} at (33,21) size 84x19
              text run at (33,21) width 84: "Item a, Line 2"
          LayoutBlockFlow {DIV} at (33,63) size 692x22 [border: (1px solid #000000)]
            LayoutText {#text} at (33,1) size 84x19
              text run at (33,1) width 84: "Not a list item"
          LayoutListItem {DIV} at (33,85) size 692x22 [border: (1px solid #000000)]
            LayoutListMarker (anonymous) at (-16,1) size 16x19: "b"
            LayoutText {#text} at (33,1) size 39x19
              text run at (33,1) width 39: "Item b"
        LayoutListItem {DIV} at (33,305) size 726x22 [border: (1px solid #000000)]
          LayoutListMarker (anonymous) at (-16,1) size 16x19: "4"
          LayoutText {#text} at (33,1) size 39x19
            text run at (33,1) width 39: "Item 4"
        LayoutListItem {DIV} at (33,327) size 726x122 [border: (1px solid #000000)]
          LayoutBlockFlow (anonymous) at (33,1) size 692x20
            LayoutListMarker (anonymous) at (-49,0) size 16x19: "5"
            LayoutText {#text} at (0,0) size 39x19
              text run at (0,0) width 39: "Item 5"
          LayoutListItem {TABLE} at (33,21) size 692x50 [border: (1px dashed #000000)]
            LayoutBlockFlow (anonymous) at (1,1) size 690x20
              LayoutListMarker (anonymous) at (-16,0) size 15x19: "a"
            LayoutTable (anonymous) at (1,21) size 181x28
              LayoutTableSection {TBODY} at (0,0) size 181x28
                LayoutTableRow {TR} at (0,2) size 181x24
                  LayoutTableCell {TD} at (2,2) size 88x24 [border: (1px dotted #000000)] [r=0 c=0 rs=1 cs=1]
                    LayoutText {#text} at (2,2) size 84x19
                      text run at (2,2) width 84: "Table Cell A1"
                  LayoutTableCell {TD} at (92,2) size 87x24 [border: (1px dotted #000000)] [r=0 c=1 rs=1 cs=1]
                    LayoutText {#text} at (2,2) size 83x19
                      text run at (2,2) width 83: "Table Cell B1"
          LayoutListItem {TABLE} at (33,71) size 692x50 [border: (1px dashed #000000)]
            LayoutBlockFlow (anonymous) at (1,1) size 690x20
              LayoutListMarker (anonymous) at (-17,0) size 16x19: "b"
            LayoutTable (anonymous) at (1,21) size 205x28
              LayoutTableSection {TBODY} at (0,0) size 205x28
                LayoutTableRow {TR} at (0,2) size 205x24
                  LayoutTableCell {TD} at (2,2) size 100x24 [border: (1px dotted #000000)] [r=0 c=0 rs=1 cs=1]
                    LayoutText {#text} at (2,2) size 96x19
                      text run at (2,2) width 96: "Table 2 Cell A1"
                  LayoutTableCell {TD} at (104,2) size 99x24 [border: (1px dotted #000000)] [r=0 c=1 rs=1 cs=1]
                    LayoutText {#text} at (2,2) size 95x19
                      text run at (2,2) width 95: "Table 2 Cell B1"
        LayoutListItem {DIV} at (33,449) size 726x22 [border: (1px solid #000000)]
          LayoutListMarker (anonymous) at (-16,1) size 16x19: "6"
          LayoutText {#text} at (33,1) size 39x19
            text run at (33,1) width 39: "Item 6"
