layer at (0,0) size 800x600
  LayoutView at (0,0) size 800x600
layer at (0,0) size 800x600
  LayoutBlockFlow {HTML} at (0,0) size 800x600
    LayoutBlockFlow {BODY} at (8,8) size 784x584
      LayoutBlockFlow (anonymous) at (0,0) size 784x40
        LayoutBR {BR} at (0,0) size 0x19
        LayoutBR {BR} at (0,20) size 0x19
      LayoutBlockFlow {DIV} at (0,40) size 784x20
        LayoutText {#text} at (0,0) size 126x19
          text run at (0,0) width 126: "This is a testcase for "
        LayoutInline {A} at (0,0) size 451x19 [color=#0000EE]
          LayoutText {#text} at (126,0) size 451x19
            text run at (126,0) width 451: "REGRESSION: (r13028) Scrolling causes incomplete drawing of ul bullets"
        LayoutText {#text} at (577,0) size 4x19
          text run at (577,0) width 4: "."
layer at (8,-4) size 379x20 backgroundClip at (0,0) size 800x600 clip at (0,0) size 800x600
  LayoutBlockFlow (positioned) {UL} at (8,-4) size 379.41x20
    LayoutListItem {LI} at (40,0) size 339.41x20
      LayoutListMarker (anonymous) at (-18,0) size 7x19: bullet
      LayoutText {#text} at (0,0) size 340x19
        text run at (0,0) width 106: "This is a list item. "
        text run at (106,0) width 234: "You should see a list marker to the left."
