layer at (0,0) size 800x600
  LayoutView at (0,0) size 800x600
layer at (0,0) size 800x304
  LayoutBlockFlow {html} at (0,0) size 800x304
    LayoutBlockFlow {body} at (8,16) size 784x272
      LayoutBlockFlow {div} at (0,0) size 784x272
        LayoutBlockFlow {div} at (0,0) size 784x128
          LayoutBlockFlow {p} at (0,0) size 784x20 [bgcolor=#00FF00]
            LayoutText {#text} at (0,0) size 308x19
              text run at (0,0) width 308: "This paragraph should have a green background."
          LayoutBlockFlow {p} at (0,36) size 784x20 [bgcolor=#00FF00]
            LayoutText {#text} at (0,0) size 308x19
              text run at (0,0) width 308: "This paragraph should have a green background."
          LayoutBlockFlow {p} at (0,72) size 784x20 [bgcolor=#00FF00]
            LayoutText {#text} at (0,0) size 308x19
              text run at (0,0) width 308: "This paragraph should have a green background."
          LayoutBlockFlow {p} at (0,108) size 784x20 [bgcolor=#00FF00]
            LayoutText {#text} at (0,0) size 308x19
              text run at (0,0) width 308: "This paragraph should have a green background."
        LayoutBlockFlow {address} at (0,144) size 784x20 [bgcolor=#00FF00]
          LayoutText {#text} at (0,0) size 293x19
            text run at (0,0) width 293: "This address should have a green background."
        LayoutBlockFlow {s} at (0,180) size 784x20 [bgcolor=#00FF00]
          LayoutText {#text} at (0,0) size 308x19
            text run at (0,0) width 308: "This paragraph should have a green background."
        LayoutBlockFlow {t} at (0,216) size 784x20 [bgcolor=#00FF00]
          LayoutText {#text} at (0,0) size 308x19
            text run at (0,0) width 308: "This paragraph should have a green background."
        LayoutBlockFlow {u} at (0,252) size 784x20 [bgcolor=#00FF00]
          LayoutText {#text} at (0,0) size 308x19
            text run at (0,0) width 308: "This paragraph should have a green background."
