layer at (0,0) size 800x600
  LayoutView at (0,0) size 800x600
layer at (0,0) size 800x144
  LayoutBlockFlow {html} at (0,0) size 800x144
    LayoutBlockFlow {body} at (8,8) size 784x128
      LayoutBlockFlow {div} at (0,0) size 784x128
        LayoutBlockFlow {address} at (16,0) size 768x20
          LayoutText {#text} at (0,0) size 252x19
            text run at (0,0) width 252: "A first address with normal background"
        LayoutBlockFlow {address} at (16,36) size 768x20
          LayoutText {#text} at (0,0) size 272x19
            text run at (0,0) width 272: "A second address with normal background"
        LayoutBlockFlow {address} at (16,72) size 768x20 [bgcolor=#00FF00]
          LayoutText {#text} at (0,0) size 337x19
            text run at (0,0) width 337: "A third address that should have a green background"
        LayoutBlockFlow (anonymous) at (0,108) size 784x20
          LayoutText {#text} at (0,0) size 314x19
            text run at (0,0) width 314: "This div contains 3 addresses above this sentence."
