layer at (0,0) size 800x600
  LayoutView at (0,0) size 800x600
layer at (0,0) size 800x197
  LayoutBlockFlow {HTML} at (0,0) size 800x197
    LayoutBlockFlow {BODY} at (8,16) size 784x173
      LayoutBlockFlow {P} at (0,0) size 784x18
        LayoutText {#text} at (0,0) size 609x18
          text run at (0,0) width 609: "Clear all camera permissions before running this test. If prompted for permission, please allow."
      LayoutBlockFlow {P} at (0,34) size 784x18
        LayoutText {#text} at (0,0) size 192x18
          text run at (0,0) width 192: "After hitting the button below"
      LayoutBlockFlow {UL} at (0,68) size 784x36
        LayoutListItem {LI} at (40,0) size 744x18
          LayoutListMarker (anonymous) at (-17,0) size 7x18: bullet
          LayoutText {#text} at (0,0) size 306x18
            text run at (0,0) width 306: "capture an image and then cancel the capturing;"
        LayoutListItem {LI} at (40,18) size 744x18
          LayoutListMarker (anonymous) at (-17,0) size 7x18: bullet
          LayoutText {#text} at (0,0) size 314x18
            text run at (0,0) width 314: "capture an image and then confirm the capturing."
      LayoutBlockFlow {P} at (0,120) size 784x18
        LayoutText {#text} at (0,0) size 481x18
          text run at (0,0) width 481: "Test passes if there is no captured image saved to the system's data storage."
      LayoutBlockFlow (anonymous) at (0,154) size 784x19
        LayoutFileUploadControl {INPUT} at (0,1) size 236x18 "No file chosen"
          LayoutButton {INPUT} at (0,0) size 76.61x18 [bgcolor=#C0C0C0]
            LayoutBlockFlow (anonymous) at (8,2) size 60.61x13
              LayoutText {#text} at (0,0) size 61x13
                text run at (0,0) width 61: "Choose File"
        LayoutText {#text} at (0,0) size 0x0
