layer at (0,0) size 800x600 scrollWidth 807 scrollHeight 1115
  LayoutView at (0,0) size 800x600
layer at (0,0) size 800x1115 backgroundClip at (0,0) size 800x600 clip at (0,0) size 800x600
  LayoutBlockFlow {HTML} at (0,0) size 800x1115.44
    LayoutBlockFlow {BODY} at (8,8) size 784x1094.11 [bgcolor=#EEEEEE]
      LayoutBlockFlow (anonymous) at (0,0) size 784x22
        LayoutInline {SPAN} at (0,0) size 190x16
          LayoutText {#text} at (0,0) size 0x0
          LayoutInline {SPAN} at (0,0) size 190x16
            LayoutText {#text} at (0,0) size 0x0
            LayoutTable {TABLE} at (0,0) size 190x22
              LayoutTableSection {TBODY} at (0,0) size 190x22
                LayoutTableRow {TR} at (0,0) size 190x22
                  LayoutTableCell {TD} at (0,0) size 114x21 [r=0 c=0 rs=1 cs=1]
                    LayoutText {#text} at (1,1) size 112x18
                      text run at (1,1) width 112: "Record Locator:"
                  LayoutTableCell {TD} at (114,0) size 76x22 [r=0 c=1 rs=1 cs=1]
                    LayoutInline {B} at (0,0) size 74x19
                      LayoutText {#text} at (1,1) size 74x19
                        text run at (1,1) width 74: "WHGNSO"
                    LayoutText {#text} at (0,0) size 0x0
            LayoutText {#text} at (0,0) size 0x0
          LayoutText {#text} at (0,0) size 0x0
      LayoutBlockFlow (anonymous) at (0,28.66) size 784x2
      LayoutBlockFlow (anonymous) at (0,37.31) size 784x37
        LayoutInline {SPAN} at (0,0) size 110x35
          LayoutInline {SPAN} at (0,0) size 110x35
            LayoutText {#text} at (0,0) size 0x0
            LayoutInline {SPAN} at (0,0) size 110x19
              LayoutText {#text} at (0,0) size 0x0
              LayoutBlockFlow {IMG} at (0,1) size 53x20
                LayoutInline {SPAN} at (0,0) size 53x19
                  LayoutInline {SPAN} at (0,0) size 53x19
                    LayoutText {#text} at (0,0) size 53x19
                      text run at (0,0) width 53: "Names"
              LayoutText {#text} at (53,0) size 57x19
                text run at (53,0) width 4: " "
                text run at (57,0) width 53: "Names"
              LayoutBR {BR} at (110,15) size 0x0
            LayoutText {#text} at (0,0) size 0x0
            LayoutInline {SPAN} at (0,0) size 82x16
              LayoutText {#text} at (0,0) size 0x0
              LayoutText {#text} at (0,0) size 0x0
            LayoutText {#text} at (0,0) size 0x0
          LayoutText {#text} at (0,0) size 0x0
      LayoutBlockFlow (anonymous) at (0,80.97) size 784x2
      LayoutBlockFlow (anonymous) at (0,89.63) size 784x52
        LayoutInline {SPAN} at (0,0) size 562x50
          LayoutInline {SPAN} at (0,0) size 562x50
            LayoutText {#text} at (0,0) size 0x0
            LayoutBlockFlow {IMG} at (0,4) size 62x16
              LayoutInline {SPAN} at (0,0) size 62x16
                LayoutInline {SPAN} at (0,0) size 62x16
                  LayoutText {#text} at (0,0) size 62x16
                    text run at (0,0) width 62: "Addresses"
            LayoutText {#text} at (62,2) size 4x16
              text run at (62,2) width 4: " "
            LayoutInline {SPAN} at (0,0) size 82x19
              LayoutText {#text} at (66,0) size 82x19
                text run at (66,0) width 82: "Addresses"
              LayoutBR {BR} at (148,15) size 0x0
            LayoutText {#text} at (0,0) size 0x0
            LayoutText {#text} at (0,0) size 0x0
          LayoutText {#text} at (0,0) size 0x0
      LayoutBlockFlow (anonymous) at (0,148.28) size 784x2
      LayoutBlockFlow (anonymous) at (0,156.94) size 784x21
        LayoutInline {SPAN} at (0,0) size 126x22
          LayoutInline {SPAN} at (0,0) size 126x22
            LayoutText {#text} at (0,0) size 0x0
            LayoutInline {SPAN} at (0,0) size 126x19
              LayoutText {#text} at (0,0) size 0x0
              LayoutBlockFlow {IMG} at (0,1) size 59x20
                LayoutInline {SPAN} at (0,0) size 59x19
                  LayoutInline {SPAN} at (0,0) size 59x19
                    LayoutText {#text} at (0,0) size 59x19
                      text run at (0,0) width 59: "Phones"
              LayoutText {#text} at (59,0) size 67x19
                text run at (59,0) width 4: " "
                text run at (63,0) width 63: "Phones "
              LayoutBR {BR} at (126,15) size 0x0
            LayoutText {#text} at (0,0) size 0x0
      LayoutBlockFlow (anonymous) at (0,239.94) size 784x0
        LayoutInline {SPAN} at (0,0) size 0x0
          LayoutInline {SPAN} at (0,0) size 0x0
            LayoutText {#text} at (0,0) size 0x0
          LayoutText {#text} at (0,0) size 0x0
      LayoutBlockFlow (anonymous) at (0,246.59) size 784x2
      LayoutBlockFlow (anonymous) at (0,255.25) size 784x21
        LayoutInline {SPAN} at (0,0) size 128x16
          LayoutInline {SPAN} at (0,0) size 128x16
            LayoutText {#text} at (0,0) size 0x0
            LayoutInline {SPAN} at (0,0) size 128x19
              LayoutText {#text} at (0,0) size 0x0
              LayoutBlockFlow {IMG} at (0,1) size 62x20
                LayoutInline {SPAN} at (0,0) size 62x19
                  LayoutInline {SPAN} at (0,0) size 62x19
                    LayoutText {#text} at (0,0) size 62x19
                      text run at (0,0) width 62: "Itinerary"
              LayoutText {#text} at (62,0) size 66x19
                text run at (62,0) width 4: " "
                text run at (66,0) width 62: "Itinerary"
            LayoutText {#text} at (0,0) size 0x0
            LayoutInline {SPAN} at (0,0) size 0x0
              LayoutText {#text} at (0,0) size 0x0
              LayoutInline {SPAN} at (0,0) size 0x0
                LayoutText {#text} at (0,0) size 0x0
      LayoutBlockFlow (anonymous) at (0,276.25) size 784x63
        LayoutTable {TABLE} at (0,0) size 567x63
          LayoutTableSection {TBODY} at (0,0) size 567x63
            LayoutTableRow {TR} at (0,2) size 567x59
              LayoutTableCell {TD} at (2,30) size 2x2 [r=0 c=0 rs=1 cs=1]
              LayoutTableCell {TD} at (6,2) size 2x2 [r=0 c=1 rs=1 cs=1]
              LayoutTableCell {TD} at (10,21) size 143x21 [r=0 c=2 rs=1 cs=1]
                LayoutBlockFlow {IMG} at (1,1) size 140.23x19
                  LayoutInline {SPAN} at (0,0) size 141x18
                    LayoutInline {SPAN} at (0,0) size 141x18
                      LayoutText {#text} at (0,0) size 141x18
                        text run at (0,0) width 141: "TUR - Tour Package"
                LayoutText {#text} at (0,0) size 0x0
              LayoutTableCell {TD} at (155,2) size 410x59 [r=0 c=3 rs=1 cs=1]
                LayoutText {#text} at (1,1) size 141x18
                  text run at (1,1) width 141: "TUR - Tour Package"
                LayoutBR {BR} at (141,16) size 1x0
                LayoutText {#text} at (1,20) size 221x18
                  text run at (1,20) width 221: "Date: Sunday, January 12, 2003"
                LayoutBR {BR} at (221,35) size 1x0
                LayoutText {#text} at (1,39) size 408x18
                  text run at (1,39) width 408: "Comments: -** TICKETLESS CONF CODE IS WHGNSO**"
      LayoutBlockFlow (anonymous) at (0,339.25) size 784x0
        LayoutInline {SPAN} at (0,0) size 0x0
          LayoutInline {SPAN} at (0,0) size 0x0
            LayoutInline {SPAN} at (0,0) size 0x0
              LayoutInline {SPAN} at (0,0) size 0x0
              LayoutText {#text} at (0,0) size 0x0
      LayoutBlockFlow (anonymous) at (0,345.91) size 784x2
      LayoutBlockFlow (anonymous) at (0,354.56) size 784x0
        LayoutInline {SPAN} at (0,0) size 0x0
          LayoutInline {SPAN} at (0,0) size 0x0
            LayoutInline {SPAN} at (0,0) size 0x0
              LayoutInline {SPAN} at (0,0) size 0x0
                LayoutText {#text} at (0,0) size 0x0
      LayoutBlockFlow (anonymous) at (0,354.56) size 784x206
        LayoutTable {TABLE} at (0,0) size 699x206
          LayoutTableSection {TBODY} at (0,0) size 699x206
            LayoutTableRow {TR} at (0,2) size 699x202
              LayoutTableCell {TD} at (2,102) size 2x2 [r=0 c=0 rs=1 cs=1]
              LayoutTableCell {TD} at (6,2) size 2x2 [r=0 c=1 rs=1 cs=1]
              LayoutTableCell {TD} at (10,92) size 89x21 [r=0 c=2 rs=1 cs=1]
                LayoutBlockFlow {IMG} at (1,1) size 87x19
                  LayoutInline {SPAN} at (0,0) size 87x18
                    LayoutInline {SPAN} at (0,0) size 87x18
                      LayoutText {#text} at (0,0) size 87x18
                        text run at (0,0) width 87: "Air Segment"
                LayoutText {#text} at (0,0) size 0x0
              LayoutTableCell {TD} at (101,2) size 596x202 [r=0 c=3 rs=1 cs=1]
                LayoutBlockFlow (anonymous) at (1,1) size 594x133
                  LayoutText {#text} at (0,0) size 24x18
                    text run at (0,0) width 24: "Air "
                  LayoutBR {BR} at (0,0) size 0x0
                  LayoutText {#text} at (0,19) size 473x18
                    text run at (0,19) width 49: "United "
                    text run at (49,19) width 81: "Flight 1187 "
                    text run at (129,19) width 123: "Booking Code:M "
                    text run at (251,19) width 222: "Date: Sunday, January 12, 2003"
                  LayoutBR {BR} at (472,34) size 1x0
                  LayoutText {#text} at (0,38) size 380x18
                    text run at (0,38) width 380: "From: San Francisco Intl Arpt, San Francisco CA - U.S."
                  LayoutBR {BR} at (380,53) size 0x0
                  LayoutText {#text} at (0,57) size 394x18
                    text run at (0,57) width 25: "To: "
                    text run at (24,57) width 370: "Burbank Glendale Pasadena Arpt, Burbank CA - U.S."
                  LayoutBR {BR} at (393,72) size 1x0
                  LayoutText {#text} at (0,76) size 243x18
                    text run at (0,76) width 127: "Departs: 6:05 PM "
                    text run at (127,76) width 116: "Arrives: 7:10 PM"
                  LayoutBR {BR} at (243,91) size 0x0
                  LayoutText {#text} at (0,95) size 48x18
                    text run at (0,95) width 48: "Status:"
                  LayoutInline {SPACE} at (0,0) size 125x37
                    LayoutText {#text} at (48,95) size 73x18
                      text run at (48,95) width 73: " confirmed"
                    LayoutInline {SPACE} at (0,0) size 125x37
                      LayoutText {#text} at (121,95) size 4x18
                        text run at (121,95) width 4: " "
                      LayoutBR {BR} at (0,0) size 0x0
                      LayoutText {#text} at (0,114) size 45x18
                        text run at (0,114) width 45: "Seats:"
                      LayoutBR {BR} at (45,129) size 0x0
                LayoutBlockFlow (anonymous) at (1,134) size 594x48
                  LayoutTable {TABLE} at (0,0) size 594x48 [border: (1px outset #808080)]
                    LayoutTableSection {TBODY} at (1,1) size 592x46
                      LayoutTableRow {TR} at (0,0) size 592x23 [bgcolor=#E0E0E0]
                        LayoutTableCell {TD} at (0,0) size 95x23 [border: (1px inset #808080)] [r=0 c=0 rs=1 cs=1]
                          LayoutText {#text} at (2,2) size 42x18
                            text run at (2,2) width 42: "Name"
                        LayoutTableCell {TD} at (95,0) size 37x23 [border: (1px inset #808080)] [r=0 c=1 rs=1 cs=1]
                          LayoutText {#text} at (2,2) size 33x18
                            text run at (2,2) width 33: "Seat"
                        LayoutTableCell {TD} at (132,0) size 77x23 [border: (1px inset #808080)] [r=0 c=2 rs=1 cs=1]
                          LayoutText {#text} at (2,2) size 44x18
                            text run at (2,2) width 44: "Status"
                        LayoutTableCell {TD} at (209,0) size 311x23 [border: (1px inset #808080)] [r=0 c=3 rs=1 cs=1]
                          LayoutText {#text} at (2,2) size 34x18
                            text run at (2,2) width 34: "Type"
                        LayoutTableCell {TD} at (520,0) size 72x23 [border: (1px inset #808080)] [r=0 c=4 rs=1 cs=1]
                          LayoutText {#text} at (2,2) size 68x18
                            text run at (2,2) width 68: "Comment"
                      LayoutTableRow {TR} at (0,23) size 592x23
                        LayoutTableCell {TD} at (0,23) size 95x23 [border: (1px inset #808080)] [r=1 c=0 rs=1 cs=1]
                          LayoutText {#text} at (2,2) size 91x18
                            text run at (2,2) width 91: "HAO,SCOTT"
                        LayoutTableCell {TD} at (95,23) size 37x23 [border: (1px inset #808080)] [r=1 c=1 rs=1 cs=1]
                          LayoutText {#text} at (2,2) size 29x18
                            text run at (2,2) width 29: "08A"
                        LayoutTableCell {TD} at (132,23) size 77x23 [border: (1px inset #808080)] [r=1 c=2 rs=1 cs=1]
                          LayoutText {#text} at (2,2) size 73x18
                            text run at (2,2) width 73: "confirmed "
                        LayoutTableCell {TD} at (209,23) size 311x23 [border: (1px inset #808080)] [r=1 c=3 rs=1 cs=1]
                          LayoutText {#text} at (2,2) size 307x18
                            text run at (2,2) width 307: "Non-Smoking, Window Seat, Preferred Seat"
                        LayoutTableCell {TD} at (520,23) size 72x23 [border: (1px inset #808080)] [r=1 c=4 rs=1 cs=1]
                          LayoutText {#text} at (2,2) size 4x18
                            text run at (2,2) width 4: " "
                LayoutBlockFlow (anonymous) at (1,182) size 594x19
                  LayoutInline {SPACE} at (0,0) size 0x18
                    LayoutInline {SPACE} at (0,0) size 0x18
                      LayoutBR {BR} at (0,0) size 0x18
      LayoutBlockFlow (anonymous) at (0,560.56) size 784x0
        LayoutInline {SPAN} at (0,0) size 0x0
          LayoutInline {SPAN} at (0,0) size 0x0
            LayoutInline {SPAN} at (0,0) size 0x0
              LayoutInline {SPAN} at (0,0) size 0x0
              LayoutText {#text} at (0,0) size 0x0
      LayoutBlockFlow (anonymous) at (0,567.22) size 784x2
      LayoutBlockFlow (anonymous) at (0,575.88) size 784x0
        LayoutInline {SPAN} at (0,0) size 0x0
          LayoutInline {SPAN} at (0,0) size 0x0
            LayoutInline {SPAN} at (0,0) size 0x0
              LayoutInline {SPAN} at (0,0) size 0x0
                LayoutText {#text} at (0,0) size 0x0
      LayoutBlockFlow (anonymous) at (0,575.88) size 784x206
        LayoutTable {TABLE} at (0,0) size 588x206
          LayoutTableSection {TBODY} at (0,0) size 588x206
            LayoutTableRow {TR} at (0,2) size 588x202
              LayoutTableCell {TD} at (2,102) size 2x2 [r=0 c=0 rs=1 cs=1]
              LayoutTableCell {TD} at (6,2) size 2x2 [r=0 c=1 rs=1 cs=1]
              LayoutTableCell {TD} at (10,92) size 89x21 [r=0 c=2 rs=1 cs=1]
                LayoutBlockFlow {IMG} at (1,1) size 87x19
                  LayoutInline {SPAN} at (0,0) size 87x18
                    LayoutInline {SPAN} at (0,0) size 87x18
                      LayoutText {#text} at (0,0) size 87x18
                        text run at (0,0) width 87: "Air Segment"
                LayoutText {#text} at (0,0) size 0x0
              LayoutTableCell {TD} at (101,2) size 485x202 [r=0 c=3 rs=1 cs=1]
                LayoutBlockFlow (anonymous) at (1,1) size 483x133
                  LayoutText {#text} at (0,0) size 24x18
                    text run at (0,0) width 24: "Air "
                  LayoutBR {BR} at (0,0) size 0x0
                  LayoutText {#text} at (0,19) size 456x18
                    text run at (0,19) width 49: "United "
                    text run at (49,19) width 73: "Flight 480 "
                    text run at (122,19) width 121: "Booking Code:Q "
                    text run at (243,19) width 213: "Date: Friday, January 24, 2003"
                  LayoutBR {BR} at (455,34) size 1x0
                  LayoutText {#text} at (0,38) size 414x18
                    text run at (0,38) width 414: "From: Burbank Glendale Pasadena Arpt, Burbank CA - U.S."
                  LayoutBR {BR} at (414,53) size 0x0
                  LayoutText {#text} at (0,57) size 360x18
                    text run at (0,57) width 25: "To: "
                    text run at (24,57) width 336: "San Francisco Intl Arpt, San Francisco CA - U.S."
                  LayoutBR {BR} at (359,72) size 1x0
                  LayoutText {#text} at (0,76) size 243x18
                    text run at (0,76) width 127: "Departs: 1:40 PM "
                    text run at (127,76) width 116: "Arrives: 2:50 PM"
                  LayoutBR {BR} at (243,91) size 0x0
                  LayoutText {#text} at (0,95) size 48x18
                    text run at (0,95) width 48: "Status:"
                  LayoutInline {SPACE} at (0,0) size 125x37
                    LayoutText {#text} at (48,95) size 73x18
                      text run at (48,95) width 73: " confirmed"
                    LayoutInline {SPACE} at (0,0) size 125x37
                      LayoutText {#text} at (121,95) size 4x18
                        text run at (121,95) width 4: " "
                      LayoutBR {BR} at (0,0) size 0x0
                      LayoutText {#text} at (0,114) size 45x18
                        text run at (0,114) width 45: "Seats:"
                      LayoutBR {BR} at (45,129) size 0x0
                LayoutBlockFlow (anonymous) at (1,134) size 483x48
                  LayoutTable {TABLE} at (0,0) size 483x48 [border: (1px outset #808080)]
                    LayoutTableSection {TBODY} at (1,1) size 481x46
                      LayoutTableRow {TR} at (0,0) size 481x23 [bgcolor=#E0E0E0]
                        LayoutTableCell {TD} at (0,0) size 95x23 [border: (1px inset #808080)] [r=0 c=0 rs=1 cs=1]
                          LayoutText {#text} at (2,2) size 42x18
                            text run at (2,2) width 42: "Name"
                        LayoutTableCell {TD} at (95,0) size 37x23 [border: (1px inset #808080)] [r=0 c=1 rs=1 cs=1]
                          LayoutText {#text} at (2,2) size 33x18
                            text run at (2,2) width 33: "Seat"
                        LayoutTableCell {TD} at (132,0) size 77x23 [border: (1px inset #808080)] [r=0 c=2 rs=1 cs=1]
                          LayoutText {#text} at (2,2) size 44x18
                            text run at (2,2) width 44: "Status"
                        LayoutTableCell {TD} at (209,0) size 200x23 [border: (1px inset #808080)] [r=0 c=3 rs=1 cs=1]
                          LayoutText {#text} at (2,2) size 34x18
                            text run at (2,2) width 34: "Type"
                        LayoutTableCell {TD} at (409,0) size 72x23 [border: (1px inset #808080)] [r=0 c=4 rs=1 cs=1]
                          LayoutText {#text} at (2,2) size 68x18
                            text run at (2,2) width 68: "Comment"
                      LayoutTableRow {TR} at (0,23) size 481x23
                        LayoutTableCell {TD} at (0,23) size 95x23 [border: (1px inset #808080)] [r=1 c=0 rs=1 cs=1]
                          LayoutText {#text} at (2,2) size 91x18
                            text run at (2,2) width 91: "HAO,SCOTT"
                        LayoutTableCell {TD} at (95,23) size 37x23 [border: (1px inset #808080)] [r=1 c=1 rs=1 cs=1]
                          LayoutText {#text} at (2,2) size 28x18
                            text run at (2,2) width 28: "13F"
                        LayoutTableCell {TD} at (132,23) size 77x23 [border: (1px inset #808080)] [r=1 c=2 rs=1 cs=1]
                          LayoutText {#text} at (2,2) size 73x18
                            text run at (2,2) width 73: "confirmed "
                        LayoutTableCell {TD} at (209,23) size 200x23 [border: (1px inset #808080)] [r=1 c=3 rs=1 cs=1]
                          LayoutText {#text} at (2,2) size 196x18
                            text run at (2,2) width 196: "Non-Smoking, Window Seat"
                        LayoutTableCell {TD} at (409,23) size 72x23 [border: (1px inset #808080)] [r=1 c=4 rs=1 cs=1]
                          LayoutText {#text} at (2,2) size 4x18
                            text run at (2,2) width 4: " "
                LayoutBlockFlow (anonymous) at (1,182) size 483x19
                  LayoutInline {SPACE} at (0,0) size 0x18
                    LayoutInline {SPACE} at (0,0) size 0x18
                      LayoutBR {BR} at (0,0) size 0x18
      LayoutBlockFlow (anonymous) at (0,781.88) size 784x0
        LayoutInline {SPAN} at (0,0) size 0x0
          LayoutInline {SPAN} at (0,0) size 0x0
            LayoutInline {SPAN} at (0,0) size 0x0
              LayoutInline {SPAN} at (0,0) size 0x0
              LayoutText {#text} at (0,0) size 0x0
      LayoutBlockFlow (anonymous) at (0,788.53) size 784x2
      LayoutBlockFlow (anonymous) at (0,797.19) size 784x0
        LayoutInline {SPAN} at (0,0) size 0x0
          LayoutInline {SPAN} at (0,0) size 0x0
            LayoutInline {SPAN} at (0,0) size 0x0
              LayoutInline {SPAN} at (0,0) size 0x0
                LayoutText {#text} at (0,0) size 0x0
      LayoutBlockFlow (anonymous) at (0,797.19) size 784x120
        LayoutTable {TABLE} at (0,0) size 599x120
          LayoutTableSection {TBODY} at (0,0) size 599x120
            LayoutTableRow {TR} at (0,2) size 599x116
              LayoutTableCell {TD} at (2,59) size 2x2 [r=0 c=0 rs=1 cs=1]
              LayoutTableCell {TD} at (6,2) size 2x2 [r=0 c=1 rs=1 cs=1]
              LayoutTableCell {TD} at (10,49) size 89x21 [r=0 c=2 rs=1 cs=1]
                LayoutBlockFlow {IMG} at (1,1) size 87x19
                  LayoutInline {SPAN} at (0,0) size 87x18
                    LayoutInline {SPAN} at (0,0) size 87x18
                      LayoutText {#text} at (0,0) size 87x18
                        text run at (0,0) width 87: "Air Segment"
                LayoutText {#text} at (0,0) size 0x0
              LayoutTableCell {TD} at (101,2) size 496x116 [r=0 c=3 rs=1 cs=1]
                LayoutText {#text} at (1,1) size 24x18
                  text run at (1,1) width 24: "Air "
                LayoutBR {BR} at (0,0) size 0x0
                LayoutText {#text} at (1,20) size 494x18
                  text run at (1,20) width 86: "UNKNOWN "
                  text run at (87,20) width 73: "Flight 123 "
                  text run at (160,20) width 118: "Booking Code:Y "
                  text run at (278,20) width 217: "Date: Tuesday, March 25, 2003"
                LayoutBR {BR} at (494,35) size 1x0
                LayoutText {#text} at (1,39) size 380x18
                  text run at (1,39) width 380: "From: San Francisco Intl Arpt, San Francisco CA - U.S."
                LayoutBR {BR} at (381,54) size 0x0
                LayoutText {#text} at (1,58) size 360x18
                  text run at (1,58) width 25: "To: "
                  text run at (25,58) width 336: "San Francisco Intl Arpt, San Francisco CA - U.S."
                LayoutBR {BR} at (360,73) size 1x0
                LayoutText {#text} at (1,77) size 167x18
                  text run at (1,77) width 89: "Departs: n/a "
                  text run at (90,77) width 78: "Arrives: n/a"
                LayoutBR {BR} at (168,92) size 0x0
                LayoutText {#text} at (1,96) size 48x18
                  text run at (1,96) width 48: "Status:"
                LayoutInline {SPACE} at (0,0) size 192x18
                  LayoutText {#text} at (49,96) size 188x18
                    text run at (49,96) width 188: " requested, await response"
                  LayoutInline {SPACE} at (0,0) size 4x18
                    LayoutText {#text} at (237,96) size 4x18
                      text run at (237,96) width 4: " "
                    LayoutBR {BR} at (241,111) size 0x0
      LayoutBlockFlow (anonymous) at (0,917.19) size 784x0
        LayoutInline {SPAN} at (0,0) size 0x0
          LayoutInline {SPAN} at (0,0) size 0x0
            LayoutInline {SPAN} at (0,0) size 0x0
              LayoutInline {SPAN} at (0,0) size 0x0
              LayoutText {#text} at (0,0) size 0x0
      LayoutBlockFlow (anonymous) at (0,923.84) size 784x2
      LayoutBlockFlow (anonymous) at (0,932.50) size 784x52
        LayoutInline {SPAN} at (0,0) size 195x50
          LayoutInline {SPAN} at (0,0) size 0x0
            LayoutInline {SPAN} at (0,0) size 0x0
            LayoutText {#text} at (0,0) size 0x0
          LayoutText {#text} at (0,0) size 0x0
          LayoutInline {SPAN} at (0,0) size 78x19
            LayoutText {#text} at (0,0) size 0x0
            LayoutBlockFlow {IMG} at (0,11) size 0x0
              LayoutInline {SPAN} at (0,0) size 0x0
                LayoutInline {SPAN} at (0,0) size 0x0
            LayoutText {#text} at (0,0) size 78x19
              text run at (0,0) width 4: " "
              text run at (4,0) width 74: "Remarks:"
            LayoutBR {BR} at (78,15) size 0x0
          LayoutText {#text} at (0,0) size 0x0
          LayoutBR {BR} at (0,20) size 0x16
          LayoutInline {SPAN} at (0,0) size 195x16
            LayoutText {#text} at (0,36) size 195x16
              text run at (0,36) width 125: "SERVICE FEE MCO "
              text run at (124,36) width 71: "8103220490"
            LayoutBR {BR} at (194,49) size 1x0
          LayoutText {#text} at (0,0) size 0x0
      LayoutBlockFlow (anonymous) at (0,991.16) size 784x2
      LayoutBlockFlow (anonymous) at (0,999.81) size 784x21
        LayoutInline {SPAN} at (0,0) size 182x16
          LayoutInline {SPAN} at (0,0) size 182x19
            LayoutText {#text} at (0,0) size 0x0
            LayoutBlockFlow {IMG} at (0,1) size 62x20
              LayoutInline {SPAN} at (0,0) size 62x19
                LayoutInline {SPAN} at (0,0) size 62x19
                  LayoutText {#text} at (0,0) size 62x19
                    text run at (0,0) width 62: "Itinerary"
            LayoutText {#text} at (62,0) size 4x19
              text run at (62,0) width 4: " "
            LayoutInline {B} at (0,0) size 112x19
              LayoutText {#text} at (66,0) size 112x19
                text run at (66,0) width 112: "Web Bookings"
            LayoutText {#text} at (177,0) size 5x19
              text run at (177,0) width 5: " "
            LayoutInline {SPAN} at (0,0) size 1x19
              LayoutBR {BR} at (181,15) size 1x0
              LayoutInline {SPAN} at (0,0) size 0x0
            LayoutText {#text} at (0,0) size 0x0
          LayoutText {#text} at (0,0) size 0x0
      LayoutBlockFlow (anonymous) at (0,1027.47) size 784x2
      LayoutBlockFlow (anonymous) at (0,1036.13) size 784x20
        LayoutInline {SPAN} at (0,0) size 257x16
          LayoutInline {SPAN} at (0,0) size 257x16
            LayoutText {#text} at (0,0) size 0x0
            LayoutInline {SPAN} at (0,0) size 257x19
              LayoutText {#text} at (0,0) size 0x0
              LayoutBlockFlow {IMG} at (0,11) size 0x0
                LayoutInline {SPAN} at (0,0) size 0x0
                  LayoutInline {SPAN} at (0,0) size 0x0
              LayoutText {#text} at (0,0) size 257x19
                text run at (0,0) width 4: " "
                text run at (4,0) width 253: "Remarks and Service Information"
              LayoutBR {BR} at (257,15) size 0x0
            LayoutText {#text} at (0,0) size 0x0
            LayoutText {#text} at (0,0) size 0x0
      LayoutBlockFlow (anonymous) at (0,1062.78) size 784x31.33
        LayoutBlockFlow {P} at (0,15.33) size 784x16
          LayoutText {#text} at (0,0) size 203x16
            text run at (0,0) width 203: "This itinerary is subject to change. "
          LayoutInline {A} at (0,0) size 162x16 [color=#0000EE]
            LayoutText {#text} at (203,0) size 162x16
              text run at (203,0) width 162: "Click here for latest updates"
          LayoutText {#text} at (0,0) size 0x0
      LayoutBlockFlow (anonymous) at (0,1107.44) size 784x0
        LayoutInline {SPAN} at (0,0) size 0x0
          LayoutInline {SPAN} at (0,0) size 0x0
          LayoutText {#text} at (0,0) size 0x0
layer at (8,37) size 784x2 clip at (0,0) size 0x0
  LayoutBlockFlow {HR} at (0,0) size 784x2 [border: (1px inset #EEEEEE)]
layer at (8,89) size 784x2 clip at (0,0) size 0x0
  LayoutBlockFlow {HR} at (0,0) size 784x2 [border: (1px inset #EEEEEE)]
layer at (8,156) size 784x2 clip at (0,0) size 0x0
  LayoutBlockFlow {HR} at (0,0) size 784x2 [border: (1px inset #EEEEEE)]
layer at (8,255) size 784x2 clip at (0,0) size 0x0
  LayoutBlockFlow {HR} at (0,0) size 784x2 [border: (1px inset #EEEEEE)]
layer at (8,354) size 784x2 clip at (0,0) size 0x0
  LayoutBlockFlow {HR} at (0,0) size 784x2 [border: (1px inset #EEEEEE)]
layer at (8,575) size 784x2 clip at (0,0) size 0x0
  LayoutBlockFlow {HR} at (0,0) size 784x2 [border: (1px inset #EEEEEE)]
layer at (8,797) size 784x2 backgroundClip at (0,0) size 0x0 clip at (0,0) size 0x0
  LayoutBlockFlow {HR} at (0,0) size 784x2 [border: (1px inset #EEEEEE)]
layer at (8,932) size 784x2 backgroundClip at (0,0) size 0x0 clip at (0,0) size 0x0
  LayoutBlockFlow {HR} at (0,0) size 784x2 [border: (1px inset #EEEEEE)]
layer at (8,999) size 784x2 backgroundClip at (0,0) size 0x0 clip at (0,0) size 0x0
  LayoutBlockFlow {HR} at (0,0) size 784x2 [border: (1px inset #EEEEEE)]
layer at (8,1035) size 784x2 backgroundClip at (0,0) size 0x0 clip at (0,0) size 0x0
  LayoutBlockFlow {HR} at (0,0) size 784x2 [border: (1px inset #EEEEEE)]
layer at (8,1071) size 784x2 backgroundClip at (0,0) size 0x0 clip at (0,0) size 0x0
  LayoutBlockFlow {HR} at (0,0) size 784x2 [border: (1px inset #EEEEEE)]
layer at (23,45) size 82x16
  LayoutInline (relative positioned) {SPAN} at (0,0) size 82x16
    LayoutText {#text} at (0,0) size 0x0
    LayoutInline {SPAN} at (0,0) size 82x16
      LayoutText {#text} at (0,0) size 0x0
      LayoutBlockFlow {IMG} at (0,34) size 0x0
        LayoutInline {SPAN} at (0,0) size 0x0
          LayoutInline {SPAN} at (0,0) size 0x0
      LayoutText {#text} at (0,21) size 4x16
        text run at (0,21) width 4: " "
      LayoutInline {SPAN} at (0,0) size 78x16
        LayoutText {#text} at (4,21) size 78x16
          text run at (4,21) width 78: "HAO, SCOTT"
        LayoutBR {BR} at (82,34) size 0x0
        LayoutText {#text} at (0,0) size 0x0
      LayoutText {#text} at (0,0) size 0x0
    LayoutText {#text} at (0,0) size 0x0
layer at (48,45) size 0x0
  LayoutInline (relative positioned) {SPAN} at (0,0) size 0x0
    LayoutText {#text} at (0,0) size 0x0
layer at (23,98) size 562x32
  LayoutInline (relative positioned) {SPAN} at (0,0) size 562x32
    LayoutText {#text} at (0,0) size 0x0
    LayoutBlockFlow {IMG} at (0,33) size 0x0
      LayoutInline {SPAN} at (0,0) size 0x0
        LayoutInline {SPAN} at (0,0) size 0x0
    LayoutText {#text} at (0,20) size 562x16
      text run at (0,20) width 4: " "
      text run at (4,20) width 56: "Address: "
      text run at (60,20) width 502: "ST. JUDE MEDICAL, 21700 OXNARD ST SUITE 800, WOODLAND HILLS CA Z/91367 "
    LayoutBR {BR} at (561,33) size 1x0
    LayoutBlockFlow {IMG} at (0,49) size 0x0
      LayoutInline {SPAN} at (0,0) size 0x0
        LayoutInline {SPAN} at (0,0) size 0x0
    LayoutText {#text} at (0,36) size 399x16
      text run at (0,36) width 4: " "
      text run at (4,36) width 46: "Deliver: "
      text run at (50,36) width 101: "DEBI STANGEL, "
      text run at (151,36) width 114: "119 GLEN COURT, "
      text run at (264,36) width 135: "DANVILLE CA Z/94526"
layer at (23,165) size 0x16
  LayoutInline (relative positioned) {SPAN} at (0,0) size 0x16
    LayoutText {#text} at (0,0) size 0x0
    LayoutBlockFlow {IMG} at (0,21) size 0x0
      LayoutInline {SPAN} at (0,0) size 0x0
        LayoutInline {SPAN} at (0,0) size 0x0
    LayoutText {#text} at (0,0) size 0x0
layer at (23,186) size 784x62 backgroundClip at (0,0) size 800x600 clip at (0,0) size 800x600
  LayoutBlockFlow (anonymous) (relative positioned) at (0,177.94) size 784x62
layer at (43,171) size 519x62
  LayoutTable (relative positioned) {TABLE} at (0,0) size 519x62 [border: (1px outset #808080)]
    LayoutTableSection {TBODY} at (1,1) size 517x60
      LayoutTableRow {TR} at (0,2) size 517x23 [bgcolor=#E0E0E0]
        LayoutTableCell {TD} at (2,2) size 91x23 [border: (1px inset #808080)] [r=0 c=0 rs=1 cs=1]
          LayoutText {#text} at (2,2) size 34x18
            text run at (2,2) width 34: "Type"
        LayoutTableCell {TD} at (95,2) size 45x23 [border: (1px inset #808080)] [r=0 c=1 rs=1 cs=1]
          LayoutText {#text} at (2,2) size 27x18
            text run at (2,2) width 27: "City"
        LayoutTableCell {TD} at (142,2) size 373x23 [border: (1px inset #808080)] [r=0 c=2 rs=1 cs=1]
          LayoutText {#text} at (2,2) size 45x18
            text run at (2,2) width 45: "Phone"
      LayoutTableRow {TR} at (0,27) size 517x0
      LayoutTableRow {TR} at (0,29) size 517x23
        LayoutTableCell {TD} at (2,29) size 91x23 [border: (1px inset #808080)] [r=2 c=0 rs=1 cs=1]
          LayoutText {#text} at (2,2) size 87x18
            text run at (2,2) width 87: "Travel Agent"
        LayoutTableCell {TD} at (95,29) size 45x23 [border: (1px inset #808080)] [r=2 c=1 rs=1 cs=1]
          LayoutText {#text} at (2,2) size 41x18
            text run at (2,2) width 41: "(LAX)"
        LayoutTableCell {TD} at (142,29) size 373x23 [border: (1px inset #808080)] [r=2 c=2 rs=1 cs=1]
          LayoutText {#text} at (2,2) size 369x18
            text run at (2,2) width 369: "RQ0/818 990-4053-PLAZA TRAVEL - 05838276-RC"
      LayoutTableRow {TR} at (0,54) size 517x0
      LayoutTableRow {TR} at (0,56) size 517x0
      LayoutTableRow {TR} at (0,58) size 517x0
layer at (23,248) size 0x0
  LayoutInline (relative positioned) {SPAN} at (0,0) size 0x0
layer at (33,1044) size 0x0
  LayoutInline (relative positioned) {SPAN} at (0,0) size 0x0
    LayoutText {#text} at (0,0) size 0x0
    LayoutInline {SPAN} at (0,0) size 0x0
      LayoutText {#text} at (0,0) size 0x0
    LayoutText {#text} at (0,0) size 0x0
