layer at (0,0) size 800x600
  LayoutView at (0,0) size 800x600
layer at (0,0) size 800x600
  LayoutBlockFlow {HTML} at (0,0) size 800x600
    LayoutBlockFlow {BODY} at (8,8) size 784x584
      LayoutBlockFlow {P} at (0,0) size 784x20
        LayoutText {#text} at (0,0) size 725x19
          text run at (0,0) width 295: "This tests the use of xmacroman as content type. "
          text run at (295,0) width 430: "You should not see any \"garbage\" characters if xmacroman is supported"
      LayoutBlockFlow (anonymous) at (0,36) size 784x60
        LayoutText {#text} at (0,0) size 80x19
          text run at (0,0) width 80: "apostrophe: \x{2019}"
        LayoutBR {BR} at (80,15) size 0x0
        LayoutText {#text} at (0,20) size 62x19
          text run at (0,20) width 62: "ellipsis: \x{2026}"
        LayoutBR {BR} at (62,35) size 0x0
        LayoutText {#text} at (0,40) size 75x19
          text run at (0,40) width 75: "em-dash: \x{2014}"
