layer at (0,0) size 800x600
  LayoutView at (0,0) size 800x600
layer at (0,0) size 800x600
  LayoutBlockFlow {HTML} at (0,0) size 800x600
    LayoutBlockFlow {BODY} at (8,8) size 784x584
      LayoutTable {TABLE} at (0,0) size 784x112 [border: (1px outset #808080)]
        LayoutTableSection {TBODY} at (1,1) size 782x110
          LayoutTableRow {TR} at (0,2) size 782x106
            LayoutTableCell {TD} at (2,2) size 71x106 [border: (1px inset #808080)] [r=0 c=0 rs=1 cs=1]
              LayoutText {#text} at (2,2) size 67x59
                text run at (2,2) width 57: "check for"
                text run at (2,22) width 65: "handling of"
                text run at (2,42) width 67: "whitespace"
              LayoutImage {IMG} at (2,62) size 20x16.66
              LayoutText {#text} at (22,64) size 66x39
                text run at (22,64) width 46: " around"
                text run at (2,84) width 57: "the image"
            LayoutTableCell {TD} at (75,43) size 705x24 [border: (1px inset #808080)] [r=0 c=1 rs=1 cs=1]
              LayoutText {#text} at (2,2) size 11x19
                text run at (2,2) width 11: "X"
      LayoutBlockFlow {HR} at (0,120) size 77x2 [border: (1px inset #EEEEEE)]
      LayoutTable {TABLE} at (0,130) size 784x167 [border: (1px outset #808080)]
        LayoutTableSection {TBODY} at (1,1) size 782x165
          LayoutTableRow {TR} at (0,2) size 782x161
            LayoutTableCell {TD} at (2,2) size 24x161 [border: (1px inset #808080)] [r=0 c=0 rs=1 cs=1]
              LayoutText {#text} at (2,2) size 16x79
                text run at (2,2) width 14: "aa"
                text run at (2,22) width 16: "bb"
                text run at (2,42) width 14: "cc"
                text run at (2,62) width 16: "dd"
              LayoutImage {IMG} at (2,82) size 20x16.66
              LayoutText {#text} at (2,99) size 14x59
                text run at (2,99) width 14: "ee"
                text run at (2,119) width 8: "ff"
                text run at (2,139) width 14: "gg"
            LayoutTableCell {TD} at (28,70) size 752x24 [border: (1px inset #808080)] [r=0 c=1 rs=1 cs=1]
              LayoutText {#text} at (2,2) size 11x19
                text run at (2,2) width 11: "X"
      LayoutBlockFlow {HR} at (0,305) size 77x2 [border: (1px inset #EEEEEE)]
      LayoutTable {TABLE} at (0,315) size 784x52 [border: (1px outset #808080)]
        LayoutTableSection {TBODY} at (1,1) size 782x50
          LayoutTableRow {TR} at (0,2) size 782x46
            LayoutTableCell {TD} at (2,2) size 200x46 [border: (1px inset #808080)] [r=0 c=0 rs=1 cs=1]
              LayoutText {#text} at (2,2) size 196x19
                text run at (2,2) width 196: "checkforhandlingofnowhitespace"
              LayoutImage {IMG} at (2,22) size 20x16.66
              LayoutText {#text} at (22,24) size 99x19
                text run at (22,24) width 99: " aroundtheimage"
            LayoutTableCell {TD} at (204,13) size 576x24 [border: (1px inset #808080)] [r=0 c=1 rs=1 cs=1]
              LayoutText {#text} at (2,2) size 11x19
                text run at (2,2) width 11: "X"
      LayoutBlockFlow {HR} at (0,375) size 77x2 [border: (1px inset #EEEEEE)]
      LayoutTable {TABLE} at (0,385) size 784x32 [border: (1px outset #808080)]
        LayoutTableSection {TBODY} at (1,1) size 782x30
          LayoutTableRow {TR} at (0,2) size 782x26
            LayoutTableCell {TD} at (2,2) size 315x26 [border: (1px inset #808080)] [r=0 c=0 rs=1 cs=1]
              LayoutText {#text} at (2,4) size 196x19
                text run at (2,4) width 196: "checkforhandlingofnowhitespace"
              LayoutImage {IMG} at (198,2) size 20x16.66
              LayoutText {#text} at (218,4) size 95x19
                text run at (218,4) width 95: "aroundtheimage"
            LayoutTableCell {TD} at (319,3) size 461x24 [border: (1px inset #808080)] [r=0 c=1 rs=1 cs=1]
              LayoutText {#text} at (2,2) size 11x19
                text run at (2,2) width 11: "X"
