layer at (0,0) size 800x600
  LayoutView at (0,0) size 800x600
layer at (0,0) size 800x600
  LayoutBlockFlow {HTML} at (0,0) size 800x600
    LayoutBlockFlow {BODY} at (8,8) size 784x584 [bgcolor=#C0C0C0]
      LayoutTable {TABLE} at (0,0) size 114x74 [border: (10px outset #808080)]
        LayoutTableSection {TBODY} at (10,10) size 94x54
          LayoutTableRow {TR} at (0,10) size 94x24
            LayoutTableCell {TD} at (10,15) size 32x24 [border: (1px inset #808080)] [r=0 c=0 rs=2 cs=1]
              LayoutText {#text} at (2,2) size 28x19
                text run at (2,2) width 28: "cell1"
            LayoutTableCell {TD} at (52,10) size 32x24 [border: (1px inset #808080)] [r=0 c=1 rs=1 cs=1]
              LayoutText {#text} at (2,2) size 28x19
                text run at (2,2) width 28: "cell2"
          LayoutTableRow {TR} at (0,44) size 94x0
      LayoutBlockFlow {P} at (0,90) size 784x20
        LayoutText {#text} at (0,0) size 283x19
          text run at (0,0) width 283: "See the behaviour when there is one more row:"
      LayoutTable {TABLE} at (0,126) size 114x108 [border: (10px outset #808080)]
        LayoutTableSection {TBODY} at (10,10) size 94x88
          LayoutTableRow {TR} at (0,10) size 94x24
            LayoutTableCell {TD} at (10,15) size 32x24 [border: (1px inset #808080)] [r=0 c=0 rs=2 cs=1]
              LayoutText {#text} at (2,2) size 28x19
                text run at (2,2) width 28: "cell1"
            LayoutTableCell {TD} at (52,10) size 32x24 [border: (1px inset #808080)] [r=0 c=1 rs=1 cs=1]
              LayoutText {#text} at (2,2) size 28x19
                text run at (2,2) width 28: "cell2"
          LayoutTableRow {TR} at (0,44) size 94x0
          LayoutTableRow {TR} at (0,54) size 94x24
            LayoutTableCell {TD} at (10,54) size 32x24 [border: (1px inset #808080)] [r=2 c=0 rs=1 cs=1]
              LayoutText {#text} at (2,2) size 28x19
                text run at (2,2) width 28: "cell3"
            LayoutTableCell {TD} at (52,54) size 32x24 [border: (1px inset #808080)] [r=2 c=1 rs=1 cs=1]
              LayoutText {#text} at (2,2) size 28x19
                text run at (2,2) width 28: "cell4"
      LayoutBlockFlow {P} at (0,250) size 784x20
        LayoutText {#text} at (0,0) size 334x19
          text run at (0,0) width 334: "Now move the rowspan to cell2 to have even more fun:"
      LayoutTable {TABLE} at (0,286) size 114x108 [border: (10px outset #808080)]
        LayoutTableSection {TBODY} at (10,10) size 94x88
          LayoutTableRow {TR} at (0,10) size 94x24
            LayoutTableCell {TD} at (10,10) size 32x24 [border: (1px inset #808080)] [r=0 c=0 rs=1 cs=1]
              LayoutText {#text} at (2,2) size 28x19
                text run at (2,2) width 28: "cell1"
            LayoutTableCell {TD} at (52,15) size 32x24 [border: (1px inset #808080)] [r=0 c=1 rs=2 cs=1]
              LayoutText {#text} at (2,2) size 28x19
                text run at (2,2) width 28: "cell2"
          LayoutTableRow {TR} at (0,44) size 94x0
          LayoutTableRow {TR} at (0,54) size 94x24
            LayoutTableCell {TD} at (10,54) size 32x24 [border: (1px inset #808080)] [r=2 c=0 rs=1 cs=1]
              LayoutText {#text} at (2,2) size 28x19
                text run at (2,2) width 28: "cell3"
            LayoutTableCell {TD} at (52,54) size 32x24 [border: (1px inset #808080)] [r=2 c=1 rs=1 cs=1]
              LayoutText {#text} at (2,2) size 28x19
                text run at (2,2) width 28: "cell4"
