layer at (0,0) size 800x600
  LayoutView at (0,0) size 800x600
layer at (0,0) size 800x600
  LayoutBlockFlow {HTML} at (0,0) size 800x600
    LayoutBlockFlow {BODY} at (8,8) size 784x576
      LayoutTable {TABLE} at (0,0) size 784x82 [bgcolor=#CCCCCC] [border: (1px solid #FF0000)]
        LayoutTableSection {TBODY} at (1,1) size 782x80
          LayoutTableRow {TR} at (0,2) size 782x24
            LayoutTableCell {TD} at (2,2) size 149x24 [border: (1px solid #FF0000)] [r=0 c=0 rs=2 cs=1]
              LayoutText {#text} at (2,2) size 4x19
                text run at (2,2) width 4: " "
            LayoutTableCell {TD} at (153,2) size 324x24 [border: (1px solid #FF0000)] [r=0 c=1 rs=1 cs=6]
              LayoutText {#text} at (2,2) size 4x19
                text run at (2,2) width 4: " "
            LayoutTableCell {TD} at (479,2) size 149x24 [border: (1px solid #FF0000)] [r=0 c=7 rs=1 cs=1]
              LayoutText {#text} at (2,2) size 4x19
                text run at (2,2) width 4: " "
            LayoutTableCell {TD} at (630,2) size 150x24 [border: (1px solid #FF0000)] [r=0 c=8 rs=2 cs=1]
              LayoutText {#text} at (2,2) size 4x19
                text run at (2,2) width 4: " "
          LayoutTableRow {TR} at (0,28) size 782x24
            LayoutTableCell {TD} at (153,28) size 170x24 [border: (1px solid #FF0000)] [r=1 c=1 rs=1 cs=3]
              LayoutText {#text} at (2,2) size 94x19
                text run at (2,2) width 94: "Find a Business"
            LayoutTableCell {TD} at (325,28) size 152x24 [border: (1px solid #FF0000)] [r=1 c=4 rs=1 cs=3]
              LayoutText {#text} at (2,2) size 76x19
                text run at (2,2) width 76: "What's New"
            LayoutTableCell {TD} at (479,28) size 149x24 [border: (1px solid #FF0000)] [r=1 c=7 rs=1 cs=1]
              LayoutText {#text} at (2,2) size 72x19
                text run at (2,2) width 72: "Search Tips"
          LayoutTableRow {TR} at (0,54) size 782x24
            LayoutTableCell {TD} at (2,54) size 778x24 [border: (1px solid #FF0000)] [r=2 c=0 rs=1 cs=9]
              LayoutText {#text} at (2,2) size 4x19
                text run at (2,2) width 4: " "
      LayoutBlockFlow {P} at (0,98) size 784x40
        LayoutText {#text} at (0,0) size 759x39
          text run at (0,0) width 759: "bug #17826 : Drag the right edge of the window and either widen or narrow the window; the column widths should oscillate as"
          text run at (0,20) width 318: "you resize the window (tested 1999122008 WinNT)"
