layer at (0,0) size 800x600
  LayoutView at (0,0) size 800x600
layer at (0,0) size 800x600
  LayoutBlockFlow {HTML} at (0,0) size 800x600
    LayoutBlockFlow {BODY} at (8,8) size 784x584 [bgcolor=#FFFFFF]
      LayoutTable {TABLE} at (0,0) size 600x100
        LayoutTableSection {TBODY} at (0,0) size 600x100
          LayoutTableRow {TR} at (0,0) size 600x100
            LayoutTableCell {TD} at (0,7) size 111x86 [r=0 c=0 rs=1 cs=1]
              LayoutTable {TABLE} at (0,0) size 111x86 [border: (1px outset #808080)]
                LayoutTableSection {TBODY} at (1,1) size 109x84
                  LayoutTableRow {TR} at (0,0) size 109x62
                    LayoutTableCell {TD} at (0,0) size 109x62 [border: (1px inset #808080)] [r=0 c=0 rs=1 cs=2]
                      LayoutText {#text} at (1,1) size 107x59
                        text run at (1,1) width 41: "R1C1,"
                        text run at (1,21) width 89: "COLSPAN=2"
                        text run at (1,41) width 107: "WIDTH=\"100%\""
                  LayoutTableRow {TR} at (0,62) size 109x22
                    LayoutTableCell {TD} at (0,62) size 54x22 [border: (1px inset #808080)] [r=1 c=0 rs=1 cs=1]
                      LayoutText {#text} at (1,1) size 37x19
                        text run at (1,1) width 37: "R2C1"
                    LayoutTableCell {TD} at (54,62) size 55x22 [border: (1px inset #808080)] [r=1 c=1 rs=1 cs=1]
                      LayoutText {#text} at (1,1) size 37x19
                        text run at (1,1) width 37: "R2C2"
            LayoutTableCell {TD} at (111,0) size 489x100 [r=0 c=1 rs=1 cs=1]
              LayoutText {#text} at (0,0) size 187x19
                text run at (0,0) width 187: "Quotes delayed by 20 minutes."
              LayoutBR {BR} at (187,15) size 0x0
              LayoutText {#text} at (0,20) size 482x79
                text run at (0,20) width 120: "To ensure that your "
                text run at (119,20) width 348: "portfolios and other personalized content can't be viewed "
                text run at (466,20) width 16: "by"
                text run at (0,40) width 330: "others using this computer, sign out of Netcenter when "
                text run at (329,40) width 139: "you are finished. When"
                text run at (0,60) width 217: "you want to view your personalized "
                text run at (217,60) width 264: "content again, all you have to do is sign in to"
                text run at (0,80) width 64: "Netcenter."
