layer at (0,0) size 800x600
  LayoutView at (0,0) size 800x600
layer at (0,0) size 800x600
  LayoutBlockFlow {HTML} at (0,0) size 800x600
    LayoutBlockFlow {BODY} at (8,8) size 784x584
      LayoutTable {TABLE} at (0,0) size 600x288 [bgcolor=#FFC0CB]
        LayoutTableSection {TBODY} at (0,0) size 600x288
          LayoutTableRow {TR} at (0,0) size 600x20
            LayoutTableCell {TD} at (0,0) size 600x20 [bgcolor=#FFFF00] [r=0 c=0 rs=1 cs=3]
              LayoutText {#text} at (0,0) size 8x19
                text run at (0,0) width 8: "1"
          LayoutTableRow {TR} at (0,20) size 600x20
            LayoutTableCell {TD} at (0,20) size 600x20 [bgcolor=#FF0000] [r=1 c=0 rs=1 cs=3]
              LayoutText {#text} at (0,0) size 8x19
                text run at (0,0) width 8: "2"
          LayoutTableRow {TR} at (0,40) size 600x0
            LayoutTableCell {TD} at (0,40) size 155x20 [bgcolor=#00FFFF] [r=2 c=0 rs=40 cs=1]
              LayoutText {#text} at (0,0) size 8x19
                text run at (0,0) width 8: "3"
          LayoutTableRow {TR} at (0,40) size 600x28
            LayoutTableCell {TD} at (155,40) size 445x28 [bgcolor=#FFA500] [r=3 c=1 rs=1 cs=1]
              LayoutTable {TABLE} at (0,0) size 440x28
                LayoutTableSection {TBODY} at (0,0) size 440x28
                  LayoutTableRow {TR} at (0,2) size 440x24
                    LayoutTableCell {TD} at (2,2) size 217x24 [r=0 c=0 rs=1 cs=1]
                      LayoutButton {INPUT} at (1,1) size 102x22 [bgcolor=#C0C0C0] [border: (2px outset #C0C0C0)]
                        LayoutBlockFlow (anonymous) at (8,3) size 86x16
                          LayoutText {#text} at (0,0) size 86x16
                            text run at (0,0) width 86: "Submit Criteria"
                    LayoutTableCell {TD} at (221,3) size 217x22 [r=0 c=1 rs=1 cs=1]
                      LayoutText {#text} at (1,1) size 8x19
                        text run at (1,1) width 8: "4"
          LayoutTableRow {TR} at (0,68) size 600x20
            LayoutTableCell {TD} at (155,68) size 445x20 [bgcolor=#FF0000] [r=4 c=1 rs=1 cs=1]
              LayoutText {#text} at (0,0) size 8x19
                text run at (0,0) width 8: "5"
          LayoutTableRow {TR} at (0,88) size 600x40
            LayoutTableCell {TD} at (155,88) size 445x40 [bgcolor=#FFFF00] [r=5 c=1 rs=1 cs=1]
              LayoutText {#text} at (0,0) size 404x39
                text run at (0,0) width 245: "If you have entered your feature criteria, "
                text run at (245,0) width 159: "press the \"Submit Criteria\""
                text run at (0,20) width 83: "button above."
          LayoutTableRow {TR} at (0,128) size 600x20
            LayoutTableCell {TD} at (155,128) size 445x20 [bgcolor=#D3D3D3] [r=6 c=1 rs=1 cs=1]
              LayoutText {#text} at (0,0) size 8x19
                text run at (0,0) width 8: "6"
          LayoutTableRow {TR} at (0,148) size 600x60
            LayoutTableCell {TD} at (155,148) size 445x60 [r=7 c=1 rs=1 cs=1]
              LayoutText {#text} at (0,0) size 443x59
                text run at (0,0) width 252: "If you want to do a radius search instead, "
                text run at (252,0) width 155: "press the \"Radius Search\""
                text run at (0,20) width 46: "button. "
                text run at (46,20) width 261: "This will allow you to select a starting point "
                text run at (307,20) width 136: "and enter a radius with"
                text run at (0,40) width 119: "new feature criteria."
          LayoutTableRow {TR} at (0,208) size 600x20
            LayoutTableCell {TD} at (155,208) size 445x20 [r=8 c=1 rs=1 cs=1]
              LayoutText {#text} at (0,0) size 4x19
                text run at (0,0) width 4: " "
          LayoutTableRow {TR} at (0,228) size 600x60
            LayoutTableCell {TD} at (155,228) size 445x60 [r=9 c=1 rs=1 cs=1]
              LayoutText {#text} at (0,0) size 436x59
                text run at (0,0) width 413: "All information provided is deemed reliable but is not guaranteed and"
                text run at (0,20) width 62: "should be "
                text run at (62,20) width 374: "independently verified. The price shown may represent the top"
                text run at (0,40) width 91: "or bottom of a "
                text run at (91,40) width 335: "price range listing and not necessarily a fixed price offer."
