layer at (0,0) size 800x600
  LayoutView at (0,0) size 800x600
layer at (0,0) size 800x600
  LayoutBlockFlow {HTML} at (0,0) size 800x600
    LayoutBlockFlow {BODY} at (8,8) size 784x584
      LayoutBlockFlow (anonymous) at (0,0) size 784x20
        LayoutText {#text} at (0,0) size 4x19
          text run at (0,0) width 4: " "
      LayoutTable {TABLE} at (0,20) size 392x92 [border: (1px outset #808080)]
        LayoutTableSection {TBODY} at (1,1) size 390x90
          LayoutTableRow {TR} at (0,2) size 390x60
            LayoutTableCell {TD} at (2,2) size 270x60 [border: (1px inset #808080)] [r=0 c=0 rs=1 cs=1]
              LayoutTable {TABLE} at (2,2) size 72x56 [border: (1px outset #808080)]
                LayoutTableSection {TBODY} at (1,1) size 70x54
                  LayoutTableRow {TR} at (0,2) size 70x24
                    LayoutTableCell {TD} at (2,2) size 32x24 [border: (1px inset #808080)] [r=0 c=0 rs=1 cs=1]
                      LayoutText {#text} at (2,2) size 28x19
                        text run at (2,2) width 28: "hello"
                    LayoutTableCell {TD} at (36,2) size 32x24 [border: (1px inset #808080)] [r=0 c=1 rs=1 cs=1]
                      LayoutText {#text} at (2,2) size 28x19
                        text run at (2,2) width 28: "hello"
                  LayoutTableRow {TR} at (0,28) size 70x24
                    LayoutTableCell {TD} at (2,28) size 32x24 [border: (1px inset #808080)] [r=1 c=0 rs=1 cs=1]
                      LayoutText {#text} at (2,2) size 28x19
                        text run at (2,2) width 28: "hello"
                    LayoutTableCell {TD} at (36,28) size 32x24 [border: (1px inset #808080)] [r=1 c=1 rs=1 cs=1]
                      LayoutText {#text} at (2,2) size 28x19
                        text run at (2,2) width 28: "hello"
            LayoutTableCell {TD} at (274,20) size 114x24 [border: (1px inset #808080)] [r=0 c=1 rs=1 cs=1]
              LayoutText {#text} at (2,2) size 28x19
                text run at (2,2) width 28: "hello"
          LayoutTableRow {TR} at (0,64) size 390x24
            LayoutTableCell {TD} at (2,64) size 270x24 [border: (1px inset #808080)] [r=1 c=0 rs=1 cs=1]
              LayoutText {#text} at (2,2) size 28x19
                text run at (2,2) width 28: "hello"
            LayoutTableCell {TD} at (274,64) size 114x24 [border: (1px inset #808080)] [r=1 c=1 rs=1 cs=1]
              LayoutText {#text} at (2,2) size 28x19
                text run at (2,2) width 28: "hello"
