layer at (0,0) size 800x600
  LayoutView at (0,0) size 800x600
layer at (0,0) size 800x600
  LayoutBlockFlow {HTML} at (0,0) size 800x600
    LayoutBlockFlow {BODY} at (8,8) size 784x584
      LayoutBlockFlow (anonymous) at (0,0) size 784x20
        LayoutText {#text} at (0,0) size 8x19
          text run at (0,0) width 8: "1"
      LayoutTable {TABLE} at (0,20) size 784x10 [border: (1px outset #808080)]
        LayoutTableSection {TBODY} at (1,1) size 782x8
          LayoutTableRow {TR} at (0,2) size 782x4
            LayoutTableCell {TD} at (2,2) size 778x4 [border: (1px inset #808080)] [r=0 c=0 rs=1 cs=1]
      LayoutBlockFlow (anonymous) at (0,30) size 784x40
        LayoutText {#text} at (0,0) size 12x19
          text run at (0,0) width 12: "2 "
        LayoutBR {BR} at (0,0) size 0x0
        LayoutText {#text} at (0,20) size 8x19
          text run at (0,20) width 8: "3"
      LayoutTable {TABLE} at (0,70) size 784x6 [border: (1px outset #808080)]
        LayoutTableSection {TBODY} at (1,1) size 782x4
          LayoutTableRow {TR} at (0,2) size 782x0
      LayoutBlockFlow (anonymous) at (0,76) size 784x20
        LayoutText {#text} at (0,0) size 8x19
          text run at (0,0) width 8: "4"
