layer at (0,0) size 800x600
  LayoutView at (0,0) size 800x600
layer at (0,0) size 800x600
  LayoutBlockFlow {HTML} at (0,0) size 800x600
    LayoutBlockFlow {BODY} at (8,8) size 784x584
      LayoutTable {TABLE} at (0,0) size 569x32
        LayoutTableSection {TBODY} at (0,0) size 569x32
          LayoutTableRow {TR} at (0,2) size 569x28
            LayoutTableCell {TD} at (2,2) size 565x28 [r=0 c=0 rs=1 cs=1]
              LayoutTable {TABLE} at (1,1) size 563x26
                LayoutTableSection {TBODY} at (0,0) size 563x26
                  LayoutTableRow {TR} at (0,2) size 563x22
                    LayoutTableCell {TD} at (2,2) size 33x22 [r=0 c=0 rs=1 cs=1]
                      LayoutText {#text} at (1,1) size 31x19
                        text run at (1,1) width 31: "news"
                    LayoutTableCell {TD} at (37,2) size 51x22 [r=0 c=1 rs=1 cs=1]
                      LayoutText {#text} at (1,1) size 49x19
                        text run at (1,1) width 49: "archives"
                    LayoutTableCell {TD} at (90,2) size 59x22 [r=0 c=2 rs=1 cs=1]
                      LayoutText {#text} at (1,1) size 57x19
                        text run at (1,1) width 57: "hardware"
                    LayoutTableCell {TD} at (151,2) size 33x22 [r=0 c=3 rs=1 cs=1]
                      LayoutText {#text} at (1,1) size 31x19
                        text run at (1,1) width 31: "shots"
                    LayoutTableCell {TD} at (186,2) size 40x22 [r=0 c=4 rs=1 cs=1]
                      LayoutText {#text} at (1,1) size 38x19
                        text run at (1,1) width 38: "games"
                    LayoutTableCell {TD} at (228,2) size 25x22 [r=0 c=5 rs=1 cs=1]
                      LayoutText {#text} at (1,1) size 23x19
                        text run at (1,1) width 23: "files"
                    LayoutTableCell {TD} at (255,2) size 70x22 [r=0 c=6 rs=1 cs=1]
                      LayoutText {#text} at (1,1) size 68x19
                        text run at (1,1) width 68: "reviewseek"
                    LayoutTableCell {TD} at (327,2) size 43x22 [r=0 c=7 rs=1 cs=1]
                      LayoutText {#text} at (1,1) size 41x19
                        text run at (1,1) width 41: "forums"
                    LayoutTableCell {TD} at (372,2) size 62x22 [r=0 c=8 rs=1 cs=1]
                      LayoutText {#text} at (1,1) size 60x19
                        text run at (1,1) width 60: "interviews"
                    LayoutTableCell {TD} at (436,2) size 36x22 [r=0 c=9 rs=1 cs=1]
                      LayoutText {#text} at (1,1) size 34x19
                        text run at (1,1) width 34: "about"
                    LayoutTableCell {TD} at (474,2) size 29x22 [r=0 c=10 rs=1 cs=1]
                      LayoutText {#text} at (1,1) size 27x19
                        text run at (1,1) width 27: "links"
                    LayoutTableCell {TD} at (505,2) size 56x22 [r=0 c=11 rs=1 cs=1]
                      LayoutText {#text} at (1,1) size 54x19
                        text run at (1,1) width 54: "advertise"
