layer at (0,0) size 800x600 clip at (0,0) size 785x600 scrollHeight 1826
  LayoutView at (0,0) size 800x600
layer at (0,0) size 785x1826 backgroundClip at (0,0) size 785x600 clip at (0,0) size 785x600
  LayoutBlockFlow {HTML} at (0,0) size 785x1826
    LayoutBlockFlow {BODY} at (8,8) size 769x1810
      LayoutTable {TABLE} at (0,0) size 769x340
        LayoutTableSection {TBODY} at (0,0) size 769x340
          LayoutTableRow {TR} at (0,0) size 769x340
            LayoutTableCell {TD} at (0,0) size 44x340 [bgcolor=#0000FF] [r=0 c=0 rs=1 cs=1]
              LayoutText {#text} at (0,0) size 44x339
                text run at (0,0) width 44: "XXXX"
                text run at (0,20) width 44: "XXXX"
                text run at (0,40) width 44: "XXXX"
                text run at (0,60) width 44: "XXXX"
                text run at (0,80) width 44: "XXXX"
                text run at (0,100) width 44: "XXXX"
                text run at (0,120) width 44: "XXXX"
                text run at (0,140) width 44: "XXXX"
                text run at (0,160) width 44: "XXXX"
                text run at (0,180) width 44: "XXXX"
                text run at (0,200) width 44: "XXXX"
                text run at (0,220) width 44: "XXXX"
                text run at (0,240) width 44: "XXXX"
                text run at (0,260) width 44: "XXXX"
                text run at (0,280) width 44: "XXXX"
                text run at (0,300) width 44: "XXXX"
                text run at (0,320) width 44: "XXXX"
            LayoutTableCell {TD} at (44,170) size 725x0 [bgcolor=#008000] [r=0 c=1 rs=1 cs=1]
              LayoutTable {TABLE} at (0,0) size 0x0 [bgcolor=#FFFF00]
      LayoutBlockFlow (anonymous) at (0,340) size 769x20
        LayoutBR {BR} at (0,0) size 0x19
      LayoutTable {TABLE} at (0,360) size 769x344 [border: (1px outset #808080)]
        LayoutTableSection {TBODY} at (1,1) size 767x342
          LayoutTableRow {TR} at (0,0) size 767x342
            LayoutTableCell {TD} at (0,0) size 46x342 [bgcolor=#0000FF] [border: (1px inset #808080)] [r=0 c=0 rs=1 cs=1]
              LayoutText {#text} at (1,1) size 44x339
                text run at (1,1) width 44: "XXXX"
                text run at (1,21) width 44: "XXXX"
                text run at (1,41) width 44: "XXXX"
                text run at (1,61) width 44: "XXXX"
                text run at (1,81) width 44: "XXXX"
                text run at (1,101) width 44: "XXXX"
                text run at (1,121) width 44: "XXXX"
                text run at (1,141) width 44: "XXXX"
                text run at (1,161) width 44: "XXXX"
                text run at (1,181) width 44: "XXXX"
                text run at (1,201) width 44: "XXXX"
                text run at (1,221) width 44: "XXXX"
                text run at (1,241) width 44: "XXXX"
                text run at (1,261) width 44: "XXXX"
                text run at (1,281) width 44: "XXXX"
                text run at (1,301) width 44: "XXXX"
                text run at (1,321) width 44: "XXXX"
            LayoutTableCell {TD} at (46,170) size 721x2 [bgcolor=#008000] [border: (1px inset #808080)] [r=0 c=1 rs=1 cs=1]
              LayoutTable {TABLE} at (1,1) size 0x0 [bgcolor=#FFFF00]
      LayoutBlockFlow (anonymous) at (0,704) size 769x20
        LayoutBR {BR} at (0,0) size 0x19
      LayoutTable {TABLE} at (0,724) size 769x346 [border: (1px outset #808080)]
        LayoutTableSection {TBODY} at (1,1) size 767x344
          LayoutTableRow {TR} at (0,0) size 767x344
            LayoutTableCell {TD} at (0,0) size 48x344 [bgcolor=#0000FF] [border: (1px inset #808080)] [r=0 c=0 rs=1 cs=1]
              LayoutText {#text} at (2,2) size 44x339
                text run at (2,2) width 44: "XXXX"
                text run at (2,22) width 44: "XXXX"
                text run at (2,42) width 44: "XXXX"
                text run at (2,62) width 44: "XXXX"
                text run at (2,82) width 44: "XXXX"
                text run at (2,102) width 44: "XXXX"
                text run at (2,122) width 44: "XXXX"
                text run at (2,142) width 44: "XXXX"
                text run at (2,162) width 44: "XXXX"
                text run at (2,182) width 44: "XXXX"
                text run at (2,202) width 44: "XXXX"
                text run at (2,222) width 44: "XXXX"
                text run at (2,242) width 44: "XXXX"
                text run at (2,262) width 44: "XXXX"
                text run at (2,282) width 44: "XXXX"
                text run at (2,302) width 44: "XXXX"
                text run at (2,322) width 44: "XXXX"
            LayoutTableCell {TD} at (48,170) size 719x4 [bgcolor=#008000] [border: (1px inset #808080)] [r=0 c=1 rs=1 cs=1]
              LayoutTable {TABLE} at (2,2) size 0x0 [bgcolor=#FFFF00]
      LayoutBlockFlow (anonymous) at (0,1070) size 769x20
        LayoutBR {BR} at (0,0) size 0x19
      LayoutTable {TABLE} at (0,1090) size 769x340
        LayoutTableSection {TBODY} at (0,0) size 769x340
          LayoutTableRow {TR} at (0,0) size 769x340
            LayoutTableCell {TD} at (0,0) size 44x340 [bgcolor=#0000FF] [r=0 c=0 rs=1 cs=1]
              LayoutText {#text} at (0,0) size 44x339
                text run at (0,0) width 44: "XXXX"
                text run at (0,20) width 44: "XXXX"
                text run at (0,40) width 44: "XXXX"
                text run at (0,60) width 44: "XXXX"
                text run at (0,80) width 44: "XXXX"
                text run at (0,100) width 44: "XXXX"
                text run at (0,120) width 44: "XXXX"
                text run at (0,140) width 44: "XXXX"
                text run at (0,160) width 44: "XXXX"
                text run at (0,180) width 44: "XXXX"
                text run at (0,200) width 44: "XXXX"
                text run at (0,220) width 44: "XXXX"
                text run at (0,240) width 44: "XXXX"
                text run at (0,260) width 44: "XXXX"
                text run at (0,280) width 44: "XXXX"
                text run at (0,300) width 44: "XXXX"
                text run at (0,320) width 44: "XXXX"
            LayoutTableCell {TD} at (44,0) size 44x340 [bgcolor=#FFA500] [r=0 c=1 rs=1 cs=1]
              LayoutText {#text} at (0,0) size 44x339
                text run at (0,0) width 44: "XXXX"
                text run at (0,20) width 44: "XXXX"
                text run at (0,40) width 44: "XXXX"
                text run at (0,60) width 44: "XXXX"
                text run at (0,80) width 44: "XXXX"
                text run at (0,100) width 44: "XXXX"
                text run at (0,120) width 44: "XXXX"
                text run at (0,140) width 44: "XXXX"
                text run at (0,160) width 44: "XXXX"
                text run at (0,180) width 44: "XXXX"
                text run at (0,200) width 44: "XXXX"
                text run at (0,220) width 44: "XXXX"
                text run at (0,240) width 44: "XXXX"
                text run at (0,260) width 44: "XXXX"
                text run at (0,280) width 44: "XXXX"
                text run at (0,300) width 44: "XXXX"
                text run at (0,320) width 44: "XXXX"
            LayoutTableCell {TD} at (88,170) size 681x0 [bgcolor=#008000] [r=0 c=2 rs=1 cs=1]
              LayoutTable {TABLE} at (0,0) size 0x0 [bgcolor=#FFFF00]
      LayoutBlockFlow (anonymous) at (0,1430) size 769x20
        LayoutBR {BR} at (0,0) size 0x19
      LayoutTable {TABLE} at (0,1450) size 769x340
        LayoutTableSection {TBODY} at (0,0) size 769x340
          LayoutTableRow {TR} at (0,0) size 769x340
            LayoutTableCell {TD} at (0,0) size 44x340 [bgcolor=#0000FF] [r=0 c=0 rs=1 cs=1]
              LayoutText {#text} at (0,0) size 44x339
                text run at (0,0) width 44: "XXXX"
                text run at (0,20) width 44: "XXXX"
                text run at (0,40) width 44: "XXXX"
                text run at (0,60) width 44: "XXXX"
                text run at (0,80) width 44: "XXXX"
                text run at (0,100) width 44: "XXXX"
                text run at (0,120) width 44: "XXXX"
                text run at (0,140) width 44: "XXXX"
                text run at (0,160) width 44: "XXXX"
                text run at (0,180) width 44: "XXXX"
                text run at (0,200) width 44: "XXXX"
                text run at (0,220) width 44: "XXXX"
                text run at (0,240) width 44: "XXXX"
                text run at (0,260) width 44: "XXXX"
                text run at (0,280) width 44: "XXXX"
                text run at (0,300) width 44: "XXXX"
                text run at (0,320) width 44: "XXXX"
            LayoutTableCell {TD} at (44,160) size 725x20 [bgcolor=#008000] [r=0 c=1 rs=1 cs=1]
              LayoutText {#text} at (0,0) size 7x19
                text run at (0,0) width 7: "x"
      LayoutBlockFlow (anonymous) at (0,1790) size 769x20
        LayoutText {#text} at (0,0) size 21x19
          text run at (0,0) width 21: "-->"
