layer at (0,0) size 800x600 clip at (0,0) size 785x600 scrollHeight 906
  LayoutView at (0,0) size 800x600
layer at (0,0) size 785x906 backgroundClip at (0,0) size 785x600 clip at (0,0) size 785x600
  LayoutBlockFlow {HTML} at (0,0) size 785x905.75
    LayoutBlockFlow {BODY} at (8,8) size 769x889.75
      LayoutBlockFlow {HR} at (0,0) size 769x2 [border: (1px inset #EEEEEE)]
      LayoutBlockFlow {H3} at (0,20.72) size 769x23
        LayoutText {#text} at (0,0) size 61x22
          text run at (0,0) width 61: "Table 1"
      LayoutBlockFlow {PRE} at (0,62.44) size 769x64
        LayoutText {#text} at (0,0) size 224x64
          text run at (0,0) width 224: "<TABLE width=\"500\" border=1>"
          text run at (224,0) width 0: " "
          text run at (0,16) width 80: "<COLGROUP>"
          text run at (80,16) width 0: " "
          text run at (0,32) width 80: "<COLGROUP>"
          text run at (80,32) width 0: " "
          text run at (0,48) width 168: "<COLGROUP width=\"0*\">"
          text run at (168,48) width 0: " "
      LayoutTable {TABLE} at (0,139.44) size 500x82 [border: (1px outset #808080)]
        LayoutTableCol {COLGROUP} at (0,0) size 0x0
        LayoutTableCol {COLGROUP} at (0,0) size 0x0
        LayoutTableCol {COLGROUP} at (0,0) size 0x0
        LayoutTableSection {TBODY} at (1,1) size 498x80
          LayoutTableRow {TR} at (0,2) size 498x24
            LayoutTableCell {TD} at (2,2) size 163x24 [border: (1px inset #808080)] [r=0 c=0 rs=1 cs=1]
              LayoutText {#text} at (2,2) size 39x19
                text run at (2,2) width 39: "Cell A"
            LayoutTableCell {TD} at (167,2) size 163x24 [border: (1px inset #808080)] [r=0 c=1 rs=1 cs=1]
              LayoutText {#text} at (2,2) size 38x19
                text run at (2,2) width 38: "Cell B"
            LayoutTableCell {TD} at (332,2) size 164x24 [border: (1px inset #808080)] [r=0 c=2 rs=1 cs=1]
              LayoutText {#text} at (2,2) size 39x19
                text run at (2,2) width 39: "Cell C"
          LayoutTableRow {TR} at (0,28) size 498x24
            LayoutTableCell {TD} at (2,28) size 163x24 [border: (1px inset #808080)] [r=1 c=0 rs=1 cs=1]
              LayoutText {#text} at (2,2) size 39x19
                text run at (2,2) width 39: "Cell D"
            LayoutTableCell {TD} at (167,28) size 163x24 [border: (1px inset #808080)] [r=1 c=1 rs=1 cs=1]
              LayoutText {#text} at (2,2) size 37x19
                text run at (2,2) width 37: "Cell E"
            LayoutTableCell {TD} at (332,28) size 164x24 [border: (1px inset #808080)] [r=1 c=2 rs=1 cs=1]
              LayoutText {#text} at (2,2) size 37x19
                text run at (2,2) width 37: "Cell F"
          LayoutTableRow {TR} at (0,54) size 498x24
            LayoutTableCell {TD} at (2,54) size 163x24 [border: (1px inset #808080)] [r=2 c=0 rs=1 cs=1]
              LayoutText {#text} at (2,2) size 39x19
                text run at (2,2) width 39: "Cell G"
            LayoutTableCell {TD} at (167,54) size 163x24 [border: (1px inset #808080)] [r=2 c=1 rs=1 cs=1]
              LayoutText {#text} at (2,2) size 39x19
                text run at (2,2) width 39: "Cell H"
            LayoutTableCell {TD} at (332,54) size 164x24 [border: (1px inset #808080)] [r=2 c=2 rs=1 cs=1]
              LayoutText {#text} at (2,2) size 33x19
                text run at (2,2) width 33: "Cell I"
      LayoutBlockFlow {HR} at (0,229.44) size 769x2 [border: (1px inset #EEEEEE)]
      LayoutBlockFlow {H3} at (0,250.16) size 769x23
        LayoutText {#text} at (0,0) size 76x22
          text run at (0,0) width 76: "Table 2.1"
      LayoutBlockFlow {PRE} at (0,291.88) size 769x64
        LayoutText {#text} at (0,0) size 224x64
          text run at (0,0) width 224: "<TABLE width=\"500\" border=1>"
          text run at (224,0) width 0: " "
          text run at (0,16) width 168: "<COLGROUP width=\"1*\">"
          text run at (168,16) width 0: " "
          text run at (0,32) width 168: "<COLGROUP width=\"1*\">"
          text run at (168,32) width 0: " "
          text run at (0,48) width 168: "<COLGROUP width=\"0*\">"
          text run at (168,48) width 0: " "
      LayoutTable {TABLE} at (0,368.88) size 500x82 [border: (1px outset #808080)]
        LayoutTableCol {COLGROUP} at (0,0) size 0x0
        LayoutTableCol {COLGROUP} at (0,0) size 0x0
        LayoutTableCol {COLGROUP} at (0,0) size 0x0
        LayoutTableSection {TBODY} at (1,1) size 498x80
          LayoutTableRow {TR} at (0,2) size 498x24
            LayoutTableCell {TD} at (2,2) size 153x24 [border: (1px inset #808080)] [r=0 c=0 rs=1 cs=1]
              LayoutText {#text} at (2,2) size 39x19
                text run at (2,2) width 39: "Cell A"
            LayoutTableCell {TD} at (157,2) size 182x24 [border: (1px inset #808080)] [r=0 c=1 rs=1 cs=1]
              LayoutText {#text} at (2,2) size 46x19
                text run at (2,2) width 46: "Cell_ B"
            LayoutTableCell {TD} at (341,2) size 155x24 [border: (1px inset #808080)] [r=0 c=2 rs=1 cs=1]
              LayoutText {#text} at (2,2) size 39x19
                text run at (2,2) width 39: "Cell C"
          LayoutTableRow {TR} at (0,28) size 498x24
            LayoutTableCell {TD} at (2,28) size 153x24 [border: (1px inset #808080)] [r=1 c=0 rs=1 cs=1]
              LayoutText {#text} at (2,2) size 39x19
                text run at (2,2) width 39: "Cell D"
            LayoutTableCell {TD} at (157,28) size 182x24 [border: (1px inset #808080)] [r=1 c=1 rs=1 cs=1]
              LayoutText {#text} at (2,2) size 45x19
                text run at (2,2) width 45: "Cell_ E"
            LayoutTableCell {TD} at (341,28) size 155x24 [border: (1px inset #808080)] [r=1 c=2 rs=1 cs=1]
              LayoutText {#text} at (2,2) size 37x19
                text run at (2,2) width 37: "Cell F"
          LayoutTableRow {TR} at (0,54) size 498x24
            LayoutTableCell {TD} at (2,54) size 153x24 [border: (1px inset #808080)] [r=2 c=0 rs=1 cs=1]
              LayoutText {#text} at (2,2) size 39x19
                text run at (2,2) width 39: "Cell G"
            LayoutTableCell {TD} at (157,54) size 182x24 [border: (1px inset #808080)] [r=2 c=1 rs=1 cs=1]
              LayoutText {#text} at (2,2) size 47x19
                text run at (2,2) width 47: "Cell_ H"
            LayoutTableCell {TD} at (341,54) size 155x24 [border: (1px inset #808080)] [r=2 c=2 rs=1 cs=1]
              LayoutText {#text} at (2,2) size 33x19
                text run at (2,2) width 33: "Cell I"
      LayoutBlockFlow {H3} at (0,469.59) size 769x23
        LayoutText {#text} at (0,0) size 76x22
          text run at (0,0) width 76: "Table 2.2"
      LayoutBlockFlow {PRE} at (0,511.31) size 769x64
        LayoutText {#text} at (0,0) size 224x64
          text run at (0,0) width 224: "<TABLE width=\"500\" border=1>"
          text run at (224,0) width 0: " "
          text run at (0,16) width 168: "<COLGROUP width=\"1*\">"
          text run at (168,16) width 0: " "
          text run at (0,32) width 168: "<COLGROUP width=\"2*\">"
          text run at (168,32) width 0: " "
          text run at (0,48) width 168: "<COLGROUP width=\"0*\">"
          text run at (168,48) width 0: " "
      LayoutTable {TABLE} at (0,588.31) size 500x82 [border: (1px outset #808080)]
        LayoutTableCol {COLGROUP} at (0,0) size 0x0
        LayoutTableCol {COLGROUP} at (0,0) size 0x0
        LayoutTableCol {COLGROUP} at (0,0) size 0x0
        LayoutTableSection {TBODY} at (1,1) size 498x80
          LayoutTableRow {TR} at (0,2) size 498x24
            LayoutTableCell {TD} at (2,2) size 163x24 [border: (1px inset #808080)] [r=0 c=0 rs=1 cs=1]
              LayoutText {#text} at (2,2) size 39x19
                text run at (2,2) width 39: "Cell A"
            LayoutTableCell {TD} at (167,2) size 163x24 [border: (1px inset #808080)] [r=0 c=1 rs=1 cs=1]
              LayoutText {#text} at (2,2) size 38x19
                text run at (2,2) width 38: "Cell B"
            LayoutTableCell {TD} at (332,2) size 164x24 [border: (1px inset #808080)] [r=0 c=2 rs=1 cs=1]
              LayoutText {#text} at (2,2) size 39x19
                text run at (2,2) width 39: "Cell C"
          LayoutTableRow {TR} at (0,28) size 498x24
            LayoutTableCell {TD} at (2,28) size 163x24 [border: (1px inset #808080)] [r=1 c=0 rs=1 cs=1]
              LayoutText {#text} at (2,2) size 39x19
                text run at (2,2) width 39: "Cell D"
            LayoutTableCell {TD} at (167,28) size 163x24 [border: (1px inset #808080)] [r=1 c=1 rs=1 cs=1]
              LayoutText {#text} at (2,2) size 37x19
                text run at (2,2) width 37: "Cell E"
            LayoutTableCell {TD} at (332,28) size 164x24 [border: (1px inset #808080)] [r=1 c=2 rs=1 cs=1]
              LayoutText {#text} at (2,2) size 37x19
                text run at (2,2) width 37: "Cell F"
          LayoutTableRow {TR} at (0,54) size 498x24
            LayoutTableCell {TD} at (2,54) size 163x24 [border: (1px inset #808080)] [r=2 c=0 rs=1 cs=1]
              LayoutText {#text} at (2,2) size 39x19
                text run at (2,2) width 39: "Cell G"
            LayoutTableCell {TD} at (167,54) size 163x24 [border: (1px inset #808080)] [r=2 c=1 rs=1 cs=1]
              LayoutText {#text} at (2,2) size 39x19
                text run at (2,2) width 39: "Cell H"
            LayoutTableCell {TD} at (332,54) size 164x24 [border: (1px inset #808080)] [r=2 c=2 rs=1 cs=1]
              LayoutText {#text} at (2,2) size 33x19
                text run at (2,2) width 33: "Cell I"
      LayoutBlockFlow {H3} at (0,689.03) size 769x23
        LayoutText {#text} at (0,0) size 76x22
          text run at (0,0) width 76: "Table 3.1"
      LayoutBlockFlow {PRE} at (0,730.75) size 769x64
        LayoutText {#text} at (0,0) size 224x64
          text run at (0,0) width 224: "<TABLE width=\"500\" border=1>"
          text run at (224,0) width 0: " "
          text run at (0,16) width 168: "<COLGROUP width=\"1*\">"
          text run at (168,16) width 0: " "
          text run at (0,32) width 176: "<COLGROUP width=\"100\">"
          text run at (176,32) width 0: " "
          text run at (0,48) width 168: "<COLGROUP width=\"0*\">"
          text run at (168,48) width 0: " "
      LayoutTable {TABLE} at (0,807.75) size 500x82 [border: (1px outset #808080)]
        LayoutTableCol {COLGROUP} at (0,0) size 0x0
        LayoutTableCol {COLGROUP} at (0,0) size 0x0
        LayoutTableCol {COLGROUP} at (0,0) size 0x0
        LayoutTableSection {TBODY} at (1,1) size 498x80
          LayoutTableRow {TR} at (0,2) size 498x24
            LayoutTableCell {TD} at (2,2) size 195x24 [border: (1px inset #808080)] [r=0 c=0 rs=1 cs=1]
              LayoutText {#text} at (2,2) size 39x19
                text run at (2,2) width 39: "Cell A"
            LayoutTableCell {TD} at (199,2) size 100x24 [border: (1px inset #808080)] [r=0 c=1 rs=1 cs=1]
              LayoutText {#text} at (2,2) size 38x19
                text run at (2,2) width 38: "Cell B"
            LayoutTableCell {TD} at (301,2) size 195x24 [border: (1px inset #808080)] [r=0 c=2 rs=1 cs=1]
              LayoutText {#text} at (2,2) size 39x19
                text run at (2,2) width 39: "Cell C"
          LayoutTableRow {TR} at (0,28) size 498x24
            LayoutTableCell {TD} at (2,28) size 195x24 [border: (1px inset #808080)] [r=1 c=0 rs=1 cs=1]
              LayoutText {#text} at (2,2) size 39x19
                text run at (2,2) width 39: "Cell D"
            LayoutTableCell {TD} at (199,28) size 100x24 [border: (1px inset #808080)] [r=1 c=1 rs=1 cs=1]
              LayoutText {#text} at (2,2) size 37x19
                text run at (2,2) width 37: "Cell E"
            LayoutTableCell {TD} at (301,28) size 195x24 [border: (1px inset #808080)] [r=1 c=2 rs=1 cs=1]
              LayoutText {#text} at (2,2) size 37x19
                text run at (2,2) width 37: "Cell F"
          LayoutTableRow {TR} at (0,54) size 498x24
            LayoutTableCell {TD} at (2,54) size 195x24 [border: (1px inset #808080)] [r=2 c=0 rs=1 cs=1]
              LayoutText {#text} at (2,2) size 39x19
                text run at (2,2) width 39: "Cell G"
            LayoutTableCell {TD} at (199,54) size 100x24 [border: (1px inset #808080)] [r=2 c=1 rs=1 cs=1]
              LayoutText {#text} at (2,2) size 39x19
                text run at (2,2) width 39: "Cell H"
            LayoutTableCell {TD} at (301,54) size 195x24 [border: (1px inset #808080)] [r=2 c=2 rs=1 cs=1]
              LayoutText {#text} at (2,2) size 33x19
                text run at (2,2) width 33: "Cell I"
