layer at (0,0) size 800x600 scrollWidth 808
  LayoutView at (0,0) size 800x600
layer at (0,0) size 800x600
  LayoutBlockFlow {HTML} at (0,0) size 800x600
    LayoutBlockFlow {BODY} at (8,8) size 784x584
      LayoutTable {TABLE} at (0,0) size 800x38 [border: (1px outset #808080)]
        LayoutTableSection {TBODY} at (1,1) size 798x36
          LayoutTableRow {TR} at (0,3) size 798x30
            LayoutTableCell {TD} at (3,3) size 41x30 [border: (1px inset #808080)] [r=0 c=0 rs=1 cs=10]
              LayoutText {#text} at (5,5) size 11x19
                text run at (5,5) width 11: "A"
            LayoutTableCell {TD} at (47,3) size 217x30 [border: (1px inset #808080)] [r=0 c=10 rs=1 cs=50]
              LayoutText {#text} at (5,5) size 10x19
                text run at (5,5) width 10: "B"
            LayoutTableCell {TD} at (267,3) size 528x30 [border: (1px inset #808080)] [r=0 c=60 rs=1 cs=120]
              LayoutText {#text} at (5,5) size 11x19
                text run at (5,5) width 11: "C"
