layer at (0,0) size 800x600
  LayoutView at (0,0) size 800x600
layer at (0,0) size 800x600
  LayoutBlockFlow {HTML} at (0,0) size 800x600
    LayoutBlockFlow {BODY} at (8,8) size 784x584
      LayoutTable {TABLE} at (359.50,0) size 65x58 [border: (3px solid #008000)]
        LayoutBlockFlow {CAPTION} at (23,0) size 19x26 [border: (3px solid #FFA500)]
          LayoutText {#text} at (3,3) size 22x19
            text run at (3,3) width 22: "cap"
        LayoutTableSection {TBODY} at (3,29) size 59x26
          LayoutTableRow {TR} at (0,2) size 59x22
            LayoutTableCell {TD} at (2,2) size 55x22 [r=0 c=0 rs=1 cs=1]
              LayoutText {#text} at (1,1) size 53x19
                text run at (1,1) width 53: "table cell"
