layer at (0,0) size 800x600
  LayoutView at (0,0) size 800x600
layer at (0,0) size 800x600
  LayoutBlockFlow {HTML} at (0,0) size 800x600
    LayoutBlockFlow {BODY} at (8,8) size 784x584
      LayoutTable {TABLE} at (0,0) size 600x20
        LayoutTableSection {TBODY} at (0,0) size 600x20
          LayoutTableRow {TR} at (0,0) size 600x20
            LayoutTableCell {TD} at (0,0) size 600x20 [bgcolor=#000000] [r=0 c=0 rs=1 cs=1]
              LayoutBlockFlow {DIV} at (0,0) size 600x20 [color=#FFFFFF]
                LayoutBlockFlow {P} at (0,0) size 600x20
                  LayoutText {#text} at (0,0) size 48x19
                    text run at (0,0) width 48: "fooobar"
