layer at (0,0) size 800x600
  LayoutView at (0,0) size 800x600
layer at (0,0) size 800x600
  LayoutBlockFlow {HTML} at (0,0) size 800x600
    LayoutBlockFlow {BODY} at (8,8) size 784x584
      LayoutTable {TABLE} at (189,0) size 406x58 [border: (3px solid #008000)]
        LayoutBlockFlow {CAPTION} at (0,0) size 406x26 [border: (3px solid #FFA500)]
          LayoutText {#text} at (192,3) size 22x19
            text run at (192,3) width 22: "cap"
        LayoutTableSection {TBODY} at (3,29) size 400x26
          LayoutTableRow {TR} at (0,2) size 400x22
            LayoutTableCell {TD} at (2,2) size 396x22 [r=0 c=0 rs=1 cs=1]
              LayoutText {#text} at (1,1) size 53x19
                text run at (1,1) width 53: "table cell"
