layer at (0,0) size 800x600
  LayoutView at (0,0) size 800x600
layer at (0,0) size 800x600
  LayoutBlockFlow {HTML} at (0,0) size 800x600
    LayoutBlockFlow {BODY} at (8,8) size 784x584 [bgcolor=#FFFFFF]
      LayoutTable {TABLE} at (0,0) size 784x138 [border: (3px solid #008000)]
        LayoutBlockFlow {CAPTION} at (0,0) size 784x26 [border: (3px solid #FFA500)]
          LayoutText {#text} at (357,3) size 70x19
            text run at (357,3) width 70: "caption text"
        LayoutTableSection {TBODY} at (3,29) size 778x106
          LayoutTableRow {TR} at (0,2) size 778x102
            LayoutTableCell {TD} at (2,2) size 774x102 [r=0 c=0 rs=1 cs=1]
              LayoutText {#text} at (1,1) size 768x99
                text run at (1,1) width 759: "table text which should wrap table text which should wrap table text which should wrap table text which should wrap table text"
                text run at (1,21) width 739: "which should wrap table text which should wrap table text which should wrap table text which should wrap table text which"
                text run at (1,41) width 743: "should wrap table text which should wrap table text which should wrap table text which should wrap table text which should"
                text run at (1,61) width 768: "wrap table text which should wrap table text which should wrap table text which should wrap table text which should wrap table"
                text run at (1,81) width 667: "text which should wrap table text which should wrap table text which should wrap table text which should wrap"
