layer at (0,0) size 800x600
  LayoutView at (0,0) size 800x600
layer at (0,0) size 800x382
  LayoutBlockFlow {HTML} at (0,0) size 800x382.34
    LayoutBlockFlow {BODY} at (8,22.17) size 784x352.17
      LayoutBlockFlow {H5} at (0,0) size 784x16
        LayoutText {#text} at (0,0) size 194x15
          text run at (0,0) width 194: "table - color, tbodies color, row color"
      LayoutTable {TABLE} at (0,38.17) size 186x314 [bgcolor=#FFA500] [border: (1px outset #808080)]
        LayoutTableSection {TBODY} at (41,41) size 104x168 [bgcolor=#FF0000]
          LayoutTableRow {TR} at (0,40) size 104x24 [bgcolor=#FFFF00]
            LayoutTableCell {TD} at (40,40) size 24x24 [border: (1px inset #808080)] [r=0 c=0 rs=1 cs=1]
              LayoutText {#text} at (2,2) size 20x19
                text run at (2,2) width 20: "foo"
          LayoutTableRow {TR} at (0,104) size 104x24
            LayoutTableCell {TD} at (40,104) size 24x24 [border: (1px inset #808080)] [r=1 c=0 rs=1 cs=1]
              LayoutText {#text} at (2,2) size 20x19
                text run at (2,2) width 20: "foo"
        LayoutTableSection {TBODY} at (41,209) size 104x64 [bgcolor=#008000]
          LayoutTableRow {TR} at (0,0) size 104x24
            LayoutTableCell {TD} at (40,0) size 24x24 [border: (1px inset #808080)] [r=0 c=0 rs=1 cs=1]
              LayoutText {#text} at (2,2) size 20x19
                text run at (2,2) width 20: "foo"
