layer at (0,0) size 800x600
  LayoutView at (0,0) size 800x600
layer at (0,0) size 800x600
  LayoutBlockFlow {HTML} at (0,0) size 800x600
    LayoutBlockFlow {BODY} at (8,8) size 784x584
      LayoutTable {TABLE} at (0,0) size 258x242 [border: (1px outset #808080)]
        LayoutTableSection {TBODY} at (1,1) size 256x240
          LayoutTableRow {TR} at (0,2) size 256x24
            LayoutTableCell {TD} at (2,12) size 40x4 [border: (1px inset #808080)] [r=0 c=0 rs=1 cs=1]
            LayoutTableCell {TD} at (44,2) size 76x24 [border: (1px inset #808080)] [r=0 c=1 rs=1 cs=1]
              LayoutText {#text} at (2,2) size 30x19
                text run at (2,2) width 30: "col 1"
            LayoutTableCell {TD} at (122,2) size 54x24 [border: (1px inset #808080)] [r=0 c=2 rs=1 cs=1]
              LayoutText {#text} at (2,2) size 30x19
                text run at (2,2) width 30: "col 2"
            LayoutTableCell {TD} at (178,2) size 76x24 [border: (1px inset #808080)] [r=0 c=3 rs=1 cs=1]
              LayoutText {#text} at (2,2) size 30x19
                text run at (2,2) width 30: "col 3"
          LayoutTableRow {TR} at (0,28) size 256x78
            LayoutTableCell {TD} at (2,55) size 40x24 [border: (1px inset #808080)] [r=1 c=0 rs=1 cs=1]
              LayoutText {#text} at (2,2) size 36x19
                text run at (2,2) width 36: "row 1"
            LayoutTableCell {TD} at (44,28) size 210x210 [border: (1px inset #808080)] [r=1 c=1 rs=3 cs=3]
              LayoutBlockFlow (floating) {DIV} at (2,2) size 206x206 [border: (3px solid #FF0000)]
                LayoutText {#text} at (85,3) size 36x19
                  text run at (85,3) width 36: "tjosan"
          LayoutTableRow {TR} at (0,108) size 256x50
            LayoutTableCell {TD} at (2,121) size 40x24 [border: (1px inset #808080)] [r=2 c=0 rs=1 cs=1]
              LayoutText {#text} at (2,2) size 36x19
                text run at (2,2) width 36: "row 2"
          LayoutTableRow {TR} at (0,160) size 256x78
            LayoutTableCell {TD} at (2,187) size 40x24 [border: (1px inset #808080)] [r=3 c=0 rs=1 cs=1]
              LayoutText {#text} at (2,2) size 36x19
                text run at (2,2) width 36: "row 3"
      LayoutBlockFlow (anonymous) at (0,242) size 784x22
        LayoutButton {INPUT} at (0,0) size 58x22 [bgcolor=#C0C0C0] [border: (2px outset #C0C0C0)]
          LayoutBlockFlow (anonymous) at (8,3) size 42x16
            LayoutText {#text} at (0,0) size 42x16
              text run at (0,0) width 42: "expand"
        LayoutText {#text} at (58,1) size 4x19
          text run at (58,1) width 4: " "
        LayoutButton {INPUT} at (62,0) size 47x22 [bgcolor=#C0C0C0] [border: (2px outset #C0C0C0)]
          LayoutBlockFlow (anonymous) at (8,3) size 31x16
            LayoutText {#text} at (0,0) size 31x16
              text run at (0,0) width 31: "sizes"
        LayoutText {#text} at (0,0) size 0x0
