layer at (0,0) size 800x600
  LayoutView at (0,0) size 800x600
layer at (0,0) size 800x104
  LayoutBlockFlow {HTML} at (0,0) size 800x104
    LayoutBlockFlow {BODY} at (8,8) size 784x88
      LayoutTable {TABLE} at (0,0) size 400x88 [border: (1px outset #808080)]
        LayoutTableSection {TBODY} at (1,1) size 398x86
          LayoutTableRow {TR} at (0,0) size 398x86
            LayoutTableCell {TD} at (0,0) size 302x86 [border: (1px inset #808080)] [r=0 c=0 rs=1 cs=2]
              LayoutTable {TABLE} at (1,1) size 300x84 [border: (1px outset #808080)]
                LayoutTableSection {TBODY} at (1,1) size 298x82
                  LayoutTableRow {TR} at (0,0) size 298x82
                    LayoutTableCell {TD} at (0,0) size 298x82 [border: (1px inset #808080)] [r=0 c=0 rs=1 cs=1]
                      LayoutText {#text} at (1,1) size 294x79
                        text run at (1,1) width 286: "Presidential candidates George W. Bush and Al"
                        text run at (1,21) width 294: "Gore are expected to show a kinder, gentler side"
                        text run at (1,41) width 264: "Wednesday in the second of three nationally"
                        text run at (1,61) width 111: "televised debates. "
                      LayoutBR {BR} at (112,76) size 0x0
            LayoutTableCell {TD} at (302,2) size 96x82 [border: (1px inset #808080)] [r=0 c=2 rs=1 cs=1]
              LayoutBlockFlow (anonymous) at (1,1) size 94x80
                LayoutInline {FONT} at (0,0) size 91x79 [color=#CC3333]
                  LayoutText {#text} at (0,0) size 91x79
                    text run at (0,0) width 91: "Avon.com: Fall"
                    text run at (0,20) width 79: "makeup sale."
                    text run at (0,40) width 65: "Save up to"
                    text run at (0,60) width 33: "47%."
              LayoutBlockFlow (anonymous) at (1,81) size 94x0
                LayoutBlockFlow {FORM} at (0,0) size 94x0 [color=#CC3333]
              LayoutBlockFlow (anonymous) at (1,81) size 94x0
                LayoutInline {FONT} at (0,0) size 0x0 [color=#CC3333]
