layer at (0,0) size 800x600
  LayoutView at (0,0) size 800x600
layer at (0,0) size 800x600
  LayoutBlockFlow {HTML} at (0,0) size 800x600
    LayoutBlockFlow {BODY} at (8,8) size 784x584
      LayoutTable {TABLE} at (0,0) size 504x114 [border: (3px outset #808080)]
        LayoutTableSection {TBODY} at (3,3) size 498x108
          LayoutTableRow {TR} at (0,2) size 498x104
            LayoutTableCell {TD} at (2,2) size 494x104 [border: (1px inset #808080)] [r=0 c=0 rs=1 cs=1]
              LayoutTable {TABLE} at (2,2) size 500x100 [border: (2px outset #808080)]
                LayoutTableSection {TBODY} at (2,2) size 496x96
                  LayoutTableRow {TR} at (0,2) size 496x92
                    LayoutTableCell {TD} at (2,2) size 422x92 [border: (1px inset #808080)] [r=0 c=0 rs=1 cs=1]
                      LayoutTable {TABLE} at (11,11) size 400x70 [border: (1px outset #808080)]
                        LayoutTableSection {TBODY} at (1,1) size 398x68
                          LayoutTableRow {TR} at (0,2) size 398x64
                            LayoutTableCell {TD} at (2,2) size 394x64 [border: (1px inset #808080)] [r=0 c=0 rs=1 cs=1]
                              LayoutText {#text} at (2,2) size 370x59
                                text run at (2,2) width 370: "Have a tip or rumor to share? Just click on the icon and if you"
                                text run at (2,22) width 369: "get a BrowserWatch net.fame be sure and display the icon on"
                                text run at (2,42) width 210: "your own home page for all to see!"
                    LayoutTableCell {TD} at (426,27) size 68x42 [border: (1px inset #808080)] [r=0 c=1 rs=1 cs=1]
                      LayoutText {#text} at (11,11) size 20x19
                        text run at (11,11) width 20: "foo"
