layer at (0,0) size 800x600
  LayoutView at (0,0) size 800x600
layer at (0,0) size 800x600
  LayoutBlockFlow {HTML} at (0,0) size 800x600
    LayoutBlockFlow {BODY} at (8,8) size 784x584
      LayoutTable {TABLE} at (0,0) size 194x246 [bgcolor=#FF0000] [border: (1px outset #808080)]
        LayoutTableSection {TBODY} at (1,1) size 192x244
          LayoutTableRow {TR} at (0,20) size 192x92
            LayoutTableCell {TD} at (20,54) size 28x24 [border: (1px inset #808080)] [r=0 c=0 rs=1 cs=1]
              LayoutText {#text} at (2,2) size 24x19
                text run at (2,2) width 24: "Cell"
            LayoutTableCell {TD} at (68,20) size 104x204 [border: (1px inset #808080)] [r=0 c=1 rs=2 cs=1]
              LayoutImage {IMG} at (2,2) size 100x200
              LayoutText {#text} at (0,0) size 0x0
          LayoutTableRow {TR} at (0,132) size 192x92
            LayoutTableCell {TD} at (20,166) size 28x24 [border: (1px inset #808080)] [r=1 c=0 rs=1 cs=1]
              LayoutText {#text} at (2,2) size 24x19
                text run at (2,2) width 24: "Cell"
