layer at (0,0) size 800x600
  LayoutView at (0,0) size 800x600
layer at (0,0) size 800x600
  LayoutBlockFlow {HTML} at (0,0) size 800x600
    LayoutBlockFlow {BODY} at (8,8) size 784x584
      LayoutBlockFlow {DIV} at (0,0) size 784x146
        LayoutTable {TABLE} at (78.50,0) size 627x146 [bgcolor=#0000FF] [border: (1px outset #808080)]
          LayoutTableSection {TBODY} at (1,1) size 625x144
            LayoutTableRow {TR} at (0,2) size 625x140
              LayoutTableCell {TD} at (2,2) size 621x140 [border: (1px inset #808080)] [r=0 c=0 rs=1 cs=1]
                LayoutBlockFlow (anonymous) at (2,2) size 617x20
                  LayoutText {#text} at (0,0) size 39x19
                    text run at (0,0) width 39: "before"
                LayoutTable {TABLE} at (2,22) size 617x96 [bgcolor=#FF0000] [border: (1px outset #808080)]
                  LayoutTableSection {TBODY} at (1,1) size 615x94
                    LayoutTableRow {TR} at (0,2) size 615x24
                      LayoutTableCell {TD} at (2,2) size 385x24 [border: (1px inset #808080)] [r=0 c=0 rs=1 cs=1]
                        LayoutText {#text} at (2,2) size 252x19
                          text run at (2,2) width 252: "This is some text. This is some text. Cell 1"
                      LayoutTableCell {TD} at (389,2) size 224x24 [border: (1px inset #808080)] [r=0 c=1 rs=1 cs=1]
                        LayoutText {#text} at (2,2) size 144x19
                          text run at (2,2) width 144: "This is some text. Cell 2"
                    LayoutTableRow {TR} at (0,28) size 615x64
                      LayoutTableCell {TD} at (2,28) size 611x64 [border: (1px inset #808080)] [r=1 c=0 rs=1 cs=2]
                        LayoutText {#text} at (2,2) size 601x59
                          text run at (2,2) width 577: "This is some text. This is some text. This is some text. This is some text. This is some text. This is"
                          text run at (2,22) width 601: "some text. This is some text. This is some text. This is some text. This is some text. This is some text."
                          text run at (2,42) width 320: "This is some text. This is some text. This is some text."
                LayoutBlockFlow (anonymous) at (2,118) size 617x20
                  LayoutText {#text} at (0,0) size 27x19
                    text run at (0,0) width 27: "after"
