layer at (0,0) size 800x600
  LayoutView at (0,0) size 800x600
layer at (0,0) size 800x600
  LayoutBlockFlow {HTML} at (0,0) size 800x600
    LayoutBlockFlow {BODY} at (8,8) size 784x584
      LayoutTable {TABLE} at (0,0) size 784x424 [border: (3px outset #808080)]
        LayoutTableSection {TBODY} at (3,3) size 778x418
          LayoutTableRow {TR} at (0,0) size 778x231
            LayoutTableCell {TD} at (0,114) size 134x2 [border: (1px inset #808080)] [r=0 c=0 rs=1 cs=1]
            LayoutTableCell {TD} at (134,114) size 5x2 [border: (1px inset #808080)] [r=0 c=1 rs=1 cs=1]
            LayoutTableCell {TD} at (139,0) size 500x231 [border: (1px inset #808080)] [r=0 c=2 rs=1 cs=1]
              LayoutTable {TABLE} at (1,1) size 498x229 [bgcolor=#FFFF00]
                LayoutTableSection {TBODY} at (0,0) size 498x229
                  LayoutTableRow {TR} at (0,0) size 498x229
                    LayoutTableCell {TD} at (0,114) size 0x0 [r=0 c=0 rs=1 cs=1]
                    LayoutTableCell {TD} at (0,67) size 498x95.44 [r=0 c=1 rs=1 cs=1]
                      LayoutBlockFlow {H1} at (0,0) size 498x74
                        LayoutText {#text} at (0,0) size 478x73
                          text run at (0,0) width 478: "Detonator Comparison In 3DMark"
                          text run at (0,37) width 64: "2001"
                    LayoutTableCell {TD} at (498,114) size 0x0 [r=0 c=2 rs=1 cs=1]
            LayoutTableCell {TD} at (639,114) size 5x2 [border: (1px inset #808080)] [r=0 c=3 rs=1 cs=1]
            LayoutTableCell {TD} at (644,57) size 134x117 [border: (1px inset #808080)] [r=0 c=4 rs=1 cs=1]
              LayoutTable {TABLE} at (1,1) size 132x115 [bgcolor=#FFA500] [border: (1px outset #808080)]
                LayoutTableSection {TBODY} at (1,1) size 130x113
                  LayoutTableRow {TR} at (0,0) size 130x113
                    LayoutTableCell {TD} at (0,0) size 130x113 [border: (1px inset #808080)] [r=0 c=0 rs=1 cs=1]
                      LayoutTable {TABLE} at (1,1) size 128x111 [bgcolor=#FF0000]
                        LayoutTableSection {TBODY} at (0,0) size 128x111
                          LayoutTableRow {TR} at (0,0) size 128x111
                            LayoutTableCell {TD} at (0,0) size 128x111 [r=0 c=0 rs=1 cs=1]
                              LayoutInline {A} at (0,0) size 112x19 [color=#0000EE]
                                LayoutImage {IMG} at (0,0) size 112x111
          LayoutTableRow {TR} at (0,231) size 778x184
            LayoutTableCell {TD} at (0,322) size 134x2 [border: (1px inset #808080)] [r=1 c=0 rs=1 cs=1]
          LayoutTableRow {TR} at (0,415) size 778x3
            LayoutTableCell {TD} at (0,415) size 134x3 [border: (1px inset #808080)] [r=2 c=0 rs=1 cs=1]
              LayoutBlockFlow {IMG} at (1,1) size 132x1
            LayoutTableCell {TD} at (134,415) size 5x3 [border: (1px inset #808080)] [r=2 c=1 rs=1 cs=1]
              LayoutBlockFlow {IMG} at (1,1) size 3x1
            LayoutTableCell {TD} at (139,415) size 500x2 [border: (1px inset #808080)] [r=2 c=2 rs=1 cs=1]
            LayoutTableCell {TD} at (639,415) size 5x3 [border: (1px inset #808080)] [r=2 c=3 rs=1 cs=1]
              LayoutBlockFlow {IMG} at (1,1) size 3x1
            LayoutTableCell {TD} at (644,415) size 134x3 [border: (1px inset #808080)] [r=2 c=4 rs=1 cs=1]
              LayoutBlockFlow {IMG} at (1,1) size 132x1
layer at (12,427) size 132x4 clip at (13,428) size 130x2 scrollHeight 18
  LayoutBlockFlow {DIV} at (0,0) size 132x4 [border: (1px solid #C0C0C0)]
    LayoutImage (floating) {IMG} at (2,2) size 16x16
layer at (30,429) size 112x0
  LayoutBlockFlow {DIV} at (18,2) size 112x0
layer at (146,427) size 4x4 clip at (147,428) size 2x2 scrollWidth 17 scrollHeight 18
  LayoutBlockFlow {DIV} at (0,0) size 4x4 [border: (1px solid #C0C0C0)]
    LayoutImage (floating) {IMG} at (2,2) size 16x16
layer at (164,429) size 0x0
  LayoutBlockFlow {DIV} at (18,2) size 0x0
layer at (651,427) size 4x4 clip at (652,428) size 2x2 scrollWidth 17 scrollHeight 18
  LayoutBlockFlow {DIV} at (0,0) size 4x4 [border: (1px solid #C0C0C0)]
    LayoutImage (floating) {IMG} at (2,2) size 16x16
layer at (669,429) size 0x0
  LayoutBlockFlow {DIV} at (18,2) size 0x0
layer at (656,427) size 132x4 clip at (657,428) size 130x2 scrollHeight 18
  LayoutBlockFlow {DIV} at (0,0) size 132x4 [border: (1px solid #C0C0C0)]
    LayoutImage (floating) {IMG} at (2,2) size 16x16
layer at (674,429) size 112x0
  LayoutBlockFlow {DIV} at (18,2) size 112x0
