layer at (0,0) size 800x600
  LayoutView at (0,0) size 800x600
layer at (0,0) size 800x600
  LayoutBlockFlow {HTML} at (0,0) size 800x600
    LayoutBlockFlow {BODY} at (8,8) size 784x584
      LayoutTable {TABLE} at (0,0) size 147x30 [border: (1px outset #808080)]
        LayoutTableSection {TBODY} at (1,1) size 145x28
          LayoutTableRow {TR} at (0,2) size 145x24
            LayoutTableCell {TD} at (2,2) size 141x24 [border: (1px inset #808080)] [r=0 c=0 rs=1 cs=4]
              LayoutImage (floating) {IMG} at (121,2) size 18x15
              LayoutImage (floating) {IMG} at (90,2) size 28x15
              LayoutImage (floating) {IMG} at (69,2) size 18x15
              LayoutInline {B} at (0,0) size 64x19
                LayoutInline {B} at (0,0) size 64x19
                  LayoutText {#text} at (2,2) size 64x19
                    text run at (2,2) width 64: "Portfolios"
              LayoutText {#text} at (0,0) size 0x0
      LayoutBlockFlow (anonymous) at (0,30) size 784x20
        LayoutBR {BR} at (0,0) size 0x19
      LayoutTable {TABLE} at (0,50) size 784x32 [bgcolor=#EEEEEE] [border: (1px outset #808080)]
        LayoutTableSection {TBODY} at (1,1) size 782x30
          LayoutTableRow {TR} at (0,0) size 782x30 [bgcolor=#CCCCFF]
            LayoutTableCell {TD} at (0,0) size 782x30 [border: (1px inset #808080)] [r=0 c=0 rs=1 cs=1]
              LayoutInline {A} at (0,0) size 0x0 [color=#0000EE]
                LayoutText {#text} at (0,0) size 0x0
                LayoutImage (floating) {IMG} at (759,5) size 18x15
              LayoutText {#text} at (0,0) size 0x0
              LayoutInline {A} at (0,0) size 0x0 [color=#0000EE]
                LayoutText {#text} at (0,0) size 0x0
                LayoutImage (floating) {IMG} at (728,5) size 28x15
                LayoutText {#text} at (0,0) size 0x0
              LayoutText {#text} at (5,5) size 61x19
                text run at (5,5) width 61: "Some text"
