layer at (0,0) size 800x600
  LayoutView at (0,0) size 800x600
layer at (0,0) size 800x600
  LayoutBlockFlow {HTML} at (0,0) size 800x600
    LayoutBlockFlow {BODY} at (8,8) size 784x584
      LayoutTable {TABLE} at (0,0) size 276x26
        LayoutTableSection {TBODY} at (0,0) size 276x26
          LayoutTableRow {TR} at (0,2) size 276x22
            LayoutTableCell {TD} at (2,2) size 2x22 [bgcolor=#000000] [r=0 c=0 rs=1 cs=15]
              LayoutBR {BR} at (1,1) size 0x19
            LayoutTableCell {TD} at (6,2) size 264x18 [bgcolor=#000000] [r=0 c=15 rs=1 cs=1]
              LayoutInline {FONT} at (0,0) size 262x15 [color=#AAAAAA]
                LayoutText {#text} at (1,1) size 262x15
                  text run at (1,1) width 262: "Copyright \x{A9} 1998-1999 The Mozilla Organization."
              LayoutText {#text} at (0,0) size 0x0
            LayoutTableCell {TD} at (272,2) size 2x22 [bgcolor=#000000] [r=0 c=16 rs=1 cs=15]
              LayoutBR {BR} at (1,1) size 0x19
