layer at (0,0) size 800x600 clip at (0,0) size 785x600 scrollHeight 4686
  LayoutView at (0,0) size 800x600
layer at (0,0) size 785x4686 backgroundClip at (0,0) size 785x600 clip at (0,0) size 785x600
  LayoutBlockFlow {HTML} at (0,0) size 785x4686
    LayoutBlockFlow {BODY} at (8,8) size 769x4670
      LayoutBlockFlow {DIV} at (0,0) size 769x4654
        LayoutBlockFlow (anonymous) at (0,0) size 769x20
          LayoutText {#text} at (0,0) size 4x19
            text run at (0,0) width 4: " "
        LayoutTable {TABLE} at (67.19,20) size 473x4586 [border: none]
          LayoutTableSection {TBODY} at (0,0) size 472x4585
            LayoutTableRow {TR} at (0,0) size 472x22
              LayoutTableCell {TD} at (0,0) size 472x22 [border: (1px solid #000000)] [r=0 c=0 rs=1 cs=4]
                LayoutBlockFlow {P} at (8.19,1) size 457x0
                  LayoutInline {B} at (0,0) size 0x0
                    LayoutInline {SPAN} at (0,0) size 0x0
                      LayoutInline {O:P} at (0,0) size 0x0
                LayoutBlockFlow {P} at (8.19,1) size 457x21
                  LayoutInline {B} at (0,0) size 405x15
                    LayoutInline {SPAN} at (0,0) size 405x15
                      LayoutInline {FONT} at (0,0) size 405x20 [color=#008080]
                        LayoutText {#text} at (26,0) size 405x20
                          text run at (26,0) width 190: "Radio Channel usage at "
                          text run at (216,0) width 215: "Bayside.    Rev date 6-25-01"
                LayoutBlockFlow {P} at (8.19,22) size 457x0
                  LayoutInline {B} at (0,0) size 0x0
                    LayoutInline {SPAN} at (0,0) size 0x0
                      LayoutInline {O:P} at (0,0) size 0x0
            LayoutTableRow {TR} at (0,22) size 472x37
              LayoutTableCell {TD} at (0,22) size 98x37 [border: (1px solid #000000)] [r=1 c=0 rs=1 cs=1]
                LayoutInline {B} at (0,0) size 55x37
                  LayoutInline {SPAN} at (0,0) size 55x35
                    LayoutText {#text} at (22,1) size 55x35
                      text run at (22,1) width 55: "Channel"
                      text run at (24,19) width 51: "number"
                LayoutText {#text} at (0,0) size 0x0
              LayoutTableCell {TD} at (98,22) size 170x19 [border: (1px solid #000000) (1px none #808080)] [r=1 c=1 rs=1 cs=1]
                LayoutInline {B} at (0,0) size 97x19
                  LayoutInline {SPAN} at (0,0) size 97x17
                    LayoutText {#text} at (37,1) size 97x17
                      text run at (37,1) width 97: "Member name"
                LayoutText {#text} at (0,0) size 0x0
              LayoutTableCell {TD} at (268,22) size 99x37 [border: (1px solid #000000) (1px none #808080)] [r=1 c=2 rs=1 cs=1]
                LayoutBlockFlow {P} at (8.19,1) size 84x18
                  LayoutInline {B} at (0,0) size 46x15
                    LayoutInline {SPAN} at (0,0) size 46x17
                      LayoutText {#text} at (19,0) size 46x17
                        text run at (19,0) width 46: "Proper"
                      LayoutInline {SPAN} at (0,0) size 1x17
                        LayoutInline {O:P} at (0,0) size 1x17
                LayoutBlockFlow {P} at (8.19,19) size 84x18
                  LayoutInline {B} at (0,0) size 36x15
                    LayoutInline {SPAN} at (0,0) size 36x17
                      LayoutText {#text} at (24,0) size 36x17
                        text run at (24,0) width 36: "Plane"
              LayoutTableCell {TD} at (367,22) size 105x37 [border: (1px solid #000000) (1px none #808080)] [r=1 c=3 rs=1 cs=1]
                LayoutBlockFlow {P} at (8.19,1) size 90x18
                  LayoutInline {B} at (0,0) size 70x15
                    LayoutInline {SPAN} at (0,0) size 70x17
                      LayoutText {#text} at (10,0) size 70x17
                        text run at (10,0) width 70: "Helicopter"
                      LayoutInline {SPAN} at (0,0) size 0x17
                        LayoutInline {O:P} at (0,0) size 0x17
                LayoutBlockFlow {P} at (8.19,19) size 90x18
                  LayoutInline {B} at (0,0) size 50x15
                    LayoutInline {SPAN} at (0,0) size 50x17
                      LayoutText {#text} at (20,0) size 50x17
                        text run at (20,0) width 50: "thingy.-"
            LayoutTableRow {TR} at (0,59) size 472x33
              LayoutTableCell {TD} at (0,59) size 98x17 [border: (1px none #808080) none] [r=2 c=0 rs=1 cs=1]
                LayoutBlockFlow {P} at (8.19,1) size 83x16
                  LayoutText {#text} at (35,0) size 13x15
                    text run at (35,0) width 13: "00"
                  LayoutInline {SPAN} at (0,0) size 1x15
                    LayoutInline {O:P} at (0,0) size 1x15
              LayoutTableCell {TD} at (98,59) size 170x33 [border: (1px none #808080) none (1px none #808080)] [r=2 c=1 rs=1 cs=1]
                LayoutBlockFlow {P} at (8.19,1) size 155x16
                  LayoutText {#text} at (0,0) size 54x15
                    text run at (0,0) width 54: "Paul Scott"
                LayoutBlockFlow {P} at (8.19,17) size 155x16
                  LayoutText {#text} at (0,0) size 90x15
                    text run at (0,0) width 90: "Donald Carvalho"
                  LayoutInline {SPAN} at (0,0) size 0x15
                    LayoutInline {O:P} at (0,0) size 0x15
              LayoutTableCell {TD} at (268,59) size 99x17 [border: (1px none #808080) none (1px none #808080)] [r=2 c=2 rs=1 cs=1]
                LayoutBlockFlow {P} at (8.19,1) size 84x16
                  LayoutText {#text} at (34,0) size 16x15
                    text run at (34,0) width 16: "No"
                  LayoutInline {SPAN} at (0,0) size 0x15
                    LayoutInline {O:P} at (0,0) size 0x15
              LayoutTableCell {TD} at (367,59) size 105x17 [border: (1px none #808080) none (1px none #808080)] [r=2 c=3 rs=1 cs=1]
                LayoutBlockFlow {P} at (8.19,1) size 90x16
                  LayoutText {#text} at (35,0) size 20x15
                    text run at (35,0) width 20: "Yes"
                  LayoutInline {SPAN} at (0,0) size 1x15
                    LayoutInline {O:P} at (0,0) size 1x15
            LayoutTableRow {TR} at (0,92) size 472x17
              LayoutTableCell {TD} at (0,92) size 98x17 [border: (1px none #808080) none] [r=3 c=0 rs=1 cs=1]
                LayoutBlockFlow {P} at (8.19,1) size 83x16
                  LayoutText {#text} at (35,0) size 13x15
                    text run at (35,0) width 13: "01"
                  LayoutInline {SPAN} at (0,0) size 1x15
                    LayoutInline {O:P} at (0,0) size 1x15
              LayoutTableCell {TD} at (98,92) size 170x17 [border: (1px none #808080) none (1px none #808080)] [r=3 c=1 rs=1 cs=1]
                LayoutBlockFlow {P} at (8.19,1) size 155x16
                  LayoutText {#text} at (0,0) size 54x15
                    text run at (0,0) width 54: "Paul Scott"
                  LayoutInline {SPAN} at (0,0) size 0x15
                    LayoutInline {O:P} at (0,0) size 0x15
              LayoutTableCell {TD} at (268,92) size 99x17 [border: (1px none #808080) none (1px none #808080)] [r=3 c=2 rs=1 cs=1]
                LayoutBlockFlow {P} at (8.19,1) size 84x16
                  LayoutText {#text} at (34,0) size 16x15
                    text run at (34,0) width 16: "No"
                  LayoutInline {SPAN} at (0,0) size 0x15
                    LayoutInline {O:P} at (0,0) size 0x15
              LayoutTableCell {TD} at (367,92) size 105x17 [border: (1px none #808080) none (1px none #808080)] [r=3 c=3 rs=1 cs=1]
                LayoutBlockFlow {P} at (8.19,1) size 90x16
                  LayoutText {#text} at (35,0) size 20x15
                    text run at (35,0) width 20: "Yes"
                  LayoutInline {SPAN} at (0,0) size 1x15
                    LayoutInline {O:P} at (0,0) size 1x15
            LayoutTableRow {TR} at (0,109) size 472x21
              LayoutTableCell {TD} at (0,109) size 98x17 [border: (1px none #808080) none] [r=4 c=0 rs=1 cs=1]
                LayoutBlockFlow {P} at (8.19,1) size 83x16
                  LayoutInline {FONT} at (0,0) size 13x15
                    LayoutText {#text} at (35,0) size 13x15
                      text run at (35,0) width 13: "02"
                  LayoutText {#text} at (0,0) size 0x0
              LayoutTableCell {TD} at (98,109) size 170x17 [border: (1px none #808080) none (1px none #808080)] [r=4 c=1 rs=1 cs=1]
                LayoutInline {FONT} at (0,0) size 55x15
                  LayoutText {#text} at (8,1) size 55x15
                    text run at (8,1) width 55: "Don Coon"
                LayoutText {#text} at (0,0) size 0x0
              LayoutTableCell {TD} at (268,109) size 99x21 [border: (1px none #808080) none (1px none #808080)] [r=4 c=2 rs=1 cs=1]
                LayoutText {#text} at (8,1) size 4x19
                  text run at (8,1) width 4: " "
              LayoutTableCell {TD} at (367,109) size 105x21 [border: (1px none #808080) none (1px none #808080)] [r=4 c=3 rs=1 cs=1]
                LayoutText {#text} at (8,1) size 4x19
                  text run at (8,1) width 4: " "
            LayoutTableRow {TR} at (0,130) size 472x33
              LayoutTableCell {TD} at (0,130) size 98x17 [border: (1px none #808080) none] [r=5 c=0 rs=1 cs=1]
                LayoutInline {FONT} at (0,0) size 13x15
                  LayoutText {#text} at (43,1) size 13x15
                    text run at (43,1) width 13: "05"
                LayoutText {#text} at (0,0) size 0x0
              LayoutTableCell {TD} at (98,130) size 170x33 [border: (1px none #808080) none (1px none #808080)] [r=5 c=1 rs=1 cs=1]
                LayoutBlockFlow {P} at (8.19,1) size 155x16
                  LayoutInline {FONT} at (0,0) size 54x15
                    LayoutText {#text} at (0,0) size 54x15
                      text run at (0,0) width 54: "Paul Scott"
                LayoutBlockFlow {P} at (8.19,17) size 155x16
                  LayoutInline {FONT} at (0,0) size 47x15
                    LayoutText {#text} at (0,0) size 47x15
                      text run at (0,0) width 47: "Bill Hunt"
                    LayoutInline {SPAN} at (0,0) size 0x15
                      LayoutInline {O:P} at (0,0) size 0x15
              LayoutTableCell {TD} at (268,130) size 99x17 [border: (1px none #808080) none (1px none #808080)] [r=5 c=2 rs=1 cs=1]
                LayoutBlockFlow {P} at (8.19,1) size 84x16
                  LayoutInline {FONT} at (0,0) size 16x15
                    LayoutText {#text} at (34,0) size 16x15
                      text run at (34,0) width 16: "No"
                    LayoutInline {SPAN} at (0,0) size 0x15
                      LayoutInline {O:P} at (0,0) size 0x15
              LayoutTableCell {TD} at (367,130) size 105x17 [border: (1px none #808080) none (1px none #808080)] [r=5 c=3 rs=1 cs=1]
                LayoutBlockFlow {P} at (8.19,1) size 90x16
                  LayoutInline {FONT} at (0,0) size 20x15
                    LayoutText {#text} at (35,0) size 20x15
                      text run at (35,0) width 20: "Yes"
                    LayoutInline {SPAN} at (0,0) size 1x15
                      LayoutInline {O:P} at (0,0) size 1x15
            LayoutTableRow {TR} at (0,163) size 472x33
              LayoutTableCell {TD} at (0,163) size 98x17 [border: (1px none #808080) none] [r=6 c=0 rs=1 cs=1]
                LayoutInline {FONT} at (0,0) size 13x15
                  LayoutText {#text} at (43,1) size 13x15
                    text run at (43,1) width 13: "06"
                LayoutText {#text} at (0,0) size 0x0
              LayoutTableCell {TD} at (98,163) size 170x33 [border: (1px none #808080) none (1px none #808080)] [r=6 c=1 rs=1 cs=1]
                LayoutInline {FONT} at (0,0) size 128x31
                  LayoutText {#text} at (8,1) size 128x31
                    text run at (8,1) width 128: "Gene Pheiffer                   "
                    text run at (8,17) width 81: "Alberto Lanzas"
                LayoutText {#text} at (0,0) size 0x0
              LayoutTableCell {TD} at (268,163) size 99x33 [border: (1px none #808080) none (1px none #808080)] [r=6 c=2 rs=1 cs=1]
                LayoutBlockFlow {P} at (8.19,1) size 84x16
                  LayoutText {#text} at (32,0) size 20x15
                    text run at (32,0) width 20: "Yes"
                LayoutBlockFlow {P} at (8.19,17) size 84x16
                  LayoutText {#text} at (32,0) size 20x15
                    text run at (32,0) width 20: "Yes"
              LayoutTableCell {TD} at (367,163) size 105x33 [border: (1px none #808080) none (1px none #808080)] [r=6 c=3 rs=1 cs=1]
                LayoutBlockFlow (anonymous) at (8.19,1) size 90x16
                  LayoutInline {SPAN} at (0,0) size 16x19
                    LayoutInline {FONT} at (0,0) size 16x15
                      LayoutText {#text} at (37,0) size 16x15
                        text run at (37,0) width 16: "No"
                  LayoutText {#text} at (0,0) size 0x0
                LayoutBlockFlow {P} at (8.19,17) size 90x16
                  LayoutText {#text} at (35,0) size 20x15
                    text run at (35,0) width 20: "Yes"
            LayoutTableRow {TR} at (0,196) size 472x17
              LayoutTableCell {TD} at (0,196) size 98x17 [border: (1px none #808080) none] [r=7 c=0 rs=1 cs=1]
                LayoutBlockFlow {P} at (8.19,1) size 83x16
                  LayoutInline {FONT} at (0,0) size 13x15
                    LayoutText {#text} at (35,0) size 13x15
                      text run at (35,0) width 13: "07"
                  LayoutText {#text} at (0,0) size 0x0
              LayoutTableCell {TD} at (98,196) size 170x17 [border: (1px none #808080) none (1px none #808080)] [r=7 c=1 rs=1 cs=1]
                LayoutInline {FONT} at (0,0) size 47x15
                  LayoutText {#text} at (8,1) size 47x15
                    text run at (8,1) width 47: "Phil Cole"
                LayoutText {#text} at (0,0) size 0x0
              LayoutTableCell {TD} at (268,196) size 99x17 [border: (1px none #808080) none (1px none #808080)] [r=7 c=2 rs=1 cs=1]
                LayoutBlockFlow {P} at (8.19,1) size 84x16
                  LayoutInline {FONT} at (0,0) size 20x15
                    LayoutText {#text} at (32,0) size 20x15
                      text run at (32,0) width 20: "Yes"
                  LayoutText {#text} at (0,0) size 0x0
              LayoutTableCell {TD} at (367,196) size 105x17 [border: (1px none #808080) none (1px none #808080)] [r=7 c=3 rs=1 cs=1]
                LayoutBlockFlow {P} at (8.19,1) size 90x16
                  LayoutInline {FONT} at (0,0) size 20x15
                    LayoutText {#text} at (35,0) size 20x15
                      text run at (35,0) width 20: "Yes"
                  LayoutText {#text} at (0,0) size 0x0
            LayoutTableRow {TR} at (0,213) size 472x33
              LayoutTableCell {TD} at (0,213) size 98x17 [border: (1px none #808080) none] [r=8 c=0 rs=1 cs=1]
                LayoutBlockFlow {P} at (8.19,1) size 83x16
                  LayoutText {#text} at (35,0) size 13x15
                    text run at (35,0) width 13: "08"
                  LayoutInline {SPAN} at (0,0) size 1x15
                    LayoutInline {O:P} at (0,0) size 1x15
              LayoutTableCell {TD} at (98,213) size 170x33 [border: (1px none #808080) none (1px none #808080)] [r=8 c=1 rs=1 cs=1]
                LayoutBlockFlow {P} at (8.19,1) size 155x16
                  LayoutText {#text} at (0,0) size 54x15
                    text run at (0,0) width 54: "Paul Scott"
                LayoutBlockFlow {P} at (8.19,17) size 155x16
                  LayoutText {#text} at (0,0) size 71x15
                    text run at (0,0) width 71: "Gene Pheiffer"
                  LayoutInline {SPAN} at (0,0) size 1x15
                    LayoutInline {O:P} at (0,0) size 1x15
              LayoutTableCell {TD} at (268,213) size 99x33 [border: (1px none #808080) none (1px none #808080)] [r=8 c=2 rs=1 cs=1]
                LayoutBlockFlow {P} at (8.19,1) size 84x16
                  LayoutText {#text} at (34,0) size 16x15
                    text run at (34,0) width 16: "No"
                LayoutBlockFlow {P} at (8.19,17) size 84x16
                  LayoutText {#text} at (32,0) size 20x15
                    text run at (32,0) width 20: "Yes"
                  LayoutInline {SPAN} at (0,0) size 1x15
                    LayoutInline {O:P} at (0,0) size 1x15
              LayoutTableCell {TD} at (367,213) size 105x33 [border: (1px none #808080) none (1px none #808080)] [r=8 c=3 rs=1 cs=1]
                LayoutBlockFlow {P} at (8.19,1) size 90x16
                  LayoutText {#text} at (35,0) size 20x15
                    text run at (35,0) width 20: "Yes"
                LayoutBlockFlow {P} at (8.19,17) size 90x16
                  LayoutText {#text} at (37,0) size 16x15
                    text run at (37,0) width 16: "No"
                  LayoutInline {SPAN} at (0,0) size 0x15
                    LayoutInline {O:P} at (0,0) size 0x15
            LayoutTableRow {TR} at (0,246) size 472x49
              LayoutTableCell {TD} at (0,246) size 98x17 [border: (1px none #808080) none] [r=9 c=0 rs=1 cs=1]
                LayoutBlockFlow {P} at (8.19,1) size 83x16
                  LayoutText {#text} at (4,0) size 75x15
                    text run at (4,0) width 75: "Programmable"
                  LayoutInline {SPAN} at (0,0) size 0x15
                    LayoutInline {O:P} at (0,0) size 0x15
              LayoutTableCell {TD} at (98,246) size 170x49 [border: (1px none #808080) none (1px none #808080)] [r=9 c=1 rs=1 cs=1]
                LayoutBlockFlow {P} at (8.19,1) size 155x16
                  LayoutText {#text} at (0,0) size 103x15
                    text run at (0,0) width 103: "Richard Pevehouse"
                  LayoutInline {SPAN} at (0,0) size 0x15
                    LayoutInline {O:P} at (0,0) size 0x15
                LayoutBlockFlow {P} at (8.19,17) size 155x16
                  LayoutText {#text} at (0,0) size 60x15
                    text run at (0,0) width 60: "Gary Heath"
                LayoutBlockFlow {P} at (8.19,33) size 155x16
                  LayoutText {#text} at (0,0) size 63x15
                    text run at (0,0) width 63: "Scott Hersh"
                  LayoutInline {SPAN} at (0,0) size 0x15
                    LayoutInline {O:P} at (0,0) size 0x15
              LayoutTableCell {TD} at (268,246) size 99x33 [border: (1px none #808080) none (1px none #808080)] [r=9 c=2 rs=1 cs=1]
                LayoutBlockFlow {P} at (8.19,1) size 84x16
                  LayoutText {#text} at (32,0) size 20x15
                    text run at (32,0) width 20: "Yes"
                  LayoutInline {SPAN} at (0,0) size 1x15
                    LayoutInline {O:P} at (0,0) size 1x15
                LayoutBlockFlow {P} at (8.19,17) size 84x16
                  LayoutText {#text} at (34,0) size 16x15
                    text run at (34,0) width 16: "No"
                  LayoutInline {SPAN} at (0,0) size 0x15
                    LayoutInline {O:P} at (0,0) size 0x15
              LayoutTableCell {TD} at (367,246) size 105x33 [border: (1px none #808080) none (1px none #808080)] [r=9 c=3 rs=1 cs=1]
                LayoutBlockFlow {P} at (8.19,1) size 90x16
                  LayoutText {#text} at (37,0) size 16x15
                    text run at (37,0) width 16: "No"
                  LayoutInline {SPAN} at (0,0) size 0x15
                    LayoutInline {O:P} at (0,0) size 0x15
                LayoutBlockFlow {P} at (8.19,17) size 90x16
                  LayoutText {#text} at (35,0) size 20x15
                    text run at (35,0) width 20: "Yes"
                  LayoutInline {SPAN} at (0,0) size 1x15
                    LayoutInline {O:P} at (0,0) size 1x15
            LayoutTableRow {TR} at (0,295) size 472x113
              LayoutTableCell {TD} at (0,295) size 98x17 [border: (1px none #808080) none] [r=10 c=0 rs=1 cs=1]
                LayoutBlockFlow {P} at (8.19,1) size 83x16
                  LayoutText {#text} at (35,0) size 13x15
                    text run at (35,0) width 13: "11"
                  LayoutInline {SPAN} at (0,0) size 1x15
                    LayoutInline {O:P} at (0,0) size 1x15
              LayoutTableCell {TD} at (98,295) size 170x113 [border: (1px none #808080) none (1px none #808080)] [r=10 c=1 rs=1 cs=1]
                LayoutBlockFlow {P} at (8.19,1) size 155x16
                  LayoutText {#text} at (0,0) size 78x15
                    text run at (0,0) width 78: "George Cowan"
                  LayoutInline {SPAN} at (0,0) size 1x15
                    LayoutInline {O:P} at (0,0) size 1x15
                LayoutBlockFlow {P} at (8.19,17) size 155x16
                  LayoutText {#text} at (0,0) size 70x15
                    text run at (0,0) width 70: "Rick Klement"
                  LayoutInline {SPAN} at (0,0) size 0x15
                    LayoutInline {O:P} at (0,0) size 0x15
                LayoutBlockFlow {P} at (8.19,33) size 155x16
                  LayoutText {#text} at (0,0) size 79x15
                    text run at (0,0) width 79: "John Mathews"
                LayoutBlockFlow {P} at (8.19,49) size 155x16
                  LayoutText {#text} at (0,0) size 53x15
                    text run at (0,0) width 53: "Ed Cypret"
                LayoutBlockFlow {P} at (8.19,65) size 155x16
                  LayoutText {#text} at (0,0) size 81x15
                    text run at (0,0) width 81: "John Chamorro"
                LayoutBlockFlow {P} at (8.19,81) size 155x16
                  LayoutText {#text} at (0,0) size 82x15
                    text run at (0,0) width 82: "John Yearwood"
                LayoutBlockFlow {P} at (8.19,97) size 155x16
                  LayoutText {#text} at (0,0) size 88x15
                    text run at (0,0) width 88: "Jason Anderson"
                  LayoutInline {SPAN} at (0,0) size 0x15
                    LayoutInline {O:P} at (0,0) size 0x15
              LayoutTableCell {TD} at (268,295) size 99x113 [border: (1px none #808080) none (1px none #808080)] [r=10 c=2 rs=1 cs=1]
                LayoutBlockFlow {P} at (8.19,1) size 84x16
                  LayoutText {#text} at (32,0) size 20x15
                    text run at (32,0) width 20: "Yes"
                  LayoutInline {SPAN} at (0,0) size 1x15
                    LayoutInline {O:P} at (0,0) size 1x15
                LayoutBlockFlow {P} at (8.19,17) size 84x16
                  LayoutText {#text} at (32,0) size 20x15
                    text run at (32,0) width 20: "Yes"
                  LayoutInline {SPAN} at (0,0) size 1x15
                    LayoutInline {O:P} at (0,0) size 1x15
                LayoutBlockFlow {P} at (8.19,33) size 84x16
                  LayoutText {#text} at (32,0) size 20x15
                    text run at (32,0) width 20: "Yes"
                LayoutBlockFlow {P} at (8.19,49) size 84x16
                  LayoutText {#text} at (40,0) size 4x15
                    text run at (40,0) width 4: " "
                LayoutBlockFlow {P} at (8.19,65) size 84x16
                  LayoutText {#text} at (40,0) size 4x15
                    text run at (40,0) width 4: " "
                LayoutBlockFlow {P} at (8.19,81) size 84x16
                  LayoutText {#text} at (32,0) size 20x15
                    text run at (32,0) width 20: "Yes"
                LayoutBlockFlow {P} at (8.19,97) size 84x16
                  LayoutText {#text} at (32,0) size 20x15
                    text run at (32,0) width 20: "Yes"
                  LayoutInline {SPAN} at (0,0) size 1x15
                    LayoutInline {O:P} at (0,0) size 1x15
              LayoutTableCell {TD} at (367,295) size 105x113 [border: (1px none #808080) none (1px none #808080)] [r=10 c=3 rs=1 cs=1]
                LayoutBlockFlow {P} at (8.19,1) size 90x16
                  LayoutText {#text} at (37,0) size 16x15
                    text run at (37,0) width 16: "No"
                  LayoutInline {SPAN} at (0,0) size 0x15
                    LayoutInline {O:P} at (0,0) size 0x15
                LayoutBlockFlow {P} at (8.19,17) size 90x16
                  LayoutText {#text} at (35,0) size 20x15
                    text run at (35,0) width 20: "Yes"
                  LayoutInline {SPAN} at (0,0) size 1x15
                    LayoutInline {O:P} at (0,0) size 1x15
                LayoutBlockFlow {P} at (8.19,33) size 90x16
                  LayoutText {#text} at (37,0) size 16x15
                    text run at (37,0) width 16: "No"
                LayoutBlockFlow {P} at (8.19,49) size 90x16
                  LayoutText {#text} at (43,0) size 4x15
                    text run at (43,0) width 4: " "
                LayoutBlockFlow {P} at (8.19,65) size 90x16
                  LayoutText {#text} at (43,0) size 4x15
                    text run at (43,0) width 4: " "
                LayoutBlockFlow {P} at (8.19,81) size 90x16
                  LayoutText {#text} at (37,0) size 16x15
                    text run at (37,0) width 16: "No"
                LayoutBlockFlow {P} at (8.19,97) size 90x16
                  LayoutText {#text} at (37,0) size 16x15
                    text run at (37,0) width 16: "No"
                  LayoutInline {SPAN} at (0,0) size 0x15
                    LayoutInline {O:P} at (0,0) size 0x15
            LayoutTableRow {TR} at (0,408) size 472x81
              LayoutTableCell {TD} at (0,408) size 98x17 [border: (1px none #808080) none] [r=11 c=0 rs=1 cs=1]
                LayoutBlockFlow {P} at (8.19,1) size 83x16
                  LayoutText {#text} at (35,0) size 13x15
                    text run at (35,0) width 13: "12"
                  LayoutInline {SPAN} at (0,0) size 1x15
                    LayoutInline {O:P} at (0,0) size 1x15
              LayoutTableCell {TD} at (98,408) size 170x81 [border: (1px none #808080) none (1px none #808080)] [r=11 c=1 rs=1 cs=1]
                LayoutBlockFlow {P} at (8.19,1) size 155x16
                  LayoutText {#text} at (0,0) size 70x15
                    text run at (0,0) width 70: "Rick Klement"
                LayoutBlockFlow {P} at (8.19,17) size 155x16
                  LayoutText {#text} at (0,0) size 82x15
                    text run at (0,0) width 82: "George Coward"
                LayoutBlockFlow {P} at (8.19,33) size 155x16
                  LayoutText {#text} at (0,0) size 81x15
                    text run at (0,0) width 81: "Gerald Cardinal"
                LayoutBlockFlow {P} at (8.19,49) size 155x16
                  LayoutText {#text} at (0,0) size 69x15
                    text run at (0,0) width 69: "Brock Brown"
                LayoutBlockFlow {P} at (8.19,65) size 155x16
                  LayoutText {#text} at (0,0) size 93x15
                    text run at (0,0) width 93: "Ellsworth Crowell"
              LayoutTableCell {TD} at (268,408) size 99x81 [border: (1px none #808080) none (1px none #808080)] [r=11 c=2 rs=1 cs=1]
                LayoutBlockFlow {P} at (8.19,1) size 84x16
                  LayoutText {#text} at (32,0) size 20x15
                    text run at (32,0) width 20: "Yes"
                LayoutBlockFlow {P} at (8.19,17) size 84x16
                  LayoutText {#text} at (32,0) size 20x15
                    text run at (32,0) width 20: "Yes"
                LayoutBlockFlow {P} at (8.19,33) size 84x16
                  LayoutText {#text} at (40,0) size 4x15
                    text run at (40,0) width 4: " "
                LayoutBlockFlow {P} at (8.19,49) size 84x16
                  LayoutText {#text} at (32,0) size 20x15
                    text run at (32,0) width 20: "Yes"
                LayoutBlockFlow {P} at (8.19,65) size 84x16
                  LayoutText {#text} at (32,0) size 20x15
                    text run at (32,0) width 20: "Yes"
                  LayoutInline {SPAN} at (0,0) size 1x15
                    LayoutInline {O:P} at (0,0) size 1x15
              LayoutTableCell {TD} at (367,408) size 105x81 [border: (1px none #808080) none (1px none #808080)] [r=11 c=3 rs=1 cs=1]
                LayoutBlockFlow {P} at (8.19,1) size 90x16
                  LayoutText {#text} at (35,0) size 20x15
                    text run at (35,0) width 20: "Yes"
                LayoutBlockFlow {P} at (8.19,17) size 90x16
                  LayoutText {#text} at (37,0) size 16x15
                    text run at (37,0) width 16: "No"
                LayoutBlockFlow {P} at (8.19,33) size 90x16
                  LayoutText {#text} at (43,0) size 4x15
                    text run at (43,0) width 4: " "
                LayoutBlockFlow {P} at (8.19,49) size 90x16
                  LayoutText {#text} at (37,0) size 16x15
                    text run at (37,0) width 16: "No"
                LayoutBlockFlow {P} at (8.19,65) size 90x16
                  LayoutText {#text} at (37,0) size 16x15
                    text run at (37,0) width 16: "No"
                  LayoutInline {SPAN} at (0,0) size 0x15
                    LayoutInline {O:P} at (0,0) size 0x15
            LayoutTableRow {TR} at (0,489) size 472x65
              LayoutTableCell {TD} at (0,489) size 98x17 [border: (1px none #808080) none] [r=12 c=0 rs=1 cs=1]
                LayoutBlockFlow {P} at (8.19,1) size 83x16
                  LayoutText {#text} at (35,0) size 13x15
                    text run at (35,0) width 13: "13"
                  LayoutInline {SPAN} at (0,0) size 1x15
                    LayoutInline {O:P} at (0,0) size 1x15
              LayoutTableCell {TD} at (98,489) size 170x65 [border: (1px none #808080) none (1px none #808080)] [r=12 c=1 rs=1 cs=1]
                LayoutBlockFlow {P} at (8.19,1) size 155x16
                  LayoutText {#text} at (0,0) size 62x15
                    text run at (0,0) width 62: " Oliver Baer"
                LayoutBlockFlow {P} at (8.19,17) size 155x16
                  LayoutText {#text} at (0,0) size 58x15
                    text run at (0,0) width 58: "Joe Araujo"
                LayoutBlockFlow {P} at (8.19,33) size 155x16
                  LayoutText {#text} at (0,0) size 70x15
                    text run at (0,0) width 70: "Jim Mirowski"
                LayoutBlockFlow {P} at (8.19,49) size 155x16
                  LayoutText {#text} at (0,0) size 63x15
                    text run at (0,0) width 63: "Scott Hersh"
                  LayoutInline {SPAN} at (0,0) size 0x15
                    LayoutInline {O:P} at (0,0) size 0x15
              LayoutTableCell {TD} at (268,489) size 99x65 [border: (1px none #808080) none (1px none #808080)] [r=12 c=2 rs=1 cs=1]
                LayoutBlockFlow {P} at (8.19,1) size 84x16
                  LayoutText {#text} at (31,0) size 22x15
                    text run at (31,0) width 22: " Yes"
                LayoutBlockFlow {P} at (8.19,17) size 84x16
                  LayoutText {#text} at (40,0) size 4x15
                    text run at (40,0) width 4: " "
                LayoutBlockFlow {P} at (8.19,33) size 84x16
                  LayoutText {#text} at (40,0) size 4x15
                    text run at (40,0) width 4: " "
                LayoutBlockFlow {P} at (8.19,49) size 84x16
                  LayoutText {#text} at (32,0) size 20x15
                    text run at (32,0) width 20: "Yes"
                  LayoutInline {SPAN} at (0,0) size 1x15
                    LayoutInline {O:P} at (0,0) size 1x15
              LayoutTableCell {TD} at (367,489) size 105x65 [border: (1px none #808080) none (1px none #808080)] [r=12 c=3 rs=1 cs=1]
                LayoutBlockFlow {P} at (8.19,1) size 90x16
                  LayoutText {#text} at (35,0) size 20x15
                    text run at (35,0) width 20: " No"
                LayoutBlockFlow {P} at (8.19,17) size 90x16
                  LayoutText {#text} at (43,0) size 4x15
                    text run at (43,0) width 4: " "
                LayoutBlockFlow {P} at (8.19,33) size 90x16
                  LayoutText {#text} at (43,0) size 4x15
                    text run at (43,0) width 4: " "
                LayoutBlockFlow {P} at (8.19,49) size 90x16
                  LayoutText {#text} at (37,0) size 16x15
                    text run at (37,0) width 16: "No"
                  LayoutInline {SPAN} at (0,0) size 0x15
                    LayoutInline {O:P} at (0,0) size 0x15
            LayoutTableRow {TR} at (0,554) size 472x49
              LayoutTableCell {TD} at (0,554) size 98x17 [border: (1px none #808080) none] [r=13 c=0 rs=1 cs=1]
                LayoutBlockFlow {P} at (8.19,1) size 83x16
                  LayoutText {#text} at (35,0) size 13x15
                    text run at (35,0) width 13: "14"
                  LayoutInline {SPAN} at (0,0) size 1x15
                    LayoutInline {O:P} at (0,0) size 1x15
              LayoutTableCell {TD} at (98,554) size 170x49 [border: (1px none #808080) none (1px none #808080)] [r=13 c=1 rs=1 cs=1]
                LayoutBlockFlow {P} at (8.19,1) size 155x16
                  LayoutText {#text} at (0,0) size 61x15
                    text run at (0,0) width 61: " Joe Araujo"
                LayoutBlockFlow {P} at (8.19,17) size 155x16
                  LayoutText {#text} at (0,0) size 68x15
                    text run at (0,0) width 68: "Steve Gilbert"
                LayoutBlockFlow {P} at (8.19,33) size 155x16
                  LayoutText {#text} at (0,0) size 74x15
                    text run at (0,0) width 74: "Gary Williams"
                  LayoutInline {SPAN} at (0,0) size 1x15
                    LayoutInline {O:P} at (0,0) size 1x15
              LayoutTableCell {TD} at (268,554) size 99x33 [border: (1px none #808080) none (1px none #808080)] [r=13 c=2 rs=1 cs=1]
                LayoutBlockFlow {P} at (8.19,1) size 84x16
                  LayoutText {#text} at (40,0) size 4x15
                    text run at (40,0) width 4: " "
                LayoutBlockFlow {P} at (8.19,17) size 84x16
                  LayoutText {#text} at (32,0) size 20x15
                    text run at (32,0) width 20: "Yes"
                  LayoutInline {SPAN} at (0,0) size 1x15
                    LayoutInline {O:P} at (0,0) size 1x15
              LayoutTableCell {TD} at (367,554) size 105x33 [border: (1px none #808080) none (1px none #808080)] [r=13 c=3 rs=1 cs=1]
                LayoutBlockFlow {P} at (8.19,1) size 90x16
                  LayoutText {#text} at (43,0) size 4x15
                    text run at (43,0) width 4: " "
                LayoutBlockFlow {P} at (8.19,17) size 90x16
                  LayoutText {#text} at (37,0) size 16x15
                    text run at (37,0) width 16: "No"
                  LayoutInline {SPAN} at (0,0) size 0x15
                    LayoutInline {O:P} at (0,0) size 0x15
            LayoutTableRow {TR} at (0,603) size 472x81
              LayoutTableCell {TD} at (0,603) size 98x17 [border: (1px none #808080) none] [r=14 c=0 rs=1 cs=1]
                LayoutBlockFlow {P} at (8.19,1) size 83x16
                  LayoutText {#text} at (35,0) size 13x15
                    text run at (35,0) width 13: "15"
                  LayoutInline {SPAN} at (0,0) size 1x15
                    LayoutInline {O:P} at (0,0) size 1x15
              LayoutTableCell {TD} at (98,603) size 170x81 [border: (1px none #808080) none (1px none #808080)] [r=14 c=1 rs=1 cs=1]
                LayoutBlockFlow {P} at (8.19,1) size 155x16
                  LayoutText {#text} at (0,0) size 62x15
                    text run at (0,0) width 62: " Oliver Baer"
                LayoutBlockFlow {P} at (8.19,17) size 155x16
                  LayoutText {#text} at (0,0) size 51x15
                    text run at (0,0) width 51: "Joe Smith"
                LayoutBlockFlow {P} at (8.19,33) size 155x16
                  LayoutText {#text} at (0,0) size 55x15
                    text run at (0,0) width 55: "John Paye"
                LayoutBlockFlow {P} at (8.19,49) size 155x16
                  LayoutText {#text} at (0,0) size 82x15
                    text run at (0,0) width 82: "John Yearwood"
                LayoutBlockFlow {P} at (8.19,65) size 155x16
                  LayoutText {#text} at (0,0) size 68x15
                    text run at (0,0) width 68: "Harald Close"
                  LayoutInline {SPAN} at (0,0) size 0x15
                    LayoutInline {O:P} at (0,0) size 0x15
              LayoutTableCell {TD} at (268,603) size 99x81 [border: (1px none #808080) none (1px none #808080)] [r=14 c=2 rs=1 cs=1]
                LayoutBlockFlow {P} at (8.19,1) size 84x16
                  LayoutText {#text} at (31,0) size 22x15
                    text run at (31,0) width 22: " Yes"
                LayoutBlockFlow {P} at (8.19,17) size 84x16
                  LayoutText {#text} at (40,0) size 4x15
                    text run at (40,0) width 4: " "
                LayoutBlockFlow {P} at (8.19,33) size 84x16
                  LayoutText {#text} at (40,0) size 4x15
                    text run at (40,0) width 4: " "
                LayoutBlockFlow {P} at (8.19,49) size 84x16
                  LayoutText {#text} at (32,0) size 20x15
                    text run at (32,0) width 20: "Yes"
                LayoutBlockFlow {P} at (8.19,65) size 84x16
                  LayoutText {#text} at (32,0) size 20x15
                    text run at (32,0) width 20: "Yes"
                  LayoutInline {SPAN} at (0,0) size 1x15
                    LayoutInline {O:P} at (0,0) size 1x15
              LayoutTableCell {TD} at (367,603) size 105x81 [border: (1px none #808080) none (1px none #808080)] [r=14 c=3 rs=1 cs=1]
                LayoutBlockFlow {P} at (8.19,1) size 90x16
                  LayoutText {#text} at (35,0) size 20x15
                    text run at (35,0) width 20: " No"
                LayoutBlockFlow {P} at (8.19,17) size 90x16
                  LayoutText {#text} at (43,0) size 4x15
                    text run at (43,0) width 4: " "
                LayoutBlockFlow {P} at (8.19,33) size 90x16
                  LayoutText {#text} at (43,0) size 4x15
                    text run at (43,0) width 4: " "
                LayoutBlockFlow {P} at (8.19,49) size 90x16
                  LayoutText {#text} at (37,0) size 16x15
                    text run at (37,0) width 16: "No"
                LayoutBlockFlow {P} at (8.19,65) size 90x16
                  LayoutText {#text} at (37,0) size 16x15
                    text run at (37,0) width 16: "No"
                  LayoutInline {SPAN} at (0,0) size 0x15
                    LayoutInline {O:P} at (0,0) size 0x15
            LayoutTableRow {TR} at (0,684) size 472x33
              LayoutTableCell {TD} at (0,684) size 98x17 [border: (1px none #808080) none] [r=15 c=0 rs=1 cs=1]
                LayoutBlockFlow {P} at (8.19,1) size 83x16
                  LayoutText {#text} at (35,0) size 13x15
                    text run at (35,0) width 13: "16"
                  LayoutInline {SPAN} at (0,0) size 1x15
                    LayoutInline {O:P} at (0,0) size 1x15
              LayoutTableCell {TD} at (98,684) size 170x33 [border: (1px none #808080) none (1px none #808080)] [r=15 c=1 rs=1 cs=1]
                LayoutBlockFlow {P} at (8.19,1) size 155x16
                  LayoutText {#text} at (0,0) size 82x15
                    text run at (0,0) width 82: " James Haladus"
                LayoutBlockFlow {P} at (8.19,17) size 155x16
                  LayoutText {#text} at (0,0) size 51x15
                    text run at (0,0) width 51: "Joe Smith"
                  LayoutInline {SPAN} at (0,0) size 0x15
                    LayoutInline {O:P} at (0,0) size 0x15
              LayoutTableCell {TD} at (268,684) size 99x17 [border: (1px none #808080) none (1px none #808080)] [r=15 c=2 rs=1 cs=1]
                LayoutBlockFlow {P} at (8.19,1) size 84x16
                  LayoutText {#text} at (31,0) size 22x15
                    text run at (31,0) width 22: " Yes"
                  LayoutInline {SPAN} at (0,0) size 1x15
                    LayoutInline {O:P} at (0,0) size 1x15
              LayoutTableCell {TD} at (367,684) size 105x17 [border: (1px none #808080) none (1px none #808080)] [r=15 c=3 rs=1 cs=1]
                LayoutBlockFlow {P} at (8.19,1) size 90x16
                  LayoutText {#text} at (35,0) size 20x15
                    text run at (35,0) width 20: " No"
                  LayoutInline {SPAN} at (0,0) size 1x15
                    LayoutInline {O:P} at (0,0) size 1x15
            LayoutTableRow {TR} at (0,717) size 472x81
              LayoutTableCell {TD} at (0,717) size 98x17 [border: (1px none #808080) none] [r=16 c=0 rs=1 cs=1]
                LayoutBlockFlow {P} at (8.19,1) size 83x16
                  LayoutText {#text} at (35,0) size 13x15
                    text run at (35,0) width 13: "17"
                  LayoutInline {SPAN} at (0,0) size 1x15
                    LayoutInline {O:P} at (0,0) size 1x15
              LayoutTableCell {TD} at (98,717) size 170x81 [border: (1px none #808080) none (1px none #808080)] [r=16 c=1 rs=1 cs=1]
                LayoutBlockFlow {P} at (8.19,1) size 155x16
                  LayoutText {#text} at (0,0) size 59x15
                    text run at (0,0) width 59: "Doug Field"
                  LayoutInline {SPAN} at (0,0) size 0x15
                    LayoutInline {O:P} at (0,0) size 0x15
                LayoutBlockFlow {P} at (8.19,17) size 155x16
                  LayoutText {#text} at (0,0) size 65x15
                    text run at (0,0) width 65: "Dave Neves"
                LayoutBlockFlow {P} at (8.19,33) size 155x16
                  LayoutText {#text} at (0,0) size 59x15
                    text run at (0,0) width 59: "Oliver Baer"
                LayoutBlockFlow {P} at (8.19,49) size 155x16
                  LayoutText {#text} at (0,0) size 58x15
                    text run at (0,0) width 58: "John Todd"
                LayoutBlockFlow {P} at (8.19,65) size 155x16
                  LayoutText {#text} at (0,0) size 98x15
                    text run at (0,0) width 98: "Dave Christiansen"
                  LayoutInline {SPAN} at (0,0) size 0x15
                    LayoutInline {O:P} at (0,0) size 0x15
              LayoutTableCell {TD} at (268,717) size 99x81 [border: (1px none #808080) none (1px none #808080)] [r=16 c=2 rs=1 cs=1]
                LayoutBlockFlow {P} at (8.19,1) size 84x16
                  LayoutText {#text} at (32,0) size 20x15
                    text run at (32,0) width 20: "Yes"
                  LayoutInline {SPAN} at (0,0) size 1x15
                    LayoutInline {O:P} at (0,0) size 1x15
                LayoutBlockFlow {P} at (8.19,17) size 84x16
                  LayoutText {#text} at (32,0) size 20x15
                    text run at (32,0) width 20: "Yes"
                LayoutBlockFlow {P} at (8.19,33) size 84x16
                  LayoutText {#text} at (32,0) size 20x15
                    text run at (32,0) width 20: "Yes"
                LayoutBlockFlow {P} at (8.19,49) size 84x16
                  LayoutText {#text} at (40,0) size 4x15
                    text run at (40,0) width 4: " "
                LayoutBlockFlow {P} at (8.19,65) size 84x16
                  LayoutText {#text} at (32,0) size 20x15
                    text run at (32,0) width 20: "Yes"
                  LayoutInline {SPAN} at (0,0) size 1x15
                    LayoutInline {O:P} at (0,0) size 1x15
              LayoutTableCell {TD} at (367,717) size 105x81 [border: (1px none #808080) none (1px none #808080)] [r=16 c=3 rs=1 cs=1]
                LayoutBlockFlow {P} at (8.19,1) size 90x16
                  LayoutText {#text} at (37,0) size 16x15
                    text run at (37,0) width 16: "No"
                  LayoutInline {SPAN} at (0,0) size 0x15
                    LayoutInline {O:P} at (0,0) size 0x15
                LayoutBlockFlow {P} at (8.19,17) size 90x16
                  LayoutText {#text} at (35,0) size 20x15
                    text run at (35,0) width 20: "Yes"
                LayoutBlockFlow {P} at (8.19,33) size 90x16
                  LayoutText {#text} at (37,0) size 16x15
                    text run at (37,0) width 16: "No"
                LayoutBlockFlow {P} at (8.19,49) size 90x16
                  LayoutText {#text} at (43,0) size 4x15
                    text run at (43,0) width 4: " "
                LayoutBlockFlow {P} at (8.19,65) size 90x16
                  LayoutText {#text} at (37,0) size 16x15
                    text run at (37,0) width 16: "No"
                  LayoutInline {SPAN} at (0,0) size 0x15
                    LayoutInline {O:P} at (0,0) size 0x15
            LayoutTableRow {TR} at (0,798) size 472x113
              LayoutTableCell {TD} at (0,798) size 98x17 [border: (1px none #808080) none] [r=17 c=0 rs=1 cs=1]
                LayoutBlockFlow {P} at (8.19,1) size 83x16
                  LayoutText {#text} at (35,0) size 13x15
                    text run at (35,0) width 13: "18"
                  LayoutInline {SPAN} at (0,0) size 1x15
                    LayoutInline {O:P} at (0,0) size 1x15
              LayoutTableCell {TD} at (98,798) size 170x113 [border: (1px none #808080) none (1px none #808080)] [r=17 c=1 rs=1 cs=1]
                LayoutBlockFlow {P} at (8.19,1) size 155x16
                  LayoutText {#text} at (0,0) size 78x15
                    text run at (0,0) width 78: "Robert Barnett"
                LayoutBlockFlow {P} at (8.19,17) size 155x16
                  LayoutText {#text} at (0,0) size 72x15
                    text run at (0,0) width 72: "Jim Mahoney"
                LayoutBlockFlow {P} at (8.19,33) size 155x16
                  LayoutText {#text} at (0,0) size 78x15
                    text run at (0,0) width 78: "Dave Marshall"
                LayoutBlockFlow {P} at (8.19,49) size 155x16
                  LayoutText {#text} at (0,0) size 81x15
                    text run at (0,0) width 81: "Gerald Cardinal"
                LayoutBlockFlow {P} at (8.19,65) size 155x16
                  LayoutText {#text} at (0,0) size 100x15
                    text run at (0,0) width 100: "Dan & Will Sievert"
                LayoutBlockFlow {P} at (8.19,81) size 155x16
                  LayoutText {#text} at (0,0) size 93x15
                    text run at (0,0) width 93: "Ellsworth Crowell"
                LayoutBlockFlow {P} at (8.19,97) size 155x16
                  LayoutText {#text} at (0,0) size 55x15
                    text run at (0,0) width 55: "Jim Colvin"
                  LayoutInline {SPAN} at (0,0) size 0x15
                    LayoutInline {O:P} at (0,0) size 0x15
              LayoutTableCell {TD} at (268,798) size 99x97 [border: (1px none #808080) none (1px none #808080)] [r=17 c=2 rs=1 cs=1]
                LayoutBlockFlow {P} at (8.19,1) size 84x16
                  LayoutText {#text} at (32,0) size 20x15
                    text run at (32,0) width 20: "Yes"
                LayoutBlockFlow {P} at (8.19,17) size 84x16
                  LayoutText {#text} at (32,0) size 20x15
                    text run at (32,0) width 20: "Yes"
                LayoutBlockFlow {P} at (8.19,33) size 84x16
                  LayoutText {#text} at (32,0) size 20x15
                    text run at (32,0) width 20: "Yes"
                LayoutBlockFlow {P} at (8.19,49) size 84x16
                  LayoutText {#text} at (40,0) size 4x15
                    text run at (40,0) width 4: " "
                LayoutBlockFlow {P} at (8.19,65) size 84x16
                  LayoutText {#text} at (32,0) size 20x15
                    text run at (32,0) width 20: "Yes"
                LayoutBlockFlow {P} at (8.19,81) size 84x16
                  LayoutText {#text} at (32,0) size 20x15
                    text run at (32,0) width 20: "Yes"
                  LayoutInline {SPAN} at (0,0) size 1x15
                    LayoutInline {O:P} at (0,0) size 1x15
              LayoutTableCell {TD} at (367,798) size 105x97 [border: (1px none #808080) none (1px none #808080)] [r=17 c=3 rs=1 cs=1]
                LayoutBlockFlow {P} at (8.19,1) size 90x16
                  LayoutText {#text} at (37,0) size 16x15
                    text run at (37,0) width 16: "No"
                LayoutBlockFlow {P} at (8.19,17) size 90x16
                  LayoutText {#text} at (35,0) size 20x15
                    text run at (35,0) width 20: "Yes"
                LayoutBlockFlow {P} at (8.19,33) size 90x16
                  LayoutText {#text} at (37,0) size 16x15
                    text run at (37,0) width 16: "No"
                LayoutBlockFlow {P} at (8.19,49) size 90x16
                  LayoutText {#text} at (43,0) size 4x15
                    text run at (43,0) width 4: " "
                LayoutBlockFlow {P} at (8.19,65) size 90x16
                  LayoutText {#text} at (37,0) size 16x15
                    text run at (37,0) width 16: "No"
                LayoutBlockFlow {P} at (8.19,81) size 90x16
                  LayoutText {#text} at (37,0) size 16x15
                    text run at (37,0) width 16: "No"
                  LayoutInline {SPAN} at (0,0) size 0x15
                    LayoutInline {O:P} at (0,0) size 0x15
            LayoutTableRow {TR} at (0,911) size 472x65
              LayoutTableCell {TD} at (0,911) size 98x17 [border: (1px none #808080) none] [r=18 c=0 rs=1 cs=1]
                LayoutBlockFlow {P} at (8.19,1) size 83x16
                  LayoutText {#text} at (35,0) size 13x15
                    text run at (35,0) width 13: "19"
                  LayoutInline {SPAN} at (0,0) size 1x15
                    LayoutInline {O:P} at (0,0) size 1x15
              LayoutTableCell {TD} at (98,911) size 170x65 [border: (1px none #808080) none (1px none #808080)] [r=18 c=1 rs=1 cs=1]
                LayoutBlockFlow {P} at (8.19,1) size 155x16
                  LayoutInline {SPAN} at (0,0) size 65x15
                    LayoutText {#text} at (0,0) size 65x15
                      text run at (0,0) width 39: "Noriya "
                      text run at (39,0) width 26: "Kato"
                LayoutBlockFlow {P} at (8.19,17) size 155x16
                  LayoutText {#text} at (0,0) size 58x15
                    text run at (0,0) width 58: "John Todd"
                LayoutBlockFlow {P} at (8.19,33) size 155x16
                  LayoutText {#text} at (0,0) size 70x15
                    text run at (0,0) width 70: "James Brown"
                LayoutBlockFlow {P} at (8.19,49) size 155x16
                  LayoutText {#text} at (0,0) size 84x15
                    text run at (0,0) width 84: "Mike Anderson"
                  LayoutInline {SPAN} at (0,0) size 0x15
                    LayoutInline {O:P} at (0,0) size 0x15
              LayoutTableCell {TD} at (268,911) size 99x65 [border: (1px none #808080) none (1px none #808080)] [r=18 c=2 rs=1 cs=1]
                LayoutBlockFlow {P} at (8.19,1) size 84x16
                  LayoutInline {SPAN} at (0,0) size 20x15
                    LayoutText {#text} at (32,0) size 20x15
                      text run at (32,0) width 20: "Yes"
                LayoutBlockFlow {P} at (8.19,17) size 84x16
                  LayoutText {#text} at (40,0) size 4x15
                    text run at (40,0) width 4: " "
                LayoutBlockFlow {P} at (8.19,33) size 84x16
                  LayoutInline {SPAN} at (0,0) size 20x15
                    LayoutText {#text} at (32,0) size 20x15
                      text run at (32,0) width 20: "Yes"
                LayoutBlockFlow {P} at (8.19,49) size 84x16
                  LayoutInline {SPAN} at (0,0) size 20x15
                    LayoutText {#text} at (32,0) size 20x15
                      text run at (32,0) width 20: "Yes"
                  LayoutInline {SPAN} at (0,0) size 1x15
                    LayoutInline {O:P} at (0,0) size 1x15
              LayoutTableCell {TD} at (367,911) size 105x65 [border: (1px none #808080) none (1px none #808080)] [r=18 c=3 rs=1 cs=1]
                LayoutBlockFlow {P} at (8.19,1) size 90x16
                  LayoutInline {SPAN} at (0,0) size 16x15
                    LayoutText {#text} at (37,0) size 16x15
                      text run at (37,0) width 16: "No"
                LayoutBlockFlow {P} at (8.19,17) size 90x16
                  LayoutText {#text} at (43,0) size 4x15
                    text run at (43,0) width 4: " "
                LayoutBlockFlow {P} at (8.19,33) size 90x16
                  LayoutInline {SPAN} at (0,0) size 16x15
                    LayoutText {#text} at (37,0) size 16x15
                      text run at (37,0) width 16: "No"
                LayoutBlockFlow {P} at (8.19,49) size 90x16
                  LayoutInline {SPAN} at (0,0) size 16x15
                    LayoutText {#text} at (37,0) size 16x15
                      text run at (37,0) width 16: "No"
                  LayoutInline {SPAN} at (0,0) size 0x15
                    LayoutInline {O:P} at (0,0) size 0x15
            LayoutTableRow {TR} at (0,976) size 472x49
              LayoutTableCell {TD} at (0,976) size 98x17 [border: (1px none #808080) none] [r=19 c=0 rs=1 cs=1]
                LayoutBlockFlow {P} at (8.19,1) size 83x16
                  LayoutText {#text} at (35,0) size 13x15
                    text run at (35,0) width 13: "20"
                  LayoutInline {SPAN} at (0,0) size 1x15
                    LayoutInline {O:P} at (0,0) size 1x15
              LayoutTableCell {TD} at (98,976) size 170x49 [border: (1px none #808080) none (1px none #808080)] [r=19 c=1 rs=1 cs=1]
                LayoutBlockFlow {P} at (8.19,1) size 155x16
                  LayoutText {#text} at (0,0) size 66x15
                    text run at (0,0) width 66: "Bill Johnson"
                LayoutBlockFlow {P} at (8.19,17) size 155x16
                  LayoutText {#text} at (0,0) size 84x15
                    text run at (0,0) width 84: "Dominic Bayani"
                LayoutBlockFlow {P} at (8.19,33) size 155x16
                  LayoutText {#text} at (0,0) size 65x15
                    text run at (0,0) width 65: "Rick Latham"
                  LayoutInline {SPAN} at (0,0) size 0x15
                    LayoutInline {O:P} at (0,0) size 0x15
              LayoutTableCell {TD} at (268,976) size 99x49 [border: (1px none #808080) none (1px none #808080)] [r=19 c=2 rs=1 cs=1]
                LayoutBlockFlow {P} at (8.19,1) size 84x16
                  LayoutText {#text} at (32,0) size 20x15
                    text run at (32,0) width 20: "Yes"
                LayoutBlockFlow {P} at (8.19,17) size 84x16
                  LayoutText {#text} at (40,0) size 4x15
                    text run at (40,0) width 4: " "
                LayoutBlockFlow {P} at (8.19,33) size 84x16
                  LayoutText {#text} at (32,0) size 20x15
                    text run at (32,0) width 20: "Yes"
                  LayoutInline {SPAN} at (0,0) size 1x15
                    LayoutInline {O:P} at (0,0) size 1x15
              LayoutTableCell {TD} at (367,976) size 105x49 [border: (1px none #808080) none (1px none #808080)] [r=19 c=3 rs=1 cs=1]
                LayoutBlockFlow {P} at (8.19,1) size 90x16
                  LayoutText {#text} at (37,0) size 16x15
                    text run at (37,0) width 16: "No"
                LayoutBlockFlow {P} at (8.19,17) size 90x16
                  LayoutText {#text} at (43,0) size 4x15
                    text run at (43,0) width 4: " "
                LayoutBlockFlow {P} at (8.19,33) size 90x16
                  LayoutText {#text} at (37,0) size 16x15
                    text run at (37,0) width 16: "No"
                  LayoutInline {SPAN} at (0,0) size 0x15
                    LayoutInline {O:P} at (0,0) size 0x15
            LayoutTableRow {TR} at (0,1025) size 472x17
              LayoutTableCell {TD} at (0,1025) size 98x17 [border: (1px none #808080) none] [r=20 c=0 rs=1 cs=1]
                LayoutBlockFlow {P} at (8.19,1) size 83x16
                  LayoutText {#text} at (35,0) size 13x15
                    text run at (35,0) width 13: "21"
                  LayoutInline {SPAN} at (0,0) size 1x15
                    LayoutInline {O:P} at (0,0) size 1x15
              LayoutTableCell {TD} at (98,1025) size 170x17 [border: (1px none #808080) none (1px none #808080)] [r=20 c=1 rs=1 cs=1]
                LayoutBlockFlow {P} at (8.19,1) size 155x16
                  LayoutText {#text} at (0,0) size 62x15
                    text run at (0,0) width 62: " Simon Tam"
                  LayoutInline {SPAN} at (0,0) size 1x15
                    LayoutInline {O:P} at (0,0) size 1x15
              LayoutTableCell {TD} at (268,1025) size 99x17 [border: (1px none #808080) none (1px none #808080)] [r=20 c=2 rs=1 cs=1]
                LayoutBlockFlow {P} at (8.19,1) size 84x16
                  LayoutText {#text} at (40,0) size 4x15
                    text run at (40,0) width 4: " "
                  LayoutInline {SPAN} at (0,0) size 1x15
                    LayoutInline {O:P} at (0,0) size 1x15
              LayoutTableCell {TD} at (367,1025) size 105x17 [border: (1px none #808080) none (1px none #808080)] [r=20 c=3 rs=1 cs=1]
                LayoutBlockFlow {P} at (8.19,1) size 90x16
                  LayoutText {#text} at (43,0) size 4x15
                    text run at (43,0) width 4: " "
                  LayoutInline {SPAN} at (0,0) size 1x15
                    LayoutInline {O:P} at (0,0) size 1x15
            LayoutTableRow {TR} at (0,1042) size 472x81
              LayoutTableCell {TD} at (0,1042) size 98x17 [border: (1px none #808080) none] [r=21 c=0 rs=1 cs=1]
                LayoutBlockFlow {P} at (8.19,1) size 83x16
                  LayoutText {#text} at (35,0) size 13x15
                    text run at (35,0) width 13: "22"
                  LayoutInline {SPAN} at (0,0) size 1x15
                    LayoutInline {O:P} at (0,0) size 1x15
              LayoutTableCell {TD} at (98,1042) size 170x81 [border: (1px none #808080) none (1px none #808080)] [r=21 c=1 rs=1 cs=1]
                LayoutBlockFlow {P} at (8.19,1) size 155x16
                  LayoutText {#text} at (0,0) size 65x15
                    text run at (0,0) width 65: "Dave Neves"
                  LayoutInline {SPAN} at (0,0) size 0x15
                    LayoutInline {O:P} at (0,0) size 0x15
                LayoutBlockFlow {P} at (8.19,17) size 155x16
                  LayoutText {#text} at (0,0) size 89x15
                    text run at (0,0) width 89: "Grant Sanderson"
                  LayoutInline {SPAN} at (0,0) size 0x15
                    LayoutInline {O:P} at (0,0) size 0x15
                LayoutBlockFlow {P} at (8.19,33) size 155x16
                  LayoutText {#text} at (0,0) size 84x15
                    text run at (0,0) width 84: "Maurice Burton"
                LayoutBlockFlow {P} at (8.19,49) size 155x16
                  LayoutText {#text} at (0,0) size 110x15
                    text run at (0,0) width 110: "Mike Gilmartin ?????"
                LayoutBlockFlow {P} at (8.19,65) size 155x16
                  LayoutText {#text} at (0,0) size 65x15
                    text run at (0,0) width 65: "Chris Walsh"
                  LayoutInline {SPAN} at (0,0) size 1x15
                    LayoutInline {O:P} at (0,0) size 1x15
              LayoutTableCell {TD} at (268,1042) size 99x81 [border: (1px none #808080) none (1px none #808080)] [r=21 c=2 rs=1 cs=1]
                LayoutBlockFlow {P} at (8.19,1) size 84x16
                  LayoutText {#text} at (32,0) size 20x15
                    text run at (32,0) width 20: "Yes"
                  LayoutInline {SPAN} at (0,0) size 1x15
                    LayoutInline {O:P} at (0,0) size 1x15
                LayoutBlockFlow {P} at (8.19,17) size 84x16
                  LayoutText {#text} at (32,0) size 20x15
                    text run at (32,0) width 20: "Yes"
                  LayoutInline {SPAN} at (0,0) size 1x15
                    LayoutInline {O:P} at (0,0) size 1x15
                LayoutBlockFlow {P} at (8.19,33) size 84x16
                  LayoutText {#text} at (32,0) size 20x15
                    text run at (32,0) width 20: "Yes"
                LayoutBlockFlow {P} at (8.19,49) size 84x16
                  LayoutText {#text} at (32,0) size 20x15
                    text run at (32,0) width 20: "Yes"
                LayoutBlockFlow {P} at (8.19,65) size 84x16
                  LayoutText {#text} at (32,0) size 20x15
                    text run at (32,0) width 20: "Yes"
                  LayoutInline {SPAN} at (0,0) size 1x15
                    LayoutInline {O:P} at (0,0) size 1x15
              LayoutTableCell {TD} at (367,1042) size 105x81 [border: (1px none #808080) none (1px none #808080)] [r=21 c=3 rs=1 cs=1]
                LayoutBlockFlow {P} at (8.19,1) size 90x16
                  LayoutText {#text} at (35,0) size 20x15
                    text run at (35,0) width 20: "Yes"
                  LayoutInline {SPAN} at (0,0) size 1x15
                    LayoutInline {O:P} at (0,0) size 1x15
                LayoutBlockFlow {P} at (8.19,17) size 90x16
                  LayoutText {#text} at (37,0) size 16x15
                    text run at (37,0) width 16: "No"
                  LayoutInline {SPAN} at (0,0) size 0x15
                    LayoutInline {O:P} at (0,0) size 0x15
                LayoutBlockFlow {P} at (8.19,33) size 90x16
                  LayoutText {#text} at (37,0) size 16x15
                    text run at (37,0) width 16: "No"
                LayoutBlockFlow {P} at (8.19,49) size 90x16
                  LayoutText {#text} at (35,0) size 20x15
                    text run at (35,0) width 20: "Yes"
                LayoutBlockFlow {P} at (8.19,65) size 90x16
                  LayoutText {#text} at (37,0) size 16x15
                    text run at (37,0) width 16: "No"
                  LayoutInline {SPAN} at (0,0) size 0x15
                    LayoutInline {O:P} at (0,0) size 0x15
            LayoutTableRow {TR} at (0,1123) size 472x81
              LayoutTableCell {TD} at (0,1123) size 98x17 [border: (1px none #808080) none] [r=22 c=0 rs=1 cs=1]
                LayoutBlockFlow {P} at (8.19,1) size 83x16
                  LayoutText {#text} at (35,0) size 13x15
                    text run at (35,0) width 13: "23"
                  LayoutInline {SPAN} at (0,0) size 1x15
                    LayoutInline {O:P} at (0,0) size 1x15
              LayoutTableCell {TD} at (98,1123) size 170x81 [border: (1px none #808080) none (1px none #808080)] [r=22 c=1 rs=1 cs=1]
                LayoutBlockFlow {P} at (8.19,1) size 155x16
                  LayoutText {#text} at (0,0) size 65x15
                    text run at (0,0) width 65: "Dave Neves"
                  LayoutInline {SPAN} at (0,0) size 0x15
                    LayoutInline {O:P} at (0,0) size 0x15
                LayoutBlockFlow {P} at (8.19,17) size 155x16
                  LayoutText {#text} at (0,0) size 84x15
                    text run at (0,0) width 84: "Maurice Burton"
                LayoutBlockFlow {P} at (8.19,33) size 155x16
                  LayoutText {#text} at (0,0) size 59x15
                    text run at (0,0) width 59: "Oliver Baer"
                LayoutBlockFlow {P} at (8.19,49) size 155x16
                  LayoutText {#text} at (0,0) size 58x15
                    text run at (0,0) width 58: "John Todd"
                LayoutBlockFlow {P} at (8.19,65) size 155x16
                  LayoutText {#text} at (0,0) size 64x15
                    text run at (0,0) width 64: "Rich Saunef"
                  LayoutInline {SPAN} at (0,0) size 0x15
                    LayoutInline {O:P} at (0,0) size 0x15
              LayoutTableCell {TD} at (268,1123) size 99x81 [border: (1px none #808080) none (1px none #808080)] [r=22 c=2 rs=1 cs=1]
                LayoutBlockFlow {P} at (8.19,1) size 84x16
                  LayoutText {#text} at (32,0) size 20x15
                    text run at (32,0) width 20: "Yes"
                  LayoutInline {SPAN} at (0,0) size 1x15
                    LayoutInline {O:P} at (0,0) size 1x15
                LayoutBlockFlow {P} at (8.19,17) size 84x16
                  LayoutText {#text} at (32,0) size 20x15
                    text run at (32,0) width 20: "Yes"
                LayoutBlockFlow {P} at (8.19,33) size 84x16
                  LayoutText {#text} at (32,0) size 20x15
                    text run at (32,0) width 20: "Yes"
                LayoutBlockFlow {P} at (8.19,49) size 84x16
                  LayoutText {#text} at (40,0) size 4x15
                    text run at (40,0) width 4: " "
                LayoutBlockFlow {P} at (8.19,65) size 84x16
                  LayoutText {#text} at (32,0) size 20x15
                    text run at (32,0) width 20: "Yes"
                  LayoutInline {SPAN} at (0,0) size 1x15
                    LayoutInline {O:P} at (0,0) size 1x15
              LayoutTableCell {TD} at (367,1123) size 105x81 [border: (1px none #808080) none (1px none #808080)] [r=22 c=3 rs=1 cs=1]
                LayoutBlockFlow {P} at (8.19,1) size 90x16
                  LayoutText {#text} at (35,0) size 20x15
                    text run at (35,0) width 20: "Yes"
                  LayoutInline {SPAN} at (0,0) size 1x15
                    LayoutInline {O:P} at (0,0) size 1x15
                LayoutBlockFlow {P} at (8.19,17) size 90x16
                  LayoutText {#text} at (37,0) size 16x15
                    text run at (37,0) width 16: "No"
                LayoutBlockFlow {P} at (8.19,33) size 90x16
                  LayoutText {#text} at (37,0) size 16x15
                    text run at (37,0) width 16: "No"
                LayoutBlockFlow {P} at (8.19,49) size 90x16
                  LayoutText {#text} at (43,0) size 4x15
                    text run at (43,0) width 4: " "
                LayoutBlockFlow {P} at (8.19,65) size 90x16
                  LayoutText {#text} at (37,0) size 16x15
                    text run at (37,0) width 16: "No"
                  LayoutInline {SPAN} at (0,0) size 0x15
                    LayoutInline {O:P} at (0,0) size 0x15
            LayoutTableRow {TR} at (0,1204) size 472x81
              LayoutTableCell {TD} at (0,1204) size 98x17 [border: (1px none #808080) none] [r=23 c=0 rs=1 cs=1]
                LayoutBlockFlow {P} at (8.19,1) size 83x16
                  LayoutText {#text} at (35,0) size 13x15
                    text run at (35,0) width 13: "24"
                  LayoutInline {SPAN} at (0,0) size 1x15
                    LayoutInline {O:P} at (0,0) size 1x15
              LayoutTableCell {TD} at (98,1204) size 170x81 [border: (1px none #808080) none (1px none #808080)] [r=23 c=1 rs=1 cs=1]
                LayoutBlockFlow {P} at (8.19,1) size 155x16
                  LayoutText {#text} at (0,0) size 65x15
                    text run at (0,0) width 65: " Dan Sievert"
                LayoutBlockFlow {P} at (8.19,17) size 155x16
                  LayoutText {#text} at (0,0) size 60x15
                    text run at (0,0) width 60: "Jerry Davis"
                LayoutBlockFlow {P} at (8.19,33) size 155x16
                  LayoutText {#text} at (0,0) size 63x15
                    text run at (0,0) width 63: "Scott Hersh"
                LayoutBlockFlow {P} at (8.19,49) size 155x16
                  LayoutText {#text} at (0,0) size 46x15
                    text run at (0,0) width 46: "Rick Bell"
                LayoutBlockFlow {P} at (8.19,65) size 155x16
                  LayoutText {#text} at (0,0) size 53x15
                    text run at (0,0) width 53: "Eric Shum"
                  LayoutInline {SPAN} at (0,0) size 0x15
                    LayoutInline {O:P} at (0,0) size 0x15
              LayoutTableCell {TD} at (268,1204) size 99x81 [border: (1px none #808080) none (1px none #808080)] [r=23 c=2 rs=1 cs=1]
                LayoutBlockFlow {P} at (8.19,1) size 84x16
                  LayoutText {#text} at (31,0) size 22x15
                    text run at (31,0) width 22: " Yes"
                LayoutBlockFlow {P} at (8.19,17) size 84x16
                  LayoutText {#text} at (32,0) size 20x15
                    text run at (32,0) width 20: "Yes"
                LayoutBlockFlow {P} at (8.19,33) size 84x16
                  LayoutText {#text} at (32,0) size 20x15
                    text run at (32,0) width 20: "Yes"
                LayoutBlockFlow {P} at (8.19,49) size 84x16
                  LayoutText {#text} at (32,0) size 20x15
                    text run at (32,0) width 20: "Yes"
                LayoutBlockFlow {P} at (8.19,65) size 84x16
                  LayoutText {#text} at (32,0) size 20x15
                    text run at (32,0) width 20: "Yes"
                  LayoutInline {SPAN} at (0,0) size 1x15
                    LayoutInline {O:P} at (0,0) size 1x15
              LayoutTableCell {TD} at (367,1204) size 105x81 [border: (1px none #808080) none (1px none #808080)] [r=23 c=3 rs=1 cs=1]
                LayoutBlockFlow {P} at (8.19,1) size 90x16
                  LayoutText {#text} at (35,0) size 20x15
                    text run at (35,0) width 20: " No"
                LayoutBlockFlow {P} at (8.19,17) size 90x16
                  LayoutText {#text} at (37,0) size 16x15
                    text run at (37,0) width 16: "No"
                LayoutBlockFlow {P} at (8.19,33) size 90x16
                  LayoutText {#text} at (37,0) size 16x15
                    text run at (37,0) width 16: "No"
                LayoutBlockFlow {P} at (8.19,49) size 90x16
                  LayoutText {#text} at (37,0) size 16x15
                    text run at (37,0) width 16: "No"
                LayoutBlockFlow {P} at (8.19,65) size 90x16
                  LayoutText {#text} at (37,0) size 16x15
                    text run at (37,0) width 16: "No"
                  LayoutInline {SPAN} at (0,0) size 0x15
                    LayoutInline {O:P} at (0,0) size 0x15
            LayoutTableRow {TR} at (0,1285) size 472x33
              LayoutTableCell {TD} at (0,1285) size 98x17 [border: (1px none #808080) none] [r=24 c=0 rs=1 cs=1]
                LayoutBlockFlow {P} at (8.19,1) size 83x16
                  LayoutText {#text} at (35,0) size 13x15
                    text run at (35,0) width 13: "25"
                  LayoutInline {SPAN} at (0,0) size 1x15
                    LayoutInline {O:P} at (0,0) size 1x15
              LayoutTableCell {TD} at (98,1285) size 170x33 [border: (1px none #808080) none (1px none #808080)] [r=24 c=1 rs=1 cs=1]
                LayoutBlockFlow {P} at (8.19,1) size 155x16
                  LayoutText {#text} at (0,0) size 70x15
                    text run at (0,0) width 70: "James Davey"
                LayoutBlockFlow {P} at (8.19,17) size 155x16
                  LayoutText {#text} at (0,0) size 90x15
                    text run at (0,0) width 90: "Ruenjoe (Joe) Lu"
                  LayoutInline {SPAN} at (0,0) size 0x15
                    LayoutInline {O:P} at (0,0) size 0x15
              LayoutTableCell {TD} at (268,1285) size 99x17 [border: (1px none #808080) none (1px none #808080)] [r=24 c=2 rs=1 cs=1]
                LayoutBlockFlow {P} at (8.19,1) size 84x16
                  LayoutText {#text} at (32,0) size 20x15
                    text run at (32,0) width 20: "Yes"
                  LayoutInline {SPAN} at (0,0) size 1x15
                    LayoutInline {O:P} at (0,0) size 1x15
              LayoutTableCell {TD} at (367,1285) size 105x17 [border: (1px none #808080) none (1px none #808080)] [r=24 c=3 rs=1 cs=1]
                LayoutBlockFlow {P} at (8.19,1) size 90x16
                  LayoutText {#text} at (35,0) size 20x15
                    text run at (35,0) width 20: "Yes"
                  LayoutInline {SPAN} at (0,0) size 1x15
                    LayoutInline {O:P} at (0,0) size 1x15
            LayoutTableRow {TR} at (0,1318) size 472x161
              LayoutTableCell {TD} at (0,1318) size 98x17 [border: (1px none #808080) none] [r=25 c=0 rs=1 cs=1]
                LayoutBlockFlow {P} at (8.19,1) size 83x16
                  LayoutText {#text} at (35,0) size 13x15
                    text run at (35,0) width 13: "26"
                  LayoutInline {SPAN} at (0,0) size 1x15
                    LayoutInline {O:P} at (0,0) size 1x15
              LayoutTableCell {TD} at (98,1318) size 170x161 [border: (1px none #808080) none (1px none #808080)] [r=25 c=1 rs=1 cs=1]
                LayoutBlockFlow {P} at (8.19,1) size 155x16
                  LayoutText {#text} at (0,0) size 86x15
                    text run at (0,0) width 86: "Alan Littlewood"
                  LayoutInline {SPAN} at (0,0) size 0x15
                    LayoutInline {O:P} at (0,0) size 0x15
                LayoutBlockFlow {P} at (8.19,17) size 155x16
                  LayoutText {#text} at (0,0) size 71x15
                    text run at (0,0) width 71: "Darren Braun"
                  LayoutInline {SPAN} at (0,0) size 0x15
                    LayoutInline {O:P} at (0,0) size 0x15
                LayoutBlockFlow {P} at (8.19,33) size 155x16
                  LayoutText {#text} at (0,0) size 59x15
                    text run at (0,0) width 59: "Simon Tam"
                LayoutBlockFlow {P} at (8.19,49) size 155x16
                  LayoutText {#text} at (0,0) size 74x15
                    text run at (0,0) width 74: "Chuck Pringle"
                LayoutBlockFlow {P} at (8.19,65) size 155x16
                  LayoutText {#text} at (0,0) size 88x15
                    text run at (0,0) width 88: "Gary Pendergras"
                LayoutBlockFlow {P} at (8.19,81) size 155x16
                  LayoutText {#text} at (0,0) size 78x15
                    text run at (0,0) width 78: "Peter Mazanec"
                LayoutBlockFlow {P} at (8.19,97) size 155x16
                  LayoutText {#text} at (0,0) size 78x15
                    text run at (0,0) width 78: "Harry Imamura"
                LayoutBlockFlow {P} at (8.19,113) size 155x16
                  LayoutText {#text} at (0,0) size 58x15
                    text run at (0,0) width 58: "Joe Araujo"
                LayoutBlockFlow {P} at (8.19,129) size 155x16
                  LayoutText {#text} at (0,0) size 74x15
                    text run at (0,0) width 74: "Gary Williams"
                LayoutBlockFlow {P} at (8.19,145) size 155x16
                  LayoutText {#text} at (0,0) size 86x15
                    text run at (0,0) width 86: "Jack Goodfriend"
                  LayoutInline {SPAN} at (0,0) size 0x15
                    LayoutInline {O:P} at (0,0) size 0x15
              LayoutTableCell {TD} at (268,1318) size 99x113 [border: (1px none #808080) none (1px none #808080)] [r=25 c=2 rs=1 cs=1]
                LayoutBlockFlow {P} at (8.19,1) size 84x16
                  LayoutText {#text} at (32,0) size 20x15
                    text run at (32,0) width 20: "Yes"
                  LayoutInline {SPAN} at (0,0) size 1x15
                    LayoutInline {O:P} at (0,0) size 1x15
                LayoutBlockFlow {P} at (8.19,17) size 84x16
                  LayoutText {#text} at (32,0) size 20x15
                    text run at (32,0) width 20: "Yes"
                  LayoutInline {SPAN} at (0,0) size 1x15
                    LayoutInline {O:P} at (0,0) size 1x15
                LayoutBlockFlow {P} at (8.19,33) size 84x16
                  LayoutText {#text} at (32,0) size 20x15
                    text run at (32,0) width 20: "Yes"
                LayoutBlockFlow {P} at (8.19,49) size 84x16
                  LayoutText {#text} at (32,0) size 20x15
                    text run at (32,0) width 20: "Yes"
                LayoutBlockFlow {P} at (8.19,65) size 84x16
                  LayoutText {#text} at (32,0) size 20x15
                    text run at (32,0) width 20: "Yes"
                LayoutBlockFlow {P} at (8.19,81) size 84x16
                  LayoutText {#text} at (32,0) size 20x15
                    text run at (32,0) width 20: "Yes"
                LayoutBlockFlow {P} at (8.19,97) size 84x16
                  LayoutText {#text} at (34,0) size 16x15
                    text run at (34,0) width 16: "No"
                  LayoutInline {SPAN} at (0,0) size 0x15
                    LayoutInline {O:P} at (0,0) size 0x15
              LayoutTableCell {TD} at (367,1318) size 105x113 [border: (1px none #808080) none (1px none #808080)] [r=25 c=3 rs=1 cs=1]
                LayoutBlockFlow {P} at (8.19,1) size 90x16
                  LayoutText {#text} at (37,0) size 16x15
                    text run at (37,0) width 16: "No"
                  LayoutInline {SPAN} at (0,0) size 0x15
                    LayoutInline {O:P} at (0,0) size 0x15
                LayoutBlockFlow {P} at (8.19,17) size 90x16
                  LayoutText {#text} at (37,0) size 16x15
                    text run at (37,0) width 16: "No"
                  LayoutInline {SPAN} at (0,0) size 0x15
                    LayoutInline {O:P} at (0,0) size 0x15
                LayoutBlockFlow {P} at (8.19,33) size 90x16
                  LayoutText {#text} at (37,0) size 16x15
                    text run at (37,0) width 16: "No"
                LayoutBlockFlow {P} at (8.19,49) size 90x16
                  LayoutText {#text} at (37,0) size 16x15
                    text run at (37,0) width 16: "No"
                LayoutBlockFlow {P} at (8.19,65) size 90x16
                  LayoutText {#text} at (37,0) size 16x15
                    text run at (37,0) width 16: "No"
                LayoutBlockFlow {P} at (8.19,81) size 90x16
                  LayoutText {#text} at (37,0) size 16x15
                    text run at (37,0) width 16: "No"
                LayoutBlockFlow {P} at (8.19,97) size 90x16
                  LayoutText {#text} at (35,0) size 20x15
                    text run at (35,0) width 20: "Yes"
                  LayoutInline {SPAN} at (0,0) size 1x15
                    LayoutInline {O:P} at (0,0) size 1x15
            LayoutTableRow {TR} at (0,1479) size 472x97
              LayoutTableCell {TD} at (0,1479) size 98x17 [border: (1px none #808080) none] [r=26 c=0 rs=1 cs=1]
                LayoutBlockFlow {P} at (8.19,1) size 83x16
                  LayoutText {#text} at (35,0) size 13x15
                    text run at (35,0) width 13: "27"
                  LayoutInline {SPAN} at (0,0) size 1x15
                    LayoutInline {O:P} at (0,0) size 1x15
              LayoutTableCell {TD} at (98,1479) size 170x97 [border: (1px none #808080) none (1px none #808080)] [r=26 c=1 rs=1 cs=1]
                LayoutBlockFlow {P} at (8.19,1) size 155x16
                  LayoutText {#text} at (0,0) size 71x15
                    text run at (0,0) width 71: "Darren Braun"
                  LayoutInline {SPAN} at (0,0) size 0x15
                    LayoutInline {O:P} at (0,0) size 0x15
                LayoutBlockFlow {P} at (8.19,17) size 155x16
                  LayoutText {#text} at (0,0) size 90x15
                    text run at (0,0) width 90: "Ian + Brad Carter"
                  LayoutInline {SPAN} at (0,0) size 0x15
                    LayoutInline {O:P} at (0,0) size 0x15
                LayoutBlockFlow {P} at (8.19,33) size 155x16
                  LayoutText {#text} at (0,0) size 73x15
                    text run at (0,0) width 73: "Pete Peterson"
                LayoutBlockFlow {P} at (8.19,49) size 155x16
                  LayoutText {#text} at (0,0) size 81x15
                    text run at (0,0) width 81: "John Chamorro"
                LayoutBlockFlow {P} at (8.19,65) size 155x16
                  LayoutText {#text} at (0,0) size 65x15
                    text run at (0,0) width 65: "Ali Erdengiz"
                LayoutBlockFlow {P} at (8.19,81) size 155x16
                  LayoutText {#text} at (0,0) size 55x15
                    text run at (0,0) width 55: "Saibal Sen"
                  LayoutInline {SPAN} at (0,0) size 0x15
                    LayoutInline {O:P} at (0,0) size 0x15
              LayoutTableCell {TD} at (268,1479) size 99x97 [border: (1px none #808080) none (1px none #808080)] [r=26 c=2 rs=1 cs=1]
                LayoutBlockFlow {P} at (8.19,1) size 84x16
                  LayoutText {#text} at (32,0) size 20x15
                    text run at (32,0) width 20: "Yes"
                  LayoutInline {SPAN} at (0,0) size 1x15
                    LayoutInline {O:P} at (0,0) size 1x15
                LayoutBlockFlow {P} at (8.19,17) size 84x16
                  LayoutText {#text} at (32,0) size 20x15
                    text run at (32,0) width 20: "Yes"
                  LayoutInline {SPAN} at (0,0) size 1x15
                    LayoutInline {O:P} at (0,0) size 1x15
                LayoutBlockFlow {P} at (8.19,33) size 84x16
                  LayoutText {#text} at (32,0) size 20x15
                    text run at (32,0) width 20: "Yes"
                LayoutBlockFlow {P} at (8.19,49) size 84x16
                  LayoutText {#text} at (40,0) size 4x15
                    text run at (40,0) width 4: " "
                LayoutBlockFlow {P} at (8.19,65) size 84x16
                  LayoutText {#text} at (40,0) size 4x15
                    text run at (40,0) width 4: " "
                LayoutBlockFlow {P} at (8.19,81) size 84x16
                  LayoutText {#text} at (32,0) size 20x15
                    text run at (32,0) width 20: "Yes"
                  LayoutInline {SPAN} at (0,0) size 1x15
                    LayoutInline {O:P} at (0,0) size 1x15
              LayoutTableCell {TD} at (367,1479) size 105x97 [border: (1px none #808080) none (1px none #808080)] [r=26 c=3 rs=1 cs=1]
                LayoutBlockFlow {P} at (8.19,1) size 90x16
                  LayoutText {#text} at (37,0) size 16x15
                    text run at (37,0) width 16: "No"
                  LayoutInline {SPAN} at (0,0) size 0x15
                    LayoutInline {O:P} at (0,0) size 0x15
                LayoutBlockFlow {P} at (8.19,17) size 90x16
                  LayoutText {#text} at (37,0) size 16x15
                    text run at (37,0) width 16: "No"
                  LayoutInline {SPAN} at (0,0) size 0x15
                    LayoutInline {O:P} at (0,0) size 0x15
                LayoutBlockFlow {P} at (8.19,33) size 90x16
                  LayoutText {#text} at (37,0) size 16x15
                    text run at (37,0) width 16: "No"
                LayoutBlockFlow {P} at (8.19,49) size 90x16
                  LayoutText {#text} at (43,0) size 4x15
                    text run at (43,0) width 4: " "
                LayoutBlockFlow {P} at (8.19,65) size 90x16
                  LayoutText {#text} at (43,0) size 4x15
                    text run at (43,0) width 4: " "
                LayoutBlockFlow {P} at (8.19,81) size 90x16
                  LayoutText {#text} at (37,0) size 16x15
                    text run at (37,0) width 16: "No"
                  LayoutInline {SPAN} at (0,0) size 0x15
                    LayoutInline {O:P} at (0,0) size 0x15
            LayoutTableRow {TR} at (0,1576) size 472x145
              LayoutTableCell {TD} at (0,1576) size 98x17 [border: (1px none #808080) none] [r=27 c=0 rs=1 cs=1]
                LayoutBlockFlow {P} at (8.19,1) size 83x16
                  LayoutText {#text} at (35,0) size 13x15
                    text run at (35,0) width 13: "28"
                  LayoutInline {SPAN} at (0,0) size 1x15
                    LayoutInline {O:P} at (0,0) size 1x15
              LayoutTableCell {TD} at (98,1576) size 170x145 [border: (1px none #808080) none (1px none #808080)] [r=27 c=1 rs=1 cs=1]
                LayoutBlockFlow {P} at (8.19,1) size 155x16
                  LayoutText {#text} at (0,0) size 91x15
                    text run at (0,0) width 91: "Zak + Mike West"
                  LayoutInline {SPAN} at (0,0) size 1x15
                    LayoutInline {O:P} at (0,0) size 1x15
                LayoutBlockFlow {P} at (8.19,17) size 155x16
                  LayoutText {#text} at (0,0) size 65x15
                    text run at (0,0) width 65: "Dave Neves"
                  LayoutInline {SPAN} at (0,0) size 0x15
                    LayoutInline {O:P} at (0,0) size 0x15
                LayoutBlockFlow {P} at (8.19,33) size 155x16
                  LayoutText {#text} at (0,0) size 75x15
                    text run at (0,0) width 75: "Richard Green"
                  LayoutInline {SPAN} at (0,0) size 0x15
                    LayoutInline {O:P} at (0,0) size 0x15
                LayoutBlockFlow {P} at (8.19,49) size 155x16
                  LayoutText {#text} at (0,0) size 67x15
                    text run at (0,0) width 67: "Javier Flores"
                LayoutBlockFlow {P} at (8.19,65) size 155x16
                  LayoutText {#text} at (0,0) size 81x15
                    text run at (0,0) width 81: "Gerald Cardinal"
                LayoutBlockFlow {P} at (8.19,81) size 155x16
                  LayoutText {#text} at (0,0) size 62x15
                    text run at (0,0) width 62: "Dan Sievert"
                LayoutBlockFlow {P} at (8.19,97) size 155x16
                  LayoutText {#text} at (0,0) size 65x15
                    text run at (0,0) width 65: "Ali Erdengiz"
                LayoutBlockFlow {P} at (8.19,113) size 155x16
                  LayoutText {#text} at (0,0) size 61x15
                    text run at (0,0) width 61: "Paul Walter"
                LayoutBlockFlow {P} at (8.19,129) size 155x16
                  LayoutText {#text} at (0,0) size 60x15
                    text run at (0,0) width 60: "Jerry Davis"
                  LayoutInline {SPAN} at (0,0) size 0x15
                    LayoutInline {O:P} at (0,0) size 0x15
              LayoutTableCell {TD} at (268,1576) size 99x145 [border: (1px none #808080) none (1px none #808080)] [r=27 c=2 rs=1 cs=1]
                LayoutBlockFlow {P} at (8.19,1) size 84x16
                  LayoutText {#text} at (32,0) size 20x15
                    text run at (32,0) width 20: "Yes"
                  LayoutInline {SPAN} at (0,0) size 1x15
                    LayoutInline {O:P} at (0,0) size 1x15
                LayoutBlockFlow {P} at (8.19,17) size 84x16
                  LayoutText {#text} at (32,0) size 20x15
                    text run at (32,0) width 20: "Yes"
                  LayoutInline {SPAN} at (0,0) size 1x15
                    LayoutInline {O:P} at (0,0) size 1x15
                LayoutBlockFlow {P} at (8.19,33) size 84x16
                  LayoutText {#text} at (32,0) size 20x15
                    text run at (32,0) width 20: "Yes"
                  LayoutInline {SPAN} at (0,0) size 1x15
                    LayoutInline {O:P} at (0,0) size 1x15
                LayoutBlockFlow {P} at (8.19,49) size 84x16
                  LayoutText {#text} at (32,0) size 20x15
                    text run at (32,0) width 20: "Yes"
                LayoutBlockFlow {P} at (8.19,65) size 84x16
                  LayoutText {#text} at (40,0) size 4x15
                    text run at (40,0) width 4: " "
                LayoutBlockFlow {P} at (8.19,81) size 84x16
                  LayoutText {#text} at (32,0) size 20x15
                    text run at (32,0) width 20: "Yes"
                LayoutBlockFlow {P} at (8.19,97) size 84x16
                  LayoutText {#text} at (40,0) size 4x15
                    text run at (40,0) width 4: " "
                LayoutBlockFlow {P} at (8.19,113) size 84x16
                  LayoutText {#text} at (40,0) size 4x15
                    text run at (40,0) width 4: " "
                LayoutBlockFlow {P} at (8.19,129) size 84x16
                  LayoutText {#text} at (32,0) size 20x15
                    text run at (32,0) width 20: "Yes"
                  LayoutInline {SPAN} at (0,0) size 1x15
                    LayoutInline {O:P} at (0,0) size 1x15
              LayoutTableCell {TD} at (367,1576) size 105x145 [border: (1px none #808080) none (1px none #808080)] [r=27 c=3 rs=1 cs=1]
                LayoutBlockFlow {P} at (8.19,1) size 90x16
                  LayoutText {#text} at (35,0) size 20x15
                    text run at (35,0) width 20: "Yes"
                  LayoutInline {SPAN} at (0,0) size 1x15
                    LayoutInline {O:P} at (0,0) size 1x15
                LayoutBlockFlow {P} at (8.19,17) size 90x16
                  LayoutText {#text} at (35,0) size 20x15
                    text run at (35,0) width 20: "Yes"
                  LayoutInline {SPAN} at (0,0) size 1x15
                    LayoutInline {O:P} at (0,0) size 1x15
                LayoutBlockFlow {P} at (8.19,33) size 90x16
                  LayoutText {#text} at (37,0) size 16x15
                    text run at (37,0) width 16: "No"
                  LayoutInline {SPAN} at (0,0) size 0x15
                    LayoutInline {O:P} at (0,0) size 0x15
                LayoutBlockFlow {P} at (8.19,49) size 90x16
                  LayoutText {#text} at (37,0) size 16x15
                    text run at (37,0) width 16: "No"
                LayoutBlockFlow {P} at (8.19,65) size 90x16
                  LayoutText {#text} at (43,0) size 4x15
                    text run at (43,0) width 4: " "
                LayoutBlockFlow {P} at (8.19,81) size 90x16
                  LayoutText {#text} at (37,0) size 16x15
                    text run at (37,0) width 16: "No"
                LayoutBlockFlow {P} at (8.19,97) size 90x16
                  LayoutText {#text} at (43,0) size 4x15
                    text run at (43,0) width 4: " "
                LayoutBlockFlow {P} at (8.19,113) size 90x16
                  LayoutText {#text} at (43,0) size 4x15
                    text run at (43,0) width 4: " "
                LayoutBlockFlow {P} at (8.19,129) size 90x16
                  LayoutText {#text} at (37,0) size 16x15
                    text run at (37,0) width 16: "No"
                  LayoutInline {SPAN} at (0,0) size 0x15
                    LayoutInline {O:P} at (0,0) size 0x15
            LayoutTableRow {TR} at (0,1721) size 472x49
              LayoutTableCell {TD} at (0,1721) size 98x17 [border: (1px none #808080) none] [r=28 c=0 rs=1 cs=1]
                LayoutBlockFlow {P} at (8.19,1) size 83x16
                  LayoutText {#text} at (35,0) size 13x15
                    text run at (35,0) width 13: "29"
                  LayoutInline {SPAN} at (0,0) size 1x15
                    LayoutInline {O:P} at (0,0) size 1x15
              LayoutTableCell {TD} at (98,1721) size 170x49 [border: (1px none #808080) none (1px none #808080)] [r=28 c=1 rs=1 cs=1]
                LayoutBlockFlow {P} at (8.19,1) size 155x16
                  LayoutText {#text} at (0,0) size 67x15
                    text run at (0,0) width 67: "Javier Flores"
                  LayoutInline {SPAN} at (0,0) size 0x15
                    LayoutInline {O:P} at (0,0) size 0x15
                LayoutBlockFlow {P} at (8.19,17) size 155x16
                  LayoutText {#text} at (0,0) size 66x15
                    text run at (0,0) width 66: "Bill Johnson"
                LayoutBlockFlow {P} at (8.19,33) size 155x16
                  LayoutText {#text} at (0,0) size 58x15
                    text run at (0,0) width 58: "John Todd"
                  LayoutInline {SPAN} at (0,0) size 1x15
                    LayoutInline {O:P} at (0,0) size 1x15
              LayoutTableCell {TD} at (268,1721) size 99x33 [border: (1px none #808080) none (1px none #808080)] [r=28 c=2 rs=1 cs=1]
                LayoutBlockFlow {P} at (8.19,1) size 84x16
                  LayoutText {#text} at (32,0) size 20x15
                    text run at (32,0) width 20: "Yes"
                  LayoutInline {SPAN} at (0,0) size 1x15
                    LayoutInline {O:P} at (0,0) size 1x15
                LayoutBlockFlow {P} at (8.19,17) size 84x16
                  LayoutText {#text} at (32,0) size 20x15
                    text run at (32,0) width 20: "Yes"
                  LayoutInline {SPAN} at (0,0) size 1x15
                    LayoutInline {O:P} at (0,0) size 1x15
              LayoutTableCell {TD} at (367,1721) size 105x33 [border: (1px none #808080) none (1px none #808080)] [r=28 c=3 rs=1 cs=1]
                LayoutBlockFlow {P} at (8.19,1) size 90x16
                  LayoutText {#text} at (37,0) size 16x15
                    text run at (37,0) width 16: "No"
                  LayoutInline {SPAN} at (0,0) size 0x15
                    LayoutInline {O:P} at (0,0) size 0x15
                LayoutBlockFlow {P} at (8.19,17) size 90x16
                  LayoutText {#text} at (37,0) size 16x15
                    text run at (37,0) width 16: "No"
                  LayoutInline {SPAN} at (0,0) size 0x15
                    LayoutInline {O:P} at (0,0) size 0x15
            LayoutTableRow {TR} at (0,1770) size 472x113
              LayoutTableCell {TD} at (0,1770) size 98x17 [border: (1px none #808080) none] [r=29 c=0 rs=1 cs=1]
                LayoutBlockFlow {P} at (8.19,1) size 83x16
                  LayoutText {#text} at (35,0) size 13x15
                    text run at (35,0) width 13: "30"
                  LayoutInline {SPAN} at (0,0) size 1x15
                    LayoutInline {O:P} at (0,0) size 1x15
              LayoutTableCell {TD} at (98,1770) size 170x113 [border: (1px none #808080) none (1px none #808080)] [r=29 c=1 rs=1 cs=1]
                LayoutBlockFlow {P} at (8.19,1) size 155x16
                  LayoutText {#text} at (0,0) size 86x15
                    text run at (0,0) width 86: "Alan Littlewood"
                  LayoutInline {SPAN} at (0,0) size 0x15
                    LayoutInline {O:P} at (0,0) size 0x15
                LayoutBlockFlow {P} at (8.19,17) size 155x16
                  LayoutText {#text} at (0,0) size 82x15
                    text run at (0,0) width 82: "George Coward"
                  LayoutInline {SPAN} at (0,0) size 1x15
                    LayoutInline {O:P} at (0,0) size 1x15
                LayoutBlockFlow {P} at (8.19,33) size 155x16
                  LayoutText {#text} at (0,0) size 84x15
                    text run at (0,0) width 84: "Maurice Burton"
                LayoutBlockFlow {P} at (8.19,49) size 155x16
                  LayoutText {#text} at (0,0) size 62x15
                    text run at (0,0) width 62: "Dan Sievert"
                LayoutBlockFlow {P} at (8.19,65) size 155x16
                  LayoutText {#text} at (0,0) size 109x15
                    text run at (0,0) width 109: "Michael DeGiovanni"
                LayoutBlockFlow {P} at (8.19,81) size 155x16
                  LayoutText {#text} at (0,0) size 86x15
                    text run at (0,0) width 86: "Jack Goodfriend"
                LayoutBlockFlow {P} at (8.19,97) size 155x16
                  LayoutText {#text} at (0,0) size 88x15
                    text run at (0,0) width 88: "Richard Sanchez"
                  LayoutInline {SPAN} at (0,0) size 0x15
                    LayoutInline {O:P} at (0,0) size 0x15
              LayoutTableCell {TD} at (268,1770) size 99x113 [border: (1px none #808080) none (1px none #808080)] [r=29 c=2 rs=1 cs=1]
                LayoutBlockFlow {P} at (8.19,1) size 84x16
                  LayoutText {#text} at (32,0) size 20x15
                    text run at (32,0) width 20: "Yes"
                  LayoutInline {SPAN} at (0,0) size 1x15
                    LayoutInline {O:P} at (0,0) size 1x15
                LayoutBlockFlow {P} at (8.19,17) size 84x16
                  LayoutText {#text} at (32,0) size 20x15
                    text run at (32,0) width 20: "Yes"
                  LayoutInline {SPAN} at (0,0) size 1x15
                    LayoutInline {O:P} at (0,0) size 1x15
                LayoutBlockFlow {P} at (8.19,33) size 84x16
                  LayoutText {#text} at (32,0) size 20x15
                    text run at (32,0) width 20: "Yes"
                LayoutBlockFlow {P} at (8.19,49) size 84x16
                  LayoutText {#text} at (32,0) size 20x15
                    text run at (32,0) width 20: "Yes"
                LayoutBlockFlow {P} at (8.19,65) size 84x16
                  LayoutText {#text} at (40,0) size 4x15
                    text run at (40,0) width 4: " "
                LayoutBlockFlow {P} at (8.19,81) size 84x16
                  LayoutText {#text} at (40,0) size 4x15
                    text run at (40,0) width 4: " "
                LayoutBlockFlow {P} at (8.19,97) size 84x16
                  LayoutText {#text} at (34,0) size 16x15
                    text run at (34,0) width 16: "No"
                  LayoutInline {SPAN} at (0,0) size 0x15
                    LayoutInline {O:P} at (0,0) size 0x15
              LayoutTableCell {TD} at (367,1770) size 105x113 [border: (1px none #808080) none (1px none #808080)] [r=29 c=3 rs=1 cs=1]
                LayoutBlockFlow {P} at (8.19,1) size 90x16
                  LayoutText {#text} at (37,0) size 16x15
                    text run at (37,0) width 16: "No"
                  LayoutInline {SPAN} at (0,0) size 0x15
                    LayoutInline {O:P} at (0,0) size 0x15
                LayoutBlockFlow {P} at (8.19,17) size 90x16
                  LayoutText {#text} at (37,0) size 16x15
                    text run at (37,0) width 16: "No"
                  LayoutInline {SPAN} at (0,0) size 0x15
                    LayoutInline {O:P} at (0,0) size 0x15
                LayoutBlockFlow {P} at (8.19,33) size 90x16
                  LayoutText {#text} at (37,0) size 16x15
                    text run at (37,0) width 16: "No"
                LayoutBlockFlow {P} at (8.19,49) size 90x16
                  LayoutText {#text} at (37,0) size 16x15
                    text run at (37,0) width 16: "No"
                LayoutBlockFlow {P} at (8.19,65) size 90x16
                  LayoutText {#text} at (43,0) size 4x15
                    text run at (43,0) width 4: " "
                LayoutBlockFlow {P} at (8.19,81) size 90x16
                  LayoutText {#text} at (43,0) size 4x15
                    text run at (43,0) width 4: " "
                LayoutBlockFlow {P} at (8.19,97) size 90x16
                  LayoutText {#text} at (35,0) size 20x15
                    text run at (35,0) width 20: "Yes"
                  LayoutInline {SPAN} at (0,0) size 1x15
                    LayoutInline {O:P} at (0,0) size 1x15
            LayoutTableRow {TR} at (0,1883) size 472x49
              LayoutTableCell {TD} at (0,1883) size 98x17 [border: (1px none #808080) none] [r=30 c=0 rs=1 cs=1]
                LayoutBlockFlow {P} at (8.19,1) size 83x16
                  LayoutText {#text} at (35,0) size 13x15
                    text run at (35,0) width 13: "31"
                  LayoutInline {SPAN} at (0,0) size 1x15
                    LayoutInline {O:P} at (0,0) size 1x15
              LayoutTableCell {TD} at (98,1883) size 170x49 [border: (1px none #808080) none (1px none #808080)] [r=30 c=1 rs=1 cs=1]
                LayoutBlockFlow {P} at (8.19,1) size 155x16
                  LayoutText {#text} at (0,0) size 65x15
                    text run at (0,0) width 65: "Dave Neves"
                LayoutBlockFlow {P} at (8.19,17) size 155x16
                  LayoutText {#text} at (0,0) size 79x15
                    text run at (0,0) width 79: "James Haladus"
                LayoutBlockFlow {P} at (8.19,33) size 155x16
                  LayoutText {#text} at (0,0) size 62x15
                    text run at (0,0) width 62: "Randy Reid"
                  LayoutInline {SPAN} at (0,0) size 0x15
                    LayoutInline {O:P} at (0,0) size 0x15
              LayoutTableCell {TD} at (268,1883) size 99x33 [border: (1px none #808080) none (1px none #808080)] [r=30 c=2 rs=1 cs=1]
                LayoutBlockFlow {P} at (8.19,1) size 84x16
                  LayoutText {#text} at (32,0) size 20x15
                    text run at (32,0) width 20: "Yes"
                LayoutBlockFlow {P} at (8.19,17) size 84x16
                  LayoutText {#text} at (32,0) size 20x15
                    text run at (32,0) width 20: "Yes"
                  LayoutInline {SPAN} at (0,0) size 1x15
                    LayoutInline {O:P} at (0,0) size 1x15
              LayoutTableCell {TD} at (367,1883) size 105x33 [border: (1px none #808080) none (1px none #808080)] [r=30 c=3 rs=1 cs=1]
                LayoutBlockFlow {P} at (8.19,1) size 90x16
                  LayoutText {#text} at (35,0) size 20x15
                    text run at (35,0) width 20: "Yes"
                LayoutBlockFlow {P} at (8.19,17) size 90x16
                  LayoutText {#text} at (37,0) size 16x15
                    text run at (37,0) width 16: "No"
                  LayoutInline {SPAN} at (0,0) size 0x15
                    LayoutInline {O:P} at (0,0) size 0x15
            LayoutTableRow {TR} at (0,1932) size 472x65
              LayoutTableCell {TD} at (0,1932) size 98x17 [border: (1px none #808080) none] [r=31 c=0 rs=1 cs=1]
                LayoutBlockFlow {P} at (8.19,1) size 83x16
                  LayoutText {#text} at (35,0) size 13x15
                    text run at (35,0) width 13: "32"
                  LayoutInline {SPAN} at (0,0) size 1x15
                    LayoutInline {O:P} at (0,0) size 1x15
              LayoutTableCell {TD} at (98,1932) size 170x65 [border: (1px none #808080) none (1px none #808080)] [r=31 c=1 rs=1 cs=1]
                LayoutBlockFlow {P} at (8.19,1) size 155x16
                  LayoutText {#text} at (0,0) size 62x15
                    text run at (0,0) width 62: " Oliver Baer"
                LayoutBlockFlow {P} at (8.19,17) size 155x16
                  LayoutText {#text} at (0,0) size 66x15
                    text run at (0,0) width 66: "Dale Barnett"
                LayoutBlockFlow {P} at (8.19,33) size 155x16
                  LayoutText {#text} at (0,0) size 58x15
                    text run at (0,0) width 58: "John Todd"
                LayoutBlockFlow {P} at (8.19,49) size 155x16
                  LayoutText {#text} at (0,0) size 84x15
                    text run at (0,0) width 84: "Dominic Bayani"
                  LayoutInline {SPAN} at (0,0) size 0x15
                    LayoutInline {O:P} at (0,0) size 0x15
              LayoutTableCell {TD} at (268,1932) size 99x33 [border: (1px none #808080) none (1px none #808080)] [r=31 c=2 rs=1 cs=1]
                LayoutBlockFlow {P} at (8.19,1) size 84x16
                  LayoutText {#text} at (31,0) size 22x15
                    text run at (31,0) width 22: " Yes"
                LayoutBlockFlow {P} at (8.19,17) size 84x16
                  LayoutText {#text} at (32,0) size 20x15
                    text run at (32,0) width 20: "Yes"
                  LayoutInline {SPAN} at (0,0) size 1x15
                    LayoutInline {O:P} at (0,0) size 1x15
              LayoutTableCell {TD} at (367,1932) size 105x33 [border: (1px none #808080) none (1px none #808080)] [r=31 c=3 rs=1 cs=1]
                LayoutBlockFlow {P} at (8.19,1) size 90x16
                  LayoutText {#text} at (35,0) size 20x15
                    text run at (35,0) width 20: " No"
                LayoutBlockFlow {P} at (8.19,17) size 90x16
                  LayoutText {#text} at (37,0) size 16x15
                    text run at (37,0) width 16: "No"
                  LayoutInline {SPAN} at (0,0) size 0x15
                    LayoutInline {O:P} at (0,0) size 0x15
            LayoutTableRow {TR} at (0,1997) size 472x145
              LayoutTableCell {TD} at (0,1997) size 98x17 [border: (1px none #808080) none] [r=32 c=0 rs=1 cs=1]
                LayoutBlockFlow {P} at (8.19,1) size 83x16
                  LayoutText {#text} at (35,0) size 13x15
                    text run at (35,0) width 13: "33"
                  LayoutInline {SPAN} at (0,0) size 1x15
                    LayoutInline {O:P} at (0,0) size 1x15
              LayoutTableCell {TD} at (98,1997) size 170x145 [border: (1px none #808080) none (1px none #808080)] [r=32 c=1 rs=1 cs=1]
                LayoutBlockFlow {P} at (8.19,1) size 155x16
                  LayoutText {#text} at (0,0) size 68x15
                    text run at (0,0) width 68: "Tom Wagner"
                  LayoutInline {SPAN} at (0,0) size 0x15
                    LayoutInline {O:P} at (0,0) size 0x15
                LayoutBlockFlow {P} at (8.19,17) size 155x16
                  LayoutText {#text} at (0,0) size 73x15
                    text run at (0,0) width 73: "Gene Langley"
                LayoutBlockFlow {P} at (8.19,33) size 155x16
                  LayoutText {#text} at (0,0) size 79x15
                    text run at (0,0) width 79: "James Haladus"
                LayoutBlockFlow {P} at (8.19,49) size 155x16
                  LayoutText {#text} at (0,0) size 80x15
                    text run at (0,0) width 80: "Daniel Buckley"
                LayoutBlockFlow {P} at (8.19,65) size 155x16
                  LayoutText {#text} at (0,0) size 67x15
                    text run at (0,0) width 67: "Chris Larsen"
                LayoutBlockFlow {P} at (8.19,81) size 155x16
                  LayoutText {#text} at (0,0) size 71x15
                    text run at (0,0) width 71: "Mike Chansu"
                LayoutBlockFlow {P} at (8.19,97) size 155x16
                  LayoutText {#text} at (0,0) size 70x15
                    text run at (0,0) width 70: "James Brown"
                LayoutBlockFlow {P} at (8.19,113) size 155x16
                  LayoutText {#text} at (0,0) size 62x15
                    text run at (0,0) width 62: "Will Sievert"
                LayoutBlockFlow {P} at (8.19,129) size 155x16
                  LayoutText {#text} at (0,0) size 68x15
                    text run at (0,0) width 68: "Terry Chong"
                  LayoutInline {SPAN} at (0,0) size 1x15
                    LayoutInline {O:P} at (0,0) size 1x15
              LayoutTableCell {TD} at (268,1997) size 99x145 [border: (1px none #808080) none (1px none #808080)] [r=32 c=2 rs=1 cs=1]
                LayoutBlockFlow {P} at (8.19,1) size 84x16
                  LayoutText {#text} at (32,0) size 20x15
                    text run at (32,0) width 20: "Yes"
                  LayoutInline {SPAN} at (0,0) size 1x15
                    LayoutInline {O:P} at (0,0) size 1x15
                LayoutBlockFlow {P} at (8.19,17) size 84x16
                  LayoutText {#text} at (32,0) size 20x15
                    text run at (32,0) width 20: "Yes"
                LayoutBlockFlow {P} at (8.19,33) size 84x16
                  LayoutText {#text} at (32,0) size 20x15
                    text run at (32,0) width 20: "Yes"
                LayoutBlockFlow {P} at (8.19,49) size 84x16
                  LayoutText {#text} at (32,0) size 20x15
                    text run at (32,0) width 20: "Yes"
                LayoutBlockFlow {P} at (8.19,65) size 84x16
                  LayoutText {#text} at (40,0) size 4x15
                    text run at (40,0) width 4: " "
                LayoutBlockFlow {P} at (8.19,81) size 84x16
                  LayoutText {#text} at (32,0) size 20x15
                    text run at (32,0) width 20: "Yes"
                LayoutBlockFlow {P} at (8.19,97) size 84x16
                  LayoutText {#text} at (32,0) size 20x15
                    text run at (32,0) width 20: "Yes"
                LayoutBlockFlow {P} at (8.19,113) size 84x16
                  LayoutText {#text} at (32,0) size 20x15
                    text run at (32,0) width 20: "Yes"
                LayoutBlockFlow {P} at (8.19,129) size 84x16
                  LayoutText {#text} at (32,0) size 20x15
                    text run at (32,0) width 20: "Yes"
                  LayoutInline {SPAN} at (0,0) size 1x15
                    LayoutInline {O:P} at (0,0) size 1x15
              LayoutTableCell {TD} at (367,1997) size 105x145 [border: (1px none #808080) none (1px none #808080)] [r=32 c=3 rs=1 cs=1]
                LayoutBlockFlow {P} at (8.19,1) size 90x16
                  LayoutText {#text} at (37,0) size 16x15
                    text run at (37,0) width 16: "No"
                  LayoutInline {SPAN} at (0,0) size 0x15
                    LayoutInline {O:P} at (0,0) size 0x15
                LayoutBlockFlow {P} at (8.19,17) size 90x16
                  LayoutText {#text} at (6,0) size 78x15
                    text run at (6,0) width 78: "Gyro wannabe"
                LayoutBlockFlow {P} at (8.19,33) size 90x16
                  LayoutText {#text} at (37,0) size 16x15
                    text run at (37,0) width 16: "No"
                LayoutBlockFlow {P} at (8.19,49) size 90x16
                  LayoutText {#text} at (37,0) size 16x15
                    text run at (37,0) width 16: "No"
                LayoutBlockFlow {P} at (8.19,65) size 90x16
                  LayoutText {#text} at (43,0) size 4x15
                    text run at (43,0) width 4: " "
                LayoutBlockFlow {P} at (8.19,81) size 90x16
                  LayoutText {#text} at (37,0) size 16x15
                    text run at (37,0) width 16: "No"
                LayoutBlockFlow {P} at (8.19,97) size 90x16
                  LayoutText {#text} at (37,0) size 16x15
                    text run at (37,0) width 16: "No"
                LayoutBlockFlow {P} at (8.19,113) size 90x16
                  LayoutText {#text} at (37,0) size 16x15
                    text run at (37,0) width 16: "No"
                LayoutBlockFlow {P} at (8.19,129) size 90x16
                  LayoutText {#text} at (37,0) size 16x15
                    text run at (37,0) width 16: "No"
                  LayoutInline {SPAN} at (0,0) size 0x15
                    LayoutInline {O:P} at (0,0) size 0x15
            LayoutTableRow {TR} at (0,2142) size 472x129
              LayoutTableCell {TD} at (0,2142) size 98x17 [border: (1px none #808080) none] [r=33 c=0 rs=1 cs=1]
                LayoutBlockFlow {P} at (8.19,1) size 83x16
                  LayoutText {#text} at (35,0) size 13x15
                    text run at (35,0) width 13: "34"
                  LayoutInline {SPAN} at (0,0) size 1x15
                    LayoutInline {O:P} at (0,0) size 1x15
              LayoutTableCell {TD} at (98,2142) size 170x129 [border: (1px none #808080) none (1px none #808080)] [r=33 c=1 rs=1 cs=1]
                LayoutBlockFlow {P} at (8.19,1) size 155x16
                  LayoutText {#text} at (0,0) size 55x15
                    text run at (0,0) width 55: "Jay Ribera"
                LayoutBlockFlow {P} at (8.19,17) size 155x16
                  LayoutText {#text} at (0,0) size 81x15
                    text run at (0,0) width 81: "Gerald Cardinal"
                LayoutBlockFlow {P} at (8.19,33) size 155x16
                  LayoutText {#text} at (0,0) size 66x15
                    text run at (0,0) width 66: "Dale Barnett"
                LayoutBlockFlow {P} at (8.19,49) size 155x16
                  LayoutText {#text} at (0,0) size 61x15
                    text run at (0,0) width 61: "Paul Walter"
                LayoutBlockFlow {P} at (8.19,65) size 155x16
                  LayoutText {#text} at (0,0) size 84x15
                    text run at (0,0) width 84: "Dominic Bayani"
                LayoutBlockFlow {P} at (8.19,81) size 155x16
                  LayoutText {#text} at (0,0) size 90x15
                    text run at (0,0) width 90: "Donald Carvalho"
                LayoutBlockFlow {P} at (8.19,97) size 155x16
                  LayoutText {#text} at (0,0) size 73x15
                    text run at (0,0) width 73: "Jack Peterson"
                LayoutBlockFlow {P} at (8.19,113) size 155x16
                  LayoutText {#text} at (0,0) size 63x15
                    text run at (0,0) width 63: "Scott Hersh"
                  LayoutInline {SPAN} at (0,0) size 0x15
                    LayoutInline {O:P} at (0,0) size 0x15
              LayoutTableCell {TD} at (268,2142) size 99x129 [border: (1px none #808080) none (1px none #808080)] [r=33 c=2 rs=1 cs=1]
                LayoutBlockFlow {P} at (8.19,1) size 84x16
                  LayoutText {#text} at (32,0) size 20x15
                    text run at (32,0) width 20: "Yes"
                LayoutBlockFlow {P} at (8.19,17) size 84x16
                  LayoutText {#text} at (40,0) size 4x15
                    text run at (40,0) width 4: " "
                LayoutBlockFlow {P} at (8.19,33) size 84x16
                  LayoutText {#text} at (32,0) size 20x15
                    text run at (32,0) width 20: "Yes"
                LayoutBlockFlow {P} at (8.19,49) size 84x16
                  LayoutText {#text} at (40,0) size 4x15
                    text run at (40,0) width 4: " "
                LayoutBlockFlow {P} at (8.19,65) size 84x16
                  LayoutText {#text} at (40,0) size 4x15
                    text run at (40,0) width 4: " "
                LayoutBlockFlow {P} at (8.19,81) size 84x16
                  LayoutText {#text} at (40,0) size 4x15
                    text run at (40,0) width 4: " "
                LayoutBlockFlow {P} at (8.19,97) size 84x16
                  LayoutText {#text} at (40,0) size 4x15
                    text run at (40,0) width 4: " "
                LayoutBlockFlow {P} at (8.19,113) size 84x16
                  LayoutText {#text} at (32,0) size 20x15
                    text run at (32,0) width 20: "Yes"
                  LayoutInline {SPAN} at (0,0) size 1x15
                    LayoutInline {O:P} at (0,0) size 1x15
              LayoutTableCell {TD} at (367,2142) size 105x129 [border: (1px none #808080) none (1px none #808080)] [r=33 c=3 rs=1 cs=1]
                LayoutBlockFlow {P} at (8.19,1) size 90x16
                  LayoutText {#text} at (37,0) size 16x15
                    text run at (37,0) width 16: "No"
                LayoutBlockFlow {P} at (8.19,17) size 90x16
                  LayoutText {#text} at (43,0) size 4x15
                    text run at (43,0) width 4: " "
                LayoutBlockFlow {P} at (8.19,33) size 90x16
                  LayoutText {#text} at (37,0) size 16x15
                    text run at (37,0) width 16: "No"
                LayoutBlockFlow {P} at (8.19,49) size 90x16
                  LayoutText {#text} at (43,0) size 4x15
                    text run at (43,0) width 4: " "
                LayoutBlockFlow {P} at (8.19,65) size 90x16
                  LayoutText {#text} at (43,0) size 4x15
                    text run at (43,0) width 4: " "
                LayoutBlockFlow {P} at (8.19,81) size 90x16
                  LayoutText {#text} at (43,0) size 4x15
                    text run at (43,0) width 4: " "
                LayoutBlockFlow {P} at (8.19,97) size 90x16
                  LayoutText {#text} at (43,0) size 4x15
                    text run at (43,0) width 4: " "
                LayoutBlockFlow {P} at (8.19,113) size 90x16
                  LayoutText {#text} at (37,0) size 16x15
                    text run at (37,0) width 16: "No"
                  LayoutInline {SPAN} at (0,0) size 0x15
                    LayoutInline {O:P} at (0,0) size 0x15
            LayoutTableRow {TR} at (0,2271) size 472x81
              LayoutTableCell {TD} at (0,2271) size 98x17 [border: (1px none #808080) none] [r=34 c=0 rs=1 cs=1]
                LayoutBlockFlow {P} at (8.19,1) size 83x16
                  LayoutText {#text} at (35,0) size 13x15
                    text run at (35,0) width 13: "35"
                  LayoutInline {SPAN} at (0,0) size 1x15
                    LayoutInline {O:P} at (0,0) size 1x15
              LayoutTableCell {TD} at (98,2271) size 170x81 [border: (1px none #808080) none (1px none #808080)] [r=34 c=1 rs=1 cs=1]
                LayoutBlockFlow {P} at (8.19,1) size 155x16
                  LayoutText {#text} at (0,0) size 78x15
                    text run at (0,0) width 78: " Richard Green"
                LayoutBlockFlow {P} at (8.19,17) size 155x16
                  LayoutText {#text} at (0,0) size 64x15
                    text run at (0,0) width 64: "David Allen"
                LayoutBlockFlow {P} at (8.19,33) size 155x16
                  LayoutText {#text} at (0,0) size 55x15
                    text run at (0,0) width 55: "Jim Colvin"
                LayoutBlockFlow {P} at (8.19,49) size 155x16
                  LayoutText {#text} at (0,0) size 68x15
                    text run at (0,0) width 68: "Harald Close"
                LayoutBlockFlow {P} at (8.19,65) size 155x16
                  LayoutText {#text} at (0,0) size 59x15
                    text run at (0,0) width 59: "Oliver Baer"
                  LayoutInline {SPAN} at (0,0) size 0x15
                    LayoutInline {O:P} at (0,0) size 0x15
              LayoutTableCell {TD} at (268,2271) size 99x81 [border: (1px none #808080) none (1px none #808080)] [r=34 c=2 rs=1 cs=1]
                LayoutBlockFlow {P} at (8.19,1) size 84x16
                  LayoutText {#text} at (40,0) size 4x15
                    text run at (40,0) width 4: " "
                LayoutBlockFlow {P} at (8.19,17) size 84x16
                  LayoutText {#text} at (40,0) size 4x15
                    text run at (40,0) width 4: " "
                LayoutBlockFlow {P} at (8.19,33) size 84x16
                  LayoutText {#text} at (40,0) size 4x15
                    text run at (40,0) width 4: " "
                LayoutBlockFlow {P} at (8.19,49) size 84x16
                  LayoutText {#text} at (32,0) size 20x15
                    text run at (32,0) width 20: "Yes"
                LayoutBlockFlow {P} at (8.19,65) size 84x16
                  LayoutText {#text} at (32,0) size 20x15
                    text run at (32,0) width 20: "Yes"
                  LayoutInline {SPAN} at (0,0) size 1x15
                    LayoutInline {O:P} at (0,0) size 1x15
              LayoutTableCell {TD} at (367,2271) size 105x81 [border: (1px none #808080) none (1px none #808080)] [r=34 c=3 rs=1 cs=1]
                LayoutBlockFlow {P} at (8.19,1) size 90x16
                  LayoutText {#text} at (43,0) size 4x15
                    text run at (43,0) width 4: " "
                LayoutBlockFlow {P} at (8.19,17) size 90x16
                  LayoutText {#text} at (43,0) size 4x15
                    text run at (43,0) width 4: " "
                LayoutBlockFlow {P} at (8.19,33) size 90x16
                  LayoutText {#text} at (43,0) size 4x15
                    text run at (43,0) width 4: " "
                LayoutBlockFlow {P} at (8.19,49) size 90x16
                  LayoutText {#text} at (35,0) size 20x15
                    text run at (35,0) width 20: "Yes"
                LayoutBlockFlow {P} at (8.19,65) size 90x16
                  LayoutText {#text} at (37,0) size 16x15
                    text run at (37,0) width 16: "No"
                  LayoutInline {SPAN} at (0,0) size 0x15
                    LayoutInline {O:P} at (0,0) size 0x15
            LayoutTableRow {TR} at (0,2352) size 472x81
              LayoutTableCell {TD} at (0,2352) size 98x17 [border: (1px none #808080) none] [r=35 c=0 rs=1 cs=1]
                LayoutBlockFlow {P} at (8.19,1) size 83x16
                  LayoutText {#text} at (35,0) size 13x15
                    text run at (35,0) width 13: "36"
                  LayoutInline {SPAN} at (0,0) size 1x15
                    LayoutInline {O:P} at (0,0) size 1x15
              LayoutTableCell {TD} at (98,2352) size 170x81 [border: (1px none #808080) none (1px none #808080)] [r=35 c=1 rs=1 cs=1]
                LayoutBlockFlow {P} at (8.19,1) size 155x16
                  LayoutText {#text} at (0,0) size 70x15
                    text run at (0,0) width 70: "Jason Beehm"
                LayoutBlockFlow {P} at (8.19,17) size 155x16
                  LayoutText {#text} at (0,0) size 90x15
                    text run at (0,0) width 90: "Darrell Carpenter"
                LayoutBlockFlow {P} at (8.19,33) size 155x16
                  LayoutText {#text} at (0,0) size 79x15
                    text run at (0,0) width 79: "Stefan Kiritzov"
                LayoutBlockFlow {P} at (8.19,49) size 155x16
                  LayoutText {#text} at (0,0) size 66x15
                    text run at (0,0) width 66: "Dale Barnett"
                LayoutBlockFlow {P} at (8.19,65) size 155x16
                  LayoutText {#text} at (0,0) size 62x15
                    text run at (0,0) width 62: "Dan Sievert"
                  LayoutInline {SPAN} at (0,0) size 0x15
                    LayoutInline {O:P} at (0,0) size 0x15
              LayoutTableCell {TD} at (268,2352) size 99x81 [border: (1px none #808080) none (1px none #808080)] [r=35 c=2 rs=1 cs=1]
                LayoutBlockFlow {P} at (8.19,1) size 84x16
                  LayoutText {#text} at (32,0) size 20x15
                    text run at (32,0) width 20: "Yes"
                LayoutBlockFlow {P} at (8.19,17) size 84x16
                  LayoutText {#text} at (32,0) size 20x15
                    text run at (32,0) width 20: "Yes"
                LayoutBlockFlow {P} at (8.19,33) size 84x16
                  LayoutText {#text} at (32,0) size 20x15
                    text run at (32,0) width 20: "Yes"
                LayoutBlockFlow {P} at (8.19,49) size 84x16
                  LayoutText {#text} at (32,0) size 20x15
                    text run at (32,0) width 20: "Yes"
                LayoutBlockFlow {P} at (8.19,65) size 84x16
                  LayoutText {#text} at (32,0) size 20x15
                    text run at (32,0) width 20: "Yes"
                  LayoutInline {SPAN} at (0,0) size 1x15
                    LayoutInline {O:P} at (0,0) size 1x15
              LayoutTableCell {TD} at (367,2352) size 105x81 [border: (1px none #808080) none (1px none #808080)] [r=35 c=3 rs=1 cs=1]
                LayoutBlockFlow {P} at (8.19,1) size 90x16
                  LayoutText {#text} at (37,0) size 16x15
                    text run at (37,0) width 16: "No"
                LayoutBlockFlow {P} at (8.19,17) size 90x16
                  LayoutText {#text} at (37,0) size 16x15
                    text run at (37,0) width 16: "No"
                LayoutBlockFlow {P} at (8.19,33) size 90x16
                  LayoutText {#text} at (35,0) size 20x15
                    text run at (35,0) width 20: "Yes"
                LayoutBlockFlow {P} at (8.19,49) size 90x16
                  LayoutText {#text} at (37,0) size 16x15
                    text run at (37,0) width 16: "No"
                LayoutBlockFlow {P} at (8.19,65) size 90x16
                  LayoutText {#text} at (37,0) size 16x15
                    text run at (37,0) width 16: "No"
                  LayoutInline {SPAN} at (0,0) size 0x15
                    LayoutInline {O:P} at (0,0) size 0x15
            LayoutTableRow {TR} at (0,2433) size 472x65
              LayoutTableCell {TD} at (0,2433) size 98x17 [border: (1px none #808080) none] [r=36 c=0 rs=1 cs=1]
                LayoutBlockFlow {P} at (8.19,1) size 83x16
                  LayoutText {#text} at (35,0) size 13x15
                    text run at (35,0) width 13: "37"
                  LayoutInline {SPAN} at (0,0) size 1x15
                    LayoutInline {O:P} at (0,0) size 1x15
              LayoutTableCell {TD} at (98,2433) size 170x65 [border: (1px none #808080) none (1px none #808080)] [r=36 c=1 rs=1 cs=1]
                LayoutBlockFlow {P} at (8.19,1) size 155x16
                  LayoutText {#text} at (0,0) size 88x15
                    text run at (0,0) width 88: "Dominic Civiletti"
                LayoutBlockFlow {P} at (8.19,17) size 155x16
                  LayoutText {#text} at (0,0) size 81x15
                    text run at (0,0) width 81: "John Chamorro"
                LayoutBlockFlow {P} at (8.19,33) size 155x16
                  LayoutText {#text} at (0,0) size 70x15
                    text run at (0,0) width 70: "Jim Mirowski"
                LayoutBlockFlow {P} at (8.19,49) size 155x16
                  LayoutText {#text} at (0,0) size 76x15
                    text run at (0,0) width 76: "Soohong  Kim"
                  LayoutInline {SPAN} at (0,0) size 0x15
                    LayoutInline {O:P} at (0,0) size 0x15
              LayoutTableCell {TD} at (268,2433) size 99x65 [border: (1px none #808080) none (1px none #808080)] [r=36 c=2 rs=1 cs=1]
                LayoutBlockFlow {P} at (8.19,1) size 84x16
                  LayoutText {#text} at (32,0) size 20x15
                    text run at (32,0) width 20: "Yes"
                LayoutBlockFlow {P} at (8.19,17) size 84x16
                  LayoutText {#text} at (40,0) size 4x15
                    text run at (40,0) width 4: " "
                LayoutBlockFlow {P} at (8.19,33) size 84x16
                  LayoutText {#text} at (40,0) size 4x15
                    text run at (40,0) width 4: " "
                LayoutBlockFlow {P} at (8.19,49) size 84x16
                  LayoutText {#text} at (32,0) size 20x15
                    text run at (32,0) width 20: "Yes"
                  LayoutInline {SPAN} at (0,0) size 1x15
                    LayoutInline {O:P} at (0,0) size 1x15
              LayoutTableCell {TD} at (367,2433) size 105x65 [border: (1px none #808080) none (1px none #808080)] [r=36 c=3 rs=1 cs=1]
                LayoutBlockFlow {P} at (8.19,1) size 90x16
                  LayoutText {#text} at (37,0) size 16x15
                    text run at (37,0) width 16: "No"
                LayoutBlockFlow {P} at (8.19,17) size 90x16
                  LayoutText {#text} at (43,0) size 4x15
                    text run at (43,0) width 4: " "
                LayoutBlockFlow {P} at (8.19,33) size 90x16
                  LayoutText {#text} at (43,0) size 4x15
                    text run at (43,0) width 4: " "
                LayoutBlockFlow {P} at (8.19,49) size 90x16
                  LayoutText {#text} at (37,0) size 16x15
                    text run at (37,0) width 16: "No"
                  LayoutInline {SPAN} at (0,0) size 0x15
                    LayoutInline {O:P} at (0,0) size 0x15
            LayoutTableRow {TR} at (0,2498) size 472x97
              LayoutTableCell {TD} at (0,2498) size 98x17 [border: (1px none #808080) none] [r=37 c=0 rs=1 cs=1]
                LayoutBlockFlow {P} at (8.19,1) size 83x16
                  LayoutText {#text} at (35,0) size 13x15
                    text run at (35,0) width 13: "38"
                  LayoutInline {SPAN} at (0,0) size 1x15
                    LayoutInline {O:P} at (0,0) size 1x15
              LayoutTableCell {TD} at (98,2498) size 170x97 [border: (1px none #808080) none (1px none #808080)] [r=37 c=1 rs=1 cs=1]
                LayoutBlockFlow {P} at (8.19,1) size 155x16
                  LayoutText {#text} at (0,0) size 97x15
                    text run at (0,0) width 97: "Karl Allmendinger"
                  LayoutInline {SPAN} at (0,0) size 0x15
                    LayoutInline {O:P} at (0,0) size 0x15
                LayoutBlockFlow {P} at (8.19,17) size 155x16
                  LayoutText {#text} at (0,0) size 63x15
                    text run at (0,0) width 63: "John Bernal"
                  LayoutInline {SPAN} at (0,0) size 0x15
                    LayoutInline {O:P} at (0,0) size 0x15
                LayoutBlockFlow {P} at (8.19,33) size 155x16
                  LayoutText {#text} at (0,0) size 73x15
                    text run at (0,0) width 73: "Gene Langley"
                LayoutBlockFlow {P} at (8.19,49) size 155x16
                  LayoutText {#text} at (0,0) size 74x15
                    text run at (0,0) width 74: "Chuck Pringle"
                LayoutBlockFlow {P} at (8.19,65) size 155x16
                  LayoutText {#text} at (0,0) size 52x15
                    text run at (0,0) width 52: "Jimmy Lei"
                LayoutBlockFlow {P} at (8.19,81) size 155x16
                  LayoutText {#text} at (0,0) size 90x15
                    text run at (0,0) width 90: "Ruenjoe (Joe) Lu"
                  LayoutInline {SPAN} at (0,0) size 0x15
                    LayoutInline {O:P} at (0,0) size 0x15
              LayoutTableCell {TD} at (268,2498) size 99x65 [border: (1px none #808080) none (1px none #808080)] [r=37 c=2 rs=1 cs=1]
                LayoutBlockFlow {P} at (8.19,1) size 84x16
                  LayoutText {#text} at (32,0) size 20x15
                    text run at (32,0) width 20: "Yes"
                  LayoutInline {SPAN} at (0,0) size 1x15
                    LayoutInline {O:P} at (0,0) size 1x15
                LayoutBlockFlow {P} at (8.19,17) size 84x16
                  LayoutText {#text} at (32,0) size 20x15
                    text run at (32,0) width 20: "Yes"
                  LayoutInline {SPAN} at (0,0) size 1x15
                    LayoutInline {O:P} at (0,0) size 1x15
                LayoutBlockFlow {P} at (8.19,33) size 84x16
                  LayoutText {#text} at (32,0) size 20x15
                    text run at (32,0) width 20: "Yes"
                LayoutBlockFlow {P} at (8.19,49) size 84x16
                  LayoutText {#text} at (32,0) size 20x15
                    text run at (32,0) width 20: "Yes"
                  LayoutInline {SPAN} at (0,0) size 1x15
                    LayoutInline {O:P} at (0,0) size 1x15
              LayoutTableCell {TD} at (367,2498) size 105x65 [border: (1px none #808080) none (1px none #808080)] [r=37 c=3 rs=1 cs=1]
                LayoutBlockFlow {P} at (8.19,1) size 90x16
                  LayoutText {#text} at (37,0) size 16x15
                    text run at (37,0) width 16: "No"
                  LayoutInline {SPAN} at (0,0) size 0x15
                    LayoutInline {O:P} at (0,0) size 0x15
                LayoutBlockFlow {P} at (8.19,17) size 90x16
                  LayoutText {#text} at (37,0) size 16x15
                    text run at (37,0) width 16: "No"
                  LayoutInline {SPAN} at (0,0) size 0x15
                    LayoutInline {O:P} at (0,0) size 0x15
                LayoutBlockFlow {P} at (8.19,33) size 90x16
                  LayoutText {#text} at (6,0) size 78x15
                    text run at (6,0) width 78: "Gyro wannabe"
                LayoutBlockFlow {P} at (8.19,49) size 90x16
                  LayoutText {#text} at (37,0) size 16x15
                    text run at (37,0) width 16: "No"
                  LayoutInline {SPAN} at (0,0) size 0x15
                    LayoutInline {O:P} at (0,0) size 0x15
            LayoutTableRow {TR} at (0,2595) size 472x49
              LayoutTableCell {TD} at (0,2595) size 98x17 [border: (1px none #808080) none] [r=38 c=0 rs=1 cs=1]
                LayoutBlockFlow {P} at (8.19,1) size 83x16
                  LayoutText {#text} at (35,0) size 13x15
                    text run at (35,0) width 13: "39"
                  LayoutInline {SPAN} at (0,0) size 1x15
                    LayoutInline {O:P} at (0,0) size 1x15
              LayoutTableCell {TD} at (98,2595) size 170x49 [border: (1px none #808080) none (1px none #808080)] [r=38 c=1 rs=1 cs=1]
                LayoutBlockFlow {P} at (8.19,1) size 155x16
                  LayoutText {#text} at (0,0) size 68x15
                    text run at (0,0) width 68: "Tom Wagner"
                LayoutBlockFlow {P} at (8.19,17) size 155x16
                  LayoutText {#text} at (0,0) size 59x15
                    text run at (0,0) width 59: "Oliver Baer"
                LayoutBlockFlow {P} at (8.19,33) size 155x16
                  LayoutText {#text} at (0,0) size 62x15
                    text run at (0,0) width 62: "Will Sievert"
                  LayoutInline {SPAN} at (0,0) size 1x15
                    LayoutInline {O:P} at (0,0) size 1x15
              LayoutTableCell {TD} at (268,2595) size 99x49 [border: (1px none #808080) none (1px none #808080)] [r=38 c=2 rs=1 cs=1]
                LayoutBlockFlow {P} at (8.19,1) size 84x16
                  LayoutText {#text} at (32,0) size 20x15
                    text run at (32,0) width 20: "Yes"
                LayoutBlockFlow {P} at (8.19,17) size 84x16
                  LayoutText {#text} at (32,0) size 20x15
                    text run at (32,0) width 20: "Yes"
                LayoutBlockFlow {P} at (8.19,33) size 84x16
                  LayoutText {#text} at (32,0) size 20x15
                    text run at (32,0) width 20: "Yes"
                  LayoutInline {SPAN} at (0,0) size 1x15
                    LayoutInline {O:P} at (0,0) size 1x15
              LayoutTableCell {TD} at (367,2595) size 105x49 [border: (1px none #808080) none (1px none #808080)] [r=38 c=3 rs=1 cs=1]
                LayoutBlockFlow {P} at (8.19,1) size 90x16
                  LayoutText {#text} at (37,0) size 16x15
                    text run at (37,0) width 16: "No"
                LayoutBlockFlow {P} at (8.19,17) size 90x16
                  LayoutText {#text} at (37,0) size 16x15
                    text run at (37,0) width 16: "No"
                LayoutBlockFlow {P} at (8.19,33) size 90x16
                  LayoutText {#text} at (37,0) size 16x15
                    text run at (37,0) width 16: "No"
                  LayoutInline {SPAN} at (0,0) size 0x15
                    LayoutInline {O:P} at (0,0) size 0x15
            LayoutTableRow {TR} at (0,2644) size 472x129
              LayoutTableCell {TD} at (0,2644) size 98x17 [border: (1px none #808080) none] [r=39 c=0 rs=1 cs=1]
                LayoutBlockFlow {P} at (8.19,1) size 83x16
                  LayoutText {#text} at (35,0) size 13x15
                    text run at (35,0) width 13: "40"
                  LayoutInline {SPAN} at (0,0) size 1x15
                    LayoutInline {O:P} at (0,0) size 1x15
              LayoutTableCell {TD} at (98,2644) size 170x129 [border: (1px none #808080) none (1px none #808080)] [r=39 c=1 rs=1 cs=1]
                LayoutBlockFlow {P} at (8.19,1) size 155x16
                  LayoutText {#text} at (0,0) size 81x15
                    text run at (0,0) width 81: "Alberto Lanzas"
                  LayoutInline {SPAN} at (0,0) size 0x15
                    LayoutInline {O:P} at (0,0) size 0x15
                LayoutBlockFlow {P} at (8.19,17) size 155x16
                  LayoutText {#text} at (0,0) size 91x15
                    text run at (0,0) width 91: "Zak + Mike West"
                  LayoutInline {SPAN} at (0,0) size 1x15
                    LayoutInline {O:P} at (0,0) size 1x15
                LayoutBlockFlow {P} at (8.19,33) size 155x16
                  LayoutText {#text} at (0,0) size 67x15
                    text run at (0,0) width 67: "Javier Flores"
                  LayoutInline {SPAN} at (0,0) size 0x15
                    LayoutInline {O:P} at (0,0) size 0x15
                LayoutBlockFlow {P} at (8.19,49) size 155x16
                  LayoutText {#text} at (0,0) size 66x15
                    text run at (0,0) width 66: "Bill Johnson"
                  LayoutInline {SPAN} at (0,0) size 0x15
                    LayoutInline {O:P} at (0,0) size 0x15
                LayoutBlockFlow {P} at (8.19,65) size 155x16
                  LayoutText {#text} at (0,0) size 73x15
                    text run at (0,0) width 73: "Gene Langley"
                LayoutBlockFlow {P} at (8.19,81) size 155x16
                  LayoutText {#text} at (0,0) size 67x15
                    text run at (0,0) width 67: "Rich Burnett"
                LayoutBlockFlow {P} at (8.19,97) size 155x16
                  LayoutText {#text} at (0,0) size 86x15
                    text run at (0,0) width 86: "Jack Goodfriend"
                LayoutBlockFlow {P} at (8.19,113) size 155x16
                  LayoutText {#text} at (0,0) size 68x15
                    text run at (0,0) width 68: "Harald Close"
                  LayoutInline {SPAN} at (0,0) size 0x15
                    LayoutInline {O:P} at (0,0) size 0x15
              LayoutTableCell {TD} at (268,2644) size 99x129 [border: (1px none #808080) none (1px none #808080)] [r=39 c=2 rs=1 cs=1]
                LayoutBlockFlow {P} at (8.19,1) size 84x16
                  LayoutText {#text} at (32,0) size 20x15
                    text run at (32,0) width 20: "Yes"
                  LayoutInline {SPAN} at (0,0) size 1x15
                    LayoutInline {O:P} at (0,0) size 1x15
                LayoutBlockFlow {P} at (8.19,17) size 84x16
                  LayoutText {#text} at (32,0) size 20x15
                    text run at (32,0) width 20: "Yes"
                  LayoutInline {SPAN} at (0,0) size 1x15
                    LayoutInline {O:P} at (0,0) size 1x15
                LayoutBlockFlow {P} at (8.19,33) size 84x16
                  LayoutText {#text} at (32,0) size 20x15
                    text run at (32,0) width 20: "Yes"
                  LayoutInline {SPAN} at (0,0) size 1x15
                    LayoutInline {O:P} at (0,0) size 1x15
                LayoutBlockFlow {P} at (8.19,49) size 84x16
                  LayoutText {#text} at (32,0) size 20x15
                    text run at (32,0) width 20: "Yes"
                  LayoutInline {SPAN} at (0,0) size 1x15
                    LayoutInline {O:P} at (0,0) size 1x15
                LayoutBlockFlow {P} at (8.19,65) size 84x16
                  LayoutText {#text} at (32,0) size 20x15
                    text run at (32,0) width 20: "Yes"
                LayoutBlockFlow {P} at (8.19,81) size 84x16
                  LayoutText {#text} at (40,0) size 4x15
                    text run at (40,0) width 4: " "
                LayoutBlockFlow {P} at (8.19,97) size 84x16
                  LayoutText {#text} at (40,0) size 4x15
                    text run at (40,0) width 4: " "
                LayoutBlockFlow {P} at (8.19,113) size 84x16
                  LayoutText {#text} at (32,0) size 20x15
                    text run at (32,0) width 20: "Yes"
                  LayoutInline {SPAN} at (0,0) size 1x15
                    LayoutInline {O:P} at (0,0) size 1x15
              LayoutTableCell {TD} at (367,2644) size 105x129 [border: (1px none #808080) none (1px none #808080)] [r=39 c=3 rs=1 cs=1]
                LayoutBlockFlow {P} at (8.19,1) size 90x16
                  LayoutText {#text} at (35,0) size 20x15
                    text run at (35,0) width 20: "Yes"
                  LayoutInline {SPAN} at (0,0) size 1x15
                    LayoutInline {O:P} at (0,0) size 1x15
                LayoutBlockFlow {P} at (8.19,17) size 90x16
                  LayoutText {#text} at (35,0) size 20x15
                    text run at (35,0) width 20: "Yes"
                  LayoutInline {SPAN} at (0,0) size 1x15
                    LayoutInline {O:P} at (0,0) size 1x15
                LayoutBlockFlow {P} at (8.19,33) size 90x16
                  LayoutText {#text} at (37,0) size 16x15
                    text run at (37,0) width 16: "No"
                  LayoutInline {SPAN} at (0,0) size 0x15
                    LayoutInline {O:P} at (0,0) size 0x15
                LayoutBlockFlow {P} at (8.19,49) size 90x16
                  LayoutText {#text} at (37,0) size 16x15
                    text run at (37,0) width 16: "No"
                  LayoutInline {SPAN} at (0,0) size 0x15
                    LayoutInline {O:P} at (0,0) size 0x15
                LayoutBlockFlow {P} at (8.19,65) size 90x16
                  LayoutText {#text} at (29,0) size 32x15
                    text run at (29,0) width 32: "Glider"
                LayoutBlockFlow {P} at (8.19,81) size 90x16
                  LayoutText {#text} at (43,0) size 4x15
                    text run at (43,0) width 4: " "
                LayoutBlockFlow {P} at (8.19,97) size 90x16
                  LayoutText {#text} at (43,0) size 4x15
                    text run at (43,0) width 4: " "
                LayoutBlockFlow {P} at (8.19,113) size 90x16
                  LayoutText {#text} at (37,0) size 16x15
                    text run at (37,0) width 16: "No"
                  LayoutInline {SPAN} at (0,0) size 0x15
                    LayoutInline {O:P} at (0,0) size 0x15
            LayoutTableRow {TR} at (0,2773) size 472x129
              LayoutTableCell {TD} at (0,2773) size 98x17 [border: (1px none #808080) none] [r=40 c=0 rs=1 cs=1]
                LayoutBlockFlow {P} at (8.19,1) size 83x16
                  LayoutText {#text} at (35,0) size 13x15
                    text run at (35,0) width 13: "41"
                  LayoutInline {SPAN} at (0,0) size 1x15
                    LayoutInline {O:P} at (0,0) size 1x15
              LayoutTableCell {TD} at (98,2773) size 170x129 [border: (1px none #808080) none (1px none #808080)] [r=40 c=1 rs=1 cs=1]
                LayoutBlockFlow {P} at (8.19,1) size 155x16
                  LayoutText {#text} at (0,0) size 88x15
                    text run at (0,0) width 88: "Dominic Civiletti"
                  LayoutInline {SPAN} at (0,0) size 0x15
                    LayoutInline {O:P} at (0,0) size 0x15
                LayoutBlockFlow {P} at (8.19,17) size 155x16
                  LayoutText {#text} at (0,0) size 103x15
                    text run at (0,0) width 103: "Corbin Christensen"
                  LayoutInline {SPAN} at (0,0) size 0x15
                    LayoutInline {O:P} at (0,0) size 0x15
                LayoutBlockFlow {P} at (8.19,33) size 155x16
                  LayoutText {#text} at (0,0) size 56x15
                    text run at (0,0) width 56: "Hal Hirsch"
                  LayoutInline {SPAN} at (0,0) size 0x15
                    LayoutInline {O:P} at (0,0) size 0x15
                LayoutBlockFlow {P} at (8.19,49) size 155x16
                  LayoutText {#text} at (0,0) size 88x15
                    text run at (0,0) width 88: "Richard Sanchez"
                LayoutBlockFlow {P} at (8.19,65) size 155x16
                  LayoutText {#text} at (0,0) size 63x15
                    text run at (0,0) width 63: "John Bernal"
                LayoutBlockFlow {P} at (8.19,81) size 155x16
                  LayoutText {#text} at (0,0) size 67x15
                    text run at (0,0) width 67: "Rich Burnett"
                LayoutBlockFlow {P} at (8.19,97) size 155x16
                  LayoutText {#text} at (0,0) size 69x15
                    text run at (0,0) width 69: "Brock Brown"
                LayoutBlockFlow {P} at (8.19,113) size 155x16
                  LayoutText {#text} at (0,0) size 55x15
                    text run at (0,0) width 55: "John Paye"
                  LayoutInline {SPAN} at (0,0) size 0x15
                    LayoutInline {O:P} at (0,0) size 0x15
              LayoutTableCell {TD} at (268,2773) size 99x113 [border: (1px none #808080) none (1px none #808080)] [r=40 c=2 rs=1 cs=1]
                LayoutBlockFlow {P} at (8.19,1) size 84x16
                  LayoutText {#text} at (32,0) size 20x15
                    text run at (32,0) width 20: "Yes"
                  LayoutInline {SPAN} at (0,0) size 1x15
                    LayoutInline {O:P} at (0,0) size 1x15
                LayoutBlockFlow {P} at (8.19,17) size 84x16
                  LayoutText {#text} at (32,0) size 20x15
                    text run at (32,0) width 20: "Yes"
                  LayoutInline {SPAN} at (0,0) size 1x15
                    LayoutInline {O:P} at (0,0) size 1x15
                LayoutBlockFlow {P} at (8.19,33) size 84x16
                  LayoutText {#text} at (32,0) size 20x15
                    text run at (32,0) width 20: "Yes"
                  LayoutInline {SPAN} at (0,0) size 1x15
                    LayoutInline {O:P} at (0,0) size 1x15
                LayoutBlockFlow {P} at (8.19,49) size 84x16
                  LayoutText {#text} at (34,0) size 16x15
                    text run at (34,0) width 16: "No"
                LayoutBlockFlow {P} at (8.19,65) size 84x16
                  LayoutText {#text} at (32,0) size 20x15
                    text run at (32,0) width 20: "Yes"
                LayoutBlockFlow {P} at (8.19,81) size 84x16
                  LayoutText {#text} at (40,0) size 4x15
                    text run at (40,0) width 4: " "
                LayoutBlockFlow {P} at (8.19,97) size 84x16
                  LayoutText {#text} at (32,0) size 20x15
                    text run at (32,0) width 20: "Yes"
                  LayoutInline {SPAN} at (0,0) size 1x15
                    LayoutInline {O:P} at (0,0) size 1x15
              LayoutTableCell {TD} at (367,2773) size 105x113 [border: (1px none #808080) none (1px none #808080)] [r=40 c=3 rs=1 cs=1]
                LayoutBlockFlow {P} at (8.19,1) size 90x16
                  LayoutText {#text} at (37,0) size 16x15
                    text run at (37,0) width 16: "No"
                  LayoutInline {SPAN} at (0,0) size 0x15
                    LayoutInline {O:P} at (0,0) size 0x15
                LayoutBlockFlow {P} at (8.19,17) size 90x16
                  LayoutText {#text} at (37,0) size 16x15
                    text run at (37,0) width 16: "No"
                  LayoutInline {SPAN} at (0,0) size 0x15
                    LayoutInline {O:P} at (0,0) size 0x15
                LayoutBlockFlow {P} at (8.19,33) size 90x16
                  LayoutText {#text} at (37,0) size 16x15
                    text run at (37,0) width 16: "No"
                  LayoutInline {SPAN} at (0,0) size 0x15
                    LayoutInline {O:P} at (0,0) size 0x15
                LayoutBlockFlow {P} at (8.19,49) size 90x16
                  LayoutText {#text} at (35,0) size 20x15
                    text run at (35,0) width 20: "Yes"
                LayoutBlockFlow {P} at (8.19,65) size 90x16
                  LayoutText {#text} at (37,0) size 16x15
                    text run at (37,0) width 16: "No"
                LayoutBlockFlow {P} at (8.19,81) size 90x16
                  LayoutText {#text} at (43,0) size 4x15
                    text run at (43,0) width 4: " "
                LayoutBlockFlow {P} at (8.19,97) size 90x16
                  LayoutText {#text} at (37,0) size 16x15
                    text run at (37,0) width 16: "No"
                  LayoutInline {SPAN} at (0,0) size 0x15
                    LayoutInline {O:P} at (0,0) size 0x15
            LayoutTableRow {TR} at (0,2902) size 472x129
              LayoutTableCell {TD} at (0,2902) size 98x17 [border: (1px none #808080) none] [r=41 c=0 rs=1 cs=1]
                LayoutBlockFlow {P} at (8.19,1) size 83x16
                  LayoutText {#text} at (35,0) size 13x15
                    text run at (35,0) width 13: "42"
                  LayoutInline {SPAN} at (0,0) size 1x15
                    LayoutInline {O:P} at (0,0) size 1x15
              LayoutTableCell {TD} at (98,2902) size 170x129 [border: (1px none #808080) none (1px none #808080)] [r=41 c=1 rs=1 cs=1]
                LayoutBlockFlow {P} at (8.19,1) size 155x16
                  LayoutText {#text} at (0,0) size 45x15
                    text run at (0,0) width 45: "Tony Yu"
                  LayoutInline {SPAN} at (0,0) size 1x15
                    LayoutInline {O:P} at (0,0) size 1x15
                LayoutBlockFlow {P} at (8.19,17) size 155x16
                  LayoutText {#text} at (0,0) size 65x15
                    text run at (0,0) width 65: "Jason Miller"
                  LayoutInline {SPAN} at (0,0) size 0x15
                    LayoutInline {O:P} at (0,0) size 0x15
                LayoutBlockFlow {P} at (8.19,33) size 155x16
                  LayoutText {#text} at (0,0) size 84x15
                    text run at (0,0) width 84: "Maurice Burton"
                LayoutBlockFlow {P} at (8.19,49) size 155x16
                  LayoutText {#text} at (0,0) size 62x15
                    text run at (0,0) width 62: "Dan Sievert"
                LayoutBlockFlow {P} at (8.19,65) size 155x16
                  LayoutText {#text} at (0,0) size 60x15
                    text run at (0,0) width 60: "Jerry Davis"
                LayoutBlockFlow {P} at (8.19,81) size 155x16
                  LayoutText {#text} at (0,0) size 55x15
                    text run at (0,0) width 55: "John Paye"
                LayoutBlockFlow {P} at (8.19,97) size 155x16
                  LayoutText {#text} at (0,0) size 71x15
                    text run at (0,0) width 71: "Gordon Frost"
                LayoutBlockFlow {P} at (8.19,113) size 155x16
                  LayoutText {#text} at (0,0) size 65x15
                    text run at (0,0) width 65: "Chris Walsh"
                  LayoutInline {SPAN} at (0,0) size 1x15
                    LayoutInline {O:P} at (0,0) size 1x15
              LayoutTableCell {TD} at (268,2902) size 99x81 [border: (1px none #808080) none (1px none #808080)] [r=41 c=2 rs=1 cs=1]
                LayoutBlockFlow {P} at (8.19,1) size 84x16
                  LayoutText {#text} at (32,0) size 20x15
                    text run at (32,0) width 20: "Yes"
                  LayoutInline {SPAN} at (0,0) size 1x15
                    LayoutInline {O:P} at (0,0) size 1x15
                LayoutBlockFlow {P} at (8.19,17) size 84x16
                  LayoutText {#text} at (32,0) size 20x15
                    text run at (32,0) width 20: "Yes"
                  LayoutInline {SPAN} at (0,0) size 1x15
                    LayoutInline {O:P} at (0,0) size 1x15
                LayoutBlockFlow {P} at (8.19,33) size 84x16
                  LayoutText {#text} at (32,0) size 20x15
                    text run at (32,0) width 20: "Yes"
                LayoutBlockFlow {P} at (8.19,49) size 84x16
                  LayoutText {#text} at (32,0) size 20x15
                    text run at (32,0) width 20: "Yes"
                LayoutBlockFlow {P} at (8.19,65) size 84x16
                  LayoutText {#text} at (32,0) size 20x15
                    text run at (32,0) width 20: "Yes"
                  LayoutInline {SPAN} at (0,0) size 1x15
                    LayoutInline {O:P} at (0,0) size 1x15
              LayoutTableCell {TD} at (367,2902) size 105x81 [border: (1px none #808080) none (1px none #808080)] [r=41 c=3 rs=1 cs=1]
                LayoutBlockFlow {P} at (8.19,1) size 90x16
                  LayoutText {#text} at (37,0) size 16x15
                    text run at (37,0) width 16: "No"
                  LayoutInline {SPAN} at (0,0) size 0x15
                    LayoutInline {O:P} at (0,0) size 0x15
                LayoutBlockFlow {P} at (8.19,17) size 90x16
                  LayoutText {#text} at (37,0) size 16x15
                    text run at (37,0) width 16: "No"
                  LayoutInline {SPAN} at (0,0) size 0x15
                    LayoutInline {O:P} at (0,0) size 0x15
                LayoutBlockFlow {P} at (8.19,33) size 90x16
                  LayoutText {#text} at (37,0) size 16x15
                    text run at (37,0) width 16: "No"
                LayoutBlockFlow {P} at (8.19,49) size 90x16
                  LayoutText {#text} at (37,0) size 16x15
                    text run at (37,0) width 16: "No"
                LayoutBlockFlow {P} at (8.19,65) size 90x16
                  LayoutText {#text} at (37,0) size 16x15
                    text run at (37,0) width 16: "No"
                  LayoutInline {SPAN} at (0,0) size 0x15
                    LayoutInline {O:P} at (0,0) size 0x15
            LayoutTableRow {TR} at (0,3031) size 472x113
              LayoutTableCell {TD} at (0,3031) size 98x17 [border: (1px none #808080) none] [r=42 c=0 rs=1 cs=1]
                LayoutBlockFlow {P} at (8.19,1) size 83x16
                  LayoutText {#text} at (35,0) size 13x15
                    text run at (35,0) width 13: "43"
                  LayoutInline {SPAN} at (0,0) size 1x15
                    LayoutInline {O:P} at (0,0) size 1x15
              LayoutTableCell {TD} at (98,3031) size 170x113 [border: (1px none #808080) none (1px none #808080)] [r=42 c=1 rs=1 cs=1]
                LayoutBlockFlow {P} at (8.19,1) size 155x16
                  LayoutText {#text} at (0,0) size 88x15
                    text run at (0,0) width 88: "Dominic Civiletti"
                  LayoutInline {SPAN} at (0,0) size 0x15
                    LayoutInline {O:P} at (0,0) size 0x15
                LayoutBlockFlow {P} at (8.19,17) size 155x16
                  LayoutText {#text} at (0,0) size 63x15
                    text run at (0,0) width 63: "Ken Gullion"
                  LayoutInline {SPAN} at (0,0) size 0x15
                    LayoutInline {O:P} at (0,0) size 0x15
                LayoutBlockFlow {P} at (8.19,33) size 155x16
                  LayoutText {#text} at (0,0) size 62x15
                    text run at (0,0) width 62: "Will Sievert"
                LayoutBlockFlow {P} at (8.19,49) size 155x16
                  LayoutText {#text} at (0,0) size 72x15
                    text run at (0,0) width 72: "Jim Mahoney"
                LayoutBlockFlow {P} at (8.19,65) size 155x16
                  LayoutText {#text} at (0,0) size 66x15
                    text run at (0,0) width 66: "Ken Manuel"
                LayoutBlockFlow {P} at (8.19,81) size 155x16
                  LayoutText {#text} at (0,0) size 58x15
                    text run at (0,0) width 58: "John Todd"
                LayoutBlockFlow {P} at (8.19,97) size 155x16
                  LayoutText {#text} at (0,0) size 87x15
                    text run at (0,0) width 87: "Rick Rasmussen"
                  LayoutInline {SPAN} at (0,0) size 0x15
                    LayoutInline {O:P} at (0,0) size 0x15
              LayoutTableCell {TD} at (268,3031) size 99x81 [border: (1px none #808080) none (1px none #808080)] [r=42 c=2 rs=1 cs=1]
                LayoutBlockFlow {P} at (8.19,1) size 84x16
                  LayoutText {#text} at (32,0) size 20x15
                    text run at (32,0) width 20: "Yes"
                  LayoutInline {SPAN} at (0,0) size 1x15
                    LayoutInline {O:P} at (0,0) size 1x15
                LayoutBlockFlow {P} at (8.19,17) size 84x16
                  LayoutText {#text} at (32,0) size 20x15
                    text run at (32,0) width 20: "Yes"
                  LayoutInline {SPAN} at (0,0) size 1x15
                    LayoutInline {O:P} at (0,0) size 1x15
                LayoutBlockFlow {P} at (8.19,33) size 84x16
                  LayoutText {#text} at (32,0) size 20x15
                    text run at (32,0) width 20: "Yes"
                LayoutBlockFlow {P} at (8.19,49) size 84x16
                  LayoutText {#text} at (32,0) size 20x15
                    text run at (32,0) width 20: "Yes"
                LayoutBlockFlow {P} at (8.19,65) size 84x16
                  LayoutText {#text} at (32,0) size 20x15
                    text run at (32,0) width 20: "Yes"
                  LayoutInline {SPAN} at (0,0) size 1x15
                    LayoutInline {O:P} at (0,0) size 1x15
              LayoutTableCell {TD} at (367,3031) size 105x81 [border: (1px none #808080) none (1px none #808080)] [r=42 c=3 rs=1 cs=1]
                LayoutBlockFlow {P} at (8.19,1) size 90x16
                  LayoutText {#text} at (37,0) size 16x15
                    text run at (37,0) width 16: "No"
                  LayoutInline {SPAN} at (0,0) size 0x15
                    LayoutInline {O:P} at (0,0) size 0x15
                LayoutBlockFlow {P} at (8.19,17) size 90x16
                  LayoutText {#text} at (37,0) size 16x15
                    text run at (37,0) width 16: "No"
                  LayoutInline {SPAN} at (0,0) size 0x15
                    LayoutInline {O:P} at (0,0) size 0x15
                LayoutBlockFlow {P} at (8.19,33) size 90x16
                  LayoutText {#text} at (20,0) size 50x15
                    text run at (20,0) width 50: "Someday"
                LayoutBlockFlow {P} at (8.19,49) size 90x16
                  LayoutText {#text} at (35,0) size 20x15
                    text run at (35,0) width 20: "Yes"
                LayoutBlockFlow {P} at (8.19,65) size 90x16
                  LayoutText {#text} at (37,0) size 16x15
                    text run at (37,0) width 16: "No"
                  LayoutInline {SPAN} at (0,0) size 0x15
                    LayoutInline {O:P} at (0,0) size 0x15
            LayoutTableRow {TR} at (0,3144) size 472x65
              LayoutTableCell {TD} at (0,3144) size 98x17 [border: (1px none #808080) none] [r=43 c=0 rs=1 cs=1]
                LayoutBlockFlow {P} at (8.19,1) size 83x16
                  LayoutText {#text} at (35,0) size 13x15
                    text run at (35,0) width 13: "44"
                  LayoutInline {SPAN} at (0,0) size 1x15
                    LayoutInline {O:P} at (0,0) size 1x15
              LayoutTableCell {TD} at (98,3144) size 170x65 [border: (1px none #808080) none (1px none #808080)] [r=43 c=1 rs=1 cs=1]
                LayoutBlockFlow {P} at (8.19,1) size 155x16
                  LayoutText {#text} at (0,0) size 60x15
                    text run at (0,0) width 60: "Gary Heath"
                  LayoutInline {SPAN} at (0,0) size 0x15
                    LayoutInline {O:P} at (0,0) size 0x15
                LayoutBlockFlow {P} at (8.19,17) size 155x16
                  LayoutText {#text} at (0,0) size 79x15
                    text run at (0,0) width 79: "Quinn Chuong"
                LayoutBlockFlow {P} at (8.19,33) size 155x16
                  LayoutText {#text} at (0,0) size 62x15
                    text run at (0,0) width 62: "Dan Sievert"
                LayoutBlockFlow {P} at (8.19,49) size 155x16
                  LayoutText {#text} at (0,0) size 83x15
                    text run at (0,0) width 83: "Alexander Wert"
                  LayoutInline {SPAN} at (0,0) size 1x15
                    LayoutInline {O:P} at (0,0) size 1x15
              LayoutTableCell {TD} at (268,3144) size 99x65 [border: (1px none #808080) none (1px none #808080)] [r=43 c=2 rs=1 cs=1]
                LayoutBlockFlow {P} at (8.19,1) size 84x16
                  LayoutText {#text} at (34,0) size 16x15
                    text run at (34,0) width 16: "No"
                  LayoutInline {SPAN} at (0,0) size 0x15
                    LayoutInline {O:P} at (0,0) size 0x15
                LayoutBlockFlow {P} at (8.19,17) size 84x16
                  LayoutText {#text} at (32,0) size 20x15
                    text run at (32,0) width 20: "Yes"
                LayoutBlockFlow {P} at (8.19,33) size 84x16
                  LayoutText {#text} at (32,0) size 20x15
                    text run at (32,0) width 20: "Yes"
                LayoutBlockFlow {P} at (8.19,49) size 84x16
                  LayoutText {#text} at (34,0) size 16x15
                    text run at (34,0) width 16: "No"
                  LayoutInline {SPAN} at (0,0) size 0x15
                    LayoutInline {O:P} at (0,0) size 0x15
              LayoutTableCell {TD} at (367,3144) size 105x65 [border: (1px none #808080) none (1px none #808080)] [r=43 c=3 rs=1 cs=1]
                LayoutBlockFlow {P} at (8.19,1) size 90x16
                  LayoutText {#text} at (35,0) size 20x15
                    text run at (35,0) width 20: "Yes"
                  LayoutInline {SPAN} at (0,0) size 1x15
                    LayoutInline {O:P} at (0,0) size 1x15
                LayoutBlockFlow {P} at (8.19,17) size 90x16
                  LayoutText {#text} at (35,0) size 20x15
                    text run at (35,0) width 20: "Yes"
                LayoutBlockFlow {P} at (8.19,33) size 90x16
                  LayoutText {#text} at (37,0) size 16x15
                    text run at (37,0) width 16: "No"
                LayoutBlockFlow {P} at (8.19,49) size 90x16
                  LayoutText {#text} at (35,0) size 20x15
                    text run at (35,0) width 20: "Yes"
                  LayoutInline {SPAN} at (0,0) size 1x15
                    LayoutInline {O:P} at (0,0) size 1x15
            LayoutTableRow {TR} at (0,3209) size 472x49
              LayoutTableCell {TD} at (0,3209) size 98x17 [border: (1px none #808080) none] [r=44 c=0 rs=1 cs=1]
                LayoutBlockFlow {P} at (8.19,1) size 83x16
                  LayoutText {#text} at (35,0) size 13x15
                    text run at (35,0) width 13: "45"
                  LayoutInline {SPAN} at (0,0) size 1x15
                    LayoutInline {O:P} at (0,0) size 1x15
              LayoutTableCell {TD} at (98,3209) size 170x49 [border: (1px none #808080) none (1px none #808080)] [r=44 c=1 rs=1 cs=1]
                LayoutBlockFlow {P} at (8.19,1) size 155x16
                  LayoutText {#text} at (0,0) size 79x15
                    text run at (0,0) width 79: "James Holaduz"
                LayoutBlockFlow {P} at (8.19,17) size 155x16
                  LayoutInline {FONT} at (0,0) size 55x15
                    LayoutText {#text} at (0,0) size 55x15
                      text run at (0,0) width 55: "Don Coon"
                LayoutBlockFlow {P} at (8.19,33) size 155x16
                  LayoutText {#text} at (0,0) size 82x15
                    text run at (0,0) width 82: "John Yearwood"
                  LayoutInline {SPAN} at (0,0) size 1x15
                    LayoutInline {O:P} at (0,0) size 1x15
              LayoutTableCell {TD} at (268,3209) size 99x49 [border: (1px none #808080) none (1px none #808080)] [r=44 c=2 rs=1 cs=1]
                LayoutBlockFlow {P} at (8.19,1) size 84x16
                  LayoutText {#text} at (32,0) size 20x15
                    text run at (32,0) width 20: "Yes"
                LayoutBlockFlow {P} at (8.19,17) size 84x16
                  LayoutText {#text} at (40,0) size 4x15
                    text run at (40,0) width 4: " "
                LayoutBlockFlow {P} at (8.19,33) size 84x16
                  LayoutText {#text} at (32,0) size 20x15
                    text run at (32,0) width 20: "Yes"
                  LayoutInline {SPAN} at (0,0) size 1x15
                    LayoutInline {O:P} at (0,0) size 1x15
              LayoutTableCell {TD} at (367,3209) size 105x49 [border: (1px none #808080) none (1px none #808080)] [r=44 c=3 rs=1 cs=1]
                LayoutBlockFlow {P} at (8.19,1) size 90x16
                  LayoutText {#text} at (37,0) size 16x15
                    text run at (37,0) width 16: "No"
                LayoutBlockFlow {P} at (8.19,17) size 90x16
                  LayoutText {#text} at (43,0) size 4x15
                    text run at (43,0) width 4: " "
                LayoutBlockFlow {P} at (8.19,33) size 90x16
                  LayoutText {#text} at (37,0) size 16x15
                    text run at (37,0) width 16: "No"
                  LayoutInline {SPAN} at (0,0) size 0x15
                    LayoutInline {O:P} at (0,0) size 0x15
            LayoutTableRow {TR} at (0,3258) size 472x129
              LayoutTableCell {TD} at (0,3258) size 98x17 [border: (1px none #808080) none] [r=45 c=0 rs=1 cs=1]
                LayoutBlockFlow {P} at (8.19,1) size 83x16
                  LayoutText {#text} at (35,0) size 13x15
                    text run at (35,0) width 13: "46"
                  LayoutInline {SPAN} at (0,0) size 1x15
                    LayoutInline {O:P} at (0,0) size 1x15
              LayoutTableCell {TD} at (98,3258) size 170x129 [border: (1px none #808080) none (1px none #808080)] [r=45 c=1 rs=1 cs=1]
                LayoutBlockFlow {P} at (8.19,1) size 155x16
                  LayoutText {#text} at (0,0) size 51x15
                    text run at (0,0) width 51: "Zak West"
                  LayoutInline {SPAN} at (0,0) size 1x15
                    LayoutInline {O:P} at (0,0) size 1x15
                LayoutBlockFlow {P} at (8.19,17) size 155x16
                  LayoutText {#text} at (0,0) size 97x15
                    text run at (0,0) width 97: "Karl Allmendinger"
                LayoutBlockFlow {P} at (8.19,33) size 155x16
                  LayoutText {#text} at (0,0) size 83x15
                    text run at (0,0) width 83: "John Espectzde"
                LayoutBlockFlow {P} at (8.19,49) size 155x16
                  LayoutText {#text} at (0,0) size 71x15
                    text run at (0,0) width 71: "Gene Pheiffer"
                LayoutBlockFlow {P} at (8.19,65) size 155x16
                  LayoutText {#text} at (0,0) size 68x15
                    text run at (0,0) width 68: "Harold Todd"
                LayoutBlockFlow {P} at (8.19,81) size 155x16
                  LayoutText {#text} at (0,0) size 81x15
                    text run at (0,0) width 81: "Gerald Cardinal"
                LayoutBlockFlow {P} at (8.19,97) size 155x16
                  LayoutText {#text} at (0,0) size 65x15
                    text run at (0,0) width 65: "Ali Erdengiz"
                LayoutBlockFlow {P} at (8.19,113) size 155x16
                  LayoutText {#text} at (0,0) size 88x15
                    text run at (0,0) width 88: "Jason Anderson"
                  LayoutInline {SPAN} at (0,0) size 0x15
                    LayoutInline {O:P} at (0,0) size 0x15
              LayoutTableCell {TD} at (268,3258) size 99x129 [border: (1px none #808080) none (1px none #808080)] [r=45 c=2 rs=1 cs=1]
                LayoutBlockFlow {P} at (8.19,1) size 84x16
                  LayoutText {#text} at (32,0) size 20x15
                    text run at (32,0) width 20: "Yes"
                  LayoutInline {SPAN} at (0,0) size 1x15
                    LayoutInline {O:P} at (0,0) size 1x15
                LayoutBlockFlow {P} at (8.19,17) size 84x16
                  LayoutText {#text} at (32,0) size 20x15
                    text run at (32,0) width 20: "Yes"
                LayoutBlockFlow {P} at (8.19,33) size 84x16
                  LayoutText {#text} at (40,0) size 4x15
                    text run at (40,0) width 4: " "
                LayoutBlockFlow {P} at (8.19,49) size 84x16
                  LayoutText {#text} at (32,0) size 20x15
                    text run at (32,0) width 20: "Yes"
                LayoutBlockFlow {P} at (8.19,65) size 84x16
                  LayoutText {#text} at (40,0) size 4x15
                    text run at (40,0) width 4: " "
                LayoutBlockFlow {P} at (8.19,81) size 84x16
                  LayoutText {#text} at (40,0) size 4x15
                    text run at (40,0) width 4: " "
                LayoutBlockFlow {P} at (8.19,97) size 84x16
                  LayoutText {#text} at (40,0) size 4x15
                    text run at (40,0) width 4: " "
                LayoutBlockFlow {P} at (8.19,113) size 84x16
                  LayoutText {#text} at (32,0) size 20x15
                    text run at (32,0) width 20: "Yes"
                  LayoutInline {SPAN} at (0,0) size 1x15
                    LayoutInline {O:P} at (0,0) size 1x15
              LayoutTableCell {TD} at (367,3258) size 105x129 [border: (1px none #808080) none (1px none #808080)] [r=45 c=3 rs=1 cs=1]
                LayoutBlockFlow {P} at (8.19,1) size 90x16
                  LayoutText {#text} at (35,0) size 20x15
                    text run at (35,0) width 20: "Yes"
                  LayoutInline {SPAN} at (0,0) size 1x15
                    LayoutInline {O:P} at (0,0) size 1x15
                LayoutBlockFlow {P} at (8.19,17) size 90x16
                  LayoutText {#text} at (37,0) size 16x15
                    text run at (37,0) width 16: "No"
                LayoutBlockFlow {P} at (8.19,33) size 90x16
                  LayoutText {#text} at (43,0) size 4x15
                    text run at (43,0) width 4: " "
                LayoutBlockFlow {P} at (8.19,49) size 90x16
                  LayoutText {#text} at (37,0) size 16x15
                    text run at (37,0) width 16: "No"
                LayoutBlockFlow {P} at (8.19,65) size 90x16
                  LayoutText {#text} at (43,0) size 4x15
                    text run at (43,0) width 4: " "
                LayoutBlockFlow {P} at (8.19,81) size 90x16
                  LayoutText {#text} at (43,0) size 4x15
                    text run at (43,0) width 4: " "
                LayoutBlockFlow {P} at (8.19,97) size 90x16
                  LayoutText {#text} at (43,0) size 4x15
                    text run at (43,0) width 4: " "
                LayoutBlockFlow {P} at (8.19,113) size 90x16
                  LayoutText {#text} at (37,0) size 16x15
                    text run at (37,0) width 16: "No"
                  LayoutInline {SPAN} at (0,0) size 0x15
                    LayoutInline {O:P} at (0,0) size 0x15
            LayoutTableRow {TR} at (0,3387) size 472x177
              LayoutTableCell {TD} at (0,3387) size 98x17 [border: (1px none #808080) none] [r=46 c=0 rs=1 cs=1]
                LayoutBlockFlow {P} at (8.19,1) size 83x16
                  LayoutText {#text} at (35,0) size 13x15
                    text run at (35,0) width 13: "47"
                  LayoutInline {SPAN} at (0,0) size 1x15
                    LayoutInline {O:P} at (0,0) size 1x15
              LayoutTableCell {TD} at (98,3387) size 170x177 [border: (1px none #808080) none (1px none #808080)] [r=46 c=1 rs=1 cs=1]
                LayoutBlockFlow {P} at (8.19,1) size 155x16
                  LayoutText {#text} at (0,0) size 79x15
                    text run at (0,0) width 79: "James Holaduz"
                  LayoutInline {SPAN} at (0,0) size 0x15
                    LayoutInline {O:P} at (0,0) size 0x15
                LayoutBlockFlow {P} at (8.19,17) size 155x16
                  LayoutText {#text} at (0,0) size 45x15
                    text run at (0,0) width 45: "Tony Yu"
                  LayoutInline {SPAN} at (0,0) size 1x15
                    LayoutInline {O:P} at (0,0) size 1x15
                LayoutBlockFlow {P} at (8.19,33) size 155x16
                  LayoutText {#text} at (0,0) size 82x15
                    text run at (0,0) width 82: "Quang Nguyen"
                  LayoutInline {SPAN} at (0,0) size 0x15
                    LayoutInline {O:P} at (0,0) size 0x15
                LayoutBlockFlow {P} at (8.19,49) size 155x16
                  LayoutText {#text} at (0,0) size 70x15
                    text run at (0,0) width 70: "Rick Klement"
                  LayoutInline {SPAN} at (0,0) size 0x15
                    LayoutInline {O:P} at (0,0) size 0x15
                LayoutBlockFlow {P} at (8.19,65) size 155x16
                  LayoutText {#text} at (0,0) size 77x15
                    text run at (0,0) width 77: "Mark Glanville"
                  LayoutInline {SPAN} at (0,0) size 0x15
                    LayoutInline {O:P} at (0,0) size 0x15
                LayoutBlockFlow {P} at (8.19,81) size 155x16
                  LayoutText {#text} at (0,0) size 87x15
                    text run at (0,0) width 87: "Michael Chansu"
                LayoutBlockFlow {P} at (8.19,97) size 155x16
                  LayoutText {#text} at (0,0) size 68x15
                    text run at (0,0) width 68: "Harold Todd"
                LayoutBlockFlow {P} at (8.19,113) size 155x16
                  LayoutInline {FONT} at (0,0) size 55x15
                    LayoutText {#text} at (0,0) size 55x15
                      text run at (0,0) width 55: "Don Coon"
                LayoutBlockFlow {P} at (8.19,129) size 155x16
                  LayoutText {#text} at (0,0) size 55x15
                    text run at (0,0) width 55: "John Paye"
                LayoutBlockFlow {P} at (8.19,145) size 155x16
                  LayoutText {#text} at (0,0) size 64x15
                    text run at (0,0) width 64: "David Allen"
                LayoutBlockFlow {P} at (8.19,161) size 155x16
                  LayoutText {#text} at (0,0) size 105x15
                    text run at (0,0) width 105: "Raymund Leonardo"
                  LayoutInline {SPAN} at (0,0) size 0x15
                    LayoutInline {O:P} at (0,0) size 0x15
              LayoutTableCell {TD} at (268,3387) size 99x177 [border: (1px none #808080) none (1px none #808080)] [r=46 c=2 rs=1 cs=1]
                LayoutBlockFlow {P} at (8.19,1) size 84x16
                  LayoutText {#text} at (32,0) size 20x15
                    text run at (32,0) width 20: "Yes"
                  LayoutInline {SPAN} at (0,0) size 1x15
                    LayoutInline {O:P} at (0,0) size 1x15
                LayoutBlockFlow {P} at (8.19,17) size 84x16
                  LayoutText {#text} at (32,0) size 20x15
                    text run at (32,0) width 20: "Yes"
                  LayoutInline {SPAN} at (0,0) size 1x15
                    LayoutInline {O:P} at (0,0) size 1x15
                LayoutBlockFlow {P} at (8.19,33) size 84x16
                  LayoutText {#text} at (32,0) size 20x15
                    text run at (32,0) width 20: "Yes"
                  LayoutInline {SPAN} at (0,0) size 1x15
                    LayoutInline {O:P} at (0,0) size 1x15
                LayoutBlockFlow {P} at (8.19,49) size 84x16
                  LayoutText {#text} at (32,0) size 20x15
                    text run at (32,0) width 20: "Yes"
                  LayoutInline {SPAN} at (0,0) size 1x15
                    LayoutInline {O:P} at (0,0) size 1x15
                LayoutBlockFlow {P} at (8.19,65) size 84x16
                  LayoutText {#text} at (32,0) size 20x15
                    text run at (32,0) width 20: "Yes"
                  LayoutInline {SPAN} at (0,0) size 1x15
                    LayoutInline {O:P} at (0,0) size 1x15
                LayoutBlockFlow {P} at (8.19,81) size 84x16
                  LayoutText {#text} at (32,0) size 20x15
                    text run at (32,0) width 20: "Yes"
                LayoutBlockFlow {P} at (8.19,97) size 84x16
                  LayoutText {#text} at (40,0) size 4x15
                    text run at (40,0) width 4: " "
                LayoutBlockFlow {P} at (8.19,113) size 84x16
                  LayoutText {#text} at (40,0) size 4x15
                    text run at (40,0) width 4: " "
                LayoutBlockFlow {P} at (8.19,129) size 84x16
                  LayoutText {#text} at (40,0) size 4x15
                    text run at (40,0) width 4: " "
                LayoutBlockFlow {P} at (8.19,145) size 84x16
                  LayoutText {#text} at (40,0) size 4x15
                    text run at (40,0) width 4: " "
                LayoutBlockFlow {P} at (8.19,161) size 84x16
                  LayoutText {#text} at (34,0) size 16x15
                    text run at (34,0) width 16: "No"
                  LayoutInline {SPAN} at (0,0) size 0x15
                    LayoutInline {O:P} at (0,0) size 0x15
              LayoutTableCell {TD} at (367,3387) size 105x177 [border: (1px none #808080) none (1px none #808080)] [r=46 c=3 rs=1 cs=1]
                LayoutBlockFlow {P} at (8.19,1) size 90x16
                  LayoutText {#text} at (37,0) size 16x15
                    text run at (37,0) width 16: "No"
                  LayoutInline {SPAN} at (0,0) size 0x15
                    LayoutInline {O:P} at (0,0) size 0x15
                LayoutBlockFlow {P} at (8.19,17) size 90x16
                  LayoutText {#text} at (37,0) size 16x15
                    text run at (37,0) width 16: "No"
                  LayoutInline {SPAN} at (0,0) size 0x15
                    LayoutInline {O:P} at (0,0) size 0x15
                LayoutBlockFlow {P} at (8.19,33) size 90x16
                  LayoutText {#text} at (37,0) size 16x15
                    text run at (37,0) width 16: "No"
                  LayoutInline {SPAN} at (0,0) size 0x15
                    LayoutInline {O:P} at (0,0) size 0x15
                LayoutBlockFlow {P} at (8.19,49) size 90x16
                  LayoutText {#text} at (35,0) size 20x15
                    text run at (35,0) width 20: "Yes"
                  LayoutInline {SPAN} at (0,0) size 1x15
                    LayoutInline {O:P} at (0,0) size 1x15
                LayoutBlockFlow {P} at (8.19,65) size 90x16
                  LayoutText {#text} at (37,0) size 16x15
                    text run at (37,0) width 16: "No"
                  LayoutInline {SPAN} at (0,0) size 0x15
                    LayoutInline {O:P} at (0,0) size 0x15
                LayoutBlockFlow {P} at (8.19,81) size 90x16
                  LayoutText {#text} at (37,0) size 16x15
                    text run at (37,0) width 16: "No"
                LayoutBlockFlow {P} at (8.19,97) size 90x16
                  LayoutText {#text} at (43,0) size 4x15
                    text run at (43,0) width 4: " "
                LayoutBlockFlow {P} at (8.19,113) size 90x16
                  LayoutText {#text} at (43,0) size 4x15
                    text run at (43,0) width 4: " "
                LayoutBlockFlow {P} at (8.19,129) size 90x16
                  LayoutText {#text} at (43,0) size 4x15
                    text run at (43,0) width 4: " "
                LayoutBlockFlow {P} at (8.19,145) size 90x16
                  LayoutText {#text} at (43,0) size 4x15
                    text run at (43,0) width 4: " "
                LayoutBlockFlow {P} at (8.19,161) size 90x16
                  LayoutText {#text} at (35,0) size 20x15
                    text run at (35,0) width 20: "Yes"
                  LayoutInline {SPAN} at (0,0) size 1x15
                    LayoutInline {O:P} at (0,0) size 1x15
            LayoutTableRow {TR} at (0,3564) size 472x145
              LayoutTableCell {TD} at (0,3564) size 98x17 [border: (1px none #808080) none] [r=47 c=0 rs=1 cs=1]
                LayoutBlockFlow {P} at (8.19,1) size 83x16
                  LayoutText {#text} at (35,0) size 13x15
                    text run at (35,0) width 13: "48"
                  LayoutInline {SPAN} at (0,0) size 1x15
                    LayoutInline {O:P} at (0,0) size 1x15
              LayoutTableCell {TD} at (98,3564) size 170x145 [border: (1px none #808080) none (1px none #808080)] [r=47 c=1 rs=1 cs=1]
                LayoutBlockFlow {P} at (8.19,1) size 155x16
                  LayoutText {#text} at (0,0) size 77x15
                    text run at (0,0) width 77: "Mark Glanville"
                  LayoutInline {SPAN} at (0,0) size 0x15
                    LayoutInline {O:P} at (0,0) size 0x15
                LayoutBlockFlow {P} at (8.19,17) size 155x16
                  LayoutText {#text} at (0,0) size 90x15
                    text run at (0,0) width 90: "Ian + Brad Carter"
                LayoutBlockFlow {P} at (8.19,33) size 155x16
                  LayoutText {#text} at (0,0) size 79x15
                    text run at (0,0) width 79: "Stefan Kiritzov"
                LayoutBlockFlow {P} at (8.19,49) size 155x16
                  LayoutText {#text} at (0,0) size 58x15
                    text run at (0,0) width 58: "Joe Araujo"
                LayoutBlockFlow {P} at (8.19,65) size 155x16
                  LayoutText {#text} at (0,0) size 68x15
                    text run at (0,0) width 68: "Harold Todd"
                LayoutBlockFlow {P} at (8.19,81) size 155x16
                  LayoutText {#text} at (0,0) size 68x15
                    text run at (0,0) width 68: "Steve Gilbert"
                LayoutBlockFlow {P} at (8.19,97) size 155x16
                  LayoutText {#text} at (0,0) size 52x15
                    text run at (0,0) width 52: "Mark Diel"
                LayoutBlockFlow {P} at (8.19,113) size 155x16
                  LayoutText {#text} at (0,0) size 86x15
                    text run at (0,0) width 86: "Jack Goodfriend"
                LayoutBlockFlow {P} at (8.19,129) size 155x16
                  LayoutText {#text} at (0,0) size 90x15
                    text run at (0,0) width 90: "Ruenjoe (Joe) Lu"
                  LayoutInline {SPAN} at (0,0) size 0x15
                    LayoutInline {O:P} at (0,0) size 0x15
              LayoutTableCell {TD} at (268,3564) size 99x97 [border: (1px none #808080) none (1px none #808080)] [r=47 c=2 rs=1 cs=1]
                LayoutBlockFlow {P} at (8.19,1) size 84x16
                  LayoutText {#text} at (32,0) size 20x15
                    text run at (32,0) width 20: "Yes"
                  LayoutInline {SPAN} at (0,0) size 1x15
                    LayoutInline {O:P} at (0,0) size 1x15
                LayoutBlockFlow {P} at (8.19,17) size 84x16
                  LayoutText {#text} at (32,0) size 20x15
                    text run at (32,0) width 20: "Yes"
                LayoutBlockFlow {P} at (8.19,33) size 84x16
                  LayoutText {#text} at (32,0) size 20x15
                    text run at (32,0) width 20: "Yes"
                LayoutBlockFlow {P} at (8.19,49) size 84x16
                  LayoutText {#text} at (40,0) size 4x15
                    text run at (40,0) width 4: " "
                LayoutBlockFlow {P} at (8.19,65) size 84x16
                  LayoutText {#text} at (40,0) size 4x15
                    text run at (40,0) width 4: " "
                LayoutBlockFlow {P} at (8.19,81) size 84x16
                  LayoutText {#text} at (32,0) size 20x15
                    text run at (32,0) width 20: "Yes"
                  LayoutInline {SPAN} at (0,0) size 1x15
                    LayoutInline {O:P} at (0,0) size 1x15
              LayoutTableCell {TD} at (367,3564) size 105x97 [border: (1px none #808080) none (1px none #808080)] [r=47 c=3 rs=1 cs=1]
                LayoutBlockFlow {P} at (8.19,1) size 90x16
                  LayoutText {#text} at (37,0) size 16x15
                    text run at (37,0) width 16: "No"
                  LayoutInline {SPAN} at (0,0) size 0x15
                    LayoutInline {O:P} at (0,0) size 0x15
                LayoutBlockFlow {P} at (8.19,17) size 90x16
                  LayoutText {#text} at (37,0) size 16x15
                    text run at (37,0) width 16: "No"
                LayoutBlockFlow {P} at (8.19,33) size 90x16
                  LayoutText {#text} at (35,0) size 20x15
                    text run at (35,0) width 20: "Yes"
                LayoutBlockFlow {P} at (8.19,49) size 90x16
                  LayoutText {#text} at (43,0) size 4x15
                    text run at (43,0) width 4: " "
                LayoutBlockFlow {P} at (8.19,65) size 90x16
                  LayoutText {#text} at (43,0) size 4x15
                    text run at (43,0) width 4: " "
                LayoutBlockFlow {P} at (8.19,81) size 90x16
                  LayoutText {#text} at (37,0) size 16x15
                    text run at (37,0) width 16: "No"
                  LayoutInline {SPAN} at (0,0) size 0x15
                    LayoutInline {O:P} at (0,0) size 0x15
            LayoutTableRow {TR} at (0,3709) size 472x65
              LayoutTableCell {TD} at (0,3709) size 98x17 [border: (1px none #808080) none] [r=48 c=0 rs=1 cs=1]
                LayoutBlockFlow {P} at (8.19,1) size 83x16
                  LayoutText {#text} at (35,0) size 13x15
                    text run at (35,0) width 13: "49"
                  LayoutInline {SPAN} at (0,0) size 1x15
                    LayoutInline {O:P} at (0,0) size 1x15
              LayoutTableCell {TD} at (98,3709) size 170x65 [border: (1px none #808080) none (1px none #808080)] [r=48 c=1 rs=1 cs=1]
                LayoutBlockFlow {P} at (8.19,1) size 155x16
                  LayoutText {#text} at (0,0) size 65x15
                    text run at (0,0) width 65: "Ali Erdengiz"
                LayoutBlockFlow {P} at (8.19,17) size 155x16
                  LayoutText {#text} at (0,0) size 64x15
                    text run at (0,0) width 64: "David Allen"
                LayoutBlockFlow {P} at (8.19,33) size 155x16
                  LayoutInline {SPAN} at (0,0) size 72x15
                    LayoutInline {O:P} at (0,0) size 0x0
                    LayoutText {#text} at (0,0) size 72x15
                      text run at (0,0) width 72: "Narayen Raju"
                LayoutBlockFlow {P} at (8.19,49) size 155x16
                  LayoutInline {SPAN} at (0,0) size 88x15
                    LayoutText {#text} at (0,0) size 88x15
                      text run at (0,0) width 34: "Jason "
                      text run at (34,0) width 54: "Anderson"
              LayoutTableCell {TD} at (268,3709) size 99x65 [border: (1px none #808080) none (1px none #808080)] [r=48 c=2 rs=1 cs=1]
                LayoutBlockFlow {P} at (8.19,1) size 84x16
                  LayoutText {#text} at (40,0) size 4x15
                    text run at (40,0) width 4: " "
                LayoutBlockFlow {P} at (8.19,17) size 84x16
                  LayoutText {#text} at (40,0) size 4x15
                    text run at (40,0) width 4: " "
                LayoutBlockFlow {P} at (8.19,33) size 84x16
                  LayoutText {#text} at (40,0) size 4x15
                    text run at (40,0) width 4: " "
                LayoutBlockFlow {P} at (8.19,49) size 84x16
                  LayoutText {#text} at (32,0) size 20x15
                    text run at (32,0) width 20: "Yes"
                  LayoutInline {SPAN} at (0,0) size 1x15
                    LayoutInline {O:P} at (0,0) size 1x15
              LayoutTableCell {TD} at (367,3709) size 105x65 [border: (1px none #808080) none (1px none #808080)] [r=48 c=3 rs=1 cs=1]
                LayoutBlockFlow {P} at (8.19,1) size 90x16
                  LayoutText {#text} at (43,0) size 4x15
                    text run at (43,0) width 4: " "
                LayoutBlockFlow {P} at (8.19,17) size 90x16
                  LayoutText {#text} at (43,0) size 4x15
                    text run at (43,0) width 4: " "
                LayoutBlockFlow {P} at (8.19,33) size 90x16
                  LayoutText {#text} at (43,0) size 4x15
                    text run at (43,0) width 4: " "
                LayoutBlockFlow {P} at (8.19,49) size 90x16
                  LayoutText {#text} at (37,0) size 16x15
                    text run at (37,0) width 16: "No"
                  LayoutInline {SPAN} at (0,0) size 0x15
                    LayoutInline {O:P} at (0,0) size 0x15
            LayoutTableRow {TR} at (0,3774) size 472x145
              LayoutTableCell {TD} at (0,3774) size 98x17 [border: (1px none #808080) none] [r=49 c=0 rs=1 cs=1]
                LayoutBlockFlow {P} at (8.19,1) size 83x16
                  LayoutText {#text} at (35,0) size 13x15
                    text run at (35,0) width 13: "50"
                  LayoutInline {SPAN} at (0,0) size 1x15
                    LayoutInline {O:P} at (0,0) size 1x15
              LayoutTableCell {TD} at (98,3774) size 170x145 [border: (1px none #808080) none (1px none #808080)] [r=49 c=1 rs=1 cs=1]
                LayoutBlockFlow {P} at (8.19,1) size 155x16
                  LayoutText {#text} at (0,0) size 51x15
                    text run at (0,0) width 51: "Zak West"
                  LayoutInline {SPAN} at (0,0) size 1x15
                    LayoutInline {O:P} at (0,0) size 1x15
                LayoutBlockFlow {P} at (8.19,17) size 155x16
                  LayoutText {#text} at (0,0) size 70x15
                    text run at (0,0) width 70: "Rick Klement"
                  LayoutInline {SPAN} at (0,0) size 0x15
                    LayoutInline {O:P} at (0,0) size 0x15
                LayoutBlockFlow {P} at (8.19,33) size 155x16
                  LayoutText {#text} at (0,0) size 54x15
                    text run at (0,0) width 54: "Jim Bernal"
                LayoutBlockFlow {P} at (8.19,49) size 155x16
                  LayoutText {#text} at (0,0) size 86x15
                    text run at (0,0) width 86: "Alan Littlewood"
                LayoutBlockFlow {P} at (8.19,65) size 155x16
                  LayoutText {#text} at (0,0) size 60x15
                    text run at (0,0) width 60: "Jerry Davis"
                LayoutBlockFlow {P} at (8.19,81) size 155x16
                  LayoutText {#text} at (0,0) size 84x15
                    text run at (0,0) width 84: "Lauren Bussard"
                LayoutBlockFlow {P} at (8.19,97) size 155x16
                  LayoutText {#text} at (0,0) size 82x15
                    text run at (0,0) width 82: "John Yearwood"
                LayoutBlockFlow {P} at (8.19,113) size 155x16
                  LayoutText {#text} at (0,0) size 72x15
                    text run at (0,0) width 72: "Narayan Raju"
                LayoutBlockFlow {P} at (8.19,129) size 155x16
                  LayoutText {#text} at (0,0) size 66x15
                    text run at (0,0) width 66: "Ken Manuel"
                  LayoutInline {SPAN} at (0,0) size 0x15
                    LayoutInline {O:P} at (0,0) size 0x15
              LayoutTableCell {TD} at (268,3774) size 99x113 [border: (1px none #808080) none (1px none #808080)] [r=49 c=2 rs=1 cs=1]
                LayoutBlockFlow {P} at (8.19,1) size 84x16
                  LayoutText {#text} at (32,0) size 20x15
                    text run at (32,0) width 20: "Yes"
                  LayoutInline {SPAN} at (0,0) size 1x15
                    LayoutInline {O:P} at (0,0) size 1x15
                LayoutBlockFlow {P} at (8.19,17) size 84x16
                  LayoutText {#text} at (32,0) size 20x15
                    text run at (32,0) width 20: "Yes"
                  LayoutInline {SPAN} at (0,0) size 1x15
                    LayoutInline {O:P} at (0,0) size 1x15
                LayoutBlockFlow {P} at (8.19,33) size 84x16
                  LayoutText {#text} at (32,0) size 20x15
                    text run at (32,0) width 20: "Yes"
                LayoutBlockFlow {P} at (8.19,49) size 84x16
                  LayoutText {#text} at (32,0) size 20x15
                    text run at (32,0) width 20: "Yes"
                LayoutBlockFlow {P} at (8.19,65) size 84x16
                  LayoutText {#text} at (32,0) size 20x15
                    text run at (32,0) width 20: "Yes"
                LayoutBlockFlow {P} at (8.19,81) size 84x16
                  LayoutText {#text} at (40,0) size 4x15
                    text run at (40,0) width 4: " "
                LayoutBlockFlow {P} at (8.19,97) size 84x16
                  LayoutText {#text} at (32,0) size 20x15
                    text run at (32,0) width 20: "Yes"
                  LayoutInline {SPAN} at (0,0) size 1x15
                    LayoutInline {O:P} at (0,0) size 1x15
              LayoutTableCell {TD} at (367,3774) size 105x113 [border: (1px none #808080) none (1px none #808080)] [r=49 c=3 rs=1 cs=1]
                LayoutBlockFlow {P} at (8.19,1) size 90x16
                  LayoutText {#text} at (35,0) size 20x15
                    text run at (35,0) width 20: "Yes"
                  LayoutInline {SPAN} at (0,0) size 1x15
                    LayoutInline {O:P} at (0,0) size 1x15
                LayoutBlockFlow {P} at (8.19,17) size 90x16
                  LayoutText {#text} at (35,0) size 20x15
                    text run at (35,0) width 20: "Yes"
                  LayoutInline {SPAN} at (0,0) size 1x15
                    LayoutInline {O:P} at (0,0) size 1x15
                LayoutBlockFlow {P} at (8.19,33) size 90x16
                  LayoutText {#text} at (37,0) size 16x15
                    text run at (37,0) width 16: "No"
                LayoutBlockFlow {P} at (8.19,49) size 90x16
                  LayoutText {#text} at (37,0) size 16x15
                    text run at (37,0) width 16: "No"
                LayoutBlockFlow {P} at (8.19,65) size 90x16
                  LayoutText {#text} at (35,0) size 20x15
                    text run at (35,0) width 20: "Yes"
                LayoutBlockFlow {P} at (8.19,81) size 90x16
                  LayoutText {#text} at (43,0) size 4x15
                    text run at (43,0) width 4: " "
                LayoutBlockFlow {P} at (8.19,97) size 90x16
                  LayoutText {#text} at (37,0) size 16x15
                    text run at (37,0) width 16: "No"
                  LayoutInline {SPAN} at (0,0) size 0x15
                    LayoutInline {O:P} at (0,0) size 0x15
            LayoutTableRow {TR} at (0,3919) size 472x49
              LayoutTableCell {TD} at (0,3919) size 98x17 [border: (1px none #808080) none] [r=50 c=0 rs=1 cs=1]
                LayoutBlockFlow {P} at (8.19,1) size 83x16
                  LayoutText {#text} at (35,0) size 13x15
                    text run at (35,0) width 13: "51"
                  LayoutInline {SPAN} at (0,0) size 1x15
                    LayoutInline {O:P} at (0,0) size 1x15
              LayoutTableCell {TD} at (98,3919) size 170x49 [border: (1px none #808080) none (1px none #808080)] [r=50 c=1 rs=1 cs=1]
                LayoutBlockFlow {P} at (8.19,1) size 155x16
                  LayoutText {#text} at (0,0) size 78x15
                    text run at (0,0) width 78: "Robert Barnett"
                LayoutBlockFlow {P} at (8.19,17) size 155x16
                  LayoutText {#text} at (0,0) size 72x15
                    text run at (0,0) width 72: "Jim Mahoney"
                LayoutBlockFlow {P} at (8.19,33) size 155x16
                  LayoutText {#text} at (0,0) size 88x15
                    text run at (0,0) width 88: "Jason Anderson"
                  LayoutInline {SPAN} at (0,0) size 0x15
                    LayoutInline {O:P} at (0,0) size 0x15
              LayoutTableCell {TD} at (268,3919) size 99x49 [border: (1px none #808080) none (1px none #808080)] [r=50 c=2 rs=1 cs=1]
                LayoutBlockFlow {P} at (8.19,1) size 84x16
                  LayoutText {#text} at (32,0) size 20x15
                    text run at (32,0) width 20: "Yes"
                LayoutBlockFlow {P} at (8.19,17) size 84x16
                  LayoutText {#text} at (32,0) size 20x15
                    text run at (32,0) width 20: "Yes"
                LayoutBlockFlow {P} at (8.19,33) size 84x16
                  LayoutText {#text} at (32,0) size 20x15
                    text run at (32,0) width 20: "Yes"
                  LayoutInline {SPAN} at (0,0) size 1x15
                    LayoutInline {O:P} at (0,0) size 1x15
              LayoutTableCell {TD} at (367,3919) size 105x49 [border: (1px none #808080) none (1px none #808080)] [r=50 c=3 rs=1 cs=1]
                LayoutBlockFlow {P} at (8.19,1) size 90x16
                  LayoutInline {SPAN} at (0,0) size 16x15
                    LayoutText {#text} at (37,0) size 16x15
                      text run at (37,0) width 16: "No"
                    LayoutInline {O:P} at (0,0) size 0x15
                LayoutBlockFlow {P} at (8.19,17) size 90x16
                  LayoutInline {SPAN} at (0,0) size 20x15
                    LayoutText {#text} at (35,0) size 20x15
                      text run at (35,0) width 20: "Yes"
                LayoutBlockFlow {P} at (8.19,33) size 90x16
                  LayoutInline {SPAN} at (0,0) size 16x15
                    LayoutText {#text} at (37,0) size 16x15
                      text run at (37,0) width 16: "No"
                  LayoutInline {SPAN} at (0,0) size 0x15
                    LayoutInline {O:P} at (0,0) size 0x15
            LayoutTableRow {TR} at (0,3968) size 472x81
              LayoutTableCell {TD} at (0,3968) size 98x17 [border: (1px none #808080) none] [r=51 c=0 rs=1 cs=1]
                LayoutBlockFlow {P} at (8.19,1) size 83x16
                  LayoutText {#text} at (35,0) size 13x15
                    text run at (35,0) width 13: "52"
                  LayoutInline {SPAN} at (0,0) size 1x15
                    LayoutInline {O:P} at (0,0) size 1x15
              LayoutTableCell {TD} at (98,3968) size 170x81 [border: (1px none #808080) none (1px none #808080)] [r=51 c=1 rs=1 cs=1]
                LayoutBlockFlow {P} at (8.19,1) size 155x16
                  LayoutText {#text} at (0,0) size 58x15
                    text run at (0,0) width 58: "Mike West"
                  LayoutInline {SPAN} at (0,0) size 1x15
                    LayoutInline {O:P} at (0,0) size 1x15
                LayoutBlockFlow {P} at (8.19,17) size 155x16
                  LayoutText {#text} at (0,0) size 81x15
                    text run at (0,0) width 81: "Robert Frogner"
                LayoutBlockFlow {P} at (8.19,33) size 155x16
                  LayoutText {#text} at (0,0) size 86x15
                    text run at (0,0) width 86: "Chris McDowell"
                LayoutBlockFlow {P} at (8.19,49) size 155x16
                  LayoutText {#text} at (0,0) size 53x15
                    text run at (0,0) width 53: "Ed Cypret"
                LayoutBlockFlow {P} at (8.19,65) size 155x16
                  LayoutText {#text} at (0,0) size 66x15
                    text run at (0,0) width 66: "Dale Barnett"
                  LayoutInline {SPAN} at (0,0) size 0x15
                    LayoutInline {O:P} at (0,0) size 0x15
              LayoutTableCell {TD} at (268,3968) size 99x81 [border: (1px none #808080) none (1px none #808080)] [r=51 c=2 rs=1 cs=1]
                LayoutBlockFlow {P} at (8.19,1) size 84x16
                  LayoutText {#text} at (32,0) size 20x15
                    text run at (32,0) width 20: "Yes"
                  LayoutInline {SPAN} at (0,0) size 1x15
                    LayoutInline {O:P} at (0,0) size 1x15
                LayoutBlockFlow {P} at (8.19,17) size 84x16
                  LayoutText {#text} at (32,0) size 20x15
                    text run at (32,0) width 20: "Yes"
                LayoutBlockFlow {P} at (8.19,33) size 84x16
                  LayoutText {#text} at (32,0) size 20x15
                    text run at (32,0) width 20: "Yes"
                LayoutBlockFlow {P} at (8.19,49) size 84x16
                  LayoutText {#text} at (40,0) size 4x15
                    text run at (40,0) width 4: " "
                LayoutBlockFlow {P} at (8.19,65) size 84x16
                  LayoutText {#text} at (32,0) size 20x15
                    text run at (32,0) width 20: "Yes"
                  LayoutInline {SPAN} at (0,0) size 1x15
                    LayoutInline {O:P} at (0,0) size 1x15
              LayoutTableCell {TD} at (367,3968) size 105x81 [border: (1px none #808080) none (1px none #808080)] [r=51 c=3 rs=1 cs=1]
                LayoutBlockFlow {P} at (8.19,1) size 90x16
                  LayoutText {#text} at (35,0) size 20x15
                    text run at (35,0) width 20: "Yes"
                  LayoutInline {SPAN} at (0,0) size 1x15
                    LayoutInline {O:P} at (0,0) size 1x15
                LayoutBlockFlow {P} at (8.19,17) size 90x16
                  LayoutText {#text} at (37,0) size 16x15
                    text run at (37,0) width 16: "No"
                LayoutBlockFlow {P} at (8.19,33) size 90x16
                  LayoutText {#text} at (37,0) size 16x15
                    text run at (37,0) width 16: "No"
                LayoutBlockFlow {P} at (8.19,49) size 90x16
                  LayoutText {#text} at (43,0) size 4x15
                    text run at (43,0) width 4: " "
                LayoutBlockFlow {P} at (8.19,65) size 90x16
                  LayoutText {#text} at (37,0) size 16x15
                    text run at (37,0) width 16: "No"
                  LayoutInline {SPAN} at (0,0) size 0x15
                    LayoutInline {O:P} at (0,0) size 0x15
            LayoutTableRow {TR} at (0,4049) size 472x81
              LayoutTableCell {TD} at (0,4049) size 98x17 [border: (1px none #808080) none] [r=52 c=0 rs=1 cs=1]
                LayoutBlockFlow {P} at (8.19,1) size 83x16
                  LayoutText {#text} at (35,0) size 13x15
                    text run at (35,0) width 13: "53"
                  LayoutInline {SPAN} at (0,0) size 1x15
                    LayoutInline {O:P} at (0,0) size 1x15
              LayoutTableCell {TD} at (98,4049) size 170x81 [border: (1px none #808080) none (1px none #808080)] [r=52 c=1 rs=1 cs=1]
                LayoutBlockFlow {P} at (8.19,1) size 155x16
                  LayoutText {#text} at (0,0) size 81x15
                    text run at (0,0) width 81: "Alberto Lanzas"
                  LayoutInline {SPAN} at (0,0) size 0x15
                    LayoutInline {O:P} at (0,0) size 0x15
                LayoutBlockFlow {P} at (8.19,17) size 155x16
                  LayoutText {#text} at (0,0) size 66x15
                    text run at (0,0) width 66: "Bill Johnson"
                LayoutBlockFlow {P} at (8.19,33) size 155x16
                  LayoutText {#text} at (0,0) size 42x15
                    text run at (0,0) width 42: "Al Wert"
                LayoutBlockFlow {P} at (8.19,49) size 155x16
                  LayoutText {#text} at (0,0) size 66x15
                    text run at (0,0) width 66: "Dale Barnett"
                LayoutBlockFlow {P} at (8.19,65) size 155x16
                  LayoutText {#text} at (0,0) size 101x15
                    text run at (0,0) width 101: "Ramin Khoshnevis"
                  LayoutInline {SPAN} at (0,0) size 0x15
                    LayoutInline {O:P} at (0,0) size 0x15
              LayoutTableCell {TD} at (268,4049) size 99x81 [border: (1px none #808080) none (1px none #808080)] [r=52 c=2 rs=1 cs=1]
                LayoutBlockFlow {P} at (8.19,1) size 84x16
                  LayoutText {#text} at (32,0) size 20x15
                    text run at (32,0) width 20: "Yes"
                  LayoutInline {SPAN} at (0,0) size 1x15
                    LayoutInline {O:P} at (0,0) size 1x15
                LayoutBlockFlow {P} at (8.19,17) size 84x16
                  LayoutText {#text} at (32,0) size 20x15
                    text run at (32,0) width 20: "Yes"
                LayoutBlockFlow {P} at (8.19,33) size 84x16
                  LayoutText {#text} at (34,0) size 16x15
                    text run at (34,0) width 16: "No"
                LayoutBlockFlow {P} at (8.19,49) size 84x16
                  LayoutText {#text} at (32,0) size 20x15
                    text run at (32,0) width 20: "Yes"
                LayoutBlockFlow {P} at (8.19,65) size 84x16
                  LayoutText {#text} at (32,0) size 20x15
                    text run at (32,0) width 20: "Yes"
                  LayoutInline {SPAN} at (0,0) size 1x15
                    LayoutInline {O:P} at (0,0) size 1x15
              LayoutTableCell {TD} at (367,4049) size 105x81 [border: (1px none #808080) none (1px none #808080)] [r=52 c=3 rs=1 cs=1]
                LayoutBlockFlow {P} at (8.19,1) size 90x16
                  LayoutText {#text} at (35,0) size 20x15
                    text run at (35,0) width 20: "Yes"
                  LayoutInline {SPAN} at (0,0) size 1x15
                    LayoutInline {O:P} at (0,0) size 1x15
                LayoutBlockFlow {P} at (8.19,17) size 90x16
                  LayoutText {#text} at (37,0) size 16x15
                    text run at (37,0) width 16: "No"
                LayoutBlockFlow {P} at (8.19,33) size 90x16
                  LayoutText {#text} at (35,0) size 20x15
                    text run at (35,0) width 20: "Yes"
                LayoutBlockFlow {P} at (8.19,49) size 90x16
                  LayoutText {#text} at (37,0) size 16x15
                    text run at (37,0) width 16: "No"
                LayoutBlockFlow {P} at (8.19,65) size 90x16
                  LayoutText {#text} at (37,0) size 16x15
                    text run at (37,0) width 16: "No"
                  LayoutInline {SPAN} at (0,0) size 0x15
                    LayoutInline {O:P} at (0,0) size 0x15
            LayoutTableRow {TR} at (0,4130) size 472x113
              LayoutTableCell {TD} at (0,4130) size 98x17 [border: (1px none #808080) none] [r=53 c=0 rs=1 cs=1]
                LayoutBlockFlow {P} at (8.19,1) size 83x16
                  LayoutText {#text} at (35,0) size 13x15
                    text run at (35,0) width 13: "54"
                  LayoutInline {SPAN} at (0,0) size 1x15
                    LayoutInline {O:P} at (0,0) size 1x15
              LayoutTableCell {TD} at (98,4130) size 170x113 [border: (1px none #808080) none (1px none #808080)] [r=53 c=1 rs=1 cs=1]
                LayoutBlockFlow {P} at (8.19,1) size 155x16
                  LayoutText {#text} at (0,0) size 73x15
                    text run at (0,0) width 73: "Gene Langley"
                LayoutBlockFlow {P} at (8.19,17) size 155x16
                  LayoutText {#text} at (0,0) size 66x15
                    text run at (0,0) width 66: "Bill Johnson"
                LayoutBlockFlow {P} at (8.19,33) size 155x16
                  LayoutText {#text} at (0,0) size 52x15
                    text run at (0,0) width 52: "Mark Diel"
                LayoutBlockFlow {P} at (8.19,49) size 155x16
                  LayoutText {#text} at (0,0) size 60x15
                    text run at (0,0) width 60: "Jerry Davis"
                LayoutBlockFlow {P} at (8.19,65) size 155x16
                  LayoutText {#text} at (0,0) size 55x15
                    text run at (0,0) width 55: "Peter Starr"
                LayoutBlockFlow {P} at (8.19,81) size 155x16
                  LayoutText {#text} at (0,0) size 82x15
                    text run at (0,0) width 82: "John Yearwood"
                LayoutBlockFlow {P} at (8.19,97) size 155x16
                  LayoutText {#text} at (0,0) size 63x15
                    text run at (0,0) width 63: "Scott Hersh"
                  LayoutInline {SPAN} at (0,0) size 0x15
                    LayoutInline {O:P} at (0,0) size 0x15
              LayoutTableCell {TD} at (268,4130) size 99x113 [border: (1px none #808080) none (1px none #808080)] [r=53 c=2 rs=1 cs=1]
                LayoutBlockFlow {P} at (8.19,1) size 84x16
                  LayoutText {#text} at (32,0) size 20x15
                    text run at (32,0) width 20: "Yes"
                LayoutBlockFlow {P} at (8.19,17) size 84x16
                  LayoutText {#text} at (32,0) size 20x15
                    text run at (32,0) width 20: "Yes"
                LayoutBlockFlow {P} at (8.19,33) size 84x16
                  LayoutText {#text} at (40,0) size 4x15
                    text run at (40,0) width 4: " "
                LayoutBlockFlow {P} at (8.19,49) size 84x16
                  LayoutText {#text} at (32,0) size 20x15
                    text run at (32,0) width 20: "Yes"
                LayoutBlockFlow {P} at (8.19,65) size 84x16
                  LayoutText {#text} at (40,0) size 4x15
                    text run at (40,0) width 4: " "
                LayoutBlockFlow {P} at (8.19,81) size 84x16
                  LayoutText {#text} at (32,0) size 20x15
                    text run at (32,0) width 20: "Yes"
                LayoutBlockFlow {P} at (8.19,97) size 84x16
                  LayoutText {#text} at (32,0) size 20x15
                    text run at (32,0) width 20: "Yes"
                  LayoutInline {SPAN} at (0,0) size 1x15
                    LayoutInline {O:P} at (0,0) size 1x15
              LayoutTableCell {TD} at (367,4130) size 105x113 [border: (1px none #808080) none (1px none #808080)] [r=53 c=3 rs=1 cs=1]
                LayoutBlockFlow {P} at (8.19,1) size 90x16
                  LayoutText {#text} at (6,0) size 78x15
                    text run at (6,0) width 78: "Gyro wannabe"
                LayoutBlockFlow {P} at (8.19,17) size 90x16
                  LayoutText {#text} at (37,0) size 16x15
                    text run at (37,0) width 16: "No"
                LayoutBlockFlow {P} at (8.19,33) size 90x16
                  LayoutText {#text} at (43,0) size 4x15
                    text run at (43,0) width 4: " "
                LayoutBlockFlow {P} at (8.19,49) size 90x16
                  LayoutText {#text} at (37,0) size 16x15
                    text run at (37,0) width 16: "No"
                LayoutBlockFlow {P} at (8.19,65) size 90x16
                  LayoutText {#text} at (43,0) size 4x15
                    text run at (43,0) width 4: " "
                LayoutBlockFlow {P} at (8.19,81) size 90x16
                  LayoutText {#text} at (37,0) size 16x15
                    text run at (37,0) width 16: "No"
                LayoutBlockFlow {P} at (8.19,97) size 90x16
                  LayoutText {#text} at (37,0) size 16x15
                    text run at (37,0) width 16: "No"
                  LayoutInline {SPAN} at (0,0) size 0x15
                    LayoutInline {O:P} at (0,0) size 0x15
            LayoutTableRow {TR} at (0,4243) size 472x49
              LayoutTableCell {TD} at (0,4243) size 98x17 [border: (1px none #808080) none] [r=54 c=0 rs=1 cs=1]
                LayoutBlockFlow {P} at (8.19,1) size 83x16
                  LayoutText {#text} at (35,0) size 13x15
                    text run at (35,0) width 13: "55"
                  LayoutInline {SPAN} at (0,0) size 1x15
                    LayoutInline {O:P} at (0,0) size 1x15
              LayoutTableCell {TD} at (98,4243) size 170x49 [border: (1px none #808080) none (1px none #808080)] [r=54 c=1 rs=1 cs=1]
                LayoutBlockFlow {P} at (8.19,1) size 155x16
                  LayoutText {#text} at (0,0) size 81x15
                    text run at (0,0) width 81: "Alberto Lanzas"
                  LayoutInline {SPAN} at (0,0) size 0x15
                    LayoutInline {O:P} at (0,0) size 0x15
                LayoutBlockFlow {P} at (8.19,17) size 155x16
                  LayoutText {#text} at (0,0) size 57x15
                    text run at (0,0) width 57: "Bob Roger"
                LayoutBlockFlow {P} at (8.19,33) size 155x16
                  LayoutText {#text} at (0,0) size 73x15
                    text run at (0,0) width 73: "Randy StClair"
                  LayoutInline {SPAN} at (0,0) size 0x15
                    LayoutInline {O:P} at (0,0) size 0x15
              LayoutTableCell {TD} at (268,4243) size 99x49 [border: (1px none #808080) none (1px none #808080)] [r=54 c=2 rs=1 cs=1]
                LayoutBlockFlow {P} at (8.19,1) size 84x16
                  LayoutText {#text} at (32,0) size 20x15
                    text run at (32,0) width 20: "Yes"
                  LayoutInline {SPAN} at (0,0) size 1x15
                    LayoutInline {O:P} at (0,0) size 1x15
                LayoutBlockFlow {P} at (8.19,17) size 84x16
                  LayoutText {#text} at (32,0) size 20x15
                    text run at (32,0) width 20: "Yes"
                LayoutBlockFlow {P} at (8.19,33) size 84x16
                  LayoutText {#text} at (32,0) size 20x15
                    text run at (32,0) width 20: "Yes"
                  LayoutInline {SPAN} at (0,0) size 1x15
                    LayoutInline {O:P} at (0,0) size 1x15
              LayoutTableCell {TD} at (367,4243) size 105x49 [border: (1px none #808080) none (1px none #808080)] [r=54 c=3 rs=1 cs=1]
                LayoutBlockFlow {P} at (8.19,1) size 90x16
                  LayoutText {#text} at (35,0) size 20x15
                    text run at (35,0) width 20: "Yes"
                  LayoutInline {SPAN} at (0,0) size 1x15
                    LayoutInline {O:P} at (0,0) size 1x15
                LayoutBlockFlow {P} at (8.19,17) size 90x16
                  LayoutText {#text} at (37,0) size 16x15
                    text run at (37,0) width 16: "No"
                LayoutBlockFlow {P} at (8.19,33) size 90x16
                  LayoutText {#text} at (37,0) size 16x15
                    text run at (37,0) width 16: "No"
                  LayoutInline {SPAN} at (0,0) size 0x15
                    LayoutInline {O:P} at (0,0) size 0x15
            LayoutTableRow {TR} at (0,4292) size 472x81
              LayoutTableCell {TD} at (0,4292) size 98x17 [border: (1px none #808080) none] [r=55 c=0 rs=1 cs=1]
                LayoutBlockFlow {P} at (8.19,1) size 83x16
                  LayoutText {#text} at (35,0) size 13x15
                    text run at (35,0) width 13: "56"
                  LayoutInline {SPAN} at (0,0) size 1x15
                    LayoutInline {O:P} at (0,0) size 1x15
              LayoutTableCell {TD} at (98,4292) size 170x81 [border: (1px none #808080) none (1px none #808080)] [r=55 c=1 rs=1 cs=1]
                LayoutBlockFlow {P} at (8.19,1) size 155x16
                  LayoutText {#text} at (0,0) size 77x15
                    text run at (0,0) width 77: "Mark Glanville"
                LayoutBlockFlow {P} at (8.19,17) size 155x16
                  LayoutText {#text} at (0,0) size 68x15
                    text run at (0,0) width 68: "Steve Gilbert"
                LayoutBlockFlow {P} at (8.19,33) size 155x16
                  LayoutText {#text} at (0,0) size 60x15
                    text run at (0,0) width 60: "Jerry Davis"
                LayoutBlockFlow {P} at (8.19,49) size 155x16
                  LayoutText {#text} at (0,0) size 64x15
                    text run at (0,0) width 64: "Rich Saunef"
                LayoutBlockFlow {P} at (8.19,65) size 155x16
                  LayoutText {#text} at (0,0) size 68x15
                    text run at (0,0) width 68: "Harald Close"
                  LayoutInline {SPAN} at (0,0) size 0x15
                    LayoutInline {O:P} at (0,0) size 0x15
              LayoutTableCell {TD} at (268,4292) size 99x81 [border: (1px none #808080) none (1px none #808080)] [r=55 c=2 rs=1 cs=1]
                LayoutBlockFlow {P} at (8.19,1) size 84x16
                  LayoutText {#text} at (32,0) size 20x15
                    text run at (32,0) width 20: "Yes"
                LayoutBlockFlow {P} at (8.19,17) size 84x16
                  LayoutText {#text} at (32,0) size 20x15
                    text run at (32,0) width 20: "Yes"
                LayoutBlockFlow {P} at (8.19,33) size 84x16
                  LayoutText {#text} at (32,0) size 20x15
                    text run at (32,0) width 20: "Yes"
                LayoutBlockFlow {P} at (8.19,49) size 84x16
                  LayoutText {#text} at (32,0) size 20x15
                    text run at (32,0) width 20: "Yes"
                LayoutBlockFlow {P} at (8.19,65) size 84x16
                  LayoutText {#text} at (32,0) size 20x15
                    text run at (32,0) width 20: "Yes"
                  LayoutInline {SPAN} at (0,0) size 1x15
                    LayoutInline {O:P} at (0,0) size 1x15
              LayoutTableCell {TD} at (367,4292) size 105x81 [border: (1px none #808080) none (1px none #808080)] [r=55 c=3 rs=1 cs=1]
                LayoutBlockFlow {P} at (8.19,1) size 90x16
                  LayoutText {#text} at (37,0) size 16x15
                    text run at (37,0) width 16: "No"
                LayoutBlockFlow {P} at (8.19,17) size 90x16
                  LayoutText {#text} at (37,0) size 16x15
                    text run at (37,0) width 16: "No"
                LayoutBlockFlow {P} at (8.19,33) size 90x16
                  LayoutText {#text} at (37,0) size 16x15
                    text run at (37,0) width 16: "No"
                LayoutBlockFlow {P} at (8.19,49) size 90x16
                  LayoutText {#text} at (37,0) size 16x15
                    text run at (37,0) width 16: "No"
                LayoutBlockFlow {P} at (8.19,65) size 90x16
                  LayoutText {#text} at (37,0) size 16x15
                    text run at (37,0) width 16: "No"
                  LayoutInline {SPAN} at (0,0) size 0x15
                    LayoutInline {O:P} at (0,0) size 0x15
            LayoutTableRow {TR} at (0,4373) size 472x49
              LayoutTableCell {TD} at (0,4373) size 98x17 [border: (1px none #808080) none] [r=56 c=0 rs=1 cs=1]
                LayoutBlockFlow {P} at (8.19,1) size 83x16
                  LayoutText {#text} at (35,0) size 13x15
                    text run at (35,0) width 13: "57"
                  LayoutInline {SPAN} at (0,0) size 1x15
                    LayoutInline {O:P} at (0,0) size 1x15
              LayoutTableCell {TD} at (98,4373) size 170x49 [border: (1px none #808080) none (1px none #808080)] [r=56 c=1 rs=1 cs=1]
                LayoutBlockFlow {P} at (8.19,1) size 155x16
                  LayoutText {#text} at (0,0) size 57x15
                    text run at (0,0) width 57: "Bob Roger"
                LayoutBlockFlow {P} at (8.19,17) size 155x16
                  LayoutText {#text} at (0,0) size 67x15
                    text run at (0,0) width 67: "Rich Burnett"
                LayoutBlockFlow {P} at (8.19,33) size 155x16
                  LayoutText {#text} at (0,0) size 65x15
                    text run at (0,0) width 65: "David Dunn"
                  LayoutInline {SPAN} at (0,0) size 0x15
                    LayoutInline {O:P} at (0,0) size 0x15
              LayoutTableCell {TD} at (268,4373) size 99x17 [border: (1px none #808080) none (1px none #808080)] [r=56 c=2 rs=1 cs=1]
                LayoutBlockFlow {P} at (8.19,1) size 84x16
                  LayoutText {#text} at (32,0) size 20x15
                    text run at (32,0) width 20: "Yes"
                  LayoutInline {SPAN} at (0,0) size 1x15
                    LayoutInline {O:P} at (0,0) size 1x15
              LayoutTableCell {TD} at (367,4373) size 105x17 [border: (1px none #808080) none (1px none #808080)] [r=56 c=3 rs=1 cs=1]
                LayoutBlockFlow {P} at (8.19,1) size 90x16
                  LayoutText {#text} at (37,0) size 16x15
                    text run at (37,0) width 16: "No"
                  LayoutInline {SPAN} at (0,0) size 0x15
                    LayoutInline {O:P} at (0,0) size 0x15
            LayoutTableRow {TR} at (0,4422) size 472x65
              LayoutTableCell {TD} at (0,4422) size 98x17 [border: (1px none #808080) none] [r=57 c=0 rs=1 cs=1]
                LayoutBlockFlow {P} at (8.19,1) size 83x16
                  LayoutText {#text} at (35,0) size 13x15
                    text run at (35,0) width 13: "58"
                  LayoutInline {SPAN} at (0,0) size 1x15
                    LayoutInline {O:P} at (0,0) size 1x15
              LayoutTableCell {TD} at (98,4422) size 170x65 [border: (1px none #808080) none (1px none #808080)] [r=57 c=1 rs=1 cs=1]
                LayoutBlockFlow {P} at (8.19,1) size 155x16
                  LayoutText {#text} at (0,0) size 90x15
                    text run at (0,0) width 90: "Ian + Brad Carter"
                  LayoutInline {SPAN} at (0,0) size 0x15
                    LayoutInline {O:P} at (0,0) size 0x15
                LayoutBlockFlow {P} at (8.19,17) size 155x16
                  LayoutText {#text} at (0,0) size 66x15
                    text run at (0,0) width 66: "Bill Johnson"
                LayoutBlockFlow {P} at (8.19,33) size 155x16
                  LayoutText {#text} at (0,0) size 74x15
                    text run at (0,0) width 74: "Chuck Pringle"
                LayoutBlockFlow {P} at (8.19,49) size 155x16
                  LayoutText {#text} at (0,0) size 65x15
                    text run at (0,0) width 65: "David Dunn"
                  LayoutInline {SPAN} at (0,0) size 0x15
                    LayoutInline {O:P} at (0,0) size 0x15
              LayoutTableCell {TD} at (268,4422) size 99x49 [border: (1px none #808080) none (1px none #808080)] [r=57 c=2 rs=1 cs=1]
                LayoutBlockFlow {P} at (8.19,1) size 84x16
                  LayoutText {#text} at (32,0) size 20x15
                    text run at (32,0) width 20: "Yes"
                  LayoutInline {SPAN} at (0,0) size 1x15
                    LayoutInline {O:P} at (0,0) size 1x15
                LayoutBlockFlow {P} at (8.19,17) size 84x16
                  LayoutText {#text} at (32,0) size 20x15
                    text run at (32,0) width 20: "Yes"
                LayoutBlockFlow {P} at (8.19,33) size 84x16
                  LayoutText {#text} at (32,0) size 20x15
                    text run at (32,0) width 20: "Yes"
                  LayoutInline {SPAN} at (0,0) size 1x15
                    LayoutInline {O:P} at (0,0) size 1x15
              LayoutTableCell {TD} at (367,4422) size 105x49 [border: (1px none #808080) none (1px none #808080)] [r=57 c=3 rs=1 cs=1]
                LayoutBlockFlow {P} at (8.19,1) size 90x16
                  LayoutText {#text} at (37,0) size 16x15
                    text run at (37,0) width 16: "No"
                  LayoutInline {SPAN} at (0,0) size 0x15
                    LayoutInline {O:P} at (0,0) size 0x15
                LayoutBlockFlow {P} at (8.19,17) size 90x16
                  LayoutText {#text} at (37,0) size 16x15
                    text run at (37,0) width 16: "No"
                LayoutBlockFlow {P} at (8.19,33) size 90x16
                  LayoutText {#text} at (37,0) size 16x15
                    text run at (37,0) width 16: "No"
                  LayoutInline {SPAN} at (0,0) size 0x15
                    LayoutInline {O:P} at (0,0) size 0x15
            LayoutTableRow {TR} at (0,4487) size 472x33
              LayoutTableCell {TD} at (0,4487) size 98x17 [border: (1px none #808080) none] [r=58 c=0 rs=1 cs=1]
                LayoutBlockFlow {P} at (8.19,1) size 83x16
                  LayoutText {#text} at (35,0) size 13x15
                    text run at (35,0) width 13: "59"
                  LayoutInline {SPAN} at (0,0) size 1x15
                    LayoutInline {O:P} at (0,0) size 1x15
              LayoutTableCell {TD} at (98,4487) size 170x33 [border: (1px none #808080) none (1px none #808080)] [r=58 c=1 rs=1 cs=1]
                LayoutBlockFlow {P} at (8.19,1) size 155x16
                  LayoutText {#text} at (0,0) size 57x15
                    text run at (0,0) width 57: "Bob Roger"
                LayoutBlockFlow {P} at (8.19,17) size 155x16
                  LayoutText {#text} at (0,0) size 67x15
                    text run at (0,0) width 67: "Rich Burnett"
                  LayoutInline {SPAN} at (0,0) size 0x15
                    LayoutInline {O:P} at (0,0) size 0x15
              LayoutTableCell {TD} at (268,4487) size 99x17 [border: (1px none #808080) none (1px none #808080)] [r=58 c=2 rs=1 cs=1]
                LayoutBlockFlow {P} at (8.19,1) size 84x16
                  LayoutText {#text} at (32,0) size 20x15
                    text run at (32,0) width 20: "Yes"
                  LayoutInline {SPAN} at (0,0) size 1x15
                    LayoutInline {O:P} at (0,0) size 1x15
              LayoutTableCell {TD} at (367,4487) size 105x17 [border: (1px none #808080) none (1px none #808080)] [r=58 c=3 rs=1 cs=1]
                LayoutBlockFlow {P} at (8.19,1) size 90x16
                  LayoutText {#text} at (37,0) size 16x15
                    text run at (37,0) width 16: "No"
                  LayoutInline {SPAN} at (0,0) size 0x15
                    LayoutInline {O:P} at (0,0) size 0x15
            LayoutTableRow {TR} at (0,4520) size 472x65
              LayoutTableCell {TD} at (0,4520) size 98x17 [border: (1px none #808080) none] [r=59 c=0 rs=1 cs=1]
                LayoutBlockFlow {P} at (8.19,1) size 83x16
                  LayoutText {#text} at (35,0) size 13x15
                    text run at (35,0) width 13: "60"
                  LayoutInline {SPAN} at (0,0) size 1x15
                    LayoutInline {O:P} at (0,0) size 1x15
              LayoutTableCell {TD} at (98,4520) size 170x65 [border: (1px none #808080) none (1px none #808080)] [r=59 c=1 rs=1 cs=1]
                LayoutBlockFlow {P} at (8.19,1) size 155x16
                  LayoutText {#text} at (0,0) size 66x15
                    text run at (0,0) width 66: "Bill Johnson"
                LayoutBlockFlow {P} at (8.19,17) size 155x16
                  LayoutText {#text} at (0,0) size 89x15
                    text run at (0,0) width 89: "Vladimir Dvorkin"
                LayoutBlockFlow {P} at (8.19,33) size 155x16
                  LayoutText {#text} at (0,0) size 51x15
                    text run at (0,0) width 51: "Ken Price"
                LayoutBlockFlow {P} at (8.19,49) size 155x16
                  LayoutText {#text} at (0,0) size 87x15
                    text run at (0,0) width 87: "Rick Rasmussen"
                  LayoutInline {SPAN} at (0,0) size 0x15
                    LayoutInline {O:P} at (0,0) size 0x15
              LayoutTableCell {TD} at (268,4520) size 99x33 [border: (1px none #808080) none (1px none #808080)] [r=59 c=2 rs=1 cs=1]
                LayoutBlockFlow {P} at (8.19,1) size 84x16
                  LayoutText {#text} at (32,0) size 20x15
                    text run at (32,0) width 20: "Yes"
                LayoutBlockFlow {P} at (8.19,17) size 84x16
                  LayoutText {#text} at (34,0) size 16x15
                    text run at (34,0) width 16: "No"
                  LayoutInline {SPAN} at (0,0) size 0x15
                    LayoutInline {O:P} at (0,0) size 0x15
              LayoutTableCell {TD} at (367,4520) size 105x33 [border: (1px none #808080) none (1px none #808080)] [r=59 c=3 rs=1 cs=1]
                LayoutBlockFlow {P} at (8.19,1) size 90x16
                  LayoutText {#text} at (37,0) size 16x15
                    text run at (37,0) width 16: "No"
                LayoutBlockFlow {P} at (8.19,17) size 90x16
                  LayoutText {#text} at (35,0) size 20x15
                    text run at (35,0) width 20: "Yes"
                  LayoutInline {SPAN} at (0,0) size 1x15
                    LayoutInline {O:P} at (0,0) size 1x15
        LayoutBlockFlow {P} at (0,4606) size 769x16
          LayoutInline {SPAN} at (0,0) size 3x15
            LayoutText {#text} at (0,0) size 3x15
              text run at (0,0) width 3: " "
        LayoutBlockFlow {P} at (0,4622) size 769x16
          LayoutText {#text} at (0,0) size 3x15
            text run at (0,0) width 3: " "
        LayoutBlockFlow {P} at (0,4638) size 769x16
          LayoutText {#text} at (0,0) size 3x15
            text run at (0,0) width 3: " "
      LayoutBlockFlow {P} at (0,4654) size 769x16
        LayoutText {#text} at (383,0) size 3x15
          text run at (383,0) width 3: " "
