layer at (0,0) size 800x600
  LayoutView at (0,0) size 800x600
layer at (0,0) size 800x600
  LayoutBlockFlow {HTML} at (0,0) size 800x600
    LayoutBlockFlow {BODY} at (8,8) size 784x576
      LayoutBlockFlow {FORM} at (0,0) size 784x90
        LayoutTable {TABLE} at (0,0) size 316x90 [border: (1px outset #808080)]
          LayoutTableSection {TBODY} at (1,1) size 314x88
            LayoutTableRow {TR} at (0,2) size 314x84
              LayoutTableCell {TD} at (2,2) size 310x84 [border: (1px inset #808080)] [r=0 c=0 rs=1 cs=1]
                LayoutTable {TABLE} at (2,2) size 306x80 [border: (2px outset #808080)]
                  LayoutTableSection {TBODY} at (2,2) size 302x76
                    LayoutTableRow {TR} at (0,2) size 302x44
                      LayoutTableCell {TD} at (2,2) size 86x44 [border: (1px inset #808080)] [r=0 c=0 rs=1 cs=1]
                        LayoutText {#text} at (2,2) size 53x39
                          text run at (2,2) width 52: "Member"
                          text run at (2,22) width 53: "Number:"
                      LayoutTableCell {TD} at (90,11) size 204x26 [border: (1px inset #808080)] [r=0 c=1 rs=1 cs=1]
                        LayoutTextControl {INPUT} at (2,2) size 173x22 [bgcolor=#FFFFFF] [border: (2px inset #EEEEEE)]
                        LayoutText {#text} at (0,0) size 0x0
                    LayoutTableRow {TR} at (0,48) size 302x26
                      LayoutTableCell {TD} at (2,49) size 86x24 [border: (1px inset #808080)] [r=1 c=0 rs=1 cs=1]
                        LayoutText {#text} at (2,2) size 29x19
                          text run at (2,2) width 29: "PIN:"
                      LayoutTableCell {TD} at (90,48) size 204x26 [border: (1px inset #808080)] [r=1 c=1 rs=1 cs=1]
                        LayoutTextControl {INPUT} at (2,2) size 173x22 [bgcolor=#FFFFFF] [border: (2px inset #EEEEEE)]
                        LayoutText {#text} at (0,0) size 0x0
                      LayoutTableCell {TD} at (296,59) size 4x4 [border: (1px inset #808080)] [r=1 c=2 rs=1 cs=1]
layer at (109,31) size 169x16
  LayoutBlockFlow {DIV} at (2,3) size 169x16
layer at (109,68) size 169x16
  LayoutBlockFlow {DIV} at (2,3) size 169x16
