layer at (0,0) size 800x600
  LayoutView at (0,0) size 800x600
layer at (0,0) size 800x82
  LayoutBlockFlow {HTML} at (0,0) size 800x82
    LayoutBlockFlow {BODY} at (8,8) size 784x66
      LayoutBlockFlow (anonymous) at (0,0) size 784x20
        LayoutText {#text} at (0,0) size 184x19
          text run at (0,0) width 184: "the text should be courier 24pt"
      LayoutTable {TABLE} at (0,20) size 75x26
        LayoutTableSection {TBODY} at (0,0) size 75x26
          LayoutTableRow {TR} at (0,2) size 75x22
            LayoutTableCell {TD} at (2,2) size 71x22 [r=0 c=0 rs=1 cs=1]
              LayoutText {#text} at (1,1) size 69x19
                text run at (1,1) width 69: "inside a cell"
      LayoutBlockFlow {DIV} at (0,46) size 784x20
        LayoutText {#text} at (0,0) size 67x19
          text run at (0,0) width 67: "inside a div"
