layer at (0,0) size 800x600
  LayoutView at (0,0) size 800x600
layer at (0,0) size 800x38
  LayoutBlockFlow {HTML} at (0,0) size 800x38
    LayoutBlockFlow {BODY} at (8,8) size 784x22
      LayoutTable {TABLE} at (0,0) size 784x22
        LayoutTableSection {TBODY} at (0,0) size 784x22
          LayoutTableRow {TR} at (0,0) size 784x22
            LayoutTableCell {TD} at (0,2) size 713x18 [r=0 c=0 rs=1 cs=1]
              LayoutText {#text} at (0,0) size 221x18
                text run at (0,0) width 221: "Post to Confessions of a Mozillian"
            LayoutTableCell {TD} at (713,2) size 71x18 [r=0 c=1 rs=1 cs=1]
              LayoutText {#text} at (0,0) size 22x18
                text run at (0,0) width 22: "foo"
