layer at (0,0) size 800x600
  LayoutView at (0,0) size 800x600
layer at (0,0) size 800x600
  LayoutBlockFlow {HTML} at (0,0) size 800x600
    LayoutBlockFlow {BODY} at (8,8) size 784x584
      LayoutTable {TABLE} at (0,0) size 784x47
        LayoutTableSection {TBODY} at (0,0) size 784x47
          LayoutTableRow {TR} at (0,2) size 784x21
            LayoutTableCell {TD} at (2,2) size 58x20 [r=0 c=0 rs=1 cs=1]
              LayoutText {#text} at (1,1) size 37x18
                text run at (1,1) width 37: "URL:"
            LayoutTableCell {TD} at (62,2) size 720x21 [r=0 c=1 rs=1 cs=1]
              LayoutTextControl {INPUT} at (1,1) size 718x19 [bgcolor=#FFFFFF] [border: (2px inset #EEEEEE)]
          LayoutTableRow {TR} at (0,25) size 784x20
            LayoutTableCell {TD} at (2,25) size 780x20 [bgcolor=#FF0000] [r=1 c=0 rs=1 cs=2]
              LayoutText {#text} at (1,1) size 257x18
                text run at (1,1) width 257: "Alongwordtogiveyouanicebigminwidth."
      LayoutTable {TABLE} at (0,47) size 100x100 [bgcolor=#FF0000] [border: (2px outset #808080)]
        LayoutTableSection {TBODY} at (2,2) size 96x96
          LayoutTableRow {TR} at (0,2) size 96x92
            LayoutTableCell {TD} at (2,46) size 92x4 [border: (1px inset #808080)] [r=0 c=0 rs=1 cs=1]
      LayoutTable {TABLE} at (0,147) size 153x120 [border: (2px outset #808080)]
        LayoutTableSection {TBODY} at (2,2) size 149x116
          LayoutTableRow {TR} at (0,2) size 149x22
            LayoutTableCell {TD} at (2,2) size 145x22 [border: (1px inset #808080)] [r=0 c=0 rs=1 cs=1]
              LayoutText {#text} at (2,2) size 32x18
                text run at (2,2) width 32: "hello"
          LayoutTableRow {TR} at (0,26) size 149x22
            LayoutTableCell {TD} at (2,26) size 145x22 [border: (1px inset #808080)] [r=1 c=0 rs=1 cs=1]
              LayoutText {#text} at (2,2) size 69x18
                text run at (2,2) width 69: "more hello"
          LayoutTableRow {TR} at (0,50) size 149x22
            LayoutTableCell {TD} at (2,50) size 145x22 [border: (1px inset #808080)] [r=2 c=0 rs=1 cs=1]
              LayoutText {#text} at (2,2) size 38x18
                text run at (2,2) width 38: "world"
          LayoutTableRow {TR} at (0,74) size 149x40
            LayoutTableCell {TD} at (2,74) size 145x40 [border: (1px inset #808080)] [r=3 c=0 rs=1 cs=1]
              LayoutText {#text} at (0,0) size 0x0
      LayoutTable {TABLE} at (0,267) size 106x78
        LayoutTableSection {TBODY} at (0,0) size 106x78
          LayoutTableRow {TR} at (0,2) size 106x74
            LayoutTableCell {TD} at (2,2) size 102x74 [r=0 c=0 rs=1 cs=1]
              LayoutText {#text} at (1,1) size 88x72
                text run at (1,1) width 88: "I should wrap"
                text run at (1,19) width 82: "and not have"
                text run at (1,37) width 56: "nowrap. "
                text run at (56,37) width 7: "I"
                text run at (1,55) width 88: "really should."
      LayoutTable {TABLE} at (0,345) size 106x78
        LayoutTableSection {TBODY} at (0,0) size 106x78
          LayoutTableRow {TR} at (0,2) size 106x74
            LayoutTableCell {TD} at (2,2) size 102x74 [r=0 c=0 rs=1 cs=1]
              LayoutBlockFlow {DIV} at (1,1) size 100x72
                LayoutText {#text} at (0,0) size 88x72
                  text run at (0,0) width 88: "I should wrap"
                  text run at (0,18) width 82: "and not have"
                  text run at (0,36) width 56: "nowrap. "
                  text run at (55,36) width 7: "I"
                  text run at (0,54) width 88: "really should."
      LayoutTable {TABLE} at (0,423) size 373x24
        LayoutTableSection {TBODY} at (0,0) size 373x24
          LayoutTableRow {TR} at (0,2) size 373x20
            LayoutTableCell {TD} at (2,2) size 369x20 [r=0 c=0 rs=1 cs=1]
              LayoutText {#text} at (1,1) size 367x18
                text run at (1,1) width 147: "I should have nowrap. "
                text run at (147,1) width 101: "I really should. "
                text run at (247,1) width 121: "Definitely. Should."
      LayoutTable {TABLE} at (0,447) size 373x24
        LayoutTableSection {TBODY} at (0,0) size 373x24
          LayoutTableRow {TR} at (0,2) size 373x20
            LayoutTableCell {TD} at (2,2) size 369x20 [r=0 c=0 rs=1 cs=1]
              LayoutBlockFlow {DIV} at (1,1) size 367x18
                LayoutText {#text} at (0,0) size 367x18
                  text run at (0,0) width 147: "I should have nowrap. "
                  text run at (146,0) width 101: "I really should. "
                  text run at (246,0) width 121: "Definitely. Should."
layer at (74,14) size 712x13
  LayoutBlockFlow {DIV} at (3,3) size 712x13
layer at (14,233) size 141x36 clip at (15,234) size 139x34
  LayoutTextControl {TEXTAREA} at (2,2) size 141x36 [bgcolor=#FFFFFF] [border: (1px solid #000000)]
    LayoutBlockFlow {DIV} at (3,3) size 135x13
