layer at (0,0) size 800x600
  LayoutView at (0,0) size 800x600
layer at (0,0) size 800x600
  LayoutBlockFlow {HTML} at (0,0) size 800x600
    LayoutBlockFlow {BODY} at (8,8) size 784x584
      LayoutTable {TABLE} at (0,0) size 309x228 [border: (2px outset #808080)]
        LayoutTableSection {TBODY} at (2,2) size 305x224
          LayoutTableRow {TR} at (0,2) size 305x220
            LayoutTableCell {TD} at (2,2) size 238x220 [border: (1px inset #808080)] [r=0 c=0 rs=1 cs=1]
              LayoutText {#text} at (101,101) size 36x18
                text run at (101,101) width 36: "Hello"
            LayoutTableCell {TD} at (242,102) size 61x20 [border: (1px inset #808080)] [r=0 c=1 rs=1 cs=1]
              LayoutText {#text} at (1,1) size 59x18
                text run at (1,1) width 59: "Goodbye"
      LayoutBlockFlow {DIV} at (0,228) size 784x0
