layer at (0,0) size 800x600
  LayoutView at (0,0) size 800x600
layer at (0,0) size 800x600
  LayoutBlockFlow {HTML} at (0,0) size 800x600
    LayoutBlockFlow {BODY} at (8,8) size 784x584
      LayoutTable {TABLE} at (0,0) size 770x90
        LayoutTableSection {TBODY} at (0,0) size 770x90
          LayoutTableRow {TR} at (0,0) size 770x18
            LayoutTableCell {TD} at (0,36) size 130x18 [bgcolor=#008000] [r=0 c=0 rs=5 cs=1]
              LayoutTable {TABLE} at (0,0) size 130x18
                LayoutTableSection {TBODY} at (0,0) size 130x18
                  LayoutTableRow {TR} at (0,0) size 130x18
                    LayoutTableCell {TD} at (0,0) size 130x18 [r=0 c=0 rs=1 cs=1]
                      LayoutImage {IMG} at (0,0) size 130x0
                      LayoutBR {BR} at (130,0) size 0x0
                      LayoutText {#text} at (0,0) size 8x18
                        text run at (0,0) width 8: "1"
            LayoutTableCell {TD} at (130,41) size 1x7 [bgcolor=#FF0000] [r=0 c=1 rs=5 cs=1]
              LayoutImage {IMG} at (0,0) size 1x7
            LayoutTableCell {TD} at (131,0) size 280x18 [bgcolor=#800080] [r=0 c=2 rs=1 cs=1]
              LayoutText {#text} at (0,0) size 8x18
                text run at (0,0) width 8: "3"
            LayoutTableCell {TD} at (411,0) size 9x18 [bgcolor=#0000FF] [r=0 c=3 rs=1 cs=1]
              LayoutText {#text} at (0,0) size 8x18
                text run at (0,0) width 8: "4"
            LayoutTableCell {TD} at (420,0) size 350x18 [bgcolor=#FFA500] [r=0 c=4 rs=1 cs=1]
              LayoutText {#text} at (0,0) size 8x18
                text run at (0,0) width 8: "5"
          LayoutTableRow {TR} at (0,18) size 770x18
            LayoutTableCell {TD} at (131,27) size 280x18 [bgcolor=#800080] [r=1 c=2 rs=2 cs=1]
              LayoutImage {IMG} at (0,0) size 280x0
              LayoutBR {BR} at (280,0) size 0x0
              LayoutText {#text} at (0,0) size 8x18
                text run at (0,0) width 8: "3"
            LayoutTableCell {TD} at (411,27) size 9x18 [bgcolor=#0000FF] [r=1 c=3 rs=2 cs=1]
              LayoutText {#text} at (0,0) size 8x18
                text run at (0,0) width 8: "4"
            LayoutTableCell {TD} at (420,18) size 350x18 [bgcolor=#FFA500] [r=1 c=4 rs=1 cs=1]
              LayoutText {#text} at (0,0) size 8x18
                text run at (0,0) width 8: "5"
          LayoutTableRow {TR} at (0,36) size 770x18
            LayoutTableCell {TD} at (420,36) size 350x18 [r=2 c=4 rs=1 cs=1]
              LayoutTable {TABLE} at (0,0) size 350x18 [bgcolor=#FFA500]
                LayoutTableSection {TBODY} at (0,0) size 350x18
                  LayoutTableRow {TR} at (0,0) size 350x18
                    LayoutTableCell {TD} at (0,0) size 273x18 [r=0 c=0 rs=1 cs=1]
                      LayoutImage {IMG} at (0,0) size 267x0
                      LayoutBR {BR} at (267,0) size 0x0
                      LayoutText {#text} at (0,0) size 8x18
                        text run at (0,0) width 8: "5"
                    LayoutTableCell {TD} at (273,9) size 77x0 [r=0 c=1 rs=1 cs=1]
                      LayoutImage {IMG} at (0,0) size 77x0
          LayoutTableRow {TR} at (0,54) size 770x18
            LayoutTableCell {TD} at (131,54) size 280x18 [bgcolor=#800080] [r=3 c=2 rs=1 cs=1]
              LayoutText {#text} at (0,0) size 8x18
                text run at (0,0) width 8: "3"
            LayoutTableCell {TD} at (411,54) size 9x18 [bgcolor=#0000FF] [r=3 c=3 rs=1 cs=1]
              LayoutText {#text} at (0,0) size 8x18
                text run at (0,0) width 8: "4"
            LayoutTableCell {TD} at (420,54) size 350x18 [bgcolor=#FFA500] [r=3 c=4 rs=1 cs=1]
              LayoutText {#text} at (0,0) size 8x18
                text run at (0,0) width 8: "5"
          LayoutTableRow {TR} at (0,72) size 770x18
            LayoutTableCell {TD} at (131,72) size 280x18 [bgcolor=#800080] [r=4 c=2 rs=1 cs=1]
              LayoutText {#text} at (0,0) size 8x18
                text run at (0,0) width 8: "3"
            LayoutTableCell {TD} at (411,72) size 9x18 [bgcolor=#0000FF] [r=4 c=3 rs=1 cs=1]
              LayoutText {#text} at (0,0) size 8x18
                text run at (0,0) width 8: "4"
            LayoutTableCell {TD} at (420,72) size 350x18 [bgcolor=#FFA500] [r=4 c=4 rs=1 cs=1]
              LayoutText {#text} at (0,0) size 8x18
                text run at (0,0) width 8: "5"
