layer at (0,0) size 800x600
  LayoutView at (0,0) size 800x600
layer at (0,0) size 800x600
  LayoutBlockFlow {HTML} at (0,0) size 800x600
    LayoutBlockFlow {BODY} at (0,0) size 800x584 [bgcolor=#FFFFFF]
      LayoutBlockFlow {CENTER} at (0,0) size 800x58
        LayoutTable {TABLE} at (0,0) size 800x58 [bgcolor=#CCCCCC] [border: (1px outset #808080)]
          LayoutTableSection {TBODY} at (1,1) size 798x56
            LayoutTableRow {TR} at (0,0) size 798x56
              LayoutTableCell {TD} at (0,0) size 798x56 [border: (1px inset #808080)] [r=0 c=0 rs=1 cs=1]
                LayoutBlockFlow {DIV} at (82,1) size 634x54 [border: (2px solid #FF0000)]
                  LayoutTable {TABLE} at (2,2) size 630x216 [bgcolor=#CCCCCC] [border: (2px outset #808080)]
                    LayoutTableSection {TBODY} at (2,2) size 626x212
                      LayoutTableRow {TR} at (0,15) size 626x182
                        LayoutTableCell {TD} at (15,15) size 596x182 [border: (1px inset #808080)] [r=0 c=0 rs=1 cs=1]
                          LayoutTable {TABLE} at (249.50,1) size 97x180 [bgcolor=#CCCCCC]
                            LayoutTableSection {TBODY} at (0,0) size 97x180
                              LayoutTableRow {TR} at (0,0) size 97x180
                                LayoutTableCell {TD} at (0,0) size 97x180 [r=0 c=0 rs=1 cs=1]
                                  LayoutImage {IMG} at (0,0) size 97x180
      LayoutBlockFlow {P} at (0,74) size 800x0
      LayoutBlockFlow (floating) {DIV} at (0,74) size 104x54 [border: (2px solid #FF0000)]
        LayoutText {#text} at (2,2) size 84x54
          text run at (2,2) width 84: "Here is some"
          text run at (2,20) width 32: "text. "
          text run at (33,20) width 53: "I should"
          text run at (2,38) width 60: "overflow."
        LayoutBR {BR} at (61,52) size 1x0
        LayoutText {#text} at (2,56) size 99x18
          text run at (2,56) width 99: "I will overflow."
        LayoutBR {BR} at (100,70) size 1x0
        LayoutText {#text} at (2,74) size 99x36
          text run at (2,74) width 99: "I definitely will"
          text run at (2,92) width 57: "overflow"
        LayoutBR {BR} at (58,106) size 1x0
        LayoutText {#text} at (2,110) size 68x36
          text run at (2,110) width 68: "I promis. I"
          text run at (2,128) width 65: "lvoerflow."
        LayoutBR {BR} at (66,142) size 1x0
        LayoutText {#text} at (2,146) size 45x18
          text run at (2,146) width 45: "Really."
      LayoutBlockFlow {P} at (0,74) size 800x0
