layer at (0,0) size 800x600
  LayoutView at (0,0) size 800x600
layer at (0,0) size 800x600
  LayoutBlockFlow {HTML} at (0,0) size 800x600
    LayoutBlockFlow {BODY} at (8,8) size 784x584
      LayoutBlockFlow {DIV} at (0,0) size 784x0
      LayoutTable {TABLE} at (0,0) size 105x24
        LayoutTableSection {TBODY} at (0,0) size 105x24
          LayoutTableRow {TR} at (0,2) size 105x20
            LayoutTableCell {TD} at (2,2) size 38x20 [r=0 c=0 rs=1 cs=1]
              LayoutText {#text} at (1,1) size 36x18
                text run at (1,1) width 36: "Hello"
            LayoutTableCell {TD} at (42,2) size 61x20 [r=0 c=1 rs=1 cs=1]
              LayoutText {#text} at (1,1) size 59x18
                text run at (1,1) width 59: "Goodbye"
