layer at (0,0) size 800x600
  LayoutView at (0,0) size 800x600
layer at (0,0) size 800x84
  LayoutBlockFlow {HTML} at (0,0) size 800x84
    LayoutBlockFlow {BODY} at (8,8) size 784x68
      LayoutTable {TABLE} at (0,0) size 69x68
        LayoutTableSection {THEAD} at (0,0) size 69x24
          LayoutTableRow {TR} at (0,2) size 69x20
            LayoutTableCell {TH} at (2,2) size 15x20 [color=#FF0000] [r=0 c=0 rs=1 cs=1]
              LayoutText {#text} at (1,1) size 13x18
                text run at (1,1) width 13: "H"
            LayoutTableCell {TH} at (19,2) size 15x20 [color=#FF0000] [r=0 c=1 rs=1 cs=1]
              LayoutText {#text} at (2,1) size 11x18
                text run at (2,1) width 11: "E"
            LayoutTableCell {TH} at (36,2) size 15x20 [color=#FF0000] [r=0 c=2 rs=1 cs=1]
              LayoutText {#text} at (1,1) size 13x18
                text run at (1,1) width 13: "A"
            LayoutTableCell {TH} at (53,2) size 14x20 [color=#FF0000] [r=0 c=3 rs=1 cs=1]
              LayoutText {#text} at (1,1) size 12x18
                text run at (1,1) width 12: "D"
        LayoutTableSection {TFOOT} at (0,46) size 69x22
          LayoutTableRow {TR} at (0,0) size 69x20
            LayoutTableCell {TH} at (2,0) size 15x20 [color=#0000FF] [r=0 c=0 rs=1 cs=1]
              LayoutText {#text} at (2,1) size 11x18
                text run at (2,1) width 11: "F"
            LayoutTableCell {TH} at (19,0) size 15x20 [color=#0000FF] [r=0 c=1 rs=1 cs=1]
              LayoutText {#text} at (1,1) size 13x18
                text run at (1,1) width 13: "O"
            LayoutTableCell {TH} at (36,0) size 15x20 [color=#0000FF] [r=0 c=2 rs=1 cs=1]
              LayoutText {#text} at (1,1) size 13x18
                text run at (1,1) width 13: "O"
            LayoutTableCell {TH} at (53,0) size 14x20 [color=#0000FF] [r=0 c=3 rs=1 cs=1]
              LayoutText {#text} at (1,1) size 12x18
                text run at (1,1) width 12: "T"
        LayoutTableSection {TBODY} at (0,24) size 69x22
          LayoutTableRow {TR} at (0,0) size 69x20
            LayoutTableCell {TD} at (2,0) size 15x20 [color=#008000] [r=0 c=0 rs=1 cs=1]
              LayoutText {#text} at (1,1) size 8x18
                text run at (1,1) width 8: "b"
            LayoutTableCell {TD} at (19,0) size 15x20 [color=#008000] [r=0 c=1 rs=1 cs=1]
              LayoutText {#text} at (1,1) size 8x18
                text run at (1,1) width 8: "o"
            LayoutTableCell {TD} at (36,0) size 15x20 [color=#008000] [r=0 c=2 rs=1 cs=1]
              LayoutText {#text} at (1,1) size 8x18
                text run at (1,1) width 8: "d"
            LayoutTableCell {TD} at (53,0) size 14x20 [color=#008000] [r=0 c=3 rs=1 cs=1]
              LayoutText {#text} at (1,1) size 8x18
                text run at (1,1) width 8: "y"
