layer at (0,0) size 800x600
  LayoutView at (0,0) size 800x600
layer at (0,0) size 800x600
  LayoutBlockFlow {HTML} at (0,0) size 800x600
    LayoutBlockFlow {BODY} at (8,8) size 784x584
      LayoutBlockFlow (anonymous) at (0,0) size 784x18
        LayoutText {#text} at (0,0) size 29x18
          text run at (0,0) width 29: "Text"
      LayoutTable {TABLE} at (0,18) size 784x100
        LayoutTableSection {TBODY} at (0,0) size 784x100
          LayoutTableRow {TR} at (0,0) size 784x100
            LayoutTableCell {TD} at (0,50) size 784x0 [r=0 c=0 rs=1 cs=1]
      LayoutBlockFlow (anonymous) at (0,118) size 784x18
        LayoutText {#text} at (0,0) size 328x18
          text run at (0,0) width 328: "This text is 100 pixels lower than the previous line."
      LayoutTable {TABLE} at (0,136) size 784x100
        LayoutTableSection {TBODY} at (0,0) size 784x100
          LayoutTableRow {TR} at (0,0) size 784x100
      LayoutBlockFlow (anonymous) at (0,236) size 784x18
        LayoutText {#text} at (0,0) size 328x18
          text run at (0,0) width 328: "This text is 100 pixels lower than the previous line."
      LayoutTable {TABLE} at (0,254) size 784x0
      LayoutBlockFlow (anonymous) at (0,254) size 784x18
        LayoutText {#text} at (0,0) size 314x18
          text run at (0,0) width 314: "No space between this line and the previous line."
