layer at (0,0) size 800x600
  LayoutView at (0,0) size 800x600
layer at (0,0) size 800x600
  LayoutBlockFlow {HTML} at (0,0) size 800x600
    LayoutBlockFlow {BODY} at (8,8) size 784x572.09
      LayoutBlockFlow (anonymous) at (0,0) size 784x86
        LayoutImage {IMG} at (0,0) size 132x86
        LayoutText {#text} at (0,0) size 0x0
      LayoutBlockFlow {H2} at (0,105.91) size 784x0
      LayoutTable (floating) {TABLE} at (0,105.91) size 132x36
        LayoutTableSection {TBODY} at (0,0) size 132x36
          LayoutTableRow {TR} at (0,0) size 132x18
            LayoutTableCell {TD} at (0,0) size 132x18 [r=0 c=0 rs=1 cs=1]
              LayoutText {#text} at (0,0) size 32x18
                text run at (0,0) width 32: "hello"
          LayoutTableRow {TR} at (0,18) size 132x18
            LayoutTableCell {TD} at (0,18) size 132x18 [r=1 c=0 rs=1 cs=1]
              LayoutText {#text} at (0,0) size 56x18
                text run at (0,0) width 56: "goodbye"
