layer at (0,0) size 800x600
  LayoutView at (0,0) size 800x600
layer at (0,0) size 800x600
  LayoutBlockFlow {HTML} at (0,0) size 800x600
    LayoutBlockFlow {BODY} at (8,8) size 784x584
      LayoutTable {TABLE} at (0,0) size 48x30 [border: (3px solid #000000)]
        LayoutTableSection {TBODY} at (3,3) size 42x24
          LayoutTableRow {TR} at (0,2) size 42x20
            LayoutTableCell {TD} at (2,2) size 38x20 [r=0 c=0 rs=1 cs=1]
              LayoutText {#text} at (1,1) size 36x18
                text run at (1,1) width 36: "Hello"
      LayoutTable {TABLE} at (0,46) size 48x30 [border: (3px solid #000000)]
        LayoutTableSection {TBODY} at (3,3) size 42x24
          LayoutTableRow {TR} at (0,2) size 42x20
            LayoutTableCell {TD} at (2,2) size 38x20 [r=0 c=0 rs=1 cs=1]
              LayoutText {#text} at (1,1) size 36x18
                text run at (1,1) width 36: "Hello"
