layer at (0,0) size 800x600 clip at (0,0) size 785x600 scrollHeight 740
  LayoutView at (0,0) size 800x600
layer at (0,0) size 785x740 backgroundClip at (0,0) size 785x600 clip at (0,0) size 785x600
  LayoutBlockFlow {HTML} at (0,0) size 785x740
    LayoutBlockFlow {BODY} at (8,8) size 769x716
      LayoutTable {TABLE} at (0,0) size 769x80
        LayoutTableSection {TBODY} at (0,0) size 769x80
          LayoutTableRow {TR} at (0,2) size 769x76
            LayoutTableCell {TD} at (2,29) size 687x22 [border: (1px solid #008000)] [r=0 c=0 rs=1 cs=1]
              LayoutText {#text} at (2,2) size 8x18
                text run at (2,2) width 8: "1"
            LayoutTableCell {TD} at (691,2) size 62x76 [border: (1px solid #008000)] [r=0 c=1 rs=1 cs=1]
              LayoutText {#text} at (2,2) size 58x72
                text run at (2,2) width 55: "See, this"
                text run at (2,20) width 35: "is the"
                text run at (2,38) width 58: "problem."
                text run at (2,56) width 51: "It will..."
            LayoutTableCell {TD} at (755,29) size 12x22 [border: (1px solid #008000)] [r=0 c=2 rs=1 cs=1]
              LayoutText {#text} at (2,2) size 8x18
                text run at (2,2) width 8: "3"
      LayoutBlockFlow {P} at (0,96) size 769x0
      LayoutTable {TABLE} at (0,96) size 769x196
        LayoutTableSection {TBODY} at (0,0) size 769x196
          LayoutTableRow {TR} at (0,2) size 769x192
            LayoutTableCell {TD} at (2,2) size 765x192 [border: (1px solid #008000)] [r=0 c=0 rs=1 cs=1]
              LayoutTable {TABLE} at (2,2) size 761x188
                LayoutTableSection {TBODY} at (0,0) size 761x188
                  LayoutTableRow {TR} at (0,2) size 761x184
                    LayoutTableCell {TD} at (2,83) size 679x22 [border: (1px solid #008000)] [r=0 c=0 rs=1 cs=1]
                      LayoutText {#text} at (2,2) size 8x18
                        text run at (2,2) width 8: "1"
                    LayoutTableCell {TD} at (683,2) size 62x184 [border: (1px solid #008000)] [r=0 c=1 rs=1 cs=1]
                      LayoutText {#text} at (2,2) size 58x180
                        text run at (2,2) width 55: "See, this"
                        text run at (2,20) width 35: "is the"
                        text run at (2,38) width 58: "problem."
                        text run at (2,56) width 40: "S See,"
                        text run at (2,74) width 38: "this is"
                        text run at (2,92) width 20: "the"
                        text run at (2,110) width 58: "problem."
                        text run at (2,128) width 55: "See, this"
                        text run at (2,146) width 35: "is the"
                        text run at (2,164) width 58: "problem."
                    LayoutTableCell {TD} at (747,83) size 12x22 [border: (1px solid #008000)] [r=0 c=2 rs=1 cs=1]
                      LayoutText {#text} at (2,2) size 8x18
                        text run at (2,2) width 8: "3"
      LayoutBlockFlow {P} at (0,308) size 769x0
      LayoutTable {TABLE} at (0,308) size 527x196
        LayoutTableSection {TBODY} at (0,0) size 527x196
          LayoutTableRow {TR} at (0,2) size 527x192
            LayoutTableCell {TD} at (2,2) size 523x192 [border: (1px solid #008000)] [r=0 c=0 rs=1 cs=1]
              LayoutTable {TABLE} at (2,2) size 519x188
                LayoutTableSection {TBODY} at (0,0) size 519x188
                  LayoutTableRow {TR} at (0,2) size 519x184
                    LayoutTableCell {TD} at (2,83) size 437x22 [border: (1px solid #008000)] [r=0 c=0 rs=1 cs=1]
                      LayoutText {#text} at (2,2) size 8x18
                        text run at (2,2) width 8: "1"
                    LayoutTableCell {TD} at (441,2) size 62x184 [border: (1px solid #008000)] [r=0 c=1 rs=1 cs=1]
                      LayoutText {#text} at (2,2) size 58x180
                        text run at (2,2) width 55: "See, this"
                        text run at (2,20) width 35: "is the"
                        text run at (2,38) width 58: "problem."
                        text run at (2,56) width 40: "S See,"
                        text run at (2,74) width 38: "this is"
                        text run at (2,92) width 20: "the"
                        text run at (2,110) width 58: "problem."
                        text run at (2,128) width 55: "See, this"
                        text run at (2,146) width 35: "is the"
                        text run at (2,164) width 58: "problem."
                    LayoutTableCell {TD} at (505,83) size 12x22 [border: (1px solid #008000)] [r=0 c=2 rs=1 cs=1]
                      LayoutText {#text} at (2,2) size 8x18
                        text run at (2,2) width 8: "3"
      LayoutBlockFlow {P} at (0,520) size 769x0
      LayoutTable {TABLE} at (0,520) size 527x196
        LayoutTableSection {TBODY} at (0,0) size 527x196
          LayoutTableRow {TR} at (0,2) size 527x192
            LayoutTableCell {TD} at (2,2) size 523x192 [border: (1px solid #008000)] [r=0 c=0 rs=1 cs=1]
              LayoutBlockFlow {DIV} at (2,2) size 519x188
                LayoutTable {TABLE} at (0,0) size 519x188
                  LayoutTableSection {TBODY} at (0,0) size 519x188
                    LayoutTableRow {TR} at (0,2) size 519x184
                      LayoutTableCell {TD} at (2,83) size 437x22 [border: (1px solid #008000)] [r=0 c=0 rs=1 cs=1]
                        LayoutText {#text} at (2,2) size 8x18
                          text run at (2,2) width 8: "1"
                      LayoutTableCell {TD} at (441,2) size 62x184 [border: (1px solid #008000)] [r=0 c=1 rs=1 cs=1]
                        LayoutText {#text} at (2,2) size 58x180
                          text run at (2,2) width 55: "See, this"
                          text run at (2,20) width 35: "is the"
                          text run at (2,38) width 58: "problem."
                          text run at (2,56) width 40: "S See,"
                          text run at (2,74) width 38: "this is"
                          text run at (2,92) width 20: "the"
                          text run at (2,110) width 58: "problem."
                          text run at (2,128) width 55: "See, this"
                          text run at (2,146) width 35: "is the"
                          text run at (2,164) width 58: "problem."
                      LayoutTableCell {TD} at (505,83) size 12x22 [border: (1px solid #008000)] [r=0 c=2 rs=1 cs=1]
                        LayoutText {#text} at (2,2) size 8x18
                          text run at (2,2) width 8: "3"
      LayoutBlockFlow {P} at (0,732) size 769x0
