layer at (0,0) size 800x600
  LayoutView at (0,0) size 800x600
layer at (0,0) size 800x600
  LayoutBlockFlow {HTML} at (0,0) size 800x600
    LayoutBlockFlow {BODY} at (8,8) size 784x584
      LayoutTable {TABLE} at (0,0) size 784x43
        LayoutTableSection {TBODY} at (0,0) size 784x43
          LayoutTableRow {TR} at (0,0) size 784x43
            LayoutTableCell {TD} at (0,8) size 208x26 [bgcolor=#FFA500] [border: (1px solid #000000)] [r=0 c=0 rs=1 cs=1]
              LayoutText {#text} at (4,4) size 8x18
                text run at (4,4) width 8: "d"
            LayoutTableCell {TD} at (208,0) size 340x43 [bgcolor=#FFA500] [border: (1px solid #000000)] [r=0 c=1 rs=1 cs=1]
              LayoutTable {TABLE} at (4,4) size 332x35
                LayoutTableSection {TBODY} at (0,0) size 332x35
                  LayoutTableRow {TR} at (0,2) size 332x31
                    LayoutTableCell {TD} at (2,2) size 328x31 [bgcolor=#FFA500] [border: (1px solid #000000)] [r=0 c=0 rs=1 cs=1]
                      LayoutTable {TABLE} at (2,2) size 324x27
                        LayoutTableSection {TBODY} at (0,0) size 324x27
                          LayoutTableRow {TR} at (0,2) size 324x23
                            LayoutTableCell {TD} at (2,11) size 40x4 [bgcolor=#FFA500] [border: (1px solid #000000)] [r=0 c=0 rs=1 cs=1]
                            LayoutTableCell {TD} at (44,2) size 236x23 [bgcolor=#FFA500] [border: (1px solid #000000)] [r=0 c=1 rs=1 cs=2]
                              LayoutImage {IMG} at (2,2) size 21x15 [bgcolor=#800080]
                              LayoutText {#text} at (23,3) size 4x18
                                text run at (23,3) width 4: " "
                              LayoutInline {B} at (0,0) size 89x18
                                LayoutText {#text} at (27,3) size 89x18
                                  text run at (27,3) width 89: "Yellow Pages"
                              LayoutText {#text} at (115,3) size 5x18
                                text run at (115,3) width 5: " "
                              LayoutImage {IMG} at (119.42,2) size 21x15 [bgcolor=#800080]
                              LayoutText {#text} at (140,3) size 5x18
                                text run at (140,3) width 5: " "
                              LayoutInline {B} at (0,0) size 86x18
                                LayoutText {#text} at (144,3) size 86x18
                                  text run at (144,3) width 86: "White Pages"
                              LayoutText {#text} at (229,3) size 5x18
                                text run at (229,3) width 5: " "
                            LayoutTableCell {TD} at (282,11) size 40x4 [bgcolor=#FFA500] [border: (1px solid #000000)] [r=0 c=3 rs=1 cs=1]
            LayoutTableCell {TD} at (548,0) size 236x42 [bgcolor=#FFA500] [border: (1px solid #000000)] [r=0 c=2 rs=1 cs=1]
              LayoutTable {TABLE} at (4,4) size 228x34
                LayoutTableSection {TBODY} at (0,0) size 228x34
                  LayoutTableRow {TR} at (0,2) size 228x30
                    LayoutTableCell {TD} at (2,2) size 224x30 [bgcolor=#FFA500] [border: (1px solid #000000)] [r=0 c=0 rs=1 cs=1]
                      LayoutTable {TABLE} at (2,2) size 220x26
                        LayoutTableSection {TBODY} at (0,0) size 220x26
                          LayoutTableRow {TR} at (0,2) size 220x22
                            LayoutTableCell {TD} at (2,2) size 216x22 [bgcolor=#FFA500] [border: (1px solid #000000)] [r=0 c=0 rs=1 cs=1]
                              LayoutImage {IMG} at (2,2) size 212x18 [bgcolor=#800080]
                              LayoutText {#text} at (0,0) size 0x0
      LayoutBlockFlow {P} at (0,59) size 784x0
      LayoutTable {TABLE} at (0,59) size 784x43
        LayoutTableSection {TBODY} at (0,0) size 784x43
          LayoutTableRow {TR} at (0,0) size 784x43
            LayoutTableCell {TD} at (0,8) size 219x26 [bgcolor=#FFA500] [border: (1px solid #000000)] [r=0 c=0 rs=1 cs=1]
              LayoutText {#text} at (4,4) size 8x18
                text run at (4,4) width 8: "d"
            LayoutTableCell {TD} at (219,0) size 329x43 [bgcolor=#FFA500] [border: (1px solid #000000)] [r=0 c=1 rs=1 cs=1]
              LayoutTable {TABLE} at (4,4) size 321x35
                LayoutTableSection {TBODY} at (0,0) size 321x35
                  LayoutTableRow {TR} at (0,2) size 321x31
                    LayoutTableCell {TD} at (2,2) size 317x31 [bgcolor=#FFA500] [border: (1px solid #000000)] [r=0 c=0 rs=1 cs=1]
                      LayoutTable {TABLE} at (2,2) size 313x27
                        LayoutTableSection {TBODY} at (0,0) size 313x27
                          LayoutTableRow {TR} at (0,2) size 313x23
                            LayoutTableCell {TD} at (2,11) size 34x4 [bgcolor=#FFA500] [border: (1px solid #000000)] [r=0 c=0 rs=1 cs=1]
                            LayoutTableCell {TD} at (38,2) size 236x23 [bgcolor=#FFA500] [border: (1px solid #000000)] [r=0 c=1 rs=1 cs=2]
                              LayoutImage {IMG} at (2,2) size 21x15 [bgcolor=#800080]
                              LayoutText {#text} at (23,3) size 4x18
                                text run at (23,3) width 4: " "
                              LayoutInline {B} at (0,0) size 89x18
                                LayoutText {#text} at (27,3) size 89x18
                                  text run at (27,3) width 89: "Yellow Pages"
                              LayoutText {#text} at (115,3) size 5x18
                                text run at (115,3) width 5: " "
                              LayoutImage {IMG} at (119.42,2) size 21x15 [bgcolor=#800080]
                              LayoutText {#text} at (140,3) size 5x18
                                text run at (140,3) width 5: " "
                              LayoutInline {B} at (0,0) size 86x18
                                LayoutText {#text} at (144,3) size 86x18
                                  text run at (144,3) width 86: "White Pages"
                              LayoutText {#text} at (229,3) size 5x18
                                text run at (229,3) width 5: " "
                            LayoutTableCell {TD} at (276,11) size 35x4 [bgcolor=#FFA500] [border: (1px solid #000000)] [r=0 c=3 rs=1 cs=1]
            LayoutTableCell {TD} at (548,0) size 236x42 [bgcolor=#FFA500] [border: (1px solid #000000)] [r=0 c=2 rs=1 cs=1]
              LayoutTable {TABLE} at (4,4) size 228x34
                LayoutTableSection {TBODY} at (0,0) size 228x34
                  LayoutTableRow {TR} at (0,2) size 228x30
                    LayoutTableCell {TD} at (2,2) size 224x30 [bgcolor=#FFA500] [border: (1px solid #000000)] [r=0 c=0 rs=1 cs=1]
                      LayoutTable {TABLE} at (2,2) size 220x26
                        LayoutTableSection {TBODY} at (0,0) size 220x26
                          LayoutTableRow {TR} at (0,2) size 220x22
                            LayoutTableCell {TD} at (2,2) size 216x22 [bgcolor=#FFA500] [border: (1px solid #000000)] [r=0 c=0 rs=1 cs=1]
                              LayoutImage {IMG} at (2,2) size 212x18 [bgcolor=#800080]
                              LayoutText {#text} at (0,0) size 0x0
