layer at (0,0) size 800x600
  LayoutView at (0,0) size 800x600
layer at (0,0) size 800x600
  LayoutBlockFlow {HTML} at (0,0) size 800x600
    LayoutBlockFlow {BODY} at (8,8) size 784x584
      LayoutTable (floating) {TABLE} at (712,0) size 72x30
        LayoutTableSection {TBODY} at (0,0) size 72x30
          LayoutTableRow {TR} at (0,2) size 72x26
            LayoutTableCell {TD} at (2,2) size 68x26 [r=0 c=0 rs=1 cs=1]
              LayoutBlockFlow (floating) {DIV} at (1,1) size 66x24
                LayoutTable (floating) {TABLE} at (0,0) size 66x24
                  LayoutTableSection {TBODY} at (0,0) size 66x24
                    LayoutTableRow {TR} at (0,2) size 66x20
                      LayoutTableCell {TD} at (2,2) size 10x20 [r=0 c=0 rs=1 cs=1]
                        LayoutText {#text} at (1,1) size 8x18
                          text run at (1,1) width 8: "a"
                      LayoutTableCell {TD} at (14,2) size 38x20 [r=0 c=1 rs=1 cs=1]
                        LayoutText {#text} at (1,1) size 36x18
                          text run at (1,1) width 36: "Hello"
                      LayoutTableCell {TD} at (54,2) size 10x20 [r=0 c=2 rs=1 cs=1]
                        LayoutText {#text} at (1,1) size 8x18
                          text run at (1,1) width 8: "c"
