layer at (0,0) size 800x600 clip at (0,0) size 785x600 scrollHeight 809
  LayoutView at (0,0) size 800x600
layer at (0,0) size 785x809 backgroundClip at (0,0) size 785x600 clip at (0,0) size 785x600
  LayoutBlockFlow {HTML} at (0,0) size 785x809
    LayoutBlockFlow {BODY} at (8,8) size 769x793
      LayoutTable {TABLE} at (0,0) size 338x793
        LayoutTableSection {TBODY} at (0,0) size 338x793
          LayoutTableRow {TR} at (0,0) size 26x793
            LayoutTableCell {TD} at (0,0) size 26x793 [border: (1px solid #008000)] [r=0 c=0 rs=1 cs=3]
              LayoutText {#text} at (4,4) size 18x239
                text run at (4,4) width 145: "   Join Now   Sign In   "
                text run at (4,148) width 95: "   Personalize: "
              LayoutInline {A} at (0,0) size 18x53
                LayoutText {#text} at (4,242) size 18x53
                  text run at (4,242) width 52: "Settings"
              LayoutText {#text} at (4,294) size 18x14
                text run at (4,294) width 14: " \x{2022} "
              LayoutInline {A} at (0,0) size 18x52
                LayoutText {#text} at (4,307) size 18x52
                  text run at (4,307) width 51: "Content"
              LayoutText {#text} at (4,358) size 18x15
                text run at (4,358) width 14: " \x{2022} "
              LayoutInline {A} at (0,0) size 18x46
                LayoutText {#text} at (4,372) size 18x46
                  text run at (4,372) width 46: "Layout"
              LayoutText {#text} at (4,417) size 18x14
                text run at (4,417) width 14: " \x{2022} "
              LayoutInline {A} at (0,0) size 18x115
                LayoutText {#text} at (4,430) size 18x115
                  text run at (4,430) width 114: "Colors & Themes"
              LayoutText {#text} at (4,544) size 18x15
                text run at (4,544) width 14: " \x{2022} "
              LayoutInline {A} at (0,0) size 18x47
                LayoutText {#text} at (4,558) size 18x47
                  text run at (4,558) width 47: "Sign In"
              LayoutText {#text} at (4,604) size 18x186
                text run at (4,604) width 8: "  "
                text run at (4,612) width 92: "   My Links:   "
                text run at (4,704) width 86: "  Lite \x{2022} Email"
          LayoutTableRow {TR} at (26,0) size 312x793
            LayoutTableCell {TD} at (26,152) size 312x-82 [border: (1px solid #008000)] [r=1 c=0 rs=1 cs=1]
            LayoutTableCell {TD} at (26,222) size 312x349 [border: (1px solid #008000)] [r=1 c=1 rs=1 cs=1]
              LayoutTable {TABLE} at (4,4) size 304x341
                LayoutTableSection {TBODY} at (0,0) size 304x341
                  LayoutTableRow {TR} at (2,0) size 300x341
                    LayoutTableCell {TD} at (2,2) size 300x337 [border: (1px solid #008000)] [r=0 c=0 rs=1 cs=1]
                      LayoutTable {TABLE} at (2,2) size 296x333
                        LayoutTableSection {TBODY} at (0,0) size 296x333
                          LayoutTableRow {TR} at (2,0) size 292x333
                            LayoutTableCell {TD} at (2,146) size 292x-162 [border: (1px solid #008000)] [r=0 c=0 rs=1 cs=1]
                            LayoutTableCell {TD} at (2,130) size 292x72 [border: (1px solid #008000)] [r=0 c=1 rs=1 cs=1]
                              LayoutText {#text} at (2,2) size 288x68
                                text run at (2,2) width 57: "This guy"
                                text run at (20,2) width 43: "should"
                                text run at (38,2) width 54: "have the"
                                text run at (56,2) width 61: "really big"
                                text run at (74,2) width 68: "maxwidth."
                                text run at (92,2) width 14: "It "
                                text run at (92,15) width 43: "should"
                                text run at (110,2) width 40: "be big"
                                text run at (128,2) width 64: "enough to"
                                text run at (146,2) width 37: "really"
                                text run at (164,2) width 37: "really"
                                text run at (182,2) width 38: "screw"
                                text run at (200,2) width 64: "things up."
                                text run at (218,2) width 44: "That is"
                                text run at (236,2) width 41: "what I"
                                text run at (254,2) width 62: "think will"
                                text run at (272,2) width 37: "work."
                            LayoutTableCell {TD} at (2,348) size 292x-161 [border: (1px solid #008000)] [r=0 c=2 rs=1 cs=1]
            LayoutTableCell {TD} at (26,714) size 312x-64 [border: (1px solid #008000)] [r=1 c=2 rs=1 cs=1]
              LayoutImage {IMG} at (147,-139) size 18x212
              LayoutText {#text} at (0,0) size 0x0
