layer at (0,0) size 800x600
  LayoutView at (0,0) size 800x600
layer at (0,0) size 800x600
  LayoutBlockFlow {HTML} at (0,0) size 800x600
    LayoutBlockFlow {BODY} at (8,8) size 784x584
      LayoutBlockFlow (anonymous) at (0,0) size 784x18
        LayoutText {#text} at (0,0) size 279x18
          text run at (0,0) width 279: "These two tables should be the same width."
      LayoutTable {TABLE} at (0,18) size 320x22
        LayoutTableSection {TBODY} at (0,0) size 320x22
          LayoutTableRow {TR} at (0,0) size 320x22
            LayoutTableCell {TD} at (0,0) size 70x20 [border: (1px solid #008000)] [r=0 c=0 rs=1 cs=1]
              LayoutText {#text} at (1,1) size 8x18
                text run at (1,1) width 8: "1"
            LayoutTableCell {TD} at (70,0) size 244x20 [border: (1px solid #008000)] [r=0 c=1 rs=1 cs=1]
              LayoutText {#text} at (1,1) size 8x18
                text run at (1,1) width 8: "2"
            LayoutTableCell {TD} at (314,0) size 6x22 [border: (1px solid #008000)] [r=0 c=2 rs=1 cs=1]
              LayoutImage {IMG} at (1,1) size 4x20 [bgcolor=#FFA500]
      LayoutBlockFlow {P} at (0,56) size 784x0
      LayoutTable {TABLE} at (0,56) size 320x40
        LayoutTableSection {TBODY} at (0,0) size 320x40
          LayoutTableRow {TR} at (0,0) size 320x20
            LayoutTableCell {TD} at (0,0) size 64x20 [border: (1px solid #008000)] [r=0 c=0 rs=1 cs=1]
              LayoutText {#text} at (1,1) size 8x18
                text run at (1,1) width 8: "1"
            LayoutTableCell {TD} at (64,4) size 256x12 [border: (1px solid #008000)] [r=0 c=1 rs=1 cs=1]
              LayoutImage {IMG} at (1,1) size 254x10 [bgcolor=#FFA500]
          LayoutTableRow {TR} at (0,20) size 320x20
            LayoutTableCell {TD} at (0,20) size 320x20 [border: (1px solid #008000)] [r=1 c=0 rs=1 cs=3]
              LayoutText {#text} at (1,1) size 8x18
                text run at (1,1) width 8: "1"
