layer at (0,0) size 800x600
  LayoutView at (0,0) size 800x600
layer at (0,0) size 800x600
  LayoutBlockFlow {HTML} at (0,0) size 800x600
    LayoutBlockFlow {BODY} at (8,8) size 784x584
      LayoutBlockFlow (anonymous) at (0,0) size 784x18
        LayoutText {#text} at (0,0) size 282x18
          text run at (0,0) width 282: "These two tables should be the same height."
      LayoutBlockFlow {DIV} at (0,18) size 78x320
        LayoutTable {TABLE} at (0,0) size 22x320
          LayoutTableSection {TBODY} at (0,0) size 22x320
            LayoutTableRow {TR} at (0,0) size 22x320
              LayoutTableCell {TD} at (0,0) size 22x68 [border: (1px solid #008000)] [r=0 c=0 rs=1 cs=1]
                LayoutText {#text} at (1,1) size 18x8
                  text run at (1,1) width 8: "1"
              LayoutTableCell {TD} at (0,70) size 22x242 [border: (1px solid #008000)] [r=0 c=1 rs=1 cs=1]
                LayoutText {#text} at (1,1) size 18x8
                  text run at (1,1) width 8: "2"
              LayoutTableCell {TD} at (0,314) size 22x6 [border: (1px solid #008000)] [r=0 c=2 rs=1 cs=1]
                LayoutImage {IMG} at (1,1) size 20x4 [bgcolor=#FFA500]
        LayoutBlockFlow {P} at (38,0) size 0x320
        LayoutTable {TABLE} at (38,0) size 40x320
          LayoutTableSection {TBODY} at (0,0) size 40x320
            LayoutTableRow {TR} at (0,0) size 20x320
              LayoutTableCell {TD} at (0,0) size 20x64 [border: (1px solid #008000)] [r=0 c=0 rs=1 cs=1]
                LayoutText {#text} at (1,1) size 18x8
                  text run at (1,1) width 8: "1"
              LayoutTableCell {TD} at (0,68) size 20x248 [border: (1px solid #008000)] [r=0 c=1 rs=1 cs=1]
                LayoutImage {IMG} at (5,-3) size 10x254 [bgcolor=#FFA500]
            LayoutTableRow {TR} at (20,0) size 20x320
              LayoutTableCell {TD} at (20,0) size 20x320 [border: (1px solid #008000)] [r=1 c=0 rs=1 cs=3]
                LayoutText {#text} at (1,1) size 18x8
                  text run at (1,1) width 8: "1"
