layer at (0,0) size 800x600 scrollWidth 1064 scrollHeight 1276
  LayoutView at (0,0) size 800x600
layer at (0,0) size 800x1276 backgroundClip at (0,0) size 800x600 clip at (0,0) size 800x600
  LayoutBlockFlow {HTML} at (0,0) size 800x1276
    LayoutBlockFlow {BODY} at (8,8) size 784x1260
      LayoutTable {TABLE} at (0,0) size 1056x1260
        LayoutTableSection {TBODY} at (0,0) size 1056x1260
          LayoutTableRow {TR} at (0,2) size 1056x1256
            LayoutTableCell {TD} at (2,629) size 2x2 [r=0 c=0 rs=1 cs=1]
            LayoutTableCell {TD} at (6,2) size 1048x1256 [r=0 c=1 rs=1 cs=1]
              LayoutBlockFlow {DIV} at (1,1) size 1046x1254 [bgcolor=#A9AFB8]
                LayoutText {#text} at (0,0) size 301x18
                  text run at (0,0) width 107: "This cell should "
                  text run at (106,0) width 195: "be huge and 1000 pixels wide."
