layer at (0,0) size 800x600
  LayoutView at (0,0) size 800x600
layer at (0,0) size 800x58
  LayoutBlockFlow {html} at (0,0) size 800x58
    LayoutBlockFlow {body} at (8,8) size 784x42
      LayoutTable {table} at (0,0) size 83x24
        LayoutTableSection (anonymous) at (0,0) size 83x24
          LayoutTableRow {tr} at (0,2) size 83x20
            LayoutTableCell {td} at (2,2) size 79x20 [r=0 c=0 rs=1 cs=1]
              LayoutText {#text} at (1,1) size 77x18
                text run at (1,1) width 77: "Hello world"
      LayoutBlockFlow (anonymous) at (0,24) size 784x18
        LayoutText {#text} at (0,0) size 219x18
          text run at (0,0) width 219: "Hello also? Why isn't this visible?"
