layer at (0,0) size 800x600 scrollHeight 636
  LayoutView at (0,0) size 800x600
layer at (0,0) size 800x636 backgroundClip at (0,0) size 800x600 clip at (0,0) size 800x600
  LayoutBlockFlow {HTML} at (0,0) size 800x636
    LayoutBlockFlow {BODY} at (8,8) size 784x620
      LayoutBlockFlow (anonymous) at (0,0) size 784x36
        LayoutText {#text} at (0,0) size 768x36
          text run at (0,0) width 278: "The two rows below should look identical. "
          text run at (277,0) width 491: "In both, the spanning cells in columns 2-3 should consume as much width as"
          text run at (0,18) width 258: "possible, while column 1 should be tiny."
      LayoutTable {TABLE} at (0,36) size 54x584 [border: (2px outset #808080)]
        LayoutTableSection {TBODY} at (2,2) size 50x580
          LayoutTableRow {TR} at (2,0) size 22x580
            LayoutTableCell {TD} at (2,2) size 22x12 [border: (1px inset #808080)] [r=0 c=0 rs=1 cs=1]
              LayoutText {#text} at (2,2) size 18x8
                text run at (2,2) width 8: "1"
            LayoutTableCell {TD} at (2,16) size 22x562 [border: (1px inset #808080)] [r=0 c=1 rs=1 cs=2]
              LayoutText {#text} at (2,2) size 18x22
                text run at (2,2) width 22: "2-3"
          LayoutTableRow {TR} at (26,0) size 22x580
            LayoutTableCell {TD} at (26,2) size 22x12 [border: (1px inset #808080)] [r=1 c=0 rs=1 cs=1]
              LayoutText {#text} at (2,2) size 18x8
                text run at (2,2) width 8: "1"
            LayoutTableCell {TD} at (26,16) size 22x562 [border: (1px inset #808080)] [r=1 c=1 rs=1 cs=2]
              LayoutText {#text} at (2,2) size 18x22
                text run at (2,2) width 22: "2-3"
