layer at (0,0) size 800x600
  LayoutView at (0,0) size 800x600
layer at (0,0) size 800x600
  LayoutBlockFlow {HTML} at (0,0) size 800x600
    LayoutBlockFlow {BODY} at (8,8) size 784x576
      LayoutTable {TABLE} at (0,0) size 183x49 [border: (1px outset #808080)]
        LayoutTableSection {TBODY} at (1,1) size 181x47
          LayoutTableRow {TR} at (0,1) size 181x22
            LayoutTableCell {TH} at (1,1) size 35x22 [border: (1px inset #808080)] [r=0 c=0 rs=1 cs=1]
              LayoutText {#text} at (2,2) size 31x18
                text run at (2,2) width 31: "(1,1)"
            LayoutTableCell {TH} at (37,1) size 35x22 [border: (1px inset #808080)] [r=0 c=1 rs=1 cs=1]
              LayoutText {#text} at (2,2) size 31x18
                text run at (2,2) width 31: "(1,2)"
            LayoutTableCell {TH} at (73,1) size 35x22 [border: (1px inset #808080)] [r=0 c=2 rs=1 cs=1]
              LayoutText {#text} at (2,2) size 31x18
                text run at (2,2) width 31: "(1,3)"
            LayoutTableCell {TH} at (109,1) size 35x22 [border: (1px inset #808080)] [r=0 c=3 rs=1 cs=1]
              LayoutText {#text} at (2,2) size 31x18
                text run at (2,2) width 31: "(1,4)"
            LayoutTableCell {TH} at (145,1) size 35x22 [border: (1px inset #808080)] [r=0 c=4 rs=1 cs=1]
              LayoutText {#text} at (2,2) size 31x18
                text run at (2,2) width 31: "(1,5)"
          LayoutTableRow {TR} at (0,24) size 181x22
            LayoutTableCell {TD} at (1,24) size 35x22 [border: (1px inset #808080)] [r=1 c=0 rs=1 cs=1]
              LayoutText {#text} at (2,2) size 31x18
                text run at (2,2) width 31: "(2,1)"
            LayoutTableCell {TD} at (37,24) size 35x22 [border: (1px inset #808080)] [r=1 c=1 rs=1 cs=1]
              LayoutText {#text} at (2,2) size 31x18
                text run at (2,2) width 31: "(2,2)"
            LayoutTableCell {TD} at (73,24) size 35x22 [border: (1px inset #808080)] [r=1 c=2 rs=1 cs=1]
              LayoutText {#text} at (2,2) size 31x18
                text run at (2,2) width 31: "(2,3)"
            LayoutTableCell {TD} at (109,24) size 35x22 [border: (1px inset #808080)] [r=1 c=3 rs=1 cs=1]
              LayoutText {#text} at (2,2) size 31x18
                text run at (2,2) width 31: "(2,4)"
            LayoutTableCell {TD} at (145,24) size 35x22 [border: (1px inset #808080)] [r=1 c=4 rs=1 cs=1]
              LayoutText {#text} at (2,2) size 31x18
                text run at (2,2) width 31: "(2,5)"
      LayoutBlockFlow {P} at (0,65) size 784x36
        LayoutInline {B} at (0,0) size 49x18
          LayoutText {#text} at (0,0) size 49x18
            text run at (0,0) width 49: "Row 0:"
        LayoutText {#text} at (48,0) size 174x18
          text run at (48,0) width 174: " (1,1)\x{9}(1,2)\x{9}(1,3)\x{9}(1,4)\x{9}(1,5)"
        LayoutBR {BR} at (221,14) size 1x0
        LayoutInline {B} at (0,0) size 49x18
          LayoutText {#text} at (0,18) size 49x18
            text run at (0,18) width 49: "Row 1:"
        LayoutText {#text} at (48,18) size 174x18
          text run at (48,18) width 174: " (2,1)\x{9}(2,2)\x{9}(2,3)\x{9}(2,4)\x{9}(2,5)"
        LayoutBR {BR} at (221,32) size 1x0
