layer at (0,0) size 800x600
  LayoutView at (0,0) size 800x600
layer at (0,0) size 800x327
  LayoutBlockFlow {HTML} at (0,0) size 800x326.88
    LayoutBlockFlow {BODY} at (8,18.72) size 784x300.16
      LayoutBlockFlow {H3} at (0,0) size 784x22
        LayoutText {#text} at (0,0) size 226x22
          text run at (0,0) width 226: "ROWSPAN of 1024 - Works"
      LayoutTable {TABLE} at (0,40.72) size 171x100 [border: (1px outset #808080)]
        LayoutTableSection {TBODY} at (1,1) size 169x98
          LayoutTableRow {TR} at (0,2) size 169x22
            LayoutTableCell {TD} at (2,2) size 47x22 [border: (1px inset #808080)] [r=0 c=0 rs=1 cs=1]
              LayoutText {#text} at (2,2) size 43x18
                text run at (2,2) width 43: "header"
            LayoutTableCell {TD} at (51,38) size 8x22 [bgcolor=#000000] [border: (1px inset #808080)] [r=0 c=1 rs=1024 cs=1]
              LayoutText {#text} at (2,2) size 4x18
                text run at (2,2) width 4: " "
            LayoutTableCell {TD} at (61,2) size 47x22 [border: (1px inset #808080)] [r=0 c=2 rs=1 cs=1]
              LayoutText {#text} at (2,2) size 43x18
                text run at (2,2) width 43: "header"
            LayoutTableCell {TD} at (110,38) size 8x22 [bgcolor=#000000] [border: (1px inset #808080)] [r=0 c=3 rs=1024 cs=1]
              LayoutText {#text} at (2,2) size 4x18
                text run at (2,2) width 4: " "
            LayoutTableCell {TD} at (120,2) size 47x22 [border: (1px inset #808080)] [r=0 c=4 rs=1 cs=1]
              LayoutText {#text} at (2,2) size 43x18
                text run at (2,2) width 43: "header"
          LayoutTableRow {TR} at (0,26) size 169x22
            LayoutTableCell {TD} at (2,26) size 47x22 [border: (1px inset #808080)] [r=1 c=0 rs=1 cs=1]
              LayoutText {#text} at (2,2) size 42x18
                text run at (2,2) width 42: "foobar"
            LayoutTableCell {TD} at (61,26) size 47x22 [border: (1px inset #808080)] [r=1 c=2 rs=1 cs=1]
              LayoutText {#text} at (2,2) size 42x18
                text run at (2,2) width 42: "foobar"
            LayoutTableCell {TD} at (120,26) size 47x22 [border: (1px inset #808080)] [r=1 c=4 rs=1 cs=1]
              LayoutText {#text} at (2,2) size 42x18
                text run at (2,2) width 42: "foobar"
          LayoutTableRow {TR} at (0,50) size 169x22
            LayoutTableCell {TD} at (2,50) size 47x22 [border: (1px inset #808080)] [r=2 c=0 rs=1 cs=1]
              LayoutText {#text} at (2,2) size 42x18
                text run at (2,2) width 42: "foobar"
            LayoutTableCell {TD} at (61,50) size 47x22 [border: (1px inset #808080)] [r=2 c=2 rs=1 cs=1]
              LayoutText {#text} at (2,2) size 42x18
                text run at (2,2) width 42: "foobar"
            LayoutTableCell {TD} at (120,50) size 47x22 [border: (1px inset #808080)] [r=2 c=4 rs=1 cs=1]
              LayoutText {#text} at (2,2) size 42x18
                text run at (2,2) width 42: "foobar"
          LayoutTableRow {TR} at (0,74) size 169x22
            LayoutTableCell {TD} at (2,74) size 47x22 [border: (1px inset #808080)] [r=3 c=0 rs=1 cs=1]
              LayoutText {#text} at (2,2) size 42x18
                text run at (2,2) width 42: "foobar"
            LayoutTableCell {TD} at (61,74) size 47x22 [border: (1px inset #808080)] [r=3 c=2 rs=1 cs=1]
              LayoutText {#text} at (2,2) size 42x18
                text run at (2,2) width 42: "foobar"
            LayoutTableCell {TD} at (120,74) size 47x22 [border: (1px inset #808080)] [r=3 c=4 rs=1 cs=1]
              LayoutText {#text} at (2,2) size 42x18
                text run at (2,2) width 42: "foobar"
      LayoutBlockFlow {H3} at (0,159.44) size 784x22
        LayoutText {#text} at (0,0) size 283x22
          text run at (0,0) width 283: "ROWSPAN of 1025 - Doesn't Work"
      LayoutTable {TABLE} at (0,200.16) size 171x100 [border: (1px outset #808080)]
        LayoutTableSection {TBODY} at (1,1) size 169x98
          LayoutTableRow {TR} at (0,2) size 169x22
            LayoutTableCell {TD} at (2,2) size 47x22 [border: (1px inset #808080)] [r=0 c=0 rs=1 cs=1]
              LayoutText {#text} at (2,2) size 43x18
                text run at (2,2) width 43: "header"
            LayoutTableCell {TD} at (51,38) size 8x22 [bgcolor=#000000] [border: (1px inset #808080)] [r=0 c=1 rs=1026 cs=1]
              LayoutText {#text} at (2,2) size 4x18
                text run at (2,2) width 4: " "
            LayoutTableCell {TD} at (61,2) size 47x22 [border: (1px inset #808080)] [r=0 c=2 rs=1 cs=1]
              LayoutText {#text} at (2,2) size 43x18
                text run at (2,2) width 43: "header"
            LayoutTableCell {TD} at (110,38) size 8x22 [bgcolor=#000000] [border: (1px inset #808080)] [r=0 c=3 rs=1026 cs=1]
              LayoutText {#text} at (2,2) size 4x18
                text run at (2,2) width 4: " "
            LayoutTableCell {TD} at (120,2) size 47x22 [border: (1px inset #808080)] [r=0 c=4 rs=1 cs=1]
              LayoutText {#text} at (2,2) size 43x18
                text run at (2,2) width 43: "header"
          LayoutTableRow {TR} at (0,26) size 169x22
            LayoutTableCell {TD} at (2,26) size 47x22 [border: (1px inset #808080)] [r=1 c=0 rs=1 cs=1]
              LayoutText {#text} at (2,2) size 42x18
                text run at (2,2) width 42: "foobar"
            LayoutTableCell {TD} at (61,26) size 47x22 [border: (1px inset #808080)] [r=1 c=2 rs=1 cs=1]
              LayoutText {#text} at (2,2) size 42x18
                text run at (2,2) width 42: "foobar"
            LayoutTableCell {TD} at (120,26) size 47x22 [border: (1px inset #808080)] [r=1 c=4 rs=1 cs=1]
              LayoutText {#text} at (2,2) size 42x18
                text run at (2,2) width 42: "foobar"
          LayoutTableRow {TR} at (0,50) size 169x22
            LayoutTableCell {TD} at (2,50) size 47x22 [border: (1px inset #808080)] [r=2 c=0 rs=1 cs=1]
              LayoutText {#text} at (2,2) size 42x18
                text run at (2,2) width 42: "foobar"
            LayoutTableCell {TD} at (61,50) size 47x22 [border: (1px inset #808080)] [r=2 c=2 rs=1 cs=1]
              LayoutText {#text} at (2,2) size 42x18
                text run at (2,2) width 42: "foobar"
            LayoutTableCell {TD} at (120,50) size 47x22 [border: (1px inset #808080)] [r=2 c=4 rs=1 cs=1]
              LayoutText {#text} at (2,2) size 42x18
                text run at (2,2) width 42: "foobar"
          LayoutTableRow {TR} at (0,74) size 169x22
            LayoutTableCell {TD} at (2,74) size 47x22 [border: (1px inset #808080)] [r=3 c=0 rs=1 cs=1]
              LayoutText {#text} at (2,2) size 42x18
                text run at (2,2) width 42: "foobar"
            LayoutTableCell {TD} at (61,74) size 47x22 [border: (1px inset #808080)] [r=3 c=2 rs=1 cs=1]
              LayoutText {#text} at (2,2) size 42x18
                text run at (2,2) width 42: "foobar"
            LayoutTableCell {TD} at (120,74) size 47x22 [border: (1px inset #808080)] [r=3 c=4 rs=1 cs=1]
              LayoutText {#text} at (2,2) size 42x18
                text run at (2,2) width 42: "foobar"
