layer at (0,0) size 800x600
  LayoutView at (0,0) size 800x600
layer at (0,0) size 800x600
  LayoutBlockFlow {HTML} at (0,0) size 800x600
    LayoutBlockFlow {BODY} at (8,8) size 784x584
      LayoutBlockFlow {P} at (0,0) size 784x18
        LayoutText {#text} at (0,0) size 54x18
          text run at (0,0) width 54: "Test for "
        LayoutInline {I} at (0,0) size 662x18
          LayoutInline {A} at (0,0) size 305x18 [color=#0000EE]
            LayoutText {#text} at (53,0) size 305x18
              text run at (53,0) width 305: "http://bugs.webkit.org/show_bug.cgi?id=13670"
          LayoutText {#text} at (357,0) size 358x18
            text run at (357,0) width 5: " "
            text run at (361,0) width 354: "Table misrender when one of the TDs has width=100%"
        LayoutText {#text} at (714,0) size 5x18
          text run at (714,0) width 5: "."
      LayoutBlockFlow {P} at (0,34) size 784x18
        LayoutText {#text} at (0,0) size 568x18
          text run at (0,0) width 568: "There should be one green vertical line, 100px long and 2px thick, near the right margin."
      LayoutTable {TABLE} at (0,68) size 784x50
        LayoutTableSection {TBODY} at (0,0) size 784x50
          LayoutTableRow {TR} at (0,0) size 784x50
            LayoutTableCell {TD} at (0,25) size 782x0 [r=0 c=0 rs=1 cs=1]
            LayoutTableCell {TD} at (782,0) size 2x50 [r=0 c=1 rs=1 cs=1]
              LayoutBlockFlow {DIV} at (0,0) size 2x50 [bgcolor=#008000]
      LayoutBlockFlow {DIV} at (0,118) size 784x50
        LayoutBlockFlow {DIV} at (782,0) size 2x50 [bgcolor=#008000]
