layer at (0,0) size 800x600
  LayoutView at (0,0) size 800x600
layer at (0,0) size 800x600
  LayoutBlockFlow {HTML} at (0,0) size 800x600
    LayoutBlockFlow {BODY} at (8,8) size 784x584
      LayoutBlockFlow {P} at (0,0) size 784x36
        LayoutText {#text} at (0,0) size 218x18
          text run at (0,0) width 218: "This tests for a regression against "
        LayoutInline {I} at (0,0) size 776x36
          LayoutInline {A} at (0,0) size 354x18 [color=#0000EE]
            LayoutText {#text} at (217,0) size 354x18
              text run at (217,0) width 354: "http://bugzilla.opendarwin.org/show_bug.cgi?id=5868"
          LayoutText {#text} at (570,0) size 776x36
            text run at (570,0) width 5: " "
            text run at (574,0) width 202: "Crash on HP.com with ToT and"
            text run at (0,18) width 317: "Safari 2.0.2 in khtml::RenderContainer::detach()"
        LayoutText {#text} at (316,18) size 5x18
          text run at (316,18) width 5: "."
      LayoutBlockFlow {P} at (0,52) size 784x18
        LayoutText {#text} at (0,0) size 733x18
          text run at (0,0) width 410: "There should be two 100x100 squares stacked vertically below. "
          text run at (409,0) width 324: "The green square should be above the blue square."
      LayoutBlockFlow {HR} at (0,86) size 784x2 [border: (1px inset #EEEEEE)]
      LayoutTable {TABLE} at (0,96) size 104x204
        LayoutTableSection {TBODY} at (0,0) size 104x204
          LayoutTableRow (anonymous) at (0,2) size 104x200
            LayoutTableCell (anonymous) at (2,2) size 100x200 [r=0 c=0 rs=1 cs=1]
              LayoutBlockFlow {TR} at (0,0) size 100x100 [bgcolor=#008000]
              LayoutBlockFlow {TR} at (0,100) size 100x100 [bgcolor=#0000FF]
