layer at (0,0) size 800x600
  LayoutView at (0,0) size 800x600
layer at (0,0) size 800x509
  LayoutBlockFlow {HTML} at (0,0) size 800x509
    LayoutBlockFlow {BODY} at (8,8) size 784x20
      LayoutBlockFlow {DIV} at (0,0) size 784x2 [border: (1px solid #008000)]
        LayoutTable (floating) {TABLE} at (1,1) size 400x500 [bgcolor=#FFA500] [border: (1px outset #808080)]
      LayoutBlockFlow (anonymous) at (0,2) size 784x18
        LayoutText {#text} at (401,0) size 86x18
          text run at (401,0) width 86: "More content"
