layer at (0,0) size 800x600
  LayoutView at (0,0) size 800x600
layer at (0,0) size 800x600
  LayoutBlockFlow {HTML} at (0,0) size 800x600
    LayoutBlockFlow {BODY} at (8,8) size 784x584
      LayoutBlockFlow {P} at (0,0) size 784x18
        LayoutText {#text} at (0,0) size 307x18
          text run at (0,0) width 307: "Both rows should have the same width (725px)."
      LayoutTable {TABLE} at (0,34) size 725x36
        LayoutTableSection {TBODY} at (0,0) size 725x36
          LayoutTableRow {TR} at (0,0) size 725x18
            LayoutTableCell {TD} at (0,0) size 181x18 [bgcolor=#7CFC00] [r=0 c=0 rs=1 cs=1]
              LayoutText {#text} at (0,0) size 24x18
                text run at (0,0) width 24: "cell"
            LayoutTableCell {TD} at (181,0) size 181x18 [bgcolor=#00FFFF] [r=0 c=1 rs=1 cs=1]
              LayoutText {#text} at (0,0) size 24x18
                text run at (0,0) width 24: "cell"
            LayoutTableCell {TD} at (362,0) size 181x18 [bgcolor=#FFFF00] [r=0 c=2 rs=1 cs=1]
              LayoutText {#text} at (0,0) size 24x18
                text run at (0,0) width 24: "cell"
            LayoutTableCell {TD} at (543,0) size 182x18 [bgcolor=#FFA500] [r=0 c=3 rs=1 cs=1]
              LayoutText {#text} at (0,0) size 24x18
                text run at (0,0) width 24: "cell"
          LayoutTableRow {TR} at (0,18) size 725x18
            LayoutTableCell {TD} at (0,18) size 181x18 [r=1 c=0 rs=1 cs=1]
              LayoutText {#text} at (0,0) size 4x18
                text run at (0,0) width 4: " "
            LayoutTableCell {TD} at (181,18) size 181x18 [r=1 c=1 rs=1 cs=1]
              LayoutText {#text} at (0,0) size 4x18
                text run at (0,0) width 4: " "
            LayoutTableCell {TD} at (362,18) size 181x18 [r=1 c=2 rs=1 cs=1]
              LayoutText {#text} at (0,0) size 4x18
                text run at (0,0) width 4: " "
            LayoutTableCell {TD} at (543,18) size 182x18 [r=1 c=3 rs=1 cs=1]
              LayoutText {#text} at (0,0) size 4x18
                text run at (0,0) width 4: " "
      LayoutTable {TABLE} at (0,70) size 725x18
        LayoutTableSection {TBODY} at (0,0) size 725x18
          LayoutTableRow {TR} at (0,0) size 725x18
            LayoutTableCell {TD} at (0,0) size 181x18 [bgcolor=#7CFC00] [r=0 c=0 rs=1 cs=1]
              LayoutText {#text} at (0,0) size 8x18
                text run at (0,0) width 8: "1"
            LayoutTableCell {TD} at (181,0) size 181x18 [bgcolor=#00FFFF] [r=0 c=1 rs=1 cs=1]
              LayoutText {#text} at (0,0) size 8x18
                text run at (0,0) width 8: "2"
            LayoutTableCell {TD} at (362,0) size 181x18 [bgcolor=#FFFF00] [r=0 c=2 rs=1 cs=1]
              LayoutText {#text} at (0,0) size 8x18
                text run at (0,0) width 8: "3"
            LayoutTableCell {TD} at (543,0) size 182x18 [bgcolor=#FFA500] [r=0 c=3 rs=1 cs=1]
              LayoutText {#text} at (0,0) size 8x18
                text run at (0,0) width 8: "4"
