layer at (0,0) size 800x600
  LayoutView at (0,0) size 800x600
layer at (0,0) size 800x156
  LayoutBlockFlow {HTML} at (0,0) size 800x156
    LayoutBlockFlow {BODY} at (8,16) size 784x124
      LayoutTable {TABLE} at (16,0) size 86x60 [border: (3px solid #FF0000)]
        LayoutTableSection {TBODY} at (3,3) size 80x54
          LayoutTableRow {TR} at (0,2) size 80x50
            LayoutTableCell {TD} at (2,2) size 76x50 [r=0 c=0 rs=1 cs=1]
              LayoutTable {TABLE} at (1,1) size 72x24 [color=#FFFFFF] [bgcolor=#800080]
                LayoutTableSection {TBODY} at (0,0) size 72x24
                  LayoutTableRow {TR} at (0,2) size 72x20
                    LayoutTableCell {TD} at (2,2) size 68x20 [r=0 c=0 rs=1 cs=1]
                      LayoutText {#text} at (1,1) size 66x18
                        text run at (1,1) width 66: "Table One"
              LayoutTable {TABLE} at (1,25) size 74x24 [color=#FFFFFF] [bgcolor=#800080]
                LayoutTableSection {TBODY} at (0,0) size 74x24
                  LayoutTableRow {TR} at (0,2) size 74x20
                    LayoutTableCell {TD} at (2,2) size 70x20 [r=0 c=0 rs=1 cs=1]
                      LayoutText {#text} at (1,1) size 68x18
                        text run at (1,1) width 68: "Table Two"
      LayoutTable {TABLE} at (16,76) size 69x48 [border: (3px solid #FF0000)]
        LayoutTableSection {TBODY} at (3,3) size 63x42
          LayoutTableRow {TR} at (0,2) size 63x38
            LayoutTableCell {TD} at (2,2) size 59x38 [r=0 c=0 rs=1 cs=1]
              LayoutBlockFlow {DIV} at (1,1) size 57x18 [color=#FFFFFF] [bgcolor=#800080]
                LayoutText {#text} at (0,0) size 55x18
                  text run at (0,0) width 55: "Div One"
              LayoutBlockFlow {DIV} at (1,19) size 57x18 [color=#FFFFFF] [bgcolor=#800080]
                LayoutText {#text} at (0,0) size 57x18
                  text run at (0,0) width 57: "Div Two"
