layer at (0,0) size 800x600 clip at (0,0) size 785x600 scrollHeight 815
  LayoutView at (0,0) size 800x600
layer at (0,0) size 785x815 backgroundClip at (0,0) size 785x600 clip at (0,0) size 785x600
  LayoutBlockFlow {HTML} at (0,0) size 785x815.41
    LayoutBlockFlow {BODY} at (8,15.20) size 769x792.20 [color=#00FF00] [bgcolor=#333333]
      LayoutBlockFlow {H3} at (0,0) size 769x17
        LayoutText {#text} at (0,0) size 411x17
          text run at (0,0) width 411: "crbug.com/35697: Background on 'table-column'"
      LayoutTable {TABLE} at (0,32.20) size 588x436 [color=#FFFFFF] [border: (6px dotted #FFFFFF)]
        LayoutBlockFlow {CAPTION} at (0,0) size 588x22
          LayoutText {#text} at (149,0) size 290x22
            text run at (149,0) width 290: "With 'border-collapse: collapse'"
        LayoutTableCol {COLGROUP} at (0,0) size 0x0
          LayoutTableCol {COL} at (0,0) size 0x0 [bgcolor=#000000] [border: (5px dashed #FFFFFF)]
          LayoutTableCol {COL} at (0,0) size 0x0 [bgcolor=#000000] [border: (9px dashed #FFFFFF)]
          LayoutTableCol {COL} at (0,0) size 0x0 [bgcolor=#000000] [border: (5px dashed #FFFFFF)]
        LayoutTableCol {COLGROUP} at (0,0) size 0x0
          LayoutTableCol {COL} at (0,0) size 0x0
        LayoutTableSection {THEAD} at (2,28) size 584x100
          LayoutTableRow {TR} at (0,0) size 584x100
            LayoutTableCell {TH} at (0,33) size 137x33 [border: (3px dashed #FFFFFF)] [r=0 c=0 rs=1 cs=1]
              LayoutText {#text} at (44,4) size 46x22
                text run at (44,4) width 46: "TH A"
            LayoutTableCell {TH} at (137,31) size 207x37 [border: (7px dotted #FFFFFF)] [r=0 c=1 rs=1 cs=1]
              LayoutText {#text} at (81,8) size 46x22
                text run at (81,8) width 46: "TH B"
            LayoutTableCell {TH} at (344,35) size 125x29 [border: (3px dotted #FFFFFF)] [r=0 c=2 rs=1 cs=1]
              LayoutText {#text} at (42,4) size 46x22
                text run at (42,4) width 46: "TH C"
            LayoutTableCell {TH} at (469,37) size 115x26 [border: (2px dotted #FFFFFF)] [r=0 c=3 rs=1 cs=1]
              LayoutText {#text} at (36,3) size 45x22
                text run at (36,3) width 45: "TH D"
        LayoutTableSection {TFOOT} at (2,318) size 584x115
          LayoutTableRow {TR} at (0,0) size 584x115
            LayoutTableCell {TD} at (0,41) size 344x33 [border: (7px dashed #FFFFFF)] [r=0 c=0 rs=1 cs=2]
              LayoutText {#text} at (4,8) size 47x22
                text run at (4,8) width 47: "TD M"
            LayoutTableCell {TD} at (344,44) size 125x27 [border: (1px dotted #FFFFFF)] [r=0 c=2 rs=1 cs=1]
              LayoutText {#text} at (6,2) size 46x22
                text run at (6,2) width 46: "TD O"
            LayoutTableCell {TD} at (469,44) size 115x26 [border: (1px dotted #FFFFFF)] [r=0 c=3 rs=1 cs=1]
              LayoutText {#text} at (4,2) size 44x22
                text run at (4,2) width 44: "TD P"
        LayoutTableSection {TBODY} at (2,128) size 584x190
          LayoutTableRow {TR} at (0,0) size 584x107
            LayoutTableCell {TD} at (0,76) size 137x37 [border: (7px dotted #FFFFFF)] [r=0 c=0 rs=2 cs=1]
              LayoutText {#text} at (8,8) size 44x22
                text run at (8,8) width 44: "TD E"
            LayoutTableCell {TD} at (137,36) size 207x35 [border: (7px dashed #FFFFFF)] [r=0 c=1 rs=1 cs=1]
              LayoutText {#text} at (8,8) size 43x22
                text run at (8,8) width 43: "TD F"
            LayoutTableCell {TD} at (344,39) size 125x29 [border: (3px dashed #FFFFFF)] [r=0 c=2 rs=1 cs=1]
              LayoutText {#text} at (6,4) size 46x22
                text run at (6,4) width 46: "TD G"
            LayoutTableCell {TD} at (469,41) size 115x25 [border: (1px dotted #FFFFFF)] [r=0 c=3 rs=1 cs=1]
              LayoutText {#text} at (4,2) size 45x22
                text run at (4,2) width 45: "TD H"
          LayoutTableRow {TR} at (0,107) size 584x83
            LayoutTableCell {TD} at (137,133) size 207x31 [border: (5px dotted #FFFFFF)] [r=1 c=1 rs=1 cs=1]
              LayoutText {#text} at (8,6) size 42x22
                text run at (8,6) width 42: "TD J"
            LayoutTableCell {TD} at (344,135) size 125x27 [border: (3px dotted #FFFFFF)] [r=1 c=2 rs=1 cs=1]
              LayoutText {#text} at (6,4) size 45x22
                text run at (6,4) width 45: "TD K"
            LayoutTableCell {TD} at (469,136) size 115x25 [border: (1px dotted #FFFFFF)] [r=1 c=3 rs=1 cs=1]
              LayoutText {#text} at (4,2) size 43x22
                text run at (4,2) width 43: "TD L"
      LayoutBlockFlow {P} at (0,481.20) size 769x15
        LayoutText {#text} at (0,0) size 196x15
          text run at (0,0) width 196: "Three columns are styled."
      LayoutBlockFlow {P} at (0,509.20) size 769x105
        LayoutText {#text} at (0,0) size 765x105
          text run at (0,0) width 742: "In the first column, there should be three vertical stripes along the padding edge of the first"
          text run at (0,15) width 726: "cell, continuing down through the column. (In cell E, the aqua stripe will be obscured by the"
          text run at (0,30) width 765: "thicker right border.) The stripes will cut across cell E as well, but will be further obscured by"
          text run at (0,45) width 749: "its thick border. In the border-collapsed table, the same will happen to the vertical stripes in"
          text run at (0,60) width 765: "cell A due to cell B's thick border. The stripes should continue in the last cell, turning a right"
          text run at (0,75) width 757: "angle to the left into three aqua stripes along the bottom border edge of the last cell. The last"
          text run at (0,90) width 539: "cell (M) should not have three vertical stripes along its right edge."
      LayoutBlockFlow {P} at (0,627.20) size 769x45
        LayoutText {#text} at (0,0) size 749x45
          text run at (0,0) width 749: "In the second column, three vertical strips should run along the right of the first three cells,"
          text run at (0,15) width 742: "aligning along cell F's right padding edge. (The stripes will be partially obscured by cell B's"
          text run at (0,30) width 110: "thick border.)"
      LayoutBlockFlow {P} at (0,685.20) size 769x45
        LayoutText {#text} at (0,0) size 765x45
          text run at (0,0) width 765: "In the third column, there should be three vertical stripes should run across the top of the first"
          text run at (0,15) width 710: "cell and down the left of the column, aligning along cell K's left padding edge. In border-"
          text run at (0,30) width 562: "collapse mode, they will be partially obscured by cell B's thick border."
      LayoutBlockFlow {DIV} at (0,743.20) size 769x34
        LayoutInline {A} at (0,0) size 88x15 [color=#FFFF00]
          LayoutImage {IMG} at (0,0) size 88x31
        LayoutText {#text} at (0,0) size 0x0
      LayoutBlockFlow {ADDRESS} at (0,777.20) size 769x15
        LayoutText {#text} at (0,0) size 687x15
          text run at (0,0) width 687: "CSS2 Table Backgrounds Test Suite designed and written by fantasai <fantasai@escape.com>"
