layer at (0,0) size 800x600 clip at (0,0) size 785x600 scrollHeight 849
  LayoutView at (0,0) size 800x600
layer at (0,0) size 785x849 backgroundClip at (0,0) size 785x600 clip at (0,0) size 785x600
  LayoutBlockFlow {HTML} at (0,0) size 785x849.41
    LayoutBlockFlow {BODY} at (8,15.20) size 769x826.20 [color=#00FF00] [bgcolor=#333333]
      LayoutBlockFlow {H3} at (0,0) size 769x17
        LayoutText {#text} at (0,0) size 411x17
          text run at (0,0) width 411: "crbug.com/35679: Background on 'table-column'"
      LayoutTable {TABLE} at (0,32.20) size 630x470 [color=#FFFFFF] [border: (3px dotted #FFFFFF)]
        LayoutBlockFlow {CAPTION} at (0,0) size 630x22
          LayoutText {#text} at (169,0) size 292x22
            text run at (169,0) width 292: "With 'border-collapse: separate'"
        LayoutTableCol {COLGROUP} at (0,0) size 0x0
          LayoutTableCol {COL} at (0,0) size 0x0 [bgcolor=#000000] [border: (5px dashed #FFFFFF)]
          LayoutTableCol {COL} at (0,0) size 0x0 [bgcolor=#000000] [border: (9px dashed #FFFFFF)]
          LayoutTableCol {COL} at (0,0) size 0x0 [bgcolor=#000000] [border: (5px dashed #FFFFFF)]
        LayoutTableCol {COLGROUP} at (0,0) size 0x0
          LayoutTableCol {COL} at (0,0) size 0x0
        LayoutTableSection {THEAD} at (3,25) size 624x114
          LayoutTableRow {TR} at (0,7) size 624x100
            LayoutTableCell {TH} at (7,40) size 138x34 [border: (5px dashed #FFFFFF)] [r=0 c=0 rs=1 cs=1]
              LayoutText {#text} at (46,6) size 46x22
                text run at (46,6) width 46: "TH A"
            LayoutTableCell {TH} at (152,32) size 220x50 [border: (13px dotted #FFFFFF)] [r=0 c=1 rs=1 cs=1]
              LayoutText {#text} at (87,14) size 46x22
                text run at (87,14) width 46: "TH B"
            LayoutTableCell {TH} at (379,44) size 118x26 [border: (1px dotted #FFFFFF)] [r=0 c=2 rs=1 cs=1]
              LayoutText {#text} at (36,2) size 46x22
                text run at (36,2) width 46: "TH C"
            LayoutTableCell {TH} at (504,44) size 113x26 [border: (1px dotted #FFFFFF)] [r=0 c=3 rs=1 cs=1]
              LayoutText {#text} at (34,2) size 45x22
                text run at (34,2) width 45: "TH D"
        LayoutTableSection {TFOOT} at (3,345) size 624x122
          LayoutTableRow {TR} at (0,0) size 624x115
            LayoutTableCell {TD} at (7,40) size 365x34 [border: (5px dashed #FFFFFF)] [r=0 c=0 rs=1 cs=2]
              LayoutText {#text} at (6,6) size 47x22
                text run at (6,6) width 47: "TD M"
            LayoutTableCell {TD} at (379,44) size 118x26 [border: (1px dotted #FFFFFF)] [r=0 c=2 rs=1 cs=1]
              LayoutText {#text} at (2,2) size 46x22
                text run at (2,2) width 46: "TD O"
            LayoutTableCell {TD} at (504,44) size 113x26 [border: (1px dotted #FFFFFF)] [r=0 c=3 rs=1 cs=1]
              LayoutText {#text} at (2,2) size 44x22
                text run at (2,2) width 44: "TD P"
        LayoutTableSection {TBODY} at (3,139) size 624x206
          LayoutTableRow {TR} at (0,0) size 624x108
            LayoutTableCell {TD} at (7,74) size 138x50 [border: (13px dotted #FFFFFF)] [r=0 c=0 rs=2 cs=1]
              LayoutText {#text} at (14,14) size 44x22
                text run at (14,14) width 44: "TD E"
            LayoutTableCell {TD} at (152,33) size 220x42 [border: (9px dashed #FFFFFF)] [r=0 c=1 rs=1 cs=1]
              LayoutText {#text} at (10,10) size 43x22
                text run at (10,10) width 43: "TD F"
            LayoutTableCell {TD} at (379,37) size 118x34 [border: (5px dashed #FFFFFF)] [r=0 c=2 rs=1 cs=1]
              LayoutText {#text} at (6,6) size 46x22
                text run at (6,6) width 46: "TD G"
            LayoutTableCell {TD} at (504,41) size 113x26 [border: (1px dotted #FFFFFF)] [r=0 c=3 rs=1 cs=1]
              LayoutText {#text} at (2,2) size 45x22
                text run at (2,2) width 45: "TD H"
          LayoutTableRow {TR} at (0,115) size 624x84
            LayoutTableCell {TD} at (152,144) size 220x26 [border: (1px dotted #FFFFFF)] [r=1 c=1 rs=1 cs=1]
              LayoutText {#text} at (2,2) size 42x22
                text run at (2,2) width 42: "TD J"
            LayoutTableCell {TD} at (379,144) size 118x26 [border: (1px dotted #FFFFFF)] [r=1 c=2 rs=1 cs=1]
              LayoutText {#text} at (2,2) size 45x22
                text run at (2,2) width 45: "TD K"
            LayoutTableCell {TD} at (504,144) size 113x26 [border: (1px dotted #FFFFFF)] [r=1 c=3 rs=1 cs=1]
              LayoutText {#text} at (2,2) size 43x22
                text run at (2,2) width 43: "TD L"
      LayoutBlockFlow {P} at (0,515.20) size 769x15
        LayoutText {#text} at (0,0) size 196x15
          text run at (0,0) width 196: "Three columns are styled."
      LayoutBlockFlow {P} at (0,543.20) size 769x105
        LayoutText {#text} at (0,0) size 765x105
          text run at (0,0) width 742: "In the first column, there should be three vertical stripes along the padding edge of the first"
          text run at (0,15) width 726: "cell, continuing down through the column. (In cell E, the aqua stripe will be obscured by the"
          text run at (0,30) width 765: "thicker right border.) The stripes will cut across cell E as well, but will be further obscured by"
          text run at (0,45) width 749: "its thick border. In the border-collapsed table, the same will happen to the vertical stripes in"
          text run at (0,60) width 765: "cell A due to cell B's thick border. The stripes should continue in the last cell, turning a right"
          text run at (0,75) width 757: "angle to the left into three aqua stripes along the bottom border edge of the last cell. The last"
          text run at (0,90) width 539: "cell (M) should not have three vertical stripes along its right edge."
      LayoutBlockFlow {P} at (0,661.20) size 769x45
        LayoutText {#text} at (0,0) size 749x45
          text run at (0,0) width 749: "In the second column, three vertical strips should run along the right of the first three cells,"
          text run at (0,15) width 742: "aligning along cell F's right padding edge. (The stripes will be partially obscured by cell B's"
          text run at (0,30) width 110: "thick border.)"
      LayoutBlockFlow {P} at (0,719.20) size 769x45
        LayoutText {#text} at (0,0) size 765x45
          text run at (0,0) width 765: "In the third column, there should be three vertical stripes should run across the top of the first"
          text run at (0,15) width 710: "cell and down the left of the column, aligning along cell K's left padding edge. In border-"
          text run at (0,30) width 562: "collapse mode, they will be partially obscured by cell B's thick border."
      LayoutBlockFlow {DIV} at (0,777.20) size 769x34
        LayoutInline {A} at (0,0) size 88x15 [color=#FFFF00]
          LayoutImage {IMG} at (0,0) size 88x31
        LayoutText {#text} at (0,0) size 0x0
      LayoutBlockFlow {ADDRESS} at (0,811.20) size 769x15
        LayoutText {#text} at (0,0) size 687x15
          text run at (0,0) width 687: "CSS2 Table Backgrounds Test Suite designed and written by fantasai <fantasai@escape.com>"
