layer at (0,0) size 800x600 clip at (0,0) size 785x600 scrollHeight 692
  LayoutView at (0,0) size 800x600
layer at (0,0) size 785x692 backgroundClip at (0,0) size 785x600 clip at (0,0) size 785x600
  LayoutBlockFlow {HTML} at (0,0) size 785x692.41
    LayoutBlockFlow {BODY} at (8,15.20) size 769x669.20 [color=#00FF00] [bgcolor=#333333]
      LayoutBlockFlow {H3} at (0,0) size 769x17
        LayoutText {#text} at (0,0) size 439x17
          text run at (0,0) width 439: "crbug.com/35679: Background on 'table-row-group'"
      LayoutTable {TABLE} at (0,32.20) size 590x444 [color=#FFFFFF] [border: (6px dotted #FFFFFF)]
        LayoutBlockFlow {CAPTION} at (0,0) size 590x22
          LayoutText {#text} at (150,0) size 290x22
            text run at (150,0) width 290: "With 'border-collapse: collapse'"
        LayoutTableCol {COLGROUP} at (0,0) size 0x0
          LayoutTableCol {COL} at (0,0) size 0x0
          LayoutTableCol {COL} at (0,0) size 0x0
          LayoutTableCol {COL} at (0,0) size 0x0
        LayoutTableCol {COLGROUP} at (0,0) size 0x0
          LayoutTableCol {COL} at (0,0) size 0x0
        LayoutTableSection {THEAD} at (2,28) size 585x103 [bgcolor=#000000] [border: (5px dashed #FFFFFF)]
          LayoutTableRow {TR} at (0,0) size 585x103
            LayoutTableCell {TH} at (0,35) size 137x33 [border: (3px dotted #FFFFFF)] [r=0 c=0 rs=1 cs=1]
              LayoutText {#text} at (44,4) size 46x22
                text run at (44,4) width 46: "TH A"
            LayoutTableCell {TH} at (137,33) size 207x37 [border: (7px dotted #FFFFFF)] [r=0 c=1 rs=1 cs=1]
              LayoutText {#text} at (81,8) size 46x22
                text run at (81,8) width 46: "TH B"
            LayoutTableCell {TH} at (344,37) size 125x29 [border: (3px dotted #FFFFFF)] [r=0 c=2 rs=1 cs=1]
              LayoutText {#text} at (42,4) size 46x22
                text run at (42,4) width 46: "TH C"
            LayoutTableCell {TH} at (469,37) size 116x29 [border: (3px dashed #FFFFFF)] [r=0 c=3 rs=1 cs=1]
              LayoutText {#text} at (36,4) size 45x22
                text run at (36,4) width 45: "TH D"
        LayoutTableSection {TFOOT} at (2,325) size 585x117
          LayoutTableRow {TR} at (0,0) size 585x117
            LayoutTableCell {TD} at (0,42) size 344x32 [border: (7px dotted #FFFFFF)] [r=0 c=0 rs=1 cs=2]
              LayoutText {#text} at (3,8) size 47x22
                text run at (3,8) width 47: "TD M"
            LayoutTableCell {TD} at (344,44) size 125x28 [border: (3px dotted #FFFFFF)] [r=0 c=2 rs=1 cs=1]
              LayoutText {#text} at (2,4) size 46x22
                text run at (2,4) width 46: "TD O"
            LayoutTableCell {TD} at (469,44) size 116x28 [border: (3px dotted #FFFFFF)] [r=0 c=3 rs=1 cs=1]
              LayoutText {#text} at (2,4) size 44x22
                text run at (2,4) width 44: "TD P"
        LayoutTableSection {TBODY} at (2,131) size 585x194 [bgcolor=#000000] [border: (5px dashed #FFFFFF)]
          LayoutTableRow {TR} at (0,0) size 585x109
            LayoutTableCell {TD} at (0,78) size 137x37 [border: (7px dotted #FFFFFF)] [r=0 c=0 rs=2 cs=1]
              LayoutText {#text} at (8,8) size 44x22
                text run at (8,8) width 44: "TD E"
            LayoutTableCell {TD} at (137,39) size 207x31 [border: (7px dotted #FFFFFF)] [r=0 c=1 rs=1 cs=1]
              LayoutText {#text} at (8,8) size 43x22
                text run at (8,8) width 43: "TD F"
            LayoutTableCell {TD} at (344,40) size 125x29 [border: (3px dotted #FFFFFF)] [r=0 c=2 rs=1 cs=1]
              LayoutText {#text} at (2,4) size 46x22
                text run at (2,4) width 46: "TD G"
            LayoutTableCell {TD} at (469,41) size 116x27 [border: (3px dotted #FFFFFF)] [r=0 c=3 rs=1 cs=1]
              LayoutText {#text} at (2,4) size 45x22
                text run at (2,4) width 45: "TD H"
          LayoutTableRow {TR} at (0,109) size 585x85
            LayoutTableCell {TD} at (137,138) size 207x27 [border: (1px dotted #FFFFFF)] [r=1 c=1 rs=1 cs=1]
              LayoutText {#text} at (8,2) size 42x22
                text run at (8,2) width 42: "TD J"
            LayoutTableCell {TD} at (344,137) size 125x29 [border: (3px dashed #FFFFFF)] [r=1 c=2 rs=1 cs=1]
              LayoutText {#text} at (4,4) size 45x22
                text run at (4,4) width 45: "TD K"
            LayoutTableCell {TD} at (469,138) size 116x27 [border: (1px dotted #FFFFFF)] [r=1 c=3 rs=1 cs=1]
              LayoutText {#text} at (4,2) size 43x22
                text run at (4,2) width 43: "TD L"
      LayoutBlockFlow {P} at (0,489.20) size 769x45
        LayoutText {#text} at (0,0) size 765x45
          text run at (0,0) width 726: "There should be three aqua stripes along the top of cells A, B, C, and D in the first row and"
          text run at (0,15) width 765: "three stripes along the right edge of D, the last cell in that row. The stripes should align to be"
          text run at (0,30) width 305: "just inside the padding edge of cell D."
      LayoutBlockFlow {P} at (0,547.20) size 769x60
        LayoutText {#text} at (0,0) size 765x60
          text run at (0,0) width 734: "There should be three aqua stripes along the bottom of cells J, K, and L. The stripes continue"
          text run at (0,15) width 765: "across the bottom of cell E, but are partially obscured by the border. The stripes turn up at cell"
          text run at (0,30) width 757: "E's bottom left corner to run under its border a few pixels to the right of its left border edge."
          text run at (0,45) width 539: "The stripes will align to be just above cell K's bottom padding edge."
      LayoutBlockFlow {DIV} at (0,620.20) size 769x34
        LayoutInline {A} at (0,0) size 88x15 [color=#FFFF00]
          LayoutImage {IMG} at (0,0) size 88x31
        LayoutText {#text} at (0,0) size 0x0
      LayoutBlockFlow {ADDRESS} at (0,654.20) size 769x15
        LayoutText {#text} at (0,0) size 687x15
          text run at (0,0) width 687: "CSS2 Table Backgrounds Test Suite designed and written by fantasai <fantasai@escape.com>"
