layer at (0,0) size 800x600
  LayoutView at (0,0) size 800x600
layer at (0,0) size 800x350
  LayoutBlockFlow {HTML} at (0,0) size 800x350.44
    LayoutBlockFlow {BODY} at (8,18.72) size 784x323.72
      LayoutBlockFlow {H3} at (0,0) size 784x22
        LayoutText {#text} at (0,0) size 241x22
          text run at (0,0) width 241: "crbug.com/35679: opacity: 0.5"
      LayoutTable {TABLE} at (0,40.72) size 171x126 [bgcolor=#FFFFFF]
        LayoutBlockFlow {CAPTION} at (0,0) size 171x36 [color=#FFFFFF]
          LayoutText {#text} at (14,0) size 143x36
            text run at (14,0) width 143: "With 'border-collapse:"
            text run at (57,18) width 57: "collapse'"
        LayoutTableCol {COLGROUP} at (0,0) size 0x0
          LayoutTableCol {COL} at (0,0) size 0x0
          LayoutTableCol {COL} at (0,0) size 0x0
          LayoutTableCol {COL} at (0,0) size 0x0
        LayoutTableCol {COLGROUP} at (0,0) size 0x0
          LayoutTableCol {COL} at (0,0) size 0x0
        LayoutTableSection {THEAD} at (0,36) size 171x24
        LayoutTableSection {TBODY} at (0,60) size 171x44
      LayoutBlockFlow {UL} at (0,182.72) size 784x72
        LayoutListItem {LI} at (40,0) size 744x18
          LayoutListMarker (anonymous) at (-17,0) size 7x18: bullet
          LayoutText {#text} at (0,0) size 220x18
            text run at (0,0) width 220: "The first three rows should be red."
        LayoutListItem {LI} at (40,18) size 744x18
          LayoutListMarker (anonymous) at (-17,0) size 7x18: bullet
          LayoutText {#text} at (0,0) size 198x18
            text run at (0,0) width 198: "The last row should be orange."
        LayoutListItem {LI} at (40,36) size 744x36
          LayoutListMarker (anonymous) at (-17,0) size 7x18: bullet
          LayoutText {#text} at (0,0) size 734x36
            text run at (0,0) width 734: "Cell A should be purple. Cell P should also be purple, but of a shade that reflects the underlying orange rather than"
            text run at (0,18) width 48: "the red."
      LayoutBlockFlow {DIV} at (0,270.72) size 784x35
        LayoutInline {A} at (0,0) size 88x18 [color=#0000EE]
          LayoutBlockFlow {IMG} at (0,0) size 88x31
        LayoutText {#text} at (0,0) size 0x0
      LayoutBlockFlow {ADDRESS} at (0,305.72) size 784x18
        LayoutText {#text} at (0,0) size 606x18
          text run at (0,0) width 606: "CSS2 Table Backgrounds Test Suite designed and written by fantasai <fantasai@escape.com>"
layer at (8,289) size 88x31 clip at (9,290) size 86x29 scrollHeight 56
  LayoutBlockFlow {DIV} at (0,0) size 88x31 [border: (1px solid #C0C0C0)]
    LayoutImage (floating) {IMG} at (2,2) size 16x16
layer at (26,291) size 68x54 backgroundClip at (26,291) size 68x28 clip at (26,291) size 68x28
  LayoutBlockFlow {DIV} at (18,2) size 68x54
    LayoutText {#text} at (0,0) size 46x54
      text run at (0,0) width 34: "Valid"
      text run at (0,18) width 46: "HTML"
      text run at (0,36) width 34: "4.01!"
layer at (8,97) size 171x20 transparent
  LayoutTableRow {TR} at (0,2) size 171x20 [bgcolor=#FF0000]
    LayoutTableCell {TH} at (45,2) size 40x20 [r=0 c=1 rs=1 cs=1]
      LayoutText {#text} at (1,1) size 38x18
        text run at (1,1) width 38: "TH B"
    LayoutTableCell {TH} at (87,11) size 39x2 [r=0 c=2 rs=1 cs=1]
    LayoutTableCell {TH} at (128,2) size 41x20 [r=0 c=3 rs=1 cs=1]
      LayoutText {#text} at (1,1) size 39x18
        text run at (1,1) width 39: "TH D"
layer at (10,97) size 41x20 transparent
  LayoutTableCell {TH} at (2,2) size 41x20 [bgcolor=#0000FF] [r=0 c=0 rs=1 cs=1]
    LayoutText {#text} at (1,1) size 39x18
      text run at (1,1) width 39: "TH A"
layer at (8,163) size 171x22 transparent
  LayoutTableSection {TFOOT} at (0,104) size 171x22 [bgcolor=#FFFF00]
layer at (8,163) size 171x20 transparent
  LayoutTableRow {TR} at (0,0) size 171x20 [bgcolor=#FF0000]
    LayoutTableCell {TD} at (2,0) size 83x20 [r=0 c=0 rs=1 cs=2]
      LayoutText {#text} at (1,1) size 40x18
        text run at (1,1) width 40: "TD M"
    LayoutTableCell {TD} at (87,0) size 39x20 [r=0 c=2 rs=1 cs=1]
      LayoutText {#text} at (1,1) size 37x18
        text run at (1,1) width 37: "TD O"
layer at (136,163) size 41x20 transparent
  LayoutTableCell {TD} at (128,0) size 41x20 [bgcolor=#0000FF] [r=0 c=3 rs=1 cs=1]
    LayoutText {#text} at (1,1) size 35x18
      text run at (1,1) width 35: "TD P"
layer at (8,119) size 171x20 transparent
  LayoutTableRow {TR} at (0,0) size 171x20 [bgcolor=#FF0000]
    LayoutTableCell {TD} at (2,11) size 41x20 [r=0 c=0 rs=2 cs=1]
      LayoutText {#text} at (1,1) size 36x18
        text run at (1,1) width 36: "TD E"
    LayoutTableCell {TD} at (45,0) size 40x20 [r=0 c=1 rs=1 cs=1]
      LayoutText {#text} at (1,1) size 35x18
        text run at (1,1) width 35: "TD F"
    LayoutTableCell {TD} at (87,0) size 39x20 [r=0 c=2 rs=1 cs=1]
      LayoutText {#text} at (1,1) size 37x18
        text run at (1,1) width 37: "TD G"
    LayoutTableCell {TD} at (128,0) size 41x20 [r=0 c=3 rs=1 cs=1]
      LayoutText {#text} at (1,1) size 37x18
        text run at (1,1) width 37: "TD H"
layer at (8,141) size 171x20 transparent
  LayoutTableRow {TR} at (0,22) size 171x20 [bgcolor=#FF0000]
    LayoutTableCell {TD} at (45,22) size 40x20 [r=1 c=1 rs=1 cs=1]
      LayoutText {#text} at (1,1) size 32x18
        text run at (1,1) width 32: "TD J"
    LayoutTableCell {TD} at (87,22) size 39x20 [r=1 c=2 rs=1 cs=1]
      LayoutText {#text} at (1,1) size 37x18
        text run at (1,1) width 37: "TD K"
    LayoutTableCell {TD} at (128,22) size 41x20 [r=1 c=3 rs=1 cs=1]
      LayoutText {#text} at (1,1) size 36x18
        text run at (1,1) width 36: "TD L"
