layer at (0,0) size 800x600
  LayoutView at (0,0) size 800x600
layer at (0,0) size 800x600
  LayoutBlockFlow {HTML} at (0,0) size 800x600
    LayoutBlockFlow {BODY} at (8,8) size 784x584
      LayoutBlockFlow {DIV} at (0,0) size 784x0
      LayoutTable (anonymous) at (0,0) size 56x18
        LayoutTableSection (anonymous) at (0,0) size 56x18
          LayoutTableRow (anonymous) at (0,0) size 56x18
            LayoutTableCell {DIV} at (0,0) size 27x18 [r=0 c=0 rs=1 cs=1]
              LayoutText {#text} at (0,0) size 27x18
                text run at (0,0) width 27: "One"
            LayoutTableCell {DIV} at (27,0) size 29x18 [r=0 c=1 rs=1 cs=1]
              LayoutText {#text} at (0,0) size 29x18
                text run at (0,0) width 29: "Two"
