layer at (0,0) size 800x600
  LayoutView at (0,0) size 800x600
layer at (0,0) size 800x600
  LayoutBlockFlow {HTML} at (0,0) size 800x600
    LayoutBlockFlow {BODY} at (8,8) size 784x584
      LayoutBlockFlow {P} at (0,0) size 784x36
        LayoutText {#text} at (0,0) size 213x18
          text run at (0,0) width 213: "This tests for regressions against "
        LayoutInline {I} at (0,0) size 747x36
          LayoutInline {A} at (0,0) size 354x18 [color=#0000EE]
            LayoutText {#text} at (212,0) size 354x18
              text run at (212,0) width 354: "http://bugzilla.opendarwin.org/show_bug.cgi?id=8081"
          LayoutText {#text} at (565,0) size 747x36
            text run at (565,0) width 5: " "
            text run at (569,0) width 178: "REGRESSION: Drop-down"
            text run at (0,18) width 130: "menu has gap at top"
        LayoutText {#text} at (129,18) size 5x18
          text run at (129,18) width 5: "."
      LayoutBlockFlow {P} at (0,52) size 784x18
        LayoutText {#text} at (0,0) size 541x18
          text run at (0,0) width 541: "You should see two identical green squares, 100x100 pixels each, next to each other."
      LayoutTable {TABLE} at (0,86) size 106x156
        LayoutTableSection {TBODY} at (0,0) size 106x156
          LayoutTableRow {TR} at (0,2) size 106x50
            LayoutTableCell {TD} at (2,26) size 102x2 [r=0 c=0 rs=1 cs=2]
          LayoutTableRow {TR} at (0,54) size 106x100
            LayoutTableCell {TD} at (2,54) size 100x2 [bgcolor=#008000] [r=1 c=0 rs=1 cs=1]
            LayoutTableCell (anonymous) at (104,54) size 0x0 [r=1 c=1 rs=1 cs=1]
layer at (11,149) size 98x98
  LayoutBlockFlow (positioned) {DIV} at (11,149) size 98x98
layer at (112,148) size 102x102
  LayoutBlockFlow (positioned) {TD} at (112,148) size 102x102 [bgcolor=#008000]
