layer at (0,0) size 800x600
  LayoutView at (0,0) size 800x600
layer at (0,0) size 800x600
  LayoutBlockFlow {HTML} at (0,0) size 800x600
    LayoutBlockFlow {BODY} at (8,8) size 784x584
      LayoutTable {TABLE} at (0,0) size 784x24
        LayoutTableSection {TBODY} at (0,0) size 784x24
          LayoutTableRow {TR} at (0,2) size 784x20
            LayoutTableCell {TD} at (2,2) size 62x20 [r=0 c=0 rs=1 cs=1]
            LayoutTableCell {TD} at (66,11) size 716x2 [r=0 c=1 rs=1 cs=1]
      LayoutBlockFlow {DIV} at (0,24) size 784x0
layer at (11,11) size 60x18
  LayoutBlockFlow {DIV} at (1,1) size 60x18
    LayoutText {#text} at (0,0) size 56x18
      text run at (0,0) width 56: "Success!"
