layer at (0,0) size 800x600
  LayoutView at (0,0) size 800x600
layer at (0,0) size 800x136
  LayoutBlockFlow {HTML} at (0,0) size 800x136
    LayoutBlockFlow {BODY} at (8,8) size 784x120
      LayoutTable {TABLE} at (0,0) size 275x60
        LayoutBlockFlow {CAPTION} at (0,0) size 275x36
          LayoutText {#text} at (31,0) size 213x36
            text run at (31,0) width 213: "The next line should have yellow"
            text run at (97,18) width 81: "background."
        LayoutTableCol {COLGROUP} at (0,0) size 0x0
          LayoutTableCol {COL} at (0,0) size 0x0 [bgcolor=#FFFF00]
        LayoutTableSection {TBODY} at (0,36) size 275x24
          LayoutTableRow {TR} at (0,2) size 275x20
            LayoutTableCell {TD} at (2,2) size 271x20 [r=0 c=0 rs=1 cs=1]
              LayoutText {#text} at (1,1) size 269x18
                text run at (1,1) width 269: "This line should have yellow background."
      LayoutTable {TABLE} at (0,60) size 275x60
        LayoutBlockFlow {CAPTION} at (0,0) size 275x36
          LayoutText {#text} at (31,0) size 213x36
            text run at (31,0) width 213: "The next line should have yellow"
            text run at (97,18) width 81: "background."
        LayoutTableCol {COLGROUP} at (0,0) size 0x0
          LayoutTableCol {COL} at (0,0) size 0x0 [bgcolor=#FFFF00]
        LayoutTableSection {TBODY} at (0,36) size 275x24
          LayoutTableRow {TR} at (0,2) size 275x20
            LayoutTableCell {TD} at (2,2) size 271x20 [r=0 c=0 rs=1 cs=1]
              LayoutText {#text} at (1,1) size 269x18
                text run at (1,1) width 269: "This line should have yellow background."
