layer at (0,0) size 800x600
  LayoutView at (0,0) size 800x600
layer at (0,0) size 800x600
  LayoutBlockFlow {HTML} at (0,0) size 800x600
    LayoutBlockFlow {BODY} at (8,8) size 784x584
      LayoutTable {TABLE} at (0,0) size 120x108 [border: (1px outset #808080)]
        LayoutTableSection {TBODY} at (1,1) size 118x106
          LayoutTableRow {TR} at (0,2) size 118x50
            LayoutTableCell {TD} at (2,2) size 56x50 [border: (1px inset #808080)] [r=0 c=0 rs=1 cs=1]
              LayoutText {#text} at (16,16) size 24x18
                text run at (16,16) width 24: "100"
            LayoutTableCell {TD} at (60,2) size 56x50 [border: (1px inset #808080)] [r=0 c=1 rs=1 cs=1]
              LayoutText {#text} at (16,16) size 24x18
                text run at (16,16) width 24: "200"
          LayoutTableRow {TR} at (0,54) size 118x50
            LayoutTableCell {TD} at (2,54) size 56x50 [border: (1px inset #808080)] [r=1 c=0 rs=1 cs=1]
              LayoutText {#text} at (16,16) size 24x18
                text run at (16,16) width 24: "300"
            LayoutTableCell {TD} at (60,54) size 56x50 [border: (1px inset #808080)] [r=1 c=1 rs=1 cs=1]
              LayoutText {#text} at (16,16) size 24x18
                text run at (16,16) width 24: "400"
