layer at (0,0) size 800x600
  LayoutView at (0,0) size 800x600
layer at (0,0) size 800x88
  LayoutBlockFlow {html} at (0,0) size 800x88
    LayoutBlockFlow {body} at (8,8) size 784x72
      LayoutTable {table} at (0,0) size 47x72
        LayoutBlockFlow {caption} at (0,0) size 47x72
          LayoutText {#text} at (2,0) size 48x72
            text run at (2,0) width 43: "PASS:"
            text run at (1,18) width 45: "Text in"
            text run at (0,36) width 48: "caption"
            text run at (19,54) width 9: "1"
