layer at (0,0) size 800x600
  LayoutView at (0,0) size 800x600
layer at (0,0) size 800x600
  LayoutBlockFlow {HTML} at (0,0) size 800x600
    LayoutBlockFlow {BODY} at (8,8) size 784x584
      LayoutBlockFlow {P} at (0,0) size 784x18
        LayoutText {#text} at (0,0) size 357x18
          text run at (0,0) width 357: "The following two green rectangles should be identical:"
      LayoutTable {TABLE} at (0,34) size 284x104
        LayoutTableSection {TBODY} at (0,0) size 284x104
          LayoutTableRow {TR} at (0,2) size 284x100
            LayoutTableCell {TD} at (2,2) size 280x100 [r=0 c=0 rs=1 cs=1]
              LayoutBlockFlow {DIV} at (1,1) size 278x98 [bgcolor=#008000] [border: (3px solid #000000)]
                LayoutText {#text} at (3,3) size 272x18
                  text run at (3,3) width 272: "This text should have a green background."
      LayoutTable {TABLE} at (0,138) size 284x104
        LayoutTableSection {TBODY} at (0,0) size 284x104
          LayoutTableRow {TR} at (0,2) size 284x100
            LayoutTableCell {TD} at (2,2) size 280x100 [r=0 c=0 rs=1 cs=1]
              LayoutBlockFlow {DIV} at (1,1) size 278x98 [bgcolor=#008000] [border: (3px solid #000000)]
                LayoutText {#text} at (3,3) size 272x18
                  text run at (3,3) width 272: "This text should have a green background."
