layer at (0,0) size 800x600
  LayoutView at (0,0) size 800x600
layer at (0,0) size 800x600
  LayoutBlockFlow {HTML} at (0,0) size 800x600
    LayoutBlockFlow {BODY} at (8,8) size 784x584
      LayoutBlockFlow {P} at (0,0) size 784x36
        LayoutText {#text} at (0,0) size 218x18
          text run at (0,0) width 218: "This tests for a regression against "
        LayoutInline {I} at (0,0) size 742x36
          LayoutInline {A} at (0,0) size 354x18 [color=#0000EE]
            LayoutText {#text} at (217,0) size 354x18
              text run at (217,0) width 354: "http://bugzilla.opendarwin.org/show_bug.cgi?id=7054"
          LayoutText {#text} at (570,0) size 742x36
            text run at (570,0) width 5: " "
            text run at (574,0) width 168: "Vertical scroll bars do not"
            text run at (0,18) width 222: "appear or do not scroll completely"
        LayoutText {#text} at (221,18) size 5x18
          text run at (221,18) width 5: "."
      LayoutBlockFlow {P} at (0,52) size 784x18
        LayoutText {#text} at (0,0) size 660x18
          text run at (0,0) width 660: "The top two boxes should have horizontal scroll bars. The bottom box should have a vertical scroll bar."
      LayoutBlockFlow {HR} at (0,86) size 784x2 [border: (1px inset #EEEEEE)]
      LayoutBlockFlow (anonymous) at (0,198) size 784x18
        LayoutBR {BR} at (0,0) size 0x18
      LayoutBlockFlow (anonymous) at (0,318) size 784x18
        LayoutBR {BR} at (0,0) size 0x18
layer at (8,104) size 102x102 clip at (9,105) size 100x85 scrollWidth 133
  LayoutBlockFlow {DIV} at (0,96) size 102x102 [border: (1px solid #0000FF)]
    LayoutTable {TABLE} at (1,1) size 6x6
      LayoutTableSection {TBODY} at (0,0) size 6x6
        LayoutTableRow {TR} at (0,2) size 6x2
          LayoutTableCell {TD} at (2,2) size 2x2 [r=0 c=0 rs=1 cs=1]
layer at (8,224) size 102x102 clip at (9,225) size 100x85 scrollX 33.00 scrollWidth 133
  LayoutBlockFlow {DIV} at (0,216) size 102x102 [border: (1px solid #0000FF)]
    LayoutTable {TABLE} at (95,1) size 6x6
      LayoutTableSection {TBODY} at (0,0) size 6x6
        LayoutTableRow {TR} at (0,2) size 6x2
          LayoutTableCell {TD} at (2,2) size 2x2 [r=0 c=0 rs=1 cs=1]
layer at (8,344) size 102x102 clip at (9,345) size 85x100 scrollHeight 133
  LayoutBlockFlow {DIV} at (0,336) size 102x102 [border: (1px solid #0000FF)]
    LayoutTable {TABLE} at (1,1) size 6x6
      LayoutTableSection {TBODY} at (0,0) size 6x6
        LayoutTableRow {TR} at (0,2) size 6x2
          LayoutTableCell {TD} at (2,2) size 2x2 [r=0 c=0 rs=1 cs=1]
layer at (12,108) size 0x0
  LayoutBlockFlow (relative positioned) {DIV} at (1,1) size 0x0
layer at (82,108) size 60x60 backgroundClip at (9,105) size 100x85 clip at (9,105) size 100x85
  LayoutBlockFlow (positioned) {DIV} at (70,0) size 60x60 [bgcolor=#C0C0C0]
layer at (106,228) size 0x0
  LayoutBlockFlow (relative positioned) {DIV} at (1,1) size 0x0
layer at (-24,228) size 60x60 backgroundClip at (9,225) size 100x85 clip at (9,225) size 100x85
  LayoutBlockFlow (positioned) {DIV} at (-130,0) size 60x60 [bgcolor=#C0C0C0]
layer at (12,348) size 0x0
  LayoutBlockFlow (relative positioned) {DIV} at (1,1) size 0x0
layer at (12,418) size 60x60 backgroundClip at (9,345) size 85x100 clip at (9,345) size 85x100
  LayoutBlockFlow (positioned) {DIV} at (0,70) size 60x60 [bgcolor=#C0C0C0]
