layer at (0,0) size 800x600
  LayoutView at (0,0) size 800x600
layer at (0,0) size 800x600
  LayoutBlockFlow {HTML} at (0,0) size 800x600
    LayoutBlockFlow {BODY} at (8,8) size 784x584 [bgcolor=#994444]
      LayoutTable {TABLE} at (0,0) size 784x584 [border: (1px outset #808080)]
        LayoutTableSection {TBODY} at (1,1) size 782x582
          LayoutTableRow {TR} at (0,2) size 782x578
            LayoutTableCell {TD} at (2,289) size 622x4 [border: (1px inset #808080)] [r=0 c=0 rs=1 cs=1]
            LayoutTableCell {TD} at (626,280) size 154x22 [border: (1px dashed #552222)] [r=0 c=1 rs=1 cs=1]
              LayoutTable {TABLE} at (2,2) size 150x0
              LayoutBlockFlow (anonymous) at (2,2) size 150x18
                LayoutText {#text} at (0,0) size 24x18
                  text run at (0,0) width 24: "boo"
