layer at (0,0) size 800x600 clip at (0,0) size 785x600 scrollHeight 783
  LayoutView at (0,0) size 800x600
layer at (0,0) size 785x783 backgroundClip at (0,0) size 785x600 clip at (0,0) size 785x600
  LayoutBlockFlow {HTML} at (0,0) size 785x783
    LayoutBlockFlow {BODY} at (0,0) size 785x783
      LayoutTable {TABLE} at (0,0) size 785x29 [border: (2px solid #000000)]
        LayoutTableSection {TBODY} at (2,2) size 781x25
          LayoutTableRow {TR} at (0,0) size 781x25
            LayoutTableCell {TD} at (0,12) size 0x0 [r=0 c=0 rs=1 cs=1]
            LayoutTableCell {TD} at (0,3) size 781x18 [bgcolor=#FF0000] [r=0 c=1 rs=1 cs=1]
              LayoutText {#text} at (0,0) size 224x18
                text run at (0,0) width 224: "First cell empty, second auto width"
      LayoutTable {TABLE} at (0,29) size 785x29 [border: (2px solid #000000)]
        LayoutTableSection {TBODY} at (2,2) size 781x25
          LayoutTableRow {TR} at (0,0) size 781x25
            LayoutTableCell {TD} at (0,12) size 391x0 [r=0 c=0 rs=1 cs=1]
            LayoutTableCell {TD} at (391,3) size 390x18 [bgcolor=#FF0000] [r=0 c=1 rs=1 cs=1]
              LayoutText {#text} at (0,0) size 244x18
                text run at (0,0) width 244: "First cell empty, second percent width"
      LayoutTable {TABLE} at (0,58) size 785x29 [border: (2px solid #000000)]
        LayoutTableSection {TBODY} at (2,2) size 781x25
          LayoutTableRow {TR} at (0,0) size 781x25
            LayoutTableCell {TD} at (0,12) size 381x0 [r=0 c=0 rs=1 cs=1]
            LayoutTableCell {TD} at (381,3) size 400x18 [bgcolor=#FF0000] [r=0 c=1 rs=1 cs=1]
              LayoutText {#text} at (0,0) size 229x18
                text run at (0,0) width 229: "First cell empty, second fixed width"
      LayoutTable {TABLE} at (0,87) size 785x29 [border: (2px solid #000000)]
        LayoutTableSection {TBODY} at (2,2) size 781x25
          LayoutTableRow {TR} at (0,0) size 781x25
            LayoutTableCell {TD} at (0,3) size 391x18 [r=0 c=0 rs=1 cs=1]
              LayoutText {#text} at (0,0) size 4x18
                text run at (0,0) width 4: " "
            LayoutTableCell {TD} at (391,3) size 390x18 [bgcolor=#FF0000] [r=0 c=1 rs=1 cs=1]
              LayoutText {#text} at (0,0) size 341x18
                text run at (0,0) width 341: "First cell empty (with space) and has white-space:pre"
      LayoutTable {TABLE} at (0,116) size 785x29 [border: (2px solid #000000)]
        LayoutTableSection {TBODY} at (2,2) size 781x25
          LayoutTableRow {TR} at (0,0) size 781x25
            LayoutTableCell {TD} at (0,12) size 391x0 [r=0 c=0 rs=1 cs=1]
            LayoutTableCell {TD} at (391,3) size 390x18 [bgcolor=#FF0000] [r=0 c=1 rs=1 cs=1]
              LayoutText {#text} at (0,0) size 329x18
                text run at (0,0) width 329: "First cell empty (no space) and has white-space:pre"
      LayoutTable {TABLE} at (0,145) size 785x29 [border: (2px solid #000000)]
        LayoutTableSection {TBODY} at (2,2) size 781x25
          LayoutTableRow {TR} at (0,0) size 781x25
            LayoutTableCell {TD} at (0,10) size 391x4 [border: (2px solid #008000)] [r=0 c=0 rs=1 cs=1]
            LayoutTableCell {TD} at (391,3) size 390x18 [bgcolor=#FF0000] [r=0 c=1 rs=1 cs=1]
              LayoutText {#text} at (0,0) size 196x18
                text run at (0,0) width 196: "First cell empty but has border"
      LayoutTable {TABLE} at (0,174) size 785x29 [border: (2px solid #000000)]
        LayoutTableSection {TBODY} at (2,2) size 781x25
          LayoutTableRow {TR} at (0,0) size 781x25
            LayoutTableCell {TD} at (0,10) size 391x4 [r=0 c=0 rs=1 cs=1]
            LayoutTableCell {TD} at (391,3) size 390x18 [bgcolor=#FF0000] [r=0 c=1 rs=1 cs=1]
              LayoutText {#text} at (0,0) size 206x18
                text run at (0,0) width 206: "First cell empty but has padding"
      LayoutTable {TABLE} at (0,203) size 785x29 [border: (2px solid #000000)]
        LayoutTableSection {TBODY} at (2,2) size 781x25
          LayoutTableRow {TR} at (0,0) size 781x25
            LayoutTableCell {TD} at (0,11) size 391x2 [r=0 c=0 rs=1 cs=1]
            LayoutTableCell {TD} at (391,2) size 390x20 [bgcolor=#FF0000] [r=0 c=1 rs=1 cs=1]
              LayoutText {#text} at (1,1) size 243x18
                text run at (1,1) width 243: "First cell empty, table has cellpadding"
      LayoutTable {TABLE} at (0,232) size 785x31 [border: (2px solid #000000)]
        LayoutTableSection {TBODY} at (2,2) size 781x27
          LayoutTableRow {TR} at (0,1) size 781x25
            LayoutTableCell {TD} at (1,13) size 389x0 [r=0 c=0 rs=1 cs=1]
            LayoutTableCell {TD} at (391,4) size 389x18 [bgcolor=#FF0000] [r=0 c=1 rs=1 cs=1]
              LayoutText {#text} at (0,0) size 240x18
                text run at (0,0) width 240: "First cell empty, table has cellspacing"
      LayoutTable {TABLE} at (0,263) size 785x29 [border: (2px solid #000000)]
        LayoutTableSection {TBODY} at (2,2) size 781x25
          LayoutTableRow {TR} at (0,0) size 781x25
            LayoutTableCell {TD} at (0,12) size 391x0 [r=0 c=0 rs=1 cs=1]
            LayoutTableCell {TD} at (391,3) size 390x18 [bgcolor=#FF0000] [r=0 c=1 rs=1 cs=1]
              LayoutText {#text} at (0,0) size 200x18
                text run at (0,0) width 200: "First cell empty but has margin"
      LayoutTable {TABLE} at (0,292) size 785x29 [border: (2px solid #000000)]
        LayoutTableSection {TBODY} at (2,2) size 781x25
          LayoutTableRow {TR} at (0,0) size 781x25
            LayoutTableCell {TD} at (0,12) size 391x0 [bgcolor=#FFFF00] [r=0 c=0 rs=1 cs=1]
            LayoutTableCell {TD} at (391,3) size 390x18 [bgcolor=#FF0000] [r=0 c=1 rs=1 cs=1]
              LayoutText {#text} at (0,0) size 267x18
                text run at (0,0) width 267: "First cell empty but has background color"
      LayoutTable {TABLE} at (0,321) size 785x54 [border: (2px solid #000000)]
        LayoutTableSection {TBODY} at (2,2) size 781x50
          LayoutTableRow {TR} at (0,0) size 781x25
            LayoutTableCell {TD} at (0,12) size 391x0 [r=0 c=0 rs=1 cs=1]
            LayoutTableCell {TD} at (391,3) size 390x18 [bgcolor=#FF0000] [r=0 c=1 rs=1 cs=1]
              LayoutText {#text} at (0,0) size 162x18
                text run at (0,0) width 162: "First row, first cell empty"
          LayoutTableRow {TR} at (0,25) size 781x25
            LayoutTableCell {TD} at (0,28) size 391x18 [r=1 c=0 rs=1 cs=1]
              LayoutText {#text} at (0,0) size 24x18
                text run at (0,0) width 24: "text"
            LayoutTableCell {TD} at (391,28) size 390x18 [bgcolor=#FF0000] [r=1 c=1 rs=1 cs=1]
              LayoutText {#text} at (0,0) size 204x18
                text run at (0,0) width 204: "Second row, first cell not empty"
      LayoutTable {TABLE} at (0,375) size 785x54 [border: (2px solid #000000)]
        LayoutTableSection {TBODY} at (2,2) size 781x50
          LayoutTableRow {TR} at (0,0) size 781x25
            LayoutTableCell {TD} at (0,12) size 391x0 [r=0 c=0 rs=1 cs=1]
            LayoutTableCell {TD} at (391,3) size 390x18 [bgcolor=#FF0000] [r=0 c=1 rs=1 cs=1]
              LayoutText {#text} at (0,0) size 162x18
                text run at (0,0) width 162: "First row, first cell empty"
          LayoutTableRow {TR} at (0,25) size 781x25
            LayoutTableCell {TD} at (0,37) size 391x0 [r=1 c=0 rs=1 cs=1]
            LayoutTableCell {TD} at (391,28) size 390x18 [bgcolor=#FF0000] [r=1 c=1 rs=1 cs=1]
              LayoutText {#text} at (0,0) size 179x18
                text run at (0,0) width 179: "Second row, first cell empty"
      LayoutTable {TABLE} at (0,429) size 785x29 [border: (2px solid #000000)]
        LayoutTableSection {TBODY} at (2,2) size 781x25
          LayoutTableRow {TR} at (0,0) size 781x25
            LayoutTableCell {TD} at (0,12) size 391x0 [r=0 c=0 rs=1 cs=2]
            LayoutTableCell {TD} at (391,3) size 390x18 [bgcolor=#FF0000] [r=0 c=2 rs=1 cs=1]
              LayoutText {#text} at (0,0) size 182x18
                text run at (0,0) width 182: "First cell empty, has colspan"
      LayoutTable {TABLE} at (0,458) size 785x54 [border: (2px solid #000000)]
        LayoutTableSection {TBODY} at (2,2) size 781x50
          LayoutTableRow {TR} at (0,0) size 781x25
            LayoutTableCell {TD} at (0,12) size 0x0 [r=0 c=0 rs=1 cs=1]
            LayoutTableCell {TD} at (0,3) size 391x18 [bgcolor=#FF0000] [r=0 c=1 rs=1 cs=1]
              LayoutText {#text} at (0,0) size 24x18
                text run at (0,0) width 24: "text"
            LayoutTableCell {TD} at (391,3) size 390x18 [bgcolor=#FF0000] [r=0 c=2 rs=1 cs=1]
              LayoutText {#text} at (0,0) size 313x18
                text run at (0,0) width 313: "First row, first cell empty, second cell non-empty"
          LayoutTableRow {TR} at (0,25) size 781x25
            LayoutTableCell {TD} at (0,37) size 391x0 [r=1 c=0 rs=1 cs=2]
            LayoutTableCell {TD} at (391,28) size 390x18 [bgcolor=#FF0000] [r=1 c=2 rs=1 cs=1]
              LayoutText {#text} at (0,0) size 282x18
                text run at (0,0) width 282: "Second row, first cell empty with colspan=2"
      LayoutTable {TABLE} at (0,512) size 785x54 [border: (2px solid #000000)]
        LayoutTableSection {TBODY} at (2,2) size 781x50
          LayoutTableRow {TR} at (0,0) size 781x25
            LayoutTableCell {TD} at (0,3) size 391x18 [bgcolor=#FF0000] [r=0 c=0 rs=1 cs=1]
              LayoutText {#text} at (0,0) size 24x18
                text run at (0,0) width 24: "text"
            LayoutTableCell {TD} at (391,12) size 0x0 [r=0 c=1 rs=1 cs=1]
            LayoutTableCell {TD} at (391,3) size 390x18 [bgcolor=#FF0000] [r=0 c=2 rs=1 cs=1]
              LayoutText {#text} at (0,0) size 313x18
                text run at (0,0) width 313: "First row, first cell non-empty, second cell empty"
          LayoutTableRow {TR} at (0,25) size 781x25
            LayoutTableCell {TD} at (0,37) size 391x0 [r=1 c=0 rs=1 cs=2]
            LayoutTableCell {TD} at (391,28) size 390x18 [bgcolor=#FF0000] [r=1 c=2 rs=1 cs=1]
              LayoutText {#text} at (0,0) size 282x18
                text run at (0,0) width 282: "Second row, first cell empty with colspan=2"
      LayoutTable {TABLE} at (0,566) size 785x54 [border: (2px solid #000000)]
        LayoutTableSection {TBODY} at (2,2) size 781x50
          LayoutTableRow {TR} at (0,0) size 781x25
            LayoutTableCell {TD} at (0,12) size 195x0 [r=0 c=0 rs=1 cs=1]
            LayoutTableCell {TD} at (195,12) size 196x0 [r=0 c=1 rs=1 cs=1]
            LayoutTableCell {TD} at (391,3) size 390x18 [bgcolor=#FF0000] [r=0 c=2 rs=1 cs=1]
              LayoutText {#text} at (0,0) size 237x18
                text run at (0,0) width 237: "First row, first and second cell empty"
          LayoutTableRow {TR} at (0,25) size 781x25
            LayoutTableCell {TD} at (0,37) size 391x0 [r=1 c=0 rs=1 cs=2]
            LayoutTableCell {TD} at (391,28) size 390x18 [bgcolor=#FF0000] [r=1 c=2 rs=1 cs=1]
              LayoutText {#text} at (0,0) size 278x18
                text run at (0,0) width 278: "Second row, first cell empty, has colspan=2"
      LayoutTable {TABLE} at (0,620) size 785x65 [border: (2px solid #000000)]
        LayoutTableSection {TBODY} at (2,2) size 781x61
          LayoutTableRow {TR} at (0,0) size 781x25
            LayoutTableCell {TD} at (0,12) size 195x0 [r=0 c=0 rs=1 cs=1]
            LayoutTableCell {TD} at (195,12) size 196x0 [r=0 c=1 rs=1 cs=1]
            LayoutTableCell {TD} at (391,3) size 390x18 [bgcolor=#FF0000] [r=0 c=2 rs=1 cs=1]
              LayoutText {#text} at (0,0) size 237x18
                text run at (0,0) width 237: "First row, first and second cell empty"
          LayoutTableRow {TR} at (0,25) size 781x36
            LayoutTableCell {TD} at (0,43) size 391x0 [r=1 c=0 rs=1 cs=2]
            LayoutTableCell {TD} at (391,25) size 390x36 [bgcolor=#FF0000] [r=1 c=2 rs=1 cs=1]
              LayoutText {#text} at (0,0) size 356x36
                text run at (0,0) width 356: "Second row, first cell empty, has colspan=2 and percent"
                text run at (0,18) width 37: "width"
      LayoutTable {TABLE} at (0,685) size 785x54 [border: (2px solid #000000)]
        LayoutTableSection {TBODY} at (2,2) size 781x50
          LayoutTableRow {TR} at (0,0) size 781x25
            LayoutTableCell {TD} at (0,12) size 391x0 [r=0 c=0 rs=1 cs=1]
            LayoutTableCell {TD} at (391,12) size 0x0 [r=0 c=1 rs=1 cs=1]
            LayoutTableCell {TD} at (391,3) size 390x18 [bgcolor=#FF0000] [r=0 c=2 rs=1 cs=1]
              LayoutText {#text} at (0,0) size 237x18
                text run at (0,0) width 237: "First row, first and second cell empty"
          LayoutTableRow {TR} at (0,25) size 781x25
            LayoutTableCell {TD} at (0,37) size 391x0 [r=1 c=0 rs=1 cs=2]
            LayoutTableCell {TD} at (391,28) size 390x18 [bgcolor=#FF0000] [r=1 c=2 rs=1 cs=1]
              LayoutText {#text} at (0,0) size 381x18
                text run at (0,0) width 381: "Second row, first cell empty, has colspan=2 and fixed width"
      LayoutBlockFlow (anonymous) at (0,739) size 785x18
        LayoutText {#text} at (0,0) size 103x18
          text run at (0,0) width 103: "One empty cell:"
      LayoutTable {TABLE} at (0,757) size 785x4 [border: (2px solid #000000)]
        LayoutTableSection {TBODY} at (2,2) size 781x0
          LayoutTableRow {TR} at (0,0) size 781x0
            LayoutTableCell {TD} at (0,0) size 781x0 [r=0 c=0 rs=1 cs=1]
      LayoutBlockFlow (anonymous) at (0,761) size 785x18
        LayoutText {#text} at (0,0) size 110x18
          text run at (0,0) width 110: "Two empty cells:"
      LayoutTable {TABLE} at (0,779) size 785x4 [border: (2px solid #000000)]
        LayoutTableSection {TBODY} at (2,2) size 781x0
          LayoutTableRow {TR} at (0,0) size 781x0
            LayoutTableCell {TD} at (0,0) size 390x0 [r=0 c=0 rs=1 cs=1]
            LayoutTableCell {TD} at (390,0) size 391x0 [r=0 c=1 rs=1 cs=1]
