layer at (0,0) size 800x600
  LayoutView at (0,0) size 800x600
layer at (0,0) size 800x600
  LayoutBlockFlow {HTML} at (0,0) size 800x600
    LayoutBlockFlow {BODY} at (8,8) size 784x584
      LayoutTable {TABLE} at (0,0) size 784x36 [bgcolor=#FF0000]
        LayoutTableSection {TBODY} at (0,0) size 784x36
          LayoutTableRow {TR} at (0,2) size 784x32
            LayoutTableCell {TD} at (2,2) size 780x32 [r=0 c=0 rs=1 cs=1]
              LayoutTable {TABLE} at (1,1) size 778x30 [bgcolor=#0000FF]
                LayoutTableSection {TBODY} at (0,0) size 778x30
                  LayoutTableRow {TR} at (0,2) size 778x26
                    LayoutTableCell {TD} at (2,2) size 774x26 [r=0 c=0 rs=1 cs=1]
                      LayoutTable {TABLE} at (1,1) size 772x24 [bgcolor=#008000]
                        LayoutTableSection {TBODY} at (0,0) size 772x24
                          LayoutTableRow {TR} at (0,2) size 772x20
                            LayoutTableCell {TD} at (2,2) size 768x20 [r=0 c=0 rs=1 cs=1]
                              LayoutText {#text} at (1,1) size 51x18
                                text run at (1,1) width 51: "Content"
