layer at (0,0) size 800x600
  LayoutView at (0,0) size 800x600
layer at (0,0) size 800x600
  LayoutBlockFlow {HTML} at (0,0) size 800x600
    LayoutBlockFlow {BODY} at (8,8) size 784x584
      LayoutTable {TABLE} at (0,0) size 784x60 [bgcolor=#FF0000]
        LayoutTableSection {TBODY} at (0,0) size 784x60
          LayoutTableRow {TR} at (0,2) size 784x56
            LayoutTableCell {TD} at (2,2) size 780x56 [r=0 c=0 rs=1 cs=1]
              LayoutBlockFlow {DIV} at (1,1) size 778x54
                LayoutBlockFlow (anonymous) at (0,0) size 778x18
                  LayoutText {#text} at (0,0) size 24x18
                    text run at (0,0) width 24: "boo"
                LayoutTable {TABLE} at (0,18) size 100x36 [bgcolor=#800080]
                  LayoutTableSection {TBODY} at (0,0) size 100x36
                    LayoutTableRow {TR} at (0,2) size 100x32
                      LayoutTableCell {TD} at (2,2) size 96x32 [r=0 c=0 rs=1 cs=1]
                        LayoutTable {TABLE} at (1,1) size 94x30 [bgcolor=#0000FF]
                          LayoutTableSection {TBODY} at (0,0) size 94x30
                            LayoutTableRow {TR} at (0,2) size 94x26
                              LayoutTableCell {TD} at (2,2) size 90x26 [r=0 c=0 rs=1 cs=1]
                                LayoutTable {TABLE} at (1,1) size 88x24 [bgcolor=#008000]
                                  LayoutTableSection {TBODY} at (0,0) size 88x24
                                    LayoutTableRow {TR} at (0,2) size 88x20
                                      LayoutTableCell {TD} at (2,2) size 84x20 [r=0 c=0 rs=1 cs=1]
                                        LayoutText {#text} at (1,1) size 51x18
                                          text run at (1,1) width 51: "Content"
