layer at (0,0) size 800x600
  LayoutView at (0,0) size 800x600
layer at (0,0) size 800x600
  LayoutBlockFlow {HTML} at (0,0) size 800x600
    LayoutBlockFlow {BODY} at (8,8) size 784x584
      LayoutBlockFlow {P} at (0,0) size 784x18
        LayoutText {#text} at (0,0) size 384x18
          text run at (0,0) width 384: "This page has a few form elements on it with various styles."
      LayoutBlockFlow {P} at (0,34) size 784x18
        LayoutText {#text} at (0,0) size 582x18
          text run at (0,0) width 582: "In older versions of WebKit, the table styles would cause infinite recursion and hangs. See "
        LayoutInline {A} at (0,0) size 116x18 [color=#0000EE]
          LayoutText {#text} at (581,0) size 116x18
            text run at (581,0) width 116: "bugzilla bug 5731"
        LayoutText {#text} at (696,0) size 5x18
          text run at (696,0) width 5: "."
      LayoutBlockFlow {DIV} at (0,68) size 784x18
        LayoutInline {FORM} at (0,0) size 92x18
          LayoutText {#text} at (0,0) size 92x18
            text run at (0,0) width 92: "display: inline"
      LayoutBlockFlow {DIV} at (0,86) size 784x18
        LayoutBlockFlow {FORM} at (0,0) size 784x18
          LayoutText {#text} at (0,0) size 91x18
            text run at (0,0) width 91: "display: block"
      LayoutBlockFlow {DIV} at (0,120) size 784x18
        LayoutListItem {FORM} at (0,0) size 784x18
          LayoutListMarker (anonymous) at (-17,0) size 7x18: bullet
          LayoutText {#text} at (0,0) size 108x18
            text run at (0,0) width 108: "display: list-item"
      LayoutBlockFlow {DIV} at (0,154) size 784x18
        LayoutBlockFlow {FORM} at (0,0) size 784x18
          LayoutText {#text} at (0,0) size 109x18
            text run at (0,0) width 109: "display: compact"
      LayoutBlockFlow {DIV} at (0,188) size 784x34
        LayoutBlockFlow {FORM} at (0,0) size 131.98x18
          LayoutText {#text} at (0,0) size 132x18
            text run at (0,0) width 132: "display: inline-block"
      LayoutBlockFlow {DIV} at (0,222) size 784x18
        LayoutTable {FORM} at (0,0) size 86x18
          LayoutTableSection (anonymous) at (0,0) size 86x18
            LayoutTableRow (anonymous) at (0,0) size 86x18
              LayoutTableCell (anonymous) at (0,0) size 86x18 [r=0 c=0 rs=1 cs=1]
                LayoutText {#text} at (0,0) size 86x18
                  text run at (0,0) width 86: "display: table"
      LayoutBlockFlow {DIV} at (0,256) size 784x34
        LayoutTable {FORM} at (0,0) size 128x18
          LayoutTableSection (anonymous) at (0,0) size 128x18
            LayoutTableRow (anonymous) at (0,0) size 128x18
              LayoutTableCell (anonymous) at (0,0) size 128x18 [r=0 c=0 rs=1 cs=1]
                LayoutText {#text} at (0,0) size 128x18
                  text run at (0,0) width 128: "display: inline-table"
      LayoutBlockFlow {DIV} at (0,290) size 784x18
        LayoutTable (anonymous) at (0,0) size 159x18
          LayoutTableSection {FORM} at (0,0) size 159x18
            LayoutTableRow (anonymous) at (0,0) size 159x18
              LayoutTableCell (anonymous) at (0,0) size 159x18 [r=0 c=0 rs=1 cs=1]
                LayoutText {#text} at (0,0) size 159x18
                  text run at (0,0) width 159: "display: table-row-group"
      LayoutBlockFlow {DIV} at (0,308) size 784x18
        LayoutTable (anonymous) at (0,0) size 177x18
          LayoutTableSection {FORM} at (0,0) size 177x18
            LayoutTableRow (anonymous) at (0,0) size 177x18
              LayoutTableCell (anonymous) at (0,0) size 177x18 [r=0 c=0 rs=1 cs=1]
                LayoutText {#text} at (0,0) size 177x18
                  text run at (0,0) width 177: "display: table-header-group"
      LayoutBlockFlow {DIV} at (0,326) size 784x18
        LayoutTable (anonymous) at (0,0) size 172x18
          LayoutTableSection {FORM} at (0,0) size 172x18
            LayoutTableRow (anonymous) at (0,0) size 172x18
              LayoutTableCell (anonymous) at (0,0) size 172x18 [r=0 c=0 rs=1 cs=1]
                LayoutText {#text} at (0,0) size 172x18
                  text run at (0,0) width 172: "display: table-footer-group"
      LayoutBlockFlow {DIV} at (0,344) size 784x18
        LayoutTable (anonymous) at (0,0) size 116x18
          LayoutTableSection (anonymous) at (0,0) size 116x18
            LayoutTableRow {FORM} at (0,0) size 116x18
              LayoutTableCell (anonymous) at (0,0) size 116x18 [r=0 c=0 rs=1 cs=1]
                LayoutText {#text} at (0,0) size 116x18
                  text run at (0,0) width 116: "display: table-row"
      LayoutBlockFlow {DIV} at (0,362) size 784x0
        LayoutTable (anonymous) at (0,0) size 0x0
          LayoutTableCol {FORM} at (0,0) size 0x0
      LayoutBlockFlow {DIV} at (0,362) size 784x0
        LayoutTable (anonymous) at (0,0) size 0x0
          LayoutTableCol {FORM} at (0,0) size 0x0
      LayoutBlockFlow {DIV} at (0,362) size 784x18
        LayoutTable (anonymous) at (0,0) size 115x18
          LayoutTableSection (anonymous) at (0,0) size 115x18
            LayoutTableRow (anonymous) at (0,0) size 115x18
              LayoutTableCell {FORM} at (0,0) size 115x18 [r=0 c=0 rs=1 cs=1]
                LayoutText {#text} at (0,0) size 115x18
                  text run at (0,0) width 115: "display: table-cell"
      LayoutBlockFlow {DIV} at (0,380) size 784x70
        LayoutTable (anonymous) at (0,0) size 50x70
          LayoutBlockFlow {FORM} at (0,0) size 50x54
            LayoutText {#text} at (0,0) size 51x54
              text run at (0,0) width 51: "display:"
              text run at (0,18) width 37: "table-"
              text run at (0,36) width 48: "caption"
