layer at (0,0) size 800x600 clip at (0,0) size 785x600 scrollHeight 7608
  LayoutView at (0,0) size 800x600
layer at (0,0) size 785x7608 backgroundClip at (0,0) size 785x600 clip at (0,0) size 785x600
  LayoutBlockFlow {HTML} at (0,0) size 785x7608
    LayoutBlockFlow {BODY} at (8,8) size 769x7552
      LayoutTable {TABLE} at (0,0) size 273x118
        LayoutBlockFlow {CAPTION} at (0,0) size 273x18
          LayoutInline {A} at (0,0) size 226x18
            LayoutText {#text} at (21,0) size 226x18
              text run at (21,0) width 226: "Frame=\x{201C}void\x{201D} and Rules=\x{201C}none\x{201D}"
          LayoutInline {<pseudo:after>} at (0,0) size 6x18
            LayoutTextFragment (anonymous) at (246,0) size 6x18
              text run at (246,0) width 6: ":"
        LayoutTableSection {THEAD} at (0,18) size 273x20
          LayoutTableRow {TR} at (0,0) size 273x20
            LayoutTableCell {TD} at (0,0) size 91x20 [r=0 c=0 rs=1 cs=1]
              LayoutText {#text} at (1,1) size 89x18
                text run at (1,1) width 89: "Row 1, Cell 1"
            LayoutTableCell {TD} at (91,0) size 91x20 [r=0 c=1 rs=1 cs=1]
              LayoutText {#text} at (1,1) size 89x18
                text run at (1,1) width 89: "Row 1, Cell 2"
            LayoutTableCell {TD} at (182,0) size 91x20 [r=0 c=2 rs=1 cs=1]
              LayoutText {#text} at (1,1) size 89x18
                text run at (1,1) width 89: "Row 1, Cell 3"
        LayoutTableSection {TBODY} at (0,38) size 273x60
          LayoutTableRow {TR} at (0,0) size 273x20
            LayoutTableCell {TD} at (0,10) size 91x20 [r=0 c=0 rs=2 cs=1]
              LayoutText {#text} at (1,1) size 89x18
                text run at (1,1) width 89: "Row 2, Cell 1"
            LayoutTableCell {TD} at (91,0) size 182x20 [r=0 c=1 rs=1 cs=2]
              LayoutText {#text} at (1,1) size 89x18
                text run at (1,1) width 89: "Row 2, Cell 2"
          LayoutTableRow {TR} at (0,20) size 273x20
            LayoutTableCell {TD} at (91,20) size 91x20 [r=1 c=1 rs=1 cs=1]
              LayoutText {#text} at (1,1) size 89x18
                text run at (1,1) width 89: "Row 3, Cell 2"
            LayoutTableCell {TD} at (182,30) size 91x20 [r=1 c=2 rs=2 cs=1]
              LayoutText {#text} at (1,1) size 89x18
                text run at (1,1) width 89: "Row 3, Cell 3"
          LayoutTableRow {TR} at (0,40) size 273x20
            LayoutTableCell {TD} at (0,40) size 182x20 [r=2 c=0 rs=1 cs=2]
              LayoutText {#text} at (1,1) size 89x18
                text run at (1,1) width 89: "Row 4, Cell 1"
        LayoutTableSection {TFOOT} at (0,98) size 273x20
          LayoutTableRow {TR} at (0,0) size 273x20
            LayoutTableCell {TD} at (0,0) size 91x20 [r=0 c=0 rs=1 cs=1]
              LayoutText {#text} at (1,1) size 89x18
                text run at (1,1) width 89: "Row 5, Cell 1"
            LayoutTableCell {TD} at (91,0) size 91x20 [r=0 c=1 rs=1 cs=1]
              LayoutText {#text} at (1,1) size 89x18
                text run at (1,1) width 89: "Row 5, Cell 2"
            LayoutTableCell {TD} at (182,0) size 91x20 [r=0 c=2 rs=1 cs=1]
              LayoutText {#text} at (1,1) size 89x18
                text run at (1,1) width 89: "Row 5, Cell 3"
      LayoutTable {TABLE} at (0,166) size 273x119
        LayoutBlockFlow {CAPTION} at (0,0) size 273x18
          LayoutInline {A} at (0,0) size 237x18
            LayoutText {#text} at (15,0) size 237x18
              text run at (15,0) width 237: "Frame=\x{201C}above\x{201D} and Rules=\x{201C}none\x{201D}"
          LayoutInline {<pseudo:after>} at (0,0) size 7x18
            LayoutTextFragment (anonymous) at (251,0) size 7x18
              text run at (251,0) width 7: ":"
        LayoutTableSection {THEAD} at (0,18) size 273x21
          LayoutTableRow {TR} at (0,0) size 273x21
            LayoutTableCell {TD} at (0,0) size 91x21 [border: (1px none #000000)] [r=0 c=0 rs=1 cs=1]
              LayoutText {#text} at (1,2) size 89x18
                text run at (1,2) width 89: "Row 1, Cell 1"
            LayoutTableCell {TD} at (91,0) size 91x21 [border: (1px none #000000)] [r=0 c=1 rs=1 cs=1]
              LayoutText {#text} at (1,2) size 89x18
                text run at (1,2) width 89: "Row 1, Cell 2"
            LayoutTableCell {TD} at (182,0) size 91x21 [border: (1px none #000000)] [r=0 c=2 rs=1 cs=1]
              LayoutText {#text} at (1,2) size 89x18
                text run at (1,2) width 89: "Row 1, Cell 3"
        LayoutTableSection {TBODY} at (0,39) size 273x60
          LayoutTableRow {TR} at (0,0) size 273x20
            LayoutTableCell {TD} at (0,10) size 91x20 [r=0 c=0 rs=2 cs=1]
              LayoutText {#text} at (1,1) size 89x18
                text run at (1,1) width 89: "Row 2, Cell 1"
            LayoutTableCell {TD} at (91,0) size 182x20 [r=0 c=1 rs=1 cs=2]
              LayoutText {#text} at (1,1) size 89x18
                text run at (1,1) width 89: "Row 2, Cell 2"
          LayoutTableRow {TR} at (0,20) size 273x20
            LayoutTableCell {TD} at (91,20) size 91x20 [r=1 c=1 rs=1 cs=1]
              LayoutText {#text} at (1,1) size 89x18
                text run at (1,1) width 89: "Row 3, Cell 2"
            LayoutTableCell {TD} at (182,30) size 91x20 [r=1 c=2 rs=2 cs=1]
              LayoutText {#text} at (1,1) size 89x18
                text run at (1,1) width 89: "Row 3, Cell 3"
          LayoutTableRow {TR} at (0,40) size 273x20
            LayoutTableCell {TD} at (0,40) size 182x20 [r=2 c=0 rs=1 cs=2]
              LayoutText {#text} at (1,1) size 89x18
                text run at (1,1) width 89: "Row 4, Cell 1"
        LayoutTableSection {TFOOT} at (0,99) size 273x20
          LayoutTableRow {TR} at (0,0) size 273x20
            LayoutTableCell {TD} at (0,0) size 91x20 [r=0 c=0 rs=1 cs=1]
              LayoutText {#text} at (1,1) size 89x18
                text run at (1,1) width 89: "Row 5, Cell 1"
            LayoutTableCell {TD} at (91,0) size 91x20 [r=0 c=1 rs=1 cs=1]
              LayoutText {#text} at (1,1) size 89x18
                text run at (1,1) width 89: "Row 5, Cell 2"
            LayoutTableCell {TD} at (182,0) size 91x20 [r=0 c=2 rs=1 cs=1]
              LayoutText {#text} at (1,1) size 89x18
                text run at (1,1) width 89: "Row 5, Cell 3"
      LayoutTable {TABLE} at (0,333) size 273x119 [border: none (1px solid #808080) none]
        LayoutBlockFlow {CAPTION} at (0,0) size 273x18
          LayoutInline {A} at (0,0) size 237x18
            LayoutText {#text} at (15,0) size 237x18
              text run at (15,0) width 237: "Frame=\x{201C}below\x{201D} and Rules=\x{201C}none\x{201D}"
          LayoutInline {<pseudo:after>} at (0,0) size 7x18
            LayoutTextFragment (anonymous) at (251,0) size 7x18
              text run at (251,0) width 7: ":"
        LayoutTableSection {THEAD} at (0,18) size 273x20
          LayoutTableRow {TR} at (0,0) size 273x20
            LayoutTableCell {TD} at (0,0) size 91x20 [r=0 c=0 rs=1 cs=1]
              LayoutText {#text} at (1,1) size 89x18
                text run at (1,1) width 89: "Row 1, Cell 1"
            LayoutTableCell {TD} at (91,0) size 91x20 [r=0 c=1 rs=1 cs=1]
              LayoutText {#text} at (1,1) size 89x18
                text run at (1,1) width 89: "Row 1, Cell 2"
            LayoutTableCell {TD} at (182,0) size 91x20 [r=0 c=2 rs=1 cs=1]
              LayoutText {#text} at (1,1) size 89x18
                text run at (1,1) width 89: "Row 1, Cell 3"
        LayoutTableSection {TBODY} at (0,38) size 273x60
          LayoutTableRow {TR} at (0,0) size 273x20
            LayoutTableCell {TD} at (0,10) size 91x20 [r=0 c=0 rs=2 cs=1]
              LayoutText {#text} at (1,1) size 89x18
                text run at (1,1) width 89: "Row 2, Cell 1"
            LayoutTableCell {TD} at (91,0) size 182x20 [r=0 c=1 rs=1 cs=2]
              LayoutText {#text} at (1,1) size 89x18
                text run at (1,1) width 89: "Row 2, Cell 2"
          LayoutTableRow {TR} at (0,20) size 273x20
            LayoutTableCell {TD} at (91,20) size 91x20 [r=1 c=1 rs=1 cs=1]
              LayoutText {#text} at (1,1) size 89x18
                text run at (1,1) width 89: "Row 3, Cell 2"
            LayoutTableCell {TD} at (182,30) size 91x20 [r=1 c=2 rs=2 cs=1]
              LayoutText {#text} at (1,1) size 89x18
                text run at (1,1) width 89: "Row 3, Cell 3"
          LayoutTableRow {TR} at (0,40) size 273x20
            LayoutTableCell {TD} at (0,40) size 182x20 [r=2 c=0 rs=1 cs=2]
              LayoutText {#text} at (1,1) size 89x18
                text run at (1,1) width 89: "Row 4, Cell 1"
        LayoutTableSection {TFOOT} at (0,98) size 273x20
          LayoutTableRow {TR} at (0,0) size 273x20
            LayoutTableCell {TD} at (0,0) size 91x20 [r=0 c=0 rs=1 cs=1]
              LayoutText {#text} at (1,1) size 89x18
                text run at (1,1) width 89: "Row 5, Cell 1"
            LayoutTableCell {TD} at (91,0) size 91x20 [r=0 c=1 rs=1 cs=1]
              LayoutText {#text} at (1,1) size 89x18
                text run at (1,1) width 89: "Row 5, Cell 2"
            LayoutTableCell {TD} at (182,0) size 91x20 [r=0 c=2 rs=1 cs=1]
              LayoutText {#text} at (1,1) size 89x18
                text run at (1,1) width 89: "Row 5, Cell 3"
      LayoutTable {TABLE} at (0,500) size 273x120 [border: none none (1px solid #808080) none]
        LayoutBlockFlow {CAPTION} at (0,0) size 273x18
          LayoutInline {A} at (0,0) size 240x18
            LayoutText {#text} at (14,0) size 240x18
              text run at (14,0) width 240: "Frame=\x{201C}hsides\x{201D} and Rules=\x{201C}none\x{201D}"
          LayoutInline {<pseudo:after>} at (0,0) size 6x18
            LayoutTextFragment (anonymous) at (253,0) size 6x18
              text run at (253,0) width 6: ":"
        LayoutTableSection {THEAD} at (0,18) size 273x21
          LayoutTableRow {TR} at (0,0) size 273x21
            LayoutTableCell {TD} at (0,0) size 91x21 [border: (1px none #000000)] [r=0 c=0 rs=1 cs=1]
              LayoutText {#text} at (1,2) size 89x18
                text run at (1,2) width 89: "Row 1, Cell 1"
            LayoutTableCell {TD} at (91,0) size 91x21 [border: (1px none #000000)] [r=0 c=1 rs=1 cs=1]
              LayoutText {#text} at (1,2) size 89x18
                text run at (1,2) width 89: "Row 1, Cell 2"
            LayoutTableCell {TD} at (182,0) size 91x21 [border: (1px none #000000)] [r=0 c=2 rs=1 cs=1]
              LayoutText {#text} at (1,2) size 89x18
                text run at (1,2) width 89: "Row 1, Cell 3"
        LayoutTableSection {TBODY} at (0,39) size 273x60
          LayoutTableRow {TR} at (0,0) size 273x20
            LayoutTableCell {TD} at (0,10) size 91x20 [r=0 c=0 rs=2 cs=1]
              LayoutText {#text} at (1,1) size 89x18
                text run at (1,1) width 89: "Row 2, Cell 1"
            LayoutTableCell {TD} at (91,0) size 182x20 [r=0 c=1 rs=1 cs=2]
              LayoutText {#text} at (1,1) size 89x18
                text run at (1,1) width 89: "Row 2, Cell 2"
          LayoutTableRow {TR} at (0,20) size 273x20
            LayoutTableCell {TD} at (91,20) size 91x20 [r=1 c=1 rs=1 cs=1]
              LayoutText {#text} at (1,1) size 89x18
                text run at (1,1) width 89: "Row 3, Cell 2"
            LayoutTableCell {TD} at (182,30) size 91x20 [r=1 c=2 rs=2 cs=1]
              LayoutText {#text} at (1,1) size 89x18
                text run at (1,1) width 89: "Row 3, Cell 3"
          LayoutTableRow {TR} at (0,40) size 273x20
            LayoutTableCell {TD} at (0,40) size 182x20 [r=2 c=0 rs=1 cs=2]
              LayoutText {#text} at (1,1) size 89x18
                text run at (1,1) width 89: "Row 4, Cell 1"
        LayoutTableSection {TFOOT} at (0,99) size 273x20
          LayoutTableRow {TR} at (0,0) size 273x20
            LayoutTableCell {TD} at (0,0) size 91x20 [r=0 c=0 rs=1 cs=1]
              LayoutText {#text} at (1,1) size 89x18
                text run at (1,1) width 89: "Row 5, Cell 1"
            LayoutTableCell {TD} at (91,0) size 91x20 [r=0 c=1 rs=1 cs=1]
              LayoutText {#text} at (1,1) size 89x18
                text run at (1,1) width 89: "Row 5, Cell 2"
            LayoutTableCell {TD} at (182,0) size 91x20 [r=0 c=2 rs=1 cs=1]
              LayoutText {#text} at (1,1) size 89x18
                text run at (1,1) width 89: "Row 5, Cell 3"
      LayoutTable {TABLE} at (0,668) size 275x118 [border: none (1px solid #808080) none none]
        LayoutBlockFlow {CAPTION} at (0,0) size 275x18
          LayoutInline {A} at (0,0) size 238x18
            LayoutText {#text} at (16,0) size 238x18
              text run at (16,0) width 238: "Frame=\x{201C}vsides\x{201D} and Rules=\x{201C}none\x{201D}"
          LayoutInline {<pseudo:after>} at (0,0) size 6x18
            LayoutTextFragment (anonymous) at (253,0) size 6x18
              text run at (253,0) width 6: ":"
        LayoutTableSection {THEAD} at (0,18) size 274x20
          LayoutTableRow {TR} at (0,0) size 274x20
            LayoutTableCell {TD} at (0,0) size 92x20 [border: none] [r=0 c=0 rs=1 cs=1]
              LayoutText {#text} at (2,1) size 89x18
                text run at (2,1) width 89: "Row 1, Cell 1"
            LayoutTableCell {TD} at (92,0) size 91x20 [r=0 c=1 rs=1 cs=1]
              LayoutText {#text} at (1,1) size 89x18
                text run at (1,1) width 89: "Row 1, Cell 2"
            LayoutTableCell {TD} at (183,0) size 91x20 [r=0 c=2 rs=1 cs=1]
              LayoutText {#text} at (1,1) size 89x18
                text run at (1,1) width 89: "Row 1, Cell 3"
        LayoutTableSection {TBODY} at (0,38) size 274x60
          LayoutTableRow {TR} at (0,0) size 274x20
            LayoutTableCell {TD} at (0,10) size 92x20 [border: none] [r=0 c=0 rs=2 cs=1]
              LayoutText {#text} at (2,1) size 89x18
                text run at (2,1) width 89: "Row 2, Cell 1"
            LayoutTableCell {TD} at (92,0) size 182x20 [r=0 c=1 rs=1 cs=2]
              LayoutText {#text} at (1,1) size 89x18
                text run at (1,1) width 89: "Row 2, Cell 2"
          LayoutTableRow {TR} at (0,20) size 274x20
            LayoutTableCell {TD} at (92,20) size 91x20 [r=1 c=1 rs=1 cs=1]
              LayoutText {#text} at (1,1) size 89x18
                text run at (1,1) width 89: "Row 3, Cell 2"
            LayoutTableCell {TD} at (183,30) size 91x20 [r=1 c=2 rs=2 cs=1]
              LayoutText {#text} at (1,1) size 89x18
                text run at (1,1) width 89: "Row 3, Cell 3"
          LayoutTableRow {TR} at (0,40) size 274x20
            LayoutTableCell {TD} at (0,40) size 183x20 [border: none] [r=2 c=0 rs=1 cs=2]
              LayoutText {#text} at (2,1) size 89x18
                text run at (2,1) width 89: "Row 4, Cell 1"
        LayoutTableSection {TFOOT} at (0,98) size 274x20
          LayoutTableRow {TR} at (0,0) size 274x20
            LayoutTableCell {TD} at (0,0) size 92x20 [border: none] [r=0 c=0 rs=1 cs=1]
              LayoutText {#text} at (2,1) size 89x18
                text run at (2,1) width 89: "Row 5, Cell 1"
            LayoutTableCell {TD} at (92,0) size 91x20 [r=0 c=1 rs=1 cs=1]
              LayoutText {#text} at (1,1) size 89x18
                text run at (1,1) width 89: "Row 5, Cell 2"
            LayoutTableCell {TD} at (183,0) size 91x20 [r=0 c=2 rs=1 cs=1]
              LayoutText {#text} at (1,1) size 89x18
                text run at (1,1) width 89: "Row 5, Cell 3"
      LayoutTable {TABLE} at (0,834) size 274x118
        LayoutBlockFlow {CAPTION} at (0,0) size 274x18
          LayoutInline {A} at (0,0) size 219x18
            LayoutText {#text} at (25,0) size 219x18
              text run at (25,0) width 219: "Frame=\x{201C}lhs\x{201D} and Rules=\x{201C}none\x{201D}"
          LayoutInline {<pseudo:after>} at (0,0) size 6x18
            LayoutTextFragment (anonymous) at (243,0) size 6x18
              text run at (243,0) width 6: ":"
        LayoutTableSection {THEAD} at (0,18) size 274x20
          LayoutTableRow {TR} at (0,0) size 274x20
            LayoutTableCell {TD} at (0,0) size 92x20 [border: none] [r=0 c=0 rs=1 cs=1]
              LayoutText {#text} at (2,1) size 89x18
                text run at (2,1) width 89: "Row 1, Cell 1"
            LayoutTableCell {TD} at (92,0) size 91x20 [r=0 c=1 rs=1 cs=1]
              LayoutText {#text} at (1,1) size 89x18
                text run at (1,1) width 89: "Row 1, Cell 2"
            LayoutTableCell {TD} at (183,0) size 91x20 [r=0 c=2 rs=1 cs=1]
              LayoutText {#text} at (1,1) size 89x18
                text run at (1,1) width 89: "Row 1, Cell 3"
        LayoutTableSection {TBODY} at (0,38) size 274x60
          LayoutTableRow {TR} at (0,0) size 274x20
            LayoutTableCell {TD} at (0,10) size 92x20 [border: none] [r=0 c=0 rs=2 cs=1]
              LayoutText {#text} at (2,1) size 89x18
                text run at (2,1) width 89: "Row 2, Cell 1"
            LayoutTableCell {TD} at (92,0) size 182x20 [r=0 c=1 rs=1 cs=2]
              LayoutText {#text} at (1,1) size 89x18
                text run at (1,1) width 89: "Row 2, Cell 2"
          LayoutTableRow {TR} at (0,20) size 274x20
            LayoutTableCell {TD} at (92,20) size 91x20 [r=1 c=1 rs=1 cs=1]
              LayoutText {#text} at (1,1) size 89x18
                text run at (1,1) width 89: "Row 3, Cell 2"
            LayoutTableCell {TD} at (183,30) size 91x20 [r=1 c=2 rs=2 cs=1]
              LayoutText {#text} at (1,1) size 89x18
                text run at (1,1) width 89: "Row 3, Cell 3"
          LayoutTableRow {TR} at (0,40) size 274x20
            LayoutTableCell {TD} at (0,40) size 183x20 [border: none] [r=2 c=0 rs=1 cs=2]
              LayoutText {#text} at (2,1) size 89x18
                text run at (2,1) width 89: "Row 4, Cell 1"
        LayoutTableSection {TFOOT} at (0,98) size 274x20
          LayoutTableRow {TR} at (0,0) size 274x20
            LayoutTableCell {TD} at (0,0) size 92x20 [border: none] [r=0 c=0 rs=1 cs=1]
              LayoutText {#text} at (2,1) size 89x18
                text run at (2,1) width 89: "Row 5, Cell 1"
            LayoutTableCell {TD} at (92,0) size 91x20 [r=0 c=1 rs=1 cs=1]
              LayoutText {#text} at (1,1) size 89x18
                text run at (1,1) width 89: "Row 5, Cell 2"
            LayoutTableCell {TD} at (183,0) size 91x20 [r=0 c=2 rs=1 cs=1]
              LayoutText {#text} at (1,1) size 89x18
                text run at (1,1) width 89: "Row 5, Cell 3"
      LayoutTable {TABLE} at (0,1000) size 274x118 [border: none (1px solid #808080) none]
        LayoutBlockFlow {CAPTION} at (0,0) size 274x18
          LayoutInline {A} at (0,0) size 220x18
            LayoutText {#text} at (24,0) size 220x18
              text run at (24,0) width 220: "Frame=\x{201C}rhs\x{201D} and Rules=\x{201C}none\x{201D}"
          LayoutInline {<pseudo:after>} at (0,0) size 7x18
            LayoutTextFragment (anonymous) at (243,0) size 7x18
              text run at (243,0) width 7: ":"
        LayoutTableSection {THEAD} at (0,18) size 273x20
          LayoutTableRow {TR} at (0,0) size 273x20
            LayoutTableCell {TD} at (0,0) size 91x20 [r=0 c=0 rs=1 cs=1]
              LayoutText {#text} at (1,1) size 89x18
                text run at (1,1) width 89: "Row 1, Cell 1"
            LayoutTableCell {TD} at (91,0) size 91x20 [r=0 c=1 rs=1 cs=1]
              LayoutText {#text} at (1,1) size 89x18
                text run at (1,1) width 89: "Row 1, Cell 2"
            LayoutTableCell {TD} at (182,0) size 91x20 [r=0 c=2 rs=1 cs=1]
              LayoutText {#text} at (1,1) size 89x18
                text run at (1,1) width 89: "Row 1, Cell 3"
        LayoutTableSection {TBODY} at (0,38) size 273x60
          LayoutTableRow {TR} at (0,0) size 273x20
            LayoutTableCell {TD} at (0,10) size 91x20 [r=0 c=0 rs=2 cs=1]
              LayoutText {#text} at (1,1) size 89x18
                text run at (1,1) width 89: "Row 2, Cell 1"
            LayoutTableCell {TD} at (91,0) size 182x20 [r=0 c=1 rs=1 cs=2]
              LayoutText {#text} at (1,1) size 89x18
                text run at (1,1) width 89: "Row 2, Cell 2"
          LayoutTableRow {TR} at (0,20) size 273x20
            LayoutTableCell {TD} at (91,20) size 91x20 [r=1 c=1 rs=1 cs=1]
              LayoutText {#text} at (1,1) size 89x18
                text run at (1,1) width 89: "Row 3, Cell 2"
            LayoutTableCell {TD} at (182,30) size 91x20 [r=1 c=2 rs=2 cs=1]
              LayoutText {#text} at (1,1) size 89x18
                text run at (1,1) width 89: "Row 3, Cell 3"
          LayoutTableRow {TR} at (0,40) size 273x20
            LayoutTableCell {TD} at (0,40) size 182x20 [r=2 c=0 rs=1 cs=2]
              LayoutText {#text} at (1,1) size 89x18
                text run at (1,1) width 89: "Row 4, Cell 1"
        LayoutTableSection {TFOOT} at (0,98) size 273x20
          LayoutTableRow {TR} at (0,0) size 273x20
            LayoutTableCell {TD} at (0,0) size 91x20 [r=0 c=0 rs=1 cs=1]
              LayoutText {#text} at (1,1) size 89x18
                text run at (1,1) width 89: "Row 5, Cell 1"
            LayoutTableCell {TD} at (91,0) size 91x20 [r=0 c=1 rs=1 cs=1]
              LayoutText {#text} at (1,1) size 89x18
                text run at (1,1) width 89: "Row 5, Cell 2"
            LayoutTableCell {TD} at (182,0) size 91x20 [r=0 c=2 rs=1 cs=1]
              LayoutText {#text} at (1,1) size 89x18
                text run at (1,1) width 89: "Row 5, Cell 3"
      LayoutTable {TABLE} at (0,1166) size 275x120 [border: none]
        LayoutBlockFlow {CAPTION} at (0,0) size 275x18
          LayoutInline {A} at (0,0) size 223x18
            LayoutText {#text} at (23,0) size 223x18
              text run at (23,0) width 223: "Frame=\x{201C}box\x{201D} and Rules=\x{201C}none\x{201D}"
          LayoutInline {<pseudo:after>} at (0,0) size 7x18
            LayoutTextFragment (anonymous) at (245,0) size 7x18
              text run at (245,0) width 7: ":"
        LayoutTableSection {THEAD} at (0,18) size 274x21
          LayoutTableRow {TR} at (0,0) size 274x21
            LayoutTableCell {TD} at (0,0) size 92x21 [border: (1px none #000000)] [r=0 c=0 rs=1 cs=1]
              LayoutText {#text} at (2,2) size 89x18
                text run at (2,2) width 89: "Row 1, Cell 1"
            LayoutTableCell {TD} at (92,0) size 91x21 [border: (1px none #000000)] [r=0 c=1 rs=1 cs=1]
              LayoutText {#text} at (1,2) size 89x18
                text run at (1,2) width 89: "Row 1, Cell 2"
            LayoutTableCell {TD} at (183,0) size 91x21 [border: (1px none #000000)] [r=0 c=2 rs=1 cs=1]
              LayoutText {#text} at (1,2) size 89x18
                text run at (1,2) width 89: "Row 1, Cell 3"
        LayoutTableSection {TBODY} at (0,39) size 274x60
          LayoutTableRow {TR} at (0,0) size 274x20
            LayoutTableCell {TD} at (0,10) size 92x20 [border: none] [r=0 c=0 rs=2 cs=1]
              LayoutText {#text} at (2,1) size 89x18
                text run at (2,1) width 89: "Row 2, Cell 1"
            LayoutTableCell {TD} at (92,0) size 182x20 [r=0 c=1 rs=1 cs=2]
              LayoutText {#text} at (1,1) size 89x18
                text run at (1,1) width 89: "Row 2, Cell 2"
          LayoutTableRow {TR} at (0,20) size 274x20
            LayoutTableCell {TD} at (92,20) size 91x20 [r=1 c=1 rs=1 cs=1]
              LayoutText {#text} at (1,1) size 89x18
                text run at (1,1) width 89: "Row 3, Cell 2"
            LayoutTableCell {TD} at (183,30) size 91x20 [r=1 c=2 rs=2 cs=1]
              LayoutText {#text} at (1,1) size 89x18
                text run at (1,1) width 89: "Row 3, Cell 3"
          LayoutTableRow {TR} at (0,40) size 274x20
            LayoutTableCell {TD} at (0,40) size 183x20 [border: none] [r=2 c=0 rs=1 cs=2]
              LayoutText {#text} at (2,1) size 89x18
                text run at (2,1) width 89: "Row 4, Cell 1"
        LayoutTableSection {TFOOT} at (0,99) size 274x20
          LayoutTableRow {TR} at (0,0) size 274x20
            LayoutTableCell {TD} at (0,0) size 92x20 [border: none] [r=0 c=0 rs=1 cs=1]
              LayoutText {#text} at (2,1) size 89x18
                text run at (2,1) width 89: "Row 5, Cell 1"
            LayoutTableCell {TD} at (92,0) size 91x20 [r=0 c=1 rs=1 cs=1]
              LayoutText {#text} at (1,1) size 89x18
                text run at (1,1) width 89: "Row 5, Cell 2"
            LayoutTableCell {TD} at (183,0) size 91x20 [r=0 c=2 rs=1 cs=1]
              LayoutText {#text} at (1,1) size 89x18
                text run at (1,1) width 89: "Row 5, Cell 3"
      LayoutTable {TABLE} at (0,1334) size 275x120 [border: none]
        LayoutBlockFlow {CAPTION} at (0,0) size 275x18
          LayoutInline {A} at (0,0) size 242x18
            LayoutText {#text} at (14,0) size 242x18
              text run at (14,0) width 242: "Frame=\x{201C}border\x{201D} and Rules=\x{201C}none\x{201D}"
          LayoutInline {<pseudo:after>} at (0,0) size 6x18
            LayoutTextFragment (anonymous) at (255,0) size 6x18
              text run at (255,0) width 6: ":"
        LayoutTableSection {THEAD} at (0,18) size 274x21
          LayoutTableRow {TR} at (0,0) size 274x21
            LayoutTableCell {TD} at (0,0) size 92x21 [border: (1px none #000000)] [r=0 c=0 rs=1 cs=1]
              LayoutText {#text} at (2,2) size 89x18
                text run at (2,2) width 89: "Row 1, Cell 1"
            LayoutTableCell {TD} at (92,0) size 91x21 [border: (1px none #000000)] [r=0 c=1 rs=1 cs=1]
              LayoutText {#text} at (1,2) size 89x18
                text run at (1,2) width 89: "Row 1, Cell 2"
            LayoutTableCell {TD} at (183,0) size 91x21 [border: (1px none #000000)] [r=0 c=2 rs=1 cs=1]
              LayoutText {#text} at (1,2) size 89x18
                text run at (1,2) width 89: "Row 1, Cell 3"
        LayoutTableSection {TBODY} at (0,39) size 274x60
          LayoutTableRow {TR} at (0,0) size 274x20
            LayoutTableCell {TD} at (0,10) size 92x20 [border: none] [r=0 c=0 rs=2 cs=1]
              LayoutText {#text} at (2,1) size 89x18
                text run at (2,1) width 89: "Row 2, Cell 1"
            LayoutTableCell {TD} at (92,0) size 182x20 [r=0 c=1 rs=1 cs=2]
              LayoutText {#text} at (1,1) size 89x18
                text run at (1,1) width 89: "Row 2, Cell 2"
          LayoutTableRow {TR} at (0,20) size 274x20
            LayoutTableCell {TD} at (92,20) size 91x20 [r=1 c=1 rs=1 cs=1]
              LayoutText {#text} at (1,1) size 89x18
                text run at (1,1) width 89: "Row 3, Cell 2"
            LayoutTableCell {TD} at (183,30) size 91x20 [r=1 c=2 rs=2 cs=1]
              LayoutText {#text} at (1,1) size 89x18
                text run at (1,1) width 89: "Row 3, Cell 3"
          LayoutTableRow {TR} at (0,40) size 274x20
            LayoutTableCell {TD} at (0,40) size 183x20 [border: none] [r=2 c=0 rs=1 cs=2]
              LayoutText {#text} at (2,1) size 89x18
                text run at (2,1) width 89: "Row 4, Cell 1"
        LayoutTableSection {TFOOT} at (0,99) size 274x20
          LayoutTableRow {TR} at (0,0) size 274x20
            LayoutTableCell {TD} at (0,0) size 92x20 [border: none] [r=0 c=0 rs=1 cs=1]
              LayoutText {#text} at (2,1) size 89x18
                text run at (2,1) width 89: "Row 5, Cell 1"
            LayoutTableCell {TD} at (92,0) size 91x20 [r=0 c=1 rs=1 cs=1]
              LayoutText {#text} at (1,1) size 89x18
                text run at (1,1) width 89: "Row 5, Cell 2"
            LayoutTableCell {TD} at (183,0) size 91x20 [r=0 c=2 rs=1 cs=1]
              LayoutText {#text} at (1,1) size 89x18
                text run at (1,1) width 89: "Row 5, Cell 3"
      LayoutTable {TABLE} at (0,1502) size 273x120
        LayoutBlockFlow {CAPTION} at (0,0) size 273x18
          LayoutInline {A} at (0,0) size 239x18
            LayoutText {#text} at (14,0) size 239x18
              text run at (14,0) width 239: "Frame=\x{201C}void\x{201D} and Rules=\x{201C}groups\x{201D}"
          LayoutInline {<pseudo:after>} at (0,0) size 7x18
            LayoutTextFragment (anonymous) at (252,0) size 7x18
              text run at (252,0) width 7: ":"
        LayoutTableSection {THEAD} at (0,18) size 273x20 [border: (1px solid #808080) none (1px solid #808080) none]
          LayoutTableRow {TR} at (0,0) size 273x20
            LayoutTableCell {TD} at (0,0) size 91x20 [r=0 c=0 rs=1 cs=1]
              LayoutText {#text} at (1,1) size 89x18
                text run at (1,1) width 89: "Row 1, Cell 1"
            LayoutTableCell {TD} at (91,0) size 91x20 [r=0 c=1 rs=1 cs=1]
              LayoutText {#text} at (1,1) size 89x18
                text run at (1,1) width 89: "Row 1, Cell 2"
            LayoutTableCell {TD} at (182,0) size 91x20 [r=0 c=2 rs=1 cs=1]
              LayoutText {#text} at (1,1) size 89x18
                text run at (1,1) width 89: "Row 1, Cell 3"
        LayoutTableSection {TBODY} at (0,38) size 273x61 [border: (1px solid #808080) none (1px solid #808080) none]
          LayoutTableRow {TR} at (0,0) size 273x21
            LayoutTableCell {TD} at (0,10) size 91x21 [border: (1px none #000000)] [r=0 c=0 rs=2 cs=1]
              LayoutText {#text} at (1,2) size 89x18
                text run at (1,2) width 89: "Row 2, Cell 1"
            LayoutTableCell {TD} at (91,0) size 182x21 [border: (1px none #000000)] [r=0 c=1 rs=1 cs=2]
              LayoutText {#text} at (1,2) size 89x18
                text run at (1,2) width 89: "Row 2, Cell 2"
          LayoutTableRow {TR} at (0,21) size 273x20
            LayoutTableCell {TD} at (91,21) size 91x20 [r=1 c=1 rs=1 cs=1]
              LayoutText {#text} at (1,1) size 89x18
                text run at (1,1) width 89: "Row 3, Cell 2"
            LayoutTableCell {TD} at (182,31) size 91x20 [r=1 c=2 rs=2 cs=1]
              LayoutText {#text} at (1,1) size 89x18
                text run at (1,1) width 89: "Row 3, Cell 3"
          LayoutTableRow {TR} at (0,41) size 273x20
            LayoutTableCell {TD} at (0,41) size 182x20 [r=2 c=0 rs=1 cs=2]
              LayoutText {#text} at (1,1) size 89x18
                text run at (1,1) width 89: "Row 4, Cell 1"
        LayoutTableSection {TFOOT} at (0,99) size 273x21 [border: (1px solid #808080) none (1px solid #808080) none]
          LayoutTableRow {TR} at (0,0) size 273x21
            LayoutTableCell {TD} at (0,0) size 91x21 [border: (1px none #000000)] [r=0 c=0 rs=1 cs=1]
              LayoutText {#text} at (1,2) size 89x18
                text run at (1,2) width 89: "Row 5, Cell 1"
            LayoutTableCell {TD} at (91,0) size 91x21 [border: (1px none #000000)] [r=0 c=1 rs=1 cs=1]
              LayoutText {#text} at (1,2) size 89x18
                text run at (1,2) width 89: "Row 5, Cell 2"
            LayoutTableCell {TD} at (182,0) size 91x21 [border: (1px none #000000)] [r=0 c=2 rs=1 cs=1]
              LayoutText {#text} at (1,2) size 89x18
                text run at (1,2) width 89: "Row 5, Cell 3"
      LayoutTable {TABLE} at (0,1670) size 273x121
        LayoutBlockFlow {CAPTION} at (0,0) size 273x18
          LayoutInline {A} at (0,0) size 250x18
            LayoutText {#text} at (9,0) size 250x18
              text run at (9,0) width 250: "Frame=\x{201C}above\x{201D} and Rules=\x{201C}groups\x{201D}"
          LayoutInline {<pseudo:after>} at (0,0) size 6x18
            LayoutTextFragment (anonymous) at (258,0) size 6x18
              text run at (258,0) width 6: ":"
        LayoutTableSection {THEAD} at (0,18) size 273x21 [border: (1px solid #808080) none (1px solid #808080) none]
          LayoutTableRow {TR} at (0,0) size 273x21
            LayoutTableCell {TD} at (0,0) size 91x21 [border: (1px none #000000)] [r=0 c=0 rs=1 cs=1]
              LayoutText {#text} at (1,2) size 89x18
                text run at (1,2) width 89: "Row 1, Cell 1"
            LayoutTableCell {TD} at (91,0) size 91x21 [border: (1px none #000000)] [r=0 c=1 rs=1 cs=1]
              LayoutText {#text} at (1,2) size 89x18
                text run at (1,2) width 89: "Row 1, Cell 2"
            LayoutTableCell {TD} at (182,0) size 91x21 [border: (1px none #000000)] [r=0 c=2 rs=1 cs=1]
              LayoutText {#text} at (1,2) size 89x18
                text run at (1,2) width 89: "Row 1, Cell 3"
        LayoutTableSection {TBODY} at (0,39) size 273x61 [border: (1px solid #808080) none (1px solid #808080) none]
          LayoutTableRow {TR} at (0,0) size 273x21
            LayoutTableCell {TD} at (0,10) size 91x21 [border: (1px none #000000)] [r=0 c=0 rs=2 cs=1]
              LayoutText {#text} at (1,2) size 89x18
                text run at (1,2) width 89: "Row 2, Cell 1"
            LayoutTableCell {TD} at (91,0) size 182x21 [border: (1px none #000000)] [r=0 c=1 rs=1 cs=2]
              LayoutText {#text} at (1,2) size 89x18
                text run at (1,2) width 89: "Row 2, Cell 2"
          LayoutTableRow {TR} at (0,21) size 273x20
            LayoutTableCell {TD} at (91,21) size 91x20 [r=1 c=1 rs=1 cs=1]
              LayoutText {#text} at (1,1) size 89x18
                text run at (1,1) width 89: "Row 3, Cell 2"
            LayoutTableCell {TD} at (182,31) size 91x20 [r=1 c=2 rs=2 cs=1]
              LayoutText {#text} at (1,1) size 89x18
                text run at (1,1) width 89: "Row 3, Cell 3"
          LayoutTableRow {TR} at (0,41) size 273x20
            LayoutTableCell {TD} at (0,41) size 182x20 [r=2 c=0 rs=1 cs=2]
              LayoutText {#text} at (1,1) size 89x18
                text run at (1,1) width 89: "Row 4, Cell 1"
        LayoutTableSection {TFOOT} at (0,100) size 273x21 [border: (1px solid #808080) none (1px solid #808080) none]
          LayoutTableRow {TR} at (0,0) size 273x21
            LayoutTableCell {TD} at (0,0) size 91x21 [border: (1px none #000000)] [r=0 c=0 rs=1 cs=1]
              LayoutText {#text} at (1,2) size 89x18
                text run at (1,2) width 89: "Row 5, Cell 1"
            LayoutTableCell {TD} at (91,0) size 91x21 [border: (1px none #000000)] [r=0 c=1 rs=1 cs=1]
              LayoutText {#text} at (1,2) size 89x18
                text run at (1,2) width 89: "Row 5, Cell 2"
            LayoutTableCell {TD} at (182,0) size 91x21 [border: (1px none #000000)] [r=0 c=2 rs=1 cs=1]
              LayoutText {#text} at (1,2) size 89x18
                text run at (1,2) width 89: "Row 5, Cell 3"
      LayoutTable {TABLE} at (0,1839) size 273x121 [border: none (1px solid #808080) none]
        LayoutBlockFlow {CAPTION} at (0,0) size 273x18
          LayoutInline {A} at (0,0) size 250x18
            LayoutText {#text} at (9,0) size 250x18
              text run at (9,0) width 250: "Frame=\x{201C}below\x{201D} and Rules=\x{201C}groups\x{201D}"
          LayoutInline {<pseudo:after>} at (0,0) size 6x18
            LayoutTextFragment (anonymous) at (258,0) size 6x18
              text run at (258,0) width 6: ":"
        LayoutTableSection {THEAD} at (0,18) size 273x20 [border: (1px solid #808080) none (1px solid #808080) none]
          LayoutTableRow {TR} at (0,0) size 273x20
            LayoutTableCell {TD} at (0,0) size 91x20 [r=0 c=0 rs=1 cs=1]
              LayoutText {#text} at (1,1) size 89x18
                text run at (1,1) width 89: "Row 1, Cell 1"
            LayoutTableCell {TD} at (91,0) size 91x20 [r=0 c=1 rs=1 cs=1]
              LayoutText {#text} at (1,1) size 89x18
                text run at (1,1) width 89: "Row 1, Cell 2"
            LayoutTableCell {TD} at (182,0) size 91x20 [r=0 c=2 rs=1 cs=1]
              LayoutText {#text} at (1,1) size 89x18
                text run at (1,1) width 89: "Row 1, Cell 3"
        LayoutTableSection {TBODY} at (0,38) size 273x61 [border: (1px solid #808080) none (1px solid #808080) none]
          LayoutTableRow {TR} at (0,0) size 273x21
            LayoutTableCell {TD} at (0,10) size 91x21 [border: (1px none #000000)] [r=0 c=0 rs=2 cs=1]
              LayoutText {#text} at (1,2) size 89x18
                text run at (1,2) width 89: "Row 2, Cell 1"
            LayoutTableCell {TD} at (91,0) size 182x21 [border: (1px none #000000)] [r=0 c=1 rs=1 cs=2]
              LayoutText {#text} at (1,2) size 89x18
                text run at (1,2) width 89: "Row 2, Cell 2"
          LayoutTableRow {TR} at (0,21) size 273x20
            LayoutTableCell {TD} at (91,21) size 91x20 [r=1 c=1 rs=1 cs=1]
              LayoutText {#text} at (1,1) size 89x18
                text run at (1,1) width 89: "Row 3, Cell 2"
            LayoutTableCell {TD} at (182,31) size 91x20 [r=1 c=2 rs=2 cs=1]
              LayoutText {#text} at (1,1) size 89x18
                text run at (1,1) width 89: "Row 3, Cell 3"
          LayoutTableRow {TR} at (0,41) size 273x20
            LayoutTableCell {TD} at (0,41) size 182x20 [r=2 c=0 rs=1 cs=2]
              LayoutText {#text} at (1,1) size 89x18
                text run at (1,1) width 89: "Row 4, Cell 1"
        LayoutTableSection {TFOOT} at (0,99) size 273x21 [border: (1px solid #808080) none (1px solid #808080) none]
          LayoutTableRow {TR} at (0,0) size 273x21
            LayoutTableCell {TD} at (0,0) size 91x21 [border: (1px none #000000)] [r=0 c=0 rs=1 cs=1]
              LayoutText {#text} at (1,2) size 89x18
                text run at (1,2) width 89: "Row 5, Cell 1"
            LayoutTableCell {TD} at (91,0) size 91x21 [border: (1px none #000000)] [r=0 c=1 rs=1 cs=1]
              LayoutText {#text} at (1,2) size 89x18
                text run at (1,2) width 89: "Row 5, Cell 2"
            LayoutTableCell {TD} at (182,0) size 91x21 [border: (1px none #000000)] [r=0 c=2 rs=1 cs=1]
              LayoutText {#text} at (1,2) size 89x18
                text run at (1,2) width 89: "Row 5, Cell 3"
      LayoutTable {TABLE} at (0,2008) size 273x122 [border: none none (1px solid #808080) none]
        LayoutBlockFlow {CAPTION} at (0,0) size 273x18
          LayoutInline {A} at (0,0) size 252x18
            LayoutText {#text} at (8,0) size 252x18
              text run at (8,0) width 252: "Frame=\x{201C}hsides\x{201D} and Rules=\x{201C}groups\x{201D}"
          LayoutInline {<pseudo:after>} at (0,0) size 6x18
            LayoutTextFragment (anonymous) at (259,0) size 6x18
              text run at (259,0) width 6: ":"
        LayoutTableSection {THEAD} at (0,18) size 273x21 [border: (1px solid #808080) none (1px solid #808080) none]
          LayoutTableRow {TR} at (0,0) size 273x21
            LayoutTableCell {TD} at (0,0) size 91x21 [border: (1px none #000000)] [r=0 c=0 rs=1 cs=1]
              LayoutText {#text} at (1,2) size 89x18
                text run at (1,2) width 89: "Row 1, Cell 1"
            LayoutTableCell {TD} at (91,0) size 91x21 [border: (1px none #000000)] [r=0 c=1 rs=1 cs=1]
              LayoutText {#text} at (1,2) size 89x18
                text run at (1,2) width 89: "Row 1, Cell 2"
            LayoutTableCell {TD} at (182,0) size 91x21 [border: (1px none #000000)] [r=0 c=2 rs=1 cs=1]
              LayoutText {#text} at (1,2) size 89x18
                text run at (1,2) width 89: "Row 1, Cell 3"
        LayoutTableSection {TBODY} at (0,39) size 273x61 [border: (1px solid #808080) none (1px solid #808080) none]
          LayoutTableRow {TR} at (0,0) size 273x21
            LayoutTableCell {TD} at (0,10) size 91x21 [border: (1px none #000000)] [r=0 c=0 rs=2 cs=1]
              LayoutText {#text} at (1,2) size 89x18
                text run at (1,2) width 89: "Row 2, Cell 1"
            LayoutTableCell {TD} at (91,0) size 182x21 [border: (1px none #000000)] [r=0 c=1 rs=1 cs=2]
              LayoutText {#text} at (1,2) size 89x18
                text run at (1,2) width 89: "Row 2, Cell 2"
          LayoutTableRow {TR} at (0,21) size 273x20
            LayoutTableCell {TD} at (91,21) size 91x20 [r=1 c=1 rs=1 cs=1]
              LayoutText {#text} at (1,1) size 89x18
                text run at (1,1) width 89: "Row 3, Cell 2"
            LayoutTableCell {TD} at (182,31) size 91x20 [r=1 c=2 rs=2 cs=1]
              LayoutText {#text} at (1,1) size 89x18
                text run at (1,1) width 89: "Row 3, Cell 3"
          LayoutTableRow {TR} at (0,41) size 273x20
            LayoutTableCell {TD} at (0,41) size 182x20 [r=2 c=0 rs=1 cs=2]
              LayoutText {#text} at (1,1) size 89x18
                text run at (1,1) width 89: "Row 4, Cell 1"
        LayoutTableSection {TFOOT} at (0,100) size 273x21 [border: (1px solid #808080) none (1px solid #808080) none]
          LayoutTableRow {TR} at (0,0) size 273x21
            LayoutTableCell {TD} at (0,0) size 91x21 [border: (1px none #000000)] [r=0 c=0 rs=1 cs=1]
              LayoutText {#text} at (1,2) size 89x18
                text run at (1,2) width 89: "Row 5, Cell 1"
            LayoutTableCell {TD} at (91,0) size 91x21 [border: (1px none #000000)] [r=0 c=1 rs=1 cs=1]
              LayoutText {#text} at (1,2) size 89x18
                text run at (1,2) width 89: "Row 5, Cell 2"
            LayoutTableCell {TD} at (182,0) size 91x21 [border: (1px none #000000)] [r=0 c=2 rs=1 cs=1]
              LayoutText {#text} at (1,2) size 89x18
                text run at (1,2) width 89: "Row 5, Cell 3"
      LayoutTable {TABLE} at (0,2178) size 275x120 [border: none (1px solid #808080) none none]
        LayoutBlockFlow {CAPTION} at (0,0) size 275x18
          LayoutInline {A} at (0,0) size 250x18
            LayoutText {#text} at (10,0) size 250x18
              text run at (10,0) width 250: "Frame=\x{201C}vsides\x{201D} and Rules=\x{201C}groups\x{201D}"
          LayoutInline {<pseudo:after>} at (0,0) size 6x18
            LayoutTextFragment (anonymous) at (259,0) size 6x18
              text run at (259,0) width 6: ":"
        LayoutTableSection {THEAD} at (0,18) size 274x20 [border: (1px solid #808080) none (1px solid #808080) none]
          LayoutTableRow {TR} at (0,0) size 274x20
            LayoutTableCell {TD} at (0,0) size 92x20 [border: none] [r=0 c=0 rs=1 cs=1]
              LayoutText {#text} at (2,1) size 89x18
                text run at (2,1) width 89: "Row 1, Cell 1"
            LayoutTableCell {TD} at (92,0) size 91x20 [r=0 c=1 rs=1 cs=1]
              LayoutText {#text} at (1,1) size 89x18
                text run at (1,1) width 89: "Row 1, Cell 2"
            LayoutTableCell {TD} at (183,0) size 91x20 [r=0 c=2 rs=1 cs=1]
              LayoutText {#text} at (1,1) size 89x18
                text run at (1,1) width 89: "Row 1, Cell 3"
        LayoutTableSection {TBODY} at (0,38) size 274x61 [border: (1px solid #808080) none (1px solid #808080) none]
          LayoutTableRow {TR} at (0,0) size 274x21
            LayoutTableCell {TD} at (0,10) size 92x21 [border: (1px none #000000)] [r=0 c=0 rs=2 cs=1]
              LayoutText {#text} at (2,2) size 89x18
                text run at (2,2) width 89: "Row 2, Cell 1"
            LayoutTableCell {TD} at (92,0) size 182x21 [border: (1px none #000000)] [r=0 c=1 rs=1 cs=2]
              LayoutText {#text} at (1,2) size 89x18
                text run at (1,2) width 89: "Row 2, Cell 2"
          LayoutTableRow {TR} at (0,21) size 274x20
            LayoutTableCell {TD} at (92,21) size 91x20 [r=1 c=1 rs=1 cs=1]
              LayoutText {#text} at (1,1) size 89x18
                text run at (1,1) width 89: "Row 3, Cell 2"
            LayoutTableCell {TD} at (183,31) size 91x20 [r=1 c=2 rs=2 cs=1]
              LayoutText {#text} at (1,1) size 89x18
                text run at (1,1) width 89: "Row 3, Cell 3"
          LayoutTableRow {TR} at (0,41) size 274x20
            LayoutTableCell {TD} at (0,41) size 183x20 [border: none] [r=2 c=0 rs=1 cs=2]
              LayoutText {#text} at (2,1) size 89x18
                text run at (2,1) width 89: "Row 4, Cell 1"
        LayoutTableSection {TFOOT} at (0,99) size 274x21 [border: (1px solid #808080) none (1px solid #808080) none]
          LayoutTableRow {TR} at (0,0) size 274x21
            LayoutTableCell {TD} at (0,0) size 92x21 [border: (1px none #000000)] [r=0 c=0 rs=1 cs=1]
              LayoutText {#text} at (2,2) size 89x18
                text run at (2,2) width 89: "Row 5, Cell 1"
            LayoutTableCell {TD} at (92,0) size 91x21 [border: (1px none #000000)] [r=0 c=1 rs=1 cs=1]
              LayoutText {#text} at (1,2) size 89x18
                text run at (1,2) width 89: "Row 5, Cell 2"
            LayoutTableCell {TD} at (183,0) size 91x21 [border: (1px none #000000)] [r=0 c=2 rs=1 cs=1]
              LayoutText {#text} at (1,2) size 89x18
                text run at (1,2) width 89: "Row 5, Cell 3"
      LayoutTable {TABLE} at (0,2346) size 274x120
        LayoutBlockFlow {CAPTION} at (0,0) size 274x18
          LayoutInline {A} at (0,0) size 231x18
            LayoutText {#text} at (19,0) size 231x18
              text run at (19,0) width 231: "Frame=\x{201C}lhs\x{201D} and Rules=\x{201C}groups\x{201D}"
          LayoutInline {<pseudo:after>} at (0,0) size 6x18
            LayoutTextFragment (anonymous) at (249,0) size 6x18
              text run at (249,0) width 6: ":"
        LayoutTableSection {THEAD} at (0,18) size 274x20 [border: (1px solid #808080) none (1px solid #808080) none]
          LayoutTableRow {TR} at (0,0) size 274x20
            LayoutTableCell {TD} at (0,0) size 92x20 [border: none] [r=0 c=0 rs=1 cs=1]
              LayoutText {#text} at (2,1) size 89x18
                text run at (2,1) width 89: "Row 1, Cell 1"
            LayoutTableCell {TD} at (92,0) size 91x20 [r=0 c=1 rs=1 cs=1]
              LayoutText {#text} at (1,1) size 89x18
                text run at (1,1) width 89: "Row 1, Cell 2"
            LayoutTableCell {TD} at (183,0) size 91x20 [r=0 c=2 rs=1 cs=1]
              LayoutText {#text} at (1,1) size 89x18
                text run at (1,1) width 89: "Row 1, Cell 3"
        LayoutTableSection {TBODY} at (0,38) size 274x61 [border: (1px solid #808080) none (1px solid #808080) none]
          LayoutTableRow {TR} at (0,0) size 274x21
            LayoutTableCell {TD} at (0,10) size 92x21 [border: (1px none #000000)] [r=0 c=0 rs=2 cs=1]
              LayoutText {#text} at (2,2) size 89x18
                text run at (2,2) width 89: "Row 2, Cell 1"
            LayoutTableCell {TD} at (92,0) size 182x21 [border: (1px none #000000)] [r=0 c=1 rs=1 cs=2]
              LayoutText {#text} at (1,2) size 89x18
                text run at (1,2) width 89: "Row 2, Cell 2"
          LayoutTableRow {TR} at (0,21) size 274x20
            LayoutTableCell {TD} at (92,21) size 91x20 [r=1 c=1 rs=1 cs=1]
              LayoutText {#text} at (1,1) size 89x18
                text run at (1,1) width 89: "Row 3, Cell 2"
            LayoutTableCell {TD} at (183,31) size 91x20 [r=1 c=2 rs=2 cs=1]
              LayoutText {#text} at (1,1) size 89x18
                text run at (1,1) width 89: "Row 3, Cell 3"
          LayoutTableRow {TR} at (0,41) size 274x20
            LayoutTableCell {TD} at (0,41) size 183x20 [border: none] [r=2 c=0 rs=1 cs=2]
              LayoutText {#text} at (2,1) size 89x18
                text run at (2,1) width 89: "Row 4, Cell 1"
        LayoutTableSection {TFOOT} at (0,99) size 274x21 [border: (1px solid #808080) none (1px solid #808080) none]
          LayoutTableRow {TR} at (0,0) size 274x21
            LayoutTableCell {TD} at (0,0) size 92x21 [border: (1px none #000000)] [r=0 c=0 rs=1 cs=1]
              LayoutText {#text} at (2,2) size 89x18
                text run at (2,2) width 89: "Row 5, Cell 1"
            LayoutTableCell {TD} at (92,0) size 91x21 [border: (1px none #000000)] [r=0 c=1 rs=1 cs=1]
              LayoutText {#text} at (1,2) size 89x18
                text run at (1,2) width 89: "Row 5, Cell 2"
            LayoutTableCell {TD} at (183,0) size 91x21 [border: (1px none #000000)] [r=0 c=2 rs=1 cs=1]
              LayoutText {#text} at (1,2) size 89x18
                text run at (1,2) width 89: "Row 5, Cell 3"
      LayoutTable {TABLE} at (0,2514) size 274x120 [border: none (1px solid #808080) none]
        LayoutBlockFlow {CAPTION} at (0,0) size 274x18
          LayoutInline {A} at (0,0) size 233x18
            LayoutText {#text} at (18,0) size 233x18
              text run at (18,0) width 233: "Frame=\x{201C}rhs\x{201D} and Rules=\x{201C}groups\x{201D}"
          LayoutInline {<pseudo:after>} at (0,0) size 6x18
            LayoutTextFragment (anonymous) at (250,0) size 6x18
              text run at (250,0) width 6: ":"
        LayoutTableSection {THEAD} at (0,18) size 273x20 [border: (1px solid #808080) none (1px solid #808080) none]
          LayoutTableRow {TR} at (0,0) size 273x20
            LayoutTableCell {TD} at (0,0) size 91x20 [r=0 c=0 rs=1 cs=1]
              LayoutText {#text} at (1,1) size 89x18
                text run at (1,1) width 89: "Row 1, Cell 1"
            LayoutTableCell {TD} at (91,0) size 91x20 [r=0 c=1 rs=1 cs=1]
              LayoutText {#text} at (1,1) size 89x18
                text run at (1,1) width 89: "Row 1, Cell 2"
            LayoutTableCell {TD} at (182,0) size 91x20 [r=0 c=2 rs=1 cs=1]
              LayoutText {#text} at (1,1) size 89x18
                text run at (1,1) width 89: "Row 1, Cell 3"
        LayoutTableSection {TBODY} at (0,38) size 273x61 [border: (1px solid #808080) none (1px solid #808080) none]
          LayoutTableRow {TR} at (0,0) size 273x21
            LayoutTableCell {TD} at (0,10) size 91x21 [border: (1px none #000000)] [r=0 c=0 rs=2 cs=1]
              LayoutText {#text} at (1,2) size 89x18
                text run at (1,2) width 89: "Row 2, Cell 1"
            LayoutTableCell {TD} at (91,0) size 182x21 [border: (1px none #000000)] [r=0 c=1 rs=1 cs=2]
              LayoutText {#text} at (1,2) size 89x18
                text run at (1,2) width 89: "Row 2, Cell 2"
          LayoutTableRow {TR} at (0,21) size 273x20
            LayoutTableCell {TD} at (91,21) size 91x20 [r=1 c=1 rs=1 cs=1]
              LayoutText {#text} at (1,1) size 89x18
                text run at (1,1) width 89: "Row 3, Cell 2"
            LayoutTableCell {TD} at (182,31) size 91x20 [r=1 c=2 rs=2 cs=1]
              LayoutText {#text} at (1,1) size 89x18
                text run at (1,1) width 89: "Row 3, Cell 3"
          LayoutTableRow {TR} at (0,41) size 273x20
            LayoutTableCell {TD} at (0,41) size 182x20 [r=2 c=0 rs=1 cs=2]
              LayoutText {#text} at (1,1) size 89x18
                text run at (1,1) width 89: "Row 4, Cell 1"
        LayoutTableSection {TFOOT} at (0,99) size 273x21 [border: (1px solid #808080) none (1px solid #808080) none]
          LayoutTableRow {TR} at (0,0) size 273x21
            LayoutTableCell {TD} at (0,0) size 91x21 [border: (1px none #000000)] [r=0 c=0 rs=1 cs=1]
              LayoutText {#text} at (1,2) size 89x18
                text run at (1,2) width 89: "Row 5, Cell 1"
            LayoutTableCell {TD} at (91,0) size 91x21 [border: (1px none #000000)] [r=0 c=1 rs=1 cs=1]
              LayoutText {#text} at (1,2) size 89x18
                text run at (1,2) width 89: "Row 5, Cell 2"
            LayoutTableCell {TD} at (182,0) size 91x21 [border: (1px none #000000)] [r=0 c=2 rs=1 cs=1]
              LayoutText {#text} at (1,2) size 89x18
                text run at (1,2) width 89: "Row 5, Cell 3"
      LayoutTable {TABLE} at (0,2682) size 275x122 [border: none]
        LayoutBlockFlow {CAPTION} at (0,0) size 275x18
          LayoutInline {A} at (0,0) size 235x18
            LayoutText {#text} at (17,0) size 235x18
              text run at (17,0) width 235: "Frame=\x{201C}box\x{201D} and Rules=\x{201C}groups\x{201D}"
          LayoutInline {<pseudo:after>} at (0,0) size 7x18
            LayoutTextFragment (anonymous) at (251,0) size 7x18
              text run at (251,0) width 7: ":"
        LayoutTableSection {THEAD} at (0,18) size 274x21 [border: (1px solid #808080) none (1px solid #808080) none]
          LayoutTableRow {TR} at (0,0) size 274x21
            LayoutTableCell {TD} at (0,0) size 92x21 [border: (1px none #000000)] [r=0 c=0 rs=1 cs=1]
              LayoutText {#text} at (2,2) size 89x18
                text run at (2,2) width 89: "Row 1, Cell 1"
            LayoutTableCell {TD} at (92,0) size 91x21 [border: (1px none #000000)] [r=0 c=1 rs=1 cs=1]
              LayoutText {#text} at (1,2) size 89x18
                text run at (1,2) width 89: "Row 1, Cell 2"
            LayoutTableCell {TD} at (183,0) size 91x21 [border: (1px none #000000)] [r=0 c=2 rs=1 cs=1]
              LayoutText {#text} at (1,2) size 89x18
                text run at (1,2) width 89: "Row 1, Cell 3"
        LayoutTableSection {TBODY} at (0,39) size 274x61 [border: (1px solid #808080) none (1px solid #808080) none]
          LayoutTableRow {TR} at (0,0) size 274x21
            LayoutTableCell {TD} at (0,10) size 92x21 [border: (1px none #000000)] [r=0 c=0 rs=2 cs=1]
              LayoutText {#text} at (2,2) size 89x18
                text run at (2,2) width 89: "Row 2, Cell 1"
            LayoutTableCell {TD} at (92,0) size 182x21 [border: (1px none #000000)] [r=0 c=1 rs=1 cs=2]
              LayoutText {#text} at (1,2) size 89x18
                text run at (1,2) width 89: "Row 2, Cell 2"
          LayoutTableRow {TR} at (0,21) size 274x20
            LayoutTableCell {TD} at (92,21) size 91x20 [r=1 c=1 rs=1 cs=1]
              LayoutText {#text} at (1,1) size 89x18
                text run at (1,1) width 89: "Row 3, Cell 2"
            LayoutTableCell {TD} at (183,31) size 91x20 [r=1 c=2 rs=2 cs=1]
              LayoutText {#text} at (1,1) size 89x18
                text run at (1,1) width 89: "Row 3, Cell 3"
          LayoutTableRow {TR} at (0,41) size 274x20
            LayoutTableCell {TD} at (0,41) size 183x20 [border: none] [r=2 c=0 rs=1 cs=2]
              LayoutText {#text} at (2,1) size 89x18
                text run at (2,1) width 89: "Row 4, Cell 1"
        LayoutTableSection {TFOOT} at (0,100) size 274x21 [border: (1px solid #808080) none (1px solid #808080) none]
          LayoutTableRow {TR} at (0,0) size 274x21
            LayoutTableCell {TD} at (0,0) size 92x21 [border: (1px none #000000)] [r=0 c=0 rs=1 cs=1]
              LayoutText {#text} at (2,2) size 89x18
                text run at (2,2) width 89: "Row 5, Cell 1"
            LayoutTableCell {TD} at (92,0) size 91x21 [border: (1px none #000000)] [r=0 c=1 rs=1 cs=1]
              LayoutText {#text} at (1,2) size 89x18
                text run at (1,2) width 89: "Row 5, Cell 2"
            LayoutTableCell {TD} at (183,0) size 91x21 [border: (1px none #000000)] [r=0 c=2 rs=1 cs=1]
              LayoutText {#text} at (1,2) size 89x18
                text run at (1,2) width 89: "Row 5, Cell 3"
      LayoutTable {TABLE} at (0,2852) size 275x122 [border: none]
        LayoutBlockFlow {CAPTION} at (0,0) size 275x18
          LayoutInline {A} at (0,0) size 255x18
            LayoutText {#text} at (7,0) size 255x18
              text run at (7,0) width 255: "Frame=\x{201C}border\x{201D} and Rules=\x{201C}groups\x{201D}"
          LayoutInline {<pseudo:after>} at (0,0) size 7x18
            LayoutTextFragment (anonymous) at (261,0) size 7x18
              text run at (261,0) width 7: ":"
        LayoutTableSection {THEAD} at (0,18) size 274x21 [border: (1px solid #808080) none (1px solid #808080) none]
          LayoutTableRow {TR} at (0,0) size 274x21
            LayoutTableCell {TD} at (0,0) size 92x21 [border: (1px none #000000)] [r=0 c=0 rs=1 cs=1]
              LayoutText {#text} at (2,2) size 89x18
                text run at (2,2) width 89: "Row 1, Cell 1"
            LayoutTableCell {TD} at (92,0) size 91x21 [border: (1px none #000000)] [r=0 c=1 rs=1 cs=1]
              LayoutText {#text} at (1,2) size 89x18
                text run at (1,2) width 89: "Row 1, Cell 2"
            LayoutTableCell {TD} at (183,0) size 91x21 [border: (1px none #000000)] [r=0 c=2 rs=1 cs=1]
              LayoutText {#text} at (1,2) size 89x18
                text run at (1,2) width 89: "Row 1, Cell 3"
        LayoutTableSection {TBODY} at (0,39) size 274x61 [border: (1px solid #808080) none (1px solid #808080) none]
          LayoutTableRow {TR} at (0,0) size 274x21
            LayoutTableCell {TD} at (0,10) size 92x21 [border: (1px none #000000)] [r=0 c=0 rs=2 cs=1]
              LayoutText {#text} at (2,2) size 89x18
                text run at (2,2) width 89: "Row 2, Cell 1"
            LayoutTableCell {TD} at (92,0) size 182x21 [border: (1px none #000000)] [r=0 c=1 rs=1 cs=2]
              LayoutText {#text} at (1,2) size 89x18
                text run at (1,2) width 89: "Row 2, Cell 2"
          LayoutTableRow {TR} at (0,21) size 274x20
            LayoutTableCell {TD} at (92,21) size 91x20 [r=1 c=1 rs=1 cs=1]
              LayoutText {#text} at (1,1) size 89x18
                text run at (1,1) width 89: "Row 3, Cell 2"
            LayoutTableCell {TD} at (183,31) size 91x20 [r=1 c=2 rs=2 cs=1]
              LayoutText {#text} at (1,1) size 89x18
                text run at (1,1) width 89: "Row 3, Cell 3"
          LayoutTableRow {TR} at (0,41) size 274x20
            LayoutTableCell {TD} at (0,41) size 183x20 [border: none] [r=2 c=0 rs=1 cs=2]
              LayoutText {#text} at (2,1) size 89x18
                text run at (2,1) width 89: "Row 4, Cell 1"
        LayoutTableSection {TFOOT} at (0,100) size 274x21 [border: (1px solid #808080) none (1px solid #808080) none]
          LayoutTableRow {TR} at (0,0) size 274x21
            LayoutTableCell {TD} at (0,0) size 92x21 [border: (1px none #000000)] [r=0 c=0 rs=1 cs=1]
              LayoutText {#text} at (2,2) size 89x18
                text run at (2,2) width 89: "Row 5, Cell 1"
            LayoutTableCell {TD} at (92,0) size 91x21 [border: (1px none #000000)] [r=0 c=1 rs=1 cs=1]
              LayoutText {#text} at (1,2) size 89x18
                text run at (1,2) width 89: "Row 5, Cell 2"
            LayoutTableCell {TD} at (183,0) size 91x21 [border: (1px none #000000)] [r=0 c=2 rs=1 cs=1]
              LayoutText {#text} at (1,2) size 89x18
                text run at (1,2) width 89: "Row 5, Cell 3"
      LayoutTable {TABLE} at (0,3022) size 273x122
        LayoutBlockFlow {CAPTION} at (0,0) size 273x18
          LayoutInline {A} at (0,0) size 224x18
            LayoutText {#text} at (22,0) size 224x18
              text run at (22,0) width 224: "Frame=\x{201C}void\x{201D} and Rules=\x{201C}rows\x{201D}"
          LayoutInline {<pseudo:after>} at (0,0) size 6x18
            LayoutTextFragment (anonymous) at (245,0) size 6x18
              text run at (245,0) width 6: ":"
        LayoutTableSection {THEAD} at (0,18) size 273x20
          LayoutTableRow {TR} at (0,0) size 273x20
            LayoutTableCell {TD} at (0,0) size 91x20 [r=0 c=0 rs=1 cs=1]
              LayoutText {#text} at (1,1) size 89x18
                text run at (1,1) width 89: "Row 1, Cell 1"
            LayoutTableCell {TD} at (91,0) size 91x20 [r=0 c=1 rs=1 cs=1]
              LayoutText {#text} at (1,1) size 89x18
                text run at (1,1) width 89: "Row 1, Cell 2"
            LayoutTableCell {TD} at (182,0) size 91x20 [r=0 c=2 rs=1 cs=1]
              LayoutText {#text} at (1,1) size 89x18
                text run at (1,1) width 89: "Row 1, Cell 3"
        LayoutTableSection {TBODY} at (0,38) size 273x63
          LayoutTableRow {TR} at (0,0) size 273x21
            LayoutTableCell {TD} at (0,10) size 91x21 [border: (1px solid #808080) none none none] [r=0 c=0 rs=2 cs=1]
              LayoutText {#text} at (1,2) size 89x18
                text run at (1,2) width 89: "Row 2, Cell 1"
            LayoutTableCell {TD} at (91,0) size 182x21 [border: (1px solid #808080) none none none] [r=0 c=1 rs=1 cs=2]
              LayoutText {#text} at (1,2) size 89x18
                text run at (1,2) width 89: "Row 2, Cell 2"
          LayoutTableRow {TR} at (0,21) size 273x21
            LayoutTableCell {TD} at (91,21) size 91x21 [border: (1px solid #808080) none none none] [r=1 c=1 rs=1 cs=1]
              LayoutText {#text} at (1,2) size 89x18
                text run at (1,2) width 89: "Row 3, Cell 2"
            LayoutTableCell {TD} at (182,31) size 91x21 [border: (1px solid #808080) none none none] [r=1 c=2 rs=2 cs=1]
              LayoutText {#text} at (1,2) size 89x18
                text run at (1,2) width 89: "Row 3, Cell 3"
          LayoutTableRow {TR} at (0,42) size 273x21
            LayoutTableCell {TD} at (0,42) size 182x21 [border: (1px solid #808080) none none none] [r=2 c=0 rs=1 cs=2]
              LayoutText {#text} at (1,2) size 89x18
                text run at (1,2) width 89: "Row 4, Cell 1"
        LayoutTableSection {TFOOT} at (0,101) size 273x21
          LayoutTableRow {TR} at (0,0) size 273x21
            LayoutTableCell {TD} at (0,0) size 91x21 [border: (1px solid #808080) none none none] [r=0 c=0 rs=1 cs=1]
              LayoutText {#text} at (1,2) size 89x18
                text run at (1,2) width 89: "Row 5, Cell 1"
            LayoutTableCell {TD} at (91,0) size 91x21 [border: (1px solid #808080) none none none] [r=0 c=1 rs=1 cs=1]
              LayoutText {#text} at (1,2) size 89x18
                text run at (1,2) width 89: "Row 5, Cell 2"
            LayoutTableCell {TD} at (182,0) size 91x21 [border: (1px solid #808080) none none none] [r=0 c=2 rs=1 cs=1]
              LayoutText {#text} at (1,2) size 89x18
                text run at (1,2) width 89: "Row 5, Cell 3"
      LayoutTable {TABLE} at (0,3192) size 273x123
        LayoutBlockFlow {CAPTION} at (0,0) size 273x18
          LayoutInline {A} at (0,0) size 235x18
            LayoutText {#text} at (16,0) size 235x18
              text run at (16,0) width 235: "Frame=\x{201C}above\x{201D} and Rules=\x{201C}rows\x{201D}"
          LayoutInline {<pseudo:after>} at (0,0) size 7x18
            LayoutTextFragment (anonymous) at (250,0) size 7x18
              text run at (250,0) width 7: ":"
        LayoutTableSection {THEAD} at (0,18) size 273x21
          LayoutTableRow {TR} at (0,0) size 273x21
            LayoutTableCell {TD} at (0,0) size 91x21 [border: (1px solid #808080) none none none] [r=0 c=0 rs=1 cs=1]
              LayoutText {#text} at (1,2) size 89x18
                text run at (1,2) width 89: "Row 1, Cell 1"
            LayoutTableCell {TD} at (91,0) size 91x21 [border: (1px solid #808080) none none none] [r=0 c=1 rs=1 cs=1]
              LayoutText {#text} at (1,2) size 89x18
                text run at (1,2) width 89: "Row 1, Cell 2"
            LayoutTableCell {TD} at (182,0) size 91x21 [border: (1px solid #808080) none none none] [r=0 c=2 rs=1 cs=1]
              LayoutText {#text} at (1,2) size 89x18
                text run at (1,2) width 89: "Row 1, Cell 3"
        LayoutTableSection {TBODY} at (0,39) size 273x63
          LayoutTableRow {TR} at (0,0) size 273x21
            LayoutTableCell {TD} at (0,10) size 91x21 [border: (1px solid #808080) none none none] [r=0 c=0 rs=2 cs=1]
              LayoutText {#text} at (1,2) size 89x18
                text run at (1,2) width 89: "Row 2, Cell 1"
            LayoutTableCell {TD} at (91,0) size 182x21 [border: (1px solid #808080) none none none] [r=0 c=1 rs=1 cs=2]
              LayoutText {#text} at (1,2) size 89x18
                text run at (1,2) width 89: "Row 2, Cell 2"
          LayoutTableRow {TR} at (0,21) size 273x21
            LayoutTableCell {TD} at (91,21) size 91x21 [border: (1px solid #808080) none none none] [r=1 c=1 rs=1 cs=1]
              LayoutText {#text} at (1,2) size 89x18
                text run at (1,2) width 89: "Row 3, Cell 2"
            LayoutTableCell {TD} at (182,31) size 91x21 [border: (1px solid #808080) none none none] [r=1 c=2 rs=2 cs=1]
              LayoutText {#text} at (1,2) size 89x18
                text run at (1,2) width 89: "Row 3, Cell 3"
          LayoutTableRow {TR} at (0,42) size 273x21
            LayoutTableCell {TD} at (0,42) size 182x21 [border: (1px solid #808080) none none none] [r=2 c=0 rs=1 cs=2]
              LayoutText {#text} at (1,2) size 89x18
                text run at (1,2) width 89: "Row 4, Cell 1"
        LayoutTableSection {TFOOT} at (0,102) size 273x21
          LayoutTableRow {TR} at (0,0) size 273x21
            LayoutTableCell {TD} at (0,0) size 91x21 [border: (1px solid #808080) none none none] [r=0 c=0 rs=1 cs=1]
              LayoutText {#text} at (1,2) size 89x18
                text run at (1,2) width 89: "Row 5, Cell 1"
            LayoutTableCell {TD} at (91,0) size 91x21 [border: (1px solid #808080) none none none] [r=0 c=1 rs=1 cs=1]
              LayoutText {#text} at (1,2) size 89x18
                text run at (1,2) width 89: "Row 5, Cell 2"
            LayoutTableCell {TD} at (182,0) size 91x21 [border: (1px solid #808080) none none none] [r=0 c=2 rs=1 cs=1]
              LayoutText {#text} at (1,2) size 89x18
                text run at (1,2) width 89: "Row 5, Cell 3"
      LayoutTable {TABLE} at (0,3363) size 273x123 [border: none (1px solid #808080) none]
        LayoutBlockFlow {CAPTION} at (0,0) size 273x18
          LayoutInline {A} at (0,0) size 235x18
            LayoutText {#text} at (16,0) size 235x18
              text run at (16,0) width 235: "Frame=\x{201C}below\x{201D} and Rules=\x{201C}rows\x{201D}"
          LayoutInline {<pseudo:after>} at (0,0) size 7x18
            LayoutTextFragment (anonymous) at (250,0) size 7x18
              text run at (250,0) width 7: ":"
        LayoutTableSection {THEAD} at (0,18) size 273x20
          LayoutTableRow {TR} at (0,0) size 273x20
            LayoutTableCell {TD} at (0,0) size 91x20 [r=0 c=0 rs=1 cs=1]
              LayoutText {#text} at (1,1) size 89x18
                text run at (1,1) width 89: "Row 1, Cell 1"
            LayoutTableCell {TD} at (91,0) size 91x20 [r=0 c=1 rs=1 cs=1]
              LayoutText {#text} at (1,1) size 89x18
                text run at (1,1) width 89: "Row 1, Cell 2"
            LayoutTableCell {TD} at (182,0) size 91x20 [r=0 c=2 rs=1 cs=1]
              LayoutText {#text} at (1,1) size 89x18
                text run at (1,1) width 89: "Row 1, Cell 3"
        LayoutTableSection {TBODY} at (0,38) size 273x63
          LayoutTableRow {TR} at (0,0) size 273x21
            LayoutTableCell {TD} at (0,10) size 91x21 [border: (1px solid #808080) none none none] [r=0 c=0 rs=2 cs=1]
              LayoutText {#text} at (1,2) size 89x18
                text run at (1,2) width 89: "Row 2, Cell 1"
            LayoutTableCell {TD} at (91,0) size 182x21 [border: (1px solid #808080) none none none] [r=0 c=1 rs=1 cs=2]
              LayoutText {#text} at (1,2) size 89x18
                text run at (1,2) width 89: "Row 2, Cell 2"
          LayoutTableRow {TR} at (0,21) size 273x21
            LayoutTableCell {TD} at (91,21) size 91x21 [border: (1px solid #808080) none none none] [r=1 c=1 rs=1 cs=1]
              LayoutText {#text} at (1,2) size 89x18
                text run at (1,2) width 89: "Row 3, Cell 2"
            LayoutTableCell {TD} at (182,31) size 91x21 [border: (1px solid #808080) none none none] [r=1 c=2 rs=2 cs=1]
              LayoutText {#text} at (1,2) size 89x18
                text run at (1,2) width 89: "Row 3, Cell 3"
          LayoutTableRow {TR} at (0,42) size 273x21
            LayoutTableCell {TD} at (0,42) size 182x21 [border: (1px solid #808080) none none none] [r=2 c=0 rs=1 cs=2]
              LayoutText {#text} at (1,2) size 89x18
                text run at (1,2) width 89: "Row 4, Cell 1"
        LayoutTableSection {TFOOT} at (0,101) size 273x21
          LayoutTableRow {TR} at (0,0) size 273x21
            LayoutTableCell {TD} at (0,0) size 91x21 [border: (1px solid #808080) none none none] [r=0 c=0 rs=1 cs=1]
              LayoutText {#text} at (1,2) size 89x18
                text run at (1,2) width 89: "Row 5, Cell 1"
            LayoutTableCell {TD} at (91,0) size 91x21 [border: (1px solid #808080) none none none] [r=0 c=1 rs=1 cs=1]
              LayoutText {#text} at (1,2) size 89x18
                text run at (1,2) width 89: "Row 5, Cell 2"
            LayoutTableCell {TD} at (182,0) size 91x21 [border: (1px solid #808080) none none none] [r=0 c=2 rs=1 cs=1]
              LayoutText {#text} at (1,2) size 89x18
                text run at (1,2) width 89: "Row 5, Cell 3"
      LayoutTable {TABLE} at (0,3534) size 273x124 [border: none none (1px solid #808080) none]
        LayoutBlockFlow {CAPTION} at (0,0) size 273x18
          LayoutInline {A} at (0,0) size 238x18
            LayoutText {#text} at (15,0) size 238x18
              text run at (15,0) width 238: "Frame=\x{201C}hsides\x{201D} and Rules=\x{201C}rows\x{201D}"
          LayoutInline {<pseudo:after>} at (0,0) size 6x18
            LayoutTextFragment (anonymous) at (252,0) size 6x18
              text run at (252,0) width 6: ":"
        LayoutTableSection {THEAD} at (0,18) size 273x21
          LayoutTableRow {TR} at (0,0) size 273x21
            LayoutTableCell {TD} at (0,0) size 91x21 [border: (1px solid #808080) none none none] [r=0 c=0 rs=1 cs=1]
              LayoutText {#text} at (1,2) size 89x18
                text run at (1,2) width 89: "Row 1, Cell 1"
            LayoutTableCell {TD} at (91,0) size 91x21 [border: (1px solid #808080) none none none] [r=0 c=1 rs=1 cs=1]
              LayoutText {#text} at (1,2) size 89x18
                text run at (1,2) width 89: "Row 1, Cell 2"
            LayoutTableCell {TD} at (182,0) size 91x21 [border: (1px solid #808080) none none none] [r=0 c=2 rs=1 cs=1]
              LayoutText {#text} at (1,2) size 89x18
                text run at (1,2) width 89: "Row 1, Cell 3"
        LayoutTableSection {TBODY} at (0,39) size 273x63
          LayoutTableRow {TR} at (0,0) size 273x21
            LayoutTableCell {TD} at (0,10) size 91x21 [border: (1px solid #808080) none none none] [r=0 c=0 rs=2 cs=1]
              LayoutText {#text} at (1,2) size 89x18
                text run at (1,2) width 89: "Row 2, Cell 1"
            LayoutTableCell {TD} at (91,0) size 182x21 [border: (1px solid #808080) none none none] [r=0 c=1 rs=1 cs=2]
              LayoutText {#text} at (1,2) size 89x18
                text run at (1,2) width 89: "Row 2, Cell 2"
          LayoutTableRow {TR} at (0,21) size 273x21
            LayoutTableCell {TD} at (91,21) size 91x21 [border: (1px solid #808080) none none none] [r=1 c=1 rs=1 cs=1]
              LayoutText {#text} at (1,2) size 89x18
                text run at (1,2) width 89: "Row 3, Cell 2"
            LayoutTableCell {TD} at (182,31) size 91x21 [border: (1px solid #808080) none none none] [r=1 c=2 rs=2 cs=1]
              LayoutText {#text} at (1,2) size 89x18
                text run at (1,2) width 89: "Row 3, Cell 3"
          LayoutTableRow {TR} at (0,42) size 273x21
            LayoutTableCell {TD} at (0,42) size 182x21 [border: (1px solid #808080) none none none] [r=2 c=0 rs=1 cs=2]
              LayoutText {#text} at (1,2) size 89x18
                text run at (1,2) width 89: "Row 4, Cell 1"
        LayoutTableSection {TFOOT} at (0,102) size 273x21
          LayoutTableRow {TR} at (0,0) size 273x21
            LayoutTableCell {TD} at (0,0) size 91x21 [border: (1px solid #808080) none none none] [r=0 c=0 rs=1 cs=1]
              LayoutText {#text} at (1,2) size 89x18
                text run at (1,2) width 89: "Row 5, Cell 1"
            LayoutTableCell {TD} at (91,0) size 91x21 [border: (1px solid #808080) none none none] [r=0 c=1 rs=1 cs=1]
              LayoutText {#text} at (1,2) size 89x18
                text run at (1,2) width 89: "Row 5, Cell 2"
            LayoutTableCell {TD} at (182,0) size 91x21 [border: (1px solid #808080) none none none] [r=0 c=2 rs=1 cs=1]
              LayoutText {#text} at (1,2) size 89x18
                text run at (1,2) width 89: "Row 5, Cell 3"
      LayoutTable {TABLE} at (0,3706) size 275x122 [border: none (1px solid #808080) none none]
        LayoutBlockFlow {CAPTION} at (0,0) size 275x18
          LayoutInline {A} at (0,0) size 236x18
            LayoutText {#text} at (17,0) size 236x18
              text run at (17,0) width 236: "Frame=\x{201C}vsides\x{201D} and Rules=\x{201C}rows\x{201D}"
          LayoutInline {<pseudo:after>} at (0,0) size 6x18
            LayoutTextFragment (anonymous) at (252,0) size 6x18
              text run at (252,0) width 6: ":"
        LayoutTableSection {THEAD} at (0,18) size 274x20
          LayoutTableRow {TR} at (0,0) size 274x20
            LayoutTableCell {TD} at (0,0) size 92x20 [border: none none none (1px none #808080)] [r=0 c=0 rs=1 cs=1]
              LayoutText {#text} at (2,1) size 89x18
                text run at (2,1) width 89: "Row 1, Cell 1"
            LayoutTableCell {TD} at (92,0) size 91x20 [r=0 c=1 rs=1 cs=1]
              LayoutText {#text} at (1,1) size 89x18
                text run at (1,1) width 89: "Row 1, Cell 2"
            LayoutTableCell {TD} at (183,0) size 91x20 [r=0 c=2 rs=1 cs=1]
              LayoutText {#text} at (1,1) size 89x18
                text run at (1,1) width 89: "Row 1, Cell 3"
        LayoutTableSection {TBODY} at (0,38) size 274x63
          LayoutTableRow {TR} at (0,0) size 274x21
            LayoutTableCell {TD} at (0,10) size 92x21 [border: (1px solid #808080) none none (1px none #808080)] [r=0 c=0 rs=2 cs=1]
              LayoutText {#text} at (2,2) size 89x18
                text run at (2,2) width 89: "Row 2, Cell 1"
            LayoutTableCell {TD} at (92,0) size 182x21 [border: (1px solid #808080) none none none] [r=0 c=1 rs=1 cs=2]
              LayoutText {#text} at (1,2) size 89x18
                text run at (1,2) width 89: "Row 2, Cell 2"
          LayoutTableRow {TR} at (0,21) size 274x21
            LayoutTableCell {TD} at (92,21) size 91x21 [border: (1px solid #808080) none none none] [r=1 c=1 rs=1 cs=1]
              LayoutText {#text} at (1,2) size 89x18
                text run at (1,2) width 89: "Row 3, Cell 2"
            LayoutTableCell {TD} at (183,31) size 91x21 [border: (1px solid #808080) none none none] [r=1 c=2 rs=2 cs=1]
              LayoutText {#text} at (1,2) size 89x18
                text run at (1,2) width 89: "Row 3, Cell 3"
          LayoutTableRow {TR} at (0,42) size 274x21
            LayoutTableCell {TD} at (0,42) size 183x21 [border: (1px solid #808080) none none (1px none #808080)] [r=2 c=0 rs=1 cs=2]
              LayoutText {#text} at (2,2) size 89x18
                text run at (2,2) width 89: "Row 4, Cell 1"
        LayoutTableSection {TFOOT} at (0,101) size 274x21
          LayoutTableRow {TR} at (0,0) size 274x21
            LayoutTableCell {TD} at (0,0) size 92x21 [border: (1px solid #808080) none none (1px none #808080)] [r=0 c=0 rs=1 cs=1]
              LayoutText {#text} at (2,2) size 89x18
                text run at (2,2) width 89: "Row 5, Cell 1"
            LayoutTableCell {TD} at (92,0) size 91x21 [border: (1px solid #808080) none none none] [r=0 c=1 rs=1 cs=1]
              LayoutText {#text} at (1,2) size 89x18
                text run at (1,2) width 89: "Row 5, Cell 2"
            LayoutTableCell {TD} at (183,0) size 91x21 [border: (1px solid #808080) none none none] [r=0 c=2 rs=1 cs=1]
              LayoutText {#text} at (1,2) size 89x18
                text run at (1,2) width 89: "Row 5, Cell 3"
      LayoutTable {TABLE} at (0,3876) size 274x122
        LayoutBlockFlow {CAPTION} at (0,0) size 274x18
          LayoutInline {A} at (0,0) size 217x18
            LayoutText {#text} at (26,0) size 217x18
              text run at (26,0) width 217: "Frame=\x{201C}lhs\x{201D} and Rules=\x{201C}rows\x{201D}"
          LayoutInline {<pseudo:after>} at (0,0) size 6x18
            LayoutTextFragment (anonymous) at (242,0) size 6x18
              text run at (242,0) width 6: ":"
        LayoutTableSection {THEAD} at (0,18) size 274x20
          LayoutTableRow {TR} at (0,0) size 274x20
            LayoutTableCell {TD} at (0,0) size 92x20 [border: none none none (1px none #808080)] [r=0 c=0 rs=1 cs=1]
              LayoutText {#text} at (2,1) size 89x18
                text run at (2,1) width 89: "Row 1, Cell 1"
            LayoutTableCell {TD} at (92,0) size 91x20 [r=0 c=1 rs=1 cs=1]
              LayoutText {#text} at (1,1) size 89x18
                text run at (1,1) width 89: "Row 1, Cell 2"
            LayoutTableCell {TD} at (183,0) size 91x20 [r=0 c=2 rs=1 cs=1]
              LayoutText {#text} at (1,1) size 89x18
                text run at (1,1) width 89: "Row 1, Cell 3"
        LayoutTableSection {TBODY} at (0,38) size 274x63
          LayoutTableRow {TR} at (0,0) size 274x21
            LayoutTableCell {TD} at (0,10) size 92x21 [border: (1px solid #808080) none none (1px none #808080)] [r=0 c=0 rs=2 cs=1]
              LayoutText {#text} at (2,2) size 89x18
                text run at (2,2) width 89: "Row 2, Cell 1"
            LayoutTableCell {TD} at (92,0) size 182x21 [border: (1px solid #808080) none none none] [r=0 c=1 rs=1 cs=2]
              LayoutText {#text} at (1,2) size 89x18
                text run at (1,2) width 89: "Row 2, Cell 2"
          LayoutTableRow {TR} at (0,21) size 274x21
            LayoutTableCell {TD} at (92,21) size 91x21 [border: (1px solid #808080) none none none] [r=1 c=1 rs=1 cs=1]
              LayoutText {#text} at (1,2) size 89x18
                text run at (1,2) width 89: "Row 3, Cell 2"
            LayoutTableCell {TD} at (183,31) size 91x21 [border: (1px solid #808080) none none none] [r=1 c=2 rs=2 cs=1]
              LayoutText {#text} at (1,2) size 89x18
                text run at (1,2) width 89: "Row 3, Cell 3"
          LayoutTableRow {TR} at (0,42) size 274x21
            LayoutTableCell {TD} at (0,42) size 183x21 [border: (1px solid #808080) none none (1px none #808080)] [r=2 c=0 rs=1 cs=2]
              LayoutText {#text} at (2,2) size 89x18
                text run at (2,2) width 89: "Row 4, Cell 1"
        LayoutTableSection {TFOOT} at (0,101) size 274x21
          LayoutTableRow {TR} at (0,0) size 274x21
            LayoutTableCell {TD} at (0,0) size 92x21 [border: (1px solid #808080) none none (1px none #808080)] [r=0 c=0 rs=1 cs=1]
              LayoutText {#text} at (2,2) size 89x18
                text run at (2,2) width 89: "Row 5, Cell 1"
            LayoutTableCell {TD} at (92,0) size 91x21 [border: (1px solid #808080) none none none] [r=0 c=1 rs=1 cs=1]
              LayoutText {#text} at (1,2) size 89x18
                text run at (1,2) width 89: "Row 5, Cell 2"
            LayoutTableCell {TD} at (183,0) size 91x21 [border: (1px solid #808080) none none none] [r=0 c=2 rs=1 cs=1]
              LayoutText {#text} at (1,2) size 89x18
                text run at (1,2) width 89: "Row 5, Cell 3"
      LayoutTable {TABLE} at (0,4046) size 274x122 [border: none (1px solid #808080) none]
        LayoutBlockFlow {CAPTION} at (0,0) size 274x18
          LayoutInline {A} at (0,0) size 219x18
            LayoutText {#text} at (25,0) size 219x18
              text run at (25,0) width 219: "Frame=\x{201C}rhs\x{201D} and Rules=\x{201C}rows\x{201D}"
          LayoutInline {<pseudo:after>} at (0,0) size 6x18
            LayoutTextFragment (anonymous) at (243,0) size 6x18
              text run at (243,0) width 6: ":"
        LayoutTableSection {THEAD} at (0,18) size 273x20
          LayoutTableRow {TR} at (0,0) size 273x20
            LayoutTableCell {TD} at (0,0) size 91x20 [r=0 c=0 rs=1 cs=1]
              LayoutText {#text} at (1,1) size 89x18
                text run at (1,1) width 89: "Row 1, Cell 1"
            LayoutTableCell {TD} at (91,0) size 91x20 [r=0 c=1 rs=1 cs=1]
              LayoutText {#text} at (1,1) size 89x18
                text run at (1,1) width 89: "Row 1, Cell 2"
            LayoutTableCell {TD} at (182,0) size 91x20 [r=0 c=2 rs=1 cs=1]
              LayoutText {#text} at (1,1) size 89x18
                text run at (1,1) width 89: "Row 1, Cell 3"
        LayoutTableSection {TBODY} at (0,38) size 273x63
          LayoutTableRow {TR} at (0,0) size 273x21
            LayoutTableCell {TD} at (0,10) size 91x21 [border: (1px solid #808080) none none none] [r=0 c=0 rs=2 cs=1]
              LayoutText {#text} at (1,2) size 89x18
                text run at (1,2) width 89: "Row 2, Cell 1"
            LayoutTableCell {TD} at (91,0) size 182x21 [border: (1px solid #808080) none none none] [r=0 c=1 rs=1 cs=2]
              LayoutText {#text} at (1,2) size 89x18
                text run at (1,2) width 89: "Row 2, Cell 2"
          LayoutTableRow {TR} at (0,21) size 273x21
            LayoutTableCell {TD} at (91,21) size 91x21 [border: (1px solid #808080) none none none] [r=1 c=1 rs=1 cs=1]
              LayoutText {#text} at (1,2) size 89x18
                text run at (1,2) width 89: "Row 3, Cell 2"
            LayoutTableCell {TD} at (182,31) size 91x21 [border: (1px solid #808080) none none none] [r=1 c=2 rs=2 cs=1]
              LayoutText {#text} at (1,2) size 89x18
                text run at (1,2) width 89: "Row 3, Cell 3"
          LayoutTableRow {TR} at (0,42) size 273x21
            LayoutTableCell {TD} at (0,42) size 182x21 [border: (1px solid #808080) none none none] [r=2 c=0 rs=1 cs=2]
              LayoutText {#text} at (1,2) size 89x18
                text run at (1,2) width 89: "Row 4, Cell 1"
        LayoutTableSection {TFOOT} at (0,101) size 273x21
          LayoutTableRow {TR} at (0,0) size 273x21
            LayoutTableCell {TD} at (0,0) size 91x21 [border: (1px solid #808080) none none none] [r=0 c=0 rs=1 cs=1]
              LayoutText {#text} at (1,2) size 89x18
                text run at (1,2) width 89: "Row 5, Cell 1"
            LayoutTableCell {TD} at (91,0) size 91x21 [border: (1px solid #808080) none none none] [r=0 c=1 rs=1 cs=1]
              LayoutText {#text} at (1,2) size 89x18
                text run at (1,2) width 89: "Row 5, Cell 2"
            LayoutTableCell {TD} at (182,0) size 91x21 [border: (1px solid #808080) none none none] [r=0 c=2 rs=1 cs=1]
              LayoutText {#text} at (1,2) size 89x18
                text run at (1,2) width 89: "Row 5, Cell 3"
      LayoutTable {TABLE} at (0,4216) size 275x124 [border: none]
        LayoutBlockFlow {CAPTION} at (0,0) size 275x18
          LayoutInline {A} at (0,0) size 221x18
            LayoutText {#text} at (24,0) size 221x18
              text run at (24,0) width 221: "Frame=\x{201C}box\x{201D} and Rules=\x{201C}rows\x{201D}"
          LayoutInline {<pseudo:after>} at (0,0) size 7x18
            LayoutTextFragment (anonymous) at (244,0) size 7x18
              text run at (244,0) width 7: ":"
        LayoutTableSection {THEAD} at (0,18) size 274x21
          LayoutTableRow {TR} at (0,0) size 274x21
            LayoutTableCell {TD} at (0,0) size 92x21 [border: (1px solid #808080) none none (1px none #808080)] [r=0 c=0 rs=1 cs=1]
              LayoutText {#text} at (2,2) size 89x18
                text run at (2,2) width 89: "Row 1, Cell 1"
            LayoutTableCell {TD} at (92,0) size 91x21 [border: (1px solid #808080) none none none] [r=0 c=1 rs=1 cs=1]
              LayoutText {#text} at (1,2) size 89x18
                text run at (1,2) width 89: "Row 1, Cell 2"
            LayoutTableCell {TD} at (183,0) size 91x21 [border: (1px solid #808080) none none none] [r=0 c=2 rs=1 cs=1]
              LayoutText {#text} at (1,2) size 89x18
                text run at (1,2) width 89: "Row 1, Cell 3"
        LayoutTableSection {TBODY} at (0,39) size 274x63
          LayoutTableRow {TR} at (0,0) size 274x21
            LayoutTableCell {TD} at (0,10) size 92x21 [border: (1px solid #808080) none none (1px none #808080)] [r=0 c=0 rs=2 cs=1]
              LayoutText {#text} at (2,2) size 89x18
                text run at (2,2) width 89: "Row 2, Cell 1"
            LayoutTableCell {TD} at (92,0) size 182x21 [border: (1px solid #808080) none none none] [r=0 c=1 rs=1 cs=2]
              LayoutText {#text} at (1,2) size 89x18
                text run at (1,2) width 89: "Row 2, Cell 2"
          LayoutTableRow {TR} at (0,21) size 274x21
            LayoutTableCell {TD} at (92,21) size 91x21 [border: (1px solid #808080) none none none] [r=1 c=1 rs=1 cs=1]
              LayoutText {#text} at (1,2) size 89x18
                text run at (1,2) width 89: "Row 3, Cell 2"
            LayoutTableCell {TD} at (183,31) size 91x21 [border: (1px solid #808080) none none none] [r=1 c=2 rs=2 cs=1]
              LayoutText {#text} at (1,2) size 89x18
                text run at (1,2) width 89: "Row 3, Cell 3"
          LayoutTableRow {TR} at (0,42) size 274x21
            LayoutTableCell {TD} at (0,42) size 183x21 [border: (1px solid #808080) none none (1px none #808080)] [r=2 c=0 rs=1 cs=2]
              LayoutText {#text} at (2,2) size 89x18
                text run at (2,2) width 89: "Row 4, Cell 1"
        LayoutTableSection {TFOOT} at (0,102) size 274x21
          LayoutTableRow {TR} at (0,0) size 274x21
            LayoutTableCell {TD} at (0,0) size 92x21 [border: (1px solid #808080) none none (1px none #808080)] [r=0 c=0 rs=1 cs=1]
              LayoutText {#text} at (2,2) size 89x18
                text run at (2,2) width 89: "Row 5, Cell 1"
            LayoutTableCell {TD} at (92,0) size 91x21 [border: (1px solid #808080) none none none] [r=0 c=1 rs=1 cs=1]
              LayoutText {#text} at (1,2) size 89x18
                text run at (1,2) width 89: "Row 5, Cell 2"
            LayoutTableCell {TD} at (183,0) size 91x21 [border: (1px solid #808080) none none none] [r=0 c=2 rs=1 cs=1]
              LayoutText {#text} at (1,2) size 89x18
                text run at (1,2) width 89: "Row 5, Cell 3"
      LayoutTable {TABLE} at (0,4388) size 275x124 [border: none]
        LayoutBlockFlow {CAPTION} at (0,0) size 275x18
          LayoutInline {A} at (0,0) size 240x18
            LayoutText {#text} at (15,0) size 240x18
              text run at (15,0) width 240: "Frame=\x{201C}border\x{201D} and Rules=\x{201C}rows\x{201D}"
          LayoutInline {<pseudo:after>} at (0,0) size 6x18
            LayoutTextFragment (anonymous) at (254,0) size 6x18
              text run at (254,0) width 6: ":"
        LayoutTableSection {THEAD} at (0,18) size 274x21
          LayoutTableRow {TR} at (0,0) size 274x21
            LayoutTableCell {TD} at (0,0) size 92x21 [border: (1px solid #808080) none none (1px none #808080)] [r=0 c=0 rs=1 cs=1]
              LayoutText {#text} at (2,2) size 89x18
                text run at (2,2) width 89: "Row 1, Cell 1"
            LayoutTableCell {TD} at (92,0) size 91x21 [border: (1px solid #808080) none none none] [r=0 c=1 rs=1 cs=1]
              LayoutText {#text} at (1,2) size 89x18
                text run at (1,2) width 89: "Row 1, Cell 2"
            LayoutTableCell {TD} at (183,0) size 91x21 [border: (1px solid #808080) none none none] [r=0 c=2 rs=1 cs=1]
              LayoutText {#text} at (1,2) size 89x18
                text run at (1,2) width 89: "Row 1, Cell 3"
        LayoutTableSection {TBODY} at (0,39) size 274x63
          LayoutTableRow {TR} at (0,0) size 274x21
            LayoutTableCell {TD} at (0,10) size 92x21 [border: (1px solid #808080) none none (1px none #808080)] [r=0 c=0 rs=2 cs=1]
              LayoutText {#text} at (2,2) size 89x18
                text run at (2,2) width 89: "Row 2, Cell 1"
            LayoutTableCell {TD} at (92,0) size 182x21 [border: (1px solid #808080) none none none] [r=0 c=1 rs=1 cs=2]
              LayoutText {#text} at (1,2) size 89x18
                text run at (1,2) width 89: "Row 2, Cell 2"
          LayoutTableRow {TR} at (0,21) size 274x21
            LayoutTableCell {TD} at (92,21) size 91x21 [border: (1px solid #808080) none none none] [r=1 c=1 rs=1 cs=1]
              LayoutText {#text} at (1,2) size 89x18
                text run at (1,2) width 89: "Row 3, Cell 2"
            LayoutTableCell {TD} at (183,31) size 91x21 [border: (1px solid #808080) none none none] [r=1 c=2 rs=2 cs=1]
              LayoutText {#text} at (1,2) size 89x18
                text run at (1,2) width 89: "Row 3, Cell 3"
          LayoutTableRow {TR} at (0,42) size 274x21
            LayoutTableCell {TD} at (0,42) size 183x21 [border: (1px solid #808080) none none (1px none #808080)] [r=2 c=0 rs=1 cs=2]
              LayoutText {#text} at (2,2) size 89x18
                text run at (2,2) width 89: "Row 4, Cell 1"
        LayoutTableSection {TFOOT} at (0,102) size 274x21
          LayoutTableRow {TR} at (0,0) size 274x21
            LayoutTableCell {TD} at (0,0) size 92x21 [border: (1px solid #808080) none none (1px none #808080)] [r=0 c=0 rs=1 cs=1]
              LayoutText {#text} at (2,2) size 89x18
                text run at (2,2) width 89: "Row 5, Cell 1"
            LayoutTableCell {TD} at (92,0) size 91x21 [border: (1px solid #808080) none none none] [r=0 c=1 rs=1 cs=1]
              LayoutText {#text} at (1,2) size 89x18
                text run at (1,2) width 89: "Row 5, Cell 2"
            LayoutTableCell {TD} at (183,0) size 91x21 [border: (1px solid #808080) none none none] [r=0 c=2 rs=1 cs=1]
              LayoutText {#text} at (1,2) size 89x18
                text run at (1,2) width 89: "Row 5, Cell 3"
      LayoutTable {TABLE} at (0,4560) size 275x118
        LayoutBlockFlow {CAPTION} at (0,0) size 275x18
          LayoutInline {A} at (0,0) size 219x18
            LayoutText {#text} at (25,0) size 219x18
              text run at (25,0) width 219: "Frame=\x{201C}void\x{201D} and Rules=\x{201C}cols\x{201D}"
          LayoutInline {<pseudo:after>} at (0,0) size 7x18
            LayoutTextFragment (anonymous) at (243,0) size 7x18
              text run at (243,0) width 7: ":"
        LayoutTableSection {THEAD} at (0,18) size 275x20
          LayoutTableRow {TR} at (0,0) size 275x20
            LayoutTableCell {TD} at (0,0) size 91x20 [r=0 c=0 rs=1 cs=1]
              LayoutText {#text} at (1,1) size 89x18
                text run at (1,1) width 89: "Row 1, Cell 1"
            LayoutTableCell {TD} at (91,0) size 92x20 [border: none none none (1px solid #808080)] [r=0 c=1 rs=1 cs=1]
              LayoutText {#text} at (2,1) size 89x18
                text run at (2,1) width 89: "Row 1, Cell 2"
            LayoutTableCell {TD} at (183,0) size 92x20 [border: none none none (1px solid #808080)] [r=0 c=2 rs=1 cs=1]
              LayoutText {#text} at (2,1) size 89x18
                text run at (2,1) width 89: "Row 1, Cell 3"
        LayoutTableSection {TBODY} at (0,38) size 275x60
          LayoutTableRow {TR} at (0,0) size 275x20
            LayoutTableCell {TD} at (0,10) size 91x20 [r=0 c=0 rs=2 cs=1]
              LayoutText {#text} at (1,1) size 89x18
                text run at (1,1) width 89: "Row 2, Cell 1"
            LayoutTableCell {TD} at (91,0) size 184x20 [border: none none none (1px solid #808080)] [r=0 c=1 rs=1 cs=2]
              LayoutText {#text} at (2,1) size 89x18
                text run at (2,1) width 89: "Row 2, Cell 2"
          LayoutTableRow {TR} at (0,20) size 275x20
            LayoutTableCell {TD} at (91,20) size 92x20 [border: none none none (1px solid #808080)] [r=1 c=1 rs=1 cs=1]
              LayoutText {#text} at (2,1) size 89x18
                text run at (2,1) width 89: "Row 3, Cell 2"
            LayoutTableCell {TD} at (183,30) size 92x20 [border: none none none (1px solid #808080)] [r=1 c=2 rs=2 cs=1]
              LayoutText {#text} at (2,1) size 89x18
                text run at (2,1) width 89: "Row 3, Cell 3"
          LayoutTableRow {TR} at (0,40) size 275x20
            LayoutTableCell {TD} at (0,40) size 183x20 [r=2 c=0 rs=1 cs=2]
              LayoutText {#text} at (1,1) size 89x18
                text run at (1,1) width 89: "Row 4, Cell 1"
        LayoutTableSection {TFOOT} at (0,98) size 275x20
          LayoutTableRow {TR} at (0,0) size 275x20
            LayoutTableCell {TD} at (0,0) size 91x20 [r=0 c=0 rs=1 cs=1]
              LayoutText {#text} at (1,1) size 89x18
                text run at (1,1) width 89: "Row 5, Cell 1"
            LayoutTableCell {TD} at (91,0) size 92x20 [border: none none none (1px solid #808080)] [r=0 c=1 rs=1 cs=1]
              LayoutText {#text} at (2,1) size 89x18
                text run at (2,1) width 89: "Row 5, Cell 2"
            LayoutTableCell {TD} at (183,0) size 92x20 [border: none none none (1px solid #808080)] [r=0 c=2 rs=1 cs=1]
              LayoutText {#text} at (2,1) size 89x18
                text run at (2,1) width 89: "Row 5, Cell 3"
      LayoutTable {TABLE} at (0,4726) size 275x119
        LayoutBlockFlow {CAPTION} at (0,0) size 275x18
          LayoutInline {A} at (0,0) size 230x18
            LayoutText {#text} at (20,0) size 230x18
              text run at (20,0) width 230: "Frame=\x{201C}above\x{201D} and Rules=\x{201C}cols\x{201D}"
          LayoutInline {<pseudo:after>} at (0,0) size 6x18
            LayoutTextFragment (anonymous) at (249,0) size 6x18
              text run at (249,0) width 6: ":"
        LayoutTableSection {THEAD} at (0,18) size 275x21
          LayoutTableRow {TR} at (0,0) size 275x21
            LayoutTableCell {TD} at (0,0) size 91x21 [border: (1px none #808080) none none none] [r=0 c=0 rs=1 cs=1]
              LayoutText {#text} at (1,2) size 89x18
                text run at (1,2) width 89: "Row 1, Cell 1"
            LayoutTableCell {TD} at (91,0) size 92x21 [border: (1px none #808080) none none (1px solid #808080)] [r=0 c=1 rs=1 cs=1]
              LayoutText {#text} at (2,2) size 89x18
                text run at (2,2) width 89: "Row 1, Cell 2"
            LayoutTableCell {TD} at (183,0) size 92x21 [border: (1px none #808080) none none (1px solid #808080)] [r=0 c=2 rs=1 cs=1]
              LayoutText {#text} at (2,2) size 89x18
                text run at (2,2) width 89: "Row 1, Cell 3"
        LayoutTableSection {TBODY} at (0,39) size 275x60
          LayoutTableRow {TR} at (0,0) size 275x20
            LayoutTableCell {TD} at (0,10) size 91x20 [r=0 c=0 rs=2 cs=1]
              LayoutText {#text} at (1,1) size 89x18
                text run at (1,1) width 89: "Row 2, Cell 1"
            LayoutTableCell {TD} at (91,0) size 184x20 [border: none none none (1px solid #808080)] [r=0 c=1 rs=1 cs=2]
              LayoutText {#text} at (2,1) size 89x18
                text run at (2,1) width 89: "Row 2, Cell 2"
          LayoutTableRow {TR} at (0,20) size 275x20
            LayoutTableCell {TD} at (91,20) size 92x20 [border: none none none (1px solid #808080)] [r=1 c=1 rs=1 cs=1]
              LayoutText {#text} at (2,1) size 89x18
                text run at (2,1) width 89: "Row 3, Cell 2"
            LayoutTableCell {TD} at (183,30) size 92x20 [border: none none none (1px solid #808080)] [r=1 c=2 rs=2 cs=1]
              LayoutText {#text} at (2,1) size 89x18
                text run at (2,1) width 89: "Row 3, Cell 3"
          LayoutTableRow {TR} at (0,40) size 275x20
            LayoutTableCell {TD} at (0,40) size 183x20 [r=2 c=0 rs=1 cs=2]
              LayoutText {#text} at (1,1) size 89x18
                text run at (1,1) width 89: "Row 4, Cell 1"
        LayoutTableSection {TFOOT} at (0,99) size 275x20
          LayoutTableRow {TR} at (0,0) size 275x20
            LayoutTableCell {TD} at (0,0) size 91x20 [r=0 c=0 rs=1 cs=1]
              LayoutText {#text} at (1,1) size 89x18
                text run at (1,1) width 89: "Row 5, Cell 1"
            LayoutTableCell {TD} at (91,0) size 92x20 [border: none none none (1px solid #808080)] [r=0 c=1 rs=1 cs=1]
              LayoutText {#text} at (2,1) size 89x18
                text run at (2,1) width 89: "Row 5, Cell 2"
            LayoutTableCell {TD} at (183,0) size 92x20 [border: none none none (1px solid #808080)] [r=0 c=2 rs=1 cs=1]
              LayoutText {#text} at (2,1) size 89x18
                text run at (2,1) width 89: "Row 5, Cell 3"
      LayoutTable {TABLE} at (0,4893) size 275x119 [border: none (1px solid #808080) none]
        LayoutBlockFlow {CAPTION} at (0,0) size 275x18
          LayoutInline {A} at (0,0) size 230x18
            LayoutText {#text} at (20,0) size 230x18
              text run at (20,0) width 230: "Frame=\x{201C}below\x{201D} and Rules=\x{201C}cols\x{201D}"
          LayoutInline {<pseudo:after>} at (0,0) size 6x18
            LayoutTextFragment (anonymous) at (249,0) size 6x18
              text run at (249,0) width 6: ":"
        LayoutTableSection {THEAD} at (0,18) size 275x20
          LayoutTableRow {TR} at (0,0) size 275x20
            LayoutTableCell {TD} at (0,0) size 91x20 [r=0 c=0 rs=1 cs=1]
              LayoutText {#text} at (1,1) size 89x18
                text run at (1,1) width 89: "Row 1, Cell 1"
            LayoutTableCell {TD} at (91,0) size 92x20 [border: none none none (1px solid #808080)] [r=0 c=1 rs=1 cs=1]
              LayoutText {#text} at (2,1) size 89x18
                text run at (2,1) width 89: "Row 1, Cell 2"
            LayoutTableCell {TD} at (183,0) size 92x20 [border: none none none (1px solid #808080)] [r=0 c=2 rs=1 cs=1]
              LayoutText {#text} at (2,1) size 89x18
                text run at (2,1) width 89: "Row 1, Cell 3"
        LayoutTableSection {TBODY} at (0,38) size 275x60
          LayoutTableRow {TR} at (0,0) size 275x20
            LayoutTableCell {TD} at (0,10) size 91x20 [r=0 c=0 rs=2 cs=1]
              LayoutText {#text} at (1,1) size 89x18
                text run at (1,1) width 89: "Row 2, Cell 1"
            LayoutTableCell {TD} at (91,0) size 184x20 [border: none none none (1px solid #808080)] [r=0 c=1 rs=1 cs=2]
              LayoutText {#text} at (2,1) size 89x18
                text run at (2,1) width 89: "Row 2, Cell 2"
          LayoutTableRow {TR} at (0,20) size 275x20
            LayoutTableCell {TD} at (91,20) size 92x20 [border: none none none (1px solid #808080)] [r=1 c=1 rs=1 cs=1]
              LayoutText {#text} at (2,1) size 89x18
                text run at (2,1) width 89: "Row 3, Cell 2"
            LayoutTableCell {TD} at (183,30) size 92x20 [border: none none none (1px solid #808080)] [r=1 c=2 rs=2 cs=1]
              LayoutText {#text} at (2,1) size 89x18
                text run at (2,1) width 89: "Row 3, Cell 3"
          LayoutTableRow {TR} at (0,40) size 275x20
            LayoutTableCell {TD} at (0,40) size 183x20 [r=2 c=0 rs=1 cs=2]
              LayoutText {#text} at (1,1) size 89x18
                text run at (1,1) width 89: "Row 4, Cell 1"
        LayoutTableSection {TFOOT} at (0,98) size 275x20
          LayoutTableRow {TR} at (0,0) size 275x20
            LayoutTableCell {TD} at (0,0) size 91x20 [r=0 c=0 rs=1 cs=1]
              LayoutText {#text} at (1,1) size 89x18
                text run at (1,1) width 89: "Row 5, Cell 1"
            LayoutTableCell {TD} at (91,0) size 92x20 [border: none none none (1px solid #808080)] [r=0 c=1 rs=1 cs=1]
              LayoutText {#text} at (2,1) size 89x18
                text run at (2,1) width 89: "Row 5, Cell 2"
            LayoutTableCell {TD} at (183,0) size 92x20 [border: none none none (1px solid #808080)] [r=0 c=2 rs=1 cs=1]
              LayoutText {#text} at (2,1) size 89x18
                text run at (2,1) width 89: "Row 5, Cell 3"
      LayoutTable {TABLE} at (0,5060) size 275x120 [border: none none (1px solid #808080) none]
        LayoutBlockFlow {CAPTION} at (0,0) size 275x18
          LayoutInline {A} at (0,0) size 232x18
            LayoutText {#text} at (19,0) size 232x18
              text run at (19,0) width 232: "Frame=\x{201C}hsides\x{201D} and Rules=\x{201C}cols\x{201D}"
          LayoutInline {<pseudo:after>} at (0,0) size 6x18
            LayoutTextFragment (anonymous) at (250,0) size 6x18
              text run at (250,0) width 6: ":"
        LayoutTableSection {THEAD} at (0,18) size 275x21
          LayoutTableRow {TR} at (0,0) size 275x21
            LayoutTableCell {TD} at (0,0) size 91x21 [border: (1px none #808080) none none none] [r=0 c=0 rs=1 cs=1]
              LayoutText {#text} at (1,2) size 89x18
                text run at (1,2) width 89: "Row 1, Cell 1"
            LayoutTableCell {TD} at (91,0) size 92x21 [border: (1px none #808080) none none (1px solid #808080)] [r=0 c=1 rs=1 cs=1]
              LayoutText {#text} at (2,2) size 89x18
                text run at (2,2) width 89: "Row 1, Cell 2"
            LayoutTableCell {TD} at (183,0) size 92x21 [border: (1px none #808080) none none (1px solid #808080)] [r=0 c=2 rs=1 cs=1]
              LayoutText {#text} at (2,2) size 89x18
                text run at (2,2) width 89: "Row 1, Cell 3"
        LayoutTableSection {TBODY} at (0,39) size 275x60
          LayoutTableRow {TR} at (0,0) size 275x20
            LayoutTableCell {TD} at (0,10) size 91x20 [r=0 c=0 rs=2 cs=1]
              LayoutText {#text} at (1,1) size 89x18
                text run at (1,1) width 89: "Row 2, Cell 1"
            LayoutTableCell {TD} at (91,0) size 184x20 [border: none none none (1px solid #808080)] [r=0 c=1 rs=1 cs=2]
              LayoutText {#text} at (2,1) size 89x18
                text run at (2,1) width 89: "Row 2, Cell 2"
          LayoutTableRow {TR} at (0,20) size 275x20
            LayoutTableCell {TD} at (91,20) size 92x20 [border: none none none (1px solid #808080)] [r=1 c=1 rs=1 cs=1]
              LayoutText {#text} at (2,1) size 89x18
                text run at (2,1) width 89: "Row 3, Cell 2"
            LayoutTableCell {TD} at (183,30) size 92x20 [border: none none none (1px solid #808080)] [r=1 c=2 rs=2 cs=1]
              LayoutText {#text} at (2,1) size 89x18
                text run at (2,1) width 89: "Row 3, Cell 3"
          LayoutTableRow {TR} at (0,40) size 275x20
            LayoutTableCell {TD} at (0,40) size 183x20 [r=2 c=0 rs=1 cs=2]
              LayoutText {#text} at (1,1) size 89x18
                text run at (1,1) width 89: "Row 4, Cell 1"
        LayoutTableSection {TFOOT} at (0,99) size 275x20
          LayoutTableRow {TR} at (0,0) size 275x20
            LayoutTableCell {TD} at (0,0) size 91x20 [r=0 c=0 rs=1 cs=1]
              LayoutText {#text} at (1,1) size 89x18
                text run at (1,1) width 89: "Row 5, Cell 1"
            LayoutTableCell {TD} at (91,0) size 92x20 [border: none none none (1px solid #808080)] [r=0 c=1 rs=1 cs=1]
              LayoutText {#text} at (2,1) size 89x18
                text run at (2,1) width 89: "Row 5, Cell 2"
            LayoutTableCell {TD} at (183,0) size 92x20 [border: none none none (1px solid #808080)] [r=0 c=2 rs=1 cs=1]
              LayoutText {#text} at (2,1) size 89x18
                text run at (2,1) width 89: "Row 5, Cell 3"
      LayoutTable {TABLE} at (0,5228) size 277x118 [border: none (1px solid #808080) none none]
        LayoutBlockFlow {CAPTION} at (0,0) size 277x18
          LayoutInline {A} at (0,0) size 231x18
            LayoutText {#text} at (20,0) size 231x18
              text run at (20,0) width 231: "Frame=\x{201C}vsides\x{201D} and Rules=\x{201C}cols\x{201D}"
          LayoutInline {<pseudo:after>} at (0,0) size 7x18
            LayoutTextFragment (anonymous) at (250,0) size 7x18
              text run at (250,0) width 7: ":"
        LayoutTableSection {THEAD} at (0,18) size 276x20
          LayoutTableRow {TR} at (0,0) size 276x20
            LayoutTableCell {TD} at (0,0) size 92x20 [border: none none none (1px solid #808080)] [r=0 c=0 rs=1 cs=1]
              LayoutText {#text} at (2,1) size 89x18
                text run at (2,1) width 89: "Row 1, Cell 1"
            LayoutTableCell {TD} at (92,0) size 92x20 [border: none none none (1px solid #808080)] [r=0 c=1 rs=1 cs=1]
              LayoutText {#text} at (2,1) size 89x18
                text run at (2,1) width 89: "Row 1, Cell 2"
            LayoutTableCell {TD} at (184,0) size 92x20 [border: none none none (1px solid #808080)] [r=0 c=2 rs=1 cs=1]
              LayoutText {#text} at (2,1) size 89x18
                text run at (2,1) width 89: "Row 1, Cell 3"
        LayoutTableSection {TBODY} at (0,38) size 276x60
          LayoutTableRow {TR} at (0,0) size 276x20
            LayoutTableCell {TD} at (0,10) size 92x20 [border: none none none (1px solid #808080)] [r=0 c=0 rs=2 cs=1]
              LayoutText {#text} at (2,1) size 89x18
                text run at (2,1) width 89: "Row 2, Cell 1"
            LayoutTableCell {TD} at (92,0) size 184x20 [border: none none none (1px solid #808080)] [r=0 c=1 rs=1 cs=2]
              LayoutText {#text} at (2,1) size 89x18
                text run at (2,1) width 89: "Row 2, Cell 2"
          LayoutTableRow {TR} at (0,20) size 276x20
            LayoutTableCell {TD} at (92,20) size 92x20 [border: none none none (1px solid #808080)] [r=1 c=1 rs=1 cs=1]
              LayoutText {#text} at (2,1) size 89x18
                text run at (2,1) width 89: "Row 3, Cell 2"
            LayoutTableCell {TD} at (184,30) size 92x20 [border: none none none (1px solid #808080)] [r=1 c=2 rs=2 cs=1]
              LayoutText {#text} at (2,1) size 89x18
                text run at (2,1) width 89: "Row 3, Cell 3"
          LayoutTableRow {TR} at (0,40) size 276x20
            LayoutTableCell {TD} at (0,40) size 184x20 [border: none none none (1px solid #808080)] [r=2 c=0 rs=1 cs=2]
              LayoutText {#text} at (2,1) size 89x18
                text run at (2,1) width 89: "Row 4, Cell 1"
        LayoutTableSection {TFOOT} at (0,98) size 276x20
          LayoutTableRow {TR} at (0,0) size 276x20
            LayoutTableCell {TD} at (0,0) size 92x20 [border: none none none (1px solid #808080)] [r=0 c=0 rs=1 cs=1]
              LayoutText {#text} at (2,1) size 89x18
                text run at (2,1) width 89: "Row 5, Cell 1"
            LayoutTableCell {TD} at (92,0) size 92x20 [border: none none none (1px solid #808080)] [r=0 c=1 rs=1 cs=1]
              LayoutText {#text} at (2,1) size 89x18
                text run at (2,1) width 89: "Row 5, Cell 2"
            LayoutTableCell {TD} at (184,0) size 92x20 [border: none none none (1px solid #808080)] [r=0 c=2 rs=1 cs=1]
              LayoutText {#text} at (2,1) size 89x18
                text run at (2,1) width 89: "Row 5, Cell 3"
      LayoutTable {TABLE} at (0,5394) size 276x118
        LayoutBlockFlow {CAPTION} at (0,0) size 276x18
          LayoutInline {A} at (0,0) size 211x18
            LayoutText {#text} at (30,0) size 211x18
              text run at (30,0) width 211: "Frame=\x{201C}lhs\x{201D} and Rules=\x{201C}cols\x{201D}"
          LayoutInline {<pseudo:after>} at (0,0) size 6x18
            LayoutTextFragment (anonymous) at (240,0) size 6x18
              text run at (240,0) width 6: ":"
        LayoutTableSection {THEAD} at (0,18) size 276x20
          LayoutTableRow {TR} at (0,0) size 276x20
            LayoutTableCell {TD} at (0,0) size 92x20 [border: none none none (1px solid #808080)] [r=0 c=0 rs=1 cs=1]
              LayoutText {#text} at (2,1) size 89x18
                text run at (2,1) width 89: "Row 1, Cell 1"
            LayoutTableCell {TD} at (92,0) size 92x20 [border: none none none (1px solid #808080)] [r=0 c=1 rs=1 cs=1]
              LayoutText {#text} at (2,1) size 89x18
                text run at (2,1) width 89: "Row 1, Cell 2"
            LayoutTableCell {TD} at (184,0) size 92x20 [border: none none none (1px solid #808080)] [r=0 c=2 rs=1 cs=1]
              LayoutText {#text} at (2,1) size 89x18
                text run at (2,1) width 89: "Row 1, Cell 3"
        LayoutTableSection {TBODY} at (0,38) size 276x60
          LayoutTableRow {TR} at (0,0) size 276x20
            LayoutTableCell {TD} at (0,10) size 92x20 [border: none none none (1px solid #808080)] [r=0 c=0 rs=2 cs=1]
              LayoutText {#text} at (2,1) size 89x18
                text run at (2,1) width 89: "Row 2, Cell 1"
            LayoutTableCell {TD} at (92,0) size 184x20 [border: none none none (1px solid #808080)] [r=0 c=1 rs=1 cs=2]
              LayoutText {#text} at (2,1) size 89x18
                text run at (2,1) width 89: "Row 2, Cell 2"
          LayoutTableRow {TR} at (0,20) size 276x20
            LayoutTableCell {TD} at (92,20) size 92x20 [border: none none none (1px solid #808080)] [r=1 c=1 rs=1 cs=1]
              LayoutText {#text} at (2,1) size 89x18
                text run at (2,1) width 89: "Row 3, Cell 2"
            LayoutTableCell {TD} at (184,30) size 92x20 [border: none none none (1px solid #808080)] [r=1 c=2 rs=2 cs=1]
              LayoutText {#text} at (2,1) size 89x18
                text run at (2,1) width 89: "Row 3, Cell 3"
          LayoutTableRow {TR} at (0,40) size 276x20
            LayoutTableCell {TD} at (0,40) size 184x20 [border: none none none (1px solid #808080)] [r=2 c=0 rs=1 cs=2]
              LayoutText {#text} at (2,1) size 89x18
                text run at (2,1) width 89: "Row 4, Cell 1"
        LayoutTableSection {TFOOT} at (0,98) size 276x20
          LayoutTableRow {TR} at (0,0) size 276x20
            LayoutTableCell {TD} at (0,0) size 92x20 [border: none none none (1px solid #808080)] [r=0 c=0 rs=1 cs=1]
              LayoutText {#text} at (2,1) size 89x18
                text run at (2,1) width 89: "Row 5, Cell 1"
            LayoutTableCell {TD} at (92,0) size 92x20 [border: none none none (1px solid #808080)] [r=0 c=1 rs=1 cs=1]
              LayoutText {#text} at (2,1) size 89x18
                text run at (2,1) width 89: "Row 5, Cell 2"
            LayoutTableCell {TD} at (184,0) size 92x20 [border: none none none (1px solid #808080)] [r=0 c=2 rs=1 cs=1]
              LayoutText {#text} at (2,1) size 89x18
                text run at (2,1) width 89: "Row 5, Cell 3"
      LayoutTable {TABLE} at (0,5560) size 276x118 [border: none (1px solid #808080) none]
        LayoutBlockFlow {CAPTION} at (0,0) size 276x18
          LayoutInline {A} at (0,0) size 213x18
            LayoutText {#text} at (29,0) size 213x18
              text run at (29,0) width 213: "Frame=\x{201C}rhs\x{201D} and Rules=\x{201C}cols\x{201D}"
          LayoutInline {<pseudo:after>} at (0,0) size 6x18
            LayoutTextFragment (anonymous) at (241,0) size 6x18
              text run at (241,0) width 6: ":"
        LayoutTableSection {THEAD} at (0,18) size 275x20
          LayoutTableRow {TR} at (0,0) size 275x20
            LayoutTableCell {TD} at (0,0) size 91x20 [r=0 c=0 rs=1 cs=1]
              LayoutText {#text} at (1,1) size 89x18
                text run at (1,1) width 89: "Row 1, Cell 1"
            LayoutTableCell {TD} at (91,0) size 92x20 [border: none none none (1px solid #808080)] [r=0 c=1 rs=1 cs=1]
              LayoutText {#text} at (2,1) size 89x18
                text run at (2,1) width 89: "Row 1, Cell 2"
            LayoutTableCell {TD} at (183,0) size 92x20 [border: none none none (1px solid #808080)] [r=0 c=2 rs=1 cs=1]
              LayoutText {#text} at (2,1) size 89x18
                text run at (2,1) width 89: "Row 1, Cell 3"
        LayoutTableSection {TBODY} at (0,38) size 275x60
          LayoutTableRow {TR} at (0,0) size 275x20
            LayoutTableCell {TD} at (0,10) size 91x20 [r=0 c=0 rs=2 cs=1]
              LayoutText {#text} at (1,1) size 89x18
                text run at (1,1) width 89: "Row 2, Cell 1"
            LayoutTableCell {TD} at (91,0) size 184x20 [border: none none none (1px solid #808080)] [r=0 c=1 rs=1 cs=2]
              LayoutText {#text} at (2,1) size 89x18
                text run at (2,1) width 89: "Row 2, Cell 2"
          LayoutTableRow {TR} at (0,20) size 275x20
            LayoutTableCell {TD} at (91,20) size 92x20 [border: none none none (1px solid #808080)] [r=1 c=1 rs=1 cs=1]
              LayoutText {#text} at (2,1) size 89x18
                text run at (2,1) width 89: "Row 3, Cell 2"
            LayoutTableCell {TD} at (183,30) size 92x20 [border: none none none (1px solid #808080)] [r=1 c=2 rs=2 cs=1]
              LayoutText {#text} at (2,1) size 89x18
                text run at (2,1) width 89: "Row 3, Cell 3"
          LayoutTableRow {TR} at (0,40) size 275x20
            LayoutTableCell {TD} at (0,40) size 183x20 [r=2 c=0 rs=1 cs=2]
              LayoutText {#text} at (1,1) size 89x18
                text run at (1,1) width 89: "Row 4, Cell 1"
        LayoutTableSection {TFOOT} at (0,98) size 275x20
          LayoutTableRow {TR} at (0,0) size 275x20
            LayoutTableCell {TD} at (0,0) size 91x20 [r=0 c=0 rs=1 cs=1]
              LayoutText {#text} at (1,1) size 89x18
                text run at (1,1) width 89: "Row 5, Cell 1"
            LayoutTableCell {TD} at (91,0) size 92x20 [border: none none none (1px solid #808080)] [r=0 c=1 rs=1 cs=1]
              LayoutText {#text} at (2,1) size 89x18
                text run at (2,1) width 89: "Row 5, Cell 2"
            LayoutTableCell {TD} at (183,0) size 92x20 [border: none none none (1px solid #808080)] [r=0 c=2 rs=1 cs=1]
              LayoutText {#text} at (2,1) size 89x18
                text run at (2,1) width 89: "Row 5, Cell 3"
      LayoutTable {TABLE} at (0,5726) size 277x120 [border: none]
        LayoutBlockFlow {CAPTION} at (0,0) size 277x18
          LayoutInline {A} at (0,0) size 216x18
            LayoutText {#text} at (28,0) size 216x18
              text run at (28,0) width 216: "Frame=\x{201C}box\x{201D} and Rules=\x{201C}cols\x{201D}"
          LayoutInline {<pseudo:after>} at (0,0) size 6x18
            LayoutTextFragment (anonymous) at (243,0) size 6x18
              text run at (243,0) width 6: ":"
        LayoutTableSection {THEAD} at (0,18) size 276x21
          LayoutTableRow {TR} at (0,0) size 276x21
            LayoutTableCell {TD} at (0,0) size 92x21 [border: (1px none #808080) none none (1px solid #808080)] [r=0 c=0 rs=1 cs=1]
              LayoutText {#text} at (2,2) size 89x18
                text run at (2,2) width 89: "Row 1, Cell 1"
            LayoutTableCell {TD} at (92,0) size 92x21 [border: (1px none #808080) none none (1px solid #808080)] [r=0 c=1 rs=1 cs=1]
              LayoutText {#text} at (2,2) size 89x18
                text run at (2,2) width 89: "Row 1, Cell 2"
            LayoutTableCell {TD} at (184,0) size 92x21 [border: (1px none #808080) none none (1px solid #808080)] [r=0 c=2 rs=1 cs=1]
              LayoutText {#text} at (2,2) size 89x18
                text run at (2,2) width 89: "Row 1, Cell 3"
        LayoutTableSection {TBODY} at (0,39) size 276x60
          LayoutTableRow {TR} at (0,0) size 276x20
            LayoutTableCell {TD} at (0,10) size 92x20 [border: none none none (1px solid #808080)] [r=0 c=0 rs=2 cs=1]
              LayoutText {#text} at (2,1) size 89x18
                text run at (2,1) width 89: "Row 2, Cell 1"
            LayoutTableCell {TD} at (92,0) size 184x20 [border: none none none (1px solid #808080)] [r=0 c=1 rs=1 cs=2]
              LayoutText {#text} at (2,1) size 89x18
                text run at (2,1) width 89: "Row 2, Cell 2"
          LayoutTableRow {TR} at (0,20) size 276x20
            LayoutTableCell {TD} at (92,20) size 92x20 [border: none none none (1px solid #808080)] [r=1 c=1 rs=1 cs=1]
              LayoutText {#text} at (2,1) size 89x18
                text run at (2,1) width 89: "Row 3, Cell 2"
            LayoutTableCell {TD} at (184,30) size 92x20 [border: none none none (1px solid #808080)] [r=1 c=2 rs=2 cs=1]
              LayoutText {#text} at (2,1) size 89x18
                text run at (2,1) width 89: "Row 3, Cell 3"
          LayoutTableRow {TR} at (0,40) size 276x20
            LayoutTableCell {TD} at (0,40) size 184x20 [border: none none none (1px solid #808080)] [r=2 c=0 rs=1 cs=2]
              LayoutText {#text} at (2,1) size 89x18
                text run at (2,1) width 89: "Row 4, Cell 1"
        LayoutTableSection {TFOOT} at (0,99) size 276x20
          LayoutTableRow {TR} at (0,0) size 276x20
            LayoutTableCell {TD} at (0,0) size 92x20 [border: none none none (1px solid #808080)] [r=0 c=0 rs=1 cs=1]
              LayoutText {#text} at (2,1) size 89x18
                text run at (2,1) width 89: "Row 5, Cell 1"
            LayoutTableCell {TD} at (92,0) size 92x20 [border: none none none (1px solid #808080)] [r=0 c=1 rs=1 cs=1]
              LayoutText {#text} at (2,1) size 89x18
                text run at (2,1) width 89: "Row 5, Cell 2"
            LayoutTableCell {TD} at (184,0) size 92x20 [border: none none none (1px solid #808080)] [r=0 c=2 rs=1 cs=1]
              LayoutText {#text} at (2,1) size 89x18
                text run at (2,1) width 89: "Row 5, Cell 3"
      LayoutTable {TABLE} at (0,5894) size 277x120 [border: none]
        LayoutBlockFlow {CAPTION} at (0,0) size 277x18
          LayoutInline {A} at (0,0) size 235x18
            LayoutText {#text} at (18,0) size 235x18
              text run at (18,0) width 235: "Frame=\x{201C}border\x{201D} and Rules=\x{201C}cols\x{201D}"
          LayoutInline {<pseudo:after>} at (0,0) size 7x18
            LayoutTextFragment (anonymous) at (252,0) size 7x18
              text run at (252,0) width 7: ":"
        LayoutTableSection {THEAD} at (0,18) size 276x21
          LayoutTableRow {TR} at (0,0) size 276x21
            LayoutTableCell {TD} at (0,0) size 92x21 [border: (1px none #808080) none none (1px solid #808080)] [r=0 c=0 rs=1 cs=1]
              LayoutText {#text} at (2,2) size 89x18
                text run at (2,2) width 89: "Row 1, Cell 1"
            LayoutTableCell {TD} at (92,0) size 92x21 [border: (1px none #808080) none none (1px solid #808080)] [r=0 c=1 rs=1 cs=1]
              LayoutText {#text} at (2,2) size 89x18
                text run at (2,2) width 89: "Row 1, Cell 2"
            LayoutTableCell {TD} at (184,0) size 92x21 [border: (1px none #808080) none none (1px solid #808080)] [r=0 c=2 rs=1 cs=1]
              LayoutText {#text} at (2,2) size 89x18
                text run at (2,2) width 89: "Row 1, Cell 3"
        LayoutTableSection {TBODY} at (0,39) size 276x60
          LayoutTableRow {TR} at (0,0) size 276x20
            LayoutTableCell {TD} at (0,10) size 92x20 [border: none none none (1px solid #808080)] [r=0 c=0 rs=2 cs=1]
              LayoutText {#text} at (2,1) size 89x18
                text run at (2,1) width 89: "Row 2, Cell 1"
            LayoutTableCell {TD} at (92,0) size 184x20 [border: none none none (1px solid #808080)] [r=0 c=1 rs=1 cs=2]
              LayoutText {#text} at (2,1) size 89x18
                text run at (2,1) width 89: "Row 2, Cell 2"
          LayoutTableRow {TR} at (0,20) size 276x20
            LayoutTableCell {TD} at (92,20) size 92x20 [border: none none none (1px solid #808080)] [r=1 c=1 rs=1 cs=1]
              LayoutText {#text} at (2,1) size 89x18
                text run at (2,1) width 89: "Row 3, Cell 2"
            LayoutTableCell {TD} at (184,30) size 92x20 [border: none none none (1px solid #808080)] [r=1 c=2 rs=2 cs=1]
              LayoutText {#text} at (2,1) size 89x18
                text run at (2,1) width 89: "Row 3, Cell 3"
          LayoutTableRow {TR} at (0,40) size 276x20
            LayoutTableCell {TD} at (0,40) size 184x20 [border: none none none (1px solid #808080)] [r=2 c=0 rs=1 cs=2]
              LayoutText {#text} at (2,1) size 89x18
                text run at (2,1) width 89: "Row 4, Cell 1"
        LayoutTableSection {TFOOT} at (0,99) size 276x20
          LayoutTableRow {TR} at (0,0) size 276x20
            LayoutTableCell {TD} at (0,0) size 92x20 [border: none none none (1px solid #808080)] [r=0 c=0 rs=1 cs=1]
              LayoutText {#text} at (2,1) size 89x18
                text run at (2,1) width 89: "Row 5, Cell 1"
            LayoutTableCell {TD} at (92,0) size 92x20 [border: none none none (1px solid #808080)] [r=0 c=1 rs=1 cs=1]
              LayoutText {#text} at (2,1) size 89x18
                text run at (2,1) width 89: "Row 5, Cell 2"
            LayoutTableCell {TD} at (184,0) size 92x20 [border: none none none (1px solid #808080)] [r=0 c=2 rs=1 cs=1]
              LayoutText {#text} at (2,1) size 89x18
                text run at (2,1) width 89: "Row 5, Cell 3"
      LayoutTable {TABLE} at (0,6062) size 275x122
        LayoutBlockFlow {CAPTION} at (0,0) size 275x18
          LayoutInline {A} at (0,0) size 210x18
            LayoutText {#text} at (30,0) size 210x18
              text run at (30,0) width 210: "Frame=\x{201C}void\x{201D} and Rules=\x{201C}all\x{201D}"
          LayoutInline {<pseudo:after>} at (0,0) size 6x18
            LayoutTextFragment (anonymous) at (239,0) size 6x18
              text run at (239,0) width 6: ":"
        LayoutTableSection {THEAD} at (0,18) size 275x20
          LayoutTableRow {TR} at (0,0) size 275x20
            LayoutTableCell {TD} at (0,0) size 91x20 [r=0 c=0 rs=1 cs=1]
              LayoutText {#text} at (1,1) size 89x18
                text run at (1,1) width 89: "Row 1, Cell 1"
            LayoutTableCell {TD} at (91,0) size 92x20 [border: none] [r=0 c=1 rs=1 cs=1]
              LayoutText {#text} at (2,1) size 89x18
                text run at (2,1) width 89: "Row 1, Cell 2"
            LayoutTableCell {TD} at (183,0) size 92x20 [border: none] [r=0 c=2 rs=1 cs=1]
              LayoutText {#text} at (2,1) size 89x18
                text run at (2,1) width 89: "Row 1, Cell 3"
        LayoutTableSection {TBODY} at (0,38) size 275x63
          LayoutTableRow {TR} at (0,0) size 275x21
            LayoutTableCell {TD} at (0,10) size 91x21 [border: (1px solid #808080)] [r=0 c=0 rs=2 cs=1]
              LayoutText {#text} at (1,2) size 89x18
                text run at (1,2) width 89: "Row 2, Cell 1"
            LayoutTableCell {TD} at (91,0) size 184x21 [border: (1px solid #808080)] [r=0 c=1 rs=1 cs=2]
              LayoutText {#text} at (2,2) size 89x18
                text run at (2,2) width 89: "Row 2, Cell 2"
          LayoutTableRow {TR} at (0,21) size 275x21
            LayoutTableCell {TD} at (91,21) size 92x21 [border: (1px solid #808080)] [r=1 c=1 rs=1 cs=1]
              LayoutText {#text} at (2,2) size 89x18
                text run at (2,2) width 89: "Row 3, Cell 2"
            LayoutTableCell {TD} at (183,31) size 92x21 [border: (1px solid #808080)] [r=1 c=2 rs=2 cs=1]
              LayoutText {#text} at (2,2) size 89x18
                text run at (2,2) width 89: "Row 3, Cell 3"
          LayoutTableRow {TR} at (0,42) size 275x21
            LayoutTableCell {TD} at (0,42) size 183x21 [border: (1px solid #808080)] [r=2 c=0 rs=1 cs=2]
              LayoutText {#text} at (1,2) size 89x18
                text run at (1,2) width 89: "Row 4, Cell 1"
        LayoutTableSection {TFOOT} at (0,101) size 275x21
          LayoutTableRow {TR} at (0,0) size 275x21
            LayoutTableCell {TD} at (0,0) size 91x21 [border: (1px solid #808080)] [r=0 c=0 rs=1 cs=1]
              LayoutText {#text} at (1,2) size 89x18
                text run at (1,2) width 89: "Row 5, Cell 1"
            LayoutTableCell {TD} at (91,0) size 92x21 [border: (1px solid #808080)] [r=0 c=1 rs=1 cs=1]
              LayoutText {#text} at (2,2) size 89x18
                text run at (2,2) width 89: "Row 5, Cell 2"
            LayoutTableCell {TD} at (183,0) size 92x21 [border: (1px solid #808080)] [r=0 c=2 rs=1 cs=1]
              LayoutText {#text} at (2,2) size 89x18
                text run at (2,2) width 89: "Row 5, Cell 3"
      LayoutTable {TABLE} at (0,6232) size 275x123
        LayoutBlockFlow {CAPTION} at (0,0) size 275x18
          LayoutInline {A} at (0,0) size 221x18
            LayoutText {#text} at (24,0) size 221x18
              text run at (24,0) width 221: "Frame=\x{201C}above\x{201D} and Rules=\x{201C}all\x{201D}"
          LayoutInline {<pseudo:after>} at (0,0) size 7x18
            LayoutTextFragment (anonymous) at (244,0) size 7x18
              text run at (244,0) width 7: ":"
        LayoutTableSection {THEAD} at (0,18) size 275x21
          LayoutTableRow {TR} at (0,0) size 275x21
            LayoutTableCell {TD} at (0,0) size 91x21 [border: (1px solid #808080)] [r=0 c=0 rs=1 cs=1]
              LayoutText {#text} at (1,2) size 89x18
                text run at (1,2) width 89: "Row 1, Cell 1"
            LayoutTableCell {TD} at (91,0) size 92x21 [border: (1px solid #808080)] [r=0 c=1 rs=1 cs=1]
              LayoutText {#text} at (2,2) size 89x18
                text run at (2,2) width 89: "Row 1, Cell 2"
            LayoutTableCell {TD} at (183,0) size 92x21 [border: (1px solid #808080)] [r=0 c=2 rs=1 cs=1]
              LayoutText {#text} at (2,2) size 89x18
                text run at (2,2) width 89: "Row 1, Cell 3"
        LayoutTableSection {TBODY} at (0,39) size 275x63
          LayoutTableRow {TR} at (0,0) size 275x21
            LayoutTableCell {TD} at (0,10) size 91x21 [border: (1px solid #808080)] [r=0 c=0 rs=2 cs=1]
              LayoutText {#text} at (1,2) size 89x18
                text run at (1,2) width 89: "Row 2, Cell 1"
            LayoutTableCell {TD} at (91,0) size 184x21 [border: (1px solid #808080)] [r=0 c=1 rs=1 cs=2]
              LayoutText {#text} at (2,2) size 89x18
                text run at (2,2) width 89: "Row 2, Cell 2"
          LayoutTableRow {TR} at (0,21) size 275x21
            LayoutTableCell {TD} at (91,21) size 92x21 [border: (1px solid #808080)] [r=1 c=1 rs=1 cs=1]
              LayoutText {#text} at (2,2) size 89x18
                text run at (2,2) width 89: "Row 3, Cell 2"
            LayoutTableCell {TD} at (183,31) size 92x21 [border: (1px solid #808080)] [r=1 c=2 rs=2 cs=1]
              LayoutText {#text} at (2,2) size 89x18
                text run at (2,2) width 89: "Row 3, Cell 3"
          LayoutTableRow {TR} at (0,42) size 275x21
            LayoutTableCell {TD} at (0,42) size 183x21 [border: (1px solid #808080)] [r=2 c=0 rs=1 cs=2]
              LayoutText {#text} at (1,2) size 89x18
                text run at (1,2) width 89: "Row 4, Cell 1"
        LayoutTableSection {TFOOT} at (0,102) size 275x21
          LayoutTableRow {TR} at (0,0) size 275x21
            LayoutTableCell {TD} at (0,0) size 91x21 [border: (1px solid #808080)] [r=0 c=0 rs=1 cs=1]
              LayoutText {#text} at (1,2) size 89x18
                text run at (1,2) width 89: "Row 5, Cell 1"
            LayoutTableCell {TD} at (91,0) size 92x21 [border: (1px solid #808080)] [r=0 c=1 rs=1 cs=1]
              LayoutText {#text} at (2,2) size 89x18
                text run at (2,2) width 89: "Row 5, Cell 2"
            LayoutTableCell {TD} at (183,0) size 92x21 [border: (1px solid #808080)] [r=0 c=2 rs=1 cs=1]
              LayoutText {#text} at (2,2) size 89x18
                text run at (2,2) width 89: "Row 5, Cell 3"
      LayoutTable {TABLE} at (0,6403) size 275x123 [border: none (1px solid #808080) none]
        LayoutBlockFlow {CAPTION} at (0,0) size 275x18
          LayoutInline {A} at (0,0) size 221x18
            LayoutText {#text} at (24,0) size 221x18
              text run at (24,0) width 221: "Frame=\x{201C}below\x{201D} and Rules=\x{201C}all\x{201D}"
          LayoutInline {<pseudo:after>} at (0,0) size 7x18
            LayoutTextFragment (anonymous) at (244,0) size 7x18
              text run at (244,0) width 7: ":"
        LayoutTableSection {THEAD} at (0,18) size 275x20
          LayoutTableRow {TR} at (0,0) size 275x20
            LayoutTableCell {TD} at (0,0) size 91x20 [r=0 c=0 rs=1 cs=1]
              LayoutText {#text} at (1,1) size 89x18
                text run at (1,1) width 89: "Row 1, Cell 1"
            LayoutTableCell {TD} at (91,0) size 92x20 [border: none] [r=0 c=1 rs=1 cs=1]
              LayoutText {#text} at (2,1) size 89x18
                text run at (2,1) width 89: "Row 1, Cell 2"
            LayoutTableCell {TD} at (183,0) size 92x20 [border: none] [r=0 c=2 rs=1 cs=1]
              LayoutText {#text} at (2,1) size 89x18
                text run at (2,1) width 89: "Row 1, Cell 3"
        LayoutTableSection {TBODY} at (0,38) size 275x63
          LayoutTableRow {TR} at (0,0) size 275x21
            LayoutTableCell {TD} at (0,10) size 91x21 [border: (1px solid #808080)] [r=0 c=0 rs=2 cs=1]
              LayoutText {#text} at (1,2) size 89x18
                text run at (1,2) width 89: "Row 2, Cell 1"
            LayoutTableCell {TD} at (91,0) size 184x21 [border: (1px solid #808080)] [r=0 c=1 rs=1 cs=2]
              LayoutText {#text} at (2,2) size 89x18
                text run at (2,2) width 89: "Row 2, Cell 2"
          LayoutTableRow {TR} at (0,21) size 275x21
            LayoutTableCell {TD} at (91,21) size 92x21 [border: (1px solid #808080)] [r=1 c=1 rs=1 cs=1]
              LayoutText {#text} at (2,2) size 89x18
                text run at (2,2) width 89: "Row 3, Cell 2"
            LayoutTableCell {TD} at (183,31) size 92x21 [border: (1px solid #808080)] [r=1 c=2 rs=2 cs=1]
              LayoutText {#text} at (2,2) size 89x18
                text run at (2,2) width 89: "Row 3, Cell 3"
          LayoutTableRow {TR} at (0,42) size 275x21
            LayoutTableCell {TD} at (0,42) size 183x21 [border: (1px solid #808080)] [r=2 c=0 rs=1 cs=2]
              LayoutText {#text} at (1,2) size 89x18
                text run at (1,2) width 89: "Row 4, Cell 1"
        LayoutTableSection {TFOOT} at (0,101) size 275x21
          LayoutTableRow {TR} at (0,0) size 275x21
            LayoutTableCell {TD} at (0,0) size 91x21 [border: (1px solid #808080)] [r=0 c=0 rs=1 cs=1]
              LayoutText {#text} at (1,2) size 89x18
                text run at (1,2) width 89: "Row 5, Cell 1"
            LayoutTableCell {TD} at (91,0) size 92x21 [border: (1px solid #808080)] [r=0 c=1 rs=1 cs=1]
              LayoutText {#text} at (2,2) size 89x18
                text run at (2,2) width 89: "Row 5, Cell 2"
            LayoutTableCell {TD} at (183,0) size 92x21 [border: (1px solid #808080)] [r=0 c=2 rs=1 cs=1]
              LayoutText {#text} at (2,2) size 89x18
                text run at (2,2) width 89: "Row 5, Cell 3"
      LayoutTable {TABLE} at (0,6574) size 275x124 [border: none none (1px solid #808080) none]
        LayoutBlockFlow {CAPTION} at (0,0) size 275x18
          LayoutInline {A} at (0,0) size 224x18
            LayoutText {#text} at (23,0) size 224x18
              text run at (23,0) width 224: "Frame=\x{201C}hsides\x{201D} and Rules=\x{201C}all\x{201D}"
          LayoutInline {<pseudo:after>} at (0,0) size 6x18
            LayoutTextFragment (anonymous) at (246,0) size 6x18
              text run at (246,0) width 6: ":"
        LayoutTableSection {THEAD} at (0,18) size 275x21
          LayoutTableRow {TR} at (0,0) size 275x21
            LayoutTableCell {TD} at (0,0) size 91x21 [border: (1px solid #808080)] [r=0 c=0 rs=1 cs=1]
              LayoutText {#text} at (1,2) size 89x18
                text run at (1,2) width 89: "Row 1, Cell 1"
            LayoutTableCell {TD} at (91,0) size 92x21 [border: (1px solid #808080)] [r=0 c=1 rs=1 cs=1]
              LayoutText {#text} at (2,2) size 89x18
                text run at (2,2) width 89: "Row 1, Cell 2"
            LayoutTableCell {TD} at (183,0) size 92x21 [border: (1px solid #808080)] [r=0 c=2 rs=1 cs=1]
              LayoutText {#text} at (2,2) size 89x18
                text run at (2,2) width 89: "Row 1, Cell 3"
        LayoutTableSection {TBODY} at (0,39) size 275x63
          LayoutTableRow {TR} at (0,0) size 275x21
            LayoutTableCell {TD} at (0,10) size 91x21 [border: (1px solid #808080)] [r=0 c=0 rs=2 cs=1]
              LayoutText {#text} at (1,2) size 89x18
                text run at (1,2) width 89: "Row 2, Cell 1"
            LayoutTableCell {TD} at (91,0) size 184x21 [border: (1px solid #808080)] [r=0 c=1 rs=1 cs=2]
              LayoutText {#text} at (2,2) size 89x18
                text run at (2,2) width 89: "Row 2, Cell 2"
          LayoutTableRow {TR} at (0,21) size 275x21
            LayoutTableCell {TD} at (91,21) size 92x21 [border: (1px solid #808080)] [r=1 c=1 rs=1 cs=1]
              LayoutText {#text} at (2,2) size 89x18
                text run at (2,2) width 89: "Row 3, Cell 2"
            LayoutTableCell {TD} at (183,31) size 92x21 [border: (1px solid #808080)] [r=1 c=2 rs=2 cs=1]
              LayoutText {#text} at (2,2) size 89x18
                text run at (2,2) width 89: "Row 3, Cell 3"
          LayoutTableRow {TR} at (0,42) size 275x21
            LayoutTableCell {TD} at (0,42) size 183x21 [border: (1px solid #808080)] [r=2 c=0 rs=1 cs=2]
              LayoutText {#text} at (1,2) size 89x18
                text run at (1,2) width 89: "Row 4, Cell 1"
        LayoutTableSection {TFOOT} at (0,102) size 275x21
          LayoutTableRow {TR} at (0,0) size 275x21
            LayoutTableCell {TD} at (0,0) size 91x21 [border: (1px solid #808080)] [r=0 c=0 rs=1 cs=1]
              LayoutText {#text} at (1,2) size 89x18
                text run at (1,2) width 89: "Row 5, Cell 1"
            LayoutTableCell {TD} at (91,0) size 92x21 [border: (1px solid #808080)] [r=0 c=1 rs=1 cs=1]
              LayoutText {#text} at (2,2) size 89x18
                text run at (2,2) width 89: "Row 5, Cell 2"
            LayoutTableCell {TD} at (183,0) size 92x21 [border: (1px solid #808080)] [r=0 c=2 rs=1 cs=1]
              LayoutText {#text} at (2,2) size 89x18
                text run at (2,2) width 89: "Row 5, Cell 3"
      LayoutTable {TABLE} at (0,6746) size 277x122 [border: none (1px solid #808080) none none]
        LayoutBlockFlow {CAPTION} at (0,0) size 277x18
          LayoutInline {A} at (0,0) size 222x18
            LayoutText {#text} at (25,0) size 222x18
              text run at (25,0) width 222: "Frame=\x{201C}vsides\x{201D} and Rules=\x{201C}all\x{201D}"
          LayoutInline {<pseudo:after>} at (0,0) size 6x18
            LayoutTextFragment (anonymous) at (246,0) size 6x18
              text run at (246,0) width 6: ":"
        LayoutTableSection {THEAD} at (0,18) size 276x20
          LayoutTableRow {TR} at (0,0) size 276x20
            LayoutTableCell {TD} at (0,0) size 92x20 [border: none] [r=0 c=0 rs=1 cs=1]
              LayoutText {#text} at (2,1) size 89x18
                text run at (2,1) width 89: "Row 1, Cell 1"
            LayoutTableCell {TD} at (92,0) size 92x20 [border: none] [r=0 c=1 rs=1 cs=1]
              LayoutText {#text} at (2,1) size 89x18
                text run at (2,1) width 89: "Row 1, Cell 2"
            LayoutTableCell {TD} at (184,0) size 92x20 [border: none] [r=0 c=2 rs=1 cs=1]
              LayoutText {#text} at (2,1) size 89x18
                text run at (2,1) width 89: "Row 1, Cell 3"
        LayoutTableSection {TBODY} at (0,38) size 276x63
          LayoutTableRow {TR} at (0,0) size 276x21
            LayoutTableCell {TD} at (0,10) size 92x21 [border: (1px solid #808080)] [r=0 c=0 rs=2 cs=1]
              LayoutText {#text} at (2,2) size 89x18
                text run at (2,2) width 89: "Row 2, Cell 1"
            LayoutTableCell {TD} at (92,0) size 184x21 [border: (1px solid #808080)] [r=0 c=1 rs=1 cs=2]
              LayoutText {#text} at (2,2) size 89x18
                text run at (2,2) width 89: "Row 2, Cell 2"
          LayoutTableRow {TR} at (0,21) size 276x21
            LayoutTableCell {TD} at (92,21) size 92x21 [border: (1px solid #808080)] [r=1 c=1 rs=1 cs=1]
              LayoutText {#text} at (2,2) size 89x18
                text run at (2,2) width 89: "Row 3, Cell 2"
            LayoutTableCell {TD} at (184,31) size 92x21 [border: (1px solid #808080)] [r=1 c=2 rs=2 cs=1]
              LayoutText {#text} at (2,2) size 89x18
                text run at (2,2) width 89: "Row 3, Cell 3"
          LayoutTableRow {TR} at (0,42) size 276x21
            LayoutTableCell {TD} at (0,42) size 184x21 [border: (1px solid #808080)] [r=2 c=0 rs=1 cs=2]
              LayoutText {#text} at (2,2) size 89x18
                text run at (2,2) width 89: "Row 4, Cell 1"
        LayoutTableSection {TFOOT} at (0,101) size 276x21
          LayoutTableRow {TR} at (0,0) size 276x21
            LayoutTableCell {TD} at (0,0) size 92x21 [border: (1px solid #808080)] [r=0 c=0 rs=1 cs=1]
              LayoutText {#text} at (2,2) size 89x18
                text run at (2,2) width 89: "Row 5, Cell 1"
            LayoutTableCell {TD} at (92,0) size 92x21 [border: (1px solid #808080)] [r=0 c=1 rs=1 cs=1]
              LayoutText {#text} at (2,2) size 89x18
                text run at (2,2) width 89: "Row 5, Cell 2"
            LayoutTableCell {TD} at (184,0) size 92x21 [border: (1px solid #808080)] [r=0 c=2 rs=1 cs=1]
              LayoutText {#text} at (2,2) size 89x18
                text run at (2,2) width 89: "Row 5, Cell 3"
      LayoutTable {TABLE} at (0,6916) size 276x122
        LayoutBlockFlow {CAPTION} at (0,0) size 276x18
          LayoutInline {A} at (0,0) size 203x18
            LayoutText {#text} at (34,0) size 203x18
              text run at (34,0) width 203: "Frame=\x{201C}lhs\x{201D} and Rules=\x{201C}all\x{201D}"
          LayoutInline {<pseudo:after>} at (0,0) size 6x18
            LayoutTextFragment (anonymous) at (236,0) size 6x18
              text run at (236,0) width 6: ":"
        LayoutTableSection {THEAD} at (0,18) size 276x20
          LayoutTableRow {TR} at (0,0) size 276x20
            LayoutTableCell {TD} at (0,0) size 92x20 [border: none] [r=0 c=0 rs=1 cs=1]
              LayoutText {#text} at (2,1) size 89x18
                text run at (2,1) width 89: "Row 1, Cell 1"
            LayoutTableCell {TD} at (92,0) size 92x20 [border: none] [r=0 c=1 rs=1 cs=1]
              LayoutText {#text} at (2,1) size 89x18
                text run at (2,1) width 89: "Row 1, Cell 2"
            LayoutTableCell {TD} at (184,0) size 92x20 [border: none] [r=0 c=2 rs=1 cs=1]
              LayoutText {#text} at (2,1) size 89x18
                text run at (2,1) width 89: "Row 1, Cell 3"
        LayoutTableSection {TBODY} at (0,38) size 276x63
          LayoutTableRow {TR} at (0,0) size 276x21
            LayoutTableCell {TD} at (0,10) size 92x21 [border: (1px solid #808080)] [r=0 c=0 rs=2 cs=1]
              LayoutText {#text} at (2,2) size 89x18
                text run at (2,2) width 89: "Row 2, Cell 1"
            LayoutTableCell {TD} at (92,0) size 184x21 [border: (1px solid #808080)] [r=0 c=1 rs=1 cs=2]
              LayoutText {#text} at (2,2) size 89x18
                text run at (2,2) width 89: "Row 2, Cell 2"
          LayoutTableRow {TR} at (0,21) size 276x21
            LayoutTableCell {TD} at (92,21) size 92x21 [border: (1px solid #808080)] [r=1 c=1 rs=1 cs=1]
              LayoutText {#text} at (2,2) size 89x18
                text run at (2,2) width 89: "Row 3, Cell 2"
            LayoutTableCell {TD} at (184,31) size 92x21 [border: (1px solid #808080)] [r=1 c=2 rs=2 cs=1]
              LayoutText {#text} at (2,2) size 89x18
                text run at (2,2) width 89: "Row 3, Cell 3"
          LayoutTableRow {TR} at (0,42) size 276x21
            LayoutTableCell {TD} at (0,42) size 184x21 [border: (1px solid #808080)] [r=2 c=0 rs=1 cs=2]
              LayoutText {#text} at (2,2) size 89x18
                text run at (2,2) width 89: "Row 4, Cell 1"
        LayoutTableSection {TFOOT} at (0,101) size 276x21
          LayoutTableRow {TR} at (0,0) size 276x21
            LayoutTableCell {TD} at (0,0) size 92x21 [border: (1px solid #808080)] [r=0 c=0 rs=1 cs=1]
              LayoutText {#text} at (2,2) size 89x18
                text run at (2,2) width 89: "Row 5, Cell 1"
            LayoutTableCell {TD} at (92,0) size 92x21 [border: (1px solid #808080)] [r=0 c=1 rs=1 cs=1]
              LayoutText {#text} at (2,2) size 89x18
                text run at (2,2) width 89: "Row 5, Cell 2"
            LayoutTableCell {TD} at (184,0) size 92x21 [border: (1px solid #808080)] [r=0 c=2 rs=1 cs=1]
              LayoutText {#text} at (2,2) size 89x18
                text run at (2,2) width 89: "Row 5, Cell 3"
      LayoutTable {TABLE} at (0,7086) size 276x122 [border: none (1px solid #808080) none]
        LayoutBlockFlow {CAPTION} at (0,0) size 276x18
          LayoutInline {A} at (0,0) size 204x18
            LayoutText {#text} at (33,0) size 204x18
              text run at (33,0) width 204: "Frame=\x{201C}rhs\x{201D} and Rules=\x{201C}all\x{201D}"
          LayoutInline {<pseudo:after>} at (0,0) size 7x18
            LayoutTextFragment (anonymous) at (236,0) size 7x18
              text run at (236,0) width 7: ":"
        LayoutTableSection {THEAD} at (0,18) size 275x20
          LayoutTableRow {TR} at (0,0) size 275x20
            LayoutTableCell {TD} at (0,0) size 91x20 [r=0 c=0 rs=1 cs=1]
              LayoutText {#text} at (1,1) size 89x18
                text run at (1,1) width 89: "Row 1, Cell 1"
            LayoutTableCell {TD} at (91,0) size 92x20 [border: none] [r=0 c=1 rs=1 cs=1]
              LayoutText {#text} at (2,1) size 89x18
                text run at (2,1) width 89: "Row 1, Cell 2"
            LayoutTableCell {TD} at (183,0) size 92x20 [border: none] [r=0 c=2 rs=1 cs=1]
              LayoutText {#text} at (2,1) size 89x18
                text run at (2,1) width 89: "Row 1, Cell 3"
        LayoutTableSection {TBODY} at (0,38) size 275x63
          LayoutTableRow {TR} at (0,0) size 275x21
            LayoutTableCell {TD} at (0,10) size 91x21 [border: (1px solid #808080)] [r=0 c=0 rs=2 cs=1]
              LayoutText {#text} at (1,2) size 89x18
                text run at (1,2) width 89: "Row 2, Cell 1"
            LayoutTableCell {TD} at (91,0) size 184x21 [border: (1px solid #808080)] [r=0 c=1 rs=1 cs=2]
              LayoutText {#text} at (2,2) size 89x18
                text run at (2,2) width 89: "Row 2, Cell 2"
          LayoutTableRow {TR} at (0,21) size 275x21
            LayoutTableCell {TD} at (91,21) size 92x21 [border: (1px solid #808080)] [r=1 c=1 rs=1 cs=1]
              LayoutText {#text} at (2,2) size 89x18
                text run at (2,2) width 89: "Row 3, Cell 2"
            LayoutTableCell {TD} at (183,31) size 92x21 [border: (1px solid #808080)] [r=1 c=2 rs=2 cs=1]
              LayoutText {#text} at (2,2) size 89x18
                text run at (2,2) width 89: "Row 3, Cell 3"
          LayoutTableRow {TR} at (0,42) size 275x21
            LayoutTableCell {TD} at (0,42) size 183x21 [border: (1px solid #808080)] [r=2 c=0 rs=1 cs=2]
              LayoutText {#text} at (1,2) size 89x18
                text run at (1,2) width 89: "Row 4, Cell 1"
        LayoutTableSection {TFOOT} at (0,101) size 275x21
          LayoutTableRow {TR} at (0,0) size 275x21
            LayoutTableCell {TD} at (0,0) size 91x21 [border: (1px solid #808080)] [r=0 c=0 rs=1 cs=1]
              LayoutText {#text} at (1,2) size 89x18
                text run at (1,2) width 89: "Row 5, Cell 1"
            LayoutTableCell {TD} at (91,0) size 92x21 [border: (1px solid #808080)] [r=0 c=1 rs=1 cs=1]
              LayoutText {#text} at (2,2) size 89x18
                text run at (2,2) width 89: "Row 5, Cell 2"
            LayoutTableCell {TD} at (183,0) size 92x21 [border: (1px solid #808080)] [r=0 c=2 rs=1 cs=1]
              LayoutText {#text} at (2,2) size 89x18
                text run at (2,2) width 89: "Row 5, Cell 3"
      LayoutTable {TABLE} at (0,7256) size 277x124 [border: none]
        LayoutBlockFlow {CAPTION} at (0,0) size 277x18
          LayoutInline {A} at (0,0) size 207x18
            LayoutText {#text} at (32,0) size 207x18
              text run at (32,0) width 207: "Frame=\x{201C}box\x{201D} and Rules=\x{201C}all\x{201D}"
          LayoutInline {<pseudo:after>} at (0,0) size 7x18
            LayoutTextFragment (anonymous) at (238,0) size 7x18
              text run at (238,0) width 7: ":"
        LayoutTableSection {THEAD} at (0,18) size 276x21
          LayoutTableRow {TR} at (0,0) size 276x21
            LayoutTableCell {TD} at (0,0) size 92x21 [border: (1px solid #808080)] [r=0 c=0 rs=1 cs=1]
              LayoutText {#text} at (2,2) size 89x18
                text run at (2,2) width 89: "Row 1, Cell 1"
            LayoutTableCell {TD} at (92,0) size 92x21 [border: (1px solid #808080)] [r=0 c=1 rs=1 cs=1]
              LayoutText {#text} at (2,2) size 89x18
                text run at (2,2) width 89: "Row 1, Cell 2"
            LayoutTableCell {TD} at (184,0) size 92x21 [border: (1px solid #808080)] [r=0 c=2 rs=1 cs=1]
              LayoutText {#text} at (2,2) size 89x18
                text run at (2,2) width 89: "Row 1, Cell 3"
        LayoutTableSection {TBODY} at (0,39) size 276x63
          LayoutTableRow {TR} at (0,0) size 276x21
            LayoutTableCell {TD} at (0,10) size 92x21 [border: (1px solid #808080)] [r=0 c=0 rs=2 cs=1]
              LayoutText {#text} at (2,2) size 89x18
                text run at (2,2) width 89: "Row 2, Cell 1"
            LayoutTableCell {TD} at (92,0) size 184x21 [border: (1px solid #808080)] [r=0 c=1 rs=1 cs=2]
              LayoutText {#text} at (2,2) size 89x18
                text run at (2,2) width 89: "Row 2, Cell 2"
          LayoutTableRow {TR} at (0,21) size 276x21
            LayoutTableCell {TD} at (92,21) size 92x21 [border: (1px solid #808080)] [r=1 c=1 rs=1 cs=1]
              LayoutText {#text} at (2,2) size 89x18
                text run at (2,2) width 89: "Row 3, Cell 2"
            LayoutTableCell {TD} at (184,31) size 92x21 [border: (1px solid #808080)] [r=1 c=2 rs=2 cs=1]
              LayoutText {#text} at (2,2) size 89x18
                text run at (2,2) width 89: "Row 3, Cell 3"
          LayoutTableRow {TR} at (0,42) size 276x21
            LayoutTableCell {TD} at (0,42) size 184x21 [border: (1px solid #808080)] [r=2 c=0 rs=1 cs=2]
              LayoutText {#text} at (2,2) size 89x18
                text run at (2,2) width 89: "Row 4, Cell 1"
        LayoutTableSection {TFOOT} at (0,102) size 276x21
          LayoutTableRow {TR} at (0,0) size 276x21
            LayoutTableCell {TD} at (0,0) size 92x21 [border: (1px solid #808080)] [r=0 c=0 rs=1 cs=1]
              LayoutText {#text} at (2,2) size 89x18
                text run at (2,2) width 89: "Row 5, Cell 1"
            LayoutTableCell {TD} at (92,0) size 92x21 [border: (1px solid #808080)] [r=0 c=1 rs=1 cs=1]
              LayoutText {#text} at (2,2) size 89x18
                text run at (2,2) width 89: "Row 5, Cell 2"
            LayoutTableCell {TD} at (184,0) size 92x21 [border: (1px solid #808080)] [r=0 c=2 rs=1 cs=1]
              LayoutText {#text} at (2,2) size 89x18
                text run at (2,2) width 89: "Row 5, Cell 3"
      LayoutTable {TABLE} at (0,7428) size 277x124 [border: none]
        LayoutBlockFlow {CAPTION} at (0,0) size 277x18
          LayoutInline {A} at (0,0) size 226x18
            LayoutText {#text} at (23,0) size 226x18
              text run at (23,0) width 226: "Frame=\x{201C}border\x{201D} and Rules=\x{201C}all\x{201D}"
          LayoutInline {<pseudo:after>} at (0,0) size 6x18
            LayoutTextFragment (anonymous) at (248,0) size 6x18
              text run at (248,0) width 6: ":"
        LayoutTableSection {THEAD} at (0,18) size 276x21
          LayoutTableRow {TR} at (0,0) size 276x21
            LayoutTableCell {TD} at (0,0) size 92x21 [border: (1px solid #808080)] [r=0 c=0 rs=1 cs=1]
              LayoutText {#text} at (2,2) size 89x18
                text run at (2,2) width 89: "Row 1, Cell 1"
            LayoutTableCell {TD} at (92,0) size 92x21 [border: (1px solid #808080)] [r=0 c=1 rs=1 cs=1]
              LayoutText {#text} at (2,2) size 89x18
                text run at (2,2) width 89: "Row 1, Cell 2"
            LayoutTableCell {TD} at (184,0) size 92x21 [border: (1px solid #808080)] [r=0 c=2 rs=1 cs=1]
              LayoutText {#text} at (2,2) size 89x18
                text run at (2,2) width 89: "Row 1, Cell 3"
        LayoutTableSection {TBODY} at (0,39) size 276x63
          LayoutTableRow {TR} at (0,0) size 276x21
            LayoutTableCell {TD} at (0,10) size 92x21 [border: (1px solid #808080)] [r=0 c=0 rs=2 cs=1]
              LayoutText {#text} at (2,2) size 89x18
                text run at (2,2) width 89: "Row 2, Cell 1"
            LayoutTableCell {TD} at (92,0) size 184x21 [border: (1px solid #808080)] [r=0 c=1 rs=1 cs=2]
              LayoutText {#text} at (2,2) size 89x18
                text run at (2,2) width 89: "Row 2, Cell 2"
          LayoutTableRow {TR} at (0,21) size 276x21
            LayoutTableCell {TD} at (92,21) size 92x21 [border: (1px solid #808080)] [r=1 c=1 rs=1 cs=1]
              LayoutText {#text} at (2,2) size 89x18
                text run at (2,2) width 89: "Row 3, Cell 2"
            LayoutTableCell {TD} at (184,31) size 92x21 [border: (1px solid #808080)] [r=1 c=2 rs=2 cs=1]
              LayoutText {#text} at (2,2) size 89x18
                text run at (2,2) width 89: "Row 3, Cell 3"
          LayoutTableRow {TR} at (0,42) size 276x21
            LayoutTableCell {TD} at (0,42) size 184x21 [border: (1px solid #808080)] [r=2 c=0 rs=1 cs=2]
              LayoutText {#text} at (2,2) size 89x18
                text run at (2,2) width 89: "Row 4, Cell 1"
        LayoutTableSection {TFOOT} at (0,102) size 276x21
          LayoutTableRow {TR} at (0,0) size 276x21
            LayoutTableCell {TD} at (0,0) size 92x21 [border: (1px solid #808080)] [r=0 c=0 rs=1 cs=1]
              LayoutText {#text} at (2,2) size 89x18
                text run at (2,2) width 89: "Row 5, Cell 1"
            LayoutTableCell {TD} at (92,0) size 92x21 [border: (1px solid #808080)] [r=0 c=1 rs=1 cs=1]
              LayoutText {#text} at (2,2) size 89x18
                text run at (2,2) width 89: "Row 5, Cell 2"
            LayoutTableCell {TD} at (184,0) size 92x21 [border: (1px solid #808080)] [r=0 c=2 rs=1 cs=1]
              LayoutText {#text} at (2,2) size 89x18
                text run at (2,2) width 89: "Row 5, Cell 3"
layer at (393,24) size 392x150
  LayoutBlockFlow (positioned) {TABLE} at (392.50,24) size 392.50x150
    LayoutTable (anonymous) at (0,0) size 359x153
      LayoutBlockFlow {CAPTION} at (0,0) size 359x18
        LayoutText {#text} at (57,0) size 240x18
          text run at (57,0) width 240: "Local links to specific testcase tables"
        LayoutInline {<pseudo:after>} at (0,0) size 6x18
          LayoutTextFragment (anonymous) at (296,0) size 6x18
            text run at (296,0) width 6: ":"
      LayoutTableCol {COLGROUP} at (0,0) size 0x0
      LayoutTableCol {COLGROUP} at (0,0) size 0x0
      LayoutTableSection {THEAD} at (0,18) size 359x40
        LayoutTableRow {TR} at (0,2) size 359x17
          LayoutTableCell {TH} at (2,19) size 74x2 [r=0 c=0 rs=2 cs=2]
          LayoutTableCell {TH} at (78,2) size 279x17 [r=0 c=2 rs=1 cs=9]
            LayoutText {#text} at (122,1) size 35x15
              text run at (122,1) width 35: "Frame"
        LayoutTableRow {TR} at (0,21) size 359x17
          LayoutTableCell {TH} at (78,21) size 26x17 [r=1 c=2 rs=1 cs=1]
            LayoutText {#text} at (1,1) size 24x15
              text run at (1,1) width 24: "void"
          LayoutTableCell {TH} at (106,21) size 34x17 [r=1 c=3 rs=1 cs=1]
            LayoutText {#text} at (1,1) size 32x15
              text run at (1,1) width 32: "above"
          LayoutTableCell {TH} at (142,21) size 35x17 [r=1 c=4 rs=1 cs=1]
            LayoutText {#text} at (1,1) size 33x15
              text run at (1,1) width 33: "below"
          LayoutTableCell {TH} at (179,21) size 36x17 [r=1 c=5 rs=1 cs=1]
            LayoutText {#text} at (1,1) size 34x15
              text run at (1,1) width 34: "hsides"
          LayoutTableCell {TH} at (217,21) size 36x17 [r=1 c=6 rs=1 cs=1]
            LayoutText {#text} at (1,1) size 34x15
              text run at (1,1) width 34: "vsides"
          LayoutTableCell {TH} at (255,21) size 18x17 [r=1 c=7 rs=1 cs=1]
            LayoutText {#text} at (1,1) size 16x15
              text run at (1,1) width 16: "lhs"
          LayoutTableCell {TH} at (275,21) size 19x17 [r=1 c=8 rs=1 cs=1]
            LayoutText {#text} at (1,1) size 17x15
              text run at (1,1) width 17: "rhs"
          LayoutTableCell {TH} at (296,21) size 22x17 [r=1 c=9 rs=1 cs=1]
            LayoutText {#text} at (1,1) size 20x15
              text run at (1,1) width 20: "box"
          LayoutTableCell {TH} at (320,21) size 37x17 [r=1 c=10 rs=1 cs=1]
            LayoutText {#text} at (1,1) size 35x15
              text run at (1,1) width 35: "border"
      LayoutTableSection {TBODY} at (0,58) size 359x95
        LayoutTableRow {TR} at (0,0) size 359x17
          LayoutTableCell {TH} at (2,38) size 33x17 [r=0 c=0 rs=5 cs=1]
            LayoutText {#text} at (1,1) size 31x15
              text run at (1,1) width 31: "Rules"
          LayoutTableCell {TH} at (37,0) size 39x17 [r=0 c=1 rs=1 cs=1]
            LayoutText {#text} at (12,1) size 26x15
              text run at (12,1) width 26: "none"
          LayoutTableCell {TD} at (78,0) size 26x16 [bgcolor=#CCCCCC] [r=0 c=2 rs=1 cs=1]
            LayoutInline {A} at (0,0) size 16x14 [color=#0000EE]
              LayoutText {#text} at (5,1) size 16x14
                text run at (5,1) width 16: "Go"
          LayoutTableCell {TD} at (106,0) size 34x16 [bgcolor=#CCCCCC] [r=0 c=3 rs=1 cs=1]
            LayoutInline {A} at (0,0) size 16x14 [color=#0000EE]
              LayoutText {#text} at (9,1) size 16x14
                text run at (9,1) width 16: "Go"
          LayoutTableCell {TD} at (142,0) size 35x16 [bgcolor=#CCCCCC] [r=0 c=4 rs=1 cs=1]
            LayoutInline {A} at (0,0) size 15x14 [color=#0000EE]
              LayoutText {#text} at (10,1) size 15x14
                text run at (10,1) width 15: "Go"
          LayoutTableCell {TD} at (179,0) size 36x16 [bgcolor=#CCCCCC] [r=0 c=5 rs=1 cs=1]
            LayoutInline {A} at (0,0) size 16x14 [color=#0000EE]
              LayoutText {#text} at (10,1) size 16x14
                text run at (10,1) width 16: "Go"
          LayoutTableCell {TD} at (217,0) size 36x16 [bgcolor=#CCCCCC] [r=0 c=6 rs=1 cs=1]
            LayoutInline {A} at (0,0) size 16x14 [color=#0000EE]
              LayoutText {#text} at (10,1) size 16x14
                text run at (10,1) width 16: "Go"
          LayoutTableCell {TD} at (255,0) size 18x16 [bgcolor=#CCCCCC] [r=0 c=7 rs=1 cs=1]
            LayoutInline {A} at (0,0) size 16x14 [color=#0000EE]
              LayoutText {#text} at (1,1) size 16x14
                text run at (1,1) width 16: "Go"
          LayoutTableCell {TD} at (275,0) size 19x16 [bgcolor=#CCCCCC] [r=0 c=8 rs=1 cs=1]
            LayoutInline {A} at (0,0) size 15x14 [color=#0000EE]
              LayoutText {#text} at (2,1) size 15x14
                text run at (2,1) width 15: "Go"
          LayoutTableCell {TD} at (296,0) size 22x16 [bgcolor=#CCCCCC] [r=0 c=9 rs=1 cs=1]
            LayoutInline {A} at (0,0) size 16x14 [color=#0000EE]
              LayoutText {#text} at (3,1) size 16x14
                text run at (3,1) width 16: "Go"
          LayoutTableCell {TD} at (320,0) size 37x16 [bgcolor=#CCCCCC] [r=0 c=10 rs=1 cs=1]
            LayoutInline {A} at (0,0) size 15x14 [color=#0000EE]
              LayoutText {#text} at (11,1) size 15x14
                text run at (11,1) width 15: "Go"
        LayoutTableRow {TR} at (0,19) size 359x17
          LayoutTableCell {TH} at (37,19) size 39x17 [r=1 c=1 rs=1 cs=1]
            LayoutText {#text} at (1,1) size 37x15
              text run at (1,1) width 37: "groups"
          LayoutTableCell {TD} at (78,19) size 26x16 [bgcolor=#CCCCCC] [r=1 c=2 rs=1 cs=1]
            LayoutInline {A} at (0,0) size 16x14 [color=#0000EE]
              LayoutText {#text} at (5,1) size 16x14
                text run at (5,1) width 16: "Go"
          LayoutTableCell {TD} at (106,19) size 34x16 [bgcolor=#CCCCCC] [r=1 c=3 rs=1 cs=1]
            LayoutInline {A} at (0,0) size 16x14 [color=#0000EE]
              LayoutText {#text} at (9,1) size 16x14
                text run at (9,1) width 16: "Go"
          LayoutTableCell {TD} at (142,19) size 35x16 [bgcolor=#CCCCCC] [r=1 c=4 rs=1 cs=1]
            LayoutInline {A} at (0,0) size 15x14 [color=#0000EE]
              LayoutText {#text} at (10,1) size 15x14
                text run at (10,1) width 15: "Go"
          LayoutTableCell {TD} at (179,19) size 36x16 [bgcolor=#CCCCCC] [r=1 c=5 rs=1 cs=1]
            LayoutInline {A} at (0,0) size 16x14 [color=#0000EE]
              LayoutText {#text} at (10,1) size 16x14
                text run at (10,1) width 16: "Go"
          LayoutTableCell {TD} at (217,19) size 36x16 [bgcolor=#CCCCCC] [r=1 c=6 rs=1 cs=1]
            LayoutInline {A} at (0,0) size 16x14 [color=#0000EE]
              LayoutText {#text} at (10,1) size 16x14
                text run at (10,1) width 16: "Go"
          LayoutTableCell {TD} at (255,19) size 18x16 [bgcolor=#CCCCCC] [r=1 c=7 rs=1 cs=1]
            LayoutInline {A} at (0,0) size 16x14 [color=#0000EE]
              LayoutText {#text} at (1,1) size 16x14
                text run at (1,1) width 16: "Go"
          LayoutTableCell {TD} at (275,19) size 19x16 [bgcolor=#CCCCCC] [r=1 c=8 rs=1 cs=1]
            LayoutInline {A} at (0,0) size 15x14 [color=#0000EE]
              LayoutText {#text} at (2,1) size 15x14
                text run at (2,1) width 15: "Go"
          LayoutTableCell {TD} at (296,19) size 22x16 [bgcolor=#CCCCCC] [r=1 c=9 rs=1 cs=1]
            LayoutInline {A} at (0,0) size 16x14 [color=#0000EE]
              LayoutText {#text} at (3,1) size 16x14
                text run at (3,1) width 16: "Go"
          LayoutTableCell {TD} at (320,19) size 37x16 [bgcolor=#CCCCCC] [r=1 c=10 rs=1 cs=1]
            LayoutInline {A} at (0,0) size 15x14 [color=#0000EE]
              LayoutText {#text} at (11,1) size 15x14
                text run at (11,1) width 15: "Go"
        LayoutTableRow {TR} at (0,38) size 359x17
          LayoutTableCell {TH} at (37,38) size 39x17 [r=2 c=1 rs=1 cs=1]
            LayoutText {#text} at (12,1) size 26x15
              text run at (12,1) width 26: "rows"
          LayoutTableCell {TD} at (78,38) size 26x16 [bgcolor=#CCCCCC] [r=2 c=2 rs=1 cs=1]
            LayoutInline {A} at (0,0) size 16x14 [color=#0000EE]
              LayoutText {#text} at (5,1) size 16x14
                text run at (5,1) width 16: "Go"
          LayoutTableCell {TD} at (106,38) size 34x16 [bgcolor=#CCCCCC] [r=2 c=3 rs=1 cs=1]
            LayoutInline {A} at (0,0) size 16x14 [color=#0000EE]
              LayoutText {#text} at (9,1) size 16x14
                text run at (9,1) width 16: "Go"
          LayoutTableCell {TD} at (142,38) size 35x16 [bgcolor=#CCCCCC] [r=2 c=4 rs=1 cs=1]
            LayoutInline {A} at (0,0) size 15x14 [color=#0000EE]
              LayoutText {#text} at (10,1) size 15x14
                text run at (10,1) width 15: "Go"
          LayoutTableCell {TD} at (179,38) size 36x16 [bgcolor=#CCCCCC] [r=2 c=5 rs=1 cs=1]
            LayoutInline {A} at (0,0) size 16x14 [color=#0000EE]
              LayoutText {#text} at (10,1) size 16x14
                text run at (10,1) width 16: "Go"
          LayoutTableCell {TD} at (217,38) size 36x16 [bgcolor=#CCCCCC] [r=2 c=6 rs=1 cs=1]
            LayoutInline {A} at (0,0) size 16x14 [color=#0000EE]
              LayoutText {#text} at (10,1) size 16x14
                text run at (10,1) width 16: "Go"
          LayoutTableCell {TD} at (255,38) size 18x16 [bgcolor=#CCCCCC] [r=2 c=7 rs=1 cs=1]
            LayoutInline {A} at (0,0) size 16x14 [color=#0000EE]
              LayoutText {#text} at (1,1) size 16x14
                text run at (1,1) width 16: "Go"
          LayoutTableCell {TD} at (275,38) size 19x16 [bgcolor=#CCCCCC] [r=2 c=8 rs=1 cs=1]
            LayoutInline {A} at (0,0) size 15x14 [color=#0000EE]
              LayoutText {#text} at (2,1) size 15x14
                text run at (2,1) width 15: "Go"
          LayoutTableCell {TD} at (296,38) size 22x16 [bgcolor=#CCCCCC] [r=2 c=9 rs=1 cs=1]
            LayoutInline {A} at (0,0) size 16x14 [color=#0000EE]
              LayoutText {#text} at (3,1) size 16x14
                text run at (3,1) width 16: "Go"
          LayoutTableCell {TD} at (320,38) size 37x16 [bgcolor=#CCCCCC] [r=2 c=10 rs=1 cs=1]
            LayoutInline {A} at (0,0) size 15x14 [color=#0000EE]
              LayoutText {#text} at (11,1) size 15x14
                text run at (11,1) width 15: "Go"
        LayoutTableRow {TR} at (0,57) size 359x17
          LayoutTableCell {TH} at (37,57) size 39x17 [r=3 c=1 rs=1 cs=1]
            LayoutText {#text} at (16,1) size 22x15
              text run at (16,1) width 22: "cols"
          LayoutTableCell {TD} at (78,57) size 26x16 [bgcolor=#CCCCCC] [r=3 c=2 rs=1 cs=1]
            LayoutInline {A} at (0,0) size 16x14 [color=#0000EE]
              LayoutText {#text} at (5,1) size 16x14
                text run at (5,1) width 16: "Go"
          LayoutTableCell {TD} at (106,57) size 34x16 [bgcolor=#CCCCCC] [r=3 c=3 rs=1 cs=1]
            LayoutInline {A} at (0,0) size 16x14 [color=#0000EE]
              LayoutText {#text} at (9,1) size 16x14
                text run at (9,1) width 16: "Go"
          LayoutTableCell {TD} at (142,57) size 35x16 [bgcolor=#CCCCCC] [r=3 c=4 rs=1 cs=1]
            LayoutInline {A} at (0,0) size 15x14 [color=#0000EE]
              LayoutText {#text} at (10,1) size 15x14
                text run at (10,1) width 15: "Go"
          LayoutTableCell {TD} at (179,57) size 36x16 [bgcolor=#CCCCCC] [r=3 c=5 rs=1 cs=1]
            LayoutInline {A} at (0,0) size 16x14 [color=#0000EE]
              LayoutText {#text} at (10,1) size 16x14
                text run at (10,1) width 16: "Go"
          LayoutTableCell {TD} at (217,57) size 36x16 [bgcolor=#CCCCCC] [r=3 c=6 rs=1 cs=1]
            LayoutInline {A} at (0,0) size 16x14 [color=#0000EE]
              LayoutText {#text} at (10,1) size 16x14
                text run at (10,1) width 16: "Go"
          LayoutTableCell {TD} at (255,57) size 18x16 [bgcolor=#CCCCCC] [r=3 c=7 rs=1 cs=1]
            LayoutInline {A} at (0,0) size 16x14 [color=#0000EE]
              LayoutText {#text} at (1,1) size 16x14
                text run at (1,1) width 16: "Go"
          LayoutTableCell {TD} at (275,57) size 19x16 [bgcolor=#CCCCCC] [r=3 c=8 rs=1 cs=1]
            LayoutInline {A} at (0,0) size 15x14 [color=#0000EE]
              LayoutText {#text} at (2,1) size 15x14
                text run at (2,1) width 15: "Go"
          LayoutTableCell {TD} at (296,57) size 22x16 [bgcolor=#CCCCCC] [r=3 c=9 rs=1 cs=1]
            LayoutInline {A} at (0,0) size 16x14 [color=#0000EE]
              LayoutText {#text} at (3,1) size 16x14
                text run at (3,1) width 16: "Go"
          LayoutTableCell {TD} at (320,57) size 37x16 [bgcolor=#CCCCCC] [r=3 c=10 rs=1 cs=1]
            LayoutInline {A} at (0,0) size 15x14 [color=#0000EE]
              LayoutText {#text} at (11,1) size 15x14
                text run at (11,1) width 15: "Go"
        LayoutTableRow {TR} at (0,76) size 359x17
          LayoutTableCell {TH} at (37,76) size 39x17 [r=4 c=1 rs=1 cs=1]
            LayoutText {#text} at (24,1) size 14x15
              text run at (24,1) width 14: "all"
          LayoutTableCell {TD} at (78,76) size 26x16 [bgcolor=#CCCCCC] [r=4 c=2 rs=1 cs=1]
            LayoutInline {A} at (0,0) size 16x14 [color=#0000EE]
              LayoutText {#text} at (5,1) size 16x14
                text run at (5,1) width 16: "Go"
          LayoutTableCell {TD} at (106,76) size 34x16 [bgcolor=#CCCCCC] [r=4 c=3 rs=1 cs=1]
            LayoutInline {A} at (0,0) size 16x14 [color=#0000EE]
              LayoutText {#text} at (9,1) size 16x14
                text run at (9,1) width 16: "Go"
          LayoutTableCell {TD} at (142,76) size 35x16 [bgcolor=#CCCCCC] [r=4 c=4 rs=1 cs=1]
            LayoutInline {A} at (0,0) size 15x14 [color=#0000EE]
              LayoutText {#text} at (10,1) size 15x14
                text run at (10,1) width 15: "Go"
          LayoutTableCell {TD} at (179,76) size 36x16 [bgcolor=#CCCCCC] [r=4 c=5 rs=1 cs=1]
            LayoutInline {A} at (0,0) size 16x14 [color=#0000EE]
              LayoutText {#text} at (10,1) size 16x14
                text run at (10,1) width 16: "Go"
          LayoutTableCell {TD} at (217,76) size 36x16 [bgcolor=#CCCCCC] [r=4 c=6 rs=1 cs=1]
            LayoutInline {A} at (0,0) size 16x14 [color=#0000EE]
              LayoutText {#text} at (10,1) size 16x14
                text run at (10,1) width 16: "Go"
          LayoutTableCell {TD} at (255,76) size 18x16 [bgcolor=#CCCCCC] [r=4 c=7 rs=1 cs=1]
            LayoutInline {A} at (0,0) size 16x14 [color=#0000EE]
              LayoutText {#text} at (1,1) size 16x14
                text run at (1,1) width 16: "Go"
          LayoutTableCell {TD} at (275,76) size 19x16 [bgcolor=#CCCCCC] [r=4 c=8 rs=1 cs=1]
            LayoutInline {A} at (0,0) size 15x14 [color=#0000EE]
              LayoutText {#text} at (2,1) size 15x14
                text run at (2,1) width 15: "Go"
          LayoutTableCell {TD} at (296,76) size 22x16 [bgcolor=#CCCCCC] [r=4 c=9 rs=1 cs=1]
            LayoutInline {A} at (0,0) size 16x14 [color=#0000EE]
              LayoutText {#text} at (3,1) size 16x14
                text run at (3,1) width 16: "Go"
          LayoutTableCell {TD} at (320,76) size 37x16 [bgcolor=#CCCCCC] [r=4 c=10 rs=1 cs=1]
            LayoutInline {A} at (0,0) size 15x14 [color=#0000EE]
              LayoutText {#text} at (11,1) size 15x14
                text run at (11,1) width 15: "Go"
