layer at (0,0) size 800x600
  LayoutView at (0,0) size 800x600
layer at (0,0) size 800x600
  LayoutBlockFlow {HTML} at (0,0) size 800x600
    LayoutBlockFlow {BODY} at (8,8) size 784x584
      LayoutBlockFlow {P} at (0,0) size 784x18
        LayoutText {#text} at (0,0) size 54x18
          text run at (0,0) width 54: "Test for "
        LayoutInline {I} at (0,0) size 657x18
          LayoutInline {A} at (0,0) size 156x18 [color=#0000EE]
            LayoutText {#text} at (53,0) size 156x18
              text run at (53,0) width 156: "rdar://problem/5615307"
          LayoutText {#text} at (208,0) size 502x18
            text run at (208,0) width 502: " Repro crash in WebKit!WebCore::RenderContainer::destroyLeftoverChildren"
        LayoutText {#text} at (709,0) size 5x18
          text run at (709,0) width 5: "."
      LayoutBlockFlow {P} at (0,34) size 784x18
        LayoutText {#text} at (0,0) size 274x18
          text run at (0,0) width 274: "There should be a line of green text below."
      LayoutTable {TABLE} at (0,68) size 150x30 [color=#FF0000]
        LayoutTableSection {TBODY} at (0,0) size 150x30
          LayoutTableRow {TR} at (0,2) size 150x26
            LayoutTableCell {TD} at (2,2) size 146x26 [r=0 c=0 rs=1 cs=1]
              LayoutTable {TABLE} at (1,1) size 144x24 [color=#008000]
                LayoutTableSection {TBODY} at (0,0) size 144x24
                  LayoutTableRow {TR} at (0,2) size 144x20
                    LayoutTableCell {TD} at (2,2) size 140x20 [r=0 c=0 rs=1 cs=1]
                      LayoutText {#text} at (1,1) size 138x18
                        text run at (1,1) width 138: "This should be green."
