layer at (0,0) size 800x600
  LayoutView at (0,0) size 800x600
layer at (0,0) size 800x476
  LayoutBlockFlow {HTML} at (0,0) size 800x475.88
    LayoutBlockFlow {BODY} at (8,21.44) size 784x446.44
      LayoutBlockFlow {H1} at (0,0) size 784x37
        LayoutText {#text} at (0,0) size 481x37
          text run at (0,0) width 481: "Vertical alignment and table height"
      LayoutBlockFlow {P} at (0,58.44) size 784x18
        LayoutText {#text} at (0,0) size 547x18
          text run at (0,0) width 547: "In each of the following tables the cells with 'Data' should all have the same baseline:"
      LayoutTable {TABLE} at (0,92.44) size 463x118
        LayoutTableSection {TBODY} at (0,0) size 463x118
          LayoutTableRow {TR} at (0,2) size 463x114
            LayoutTableCell {TD} at (2,2) size 186x114 [border: (1px solid #000000)] [r=0 c=0 rs=1 cs=1]
              LayoutText {#text} at (2,2) size 182x110
                text run at (2,2) width 182: "Data"
            LayoutTableCell {TD} at (190,2) size 29x22 [border: (1px solid #000000)] [r=0 c=1 rs=1 cs=1]
              LayoutText {#text} at (2,2) size 25x18
                text run at (2,2) width 25: "Top"
            LayoutTableCell {TD} at (221,48) size 51x22 [border: (1px solid #000000)] [r=0 c=2 rs=1 cs=1]
              LayoutText {#text} at (2,2) size 47x18
                text run at (2,2) width 47: "Middle"
            LayoutTableCell {TD} at (274,74) size 35x22 [border: (1px solid #000000)] [r=0 c=3 rs=1 cs=1]
              LayoutText {#text} at (2,2) size 31x18
                text run at (2,2) width 31: "Data"
            LayoutTableCell {TD} at (311,94) size 53x22 [border: (1px solid #000000)] [r=0 c=4 rs=1 cs=1]
              LayoutText {#text} at (2,2) size 48x18
                text run at (2,2) width 48: "Bottom"
            LayoutTableCell {TD} at (366,45) size 95x59 [border: (1px solid #000000)] [r=0 c=5 rs=1 cs=1]
              LayoutText {#text} at (2,2) size 91x55
                text run at (2,2) width 91: "Data"
      LayoutTable {TABLE} at (0,210.44) size 463x118
        LayoutTableSection {TBODY} at (0,0) size 463x118
          LayoutTableRow {TR} at (0,2) size 463x114
            LayoutTableCell {TD} at (2,2) size 29x22 [border: (1px solid #000000)] [r=0 c=0 rs=1 cs=1]
              LayoutText {#text} at (2,2) size 25x18
                text run at (2,2) width 25: "Top"
            LayoutTableCell {TD} at (33,74) size 35x22 [border: (1px solid #000000)] [r=0 c=1 rs=1 cs=1]
              LayoutText {#text} at (2,2) size 31x18
                text run at (2,2) width 31: "Data"
            LayoutTableCell {TD} at (70,45) size 95x59 [border: (1px solid #000000)] [r=0 c=2 rs=1 cs=1]
              LayoutText {#text} at (2,2) size 91x55
                text run at (2,2) width 91: "Data"
            LayoutTableCell {TD} at (167,48) size 51x22 [border: (1px solid #000000)] [r=0 c=3 rs=1 cs=1]
              LayoutText {#text} at (2,2) size 47x18
                text run at (2,2) width 47: "Middle"
            LayoutTableCell {TD} at (220,94) size 53x22 [border: (1px solid #000000)] [r=0 c=4 rs=1 cs=1]
              LayoutText {#text} at (2,2) size 48x18
                text run at (2,2) width 48: "Bottom"
            LayoutTableCell {TD} at (275,2) size 186x114 [border: (1px solid #000000)] [r=0 c=5 rs=1 cs=1]
              LayoutText {#text} at (2,2) size 182x110
                text run at (2,2) width 182: "Data"
      LayoutTable {TABLE} at (0,328.44) size 463x118
        LayoutTableSection {TBODY} at (0,0) size 463x118
          LayoutTableRow {TR} at (0,2) size 463x114
            LayoutTableCell {TD} at (2,2) size 29x22 [border: (1px solid #000000)] [r=0 c=0 rs=1 cs=1]
              LayoutText {#text} at (2,2) size 25x18
                text run at (2,2) width 25: "Top"
            LayoutTableCell {TD} at (33,45) size 95x59 [border: (1px solid #000000)] [r=0 c=1 rs=1 cs=1]
              LayoutText {#text} at (2,2) size 91x55
                text run at (2,2) width 91: "Data"
            LayoutTableCell {TD} at (130,94) size 53x22 [border: (1px solid #000000)] [r=0 c=2 rs=1 cs=1]
              LayoutText {#text} at (2,2) size 48x18
                text run at (2,2) width 48: "Bottom"
            LayoutTableCell {TD} at (185,74) size 35x22 [border: (1px solid #000000)] [r=0 c=3 rs=1 cs=1]
              LayoutText {#text} at (2,2) size 31x18
                text run at (2,2) width 31: "Data"
            LayoutTableCell {TD} at (222,2) size 186x114 [border: (1px solid #000000)] [r=0 c=4 rs=1 cs=1]
              LayoutText {#text} at (2,2) size 182x110
                text run at (2,2) width 182: "Data"
            LayoutTableCell {TD} at (410,48) size 51x22 [border: (1px solid #000000)] [r=0 c=5 rs=1 cs=1]
              LayoutText {#text} at (2,2) size 47x18
                text run at (2,2) width 47: "Middle"
