layer at (0,0) size 800x600
  LayoutView at (0,0) size 800x600
layer at (0,0) size 800x280
  LayoutBlockFlow {html} at (0,0) size 800x280
    LayoutBlockFlow {body} at (8,8) size 784x264
      LayoutTable {table} at (0,0) size 128x264
        LayoutTableSection (anonymous) at (0,148) size 128x2
          LayoutTableRow (anonymous) at (0,0) size 128x0
            LayoutTableCell (anonymous) at (2,0) size 124x0 [r=0 c=0 rs=1 cs=1]
        LayoutBlockFlow {caption} at (0,36) size 128x36
          LayoutText {#text} at (16,0) size 96x36
            text run at (16,0) width 96: "PASS: Normal"
            text run at (38,18) width 52: "Caption"
        LayoutTableSection {thead} at (0,126) size 128x22
          LayoutTableRow (anonymous) at (0,2) size 128x18
            LayoutTableCell (anonymous) at (2,2) size 124x18 [r=0 c=0 rs=1 cs=1]
              LayoutText {#text} at (0,0) size 65x18
                text run at (0,0) width 65: "HEADER"
        LayoutTableSection {tbody} at (0,150) size 128x38
          LayoutTableRow (anonymous) at (0,0) size 128x36
            LayoutTableCell (anonymous) at (2,0) size 124x36 [r=0 c=0 rs=1 cs=1]
              LayoutBR {br} at (0,0) size 0x18
              LayoutText {#text} at (0,18) size 124x18
                text run at (0,18) width 124: "Some body content"
              LayoutBR {br} at (123,18) size 1x18
        LayoutTableSection {tfoot} at (0,190) size 128x20
          LayoutTableRow (anonymous) at (0,0) size 128x18
            LayoutTableCell (anonymous) at (2,0) size 124x18 [r=0 c=0 rs=1 cs=1]
              LayoutText {#text} at (0,0) size 63x18
                text run at (0,0) width 63: "FOOTER"
        LayoutTableSection (anonymous) at (0,188) size 128x2
          LayoutTableRow (anonymous) at (0,0) size 128x0
            LayoutTableCell (anonymous) at (2,0) size 124x0 [r=0 c=0 rs=1 cs=1]
        LayoutBlockFlow {caption} at (0,72) size 128x54
          LayoutText {#text} at (0,0) size 0x0
        LayoutBlockFlow {caption} at (0,126) size 128x0
layer at (8,218) size 128x54 transparent
  LayoutBlockFlow {caption} at (0,210) size 128x54
    LayoutText {#text} at (26,0) size 120x54
      text run at (26,0) width 76: "PASS: First"
      text run at (4,18) width 120: "Caption aligned to"
      text run at (29,36) width 70: "the bottom"
layer at (10,156) size 231x18
  LayoutBlockFlow (positioned) {caption} at (10,156) size 231x18
    LayoutText {#text} at (0,0) size 231x18
      text run at (0,0) width 231: "PASS: Caption with a fixed position"
layer at (8,8) size 128x36 transparent
  LayoutBlockFlow {caption} at (0,0) size 128x36
    LayoutText {#text} at (16,0) size 104x36
      text run at (16,0) width 96: "PASS: Caption"
      text run at (12,18) width 104: "with opacity 0.7"
layer at (10,196) size 333x18 transparent
  LayoutBlockFlow (positioned) {caption} at (10,196) size 333.20x18
    LayoutText {#text} at (0,0) size 334x18
      text run at (0,0) width 334: "PASS: Caption with a fixed position and opacity 0.6"
layer at (8,80) size 120x54 transparent
  LayoutInline {a} at (0,0) size 120x54
    LayoutText {#text} at (16,0) size 120x54
      text run at (16,0) width 96: "PASS: Caption"
      text run at (4,18) width 120: "with opacity 0.5 in"
      text run at (14,36) width 100: "one of its child."
layer at (72,134) size 447x18 transparent
  LayoutBlockFlow (positioned) {a} at (72,134) size 447.39x18
    LayoutText {#text} at (0,0) size 448x18
      text run at (0,0) width 448: "PASS: Caption with opacity 0.4 and fixed position of one of the child."
