layer at (0,0) size 800x600
  LayoutView at (0,0) size 800x600
layer at (0,0) size 800x600
  LayoutBlockFlow {HTML} at (0,0) size 800x600
    LayoutBlockFlow {BODY} at (8,8) size 784x584
      LayoutBlockFlow (anonymous) at (0,0) size 784x0
        LayoutInline {NOBR} at (0,0) size 0x0
          LayoutText {#text} at (0,0) size 0x0
      LayoutBlockFlow (anonymous) at (0,0) size 784x352
        LayoutTable {TABLE} at (0,0) size 70x352 [border: (1px outset #808080)]
          LayoutTableSection {TBODY} at (1,1) size 68x350
            LayoutTableRow {TR} at (0,2) size 68x346
              LayoutTableCell {TD} at (2,2) size 64x346 [border: (1px inset #808080)] [r=0 c=0 rs=1 cs=1]
                LayoutText {#text} at (2,2) size 60x342
                  text run at (2,2) width 55: "This is a"
                  text run at (2,20) width 54: "test case"
                  text run at (2,38) width 19: "for"
                  text run at (2,56) width 60: "3190580."
                  text run at (2,74) width 33: "Even"
                  text run at (2,92) width 45: "though"
                  text run at (2,110) width 59: "this table"
                  text run at (2,128) width 11: "is"
                  text run at (2,146) width 56: "enclosed"
                  text run at (2,164) width 57: "in a nobr"
                  text run at (2,182) width 51: "tag, this"
                  text run at (2,200) width 24: "text"
                  text run at (2,218) width 43: "should"
                  text run at (2,236) width 32: "wrap"
                  text run at (2,254) width 53: "anyway."
                  text run at (2,272) width 60: "The table"
                  text run at (2,290) width 44: "is only"
                  text run at (2,308) width 59: "50 pixels"
                  text run at (2,326) width 36: "wide."
      LayoutBlockFlow (anonymous) at (0,352) size 784x0
        LayoutInline {NOBR} at (0,0) size 0x0
        LayoutText {#text} at (0,0) size 0x0
