layer at (0,0) size 800x600
  LayoutView at (0,0) size 800x600
layer at (0,0) size 800x600
  LayoutBlockFlow {HTML} at (0,0) size 800x600
    LayoutBlockFlow {BODY} at (8,8) size 784x584
      LayoutBlockFlow {H3} at (0,0) size 784x22
        LayoutText {#text} at (0,0) size 242x22
          text run at (0,0) width 242: "Small Percentage Heights Bug"
      LayoutBlockFlow {P} at (0,40.72) size 784x36
        LayoutText {#text} at (0,0) size 761x36
          text run at (0,0) width 409: "In the example below, all eight cells should be the same height. "
          text run at (408,0) width 353: "It appears that any percentage heights cause cells to fill"
          text run at (0,18) width 148: "the entire table height. "
          text run at (147,18) width 546: "Note how cell 8 is correct but 2-7 are not, despite the cells all specifying height:30%."
      LayoutTable {TABLE} at (0,92.72) size 784x96 [border: (1px outset #808080)]
        LayoutTableSection {TBODY} at (1,1) size 782x94
          LayoutTableRow {TR} at (0,0) size 782x94
            LayoutTableCell {TD} at (0,0) size 474x94 [bgcolor=#FFFF00] [border: (1px inset #808080)] [r=0 c=0 rs=1 cs=1]
              LayoutText {#text} at (192,11) size 90x18
                text run at (192,11) width 90: "Table Data #1"
              LayoutBR {BR} at (281,25) size 1x0
              LayoutText {#text} at (202,29) size 70x18
                text run at (202,29) width 70: "Other cells"
              LayoutBR {BR} at (271,43) size 1x0
              LayoutText {#text} at (172,47) size 130x18
                text run at (172,47) width 130: "should be the height"
              LayoutBR {BR} at (301,61) size 1x0
              LayoutText {#text} at (203,65) size 68x18
                text run at (203,65) width 68: "of this cell"
            LayoutTableCell {TD} at (474,18) size 44x58 [bgcolor=#006000] [border: (1px inset #808080)] [r=0 c=1 rs=1 cs=1]
              LayoutText {#text} at (11,11) size 22x36
                text run at (11,11) width 22: "TD"
                text run at (14,29) width 16: "#2"
            LayoutTableCell {TD} at (518,18) size 44x58 [bgcolor=#00FFFF] [border: (1px inset #808080)] [r=0 c=2 rs=1 cs=1]
              LayoutText {#text} at (11,11) size 22x36
                text run at (11,11) width 22: "TD"
                text run at (14,29) width 16: "#3"
            LayoutTableCell {TD} at (562,18) size 44x58 [bgcolor=#0000FF] [border: (1px inset #808080)] [r=0 c=3 rs=1 cs=1]
              LayoutText {#text} at (11,11) size 22x36
                text run at (11,11) width 22: "TD"
                text run at (14,29) width 16: "#4"
            LayoutTableCell {TD} at (606,18) size 44x58 [bgcolor=#008000] [border: (1px inset #808080)] [r=0 c=4 rs=1 cs=1]
              LayoutText {#text} at (11,11) size 22x36
                text run at (11,11) width 22: "TD"
                text run at (14,29) width 16: "#5"
            LayoutTableCell {TD} at (650,18) size 44x58 [bgcolor=#000080] [border: (1px inset #808080)] [r=0 c=5 rs=1 cs=1]
              LayoutText {#text} at (11,11) size 22x36
                text run at (11,11) width 22: "TD"
                text run at (14,29) width 16: "#6"
            LayoutTableCell {TD} at (694,18) size 44x58 [bgcolor=#CACACA] [border: (1px inset #808080)] [r=0 c=6 rs=1 cs=1]
              LayoutText {#text} at (11,11) size 22x36
                text run at (11,11) width 22: "TD"
                text run at (14,29) width 16: "#7"
            LayoutTableCell {TD} at (738,18) size 44x58 [bgcolor=#000000] [border: (1px inset #808080)] [r=0 c=7 rs=1 cs=1]
              LayoutInline {FONT} at (0,0) size 22x36 [color=#FFFFFF]
                LayoutText {#text} at (11,11) size 22x36
                  text run at (11,11) width 22: "TD"
                  text run at (14,29) width 16: "#8"
