layer at (0,0) size 800x600
  LayoutView at (0,0) size 800x600
layer at (0,0) size 800x348
  LayoutBlockFlow {HTML} at (0,0) size 800x348
    LayoutBlockFlow {BODY} at (16,16) size 768x316
      LayoutTable (anonymous) at (0,0) size 695x316
        LayoutTableSection (anonymous) at (0,0) size 695x316
          LayoutTableRow {Q} at (0,0) size 695x316
            LayoutTableCell (anonymous) at (0,0) size 695x316 [r=0 c=0 rs=1 cs=1]
              LayoutInline {<pseudo:before>} at (0,0) size 14x37
                LayoutQuote (anonymous) at (0,0) size 14x37
                  LayoutTextFragment (anonymous) at (0,279) size 14x37
                    text run at (0,279) width 14: "\""
              LayoutText {#text} at (13,279) size 32x37
                text run at (13,279) width 32: " A"
              LayoutText {#text} at (652,279) size 30x37
                text run at (652,279) width 30: "B "
              LayoutInline {<pseudo:after>} at (0,0) size 14x37
                LayoutQuote (anonymous) at (0,0) size 14x37
                  LayoutTextFragment (anonymous) at (681,279) size 14x37
                    text run at (681,279) width 14: "\""
layer at (60,16) size 608x308
  LayoutIFrame {IFRAME} at (44.17,0) size 608x308 [border: (4px inset #EEEEEE)]
    layer at (0,0) size 600x300
      LayoutView at (0,0) size 600x300
    layer at (0,0) size 600x300
      LayoutBlockFlow {HTML} at (0,0) size 600x300
        LayoutBlockFlow {BODY} at (8,8) size 584x284
