layer at (0,0) size 800x600
  LayoutView at (0,0) size 800x600
layer at (0,0) size 800x134
  LayoutBlockFlow {HTML} at (0,0) size 800x134
    LayoutBlockFlow {BODY} at (8,8) size 784x118
      LayoutBlockFlow (anonymous) at (0,0) size 784x18
        LayoutText {#text} at (0,0) size 372x18
          text run at (0,0) width 372: "Will be green if relative positioning stacking is supported:"
      LayoutTable {TABLE} at (0,18) size 100x100
        LayoutTableSection {TBODY} at (0,0) size 100x100
          LayoutTableRow {TR} at (0,0) size 100x0
          LayoutTableRow {TR} at (0,0) size 100x100
            LayoutTableCell {TD} at (0,50) size 100x0 [bgcolor=#FF0000] [r=1 c=0 rs=1 cs=1]
layer at (8,26) size 100x0
  LayoutTableCell (relative positioned) {TD} at (0,0) size 100x0 [r=0 c=0 rs=1 cs=1]
    LayoutBlockFlow {DIV} at (0,0) size 100x0
      LayoutBlockFlow {DIV} at (0,0) size 100x100 [bgcolor=#008000]
