layer at (0,0) size 800x600
  LayoutView at (0,0) size 800x600
layer at (0,0) size 800x336
  LayoutBlockFlow {HTML} at (0,0) size 800x336
    LayoutBlockFlow {BODY} at (8,8) size 784x320
      LayoutBlockFlow (anonymous) at (0,0) size 784x18
        LayoutText {#text} at (0,0) size 540x18
          text run at (0,0) width 540: "Will be green if the relative positioned table cell properly acts as a containing block."
      LayoutTable {TABLE} at (0,18) size 302x302 [border: (1px solid #000000)]
        LayoutTableSection {TBODY} at (1,1) size 300x300
          LayoutTableRow {TR} at (0,100) size 300x100
layer at (109,127) size 100x100
  LayoutTableCell (relative positioned) {TD} at (100,150) size 100x0 [bgcolor=#FF0000] [r=0 c=0 rs=1 cs=1]
layer at (109,127) size 100x100
  LayoutBlockFlow (positioned) {DIV} at (0,-50) size 100x100 [bgcolor=#008000]
