layer at (0,0) size 800x600
  LayoutView at (0,0) size 800x600
layer at (0,0) size 800x600
  LayoutBlockFlow {HTML} at (0,0) size 800x600
    LayoutBlockFlow {BODY} at (8,8) size 784x584
      LayoutTable {TABLE} at (0,0) size 610x206
        LayoutTableSection {TBODY} at (0,0) size 610x206
          LayoutTableRow {TR} at (0,2) size 610x202
            LayoutTableCell {TD} at (2,93) size 402x20 [r=0 c=0 rs=1 cs=1]
              LayoutBlockFlow {DIV} at (1,1) size 400x18 [bgcolor=#008000]
                LayoutText {#text} at (0,0) size 143x18
                  text run at (0,0) width 143: "This div does not flex."
            LayoutTableCell {TD} at (406,2) size 202x202 [r=0 c=1 rs=1 cs=1]
              LayoutImage {IMG} at (1,1) size 200x200
      LayoutBlockFlow {P} at (0,222) size 784x0
      LayoutTable {TABLE} at (0,222) size 610x206
        LayoutTableSection {TBODY} at (0,0) size 610x206
          LayoutTableRow {TR} at (0,2) size 610x202
            LayoutTableCell {TD} at (2,2) size 402x202 [r=0 c=0 rs=1 cs=1]
              LayoutImage {IMG} at (1,1) size 400x200 [bgcolor=#008000]
            LayoutTableCell {TD} at (406,2) size 202x202 [r=0 c=1 rs=1 cs=1]
              LayoutImage {IMG} at (1,1) size 200x200
