layer at (0,0) size 800x600
  LayoutView at (0,0) size 800x600
layer at (0,0) size 800x600
  LayoutBlockFlow {HTML} at (0,0) size 800x600
    LayoutBlockFlow {BODY} at (8,8) size 784x584
      LayoutTable {TABLE} at (0,0) size 784x100 [border: (2px outset #808080)]
        LayoutTableSection {TBODY} at (2,2) size 780x96
          LayoutTableRow {TR} at (0,0) size 780x22
            LayoutTableCell {TD} at (0,20) size 39x56 [bgcolor=#AAAAAA] [border: (1px inset #808080)] [r=0 c=0 rs=3 cs=1]
              LayoutText {#text} at (1,1) size 37x54
                text run at (1,1) width 27: "Left"
                text run at (1,19) width 14: "(3"
                text run at (1,37) width 37: "rows)"
            LayoutTableCell {TD} at (39,19) size 301x20 [bgcolor=#000000] [border: (1px inset #808080)] [r=0 c=1 rs=2 cs=1]
              LayoutText {#text} at (1,1) size 4x18
                text run at (1,1) width 4: " "
            LayoutTableCell {TD} at (340,0) size 100x20 [border: (1px inset #808080)] [r=0 c=2 rs=1 cs=10]
              LayoutText {#text} at (1,1) size 98x18
                text run at (1,1) width 98: "Middle (1 row)"
            LayoutTableCell {TD} at (440,19) size 301x20 [bgcolor=#000000] [border: (1px inset #808080)] [r=0 c=12 rs=2 cs=1]
              LayoutText {#text} at (1,1) size 4x18
                text run at (1,1) width 4: " "
            LayoutTableCell {TD} at (741,20) size 39x56 [bgcolor=#AAAAAA] [border: (1px inset #808080)] [r=0 c=13 rs=3 cs=1]
              LayoutText {#text} at (2,1) size 37x54
                text run at (2,1) width 36: "Right"
                text run at (24,19) width 14: "(3"
                text run at (1,37) width 37: "rows)"
          LayoutTableRow {TR} at (0,22) size 780x37
            LayoutTableCell {TD} at (340,30) size 11x20 [bgcolor=#EEEEEE] [border: (1px inset #808080)] [r=1 c=2 rs=1 cs=1]
              LayoutText {#text} at (1,1) size 4x18
                text run at (1,1) width 4: " "
            LayoutTableCell {TD} at (351,30) size 11x20 [bgcolor=#EEEEEE] [border: (1px inset #808080)] [r=1 c=3 rs=1 cs=1]
              LayoutText {#text} at (1,1) size 4x18
                text run at (1,1) width 4: " "
            LayoutTableCell {TD} at (362,30) size 11x20 [bgcolor=#EEEEEE] [border: (1px inset #808080)] [r=1 c=4 rs=1 cs=1]
              LayoutText {#text} at (1,1) size 4x18
                text run at (1,1) width 4: " "
            LayoutTableCell {TD} at (373,30) size 11x20 [bgcolor=#EEEEEE] [border: (1px inset #808080)] [r=1 c=5 rs=1 cs=1]
              LayoutText {#text} at (1,1) size 4x18
                text run at (1,1) width 4: " "
            LayoutTableCell {TD} at (384,30) size 11x20 [bgcolor=#EEEEEE] [border: (1px inset #808080)] [r=1 c=6 rs=1 cs=1]
              LayoutText {#text} at (1,1) size 4x18
                text run at (1,1) width 4: " "
            LayoutTableCell {TD} at (395,30) size 11x20 [bgcolor=#EEEEEE] [border: (1px inset #808080)] [r=1 c=7 rs=1 cs=1]
              LayoutText {#text} at (1,1) size 4x18
                text run at (1,1) width 4: " "
            LayoutTableCell {TD} at (406,30) size 11x20 [bgcolor=#EEEEEE] [border: (1px inset #808080)] [r=1 c=8 rs=1 cs=1]
              LayoutText {#text} at (1,1) size 4x18
                text run at (1,1) width 4: " "
            LayoutTableCell {TD} at (417,30) size 11x20 [bgcolor=#EEEEEE] [border: (1px inset #808080)] [r=1 c=9 rs=1 cs=1]
              LayoutText {#text} at (1,1) size 4x18
                text run at (1,1) width 4: " "
            LayoutTableCell {TD} at (428,30) size 12x20 [bgcolor=#EEEEEE] [border: (1px inset #808080)] [r=1 c=10 rs=1 cs=1]
              LayoutText {#text} at (1,1) size 4x18
                text run at (1,1) width 4: " "
          LayoutTableRow {TR} at (0,59) size 780x37
            LayoutTableCell {TD} at (39,67) size 741x20 [bgcolor=#008000] [border: (1px inset #808080)] [r=2 c=1 rs=1 cs=13]
              LayoutText {#text} at (464,1) size 276x18
                text run at (464,1) width 276: "Bottom Row Overlaps with the Right Cell!"
