layer at (0,0) size 800x600
  LayoutView at (0,0) size 800x600
layer at (0,0) size 800x600
  LayoutBlockFlow {HTML} at (0,0) size 800x600
    LayoutBlockFlow {BODY} at (8,8) size 784x584
      LayoutTable {TABLE} at (0,0) size 100x580 [border: (2px outset #808080)]
        LayoutTableSection {TBODY} at (2,2) size 96x576
          LayoutTableRow {TR} at (0,0) size 38x576
            LayoutTableCell {TD} at (0,20) size 96x-1 [bgcolor=#AAAAAA] [border: (1px inset #808080)] [r=0 c=0 rs=3 cs=1]
              LayoutText {#text} at (21,-19) size 54x37
                text run at (21,-19) width 27: "Left"
                text run at (39,-19) width 14: "(3"
                text run at (57,-19) width 37: "rows)"
            LayoutTableCell {TD} at (0,62) size 67x175 [bgcolor=#000000] [border: (1px inset #808080)] [r=0 c=1 rs=2 cs=1]
              LayoutText {#text} at (24,-22) size 18x4
                text run at (24,-22) width 4: " "
            LayoutTableCell {TD} at (0,261) size 38x54 [border: (1px inset #808080)] [r=0 c=2 rs=1 cs=10]
              LayoutText {#text} at (1,3) size 36x48
                text run at (1,3) width 47: "Middle"
                text run at (19,3) width 48: "(1 row)"
            LayoutTableCell {TD} at (0,338) size 67x175 [bgcolor=#000000] [border: (1px inset #808080)] [r=0 c=12 rs=2 cs=1]
              LayoutText {#text} at (24,-22) size 18x4
                text run at (24,-22) width 4: " "
            LayoutTableCell {TD} at (0,557) size 96x-1 [bgcolor=#AAAAAA] [border: (1px inset #808080)] [r=0 c=13 rs=3 cs=1]
              LayoutText {#text} at (21,-18) size 54x37
                text run at (21,-18) width 36: "Right"
                text run at (39,4) width 14: "(3"
                text run at (57,-19) width 37: "rows)"
          LayoutTableRow {TR} at (38,0) size 29x576
            LayoutTableCell {TD} at (38,265) size 29x-3 [bgcolor=#EEEEEE] [border: (1px inset #808080)] [r=1 c=2 rs=1 cs=1]
              LayoutText {#text} at (5,-3) size 18x4
                text run at (5,-3) width 4: " "
            LayoutTableCell {TD} at (38,271) size 29x-3 [bgcolor=#EEEEEE] [border: (1px inset #808080)] [r=1 c=3 rs=1 cs=1]
              LayoutText {#text} at (5,-3) size 18x4
                text run at (5,-3) width 4: " "
            LayoutTableCell {TD} at (38,277) size 29x-3 [bgcolor=#EEEEEE] [border: (1px inset #808080)] [r=1 c=4 rs=1 cs=1]
              LayoutText {#text} at (5,-3) size 18x4
                text run at (5,-3) width 4: " "
            LayoutTableCell {TD} at (38,283) size 29x-3 [bgcolor=#EEEEEE] [border: (1px inset #808080)] [r=1 c=5 rs=1 cs=1]
              LayoutText {#text} at (5,-3) size 18x4
                text run at (5,-3) width 4: " "
            LayoutTableCell {TD} at (38,289) size 29x-3 [bgcolor=#EEEEEE] [border: (1px inset #808080)] [r=1 c=6 rs=1 cs=1]
              LayoutText {#text} at (5,-3) size 18x4
                text run at (5,-3) width 4: " "
            LayoutTableCell {TD} at (38,295) size 29x-3 [bgcolor=#EEEEEE] [border: (1px inset #808080)] [r=1 c=7 rs=1 cs=1]
              LayoutText {#text} at (5,-3) size 18x4
                text run at (5,-3) width 4: " "
            LayoutTableCell {TD} at (38,301) size 29x-3 [bgcolor=#EEEEEE] [border: (1px inset #808080)] [r=1 c=8 rs=1 cs=1]
              LayoutText {#text} at (5,-3) size 18x4
                text run at (5,-3) width 4: " "
            LayoutTableCell {TD} at (38,307) size 29x-3 [bgcolor=#EEEEEE] [border: (1px inset #808080)] [r=1 c=9 rs=1 cs=1]
              LayoutText {#text} at (5,-3) size 18x4
                text run at (5,-3) width 4: " "
            LayoutTableCell {TD} at (38,313) size 29x-3 [bgcolor=#EEEEEE] [border: (1px inset #808080)] [r=1 c=10 rs=1 cs=1]
              LayoutText {#text} at (5,-3) size 18x4
                text run at (5,-3) width 4: " "
          LayoutTableRow {TR} at (67,0) size 29x576
            LayoutTableCell {TD} at (67,43) size 29x528 [bgcolor=#008000] [border: (1px inset #808080)] [r=2 c=1 rs=1 cs=13]
              LayoutText {#text} at (5,256) size 18x276
                text run at (5,256) width 276: "Bottom Row Overlaps with the Right Cell!"
