layer at (0,0) size 800x600
  LayoutView at (0,0) size 800x600
layer at (0,0) size 800x600
  LayoutBlockFlow {HTML} at (0,0) size 800x600
    LayoutBlockFlow {BODY} at (8,8) size 784x584
      LayoutBlockFlow {P} at (0,0) size 784x36
        LayoutText {#text} at (0,0) size 177x18
          text run at (0,0) width 177: "This is a regression test for "
        LayoutInline {I} at (0,0) size 762x36
          LayoutInline {A} at (0,0) size 354x18 [color=#0000EE]
            LayoutText {#text} at (176,0) size 354x18
              text run at (176,0) width 354: "http://bugzilla.opendarwin.org/show_bug.cgi?id=9652"
          LayoutText {#text} at (529,0) size 762x36
            text run at (529,0) width 5: " "
            text run at (533,0) width 229: "Assertion failure when changing an"
            text run at (0,18) width 194: "RTL table cell to display:none"
        LayoutText {#text} at (193,18) size 5x18
          text run at (193,18) width 5: "."
      LayoutBlockFlow {HR} at (0,52) size 784x2 [border: (1px inset #EEEEEE)]
      LayoutBlockFlow {P} at (0,70) size 784x18
        LayoutText {#text} at (0,0) size 259x18
          text run at (0,0) width 259: "No assertion failure means TEST PASS."
      LayoutTable {TABLE} at (0,104) size 51x26 [border: (1px solid #008000)]
        LayoutTableSection {TBODY} at (1,1) size 49x24
          LayoutTableRow {TR} at (0,2) size 49x20
            LayoutTableCell {TD} at (2,2) size 45x20 [r=0 c=0 rs=1 cs=1]
              LayoutText {#text} at (1,1) size 43x18
                text run at (1,1) width 43: "Lorem"
