layer at (0,0) size 800x600
  LayoutView at (0,0) size 800x600
layer at (0,0) size 800x94
  LayoutBlockFlow {HTML} at (0,0) size 800x94
    LayoutBlockFlow {BODY} at (8,16) size 784x70
      LayoutBlockFlow {P} at (0,0) size 784x36
        LayoutText {#text} at (0,0) size 762x36
          text run at (0,0) width 762: "crbug.com/568387: Should not ASSERT and should not leave an unnecessary anonymous block around the two inline-"
          text run at (0,18) width 46: "blocks."
      LayoutTable (anonymous) at (0,52) size 150x18
        LayoutTableSection {DIV} at (0,0) size 150x18
          LayoutTableRow (anonymous) at (0,0) size 150x18
            LayoutTableCell (anonymous) at (0,0) size 150x18 [r=0 c=0 rs=1 cs=1]
              LayoutBlockFlow {DIV} at (0,14) size 75x0 [bgcolor=#0000FF]
              LayoutBlockFlow {DIV} at (75,14) size 75x0 [bgcolor=#0000FF]
          LayoutTableRow {DIV} at (0,18) size 150x0
          LayoutTableRow (anonymous) at (0,18) size 150x0
            LayoutTableCell (anonymous) at (0,18) size 150x0 [r=2 c=0 rs=1 cs=1]
              LayoutBlockFlow {DIV} at (0,0) size 150x0
