layer at (0,0) size 800x600
  LayoutView at (0,0) size 800x600
layer at (0,0) size 800x76
  LayoutBlockFlow {HTML} at (0,0) size 800x76
    LayoutBlockFlow {BODY} at (8,16) size 784x52
      LayoutBlockFlow {P} at (0,0) size 784x18
        LayoutText {#text} at (0,0) size 701x18
          text run at (0,0) width 701: "crbug.com/568387: Should not ASSERT and should leave an anonymous block around the two inline-blocks."
      LayoutTable (anonymous) at (0,34) size 150x18
        LayoutTableSection {DIV} at (0,0) size 150x18
          LayoutTableRow (anonymous) at (0,0) size 150x0
            LayoutTableCell (anonymous) at (0,0) size 150x0 [r=0 c=0 rs=1 cs=1]
              LayoutBlockFlow {DIV} at (0,0) size 150x0
          LayoutTableRow {DIV} at (0,0) size 150x0
          LayoutTableRow (anonymous) at (0,0) size 150x18
            LayoutTableCell (anonymous) at (0,0) size 150x18 [r=2 c=0 rs=1 cs=1]
              LayoutBlockFlow (anonymous) at (0,0) size 150x18
                LayoutBlockFlow {DIV} at (0,14) size 75x0 [bgcolor=#0000FF]
                LayoutBlockFlow {DIV} at (75,14) size 75x0 [bgcolor=#0000FF]
              LayoutBlockFlow {DIV} at (0,18) size 150x0
