layer at (0,0) size 800x600
  LayoutView at (0,0) size 800x600
layer at (0,0) size 800x600
  LayoutBlockFlow {HTML} at (0,0) size 800x600
    LayoutBlockFlow {BODY} at (8,8) size 784x584
      LayoutBlockFlow {P} at (0,0) size 784x18
        LayoutText {#text} at (0,0) size 54x18
          text run at (0,0) width 54: "Test for "
        LayoutInline {I} at (0,0) size 721x18
          LayoutInline {A} at (0,0) size 305x18 [color=#0000EE]
            LayoutText {#text} at (53,0) size 305x18
              text run at (53,0) width 305: "http://bugs.webkit.org/show_bug.cgi?id=13774"
          LayoutText {#text} at (357,0) size 417x18
            text run at (357,0) width 5: " "
            text run at (361,0) width 413: "REGRESSION: Crash emailing blog entry using Google Reader"
        LayoutText {#text} at (773,0) size 5x18
          text run at (773,0) width 5: "."
      LayoutBlockFlow {P} at (0,34) size 784x18
        LayoutText {#text} at (0,0) size 70x18
          text run at (0,0) width 70: "SUCCESS"
      LayoutBlockFlow (anonymous) at (0,68) size 784x1
        LayoutImage {IMG} at (0,0) size 1x1
        LayoutText {#text} at (0,0) size 0x0
      LayoutTable {TABLE} at (0,69) size 2x2
        LayoutTableSection {TBODY} at (0,0) size 2x2
          LayoutTableRow {TR} at (0,0) size 2x0
          LayoutTableRow {TR} at (0,0) size 2x2
            LayoutTableCell {TD} at (0,0) size 2x2 [r=1 c=0 rs=1 cs=1]
