layer at (0,0) size 800x600
  LayoutView at (0,0) size 800x600
layer at (0,0) size 800x600
  LayoutBlockFlow {HTML} at (0,0) size 800x600
    LayoutBlockFlow {BODY} at (8,8) size 784x584
      LayoutBlockFlow {DIV} at (0,0) size 784x112 [color=#FF0000] [border: (3px solid #008000)]
        LayoutTable (anonymous) at (19,19) size 100x56
          LayoutTableSection (anonymous) at (0,0) size 100x56
            LayoutTableRow (anonymous) at (0,0) size 100x56
              LayoutTableCell {<pseudo:before>} at (0,0) size 100x56 [border: (3px solid #0000FF)] [r=0 c=0 rs=1 cs=1]
                LayoutTextFragment (anonymous) at (19,19) size 62x18
                  text run at (19,19) width 62: "BEFORE"
        LayoutBlockFlow {DIV} at (19,75) size 746x18
          LayoutText {#text} at (0,0) size 75x18
            text run at (0,0) width 75: "CONTENT"
