layer at (0,0) size 800x600
  LayoutView at (0,0) size 800x600
layer at (0,0) size 800x600
  LayoutBlockFlow {HTML} at (0,0) size 800x600
    LayoutBlockFlow {BODY} at (8,8) size 784x584
      LayoutTable {DIV} at (0,0) size 113x74 [color=#FF0000] [border: (3px solid #008000)]
        LayoutTableSection (anonymous) at (19,19) size 75x36
          LayoutTableRow (anonymous) at (0,0) size 75x18
            LayoutTableCell (anonymous) at (0,0) size 75x18 [r=0 c=0 rs=1 cs=1]
              LayoutInline {SPAN} at (0,0) size 75x18
                LayoutText {#text} at (0,0) size 75x18
                  text run at (0,0) width 75: "CONTENT"
          LayoutTableRow {<pseudo:after>} at (0,18) size 75x18 [border: (3px solid #0000FF)]
            LayoutTableCell (anonymous) at (0,18) size 75x18 [r=1 c=0 rs=1 cs=1]
              LayoutTextFragment (anonymous) at (0,0) size 51x18
                text run at (0,0) width 51: "AFTER"
