layer at (0,0) size 800x600 clip at (0,0) size 785x600 scrollHeight 1224
  LayoutView at (0,0) size 800x600
layer at (0,0) size 785x1224 backgroundClip at (0,0) size 785x600 clip at (0,0) size 785x600
  LayoutBlockFlow {HTML} at (0,0) size 785x1224
    LayoutBlockFlow {BODY} at (8,10) size 769x1206
      LayoutBlockFlow {TABLE} at (10,0) size 92x120 [border: (1px solid #000000)]
        LayoutTable (anonymous) at (1,1) size 90x118
          LayoutTableSection {THEAD} at (0,0) size 24x118
            LayoutTableRow {TR} at (2,0) size 20x118
              LayoutTableCell {TD} at (2,2) size 20x56 [r=0 c=0 rs=1 cs=1]
                LayoutText {#text} at (1,1) size 18x46
                  text run at (1,1) width 46: "Head 1"
              LayoutTableCell {TD} at (2,60) size 20x56 [r=0 c=1 rs=1 cs=1]
                LayoutText {#text} at (1,1) size 18x46
                  text run at (1,1) width 46: "Head 2"
          LayoutTableSection {TFOOT} at (68,0) size 22x118
            LayoutTableRow {TR} at (0,0) size 20x118
              LayoutTableCell {TD} at (0,2) size 20x56 [r=0 c=0 rs=1 cs=1]
                LayoutText {#text} at (1,1) size 18x54
                  text run at (1,1) width 54: "Footer 1"
              LayoutTableCell {TD} at (0,60) size 20x56 [r=0 c=1 rs=1 cs=1]
                LayoutText {#text} at (1,1) size 18x54
                  text run at (1,1) width 54: "Footer 2"
          LayoutTableSection {TBODY} at (24,0) size 44x118
            LayoutTableRow {TR} at (0,0) size 20x118
              LayoutTableCell {TD} at (0,2) size 20x56 [r=0 c=0 rs=1 cs=1]
                LayoutText {#text} at (1,1) size 18x39
                  text run at (1,1) width 39: "Cell 1"
              LayoutTableCell {TD} at (0,60) size 20x56 [r=0 c=1 rs=1 cs=1]
                LayoutText {#text} at (1,1) size 18x39
                  text run at (1,1) width 39: "Cell 2"
            LayoutTableRow {TR} at (22,0) size 20x118
              LayoutTableCell {TD} at (22,2) size 20x56 [r=1 c=0 rs=1 cs=1]
                LayoutText {#text} at (1,1) size 18x39
                  text run at (1,1) width 39: "Cell 3"
              LayoutTableCell {TD} at (22,60) size 20x56 [r=1 c=1 rs=1 cs=1]
                LayoutText {#text} at (1,1) size 18x39
                  text run at (1,1) width 39: "Cell 4"
      LayoutBlockFlow {P} at (0,136) size 769x18
        LayoutText {#text} at (0,0) size 227x18
          text run at (0,0) width 227: "Row groups have display:table-cell"
      LayoutBlockFlow {TABLE} at (10,170) size 48x224 [border: (1px solid #000000)]
        LayoutTable (anonymous) at (1,1) size 46x222
          LayoutTableSection (anonymous) at (0,0) size 26x222
            LayoutTableRow (anonymous) at (2,0) size 22x222
              LayoutTableCell {THEAD} at (2,2) size 22x100 [r=0 c=0 rs=1 cs=1]
                LayoutTable (anonymous) at (0,0) size 22x100
                  LayoutTableSection (anonymous) at (0,0) size 22x100
                    LayoutTableRow (anonymous) at (2,0) size 18x100
                      LayoutTableCell {TR} at (2,2) size 18x96 [r=0 c=0 rs=1 cs=1]
                        LayoutInline {TD} at (0,0) size 20x48
                          LayoutText {#text} at (0,1) size 18x46
                            text run at (0,1) width 46: "Head 1"
                        LayoutInline {TD} at (0,0) size 20x49
                          LayoutText {#text} at (0,48) size 18x47
                            text run at (0,48) width 46: "Head 2"
              LayoutTableCell {TFOOT} at (2,104) size 22x116 [r=0 c=1 rs=1 cs=1]
                LayoutTable (anonymous) at (0,0) size 22x116
                  LayoutTableSection (anonymous) at (0,0) size 22x116
                    LayoutTableRow (anonymous) at (2,0) size 18x116
                      LayoutTableCell {TR} at (2,2) size 18x112 [r=0 c=0 rs=1 cs=1]
                        LayoutInline {TD} at (0,0) size 20x56
                          LayoutText {#text} at (0,1) size 18x54
                            text run at (0,1) width 54: "Footer 1"
                        LayoutInline {TD} at (0,0) size 20x57
                          LayoutText {#text} at (0,56) size 18x55
                            text run at (0,56) width 54: "Footer 2"
          LayoutTableSection {TBODY} at (26,0) size 20x222
            LayoutTableRow (anonymous) at (0,0) size 18x222
              LayoutTableCell {TR} at (0,2) size 18x100 [r=0 c=0 rs=1 cs=1]
                LayoutInline {TD} at (0,0) size 20x41
                  LayoutText {#text} at (0,1) size 18x39
                    text run at (0,1) width 39: "Cell 1"
                LayoutInline {TD} at (0,0) size 20x42
                  LayoutText {#text} at (0,41) size 18x40
                    text run at (0,41) width 39: "Cell 2"
              LayoutTableCell {TR} at (0,104) size 18x116 [r=0 c=1 rs=1 cs=1]
                LayoutInline {TD} at (0,0) size 20x41
                  LayoutText {#text} at (0,1) size 18x39
                    text run at (0,1) width 39: "Cell 3"
                LayoutInline {TD} at (0,0) size 20x42
                  LayoutText {#text} at (0,41) size 18x40
                    text run at (0,41) width 39: "Cell 4"
      LayoutBlockFlow {P} at (0,410) size 769x18
        LayoutText {#text} at (0,0) size 203x18
          text run at (0,0) width 203: "Row groups have display:block"
      LayoutBlockFlow {TABLE} at (10,444) size 102x120 [border: (1px solid #000000)]
        LayoutBlockFlow {THEAD} at (1,1) size 24x118
          LayoutBlockFlow {TR} at (0,0) size 24x118
            LayoutTable (anonymous) at (0,0) size 24x102
              LayoutTableSection (anonymous) at (0,0) size 24x102
                LayoutTableRow (anonymous) at (2,0) size 20x102
                  LayoutTableCell {TD} at (2,2) size 20x48 [r=0 c=0 rs=1 cs=1]
                    LayoutText {#text} at (1,1) size 18x46
                      text run at (1,1) width 46: "Head 1"
                  LayoutTableCell {TD} at (2,52) size 20x48 [r=0 c=1 rs=1 cs=1]
                    LayoutText {#text} at (1,1) size 18x46
                      text run at (1,1) width 46: "Head 2"
        LayoutBlockFlow {TFOOT} at (25,1) size 24x118
          LayoutBlockFlow {TR} at (0,0) size 24x118
            LayoutTable (anonymous) at (0,0) size 24x118
              LayoutTableSection (anonymous) at (0,0) size 24x118
                LayoutTableRow (anonymous) at (2,0) size 20x118
                  LayoutTableCell {TD} at (2,2) size 20x56 [r=0 c=0 rs=1 cs=1]
                    LayoutText {#text} at (1,1) size 18x54
                      text run at (1,1) width 54: "Footer 1"
                  LayoutTableCell {TD} at (2,60) size 20x56 [r=0 c=1 rs=1 cs=1]
                    LayoutText {#text} at (1,1) size 18x54
                      text run at (1,1) width 54: "Footer 2"
        LayoutTable (anonymous) at (49,1) size 52x92
          LayoutTableSection {TBODY} at (0,0) size 52x92
            LayoutTableRow (anonymous) at (2,0) size 48x92
              LayoutTableCell (anonymous) at (2,2) size 48x88 [r=0 c=0 rs=1 cs=1]
                LayoutBlockFlow {TR} at (0,0) size 24x88
                  LayoutTable (anonymous) at (0,0) size 24x88
                    LayoutTableSection (anonymous) at (0,0) size 24x88
                      LayoutTableRow (anonymous) at (2,0) size 20x88
                        LayoutTableCell {TD} at (2,2) size 20x41 [r=0 c=0 rs=1 cs=1]
                          LayoutText {#text} at (1,1) size 18x39
                            text run at (1,1) width 39: "Cell 1"
                        LayoutTableCell {TD} at (2,45) size 20x41 [r=0 c=1 rs=1 cs=1]
                          LayoutText {#text} at (1,1) size 18x39
                            text run at (1,1) width 39: "Cell 2"
                LayoutBlockFlow {TR} at (24,0) size 24x88
                  LayoutTable (anonymous) at (0,0) size 24x88
                    LayoutTableSection (anonymous) at (0,0) size 24x88
                      LayoutTableRow (anonymous) at (2,0) size 20x88
                        LayoutTableCell {TD} at (2,2) size 20x41 [r=0 c=0 rs=1 cs=1]
                          LayoutText {#text} at (1,1) size 18x39
                            text run at (1,1) width 39: "Cell 3"
                        LayoutTableCell {TD} at (2,45) size 20x41 [r=0 c=1 rs=1 cs=1]
                          LayoutText {#text} at (1,1) size 18x39
                            text run at (1,1) width 39: "Cell 4"
      LayoutTable (anonymous) at (0,574) size 102x632
        LayoutTableSection (anonymous) at (0,0) size 102x632
          LayoutTableRow (anonymous) at (0,0) size 102x632
            LayoutTableCell {P} at (0,0) size 102x632 [border: (1px solid #000000)] [r=0 c=0 rs=1 cs=1]
              LayoutText {#text} at (1,1) size 100x630
                text run at (1,1) width 86: "Lorem ipsum"
                text run at (1,19) width 92: "dolor sit amet,"
                text run at (1,37) width 73: "consectetur"
                text run at (1,55) width 99: "adipisicing elit,"
                text run at (1,73) width 100: "sed do eiusmod"
                text run at (1,91) width 46: "tempor"
                text run at (1,109) width 82: "incididunt ut"
                text run at (1,127) width 56: "labore et"
                text run at (1,145) width 88: "dolore magna"
                text run at (1,163) width 100: "aliqua. Ut enim"
                text run at (1,181) width 61: "ad minim"
                text run at (1,199) width 82: "veniam, quis"
                text run at (1,217) width 48: "nostrud"
                text run at (1,235) width 76: "exercitation"
                text run at (1,253) width 100: "ullamco laboris"
                text run at (1,271) width 88: "nisi ut aliquip"
                text run at (1,289) width 34: "ex ea"
                text run at (1,307) width 64: "commodo"
                text run at (1,325) width 68: "consequat."
                text run at (1,343) width 96: "Duis aute irure"
                text run at (1,361) width 51: "dolor in"
                text run at (1,379) width 86: "reprehenderit"
                text run at (1,397) width 76: "in voluptate"
                text run at (1,415) width 60: "velit esse"
                text run at (1,433) width 86: "cillum dolore"
                text run at (1,451) width 93: "eu fugiat nulla"
                text run at (1,469) width 53: "pariatur."
                text run at (1,487) width 92: "Excepteur sint"
                text run at (1,505) width 56: "occaecat"
                text run at (1,523) width 87: "cupidatat non"
                text run at (1,541) width 88: "proident, sunt"
                text run at (1,559) width 76: "in culpa qui"
                text run at (1,577) width 100: "officia deserunt"
                text run at (1,595) width 91: "mollit anim id"
                text run at (1,613) width 80: "est laborum."
