layer at (0,0) size 800x600
  LayoutView at (0,0) size 800x600
layer at (0,0) size 800x600
  LayoutBlockFlow {HTML} at (0,0) size 800x600
    LayoutBlockFlow {BODY} at (8,8) size 784x584
      LayoutBlockFlow (anonymous) at (0,0) size 784x18
        LayoutText {#text} at (0,0) size 342x18
          text run at (0,0) width 342: "You should see a PASS with a solid outline around it."
        LayoutText {#text} at (0,0) size 0x0
      LayoutTable {TABLE} at (0,18) size 41x22
        LayoutTableSection (anonymous) at (0,0) size 41x22
          LayoutTableRow (anonymous) at (0,2) size 41x18
            LayoutTableCell (anonymous) at (2,2) size 37x18 [r=0 c=0 rs=1 cs=1]
              LayoutInline {SPAN} at (0,0) size 37x18
                LayoutText {#text} at (0,0) size 37x18
                  text run at (0,0) width 37: "PASS"
              LayoutInline {SPAN} at (0,0) size 1x18
