layer at (0,0) size 800x600
  LayoutView at (0,0) size 800x600
layer at (0,0) size 800x600
  LayoutBlockFlow {HTML} at (0,0) size 800x600
    LayoutBlockFlow {BODY} at (8,8) size 784x584
      LayoutTable {DIV} at (0,0) size 202x94 [color=#FF0000] [border: (3px solid #008000)]
        LayoutTableSection (anonymous) at (19,19) size 164x56
          LayoutTableRow (anonymous) at (0,0) size 164x56
            LayoutTableCell (anonymous) at (0,19) size 75x18 [r=0 c=0 rs=1 cs=1]
              LayoutInline {SPAN} at (0,0) size 75x18
                LayoutText {#text} at (0,0) size 75x18
                  text run at (0,0) width 75: "CONTENT"
            LayoutTableCell {<pseudo:after>} at (75,0) size 89x56 [border: (3px solid #0000FF)] [r=0 c=1 rs=1 cs=1]
              LayoutTextFragment (anonymous) at (19,19) size 51x18
                text run at (19,19) width 51: "AFTER"
