layer at (0,0) size 800x600
  LayoutView at (0,0) size 800x600
layer at (0,0) size 800x600
  LayoutBlockFlow {HTML} at (0,0) size 800x600
    LayoutBlockFlow {BODY} at (8,8) size 784x584
      LayoutTable {DIV} at (0,0) size 127x112 [color=#FF0000] [border: (3px solid #008000)]
        LayoutTableSection (anonymous) at (19,19) size 89x74
          LayoutTableRow (anonymous) at (0,0) size 89x74
            LayoutTableCell (anonymous) at (0,0) size 89x74 [r=0 c=0 rs=1 cs=1]
              LayoutBlockFlow (anonymous) at (0,0) size 89x18
                LayoutInline {SPAN} at (0,0) size 75x18
                  LayoutText {#text} at (0,0) size 75x18
                    text run at (0,0) width 75: "CONTENT"
              LayoutTable {<pseudo:after>} at (0,18) size 89x56 [border: (3px solid #0000FF)]
                LayoutTableSection (anonymous) at (19,19) size 51x18
                  LayoutTableRow (anonymous) at (0,0) size 51x18
                    LayoutTableCell (anonymous) at (0,0) size 51x18 [r=0 c=0 rs=1 cs=1]
                      LayoutTextFragment (anonymous) at (0,0) size 51x18
                        text run at (0,0) width 51: "AFTER"
