layer at (0,0) size 800x600
  LayoutView at (0,0) size 800x600
layer at (0,0) size 800x492
  LayoutBlockFlow {HTML} at (0,0) size 800x492
    LayoutBlockFlow {BODY} at (8,10) size 784x474
      LayoutBlockFlow {TABLE} at (10,0) size 764x92 [border: (1px solid #000000)]
        LayoutTable (anonymous) at (1,1) size 118x90
          LayoutTableSection {THEAD} at (0,0) size 118x24
            LayoutTableRow {TR} at (0,2) size 118x20
              LayoutTableCell {TD} at (2,2) size 56x20 [r=0 c=0 rs=1 cs=1]
                LayoutText {#text} at (1,1) size 46x18
                  text run at (1,1) width 46: "Head 1"
              LayoutTableCell {TD} at (60,2) size 56x20 [r=0 c=1 rs=1 cs=1]
                LayoutText {#text} at (1,1) size 46x18
                  text run at (1,1) width 46: "Head 2"
          LayoutTableSection {TFOOT} at (0,68) size 118x22
            LayoutTableRow {TR} at (0,0) size 118x20
              LayoutTableCell {TD} at (2,0) size 56x20 [r=0 c=0 rs=1 cs=1]
                LayoutText {#text} at (1,1) size 54x18
                  text run at (1,1) width 54: "Footer 1"
              LayoutTableCell {TD} at (60,0) size 56x20 [r=0 c=1 rs=1 cs=1]
                LayoutText {#text} at (1,1) size 54x18
                  text run at (1,1) width 54: "Footer 2"
          LayoutTableSection {TBODY} at (0,24) size 118x44
            LayoutTableRow {TR} at (0,0) size 118x20
              LayoutTableCell {TD} at (2,0) size 56x20 [r=0 c=0 rs=1 cs=1]
                LayoutText {#text} at (1,1) size 39x18
                  text run at (1,1) width 39: "Cell 1"
              LayoutTableCell {TD} at (60,0) size 56x20 [r=0 c=1 rs=1 cs=1]
                LayoutText {#text} at (1,1) size 39x18
                  text run at (1,1) width 39: "Cell 2"
            LayoutTableRow {TR} at (0,22) size 118x20
              LayoutTableCell {TD} at (2,22) size 56x20 [r=1 c=0 rs=1 cs=1]
                LayoutText {#text} at (1,1) size 39x18
                  text run at (1,1) width 39: "Cell 3"
              LayoutTableCell {TD} at (60,22) size 56x20 [r=1 c=1 rs=1 cs=1]
                LayoutText {#text} at (1,1) size 39x18
                  text run at (1,1) width 39: "Cell 4"
      LayoutBlockFlow {TABLE} at (10,102) size 764x50 [border: (1px solid #000000)]
        LayoutTable (anonymous) at (1,1) size 222x48
          LayoutTableSection (anonymous) at (0,0) size 222x27
            LayoutTableRow (anonymous) at (0,2) size 222x23
              LayoutTableCell {THEAD} at (2,2) size 100x23 [r=0 c=0 rs=1 cs=1]
                LayoutTable (anonymous) at (0,0) size 100x23
                  LayoutTableSection (anonymous) at (0,0) size 100x23
                    LayoutTableRow (anonymous) at (0,2) size 100x19
                      LayoutTableCell {TR} at (2,2) size 96x19 [r=0 c=0 rs=1 cs=1]
                        LayoutInline {TD} at (0,0) size 48x20
                          LayoutText {#text} at (1,1) size 46x18
                            text run at (1,1) width 46: "Head 1"
                        LayoutInline {TD} at (0,0) size 49x20
                          LayoutText {#text} at (48,1) size 47x18
                            text run at (48,1) width 47: "Head 2"
              LayoutTableCell {TFOOT} at (104,2) size 116x23 [r=0 c=1 rs=1 cs=1]
                LayoutTable (anonymous) at (0,0) size 116x23
                  LayoutTableSection (anonymous) at (0,0) size 116x23
                    LayoutTableRow (anonymous) at (0,2) size 116x19
                      LayoutTableCell {TR} at (2,2) size 112x19 [r=0 c=0 rs=1 cs=1]
                        LayoutInline {TD} at (0,0) size 56x20
                          LayoutText {#text} at (1,1) size 54x18
                            text run at (1,1) width 54: "Footer 1"
                        LayoutInline {TD} at (0,0) size 57x20
                          LayoutText {#text} at (56,1) size 55x18
                            text run at (56,1) width 55: "Footer 2"
          LayoutTableSection {TBODY} at (0,27) size 222x21
            LayoutTableRow (anonymous) at (0,0) size 222x19
              LayoutTableCell {TR} at (2,0) size 100x19 [r=0 c=0 rs=1 cs=1]
                LayoutInline {TD} at (0,0) size 41x20
                  LayoutText {#text} at (1,1) size 39x18
                    text run at (1,1) width 39: "Cell 1"
                LayoutInline {TD} at (0,0) size 42x20
                  LayoutText {#text} at (41,1) size 40x18
                    text run at (41,1) width 40: "Cell 2"
              LayoutTableCell {TR} at (104,0) size 116x19 [r=0 c=1 rs=1 cs=1]
                LayoutInline {TD} at (0,0) size 41x20
                  LayoutText {#text} at (1,1) size 39x18
                    text run at (1,1) width 39: "Cell 3"
                LayoutInline {TD} at (0,0) size 42x20
                  LayoutText {#text} at (41,1) size 40x18
                    text run at (41,1) width 40: "Cell 4"
      LayoutBlockFlow {TABLE} at (10,162) size 764x102 [border: (1px solid #000000)]
        LayoutBlockFlow {THEAD} at (1,1) size 762x24
          LayoutBlockFlow {TR} at (0,0) size 762x24
            LayoutTable (anonymous) at (0,0) size 102x24
              LayoutTableSection (anonymous) at (0,0) size 102x24
                LayoutTableRow (anonymous) at (0,2) size 102x20
                  LayoutTableCell {TD} at (2,2) size 48x20 [r=0 c=0 rs=1 cs=1]
                    LayoutText {#text} at (1,1) size 46x18
                      text run at (1,1) width 46: "Head 1"
                  LayoutTableCell {TD} at (52,2) size 48x20 [r=0 c=1 rs=1 cs=1]
                    LayoutText {#text} at (1,1) size 46x18
                      text run at (1,1) width 46: "Head 2"
        LayoutBlockFlow {TFOOT} at (1,25) size 762x24
          LayoutBlockFlow {TR} at (0,0) size 762x24
            LayoutTable (anonymous) at (0,0) size 118x24
              LayoutTableSection (anonymous) at (0,0) size 118x24
                LayoutTableRow (anonymous) at (0,2) size 118x20
                  LayoutTableCell {TD} at (2,2) size 56x20 [r=0 c=0 rs=1 cs=1]
                    LayoutText {#text} at (1,1) size 54x18
                      text run at (1,1) width 54: "Footer 1"
                  LayoutTableCell {TD} at (60,2) size 56x20 [r=0 c=1 rs=1 cs=1]
                    LayoutText {#text} at (1,1) size 54x18
                      text run at (1,1) width 54: "Footer 2"
        LayoutTable (anonymous) at (1,49) size 92x52
          LayoutTableSection {TBODY} at (0,0) size 92x52
            LayoutTableRow (anonymous) at (0,2) size 92x48
              LayoutTableCell (anonymous) at (2,2) size 88x48 [r=0 c=0 rs=1 cs=1]
                LayoutBlockFlow {TR} at (0,0) size 88x24
                  LayoutTable (anonymous) at (0,0) size 88x24
                    LayoutTableSection (anonymous) at (0,0) size 88x24
                      LayoutTableRow (anonymous) at (0,2) size 88x20
                        LayoutTableCell {TD} at (2,2) size 41x20 [r=0 c=0 rs=1 cs=1]
                          LayoutText {#text} at (1,1) size 39x18
                            text run at (1,1) width 39: "Cell 1"
                        LayoutTableCell {TD} at (45,2) size 41x20 [r=0 c=1 rs=1 cs=1]
                          LayoutText {#text} at (1,1) size 39x18
                            text run at (1,1) width 39: "Cell 2"
                LayoutBlockFlow {TR} at (0,24) size 88x24
                  LayoutTable (anonymous) at (0,0) size 88x24
                    LayoutTableSection (anonymous) at (0,0) size 88x24
                      LayoutTableRow (anonymous) at (0,2) size 88x20
                        LayoutTableCell {TD} at (2,2) size 41x20 [r=0 c=0 rs=1 cs=1]
                          LayoutText {#text} at (1,1) size 39x18
                            text run at (1,1) width 39: "Cell 3"
                        LayoutTableCell {TD} at (45,2) size 41x20 [r=0 c=1 rs=1 cs=1]
                          LayoutText {#text} at (1,1) size 39x18
                            text run at (1,1) width 39: "Cell 4"
      LayoutTable (anonymous) at (0,274) size 302x200
        LayoutTableSection (anonymous) at (0,0) size 302x200
          LayoutTableRow (anonymous) at (0,0) size 302x200
            LayoutTableCell {P} at (0,0) size 302x200 [border: (1px solid #000000)] [r=0 c=0 rs=1 cs=1]
              LayoutText {#text} at (1,1) size 300x198
                text run at (1,1) width 259: "Lorem ipsum dolor sit amet, consectetur"
                text run at (1,19) width 252: "adipisicing elit, sed do eiusmod tempor"
                text run at (1,37) width 300: "incididunt ut labore et dolore magna aliqua. Ut"
                text run at (1,55) width 235: "enim ad minim veniam, quis nostrud"
                text run at (1,73) width 290: "exercitation ullamco laboris nisi ut aliquip ex"
                text run at (1,91) width 292: "ea commodo consequat. Duis aute irure dolor"
                text run at (1,109) width 290: "in reprehenderit in voluptate velit esse cillum"
                text run at (1,127) width 291: "dolore eu fugiat nulla pariatur. Excepteur sint"
                text run at (1,145) width 293: "occaecat cupidatat non proident, sunt in culpa"
                text run at (1,163) width 240: "qui officia deserunt mollit anim id est"
                text run at (1,181) width 58: "laborum."
