layer at (0,0) size 800x600
  LayoutView at (0,0) size 800x600
layer at (0,0) size 800x462
  LayoutBlockFlow {HTML} at (0,0) size 800x462
    LayoutBlockFlow {BODY} at (8,16) size 784x438
      LayoutBlockFlow {P} at (0,0) size 784x18
        LayoutText {#text} at (0,0) size 394x18
          text run at (0,0) width 394: "crbug.com/35697: The image should be tiled across the table."
      LayoutTable {TABLE} at (0,34) size 784x404
        LayoutTableSection {TBODY} at (0,0) size 784x404
          LayoutTableRow {TR} at (0,0) size 784x202
            LayoutTableCell {TD} at (0,100) size 392x2 [r=0 c=0 rs=1 cs=1]
            LayoutTableCell {TD} at (392,100) size 392x2 [r=0 c=1 rs=1 cs=1]
          LayoutTableRow {TR} at (0,202) size 784x202
            LayoutTableCell {TD} at (0,302) size 392x2 [r=1 c=0 rs=1 cs=1]
            LayoutTableCell {TD} at (392,302) size 392x2 [r=1 c=1 rs=1 cs=1]
