layer at (0,0) size 800x600
  LayoutView at (0,0) size 800x600
layer at (0,0) size 800x600
  LayoutBlockFlow {HTML} at (0,0) size 800x600
    LayoutBlockFlow {BODY} at (8,8) size 784x584
      LayoutBlockFlow (anonymous) at (0,0) size 784x18
        LayoutText {#text} at (0,0) size 88x18
          text run at (0,0) width 88: "No line break"
      LayoutTable {TABLE} at (0,18) size 123x60 [bgcolor=#C0C0C0]
        LayoutTableSection {TBODY} at (0,0) size 123x60
          LayoutTableRow {TR} at (0,2) size 123x56
            LayoutTableCell {TD} at (2,2) size 119x56 [r=0 c=0 rs=1 cs=1]
              LayoutImage {IMG} at (1,1) size 20x50 [bgcolor=#ADD8E6]
              LayoutText {#text} at (21,37) size 77x18
                text run at (21,37) width 77: "loremipsum"
              LayoutImage {IMG} at (97.44,1) size 20x50 [bgcolor=#ADD8E6]
              LayoutText {#text} at (0,0) size 0x0
      LayoutBlockFlow {HR} at (0,86) size 784x2 [border: (1px inset #EEEEEE)]
      LayoutBlockFlow (anonymous) at (0,96) size 784x18
        LayoutText {#text} at (0,0) size 88x18
          text run at (0,0) width 88: "No line break"
      LayoutTable {TABLE} at (0,114) size 103x60 [bgcolor=#C0C0C0]
        LayoutTableSection {TBODY} at (0,0) size 103x60
          LayoutTableRow {TR} at (0,2) size 103x56
            LayoutTableCell {TD} at (2,2) size 99x56 [r=0 c=0 rs=1 cs=1]
              LayoutText {#text} at (1,37) size 77x18
                text run at (1,37) width 77: "loremipsum"
              LayoutImage {IMG} at (77.44,1) size 20x50 [bgcolor=#ADD8E6]
              LayoutText {#text} at (0,0) size 0x0
      LayoutBlockFlow {HR} at (0,182) size 784x2 [border: (1px inset #EEEEEE)]
      LayoutBlockFlow (anonymous) at (0,192) size 784x18
        LayoutText {#text} at (0,0) size 154x18
          text run at (0,0) width 154: "Line break after the \"a\"."
      LayoutTable {TABLE} at (0,210) size 103x78 [bgcolor=#C0C0C0]
        LayoutTableSection {TBODY} at (0,0) size 103x78
          LayoutTableRow {TR} at (0,2) size 103x74
            LayoutTableCell {TD} at (2,2) size 99x74 [r=0 c=0 rs=1 cs=1]
              LayoutText {#text} at (1,1) size 77x72
                text run at (1,1) width 8: "a"
                text run at (1,55) width 77: "loremipsum"
              LayoutImage {IMG} at (77.44,19) size 20x50 [bgcolor=#ADD8E6]
              LayoutText {#text} at (0,0) size 0x0
      LayoutBlockFlow {HR} at (0,296) size 784x2 [border: (1px inset #EEEEEE)]
      LayoutBlockFlow (anonymous) at (0,306) size 784x18
        LayoutText {#text} at (0,0) size 154x18
          text run at (0,0) width 154: "Line break after the \"a\"."
      LayoutTable {TABLE} at (0,324) size 123x78 [bgcolor=#C0C0C0]
        LayoutTableSection {TBODY} at (0,0) size 123x78
          LayoutTableRow {TR} at (0,2) size 123x74
            LayoutTableCell {TD} at (2,2) size 119x74 [r=0 c=0 rs=1 cs=1]
              LayoutText {#text} at (1,1) size 8x18
                text run at (1,1) width 8: "a"
              LayoutImage {IMG} at (1,19) size 20x50 [bgcolor=#ADD8E6]
              LayoutText {#text} at (21,55) size 77x18
                text run at (21,55) width 77: "loremipsum"
              LayoutImage {IMG} at (97.44,19) size 20x50 [bgcolor=#ADD8E6]
              LayoutText {#text} at (0,0) size 0x0
      LayoutBlockFlow {HR} at (0,410) size 784x2 [border: (1px inset #EEEEEE)]
      LayoutBlockFlow (anonymous) at (0,420) size 784x18
        LayoutText {#text} at (0,0) size 188x18
          text run at (0,0) width 188: "Line break after \"wideword\"."
      LayoutTable {TABLE} at (0,438) size 123x78 [bgcolor=#C0C0C0]
        LayoutTableSection {TBODY} at (0,0) size 123x78
          LayoutTableRow {TR} at (0,2) size 123x74
            LayoutTableCell {TD} at (2,2) size 119x74 [r=0 c=0 rs=1 cs=1]
              LayoutText {#text} at (1,1) size 64x18
                text run at (1,1) width 64: "wideword"
              LayoutImage {IMG} at (1,19) size 20x50 [bgcolor=#ADD8E6]
              LayoutText {#text} at (21,55) size 77x18
                text run at (21,55) width 77: "loremipsum"
              LayoutImage {IMG} at (97.44,19) size 20x50 [bgcolor=#ADD8E6]
              LayoutText {#text} at (0,0) size 0x0
