layer at (0,0) size 800x600
  LayoutView at (0,0) size 800x600
layer at (0,0) size 800x600
  LayoutBlockFlow {HTML} at (0,0) size 800x600
    LayoutBlockFlow {BODY} at (8,8) size 784x584
      LayoutTable {TABLE} at (0,0) size 784x54 [bgcolor=#3399CC]
        LayoutTableSection {TBODY} at (0,0) size 784x54
          LayoutTableRow {TR} at (0,0) size 784x27
            LayoutTableCell {TD} at (0,0) size 784x27 [border: none (1px solid #FFFFFF) none] [r=0 c=0 rs=1 cs=1]
              LayoutBlockFlow {A} at (0,0) size 784x26 [color=#0000EE]
                LayoutText {#text} at (4,4) size 157x18
                  text run at (4,4) width 157: "List of Transit Providers"
          LayoutTableRow {TR} at (0,27) size 784x27
            LayoutTableCell {TD} at (0,27) size 784x27 [border: none (1px solid #FFFFFF) none] [r=1 c=0 rs=1 cs=1]
              LayoutBlockFlow {A} at (0,0) size 784x26 [color=#0000EE]
                LayoutText {#text} at (4,4) size 163x18
                  text run at (4,4) width 163: "Locate a Transit Provider"
