layer at (0,0) size 800x600
  LayoutView at (0,0) size 800x600
layer at (0,0) size 800x512
  LayoutBlockFlow {HTML} at (0,0) size 800x512
    LayoutBlockFlow {BODY} at (8,8) size 784x496
      LayoutTable {TABLE} at (0,0) size 664x496 [border: (1px outset #808080)]
        LayoutTableSection {TBODY} at (1,1) size 662x494
          LayoutTableRow {TR} at (0,2) size 662x490
            LayoutTableCell {TD} at (2,88) size 47x22 [border: (1px inset #808080)] [r=0 c=0 rs=1 cs=1]
              LayoutText {#text} at (2,2) size 43x18
                text run at (2,2) width 43: "Lorem"
            LayoutTableCell {TD} at (51,70) size 124x45 [border: (1px inset #808080)] [r=0 c=1 rs=1 cs=1]
              LayoutText {#text} at (2,20) size 44x18
                text run at (2,20) width 44: "ipsum "
              LayoutInline {SPAN} at (0,0) size 77x41
                LayoutText {#text} at (45,2) size 77x41
                  text run at (45,2) width 77: "dolor"
              LayoutText {#text} at (0,0) size 0x0
            LayoutTableCell {TD} at (177,88) size 20x22 [border: (1px inset #808080)] [r=0 c=2 rs=1 cs=1]
              LayoutBlockFlow {DIV} at (2,2) size 16x18
                LayoutText {#text} at (0,0) size 16x18
                  text run at (0,0) width 16: "sit"
            LayoutTableCell {TD} at (199,88) size 54x104 [border: (1px inset #808080)] [r=0 c=3 rs=1 cs=1]
              LayoutBlockFlow {DIV} at (2,2) size 50x100 [bgcolor=#ADD8E6]
                LayoutText {#text} at (0,0) size 32x18
                  text run at (0,0) width 32: "amet"
            LayoutTableCell {TD} at (255,88) size 64x22 [border: (1px inset #808080)] [r=0 c=4 rs=1 cs=1]
              LayoutText {#text} at (2,2) size 44x18
                text run at (2,2) width 44: "consec"
              LayoutText {#text} at (0,0) size 0x0
            LayoutTableCell {TD} at (321,62) size 84x83 [border: (1px inset #808080)] [r=0 c=5 rs=1 cs=1]
              LayoutTable {TABLE} at (2,2) size 80x79 [border: (1px outset #808080)]
                LayoutTableSection {TBODY} at (1,1) size 78x77
                  LayoutTableRow {TR} at (0,10) size 78x57
                    LayoutTableCell {TD} at (2,10) size 74x57 [border: (10px solid #0000FF) (1px inset #808080) (5px solid #0000FF) (1px inset #808080)] [r=0 c=0 rs=1 cs=1]
                      LayoutText {#text} at (2,15) size 37x18
                        text run at (2,15) width 37: "tetuer"
                      LayoutBR {BR} at (38,15) size 1x18
                      LayoutText {#text} at (2,33) size 70x18
                        text run at (2,33) width 70: "adipiscing."
            LayoutTableCell {TD} at (407,2) size 64x4 [border: (1px inset #808080)] [r=0 c=6 rs=1 cs=1]
            LayoutTableCell {TD} at (473,2) size 54x104 [border: (1px inset #808080)] [r=0 c=7 rs=1 cs=1]
              LayoutBlockFlow {DIV} at (2,2) size 50x100 [bgcolor=#FFB6C1]
            LayoutTableCell {TD} at (529,29) size 65x158 [border: (1px inset #808080)] [r=0 c=8 rs=1 cs=1]
              LayoutTable {TABLE} at (2,2) size 61x118 [border: (1px outset #808080)]
                LayoutTableSection {TBODY} at (1,1) size 59x116
                  LayoutTableRow {TR} at (0,2) size 59x80
                    LayoutTableCell {TD} at (2,29) size 55x53 [border: (10px solid #0000FF) (1px inset #808080) (5px solid #0000FF) (1px inset #808080)] [r=0 c=0 rs=1 cs=1]
                      LayoutBlockFlow {DIV} at (6,25) size 43x18 [bgcolor=#FFB6C1]
                        LayoutText {#text} at (0,0) size 43x18
                          text run at (0,0) width 43: "Lorem"
                  LayoutTableRow {TR} at (0,84) size 59x30
                    LayoutTableCell {TD} at (2,84) size 55x30 [border: (1px inset #808080)] [r=1 c=0 rs=1 cs=1]
                      LayoutText {#text} at (6,6) size 40x18
                        text run at (6,6) width 40: "ipsum"
              LayoutBlockFlow (anonymous) at (2,120) size 61x36
                LayoutText {#text} at (0,0) size 53x18
                  text run at (0,0) width 53: "dolor sit"
                LayoutBR {BR} at (52,0) size 1x18
                LayoutText {#text} at (0,18) size 36x18
                  text run at (0,18) width 36: "amet."
            LayoutTableCell {TD} at (596,42) size 64x64 [border: (1px inset #808080)] [r=0 c=9 rs=1 cs=1]
              LayoutBlockFlow (floating) {DIV} at (2,2) size 25x30 [bgcolor=#90EE90]
                LayoutText {#text} at (0,0) size 17x18
                  text run at (0,0) width 17: "F1"
              LayoutBlockFlow (floating) {DIV} at (27,2) size 25x30 [bgcolor=#90EE90]
                LayoutText {#text} at (0,0) size 17x18
                  text run at (0,0) width 17: "F2"
              LayoutBlockFlow (floating) {DIV} at (2,32) size 25x30 [bgcolor=#90EE90]
                LayoutText {#text} at (0,0) size 17x18
                  text run at (0,0) width 17: "F3"
layer at (266,0) size 60x50
  LayoutBlockFlow (positioned) {DIV} at (266,0) size 60x50 [bgcolor=#FFFFE0]
    LayoutText {#text} at (0,0) size 9x18
      text run at (0,0) width 9: "P"
layer at (418,13) size 60x50
  LayoutBlockFlow (positioned) {DIV} at (418,13) size 60x50 [bgcolor=#FFFFE0]
    LayoutText {#text} at (0,0) size 9x18
      text run at (0,0) width 9: "P"
