layer at (0,0) size 800x600 scrollHeight 1353
  LayoutView at (0,0) size 800x600
layer at (0,0) size 800x1353 backgroundClip at (0,0) size 800x600 clip at (0,0) size 800x600
  LayoutBlockFlow {HTML} at (0,0) size 800x1353
    LayoutBlockFlow {BODY} at (8,8) size 784x1337
      LayoutBlockFlow {SECTION} at (0,0) size 790.86x1321
        LayoutBlockFlow {H1} at (0,0) size 790.86x27
          LayoutText {#text} at (0,0) size 281x26
            text run at (0,0) width 281: "Font Size Scaling Pixel Test"
        LayoutBlockFlow {P} at (0,31) size 790.86x20
          LayoutText {#text} at (0,0) size 766x19
            text run at (0,0) width 250: "Size of the text should scale smoothly. "
            text run at (249,0) width 517: "Reported width should be within 0.02px of that of the highlighted reference row."
        LayoutBlockFlow {DIV} at (0,55) size 790.86x1266
          LayoutBlockFlow {DIV} at (0,0) size 790.86x14 [border: none (1px solid #000000) none]
            LayoutBlockFlow {DIV} at (0,0) size 65x13
              LayoutText {#text} at (17,0) size 43x13
                text run at (17,0) width 43: "Font Size"
            LayoutBlockFlow {DIV} at (65,0) size 65x13
              LayoutText {#text} at (34,0) size 26x13
                text run at (34,0) width 26: "Width"
            LayoutBlockFlow {DIV} at (130,0) size 65x13
              LayoutText {#text} at (9,0) size 51x13
                text run at (9,0) width 51: "Normalized"
            LayoutBlockFlow {DIV} at (195,0) size 65x13
              LayoutText {#text} at (45,0) size 15x13
                text run at (45,0) width 15: "Diff"
            LayoutInline {SPAN} at (0,0) size 36x13
              LayoutText {#text} at (260,0) size 36x13
                text run at (260,0) width 36: "Content"
          LayoutBlockFlow {DIV} at (0,14) size 790.86x13
            LayoutBlockFlow {DIV} at (0,0) size 65x13
              LayoutText {#text} at (34,0) size 26x13
                text run at (34,0) width 26: "10.00"
            LayoutBlockFlow {DIV} at (65,0) size 65x13
              LayoutText {#text} at (29,0) size 31x13
                text run at (29,0) width 31: "212.33"
            LayoutBlockFlow {DIV} at (130,0) size 65x13
              LayoutText {#text} at (29,0) size 31x13
                text run at (29,0) width 31: "254.79"
            LayoutBlockFlow {DIV} at (195,0) size 65x13
              LayoutText {#text} at (37,0) size 23x13
                text run at (37,0) width 23: "-0.00"
            LayoutInline {SPAN} at (0,0) size 213x13
              LayoutText {#text} at (260,0) size 213x13
                text run at (260,0) width 213: "Amazingly few discotheques provide jukeboxes."
          LayoutBlockFlow {DIV} at (0,27) size 790.86x13
            LayoutBlockFlow {DIV} at (0,0) size 65x13
              LayoutText {#text} at (34,0) size 26x13
                text run at (34,0) width 26: "10.25"
            LayoutBlockFlow {DIV} at (65,0) size 65x13
              LayoutText {#text} at (29,0) size 31x13
                text run at (29,0) width 31: "212.33"
            LayoutBlockFlow {DIV} at (130,0) size 65x13
              LayoutText {#text} at (29,0) size 31x13
                text run at (29,0) width 31: "248.58"
            LayoutBlockFlow {DIV} at (195,0) size 65x12 [color=#FF0000]
              LayoutText {#text} at (37,0) size 23x12
                text run at (37,0) width 23: "-6.22"
            LayoutInline {SPAN} at (0,0) size 213x13
              LayoutText {#text} at (260,0) size 213x13
                text run at (260,0) width 213: "Amazingly few discotheques provide jukeboxes."
          LayoutBlockFlow {DIV} at (0,40) size 790.86x14
            LayoutBlockFlow {DIV} at (0,1) size 65x13
              LayoutText {#text} at (34,0) size 26x13
                text run at (34,0) width 26: "10.50"
            LayoutBlockFlow {DIV} at (65,1) size 65x13
              LayoutText {#text} at (29,0) size 31x13
                text run at (29,0) width 31: "233.56"
            LayoutBlockFlow {DIV} at (130,1) size 65x13
              LayoutText {#text} at (29,0) size 31x13
                text run at (29,0) width 31: "266.93"
            LayoutBlockFlow {DIV} at (195,1) size 65x12 [color=#FF0000]
              LayoutText {#text} at (34,0) size 26x12
                text run at (34,0) width 26: "12.13"
            LayoutInline {SPAN} at (0,0) size 234x14
              LayoutText {#text} at (260,0) size 234x14
                text run at (260,0) width 234: "Amazingly few discotheques provide jukeboxes."
          LayoutBlockFlow {DIV} at (0,54) size 790.86x14
            LayoutBlockFlow {DIV} at (0,1) size 65x13
              LayoutText {#text} at (34,0) size 26x13
                text run at (34,0) width 26: "10.75"
            LayoutBlockFlow {DIV} at (65,1) size 65x13
              LayoutText {#text} at (29,0) size 31x13
                text run at (29,0) width 31: "233.56"
            LayoutBlockFlow {DIV} at (130,1) size 65x13
              LayoutText {#text} at (29,0) size 31x13
                text run at (29,0) width 31: "260.72"
            LayoutBlockFlow {DIV} at (195,1) size 65x12 [color=#FF0000]
              LayoutText {#text} at (40,0) size 20x12
                text run at (40,0) width 20: "5.92"
            LayoutInline {SPAN} at (0,0) size 234x14
              LayoutText {#text} at (260,0) size 234x14
                text run at (260,0) width 234: "Amazingly few discotheques provide jukeboxes."
          LayoutBlockFlow {DIV} at (0,68) size 790.86x14
            LayoutBlockFlow {DIV} at (0,1) size 65x13
              LayoutText {#text} at (35,0) size 25x13
                text run at (35,0) width 25: "11.00"
            LayoutBlockFlow {DIV} at (65,1) size 65x13
              LayoutText {#text} at (29,0) size 31x13
                text run at (29,0) width 31: "233.56"
            LayoutBlockFlow {DIV} at (130,1) size 65x13
              LayoutText {#text} at (29,0) size 31x13
                text run at (29,0) width 31: "254.80"
            LayoutBlockFlow {DIV} at (195,1) size 65x13
              LayoutText {#text} at (37,0) size 23x13
                text run at (37,0) width 23: "-0.00"
            LayoutInline {SPAN} at (0,0) size 234x14
              LayoutText {#text} at (260,0) size 234x14
                text run at (260,0) width 234: "Amazingly few discotheques provide jukeboxes."
          LayoutBlockFlow {DIV} at (0,82) size 790.86x14
            LayoutBlockFlow {DIV} at (0,1) size 65x13
              LayoutText {#text} at (35,0) size 25x13
                text run at (35,0) width 25: "11.25"
            LayoutBlockFlow {DIV} at (65,1) size 65x13
              LayoutText {#text} at (29,0) size 31x13
                text run at (29,0) width 31: "233.56"
            LayoutBlockFlow {DIV} at (130,1) size 65x13
              LayoutText {#text} at (29,0) size 31x13
                text run at (29,0) width 31: "249.13"
            LayoutBlockFlow {DIV} at (195,1) size 65x12 [color=#FF0000]
              LayoutText {#text} at (37,0) size 23x12
                text run at (37,0) width 23: "-5.66"
            LayoutInline {SPAN} at (0,0) size 234x14
              LayoutText {#text} at (260,0) size 234x14
                text run at (260,0) width 234: "Amazingly few discotheques provide jukeboxes."
          LayoutBlockFlow {DIV} at (0,96) size 790.86x15
            LayoutBlockFlow {DIV} at (0,2) size 65x13
              LayoutText {#text} at (35,0) size 25x13
                text run at (35,0) width 25: "11.50"
            LayoutBlockFlow {DIV} at (65,2) size 65x13
              LayoutText {#text} at (29,0) size 31x13
                text run at (29,0) width 31: "254.80"
            LayoutBlockFlow {DIV} at (130,2) size 65x13
              LayoutText {#text} at (29,0) size 31x13
                text run at (29,0) width 31: "265.88"
            LayoutBlockFlow {DIV} at (195,2) size 65x12 [color=#FF0000]
              LayoutText {#text} at (35,0) size 25x12
                text run at (35,0) width 25: "11.08"
            LayoutInline {SPAN} at (0,0) size 255x15
              LayoutText {#text} at (260,0) size 255x15
                text run at (260,0) width 255: "Amazingly few discotheques provide jukeboxes."
          LayoutBlockFlow {DIV} at (0,111) size 790.86x15
            LayoutBlockFlow {DIV} at (0,2) size 65x13
              LayoutText {#text} at (35,0) size 25x13
                text run at (35,0) width 25: "11.75"
            LayoutBlockFlow {DIV} at (65,2) size 65x13
              LayoutText {#text} at (29,0) size 31x13
                text run at (29,0) width 31: "254.80"
            LayoutBlockFlow {DIV} at (130,2) size 65x13
              LayoutText {#text} at (29,0) size 31x13
                text run at (29,0) width 31: "260.22"
            LayoutBlockFlow {DIV} at (195,2) size 65x12 [color=#FF0000]
              LayoutText {#text} at (40,0) size 20x12
                text run at (40,0) width 20: "5.42"
            LayoutInline {SPAN} at (0,0) size 255x15
              LayoutText {#text} at (260,0) size 255x15
                text run at (260,0) width 255: "Amazingly few discotheques provide jukeboxes."
          LayoutBlockFlow {DIV} at (0,126) size 790.86x15 [bgcolor=#FBFCC5]
            LayoutBlockFlow {DIV} at (0,2) size 65x13
              LayoutText {#text} at (34,0) size 26x13
                text run at (34,0) width 26: "12.00"
            LayoutBlockFlow {DIV} at (65,2) size 65x13
              LayoutText {#text} at (29,0) size 31x13
                text run at (29,0) width 31: "254.80"
            LayoutBlockFlow {DIV} at (130,2) size 65x13
              LayoutText {#text} at (29,0) size 31x13
                text run at (29,0) width 31: "254.80"
            LayoutBlockFlow {DIV} at (195,2) size 65x13
              LayoutText {#text} at (40,0) size 20x13
                text run at (40,0) width 20: "0.00"
            LayoutInline {SPAN} at (0,0) size 255x15
              LayoutText {#text} at (260,0) size 255x15
                text run at (260,0) width 255: "Amazingly few discotheques provide jukeboxes."
          LayoutBlockFlow {DIV} at (0,141) size 790.86x15
            LayoutBlockFlow {DIV} at (0,2) size 65x13
              LayoutText {#text} at (34,0) size 26x13
                text run at (34,0) width 26: "12.25"
            LayoutBlockFlow {DIV} at (65,2) size 65x13
              LayoutText {#text} at (29,0) size 31x13
                text run at (29,0) width 31: "254.80"
            LayoutBlockFlow {DIV} at (130,2) size 65x13
              LayoutText {#text} at (29,0) size 31x13
                text run at (29,0) width 31: "249.60"
            LayoutBlockFlow {DIV} at (195,2) size 65x12 [color=#FF0000]
              LayoutText {#text} at (37,0) size 23x12
                text run at (37,0) width 23: "-5.20"
            LayoutInline {SPAN} at (0,0) size 255x15
              LayoutText {#text} at (260,0) size 255x15
                text run at (260,0) width 255: "Amazingly few discotheques provide jukeboxes."
          LayoutBlockFlow {DIV} at (0,156) size 790.86x16
            LayoutBlockFlow {DIV} at (0,3) size 65x13
              LayoutText {#text} at (34,0) size 26x13
                text run at (34,0) width 26: "12.50"
            LayoutBlockFlow {DIV} at (65,3) size 65x13
              LayoutText {#text} at (29,0) size 31x13
                text run at (29,0) width 31: "276.03"
            LayoutBlockFlow {DIV} at (130,3) size 65x13
              LayoutText {#text} at (29,0) size 31x13
                text run at (29,0) width 31: "264.99"
            LayoutBlockFlow {DIV} at (195,3) size 65x12 [color=#FF0000]
              LayoutText {#text} at (34,0) size 26x12
                text run at (34,0) width 26: "10.19"
            LayoutInline {SPAN} at (0,0) size 277x16
              LayoutText {#text} at (260,0) size 277x16
                text run at (260,0) width 277: "Amazingly few discotheques provide jukeboxes."
          LayoutBlockFlow {DIV} at (0,172) size 790.86x16
            LayoutBlockFlow {DIV} at (0,3) size 65x13
              LayoutText {#text} at (34,0) size 26x13
                text run at (34,0) width 26: "12.75"
            LayoutBlockFlow {DIV} at (65,3) size 65x13
              LayoutText {#text} at (29,0) size 31x13
                text run at (29,0) width 31: "276.03"
            LayoutBlockFlow {DIV} at (130,3) size 65x13
              LayoutText {#text} at (29,0) size 31x13
                text run at (29,0) width 31: "259.79"
            LayoutBlockFlow {DIV} at (195,3) size 65x12 [color=#FF0000]
              LayoutText {#text} at (40,0) size 20x12
                text run at (40,0) width 20: "5.00"
            LayoutInline {SPAN} at (0,0) size 277x16
              LayoutText {#text} at (260,0) size 277x16
                text run at (260,0) width 277: "Amazingly few discotheques provide jukeboxes."
          LayoutBlockFlow {DIV} at (0,188) size 790.86x16
            LayoutBlockFlow {DIV} at (0,3) size 65x13
              LayoutText {#text} at (34,0) size 26x13
                text run at (34,0) width 26: "13.00"
            LayoutBlockFlow {DIV} at (65,3) size 65x13
              LayoutText {#text} at (29,0) size 31x13
                text run at (29,0) width 31: "276.03"
            LayoutBlockFlow {DIV} at (130,3) size 65x13
              LayoutText {#text} at (29,0) size 31x13
                text run at (29,0) width 31: "254.80"
            LayoutBlockFlow {DIV} at (195,3) size 65x13
              LayoutText {#text} at (40,0) size 20x13
                text run at (40,0) width 20: "0.00"
            LayoutInline {SPAN} at (0,0) size 277x16
              LayoutText {#text} at (260,0) size 277x16
                text run at (260,0) width 277: "Amazingly few discotheques provide jukeboxes."
          LayoutBlockFlow {DIV} at (0,204) size 790.86x16
            LayoutBlockFlow {DIV} at (0,3) size 65x13
              LayoutText {#text} at (34,0) size 26x13
                text run at (34,0) width 26: "13.25"
            LayoutBlockFlow {DIV} at (65,3) size 65x13
              LayoutText {#text} at (29,0) size 31x13
                text run at (29,0) width 31: "276.03"
            LayoutBlockFlow {DIV} at (130,3) size 65x13
              LayoutText {#text} at (29,0) size 31x13
                text run at (29,0) width 31: "249.99"
            LayoutBlockFlow {DIV} at (195,3) size 65x12 [color=#FF0000]
              LayoutText {#text} at (37,0) size 23x12
                text run at (37,0) width 23: "-4.81"
            LayoutInline {SPAN} at (0,0) size 277x16
              LayoutText {#text} at (260,0) size 277x16
                text run at (260,0) width 277: "Amazingly few discotheques provide jukeboxes."
          LayoutBlockFlow {DIV} at (0,220) size 790.86x16
            LayoutBlockFlow {DIV} at (0,3) size 65x13
              LayoutText {#text} at (34,0) size 26x13
                text run at (34,0) width 26: "13.50"
            LayoutBlockFlow {DIV} at (65,3) size 65x13
              LayoutText {#text} at (29,0) size 31x13
                text run at (29,0) width 31: "297.27"
            LayoutBlockFlow {DIV} at (130,3) size 65x13
              LayoutText {#text} at (29,0) size 31x13
                text run at (29,0) width 31: "264.24"
            LayoutBlockFlow {DIV} at (195,3) size 65x12 [color=#FF0000]
              LayoutText {#text} at (40,0) size 20x12
                text run at (40,0) width 20: "9.44"
            LayoutInline {SPAN} at (0,0) size 298x16
              LayoutText {#text} at (260,0) size 298x16
                text run at (260,0) width 298: "Amazingly few discotheques provide jukeboxes."
          LayoutBlockFlow {DIV} at (0,236) size 790.86x16
            LayoutBlockFlow {DIV} at (0,3) size 65x13
              LayoutText {#text} at (34,0) size 26x13
                text run at (34,0) width 26: "13.75"
            LayoutBlockFlow {DIV} at (65,3) size 65x13
              LayoutText {#text} at (29,0) size 31x13
                text run at (29,0) width 31: "297.27"
            LayoutBlockFlow {DIV} at (130,3) size 65x13
              LayoutText {#text} at (29,0) size 31x13
                text run at (29,0) width 31: "259.43"
            LayoutBlockFlow {DIV} at (195,3) size 65x12 [color=#FF0000]
              LayoutText {#text} at (40,0) size 20x12
                text run at (40,0) width 20: "4.63"
            LayoutInline {SPAN} at (0,0) size 298x16
              LayoutText {#text} at (260,0) size 298x16
                text run at (260,0) width 298: "Amazingly few discotheques provide jukeboxes."
          LayoutBlockFlow {DIV} at (0,252) size 790.86x16
            LayoutBlockFlow {DIV} at (0,3) size 65x13
              LayoutText {#text} at (34,0) size 26x13
                text run at (34,0) width 26: "14.00"
            LayoutBlockFlow {DIV} at (65,3) size 65x13
              LayoutText {#text} at (29,0) size 31x13
                text run at (29,0) width 31: "297.27"
            LayoutBlockFlow {DIV} at (130,3) size 65x13
              LayoutText {#text} at (29,0) size 31x13
                text run at (29,0) width 31: "254.80"
            LayoutBlockFlow {DIV} at (195,3) size 65x13
              LayoutText {#text} at (40,0) size 20x13
                text run at (40,0) width 20: "0.00"
            LayoutInline {SPAN} at (0,0) size 298x16
              LayoutText {#text} at (260,0) size 298x16
                text run at (260,0) width 298: "Amazingly few discotheques provide jukeboxes."
          LayoutBlockFlow {DIV} at (0,268) size 790.86x16
            LayoutBlockFlow {DIV} at (0,3) size 65x13
              LayoutText {#text} at (34,0) size 26x13
                text run at (34,0) width 26: "14.25"
            LayoutBlockFlow {DIV} at (65,3) size 65x13
              LayoutText {#text} at (29,0) size 31x13
                text run at (29,0) width 31: "297.27"
            LayoutBlockFlow {DIV} at (130,3) size 65x13
              LayoutText {#text} at (29,0) size 31x13
                text run at (29,0) width 31: "250.33"
            LayoutBlockFlow {DIV} at (195,3) size 65x12 [color=#FF0000]
              LayoutText {#text} at (37,0) size 23x12
                text run at (37,0) width 23: "-4.47"
            LayoutInline {SPAN} at (0,0) size 298x16
              LayoutText {#text} at (260,0) size 298x16
                text run at (260,0) width 298: "Amazingly few discotheques provide jukeboxes."
          LayoutBlockFlow {DIV} at (0,284) size 790.86x17
            LayoutBlockFlow {DIV} at (0,4) size 65x13
              LayoutText {#text} at (34,0) size 26x13
                text run at (34,0) width 26: "14.50"
            LayoutBlockFlow {DIV} at (65,4) size 65x13
              LayoutText {#text} at (29,0) size 31x13
                text run at (29,0) width 31: "318.50"
            LayoutBlockFlow {DIV} at (130,4) size 65x13
              LayoutText {#text} at (29,0) size 31x13
                text run at (29,0) width 31: "263.59"
            LayoutBlockFlow {DIV} at (195,4) size 65x12 [color=#FF0000]
              LayoutText {#text} at (40,0) size 20x12
                text run at (40,0) width 20: "8.79"
            LayoutInline {SPAN} at (0,0) size 319x17
              LayoutText {#text} at (260,0) size 319x17
                text run at (260,0) width 319: "Amazingly few discotheques provide jukeboxes."
          LayoutBlockFlow {DIV} at (0,301) size 790.86x17
            LayoutBlockFlow {DIV} at (0,4) size 65x13
              LayoutText {#text} at (34,0) size 26x13
                text run at (34,0) width 26: "14.75"
            LayoutBlockFlow {DIV} at (65,4) size 65x13
              LayoutText {#text} at (29,0) size 31x13
                text run at (29,0) width 31: "318.50"
            LayoutBlockFlow {DIV} at (130,4) size 65x13
              LayoutText {#text} at (29,0) size 31x13
                text run at (29,0) width 31: "259.12"
            LayoutBlockFlow {DIV} at (195,4) size 65x12 [color=#FF0000]
              LayoutText {#text} at (40,0) size 20x12
                text run at (40,0) width 20: "4.32"
            LayoutInline {SPAN} at (0,0) size 319x17
              LayoutText {#text} at (260,0) size 319x17
                text run at (260,0) width 319: "Amazingly few discotheques provide jukeboxes."
          LayoutBlockFlow {DIV} at (0,318) size 790.86x17
            LayoutBlockFlow {DIV} at (0,4) size 65x13
              LayoutText {#text} at (34,0) size 26x13
                text run at (34,0) width 26: "15.00"
            LayoutBlockFlow {DIV} at (65,4) size 65x13
              LayoutText {#text} at (29,0) size 31x13
                text run at (29,0) width 31: "318.50"
            LayoutBlockFlow {DIV} at (130,4) size 65x13
              LayoutText {#text} at (29,0) size 31x13
                text run at (29,0) width 31: "254.80"
            LayoutBlockFlow {DIV} at (195,4) size 65x13
              LayoutText {#text} at (40,0) size 20x13
                text run at (40,0) width 20: "0.00"
            LayoutInline {SPAN} at (0,0) size 319x17
              LayoutText {#text} at (260,0) size 319x17
                text run at (260,0) width 319: "Amazingly few discotheques provide jukeboxes."
          LayoutBlockFlow {DIV} at (0,335) size 790.86x17
            LayoutBlockFlow {DIV} at (0,4) size 65x13
              LayoutText {#text} at (34,0) size 26x13
                text run at (34,0) width 26: "15.25"
            LayoutBlockFlow {DIV} at (65,4) size 65x13
              LayoutText {#text} at (29,0) size 31x13
                text run at (29,0) width 31: "318.50"
            LayoutBlockFlow {DIV} at (130,4) size 65x13
              LayoutText {#text} at (29,0) size 31x13
                text run at (29,0) width 31: "250.62"
            LayoutBlockFlow {DIV} at (195,4) size 65x12 [color=#FF0000]
              LayoutText {#text} at (37,0) size 23x12
                text run at (37,0) width 23: "-4.17"
            LayoutInline {SPAN} at (0,0) size 319x17
              LayoutText {#text} at (260,0) size 319x17
                text run at (260,0) width 319: "Amazingly few discotheques provide jukeboxes."
          LayoutBlockFlow {DIV} at (0,352) size 790.86x19
            LayoutBlockFlow {DIV} at (0,5) size 65x13
              LayoutText {#text} at (34,0) size 26x13
                text run at (34,0) width 26: "15.50"
            LayoutBlockFlow {DIV} at (65,5) size 65x13
              LayoutText {#text} at (29,0) size 31x13
                text run at (29,0) width 31: "339.73"
            LayoutBlockFlow {DIV} at (130,5) size 65x13
              LayoutText {#text} at (29,0) size 31x13
                text run at (29,0) width 31: "263.02"
            LayoutBlockFlow {DIV} at (195,5) size 65x12 [color=#FF0000]
              LayoutText {#text} at (40,0) size 20x12
                text run at (40,0) width 20: "8.22"
            LayoutInline {SPAN} at (0,0) size 340x18
              LayoutText {#text} at (260,0) size 340x18
                text run at (260,0) width 340: "Amazingly few discotheques provide jukeboxes."
          LayoutBlockFlow {DIV} at (0,371) size 790.86x19
            LayoutBlockFlow {DIV} at (0,5) size 65x13
              LayoutText {#text} at (34,0) size 26x13
                text run at (34,0) width 26: "15.75"
            LayoutBlockFlow {DIV} at (65,5) size 65x13
              LayoutText {#text} at (29,0) size 31x13
                text run at (29,0) width 31: "339.73"
            LayoutBlockFlow {DIV} at (130,5) size 65x13
              LayoutText {#text} at (29,0) size 31x13
                text run at (29,0) width 31: "258.85"
            LayoutBlockFlow {DIV} at (195,5) size 65x12 [color=#FF0000]
              LayoutText {#text} at (40,0) size 20x12
                text run at (40,0) width 20: "4.05"
            LayoutInline {SPAN} at (0,0) size 340x18
              LayoutText {#text} at (260,0) size 340x18
                text run at (260,0) width 340: "Amazingly few discotheques provide jukeboxes."
          LayoutBlockFlow {DIV} at (0,390) size 790.86x19
            LayoutBlockFlow {DIV} at (0,5) size 65x13
              LayoutText {#text} at (34,0) size 26x13
                text run at (34,0) width 26: "16.00"
            LayoutBlockFlow {DIV} at (65,5) size 65x13
              LayoutText {#text} at (29,0) size 31x13
                text run at (29,0) width 31: "339.73"
            LayoutBlockFlow {DIV} at (130,5) size 65x13
              LayoutText {#text} at (29,0) size 31x13
                text run at (29,0) width 31: "254.80"
            LayoutBlockFlow {DIV} at (195,5) size 65x13
              LayoutText {#text} at (40,0) size 20x13
                text run at (40,0) width 20: "0.00"
            LayoutInline {SPAN} at (0,0) size 340x18
              LayoutText {#text} at (260,0) size 340x18
                text run at (260,0) width 340: "Amazingly few discotheques provide jukeboxes."
          LayoutBlockFlow {DIV} at (0,409) size 790.86x19
            LayoutBlockFlow {DIV} at (0,5) size 65x13
              LayoutText {#text} at (34,0) size 26x13
                text run at (34,0) width 26: "16.25"
            LayoutBlockFlow {DIV} at (65,5) size 65x13
              LayoutText {#text} at (29,0) size 31x13
                text run at (29,0) width 31: "339.73"
            LayoutBlockFlow {DIV} at (130,5) size 65x13
              LayoutText {#text} at (29,0) size 31x13
                text run at (29,0) width 31: "250.88"
            LayoutBlockFlow {DIV} at (195,5) size 65x12 [color=#FF0000]
              LayoutText {#text} at (37,0) size 23x12
                text run at (37,0) width 23: "-3.92"
            LayoutInline {SPAN} at (0,0) size 340x18
              LayoutText {#text} at (260,0) size 340x18
                text run at (260,0) width 340: "Amazingly few discotheques provide jukeboxes."
          LayoutBlockFlow {DIV} at (0,428) size 790.86x20
            LayoutBlockFlow {DIV} at (0,5) size 65x13
              LayoutText {#text} at (34,0) size 26x13
                text run at (34,0) width 26: "16.50"
            LayoutBlockFlow {DIV} at (65,5) size 65x13
              LayoutText {#text} at (29,0) size 31x13
                text run at (29,0) width 31: "360.97"
            LayoutBlockFlow {DIV} at (130,5) size 65x13
              LayoutText {#text} at (29,0) size 31x13
                text run at (29,0) width 31: "262.52"
            LayoutBlockFlow {DIV} at (195,5) size 65x12 [color=#FF0000]
              LayoutText {#text} at (40,0) size 20x12
                text run at (40,0) width 20: "7.73"
            LayoutInline {SPAN} at (0,0) size 361x19
              LayoutText {#text} at (260,0) size 361x19
                text run at (260,0) width 361: "Amazingly few discotheques provide jukeboxes."
          LayoutBlockFlow {DIV} at (0,448) size 790.86x20
            LayoutBlockFlow {DIV} at (0,5) size 65x13
              LayoutText {#text} at (34,0) size 26x13
                text run at (34,0) width 26: "16.75"
            LayoutBlockFlow {DIV} at (65,5) size 65x13
              LayoutText {#text} at (29,0) size 31x13
                text run at (29,0) width 31: "360.97"
            LayoutBlockFlow {DIV} at (130,5) size 65x13
              LayoutText {#text} at (29,0) size 31x13
                text run at (29,0) width 31: "258.60"
            LayoutBlockFlow {DIV} at (195,5) size 65x12 [color=#FF0000]
              LayoutText {#text} at (40,0) size 20x12
                text run at (40,0) width 20: "3.81"
            LayoutInline {SPAN} at (0,0) size 361x19
              LayoutText {#text} at (260,0) size 361x19
                text run at (260,0) width 361: "Amazingly few discotheques provide jukeboxes."
          LayoutBlockFlow {DIV} at (0,468) size 790.86x20
            LayoutBlockFlow {DIV} at (0,5) size 65x13
              LayoutText {#text} at (34,0) size 26x13
                text run at (34,0) width 26: "17.00"
            LayoutBlockFlow {DIV} at (65,5) size 65x13
              LayoutText {#text} at (29,0) size 31x13
                text run at (29,0) width 31: "360.97"
            LayoutBlockFlow {DIV} at (130,5) size 65x13
              LayoutText {#text} at (29,0) size 31x13
                text run at (29,0) width 31: "254.80"
            LayoutBlockFlow {DIV} at (195,5) size 65x13
              LayoutText {#text} at (40,0) size 20x13
                text run at (40,0) width 20: "0.00"
            LayoutInline {SPAN} at (0,0) size 361x19
              LayoutText {#text} at (260,0) size 361x19
                text run at (260,0) width 361: "Amazingly few discotheques provide jukeboxes."
          LayoutBlockFlow {DIV} at (0,488) size 790.86x20
            LayoutBlockFlow {DIV} at (0,5) size 65x13
              LayoutText {#text} at (34,0) size 26x13
                text run at (34,0) width 26: "17.25"
            LayoutBlockFlow {DIV} at (65,5) size 65x13
              LayoutText {#text} at (29,0) size 31x13
                text run at (29,0) width 31: "360.97"
            LayoutBlockFlow {DIV} at (130,5) size 65x13
              LayoutText {#text} at (30,0) size 30x13
                text run at (30,0) width 30: "251.11"
            LayoutBlockFlow {DIV} at (195,5) size 65x12 [color=#FF0000]
              LayoutText {#text} at (37,0) size 23x12
                text run at (37,0) width 23: "-3.69"
            LayoutInline {SPAN} at (0,0) size 361x19
              LayoutText {#text} at (260,0) size 361x19
                text run at (260,0) width 361: "Amazingly few discotheques provide jukeboxes."
          LayoutBlockFlow {DIV} at (0,508) size 790.86x22
            LayoutBlockFlow {DIV} at (0,7) size 65x13
              LayoutText {#text} at (34,0) size 26x13
                text run at (34,0) width 26: "17.50"
            LayoutBlockFlow {DIV} at (65,7) size 65x13
              LayoutText {#text} at (29,0) size 31x13
                text run at (29,0) width 31: "382.20"
            LayoutBlockFlow {DIV} at (130,7) size 65x13
              LayoutText {#text} at (29,0) size 31x13
                text run at (29,0) width 31: "262.08"
            LayoutBlockFlow {DIV} at (195,7) size 65x12 [color=#FF0000]
              LayoutText {#text} at (40,0) size 20x12
                text run at (40,0) width 20: "7.29"
            LayoutInline {SPAN} at (0,0) size 383x21
              LayoutText {#text} at (260,0) size 383x21
                text run at (260,0) width 383: "Amazingly few discotheques provide jukeboxes."
          LayoutBlockFlow {DIV} at (0,530) size 790.86x22
            LayoutBlockFlow {DIV} at (0,7) size 65x13
              LayoutText {#text} at (34,0) size 26x13
                text run at (34,0) width 26: "17.75"
            LayoutBlockFlow {DIV} at (65,7) size 65x13
              LayoutText {#text} at (29,0) size 31x13
                text run at (29,0) width 31: "382.20"
            LayoutBlockFlow {DIV} at (130,7) size 65x13
              LayoutText {#text} at (29,0) size 31x13
                text run at (29,0) width 31: "258.39"
            LayoutBlockFlow {DIV} at (195,7) size 65x12 [color=#FF0000]
              LayoutText {#text} at (40,0) size 20x12
                text run at (40,0) width 20: "3.59"
            LayoutInline {SPAN} at (0,0) size 383x21
              LayoutText {#text} at (260,0) size 383x21
                text run at (260,0) width 383: "Amazingly few discotheques provide jukeboxes."
          LayoutBlockFlow {DIV} at (0,552) size 790.86x22
            LayoutBlockFlow {DIV} at (0,7) size 65x13
              LayoutText {#text} at (34,0) size 26x13
                text run at (34,0) width 26: "18.00"
            LayoutBlockFlow {DIV} at (65,7) size 65x13
              LayoutText {#text} at (29,0) size 31x13
                text run at (29,0) width 31: "382.20"
            LayoutBlockFlow {DIV} at (130,7) size 65x13
              LayoutText {#text} at (29,0) size 31x13
                text run at (29,0) width 31: "254.80"
            LayoutBlockFlow {DIV} at (195,7) size 65x13
              LayoutText {#text} at (40,0) size 20x13
                text run at (40,0) width 20: "0.01"
            LayoutInline {SPAN} at (0,0) size 383x21
              LayoutText {#text} at (260,0) size 383x21
                text run at (260,0) width 383: "Amazingly few discotheques provide jukeboxes."
          LayoutBlockFlow {DIV} at (0,574) size 790.86x22
            LayoutBlockFlow {DIV} at (0,7) size 65x13
              LayoutText {#text} at (34,0) size 26x13
                text run at (34,0) width 26: "18.25"
            LayoutBlockFlow {DIV} at (65,7) size 65x13
              LayoutText {#text} at (29,0) size 31x13
                text run at (29,0) width 31: "382.20"
            LayoutBlockFlow {DIV} at (130,7) size 65x13
              LayoutText {#text} at (29,0) size 31x13
                text run at (29,0) width 31: "251.31"
            LayoutBlockFlow {DIV} at (195,7) size 65x12 [color=#FF0000]
              LayoutText {#text} at (37,0) size 23x12
                text run at (37,0) width 23: "-3.49"
            LayoutInline {SPAN} at (0,0) size 383x21
              LayoutText {#text} at (260,0) size 383x21
                text run at (260,0) width 383: "Amazingly few discotheques provide jukeboxes."
          LayoutBlockFlow {DIV} at (0,596) size 790.86x23
            LayoutBlockFlow {DIV} at (0,8) size 65x13
              LayoutText {#text} at (34,0) size 26x13
                text run at (34,0) width 26: "18.50"
            LayoutBlockFlow {DIV} at (65,8) size 65x13
              LayoutText {#text} at (29,0) size 31x13
                text run at (29,0) width 31: "403.44"
            LayoutBlockFlow {DIV} at (130,8) size 65x13
              LayoutText {#text} at (29,0) size 31x13
                text run at (29,0) width 31: "261.69"
            LayoutBlockFlow {DIV} at (195,8) size 65x12 [color=#FF0000]
              LayoutText {#text} at (40,0) size 20x12
                text run at (40,0) width 20: "6.89"
            LayoutInline {SPAN} at (0,0) size 404x22
              LayoutText {#text} at (260,0) size 404x22
                text run at (260,0) width 404: "Amazingly few discotheques provide jukeboxes."
          LayoutBlockFlow {DIV} at (0,619) size 790.86x23
            LayoutBlockFlow {DIV} at (0,8) size 65x13
              LayoutText {#text} at (34,0) size 26x13
                text run at (34,0) width 26: "18.75"
            LayoutBlockFlow {DIV} at (65,8) size 65x13
              LayoutText {#text} at (29,0) size 31x13
                text run at (29,0) width 31: "403.44"
            LayoutBlockFlow {DIV} at (130,8) size 65x13
              LayoutText {#text} at (29,0) size 31x13
                text run at (29,0) width 31: "258.20"
            LayoutBlockFlow {DIV} at (195,8) size 65x12 [color=#FF0000]
              LayoutText {#text} at (40,0) size 20x12
                text run at (40,0) width 20: "3.40"
            LayoutInline {SPAN} at (0,0) size 404x22
              LayoutText {#text} at (260,0) size 404x22
                text run at (260,0) width 404: "Amazingly few discotheques provide jukeboxes."
          LayoutBlockFlow {DIV} at (0,642) size 790.86x23
            LayoutBlockFlow {DIV} at (0,8) size 65x13
              LayoutText {#text} at (34,0) size 26x13
                text run at (34,0) width 26: "19.00"
            LayoutBlockFlow {DIV} at (65,8) size 65x13
              LayoutText {#text} at (29,0) size 31x13
                text run at (29,0) width 31: "403.44"
            LayoutBlockFlow {DIV} at (130,8) size 65x13
              LayoutText {#text} at (29,0) size 31x13
                text run at (29,0) width 31: "254.80"
            LayoutBlockFlow {DIV} at (195,8) size 65x13
              LayoutText {#text} at (40,0) size 20x13
                text run at (40,0) width 20: "0.01"
            LayoutInline {SPAN} at (0,0) size 404x22
              LayoutText {#text} at (260,0) size 404x22
                text run at (260,0) width 404: "Amazingly few discotheques provide jukeboxes."
          LayoutBlockFlow {DIV} at (0,665) size 790.86x23
            LayoutBlockFlow {DIV} at (0,8) size 65x13
              LayoutText {#text} at (34,0) size 26x13
                text run at (34,0) width 26: "19.25"
            LayoutBlockFlow {DIV} at (65,8) size 65x13
              LayoutText {#text} at (29,0) size 31x13
                text run at (29,0) width 31: "403.44"
            LayoutBlockFlow {DIV} at (130,8) size 65x13
              LayoutText {#text} at (29,0) size 31x13
                text run at (29,0) width 31: "251.49"
            LayoutBlockFlow {DIV} at (195,8) size 65x12 [color=#FF0000]
              LayoutText {#text} at (37,0) size 23x12
                text run at (37,0) width 23: "-3.30"
            LayoutInline {SPAN} at (0,0) size 404x22
              LayoutText {#text} at (260,0) size 404x22
                text run at (260,0) width 404: "Amazingly few discotheques provide jukeboxes."
          LayoutBlockFlow {DIV} at (0,688) size 790.86x24
            LayoutBlockFlow {DIV} at (0,9) size 65x13
              LayoutText {#text} at (34,0) size 26x13
                text run at (34,0) width 26: "19.50"
            LayoutBlockFlow {DIV} at (65,9) size 65x13
              LayoutText {#text} at (29,0) size 31x13
                text run at (29,0) width 31: "424.67"
            LayoutBlockFlow {DIV} at (130,9) size 65x13
              LayoutText {#text} at (29,0) size 31x13
                text run at (29,0) width 31: "261.34"
            LayoutBlockFlow {DIV} at (195,9) size 65x12 [color=#FF0000]
              LayoutText {#text} at (40,0) size 20x12
                text run at (40,0) width 20: "6.54"
            LayoutInline {SPAN} at (0,0) size 425x23
              LayoutText {#text} at (260,0) size 425x23
                text run at (260,0) width 425: "Amazingly few discotheques provide jukeboxes."
          LayoutBlockFlow {DIV} at (0,712) size 790.86x24
            LayoutBlockFlow {DIV} at (0,9) size 65x13
              LayoutText {#text} at (34,0) size 26x13
                text run at (34,0) width 26: "19.75"
            LayoutBlockFlow {DIV} at (65,9) size 65x13
              LayoutText {#text} at (29,0) size 31x13
                text run at (29,0) width 31: "424.67"
            LayoutBlockFlow {DIV} at (130,9) size 65x13
              LayoutText {#text} at (29,0) size 31x13
                text run at (29,0) width 31: "258.03"
            LayoutBlockFlow {DIV} at (195,9) size 65x12 [color=#FF0000]
              LayoutText {#text} at (40,0) size 20x12
                text run at (40,0) width 20: "3.23"
            LayoutInline {SPAN} at (0,0) size 425x23
              LayoutText {#text} at (260,0) size 425x23
                text run at (260,0) width 425: "Amazingly few discotheques provide jukeboxes."
          LayoutBlockFlow {DIV} at (0,736) size 790.86x24
            LayoutBlockFlow {DIV} at (0,9) size 65x13
              LayoutText {#text} at (34,0) size 26x13
                text run at (34,0) width 26: "20.00"
            LayoutBlockFlow {DIV} at (65,9) size 65x13
              LayoutText {#text} at (29,0) size 31x13
                text run at (29,0) width 31: "424.67"
            LayoutBlockFlow {DIV} at (130,9) size 65x13
              LayoutText {#text} at (29,0) size 31x13
                text run at (29,0) width 31: "254.80"
            LayoutBlockFlow {DIV} at (195,9) size 65x13
              LayoutText {#text} at (40,0) size 20x13
                text run at (40,0) width 20: "0.01"
            LayoutInline {SPAN} at (0,0) size 425x23
              LayoutText {#text} at (260,0) size 425x23
                text run at (260,0) width 425: "Amazingly few discotheques provide jukeboxes."
          LayoutBlockFlow {DIV} at (0,760) size 790.86x24
            LayoutBlockFlow {DIV} at (0,9) size 65x13
              LayoutText {#text} at (34,0) size 26x13
                text run at (34,0) width 26: "20.25"
            LayoutBlockFlow {DIV} at (65,9) size 65x13
              LayoutText {#text} at (29,0) size 31x13
                text run at (29,0) width 31: "424.67"
            LayoutBlockFlow {DIV} at (130,9) size 65x13
              LayoutText {#text} at (29,0) size 31x13
                text run at (29,0) width 31: "251.66"
            LayoutBlockFlow {DIV} at (195,9) size 65x12 [color=#FF0000]
              LayoutText {#text} at (37,0) size 23x12
                text run at (37,0) width 23: "-3.14"
            LayoutInline {SPAN} at (0,0) size 425x23
              LayoutText {#text} at (260,0) size 425x23
                text run at (260,0) width 425: "Amazingly few discotheques provide jukeboxes."
          LayoutBlockFlow {DIV} at (0,784) size 790.86x25
            LayoutBlockFlow {DIV} at (0,9) size 65x13
              LayoutText {#text} at (34,0) size 26x13
                text run at (34,0) width 26: "20.50"
            LayoutBlockFlow {DIV} at (65,9) size 65x13
              LayoutText {#text} at (29,0) size 31x13
                text run at (29,0) width 31: "445.91"
            LayoutBlockFlow {DIV} at (130,9) size 65x13
              LayoutText {#text} at (29,0) size 31x13
                text run at (29,0) width 31: "261.02"
            LayoutBlockFlow {DIV} at (195,9) size 65x12 [color=#FF0000]
              LayoutText {#text} at (40,0) size 20x12
                text run at (40,0) width 20: "6.22"
            LayoutInline {SPAN} at (0,0) size 446x24
              LayoutText {#text} at (260,0) size 446x24
                text run at (260,0) width 446: "Amazingly few discotheques provide jukeboxes."
          LayoutBlockFlow {DIV} at (0,809) size 790.86x25
            LayoutBlockFlow {DIV} at (0,9) size 65x13
              LayoutText {#text} at (34,0) size 26x13
                text run at (34,0) width 26: "20.75"
            LayoutBlockFlow {DIV} at (65,9) size 65x13
              LayoutText {#text} at (29,0) size 31x13
                text run at (29,0) width 31: "445.91"
            LayoutBlockFlow {DIV} at (130,9) size 65x13
              LayoutText {#text} at (29,0) size 31x13
                text run at (29,0) width 31: "257.87"
            LayoutBlockFlow {DIV} at (195,9) size 65x12 [color=#FF0000]
              LayoutText {#text} at (40,0) size 20x12
                text run at (40,0) width 20: "3.08"
            LayoutInline {SPAN} at (0,0) size 446x24
              LayoutText {#text} at (260,0) size 446x24
                text run at (260,0) width 446: "Amazingly few discotheques provide jukeboxes."
          LayoutBlockFlow {DIV} at (0,834) size 790.86x25
            LayoutBlockFlow {DIV} at (0,9) size 65x13
              LayoutText {#text} at (34,0) size 26x13
                text run at (34,0) width 26: "21.00"
            LayoutBlockFlow {DIV} at (65,9) size 65x13
              LayoutText {#text} at (29,0) size 31x13
                text run at (29,0) width 31: "445.91"
            LayoutBlockFlow {DIV} at (130,9) size 65x13
              LayoutText {#text} at (29,0) size 31x13
                text run at (29,0) width 31: "254.80"
            LayoutBlockFlow {DIV} at (195,9) size 65x13
              LayoutText {#text} at (40,0) size 20x13
                text run at (40,0) width 20: "0.01"
            LayoutInline {SPAN} at (0,0) size 446x24
              LayoutText {#text} at (260,0) size 446x24
                text run at (260,0) width 446: "Amazingly few discotheques provide jukeboxes."
          LayoutBlockFlow {DIV} at (0,859) size 790.86x25
            LayoutBlockFlow {DIV} at (0,9) size 65x13
              LayoutText {#text} at (34,0) size 26x13
                text run at (34,0) width 26: "21.25"
            LayoutBlockFlow {DIV} at (65,9) size 65x13
              LayoutText {#text} at (29,0) size 31x13
                text run at (29,0) width 31: "445.91"
            LayoutBlockFlow {DIV} at (130,9) size 65x13
              LayoutText {#text} at (29,0) size 31x13
                text run at (29,0) width 31: "251.81"
            LayoutBlockFlow {DIV} at (195,9) size 65x12 [color=#FF0000]
              LayoutText {#text} at (37,0) size 23x12
                text run at (37,0) width 23: "-2.99"
            LayoutInline {SPAN} at (0,0) size 446x24
              LayoutText {#text} at (260,0) size 446x24
                text run at (260,0) width 446: "Amazingly few discotheques provide jukeboxes."
          LayoutBlockFlow {DIV} at (0,884) size 790.86x26
            LayoutBlockFlow {DIV} at (0,10) size 65x13
              LayoutText {#text} at (34,0) size 26x13
                text run at (34,0) width 26: "21.50"
            LayoutBlockFlow {DIV} at (65,10) size 65x13
              LayoutText {#text} at (29,0) size 31x13
                text run at (29,0) width 31: "467.14"
            LayoutBlockFlow {DIV} at (130,10) size 65x13
              LayoutText {#text} at (29,0) size 31x13
                text run at (29,0) width 31: "260.73"
            LayoutBlockFlow {DIV} at (195,10) size 65x12 [color=#FF0000]
              LayoutText {#text} at (40,0) size 20x12
                text run at (40,0) width 20: "5.93"
            LayoutInline {SPAN} at (0,0) size 468x25
              LayoutText {#text} at (260,0) size 468x25
                text run at (260,0) width 468: "Amazingly few discotheques provide jukeboxes."
          LayoutBlockFlow {DIV} at (0,910) size 790.86x26
            LayoutBlockFlow {DIV} at (0,10) size 65x13
              LayoutText {#text} at (34,0) size 26x13
                text run at (34,0) width 26: "21.75"
            LayoutBlockFlow {DIV} at (65,10) size 65x13
              LayoutText {#text} at (29,0) size 31x13
                text run at (29,0) width 31: "467.14"
            LayoutBlockFlow {DIV} at (130,10) size 65x13
              LayoutText {#text} at (29,0) size 31x13
                text run at (29,0) width 31: "257.73"
            LayoutBlockFlow {DIV} at (195,10) size 65x12 [color=#FF0000]
              LayoutText {#text} at (40,0) size 20x12
                text run at (40,0) width 20: "2.94"
            LayoutInline {SPAN} at (0,0) size 468x25
              LayoutText {#text} at (260,0) size 468x25
                text run at (260,0) width 468: "Amazingly few discotheques provide jukeboxes."
          LayoutBlockFlow {DIV} at (0,936) size 790.86x26
            LayoutBlockFlow {DIV} at (0,10) size 65x13
              LayoutText {#text} at (34,0) size 26x13
                text run at (34,0) width 26: "22.00"
            LayoutBlockFlow {DIV} at (65,10) size 65x13
              LayoutText {#text} at (29,0) size 31x13
                text run at (29,0) width 31: "467.14"
            LayoutBlockFlow {DIV} at (130,10) size 65x13
              LayoutText {#text} at (29,0) size 31x13
                text run at (29,0) width 31: "254.80"
            LayoutBlockFlow {DIV} at (195,10) size 65x13
              LayoutText {#text} at (40,0) size 20x13
                text run at (40,0) width 20: "0.01"
            LayoutInline {SPAN} at (0,0) size 468x25
              LayoutText {#text} at (260,0) size 468x25
                text run at (260,0) width 468: "Amazingly few discotheques provide jukeboxes."
          LayoutBlockFlow {DIV} at (0,962) size 790.86x26
            LayoutBlockFlow {DIV} at (0,10) size 65x13
              LayoutText {#text} at (34,0) size 26x13
                text run at (34,0) width 26: "22.25"
            LayoutBlockFlow {DIV} at (65,10) size 65x13
              LayoutText {#text} at (29,0) size 31x13
                text run at (29,0) width 31: "467.14"
            LayoutBlockFlow {DIV} at (130,10) size 65x13
              LayoutText {#text} at (29,0) size 31x13
                text run at (29,0) width 31: "251.94"
            LayoutBlockFlow {DIV} at (195,10) size 65x12 [color=#FF0000]
              LayoutText {#text} at (37,0) size 23x12
                text run at (37,0) width 23: "-2.86"
            LayoutInline {SPAN} at (0,0) size 468x25
              LayoutText {#text} at (260,0) size 468x25
                text run at (260,0) width 468: "Amazingly few discotheques provide jukeboxes."
          LayoutBlockFlow {DIV} at (0,988) size 790.86x27
            LayoutBlockFlow {DIV} at (0,11) size 65x13
              LayoutText {#text} at (34,0) size 26x13
                text run at (34,0) width 26: "22.50"
            LayoutBlockFlow {DIV} at (65,11) size 65x13
              LayoutText {#text} at (29,0) size 31x13
                text run at (29,0) width 31: "488.38"
            LayoutBlockFlow {DIV} at (130,11) size 65x13
              LayoutText {#text} at (29,0) size 31x13
                text run at (29,0) width 31: "260.47"
            LayoutBlockFlow {DIV} at (195,11) size 65x12 [color=#FF0000]
              LayoutText {#text} at (40,0) size 20x12
                text run at (40,0) width 20: "5.67"
            LayoutInline {SPAN} at (0,0) size 489x26
              LayoutText {#text} at (260,0) size 489x26
                text run at (260,0) width 489: "Amazingly few discotheques provide jukeboxes."
          LayoutBlockFlow {DIV} at (0,1015) size 790.86x27
            LayoutBlockFlow {DIV} at (0,11) size 65x13
              LayoutText {#text} at (34,0) size 26x13
                text run at (34,0) width 26: "22.75"
            LayoutBlockFlow {DIV} at (65,11) size 65x13
              LayoutText {#text} at (29,0) size 31x13
                text run at (29,0) width 31: "488.38"
            LayoutBlockFlow {DIV} at (130,11) size 65x13
              LayoutText {#text} at (29,0) size 31x13
                text run at (29,0) width 31: "257.60"
            LayoutBlockFlow {DIV} at (195,11) size 65x12 [color=#FF0000]
              LayoutText {#text} at (40,0) size 20x12
                text run at (40,0) width 20: "2.81"
            LayoutInline {SPAN} at (0,0) size 489x26
              LayoutText {#text} at (260,0) size 489x26
                text run at (260,0) width 489: "Amazingly few discotheques provide jukeboxes."
          LayoutBlockFlow {DIV} at (0,1042) size 790.86x27
            LayoutBlockFlow {DIV} at (0,11) size 65x13
              LayoutText {#text} at (34,0) size 26x13
                text run at (34,0) width 26: "23.00"
            LayoutBlockFlow {DIV} at (65,11) size 65x13
              LayoutText {#text} at (29,0) size 31x13
                text run at (29,0) width 31: "488.38"
            LayoutBlockFlow {DIV} at (130,11) size 65x13
              LayoutText {#text} at (29,0) size 31x13
                text run at (29,0) width 31: "254.80"
            LayoutBlockFlow {DIV} at (195,11) size 65x13
              LayoutText {#text} at (40,0) size 20x13
                text run at (40,0) width 20: "0.01"
            LayoutInline {SPAN} at (0,0) size 489x26
              LayoutText {#text} at (260,0) size 489x26
                text run at (260,0) width 489: "Amazingly few discotheques provide jukeboxes."
          LayoutBlockFlow {DIV} at (0,1069) size 790.86x27
            LayoutBlockFlow {DIV} at (0,11) size 65x13
              LayoutText {#text} at (34,0) size 26x13
                text run at (34,0) width 26: "23.25"
            LayoutBlockFlow {DIV} at (65,11) size 65x13
              LayoutText {#text} at (29,0) size 31x13
                text run at (29,0) width 31: "488.38"
            LayoutBlockFlow {DIV} at (130,11) size 65x13
              LayoutText {#text} at (29,0) size 31x13
                text run at (29,0) width 31: "252.06"
            LayoutBlockFlow {DIV} at (195,11) size 65x12 [color=#FF0000]
              LayoutText {#text} at (37,0) size 23x12
                text run at (37,0) width 23: "-2.73"
            LayoutInline {SPAN} at (0,0) size 489x26
              LayoutText {#text} at (260,0) size 489x26
                text run at (260,0) width 489: "Amazingly few discotheques provide jukeboxes."
          LayoutBlockFlow {DIV} at (0,1096) size 790.86x28
            LayoutBlockFlow {DIV} at (0,11) size 65x13
              LayoutText {#text} at (34,0) size 26x13
                text run at (34,0) width 26: "23.50"
            LayoutBlockFlow {DIV} at (65,11) size 65x13
              LayoutText {#text} at (29,0) size 31x13
                text run at (29,0) width 31: "509.61"
            LayoutBlockFlow {DIV} at (130,11) size 65x13
              LayoutText {#text} at (29,0) size 31x13
                text run at (29,0) width 31: "260.23"
            LayoutBlockFlow {DIV} at (195,11) size 65x12 [color=#FF0000]
              LayoutText {#text} at (40,0) size 20x12
                text run at (40,0) width 20: "5.43"
            LayoutInline {SPAN} at (0,0) size 510x27
              LayoutText {#text} at (260,0) size 510x27
                text run at (260,0) width 510: "Amazingly few discotheques provide jukeboxes."
          LayoutBlockFlow {DIV} at (0,1124) size 790.86x28
            LayoutBlockFlow {DIV} at (0,11) size 65x13
              LayoutText {#text} at (34,0) size 26x13
                text run at (34,0) width 26: "23.75"
            LayoutBlockFlow {DIV} at (65,11) size 65x13
              LayoutText {#text} at (29,0) size 31x13
                text run at (29,0) width 31: "509.61"
            LayoutBlockFlow {DIV} at (130,11) size 65x13
              LayoutText {#text} at (29,0) size 31x13
                text run at (29,0) width 31: "257.49"
            LayoutBlockFlow {DIV} at (195,11) size 65x12 [color=#FF0000]
              LayoutText {#text} at (40,0) size 20x12
                text run at (40,0) width 20: "2.69"
            LayoutInline {SPAN} at (0,0) size 510x27
              LayoutText {#text} at (260,0) size 510x27
                text run at (260,0) width 510: "Amazingly few discotheques provide jukeboxes."
          LayoutBlockFlow {DIV} at (0,1152) size 790.86x28
            LayoutBlockFlow {DIV} at (0,11) size 65x13
              LayoutText {#text} at (34,0) size 26x13
                text run at (34,0) width 26: "24.00"
            LayoutBlockFlow {DIV} at (65,11) size 65x13
              LayoutText {#text} at (29,0) size 31x13
                text run at (29,0) width 31: "509.61"
            LayoutBlockFlow {DIV} at (130,11) size 65x13
              LayoutText {#text} at (29,0) size 31x13
                text run at (29,0) width 31: "254.80"
            LayoutBlockFlow {DIV} at (195,11) size 65x13
              LayoutText {#text} at (40,0) size 20x13
                text run at (40,0) width 20: "0.01"
            LayoutInline {SPAN} at (0,0) size 510x27
              LayoutText {#text} at (260,0) size 510x27
                text run at (260,0) width 510: "Amazingly few discotheques provide jukeboxes."
          LayoutBlockFlow {DIV} at (0,1180) size 790.86x28
            LayoutBlockFlow {DIV} at (0,11) size 65x13
              LayoutText {#text} at (34,0) size 26x13
                text run at (34,0) width 26: "24.25"
            LayoutBlockFlow {DIV} at (65,11) size 65x13
              LayoutText {#text} at (29,0) size 31x13
                text run at (29,0) width 31: "509.61"
            LayoutBlockFlow {DIV} at (130,11) size 65x13
              LayoutText {#text} at (29,0) size 31x13
                text run at (29,0) width 31: "252.18"
            LayoutBlockFlow {DIV} at (195,11) size 65x12 [color=#FF0000]
              LayoutText {#text} at (37,0) size 23x12
                text run at (37,0) width 23: "-2.62"
            LayoutInline {SPAN} at (0,0) size 510x27
              LayoutText {#text} at (260,0) size 510x27
                text run at (260,0) width 510: "Amazingly few discotheques provide jukeboxes."
          LayoutBlockFlow {DIV} at (0,1208) size 790.86x29
            LayoutBlockFlow {DIV} at (0,13) size 65x13
              LayoutText {#text} at (34,0) size 26x13
                text run at (34,0) width 26: "24.50"
            LayoutBlockFlow {DIV} at (65,13) size 65x13
              LayoutText {#text} at (29,0) size 31x13
                text run at (29,0) width 31: "530.84"
            LayoutBlockFlow {DIV} at (130,13) size 65x13
              LayoutText {#text} at (29,0) size 31x13
                text run at (29,0) width 31: "260.01"
            LayoutBlockFlow {DIV} at (195,13) size 65x12 [color=#FF0000]
              LayoutText {#text} at (40,0) size 20x12
                text run at (40,0) width 20: "5.21"
            LayoutInline {SPAN} at (0,0) size 531x28
              LayoutText {#text} at (260,0) size 531x28
                text run at (260,0) width 531: "Amazingly few discotheques provide jukeboxes."
          LayoutBlockFlow {DIV} at (0,1237) size 790.86x29
            LayoutBlockFlow {DIV} at (0,13) size 65x13
              LayoutText {#text} at (34,0) size 26x13
                text run at (34,0) width 26: "24.75"
            LayoutBlockFlow {DIV} at (65,13) size 65x13
              LayoutText {#text} at (29,0) size 31x13
                text run at (29,0) width 31: "530.84"
            LayoutBlockFlow {DIV} at (130,13) size 65x13
              LayoutText {#text} at (29,0) size 31x13
                text run at (29,0) width 31: "257.38"
            LayoutBlockFlow {DIV} at (195,13) size 65x12 [color=#FF0000]
              LayoutText {#text} at (40,0) size 20x12
                text run at (40,0) width 20: "2.58"
            LayoutInline {SPAN} at (0,0) size 531x28
              LayoutText {#text} at (260,0) size 531x28
                text run at (260,0) width 531: "Amazingly few discotheques provide jukeboxes."
      LayoutText {#text} at (0,0) size 0x0
      LayoutText {#text} at (0,0) size 0x0
