layer at (0,0) size 800x600
  LayoutView at (0,0) size 800x600
layer at (0,0) size 800x600
  LayoutBlockFlow {HTML} at (0,0) size 800x600
    LayoutBlockFlow {BODY} at (8,8) size 784x584
      LayoutImage {IMG} at (0,0) size 160x90
      LayoutText {#text} at (160,76) size 4x18
        text run at (160,76) width 4: " "
      LayoutImage {IMG} at (164,0) size 160x90
      LayoutText {#text} at (324,76) size 4x18
        text run at (324,76) width 4: " "
      LayoutImage {IMG} at (328,0) size 160x90
      LayoutText {#text} at (488,76) size 4x18
        text run at (488,76) width 4: " "
      LayoutImage {IMG} at (492,0) size 160x90
      LayoutText {#text} at (652,76) size 4x18
        text run at (652,76) width 4: " "
      LayoutImage {IMG} at (0,94) size 160x90
      LayoutText {#text} at (160,170) size 4x18
        text run at (160,170) width 4: " "
      LayoutImage {IMG} at (164,94) size 160x90
      LayoutText {#text} at (324,170) size 4x18
        text run at (324,170) width 4: " "
      LayoutImage {IMG} at (328,94) size 160x90
      LayoutText {#text} at (488,170) size 4x18
        text run at (488,170) width 4: " "
      LayoutImage {IMG} at (492,94) size 160x90
      LayoutText {#text} at (652,170) size 4x18
        text run at (652,170) width 4: " "
      LayoutText {#text} at (160,264) size 4x18
        text run at (160,264) width 4: " "
      LayoutText {#text} at (324,264) size 4x18
        text run at (324,264) width 4: " "
      LayoutText {#text} at (488,264) size 4x18
        text run at (488,264) width 4: " "
      LayoutText {#text} at (0,0) size 0x0
layer at (8,196) size 160x90
  LayoutImage {IMG} at (0,188) size 160x90
layer at (172,196) size 160x90
  LayoutImage {IMG} at (164,188) size 160x90
layer at (336,196) size 160x90
  LayoutImage {IMG} at (328,188) size 160x90
layer at (500,196) size 160x90
  LayoutImage {IMG} at (492,188) size 160x90
