layer at (0,0) size 800x600
  LayoutView at (0,0) size 800x600
layer at (0,0) size 800x156
  LayoutBlockFlow {HTML} at (0,0) size 800x156
    LayoutBlockFlow {BODY} at (8,8) size 784x140
      LayoutBlockFlow (anonymous) at (0,0) size 784x40
        LayoutText {#text} at (0,0) size 777x39
          text run at (0,0) width 291: "You should see a 100x100 green square below. "
          text run at (290,0) width 228: "If you see any red, the test has failed. "
          text run at (517,0) width 260: "This test is checking to make sure overflow"
          text run at (0,20) width 81: "is done using "
          text run at (81,20) width 154: "a containing block model."
layer at (8,48) size 100x100 scrollWidth 200 scrollHeight 400
  LayoutBlockFlow (relative positioned) {DIV} at (0,40) size 100x100 [bgcolor=#008000]
    LayoutBlockFlow {DIV} at (100,100) size 100x100 [bgcolor=#FF0000]
layer at (108,348) size 100x100 backgroundClip at (8,48) size 100x100 clip at (8,48) size 100x100
  LayoutBlockFlow (relative positioned) {DIV} at (100,300) size 100x100 [bgcolor=#FF0000]
