layer at (0,0) size 800x600
  LayoutView at (0,0) size 800x600
layer at (0,0) size 800x220
  LayoutBlockFlow {HTML} at (0,0) size 800x220
    LayoutBlockFlow {BODY} at (8,16) size 784x18 [color=#000080]
      LayoutBlockFlow {P} at (0,0) size 784x18
        LayoutText {#text} at (0,0) size 437x18
          text run at (0,0) width 437: "There should be scrollbars for the box below -- not for the viewport."
layer at (8,50) size 162x162 clip at (9,51) size 145x145
  LayoutBlockFlow {BODY} at (8,50) size 162x162 [color=#000080] [border: (1px solid #000080)]
