layer at (0,0) size 800x600 clip at (0,0) size 785x600 scrollHeight 626
  LayoutView at (0,0) size 800x600
layer at (0,0) size 785x626 backgroundClip at (0,0) size 785x600 clip at (0,0) size 785x600
  LayoutBlockFlow {HTML} at (0,0) size 785x626
    LayoutBlockFlow {BODY} at (8,16) size 769x602
      LayoutBlockFlow {P} at (0,0) size 769x20
        LayoutText {#text} at (0,0) size 594x19
          text run at (0,0) width 594: "Testing masks with filters on compositing layers. Left and right columns should look the same."
      LayoutBlockFlow (anonymous) at (0,36) size 769x566
        LayoutBlockFlow {DIV} at (0,0) size 262x562 [border: (1px solid #000000)]
          LayoutText {#text} at (0,0) size 0x0
        LayoutText {#text} at (262,546) size 4x19
          text run at (262,546) width 4: " "
        LayoutBlockFlow {DIV} at (266,0) size 262x562 [border: (1px solid #000000)]
          LayoutText {#text} at (0,0) size 0x0
        LayoutText {#text} at (0,0) size 0x0
layer at (9,53) size 260x560 backgroundClip at (0,0) size 785x600 clip at (0,0) size 785x600 transparent
  LayoutImage {IMG} at (1,1) size 260x560
layer at (275,53) size 260x560 backgroundClip at (0,0) size 785x600 clip at (0,0) size 785x600 transparent
  LayoutImage {IMG} at (1,1) size 260x560
