layer at (0,0) size 800x600 clip at (0,0) size 785x600 scrollHeight 646
  LayoutView at (0,0) size 800x600
layer at (0,0) size 785x646 backgroundClip at (0,0) size 785x600 clip at (0,0) size 785x600
  LayoutBlockFlow {HTML} at (0,0) size 785x646
    LayoutBlockFlow {BODY} at (8,16) size 769x622
      LayoutBlockFlow {P} at (0,0) size 769x40
        LayoutText {#text} at (0,0) size 748x39
          text run at (0,0) width 748: "Testing masks with filters on compositing layers. Left and right columns should look almost the same, composited filter"
          text run at (0,20) width 139: "look slightly different."
      LayoutBlockFlow (anonymous) at (0,56) size 769x566
        LayoutText {#text} at (262,546) size 4x19
          text run at (262,546) width 4: " "
        LayoutText {#text} at (0,0) size 0x0
layer at (8,72) size 262x562 backgroundClip at (0,0) size 785x600 clip at (0,0) size 785x600
  LayoutBlockFlow (relative positioned) {DIV} at (0,0) size 262x562 [border: (1px solid #000000)]
    LayoutText {#text} at (0,0) size 0x0
layer at (9,73) size 260x560 backgroundClip at (0,0) size 785x600 clip at (0,0) size 785x600 transparent
  LayoutImage {IMG} at (1,1) size 260x560
layer at (274,72) size 262x562 backgroundClip at (0,0) size 785x600 clip at (0,0) size 785x600
  LayoutBlockFlow (relative positioned) {DIV} at (266,0) size 262x562 [border: (1px solid #000000)]
    LayoutText {#text} at (0,0) size 0x0
layer at (275,73) size 260x560 backgroundClip at (0,0) size 785x600 clip at (0,0) size 785x600 transparent
  LayoutImage {IMG} at (1,1) size 260x560
