layer at (0,0) size 800x600
  LayoutView at (0,0) size 800x600
layer at (0,0) size 800x600
  LayoutNGBlockFlow {HTML} at (0,0) size 800x600
    LayoutNGBlockFlow {BODY} at (8,8) size 784x584
      LayoutNGBlockFlow {DIV} at (0,0) size 366x438.81 [border: (1px solid #000000)]
        LayoutNGBlockFlow {H2} at (1,20.91) size 364x27
          LayoutText {#text} at (0,0) size 195x26
            text run at (0,0) width 195: "SVG border-image"
        LayoutNGBlockFlow (anonymous) at (1,67.81) size 364x370
          LayoutNGBlockFlow {DIV} at (10,10) size 160x160 [border: (30px solid #000000)]
          LayoutText {#text} at (180,165) size 4x19
            text run at (180,165) width 4: " "
          LayoutNGBlockFlow {DIV} at (194,10) size 160x160 [border: (30px solid #000000)]
          LayoutBR {BR} at (364,165) size 0x19
          LayoutNGBlockFlow {DIV} at (10,195) size 160x160 [border: (30px solid #000000)]
          LayoutText {#text} at (180,350) size 4x19
            text run at (180,350) width 4: " "
          LayoutNGBlockFlow {DIV} at (194,195) size 160x160 [border: (30px solid #000000)]
          LayoutText {#text} at (0,0) size 0x0
      LayoutText {#text} at (366,417) size 4x20
        text run at (366,417) width 4: " "
      LayoutNGBlockFlow {DIV} at (370,0) size 366x438.81 [border: (1px solid #000000)]
        LayoutNGBlockFlow {H2} at (1,20.91) size 364x27
          LayoutText {#text} at (0,0) size 197x26
            text run at (0,0) width 197: "PNG border-image"
        LayoutNGBlockFlow (anonymous) at (1,67.81) size 364x370
          LayoutNGBlockFlow {DIV} at (10,10) size 160x160 [border: (30px solid #000000)]
          LayoutText {#text} at (180,165) size 4x19
            text run at (180,165) width 4: " "
          LayoutNGBlockFlow {DIV} at (194,10) size 160x160 [border: (30px solid #000000)]
          LayoutBR {BR} at (364,165) size 0x19
          LayoutNGBlockFlow {DIV} at (10,195) size 160x160 [border: (30px solid #000000)]
          LayoutText {#text} at (180,350) size 4x19
            text run at (180,350) width 4: " "
          LayoutNGBlockFlow {DIV} at (194,195) size 160x160 [border: (30px solid #000000)]
          LayoutText {#text} at (0,0) size 0x0
      LayoutText {#text} at (0,0) size 0x0
