layer at (0,0) size 800x600
  LayoutView at (0,0) size 800x600
layer at (0,0) size 800x408
  LayoutBlockFlow {HTML} at (0,0) size 800x408
    LayoutBlockFlow {BODY} at (8,8) size 784x392
      LayoutBlockFlow (anonymous) at (0,0) size 784x36
        LayoutText {#text} at (0,0) size 614x18
          text run at (0,0) width 614: "This test verifies the visual alignment of items in a select element while changing text direction."
        LayoutBR {BR} at (613,0) size 1x18
        LayoutText {#text} at (0,18) size 438x18
          text run at (0,18) width 438: "All the items in the following select elements should be left-aligned."
      LayoutTable {TABLE} at (0,36) size 628x100
        LayoutTableSection {TBODY} at (0,0) size 628x100
          LayoutTableRow {TR} at (0,2) size 628x47
            LayoutTableCell {TD} at (2,2) size 146x46.56 [r=0 c=0 rs=1 cs=1]
            LayoutTableCell {TD} at (150,2) size 163x46.56 [r=0 c=1 rs=1 cs=1]
            LayoutTableCell {TD} at (315,2) size 146x46.56 [r=0 c=2 rs=1 cs=1]
            LayoutTableCell {TD} at (463,2) size 163x46.56 [r=0 c=3 rs=1 cs=1]
          LayoutTableRow {TR} at (0,51) size 628x47
            LayoutTableCell {TD} at (2,51) size 146x46.56 [r=1 c=0 rs=1 cs=1]
            LayoutTableCell {TD} at (150,51) size 163x46.56 [r=1 c=1 rs=1 cs=1]
      LayoutBlockFlow (anonymous) at (0,136) size 784x18
        LayoutText {#text} at (0,0) size 447x18
          text run at (0,0) width 447: "All the items in the following select elements should be right-aligned."
      LayoutTable {TABLE} at (0,154) size 616x100
        LayoutTableSection {TBODY} at (0,0) size 616x100
          LayoutTableRow {TR} at (0,2) size 616x47
            LayoutTableCell {TD} at (2,2) size 153x46.56 [r=0 c=0 rs=1 cs=1]
            LayoutTableCell {TD} at (157,2) size 150x46.56 [r=0 c=1 rs=1 cs=1]
            LayoutTableCell {TD} at (309,2) size 153x46.56 [r=0 c=2 rs=1 cs=1]
            LayoutTableCell {TD} at (464,2) size 150x46.56 [r=0 c=3 rs=1 cs=1]
          LayoutTableRow {TR} at (0,51) size 616x47
            LayoutTableCell {TD} at (2,51) size 153x46.56 [r=1 c=0 rs=1 cs=1]
            LayoutTableCell {TD} at (157,51) size 150x46.56 [r=1 c=1 rs=1 cs=1]
      LayoutBlockFlow (anonymous) at (0,254) size 784x18
        LayoutText {#text} at (0,0) size 456x18
          text run at (0,0) width 456: "All the items in the following select elements should be center-aligned."
      LayoutTable {TABLE} at (0,272) size 656x51
        LayoutTableSection {TBODY} at (0,0) size 656x51
          LayoutTableRow {TR} at (0,2) size 656x47
            LayoutTableCell {TD} at (2,2) size 162x46.56 [r=0 c=0 rs=1 cs=1]
            LayoutTableCell {TD} at (166,2) size 161x46.56 [r=0 c=1 rs=1 cs=1]
            LayoutTableCell {TD} at (329,2) size 162x46.56 [r=0 c=2 rs=1 cs=1]
            LayoutTableCell {TD} at (493,2) size 161x46.56 [r=0 c=3 rs=1 cs=1]
      LayoutBlockFlow (anonymous) at (0,323) size 784x18
        LayoutText {#text} at (0,0) size 296x18
          text run at (0,0) width 296: "The following tables check mixed alignments."
      LayoutTable {TABLE} at (0,341) size 702x51
        LayoutTableSection {TBODY} at (0,0) size 702x51
          LayoutTableRow {TR} at (0,2) size 702x47
            LayoutTableCell {TD} at (2,2) size 157x46.56 [r=0 c=0 rs=1 cs=1]
            LayoutTableCell {TD} at (161,2) size 157x46.56 [r=0 c=1 rs=1 cs=1]
            LayoutTableCell {TD} at (320,2) size 189x46.56 [r=0 c=2 rs=1 cs=1]
            LayoutTableCell {TD} at (511,2) size 189x46.56 [r=0 c=3 rs=1 cs=1]
layer at (11,47) size 144x45 clip at (12,48) size 131x43
  LayoutListBox {SELECT} at (1,1) size 143.52x44.56 [bgcolor=#FFFFFF] [border: (1px solid #999999)]
    LayoutBlockFlow {OPTION} at (1,1) size 130.52x14.19
      LayoutText {#text} at (2,0) size 109x13
        text run at (2,0) width 109: "This is an English text"
    LayoutBlockFlow {OPTION} at (1,15.19) size 130.52x14.19
      LayoutText {#text} at (2,0) size 127x13
        text run at (2,0) width 127: "It needs to be left aligned"
    LayoutBlockFlow {OPTION} at (1,29.38) size 130.52x14.19
      LayoutText {#text} at (2,0) size 80x13
        text run at (2,0) width 80: "Some more text"
layer at (159,47) size 160x45 clip at (160,48) size 147x43
  LayoutListBox {SELECT} at (1,1) size 160.09x44.56 [bgcolor=#FFFFFF] [border: (1px solid #999999)]
    LayoutBlockFlow {OPTION} at (1,1) size 147.09x14.19
      LayoutText {#text} at (2,0) size 86x13
        text run at (2,0) width 86 RTL: "\x{5D6}\x{5D4} \x{5D8}\x{5E7}\x{5E1}\x{5D8} \x{5D1}\x{5E2}\x{5D1}\x{5E8}\x{5D9}\x{5EA}"
    LayoutBlockFlow {OPTION} at (1,15.19) size 147.09x14.19
      LayoutText {#text} at (2,0) size 144x13
        text run at (2,0) width 144 RTL: "\x{5D4}\x{5D5}\x{5D0} \x{5E6}\x{5E8}\x{5D9}\x{5DA} \x{5DC}\x{5D4}\x{5D9}\x{5D5}\x{5EA} \x{5DE}\x{5D9}\x{5D5}\x{5E9}\x{5E8} \x{5DC}\x{5E9}\x{5DE}\x{5D0}\x{5DC}"
    LayoutBlockFlow {OPTION} at (1,29.38) size 147.09x14.19
      LayoutText {#text} at (2,0) size 80x13
        text run at (2,0) width 80 RTL: "\x{5D9}\x{5E9}\x{5E8}\x{5D0}\x{5DC} \x{5DE}\x{5EA}\x{5D9}\x{5D9}\x{5D1}\x{5E9}\x{5EA}"
layer at (324,47) size 144x45 clip at (336,48) size 131x43
  LayoutListBox {SELECT} at (1,1) size 143.52x44.56 [bgcolor=#FFFFFF] [border: (1px solid #999999)]
    LayoutBlockFlow {OPTION} at (12,1) size 130.52x14.19
      LayoutText {#text} at (2,0) size 109x13
        text run at (2,0) width 109: "This is an English text"
    LayoutBlockFlow {OPTION} at (12,15.19) size 130.52x14.19
      LayoutText {#text} at (2,0) size 127x13
        text run at (2,0) width 127: "It needs to be left aligned"
    LayoutBlockFlow {OPTION} at (12,29.38) size 130.52x14.19
      LayoutText {#text} at (2,0) size 80x13
        text run at (2,0) width 80: "Some more text"
layer at (472,47) size 160x45 clip at (484,48) size 147x43
  LayoutListBox {SELECT} at (1,1) size 160.09x44.56 [bgcolor=#FFFFFF] [border: (1px solid #999999)]
    LayoutBlockFlow {OPTION} at (12,1) size 147.09x14.19
      LayoutText {#text} at (2,0) size 86x13
        text run at (2,0) width 86 RTL: "\x{5D6}\x{5D4} \x{5D8}\x{5E7}\x{5E1}\x{5D8} \x{5D1}\x{5E2}\x{5D1}\x{5E8}\x{5D9}\x{5EA}"
    LayoutBlockFlow {OPTION} at (12,15.19) size 147.09x14.19
      LayoutText {#text} at (2,0) size 144x13
        text run at (2,0) width 144 RTL: "\x{5D4}\x{5D5}\x{5D0} \x{5E6}\x{5E8}\x{5D9}\x{5DA} \x{5DC}\x{5D4}\x{5D9}\x{5D5}\x{5EA} \x{5DE}\x{5D9}\x{5D5}\x{5E9}\x{5E8} \x{5DC}\x{5E9}\x{5DE}\x{5D0}\x{5DC}"
    LayoutBlockFlow {OPTION} at (12,29.38) size 147.09x14.19
      LayoutText {#text} at (2,0) size 80x13
        text run at (2,0) width 80 RTL: "\x{5D9}\x{5E9}\x{5E8}\x{5D0}\x{5DC} \x{5DE}\x{5EA}\x{5D9}\x{5D9}\x{5D1}\x{5E9}\x{5EA}"
layer at (11,96) size 144x45 clip at (12,97) size 131x43
  LayoutListBox {SELECT} at (1,1) size 143.52x44.56 [bgcolor=#FFFFFF] [border: (1px solid #999999)]
    LayoutBlockFlow {OPTION} at (1,1) size 130.52x14.19
      LayoutText {#text} at (2,0) size 109x13
        text run at (2,0) width 109: "This is an English text"
    LayoutBlockFlow {OPTION} at (1,15.19) size 130.52x14.19
      LayoutText {#text} at (2,0) size 127x13
        text run at (2,0) width 127: "It needs to be left aligned"
    LayoutBlockFlow {OPTION} at (1,29.38) size 130.52x14.19
      LayoutText {#text} at (2,0) size 80x13
        text run at (2,0) width 80: "Some more text"
layer at (159,96) size 160x45 clip at (160,97) size 147x43
  LayoutListBox {SELECT} at (1,1) size 160.09x44.56 [bgcolor=#FFFFFF] [border: (1px solid #999999)]
    LayoutBlockFlow {OPTION} at (1,1) size 147.09x14.19
      LayoutText {#text} at (2,0) size 86x13
        text run at (2,0) width 86 RTL: "\x{5D6}\x{5D4} \x{5D8}\x{5E7}\x{5E1}\x{5D8} \x{5D1}\x{5E2}\x{5D1}\x{5E8}\x{5D9}\x{5EA}"
    LayoutBlockFlow {OPTION} at (1,15.19) size 147.09x14.19
      LayoutText {#text} at (2,0) size 144x13
        text run at (2,0) width 144 RTL: "\x{5D4}\x{5D5}\x{5D0} \x{5E6}\x{5E8}\x{5D9}\x{5DA} \x{5DC}\x{5D4}\x{5D9}\x{5D5}\x{5EA} \x{5DE}\x{5D9}\x{5D5}\x{5E9}\x{5E8} \x{5DC}\x{5E9}\x{5DE}\x{5D0}\x{5DC}"
    LayoutBlockFlow {OPTION} at (1,29.38) size 147.09x14.19
      LayoutText {#text} at (2,0) size 80x13
        text run at (2,0) width 80 RTL: "\x{5D9}\x{5E9}\x{5E8}\x{5D0}\x{5DC} \x{5DE}\x{5EA}\x{5D9}\x{5D9}\x{5D1}\x{5E9}\x{5EA}"
layer at (11,165) size 151x45 clip at (23,166) size 138x43
  LayoutListBox {SELECT} at (1,1) size 150.56x44.56 [bgcolor=#FFFFFF] [border: (1px solid #999999)]
    LayoutBlockFlow {OPTION} at (12,1) size 137.56x14.19
      LayoutText {#text} at (27,0) size 109x13
        text run at (27,0) width 109: "This is an English text"
    LayoutBlockFlow {OPTION} at (12,15.19) size 137.56x14.19
      LayoutText {#text} at (2,0) size 134x13
        text run at (2,0) width 134: "It needs to be right aligned"
    LayoutBlockFlow {OPTION} at (12,29.38) size 137.56x14.19
      LayoutText {#text} at (55,0) size 81x13
        text run at (55,0) width 81: "Some more text"
layer at (166,165) size 148x45 clip at (178,166) size 135x43
  LayoutListBox {SELECT} at (1,1) size 147.83x44.56 [bgcolor=#FFFFFF] [border: (1px solid #999999)]
    LayoutBlockFlow {OPTION} at (12,1) size 134.83x14.19
      LayoutText {#text} at (47,0) size 86x13
        text run at (47,0) width 86 RTL: "\x{5D6}\x{5D4} \x{5D8}\x{5E7}\x{5E1}\x{5D8} \x{5D1}\x{5E2}\x{5D1}\x{5E8}\x{5D9}\x{5EA}"
    LayoutBlockFlow {OPTION} at (12,15.19) size 134.83x14.19
      LayoutText {#text} at (2,0) size 131x13
        text run at (2,0) width 131 RTL: "\x{5D4}\x{5D5}\x{5D0} \x{5E6}\x{5E8}\x{5D9}\x{5DA} \x{5DC}\x{5D4}\x{5D9}\x{5D5}\x{5EA} \x{5DE}\x{5D9}\x{5D5}\x{5E9}\x{5E8} \x{5DC}\x{5D9}\x{5DE}\x{5D9}\x{5DF}"
    LayoutBlockFlow {OPTION} at (12,29.38) size 134.83x14.19
      LayoutText {#text} at (53,0) size 80x13
        text run at (53,0) width 80 RTL: "\x{5D9}\x{5E9}\x{5E8}\x{5D0}\x{5DC} \x{5DE}\x{5EA}\x{5D9}\x{5D9}\x{5D1}\x{5E9}\x{5EA}"
layer at (318,165) size 151x45 clip at (330,166) size 138x43
  LayoutListBox {SELECT} at (1,1) size 150.56x44.56 [bgcolor=#FFFFFF] [border: (1px solid #999999)]
    LayoutBlockFlow {OPTION} at (12,1) size 137.56x14.19
      LayoutText {#text} at (27,0) size 109x13
        text run at (27,0) width 109: "This is an English text"
    LayoutBlockFlow {OPTION} at (12,15.19) size 137.56x14.19
      LayoutText {#text} at (2,0) size 134x13
        text run at (2,0) width 134: "It needs to be right aligned"
    LayoutBlockFlow {OPTION} at (12,29.38) size 137.56x14.19
      LayoutText {#text} at (55,0) size 81x13
        text run at (55,0) width 81: "Some more text"
layer at (473,165) size 148x45 clip at (485,166) size 135x43
  LayoutListBox {SELECT} at (1,1) size 147.83x44.56 [bgcolor=#FFFFFF] [border: (1px solid #999999)]
    LayoutBlockFlow {OPTION} at (12,1) size 134.83x14.19
      LayoutText {#text} at (47,0) size 86x13
        text run at (47,0) width 86 RTL: "\x{5D6}\x{5D4} \x{5D8}\x{5E7}\x{5E1}\x{5D8} \x{5D1}\x{5E2}\x{5D1}\x{5E8}\x{5D9}\x{5EA}"
    LayoutBlockFlow {OPTION} at (12,15.19) size 134.83x14.19
      LayoutText {#text} at (2,0) size 131x13
        text run at (2,0) width 131 RTL: "\x{5D4}\x{5D5}\x{5D0} \x{5E6}\x{5E8}\x{5D9}\x{5DA} \x{5DC}\x{5D4}\x{5D9}\x{5D5}\x{5EA} \x{5DE}\x{5D9}\x{5D5}\x{5E9}\x{5E8} \x{5DC}\x{5D9}\x{5DE}\x{5D9}\x{5DF}"
    LayoutBlockFlow {OPTION} at (12,29.38) size 134.83x14.19
      LayoutText {#text} at (53,0) size 80x13
        text run at (53,0) width 80 RTL: "\x{5D9}\x{5E9}\x{5E8}\x{5D0}\x{5DC} \x{5DE}\x{5EA}\x{5D9}\x{5D9}\x{5D1}\x{5E9}\x{5EA}"
layer at (11,214) size 151x45 clip at (12,215) size 138x43
  LayoutListBox {SELECT} at (1,1) size 150.56x44.56 [bgcolor=#FFFFFF] [border: (1px solid #999999)]
    LayoutBlockFlow {OPTION} at (1,1) size 137.56x14.19
      LayoutText {#text} at (27,0) size 109x13
        text run at (27,0) width 109: "This is an English text"
    LayoutBlockFlow {OPTION} at (1,15.19) size 137.56x14.19
      LayoutText {#text} at (2,0) size 134x13
        text run at (2,0) width 134: "It needs to be right aligned"
    LayoutBlockFlow {OPTION} at (1,29.38) size 137.56x14.19
      LayoutText {#text} at (55,0) size 81x13
        text run at (55,0) width 81: "Some more text"
layer at (166,214) size 148x45 clip at (167,215) size 135x43
  LayoutListBox {SELECT} at (1,1) size 147.83x44.56 [bgcolor=#FFFFFF] [border: (1px solid #999999)]
    LayoutBlockFlow {OPTION} at (1,1) size 134.83x14.19
      LayoutText {#text} at (47,0) size 86x13
        text run at (47,0) width 86 RTL: "\x{5D6}\x{5D4} \x{5D8}\x{5E7}\x{5E1}\x{5D8} \x{5D1}\x{5E2}\x{5D1}\x{5E8}\x{5D9}\x{5EA}"
    LayoutBlockFlow {OPTION} at (1,15.19) size 134.83x14.19
      LayoutText {#text} at (2,0) size 131x13
        text run at (2,0) width 131 RTL: "\x{5D4}\x{5D5}\x{5D0} \x{5E6}\x{5E8}\x{5D9}\x{5DA} \x{5DC}\x{5D4}\x{5D9}\x{5D5}\x{5EA} \x{5DE}\x{5D9}\x{5D5}\x{5E9}\x{5E8} \x{5DC}\x{5D9}\x{5DE}\x{5D9}\x{5DF}"
    LayoutBlockFlow {OPTION} at (1,29.38) size 134.83x14.19
      LayoutText {#text} at (53,0) size 80x13
        text run at (53,0) width 80 RTL: "\x{5D9}\x{5E9}\x{5E8}\x{5D0}\x{5DC} \x{5DE}\x{5EA}\x{5D9}\x{5D9}\x{5D1}\x{5E9}\x{5EA}"
layer at (11,283) size 160x45 clip at (23,284) size 147x43
  LayoutListBox {SELECT} at (1,1) size 159.67x44.56 [bgcolor=#FFFFFF] [border: (1px solid #999999)]
    LayoutBlockFlow {OPTION} at (12,1) size 146.67x14.19
      LayoutText {#text} at (19,0) size 109x13
        text run at (19,0) width 109: "This is an English text"
    LayoutBlockFlow {OPTION} at (12,15.19) size 146.67x14.19
      LayoutText {#text} at (2,0) size 143x13
        text run at (2,0) width 143: "It needs to be center aligned"
    LayoutBlockFlow {OPTION} at (12,29.38) size 146.67x14.19
      LayoutText {#text} at (33,0) size 81x13
        text run at (33,0) width 81: "Some more text"
layer at (175,283) size 158x45 clip at (187,284) size 145x43
  LayoutListBox {SELECT} at (1,1) size 158.22x44.56 [bgcolor=#FFFFFF] [border: (1px solid #999999)]
    LayoutBlockFlow {OPTION} at (12,1) size 145.22x14.19
      LayoutText {#text} at (30,0) size 86x13
        text run at (30,0) width 86 RTL: "\x{5D6}\x{5D4} \x{5D8}\x{5E7}\x{5E1}\x{5D8} \x{5D1}\x{5E2}\x{5D1}\x{5E8}\x{5D9}\x{5EA}"
    LayoutBlockFlow {OPTION} at (12,15.19) size 145.22x14.19
      LayoutText {#text} at (2,0) size 142x13
        text run at (2,0) width 142 RTL: "\x{5D4}\x{5D5}\x{5D0} \x{5E6}\x{5E8}\x{5D9}\x{5DA} \x{5DC}\x{5D4}\x{5D9}\x{5D5}\x{5EA} \x{5DE}\x{5D9}\x{5D5}\x{5E9}\x{5E8} \x{5DC}\x{5D0}\x{5DE}\x{5E6}\x{5E2}"
    LayoutBlockFlow {OPTION} at (12,29.38) size 145.22x14.19
      LayoutText {#text} at (32,0) size 81x13
        text run at (32,0) width 81 RTL: "\x{5D9}\x{5E9}\x{5E8}\x{5D0}\x{5DC} \x{5DE}\x{5EA}\x{5D9}\x{5D9}\x{5D1}\x{5E9}\x{5EA}"
layer at (338,283) size 160x45 clip at (339,284) size 147x43
  LayoutListBox {SELECT} at (1,1) size 159.67x44.56 [bgcolor=#FFFFFF] [border: (1px solid #999999)]
    LayoutBlockFlow {OPTION} at (1,1) size 146.67x14.19
      LayoutText {#text} at (19,0) size 109x13
        text run at (19,0) width 109: "This is an English text"
    LayoutBlockFlow {OPTION} at (1,15.19) size 146.67x14.19
      LayoutText {#text} at (2,0) size 143x13
        text run at (2,0) width 143: "It needs to be center aligned"
    LayoutBlockFlow {OPTION} at (1,29.38) size 146.67x14.19
      LayoutText {#text} at (33,0) size 81x13
        text run at (33,0) width 81: "Some more text"
layer at (502,283) size 158x45 clip at (503,284) size 145x43
  LayoutListBox {SELECT} at (1,1) size 158.22x44.56 [bgcolor=#FFFFFF] [border: (1px solid #999999)]
    LayoutBlockFlow {OPTION} at (1,1) size 145.22x14.19
      LayoutText {#text} at (30,0) size 86x13
        text run at (30,0) width 86 RTL: "\x{5D6}\x{5D4} \x{5D8}\x{5E7}\x{5E1}\x{5D8} \x{5D1}\x{5E2}\x{5D1}\x{5E8}\x{5D9}\x{5EA}"
    LayoutBlockFlow {OPTION} at (1,15.19) size 145.22x14.19
      LayoutText {#text} at (2,0) size 142x13
        text run at (2,0) width 142 RTL: "\x{5D4}\x{5D5}\x{5D0} \x{5E6}\x{5E8}\x{5D9}\x{5DA} \x{5DC}\x{5D4}\x{5D9}\x{5D5}\x{5EA} \x{5DE}\x{5D9}\x{5D5}\x{5E9}\x{5E8} \x{5DC}\x{5D0}\x{5DE}\x{5E6}\x{5E2}"
    LayoutBlockFlow {OPTION} at (1,29.38) size 145.22x14.19
      LayoutText {#text} at (32,0) size 81x13
        text run at (32,0) width 81 RTL: "\x{5D9}\x{5E9}\x{5E8}\x{5D0}\x{5DC} \x{5DE}\x{5EA}\x{5D9}\x{5D9}\x{5D1}\x{5E9}\x{5EA}"
layer at (11,352) size 155x45 clip at (23,353) size 142x43
  LayoutListBox {SELECT} at (1,1) size 154.91x44.56 [bgcolor=#FFFFFF] [border: (1px solid #999999)]
    LayoutBlockFlow {OPTION} at (12,1) size 141.91x14.19
      LayoutText {#text} at (2,0) size 138x13
        text run at (2,0) width 138: "This should be right aligned"
    LayoutBlockFlow {OPTION} at (12,15.19) size 141.91x14.19
      LayoutText {#text} at (2,0) size 131x13
        text run at (2,0) width 131: "This should be left aligned"
    LayoutBlockFlow {OPTION} at (12,29.38) size 141.91x14.19
      LayoutText {#text} at (34,0) size 74x13
        text run at (34,0) width 74: "Center aligned"
layer at (170,352) size 155x45 clip at (171,353) size 142x43
  LayoutListBox {SELECT} at (1,1) size 154.91x44.56 [bgcolor=#FFFFFF] [border: (1px solid #999999)]
    LayoutBlockFlow {OPTION} at (1,1) size 141.91x14.19
      LayoutText {#text} at (2,0) size 131x13
        text run at (2,0) width 131: "This should be left aligned"
    LayoutBlockFlow {OPTION} at (1,15.19) size 141.91x14.19
      LayoutText {#text} at (2,0) size 138x13
        text run at (2,0) width 138: "This should be right aligned"
    LayoutBlockFlow {OPTION} at (1,29.38) size 141.91x14.19
      LayoutText {#text} at (34,0) size 74x13
        text run at (34,0) width 74: "Center aligned"
layer at (329,352) size 187x45 clip at (341,353) size 174x43
  LayoutListBox {SELECT} at (1,1) size 186.67x44.56 [bgcolor=#FFFFFF] [border: (1px solid #999999)]
    LayoutBlockFlow {OPTION} at (12,1) size 173.67x14.19
      LayoutText {#text} at (14,0) size 158x13
        text run at (14,0) width 158 RTL: "\x{5D8}\x{5E7}\x{5E1}\x{5D8} \x{5D6}\x{5D4} \x{5E6}\x{5E8}\x{5D9}\x{5DA} \x{5DC}\x{5D4}\x{5D9}\x{5D5}\x{5EA} \x{5DE}\x{5D9}\x{5D5}\x{5E9}\x{5E8} \x{5DC}\x{5D9}\x{5DE}\x{5D9}\x{5DF}"
    LayoutBlockFlow {OPTION} at (12,15.19) size 173.67x14.19
      LayoutText {#text} at (2,0) size 170x13
        text run at (2,0) width 170 RTL: "\x{5D8}\x{5E7}\x{5E1}\x{5D8} \x{5D6}\x{5D4} \x{5E6}\x{5E8}\x{5D9}\x{5DA} \x{5DC}\x{5D4}\x{5D9}\x{5D5}\x{5EA} \x{5DE}\x{5D9}\x{5D5}\x{5E9}\x{5E8} \x{5DC}\x{5E9}\x{5DE}\x{5D0}\x{5DC}"
    LayoutBlockFlow {OPTION} at (12,29.38) size 173.67x14.19
      LayoutText {#text} at (53,0) size 68x13
        text run at (53,0) width 68 RTL: "\x{5D8}\x{5E7}\x{5E1}\x{5D8} \x{5DE}\x{5DE}\x{5D5}\x{5E8}\x{5DB}\x{5D6}"
layer at (520,352) size 187x45 clip at (521,353) size 174x43
  LayoutListBox {SELECT} at (1,1) size 186.67x44.56 [bgcolor=#FFFFFF] [border: (1px solid #999999)]
    LayoutBlockFlow {OPTION} at (1,1) size 173.67x14.19
      LayoutText {#text} at (2,0) size 170x13
        text run at (2,0) width 170 RTL: "\x{5D8}\x{5E7}\x{5E1}\x{5D8} \x{5D6}\x{5D4} \x{5E6}\x{5E8}\x{5D9}\x{5DA} \x{5DC}\x{5D4}\x{5D9}\x{5D5}\x{5EA} \x{5DE}\x{5D9}\x{5D5}\x{5E9}\x{5E8} \x{5DC}\x{5E9}\x{5DE}\x{5D0}\x{5DC}"
    LayoutBlockFlow {OPTION} at (1,15.19) size 173.67x14.19
      LayoutText {#text} at (14,0) size 158x13
        text run at (14,0) width 158 RTL: "\x{5D8}\x{5E7}\x{5E1}\x{5D8} \x{5D6}\x{5D4} \x{5E6}\x{5E8}\x{5D9}\x{5DA} \x{5DC}\x{5D4}\x{5D9}\x{5D5}\x{5EA} \x{5DE}\x{5D9}\x{5D5}\x{5E9}\x{5E8} \x{5DC}\x{5D9}\x{5DE}\x{5D9}\x{5DF}"
    LayoutBlockFlow {OPTION} at (1,29.38) size 173.67x14.19
      LayoutText {#text} at (53,0) size 68x13
        text run at (53,0) width 68 RTL: "\x{5D8}\x{5E7}\x{5E1}\x{5D8} \x{5DE}\x{5DE}\x{5D5}\x{5E8}\x{5DB}\x{5D6}"
