layer at (0,0) size 800x600
  LayoutView at (0,0) size 800x600
layer at (0,0) size 800x551
  LayoutBlockFlow {HTML} at (0,0) size 800x551
    LayoutBlockFlow {BODY} at (8,8) size 784x535
      LayoutText {#text} at (41,49) size 5x18
        text run at (41,49) width 5: " "
      LayoutText {#text} at (113,49) size 5x18
        text run at (113,49) width 5: " "
      LayoutText {#text} at (159,49) size 5x18
        text run at (159,49) width 5: " "
      LayoutText {#text} at (218,49) size 5x18
        text run at (218,49) width 5: " "
      LayoutText {#text} at (270,49) size 4x18
        text run at (270,49) width 4: " "
      LayoutText {#text} at (321,49) size 5x18
        text run at (321,49) width 5: " "
      LayoutText {#text} at (372,49) size 5x18
        text run at (372,49) width 5: " "
      LayoutBR {BR} at (376,49) size 1x18
      LayoutText {#text} at (45,120) size 5x18
        text run at (45,120) width 5: " "
      LayoutText {#text} at (90,120) size 5x18
        text run at (90,120) width 5: " "
      LayoutBR {BR} at (94,120) size 1x18
      LayoutText {#text} at (41,187) size 5x18
        text run at (41,187) width 5: " "
      LayoutBR {BR} at (45,187) size 1x18
      LayoutText {#text} at (41,254) size 5x18
        text run at (41,254) width 5: " "
      LayoutBR {BR} at (45,254) size 1x18
      LayoutText {#text} at (48,383) size 5x18
        text run at (48,383) width 5: " "
      LayoutText {#text} at (106,383) size 5x18
        text run at (106,383) width 5: " "
      LayoutText {#text} at (171,383) size 5x18
        text run at (171,383) width 5: " "
      LayoutText {#text} at (235,383) size 5x18
        text run at (235,383) width 5: " "
      LayoutBR {BR} at (0,0) size 0x0
      LayoutText {#text} at (56,517) size 5x18
        text run at (56,517) width 5: " "
      LayoutText {#text} at (131,517) size 5x18
        text run at (131,517) width 5: " "
      LayoutBR {BR} at (135,517) size 1x18
layer at (12,12) size 33x59 clip at (13,13) size 20x57
  LayoutListBox {SELECT} at (4,4.25) size 33.16x58.75 [bgcolor=#FFFFFF] [border: (1px solid #999999)]
    LayoutBlockFlow {OPTION} at (1,1) size 20.16x14.19
      LayoutText {#text} at (2,0) size 17x13
        text run at (2,0) width 17: "foo"
layer at (57,12) size 61x59 clip at (58,13) size 48x57
  LayoutListBox {SELECT} at (49.16,4.25) size 60.69x58.75 [bgcolor=#FFFFFF] [border: (1px solid #999999)]
    LayoutBlockFlow {OPTION} at (1,1) size 47.69x14.19 [color=#FFFFFF] [bgcolor=#0069D9]
      LayoutText {#text} at (2,0) size 17x13
        text run at (2,0) width 17: "foo"
    LayoutBlockFlow {OPTION} at (1,15.19) size 47.69x14.19
      LayoutText {#text} at (2,0) size 17x13
        text run at (2,0) width 17: "bar"
    LayoutBlockFlow {OPTION} at (1,29.38) size 47.69x14.19 [color=#808080] [bgcolor=#D4D4D4]
      LayoutText {#text} at (2,0) size 44x13
        text run at (2,0) width 44: "Disabled"
layer at (130,12) size 33x59 clip at (131,13) size 20x57
  LayoutListBox {SELECT} at (121.84,4.25) size 33.36x58.75 [bgcolor=#FFFFFF] [border: (1px solid #999999)]
    LayoutBlockFlow {OPTION} at (1,1) size 20.36x14.19 [bgcolor=#D4D4D4]
      LayoutText {#text} at (2,0) size 17x13
        text run at (2,0) width 17: "foo"
    LayoutBlockFlow {OPTION} at (1,15.19) size 20.36x14.19 [color=#808080] [bgcolor=#D4D4D4]
      LayoutText {#text} at (2,0) size 17x13
        text run at (2,0) width 17: "bar"
layer at (175,12) size 48x59 clip at (176,13) size 35x57
  LayoutListBox {SELECT} at (167.20,4.25) size 47.44x58.75 [color=#7F7F7F] [bgcolor=#FFFFFF] [border: (1px solid #999999)]
    LayoutBlockFlow {OPTION} at (1,1) size 34.44x14.19 [color=#808080] [bgcolor=#D4D4D4]
      LayoutText {#text} at (2,0) size 17x13
        text run at (2,0) width 17: "foo"
    LayoutBlockFlow {OPTION} at (1,15.19) size 34.44x14.19
      LayoutText {#text} at (2,0) size 17x13
        text run at (2,0) width 17: "bar"
    LayoutBlockFlow {OPTGROUP} at (1,29.38) size 34.44x28.38
      LayoutBlockFlow {DIV} at (0,0) size 34.44x14.19
      LayoutBlockFlow {OPTION} at (0,14.19) size 34.44x14.19 [color=#808080] [bgcolor=#D4D4D4]
        LayoutInline {<pseudo:before>} at (0,0) size 13x13
          LayoutTextFragment (anonymous) at (2,0) size 13x13
            text run at (2,0) width 13: "    "
        LayoutText {#text} at (14,0) size 19x13
          text run at (14,0) width 19: "baz"
layer at (235,55) size 39x16 clip at (236,56) size 26x14 scrollHeight 57
  LayoutListBox {SELECT} at (226.64,46.81) size 39.36x16.19 [bgcolor=#FFFFFF] [border: (1px solid #999999)]
    LayoutBlockFlow {OPTION} at (1,1) size 26.36x14.19
      LayoutText {#text} at (2,0) size 23x13
        text run at (2,0) width 23: "foo1"
    LayoutBlockFlow {OPTION} at (1,15.19) size 26.36x14.19
      LayoutText {#text} at (2,0) size 23x13
        text run at (2,0) width 23: "foo2"
    LayoutBlockFlow {OPTION} at (1,29.38) size 26.36x14.19
      LayoutText {#text} at (2,0) size 23x13
        text run at (2,0) width 23: "foo3"
    LayoutBlockFlow {OPTION} at (1,43.56) size 26.36x14.19
      LayoutText {#text} at (2,0) size 23x13
        text run at (2,0) width 23: "foo4"
layer at (286,41) size 39x30 clip at (287,42) size 26x28 scrollHeight 56
  LayoutListBox {SELECT} at (278,32.63) size 39.36x30.38 [bgcolor=#FFFFFF] [border: (1px solid #999999)]
    LayoutBlockFlow {OPTION} at (1,1) size 26.36x14.19
      LayoutText {#text} at (2,0) size 23x13
        text run at (2,0) width 23: "foo1"
    LayoutBlockFlow {OPTION} at (1,15.19) size 26.36x14.19
      LayoutText {#text} at (2,0) size 23x13
        text run at (2,0) width 23: "foo2"
    LayoutBlockFlow {OPTION} at (1,29.38) size 26.36x14.19
      LayoutText {#text} at (2,0) size 23x13
        text run at (2,0) width 23: "foo3"
    LayoutBlockFlow {OPTION} at (1,43.56) size 26.36x14.19
      LayoutText {#text} at (2,0) size 23x13
        text run at (2,0) width 23: "foo4"
layer at (337,26) size 40x45 clip at (338,27) size 27x43 scrollHeight 57
  LayoutListBox {SELECT} at (329.36,18.44) size 39.36x44.56 [bgcolor=#FFFFFF] [border: (1px solid #999999)]
    LayoutBlockFlow {OPTION} at (1,1) size 26.36x14.19
      LayoutText {#text} at (2,0) size 23x13
        text run at (2,0) width 23: "foo1"
    LayoutBlockFlow {OPTION} at (1,15.19) size 26.36x14.19
      LayoutText {#text} at (2,0) size 23x13
        text run at (2,0) width 23: "foo2"
    LayoutBlockFlow {OPTION} at (1,29.38) size 26.36x14.19
      LayoutText {#text} at (2,0) size 23x13
        text run at (2,0) width 23: "foo3"
    LayoutBlockFlow {OPTION} at (1,43.56) size 26.36x14.19
      LayoutText {#text} at (2,0) size 23x13
        text run at (2,0) width 23: "foo4"
layer at (12,79) size 37x63 clip at (15,82) size 20x57
  LayoutListBox {SELECT} at (4,71.25) size 37.16x62.75 [bgcolor=#FFFFFF] [border: (3px solid #00FF00)]
    LayoutBlockFlow {OPTION} at (3,3) size 20.16x14.19
      LayoutText {#text} at (2,0) size 17x13
        text run at (2,0) width 17: "foo"
layer at (61,83) size 33x59 clip at (62,84) size 20x57
  LayoutListBox {SELECT} at (53.16,75.25) size 33.16x58.75 [bgcolor=#FFFFFF] [border: (1px solid #999999)]
    LayoutBlockFlow {OPTION} at (1,1) size 20.16x14.19
      LayoutText {#text} at (2,0) size 17x13
        text run at (2,0) width 17: "foo"
layer at (12,150) size 33x59 clip at (13,151) size 20x57
  LayoutListBox {SELECT} at (4,142.25) size 33.16x58.75 [border: (1px solid #999999)]
    LayoutBlockFlow {OPTION} at (1,1) size 20.16x14.19
      LayoutText {#text} at (2,0) size 17x13
        text run at (2,0) width 17: "foo"
layer at (12,217) size 33x59 clip at (13,218) size 20x57
  LayoutListBox {SELECT} at (4,209.25) size 33.16x58.75 [bgcolor=#FFFFFF] [border: (1px solid #999999)]
    LayoutBlockFlow {OPTION} at (1,1) size 20.16x14.19
      LayoutText {#text} at (2,0) size 17x13
        text run at (2,0) width 17: "foo"
layer at (12,322) size 40x83 clip at (13,323) size 27x81
  LayoutListBox {SELECT} at (4,314.25) size 40.48x82.75 [bgcolor=#FFFFFF] [border: (1px solid #999999)]
    LayoutBlockFlow {OPTION} at (1,1) size 27.48x20.19
      LayoutText {#text} at (2,0) size 24x18
        text run at (2,0) width 24: "foo"
layer at (64,303) size 47x102 clip at (65,304) size 34x100
  LayoutListBox {SELECT} at (56.48,295) size 46.36x102 [bgcolor=#FFFFFF] [border: (1px solid #999999)]
    LayoutBlockFlow {OPTION} at (1,1) size 33.36x25
      LayoutText {#text} at (2,0) size 30x23
        text run at (2,0) width 30: "foo"
layer at (123,284) size 52x121 clip at (124,285) size 39x119
  LayoutListBox {SELECT} at (114.84,275.81) size 52.23x121.19 [bgcolor=#FFFFFF] [border: (1px solid #999999)]
    LayoutBlockFlow {OPTION} at (1,1) size 39.23x29.80
      LayoutText {#text} at (2,0) size 36x28
        text run at (2,0) width 36: "foo"
layer at (187,284) size 53x121 clip at (188,285) size 40x119
  LayoutListBox {SELECT} at (179.08,275.81) size 52.69x121.19 [bgcolor=#FFFFFF] [border: (1px solid #999999)]
    LayoutBlockFlow {OPTION} at (1,1) size 39.69x20.19
      LayoutText {#text} at (2,0) size 24x18
        text run at (2,0) width 24: "foo"
    LayoutBlockFlow {OPTION} at (1,21.19) size 39.69x29.80
      LayoutText {#text} at (2,0) size 36x28
        text run at (2,0) width 36: "bar"
layer at (14,449) size 44x88 clip at (16,450) size 30x86
  LayoutListBox {SELECT} at (6,440.81) size 44.22x88.19 [bgcolor=#FFFFFF] [border: (1.50px solid #999999)]
    LayoutBlockFlow {OPTION} at (1.50,1.50) size 30.22x21.30
      LayoutText {#text} at (3,0) size 25x19
        text run at (3,0) width 25: "foo"
layer at (76,417) size 56x118 clip at (78,419) size 41x114
  LayoutListBox {SELECT} at (68.22,409.44) size 55.30x117.56 [bgcolor=#FFFFFF] [border: (2px solid #999999)]
    LayoutBlockFlow {OPTION} at (2,2) size 40.30x28.39
      LayoutText {#text} at (4,0) size 33x26
        text run at (4,0) width 33: "foo"
