layer at (0,0) size 800x600
  LayoutView at (0,0) size 800x600
layer at (0,0) size 800x174
  LayoutBlockFlow {HTML} at (0,0) size 800x174
    LayoutBlockFlow {BODY} at (8,16) size 784x150
      LayoutBlockFlow {P} at (0,0) size 784x18
        LayoutText {#text} at (0,0) size 608x18
          text run at (0,0) width 608: "The select list box should not display items (options and optgroups) with style \"display: none\"."
      LayoutBlockFlow (anonymous) at (0,34) size 784x116
        LayoutText {#text} at (48,97) size 5x18
          text run at (48,97) width 5: " "
        LayoutText {#text} at (108,97) size 5x18
          text run at (108,97) width 5: " "
        LayoutText {#text} at (169,97) size 5x18
          text run at (169,97) width 5: " "
        LayoutText {#text} at (221,97) size 5x18
          text run at (221,97) width 5: " "
        LayoutText {#text} at (273,97) size 5x18
          text run at (273,97) width 5: " "
        LayoutText {#text} at (0,0) size 0x0
layer at (8,64) size 48x101 clip at (9,65) size 35x99
  LayoutListBox {SELECT} at (0,13.69) size 48.06x101.31 [bgcolor=#FFFFFF] [border: (1px solid #999999)]
    LayoutBlockFlow {OPTION} at (1,1) size 35.06x14.19
      LayoutText {#text} at (2,0) size 21x13
        text run at (2,0) width 21: "One"
    LayoutBlockFlow {OPTION} at (1,15.19) size 35.06x14.19
      LayoutText {#text} at (2,0) size 21x13
        text run at (2,0) width 21: "Two"
    LayoutBlockFlow {OPTION} at (1,29.38) size 35.06x14.19
      LayoutText {#text} at (2,0) size 29x13
        text run at (2,0) width 29: "Three"
    LayoutBlockFlow {OPTION} at (1,43.56) size 35.06x14.19
      LayoutText {#text} at (2,0) size 21x13
        text run at (2,0) width 21: "Five"
    LayoutBlockFlow {OPTION} at (1,57.75) size 35.06x14.19
      LayoutText {#text} at (2,0) size 16x13
        text run at (2,0) width 16: "Six"
    LayoutBlockFlow {OPTION} at (1,71.94) size 35.06x14.19
      LayoutText {#text} at (2,0) size 32x13
        text run at (2,0) width 32: "Seven"
layer at (60,64) size 57x101 clip at (61,65) size 44x99
  LayoutListBox {SELECT} at (52.06,13.69) size 56.73x101.31 [bgcolor=#FFFFFF] [border: (1px solid #999999)]
    LayoutBlockFlow {OPTION} at (1,1) size 43.73x14.19
      LayoutText {#text} at (2,0) size 21x13
        text run at (2,0) width 21: "One"
    LayoutBlockFlow {OPTION} at (1,15.19) size 43.73x14.19
      LayoutText {#text} at (2,0) size 21x13
        text run at (2,0) width 21: "Two"
    LayoutBlockFlow {OPTION} at (1,29.38) size 43.73x14.19
      LayoutText {#text} at (2,0) size 29x13
        text run at (2,0) width 29: "Three"
    LayoutBlockFlow {OPTGROUP} at (1,43.56) size 43.73x28.38
      LayoutBlockFlow {DIV} at (0,0) size 43.73x14.19
        LayoutText {#text} at (2,0) size 40x13
          text run at (2,0) width 40: "***45***"
      LayoutBlockFlow {OPTION} at (0,14.19) size 43.73x14.19
        LayoutInline {<pseudo:before>} at (0,0) size 13x13
          LayoutTextFragment (anonymous) at (2,0) size 13x13
            text run at (2,0) width 13: "    "
        LayoutText {#text} at (14,0) size 21x13
          text run at (14,0) width 21: "Five"
    LayoutBlockFlow {OPTION} at (1,71.94) size 43.73x14.19
      LayoutText {#text} at (2,0) size 32x13
        text run at (2,0) width 32: "Seven"
layer at (121,64) size 57x101 clip at (122,65) size 44x99
  LayoutListBox {SELECT} at (112.80,13.69) size 56.73x101.31 [bgcolor=#FFFFFF] [border: (1px solid #999999)]
    LayoutBlockFlow {OPTION} at (1,1) size 43.73x14.19
      LayoutText {#text} at (2,0) size 21x13
        text run at (2,0) width 21: "One"
    LayoutBlockFlow {OPTION} at (1,15.19) size 43.73x14.19
      LayoutText {#text} at (2,0) size 21x13
        text run at (2,0) width 21: "Two"
    LayoutBlockFlow {OPTGROUP} at (1,29.38) size 43.73x28.38
      LayoutBlockFlow {DIV} at (0,0) size 43.73x14.19
        LayoutText {#text} at (2,0) size 40x13
          text run at (2,0) width 40: "***45***"
      LayoutBlockFlow {OPTION} at (0,14.19) size 43.73x14.19
        LayoutInline {<pseudo:before>} at (0,0) size 13x13
          LayoutTextFragment (anonymous) at (2,0) size 13x13
            text run at (2,0) width 13: "    "
        LayoutText {#text} at (14,0) size 24x13
          text run at (14,0) width 24: "Four"
    LayoutBlockFlow {OPTION} at (1,57.75) size 43.73x14.19
      LayoutText {#text} at (2,0) size 16x13
        text run at (2,0) width 16: "Six"
    LayoutBlockFlow {OPTION} at (1,71.94) size 43.73x14.19
      LayoutText {#text} at (2,0) size 32x13
        text run at (2,0) width 32: "Seven"
layer at (182,50) size 48x115 clip at (183,51) size 35x113
  LayoutListBox {SELECT} at (173.53,-0.50) size 48.06x115.50 [bgcolor=#FFFFFF] [border: (1px solid #999999)]
    LayoutBlockFlow {OPTION} at (1,1) size 35.06x14.19
      LayoutText {#text} at (2,0) size 21x13
        text run at (2,0) width 21: "One"
    LayoutBlockFlow {OPTION} at (1,15.19) size 35.06x14.19
      LayoutText {#text} at (2,0) size 21x13
        text run at (2,0) width 21: "Two"
    LayoutBlockFlow {OPTION} at (1,29.38) size 35.06x14.19
      LayoutText {#text} at (2,0) size 29x13
        text run at (2,0) width 29: "Three"
    LayoutBlockFlow {OPTION} at (1,43.56) size 35.06x14.19
      LayoutText {#text} at (2,0) size 32x13
        text run at (2,0) width 32: "Seven"
layer at (234,50) size 48x115 clip at (235,51) size 35x113
  LayoutListBox {SELECT} at (225.59,-0.50) size 48.06x115.50 [bgcolor=#FFFFFF] [border: (1px solid #999999)]
    LayoutBlockFlow {OPTION} at (1,1) size 35.06x14.19
      LayoutText {#text} at (2,0) size 21x13
        text run at (2,0) width 21: "One"
    LayoutBlockFlow {OPTION} at (1,15.19) size 35.06x14.19
      LayoutText {#text} at (2,0) size 21x13
        text run at (2,0) width 21: "Two"
    LayoutBlockFlow {OPTION} at (1,29.38) size 35.06x14.19
      LayoutText {#text} at (2,0) size 29x13
        text run at (2,0) width 29: "Three"
    LayoutBlockFlow {OPTION} at (1,43.56) size 35.06x14.19
      LayoutText {#text} at (2,0) size 32x13
        text run at (2,0) width 32: "Seven"
layer at (286,50) size 54x115 clip at (287,51) size 41x113
  LayoutListBox {SELECT} at (277.66,-0.50) size 53.86x115.50 [bgcolor=#FFFFFF] [border: (1px solid #999999)]
    LayoutBlockFlow {OPTION} at (1,1) size 40.86x14.19
      LayoutText {#text} at (2,0) size 21x13
        text run at (2,0) width 21: "One"
    LayoutBlockFlow {OPTION} at (1,15.19) size 40.86x14.19
      LayoutText {#text} at (2,0) size 21x13
        text run at (2,0) width 21: "Two"
    LayoutBlockFlow {OPTION} at (1,29.38) size 40.86x14.19
      LayoutText {#text} at (2,0) size 29x13
        text run at (2,0) width 29: "Three"
    LayoutBlockFlow {OPTGROUP} at (1,43.56) size 40.86x56.75
      LayoutBlockFlow {DIV} at (0,0) size 40.86x14.19
        LayoutText {#text} at (2,0) size 37x13
          text run at (2,0) width 37: "**456**"
      LayoutBlockFlow {OPTION} at (0,14.19) size 40.86x14.19
        LayoutInline {<pseudo:before>} at (0,0) size 13x13
          LayoutTextFragment (anonymous) at (2,0) size 13x13
            text run at (2,0) width 13: "    "
        LayoutText {#text} at (14,0) size 24x13
          text run at (14,0) width 24: "Four"
      LayoutBlockFlow {OPTION} at (0,28.38) size 40.86x14.19
        LayoutInline {<pseudo:before>} at (0,0) size 13x13
          LayoutTextFragment (anonymous) at (2,0) size 13x13
            text run at (2,0) width 13: "    "
        LayoutText {#text} at (14,0) size 21x13
          text run at (14,0) width 21: "Five"
      LayoutBlockFlow {OPTION} at (0,42.56) size 40.86x14.19
        LayoutInline {<pseudo:before>} at (0,0) size 13x13
          LayoutTextFragment (anonymous) at (2,0) size 13x13
            text run at (2,0) width 13: "    "
        LayoutText {#text} at (14,0) size 16x13
          text run at (14,0) width 16: "Six"
    LayoutBlockFlow {OPTION} at (1,100.31) size 40.86x14.19
      LayoutText {#text} at (2,0) size 32x13
        text run at (2,0) width 32: "Seven"
