layer at (0,0) size 800x600
  LayoutView at (0,0) size 800x600
layer at (0,0) size 800x600
  LayoutBlockFlow {HTML} at (0,0) size 800x600
    LayoutBlockFlow {BODY} at (8,8) size 784x584
      LayoutText {#text} at (0,0) size 474x18
        text run at (0,0) width 474: "This tests that empty select controls and buttons have the correct baseline."
      LayoutBR {BR} at (473,14) size 1x0
      LayoutMenuList {SELECT} at (0,19) size 36x18 [bgcolor=#F8F8F8]
        LayoutBlockFlow (anonymous) at (0,0) size 36x18
          LayoutText (anonymous) at (8,2) size 4x13
            text run at (8,2) width 4: " "
      LayoutText {#text} at (36,18) size 31x18
        text run at (36,18) width 31: " test "
      LayoutMenuList {SELECT} at (66.22,19) size 50x18 [bgcolor=#F8F8F8]
        LayoutBlockFlow (anonymous) at (0,0) size 50x18
          LayoutText (anonymous) at (8,2) size 19x13
            text run at (8,2) width 19: "test"
      LayoutText {#text} at (116,18) size 5x18
        text run at (116,18) width 5: " "
      LayoutMenuList {SELECT} at (120.22,19) size 28x18 [color=#00008B] [bgcolor=#ADD8E6] [border: (1px solid #A6A6A6)]
        LayoutBlockFlow (anonymous) at (1,1) size 26x16
          LayoutText (anonymous) at (8,1) size 4x13
            text run at (8,1) width 4: " "
      LayoutText {#text} at (148,18) size 31x18
        text run at (148,18) width 31: " test "
      LayoutMenuList {SELECT} at (178.44,19) size 42x18 [color=#00008B] [bgcolor=#ADD8E6] [border: (1px solid #A6A6A6)]
        LayoutBlockFlow (anonymous) at (1,1) size 40x16
          LayoutText (anonymous) at (8,1) size 19x13
            text run at (8,1) width 19: "test"
      LayoutText {#text} at (220,18) size 5x18
        text run at (220,18) width 5: " "
      LayoutButton {BUTTON} at (224.44,20) size 16x15 [bgcolor=#FFFFFF] [border: (1px solid #D8D8D8) (1px solid #D1D1D1) (1px solid #BABABA) (1px solid #D1D1D1)]
      LayoutText {#text} at (240,18) size 5x18
        text run at (240,18) width 5: " "
      LayoutButton {BUTTON} at (244.44,19) size 34.64x18 [bgcolor=#FFFFFF] [border: (1px solid #D8D8D8) (1px solid #D1D1D1) (1px solid #BABABA) (1px solid #D1D1D1)]
        LayoutBlockFlow (anonymous) at (8,2) size 18.64x13
          LayoutText {#text} at (0,0) size 19x13
            text run at (0,0) width 19: "test"
      LayoutText {#text} at (279,18) size 5x18
        text run at (279,18) width 5: " "
      LayoutButton {BUTTON} at (283.08,30) size 16x5 [color=#00008B] [bgcolor=#ADD8E6] [border: (1px solid #D8D8D8) (1px solid #D1D1D1) (1px solid #BABABA) (1px solid #D1D1D1)]
      LayoutText {#text} at (299,18) size 5x18
        text run at (299,18) width 5: " "
      LayoutButton {BUTTON} at (303.08,19) size 34.64x18 [color=#00008B] [bgcolor=#ADD8E6] [border: (1px solid #D8D8D8) (1px solid #D1D1D1) (1px solid #BABABA) (1px solid #D1D1D1)]
        LayoutBlockFlow (anonymous) at (8,2) size 18.64x13
          LayoutText {#text} at (0,0) size 19x13
            text run at (0,0) width 19: "test"
      LayoutText {#text} at (0,0) size 0x0
