layer at (0,0) size 800x600
  LayoutView at (0,0) size 800x600
layer at (0,0) size 800x86
  LayoutBlockFlow {HTML} at (0,0) size 800x86
    LayoutBlockFlow {BODY} at (8,8) size 784x70
      LayoutBlockFlow {DIV} at (0,0) size 784x18
        LayoutText {#text} at (0,0) size 636x18
          text run at (0,0) width 636: "This test case is to see whether distributed text justify works properly for the complicated sentence."
      LayoutBlockFlow (anonymous) at (0,18) size 784x18
        LayoutBR {BR} at (0,0) size 0x18
      LayoutBlockFlow {DIV} at (0,36) size 302x16 [border: (1px solid #000000)]
        LayoutInline {SPAN} at (0,0) size 30x14
          LayoutText {#text} at (1,1) size 30x14
            text run at (1,1) width 30: "L"
        LayoutInline {SPAN} at (0,0) size 30x14
          LayoutText {#text} at (30,1) size 30x14
            text run at (30,1) width 30: "o"
        LayoutInline {SPAN} at (0,0) size 30x14
          LayoutText {#text} at (59,1) size 30x14
            text run at (59,1) width 30: "r"
        LayoutInline {SPAN} at (0,0) size 30x14
          LayoutText {#text} at (88,1) size 30x14
            text run at (88,1) width 30: "e"
        LayoutInline {SPAN} at (0,0) size 30x14
          LayoutText {#text} at (117,1) size 30x14
            text run at (117,1) width 30: "m"
        LayoutText {#text} at (146,1) size 155x14
          text run at (146,1) width 155: " ipsum"
      LayoutBlockFlow (anonymous) at (0,52) size 784x18
        LayoutBR {BR} at (0,0) size 0x18
