layer at (0,0) size 800x600
  LayoutView at (0,0) size 800x600
layer at (0,0) size 800x600
  LayoutNGBlockFlow {HTML} at (0,0) size 800x600
    LayoutNGBlockFlow {BODY} at (8,8) size 784x576
      LayoutNGBlockFlow (anonymous) at (0,0) size 784x20
        LayoutText {#text} at (0,0) size 599x19
          text run at (0,0) width 599: "Random tests of some bizarre combinations. H2 should allow a form inside it, but p should not."
      LayoutNGBlockFlow {FORM} at (0,20) size 784x20
        LayoutMenuList {SELECT} at (0,0) size 31x20 [bgcolor=#C0C0C0] [border: (1px solid #A9A9A9)]
          LayoutNGBlockFlow (anonymous) at (1,1) size 29x18
            LayoutText (anonymous) at (4,1) size 9x16
              text run at (4,1) width 9: "A"
        LayoutText {#text} at (0,0) size 0x0
      LayoutNGBlockFlow {P} at (0,56) size 784x0
layer at (470,48) size 35x48
  LayoutNGBlockFlow (positioned) {H2} at (470,47.91) size 35x48 [border: (2px solid #008000)]
    LayoutNGBlockFlow {FORM} at (2,2) size 31x20
      LayoutMenuList {SELECT} at (0,0) size 31x20 [bgcolor=#C0C0C0] [border: (1px solid #A9A9A9)]
        LayoutNGBlockFlow (anonymous) at (1,1) size 29x18
          LayoutText (anonymous) at (4,1) size 9x16
            text run at (4,1) width 9: "A"
      LayoutText {#text} at (0,0) size 0x0
layer at (470,44) size 4x4
  LayoutNGBlockFlow (positioned) {P} at (470,44) size 4x4 [border: (2px solid #008000)]
