layer at (0,0) size 800x600
  LayoutView at (0,0) size 800x600
layer at (0,0) size 800x105
  LayoutBlockFlow {HTML} at (0,0) size 800x105
    LayoutBlockFlow {BODY} at (8,16) size 784x81
      LayoutBlockFlow {P} at (0,0) size 784x20
        LayoutText {#text} at (0,0) size 272x19
          text run at (0,0) width 272: "crbug.com/322039: There should be a green "
        LayoutInline {EM} at (0,0) size 43x19
          LayoutText {#text} at (272,0) size 43x19
            text run at (272,0) width 43: "square"
        LayoutText {#text} at (314,0) size 438x19
          text run at (314,0) width 438: " below. In the layout tree the float should be inside the anonymous block."
      LayoutBlockFlow {DIV} at (0,36) size 150x45
        LayoutBlockFlow {DIV} at (0,0) size 50x25 [bgcolor=#008000]
        LayoutBlockFlow (anonymous) at (0,25) size 150x20
          LayoutBlockFlow (floating) {DIV} at (0,0) size 50x25 [bgcolor=#008000]
          LayoutText {#text} at (50,0) size 30x19
            text run at (50,0) width 30: "Text."
