CONSOLE ERROR: line 10: Error: <svg> attribute width: A negative value is not valid. ("-100")
layer at (0,0) size 800x600
  LayoutView at (0,0) size 800x600
layer at (0,0) size 800x105
  LayoutNGBlockFlow {html} at (0,0) size 800x105
    LayoutNGBlockFlow {body} at (8,8) size 784x81
      LayoutNGBlockFlow (anonymous) at (0,0) size 784x25
        LayoutSVGRoot {svg} at (0,0) size 784x20
          LayoutSVGText {text} at (10,20) size 123x12 contains 1 chunk(s)
            LayoutSVGInlineText {#text} at (10,20) size 123x12
              chunk 1 text run 1 at (10.00,30.00) startOffset 0 endOffset 30 width 123.00: "FAIL (This should not render.)"
        LayoutText {#text} at (0,0) size 0x0
      LayoutNGBlockFlow {p} at (0,41) size 784x40 [color=#008000]
        LayoutText {#text} at (0,0) size 748x39
          text run at (0,0) width 748: "This line should be green, the word \"FAIL\" should not appear on this page, but a highly perceivable indication of error"
          text run at (0,20) width 190: "should be present somewhere."
