EDITING DELEGATE: webViewDidChangeSelection:WebViewDidChangeSelectionNotification
layer at (0,0) size 800x600
  LayoutView at (0,0) size 800x600
layer at (0,0) size 800x600
  LayoutBlockFlow {HTML} at (0,0) size 800x600
    LayoutBlockFlow {BODY} at (8,8) size 784x576
      LayoutBlockFlow {DIV} at (0,0) size 250x40
        LayoutText {#text} at (0,0) size 202x19
          text run at (0,0) width 202: "Try to create a caret after this lin"
        LayoutInline {SPAN} at (202,0) size 7x19
          LayoutText {#text} at (202,0) size 7x19
            text run at (202,0) width 7: "e"
        LayoutText {#text} at (209,0) size 4x19
          text run at (209,0) width 4: " "
        LayoutInline {SPAN} at (213,0) size 0x19
        LayoutText {#text} at (0,20) size 181x19
          text run at (0,20) width 181: "thisshouldbeonthesecondline"
      LayoutBlockFlow {P} at (0,66) size 784x40
        LayoutText {#text} at (0,0) size 131x19
          text run at (0,0) width 131: "This is a testcase for "
        LayoutInline {A} at (131,0) size 343x19 [color=#0000EE]
          LayoutText {#text} at (131,0) size 343x19
            text run at (131,0) width 343: "http://bugzilla.opendarwin.org/show_bug.cgi?id=6476"
        LayoutText {#text} at (0,0) size 779x39
          text run at (474,0) width 8: ". "
          text run at (482,0) width 297: "Creating an upstream caret with the mouse was"
          text run at (0,20) width 591: "impossible if the upstream and downstream carets were separated only by unrendered content."
      LayoutBlockFlow {P} at (0,122) size 784x40
        LayoutText {#text} at (0,0) size 764x39
          text run at (0,0) width 318: "This test uses the eventSender to do mouse clicks. "
          text run at (318,0) width 446: "To run it manually, click in the space after all the text on the first line in"
          text run at (0,20) width 166: "the above editable region. "
          text run at (166,20) width 384: "Clicking should create a caret after the first space after the 'e'."
layer at (8,56) size 784x2 clip at (0,0) size 0x0
  LayoutBlockFlow {HR} at (0,48) size 784x2 [border: (1px inset #EEEEEE)]
caret: position 1 of child 2 {#text} of child 1 {DIV} of body
