EDITING DELEGATE: webViewDidChangeSelection:WebViewDidChangeSelectionNotification
EDITING DELEGATE: webViewDidChangeSelection:WebViewDidChangeSelectionNotification
EDITING DELEGATE: webViewDidChangeSelection:WebViewDidChangeSelectionNotification
EDITING DELEGATE: webViewDidChangeSelection:WebViewDidChangeSelectionNotification
layer at (0,0) size 800x600
  LayoutView at (0,0) size 800x600
layer at (0,0) size 800x600
  LayoutBlockFlow {HTML} at (0,0) size 800x600
    LayoutBlockFlow {BODY} at (8,8) size 784x584
      LayoutBlockFlow {DIV} at (0,0) size 784x332
        LayoutBlockFlow {DIV} at (0,0) size 784x296
          LayoutBlockFlow {DIV} at (0,0) size 784x20
            LayoutText {#text} at (0,0) size 299x19
              text run at (0,0) width 299: "On Feb 1, 2006, at 7:37 PM, David Hyatt wrote:"
          LayoutBlockFlow (anonymous) at (0,20) size 784x20
            LayoutBR {BR} at (0,0) size 0x19
          LayoutBlockFlow {BLOCKQUOTE} at (40,56) size 704x240 [color=#0000FF]
            LayoutBlockFlow {DIV} at (0,0) size 704x80
              LayoutText {#text} at (0,0) size 413x19
                text run at (0,0) width 413: "While reworking images I ran into something that really concerns me."
              LayoutInline {SPAN} at (0,0) size 4x19
                LayoutText {#text} at (413,0) size 4x19
                  text run at (413,0) width 4: " "
              LayoutText {#text} at (417,0) size 691x39
                text run at (417,0) width 270: "WebElementImageKey is a key added to the"
                text run at (686,0) width 5: " "
                text run at (0,20) width 370: "elementAtPoint dictionary and the key's value is an NSImage."
              LayoutInline {SPAN} at (0,0) size 4x19
                LayoutText {#text} at (370,20) size 4x19
                  text run at (370,20) width 4: " "
              LayoutText {#text} at (374,20) size 244x19
                text run at (374,20) width 244: "Unfortunately we use CGImageRef now."
              LayoutInline {SPAN} at (0,0) size 5x19
                LayoutText {#text} at (617,20) size 5x19
                  text run at (617,20) width 5: " "
              LayoutText {#text} at (621,20) size 687x59
                text run at (621,20) width 58: "What this"
                text run at (678,20) width 5: " "
                text run at (0,40) width 683: "means is that as you move the mouse around a web page we are aggressively mallocing NSImages that then move"
                text run at (683,40) width 4: " "
                text run at (0,60) width 604: "into our image cache and stay around until the CGImageRef goes away (which could be a long time)."
            LayoutBlockFlow {DIV} at (0,80) size 704x20
              LayoutBR {BR} at (0,0) size 0x19
            LayoutBlockFlow {DIV} at (0,100) size 704x60
              LayoutText {#text} at (0,0) size 297x19
                text run at (0,0) width 297: "I think this is terrible but am not sure how to fix it."
              LayoutInline {SPAN} at (0,0) size 4x19
                LayoutText {#text} at (297,0) size 4x19
                  text run at (297,0) width 4: " "
              LayoutText {#text} at (301,0) size 189x19
                text run at (301,0) width 189: "I assume this key is public API."
              LayoutInline {SPAN} at (0,0) size 4x19
                LayoutText {#text} at (490,0) size 4x19
                  text run at (490,0) width 4: " "
              LayoutText {#text} at (494,0) size 695x39
                text run at (494,0) width 197: "Could we change the key's value"
                text run at (691,0) width 4: " "
                text run at (0,20) width 179: "to be a CGImageRef instead?"
              LayoutInline {SPAN} at (0,0) size 4x19
                LayoutText {#text} at (179,20) size 4x19
                  text run at (179,20) width 4: " "
              LayoutText {#text} at (183,20) size 701x39
                text run at (183,20) width 514: "Could we just eliminate the key in favor of a DOM extension method for accessing an"
                text run at (697,20) width 4: " "
                text run at (0,40) width 65: "NSImage?"
            LayoutBlockFlow {DIV} at (0,160) size 704x20
              LayoutBR {BR} at (0,0) size 0x19
            LayoutBlockFlow {DIV} at (0,180) size 704x20
              LayoutText {#text} at (0,0) size 29x19
                text run at (0,0) width 29: "dave"
            LayoutBlockFlow {DIV} at (0,200) size 704x20
              LayoutText {#text} at (0,0) size 117x19
                text run at (0,0) width 117: "(hyatt@apple.com)"
            LayoutBlockFlow {DIV} at (0,220) size 704x20
              LayoutBR {BR} at (0,0) size 0x19
        LayoutBlockFlow (anonymous) at (0,312) size 784x20
          LayoutBR {BR} at (0,0) size 0x19
caret: position 0 of child 0 {BR} of child 6 {DIV} of child 2 {BLOCKQUOTE} of child 1 {DIV} of child 1 {DIV} of body
