EDITING DELEGATE: webViewDidChangeSelection:WebViewDidChangeSelectionNotification
EDITING DELEGATE: webViewDidChangeSelection:WebViewDidChangeSelectionNotification
EDITING DELEGATE: webViewDidChangeSelection:WebViewDidChangeSelectionNotification
EDITING DELEGATE: webViewDidChangeSelection:WebViewDidChangeSelectionNotification
EDITING DELEGATE: webViewDidChangeSelection:WebViewDidChangeSelectionNotification
EDITING DELEGATE: webViewDidChangeSelection:WebViewDidChangeSelectionNotification
layer at (0,0) size 800x600
  LayoutView at (0,0) size 800x600
layer at (0,0) size 800x600
  LayoutBlockFlow {HTML} at (0,0) size 800x600
    LayoutBlockFlow {BODY} at (8,8) size 784x584
      LayoutBlockFlow {P} at (0,0) size 784x40
        LayoutText {#text} at (0,0) size 759x39
          text run at (0,0) width 759: "This tests that when a selection that ends at [replaced element, 0] is painted, the replaced element doesn't appear selected."
          text run at (0,20) width 304: "This test uses an image for the replaced element."
      LayoutBlockFlow {DIV} at (0,56) size 784x108
        LayoutText {#text} at (0,88) size 22x19
          text run at (0,88) width 22: "abc"
        LayoutImage {IMG} at (22,0) size 76x103
        LayoutText {#text} at (98,88) size 20x19
          text run at (98,88) width 20: "def"
selection start: position 1 of child 0 {#text} of child 3 {DIV} of body
selection end:   position 4 of child 0 {#text} of child 3 {DIV} of body
