layer at (0,0) size 800x600
  LayoutView at (0,0) size 800x600
layer at (0,0) size 800x600
  LayoutBlockFlow {HTML} at (0,0) size 800x600
    LayoutBlockFlow {BODY} at (8,8) size 784x584
      LayoutText {#text} at (0,0) size 68x19
        text run at (0,0) width 68: "Test result: "
      LayoutMenuList {SELECT} at (67.88,0) size 58x20 [bgcolor=#FFFFFF] [border: (1px solid #A9A9A9)]
        LayoutBlockFlow (anonymous) at (1,1) size 56x18
          LayoutText (anonymous) at (4,1) size 35x16
            text run at (4,1) width 35: "PASS"
      LayoutText {#text} at (0,0) size 0x0
