layer at (0,0) size 800x600
  LayoutView at (0,0) size 800x600
layer at (0,0) size 800x600
  LayoutBlockFlow {HTML} at (0,0) size 800x600
    LayoutBlockFlow {BODY} at (8,8) size 784x584
      LayoutBlockFlow {P} at (0,0) size 784x40
        LayoutText {#text} at (0,0) size 111x19
          text run at (0,0) width 111: "Rendering test for "
        LayoutInline {I} at (0,0) size 764x39
          LayoutInline {A} at (0,0) size 304x19 [color=#0000EE]
            LayoutText {#text} at (111,0) size 304x19
              text run at (111,0) width 304: "http://bugs.webkit.org/show_bug.cgi?id=15156"
          LayoutText {#text} at (415,0) size 764x39
            text run at (415,0) width 4: " "
            text run at (419,0) width 345: "REGRESSION (r24594-r24668): The bottom of styled"
            text run at (0,20) width 222: "<select> button text is clipped out"
        LayoutText {#text} at (222,20) size 4x19
          text run at (222,20) width 4: "."
      LayoutBlockFlow (anonymous) at (0,56) size 784x30
        LayoutMenuList {SELECT} at (0,0) size 47x30 [bgcolor=#FFFFFF] [border: (1px solid #A9A9A9)]
          LayoutBlockFlow (anonymous) at (1,4) size 45x22
            LayoutText (anonymous) at (0,0) size 45x21
              text run at (0,0) width 45: "Apple"
        LayoutText {#text} at (0,0) size 0x0
