layer at (0,0) size 800x600
  LayoutView at (0,0) size 800x600
layer at (0,0) size 800x600
  LayoutBlockFlow {HTML} at (0,0) size 800x600
    LayoutBlockFlow {BODY} at (8,8) size 784x584
      LayoutBlockFlow {P} at (0,0) size 784x40
        LayoutText {#text} at (0,0) size 111x19
          text run at (0,0) width 111: "Rendering test for "
        LayoutInline {I} at (0,0) size 777x39
          LayoutInline {A} at (0,0) size 408x19 [color=#0000EE]
            LayoutText {#text} at (111,0) size 408x19
              text run at (111,0) width 408: "https://bugs.chromium.org/p/chromium/issues/detail?id=626278"
          LayoutText {#text} at (519,0) size 777x39
            text run at (519,0) width 4: " "
            text run at (523,0) width 254: "Regression: HTML Select's text appears"
            text run at (0,20) width 234: "chopped if appearance is set to none"
        LayoutText {#text} at (234,20) size 4x19
          text run at (234,20) width 4: "."
      LayoutBlockFlow (anonymous) at (0,56) size 784x42
        LayoutMenuList {SELECT} at (0,0) size 26x42 [bgcolor=#FFFFFF] [border: (1px solid #A9A9A9)]
          LayoutBlockFlow (anonymous) at (1,1) size 24x40
            LayoutText (anonymous) at (0,12) size 24x16
              text run at (0,12) width 24: "Test"
        LayoutText {#text} at (0,0) size 0x0
