layer at (0,0) size 800x600
  LayoutView at (0,0) size 800x600
layer at (0,0) size 800x600
  LayoutBlockFlow {HTML} at (0,0) size 800x600
    LayoutBlockFlow {BODY} at (8,8) size 784x576
      LayoutBlockFlow {P} at (0,0) size 784x20
        LayoutText {#text} at (0,0) size 50x19
          text run at (0,0) width 50: "Test for "
        LayoutInline {I} at (0,0) size 582x19
          LayoutInline {A} at (0,0) size 303x19 [color=#0000EE]
            LayoutText {#text} at (50,0) size 303x19
              text run at (50,0) width 303: "http://bugs.webkit.org/show_bug.cgi?id=11362"
          LayoutText {#text} at (353,0) size 279x19
            text run at (353,0) width 4: " "
            text run at (357,0) width 275: "Native popup with size=\"1\" wraps options"
        LayoutText {#text} at (632,0) size 4x19
          text run at (632,0) width 4: "."
      LayoutBlockFlow {P} at (0,36) size 784x20
        LayoutText {#text} at (0,0) size 32x19
          text run at (0,0) width 32: "With "
        LayoutInline {TT} at (0,0) size 64x16
          LayoutText {#text} at (32,3) size 64x16
            text run at (32,3) width 64: "size=\"1\""
        LayoutText {#text} at (96,0) size 7x19
          text run at (96,0) width 7: ": "
        LayoutMenuList {SELECT} at (103,1) size 100x18 [bgcolor=#FFFFFF] [border: (1px solid #A9A9A9)]
          LayoutBlockFlow (anonymous) at (1,1) size 98x16
            LayoutText (anonymous) at (0,0) size 187x16
              text run at (0,0) width 187: "Very long option that does not fit"
        LayoutText {#text} at (0,0) size 0x0
      LayoutBlockFlow {P} at (0,72) size 784x20
        LayoutText {#text} at (0,0) size 51x19
          text run at (0,0) width 51: "Without "
        LayoutInline {TT} at (0,0) size 32x16
          LayoutText {#text} at (51,3) size 32x16
            text run at (51,3) width 32: "size"
        LayoutText {#text} at (83,0) size 7x19
          text run at (83,0) width 7: ": "
        LayoutMenuList {SELECT} at (90,1) size 100x18 [bgcolor=#FFFFFF] [border: (1px solid #A9A9A9)]
          LayoutBlockFlow (anonymous) at (1,1) size 98x16
            LayoutText (anonymous) at (0,0) size 187x16
              text run at (0,0) width 187: "Very long option that does not fit"
        LayoutText {#text} at (0,0) size 0x0
