layer at (0,0) size 800x600
  LayoutView at (0,0) size 800x600
layer at (0,0) size 800x600
  LayoutBlockFlow {HTML} at (0,0) size 800x600
    LayoutBlockFlow {BODY} at (8,8) size 784x584
      LayoutText {#text} at (0,0) size 321x19
        text run at (0,0) width 104: "TEST PASSED: "
        text run at (104,0) width 217: "If the popup menu only says \"Text\". "
      LayoutBR {BR} at (321,15) size 0x0
      LayoutText {#text} at (0,20) size 397x19
        text run at (0,20) width 100: "TEST FAILED: "
        text run at (100,20) width 297: "If the popup menu says \"document.write('Text')\". "
      LayoutBR {BR} at (397,35) size 0x0
      LayoutMenuList {SELECT} at (0,40) size 46x20 [bgcolor=#FFFFFF] [border: (1px solid #A9A9A9)]
        LayoutBlockFlow (anonymous) at (1,1) size 44x18
          LayoutText (anonymous) at (4,1) size 24x16
            text run at (4,1) width 24: "Text"
      LayoutText {#text} at (0,0) size 0x0
