layer at (0,0) size 800x600
  LayoutView at (0,0) size 800x600
layer at (0,0) size 800x600
  LayoutBlockFlow {HTML} at (0,0) size 800x600
    LayoutBlockFlow {BODY} at (8,8) size 784x584
      LayoutBlockFlow (anonymous) at (0,0) size 784x20
        LayoutText {#text} at (0,0) size 760x19
          text run at (0,0) width 760: "This test makes sure we don't crash when trying to get the index of an option element that has no corresponding select element."
      LayoutBlockFlow {DIV} at (0,20) size 784x40
        LayoutText {#text} at (0,0) size 80x19
          text run at (0,0) width 80: "Test Passed. "
        LayoutBR {BR} at (80,15) size 0x0
        LayoutText {#text} at (0,20) size 351x19
          text run at (0,20) width 351: "Index for option element with no corresponding select is: 0"
