layer at (0,0) size 800x600
  LayoutView at (0,0) size 800x600
layer at (0,0) size 800x600
  LayoutBlockFlow {HTML} at (0,0) size 800x600
    LayoutBlockFlow {BODY} at (8,8) size 784x584
      LayoutBlockFlow {P} at (0,0) size 784x40
        LayoutText {#text} at (0,0) size 50x19
          text run at (0,0) width 50: "Test for "
        LayoutInline {I} at (0,0) size 743x39
          LayoutInline {A} at (0,0) size 306x19 [color=#0000EE]
            LayoutText {#text} at (49,0) size 306x19
              text run at (49,0) width 306: "http://bugs.webkit.org/show_bug.cgi?id=12986"
          LayoutText {#text} at (354,0) size 743x39
            text run at (354,0) width 5: " "
            text run at (358,0) width 385: "REGRESSION(NativeListBox): Listboxes not updated when"
            text run at (0,20) width 125: "resized dynamically"
        LayoutText {#text} at (124,20) size 5x19
          text run at (124,20) width 5: "."
      LayoutBlockFlow {P} at (0,56) size 784x20
        LayoutText {#text} at (0,0) size 297x19
          text run at (0,0) width 297: "This list box should be tall enough to fit 6 options."
      LayoutBlockFlow (anonymous) at (0,92) size 784x104
        LayoutText {#text} at (0,0) size 0x0
layer at (8,100) size 53x104 clip at (9,101) size 36x102
  LayoutListBox {SELECT} at (0,0) size 53x104 [bgcolor=#FFFFFF] [border: (1px solid #A9A9A9)]
    LayoutBlockFlow {OPTION} at (1,1) size 36x17
      LayoutText {#text} at (2,0) size 24x16
        text run at (2,0) width 24: "One"
    LayoutBlockFlow {OPTION} at (1,18) size 36x17
      LayoutText {#text} at (2,0) size 23x16
        text run at (2,0) width 23: "Two"
    LayoutBlockFlow {OPTION} at (1,35) size 36x17
      LayoutText {#text} at (2,0) size 32x16
        text run at (2,0) width 32: "Three"
    LayoutBlockFlow {OPTION} at (1,52) size 36x17
      LayoutText {#text} at (2,0) size 26x16
        text run at (2,0) width 26: "Four"
    LayoutBlockFlow {OPTION} at (1,69) size 36x17
      LayoutText {#text} at (2,0) size 23x16
        text run at (2,0) width 23: "Five"
    LayoutBlockFlow {OPTION} at (1,86) size 36x17
      LayoutText {#text} at (2,0) size 19x16
        text run at (2,0) width 19: "Six"
