layer at (0,0) size 800x600
  LayoutView at (0,0) size 800x600
layer at (0,0) size 800x600
  LayoutBlockFlow {HTML} at (0,0) size 800x600
    LayoutBlockFlow {BODY} at (8,8) size 784x584
layer at (8,8) size 784x153 clip at (8,8) size 769x138
  LayoutBlockFlow {DIV} at (0,0) size 784x153
    LayoutText {#text} at (0,0) size 0x0
layer at (8,8) size 56x138 clip at (9,9) size 39x121 scrollHeight 170
  LayoutListBox {SELECT} at (0,0) size 56x138 [bgcolor=#FFFFFF] [border: (1px solid #A9A9A9)]
    LayoutBlockFlow {OPTION} at (1,1) size 39x17
      LayoutText {#text} at (2,0) size 24x16
        text run at (2,0) width 24: "One"
    LayoutBlockFlow {OPTION} at (1,18) size 39x17
      LayoutText {#text} at (2,0) size 22x16
        text run at (2,0) width 22: "Two"
    LayoutBlockFlow {OPTION} at (1,35) size 39x17
      LayoutText {#text} at (2,0) size 32x16
        text run at (2,0) width 32: "Three"
    LayoutBlockFlow {OPTION} at (1,52) size 39x17
      LayoutText {#text} at (2,0) size 26x16
        text run at (2,0) width 26: "Four"
    LayoutBlockFlow {OPTION} at (1,69) size 39x17
      LayoutText {#text} at (2,0) size 23x16
        text run at (2,0) width 23: "Five"
    LayoutBlockFlow {OPTION} at (1,86) size 39x17
      LayoutText {#text} at (2,0) size 19x16
        text run at (2,0) width 19: "Six"
    LayoutBlockFlow {OPTION} at (1,103) size 39x17
      LayoutText {#text} at (2,0) size 35x16
        text run at (2,0) width 35: "Seven"
    LayoutBlockFlow {OPTION} at (1,120) size 39x17
      LayoutText {#text} at (2,0) size 30x16
        text run at (2,0) width 30: "Eight"
    LayoutBlockFlow {OPTION} at (1,137) size 39x17
      LayoutText {#text} at (2,0) size 26x16
        text run at (2,0) width 26: "Nine"
    LayoutBlockFlow {OPTION} at (1,154) size 39x17
      LayoutText {#text} at (2,0) size 20x16
        text run at (2,0) width 20: "Ten"
