layer at (0,0) size 800x600
  LayoutView at (0,0) size 800x600
layer at (0,0) size 800x87
  LayoutBlockFlow {HTML} at (0,0) size 800x87
    LayoutBlockFlow {BODY} at (8,8) size 784x71
      LayoutText {#text} at (0,0) size 0x0
layer at (8,8) size 370x70 clip at (9,9) size 353x68
  LayoutListBox {SELECT} at (0,0) size 369.77x70 [bgcolor=#FFFFFF] [border: (1px solid #A9A9A9)]
    LayoutBlockFlow {OPTION} at (1,1) size 352.77x17 [color=#FFFFCC] [bgcolor=#0000FF]
      LayoutText {#text} at (2,0) size 349x16
        text run at (2,0) width 349: "make-the-item-long-enough-to-make-a-difference-in-pixel-test"
    LayoutBlockFlow {OPTION} at (1,18) size 352.77x17
      LayoutText {#text} at (2,0) size 7x16
        text run at (2,0) width 7: "b"
