layer at (0,0) size 800x600
  LayoutView at (0,0) size 800x600
layer at (0,0) size 800x600
  LayoutBlockFlow {HTML} at (0,0) size 800x600
    LayoutBlockFlow {BODY} at (8,8) size 784x584
      LayoutText {#text} at (0,0) size 524x19
        text run at (0,0) width 239: "This tests that styled popups look right. "
        text run at (239,0) width 285: "(Aqua for now- later, we will honor the styling)."
      LayoutBR {BR} at (524,15) size 0x0
      LayoutMenuList {SELECT} at (0,20) size 44x20 [bgcolor=#FF0000] [border: (1px solid #A9A9A9)]
        LayoutBlockFlow (anonymous) at (1,1) size 42x18
          LayoutText (anonymous) at (4,1) size 22x16
            text run at (4,1) width 22: "test"
      LayoutText {#text} at (44,20) size 4x19
        text run at (44,20) width 4: " "
      LayoutBR {BR} at (48,35) size 0x0
      LayoutText {#text} at (0,40) size 504x19
        text run at (0,40) width 504: "This tests that background color is white by default regardless of the parent element."
      LayoutBR {BR} at (504,55) size 0x0
      LayoutInline {SPAN} at (0,0) size 58x29 [bgcolor=#FF0000]
        LayoutText {#text} at (0,0) size 0x0
        LayoutMenuList {SELECT} at (5,60) size 44x20 [bgcolor=#FFFFFF] [border: (1px solid #A9A9A9)]
          LayoutBlockFlow (anonymous) at (1,1) size 42x18
            LayoutText (anonymous) at (4,1) size 22x16
              text run at (4,1) width 22: "test"
        LayoutText {#text} at (49,60) size 4x19
          text run at (49,60) width 4: " "
      LayoutText {#text} at (0,0) size 0x0
      LayoutBR {BR} at (0,0) size 0x0
      LayoutText {#text} at (0,80) size 594x19
        text run at (0,80) width 594: "This tests that background color is inherited from the parent if background-color:inherit is specified."
      LayoutBR {BR} at (594,95) size 0x0
      LayoutInline {SPAN} at (0,0) size 58x29 [bgcolor=#FF0000]
        LayoutText {#text} at (0,0) size 0x0
        LayoutMenuList {SELECT} at (5,100) size 44x20 [border: (1px solid #A9A9A9)]
          LayoutBlockFlow (anonymous) at (1,1) size 42x18
            LayoutText (anonymous) at (4,1) size 22x16
              text run at (4,1) width 22: "test"
        LayoutText {#text} at (49,100) size 4x19
          text run at (49,100) width 4: " "
      LayoutText {#text} at (0,0) size 0x0
      LayoutBR {BR} at (0,0) size 0x0
      LayoutText {#text} at (0,120) size 612x19
        text run at (0,120) width 612: "This tests that background color is the same as the parent if background-color:transparent is specified."
      LayoutBR {BR} at (612,135) size 0x0
      LayoutInline {SPAN} at (0,0) size 58x29 [bgcolor=#FF0000]
        LayoutText {#text} at (0,0) size 0x0
        LayoutMenuList {SELECT} at (5,140) size 44x20 [border: (1px solid #A9A9A9)]
          LayoutBlockFlow (anonymous) at (1,1) size 42x18
            LayoutText (anonymous) at (4,1) size 22x16
              text run at (4,1) width 22: "test"
        LayoutText {#text} at (49,140) size 4x19
          text run at (49,140) width 4: " "
      LayoutText {#text} at (0,0) size 0x0
      LayoutBR {BR} at (0,0) size 0x0
      LayoutText {#text} at (0,160) size 470x19
        text run at (0,160) width 470: "This tests that background is white if only background-image:none is specified."
      LayoutBR {BR} at (470,175) size 0x0
      LayoutMenuList {SELECT} at (0,180) size 44x20 [bgcolor=#FFFFFF] [border: (1px solid #A9A9A9)]
        LayoutBlockFlow (anonymous) at (1,1) size 42x18
          LayoutText (anonymous) at (4,1) size 22x16
            text run at (4,1) width 22: "test"
      LayoutText {#text} at (44,180) size 4x19
        text run at (44,180) width 4: " "
      LayoutBR {BR} at (48,195) size 0x0
      LayoutText {#text} at (0,200) size 396x19
        text run at (0,200) width 396: "This tests that the image specified for background-image is visible."
      LayoutBR {BR} at (396,215) size 0x0
      LayoutMenuList {SELECT} at (0,220) size 44x20 [bgcolor=#FFFFFF] [border: (1px solid #A9A9A9)]
        LayoutBlockFlow (anonymous) at (1,1) size 42x18
          LayoutText (anonymous) at (4,1) size 22x16
            text run at (4,1) width 22: "test"
      LayoutText {#text} at (0,0) size 0x0
