layer at (0,0) size 800x600
  LayoutView at (0,0) size 800x600
layer at (0,0) size 800x600
  LayoutBlockFlow {HTML} at (0,0) size 800x600
    LayoutBlockFlow {BODY} at (8,8) size 784x584
      LayoutBlockFlow {P} at (0,0) size 784x20
        LayoutText {#text} at (0,0) size 593x19
          text run at (0,0) width 593 LTR override: "This tests that native pop-ups are rendered in logical order even in visually-ordered Hebrew pages."
      LayoutBlockFlow {P} at (0,54) size 784x20
        LayoutText {#text} at (0,0) size 362x19
          text run at (0,0) width 362 LTR override: "Text on the pop-up and in the list should look like this: \x{5E8}\x{5D5}\x{5EA}\x{5E4}\x{5DB}"
      LayoutBlockFlow (anonymous) at (0,90) size 784x20
        LayoutMenuList {SELECT} at (0,0) size 53x20 [bgcolor=#FFFFFF] [border: (1px solid #A9A9A9)]
          LayoutBlockFlow (anonymous) at (1,1) size 51x18
            LayoutText (anonymous) at (4,1) size 31x16
              text run at (4,1) width 31 RTL: "\x{5DB}\x{5E4}\x{5EA}\x{5D5}\x{5E8}"
        LayoutText {#text} at (0,0) size 0x0
layer at (8,44) size 784x2 clip at (0,0) size 0x0
  LayoutBlockFlow {HR} at (0,36) size 784x2 [border: (1px inset #EEEEEE)]
