layer at (0,0) size 800x600
  LayoutView at (0,0) size 800x600
layer at (0,0) size 800x600
  LayoutBlockFlow {HTML} at (0,0) size 800x600
    LayoutBlockFlow {BODY} at (8,8) size 784x584
      LayoutBlockFlow {P} at (0,0) size 784x40
        LayoutText {#text} at (0,0) size 50x19
          text run at (0,0) width 50: "Test for "
        LayoutInline {I} at (0,0) size 715x39
          LayoutInline {A} at (0,0) size 304x19 [color=#0000EE]
            LayoutText {#text} at (50,0) size 304x19
              text run at (50,0) width 304: "http://bugs.webkit.org/show_bug.cgi?id=13775"
          LayoutText {#text} at (354,0) size 715x39
            text run at (354,0) width 4: " "
            text run at (358,0) width 357: "REGRESSION: Popup button text should use \"natural\""
            text run at (0,20) width 330: "directionality to match the items in the popup menu"
        LayoutText {#text} at (330,20) size 4x19
          text run at (330,20) width 4: "."
      LayoutBlockFlow {P} at (0,56) size 784x20
        LayoutText {#text} at (0,0) size 629x19
          text run at (0,0) width 484: "In all of the popup buttons below, the letter A should be on the left and the letter "
          text run at (484,0) width 8 RTL: "\x{5D0}"
          text run at (492,0) width 137: " should be on the right."
      LayoutBlockFlow {DIV} at (0,92) size 784x40
        LayoutBlockFlow {DIV} at (0,0) size 784x20
          LayoutMenuList {SELECT} at (0,0) size 70x20 [bgcolor=#FFFFFF] [border: (1px solid #A9A9A9)]
            LayoutBlockFlow (anonymous) at (1,1) size 68x18
              LayoutText (anonymous) at (4,1) size 16x16
                text run at (4,1) width 7 RTL: "\x{5D0}"
                text run at (11,1) width 9: "A"
          LayoutText {#text} at (70,0) size 4x19
            text run at (70,0) width 4: " "
          LayoutMenuList {SELECT} at (74,0) size 70x20 [bgcolor=#FFFFFF] [border: (1px solid #A9A9A9)]
            LayoutBlockFlow (anonymous) at (1,1) size 68x18
              LayoutText (anonymous) at (4,1) size 16x16
                text run at (4,1) width 9: "A"
                text run at (13,1) width 7 RTL: "\x{5D0}"
          LayoutText {#text} at (144,0) size 4x19
            text run at (144,0) width 4: " "
          LayoutMenuList {SELECT} at (148,0) size 70x20 [bgcolor=#FFFFFF] [border: (1px solid #A9A9A9)]
            LayoutBlockFlow (anonymous) at (1,1) size 68x18
              LayoutText (anonymous) at (4,1) size 20x16
                text run at (4,1) width 4: "("
                text run at (8,1) width 7 RTL: "\x{5D0}"
                text run at (15,1) width 9: "A"
          LayoutText {#text} at (218,0) size 4x19
            text run at (218,0) width 4: " "
          LayoutMenuList {SELECT} at (222,0) size 70x20 [bgcolor=#FFFFFF] [border: (1px solid #A9A9A9)]
            LayoutBlockFlow (anonymous) at (1,1) size 68x18
              LayoutText (anonymous) at (4,1) size 20x16
                text run at (4,1) width 13: "(A"
                text run at (17,1) width 7 RTL: "\x{5D0}"
          LayoutText {#text} at (0,0) size 0x0
        LayoutBlockFlow {DIV} at (0,20) size 784x20
          LayoutMenuList {SELECT} at (492,0) size 70x20 [bgcolor=#FFFFFF] [border: (1px solid #A9A9A9)]
            LayoutBlockFlow (anonymous) at (1,1) size 68x18
              LayoutText (anonymous) at (4,1) size 16x16
                text run at (4,1) width 7 RTL: "\x{5D0}"
                text run at (11,1) width 9: "A"
          LayoutText {#text} at (562,0) size 4x19
            text run at (562,0) width 4: " "
          LayoutMenuList {SELECT} at (566,0) size 70x20 [bgcolor=#FFFFFF] [border: (1px solid #A9A9A9)]
            LayoutBlockFlow (anonymous) at (1,1) size 68x18
              LayoutText (anonymous) at (4,1) size 16x16
                text run at (4,1) width 9: "A"
                text run at (13,1) width 7 RTL: "\x{5D0}"
          LayoutText {#text} at (636,0) size 4x19
            text run at (636,0) width 4: " "
          LayoutMenuList {SELECT} at (640,0) size 70x20 [bgcolor=#FFFFFF] [border: (1px solid #A9A9A9)]
            LayoutBlockFlow (anonymous) at (1,1) size 68x18
              LayoutText (anonymous) at (4,1) size 20x16
                text run at (4,1) width 4: "("
                text run at (8,1) width 7 RTL: "\x{5D0}"
                text run at (15,1) width 9: "A"
          LayoutText {#text} at (710,0) size 4x19
            text run at (710,0) width 4: " "
          LayoutMenuList {SELECT} at (714,0) size 70x20 [bgcolor=#FFFFFF] [border: (1px solid #A9A9A9)]
            LayoutBlockFlow (anonymous) at (1,1) size 68x18
              LayoutText (anonymous) at (4,1) size 20x16
                text run at (4,1) width 13: "(A"
                text run at (17,1) width 7 RTL: "\x{5D0}"
          LayoutText {#text} at (0,0) size 0x0
      LayoutBlockFlow {DIV} at (0,132) size 784x40
        LayoutBlockFlow {DIV} at (0,0) size 784x20
          LayoutMenuList {SELECT} at (222,0) size 70x20 [bgcolor=#FFFFFF] [border: (1px solid #A9A9A9)]
            LayoutBlockFlow (anonymous) at (1,1) size 68x18
              LayoutText (anonymous) at (48,1) size 16x16
                text run at (48,1) width 9: "A"
                text run at (57,1) width 7 RTL: "\x{5D0}"
          LayoutText {#text} at (218,0) size 4x19
            text run at (218,0) width 4 RTL: " "
          LayoutMenuList {SELECT} at (148,0) size 70x20 [bgcolor=#FFFFFF] [border: (1px solid #A9A9A9)]
            LayoutBlockFlow (anonymous) at (1,1) size 68x18
              LayoutText (anonymous) at (48,1) size 16x16
                text run at (48,1) width 7 RTL: "\x{5D0}"
                text run at (55,1) width 9: "A"
          LayoutText {#text} at (144,0) size 4x19
            text run at (144,0) width 4 RTL: " "
          LayoutMenuList {SELECT} at (74,0) size 70x20 [bgcolor=#FFFFFF] [border: (1px solid #A9A9A9)]
            LayoutBlockFlow (anonymous) at (1,1) size 68x18
              LayoutText (anonymous) at (44,1) size 20x16
                text run at (44,1) width 9: "A"
                text run at (53,1) width 11 RTL: "(\x{5D0}"
          LayoutText {#text} at (70,0) size 4x19
            text run at (70,0) width 4 RTL: " "
          LayoutMenuList {SELECT} at (0,0) size 70x20 [bgcolor=#FFFFFF] [border: (1px solid #A9A9A9)]
            LayoutBlockFlow (anonymous) at (1,1) size 68x18
              LayoutText (anonymous) at (44,1) size 20x16
                text run at (44,1) width 7 RTL: "\x{5D0}"
                text run at (51,1) width 9: "A"
                text run at (60,1) width 4 RTL: "("
          LayoutText {#text} at (0,0) size 0x0
        LayoutBlockFlow {DIV} at (0,20) size 784x20
          LayoutMenuList {SELECT} at (714,0) size 70x20 [bgcolor=#FFFFFF] [border: (1px solid #A9A9A9)]
            LayoutBlockFlow (anonymous) at (1,1) size 68x18
              LayoutText (anonymous) at (48,1) size 16x16
                text run at (48,1) width 9: "A"
                text run at (57,1) width 7 RTL: "\x{5D0}"
          LayoutText {#text} at (710,0) size 4x19
            text run at (710,0) width 4 RTL: " "
          LayoutMenuList {SELECT} at (640,0) size 70x20 [bgcolor=#FFFFFF] [border: (1px solid #A9A9A9)]
            LayoutBlockFlow (anonymous) at (1,1) size 68x18
              LayoutText (anonymous) at (48,1) size 16x16
                text run at (48,1) width 7 RTL: "\x{5D0}"
                text run at (55,1) width 9: "A"
          LayoutText {#text} at (636,0) size 4x19
            text run at (636,0) width 4 RTL: " "
          LayoutMenuList {SELECT} at (566,0) size 70x20 [bgcolor=#FFFFFF] [border: (1px solid #A9A9A9)]
            LayoutBlockFlow (anonymous) at (1,1) size 68x18
              LayoutText (anonymous) at (44,1) size 20x16
                text run at (44,1) width 9: "A"
                text run at (53,1) width 11 RTL: "(\x{5D0}"
          LayoutText {#text} at (562,0) size 4x19
            text run at (562,0) width 4 RTL: " "
          LayoutMenuList {SELECT} at (492,0) size 70x20 [bgcolor=#FFFFFF] [border: (1px solid #A9A9A9)]
            LayoutBlockFlow (anonymous) at (1,1) size 68x18
              LayoutText (anonymous) at (44,1) size 20x16
                text run at (44,1) width 7 RTL: "\x{5D0}"
                text run at (51,1) width 9: "A"
                text run at (60,1) width 4 RTL: "("
          LayoutText {#text} at (0,0) size 0x0
