layer at (0,0) size 800x600
  LayoutView at (0,0) size 800x600
layer at (0,0) size 800x94
  LayoutBlockFlow {HTML} at (0,0) size 800x94
    LayoutBlockFlow {BODY} at (8,16) size 784x70
      LayoutBlockFlow {P} at (0,0) size 784x20
        LayoutText {#text} at (0,0) size 207x19
          text run at (0,0) width 207: "The background should be yellow."
      LayoutBlockFlow (anonymous) at (0,36) size 784x34
        LayoutMenuList {SELECT} at (0,0) size 168x34 [bgcolor=#FAFFBD] [border: (1px solid #A9A9A9)]
          LayoutBlockFlow (anonymous) at (6,6.50) size 156x21
            LayoutText (anonymous) at (4,1) size 23x18
              text run at (4,1) width 23: "CA"
        LayoutText {#text} at (0,0) size 0x0
