layer at (0,0) size 800x600
  LayoutView at (0,0) size 800x600
layer at (0,0) size 800x600
  LayoutBlockFlow {HTML} at (0,0) size 800x600
    LayoutBlockFlow {BODY} at (8,8) size 784x584
      LayoutTable {TABLE} at (0,0) size 464x142
        LayoutBlockFlow {CAPTION} at (0,0) size 464x20
          LayoutText {#text} at (46,0) size 372x19
            text run at (46,0) width 372: "Communicator 4.5 Installers for Mac and Windows Platforms"
        LayoutTableSection {THEAD} at (0,20) size 464x26
          LayoutTableRow {TR} at (0,2) size 464x22
            LayoutTableCell {TD} at (2,2) size 178x22 [r=0 c=0 rs=1 cs=1]
              LayoutText {#text} at (1,1) size 176x19
                text run at (1,1) width 176: "This is the header information"
        LayoutTableSection {TBODY} at (0,46) size 464x96
          LayoutTableRow {TR} at (0,0) size 464x22
            LayoutTableCell {TH} at (2,10) size 178x2 [r=0 c=0 rs=1 cs=1]
            LayoutTableCell {TH} at (182,0) size 106x22 [r=0 c=1 rs=1 cs=1]
              LayoutText {#text} at (1,1) size 104x19
                text run at (1,1) width 104: "Macintosh PPC"
            LayoutTableCell {TH} at (290,0) size 82x22 [r=0 c=2 rs=1 cs=1]
              LayoutText {#text} at (1,1) size 80x19
                text run at (1,1) width 80: "Windows 95"
            LayoutTableCell {TH} at (374,0) size 88x22 [r=0 c=3 rs=1 cs=1]
              LayoutText {#text} at (1,1) size 86x19
                text run at (1,1) width 86: "Windows NT"
          LayoutTableRow {TR} at (0,24) size 464x22
            LayoutTableCell {TD} at (2,24) size 178x22 [r=1 c=0 rs=1 cs=1]
              LayoutText {#text} at (1,1) size 69x19
                text run at (1,1) width 69: "Base Install"
            LayoutTableCell {TD} at (182,24) size 106x22 [r=1 c=1 rs=1 cs=1]
              LayoutText {#text} at (1,1) size 20x19
                text run at (1,1) width 20: "yes"
            LayoutTableCell {TD} at (290,24) size 82x22 [r=1 c=2 rs=1 cs=1]
              LayoutText {#text} at (1,1) size 20x19
                text run at (1,1) width 20: "yes"
            LayoutTableCell {TD} at (374,24) size 88x22 [r=1 c=3 rs=1 cs=1]
              LayoutText {#text} at (1,1) size 20x19
                text run at (1,1) width 20: "yes"
          LayoutTableRow {TR} at (0,48) size 464x22
            LayoutTableCell {TD} at (2,48) size 178x22 [r=2 c=0 rs=1 cs=1]
              LayoutText {#text} at (1,1) size 98x19
                text run at (1,1) width 98: "Complete Install"
            LayoutTableCell {TD} at (182,48) size 106x22 [r=2 c=1 rs=1 cs=1]
              LayoutText {#text} at (1,1) size 20x19
                text run at (1,1) width 20: "yes"
            LayoutTableCell {TD} at (290,48) size 82x22 [r=2 c=2 rs=1 cs=1]
              LayoutText {#text} at (1,1) size 20x19
                text run at (1,1) width 20: "yes"
            LayoutTableCell {TD} at (374,48) size 88x22 [r=2 c=3 rs=1 cs=1]
              LayoutText {#text} at (1,1) size 20x19
                text run at (1,1) width 20: "yes"
          LayoutTableRow {TR} at (0,72) size 464x22
            LayoutTableCell {TD} at (2,72) size 178x22 [r=3 c=0 rs=1 cs=1]
              LayoutText {#text} at (1,1) size 107x19
                text run at (1,1) width 107: "Pro Edition Install"
            LayoutTableCell {TD} at (182,72) size 106x22 [r=3 c=1 rs=1 cs=1]
              LayoutText {#text} at (1,1) size 20x19
                text run at (1,1) width 20: "yes"
            LayoutTableCell {TD} at (290,72) size 82x22 [r=3 c=2 rs=1 cs=1]
              LayoutText {#text} at (1,1) size 20x19
                text run at (1,1) width 20: "yes"
            LayoutTableCell {TD} at (374,72) size 88x22 [r=3 c=3 rs=1 cs=1]
              LayoutText {#text} at (1,1) size 20x19
                text run at (1,1) width 20: "yes"
