layer at (0,0) size 800x600
  LayoutView at (0,0) size 800x600
layer at (0,0) size 800x600
  LayoutBlockFlow {HTML} at (0,0) size 800x600
    LayoutBlockFlow {BODY} at (8,8) size 784x584
      LayoutBlockFlow {P} at (0,0) size 784x40
        LayoutText {#text} at (0,0) size 770x39
          text run at (0,0) width 770: "Colgroups are used to identify column groups. This table has two distinct column groups titled 'Airport Location' and 'Car Rental"
          text run at (0,20) width 486: "Information'. The first has a width of 20%; the second has a width of 40% pixels."
      LayoutTable {TABLE} at (0,56) size 781x186 [border: (1px outset #808080)]
        LayoutTableCol {COLGROUP} at (0,0) size 0x0
        LayoutTableCol {COLGROUP} at (0,0) size 0x0
        LayoutTableSection {TBODY} at (1,1) size 779x184
          LayoutTableRow {TR} at (0,2) size 779x24
            LayoutTableCell {TH} at (2,2) size 461x24 [border: (1px inset #808080)] [r=0 c=0 rs=1 cs=2]
              LayoutText {#text} at (175,2) size 111x19
                text run at (175,2) width 111: "Airport Location"
            LayoutTableCell {TH} at (465,2) size 312x24 [border: (1px inset #808080)] [r=0 c=2 rs=1 cs=3]
              LayoutText {#text} at (78,2) size 156x19
                text run at (78,2) width 156: "Car Rental Information"
          LayoutTableRow {TR} at (0,28) size 779x24
            LayoutTableCell {TH} at (2,28) size 153x24 [border: (1px inset #808080)] [r=1 c=0 rs=1 cs=1]
              LayoutText {#text} at (49,2) size 55x19
                text run at (49,2) width 55: "Country"
            LayoutTableCell {TH} at (157,28) size 306x24 [border: (1px inset #808080)] [r=1 c=1 rs=1 cs=1]
              LayoutText {#text} at (139,2) size 28x19
                text run at (139,2) width 28: "City"
            LayoutTableCell {TH} at (465,28) size 104x24 [border: (1px inset #808080)] [r=1 c=2 rs=1 cs=1]
              LayoutText {#text} at (2,2) size 100x19
                text run at (2,2) width 100: "ABC Company"
            LayoutTableCell {TH} at (571,28) size 102x24 [border: (1px inset #808080)] [r=1 c=3 rs=1 cs=1]
              LayoutText {#text} at (2,2) size 98x19
                text run at (2,2) width 98: "EFG Company"
            LayoutTableCell {TH} at (675,28) size 102x24 [border: (1px inset #808080)] [r=1 c=4 rs=1 cs=1]
              LayoutText {#text} at (2,2) size 98x19
                text run at (2,2) width 98: "XYZ Company"
          LayoutTableRow {TR} at (0,54) size 779x24
            LayoutTableCell {TD} at (2,54) size 153x24 [border: (1px inset #808080)] [r=2 c=0 rs=1 cs=1]
              LayoutText {#text} at (2,2) size 42x19
                text run at (2,2) width 42: "France"
            LayoutTableCell {TD} at (157,54) size 306x24 [border: (1px inset #808080)] [r=2 c=1 rs=1 cs=1]
              LayoutText {#text} at (2,2) size 30x19
                text run at (2,2) width 30: "Paris"
            LayoutTableCell {TD} at (465,54) size 104x24 [border: (1px inset #808080)] [r=2 c=2 rs=1 cs=1]
              LayoutText {#text} at (2,2) size 20x19
                text run at (2,2) width 20: "yes"
            LayoutTableCell {TD} at (571,54) size 102x24 [border: (1px inset #808080)] [r=2 c=3 rs=1 cs=1]
              LayoutText {#text} at (2,2) size 20x19
                text run at (2,2) width 20: "yes"
            LayoutTableCell {TD} at (675,54) size 102x24 [border: (1px inset #808080)] [r=2 c=4 rs=1 cs=1]
              LayoutText {#text} at (2,2) size 20x19
                text run at (2,2) width 20: "yes"
          LayoutTableRow {TR} at (0,80) size 779x24
            LayoutTableCell {TD} at (2,80) size 153x24 [border: (1px inset #808080)] [r=3 c=0 rs=1 cs=1]
              LayoutText {#text} at (2,2) size 55x19
                text run at (2,2) width 55: "Germany"
            LayoutTableCell {TD} at (157,80) size 306x24 [border: (1px inset #808080)] [r=3 c=1 rs=1 cs=1]
              LayoutText {#text} at (2,2) size 56x19
                text run at (2,2) width 56: "Frankfurt"
            LayoutTableCell {TD} at (465,80) size 104x24 [border: (1px inset #808080)] [r=3 c=2 rs=1 cs=1]
              LayoutText {#text} at (2,2) size 20x19
                text run at (2,2) width 20: "yes"
            LayoutTableCell {TD} at (571,80) size 102x24 [border: (1px inset #808080)] [r=3 c=3 rs=1 cs=1]
              LayoutText {#text} at (2,2) size 20x19
                text run at (2,2) width 20: "yes"
            LayoutTableCell {TD} at (675,80) size 102x24 [border: (1px inset #808080)] [r=3 c=4 rs=1 cs=1]
              LayoutText {#text} at (2,2) size 20x19
                text run at (2,2) width 20: "yes"
          LayoutTableRow {TR} at (0,106) size 779x24
            LayoutTableCell {TD} at (2,106) size 153x24 [border: (1px inset #808080)] [r=4 c=0 rs=1 cs=1]
              LayoutText {#text} at (2,2) size 48x19
                text run at (2,2) width 48: "England"
            LayoutTableCell {TD} at (157,106) size 306x24 [border: (1px inset #808080)] [r=4 c=1 rs=1 cs=1]
              LayoutText {#text} at (2,2) size 47x19
                text run at (2,2) width 47: "London"
            LayoutTableCell {TD} at (465,106) size 104x24 [border: (1px inset #808080)] [r=4 c=2 rs=1 cs=1]
              LayoutText {#text} at (2,2) size 20x19
                text run at (2,2) width 20: "yes"
            LayoutTableCell {TD} at (571,106) size 102x24 [border: (1px inset #808080)] [r=4 c=3 rs=1 cs=1]
              LayoutText {#text} at (2,2) size 20x19
                text run at (2,2) width 20: "yes"
            LayoutTableCell {TD} at (675,106) size 102x24 [border: (1px inset #808080)] [r=4 c=4 rs=1 cs=1]
              LayoutText {#text} at (2,2) size 20x19
                text run at (2,2) width 20: "yes"
          LayoutTableRow {TR} at (0,132) size 779x24
            LayoutTableCell {TD} at (2,132) size 153x24 [border: (1px inset #808080)] [r=5 c=0 rs=1 cs=1]
              LayoutText {#text} at (2,2) size 73x19
                text run at (2,2) width 73: "Netherlands"
            LayoutTableCell {TD} at (157,132) size 306x24 [border: (1px inset #808080)] [r=5 c=1 rs=1 cs=1]
              LayoutText {#text} at (2,2) size 70x19
                text run at (2,2) width 70: "Amsterdam"
            LayoutTableCell {TD} at (465,132) size 104x24 [border: (1px inset #808080)] [r=5 c=2 rs=1 cs=1]
              LayoutText {#text} at (2,2) size 20x19
                text run at (2,2) width 20: "yes"
            LayoutTableCell {TD} at (571,132) size 102x24 [border: (1px inset #808080)] [r=5 c=3 rs=1 cs=1]
              LayoutText {#text} at (2,2) size 20x19
                text run at (2,2) width 20: "yes"
            LayoutTableCell {TD} at (675,132) size 102x24 [border: (1px inset #808080)] [r=5 c=4 rs=1 cs=1]
              LayoutText {#text} at (2,2) size 20x19
                text run at (2,2) width 20: "yes"
          LayoutTableRow {TR} at (0,158) size 779x24
            LayoutTableCell {TD} at (2,158) size 153x24 [border: (1px inset #808080)] [r=6 c=0 rs=1 cs=1]
              LayoutText {#text} at (2,2) size 31x19
                text run at (2,2) width 31: "USA"
            LayoutTableCell {TD} at (157,158) size 306x24 [border: (1px inset #808080)] [r=6 c=1 rs=1 cs=1]
              LayoutText {#text} at (2,2) size 65x19
                text run at (2,2) width 65: "New York"
            LayoutTableCell {TD} at (465,158) size 104x24 [border: (1px inset #808080)] [r=6 c=2 rs=1 cs=1]
              LayoutText {#text} at (2,2) size 20x19
                text run at (2,2) width 20: "yes"
            LayoutTableCell {TD} at (571,158) size 102x24 [border: (1px inset #808080)] [r=6 c=3 rs=1 cs=1]
              LayoutText {#text} at (2,2) size 20x19
                text run at (2,2) width 20: "yes"
            LayoutTableCell {TD} at (675,158) size 102x24 [border: (1px inset #808080)] [r=6 c=4 rs=1 cs=1]
              LayoutText {#text} at (2,2) size 20x19
                text run at (2,2) width 20: "yes"
