layer at (0,0) size 800x600
  LayoutView at (0,0) size 800x600
layer at (0,0) size 800x600
  LayoutBlockFlow {HTML} at (0,0) size 800x600
    LayoutBlockFlow {BODY} at (8,8) size 784x584
      LayoutBlockFlow {P} at (0,0) size 784x40
        LayoutText {#text} at (0,0) size 765x39
          text run at (0,0) width 765: "Colgroups are used to identify column groups. In this test case, the COLGROUP element is used in conjunction with the SPAN"
          text run at (0,20) width 636: "attribute. The table below has two distinct column groups; 'Airport Location' and 'Car Rental Information'."
      LayoutTable {TABLE} at (0,56) size 472x186 [border: (1px outset #808080)]
        LayoutTableCol {COLGROUP} at (0,0) size 0x0
        LayoutTableCol {COLGROUP} at (0,0) size 0x0
        LayoutTableSection {TBODY} at (1,1) size 470x184
          LayoutTableRow {TR} at (0,2) size 470x24
            LayoutTableCell {TH} at (2,2) size 153x24 [border: (1px inset #808080)] [r=0 c=0 rs=1 cs=2]
              LayoutText {#text} at (21,2) size 111x19
                text run at (21,2) width 111: "Airport Location"
            LayoutTableCell {TH} at (157,2) size 311x24 [border: (1px inset #808080)] [r=0 c=2 rs=1 cs=3]
              LayoutText {#text} at (78,2) size 155x19
                text run at (78,2) width 155: "Car Rental information"
          LayoutTableRow {TR} at (0,28) size 470x24
            LayoutTableCell {TH} at (2,28) size 77x24 [border: (1px inset #808080)] [r=1 c=0 rs=1 cs=1]
              LayoutText {#text} at (11,2) size 55x19
                text run at (11,2) width 55: "Country"
            LayoutTableCell {TH} at (81,28) size 74x24 [border: (1px inset #808080)] [r=1 c=1 rs=1 cs=1]
              LayoutText {#text} at (23,2) size 28x19
                text run at (23,2) width 28: "City"
            LayoutTableCell {TH} at (157,28) size 104x24 [border: (1px inset #808080)] [r=1 c=2 rs=1 cs=1]
              LayoutText {#text} at (2,2) size 100x19
                text run at (2,2) width 100: "ABC Company"
            LayoutTableCell {TH} at (263,28) size 102x24 [border: (1px inset #808080)] [r=1 c=3 rs=1 cs=1]
              LayoutText {#text} at (2,2) size 98x19
                text run at (2,2) width 98: "EFG Company"
            LayoutTableCell {TH} at (367,28) size 101x24 [border: (1px inset #808080)] [r=1 c=4 rs=1 cs=1]
              LayoutText {#text} at (2,2) size 97x19
                text run at (2,2) width 97: "XYZ Company"
          LayoutTableRow {TR} at (0,54) size 470x24
            LayoutTableCell {TD} at (2,54) size 77x24 [border: (1px inset #808080)] [r=2 c=0 rs=1 cs=1]
              LayoutText {#text} at (2,2) size 42x19
                text run at (2,2) width 42: "France"
            LayoutTableCell {TD} at (81,54) size 74x24 [border: (1px inset #808080)] [r=2 c=1 rs=1 cs=1]
              LayoutText {#text} at (2,2) size 30x19
                text run at (2,2) width 30: "Paris"
            LayoutTableCell {TD} at (157,54) size 104x24 [border: (1px inset #808080)] [r=2 c=2 rs=1 cs=1]
              LayoutText {#text} at (2,2) size 20x19
                text run at (2,2) width 20: "yes"
            LayoutTableCell {TD} at (263,54) size 102x24 [border: (1px inset #808080)] [r=2 c=3 rs=1 cs=1]
              LayoutText {#text} at (2,2) size 20x19
                text run at (2,2) width 20: "yes"
            LayoutTableCell {TD} at (367,54) size 101x24 [border: (1px inset #808080)] [r=2 c=4 rs=1 cs=1]
              LayoutText {#text} at (2,2) size 20x19
                text run at (2,2) width 20: "yes"
          LayoutTableRow {TR} at (0,80) size 470x24
            LayoutTableCell {TD} at (2,80) size 77x24 [border: (1px inset #808080)] [r=3 c=0 rs=1 cs=1]
              LayoutText {#text} at (2,2) size 55x19
                text run at (2,2) width 55: "Germany"
            LayoutTableCell {TD} at (81,80) size 74x24 [border: (1px inset #808080)] [r=3 c=1 rs=1 cs=1]
              LayoutText {#text} at (2,2) size 56x19
                text run at (2,2) width 56: "Frankfurt"
            LayoutTableCell {TD} at (157,80) size 104x24 [border: (1px inset #808080)] [r=3 c=2 rs=1 cs=1]
              LayoutText {#text} at (2,2) size 20x19
                text run at (2,2) width 20: "yes"
            LayoutTableCell {TD} at (263,80) size 102x24 [border: (1px inset #808080)] [r=3 c=3 rs=1 cs=1]
              LayoutText {#text} at (2,2) size 20x19
                text run at (2,2) width 20: "yes"
            LayoutTableCell {TD} at (367,80) size 101x24 [border: (1px inset #808080)] [r=3 c=4 rs=1 cs=1]
              LayoutText {#text} at (2,2) size 20x19
                text run at (2,2) width 20: "yes"
          LayoutTableRow {TR} at (0,106) size 470x24
            LayoutTableCell {TD} at (2,106) size 77x24 [border: (1px inset #808080)] [r=4 c=0 rs=1 cs=1]
              LayoutText {#text} at (2,2) size 48x19
                text run at (2,2) width 48: "England"
            LayoutTableCell {TD} at (81,106) size 74x24 [border: (1px inset #808080)] [r=4 c=1 rs=1 cs=1]
              LayoutText {#text} at (2,2) size 47x19
                text run at (2,2) width 47: "London"
            LayoutTableCell {TD} at (157,106) size 104x24 [border: (1px inset #808080)] [r=4 c=2 rs=1 cs=1]
              LayoutText {#text} at (2,2) size 20x19
                text run at (2,2) width 20: "yes"
            LayoutTableCell {TD} at (263,106) size 102x24 [border: (1px inset #808080)] [r=4 c=3 rs=1 cs=1]
              LayoutText {#text} at (2,2) size 20x19
                text run at (2,2) width 20: "yes"
            LayoutTableCell {TD} at (367,106) size 101x24 [border: (1px inset #808080)] [r=4 c=4 rs=1 cs=1]
              LayoutText {#text} at (2,2) size 20x19
                text run at (2,2) width 20: "yes"
          LayoutTableRow {TR} at (0,132) size 470x24
            LayoutTableCell {TD} at (2,132) size 77x24 [border: (1px inset #808080)] [r=5 c=0 rs=1 cs=1]
              LayoutText {#text} at (2,2) size 73x19
                text run at (2,2) width 73: "Netherlands"
            LayoutTableCell {TD} at (81,132) size 74x24 [border: (1px inset #808080)] [r=5 c=1 rs=1 cs=1]
              LayoutText {#text} at (2,2) size 70x19
                text run at (2,2) width 70: "Amsterdam"
            LayoutTableCell {TD} at (157,132) size 104x24 [border: (1px inset #808080)] [r=5 c=2 rs=1 cs=1]
              LayoutText {#text} at (2,2) size 20x19
                text run at (2,2) width 20: "yes"
            LayoutTableCell {TD} at (263,132) size 102x24 [border: (1px inset #808080)] [r=5 c=3 rs=1 cs=1]
              LayoutText {#text} at (2,2) size 20x19
                text run at (2,2) width 20: "yes"
            LayoutTableCell {TD} at (367,132) size 101x24 [border: (1px inset #808080)] [r=5 c=4 rs=1 cs=1]
              LayoutText {#text} at (2,2) size 20x19
                text run at (2,2) width 20: "yes"
          LayoutTableRow {TR} at (0,158) size 470x24
            LayoutTableCell {TD} at (2,158) size 77x24 [border: (1px inset #808080)] [r=6 c=0 rs=1 cs=1]
              LayoutText {#text} at (2,2) size 31x19
                text run at (2,2) width 31: "USA"
            LayoutTableCell {TD} at (81,158) size 74x24 [border: (1px inset #808080)] [r=6 c=1 rs=1 cs=1]
              LayoutText {#text} at (2,2) size 65x19
                text run at (2,2) width 65: "New York"
            LayoutTableCell {TD} at (157,158) size 104x24 [border: (1px inset #808080)] [r=6 c=2 rs=1 cs=1]
              LayoutText {#text} at (2,2) size 20x19
                text run at (2,2) width 20: "yes"
            LayoutTableCell {TD} at (263,158) size 102x24 [border: (1px inset #808080)] [r=6 c=3 rs=1 cs=1]
              LayoutText {#text} at (2,2) size 20x19
                text run at (2,2) width 20: "yes"
            LayoutTableCell {TD} at (367,158) size 101x24 [border: (1px inset #808080)] [r=6 c=4 rs=1 cs=1]
              LayoutText {#text} at (2,2) size 20x19
                text run at (2,2) width 20: "yes"
