layer at (0,0) size 800x600
  LayoutView at (0,0) size 800x600
layer at (0,0) size 800x600
  LayoutBlockFlow {HTML} at (0,0) size 800x600
    LayoutBlockFlow {BODY} at (8,8) size 784x584
      LayoutTable {TABLE} at (0,0) size 784x54 [border: (3px dashed #FF0000)]
        LayoutTableSection {TBODY} at (3,3) size 778x48
          LayoutTableRow {TR} at (0,2) size 778x44
            LayoutTableCell {TD} at (2,2) size 386x44 [border: (1px inset #FF0000)] [r=0 c=0 rs=1 cs=1]
              LayoutText {#text} at (2,2) size 352x39
                text run at (2,2) width 352: "This is a table with a red dashed border to test the STYLE"
                text run at (2,22) width 192: "attribute of the TABLE element."
            LayoutTableCell {TD} at (390,2) size 386x44 [border: (1px inset #FF0000)] [r=0 c=1 rs=1 cs=1]
              LayoutText {#text} at (2,2) size 352x39
                text run at (2,2) width 352: "This is a table with a red dashed border to test the STYLE"
                text run at (2,22) width 192: "attribute of the TABLE element."
