layer at (0,0) size 800x600
  LayoutView at (0,0) size 800x600
layer at (0,0) size 800x600
  LayoutBlockFlow {HTML} at (0,0) size 800x600
    LayoutBlockFlow {BODY} at (8,8) size 784x584
      LayoutBlockFlow (anonymous) at (0,0) size 784x20
        LayoutText {#text} at (0,0) size 431x19
          text run at (0,0) width 431: "The table displayed is two rows by three columns with center alignment."
        LayoutBR {BR} at (431,15) size 0x0
      LayoutTable {TABLE} at (290.50,20) size 203x50
        LayoutTableSection {TBODY} at (0,0) size 203x50
          LayoutTableRow {TR} at (0,2) size 203x22
            LayoutTableCell {TD} at (2,2) size 66x22 [r=0 c=0 rs=1 cs=1]
              LayoutText {#text} at (1,1) size 60x19
                text run at (1,1) width 60: "Navigator"
            LayoutTableCell {TD} at (70,2) size 68x22 [r=0 c=1 rs=1 cs=1]
              LayoutText {#text} at (1,1) size 66x19
                text run at (1,1) width 66: "Messenger"
            LayoutTableCell {TD} at (140,2) size 61x22 [r=0 c=2 rs=1 cs=1]
              LayoutText {#text} at (1,1) size 52x19
                text run at (1,1) width 52: "Collabra"
          LayoutTableRow {TR} at (0,26) size 203x22
            LayoutTableCell {TD} at (2,26) size 66x22 [r=1 c=0 rs=1 cs=1]
              LayoutText {#text} at (1,1) size 64x19
                text run at (1,1) width 64: "Composer"
            LayoutTableCell {TD} at (70,26) size 68x22 [r=1 c=1 rs=1 cs=1]
              LayoutText {#text} at (1,1) size 55x19
                text run at (1,1) width 55: "Calendar"
            LayoutTableCell {TD} at (140,26) size 61x22 [r=1 c=2 rs=1 cs=1]
              LayoutText {#text} at (1,1) size 59x19
                text run at (1,1) width 59: "Netcaster"
