layer at (0,0) size 800x600
  LayoutView at (0,0) size 800x600
layer at (0,0) size 800x600
  LayoutBlockFlow {HTML} at (0,0) size 800x600
    LayoutBlockFlow {BODY} at (8,8) size 784x584
      LayoutBlockFlow (anonymous) at (0,0) size 784x40
        LayoutText {#text} at (0,0) size 572x19
          text run at (0,0) width 572: "This table uses a COLSPAN attribute in the TD tag. The COLSPAN attribute has a value of 6."
        LayoutBR {BR} at (571,15) size 1x0
        LayoutBR {BR} at (0,20) size 0x19
      LayoutTable {TABLE} at (0,40) size 335x56 [border: (1px outset #808080)]
        LayoutTableSection {TBODY} at (1,1) size 333x54
          LayoutTableRow {TR} at (0,2) size 333x24
            LayoutTableCell {TD} at (2,2) size 329x24 [border: (1px inset #808080)] [r=0 c=0 rs=1 cs=6]
              LayoutText {#text} at (2,2) size 248x19
                text run at (2,2) width 248: "Netscape Communicator 4.0.6 Platforms"
          LayoutTableRow {TR} at (0,28) size 333x24
            LayoutTableCell {TD} at (2,28) size 60x24 [border: (1px inset #808080)] [r=1 c=0 rs=1 cs=1]
              LayoutText {#text} at (2,2) size 56x19
                text run at (2,2) width 56: "Mac 68k"
            LayoutTableCell {TD} at (64,28) size 76x24 [border: (1px inset #808080)] [r=1 c=1 rs=1 cs=1]
              LayoutText {#text} at (2,2) size 72x19
                text run at (2,2) width 72: "Power Mac"
            LayoutTableCell {TD} at (142,28) size 53x24 [border: (1px inset #808080)] [r=1 c=2 rs=1 cs=1]
              LayoutText {#text} at (2,2) size 49x19
                text run at (2,2) width 49: "Win 3.1"
            LayoutTableCell {TD} at (197,28) size 49x24 [border: (1px inset #808080)] [r=1 c=3 rs=1 cs=1]
              LayoutText {#text} at (2,2) size 45x19
                text run at (2,2) width 45: "Win 95"
            LayoutTableCell {TD} at (248,28) size 49x24 [border: (1px inset #808080)] [r=1 c=4 rs=1 cs=1]
              LayoutText {#text} at (2,2) size 45x19
                text run at (2,2) width 45: "Win 98"
            LayoutTableCell {TD} at (299,28) size 32x24 [border: (1px inset #808080)] [r=1 c=5 rs=1 cs=1]
              LayoutText {#text} at (2,2) size 28x19
                text run at (2,2) width 28: "Unix"
