layer at (0,0) size 800x600
  LayoutView at (0,0) size 800x600
layer at (0,0) size 800x600
  LayoutBlockFlow {HTML} at (0,0) size 800x600
    LayoutBlockFlow {BODY} at (8,8) size 784x584
      LayoutTable {TABLE} at (0,0) size 744x30 [bgcolor=#00FF00] [border: (1px outset #808080)]
        LayoutTableSection {TBODY} at (1,1) size 742x28
          LayoutTableRow {TR} at (0,2) size 742x24
            LayoutTableCell {TD} at (2,2) size 368x24 [border: (1px inset #808080)] [r=0 c=0 rs=1 cs=1]
              LayoutText {#text} at (2,2) size 364x19
                text run at (2,2) width 364: "Here is a table with a lime background using the ID attribute."
            LayoutTableCell {TD} at (372,2) size 368x24 [border: (1px inset #808080)] [r=0 c=1 rs=1 cs=1]
              LayoutText {#text} at (2,2) size 364x19
                text run at (2,2) width 364: "Here is a table with a lime background using the ID attribute."
      LayoutBlockFlow (anonymous) at (0,30) size 784x40
        LayoutBR {BR} at (0,0) size 0x19
        LayoutBR {BR} at (0,20) size 0x19
      LayoutTable {TABLE} at (0,70) size 510x30 [border: (1px outset #808080)]
        LayoutTableSection {TBODY} at (1,1) size 508x28
          LayoutTableRow {TR} at (0,2) size 508x24
            LayoutTableCell {TD} at (2,2) size 251x24 [border: (1px inset #808080)] [r=0 c=0 rs=1 cs=1]
              LayoutText {#text} at (2,2) size 247x19
                text run at (2,2) width 247: "Here is a table with no ID attribute value."
            LayoutTableCell {TD} at (255,2) size 251x24 [border: (1px inset #808080)] [r=0 c=1 rs=1 cs=1]
              LayoutText {#text} at (2,2) size 247x19
                text run at (2,2) width 247: "Here is a table with no ID attribute value."
