layer at (0,0) size 800x600
  LayoutView at (0,0) size 800x600
layer at (0,0) size 800x600
  LayoutBlockFlow {HTML} at (0,0) size 800x600
    LayoutBlockFlow {BODY} at (8,8) size 784x584
      LayoutTable {TABLE} at (0,0) size 398x121 [border: (2px outset #808080)]
        LayoutBlockFlow {CAPTION} at (0,0) size 398x20
          LayoutText {#text} at (13,0) size 372x19
            text run at (13,0) width 372: "Communicator 4.5 Installers for Mac and Windows Platforms"
        LayoutTableSection {TBODY} at (2,22) size 393x96
          LayoutTableRow {TR} at (0,0) size 393x25
            LayoutTableCell {TH} at (0,10) size 112x5 [border: (3px solid #808080)] [r=0 c=0 rs=1 cs=1]
            LayoutTableCell {TH} at (112,0) size 107x25 [border: (3px solid #808080)] [r=0 c=1 rs=1 cs=1]
              LayoutText {#text} at (2,4) size 104x19
                text run at (2,4) width 104: "Macintosh PPC"
            LayoutTableCell {TH} at (219,0) size 83x25 [border: (3px solid #808080)] [r=0 c=2 rs=1 cs=1]
              LayoutText {#text} at (2,4) size 80x19
                text run at (2,4) width 80: "Windows 95"
            LayoutTableCell {TH} at (302,0) size 91x25 [border: (3px solid #808080)] [r=0 c=3 rs=1 cs=1]
              LayoutText {#text} at (2,4) size 86x19
                text run at (2,4) width 86: "Windows NT"
          LayoutTableRow {TR} at (0,25) size 393x23
            LayoutTableCell {TD} at (0,25) size 112x23 [border: (1px solid #808080)] [r=1 c=0 rs=1 cs=1]
              LayoutText {#text} at (4,2) size 69x19
                text run at (4,2) width 69: "Base Install"
            LayoutTableCell {TD} at (112,25) size 107x23 [border: (1px solid #808080)] [r=1 c=1 rs=1 cs=1]
              LayoutText {#text} at (2,2) size 20x19
                text run at (2,2) width 20: "yes"
            LayoutTableCell {TD} at (219,25) size 83x23 [border: (1px solid #808080)] [r=1 c=2 rs=1 cs=1]
              LayoutText {#text} at (2,2) size 20x19
                text run at (2,2) width 20: "yes"
            LayoutTableCell {TD} at (302,25) size 91x23 [border: (1px solid #808080)] [r=1 c=3 rs=1 cs=1]
              LayoutText {#text} at (2,2) size 20x19
                text run at (2,2) width 20: "yes"
          LayoutTableRow {TR} at (0,48) size 393x23
            LayoutTableCell {TD} at (0,48) size 112x23 [border: (1px solid #808080)] [r=2 c=0 rs=1 cs=1]
              LayoutText {#text} at (4,2) size 98x19
                text run at (4,2) width 98: "Complete Install"
            LayoutTableCell {TD} at (112,48) size 107x23 [border: (1px solid #808080)] [r=2 c=1 rs=1 cs=1]
              LayoutText {#text} at (2,2) size 20x19
                text run at (2,2) width 20: "yes"
            LayoutTableCell {TD} at (219,48) size 83x23 [border: (1px solid #808080)] [r=2 c=2 rs=1 cs=1]
              LayoutText {#text} at (2,2) size 20x19
                text run at (2,2) width 20: "yes"
            LayoutTableCell {TD} at (302,48) size 91x23 [border: (1px solid #808080)] [r=2 c=3 rs=1 cs=1]
              LayoutText {#text} at (2,2) size 20x19
                text run at (2,2) width 20: "yes"
          LayoutTableRow {TR} at (0,71) size 393x25
            LayoutTableCell {TD} at (0,71) size 112x25 [border: (1px solid #808080)] [r=3 c=0 rs=1 cs=1]
              LayoutText {#text} at (4,2) size 107x19
                text run at (4,2) width 107: "Pro Edition Install"
            LayoutTableCell {TD} at (112,71) size 107x25 [border: (1px solid #808080)] [r=3 c=1 rs=1 cs=1]
              LayoutText {#text} at (2,2) size 20x19
                text run at (2,2) width 20: "yes"
            LayoutTableCell {TD} at (219,71) size 83x25 [border: (1px solid #808080)] [r=3 c=2 rs=1 cs=1]
              LayoutText {#text} at (2,2) size 20x19
                text run at (2,2) width 20: "yes"
            LayoutTableCell {TD} at (302,71) size 91x25 [border: (1px solid #808080)] [r=3 c=3 rs=1 cs=1]
              LayoutText {#text} at (2,2) size 20x19
                text run at (2,2) width 20: "yes"
