layer at (0,0) size 800x600
  LayoutView at (0,0) size 800x600
layer at (0,0) size 800x600
  LayoutBlockFlow {HTML} at (0,0) size 800x600
    LayoutBlockFlow {BODY} at (8,8) size 784x584
      LayoutBlockFlow {P} at (0,0) size 784x40
        LayoutText {#text} at (0,0) size 765x39
          text run at (0,0) width 765: "CELLPADDING specifies the amount of space between the border of the cell and its contents. The first table has a cellpadding"
          text run at (0,20) width 350: "value of 20%; the second table does not have cellpadding."
      LayoutTable {TABLE} at (0,56) size 202x132 [border: (1px outset #808080)]
        LayoutTableSection {TBODY} at (1,1) size 200x130
          LayoutTableRow {TR} at (0,2) size 200x62
            LayoutTableCell {TD} at (2,2) size 64x62 [border: (1px inset #808080)] [r=0 c=0 rs=1 cs=1]
              LayoutText {#text} at (21,21) size 22x19
                text run at (21,21) width 22: "text"
            LayoutTableCell {TD} at (68,2) size 64x62 [border: (1px inset #808080)] [r=0 c=1 rs=1 cs=1]
              LayoutText {#text} at (21,21) size 22x19
                text run at (21,21) width 22: "text"
            LayoutTableCell {TD} at (134,2) size 64x62 [border: (1px inset #808080)] [r=0 c=2 rs=1 cs=1]
              LayoutText {#text} at (21,21) size 22x19
                text run at (21,21) width 22: "text"
          LayoutTableRow {TR} at (0,66) size 200x62
            LayoutTableCell {TD} at (2,66) size 64x62 [border: (1px inset #808080)] [r=1 c=0 rs=1 cs=1]
              LayoutText {#text} at (21,21) size 22x19
                text run at (21,21) width 22: "text"
            LayoutTableCell {TD} at (68,66) size 64x62 [border: (1px inset #808080)] [r=1 c=1 rs=1 cs=1]
              LayoutText {#text} at (21,21) size 22x19
                text run at (21,21) width 22: "text"
            LayoutTableCell {TD} at (134,66) size 64x62 [border: (1px inset #808080)] [r=1 c=2 rs=1 cs=1]
              LayoutText {#text} at (21,21) size 22x19
                text run at (21,21) width 22: "text"
      LayoutBlockFlow (anonymous) at (0,188) size 784x40
        LayoutBR {BR} at (0,0) size 0x19
        LayoutBR {BR} at (0,20) size 0x19
      LayoutTable {TABLE} at (0,228) size 88x56 [border: (1px outset #808080)]
        LayoutTableSection {TBODY} at (1,1) size 86x54
          LayoutTableRow {TR} at (0,2) size 86x24
            LayoutTableCell {TD} at (2,2) size 26x24 [border: (1px inset #808080)] [r=0 c=0 rs=1 cs=1]
              LayoutText {#text} at (2,2) size 22x19
                text run at (2,2) width 22: "text"
            LayoutTableCell {TD} at (30,2) size 26x24 [border: (1px inset #808080)] [r=0 c=1 rs=1 cs=1]
              LayoutText {#text} at (2,2) size 22x19
                text run at (2,2) width 22: "text"
            LayoutTableCell {TD} at (58,2) size 26x24 [border: (1px inset #808080)] [r=0 c=2 rs=1 cs=1]
              LayoutText {#text} at (2,2) size 22x19
                text run at (2,2) width 22: "text"
          LayoutTableRow {TR} at (0,28) size 86x24
            LayoutTableCell {TD} at (2,28) size 26x24 [border: (1px inset #808080)] [r=1 c=0 rs=1 cs=1]
              LayoutText {#text} at (2,2) size 22x19
                text run at (2,2) width 22: "text"
            LayoutTableCell {TD} at (30,28) size 26x24 [border: (1px inset #808080)] [r=1 c=1 rs=1 cs=1]
              LayoutText {#text} at (2,2) size 22x19
                text run at (2,2) width 22: "text"
            LayoutTableCell {TD} at (58,28) size 26x24 [border: (1px inset #808080)] [r=1 c=2 rs=1 cs=1]
              LayoutText {#text} at (2,2) size 22x19
                text run at (2,2) width 22: "text"
