layer at (0,0) size 800x600
  LayoutView at (0,0) size 800x600
layer at (0,0) size 800x600
  LayoutBlockFlow {HTML} at (0,0) size 800x600
    LayoutBlockFlow {BODY} at (8,8) size 784x584
      LayoutBlockFlow (anonymous) at (0,0) size 784x20
        LayoutText {#text} at (0,0) size 509x19
          text run at (0,0) width 509: "The TH tag uses the WIDTH attribute. The first table's TH width is set to 500 pixels."
        LayoutBR {BR} at (509,15) size 0x0
      LayoutTable {TABLE} at (0,20) size 610x56 [border: (1px outset #808080)]
        LayoutTableSection {TBODY} at (1,1) size 608x54
          LayoutTableRow {TR} at (0,2) size 608x24
            LayoutTableCell {TH} at (2,2) size 604x24 [border: (1px inset #808080)] [r=0 c=0 rs=1 cs=1]
              LayoutText {#text} at (174,2) size 256x19
                text run at (174,2) width 256: "Netscape Communicator Version 4.0.6"
          LayoutTableRow {TR} at (0,28) size 608x24
            LayoutTableCell {TD} at (2,28) size 604x24 [border: (1px inset #808080)] [r=1 c=0 rs=1 cs=1]
              LayoutText {#text} at (2,2) size 57x19
                text run at (2,2) width 57: "Platforms"
      LayoutBlockFlow (anonymous) at (0,76) size 784x40
        LayoutBR {BR} at (0,0) size 0x19
        LayoutText {#text} at (0,20) size 295x19
          text run at (0,20) width 295: "This second table's TH width is set to 200 pixels."
        LayoutBR {BR} at (295,35) size 0x0
      LayoutTable {TABLE} at (0,116) size 210x76 [border: (1px outset #808080)]
        LayoutTableSection {TBODY} at (1,1) size 208x74
          LayoutTableRow {TR} at (0,2) size 208x44
            LayoutTableCell {TH} at (2,2) size 204x44 [border: (1px inset #808080)] [r=0 c=0 rs=1 cs=1]
              LayoutText {#text} at (20,2) size 164x39
                text run at (20,2) width 164: "Netscape Communicator"
                text run at (58,22) width 88: "Version 4.0.6"
          LayoutTableRow {TR} at (0,48) size 208x24
            LayoutTableCell {TD} at (2,48) size 204x24 [border: (1px inset #808080)] [r=1 c=0 rs=1 cs=1]
              LayoutText {#text} at (2,2) size 57x19
                text run at (2,2) width 57: "Platforms"
