layer at (0,0) size 800x600
  LayoutView at (0,0) size 800x600
layer at (0,0) size 800x600
  LayoutBlockFlow {HTML} at (0,0) size 800x600
    LayoutBlockFlow {BODY} at (8,8) size 784x584
      LayoutBlockFlow (anonymous) at (0,0) size 784x20
        LayoutText {#text} at (0,0) size 726x19
          text run at (0,0) width 726: "The TD tag uses the ALIGN attribute. The contents in the first TD tag (Netscape Communicator) should be aligned right."
        LayoutBR {BR} at (726,15) size 0x0
      LayoutTable {TABLE} at (0,20) size 280x56 [border: (1px outset #808080)]
        LayoutTableSection {TBODY} at (1,1) size 278x54
          LayoutTableRow {TR} at (0,2) size 278x24
            LayoutTableCell {TD} at (2,2) size 268x24 [border: (1px inset #808080)] [r=0 c=0 rs=1 cs=1]
              LayoutText {#text} at (115,2) size 151x19
                text run at (115,2) width 151: "Netscape Communicator"
            LayoutTableCell {TD} at (272,12) size 4x4 [border: (1px inset #808080)] [r=0 c=1 rs=1 cs=1]
          LayoutTableRow {TR} at (0,28) size 278x24
            LayoutTableCell {TD} at (2,28) size 268x24 [border: (1px inset #808080)] [r=1 c=0 rs=1 cs=1]
              LayoutText {#text} at (2,2) size 264x19
                text run at (2,2) width 264: "Available on the Mac/PC/UNIX platforms !"
