layer at (0,0) size 800x600
  LayoutView at (0,0) size 800x600
layer at (0,0) size 800x600
  LayoutBlockFlow {HTML} at (0,0) size 800x600
    LayoutBlockFlow {BODY} at (8,8) size 784x584
      LayoutBlockFlow (anonymous) at (0,0) size 784x40
        LayoutText {#text} at (0,0) size 608x19
          text run at (0,0) width 608: "This table uses a ROWSPAN attribute in the first TD tag. The ROWSPAN attribute has a value of 2."
        LayoutBR {BR} at (607,15) size 1x0
        LayoutBR {BR} at (0,20) size 0x19
      LayoutTable {TABLE} at (0,40) size 260x56 [border: (1px outset #808080)]
        LayoutTableSection {TBODY} at (1,1) size 258x54
          LayoutTableRow {TR} at (0,2) size 258x24
            LayoutTableCell {TD} at (2,15) size 61x24 [border: (1px inset #808080)] [r=0 c=0 rs=2 cs=1]
              LayoutText {#text} at (2,2) size 57x19
                text run at (2,2) width 57: "Platforms"
            LayoutTableCell {TD} at (65,2) size 191x24 [border: (1px inset #808080)] [r=0 c=1 rs=1 cs=1]
              LayoutText {#text} at (2,2) size 187x19
                text run at (2,2) width 187: "Netscape Communicator 4.0.6"
          LayoutTableRow {TR} at (0,28) size 258x24
            LayoutTableCell {TD} at (65,28) size 191x24 [border: (1px inset #808080)] [r=1 c=1 rs=1 cs=1]
              LayoutText {#text} at (2,2) size 131x19
                text run at (2,2) width 131: "Available Everywhere"
