layer at (0,0) size 800x600
  LayoutView at (0,0) size 800x600
layer at (0,0) size 800x600
  LayoutBlockFlow {HTML} at (0,0) size 800x600
    LayoutBlockFlow {BODY} at (8,8) size 784x584
      LayoutBlockFlow (anonymous) at (0,0) size 784x40
        LayoutText {#text} at (0,0) size 771x39
          text run at (0,0) width 503: "The table displayed is two rows by three columns. Each table row has been aligned "
          text run at (503,0) width 268: "left. The table has been assigned a width and"
          text run at (0,20) width 203: "border value so that it is easier to "
          text run at (203,20) width 106: "see the alignment."
        LayoutBR {BR} at (309,35) size 0x0
      LayoutTable {TABLE} at (0,40) size 300x56 [border: (1px outset #808080)]
        LayoutTableSection {TBODY} at (1,1) size 298x54
          LayoutTableRow {TR} at (0,2) size 298x24
            LayoutTableCell {TD} at (2,2) size 98x24 [border: (1px inset #808080)] [r=0 c=0 rs=1 cs=1]
              LayoutText {#text} at (19,2) size 60x19
                text run at (19,2) width 60: "Navigator"
            LayoutTableCell {TD} at (102,2) size 101x24 [border: (1px inset #808080)] [r=0 c=1 rs=1 cs=1]
              LayoutText {#text} at (17,2) size 67x19
                text run at (17,2) width 67: "Messenger"
            LayoutTableCell {TD} at (205,2) size 91x24 [border: (1px inset #808080)] [r=0 c=2 rs=1 cs=1]
              LayoutText {#text} at (19,2) size 53x19
                text run at (19,2) width 53: "Collabra"
          LayoutTableRow {TR} at (0,28) size 298x24
            LayoutTableCell {TD} at (2,28) size 98x24 [border: (1px inset #808080)] [r=1 c=0 rs=1 cs=1]
              LayoutText {#text} at (17,2) size 64x19
                text run at (17,2) width 64: "Composer"
            LayoutTableCell {TD} at (102,28) size 101x24 [border: (1px inset #808080)] [r=1 c=1 rs=1 cs=1]
              LayoutText {#text} at (23,2) size 55x19
                text run at (23,2) width 55: "Calendar"
            LayoutTableCell {TD} at (205,28) size 91x24 [border: (1px inset #808080)] [r=1 c=2 rs=1 cs=1]
              LayoutText {#text} at (16,2) size 59x19
                text run at (16,2) width 59: "Netcaster"
