layer at (0,0) size 800x600
  LayoutView at (0,0) size 800x600
layer at (0,0) size 800x600
  LayoutBlockFlow {HTML} at (0,0) size 800x600
    LayoutBlockFlow {BODY} at (8,8) size 784x584
      LayoutBlockFlow (anonymous) at (0,0) size 784x40
        LayoutText {#text} at (0,0) size 761x39
          text run at (0,0) width 691: "The table heading (The EggPlant Exchange) should not wrap when window is resized. However, the cell below the "
          text run at (690,0) width 71: "heading will"
          text run at (0,20) width 116: "wrap atuomatically."
        LayoutBR {BR} at (115,35) size 1x0
      LayoutTable {TABLE} at (0,40) size 237x56 [border: (1px outset #808080)]
        LayoutTableSection {TBODY} at (1,1) size 235x54
          LayoutTableRow {TR} at (0,2) size 235x24
            LayoutTableCell {TH} at (2,2) size 225x24 [border: (1px inset #808080)] [r=0 c=0 rs=1 cs=1]
              LayoutText {#text} at (33,2) size 159x19
                text run at (33,2) width 159: "The Eggplant Exchange"
            LayoutTableCell {TH} at (229,12) size 4x4 [border: (1px inset #808080)] [r=0 c=1 rs=1 cs=1]
          LayoutTableRow {TR} at (0,28) size 235x24
            LayoutTableCell {TD} at (2,28) size 225x24 [border: (1px inset #808080)] [r=1 c=0 rs=1 cs=1]
              LayoutText {#text} at (2,2) size 221x19
                text run at (2,2) width 221: "Lots of Recipies for Eggplant Lovers"
