layer at (0,0) size 800x600
  LayoutView at (0,0) size 800x600
layer at (0,0) size 800x600
  LayoutBlockFlow {HTML} at (0,0) size 800x600
    LayoutBlockFlow {BODY} at (8,8) size 784x584
      LayoutBlockFlow (anonymous) at (0,0) size 784x20
        LayoutText {#text} at (0,0) size 546x19
          text run at (0,0) width 546: "The TH tag uses the ALIGN attribute. The contents in the TH tag should be center aligned."
        LayoutBR {BR} at (546,15) size 0x0
      LayoutTable {TABLE} at (0,20) size 280x56 [border: (1px outset #808080)]
        LayoutTableSection {TBODY} at (1,1) size 278x54
          LayoutTableRow {TR} at (0,2) size 278x24
            LayoutTableCell {TH} at (2,2) size 268x24 [border: (1px inset #808080)] [r=0 c=0 rs=1 cs=1]
              LayoutText {#text} at (52,2) size 164x19
                text run at (52,2) width 164: "Netscape Communicator"
            LayoutTableCell {TH} at (272,12) size 4x4 [border: (1px inset #808080)] [r=0 c=1 rs=1 cs=1]
          LayoutTableRow {TR} at (0,28) size 278x24
            LayoutTableCell {TD} at (2,28) size 268x24 [border: (1px inset #808080)] [r=1 c=0 rs=1 cs=1]
              LayoutText {#text} at (2,2) size 264x19
                text run at (2,2) width 264: "Available on the Mac/PC/UNIX platforms !"
