layer at (0,0) size 800x600
  LayoutView at (0,0) size 800x600
layer at (0,0) size 800x600
  LayoutBlockFlow {HTML} at (0,0) size 800x600
    LayoutBlockFlow {BODY} at (8,8) size 784x584
      LayoutBlockFlow {P} at (0,0) size 784x60
        LayoutText {#text} at (0,0) size 783x59
          text run at (0,0) width 783: "In this test, the TFOOT section of the table contains numbers with decimals. The test uses the attribute/value ALIGN=char without"
          text run at (0,20) width 774: "the additional CHAR attribute to specify a particular character. Therefore, ALIGN=char should cause the numbers to align to the"
          text run at (0,40) width 173: "default value (decimal point)."
      LayoutTable {TABLE} at (0,76) size 493x108 [border: (1px outset #808080)]
        LayoutTableSection {THEAD} at (1,1) size 491x28
          LayoutTableRow {TR} at (0,2) size 491x24
            LayoutTableCell {TD} at (2,2) size 161x24 [border: (1px inset #808080)] [r=0 c=0 rs=1 cs=1]
              LayoutText {#text} at (2,2) size 155x19
                text run at (2,2) width 155: "This text is in the THEAD"
            LayoutTableCell {TD} at (165,2) size 161x24 [border: (1px inset #808080)] [r=0 c=1 rs=1 cs=1]
              LayoutText {#text} at (2,2) size 155x19
                text run at (2,2) width 155: "This text is in the THEAD"
            LayoutTableCell {TD} at (328,2) size 161x24 [border: (1px inset #808080)] [r=0 c=2 rs=1 cs=1]
              LayoutText {#text} at (2,2) size 155x19
                text run at (2,2) width 155: "This text is in the THEAD"
        LayoutTableSection {TFOOT} at (1,55) size 491x52
          LayoutTableRow {TR} at (0,0) size 491x24
            LayoutTableCell {TD} at (2,0) size 161x24 [border: (1px inset #808080)] [r=0 c=0 rs=1 cs=1]
              LayoutText {#text} at (2,2) size 36x19
                text run at (2,2) width 36: "55.00"
            LayoutTableCell {TD} at (165,0) size 161x24 [border: (1px inset #808080)] [r=0 c=1 rs=1 cs=1]
              LayoutText {#text} at (2,2) size 60x19
                text run at (2,2) width 60: "55555.00"
            LayoutTableCell {TD} at (328,0) size 161x24 [border: (1px inset #808080)] [r=0 c=2 rs=1 cs=1]
              LayoutText {#text} at (2,2) size 44x19
                text run at (2,2) width 44: "555.00"
          LayoutTableRow {TR} at (0,26) size 491x24
            LayoutTableCell {TD} at (2,26) size 161x24 [border: (1px inset #808080)] [r=1 c=0 rs=1 cs=1]
              LayoutText {#text} at (2,2) size 52x19
                text run at (2,2) width 52: "1234.56"
            LayoutTableCell {TD} at (165,26) size 161x24 [border: (1px inset #808080)] [r=1 c=1 rs=1 cs=1]
              LayoutText {#text} at (2,2) size 44x19
                text run at (2,2) width 44: "123.45"
            LayoutTableCell {TD} at (328,26) size 161x24 [border: (1px inset #808080)] [r=1 c=2 rs=1 cs=1]
              LayoutText {#text} at (2,2) size 60x19
                text run at (2,2) width 60: "12345.67"
        LayoutTableSection {TBODY} at (1,29) size 491x26
          LayoutTableRow {TR} at (0,0) size 491x24
            LayoutTableCell {TD} at (2,0) size 161x24 [border: (1px inset #808080)] [r=0 c=0 rs=1 cs=1]
              LayoutText {#text} at (2,2) size 157x19
                text run at (2,2) width 157: "This text is in the TBODY"
            LayoutTableCell {TD} at (165,0) size 161x24 [border: (1px inset #808080)] [r=0 c=1 rs=1 cs=1]
              LayoutText {#text} at (2,2) size 157x19
                text run at (2,2) width 157: "This text is in the TBODY"
            LayoutTableCell {TD} at (328,0) size 161x24 [border: (1px inset #808080)] [r=0 c=2 rs=1 cs=1]
              LayoutText {#text} at (2,2) size 157x19
                text run at (2,2) width 157: "This text is in the TBODY"
        LayoutTableSection {TBODY} at (1,55) size 491x0
