layer at (0,0) size 800x600
  LayoutView at (0,0) size 800x600
layer at (0,0) size 800x600
  LayoutBlockFlow {HTML} at (0,0) size 800x600
    LayoutBlockFlow {BODY} at (8,8) size 784x584
      LayoutBlockFlow (anonymous) at (0,0) size 784x20
        LayoutText {#text} at (0,0) size 151x19
          text run at (0,0) width 151: "TFOOT VALIGN=TOP"
      LayoutTable {TABLE} at (0,20) size 784x247 [border: (1px outset #808080)]
        LayoutTableSection {THEAD} at (1,1) size 782x28
          LayoutTableRow {TR} at (0,2) size 782x24
            LayoutTableCell {TD} at (2,2) size 304x24 [border: (1px inset #808080)] [r=0 c=0 rs=1 cs=1]
              LayoutText {#text} at (2,2) size 51x19
                text run at (2,2) width 51: "THEAD"
            LayoutTableCell {TD} at (308,2) size 472x24 [border: (1px inset #808080)] [r=0 c=1 rs=1 cs=1]
              LayoutText {#text} at (2,2) size 51x19
                text run at (2,2) width 51: "THEAD"
        LayoutTableSection {TFOOT} at (1,55) size 782x191
          LayoutTableRow {TR} at (0,0) size 782x189
            LayoutTableCell {TD} at (2,0) size 304x189 [border: (1px inset #808080)] [r=0 c=0 rs=1 cs=1]
              LayoutImage {IMG} at (2,2) size 300x185
            LayoutTableCell {TD} at (308,0) size 472x44 [border: (1px inset #808080)] [r=0 c=1 rs=1 cs=1]
              LayoutText {#text} at (2,2) size 459x39
                text run at (2,2) width 459: "This text is within the TFOOT element and should be vertically aligned to the"
                text run at (2,22) width 20: "top"
        LayoutTableSection {TBODY} at (1,29) size 782x26
          LayoutTableRow {TR} at (0,0) size 782x24
            LayoutTableCell {TD} at (2,0) size 304x24 [border: (1px inset #808080)] [r=0 c=0 rs=1 cs=1]
              LayoutText {#text} at (2,2) size 53x19
                text run at (2,2) width 53: "TBODY"
            LayoutTableCell {TD} at (308,0) size 472x24 [border: (1px inset #808080)] [r=0 c=1 rs=1 cs=1]
              LayoutText {#text} at (2,2) size 53x19
                text run at (2,2) width 53: "TBODY"
        LayoutTableSection {TBODY} at (1,55) size 782x0
