layer at (0,0) size 800x600
  LayoutView at (0,0) size 800x600
layer at (0,0) size 800x600
  LayoutBlockFlow {HTML} at (0,0) size 800x600
    LayoutBlockFlow {BODY} at (8,8) size 784x584 [bgcolor=#FFFFFF]
      LayoutBlockFlow {P} at (0,0) size 784x20
        LayoutText {#text} at (0,0) size 274x19
          text run at (0,0) width 274: "Table with one purple row and one white row"
      LayoutTable {TABLE} at (0,36) size 118x56 [border: (1px outset #808080)]
        LayoutTableSection {TBODY} at (1,1) size 116x54
          LayoutTableRow {TR} at (0,2) size 116x24 [bgcolor=#800080]
            LayoutTableCell {TD} at (2,2) size 36x24 [border: (1px inset #808080)] [r=0 c=0 rs=1 cs=1]
              LayoutText {#text} at (2,2) size 32x19
                text run at (2,2) width 32: "        "
            LayoutTableCell {TD} at (40,2) size 36x24 [border: (1px inset #808080)] [r=0 c=1 rs=1 cs=1]
              LayoutText {#text} at (2,2) size 32x19
                text run at (2,2) width 32: "        "
            LayoutTableCell {TD} at (78,2) size 36x24 [border: (1px inset #808080)] [r=0 c=2 rs=1 cs=1]
              LayoutText {#text} at (2,2) size 32x19
                text run at (2,2) width 32: "        "
          LayoutTableRow {TR} at (0,28) size 116x24
            LayoutTableCell {TD} at (2,28) size 36x24 [border: (1px inset #808080)] [r=1 c=0 rs=1 cs=1]
              LayoutText {#text} at (2,2) size 32x19
                text run at (2,2) width 32: "        "
            LayoutTableCell {TD} at (40,28) size 36x24 [border: (1px inset #808080)] [r=1 c=1 rs=1 cs=1]
              LayoutText {#text} at (2,2) size 32x19
                text run at (2,2) width 32: "        "
            LayoutTableCell {TD} at (78,28) size 36x24 [border: (1px inset #808080)] [r=1 c=2 rs=1 cs=1]
              LayoutText {#text} at (2,2) size 32x19
                text run at (2,2) width 32: "        "
