layer at (0,0) size 800x600
  LayoutView at (0,0) size 800x600
layer at (0,0) size 800x126
  LayoutBlockFlow {html} at (0,0) size 800x126
    LayoutBlockFlow {body} at (8,8) size 784x110
      LayoutTable {table} at (0,0) size 600x110 [border: (1px outset #808080)]
        LayoutTableCol {colgroup} at (0,0) size 0x0
          LayoutTableCol {col} at (0,0) size 0x0
          LayoutTableCol {col} at (0,0) size 0x0
        LayoutTableSection (anonymous) at (1,1) size 598x108
          LayoutTableRow {tr} at (0,2) size 598x104
            LayoutTableCell {td} at (2,2) size 296x104 [border: (1px inset #808080)] [r=0 c=0 rs=1 cs=1]
              LayoutText {#text} at (2,2) size 288x99
                text run at (2,2) width 288: "The text in this cell text should be justified which"
                text run at (2,22) width 68: "means that "
                text run at (70,22) width 213: "the right and left margins should line"
                text run at (2,42) width 165: "up, no matter how long the "
                text run at (167,42) width 102: "content becomes"
                text run at (2,62) width 238: "(except the last line which should be left"
                text run at (2,82) width 51: "aligned)."
            LayoutTableCell {td} at (300,2) size 296x104 [border: (1px inset #808080)] [r=0 c=1 rs=1 cs=1]
              LayoutText {#text} at (2,2) size 288x99
                text run at (2,2) width 288: "The text in this cell text should be justified which"
                text run at (2,22) width 68: "means that "
                text run at (70,22) width 213: "the right and left margins should line"
                text run at (2,42) width 165: "up, no matter how long the "
                text run at (167,42) width 102: "content becomes"
                text run at (2,62) width 238: "(except the last line which should be left"
                text run at (2,82) width 51: "aligned)."
