layer at (0,0) size 800x600
  LayoutView at (0,0) size 800x600
layer at (0,0) size 800x354
  LayoutBlockFlow {html} at (0,0) size 800x354
    LayoutBlockFlow {body} at (8,16) size 784x330
      LayoutBlockFlow {p} at (0,0) size 784x20
        LayoutText {#text} at (0,0) size 255x19
          text run at (0,0) width 255: "The table below should have the following:"
      LayoutBlockFlow {ol} at (0,36) size 784x120
        LayoutListItem {li} at (40,0) size 744x20
          LayoutListMarker (anonymous) at (-16,0) size 16x19: "1"
          LayoutText {#text} at (0,0) size 112x19
            text run at (0,0) width 112: "a caption 'TABLE'"
        LayoutListItem {li} at (40,20) size 744x20
          LayoutListMarker (anonymous) at (-16,0) size 16x19: "2"
          LayoutText {#text} at (0,0) size 60x19
            text run at (0,0) width 60: "no border"
        LayoutListItem {li} at (40,40) size 744x20
          LayoutListMarker (anonymous) at (-16,0) size 16x19: "3"
          LayoutText {#text} at (0,0) size 209x19
            text run at (0,0) width 209: "3 colgroups, each with one column"
        LayoutListItem {li} at (40,60) size 744x20
          LayoutListMarker (anonymous) at (-16,0) size 16x19: "4"
          LayoutText {#text} at (0,0) size 145x19
            text run at (0,0) width 145: "a THEAD with one row"
        LayoutListItem {li} at (40,80) size 744x20
          LayoutListMarker (anonymous) at (-16,0) size 16x19: "5"
          LayoutText {#text} at (0,0) size 154x19
            text run at (0,0) width 154: "a TBODY with two rows"
        LayoutListItem {li} at (40,100) size 744x20
          LayoutListMarker (anonymous) at (-16,0) size 16x19: "6"
          LayoutText {#text} at (0,0) size 145x19
            text run at (0,0) width 145: "a TFOOT with one row"
      LayoutBlockFlow (anonymous) at (0,172) size 784x40
        LayoutBR {br} at (0,0) size 0x19
        LayoutBR {br} at (0,20) size 0x19
      LayoutTable {table} at (0,212) size 179x118
        LayoutBlockFlow {caption} at (0,0) size 179x20
          LayoutText {#text} at (66,0) size 47x19
            text run at (66,0) width 47: "TABLE"
        LayoutTableCol {colgroup} at (0,0) size 0x0
          LayoutTableCol {col} at (0,0) size 0x0
        LayoutTableCol {colgroup} at (0,0) size 0x0
          LayoutTableCol {col} at (0,0) size 0x0
        LayoutTableCol {colgroup} at (0,0) size 0x0
          LayoutTableCol {col} at (0,0) size 0x0
        LayoutTableSection {thead} at (0,20) size 179x26
          LayoutTableRow {tr} at (0,2) size 179x22
            LayoutTableCell {th} at (2,2) size 57x22 [r=0 c=0 rs=1 cs=1]
              LayoutText {#text} at (1,1) size 55x19
                text run at (1,1) width 55: "THEAD"
            LayoutTableCell {th} at (61,2) size 57x22 [r=0 c=1 rs=1 cs=1]
              LayoutText {#text} at (1,1) size 55x19
                text run at (1,1) width 55: "THEAD"
            LayoutTableCell {th} at (120,2) size 57x22 [r=0 c=2 rs=1 cs=1]
              LayoutText {#text} at (1,1) size 55x19
                text run at (1,1) width 55: "THEAD"
        LayoutTableSection {tfoot} at (0,94) size 179x24
          LayoutTableRow {tr} at (0,0) size 179x22
            LayoutTableCell {td} at (2,0) size 57x22 [r=0 c=0 rs=1 cs=1]
              LayoutText {#text} at (1,1) size 51x19
                text run at (1,1) width 51: "TFOOT"
            LayoutTableCell {td} at (61,0) size 57x22 [r=0 c=1 rs=1 cs=1]
              LayoutText {#text} at (1,1) size 51x19
                text run at (1,1) width 51: "TFOOT"
            LayoutTableCell {td} at (120,0) size 57x22 [r=0 c=2 rs=1 cs=1]
              LayoutText {#text} at (1,1) size 51x19
                text run at (1,1) width 51: "TFOOT"
        LayoutTableSection {tbody} at (0,46) size 179x48
          LayoutTableRow {tr} at (0,0) size 179x22
            LayoutTableCell {td} at (2,0) size 57x22 [r=0 c=0 rs=1 cs=1]
              LayoutText {#text} at (1,1) size 53x19
                text run at (1,1) width 53: "TBODY"
            LayoutTableCell {td} at (61,0) size 57x22 [r=0 c=1 rs=1 cs=1]
              LayoutText {#text} at (1,1) size 53x19
                text run at (1,1) width 53: "TBODY"
            LayoutTableCell {td} at (120,0) size 57x22 [r=0 c=2 rs=1 cs=1]
              LayoutText {#text} at (1,1) size 53x19
                text run at (1,1) width 53: "TBODY"
          LayoutTableRow {tr} at (0,24) size 179x22
            LayoutTableCell {td} at (2,24) size 57x22 [r=1 c=0 rs=1 cs=1]
              LayoutText {#text} at (1,1) size 53x19
                text run at (1,1) width 53: "TBODY"
            LayoutTableCell {td} at (61,24) size 57x22 [r=1 c=1 rs=1 cs=1]
              LayoutText {#text} at (1,1) size 53x19
                text run at (1,1) width 53: "TBODY"
            LayoutTableCell {td} at (120,24) size 57x22 [r=1 c=2 rs=1 cs=1]
              LayoutText {#text} at (1,1) size 53x19
                text run at (1,1) width 53: "TBODY"
