layer at (0,0) size 800x600
  LayoutView at (0,0) size 800x600
layer at (0,0) size 800x168
  LayoutBlockFlow {html} at (0,0) size 800x168
    LayoutBlockFlow {body} at (8,16) size 784x144
      LayoutBlockFlow {p} at (0,0) size 784x20
        LayoutText {#text} at (0,0) size 693x19
          text run at (0,0) width 387: "No 'number' specification is given for border. There should be a "
          text run at (386,0) width 307: "2 pixel border around the frame of the table below."
      LayoutTable {table} at (0,36) size 187x108 [border: (1px outset #808080)]
        LayoutTableCol {colgroup} at (0,0) size 0x0
          LayoutTableCol {col} at (0,0) size 0x0
        LayoutTableCol {colgroup} at (0,0) size 0x0
          LayoutTableCol {col} at (0,0) size 0x0
        LayoutTableCol {colgroup} at (0,0) size 0x0
          LayoutTableCol {col} at (0,0) size 0x0
        LayoutTableSection {thead} at (1,1) size 185x28
          LayoutTableRow {tr} at (0,2) size 185x24
            LayoutTableCell {th} at (2,2) size 59x24 [border: (1px inset #808080)] [r=0 c=0 rs=1 cs=1]
              LayoutText {#text} at (2,2) size 55x19
                text run at (2,2) width 55: "THEAD"
            LayoutTableCell {th} at (63,2) size 59x24 [border: (1px inset #808080)] [r=0 c=1 rs=1 cs=1]
              LayoutText {#text} at (2,2) size 55x19
                text run at (2,2) width 55: "THEAD"
            LayoutTableCell {th} at (124,2) size 59x24 [border: (1px inset #808080)] [r=0 c=2 rs=1 cs=1]
              LayoutText {#text} at (2,2) size 55x19
                text run at (2,2) width 55: "THEAD"
        LayoutTableSection {tfoot} at (1,81) size 185x26
          LayoutTableRow {tr} at (0,0) size 185x24
            LayoutTableCell {td} at (2,0) size 59x24 [border: (1px inset #808080)] [r=0 c=0 rs=1 cs=1]
              LayoutText {#text} at (2,2) size 51x19
                text run at (2,2) width 51: "TFOOT"
            LayoutTableCell {td} at (63,0) size 59x24 [border: (1px inset #808080)] [r=0 c=1 rs=1 cs=1]
              LayoutText {#text} at (2,2) size 51x19
                text run at (2,2) width 51: "TFOOT"
            LayoutTableCell {td} at (124,0) size 59x24 [border: (1px inset #808080)] [r=0 c=2 rs=1 cs=1]
              LayoutText {#text} at (2,2) size 51x19
                text run at (2,2) width 51: "TFOOT"
        LayoutTableSection {tbody} at (1,29) size 185x52
          LayoutTableRow {tr} at (0,0) size 185x24
            LayoutTableCell {td} at (2,0) size 59x24 [border: (1px inset #808080)] [r=0 c=0 rs=1 cs=1]
              LayoutText {#text} at (2,2) size 53x19
                text run at (2,2) width 53: "TBODY"
            LayoutTableCell {td} at (63,0) size 59x24 [border: (1px inset #808080)] [r=0 c=1 rs=1 cs=1]
              LayoutText {#text} at (2,2) size 53x19
                text run at (2,2) width 53: "TBODY"
            LayoutTableCell {td} at (124,0) size 59x24 [border: (1px inset #808080)] [r=0 c=2 rs=1 cs=1]
              LayoutText {#text} at (2,2) size 53x19
                text run at (2,2) width 53: "TBODY"
          LayoutTableRow {tr} at (0,26) size 185x24
            LayoutTableCell {td} at (2,26) size 59x24 [border: (1px inset #808080)] [r=1 c=0 rs=1 cs=1]
              LayoutText {#text} at (2,2) size 53x19
                text run at (2,2) width 53: "TBODY"
            LayoutTableCell {td} at (63,26) size 59x24 [border: (1px inset #808080)] [r=1 c=1 rs=1 cs=1]
              LayoutText {#text} at (2,2) size 53x19
                text run at (2,2) width 53: "TBODY"
            LayoutTableCell {td} at (124,26) size 59x24 [border: (1px inset #808080)] [r=1 c=2 rs=1 cs=1]
              LayoutText {#text} at (2,2) size 53x19
                text run at (2,2) width 53: "TBODY"
