layer at (0,0) size 800x600
  LayoutView at (0,0) size 800x600
layer at (0,0) size 800x64
  LayoutBlockFlow {html} at (0,0) size 800x64
    LayoutBlockFlow {body} at (8,8) size 784x48
      LayoutTable {table} at (0,0) size 510x48 [border: (1px outset #808080)]
        LayoutTableSection (anonymous) at (1,1) size 508x46
          LayoutTableRow {tr} at (0,2) size 508x42
            LayoutTableCell {td} at (2,2) size 251x42 [border: (1px inset #808080)] [r=0 c=0 rs=1 cs=1]
              LayoutText {#text} at (11,11) size 229x19
                text run at (11,11) width 229: "This cell should have an 10px padding"
            LayoutTableCell {td} at (255,2) size 251x42 [border: (1px inset #808080)] [r=0 c=1 rs=1 cs=1]
              LayoutText {#text} at (11,11) size 229x19
                text run at (11,11) width 229: "This cell should have an 10px padding"
