layer at (0,0) size 800x600
  LayoutView at (0,0) size 800x600
layer at (0,0) size 800x327
  LayoutBlockFlow {html} at (0,0) size 800x327
    LayoutBlockFlow {body} at (8,16) size 784x303
      LayoutBlockFlow {p} at (0,0) size 784x20
        LayoutText {#text} at (0,0) size 182x19
          text run at (0,0) width 182: "TBODY VALIGN=MIDDLE"
      LayoutTable {table} at (0,36) size 591x267 [border: (1px outset #808080)]
        LayoutTableSection {thead} at (1,1) size 589x28
          LayoutTableRow {tr} at (0,2) size 589x24
            LayoutTableCell {td} at (2,2) size 204x24 [border: (1px inset #808080)] [r=0 c=0 rs=1 cs=1]
              LayoutText {#text} at (2,2) size 51x19
                text run at (2,2) width 51: "THEAD"
            LayoutTableCell {td} at (208,2) size 379x24 [border: (1px inset #808080)] [r=0 c=1 rs=1 cs=1]
              LayoutText {#text} at (2,2) size 51x19
                text run at (2,2) width 51: "THEAD"
        LayoutTableSection {tfoot} at (1,240) size 589x26
          LayoutTableRow {tr} at (0,0) size 589x24
            LayoutTableCell {td} at (2,0) size 204x24 [border: (1px inset #808080)] [r=0 c=0 rs=1 cs=1]
              LayoutText {#text} at (2,2) size 51x19
                text run at (2,2) width 51: "TFOOT"
            LayoutTableCell {td} at (208,0) size 379x24 [border: (1px inset #808080)] [r=0 c=1 rs=1 cs=1]
              LayoutText {#text} at (2,2) size 51x19
                text run at (2,2) width 51: "TFOOT"
        LayoutTableSection {tbody} at (1,29) size 589x211
          LayoutTableRow {tr} at (0,0) size 589x209
            LayoutTableCell {td} at (2,0) size 204x209 [border: (1px inset #808080)] [r=0 c=0 rs=1 cs=1]
              LayoutImage {img} at (2,2) size 200x200
            LayoutTableCell {td} at (208,92) size 379x24 [border: (1px inset #808080)] [r=0 c=1 rs=1 cs=1]
              LayoutText {#text} at (2,2) size 375x19
                text run at (2,2) width 340: "This text should be vertically aligned to the middle of the "
                text run at (342,2) width 35: "image"
