layer at (0,0) size 800x600
  LayoutView at (0,0) size 800x600
layer at (0,0) size 800x220
  LayoutBlockFlow {html} at (0,0) size 800x220
    LayoutBlockFlow {body} at (8,16) size 784x196
      LayoutBlockFlow {p} at (0,0) size 784x20
        LayoutText {#text} at (0,0) size 372x19
          text run at (0,0) width 372: "The numbers in the TBODY should align at the decimal points"
      LayoutTable {table} at (0,36) size 365x160 [border: (1px outset #808080)]
        LayoutTableSection {thead} at (1,1) size 363x54
          LayoutTableRow {tr} at (0,2) size 363x24
            LayoutTableCell {td} at (2,2) size 113x24 [border: (1px inset #808080)] [r=0 c=0 rs=1 cs=1]
              LayoutText {#text} at (2,2) size 51x19
                text run at (2,2) width 51: "THEAD"
            LayoutTableCell {td} at (117,2) size 121x24 [border: (1px inset #808080)] [r=0 c=1 rs=1 cs=1]
              LayoutText {#text} at (2,2) size 51x19
                text run at (2,2) width 51: "THEAD"
            LayoutTableCell {td} at (240,2) size 121x24 [border: (1px inset #808080)] [r=0 c=2 rs=1 cs=1]
              LayoutText {#text} at (2,2) size 51x19
                text run at (2,2) width 51: "THEAD"
          LayoutTableRow {tr} at (0,28) size 363x24
            LayoutTableCell {td} at (2,28) size 113x24 [border: (1px inset #808080)] [r=1 c=0 rs=1 cs=1]
              LayoutText {#text} at (2,2) size 51x19
                text run at (2,2) width 51: "THEAD"
            LayoutTableCell {td} at (117,28) size 121x24 [border: (1px inset #808080)] [r=1 c=1 rs=1 cs=1]
              LayoutText {#text} at (2,2) size 51x19
                text run at (2,2) width 51: "THEAD"
            LayoutTableCell {td} at (240,28) size 121x24 [border: (1px inset #808080)] [r=1 c=2 rs=1 cs=1]
              LayoutText {#text} at (2,2) size 51x19
                text run at (2,2) width 51: "THEAD"
        LayoutTableSection {tfoot} at (1,107) size 363x52
          LayoutTableRow {tr} at (0,0) size 363x24
            LayoutTableCell {td} at (2,0) size 113x24 [border: (1px inset #808080)] [r=0 c=0 rs=1 cs=1]
              LayoutText {#text} at (2,2) size 51x19
                text run at (2,2) width 51: "TFOOT"
            LayoutTableCell {td} at (117,0) size 121x24 [border: (1px inset #808080)] [r=0 c=1 rs=1 cs=1]
              LayoutText {#text} at (2,2) size 51x19
                text run at (2,2) width 51: "TFOOT"
            LayoutTableCell {td} at (240,0) size 121x24 [border: (1px inset #808080)] [r=0 c=2 rs=1 cs=1]
              LayoutText {#text} at (2,2) size 51x19
                text run at (2,2) width 51: "TFOOT"
          LayoutTableRow {tr} at (0,26) size 363x24
            LayoutTableCell {td} at (2,26) size 113x24 [border: (1px inset #808080)] [r=1 c=0 rs=1 cs=1]
              LayoutText {#text} at (2,2) size 51x19
                text run at (2,2) width 51: "TFOOT"
            LayoutTableCell {td} at (117,26) size 121x24 [border: (1px inset #808080)] [r=1 c=1 rs=1 cs=1]
              LayoutText {#text} at (2,2) size 51x19
                text run at (2,2) width 51: "TFOOT"
            LayoutTableCell {td} at (240,26) size 121x24 [border: (1px inset #808080)] [r=1 c=2 rs=1 cs=1]
              LayoutText {#text} at (2,2) size 51x19
                text run at (2,2) width 51: "TFOOT"
        LayoutTableSection {tbody} at (1,55) size 363x52
          LayoutTableRow {tr} at (0,0) size 363x24
            LayoutTableCell {td} at (2,0) size 113x24 [border: (1px inset #808080)] [r=0 c=0 rs=1 cs=1]
              LayoutText {#text} at (2,2) size 93x19
                text run at (2,2) width 93: "TBODY 55.00"
            LayoutTableCell {td} at (117,0) size 121x24 [border: (1px inset #808080)] [r=0 c=1 rs=1 cs=1]
              LayoutText {#text} at (2,2) size 117x19
                text run at (2,2) width 117: "TBODY 55555.00"
            LayoutTableCell {td} at (240,0) size 121x24 [border: (1px inset #808080)] [r=0 c=2 rs=1 cs=1]
              LayoutText {#text} at (2,2) size 101x19
                text run at (2,2) width 101: "TBODY 555.00"
          LayoutTableRow {tr} at (0,26) size 363x24
            LayoutTableCell {td} at (2,26) size 113x24 [border: (1px inset #808080)] [r=1 c=0 rs=1 cs=1]
              LayoutText {#text} at (2,2) size 109x19
                text run at (2,2) width 109: "TBODY 1234.56"
            LayoutTableCell {td} at (117,26) size 121x24 [border: (1px inset #808080)] [r=1 c=1 rs=1 cs=1]
              LayoutText {#text} at (2,2) size 101x19
                text run at (2,2) width 101: "TBODY 123.45"
            LayoutTableCell {td} at (240,26) size 121x24 [border: (1px inset #808080)] [r=1 c=2 rs=1 cs=1]
              LayoutText {#text} at (2,2) size 117x19
                text run at (2,2) width 117: "TBODY 12345.67"
