layer at (0,0) size 800x600
  LayoutView at (0,0) size 800x600
layer at (0,0) size 800x362
  LayoutBlockFlow {html} at (0,0) size 800x362
    LayoutBlockFlow {body} at (8,16) size 784x338
      LayoutBlockFlow {p} at (0,0) size 784x20
        LayoutText {#text} at (0,0) size 197x19
          text run at (0,0) width 197: "TBODY VALIGN=BASELINE"
      LayoutTable {table} at (0,36) size 784x302 [border: (1px outset #808080)]
        LayoutTableSection {thead} at (1,1) size 782x28
          LayoutTableRow {tr} at (0,2) size 782x24
            LayoutTableCell {td} at (2,2) size 205x24 [border: (1px inset #808080)] [r=0 c=0 rs=1 cs=1]
              LayoutText {#text} at (2,2) size 51x19
                text run at (2,2) width 51: "THEAD"
            LayoutTableCell {td} at (209,2) size 571x24 [border: (1px inset #808080)] [r=0 c=1 rs=1 cs=1]
              LayoutText {#text} at (2,2) size 51x19
                text run at (2,2) width 51: "THEAD"
        LayoutTableSection {tfoot} at (1,275) size 782x26
          LayoutTableRow {tr} at (0,0) size 782x24
            LayoutTableCell {td} at (2,0) size 205x24 [border: (1px inset #808080)] [r=0 c=0 rs=1 cs=1]
              LayoutText {#text} at (2,2) size 51x19
                text run at (2,2) width 51: "TFOOT"
            LayoutTableCell {td} at (209,0) size 571x24 [border: (1px inset #808080)] [r=0 c=1 rs=1 cs=1]
              LayoutText {#text} at (2,2) size 51x19
                text run at (2,2) width 51: "TFOOT"
        LayoutTableSection {tbody} at (1,29) size 782x246
          LayoutTableRow {tr} at (0,0) size 782x244
            LayoutTableCell {td} at (2,22) size 205x104 [border: (1px inset #808080)] [r=0 c=0 rs=1 cs=1]
              LayoutText {#text} at (2,2) size 195x99
                text run at (2,2) width 195: "Compare the baseline of the first"
                text run at (2,22) width 128: "line of text in this cell "
                text run at (130,22) width 47: "with the"
                text run at (2,42) width 192: "baseline of the first line of text in"
                text run at (2,62) width 107: "the next cell: they "
                text run at (109,62) width 58: "should be"
                text run at (2,82) width 99: "vertically aligned"
            LayoutTableCell {td} at (209,0) size 571x244 [border: (1px inset #808080)] [r=0 c=1 rs=1 cs=1]
              LayoutText {#text} at (2,3) size 521x238
                text run at (2,3) width 515: "Compare the baseline of the first"
                text run at (2,51) width 69: "line "
                text run at (71,51) width 413: "of text in this cell with the"
                text run at (2,99) width 521: "baseline of the first line of text in"
                text run at (2,147) width 509: "the previous cell: they should be"
                text run at (2,195) width 273: "vertically aligned"
