layer at (0,0) size 800x600
  LayoutView at (0,0) size 800x600
layer at (0,0) size 800x274
  LayoutBlockFlow {html} at (0,0) size 800x274
    LayoutBlockFlow {body} at (8,16) size 784x250
      LayoutBlockFlow {p} at (0,0) size 784x20
        LayoutText {#text} at (0,0) size 123x19
          text run at (0,0) width 123: "TEST: td align=\"left\""
      LayoutBlockFlow {p} at (0,36) size 784x40
        LayoutInline {b} at (0,0) size 74x19
          LayoutText {#text} at (0,0) size 74x19
            text run at (0,0) width 74: "Example 1."
        LayoutBR {br} at (74,0) size 0x19
        LayoutText {#text} at (0,20) size 116x19
          text run at (0,20) width 116: "Table width=100%"
      LayoutTable {table} at (0,92) size 784x30 [border: (1px outset #808080)]
        LayoutTableSection (anonymous) at (1,1) size 782x28
          LayoutTableRow {tr} at (0,2) size 782x24
            LayoutTableCell {td} at (2,2) size 778x24 [border: (1px inset #808080)] [r=0 c=0 rs=1 cs=1]
              LayoutText {#text} at (2,2) size 180x19
                text run at (2,2) width 180: "Cell text should be left aligned"
      LayoutBlockFlow {p} at (0,138) size 784x40
        LayoutInline {b} at (0,0) size 74x19
          LayoutText {#text} at (0,0) size 74x19
            text run at (0,0) width 74: "Example 2."
        LayoutBR {br} at (74,0) size 0x19
        LayoutText {#text} at (0,20) size 405x19
          text run at (0,20) width 381: "No specific table width; text in second row exceeds text in first "
          text run at (381,20) width 24: "row"
      LayoutTable {table} at (0,194) size 506x56 [border: (1px outset #808080)]
        LayoutTableSection (anonymous) at (1,1) size 504x54
          LayoutTableRow {tr} at (0,2) size 504x24
            LayoutTableCell {td} at (2,2) size 500x24 [border: (1px inset #808080)] [r=0 c=0 rs=1 cs=1]
              LayoutText {#text} at (2,2) size 180x19
                text run at (2,2) width 180: "Cell text should be left aligned"
          LayoutTableRow {tr} at (0,28) size 504x24
            LayoutTableCell {td} at (2,28) size 500x24 [border: (1px inset #808080)] [r=1 c=0 rs=1 cs=1]
              LayoutText {#text} at (2,2) size 496x19
                text run at (2,2) width 400: "xxx xxx xxx xxx xxx xxx xxx xxx xxx xxx xxx xxx xxx xxx xxx xxx "
                text run at (402,2) width 96: "xxx xxx xxx xxx"
