layer at (0,0) size 800x600 scrollWidth 824
  LayoutView at (0,0) size 800x600
layer at (0,0) size 800x72
  LayoutBlockFlow {html} at (0,0) size 800x72
    LayoutBlockFlow {body} at (8,8) size 784x56
      LayoutTable {table} at (0,0) size 816x56 [border: (1px outset #808080)]
        LayoutTableSection (anonymous) at (1,1) size 814x54
          LayoutTableRow {tr} at (0,2) size 814x24
            LayoutTableCell {td} at (2,2) size 810x24 [border: (1px inset #808080)] [r=0 c=0 rs=1 cs=1]
              LayoutText {#text} at (2,2) size 806x19
                text run at (2,2) width 248: "The text in the cell should not wrap upon "
                text run at (250,2) width 232: "window resizing    x-fill x-fill x-fill x-fill "
                text run at (482,2) width 270: "x-fill x-fill x-fill x-fill x-fill x-fill x-fill x-fill x-fill "
                text run at (752,2) width 56: "x-fill x-fill"
          LayoutTableRow {tr} at (0,28) size 814x24
            LayoutTableCell {td} at (2,28) size 810x24 [border: (1px inset #808080)] [r=1 c=0 rs=1 cs=1]
              LayoutText {#text} at (2,2) size 806x19
                text run at (2,2) width 248: "The text in the cell should not wrap upon "
                text run at (250,2) width 232: "window resizing    x-fill x-fill x-fill x-fill "
                text run at (482,2) width 270: "x-fill x-fill x-fill x-fill x-fill x-fill x-fill x-fill x-fill "
                text run at (752,2) width 56: "x-fill x-fill"
