layer at (0,0) size 800x600
  LayoutView at (0,0) size 800x600
layer at (0,0) size 800x310
  LayoutBlockFlow {html} at (0,0) size 800x310
    LayoutBlockFlow {body} at (8,16) size 784x286
      LayoutBlockFlow {p} at (0,0) size 784x20
        LayoutText {#text} at (0,0) size 164x19
          text run at (0,0) width 164: "TD VALIGN=BASELINE"
      LayoutTable {table} at (0,36) size 784x250 [border: (1px outset #808080)]
        LayoutTableSection (anonymous) at (1,1) size 782x248
          LayoutTableRow {tr} at (0,2) size 782x244
            LayoutTableCell {td} at (2,24) size 205x104 [border: (1px inset #808080)] [r=0 c=0 rs=1 cs=1]
              LayoutText {#text} at (2,2) size 195x99
                text run at (2,2) width 195: "Compare the baseline of the first"
                text run at (2,22) width 40: "line of "
                text run at (42,22) width 135: "text in this cell with the"
                text run at (2,42) width 192: "baseline of the first line of text in"
                text run at (2,62) width 165: "the next cell: they should be"
                text run at (2,82) width 99: "vertically aligned"
            LayoutTableCell {td} at (209,2) size 571x244 [border: (1px inset #808080)] [r=0 c=1 rs=1 cs=1]
              LayoutText {#text} at (2,3) size 521x238
                text run at (2,3) width 353: "Compare the baseline "
                text run at (355,3) width 162: "of the first"
                text run at (2,51) width 482: "line of text in this cell with the"
                text run at (2,99) width 239: "baseline of the "
                text run at (241,99) width 282: "first line of text in"
                text run at (2,147) width 509: "the previous cell: they should be"
                text run at (2,195) width 156: "vertically "
                text run at (158,195) width 117: "aligned"
