layer at (0,0) size 800x600
  LayoutView at (0,0) size 800x600
layer at (0,0) size 800x98
  LayoutBlockFlow {html} at (0,0) size 800x98
    LayoutBlockFlow {body} at (8,8) size 784x82
      LayoutTable {table} at (0,0) size 598x82 [border: (1px outset #808080)]
        LayoutTableSection {thead} at (1,1) size 596x28 [bgcolor=#00FF00]
          LayoutTableRow {tr} at (0,2) size 596x24
            LayoutTableCell {td} at (2,2) size 295x24 [border: (1px inset #808080)] [r=0 c=0 rs=1 cs=1]
              LayoutText {#text} at (2,2) size 252x19
                text run at (2,2) width 252: "This thead should have a lime background"
            LayoutTableCell {td} at (299,2) size 295x24 [border: (1px inset #808080)] [r=0 c=1 rs=1 cs=1]
              LayoutText {#text} at (2,2) size 252x19
                text run at (2,2) width 252: "This thead should have a lime background"
        LayoutTableSection {tfoot} at (1,55) size 596x26
          LayoutTableRow {tr} at (0,0) size 596x24
            LayoutTableCell {td} at (2,0) size 295x24 [border: (1px inset #808080)] [r=0 c=0 rs=1 cs=1]
              LayoutText {#text} at (2,2) size 284x19
                text run at (2,2) width 284: "This tfoot should NOT have a lime background"
            LayoutTableCell {td} at (299,0) size 295x24 [border: (1px inset #808080)] [r=0 c=1 rs=1 cs=1]
              LayoutText {#text} at (2,2) size 284x19
                text run at (2,2) width 284: "This tfoot should NOT have a lime background"
        LayoutTableSection {tbody} at (1,29) size 596x26
          LayoutTableRow {tr} at (0,0) size 596x24
            LayoutTableCell {td} at (2,0) size 295x24 [border: (1px inset #808080)] [r=0 c=0 rs=1 cs=1]
              LayoutText {#text} at (2,2) size 291x19
                text run at (2,2) width 291: "This tbody should NOT have a lime background"
            LayoutTableCell {td} at (299,0) size 295x24 [border: (1px inset #808080)] [r=0 c=1 rs=1 cs=1]
              LayoutText {#text} at (2,2) size 291x19
                text run at (2,2) width 291: "This tbody should NOT have a lime background"
