layer at (0,0) size 800x600
  LayoutView at (0,0) size 800x600
layer at (0,0) size 800x305
  LayoutBlockFlow {html} at (0,0) size 800x305
    LayoutBlockFlow {body} at (8,16) size 784x281
      LayoutBlockFlow {p} at (0,0) size 784x20
        LayoutText {#text} at (0,0) size 164x19
          text run at (0,0) width 164: "TH VALIGN=BASELINE"
      LayoutTable {table} at (0,36) size 784x245 [border: (1px outset #808080)]
        LayoutTableSection (anonymous) at (1,1) size 782x243
          LayoutTableRow {tr} at (0,2) size 782x239
            LayoutTableCell {th} at (2,24) size 215x104 [border: (1px inset #808080)] [r=0 c=0 rs=1 cs=1]
              LayoutText {#text} at (14,2) size 205x99
                text run at (14,2) width 187: "Compare the baseline of the"
                text run at (5,22) width 77: "first line of "
                text run at (81,22) width 129: "text in this cell with"
                text run at (8,42) width 199: "the baseline of the first line of"
                text run at (25,62) width 46: "text in "
                text run at (71,62) width 119: "the next cell: they"
                text run at (17,82) width 181: "should be vertically aligned"
            LayoutTableCell {th} at (219,2) size 561x239 [border: (1px inset #808080)] [r=0 c=1 rs=1 cs=1]
              LayoutText {#text} at (2,3) size 557x233
                text run at (2,3) width 380: "Compare the baseline "
                text run at (381,3) width 178: "of the first"
                text run at (28,50) width 505: "line of text in this cell with the"
                text run at (3,97) width 253: "baseline of the "
                text run at (255,97) width 303: "first line of text in"
                text run at (11,144) width 539: "the previous cell: they should be"
                text run at (134,191) width 170: "vertically "
                text run at (303,191) width 124: "aligned"
