layer at (0,0) size 800x600
  LayoutView at (0,0) size 800x600
layer at (0,0) size 800x600
  LayoutBlockFlow {HTML} at (0,0) size 800x600
    LayoutBlockFlow {BODY} at (8,8) size 776x584
      LayoutBlockFlow {P} at (0,0) size 60x584
        LayoutText {#text} at (0,0) size 59x558
          text run at (0,0) width 508: "In this test, you should see three blocks that are aligned right within a black box. "
          text run at (0,508) width 33: "They"
          text run at (20,0) width 498: "should be stacked horizontally with the green box in between two olive boxes. "
          text run at (20,498) width 60: "The olive"
          text run at (40,0) width 283: "boxes and the green box should be 100x100."
layer at (376,8) size 340x240
  LayoutBlockFlow (positioned) {DIV} at (84,8) size 340x240 [border: (20px solid #000000)]
    LayoutBlockFlow {DIV} at (70,20) size 0x100
layer at (496,128) size 100x100
  LayoutBlockFlow (positioned) {DIV} at (120,120) size 100x100 [bgcolor=#008000]
layer at (596,128) size 100x100
  LayoutBlockFlow (positioned) {DIV} at (20,120) size 100x100 [bgcolor=#808000]
layer at (396,128) size 100x100
  LayoutBlockFlow (positioned) {DIV} at (220,120) size 100x100 [bgcolor=#808000]
