layer at (0,0) size 800x600
  LayoutView at (0,0) size 800x600
layer at (0,0) size 800x600
  LayoutBlockFlow {HTML} at (0,0) size 800x600
    LayoutBlockFlow {BODY} at (8,8) size 776x584
      LayoutBlockFlow (anonymous) at (0,0) size 80x584
        LayoutText {#text} at (0,0) size 79x560
          text run at (0,0) width 558: "In this test, you should see three blocks that are aligned to the bottom within a black box."
          text run at (20,0) width 535: "They should be stacked horizontally with the green box in between two olive boxes. "
          text run at (20,535) width 25: "The"
          text run at (40,0) width 531: "olive boxes and the green box should be 100x100, and there should be 100 pixels of"
          text run at (60,0) width 255: "padding on the top side of the box stack."
layer at (656,8) size 40x584
  LayoutBlockFlow (relative positioned) {DIV} at (96,0) size 40x584
    LayoutText {#text} at (0,22) size 39x562
      text run at (0,22) width 562: "The black box's right should be aligned with the last line in this paragraph and its top side"
      text run at (20,316) width 4 RTL: "."
      text run at (20,320) width 264: "should begin after the end of this sentence"
    LayoutText {#text} at (0,0) size 0x0
layer at (336,84) size 340x240
  LayoutBlockFlow (positioned) {SPAN} at (20,76) size 340x240 [border: (20px solid #000000)]
layer at (456,204) size 100x100
  LayoutBlockFlow (positioned) {DIV} at (120,120) size 100x100 [bgcolor=#008000]
layer at (556,204) size 100x100
  LayoutBlockFlow (positioned) {DIV} at (20,120) size 100x100 [bgcolor=#808000]
layer at (356,204) size 100x100
  LayoutBlockFlow (positioned) {DIV} at (220,120) size 100x100 [bgcolor=#808000]
