layer at (0,0) size 800x600
  LayoutView at (0,0) size 800x600
layer at (0,0) size 800x600
  LayoutNGBlockFlow {HTML} at (0,0) size 800x600
    LayoutNGBlockFlow {BODY} at (8,8) size 784x584
      LayoutNGBlockFlow {P} at (0,0) size 784x20
        LayoutText {#text} at (0,0) size 359x19
          text run at (0,0) width 359: "Test dynamic removal of transformed and reflected video"
      LayoutNGBlockFlow (anonymous) at (0,36) size 784x342
        LayoutText {#text} at (0,0) size 4x19
          text run at (0,0) width 4: " "
        LayoutBR {BR} at (4,0) size 0x19
        LayoutText {#text} at (0,161) size 4x19
          text run at (0,161) width 4: " "
        LayoutBR {BR} at (210,161) size 0x19
        LayoutText {#text} at (0,322) size 4x19
          text run at (0,322) width 4: " "
        LayoutBR {BR} at (210,322) size 0x19
layer at (12,64) size 206x156
  LayoutVideo {VIDEO} at (4,20) size 206x156 [border: (3px solid #FF0000)]
layer at (15,67) size 200x150 backgroundClip at (65,105) size 100x75 clip at (65,105) size 100x75
  LayoutFlexibleBox (relative positioned) {DIV} at (3,3) size 200x150
    LayoutFlexibleBox {DIV} at (0,0) size 200x150
layer at (15,67) size 200x150 backgroundClip at (65,105) size 100x75 clip at (65,105) size 100x75
  LayoutNGBlockFlow (positioned) {DIV} at (0,0) size 200x150
layer at (12,225) size 206x156
  LayoutVideo {VIDEO} at (4,181) size 206x156 [border: (3px solid #FF0000)]
layer at (15,228) size 200x150
  LayoutFlexibleBox (relative positioned) {DIV} at (3,3) size 200x150
    LayoutFlexibleBox {DIV} at (0,0) size 200x150
layer at (15,228) size 200x150
  LayoutNGBlockFlow (positioned) {DIV} at (0,0) size 200x150
