layer at (0,0) size 800x600
  LayoutView at (0,0) size 800x600
layer at (0,0) size 800x600
  LayoutNGBlockFlow {HTML} at (0,0) size 800x600
    LayoutNGBlockFlow {BODY} at (8,8) size 784x584
      LayoutNGBlockFlow {P} at (0,0) size 784x20
        LayoutText {#text} at (0,0) size 619x19
          text run at (0,0) width 619: "Test video sizing. You should see one bigger image (paused video) and 7 small ones of 1/4 its size."
      LayoutNGBlockFlow (anonymous) at (0,36) size 784x480
        LayoutBR {BR} at (320,240) size 0x0
        LayoutNGBlockFlow {DIV} at (160,240) size 320x120
          LayoutText {#text} at (0,0) size 0x0
        LayoutNGBlockFlow {DIV} at (0,360) size 320x120
          LayoutText {#text} at (0,0) size 0x0
        LayoutText {#text} at (0,0) size 0x0
layer at (8,44) size 320x240
  LayoutVideo {VIDEO} at (0,0) size 320x240
layer at (8,284) size 160x120
  LayoutVideo {VIDEO} at (0,240) size 160x120
layer at (168,284) size 160x120
  LayoutVideo {VIDEO} at (0,0) size 160x120
layer at (328,284) size 160x120
  LayoutVideo {VIDEO} at (160,0) size 160x120
layer at (8,404) size 160x120
  LayoutVideo {VIDEO} at (0,0) size 160x120
layer at (168,404) size 160x120
  LayoutVideo {VIDEO} at (160,0) size 160x120
layer at (8,44) size 320x240
  LayoutFlexibleBox (relative positioned) {DIV} at (0,0) size 320x240
    LayoutFlexibleBox {DIV} at (0,0) size 320x240
layer at (8,44) size 320x240
  LayoutNGBlockFlow (positioned) {DIV} at (0,0) size 320x240
layer at (8,284) size 160x120
  LayoutFlexibleBox (relative positioned) {DIV} at (0,0) size 160x120
    LayoutFlexibleBox {DIV} at (0,0) size 160x120
layer at (8,284) size 160x120
  LayoutNGBlockFlow (positioned) {DIV} at (0,0) size 160x120
layer at (168,284) size 160x120
  LayoutFlexibleBox (relative positioned) {DIV} at (0,0) size 160x120
    LayoutFlexibleBox {DIV} at (0,0) size 160x120
layer at (168,284) size 160x120
  LayoutNGBlockFlow (positioned) {DIV} at (0,0) size 160x120
layer at (328,284) size 160x120
  LayoutFlexibleBox (relative positioned) {DIV} at (0,0) size 160x120
    LayoutFlexibleBox {DIV} at (0,0) size 160x120
layer at (328,284) size 160x120
  LayoutNGBlockFlow (positioned) {DIV} at (0,0) size 160x120
layer at (8,404) size 160x120
  LayoutFlexibleBox (relative positioned) {DIV} at (0,0) size 160x120
    LayoutFlexibleBox {DIV} at (0,0) size 160x120
layer at (8,404) size 160x120
  LayoutNGBlockFlow (positioned) {DIV} at (0,0) size 160x120
layer at (168,404) size 160x120
  LayoutFlexibleBox (relative positioned) {DIV} at (0,0) size 160x120
    LayoutFlexibleBox {DIV} at (0,0) size 160x120
layer at (168,404) size 160x120
  LayoutNGBlockFlow (positioned) {DIV} at (0,0) size 160x120
layer at (328,404) size 320x120
  LayoutNGBlockFlow (relative positioned) {DIV} at (320,360) size 320x120
layer at (328,404) size 160x120
  LayoutVideo (positioned) {VIDEO} at (0,0) size 160x120
layer at (328,404) size 160x120
  LayoutFlexibleBox (relative positioned) {DIV} at (0,0) size 160x120
    LayoutFlexibleBox {DIV} at (0,0) size 160x120
layer at (328,404) size 160x120
  LayoutNGBlockFlow (positioned) {DIV} at (0,0) size 160x120
layer at (488,404) size 160x120
  LayoutVideo (positioned) {VIDEO} at (160,0) size 160x120
layer at (488,404) size 160x120
  LayoutFlexibleBox (relative positioned) {DIV} at (0,0) size 160x120
    LayoutFlexibleBox {DIV} at (0,0) size 160x120
layer at (488,404) size 160x120
  LayoutNGBlockFlow (positioned) {DIV} at (0,0) size 160x120
