layer at (0,0) size 800x600
  LayoutView at (0,0) size 800x600
layer at (0,0) size 800x600
  LayoutBlockFlow {HTML} at (0,0) size 800x600
    LayoutBlockFlow {BODY} at (8,8) size 784x584
      LayoutButton {BUTTON} at (0,2) size 72.95x18 [bgcolor=#FFFFFF] [border: none (2px solid #D1D1D1) none (2px solid #D1D1D1)]
        LayoutBlockFlow (anonymous) at (8,2) size 56.95x13
          LayoutText {#text} at (0,0) size 57x13
            text run at (0,0) width 57: "Test Button"
      LayoutText {#text} at (72,1) size 5x18
        text run at (72,1) width 5: " "
      LayoutButton {BUTTON} at (76.95,2) size 72.95x18 [color=#FF0000] [bgcolor=#FFFFFF] [border: none (2px solid #D1D1D1) none (2px solid #D1D1D1)]
        LayoutBlockFlow (anonymous) at (8,2) size 56.95x13
          LayoutText {#text} at (0,0) size 57x13
            text run at (0,0) width 57: "Test Button"
      LayoutText {#text} at (149,1) size 5x18
        text run at (149,1) width 5: " "
      LayoutButton {BUTTON} at (153.91,0) size 72.95x22 [bgcolor=#008000] [border: (2px solid #D8D8D8) (2px solid #D1D1D1) (2px solid #BABABA) (2px solid #D1D1D1)]
        LayoutBlockFlow (anonymous) at (8,4) size 56.95x13
          LayoutText {#text} at (0,0) size 57x13
            text run at (0,0) width 57: "Test Button"
      LayoutText {#text} at (226,1) size 5x18
        text run at (226,1) width 5: " "
      LayoutButton {BUTTON} at (230.86,0) size 72.95x22 [color=#FF0000] [bgcolor=#008000] [border: (2px solid #D8D8D8) (2px solid #D1D1D1) (2px solid #BABABA) (2px solid #D1D1D1)]
        LayoutBlockFlow (anonymous) at (8,4) size 56.95x13
          LayoutText {#text} at (0,0) size 57x13
            text run at (0,0) width 57: "Test Button"
      LayoutText {#text} at (303,1) size 5x18
        text run at (303,1) width 5: " "
      LayoutButton {INPUT} at (307.81,2) size 72.95x18 [bgcolor=#FFFFFF]
        LayoutBlockFlow (anonymous) at (8,2) size 56.95x13
          LayoutText {#text} at (0,0) size 57x13
            text run at (0,0) width 57: "Test Button"
      LayoutText {#text} at (380,1) size 5x18
        text run at (380,1) width 5: " "
      LayoutButton {INPUT} at (384.77,2) size 72.95x18 [color=#FF0000] [bgcolor=#FFFFFF]
        LayoutBlockFlow (anonymous) at (8,2) size 56.95x13
          LayoutText {#text} at (0,0) size 57x13
            text run at (0,0) width 57: "Test Button"
      LayoutText {#text} at (457,1) size 5x18
        text run at (457,1) width 5: " "
      LayoutButton {INPUT} at (461.72,0) size 72.95x22 [bgcolor=#008000] [border: (2px solid #D8D8D8) (2px solid #D1D1D1) (2px solid #BABABA) (2px solid #D1D1D1)]
        LayoutBlockFlow (anonymous) at (8,4) size 56.95x13
          LayoutText {#text} at (0,0) size 57x13
            text run at (0,0) width 57: "Test Button"
      LayoutText {#text} at (534,1) size 5x18
        text run at (534,1) width 5: " "
      LayoutButton {INPUT} at (538.67,0) size 72.95x22 [color=#FF0000] [bgcolor=#008000] [border: (2px solid #D8D8D8) (2px solid #D1D1D1) (2px solid #BABABA) (2px solid #D1D1D1)]
        LayoutBlockFlow (anonymous) at (8,4) size 56.95x13
          LayoutText {#text} at (0,0) size 57x13
            text run at (0,0) width 57: "Test Button"
      LayoutText {#text} at (0,0) size 0x0
