layer at (0,0) size 800x600
  LayoutView at (0,0) size 800x600
layer at (0,0) size 800x600
  LayoutBlockFlow {HTML} at (0,0) size 800x600
    LayoutBlockFlow {BODY} at (8,8) size 784x584
      LayoutButton {BUTTON} at (0,7) size 41.89x15 [bgcolor=#FFFFFF] [border: (1px solid #D8D8D8) (1px solid #D1D1D1) (1px solid #BABABA) (1px solid #D1D1D1)]
        LayoutBlockFlow (anonymous) at (8,4) size 25.89x6
          LayoutText {#text} at (0,0) size 26x6
            text run at (0,0) width 26: "Test Button"
      LayoutText {#text} at (41,2) size 5x18
        text run at (41,2) width 5: " "
      LayoutButton {BUTTON} at (45.89,6.50) size 47.06x15 [bgcolor=#FFFFFF] [border: (1px solid #D8D8D8) (1px solid #D1D1D1) (1px solid #BABABA) (1px solid #D1D1D1)]
        LayoutBlockFlow (anonymous) at (8,3.50) size 31.06x7
          LayoutText {#text} at (0,0) size 32x7
            text run at (0,0) width 32: "Test Button"
      LayoutText {#text} at (92,2) size 5x18
        text run at (92,2) width 5: " "
      LayoutButton {BUTTON} at (96.95,6) size 52.25x15 [bgcolor=#FFFFFF] [border: (1px solid #D8D8D8) (1px solid #D1D1D1) (1px solid #BABABA) (1px solid #D1D1D1)]
        LayoutBlockFlow (anonymous) at (8,3) size 36.25x8
          LayoutText {#text} at (0,0) size 37x8
            text run at (0,0) width 37: "Test Button"
      LayoutText {#text} at (149,2) size 5x18
        text run at (149,2) width 5: " "
      LayoutButton {BUTTON} at (153.20,6) size 57.42x15 [bgcolor=#FFFFFF] [border: (1px solid #D8D8D8) (1px solid #D1D1D1) (1px solid #BABABA) (1px solid #D1D1D1)]
        LayoutBlockFlow (anonymous) at (8,2) size 41.42x10
          LayoutText {#text} at (0,0) size 42x10
            text run at (0,0) width 42: "Test Button"
      LayoutText {#text} at (210,2) size 5x18
        text run at (210,2) width 5: " "
      LayoutButton {BUTTON} at (214.63,5) size 62.59x16 [bgcolor=#FFFFFF] [border: (1px solid #D8D8D8) (1px solid #D1D1D1) (1px solid #BABABA) (1px solid #D1D1D1)]
        LayoutBlockFlow (anonymous) at (8,2) size 46.59x11
          LayoutText {#text} at (0,0) size 47x11
            text run at (0,0) width 47: "Test Button"
      LayoutText {#text} at (277,2) size 5x18
        text run at (277,2) width 5: " "
      LayoutButton {BUTTON} at (281.22,4) size 67.78x17 [bgcolor=#FFFFFF] [border: (1px solid #D8D8D8) (1px solid #D1D1D1) (1px solid #BABABA) (1px solid #D1D1D1)]
        LayoutBlockFlow (anonymous) at (8,2) size 51.78x12
          LayoutText {#text} at (0,0) size 52x12
            text run at (0,0) width 52: "Test Button"
      LayoutText {#text} at (349,2) size 4x18
        text run at (349,2) width 4: " "
      LayoutButton {BUTTON} at (353,3) size 72.95x18 [bgcolor=#FFFFFF] [border: (1px solid #D8D8D8) (1px solid #D1D1D1) (1px solid #BABABA) (1px solid #D1D1D1)]
        LayoutBlockFlow (anonymous) at (8,2) size 56.95x13
          LayoutText {#text} at (0,0) size 57x13
            text run at (0,0) width 57: "Test Button"
      LayoutText {#text} at (425,2) size 5x18
        text run at (425,2) width 5: " "
      LayoutButton {INPUT} at (429.95,3) size 72.95x18 [bgcolor=#FFFFFF]
        LayoutBlockFlow (anonymous) at (8,2) size 56.95x13
          LayoutText {#text} at (0,0) size 57x13
            text run at (0,0) width 57: "Test Button"
      LayoutText {#text} at (502,2) size 5x18
        text run at (502,2) width 5: " "
      LayoutButton {BUTTON} at (506.91,2) size 78.13x20 [bgcolor=#FFFFFF] [border: (1px solid #D8D8D8) (1px solid #D1D1D1) (1px solid #BABABA) (1px solid #D1D1D1)]
        LayoutBlockFlow (anonymous) at (8,2) size 62.13x15
          LayoutText {#text} at (0,0) size 63x15
            text run at (0,0) width 63: "Test Button"
      LayoutText {#text} at (585,2) size 5x18
        text run at (585,2) width 5: " "
      LayoutButton {BUTTON} at (589.03,1) size 83.31x21 [bgcolor=#FFFFFF] [border: (1px solid #D8D8D8) (1px solid #D1D1D1) (1px solid #BABABA) (1px solid #D1D1D1)]
        LayoutBlockFlow (anonymous) at (8,2) size 67.31x16
          LayoutText {#text} at (0,0) size 68x16
            text run at (0,0) width 68: "Test Button"
      LayoutText {#text} at (672,2) size 5x18
        text run at (672,2) width 5: " "
      LayoutButton {BUTTON} at (676.34,0) size 88.48x22 [bgcolor=#FFFFFF] [border: (1px solid #D8D8D8) (1px solid #D1D1D1) (1px solid #BABABA) (1px solid #D1D1D1)]
        LayoutBlockFlow (anonymous) at (8,2) size 72.48x17
          LayoutText {#text} at (0,0) size 73x17
            text run at (0,0) width 73: "Test Button"
      LayoutText {#text} at (764,2) size 5x18
        text run at (764,2) width 5: " "
      LayoutButton {BUTTON} at (0,27) size 93.66x22 [bgcolor=#FFFFFF] [border: (1px solid #D8D8D8) (1px solid #D1D1D1) (1px solid #BABABA) (1px solid #D1D1D1)]
        LayoutBlockFlow (anonymous) at (8,2) size 77.66x17
          LayoutText {#text} at (0,0) size 78x17
            text run at (0,0) width 78: "Test Button"
      LayoutText {#text} at (93,29) size 5x18
        text run at (93,29) width 5: " "
      LayoutButton {BUTTON} at (97.66,26) size 98.84x23 [bgcolor=#FFFFFF] [border: (1px solid #D8D8D8) (1px solid #D1D1D1) (1px solid #BABABA) (1px solid #D1D1D1)]
        LayoutBlockFlow (anonymous) at (8,2) size 82.84x18
          LayoutText {#text} at (0,0) size 83x18
            text run at (0,0) width 83: "Test Button"
      LayoutText {#text} at (196,29) size 5x18
        text run at (196,29) width 5: " "
      LayoutButton {BUTTON} at (200.50,25) size 104.02x25 [bgcolor=#FFFFFF] [border: (1px solid #D8D8D8) (1px solid #D1D1D1) (1px solid #BABABA) (1px solid #D1D1D1)]
        LayoutBlockFlow (anonymous) at (8,2) size 88.02x20
          LayoutText {#text} at (0,0) size 88x20
            text run at (0,0) width 88: "Test Button"
      LayoutText {#text} at (304,29) size 5x18
        text run at (304,29) width 5: " "
      LayoutButton {BUTTON} at (308.52,24) size 109.19x26 [bgcolor=#FFFFFF] [border: (1px solid #D8D8D8) (1px solid #D1D1D1) (1px solid #BABABA) (1px solid #D1D1D1)]
        LayoutBlockFlow (anonymous) at (8,2) size 93.19x21
          LayoutText {#text} at (0,0) size 94x21
            text run at (0,0) width 94: "Test Button"
      LayoutText {#text} at (417,29) size 5x18
        text run at (417,29) width 5: " "
      LayoutButton {BUTTON} at (421.70,23) size 114.38x27 [bgcolor=#FFFFFF] [border: (1px solid #D8D8D8) (1px solid #D1D1D1) (1px solid #BABABA) (1px solid #D1D1D1)]
        LayoutBlockFlow (anonymous) at (8,2) size 98.38x22
          LayoutText {#text} at (0,0) size 99x22
            text run at (0,0) width 99: "Test Button"
      LayoutText {#text} at (536,29) size 5x18
        text run at (536,29) width 5: " "
      LayoutButton {BUTTON} at (540.08,22) size 119.55x28 [bgcolor=#FFFFFF] [border: (1px solid #D8D8D8) (1px solid #D1D1D1) (1px solid #BABABA) (1px solid #D1D1D1)]
        LayoutBlockFlow (anonymous) at (8,2) size 103.55x23
          LayoutText {#text} at (0,0) size 104x23
            text run at (0,0) width 104: "Test Button"
      LayoutText {#text} at (659,29) size 5x18
        text run at (659,29) width 5: " "
      LayoutButton {BUTTON} at (0,50) size 124.72x29 [bgcolor=#FFFFFF] [border: (1px solid #D8D8D8) (1px solid #D1D1D1) (1px solid #BABABA) (1px solid #D1D1D1)]
        LayoutBlockFlow (anonymous) at (8,2) size 108.72x24
          LayoutText {#text} at (0,0) size 109x24
            text run at (0,0) width 109: "Test Button"
      LayoutText {#text} at (0,0) size 0x0
