layer at (0,0) size 800x600 scrollHeight 617
  LayoutView at (0,0) size 800x600
layer at (0,0) size 800x617 backgroundClip at (0,0) size 800x600 clip at (0,0) size 800x600
  LayoutBlockFlow {HTML} at (0,0) size 800x616.88
    LayoutBlockFlow {BODY} at (8,8) size 784x600.88
      LayoutBlockFlow {H1} at (0,0) size 784x37
        LayoutText {#text} at (0,0) size 420x37
          text run at (0,0) width 420: "Form Element Geometry Tests"
      LayoutBlockFlow {P} at (0,58.44) size 784x18
        LayoutText {#text} at (0,0) size 551x18
          text run at (0,0) width 551: "These tests help us tune the widget classes in KWQ to have all the right fudge factors."
      LayoutBlockFlow {H2} at (0,96.34) size 784x28
        LayoutText {#text} at (0,0) size 167x28
          text run at (0,0) width 167: "Bounding Boxes"
      LayoutTable {TABLE} at (0,144.25) size 166x28
        LayoutTableSection {TBODY} at (0,0) size 166x28
          LayoutTableRow {TR} at (0,2) size 166x24
            LayoutTableCell {TD} at (2,2) size 55x24 [r=0 c=0 rs=1 cs=1]
              LayoutBlockFlow {DIV} at (1,1) size 53x22 [border: (2px solid #0000FF)]
                LayoutInline {FONT} at (0,0) size 49x28
                  LayoutButton {INPUT} at (2,2) size 48.53x18 [bgcolor=#FFFFFF]
                    LayoutBlockFlow (anonymous) at (8,2) size 32.53x13
                      LayoutText {#text} at (0,0) size 33x13
                        text run at (0,0) width 33: "button"
            LayoutTableCell {TD} at (59,2) size 65x24 [r=0 c=1 rs=1 cs=1]
              LayoutBlockFlow {DIV} at (1,1) size 63x22 [border: (2px solid #0000FF)]
                LayoutInline {FONT} at (0,0) size 59x28
                  LayoutMenuList {SELECT} at (2,2) size 59x18 [bgcolor=#F8F8F8]
                    LayoutBlockFlow (anonymous) at (0,0) size 59x18
                      LayoutText (anonymous) at (8,2) size 28x13
                        text run at (8,2) width 28: "menu"
            LayoutTableCell {TD} at (126,4) size 18x19 [r=0 c=2 rs=1 cs=1]
              LayoutBlockFlow {DIV} at (1,1) size 16x17 [border: (2px solid #0000FF)]
                LayoutInline {FONT} at (0,0) size 12x28
                  LayoutBlockFlow {INPUT} at (2,2) size 12x13
            LayoutTableCell {TD} at (146,5) size 18x18 [r=0 c=3 rs=1 cs=1]
              LayoutBlockFlow {DIV} at (1,1) size 16x16 [border: (2px solid #0000FF)]
                LayoutInline {FONT} at (0,0) size 12x28
                  LayoutBlockFlow {INPUT} at (2,2) size 12x12
      LayoutTable {TABLE} at (0,172.25) size 166x28
        LayoutTableSection {TBODY} at (0,0) size 166x28
          LayoutTableRow {TR} at (0,2) size 166x24
            LayoutTableCell {TD} at (2,2) size 55x24 [r=0 c=0 rs=1 cs=1]
              LayoutBlockFlow {DIV} at (1,1) size 53x22 [border: (2px solid #0000FF)]
                LayoutButton {INPUT} at (2,2) size 48.53x18 [bgcolor=#FFFFFF]
                  LayoutBlockFlow (anonymous) at (8,2) size 32.53x13
                    LayoutText {#text} at (0,0) size 33x13
                      text run at (0,0) width 33: "button"
            LayoutTableCell {TD} at (59,2) size 65x24 [r=0 c=1 rs=1 cs=1]
              LayoutBlockFlow {DIV} at (1,1) size 63x22 [border: (2px solid #0000FF)]
                LayoutMenuList {SELECT} at (2,2) size 59x18 [bgcolor=#F8F8F8]
                  LayoutBlockFlow (anonymous) at (0,0) size 59x18
                    LayoutText (anonymous) at (8,2) size 28x13
                      text run at (8,2) width 28: "menu"
            LayoutTableCell {TD} at (126,4) size 18x19 [r=0 c=2 rs=1 cs=1]
              LayoutBlockFlow {DIV} at (1,1) size 16x17 [border: (2px solid #0000FF)]
                LayoutBlockFlow {INPUT} at (2,2) size 12x13
            LayoutTableCell {TD} at (146,5) size 18x18 [r=0 c=3 rs=1 cs=1]
              LayoutBlockFlow {DIV} at (1,1) size 16x16 [border: (2px solid #0000FF)]
                LayoutBlockFlow {INPUT} at (2,2) size 12x12
      LayoutTable {TABLE} at (0,200.25) size 166x28
        LayoutTableSection {TBODY} at (0,0) size 166x28
          LayoutTableRow {TR} at (0,2) size 166x24
            LayoutTableCell {TD} at (2,2) size 55x24 [r=0 c=0 rs=1 cs=1]
              LayoutBlockFlow {DIV} at (1,1) size 53x22 [border: (2px solid #0000FF)]
                LayoutInline {FONT} at (0,0) size 49x13
                  LayoutButton {INPUT} at (2,2) size 48.53x18 [bgcolor=#FFFFFF]
                    LayoutBlockFlow (anonymous) at (8,2) size 32.53x13
                      LayoutText {#text} at (0,0) size 33x13
                        text run at (0,0) width 33: "button"
            LayoutTableCell {TD} at (59,2) size 65x24 [r=0 c=1 rs=1 cs=1]
              LayoutBlockFlow {DIV} at (1,1) size 63x22 [border: (2px solid #0000FF)]
                LayoutInline {FONT} at (0,0) size 59x13
                  LayoutMenuList {SELECT} at (2,2) size 59x18 [bgcolor=#F8F8F8]
                    LayoutBlockFlow (anonymous) at (0,0) size 59x18
                      LayoutText (anonymous) at (8,2) size 28x13
                        text run at (8,2) width 28: "menu"
            LayoutTableCell {TD} at (126,4) size 18x19 [r=0 c=2 rs=1 cs=1]
              LayoutBlockFlow {DIV} at (1,1) size 16x17 [border: (2px solid #0000FF)]
                LayoutInline {FONT} at (0,0) size 12x13
                  LayoutBlockFlow {INPUT} at (2,2) size 12x13
            LayoutTableCell {TD} at (146,5) size 18x18 [r=0 c=3 rs=1 cs=1]
              LayoutBlockFlow {DIV} at (1,1) size 16x16 [border: (2px solid #0000FF)]
                LayoutInline {FONT} at (0,0) size 12x13
                  LayoutBlockFlow {INPUT} at (2,2) size 12x12
      LayoutTable {TABLE} at (0,228.25) size 490x69
        LayoutTableSection {TBODY} at (0,0) size 490x69
          LayoutTableRow {TR} at (0,2) size 490x65
            LayoutTableCell {TD} at (2,2) size 77x25 [r=0 c=0 rs=1 cs=1]
              LayoutBlockFlow {DIV} at (1,1) size 75x23 [border: (2px solid #0000FF)]
                LayoutTextControl {INPUT} at (2,2) size 71x19 [bgcolor=#FFFFFF] [border: (2px inset #EEEEEE)]
            LayoutTableCell {TD} at (81,2) size 38x64.75 [r=0 c=1 rs=1 cs=1]
              LayoutBlockFlow {DIV} at (1,1) size 36x62.75 [border: (2px solid #0000FF)]
            LayoutTableCell {TD} at (121,2) size 218x24 [r=0 c=2 rs=1 cs=1]
              LayoutBlockFlow {DIV} at (1,1) size 216x22 [border: (2px solid #0000FF)]
                LayoutFileUploadControl {INPUT} at (2,2) size 212x18 "No file chosen"
                  LayoutButton {INPUT} at (0,0) size 75.22x18 [bgcolor=#FFFFFF]
                    LayoutBlockFlow (anonymous) at (8,2) size 59.22x13
                      LayoutText {#text} at (0,0) size 60x13
                        text run at (0,0) width 60: "Choose File"
            LayoutTableCell {TD} at (341,2) size 147x38 [r=0 c=3 rs=1 cs=1]
              LayoutBlockFlow {DIV} at (1,1) size 145x36 [border: (2px solid #0000FF)]
      LayoutBlockFlow {H2} at (0,317.16) size 784x28
        LayoutText {#text} at (0,0) size 200x28
          text run at (0,0) width 200: "Baseline Alignment"
      LayoutBlockFlow {DIV} at (0,365.06) size 784x28
        LayoutInline {FONT} at (0,0) size 204x28
          LayoutText {#text} at (0,0) size 42x28
            text run at (0,0) width 42: "text "
          LayoutButton {INPUT} at (41.98,9) size 48.53x18 [bgcolor=#FFFFFF]
            LayoutBlockFlow (anonymous) at (8,2) size 32.53x13
              LayoutText {#text} at (0,0) size 33x13
                text run at (0,0) width 33: "button"
          LayoutText {#text} at (90,0) size 7x28
            text run at (90,0) width 7: " "
          LayoutMenuList {SELECT} at (96.52,9) size 59x18 [bgcolor=#F8F8F8]
            LayoutBlockFlow (anonymous) at (0,0) size 59x18
              LayoutText (anonymous) at (8,2) size 28x13
                text run at (8,2) width 28: "menu"
          LayoutText {#text} at (155,0) size 7x28
            text run at (155,0) width 7: " "
          LayoutBlockFlow {INPUT} at (164.39,11) size 12x13
          LayoutText {#text} at (179,0) size 7x28
            text run at (179,0) width 7: " "
          LayoutBlockFlow {INPUT} at (188.14,12) size 12x12
          LayoutText {#text} at (0,0) size 0x0
      LayoutBlockFlow {DIV} at (0,393.06) size 784x19
        LayoutText {#text} at (0,0) size 28x18
          text run at (0,0) width 28: "text "
        LayoutButton {INPUT} at (27.98,1) size 48.53x18 [bgcolor=#FFFFFF]
          LayoutBlockFlow (anonymous) at (8,2) size 32.53x13
            LayoutText {#text} at (0,0) size 33x13
              text run at (0,0) width 33: "button"
        LayoutText {#text} at (76,0) size 5x18
          text run at (76,0) width 5: " "
        LayoutMenuList {SELECT} at (80.52,1) size 59x18 [bgcolor=#F8F8F8]
          LayoutBlockFlow (anonymous) at (0,0) size 59x18
            LayoutText (anonymous) at (8,2) size 28x13
              text run at (8,2) width 28: "menu"
        LayoutText {#text} at (139,0) size 5x18
          text run at (139,0) width 5: " "
        LayoutBlockFlow {INPUT} at (146.39,3) size 12x13
        LayoutText {#text} at (161,0) size 5x18
          text run at (161,0) width 5: " "
        LayoutBlockFlow {INPUT} at (168.14,4) size 12x12
        LayoutText {#text} at (0,0) size 0x0
      LayoutBlockFlow {DIV} at (0,412.06) size 784x19
        LayoutInline {FONT} at (0,0) size 169x13
          LayoutText {#text} at (0,4) size 18x13
            text run at (0,4) width 18: "text "
          LayoutButton {INPUT} at (17.48,1) size 48.53x18 [bgcolor=#FFFFFF]
            LayoutBlockFlow (anonymous) at (8,2) size 32.53x13
              LayoutText {#text} at (0,0) size 33x13
                text run at (0,0) width 33: "button"
          LayoutText {#text} at (66,4) size 3x13
            text run at (66,4) width 3: " "
          LayoutMenuList {SELECT} at (68.52,1) size 59x18 [bgcolor=#F8F8F8]
            LayoutBlockFlow (anonymous) at (0,0) size 59x18
              LayoutText (anonymous) at (8,2) size 28x13
                text run at (8,2) width 28: "menu"
          LayoutText {#text} at (127,4) size 4x13
            text run at (127,4) width 4: " "
          LayoutBlockFlow {INPUT} at (132.89,3) size 12x13
          LayoutText {#text} at (147,4) size 4x13
            text run at (147,4) width 4: " "
          LayoutBlockFlow {INPUT} at (153.14,4) size 12x12
          LayoutText {#text} at (0,0) size 0x0
      LayoutBlockFlow {DIV} at (0,431.06) size 784x37
        LayoutText {#text} at (0,18) size 28x18
          text run at (0,18) width 28: "text "
        LayoutTextControl {INPUT} at (27.98,18) size 71x19 [bgcolor=#FFFFFF] [border: (2px inset #EEEEEE)]
        LayoutText {#text} at (98,18) size 5x18
          text run at (98,18) width 5: " "
        LayoutFileUploadControl {INPUT} at (102.98,19) size 212x18 "No file chosen"
          LayoutButton {INPUT} at (0,0) size 75.22x18 [bgcolor=#FFFFFF]
            LayoutBlockFlow (anonymous) at (8,2) size 59.22x13
              LayoutText {#text} at (0,0) size 60x13
                text run at (0,0) width 60: "Choose File"
        LayoutText {#text} at (314,18) size 5x18
          text run at (314,18) width 5: " "
        LayoutText {#text} at (0,0) size 0x0
      LayoutBlockFlow {H2} at (0,487.97) size 784x28
        LayoutText {#text} at (0,0) size 198x28
          text run at (0,0) width 198: "Pop-up Menu Sizes"
      LayoutBlockFlow {DIV} at (0,535.88) size 784x28
        LayoutInline {FONT} at (0,0) size 162x28
          LayoutText {#text} at (0,0) size 0x0
          LayoutMenuList {SELECT} at (0,9) size 36x18 [bgcolor=#F8F8F8]
            LayoutBlockFlow (anonymous) at (0,0) size 36x18
              LayoutText (anonymous) at (8,2) size 4x13
                text run at (8,2) width 4: " "
          LayoutText {#text} at (36,0) size 6x28
            text run at (36,0) width 6: " "
          LayoutMenuList {SELECT} at (42,9) size 36x18 [bgcolor=#F8F8F8]
            LayoutBlockFlow (anonymous) at (0,0) size 36x18
              LayoutText (anonymous) at (8,2) size 3x13
                text run at (8,2) width 3: "|"
          LayoutText {#text} at (78,0) size 6x28
            text run at (78,0) width 6: " "
          LayoutMenuList {SELECT} at (84,9) size 78x18 [bgcolor=#F8F8F8]
            LayoutBlockFlow (anonymous) at (0,0) size 78x18
              LayoutText (anonymous) at (8,2) size 47x13
                text run at (8,2) width 47: "xxxxxxxx"
          LayoutText {#text} at (0,0) size 0x0
      LayoutBlockFlow {DIV} at (0,563.88) size 784x19
        LayoutMenuList {SELECT} at (0,1) size 36x18 [bgcolor=#F8F8F8]
          LayoutBlockFlow (anonymous) at (0,0) size 36x18
            LayoutText (anonymous) at (8,2) size 4x13
              text run at (8,2) width 4: " "
        LayoutText {#text} at (36,0) size 4x18
          text run at (36,0) width 4: " "
        LayoutMenuList {SELECT} at (40,1) size 36x18 [bgcolor=#F8F8F8]
          LayoutBlockFlow (anonymous) at (0,0) size 36x18
            LayoutText (anonymous) at (8,2) size 3x13
              text run at (8,2) width 3: "|"
        LayoutText {#text} at (76,0) size 4x18
          text run at (76,0) width 4: " "
        LayoutMenuList {SELECT} at (80,1) size 78x18 [bgcolor=#F8F8F8]
          LayoutBlockFlow (anonymous) at (0,0) size 78x18
            LayoutText (anonymous) at (8,2) size 47x13
              text run at (8,2) width 47: "xxxxxxxx"
        LayoutText {#text} at (0,0) size 0x0
      LayoutBlockFlow {DIV} at (0,582.88) size 784x18
        LayoutInline {FONT} at (0,0) size 155x13
          LayoutText {#text} at (0,0) size 0x0
          LayoutMenuList {SELECT} at (0,0) size 36x18 [bgcolor=#F8F8F8]
            LayoutBlockFlow (anonymous) at (0,0) size 36x18
              LayoutText (anonymous) at (8,2) size 4x13
                text run at (8,2) width 4: " "
          LayoutText {#text} at (36,3) size 3x13
            text run at (36,3) width 3: " "
          LayoutMenuList {SELECT} at (38.50,0) size 36x18 [bgcolor=#F8F8F8]
            LayoutBlockFlow (anonymous) at (0,0) size 36x18
              LayoutText (anonymous) at (8,2) size 3x13
                text run at (8,2) width 3: "|"
          LayoutText {#text} at (74,3) size 3x13
            text run at (74,3) width 3: " "
          LayoutMenuList {SELECT} at (77,0) size 78x18 [bgcolor=#F8F8F8]
            LayoutBlockFlow (anonymous) at (0,0) size 78x18
              LayoutText (anonymous) at (8,2) size 47x13
                text run at (8,2) width 47: "xxxxxxxx"
          LayoutText {#text} at (0,0) size 0x0
layer at (16,244) size 65x13
  LayoutBlockFlow {DIV} at (3,3) size 65x13
    LayoutText {#text} at (0,0) size 43x13
      text run at (0,0) width 43: "text field"
layer at (92,241) size 31x59 clip at (93,242) size 18x57 scrollHeight 71
  LayoutListBox {SELECT} at (2,2) size 31.08x58.75 [bgcolor=#FFFFFF] [border: (1px solid #999999)]
    LayoutBlockFlow {OPTION} at (1,1) size 18.08x14.19
      LayoutText {#text} at (2,0) size 15x13
        text run at (2,0) width 15: "list"
    LayoutBlockFlow {OPTION} at (1,15.19) size 18.08x14.19
      LayoutText {#text} at (2,0) size 7x13
        text run at (2,0) width 7: "2"
    LayoutBlockFlow {OPTION} at (1,29.38) size 18.08x14.19
      LayoutText {#text} at (2,0) size 7x13
        text run at (2,0) width 7: "3"
    LayoutBlockFlow {OPTION} at (1,43.56) size 18.08x14.19
      LayoutText {#text} at (2,0) size 7x13
        text run at (2,0) width 7: "4"
    LayoutBlockFlow {OPTION} at (1,57.75) size 18.08x14.19
      LayoutText {#text} at (2,0) size 7x13
        text run at (2,0) width 7: "5"
layer at (352,241) size 141x32 clip at (353,242) size 139x30
  LayoutTextControl {TEXTAREA} at (2,2) size 141x32 [bgcolor=#FFFFFF] [border: (1px solid #000000)]
    LayoutBlockFlow {DIV} at (3,3) size 135x13
      LayoutText {#text} at (0,0) size 41x13
        text run at (0,0) width 41: "textarea"
layer at (39,460) size 65x13
  LayoutBlockFlow {DIV} at (3,3) size 65x13
    LayoutText {#text} at (0,0) size 43x13
      text run at (0,0) width 43: "text field"
layer at (327,439) size 141x32 clip at (328,440) size 139x30
  LayoutTextControl {TEXTAREA} at (318.98,0) size 141x32 [bgcolor=#FFFFFF] [border: (1px solid #000000)]
    LayoutBlockFlow {DIV} at (3,3) size 135x13
      LayoutText {#text} at (0,0) size 41x13
        text run at (0,0) width 41: "textarea"
