layer at (0,0) size 800x600
  LayoutView at (0,0) size 800x600
layer at (0,0) size 800x600
  LayoutBlockFlow {HTML} at (0,0) size 800x600
    LayoutBlockFlow {BODY} at (8,8) size 784x576
      LayoutBlockFlow {P} at (0,0) size 784x36
        LayoutText {#text} at (0,0) size 765x36
          text run at (0,0) width 765: "Results that match WinIE are two columns on the right that say \"after\" every time, except for the last row which should"
          text run at (0,18) width 196: "have nothing in either column."
      LayoutBlockFlow {P} at (0,52) size 784x18
        LayoutText {#text} at (0,0) size 725x18
          text run at (0,0) width 725: "Results that match Gecko are like WinIE, but with \"before\" for the attribute in the first two rows and the last row."
      LayoutBlockFlow {FORM} at (0,96) size 784x338
        LayoutTable {TABLE} at (0,0) size 742x338
          LayoutTableSection {THEAD} at (0,0) size 742x24
            LayoutTableRow {TR} at (0,2) size 742x20
              LayoutTableCell {TH} at (2,2) size 392x20 [r=0 c=0 rs=1 cs=1]
                LayoutText {#text} at (1,1) size 57x18
                  text run at (1,1) width 57: "test case"
              LayoutTableCell {TH} at (396,2) size 214x20 [r=0 c=1 rs=1 cs=1]
                LayoutText {#text} at (1,1) size 92x18
                  text run at (1,1) width 92: "form element"
              LayoutTableCell {TH} at (612,2) size 63x20 [r=0 c=2 rs=1 cs=1]
                LayoutText {#text} at (1,1) size 61x18
                  text run at (1,1) width 61: "property"
              LayoutTableCell {TH} at (677,2) size 63x20 [r=0 c=3 rs=1 cs=1]
                LayoutText {#text} at (1,1) size 61x18
                  text run at (1,1) width 61: "attribute"
          LayoutTableSection {TBODY} at (0,24) size 742x314
            LayoutTableRow {TR} at (0,0) size 742x21
              LayoutTableCell {TD} at (2,0) size 392x20 [r=0 c=0 rs=1 cs=1]
                LayoutText {#text} at (1,1) size 211x18
                  text run at (1,1) width 211: "text with value property changed"
              LayoutTableCell {TD} at (396,0) size 214x21 [r=0 c=1 rs=1 cs=1]
                LayoutTextControl {INPUT} at (1,1) size 131x19 [bgcolor=#FFFFFF] [border: (2px inset #EEEEEE)]
              LayoutTableCell {TD} at (612,0) size 63x20 [r=0 c=2 rs=1 cs=1]
                LayoutText {#text} at (1,1) size 30x18
                  text run at (1,1) width 30: "after"
              LayoutTableCell {TD} at (677,0) size 63x20 [r=0 c=3 rs=1 cs=1]
                LayoutText {#text} at (1,1) size 41x18
                  text run at (1,1) width 41: "before"
            LayoutTableRow {TR} at (0,23) size 742x21
              LayoutTableCell {TD} at (2,23) size 392x20 [r=1 c=0 rs=1 cs=1]
                LayoutText {#text} at (1,1) size 248x18
                  text run at (1,1) width 248: "password with value property changed"
              LayoutTableCell {TD} at (396,23) size 214x21 [r=1 c=1 rs=1 cs=1]
                LayoutTextControl {INPUT} at (1,1) size 131x19 [bgcolor=#FFFFFF] [border: (2px inset #EEEEEE)]
              LayoutTableCell {TD} at (612,23) size 63x20 [r=1 c=2 rs=1 cs=1]
                LayoutText {#text} at (1,1) size 30x18
                  text run at (1,1) width 30: "after"
              LayoutTableCell {TD} at (677,23) size 63x20 [r=1 c=3 rs=1 cs=1]
                LayoutText {#text} at (1,1) size 41x18
                  text run at (1,1) width 41: "before"
            LayoutTableRow {TR} at (0,46) size 742x20
              LayoutTableCell {TD} at (2,46) size 392x20 [r=2 c=0 rs=1 cs=1]
                LayoutText {#text} at (1,1) size 252x18
                  text run at (1,1) width 252: "check box with value property changed"
              LayoutTableCell {TD} at (396,46) size 214x20 [r=2 c=1 rs=1 cs=1]
                LayoutBlockFlow {INPUT} at (3.88,4) size 12x12
              LayoutTableCell {TD} at (612,46) size 63x20 [r=2 c=2 rs=1 cs=1]
                LayoutText {#text} at (1,1) size 30x18
                  text run at (1,1) width 30: "after"
              LayoutTableCell {TD} at (677,46) size 63x20 [r=2 c=3 rs=1 cs=1]
                LayoutText {#text} at (1,1) size 30x18
                  text run at (1,1) width 30: "after"
            LayoutTableRow {TR} at (0,68) size 742x20
              LayoutTableCell {TD} at (2,68) size 392x20 [r=3 c=0 rs=1 cs=1]
                LayoutText {#text} at (1,1) size 231x18
                  text run at (1,1) width 231: "hidden with value property changed"
              LayoutTableCell {TD} at (396,77) size 214x2 [r=3 c=1 rs=1 cs=1]
              LayoutTableCell {TD} at (612,68) size 63x20 [r=3 c=2 rs=1 cs=1]
                LayoutText {#text} at (1,1) size 30x18
                  text run at (1,1) width 30: "after"
              LayoutTableCell {TD} at (677,68) size 63x20 [r=3 c=3 rs=1 cs=1]
                LayoutText {#text} at (1,1) size 30x18
                  text run at (1,1) width 30: "after"
            LayoutTableRow {TR} at (0,90) size 742x20
              LayoutTableCell {TD} at (2,90) size 392x20 [r=4 c=0 rs=1 cs=1]
                LayoutText {#text} at (1,1) size 228x18
                  text run at (1,1) width 228: "button with value property changed"
              LayoutTableCell {TD} at (396,90) size 214x20 [r=4 c=1 rs=1 cs=1]
                LayoutButton {INPUT} at (1,1) size 38.56x18 [bgcolor=#C0C0C0]
                  LayoutBlockFlow (anonymous) at (8,2) size 22.56x13
                    LayoutText {#text} at (0,0) size 23x13
                      text run at (0,0) width 23: "after"
              LayoutTableCell {TD} at (612,90) size 63x20 [r=4 c=2 rs=1 cs=1]
                LayoutText {#text} at (1,1) size 30x18
                  text run at (1,1) width 30: "after"
              LayoutTableCell {TD} at (677,90) size 63x20 [r=4 c=3 rs=1 cs=1]
                LayoutText {#text} at (1,1) size 30x18
                  text run at (1,1) width 30: "after"
            LayoutTableRow {TR} at (0,112) size 742x20
              LayoutTableCell {TD} at (2,112) size 392x20 [r=5 c=0 rs=1 cs=1]
                LayoutText {#text} at (1,1) size 226x18
                  text run at (1,1) width 226: "image with value property changed"
              LayoutTableCell {TD} at (396,114) size 214x15 [r=5 c=1 rs=1 cs=1]
                LayoutBlockFlow {INPUT} at (1,1) size 31.89x13
                  LayoutInline {SPAN} at (0,0) size 32x13
                    LayoutInline {SPAN} at (0,0) size 32x13
                      LayoutText {#text} at (0,0) size 32x13
                        text run at (0,0) width 32: "before"
              LayoutTableCell {TD} at (612,112) size 63x20 [r=5 c=2 rs=1 cs=1]
                LayoutText {#text} at (1,1) size 30x18
                  text run at (1,1) width 30: "after"
              LayoutTableCell {TD} at (677,112) size 63x20 [r=5 c=3 rs=1 cs=1]
                LayoutText {#text} at (1,1) size 30x18
                  text run at (1,1) width 30: "after"
            LayoutTableRow {TR} at (0,134) size 742x21
              LayoutTableCell {TD} at (2,134) size 392x20 [r=6 c=0 rs=1 cs=1]
                LayoutText {#text} at (1,1) size 220x18
                  text run at (1,1) width 220: "radio with value property changed"
              LayoutTableCell {TD} at (396,134) size 214x21 [r=6 c=1 rs=1 cs=1]
                LayoutBlockFlow {INPUT} at (3.88,4) size 12x13
              LayoutTableCell {TD} at (612,134) size 63x20 [r=6 c=2 rs=1 cs=1]
                LayoutText {#text} at (1,1) size 30x18
                  text run at (1,1) width 30: "after"
              LayoutTableCell {TD} at (677,134) size 63x20 [r=6 c=3 rs=1 cs=1]
                LayoutText {#text} at (1,1) size 30x18
                  text run at (1,1) width 30: "after"
            LayoutTableRow {TR} at (0,157) size 742x21
              LayoutTableCell {TD} at (2,157) size 392x20 [r=7 c=0 rs=1 cs=1]
                LayoutText {#text} at (1,1) size 210x18
                  text run at (1,1) width 210: "text with value attribute changed"
              LayoutTableCell {TD} at (396,157) size 214x21 [r=7 c=1 rs=1 cs=1]
                LayoutTextControl {INPUT} at (1,1) size 131x19 [bgcolor=#FFFFFF] [border: (2px inset #EEEEEE)]
              LayoutTableCell {TD} at (612,157) size 63x20 [r=7 c=2 rs=1 cs=1]
                LayoutText {#text} at (1,1) size 30x18
                  text run at (1,1) width 30: "after"
              LayoutTableCell {TD} at (677,157) size 63x20 [r=7 c=3 rs=1 cs=1]
                LayoutText {#text} at (1,1) size 30x18
                  text run at (1,1) width 30: "after"
            LayoutTableRow {TR} at (0,180) size 742x20
              LayoutTableCell {TD} at (2,180) size 392x20 [r=8 c=0 rs=1 cs=1]
                LayoutText {#text} at (1,1) size 252x18
                  text run at (1,1) width 252: "check box with value attribute changed"
              LayoutTableCell {TD} at (396,180) size 214x20 [r=8 c=1 rs=1 cs=1]
                LayoutBlockFlow {INPUT} at (3.88,4) size 12x12
              LayoutTableCell {TD} at (612,180) size 63x20 [r=8 c=2 rs=1 cs=1]
                LayoutText {#text} at (1,1) size 30x18
                  text run at (1,1) width 30: "after"
              LayoutTableCell {TD} at (677,180) size 63x20 [r=8 c=3 rs=1 cs=1]
                LayoutText {#text} at (1,1) size 30x18
                  text run at (1,1) width 30: "after"
            LayoutTableRow {TR} at (0,202) size 742x20
              LayoutTableCell {TD} at (2,202) size 392x20 [r=9 c=0 rs=1 cs=1]
                LayoutText {#text} at (1,1) size 390x18
                  text run at (1,1) width 390: "text with value property changed, then turned into check box"
              LayoutTableCell {TD} at (396,202) size 214x20 [r=9 c=1 rs=1 cs=1]
                LayoutBlockFlow {INPUT} at (3.88,4) size 12x12
              LayoutTableCell {TD} at (612,202) size 63x20 [r=9 c=2 rs=1 cs=1]
                LayoutText {#text} at (1,1) size 30x18
                  text run at (1,1) width 30: "after"
              LayoutTableCell {TD} at (677,202) size 63x20 [r=9 c=3 rs=1 cs=1]
                LayoutText {#text} at (1,1) size 30x18
                  text run at (1,1) width 30: "after"
            LayoutTableRow {TR} at (0,224) size 742x21
              LayoutTableCell {TD} at (2,224) size 392x20 [r=10 c=0 rs=1 cs=1]
                LayoutText {#text} at (1,1) size 390x18
                  text run at (1,1) width 390: "check box with value property changed, then turned into text"
              LayoutTableCell {TD} at (396,224) size 214x21 [r=10 c=1 rs=1 cs=1]
                LayoutTextControl {INPUT} at (1,1) size 131x19 [bgcolor=#FFFFFF] [border: (2px inset #EEEEEE)]
              LayoutTableCell {TD} at (612,224) size 63x20 [r=10 c=2 rs=1 cs=1]
                LayoutText {#text} at (1,1) size 30x18
                  text run at (1,1) width 30: "after"
              LayoutTableCell {TD} at (677,224) size 63x20 [r=10 c=3 rs=1 cs=1]
                LayoutText {#text} at (1,1) size 30x18
                  text run at (1,1) width 30: "after"
            LayoutTableRow {TR} at (0,247) size 742x20
              LayoutTableCell {TD} at (2,247) size 392x20 [r=11 c=0 rs=1 cs=1]
                LayoutText {#text} at (1,1) size 389x18
                  text run at (1,1) width 389: "text with value attribute changed, then turned into check box"
              LayoutTableCell {TD} at (396,247) size 214x20 [r=11 c=1 rs=1 cs=1]
                LayoutBlockFlow {INPUT} at (3.88,4) size 12x12
              LayoutTableCell {TD} at (612,247) size 63x20 [r=11 c=2 rs=1 cs=1]
                LayoutText {#text} at (1,1) size 30x18
                  text run at (1,1) width 30: "after"
              LayoutTableCell {TD} at (677,247) size 63x20 [r=11 c=3 rs=1 cs=1]
                LayoutText {#text} at (1,1) size 30x18
                  text run at (1,1) width 30: "after"
            LayoutTableRow {TR} at (0,269) size 742x21
              LayoutTableCell {TD} at (2,269) size 392x20 [r=12 c=0 rs=1 cs=1]
                LayoutText {#text} at (1,1) size 389x18
                  text run at (1,1) width 389: "check box with value attribute changed, then turned into text"
              LayoutTableCell {TD} at (396,269) size 214x21 [r=12 c=1 rs=1 cs=1]
                LayoutTextControl {INPUT} at (1,1) size 131x19 [bgcolor=#FFFFFF] [border: (2px inset #EEEEEE)]
              LayoutTableCell {TD} at (612,269) size 63x20 [r=12 c=2 rs=1 cs=1]
                LayoutText {#text} at (1,1) size 30x18
                  text run at (1,1) width 30: "after"
              LayoutTableCell {TD} at (677,269) size 63x20 [r=12 c=3 rs=1 cs=1]
                LayoutText {#text} at (1,1) size 30x18
                  text run at (1,1) width 30: "after"
            LayoutTableRow {TR} at (0,292) size 742x20
              LayoutTableCell {TD} at (2,292) size 392x20 [r=13 c=0 rs=1 cs=1]
                LayoutText {#text} at (1,1) size 208x18
                  text run at (1,1) width 208: "file with value property changed"
              LayoutTableCell {TD} at (396,292) size 214x20 [r=13 c=1 rs=1 cs=1]
                LayoutFileUploadControl {INPUT} at (1,1) size 212x18 "No file chosen"
                  LayoutButton {INPUT} at (0,0) size 75.22x18 [bgcolor=#C0C0C0]
                    LayoutBlockFlow (anonymous) at (8,2) size 59.22x13
                      LayoutText {#text} at (0,0) size 60x13
                        text run at (0,0) width 60: "Choose File"
              LayoutTableCell {TD} at (612,301) size 63x2 [r=13 c=2 rs=1 cs=1]
              LayoutTableCell {TD} at (677,292) size 63x20 [r=13 c=3 rs=1 cs=1]
                LayoutText {#text} at (1,1) size 41x18
                  text run at (1,1) width 41: "before"
layer at (8,94) size 784x2 clip at (0,0) size 0x0
  LayoutBlockFlow {HR} at (0,86) size 784x2 [border: (1px inset #EEEEEE)]
layer at (408,132) size 125x13
  LayoutBlockFlow {DIV} at (3,3) size 125x13
    LayoutText {#text} at (0,0) size 32x13
      text run at (0,0) width 32: "before"
layer at (408,155) size 125x13
  LayoutBlockFlow {DIV} at (3,3) size 125x13
    LayoutText {#text} at (0,0) size 38x13
      text run at (0,0) width 38: "\x{2022}\x{2022}\x{2022}\x{2022}\x{2022}\x{2022}"
layer at (408,289) size 125x13
  LayoutBlockFlow {DIV} at (3,3) size 125x13
    LayoutText {#text} at (0,0) size 23x13
      text run at (0,0) width 23: "after"
layer at (408,356) size 125x13
  LayoutBlockFlow {DIV} at (3,3) size 125x13
    LayoutText {#text} at (0,0) size 23x13
      text run at (0,0) width 23: "after"
layer at (408,401) size 125x13
  LayoutBlockFlow {DIV} at (3,3) size 125x13
    LayoutText {#text} at (0,0) size 23x13
      text run at (0,0) width 23: "after"
