layer at (0,0) size 800x600
  LayoutView at (0,0) size 800x600
layer at (0,0) size 800x35
  LayoutBlockFlow {HTML} at (0,0) size 800x35
    LayoutBlockFlow {BODY} at (8,8) size 784x19
      LayoutText {#text} at (0,0) size 323x18
        text run at (0,0) width 323: "This tests if the caret position is aligned correctly. "
      LayoutTextControl {INPUT} at (322.42,0) size 205x19 [bgcolor=#FFFFFF] [border: (2px inset #EEEEEE)]
      LayoutText {#text} at (0,0) size 0x0
layer at (333,11) size 200x13
  LayoutBlockFlow {DIV} at (3,3) size 200x13
caret: position 0 of child 0 {DIV} of {#document-fragment} of child 1 {INPUT} of body
