layer at (0,0) size 800x600
  LayoutView at (0,0) size 800x600
layer at (0,0) size 800x600
  LayoutNGBlockFlow {HTML} at (0,0) size 800x600
    LayoutNGBlockFlow {BODY} at (8,8) size 784x584
      LayoutNGBlockFlow (floating) {DIV} at (0,0) size 57x28 [border: (1px solid #000000)]
        LayoutNGBlockFlow {SPAN} at (1,1) size 55x26
          LayoutNGBlockFlow {SPAN} at (0,0) size 55x26
            LayoutText {#text} at (0,4) size 55x15
              text run at (0,4) width 55: "Float Text"
          LayoutText {#text} at (0,0) size 0x0
        LayoutText {#text} at (0,0) size 0x0
      LayoutNGBlockFlow (anonymous) at (0,0) size 784x20
        LayoutText {#text} at (59,0) size 467x19
          text run at (59,0) width 467: "The float on the left should have a black border enclosing its text contents."
