layer at (0,0) size 800x600
  LayoutView at (0,0) size 800x600
layer at (0,0) size 800x291
  LayoutBlockFlow {HTML} at (0,0) size 800x291
    LayoutBlockFlow {BODY} at (8,16) size 784x243
      LayoutBlockFlow {P} at (0,0) size 784x19
        LayoutText {#text} at (0,1) size 521x18
          text run at (0,1) width 506: "The following two blocks should be identical, including overflow. (Force bidi: "
          text run at (505,1) width 11 RTL: "\x{5D0}"
          text run at (515,1) width 6: ")"
      LayoutBlockFlow {DIV} at (32,51) size 720x80 [color=#FFFF00] [bgcolor=#000000]
        LayoutTable (anonymous) at (24,24) size 261x32
          LayoutTableSection (anonymous) at (0,0) size 261x32
            LayoutTableRow {P} at (0,0) size 261x32
              LayoutTableCell (anonymous) at (0,0) size 261x32 [r=0 c=0 rs=1 cs=1]
                LayoutInline {SPAN} at (0,0) size 15x37
                  LayoutText {#text} at (0,-3) size 15x37
                    text run at (0,-3) width 15: "a"
                LayoutInline {SPAN} at (0,0) size 20x51 [color=#FF00FF] [border: (3px solid #FF00FF) none (3px solid #FF00FF)]
                  LayoutText {#text} at (33,-3) size 17x37
                    text run at (33,-3) width 17: "b"
                LayoutInline {SPAN} at (0,0) size 18x51 [color=#00FFFF] [border: (3px solid #00FFFF) none (3px solid #00FFFF)]
                  LayoutText {#text} at (68,-3) size 15x37
                    text run at (68,-3) width 15: "c"
                LayoutInline {SPAN} at (0,0) size 17x51 [color=#FF00FF] [border: (3px solid #FF00FF) none (3px solid #FF00FF) none]
                  LayoutText {#text} at (82,-3) size 17x37
                    text run at (82,-3) width 17: "d"
                LayoutInline {SPAN} at (0,0) size 15x51 [color=#00FFFF] [border: (3px solid #00FFFF) none (3px solid #00FFFF) none]
                  LayoutText {#text} at (98,-3) size 15x37
                    text run at (98,-3) width 15: "e"
                LayoutInline {SPAN} at (0,0) size 12x37
                  LayoutText {#text} at (112,-3) size 12x37
                    text run at (112,-3) width 12: "f"
                LayoutInline {SPAN} at (0,0) size 17x37
                  LayoutText {#text} at (123,-3) size 17x37
                    text run at (123,-3) width 17: "g"
                LayoutInline {SPAN} at (0,0) size 17x37
                  LayoutText {#text} at (139,-3) size 17x37
                    text run at (139,-3) width 17: "h"
                LayoutInline {SPAN} at (0,0) size 10x51 [color=#FF00FF] [border: (3px solid #FF00FF) none (3px solid #FF00FF) none]
                  LayoutText {#text} at (155,-3) size 10x37
                    text run at (155,-3) width 10: "i"
                LayoutInline {SPAN} at (0,0) size 13x51 [color=#00FFFF] [border: (3px solid #00FFFF) none]
                  LayoutText {#text} at (164,-3) size 10x37
                    text run at (164,-3) width 10: "j"
                LayoutInline {SPAN} at (0,0) size 20x51 [color=#FF00FF] [border: (3px solid #FF00FF) none]
                  LayoutText {#text} at (192,-3) size 17x37
                    text run at (192,-3) width 17: "k"
                LayoutInline {SPAN} at (0,0) size 9x37
                  LayoutText {#text} at (227,-3) size 9x37
                    text run at (227,-3) width 9: "l"
                LayoutInline {SPAN} at (0,0) size 26x37
                  LayoutText {#text} at (235,-3) size 26x37
                    text run at (235,-3) width 26: "m"
      LayoutBlockFlow {DIV} at (32,163) size 720x80 [color=#FFFF00] [bgcolor=#000000]
        LayoutTable (anonymous) at (24,24) size 261x32
          LayoutTableSection (anonymous) at (0,0) size 261x32
            LayoutTableRow {P} at (0,0) size 261x32
              LayoutTableCell (anonymous) at (0,0) size 261x32 [r=0 c=0 rs=1 cs=1]
                LayoutText {#text} at (0,-3) size 236x37
                  text run at (0,-3) width 15: "a"
                  text run at (49,-3) width 1 LTR override: "\x{202D}"
                  text run at (227,-3) width 9 RTL override: "\x{202E}l"
                LayoutInline {SPAN} at (0,0) size 112x51 [color=#00FFFF] [border: (3px solid #00FFFF)]
                  LayoutText {#text} at (68,-3) size 106x37
                    text run at (68,-3) width 15 LTR override: "c"
                    text run at (98,-3) width 15 LTR override: "\x{202D}e"
                    text run at (155,-3) width 1 RTL override: "\x{202E}"
                    text run at (164,-3) width 10 RTL override: "\x{202E}j"
                LayoutText {#text} at (112,-3) size 44x37
                  text run at (112,-3) width 12 RTL override: "\x{202C}f"
                  text run at (123,-3) width 17 LTR override: "\x{202D}g"
                  text run at (139,-3) width 17 RTL override: "h"
                LayoutInline {SPAN} at (0,0) size 182x51 [color=#FF00FF] [border: (3px solid #FF00FF)]
                  LayoutText {#text} at (33,-3) size 176x37
                    text run at (33,-3) width 17 RTL override: "\x{202C}b"
                    text run at (82,-3) width 17 RTL override: "\x{202C}d"
                    text run at (155,-3) width 10 LTR override: "\x{202C}i"
                    text run at (192,-3) width 17 LTR override: "\x{202C}k"
                LayoutText {#text} at (235,-3) size 26x37
                  text run at (235,-3) width 26: "\x{202C}m"
