layer at (0,0) size 800x600
  LayoutView at (0,0) size 800x600
layer at (0,0) size 800x600
  LayoutBlockFlow {HTML} at (0,0) size 800x600
    LayoutBlockFlow {BODY} at (8,8) size 784x572
      LayoutBlockFlow {P} at (0,0) size 784x18
        LayoutText {#text} at (0,0) size 422x18
          text run at (0,0) width 422: "Test that corner-radii are constrained according to the CSS3 rules."
      LayoutBlockFlow {DIV} at (20,38) size 240x80 [border: (20px double #000000)]
      LayoutBlockFlow {DIV} at (20,138) size 80x240 [border: (20px double #000000)]
