layer at (0,0) size 800x600
  LayoutView at (0,0) size 800x600
layer at (0,0) size 800x600
  LayoutBlockFlow {HTML} at (0,0) size 800x600
    LayoutBlockFlow {BODY} at (8,8) size 784x584
      LayoutBlockFlow {DIV} at (0,0) size 784x66
        LayoutBlockFlow {SPAN} at (2,0) size 62x62 [bgcolor=#CCCCCC] [border: (6px dotted #FF0000)]
        LayoutText {#text} at (66,48) size 4x18
          text run at (66,48) width 4: " "
        LayoutBlockFlow {SPAN} at (72,0) size 62x62 [bgcolor=#CCCCCC] [border: (6px dotted #FF0000)]
        LayoutText {#text} at (136,48) size 4x18
          text run at (136,48) width 4: " "
        LayoutBlockFlow {SPAN} at (142,0) size 62x62 [bgcolor=#CCCCCC] [border: (6px dotted #FF0000)]
        LayoutText {#text} at (206,48) size 4x18
          text run at (206,48) width 4: " "
        LayoutBlockFlow {SPAN} at (212,0) size 62x62 [bgcolor=#CCCCCC] [border: (6px dotted #FF0000)]
        LayoutText {#text} at (276,48) size 4x18
          text run at (276,48) width 4: " "
        LayoutBlockFlow {SPAN} at (282,0) size 62x62 [bgcolor=#CCCCCC] [border: (6px dotted #FF0000)]
        LayoutText {#text} at (346,48) size 44x18
          text run at (346,48) width 4: " "
          text run at (350,48) width 40: "dotted"
      LayoutBlockFlow {DIV} at (0,66) size 784x66
        LayoutBlockFlow {SPAN} at (2,0) size 62x62 [bgcolor=#CCCCCC] [border: (6px dashed #FF0000)]
        LayoutText {#text} at (66,48) size 4x18
          text run at (66,48) width 4: " "
        LayoutBlockFlow {SPAN} at (72,0) size 62x62 [bgcolor=#CCCCCC] [border: (6px dashed #FF0000)]
        LayoutText {#text} at (136,48) size 4x18
          text run at (136,48) width 4: " "
        LayoutBlockFlow {SPAN} at (142,0) size 62x62 [bgcolor=#CCCCCC] [border: (6px dashed #FF0000)]
        LayoutText {#text} at (206,48) size 4x18
          text run at (206,48) width 4: " "
        LayoutBlockFlow {SPAN} at (212,0) size 62x62 [bgcolor=#CCCCCC] [border: (6px dashed #FF0000)]
        LayoutText {#text} at (276,48) size 4x18
          text run at (276,48) width 4: " "
        LayoutBlockFlow {SPAN} at (282,0) size 62x62 [bgcolor=#CCCCCC] [border: (6px dashed #FF0000)]
        LayoutText {#text} at (346,48) size 49x18
          text run at (346,48) width 4: " "
          text run at (350,48) width 45: "dashed"
      LayoutBlockFlow {DIV} at (0,132) size 784x66
        LayoutBlockFlow {SPAN} at (2,0) size 62x62 [bgcolor=#CCCCCC] [border: (6px solid #FF0000)]
        LayoutText {#text} at (66,48) size 4x18
          text run at (66,48) width 4: " "
        LayoutBlockFlow {SPAN} at (72,0) size 62x62 [bgcolor=#CCCCCC] [border: (6px solid #FF0000)]
        LayoutText {#text} at (136,48) size 4x18
          text run at (136,48) width 4: " "
        LayoutBlockFlow {SPAN} at (142,0) size 62x62 [bgcolor=#CCCCCC] [border: (6px solid #FF0000)]
        LayoutText {#text} at (206,48) size 4x18
          text run at (206,48) width 4: " "
        LayoutBlockFlow {SPAN} at (212,0) size 62x62 [bgcolor=#CCCCCC] [border: (6px solid #FF0000)]
        LayoutText {#text} at (276,48) size 4x18
          text run at (276,48) width 4: " "
        LayoutBlockFlow {SPAN} at (282,0) size 62x62 [bgcolor=#CCCCCC] [border: (6px solid #FF0000)]
        LayoutText {#text} at (346,48) size 36x18
          text run at (346,48) width 4: " "
          text run at (350,48) width 32: "solid"
      LayoutBlockFlow {DIV} at (0,198) size 784x66
        LayoutBlockFlow {SPAN} at (2,0) size 62x62 [bgcolor=#CCCCCC] [border: (6px double #FF0000)]
        LayoutText {#text} at (66,48) size 4x18
          text run at (66,48) width 4: " "
        LayoutBlockFlow {SPAN} at (72,0) size 62x62 [bgcolor=#CCCCCC] [border: (6px double #FF0000)]
        LayoutText {#text} at (136,48) size 4x18
          text run at (136,48) width 4: " "
        LayoutBlockFlow {SPAN} at (142,0) size 62x62 [bgcolor=#CCCCCC] [border: (6px double #FF0000)]
        LayoutText {#text} at (206,48) size 4x18
          text run at (206,48) width 4: " "
        LayoutBlockFlow {SPAN} at (212,0) size 62x62 [bgcolor=#CCCCCC] [border: (6px double #FF0000)]
        LayoutText {#text} at (276,48) size 4x18
          text run at (276,48) width 4: " "
        LayoutBlockFlow {SPAN} at (282,0) size 62x62 [bgcolor=#CCCCCC] [border: (6px double #FF0000)]
        LayoutText {#text} at (346,48) size 48x18
          text run at (346,48) width 4: " "
          text run at (350,48) width 44: "double"
      LayoutBlockFlow {DIV} at (0,264) size 784x66
        LayoutBlockFlow {SPAN} at (2,0) size 62x62 [bgcolor=#CCCCCC] [border: (6px groove #FF0000)]
        LayoutText {#text} at (66,48) size 4x18
          text run at (66,48) width 4: " "
        LayoutBlockFlow {SPAN} at (72,0) size 62x62 [bgcolor=#CCCCCC] [border: (6px groove #FF0000)]
        LayoutText {#text} at (136,48) size 4x18
          text run at (136,48) width 4: " "
        LayoutBlockFlow {SPAN} at (142,0) size 62x62 [bgcolor=#CCCCCC] [border: (6px groove #FF0000)]
        LayoutText {#text} at (206,48) size 4x18
          text run at (206,48) width 4: " "
        LayoutBlockFlow {SPAN} at (212,0) size 62x62 [bgcolor=#CCCCCC] [border: (6px groove #FF0000)]
        LayoutText {#text} at (276,48) size 4x18
          text run at (276,48) width 4: " "
        LayoutBlockFlow {SPAN} at (282,0) size 62x62 [bgcolor=#CCCCCC] [border: (6px groove #FF0000)]
        LayoutText {#text} at (346,48) size 49x18
          text run at (346,48) width 4: " "
          text run at (350,48) width 45: "groove"
      LayoutBlockFlow {DIV} at (0,330) size 784x66
        LayoutBlockFlow {SPAN} at (2,0) size 62x62 [bgcolor=#CCCCCC] [border: (6px ridge #FF0000)]
        LayoutText {#text} at (66,48) size 4x18
          text run at (66,48) width 4: " "
        LayoutBlockFlow {SPAN} at (72,0) size 62x62 [bgcolor=#CCCCCC] [border: (6px ridge #FF0000)]
        LayoutText {#text} at (136,48) size 4x18
          text run at (136,48) width 4: " "
        LayoutBlockFlow {SPAN} at (142,0) size 62x62 [bgcolor=#CCCCCC] [border: (6px ridge #FF0000)]
        LayoutText {#text} at (206,48) size 4x18
          text run at (206,48) width 4: " "
        LayoutBlockFlow {SPAN} at (212,0) size 62x62 [bgcolor=#CCCCCC] [border: (6px ridge #FF0000)]
        LayoutText {#text} at (276,48) size 4x18
          text run at (276,48) width 4: " "
        LayoutBlockFlow {SPAN} at (282,0) size 62x62 [bgcolor=#CCCCCC] [border: (6px ridge #FF0000)]
        LayoutText {#text} at (346,48) size 37x18
          text run at (346,48) width 4: " "
          text run at (350,48) width 33: "ridge"
      LayoutBlockFlow {DIV} at (0,396) size 784x66
        LayoutBlockFlow {SPAN} at (2,0) size 62x62 [bgcolor=#CCCCCC] [border: (6px inset #FF0000)]
        LayoutText {#text} at (66,48) size 4x18
          text run at (66,48) width 4: " "
        LayoutBlockFlow {SPAN} at (72,0) size 62x62 [bgcolor=#CCCCCC] [border: (6px inset #FF0000)]
        LayoutText {#text} at (136,48) size 4x18
          text run at (136,48) width 4: " "
        LayoutBlockFlow {SPAN} at (142,0) size 62x62 [bgcolor=#CCCCCC] [border: (6px inset #FF0000)]
        LayoutText {#text} at (206,48) size 4x18
          text run at (206,48) width 4: " "
        LayoutBlockFlow {SPAN} at (212,0) size 62x62 [bgcolor=#CCCCCC] [border: (6px inset #FF0000)]
        LayoutText {#text} at (276,48) size 4x18
          text run at (276,48) width 4: " "
        LayoutBlockFlow {SPAN} at (282,0) size 62x62 [bgcolor=#CCCCCC] [border: (6px inset #FF0000)]
        LayoutText {#text} at (346,48) size 35x18
          text run at (346,48) width 4: " "
          text run at (350,48) width 31: "inset"
      LayoutBlockFlow {DIV} at (0,462) size 784x66
        LayoutBlockFlow {SPAN} at (2,0) size 62x62 [bgcolor=#CCCCCC] [border: (6px outset #FF0000)]
        LayoutText {#text} at (66,48) size 4x18
          text run at (66,48) width 4: " "
        LayoutBlockFlow {SPAN} at (72,0) size 62x62 [bgcolor=#CCCCCC] [border: (6px outset #FF0000)]
        LayoutText {#text} at (136,48) size 4x18
          text run at (136,48) width 4: " "
        LayoutBlockFlow {SPAN} at (142,0) size 62x62 [bgcolor=#CCCCCC] [border: (6px outset #FF0000)]
        LayoutText {#text} at (206,48) size 4x18
          text run at (206,48) width 4: " "
        LayoutBlockFlow {SPAN} at (212,0) size 62x62 [bgcolor=#CCCCCC] [border: (6px outset #FF0000)]
        LayoutText {#text} at (276,48) size 4x18
          text run at (276,48) width 4: " "
        LayoutBlockFlow {SPAN} at (282,0) size 62x62 [bgcolor=#CCCCCC] [border: (6px outset #FF0000)]
        LayoutText {#text} at (346,48) size 43x18
          text run at (346,48) width 4: " "
          text run at (350,48) width 39: "outset"
