layer at (0,0) size 800x600
  LayoutView at (0,0) size 800x600
layer at (0,0) size 800x348
  LayoutBlockFlow {HTML} at (0,0) size 800x348.44
    LayoutBlockFlow {BODY} at (8,18.72) size 784x321.72
      LayoutBlockFlow {H3} at (0,0) size 784x22
        LayoutText {#text} at (0,0) size 91x22
          text run at (0,0) width 91: "It passes if:"
      LayoutBlockFlow {UL} at (0,40.72) size 784x36
        LayoutListItem {LI} at (40,0) size 744x18
          LayoutListMarker (anonymous) at (-17,0) size 7x18: bullet
          LayoutText {#text} at (0,0) size 415x18
            text run at (0,0) width 415: "the video content has rounded corners (top left and bottom right)"
        LayoutListItem {LI} at (40,18) size 744x18
          LayoutListMarker (anonymous) at (-17,0) size 7x18: bullet
          LayoutText {#text} at (0,0) size 480x18
            text run at (0,0) width 480: "the remaining space is gray and has same rounded corners as video content"
      LayoutBlockFlow (anonymous) at (0,92.72) size 784x229
        LayoutText {#text} at (0,0) size 0x0
layer at (8,111) size 500x225
  LayoutVideo {VIDEO} at (0,0) size 500x225 [bgcolor=#808080]
layer at (8,111) size 500x225
  LayoutFlexibleBox (relative positioned) {DIV} at (0,0) size 500x225
    LayoutBlockFlow {DIV} at (0,193) size 500x32
layer at (8,111) size 500x183
  LayoutFlexibleBox (relative positioned) {DIV} at (0,0) size 500x183
