layer at (0,0) size 800x600
  LayoutView at (0,0) size 800x600
layer at (0,0) size 800x418
  LayoutBlockFlow {HTML} at (0,0) size 800x418.44
    LayoutBlockFlow {BODY} at (8,18.72) size 784x391.72
      LayoutBlockFlow {H3} at (0,0) size 784x22
        LayoutText {#text} at (0,0) size 91x22
          text run at (0,0) width 91: "It passes if:"
      LayoutBlockFlow {UL} at (0,40.72) size 784x54
        LayoutListItem {LI} at (40,0) size 744x18
          LayoutListMarker (anonymous) at (-17,0) size 7x18: bullet
          LayoutText {#text} at (0,0) size 400x18
            text run at (0,0) width 400: "the canvas content has rounded corners (top-left and top-right)"
        LayoutListItem {LI} at (40,18) size 744x18
          LayoutListMarker (anonymous) at (-17,0) size 7x18: bullet
          LayoutText {#text} at (0,0) size 358x18
            text run at (0,0) width 358: "the 10px red border is visible around the canvas content"
        LayoutListItem {LI} at (40,36) size 744x18
          LayoutListMarker (anonymous) at (-17,0) size 7x18: bullet
          LayoutText {#text} at (0,0) size 160x18
            text run at (0,0) width 160: "gray border is not visible"
      LayoutBlockFlow (anonymous) at (0,110.72) size 784x281
        LayoutText {#text} at (0,0) size 0x0
        LayoutText {#text} at (0,0) size 0x0
layer at (8,129) size 277x277
  LayoutHTMLCanvas {CANVAS} at (0,0) size 277x277 [bgcolor=#808080] [border: (10px solid #FF0000)]
