layer at (0,0) size 800x600 scrollHeight 724
  LayoutView at (0,0) size 800x600
layer at (0,0) size 800x724 backgroundClip at (0,0) size 800x600 clip at (0,0) size 800x600
  LayoutBlockFlow {HTML} at (0,0) size 800x724
    LayoutBlockFlow {BODY} at (8,8) size 784x708
      LayoutBlockFlow {DIV} at (10,10) size 330x330 [border: (105px solid #000000) (150px solid #000000) (105px solid #000000)]
      LayoutText {#text} at (350,336) size 4x18
        text run at (350,336) width 4: " "
      LayoutBlockFlow {DIV} at (364,10) size 330x330 [border: (105px solid #000000) (150px solid #000000) (105px solid #000000)]
      LayoutText {#text} at (704,336) size 4x18
        text run at (704,336) width 4: " "
      LayoutBR {BR} at (0,0) size 0x0
      LayoutBlockFlow {DIV} at (10,364) size 330x330 [border: (105px solid #000000) (150px solid #000000) (105px solid #000000)]
      LayoutText {#text} at (350,690) size 4x18
        text run at (350,690) width 4: " "
      LayoutBlockFlow {DIV} at (364,364) size 330x330 [border: (105px solid #000000) (150px solid #000000) (105px solid #000000)]
      LayoutText {#text} at (0,0) size 0x0
