layer at (0,0) size 800x600
  LayoutView at (0,0) size 800x600
layer at (0,0) size 800x450
  LayoutBlockFlow {HTML} at (0,0) size 800x450.44
    LayoutBlockFlow {BODY} at (8,18.72) size 784x423.72
      LayoutBlockFlow {H3} at (0,0) size 784x22
        LayoutText {#text} at (0,0) size 91x22
          text run at (0,0) width 91: "It passes if:"
      LayoutBlockFlow {UL} at (0,40.72) size 784x36
        LayoutListItem {LI} at (40,0) size 744x18
          LayoutListMarker (anonymous) at (-17,0) size 7x18: bullet
          LayoutText {#text} at (0,0) size 309x18
            text run at (0,0) width 309: "the canvas element has 8px gray shadow around"
        LayoutListItem {LI} at (40,18) size 744x18
          LayoutListMarker (anonymous) at (-17,0) size 7x18: bullet
          LayoutText {#text} at (0,0) size 252x18
            text run at (0,0) width 252: "the canvas content has rounded corners"
      LayoutBlockFlow (anonymous) at (0,92.72) size 784x331
        LayoutText {#text} at (0,0) size 0x0
        LayoutText {#text} at (0,0) size 0x0
layer at (28,131) size 287x287
  LayoutHTMLCanvas {CANVAS} at (20,20) size 287x287 [bgcolor=#808080] [border: (5px solid #FF0000)]
