layer at (0,0) size 800x600
  LayoutView at (0,0) size 800x600
layer at (0,0) size 800x600
  LayoutBlockFlow {HTML} at (0,0) size 800x600
    LayoutBlockFlow {BODY} at (8,8) size 784x584
      LayoutBlockFlow {DIV} at (0,0) size 784x350
        LayoutInline {SPAN} at (0,0) size 37x230 [border: (21px solid #000000) (30px solid #000000) (21px solid #000000)]
          LayoutText {#text} at (46,85) size 7x29
            text run at (46,85) width 7: " "
          LayoutBR {BR} at (52,108) size 1x0
          LayoutText {#text} at (25,235) size 7x29
            text run at (25,235) width 7: " "
