layer at (0,0) size 800x600 scrollHeight 620
  LayoutView at (0,0) size 800x600
layer at (0,0) size 800x620 backgroundClip at (0,0) size 800x600 clip at (0,0) size 800x600
  LayoutBlockFlow {HTML} at (0,0) size 800x620
    LayoutBlockFlow {BODY} at (8,8) size 784x604
      LayoutBlockFlow {P} at (0,0) size 784x36
        LayoutText {#text} at (0,0) size 750x36
          text run at (0,0) width 750: "The purpose of this test case is to illustrate the legacy behavior of -webkit-border-image. The specified border widths"
          text run at (0,18) width 715: "actually end up becoming the real border widths. The border-image property in the specification doesn't do this."
      LayoutBlockFlow (anonymous) at (0,52) size 784x552
        LayoutBlockFlow {DIV} at (10,10) size 252x252 [border: (42px solid #000000) (60px solid #000000) (42px solid #000000)]
        LayoutText {#text} at (272,258) size 4x18
          text run at (272,258) width 4: " "
        LayoutBlockFlow {DIV} at (286,10) size 252x252 [border: (42px solid #000000) (60px solid #000000) (42px solid #000000)]
        LayoutText {#text} at (548,258) size 4x18
          text run at (548,258) width 4: " "
        LayoutBR {BR} at (0,0) size 0x0
        LayoutBlockFlow {DIV} at (10,286) size 252x252 [border: (42px solid #000000) (60px solid #000000) (42px solid #000000)]
        LayoutText {#text} at (272,534) size 4x18
          text run at (272,534) width 4: " "
        LayoutBlockFlow {DIV} at (286,286) size 252x252 [border: (42px solid #000000) (60px solid #000000) (42px solid #000000)]
        LayoutText {#text} at (0,0) size 0x0
