layer at (0,0) size 800x600
  LayoutView at (0,0) size 800x600
layer at (0,0) size 800x400
  LayoutBlockFlow {HTML} at (0,0) size 800x400.44
    LayoutBlockFlow {BODY} at (8,18.72) size 784x373.72
      LayoutBlockFlow {H3} at (0,0) size 784x22
        LayoutText {#text} at (0,0) size 91x22
          text run at (0,0) width 91: "It passes if:"
      LayoutBlockFlow {UL} at (0,40.72) size 784x36
        LayoutListItem {LI} at (40,0) size 744x18
          LayoutListMarker (anonymous) at (-17,0) size 7x18: bullet
          LayoutText {#text} at (0,0) size 425x18
            text run at (0,0) width 425: "the canvas content has rounded corners (bottom-left and top-right)"
        LayoutListItem {LI} at (40,18) size 744x18
          LayoutListMarker (anonymous) at (-17,0) size 7x18: bullet
          LayoutText {#text} at (0,0) size 400x18
            text run at (0,0) width 400: "the 10px gray background is visible around the canvas content"
      LayoutBlockFlow (anonymous) at (0,92.72) size 784x281
        LayoutText {#text} at (0,0) size 0x0
        LayoutText {#text} at (0,0) size 0x0
layer at (8,111) size 277x277
  LayoutHTMLCanvas {CANVAS} at (0,0) size 277x277 [bgcolor=#808080]
