layer at (0,0) size 800x600
  LayoutView at (0,0) size 800x600
layer at (0,0) size 800x486
  LayoutBlockFlow {HTML} at (0,0) size 800x486.44
    LayoutBlockFlow {BODY} at (8,18.72) size 784x459.72
      LayoutBlockFlow {H3} at (0,0) size 784x22
        LayoutText {#text} at (0,0) size 91x22
          text run at (0,0) width 91: "It passes if:"
      LayoutBlockFlow {UL} at (0,40.72) size 784x72
        LayoutListItem {LI} at (40,0) size 744x18
          LayoutListMarker (anonymous) at (-17,0) size 7x18: bullet
          LayoutText {#text} at (0,0) size 400x18
            text run at (0,0) width 400: "the 10px gray background is visible around the canvas content"
        LayoutListItem {LI} at (40,18) size 744x18
          LayoutListMarker (anonymous) at (-17,0) size 7x18: bullet
          LayoutText {#text} at (0,0) size 155x18
            text run at (0,0) width 155: "has 5px solid red border"
        LayoutListItem {LI} at (40,36) size 744x18
          LayoutListMarker (anonymous) at (-17,0) size 7x18: bullet
          LayoutText {#text} at (0,0) size 322x18
            text run at (0,0) width 322: "all the corners for border and padding are rounded"
        LayoutListItem {LI} at (40,54) size 744x18
          LayoutListMarker (anonymous) at (-17,0) size 7x18: bullet
          LayoutText {#text} at (0,0) size 372x18
            text run at (0,0) width 372: "the bottom right corner of canvas content is NOT rounded"
      LayoutBlockFlow (anonymous) at (0,128.72) size 784x331
        LayoutText {#text} at (0,0) size 0x0
        LayoutText {#text} at (0,0) size 0x0
layer at (28,167) size 287x287
  LayoutHTMLCanvas {CANVAS} at (20,20) size 287x287 [bgcolor=#808080] [border: (5px solid #FF0000)]
