layer at (0,0) size 800x600
  LayoutView at (0,0) size 800x600
layer at (0,0) size 800x600
  LayoutBlockFlow {HTML} at (0,0) size 800x600
    LayoutBlockFlow {BODY} at (8,8) size 784x584
      LayoutBlockFlow {DIV} at (0,0) size 204x204 [bgcolor=#00FF00] [border: (2px groove #FF0000)]
        LayoutText {#text} at (2,2) size 4x18
          text run at (2,2) width 4: " "
