layer at (0,0) size 800x600
  LayoutView at (0,0) size 800x600
layer at (0,0) size 800x396
  LayoutBlockFlow {HTML} at (0,0) size 800x396
    LayoutBlockFlow {BODY} at (8,16) size 784x372
      LayoutBlockFlow {P} at (0,0) size 784x18
        LayoutText {#text} at (0,0) size 473x18
          text run at (0,0) width 473: "Below there should be a solid green circle with a black border and no red."
      LayoutBlockFlow (anonymous) at (0,34) size 784x18
        LayoutBR {BR} at (0,0) size 0x18
layer at (8,168) size 220x220 clip at (18,178) size 200x200 scrollWidth 250 scrollHeight 250
  LayoutBlockFlow (relative positioned) zI: 1 {DIV} at (0,152) size 220x220 [bgcolor=#FF0000] [border: (10px solid #000000)]
layer at (-32,128) size 300x300 backgroundClip at (18,178) size 200x200 clip at (18,178) size 200x200
  LayoutBlockFlow {DIV} at (-40,-40) size 300x300 [bgcolor=#008000]
