layer at (0,0) size 800x600
  LayoutView at (0,0) size 800x600
layer at (0,0) size 800x600
  LayoutBlockFlow {HTML} at (0,0) size 800x600
    LayoutBlockFlow {BODY} at (8,8) size 784x584
      LayoutBlockFlow {DIV} at (0,0) size 784x209
        LayoutBlockFlow {DIV} at (0,0) size 160x205 [border: (50px solid #FF0000) (5px solid #000000)]
        LayoutText {#text} at (160,191) size 4x18
          text run at (160,191) width 4: " "
        LayoutBlockFlow {DIV} at (164,0) size 160x205 [border: (5px solid #000000) (50px solid #FF0000) (5px solid #000000)]
        LayoutText {#text} at (0,0) size 0x0
      LayoutBlockFlow {DIV} at (0,209) size 784x164
        LayoutBlockFlow {DIV} at (0,0) size 205x160 [border: (5px solid #000000) (50px solid #FF0000) (5px solid #000000)]
        LayoutText {#text} at (205,146) size 4x18
          text run at (205,146) width 4: " "
        LayoutBlockFlow {DIV} at (209,0) size 205x160 [border: (5px solid #000000) (50px solid #FF0000)]
        LayoutText {#text} at (0,0) size 0x0
