layer at (0,0) size 800x600
  LayoutView at (0,0) size 800x600
layer at (0,0) size 800x600
  LayoutBlockFlow {HTML} at (0,0) size 800x600
    LayoutBlockFlow {BODY} at (8,8) size 784x572
      LayoutBlockFlow {P} at (0,0) size 784x36
        LayoutText {#text} at (0,0) size 765x36
          text run at (0,0) width 765: "When two border sides have different colors, the edge joining them should be anti-aliased. When two border sides have"
          text run at (0,18) width 656: "the same color, the edge joining them should not be anti-aliased and no corner joints should be visible."
      LayoutBlockFlow {DIV} at (20,56) size 240x80 [border: (20px solid #FF0000) (20px solid #000000)]
      LayoutBlockFlow {DIV} at (20,156) size 240x80 [border: (20px solid #FF0000) (20px solid #000000) (20px solid #FF0000)]
      LayoutBlockFlow {DIV} at (20,256) size 240x80 [border: (20px solid #FF0000) (20px solid #000000)]
      LayoutBlockFlow {DIV} at (20,356) size 240x80 [border: (20px solid #FF0000) (20px solid #000000) (20px solid #FF0000)]
