layer at (0,0) size 800x600
  LayoutView at (0,0) size 800x600
layer at (0,0) size 800x600
  LayoutBlockFlow {HTML} at (0,0) size 800x600
    LayoutBlockFlow {BODY} at (8,8) size 784x584
      LayoutText {#text} at (0,0) size 0x0
layer at (8,8) size 120x373 transparent
  LayoutInline {SPAN} at (0,0) size 120x373 [bgcolor=#808080]
    LayoutText {#text} at (22,75) size 28x298
      text run at (22,75) width 298: "This content should be masked"
    LayoutBR {BR} at (44,372) size 0x1
    LayoutText {#text} at (94,0) size 28x160
      text run at (94,0) width 160: "with a soft glow."
