layer at (0,0) size 800x600
  LayoutView at (0,0) size 800x600
layer at (0,0) size 800x566
  LayoutBlockFlow {HTML} at (0,0) size 800x566
    LayoutBlockFlow {BODY} at (8,16) size 784x542
      LayoutBlockFlow {P} at (0,0) size 784x18
        LayoutText {#text} at (0,0) size 746x18
          text run at (0,0) width 746: "Test that when we have images sprinkled within a span, borders, paddings and margins are still calculated correctly ."
      LayoutBlockFlow {DIV} at (0,34) size 212x254 [border: (1px solid #000000)]
        LayoutBlockFlow {P} at (6,22) size 200x162
          LayoutText {#text} at (0,7) size 183x50
            text run at (0,7) width 152: "aaa bbb ccc ddd eee fff "
            text run at (151,7) width 32 RTL: "\x{5DC}\x{5DE}\x{5D4}"
            text run at (0,39) width 74 RTL: "\x{5E2}\x{5E9}\x{5D9}\x{5EA}\x{5D9} \x{5D6}\x{5D0}\x{5EA}"
            text run at (73,39) width 5: " "
            text run at (77,39) width 17: "gg"
          LayoutInline {SPAN} at (0,0) size 183x53 [border: (1px solid #0000FF) (10px solid #FFA500) (1px solid #0000FF) (10px solid #008000)]
            LayoutText {#text} at (138,39) size 45x18
              text run at (138,39) width 45: " dgnjk "
            LayoutBlockFlow {IMG} at (0,64) size 22x34 [border: (1px solid #0000FF)]
            LayoutText {#text} at (22,72) size 41x18
              text run at (22,72) width 41: "njkng "
          LayoutText {#text} at (107,72) size 187x83
            text run at (107,72) width 71 RTL: "\x{5D6}\x{5D0}\x{5EA} \x{2013} \x{5D0}\x{5D9}\x{5E0}\x{5D9}"
            text run at (0,105) width 71 RTL: "\x{5D9}\x{5D5}\x{5D3}\x{5E2} \x{5D1}\x{5E2}\x{5E6}\x{5DE}"
            text run at (70,105) width 117: " qqq rrr sss ttt uuu"
            text run at (0,137) width 24: "vvv"
        LayoutBlockFlow {P} at (6,200) size 200x32
          LayoutInline {SPAN} at (0,0) size 162x20 [border: (1px solid #0000FF) (10px solid #FFA500) (1px solid #0000FF) (10px solid #008000)]
            LayoutText {#text} at (45,7) size 87x18
              text run at (45,7) width 87: "Some fill text"
            LayoutBlockFlow {IMG} at (131.22,0) size 20x32
      LayoutBlockFlow {DIV} at (0,288) size 212x254 [border: (1px solid #000000)]
        LayoutBlockFlow {P} at (6,22) size 200x162
          LayoutText {#text} at (17,7) size 183x50
            text run at (17,7) width 36 RTL: " \x{5DC}\x{5DE}\x{5D4}"
            text run at (52,7) width 148: "aaa bbb ccc ddd eee fff"
            text run at (21,39) width 17: "gg"
            text run at (122,39) width 78 RTL: "\x{5E2}\x{5E9}\x{5D9}\x{5EA}\x{5D9} \x{5D6}\x{5D0}\x{5EA} "
          LayoutInline {SPAN} at (0,0) size 183x53 [border: (1px solid #0000FF) (10px solid #FFA500) (1px solid #0000FF) (10px solid #008000)]
            LayoutText {#text} at (17,39) size 61x18
              text run at (17,39) width 5 RTL: " "
              text run at (37,39) width 41: " dgnjk"
            LayoutBlockFlow {IMG} at (141.56,64) size 22x34 [border: (1px solid #0000FF)]
            LayoutText {#text} at (137,72) size 63x18
              text run at (137,72) width 5 RTL: " "
              text run at (163,72) width 37: "njkng"
          LayoutText {#text} at (22,72) size 187x83
            text run at (22,72) width 71 RTL: "\x{5D6}\x{5D0}\x{5EA} \x{2013} \x{5D0}\x{5D9}\x{5E0}\x{5D9}"
            text run at (13,105) width 113: "qqq rrr sss ttt uuu"
            text run at (125,105) width 75 RTL: "\x{5D9}\x{5D5}\x{5D3}\x{5E2} \x{5D1}\x{5E2}\x{5E6}\x{5DE} "
            text run at (176,137) width 24: "vvv"
        LayoutBlockFlow {P} at (6,200) size 200x32
          LayoutInline {SPAN} at (0,0) size 162x20 [border: (1px solid #0000FF) (10px solid #FFA500) (1px solid #0000FF) (10px solid #008000)]
            LayoutText {#text} at (68,7) size 87x18
              text run at (68,7) width 87: "Some fill text"
            LayoutBlockFlow {IMG} at (48.78,0) size 20x32
layer at (15,138) size 20x20 clip at (16,139) size 18x18
  LayoutBlockFlow {DIV} at (1,2) size 20x20 [border: (1px solid #C0C0C0)]
    LayoutImage (floating) {IMG} at (2,2) size 16x16
layer at (33,140) size 0x0
  LayoutBlockFlow {DIV} at (18,2) size 0x0
layer at (145,251) size 20x20 clip at (146,252) size 18x18
  LayoutBlockFlow {DIV} at (0,1) size 20x20 [border: (1px solid #C0C0C0)]
    LayoutImage (floating) {IMG} at (2,2) size 16x16
layer at (163,253) size 0x0
  LayoutBlockFlow {DIV} at (18,2) size 0x0
layer at (157,392) size 20x20 clip at (158,393) size 18x18
  LayoutBlockFlow {DIV} at (1,2) size 20x20 [border: (1px solid #C0C0C0)]
    LayoutImage (floating) {IMG} at (2,2) size 16x16
layer at (159,394) size 0x0
  LayoutBlockFlow {DIV} at (2,2) size 0x0
layer at (63,505) size 20x20 clip at (64,506) size 18x18
  LayoutBlockFlow {DIV} at (0,1) size 20x20 [border: (1px solid #C0C0C0)]
    LayoutImage (floating) {IMG} at (2,2) size 16x16
layer at (65,507) size 0x0
  LayoutBlockFlow {DIV} at (2,2) size 0x0
