layer at (0,0) size 800x600
  LayoutView at (0,0) size 800x600
layer at (0,0) size 800x53
  LayoutBlockFlow {HTML} at (0,0) size 800x53
    LayoutBlockFlow {BODY} at (8,8) size 784x37
      LayoutBlockFlow {DIV} at (0,0) size 784x18
        LayoutText {#text} at (0,0) size 692x18
          text run at (0,0) width 692: "When the caret reaches the edge of the input box, on the next input if must jump to the center of the control."
      LayoutBlockFlow (anonymous) at (0,18) size 784x19
        LayoutTextControl {INPUT} at (0,0) size 71x19 [bgcolor=#FFFFFF] [border: (2px inset #EEEEEE)]
        LayoutText {#text} at (0,0) size 0x0
layer at (11,29) size 65x13 scrollX 35.00 scrollWidth 280
  LayoutBlockFlow {DIV} at (3,3) size 65x13
    LayoutText {#text} at (0,0) size 279x13
      text run at (0,0) width 279: "012345678901012345678901234567890123456789"
caret: position 12 of child 0 {#text} of child 0 {DIV} of {#document-fragment} of child 3 {INPUT} of body
