layer at (0,0) size 800x600
  LayoutView at (0,0) size 800x600
layer at (0,0) size 800x251
  LayoutNGBlockFlow {HTML} at (0,0) size 800x250.78
    LayoutNGBlockFlow {BODY} at (14.39,14.39) size 771.22x222
      LayoutText {#text} at (0,0) size 498x33
        text run at (0,0) width 498: "No glyphs should extend outside the rects."
      LayoutBR {BR} at (498,0) size 0x0
      LayoutSVGRoot {svg} at (0,34) size 360x180
        LayoutSVGHiddenContainer {defs} at (20,20) size 180x0
          LayoutSVGPath {path} at (20,20) size 180x0 [fill={[type=SOLID] [color=#000000]}] [data="M 20 20 L 200 20"]
        LayoutSVGText {text} at (20,8.88) size 81.66x13.88 contains 1 chunk(s)
          LayoutSVGTextPath {textPath} at (20,8.88) size 81.66x13.88
            LayoutSVGInlineText {#text} at (20,8.88) size 81.66x13.88
              chunk 1 text run 1 at (21.67,20.00) startOffset 0 endOffset 1 width 3.33: "f"
              chunk 1 text run 2 at (25.00,20.00) startOffset 1 endOffset 2 width 3.33: "f"
              chunk 1 text run 3 at (28.33,20.00) startOffset 2 endOffset 3 width 3.33: "f"
              chunk 1 text run 4 at (31.67,20.00) startOffset 3 endOffset 4 width 3.33: "f"
              chunk 1 text run 5 at (35.00,20.00) startOffset 4 endOffset 5 width 3.33: "f"
              chunk 1 text run 6 at (38.33,20.00) startOffset 5 endOffset 6 width 3.33: "f"
              chunk 1 text run 7 at (41.67,20.00) startOffset 6 endOffset 7 width 3.33: "f"
              chunk 1 text run 8 at (45.00,20.00) startOffset 7 endOffset 8 width 3.33: "f"
              chunk 1 text run 9 at (48.33,20.00) startOffset 8 endOffset 9 width 3.33: "f"
              chunk 1 text run 10 at (51.67,20.00) startOffset 9 endOffset 10 width 3.33: "f"
              chunk 1 text run 11 at (55.00,20.00) startOffset 10 endOffset 11 width 3.33: "f"
              chunk 1 text run 12 at (58.33,20.00) startOffset 11 endOffset 12 width 3.33: "f"
              chunk 1 text run 13 at (61.67,20.00) startOffset 12 endOffset 13 width 3.33: "f"
              chunk 1 text run 14 at (65.00,20.00) startOffset 13 endOffset 14 width 3.33: "f"
              chunk 1 text run 15 at (68.33,20.00) startOffset 14 endOffset 15 width 3.33: "f"
              chunk 1 text run 16 at (71.67,20.00) startOffset 15 endOffset 16 width 3.33: "f"
              chunk 1 text run 17 at (75.00,20.00) startOffset 16 endOffset 17 width 3.33: "f"
              chunk 1 text run 18 at (78.33,20.00) startOffset 17 endOffset 18 width 3.33: "f"
              chunk 1 text run 19 at (81.67,20.00) startOffset 18 endOffset 19 width 3.33: "f"
              chunk 1 text run 20 at (85.00,20.00) startOffset 19 endOffset 20 width 3.33: "f"
              chunk 1 text run 21 at (88.33,20.00) startOffset 20 endOffset 21 width 3.33: "f"
              chunk 1 text run 22 at (91.67,20.00) startOffset 21 endOffset 22 width 3.33: "f"
              chunk 1 text run 23 at (95.00,20.00) startOffset 22 endOffset 23 width 3.33: "f"
              chunk 1 text run 24 at (98.33,20.00) startOffset 23 endOffset 24 width 3.33: "f"
          LayoutSVGInlineText {#text} at (0,0) size 0x0
        LayoutSVGText {text} at (20,28.33) size 62.77x27.22 contains 1 chunk(s)
          LayoutSVGInlineText {#text} at (20,38.88) size 21.66x13.88
            chunk 1 text run 1 at (20.00,50.00) startOffset 0 endOffset 6 width 20.00: "ffffff"
          LayoutSVGTSpan {tspan} at (20,28.33) size 62.77x27.22
            LayoutSVGInlineText {#text} at (40,28.33) size 42.77x27.22
              chunk 1 text run 1 at (40.00,50.00) startOffset 0 endOffset 6 width 40.00: "ffffff"
        LayoutSVGText {text} at (20,63.88) size 23.88x13.88 contains 1 chunk(s)
          LayoutSVGInlineText {#text} at (20,63.88) size 23.88x13.88
            chunk 1 text run 1 at (20.00,75.00) startOffset 0 endOffset 5 width 23.89: "'faQ'"
        LayoutSVGRect {rect} at (20,8.88) size 81.66x13.87 [stroke={[type=SOLID] [color=#008000]}] [fill={[type=SOLID] [color=#00000000]}] [x=20.00] [y=8.88] [width=81.66] [height=13.87]
        LayoutSVGRect {rect} at (20,28.33) size 62.77x27.22 [stroke={[type=SOLID] [color=#008000]}] [fill={[type=SOLID] [color=#00000000]}] [x=20.00] [y=28.33] [width=62.77] [height=27.22]
        LayoutSVGRect {rect} at (20,63.88) size 23.88x13.87 [stroke={[type=SOLID] [color=#008000]}] [fill={[type=SOLID] [color=#00000000]}] [x=20.00] [y=63.88] [width=23.88] [height=13.87]
      LayoutText {#text} at (0,0) size 0x0
