layer at (0,0) size 800x600
  LayoutView at (0,0) size 800x600
layer at (0,0) size 800x600
  LayoutBlockFlow {HTML} at (0,0) size 800x600
    LayoutBlockFlow {BODY} at (8,8) size 784x576
      LayoutBlockFlow {P} at (0,0) size 784x20
        LayoutText {#text} at (0,0) size 655x19
          text run at (0,0) width 655: "This tests that composition underline is painted correctly for RTL text on Linuxby typing hello world in arabic."
      LayoutBlockFlow {FORM} at (0,36) size 784x22
        LayoutTextControl {INPUT} at (0,0) size 154x22 [bgcolor=#FFFFFF] [border: (2px inset #EEEEEE)]
layer at (10,47) size 150x16
  LayoutBlockFlow {DIV} at (2,3) size 150x16
    LayoutText {#text} at (95,0) size 55x16
      text run at (95,0) width 55 RTL: "\x{645}\x{631}\x{62D}\x{628}\x{627} \x{64A}\x{627} \x{639}\x{627}\x{644}\x{645}"
caret: position 13 of child 0 {#text} of child 0 {DIV} of {#document-fragment} of child 0 {INPUT} of child 3 {FORM} of body
