layer at (0,0) size 800x600
  LayoutView at (0,0) size 800x600
layer at (0,0) size 800x600
  LayoutBlockFlow {HTML} at (0,0) size 800x600
    LayoutBlockFlow {BODY} at (8,8) size 784x584 [color=#FFFFFF] [bgcolor=#000000]
      LayoutText {#text} at (0,0) size 531x18
        text run at (0,0) width 531: "The three red squares below should all look the same and be filled only with black."
      LayoutBR {BR} at (530,14) size 1x0
      LayoutText {#text} at (170,174) size 4x18
        text run at (170,174) width 4: " "
      LayoutText {#text} at (344,174) size 4x18
        text run at (344,174) width 4: " "
      LayoutText {#text} at (0,0) size 0x0
layer at (8,26) size 170x170
  LayoutIFrame {IFRAME} at (0,18) size 170x170 [border: (10px solid #FF0000)]
    layer at (0,0) size 100x100
      LayoutView at (0,0) size 100x100
    layer at (0,0) size 100x100
      LayoutBlockFlow {HTML} at (0,0) size 100x100
        LayoutBlockFlow {BODY} at (8,8) size 84x84
layer at (182,26) size 170x170
  LayoutEmbeddedObject {OBJECT} at (174,18) size 170x170 [border: (10px solid #FF0000)]
    layer at (0,0) size 100x100
      LayoutView at (0,0) size 100x100
    layer at (0,0) size 100x100
      LayoutBlockFlow {HTML} at (0,0) size 100x100
        LayoutBlockFlow {BODY} at (8,8) size 84x84
layer at (356,26) size 170x170
  LayoutEmbeddedObject {OBJECT} at (348,18) size 170x170 [border: (10px solid #FF0000)]
    layer at (0,0) size 100x100
      LayoutView at (0,0) size 100x100
    layer at (0,0) size 100x100
      LayoutBlockFlow {HTML} at (0,0) size 100x100
        LayoutBlockFlow {BODY} at (8,8) size 84x84
