layer at (0,0) size 800x600
  LayoutView at (0,0) size 800x600
layer at (0,0) size 800x600
  LayoutBlockFlow {HTML} at (0,0) size 800x600
    LayoutFrameSet {FRAMESET} at (0,0) size 800x600
layer at (0,0) size 800x600
  LayoutFrame {FRAME} at (0,0) size 800x600
    layer at (0,0) size 800x600
      LayoutView at (0,0) size 800x600
    layer at (0,0) size 800x600
      LayoutBlockFlow {HTML} at (0,0) size 800x600
        LayoutBlockFlow {BODY} at (8,8) size 784x584
          LayoutBlockFlow {DIV} at (0,0) size 784x18
            LayoutText {#text} at (0,0) size 211x18
              text run at (0,0) width 211: "frameElement ID is \"Mr. Frame\""
