layer at (0,0) size 800x600
  LayoutView at (0,0) size 800x600
layer at (0,0) size 800x600
  LayoutBlockFlow {HTML} at (0,0) size 800x600
    LayoutFrameSet {FRAMESET} at (0,0) size 800x600
layer at (0,0) size 195x145
  LayoutFrame {FRAME} at (0,0) size 195x145
    layer at (0,0) size 195x145 clip at (0,0) size 180x130 scrollWidth 408 scrollHeight 504
      LayoutView at (0,0) size 195x145
    layer at (0,0) size 180x504 backgroundClip at (0,0) size 180x130 clip at (0,0) size 180x130
      LayoutBlockFlow {HTML} at (0,0) size 180x504
        LayoutBlockFlow {BODY} at (8,8) size 164x488
          LayoutBlockFlow {P} at (0,0) size 164x72
            LayoutText {#text} at (0,0) size 139x72
              text run at (0,0) width 114: "This page is large"
              text run at (0,18) width 134: "enough to need to be"
              text run at (0,36) width 139: "scrolled in a 200x200"
              text run at (0,54) width 42: "frame."
          LayoutBlockFlow {DIV} at (0,88) size 400x400 [bgcolor=#0000FF]
layer at (201,0) size 195x145
  LayoutFrame {FRAME} at (201,0) size 195x145
    layer at (0,0) size 195x145 clip at (0,0) size 180x130 scrollWidth 408 scrollHeight 504
      LayoutView at (0,0) size 195x145
    layer at (0,0) size 180x504 backgroundClip at (0,0) size 180x130 clip at (0,0) size 180x130
      LayoutBlockFlow {HTML} at (0,0) size 180x504
        LayoutBlockFlow {BODY} at (8,8) size 164x488
          LayoutBlockFlow {P} at (0,0) size 164x72
            LayoutText {#text} at (0,0) size 139x72
              text run at (0,0) width 114: "This page is large"
              text run at (0,18) width 134: "enough to need to be"
              text run at (0,36) width 139: "scrolled in a 200x200"
              text run at (0,54) width 42: "frame."
          LayoutBlockFlow {DIV} at (0,88) size 400x400 [bgcolor=#0000FF]
layer at (402,0) size 195x145
  LayoutFrame {FRAME} at (402,0) size 195x145
    layer at (0,0) size 195x145 clip at (0,0) size 180x130 scrollWidth 408 scrollHeight 504
      LayoutView at (0,0) size 195x145
    layer at (0,0) size 180x504 backgroundClip at (0,0) size 180x130 clip at (0,0) size 180x130
      LayoutBlockFlow {HTML} at (0,0) size 180x504
        LayoutBlockFlow {BODY} at (8,8) size 164x488
          LayoutBlockFlow {P} at (0,0) size 164x72
            LayoutText {#text} at (0,0) size 139x72
              text run at (0,0) width 114: "This page is large"
              text run at (0,18) width 134: "enough to need to be"
              text run at (0,36) width 139: "scrolled in a 200x200"
              text run at (0,54) width 42: "frame."
          LayoutBlockFlow {DIV} at (0,88) size 400x400 [bgcolor=#0000FF]
layer at (603,0) size 197x145
  LayoutFrame {FRAME} at (603,0) size 197x145
    layer at (0,0) size 197x145 clip at (0,0) size 182x130 scrollWidth 408 scrollHeight 486
      LayoutView at (0,0) size 197x145
    layer at (0,0) size 182x486 backgroundClip at (0,0) size 182x130 clip at (0,0) size 182x130
      LayoutBlockFlow {HTML} at (0,0) size 182x486
        LayoutBlockFlow {BODY} at (8,8) size 166x470
          LayoutBlockFlow {P} at (0,0) size 166x54
            LayoutText {#text} at (0,0) size 165x54
              text run at (0,0) width 165: "This page is large enough"
              text run at (0,18) width 165: "to need to be scrolled in a"
              text run at (0,36) width 102: "200x200 frame."
          LayoutBlockFlow {DIV} at (0,70) size 400x400 [bgcolor=#0000FF]
layer at (0,151) size 195x145
  LayoutFrame {FRAME} at (0,151) size 195x145
    layer at (0,0) size 195x145 clip at (0,0) size 180x130 scrollWidth 408 scrollHeight 504
      LayoutView at (0,0) size 195x145
    layer at (0,0) size 180x504 backgroundClip at (0,0) size 180x130 clip at (0,0) size 180x130
      LayoutBlockFlow {HTML} at (0,0) size 180x504
        LayoutBlockFlow {BODY} at (8,8) size 164x488
          LayoutBlockFlow {P} at (0,0) size 164x72
            LayoutText {#text} at (0,0) size 139x72
              text run at (0,0) width 114: "This page is large"
              text run at (0,18) width 134: "enough to need to be"
              text run at (0,36) width 139: "scrolled in a 200x200"
              text run at (0,54) width 42: "frame."
          LayoutBlockFlow {DIV} at (0,88) size 400x400 [bgcolor=#0000FF]
layer at (201,151) size 195x145
  LayoutFrame {FRAME} at (201,151) size 195x145
    layer at (0,0) size 195x145 scrollWidth 408 scrollHeight 486
      LayoutView at (0,0) size 195x145
    layer at (0,0) size 195x486 backgroundClip at (0,0) size 195x145 clip at (0,0) size 195x145
      LayoutBlockFlow {HTML} at (0,0) size 195x486
        LayoutBlockFlow {BODY} at (8,8) size 179x470
          LayoutBlockFlow {P} at (0,0) size 179x54
            LayoutText {#text} at (0,0) size 165x54
              text run at (0,0) width 165: "This page is large enough"
              text run at (0,18) width 165: "to need to be scrolled in a"
              text run at (0,36) width 102: "200x200 frame."
          LayoutBlockFlow {DIV} at (0,70) size 400x400 [bgcolor=#0000FF]
layer at (402,151) size 195x145
  LayoutFrame {FRAME} at (402,151) size 195x145
    layer at (0,0) size 195x145 clip at (0,0) size 180x130 scrollWidth 408 scrollHeight 504
      LayoutView at (0,0) size 195x145
    layer at (0,0) size 180x504 backgroundClip at (0,0) size 180x130 clip at (0,0) size 180x130
      LayoutBlockFlow {HTML} at (0,0) size 180x504
        LayoutBlockFlow {BODY} at (8,8) size 164x488
          LayoutBlockFlow {P} at (0,0) size 164x72
            LayoutText {#text} at (0,0) size 139x72
              text run at (0,0) width 114: "This page is large"
              text run at (0,18) width 134: "enough to need to be"
              text run at (0,36) width 139: "scrolled in a 200x200"
              text run at (0,54) width 42: "frame."
          LayoutBlockFlow {DIV} at (0,88) size 400x400 [bgcolor=#0000FF]
layer at (603,151) size 197x145
  LayoutFrame {FRAME} at (603,151) size 197x145
    layer at (0,0) size 197x145 clip at (0,0) size 182x130 scrollWidth 408 scrollHeight 486
      LayoutView at (0,0) size 197x145
    layer at (0,0) size 182x486 backgroundClip at (0,0) size 182x130 clip at (0,0) size 182x130
      LayoutBlockFlow {HTML} at (0,0) size 182x486
        LayoutBlockFlow {BODY} at (8,8) size 166x470
          LayoutBlockFlow {P} at (0,0) size 166x54
            LayoutText {#text} at (0,0) size 165x54
              text run at (0,0) width 165: "This page is large enough"
              text run at (0,18) width 165: "to need to be scrolled in a"
              text run at (0,36) width 102: "200x200 frame."
          LayoutBlockFlow {DIV} at (0,70) size 400x400 [bgcolor=#0000FF]
