layer at (0,0) size 800x600
  LayoutView at (0,0) size 800x600
layer at (0,0) size 800x600
  LayoutBlockFlow {HTML} at (0,0) size 800x600
    LayoutFrameSet {FRAMESET} at (0,0) size 800x600
layer at (0,0) size 800x200
  LayoutFrame {FRAME} at (0,0) size 800x200
    layer at (0,0) size 800x200
      LayoutView at (0,0) size 800x200
    layer at (0,0) size 800x200
      LayoutBlockFlow {HTML} at (0,0) size 800x200
        LayoutBlockFlow {BODY} at (8,8) size 784x176
          LayoutBlockFlow {P} at (0,0) size 784x36
            LayoutText {#text} at (0,0) size 54x18
              text run at (0,0) width 54: "Test for "
            LayoutInline {I} at (0,0) size 730x36
              LayoutInline {A} at (0,0) size 312x18 [color=#0000EE]
                LayoutText {#text} at (53,0) size 312x18
                  text run at (53,0) width 312: "https://bugs.webkit.org/show_bug.cgi?id=19348"
              LayoutText {#text} at (364,0) size 730x36
                text run at (364,0) width 5: " "
                text run at (368,0) width 362: "REGRESSION (r34193): Setting the size of a frame with"
                text run at (0,18) width 68: "javascript "
                text run at (67,18) width 234: "document.body.row no longer works"
            LayoutText {#text} at (300,18) size 5x18
              text run at (300,18) width 5: "."
          LayoutBlockFlow {P} at (0,52) size 784x18
            LayoutText {#text} at (0,0) size 208x18
              text run at (0,0) width 208: "This frame should be 200px tall."
    layer at (0,100) size 100x100
      LayoutBlockFlow (positioned) {DIV} at (0,100) size 100x100 [bgcolor=#008000]
layer at (0,206) size 800x394
  LayoutFrame {FRAME} at (0,206) size 800x394
    layer at (0,0) size 800x394
      LayoutView at (0,0) size 800x394
    layer at (0,0) size 800x394
      LayoutBlockFlow {HTML} at (0,0) size 800x394
        LayoutBlockFlow {BODY} at (8,8) size 784x378
