layer at (0,0) size 800x600 clip at (0,0) size 785x600 scrollHeight 692
  LayoutView at (0,0) size 800x600
layer at (0,0) size 785x692 backgroundClip at (0,0) size 785x600 clip at (0,0) size 785x600
  LayoutBlockFlow {HTML} at (0,0) size 785x692
    LayoutBlockFlow {BODY} at (8,8) size 769x676
      LayoutBlockFlow {P} at (0,0) size 769x36
        LayoutText {#text} at (0,0) size 224x18
          text run at (0,0) width 224: "This page tests the behavior of the "
        LayoutInline {TT} at (0,0) size 71x15
          LayoutText {#text} at (223,2) size 71x15
            text run at (223,2) width 71: "scrolling"
        LayoutText {#text} at (293,0) size 82x18
          text run at (293,0) width 82: " attribute on "
        LayoutInline {TT} at (0,0) size 63x15
          LayoutText {#text} at (375,2) size 63x15
            text run at (375,2) width 63: "<iframe>"
        LayoutText {#text} at (437,0) size 742x36
          text run at (437,0) width 305: " elements which contain a page large enough to"
          text run at (0,18) width 125: "need to be scrolled."
      LayoutBlockFlow (anonymous) at (0,52) size 769x624
        LayoutText {#text} at (204,190) size 4x18
          text run at (204,190) width 4: " "
        LayoutText {#text} at (412,190) size 4x18
          text run at (412,190) width 4: " "
        LayoutText {#text} at (620,190) size 4x18
          text run at (620,190) width 4: " "
        LayoutText {#text} at (204,398) size 4x18
          text run at (204,398) width 4: " "
        LayoutText {#text} at (412,398) size 4x18
          text run at (412,398) width 4: " "
        LayoutText {#text} at (620,398) size 4x18
          text run at (620,398) width 4: " "
        LayoutText {#text} at (204,606) size 4x18
          text run at (204,606) width 4: " "
        LayoutText {#text} at (0,0) size 0x0
layer at (8,60) size 204x204
  LayoutIFrame {IFRAME} at (0,0) size 204x204 [border: (2px inset #EEEEEE)]
    layer at (0,0) size 200x200 clip at (0,0) size 185x185 scrollWidth 408 scrollHeight 486
      LayoutView at (0,0) size 200x200
    layer at (0,0) size 185x486 backgroundClip at (0,0) size 185x185 clip at (0,0) size 185x185
      LayoutBlockFlow {HTML} at (0,0) size 185x486
        LayoutBlockFlow {BODY} at (8,8) size 169x470
          LayoutBlockFlow {P} at (0,0) size 169x54
            LayoutText {#text} at (0,0) size 165x54
              text run at (0,0) width 165: "This page is large enough"
              text run at (0,18) width 165: "to need to be scrolled in a"
              text run at (0,36) width 102: "200x200 frame."
          LayoutBlockFlow {DIV} at (0,70) size 400x400 [bgcolor=#0000FF]
layer at (216,60) size 204x204
  LayoutIFrame {IFRAME} at (208,0) size 204x204 [border: (2px inset #EEEEEE)]
    layer at (0,0) size 200x200 clip at (0,0) size 185x185 scrollWidth 408 scrollHeight 486
      LayoutView at (0,0) size 200x200
    layer at (0,0) size 185x486 backgroundClip at (0,0) size 185x185 clip at (0,0) size 185x185
      LayoutBlockFlow {HTML} at (0,0) size 185x486
        LayoutBlockFlow {BODY} at (8,8) size 169x470
          LayoutBlockFlow {P} at (0,0) size 169x54
            LayoutText {#text} at (0,0) size 165x54
              text run at (0,0) width 165: "This page is large enough"
              text run at (0,18) width 165: "to need to be scrolled in a"
              text run at (0,36) width 102: "200x200 frame."
          LayoutBlockFlow {DIV} at (0,70) size 400x400 [bgcolor=#0000FF]
layer at (424,60) size 204x204
  LayoutIFrame {IFRAME} at (416,0) size 204x204 [border: (2px inset #EEEEEE)]
    layer at (0,0) size 200x200 clip at (0,0) size 185x185 scrollWidth 408 scrollHeight 486
      LayoutView at (0,0) size 200x200
    layer at (0,0) size 185x486 backgroundClip at (0,0) size 185x185 clip at (0,0) size 185x185
      LayoutBlockFlow {HTML} at (0,0) size 185x486
        LayoutBlockFlow {BODY} at (8,8) size 169x470
          LayoutBlockFlow {P} at (0,0) size 169x54
            LayoutText {#text} at (0,0) size 165x54
              text run at (0,0) width 165: "This page is large enough"
              text run at (0,18) width 165: "to need to be scrolled in a"
              text run at (0,36) width 102: "200x200 frame."
          LayoutBlockFlow {DIV} at (0,70) size 400x400 [bgcolor=#0000FF]
layer at (8,268) size 204x204
  LayoutIFrame {IFRAME} at (0,208) size 204x204 [border: (2px inset #EEEEEE)]
    layer at (0,0) size 200x200 clip at (0,0) size 185x185 scrollWidth 408 scrollHeight 486
      LayoutView at (0,0) size 200x200
    layer at (0,0) size 185x486 backgroundClip at (0,0) size 185x185 clip at (0,0) size 185x185
      LayoutBlockFlow {HTML} at (0,0) size 185x486
        LayoutBlockFlow {BODY} at (8,8) size 169x470
          LayoutBlockFlow {P} at (0,0) size 169x54
            LayoutText {#text} at (0,0) size 165x54
              text run at (0,0) width 165: "This page is large enough"
              text run at (0,18) width 165: "to need to be scrolled in a"
              text run at (0,36) width 102: "200x200 frame."
          LayoutBlockFlow {DIV} at (0,70) size 400x400 [bgcolor=#0000FF]
layer at (216,268) size 204x204
  LayoutIFrame {IFRAME} at (208,208) size 204x204 [border: (2px inset #EEEEEE)]
    layer at (0,0) size 200x200 clip at (0,0) size 185x185 scrollWidth 408 scrollHeight 486
      LayoutView at (0,0) size 200x200
    layer at (0,0) size 185x486 backgroundClip at (0,0) size 185x185 clip at (0,0) size 185x185
      LayoutBlockFlow {HTML} at (0,0) size 185x486
        LayoutBlockFlow {BODY} at (8,8) size 169x470
          LayoutBlockFlow {P} at (0,0) size 169x54
            LayoutText {#text} at (0,0) size 165x54
              text run at (0,0) width 165: "This page is large enough"
              text run at (0,18) width 165: "to need to be scrolled in a"
              text run at (0,36) width 102: "200x200 frame."
          LayoutBlockFlow {DIV} at (0,70) size 400x400 [bgcolor=#0000FF]
layer at (424,268) size 204x204
  LayoutIFrame {IFRAME} at (416,208) size 204x204 [border: (2px inset #EEEEEE)]
    layer at (0,0) size 200x200 scrollWidth 408 scrollHeight 486
      LayoutView at (0,0) size 200x200
    layer at (0,0) size 200x486 backgroundClip at (0,0) size 200x200 clip at (0,0) size 200x200
      LayoutBlockFlow {HTML} at (0,0) size 200x486
        LayoutBlockFlow {BODY} at (8,8) size 184x470
          LayoutBlockFlow {P} at (0,0) size 184x54
            LayoutText {#text} at (0,0) size 181x54
              text run at (0,0) width 181: "This page is large enough to"
              text run at (0,18) width 148: "need to be scrolled in a"
              text run at (0,36) width 102: "200x200 frame."
          LayoutBlockFlow {DIV} at (0,70) size 400x400 [bgcolor=#0000FF]
layer at (8,476) size 204x204 backgroundClip at (0,0) size 785x600 clip at (0,0) size 785x600
  LayoutIFrame {IFRAME} at (0,416) size 204x204 [border: (2px inset #EEEEEE)]
    layer at (0,0) size 200x200 clip at (0,0) size 185x185 scrollWidth 408 scrollHeight 486
      LayoutView at (0,0) size 200x200
    layer at (0,0) size 185x486 backgroundClip at (0,0) size 185x185 clip at (0,0) size 185x185
      LayoutBlockFlow {HTML} at (0,0) size 185x486
        LayoutBlockFlow {BODY} at (8,8) size 169x470
          LayoutBlockFlow {P} at (0,0) size 169x54
            LayoutText {#text} at (0,0) size 165x54
              text run at (0,0) width 165: "This page is large enough"
              text run at (0,18) width 165: "to need to be scrolled in a"
              text run at (0,36) width 102: "200x200 frame."
          LayoutBlockFlow {DIV} at (0,70) size 400x400 [bgcolor=#0000FF]
layer at (216,476) size 204x204 backgroundClip at (0,0) size 785x600 clip at (0,0) size 785x600
  LayoutIFrame {IFRAME} at (208,416) size 204x204 [border: (2px inset #EEEEEE)]
    layer at (0,0) size 200x200 clip at (0,0) size 185x185 scrollWidth 408 scrollHeight 486
      LayoutView at (0,0) size 200x200
    layer at (0,0) size 185x486 backgroundClip at (0,0) size 185x185 clip at (0,0) size 185x185
      LayoutBlockFlow {HTML} at (0,0) size 185x486
        LayoutBlockFlow {BODY} at (8,8) size 169x470
          LayoutBlockFlow {P} at (0,0) size 169x54
            LayoutText {#text} at (0,0) size 165x54
              text run at (0,0) width 165: "This page is large enough"
              text run at (0,18) width 165: "to need to be scrolled in a"
              text run at (0,36) width 102: "200x200 frame."
          LayoutBlockFlow {DIV} at (0,70) size 400x400 [bgcolor=#0000FF]
