layer at (0,0) size 800x600
  LayoutView at (0,0) size 800x600
layer at (0,0) size 800x212
  LayoutBlockFlow {html} at (0,0) size 800x212.19
    LayoutBlockFlow {body} at (8,8) size 784x196.19
      LayoutBlockFlow {div} at (0,0) size 784x18
        LayoutText {#text} at (0,0) size 437x18
          text run at (0,0) width 437: "If no crash while painting, the test passed (requires pixel test mode)."
      LayoutBlockFlow {option} at (0,18) size 784x20.19
      LayoutBlockFlow (anonymous) at (0,38.19) size 784x158
layer at (8,46) size 304x154
  LayoutIFrame {iframe} at (0,0) size 304x154 [border: (2px inset #EEEEEE)]
    layer at (0,0) size 300x150
      LayoutView at (0,0) size 300x150
    layer at (0,0) size 300x150
      LayoutBlockFlow {HTML} at (0,0) size 300x150
        LayoutBlockFlow {BODY} at (8,8) size 284x134
