layer at (0,0) size 800x600
  LayoutView at (0,0) size 800x600
layer at (0,0) size 800x600
  LayoutBlockFlow {HTML} at (0,0) size 800x600
    LayoutBlockFlow {BODY} at (8,8) size 784x584
      LayoutText {#text} at (0,0) size 767x54
        text run at (0,0) width 763: "The documents in the src attributes of the iframes below only contain comments. This test is for a bug where we would"
        text run at (0,18) width 767: "only construct LayoutViews for such iframes. We need to propery construct an empty frame instead, so the LayoutView"
        text run at (0,36) width 621: "should have a LayoutBlockFlow and LayoutBlockFlow below it in the dump of the RenderTree. "
      LayoutBR {BR} at (620,50) size 1x0
      LayoutText {#text} at (0,0) size 0x0
      LayoutBR {BR} at (0,0) size 0x0
      LayoutBR {BR} at (0,68) size 0x18
      LayoutText {#text} at (0,0) size 0x0
layer at (8,62) size 788x14
  LayoutIFrame {IFRAME} at (0,54) size 788x14 [border: (2px inset #EEEEEE)]
    layer at (0,0) size 784x10
      LayoutView at (0,0) size 784x10
    layer at (0,0) size 784x10
      LayoutBlockFlow {HTML} at (0,0) size 784x10
        LayoutBlockFlow {BODY} at (8,8) size 768x0
layer at (8,94) size 788x14
  LayoutIFrame {IFRAME} at (0,86) size 788x14 [border: (2px inset #EEEEEE)]
    layer at (0,0) size 784x10 clip at (0,0) size 769x10 scrollHeight 169
      LayoutView at (0,0) size 784x10
    layer at (0,0) size 769x169 backgroundClip at (0,0) size 769x10 clip at (0,0) size 769x10
      LayoutBlockFlow {html} at (0,0) size 769x168.88
        LayoutBlockFlow {body} at (8,16) size 753x136.88
          LayoutBlockFlow {parsererror} at (16,0) size 721x136.88 [bgcolor=#FFDDDD] [border: (2px solid #CC7777)]
            LayoutBlockFlow {h3} at (18,20.72) size 685x22
              LayoutText {#text} at (0,0) size 318x22
                text run at (0,0) width 318: "This page contains the following errors:"
            LayoutBlockFlow {div} at (18,61.44) size 685x14
              LayoutText {#text} at (0,0) size 505x14
                text run at (0,0) width 505: "error on line 1 at column 15: Extra content at the end of the document"
                text run at (504,0) width 1: " "
            LayoutBlockFlow {h3} at (18,94.16) size 685x22
              LayoutText {#text} at (0,0) size 418x22
                text run at (0,0) width 418: "Below is a rendering of the page up to the first error."
