layer at (0,0) size 800x600
  LayoutView at (0,0) size 800x600
layer at (0,0) size 800x255
  LayoutBlockFlow {html} at (0,0) size 800x254.88
    LayoutBlockFlow {parsererror} at (16,16) size 768x188.88 [bgcolor=#FFDDDD] [border: (2px solid #CC7777)]
      LayoutBlockFlow {h3} at (18,20.72) size 732x22
        LayoutText {#text} at (0,0) size 318x22
          text run at (0,0) width 318: "This page contains the following errors:"
      LayoutBlockFlow {div} at (18,61.44) size 732x14
        LayoutText {#text} at (0,0) size 512x14
          text run at (0,0) width 512: "error on line 1 at column 107: Extra content at the end of the document"
          text run at (511,0) width 1: " "
      LayoutBlockFlow {h3} at (18,94.16) size 732x22
        LayoutText {#text} at (0,0) size 418x22
          text run at (0,0) width 418: "Below is a rendering of the page up to the first error."
      LayoutBlockFlow {p} at (18,134.88) size 732x36
        LayoutText {#text} at (0,0) size 722x36
          text run at (0,0) width 722: "This document was created as the result of an XSL transformation. The line and column numbers given are from"
          text run at (0,18) width 145: "the transformed result."
    LayoutBlockFlow {body} at (8,220.88) size 784x18
      LayoutBlockFlow {p} at (0,0) size 784x18
        LayoutText {#text} at (0,0) size 230x18
          text run at (0,0) width 230: "You should see error text above this"
