layer at (0,0) size 800x600
  LayoutView at (0,0) size 800x600
layer at (0,0) size 800x18
  LayoutBlockFlow {P} at (0,0) size 800x18
    LayoutText {#text} at (0,0) size 144x18
      text run at (0,0) width 144: "Hello World, Success!"
