layer at (0,0) size 800x600
  LayoutView at (0,0) size 800x600
layer at (0,0) size 800x600
  LayoutBlockFlow {HTML} at (0,0) size 800x600
    LayoutBlockFlow {BODY} at (8,8) size 784x584
      LayoutText {#text} at (0,0) size 259x18
        text run at (0,0) width 259: "CHARACTERS IN XSLT: \x{E9}\x{E9}\x{E9}\x{E9}\x{E9}\x{E9}\x{E9}\x{E9}\x{E9}\x{E9}\x{E9} "
      LayoutBR {BR} at (258,14) size 1x0
      LayoutBR {BR} at (0,18) size 0x18
      LayoutText {#text} at (0,36) size 318x18
        text run at (0,36) width 318: "SOURCE XML: \x{E9}\x{E9}\x{E9}\x{E9}\x{E9}\x{E9}\x{E9}\x{E9}\x{E9}\x{E9}\x{E9}\x{E9}\x{E9}\x{E9}\x{E9}\x{E9}\x{E9}\x{E9}\x{E9}\x{E9}\x{E9}\x{E9}\x{E9}\x{E9}\x{E9}\x{E9}\x{E9}\x{E9}\x{E9}"
