EDITING DELEGATE: webViewDidChangeSelection:WebViewDidChangeSelectionNotification
EDITING DELEGATE: webViewDidChangeSelection:WebViewDidChangeSelectionNotification
EDITING DELEGATE: webViewDidChangeSelection:WebViewDidChangeSelectionNotification
EDITING DELEGATE: webViewDidChangeSelection:WebViewDidChangeSelectionNotification
EDITING DELEGATE: webViewDidChangeSelection:WebViewDidChangeSelectionNotification
EDITING DELEGATE: webViewDidChangeSelection:WebViewDidChangeSelectionNotification
EDITING DELEGATE: webViewDidChange:WebViewDidChangeNotification
layer at (0,0) size 800x600
  LayoutView at (0,0) size 800x600
layer at (0,0) size 800x600
  LayoutBlockFlow {HTML} at (0,0) size 800x600
    LayoutBlockFlow {BODY} at (8,8) size 784x584
      LayoutBlockFlow {DIV} at (0,0) size 784x112 [border: (2px solid #FF0000)]
        LayoutBlockFlow {DIV} at (14,14) size 756x28
          LayoutInline {B} at (0,0) size 36x28
            LayoutText {#text} at (0,0) size 36x28
              text run at (0,0) width 36: "one"
        LayoutBlockFlow {DIV} at (14,42) size 756x28
          LayoutInline {B} at (0,0) size 53x28
            LayoutText {#text} at (0,0) size 53x28
              text run at (0,0) width 53: "three"
        LayoutBlockFlow {DIV} at (14,70) size 756x28
          LayoutInline {I} at (0,0) size 40x28
            LayoutText {#text} at (0,0) size 40x28
              text run at (0,0) width 40: "four"
caret: position 3 of child 0 {#text} of child 0 {B} of child 1 {DIV} of child 1 {DIV} of body
