EDITING DELEGATE: webViewDidChangeSelection:WebViewDidChangeSelectionNotification
EDITING DELEGATE: webViewDidChangeSelection:WebViewDidChangeSelectionNotification
EDITING DELEGATE: webViewDidChangeSelection:WebViewDidChangeSelectionNotification
EDITING DELEGATE: webViewDidChange:WebViewDidChangeNotification
layer at (0,0) size 800x600
  LayoutView at (0,0) size 800x600
layer at (0,0) size 800x600
  LayoutBlockFlow {HTML} at (0,0) size 800x600
    LayoutBlockFlow {BODY} at (8,8) size 784x584
      LayoutBlockFlow {P} at (0,0) size 784x54
        LayoutText {#text} at (0,0) size 784x54
          text run at (0,0) width 784: "This tests deletion of an empty line starting inside a <div> element, but ending outside that element (just before a <br>). If"
          text run at (0,18) width 778: "the deletion is successful, the result should have two lines, and the insertion point should be on the second line, at the end"
          text run at (0,36) width 127: "of the editable area."
      LayoutBlockFlow {DIV} at (0,70) size 784x36
        LayoutBlockFlow {DIV} at (0,0) size 784x18
          LayoutText {#text} at (0,0) size 8x18
            text run at (0,0) width 8: "a"
        LayoutBlockFlow {DIV} at (0,18) size 784x18
          LayoutBR {BR} at (0,0) size 0x18
caret: position 0 of child 0 {BR} of child 2 {DIV} of child 3 {DIV} of body
