layer at (0,0) size 800x600
  LayoutView at (0,0) size 800x600
layer at (0,0) size 800x56
  LayoutBlockFlow {HTML} at (0,0) size 800x56
    LayoutBlockFlow {BODY} at (8,8) size 784x40
      LayoutBlockFlow {DIV} at (0,0) size 784x40
        LayoutBlockFlow {DIV} at (0,0) size 784x22
          LayoutText {#text} at (0,0) size 0x0
        LayoutBlockFlow (anonymous) at (0,22) size 784x18
          LayoutText {#text} at (0,0) size 31x18
            text run at (0,0) width 31: "test2"
layer at (8,8) size 30x18
  LayoutBlockFlow {DIV} at (0,0) size 30.22x18
    LayoutText {#text} at (0,0) size 31x18
      text run at (0,0) width 31: "test1"
selection start: position 0 of child 0 {#text} of child 1 {DIV} of child 1 {DIV} of child 0 {DIV} of body
selection end:   position 8 of child 2 {#text} of child 0 {DIV} of body
