layer at (0,0) size 800x600
  LayoutView at (0,0) size 800x600
layer at (0,0) size 800x600
  LayoutBlockFlow {HTML} at (0,0) size 800x600
    LayoutBlockFlow {BODY} at (8,8) size 784x584
      LayoutBlockFlow {P} at (0,0) size 784x18
        LayoutText {#text} at (0,0) size 465x18
          text run at (0,0) width 465: "Rows should have different number of columns, but those should match."
      LayoutTable {TABLE} at (0,34) size 725x90
        LayoutTableSection {THEAD} at (0,0) size 725x18
          LayoutTableRow {TR} at (0,0) size 725x18
            LayoutTableCell {TD} at (0,0) size 90x18 [bgcolor=#7CFC00] [r=0 c=0 rs=1 cs=1]
              LayoutText {#text} at (0,0) size 8x18
                text run at (0,0) width 8: "1"
            LayoutTableCell {TD} at (90,0) size 90x18 [bgcolor=#008000] [r=0 c=1 rs=1 cs=1]
              LayoutText {#text} at (0,0) size 18x18
                text run at (0,0) width 18: "1+"
            LayoutTableCell {TD} at (180,0) size 90x18 [bgcolor=#00FFFF] [r=0 c=2 rs=1 cs=1]
              LayoutText {#text} at (0,0) size 8x18
                text run at (0,0) width 8: "2"
            LayoutTableCell {TD} at (270,0) size 91x18 [bgcolor=#008B8B] [r=0 c=3 rs=1 cs=1]
              LayoutText {#text} at (0,0) size 18x18
                text run at (0,0) width 18: "2+"
            LayoutTableCell {TD} at (361,0) size 91x18 [bgcolor=#FFFF00] [r=0 c=4 rs=1 cs=1]
              LayoutText {#text} at (0,0) size 8x18
                text run at (0,0) width 8: "3"
            LayoutTableCell {TD} at (452,0) size 91x18 [bgcolor=#FFD700] [r=0 c=5 rs=1 cs=1]
              LayoutText {#text} at (0,0) size 18x18
                text run at (0,0) width 18: "3+"
        LayoutTableSection {TFOOT} at (0,72) size 725x18
          LayoutTableRow {TR} at (0,0) size 725x18
            LayoutTableCell {TD} at (0,0) size 90x18 [bgcolor=#7CFC00] [r=0 c=0 rs=1 cs=1]
              LayoutText {#text} at (0,0) size 8x18
                text run at (0,0) width 8: "1"
            LayoutTableCell {TD} at (90,0) size 90x18 [bgcolor=#008000] [r=0 c=1 rs=1 cs=1]
              LayoutText {#text} at (0,0) size 18x18
                text run at (0,0) width 18: "1+"
            LayoutTableCell {TD} at (180,0) size 90x18 [bgcolor=#00FFFF] [r=0 c=2 rs=1 cs=1]
              LayoutText {#text} at (0,0) size 8x18
                text run at (0,0) width 8: "2"
            LayoutTableCell {TD} at (270,0) size 91x18 [bgcolor=#008B8B] [r=0 c=3 rs=1 cs=1]
              LayoutText {#text} at (0,0) size 18x18
                text run at (0,0) width 18: "2+"
            LayoutTableCell {TD} at (361,0) size 91x18 [bgcolor=#FFFF00] [r=0 c=4 rs=1 cs=1]
              LayoutText {#text} at (0,0) size 8x18
                text run at (0,0) width 8: "3"
            LayoutTableCell {TD} at (452,0) size 91x18 [bgcolor=#FFD700] [r=0 c=5 rs=1 cs=1]
              LayoutText {#text} at (0,0) size 18x18
                text run at (0,0) width 18: "3+"
            LayoutTableCell {TD} at (543,0) size 91x18 [bgcolor=#FFA500] [r=0 c=6 rs=1 cs=1]
              LayoutText {#text} at (0,0) size 8x18
                text run at (0,0) width 8: "4"
            LayoutTableCell {TD} at (634,0) size 91x18 [bgcolor=#FF8C00] [r=0 c=7 rs=1 cs=1]
              LayoutText {#text} at (0,0) size 18x18
                text run at (0,0) width 18: "4+"
        LayoutTableSection {TBODY} at (0,18) size 725x54
          LayoutTableRow {TR} at (0,0) size 725x18
            LayoutTableCell {TD} at (0,0) size 90x18 [r=0 c=0 rs=1 cs=1]
              LayoutText {#text} at (0,0) size 4x18
                text run at (0,0) width 4: " "
          LayoutTableRow {TR} at (0,18) size 725x18
            LayoutTableCell {TD} at (0,18) size 90x18 [bgcolor=#7CFC00] [r=1 c=0 rs=1 cs=1]
              LayoutText {#text} at (0,0) size 8x18
                text run at (0,0) width 8: "1"
            LayoutTableCell {TD} at (90,18) size 90x18 [bgcolor=#008000] [r=1 c=1 rs=1 cs=1]
              LayoutText {#text} at (0,0) size 18x18
                text run at (0,0) width 18: "1+"
            LayoutTableCell {TD} at (180,18) size 90x18 [bgcolor=#00FFFF] [r=1 c=2 rs=1 cs=1]
              LayoutText {#text} at (0,0) size 8x18
                text run at (0,0) width 8: "2"
            LayoutTableCell {TD} at (270,18) size 91x18 [bgcolor=#008B8B] [r=1 c=3 rs=1 cs=1]
              LayoutText {#text} at (0,0) size 18x18
                text run at (0,0) width 18: "2+"
          LayoutTableRow {TR} at (0,36) size 725x18
            LayoutTableCell {TD} at (0,36) size 90x18 [r=2 c=0 rs=1 cs=1]
              LayoutText {#text} at (0,0) size 4x18
                text run at (0,0) width 4: " "
      LayoutBlockFlow (anonymous) at (0,124) size 784x19
        LayoutButton {BUTTON} at (0,1) size 42.70x18 [bgcolor=#C0C0C0] [border: none (2px outset #C0C0C0) none (2px outset #C0C0C0)]
          LayoutBlockFlow (anonymous) at (8,2) size 26.70x13
            LayoutText {#text} at (0,0) size 27x13
              text run at (0,0) width 27: "show"
        LayoutText {#text} at (42,0) size 5x18
          text run at (42,0) width 5: " "
        LayoutButton {BUTTON} at (46.70,1) size 37.34x18 [bgcolor=#C0C0C0] [border: none (2px outset #C0C0C0) none (2px outset #C0C0C0)]
          LayoutBlockFlow (anonymous) at (8,2) size 21.34x13
            LayoutText {#text} at (0,0) size 22x13
              text run at (0,0) width 22: "hide"
        LayoutText {#text} at (0,0) size 0x0
