layer at (0,0) size 800x600
  LayoutView at (0,0) size 800x600
layer at (0,0) size 800x600
  LayoutBlockFlow {HTML} at (0,0) size 800x600
    LayoutBlockFlow {BODY} at (8,8) size 784x584
      LayoutTable {TABLE} at (0,0) size 155x45
        LayoutTableSection {TBODY} at (0,0) size 155x45
          LayoutTableRow {TR} at (0,2) size 155x2
            LayoutTableCell {TD} at (2,2) size 6x2 [r=0 c=0 rs=1 cs=1]
          LayoutTableRow {TR} at (0,6) size 155x0
            LayoutTableCell {TD} at (2,6) size 6x2 [r=1 c=0 rs=2 cs=1]
          LayoutTableRow {TR} at (0,8) size 155x0
            LayoutTableCell {TD} at (10,24) size 143x2 [r=2 c=1 rs=2 cs=1]
          LayoutTableRow {TR} at (0,10) size 155x33
            LayoutTableCell {TD} at (2,10) size 151x33 [r=3 c=0 rs=1 cs=2]
              LayoutTable {TABLE} at (1,1) size 149x31 [border: (2px outset #808080)]
                LayoutTableSection {TBODY} at (2,2) size 145x27
                  LayoutTableRow {TR} at (0,2) size 145x23
                    LayoutTableCell {TD} at (2,11) size 4x4 [border: (1px inset #808080)] [r=0 c=0 rs=1 cs=1]
                    LayoutTableCell {TD} at (8,2) size 135x23 [border: (1px inset #808080)] [r=0 c=1 rs=1 cs=1]
                      LayoutTextControl {INPUT} at (2,2) size 131x19 [bgcolor=#FFFFFF] [border: (2px inset #EEEEEE)]
                      LayoutText {#text} at (0,0) size 0x0
layer at (26,28) size 125x13
  LayoutBlockFlow {DIV} at (3,3) size 125x13
    LayoutText {#text} at (0,0) size 24x13
      text run at (0,0) width 24: "hello"
