layer at (0,0) size 800x600 clip at (0,0) size 785x600 scrollHeight 1246
  LayoutView at (0,0) size 800x600
layer at (0,0) size 785x1246 backgroundClip at (0,0) size 785x600 clip at (0,0) size 785x600
  LayoutBlockFlow {HTML} at (0,0) size 785x1245.88
    LayoutBlockFlow {BODY} at (8,21.44) size 769x1208.44
      LayoutBlockFlow {H1} at (0,0) size 769x37
        LayoutText {#text} at (0,0) size 236x37
          text run at (0,0) width 236: "Unicode Symbols"
      LayoutBlockFlow {PRE} at (0,58.44) size 769x1098
        LayoutText {#text} at (0,0) size 411x105
          text run at (0,0) width 0: " "
          text run at (0,15) width 411: "U+16Ax \x{16A0} \x{16A1} \x{16A2} \x{16A3} \x{16A4} \x{16A5} \x{16A6} \x{16A7} \x{16A8} \x{16A9} \x{16AA} \x{16AB} \x{16AC} \x{16AD} \x{16AE} \x{16AF}"
          text run at (410,15) width 1: " "
          text run at (0,30) width 411: "U+16Bx \x{16B0} \x{16B1} \x{16B2} \x{16B3} \x{16B4} \x{16B5} \x{16B6} \x{16B7} \x{16B8} \x{16B9} \x{16BA} \x{16BB} \x{16BC} \x{16BD} \x{16BE} \x{16BF}"
          text run at (410,30) width 1: " "
          text run at (0,45) width 411: "U+16Cx \x{16C0} \x{16C1} \x{16C2} \x{16C3} \x{16C4} \x{16C5} \x{16C6} \x{16C7} \x{16C8} \x{16C9} \x{16CA} \x{16CB} \x{16CC} \x{16CD} \x{16CE} \x{16CF}"
          text run at (410,45) width 1: " "
          text run at (0,60) width 411: "U+16Dx \x{16D0} \x{16D1} \x{16D2} \x{16D3} \x{16D4} \x{16D5} \x{16D6} \x{16D7} \x{16D8} \x{16D9} \x{16DA} \x{16DB} \x{16DC} \x{16DD} \x{16DE} \x{16DF}"
          text run at (410,60) width 1: " "
          text run at (0,75) width 411: "U+16Ex \x{16E0} \x{16E1} \x{16E2} \x{16E3} \x{16E4} \x{16E5} \x{16E6} \x{16E7} \x{16E8} \x{16E9} \x{16EA} \x{16EB} \x{16EC} \x{16ED} \x{16EE} \x{16EF}"
          text run at (410,75) width 1: " "
          text run at (0,90) width 70: "U+16Fx \x{16F0}"
          text run at (69,90) width 1: " "
        LayoutText {#text} at (0,105) size 297x120
          text run at (0,105) width 0: " "
          text run at (0,120) width 258: "U+200x \x{2000} \x{2001} \x{2002} \x{2003} \x{2004} \x{2004} \x{2004} \x{2004} \x{2004} \x{2009} \x{200A} \x{200B} \x{200C} \x{200D} \x{200E} "
          text run at (257,120) width 1 RTL: "\x{200F}"
          text run at (257,120) width 1: " "
          text run at (0,135) width 297: "U+201x \x{2010} \x{2011} \x{2012} \x{2013} \x{2014} \x{2015} \x{2016} \x{2017} \x{2018} \x{2019} \x{201A} \x{201B} \x{201C} \x{201D} \x{201E} \x{201F}"
          text run at (296,135) width 1: " "
          text run at (0,150) width 196: "U+202x \x{2020} \x{2021} \x{2022} \x{2023} \x{2024} \x{2025} \x{2026} \x{2027} \x{2028} \x{2029} "
          text run at (195,150) width 8: "\x{202A} "
          text run at (202,150) width 9 RTL: "\x{202B} "
          text run at (210,150) width 9: "\x{202C} "
          text run at (218,150) width 9 LTR override: "\x{202D} "
          text run at (226,150) width 1 RTL override: " "
          text run at (226,150) width 16 RTL override: "\x{202E} \x{202F}"
          text run at (0,165) width 297: "U+203x \x{2030} \x{2031} \x{2032} \x{2033} \x{2034} \x{2035} \x{2036} \x{2037} \x{2038} \x{2039} \x{203A} \x{203B} \x{203C} \x{203D} \x{203E} \x{203F}"
          text run at (296,165) width 1: " "
          text run at (0,180) width 297: "U+204x \x{2040} \x{2041} \x{2042} \x{2043} \x{2044} \x{2045} \x{2046} \x{2047} \x{2048} \x{2049} \x{204A} \x{204B} \x{204C} \x{204D} \x{204E} \x{204F}"
          text run at (296,180) width 1: " "
          text run at (0,195) width 297: "U+205x \x{2050} \x{2051} \x{2052} \x{2053} \x{2054} \x{2055} \x{2056} \x{2057} \x{2058} \x{2059} \x{205A} \x{205B} \x{205C} \x{205D} \x{205E} \x{205F}"
          text run at (296,195) width 1: " "
          text run at (0,210) width 133: "U+206x \x{2060} \x{2061} \x{2062} \x{2063} \x{2064} \x{206A} \x{206B} \x{206C} \x{206D} \x{206E} \x{206F}"
          text run at (132,210) width 1: " "
        LayoutText {#text} at (0,225) size 380x350
          text run at (0,225) width 0: " "
          text run at (0,244) width 355: "U+260x \x{2600} \x{2601} \x{2602} \x{2603} \x{2604} \x{2605} \x{2606} \x{2607} \x{2608} \x{2609} \x{260A} \x{260B} \x{260C} \x{260D} \x{260E} \x{260F}"
          text run at (354,244) width 1: " "
          text run at (0,266) width 364: "U+261x \x{2610} \x{2611} \x{2612} \x{2613} \x{2614} \x{2615} \x{2616} \x{2617} \x{2618} \x{2619} \x{261A} \x{261B} \x{261C} \x{261D} \x{261E} \x{261F}"
          text run at (363,266) width 1: " "
          text run at (0,288) width 339: "U+262x \x{2620} \x{2621} \x{2622} \x{2623} \x{2624} \x{2625} \x{2626} \x{2627} \x{2628} \x{2629} \x{262A} \x{262B} \x{262C} \x{262D} \x{262E} \x{262F}"
          text run at (338,288) width 1: " "
          text run at (0,310) width 344: "U+263x \x{2630} \x{2631} \x{2632} \x{2633} \x{2634} \x{2635} \x{2636} \x{2637} \x{2638} \x{2639} \x{263A} \x{263B} \x{263C} \x{263D} \x{263E} \x{263F}"
          text run at (343,310) width 1: " "
          text run at (0,331) width 342: "U+264x \x{2640} \x{2641} \x{2642} \x{2643} \x{2644} \x{2645} \x{2646} \x{2647} \x{2648} \x{2649} \x{264A} \x{264B} \x{264C} \x{264D} \x{264E} \x{264F}"
          text run at (341,331) width 1: " "
          text run at (0,352) width 380: "U+265x \x{2650} \x{2651} \x{2652} \x{2653} \x{2654} \x{2655} \x{2656} \x{2657} \x{2658} \x{2659} \x{265A} \x{265B} \x{265C} \x{265D} \x{265E} \x{265F}"
          text run at (379,352) width 1: " "
          text run at (0,371) width 344: "U+266x \x{2660} \x{2661} \x{2662} \x{2663} \x{2664} \x{2665} \x{2666} \x{2667} \x{2668} \x{2669} \x{266A} \x{266B} \x{266C} \x{266D} \x{266E} \x{266F}"
          text run at (343,371) width 1: " "
          text run at (0,393) width 365: "U+267x \x{2670} \x{2671} \x{2672} \x{2673} \x{2674} \x{2675} \x{2676} \x{2677} \x{2678} \x{2679} \x{267A} \x{267B} \x{267C} \x{267D} \x{267E} \x{267F}"
          text run at (364,393) width 1: " "
          text run at (0,411) width 311: "U+268x \x{2680} \x{2681} \x{2682} \x{2683} \x{2684} \x{2685} \x{2686} \x{2687} \x{2688} \x{2689} \x{268A} \x{268B} \x{268C} \x{268D} \x{268E} \x{268F}"
          text run at (311,411) width 0: " "
          text run at (0,431) width 343: "U+269x \x{2690} \x{2691} \x{2692} \x{2693} \x{2694} \x{2695} \x{2696} \x{2697} \x{2698} \x{2699} \x{269A} \x{269B} \x{269C} \x{269D} \x{269E} \x{269F}"
          text run at (342,431) width 1: " "
          text run at (0,452) width 354: "U+26Ax \x{26A0} \x{26A1} \x{26A2} \x{26A3} \x{26A4} \x{26A5} \x{26A6} \x{26A7} \x{26A8} \x{26A9} \x{26AA} \x{26AB} \x{26AC} \x{26AD} \x{26AE} \x{26AF}"
          text run at (353,452) width 1: " "
          text run at (0,474) width 335: "U+26Bx \x{26B0} \x{26B1} \x{26B2} \x{26B3} \x{26B4} \x{26B5} \x{26B6} \x{26B7} \x{26B8} \x{26B9} \x{26BA} \x{26BB} \x{26BC} \x{26BD} \x{26BE} \x{26BF}"
          text run at (334,474) width 1: " "
          text run at (0,496) width 340: "U+26Cx \x{26C0} \x{26C1} \x{26C2} \x{26C3} \x{26C4} \x{26C5} \x{26C6} \x{26C7} \x{26C8} \x{26C9} \x{26CA} \x{26CB} \x{26CC} \x{26CD} \x{26CE} \x{26CF}"
          text run at (339,496) width 1: " "
          text run at (0,517) width 333: "U+26Dx \x{26D0} \x{26D1} \x{26D2} \x{26D3} \x{26D4} \x{26D5} \x{26D6} \x{26D7} \x{26D8} \x{26D9} \x{26DA} \x{26DB} \x{26DC} \x{26DD} \x{26DE} \x{26DF}"
          text run at (332,517) width 1: " "
          text run at (0,538) width 329: "U+26Ex \x{26E0} \x{26E1} \x{26E2} \x{26E3} \x{26E4} \x{26E5} \x{26E6} \x{26E7} \x{26E8} \x{26E9} \x{26EA} \x{26EB} \x{26EC} \x{26ED} \x{26EE} \x{26EF}"
          text run at (328,538) width 1: " "
          text run at (0,560) width 362: "U+26Fx \x{26F0} \x{26F1} \x{26F2} \x{26F3} \x{26F4} \x{26F5} \x{26F6} \x{26F7} \x{26F8} \x{26F9} \x{26FA} \x{26FB} \x{26FC} \x{26FD} \x{26FE} \x{26FF}"
          text run at (361,560) width 1: " "
        LayoutText {#text} at (0,577) size 361x229
          text run at (0,577) width 0: " "
          text run at (0,596) width 361: "U+270x \x{2700} \x{2701} \x{2702} \x{2703} \x{2704} \x{2705} \x{2706} \x{2707} \x{2708} \x{2709} \x{270A} \x{270B} \x{270C} \x{270D} \x{270E} \x{270F}"
          text run at (360,596) width 1: " "
          text run at (0,613) width 326: "U+271x \x{2710} \x{2711} \x{2712} \x{2713} \x{2714} \x{2715} \x{2716} \x{2717} \x{2718} \x{2719} \x{271A} \x{271B} \x{271C} \x{271D} \x{271E} \x{271F}"
          text run at (325,613) width 1: " "
          text run at (0,632) width 338: "U+272x \x{2720} \x{2721} \x{2722} \x{2723} \x{2724} \x{2725} \x{2726} \x{2727} \x{2728} \x{2729} \x{272A} \x{272B} \x{272C} \x{272D} \x{272E} \x{272F}"
          text run at (337,632) width 1: " "
          text run at (0,649) width 330: "U+273x \x{2730} \x{2731} \x{2732} \x{2733} \x{2734} \x{2735} \x{2736} \x{2737} \x{2738} \x{2739} \x{273A} \x{273B} \x{273C} \x{273D} \x{273E} \x{273F}"
          text run at (329,649) width 1: " "
          text run at (0,668) width 337: "U+274x \x{2740} \x{2741} \x{2742} \x{2743} \x{2744} \x{2745} \x{2746} \x{2747} \x{2748} \x{2749} \x{274A} \x{274B} \x{274C} \x{274D} \x{274E} \x{274F}"
          text run at (336,668) width 1: " "
          text run at (0,689) width 312: "U+275x \x{2750} \x{2751} \x{2752} \x{2753} \x{2754} \x{2755} \x{2756} \x{2757} \x{2758} \x{2759} \x{275A} \x{275B} \x{275C} \x{275D} \x{275E} \x{275F}"
          text run at (311,689) width 1: " "
          text run at (0,706) width 284: "U+276x \x{2760} \x{2761} \x{2762} \x{2763} \x{2764} \x{2765} \x{2766} \x{2767} \x{2768} \x{2769} \x{276A} \x{276B} \x{276C} \x{276D} \x{276E} \x{276F}"
          text run at (283,706) width 1: " "
          text run at (0,721) width 300: "U+277x \x{2770} \x{2771} \x{2772} \x{2773} \x{2774} \x{2775} \x{2776} \x{2777} \x{2778} \x{2779} \x{277A} \x{277B} \x{277C} \x{277D} \x{277E} \x{277F}"
          text run at (299,721) width 1: " "
          text run at (0,736) width 336: "U+278x \x{2780} \x{2781} \x{2782} \x{2783} \x{2784} \x{2785} \x{2786} \x{2787} \x{2788} \x{2789} \x{278A} \x{278B} \x{278C} \x{278D} \x{278E} \x{278F}"
          text run at (335,736) width 1: " "
          text run at (0,755) width 354: "U+279x \x{2790} \x{2791} \x{2792} \x{2793} \x{2794} \x{2795} \x{2796} \x{2797} \x{2798} \x{2799} \x{279A} \x{279B} \x{279C} \x{279D} \x{279E} \x{279F}"
          text run at (353,755) width 1: " "
          text run at (0,772) width 346: "U+27Ax \x{27A0} \x{27A1} \x{27A2} \x{27A3} \x{27A4} \x{27A5} \x{27A6} \x{27A7} \x{27A8} \x{27A9} \x{27AA} \x{27AB} \x{27AC} \x{27AD} \x{27AE} \x{27AF}"
          text run at (345,772) width 1: " "
          text run at (0,791) width 357: "U+27Bx \x{27B0} \x{27B1} \x{27B2} \x{27B3} \x{27B4} \x{27B5} \x{27B6} \x{27B7} \x{27B8} \x{27B9} \x{27BA} \x{27BB} \x{27BC} \x{27BD} \x{27BE} \x{27BF}"
          text run at (356,791) width 1: " "
        LayoutText {#text} at (0,808) size 328x290
          text run at (0,808) width 0: " "
          text run at (0,823) width 328: "U+2A0x \x{2A00} \x{2A01} \x{2A02} \x{2A03} \x{2A04} \x{2A05} \x{2A06} \x{2A07} \x{2A08} \x{2A09} \x{2A0A} \x{2A0B} \x{2A0C} \x{2A0D} \x{2A0E} \x{2A0F}"
          text run at (327,823) width 1: " "
          text run at (0,841) width 291: "U+2A1x \x{2A10} \x{2A11} \x{2A12} \x{2A13} \x{2A14} \x{2A15} \x{2A16} \x{2A17} \x{2A18} \x{2A19} \x{2A1A} \x{2A1B} \x{2A1C} \x{2A1D} \x{2A1E} \x{2A1F}"
          text run at (290,841) width 1: " "
          text run at (0,859) width 293: "U+2A2x \x{2A20} \x{2A21} \x{2A22} \x{2A23} \x{2A24} \x{2A25} \x{2A26} \x{2A27} \x{2A28} \x{2A29} \x{2A2A} \x{2A2B} \x{2A2C} \x{2A2D} \x{2A2E} \x{2A2F}"
          text run at (292,859) width 1: " "
          text run at (0,875) width 312: "U+2A3x \x{2A30} \x{2A31} \x{2A32} \x{2A33} \x{2A34} \x{2A35} \x{2A36} \x{2A37} \x{2A38} \x{2A39} \x{2A3A} \x{2A3B} \x{2A3C} \x{2A3D} \x{2A3E} \x{2A3F}"
          text run at (311,875) width 1: " "
          text run at (0,891) width 287: "U+2A4x \x{2A40} \x{2A41} \x{2A42} \x{2A43} \x{2A44} \x{2A45} \x{2A46} \x{2A47} \x{2A48} \x{2A49} \x{2A4A} \x{2A4B} \x{2A4C} \x{2A4D} \x{2A4E} \x{2A4F}"
          text run at (286,891) width 1: " "
          text run at (0,907) width 311: "U+2A5x \x{2A50} \x{2A51} \x{2A52} \x{2A53} \x{2A54} \x{2A55} \x{2A56} \x{2A57} \x{2A58} \x{2A59} \x{2A5A} \x{2A5B} \x{2A5C} \x{2A5D} \x{2A5E} \x{2A5F}"
          text run at (310,907) width 1: " "
          text run at (0,923) width 290: "U+2A6x \x{2A60} \x{2A61} \x{2A62} \x{2A63} \x{2A64} \x{2A65} \x{2A66} \x{2A67} \x{2A68} \x{2A69} \x{2A6A} \x{2A6B} \x{2A6C} \x{2A6D} \x{2A6E} \x{2A6F}"
          text run at (289,923) width 1: " "
          text run at (0,939) width 310: "U+2A7x \x{2A70} \x{2A71} \x{2A72} \x{2A73} \x{2A74} \x{2A75} \x{2A76} \x{2A77} \x{2A78} \x{2A79} \x{2A7A} \x{2A7B} \x{2A7C} \x{2A7D} \x{2A7E} \x{2A7F}"
          text run at (309,939) width 1: " "
          text run at (0,955) width 286: "U+2A8x \x{2A80} \x{2A81} \x{2A82} \x{2A83} \x{2A84} \x{2A85} \x{2A86} \x{2A87} \x{2A88} \x{2A89} \x{2A8A} \x{2A8B} \x{2A8C} \x{2A8D} \x{2A8E} \x{2A8F}"
          text run at (285,955) width 1: " "
          text run at (0,971) width 285: "U+2A9x \x{2A90} \x{2A91} \x{2A92} \x{2A93} \x{2A94} \x{2A95} \x{2A96} \x{2A97} \x{2A98} \x{2A99} \x{2A9A} \x{2A9B} \x{2A9C} \x{2A9D} \x{2A9E} \x{2A9F}"
          text run at (284,971) width 1: " "
          text run at (0,987) width 301: "U+2AAx \x{2AA0} \x{2AA1} \x{2AA2} \x{2AA3} \x{2AA4} \x{2AA5} \x{2AA6} \x{2AA7} \x{2AA8} \x{2AA9} \x{2AAA} \x{2AAB} \x{2AAC} \x{2AAD} \x{2AAE} \x{2AAF}"
          text run at (300,987) width 1: " "
          text run at (0,1003) width 295: "U+2ABx \x{2AB0} \x{2AB1} \x{2AB2} \x{2AB3} \x{2AB4} \x{2AB5} \x{2AB6} \x{2AB7} \x{2AB8} \x{2AB9} \x{2ABA} \x{2ABB} \x{2ABC} \x{2ABD} \x{2ABE} \x{2ABF}"
          text run at (294,1003) width 1: " "
          text run at (0,1019) width 286: "U+2ACx \x{2AC0} \x{2AC1} \x{2AC2} \x{2AC3} \x{2AC4} \x{2AC5} \x{2AC6} \x{2AC7} \x{2AC8} \x{2AC9} \x{2ACA} \x{2ACB} \x{2ACC} \x{2ACD} \x{2ACE} \x{2ACF}"
          text run at (285,1019) width 1: " "
          text run at (0,1035) width 293: "U+2ADx \x{2AD0} \x{2AD1} \x{2AD2} \x{2AD3} \x{2AD4} \x{2AD5} \x{2AD6} \x{2AD7} \x{2AD8} \x{2AD9} \x{2ADA} \x{2ADB} \x{2ADC} \x{2ADD} \x{2ADE} \x{2ADF}"
          text run at (292,1035) width 1: " "
          text run at (0,1051) width 303: "U+2AEx \x{2AE0} \x{2AE1} \x{2AE2} \x{2AE3} \x{2AE4} \x{2AE5} \x{2AE6} \x{2AE7} \x{2AE8} \x{2AE9} \x{2AEA} \x{2AEB} \x{2AEC} \x{2AED} \x{2AEE} \x{2AEF}"
          text run at (302,1051) width 1: " "
          text run at (0,1067) width 269: "U+2AFx \x{2AF0} \x{2AF1} \x{2AF2} \x{2AF3} \x{2AF4} \x{2AF5} \x{2AF6} \x{2AF7} \x{2AF8} \x{2AF9} \x{2AFA} \x{2AFB} \x{2AFC} \x{2AFD} \x{2AFE} \x{2AFF}"
          text run at (268,1067) width 1: " "
          text run at (0,1083) width 63: "        "
      LayoutBlockFlow {P} at (0,1172.44) size 769x36
        LayoutText {#text} at (0,0) size 764x36
          text run at (0,0) width 764: "A series of unicode symbols (Runic, General Punctuation, Miscellaneous Symbols, and Mathematical Symbols) should"
          text run at (0,18) width 108: "be shown above."
