layer at (0,0) size 800x600
  LayoutView at (0,0) size 800x600
layer at (0,0) size 800x600
  LayoutBlockFlow {HTML} at (0,0) size 800x600
    LayoutBlockFlow {BODY} at (8,8) size 784x584
layer at (30,500) size 340x80
  LayoutBlockFlow (positioned) {DIV} at (30,500) size 340x80
    LayoutInline {SPAN} at (0,0) size 300x19 [color=#008000]
      LayoutText {#text} at (0,0) size 300x19
        text run at (0,0) width 300: "PASS: event at (158, 83) hit card at offset (2, 2)"
    LayoutBR {BR} at (300,15) size 0x0
    LayoutInline {SPAN} at (0,0) size 323x19 [color=#008000]
      LayoutText {#text} at (0,20) size 323x19
        text run at (0,20) width 323: "PASS: event at (309, 112) hit card at offset (198, 2)"
    LayoutBR {BR} at (323,35) size 0x0
    LayoutInline {SPAN} at (0,0) size 324x19 [color=#008000]
      LayoutText {#text} at (0,40) size 324x19
        text run at (0,40) width 324: "PASS: event at (158, 338) hit card at offset (2, 198)"
    LayoutBR {BR} at (324,55) size 0x0
    LayoutInline {SPAN} at (0,0) size 340x19 [color=#008000]
      LayoutText {#text} at (0,60) size 340x19
        text run at (0,60) width 340: "PASS: event at (309, 308) hit card at offset (198, 198)"
    LayoutBR {BR} at (340,75) size 0x0
layer at (8,8) size 402x402
  LayoutBlockFlow (positioned) {DIV} at (8,8) size 402x402 [border: (1px solid #000000)]
layer at (59,59) size 302x302
  LayoutBlockFlow (positioned) {DIV} at (51,51) size 302x302 [border: (1px solid #0000FF)]
layer at (110,110) size 200x200
  LayoutBlockFlow (positioned) {DIV} at (51,51) size 200x200 [bgcolor=#81AA8A]
