layer at (0,0) size 800x600 scrollHeight 708
  LayoutView at (0,0) size 800x600
layer at (0,0) size 800x708 backgroundClip at (0,0) size 800x600 clip at (0,0) size 800x600
  LayoutBlockFlow {HTML} at (0,0) size 800x708
    LayoutBlockFlow {BODY} at (8,18) size 784x672 [color=#000080]
      LayoutBlockFlow {P} at (0,0) size 784x672
        LayoutText {#text} at (0,37) size 733x118
          text run at (0,37) width 733: "This text should be 18px sans-serif, in small-caps and italicized. The lines should be one inch"
          text run at (0,133) width 53: "apart. "
        LayoutInline {SPAN} at (0,0) size 776x502 [color=#C0C0C0]
          LayoutText {#text} at (53,133) size 776x502
            text run at (53,133) width 507: "dummy text dummy text dummy text dummy text dummy text dummy "
            text run at (560,133) width 216: "text dummy text dummy text"
            text run at (0,229) width 325: "dummy text dummy text dummy text dummy "
            text run at (325,229) width 450: "text dummy text dummy text dummy text dummy text dummy"
            text run at (0,325) width 91: "text dummy "
            text run at (91,325) width 546: "text dummy text dummy text dummy text dummy text dummy text dummy "
            text run at (637,325) width 125: "text dummy text"
            text run at (0,421) width 416: "dummy text dummy text dummy text dummy text dummy "
            text run at (416,421) width 359: "text dummy text dummy text dummy text dummy"
            text run at (0,517) width 182: "text dummy text dummy "
            text run at (182,517) width 546: "text dummy text dummy text dummy text dummy text dummy text dummy "
            text run at (728,517) width 34: "text"
            text run at (0,613) width 450: "dummy text dummy text dummy text dummy text dummy text"
        LayoutText {#text} at (0,0) size 0x0
