layer at (0,0) size 800x600
  LayoutView at (0,0) size 800x600
layer at (0,0) size 800x252
  LayoutBlockFlow {HTML} at (0,0) size 800x252
    LayoutBlockFlow {BODY} at (8,18) size 784x216 [color=#000080]
      LayoutBlockFlow {P} at (0,0) size 784x216
        LayoutText {#text} at (0,0) size 733x53
          text run at (0,0) width 733: "This text should be 18px sans-serif, in small-caps, italicized, and very bold. There"
          text run at (0,27) width 349: "should be a 9px gap between each line. "
        LayoutInline {SPAN} at (0,0) size 783x188 [color=#C0C0C0]
          LayoutText {#text} at (349,27) size 783x188
            text run at (349,27) width 410: "dummy text dummy text dummy text dummy text"
            text run at (0,54) width 165: "dummy text dummy "
            text run at (165,54) width 618: "text dummy text dummy text dummy text dummy text dummy text dummy"
            text run at (0,81) width 624: "text dummy text dummy text dummy text dummy text dummy text dummy "
            text run at (624,81) width 141: "text dummy text"
            text run at (0,108) width 477: "dummy text dummy text dummy text dummy text dummy "
            text run at (477,108) width 306: "text dummy text dummy text dummy"
            text run at (0,135) width 312: "text dummy text dummy text dummy "
            text run at (312,135) width 453: "text dummy text dummy text dummy text dummy text"
            text run at (0,162) width 165: "dummy text dummy "
            text run at (165,162) width 618: "text dummy text dummy text dummy text dummy text dummy text dummy"
            text run at (0,189) width 557: "text dummy text dummy text dummy text dummy text dummy text"
        LayoutText {#text} at (0,0) size 0x0
