layer at (0,0) size 800x600
  LayoutView at (0,0) size 800x600
layer at (0,0) size 800x88
  LayoutBlockFlow {HTML} at (0,0) size 800x88
    LayoutBlockFlow {BODY} at (8,16) size 784x56
      LayoutBlockFlow {P} at (0,0) size 784x20 [color=#000080]
        LayoutText {#text} at (0,0) size 265x19
          text run at (0,0) width 265: "This Paragraph should be in Small Caps."
      LayoutBlockFlow {P} at (0,36) size 784x20 [color=#000080]
        LayoutText {#text} at (0,0) size 261x19
          text run at (0,0) width 261: "This Sentence should be in Small Caps. "
        LayoutInline {SPAN} at (0,0) size 200x19
          LayoutText {#text} at (261,0) size 200x19
            text run at (261,0) width 200: "This Sentence should be Normal."
        LayoutText {#text} at (0,0) size 0x0
