layer at (0,0) size 800x600
  LayoutView at (0,0) size 800x600
layer at (0,0) size 800x600
  LayoutBlockFlow {HTML} at (0,0) size 800x600
    LayoutBlockFlow {BODY} at (8,8) size 784x584 [bgcolor=#CCCCCC]
      LayoutBlockFlow {P} at (0,0) size 784x20
        LayoutText {#text} at (0,0) size 337x19
          text run at (0,0) width 337: "The style declarations which apply to the text below are:"
      LayoutBlockFlow {PRE} at (0,36) size 784x48
        LayoutText {#text} at (0,0) size 568x48
          text run at (0,0) width 560: ".one {border-style: dashed; border-color: black; border-width: thick;}"
          text run at (560,0) width 0: " "
          text run at (0,16) width 544: ".two {border-style: groove; border-color: red; border-width: thick;}"
          text run at (544,16) width 0: " "
          text run at (0,32) width 568: ".three {border-style: none; border-color: purple; border-width: thick;}"
          text run at (568,32) width 0: " "
      LayoutBlockFlow {P} at (0,115) size 784x60 [bgcolor=#C0C0C0]
        LayoutText {#text} at (0,0) size 627x19
          text run at (0,0) width 627: "This is an unstyled element, save for the background color, and it contains inline elements with classes of "
        LayoutInline {SPAN} at (0,0) size 66x29 [border: (5px dashed #000000)]
          LayoutText {#text} at (631,0) size 56x19
            text run at (631,0) width 56: "class one"
        LayoutText {#text} at (691,0) size 759x39
          text run at (691,0) width 68: ", which will"
          text run at (0,20) width 227: "result in a dashed thick black border; "
        LayoutInline {SPAN} at (0,0) size 66x29 [border: (5px groove #FF0000)]
          LayoutText {#text} at (232,20) size 56x19
            text run at (232,20) width 56: "class two"
        LayoutText {#text} at (293,20) size 355x19
          text run at (293,20) width 355: ", which should result in a grooved thick purple border, and "
        LayoutInline {SPAN} at (0,0) size 64x19
          LayoutText {#text} at (647,20) size 64x19
            text run at (647,20) width 64: "class three"
        LayoutText {#text} at (710,20) size 754x39
          text run at (710,20) width 44: ", which"
          text run at (0,40) width 193: "should result in no border at all. "
          text run at (193,40) width 406: "The line-height of the parent element should not change, on any line."
      LayoutTable {TABLE} at (0,191) size 784x98 [border: (1px outset #808080)]
        LayoutTableSection {TBODY} at (1,1) size 782x96
          LayoutTableRow {TR} at (0,0) size 782x28
            LayoutTableCell {TD} at (0,0) size 782x28 [bgcolor=#C0C0C0] [border: (1px inset #808080)] [r=0 c=0 rs=1 cs=2]
              LayoutInline {STRONG} at (0,0) size 157x19
                LayoutText {#text} at (4,4) size 157x19
                  text run at (4,4) width 157: "TABLE Testing Section"
          LayoutTableRow {TR} at (0,28) size 782x68
            LayoutTableCell {TD} at (0,48) size 12x28 [bgcolor=#C0C0C0] [border: (1px inset #808080)] [r=1 c=0 rs=1 cs=1]
              LayoutText {#text} at (4,4) size 4x19
                text run at (4,4) width 4: " "
            LayoutTableCell {TD} at (12,28) size 770x68 [border: (1px inset #808080)] [r=1 c=1 rs=1 cs=1]
              LayoutBlockFlow {P} at (4,4) size 762x60 [bgcolor=#C0C0C0]
                LayoutText {#text} at (0,0) size 627x19
                  text run at (0,0) width 627: "This is an unstyled element, save for the background color, and it contains inline elements with classes of "
                LayoutInline {SPAN} at (0,0) size 66x29 [border: (5px dashed #000000)]
                  LayoutText {#text} at (631,0) size 56x19
                    text run at (631,0) width 56: "class one"
                LayoutText {#text} at (691,0) size 759x39
                  text run at (691,0) width 68: ", which will"
                  text run at (0,20) width 227: "result in a dashed thick black border; "
                LayoutInline {SPAN} at (0,0) size 66x29 [border: (5px groove #FF0000)]
                  LayoutText {#text} at (232,20) size 56x19
                    text run at (232,20) width 56: "class two"
                LayoutText {#text} at (293,20) size 355x19
                  text run at (293,20) width 355: ", which should result in a grooved thick purple border, and "
                LayoutInline {SPAN} at (0,0) size 64x19
                  LayoutText {#text} at (647,20) size 64x19
                    text run at (647,20) width 64: "class three"
                LayoutText {#text} at (710,20) size 754x39
                  text run at (710,20) width 44: ", which"
                  text run at (0,40) width 193: "should result in no border at all. "
                  text run at (193,40) width 406: "The line-height of the parent element should not change, on any line."
layer at (8,105) size 784x2 clip at (0,0) size 0x0
  LayoutBlockFlow {HR} at (0,97) size 784x2 [border: (1px inset #EEEEEE)]
