layer at (0,0) size 800x600 clip at (0,0) size 785x600 scrollHeight 793
  LayoutView at (0,0) size 800x600
layer at (0,0) size 785x793 backgroundClip at (0,0) size 785x600 clip at (0,0) size 785x600
  LayoutBlockFlow {HTML} at (0,0) size 785x793
    LayoutBlockFlow {BODY} at (8,8) size 769x777 [bgcolor=#CCCCCC]
      LayoutBlockFlow {P} at (0,0) size 769x20
        LayoutText {#text} at (0,0) size 337x19
          text run at (0,0) width 337: "The style declarations which apply to the text below are:"
      LayoutBlockFlow {PRE} at (0,36) size 769x96
        LayoutText {#text} at (0,0) size 456x96
          text run at (0,0) width 448: ".zero {background-color: silver; border-right-width: 0;}"
          text run at (448,0) width 0: " "
          text run at (0,16) width 424: ".one {border-right-width: 25px; border-style: solid;}"
          text run at (424,16) width 0: " "
          text run at (0,32) width 432: ".two {border-right-width: thick; border-style: solid;}"
          text run at (432,32) width 0: " "
          text run at (0,48) width 456: ".three {border-right-width: medium; border-style: solid;}"
          text run at (456,48) width 0: " "
          text run at (0,64) width 432: ".four {border-right-width: thin; border-style: solid;}"
          text run at (432,64) width 0: " "
          text run at (0,80) width 272: ".five {border-right-width: 100px;}"
          text run at (272,80) width 0: " "
      LayoutBlockFlow {P} at (0,163) size 769x20
        LayoutText {#text} at (0,0) size 145x19
          text run at (0,0) width 145: "(These will only work if "
        LayoutInline {CODE} at (0,0) size 96x16
          LayoutText {#text} at (145,3) size 96x16
            text run at (145,3) width 96: "border-style"
        LayoutText {#text} at (241,0) size 87x19
          text run at (241,0) width 87: " is supported.)"
      LayoutBlockFlow {P} at (0,199) size 769x20 [bgcolor=#C0C0C0]
        LayoutText {#text} at (0,0) size 193x19
          text run at (0,0) width 193: "This element has a class of zero."
      LayoutBlockFlow {P} at (0,235) size 769x46 [border: (3px solid #000000) (25px solid #000000) (3px solid #000000)]
        LayoutText {#text} at (3,3) size 729x39
          text run at (3,3) width 729: "This element should have a right border width of 25 pixels, which will be more obvious if the element is more than one line"
          text run at (3,23) width 29: "long."
      LayoutBlockFlow {P} at (0,297) size 769x26 [border: (3px solid #000000) (5px solid #000000) (3px solid #000000)]
        LayoutText {#text} at (3,3) size 721x19
          text run at (3,3) width 721: "This element should have a thick right border width, which will be more obvious if the element is more than one line long."
      LayoutBlockFlow {P} at (0,339) size 769x26 [border: (3px solid #000000)]
        LayoutText {#text} at (3,3) size 739x19
          text run at (3,3) width 739: "This element should have a medium right border width, which will be more obvious if the element is more than one line long."
      LayoutBlockFlow {P} at (0,381) size 769x26 [border: (3px solid #000000) (1px solid #000000) (3px solid #000000)]
        LayoutText {#text} at (3,3) size 713x19
          text run at (3,3) width 713: "This element should have a thin right border width, which will be more obvious if the element is more than one line long."
      LayoutBlockFlow {P} at (0,423) size 769x20
        LayoutText {#text} at (0,0) size 493x19
          text run at (0,0) width 493: "This element should have no border and no extra \"padding\" on its right side, as no "
        LayoutInline {CODE} at (0,0) size 96x16
          LayoutText {#text} at (493,3) size 96x16
            text run at (493,3) width 96: "border-style"
        LayoutText {#text} at (589,0) size 53x19
          text run at (589,0) width 53: " was set."
      LayoutTable {TABLE} at (0,459) size 769x318 [border: (1px outset #808080)]
        LayoutTableSection {TBODY} at (1,1) size 767x316
          LayoutTableRow {TR} at (0,0) size 767x28
            LayoutTableCell {TD} at (0,0) size 767x28 [bgcolor=#C0C0C0] [border: (1px inset #808080)] [r=0 c=0 rs=1 cs=2]
              LayoutInline {STRONG} at (0,0) size 157x19
                LayoutText {#text} at (4,4) size 157x19
                  text run at (4,4) width 157: "TABLE Testing Section"
          LayoutTableRow {TR} at (0,28) size 767x288
            LayoutTableCell {TD} at (0,158) size 12x28 [bgcolor=#C0C0C0] [border: (1px inset #808080)] [r=1 c=0 rs=1 cs=1]
              LayoutText {#text} at (4,4) size 4x19
                text run at (4,4) width 4: " "
            LayoutTableCell {TD} at (12,28) size 755x288 [border: (1px inset #808080)] [r=1 c=1 rs=1 cs=1]
              LayoutBlockFlow {P} at (4,4) size 747x20
                LayoutText {#text} at (0,0) size 145x19
                  text run at (0,0) width 145: "(These will only work if "
                LayoutInline {CODE} at (0,0) size 96x16
                  LayoutText {#text} at (145,3) size 96x16
                    text run at (145,3) width 96: "border-style"
                LayoutText {#text} at (241,0) size 87x19
                  text run at (241,0) width 87: " is supported.)"
              LayoutBlockFlow {P} at (4,40) size 747x20 [bgcolor=#C0C0C0]
                LayoutText {#text} at (0,0) size 193x19
                  text run at (0,0) width 193: "This element has a class of zero."
              LayoutBlockFlow {P} at (4,76) size 747x46 [border: (3px solid #000000) (25px solid #000000) (3px solid #000000)]
                LayoutText {#text} at (3,3) size 705x39
                  text run at (3,3) width 705: "This element should have a right border width of 25 pixels, which will be more obvious if the element is more than one"
                  text run at (3,23) width 53: "line long."
              LayoutBlockFlow {P} at (4,138) size 747x26 [border: (3px solid #000000) (5px solid #000000) (3px solid #000000)]
                LayoutText {#text} at (3,3) size 721x19
                  text run at (3,3) width 721: "This element should have a thick right border width, which will be more obvious if the element is more than one line long."
              LayoutBlockFlow {P} at (4,180) size 747x26 [border: (3px solid #000000)]
                LayoutText {#text} at (3,3) size 739x19
                  text run at (3,3) width 739: "This element should have a medium right border width, which will be more obvious if the element is more than one line long."
              LayoutBlockFlow {P} at (4,222) size 747x26 [border: (3px solid #000000) (1px solid #000000) (3px solid #000000)]
                LayoutText {#text} at (3,3) size 713x19
                  text run at (3,3) width 713: "This element should have a thin right border width, which will be more obvious if the element is more than one line long."
              LayoutBlockFlow {P} at (4,264) size 747x20
                LayoutText {#text} at (0,0) size 493x19
                  text run at (0,0) width 493: "This element should have no border and no extra \"padding\" on its right side, as no "
                LayoutInline {CODE} at (0,0) size 96x16
                  LayoutText {#text} at (493,3) size 96x16
                    text run at (493,3) width 96: "border-style"
                LayoutText {#text} at (589,0) size 53x19
                  text run at (589,0) width 53: " was set."
layer at (8,153) size 769x2 clip at (0,0) size 0x0
  LayoutBlockFlow {HR} at (0,145) size 769x2 [border: (1px inset #EEEEEE)]
