layer at (0,0) size 800x600
  LayoutView at (0,0) size 800x600
layer at (0,0) size 800x70
  LayoutBlockFlow {html} at (0,0) size 800x70
    LayoutBlockFlow {body} at (8,16) size 784x38
      LayoutBlockFlow {p} at (0,0) size 784x38
        LayoutButton {button} at (0,1) size 245.45x18 [color=#7F7F7F] [bgcolor=#00FF00] [border: (1px solid #D8D8D8) (1px solid #D1D1D1) (1px solid #BABABA) (1px solid #D1D1D1)]
          LayoutBlockFlow (anonymous) at (8,2) size 229.45x13
            LayoutText {#text} at (0,0) size 230x13
              text run at (0,0) width 230: "A button (disabled) with green background"
        LayoutText {#text} at (245,0) size 5x18
          text run at (245,0) width 5: " "
        LayoutBR {br} at (0,0) size 0x0
        LayoutTextControl {input} at (0,19) size 203x19 [color=#545454] [bgcolor=#00FF00] [border: (2px inset #EEEEEE)]
        LayoutText {#text} at (0,0) size 0x0
layer at (11,38) size 197x13 scrollWidth 240
  LayoutBlockFlow {div} at (3,3) size 197x13
    LayoutText {#text} at (0,0) size 240x13
      text run at (0,0) width 240: "a text area (disabled) with green background"
