layer at (0,0) size 800x600
  LayoutView at (0,0) size 800x600
layer at (0,0) size 800x54
  LayoutBlockFlow {HTML} at (0,0) size 800x54
    LayoutBlockFlow {BODY} at (8,8) size 784x38
      LayoutTextControl {INPUT} at (0,0) size 131x19 [bgcolor=#FFFFFF] [border: (2px inset #EEEEEE)]
        LayoutFlexibleBox {DIV} at (3,2) size 125x15
          LayoutBlockFlow {DIV} at (0,1) size 97.28x13
          LayoutDetailsMarker {DIV} at (97.28,2.02) size 14.72x10.97: down
          LayoutBlockFlow {DIV} at (112,0) size 13x15
      LayoutText {#text} at (131,0) size 4x18
        text run at (131,0) width 4: " "
      LayoutTextControl {INPUT} at (135,0) size 131x19 [bgcolor=#FFFFFF] [border: (2px inset #EEEEEE)]
        LayoutFlexibleBox {DIV} at (3,2) size 125x15
          LayoutBlockFlow {DIV} at (0,1) size 97.28x13
          LayoutDetailsMarker {DIV} at (97.28,2.02) size 14.72x10.97: down
          LayoutBlockFlow {DIV} at (112,0) size 13x15
      LayoutText {#text} at (266,0) size 4x18
        text run at (266,0) width 4: " "
      LayoutBR {BR} at (270,0) size 0x18
      LayoutTextControl {INPUT} at (0,19) size 131x19 [color=#545454] [bgcolor=#FFFFFF] [border: (2px inset #EEEEEE)]
        LayoutFlexibleBox {DIV} at (3,2) size 125x15
          LayoutBlockFlow {DIV} at (0,1) size 97.28x13
      LayoutText {#text} at (131,19) size 4x18
        text run at (131,19) width 4: " "
      LayoutTextControl {INPUT} at (135,19) size 131x19 [bgcolor=#FFFFFF] [border: (2px inset #EEEEEE)]
        LayoutFlexibleBox {DIV} at (3,2) size 125x15
          LayoutBlockFlow {DIV} at (0,1) size 97.28x13
      LayoutText {#text} at (0,0) size 0x0
layer at (11,11) size 97x13
  LayoutBlockFlow {DIV} at (0,0) size 97.28x13
layer at (146,11) size 97x13
  LayoutBlockFlow {DIV} at (0,0) size 97.28x13
layer at (11,30) size 97x13
  LayoutBlockFlow {DIV} at (0,0) size 97.28x13
layer at (146,30) size 97x13
  LayoutBlockFlow {DIV} at (0,0) size 97.28x13
hidden layer at (108,31) size 15x11 transparent
  LayoutDetailsMarker {DIV} at (97.28,2.02) size 14.72x10.97: down
layer at (123,29) size 13x15 transparent
  LayoutBlockFlow {DIV} at (112,0) size 13x15
hidden layer at (243,31) size 15x11 transparent
  LayoutDetailsMarker {DIV} at (97.28,2.02) size 14.72x10.97: down
layer at (258,29) size 13x15 transparent
  LayoutBlockFlow {DIV} at (112,0) size 13x15
caret: position 0 of child 0 {DIV} of child 0 {DIV} of child 0 {DIV} of {#document-fragment} of child 3 {INPUT} of body
