layer at (0,0) size 800x600
  LayoutView at (0,0) size 800x600
layer at (0,0) size 800x54
  LayoutBlockFlow {HTML} at (0,0) size 800x54
    LayoutBlockFlow {BODY} at (8,8) size 784x38
      LayoutBR {BR} at (131,0) size 0x18
      LayoutTextControl {INPUT} at (0,19) size 131x19 [bgcolor=#FFFFFF] [border: (2px inset #EEEEEE)]
        LayoutFlexibleBox {DIV} at (3,2) size 125x15
          LayoutBlockFlow {DIV} at (0,1) size 112x13
      LayoutText {#text} at (0,0) size 0x0
layer at (11,30) size 112x13
  LayoutBlockFlow {DIV} at (0,0) size 112x13
    LayoutText {#text} at (0,0) size 13x13
      text run at (0,0) width 13: "10"
layer at (8,8) size 131x19 clip at (10,10) size 127x15 transparent
  LayoutTextControl {INPUT} at (0,0) size 131x19 [bgcolor=#FFFFFF] [border: (2px inset #EEEEEE)]
    LayoutFlexibleBox {DIV} at (3,2) size 125x15
      LayoutBlockFlow {DIV} at (0,1) size 112x13
layer at (11,11) size 112x13
  LayoutBlockFlow {DIV} at (0,0) size 112x13
    LayoutText {#text} at (0,0) size 13x13
      text run at (0,0) width 13: "10"
layer at (123,10) size 13x15 transparent
  LayoutBlockFlow {DIV} at (112,0) size 13x15
layer at (123,29) size 13x15 transparent
  LayoutBlockFlow {DIV} at (112,0) size 13x15
