layer at (0,0) size 800x600
  LayoutView at (0,0) size 800x600
layer at (0,0) size 800x600
  LayoutBlockFlow {HTML} at (0,0) size 800x600
    LayoutBlockFlow {BODY} at (8,8) size 784x584
      LayoutBR {BR} at (141,32) size 0x0
      LayoutBR {BR} at (141,64) size 0x0
      LayoutBR {BR} at (141,96) size 0x0
layer at (8,8) size 141x32 clip at (9,9) size 139x30
  LayoutTextControl {TEXTAREA} at (0,0) size 141x32 [bgcolor=#FFFFFF] [border: (1px solid #000000)]
    LayoutBlockFlow {DIV} at (3,3) size 135x26 [color=#757575]
      LayoutText {#text} at (0,0) size 37x26
        text run at (0,0) width 22: "first \x{D}"
        text run at (21,0) width 1: " "
        text run at (0,13) width 37: "second"
    LayoutBlockFlow {DIV} at (3,3) size 135x13
layer at (8,40) size 141x32 clip at (9,41) size 139x30
  LayoutTextControl {TEXTAREA} at (0,32) size 141x32 [bgcolor=#FFFFFF] [border: (1px solid #000000)]
    LayoutBlockFlow {DIV} at (3,3) size 135x13
layer at (8,72) size 141x32 clip at (9,73) size 139x30
  LayoutTextControl {TEXTAREA} at (0,64) size 141x32 [bgcolor=#FFFFFF] [border: (1px solid #000000)]
    LayoutBlockFlow {DIV} at (3,3) size 135x13
