layer at (0,0) size 800x600
  LayoutView at (0,0) size 800x600
layer at (0,0) size 800x70
  LayoutBlockFlow {HTML} at (0,0) size 800x70
    LayoutBlockFlow {BODY} at (8,8) size 784x54
      LayoutText {#text} at (0,0) size 577x18
        text run at (0,0) width 577: "Test passes if a focus ring is visible around text area when focused and scrolled to bottom."
      LayoutBR {BR} at (576,0) size 1x18
      LayoutText {#text} at (0,0) size 0x0
layer at (8,26) size 141x32 clip at (9,27) size 124x30 scrollY 39.00 scrollHeight 69
  LayoutTextControl {TEXTAREA} at (0,18) size 141x32 [bgcolor=#FFFFFF] [border: (1px solid #000000)]
    LayoutBlockFlow {DIV} at (3,3) size 120x65
      LayoutText {#text} at (0,0) size 7x52
        text run at (0,0) width 7: "1"
        text run at (6,0) width 1: " "
        text run at (0,13) width 7: "2"
        text run at (6,13) width 1: " "
        text run at (0,26) width 7: "3"
        text run at (6,26) width 1: " "
        text run at (0,39) width 7: "4"
        text run at (6,39) width 1: " "
      LayoutBR {BR} at (0,52) size 0x13
caret: position 0 of child 1 {BR} of child 0 {DIV} of {#document-fragment} of child 3 {TEXTAREA} of body
