layer at (0,0) size 800x600
  LayoutView at (0,0) size 800x600
layer at (0,0) size 800x600
  LayoutBlockFlow {HTML} at (0,0) size 800x600
    LayoutBlockFlow {BODY} at (8,8) size 784x584
      LayoutBlockFlow (anonymous) at (0,0) size 784x119
        LayoutText {#text} at (0,0) size 515x18
          text run at (0,0) width 515: "This tests that typing in a scrolled textarea does not cause unnecessary scrolling."
        LayoutBR {BR} at (514,14) size 1x0
        LayoutText {#text} at (141,101) size 4x18
          text run at (141,101) width 4: " "
        LayoutBR {BR} at (145,115) size 0x0
      LayoutBlockFlow {DIV} at (0,119) size 784x0
layer at (8,26) size 141x97 clip at (9,27) size 124x95 scrollY 182.00 scrollHeight 277
  LayoutTextControl {TEXTAREA} at (0,18) size 141x97 [bgcolor=#FFFFFF] [border: (1px solid #000000)]
    LayoutBlockFlow {DIV} at (3,3) size 120x273
      LayoutText {#text} at (0,0) size 40x260
        text run at (0,0) width 7: "1"
        text run at (6,0) width 1: " "
        text run at (0,13) width 7: "2"
        text run at (6,13) width 1: " "
        text run at (0,26) width 7: "3"
        text run at (6,26) width 1: " "
        text run at (0,39) width 7: "4"
        text run at (6,39) width 1: " "
        text run at (0,52) width 7: "5"
        text run at (6,52) width 1: " "
        text run at (0,65) width 7: "6"
        text run at (6,65) width 1: " "
        text run at (0,78) width 7: "7"
        text run at (6,78) width 1: " "
        text run at (0,91) width 7: "8"
        text run at (6,91) width 1: " "
        text run at (0,104) width 7: "9"
        text run at (6,104) width 1: " "
        text run at (0,117) width 13: "10"
        text run at (12,117) width 1: " "
        text run at (0,130) width 13: "11"
        text run at (12,130) width 1: " "
        text run at (0,143) width 13: "12"
        text run at (12,143) width 1: " "
        text run at (0,156) width 13: "13"
        text run at (12,156) width 1: " "
        text run at (0,169) width 13: "14"
        text run at (12,169) width 1: " "
        text run at (0,182) width 13: "15"
        text run at (12,182) width 1: " "
        text run at (0,195) width 13: "16"
        text run at (12,195) width 1: " "
        text run at (0,208) width 13: "17"
        text run at (12,208) width 1: " "
        text run at (0,221) width 40: "18 Pass"
        text run at (39,221) width 1: " "
        text run at (0,234) width 13: "19"
        text run at (12,234) width 1: " "
        text run at (0,247) width 13: "20"
        text run at (12,247) width 1: " "
      LayoutBR {BR} at (0,260) size 0x13
caret: position 49 of child 0 {#text} of child 0 {DIV} of {#document-fragment} of child 3 {TEXTAREA} of body
