layer at (0,0) size 800x600
  LayoutView at (0,0) size 800x600
layer at (0,0) size 800x50
  LayoutBlockFlow {HTML} at (0,0) size 800x50
    LayoutBlockFlow {BODY} at (8,16) size 784x18
      LayoutBlockFlow {P} at (0,0) size 784x18
        LayoutText {#text} at (0,0) size 383x18
          text run at (0,0) width 383: "In pixel results, the blue box should be scrolled out of view."
layer at (8,50) size 0x0
  LayoutBlockFlow (positioned) {DIV} at (8,50) size 0x0
layer at (8,50) size 324x228
  LayoutBlockFlow (positioned) zI: 1 {DIV} at (8,50) size 324x228
    LayoutText zI: 1 {#text} at (0,0) size 0x0
layer at (18,60) size 304x204
  LayoutIFrame {IFRAME} at (10,10) size 304x204 [border: (2px inset #EEEEEE)]
    layer at (0,0) size 300x200 clip at (0,0) size 285x200 scrollY 120.00 scrollHeight 1018
      LayoutView at (0,0) size 300x200
    layer at (0,0) size 285x1018 backgroundClip at (0,0) size 285x200 clip at (0,0) size 285x200
      LayoutBlockFlow {HTML} at (0,0) size 285x1018
        LayoutBlockFlow {BODY} at (8,10) size 269x1000 [bgcolor=#C0C0C0]
          LayoutBlockFlow {DIV} at (10,0) size 110x110 [bgcolor=#0000FF]
