layer at (0,0) size 800x600
  LayoutView at (0,0) size 800x600
layer at (0,0) size 800x162
  LayoutBlockFlow {HTML} at (0,0) size 800x162
    LayoutBlockFlow {BODY} at (8,16) size 784x138
      LayoutBlockFlow {P} at (0,0) size 784x20
        LayoutText {#text} at (0,0) size 508x19
          text run at (0,0) width 508: "crbug.com/35697: The coloured bands show flow seamlessly in the background."
      LayoutTable {TABLE} at (0,36) size 228x102
        LayoutTableSection {THEAD} at (0,0) size 228x102
          LayoutTableRow {TR} at (0,2) size 228x98
            LayoutTableCell {TH} at (2,50) size 111x2 [r=0 c=0 rs=1 cs=1]
            LayoutTableCell {TH} at (115,50) size 111x2 [r=0 c=1 rs=1 cs=1]
