layer at (0,0) size 800x600 clip at (0,0) size 800x585 scrollX 9215.00 scrollWidth 10015
  LayoutView at (0,0) size 800x600
layer at (0,0) size 800x77
  LayoutBlockFlow {HTML} at (0,0) size 800x77
    LayoutBlockFlow {BODY} at (8,16) size 784x53
      LayoutBlockFlow {P} at (0,0) size 784x18
        LayoutText {#text} at (0,0) size 446x18
          text run at (0,0) width 446: "Test passes if the input element is truncated beyond 10000px on Mac."
      LayoutBlockFlow {FORM} at (0,34) size 784x19
        LayoutTextControl {INPUT} at (0,0) size 10007x19 [bgcolor=#FFFFFF] [border: (2px inset #EEEEEE)]
        LayoutText {#text} at (0,0) size 0x0
layer at (11,53) size 10001x13 backgroundClip at (11,53) size 789x13 clip at (11,53) size 789x13
  LayoutBlockFlow {DIV} at (3,3) size 10001x13
scrolled to 9215,0
