layer at (0,0) size 800x600 clip at (0,0) size 785x600 scrollY 9465.00 scrollHeight 10065
  LayoutView at (0,0) size 800x600
layer at (0,0) size 785x10065 backgroundClip at (0,0) size 785x600 clip at (0,0) size 785x600
  LayoutBlockFlow {HTML} at (0,0) size 785x10065
    LayoutBlockFlow {BODY} at (8,16) size 769x10041
      LayoutBlockFlow {P} at (0,0) size 769x18
        LayoutText {#text} at (0,0) size 479x18
          text run at (0,0) width 479: "Test passes if the input element is truncated beyond 10000px high on Mac."
      LayoutBlockFlow {FORM} at (0,34) size 769x10007
        LayoutTextControl {INPUT} at (0,0) size 131x10007 [bgcolor=#FFFFFF] [border: (2px inset #EEEEEE)]
        LayoutText {#text} at (0,0) size 0x0
layer at (11,5047) size 125x13 backgroundClip at (0,0) size 0x0 clip at (0,0) size 0x0
  LayoutBlockFlow {DIV} at (3,4997) size 125x13
scrolled to 0,9465
