layer at (0,0) size 800x600
  LayoutView at (0,0) size 800x600
layer at (0,0) size 800x600
  LayoutBlockFlow {HTML} at (0,0) size 800x600
    LayoutBlockFlow {BODY} at (8,8) size 784x584
      LayoutBlockFlow {P} at (0,0) size 784x40
        LayoutText {#text} at (0,0) size 761x39
          text run at (0,0) width 761: "This tests that calling dataTransfer.setData('URL', aFileURL) sets NSFilenamesPboardType type data on the pasteboard if and"
          text run at (0,20) width 186: "only if this page is a local page."
      LayoutBlockFlow {P} at (0,56) size 784x40
        LayoutText {#text} at (0,0) size 715x39
          text run at (0,0) width 715: "This test cannot be run manually, as it is not possible to tell whether or not NSFilenamesPboardType type data is on the"
          text run at (0,20) width 257: "pasteboard, without Objective-C bindings."
      LayoutBlockFlow (anonymous) at (0,112) size 784x103
        LayoutImage {IMG} at (0,0) size 76x103
        LayoutText {#text} at (0,0) size 0x0
