layer at (0,0) size 800x600
  LayoutView at (0,0) size 800x600
layer at (0,0) size 800x600
  LayoutBlockFlow {HTML} at (0,0) size 800x600
    LayoutBlockFlow {BODY} at (8,8) size 784x576
      LayoutBlockFlow {DIV} at (0,0) size 100x100 [bgcolor=#FF0000]
      LayoutBlockFlow {P} at (0,116) size 784x20
        LayoutText {#text} at (0,0) size 254x19
          text run at (0,0) width 254: "there should be a red box above this text"
