layer at (0,0) size 800x600
  LayoutView at (0,0) size 800x600
layer at (0,0) size 800x600
  LayoutBlockFlow {HTML} at (0,0) size 800x600
    LayoutBlockFlow {BODY} at (8,8) size 784x584
      LayoutBlockFlow {P} at (0,0) size 784x40
        LayoutText {#text} at (0,0) size 207x19
          text run at (0,0) width 207: "This tests for regressions against "
        LayoutInline {I} at (0,0) size 783x39
          LayoutInline {A} at (0,0) size 348x19 [color=#0000EE]
            LayoutText {#text} at (207,0) size 348x19
              text run at (207,0) width 348: "http://bugzilla.opendarwin.org/show_bug.cgi?id=8420"
          LayoutText {#text} at (554,0) size 783x39
            text run at (554,0) width 5: " "
            text run at (558,0) width 225: "iExploder(#12): Assertion failure in"
            text run at (0,20) width 236: "RenderContainer::removeChildNode"
        LayoutText {#text} at (235,20) size 5x19
          text run at (235,20) width 5: "."
      LayoutBlockFlow {P} at (0,56) size 784x40
        LayoutText {#text} at (0,0) size 703x39
          text run at (0,0) width 559: "In the render tree, the button should have only one child, an anonymous block wrapping "
          text run at (559,0) width 144: "all of the button's other"
          text run at (0,20) width 80: "descendants."
      LayoutBlockFlow (anonymous) at (0,122) size 784x6
        LayoutButton {BUTTON} at (0,0) size 16x6 [bgcolor=#C0C0C0] [border: (2px outset #C0C0C0)]
          LayoutBlockFlow (anonymous) at (8,3) size 0x0
            LayoutBlockFlow (anonymous) at (0,0) size 0x0
              LayoutInline {SPAN} at (0,0) size 0x0
            LayoutBlockFlow (anonymous) at (0,0) size 0x0
              LayoutBlockFlow {DIV} at (0,0) size 0x0
            LayoutBlockFlow (anonymous) at (0,0) size 0x0
              LayoutInline {SPAN} at (0,0) size 0x0
        LayoutText {#text} at (0,0) size 0x0
layer at (8,120) size 784x2 clip at (0,0) size 0x0
  LayoutBlockFlow {HR} at (0,112) size 784x2 [border: (1px inset #EEEEEE)]
