layer at (0,0) size 800x600
  LayoutView at (0,0) size 800x600
layer at (0,0) size 800x600
  LayoutBlockFlow {HTML} at (0,0) size 800x600
    LayoutBlockFlow {BODY} at (8,8) size 784x584
layer at (8,8) size 162x22
  LayoutButton (positioned) {BUTTON} at (8,8) size 162x22 [bgcolor=#C0C0C0] [border: (2px outset #C0C0C0)]
    LayoutBlockFlow (anonymous) at (8,3) size 146x16
      LayoutText {#text} at (0,0) size 146x16
        text run at (0,0) width 146: "This button is positioned."
layer at (8,8) size 186x22 clip at (10,10) size 182x18
  LayoutButton (positioned) {INPUT} at (8,8) size 186x22 [bgcolor=#C0C0C0] [border: (2px outset #C0C0C0)]
    LayoutBlockFlow (anonymous) at (8,3) size 170x16
      LayoutText {#text} at (0,0) size 170x16
        text run at (0,0) width 170: "This button is also positioned"
