layer at (0,0) size 800x600 scrollHeight 674
  LayoutView at (0,0) size 800x600
layer at (0,0) size 800x674 backgroundClip at (0,0) size 800x600 clip at (0,0) size 800x600
  LayoutBlockFlow {HTML} at (0,0) size 800x674
    LayoutBlockFlow {BODY} at (8,8) size 784x658
      LayoutBlockFlow {P} at (0,0) size 784x20
        LayoutText {#text} at (0,0) size 551x19
          text run at (0,0) width 551: "This page has a few tables within form elements within divs with various display styles."
      LayoutBlockFlow {P} at (0,36) size 784x20
        LayoutText {#text} at (0,0) size 27x19
          text run at (0,0) width 27: "See "
        LayoutInline {A} at (0,0) size 120x19 [color=#0000EE]
          LayoutText {#text} at (27,0) size 120x19
            text run at (27,0) width 120: "Bugzilla Bug 4977"
        LayoutText {#text} at (147,0) size 4x19
          text run at (147,0) width 4: "."
      LayoutBlockFlow {DIV} at (0,72) size 784x26
        LayoutBlockFlow (anonymous) at (0,0) size 784x0
          LayoutInline {DIV} at (0,0) size 0x0
        LayoutBlockFlow (anonymous) at (0,0) size 784x26
          LayoutBlockFlow {FORM} at (0,0) size 784x26
            LayoutTable {TABLE} at (0,0) size 94x26
              LayoutTableSection {TBODY} at (0,0) size 94x26
                LayoutTableRow {TR} at (0,2) size 94x22
                  LayoutTableCell {TD} at (2,2) size 90x22 [r=0 c=0 rs=1 cs=1]
                    LayoutText {#text} at (1,1) size 88x19
                      text run at (1,1) width 88: "display: inline"
        LayoutBlockFlow (anonymous) at (0,42) size 784x0
          LayoutInline {DIV} at (0,0) size 0x0
      LayoutBlockFlow {DIV} at (0,114) size 784x26
        LayoutBlockFlow {DIV} at (0,0) size 784x26
          LayoutBlockFlow {FORM} at (0,0) size 784x26
            LayoutTable {TABLE} at (0,0) size 94x26
              LayoutTableSection {TBODY} at (0,0) size 94x26
                LayoutTableRow {TR} at (0,2) size 94x22
                  LayoutTableCell {TD} at (2,2) size 90x22 [r=0 c=0 rs=1 cs=1]
                    LayoutText {#text} at (1,1) size 88x19
                      text run at (1,1) width 88: "display: block"
      LayoutBlockFlow {DIV} at (0,156) size 784x26
        LayoutListItem {DIV} at (0,0) size 784x26
          LayoutBlockFlow (anonymous) at (0,0) size 784x0
            LayoutListMarker (anonymous) at (-18,8) size 7x19: bullet
          LayoutBlockFlow {FORM} at (0,0) size 784x26
            LayoutTable {TABLE} at (0,0) size 109x26
              LayoutTableSection {TBODY} at (0,0) size 109x26
                LayoutTableRow {TR} at (0,2) size 109x22
                  LayoutTableCell {TD} at (2,2) size 105x22 [r=0 c=0 rs=1 cs=1]
                    LayoutText {#text} at (1,1) size 103x19
                      text run at (1,1) width 103: "display: list-item"
      LayoutBlockFlow {DIV} at (0,198) size 784x26
        LayoutBlockFlow {DIV} at (0,0) size 784x26
          LayoutBlockFlow {FORM} at (0,0) size 784x26
            LayoutTable {TABLE} at (0,0) size 112x26
              LayoutTableSection {TBODY} at (0,0) size 112x26
                LayoutTableRow {TR} at (0,2) size 112x22
                  LayoutTableCell {TD} at (2,2) size 108x22 [r=0 c=0 rs=1 cs=1]
                    LayoutText {#text} at (1,1) size 106x19
                      text run at (1,1) width 106: "display: compact"
      LayoutBlockFlow {DIV} at (0,240) size 784x42
        LayoutBlockFlow {DIV} at (0,0) size 134x42
          LayoutBlockFlow {FORM} at (0,0) size 134x26
            LayoutTable {TABLE} at (0,0) size 134x26
              LayoutTableSection {TBODY} at (0,0) size 134x26
                LayoutTableRow {TR} at (0,2) size 134x22
                  LayoutTableCell {TD} at (2,2) size 130x22 [r=0 c=0 rs=1 cs=1]
                    LayoutText {#text} at (1,1) size 128x19
                      text run at (1,1) width 128: "display: inline-block"
      LayoutBlockFlow {DIV} at (0,282) size 784x42
        LayoutTable {DIV} at (0,0) size 89x42
          LayoutTableSection (anonymous) at (0,0) size 89x42
            LayoutTableRow (anonymous) at (0,0) size 89x42
              LayoutTableCell (anonymous) at (0,0) size 89x42 [r=0 c=0 rs=1 cs=1]
                LayoutBlockFlow {FORM} at (0,0) size 89x26
                  LayoutTable {TABLE} at (0,0) size 89x26
                    LayoutTableSection {TBODY} at (0,0) size 89x26
                      LayoutTableRow {TR} at (0,2) size 89x22
                        LayoutTableCell {TD} at (2,2) size 85x22 [r=0 c=0 rs=1 cs=1]
                          LayoutText {#text} at (1,1) size 83x19
                            text run at (1,1) width 83: "display: table"
      LayoutBlockFlow {DIV} at (0,324) size 784x42
        LayoutTable {DIV} at (0,0) size 129x42
          LayoutTableSection (anonymous) at (0,0) size 129x42
            LayoutTableRow (anonymous) at (0,0) size 129x42
              LayoutTableCell (anonymous) at (0,0) size 129x42 [r=0 c=0 rs=1 cs=1]
                LayoutBlockFlow {FORM} at (0,0) size 129x26
                  LayoutTable {TABLE} at (0,0) size 129x26
                    LayoutTableSection {TBODY} at (0,0) size 129x26
                      LayoutTableRow {TR} at (0,2) size 129x22
                        LayoutTableCell {TD} at (2,2) size 125x22 [r=0 c=0 rs=1 cs=1]
                          LayoutText {#text} at (1,1) size 123x19
                            text run at (1,1) width 123: "display: inline-table"
      LayoutBlockFlow {DIV} at (0,366) size 784x42
        LayoutTable (anonymous) at (0,0) size 161x42
          LayoutTableSection {DIV} at (0,0) size 161x42
            LayoutTableRow (anonymous) at (0,0) size 161x42
              LayoutTableCell (anonymous) at (0,0) size 161x42 [r=0 c=0 rs=1 cs=1]
                LayoutBlockFlow {FORM} at (0,0) size 161x26
                  LayoutTable {TABLE} at (0,0) size 161x26
                    LayoutTableSection {TBODY} at (0,0) size 161x26
                      LayoutTableRow {TR} at (0,2) size 161x22
                        LayoutTableCell {TD} at (2,2) size 157x22 [r=0 c=0 rs=1 cs=1]
                          LayoutText {#text} at (1,1) size 155x19
                            text run at (1,1) width 155: "display: table-row-group"
      LayoutBlockFlow {DIV} at (0,408) size 784x42
        LayoutTable (anonymous) at (0,0) size 178x42
          LayoutTableSection {DIV} at (0,0) size 178x42
            LayoutTableRow (anonymous) at (0,0) size 178x42
              LayoutTableCell (anonymous) at (0,0) size 178x42 [r=0 c=0 rs=1 cs=1]
                LayoutBlockFlow {FORM} at (0,0) size 178x26
                  LayoutTable {TABLE} at (0,0) size 178x26
                    LayoutTableSection {TBODY} at (0,0) size 178x26
                      LayoutTableRow {TR} at (0,2) size 178x22
                        LayoutTableCell {TD} at (2,2) size 174x22 [r=0 c=0 rs=1 cs=1]
                          LayoutText {#text} at (1,1) size 172x19
                            text run at (1,1) width 172: "display: table-header-group"
      LayoutBlockFlow {DIV} at (0,450) size 784x42
        LayoutTable (anonymous) at (0,0) size 173x42
          LayoutTableSection {DIV} at (0,0) size 173x42
            LayoutTableRow (anonymous) at (0,0) size 173x42
              LayoutTableCell (anonymous) at (0,0) size 173x42 [r=0 c=0 rs=1 cs=1]
                LayoutBlockFlow {FORM} at (0,0) size 173x26
                  LayoutTable {TABLE} at (0,0) size 173x26
                    LayoutTableSection {TBODY} at (0,0) size 173x26
                      LayoutTableRow {TR} at (0,2) size 173x22
                        LayoutTableCell {TD} at (2,2) size 169x22 [r=0 c=0 rs=1 cs=1]
                          LayoutText {#text} at (1,1) size 167x19
                            text run at (1,1) width 167: "display: table-footer-group"
      LayoutBlockFlow {DIV} at (0,492) size 784x42
        LayoutTable (anonymous) at (0,0) size 119x42
          LayoutTableSection (anonymous) at (0,0) size 119x42
            LayoutTableRow {DIV} at (0,0) size 119x42
              LayoutTableCell (anonymous) at (0,0) size 119x42 [r=0 c=0 rs=1 cs=1]
                LayoutBlockFlow {FORM} at (0,0) size 119x26
                  LayoutTable {TABLE} at (0,0) size 119x26
                    LayoutTableSection {TBODY} at (0,0) size 119x26
                      LayoutTableRow {TR} at (0,2) size 119x22
                        LayoutTableCell {TD} at (2,2) size 115x22 [r=0 c=0 rs=1 cs=1]
                          LayoutText {#text} at (1,1) size 113x19
                            text run at (1,1) width 113: "display: table-row"
      LayoutBlockFlow {DIV} at (0,534) size 784x0
        LayoutTable (anonymous) at (0,0) size 0x0
          LayoutTableCol {DIV} at (0,0) size 0x0
      LayoutBlockFlow {DIV} at (0,534) size 784x0
        LayoutTable (anonymous) at (0,0) size 0x0
          LayoutTableCol {DIV} at (0,0) size 0x0
      LayoutBlockFlow {DIV} at (0,534) size 784x42
        LayoutTable (anonymous) at (0,0) size 116x42
          LayoutTableSection (anonymous) at (0,0) size 116x42
            LayoutTableRow (anonymous) at (0,0) size 116x42
              LayoutTableCell {DIV} at (0,0) size 116x42 [r=0 c=0 rs=1 cs=1]
                LayoutBlockFlow {FORM} at (0,0) size 116x26
                  LayoutTable {TABLE} at (0,0) size 116x26
                    LayoutTableSection {TBODY} at (0,0) size 116x26
                      LayoutTableRow {TR} at (0,2) size 116x22
                        LayoutTableCell {TD} at (2,2) size 112x22 [r=0 c=0 rs=1 cs=1]
                          LayoutText {#text} at (1,1) size 110x19
                            text run at (1,1) width 110: "display: table-cell"
      LayoutBlockFlow {DIV} at (0,576) size 784x82
        LayoutTable (anonymous) at (0,0) size 55x82
          LayoutBlockFlow {DIV} at (0,0) size 55x82
            LayoutBlockFlow {FORM} at (0,0) size 55x66
              LayoutTable {TABLE} at (0,0) size 55x66
                LayoutTableSection {TBODY} at (0,0) size 55x66
                  LayoutTableRow {TR} at (0,2) size 55x62
                    LayoutTableCell {TD} at (2,2) size 51x62 [r=0 c=0 rs=1 cs=1]
                      LayoutText {#text} at (1,1) size 49x59
                        text run at (1,1) width 49: "display:"
                        text run at (1,21) width 35: "table-"
                        text run at (1,41) width 46: "caption"
