layer at (0,0) size 800x600
  LayoutView at (0,0) size 800x600
layer at (0,0) size 800x600
  LayoutBlockFlow {HTML} at (0,0) size 800x600
    LayoutBlockFlow {BODY} at (8,8) size 784x584
      LayoutButton {INPUT} at (0,9) size 40x12 [bgcolor=#C0C0C0] [border: (2px outset #C0C0C0)]
        LayoutBlockFlow (anonymous) at (8,3) size 24x6
          LayoutText {#text} at (0,0) size 24x6
            text run at (0,0) width 24: "Test Button"
      LayoutText {#text} at (40,2) size 4x19
        text run at (40,2) width 4: " "
      LayoutButton {INPUT} at (44,9) size 46x12 [bgcolor=#C0C0C0] [border: (2px outset #C0C0C0)]
        LayoutBlockFlow (anonymous) at (8,3) size 30x6
          LayoutText {#text} at (0,0) size 30x6
            text run at (0,0) width 30: "Test Button"
      LayoutText {#text} at (90,2) size 4x19
        text run at (90,2) width 4: " "
      LayoutButton {INPUT} at (94,8) size 52x13 [bgcolor=#C0C0C0] [border: (2px outset #C0C0C0)]
        LayoutBlockFlow (anonymous) at (8,3) size 36x7
          LayoutText {#text} at (0,0) size 36x7
            text run at (0,0) width 36: "Test Button"
      LayoutText {#text} at (146,2) size 4x19
        text run at (146,2) width 4: " "
      LayoutButton {INPUT} at (150,6) size 53x16 [bgcolor=#C0C0C0] [border: (2px outset #C0C0C0)]
        LayoutBlockFlow (anonymous) at (8,3) size 37x10
          LayoutText {#text} at (0,0) size 37x10
            text run at (0,0) width 37: "Test Button"
      LayoutText {#text} at (203,2) size 4x19
        text run at (203,2) width 4: " "
      LayoutButton {INPUT} at (207,5) size 64x18 [bgcolor=#C0C0C0] [border: (2px outset #C0C0C0)]
        LayoutBlockFlow (anonymous) at (8,3) size 48x12
          LayoutText {#text} at (0,0) size 48x12
            text run at (0,0) width 48: "Test Button"
      LayoutText {#text} at (271,2) size 4x19
        text run at (271,2) width 4: " "
      LayoutButton {INPUT} at (275,4) size 69x19 [bgcolor=#C0C0C0] [border: (2px outset #C0C0C0)]
        LayoutBlockFlow (anonymous) at (8,3) size 53x13
          LayoutText {#text} at (0,0) size 53x13
            text run at (0,0) width 53: "Test Button"
      LayoutText {#text} at (344,2) size 4x19
        text run at (344,2) width 4: " "
      LayoutButton {INPUT} at (348,3) size 71x20 [bgcolor=#C0C0C0] [border: (2px outset #C0C0C0)]
        LayoutBlockFlow (anonymous) at (8,3) size 55x14
          LayoutText {#text} at (0,0) size 55x14
            text run at (0,0) width 55: "Test Button"
      LayoutText {#text} at (419,2) size 4x19
        text run at (419,2) width 4: " "
      LayoutButton {INPUT} at (423,2) size 76x21 [bgcolor=#C0C0C0] [border: (2px outset #C0C0C0)]
        LayoutBlockFlow (anonymous) at (8,3) size 60x15
          LayoutText {#text} at (0,0) size 60x15
            text run at (0,0) width 60: "Test Button"
      LayoutText {#text} at (499,2) size 4x19
        text run at (499,2) width 4: " "
      LayoutButton {INPUT} at (503,1) size 83x22 [bgcolor=#C0C0C0] [border: (2px outset #C0C0C0)]
        LayoutBlockFlow (anonymous) at (8,3) size 67x16
          LayoutText {#text} at (0,0) size 67x16
            text run at (0,0) width 67: "Test Button"
      LayoutText {#text} at (586,2) size 4x19
        text run at (586,2) width 4: " "
      LayoutButton {INPUT} at (590,1) size 87x22 [bgcolor=#C0C0C0] [border: (2px outset #C0C0C0)]
        LayoutBlockFlow (anonymous) at (8,3) size 71x16
          LayoutText {#text} at (0,0) size 71x16
            text run at (0,0) width 71: "Test Button"
      LayoutText {#text} at (677,2) size 4x19
        text run at (677,2) width 4: " "
      LayoutButton {INPUT} at (681,0) size 89x23 [bgcolor=#C0C0C0] [border: (2px outset #C0C0C0)]
        LayoutBlockFlow (anonymous) at (8,3) size 73x17
          LayoutText {#text} at (0,0) size 73x17
            text run at (0,0) width 73: "Test Button"
      LayoutText {#text} at (770,2) size 4x19
        text run at (770,2) width 4: " "
      LayoutButton {INPUT} at (0,27) size 95x25 [bgcolor=#C0C0C0] [border: (2px outset #C0C0C0)]
        LayoutBlockFlow (anonymous) at (8,3) size 79x19
          LayoutText {#text} at (0,0) size 79x18
            text run at (0,0) width 79: "Test Button"
      LayoutText {#text} at (95,30) size 4x19
        text run at (95,30) width 4: " "
      LayoutButton {INPUT} at (99,27) size 100x26 [bgcolor=#C0C0C0] [border: (2px outset #C0C0C0)]
        LayoutBlockFlow (anonymous) at (8,3) size 84x20
          LayoutText {#text} at (0,0) size 84x19
            text run at (0,0) width 84: "Test Button"
      LayoutText {#text} at (199,30) size 4x19
        text run at (199,30) width 4: " "
      LayoutButton {INPUT} at (203,25) size 106x28 [bgcolor=#C0C0C0] [border: (2px outset #C0C0C0)]
        LayoutBlockFlow (anonymous) at (8,3) size 90x22
          LayoutText {#text} at (0,0) size 90x21
            text run at (0,0) width 90: "Test Button"
      LayoutText {#text} at (309,30) size 4x19
        text run at (309,30) width 4: " "
      LayoutButton {INPUT} at (313,24) size 113x29 [bgcolor=#C0C0C0] [border: (2px outset #C0C0C0)]
        LayoutBlockFlow (anonymous) at (8,3) size 97x23
          LayoutText {#text} at (0,0) size 97x22
            text run at (0,0) width 97: "Test Button"
      LayoutText {#text} at (426,30) size 4x19
        text run at (426,30) width 4: " "
      LayoutButton {INPUT} at (430,23) size 117x30 [bgcolor=#C0C0C0] [border: (2px outset #C0C0C0)]
        LayoutBlockFlow (anonymous) at (8,3) size 101x24
          LayoutText {#text} at (0,0) size 101x23
            text run at (0,0) width 101: "Test Button"
      LayoutText {#text} at (547,30) size 4x19
        text run at (547,30) width 4: " "
      LayoutButton {INPUT} at (551,23) size 124x31 [bgcolor=#C0C0C0] [border: (2px outset #C0C0C0)]
        LayoutBlockFlow (anonymous) at (8,3) size 108x25
          LayoutText {#text} at (0,0) size 108x24
            text run at (0,0) width 108: "Test Button"
      LayoutText {#text} at (0,0) size 0x0
