layer at (0,0) size 800x600
  LayoutView at (0,0) size 800x600
layer at (0,0) size 800x600
  LayoutBlockFlow {HTML} at (0,0) size 800x600
    LayoutBlockFlow {BODY} at (8,8) size 784x576
      LayoutBlockFlow (anonymous) at (0,0) size 784x20
        LayoutText {#text} at (0,0) size 762x19
          text run at (0,0) width 762: "This tests the height attribute of form elements. The only element that should honour this value is the Image type of input."
      LayoutBlockFlow {FORM} at (0,20) size 784x266
        LayoutText {#text} at (0,1) size 36x19
          text run at (0,1) width 36: "input "
        LayoutTextControl {INPUT} at (36,0) size 181x22 [bgcolor=#FFFFFF] [border: (2px inset #EEEEEE)]
        LayoutText {#text} at (217,1) size 4x19
          text run at (217,1) width 4: " "
        LayoutBR {BR} at (221,16) size 0x0
        LayoutText {#text} at (0,23) size 27x19
          text run at (0,23) width 27: "text "
        LayoutTextControl {INPUT} at (27,22) size 181x22 [bgcolor=#FFFFFF] [border: (2px inset #EEEEEE)]
        LayoutText {#text} at (208,23) size 4x19
          text run at (208,23) width 4: " "
        LayoutBR {BR} at (212,38) size 0x0
        LayoutText {#text} at (0,45) size 65x19
          text run at (0,45) width 65: "checkbox "
        LayoutBlockFlow {INPUT} at (69,47) size 13x13
        LayoutText {#text} at (85,45) size 4x19
          text run at (85,45) width 4: " "
        LayoutBR {BR} at (89,60) size 0x0
        LayoutText {#text} at (0,66) size 24x19
          text run at (0,66) width 24: "file "
        LayoutFileUploadControl {INPUT} at (24,65) size 238x22 "No file chosen"
          LayoutButton {INPUT} at (0,0) size 85x22 [bgcolor=#C0C0C0] [border: (2px outset #C0C0C0)]
            LayoutBlockFlow (anonymous) at (8,3) size 69x16
              LayoutText {#text} at (0,0) size 69x16
                text run at (0,0) width 69: "Choose File"
        LayoutText {#text} at (262,66) size 4x19
          text run at (262,66) width 4: " "
        LayoutBR {BR} at (266,81) size 0x0
        LayoutText {#text} at (0,87) size 42x19
          text run at (0,87) width 42: "image "
        LayoutImage {INPUT} at (42,101) size 10x1
        LayoutText {#text} at (52,87) size 4x19
          text run at (52,87) width 4: " "
        LayoutBR {BR} at (56,102) size 0x0
        LayoutText {#text} at (0,108) size 36x19
          text run at (0,108) width 36: "radio "
        LayoutBlockFlow {INPUT} at (41,110) size 13x13
        LayoutText {#text} at (57,108) size 4x19
          text run at (57,108) width 4: " "
        LayoutBR {BR} at (61,123) size 0x0
        LayoutText {#text} at (0,136) size 39x19
          text run at (0,136) width 39: "range "
        LayoutSlider {INPUT} at (41,130) size 129x21 [color=#9D968E] [bgcolor=#FFFFFF]
          LayoutFlexibleBox {DIV} at (0,0) size 129x21
            LayoutBlockFlow {DIV} at (0,0) size 129x21
              LayoutBlockFlow {DIV} at (59,0) size 11x21
        LayoutText {#text} at (172,136) size 4x19
          text run at (172,136) width 4: " "
        LayoutBR {BR} at (176,151) size 0x0
        LayoutText {#text} at (0,157) size 33x19
          text run at (0,157) width 33: "reset "
        LayoutButton {INPUT} at (33,156) size 50x22 [bgcolor=#C0C0C0] [border: (2px outset #C0C0C0)]
          LayoutBlockFlow (anonymous) at (8,3) size 34x16
            LayoutText {#text} at (0,0) size 34x16
              text run at (0,0) width 34: "Reset"
        LayoutText {#text} at (83,157) size 4x19
          text run at (83,157) width 4: " "
        LayoutBR {BR} at (87,172) size 0x0
        LayoutText {#text} at (0,179) size 46x19
          text run at (0,179) width 46: "submit "
        LayoutButton {INPUT} at (46,178) size 57x22 [bgcolor=#C0C0C0] [border: (2px outset #C0C0C0)]
          LayoutBlockFlow (anonymous) at (8,3) size 41x16
            LayoutText {#text} at (0,0) size 41x16
              text run at (0,0) width 41: "Submit"
        LayoutText {#text} at (103,179) size 4x19
          text run at (103,179) width 4: " "
        LayoutBR {BR} at (107,194) size 0x0
        LayoutText {#text} at (0,201) size 49x19
          text run at (0,201) width 49: "isindex "
        LayoutTextControl {INPUT} at (49,200) size 181x22 [bgcolor=#FFFFFF] [border: (2px inset #EEEEEE)]
        LayoutText {#text} at (230,201) size 4x19
          text run at (230,201) width 4: " "
        LayoutBR {BR} at (234,216) size 0x0
        LayoutText {#text} at (0,223) size 64x19
          text run at (0,223) width 64: "password "
        LayoutTextControl {INPUT} at (64,222) size 181x22 [bgcolor=#FFFFFF] [border: (2px inset #EEEEEE)]
        LayoutText {#text} at (245,223) size 4x19
          text run at (245,223) width 4: " "
        LayoutBR {BR} at (249,238) size 0x0
        LayoutText {#text} at (0,245) size 44x19
          text run at (0,245) width 44: "search "
        LayoutTextControl {INPUT} at (44,244) size 183x22 [bgcolor=#FFFFFF] [border: (2px inset #EEEEEE)]
          LayoutFlexibleBox {DIV} at (3,3) size 177x16
            LayoutBlockFlow {DIV} at (0,0) size 164x16
        LayoutText {#text} at (0,0) size 0x0
layer at (46,31) size 177x16
  LayoutBlockFlow {DIV} at (2,3) size 177x16
layer at (37,53) size 177x16
  LayoutBlockFlow {DIV} at (2,3) size 177x16
layer at (59,231) size 177x16
  LayoutBlockFlow {DIV} at (2,3) size 177x16
layer at (74,253) size 177x16
  LayoutBlockFlow {DIV} at (2,3) size 177x16
layer at (55,275) size 164x16
  LayoutBlockFlow {DIV} at (0,0) size 164x16
layer at (220,279) size 9x9 transparent
  LayoutBlockFlow {DIV} at (165,3.50) size 9x9
