layer at (0,0) size 800x600
  LayoutView at (0,0) size 800x600
layer at (0,0) size 800x600
  LayoutBlockFlow {HTML} at (0,0) size 800x600
    LayoutBlockFlow {BODY} at (8,8) size 784x584
      LayoutBlockFlow (anonymous) at (0,0) size 784x0
        LayoutInline {FONT} at (0,0) size 0x0
          LayoutText {#text} at (0,0) size 0x0
      LayoutBlockFlow {CENTER} at (0,0) size 784x25
        LayoutBlockFlow (anonymous) at (0,0) size 784x0
          LayoutInline {FONT} at (0,0) size 0x0
            LayoutText {#text} at (0,0) size 0x0
        LayoutBlockFlow (anonymous) at (0,0) size 784x25
          LayoutTable {TABLE} at (380.50,0) size 23x25
            LayoutTableSection {TBODY} at (0,0) size 23x25
              LayoutTableRow {TR} at (0,2) size 23x21
                LayoutTableCell {TD} at (2,2) size 19x21 [r=0 c=0 rs=1 cs=1]
                  LayoutImage {INPUT} at (1,1) size 17x19
                  LayoutText {#text} at (0,0) size 0x0
        LayoutBlockFlow (anonymous) at (0,25) size 784x0
          LayoutInline {FONT} at (0,0) size 0x0
          LayoutText {#text} at (0,0) size 0x0
      LayoutBlockFlow {DIV} at (0,25) size 784x40
        LayoutText {#text} at (0,0) size 775x39
          text run at (0,0) width 775: "Success! This test succeeds if the input named mover is not detached from its form when it is moved around in the DOM to"
          text run at (0,20) width 139: "come before the table."
