layer at (0,0) size 800x600
  LayoutView at (0,0) size 800x600
layer at (0,0) size 800x86
  LayoutBlockFlow {HTML} at (0,0) size 800x86
    LayoutBlockFlow {BODY} at (8,8) size 784x70
      LayoutBlockFlow (anonymous) at (0,0) size 784x20
        LayoutText {#text} at (0,0) size 291x19
          text run at (0,0) width 291: "Test passes if caret is visible after text is entered."
      LayoutBlockFlow {DIV} at (0,20) size 784x50 [border: (1px solid #000000)]
        LayoutText {#text} at (1,2) size 38x46
          text run at (1,2) width 38: "ab"
        LayoutInline {SPAN} at (0,0) size 351x46 [color=#BBBBBB]
          LayoutText {#text} at (39,2) size 351x46
            text run at (39,2) width 351: "autocomplete hint text"
caret: position 2 of child 0 {#text} of child 1 {DIV} of body
