layer at (0,0) size 800x600 clip at (0,0) size 785x600 scrollHeight 5166
  LayoutView at (0,0) size 800x600
layer at (0,0) size 785x5166 backgroundClip at (0,0) size 785x600 clip at (0,0) size 785x600
  LayoutBlockFlow {HTML} at (0,0) size 785x5166
    LayoutBlockFlow {BODY} at (8,8) size 769x5142
      LayoutBlockFlow (anonymous) at (0,0) size 769x18
        LayoutText {#text} at (0,0) size 350x18
          text run at (0,0) width 350: "This tests font choices and metrics for the default font."
      LayoutBlockFlow {P} at (0,34) size 769x1692
        LayoutText {#text} at (0,0) size 16x18
          text run at (0,0) width 16: "    "
        LayoutBR {BR} at (16,14) size 0x0
        LayoutText {#text} at (0,18) size 22x18
          text run at (0,18) width 22: "!!!!"
        LayoutBR {BR} at (21,32) size 1x0
        LayoutText {#text} at (0,36) size 27x18
          text run at (0,36) width 27: "\"\"\"\""
        LayoutBR {BR} at (26,50) size 1x0
        LayoutText {#text} at (0,54) size 32x18
          text run at (0,54) width 32: "####"
        LayoutBR {BR} at (32,68) size 0x0
        LayoutText {#text} at (0,72) size 32x18
          text run at (0,72) width 32: "$$$$"
        LayoutBR {BR} at (32,86) size 0x0
        LayoutText {#text} at (0,90) size 54x18
          text run at (0,90) width 54: "%%%%"
        LayoutBR {BR} at (53,104) size 1x0
        LayoutText {#text} at (0,108) size 50x18
          text run at (0,108) width 50: "&&&&"
        LayoutBR {BR} at (49,122) size 1x0
        LayoutText {#text} at (0,126) size 12x18
          text run at (0,126) width 12: "''''"
        LayoutBR {BR} at (11,140) size 1x0
        LayoutText {#text} at (0,144) size 22x18
          text run at (0,144) width 22: "(((("
        LayoutBR {BR} at (21,158) size 1x0
        LayoutText {#text} at (0,162) size 22x18
          text run at (0,162) width 22: "))))"
        LayoutBR {BR} at (21,176) size 1x0
        LayoutText {#text} at (0,180) size 32x18
          text run at (0,180) width 32: "****"
        LayoutBR {BR} at (32,194) size 0x0
        LayoutText {#text} at (0,198) size 37x18
          text run at (0,198) width 37: "++++"
        LayoutBR {BR} at (36,212) size 1x0
        LayoutText {#text} at (0,216) size 16x18
          text run at (0,216) width 16: ",,,,"
        LayoutBR {BR} at (16,230) size 0x0
        LayoutText {#text} at (0,234) size 22x18
          text run at (0,234) width 22: "----"
        LayoutBR {BR} at (21,248) size 1x0
        LayoutText {#text} at (0,252) size 16x18
          text run at (0,252) width 16: "...."
        LayoutBR {BR} at (16,266) size 0x0
        LayoutText {#text} at (0,270) size 18x18
          text run at (0,270) width 18: "////"
        LayoutBR {BR} at (17,284) size 1x0
        LayoutText {#text} at (0,288) size 32x18
          text run at (0,288) width 32: "0000"
        LayoutBR {BR} at (32,302) size 0x0
        LayoutText {#text} at (0,306) size 31x18
          text run at (0,306) width 31: "1111"
        LayoutBR {BR} at (30,320) size 1x0
        LayoutText {#text} at (0,324) size 32x18
          text run at (0,324) width 32: "2222"
        LayoutBR {BR} at (32,338) size 0x0
        LayoutText {#text} at (0,342) size 32x18
          text run at (0,342) width 32: "3333"
        LayoutBR {BR} at (32,356) size 0x0
        LayoutText {#text} at (0,360) size 32x18
          text run at (0,360) width 32: "4444"
        LayoutBR {BR} at (32,374) size 0x0
        LayoutText {#text} at (0,378) size 32x18
          text run at (0,378) width 32: "5555"
        LayoutBR {BR} at (32,392) size 0x0
        LayoutText {#text} at (0,396) size 32x18
          text run at (0,396) width 32: "6666"
        LayoutBR {BR} at (32,410) size 0x0
        LayoutText {#text} at (0,414) size 32x18
          text run at (0,414) width 32: "7777"
        LayoutBR {BR} at (32,428) size 0x0
        LayoutText {#text} at (0,432) size 32x18
          text run at (0,432) width 32: "8888"
        LayoutBR {BR} at (32,446) size 0x0
        LayoutText {#text} at (0,450) size 32x18
          text run at (0,450) width 32: "9999"
        LayoutBR {BR} at (32,464) size 0x0
        LayoutText {#text} at (0,468) size 18x18
          text run at (0,468) width 18: "::::"
        LayoutBR {BR} at (17,482) size 1x0
        LayoutText {#text} at (0,486) size 18x18
          text run at (0,486) width 18: ";;;;"
        LayoutBR {BR} at (17,500) size 1x0
        LayoutText {#text} at (0,504) size 37x18
          text run at (0,504) width 37: "<<<<"
        LayoutBR {BR} at (36,518) size 1x0
        LayoutText {#text} at (0,522) size 37x18
          text run at (0,522) width 37: "===="
        LayoutBR {BR} at (36,536) size 1x0
        LayoutText {#text} at (0,540) size 37x18
          text run at (0,540) width 37: ">>>>"
        LayoutBR {BR} at (36,554) size 1x0
        LayoutText {#text} at (0,558) size 29x18
          text run at (0,558) width 29: "????"
        LayoutBR {BR} at (28,572) size 1x0
        LayoutText {#text} at (0,576) size 59x18
          text run at (0,576) width 59: "@@@@"
        LayoutBR {BR} at (58,590) size 1x0
        LayoutText {#text} at (0,594) size 47x18
          text run at (0,594) width 47: "AAAA"
        LayoutBR {BR} at (46,608) size 1x0
        LayoutText {#text} at (0,612) size 43x18
          text run at (0,612) width 43: "BBBB"
        LayoutBR {BR} at (42,626) size 1x0
        LayoutText {#text} at (0,630) size 43x18
          text run at (0,630) width 43: "CCCC"
        LayoutBR {BR} at (42,644) size 1x0
        LayoutText {#text} at (0,648) size 47x18
          text run at (0,648) width 47: "DDDD"
        LayoutBR {BR} at (46,662) size 1x0
        LayoutText {#text} at (0,666) size 40x18
          text run at (0,666) width 40: "EEEE"
        LayoutBR {BR} at (39,680) size 1x0
        LayoutText {#text} at (0,684) size 36x18
          text run at (0,684) width 36: "FFFF"
        LayoutBR {BR} at (35,698) size 1x0
        LayoutText {#text} at (0,702) size 47x18
          text run at (0,702) width 47: "GGGG"
        LayoutBR {BR} at (46,716) size 1x0
        LayoutText {#text} at (0,720) size 47x18
          text run at (0,720) width 47: "HHHH"
        LayoutBR {BR} at (46,734) size 1x0
        LayoutText {#text} at (0,738) size 22x18
          text run at (0,738) width 22: "IIII"
        LayoutBR {BR} at (21,752) size 1x0
        LayoutText {#text} at (0,756) size 25x18
          text run at (0,756) width 25: "JJJJ"
        LayoutBR {BR} at (24,770) size 1x0
        LayoutText {#text} at (0,774) size 47x18
          text run at (0,774) width 47: "KKKK"
        LayoutBR {BR} at (46,788) size 1x0
        LayoutText {#text} at (0,792) size 40x18
          text run at (0,792) width 40: "LLLL"
        LayoutBR {BR} at (39,806) size 1x0
        LayoutText {#text} at (0,810) size 57x18
          text run at (0,810) width 57: "MMMM"
        LayoutBR {BR} at (56,824) size 1x0
        LayoutText {#text} at (0,828) size 47x18
          text run at (0,828) width 47: "NNNN"
        LayoutBR {BR} at (46,842) size 1x0
        LayoutText {#text} at (0,846) size 47x18
          text run at (0,846) width 47: "OOOO"
        LayoutBR {BR} at (46,860) size 1x0
        LayoutText {#text} at (0,864) size 36x18
          text run at (0,864) width 36: "PPPP"
        LayoutBR {BR} at (35,878) size 1x0
        LayoutText {#text} at (0,882) size 47x18
          text run at (0,882) width 47: "QQQQ"
        LayoutBR {BR} at (46,896) size 1x0
        LayoutText {#text} at (0,900) size 43x18
          text run at (0,900) width 43: "RRRR"
        LayoutBR {BR} at (42,914) size 1x0
        LayoutText {#text} at (0,918) size 36x18
          text run at (0,918) width 36: "SSSS"
        LayoutBR {BR} at (35,932) size 1x0
        LayoutText {#text} at (0,936) size 40x18
          text run at (0,936) width 40: "TTTT"
        LayoutBR {BR} at (39,950) size 1x0
        LayoutText {#text} at (0,954) size 47x18
          text run at (0,954) width 47: "UUUU"
        LayoutBR {BR} at (46,968) size 1x0
        LayoutText {#text} at (0,972) size 47x18
          text run at (0,972) width 47: "VVVV"
        LayoutBR {BR} at (46,986) size 1x0
        LayoutText {#text} at (0,990) size 61x18
          text run at (0,990) width 61: "WWWW"
        LayoutBR {BR} at (60,1004) size 1x0
        LayoutText {#text} at (0,1008) size 47x18
          text run at (0,1008) width 47: "XXXX"
        LayoutBR {BR} at (46,1022) size 1x0
        LayoutText {#text} at (0,1026) size 47x18
          text run at (0,1026) width 47: "YYYY"
        LayoutBR {BR} at (46,1040) size 1x0
        LayoutText {#text} at (0,1044) size 40x18
          text run at (0,1044) width 40: "ZZZZ"
        LayoutBR {BR} at (39,1058) size 1x0
        LayoutText {#text} at (0,1062) size 22x18
          text run at (0,1062) width 22: "[[[["
        LayoutBR {BR} at (21,1076) size 1x0
        LayoutText {#text} at (0,1080) size 18x18
          text run at (0,1080) width 18: "\\\\\\\\"
        LayoutBR {BR} at (17,1094) size 1x0
        LayoutText {#text} at (0,1098) size 22x18
          text run at (0,1098) width 22: "]]]]"
        LayoutBR {BR} at (21,1112) size 1x0
        LayoutText {#text} at (0,1116) size 31x18
          text run at (0,1116) width 31: "^^^^"
        LayoutBR {BR} at (30,1130) size 1x0
        LayoutText {#text} at (0,1134) size 32x18
          text run at (0,1134) width 32: "____"
        LayoutBR {BR} at (32,1148) size 0x0
        LayoutText {#text} at (0,1152) size 22x18
          text run at (0,1152) width 22: "````"
        LayoutBR {BR} at (21,1166) size 1x0
        LayoutText {#text} at (0,1170) size 29x18
          text run at (0,1170) width 29: "aaaa"
        LayoutBR {BR} at (28,1184) size 1x0
        LayoutText {#text} at (0,1188) size 32x18
          text run at (0,1188) width 32: "bbbb"
        LayoutBR {BR} at (32,1202) size 0x0
        LayoutText {#text} at (0,1206) size 29x18
          text run at (0,1206) width 29: "cccc"
        LayoutBR {BR} at (28,1220) size 1x0
        LayoutText {#text} at (0,1224) size 32x18
          text run at (0,1224) width 32: "dddd"
        LayoutBR {BR} at (32,1238) size 0x0
        LayoutText {#text} at (0,1242) size 29x18
          text run at (0,1242) width 29: "eeee"
        LayoutBR {BR} at (28,1256) size 1x0
        LayoutText {#text} at (0,1260) size 21x18
          text run at (0,1260) width 21: "ffff"
        LayoutBR {BR} at (20,1274) size 1x0
        LayoutText {#text} at (0,1278) size 32x18
          text run at (0,1278) width 32: "gggg"
        LayoutBR {BR} at (32,1292) size 0x0
        LayoutText {#text} at (0,1296) size 32x18
          text run at (0,1296) width 32: "hhhh"
        LayoutBR {BR} at (32,1310) size 0x0
        LayoutText {#text} at (0,1314) size 18x18
          text run at (0,1314) width 18: "iiii"
        LayoutBR {BR} at (17,1328) size 1x0
        LayoutText {#text} at (0,1332) size 18x18
          text run at (0,1332) width 18: "jjjj"
        LayoutBR {BR} at (17,1346) size 1x0
        LayoutText {#text} at (0,1350) size 32x18
          text run at (0,1350) width 32: "kkkk"
        LayoutBR {BR} at (32,1364) size 0x0
        LayoutText {#text} at (0,1368) size 18x18
          text run at (0,1368) width 18: "llll"
        LayoutBR {BR} at (17,1382) size 1x0
        LayoutText {#text} at (0,1386) size 50x18
          text run at (0,1386) width 50: "mmmm"
        LayoutBR {BR} at (49,1400) size 1x0
        LayoutText {#text} at (0,1404) size 32x18
          text run at (0,1404) width 32: "nnnn"
        LayoutBR {BR} at (32,1418) size 0x0
        LayoutText {#text} at (0,1422) size 32x18
          text run at (0,1422) width 32: "oooo"
        LayoutBR {BR} at (32,1436) size 0x0
        LayoutText {#text} at (0,1440) size 32x18
          text run at (0,1440) width 32: "pppp"
        LayoutBR {BR} at (32,1454) size 0x0
        LayoutText {#text} at (0,1458) size 32x18
          text run at (0,1458) width 32: "qqqq"
        LayoutBR {BR} at (32,1472) size 0x0
        LayoutText {#text} at (0,1476) size 22x18
          text run at (0,1476) width 22: "rrrr"
        LayoutBR {BR} at (21,1490) size 1x0
        LayoutText {#text} at (0,1494) size 25x18
          text run at (0,1494) width 25: "ssss"
        LayoutBR {BR} at (24,1508) size 1x0
        LayoutText {#text} at (0,1512) size 18x18
          text run at (0,1512) width 18: "tttt"
        LayoutBR {BR} at (17,1526) size 1x0
        LayoutText {#text} at (0,1530) size 32x18
          text run at (0,1530) width 32: "uuuu"
        LayoutBR {BR} at (32,1544) size 0x0
        LayoutText {#text} at (0,1548) size 32x18
          text run at (0,1548) width 32: "vvvv"
        LayoutBR {BR} at (32,1562) size 0x0
        LayoutText {#text} at (0,1566) size 47x18
          text run at (0,1566) width 47: "wwww"
        LayoutBR {BR} at (46,1580) size 1x0
        LayoutText {#text} at (0,1584) size 32x18
          text run at (0,1584) width 32: "xxxx"
        LayoutBR {BR} at (32,1598) size 0x0
        LayoutText {#text} at (0,1602) size 32x18
          text run at (0,1602) width 32: "yyyy"
        LayoutBR {BR} at (32,1616) size 0x0
        LayoutText {#text} at (0,1620) size 29x18
          text run at (0,1620) width 29: "zzzz"
        LayoutBR {BR} at (28,1634) size 1x0
        LayoutText {#text} at (0,1638) size 31x18
          text run at (0,1638) width 31: "{{{{"
        LayoutBR {BR} at (30,1652) size 1x0
        LayoutText {#text} at (0,1656) size 13x18
          text run at (0,1656) width 13: "||||"
        LayoutBR {BR} at (12,1670) size 1x0
        LayoutText {#text} at (0,1674) size 31x18
          text run at (0,1674) width 31: "}}}}"
        LayoutBR {BR} at (30,1688) size 1x0
      LayoutBlockFlow {P} at (0,1742) size 769x1692
        LayoutInline {B} at (0,0) size 64x1692
          LayoutText {#text} at (0,0) size 16x18
            text run at (0,0) width 16: "    "
          LayoutBR {BR} at (16,14) size 0x0
          LayoutText {#text} at (0,18) size 22x18
            text run at (0,18) width 22: "!!!!"
          LayoutBR {BR} at (21,32) size 1x0
          LayoutText {#text} at (0,36) size 36x18
            text run at (0,36) width 36: "\"\"\"\""
          LayoutBR {BR} at (35,50) size 1x0
          LayoutText {#text} at (0,54) size 32x18
            text run at (0,54) width 32: "####"
          LayoutBR {BR} at (32,68) size 0x0
          LayoutText {#text} at (0,72) size 32x18
            text run at (0,72) width 32: "$$$$"
          LayoutBR {BR} at (32,86) size 0x0
          LayoutText {#text} at (0,90) size 64x18
            text run at (0,90) width 64: "%%%%"
          LayoutBR {BR} at (64,104) size 0x0
          LayoutText {#text} at (0,108) size 54x18
            text run at (0,108) width 54: "&&&&"
          LayoutBR {BR} at (53,122) size 1x0
          LayoutText {#text} at (0,126) size 18x18
            text run at (0,126) width 18: "''''"
          LayoutBR {BR} at (17,140) size 1x0
          LayoutText {#text} at (0,144) size 22x18
            text run at (0,144) width 22: "(((("
          LayoutBR {BR} at (21,158) size 1x0
          LayoutText {#text} at (0,162) size 22x18
            text run at (0,162) width 22: "))))"
          LayoutBR {BR} at (21,176) size 1x0
          LayoutText {#text} at (0,180) size 32x18
            text run at (0,180) width 32: "****"
          LayoutBR {BR} at (32,194) size 0x0
          LayoutText {#text} at (0,198) size 37x18
            text run at (0,198) width 37: "++++"
          LayoutBR {BR} at (36,212) size 1x0
          LayoutText {#text} at (0,216) size 16x18
            text run at (0,216) width 16: ",,,,"
          LayoutBR {BR} at (16,230) size 0x0
          LayoutText {#text} at (0,234) size 22x18
            text run at (0,234) width 22: "----"
          LayoutBR {BR} at (21,248) size 1x0
          LayoutText {#text} at (0,252) size 16x18
            text run at (0,252) width 16: "...."
          LayoutBR {BR} at (16,266) size 0x0
          LayoutText {#text} at (0,270) size 18x18
            text run at (0,270) width 18: "////"
          LayoutBR {BR} at (17,284) size 1x0
          LayoutText {#text} at (0,288) size 32x18
            text run at (0,288) width 32: "0000"
          LayoutBR {BR} at (32,302) size 0x0
          LayoutText {#text} at (0,306) size 30x18
            text run at (0,306) width 30: "1111"
          LayoutBR {BR} at (29,320) size 1x0
          LayoutText {#text} at (0,324) size 32x18
            text run at (0,324) width 32: "2222"
          LayoutBR {BR} at (32,338) size 0x0
          LayoutText {#text} at (0,342) size 32x18
            text run at (0,342) width 32: "3333"
          LayoutBR {BR} at (32,356) size 0x0
          LayoutText {#text} at (0,360) size 32x18
            text run at (0,360) width 32: "4444"
          LayoutBR {BR} at (32,374) size 0x0
          LayoutText {#text} at (0,378) size 32x18
            text run at (0,378) width 32: "5555"
          LayoutBR {BR} at (32,392) size 0x0
          LayoutText {#text} at (0,396) size 32x18
            text run at (0,396) width 32: "6666"
          LayoutBR {BR} at (32,410) size 0x0
          LayoutText {#text} at (0,414) size 32x18
            text run at (0,414) width 32: "7777"
          LayoutBR {BR} at (32,428) size 0x0
          LayoutText {#text} at (0,432) size 32x18
            text run at (0,432) width 32: "8888"
          LayoutBR {BR} at (32,446) size 0x0
          LayoutText {#text} at (0,450) size 32x18
            text run at (0,450) width 32: "9999"
          LayoutBR {BR} at (32,464) size 0x0
          LayoutText {#text} at (0,468) size 22x18
            text run at (0,468) width 22: "::::"
          LayoutBR {BR} at (21,482) size 1x0
          LayoutText {#text} at (0,486) size 22x18
            text run at (0,486) width 22: ";;;;"
          LayoutBR {BR} at (21,500) size 1x0
          LayoutText {#text} at (0,504) size 37x18
            text run at (0,504) width 37: "<<<<"
          LayoutBR {BR} at (36,518) size 1x0
          LayoutText {#text} at (0,522) size 37x18
            text run at (0,522) width 37: "===="
          LayoutBR {BR} at (36,536) size 1x0
          LayoutText {#text} at (0,540) size 37x18
            text run at (0,540) width 37: ">>>>"
          LayoutBR {BR} at (36,554) size 1x0
          LayoutText {#text} at (0,558) size 32x18
            text run at (0,558) width 32: "????"
          LayoutBR {BR} at (32,572) size 0x0
          LayoutText {#text} at (0,576) size 60x18
            text run at (0,576) width 60: "@@@@"
          LayoutBR {BR} at (59,590) size 1x0
          LayoutText {#text} at (0,594) size 47x18
            text run at (0,594) width 47: "AAAA"
          LayoutBR {BR} at (46,608) size 1x0
          LayoutText {#text} at (0,612) size 43x18
            text run at (0,612) width 43: "BBBB"
          LayoutBR {BR} at (42,626) size 1x0
          LayoutText {#text} at (0,630) size 47x18
            text run at (0,630) width 47: "CCCC"
          LayoutBR {BR} at (46,644) size 1x0
          LayoutText {#text} at (0,648) size 47x18
            text run at (0,648) width 47: "DDDD"
          LayoutBR {BR} at (46,662) size 1x0
          LayoutText {#text} at (0,666) size 43x18
            text run at (0,666) width 43: "EEEE"
          LayoutBR {BR} at (42,680) size 1x0
          LayoutText {#text} at (0,684) size 40x18
            text run at (0,684) width 40: "FFFF"
          LayoutBR {BR} at (39,698) size 1x0
          LayoutText {#text} at (0,702) size 50x18
            text run at (0,702) width 50: "GGGG"
          LayoutBR {BR} at (49,716) size 1x0
          LayoutText {#text} at (0,720) size 50x18
            text run at (0,720) width 50: "HHHH"
          LayoutBR {BR} at (49,734) size 1x0
          LayoutText {#text} at (0,738) size 25x18
            text run at (0,738) width 25: "IIII"
          LayoutBR {BR} at (24,752) size 1x0
          LayoutText {#text} at (0,756) size 32x18
            text run at (0,756) width 32: "JJJJ"
          LayoutBR {BR} at (32,770) size 0x0
          LayoutText {#text} at (0,774) size 50x18
            text run at (0,774) width 50: "KKKK"
          LayoutBR {BR} at (49,788) size 1x0
          LayoutText {#text} at (0,792) size 43x18
            text run at (0,792) width 43: "LLLL"
          LayoutBR {BR} at (42,806) size 1x0
          LayoutText {#text} at (0,810) size 61x18
            text run at (0,810) width 61: "MMMM"
          LayoutBR {BR} at (60,824) size 1x0
          LayoutText {#text} at (0,828) size 47x18
            text run at (0,828) width 47: "NNNN"
          LayoutBR {BR} at (46,842) size 1x0
          LayoutText {#text} at (0,846) size 50x18
            text run at (0,846) width 50: "OOOO"
          LayoutBR {BR} at (49,860) size 1x0
          LayoutText {#text} at (0,864) size 40x18
            text run at (0,864) width 40: "PPPP"
          LayoutBR {BR} at (39,878) size 1x0
          LayoutText {#text} at (0,882) size 50x18
            text run at (0,882) width 50: "QQQQ"
          LayoutBR {BR} at (49,896) size 1x0
          LayoutText {#text} at (0,900) size 47x18
            text run at (0,900) width 47: "RRRR"
          LayoutBR {BR} at (46,914) size 1x0
          LayoutText {#text} at (0,918) size 36x18
            text run at (0,918) width 36: "SSSS"
          LayoutBR {BR} at (35,932) size 1x0
          LayoutText {#text} at (0,936) size 43x18
            text run at (0,936) width 43: "TTTT"
          LayoutBR {BR} at (42,950) size 1x0
          LayoutText {#text} at (0,954) size 47x18
            text run at (0,954) width 47: "UUUU"
          LayoutBR {BR} at (46,968) size 1x0
          LayoutText {#text} at (0,972) size 47x18
            text run at (0,972) width 47: "VVVV"
          LayoutBR {BR} at (46,986) size 1x0
          LayoutText {#text} at (0,990) size 64x18
            text run at (0,990) width 64: "WWWW"
          LayoutBR {BR} at (64,1004) size 0x0
          LayoutText {#text} at (0,1008) size 47x18
            text run at (0,1008) width 47: "XXXX"
          LayoutBR {BR} at (46,1022) size 1x0
          LayoutText {#text} at (0,1026) size 47x18
            text run at (0,1026) width 47: "YYYY"
          LayoutBR {BR} at (46,1040) size 1x0
          LayoutText {#text} at (0,1044) size 43x18
            text run at (0,1044) width 43: "ZZZZ"
          LayoutBR {BR} at (42,1058) size 1x0
          LayoutText {#text} at (0,1062) size 22x18
            text run at (0,1062) width 22: "[[[["
          LayoutBR {BR} at (21,1076) size 1x0
          LayoutText {#text} at (0,1080) size 18x18
            text run at (0,1080) width 18: "\\\\\\\\"
          LayoutBR {BR} at (17,1094) size 1x0
          LayoutText {#text} at (0,1098) size 22x18
            text run at (0,1098) width 22: "]]]]"
          LayoutBR {BR} at (21,1112) size 1x0
          LayoutText {#text} at (0,1116) size 38x18
            text run at (0,1116) width 38: "^^^^"
          LayoutBR {BR} at (37,1130) size 1x0
          LayoutText {#text} at (0,1134) size 32x18
            text run at (0,1134) width 32: "____"
          LayoutBR {BR} at (32,1148) size 0x0
          LayoutText {#text} at (0,1152) size 22x18
            text run at (0,1152) width 22: "````"
          LayoutBR {BR} at (21,1166) size 1x0
          LayoutText {#text} at (0,1170) size 32x18
            text run at (0,1170) width 32: "aaaa"
          LayoutBR {BR} at (32,1184) size 0x0
          LayoutText {#text} at (0,1188) size 36x18
            text run at (0,1188) width 36: "bbbb"
          LayoutBR {BR} at (35,1202) size 1x0
          LayoutText {#text} at (0,1206) size 29x18
            text run at (0,1206) width 29: "cccc"
          LayoutBR {BR} at (28,1220) size 1x0
          LayoutText {#text} at (0,1224) size 36x18
            text run at (0,1224) width 36: "dddd"
          LayoutBR {BR} at (35,1238) size 1x0
          LayoutText {#text} at (0,1242) size 29x18
            text run at (0,1242) width 29: "eeee"
          LayoutBR {BR} at (28,1256) size 1x0
          LayoutText {#text} at (0,1260) size 22x18
            text run at (0,1260) width 22: "ffff"
          LayoutBR {BR} at (21,1274) size 1x0
          LayoutText {#text} at (0,1278) size 32x18
            text run at (0,1278) width 32: "gggg"
          LayoutBR {BR} at (32,1292) size 0x0
          LayoutText {#text} at (0,1296) size 36x18
            text run at (0,1296) width 36: "hhhh"
          LayoutBR {BR} at (35,1310) size 1x0
          LayoutText {#text} at (0,1314) size 18x18
            text run at (0,1314) width 18: "iiii"
          LayoutBR {BR} at (17,1328) size 1x0
          LayoutText {#text} at (0,1332) size 22x18
            text run at (0,1332) width 22: "jjjj"
          LayoutBR {BR} at (21,1346) size 1x0
          LayoutText {#text} at (0,1350) size 36x18
            text run at (0,1350) width 36: "kkkk"
          LayoutBR {BR} at (35,1364) size 1x0
          LayoutText {#text} at (0,1368) size 18x18
            text run at (0,1368) width 18: "llll"
          LayoutBR {BR} at (17,1382) size 1x0
          LayoutText {#text} at (0,1386) size 54x18
            text run at (0,1386) width 54: "mmmm"
          LayoutBR {BR} at (53,1400) size 1x0
          LayoutText {#text} at (0,1404) size 36x18
            text run at (0,1404) width 36: "nnnn"
          LayoutBR {BR} at (35,1418) size 1x0
          LayoutText {#text} at (0,1422) size 32x18
            text run at (0,1422) width 32: "oooo"
          LayoutBR {BR} at (32,1436) size 0x0
          LayoutText {#text} at (0,1440) size 36x18
            text run at (0,1440) width 36: "pppp"
          LayoutBR {BR} at (35,1454) size 1x0
          LayoutText {#text} at (0,1458) size 36x18
            text run at (0,1458) width 36: "qqqq"
          LayoutBR {BR} at (35,1472) size 1x0
          LayoutText {#text} at (0,1476) size 29x18
            text run at (0,1476) width 29: "rrrr"
          LayoutBR {BR} at (28,1490) size 1x0
          LayoutText {#text} at (0,1494) size 25x18
            text run at (0,1494) width 25: "ssss"
          LayoutBR {BR} at (24,1508) size 1x0
          LayoutText {#text} at (0,1512) size 22x18
            text run at (0,1512) width 22: "tttt"
          LayoutBR {BR} at (21,1526) size 1x0
          LayoutText {#text} at (0,1530) size 36x18
            text run at (0,1530) width 36: "uuuu"
          LayoutBR {BR} at (35,1544) size 1x0
          LayoutText {#text} at (0,1548) size 32x18
            text run at (0,1548) width 32: "vvvv"
          LayoutBR {BR} at (32,1562) size 0x0
          LayoutText {#text} at (0,1566) size 47x18
            text run at (0,1566) width 47: "wwww"
          LayoutBR {BR} at (46,1580) size 1x0
          LayoutText {#text} at (0,1584) size 32x18
            text run at (0,1584) width 32: "xxxx"
          LayoutBR {BR} at (32,1598) size 0x0
          LayoutText {#text} at (0,1602) size 32x18
            text run at (0,1602) width 32: "yyyy"
          LayoutBR {BR} at (32,1616) size 0x0
          LayoutText {#text} at (0,1620) size 29x18
            text run at (0,1620) width 29: "zzzz"
          LayoutBR {BR} at (28,1634) size 1x0
          LayoutText {#text} at (0,1638) size 26x18
            text run at (0,1638) width 26: "{{{{"
          LayoutBR {BR} at (25,1652) size 1x0
          LayoutText {#text} at (0,1656) size 15x18
            text run at (0,1656) width 15: "||||"
          LayoutBR {BR} at (14,1670) size 1x0
          LayoutText {#text} at (0,1674) size 26x18
            text run at (0,1674) width 26: "}}}}"
          LayoutBR {BR} at (25,1688) size 1x0
        LayoutText {#text} at (0,0) size 0x0
      LayoutBlockFlow {P} at (0,3450) size 769x1692
        LayoutInline {I} at (0,0) size 59x1692
          LayoutText {#text} at (0,0) size 16x18
            text run at (0,0) width 16: "    "
          LayoutBR {BR} at (16,14) size 0x0
          LayoutText {#text} at (0,18) size 22x18
            text run at (0,18) width 22: "!!!!"
          LayoutBR {BR} at (21,32) size 1x0
          LayoutText {#text} at (0,36) size 27x18
            text run at (0,36) width 27: "\"\"\"\""
          LayoutBR {BR} at (26,50) size 1x0
          LayoutText {#text} at (0,54) size 32x18
            text run at (0,54) width 32: "####"
          LayoutBR {BR} at (32,68) size 0x0
          LayoutText {#text} at (0,72) size 32x18
            text run at (0,72) width 32: "$$$$"
          LayoutBR {BR} at (32,86) size 0x0
          LayoutText {#text} at (0,90) size 54x18
            text run at (0,90) width 54: "%%%%"
          LayoutBR {BR} at (53,104) size 1x0
          LayoutText {#text} at (0,108) size 50x18
            text run at (0,108) width 50: "&&&&"
          LayoutBR {BR} at (49,122) size 1x0
          LayoutText {#text} at (0,126) size 14x18
            text run at (0,126) width 14: "''''"
          LayoutBR {BR} at (13,140) size 1x0
          LayoutText {#text} at (0,144) size 22x18
            text run at (0,144) width 22: "(((("
          LayoutBR {BR} at (21,158) size 1x0
          LayoutText {#text} at (0,162) size 22x18
            text run at (0,162) width 22: "))))"
          LayoutBR {BR} at (21,176) size 1x0
          LayoutText {#text} at (0,180) size 32x18
            text run at (0,180) width 32: "****"
          LayoutBR {BR} at (32,194) size 0x0
          LayoutText {#text} at (0,198) size 44x18
            text run at (0,198) width 44: "++++"
          LayoutBR {BR} at (43,212) size 1x0
          LayoutText {#text} at (0,216) size 16x18
            text run at (0,216) width 16: ",,,,"
          LayoutBR {BR} at (16,230) size 0x0
          LayoutText {#text} at (0,234) size 22x18
            text run at (0,234) width 22: "----"
          LayoutBR {BR} at (21,248) size 1x0
          LayoutText {#text} at (0,252) size 16x18
            text run at (0,252) width 16: "...."
          LayoutBR {BR} at (16,266) size 0x0
          LayoutText {#text} at (0,270) size 18x18
            text run at (0,270) width 18: "////"
          LayoutBR {BR} at (17,284) size 1x0
          LayoutText {#text} at (0,288) size 32x18
            text run at (0,288) width 32: "0000"
          LayoutBR {BR} at (32,302) size 0x0
          LayoutText {#text} at (0,306) size 29x18
            text run at (0,306) width 29: "1111"
          LayoutBR {BR} at (28,320) size 1x0
          LayoutText {#text} at (0,324) size 32x18
            text run at (0,324) width 32: "2222"
          LayoutBR {BR} at (32,338) size 0x0
          LayoutText {#text} at (0,342) size 32x18
            text run at (0,342) width 32: "3333"
          LayoutBR {BR} at (32,356) size 0x0
          LayoutText {#text} at (0,360) size 32x18
            text run at (0,360) width 32: "4444"
          LayoutBR {BR} at (32,374) size 0x0
          LayoutText {#text} at (0,378) size 32x18
            text run at (0,378) width 32: "5555"
          LayoutBR {BR} at (32,392) size 0x0
          LayoutText {#text} at (0,396) size 32x18
            text run at (0,396) width 32: "6666"
          LayoutBR {BR} at (32,410) size 0x0
          LayoutText {#text} at (0,414) size 32x18
            text run at (0,414) width 32: "7777"
          LayoutBR {BR} at (32,428) size 0x0
          LayoutText {#text} at (0,432) size 32x18
            text run at (0,432) width 32: "8888"
          LayoutBR {BR} at (32,446) size 0x0
          LayoutText {#text} at (0,450) size 32x18
            text run at (0,450) width 32: "9999"
          LayoutBR {BR} at (32,464) size 0x0
          LayoutText {#text} at (0,468) size 22x18
            text run at (0,468) width 22: "::::"
          LayoutBR {BR} at (21,482) size 1x0
          LayoutText {#text} at (0,486) size 22x18
            text run at (0,486) width 22: ";;;;"
          LayoutBR {BR} at (21,500) size 1x0
          LayoutText {#text} at (0,504) size 44x18
            text run at (0,504) width 44: "<<<<"
          LayoutBR {BR} at (43,518) size 1x0
          LayoutText {#text} at (0,522) size 44x18
            text run at (0,522) width 44: "===="
          LayoutBR {BR} at (43,536) size 1x0
          LayoutText {#text} at (0,540) size 44x18
            text run at (0,540) width 44: ">>>>"
          LayoutBR {BR} at (43,554) size 1x0
          LayoutText {#text} at (0,558) size 32x18
            text run at (0,558) width 32: "????"
          LayoutBR {BR} at (32,572) size 0x0
          LayoutText {#text} at (0,576) size 59x18
            text run at (0,576) width 59: "@@@@"
          LayoutBR {BR} at (58,590) size 1x0
          LayoutText {#text} at (0,594) size 40x18
            text run at (0,594) width 40: "AAAA"
          LayoutBR {BR} at (39,608) size 1x0
          LayoutText {#text} at (0,612) size 40x18
            text run at (0,612) width 40: "BBBB"
          LayoutBR {BR} at (39,626) size 1x0
          LayoutText {#text} at (0,630) size 43x18
            text run at (0,630) width 43: "CCCC"
          LayoutBR {BR} at (42,644) size 1x0
          LayoutText {#text} at (0,648) size 47x18
            text run at (0,648) width 47: "DDDD"
          LayoutBR {BR} at (46,662) size 1x0
          LayoutText {#text} at (0,666) size 40x18
            text run at (0,666) width 40: "EEEE"
          LayoutBR {BR} at (39,680) size 1x0
          LayoutText {#text} at (0,684) size 40x18
            text run at (0,684) width 40: "FFFF"
          LayoutBR {BR} at (39,698) size 1x0
          LayoutText {#text} at (0,702) size 47x18
            text run at (0,702) width 47: "GGGG"
          LayoutBR {BR} at (46,716) size 1x0
          LayoutText {#text} at (0,720) size 47x18
            text run at (0,720) width 47: "HHHH"
          LayoutBR {BR} at (46,734) size 1x0
          LayoutText {#text} at (0,738) size 22x18
            text run at (0,738) width 22: "IIII"
          LayoutBR {BR} at (21,752) size 1x0
          LayoutText {#text} at (0,756) size 29x18
            text run at (0,756) width 29: "JJJJ"
          LayoutBR {BR} at (28,770) size 1x0
          LayoutText {#text} at (0,774) size 43x18
            text run at (0,774) width 43: "KKKK"
          LayoutBR {BR} at (42,788) size 1x0
          LayoutText {#text} at (0,792) size 36x18
            text run at (0,792) width 36: "LLLL"
          LayoutBR {BR} at (35,806) size 1x0
          LayoutText {#text} at (0,810) size 54x18
            text run at (0,810) width 54: "MMMM"
          LayoutBR {BR} at (53,824) size 1x0
          LayoutText {#text} at (0,828) size 43x18
            text run at (0,828) width 43: "NNNN"
          LayoutBR {BR} at (42,842) size 1x0
          LayoutText {#text} at (0,846) size 47x18
            text run at (0,846) width 47: "OOOO"
          LayoutBR {BR} at (46,860) size 1x0
          LayoutText {#text} at (0,864) size 40x18
            text run at (0,864) width 40: "PPPP"
          LayoutBR {BR} at (39,878) size 1x0
          LayoutText {#text} at (0,882) size 47x18
            text run at (0,882) width 47: "QQQQ"
          LayoutBR {BR} at (46,896) size 1x0
          LayoutText {#text} at (0,900) size 40x18
            text run at (0,900) width 40: "RRRR"
          LayoutBR {BR} at (39,914) size 1x0
          LayoutText {#text} at (0,918) size 32x18
            text run at (0,918) width 32: "SSSS"
          LayoutBR {BR} at (32,932) size 0x0
          LayoutText {#text} at (0,936) size 36x18
            text run at (0,936) width 36: "TTTT"
          LayoutBR {BR} at (35,950) size 1x0
          LayoutText {#text} at (0,954) size 47x18
            text run at (0,954) width 47: "UUUU"
          LayoutBR {BR} at (46,968) size 1x0
          LayoutText {#text} at (0,972) size 40x18
            text run at (0,972) width 40: "VVVV"
          LayoutBR {BR} at (39,986) size 1x0
          LayoutText {#text} at (0,990) size 54x18
            text run at (0,990) width 54: "WWWW"
          LayoutBR {BR} at (53,1004) size 1x0
          LayoutText {#text} at (0,1008) size 40x18
            text run at (0,1008) width 40: "XXXX"
          LayoutBR {BR} at (39,1022) size 1x0
          LayoutText {#text} at (0,1026) size 36x18
            text run at (0,1026) width 36: "YYYY"
          LayoutBR {BR} at (35,1040) size 1x0
          LayoutText {#text} at (0,1044) size 36x18
            text run at (0,1044) width 36: "ZZZZ"
          LayoutBR {BR} at (35,1058) size 1x0
          LayoutText {#text} at (0,1062) size 25x18
            text run at (0,1062) width 25: "[[[["
          LayoutBR {BR} at (24,1076) size 1x0
          LayoutText {#text} at (0,1080) size 18x18
            text run at (0,1080) width 18: "\\\\\\\\"
          LayoutBR {BR} at (17,1094) size 1x0
          LayoutText {#text} at (0,1098) size 25x18
            text run at (0,1098) width 25: "]]]]"
          LayoutBR {BR} at (24,1112) size 1x0
          LayoutText {#text} at (0,1116) size 27x18
            text run at (0,1116) width 27: "^^^^"
          LayoutBR {BR} at (27,1130) size 0x0
          LayoutText {#text} at (0,1134) size 32x18
            text run at (0,1134) width 32: "____"
          LayoutBR {BR} at (32,1148) size 0x0
          LayoutText {#text} at (0,1152) size 22x18
            text run at (0,1152) width 22: "````"
          LayoutBR {BR} at (21,1166) size 1x0
          LayoutText {#text} at (0,1170) size 32x18
            text run at (0,1170) width 32: "aaaa"
          LayoutBR {BR} at (32,1184) size 0x0
          LayoutText {#text} at (0,1188) size 32x18
            text run at (0,1188) width 32: "bbbb"
          LayoutBR {BR} at (32,1202) size 0x0
          LayoutText {#text} at (0,1206) size 29x18
            text run at (0,1206) width 29: "cccc"
          LayoutBR {BR} at (28,1220) size 1x0
          LayoutText {#text} at (0,1224) size 32x18
            text run at (0,1224) width 32: "dddd"
          LayoutBR {BR} at (32,1238) size 0x0
          LayoutText {#text} at (0,1242) size 29x18
            text run at (0,1242) width 29: "eeee"
          LayoutBR {BR} at (28,1256) size 1x0
          LayoutText {#text} at (0,1260) size 18x18
            text run at (0,1260) width 18: "ffff"
          LayoutBR {BR} at (17,1274) size 1x0
          LayoutText {#text} at (0,1278) size 32x18
            text run at (0,1278) width 32: "gggg"
          LayoutBR {BR} at (32,1292) size 0x0
          LayoutText {#text} at (0,1296) size 32x18
            text run at (0,1296) width 32: "hhhh"
          LayoutBR {BR} at (32,1310) size 0x0
          LayoutText {#text} at (0,1314) size 18x18
            text run at (0,1314) width 18: "iiii"
          LayoutBR {BR} at (17,1328) size 1x0
          LayoutText {#text} at (0,1332) size 18x18
            text run at (0,1332) width 18: "jjjj"
          LayoutBR {BR} at (17,1346) size 1x0
          LayoutText {#text} at (0,1350) size 29x18
            text run at (0,1350) width 29: "kkkk"
          LayoutBR {BR} at (28,1364) size 1x0
          LayoutText {#text} at (0,1368) size 18x18
            text run at (0,1368) width 18: "llll"
          LayoutBR {BR} at (17,1382) size 1x0
          LayoutText {#text} at (0,1386) size 47x18
            text run at (0,1386) width 47: "mmmm"
          LayoutBR {BR} at (46,1400) size 1x0
          LayoutText {#text} at (0,1404) size 32x18
            text run at (0,1404) width 32: "nnnn"
          LayoutBR {BR} at (32,1418) size 0x0
          LayoutText {#text} at (0,1422) size 32x18
            text run at (0,1422) width 32: "oooo"
          LayoutBR {BR} at (32,1436) size 0x0
          LayoutText {#text} at (0,1440) size 32x18
            text run at (0,1440) width 32: "pppp"
          LayoutBR {BR} at (32,1454) size 0x0
          LayoutText {#text} at (0,1458) size 32x18
            text run at (0,1458) width 32: "qqqq"
          LayoutBR {BR} at (32,1472) size 0x0
          LayoutText {#text} at (0,1476) size 25x18
            text run at (0,1476) width 25: "rrrr"
          LayoutBR {BR} at (24,1490) size 1x0
          LayoutText {#text} at (0,1494) size 25x18
            text run at (0,1494) width 25: "ssss"
          LayoutBR {BR} at (24,1508) size 1x0
          LayoutText {#text} at (0,1512) size 18x18
            text run at (0,1512) width 18: "tttt"
          LayoutBR {BR} at (17,1526) size 1x0
          LayoutText {#text} at (0,1530) size 32x18
            text run at (0,1530) width 32: "uuuu"
          LayoutBR {BR} at (32,1544) size 0x0
          LayoutText {#text} at (0,1548) size 29x18
            text run at (0,1548) width 29: "vvvv"
          LayoutBR {BR} at (28,1562) size 1x0
          LayoutText {#text} at (0,1566) size 43x18
            text run at (0,1566) width 43: "wwww"
          LayoutBR {BR} at (42,1580) size 1x0
          LayoutText {#text} at (0,1584) size 29x18
            text run at (0,1584) width 29: "xxxx"
          LayoutBR {BR} at (28,1598) size 1x0
          LayoutText {#text} at (0,1602) size 29x18
            text run at (0,1602) width 29: "yyyy"
          LayoutBR {BR} at (28,1616) size 1x0
          LayoutText {#text} at (0,1620) size 25x18
            text run at (0,1620) width 25: "zzzz"
          LayoutBR {BR} at (24,1634) size 1x0
          LayoutText {#text} at (0,1638) size 26x18
            text run at (0,1638) width 26: "{{{{"
          LayoutBR {BR} at (25,1652) size 1x0
          LayoutText {#text} at (0,1656) size 18x18
            text run at (0,1656) width 18: "||||"
          LayoutBR {BR} at (17,1670) size 1x0
          LayoutText {#text} at (0,1674) size 26x18
            text run at (0,1674) width 26: "}}}}"
          LayoutBR {BR} at (25,1688) size 1x0
        LayoutText {#text} at (0,0) size 0x0
