layer at (0,0) size 800x600 clip at (0,0) size 785x600 scrollHeight 7165
  LayoutView at (0,0) size 800x600
layer at (0,0) size 785x7165 backgroundClip at (0,0) size 785x600 clip at (0,0) size 785x600
  LayoutBlockFlow {HTML} at (0,0) size 785x7165
    LayoutBlockFlow {BODY} at (8,8) size 769x7141
      LayoutBlockFlow (anonymous) at (0,0) size 769x18
        LayoutText {#text} at (0,0) size 352x18
          text run at (0,0) width 352: "This tests font choices and metrics for the fantasy font."
      LayoutBlockFlow {P} at (0,34) size 769x2375
        LayoutInline {FONT} at (0,0) size 59x2375
          LayoutText {#text} at (0,0) size 54x25
            text run at (0,0) width 54: "fantasy"
          LayoutBR {BR} at (53,15) size 1x0
          LayoutText {#text} at (0,25) size 15x25
            text run at (0,25) width 15: "    "
          LayoutBR {BR} at (14,40) size 1x0
          LayoutText {#text} at (0,50) size 17x25
            text run at (0,50) width 17: "!!!!"
          LayoutBR {BR} at (16,65) size 1x0
          LayoutText {#text} at (0,75) size 21x25
            text run at (0,75) width 21: "\"\"\"\""
          LayoutBR {BR} at (20,90) size 1x0
          LayoutText {#text} at (0,100) size 40x25
            text run at (0,100) width 40: "####"
          LayoutBR {BR} at (39,115) size 1x0
          LayoutText {#text} at (0,125) size 35x25
            text run at (0,125) width 35: "$$$$"
          LayoutBR {BR} at (34,140) size 1x0
          LayoutText {#text} at (0,150) size 49x25
            text run at (0,150) width 49: "%%%%"
          LayoutBR {BR} at (48,165) size 1x0
          LayoutText {#text} at (0,175) size 51x25
            text run at (0,175) width 51: "&&&&"
          LayoutBR {BR} at (50,190) size 1x0
          LayoutText {#text} at (0,200) size 13x25
            text run at (0,200) width 13: "''''"
          LayoutBR {BR} at (12,215) size 1x0
          LayoutText {#text} at (0,225) size 28x25
            text run at (0,225) width 28: "(((("
          LayoutBR {BR} at (27,240) size 1x0
          LayoutText {#text} at (0,250) size 28x25
            text run at (0,250) width 28: "))))"
          LayoutBR {BR} at (27,265) size 1x0
          LayoutText {#text} at (0,275) size 25x25
            text run at (0,275) width 25: "****"
          LayoutBR {BR} at (24,290) size 1x0
          LayoutText {#text} at (0,300) size 33x25
            text run at (0,300) width 33: "++++"
          LayoutBR {BR} at (32,315) size 1x0
          LayoutText {#text} at (0,325) size 18x25
            text run at (0,325) width 18: ",,,,"
          LayoutBR {BR} at (17,340) size 1x0
          LayoutText {#text} at (0,350) size 30x25
            text run at (0,350) width 30: "----"
          LayoutBR {BR} at (29,365) size 1x0
          LayoutText {#text} at (0,375) size 18x25
            text run at (0,375) width 18: "...."
          LayoutBR {BR} at (17,390) size 1x0
          LayoutText {#text} at (0,400) size 34x25
            text run at (0,400) width 34: "////"
          LayoutBR {BR} at (33,415) size 1x0
          LayoutText {#text} at (0,425) size 43x25
            text run at (0,425) width 43: "0000"
          LayoutBR {BR} at (42,440) size 1x0
          LayoutText {#text} at (0,450) size 17x25
            text run at (0,450) width 17: "1111"
          LayoutBR {BR} at (16,465) size 1x0
          LayoutText {#text} at (0,475) size 33x25
            text run at (0,475) width 33: "2222"
          LayoutBR {BR} at (32,490) size 1x0
          LayoutText {#text} at (0,500) size 31x25
            text run at (0,500) width 31: "3333"
          LayoutBR {BR} at (30,515) size 1x0
          LayoutText {#text} at (0,525) size 43x25
            text run at (0,525) width 43: "4444"
          LayoutBR {BR} at (42,540) size 1x0
          LayoutText {#text} at (0,550) size 32x25
            text run at (0,550) width 32: "5555"
          LayoutBR {BR} at (31,565) size 1x0
          LayoutText {#text} at (0,575) size 34x25
            text run at (0,575) width 34: "6666"
          LayoutBR {BR} at (33,590) size 1x0
          LayoutText {#text} at (0,600) size 30x25
            text run at (0,600) width 30: "7777"
          LayoutBR {BR} at (29,615) size 1x0
          LayoutText {#text} at (0,625) size 32x25
            text run at (0,625) width 32: "8888"
          LayoutBR {BR} at (31,640) size 1x0
          LayoutText {#text} at (0,650) size 34x25
            text run at (0,650) width 34: "9999"
          LayoutBR {BR} at (33,665) size 1x0
          LayoutText {#text} at (0,675) size 18x25
            text run at (0,675) width 18: "::::"
          LayoutBR {BR} at (17,690) size 1x0
          LayoutText {#text} at (0,700) size 18x25
            text run at (0,700) width 18: ";;;;"
          LayoutBR {BR} at (17,715) size 1x0
          LayoutText {#text} at (0,725) size 36x25
            text run at (0,725) width 36: "<<<<"
          LayoutBR {BR} at (35,740) size 1x0
          LayoutText {#text} at (0,750) size 30x25
            text run at (0,750) width 30: "===="
          LayoutBR {BR} at (29,765) size 1x0
          LayoutText {#text} at (0,775) size 36x25
            text run at (0,775) width 36: ">>>>"
          LayoutBR {BR} at (35,790) size 1x0
          LayoutText {#text} at (0,800) size 31x25
            text run at (0,800) width 31: "????"
          LayoutBR {BR} at (30,815) size 1x0
          LayoutText {#text} at (0,825) size 39x25
            text run at (0,825) width 39: "@@@@"
          LayoutBR {BR} at (38,840) size 1x0
          LayoutText {#text} at (0,850) size 47x25
            text run at (0,850) width 47: "AAAA"
          LayoutBR {BR} at (46,865) size 1x0
          LayoutText {#text} at (0,875) size 47x25
            text run at (0,875) width 47: "BBBB"
          LayoutBR {BR} at (46,890) size 1x0
          LayoutText {#text} at (0,900) size 45x25
            text run at (0,900) width 45: "CCCC"
          LayoutBR {BR} at (44,915) size 1x0
          LayoutText {#text} at (0,925) size 53x25
            text run at (0,925) width 53: "DDDD"
          LayoutBR {BR} at (52,940) size 1x0
          LayoutText {#text} at (0,950) size 47x25
            text run at (0,950) width 47: "EEEE"
          LayoutBR {BR} at (46,965) size 1x0
          LayoutText {#text} at (0,975) size 40x25
            text run at (0,975) width 40: "FFFF"
          LayoutBR {BR} at (39,990) size 1x0
          LayoutText {#text} at (0,1000) size 48x25
            text run at (0,1000) width 48: "GGGG"
          LayoutBR {BR} at (47,1015) size 1x0
          LayoutText {#text} at (0,1025) size 49x25
            text run at (0,1025) width 49: "HHHH"
          LayoutBR {BR} at (48,1040) size 1x0
          LayoutText {#text} at (0,1050) size 16x25
            text run at (0,1050) width 16: "IIII"
          LayoutBR {BR} at (15,1065) size 1x0
          LayoutText {#text} at (0,1075) size 35x25
            text run at (0,1075) width 35: "JJJJ"
          LayoutBR {BR} at (34,1090) size 1x0
          LayoutText {#text} at (0,1100) size 46x25
            text run at (0,1100) width 46: "KKKK"
          LayoutBR {BR} at (45,1115) size 1x0
          LayoutText {#text} at (0,1125) size 39x25
            text run at (0,1125) width 39: "LLLL"
          LayoutBR {BR} at (38,1140) size 1x0
          LayoutText {#text} at (0,1150) size 56x25
            text run at (0,1150) width 56: "MMMM"
          LayoutBR {BR} at (55,1165) size 1x0
          LayoutText {#text} at (0,1175) size 42x25
            text run at (0,1175) width 42: "NNNN"
          LayoutBR {BR} at (41,1190) size 1x0
          LayoutText {#text} at (0,1200) size 59x25
            text run at (0,1200) width 59: "OOOO"
          LayoutBR {BR} at (58,1215) size 1x0
          LayoutText {#text} at (0,1225) size 42x25
            text run at (0,1225) width 42: "PPPP"
          LayoutBR {BR} at (41,1240) size 1x0
          LayoutText {#text} at (0,1250) size 59x25
            text run at (0,1250) width 59: "QQQQ"
          LayoutBR {BR} at (58,1265) size 1x0
          LayoutText {#text} at (0,1275) size 43x25
            text run at (0,1275) width 43: "RRRR"
          LayoutBR {BR} at (42,1290) size 1x0
          LayoutText {#text} at (0,1300) size 42x25
            text run at (0,1300) width 42: "SSSS"
          LayoutBR {BR} at (41,1315) size 1x0
          LayoutText {#text} at (0,1325) size 45x25
            text run at (0,1325) width 45: "TTTT"
          LayoutBR {BR} at (44,1340) size 1x0
          LayoutText {#text} at (0,1350) size 52x25
            text run at (0,1350) width 52: "UUUU"
          LayoutBR {BR} at (51,1365) size 1x0
          LayoutText {#text} at (0,1375) size 38x25
            text run at (0,1375) width 38: "VVVV"
          LayoutBR {BR} at (37,1390) size 1x0
          LayoutText {#text} at (0,1400) size 51x25
            text run at (0,1400) width 51: "WWWW"
          LayoutBR {BR} at (50,1415) size 1x0
          LayoutText {#text} at (0,1425) size 42x25
            text run at (0,1425) width 42: "XXXX"
          LayoutBR {BR} at (41,1440) size 1x0
          LayoutText {#text} at (0,1450) size 41x25
            text run at (0,1450) width 41: "YYYY"
          LayoutBR {BR} at (40,1465) size 1x0
          LayoutText {#text} at (0,1475) size 43x25
            text run at (0,1475) width 43: "ZZZZ"
          LayoutBR {BR} at (42,1490) size 1x0
          LayoutText {#text} at (0,1500) size 28x25
            text run at (0,1500) width 28: "[[[["
          LayoutBR {BR} at (27,1515) size 1x0
          LayoutText {#text} at (0,1525) size 34x25
            text run at (0,1525) width 34: "\\\\\\\\"
          LayoutBR {BR} at (33,1540) size 1x0
          LayoutText {#text} at (0,1550) size 28x25
            text run at (0,1550) width 28: "]]]]"
          LayoutBR {BR} at (27,1565) size 1x0
          LayoutText {#text} at (0,1575) size 34x25
            text run at (0,1575) width 34: "^^^^"
          LayoutBR {BR} at (33,1590) size 1x0
          LayoutText {#text} at (0,1600) size 32x25
            text run at (0,1600) width 32: "____"
          LayoutBR {BR} at (32,1615) size 0x0
          LayoutText {#text} at (0,1625) size 19x25
            text run at (0,1625) width 19: "````"
          LayoutBR {BR} at (18,1640) size 1x0
          LayoutText {#text} at (0,1650) size 35x25
            text run at (0,1650) width 35: "aaaa"
          LayoutBR {BR} at (34,1665) size 1x0
          LayoutText {#text} at (0,1675) size 39x25
            text run at (0,1675) width 39: "bbbb"
          LayoutBR {BR} at (38,1690) size 1x0
          LayoutText {#text} at (0,1700) size 32x25
            text run at (0,1700) width 32: "cccc"
          LayoutBR {BR} at (31,1715) size 1x0
          LayoutText {#text} at (0,1725) size 39x25
            text run at (0,1725) width 39: "dddd"
          LayoutBR {BR} at (38,1740) size 1x0
          LayoutText {#text} at (0,1750) size 34x25
            text run at (0,1750) width 34: "eeee"
          LayoutBR {BR} at (33,1765) size 1x0
          LayoutText {#text} at (0,1775) size 26x25
            text run at (0,1775) width 26: "ffff"
          LayoutBR {BR} at (25,1790) size 1x0
          LayoutText {#text} at (0,1800) size 35x25
            text run at (0,1800) width 35: "gggg"
          LayoutBR {BR} at (34,1815) size 1x0
          LayoutText {#text} at (0,1825) size 37x25
            text run at (0,1825) width 37: "hhhh"
          LayoutBR {BR} at (36,1840) size 1x0
          LayoutText {#text} at (0,1850) size 14x25
            text run at (0,1850) width 14: "iiii"
          LayoutBR {BR} at (13,1865) size 1x0
          LayoutText {#text} at (0,1875) size 14x25
            text run at (0,1875) width 14: "jjjj"
          LayoutBR {BR} at (13,1890) size 1x0
          LayoutText {#text} at (0,1900) size 36x25
            text run at (0,1900) width 36: "kkkk"
          LayoutBR {BR} at (35,1915) size 1x0
          LayoutText {#text} at (0,1925) size 15x25
            text run at (0,1925) width 15: "llll"
          LayoutBR {BR} at (14,1940) size 1x0
          LayoutText {#text} at (0,1950) size 46x25
            text run at (0,1950) width 46: "mmmm"
          LayoutBR {BR} at (45,1965) size 1x0
          LayoutText {#text} at (0,1975) size 36x25
            text run at (0,1975) width 36: "nnnn"
          LayoutBR {BR} at (35,1990) size 1x0
          LayoutText {#text} at (0,2000) size 39x25
            text run at (0,2000) width 39: "oooo"
          LayoutBR {BR} at (38,2015) size 1x0
          LayoutText {#text} at (0,2025) size 40x25
            text run at (0,2025) width 40: "pppp"
          LayoutBR {BR} at (39,2040) size 1x0
          LayoutText {#text} at (0,2050) size 37x25
            text run at (0,2050) width 37: "qqqq"
          LayoutBR {BR} at (36,2065) size 1x0
          LayoutText {#text} at (0,2075) size 25x25
            text run at (0,2075) width 25: "rrrr"
          LayoutBR {BR} at (24,2090) size 1x0
          LayoutText {#text} at (0,2100) size 31x25
            text run at (0,2100) width 31: "ssss"
          LayoutBR {BR} at (30,2115) size 1x0
          LayoutText {#text} at (0,2125) size 24x25
            text run at (0,2125) width 24: "tttt"
          LayoutBR {BR} at (23,2140) size 1x0
          LayoutText {#text} at (0,2150) size 36x25
            text run at (0,2150) width 36: "uuuu"
          LayoutBR {BR} at (35,2165) size 1x0
          LayoutText {#text} at (0,2175) size 29x25
            text run at (0,2175) width 29: "vvvv"
          LayoutBR {BR} at (28,2190) size 1x0
          LayoutText {#text} at (0,2200) size 42x25
            text run at (0,2200) width 42: "wwww"
          LayoutBR {BR} at (41,2215) size 1x0
          LayoutText {#text} at (0,2225) size 32x25
            text run at (0,2225) width 32: "xxxx"
          LayoutBR {BR} at (31,2240) size 1x0
          LayoutText {#text} at (0,2250) size 35x25
            text run at (0,2250) width 35: "yyyy"
          LayoutBR {BR} at (34,2265) size 1x0
          LayoutText {#text} at (0,2275) size 29x25
            text run at (0,2275) width 29: "zzzz"
          LayoutBR {BR} at (28,2290) size 1x0
          LayoutText {#text} at (0,2300) size 17x25
            text run at (0,2300) width 17: "{{{{"
          LayoutBR {BR} at (16,2315) size 1x0
          LayoutText {#text} at (0,2325) size 15x25
            text run at (0,2325) width 15: "||||"
          LayoutBR {BR} at (14,2340) size 1x0
          LayoutText {#text} at (0,2350) size 17x25
            text run at (0,2350) width 17: "}}}}"
          LayoutBR {BR} at (16,2365) size 1x0
      LayoutBlockFlow {P} at (0,2425) size 769x2350
        LayoutInline {FONT} at (0,0) size 59x2350
          LayoutText {#text} at (0,0) size 0x0
          LayoutInline {B} at (0,0) size 59x2350
            LayoutText {#text} at (0,0) size 15x25
              text run at (0,0) width 15: "    "
            LayoutBR {BR} at (14,15) size 1x0
            LayoutText {#text} at (0,25) size 17x25
              text run at (0,25) width 17: "!!!!"
            LayoutBR {BR} at (16,40) size 1x0
            LayoutText {#text} at (0,50) size 21x25
              text run at (0,50) width 21: "\"\"\"\""
            LayoutBR {BR} at (20,65) size 1x0
            LayoutText {#text} at (0,75) size 40x25
              text run at (0,75) width 40: "####"
            LayoutBR {BR} at (39,90) size 1x0
            LayoutText {#text} at (0,100) size 35x25
              text run at (0,100) width 35: "$$$$"
            LayoutBR {BR} at (34,115) size 1x0
            LayoutText {#text} at (0,125) size 49x25
              text run at (0,125) width 49: "%%%%"
            LayoutBR {BR} at (48,140) size 1x0
            LayoutText {#text} at (0,150) size 51x25
              text run at (0,150) width 51: "&&&&"
            LayoutBR {BR} at (50,165) size 1x0
            LayoutText {#text} at (0,175) size 13x25
              text run at (0,175) width 13: "''''"
            LayoutBR {BR} at (12,190) size 1x0
            LayoutText {#text} at (0,200) size 28x25
              text run at (0,200) width 28: "(((("
            LayoutBR {BR} at (27,215) size 1x0
            LayoutText {#text} at (0,225) size 28x25
              text run at (0,225) width 28: "))))"
            LayoutBR {BR} at (27,240) size 1x0
            LayoutText {#text} at (0,250) size 25x25
              text run at (0,250) width 25: "****"
            LayoutBR {BR} at (24,265) size 1x0
            LayoutText {#text} at (0,275) size 33x25
              text run at (0,275) width 33: "++++"
            LayoutBR {BR} at (32,290) size 1x0
            LayoutText {#text} at (0,300) size 18x25
              text run at (0,300) width 18: ",,,,"
            LayoutBR {BR} at (17,315) size 1x0
            LayoutText {#text} at (0,325) size 30x25
              text run at (0,325) width 30: "----"
            LayoutBR {BR} at (29,340) size 1x0
            LayoutText {#text} at (0,350) size 18x25
              text run at (0,350) width 18: "...."
            LayoutBR {BR} at (17,365) size 1x0
            LayoutText {#text} at (0,375) size 34x25
              text run at (0,375) width 34: "////"
            LayoutBR {BR} at (33,390) size 1x0
            LayoutText {#text} at (0,400) size 43x25
              text run at (0,400) width 43: "0000"
            LayoutBR {BR} at (42,415) size 1x0
            LayoutText {#text} at (0,425) size 17x25
              text run at (0,425) width 17: "1111"
            LayoutBR {BR} at (16,440) size 1x0
            LayoutText {#text} at (0,450) size 33x25
              text run at (0,450) width 33: "2222"
            LayoutBR {BR} at (32,465) size 1x0
            LayoutText {#text} at (0,475) size 31x25
              text run at (0,475) width 31: "3333"
            LayoutBR {BR} at (30,490) size 1x0
            LayoutText {#text} at (0,500) size 43x25
              text run at (0,500) width 43: "4444"
            LayoutBR {BR} at (42,515) size 1x0
            LayoutText {#text} at (0,525) size 32x25
              text run at (0,525) width 32: "5555"
            LayoutBR {BR} at (31,540) size 1x0
            LayoutText {#text} at (0,550) size 34x25
              text run at (0,550) width 34: "6666"
            LayoutBR {BR} at (33,565) size 1x0
            LayoutText {#text} at (0,575) size 30x25
              text run at (0,575) width 30: "7777"
            LayoutBR {BR} at (29,590) size 1x0
            LayoutText {#text} at (0,600) size 32x25
              text run at (0,600) width 32: "8888"
            LayoutBR {BR} at (31,615) size 1x0
            LayoutText {#text} at (0,625) size 34x25
              text run at (0,625) width 34: "9999"
            LayoutBR {BR} at (33,640) size 1x0
            LayoutText {#text} at (0,650) size 18x25
              text run at (0,650) width 18: "::::"
            LayoutBR {BR} at (17,665) size 1x0
            LayoutText {#text} at (0,675) size 18x25
              text run at (0,675) width 18: ";;;;"
            LayoutBR {BR} at (17,690) size 1x0
            LayoutText {#text} at (0,700) size 36x25
              text run at (0,700) width 36: "<<<<"
            LayoutBR {BR} at (35,715) size 1x0
            LayoutText {#text} at (0,725) size 30x25
              text run at (0,725) width 30: "===="
            LayoutBR {BR} at (29,740) size 1x0
            LayoutText {#text} at (0,750) size 36x25
              text run at (0,750) width 36: ">>>>"
            LayoutBR {BR} at (35,765) size 1x0
            LayoutText {#text} at (0,775) size 31x25
              text run at (0,775) width 31: "????"
            LayoutBR {BR} at (30,790) size 1x0
            LayoutText {#text} at (0,800) size 39x25
              text run at (0,800) width 39: "@@@@"
            LayoutBR {BR} at (38,815) size 1x0
            LayoutText {#text} at (0,825) size 47x25
              text run at (0,825) width 47: "AAAA"
            LayoutBR {BR} at (46,840) size 1x0
            LayoutText {#text} at (0,850) size 47x25
              text run at (0,850) width 47: "BBBB"
            LayoutBR {BR} at (46,865) size 1x0
            LayoutText {#text} at (0,875) size 45x25
              text run at (0,875) width 45: "CCCC"
            LayoutBR {BR} at (44,890) size 1x0
            LayoutText {#text} at (0,900) size 53x25
              text run at (0,900) width 53: "DDDD"
            LayoutBR {BR} at (52,915) size 1x0
            LayoutText {#text} at (0,925) size 47x25
              text run at (0,925) width 47: "EEEE"
            LayoutBR {BR} at (46,940) size 1x0
            LayoutText {#text} at (0,950) size 40x25
              text run at (0,950) width 40: "FFFF"
            LayoutBR {BR} at (39,965) size 1x0
            LayoutText {#text} at (0,975) size 48x25
              text run at (0,975) width 48: "GGGG"
            LayoutBR {BR} at (47,990) size 1x0
            LayoutText {#text} at (0,1000) size 49x25
              text run at (0,1000) width 49: "HHHH"
            LayoutBR {BR} at (48,1015) size 1x0
            LayoutText {#text} at (0,1025) size 16x25
              text run at (0,1025) width 16: "IIII"
            LayoutBR {BR} at (15,1040) size 1x0
            LayoutText {#text} at (0,1050) size 35x25
              text run at (0,1050) width 35: "JJJJ"
            LayoutBR {BR} at (34,1065) size 1x0
            LayoutText {#text} at (0,1075) size 46x25
              text run at (0,1075) width 46: "KKKK"
            LayoutBR {BR} at (45,1090) size 1x0
            LayoutText {#text} at (0,1100) size 39x25
              text run at (0,1100) width 39: "LLLL"
            LayoutBR {BR} at (38,1115) size 1x0
            LayoutText {#text} at (0,1125) size 56x25
              text run at (0,1125) width 56: "MMMM"
            LayoutBR {BR} at (55,1140) size 1x0
            LayoutText {#text} at (0,1150) size 42x25
              text run at (0,1150) width 42: "NNNN"
            LayoutBR {BR} at (41,1165) size 1x0
            LayoutText {#text} at (0,1175) size 59x25
              text run at (0,1175) width 59: "OOOO"
            LayoutBR {BR} at (58,1190) size 1x0
            LayoutText {#text} at (0,1200) size 42x25
              text run at (0,1200) width 42: "PPPP"
            LayoutBR {BR} at (41,1215) size 1x0
            LayoutText {#text} at (0,1225) size 59x25
              text run at (0,1225) width 59: "QQQQ"
            LayoutBR {BR} at (58,1240) size 1x0
            LayoutText {#text} at (0,1250) size 43x25
              text run at (0,1250) width 43: "RRRR"
            LayoutBR {BR} at (42,1265) size 1x0
            LayoutText {#text} at (0,1275) size 42x25
              text run at (0,1275) width 42: "SSSS"
            LayoutBR {BR} at (41,1290) size 1x0
            LayoutText {#text} at (0,1300) size 45x25
              text run at (0,1300) width 45: "TTTT"
            LayoutBR {BR} at (44,1315) size 1x0
            LayoutText {#text} at (0,1325) size 52x25
              text run at (0,1325) width 52: "UUUU"
            LayoutBR {BR} at (51,1340) size 1x0
            LayoutText {#text} at (0,1350) size 38x25
              text run at (0,1350) width 38: "VVVV"
            LayoutBR {BR} at (37,1365) size 1x0
            LayoutText {#text} at (0,1375) size 51x25
              text run at (0,1375) width 51: "WWWW"
            LayoutBR {BR} at (50,1390) size 1x0
            LayoutText {#text} at (0,1400) size 42x25
              text run at (0,1400) width 42: "XXXX"
            LayoutBR {BR} at (41,1415) size 1x0
            LayoutText {#text} at (0,1425) size 41x25
              text run at (0,1425) width 41: "YYYY"
            LayoutBR {BR} at (40,1440) size 1x0
            LayoutText {#text} at (0,1450) size 43x25
              text run at (0,1450) width 43: "ZZZZ"
            LayoutBR {BR} at (42,1465) size 1x0
            LayoutText {#text} at (0,1475) size 28x25
              text run at (0,1475) width 28: "[[[["
            LayoutBR {BR} at (27,1490) size 1x0
            LayoutText {#text} at (0,1500) size 34x25
              text run at (0,1500) width 34: "\\\\\\\\"
            LayoutBR {BR} at (33,1515) size 1x0
            LayoutText {#text} at (0,1525) size 28x25
              text run at (0,1525) width 28: "]]]]"
            LayoutBR {BR} at (27,1540) size 1x0
            LayoutText {#text} at (0,1550) size 34x25
              text run at (0,1550) width 34: "^^^^"
            LayoutBR {BR} at (33,1565) size 1x0
            LayoutText {#text} at (0,1575) size 32x25
              text run at (0,1575) width 32: "____"
            LayoutBR {BR} at (32,1590) size 0x0
            LayoutText {#text} at (0,1600) size 19x25
              text run at (0,1600) width 19: "````"
            LayoutBR {BR} at (18,1615) size 1x0
            LayoutText {#text} at (0,1625) size 35x25
              text run at (0,1625) width 35: "aaaa"
            LayoutBR {BR} at (34,1640) size 1x0
            LayoutText {#text} at (0,1650) size 39x25
              text run at (0,1650) width 39: "bbbb"
            LayoutBR {BR} at (38,1665) size 1x0
            LayoutText {#text} at (0,1675) size 32x25
              text run at (0,1675) width 32: "cccc"
            LayoutBR {BR} at (31,1690) size 1x0
            LayoutText {#text} at (0,1700) size 39x25
              text run at (0,1700) width 39: "dddd"
            LayoutBR {BR} at (38,1715) size 1x0
            LayoutText {#text} at (0,1725) size 34x25
              text run at (0,1725) width 34: "eeee"
            LayoutBR {BR} at (33,1740) size 1x0
            LayoutText {#text} at (0,1750) size 26x25
              text run at (0,1750) width 26: "ffff"
            LayoutBR {BR} at (25,1765) size 1x0
            LayoutText {#text} at (0,1775) size 35x25
              text run at (0,1775) width 35: "gggg"
            LayoutBR {BR} at (34,1790) size 1x0
            LayoutText {#text} at (0,1800) size 37x25
              text run at (0,1800) width 37: "hhhh"
            LayoutBR {BR} at (36,1815) size 1x0
            LayoutText {#text} at (0,1825) size 14x25
              text run at (0,1825) width 14: "iiii"
            LayoutBR {BR} at (13,1840) size 1x0
            LayoutText {#text} at (0,1850) size 14x25
              text run at (0,1850) width 14: "jjjj"
            LayoutBR {BR} at (13,1865) size 1x0
            LayoutText {#text} at (0,1875) size 36x25
              text run at (0,1875) width 36: "kkkk"
            LayoutBR {BR} at (35,1890) size 1x0
            LayoutText {#text} at (0,1900) size 15x25
              text run at (0,1900) width 15: "llll"
            LayoutBR {BR} at (14,1915) size 1x0
            LayoutText {#text} at (0,1925) size 46x25
              text run at (0,1925) width 46: "mmmm"
            LayoutBR {BR} at (45,1940) size 1x0
            LayoutText {#text} at (0,1950) size 36x25
              text run at (0,1950) width 36: "nnnn"
            LayoutBR {BR} at (35,1965) size 1x0
            LayoutText {#text} at (0,1975) size 39x25
              text run at (0,1975) width 39: "oooo"
            LayoutBR {BR} at (38,1990) size 1x0
            LayoutText {#text} at (0,2000) size 40x25
              text run at (0,2000) width 40: "pppp"
            LayoutBR {BR} at (39,2015) size 1x0
            LayoutText {#text} at (0,2025) size 37x25
              text run at (0,2025) width 37: "qqqq"
            LayoutBR {BR} at (36,2040) size 1x0
            LayoutText {#text} at (0,2050) size 25x25
              text run at (0,2050) width 25: "rrrr"
            LayoutBR {BR} at (24,2065) size 1x0
            LayoutText {#text} at (0,2075) size 31x25
              text run at (0,2075) width 31: "ssss"
            LayoutBR {BR} at (30,2090) size 1x0
            LayoutText {#text} at (0,2100) size 24x25
              text run at (0,2100) width 24: "tttt"
            LayoutBR {BR} at (23,2115) size 1x0
            LayoutText {#text} at (0,2125) size 36x25
              text run at (0,2125) width 36: "uuuu"
            LayoutBR {BR} at (35,2140) size 1x0
            LayoutText {#text} at (0,2150) size 29x25
              text run at (0,2150) width 29: "vvvv"
            LayoutBR {BR} at (28,2165) size 1x0
            LayoutText {#text} at (0,2175) size 42x25
              text run at (0,2175) width 42: "wwww"
            LayoutBR {BR} at (41,2190) size 1x0
            LayoutText {#text} at (0,2200) size 32x25
              text run at (0,2200) width 32: "xxxx"
            LayoutBR {BR} at (31,2215) size 1x0
            LayoutText {#text} at (0,2225) size 35x25
              text run at (0,2225) width 35: "yyyy"
            LayoutBR {BR} at (34,2240) size 1x0
            LayoutText {#text} at (0,2250) size 29x25
              text run at (0,2250) width 29: "zzzz"
            LayoutBR {BR} at (28,2265) size 1x0
            LayoutText {#text} at (0,2275) size 17x25
              text run at (0,2275) width 17: "{{{{"
            LayoutBR {BR} at (16,2290) size 1x0
            LayoutText {#text} at (0,2300) size 15x25
              text run at (0,2300) width 15: "||||"
            LayoutBR {BR} at (14,2315) size 1x0
            LayoutText {#text} at (0,2325) size 17x25
              text run at (0,2325) width 17: "}}}}"
            LayoutBR {BR} at (16,2340) size 1x0
          LayoutText {#text} at (0,0) size 0x0
      LayoutBlockFlow {P} at (0,4791) size 769x2350
        LayoutInline {FONT} at (0,0) size 59x2350
          LayoutText {#text} at (0,0) size 0x0
          LayoutInline {I} at (0,0) size 59x2350
            LayoutText {#text} at (0,0) size 15x25
              text run at (0,0) width 15: "    "
            LayoutBR {BR} at (14,15) size 1x0
            LayoutText {#text} at (0,25) size 17x25
              text run at (0,25) width 17: "!!!!"
            LayoutBR {BR} at (16,40) size 1x0
            LayoutText {#text} at (0,50) size 21x25
              text run at (0,50) width 21: "\"\"\"\""
            LayoutBR {BR} at (20,65) size 1x0
            LayoutText {#text} at (0,75) size 40x25
              text run at (0,75) width 40: "####"
            LayoutBR {BR} at (39,90) size 1x0
            LayoutText {#text} at (0,100) size 35x25
              text run at (0,100) width 35: "$$$$"
            LayoutBR {BR} at (34,115) size 1x0
            LayoutText {#text} at (0,125) size 49x25
              text run at (0,125) width 49: "%%%%"
            LayoutBR {BR} at (48,140) size 1x0
            LayoutText {#text} at (0,150) size 51x25
              text run at (0,150) width 51: "&&&&"
            LayoutBR {BR} at (50,165) size 1x0
            LayoutText {#text} at (0,175) size 13x25
              text run at (0,175) width 13: "''''"
            LayoutBR {BR} at (12,190) size 1x0
            LayoutText {#text} at (0,200) size 28x25
              text run at (0,200) width 28: "(((("
            LayoutBR {BR} at (27,215) size 1x0
            LayoutText {#text} at (0,225) size 28x25
              text run at (0,225) width 28: "))))"
            LayoutBR {BR} at (27,240) size 1x0
            LayoutText {#text} at (0,250) size 25x25
              text run at (0,250) width 25: "****"
            LayoutBR {BR} at (24,265) size 1x0
            LayoutText {#text} at (0,275) size 33x25
              text run at (0,275) width 33: "++++"
            LayoutBR {BR} at (32,290) size 1x0
            LayoutText {#text} at (0,300) size 18x25
              text run at (0,300) width 18: ",,,,"
            LayoutBR {BR} at (17,315) size 1x0
            LayoutText {#text} at (0,325) size 30x25
              text run at (0,325) width 30: "----"
            LayoutBR {BR} at (29,340) size 1x0
            LayoutText {#text} at (0,350) size 18x25
              text run at (0,350) width 18: "...."
            LayoutBR {BR} at (17,365) size 1x0
            LayoutText {#text} at (0,375) size 34x25
              text run at (0,375) width 34: "////"
            LayoutBR {BR} at (33,390) size 1x0
            LayoutText {#text} at (0,400) size 43x25
              text run at (0,400) width 43: "0000"
            LayoutBR {BR} at (42,415) size 1x0
            LayoutText {#text} at (0,425) size 17x25
              text run at (0,425) width 17: "1111"
            LayoutBR {BR} at (16,440) size 1x0
            LayoutText {#text} at (0,450) size 33x25
              text run at (0,450) width 33: "2222"
            LayoutBR {BR} at (32,465) size 1x0
            LayoutText {#text} at (0,475) size 31x25
              text run at (0,475) width 31: "3333"
            LayoutBR {BR} at (30,490) size 1x0
            LayoutText {#text} at (0,500) size 43x25
              text run at (0,500) width 43: "4444"
            LayoutBR {BR} at (42,515) size 1x0
            LayoutText {#text} at (0,525) size 32x25
              text run at (0,525) width 32: "5555"
            LayoutBR {BR} at (31,540) size 1x0
            LayoutText {#text} at (0,550) size 34x25
              text run at (0,550) width 34: "6666"
            LayoutBR {BR} at (33,565) size 1x0
            LayoutText {#text} at (0,575) size 30x25
              text run at (0,575) width 30: "7777"
            LayoutBR {BR} at (29,590) size 1x0
            LayoutText {#text} at (0,600) size 32x25
              text run at (0,600) width 32: "8888"
            LayoutBR {BR} at (31,615) size 1x0
            LayoutText {#text} at (0,625) size 34x25
              text run at (0,625) width 34: "9999"
            LayoutBR {BR} at (33,640) size 1x0
            LayoutText {#text} at (0,650) size 18x25
              text run at (0,650) width 18: "::::"
            LayoutBR {BR} at (17,665) size 1x0
            LayoutText {#text} at (0,675) size 18x25
              text run at (0,675) width 18: ";;;;"
            LayoutBR {BR} at (17,690) size 1x0
            LayoutText {#text} at (0,700) size 36x25
              text run at (0,700) width 36: "<<<<"
            LayoutBR {BR} at (35,715) size 1x0
            LayoutText {#text} at (0,725) size 30x25
              text run at (0,725) width 30: "===="
            LayoutBR {BR} at (29,740) size 1x0
            LayoutText {#text} at (0,750) size 36x25
              text run at (0,750) width 36: ">>>>"
            LayoutBR {BR} at (35,765) size 1x0
            LayoutText {#text} at (0,775) size 31x25
              text run at (0,775) width 31: "????"
            LayoutBR {BR} at (30,790) size 1x0
            LayoutText {#text} at (0,800) size 39x25
              text run at (0,800) width 39: "@@@@"
            LayoutBR {BR} at (38,815) size 1x0
            LayoutText {#text} at (0,825) size 47x25
              text run at (0,825) width 47: "AAAA"
            LayoutBR {BR} at (46,840) size 1x0
            LayoutText {#text} at (0,850) size 47x25
              text run at (0,850) width 47: "BBBB"
            LayoutBR {BR} at (46,865) size 1x0
            LayoutText {#text} at (0,875) size 45x25
              text run at (0,875) width 45: "CCCC"
            LayoutBR {BR} at (44,890) size 1x0
            LayoutText {#text} at (0,900) size 53x25
              text run at (0,900) width 53: "DDDD"
            LayoutBR {BR} at (52,915) size 1x0
            LayoutText {#text} at (0,925) size 47x25
              text run at (0,925) width 47: "EEEE"
            LayoutBR {BR} at (46,940) size 1x0
            LayoutText {#text} at (0,950) size 40x25
              text run at (0,950) width 40: "FFFF"
            LayoutBR {BR} at (39,965) size 1x0
            LayoutText {#text} at (0,975) size 48x25
              text run at (0,975) width 48: "GGGG"
            LayoutBR {BR} at (47,990) size 1x0
            LayoutText {#text} at (0,1000) size 49x25
              text run at (0,1000) width 49: "HHHH"
            LayoutBR {BR} at (48,1015) size 1x0
            LayoutText {#text} at (0,1025) size 16x25
              text run at (0,1025) width 16: "IIII"
            LayoutBR {BR} at (15,1040) size 1x0
            LayoutText {#text} at (0,1050) size 35x25
              text run at (0,1050) width 35: "JJJJ"
            LayoutBR {BR} at (34,1065) size 1x0
            LayoutText {#text} at (0,1075) size 46x25
              text run at (0,1075) width 46: "KKKK"
            LayoutBR {BR} at (45,1090) size 1x0
            LayoutText {#text} at (0,1100) size 39x25
              text run at (0,1100) width 39: "LLLL"
            LayoutBR {BR} at (38,1115) size 1x0
            LayoutText {#text} at (0,1125) size 56x25
              text run at (0,1125) width 56: "MMMM"
            LayoutBR {BR} at (55,1140) size 1x0
            LayoutText {#text} at (0,1150) size 42x25
              text run at (0,1150) width 42: "NNNN"
            LayoutBR {BR} at (41,1165) size 1x0
            LayoutText {#text} at (0,1175) size 59x25
              text run at (0,1175) width 59: "OOOO"
            LayoutBR {BR} at (58,1190) size 1x0
            LayoutText {#text} at (0,1200) size 42x25
              text run at (0,1200) width 42: "PPPP"
            LayoutBR {BR} at (41,1215) size 1x0
            LayoutText {#text} at (0,1225) size 59x25
              text run at (0,1225) width 59: "QQQQ"
            LayoutBR {BR} at (58,1240) size 1x0
            LayoutText {#text} at (0,1250) size 43x25
              text run at (0,1250) width 43: "RRRR"
            LayoutBR {BR} at (42,1265) size 1x0
            LayoutText {#text} at (0,1275) size 42x25
              text run at (0,1275) width 42: "SSSS"
            LayoutBR {BR} at (41,1290) size 1x0
            LayoutText {#text} at (0,1300) size 45x25
              text run at (0,1300) width 45: "TTTT"
            LayoutBR {BR} at (44,1315) size 1x0
            LayoutText {#text} at (0,1325) size 52x25
              text run at (0,1325) width 52: "UUUU"
            LayoutBR {BR} at (51,1340) size 1x0
            LayoutText {#text} at (0,1350) size 38x25
              text run at (0,1350) width 38: "VVVV"
            LayoutBR {BR} at (37,1365) size 1x0
            LayoutText {#text} at (0,1375) size 51x25
              text run at (0,1375) width 51: "WWWW"
            LayoutBR {BR} at (50,1390) size 1x0
            LayoutText {#text} at (0,1400) size 42x25
              text run at (0,1400) width 42: "XXXX"
            LayoutBR {BR} at (41,1415) size 1x0
            LayoutText {#text} at (0,1425) size 41x25
              text run at (0,1425) width 41: "YYYY"
            LayoutBR {BR} at (40,1440) size 1x0
            LayoutText {#text} at (0,1450) size 43x25
              text run at (0,1450) width 43: "ZZZZ"
            LayoutBR {BR} at (42,1465) size 1x0
            LayoutText {#text} at (0,1475) size 28x25
              text run at (0,1475) width 28: "[[[["
            LayoutBR {BR} at (27,1490) size 1x0
            LayoutText {#text} at (0,1500) size 34x25
              text run at (0,1500) width 34: "\\\\\\\\"
            LayoutBR {BR} at (33,1515) size 1x0
            LayoutText {#text} at (0,1525) size 28x25
              text run at (0,1525) width 28: "]]]]"
            LayoutBR {BR} at (27,1540) size 1x0
            LayoutText {#text} at (0,1550) size 34x25
              text run at (0,1550) width 34: "^^^^"
            LayoutBR {BR} at (33,1565) size 1x0
            LayoutText {#text} at (0,1575) size 32x25
              text run at (0,1575) width 32: "____"
            LayoutBR {BR} at (32,1590) size 0x0
            LayoutText {#text} at (0,1600) size 19x25
              text run at (0,1600) width 19: "````"
            LayoutBR {BR} at (18,1615) size 1x0
            LayoutText {#text} at (0,1625) size 35x25
              text run at (0,1625) width 35: "aaaa"
            LayoutBR {BR} at (34,1640) size 1x0
            LayoutText {#text} at (0,1650) size 39x25
              text run at (0,1650) width 39: "bbbb"
            LayoutBR {BR} at (38,1665) size 1x0
            LayoutText {#text} at (0,1675) size 32x25
              text run at (0,1675) width 32: "cccc"
            LayoutBR {BR} at (31,1690) size 1x0
            LayoutText {#text} at (0,1700) size 39x25
              text run at (0,1700) width 39: "dddd"
            LayoutBR {BR} at (38,1715) size 1x0
            LayoutText {#text} at (0,1725) size 34x25
              text run at (0,1725) width 34: "eeee"
            LayoutBR {BR} at (33,1740) size 1x0
            LayoutText {#text} at (0,1750) size 26x25
              text run at (0,1750) width 26: "ffff"
            LayoutBR {BR} at (25,1765) size 1x0
            LayoutText {#text} at (0,1775) size 35x25
              text run at (0,1775) width 35: "gggg"
            LayoutBR {BR} at (34,1790) size 1x0
            LayoutText {#text} at (0,1800) size 37x25
              text run at (0,1800) width 37: "hhhh"
            LayoutBR {BR} at (36,1815) size 1x0
            LayoutText {#text} at (0,1825) size 14x25
              text run at (0,1825) width 14: "iiii"
            LayoutBR {BR} at (13,1840) size 1x0
            LayoutText {#text} at (0,1850) size 14x25
              text run at (0,1850) width 14: "jjjj"
            LayoutBR {BR} at (13,1865) size 1x0
            LayoutText {#text} at (0,1875) size 36x25
              text run at (0,1875) width 36: "kkkk"
            LayoutBR {BR} at (35,1890) size 1x0
            LayoutText {#text} at (0,1900) size 15x25
              text run at (0,1900) width 15: "llll"
            LayoutBR {BR} at (14,1915) size 1x0
            LayoutText {#text} at (0,1925) size 46x25
              text run at (0,1925) width 46: "mmmm"
            LayoutBR {BR} at (45,1940) size 1x0
            LayoutText {#text} at (0,1950) size 36x25
              text run at (0,1950) width 36: "nnnn"
            LayoutBR {BR} at (35,1965) size 1x0
            LayoutText {#text} at (0,1975) size 39x25
              text run at (0,1975) width 39: "oooo"
            LayoutBR {BR} at (38,1990) size 1x0
            LayoutText {#text} at (0,2000) size 40x25
              text run at (0,2000) width 40: "pppp"
            LayoutBR {BR} at (39,2015) size 1x0
            LayoutText {#text} at (0,2025) size 37x25
              text run at (0,2025) width 37: "qqqq"
            LayoutBR {BR} at (36,2040) size 1x0
            LayoutText {#text} at (0,2050) size 25x25
              text run at (0,2050) width 25: "rrrr"
            LayoutBR {BR} at (24,2065) size 1x0
            LayoutText {#text} at (0,2075) size 31x25
              text run at (0,2075) width 31: "ssss"
            LayoutBR {BR} at (30,2090) size 1x0
            LayoutText {#text} at (0,2100) size 24x25
              text run at (0,2100) width 24: "tttt"
            LayoutBR {BR} at (23,2115) size 1x0
            LayoutText {#text} at (0,2125) size 36x25
              text run at (0,2125) width 36: "uuuu"
            LayoutBR {BR} at (35,2140) size 1x0
            LayoutText {#text} at (0,2150) size 29x25
              text run at (0,2150) width 29: "vvvv"
            LayoutBR {BR} at (28,2165) size 1x0
            LayoutText {#text} at (0,2175) size 42x25
              text run at (0,2175) width 42: "wwww"
            LayoutBR {BR} at (41,2190) size 1x0
            LayoutText {#text} at (0,2200) size 32x25
              text run at (0,2200) width 32: "xxxx"
            LayoutBR {BR} at (31,2215) size 1x0
            LayoutText {#text} at (0,2225) size 35x25
              text run at (0,2225) width 35: "yyyy"
            LayoutBR {BR} at (34,2240) size 1x0
            LayoutText {#text} at (0,2250) size 29x25
              text run at (0,2250) width 29: "zzzz"
            LayoutBR {BR} at (28,2265) size 1x0
            LayoutText {#text} at (0,2275) size 17x25
              text run at (0,2275) width 17: "{{{{"
            LayoutBR {BR} at (16,2290) size 1x0
            LayoutText {#text} at (0,2300) size 15x25
              text run at (0,2300) width 15: "||||"
            LayoutBR {BR} at (14,2315) size 1x0
            LayoutText {#text} at (0,2325) size 17x25
              text run at (0,2325) width 17: "}}}}"
            LayoutBR {BR} at (16,2340) size 1x0
          LayoutText {#text} at (0,0) size 0x0
        LayoutText {#text} at (0,0) size 0x0
