layer at (0,0) size 800x600 clip at (0,0) size 785x600 scrollHeight 4757
  LayoutView at (0,0) size 800x600
layer at (0,0) size 785x4757 backgroundClip at (0,0) size 785x600 clip at (0,0) size 785x600
  LayoutBlockFlow {HTML} at (0,0) size 785x4757
    LayoutBlockFlow {BODY} at (8,8) size 769x4733
      LayoutBlockFlow (anonymous) at (0,0) size 769x18
        LayoutText {#text} at (0,0) size 360x18
          text run at (0,0) width 360: "This tests font choices and metrics for monospace fonts."
      LayoutBlockFlow {P} at (0,34) size 769x210
        LayoutInline {FONT} at (0,0) size 759x209
          LayoutText {#text} at (0,0) size 58x20
            text run at (0,0) width 58: "Monaco"
          LayoutBR {BR} at (57,16) size 1x0
          LayoutText {#text} at (0,21) size 759x62
            text run at (0,21) width 759: "  ! \" # $ % & ' ( ) * + , - . / 0 1 2 3 4 5 6 7 8 9 : ; < = > ? @ A B C D E F G"
            text run at (0,42) width 759: "H I J K L M N O P Q R S T U V W X Y Z [ \\ ] ^ _ ` a b c d e f g h i j k l m n o"
            text run at (0,63) width 289: "p q r s t u v w x y z { | } > "
          LayoutBR {BR} at (288,79) size 1x0
          LayoutInline {B} at (0,0) size 759x62
            LayoutText {#text} at (0,84) size 759x62
              text run at (0,84) width 759: "  ! \" # $ % & ' ( ) * + , - . / 0 1 2 3 4 5 6 7 8 9 : ; < = > ? @ A B C D E F G"
              text run at (0,105) width 759: "H I J K L M N O P Q R S T U V W X Y Z [ \\ ] ^ _ ` a b c d e f g h i j k l m n o"
              text run at (0,126) width 289: "p q r s t u v w x y z { | } > "
          LayoutText {#text} at (0,0) size 0x0
          LayoutBR {BR} at (0,0) size 0x0
          LayoutInline {I} at (0,0) size 759x62
            LayoutText {#text} at (0,147) size 759x62
              text run at (0,147) width 759: "  ! \" # $ % & ' ( ) * + , - . / 0 1 2 3 4 5 6 7 8 9 : ; < = > ? @ A B C D E F G"
              text run at (0,168) width 759: "H I J K L M N O P Q R S T U V W X Y Z [ \\ ] ^ _ ` a b c d e f g h i j k l m n o"
              text run at (0,189) width 279: "p q r s t u v w x y z { | } >"
          LayoutText {#text} at (0,0) size 0x0
        LayoutText {#text} at (0,0) size 0x0
      LayoutBlockFlow {P} at (0,260) size 769x180
        LayoutInline {FONT} at (0,0) size 759x180
          LayoutText {#text} at (0,0) size 68x18
            text run at (0,0) width 68: "Courier"
          LayoutBR {BR} at (67,14) size 1x0
          LayoutText {#text} at (0,18) size 759x54
            text run at (0,18) width 759: "  ! \" # $ % & ' ( ) * + , - . / 0 1 2 3 4 5 6 7 8 9 : ; < = > ? @ A B C D E F G"
            text run at (0,36) width 759: "H I J K L M N O P Q R S T U V W X Y Z [ \\ ] ^ _ ` a b c d e f g h i j k l m n o"
            text run at (0,54) width 289: "p q r s t u v w x y z { | } > "
          LayoutBR {BR} at (288,68) size 1x0
          LayoutInline {B} at (0,0) size 759x54
            LayoutText {#text} at (0,72) size 759x54
              text run at (0,72) width 759: "  ! \" # $ % & ' ( ) * + , - . / 0 1 2 3 4 5 6 7 8 9 : ; < = > ? @ A B C D E F G"
              text run at (0,90) width 759: "H I J K L M N O P Q R S T U V W X Y Z [ \\ ] ^ _ ` a b c d e f g h i j k l m n o"
              text run at (0,108) width 289: "p q r s t u v w x y z { | } > "
          LayoutText {#text} at (0,0) size 0x0
          LayoutBR {BR} at (0,0) size 0x0
          LayoutInline {I} at (0,0) size 759x54
            LayoutText {#text} at (0,126) size 759x54
              text run at (0,126) width 759: "  ! \" # $ % & ' ( ) * + , - . / 0 1 2 3 4 5 6 7 8 9 : ; < = > ? @ A B C D E F G"
              text run at (0,144) width 759: "H I J K L M N O P Q R S T U V W X Y Z [ \\ ] ^ _ ` a b c d e f g h i j k l m n o"
              text run at (0,162) width 279: "p q r s t u v w x y z { | } >"
          LayoutText {#text} at (0,0) size 0x0
        LayoutText {#text} at (0,0) size 0x0
      LayoutBlockFlow {P} at (0,456) size 769x1425
        LayoutInline {FONT} at (0,0) size 71x1425
          LayoutText {#text} at (0,0) size 71x15
            text run at (0,0) width 71: "monospace"
          LayoutBR {BR} at (70,12) size 1x0
          LayoutText {#text} at (0,15) size 32x15
            text run at (0,15) width 32: "    "
          LayoutBR {BR} at (31,27) size 1x0
          LayoutText {#text} at (0,30) size 32x15
            text run at (0,30) width 32: "!!!!"
          LayoutBR {BR} at (31,42) size 1x0
          LayoutText {#text} at (0,45) size 32x15
            text run at (0,45) width 32: "\"\"\"\""
          LayoutBR {BR} at (31,57) size 1x0
          LayoutText {#text} at (0,60) size 32x15
            text run at (0,60) width 32: "####"
          LayoutBR {BR} at (31,72) size 1x0
          LayoutText {#text} at (0,75) size 32x15
            text run at (0,75) width 32: "$$$$"
          LayoutBR {BR} at (31,87) size 1x0
          LayoutText {#text} at (0,90) size 32x15
            text run at (0,90) width 32: "%%%%"
          LayoutBR {BR} at (31,102) size 1x0
          LayoutText {#text} at (0,105) size 32x15
            text run at (0,105) width 32: "&&&&"
          LayoutBR {BR} at (31,117) size 1x0
          LayoutText {#text} at (0,120) size 32x15
            text run at (0,120) width 32: "''''"
          LayoutBR {BR} at (31,132) size 1x0
          LayoutText {#text} at (0,135) size 32x15
            text run at (0,135) width 32: "(((("
          LayoutBR {BR} at (31,147) size 1x0
          LayoutText {#text} at (0,150) size 32x15
            text run at (0,150) width 32: "))))"
          LayoutBR {BR} at (31,162) size 1x0
          LayoutText {#text} at (0,165) size 32x15
            text run at (0,165) width 32: "****"
          LayoutBR {BR} at (31,177) size 1x0
          LayoutText {#text} at (0,180) size 32x15
            text run at (0,180) width 32: "++++"
          LayoutBR {BR} at (31,192) size 1x0
          LayoutText {#text} at (0,195) size 32x15
            text run at (0,195) width 32: ",,,,"
          LayoutBR {BR} at (31,207) size 1x0
          LayoutText {#text} at (0,210) size 32x15
            text run at (0,210) width 32: "----"
          LayoutBR {BR} at (31,222) size 1x0
          LayoutText {#text} at (0,225) size 32x15
            text run at (0,225) width 32: "...."
          LayoutBR {BR} at (31,237) size 1x0
          LayoutText {#text} at (0,240) size 32x15
            text run at (0,240) width 32: "////"
          LayoutBR {BR} at (31,252) size 1x0
          LayoutText {#text} at (0,255) size 32x15
            text run at (0,255) width 32: "0000"
          LayoutBR {BR} at (31,267) size 1x0
          LayoutText {#text} at (0,270) size 32x15
            text run at (0,270) width 32: "1111"
          LayoutBR {BR} at (31,282) size 1x0
          LayoutText {#text} at (0,285) size 32x15
            text run at (0,285) width 32: "2222"
          LayoutBR {BR} at (31,297) size 1x0
          LayoutText {#text} at (0,300) size 32x15
            text run at (0,300) width 32: "3333"
          LayoutBR {BR} at (31,312) size 1x0
          LayoutText {#text} at (0,315) size 32x15
            text run at (0,315) width 32: "4444"
          LayoutBR {BR} at (31,327) size 1x0
          LayoutText {#text} at (0,330) size 32x15
            text run at (0,330) width 32: "5555"
          LayoutBR {BR} at (31,342) size 1x0
          LayoutText {#text} at (0,345) size 32x15
            text run at (0,345) width 32: "6666"
          LayoutBR {BR} at (31,357) size 1x0
          LayoutText {#text} at (0,360) size 32x15
            text run at (0,360) width 32: "7777"
          LayoutBR {BR} at (31,372) size 1x0
          LayoutText {#text} at (0,375) size 32x15
            text run at (0,375) width 32: "8888"
          LayoutBR {BR} at (31,387) size 1x0
          LayoutText {#text} at (0,390) size 32x15
            text run at (0,390) width 32: "9999"
          LayoutBR {BR} at (31,402) size 1x0
          LayoutText {#text} at (0,405) size 32x15
            text run at (0,405) width 32: "::::"
          LayoutBR {BR} at (31,417) size 1x0
          LayoutText {#text} at (0,420) size 32x15
            text run at (0,420) width 32: ";;;;"
          LayoutBR {BR} at (31,432) size 1x0
          LayoutText {#text} at (0,435) size 32x15
            text run at (0,435) width 32: "<<<<"
          LayoutBR {BR} at (31,447) size 1x0
          LayoutText {#text} at (0,450) size 32x15
            text run at (0,450) width 32: "===="
          LayoutBR {BR} at (31,462) size 1x0
          LayoutText {#text} at (0,465) size 32x15
            text run at (0,465) width 32: ">>>>"
          LayoutBR {BR} at (31,477) size 1x0
          LayoutText {#text} at (0,480) size 32x15
            text run at (0,480) width 32: "????"
          LayoutBR {BR} at (31,492) size 1x0
          LayoutText {#text} at (0,495) size 32x15
            text run at (0,495) width 32: "@@@@"
          LayoutBR {BR} at (31,507) size 1x0
          LayoutText {#text} at (0,510) size 32x15
            text run at (0,510) width 32: "AAAA"
          LayoutBR {BR} at (31,522) size 1x0
          LayoutText {#text} at (0,525) size 32x15
            text run at (0,525) width 32: "BBBB"
          LayoutBR {BR} at (31,537) size 1x0
          LayoutText {#text} at (0,540) size 32x15
            text run at (0,540) width 32: "CCCC"
          LayoutBR {BR} at (31,552) size 1x0
          LayoutText {#text} at (0,555) size 32x15
            text run at (0,555) width 32: "DDDD"
          LayoutBR {BR} at (31,567) size 1x0
          LayoutText {#text} at (0,570) size 32x15
            text run at (0,570) width 32: "EEEE"
          LayoutBR {BR} at (31,582) size 1x0
          LayoutText {#text} at (0,585) size 32x15
            text run at (0,585) width 32: "FFFF"
          LayoutBR {BR} at (31,597) size 1x0
          LayoutText {#text} at (0,600) size 32x15
            text run at (0,600) width 32: "GGGG"
          LayoutBR {BR} at (31,612) size 1x0
          LayoutText {#text} at (0,615) size 32x15
            text run at (0,615) width 32: "HHHH"
          LayoutBR {BR} at (31,627) size 1x0
          LayoutText {#text} at (0,630) size 32x15
            text run at (0,630) width 32: "IIII"
          LayoutBR {BR} at (31,642) size 1x0
          LayoutText {#text} at (0,645) size 32x15
            text run at (0,645) width 32: "JJJJ"
          LayoutBR {BR} at (31,657) size 1x0
          LayoutText {#text} at (0,660) size 32x15
            text run at (0,660) width 32: "KKKK"
          LayoutBR {BR} at (31,672) size 1x0
          LayoutText {#text} at (0,675) size 32x15
            text run at (0,675) width 32: "LLLL"
          LayoutBR {BR} at (31,687) size 1x0
          LayoutText {#text} at (0,690) size 32x15
            text run at (0,690) width 32: "MMMM"
          LayoutBR {BR} at (31,702) size 1x0
          LayoutText {#text} at (0,705) size 32x15
            text run at (0,705) width 32: "NNNN"
          LayoutBR {BR} at (31,717) size 1x0
          LayoutText {#text} at (0,720) size 32x15
            text run at (0,720) width 32: "OOOO"
          LayoutBR {BR} at (31,732) size 1x0
          LayoutText {#text} at (0,735) size 32x15
            text run at (0,735) width 32: "PPPP"
          LayoutBR {BR} at (31,747) size 1x0
          LayoutText {#text} at (0,750) size 32x15
            text run at (0,750) width 32: "QQQQ"
          LayoutBR {BR} at (31,762) size 1x0
          LayoutText {#text} at (0,765) size 32x15
            text run at (0,765) width 32: "RRRR"
          LayoutBR {BR} at (31,777) size 1x0
          LayoutText {#text} at (0,780) size 32x15
            text run at (0,780) width 32: "SSSS"
          LayoutBR {BR} at (31,792) size 1x0
          LayoutText {#text} at (0,795) size 32x15
            text run at (0,795) width 32: "TTTT"
          LayoutBR {BR} at (31,807) size 1x0
          LayoutText {#text} at (0,810) size 32x15
            text run at (0,810) width 32: "UUUU"
          LayoutBR {BR} at (31,822) size 1x0
          LayoutText {#text} at (0,825) size 32x15
            text run at (0,825) width 32: "VVVV"
          LayoutBR {BR} at (31,837) size 1x0
          LayoutText {#text} at (0,840) size 32x15
            text run at (0,840) width 32: "WWWW"
          LayoutBR {BR} at (31,852) size 1x0
          LayoutText {#text} at (0,855) size 32x15
            text run at (0,855) width 32: "XXXX"
          LayoutBR {BR} at (31,867) size 1x0
          LayoutText {#text} at (0,870) size 32x15
            text run at (0,870) width 32: "YYYY"
          LayoutBR {BR} at (31,882) size 1x0
          LayoutText {#text} at (0,885) size 32x15
            text run at (0,885) width 32: "ZZZZ"
          LayoutBR {BR} at (31,897) size 1x0
          LayoutText {#text} at (0,900) size 32x15
            text run at (0,900) width 32: "[[[["
          LayoutBR {BR} at (31,912) size 1x0
          LayoutText {#text} at (0,915) size 32x15
            text run at (0,915) width 32: "\\\\\\\\"
          LayoutBR {BR} at (31,927) size 1x0
          LayoutText {#text} at (0,930) size 32x15
            text run at (0,930) width 32: "]]]]"
          LayoutBR {BR} at (31,942) size 1x0
          LayoutText {#text} at (0,945) size 32x15
            text run at (0,945) width 32: "^^^^"
          LayoutBR {BR} at (31,957) size 1x0
          LayoutText {#text} at (0,960) size 32x15
            text run at (0,960) width 32: "____"
          LayoutBR {BR} at (31,972) size 1x0
          LayoutText {#text} at (0,975) size 32x15
            text run at (0,975) width 32: "````"
          LayoutBR {BR} at (31,987) size 1x0
          LayoutText {#text} at (0,990) size 32x15
            text run at (0,990) width 32: "aaaa"
          LayoutBR {BR} at (31,1002) size 1x0
          LayoutText {#text} at (0,1005) size 32x15
            text run at (0,1005) width 32: "bbbb"
          LayoutBR {BR} at (31,1017) size 1x0
          LayoutText {#text} at (0,1020) size 32x15
            text run at (0,1020) width 32: "cccc"
          LayoutBR {BR} at (31,1032) size 1x0
          LayoutText {#text} at (0,1035) size 32x15
            text run at (0,1035) width 32: "dddd"
          LayoutBR {BR} at (31,1047) size 1x0
          LayoutText {#text} at (0,1050) size 32x15
            text run at (0,1050) width 32: "eeee"
          LayoutBR {BR} at (31,1062) size 1x0
          LayoutText {#text} at (0,1065) size 32x15
            text run at (0,1065) width 32: "ffff"
          LayoutBR {BR} at (31,1077) size 1x0
          LayoutText {#text} at (0,1080) size 32x15
            text run at (0,1080) width 32: "gggg"
          LayoutBR {BR} at (31,1092) size 1x0
          LayoutText {#text} at (0,1095) size 32x15
            text run at (0,1095) width 32: "hhhh"
          LayoutBR {BR} at (31,1107) size 1x0
          LayoutText {#text} at (0,1110) size 32x15
            text run at (0,1110) width 32: "iiii"
          LayoutBR {BR} at (31,1122) size 1x0
          LayoutText {#text} at (0,1125) size 32x15
            text run at (0,1125) width 32: "jjjj"
          LayoutBR {BR} at (31,1137) size 1x0
          LayoutText {#text} at (0,1140) size 32x15
            text run at (0,1140) width 32: "kkkk"
          LayoutBR {BR} at (31,1152) size 1x0
          LayoutText {#text} at (0,1155) size 32x15
            text run at (0,1155) width 32: "llll"
          LayoutBR {BR} at (31,1167) size 1x0
          LayoutText {#text} at (0,1170) size 32x15
            text run at (0,1170) width 32: "mmmm"
          LayoutBR {BR} at (31,1182) size 1x0
          LayoutText {#text} at (0,1185) size 32x15
            text run at (0,1185) width 32: "nnnn"
          LayoutBR {BR} at (31,1197) size 1x0
          LayoutText {#text} at (0,1200) size 32x15
            text run at (0,1200) width 32: "oooo"
          LayoutBR {BR} at (31,1212) size 1x0
          LayoutText {#text} at (0,1215) size 32x15
            text run at (0,1215) width 32: "pppp"
          LayoutBR {BR} at (31,1227) size 1x0
          LayoutText {#text} at (0,1230) size 32x15
            text run at (0,1230) width 32: "qqqq"
          LayoutBR {BR} at (31,1242) size 1x0
          LayoutText {#text} at (0,1245) size 32x15
            text run at (0,1245) width 32: "rrrr"
          LayoutBR {BR} at (31,1257) size 1x0
          LayoutText {#text} at (0,1260) size 32x15
            text run at (0,1260) width 32: "ssss"
          LayoutBR {BR} at (31,1272) size 1x0
          LayoutText {#text} at (0,1275) size 32x15
            text run at (0,1275) width 32: "tttt"
          LayoutBR {BR} at (31,1287) size 1x0
          LayoutText {#text} at (0,1290) size 32x15
            text run at (0,1290) width 32: "uuuu"
          LayoutBR {BR} at (31,1302) size 1x0
          LayoutText {#text} at (0,1305) size 32x15
            text run at (0,1305) width 32: "vvvv"
          LayoutBR {BR} at (31,1317) size 1x0
          LayoutText {#text} at (0,1320) size 32x15
            text run at (0,1320) width 32: "wwww"
          LayoutBR {BR} at (31,1332) size 1x0
          LayoutText {#text} at (0,1335) size 32x15
            text run at (0,1335) width 32: "xxxx"
          LayoutBR {BR} at (31,1347) size 1x0
          LayoutText {#text} at (0,1350) size 32x15
            text run at (0,1350) width 32: "yyyy"
          LayoutBR {BR} at (31,1362) size 1x0
          LayoutText {#text} at (0,1365) size 32x15
            text run at (0,1365) width 32: "zzzz"
          LayoutBR {BR} at (31,1377) size 1x0
          LayoutText {#text} at (0,1380) size 32x15
            text run at (0,1380) width 32: "{{{{"
          LayoutBR {BR} at (31,1392) size 1x0
          LayoutText {#text} at (0,1395) size 32x15
            text run at (0,1395) width 32: "||||"
          LayoutBR {BR} at (31,1407) size 1x0
          LayoutText {#text} at (0,1410) size 32x15
            text run at (0,1410) width 32: "}}}}"
          LayoutBR {BR} at (31,1422) size 1x0
      LayoutBlockFlow {P} at (0,1897) size 769x1410
        LayoutInline {FONT} at (0,0) size 32x1410
          LayoutText {#text} at (0,0) size 0x0
          LayoutInline {B} at (0,0) size 32x1410
            LayoutText {#text} at (0,0) size 32x15
              text run at (0,0) width 32: "    "
            LayoutBR {BR} at (31,12) size 1x0
            LayoutText {#text} at (0,15) size 32x15
              text run at (0,15) width 32: "!!!!"
            LayoutBR {BR} at (31,27) size 1x0
            LayoutText {#text} at (0,30) size 32x15
              text run at (0,30) width 32: "\"\"\"\""
            LayoutBR {BR} at (31,42) size 1x0
            LayoutText {#text} at (0,45) size 32x15
              text run at (0,45) width 32: "####"
            LayoutBR {BR} at (31,57) size 1x0
            LayoutText {#text} at (0,60) size 32x15
              text run at (0,60) width 32: "$$$$"
            LayoutBR {BR} at (31,72) size 1x0
            LayoutText {#text} at (0,75) size 32x15
              text run at (0,75) width 32: "%%%%"
            LayoutBR {BR} at (31,87) size 1x0
            LayoutText {#text} at (0,90) size 32x15
              text run at (0,90) width 32: "&&&&"
            LayoutBR {BR} at (31,102) size 1x0
            LayoutText {#text} at (0,105) size 32x15
              text run at (0,105) width 32: "''''"
            LayoutBR {BR} at (31,117) size 1x0
            LayoutText {#text} at (0,120) size 32x15
              text run at (0,120) width 32: "(((("
            LayoutBR {BR} at (31,132) size 1x0
            LayoutText {#text} at (0,135) size 32x15
              text run at (0,135) width 32: "))))"
            LayoutBR {BR} at (31,147) size 1x0
            LayoutText {#text} at (0,150) size 32x15
              text run at (0,150) width 32: "****"
            LayoutBR {BR} at (31,162) size 1x0
            LayoutText {#text} at (0,165) size 32x15
              text run at (0,165) width 32: "++++"
            LayoutBR {BR} at (31,177) size 1x0
            LayoutText {#text} at (0,180) size 32x15
              text run at (0,180) width 32: ",,,,"
            LayoutBR {BR} at (31,192) size 1x0
            LayoutText {#text} at (0,195) size 32x15
              text run at (0,195) width 32: "----"
            LayoutBR {BR} at (31,207) size 1x0
            LayoutText {#text} at (0,210) size 32x15
              text run at (0,210) width 32: "...."
            LayoutBR {BR} at (31,222) size 1x0
            LayoutText {#text} at (0,225) size 32x15
              text run at (0,225) width 32: "////"
            LayoutBR {BR} at (31,237) size 1x0
            LayoutText {#text} at (0,240) size 32x15
              text run at (0,240) width 32: "0000"
            LayoutBR {BR} at (31,252) size 1x0
            LayoutText {#text} at (0,255) size 32x15
              text run at (0,255) width 32: "1111"
            LayoutBR {BR} at (31,267) size 1x0
            LayoutText {#text} at (0,270) size 32x15
              text run at (0,270) width 32: "2222"
            LayoutBR {BR} at (31,282) size 1x0
            LayoutText {#text} at (0,285) size 32x15
              text run at (0,285) width 32: "3333"
            LayoutBR {BR} at (31,297) size 1x0
            LayoutText {#text} at (0,300) size 32x15
              text run at (0,300) width 32: "4444"
            LayoutBR {BR} at (31,312) size 1x0
            LayoutText {#text} at (0,315) size 32x15
              text run at (0,315) width 32: "5555"
            LayoutBR {BR} at (31,327) size 1x0
            LayoutText {#text} at (0,330) size 32x15
              text run at (0,330) width 32: "6666"
            LayoutBR {BR} at (31,342) size 1x0
            LayoutText {#text} at (0,345) size 32x15
              text run at (0,345) width 32: "7777"
            LayoutBR {BR} at (31,357) size 1x0
            LayoutText {#text} at (0,360) size 32x15
              text run at (0,360) width 32: "8888"
            LayoutBR {BR} at (31,372) size 1x0
            LayoutText {#text} at (0,375) size 32x15
              text run at (0,375) width 32: "9999"
            LayoutBR {BR} at (31,387) size 1x0
            LayoutText {#text} at (0,390) size 32x15
              text run at (0,390) width 32: "::::"
            LayoutBR {BR} at (31,402) size 1x0
            LayoutText {#text} at (0,405) size 32x15
              text run at (0,405) width 32: ";;;;"
            LayoutBR {BR} at (31,417) size 1x0
            LayoutText {#text} at (0,420) size 32x15
              text run at (0,420) width 32: "<<<<"
            LayoutBR {BR} at (31,432) size 1x0
            LayoutText {#text} at (0,435) size 32x15
              text run at (0,435) width 32: "===="
            LayoutBR {BR} at (31,447) size 1x0
            LayoutText {#text} at (0,450) size 32x15
              text run at (0,450) width 32: ">>>>"
            LayoutBR {BR} at (31,462) size 1x0
            LayoutText {#text} at (0,465) size 32x15
              text run at (0,465) width 32: "????"
            LayoutBR {BR} at (31,477) size 1x0
            LayoutText {#text} at (0,480) size 32x15
              text run at (0,480) width 32: "@@@@"
            LayoutBR {BR} at (31,492) size 1x0
            LayoutText {#text} at (0,495) size 32x15
              text run at (0,495) width 32: "AAAA"
            LayoutBR {BR} at (31,507) size 1x0
            LayoutText {#text} at (0,510) size 32x15
              text run at (0,510) width 32: "BBBB"
            LayoutBR {BR} at (31,522) size 1x0
            LayoutText {#text} at (0,525) size 32x15
              text run at (0,525) width 32: "CCCC"
            LayoutBR {BR} at (31,537) size 1x0
            LayoutText {#text} at (0,540) size 32x15
              text run at (0,540) width 32: "DDDD"
            LayoutBR {BR} at (31,552) size 1x0
            LayoutText {#text} at (0,555) size 32x15
              text run at (0,555) width 32: "EEEE"
            LayoutBR {BR} at (31,567) size 1x0
            LayoutText {#text} at (0,570) size 32x15
              text run at (0,570) width 32: "FFFF"
            LayoutBR {BR} at (31,582) size 1x0
            LayoutText {#text} at (0,585) size 32x15
              text run at (0,585) width 32: "GGGG"
            LayoutBR {BR} at (31,597) size 1x0
            LayoutText {#text} at (0,600) size 32x15
              text run at (0,600) width 32: "HHHH"
            LayoutBR {BR} at (31,612) size 1x0
            LayoutText {#text} at (0,615) size 32x15
              text run at (0,615) width 32: "IIII"
            LayoutBR {BR} at (31,627) size 1x0
            LayoutText {#text} at (0,630) size 32x15
              text run at (0,630) width 32: "JJJJ"
            LayoutBR {BR} at (31,642) size 1x0
            LayoutText {#text} at (0,645) size 32x15
              text run at (0,645) width 32: "KKKK"
            LayoutBR {BR} at (31,657) size 1x0
            LayoutText {#text} at (0,660) size 32x15
              text run at (0,660) width 32: "LLLL"
            LayoutBR {BR} at (31,672) size 1x0
            LayoutText {#text} at (0,675) size 32x15
              text run at (0,675) width 32: "MMMM"
            LayoutBR {BR} at (31,687) size 1x0
            LayoutText {#text} at (0,690) size 32x15
              text run at (0,690) width 32: "NNNN"
            LayoutBR {BR} at (31,702) size 1x0
            LayoutText {#text} at (0,705) size 32x15
              text run at (0,705) width 32: "OOOO"
            LayoutBR {BR} at (31,717) size 1x0
            LayoutText {#text} at (0,720) size 32x15
              text run at (0,720) width 32: "PPPP"
            LayoutBR {BR} at (31,732) size 1x0
            LayoutText {#text} at (0,735) size 32x15
              text run at (0,735) width 32: "QQQQ"
            LayoutBR {BR} at (31,747) size 1x0
            LayoutText {#text} at (0,750) size 32x15
              text run at (0,750) width 32: "RRRR"
            LayoutBR {BR} at (31,762) size 1x0
            LayoutText {#text} at (0,765) size 32x15
              text run at (0,765) width 32: "SSSS"
            LayoutBR {BR} at (31,777) size 1x0
            LayoutText {#text} at (0,780) size 32x15
              text run at (0,780) width 32: "TTTT"
            LayoutBR {BR} at (31,792) size 1x0
            LayoutText {#text} at (0,795) size 32x15
              text run at (0,795) width 32: "UUUU"
            LayoutBR {BR} at (31,807) size 1x0
            LayoutText {#text} at (0,810) size 32x15
              text run at (0,810) width 32: "VVVV"
            LayoutBR {BR} at (31,822) size 1x0
            LayoutText {#text} at (0,825) size 32x15
              text run at (0,825) width 32: "WWWW"
            LayoutBR {BR} at (31,837) size 1x0
            LayoutText {#text} at (0,840) size 32x15
              text run at (0,840) width 32: "XXXX"
            LayoutBR {BR} at (31,852) size 1x0
            LayoutText {#text} at (0,855) size 32x15
              text run at (0,855) width 32: "YYYY"
            LayoutBR {BR} at (31,867) size 1x0
            LayoutText {#text} at (0,870) size 32x15
              text run at (0,870) width 32: "ZZZZ"
            LayoutBR {BR} at (31,882) size 1x0
            LayoutText {#text} at (0,885) size 32x15
              text run at (0,885) width 32: "[[[["
            LayoutBR {BR} at (31,897) size 1x0
            LayoutText {#text} at (0,900) size 32x15
              text run at (0,900) width 32: "\\\\\\\\"
            LayoutBR {BR} at (31,912) size 1x0
            LayoutText {#text} at (0,915) size 32x15
              text run at (0,915) width 32: "]]]]"
            LayoutBR {BR} at (31,927) size 1x0
            LayoutText {#text} at (0,930) size 32x15
              text run at (0,930) width 32: "^^^^"
            LayoutBR {BR} at (31,942) size 1x0
            LayoutText {#text} at (0,945) size 32x15
              text run at (0,945) width 32: "____"
            LayoutBR {BR} at (31,957) size 1x0
            LayoutText {#text} at (0,960) size 32x15
              text run at (0,960) width 32: "````"
            LayoutBR {BR} at (31,972) size 1x0
            LayoutText {#text} at (0,975) size 32x15
              text run at (0,975) width 32: "aaaa"
            LayoutBR {BR} at (31,987) size 1x0
            LayoutText {#text} at (0,990) size 32x15
              text run at (0,990) width 32: "bbbb"
            LayoutBR {BR} at (31,1002) size 1x0
            LayoutText {#text} at (0,1005) size 32x15
              text run at (0,1005) width 32: "cccc"
            LayoutBR {BR} at (31,1017) size 1x0
            LayoutText {#text} at (0,1020) size 32x15
              text run at (0,1020) width 32: "dddd"
            LayoutBR {BR} at (31,1032) size 1x0
            LayoutText {#text} at (0,1035) size 32x15
              text run at (0,1035) width 32: "eeee"
            LayoutBR {BR} at (31,1047) size 1x0
            LayoutText {#text} at (0,1050) size 32x15
              text run at (0,1050) width 32: "ffff"
            LayoutBR {BR} at (31,1062) size 1x0
            LayoutText {#text} at (0,1065) size 32x15
              text run at (0,1065) width 32: "gggg"
            LayoutBR {BR} at (31,1077) size 1x0
            LayoutText {#text} at (0,1080) size 32x15
              text run at (0,1080) width 32: "hhhh"
            LayoutBR {BR} at (31,1092) size 1x0
            LayoutText {#text} at (0,1095) size 32x15
              text run at (0,1095) width 32: "iiii"
            LayoutBR {BR} at (31,1107) size 1x0
            LayoutText {#text} at (0,1110) size 32x15
              text run at (0,1110) width 32: "jjjj"
            LayoutBR {BR} at (31,1122) size 1x0
            LayoutText {#text} at (0,1125) size 32x15
              text run at (0,1125) width 32: "kkkk"
            LayoutBR {BR} at (31,1137) size 1x0
            LayoutText {#text} at (0,1140) size 32x15
              text run at (0,1140) width 32: "llll"
            LayoutBR {BR} at (31,1152) size 1x0
            LayoutText {#text} at (0,1155) size 32x15
              text run at (0,1155) width 32: "mmmm"
            LayoutBR {BR} at (31,1167) size 1x0
            LayoutText {#text} at (0,1170) size 32x15
              text run at (0,1170) width 32: "nnnn"
            LayoutBR {BR} at (31,1182) size 1x0
            LayoutText {#text} at (0,1185) size 32x15
              text run at (0,1185) width 32: "oooo"
            LayoutBR {BR} at (31,1197) size 1x0
            LayoutText {#text} at (0,1200) size 32x15
              text run at (0,1200) width 32: "pppp"
            LayoutBR {BR} at (31,1212) size 1x0
            LayoutText {#text} at (0,1215) size 32x15
              text run at (0,1215) width 32: "qqqq"
            LayoutBR {BR} at (31,1227) size 1x0
            LayoutText {#text} at (0,1230) size 32x15
              text run at (0,1230) width 32: "rrrr"
            LayoutBR {BR} at (31,1242) size 1x0
            LayoutText {#text} at (0,1245) size 32x15
              text run at (0,1245) width 32: "ssss"
            LayoutBR {BR} at (31,1257) size 1x0
            LayoutText {#text} at (0,1260) size 32x15
              text run at (0,1260) width 32: "tttt"
            LayoutBR {BR} at (31,1272) size 1x0
            LayoutText {#text} at (0,1275) size 32x15
              text run at (0,1275) width 32: "uuuu"
            LayoutBR {BR} at (31,1287) size 1x0
            LayoutText {#text} at (0,1290) size 32x15
              text run at (0,1290) width 32: "vvvv"
            LayoutBR {BR} at (31,1302) size 1x0
            LayoutText {#text} at (0,1305) size 32x15
              text run at (0,1305) width 32: "wwww"
            LayoutBR {BR} at (31,1317) size 1x0
            LayoutText {#text} at (0,1320) size 32x15
              text run at (0,1320) width 32: "xxxx"
            LayoutBR {BR} at (31,1332) size 1x0
            LayoutText {#text} at (0,1335) size 32x15
              text run at (0,1335) width 32: "yyyy"
            LayoutBR {BR} at (31,1347) size 1x0
            LayoutText {#text} at (0,1350) size 32x15
              text run at (0,1350) width 32: "zzzz"
            LayoutBR {BR} at (31,1362) size 1x0
            LayoutText {#text} at (0,1365) size 32x15
              text run at (0,1365) width 32: "{{{{"
            LayoutBR {BR} at (31,1377) size 1x0
            LayoutText {#text} at (0,1380) size 32x15
              text run at (0,1380) width 32: "||||"
            LayoutBR {BR} at (31,1392) size 1x0
            LayoutText {#text} at (0,1395) size 32x15
              text run at (0,1395) width 32: "}}}}"
            LayoutBR {BR} at (31,1407) size 1x0
          LayoutText {#text} at (0,0) size 0x0
      LayoutBlockFlow {P} at (0,3323) size 769x1410
        LayoutInline {FONT} at (0,0) size 32x1410
          LayoutText {#text} at (0,0) size 0x0
          LayoutInline {I} at (0,0) size 32x1410
            LayoutText {#text} at (0,0) size 32x15
              text run at (0,0) width 32: "    "
            LayoutBR {BR} at (31,12) size 1x0
            LayoutText {#text} at (0,15) size 32x15
              text run at (0,15) width 32: "!!!!"
            LayoutBR {BR} at (31,27) size 1x0
            LayoutText {#text} at (0,30) size 32x15
              text run at (0,30) width 32: "\"\"\"\""
            LayoutBR {BR} at (31,42) size 1x0
            LayoutText {#text} at (0,45) size 32x15
              text run at (0,45) width 32: "####"
            LayoutBR {BR} at (31,57) size 1x0
            LayoutText {#text} at (0,60) size 32x15
              text run at (0,60) width 32: "$$$$"
            LayoutBR {BR} at (31,72) size 1x0
            LayoutText {#text} at (0,75) size 32x15
              text run at (0,75) width 32: "%%%%"
            LayoutBR {BR} at (31,87) size 1x0
            LayoutText {#text} at (0,90) size 32x15
              text run at (0,90) width 32: "&&&&"
            LayoutBR {BR} at (31,102) size 1x0
            LayoutText {#text} at (0,105) size 32x15
              text run at (0,105) width 32: "''''"
            LayoutBR {BR} at (31,117) size 1x0
            LayoutText {#text} at (0,120) size 32x15
              text run at (0,120) width 32: "(((("
            LayoutBR {BR} at (31,132) size 1x0
            LayoutText {#text} at (0,135) size 32x15
              text run at (0,135) width 32: "))))"
            LayoutBR {BR} at (31,147) size 1x0
            LayoutText {#text} at (0,150) size 32x15
              text run at (0,150) width 32: "****"
            LayoutBR {BR} at (31,162) size 1x0
            LayoutText {#text} at (0,165) size 32x15
              text run at (0,165) width 32: "++++"
            LayoutBR {BR} at (31,177) size 1x0
            LayoutText {#text} at (0,180) size 32x15
              text run at (0,180) width 32: ",,,,"
            LayoutBR {BR} at (31,192) size 1x0
            LayoutText {#text} at (0,195) size 32x15
              text run at (0,195) width 32: "----"
            LayoutBR {BR} at (31,207) size 1x0
            LayoutText {#text} at (0,210) size 32x15
              text run at (0,210) width 32: "...."
            LayoutBR {BR} at (31,222) size 1x0
            LayoutText {#text} at (0,225) size 32x15
              text run at (0,225) width 32: "////"
            LayoutBR {BR} at (31,237) size 1x0
            LayoutText {#text} at (0,240) size 32x15
              text run at (0,240) width 32: "0000"
            LayoutBR {BR} at (31,252) size 1x0
            LayoutText {#text} at (0,255) size 32x15
              text run at (0,255) width 32: "1111"
            LayoutBR {BR} at (31,267) size 1x0
            LayoutText {#text} at (0,270) size 32x15
              text run at (0,270) width 32: "2222"
            LayoutBR {BR} at (31,282) size 1x0
            LayoutText {#text} at (0,285) size 32x15
              text run at (0,285) width 32: "3333"
            LayoutBR {BR} at (31,297) size 1x0
            LayoutText {#text} at (0,300) size 32x15
              text run at (0,300) width 32: "4444"
            LayoutBR {BR} at (31,312) size 1x0
            LayoutText {#text} at (0,315) size 32x15
              text run at (0,315) width 32: "5555"
            LayoutBR {BR} at (31,327) size 1x0
            LayoutText {#text} at (0,330) size 32x15
              text run at (0,330) width 32: "6666"
            LayoutBR {BR} at (31,342) size 1x0
            LayoutText {#text} at (0,345) size 32x15
              text run at (0,345) width 32: "7777"
            LayoutBR {BR} at (31,357) size 1x0
            LayoutText {#text} at (0,360) size 32x15
              text run at (0,360) width 32: "8888"
            LayoutBR {BR} at (31,372) size 1x0
            LayoutText {#text} at (0,375) size 32x15
              text run at (0,375) width 32: "9999"
            LayoutBR {BR} at (31,387) size 1x0
            LayoutText {#text} at (0,390) size 32x15
              text run at (0,390) width 32: "::::"
            LayoutBR {BR} at (31,402) size 1x0
            LayoutText {#text} at (0,405) size 32x15
              text run at (0,405) width 32: ";;;;"
            LayoutBR {BR} at (31,417) size 1x0
            LayoutText {#text} at (0,420) size 32x15
              text run at (0,420) width 32: "<<<<"
            LayoutBR {BR} at (31,432) size 1x0
            LayoutText {#text} at (0,435) size 32x15
              text run at (0,435) width 32: "===="
            LayoutBR {BR} at (31,447) size 1x0
            LayoutText {#text} at (0,450) size 32x15
              text run at (0,450) width 32: ">>>>"
            LayoutBR {BR} at (31,462) size 1x0
            LayoutText {#text} at (0,465) size 32x15
              text run at (0,465) width 32: "????"
            LayoutBR {BR} at (31,477) size 1x0
            LayoutText {#text} at (0,480) size 32x15
              text run at (0,480) width 32: "@@@@"
            LayoutBR {BR} at (31,492) size 1x0
            LayoutText {#text} at (0,495) size 32x15
              text run at (0,495) width 32: "AAAA"
            LayoutBR {BR} at (31,507) size 1x0
            LayoutText {#text} at (0,510) size 32x15
              text run at (0,510) width 32: "BBBB"
            LayoutBR {BR} at (31,522) size 1x0
            LayoutText {#text} at (0,525) size 32x15
              text run at (0,525) width 32: "CCCC"
            LayoutBR {BR} at (31,537) size 1x0
            LayoutText {#text} at (0,540) size 32x15
              text run at (0,540) width 32: "DDDD"
            LayoutBR {BR} at (31,552) size 1x0
            LayoutText {#text} at (0,555) size 32x15
              text run at (0,555) width 32: "EEEE"
            LayoutBR {BR} at (31,567) size 1x0
            LayoutText {#text} at (0,570) size 32x15
              text run at (0,570) width 32: "FFFF"
            LayoutBR {BR} at (31,582) size 1x0
            LayoutText {#text} at (0,585) size 32x15
              text run at (0,585) width 32: "GGGG"
            LayoutBR {BR} at (31,597) size 1x0
            LayoutText {#text} at (0,600) size 32x15
              text run at (0,600) width 32: "HHHH"
            LayoutBR {BR} at (31,612) size 1x0
            LayoutText {#text} at (0,615) size 32x15
              text run at (0,615) width 32: "IIII"
            LayoutBR {BR} at (31,627) size 1x0
            LayoutText {#text} at (0,630) size 32x15
              text run at (0,630) width 32: "JJJJ"
            LayoutBR {BR} at (31,642) size 1x0
            LayoutText {#text} at (0,645) size 32x15
              text run at (0,645) width 32: "KKKK"
            LayoutBR {BR} at (31,657) size 1x0
            LayoutText {#text} at (0,660) size 32x15
              text run at (0,660) width 32: "LLLL"
            LayoutBR {BR} at (31,672) size 1x0
            LayoutText {#text} at (0,675) size 32x15
              text run at (0,675) width 32: "MMMM"
            LayoutBR {BR} at (31,687) size 1x0
            LayoutText {#text} at (0,690) size 32x15
              text run at (0,690) width 32: "NNNN"
            LayoutBR {BR} at (31,702) size 1x0
            LayoutText {#text} at (0,705) size 32x15
              text run at (0,705) width 32: "OOOO"
            LayoutBR {BR} at (31,717) size 1x0
            LayoutText {#text} at (0,720) size 32x15
              text run at (0,720) width 32: "PPPP"
            LayoutBR {BR} at (31,732) size 1x0
            LayoutText {#text} at (0,735) size 32x15
              text run at (0,735) width 32: "QQQQ"
            LayoutBR {BR} at (31,747) size 1x0
            LayoutText {#text} at (0,750) size 32x15
              text run at (0,750) width 32: "RRRR"
            LayoutBR {BR} at (31,762) size 1x0
            LayoutText {#text} at (0,765) size 32x15
              text run at (0,765) width 32: "SSSS"
            LayoutBR {BR} at (31,777) size 1x0
            LayoutText {#text} at (0,780) size 32x15
              text run at (0,780) width 32: "TTTT"
            LayoutBR {BR} at (31,792) size 1x0
            LayoutText {#text} at (0,795) size 32x15
              text run at (0,795) width 32: "UUUU"
            LayoutBR {BR} at (31,807) size 1x0
            LayoutText {#text} at (0,810) size 32x15
              text run at (0,810) width 32: "VVVV"
            LayoutBR {BR} at (31,822) size 1x0
            LayoutText {#text} at (0,825) size 32x15
              text run at (0,825) width 32: "WWWW"
            LayoutBR {BR} at (31,837) size 1x0
            LayoutText {#text} at (0,840) size 32x15
              text run at (0,840) width 32: "XXXX"
            LayoutBR {BR} at (31,852) size 1x0
            LayoutText {#text} at (0,855) size 32x15
              text run at (0,855) width 32: "YYYY"
            LayoutBR {BR} at (31,867) size 1x0
            LayoutText {#text} at (0,870) size 32x15
              text run at (0,870) width 32: "ZZZZ"
            LayoutBR {BR} at (31,882) size 1x0
            LayoutText {#text} at (0,885) size 32x15
              text run at (0,885) width 32: "[[[["
            LayoutBR {BR} at (31,897) size 1x0
            LayoutText {#text} at (0,900) size 32x15
              text run at (0,900) width 32: "\\\\\\\\"
            LayoutBR {BR} at (31,912) size 1x0
            LayoutText {#text} at (0,915) size 32x15
              text run at (0,915) width 32: "]]]]"
            LayoutBR {BR} at (31,927) size 1x0
            LayoutText {#text} at (0,930) size 32x15
              text run at (0,930) width 32: "^^^^"
            LayoutBR {BR} at (31,942) size 1x0
            LayoutText {#text} at (0,945) size 32x15
              text run at (0,945) width 32: "____"
            LayoutBR {BR} at (31,957) size 1x0
            LayoutText {#text} at (0,960) size 32x15
              text run at (0,960) width 32: "````"
            LayoutBR {BR} at (31,972) size 1x0
            LayoutText {#text} at (0,975) size 32x15
              text run at (0,975) width 32: "aaaa"
            LayoutBR {BR} at (31,987) size 1x0
            LayoutText {#text} at (0,990) size 32x15
              text run at (0,990) width 32: "bbbb"
            LayoutBR {BR} at (31,1002) size 1x0
            LayoutText {#text} at (0,1005) size 32x15
              text run at (0,1005) width 32: "cccc"
            LayoutBR {BR} at (31,1017) size 1x0
            LayoutText {#text} at (0,1020) size 32x15
              text run at (0,1020) width 32: "dddd"
            LayoutBR {BR} at (31,1032) size 1x0
            LayoutText {#text} at (0,1035) size 32x15
              text run at (0,1035) width 32: "eeee"
            LayoutBR {BR} at (31,1047) size 1x0
            LayoutText {#text} at (0,1050) size 32x15
              text run at (0,1050) width 32: "ffff"
            LayoutBR {BR} at (31,1062) size 1x0
            LayoutText {#text} at (0,1065) size 32x15
              text run at (0,1065) width 32: "gggg"
            LayoutBR {BR} at (31,1077) size 1x0
            LayoutText {#text} at (0,1080) size 32x15
              text run at (0,1080) width 32: "hhhh"
            LayoutBR {BR} at (31,1092) size 1x0
            LayoutText {#text} at (0,1095) size 32x15
              text run at (0,1095) width 32: "iiii"
            LayoutBR {BR} at (31,1107) size 1x0
            LayoutText {#text} at (0,1110) size 32x15
              text run at (0,1110) width 32: "jjjj"
            LayoutBR {BR} at (31,1122) size 1x0
            LayoutText {#text} at (0,1125) size 32x15
              text run at (0,1125) width 32: "kkkk"
            LayoutBR {BR} at (31,1137) size 1x0
            LayoutText {#text} at (0,1140) size 32x15
              text run at (0,1140) width 32: "llll"
            LayoutBR {BR} at (31,1152) size 1x0
            LayoutText {#text} at (0,1155) size 32x15
              text run at (0,1155) width 32: "mmmm"
            LayoutBR {BR} at (31,1167) size 1x0
            LayoutText {#text} at (0,1170) size 32x15
              text run at (0,1170) width 32: "nnnn"
            LayoutBR {BR} at (31,1182) size 1x0
            LayoutText {#text} at (0,1185) size 32x15
              text run at (0,1185) width 32: "oooo"
            LayoutBR {BR} at (31,1197) size 1x0
            LayoutText {#text} at (0,1200) size 32x15
              text run at (0,1200) width 32: "pppp"
            LayoutBR {BR} at (31,1212) size 1x0
            LayoutText {#text} at (0,1215) size 32x15
              text run at (0,1215) width 32: "qqqq"
            LayoutBR {BR} at (31,1227) size 1x0
            LayoutText {#text} at (0,1230) size 32x15
              text run at (0,1230) width 32: "rrrr"
            LayoutBR {BR} at (31,1242) size 1x0
            LayoutText {#text} at (0,1245) size 32x15
              text run at (0,1245) width 32: "ssss"
            LayoutBR {BR} at (31,1257) size 1x0
            LayoutText {#text} at (0,1260) size 32x15
              text run at (0,1260) width 32: "tttt"
            LayoutBR {BR} at (31,1272) size 1x0
            LayoutText {#text} at (0,1275) size 32x15
              text run at (0,1275) width 32: "uuuu"
            LayoutBR {BR} at (31,1287) size 1x0
            LayoutText {#text} at (0,1290) size 32x15
              text run at (0,1290) width 32: "vvvv"
            LayoutBR {BR} at (31,1302) size 1x0
            LayoutText {#text} at (0,1305) size 32x15
              text run at (0,1305) width 32: "wwww"
            LayoutBR {BR} at (31,1317) size 1x0
            LayoutText {#text} at (0,1320) size 32x15
              text run at (0,1320) width 32: "xxxx"
            LayoutBR {BR} at (31,1332) size 1x0
            LayoutText {#text} at (0,1335) size 32x15
              text run at (0,1335) width 32: "yyyy"
            LayoutBR {BR} at (31,1347) size 1x0
            LayoutText {#text} at (0,1350) size 32x15
              text run at (0,1350) width 32: "zzzz"
            LayoutBR {BR} at (31,1362) size 1x0
            LayoutText {#text} at (0,1365) size 32x15
              text run at (0,1365) width 32: "{{{{"
            LayoutBR {BR} at (31,1377) size 1x0
            LayoutText {#text} at (0,1380) size 32x15
              text run at (0,1380) width 32: "||||"
            LayoutBR {BR} at (31,1392) size 1x0
            LayoutText {#text} at (0,1395) size 32x15
              text run at (0,1395) width 32: "}}}}"
            LayoutBR {BR} at (31,1407) size 1x0
          LayoutText {#text} at (0,0) size 0x0
        LayoutText {#text} at (0,0) size 0x0
