layer at (0,0) size 800x600
  LayoutView at (0,0) size 800x600
layer at (0,0) size 800x600
  LayoutBlockFlow {HTML} at (0,0) size 800x600
    LayoutBlockFlow {BODY} at (8,8) size 784x576
      LayoutBlockFlow {P} at (0,0) size 784x36
        LayoutText {#text} at (0,0) size 772x36
          text run at (0,0) width 431: "Test that search field text is vertically centered if the search field is "
          text run at (430,0) width 342: "taller than the text. In each of the following pairs of a"
          text run at (0,18) width 105: "search field and "
          text run at (104,18) width 366: "a text field, the vertical position of the text should be the "
          text run at (469,18) width 125: "same in both fields."
      LayoutBlockFlow {P} at (0,52) size 784x45
        LayoutTextControl {INPUT} at (0,0) size 131x45 [bgcolor=#FFFFFF] [border: (2px inset #EEEEEE)]
          LayoutFlexibleBox {DIV} at (3,16) size 125x13
            LayoutBlockFlow {DIV} at (0,0) size 113x13
        LayoutText {#text} at (131,13) size 4x18
          text run at (131,13) width 4: " "
        LayoutTextControl {INPUT} at (135,0) size 131x45 [bgcolor=#FFFFFF] [border: (2px inset #EEEEEE)]
        LayoutText {#text} at (0,0) size 0x0
      LayoutBlockFlow {P} at (0,113) size 784x18
        LayoutTextControl {INPUT} at (0,1.50) size 131x16 [bgcolor=#FFFFFF] [border: (2px inset #EEEEEE)]
          LayoutFlexibleBox {DIV} at (3,1.50) size 125x13
            LayoutBlockFlow {DIV} at (0,0) size 113x13
        LayoutText {#text} at (131,0) size 4x18
          text run at (131,0) width 4: " "
        LayoutTextControl {INPUT} at (135,1.50) size 131x16 [bgcolor=#FFFFFF] [border: (2px inset #EEEEEE)]
        LayoutText {#text} at (0,0) size 0x0
      LayoutBlockFlow {P} at (0,147) size 784x18
        LayoutTextControl {INPUT} at (0,3.50) size 131x12 [bgcolor=#FFFFFF] [border: (2px inset #EEEEEE)]
          LayoutFlexibleBox {DIV} at (3,-0.50) size 125x13
            LayoutBlockFlow {DIV} at (0,0) size 113x13
        LayoutText {#text} at (131,0) size 4x18
          text run at (131,0) width 4: " "
        LayoutTextControl {INPUT} at (135,3.50) size 131x12 [bgcolor=#FFFFFF] [border: (2px inset #EEEEEE)]
        LayoutText {#text} at (0,0) size 0x0
layer at (11,76) size 113x13
  LayoutBlockFlow {DIV} at (0,0) size 113x13
    LayoutText {#text} at (0,0) size 22x13
      text run at (0,0) width 22: "Text"
layer at (146,76) size 125x13
  LayoutBlockFlow {DIV} at (3,16) size 125x13
    LayoutText {#text} at (0,0) size 22x13
      text run at (0,0) width 22: "Text"
layer at (11,124) size 113x13 backgroundClip at (11,125) size 113x12 clip at (11,125) size 113x12
  LayoutBlockFlow {DIV} at (0,0) size 113x13
    LayoutText {#text} at (0,0) size 22x13
      text run at (0,0) width 22: "Text"
layer at (146,124) size 125x13 backgroundClip at (146,125) size 125x12 clip at (146,125) size 125x12
  LayoutBlockFlow {DIV} at (3,1.50) size 125x13
    LayoutText {#text} at (0,0) size 22x13
      text run at (0,0) width 22: "Text"
layer at (11,158) size 113x13 backgroundClip at (11,161) size 113x8 clip at (11,161) size 113x8
  LayoutBlockFlow {DIV} at (0,0) size 113x13
    LayoutText {#text} at (0,0) size 22x13
      text run at (0,0) width 22: "Text"
layer at (146,158) size 125x13 backgroundClip at (146,161) size 125x8 clip at (146,161) size 125x8
  LayoutBlockFlow {DIV} at (3,-0.50) size 125x13
    LayoutText {#text} at (0,0) size 22x13
      text run at (0,0) width 22: "Text"
layer at (125,77) size 11x11 transparent
  LayoutBlockFlow {DIV} at (114,1) size 11x11
layer at (125,125) size 11x11 transparent
  LayoutBlockFlow {DIV} at (114,1) size 11x11
layer at (125,159) size 11x11 backgroundClip at (10,161) size 127x8 clip at (10,161) size 127x8 transparent
  LayoutBlockFlow {DIV} at (114,1) size 11x11
