layer at (0,0) size 800x600
  LayoutView at (0,0) size 800x600
layer at (0,0) size 800x600
  LayoutBlockFlow {HTML} at (0,0) size 800x600
    LayoutBlockFlow {BODY} at (8,8) size 784x584
      LayoutBlockFlow {P} at (0,0) size 784x20
        LayoutText {#text} at (0,0) size 290x19
          text run at (0,0) width 290: "All gradients in a row should render the same."
      LayoutBlockFlow (anonymous) at (0,36) size 784x194
        LayoutBlockFlow {DIV} at (5,5) size 82x82 [border: (1px solid #808080)]
        LayoutText {#text} at (92,77) size 4x19
          text run at (92,77) width 4: " "
        LayoutBlockFlow {DIV} at (101,5) size 82x82 [border: (1px solid #808080)]
        LayoutText {#text} at (188,77) size 4x19
          text run at (188,77) width 4: " "
        LayoutBlockFlow {DIV} at (197,5) size 82x82 [border: (1px solid #808080)]
        LayoutText {#text} at (284,77) size 4x19
          text run at (284,77) width 4: " "
        LayoutBlockFlow {DIV} at (293,5) size 82x82 [border: (1px solid #808080)]
        LayoutText {#text} at (380,77) size 4x19
          text run at (380,77) width 4: " "
        LayoutBlockFlow {DIV} at (389,5) size 82x82 [border: (1px solid #808080)]
        LayoutText {#text} at (476,77) size 4x19
          text run at (476,77) width 4: " "
        LayoutBlockFlow {DIV} at (485,5) size 82x82 [border: (1px solid #808080)]
        LayoutText {#text} at (572,77) size 4x19
          text run at (572,77) width 4: " "
        LayoutBlockFlow {DIV} at (581,5) size 82x82 [border: (1px solid #808080)]
        LayoutText {#text} at (668,77) size 4x19
          text run at (668,77) width 4: " "
        LayoutBlockFlow {DIV} at (677,5) size 82x82 [border: (1px solid #808080)]
        LayoutText {#text} at (764,77) size 4x19
          text run at (764,77) width 4: " "
        LayoutBR {BR} at (768,92) size 0x0
        LayoutBlockFlow {DIV} at (5,102) size 82x82 [border: (1px solid #808080)]
        LayoutText {#text} at (92,174) size 4x19
          text run at (92,174) width 4: " "
        LayoutBlockFlow {DIV} at (101,102) size 82x82 [border: (1px solid #808080)]
        LayoutText {#text} at (188,174) size 4x19
          text run at (188,174) width 4: " "
        LayoutBlockFlow {DIV} at (197,102) size 82x82 [border: (1px solid #808080)]
        LayoutText {#text} at (284,174) size 4x19
          text run at (284,174) width 4: " "
        LayoutBlockFlow {DIV} at (293,102) size 82x82 [border: (1px solid #808080)]
        LayoutText {#text} at (380,174) size 4x19
          text run at (380,174) width 4: " "
        LayoutBlockFlow {DIV} at (389,102) size 82x82 [border: (1px solid #808080)]
        LayoutText {#text} at (476,174) size 4x19
          text run at (476,174) width 4: " "
        LayoutBlockFlow {DIV} at (485,102) size 82x82 [border: (1px solid #808080)]
        LayoutText {#text} at (572,174) size 4x19
          text run at (572,174) width 4: " "
        LayoutBlockFlow {DIV} at (581,102) size 82x82 [border: (1px solid #808080)]
        LayoutText {#text} at (668,174) size 4x19
          text run at (668,174) width 4: " "
        LayoutBlockFlow {DIV} at (677,102) size 82x82 [border: (1px solid #808080)]
        LayoutText {#text} at (0,0) size 0x0
