layer at (0,0) size 800x600
  LayoutView at (0,0) size 800x600
layer at (0,0) size 800x600
  LayoutBlockFlow {HTML} at (0,0) size 800x600
    LayoutBlockFlow {BODY} at (8,8) size 784x584
      LayoutBlockFlow {P} at (0,0) size 784x36
        LayoutText {#text} at (0,0) size 54x18
          text run at (0,0) width 54: "Test for "
        LayoutInline {I} at (0,0) size 752x36
          LayoutInline {A} at (0,0) size 305x18 [color=#0000EE]
            LayoutText {#text} at (53,0) size 305x18
              text run at (53,0) width 305: "http://bugs.webkit.org/show_bug.cgi?id=14347"
          LayoutText {#text} at (357,0) size 752x36
            text run at (357,0) width 5: " "
            text run at (361,0) width 391: "REGRESSION (r21291): Initiating a drag near the edge of a"
            text run at (0,18) width 132: "selection deselects it"
        LayoutText {#text} at (131,18) size 5x18
          text run at (131,18) width 5: "."
      LayoutBlockFlow {P} at (0,52) size 784x18
        LayoutText {#text} at (0,0) size 334x18
          text run at (0,0) width 334: "Drag the selected letter W into the yellow rectangle."
      LayoutBlockFlow {DIV} at (0,86) size 784x83
        LayoutText {#text} at (0,0) size 68x83
          text run at (0,0) width 68: "W"
      LayoutBlockFlow {DIV} at (0,169) size 784x83 [bgcolor=#FFFFCC]
        LayoutText {#text} at (0,0) size 68x83
          text run at (0,0) width 68: "W"
selection start: position 0 of child 0 {#text} of child 6 {DIV} of body
selection end:   position 1 of child 0 {#text} of child 6 {DIV} of body
