layer at (0,0) size 800x600
  LayoutView at (0,0) size 800x600
layer at (0,0) size 800x102
  LayoutBlockFlow {HTML} at (0,0) size 800x102
    LayoutBlockFlow {BODY} at (8,16) size 784x78
      LayoutBlockFlow {P} at (0,0) size 784x18
        LayoutText {#text} at (0,0) size 492x18
          text run at (0,0) width 492: "crbug.com/642454: Don't select part of the ellipsis when wrapping selection."
      LayoutBlockFlow {DL} at (200,34) size 384x44
        LayoutBlockFlow {DT} at (0,22) size 384x22
          LayoutText {#text} at (0,0) size 214x22
            text run at (0,0) width 214: "Lorem ipsum dolor sit amet"
layer at (248,50) size 344x22 scrollWidth 1222
  LayoutBlockFlow {DD} at (40,0) size 344x22
    LayoutText {#text} at (0,0) size 1222x22
      text run at (0,0) width 1222: "Lorem ipsum dolor sit amet, consetetur sadipscing elitr, sed diam nonumy eirmod tempor invidunt ut labore et dolore magna aliquyam erat, sed diam voluptua."
selection start: position 0 of child 0 {#text} of child 1 {DD} of child 2 {DL} of body
selection end:   position 10 of child 0 {#text} of child 3 {DT} of child 2 {DL} of body
