layer at (0,0) size 800x600
  LayoutView at (0,0) size 800x600
layer at (0,0) size 800x104
  LayoutBlockFlow {HTML} at (0,0) size 800x104
    LayoutBlockFlow {BODY} at (8,16) size 784x80
      LayoutBlockFlow {P} at (0,0) size 784x18
        LayoutText {#text} at (0,0) size 492x18
          text run at (0,0) width 492: "crbug.com/642454: Don't select part of the ellipsis when wrapping selection."
      LayoutBlockFlow {DL} at (200,34) size 384x46
        LayoutBlockFlow {DT} at (0,24) size 384x22
          LayoutText {#text} at (0,0) size 214x22
            text run at (0,0) width 214: "Lorem ipsum dolor sit amet"
layer at (248,50) size 344x24 scrollWidth 493
  LayoutBlockFlow {DD} at (40,0) size 344x24
    LayoutText {#text} at (0,2) size 494x22
      text run at (0,2) width 56: "Lorem "
      text run at (55,2) width 439 RTL: "\x{5DC}\x{5D5}\x{5E8}\x{5DD} \x{5D0}\x{5D9}\x{5E4}\x{5E1}\x{5D5}\x{5DD} \x{5D4}\x{5D5}\x{5D0} \x{5DB}\x{5D9}\x{5E0}\x{5D5}\x{5D9} \x{5DC}\x{5D8}\x{5E7}\x{5E1}\x{5D8} \x{5D7}\x{5E1}\x{5E8} \x{5DE}\x{5E9}\x{5DE}\x{5E2}\x{5D5}\x{5EA} \x{5DC}\x{5D7}\x{5DC}\x{5D5}\x{5D8}\x{5D9}\x{5DF}"
selection start: position 0 of child 0 {#text} of child 1 {DD} of child 2 {DL} of body
selection end:   position 10 of child 0 {#text} of child 3 {DT} of child 2 {DL} of body
