layer at (0,0) size 800x600
  LayoutView at (0,0) size 800x600
layer at (0,0) size 800x600
  LayoutBlockFlow {HTML} at (0,0) size 800x600
    LayoutBlockFlow {BODY} at (8,8) size 784x576
      LayoutBlockFlow {P} at (0,0) size 784x36
        LayoutText {#text} at (0,0) size 54x18
          text run at (0,0) width 54: "Test for "
        LayoutInline {I} at (0,0) size 737x36
          LayoutInline {A} at (0,0) size 304x18 [color=#0000EE]
            LayoutText {#text} at (53,0) size 304x18
              text run at (53,0) width 304: "http://bugs.webkit.org/show_bug.cgi?id=14911"
          LayoutText {#text} at (356,0) size 737x36
            text run at (356,0) width 5: " "
            text run at (360,0) width 377: "REGRESSION: Clicking in pasted text doesn't position the"
            text run at (0,18) width 155: "insertion point correctly"
        LayoutText {#text} at (154,18) size 5x18
          text run at (154,18) width 5: "."
      LayoutBlockFlow {P} at (0,52) size 784x18
        LayoutText {#text} at (0,0) size 569x18
          text run at (0,0) width 538: "You should be able to select individual letters in \x{201C}ipsum\x{201D} by dragging in the yellow "
          text run at (537,0) width 32: "area "
        LayoutInline {EM} at (0,0) size 39x18
          LayoutText {#text} at (568,0) size 39x18
            text run at (568,0) width 39: "above"
        LayoutText {#text} at (606,0) size 41x18
          text run at (606,0) width 41: " them."
      LayoutBlockFlow (floating) {DIV} at (0,86) size 85.78x80 [bgcolor=#FFFFAA]
        LayoutInline {SPAN} at (0,0) size 86x18 [bgcolor=#FFFFFF]
          LayoutText {#text} at (0,31) size 47x18
            text run at (0,31) width 47: "Lorem "
          LayoutText {#text} at (46,31) size 40x18
            text run at (46,31) width 40: "ipsum"
        LayoutText {#text} at (0,0) size 0x0
caret: position 0 of child 0 {#text} of child 1 {SPAN} of child 4 {DIV} of body
