layer at (0,0) size 800x600
  LayoutView at (0,0) size 800x600
layer at (0,0) size 800x600
  LayoutBlockFlow {HTML} at (0,0) size 800x600
    LayoutBlockFlow {BODY} at (8,8) size 784x584
      LayoutBlockFlow {DIV} at (0,0) size 784x88
        LayoutBlockFlow {P} at (0,0) size 784x18
          LayoutText {#text} at (0,0) size 27x18
            text run at (0,0) width 27: "For "
          LayoutInline {A} at (0,0) size 71x18 [color=#0000EE]
            LayoutText {#text} at (26,0) size 71x18
              text run at (26,0) width 71: "Bug 32123"
          LayoutText {#text} at (96,0) size 321x18
            text run at (96,0) width 9: ". "
            text run at (104,0) width 313: "Hightlight for Selection should fit the target line."
        LayoutBlockFlow (anonymous) at (0,34) size 784x18
          LayoutInline {SPAN} at (0,0) size 8x18
            LayoutText {#text} at (0,0) size 8x18
              text run at (0,0) width 8: "a"
        LayoutBlockFlow {DIV} at (0,52) size 784x18
          LayoutText {#text} at (0,0) size 134x18
            text run at (0,0) width 134: "should just select me"
        LayoutBlockFlow (anonymous) at (0,70) size 784x18
          LayoutInline {SPAN} at (0,0) size 8x18
            LayoutText {#text} at (0,0) size 8x18
              text run at (0,0) width 8: "c"
          LayoutText {#text} at (0,0) size 0x0
selection start: position 1 of child 0 {#text} of child 3 {SPAN} of child 1 {DIV} of body
selection end:   position 0 of child 5 {SPAN} of child 1 {DIV} of body
