layer at (0,0) size 800x600
  LayoutView at (0,0) size 800x600
layer at (0,0) size 800x600
  LayoutBlockFlow {HTML} at (0,0) size 800x600
    LayoutBlockFlow {BODY} at (8,8) size 784x584
      LayoutBlockFlow {H3} at (0,0) size 784x22
        LayoutText {#text} at (0,0) size 66x22
          text run at (0,0) width 66: "Test for "
        LayoutInline {A} at (0,0) size 150x22 [color=#0000EE]
          LayoutText {#text} at (65,0) size 150x22
            text run at (65,0) width 150: "WebKit bug 29968"
        LayoutText {#text} at (214,0) size 551x22
          text run at (214,0) width 551: ": Selecting text with text-overflow ellipsis should not show cut off text"
layer at (8,49) size 95x18 scrollWidth 124
  LayoutBlockFlow {DIV} at (0,40.72) size 95x18
    LayoutText {#text} at (0,0) size 124x18
      text run at (0,0) width 124: "Lorem ipsum dolor"
selection start: position 0 of child 0 {#text} of child 3 {DIV} of body
selection end:   position 11 of child 0 {#text} of child 3 {DIV} of body
