layer at (0,0) size 800x600
  LayoutView at (0,0) size 800x600
layer at (0,0) size 800x82
  LayoutBlockFlow {HTML} at (0,0) size 800x82
    LayoutBlockFlow {BODY} at (8,16) size 784x58
      LayoutBlockFlow {P} at (0,0) size 784x18
        LayoutText {#text} at (0,0) size 384x18
          text run at (0,0) width 384: "crbug.com/634445: Select all text in mixed ltr-rtl in rtl flow."
      LayoutBlockFlow {DL} at (200,34) size 384x24
layer at (208,50) size 344x24 scrollX 149.00 scrollWidth 493
  LayoutBlockFlow {DD} at (0,0) size 344x24
    LayoutText {#text} at (-149,2) size 494x22
      text run at (-149,2) width 442 RTL: " \x{5DC}\x{5D5}\x{5E8}\x{5DD} \x{5D0}\x{5D9}\x{5E4}\x{5E1}\x{5D5}\x{5DD} \x{5D4}\x{5D5}\x{5D0} \x{5DB}\x{5D9}\x{5E0}\x{5D5}\x{5D9} \x{5DC}\x{5D8}\x{5E7}\x{5E1}\x{5D8} \x{5D7}\x{5E1}\x{5E8} \x{5DE}\x{5E9}\x{5DE}\x{5E2}\x{5D5}\x{5EA} \x{5DC}\x{5D7}\x{5DC}\x{5D5}\x{5D8}\x{5D9}\x{5DF}"
      text run at (292,2) width 52: "Lorem"
selection start: position 0 of child 0 {#text} of child 1 {DD} of child 2 {DL} of body
selection end:   position 52 of child 0 {#text} of child 1 {DD} of child 2 {DL} of body
