layer at (0,0) size 800x600
  LayoutView at (0,0) size 800x600
layer at (0,0) size 800x600
  LayoutBlockFlow {HTML} at (0,0) size 800x600
    LayoutBlockFlow {BODY} at (8,8) size 784x584
      LayoutBlockFlow (anonymous) at (0,0) size 784x18
        LayoutInline {SPAN} at (0,0) size 379x18
          LayoutText {#text} at (0,0) size 379x18
            text run at (0,0) width 379: "This test passes if the caret is at the start of the second line."
        LayoutText {#text} at (0,0) size 0x0
      LayoutBlockFlow {DIV} at (0,18) size 352x102 [border: (1px solid #0000FF)]
        LayoutText {#text} at (1,1) size 12x18
          text run at (1,1) width 12: "a "
        LayoutInline {SPAN} at (0,0) size 348x36 [color=#0000FF]
          LayoutText {#text} at (12,1) size 348x36
            text run at (12,1) width 337: "xxxxxxxxxxxxxxxxxxxxxxxxxxxxxxxxxxxxxxxxxx"
            text run at (1,19) width 8: "x"
caret: position 2 of child 0 {#text} of child 2 {DIV} of body
