layer at (0,0) size 800x600
  LayoutView at (0,0) size 800x600
layer at (0,0) size 800x600
  LayoutBlockFlow {HTML} at (0,0) size 800x600
    LayoutBlockFlow {BODY} at (8,8) size 784x576
      LayoutBlockFlow {BLOCKQUOTE} at (40,0) size 704x115
        LayoutBlockFlow {CENTER} at (0,0) size 704x115
          LayoutTable {TABLE} at (297.50,0) size 109x80 [border: (2px none #808080)]
            LayoutTableSection {TBODY} at (2,2) size 104x75
              LayoutTableRow {TR} at (0,0) size 104x25
                LayoutTableCell {TD} at (0,0) size 37x25 [border: (3px groove #0000FF)] [r=0 c=0 rs=1 cs=1]
                  LayoutText {#text} at (4,4) size 29x18
                    text run at (4,4) width 29: "EST"
                LayoutTableCell {TD} at (37,0) size 67x25 [border: (3px groove #0000FF)] [r=0 c=1 rs=1 cs=1]
                  LayoutText {#text} at (4,4) size 60x18
                    text run at (4,4) width 60: "9:00 a.m."
              LayoutTableRow {TR} at (0,25) size 104x25
                LayoutTableCell {TD} at (0,25) size 37x25 [border: (3px groove #0000FF)] [r=1 c=0 rs=1 cs=1]
                  LayoutText {#text} at (4,4) size 30x18
                    text run at (4,4) width 30: "CST"
                LayoutTableCell {TD} at (37,25) size 67x25 [border: (3px groove #0000FF)] [r=1 c=1 rs=1 cs=1]
                  LayoutText {#text} at (4,4) size 60x18
                    text run at (4,4) width 60: "8:00 a.m."
              LayoutTableRow {TR} at (0,50) size 104x25
                LayoutTableCell {TD} at (0,50) size 37x25 [border: (3px groove #0000FF)] [r=2 c=0 rs=1 cs=1]
                  LayoutText {#text} at (4,4) size 28x18
                    text run at (4,4) width 28: "PST"
                LayoutTableCell {TD} at (37,50) size 67x25 [border: (3px groove #0000FF)] [r=2 c=1 rs=1 cs=1]
                  LayoutText {#text} at (4,4) size 60x18
                    text run at (4,4) width 60: "6:00 a.m."
          LayoutBlockFlow {P} at (0,96) size 704x19
            LayoutButton {INPUT} at (289.84,1) size 61.28x18 [bgcolor=#C0C0C0]
              LayoutBlockFlow (anonymous) at (8,2) size 45.28x13
                LayoutText {#text} at (0,0) size 46x13
                  text run at (0,0) width 46: "separate"
            LayoutText {#text} at (351,0) size 5x18
              text run at (351,0) width 5: " "
            LayoutButton {INPUT} at (355.13,1) size 59.02x18 [bgcolor=#C0C0C0]
              LayoutBlockFlow (anonymous) at (8,2) size 43.02x13
                LayoutText {#text} at (0,0) size 43x13
                  text run at (0,0) width 43: "collapse"
