layer at (0,0) size 800x600
  LayoutView at (0,0) size 800x600
layer at (0,0) size 800x444
  LayoutBlockFlow {HTML} at (0,0) size 800x444
    LayoutBlockFlow {BODY} at (8,8) size 784x428
      LayoutBlockFlow {DIV} at (0,0) size 784x60
        LayoutText {#text} at (0,0) size 340x19
          text run at (0,0) width 340: "Test all of the values of text-justify for 8bits characters"
        LayoutBR {BR} at (339,0) size 1x19
        LayoutText {#text} at (0,20) size 607x19
          text run at (0,20) width 607: "This test checks that all of the values for text-justify property works properly for 8bits characters."
        LayoutBR {BR} at (607,20) size 0x19
        LayoutText {#text} at (0,40) size 450x19
          text run at (0,40) width 450: "Every block has been set as 'text-align: justify' and 'text-align-last: start'."
      LayoutBlockFlow (anonymous) at (0,60) size 784x40
        LayoutBR {BR} at (0,0) size 0x19
        LayoutInline {B} at (0,0) size 111x19
          LayoutText {#text} at (0,20) size 111x19
            text run at (0,20) width 111: "text-justify: auto"
        LayoutBR {BR} at (111,20) size 0x19
      LayoutBlockFlow {DIV} at (0,100) size 302x47 [border: (1px solid #000000)]
        LayoutText {#text} at (1,1) size 300x45
          text run at (1,1) width 300: "Lorem ipsum dolor sit amet, consectetuer"
          text run at (1,16) width 300: "adipiscing elit. Aenean commodo ligula"
          text run at (1,31) width 77: "eget dolor."
      LayoutBlockFlow (anonymous) at (0,147) size 784x40
        LayoutBR {BR} at (0,0) size 0x19
        LayoutInline {B} at (0,0) size 114x19
          LayoutText {#text} at (0,20) size 114x19
            text run at (0,20) width 114: "text-justify: none"
        LayoutBR {BR} at (114,20) size 0x19
      LayoutBlockFlow {DIV} at (0,187) size 302x47 [border: (1px solid #000000)]
        LayoutText {#text} at (1,1) size 280x45
          text run at (1,1) width 280: "Lorem ipsum dolor sit amet, consectetuer"
          text run at (1,16) width 266: "adipiscing elit. Aenean commodo ligula"
          text run at (1,31) width 77: "eget dolor."
      LayoutBlockFlow (anonymous) at (0,234) size 784x40
        LayoutBR {BR} at (0,0) size 0x19
        LayoutInline {B} at (0,0) size 154x19
          LayoutText {#text} at (0,20) size 154x19
            text run at (0,20) width 154: "text-justify: inter-word"
        LayoutBR {BR} at (153,20) size 1x19
      LayoutBlockFlow {DIV} at (0,274) size 302x47 [border: (1px solid #000000)]
        LayoutText {#text} at (1,1) size 300x45
          text run at (1,1) width 300: "Lorem ipsum dolor sit amet, consectetuer"
          text run at (1,16) width 300: "adipiscing elit. Aenean commodo ligula"
          text run at (1,31) width 77: "eget dolor."
      LayoutBlockFlow (anonymous) at (0,321) size 784x40
        LayoutBR {BR} at (0,0) size 0x19
        LayoutInline {B} at (0,0) size 146x19
          LayoutText {#text} at (0,20) size 146x19
            text run at (0,20) width 146: "text-justify: distribute"
        LayoutBR {BR} at (146,20) size 0x19
      LayoutBlockFlow {DIV} at (0,361) size 302x47 [border: (1px solid #000000)]
        LayoutText {#text} at (1,1) size 300x45
          text run at (1,1) width 300: "Lorem ipsum dolor sit amet, consectetuer"
          text run at (1,16) width 300: "adipiscing elit. Aenean commodo ligula"
          text run at (1,31) width 77: "eget dolor."
      LayoutBlockFlow (anonymous) at (0,408) size 784x20
        LayoutBR {BR} at (0,0) size 0x19
