layer at (0,0) size 800x600
  LayoutView at (0,0) size 800x600
layer at (0,0) size 800x560
  LayoutBlockFlow {HTML} at (0,0) size 800x560
    LayoutBlockFlow {BODY} at (8,16) size 784x524
      LayoutBlockFlow {P} at (0,0) size 784x40
        LayoutText {#text} at (0,0) size 784x39
          text run at (0,0) width 784: "Test ensures that nested transformed elements produce the same result as a single compound transform.You should not see any red"
          text run at (0,20) width 131: "in the two tests below"
layer at (78,76) size 402x222
  LayoutBlockFlow (relative positioned) {DIV} at (20,60) size 402x222 [border: (1px solid #000000)]
    LayoutBlockFlow {P} at (1,17) size 400x20
      LayoutText {#text} at (0,0) size 81x19
        text run at (0,0) width 81: "Translate first"
layer at (79,129) size 80x80
  LayoutBlockFlow (positioned) {DIV} at (1,53) size 80x80
layer at (154,149) size 80x80
  LayoutBlockFlow (positioned) {DIV} at (0,0) size 80x80
layer at (79,129) size 80x80
  LayoutBlockFlow (positioned) {DIV} at (0,0) size 80x80
layer at (79,129) size 80x80
  LayoutBlockFlow (positioned) {DIV} at (0,0) size 80x80 [bgcolor=#FF0000]
    LayoutText {#text} at (0,0) size 58x19
      text run at (0,0) width 58: "Individual"
layer at (79,129) size 80x80
  LayoutBlockFlow (positioned) {DIV} at (1,53) size 80x80 [bgcolor=#008000]
layer at (78,318) size 402x222
  LayoutBlockFlow (relative positioned) {DIV} at (20,302) size 402x222 [border: (1px solid #000000)]
    LayoutBlockFlow {P} at (1,17) size 400x20
      LayoutText {#text} at (0,0) size 102x19
        text run at (0,0) width 102: "Translate second"
layer at (79,371) size 80x80
  LayoutBlockFlow (positioned) {DIV} at (1,53) size 80x80
layer at (79,371) size 80x80
  LayoutBlockFlow (positioned) {DIV} at (0,0) size 80x80
layer at (79,371) size 80x80
  LayoutBlockFlow (positioned) {DIV} at (0,0) size 80x80
layer at (79,371) size 80x80
  LayoutBlockFlow (positioned) {DIV} at (0,0) size 80x80 [bgcolor=#FF0000]
    LayoutText {#text} at (0,0) size 58x19
      text run at (0,0) width 58: "Individual"
layer at (79,371) size 80x80
  LayoutBlockFlow (positioned) {DIV} at (1,53) size 80x80 [bgcolor=#008000]
