layer at (0,0) size 800x600
  LayoutView at (0,0) size 800x600
layer at (0,0) size 800x600
  LayoutBlockFlow {HTML} at (0,0) size 800x600
    LayoutBlockFlow {BODY} at (8,8) size 784x584
      LayoutBlockFlow {P} at (0,0) size 784x20
        LayoutText {#text} at (0,0) size 720x19
          text run at (0,0) width 420: "This tests extending an editable selection across non-editable content. "
          text run at (420,0) width 300: "Everything in the region below should be selected."
      LayoutBlockFlow {DIV} at (0,36) size 784x20
        LayoutText {#text} at (0,0) size 7x19
          text run at (0,0) width 7: "x"
        LayoutInline {SPAN} at (0,0) size 14x19
          LayoutText {#text} at (7,0) size 14x19
            text run at (7,0) width 14: "xx"
        LayoutText {#text} at (21,0) size 7x19
          text run at (21,0) width 7: "x"
selection start: position 0 of child 0 {#text} of child 2 {DIV} of body
selection end:   position 1 of child 2 {#text} of child 2 {DIV} of body
