layer at (0,0) size 800x600
  LayoutView at (0,0) size 800x600
layer at (0,0) size 800x600
  LayoutBlockFlow {HTML} at (0,0) size 800x600
    LayoutBlockFlow {BODY} at (8,8) size 784x576
      LayoutBlockFlow {P} at (0,0) size 784x40
        LayoutText {#text} at (0,0) size 767x39
          text run at (0,0) width 767: "This tests for a bug where autoscroll code would prevent text from being selected. To run manually create a selection by clicking"
          text run at (0,20) width 485: "somewhere in the first sentence of the paragraph below and dragging downward."
layer at (0,60) size 800x540
  LayoutBlockFlow (positioned) {DIV} at (0,60) size 800x540
layer at (0,60) size 800x80
  LayoutBlockFlow (positioned) {DIV} at (0,0) size 800x80
    LayoutBlockFlow {DIV} at (11,0) size 778x80
      LayoutText {#text} at (0,0) size 60x10
        text run at (0,0) width 60: "Lorem "
      LayoutInline {SPAN} at (0,0) size 50x10
        LayoutText {#text} at (60,0) size 50x10
          text run at (60,0) width 50: "ipsum"
      LayoutText {#text} at (110,0) size 770x80
        text run at (110,0) width 630: " dolor sit amet, consectetuer adipiscing elit. Integer vehicula"
        text run at (0,10) width 730: "accumsan massa. Quisque elementum. Cras id neque a mi rutrum scelerisque."
        text run at (0,20) width 760: "Nulla sed dui a massa sodales posuere. Nulla libero. Nulla posuere, felis id"
        text run at (0,30) width 740: "tincidunt tincidunt, ipsum metus tristique risus, et convallis turpis elit"
        text run at (0,40) width 770: "eget massa. Nunc consectetuer dolor vel nunc. Cum sociis natoque penatibus et"
        text run at (0,50) width 770: "magnis dis parturient montes, nascetur ridiculus mus. Quisque dapibus ante et"
        text run at (0,60) width 750: "nulla. Cras nec velit. Vestibulum ante ipsum primis in faucibus orci luctus"
        text run at (0,70) width 530: "et ultrices posuere cubilia Curae; Integer ut tortor."
selection start: position 2 of child 0 {#text} of child 1 {SPAN} of child 1 {DIV} of child 1 {DIV} of child 3 {DIV} of body
selection end:   position 223 of child 2 {#text} of child 1 {DIV} of child 1 {DIV} of child 3 {DIV} of body
