layer at (0,0) size 800x600
  LayoutView at (0,0) size 800x600
layer at (0,0) size 800x145
  LayoutBlockFlow {HTML} at (0,0) size 800x145
    LayoutBlockFlow {BODY} at (8,16) size 784x121
      LayoutBlockFlow {P} at (0,0) size 784x40
        LayoutText {#text} at (0,0) size 771x39
          text run at (0,0) width 771: "This tests that clicking in a contenteditable div will set the caret in the right position for LTR text in a RTL block. To test manually,"
          text run at (0,20) width 363: "click the left of the text. The caret should be on the left edge."
      LayoutBlockFlow {DIV} at (0,56) size 202.08x45 [border: (1px solid #000000)]
        LayoutText {#text} at (121,11) size 71x22
          text run at (121,11) width 71: "WebKit2"
      LayoutBlockFlow (anonymous) at (0,101) size 784x20
        LayoutText {#text} at (0,0) size 37x19
          text run at (0,0) width 37: "PASS"
        LayoutBR {BR} at (37,0) size 0x19
caret: position 7 of child 0 {#text} of child 3 {DIV} of body
