layer at (0,0) size 800x600
  LayoutView at (0,0) size 800x600
layer at (0,0) size 800x600
  LayoutBlockFlow {HTML} at (0,0) size 800x600
    LayoutBlockFlow {BODY} at (8,8) size 784x576
      LayoutBlockFlow {P} at (0,0) size 784x40
        LayoutText {#text} at (0,0) size 50x19
          text run at (0,0) width 50: "Test for "
        LayoutInline {I} at (0,0) size 732x39
          LayoutInline {A} at (0,0) size 303x19 [color=#0000EE]
            LayoutText {#text} at (50,0) size 303x19
              text run at (50,0) width 303: "http://bugs.webkit.org/show_bug.cgi?id=14911"
          LayoutText {#text} at (353,0) size 732x39
            text run at (353,0) width 4: " "
            text run at (357,0) width 375: "REGRESSION: Clicking in pasted text doesn't position the"
            text run at (0,20) width 153: "insertion point correctly"
        LayoutText {#text} at (153,20) size 4x19
          text run at (153,20) width 4: "."
      LayoutBlockFlow {P} at (0,56) size 784x20
        LayoutText {#text} at (0,0) size 521x19
          text run at (0,0) width 491: "You should be able to select individual letters in \x{201C}ipsum\x{201D} by dragging in the yellow "
          text run at (491,0) width 30: "area "
        LayoutInline {EM} at (0,0) size 39x19
          LayoutText {#text} at (521,0) size 39x19
            text run at (521,0) width 39: "above"
        LayoutText {#text} at (560,0) size 37x19
          text run at (560,0) width 37: " them."
      LayoutBlockFlow (floating) {DIV} at (0,92) size 79x80 [bgcolor=#FFFFAA]
        LayoutInline {SPAN} at (0,0) size 79x19 [bgcolor=#FFFFFF]
          LayoutText {#text} at (0,30) size 44x19
            text run at (0,30) width 44: "Lorem "
          LayoutText {#text} at (44,30) size 35x19
            text run at (44,30) width 35: "ipsum"
        LayoutText {#text} at (0,0) size 0x0
selection start: position 2 of child 0 {#text} of child 1 {SPAN} of child 4 {DIV} of body
selection end:   position 4 of child 2 {#text} of child 1 {SPAN} of child 4 {DIV} of body
