layer at (0,0) size 800x600
  LayoutView at (0,0) size 800x600
layer at (0,0) size 800x144
  LayoutBlockFlow {HTML} at (0,0) size 800x144
    LayoutBlockFlow {BODY} at (8,16) size 784x120
      LayoutBlockFlow {P} at (0,0) size 784x20
        LayoutText {#text} at (0,0) size 531x19
          text run at (0,0) width 531: "To PASS this test case the text of the button label should not be selected in the selection."
      LayoutBlockFlow {DIV} at (0,36) size 784x84
        LayoutBlockFlow (anonymous) at (0,0) size 784x42
          LayoutText {#text} at (0,0) size 46x19
            text run at (0,0) width 46: "Buttons"
          LayoutBR {BR} at (46,0) size 0x19
          LayoutText {#text} at (0,21) size 55x19
            text run at (0,21) width 55: "with text "
          LayoutButton {INPUT} at (55,20) size 62x22 [bgcolor=#C0C0C0] [border: (2px outset #C0C0C0)]
            LayoutBlockFlow (anonymous) at (8,3) size 46x16
              LayoutText {#text} at (0,0) size 46x16
                text run at (0,0) width 46: "too little"
          LayoutText {#text} at (117,21) size 52x19
            text run at (117,21) width 52: " too little"
        LayoutBlockFlow {DIV} at (0,42) size 784x22
          LayoutText {#text} at (0,1) size 52x19
            text run at (0,1) width 52: "and text "
          LayoutButton {INPUT} at (52,0) size 70x22 [bgcolor=#C0C0C0] [border: (2px outset #C0C0C0)]
            LayoutBlockFlow (anonymous) at (8,3) size 54x16
              LayoutText {#text} at (0,0) size 54x16
                text run at (0,0) width 54: "too much"
          LayoutText {#text} at (122,1) size 60x19
            text run at (122,1) width 60: " too much"
        LayoutBlockFlow (anonymous) at (0,64) size 784x20
          LayoutText {#text} at (0,0) size 233x19
            text run at (0,0) width 233: "Should not be selected in the selection."
selection start: position 0 of child 0 {#text} of child 1 {P} of body
selection end:   position 41 of child 6 {#text} of child 3 {DIV} of body
