layer at (0,0) size 800x600
  LayoutView at (0,0) size 800x600
layer at (0,0) size 800x82
  LayoutBlockFlow {HTML} at (0,0) size 800x82
    LayoutBlockFlow {BODY} at (8,16) size 784x58
      LayoutBlockFlow {P} at (0,0) size 784x20
        LayoutText {#text} at (0,0) size 658x19
          text run at (0,0) width 658: "crbug.com/642454: Select all text in mixed ltr-rtl in rtl flow. None of the dots in the ellipsis should be selected."
      LayoutBlockFlow {DL} at (200,36) size 384x22
layer at (248,52) size 344x22 scrollWidth 506
  LayoutBlockFlow {DD} at (40,0) size 344x22
    LayoutText {#text} at (0,0) size 506x21
      text run at (0,0) width 104: "Lorem ipsum "
      text run at (104,0) width 402 RTL: "\x{5D9}\x{5E0}\x{5D8}\x{5E8}\x{5E0}\x{5D8} \x{5D5}\x{5DB}\x{5D5}' \x{5D1}\x{5DE}\x{5E7}\x{5D5}\x{5DD} \x{5D4}\x{5D8}\x{5E7}\x{5E1}\x{5D8} \x{5D4}\x{5D0}\x{5DE}\x{5D9}\x{5EA}\x{5D9} \x{5D4}\x{5E1}\x{5D5}\x{5E4}\x{5D9}\x{5E2}\x{5D3} \x{5E9}\x{5D9}\x{5D4}\x{5D9}\x{5D4} \x{5D8}\x{5E7}\x{5E1}\x{5D8} \x{5D0}\x{5DE}\x{5D9}\x{5EA}"
selection start: position 0 of child 0 {#text} of child 1 {DD} of child 2 {DL} of body
selection end:   position 66 of child 0 {#text} of child 1 {DD} of child 2 {DL} of body
