layer at (0,0) size 800x600
  LayoutView at (0,0) size 800x600
layer at (0,0) size 800x600
  LayoutBlockFlow {HTML} at (0,0) size 800x600
    LayoutBlockFlow {BODY} at (8,8) size 784x584
      LayoutBlockFlow (anonymous) at (0,0) size 784x20
        LayoutInline {SPAN} at (0,0) size 354x19
          LayoutText {#text} at (0,0) size 354x19
            text run at (0,0) width 354: "This test passes if the caret is at the start of the second line."
        LayoutText {#text} at (0,0) size 0x0
      LayoutBlockFlow {DIV} at (0,20) size 352x102 [border: (1px solid #0000FF)]
        LayoutText {#text} at (1,1) size 11x19
          text run at (1,1) width 11: "a "
        LayoutInline {SPAN} at (0,0) size 301x19 [color=#0000FF]
          LayoutText {#text} at (12,1) size 301x19
            text run at (12,1) width 301: "xxxxxxxxxxxxxxxxxxxxxxxxxxxxxxxxxxxxxxxxxxx"
caret: position 2 of child 0 {#text} of child 2 {DIV} of body
