layer at (0,0) size 800x600 clip at (0,0) size 785x600 scrollY 986.00 scrollHeight 2130
  LayoutView at (0,0) size 800x600
layer at (0,0) size 785x2130 backgroundClip at (0,0) size 785x600 clip at (0,0) size 785x600
  LayoutBlockFlow {HTML} at (0,0) size 785x2130.44
    LayoutBlockFlow {BODY} at (8,8) size 769x2114.44
      LayoutBlockFlow {H1} at (0,0) size 769x37
        LayoutText {#text} at (0,0) size 179x36
          text run at (0,0) width 179: "Anchor Lock"
      LayoutBlockFlow {P} at (0,58.44) size 769x40
        LayoutText {#text} at (0,0) size 755x39
          text run at (0,0) width 755: "This tests WebKit's ability to lock to an anchor and maintain focus on it as images are loaded above and below it. The Anchor"
          text run at (0,20) width 300: "text should be visible and this message should not."
      LayoutBlockFlow {P} at (0,114.44) size 769x200
        LayoutImage {IMG} at (0,0) size 200x200
      LayoutBlockFlow {P} at (0,330.44) size 769x200
        LayoutImage {IMG} at (0,0) size 200x200
      LayoutBlockFlow {P} at (0,546.44) size 769x200
        LayoutImage {IMG} at (0,0) size 200x200
      LayoutBlockFlow {P} at (0,762.44) size 769x200
        LayoutImage {IMG} at (0,0) size 200x200
      LayoutBlockFlow (anonymous) at (0,978.44) size 769x20
        LayoutInline {A} at (0,0) size 289x19
          LayoutText {#text} at (0,0) size 289x19
            text run at (0,0) width 289: "Anchor text - this should be the only visible text."
        LayoutText {#text} at (0,0) size 0x0
      LayoutBlockFlow {P} at (0,1014.44) size 769x200
        LayoutImage {IMG} at (0,0) size 200x200
      LayoutBlockFlow {P} at (0,1230.44) size 769x200
        LayoutImage {IMG} at (0,0) size 200x200
      LayoutBlockFlow {P} at (0,1446.44) size 769x200
        LayoutImage {IMG} at (0,0) size 200x200
      LayoutBlockFlow {P} at (0,1662.44) size 769x200
        LayoutImage {IMG} at (0,0) size 200x200
      LayoutBlockFlow {P} at (0,1878.44) size 769x200
        LayoutImage {IMG} at (0,0) size 200x200
      LayoutBlockFlow (anonymous) at (0,2094.44) size 769x20
        LayoutText {#text} at (0,0) size 57x19
          text run at (0,0) width 57: "#anchor1"
scrolled to 0,986
