layer at (0,0) size 800x600
  LayoutView at (0,0) size 800x600
layer at (0,0) size 800x320
  LayoutBlockFlow {HTML} at (0,0) size 800x320
    LayoutBlockFlow {BODY} at (8,8) size 784x304
      LayoutText {#text} at (0,0) size 0x0
layer at (8,8) size 400x300
  LayoutVideo {VIDEO} at (0,0) size 400x300
layer at (8,8) size 400x300
  LayoutFlexibleBox (relative positioned) {DIV} at (0,0) size 400x300
    LayoutBlockFlow {DIV} at (0,268) size 400x32
layer at (8,8) size 400x258
  LayoutFlexibleBox (relative positioned) {DIV} at (0,0) size 400x258
layer at (8,276) size 400x32 scrollHeight 40
  LayoutFlexibleBox (relative positioned) {DIV} at (0,0) size 400x32 [bgcolor=#FAFAFA]
    LayoutButton {INPUT} at (0,0) size 32x32
    LayoutFlexibleBox {DIV} at (32,0) size 23.36x32 [color=#5A5A5A]
      LayoutBlockFlow (anonymous) at (0,0) size 23.36x32
        LayoutText {#text} at (0,9) size 24x14
          text run at (0,9) width 24: "0:00"
    LayoutFlexibleBox {DIV} at (55.36,0) size 34.69x32 [color=#5A5A5A]
      LayoutBlockFlow (anonymous) at (4,0) size 30.69x32
        LayoutText {#text} at (0,9) size 31x14
          text run at (0,9) width 31: "/ 0:06"
    LayoutSlider {INPUT} at (108.05,1) size 116.67x30
      LayoutFlexibleBox {DIV} at (0,14) size 116.67x2
    LayoutButton {INPUT} at (242.72,0) size 32x32
    LayoutSlider {INPUT} at (292.72,1) size 57.28x30
      LayoutFlexibleBox {DIV} at (0,14) size 57.28x2
layer at (376,276) size 32x32
  LayoutButton {INPUT} at (368,0) size 32x32
layer at (98,292) size 153x0
  LayoutBlockFlow (relative positioned) {DIV} at (-18,1) size 152.67x0
layer at (116,291) size 117x2
  LayoutBlockFlow (positioned) {DIV} at (18,-1) size 116.67x2 [bgcolor=#DADADA]
layer at (283,292) size 93x0
  LayoutBlockFlow (relative positioned) {DIV} at (-18,1) size 93.28x0
layer at (301,291) size 57x2
  LayoutBlockFlow (positioned) {DIV} at (18,-1) size 57.28x2 [bgcolor=#DADADA]
layer at (116,291) size 117x2
  LayoutBlockFlow (positioned) zI: 1 {DIV} at (0,0) size 117x2 [bgcolor=#5A5A5A]
layer at (116,291) size 0x2
  LayoutBlockFlow (positioned) zI: 1 {DIV} at (0,0) size 0x2 [bgcolor=#4285F4]
layer at (301,291) size 0x2
  LayoutBlockFlow (positioned) zI: 1 {DIV} at (0,0) size 0x2 [bgcolor=#5A5A5A]
layer at (301,291) size 57x2
  LayoutBlockFlow (positioned) zI: 1 {DIV} at (0,0) size 57x2 [bgcolor=#4285F4]
layer at (98,268) size 36x48 backgroundClip at (8,276) size 400x32 clip at (8,276) size 400x32
  LayoutBlockFlow (positioned) zI: 2 {DIV} at (0,-24) size 36x48
layer at (340,268) size 36x48 backgroundClip at (8,276) size 400x32 clip at (8,276) size 400x32
  LayoutBlockFlow (positioned) zI: 2 {DIV} at (57.28,-24) size 36x48
