layer at (0,0) size 800x600
  LayoutView at (0,0) size 800x600
layer at (0,0) size 800x544
  LayoutBlockFlow {HTML} at (0,0) size 800x544
    LayoutBlockFlow {BODY} at (8,16) size 784x466
      LayoutBlockFlow {P} at (0,0) size 784x20
        LayoutText {#text} at (0,0) size 52x19
          text run at (0,0) width 52: "Test for "
        LayoutInline {I} at (0,0) size 717x19
          LayoutInline {A} at (0,0) size 292x19 [color=#0000EE]
            LayoutText {#text} at (52,0) size 292x19
              text run at (52,0) width 292: "http://bugs.webkit.org/show_bug.cgi?id=5399"
          LayoutText {#text} at (344,0) size 425x19
            text run at (344,0) width 4: " "
            text run at (348,0) width 421: "no-repeat on negatively positioned background images are ignored"
        LayoutText {#text} at (769,0) size 4x19
          text run at (769,0) width 4: "."
      LayoutBlockFlow {P} at (0,36) size 784x20
        LayoutText {#text} at (0,0) size 454x19
          text run at (0,0) width 454: "Element with background image starting at (-13, -13) with no-repeat set:"
      LayoutBlockFlow (floating) {DIV} at (6,78) size 34x34 [border: (1px dotted #008000)]
      LayoutBlockFlow (floating) {DIV} at (52,78) size 29x29 [border: (1px dotted #008000)]
      LayoutBlockFlow (floating) {DIV} at (93,78) size 24x24 [border: (1px dotted #008000)]
      LayoutBlockFlow {P} at (0,118) size 784x20
        LayoutText {#text} at (0,0) size 446x19
          text run at (0,0) width 446: "Element with background image starting at (-13, -13) with repeat-y set:"
      LayoutBlockFlow (floating) {DIV} at (6,160) size 34x34 [border: (1px dotted #008000)]
      LayoutBlockFlow (floating) {DIV} at (52,160) size 29x29 [border: (1px dotted #008000)]
      LayoutBlockFlow (floating) {DIV} at (93,160) size 24x24 [border: (1px dotted #008000)]
      LayoutBlockFlow {P} at (0,200) size 784x20
        LayoutText {#text} at (0,0) size 446x19
          text run at (0,0) width 446: "Element with background image starting at (-13, -13) with repeat-x set:"
      LayoutBlockFlow (floating) {DIV} at (6,242) size 34x34 [border: (1px dotted #008000)]
      LayoutBlockFlow (floating) {DIV} at (52,242) size 29x29 [border: (1px dotted #008000)]
      LayoutBlockFlow (floating) {DIV} at (93,242) size 24x24 [border: (1px dotted #008000)]
      LayoutBlockFlow {P} at (0,282) size 784x20
        LayoutText {#text} at (0,0) size 444x19
          text run at (0,0) width 444: "Element with background image starting at (13, 13) with no-repeat set:"
      LayoutBlockFlow (floating) {DIV} at (6,324) size 34x34 [border: (1px dotted #008000)]
      LayoutBlockFlow (floating) {DIV} at (52,324) size 29x29 [border: (1px dotted #008000)]
      LayoutBlockFlow (floating) {DIV} at (93,324) size 24x24 [border: (1px dotted #008000)]
      LayoutBlockFlow {P} at (0,364) size 784x20
        LayoutText {#text} at (0,0) size 436x19
          text run at (0,0) width 436: "Element with background image starting at (13, 13) with repeat-y set:"
      LayoutBlockFlow (floating) {DIV} at (6,406) size 34x34 [border: (1px dotted #008000)]
      LayoutBlockFlow (floating) {DIV} at (52,406) size 29x29 [border: (1px dotted #008000)]
      LayoutBlockFlow (floating) {DIV} at (93,406) size 24x24 [border: (1px dotted #008000)]
      LayoutBlockFlow {P} at (0,446) size 784x20
        LayoutText {#text} at (0,0) size 436x19
          text run at (0,0) width 436: "Element with background image starting at (13, 13) with repeat-x set:"
      LayoutBlockFlow (floating) {DIV} at (6,488) size 34x34 [border: (1px dotted #008000)]
      LayoutBlockFlow (floating) {DIV} at (52,488) size 29x29 [border: (1px dotted #008000)]
      LayoutBlockFlow (floating) {DIV} at (93,488) size 24x24 [border: (1px dotted #008000)]
