layer at (0,0) size 800x600
  LayoutView at (0,0) size 800x600
layer at (0,0) size 800x210
  LayoutBlockFlow {HTML} at (0,0) size 800x210
    LayoutBlockFlow {BODY} at (8,8) size 784x194
      LayoutText {#text} at (290,176) size 4x18
        text run at (290,176) width 4: " "
      LayoutText {#text} at (0,0) size 0x0
layer at (18,18) size 270x170 clip at (28,28) size 250x150
  LayoutIFrame {IFRAME} at (10,10) size 270x170 [bgcolor=#0000FF] [border: (10px solid #808080)]
    layer at (0,0) size 250x150
      LayoutView at (0,0) size 250x150
    layer at (0,0) size 250x8
      LayoutBlockFlow {HTML} at (0,0) size 250x8
        LayoutBlockFlow {BODY} at (8,8) size 234x0
    layer at (0,5) size 250x140
      LayoutBlockFlow (positioned) {DIV} at (0,5) size 250x140 [bgcolor=#008000]
layer at (312,18) size 270x170 clip at (322,28) size 250x150
  LayoutIFrame {IFRAME} at (304,10) size 270x170 [bgcolor=#0000FF] [border: (10px solid #808080)]
    layer at (0,0) size 250x150
      LayoutView at (0,0) size 250x150
    layer at (0,0) size 250x8
      LayoutBlockFlow {HTML} at (0,0) size 250x8
        LayoutBlockFlow {BODY} at (8,8) size 234x0
    layer at (0,5) size 250x140
      LayoutBlockFlow (positioned) {DIV} at (0,5) size 250x140 [bgcolor=#008000]
