layer at (0,0) size 800x600
  LayoutView at (0,0) size 800x600
layer at (0,0) size 800x50
  LayoutBlockFlow {HTML} at (0,0) size 800x50
    LayoutBlockFlow {BODY} at (8,16) size 784x18
      LayoutBlockFlow {P} at (0,0) size 784x18
        LayoutText {#text} at (0,0) size 473x18
          text run at (0,0) width 473: "You should see a green box under the video. If you see red, the test failed."
layer at (8,50) size 132x222 clip at (9,51) size 130x220 scrollHeight 224
  LayoutBlockFlow (positioned) {DIV} at (8,50) size 132x222 [bgcolor=#FFFFFF] [border: (1px solid #000000)]
    LayoutBlockFlow (anonymous) at (11,11) size 110x104
      LayoutText {#text} at (0,0) size 0x0
    LayoutBlockFlow {DIV} at (11,115) size 100x100 [bgcolor=#FF0000]
layer at (19,61) size 100x100
  LayoutVideo {VIDEO} at (0,0) size 100x100 [bgcolor=#000000]
layer at (19,61) size 100x100
  LayoutFlexibleBox (relative positioned) {DIV} at (0,0) size 100x100
    LayoutFlexibleBox {DIV} at (0,0) size 100x100
layer at (19,61) size 100x100
  LayoutBlockFlow (positioned) {DIV} at (0,0) size 100x100
layer at (19,165) size 100x100
  LayoutBlockFlow (relative positioned) {DIV} at (11,115) size 100x100 [bgcolor=#008000]
