layer at (0,0) size 800x600
  LayoutView at (0,0) size 800x600
layer at (0,0) size 800x94
  LayoutBlockFlow {HTML} at (0,0) size 800x94
    LayoutBlockFlow {BODY} at (8,16) size 784x70
      LayoutBlockFlow {P} at (0,0) size 784x18
        LayoutText {#text} at (0,0) size 298x18
          text run at (0,0) width 298: "The following two lines should look the same:"
      LayoutBlockFlow {DIV} at (0,34) size 784x18
        LayoutInline {SPAN} at (0,0) size 5x18
          LayoutInline {<pseudo:before>} at (0,0) size 5x18
            LayoutCounter (anonymous) at (0,0) size 5x18
              text run at (0,0) width 5: "i"
        LayoutText {#text} at (4,0) size 5x18
          text run at (4,0) width 5: " "
        LayoutInline {SPAN} at (0,0) size 10x18
          LayoutInline {<pseudo:before>} at (0,0) size 10x18
            LayoutCounter (anonymous) at (8,0) size 10x18
              text run at (8,0) width 10: "ii"
        LayoutText {#text} at (17,0) size 5x18
          text run at (17,0) width 5: " "
        LayoutInline {SPAN} at (0,0) size 14x18
          LayoutInline {<pseudo:before>} at (0,0) size 14x18
            LayoutCounter (anonymous) at (21,0) size 14x18
              text run at (21,0) width 14: "iii"
        LayoutText {#text} at (34,0) size 5x18
          text run at (34,0) width 5: " "
        LayoutInline {SPAN} at (0,0) size 14x18
          LayoutInline {<pseudo:before>} at (0,0) size 14x18
            LayoutCounter (anonymous) at (38,0) size 14x18
              text run at (38,0) width 14: "iv"
        LayoutText {#text} at (0,0) size 0x0
      LayoutBlockFlow {DIV} at (0,52) size 784x18
        LayoutText {#text} at (0,0) size 52x18
          text run at (0,0) width 9: "i "
          text run at (8,0) width 14: "ii "
          text run at (21,0) width 18: "iii "
          text run at (38,0) width 14: "iv"
