layer at (0,0) size 800x600
  LayoutView at (0,0) size 800x600
layer at (0,0) size 800x600
  LayoutNGBlockFlow {HTML} at (0,0) size 800x600
    LayoutNGBlockFlow {BODY} at (8,8) size 784x584
      LayoutNGBlockFlow {P} at (0,0) size 784x40
        LayoutText {#text} at (0,0) size 780x39
          text run at (0,0) width 780: "Test for font-feature-settings property. The first word of the following three words should be displayed like \"WebKit\", while"
          text run at (0,20) width 267: "others should be displayed as black boxes."
      LayoutNGBlockFlow {DIV} at (0,56) size 784x17
        LayoutText {#text} at (0,0) size 30x16
          text run at (0,0) width 30: "WebKit"
      LayoutNGBlockFlow {DIV} at (0,73) size 784x17
        LayoutText {#text} at (0,0) size 96x16
          text run at (0,0) width 96: "WebKit"
      LayoutNGBlockFlow {DIV} at (0,90) size 784x17
        LayoutText {#text} at (0,0) size 96x16
          text run at (0,0) width 96: "WebKit"
