layer at (0,0) size 800x600 clip at (0,0) size 785x600 scrollHeight 1640
  LayoutView at (0,0) size 800x600
layer at (0,0) size 785x600
  LayoutBlockFlow {HTML} at (0,0) size 785x600
    LayoutBlockFlow {BODY} at (8,8) size 769x584
layer at (8,8) size 202x1632 backgroundClip at (0,0) size 785x600 clip at (0,0) size 785x600
  LayoutBlockFlow (positioned) {DIV} at (8,8) size 202x1632
    LayoutBlockFlow {P} at (0,72) size 202x84
      LayoutInline {A} at (0,0) size 166x81 [color=#0000EE]
        LayoutText {#text} at (0,1) size 166x81
          text run at (0,1) width 166: "link 1"
    LayoutBlockFlow {P} at (0,228) size 202x84
      LayoutInline {A} at (0,0) size 166x81 [color=#0000EE]
        LayoutText {#text} at (0,1) size 166x81
          text run at (0,1) width 166: "link 2"
    LayoutBlockFlow {P} at (0,384) size 202x84
      LayoutInline {A} at (0,0) size 166x81 [color=#0000EE]
        LayoutText {#text} at (0,1) size 166x81
          text run at (0,1) width 166: "link 3"
    LayoutBlockFlow {P} at (0,540) size 202x84
      LayoutInline {A} at (0,0) size 166x81 [color=#0000EE]
        LayoutText {#text} at (0,1) size 166x81
          text run at (0,1) width 166: "link 4"
    LayoutBlockFlow {P} at (0,696) size 202x84
      LayoutInline {A} at (0,0) size 166x81 [color=#0000EE]
        LayoutText {#text} at (0,1) size 166x81
          text run at (0,1) width 166: "link 5"
    LayoutBlockFlow {P} at (0,852) size 202x84
      LayoutInline {A} at (0,0) size 166x81 [color=#0000EE]
        LayoutText {#text} at (0,1) size 166x81
          text run at (0,1) width 166: "link 6"
    LayoutBlockFlow {P} at (0,1008) size 202x84
      LayoutInline {A} at (0,0) size 166x81 [color=#0000EE]
        LayoutText {#text} at (0,1) size 166x81
          text run at (0,1) width 166: "link 7"
    LayoutBlockFlow {P} at (0,1164) size 202x84
      LayoutInline {A} at (0,0) size 166x81 [color=#0000EE]
        LayoutText {#text} at (0,1) size 166x81
          text run at (0,1) width 166: "link 8"
    LayoutBlockFlow {P} at (0,1320) size 202x84
      LayoutInline {A} at (0,0) size 166x81 [color=#0000EE]
        LayoutText {#text} at (0,1) size 166x81
          text run at (0,1) width 166: "link 9"
    LayoutBlockFlow {P} at (0,1476) size 202x84
      LayoutInline {A} at (0,0) size 202x81 [color=#0000EE]
        LayoutText {#text} at (0,1) size 202x81
          text run at (0,1) width 202: "link 10"
