layer at (0,0) size 800x600
  LayoutView at (0,0) size 800x600
layer at (0,0) size 800x52
  LayoutBlockFlow {HTML} at (0,0) size 800x52
    LayoutBlockFlow {BODY} at (8,16) size 784x20
      LayoutBlockFlow {P} at (0,0) size 784x20
        LayoutText {#text} at (0,0) size 161x19
          text run at (0,0) width 161: "The background color of "
        LayoutInline {A} at (0,0) size 66x19 [color=#0000EE]
          LayoutText {#text} at (161,0) size 66x19
            text run at (161,0) width 66: "the anchor"
        LayoutText {#text} at (227,0) size 542x19
          text run at (227,0) width 4: " "
          text run at (231,0) width 370: "should turn to green when it is activated and come back to "
          text run at (601,0) width 168: "normal when it is released."
