layer at (0,0) size 800x600
  LayoutView at (0,0) size 800x600
layer at (0,0) size 800x69
  LayoutBlockFlow {HTML} at (0,0) size 800x69
    LayoutBlockFlow {BODY} at (8,16) size 784x37
      LayoutBlockFlow {P} at (0,0) size 784x37
        LayoutInline {<pseudo:first-letter>} at (0,0) size 20x36 [bgcolor=#00FF00]
          LayoutTextFragment (anonymous) at (0,0) size 20x36
            text run at (0,0) width 20: "T"
        LayoutTextFragment {#text} at (20,13) size 481x19
          text run at (20,13) width 331: "his very long paragraph should have a big first letter "
          text run at (351,13) width 150: "with green background."
