layer at (0,0) size 800x600
  LayoutView at (0,0) size 800x600
layer at (0,0) size 800x196
  LayoutBlockFlow {HTML} at (0,0) size 800x196
    LayoutBlockFlow {BODY} at (8,16) size 784x164
      LayoutBlockFlow {DIV} at (0,0) size 784x164
        LayoutBlockFlow {P} at (0,0) size 784x20 [bgcolor=#00FF00]
          LayoutText {#text} at (0,0) size 308x19
            text run at (0,0) width 308: "This paragraph should have a green background."
        LayoutBlockFlow {P} at (0,36) size 784x20
          LayoutText {#text} at (0,0) size 202x19
            text run at (0,0) width 202: "But this one should be unstyled."
        LayoutBlockFlow {P} at (0,72) size 784x20
          LayoutText {#text} at (0,0) size 236x19
            text run at (0,0) width 236: "And this one should also be unstyled."
        LayoutBlockFlow {ADDRESS} at (0,108) size 784x20 [bgcolor=#00FF00]
          LayoutText {#text} at (0,0) size 671x19
            text run at (0,0) width 671: "This address is only here to fill some space between two paragraphs and should have a green background."
        LayoutBlockFlow {P} at (0,144) size 784x20 [bgcolor=#00FF00]
          LayoutText {#text} at (0,0) size 332x19
            text run at (0,0) width 332: "This paragraph should have a green background too."
