layer at (0,0) size 800x600
  LayoutView at (0,0) size 800x600
layer at (0,0) size 800x184
  LayoutBlockFlow {HTML} at (0,0) size 800x184
    LayoutBlockFlow {BODY} at (8,16) size 784x152
      LayoutBlockFlow {P} at (0,0) size 784x40
        LayoutText {#text} at (0,0) size 755x19
          text run at (0,0) width 225: "This paragraph should be unstyled. "
          text run at (225,0) width 457: "The background of the following paragraph should become green when "
          text run at (682,0) width 73: "you follow "
        LayoutInline {A} at (0,0) size 777x39 [color=#0000EE]
          LayoutText {#text} at (755,0) size 777x39
            text run at (755,0) width 22: "this"
            text run at (0,20) width 24: "link"
        LayoutText {#text} at (24,20) size 4x19
          text run at (24,20) width 4: "."
      LayoutBlockFlow {P} at (0,56) size 784x40
        LayoutText {#text} at (0,0) size 739x19
          text run at (0,0) width 276: "This paragraph should initially be unstyled. "
          text run at (276,0) width 463: "It should become green when you select the link above. When you select "
        LayoutInline {A} at (0,0) size 761x39 [color=#0000EE]
          LayoutText {#text} at (739,0) size 761x39
            text run at (739,0) width 22: "this"
            text run at (0,20) width 24: "link"
        LayoutText {#text} at (24,20) size 636x19
          text run at (24,20) width 269: ", it should return to being unstyled and the "
          text run at (293,20) width 367: "background of the paragraph below should become green."
      LayoutBlockFlow {P} at (0,112) size 784x40
        LayoutText {#text} at (0,0) size 745x19
          text run at (0,0) width 276: "This paragraph should initially be unstyled. "
          text run at (276,0) width 469: "It should become green when you select the link above. When you follow "
        LayoutInline {A} at (0,0) size 767x39 [color=#0000EE]
          LayoutText {#text} at (745,0) size 767x39
            text run at (745,0) width 22: "this"
            text run at (0,20) width 24: "link"
        LayoutText {#text} at (24,20) size 357x19
          text run at (24,20) width 139: ", the three paragraphs "
          text run at (163,20) width 218: "should all return to being unstyled."
