layer at (0,0) size 800x600
  LayoutView at (0,0) size 800x600
layer at (0,0) size 800x142
  LayoutBlockFlow {HTML} at (0,0) size 800x142
    LayoutBlockFlow {BODY} at (8,8) size 784x118
      LayoutBlockFlow {DIV} at (0,0) size 784x82
        LayoutTable {TABLE} at (310,0) size 164x82 [border: (1px outset #808080)]
          LayoutTableSection {TBODY} at (1,1) size 162x80
            LayoutTableRow {TR} at (0,2) size 162x24
              LayoutTableCell {TD} at (2,2) size 24x24 [border: (1px solid #000000)] [r=0 c=0 rs=1 cs=1]
                LayoutText {#text} at (2,2) size 20x19
                  text run at (2,2) width 20: "1.1"
              LayoutTableCell {TD} at (28,2) size 65x24 [bgcolor=#00FF00] [border: (1px solid #000000)] [r=0 c=1 rs=1 cs=1]
                LayoutText {#text} at (2,2) size 61x19
                  text run at (2,2) width 61: "green cell"
              LayoutTableCell {TD} at (95,2) size 65x24 [bgcolor=#00FF00] [border: (1px solid #000000)] [r=0 c=2 rs=1 cs=1]
                LayoutText {#text} at (2,2) size 61x19
                  text run at (2,2) width 61: "green cell"
            LayoutTableRow {TR} at (0,28) size 162x24
              LayoutTableCell {TD} at (2,28) size 24x24 [border: (1px solid #000000)] [r=1 c=0 rs=1 cs=1]
                LayoutText {#text} at (2,2) size 20x19
                  text run at (2,2) width 20: "2.1"
              LayoutTableCell {TD} at (28,28) size 65x24 [bgcolor=#00FF00] [border: (1px solid #000000)] [r=1 c=1 rs=1 cs=1]
                LayoutText {#text} at (2,2) size 61x19
                  text run at (2,2) width 61: "green cell"
              LayoutTableCell {TD} at (95,28) size 65x24 [bgcolor=#00FF00] [border: (1px solid #000000)] [r=1 c=2 rs=1 cs=1]
                LayoutText {#text} at (2,2) size 61x19
                  text run at (2,2) width 61: "green cell"
            LayoutTableRow {TR} at (0,54) size 162x24
              LayoutTableCell {TD} at (2,54) size 24x24 [border: (1px solid #000000)] [r=2 c=0 rs=1 cs=1]
                LayoutText {#text} at (2,2) size 20x19
                  text run at (2,2) width 20: "3.1"
              LayoutTableCell {TD} at (28,54) size 65x24 [bgcolor=#00FF00] [border: (1px solid #000000)] [r=2 c=1 rs=1 cs=1]
                LayoutText {#text} at (2,2) size 61x19
                  text run at (2,2) width 61: "green cell"
              LayoutTableCell {TD} at (95,54) size 65x24 [bgcolor=#00FF00] [border: (1px solid #000000)] [r=2 c=2 rs=1 cs=1]
                LayoutText {#text} at (2,2) size 61x19
                  text run at (2,2) width 61: "green cell"
      LayoutBlockFlow {P} at (0,98) size 784x20
        LayoutText {#text} at (0,0) size 99x19
          text run at (0,0) width 99: "This paragraph "
        LayoutInline {SPAN} at (0,0) size 61x19
          LayoutText {#text} at (99,0) size 61x19
            text run at (99,0) width 61: "should be"
        LayoutText {#text} at (160,0) size 61x19
          text run at (160,0) width 61: " unstyled."
