layer at (0,0) size 800x600
  LayoutView at (0,0) size 800x600
layer at (0,0) size 800x600
  LayoutBlockFlow {HTML} at (0,0) size 800x600
    LayoutBlockFlow {BODY} at (8,8) size 784x576
      LayoutBlockFlow {P} at (0,0) size 784x20
        LayoutText {#text} at (0,0) size 764x19
          text run at (0,0) width 764: "Test that visited style matches to the topmost link in a descendant selector. The link should be green, with red underlining."
      LayoutBlockFlow {P} at (0,36) size 784x20
        LayoutInline {A} at (0,0) size 30x19 [color=#FF0000]
          LayoutInline {SPAN} at (0,0) size 30x19 [color=#008000]
            LayoutText {#text} at (0,0) size 30x19
              text run at (0,0) width 30: "Link"
        LayoutText {#text} at (0,0) size 0x0
      LayoutBlockFlow {P} at (0,72) size 784x20
        LayoutText {#text} at (0,0) size 725x19
          text run at (0,0) width 725: "Test that visited style matches to the topmost link in a child selector. The link should be green, with red underlining."
      LayoutBlockFlow {P} at (0,108) size 784x20
        LayoutInline {A} at (0,0) size 30x19 [color=#FF0000]
          LayoutInline {SPAN} at (0,0) size 30x19 [color=#008000]
            LayoutText {#text} at (0,0) size 30x19
              text run at (0,0) width 30: "Link"
        LayoutText {#text} at (0,0) size 0x0
      LayoutBlockFlow {P} at (0,144) size 784x20
        LayoutText {#text} at (0,0) size 653x19
          text run at (0,0) width 653: "Test that visited style does not match to non-topmost links. The link should be red, with red underlining."
      LayoutBlockFlow {P} at (0,180) size 784x20
        LayoutInline {A} at (0,0) size 0x0 [color=#FF0000]
          LayoutInline {SPAN} at (0,0) size 0x0
        LayoutInline {A} at (0,0) size 30x19 [color=#FF0000]
          LayoutText {#text} at (0,0) size 30x19
            text run at (0,0) width 30: "Link"
        LayoutText {#text} at (0,0) size 0x0
      LayoutBlockFlow {P} at (0,216) size 784x40
        LayoutText {#text} at (0,0) size 766x39
          text run at (0,0) width 766: "Test that direct adjacent selector doesn't match visited style. The link should be red, with red underlining. The span should"
          text run at (0,20) width 58: "be green."
      LayoutBlockFlow {P} at (0,272) size 784x20
        LayoutInline {A} at (0,0) size 30x19 [color=#FF0000]
          LayoutText {#text} at (0,0) size 30x19
            text run at (0,0) width 30: "Link"
        LayoutText {#text} at (30,0) size 4x19
          text run at (30,0) width 4: " "
        LayoutInline {SPAN} at (0,0) size 32x19 [color=#008000]
          LayoutText {#text} at (34,0) size 32x19
            text run at (34,0) width 32: "Span"
        LayoutText {#text} at (0,0) size 0x0
      LayoutBlockFlow {P} at (0,308) size 784x40
        LayoutText {#text} at (0,0) size 778x39
          text run at (0,0) width 778: "Test that indirect adjacent selector doesn't match visited style. The link should be red, with red underlining. The span should"
          text run at (0,20) width 58: "be green."
      LayoutBlockFlow {P} at (0,364) size 784x20
        LayoutInline {A} at (0,0) size 30x19 [color=#FF0000]
          LayoutText {#text} at (0,0) size 30x19
            text run at (0,0) width 30: "Link"
        LayoutText {#text} at (30,0) size 4x19
          text run at (30,0) width 4: " "
        LayoutInline {SPAN} at (0,0) size 32x19 [color=#008000]
          LayoutText {#text} at (34,0) size 32x19
            text run at (34,0) width 32: "Span"
        LayoutText {#text} at (0,0) size 0x0
