layer at (0,0) size 800x600
  LayoutView at (0,0) size 800x600
layer at (0,0) size 800x600
  LayoutBlockFlow {HTML} at (0,0) size 800x600
    LayoutBlockFlow {BODY} at (8,8) size 784x584
      LayoutBlockFlow (anonymous) at (0,0) size 784x40
        LayoutInline {SPAN} at (0,0) size 780x39
          LayoutInline {SPAN} at (0,0) size 780x39
            LayoutText {#text} at (0,0) size 780x39
              text run at (0,0) width 103: "Bug #3810389. "
              text run at (103,0) width 386: "Make sure we don't crash manipulating blocks inside inlines. "
              text run at (489,0) width 291: "You should see the numbers 1 and 2 vertically"
              text run at (0,20) width 147: "stacked below this line."
      LayoutBlockFlow (anonymous) at (0,40) size 784x20
        LayoutBlockFlow {DIV} at (0,0) size 784x20
          LayoutText {#text} at (0,0) size 8x19
            text run at (0,0) width 8: "1"
      LayoutBlockFlow (anonymous) at (0,60) size 784x20
        LayoutInline {SPAN} at (0,0) size 16x19
          LayoutInline {SPAN} at (0,0) size 8x19
            LayoutText {#text} at (0,0) size 8x19
              text run at (0,0) width 8: "2"
          LayoutText {#text} at (8,0) size 4x19
            text run at (8,0) width 4: " "
          LayoutImage {IMG} at (12,15) size 0x0
          LayoutText {#text} at (12,0) size 4x19
            text run at (12,0) width 4: " "
        LayoutText {#text} at (0,0) size 0x0
        LayoutImage {IMG} at (16,15) size 0x0
        LayoutText {#text} at (0,0) size 0x0
