layer at (0,0) size 800x600
  LayoutView at (0,0) size 800x600
layer at (0,0) size 800x600
  LayoutBlockFlow {HTML} at (0,0) size 800x600
    LayoutBlockFlow {BODY} at (8,8) size 784x584
      LayoutBlockFlow {H2} at (0,0) size 784x27
        LayoutText {#text} at (0,0) size 219x26
          text run at (0,0) width 219: "Block Collapse Demo"
      LayoutBlockFlow {P} at (0,46.91) size 784x20
        LayoutText {#text} at (0,0) size 687x19
          text run at (0,0) width 304: "This table below has three hierarchical sections. "
          text run at (304,0) width 383: "Collapsing a section should cause those below it to move up."
      LayoutBlockFlow {P} at (0,82.91) size 784x20
        LayoutText {#text} at (0,0) size 764x19
          text run at (0,0) width 764: "This works on the latest Windows IE and Mozilla Firefox (Win and Mac) but not on Safari 1.2.3 (v125.9) {or 2.0 (146)}."
      LayoutBlockFlow {P} at (0,118.91) size 784x20
        LayoutText {#text} at (0,0) size 747x19
          text run at (0,0) width 579: "Note that the second section is collapsed when the page opens and expanding it works fine. "
          text run at (579,0) width 168: "Just the collapse is broken."
      LayoutBlockFlow {DIV} at (0,154.91) size 784x157
        LayoutBlockFlow {DIV} at (0,10) size 784x21
          LayoutImage {IMG} at (0,0) size 16x16
          LayoutText {#text} at (16,1) size 75x19
            text run at (16,1) width 75: " Block One"
        LayoutBlockFlow {DIV} at (0,31) size 784x21
          LayoutImage {IMG} at (0,0) size 16x16
          LayoutText {#text} at (16,1) size 77x19
            text run at (16,1) width 77: " Block Two"
        LayoutBlockFlow {DIV} at (0,52) size 784x21
          LayoutImage {IMG} at (0,0) size 16x16
          LayoutText {#text} at (16,1) size 88x19
            text run at (16,1) width 88: " Block Three"
        LayoutBlockFlow {DIV} at (0,73) size 784x74
          LayoutTable {TABLE} at (0,0) size 784x74
            LayoutTableSection {TBODY} at (0,0) size 784x74
              LayoutTableRow {TR} at (0,2) size 784x22
                LayoutTableCell {TD} at (2,2) size 32x22 [r=0 c=0 rs=1 cs=1]
                  LayoutText {#text} at (1,1) size 4x19
                    text run at (1,1) width 4: " "
                LayoutTableCell {TD} at (36,2) size 746x22 [r=0 c=1 rs=1 cs=1]
                  LayoutText {#text} at (1,1) size 65x19
                    text run at (1,1) width 65: "This is the"
              LayoutTableRow {TR} at (0,26) size 784x22
                LayoutTableCell {TD} at (2,26) size 32x22 [r=1 c=0 rs=1 cs=1]
                  LayoutText {#text} at (1,1) size 4x19
                    text run at (1,1) width 4: " "
                LayoutTableCell {TD} at (36,26) size 746x22 [r=1 c=1 rs=1 cs=1]
                  LayoutText {#text} at (1,1) size 69x19
                    text run at (1,1) width 69: "contents of"
              LayoutTableRow {TR} at (0,50) size 784x22
                LayoutTableCell {TD} at (2,50) size 32x22 [r=2 c=0 rs=1 cs=1]
                  LayoutText {#text} at (1,1) size 4x19
                    text run at (1,1) width 4: " "
                LayoutTableCell {TD} at (36,50) size 746x22 [r=2 c=1 rs=1 cs=1]
                  LayoutText {#text} at (1,1) size 74x19
                    text run at (1,1) width 74: "block three."
layer at (8,163) size 784x2 clip at (0,0) size 0x0
  LayoutBlockFlow {HR} at (0,0) size 784x2 [border: (1px inset #EEEEEE)]
layer at (8,318) size 784x2 clip at (0,0) size 0x0
  LayoutBlockFlow {HR} at (0,155) size 784x2 [border: (1px inset #EEEEEE)]
hidden layer at (8,194) size 109x74
  LayoutBlockFlow (positioned) {DIV} at (8,193.91) size 109x74
    LayoutTable {TABLE} at (0,0) size 109x74
      LayoutTableSection {TBODY} at (0,0) size 109x74
        LayoutTableRow {TR} at (0,2) size 109x22
          LayoutTableCell {TD} at (2,2) size 32x22 [r=0 c=0 rs=1 cs=1]
            LayoutText {#text} at (1,1) size 4x19
              text run at (1,1) width 4: " "
          LayoutTableCell {TD} at (36,2) size 71x22 [r=0 c=1 rs=1 cs=1]
            LayoutText {#text} at (1,1) size 65x19
              text run at (1,1) width 65: "This is the"
        LayoutTableRow {TR} at (0,26) size 109x22
          LayoutTableCell {TD} at (2,26) size 32x22 [r=1 c=0 rs=1 cs=1]
            LayoutText {#text} at (1,1) size 4x19
              text run at (1,1) width 4: " "
          LayoutTableCell {TD} at (36,26) size 71x22 [r=1 c=1 rs=1 cs=1]
            LayoutText {#text} at (1,1) size 69x19
              text run at (1,1) width 69: "contents of"
        LayoutTableRow {TR} at (0,50) size 109x22
          LayoutTableCell {TD} at (2,50) size 32x22 [r=2 c=0 rs=1 cs=1]
            LayoutText {#text} at (1,1) size 4x19
              text run at (1,1) width 4: " "
          LayoutTableCell {TD} at (36,50) size 71x22 [r=2 c=1 rs=1 cs=1]
            LayoutText {#text} at (1,1) size 66x19
              text run at (1,1) width 66: "block one."
hidden layer at (8,215) size 109x74
  LayoutBlockFlow (positioned) {DIV} at (8,214.91) size 109x74
    LayoutTable {TABLE} at (0,0) size 109x74
      LayoutTableSection {TBODY} at (0,0) size 109x74
        LayoutTableRow {TR} at (0,2) size 109x22
          LayoutTableCell {TD} at (2,2) size 32x22 [r=0 c=0 rs=1 cs=1]
            LayoutText {#text} at (1,1) size 4x19
              text run at (1,1) width 4: " "
          LayoutTableCell {TD} at (36,2) size 71x22 [r=0 c=1 rs=1 cs=1]
            LayoutText {#text} at (1,1) size 65x19
              text run at (1,1) width 65: "This is the"
        LayoutTableRow {TR} at (0,26) size 109x22
          LayoutTableCell {TD} at (2,26) size 32x22 [r=1 c=0 rs=1 cs=1]
            LayoutText {#text} at (1,1) size 4x19
              text run at (1,1) width 4: " "
          LayoutTableCell {TD} at (36,26) size 71x22 [r=1 c=1 rs=1 cs=1]
            LayoutText {#text} at (1,1) size 69x19
              text run at (1,1) width 69: "contents of"
        LayoutTableRow {TR} at (0,50) size 109x22
          LayoutTableCell {TD} at (2,50) size 32x22 [r=2 c=0 rs=1 cs=1]
            LayoutText {#text} at (1,1) size 4x19
              text run at (1,1) width 4: " "
          LayoutTableCell {TD} at (36,50) size 71x22 [r=2 c=1 rs=1 cs=1]
            LayoutText {#text} at (1,1) size 67x19
              text run at (1,1) width 67: "block two."
