layer at (0,0) size 800x600
  LayoutView at (0,0) size 800x600
layer at (0,0) size 800x600
  LayoutBlockFlow {HTML} at (0,0) size 800x600
    LayoutBlockFlow {BODY} at (8,8) size 784x584
      LayoutBlockFlow {P} at (0,0) size 784x20
        LayoutText {#text} at (0,0) size 52x19
          text run at (0,0) width 52: "Test for "
        LayoutInline {I} at (0,0) size 577x19
          LayoutInline {A} at (0,0) size 300x19 [color=#0000EE]
            LayoutText {#text} at (52,0) size 300x19
              text run at (52,0) width 300: "http://bugs.webkit.org/show_bug.cgi?id=12886"
          LayoutText {#text} at (352,0) size 277x19
            text run at (352,0) width 4: " "
            text run at (356,0) width 273: "Crash with Scriptalicious javascript library"
        LayoutText {#text} at (629,0) size 4x19
          text run at (629,0) width 4: "."
      LayoutBlockFlow {P} at (0,36) size 784x20
        LayoutText {#text} at (0,0) size 296x19
          text run at (0,0) width 296: "You should see two purple 100\x{D7}50 rectangles, "
        LayoutInline {EM} at (0,0) size 20x19
          LayoutText {#text} at (296,0) size 20x19
            text run at (296,0) width 20: "not"
        LayoutText {#text} at (316,0) size 151x19
          text run at (316,0) width 151: " a checkerboard pattern."
      LayoutTable {TABLE} at (0,72) size 100x300
        LayoutTableSection {TBODY} at (0,0) size 100x300
          LayoutTableRow {TR} at (0,0) size 100x150
            LayoutTableCell {TD} at (0,0) size 50x100 [r=0 c=0 rs=1 cs=1]
              LayoutBlockFlow {DIV} at (0,0) size 50x100
                LayoutBlockFlow {DIV} at (0,0) size 50x50
                  LayoutBlockFlow (floating) {DIV} at (0,0) size 50x25
                LayoutBlockFlow {DIV} at (0,50) size 50x50
                  LayoutBlockFlow {DIV} at (0,0) size 50x50 [bgcolor=#800080]
            LayoutTableCell {TD} at (50,0) size 50x100 [r=0 c=1 rs=1 cs=1]
              LayoutBlockFlow {DIV} at (0,0) size 50x100
                LayoutBlockFlow {DIV} at (0,0) size 50x50
                  LayoutBlockFlow (floating) {DIV} at (0,0) size 50x25
                LayoutBlockFlow {DIV} at (0,50) size 50x50
                  LayoutBlockFlow {DIV} at (0,0) size 50x50 [bgcolor=#800080]
          LayoutTableRow {TR} at (0,150) size 100x150
            LayoutTableCell {TD} at (0,150) size 50x50 [r=1 c=0 rs=1 cs=1]
              LayoutBlockFlow {DIV} at (0,0) size 50x50
                LayoutBlockFlow {DIV} at (0,0) size 50x0
                  LayoutBlockFlow (floating) {DIV} at (0,0) size 50x0
                LayoutBlockFlow {DIV} at (0,0) size 50x50
                  LayoutBlockFlow {DIV} at (0,0) size 50x50 [bgcolor=#800080]
            LayoutTableCell {TD} at (50,150) size 50x50 [r=1 c=1 rs=1 cs=1]
              LayoutBlockFlow {DIV} at (0,0) size 50x50 [bgcolor=#800080]
      LayoutBlockFlow {DIV} at (0,372) size 784x200
