layer at (0,0) size 800x600
  LayoutView at (0,0) size 800x600
layer at (0,0) size 800x165
  LayoutBlockFlow {HTML} at (0,0) size 800x165
    LayoutBlockFlow {BODY} at (8,16) size 784x141
      LayoutBlockFlow {P} at (0,0) size 784x40
        LayoutText {#text} at (0,0) size 172x19
          text run at (0,0) width 172: "This is a regression test for "
        LayoutInline {I} at (0,0) size 784x39
          LayoutInline {A} at (0,0) size 348x19 [color=#0000EE]
            LayoutText {#text} at (172,0) size 348x19
              text run at (172,0) width 348: "http://bugzilla.opendarwin.org/show_bug.cgi?id=8835"
          LayoutText {#text} at (519,0) size 784x39
            text run at (519,0) width 5: " "
            text run at (523,0) width 261: "REGRESSION: Line moves but selection"
            text run at (0,20) width 138: "highlight stays behind"
        LayoutText {#text} at (138,20) size 4x19
          text run at (138,20) width 4: "."
      LayoutBlockFlow {DIV} at (0,66) size 784x75
        LayoutImage {IMG} at (0,0) size 0x30
        LayoutBR {BR} at (0,15) size 0x19
        LayoutBR {BR} at (0,35) size 0x19
        LayoutInline {SPAN} at (0,0) size 309x19
          LayoutText {#text} at (0,55) size 309x19
            text run at (0,55) width 309: "The highlight should be on this line, not above it."
        LayoutText {#text} at (309,55) size 4x19
          text run at (309,55) width 4: " "
        LayoutBR {BR} at (313,55) size 0x19
layer at (8,72) size 784x2 clip at (0,0) size 0x0
  LayoutBlockFlow {HR} at (0,56) size 784x2 [border: (1px inset #EEEEEE)]
selection start: position 0 of child 0 {#text} of child 6 {SPAN} of child 5 {DIV} of body
selection end:   position 51 of child 0 {#text} of child 6 {SPAN} of child 5 {DIV} of body
