layer at (0,0) size 800x600
  LayoutView at (0,0) size 800x600
layer at (0,0) size 800x600
  LayoutBlockFlow {HTML} at (0,0) size 800x600
    LayoutBlockFlow {BODY} at (8,8) size 784x584
      LayoutBlockFlow {P} at (0,0) size 784x40
        LayoutText {#text} at (0,0) size 52x19
          text run at (0,0) width 52: "Test for "
        LayoutInline {I} at (0,0) size 722x39
          LayoutInline {A} at (0,0) size 300x19 [color=#0000EE]
            LayoutText {#text} at (52,0) size 300x19
              text run at (52,0) width 300: "http://bugs.webkit.org/show_bug.cgi?id=12818"
          LayoutText {#text} at (352,0) size 722x39
            text run at (352,0) width 4: " "
            text run at (356,0) width 366: "REGRESSION (r19148): shacknews.com does not render"
            text run at (0,20) width 68: "completely"
        LayoutText {#text} at (68,20) size 4x19
          text run at (68,20) width 4: "."
      LayoutBlockFlow {P} at (0,56) size 784x20
        LayoutText {#text} at (0,0) size 331x19
          text run at (0,0) width 331: "There should be a green square to the left of the text."
      LayoutBlockFlow {DIV} at (0,92) size 100x100 [bgcolor=#008000]
      LayoutBlockFlow {DIV} at (0,192) size 784x20
        LayoutText {#text} at (0,0) size 38x19
          text run at (0,0) width 38: "PASS"
layer at (8,100) size 792x140
  LayoutBlockFlow (positioned) {DIV} at (8,100) size 792x140
    LayoutBlockFlow {DIV} at (100,0) size 692x140
      LayoutBlockFlow {DIV} at (0,0) size 692x140
        LayoutText {#text} at (0,0) size 687x139
          text run at (0,0) width 667: "Curabitur pretium, quam quis semper malesuada, est libero feugiat libero, vel fringilla orci nibh sed neque."
          text run at (0,20) width 675: "Quisque eu nulla non nisi molestie accumsan. Etiam tellus urna, laoreet ac, laoreet non, suscipit sed, sapien."
          text run at (0,40) width 671: "Phasellus vehicula, sem at posuere vehicula, augue nibh molestie nisl, nec ullamcorper lacus ante vulputate"
          text run at (0,60) width 673: "pede. Cum sociis natoque penatibus et magnis dis parturient montes, nascetur ridiculus mus. Mauris viverra"
          text run at (0,80) width 687: "augue vitae purus. Morbi sed sem. Donec dui nisi, ultrices non, pretium quis, hendrerit non, est. Donec tellus."
          text run at (0,100) width 685: "Donec eget dui id eros pharetra rutrum. Suspendisse sodales lectus sit amet nulla. Morbi tortor arcu, convallis"
          text run at (0,120) width 245: "blandit, elementum eu, aliquet a, tellus."
layer at (108,100) size 0x0
  LayoutBlockFlow (positioned) {DIV} at (100,0) size 0x0
