layer at (0,0) size 800x600 clip at (0,0) size 785x600 scrollHeight 1630
  LayoutView at (0,0) size 800x600
layer at (0,0) size 785x600
  LayoutBlockFlow {HTML} at (0,0) size 785x600
    LayoutBlockFlow {BODY} at (8,8) size 769x584
layer at (8,8) size 202x1622 backgroundClip at (0,0) size 785x600 clip at (0,0) size 785x600
  LayoutBlockFlow (positioned) {DIV} at (8,8) size 202.02x1622
    LayoutBlockFlow {P} at (0,72) size 202.02x83
      LayoutInline {A} at (0,0) size 166x83 [color=#0000EE]
        LayoutText {#text} at (0,0) size 166x83
          text run at (0,0) width 166: "link 1"
    LayoutBlockFlow {P} at (0,227) size 202.02x83
      LayoutInline {A} at (0,0) size 166x83 [color=#0000EE]
        LayoutText {#text} at (0,0) size 166x83
          text run at (0,0) width 166: "link 2"
    LayoutBlockFlow {P} at (0,382) size 202.02x83
      LayoutInline {A} at (0,0) size 166x83 [color=#0000EE]
        LayoutText {#text} at (0,0) size 166x83
          text run at (0,0) width 166: "link 3"
    LayoutBlockFlow {P} at (0,537) size 202.02x83
      LayoutInline {A} at (0,0) size 166x83 [color=#0000EE]
        LayoutText {#text} at (0,0) size 166x83
          text run at (0,0) width 166: "link 4"
    LayoutBlockFlow {P} at (0,692) size 202.02x83
      LayoutInline {A} at (0,0) size 166x83 [color=#0000EE]
        LayoutText {#text} at (0,0) size 166x83
          text run at (0,0) width 166: "link 5"
    LayoutBlockFlow {P} at (0,847) size 202.02x83
      LayoutInline {A} at (0,0) size 166x83 [color=#0000EE]
        LayoutText {#text} at (0,0) size 166x83
          text run at (0,0) width 166: "link 6"
    LayoutBlockFlow {P} at (0,1002) size 202.02x83
      LayoutInline {A} at (0,0) size 166x83 [color=#0000EE]
        LayoutText {#text} at (0,0) size 166x83
          text run at (0,0) width 166: "link 7"
    LayoutBlockFlow {P} at (0,1157) size 202.02x83
      LayoutInline {A} at (0,0) size 166x83 [color=#0000EE]
        LayoutText {#text} at (0,0) size 166x83
          text run at (0,0) width 166: "link 8"
    LayoutBlockFlow {P} at (0,1312) size 202.02x83
      LayoutInline {A} at (0,0) size 166x83 [color=#0000EE]
        LayoutText {#text} at (0,0) size 166x83
          text run at (0,0) width 166: "link 9"
    LayoutBlockFlow {P} at (0,1467) size 202.02x83
      LayoutInline {A} at (0,0) size 202x83 [color=#0000EE]
        LayoutText {#text} at (0,0) size 202x83
          text run at (0,0) width 202: "link 10"
