layer at (0,0) size 800x600
  LayoutView at (0,0) size 800x600
layer at (0,0) size 800x261
  LayoutBlockFlow {HTML} at (0,0) size 800x261
    LayoutBlockFlow {BODY} at (8,30) size 784x223
      LayoutBlockFlow {P} at (0,0) size 784x87
        LayoutText {#text} at (0,12) size 769x74
          text run at (0,12) width 769: "The selection should be painted correctly from and including \x{732B}"
          text run at (0,53) width 580: "until and including C, then from right to left for "
          text run at (579,53) width 39 RTL: "\x{627}\x{644}\x{639}\x{631}"
          text run at (617,53) width 9: "."
      LayoutBlockFlow {DIV} at (0,117) size 784x53
        LayoutText {#text} at (0,12) size 425x33
          text run at (0,12) width 360: "\x{543E}\x{8F29}\x{306F}\x{732B}\x{3067} \x{92E}\x{93E}\x{928}\x{915} \x{939}\x{93F}\x{928}\x{94D}\x{926}\x{940}ABC"
          text run at (359,12) width 66 RTL: "\x{627}\x{644}\x{639}\x{631}\x{628}\x{64A}\x{629}"
      LayoutBlockFlow {DIV} at (0,170) size 784x53
        LayoutText {#text} at (0,12) size 425x33
          text run at (0,12) width 360: "\x{543E}\x{8F29}\x{306F}\x{732B}\x{3067} \x{92E}\x{93E}\x{928}\x{915} \x{939}\x{93F}\x{928}\x{94D}\x{926}\x{940}ABC"
          text run at (359,12) width 66 RTL: "\x{627}\x{644}\x{639}\x{631}\x{628}\x{64A}\x{629}"
selection start: position 3 of child 0 {#text} of child 5 {DIV} of body
selection end:   position 24 of child 0 {#text} of child 5 {DIV} of body
