layer at (0,0) size 800x600 scrollHeight 3023
  LayoutView at (0,0) size 1046x799
layer at (0,0) size 1046x3023 backgroundClip at (0,0) size 800x600 clip at (0,0) size 800x600
  LayoutBlockFlow {HTML} at (0,0) size 1046x3023
    LayoutBlockFlow {BODY} at (0,0) size 1046x3023
      LayoutTable {TABLE} at (0,0) size 441x1386
        LayoutTableSection {THEAD} at (0,0) size 441x40
          LayoutTableRow {TR} at (0,0) size 441x40
            LayoutTableCell {TH} at (0,0) size 147x40 [r=0 c=0 rs=1 cs=1]
              LayoutText {#text} at (1,1) size 145x37
                text run at (1,1) width 145: "Column 1"
            LayoutTableCell {TH} at (147,0) size 147x40 [r=0 c=1 rs=1 cs=1]
              LayoutText {#text} at (1,1) size 145x37
                text run at (1,1) width 145: "Column 2"
            LayoutTableCell {TH} at (294,0) size 147x40 [r=0 c=2 rs=1 cs=1]
              LayoutText {#text} at (1,1) size 145x37
                text run at (1,1) width 145: "Column 3"
        LayoutTableSection {TBODY} at (0,40) size 441x1306
          LayoutTableRow {TR} at (0,0) size 441x39
            LayoutTableCell {TD} at (0,0) size 147x39 [r=0 c=0 rs=1 cs=1]
              LayoutText {#text} at (1,1) size 47x36
                text run at (1,1) width 47: "1-1"
            LayoutTableCell {TD} at (147,0) size 147x39 [r=0 c=1 rs=1 cs=1]
              LayoutText {#text} at (1,1) size 47x36
                text run at (1,1) width 47: "2-1"
            LayoutTableCell {TD} at (294,0) size 147x39 [r=0 c=2 rs=1 cs=1]
              LayoutText {#text} at (1,1) size 47x36
                text run at (1,1) width 47: "3-1"
          LayoutTableRow {TR} at (0,39) size 441x39
            LayoutTableCell {TD} at (0,39) size 147x39 [r=1 c=0 rs=1 cs=1]
              LayoutText {#text} at (1,1) size 47x36
                text run at (1,1) width 47: "1-2"
            LayoutTableCell {TD} at (147,39) size 147x39 [r=1 c=1 rs=1 cs=1]
              LayoutText {#text} at (1,1) size 47x36
                text run at (1,1) width 47: "2-2"
            LayoutTableCell {TD} at (294,39) size 147x39 [r=1 c=2 rs=1 cs=1]
              LayoutText {#text} at (1,1) size 47x36
                text run at (1,1) width 47: "3-2"
          LayoutTableRow {TR} at (0,78) size 441x39
            LayoutTableCell {TD} at (0,78) size 147x39 [r=2 c=0 rs=1 cs=1]
              LayoutText {#text} at (1,1) size 47x36
                text run at (1,1) width 47: "1-3"
            LayoutTableCell {TD} at (147,78) size 147x39 [r=2 c=1 rs=1 cs=1]
              LayoutText {#text} at (1,1) size 47x36
                text run at (1,1) width 47: "2-3"
            LayoutTableCell {TD} at (294,78) size 147x39 [r=2 c=2 rs=1 cs=1]
              LayoutText {#text} at (1,1) size 47x36
                text run at (1,1) width 47: "3-3"
          LayoutTableRow {TR} at (0,117) size 441x39
            LayoutTableCell {TD} at (0,117) size 147x39 [r=3 c=0 rs=1 cs=1]
              LayoutText {#text} at (1,1) size 47x36
                text run at (1,1) width 47: "1-4"
            LayoutTableCell {TD} at (147,117) size 147x39 [r=3 c=1 rs=1 cs=1]
              LayoutText {#text} at (1,1) size 47x36
                text run at (1,1) width 47: "2-4"
            LayoutTableCell {TD} at (294,117) size 147x39 [r=3 c=2 rs=1 cs=1]
              LayoutText {#text} at (1,1) size 47x36
                text run at (1,1) width 47: "3-4"
          LayoutTableRow {TR} at (0,156) size 441x39
            LayoutTableCell {TD} at (0,156) size 147x39 [r=4 c=0 rs=1 cs=1]
              LayoutText {#text} at (1,1) size 47x36
                text run at (1,1) width 47: "1-5"
            LayoutTableCell {TD} at (147,156) size 147x39 [r=4 c=1 rs=1 cs=1]
              LayoutText {#text} at (1,1) size 47x36
                text run at (1,1) width 47: "2-5"
            LayoutTableCell {TD} at (294,156) size 147x39 [r=4 c=2 rs=1 cs=1]
              LayoutText {#text} at (1,1) size 47x36
                text run at (1,1) width 47: "3-5"
          LayoutTableRow {TR} at (0,195) size 441x39
            LayoutTableCell {TD} at (0,195) size 147x39 [r=5 c=0 rs=1 cs=1]
              LayoutText {#text} at (1,1) size 47x36
                text run at (1,1) width 47: "1-6"
            LayoutTableCell {TD} at (147,195) size 147x39 [r=5 c=1 rs=1 cs=1]
              LayoutText {#text} at (1,1) size 47x36
                text run at (1,1) width 47: "2-6"
            LayoutTableCell {TD} at (294,195) size 147x39 [r=5 c=2 rs=1 cs=1]
              LayoutText {#text} at (1,1) size 47x36
                text run at (1,1) width 47: "3-6"
          LayoutTableRow {TR} at (0,234) size 441x39
            LayoutTableCell {TD} at (0,234) size 147x39 [r=6 c=0 rs=1 cs=1]
              LayoutText {#text} at (1,1) size 47x36
                text run at (1,1) width 47: "1-7"
            LayoutTableCell {TD} at (147,234) size 147x39 [r=6 c=1 rs=1 cs=1]
              LayoutText {#text} at (1,1) size 47x36
                text run at (1,1) width 47: "2-7"
            LayoutTableCell {TD} at (294,234) size 147x39 [r=6 c=2 rs=1 cs=1]
              LayoutText {#text} at (1,1) size 47x36
                text run at (1,1) width 47: "3-7"
          LayoutTableRow {TR} at (0,273) size 441x39
            LayoutTableCell {TD} at (0,273) size 147x39 [r=7 c=0 rs=1 cs=1]
              LayoutText {#text} at (1,1) size 47x36
                text run at (1,1) width 47: "1-8"
            LayoutTableCell {TD} at (147,273) size 147x39 [r=7 c=1 rs=1 cs=1]
              LayoutText {#text} at (1,1) size 47x36
                text run at (1,1) width 47: "2-8"
            LayoutTableCell {TD} at (294,273) size 147x39 [r=7 c=2 rs=1 cs=1]
              LayoutText {#text} at (1,1) size 47x36
                text run at (1,1) width 47: "3-8"
          LayoutTableRow {TR} at (0,312) size 441x39
            LayoutTableCell {TD} at (0,312) size 147x39 [r=8 c=0 rs=1 cs=1]
              LayoutText {#text} at (1,1) size 47x36
                text run at (1,1) width 47: "1-9"
            LayoutTableCell {TD} at (147,312) size 147x39 [r=8 c=1 rs=1 cs=1]
              LayoutText {#text} at (1,1) size 47x36
                text run at (1,1) width 47: "2-9"
            LayoutTableCell {TD} at (294,312) size 147x39 [r=8 c=2 rs=1 cs=1]
              LayoutText {#text} at (1,1) size 47x36
                text run at (1,1) width 47: "3-9"
          LayoutTableRow {TR} at (0,351) size 441x39
            LayoutTableCell {TD} at (0,351) size 147x39 [r=9 c=0 rs=1 cs=1]
              LayoutText {#text} at (1,1) size 65x36
                text run at (1,1) width 65: "1-10"
            LayoutTableCell {TD} at (147,351) size 147x39 [r=9 c=1 rs=1 cs=1]
              LayoutText {#text} at (1,1) size 65x36
                text run at (1,1) width 65: "2-10"
            LayoutTableCell {TD} at (294,351) size 147x39 [r=9 c=2 rs=1 cs=1]
              LayoutText {#text} at (1,1) size 65x36
                text run at (1,1) width 65: "3-10"
          LayoutTableRow {TR} at (0,390) size 441x39
            LayoutTableCell {TD} at (0,390) size 147x39 [r=10 c=0 rs=1 cs=1]
              LayoutText {#text} at (1,1) size 63x36
                text run at (1,1) width 63: "1-11"
            LayoutTableCell {TD} at (147,390) size 147x39 [r=10 c=1 rs=1 cs=1]
              LayoutText {#text} at (1,1) size 63x36
                text run at (1,1) width 63: "2-11"
            LayoutTableCell {TD} at (294,390) size 147x39 [r=10 c=2 rs=1 cs=1]
              LayoutText {#text} at (1,1) size 63x36
                text run at (1,1) width 63: "3-11"
          LayoutTableRow {TR} at (0,429) size 441x39
            LayoutTableCell {TD} at (0,429) size 147x39 [r=11 c=0 rs=1 cs=1]
              LayoutText {#text} at (1,1) size 65x36
                text run at (1,1) width 65: "1-12"
            LayoutTableCell {TD} at (147,429) size 147x39 [r=11 c=1 rs=1 cs=1]
              LayoutText {#text} at (1,1) size 65x36
                text run at (1,1) width 65: "2-12"
            LayoutTableCell {TD} at (294,429) size 147x39 [r=11 c=2 rs=1 cs=1]
              LayoutText {#text} at (1,1) size 65x36
                text run at (1,1) width 65: "3-12"
          LayoutTableRow {TR} at (0,468) size 441x39
            LayoutTableCell {TD} at (0,468) size 147x39 [r=12 c=0 rs=1 cs=1]
              LayoutText {#text} at (1,1) size 65x36
                text run at (1,1) width 65: "1-13"
            LayoutTableCell {TD} at (147,468) size 147x39 [r=12 c=1 rs=1 cs=1]
              LayoutText {#text} at (1,1) size 65x36
                text run at (1,1) width 65: "2-13"
            LayoutTableCell {TD} at (294,468) size 147x39 [r=12 c=2 rs=1 cs=1]
              LayoutText {#text} at (1,1) size 65x36
                text run at (1,1) width 65: "3-13"
          LayoutTableRow {TR} at (0,507) size 441x39
            LayoutTableCell {TD} at (0,507) size 147x39 [r=13 c=0 rs=1 cs=1]
              LayoutText {#text} at (1,1) size 65x36
                text run at (1,1) width 65: "1-14"
            LayoutTableCell {TD} at (147,507) size 147x39 [r=13 c=1 rs=1 cs=1]
              LayoutText {#text} at (1,1) size 65x36
                text run at (1,1) width 65: "2-14"
            LayoutTableCell {TD} at (294,507) size 147x39 [r=13 c=2 rs=1 cs=1]
              LayoutText {#text} at (1,1) size 65x36
                text run at (1,1) width 65: "3-14"
          LayoutTableRow {TR} at (0,546) size 441x39
            LayoutTableCell {TD} at (0,546) size 147x39 [r=14 c=0 rs=1 cs=1]
              LayoutText {#text} at (1,1) size 65x36
                text run at (1,1) width 65: "1-15"
            LayoutTableCell {TD} at (147,546) size 147x39 [r=14 c=1 rs=1 cs=1]
              LayoutText {#text} at (1,1) size 65x36
                text run at (1,1) width 65: "2-15"
            LayoutTableCell {TD} at (294,546) size 147x39 [r=14 c=2 rs=1 cs=1]
              LayoutText {#text} at (1,1) size 65x36
                text run at (1,1) width 65: "3-15"
          LayoutTableRow {TR} at (0,585) size 441x39
            LayoutTableCell {TD} at (0,585) size 147x39 [r=15 c=0 rs=1 cs=1]
              LayoutText {#text} at (1,1) size 65x36
                text run at (1,1) width 65: "1-16"
            LayoutTableCell {TD} at (147,585) size 147x39 [r=15 c=1 rs=1 cs=1]
              LayoutText {#text} at (1,1) size 65x36
                text run at (1,1) width 65: "2-16"
            LayoutTableCell {TD} at (294,585) size 147x39 [r=15 c=2 rs=1 cs=1]
              LayoutText {#text} at (1,1) size 65x36
                text run at (1,1) width 65: "3-16"
          LayoutTableRow {TR} at (0,624) size 441x39
            LayoutTableCell {TD} at (0,624) size 147x39 [r=16 c=0 rs=1 cs=1]
              LayoutText {#text} at (1,1) size 65x36
                text run at (1,1) width 65: "1-17"
            LayoutTableCell {TD} at (147,624) size 147x39 [r=16 c=1 rs=1 cs=1]
              LayoutText {#text} at (1,1) size 65x36
                text run at (1,1) width 65: "2-17"
            LayoutTableCell {TD} at (294,624) size 147x39 [r=16 c=2 rs=1 cs=1]
              LayoutText {#text} at (1,1) size 65x36
                text run at (1,1) width 65: "3-17"
          LayoutTableRow {TR} at (0,663) size 441x39
            LayoutTableCell {TD} at (0,663) size 147x39 [r=17 c=0 rs=1 cs=1]
              LayoutText {#text} at (1,1) size 65x36
                text run at (1,1) width 65: "1-18"
            LayoutTableCell {TD} at (147,663) size 147x39 [r=17 c=1 rs=1 cs=1]
              LayoutText {#text} at (1,1) size 65x36
                text run at (1,1) width 65: "2-18"
            LayoutTableCell {TD} at (294,663) size 147x39 [r=17 c=2 rs=1 cs=1]
              LayoutText {#text} at (1,1) size 65x36
                text run at (1,1) width 65: "3-18"
          LayoutTableRow {TR} at (0,799) size 441x39
            LayoutTableCell {TD} at (0,799) size 147x39 [r=18 c=0 rs=1 cs=1]
              LayoutText {#text} at (1,1) size 65x36
                text run at (1,1) width 65: "1-19"
            LayoutTableCell {TD} at (147,799) size 147x39 [r=18 c=1 rs=1 cs=1]
              LayoutText {#text} at (1,1) size 65x36
                text run at (1,1) width 65: "2-19"
            LayoutTableCell {TD} at (294,799) size 147x39 [r=18 c=2 rs=1 cs=1]
              LayoutText {#text} at (1,1) size 65x36
                text run at (1,1) width 65: "3-19"
          LayoutTableRow {TR} at (0,838) size 441x39
            LayoutTableCell {TD} at (0,838) size 147x39 [r=19 c=0 rs=1 cs=1]
              LayoutText {#text} at (1,1) size 65x36
                text run at (1,1) width 65: "1-20"
            LayoutTableCell {TD} at (147,838) size 147x39 [r=19 c=1 rs=1 cs=1]
              LayoutText {#text} at (1,1) size 65x36
                text run at (1,1) width 65: "2-20"
            LayoutTableCell {TD} at (294,838) size 147x39 [r=19 c=2 rs=1 cs=1]
              LayoutText {#text} at (1,1) size 65x36
                text run at (1,1) width 65: "3-20"
          LayoutTableRow {TR} at (0,877) size 441x39
            LayoutTableCell {TD} at (0,877) size 147x39 [r=20 c=0 rs=1 cs=1]
              LayoutText {#text} at (1,1) size 65x36
                text run at (1,1) width 65: "1-21"
            LayoutTableCell {TD} at (147,877) size 147x39 [r=20 c=1 rs=1 cs=1]
              LayoutText {#text} at (1,1) size 65x36
                text run at (1,1) width 65: "2-21"
            LayoutTableCell {TD} at (294,877) size 147x39 [r=20 c=2 rs=1 cs=1]
              LayoutText {#text} at (1,1) size 65x36
                text run at (1,1) width 65: "3-21"
          LayoutTableRow {TR} at (0,916) size 441x39
            LayoutTableCell {TD} at (0,916) size 147x39 [r=21 c=0 rs=1 cs=1]
              LayoutText {#text} at (1,1) size 65x36
                text run at (1,1) width 65: "1-22"
            LayoutTableCell {TD} at (147,916) size 147x39 [r=21 c=1 rs=1 cs=1]
              LayoutText {#text} at (1,1) size 65x36
                text run at (1,1) width 65: "2-22"
            LayoutTableCell {TD} at (294,916) size 147x39 [r=21 c=2 rs=1 cs=1]
              LayoutText {#text} at (1,1) size 65x36
                text run at (1,1) width 65: "3-22"
          LayoutTableRow {TR} at (0,955) size 441x39
            LayoutTableCell {TD} at (0,955) size 147x39 [r=22 c=0 rs=1 cs=1]
              LayoutText {#text} at (1,1) size 65x36
                text run at (1,1) width 65: "1-23"
            LayoutTableCell {TD} at (147,955) size 147x39 [r=22 c=1 rs=1 cs=1]
              LayoutText {#text} at (1,1) size 65x36
                text run at (1,1) width 65: "2-23"
            LayoutTableCell {TD} at (294,955) size 147x39 [r=22 c=2 rs=1 cs=1]
              LayoutText {#text} at (1,1) size 65x36
                text run at (1,1) width 65: "3-23"
          LayoutTableRow {TR} at (0,994) size 441x39
            LayoutTableCell {TD} at (0,994) size 147x39 [r=23 c=0 rs=1 cs=1]
              LayoutText {#text} at (1,1) size 65x36
                text run at (1,1) width 65: "1-24"
            LayoutTableCell {TD} at (147,994) size 147x39 [r=23 c=1 rs=1 cs=1]
              LayoutText {#text} at (1,1) size 65x36
                text run at (1,1) width 65: "2-24"
            LayoutTableCell {TD} at (294,994) size 147x39 [r=23 c=2 rs=1 cs=1]
              LayoutText {#text} at (1,1) size 65x36
                text run at (1,1) width 65: "3-24"
          LayoutTableRow {TR} at (0,1033) size 441x39
            LayoutTableCell {TD} at (0,1033) size 147x39 [r=24 c=0 rs=1 cs=1]
              LayoutText {#text} at (1,1) size 65x36
                text run at (1,1) width 65: "1-25"
            LayoutTableCell {TD} at (147,1033) size 147x39 [r=24 c=1 rs=1 cs=1]
              LayoutText {#text} at (1,1) size 65x36
                text run at (1,1) width 65: "2-25"
            LayoutTableCell {TD} at (294,1033) size 147x39 [r=24 c=2 rs=1 cs=1]
              LayoutText {#text} at (1,1) size 65x36
                text run at (1,1) width 65: "3-25"
          LayoutTableRow {TR} at (0,1072) size 441x39
            LayoutTableCell {TD} at (0,1072) size 147x39 [r=25 c=0 rs=1 cs=1]
              LayoutText {#text} at (1,1) size 65x36
                text run at (1,1) width 65: "1-26"
            LayoutTableCell {TD} at (147,1072) size 147x39 [r=25 c=1 rs=1 cs=1]
              LayoutText {#text} at (1,1) size 65x36
                text run at (1,1) width 65: "2-26"
            LayoutTableCell {TD} at (294,1072) size 147x39 [r=25 c=2 rs=1 cs=1]
              LayoutText {#text} at (1,1) size 65x36
                text run at (1,1) width 65: "3-26"
          LayoutTableRow {TR} at (0,1111) size 441x39
            LayoutTableCell {TD} at (0,1111) size 147x39 [r=26 c=0 rs=1 cs=1]
              LayoutText {#text} at (1,1) size 65x36
                text run at (1,1) width 65: "1-27"
            LayoutTableCell {TD} at (147,1111) size 147x39 [r=26 c=1 rs=1 cs=1]
              LayoutText {#text} at (1,1) size 65x36
                text run at (1,1) width 65: "2-27"
            LayoutTableCell {TD} at (294,1111) size 147x39 [r=26 c=2 rs=1 cs=1]
              LayoutText {#text} at (1,1) size 65x36
                text run at (1,1) width 65: "3-27"
          LayoutTableRow {TR} at (0,1150) size 441x39
            LayoutTableCell {TD} at (0,1150) size 147x39 [r=27 c=0 rs=1 cs=1]
              LayoutText {#text} at (1,1) size 65x36
                text run at (1,1) width 65: "1-28"
            LayoutTableCell {TD} at (147,1150) size 147x39 [r=27 c=1 rs=1 cs=1]
              LayoutText {#text} at (1,1) size 65x36
                text run at (1,1) width 65: "2-28"
            LayoutTableCell {TD} at (294,1150) size 147x39 [r=27 c=2 rs=1 cs=1]
              LayoutText {#text} at (1,1) size 65x36
                text run at (1,1) width 65: "3-28"
          LayoutTableRow {TR} at (0,1189) size 441x39
            LayoutTableCell {TD} at (0,1189) size 147x39 [r=28 c=0 rs=1 cs=1]
              LayoutText {#text} at (1,1) size 65x36
                text run at (1,1) width 65: "1-29"
            LayoutTableCell {TD} at (147,1189) size 147x39 [r=28 c=1 rs=1 cs=1]
              LayoutText {#text} at (1,1) size 65x36
                text run at (1,1) width 65: "2-29"
            LayoutTableCell {TD} at (294,1189) size 147x39 [r=28 c=2 rs=1 cs=1]
              LayoutText {#text} at (1,1) size 65x36
                text run at (1,1) width 65: "3-29"
          LayoutTableRow {TR} at (0,1228) size 441x39
            LayoutTableCell {TD} at (0,1228) size 147x39 [r=29 c=0 rs=1 cs=1]
              LayoutText {#text} at (1,1) size 65x36
                text run at (1,1) width 65: "1-30"
            LayoutTableCell {TD} at (147,1228) size 147x39 [r=29 c=1 rs=1 cs=1]
              LayoutText {#text} at (1,1) size 65x36
                text run at (1,1) width 65: "2-30"
            LayoutTableCell {TD} at (294,1228) size 147x39 [r=29 c=2 rs=1 cs=1]
              LayoutText {#text} at (1,1) size 65x36
                text run at (1,1) width 65: "3-30"
          LayoutTableRow {TR} at (0,1267) size 441x39
            LayoutTableCell {TD} at (0,1267) size 147x39 [r=30 c=0 rs=1 cs=1]
              LayoutText {#text} at (1,1) size 65x36
                text run at (1,1) width 65: "1-31"
            LayoutTableCell {TD} at (147,1267) size 147x39 [r=30 c=1 rs=1 cs=1]
              LayoutText {#text} at (1,1) size 65x36
                text run at (1,1) width 65: "2-31"
            LayoutTableCell {TD} at (294,1267) size 147x39 [r=30 c=2 rs=1 cs=1]
              LayoutText {#text} at (1,1) size 65x36
                text run at (1,1) width 65: "3-31"
        LayoutTableSection {TFOOT} at (0,1346) size 441x40
          LayoutTableRow {TR} at (0,0) size 441x40
            LayoutTableCell {TH} at (0,0) size 147x40 [r=0 c=0 rs=1 cs=1]
              LayoutText {#text} at (10,1) size 127x37
                text run at (10,1) width 127: "Footer 1"
            LayoutTableCell {TH} at (147,0) size 147x40 [r=0 c=1 rs=1 cs=1]
              LayoutText {#text} at (10,1) size 127x37
                text run at (10,1) width 127: "Footer 2"
            LayoutTableCell {TH} at (294,0) size 147x40 [r=0 c=2 rs=1 cs=1]
              LayoutText {#text} at (10,1) size 127x37
                text run at (10,1) width 127: "Footer 3"
      LayoutTable {TABLE} at (0,1386) size 495x1637
        LayoutTableSection {THEAD} at (0,0) size 495x40
          LayoutTableRow {TR} at (0,0) size 495x40
            LayoutTableCell {TH} at (0,0) size 165x40 [r=0 c=0 rs=1 cs=1]
              LayoutText {#text} at (1,1) size 163x37
                text run at (1,1) width 163: "Column2 1"
            LayoutTableCell {TH} at (165,0) size 165x40 [r=0 c=1 rs=1 cs=1]
              LayoutText {#text} at (1,1) size 163x37
                text run at (1,1) width 163: "Column2 2"
            LayoutTableCell {TH} at (330,0) size 165x40 [r=0 c=2 rs=1 cs=1]
              LayoutText {#text} at (1,1) size 163x37
                text run at (1,1) width 163: "Column2 3"
        LayoutTableSection {TBODY} at (0,40) size 495x1557
          LayoutTableRow {TR} at (0,0) size 495x39
            LayoutTableCell {TD} at (0,0) size 165x39 [r=0 c=0 rs=1 cs=1]
              LayoutText {#text} at (1,1) size 47x36
                text run at (1,1) width 47: "1-1"
            LayoutTableCell {TD} at (165,0) size 165x39 [r=0 c=1 rs=1 cs=1]
              LayoutText {#text} at (1,1) size 47x36
                text run at (1,1) width 47: "2-1"
            LayoutTableCell {TD} at (330,0) size 165x39 [r=0 c=2 rs=1 cs=1]
              LayoutText {#text} at (1,1) size 47x36
                text run at (1,1) width 47: "3-1"
          LayoutTableRow {TR} at (0,39) size 495x39
            LayoutTableCell {TD} at (0,39) size 165x39 [r=1 c=0 rs=1 cs=1]
              LayoutText {#text} at (1,1) size 47x36
                text run at (1,1) width 47: "1-2"
            LayoutTableCell {TD} at (165,39) size 165x39 [r=1 c=1 rs=1 cs=1]
              LayoutText {#text} at (1,1) size 47x36
                text run at (1,1) width 47: "2-2"
            LayoutTableCell {TD} at (330,39) size 165x39 [r=1 c=2 rs=1 cs=1]
              LayoutText {#text} at (1,1) size 47x36
                text run at (1,1) width 47: "3-2"
          LayoutTableRow {TR} at (0,78) size 495x39
            LayoutTableCell {TD} at (0,78) size 165x39 [r=2 c=0 rs=1 cs=1]
              LayoutText {#text} at (1,1) size 47x36
                text run at (1,1) width 47: "1-3"
            LayoutTableCell {TD} at (165,78) size 165x39 [r=2 c=1 rs=1 cs=1]
              LayoutText {#text} at (1,1) size 47x36
                text run at (1,1) width 47: "2-3"
            LayoutTableCell {TD} at (330,78) size 165x39 [r=2 c=2 rs=1 cs=1]
              LayoutText {#text} at (1,1) size 47x36
                text run at (1,1) width 47: "3-3"
          LayoutTableRow {TR} at (0,212) size 495x39
            LayoutTableCell {TD} at (0,212) size 165x39 [r=3 c=0 rs=1 cs=1]
              LayoutText {#text} at (1,1) size 47x36
                text run at (1,1) width 47: "1-4"
            LayoutTableCell {TD} at (165,212) size 165x39 [r=3 c=1 rs=1 cs=1]
              LayoutText {#text} at (1,1) size 47x36
                text run at (1,1) width 47: "2-4"
            LayoutTableCell {TD} at (330,212) size 165x39 [r=3 c=2 rs=1 cs=1]
              LayoutText {#text} at (1,1) size 47x36
                text run at (1,1) width 47: "3-4"
          LayoutTableRow {TR} at (0,251) size 495x39
            LayoutTableCell {TD} at (0,251) size 165x39 [r=4 c=0 rs=1 cs=1]
              LayoutText {#text} at (1,1) size 47x36
                text run at (1,1) width 47: "1-5"
            LayoutTableCell {TD} at (165,251) size 165x39 [r=4 c=1 rs=1 cs=1]
              LayoutText {#text} at (1,1) size 47x36
                text run at (1,1) width 47: "2-5"
            LayoutTableCell {TD} at (330,251) size 165x39 [r=4 c=2 rs=1 cs=1]
              LayoutText {#text} at (1,1) size 47x36
                text run at (1,1) width 47: "3-5"
          LayoutTableRow {TR} at (0,290) size 495x39
            LayoutTableCell {TD} at (0,290) size 165x39 [r=5 c=0 rs=1 cs=1]
              LayoutText {#text} at (1,1) size 47x36
                text run at (1,1) width 47: "1-6"
            LayoutTableCell {TD} at (165,290) size 165x39 [r=5 c=1 rs=1 cs=1]
              LayoutText {#text} at (1,1) size 47x36
                text run at (1,1) width 47: "2-6"
            LayoutTableCell {TD} at (330,290) size 165x39 [r=5 c=2 rs=1 cs=1]
              LayoutText {#text} at (1,1) size 47x36
                text run at (1,1) width 47: "3-6"
          LayoutTableRow {TR} at (0,329) size 495x39
            LayoutTableCell {TD} at (0,329) size 165x39 [r=6 c=0 rs=1 cs=1]
              LayoutText {#text} at (1,1) size 47x36
                text run at (1,1) width 47: "1-7"
            LayoutTableCell {TD} at (165,329) size 165x39 [r=6 c=1 rs=1 cs=1]
              LayoutText {#text} at (1,1) size 47x36
                text run at (1,1) width 47: "2-7"
            LayoutTableCell {TD} at (330,329) size 165x39 [r=6 c=2 rs=1 cs=1]
              LayoutText {#text} at (1,1) size 47x36
                text run at (1,1) width 47: "3-7"
          LayoutTableRow {TR} at (0,368) size 495x39
            LayoutTableCell {TD} at (0,368) size 165x39 [r=7 c=0 rs=1 cs=1]
              LayoutText {#text} at (1,1) size 47x36
                text run at (1,1) width 47: "1-8"
            LayoutTableCell {TD} at (165,368) size 165x39 [r=7 c=1 rs=1 cs=1]
              LayoutText {#text} at (1,1) size 47x36
                text run at (1,1) width 47: "2-8"
            LayoutTableCell {TD} at (330,368) size 165x39 [r=7 c=2 rs=1 cs=1]
              LayoutText {#text} at (1,1) size 47x36
                text run at (1,1) width 47: "3-8"
          LayoutTableRow {TR} at (0,407) size 495x39
            LayoutTableCell {TD} at (0,407) size 165x39 [r=8 c=0 rs=1 cs=1]
              LayoutText {#text} at (1,1) size 47x36
                text run at (1,1) width 47: "1-9"
            LayoutTableCell {TD} at (165,407) size 165x39 [r=8 c=1 rs=1 cs=1]
              LayoutText {#text} at (1,1) size 47x36
                text run at (1,1) width 47: "2-9"
            LayoutTableCell {TD} at (330,407) size 165x39 [r=8 c=2 rs=1 cs=1]
              LayoutText {#text} at (1,1) size 47x36
                text run at (1,1) width 47: "3-9"
          LayoutTableRow {TR} at (0,446) size 495x39
            LayoutTableCell {TD} at (0,446) size 165x39 [r=9 c=0 rs=1 cs=1]
              LayoutText {#text} at (1,1) size 65x36
                text run at (1,1) width 65: "1-10"
            LayoutTableCell {TD} at (165,446) size 165x39 [r=9 c=1 rs=1 cs=1]
              LayoutText {#text} at (1,1) size 65x36
                text run at (1,1) width 65: "2-10"
            LayoutTableCell {TD} at (330,446) size 165x39 [r=9 c=2 rs=1 cs=1]
              LayoutText {#text} at (1,1) size 65x36
                text run at (1,1) width 65: "3-10"
          LayoutTableRow {TR} at (0,485) size 495x39
            LayoutTableCell {TD} at (0,485) size 165x39 [r=10 c=0 rs=1 cs=1]
              LayoutText {#text} at (1,1) size 63x36
                text run at (1,1) width 63: "1-11"
            LayoutTableCell {TD} at (165,485) size 165x39 [r=10 c=1 rs=1 cs=1]
              LayoutText {#text} at (1,1) size 63x36
                text run at (1,1) width 63: "2-11"
            LayoutTableCell {TD} at (330,485) size 165x39 [r=10 c=2 rs=1 cs=1]
              LayoutText {#text} at (1,1) size 63x36
                text run at (1,1) width 63: "3-11"
          LayoutTableRow {TR} at (0,524) size 495x39
            LayoutTableCell {TD} at (0,524) size 165x39 [r=11 c=0 rs=1 cs=1]
              LayoutText {#text} at (1,1) size 65x36
                text run at (1,1) width 65: "1-12"
            LayoutTableCell {TD} at (165,524) size 165x39 [r=11 c=1 rs=1 cs=1]
              LayoutText {#text} at (1,1) size 65x36
                text run at (1,1) width 65: "2-12"
            LayoutTableCell {TD} at (330,524) size 165x39 [r=11 c=2 rs=1 cs=1]
              LayoutText {#text} at (1,1) size 65x36
                text run at (1,1) width 65: "3-12"
          LayoutTableRow {TR} at (0,563) size 495x39
            LayoutTableCell {TD} at (0,563) size 165x39 [r=12 c=0 rs=1 cs=1]
              LayoutText {#text} at (1,1) size 65x36
                text run at (1,1) width 65: "1-13"
            LayoutTableCell {TD} at (165,563) size 165x39 [r=12 c=1 rs=1 cs=1]
              LayoutText {#text} at (1,1) size 65x36
                text run at (1,1) width 65: "2-13"
            LayoutTableCell {TD} at (330,563) size 165x39 [r=12 c=2 rs=1 cs=1]
              LayoutText {#text} at (1,1) size 65x36
                text run at (1,1) width 65: "3-13"
          LayoutTableRow {TR} at (0,602) size 495x39
            LayoutTableCell {TD} at (0,602) size 165x39 [r=13 c=0 rs=1 cs=1]
              LayoutText {#text} at (1,1) size 65x36
                text run at (1,1) width 65: "1-14"
            LayoutTableCell {TD} at (165,602) size 165x39 [r=13 c=1 rs=1 cs=1]
              LayoutText {#text} at (1,1) size 65x36
                text run at (1,1) width 65: "2-14"
            LayoutTableCell {TD} at (330,602) size 165x39 [r=13 c=2 rs=1 cs=1]
              LayoutText {#text} at (1,1) size 65x36
                text run at (1,1) width 65: "3-14"
          LayoutTableRow {TR} at (0,641) size 495x39
            LayoutTableCell {TD} at (0,641) size 165x39 [r=14 c=0 rs=1 cs=1]
              LayoutText {#text} at (1,1) size 65x36
                text run at (1,1) width 65: "1-15"
            LayoutTableCell {TD} at (165,641) size 165x39 [r=14 c=1 rs=1 cs=1]
              LayoutText {#text} at (1,1) size 65x36
                text run at (1,1) width 65: "2-15"
            LayoutTableCell {TD} at (330,641) size 165x39 [r=14 c=2 rs=1 cs=1]
              LayoutText {#text} at (1,1) size 65x36
                text run at (1,1) width 65: "3-15"
          LayoutTableRow {TR} at (0,680) size 495x39
            LayoutTableCell {TD} at (0,680) size 165x39 [r=15 c=0 rs=1 cs=1]
              LayoutText {#text} at (1,1) size 65x36
                text run at (1,1) width 65: "1-16"
            LayoutTableCell {TD} at (165,680) size 165x39 [r=15 c=1 rs=1 cs=1]
              LayoutText {#text} at (1,1) size 65x36
                text run at (1,1) width 65: "2-16"
            LayoutTableCell {TD} at (330,680) size 165x39 [r=15 c=2 rs=1 cs=1]
              LayoutText {#text} at (1,1) size 65x36
                text run at (1,1) width 65: "3-16"
          LayoutTableRow {TR} at (0,719) size 495x39
            LayoutTableCell {TD} at (0,719) size 165x39 [r=16 c=0 rs=1 cs=1]
              LayoutText {#text} at (1,1) size 65x36
                text run at (1,1) width 65: "1-17"
            LayoutTableCell {TD} at (165,719) size 165x39 [r=16 c=1 rs=1 cs=1]
              LayoutText {#text} at (1,1) size 65x36
                text run at (1,1) width 65: "2-17"
            LayoutTableCell {TD} at (330,719) size 165x39 [r=16 c=2 rs=1 cs=1]
              LayoutText {#text} at (1,1) size 65x36
                text run at (1,1) width 65: "3-17"
          LayoutTableRow {TR} at (0,758) size 495x39
            LayoutTableCell {TD} at (0,758) size 165x39 [r=17 c=0 rs=1 cs=1]
              LayoutText {#text} at (1,1) size 65x36
                text run at (1,1) width 65: "1-18"
            LayoutTableCell {TD} at (165,758) size 165x39 [r=17 c=1 rs=1 cs=1]
              LayoutText {#text} at (1,1) size 65x36
                text run at (1,1) width 65: "2-18"
            LayoutTableCell {TD} at (330,758) size 165x39 [r=17 c=2 rs=1 cs=1]
              LayoutText {#text} at (1,1) size 65x36
                text run at (1,1) width 65: "3-18"
          LayoutTableRow {TR} at (0,797) size 495x39
            LayoutTableCell {TD} at (0,797) size 165x39 [r=18 c=0 rs=1 cs=1]
              LayoutText {#text} at (1,1) size 65x36
                text run at (1,1) width 65: "1-19"
            LayoutTableCell {TD} at (165,797) size 165x39 [r=18 c=1 rs=1 cs=1]
              LayoutText {#text} at (1,1) size 65x36
                text run at (1,1) width 65: "2-19"
            LayoutTableCell {TD} at (330,797) size 165x39 [r=18 c=2 rs=1 cs=1]
              LayoutText {#text} at (1,1) size 65x36
                text run at (1,1) width 65: "3-19"
          LayoutTableRow {TR} at (0,836) size 495x39
            LayoutTableCell {TD} at (0,836) size 165x39 [r=19 c=0 rs=1 cs=1]
              LayoutText {#text} at (1,1) size 65x36
                text run at (1,1) width 65: "1-20"
            LayoutTableCell {TD} at (165,836) size 165x39 [r=19 c=1 rs=1 cs=1]
              LayoutText {#text} at (1,1) size 65x36
                text run at (1,1) width 65: "2-20"
            LayoutTableCell {TD} at (330,836) size 165x39 [r=19 c=2 rs=1 cs=1]
              LayoutText {#text} at (1,1) size 65x36
                text run at (1,1) width 65: "3-20"
          LayoutTableRow {TR} at (0,875) size 495x39
            LayoutTableCell {TD} at (0,875) size 165x39 [r=20 c=0 rs=1 cs=1]
              LayoutText {#text} at (1,1) size 65x36
                text run at (1,1) width 65: "1-21"
            LayoutTableCell {TD} at (165,875) size 165x39 [r=20 c=1 rs=1 cs=1]
              LayoutText {#text} at (1,1) size 65x36
                text run at (1,1) width 65: "2-21"
            LayoutTableCell {TD} at (330,875) size 165x39 [r=20 c=2 rs=1 cs=1]
              LayoutText {#text} at (1,1) size 65x36
                text run at (1,1) width 65: "3-21"
          LayoutTableRow {TR} at (0,1011) size 495x39
            LayoutTableCell {TD} at (0,1011) size 165x39 [r=21 c=0 rs=1 cs=1]
              LayoutText {#text} at (1,1) size 65x36
                text run at (1,1) width 65: "1-22"
            LayoutTableCell {TD} at (165,1011) size 165x39 [r=21 c=1 rs=1 cs=1]
              LayoutText {#text} at (1,1) size 65x36
                text run at (1,1) width 65: "2-22"
            LayoutTableCell {TD} at (330,1011) size 165x39 [r=21 c=2 rs=1 cs=1]
              LayoutText {#text} at (1,1) size 65x36
                text run at (1,1) width 65: "3-22"
          LayoutTableRow {TR} at (0,1050) size 495x39
            LayoutTableCell {TD} at (0,1050) size 165x39 [r=22 c=0 rs=1 cs=1]
              LayoutText {#text} at (1,1) size 65x36
                text run at (1,1) width 65: "1-23"
            LayoutTableCell {TD} at (165,1050) size 165x39 [r=22 c=1 rs=1 cs=1]
              LayoutText {#text} at (1,1) size 65x36
                text run at (1,1) width 65: "2-23"
            LayoutTableCell {TD} at (330,1050) size 165x39 [r=22 c=2 rs=1 cs=1]
              LayoutText {#text} at (1,1) size 65x36
                text run at (1,1) width 65: "3-23"
          LayoutTableRow {TR} at (0,1089) size 495x39
            LayoutTableCell {TD} at (0,1089) size 165x39 [r=23 c=0 rs=1 cs=1]
              LayoutText {#text} at (1,1) size 65x36
                text run at (1,1) width 65: "1-24"
            LayoutTableCell {TD} at (165,1089) size 165x39 [r=23 c=1 rs=1 cs=1]
              LayoutText {#text} at (1,1) size 65x36
                text run at (1,1) width 65: "2-24"
            LayoutTableCell {TD} at (330,1089) size 165x39 [r=23 c=2 rs=1 cs=1]
              LayoutText {#text} at (1,1) size 65x36
                text run at (1,1) width 65: "3-24"
          LayoutTableRow {TR} at (0,1128) size 495x39
            LayoutTableCell {TD} at (0,1128) size 165x39 [r=24 c=0 rs=1 cs=1]
              LayoutText {#text} at (1,1) size 65x36
                text run at (1,1) width 65: "1-25"
            LayoutTableCell {TD} at (165,1128) size 165x39 [r=24 c=1 rs=1 cs=1]
              LayoutText {#text} at (1,1) size 65x36
                text run at (1,1) width 65: "2-25"
            LayoutTableCell {TD} at (330,1128) size 165x39 [r=24 c=2 rs=1 cs=1]
              LayoutText {#text} at (1,1) size 65x36
                text run at (1,1) width 65: "3-25"
          LayoutTableRow {TR} at (0,1167) size 495x39
            LayoutTableCell {TD} at (0,1167) size 165x39 [r=25 c=0 rs=1 cs=1]
              LayoutText {#text} at (1,1) size 65x36
                text run at (1,1) width 65: "1-26"
            LayoutTableCell {TD} at (165,1167) size 165x39 [r=25 c=1 rs=1 cs=1]
              LayoutText {#text} at (1,1) size 65x36
                text run at (1,1) width 65: "2-26"
            LayoutTableCell {TD} at (330,1167) size 165x39 [r=25 c=2 rs=1 cs=1]
              LayoutText {#text} at (1,1) size 65x36
                text run at (1,1) width 65: "3-26"
          LayoutTableRow {TR} at (0,1206) size 495x39
            LayoutTableCell {TD} at (0,1206) size 165x39 [r=26 c=0 rs=1 cs=1]
              LayoutText {#text} at (1,1) size 65x36
                text run at (1,1) width 65: "1-27"
            LayoutTableCell {TD} at (165,1206) size 165x39 [r=26 c=1 rs=1 cs=1]
              LayoutText {#text} at (1,1) size 65x36
                text run at (1,1) width 65: "2-27"
            LayoutTableCell {TD} at (330,1206) size 165x39 [r=26 c=2 rs=1 cs=1]
              LayoutText {#text} at (1,1) size 65x36
                text run at (1,1) width 65: "3-27"
          LayoutTableRow {TR} at (0,1245) size 495x39
            LayoutTableCell {TD} at (0,1245) size 165x39 [r=27 c=0 rs=1 cs=1]
              LayoutText {#text} at (1,1) size 65x36
                text run at (1,1) width 65: "1-28"
            LayoutTableCell {TD} at (165,1245) size 165x39 [r=27 c=1 rs=1 cs=1]
              LayoutText {#text} at (1,1) size 65x36
                text run at (1,1) width 65: "2-28"
            LayoutTableCell {TD} at (330,1245) size 165x39 [r=27 c=2 rs=1 cs=1]
              LayoutText {#text} at (1,1) size 65x36
                text run at (1,1) width 65: "3-28"
          LayoutTableRow {TR} at (0,1284) size 495x39
            LayoutTableCell {TD} at (0,1284) size 165x39 [r=28 c=0 rs=1 cs=1]
              LayoutText {#text} at (1,1) size 65x36
                text run at (1,1) width 65: "1-29"
            LayoutTableCell {TD} at (165,1284) size 165x39 [r=28 c=1 rs=1 cs=1]
              LayoutText {#text} at (1,1) size 65x36
                text run at (1,1) width 65: "2-29"
            LayoutTableCell {TD} at (330,1284) size 165x39 [r=28 c=2 rs=1 cs=1]
              LayoutText {#text} at (1,1) size 65x36
                text run at (1,1) width 65: "3-29"
          LayoutTableRow {TR} at (0,1323) size 495x39
            LayoutTableCell {TD} at (0,1323) size 165x39 [r=29 c=0 rs=1 cs=1]
              LayoutText {#text} at (1,1) size 65x36
                text run at (1,1) width 65: "1-30"
            LayoutTableCell {TD} at (165,1323) size 165x39 [r=29 c=1 rs=1 cs=1]
              LayoutText {#text} at (1,1) size 65x36
                text run at (1,1) width 65: "2-30"
            LayoutTableCell {TD} at (330,1323) size 165x39 [r=29 c=2 rs=1 cs=1]
              LayoutText {#text} at (1,1) size 65x36
                text run at (1,1) width 65: "3-30"
          LayoutTableRow {TR} at (0,1362) size 495x39
            LayoutTableCell {TD} at (0,1362) size 165x39 [r=30 c=0 rs=1 cs=1]
              LayoutText {#text} at (1,1) size 65x36
                text run at (1,1) width 65: "1-31"
            LayoutTableCell {TD} at (165,1362) size 165x39 [r=30 c=1 rs=1 cs=1]
              LayoutText {#text} at (1,1) size 65x36
                text run at (1,1) width 65: "2-31"
            LayoutTableCell {TD} at (330,1362) size 165x39 [r=30 c=2 rs=1 cs=1]
              LayoutText {#text} at (1,1) size 65x36
                text run at (1,1) width 65: "3-31"
          LayoutTableRow {TR} at (0,1401) size 495x39
            LayoutTableCell {TD} at (0,1401) size 165x39 [r=31 c=0 rs=1 cs=1]
              LayoutText {#text} at (1,1) size 65x36
                text run at (1,1) width 65: "1-32"
            LayoutTableCell {TD} at (165,1401) size 165x39 [r=31 c=1 rs=1 cs=1]
              LayoutText {#text} at (1,1) size 65x36
                text run at (1,1) width 65: "2-32"
            LayoutTableCell {TD} at (330,1401) size 165x39 [r=31 c=2 rs=1 cs=1]
              LayoutText {#text} at (1,1) size 65x36
                text run at (1,1) width 65: "3-32"
          LayoutTableRow {TR} at (0,1440) size 495x39
            LayoutTableCell {TD} at (0,1440) size 165x39 [r=32 c=0 rs=1 cs=1]
              LayoutText {#text} at (1,1) size 65x36
                text run at (1,1) width 65: "1-33"
            LayoutTableCell {TD} at (165,1440) size 165x39 [r=32 c=1 rs=1 cs=1]
              LayoutText {#text} at (1,1) size 65x36
                text run at (1,1) width 65: "2-33"
            LayoutTableCell {TD} at (330,1440) size 165x39 [r=32 c=2 rs=1 cs=1]
              LayoutText {#text} at (1,1) size 65x36
                text run at (1,1) width 65: "3-33"
          LayoutTableRow {TR} at (0,1479) size 495x39
            LayoutTableCell {TD} at (0,1479) size 165x39 [r=33 c=0 rs=1 cs=1]
              LayoutText {#text} at (1,1) size 65x36
                text run at (1,1) width 65: "1-34"
            LayoutTableCell {TD} at (165,1479) size 165x39 [r=33 c=1 rs=1 cs=1]
              LayoutText {#text} at (1,1) size 65x36
                text run at (1,1) width 65: "2-34"
            LayoutTableCell {TD} at (330,1479) size 165x39 [r=33 c=2 rs=1 cs=1]
              LayoutText {#text} at (1,1) size 65x36
                text run at (1,1) width 65: "3-34"
          LayoutTableRow {TR} at (0,1518) size 495x39
            LayoutTableCell {TD} at (0,1518) size 165x39 [r=34 c=0 rs=1 cs=1]
              LayoutText {#text} at (1,1) size 65x36
                text run at (1,1) width 65: "1-35"
            LayoutTableCell {TD} at (165,1518) size 165x39 [r=34 c=1 rs=1 cs=1]
              LayoutText {#text} at (1,1) size 65x36
                text run at (1,1) width 65: "2-35"
            LayoutTableCell {TD} at (330,1518) size 165x39 [r=34 c=2 rs=1 cs=1]
              LayoutText {#text} at (1,1) size 65x36
                text run at (1,1) width 65: "3-35"
        LayoutTableSection {TFOOT} at (0,1597) size 495x40
          LayoutTableRow {TR} at (0,0) size 495x40
            LayoutTableCell {TH} at (0,0) size 165x40 [r=0 c=0 rs=1 cs=1]
              LayoutText {#text} at (10,1) size 145x37
                text run at (10,1) width 145: "Footer2 1"
            LayoutTableCell {TH} at (165,0) size 165x40 [r=0 c=1 rs=1 cs=1]
              LayoutText {#text} at (10,1) size 145x37
                text run at (10,1) width 145: "Footer2 2"
            LayoutTableCell {TH} at (330,0) size 165x40 [r=0 c=2 rs=1 cs=1]
              LayoutText {#text} at (10,1) size 145x37
                text run at (10,1) width 145: "Footer2 3"
