layer at (0,0) size 800x600
  LayoutView at (0,0) size 800x600
layer at (0,0) size 800x0
  LayoutBlockFlow {HTML} at (0,0) size 800x0
    LayoutBlockFlow {BODY} at (0,0) size 800x0
layer at (0,0) size 800x0 transparent
  LayoutBlockFlow {DIV} at (0,0) size 800x0
layer at (0,0) size 100x100
  LayoutBlockFlow (positioned) {DIV} at (0,0) size 100x100 [bgcolor=#008000]
    LayoutText {#text} at (0,0) size 8x18
      text run at (0,0) width 8: "1"
layer at (200,200) size 100x100
  LayoutBlockFlow (positioned) {DIV} at (200,200) size 100x100 [bgcolor=#008000]
    LayoutText {#text} at (0,0) size 8x18
      text run at (0,0) width 8: "2"
layer at (0,200) size 100x100
  LayoutBlockFlow (positioned) {DIV} at (0,200) size 100x100 [bgcolor=#008000]
    LayoutText {#text} at (0,0) size 8x18
      text run at (0,0) width 8: "3"
layer at (200,0) size 100x100
  LayoutBlockFlow (positioned) {DIV} at (200,0) size 100x100 [bgcolor=#008000]
