layer at (0,0) size 800x600 clip at (0,0) size 800x585 scrollWidth 2150
  LayoutView at (0,0) size 800x600
layer at (0,0) size 800x0
  LayoutBlockFlow {HTML} at (0,0) size 800x0
    LayoutBlockFlow {BODY} at (0,0) size 800x0
layer at (0,0) size 800x0 transparent
  LayoutBlockFlow {DIV} at (0,0) size 800x0
layer at (0,0) size 2150x200 backgroundClip at (0,0) size 800x585 clip at (0,0) size 800x585
  LayoutBlockFlow (positioned) {DIV} at (0,0) size 2150x200 [bgcolor=#008000]
    LayoutText {#text} at (0,0) size 8x18
      text run at (0,0) width 8: "1"
layer at (0,100) size 2150x200 backgroundClip at (0,0) size 800x585 clip at (0,0) size 800x585
  LayoutBlockFlow (positioned) {DIV} at (0,100) size 2150x200 [bgcolor=#008000]
    LayoutText {#text} at (0,0) size 8x18
      text run at (0,0) width 8: "2"
