layer at (0,0) size 800x600 clip at (0,0) size 800x585 scrollWidth 2150
  LayoutView at (0,0) size 800x600
layer at (0,0) size 800x236
  LayoutBlockFlow {HTML} at (0,0) size 800x236
    LayoutBlockFlow {BODY} at (0,0) size 800x236
      LayoutBlockFlow {P} at (0,0) size 800x36
        LayoutText {#text} at (0,0) size 789x36
          text run at (0,0) width 789: "Opacity should be applied after reflection, so you should see a green rectangle below. The overlap between the original and"
          text run at (0,18) width 202: "reflection should not be visible."
layer at (0,36) size 2150x200 backgroundClip at (0,0) size 800x585 clip at (0,0) size 800x585 transparent
  LayoutBlockFlow (relative positioned) {DIV} at (0,36) size 2150x200 [bgcolor=#008000]
    LayoutText {#text} at (0,0) size 8x18
      text run at (0,0) width 8: "1"
