layer at (0,0) size 800x600
  LayoutView at (0,0) size 800x600
layer at (0,0) size 800x206
  LayoutBlockFlow {HTML} at (0,0) size 800x206
    LayoutBlockFlow {BODY} at (8,16) size 784x182
      LayoutBlockFlow {P} at (0,0) size 784x18
        LayoutText {#text} at (0,0) size 348x17
          text run at (0,0) width 348: "Passes if there are no overpainted selection highlights."
      LayoutBlockFlow {DIV} at (0,34) size 784x148
        LayoutText {#text} at (755,1) size 29x71
          text run at (755,1) width 29: "a"
        LayoutBR {BR} at (755,1) size 1x71
        LayoutBR {BR} at (784,75) size 0x71
selection start: position 0 of child 0 {#text} of child 2 {DIV} of body
selection end:   position 1 of child 1 {BR} of child 2 {DIV} of body
