layer at (0,0) size 800x600
  LayoutView at (0,0) size 800x600
layer at (0,0) size 800x600
  LayoutBlockFlow {HTML} at (0,0) size 800x600
    LayoutBlockFlow {BODY} at (8,8) size 784x576
      LayoutBlockFlow (anonymous) at (0,0) size 784x18
        LayoutText {#text} at (0,0) size 491x18
          text run at (0,0) width 491: "This tests that the value becomes visible when the text field becomes visible."
      LayoutBlockFlow {P} at (0,34) size 784x19
        LayoutTextControl {INPUT} at (0,0) size 131x19 [bgcolor=#FFFFFF] [border: (2px inset #EEEEEE)]
        LayoutText {#text} at (0,0) size 0x0
      LayoutBlockFlow {DIV} at (0,69) size 784x0
      LayoutBlockFlow {P} at (0,69) size 784x0
layer at (11,45) size 125x13
  LayoutBlockFlow {DIV} at (3,3) size 125x13
    LayoutText {#text} at (0,0) size 63x13
      text run at (0,0) width 63: "Test Passed"
