layer at (0,0) size 800x600
  LayoutView at (0,0) size 800x600
layer at (0,0) size 800x600
  LayoutBlockFlow {HTML} at (0,0) size 800x600
    LayoutBlockFlow {BODY} at (8,8) size 784x584
      LayoutText {#text} at (0,0) size 487x18
        text run at (0,0) width 487: "This tests that empty readonly text fields have the right height and baseline. "
      LayoutTextControl {INPUT} at (487,0) size 131x19 [bgcolor=#FFFFFF] [border: (2px inset #EEEEEE)]
      LayoutText {#text} at (0,0) size 0x0
layer at (498,11) size 125x13
  LayoutBlockFlow {DIV} at (3,3) size 125x13
