layer at (0,0) size 800x600
  LayoutView at (0,0) size 800x600
layer at (0,0) size 800x600
  LayoutBlockFlow {HTML} at (0,0) size 800x600
    LayoutBlockFlow {BODY} at (8,8) size 784x576
      LayoutBlockFlow (anonymous) at (0,0) size 784x19
        LayoutTextControl {INPUT} at (0,0) size 131x19 [bgcolor=#FFFFFF] [border: (2px inset #EEEEEE)]
        LayoutText {#text} at (0,0) size 0x0
      LayoutBlockFlow {P} at (0,35) size 784x36
        LayoutText {#text} at (0,0) size 778x36
          text run at (0,0) width 778: "Tests clicking on an input element that has a value that self-destructs. If the test succeeds, there should be a blinking caret"
          text run at (0,18) width 101: "in the text field."
layer at (11,11) size 125x13
  LayoutBlockFlow {DIV} at (3,3) size 125x13
caret: position 0 of child 0 {DIV} of {#document-fragment} of child 0 {INPUT} of body
