layer at (0,0) size 800x600
  LayoutView at (0,0) size 800x600
layer at (0,0) size 800x600
  LayoutBlockFlow {HTML} at (0,0) size 800x600
    LayoutBlockFlow {BODY} at (8,8) size 784x576
      LayoutBlockFlow {DIV} at (0,0) size 425x75 [bgcolor=#FFFF00]
        LayoutTextControl {INPUT} at (25,25) size 131x19 [bgcolor=#FFFFFF] [border: (2px inset #EEEEEE)]
      LayoutBlockFlow {P} at (0,91) size 784x36
        LayoutText {#text} at (0,0) size 759x36
          text run at (0,0) width 759: "This test clicks inside an input element, and must result in the element receiving focus. If the test succeeds the element"
          text run at (0,18) width 161: "should have a focus ring."
layer at (36,36) size 125x13
  LayoutBlockFlow {DIV} at (3,3) size 125x13
caret: position 0 of child 0 {DIV} of {#document-fragment} of child 0 {INPUT} of child 0 {DIV} of body
