layer at (0,0) size 800x600
  LayoutView at (0,0) size 800x600
layer at (0,0) size 800x600
  LayoutBlockFlow {HTML} at (0,0) size 800x600
    LayoutBlockFlow {BODY} at (8,8) size 784x584
      LayoutBlockFlow {P} at (0,0) size 784x18
        LayoutText {#text} at (0,0) size 347x18
          text run at (0,0) width 347: "Focus the field, focus away, then focus the field again."
      LayoutBlockFlow {DIV} at (0,34) size 784x19
        LayoutTextControl {INPUT} at (0,0) size 131x19 [bgcolor=#FFFFFF] [border: (2px inset #EEEEEE)]
        LayoutText {#text} at (0,0) size 0x0
layer at (11,45) size 125x13
  LayoutBlockFlow {DIV} at (3,3) size 125x13 [color=#757575]
    LayoutText {#text} at (0,0) size 62x13
      text run at (0,0) width 62: "Placeholder"
layer at (11,45) size 125x13
  LayoutBlockFlow {DIV} at (3,3) size 125x13
caret: position 0 of child 1 {DIV} of {#document-fragment} of child 1 {INPUT} of child 3 {DIV} of body
