layer at (0,0) size 800x600
  LayoutView at (0,0) size 800x600
layer at (0,0) size 800x600
  LayoutBlockFlow {HTML} at (0,0) size 800x600
    LayoutBlockFlow {BODY} at (8,8) size 784x584
      LayoutBlockFlow {P} at (0,0) size 784x26
        LayoutText {#text} at (0,0) size 758x26
          text run at (0,0) width 758: "Text inside input field should not be cut off at the bottom when its font is larger than the body font size. If the descenders in \"something gjpqy\" below are all visible, the test"
          text run at (0,13) width 309: "passes. If they are cut off by the bottom of the input box, the test fails."
      LayoutBlockFlow (anonymous) at (0,37) size 784x21
        LayoutTextControl {INPUT} at (0,0) size 300x21 [bgcolor=#FFFFFF] [border: (2px inset #EEEEEE)]
        LayoutText {#text} at (0,0) size 0x0
layer at (11,48) size 294x15
  LayoutBlockFlow {DIV} at (3,3) size 294x15
    LayoutText {#text} at (0,0) size 95x15
      text run at (0,0) width 95: "something gjpqy"
