layer at (0,0) size 800x600
  LayoutView at (0,0) size 800x600
layer at (0,0) size 800x600
  LayoutBlockFlow {HTML} at (0,0) size 800x600
    LayoutBlockFlow {BODY} at (8,8) size 784x584
      LayoutBlockFlow {P} at (0,0) size 784x36
        LayoutText {#text} at (0,0) size 759x36
          text run at (0,0) width 759: "Assuming the port-specific theme draws focus rings, this test can be used to ensure that a focus ring is drawn for a text"
          text run at (0,18) width 614: "input element. This test PASSED if a focus ring is drawn around the text input element (below)."
      LayoutBlockFlow (anonymous) at (0,52) size 784x19
        LayoutTextControl {INPUT} at (0,0) size 131x19 [bgcolor=#FFFFFF] [border: (2px inset #EEEEEE)]
        LayoutText {#text} at (0,0) size 0x0
layer at (11,63) size 125x13
  LayoutBlockFlow {DIV} at (3,3) size 125x13
caret: position 0 of child 0 {DIV} of {#document-fragment} of child 3 {INPUT} of body
