layer at (0,0) size 800x600
  LayoutView at (0,0) size 800x600
layer at (0,0) size 800x600
  LayoutBlockFlow {HTML} at (0,0) size 800x600
    LayoutBlockFlow {BODY} at (8,8) size 784x584
      LayoutBlockFlow {P} at (0,0) size 784x18
        LayoutText {#text} at (0,0) size 650x18
          text run at (0,0) width 650: "Test of createContextualFragment. If the test succeeds you will see the word \"success\" below in bold."
      LayoutBlockFlow {DIV} at (0,34) size 784x18
        LayoutInline {B} at (0,0) size 73x18
          LayoutText {#text} at (0,0) size 73x18
            text run at (0,0) width 73: "SUCCESS"
