layer at (0,0) size 800x600
  LayoutView at (0,0) size 800x600
layer at (0,0) size 800x600
  LayoutBlockFlow {HTML} at (0,0) size 800x600
    LayoutBlockFlow {BODY} at (8,8) size 784x552
      LayoutBlockFlow {P} at (0,0) size 784x40
        LayoutText {#text} at (0,0) size 226x19
          text run at (0,0) width 226: "This is a test for regressions against "
        LayoutInline {I} at (0,0) size 761x39
          LayoutInline {A} at (0,0) size 348x19 [color=#0000EE]
            LayoutText {#text} at (226,0) size 348x19
              text run at (226,0) width 348: "http://bugzilla.opendarwin.org/show_bug.cgi?id=8056"
          LayoutText {#text} at (573,0) size 761x39
            text run at (573,0) width 5: " "
            text run at (577,0) width 184: "Flexible boxes do not repaint"
            text run at (0,20) width 238: "their top, left and children's overflows"
        LayoutText {#text} at (237,20) size 5x19
          text run at (237,20) width 5: "."
      LayoutBlockFlow {DIV} at (0,66) size 784x100
        LayoutDeprecatedFlexibleBox {DIV} at (10,10) size 80x80 [bgcolor=#FFFF00]
          LayoutBlockFlow {DIV} at (-10,-10) size 100x100 [border: (1px solid #000000)]
            LayoutText {#text} at (1,1) size 177x19
              text run at (1,1) width 177: "Lorem ipsum dolor sit amet."
      LayoutBlockFlow {DIV} at (0,186) size 784x100
        LayoutDeprecatedFlexibleBox {DIV} at (10,10) size 80x80 [bgcolor=#FFFF00]
          LayoutBlockFlow {DIV} at (-10,-10) size 100x100 [border: (1px solid #000000)]
      LayoutBlockFlow {DIV} at (0,306) size 784x100
        LayoutDeprecatedFlexibleBox {DIV} at (10,10) size 80x80 [bgcolor=#FFFF00]
          LayoutBlockFlow {DIV} at (-10,-10) size 100x100 [border: (1px solid #000000)]
      LayoutBlockFlow {DIV} at (0,426) size 784x100
        LayoutDeprecatedFlexibleBox {DIV} at (10,10) size 80x80 [bgcolor=#FFFF00]
          LayoutBlockFlow {DIV} at (-10,-10) size 100x100 [border: (1px solid #000000)]
            LayoutText {#text} at (1,1) size 98x159
              text run at (1,1) width 84: "Lorem ipsum"
              text run at (1,21) width 89: "dolor sit amet,"
              text run at (1,41) width 78: "consectetuer"
              text run at (1,61) width 91: "adipiscing elit."
              text run at (1,81) width 98: "Etiam et ipsum."
              text run at (1,101) width 31: "Nam"
              text run at (1,121) width 98: "consectetuer mi"
              text run at (1,141) width 61: "eget velit."
layer at (8,64) size 784x2 clip at (0,0) size 0x0
  LayoutBlockFlow {HR} at (0,56) size 784x2 [border: (1px inset #EEEEEE)]
