EDITING DELEGATE: webViewDidChangeSelection:WebViewDidChangeSelectionNotification
EDITING DELEGATE: webViewDidChangeSelection:WebViewDidChangeSelectionNotification
EDITING DELEGATE: webViewDidChangeSelection:WebViewDidChangeSelectionNotification
EDITING DELEGATE: webViewDidChangeSelection:WebViewDidChangeSelectionNotification
EDITING DELEGATE: webViewDidChangeSelection:WebViewDidChangeSelectionNotification
EDITING DELEGATE: webViewDidChangeSelection:WebViewDidChangeSelectionNotification
EDITING DELEGATE: webViewDidChangeSelection:WebViewDidChangeSelectionNotification
EDITING DELEGATE: webViewDidChangeSelection:WebViewDidChangeSelectionNotification
EDITING DELEGATE: webViewDidChangeSelection:WebViewDidChangeSelectionNotification
EDITING DELEGATE: webViewDidChangeSelection:WebViewDidChangeSelectionNotification
EDITING DELEGATE: webViewDidChangeSelection:WebViewDidChangeSelectionNotification
EDITING DELEGATE: webViewDidChangeSelection:WebViewDidChangeSelectionNotification
EDITING DELEGATE: webViewDidChange:WebViewDidChangeNotification
layer at (0,0) size 800x600
  LayoutView at (0,0) size 800x600
layer at (0,0) size 800x600
  LayoutBlockFlow {HTML} at (0,0) size 800x600
    LayoutBlockFlow {BODY} at (8,8) size 784x584
      LayoutBlockFlow {DIV} at (0,0) size 784x262 [border: (4px solid #0000FF)]
        LayoutBlockFlow {DIV} at (20,20) size 744x69
          LayoutText {#text} at (0,0) size 64x26
            text run at (0,0) width 64: "Tests: "
          LayoutBR {BR} at (0,0) size 0x0
          LayoutText {#text} at (0,27) size 654x20
            text run at (0,27) width 654: "Our ability to \"edit around\" content the HTML editing code does not yet handle very well. "
          LayoutBR {BR} at (654,43) size 0x0
          LayoutInline {I} at (0,0) size 100x20
            LayoutText {#text} at (0,48) size 100x20
              text run at (0,48) width 100: "For this test: "
          LayoutText {#text} at (100,48) size 386x20
            text run at (100,48) width 386: "Select and delete a list and some surrounding content."
        LayoutBlockFlow (anonymous) at (20,89) size 744x21
          LayoutBR {BR} at (0,0) size 0x20
        LayoutBlockFlow {DIV} at (20,110) size 744x132
          LayoutText {#text} at (0,0) size 189x26
            text run at (0,0) width 189: "Expected Results: "
          LayoutBR {BR} at (189,21) size 0x0
          LayoutText {#text} at (0,27) size 702x41
            text run at (0,27) width 702: "The content in the red box must exactly match the content in the green box (except for the border"
            text run at (0,48) width 52: "color). "
          LayoutBR {BR} at (52,64) size 0x0
          LayoutInline {I} at (0,0) size 100x20
            LayoutText {#text} at (0,69) size 100x20
              text run at (0,69) width 100: "For this test: "
          LayoutText {#text} at (100,69) size 735x41
            text run at (100,69) width 299: "Only selected content should get deleted. "
            text run at (399,69) width 336: "Surrounding content that is not selected should"
            text run at (0,90) width 204: "(obviously) not be affected. "
          LayoutBR {BR} at (204,106) size 0x0
          LayoutInline {B} at (0,0) size 714x20
            LayoutText {#text} at (0,111) size 714x20
              text run at (0,111) width 714: "There is a bug: the caret ends up in the wrong position, it should be in the empty paragraph."
        LayoutBlockFlow (anonymous) at (20,242) size 744x0
          LayoutInline {B} at (0,0) size 0x0
            LayoutText {#text} at (0,0) size 0x0
      LayoutBlockFlow (anonymous) at (0,272) size 784x0
        LayoutInline {B} at (0,0) size 0x0
          LayoutText {#text} at (0,0) size 0x0
      LayoutBlockFlow (anonymous) at (0,272) size 784x126
        LayoutBlockFlow {DIV} at (0,0) size 784x58 [border: (2px solid #008000)]
          LayoutBR {BR} at (2,2) size 0x26
          LayoutText {#text} at (2,29) size 49x26
            text run at (2,29) width 49: "after"
        LayoutBlockFlow {DIV} at (0,68) size 784x58
          LayoutBlockFlow {DIV} at (0,0) size 784x58 [border: (2px solid #FF0000)]
            LayoutBR {BR} at (2,2) size 0x26
            LayoutText {#text} at (2,29) size 49x26
              text run at (2,29) width 49: "after"
      LayoutBlockFlow (anonymous) at (0,398) size 784x0
        LayoutInline {B} at (0,0) size 0x0
caret: position 0 of child 1 {#text} of child 1 {DIV} of child 3 {DIV} of child 2 {B} of body
