layer at (0,0) size 800x600
  LayoutView at (0,0) size 800x600
layer at (0,0) size 800x600
  LayoutNGBlockFlow {HTML} at (0,0) size 800x600
    LayoutNGBlockFlow {BODY} at (8,8) size 784x576
      LayoutNGBlockFlow {P} at (0,0) size 784x40
        LayoutText {#text} at (0,0) size 52x19
          text run at (0,0) width 52: "Test for "
        LayoutInline {I} at (0,0) size 784x39
          LayoutInline {A} at (0,0) size 300x19 [color=#0000EE]
            LayoutText {#text} at (52,0) size 300x19
              text run at (52,0) width 300: "http://bugs.webkit.org/show_bug.cgi?id=12910"
          LayoutText {#text} at (352,0) size 784x39
            text run at (352,0) width 432: " REGRESSION (r18756-r18765): list-bullet doesn't redraw properly"
            text run at (0,20) width 310: "when changing the list's content using JavaScript"
        LayoutText {#text} at (310,20) size 4x19
          text run at (310,20) width 4: "."
      LayoutNGBlockFlow {UL} at (0,56) size 784x20
        LayoutNGListItem {LI} at (40,0) size 744x20
          LayoutNGListMarker (anonymous) at (-18,0) size 7x20
            LayoutText (anonymous) at (0,0) size 7x19
              text run at (0,0) width 7: "\x{2022} "
          LayoutNGBlockFlow (anonymous) at (0,0) size 744x20
            LayoutText {#text} at (0,0) size 21x19
              text run at (0,0) width 21: "foo"
          LayoutNGBlockFlow {DIV} at (10,30) size 724x0
      LayoutNGBlockFlow {UL} at (0,92) size 784x20
        LayoutNGListItem {LI} at (40,0) size 744x20
          LayoutNGBlockFlow (anonymous) at (0,0) size 744x20
            LayoutInline (anonymous) at (0,0) size 7x19
              LayoutText (anonymous) at (-1,0) size 7x19
                text run at (-1,0) width 7: "\x{2022} "
            LayoutText {#text} at (22,0) size 20x19
              text run at (22,0) width 20: "bar"
          LayoutNGBlockFlow {DIV} at (10,30) size 724x0
      LayoutNGBlockFlow {UL} at (0,128) size 784x20
        LayoutNGListItem {LI} at (0,0) size 744x20
          LayoutNGListMarker (anonymous) at (755,0) size 7x20
            LayoutText (anonymous) at (0,0) size 7x19
              text run at (0,0) width 7: "\x{2022} "
          LayoutNGBlockFlow (anonymous) at (0,0) size 744x20
            LayoutText {#text} at (723,0) size 21x19
              text run at (723,0) width 21: "foo"
          LayoutNGBlockFlow {DIV} at (10,30) size 724x0
      LayoutNGBlockFlow {UL} at (0,164) size 784x20
        LayoutNGListItem {LI} at (0,0) size 744x20
          LayoutNGBlockFlow (anonymous) at (0,0) size 744x20
            LayoutInline (anonymous) at (0,0) size 7x19
              LayoutText (anonymous) at (738,0) size 7x19
                text run at (738,0) width 7: "\x{2022} "
            LayoutText {#text} at (702,0) size 20x19
              text run at (702,0) width 20: "bar"
          LayoutNGBlockFlow {DIV} at (10,30) size 724x0
