layer at (0,0) size 800x600
  LayoutView at (0,0) size 800x600
layer at (0,0) size 800x160
  LayoutBlockFlow {HTML} at (0,0) size 800x160
    LayoutBlockFlow {BODY} at (8,16) size 784x136
      LayoutBlockFlow {P} at (0,0) size 784x18
        LayoutText {#text} at (0,0) size 406x18
          text run at (0,0) width 406: "At the end of the test the green box should obscure the red box."
      LayoutBlockFlow {DIV} at (0,136) size 784x0
layer at (8,50) size 402x102
  LayoutBlockFlow (relative positioned) {DIV} at (0,34) size 402x102 [border: (1px solid #000000)]
layer at (9,51) size 100x100
  LayoutBlockFlow (positioned) {DIV} at (1,1) size 100x100 [bgcolor=#FF0000]
layer at (9,51) size 100x100
  LayoutBlockFlow (positioned) {DIV} at (1,1) size 100x100 [bgcolor=#008000]
