layer at (0,0) size 800x600
  LayoutView at (0,0) size 800x600
layer at (0,0) size 800x600
  LayoutBlockFlow {HTML} at (0,0) size 800x600
    LayoutBlockFlow {BODY} at (8,8) size 784x576
      LayoutBlockFlow {H1} at (0,0) size 784x37
        LayoutText {#text} at (0,0) size 231x37
          text run at (0,0) width 231: "Min-Width Tests"
      LayoutTable {TABLE} at (0,58.44) size 784x86 [border: (2px outset #808080)]
        LayoutTableSection {TBODY} at (2,2) size 780x82
          LayoutTableRow {TR} at (0,0) size 780x82
            LayoutTableCell {TD} at (0,0) size 123x82 [border: (1px inset #808080)] [r=0 c=0 rs=1 cs=1]
              LayoutMenuList {SELECT} at (1,1) size 121x80 [bgcolor=#F8F8F8] [border: (40px solid #FF0000)]
                LayoutBlockFlow (anonymous) at (40,40) size 41x16
                  LayoutText (anonymous) at (8,1) size 20x13
                    text run at (8,1) width 20: "Foo"
            LayoutTableCell {TD} at (123,40) size 657x2 [border: (1px inset #808080)] [r=0 c=1 rs=1 cs=1]
      LayoutBlockFlow {P} at (0,160.44) size 784x24
        LayoutTable {TABLE} at (0,0) size 784x24 [border: (2px outset #808080)]
          LayoutTableSection {TBODY} at (2,2) size 780x20
            LayoutTableRow {TR} at (0,0) size 780x20
              LayoutTableCell {TD} at (0,0) size 20x20 [border: (1px inset #808080)] [r=0 c=0 rs=1 cs=1]
                LayoutBlockFlow {INPUT} at (3.89,4) size 12x12
              LayoutTableCell {TD} at (20,9) size 760x2 [border: (1px inset #808080)] [r=0 c=1 rs=1 cs=1]
      LayoutBlockFlow {P} at (0,200.44) size 784x24
        LayoutTable {TABLE} at (0,0) size 784x24 [border: (2px outset #808080)]
          LayoutTableSection {TBODY} at (2,2) size 780x20
            LayoutTableRow {TR} at (0,0) size 780x20
              LayoutTableCell {TD} at (0,0) size 20x20 [border: (1px inset #808080)] [r=0 c=0 rs=1 cs=1]
                LayoutBlockFlow {INPUT} at (3.89,4) size 12x12
              LayoutTableCell {TD} at (20,9) size 760x2 [border: (1px inset #808080)] [r=0 c=1 rs=1 cs=1]
      LayoutBlockFlow {P} at (0,240.44) size 784x24
        LayoutTable {TABLE} at (0,0) size 784x24 [border: (2px outset #808080)]
          LayoutTableSection {TBODY} at (2,2) size 780x20
            LayoutTableRow {TR} at (0,0) size 780x20
              LayoutTableCell {TD} at (0,0) size 38x20 [border: (1px inset #808080)] [r=0 c=0 rs=1 cs=1]
                LayoutButton {INPUT} at (1,1) size 35.30x18 [bgcolor=#FFFFFF]
                  LayoutBlockFlow (anonymous) at (8,2) size 19.30x13
                    LayoutText {#text} at (0,0) size 20x13
                      text run at (0,0) width 20: "Foo"
              LayoutTableCell {TD} at (38,9) size 742x2 [border: (1px inset #808080)] [r=0 c=1 rs=1 cs=1]
      LayoutBlockFlow {P} at (0,280.44) size 784x261
        LayoutTable {TABLE} at (0,0) size 784x89 [border: (2px outset #808080)]
          LayoutTableSection {TBODY} at (2,2) size 780x85
            LayoutTableRow {TR} at (0,0) size 780x85
              LayoutTableCell {TD} at (0,0) size 116x85 [border: (1px inset #808080)] [r=0 c=0 rs=1 cs=1]
                LayoutButton {INPUT} at (1,1) size 113.30x83 [bgcolor=#FFFFFF] [border: (40px solid #FF0000)]
                  LayoutBlockFlow (anonymous) at (47,41) size 19.30x13
                    LayoutText {#text} at (0,0) size 20x13
                      text run at (0,0) width 20: "Foo"
              LayoutTableCell {TD} at (116,41) size 664x2 [border: (1px inset #808080)] [r=0 c=1 rs=1 cs=1]
        LayoutTable {TABLE} at (0,89) size 784x89 [border: (2px outset #808080)]
          LayoutTableSection {TBODY} at (2,2) size 780x85
            LayoutTableRow {TR} at (0,0) size 780x85
              LayoutTableCell {TD} at (0,0) size 165x85 [border: (1px inset #808080)] [r=0 c=0 rs=1 cs=1]
                LayoutButton {INPUT} at (1,1) size 162.64x83 [bgcolor=#FFFFFF] [border: (40px solid #FF0000)]
                  LayoutBlockFlow (anonymous) at (47,41) size 68.64x13
                    LayoutText {#text} at (0,0) size 69x13
                      text run at (0,0) width 69: "Submit a bug"
              LayoutTableCell {TD} at (165,41) size 615x2 [border: (1px inset #808080)] [r=0 c=1 rs=1 cs=1]
        LayoutBlockFlow (anonymous) at (0,178) size 784x83
          LayoutButton {INPUT} at (0,0) size 113.30x83 [bgcolor=#FFFFFF] [border: (40px solid #FF0000)]
            LayoutBlockFlow (anonymous) at (47,41) size 19.30x13
              LayoutText {#text} at (0,0) size 20x13
                text run at (0,0) width 20: "Foo"
