layer at (0,0) size 800x600
  LayoutView at (0,0) size 800x600
layer at (0,0) size 800x600
  LayoutBlockFlow {HTML} at (0,0) size 800x600
    LayoutBlockFlow {BODY} at (8,8) size 784x584
      LayoutFieldset {FIELDSET} at (2,0) size 115.09x71.59 [border: (2px groove #C0C0C0)]
        LayoutBlockFlow {LEGEND} at (14,0) size 87.09x18
          LayoutText {#text} at (2,0) size 84x18
            text run at (2,0) width 84: "Number One"
        LayoutBlockFlow (anonymous) at (14,23.59) size 87.09x36
          LayoutText {#text} at (0,0) size 81x18
            text run at (0,0) width 81: "Hello world."
          LayoutBR {BR} at (80,14) size 1x0
          LayoutText {#text} at (0,18) size 81x18
            text run at (0,18) width 81: "Hello world."
      LayoutText {#text} at (119,41) size 5x19
        text run at (119,41) width 5: " "
      LayoutFieldset {FIELDSET} at (125.09,18) size 116.64x53.59 [border: (2px groove #C0C0C0)]
        LayoutBlockFlow {LEGEND} at (14,0) size 88.64x18
          LayoutText {#text} at (2,0) size 85x18
            text run at (2,0) width 85: "Number Two"
        LayoutBlockFlow (anonymous) at (14,23.59) size 88.64x18
          LayoutText {#text} at (0,0) size 81x18
            text run at (0,0) width 81: "Hello world."
      LayoutText {#text} at (0,0) size 0x0
