layer at (0,0) size 800x600
  LayoutView at (0,0) size 800x600
layer at (0,0) size 800x600
  LayoutBlockFlow {HTML} at (0,0) size 800x600
    LayoutBlockFlow {BODY} at (8,8) size 784x576
      LayoutBlockFlow {P} at (0,0) size 784x18
        LayoutText {#text} at (0,0) size 235x18
          text run at (0,0) width 235: "Tests that buttons clip their contents."
      LayoutBlockFlow {P} at (0,34) size 784x18
        LayoutText {#text} at (0,0) size 772x18
          text run at (0,0) width 487: "Each button below should have a yellow border and a black dashed outline. "
          text run at (486,0) width 286: "Contents should overflow the yellow border."
      LayoutBlockFlow {P} at (0,68) size 784x50
        LayoutButton {BUTTON} at (0,0) size 100x50 [bgcolor=#FFFFFF] [border: (1px solid #FFFF00)]
          LayoutBlockFlow (anonymous) at (11,11) size 78x204
            LayoutBlockFlow {DIV} at (0,0) size 74x204 [bgcolor=#008080] [border: (2px solid #800080)]
              LayoutBlockFlow (floating) {DIV} at (52,2) size 20x100 [bgcolor=#006400]
              LayoutText {#text} at (13,2) size 36x52
                text run at (13,2) width 28: "short"
                text run at (11,15) width 32: "words"
                text run at (16,28) width 22: "only"
                text run at (9,41) width 36: "please"
        LayoutText {#text} at (0,0) size 0x0
      LayoutButton {BUTTON} at (0,134) size 100x50 [bgcolor=#FFFFFF] [border: (1px solid #FFFF00)]
        LayoutBlockFlow (anonymous) at (11,11) size 78x204
          LayoutBlockFlow {DIV} at (0,0) size 74x204 [bgcolor=#008080] [border: (2px solid #800080)]
            LayoutBlockFlow (floating) {DIV} at (52,2) size 20x100 [bgcolor=#006400]
            LayoutText {#text} at (13,2) size 36x52
              text run at (13,2) width 28: "short"
              text run at (11,15) width 32: "words"
              text run at (16,28) width 22: "only"
              text run at (9,41) width 36: "please"
      LayoutBlockFlow {P} at (0,200) size 784x0
layer at (8,208) size 100x50
  LayoutButton (positioned) {BUTTON} at (8,208) size 100x50 [bgcolor=#FFFFFF] [border: (1px solid #FFFF00)]
    LayoutBlockFlow (anonymous) at (11,11) size 78x204
      LayoutBlockFlow {DIV} at (0,0) size 74x204 [bgcolor=#008080] [border: (2px solid #800080)]
        LayoutBlockFlow (floating) {DIV} at (52,2) size 20x100 [bgcolor=#006400]
        LayoutText {#text} at (13,2) size 36x52
          text run at (13,2) width 28: "short"
          text run at (11,15) width 32: "words"
          text run at (16,28) width 22: "only"
          text run at (9,41) width 36: "please"
