layer at (0,0) size 800x600
  LayoutView at (0,0) size 800x600
layer at (0,0) size 800x600
  LayoutBlockFlow {HTML} at (0,0) size 800x600
    LayoutBlockFlow {BODY} at (8,8) size 784x584
      LayoutBlockFlow {P} at (0,0) size 784x36
        LayoutText {#text} at (0,0) size 108x18
          text run at (0,0) width 108: "This is a test for "
        LayoutInline {I} at (0,0) size 761x36
          LayoutInline {A} at (0,0) size 353x18 [color=#0000EE]
            LayoutText {#text} at (107,0) size 353x18
              text run at (107,0) width 353: "http://bugzilla.opendarwin.org/show_bug.cgi?id=9316"
          LayoutText {#text} at (459,0) size 761x36
            text run at (459,0) width 5: " "
            text run at (463,0) width 298: "REGRESSION: text field width shrinks on first"
            text run at (0,18) width 60: "keystroke"
        LayoutText {#text} at (59,18) size 5x18
          text run at (59,18) width 5: "."
layer at (8,60) size 784x2 clip at (0,0) size 0x0
  LayoutBlockFlow {HR} at (0,52) size 784x2 [border: (1px inset #EEEEEE)]
layer at (8,70) size 784x0
  LayoutBlockFlow (relative positioned) {DIV} at (0,62) size 784x0
    LayoutTextControl (floating) {INPUT} at (0,0) size 392x19 [bgcolor=#FFFFFF] [border: (2px inset #EEEEEE)]
layer at (11,73) size 386x13
  LayoutBlockFlow {DIV} at (3,3) size 386x13
    LayoutText {#text} at (0,0) size 17x13
      text run at (0,0) width 17: "foo"
