layer at (0,0) size 800x600
  LayoutView at (0,0) size 800x600
layer at (0,0) size 800x600
  LayoutBlockFlow {HTML} at (0,0) size 800x600
    LayoutBlockFlow {BODY} at (8,8) size 784x584
      LayoutBlockFlow (anonymous) at (0,0) size 784x0
        LayoutInline {A} at (0,0) size 0x0
          LayoutText {#text} at (0,0) size 0x0
      LayoutBlockFlow {DIV} at (0,0) size 784x24
        LayoutBlockFlow (anonymous) at (0,0) size 784x0
          LayoutInline {A} at (0,0) size 0x0
            LayoutText {#text} at (0,0) size 0x0
        LayoutBlockFlow (anonymous) at (0,0) size 784x24
          LayoutTable {TABLE} at (0,0) size 63x24
            LayoutTableSection {TBODY} at (0,0) size 63x24
              LayoutTableRow {TR} at (0,2) size 63x20
                LayoutTableCell {TD} at (2,11) size 2x2 [r=0 c=0 rs=1 cs=1]
                LayoutTableCell {TD} at (6,2) size 55x20 [r=0 c=1 rs=1 cs=1]
                  LayoutButton {INPUT} at (1,1) size 52.08x18 [bgcolor=#FFFFFF]
                    LayoutBlockFlow (anonymous) at (8,2) size 36.08x13
                      LayoutText {#text} at (0,0) size 37x13
                        text run at (0,0) width 37: "Search"
        LayoutBlockFlow (anonymous) at (0,24) size 784x0
          LayoutInline {A} at (0,0) size 0x0
          LayoutInline {A} at (0,0) size 0x0 [color=#0000EE]
          LayoutText {#text} at (0,0) size 0x0
      LayoutBlockFlow (anonymous) at (0,24) size 784x18
        LayoutText {#text} at (0,0) size 107x18
          text run at (0,0) width 107: "Form did submit"
