layer at (0,0) size 800x600
  LayoutView at (0,0) size 800x600
layer at (0,0) size 800x600
  LayoutBlockFlow {HTML} at (0,0) size 800x600
    LayoutBlockFlow {BODY} at (8,8) size 784x584
      LayoutText {#text} at (0,0) size 601x18
        text run at (0,0) width 601: "This test passes if it doesn't crash and if the Submit button does not honor the first-letter style."
      LayoutBR {BR} at (600,14) size 1x0
      LayoutButton {INPUT} at (0,18) size 52.86x18 [border: (1px solid #D8D8D8) (1px solid #D1D1D1) (1px solid #BABABA) (1px solid #D1D1D1)]
        LayoutBlockFlow (anonymous) at (8,2) size 36.86x13
          LayoutText {#text} at (0,0) size 37x13
            text run at (0,0) width 37: "Submit"
      LayoutText {#text} at (0,0) size 0x0
