layer at (0,0) size 800x600
  LayoutView at (0,0) size 800x600
layer at (0,0) size 800x600
  LayoutBlockFlow {HTML} at (0,0) size 800x600
    LayoutBlockFlow {BODY} at (8,8) size 784x584
      LayoutBlockFlow {P} at (0,0) size 784x36
        LayoutText {#text} at (0,0) size 218x18
          text run at (0,0) width 218 LTR override: "This tests for a regression against "
        LayoutInline {I} at (0,0) size 783x36
          LayoutInline {A} at (0,0) size 354x18 [color=#0000EE]
            LayoutText {#text} at (217,0) size 354x18
              text run at (217,0) width 354 LTR override: "http://bugzilla.opendarwin.org/show_bug.cgi?id=8076"
          LayoutText {#text} at (570,0) size 783x36
            text run at (570,0) width 213 LTR override: " REGRESSION: native text fields"
            text run at (0,18) width 251 LTR override: "are reversed on \"visual Hebrew\" pages"
        LayoutText {#text} at (250,18) size 5x18
          text run at (250,18) width 5 LTR override: "."
      LayoutBlockFlow {P} at (0,70) size 784x19
        LayoutText {#text} at (0,1) size 286x18
          text run at (0,1) width 286 LTR override: "Text in the field should look like this: \x{5E8}\x{5D5}\x{5EA}\x{5E4}\x{5DB}"
      LayoutBlockFlow (anonymous) at (0,105) size 784x19
        LayoutTextControl {INPUT} at (0,0) size 131x19 [bgcolor=#FFFFFF] [border: (2px inset #EEEEEE)]
        LayoutText {#text} at (0,0) size 0x0
layer at (8,60) size 784x2 clip at (0,0) size 0x0
  LayoutBlockFlow {HR} at (0,52) size 784x2 [border: (1px inset #EEEEEE)]
layer at (11,116) size 125x13
  LayoutBlockFlow {DIV} at (3,3) size 125x13
    LayoutText {#text} at (0,0) size 31x13
      text run at (0,0) width 31 RTL: "\x{5DB}\x{5E4}\x{5EA}\x{5D5}\x{5E8}"
