layer at (0,0) size 800x600
  LayoutView at (0,0) size 800x600
layer at (0,0) size 800x110
  LayoutNGBlockFlow {HTML} at (0,0) size 800x110
    LayoutNGBlockFlow {BODY} at (8,16) size 784x86
      LayoutNGBlockFlow {P} at (0,0) size 784x20
        LayoutText {#text} at (0,0) size 714x19
          text run at (0,0) width 714: "There should be one blue square below. It is not two because they are composited together, and hence not fragmented."
layer at (8,52) size 110x50
  LayoutNGBlockFlow {DIV} at (0,36) size 110x50
    LayoutMultiColumnSet (anonymous) at (0,0) size 110x50
layer at (8,52) size 50x100 backgroundClip at (0,0) size 63x102 clip at (0,0) size 63x102
  LayoutMultiColumnFlowThread (anonymous) at (0,0) size 50x100
layer at (8,52) size 50x100 backgroundClip at (0,0) size 63x102 clip at (0,0) size 63x102
  LayoutNGBlockFlow {DIV} at (0,0) size 50x100
    LayoutNGBlockFlow {DIV} at (0,0) size 50x100 [bgcolor=#0000FF]
      LayoutBR {BR} at (0,15) size 0x0
      LayoutBR {BR} at (0,0) size 0x0
