layer at (0,0) size 800x600
  LayoutView at (0,0) size 800x600
layer at (0,0) size 800x312
  LayoutBlockFlow {HTML} at (0,0) size 800x312
    LayoutBlockFlow {BODY} at (8,16) size 784x288
      LayoutBlockFlow {P} at (0,0) size 784x20
        LayoutText {#text} at (0,0) size 262x19
          text run at (0,0) width 262: "Left and right sides should look the same."
      LayoutBlockFlow (anonymous) at (0,36) size 784x252
        LayoutBlockFlow {DIV} at (50,50) size 202x152 [border: (1px solid #000000)]
        LayoutText {#text} at (302,151) size 4x20
          text run at (302,151) width 4: " "
        LayoutText {#text} at (0,0) size 0x0
layer at (59,140) size 200x88
  LayoutBlockFlow {P} at (1,38.33) size 200x88 [color=#0000FF]
    LayoutText {#text} at (22,1) size 156x86
      text run at (22,1) width 156: "Shadowed"
      text run at (72,45) width 56: "text"
layer at (364,102) size 202x152
  LayoutBlockFlow {DIV} at (356,50) size 202x152 [border: (1px solid #000000)]
layer at (365,140) size 200x88
  LayoutBlockFlow {P} at (1,38.33) size 200x88 [color=#0000FF]
    LayoutText {#text} at (22,1) size 156x86
      text run at (22,1) width 156: "Shadowed"
      text run at (72,45) width 56: "text"
