layer at (0,0) size 800x600 clip at (0,0) size 785x600 scrollHeight 2496
  LayoutView at (0,0) size 800x600
layer at (0,0) size 785x2496 backgroundClip at (0,0) size 785x600 clip at (0,0) size 785x600
  LayoutBlockFlow {HTML} at (0,0) size 785x2496
    LayoutBlockFlow {BODY} at (8,8) size 769x2472 [bgcolor=#FFFFFF]
      LayoutBlockFlow {P} at (0,0) size 769x36
        LayoutBlockFlow (anonymous) at (0,0) size 769x18
          LayoutText {#text} at (0,0) size 364x18
            text run at (0,0) width 364: "this table should be about 6 (12 in NavQuirks) pixels tall"
        LayoutTable {TABLE} at (0,18) size 100x0 [bgcolor=#FFA500]
          LayoutTableSection {TBODY} at (0,0) size 100x0
            LayoutTableRow {TR} at (0,0) size 100x0
              LayoutTableCell {TD} at (0,0) size 100x0 [r=0 c=0 rs=1 cs=1]
            LayoutTableRow {TR} at (0,0) size 100x0
              LayoutTableCell {TD} at (0,0) size 100x0 [r=1 c=0 rs=1 cs=1]
            LayoutTableRow {TR} at (0,0) size 100x0
              LayoutTableCell {TD} at (0,0) size 100x0 [r=2 c=0 rs=1 cs=1]
            LayoutTableRow {TR} at (0,0) size 100x0
              LayoutTableCell {TD} at (0,0) size 100x0 [r=3 c=0 rs=1 cs=1]
            LayoutTableRow {TR} at (0,0) size 100x0
              LayoutTableCell {TD} at (0,0) size 100x0 [r=4 c=0 rs=1 cs=1]
            LayoutTableRow {TR} at (0,0) size 100x0
              LayoutTableCell {TD} at (0,0) size 100x0 [r=5 c=0 rs=1 cs=1]
        LayoutBlockFlow (anonymous) at (0,18) size 769x18
          LayoutBR {BR} at (0,0) size 0x18
      LayoutBlockFlow {P} at (0,52) size 769x50
        LayoutBlockFlow (anonymous) at (0,0) size 769x18
          LayoutText {#text} at (0,0) size 364x18
            text run at (0,0) width 364: "this table should be about 8 (14 in NavQuirks) pixels tall"
        LayoutTable {TABLE} at (0,18) size 100x14 [bgcolor=#FFA500] [border: (1px outset #808080)]
          LayoutTableSection {TBODY} at (1,1) size 98x12
            LayoutTableRow {TR} at (0,0) size 98x2
              LayoutTableCell {TD} at (0,0) size 98x2 [border: (1px inset #808080)] [r=0 c=0 rs=1 cs=1]
            LayoutTableRow {TR} at (0,2) size 98x2
              LayoutTableCell {TD} at (0,2) size 98x2 [border: (1px inset #808080)] [r=1 c=0 rs=1 cs=1]
            LayoutTableRow {TR} at (0,4) size 98x2
              LayoutTableCell {TD} at (0,4) size 98x2 [border: (1px inset #808080)] [r=2 c=0 rs=1 cs=1]
            LayoutTableRow {TR} at (0,6) size 98x2
              LayoutTableCell {TD} at (0,6) size 98x2 [border: (1px inset #808080)] [r=3 c=0 rs=1 cs=1]
            LayoutTableRow {TR} at (0,8) size 98x2
              LayoutTableCell {TD} at (0,8) size 98x2 [border: (1px inset #808080)] [r=4 c=0 rs=1 cs=1]
            LayoutTableRow {TR} at (0,10) size 98x2
              LayoutTableCell {TD} at (0,10) size 98x2 [border: (1px inset #808080)] [r=5 c=0 rs=1 cs=1]
        LayoutBlockFlow (anonymous) at (0,32) size 769x18
          LayoutBR {BR} at (0,0) size 0x18
      LayoutBlockFlow {P} at (0,118) size 769x48
        LayoutBlockFlow (anonymous) at (0,0) size 769x18
          LayoutText {#text} at (0,0) size 251x18
            text run at (0,0) width 251: "this table should be about 12 pixels tall"
        LayoutTable {TABLE} at (0,18) size 100x12 [bgcolor=#FFA500]
          LayoutTableSection {TBODY} at (0,0) size 100x12
            LayoutTableRow {TR} at (0,0) size 100x2
              LayoutTableCell {TD} at (0,1) size 100x0 [r=0 c=0 rs=1 cs=1]
            LayoutTableRow {TR} at (0,2) size 100x2
              LayoutTableCell {TD} at (0,3) size 100x0 [r=1 c=0 rs=1 cs=1]
            LayoutTableRow {TR} at (0,4) size 100x2
              LayoutTableCell {TD} at (0,5) size 100x0 [r=2 c=0 rs=1 cs=1]
            LayoutTableRow {TR} at (0,6) size 100x2
              LayoutTableCell {TD} at (0,7) size 100x0 [r=3 c=0 rs=1 cs=1]
            LayoutTableRow {TR} at (0,8) size 100x2
              LayoutTableCell {TD} at (0,9) size 100x0 [r=4 c=0 rs=1 cs=1]
            LayoutTableRow {TR} at (0,10) size 100x2
              LayoutTableCell {TD} at (0,11) size 100x0 [r=5 c=0 rs=1 cs=1]
        LayoutBlockFlow (anonymous) at (0,30) size 769x18
          LayoutBR {BR} at (0,0) size 0x18
      LayoutBlockFlow {P} at (0,182) size 769x50
        LayoutBlockFlow (anonymous) at (0,0) size 769x18
          LayoutText {#text} at (0,0) size 251x18
            text run at (0,0) width 251: "this table should be about 14 pixels tall"
        LayoutTable {TABLE} at (0,18) size 100x14 [bgcolor=#FFA500] [border: (1px outset #808080)]
          LayoutTableSection {TBODY} at (1,1) size 98x12
            LayoutTableRow {TR} at (0,0) size 98x2
              LayoutTableCell {TD} at (0,0) size 98x2 [border: (1px inset #808080)] [r=0 c=0 rs=1 cs=1]
            LayoutTableRow {TR} at (0,2) size 98x2
              LayoutTableCell {TD} at (0,2) size 98x2 [border: (1px inset #808080)] [r=1 c=0 rs=1 cs=1]
            LayoutTableRow {TR} at (0,4) size 98x2
              LayoutTableCell {TD} at (0,4) size 98x2 [border: (1px inset #808080)] [r=2 c=0 rs=1 cs=1]
            LayoutTableRow {TR} at (0,6) size 98x2
              LayoutTableCell {TD} at (0,6) size 98x2 [border: (1px inset #808080)] [r=3 c=0 rs=1 cs=1]
            LayoutTableRow {TR} at (0,8) size 98x2
              LayoutTableCell {TD} at (0,8) size 98x2 [border: (1px inset #808080)] [r=4 c=0 rs=1 cs=1]
            LayoutTableRow {TR} at (0,10) size 98x2
              LayoutTableCell {TD} at (0,10) size 98x2 [border: (1px inset #808080)] [r=5 c=0 rs=1 cs=1]
        LayoutBlockFlow (anonymous) at (0,32) size 769x18
          LayoutBR {BR} at (0,0) size 0x18
      LayoutBlockFlow {P} at (0,248) size 769x40
        LayoutBlockFlow (anonymous) at (0,0) size 769x18
          LayoutText {#text} at (0,0) size 353x18
            text run at (0,0) width 353: "this table should be about 5 (3 in Standard) pixels wide"
        LayoutTable {TABLE} at (0,18) size 4x4 [bgcolor=#FFA500] [border: (1px outset #808080)]
          LayoutTableSection {TBODY} at (1,1) size 2x2
            LayoutTableRow {TR} at (0,0) size 2x2
              LayoutTableCell {TD} at (0,0) size 2x2 [border: (1px inset #808080)] [r=0 c=0 rs=1 cs=1]
        LayoutBlockFlow (anonymous) at (0,22) size 769x18
          LayoutBR {BR} at (0,0) size 0x18
      LayoutBlockFlow {P} at (0,304) size 769x40
        LayoutBlockFlow (anonymous) at (0,0) size 769x18
          LayoutText {#text} at (0,0) size 353x18
            text run at (0,0) width 353: "this table should be about 8 (4 in Standard) pixels wide"
        LayoutTable {TABLE} at (0,18) size 6x4 [bgcolor=#FFA500] [border: (1px outset #808080)]
          LayoutTableSection {TBODY} at (1,1) size 4x2
            LayoutTableRow {TR} at (0,0) size 4x2
              LayoutTableCell {TD} at (0,0) size 2x2 [border: (1px inset #808080)] [r=0 c=0 rs=1 cs=1]
              LayoutTableCell {TD} at (2,0) size 2x2 [border: (1px inset #808080)] [r=0 c=1 rs=1 cs=1]
        LayoutBlockFlow (anonymous) at (0,22) size 769x18
          LayoutBR {BR} at (0,0) size 0x18
      LayoutBlockFlow {P} at (0,360) size 769x40
        LayoutBlockFlow (anonymous) at (0,0) size 769x18
          LayoutText {#text} at (0,0) size 361x18
            text run at (0,0) width 361: "this table should be about 20 (8 in Standard) pixels wide"
        LayoutTable {TABLE} at (0,18) size 14x4 [bgcolor=#FFA500] [border: (1px outset #808080)]
          LayoutTableSection {TBODY} at (1,1) size 12x2
            LayoutTableRow {TR} at (0,0) size 12x2
              LayoutTableCell {TD} at (0,0) size 2x2 [border: (1px inset #808080)] [r=0 c=0 rs=1 cs=1]
              LayoutTableCell {TD} at (2,0) size 2x2 [border: (1px inset #808080)] [r=0 c=1 rs=1 cs=1]
              LayoutTableCell {TD} at (4,0) size 2x2 [border: (1px inset #808080)] [r=0 c=2 rs=1 cs=1]
              LayoutTableCell {TD} at (6,0) size 2x2 [border: (1px inset #808080)] [r=0 c=3 rs=1 cs=1]
              LayoutTableCell {TD} at (8,0) size 2x2 [border: (1px inset #808080)] [r=0 c=4 rs=1 cs=1]
              LayoutTableCell {TD} at (10,0) size 2x2 [border: (1px inset #808080)] [r=0 c=5 rs=1 cs=1]
        LayoutBlockFlow (anonymous) at (0,22) size 769x18
          LayoutBR {BR} at (0,0) size 0x18
      LayoutBlockFlow {P} at (0,416) size 769x40
        LayoutBlockFlow (anonymous) at (0,0) size 769x18
          LayoutText {#text} at (0,0) size 447x18
            text run at (0,0) width 447: "this table should be about 272 pixels wide, but can shrink to 92 pixels"
        LayoutTable {TABLE} at (0,18) size 182x4 [bgcolor=#FFA500] [border: (1px outset #808080)]
          LayoutTableSection {TBODY} at (1,1) size 180x2
            LayoutTableRow {TR} at (0,0) size 180x2
              LayoutTableCell {TD} at (0,0) size 2x2 [border: (1px inset #808080)] [r=0 c=0 rs=1 cs=1]
              LayoutTableCell {TD} at (2,0) size 2x2 [border: (1px inset #808080)] [r=0 c=1 rs=1 cs=1]
              LayoutTableCell {TD} at (4,0) size 2x2 [border: (1px inset #808080)] [r=0 c=2 rs=1 cs=1]
              LayoutTableCell {TD} at (6,0) size 2x2 [border: (1px inset #808080)] [r=0 c=3 rs=1 cs=1]
              LayoutTableCell {TD} at (8,0) size 2x2 [border: (1px inset #808080)] [r=0 c=4 rs=1 cs=1]
              LayoutTableCell {TD} at (10,0) size 2x2 [border: (1px inset #808080)] [r=0 c=5 rs=1 cs=1]
              LayoutTableCell {TD} at (12,0) size 2x2 [border: (1px inset #808080)] [r=0 c=6 rs=1 cs=1]
              LayoutTableCell {TD} at (14,0) size 2x2 [border: (1px inset #808080)] [r=0 c=7 rs=1 cs=1]
              LayoutTableCell {TD} at (16,0) size 2x2 [border: (1px inset #808080)] [r=0 c=8 rs=1 cs=1]
              LayoutTableCell {TD} at (18,0) size 2x2 [border: (1px inset #808080)] [r=0 c=9 rs=1 cs=1]
              LayoutTableCell {TD} at (20,0) size 2x2 [border: (1px inset #808080)] [r=0 c=10 rs=1 cs=1]
              LayoutTableCell {TD} at (22,0) size 2x2 [border: (1px inset #808080)] [r=0 c=11 rs=1 cs=1]
              LayoutTableCell {TD} at (24,0) size 2x2 [border: (1px inset #808080)] [r=0 c=12 rs=1 cs=1]
              LayoutTableCell {TD} at (26,0) size 2x2 [border: (1px inset #808080)] [r=0 c=13 rs=1 cs=1]
              LayoutTableCell {TD} at (28,0) size 2x2 [border: (1px inset #808080)] [r=0 c=14 rs=1 cs=1]
              LayoutTableCell {TD} at (30,0) size 2x2 [border: (1px inset #808080)] [r=0 c=15 rs=1 cs=1]
              LayoutTableCell {TD} at (32,0) size 2x2 [border: (1px inset #808080)] [r=0 c=16 rs=1 cs=1]
              LayoutTableCell {TD} at (34,0) size 2x2 [border: (1px inset #808080)] [r=0 c=17 rs=1 cs=1]
              LayoutTableCell {TD} at (36,0) size 2x2 [border: (1px inset #808080)] [r=0 c=18 rs=1 cs=1]
              LayoutTableCell {TD} at (38,0) size 2x2 [border: (1px inset #808080)] [r=0 c=19 rs=1 cs=1]
              LayoutTableCell {TD} at (40,0) size 2x2 [border: (1px inset #808080)] [r=0 c=20 rs=1 cs=1]
              LayoutTableCell {TD} at (42,0) size 2x2 [border: (1px inset #808080)] [r=0 c=21 rs=1 cs=1]
              LayoutTableCell {TD} at (44,0) size 2x2 [border: (1px inset #808080)] [r=0 c=22 rs=1 cs=1]
              LayoutTableCell {TD} at (46,0) size 2x2 [border: (1px inset #808080)] [r=0 c=23 rs=1 cs=1]
              LayoutTableCell {TD} at (48,0) size 2x2 [border: (1px inset #808080)] [r=0 c=24 rs=1 cs=1]
              LayoutTableCell {TD} at (50,0) size 2x2 [border: (1px inset #808080)] [r=0 c=25 rs=1 cs=1]
              LayoutTableCell {TD} at (52,0) size 2x2 [border: (1px inset #808080)] [r=0 c=26 rs=1 cs=1]
              LayoutTableCell {TD} at (54,0) size 2x2 [border: (1px inset #808080)] [r=0 c=27 rs=1 cs=1]
              LayoutTableCell {TD} at (56,0) size 2x2 [border: (1px inset #808080)] [r=0 c=28 rs=1 cs=1]
              LayoutTableCell {TD} at (58,0) size 2x2 [border: (1px inset #808080)] [r=0 c=29 rs=1 cs=1]
              LayoutTableCell {TD} at (60,0) size 2x2 [border: (1px inset #808080)] [r=0 c=30 rs=1 cs=1]
              LayoutTableCell {TD} at (62,0) size 2x2 [border: (1px inset #808080)] [r=0 c=31 rs=1 cs=1]
              LayoutTableCell {TD} at (64,0) size 2x2 [border: (1px inset #808080)] [r=0 c=32 rs=1 cs=1]
              LayoutTableCell {TD} at (66,0) size 2x2 [border: (1px inset #808080)] [r=0 c=33 rs=1 cs=1]
              LayoutTableCell {TD} at (68,0) size 2x2 [border: (1px inset #808080)] [r=0 c=34 rs=1 cs=1]
              LayoutTableCell {TD} at (70,0) size 2x2 [border: (1px inset #808080)] [r=0 c=35 rs=1 cs=1]
              LayoutTableCell {TD} at (72,0) size 2x2 [border: (1px inset #808080)] [r=0 c=36 rs=1 cs=1]
              LayoutTableCell {TD} at (74,0) size 2x2 [border: (1px inset #808080)] [r=0 c=37 rs=1 cs=1]
              LayoutTableCell {TD} at (76,0) size 2x2 [border: (1px inset #808080)] [r=0 c=38 rs=1 cs=1]
              LayoutTableCell {TD} at (78,0) size 2x2 [border: (1px inset #808080)] [r=0 c=39 rs=1 cs=1]
              LayoutTableCell {TD} at (80,0) size 2x2 [border: (1px inset #808080)] [r=0 c=40 rs=1 cs=1]
              LayoutTableCell {TD} at (82,0) size 2x2 [border: (1px inset #808080)] [r=0 c=41 rs=1 cs=1]
              LayoutTableCell {TD} at (84,0) size 2x2 [border: (1px inset #808080)] [r=0 c=42 rs=1 cs=1]
              LayoutTableCell {TD} at (86,0) size 2x2 [border: (1px inset #808080)] [r=0 c=43 rs=1 cs=1]
              LayoutTableCell {TD} at (88,0) size 2x2 [border: (1px inset #808080)] [r=0 c=44 rs=1 cs=1]
              LayoutTableCell {TD} at (90,0) size 2x2 [border: (1px inset #808080)] [r=0 c=45 rs=1 cs=1]
              LayoutTableCell {TD} at (92,0) size 2x2 [border: (1px inset #808080)] [r=0 c=46 rs=1 cs=1]
              LayoutTableCell {TD} at (94,0) size 2x2 [border: (1px inset #808080)] [r=0 c=47 rs=1 cs=1]
              LayoutTableCell {TD} at (96,0) size 2x2 [border: (1px inset #808080)] [r=0 c=48 rs=1 cs=1]
              LayoutTableCell {TD} at (98,0) size 2x2 [border: (1px inset #808080)] [r=0 c=49 rs=1 cs=1]
              LayoutTableCell {TD} at (100,0) size 2x2 [border: (1px inset #808080)] [r=0 c=50 rs=1 cs=1]
              LayoutTableCell {TD} at (102,0) size 2x2 [border: (1px inset #808080)] [r=0 c=51 rs=1 cs=1]
              LayoutTableCell {TD} at (104,0) size 2x2 [border: (1px inset #808080)] [r=0 c=52 rs=1 cs=1]
              LayoutTableCell {TD} at (106,0) size 2x2 [border: (1px inset #808080)] [r=0 c=53 rs=1 cs=1]
              LayoutTableCell {TD} at (108,0) size 2x2 [border: (1px inset #808080)] [r=0 c=54 rs=1 cs=1]
              LayoutTableCell {TD} at (110,0) size 2x2 [border: (1px inset #808080)] [r=0 c=55 rs=1 cs=1]
              LayoutTableCell {TD} at (112,0) size 2x2 [border: (1px inset #808080)] [r=0 c=56 rs=1 cs=1]
              LayoutTableCell {TD} at (114,0) size 2x2 [border: (1px inset #808080)] [r=0 c=57 rs=1 cs=1]
              LayoutTableCell {TD} at (116,0) size 2x2 [border: (1px inset #808080)] [r=0 c=58 rs=1 cs=1]
              LayoutTableCell {TD} at (118,0) size 2x2 [border: (1px inset #808080)] [r=0 c=59 rs=1 cs=1]
              LayoutTableCell {TD} at (120,0) size 2x2 [border: (1px inset #808080)] [r=0 c=60 rs=1 cs=1]
              LayoutTableCell {TD} at (122,0) size 2x2 [border: (1px inset #808080)] [r=0 c=61 rs=1 cs=1]
              LayoutTableCell {TD} at (124,0) size 2x2 [border: (1px inset #808080)] [r=0 c=62 rs=1 cs=1]
              LayoutTableCell {TD} at (126,0) size 2x2 [border: (1px inset #808080)] [r=0 c=63 rs=1 cs=1]
              LayoutTableCell {TD} at (128,0) size 2x2 [border: (1px inset #808080)] [r=0 c=64 rs=1 cs=1]
              LayoutTableCell {TD} at (130,0) size 2x2 [border: (1px inset #808080)] [r=0 c=65 rs=1 cs=1]
              LayoutTableCell {TD} at (132,0) size 2x2 [border: (1px inset #808080)] [r=0 c=66 rs=1 cs=1]
              LayoutTableCell {TD} at (134,0) size 2x2 [border: (1px inset #808080)] [r=0 c=67 rs=1 cs=1]
              LayoutTableCell {TD} at (136,0) size 2x2 [border: (1px inset #808080)] [r=0 c=68 rs=1 cs=1]
              LayoutTableCell {TD} at (138,0) size 2x2 [border: (1px inset #808080)] [r=0 c=69 rs=1 cs=1]
              LayoutTableCell {TD} at (140,0) size 2x2 [border: (1px inset #808080)] [r=0 c=70 rs=1 cs=1]
              LayoutTableCell {TD} at (142,0) size 2x2 [border: (1px inset #808080)] [r=0 c=71 rs=1 cs=1]
              LayoutTableCell {TD} at (144,0) size 2x2 [border: (1px inset #808080)] [r=0 c=72 rs=1 cs=1]
              LayoutTableCell {TD} at (146,0) size 2x2 [border: (1px inset #808080)] [r=0 c=73 rs=1 cs=1]
              LayoutTableCell {TD} at (148,0) size 2x2 [border: (1px inset #808080)] [r=0 c=74 rs=1 cs=1]
              LayoutTableCell {TD} at (150,0) size 2x2 [border: (1px inset #808080)] [r=0 c=75 rs=1 cs=1]
              LayoutTableCell {TD} at (152,0) size 2x2 [border: (1px inset #808080)] [r=0 c=76 rs=1 cs=1]
              LayoutTableCell {TD} at (154,0) size 2x2 [border: (1px inset #808080)] [r=0 c=77 rs=1 cs=1]
              LayoutTableCell {TD} at (156,0) size 2x2 [border: (1px inset #808080)] [r=0 c=78 rs=1 cs=1]
              LayoutTableCell {TD} at (158,0) size 2x2 [border: (1px inset #808080)] [r=0 c=79 rs=1 cs=1]
              LayoutTableCell {TD} at (160,0) size 2x2 [border: (1px inset #808080)] [r=0 c=80 rs=1 cs=1]
              LayoutTableCell {TD} at (162,0) size 2x2 [border: (1px inset #808080)] [r=0 c=81 rs=1 cs=1]
              LayoutTableCell {TD} at (164,0) size 2x2 [border: (1px inset #808080)] [r=0 c=82 rs=1 cs=1]
              LayoutTableCell {TD} at (166,0) size 2x2 [border: (1px inset #808080)] [r=0 c=83 rs=1 cs=1]
              LayoutTableCell {TD} at (168,0) size 2x2 [border: (1px inset #808080)] [r=0 c=84 rs=1 cs=1]
              LayoutTableCell {TD} at (170,0) size 2x2 [border: (1px inset #808080)] [r=0 c=85 rs=1 cs=1]
              LayoutTableCell {TD} at (172,0) size 2x2 [border: (1px inset #808080)] [r=0 c=86 rs=1 cs=1]
              LayoutTableCell {TD} at (174,0) size 2x2 [border: (1px inset #808080)] [r=0 c=87 rs=1 cs=1]
              LayoutTableCell {TD} at (176,0) size 2x2 [border: (1px inset #808080)] [r=0 c=88 rs=1 cs=1]
              LayoutTableCell {TD} at (178,0) size 2x2 [border: (1px inset #808080)] [r=0 c=89 rs=1 cs=1]
        LayoutBlockFlow (anonymous) at (0,22) size 769x18
          LayoutBR {BR} at (0,0) size 0x18
      LayoutBlockFlow {P} at (0,472) size 769x40
        LayoutBlockFlow (anonymous) at (0,0) size 769x18
          LayoutText {#text} at (0,0) size 408x18
            text run at (0,0) width 408: "this table should be about 8 pixels wide (nested without border)"
        LayoutTable {TABLE} at (0,18) size 4x4 [border: (1px outset #808080)]
          LayoutTableSection {TBODY} at (1,1) size 2x2
            LayoutTableRow {TR} at (0,0) size 2x2
              LayoutTableCell {TD} at (0,0) size 2x2 [border: (1px inset #808080)] [r=0 c=0 rs=1 cs=1]
                LayoutTable {TABLE} at (1,1) size 0x0 [bgcolor=#FFA500]
                  LayoutTableSection {TBODY} at (0,0) size 0x0
                    LayoutTableRow {TR} at (0,0) size 0x0
                      LayoutTableCell {TD} at (0,0) size 0x0 [r=0 c=0 rs=1 cs=1]
                      LayoutTableCell {TD} at (0,0) size 0x0 [r=0 c=1 rs=1 cs=1]
                      LayoutTableCell {TD} at (0,0) size 0x0 [r=0 c=2 rs=1 cs=1]
                      LayoutTableCell {TD} at (0,0) size 0x0 [r=0 c=3 rs=1 cs=1]
                      LayoutTableCell {TD} at (0,0) size 0x0 [r=0 c=4 rs=1 cs=1]
                      LayoutTableCell {TD} at (0,0) size 0x0 [r=0 c=5 rs=1 cs=1]
        LayoutBlockFlow (anonymous) at (0,22) size 769x18
          LayoutBR {BR} at (0,0) size 0x18
      LayoutBlockFlow {P} at (0,528) size 769x18
        LayoutText {#text} at (0,0) size 493x18
          text run at (0,0) width 493: "this table should be about 122 pixels wide (nested, width=10 without border)"
      LayoutBlockFlow {HR} at (0,562) size 124x2 [border: (1px inset #EEEEEE)]
      LayoutTable {TABLE} at (0,572) size 124x4 [border: (1px outset #808080)]
        LayoutTableSection {TBODY} at (1,1) size 122x2
          LayoutTableRow {TR} at (0,0) size 122x2
            LayoutTableCell {TD} at (0,0) size 122x2 [border: (1px inset #808080)] [r=0 c=0 rs=1 cs=1]
              LayoutTable {TABLE} at (1,1) size 120x0 [bgcolor=#FFA500]
                LayoutTableSection {TBODY} at (0,0) size 120x0
                  LayoutTableRow {TR} at (0,0) size 120x0
                    LayoutTableCell {TD} at (0,0) size 10x0 [r=0 c=0 rs=1 cs=1]
                    LayoutTableCell {TD} at (10,0) size 10x0 [r=0 c=1 rs=1 cs=1]
                    LayoutTableCell {TD} at (20,0) size 10x0 [r=0 c=2 rs=1 cs=1]
                    LayoutTableCell {TD} at (30,0) size 10x0 [r=0 c=3 rs=1 cs=1]
                    LayoutTableCell {TD} at (40,0) size 10x0 [r=0 c=4 rs=1 cs=1]
                    LayoutTableCell {TD} at (50,0) size 10x0 [r=0 c=5 rs=1 cs=1]
                    LayoutTableCell {TD} at (60,0) size 10x0 [r=0 c=6 rs=1 cs=1]
                    LayoutTableCell {TD} at (70,0) size 10x0 [r=0 c=7 rs=1 cs=1]
                    LayoutTableCell {TD} at (80,0) size 10x0 [r=0 c=8 rs=1 cs=1]
                    LayoutTableCell {TD} at (90,0) size 10x0 [r=0 c=9 rs=1 cs=1]
                    LayoutTableCell {TD} at (100,0) size 10x0 [r=0 c=10 rs=1 cs=1]
                    LayoutTableCell {TD} at (110,0) size 10x0 [r=0 c=11 rs=1 cs=1]
      LayoutBlockFlow (anonymous) at (0,576) size 769x18
        LayoutBR {BR} at (0,0) size 0x18
      LayoutBlockFlow {P} at (0,610) size 769x42
        LayoutBlockFlow (anonymous) at (0,0) size 769x18
          LayoutText {#text} at (0,0) size 368x18
            text run at (0,0) width 368: "this table should be about 32 pixels wide (cellpadding=1)"
        LayoutTable {TABLE} at (0,18) size 26x6 [bgcolor=#FFA500] [border: (1px outset #808080)]
          LayoutTableSection {TBODY} at (1,1) size 24x4
            LayoutTableRow {TR} at (0,0) size 24x4
              LayoutTableCell {TD} at (0,0) size 4x4 [border: (1px inset #808080)] [r=0 c=0 rs=1 cs=1]
              LayoutTableCell {TD} at (4,0) size 4x4 [border: (1px inset #808080)] [r=0 c=1 rs=1 cs=1]
              LayoutTableCell {TD} at (8,0) size 4x4 [border: (1px inset #808080)] [r=0 c=2 rs=1 cs=1]
              LayoutTableCell {TD} at (12,0) size 4x4 [border: (1px inset #808080)] [r=0 c=3 rs=1 cs=1]
              LayoutTableCell {TD} at (16,0) size 4x4 [border: (1px inset #808080)] [r=0 c=4 rs=1 cs=1]
              LayoutTableCell {TD} at (20,0) size 4x4 [border: (1px inset #808080)] [r=0 c=5 rs=1 cs=1]
        LayoutBlockFlow (anonymous) at (0,24) size 769x18
          LayoutBR {BR} at (0,0) size 0x18
      LayoutBlockFlow {P} at (0,668) size 769x40
        LayoutBlockFlow (anonymous) at (0,0) size 769x18
          LayoutText {#text} at (0,0) size 329x18
            text run at (0,0) width 329: "this table should be about 26 pixels wide (width=2)"
        LayoutTable {TABLE} at (0,18) size 26x4 [bgcolor=#FFA500] [border: (1px outset #808080)]
          LayoutTableSection {TBODY} at (1,1) size 24x2
            LayoutTableRow {TR} at (0,0) size 24x2
              LayoutTableCell {TD} at (0,0) size 4x2 [border: (1px inset #808080)] [r=0 c=0 rs=1 cs=1]
              LayoutTableCell {TD} at (4,0) size 4x2 [border: (1px inset #808080)] [r=0 c=1 rs=1 cs=1]
              LayoutTableCell {TD} at (8,0) size 4x2 [border: (1px inset #808080)] [r=0 c=2 rs=1 cs=1]
              LayoutTableCell {TD} at (12,0) size 4x2 [border: (1px inset #808080)] [r=0 c=3 rs=1 cs=1]
              LayoutTableCell {TD} at (16,0) size 4x2 [border: (1px inset #808080)] [r=0 c=4 rs=1 cs=1]
              LayoutTableCell {TD} at (20,0) size 4x2 [border: (1px inset #808080)] [r=0 c=5 rs=1 cs=1]
        LayoutBlockFlow (anonymous) at (0,22) size 769x18
          LayoutBR {BR} at (0,0) size 0x18
      LayoutBlockFlow {P} at (0,724) size 769x40
        LayoutBlockFlow (anonymous) at (0,0) size 769x18
          LayoutText {#text} at (0,0) size 342x18
            text run at (0,0) width 342: "this table should be about 20 pixels wide (colspan=3)"
        LayoutTable {TABLE} at (0,18) size 14x4 [bgcolor=#FFA500] [border: (1px outset #808080)]
          LayoutTableSection {TBODY} at (1,1) size 12x2
            LayoutTableRow {TR} at (0,0) size 12x2
              LayoutTableCell {TD} at (0,0) size 2x2 [border: (1px inset #808080)] [r=0 c=0 rs=1 cs=3]
              LayoutTableCell {TD} at (2,0) size 2x2 [border: (1px inset #808080)] [r=0 c=3 rs=1 cs=3]
              LayoutTableCell {TD} at (4,0) size 2x2 [border: (1px inset #808080)] [r=0 c=6 rs=1 cs=3]
              LayoutTableCell {TD} at (6,0) size 2x2 [border: (1px inset #808080)] [r=0 c=9 rs=1 cs=3]
              LayoutTableCell {TD} at (8,0) size 2x2 [border: (1px inset #808080)] [r=0 c=12 rs=1 cs=3]
              LayoutTableCell {TD} at (10,0) size 2x2 [border: (1px inset #808080)] [r=0 c=15 rs=1 cs=3]
        LayoutBlockFlow (anonymous) at (0,22) size 769x18
          LayoutBR {BR} at (0,0) size 0x18
      LayoutBlockFlow {P} at (0,780) size 769x40
        LayoutBlockFlow (anonymous) at (0,0) size 769x18
          LayoutText {#text} at (0,0) size 399x18
            text run at (0,0) width 399: "this table should be about 26 pixels wide (colspan=3 width=2)"
        LayoutTable {TABLE} at (0,18) size 26x4 [bgcolor=#FFA500] [border: (1px outset #808080)]
          LayoutTableSection {TBODY} at (1,1) size 24x2
            LayoutTableRow {TR} at (0,0) size 24x2
              LayoutTableCell {TD} at (0,0) size 4x2 [border: (1px inset #808080)] [r=0 c=0 rs=1 cs=3]
              LayoutTableCell {TD} at (4,0) size 4x2 [border: (1px inset #808080)] [r=0 c=3 rs=1 cs=3]
              LayoutTableCell {TD} at (8,0) size 4x2 [border: (1px inset #808080)] [r=0 c=6 rs=1 cs=3]
              LayoutTableCell {TD} at (12,0) size 4x2 [border: (1px inset #808080)] [r=0 c=9 rs=1 cs=3]
              LayoutTableCell {TD} at (16,0) size 4x2 [border: (1px inset #808080)] [r=0 c=12 rs=1 cs=3]
              LayoutTableCell {TD} at (20,0) size 4x2 [border: (1px inset #808080)] [r=0 c=15 rs=1 cs=3]
        LayoutBlockFlow (anonymous) at (0,22) size 769x18
          LayoutBR {BR} at (0,0) size 0x18
      LayoutBlockFlow {P} at (0,836) size 769x40
        LayoutBlockFlow (anonymous) at (0,0) size 769x18
          LayoutText {#text} at (0,0) size 342x18
            text run at (0,0) width 342: "this table should be about 26 pixels wide (colspan=4)"
        LayoutTable {TABLE} at (0,18) size 14x4 [bgcolor=#FFA500] [border: (1px outset #808080)]
          LayoutTableSection {TBODY} at (1,1) size 12x2
            LayoutTableRow {TR} at (0,0) size 12x2
              LayoutTableCell {TD} at (0,0) size 2x2 [border: (1px inset #808080)] [r=0 c=0 rs=1 cs=4]
              LayoutTableCell {TD} at (2,0) size 2x2 [border: (1px inset #808080)] [r=0 c=4 rs=1 cs=4]
              LayoutTableCell {TD} at (4,0) size 2x2 [border: (1px inset #808080)] [r=0 c=8 rs=1 cs=4]
              LayoutTableCell {TD} at (6,0) size 2x2 [border: (1px inset #808080)] [r=0 c=12 rs=1 cs=4]
              LayoutTableCell {TD} at (8,0) size 2x2 [border: (1px inset #808080)] [r=0 c=16 rs=1 cs=4]
              LayoutTableCell {TD} at (10,0) size 2x2 [border: (1px inset #808080)] [r=0 c=20 rs=1 cs=4]
        LayoutBlockFlow (anonymous) at (0,22) size 769x18
          LayoutBR {BR} at (0,0) size 0x18
      LayoutBlockFlow {P} at (0,892) size 769x44
        LayoutBlockFlow (anonymous) at (0,0) size 769x18
          LayoutText {#text} at (0,0) size 439x18
            text run at (0,0) width 439: "this table should be about 38 pixels wide (colspan=4, cellspacing=2)"
        LayoutTable {TABLE} at (0,18) size 28x8 [bgcolor=#FFA500] [border: (1px outset #808080)]
          LayoutTableSection {TBODY} at (1,1) size 26x6
            LayoutTableRow {TR} at (0,2) size 26x2
              LayoutTableCell {TD} at (2,2) size 2x2 [border: (1px inset #808080)] [r=0 c=0 rs=1 cs=4]
              LayoutTableCell {TD} at (6,2) size 2x2 [border: (1px inset #808080)] [r=0 c=4 rs=1 cs=4]
              LayoutTableCell {TD} at (10,2) size 2x2 [border: (1px inset #808080)] [r=0 c=8 rs=1 cs=4]
              LayoutTableCell {TD} at (14,2) size 2x2 [border: (1px inset #808080)] [r=0 c=12 rs=1 cs=4]
              LayoutTableCell {TD} at (18,2) size 2x2 [border: (1px inset #808080)] [r=0 c=16 rs=1 cs=4]
              LayoutTableCell {TD} at (22,2) size 2x2 [border: (1px inset #808080)] [r=0 c=20 rs=1 cs=4]
        LayoutBlockFlow (anonymous) at (0,26) size 769x18
          LayoutBR {BR} at (0,0) size 0x18
      LayoutBlockFlow {P} at (0,952) size 769x44
        LayoutBlockFlow (anonymous) at (0,0) size 769x18
          LayoutText {#text} at (0,0) size 442x18
            text run at (0,0) width 442: "this table should be about 38 pixels wide (colspan=4, cellpadding=2)"
        LayoutTable {TABLE} at (0,18) size 38x8 [bgcolor=#FFA500] [border: (1px outset #808080)]
          LayoutTableSection {TBODY} at (1,1) size 36x6
            LayoutTableRow {TR} at (0,0) size 36x6
              LayoutTableCell {TD} at (0,0) size 6x6 [border: (1px inset #808080)] [r=0 c=0 rs=1 cs=4]
              LayoutTableCell {TD} at (6,0) size 6x6 [border: (1px inset #808080)] [r=0 c=4 rs=1 cs=4]
              LayoutTableCell {TD} at (12,0) size 6x6 [border: (1px inset #808080)] [r=0 c=8 rs=1 cs=4]
              LayoutTableCell {TD} at (18,0) size 6x6 [border: (1px inset #808080)] [r=0 c=12 rs=1 cs=4]
              LayoutTableCell {TD} at (24,0) size 6x6 [border: (1px inset #808080)] [r=0 c=16 rs=1 cs=4]
              LayoutTableCell {TD} at (30,0) size 6x6 [border: (1px inset #808080)] [r=0 c=20 rs=1 cs=4]
        LayoutBlockFlow (anonymous) at (0,26) size 769x18
          LayoutBR {BR} at (0,0) size 0x18
      LayoutBlockFlow {P} at (0,1012) size 769x46
        LayoutBlockFlow (anonymous) at (0,0) size 769x18
          LayoutText {#text} at (0,0) size 442x18
            text run at (0,0) width 442: "this table should be about 38 pixels wide (colspan=4, cellpadding=3)"
        LayoutTable {TABLE} at (0,18) size 50x10 [bgcolor=#FFA500] [border: (1px outset #808080)]
          LayoutTableSection {TBODY} at (1,1) size 48x8
            LayoutTableRow {TR} at (0,0) size 48x8
              LayoutTableCell {TD} at (0,0) size 8x8 [border: (1px inset #808080)] [r=0 c=0 rs=1 cs=4]
              LayoutTableCell {TD} at (8,0) size 8x8 [border: (1px inset #808080)] [r=0 c=4 rs=1 cs=4]
              LayoutTableCell {TD} at (16,0) size 8x8 [border: (1px inset #808080)] [r=0 c=8 rs=1 cs=4]
              LayoutTableCell {TD} at (24,0) size 8x8 [border: (1px inset #808080)] [r=0 c=12 rs=1 cs=4]
              LayoutTableCell {TD} at (32,0) size 8x8 [border: (1px inset #808080)] [r=0 c=16 rs=1 cs=4]
              LayoutTableCell {TD} at (40,0) size 8x8 [border: (1px inset #808080)] [r=0 c=20 rs=1 cs=4]
        LayoutBlockFlow (anonymous) at (0,28) size 769x18
          LayoutBR {BR} at (0,0) size 0x18
      LayoutBlockFlow {P} at (0,1074) size 769x40
        LayoutBlockFlow (anonymous) at (0,0) size 769x18
          LayoutText {#text} at (0,0) size 399x18
            text run at (0,0) width 399: "this table should be about 26 pixels wide (colspan=4 width=2)"
        LayoutTable {TABLE} at (0,18) size 26x4 [bgcolor=#FFA500] [border: (1px outset #808080)]
          LayoutTableSection {TBODY} at (1,1) size 24x2
            LayoutTableRow {TR} at (0,0) size 24x2
              LayoutTableCell {TD} at (0,0) size 4x2 [border: (1px inset #808080)] [r=0 c=0 rs=1 cs=4]
              LayoutTableCell {TD} at (4,0) size 4x2 [border: (1px inset #808080)] [r=0 c=4 rs=1 cs=4]
              LayoutTableCell {TD} at (8,0) size 4x2 [border: (1px inset #808080)] [r=0 c=8 rs=1 cs=4]
              LayoutTableCell {TD} at (12,0) size 4x2 [border: (1px inset #808080)] [r=0 c=12 rs=1 cs=4]
              LayoutTableCell {TD} at (16,0) size 4x2 [border: (1px inset #808080)] [r=0 c=16 rs=1 cs=4]
              LayoutTableCell {TD} at (20,0) size 4x2 [border: (1px inset #808080)] [r=0 c=20 rs=1 cs=4]
        LayoutBlockFlow (anonymous) at (0,22) size 769x18
          LayoutBR {BR} at (0,0) size 0x18
      LayoutBlockFlow {P} at (0,1130) size 769x58
        LayoutBlockFlow (anonymous) at (0,0) size 769x18
          LayoutText {#text} at (0,0) size 400x18
            text run at (0,0) width 400: "this table should be about 20 pixels wide (colspan=3 with BR)"
        LayoutTable {TABLE} at (0,18) size 14x22 [bgcolor=#FFA500] [border: (1px outset #808080)]
          LayoutTableSection {TBODY} at (1,1) size 12x20
            LayoutTableRow {TR} at (0,0) size 12x20
              LayoutTableCell {TD} at (0,0) size 2x20 [border: (1px inset #808080)] [r=0 c=0 rs=1 cs=3]
                LayoutBR {BR} at (1,1) size 0x18
              LayoutTableCell {TD} at (2,0) size 2x20 [border: (1px inset #808080)] [r=0 c=3 rs=1 cs=3]
                LayoutBR {BR} at (1,1) size 0x18
              LayoutTableCell {TD} at (4,0) size 2x20 [border: (1px inset #808080)] [r=0 c=6 rs=1 cs=3]
                LayoutBR {BR} at (1,1) size 0x18
              LayoutTableCell {TD} at (6,0) size 2x20 [border: (1px inset #808080)] [r=0 c=9 rs=1 cs=3]
                LayoutBR {BR} at (1,1) size 0x18
              LayoutTableCell {TD} at (8,0) size 2x20 [border: (1px inset #808080)] [r=0 c=12 rs=1 cs=3]
                LayoutBR {BR} at (1,1) size 0x18
              LayoutTableCell {TD} at (10,0) size 2x20 [border: (1px inset #808080)] [r=0 c=15 rs=1 cs=3]
                LayoutBR {BR} at (1,1) size 0x18
        LayoutBlockFlow (anonymous) at (0,40) size 769x18
          LayoutBR {BR} at (0,0) size 0x18
      LayoutBlockFlow {P} at (0,1204) size 769x58
        LayoutBlockFlow (anonymous) at (0,0) size 769x18
          LayoutText {#text} at (0,0) size 400x18
            text run at (0,0) width 400: "this table should be about 20 pixels wide (colspan=3 with BR)"
        LayoutTable {TABLE} at (0,18) size 14x22 [bgcolor=#FFA500] [border: (1px outset #808080)]
          LayoutTableSection {TBODY} at (1,1) size 12x20
            LayoutTableRow {TR} at (0,0) size 12x20
              LayoutTableCell {TD} at (0,0) size 2x20 [border: (1px inset #808080)] [r=0 c=0 rs=1 cs=3]
                LayoutBR {BR} at (1,1) size 0x18
              LayoutTableCell {TD} at (2,0) size 2x20 [border: (1px inset #808080)] [r=0 c=3 rs=1 cs=3]
                LayoutBR {BR} at (1,1) size 0x18
              LayoutTableCell {TD} at (4,0) size 2x20 [border: (1px inset #808080)] [r=0 c=6 rs=1 cs=3]
                LayoutBR {BR} at (1,1) size 0x18
              LayoutTableCell {TD} at (6,0) size 2x20 [border: (1px inset #808080)] [r=0 c=9 rs=1 cs=3]
                LayoutBR {BR} at (1,1) size 0x18
              LayoutTableCell {TD} at (8,0) size 2x20 [border: (1px inset #808080)] [r=0 c=12 rs=1 cs=3]
                LayoutBR {BR} at (1,1) size 0x18
              LayoutTableCell {TD} at (10,0) size 2x20 [border: (1px inset #808080)] [r=0 c=15 rs=1 cs=3]
                LayoutBR {BR} at (1,1) size 0x18
        LayoutBlockFlow (anonymous) at (0,40) size 769x18
          LayoutBR {BR} at (0,0) size 0x18
      LayoutBlockFlow {P} at (0,1278) size 769x58
        LayoutBlockFlow (anonymous) at (0,0) size 769x18
          LayoutText {#text} at (0,0) size 457x18
            text run at (0,0) width 457: "this table should be about 26 pixels wide (colspan=3 width=2 with BR)"
        LayoutTable {TABLE} at (0,18) size 26x22 [bgcolor=#FFA500] [border: (1px outset #808080)]
          LayoutTableSection {TBODY} at (1,1) size 24x20
            LayoutTableRow {TR} at (0,0) size 24x20
              LayoutTableCell {TD} at (0,0) size 4x20 [border: (1px inset #808080)] [r=0 c=0 rs=1 cs=3]
                LayoutBR {BR} at (1,1) size 0x18
              LayoutTableCell {TD} at (4,0) size 4x20 [border: (1px inset #808080)] [r=0 c=3 rs=1 cs=3]
                LayoutBR {BR} at (1,1) size 0x18
              LayoutTableCell {TD} at (8,0) size 4x20 [border: (1px inset #808080)] [r=0 c=6 rs=1 cs=3]
                LayoutBR {BR} at (1,1) size 0x18
              LayoutTableCell {TD} at (12,0) size 4x20 [border: (1px inset #808080)] [r=0 c=9 rs=1 cs=3]
                LayoutBR {BR} at (1,1) size 0x18
              LayoutTableCell {TD} at (16,0) size 4x20 [border: (1px inset #808080)] [r=0 c=12 rs=1 cs=3]
                LayoutBR {BR} at (1,1) size 0x18
              LayoutTableCell {TD} at (20,0) size 4x20 [border: (1px inset #808080)] [r=0 c=15 rs=1 cs=3]
                LayoutBR {BR} at (1,1) size 0x18
        LayoutBlockFlow (anonymous) at (0,40) size 769x18
          LayoutBR {BR} at (0,0) size 0x18
      LayoutBlockFlow {P} at (0,1352) size 769x58
        LayoutBlockFlow (anonymous) at (0,0) size 769x18
          LayoutText {#text} at (0,0) size 457x18
            text run at (0,0) width 457: "this table should be about 32 pixels wide (colspan=3 width=3 with BR)"
        LayoutTable {TABLE} at (0,18) size 32x22 [bgcolor=#FFA500] [border: (1px outset #808080)]
          LayoutTableSection {TBODY} at (1,1) size 30x20
            LayoutTableRow {TR} at (0,0) size 30x20
              LayoutTableCell {TD} at (0,0) size 5x20 [border: (1px inset #808080)] [r=0 c=0 rs=1 cs=3]
                LayoutBR {BR} at (1,1) size 0x18
              LayoutTableCell {TD} at (5,0) size 5x20 [border: (1px inset #808080)] [r=0 c=3 rs=1 cs=3]
                LayoutBR {BR} at (1,1) size 0x18
              LayoutTableCell {TD} at (10,0) size 5x20 [border: (1px inset #808080)] [r=0 c=6 rs=1 cs=3]
                LayoutBR {BR} at (1,1) size 0x18
              LayoutTableCell {TD} at (15,0) size 5x20 [border: (1px inset #808080)] [r=0 c=9 rs=1 cs=3]
                LayoutBR {BR} at (1,1) size 0x18
              LayoutTableCell {TD} at (20,0) size 5x20 [border: (1px inset #808080)] [r=0 c=12 rs=1 cs=3]
                LayoutBR {BR} at (1,1) size 0x18
              LayoutTableCell {TD} at (25,0) size 5x20 [border: (1px inset #808080)] [r=0 c=15 rs=1 cs=3]
                LayoutBR {BR} at (1,1) size 0x18
        LayoutBlockFlow (anonymous) at (0,40) size 769x18
          LayoutBR {BR} at (0,0) size 0x18
      LayoutBlockFlow {P} at (0,1426) size 769x58
        LayoutBlockFlow (anonymous) at (0,0) size 769x18
          LayoutText {#text} at (0,0) size 400x18
            text run at (0,0) width 400: "this table should be about 26 pixels wide (colspan=4 with BR)"
        LayoutTable {TABLE} at (0,18) size 14x22 [bgcolor=#FFA500] [border: (1px outset #808080)]
          LayoutTableSection {TBODY} at (1,1) size 12x20
            LayoutTableRow {TR} at (0,0) size 12x20
              LayoutTableCell {TD} at (0,0) size 2x20 [border: (1px inset #808080)] [r=0 c=0 rs=1 cs=4]
                LayoutBR {BR} at (1,1) size 0x18
              LayoutTableCell {TD} at (2,0) size 2x20 [border: (1px inset #808080)] [r=0 c=4 rs=1 cs=4]
                LayoutBR {BR} at (1,1) size 0x18
              LayoutTableCell {TD} at (4,0) size 2x20 [border: (1px inset #808080)] [r=0 c=8 rs=1 cs=4]
                LayoutBR {BR} at (1,1) size 0x18
              LayoutTableCell {TD} at (6,0) size 2x20 [border: (1px inset #808080)] [r=0 c=12 rs=1 cs=4]
                LayoutBR {BR} at (1,1) size 0x18
              LayoutTableCell {TD} at (8,0) size 2x20 [border: (1px inset #808080)] [r=0 c=16 rs=1 cs=4]
                LayoutBR {BR} at (1,1) size 0x18
              LayoutTableCell {TD} at (10,0) size 2x20 [border: (1px inset #808080)] [r=0 c=20 rs=1 cs=4]
                LayoutBR {BR} at (1,1) size 0x18
        LayoutBlockFlow (anonymous) at (0,40) size 769x18
          LayoutBR {BR} at (0,0) size 0x18
      LayoutBlockFlow {P} at (0,1500) size 769x58
        LayoutBlockFlow (anonymous) at (0,0) size 769x18
          LayoutText {#text} at (0,0) size 400x18
            text run at (0,0) width 400: "this table should be about 32 pixels wide (colspan=5 with BR)"
        LayoutTable {TABLE} at (0,18) size 14x22 [bgcolor=#FFA500] [border: (1px outset #808080)]
          LayoutTableSection {TBODY} at (1,1) size 12x20
            LayoutTableRow {TR} at (0,0) size 12x20
              LayoutTableCell {TD} at (0,0) size 2x20 [border: (1px inset #808080)] [r=0 c=0 rs=1 cs=5]
                LayoutBR {BR} at (1,1) size 0x18
              LayoutTableCell {TD} at (2,0) size 2x20 [border: (1px inset #808080)] [r=0 c=5 rs=1 cs=5]
                LayoutBR {BR} at (1,1) size 0x18
              LayoutTableCell {TD} at (4,0) size 2x20 [border: (1px inset #808080)] [r=0 c=10 rs=1 cs=5]
                LayoutBR {BR} at (1,1) size 0x18
              LayoutTableCell {TD} at (6,0) size 2x20 [border: (1px inset #808080)] [r=0 c=15 rs=1 cs=5]
                LayoutBR {BR} at (1,1) size 0x18
              LayoutTableCell {TD} at (8,0) size 2x20 [border: (1px inset #808080)] [r=0 c=20 rs=1 cs=5]
                LayoutBR {BR} at (1,1) size 0x18
              LayoutTableCell {TD} at (10,0) size 2x20 [border: (1px inset #808080)] [r=0 c=25 rs=1 cs=5]
                LayoutBR {BR} at (1,1) size 0x18
        LayoutBlockFlow (anonymous) at (0,40) size 769x18
          LayoutBR {BR} at (0,0) size 0x18
      LayoutBlockFlow {P} at (0,1574) size 769x58
        LayoutBlockFlow (anonymous) at (0,0) size 769x18
          LayoutText {#text} at (0,0) size 408x18
            text run at (0,0) width 408: "this table should be about 92 pixels wide (colspan=15 with BR)"
        LayoutTable {TABLE} at (0,18) size 14x22 [bgcolor=#FFA500] [border: (1px outset #808080)]
          LayoutTableSection {TBODY} at (1,1) size 12x20
            LayoutTableRow {TR} at (0,0) size 12x20
              LayoutTableCell {TD} at (0,0) size 2x20 [border: (1px inset #808080)] [r=0 c=0 rs=1 cs=15]
                LayoutBR {BR} at (1,1) size 0x18
              LayoutTableCell {TD} at (2,0) size 2x20 [border: (1px inset #808080)] [r=0 c=15 rs=1 cs=15]
                LayoutBR {BR} at (1,1) size 0x18
              LayoutTableCell {TD} at (4,0) size 2x20 [border: (1px inset #808080)] [r=0 c=30 rs=1 cs=15]
                LayoutBR {BR} at (1,1) size 0x18
              LayoutTableCell {TD} at (6,0) size 2x20 [border: (1px inset #808080)] [r=0 c=45 rs=1 cs=15]
                LayoutBR {BR} at (1,1) size 0x18
              LayoutTableCell {TD} at (8,0) size 2x20 [border: (1px inset #808080)] [r=0 c=60 rs=1 cs=15]
                LayoutBR {BR} at (1,1) size 0x18
              LayoutTableCell {TD} at (10,0) size 2x20 [border: (1px inset #808080)] [r=0 c=75 rs=1 cs=15]
                LayoutBR {BR} at (1,1) size 0x18
        LayoutBlockFlow (anonymous) at (0,40) size 769x18
          LayoutBR {BR} at (0,0) size 0x18
      LayoutBlockFlow {P} at (0,1648) size 769x58
        LayoutBlockFlow (anonymous) at (0,0) size 769x18
          LayoutText {#text} at (0,0) size 457x18
            text run at (0,0) width 457: "this table should be about 92 pixels wide (nested, colspan=15 with BR)"
        LayoutTable {TABLE} at (0,18) size 4x22 [border: (1px outset #808080)]
          LayoutTableSection {TBODY} at (1,1) size 2x20
            LayoutTableRow {TR} at (0,0) size 2x20
              LayoutTableCell {TD} at (0,0) size 2x20 [border: (1px inset #808080)] [r=0 c=0 rs=1 cs=1]
                LayoutTable {TABLE} at (1,1) size 0x18 [bgcolor=#FFA500]
                  LayoutTableSection {TBODY} at (0,0) size 0x18
                    LayoutTableRow {TR} at (0,0) size 0x18
                      LayoutTableCell {TD} at (0,0) size 0x18 [r=0 c=0 rs=1 cs=15]
                        LayoutBR {BR} at (0,0) size 0x18
                      LayoutTableCell {TD} at (0,0) size 0x18 [r=0 c=15 rs=1 cs=15]
                        LayoutBR {BR} at (0,0) size 0x18
                      LayoutTableCell {TD} at (0,0) size 0x18 [r=0 c=30 rs=1 cs=15]
                        LayoutBR {BR} at (0,0) size 0x18
                      LayoutTableCell {TD} at (0,0) size 0x18 [r=0 c=45 rs=1 cs=15]
                        LayoutBR {BR} at (0,0) size 0x18
                      LayoutTableCell {TD} at (0,0) size 0x18 [r=0 c=60 rs=1 cs=15]
                        LayoutBR {BR} at (0,0) size 0x18
                      LayoutTableCell {TD} at (0,0) size 0x18 [r=0 c=75 rs=1 cs=15]
                        LayoutBR {BR} at (0,0) size 0x18
        LayoutBlockFlow (anonymous) at (0,40) size 769x18
          LayoutBR {BR} at (0,0) size 0x18
      LayoutBlockFlow {P} at (0,1722) size 769x58
        LayoutBlockFlow (anonymous) at (0,0) size 769x18
          LayoutText {#text} at (0,0) size 408x18
            text run at (0,0) width 408: "this table should be about 92 pixels wide (colspan=15 with BR)"
        LayoutTable {TABLE} at (0,18) size 14x22 [bgcolor=#FFA500] [border: (1px outset #808080)]
          LayoutTableSection {TBODY} at (1,1) size 12x20
            LayoutTableRow {TR} at (0,0) size 12x20
              LayoutTableCell {TD} at (0,0) size 2x20 [border: (1px inset #808080)] [r=0 c=0 rs=1 cs=15]
                LayoutBR {BR} at (1,1) size 0x18
              LayoutTableCell {TD} at (2,0) size 2x20 [border: (1px inset #808080)] [r=0 c=15 rs=1 cs=15]
                LayoutBR {BR} at (1,1) size 0x18
              LayoutTableCell {TD} at (4,0) size 2x20 [border: (1px inset #808080)] [r=0 c=30 rs=1 cs=15]
                LayoutBR {BR} at (1,1) size 0x18
              LayoutTableCell {TD} at (6,0) size 2x20 [border: (1px inset #808080)] [r=0 c=45 rs=1 cs=15]
                LayoutBR {BR} at (1,1) size 0x18
              LayoutTableCell {TD} at (8,0) size 2x20 [border: (1px inset #808080)] [r=0 c=60 rs=1 cs=15]
                LayoutBR {BR} at (1,1) size 0x18
              LayoutTableCell {TD} at (10,0) size 2x20 [border: (1px inset #808080)] [r=0 c=75 rs=1 cs=15]
                LayoutBR {BR} at (1,1) size 0x18
        LayoutBlockFlow (anonymous) at (0,40) size 769x18
          LayoutBR {BR} at (0,0) size 0x18
      LayoutBlockFlow {P} at (0,1796) size 769x58
        LayoutBlockFlow (anonymous) at (0,0) size 769x18
          LayoutText {#text} at (0,0) size 394x18
            text run at (0,0) width 394: "this table should be about 92 pixels wide (colspan=15 with x)"
        LayoutTable {TABLE} at (0,18) size 62x22 [bgcolor=#FFA500] [border: (1px outset #808080)]
          LayoutTableSection {TBODY} at (1,1) size 60x20
            LayoutTableRow {TR} at (0,0) size 60x20
              LayoutTableCell {TD} at (0,0) size 10x20 [border: (1px inset #808080)] [r=0 c=0 rs=1 cs=15]
                LayoutText {#text} at (1,1) size 8x18
                  text run at (1,1) width 8: "x"
              LayoutTableCell {TD} at (10,0) size 10x20 [border: (1px inset #808080)] [r=0 c=15 rs=1 cs=15]
                LayoutText {#text} at (1,1) size 8x18
                  text run at (1,1) width 8: "x"
              LayoutTableCell {TD} at (20,0) size 10x20 [border: (1px inset #808080)] [r=0 c=30 rs=1 cs=15]
                LayoutText {#text} at (1,1) size 8x18
                  text run at (1,1) width 8: "x"
              LayoutTableCell {TD} at (30,0) size 10x20 [border: (1px inset #808080)] [r=0 c=45 rs=1 cs=15]
                LayoutText {#text} at (1,1) size 8x18
                  text run at (1,1) width 8: "x"
              LayoutTableCell {TD} at (40,0) size 10x20 [border: (1px inset #808080)] [r=0 c=60 rs=1 cs=15]
                LayoutText {#text} at (1,1) size 8x18
                  text run at (1,1) width 8: "x"
              LayoutTableCell {TD} at (50,0) size 10x20 [border: (1px inset #808080)] [r=0 c=75 rs=1 cs=15]
                LayoutText {#text} at (1,1) size 8x18
                  text run at (1,1) width 8: "x"
        LayoutBlockFlow (anonymous) at (0,40) size 769x18
          LayoutBR {BR} at (0,0) size 0x18
      LayoutBlockFlow {P} at (0,1870) size 769x40
        LayoutBlockFlow (anonymous) at (0,0) size 769x18
          LayoutText {#text} at (0,0) size 329x18
            text run at (0,0) width 329: "this table should be about 20 pixels wide (width=0)"
        LayoutTable {TABLE} at (0,18) size 14x4 [bgcolor=#FFA500] [border: (1px outset #808080)]
          LayoutTableSection {TBODY} at (1,1) size 12x2
            LayoutTableRow {TR} at (0,0) size 12x2
              LayoutTableCell {TD} at (0,0) size 2x2 [border: (1px inset #808080)] [r=0 c=0 rs=1 cs=1]
              LayoutTableCell {TD} at (2,0) size 2x2 [border: (1px inset #808080)] [r=0 c=1 rs=1 cs=1]
              LayoutTableCell {TD} at (4,0) size 2x2 [border: (1px inset #808080)] [r=0 c=2 rs=1 cs=1]
              LayoutTableCell {TD} at (6,0) size 2x2 [border: (1px inset #808080)] [r=0 c=3 rs=1 cs=1]
              LayoutTableCell {TD} at (8,0) size 2x2 [border: (1px inset #808080)] [r=0 c=4 rs=1 cs=1]
              LayoutTableCell {TD} at (10,0) size 2x2 [border: (1px inset #808080)] [r=0 c=5 rs=1 cs=1]
        LayoutBlockFlow (anonymous) at (0,22) size 769x18
          LayoutBR {BR} at (0,0) size 0x18
      LayoutBlockFlow {P} at (0,1926) size 769x40
        LayoutBlockFlow (anonymous) at (0,0) size 769x18
          LayoutText {#text} at (0,0) size 329x18
            text run at (0,0) width 329: "this table should be about 20 pixels wide (width=1)"
        LayoutTable {TABLE} at (0,18) size 20x4 [bgcolor=#FFA500] [border: (1px outset #808080)]
          LayoutTableSection {TBODY} at (1,1) size 18x2
            LayoutTableRow {TR} at (0,0) size 18x2
              LayoutTableCell {TD} at (0,0) size 3x2 [border: (1px inset #808080)] [r=0 c=0 rs=1 cs=1]
              LayoutTableCell {TD} at (3,0) size 3x2 [border: (1px inset #808080)] [r=0 c=1 rs=1 cs=1]
              LayoutTableCell {TD} at (6,0) size 3x2 [border: (1px inset #808080)] [r=0 c=2 rs=1 cs=1]
              LayoutTableCell {TD} at (9,0) size 3x2 [border: (1px inset #808080)] [r=0 c=3 rs=1 cs=1]
              LayoutTableCell {TD} at (12,0) size 3x2 [border: (1px inset #808080)] [r=0 c=4 rs=1 cs=1]
              LayoutTableCell {TD} at (15,0) size 3x2 [border: (1px inset #808080)] [r=0 c=5 rs=1 cs=1]
        LayoutBlockFlow (anonymous) at (0,22) size 769x18
          LayoutBR {BR} at (0,0) size 0x18
      LayoutBlockFlow {P} at (0,1982) size 769x40
        LayoutBlockFlow (anonymous) at (0,0) size 769x18
          LayoutText {#text} at (0,0) size 329x18
            text run at (0,0) width 329: "this table should be about 26 pixels wide (width=2)"
        LayoutTable {TABLE} at (0,18) size 26x4 [bgcolor=#FFA500] [border: (1px outset #808080)]
          LayoutTableSection {TBODY} at (1,1) size 24x2
            LayoutTableRow {TR} at (0,0) size 24x2
              LayoutTableCell {TD} at (0,0) size 4x2 [border: (1px inset #808080)] [r=0 c=0 rs=1 cs=1]
              LayoutTableCell {TD} at (4,0) size 4x2 [border: (1px inset #808080)] [r=0 c=1 rs=1 cs=1]
              LayoutTableCell {TD} at (8,0) size 4x2 [border: (1px inset #808080)] [r=0 c=2 rs=1 cs=1]
              LayoutTableCell {TD} at (12,0) size 4x2 [border: (1px inset #808080)] [r=0 c=3 rs=1 cs=1]
              LayoutTableCell {TD} at (16,0) size 4x2 [border: (1px inset #808080)] [r=0 c=4 rs=1 cs=1]
              LayoutTableCell {TD} at (20,0) size 4x2 [border: (1px inset #808080)] [r=0 c=5 rs=1 cs=1]
        LayoutBlockFlow (anonymous) at (0,22) size 769x18
          LayoutBR {BR} at (0,0) size 0x18
      LayoutBlockFlow {P} at (0,2038) size 769x40
        LayoutBlockFlow (anonymous) at (0,0) size 769x18
          LayoutText {#text} at (0,0) size 329x18
            text run at (0,0) width 329: "this table should be about 32 pixels wide (width=3)"
        LayoutTable {TABLE} at (0,18) size 32x4 [bgcolor=#FFA500] [border: (1px outset #808080)]
          LayoutTableSection {TBODY} at (1,1) size 30x2
            LayoutTableRow {TR} at (0,0) size 30x2
              LayoutTableCell {TD} at (0,0) size 5x2 [border: (1px inset #808080)] [r=0 c=0 rs=1 cs=1]
              LayoutTableCell {TD} at (5,0) size 5x2 [border: (1px inset #808080)] [r=0 c=1 rs=1 cs=1]
              LayoutTableCell {TD} at (10,0) size 5x2 [border: (1px inset #808080)] [r=0 c=2 rs=1 cs=1]
              LayoutTableCell {TD} at (15,0) size 5x2 [border: (1px inset #808080)] [r=0 c=3 rs=1 cs=1]
              LayoutTableCell {TD} at (20,0) size 5x2 [border: (1px inset #808080)] [r=0 c=4 rs=1 cs=1]
              LayoutTableCell {TD} at (25,0) size 5x2 [border: (1px inset #808080)] [r=0 c=5 rs=1 cs=1]
        LayoutBlockFlow (anonymous) at (0,22) size 769x18
          LayoutBR {BR} at (0,0) size 0x18
      LayoutBlockFlow {P} at (0,2094) size 769x40
        LayoutBlockFlow (anonymous) at (0,0) size 769x18
          LayoutText {#text} at (0,0) size 329x18
            text run at (0,0) width 329: "this table should be about 38 pixels wide (width=4)"
        LayoutTable {TABLE} at (0,18) size 38x4 [bgcolor=#FFA500] [border: (1px outset #808080)]
          LayoutTableSection {TBODY} at (1,1) size 36x2
            LayoutTableRow {TR} at (0,0) size 36x2
              LayoutTableCell {TD} at (0,0) size 6x2 [border: (1px inset #808080)] [r=0 c=0 rs=1 cs=1]
              LayoutTableCell {TD} at (6,0) size 6x2 [border: (1px inset #808080)] [r=0 c=1 rs=1 cs=1]
              LayoutTableCell {TD} at (12,0) size 6x2 [border: (1px inset #808080)] [r=0 c=2 rs=1 cs=1]
              LayoutTableCell {TD} at (18,0) size 6x2 [border: (1px inset #808080)] [r=0 c=3 rs=1 cs=1]
              LayoutTableCell {TD} at (24,0) size 6x2 [border: (1px inset #808080)] [r=0 c=4 rs=1 cs=1]
              LayoutTableCell {TD} at (30,0) size 6x2 [border: (1px inset #808080)] [r=0 c=5 rs=1 cs=1]
        LayoutBlockFlow (anonymous) at (0,22) size 769x18
          LayoutBR {BR} at (0,0) size 0x18
      LayoutBlockFlow {P} at (0,2150) size 769x40
        LayoutBlockFlow (anonymous) at (0,0) size 769x18
          LayoutText {#text} at (0,0) size 329x18
            text run at (0,0) width 329: "this table should be about xx pixels wide (width=7)"
        LayoutTable {TABLE} at (0,18) size 56x4 [bgcolor=#FFA500] [border: (1px outset #808080)]
          LayoutTableSection {TBODY} at (1,1) size 54x2
            LayoutTableRow {TR} at (0,0) size 54x2
              LayoutTableCell {TD} at (0,0) size 9x2 [border: (1px inset #808080)] [r=0 c=0 rs=1 cs=1]
              LayoutTableCell {TD} at (9,0) size 9x2 [border: (1px inset #808080)] [r=0 c=1 rs=1 cs=1]
              LayoutTableCell {TD} at (18,0) size 9x2 [border: (1px inset #808080)] [r=0 c=2 rs=1 cs=1]
              LayoutTableCell {TD} at (27,0) size 9x2 [border: (1px inset #808080)] [r=0 c=3 rs=1 cs=1]
              LayoutTableCell {TD} at (36,0) size 9x2 [border: (1px inset #808080)] [r=0 c=4 rs=1 cs=1]
              LayoutTableCell {TD} at (45,0) size 9x2 [border: (1px inset #808080)] [r=0 c=5 rs=1 cs=1]
        LayoutBlockFlow (anonymous) at (0,22) size 769x18
          LayoutBR {BR} at (0,0) size 0x18
      LayoutBlockFlow {P} at (0,2206) size 769x58
        LayoutBlockFlow (anonymous) at (0,0) size 769x18
          LayoutText {#text} at (0,0) size 341x18
            text run at (0,0) width 341: "this table should be about 38 pixels wide (width=4 x)"
        LayoutTable {TABLE} at (0,18) size 62x22 [bgcolor=#FFA500] [border: (1px outset #808080)]
          LayoutTableSection {TBODY} at (1,1) size 60x20
            LayoutTableRow {TR} at (0,0) size 60x20
              LayoutTableCell {TD} at (0,0) size 10x20 [border: (1px inset #808080)] [r=0 c=0 rs=1 cs=1]
                LayoutText {#text} at (1,1) size 8x18
                  text run at (1,1) width 8: "x"
              LayoutTableCell {TD} at (10,0) size 10x20 [border: (1px inset #808080)] [r=0 c=1 rs=1 cs=1]
                LayoutText {#text} at (1,1) size 8x18
                  text run at (1,1) width 8: "x"
              LayoutTableCell {TD} at (20,0) size 10x20 [border: (1px inset #808080)] [r=0 c=2 rs=1 cs=1]
                LayoutText {#text} at (1,1) size 8x18
                  text run at (1,1) width 8: "x"
              LayoutTableCell {TD} at (30,0) size 10x20 [border: (1px inset #808080)] [r=0 c=3 rs=1 cs=1]
                LayoutText {#text} at (1,1) size 8x18
                  text run at (1,1) width 8: "x"
              LayoutTableCell {TD} at (40,0) size 10x20 [border: (1px inset #808080)] [r=0 c=4 rs=1 cs=1]
                LayoutText {#text} at (1,1) size 8x18
                  text run at (1,1) width 8: "x"
              LayoutTableCell {TD} at (50,0) size 10x20 [border: (1px inset #808080)] [r=0 c=5 rs=1 cs=1]
                LayoutText {#text} at (1,1) size 8x18
                  text run at (1,1) width 8: "x"
        LayoutBlockFlow (anonymous) at (0,40) size 769x18
          LayoutBR {BR} at (0,0) size 0x18
      LayoutBlockFlow {P} at (0,2280) size 769x58
        LayoutBlockFlow (anonymous) at (0,0) size 769x18
          LayoutText {#text} at (0,0) size 407x18
            text run at (0,0) width 407: "this table should be about xx pixels wide (colspan=15 with dot)"
        LayoutTable {TABLE} at (0,18) size 74x22 [bgcolor=#FFA500] [border: (1px outset #808080)]
          LayoutTableSection {TBODY} at (1,1) size 72x20
            LayoutTableRow {TR} at (0,0) size 72x20
              LayoutTableCell {TD} at (0,0) size 6x20 [border: (1px inset #808080)] [r=0 c=0 rs=1 cs=15]
                LayoutText {#text} at (1,1) size 4x18
                  text run at (1,1) width 4: "."
              LayoutTableCell {TD} at (6,0) size 6x20 [border: (1px inset #808080)] [r=0 c=15 rs=1 cs=15]
                LayoutText {#text} at (1,1) size 4x18
                  text run at (1,1) width 4: "."
              LayoutTableCell {TD} at (12,0) size 6x20 [border: (1px inset #808080)] [r=0 c=30 rs=1 cs=15]
                LayoutText {#text} at (1,1) size 4x18
                  text run at (1,1) width 4: "."
              LayoutTableCell {TD} at (18,0) size 6x20 [border: (1px inset #808080)] [r=0 c=45 rs=1 cs=15]
                LayoutText {#text} at (1,1) size 4x18
                  text run at (1,1) width 4: "."
              LayoutTableCell {TD} at (24,0) size 6x20 [border: (1px inset #808080)] [r=0 c=60 rs=1 cs=15]
                LayoutText {#text} at (1,1) size 4x18
                  text run at (1,1) width 4: "."
              LayoutTableCell {TD} at (30,0) size 6x20 [border: (1px inset #808080)] [r=0 c=75 rs=1 cs=15]
                LayoutText {#text} at (1,1) size 4x18
                  text run at (1,1) width 4: "."
              LayoutTableCell {TD} at (36,0) size 6x20 [border: (1px inset #808080)] [r=0 c=90 rs=1 cs=15]
                LayoutText {#text} at (1,1) size 4x18
                  text run at (1,1) width 4: "."
              LayoutTableCell {TD} at (42,0) size 6x20 [border: (1px inset #808080)] [r=0 c=105 rs=1 cs=15]
                LayoutText {#text} at (1,1) size 4x18
                  text run at (1,1) width 4: "."
              LayoutTableCell {TD} at (48,0) size 6x20 [border: (1px inset #808080)] [r=0 c=120 rs=1 cs=15]
                LayoutText {#text} at (1,1) size 4x18
                  text run at (1,1) width 4: "."
              LayoutTableCell {TD} at (54,0) size 6x20 [border: (1px inset #808080)] [r=0 c=135 rs=1 cs=15]
                LayoutText {#text} at (1,1) size 4x18
                  text run at (1,1) width 4: "."
              LayoutTableCell {TD} at (60,0) size 6x20 [border: (1px inset #808080)] [r=0 c=150 rs=1 cs=15]
                LayoutText {#text} at (1,1) size 4x18
                  text run at (1,1) width 4: "."
              LayoutTableCell {TD} at (66,0) size 6x20 [border: (1px inset #808080)] [r=0 c=165 rs=1 cs=15]
                LayoutText {#text} at (1,1) size 4x18
                  text run at (1,1) width 4: "."
        LayoutBlockFlow (anonymous) at (0,40) size 769x18
          LayoutBR {BR} at (0,0) size 0x18
      LayoutBlockFlow {P} at (0,2354) size 769x40
        LayoutBlockFlow (anonymous) at (0,0) size 769x18
          LayoutText {#text} at (0,0) size 394x18
            text run at (0,0) width 394: "this table should be about xx pixels wide (colspan=15 empty)"
        LayoutTable {TABLE} at (0,18) size 26x4 [bgcolor=#FFA500] [border: (1px outset #808080)]
          LayoutTableSection {TBODY} at (1,1) size 24x2
            LayoutTableRow {TR} at (0,0) size 24x2
              LayoutTableCell {TD} at (0,0) size 2x2 [border: (1px inset #808080)] [r=0 c=0 rs=1 cs=15]
              LayoutTableCell {TD} at (2,0) size 2x2 [border: (1px inset #808080)] [r=0 c=15 rs=1 cs=15]
              LayoutTableCell {TD} at (4,0) size 2x2 [border: (1px inset #808080)] [r=0 c=30 rs=1 cs=15]
              LayoutTableCell {TD} at (6,0) size 2x2 [border: (1px inset #808080)] [r=0 c=45 rs=1 cs=15]
              LayoutTableCell {TD} at (8,0) size 2x2 [border: (1px inset #808080)] [r=0 c=60 rs=1 cs=15]
              LayoutTableCell {TD} at (10,0) size 2x2 [border: (1px inset #808080)] [r=0 c=75 rs=1 cs=15]
              LayoutTableCell {TD} at (12,0) size 2x2 [border: (1px inset #808080)] [r=0 c=90 rs=1 cs=15]
              LayoutTableCell {TD} at (14,0) size 2x2 [border: (1px inset #808080)] [r=0 c=105 rs=1 cs=15]
              LayoutTableCell {TD} at (16,0) size 2x2 [border: (1px inset #808080)] [r=0 c=120 rs=1 cs=15]
              LayoutTableCell {TD} at (18,0) size 2x2 [border: (1px inset #808080)] [r=0 c=135 rs=1 cs=15]
              LayoutTableCell {TD} at (20,0) size 2x2 [border: (1px inset #808080)] [r=0 c=150 rs=1 cs=15]
              LayoutTableCell {TD} at (22,0) size 2x2 [border: (1px inset #808080)] [r=0 c=165 rs=1 cs=15]
        LayoutBlockFlow (anonymous) at (0,22) size 769x18
          LayoutBR {BR} at (0,0) size 0x18
      LayoutBlockFlow {P} at (0,2410) size 769x62
        LayoutBlockFlow (anonymous) at (0,0) size 769x18
          LayoutText {#text} at (0,0) size 451x18
            text run at (0,0) width 451: "this table should be about xx pixels wide (colspan=15 width=1 empty)"
        LayoutTable {TABLE} at (0,18) size 38x4 [bgcolor=#FFA500] [border: (1px outset #808080)]
          LayoutTableSection {TBODY} at (1,1) size 36x2
            LayoutTableRow {TR} at (0,0) size 36x2
              LayoutTableCell {TD} at (0,0) size 3x2 [border: (1px inset #808080)] [r=0 c=0 rs=1 cs=15]
              LayoutTableCell {TD} at (3,0) size 3x2 [border: (1px inset #808080)] [r=0 c=15 rs=1 cs=15]
              LayoutTableCell {TD} at (6,0) size 3x2 [border: (1px inset #808080)] [r=0 c=30 rs=1 cs=15]
              LayoutTableCell {TD} at (9,0) size 3x2 [border: (1px inset #808080)] [r=0 c=45 rs=1 cs=15]
              LayoutTableCell {TD} at (12,0) size 3x2 [border: (1px inset #808080)] [r=0 c=60 rs=1 cs=15]
              LayoutTableCell {TD} at (15,0) size 3x2 [border: (1px inset #808080)] [r=0 c=75 rs=1 cs=15]
              LayoutTableCell {TD} at (18,0) size 3x2 [border: (1px inset #808080)] [r=0 c=90 rs=1 cs=15]
              LayoutTableCell {TD} at (21,0) size 3x2 [border: (1px inset #808080)] [r=0 c=105 rs=1 cs=15]
              LayoutTableCell {TD} at (24,0) size 3x2 [border: (1px inset #808080)] [r=0 c=120 rs=1 cs=15]
              LayoutTableCell {TD} at (27,0) size 3x2 [border: (1px inset #808080)] [r=0 c=135 rs=1 cs=15]
              LayoutTableCell {TD} at (30,0) size 3x2 [border: (1px inset #808080)] [r=0 c=150 rs=1 cs=15]
              LayoutTableCell {TD} at (33,0) size 3x2 [border: (1px inset #808080)] [r=0 c=165 rs=1 cs=15]
        LayoutBlockFlow (anonymous) at (0,22) size 769x18
          LayoutBR {BR} at (0,0) size 0x18
        LayoutTable {TABLE} at (0,40) size 6x22 [border: (1px outset #808080)]
          LayoutTableSection {TBODY} at (1,1) size 4x20
            LayoutTableRow {TR} at (0,0) size 4x20
              LayoutTableCell {TD} at (0,0) size 2x20 [bgcolor=#000000] [border: (1px inset #808080)] [r=0 c=0 rs=1 cs=15]
                LayoutBR {BR} at (1,1) size 0x18
              LayoutTableCell {TD} at (2,0) size 2x20 [bgcolor=#000000] [border: (1px inset #808080)] [r=0 c=15 rs=1 cs=15]
                LayoutBR {BR} at (1,1) size 0x18
