layer at (0,0) size 800x600 clip at (0,0) size 785x600 scrollHeight 2466
  LayoutView at (0,0) size 800x600
layer at (0,0) size 785x2466 backgroundClip at (0,0) size 785x600 clip at (0,0) size 785x600
  LayoutBlockFlow {HTML} at (0,0) size 785x2466.44
    LayoutBlockFlow {BODY} at (8,8) size 769x2442.44
      LayoutBlockFlow {H1} at (0,0) size 769x37
        LayoutText {#text} at (0,0) size 432x37
          text run at (0,0) width 432: "Example 4: Some simple tables."
      LayoutTable {TABLE} at (0,58.44) size 475x100 [border: (1px outset #808080)]
        LayoutTableSection {TBODY} at (1,1) size 473x98
          LayoutTableRow {TR} at (0,2) size 473x22
            LayoutTableCell {TH} at (2,2) size 69x22 [border: (1px inset #808080)] [r=0 c=0 rs=1 cs=1]
              LayoutText {#text} at (12,2) size 45x18
                text run at (12,2) width 45: "Color "
            LayoutTableCell {TH} at (73,2) size 398x22 [border: (1px inset #808080)] [r=0 c=1 rs=1 cs=1]
              LayoutText {#text} at (166,2) size 66x18
                text run at (166,2) width 66: "Meaning "
          LayoutTableRow {TR} at (0,26) size 473x22
            LayoutTableCell {TD} at (2,26) size 69x22 [bgcolor=#90EE90] [border: (1px inset #808080)] [r=1 c=0 rs=1 cs=1]
              LayoutText {#text} at (2,2) size 65x18
                text run at (2,2) width 65: "lightgreen"
            LayoutTableCell {TD} at (73,26) size 398x22 [border: (1px inset #808080)] [r=1 c=1 rs=1 cs=1]
              LayoutText {#text} at (2,2) size 302x18
                text run at (2,2) width 302: "Light green is used on cells that have a colspan"
          LayoutTableRow {TR} at (0,50) size 473x22
            LayoutTableCell {TD} at (2,50) size 69x22 [bgcolor=#F0E68C] [border: (1px inset #808080)] [r=2 c=0 rs=1 cs=1]
              LayoutText {#text} at (2,2) size 36x18
                text run at (2,2) width 36: "khaki"
            LayoutTableCell {TD} at (73,50) size 398x22 [border: (1px inset #808080)] [r=2 c=1 rs=1 cs=1]
              LayoutText {#text} at (2,2) size 272x18
                text run at (2,2) width 272: "Khaki is used on cells that have a rowspan"
          LayoutTableRow {TR} at (0,74) size 473x22
            LayoutTableCell {TD} at (2,74) size 69x22 [bgcolor=#D3D3D3] [border: (1px inset #808080)] [r=3 c=0 rs=1 cs=1]
              LayoutText {#text} at (2,2) size 58x18
                text run at (2,2) width 58: "lightgrey"
            LayoutTableCell {TD} at (73,74) size 398x22 [border: (1px inset #808080)] [r=3 c=1 rs=1 cs=1]
              LayoutText {#text} at (2,2) size 304x18
                text run at (2,2) width 304: "Light grey is used on cells that have a rowspan "
              LayoutInline {B} at (0,0) size 27x18
                LayoutText {#text} at (305,2) size 27x18
                  text run at (305,2) width 27: "and"
              LayoutText {#text} at (331,2) size 65x18
                text run at (331,2) width 65: " a colspan"
      LayoutBlockFlow (anonymous) at (0,158.44) size 769x36
        LayoutBR {BR} at (0,0) size 0x18
        LayoutText {#text} at (0,18) size 4x18
          text run at (0,18) width 4: " "
      LayoutTable {TABLE} at (0,194.44) size 769x130 [border: (1px outset #808080)]
        LayoutBlockFlow {CAPTION} at (0,0) size 769x18
          LayoutText {#text} at (126,0) size 517x18
            text run at (126,0) width 517: "Table 1 has this caption at the top.  It is defined to be 100% of it's parent's width."
        LayoutTableSection {TBODY} at (1,19) size 767x110
          LayoutTableRow {TR} at (0,2) size 767x40
            LayoutTableCell {TD} at (2,11) size 397x22 [bgcolor=#90EE90] [border: (1px inset #808080)] [r=0 c=0 rs=1 cs=2]
              LayoutText {#text} at (2,2) size 27x18
                text run at (2,2) width 27: "Cell"
            LayoutTableCell {TD} at (401,2) size 364x40 [border: (1px inset #808080)] [r=0 c=2 rs=1 cs=1]
              LayoutText {#text} at (2,2) size 340x36
                text run at (2,2) width 340: "Stuff to test out table cell layout. This should be long"
                text run at (2,20) width 52: "enough."
          LayoutTableRow {TR} at (0,44) size 767x22
            LayoutTableCell {TD} at (2,44) size 31x22 [border: (1px inset #808080)] [r=1 c=0 rs=1 cs=1]
              LayoutText {#text} at (2,2) size 27x18
                text run at (2,2) width 27: "Cell"
            LayoutTableCell {TD} at (35,44) size 730x22 [bgcolor=#90EE90] [border: (1px inset #808080)] [r=1 c=1 rs=1 cs=2]
              LayoutText {#text} at (2,2) size 395x18
                text run at (2,2) width 395: "Stuff to test out table cell layout. This should be long enough."
          LayoutTableRow {TR} at (0,68) size 767x40
            LayoutTableCell {TD} at (2,77) size 31x22 [border: (1px inset #808080)] [r=2 c=0 rs=1 cs=1]
              LayoutText {#text} at (2,2) size 27x18
                text run at (2,2) width 27: "Cell"
            LayoutTableCell {TD} at (35,68) size 364x40 [border: (1px inset #808080)] [r=2 c=1 rs=1 cs=1]
              LayoutText {#text} at (2,2) size 340x36
                text run at (2,2) width 340: "Stuff to test out table cell layout. This should be long"
                text run at (2,20) width 52: "enough."
            LayoutTableCell {TD} at (401,77) size 364x22 [border: (1px inset #808080)] [r=2 c=2 rs=1 cs=1]
              LayoutText {#text} at (2,2) size 27x18
                text run at (2,2) width 27: "Cell"
      LayoutBlockFlow (anonymous) at (0,324.44) size 769x36
        LayoutBR {BR} at (0,0) size 0x18
        LayoutText {#text} at (0,18) size 4x18
          text run at (0,18) width 4: " "
      LayoutTable {TABLE} at (0,360.44) size 505x94 [border: (1px outset #808080)]
        LayoutBlockFlow {CAPTION} at (0,0) size 505x18
          LayoutText {#text} at (89,0) size 327x18
            text run at (89,0) width 327: "Table 2 has auto-width (no width param specified.)"
        LayoutTableSection {TBODY} at (1,19) size 503x74
          LayoutTableRow {TR} at (0,2) size 503x22
            LayoutTableCell {TD} at (2,2) size 31x22 [border: (1px inset #808080)] [r=0 c=0 rs=1 cs=1]
              LayoutText {#text} at (2,2) size 27x18
                text run at (2,2) width 27: "Cell"
            LayoutTableCell {TD} at (35,14) size 466x22 [bgcolor=#D3D3D3] [border: (1px inset #808080)] [r=0 c=1 rs=2 cs=2]
              LayoutText {#text} at (2,2) size 395x18
                text run at (2,2) width 395: "Stuff to test out table cell layout. This should be long enough."
          LayoutTableRow {TR} at (0,26) size 503x22
            LayoutTableCell {TD} at (2,26) size 31x22 [border: (1px inset #808080)] [r=1 c=0 rs=1 cs=1]
              LayoutText {#text} at (2,2) size 27x18
                text run at (2,2) width 27: "Cell"
          LayoutTableRow {TR} at (0,50) size 503x22
            LayoutTableCell {TD} at (2,50) size 31x22 [border: (1px inset #808080)] [r=2 c=0 rs=1 cs=1]
              LayoutText {#text} at (2,2) size 27x18
                text run at (2,2) width 27: "Cell"
            LayoutTableCell {TD} at (35,50) size 399x22 [border: (1px inset #808080)] [r=2 c=1 rs=1 cs=1]
              LayoutText {#text} at (2,2) size 395x18
                text run at (2,2) width 395: "Stuff to test out table cell layout. This should be long enough."
            LayoutTableCell {TD} at (436,50) size 65x22 [border: (1px inset #808080)] [r=2 c=2 rs=1 cs=1]
              LayoutText {#text} at (2,2) size 61x18
                text run at (2,2) width 61: "more text"
      LayoutBlockFlow (anonymous) at (0,454.44) size 769x18
        LayoutText {#text} at (0,0) size 4x18
          text run at (0,0) width 4: " "
      LayoutTable {TABLE} at (0,472.44) size 505x94 [border: (1px outset #808080)]
        LayoutBlockFlow {CAPTION} at (0,0) size 505x18
          LayoutText {#text} at (53,0) size 399x18
            text run at (53,0) width 399: "Table 3 is the same as Table 2, but with equal column widths. "
        LayoutTableSection {TBODY} at (1,19) size 503x74
          LayoutTableRow {TR} at (0,2) size 503x22
            LayoutTableCell {TD} at (2,2) size 31x22 [border: (1px inset #808080)] [r=0 c=0 rs=1 cs=1]
              LayoutText {#text} at (2,2) size 27x18
                text run at (2,2) width 27: "Cell"
            LayoutTableCell {TD} at (35,14) size 466x22 [bgcolor=#D3D3D3] [border: (1px inset #808080)] [r=0 c=1 rs=2 cs=2]
              LayoutText {#text} at (2,2) size 395x18
                text run at (2,2) width 395: "Stuff to test out table cell layout. This should be long enough."
          LayoutTableRow {TR} at (0,26) size 503x22
            LayoutTableCell {TD} at (2,26) size 31x22 [border: (1px inset #808080)] [r=1 c=0 rs=1 cs=1]
              LayoutText {#text} at (2,2) size 27x18
                text run at (2,2) width 27: "Cell"
          LayoutTableRow {TR} at (0,50) size 503x22
            LayoutTableCell {TD} at (2,50) size 31x22 [border: (1px inset #808080)] [r=2 c=0 rs=1 cs=1]
              LayoutText {#text} at (2,2) size 27x18
                text run at (2,2) width 27: "Cell"
            LayoutTableCell {TD} at (35,50) size 399x22 [border: (1px inset #808080)] [r=2 c=1 rs=1 cs=1]
              LayoutText {#text} at (2,2) size 395x18
                text run at (2,2) width 395: "Stuff to test out table cell layout. This should be long enough."
            LayoutTableCell {TD} at (436,50) size 65x22 [border: (1px inset #808080)] [r=2 c=2 rs=1 cs=1]
              LayoutText {#text} at (2,2) size 61x18
                text run at (2,2) width 61: "more text"
      LayoutBlockFlow (anonymous) at (0,566.44) size 769x36
        LayoutBR {BR} at (0,0) size 0x18
        LayoutText {#text} at (0,18) size 4x18
          text run at (0,18) width 4: " "
      LayoutTable {TABLE} at (0,602.44) size 252x174 [border: (1px none #808080)]
        LayoutBlockFlow {CAPTION} at (0,120) size 252x54
          LayoutText {#text} at (9,0) size 244x54
            text run at (9,0) width 234: "Table 4 has this bottom caption. The"
            text run at (4,18) width 244: "table has specified column widths and"
            text run at (65,36) width 122: "collapsing borders."
        LayoutTableCol {COLGROUP} at (0,0) size 0x0
          LayoutTableCol {COL} at (0,0) size 0x0 [border: none (2px dashed #0000FF) none (2px solid #000000)]
          LayoutTableCol {COL} at (0,0) size 0x0 [border: none (1px solid #FF0000) none]
          LayoutTableCol {COL} at (0,0) size 0x0 [border: none (2px solid #000000) none]
        LayoutTableSection {THEAD} at (1,1) size 250x26 [border: none (6px solid #000000) none]
          LayoutTableRow {TR} at (0,0) size 250x26 [border: (2px solid #000000)]
            LayoutTableCell {TH} at (0,0) size 90x26 [border: (1px none #000000) none (3px none #000000)] [r=0 c=0 rs=1 cs=1]
              LayoutText {#text} at (23,3) size 45x18
                text run at (23,3) width 45: "Player"
            LayoutTableCell {TH} at (90,0) size 80x26 [border: (1px none #000000) none (3px none #000000)] [r=0 c=1 rs=1 cs=1]
              LayoutText {#text} at (10,3) size 60x18
                text run at (10,3) width 60: "Ranking"
            LayoutTableCell {TH} at (170,0) size 80x26 [border: (1px none #000000)] [r=0 c=2 rs=1 cs=1]
              LayoutText {#text} at (14,3) size 51x18
                text run at (14,3) width 51: "Record"
        LayoutTableSection {TBODY} at (1,27) size 250x92
          LayoutTableRow {TR} at (0,0) size 250x26 [border: (2px solid #000000)]
            LayoutTableCell {TD} at (0,0) size 90x26 [border: (3px none #000000)] [r=0 c=0 rs=1 cs=1]
              LayoutText {#text} at (3,5) size 76x18
                text run at (3,5) width 76: "Steve Clark"
            LayoutTableCell {TD} at (90,0) size 80x26 [border: (3px none #000000)] [r=0 c=1 rs=1 cs=1]
              LayoutText {#text} at (36,5) size 9x18
                text run at (36,5) width 9: "1"
            LayoutTableCell {TD} at (170,0) size 80x26 [border: (3px none #000000)] [r=0 c=2 rs=1 cs=1]
              LayoutText {#text} at (25,5) size 30x18
                text run at (25,5) width 30: "77-0"
          LayoutTableRow {TR} at (0,26) size 250x24 [border: (2px solid #000000)]
            LayoutTableCell {TD} at (0,26) size 90x24 [border: (1px none #000000)] [r=1 c=0 rs=1 cs=1]
              LayoutText {#text} at (3,3) size 74x18
                text run at (3,3) width 74: "Cliff Swain"
            LayoutTableCell {TD} at (90,26) size 80x24 [border: (1px none #000000)] [r=1 c=1 rs=1 cs=1]
              LayoutText {#text} at (36,3) size 9x18
                text run at (36,3) width 9: "2"
            LayoutTableCell {TD} at (170,26) size 80x24 [border: (1px none #000000)] [r=1 c=2 rs=1 cs=1]
              LayoutText {#text} at (21,3) size 38x18
                text run at (21,3) width 38: "67-10"
          LayoutTableRow {TR} at (0,50) size 250x42 [border: (2px solid #000000)]
            LayoutTableCell {TD} at (0,50) size 90x42 [border: (1px none #000000)] [r=2 c=0 rs=1 cs=1]
              LayoutText {#text} at (3,3) size 43x36
                text run at (3,3) width 40: "Marty"
                text run at (3,21) width 43: "Hogan"
            LayoutTableCell {TD} at (90,59) size 80x24 [border: (1px none #000000)] [r=2 c=1 rs=1 cs=1]
              LayoutText {#text} at (36,3) size 9x18
                text run at (36,3) width 9: "3"
            LayoutTableCell {TD} at (170,59) size 80x24 [border: (1px none #000000)] [r=2 c=2 rs=1 cs=1]
              LayoutText {#text} at (21,3) size 38x18
                text run at (21,3) width 38: "57-15"
      LayoutBlockFlow (anonymous) at (0,776.44) size 769x18
        LayoutBR {BR} at (0,0) size 0x18
      LayoutTable {TABLE} at (0,794.44) size 198x424
        LayoutBlockFlow {CAPTION} at (0,388) size 198x18
          LayoutText {#text} at (5,0) size 188x18
            text run at (5,0) width 188: "Table 5 has a scrolling tbody."
        LayoutTableSection {THEAD} at (0,0) size 198x19
          LayoutTableRow {TR} at (0,2) size 198x15
            LayoutTableCell {TD} at (2,2) size 96x15 [r=0 c=0 rs=1 cs=2]
              LayoutText {#text} at (1,1) size 46x13
                text run at (1,1) width 46: "HEADER"
        LayoutTableSection {TBODY} at (0,19) size 198x352 [border: (1px solid #000000)]
          LayoutTableRow {TR} at (0,0) size 198x20
            LayoutTableCell {TD} at (2,0) size 47x20 [r=0 c=0 rs=1 cs=1]
              LayoutText {#text} at (1,1) size 45x18
                text run at (1,1) width 45: "cell-00"
            LayoutTableCell {TD} at (51,0) size 47x20 [r=0 c=1 rs=1 cs=1]
              LayoutText {#text} at (1,1) size 45x18
                text run at (1,1) width 45: "cell-01"
            LayoutTableCell {TD} at (100,0) size 47x20 [r=0 c=2 rs=1 cs=1]
              LayoutText {#text} at (1,1) size 45x18
                text run at (1,1) width 45: "cell-02"
            LayoutTableCell {TD} at (149,0) size 47x20 [r=0 c=3 rs=1 cs=1]
              LayoutText {#text} at (1,1) size 45x18
                text run at (1,1) width 45: "cell-03"
          LayoutTableRow {TR} at (0,22) size 198x20
            LayoutTableCell {TD} at (2,22) size 47x20 [r=1 c=0 rs=1 cs=1]
              LayoutText {#text} at (1,1) size 45x18
                text run at (1,1) width 45: "cell-10"
            LayoutTableCell {TD} at (51,22) size 47x20 [r=1 c=1 rs=1 cs=1]
              LayoutText {#text} at (1,1) size 44x18
                text run at (1,1) width 44: "cell-11"
            LayoutTableCell {TD} at (100,22) size 47x20 [r=1 c=2 rs=1 cs=1]
              LayoutText {#text} at (1,1) size 45x18
                text run at (1,1) width 45: "cell-12"
            LayoutTableCell {TD} at (149,22) size 47x20 [r=1 c=3 rs=1 cs=1]
              LayoutText {#text} at (1,1) size 45x18
                text run at (1,1) width 45: "cell-13"
          LayoutTableRow {TR} at (0,44) size 198x20
            LayoutTableCell {TD} at (2,44) size 47x20 [r=2 c=0 rs=1 cs=1]
              LayoutText {#text} at (1,1) size 45x18
                text run at (1,1) width 45: "cell-20"
            LayoutTableCell {TD} at (51,44) size 47x20 [r=2 c=1 rs=1 cs=1]
              LayoutText {#text} at (1,1) size 45x18
                text run at (1,1) width 45: "cell-21"
            LayoutTableCell {TD} at (100,44) size 47x20 [r=2 c=2 rs=1 cs=1]
              LayoutText {#text} at (1,1) size 45x18
                text run at (1,1) width 45: "cell-22"
            LayoutTableCell {TD} at (149,44) size 47x20 [r=2 c=3 rs=1 cs=1]
              LayoutText {#text} at (1,1) size 45x18
                text run at (1,1) width 45: "cell-23"
          LayoutTableRow {TR} at (0,66) size 198x20
            LayoutTableCell {TD} at (2,66) size 47x20 [r=3 c=0 rs=1 cs=1]
              LayoutText {#text} at (1,1) size 45x18
                text run at (1,1) width 45: "cell-30"
            LayoutTableCell {TD} at (51,66) size 47x20 [r=3 c=1 rs=1 cs=1]
              LayoutText {#text} at (1,1) size 45x18
                text run at (1,1) width 45: "cell-31"
            LayoutTableCell {TD} at (100,66) size 47x20 [r=3 c=2 rs=1 cs=1]
              LayoutText {#text} at (1,1) size 45x18
                text run at (1,1) width 45: "cell-32"
            LayoutTableCell {TD} at (149,66) size 47x20 [r=3 c=3 rs=1 cs=1]
              LayoutText {#text} at (1,1) size 45x18
                text run at (1,1) width 45: "cell-33"
          LayoutTableRow {TR} at (0,88) size 198x20
            LayoutTableCell {TD} at (2,88) size 47x20 [r=4 c=0 rs=1 cs=1]
              LayoutText {#text} at (1,1) size 45x18
                text run at (1,1) width 45: "cell-40"
            LayoutTableCell {TD} at (51,88) size 47x20 [r=4 c=1 rs=1 cs=1]
              LayoutText {#text} at (1,1) size 45x18
                text run at (1,1) width 45: "cell-41"
            LayoutTableCell {TD} at (100,88) size 47x20 [r=4 c=2 rs=1 cs=1]
              LayoutText {#text} at (1,1) size 45x18
                text run at (1,1) width 45: "cell-42"
            LayoutTableCell {TD} at (149,88) size 47x20 [r=4 c=3 rs=1 cs=1]
              LayoutText {#text} at (1,1) size 45x18
                text run at (1,1) width 45: "cell-43"
          LayoutTableRow {TR} at (0,110) size 198x20
            LayoutTableCell {TD} at (2,110) size 47x20 [r=5 c=0 rs=1 cs=1]
              LayoutText {#text} at (1,1) size 45x18
                text run at (1,1) width 45: "cell-50"
            LayoutTableCell {TD} at (51,110) size 47x20 [r=5 c=1 rs=1 cs=1]
              LayoutText {#text} at (1,1) size 45x18
                text run at (1,1) width 45: "cell-51"
            LayoutTableCell {TD} at (100,110) size 47x20 [r=5 c=2 rs=1 cs=1]
              LayoutText {#text} at (1,1) size 45x18
                text run at (1,1) width 45: "cell-52"
            LayoutTableCell {TD} at (149,110) size 47x20 [r=5 c=3 rs=1 cs=1]
              LayoutText {#text} at (1,1) size 45x18
                text run at (1,1) width 45: "cell-53"
          LayoutTableRow {TR} at (0,132) size 198x20
            LayoutTableCell {TD} at (2,132) size 47x20 [r=6 c=0 rs=1 cs=1]
              LayoutText {#text} at (1,1) size 45x18
                text run at (1,1) width 45: "cell-60"
            LayoutTableCell {TD} at (51,132) size 47x20 [r=6 c=1 rs=1 cs=1]
              LayoutText {#text} at (1,1) size 45x18
                text run at (1,1) width 45: "cell-61"
            LayoutTableCell {TD} at (100,132) size 47x20 [r=6 c=2 rs=1 cs=1]
              LayoutText {#text} at (1,1) size 45x18
                text run at (1,1) width 45: "cell-62"
            LayoutTableCell {TD} at (149,132) size 47x20 [r=6 c=3 rs=1 cs=1]
              LayoutText {#text} at (1,1) size 45x18
                text run at (1,1) width 45: "cell-63"
          LayoutTableRow {TR} at (0,154) size 198x20
            LayoutTableCell {TD} at (2,154) size 47x20 [r=7 c=0 rs=1 cs=1]
              LayoutText {#text} at (1,1) size 45x18
                text run at (1,1) width 45: "cell-70"
            LayoutTableCell {TD} at (51,154) size 47x20 [r=7 c=1 rs=1 cs=1]
              LayoutText {#text} at (1,1) size 45x18
                text run at (1,1) width 45: "cell-71"
            LayoutTableCell {TD} at (100,154) size 47x20 [r=7 c=2 rs=1 cs=1]
              LayoutText {#text} at (1,1) size 45x18
                text run at (1,1) width 45: "cell-72"
            LayoutTableCell {TD} at (149,154) size 47x20 [r=7 c=3 rs=1 cs=1]
              LayoutText {#text} at (1,1) size 45x18
                text run at (1,1) width 45: "cell-73"
          LayoutTableRow {TR} at (0,176) size 198x20
            LayoutTableCell {TD} at (2,176) size 47x20 [r=8 c=0 rs=1 cs=1]
              LayoutText {#text} at (1,1) size 45x18
                text run at (1,1) width 45: "cell-80"
            LayoutTableCell {TD} at (51,176) size 47x20 [r=8 c=1 rs=1 cs=1]
              LayoutText {#text} at (1,1) size 45x18
                text run at (1,1) width 45: "cell-81"
            LayoutTableCell {TD} at (100,176) size 47x20 [r=8 c=2 rs=1 cs=1]
              LayoutText {#text} at (1,1) size 45x18
                text run at (1,1) width 45: "cell-82"
            LayoutTableCell {TD} at (149,176) size 47x20 [r=8 c=3 rs=1 cs=1]
              LayoutText {#text} at (1,1) size 45x18
                text run at (1,1) width 45: "cell-83"
          LayoutTableRow {TR} at (0,198) size 198x20
            LayoutTableCell {TD} at (2,198) size 47x20 [r=9 c=0 rs=1 cs=1]
              LayoutText {#text} at (1,1) size 45x18
                text run at (1,1) width 45: "cell-90"
            LayoutTableCell {TD} at (51,198) size 47x20 [r=9 c=1 rs=1 cs=1]
              LayoutText {#text} at (1,1) size 45x18
                text run at (1,1) width 45: "cell-91"
            LayoutTableCell {TD} at (100,198) size 47x20 [r=9 c=2 rs=1 cs=1]
              LayoutText {#text} at (1,1) size 45x18
                text run at (1,1) width 45: "cell-92"
            LayoutTableCell {TD} at (149,198) size 47x20 [r=9 c=3 rs=1 cs=1]
              LayoutText {#text} at (1,1) size 45x18
                text run at (1,1) width 45: "cell-93"
          LayoutTableRow {TR} at (0,220) size 198x20
            LayoutTableCell {TD} at (2,220) size 47x20 [r=10 c=0 rs=1 cs=1]
              LayoutText {#text} at (1,1) size 44x18
                text run at (1,1) width 44: "cell-a0"
            LayoutTableCell {TD} at (51,220) size 47x20 [r=10 c=1 rs=1 cs=1]
              LayoutText {#text} at (1,1) size 44x18
                text run at (1,1) width 44: "cell-a1"
            LayoutTableCell {TD} at (100,220) size 47x20 [r=10 c=2 rs=1 cs=1]
              LayoutText {#text} at (1,1) size 44x18
                text run at (1,1) width 44: "cell-a2"
            LayoutTableCell {TD} at (149,220) size 47x20 [r=10 c=3 rs=1 cs=1]
              LayoutText {#text} at (1,1) size 44x18
                text run at (1,1) width 44: "cell-a3"
          LayoutTableRow {TR} at (0,242) size 198x20
            LayoutTableCell {TD} at (2,242) size 47x20 [r=11 c=0 rs=1 cs=1]
              LayoutText {#text} at (1,1) size 45x18
                text run at (1,1) width 45: "cell-b0"
            LayoutTableCell {TD} at (51,242) size 47x20 [r=11 c=1 rs=1 cs=1]
              LayoutText {#text} at (1,1) size 45x18
                text run at (1,1) width 45: "cell-b1"
            LayoutTableCell {TD} at (100,242) size 47x20 [r=11 c=2 rs=1 cs=1]
              LayoutText {#text} at (1,1) size 45x18
                text run at (1,1) width 45: "cell-b2"
            LayoutTableCell {TD} at (149,242) size 47x20 [r=11 c=3 rs=1 cs=1]
              LayoutText {#text} at (1,1) size 45x18
                text run at (1,1) width 45: "cell-b3"
          LayoutTableRow {TR} at (0,264) size 198x20
            LayoutTableCell {TD} at (2,264) size 47x20 [r=12 c=0 rs=1 cs=1]
              LayoutText {#text} at (1,1) size 44x18
                text run at (1,1) width 44: "cell-c0"
            LayoutTableCell {TD} at (51,264) size 47x20 [r=12 c=1 rs=1 cs=1]
              LayoutText {#text} at (1,1) size 44x18
                text run at (1,1) width 44: "cell-c1"
            LayoutTableCell {TD} at (100,264) size 47x20 [r=12 c=2 rs=1 cs=1]
              LayoutText {#text} at (1,1) size 44x18
                text run at (1,1) width 44: "cell-c2"
            LayoutTableCell {TD} at (149,264) size 47x20 [r=12 c=3 rs=1 cs=1]
              LayoutText {#text} at (1,1) size 44x18
                text run at (1,1) width 44: "cell-c3"
          LayoutTableRow {TR} at (0,286) size 198x20
            LayoutTableCell {TD} at (2,286) size 47x20 [r=13 c=0 rs=1 cs=1]
              LayoutText {#text} at (1,1) size 45x18
                text run at (1,1) width 45: "cell-d0"
            LayoutTableCell {TD} at (51,286) size 47x20 [r=13 c=1 rs=1 cs=1]
              LayoutText {#text} at (1,1) size 45x18
                text run at (1,1) width 45: "cell-d1"
            LayoutTableCell {TD} at (100,286) size 47x20 [r=13 c=2 rs=1 cs=1]
              LayoutText {#text} at (1,1) size 45x18
                text run at (1,1) width 45: "cell-d2"
            LayoutTableCell {TD} at (149,286) size 47x20 [r=13 c=3 rs=1 cs=1]
              LayoutText {#text} at (1,1) size 45x18
                text run at (1,1) width 45: "cell-d3"
          LayoutTableRow {TR} at (0,308) size 198x20
            LayoutTableCell {TD} at (2,308) size 47x20 [r=14 c=0 rs=1 cs=1]
              LayoutText {#text} at (1,1) size 44x18
                text run at (1,1) width 44: "cell-e0"
            LayoutTableCell {TD} at (51,308) size 47x20 [r=14 c=1 rs=1 cs=1]
              LayoutText {#text} at (1,1) size 44x18
                text run at (1,1) width 44: "cell-e1"
            LayoutTableCell {TD} at (100,308) size 47x20 [r=14 c=2 rs=1 cs=1]
              LayoutText {#text} at (1,1) size 44x18
                text run at (1,1) width 44: "cell-e2"
            LayoutTableCell {TD} at (149,308) size 47x20 [r=14 c=3 rs=1 cs=1]
              LayoutText {#text} at (1,1) size 44x18
                text run at (1,1) width 44: "cell-e3"
          LayoutTableRow {TR} at (0,330) size 198x20
            LayoutTableCell {TD} at (2,330) size 47x20 [r=15 c=0 rs=1 cs=1]
              LayoutText {#text} at (1,1) size 42x18
                text run at (1,1) width 42: "cell-f0"
            LayoutTableCell {TD} at (51,330) size 47x20 [r=15 c=1 rs=1 cs=1]
              LayoutText {#text} at (1,1) size 42x18
                text run at (1,1) width 42: "cell-f1"
            LayoutTableCell {TD} at (100,330) size 47x20 [r=15 c=2 rs=1 cs=1]
              LayoutText {#text} at (1,1) size 42x18
                text run at (1,1) width 42: "cell-f2"
            LayoutTableCell {TD} at (149,330) size 47x20 [r=15 c=3 rs=1 cs=1]
              LayoutText {#text} at (1,1) size 42x18
                text run at (1,1) width 42: "cell-f3"
        LayoutTableSection {TFOOT} at (0,371) size 198x17
          LayoutTableRow {TR} at (0,0) size 198x15
            LayoutTableCell {TD} at (2,0) size 96x15 [r=0 c=0 rs=1 cs=2]
              LayoutText {#text} at (1,1) size 45x13
                text run at (1,1) width 45: "FOOTER"
        LayoutBlockFlow {CAPTION} at (0,406) size 198x18
          LayoutText {#text} at (5,0) size 188x18
            text run at (5,0) width 188: "Table 5 has a scrolling tbody."
      LayoutBlockFlow (anonymous) at (0,1218.44) size 769x36
        LayoutBR {BR} at (0,0) size 0x18
        LayoutText {#text} at (0,18) size 632x18
          text run at (0,18) width 632: "This is a table formed from a list with display of table-row and list items with display of table-cell."
      LayoutTable (anonymous) at (0,1254.44) size 201x18
        LayoutTableSection (anonymous) at (0,0) size 201x18
          LayoutTableRow {UL} at (0,0) size 201x18 [bgcolor=#FFA500]
            LayoutTableCell {LI} at (0,0) size 33x18 [r=0 c=0 rs=1 cs=1]
              LayoutText {#text} at (0,0) size 33x18
                text run at (0,0) width 33: "ONE"
            LayoutTableCell {LI} at (33,0) size 37x18 [r=0 c=1 rs=1 cs=1]
              LayoutText {#text} at (0,0) size 37x18
                text run at (0,0) width 37: "TWO"
            LayoutTableCell {LI} at (70,0) size 52x18 [r=0 c=2 rs=1 cs=1]
              LayoutText {#text} at (0,0) size 52x18
                text run at (0,0) width 52: "THREE"
            LayoutTableCell {LI} at (122,0) size 43x18 [r=0 c=3 rs=1 cs=1]
              LayoutText {#text} at (0,0) size 43x18
                text run at (0,0) width 43: "FOUR"
            LayoutTableCell {LI} at (165,0) size 36x18 [r=0 c=4 rs=1 cs=1]
              LayoutText {#text} at (0,0) size 36x18
                text run at (0,0) width 36: "FIVE"
      LayoutBlockFlow (anonymous) at (0,1272.44) size 769x36
        LayoutBR {BR} at (0,0) size 0x18
        LayoutText {#text} at (0,18) size 679x18
          text run at (0,18) width 679: "This is a table formed from a list with display of table-row-group and list items with display of table-cell. "
        LayoutBR {BR} at (0,0) size 0x0
      LayoutTable (anonymous) at (0,1308.44) size 227x18
        LayoutTableSection {UL} at (0,0) size 227x18
          LayoutTableRow (anonymous) at (0,0) size 227x18
            LayoutTableCell {LI} at (0,0) size 33x18 [bgcolor=#FFA500] [r=0 c=0 rs=1 cs=1]
              LayoutText {#text} at (0,0) size 33x18
                text run at (0,0) width 33: "ONE"
            LayoutTableCell {LI} at (33,0) size 37x18 [bgcolor=#FFA500] [r=0 c=1 rs=1 cs=1]
              LayoutText {#text} at (0,0) size 37x18
                text run at (0,0) width 37: "TWO"
            LayoutTableCell {LI} at (70,0) size 52x18 [bgcolor=#FFA500] [r=0 c=2 rs=1 cs=1]
              LayoutText {#text} at (0,0) size 52x18
                text run at (0,0) width 52: "THREE"
            LayoutTableCell {LI} at (122,0) size 43x18 [bgcolor=#FFA500] [r=0 c=3 rs=1 cs=1]
              LayoutText {#text} at (0,0) size 43x18
                text run at (0,0) width 43: "FOUR"
            LayoutTableCell {LI} at (165,0) size 36x18 [bgcolor=#FFA500] [r=0 c=4 rs=1 cs=1]
              LayoutText {#text} at (0,0) size 36x18
                text run at (0,0) width 36: "FIVE"
            LayoutTableCell {LI} at (201,0) size 26x18 [bgcolor=#FFA500] [r=0 c=5 rs=1 cs=1]
              LayoutText {#text} at (0,0) size 26x18
                text run at (0,0) width 26: "SIX"
      LayoutBlockFlow (anonymous) at (0,1326.44) size 769x36
        LayoutBR {BR} at (0,0) size 0x18
        LayoutText {#text} at (0,18) size 417x18
          text run at (0,18) width 417: "This is like the previous table plus the list's overflow property set"
      LayoutTable (anonymous) at (0,1362.44) size 227x18
        LayoutTableSection {UL} at (0,0) size 227x18
          LayoutTableRow (anonymous) at (0,0) size 227x18
            LayoutTableCell {LI} at (0,0) size 33x18 [bgcolor=#FFA500] [r=0 c=0 rs=1 cs=1]
              LayoutText {#text} at (0,0) size 33x18
                text run at (0,0) width 33: "ONE"
            LayoutTableCell {LI} at (33,0) size 37x18 [bgcolor=#FFA500] [r=0 c=1 rs=1 cs=1]
              LayoutText {#text} at (0,0) size 37x18
                text run at (0,0) width 37: "TWO"
            LayoutTableCell {LI} at (70,0) size 52x18 [bgcolor=#FFA500] [r=0 c=2 rs=1 cs=1]
              LayoutText {#text} at (0,0) size 52x18
                text run at (0,0) width 52: "THREE"
            LayoutTableCell {LI} at (122,0) size 43x18 [bgcolor=#FFA500] [r=0 c=3 rs=1 cs=1]
              LayoutText {#text} at (0,0) size 43x18
                text run at (0,0) width 43: "FOUR"
            LayoutTableCell {LI} at (165,0) size 36x18 [bgcolor=#FFA500] [r=0 c=4 rs=1 cs=1]
              LayoutText {#text} at (0,0) size 36x18
                text run at (0,0) width 36: "FIVE"
            LayoutTableCell {LI} at (201,0) size 26x18 [bgcolor=#FFA500] [r=0 c=5 rs=1 cs=1]
              LayoutText {#text} at (0,0) size 26x18
                text run at (0,0) width 26: "SIX"
      LayoutBlockFlow (anonymous) at (0,1380.44) size 769x18
        LayoutBR {BR} at (0,0) size 0x18
      LayoutBlockFlow {P} at (0,1414.44) size 769x224
        LayoutBlockFlow (anonymous) at (0,0) size 769x18
          LayoutText {#text} at (0,0) size 439x18
            text run at (0,0) width 439: "The following table will have its rows and columns in red collapsed "
          LayoutBR {BR} at (0,0) size 0x0
        LayoutTable {TABLE} at (0,18) size 139x94 [bgcolor=#FFA500] [border: (1px outset #808080)]
          LayoutBlockFlow {CAPTION} at (0,0) size 139x18
            LayoutInline {B} at (0,0) size 45x18
              LayoutText {#text} at (47,0) size 45x18
                text run at (47,0) width 45: "before"
          LayoutTableCol {COLGROUP} at (0,0) size 0x0
            LayoutTableCol {COL} at (0,0) size 0x0
            LayoutTableCol {COL} at (0,0) size 0x0
            LayoutTableCol {COL} at (0,0) size 0x0
          LayoutTableSection {TBODY} at (1,19) size 137x74
            LayoutTableRow {TR} at (0,2) size 137x22
              LayoutTableCell {TD} at (2,2) size 31x22 [border: (1px inset #808080)] [r=0 c=0 rs=1 cs=1]
                LayoutText {#text} at (2,2) size 27x18
                  text run at (2,2) width 27: "C11"
              LayoutTableCell {TD} at (35,2) size 31x22 [bgcolor=#FF0000] [border: (1px inset #808080)] [r=0 c=1 rs=1 cs=1]
                LayoutText {#text} at (2,2) size 27x18
                  text run at (2,2) width 27: "C12"
              LayoutTableCell {TD} at (68,2) size 67x22 [border: (1px inset #808080)] [r=0 c=2 rs=1 cs=1]
                LayoutText {#text} at (2,2) size 63x18
                  text run at (2,2) width 63: "C13 large"
            LayoutTableRow {TR} at (0,26) size 137x22 [bgcolor=#FF0000]
              LayoutTableCell {TD} at (2,26) size 31x22 [border: (1px inset #808080)] [r=1 c=0 rs=1 cs=1]
                LayoutText {#text} at (2,2) size 27x18
                  text run at (2,2) width 27: "C21"
              LayoutTableCell {TD} at (35,26) size 31x22 [border: (1px inset #808080)] [r=1 c=1 rs=1 cs=1]
                LayoutText {#text} at (2,2) size 27x18
                  text run at (2,2) width 27: "C22"
              LayoutTableCell {TD} at (68,26) size 67x22 [border: (1px inset #808080)] [r=1 c=2 rs=1 cs=1]
                LayoutText {#text} at (2,2) size 27x18
                  text run at (2,2) width 27: "C23"
            LayoutTableRow {TR} at (0,50) size 137x22
              LayoutTableCell {TD} at (2,50) size 31x22 [border: (1px inset #808080)] [r=2 c=0 rs=1 cs=1]
                LayoutText {#text} at (2,2) size 27x18
                  text run at (2,2) width 27: "C31"
              LayoutTableCell {TD} at (35,50) size 31x22 [bgcolor=#FF0000] [border: (1px inset #808080)] [r=2 c=1 rs=1 cs=1]
                LayoutText {#text} at (2,2) size 27x18
                  text run at (2,2) width 27: "C32"
              LayoutTableCell {TD} at (68,50) size 67x22 [border: (1px inset #808080)] [r=2 c=2 rs=1 cs=1]
                LayoutText {#text} at (2,2) size 27x18
                  text run at (2,2) width 27: "C33"
        LayoutBlockFlow (anonymous) at (0,112) size 769x18
          LayoutBR {BR} at (0,0) size 0x18
        LayoutTable {TABLE} at (0,130) size 139x94 [bgcolor=#FFA500] [border: (1px outset #808080)]
          LayoutBlockFlow {CAPTION} at (0,0) size 139x18
            LayoutInline {B} at (0,0) size 33x18
              LayoutText {#text} at (53,0) size 33x18
                text run at (53,0) width 33: "after"
          LayoutTableCol {COLGROUP} at (0,0) size 0x0
            LayoutTableCol {COL} at (0,0) size 0x0
            LayoutTableCol {COL} at (0,0) size 0x0
            LayoutTableCol {COL} at (0,0) size 0x0
          LayoutTableSection {TBODY} at (1,19) size 137x74
            LayoutTableRow {TR} at (0,2) size 137x22
              LayoutTableCell {TD} at (2,2) size 31x22 [border: (1px inset #808080)] [r=0 c=0 rs=1 cs=1]
                LayoutText {#text} at (2,2) size 27x18
                  text run at (2,2) width 27: "C11"
              LayoutTableCell {TD} at (35,2) size 31x22 [border: (1px inset #808080)] [r=0 c=1 rs=1 cs=1]
                LayoutText {#text} at (2,2) size 27x18
                  text run at (2,2) width 27: "C12"
              LayoutTableCell {TD} at (68,2) size 67x22 [border: (1px inset #808080)] [r=0 c=2 rs=1 cs=1]
                LayoutText {#text} at (2,2) size 63x18
                  text run at (2,2) width 63: "C13 large"
            LayoutTableRow {TR} at (0,26) size 137x22
              LayoutTableCell {TD} at (2,26) size 31x22 [border: (1px inset #808080)] [r=1 c=0 rs=1 cs=1]
                LayoutText {#text} at (2,2) size 27x18
                  text run at (2,2) width 27: "C21"
              LayoutTableCell {TD} at (35,26) size 31x22 [border: (1px inset #808080)] [r=1 c=1 rs=1 cs=1]
                LayoutText {#text} at (2,2) size 27x18
                  text run at (2,2) width 27: "C22"
              LayoutTableCell {TD} at (68,26) size 67x22 [border: (1px inset #808080)] [r=1 c=2 rs=1 cs=1]
                LayoutText {#text} at (2,2) size 27x18
                  text run at (2,2) width 27: "C23"
            LayoutTableRow {TR} at (0,50) size 137x22
              LayoutTableCell {TD} at (2,50) size 31x22 [border: (1px inset #808080)] [r=2 c=0 rs=1 cs=1]
                LayoutText {#text} at (2,2) size 27x18
                  text run at (2,2) width 27: "C31"
              LayoutTableCell {TD} at (35,50) size 31x22 [border: (1px inset #808080)] [r=2 c=1 rs=1 cs=1]
                LayoutText {#text} at (2,2) size 27x18
                  text run at (2,2) width 27: "C32"
              LayoutTableCell {TD} at (68,50) size 67x22 [border: (1px inset #808080)] [r=2 c=2 rs=1 cs=1]
                LayoutText {#text} at (2,2) size 27x18
                  text run at (2,2) width 27: "C33"
      LayoutBlockFlow {P} at (0,1654.44) size 769x234
        LayoutBlockFlow (anonymous) at (0,0) size 769x18
          LayoutText {#text} at (0,0) size 761x18
            text run at (0,0) width 761: "The following table will have its 2nd row and 2nd col collapsed. A window resize may be necessary to see it properly. "
          LayoutBR {BR} at (760,14) size 1x0
        LayoutTable {TABLE} at (0,18) size 187x108 [bgcolor=#FFA500] [border: (1px outset #808080)]
          LayoutBlockFlow {CAPTION} at (0,0) size 187x18
            LayoutInline {B} at (0,0) size 45x18
              LayoutText {#text} at (71,0) size 45x18
                text run at (71,0) width 45: "before"
          LayoutTableCol {COLGROUP} at (0,0) size 0x0
            LayoutTableCol {COL} at (0,0) size 0x0
            LayoutTableCol {COL} at (0,0) size 0x0
            LayoutTableCol {COL} at (0,0) size 0x0
            LayoutTableCol {COL} at (0,0) size 0x0
          LayoutTableSection {TBODY} at (1,19) size 185x88
            LayoutTableRow {TR} at (0,0) size 185x22
              LayoutTableCell {TD} at (0,0) size 31x22 [border: (1px inset #808080)] [r=0 c=0 rs=1 cs=1]
                LayoutText {#text} at (2,2) size 27x18
                  text run at (2,2) width 27: "C11"
              LayoutTableCell {TD} at (31,0) size 61x22 [border: (1px inset #808080)] [r=0 c=1 rs=1 cs=1]
                LayoutText {#text} at (2,2) size 27x18
                  text run at (2,2) width 27: "C12"
              LayoutTableCell {TD} at (92,0) size 62x22 [border: (1px inset #808080)] [r=0 c=2 rs=1 cs=1]
                LayoutText {#text} at (2,2) size 27x18
                  text run at (2,2) width 27: "C13"
              LayoutTableCell {TD} at (154,0) size 31x22 [border: (1px inset #808080)] [r=0 c=3 rs=1 cs=1]
                LayoutText {#text} at (2,2) size 27x18
                  text run at (2,2) width 27: "C14"
            LayoutTableRow {TR} at (0,22) size 185x22
              LayoutTableCell {TD} at (0,22) size 31x22 [border: (1px inset #808080)] [r=1 c=0 rs=1 cs=1]
                LayoutText {#text} at (2,2) size 27x18
                  text run at (2,2) width 27: "C21"
              LayoutTableCell {TD} at (31,33) size 123x22 [border: (1px inset #808080)] [r=1 c=1 rs=2 cs=2]
                LayoutText {#text} at (2,2) size 119x18
                  text run at (2,2) width 119: "C12 C13 C22 C23"
              LayoutTableCell {TD} at (154,22) size 31x22 [border: (1px inset #808080)] [r=1 c=3 rs=1 cs=1]
                LayoutText {#text} at (2,2) size 27x18
                  text run at (2,2) width 27: "C14"
            LayoutTableRow {TR} at (0,44) size 185x22
              LayoutTableCell {TD} at (0,44) size 31x22 [border: (1px inset #808080)] [r=2 c=0 rs=1 cs=1]
                LayoutText {#text} at (2,2) size 27x18
                  text run at (2,2) width 27: "C31"
              LayoutTableCell {TD} at (154,44) size 31x22 [border: (1px inset #808080)] [r=2 c=3 rs=1 cs=1]
                LayoutText {#text} at (2,2) size 27x18
                  text run at (2,2) width 27: "C34"
            LayoutTableRow {TR} at (0,66) size 185x22
              LayoutTableCell {TD} at (0,66) size 31x22 [border: (1px inset #808080)] [r=3 c=0 rs=1 cs=1]
                LayoutText {#text} at (2,2) size 27x18
                  text run at (2,2) width 27: "C41"
              LayoutTableCell {TD} at (31,66) size 61x22 [border: (1px inset #808080)] [r=3 c=1 rs=1 cs=1]
                LayoutText {#text} at (2,2) size 27x18
                  text run at (2,2) width 27: "C42"
              LayoutTableCell {TD} at (92,66) size 62x22 [border: (1px inset #808080)] [r=3 c=2 rs=1 cs=1]
                LayoutText {#text} at (2,2) size 27x18
                  text run at (2,2) width 27: "C43"
              LayoutTableCell {TD} at (154,66) size 31x22 [border: (1px inset #808080)] [r=3 c=3 rs=1 cs=1]
                LayoutText {#text} at (2,2) size 27x18
                  text run at (2,2) width 27: "C44"
        LayoutTable {TABLE} at (0,126) size 187x108 [bgcolor=#FFA500] [border: (1px outset #808080)]
          LayoutBlockFlow {CAPTION} at (0,0) size 187x18
            LayoutInline {B} at (0,0) size 33x18
              LayoutText {#text} at (77,0) size 33x18
                text run at (77,0) width 33: "after"
          LayoutTableCol {COLGROUP} at (0,0) size 0x0
            LayoutTableCol {COL} at (0,0) size 0x0
            LayoutTableCol {COL} at (0,0) size 0x0
            LayoutTableCol {COL} at (0,0) size 0x0
            LayoutTableCol {COL} at (0,0) size 0x0
          LayoutTableSection {TBODY} at (1,19) size 185x88
            LayoutTableRow {TR} at (0,0) size 185x22
              LayoutTableCell {TD} at (0,0) size 31x22 [border: (1px inset #808080)] [r=0 c=0 rs=1 cs=1]
                LayoutText {#text} at (2,2) size 27x18
                  text run at (2,2) width 27: "C11"
              LayoutTableCell {TD} at (31,0) size 61x22 [border: (1px inset #808080)] [r=0 c=1 rs=1 cs=1]
                LayoutText {#text} at (2,2) size 27x18
                  text run at (2,2) width 27: "C12"
              LayoutTableCell {TD} at (92,0) size 62x22 [border: (1px inset #808080)] [r=0 c=2 rs=1 cs=1]
                LayoutText {#text} at (2,2) size 27x18
                  text run at (2,2) width 27: "C13"
              LayoutTableCell {TD} at (154,0) size 31x22 [border: (1px inset #808080)] [r=0 c=3 rs=1 cs=1]
                LayoutText {#text} at (2,2) size 27x18
                  text run at (2,2) width 27: "C14"
            LayoutTableRow {TR} at (0,22) size 185x22
              LayoutTableCell {TD} at (0,22) size 31x22 [border: (1px inset #808080)] [r=1 c=0 rs=1 cs=1]
                LayoutText {#text} at (2,2) size 27x18
                  text run at (2,2) width 27: "C21"
              LayoutTableCell {TD} at (31,33) size 123x22 [border: (1px inset #808080)] [r=1 c=1 rs=2 cs=2]
                LayoutText {#text} at (2,2) size 119x18
                  text run at (2,2) width 119: "C12 C13 C22 C23"
              LayoutTableCell {TD} at (154,22) size 31x22 [border: (1px inset #808080)] [r=1 c=3 rs=1 cs=1]
                LayoutText {#text} at (2,2) size 27x18
                  text run at (2,2) width 27: "C14"
            LayoutTableRow {TR} at (0,44) size 185x22
              LayoutTableCell {TD} at (0,44) size 31x22 [border: (1px inset #808080)] [r=2 c=0 rs=1 cs=1]
                LayoutText {#text} at (2,2) size 27x18
                  text run at (2,2) width 27: "C31"
              LayoutTableCell {TD} at (154,44) size 31x22 [border: (1px inset #808080)] [r=2 c=3 rs=1 cs=1]
                LayoutText {#text} at (2,2) size 27x18
                  text run at (2,2) width 27: "C34"
            LayoutTableRow {TR} at (0,66) size 185x22
              LayoutTableCell {TD} at (0,66) size 31x22 [border: (1px inset #808080)] [r=3 c=0 rs=1 cs=1]
                LayoutText {#text} at (2,2) size 27x18
                  text run at (2,2) width 27: "C41"
              LayoutTableCell {TD} at (31,66) size 61x22 [border: (1px inset #808080)] [r=3 c=1 rs=1 cs=1]
                LayoutText {#text} at (2,2) size 27x18
                  text run at (2,2) width 27: "C42"
              LayoutTableCell {TD} at (92,66) size 62x22 [border: (1px inset #808080)] [r=3 c=2 rs=1 cs=1]
                LayoutText {#text} at (2,2) size 27x18
                  text run at (2,2) width 27: "C43"
              LayoutTableCell {TD} at (154,66) size 31x22 [border: (1px inset #808080)] [r=3 c=3 rs=1 cs=1]
                LayoutText {#text} at (2,2) size 27x18
                  text run at (2,2) width 27: "C44"
      LayoutBlockFlow {P} at (0,1904.44) size 769x270
        LayoutBlockFlow (anonymous) at (0,0) size 769x18
          LayoutText {#text} at (0,0) size 467x18
            text run at (0,0) width 467: "The following table will have its 1st row group collapsed (rows 1 and 2) "
          LayoutBR {BR} at (466,14) size 1x0
        LayoutTable {TABLE} at (0,18) size 126x108 [bgcolor=#FFA500] [border: (1px outset #808080)]
          LayoutBlockFlow {CAPTION} at (0,0) size 126x18
            LayoutInline {B} at (0,0) size 44x18
              LayoutText {#text} at (41,0) size 44x18
                text run at (41,0) width 44: "before"
          LayoutTableSection {TBODY} at (1,19) size 124x44 [bgcolor=#FF0000]
            LayoutTableRow {TR} at (0,0) size 124x22
              LayoutTableCell {TD} at (0,0) size 31x22 [border: (1px inset #808080)] [r=0 c=0 rs=1 cs=1]
                LayoutText {#text} at (2,2) size 27x18
                  text run at (2,2) width 27: "C11"
              LayoutTableCell {TD} at (31,0) size 31x22 [border: (1px inset #808080)] [r=0 c=1 rs=1 cs=1]
                LayoutText {#text} at (2,2) size 27x18
                  text run at (2,2) width 27: "C12"
              LayoutTableCell {TD} at (62,0) size 31x22 [border: (1px inset #808080)] [r=0 c=2 rs=1 cs=1]
                LayoutText {#text} at (2,2) size 27x18
                  text run at (2,2) width 27: "C13"
              LayoutTableCell {TD} at (93,0) size 31x22 [border: (1px inset #808080)] [r=0 c=3 rs=1 cs=1]
                LayoutText {#text} at (2,2) size 27x18
                  text run at (2,2) width 27: "C14"
            LayoutTableRow {TR} at (0,22) size 124x22
              LayoutTableCell {TD} at (0,22) size 31x22 [border: (1px inset #808080)] [r=1 c=0 rs=1 cs=1]
                LayoutText {#text} at (2,2) size 27x18
                  text run at (2,2) width 27: "C21"
              LayoutTableCell {TD} at (31,22) size 31x22 [border: (1px inset #808080)] [r=1 c=1 rs=1 cs=1]
                LayoutText {#text} at (2,2) size 27x18
                  text run at (2,2) width 27: "C22"
              LayoutTableCell {TD} at (62,22) size 31x22 [border: (1px inset #808080)] [r=1 c=2 rs=1 cs=1]
                LayoutText {#text} at (2,2) size 27x18
                  text run at (2,2) width 27: "C23"
              LayoutTableCell {TD} at (93,22) size 31x22 [border: (1px inset #808080)] [r=1 c=3 rs=1 cs=1]
                LayoutText {#text} at (2,2) size 27x18
                  text run at (2,2) width 27: "C24"
          LayoutTableSection {TBODY} at (1,63) size 124x44
            LayoutTableRow {TR} at (0,0) size 124x22
              LayoutTableCell {TD} at (0,0) size 31x22 [border: (1px inset #808080)] [r=0 c=0 rs=1 cs=1]
                LayoutText {#text} at (2,2) size 27x18
                  text run at (2,2) width 27: "C31"
              LayoutTableCell {TD} at (31,0) size 31x22 [border: (1px inset #808080)] [r=0 c=1 rs=1 cs=1]
                LayoutText {#text} at (2,2) size 27x18
                  text run at (2,2) width 27: "C32"
              LayoutTableCell {TD} at (62,0) size 31x22 [border: (1px inset #808080)] [r=0 c=2 rs=1 cs=1]
                LayoutText {#text} at (2,2) size 27x18
                  text run at (2,2) width 27: "C33"
              LayoutTableCell {TD} at (93,0) size 31x22 [border: (1px inset #808080)] [r=0 c=3 rs=1 cs=1]
                LayoutText {#text} at (2,2) size 27x18
                  text run at (2,2) width 27: "C34"
            LayoutTableRow {TR} at (0,22) size 124x22
              LayoutTableCell {TD} at (0,22) size 31x22 [border: (1px inset #808080)] [r=1 c=0 rs=1 cs=1]
                LayoutText {#text} at (2,2) size 27x18
                  text run at (2,2) width 27: "C41"
              LayoutTableCell {TD} at (31,22) size 31x22 [border: (1px inset #808080)] [r=1 c=1 rs=1 cs=1]
                LayoutText {#text} at (2,2) size 27x18
                  text run at (2,2) width 27: "C42"
              LayoutTableCell {TD} at (62,22) size 31x22 [border: (1px inset #808080)] [r=1 c=2 rs=1 cs=1]
                LayoutText {#text} at (2,2) size 27x18
                  text run at (2,2) width 27: "C43"
              LayoutTableCell {TD} at (93,22) size 31x22 [border: (1px inset #808080)] [r=1 c=3 rs=1 cs=1]
                LayoutText {#text} at (2,2) size 27x18
                  text run at (2,2) width 27: "C44"
        LayoutBlockFlow (anonymous) at (0,126) size 769x18
          LayoutBR {BR} at (0,0) size 0x18
        LayoutTable {TABLE} at (0,144) size 126x108 [bgcolor=#FFA500] [border: (1px outset #808080)]
          LayoutBlockFlow {CAPTION} at (0,0) size 126x18
            LayoutInline {B} at (0,0) size 34x18
              LayoutText {#text} at (46,0) size 34x18
                text run at (46,0) width 34: "after"
          LayoutTableSection {TBODY} at (1,19) size 124x44
            LayoutTableRow {TR} at (0,0) size 124x22
              LayoutTableCell {TD} at (0,0) size 31x22 [border: (1px inset #808080)] [r=0 c=0 rs=1 cs=1]
                LayoutText {#text} at (2,2) size 27x18
                  text run at (2,2) width 27: "C11"
              LayoutTableCell {TD} at (31,0) size 31x22 [border: (1px inset #808080)] [r=0 c=1 rs=1 cs=1]
                LayoutText {#text} at (2,2) size 27x18
                  text run at (2,2) width 27: "C12"
              LayoutTableCell {TD} at (62,0) size 31x22 [border: (1px inset #808080)] [r=0 c=2 rs=1 cs=1]
                LayoutText {#text} at (2,2) size 27x18
                  text run at (2,2) width 27: "C13"
              LayoutTableCell {TD} at (93,0) size 31x22 [border: (1px inset #808080)] [r=0 c=3 rs=1 cs=1]
                LayoutText {#text} at (2,2) size 27x18
                  text run at (2,2) width 27: "C14"
            LayoutTableRow {TR} at (0,22) size 124x22
              LayoutTableCell {TD} at (0,22) size 31x22 [border: (1px inset #808080)] [r=1 c=0 rs=1 cs=1]
                LayoutText {#text} at (2,2) size 27x18
                  text run at (2,2) width 27: "C21"
              LayoutTableCell {TD} at (31,22) size 31x22 [border: (1px inset #808080)] [r=1 c=1 rs=1 cs=1]
                LayoutText {#text} at (2,2) size 27x18
                  text run at (2,2) width 27: "C22"
              LayoutTableCell {TD} at (62,22) size 31x22 [border: (1px inset #808080)] [r=1 c=2 rs=1 cs=1]
                LayoutText {#text} at (2,2) size 27x18
                  text run at (2,2) width 27: "C23"
              LayoutTableCell {TD} at (93,22) size 31x22 [border: (1px inset #808080)] [r=1 c=3 rs=1 cs=1]
                LayoutText {#text} at (2,2) size 27x18
                  text run at (2,2) width 27: "C24"
          LayoutTableSection {TBODY} at (1,63) size 124x44
            LayoutTableRow {TR} at (0,0) size 124x22
              LayoutTableCell {TD} at (0,0) size 31x22 [border: (1px inset #808080)] [r=0 c=0 rs=1 cs=1]
                LayoutText {#text} at (2,2) size 27x18
                  text run at (2,2) width 27: "C31"
              LayoutTableCell {TD} at (31,0) size 31x22 [border: (1px inset #808080)] [r=0 c=1 rs=1 cs=1]
                LayoutText {#text} at (2,2) size 27x18
                  text run at (2,2) width 27: "C32"
              LayoutTableCell {TD} at (62,0) size 31x22 [border: (1px inset #808080)] [r=0 c=2 rs=1 cs=1]
                LayoutText {#text} at (2,2) size 27x18
                  text run at (2,2) width 27: "C33"
              LayoutTableCell {TD} at (93,0) size 31x22 [border: (1px inset #808080)] [r=0 c=3 rs=1 cs=1]
                LayoutText {#text} at (2,2) size 27x18
                  text run at (2,2) width 27: "C34"
            LayoutTableRow {TR} at (0,22) size 124x22
              LayoutTableCell {TD} at (0,22) size 31x22 [border: (1px inset #808080)] [r=1 c=0 rs=1 cs=1]
                LayoutText {#text} at (2,2) size 27x18
                  text run at (2,2) width 27: "C41"
              LayoutTableCell {TD} at (31,22) size 31x22 [border: (1px inset #808080)] [r=1 c=1 rs=1 cs=1]
                LayoutText {#text} at (2,2) size 27x18
                  text run at (2,2) width 27: "C42"
              LayoutTableCell {TD} at (62,22) size 31x22 [border: (1px inset #808080)] [r=1 c=2 rs=1 cs=1]
                LayoutText {#text} at (2,2) size 27x18
                  text run at (2,2) width 27: "C43"
              LayoutTableCell {TD} at (93,22) size 31x22 [border: (1px inset #808080)] [r=1 c=3 rs=1 cs=1]
                LayoutText {#text} at (2,2) size 27x18
                  text run at (2,2) width 27: "C44"
        LayoutBlockFlow (anonymous) at (0,252) size 769x18
          LayoutBR {BR} at (0,0) size 0x18
      LayoutBlockFlow {P} at (0,2190.44) size 769x252
        LayoutBlockFlow (anonymous) at (0,0) size 769x36
          LayoutText {#text} at (0,0) size 747x36
            text run at (0,0) width 571: "The following table is similar to a previous table except that the direction is right-to-left. "
            text run at (570,0) width 177: "It will have its 2nd row and"
            text run at (0,18) width 465: "2nd col collapsed. A window resize may be necessary to see it properly. "
          LayoutBR {BR} at (464,32) size 1x0
        LayoutTable {TABLE} at (0,36) size 187x108 [bgcolor=#FFA500] [border: (1px outset #808080)]
          LayoutBlockFlow {CAPTION} at (0,0) size 187x18
            LayoutInline {B} at (0,0) size 45x18
              LayoutText {#text} at (71,0) size 45x18
                text run at (71,0) width 45: "before"
          LayoutTableCol {COLGROUP} at (0,0) size 0x0
            LayoutTableCol {COL} at (0,0) size 0x0
            LayoutTableCol {COL} at (0,0) size 0x0
            LayoutTableCol {COL} at (0,0) size 0x0
            LayoutTableCol {COL} at (0,0) size 0x0
          LayoutTableSection {TBODY} at (1,19) size 185x88
            LayoutTableRow {TR} at (0,0) size 185x22
              LayoutTableCell {TD} at (154,0) size 31x22 [border: (1px inset #808080)] [r=0 c=0 rs=1 cs=1]
                LayoutText {#text} at (2,2) size 27x18
                  text run at (2,2) width 27: "C11"
              LayoutTableCell {TD} at (93,0) size 61x22 [border: (1px inset #808080)] [r=0 c=1 rs=1 cs=1]
                LayoutText {#text} at (32,2) size 27x18
                  text run at (32,2) width 27: "C12"
              LayoutTableCell {TD} at (31,0) size 62x22 [border: (1px inset #808080)] [r=0 c=2 rs=1 cs=1]
                LayoutText {#text} at (33,2) size 27x18
                  text run at (33,2) width 27: "C13"
              LayoutTableCell {TD} at (0,0) size 31x22 [border: (1px inset #808080)] [r=0 c=3 rs=1 cs=1]
                LayoutText {#text} at (2,2) size 27x18
                  text run at (2,2) width 27: "C14"
            LayoutTableRow {TR} at (0,22) size 185x22
              LayoutTableCell {TD} at (154,22) size 31x22 [border: (1px inset #808080)] [r=1 c=0 rs=1 cs=1]
                LayoutText {#text} at (2,2) size 27x18
                  text run at (2,2) width 27: "C21"
              LayoutTableCell {TD} at (31,33) size 123x22 [border: (1px inset #808080)] [r=1 c=1 rs=2 cs=2]
                LayoutText {#text} at (2,2) size 119x18
                  text run at (2,2) width 119: "C12 C13 C22 C23"
              LayoutTableCell {TD} at (0,22) size 31x22 [border: (1px inset #808080)] [r=1 c=3 rs=1 cs=1]
                LayoutText {#text} at (2,2) size 27x18
                  text run at (2,2) width 27: "C14"
            LayoutTableRow {TR} at (0,44) size 185x22
              LayoutTableCell {TD} at (154,44) size 31x22 [border: (1px inset #808080)] [r=2 c=0 rs=1 cs=1]
                LayoutText {#text} at (2,2) size 27x18
                  text run at (2,2) width 27: "C31"
              LayoutTableCell {TD} at (0,44) size 31x22 [border: (1px inset #808080)] [r=2 c=3 rs=1 cs=1]
                LayoutText {#text} at (2,2) size 27x18
                  text run at (2,2) width 27: "C34"
            LayoutTableRow {TR} at (0,66) size 185x22
              LayoutTableCell {TD} at (154,66) size 31x22 [border: (1px inset #808080)] [r=3 c=0 rs=1 cs=1]
                LayoutText {#text} at (2,2) size 27x18
                  text run at (2,2) width 27: "C41"
              LayoutTableCell {TD} at (93,66) size 61x22 [border: (1px inset #808080)] [r=3 c=1 rs=1 cs=1]
                LayoutText {#text} at (32,2) size 27x18
                  text run at (32,2) width 27: "C42"
              LayoutTableCell {TD} at (31,66) size 62x22 [border: (1px inset #808080)] [r=3 c=2 rs=1 cs=1]
                LayoutText {#text} at (33,2) size 27x18
                  text run at (33,2) width 27: "C43"
              LayoutTableCell {TD} at (0,66) size 31x22 [border: (1px inset #808080)] [r=3 c=3 rs=1 cs=1]
                LayoutText {#text} at (2,2) size 27x18
                  text run at (2,2) width 27: "C44"
        LayoutTable {TABLE} at (0,144) size 187x108 [bgcolor=#FFA500] [border: (1px outset #808080)]
          LayoutBlockFlow {CAPTION} at (0,0) size 187x18
            LayoutInline {B} at (0,0) size 33x18
              LayoutText {#text} at (77,0) size 33x18
                text run at (77,0) width 33: "after"
          LayoutTableCol {COLGROUP} at (0,0) size 0x0
            LayoutTableCol {COL} at (0,0) size 0x0
            LayoutTableCol {COL} at (0,0) size 0x0
            LayoutTableCol {COL} at (0,0) size 0x0
            LayoutTableCol {COL} at (0,0) size 0x0
          LayoutTableSection {TBODY} at (1,19) size 185x88
            LayoutTableRow {TR} at (0,0) size 185x22
              LayoutTableCell {TD} at (154,0) size 31x22 [border: (1px inset #808080)] [r=0 c=0 rs=1 cs=1]
                LayoutText {#text} at (2,2) size 27x18
                  text run at (2,2) width 27: "C11"
              LayoutTableCell {TD} at (93,0) size 61x22 [border: (1px inset #808080)] [r=0 c=1 rs=1 cs=1]
                LayoutText {#text} at (32,2) size 27x18
                  text run at (32,2) width 27: "C12"
              LayoutTableCell {TD} at (31,0) size 62x22 [border: (1px inset #808080)] [r=0 c=2 rs=1 cs=1]
                LayoutText {#text} at (33,2) size 27x18
                  text run at (33,2) width 27: "C13"
              LayoutTableCell {TD} at (0,0) size 31x22 [border: (1px inset #808080)] [r=0 c=3 rs=1 cs=1]
                LayoutText {#text} at (2,2) size 27x18
                  text run at (2,2) width 27: "C14"
            LayoutTableRow {TR} at (0,22) size 185x22
              LayoutTableCell {TD} at (154,22) size 31x22 [border: (1px inset #808080)] [r=1 c=0 rs=1 cs=1]
                LayoutText {#text} at (2,2) size 27x18
                  text run at (2,2) width 27: "C21"
              LayoutTableCell {TD} at (31,33) size 123x22 [border: (1px inset #808080)] [r=1 c=1 rs=2 cs=2]
                LayoutText {#text} at (2,2) size 119x18
                  text run at (2,2) width 119: "C12 C13 C22 C23"
              LayoutTableCell {TD} at (0,22) size 31x22 [border: (1px inset #808080)] [r=1 c=3 rs=1 cs=1]
                LayoutText {#text} at (2,2) size 27x18
                  text run at (2,2) width 27: "C14"
            LayoutTableRow {TR} at (0,44) size 185x22
              LayoutTableCell {TD} at (154,44) size 31x22 [border: (1px inset #808080)] [r=2 c=0 rs=1 cs=1]
                LayoutText {#text} at (2,2) size 27x18
                  text run at (2,2) width 27: "C31"
              LayoutTableCell {TD} at (0,44) size 31x22 [border: (1px inset #808080)] [r=2 c=3 rs=1 cs=1]
                LayoutText {#text} at (2,2) size 27x18
                  text run at (2,2) width 27: "C34"
            LayoutTableRow {TR} at (0,66) size 185x22
              LayoutTableCell {TD} at (154,66) size 31x22 [border: (1px inset #808080)] [r=3 c=0 rs=1 cs=1]
                LayoutText {#text} at (2,2) size 27x18
                  text run at (2,2) width 27: "C41"
              LayoutTableCell {TD} at (93,66) size 61x22 [border: (1px inset #808080)] [r=3 c=1 rs=1 cs=1]
                LayoutText {#text} at (32,2) size 27x18
                  text run at (32,2) width 27: "C42"
              LayoutTableCell {TD} at (31,66) size 62x22 [border: (1px inset #808080)] [r=3 c=2 rs=1 cs=1]
                LayoutText {#text} at (33,2) size 27x18
                  text run at (33,2) width 27: "C43"
              LayoutTableCell {TD} at (0,66) size 31x22 [border: (1px inset #808080)] [r=3 c=3 rs=1 cs=1]
                LayoutText {#text} at (2,2) size 27x18
                  text run at (2,2) width 27: "C44"
