layer at (0,0) size 800x600
  LayoutView at (0,0) size 800x600
layer at (0,0) size 800x600
  LayoutBlockFlow {HTML} at (0,0) size 800x600
    LayoutBlockFlow {BODY} at (8,8) size 784x584
      LayoutBlockFlow (anonymous) at (0,0) size 784x20
        LayoutText {#text} at (0,0) size 419x19
          text run at (0,0) width 419: "Pixel test for complex text rendering with opacity (Chromium bug "
        LayoutInline {A} at (0,0) size 32x19 [color=#0000EE]
          LayoutText {#text} at (419,0) size 32x19
            text run at (419,0) width 32: "8768"
        LayoutText {#text} at (451,0) size 9x19
          text run at (451,0) width 9: ")."
      LayoutBlockFlow {P} at (0,36) size 784x0
      LayoutBlockFlow {DIV} at (0,36) size 784x46
        LayoutInline {SPAN} at (0,0) size 45x29
          LayoutText {#text} at (0,7) size 45x29
            text run at (0,7) width 45: "\x{916}\x{94B}\x{91C}\x{947}\x{902}"
        LayoutText {#text} at (45,7) size 6x29
          text run at (45,7) width 6: " "
        LayoutText {#text} at (96,7) size 6x29
          text run at (96,7) width 6: " "
        LayoutText {#text} at (147,7) size 6x29
          text run at (147,7) width 6: " "
        LayoutText {#text} at (198,7) size 6x29
          text run at (198,7) width 6: " "
        LayoutText {#text} at (249,7) size 6x29
          text run at (249,7) width 6: " "
        LayoutText {#text} at (300,7) size 6x29
          text run at (300,7) width 6: " "
        LayoutText {#text} at (351,7) size 6x29
          text run at (351,7) width 6: " "
        LayoutText {#text} at (402,7) size 6x29
          text run at (402,7) width 6: " "
        LayoutText {#text} at (453,7) size 6x29
          text run at (453,7) width 6: " "
        LayoutText {#text} at (504,7) size 6x29
          text run at (504,7) width 6: " "
        LayoutText {#text} at (0,0) size 0x0
      LayoutBlockFlow {DIV} at (0,82) size 784x30
        LayoutInline {SPAN} at (0,0) size 53x29
          LayoutText {#text} at (590,0) size 53x29
            text run at (590,0) width 53 RTL: "\x{64A}\x{624}\x{644}\x{645}\x{646}\x{64A}"
        LayoutText {#text} at (584,0) size 6x29
          text run at (584,0) width 6 RTL: " "
        LayoutText {#text} at (525,0) size 6x29
          text run at (525,0) width 6 RTL: " "
        LayoutText {#text} at (466,0) size 6x29
          text run at (466,0) width 6 RTL: " "
        LayoutText {#text} at (407,0) size 6x29
          text run at (407,0) width 6 RTL: " "
        LayoutText {#text} at (348,0) size 6x29
          text run at (348,0) width 6 RTL: " "
        LayoutText {#text} at (289,0) size 6x29
          text run at (289,0) width 6 RTL: " "
        LayoutText {#text} at (230,0) size 6x29
          text run at (230,0) width 6 RTL: " "
        LayoutText {#text} at (171,0) size 6x29
          text run at (171,0) width 6 RTL: " "
        LayoutText {#text} at (112,0) size 6x29
          text run at (112,0) width 6 RTL: " "
        LayoutText {#text} at (53,0) size 6x29
          text run at (53,0) width 6 RTL: " "
        LayoutText {#text} at (0,0) size 0x0
layer at (8,44) size 45x29 transparent
  LayoutInline {SPAN} at (0,0) size 45x29
    LayoutText {#text} at (51,7) size 45x29
      text run at (51,7) width 45: "\x{916}\x{94B}\x{91C}\x{947}\x{902}"
layer at (8,44) size 45x29 transparent
  LayoutInline {SPAN} at (0,0) size 45x29
    LayoutText {#text} at (102,7) size 45x29
      text run at (102,7) width 45: "\x{916}\x{94B}\x{91C}\x{947}\x{902}"
layer at (8,44) size 45x29 transparent
  LayoutInline {SPAN} at (0,0) size 45x29
    LayoutText {#text} at (153,7) size 45x29
      text run at (153,7) width 45: "\x{916}\x{94B}\x{91C}\x{947}\x{902}"
layer at (8,44) size 45x29 transparent
  LayoutInline {SPAN} at (0,0) size 45x29
    LayoutText {#text} at (204,7) size 45x29
      text run at (204,7) width 45: "\x{916}\x{94B}\x{91C}\x{947}\x{902}"
layer at (8,44) size 45x29 transparent
  LayoutInline {SPAN} at (0,0) size 45x29
    LayoutText {#text} at (255,7) size 45x29
      text run at (255,7) width 45: "\x{916}\x{94B}\x{91C}\x{947}\x{902}"
layer at (8,44) size 45x29 transparent
  LayoutInline {SPAN} at (0,0) size 45x29
    LayoutText {#text} at (306,7) size 45x29
      text run at (306,7) width 45: "\x{916}\x{94B}\x{91C}\x{947}\x{902}"
layer at (8,44) size 45x29 transparent
  LayoutInline {SPAN} at (0,0) size 45x29
    LayoutText {#text} at (357,7) size 45x29
      text run at (357,7) width 45: "\x{916}\x{94B}\x{91C}\x{947}\x{902}"
layer at (8,44) size 45x29 transparent
  LayoutInline {SPAN} at (0,0) size 45x29
    LayoutText {#text} at (408,7) size 45x29
      text run at (408,7) width 45: "\x{916}\x{94B}\x{91C}\x{947}\x{902}"
layer at (8,44) size 45x29 transparent
  LayoutInline {SPAN} at (0,0) size 45x29
    LayoutText {#text} at (459,7) size 45x29
      text run at (459,7) width 45: "\x{916}\x{94B}\x{91C}\x{947}\x{902}"
layer at (8,44) size 45x29 transparent
  LayoutInline {SPAN} at (0,0) size 45x29
    LayoutText {#text} at (510,7) size 45x29
      text run at (510,7) width 45: "\x{916}\x{94B}\x{91C}\x{947}\x{902}"
layer at (8,90) size 53x29 transparent
  LayoutInline {SPAN} at (0,0) size 53x29
    LayoutText {#text} at (531,0) size 53x29
      text run at (531,0) width 53 RTL: "\x{64A}\x{624}\x{644}\x{645}\x{646}\x{64A}"
layer at (8,90) size 53x29 transparent
  LayoutInline {SPAN} at (0,0) size 53x29
    LayoutText {#text} at (472,0) size 53x29
      text run at (472,0) width 53 RTL: "\x{64A}\x{624}\x{644}\x{645}\x{646}\x{64A}"
layer at (8,90) size 53x29 transparent
  LayoutInline {SPAN} at (0,0) size 53x29
    LayoutText {#text} at (413,0) size 53x29
      text run at (413,0) width 53 RTL: "\x{64A}\x{624}\x{644}\x{645}\x{646}\x{64A}"
layer at (8,90) size 53x29 transparent
  LayoutInline {SPAN} at (0,0) size 53x29
    LayoutText {#text} at (354,0) size 53x29
      text run at (354,0) width 53 RTL: "\x{64A}\x{624}\x{644}\x{645}\x{646}\x{64A}"
layer at (8,90) size 53x29 transparent
  LayoutInline {SPAN} at (0,0) size 53x29
    LayoutText {#text} at (295,0) size 53x29
      text run at (295,0) width 53 RTL: "\x{64A}\x{624}\x{644}\x{645}\x{646}\x{64A}"
layer at (8,90) size 53x29 transparent
  LayoutInline {SPAN} at (0,0) size 53x29
    LayoutText {#text} at (236,0) size 53x29
      text run at (236,0) width 53 RTL: "\x{64A}\x{624}\x{644}\x{645}\x{646}\x{64A}"
layer at (8,90) size 53x29 transparent
  LayoutInline {SPAN} at (0,0) size 53x29
    LayoutText {#text} at (177,0) size 53x29
      text run at (177,0) width 53 RTL: "\x{64A}\x{624}\x{644}\x{645}\x{646}\x{64A}"
layer at (8,90) size 53x29 transparent
  LayoutInline {SPAN} at (0,0) size 53x29
    LayoutText {#text} at (118,0) size 53x29
      text run at (118,0) width 53 RTL: "\x{64A}\x{624}\x{644}\x{645}\x{646}\x{64A}"
layer at (8,90) size 53x29 transparent
  LayoutInline {SPAN} at (0,0) size 53x29
    LayoutText {#text} at (59,0) size 53x29
      text run at (59,0) width 53 RTL: "\x{64A}\x{624}\x{644}\x{645}\x{646}\x{64A}"
layer at (8,90) size 53x29 transparent
  LayoutInline {SPAN} at (0,0) size 53x29
    LayoutText {#text} at (0,0) size 53x29
      text run at (0,0) width 53 RTL: "\x{64A}\x{624}\x{644}\x{645}\x{646}\x{64A}"
