EDITING DELEGATE: webViewDidChangeSelection:WebViewDidChangeSelectionNotification
EDITING DELEGATE: webViewDidChangeSelection:WebViewDidChangeSelectionNotification
EDITING DELEGATE: webViewDidChangeSelection:WebViewDidChangeSelectionNotification
EDITING DELEGATE: webViewDidChangeSelection:WebViewDidChangeSelectionNotification
EDITING DELEGATE: webViewDidChangeSelection:WebViewDidChangeSelectionNotification
EDITING DELEGATE: webViewDidChangeSelection:WebViewDidChangeSelectionNotification
EDITING DELEGATE: webViewDidChange:WebViewDidChangeNotification
layer at (0,0) size 800x600
  LayoutView at (0,0) size 800x600
layer at (0,0) size 800x600
  LayoutNGBlockFlow {HTML} at (0,0) size 800x600
    LayoutNGBlockFlow {BODY} at (8,8) size 784x584
      LayoutNGBlockFlow {DIV} at (0,0) size 784x114
        LayoutNGBlockFlow {DIV} at (0,0) size 784x27
          LayoutText {#text} at (0,0) size 277x26
            text run at (0,0) width 277: "Splitting Mail blockquotes."
        LayoutNGBlockFlow {DIV} at (0,27) size 784x87
          LayoutText {#text} at (0,0) size 183x26
            text run at (0,0) width 183: "Expected Results:"
          LayoutBR {BR} at (183,0) size 0x0
          LayoutText {#text} at (0,27) size 370x19
            text run at (0,27) width 370: "Two blockquotes, with an unquoted blank line in between."
          LayoutBR {BR} at (370,27) size 0x0
          LayoutText {#text} at (0,47) size 403x19
            text run at (0,47) width 403: "The first blockquote contains two lines, the second one is blank."
          LayoutBR {BR} at (403,47) size 0x0
          LayoutText {#text} at (0,67) size 336x19
            text run at (0,67) width 336: "The second blockquote contains two non-blank lines."
      LayoutBlockFlow {DIV} at (0,114) size 784x252 [border: (2px solid #FF0000)]
        LayoutNGBlockFlow (anonymous) at (14,14) size 741x28
          LayoutText {#text} at (0,0) size 120x27
            text run at (0,0) width 120: "My citation:"
        LayoutBlockFlow {DIV} at (14,42) size 756x196
          LayoutBlockFlow {BLOCKQUOTE} at (40,24) size 676x60 [border: (2px solid #0000FF)]
            LayoutBlockFlow {DIV} at (2,2) size 672x28
              LayoutText {#text} at (0,0) size 35x27
                text run at (0,0) width 35: "one"
            LayoutBlockFlow {DIV} at (2,30) size 672x28
              LayoutBlockFlow {DIV} at (0,0) size 672x28
                LayoutBlockFlow {DIV} at (0,0) size 672x28
                  LayoutBR {BR} at (0,0) size 0x27
          LayoutNGBlockFlow (anonymous) at (0,84) size 756x28
            LayoutBR {BR} at (0,0) size 0x27
          LayoutBlockFlow {BLOCKQUOTE} at (40,136) size 676x60 [border: (2px solid #0000FF)]
            LayoutBlockFlow {DIV} at (2,2) size 672x28
              LayoutBlockFlow {DIV} at (0,0) size 672x28
                LayoutText {#text} at (0,0) size 137x27
                  text run at (0,0) width 137: "one and a half"
            LayoutBlockFlow {DIV} at (2,30) size 672x28
              LayoutText {#text} at (0,0) size 36x27
                text run at (0,0) width 36: "two"
caret: position 0 of child 2 {BR} of child 1 {DIV} of child 3 {DIV} of body
