layer at (0,0) size 800x600
  LayoutView at (0,0) size 800x600
layer at (0,0) size 800x238
  LayoutBlockFlow {HTML} at (0,0) size 800x238
    LayoutBlockFlow {BODY} at (8,16) size 784x214
      LayoutBlockFlow {P} at (0,0) size 784x18
        LayoutText {#text} at (0,0) size 640x18
          text run at (0,0) width 640: "The following textarea elements should all be rendered on the left, with their text aligned to the left."
      LayoutBlockFlow (anonymous) at (0,34) size 784x144
        LayoutText {#text} at (321,18) size 4x18
          text run at (321,18) width 4: " "
        LayoutBR {BR} at (0,0) size 0x0
        LayoutText {#text} at (321,54) size 4x18
          text run at (321,54) width 4: " "
        LayoutBR {BR} at (0,0) size 0x0
        LayoutText {#text} at (321,90) size 4x18
          text run at (321,90) width 4: " "
        LayoutBR {BR} at (0,0) size 0x0
        LayoutText {#text} at (0,0) size 0x0
      LayoutBlockFlow {DIV} at (0,178) size 784x36
layer at (8,50) size 321x32 clip at (9,51) size 319x30
  LayoutTextControl {TEXTAREA} at (0,0) size 321x32 [bgcolor=#FFFFFF] [border: (1px solid #000000)]
    LayoutBlockFlow {DIV} at (3,3) size 315x13
      LayoutText {#text} at (0,0) size 186x13
        text run at (0,0) width 186: "This is should be aligned to the left."
layer at (8,86) size 321x32 clip at (9,87) size 319x30
  LayoutTextControl {TEXTAREA} at (0,36) size 321x32 [bgcolor=#FFFFFF] [border: (1px solid #000000)]
    LayoutBlockFlow {DIV} at (3,3) size 315x13
      LayoutText {#text} at (0,0) size 186x13
        text run at (0,0) width 186: "This is should be aligned to the left."
layer at (8,122) size 321x32 clip at (9,123) size 319x30
  LayoutTextControl {TEXTAREA} at (0,72) size 321x32 [bgcolor=#FFFFFF] [border: (1px solid #000000)]
    LayoutBlockFlow {DIV} at (3,3) size 315x13
      LayoutText {#text} at (0,0) size 186x13
        text run at (0,0) width 186: "This is should be aligned to the left."
layer at (8,158) size 321x32 clip at (9,159) size 319x30
  LayoutTextControl {TEXTAREA} at (0,108) size 321x32 [bgcolor=#FFFFFF] [border: (1px solid #000000)]
    LayoutBlockFlow {DIV} at (3,3) size 315x13
      LayoutText {#text} at (0,0) size 186x13
        text run at (0,0) width 186: "This is should be aligned to the left."
layer at (8,194) size 321x32 clip at (9,195) size 319x30
  LayoutTextControl {TEXTAREA} at (0,0) size 321x32 [bgcolor=#FFFFFF] [border: (1px solid #000000)]
    LayoutBlockFlow {DIV} at (3,3) size 315x13
      LayoutText {#text} at (0,0) size 186x13
        text run at (0,0) width 186: "This is should be aligned to the left."
