layer at (0,0) size 800x600 clip at (0,0) size 785x600 scrollHeight 1518
  LayoutView at (0,0) size 800x600
layer at (0,0) size 785x1518 backgroundClip at (0,0) size 785x600 clip at (0,0) size 785x600
  LayoutBlockFlow {HTML} at (0,0) size 785x1518.25
    LayoutBlockFlow {BODY} at (8,8) size 769x1502.25 [bgcolor=#CCCCCC]
      LayoutBlockFlow {P} at (0,0) size 769x20
        LayoutText {#text} at (0,0) size 355x19
          text run at (0,0) width 355: "The style declarations which apply to the text below are:"
      LayoutBlockFlow {PRE} at (0,36) size 769x96
        LayoutText {#text} at (0,0) size 408x96
          text run at (0,0) width 392: ".zero {background-color: silver; padding-top: 0;}"
          text run at (392,0) width 0: " "
          text run at (0,16) width 400: ".one {padding-top: 0.5in; background-color: aqua;}"
          text run at (400,16) width 0: " "
          text run at (0,32) width 392: ".two {padding-top: 25px; background-color: aqua;}"
          text run at (392,32) width 0: " "
          text run at (0,48) width 400: ".three {padding-top: 5em; background-color: aqua;}"
          text run at (400,48) width 0: " "
          text run at (0,64) width 392: ".four {padding-top: 25%; background-color: aqua;}"
          text run at (392,64) width 0: " "
          text run at (0,80) width 408: ".five {padding-top: -20px; background-color: aqua;}"
          text run at (408,80) width 0: " "
      LayoutBlockFlow {P} at (0,163) size 769x20 [bgcolor=#C0C0C0]
        LayoutText {#text} at (0,0) size 203x19
          text run at (0,0) width 203: "This element has a class of zero."
      LayoutBlockFlow {P} at (0,199) size 769x88 [bgcolor=#00FFFF]
        LayoutText {#text} at (0,48) size 737x39
          text run at (0,48) width 633: "This element should have a top padding of half an inch, which will require extra text in order to test. "
          text run at (633,48) width 104: "Both the content"
          text run at (0,68) width 356: "background and the padding should be aqua (light blue)."
      LayoutBlockFlow {P} at (0,303) size 769x65 [bgcolor=#00FFFF]
        LayoutText {#text} at (0,25) size 720x39
          text run at (0,25) width 616: "This element should have a top padding of 25 pixels, which will require extra text in order to test. "
          text run at (616,25) width 104: "Both the content"
          text run at (0,45) width 356: "background and the padding should be aqua (light blue)."
      LayoutBlockFlow {P} at (0,384) size 769x120 [bgcolor=#00FFFF]
        LayoutText {#text} at (0,80) size 694x39
          text run at (0,80) width 590: "This element should have a top padding of 5 em, which will require extra text in order to test. "
          text run at (590,80) width 104: "Both the content"
          text run at (0,100) width 356: "background and the padding should be aqua (light blue)."
      LayoutBlockFlow {P} at (0,520) size 769x232.25 [bgcolor=#00FFFF]
        LayoutText {#text} at (0,192) size 763x39
          text run at (0,192) width 732: "This element should have a top padding of 25%, which is calculated with respect to the width of the parent element. "
          text run at (732,192) width 31: "Both"
          text run at (0,212) width 433: "the content background and the padding should be aqua (light blue). "
          text run at (433,212) width 264: "This will require extra text in order to test."
      LayoutBlockFlow {P} at (0,768.25) size 769x40 [bgcolor=#00FFFF]
        LayoutText {#text} at (0,0) size 748x39
          text run at (0,0) width 565: "This element should have no top padding, since negative padding values are not allowed. "
          text run at (565,0) width 183: "Both the content background"
          text run at (0,20) width 325: "and the normal padding should be aqua (light blue)."
      LayoutTable {TABLE} at (0,824.25) size 769x678 [border: (1px outset #808080)]
        LayoutTableSection {TBODY} at (1,1) size 767x676
          LayoutTableRow {TR} at (0,0) size 767x28
            LayoutTableCell {TD} at (0,0) size 767x28 [bgcolor=#C0C0C0] [border: (1px inset #808080)] [r=0 c=0 rs=1 cs=2]
              LayoutInline {STRONG} at (0,0) size 161x19
                LayoutText {#text} at (4,4) size 161x19
                  text run at (4,4) width 161: "TABLE Testing Section"
          LayoutTableRow {TR} at (0,28) size 767x648
            LayoutTableCell {TD} at (0,338) size 12x28 [bgcolor=#C0C0C0] [border: (1px inset #808080)] [r=1 c=0 rs=1 cs=1]
              LayoutText {#text} at (4,4) size 4x19
                text run at (4,4) width 4: " "
            LayoutTableCell {TD} at (12,28) size 755x647.75 [border: (1px inset #808080)] [r=1 c=1 rs=1 cs=1]
              LayoutBlockFlow {P} at (4,4) size 747x20 [bgcolor=#C0C0C0]
                LayoutText {#text} at (0,0) size 203x19
                  text run at (0,0) width 203: "This element has a class of zero."
              LayoutBlockFlow {P} at (4,40) size 747x88 [bgcolor=#00FFFF]
                LayoutText {#text} at (0,48) size 737x39
                  text run at (0,48) width 633: "This element should have a top padding of half an inch, which will require extra text in order to test. "
                  text run at (633,48) width 104: "Both the content"
                  text run at (0,68) width 356: "background and the padding should be aqua (light blue)."
              LayoutBlockFlow {P} at (4,144) size 747x65 [bgcolor=#00FFFF]
                LayoutText {#text} at (0,25) size 720x39
                  text run at (0,25) width 616: "This element should have a top padding of 25 pixels, which will require extra text in order to test. "
                  text run at (616,25) width 104: "Both the content"
                  text run at (0,45) width 356: "background and the padding should be aqua (light blue)."
              LayoutBlockFlow {P} at (4,225) size 747x120 [bgcolor=#00FFFF]
                LayoutText {#text} at (0,80) size 694x39
                  text run at (0,80) width 590: "This element should have a top padding of 5 em, which will require extra text in order to test. "
                  text run at (590,80) width 104: "Both the content"
                  text run at (0,100) width 356: "background and the padding should be aqua (light blue)."
              LayoutBlockFlow {P} at (4,361) size 747x226.75 [bgcolor=#00FFFF]
                LayoutText {#text} at (0,187) size 732x39
                  text run at (0,187) width 728: "This element should have a top padding of 25%, which is calculated with respect to the width of the parent element."
                  text run at (0,207) width 468: "Both the content background and the padding should be aqua (light blue). "
                  text run at (468,207) width 264: "This will require extra text in order to test."
              LayoutBlockFlow {P} at (4,603.75) size 747x40 [bgcolor=#00FFFF]
                LayoutText {#text} at (0,0) size 669x39
                  text run at (0,0) width 565: "This element should have no top padding, since negative padding values are not allowed. "
                  text run at (565,0) width 104: "Both the content"
                  text run at (0,20) width 404: "background and the normal padding should be aqua (light blue)."
layer at (8,153) size 769x2 clip at (0,0) size 0x0
  LayoutBlockFlow {HR} at (0,145) size 769x2 [border: (1px inset #EEEEEE)]
