layer at (0,0) size 800x600 clip at (0,0) size 785x600 scrollHeight 2284
  LayoutView at (0,0) size 800x600
layer at (0,0) size 785x2284 backgroundClip at (0,0) size 785x600 clip at (0,0) size 785x600
  LayoutBlockFlow {HTML} at (0,0) size 785x2283.50
    LayoutBlockFlow {BODY} at (8,8) size 769x2267.50 [bgcolor=#CCCCCC]
      LayoutBlockFlow {P} at (0,0) size 769x20
        LayoutText {#text} at (0,0) size 355x19
          text run at (0,0) width 355: "The style declarations which apply to the text below are:"
      LayoutBlockFlow {PRE} at (0,36) size 769x96
        LayoutText {#text} at (0,0) size 376x96
          text run at (0,0) width 360: ".zero {background-color: silver; padding: 0;}"
          text run at (360,0) width 0: " "
          text run at (0,16) width 368: ".one {padding: 0.5in; background-color: aqua;}"
          text run at (368,16) width 0: " "
          text run at (0,32) width 360: ".two {padding: 25px; background-color: aqua;}"
          text run at (360,32) width 0: " "
          text run at (0,48) width 368: ".three {padding: 5em; background-color: aqua;}"
          text run at (368,48) width 0: " "
          text run at (0,64) width 360: ".four {padding: 25%; background-color: aqua;}"
          text run at (360,64) width 0: " "
          text run at (0,80) width 376: ".five {padding: -20px; background-color: aqua;}"
          text run at (376,80) width 0: " "
      LayoutBlockFlow {P} at (0,163) size 769x20 [bgcolor=#C0C0C0]
        LayoutText {#text} at (0,0) size 203x19
          text run at (0,0) width 203: "This element has a class of zero."
      LayoutBlockFlow {P} at (0,199) size 769x136 [bgcolor=#00FFFF]
        LayoutText {#text} at (48,48) size 660x39
          text run at (48,48) width 660: "This element should have an overall padding of half an inch, which will require extra text in order to test."
          text run at (48,68) width 464: "Both the content background and the padding should be aqua (light blue)."
      LayoutBlockFlow {P} at (0,351) size 769x90 [bgcolor=#00FFFF]
        LayoutText {#text} at (25,25) size 701x39
          text run at (25,25) width 647: "This element should have an overall padding of 25 pixels, which will require extra text in order to test. "
          text run at (672,25) width 54: "Both the"
          text run at (25,45) width 406: "content background and the padding should be aqua (light blue)."
      LayoutBlockFlow {P} at (0,457) size 769x200 [bgcolor=#00FFFF]
        LayoutText {#text} at (80,80) size 588x39
          text run at (80,80) width 588: "This element should have an overall padding of 5 em, which will require extra text in order to"
          text run at (80,100) width 29: "test. "
          text run at (109,100) width 464: "Both the content background and the padding should be aqua (light blue)."
      LayoutBlockFlow {P} at (0,673) size 769x464.50 [bgcolor=#00FFFF]
        LayoutText {#text} at (192,192) size 380x79
          text run at (192,192) width 380: "This element should have an overall padding of 25%, which"
          text run at (192,212) width 377: "is calculated with respect to the width of the parent element."
          text run at (192,232) width 354: "Both the content background and the padding should be"
          text run at (192,252) width 108: "aqua (light blue)."
      LayoutBlockFlow {P} at (0,1153.50) size 769x40 [bgcolor=#00FFFF]
        LayoutText {#text} at (0,0) size 751x39
          text run at (0,0) width 541: "This element should have no padding, since negative padding values are not allowed. "
          text run at (541,0) width 210: "Both the content background and"
          text run at (0,20) width 298: "the normal padding should be aqua (light blue)."
      LayoutTable {TABLE} at (0,1209.50) size 769x1058 [border: (1px outset #808080)]
        LayoutTableSection {TBODY} at (1,1) size 767x1056
          LayoutTableRow {TR} at (0,0) size 767x28
            LayoutTableCell {TD} at (0,0) size 767x28 [bgcolor=#C0C0C0] [border: (1px inset #808080)] [r=0 c=0 rs=1 cs=2]
              LayoutInline {STRONG} at (0,0) size 161x19
                LayoutText {#text} at (4,4) size 161x19
                  text run at (4,4) width 161: "TABLE Testing Section"
          LayoutTableRow {TR} at (0,28) size 767x1028
            LayoutTableCell {TD} at (0,528) size 12x28 [bgcolor=#C0C0C0] [border: (1px inset #808080)] [r=1 c=0 rs=1 cs=1]
              LayoutText {#text} at (4,4) size 4x19
                text run at (4,4) width 4: " "
            LayoutTableCell {TD} at (12,28) size 755x1027.50 [border: (1px inset #808080)] [r=1 c=1 rs=1 cs=1]
              LayoutBlockFlow {P} at (4,4) size 747x20 [bgcolor=#C0C0C0]
                LayoutText {#text} at (0,0) size 203x19
                  text run at (0,0) width 203: "This element has a class of zero."
              LayoutBlockFlow {P} at (4,40) size 747x136 [bgcolor=#00FFFF]
                LayoutText {#text} at (48,48) size 631x39
                  text run at (48,48) width 631: "This element should have an overall padding of half an inch, which will require extra text in order to"
                  text run at (48,68) width 29: "test. "
                  text run at (77,68) width 464: "Both the content background and the padding should be aqua (light blue)."
              LayoutBlockFlow {P} at (4,192) size 747x90 [bgcolor=#00FFFF]
                LayoutText {#text} at (25,25) size 678x39
                  text run at (25,25) width 647: "This element should have an overall padding of 25 pixels, which will require extra text in order to test. "
                  text run at (672,25) width 31: "Both"
                  text run at (25,45) width 429: "the content background and the padding should be aqua (light blue)."
              LayoutBlockFlow {P} at (4,298) size 747x200 [bgcolor=#00FFFF]
                LayoutText {#text} at (80,80) size 572x39
                  text run at (80,80) width 572: "This element should have an overall padding of 5 em, which will require extra text in order"
                  text run at (80,100) width 45: "to test. "
                  text run at (125,100) width 464: "Both the content background and the padding should be aqua (light blue)."
              LayoutBlockFlow {P} at (4,514) size 747x453.50 [bgcolor=#00FFFF]
                LayoutText {#text} at (186,187) size 363x79
                  text run at (186,187) width 337: "This element should have an overall padding of 25%,"
                  text run at (186,207) width 363: "which is calculated with respect to the width of the parent"
                  text run at (186,227) width 58: "element. "
                  text run at (243,227) width 289: "Both the content background and the padding"
                  text run at (186,247) width 173: "should be aqua (light blue)."
              LayoutBlockFlow {P} at (4,983.50) size 747x40 [bgcolor=#00FFFF]
                LayoutText {#text} at (0,0) size 724x39
                  text run at (0,0) width 541: "This element should have no padding, since negative padding values are not allowed. "
                  text run at (541,0) width 183: "Both the content background"
                  text run at (0,20) width 325: "and the normal padding should be aqua (light blue)."
layer at (8,153) size 769x2 clip at (0,0) size 0x0
  LayoutBlockFlow {HR} at (0,145) size 769x2 [border: (1px inset #EEEEEE)]
