layer at (0,0) size 800x600
  LayoutView at (0,0) size 800x600
layer at (0,0) size 800x78
  LayoutBlockFlow {HTML} at (0,0) size 800x78
    LayoutBlockFlow {BODY} at (8,16) size 784x46
      LayoutBlockFlow {P} at (0,0) size 784x46
        LayoutRuby (inline) {RUBY} at (0,0) size 88x19
          LayoutRubyRun (anonymous) at (0,12) size 88x34
            LayoutRubyText {RT} at (0,-12) size 88x12
              LayoutText {#text} at (14,0) size 60x12
                text run at (14,0) width 60: "K\x{14D}kakukid\x{14D}tai"
            LayoutRubyBase (anonymous) at (0,0) size 88x34
              LayoutRuby (inline) {RUBY} at (0,0) size 88x19
                LayoutRubyRun (anonymous) at (0,10) size 18x24
                  LayoutRubyText {RT} at (0,-10) size 18x14
                    LayoutText {#text} at (0,0) size 18x12
                      text run at (0,0) width 18: "\x{3053}\x{3046}"
                  LayoutRubyBase (anonymous) at (0,0) size 18x24
                    LayoutText {#text} at (1,2) size 16x19
                      text run at (1,2) width 16: "\x{653B}"
                LayoutRubyRun (anonymous) at (18,10) size 18x24
                  LayoutRubyText {RT} at (0,-10) size 18x14
                    LayoutText {#text} at (0,0) size 18x12
                      text run at (0,0) width 18: "\x{304B}\x{304F}"
                  LayoutRubyBase (anonymous) at (0,0) size 18x24
                    LayoutText {#text} at (1,2) size 16x19
                      text run at (1,2) width 16: "\x{6BBB}"
                LayoutRubyRun (anonymous) at (36,10) size 16x24
                  LayoutRubyText {RT} at (0,-10) size 16x14
                    LayoutText {#text} at (3,0) size 10x12
                      text run at (3,0) width 10: "\x{304D}"
                  LayoutRubyBase (anonymous) at (0,0) size 16x24
                    LayoutText {#text} at (0,2) size 16x19
                      text run at (0,2) width 16: "\x{6A5F}"
                LayoutRubyRun (anonymous) at (52,10) size 18x24
                  LayoutRubyText {RT} at (0,-10) size 18x14
                    LayoutText {#text} at (0,0) size 18x12
                      text run at (0,0) width 18: "\x{3069}\x{3046}"
                  LayoutRubyBase (anonymous) at (0,0) size 18x24
                    LayoutText {#text} at (1,2) size 16x19
                      text run at (1,2) width 16: "\x{52D5}"
                LayoutRubyRun (anonymous) at (70,10) size 18x24
                  LayoutRubyText {RT} at (0,-10) size 18x14
                    LayoutText {#text} at (0,0) size 18x12
                      text run at (0,0) width 18: "\x{305F}\x{3044}"
                  LayoutRubyBase (anonymous) at (0,0) size 18x24
                    LayoutText {#text} at (1,2) size 16x19
                      text run at (1,2) width 16: "\x{968A}"
