layer at (0,0) size 800x600
  LayoutView at (0,0) size 800x600
layer at (0,0) size 800x600
  LayoutBlockFlow {HTML} at (0,0) size 800x600
    LayoutBlockFlow {BODY} at (8,8) size 784x584
      LayoutBlockFlow (anonymous) at (0,0) size 784x18
        LayoutText {#text} at (0,0) size 429x17
          text run at (0,0) width 429: "Pixel test for complex text rendering with opacity (Chromium bug "
        LayoutInline {A} at (0,0) size 33x17 [color=#0000EE]
          LayoutText {#text} at (428,0) size 33x17
            text run at (428,0) width 33: "8768"
        LayoutText {#text} at (460,0) size 10x17
          text run at (460,0) width 10: ")."
      LayoutBlockFlow {P} at (0,34) size 784x0
      LayoutBlockFlow {DIV} at (0,34) size 784x42
        LayoutInline {SPAN} at (0,0) size 47x27
          LayoutText {#text} at (0,9) size 47x27
            text run at (0,9) width 47: "\x{916}\x{94B}\x{91C}\x{947}\x{902}"
        LayoutText {#text} at (46,9) size 8x27
          text run at (46,9) width 8: " "
        LayoutText {#text} at (100,9) size 7x27
          text run at (100,9) width 7: " "
        LayoutText {#text} at (153,9) size 7x27
          text run at (153,9) width 7: " "
        LayoutText {#text} at (206,9) size 7x27
          text run at (206,9) width 7: " "
        LayoutText {#text} at (259,9) size 7x27
          text run at (259,9) width 7: " "
        LayoutText {#text} at (312,9) size 8x27
          text run at (312,9) width 8: " "
        LayoutText {#text} at (365,9) size 8x27
          text run at (365,9) width 8: " "
        LayoutText {#text} at (419,9) size 7x27
          text run at (419,9) width 7: " "
        LayoutText {#text} at (472,9) size 7x27
          text run at (472,9) width 7: " "
        LayoutText {#text} at (525,9) size 7x27
          text run at (525,9) width 7: " "
        LayoutText {#text} at (0,0) size 0x0
      LayoutBlockFlow {DIV} at (0,76) size 784x28
        LayoutInline {SPAN} at (0,0) size 54x27
          LayoutText {#text} at (589,0) size 54x27
            text run at (589,0) width 54 RTL: "\x{64A}\x{624}\x{644}\x{645}\x{646}\x{64A}"
        LayoutText {#text} at (583,0) size 7x27
          text run at (583,0) width 7 RTL: " "
        LayoutText {#text} at (524,0) size 7x27
          text run at (524,0) width 7 RTL: " "
        LayoutText {#text} at (465,0) size 7x27
          text run at (465,0) width 7 RTL: " "
        LayoutText {#text} at (406,0) size 7x27
          text run at (406,0) width 7 RTL: " "
        LayoutText {#text} at (347,0) size 7x27
          text run at (347,0) width 7 RTL: " "
        LayoutText {#text} at (288,0) size 7x27
          text run at (288,0) width 7 RTL: " "
        LayoutText {#text} at (229,0) size 7x27
          text run at (229,0) width 7 RTL: " "
        LayoutText {#text} at (170,0) size 7x27
          text run at (170,0) width 7 RTL: " "
        LayoutText {#text} at (111,0) size 7x27
          text run at (111,0) width 7 RTL: " "
        LayoutText {#text} at (52,0) size 7x27
          text run at (52,0) width 7 RTL: " "
        LayoutText {#text} at (0,0) size 0x0
layer at (8,42) size 48x27 transparent
  LayoutInline {SPAN} at (0,0) size 48x27
    LayoutText {#text} at (53,9) size 48x27
      text run at (53,9) width 48: "\x{916}\x{94B}\x{91C}\x{947}\x{902}"
layer at (8,42) size 48x27 transparent
  LayoutInline {SPAN} at (0,0) size 48x27
    LayoutText {#text} at (106,9) size 48x27
      text run at (106,9) width 48: "\x{916}\x{94B}\x{91C}\x{947}\x{902}"
layer at (8,42) size 48x27 transparent
  LayoutInline {SPAN} at (0,0) size 48x27
    LayoutText {#text} at (159,9) size 48x27
      text run at (159,9) width 48: "\x{916}\x{94B}\x{91C}\x{947}\x{902}"
layer at (8,42) size 48x27 transparent
  LayoutInline {SPAN} at (0,0) size 48x27
    LayoutText {#text} at (212,9) size 48x27
      text run at (212,9) width 48: "\x{916}\x{94B}\x{91C}\x{947}\x{902}"
layer at (8,42) size 48x27 transparent
  LayoutInline {SPAN} at (0,0) size 48x27
    LayoutText {#text} at (265,9) size 48x27
      text run at (265,9) width 48: "\x{916}\x{94B}\x{91C}\x{947}\x{902}"
layer at (8,42) size 47x27 transparent
  LayoutInline {SPAN} at (0,0) size 47x27
    LayoutText {#text} at (319,9) size 47x27
      text run at (319,9) width 47: "\x{916}\x{94B}\x{91C}\x{947}\x{902}"
layer at (8,42) size 48x27 transparent
  LayoutInline {SPAN} at (0,0) size 48x27
    LayoutText {#text} at (372,9) size 48x27
      text run at (372,9) width 48: "\x{916}\x{94B}\x{91C}\x{947}\x{902}"
layer at (8,42) size 48x27 transparent
  LayoutInline {SPAN} at (0,0) size 48x27
    LayoutText {#text} at (425,9) size 48x27
      text run at (425,9) width 48: "\x{916}\x{94B}\x{91C}\x{947}\x{902}"
layer at (8,42) size 48x27 transparent
  LayoutInline {SPAN} at (0,0) size 48x27
    LayoutText {#text} at (478,9) size 48x27
      text run at (478,9) width 48: "\x{916}\x{94B}\x{91C}\x{947}\x{902}"
layer at (8,42) size 48x27 transparent
  LayoutInline {SPAN} at (0,0) size 48x27
    LayoutText {#text} at (531,9) size 48x27
      text run at (531,9) width 48: "\x{916}\x{94B}\x{91C}\x{947}\x{902}"
layer at (8,84) size 54x27 transparent
  LayoutInline {SPAN} at (0,0) size 54x27
    LayoutText {#text} at (530,0) size 54x27
      text run at (530,0) width 54 RTL: "\x{64A}\x{624}\x{644}\x{645}\x{646}\x{64A}"
layer at (8,84) size 54x27 transparent
  LayoutInline {SPAN} at (0,0) size 54x27
    LayoutText {#text} at (471,0) size 54x27
      text run at (471,0) width 54 RTL: "\x{64A}\x{624}\x{644}\x{645}\x{646}\x{64A}"
layer at (8,84) size 54x27 transparent
  LayoutInline {SPAN} at (0,0) size 54x27
    LayoutText {#text} at (412,0) size 54x27
      text run at (412,0) width 54 RTL: "\x{64A}\x{624}\x{644}\x{645}\x{646}\x{64A}"
layer at (8,84) size 54x27 transparent
  LayoutInline {SPAN} at (0,0) size 54x27
    LayoutText {#text} at (353,0) size 54x27
      text run at (353,0) width 54 RTL: "\x{64A}\x{624}\x{644}\x{645}\x{646}\x{64A}"
layer at (8,84) size 54x27 transparent
  LayoutInline {SPAN} at (0,0) size 54x27
    LayoutText {#text} at (294,0) size 54x27
      text run at (294,0) width 54 RTL: "\x{64A}\x{624}\x{644}\x{645}\x{646}\x{64A}"
layer at (8,84) size 54x27 transparent
  LayoutInline {SPAN} at (0,0) size 54x27
    LayoutText {#text} at (235,0) size 54x27
      text run at (235,0) width 54 RTL: "\x{64A}\x{624}\x{644}\x{645}\x{646}\x{64A}"
layer at (8,84) size 54x27 transparent
  LayoutInline {SPAN} at (0,0) size 54x27
    LayoutText {#text} at (176,0) size 54x27
      text run at (176,0) width 54 RTL: "\x{64A}\x{624}\x{644}\x{645}\x{646}\x{64A}"
layer at (8,84) size 54x27 transparent
  LayoutInline {SPAN} at (0,0) size 54x27
    LayoutText {#text} at (117,0) size 54x27
      text run at (117,0) width 54 RTL: "\x{64A}\x{624}\x{644}\x{645}\x{646}\x{64A}"
layer at (8,84) size 54x27 transparent
  LayoutInline {SPAN} at (0,0) size 54x27
    LayoutText {#text} at (58,0) size 54x27
      text run at (58,0) width 54 RTL: "\x{64A}\x{624}\x{644}\x{645}\x{646}\x{64A}"
layer at (8,84) size 53x27 transparent
  LayoutInline {SPAN} at (0,0) size 53x27
    LayoutText {#text} at (0,0) size 53x27
      text run at (0,0) width 53 RTL: "\x{64A}\x{624}\x{644}\x{645}\x{646}\x{64A}"
