layer at (0,0) size 800x600
  LayoutView at (0,0) size 800x600
layer at (0,0) size 800x600
  LayoutBlockFlow {HTML} at (0,0) size 800x600
    LayoutBlockFlow {BODY} at (8,8) size 782x584
      LayoutBlockFlow {DIV} at (0,0) size 82x584
        LayoutBlockFlow {DIV} at (0,0) size 36x584
          LayoutText {#text} at (5,0) size 26x72
            text run at (5,0) width 72: "\x{305D}\x{306E}\x{5973}"
          LayoutInline {SPAN} at (0,0) size 26x24 [color=#0000FF]
            LayoutTextCombine {#text} at (5,72) size 26x24
              text run at (5,72) width 24: "1"
          LayoutText {#text} at (5,96) size 26x48
            text run at (5,96) width 48: "\x{304C}\x{306D}"
          LayoutInline {SPAN} at (0,0) size 26x24 [color=#0000FF]
            LayoutTextCombine {#text} at (5,144) size 26x24
              text run at (5,144) width 24: "123"
          LayoutText {#text} at (5,168) size 26x120
            text run at (5,168) width 120: "\x{304B}\x{3057}\x{3064}\x{3051}\x{306B}"
          LayoutInline {SPAN} at (0,0) size 26x24 [color=#0000FF]
            LayoutTextCombine {#text} at (5,288) size 26x24
              text run at (5,288) width 24: "12345"
          LayoutText {#text} at (5,312) size 26x168
            text run at (5,312) width 168: "\x{6765}\x{3066}\x{304F}\x{308C}\x{308B}\x{307E}\x{3067}"
        LayoutBlockFlow {DIV} at (46,0) size 36x584
          LayoutText {#text} at (5,0) size 26x72
            text run at (5,0) width 72: "\x{305D}\x{306E}\x{5973}"
          LayoutInline {SPAN} at (0,0) size 26x24 [color=#0000FF]
            LayoutTextCombine {#text} at (5,72) size 26x24
              text run at (5,72) width 24: "1"
          LayoutText {#text} at (5,96) size 26x48
            text run at (5,96) width 48: "\x{304C}\x{306D}"
          LayoutInline {SPAN} at (0,0) size 26x24 [color=#0000FF]
            LayoutTextCombine {#text} at (5,144) size 26x24
              text run at (5,144) width 24: "123"
          LayoutText {#text} at (5,168) size 26x120
            text run at (5,168) width 120: "\x{304B}\x{3057}\x{3064}\x{3051}\x{306B}"
          LayoutInline {SPAN} at (0,0) size 26x24 [color=#0000FF]
            LayoutTextCombine {#text} at (5,288) size 26x24
              text run at (5,288) width 24: "12345"
          LayoutText {#text} at (5,312) size 26x168
            text run at (5,312) width 168: "\x{6765}\x{3066}\x{304F}\x{308C}\x{308B}\x{307E}\x{3067}"
      LayoutBlockFlow {DIV} at (92,0) size 82x584
        LayoutBlockFlow {DIV} at (0,0) size 36x584
          LayoutText {#text} at (5,0) size 26x72
            text run at (5,0) width 72: "\x{305D}\x{306E}\x{5973}"
          LayoutInline {SPAN} at (0,0) size 26x24 [color=#0000FF]
            LayoutTextCombine {#text} at (5,72) size 26x24
              text run at (5,72) width 24: "1"
          LayoutText {#text} at (5,96) size 26x48
            text run at (5,96) width 48: "\x{304C}\x{306D}"
          LayoutInline {SPAN} at (0,0) size 26x24 [color=#0000FF]
            LayoutTextCombine {#text} at (5,144) size 26x24
              text run at (5,144) width 24: "123"
          LayoutText {#text} at (5,168) size 26x120
            text run at (5,168) width 120: "\x{304B}\x{3057}\x{3064}\x{3051}\x{306B}"
          LayoutInline {SPAN} at (0,0) size 26x24 [color=#0000FF]
            LayoutTextCombine {#text} at (5,288) size 26x24
              text run at (5,288) width 24: "12345"
          LayoutText {#text} at (5,312) size 26x168
            text run at (5,312) width 168: "\x{6765}\x{3066}\x{304F}\x{308C}\x{308B}\x{307E}\x{3067}"
        LayoutBlockFlow {DIV} at (46,0) size 36x584
          LayoutText {#text} at (5,0) size 26x72
            text run at (5,0) width 72: "\x{305D}\x{306E}\x{5973}"
          LayoutInline {SPAN} at (0,0) size 26x24 [color=#0000FF]
            LayoutTextCombine {#text} at (5,72) size 26x24
              text run at (5,72) width 24: "1"
          LayoutText {#text} at (5,96) size 26x48
            text run at (5,96) width 48: "\x{304C}\x{306D}"
          LayoutInline {SPAN} at (0,0) size 26x24 [color=#0000FF]
            LayoutTextCombine {#text} at (5,144) size 26x24
              text run at (5,144) width 24: "123"
          LayoutText {#text} at (5,168) size 26x120
            text run at (5,168) width 120: "\x{304B}\x{3057}\x{3064}\x{3051}\x{306B}"
          LayoutInline {SPAN} at (0,0) size 26x24 [color=#0000FF]
            LayoutTextCombine {#text} at (5,288) size 26x24
              text run at (5,288) width 24: "12345"
          LayoutText {#text} at (5,312) size 26x168
            text run at (5,312) width 168: "\x{6765}\x{3066}\x{304F}\x{308C}\x{308B}\x{307E}\x{3067}"
      LayoutBlockFlow {DIV} at (184,0) size 82x584
        LayoutBlockFlow {DIV} at (0,0) size 36x584
          LayoutText {#text} at (5,0) size 26x72
            text run at (5,0) width 72: "\x{305D}\x{306E}\x{5973}"
          LayoutInline {SPAN} at (0,0) size 26x24 [color=#0000FF]
            LayoutTextCombine {#text} at (5,72) size 26x24
              text run at (5,72) width 24: "1"
          LayoutText {#text} at (5,96) size 26x48
            text run at (5,96) width 48: "\x{304C}\x{306D}"
          LayoutInline {SPAN} at (0,0) size 26x24 [color=#0000FF]
            LayoutTextCombine {#text} at (5,144) size 26x24
              text run at (5,144) width 24: "123"
          LayoutText {#text} at (5,168) size 26x120
            text run at (5,168) width 120: "\x{304B}\x{3057}\x{3064}\x{3051}\x{306B}"
          LayoutInline {SPAN} at (0,0) size 26x24 [color=#0000FF]
            LayoutTextCombine {#text} at (5,288) size 26x24
              text run at (5,288) width 24: "12345"
          LayoutText {#text} at (5,312) size 26x168
            text run at (5,312) width 168: "\x{6765}\x{3066}\x{304F}\x{308C}\x{308B}\x{307E}\x{3067}"
        LayoutBlockFlow {DIV} at (46,0) size 36x584
          LayoutText {#text} at (5,0) size 26x72
            text run at (5,0) width 72: "\x{305D}\x{306E}\x{5973}"
          LayoutInline {SPAN} at (0,0) size 26x24 [color=#0000FF]
            LayoutTextCombine {#text} at (5,72) size 26x24
              text run at (5,72) width 24: "1"
          LayoutText {#text} at (5,96) size 26x48
            text run at (5,96) width 48: "\x{304C}\x{306D}"
          LayoutInline {SPAN} at (0,0) size 26x24 [color=#0000FF]
            LayoutTextCombine {#text} at (5,144) size 26x24
              text run at (5,144) width 24: "123"
          LayoutText {#text} at (5,168) size 26x120
            text run at (5,168) width 120: "\x{304B}\x{3057}\x{3064}\x{3051}\x{306B}"
          LayoutInline {SPAN} at (0,0) size 26x24 [color=#0000FF]
            LayoutTextCombine {#text} at (5,288) size 26x24
              text run at (5,288) width 24: "12345"
          LayoutText {#text} at (5,312) size 26x168
            text run at (5,312) width 168: "\x{6765}\x{3066}\x{304F}\x{308C}\x{308B}\x{307E}\x{3067}"
      LayoutBlockFlow {DIV} at (276,0) size 96x584
        LayoutBlockFlow {DIV} at (0,0) size 43x584
          LayoutText {#text} at (12,0) size 26x72
            text run at (12,0) width 72: "\x{305D}\x{306E}\x{5973}"
          LayoutInline {SPAN} at (0,0) size 26x24 [color=#0000FF]
            LayoutTextCombine {#text} at (12,72) size 26x24
              text run at (12,72) width 24: "1"
          LayoutText {#text} at (12,96) size 26x48
            text run at (12,96) width 48: "\x{304C}\x{306D}"
          LayoutInline {SPAN} at (0,0) size 26x24 [color=#0000FF]
            LayoutTextCombine {#text} at (12,144) size 26x24
              text run at (12,144) width 24: "123"
          LayoutText {#text} at (12,168) size 26x120
            text run at (12,168) width 120: "\x{304B}\x{3057}\x{3064}\x{3051}\x{306B}"
          LayoutInline {SPAN} at (0,0) size 26x24 [color=#0000FF]
            LayoutTextCombine {#text} at (12,288) size 26x24
              text run at (12,288) width 24: "12345"
          LayoutText {#text} at (12,312) size 26x168
            text run at (12,312) width 168: "\x{6765}\x{3066}\x{304F}\x{308C}\x{308B}\x{307E}\x{3067}"
        LayoutBlockFlow {DIV} at (53,0) size 43x584
          LayoutText {#text} at (12,0) size 26x72
            text run at (12,0) width 72: "\x{305D}\x{306E}\x{5973}"
          LayoutInline {SPAN} at (0,0) size 26x24 [color=#0000FF]
            LayoutTextCombine {#text} at (12,72) size 26x24
              text run at (12,72) width 24: "1"
          LayoutText {#text} at (12,96) size 26x48
            text run at (12,96) width 48: "\x{304C}\x{306D}"
          LayoutInline {SPAN} at (0,0) size 26x24 [color=#0000FF]
            LayoutTextCombine {#text} at (12,144) size 26x24
              text run at (12,144) width 24: "123"
          LayoutText {#text} at (12,168) size 26x120
            text run at (12,168) width 120: "\x{304B}\x{3057}\x{3064}\x{3051}\x{306B}"
          LayoutInline {SPAN} at (0,0) size 26x24 [color=#0000FF]
            LayoutTextCombine {#text} at (12,288) size 26x24
              text run at (12,288) width 24: "12345"
          LayoutText {#text} at (12,312) size 26x168
            text run at (12,312) width 168: "\x{6765}\x{3066}\x{304F}\x{308C}\x{308B}\x{307E}\x{3067}"
