layer at (0,0) size 800x600
  LayoutView at (0,0) size 800x600
layer at (0,0) size 800x437
  LayoutBlockFlow {HTML} at (0,0) size 800x437
    LayoutBlockFlow {BODY} at (8,8) size 784x421
      LayoutBlockFlow {H1} at (0,0) size 784x23
        LayoutText {#text} at (0,0) size 248x22
          text run at (0,0) width 248: "Tests support for font-weight"
      LayoutBlockFlow {P} at (0,25) size 784x16
        LayoutText {#text} at (0,0) size 347x15
          text run at (0,0) width 347: "Tests that CSS font-weight with numeric values is supported."
      LayoutBlockFlow {SECTION} at (0,49) size 784x194
        LayoutBlockFlow {H2} at (0,0) size 784x21
          LayoutText {#text} at (0,0) size 68x21
            text run at (0,0) width 68: "Segoe UI"
        LayoutBlockFlow {P} at (0,23) size 784x19
          LayoutText {#text} at (0,0) size 343x19
            text run at (0,0) width 343: "font-weight: 100 - Fix problem quickly with galvanized jets."
        LayoutBlockFlow {P} at (0,42) size 784x19
          LayoutText {#text} at (0,0) size 343x19
            text run at (0,0) width 343: "font-weight: 200 - Fix problem quickly with galvanized jets."
        LayoutBlockFlow {P} at (0,61) size 784x19
          LayoutText {#text} at (0,0) size 343x19
            text run at (0,0) width 343: "font-weight: 300 - Fix problem quickly with galvanized jets."
        LayoutBlockFlow {P} at (0,80) size 784x19
          LayoutText {#text} at (0,0) size 364x19
            text run at (0,0) width 364: "font-weight: 400 - Fix problem quickly with galvanized jets."
        LayoutBlockFlow {P} at (0,99) size 784x19
          LayoutText {#text} at (0,0) size 377x19
            text run at (0,0) width 377: "font-weight: 500 - Fix problem quickly with galvanized jets."
        LayoutBlockFlow {P} at (0,118) size 784x19
          LayoutText {#text} at (0,0) size 377x19
            text run at (0,0) width 377: "font-weight: 600 - Fix problem quickly with galvanized jets."
        LayoutBlockFlow {P} at (0,137) size 784x19
          LayoutText {#text} at (0,0) size 392x19
            text run at (0,0) width 392: "font-weight: 700 - Fix problem quickly with galvanized jets."
        LayoutBlockFlow {P} at (0,156) size 784x19
          LayoutText {#text} at (0,0) size 392x19
            text run at (0,0) width 392: "font-weight: 800 - Fix problem quickly with galvanized jets."
        LayoutBlockFlow {P} at (0,175) size 784x19
          LayoutText {#text} at (0,0) size 392x19
            text run at (0,0) width 392: "font-weight: 900 - Fix problem quickly with galvanized jets."
      LayoutBlockFlow {SECTION} at (0,251) size 784x170
        LayoutBlockFlow {H2} at (0,0) size 784x18
          LayoutText {#text} at (0,0) size 36x17
            text run at (0,0) width 36: "Arial"
        LayoutBlockFlow {P} at (0,20) size 784x16
          LayoutText {#text} at (0,0) size 368x16
            text run at (0,0) width 368: "font-weight: 100 - Fix problem quickly with galvanized jets."
        LayoutBlockFlow {P} at (0,36) size 784x16
          LayoutText {#text} at (0,0) size 368x16
            text run at (0,0) width 368: "font-weight: 200 - Fix problem quickly with galvanized jets."
        LayoutBlockFlow {P} at (0,52) size 784x16
          LayoutText {#text} at (0,0) size 368x16
            text run at (0,0) width 368: "font-weight: 300 - Fix problem quickly with galvanized jets."
        LayoutBlockFlow {P} at (0,68) size 784x16
          LayoutText {#text} at (0,0) size 368x16
            text run at (0,0) width 368: "font-weight: 400 - Fix problem quickly with galvanized jets."
        LayoutBlockFlow {P} at (0,84) size 784x16
          LayoutText {#text} at (0,0) size 368x16
            text run at (0,0) width 368: "font-weight: 500 - Fix problem quickly with galvanized jets."
        LayoutBlockFlow {P} at (0,100) size 784x16
          LayoutText {#text} at (0,0) size 404x16
            text run at (0,0) width 404: "font-weight: 600 - Fix problem quickly with galvanized jets."
        LayoutBlockFlow {P} at (0,116) size 784x16
          LayoutText {#text} at (0,0) size 404x16
            text run at (0,0) width 404: "font-weight: 700 - Fix problem quickly with galvanized jets."
        LayoutBlockFlow {P} at (0,132) size 784x19
          LayoutText {#text} at (0,0) size 449x19
            text run at (0,0) width 449: "font-weight: 800 - Fix problem quickly with galvanized jets."
        LayoutBlockFlow {P} at (0,151) size 784x19
          LayoutText {#text} at (0,0) size 449x19
            text run at (0,0) width 449: "font-weight: 900 - Fix problem quickly with galvanized jets."
