layer at (0,0) size 800x600
  LayoutView at (0,0) size 800x600
layer at (0,0) size 800x207
  LayoutBlockFlow {HTML} at (0,0) size 800x207
    LayoutBlockFlow {BODY} at (8,8) size 784x191
      LayoutBlockFlow {DIV} at (0,0) size 784x18
        LayoutBlockFlow {SPAN} at (0,0) size 160x18
          LayoutText {#text} at (0,0) size 48x17
            text run at (0,0) width 48: "Arabic:"
        LayoutText {#text} at (160,0) size 87x17
          text run at (160,0) width 4: " "
          text run at (164,0) width 79 RTL: "\x{627}\x{644}\x{623}\x{64E}\x{628}\x{652}\x{62C}\x{64E}\x{62F}\x{650}\x{64A}\x{64E}\x{651}\x{629} \x{627}\x{644}\x{639}\x{64E}\x{631}\x{64E}\x{628}\x{650}\x{64A}\x{64E}\x{651}\x{629}"
          text run at (242,0) width 5: " \x{200E}"
      LayoutBlockFlow {DIV} at (0,18) size 784x20
        LayoutBlockFlow {SPAN} at (0,2) size 160x18
          LayoutText {#text} at (0,0) size 69x17
            text run at (0,0) width 69: "Armenian:"
        LayoutText {#text} at (160,2) size 169x17
          text run at (160,2) width 169: " \x{540}\x{561}\x{575}\x{578}\x{581} \x{563}\x{580}\x{565}\x{580} Hayots grer"
      LayoutBlockFlow {DIV} at (0,38) size 784x18
        LayoutBlockFlow {SPAN} at (0,0) size 160x18
          LayoutText {#text} at (0,0) size 66x17
            text run at (0,0) width 66: "Cherokee:"
        LayoutText {#text} at (160,0) size 88x17
          text run at (160,0) width 88: " \x{13A2}\x{13E3}\x{13B5}\x{13CD}\x{13A0}\x{13C1}\x{13D7}"
      LayoutBlockFlow {DIV} at (0,56) size 784x27
        LayoutBlockFlow {SPAN} at (0,6) size 160x18
          LayoutText {#text} at (0,0) size 79x17
            text run at (0,0) width 79: "Devanagari:"
        LayoutText {#text} at (160,6) size 61x17
          text run at (160,6) width 61: " \x{926}\x{947}\x{935}\x{928}\x{93E}\x{917}\x{930}\x{940}"
      LayoutBlockFlow {DIV} at (0,83) size 784x29
        LayoutBlockFlow {SPAN} at (0,3) size 160x18
          LayoutText {#text} at (0,0) size 71x17
            text run at (0,0) width 71: "Gurmukhi:"
        LayoutText {#text} at (160,3) size 31x17
          text run at (160,3) width 31: " \x{A26}\x{A3F}\x{A32}"
      LayoutBlockFlow {DIV} at (0,112) size 784x19
        LayoutBlockFlow {SPAN} at (0,1) size 160x18
          LayoutText {#text} at (0,0) size 49x17
            text run at (0,0) width 49: "Khmer:"
        LayoutText {#text} at (160,1) size 70x17
          text run at (160,1) width 70: " \x{17A2}\x{1780}\x{17D2}\x{179F}\x{179A}\x{1781}\x{17D2}\x{1798}\x{17C2}\x{179A};"
      LayoutBlockFlow {DIV} at (0,131) size 784x21
        LayoutBlockFlow {SPAN} at (0,3) size 160x18
          LayoutText {#text} at (0,0) size 52x17
            text run at (0,0) width 52: "Hangul:"
        LayoutText {#text} at (160,3) size 320x17
          text run at (160,3) width 320: " \x{3131} \x{3134} \x{3137} \x{3139} \x{3141} \x{3142} \x{3145} \x{3181} \x{314B} \x{314C} \x{314D} \x{3148} \x{314A} \x{317F} \x{3147} \x{314E}"
      LayoutBlockFlow {DIV} at (0,152) size 784x18
        LayoutBlockFlow {SPAN} at (0,0) size 160x18
          LayoutText {#text} at (0,0) size 75x17
            text run at (0,0) width 75: "Mongolian:"
        LayoutText {#text} at (160,0) size 49x17
          text run at (160,0) width 49: " \x{182E}\x{1823}\x{1829}\x{182D}\x{1823}\x{182F}\x{182A}\x{1822}\x{1834}\x{1822}\x{182D}"
      LayoutBlockFlow {DIV} at (0,170) size 784x21
        LayoutBlockFlow {SPAN} at (0,3) size 160x18
          LayoutText {#text} at (0,0) size 69x17
            text run at (0,0) width 69: "Glagolitic:"
        LayoutText {#text} at (160,3) size 66x17
          text run at (160,3) width 66: " \x{2C09}\x{2C0A}\x{2C1F}\x{2C09}"
