layer at (0,0) size 800x600
  LayoutView at (0,0) size 800x600
layer at (0,0) size 800x308
  LayoutBlockFlow {HTML} at (0,0) size 800x308
    LayoutBlockFlow {BODY} at (8,8) size 784x292
      LayoutBlockFlow {DIV} at (0,0) size 784x142
        LayoutBlockFlow {DIV} at (0,0) size 96x48 [border: (3px solid #000000)]
          LayoutText {#text} at (3,6) size 57x17
            text run at (3,6) width 57: "a. b. "
          LayoutInline {SPAN} at (0,0) size 5x17
            LayoutText {#text} at (59,6) size 5x17
              text run at (59,6) width 5: "i"
          LayoutText {#text} at (63,6) size 90x38
            text run at (63,6) width 30: "\x{306F}"
            text run at (3,27) width 56: "xxxxxxx"
        LayoutBlockFlow {DIV} at (0,56) size 96x48 [border: (3px solid #000000)]
          LayoutText {#text} at (3,6) size 90x38
            text run at (3,6) width 90: "a. b. i\x{306F}"
            text run at (3,27) width 56: "xxxxxxx"
        LayoutBlockFlow {DIV} at (0,112) size 96x30 [border: (3px solid #000000)]
          LayoutText {#text} at (3,6) size 216x17
            text run at (3,6) width 216: "xxxxxxxxxxxxxxxxxxxxx\x{FF08}\x{624B}\x{FF09}"
      LayoutBlockFlow {DIV} at (0,150) size 784x142
        LayoutBlockFlow {DIV} at (0,0) size 96x48 [border: (3px solid #000000)]
          LayoutText {#text} at (3,6) size 57x17
            text run at (3,6) width 57: "a. b. "
          LayoutInline {SPAN} at (0,0) size 5x17
            LayoutText {#text} at (59,6) size 5x17
              text run at (59,6) width 5: "i"
          LayoutText {#text} at (63,6) size 90x38
            text run at (63,6) width 30: "\x{306F}"
            text run at (3,27) width 56: "xxxxxxx"
        LayoutBlockFlow {DIV} at (0,56) size 96x48 [border: (3px solid #000000)]
          LayoutText {#text} at (3,6) size 90x38
            text run at (3,6) width 90: "a. b. i\x{306F}"
            text run at (3,27) width 56: "xxxxxxx"
        LayoutBlockFlow {DIV} at (0,112) size 96x30 [border: (3px solid #000000)]
          LayoutText {#text} at (3,6) size 216x17
            text run at (3,6) width 216: "xxxxxxxxxxxxxxxxxxxxx\x{FF08}\x{624B}\x{FF09}"
