layer at (0,0) size 800x600 scrollHeight 602
  LayoutView at (0,0) size 800x600
layer at (0,0) size 800x602 backgroundClip at (0,0) size 800x600 clip at (0,0) size 800x600
  LayoutBlockFlow {HTML} at (0,0) size 800x602
    LayoutBlockFlow {BODY} at (8,8) size 784x586
      LayoutBlockFlow {DIV} at (0,0) size 784x36
        LayoutText {#text} at (0,4) size 141x26
          text run at (0,4) width 141: "\x{653B}\x{6BBB}\x{2307}\x{30FC}\x{FF1C}\x{FF1D}4"
      LayoutBlockFlow {DIV} at (0,36) size 144x190
        LayoutBlockFlow {DIV} at (0,10) size 36x170
          LayoutText {#text} at (5,0) size 26x156
            text run at (5,0) width 156: "\x{653B}\x{6BBB}\x{2307}\x{30FC}\x{FF1C}\x{FF1D}4"
        LayoutBlockFlow {DIV} at (36,10) size 36x170 [color=#0000FF]
          LayoutText {#text} at (5,0) size 26x170
            text run at (5,0) width 170: "\x{653B}\x{6BBB}\x{2307}\x{30FC}\x{FF1C}\x{FF1D}4"
        LayoutBlockFlow {DIV} at (72,10) size 36x170 [color=#008080]
          LayoutText {#text} at (4,0) size 26x141
            text run at (4,0) width 141: "\x{653B}\x{6BBB}\x{2307}\x{30FC}\x{FF1C}\x{FF1D}4"
        LayoutBlockFlow {DIV} at (108,10) size 36x170 [color=#A52A2A]
          LayoutText {#text} at (4,0) size 26x141
            text run at (4,0) width 141: "\x{653B}\x{6BBB}\x{2307}\x{30FC}\x{FF1C}\x{FF1D}4"
      LayoutBlockFlow {DIV} at (0,226) size 144x190
        LayoutBlockFlow {DIV} at (0,10) size 36x170
          LayoutText {#text} at (5,0) size 26x156
            text run at (5,0) width 156: "\x{653B}\x{6BBB}\x{2307}\x{30FC}\x{FF1C}\x{FF1D}4"
        LayoutBlockFlow {DIV} at (36,10) size 36x170 [color=#0000FF]
          LayoutText {#text} at (5,0) size 26x170
            text run at (5,0) width 170: "\x{653B}\x{6BBB}\x{2307}\x{30FC}\x{FF1C}\x{FF1D}4"
        LayoutBlockFlow {DIV} at (72,10) size 36x170 [color=#008080]
          LayoutText {#text} at (4,0) size 26x141
            text run at (4,0) width 141: "\x{653B}\x{6BBB}\x{2307}\x{30FC}\x{FF1C}\x{FF1D}4"
        LayoutBlockFlow {DIV} at (108,10) size 36x170 [color=#A52A2A]
          LayoutText {#text} at (4,0) size 26x141
            text run at (4,0) width 141: "\x{653B}\x{6BBB}\x{2307}\x{30FC}\x{FF1C}\x{FF1D}4"
      LayoutBlockFlow {DIV} at (0,416) size 144x170
        LayoutBlockFlow {DIV} at (0,0) size 36x170
          LayoutText {#text} at (5,0) size 26x156
            text run at (5,0) width 156: "\x{653B}\x{6BBB}\x{2307}\x{30FC}\x{FF1C}\x{FF1D}4"
        LayoutBlockFlow {DIV} at (36,0) size 36x170 [color=#0000FF]
          LayoutText {#text} at (5,0) size 26x170
            text run at (5,0) width 170: "\x{653B}\x{6BBB}\x{2307}\x{30FC}\x{FF1C}\x{FF1D}4"
        LayoutBlockFlow {DIV} at (72,0) size 36x170 [color=#008080]
          LayoutText {#text} at (4,0) size 26x141
            text run at (4,0) width 141: "\x{653B}\x{6BBB}\x{2307}\x{30FC}\x{FF1C}\x{FF1D}4"
        LayoutBlockFlow {DIV} at (108,0) size 36x170 [color=#A52A2A]
          LayoutText {#text} at (4,0) size 26x141
            text run at (4,0) width 141: "\x{653B}\x{6BBB}\x{2307}\x{30FC}\x{FF1C}\x{FF1D}4"
