layer at (0,0) size 800x600
  LayoutView at (0,0) size 800x600
layer at (0,0) size 800x196
  LayoutBlockFlow {HTML} at (0,0) size 800x196
    LayoutBlockFlow {BODY} at (8,8) size 784x180
layer at (8,8) size 100x20 scrollWidth 125
  LayoutBlockFlow {DIV} at (0,0) size 100x20
    LayoutText {#text} at (0,0) size 125x19
      text run at (0,0) width 125: "markAllComposition"
layer at (8,28) size 100x20 scrollWidth 137
  LayoutBlockFlow {DIV} at (0,20) size 100x20
    LayoutText {#text} at (0,0) size 137x19
      text run at (0,0) width 137: "markStartComposition"
layer at (8,48) size 100x20 scrollWidth 132
  LayoutBlockFlow {DIV} at (0,40) size 100x20
    LayoutText {#text} at (0,0) size 132x19
      text run at (0,0) width 132: "markEndComposition"
layer at (8,68) size 100x20
  LayoutBlockFlow {DIV} at (0,60) size 100x20
    LayoutText {#text} at (0,0) size 95x19
      text run at (0,0) width 95: "markAllSpelling"
layer at (8,88) size 100x20 scrollWidth 107
  LayoutBlockFlow {DIV} at (0,80) size 100x20
    LayoutText {#text} at (0,0) size 107x19
      text run at (0,0) width 107: "markStartSpelling"
layer at (8,108) size 100x20 scrollWidth 102
  LayoutBlockFlow {DIV} at (0,100) size 100x20
    LayoutText {#text} at (0,0) size 102x19
      text run at (0,0) width 102: "markEndSpelling"
layer at (8,128) size 100x20 scrollWidth 113
  LayoutBlockFlow {DIV} at (0,120) size 100x20
    LayoutText {#text} at (0,0) size 113x19
      text run at (0,0) width 113: "markAllTextMatch"
layer at (8,148) size 100x20 scrollWidth 125
  LayoutBlockFlow {DIV} at (0,140) size 100x20
    LayoutText {#text} at (0,0) size 125x19
      text run at (0,0) width 125: "markStartTextMatch"
layer at (8,168) size 100x20 scrollWidth 120
  LayoutBlockFlow {DIV} at (0,160) size 100x20
    LayoutText {#text} at (0,0) size 120x19
      text run at (0,0) width 120: "markEndTextMatch"
