layer at (0,0) size 800x600
  LayoutView at (0,0) size 800x600
layer at (0,0) size 800x36
  LayoutBlockFlow {HTML} at (0,0) size 800x36
    LayoutBlockFlow {BODY} at (8,8) size 784x20
      LayoutBlockFlow {DIV} at (0,0) size 784x20
        LayoutInline {<pseudo:first-letter>} at (0,0) size 12x19 [color=#FF0000]
          LayoutTextFragment (anonymous) at (0,0) size 12x19
            text run at (0,0) width 12: "N"
        LayoutTextFragment {#text} at (12,0) size 223x19
          text run at (12,0) width 223: "one Composition Spelling TextMatch"
