layer at (0,0) size 1600x1200
  LayoutView at (0,0) size 1600x1200
layer at (0,0) size 1600x69
  LayoutBlockFlow {HTML} at (0,0) size 1600x69
    LayoutBlockFlow {BODY} at (16,16) size 1568x37
      LayoutBlockFlow {DIV} at (0,0) size 1568x37
        LayoutText {#text} at (0,0) size 220x36
          text run at (0,0) width 220: "You has the right."
