layer at (0,0) size 800x600
  LayoutView at (0,0) size 800x600
layer at (0,0) size 800x600
  LayoutBlockFlow {HTML} at (0,0) size 800x600
    LayoutBlockFlow {BODY} at (8,8) size 784x584
      LayoutBlockFlow (anonymous) at (0,0) size 784x20
        LayoutText {#text} at (0,0) size 714x19
          text run at (0,0) width 714: "In the example below you should see three blocks right next to one another, and they should all be partially transparent."
layer at (8,28) size 120x120 transparent
  LayoutBlockFlow {DIV} at (0,20) size 120x120 [bgcolor=#87CEEB] [border: (10px solid #000000)]
layer at (18,38) size 120x120
  LayoutBlockFlow {DIV} at (10,10) size 120x120 [border: (10px solid #000000)]
layer at (148,38) size 120x120
  LayoutBlockFlow {DIV} at (10,10) size 120x120 [border: (10px solid #000000)]
