layer at (0,0) size 800x600
  LayoutView at (0,0) size 800x600
layer at (0,0) size 800x158
  LayoutBlockFlow {HTML} at (0,0) size 800x158
    LayoutBlockFlow {BODY} at (8,16) size 784x134
      LayoutBlockFlow {P} at (0,0) size 784x20
        LayoutText {#text} at (0,0) size 332x19
          text run at (0,0) width 332: "All of the table rows and cells below should be rotated."
      LayoutTable {TABLE} at (0,36) size 187x98
        LayoutTableSection {TBODY} at (0,0) size 187x98
          LayoutTableRow {TR} at (0,50) size 187x22
          LayoutTableRow {TR} at (0,74) size 187x22
layer at (8,54) size 187x22
  LayoutTableRow {TR} at (0,2) size 187x22
    LayoutTableCell {TD} at (2,2) size 183x22 [r=0 c=0 rs=1 cs=1]
      LayoutText {#text} at (1,1) size 104x19
        text run at (1,1) width 104: "Transformed row"
layer at (8,78) size 187x22 transparent
  LayoutTableRow {TR} at (0,26) size 187x22
    LayoutTableCell {TD} at (2,26) size 183x22 [r=1 c=0 rs=1 cs=1]
      LayoutText {#text} at (1,1) size 181x19
        text run at (1,1) width 181: "Transformed row with opacity"
layer at (10,102) size 183x22
  LayoutTableCell {TD} at (2,50) size 183x22 [r=2 c=0 rs=1 cs=1]
    LayoutText {#text} at (1,1) size 100x19
      text run at (1,1) width 100: "Transformed cell"
layer at (10,126) size 183x22 transparent
  LayoutTableCell {TD} at (2,74) size 183x22 [r=3 c=0 rs=1 cs=1]
    LayoutText {#text} at (1,1) size 177x19
      text run at (1,1) width 177: "Transformed cell with opacity"
