layer at (0,0) size 800x600
  LayoutView at (0,0) size 800x600
layer at (0,0) size 800x305
  LayoutBlockFlow {HTML} at (0,0) size 800x305
    LayoutBlockFlow {BODY} at (8,16) size 784x281
      LayoutBlockFlow {P} at (0,0) size 784x20
        LayoutText {#text} at (0,0) size 444x19
          text run at (0,0) width 444: "The look of the controls should not change when styled under strict mode."
      LayoutBlockFlow (anonymous) at (0,36) size 784x245
        LayoutText {#text} at (320,225) size 4x19
          text run at (320,225) width 4: " "
        LayoutText {#text} at (0,0) size 0x0
layer at (8,52) size 320x240
  LayoutVideo {VIDEO} at (0,0) size 320x240 [color=#FF0000]
layer at (332,52) size 320x240
  LayoutVideo {VIDEO} at (324,0) size 320x240
layer at (8,52) size 320x240
  LayoutFlexibleBox (relative positioned) {DIV} at (0,0) size 320x240 [color=#000000]
    LayoutFlexibleBox {DIV} at (0,0) size 320x240
layer at (8,52) size 320x240
  LayoutBlockFlow (positioned) {DIV} at (0,0) size 320x240
layer at (8,52) size 320x240
  LayoutFlexibleBox {DIV} at (0,0) size 320x240
layer at (8,220) size 320x48
  LayoutFlexibleBox (relative positioned) {DIV} at (0,168) size 320x48
    LayoutButton {INPUT} at (0,0) size 48x48
    LayoutBlockFlow {DIV} at (48,0) size 28x48 [color=#FFFFFF]
      LayoutText {#text} at (0,16) size 28x16
        text run at (0,16) width 28: "0:00"
    LayoutBlockFlow {DIV} at (80,0) size 36x48 [color=#FFFFFF]
      LayoutText {#text} at (0,16) size 36x16
        text run at (0,16) width 36: "/ 0:06"
    LayoutBlockFlow {DIV} at (116,48) size 108x0
    LayoutButton {INPUT} at (224,0) size 48x48
    LayoutButton {INPUT} at (272,0) size 48x48
layer at (232,220) size 0x48 transparent
  LayoutSlider {INPUT} at (224,0) size 0x48 [color=#C4C4C4]
    LayoutFlexibleBox {DIV} at (0,22) size 0x4
layer at (232,242) size 12x4
  LayoutBlockFlow (relative positioned) {DIV} at (0,0) size 12x4 [bgcolor=#FFFFFF4D]
    LayoutBlockFlow {DIV} at (0,-4) size 12x12 [bgcolor=#FFFFFF]
layer at (232,242) size 12x4
  LayoutBlockFlow (positioned) {DIV} at (0,0) size 12x4
layer at (232,242) size 0x4
  LayoutBlockFlow (positioned) {DIV} at (0,0) size 0x4 [bgcolor=#FFFFFF]
layer at (232,242) size 12x4
  LayoutBlockFlow (positioned) {DIV} at (0,0) size 12x4 [bgcolor=#FFFFFF8A]
layer at (8,268) size 320x24
  LayoutSlider {INPUT} at (0,216) size 320x24 [color=#C4C4C4]
    LayoutFlexibleBox {DIV} at (16,0) size 288x4
layer at (24,268) size 288x4
  LayoutBlockFlow (relative positioned) {DIV} at (0,0) size 288x4 [bgcolor=#FFFFFF4D]
layer at (24,264) size 12x12
  LayoutBlockFlow (relative positioned) {DIV} at (0,-4) size 12x12 [bgcolor=#FFFFFF]
layer at (24,268) size 288x4
  LayoutBlockFlow (positioned) {DIV} at (0,0) size 288x4
layer at (24,268) size 0x4
  LayoutBlockFlow (positioned) {DIV} at (0,0) size 0x4 [bgcolor=#FFFFFF]
layer at (24,268) size 288x4
  LayoutBlockFlow (positioned) {DIV} at (0,0) size 288x4 [bgcolor=#FFFFFF8A]
layer at (332,52) size 320x240
  LayoutFlexibleBox (relative positioned) {DIV} at (0,0) size 320x240
    LayoutFlexibleBox {DIV} at (0,0) size 320x240
layer at (332,52) size 320x240
  LayoutBlockFlow (positioned) {DIV} at (0,0) size 320x240
layer at (332,52) size 320x240
  LayoutFlexibleBox {DIV} at (0,0) size 320x240
layer at (332,220) size 320x48
  LayoutFlexibleBox (relative positioned) {DIV} at (0,168) size 320x48
    LayoutButton {INPUT} at (0,0) size 48x48
    LayoutBlockFlow {DIV} at (48,0) size 28x48 [color=#FFFFFF]
      LayoutText {#text} at (0,16) size 28x16
        text run at (0,16) width 28: "0:00"
    LayoutBlockFlow {DIV} at (80,0) size 36x48 [color=#FFFFFF]
      LayoutText {#text} at (0,16) size 36x16
        text run at (0,16) width 36: "/ 0:06"
    LayoutBlockFlow {DIV} at (116,48) size 108x0
    LayoutButton {INPUT} at (224,0) size 48x48
    LayoutButton {INPUT} at (272,0) size 48x48
layer at (556,220) size 0x48 transparent
  LayoutSlider {INPUT} at (224,0) size 0x48 [color=#C4C4C4]
    LayoutFlexibleBox {DIV} at (0,22) size 0x4
layer at (556,242) size 12x4
  LayoutBlockFlow (relative positioned) {DIV} at (0,0) size 12x4 [bgcolor=#FFFFFF4D]
    LayoutBlockFlow {DIV} at (0,-4) size 12x12 [bgcolor=#FFFFFF]
layer at (556,242) size 12x4
  LayoutBlockFlow (positioned) {DIV} at (0,0) size 12x4
layer at (556,242) size 0x4
  LayoutBlockFlow (positioned) {DIV} at (0,0) size 0x4 [bgcolor=#FFFFFF]
layer at (556,242) size 12x4
  LayoutBlockFlow (positioned) {DIV} at (0,0) size 12x4 [bgcolor=#FFFFFF8A]
layer at (332,268) size 320x24
  LayoutSlider {INPUT} at (0,216) size 320x24 [color=#C4C4C4]
    LayoutFlexibleBox {DIV} at (16,0) size 288x4
layer at (348,268) size 288x4
  LayoutBlockFlow (relative positioned) {DIV} at (0,0) size 288x4 [bgcolor=#FFFFFF4D]
layer at (348,264) size 12x12
  LayoutBlockFlow (relative positioned) {DIV} at (0,-4) size 12x12 [bgcolor=#FFFFFF]
layer at (348,268) size 288x4
  LayoutBlockFlow (positioned) {DIV} at (0,0) size 288x4
layer at (348,268) size 0x4
  LayoutBlockFlow (positioned) {DIV} at (0,0) size 0x4 [bgcolor=#FFFFFF]
layer at (348,268) size 288x4
  LayoutBlockFlow (positioned) {DIV} at (0,0) size 288x4 [bgcolor=#FFFFFF8A]
