layer at (0,0) size 800x600
  LayoutView at (0,0) size 800x600
layer at (0,0) size 800x171
  LayoutBlockFlow {HTML} at (0,0) size 800x171
    LayoutBlockFlow {BODY} at (8,8) size 784x155
      LayoutBlockFlow {DIV} at (0,0) size 784x155
layer at (8,8) size 300x150
  LayoutVideo {VIDEO} at (0,0) size 300x150
layer at (8,8) size 300x150
  LayoutFlexibleBox (relative positioned) {DIV} at (0,0) size 300x150 [bgcolor=#333333]
    LayoutFlexibleBox {DIV} at (0,0) size 300x150
layer at (8,8) size 300x150
  LayoutBlockFlow (positioned) {DIV} at (0,0) size 300x150
layer at (8,8) size 300x150
  LayoutFlexibleBox {DIV} at (0,0) size 300x150
layer at (8,8) size 300x134 clip at (10,10) size 296x130
  LayoutButton (relative positioned) {INPUT} at (0,0) size 300x134 [border: (2px outset #C0C0C0)]
    LayoutFlexibleBox (anonymous) at (8,43) size 284x48
      LayoutBlockFlow {DIV} at (118,0) size 48x48 [bgcolor=#FFFFFFE6]
layer at (8,94) size 300x48
  LayoutFlexibleBox (relative positioned) {DIV} at (0,86) size 300x48
    LayoutBlockFlow {DIV} at (16,0) size 31x48 [color=#FFFFFF]
      LayoutText {#text} at (0,15) size 31x18
        text run at (0,15) width 31: "0:00"
    LayoutBlockFlow {DIV} at (47,48) size 157x0
layer at (212,94) size 48x48 transparent
  LayoutButton {INPUT} at (204,0) size 48x48 [color=#808080]
layer at (260,94) size 48x48 transparent
  LayoutButton {INPUT} at (252,0) size 48x48 [color=#808080]
layer at (8,142) size 300x16
  LayoutSlider {INPUT} at (0,134) size 300x16 [color=#C4C4C4]
    LayoutFlexibleBox {DIV} at (16,0) size 268x4
layer at (24,142) size 268x4
  LayoutBlockFlow (relative positioned) {DIV} at (0,0) size 268x4 [bgcolor=#FFFFFF4D]
layer at (24,138) size 12x12
  LayoutBlockFlow (relative positioned) {DIV} at (0,-4) size 12x12 [bgcolor=#FFFFFF]
layer at (24,142) size 268x4
  LayoutBlockFlow (positioned) {DIV} at (0,0) size 268x4
layer at (24,142) size 0x4
  LayoutBlockFlow (positioned) {DIV} at (0,0) size 0x4 [bgcolor=#FFFFFF]
layer at (24,142) size 0x4
  LayoutBlockFlow (positioned) {DIV} at (0,0) size 0x4 [bgcolor=#FFFFFF8A]
