layer at (0,0) size 800x600
  LayoutView at (0,0) size 800x600
layer at (0,0) size 800x600
  LayoutBlockFlow {HTML} at (0,0) size 800x600
    LayoutBlockFlow {BODY} at (12,12) size 776x543
      LayoutBlockFlow {P} at (0,0) size 776x28
        LayoutText {#text} at (0,0) size 275x27
          text run at (0,0) width 275: "Zoomed video with controls."
layer at (57,85) size 240x180
  LayoutVideo {VIDEO} at (45,73) size 240x180
layer at (57,85) size 240x180
  LayoutFlexibleBox (relative positioned) {DIV} at (0,0) size 240x180
    LayoutFlexibleBox {DIV} at (0,0) size 240x180
layer at (57,85) size 240x180
  LayoutBlockFlow (positioned) {DIV} at (0,0) size 240x180
layer at (57,85) size 240x180
  LayoutFlexibleBox {DIV} at (0,0) size 240x180
layer at (57,157) size 240x72
  LayoutFlexibleBox (relative positioned) {DIV} at (0,72) size 240x72
    LayoutButton {INPUT} at (0,0) size 72x72
    LayoutBlockFlow {DIV} at (72,72) size 96x0
    LayoutButton {INPUT} at (168,0) size 72x72
layer at (225,157) size 0x72 transparent
  LayoutSlider {INPUT} at (168,0) size 0x72 [color=#C4C4C4]
    LayoutFlexibleBox {DIV} at (0,33) size 0x6
layer at (225,190) size 18x6
  LayoutBlockFlow (relative positioned) {DIV} at (0,0) size 18x6 [bgcolor=#FFFFFF4D]
    LayoutBlockFlow {DIV} at (0,-6) size 18x18 [bgcolor=#FFFFFF]
layer at (225,190) size 18x6 scrollWidth 27
  LayoutBlockFlow (positioned) {DIV} at (0,0) size 18x6
layer at (225,190) size 0x6
  LayoutBlockFlow (positioned) {DIV} at (0,0) size 0x6 [bgcolor=#FFFFFF]
layer at (225,190) size 27x6 backgroundClip at (225,190) size 18x6 clip at (225,190) size 18x6
  LayoutBlockFlow (positioned) {DIV} at (0,0) size 27x6 [bgcolor=#FFFFFF8A]
layer at (57,229) size 240x36
  LayoutSlider {INPUT} at (0,144) size 240x36 [color=#C4C4C4]
    LayoutFlexibleBox {DIV} at (24,0) size 192x6
layer at (81,229) size 192x6
  LayoutBlockFlow (relative positioned) {DIV} at (0,0) size 192x6 [bgcolor=#FFFFFF4D]
layer at (81,223) size 18x18
  LayoutBlockFlow (relative positioned) {DIV} at (0,-6) size 18x18 [bgcolor=#FFFFFF]
layer at (81,229) size 192x6 scrollWidth 288
  LayoutBlockFlow (positioned) {DIV} at (0,0) size 192x6
layer at (81,229) size 0x6
  LayoutBlockFlow (positioned) {DIV} at (0,0) size 0x6 [bgcolor=#FFFFFF]
layer at (81,229) size 288x6 backgroundClip at (81,229) size 192x6 clip at (81,229) size 192x6
  LayoutBlockFlow (positioned) {DIV} at (0,0) size 288x6 [bgcolor=#FFFFFF8A]
layer at (57,310) size 240x180
  LayoutVideo {VIDEO} at (45,298) size 240x180
layer at (43,291) size 268x218
  LayoutFlexibleBox (relative positioned) {DIV} at (0,0) size 240x180
    LayoutFlexibleBox {DIV} at (0,0) size 240x180
layer at (43,291) size 268x218
  LayoutBlockFlow (positioned) {DIV} at (0,0) size 240x180
layer at (43,291) size 268x218 clip at (43,291) size 240x180
  LayoutFlexibleBox {DIV} at (0,0) size 240x180
layer at (49,361) size 249x113 clip at (49,361) size 240x72
  LayoutFlexibleBox (relative positioned) {DIV} at (0,72) size 240x72
    LayoutButton {INPUT} at (0,0) size 72x72
    LayoutBlockFlow {DIV} at (72,72) size 96x0
    LayoutButton {INPUT} at (168,0) size 72x72
layer at (215,391) size 12x71 transparent
  LayoutSlider {INPUT} at (168,0) size 0x72 [color=#C4C4C4]
    LayoutFlexibleBox {DIV} at (0,33) size 0x6
layer at (221,423) size 18x9
  LayoutBlockFlow (relative positioned) {DIV} at (0,0) size 18x6 [bgcolor=#FFFFFF4D]
    LayoutBlockFlow {DIV} at (0,-6) size 18x18 [bgcolor=#FFFFFF]
layer at (221,423) size 18x9 clip at (221,423) size 18x6 scrollWidth 27
  LayoutBlockFlow (positioned) {DIV} at (0,0) size 18x6
layer at (221,423) size 1x6
  LayoutBlockFlow (positioned) {DIV} at (0,0) size 0x6 [bgcolor=#FFFFFF]
layer at (221,423) size 27x11 backgroundClip at (221,423) size 18x9 clip at (221,423) size 18x9
  LayoutBlockFlow (positioned) {DIV} at (0,0) size 27x6 [bgcolor=#FFFFFF8A]
layer at (43,432) size 243x77
  LayoutSlider {INPUT} at (0,144) size 240x36 [color=#C4C4C4]
    LayoutFlexibleBox {DIV} at (24,0) size 192x6
layer at (72,437) size 190x39
  LayoutBlockFlow (relative positioned) {DIV} at (0,0) size 192x6 [bgcolor=#FFFFFF4D]
layer at (71,431) size 21x20
  LayoutBlockFlow (relative positioned) {DIV} at (0,-6) size 18x18 [bgcolor=#FFFFFF]
layer at (72,437) size 190x39 clip at (72,437) size 190x6 scrollWidth 288
  LayoutBlockFlow (positioned) {DIV} at (0,0) size 192x6
layer at (72,437) size 1x5
  LayoutBlockFlow (positioned) {DIV} at (0,0) size 0x6 [bgcolor=#FFFFFF]
layer at (72,437) size 285x55 backgroundClip at (72,437) size 190x39 clip at (72,437) size 190x39
  LayoutBlockFlow (positioned) {DIV} at (0,0) size 288x6 [bgcolor=#FFFFFF8A]
