layer at (0,0) size 800x600
  LayoutView at (0,0) size 800x600
layer at (0,0) size 800x600
  LayoutBlockFlow {HTML} at (0,0) size 800x600
    LayoutBlockFlow {BODY} at (8,8) size 784x584
      LayoutBlockFlow {P} at (0,0) size 784x20
        LayoutText {#text} at (0,0) size 391x19
          text run at (0,0) width 391: "Movie with no audio track. The volume button should not render."
      LayoutBlockFlow (anonymous) at (0,36) size 784x288
        LayoutText {#text} at (0,0) size 0x0
layer at (8,44) size 352x288
  LayoutVideo {VIDEO} at (0,0) size 352x288
layer at (8,44) size 352x288
  LayoutFlexibleBox (relative positioned) {DIV} at (0,0) size 352x288
    LayoutFlexibleBox {DIV} at (0,0) size 352x288
layer at (8,44) size 352x288
  LayoutBlockFlow (positioned) {DIV} at (0,0) size 352x288
layer at (8,44) size 352x288
  LayoutFlexibleBox {DIV} at (0,0) size 352x288
layer at (8,260) size 352x48
  LayoutFlexibleBox (relative positioned) {DIV} at (0,216) size 352x48
    LayoutButton {INPUT} at (0,0) size 48x48
    LayoutBlockFlow {DIV} at (48,0) size 28x48 [color=#FFFFFF]
      LayoutText {#text} at (0,16) size 28x16
        text run at (0,16) width 28: "0:00"
    LayoutBlockFlow {DIV} at (80,0) size 36x48 [color=#FFFFFF]
      LayoutText {#text} at (0,16) size 36x16
        text run at (0,16) width 36: "/ 0:09"
    LayoutBlockFlow {DIV} at (116,48) size 140x0
    LayoutButton {INPUT} at (304,0) size 48x48
layer at (264,260) size 48x48 transparent
  LayoutButton {INPUT} at (256,0) size 48x48 [color=#808080]
layer at (8,308) size 352x24
  LayoutSlider {INPUT} at (0,264) size 352x24 [color=#C4C4C4]
    LayoutFlexibleBox {DIV} at (16,0) size 320x4
layer at (24,308) size 320x4
  LayoutBlockFlow (relative positioned) {DIV} at (0,0) size 320x4 [bgcolor=#FFFFFF4D]
layer at (24,304) size 12x12
  LayoutBlockFlow (relative positioned) {DIV} at (0,-4) size 12x12 [bgcolor=#FFFFFF]
layer at (24,308) size 320x4
  LayoutBlockFlow (positioned) {DIV} at (0,0) size 320x4
layer at (24,308) size 0x4
  LayoutBlockFlow (positioned) {DIV} at (0,0) size 0x4 [bgcolor=#FFFFFF]
layer at (24,308) size 320x4
  LayoutBlockFlow (positioned) {DIV} at (0,0) size 320x4 [bgcolor=#FFFFFF8A]
