layer at (0,0) size 800x600 clip at (0,0) size 785x600 scrollHeight 782
  LayoutView at (0,0) size 800x600
layer at (0,0) size 785x550
  LayoutBlockFlow {HTML} at (0,0) size 785x550
    LayoutBlockFlow {BODY} at (8,16) size 769x526
      LayoutBlockFlow {P} at (0,0) size 769x20
        LayoutText {#text} at (0,0) size 334x19
          text run at (0,0) width 334: "Test overlay cast button rendering on dark background."
      LayoutBlockFlow {DIV} at (0,36) size 769x245
        LayoutText {#text} at (0,0) size 0x0
      LayoutBlockFlow {DIV} at (0,281) size 769x245
        LayoutText {#text} at (0,0) size 0x0
      LayoutBlockFlow {DIV} at (0,526) size 769x0
layer at (8,52) size 320x240
  LayoutVideo {VIDEO} at (0,0) size 320x240
layer at (8,297) size 320x240
  LayoutVideo {VIDEO} at (0,0) size 320x240
layer at (8,52) size 320x240
  LayoutFlexibleBox (relative positioned) {DIV} at (0,0) size 320x240
    LayoutBlockFlow {DIV} at (0,208) size 320x32
layer at (8,52) size 320x198
  LayoutFlexibleBox (relative positioned) {DIV} at (0,0) size 320x198
layer at (16,60) size 32x32
  LayoutButton (positioned) {INPUT} at (8,8) size 32x32
layer at (8,297) size 320x240
  LayoutFlexibleBox (relative positioned) {DIV} at (0,0) size 320x240
    LayoutBlockFlow {DIV} at (0,208) size 320x32
layer at (8,297) size 320x198
  LayoutFlexibleBox (relative positioned) {DIV} at (0,0) size 320x198
layer at (16,305) size 32x32
  LayoutButton (positioned) {INPUT} at (8,8) size 32x32
layer at (8,542) size 320x240 backgroundClip at (0,0) size 785x600 clip at (0,0) size 785x600
  LayoutVideo (positioned) {VIDEO} at (8,542) size 320x240
layer at (8,542) size 320x240 backgroundClip at (0,0) size 785x600 clip at (0,0) size 785x600
  LayoutFlexibleBox (relative positioned) {DIV} at (0,0) size 320x240
    LayoutBlockFlow {DIV} at (0,208) size 320x32
layer at (8,542) size 320x198 backgroundClip at (8,542) size 320x58 clip at (8,542) size 320x58
  LayoutFlexibleBox (relative positioned) {DIV} at (0,0) size 320x198
layer at (16,550) size 32x32
  LayoutButton (positioned) {INPUT} at (8,8) size 32x32
