layer at (0,0) size 800x600
  LayoutView at (0,0) size 800x600
layer at (0,0) size 800x600
  LayoutNGBlockFlow {HTML} at (0,0) size 800x600
    LayoutNGBlockFlow {BODY} at (8,8) size 784x584
      LayoutTable {TABLE} at (0,0) size 220x54 [border: (3px outset #808080)]
        LayoutTableSection {TBODY} at (3,3) size 214x48
          LayoutTableRow {TR} at (0,2) size 214x44
            LayoutNGTableCell {TD} at (2,2) size 210x44 [border: (1px inset #808080)] [r=0 c=0 rs=1 cs=1]
              LayoutImage (floating) {IMG} at (2,2) size 40x40
              LayoutNGBlockFlow (anonymous) at (2,2) size 206x20
                LayoutText {#text} at (43,0) size 206x19
                  text run at (43,0) width 206: "NOWRAP cell, no width on cell"
      LayoutNGBlockFlow (anonymous) at (0,54) size 784x20
        LayoutBR {BR} at (0,0) size 0x0
      LayoutTable {TABLE} at (0,74) size 220x54 [border: (3px outset #808080)]
        LayoutTableSection {TBODY} at (3,3) size 214x48
          LayoutTableRow {TR} at (0,2) size 214x44
            LayoutNGTableCell {TD} at (2,2) size 210x44 [border: (1px inset #808080)] [r=0 c=0 rs=1 cs=1]
              LayoutImage (floating) {IMG} at (2,2) size 40x40
              LayoutNGBlockFlow (anonymous) at (2,2) size 206x20
                LayoutText {#text} at (43,0) size 206x19
                  text run at (43,0) width 206: "NOWRAP cell, no width on cell"
      LayoutNGBlockFlow (anonymous) at (0,128) size 784x20
        LayoutBR {BR} at (0,0) size 0x0
      LayoutTable {TABLE} at (0,148) size 110x114 [border: (3px outset #808080)]
        LayoutTableSection {TBODY} at (3,3) size 104x108
          LayoutTableRow {TR} at (0,2) size 104x104
            LayoutNGTableCell {TD} at (2,2) size 100x104 [border: (1px inset #808080)] [r=0 c=0 rs=1 cs=1]
              LayoutImage (floating) {IMG} at (2,2) size 40x40
              LayoutNGBlockFlow (anonymous) at (2,2) size 96x100
                LayoutText {#text} at (0,40) size 71x59
                  text run at (0,40) width 71: "NOWRAP"
                  text run at (0,60) width 26: "cell,"
                  text run at (0,80) width 69: "width=100"
      LayoutNGBlockFlow (anonymous) at (0,262) size 784x20
        LayoutBR {BR} at (0,0) size 0x0
      LayoutTable {TABLE} at (0,282) size 310x54 [border: (3px outset #808080)]
        LayoutTableSection {TBODY} at (3,3) size 304x48
          LayoutTableRow {TR} at (0,2) size 304x44
            LayoutNGTableCell {TD} at (2,2) size 300x44 [border: (1px inset #808080)] [r=0 c=0 rs=1 cs=1]
              LayoutImage (floating) {IMG} at (2,2) size 40x40
              LayoutNGBlockFlow (anonymous) at (2,2) size 296x20
                LayoutText {#text} at (43,0) size 173x19
                  text run at (43,0) width 173: "NOWRAP cell, width=300"
