layer at (0,0) size 800x600
  LayoutView at (0,0) size 800x600
layer at (0,0) size 800x600
  LayoutBlockFlow {HTML} at (0,0) size 800x600
    LayoutBlockFlow {BODY} at (8,8) size 784x584
      LayoutText {#text} at (0,0) size 445x18
        text run at (0,0) width 445: "When the label contains only white space, the containing text is used."
      LayoutBR {BR} at (444,14) size 1x0
      LayoutMenuList {SELECT} at (0,18) size 329x18 [bgcolor=#F8F8F8]
        LayoutBlockFlow (anonymous) at (0,0) size 329x18
          LayoutText (anonymous) at (8,2) size 298x13
            text run at (8,2) width 298: "white space label should display empty string to match IE"
      LayoutText {#text} at (0,0) size 0x0
