layer at (0,0) size 800x600
  LayoutView at (0,0) size 800x600
layer at (0,0) size 800x550
  LayoutBlockFlow {HTML} at (0,0) size 800x549.75
    LayoutBlockFlow {BODY} at (8,8) size 784x533.75
      LayoutText {#text} at (41,48) size 5x19
        text run at (41,48) width 5: " "
      LayoutText {#text} at (115,48) size 5x19
        text run at (115,48) width 5: " "
      LayoutText {#text} at (161,48) size 5x19
        text run at (161,48) width 5: " "
      LayoutText {#text} at (222,48) size 5x19
        text run at (222,48) width 5: " "
      LayoutText {#text} at (274,48) size 5x19
        text run at (274,48) width 5: " "
      LayoutText {#text} at (327,48) size 5x19
        text run at (327,48) width 5: " "
      LayoutText {#text} at (380,48) size 5x19
        text run at (380,48) width 5: " "
      LayoutBR {BR} at (384,48) size 1x19
      LayoutText {#text} at (45,119) size 5x19
        text run at (45,119) width 5: " "
      LayoutText {#text} at (91,119) size 5x19
        text run at (91,119) width 5: " "
      LayoutBR {BR} at (95,119) size 1x19
      LayoutText {#text} at (41,186) size 5x19
        text run at (41,186) width 5: " "
      LayoutBR {BR} at (45,186) size 1x19
      LayoutText {#text} at (41,253) size 5x18
        text run at (41,253) width 5: " "
      LayoutBR {BR} at (45,253) size 1x18
      LayoutText {#text} at (49,382) size 5x19
        text run at (49,382) width 5: " "
      LayoutText {#text} at (105,382) size 5x19
        text run at (105,382) width 5: " "
      LayoutText {#text} at (168,382) size 5x19
        text run at (168,382) width 5: " "
      LayoutText {#text} at (230,382) size 5x19
        text run at (230,382) width 5: " "
      LayoutBR {BR} at (0,0) size 0x0
      LayoutText {#text} at (57,515) size 5x19
        text run at (57,515) width 5: " "
      LayoutText {#text} at (130,515) size 5x19
        text run at (130,515) width 5: " "
      LayoutBR {BR} at (134,515) size 1x19
layer at (12,12) size 34x59 clip at (13,13) size 21x57
  LayoutListBox {SELECT} at (4,4) size 33.75x58.75 [bgcolor=#FFFFFF] [border: (1px solid #999999)]
    LayoutBlockFlow {OPTION} at (1,1) size 20.75x14.19
      LayoutText {#text} at (2,0) size 17x13
        text run at (2,0) width 17: "foo"
layer at (58,12) size 62x59 clip at (59,13) size 49x57
  LayoutListBox {SELECT} at (49.75,4) size 62.09x58.75 [bgcolor=#FFFFFF] [border: (1px solid #999999)]
    LayoutBlockFlow {OPTION} at (1,1) size 49.09x14.19 [color=#FFFFFF] [bgcolor=#0069D9]
      LayoutText {#text} at (2,0) size 17x13
        text run at (2,0) width 17: "foo"
    LayoutBlockFlow {OPTION} at (1,15.19) size 49.09x14.19
      LayoutText {#text} at (2,0) size 18x13
        text run at (2,0) width 18: "bar"
    LayoutBlockFlow {OPTION} at (1,29.38) size 49.09x14.19 [color=#808080] [bgcolor=#D4D4D4]
      LayoutText {#text} at (2,0) size 46x13
        text run at (2,0) width 46: "Disabled"
layer at (132,12) size 34x59 clip at (133,13) size 21x57
  LayoutListBox {SELECT} at (123.84,4) size 34.02x58.75 [bgcolor=#FFFFFF] [border: (1px solid #999999)]
    LayoutBlockFlow {OPTION} at (1,1) size 21.02x14.19 [bgcolor=#D4D4D4]
      LayoutText {#text} at (2,0) size 17x13
        text run at (2,0) width 17: "foo"
    LayoutBlockFlow {OPTION} at (1,15.19) size 21.02x14.19 [color=#808080] [bgcolor=#D4D4D4]
      LayoutText {#text} at (2,0) size 18x13
        text run at (2,0) width 18: "bar"
layer at (178,12) size 48x59 clip at (179,13) size 35x57
  LayoutListBox {SELECT} at (169.86,4) size 48.19x58.75 [color=#7F7F7F] [bgcolor=#FFFFFF] [border: (1px solid #999999)]
    LayoutBlockFlow {OPTION} at (1,1) size 35.19x14.19 [color=#808080] [bgcolor=#D4D4D4]
      LayoutText {#text} at (2,0) size 17x13
        text run at (2,0) width 17: "foo"
    LayoutBlockFlow {OPTION} at (1,15.19) size 35.19x14.19
      LayoutText {#text} at (2,0) size 18x13
        text run at (2,0) width 18: "bar"
    LayoutBlockFlow {OPTGROUP} at (1,29.38) size 35.19x28.38
      LayoutBlockFlow {DIV} at (0,0) size 35.19x14.19
      LayoutBlockFlow {OPTION} at (0,14.19) size 35.19x14.19 [color=#808080] [bgcolor=#D4D4D4]
        LayoutInline {<pseudo:before>} at (0,0) size 13x13
          LayoutTextFragment (anonymous) at (2,0) size 13x13
            text run at (2,0) width 13: "    "
        LayoutText {#text} at (14,0) size 20x13
          text run at (14,0) width 20: "baz"
layer at (238,55) size 41x16 clip at (239,56) size 28x14 scrollHeight 56
  LayoutListBox {SELECT} at (230.05,46.56) size 40.83x16.19 [bgcolor=#FFFFFF] [border: (1px solid #999999)]
    LayoutBlockFlow {OPTION} at (1,1) size 27.83x14.19
      LayoutText {#text} at (2,0) size 22x13
        text run at (2,0) width 22: "foo1"
    LayoutBlockFlow {OPTION} at (1,15.19) size 27.83x14.19
      LayoutText {#text} at (2,0) size 24x13
        text run at (2,0) width 24: "foo2"
    LayoutBlockFlow {OPTION} at (1,29.38) size 27.83x14.19
      LayoutText {#text} at (2,0) size 24x13
        text run at (2,0) width 24: "foo3"
    LayoutBlockFlow {OPTION} at (1,43.56) size 27.83x14.19
      LayoutText {#text} at (2,0) size 24x13
        text run at (2,0) width 24: "foo4"
layer at (291,40) size 41x31 clip at (292,41) size 28x29 scrollHeight 57
  LayoutListBox {SELECT} at (282.88,32.38) size 40.83x30.38 [bgcolor=#FFFFFF] [border: (1px solid #999999)]
    LayoutBlockFlow {OPTION} at (1,1) size 27.83x14.19
      LayoutText {#text} at (2,0) size 22x13
        text run at (2,0) width 22: "foo1"
    LayoutBlockFlow {OPTION} at (1,15.19) size 27.83x14.19
      LayoutText {#text} at (2,0) size 24x13
        text run at (2,0) width 24: "foo2"
    LayoutBlockFlow {OPTION} at (1,29.38) size 27.83x14.19
      LayoutText {#text} at (2,0) size 24x13
        text run at (2,0) width 24: "foo3"
    LayoutBlockFlow {OPTION} at (1,43.56) size 27.83x14.19
      LayoutText {#text} at (2,0) size 24x13
        text run at (2,0) width 24: "foo4"
layer at (344,26) size 41x45 clip at (345,27) size 28x43 scrollHeight 57
  LayoutListBox {SELECT} at (335.70,18.19) size 40.83x44.56 [bgcolor=#FFFFFF] [border: (1px solid #999999)]
    LayoutBlockFlow {OPTION} at (1,1) size 27.83x14.19
      LayoutText {#text} at (2,0) size 22x13
        text run at (2,0) width 22: "foo1"
    LayoutBlockFlow {OPTION} at (1,15.19) size 27.83x14.19
      LayoutText {#text} at (2,0) size 24x13
        text run at (2,0) width 24: "foo2"
    LayoutBlockFlow {OPTION} at (1,29.38) size 27.83x14.19
      LayoutText {#text} at (2,0) size 24x13
        text run at (2,0) width 24: "foo3"
    LayoutBlockFlow {OPTION} at (1,43.56) size 27.83x14.19
      LayoutText {#text} at (2,0) size 24x13
        text run at (2,0) width 24: "foo4"
layer at (12,79) size 38x63 clip at (15,82) size 21x57
  LayoutListBox {SELECT} at (4,70.75) size 37.75x62.75 [bgcolor=#FFFFFF] [border: (3px solid #00FF00)]
    LayoutBlockFlow {OPTION} at (3,3) size 20.75x14.19
      LayoutText {#text} at (2,0) size 17x13
        text run at (2,0) width 17: "foo"
layer at (62,83) size 34x59 clip at (63,84) size 21x57
  LayoutListBox {SELECT} at (53.75,74.75) size 33.75x58.75 [bgcolor=#FFFFFF] [border: (1px solid #999999)]
    LayoutBlockFlow {OPTION} at (1,1) size 20.75x14.19
      LayoutText {#text} at (2,0) size 17x13
        text run at (2,0) width 17: "foo"
layer at (12,150) size 34x58 clip at (13,151) size 21x56
  LayoutListBox {SELECT} at (4,141.50) size 33.75x58.75 [border: (1px solid #999999)]
    LayoutBlockFlow {OPTION} at (1,1) size 20.75x14.19
      LayoutText {#text} at (2,0) size 17x13
        text run at (2,0) width 17: "foo"
layer at (12,216) size 34x59 clip at (13,217) size 21x57
  LayoutListBox {SELECT} at (4,208.25) size 33.75x58.75 [bgcolor=#FFFFFF] [border: (1px solid #999999)]
    LayoutBlockFlow {OPTION} at (1,1) size 20.75x14.19
      LayoutText {#text} at (2,0) size 17x13
        text run at (2,0) width 17: "foo"
layer at (12,321) size 41x83 clip at (13,322) size 28x81
  LayoutListBox {SELECT} at (4,313.44) size 41.34x82.75 [bgcolor=#FFFFFF] [border: (1px solid #999999)]
    LayoutBlockFlow {OPTION} at (1,1) size 28.34x20.19
      LayoutText {#text} at (2,0) size 25x18
        text run at (2,0) width 25: "foo"
layer at (65,302) size 45x102 clip at (66,303) size 32x100
  LayoutListBox {SELECT} at (57.34,294.19) size 44.61x102 [bgcolor=#FFFFFF] [border: (1px solid #999999)]
    LayoutBlockFlow {OPTION} at (1,1) size 31.61x25
      LayoutText {#text} at (2,0) size 28x23
        text run at (2,0) width 28: "foo"
layer at (122,283) size 50x121 clip at (123,284) size 37x119
  LayoutListBox {SELECT} at (113.95,275) size 50.14x121.19 [bgcolor=#FFFFFF] [border: (1px solid #999999)]
    LayoutBlockFlow {OPTION} at (1,1) size 37.14x29.80
      LayoutText {#text} at (2,0) size 34x28
        text run at (2,0) width 34: "foo"
layer at (184,283) size 51x121 clip at (185,284) size 38x119
  LayoutListBox {SELECT} at (176.09,275) size 50.80x121.19 [bgcolor=#FFFFFF] [border: (1px solid #999999)]
    LayoutBlockFlow {OPTION} at (1,1) size 37.80x20.19
      LayoutText {#text} at (2,0) size 25x18
        text run at (2,0) width 25: "foo"
    LayoutBlockFlow {OPTION} at (1,21.19) size 37.80x29.80
      LayoutText {#text} at (2,0) size 34x28
        text run at (2,0) width 34: "bar"
layer at (14,448) size 45x88 clip at (16,449) size 31x85
  LayoutListBox {SELECT} at (6,439.56) size 45.11x88.19 [bgcolor=#FFFFFF] [border: (1.50px solid #999999)]
    LayoutBlockFlow {OPTION} at (1.50,1.50) size 31.11x21.30
      LayoutText {#text} at (3,0) size 26x19
        text run at (3,0) width 26: "foo"
layer at (77,416) size 53x118 clip at (79,418) size 38x114
  LayoutListBox {SELECT} at (69.11,408.19) size 53.38x117.56 [bgcolor=#FFFFFF] [border: (2px solid #999999)]
    LayoutBlockFlow {OPTION} at (2,2) size 38.38x28.39
      LayoutText {#text} at (4,0) size 31x26
        text run at (4,0) width 31: "foo"
