layer at (0,0) size 800x600
  LayoutView at (0,0) size 800x600
layer at (0,0) size 800x174
  LayoutBlockFlow {HTML} at (0,0) size 800x174
    LayoutBlockFlow {BODY} at (8,16) size 784x150
      LayoutBlockFlow {P} at (0,0) size 784x18
        LayoutText {#text} at (0,0) size 608x18
          text run at (0,0) width 608: "The select list box should not display items (options and optgroups) with style \"display: none\"."
      LayoutBlockFlow (anonymous) at (0,34) size 784x116
        LayoutText {#text} at (48,97) size 5x18
          text run at (48,97) width 5: " "
        LayoutText {#text} at (117,97) size 5x18
          text run at (117,97) width 5: " "
        LayoutText {#text} at (185,97) size 5x18
          text run at (185,97) width 5: " "
        LayoutText {#text} at (238,97) size 5x18
          text run at (238,97) width 5: " "
        LayoutText {#text} at (291,97) size 5x18
          text run at (291,97) width 5: " "
        LayoutText {#text} at (0,0) size 0x0
layer at (8,64) size 49x101 clip at (9,65) size 36x99
  LayoutListBox {SELECT} at (0,13.69) size 48.64x101.31 [bgcolor=#FFFFFF] [border: (1px solid #999999)]
    LayoutBlockFlow {OPTION} at (1,1) size 35.64x14.19
      LayoutText {#text} at (2,0) size 22x13
        text run at (2,0) width 22: "One"
    LayoutBlockFlow {OPTION} at (1,15.19) size 35.64x14.19
      LayoutText {#text} at (2,0) size 22x13
        text run at (2,0) width 22: "Two"
    LayoutBlockFlow {OPTION} at (1,29.38) size 35.64x14.19
      LayoutText {#text} at (2,0) size 31x13
        text run at (2,0) width 31: "Three"
    LayoutBlockFlow {OPTION} at (1,43.56) size 35.64x14.19
      LayoutText {#text} at (2,0) size 22x13
        text run at (2,0) width 22: "Five"
    LayoutBlockFlow {OPTION} at (1,57.75) size 35.64x14.19
      LayoutText {#text} at (2,0) size 16x13
        text run at (2,0) width 16: "Six"
    LayoutBlockFlow {OPTION} at (1,71.94) size 35.64x14.19
      LayoutText {#text} at (2,0) size 32x13
        text run at (2,0) width 32: "Seven"
layer at (61,64) size 64x101 clip at (62,65) size 51x99
  LayoutListBox {SELECT} at (52.64,13.69) size 64.55x101.31 [bgcolor=#FFFFFF] [border: (1px solid #999999)]
    LayoutBlockFlow {OPTION} at (1,1) size 51.55x14.19
      LayoutText {#text} at (2,0) size 22x13
        text run at (2,0) width 22: "One"
    LayoutBlockFlow {OPTION} at (1,15.19) size 51.55x14.19
      LayoutText {#text} at (2,0) size 22x13
        text run at (2,0) width 22: "Two"
    LayoutBlockFlow {OPTION} at (1,29.38) size 51.55x14.19
      LayoutText {#text} at (2,0) size 31x13
        text run at (2,0) width 31: "Three"
    LayoutBlockFlow {OPTGROUP} at (1,43.56) size 51.55x28.38
      LayoutBlockFlow {DIV} at (0,0) size 51.55x14.19
        LayoutText {#text} at (2,0) size 48x13
          text run at (2,0) width 48: "***45***"
      LayoutBlockFlow {OPTION} at (0,14.19) size 51.55x14.19
        LayoutInline {<pseudo:before>} at (0,0) size 13x13
          LayoutTextFragment (anonymous) at (2,0) size 13x13
            text run at (2,0) width 13: "    "
        LayoutText {#text} at (14,0) size 22x13
          text run at (14,0) width 22: "Five"
    LayoutBlockFlow {OPTION} at (1,71.94) size 51.55x14.19
      LayoutText {#text} at (2,0) size 32x13
        text run at (2,0) width 32: "Seven"
layer at (129,64) size 65x101 clip at (130,65) size 52x99
  LayoutListBox {SELECT} at (121.19,13.69) size 64.55x101.31 [bgcolor=#FFFFFF] [border: (1px solid #999999)]
    LayoutBlockFlow {OPTION} at (1,1) size 51.55x14.19
      LayoutText {#text} at (2,0) size 22x13
        text run at (2,0) width 22: "One"
    LayoutBlockFlow {OPTION} at (1,15.19) size 51.55x14.19
      LayoutText {#text} at (2,0) size 22x13
        text run at (2,0) width 22: "Two"
    LayoutBlockFlow {OPTGROUP} at (1,29.38) size 51.55x28.38
      LayoutBlockFlow {DIV} at (0,0) size 51.55x14.19
        LayoutText {#text} at (2,0) size 48x13
          text run at (2,0) width 48: "***45***"
      LayoutBlockFlow {OPTION} at (0,14.19) size 51.55x14.19
        LayoutInline {<pseudo:before>} at (0,0) size 13x13
          LayoutTextFragment (anonymous) at (2,0) size 13x13
            text run at (2,0) width 13: "    "
        LayoutText {#text} at (14,0) size 24x13
          text run at (14,0) width 24: "Four"
    LayoutBlockFlow {OPTION} at (1,57.75) size 51.55x14.19
      LayoutText {#text} at (2,0) size 16x13
        text run at (2,0) width 16: "Six"
    LayoutBlockFlow {OPTION} at (1,71.94) size 51.55x14.19
      LayoutText {#text} at (2,0) size 32x13
        text run at (2,0) width 32: "Seven"
layer at (198,50) size 48x115 clip at (199,51) size 35x113
  LayoutListBox {SELECT} at (189.73,-0.50) size 48.64x115.50 [bgcolor=#FFFFFF] [border: (1px solid #999999)]
    LayoutBlockFlow {OPTION} at (1,1) size 35.64x14.19
      LayoutText {#text} at (2,0) size 22x13
        text run at (2,0) width 22: "One"
    LayoutBlockFlow {OPTION} at (1,15.19) size 35.64x14.19
      LayoutText {#text} at (2,0) size 22x13
        text run at (2,0) width 22: "Two"
    LayoutBlockFlow {OPTION} at (1,29.38) size 35.64x14.19
      LayoutText {#text} at (2,0) size 31x13
        text run at (2,0) width 31: "Three"
    LayoutBlockFlow {OPTION} at (1,43.56) size 35.64x14.19
      LayoutText {#text} at (2,0) size 32x13
        text run at (2,0) width 32: "Seven"
layer at (250,50) size 49x115 clip at (251,51) size 36x113
  LayoutListBox {SELECT} at (242.38,-0.50) size 48.64x115.50 [bgcolor=#FFFFFF] [border: (1px solid #999999)]
    LayoutBlockFlow {OPTION} at (1,1) size 35.64x14.19
      LayoutText {#text} at (2,0) size 22x13
        text run at (2,0) width 22: "One"
    LayoutBlockFlow {OPTION} at (1,15.19) size 35.64x14.19
      LayoutText {#text} at (2,0) size 22x13
        text run at (2,0) width 22: "Two"
    LayoutBlockFlow {OPTION} at (1,29.38) size 35.64x14.19
      LayoutText {#text} at (2,0) size 31x13
        text run at (2,0) width 31: "Three"
    LayoutBlockFlow {OPTION} at (1,43.56) size 35.64x14.19
      LayoutText {#text} at (2,0) size 32x13
        text run at (2,0) width 32: "Seven"
layer at (303,50) size 61x115 clip at (304,51) size 48x113
  LayoutListBox {SELECT} at (295.02,-0.50) size 61.05x115.50 [bgcolor=#FFFFFF] [border: (1px solid #999999)]
    LayoutBlockFlow {OPTION} at (1,1) size 48.05x14.19
      LayoutText {#text} at (2,0) size 22x13
        text run at (2,0) width 22: "One"
    LayoutBlockFlow {OPTION} at (1,15.19) size 48.05x14.19
      LayoutText {#text} at (2,0) size 22x13
        text run at (2,0) width 22: "Two"
    LayoutBlockFlow {OPTION} at (1,29.38) size 48.05x14.19
      LayoutText {#text} at (2,0) size 31x13
        text run at (2,0) width 31: "Three"
    LayoutBlockFlow {OPTGROUP} at (1,43.56) size 48.05x56.75
      LayoutBlockFlow {DIV} at (0,0) size 48.05x14.19
        LayoutText {#text} at (2,0) size 45x13
          text run at (2,0) width 45: "**456**"
      LayoutBlockFlow {OPTION} at (0,14.19) size 48.05x14.19
        LayoutInline {<pseudo:before>} at (0,0) size 13x13
          LayoutTextFragment (anonymous) at (2,0) size 13x13
            text run at (2,0) width 13: "    "
        LayoutText {#text} at (14,0) size 24x13
          text run at (14,0) width 24: "Four"
      LayoutBlockFlow {OPTION} at (0,28.38) size 48.05x14.19
        LayoutInline {<pseudo:before>} at (0,0) size 13x13
          LayoutTextFragment (anonymous) at (2,0) size 13x13
            text run at (2,0) width 13: "    "
        LayoutText {#text} at (14,0) size 22x13
          text run at (14,0) width 22: "Five"
      LayoutBlockFlow {OPTION} at (0,42.56) size 48.05x14.19
        LayoutInline {<pseudo:before>} at (0,0) size 13x13
          LayoutTextFragment (anonymous) at (2,0) size 13x13
            text run at (2,0) width 13: "    "
        LayoutText {#text} at (14,0) size 16x13
          text run at (14,0) width 16: "Six"
    LayoutBlockFlow {OPTION} at (1,100.31) size 48.05x14.19
      LayoutText {#text} at (2,0) size 32x13
        text run at (2,0) width 32: "Seven"
