layer at (0,0) size 800x600
  LayoutView at (0,0) size 800x600
layer at (0,0) size 800x408
  LayoutBlockFlow {HTML} at (0,0) size 800x408
    LayoutBlockFlow {BODY} at (8,8) size 784x392
      LayoutBlockFlow (anonymous) at (0,0) size 784x36
        LayoutText {#text} at (0,0) size 614x18
          text run at (0,0) width 614: "This test verifies the visual alignment of items in a select element while changing text direction."
        LayoutBR {BR} at (613,0) size 1x18
        LayoutText {#text} at (0,18) size 438x18
          text run at (0,18) width 438: "All the items in the following select elements should be left-aligned."
      LayoutTable {TABLE} at (0,36) size 640x100
        LayoutTableSection {TBODY} at (0,0) size 640x100
          LayoutTableRow {TR} at (0,2) size 640x47
            LayoutTableCell {TD} at (2,2) size 152x46.56 [r=0 c=0 rs=1 cs=1]
            LayoutTableCell {TD} at (156,2) size 163x46.56 [r=0 c=1 rs=1 cs=1]
            LayoutTableCell {TD} at (321,2) size 152x46.56 [r=0 c=2 rs=1 cs=1]
            LayoutTableCell {TD} at (475,2) size 163x46.56 [r=0 c=3 rs=1 cs=1]
          LayoutTableRow {TR} at (0,51) size 640x47
            LayoutTableCell {TD} at (2,51) size 152x46.56 [r=1 c=0 rs=1 cs=1]
            LayoutTableCell {TD} at (156,51) size 163x46.56 [r=1 c=1 rs=1 cs=1]
      LayoutBlockFlow (anonymous) at (0,136) size 784x18
        LayoutText {#text} at (0,0) size 447x18
          text run at (0,0) width 447: "All the items in the following select elements should be right-aligned."
      LayoutTable {TABLE} at (0,154) size 628x100
        LayoutTableSection {TBODY} at (0,0) size 628x100
          LayoutTableRow {TR} at (0,2) size 628x47
            LayoutTableCell {TD} at (2,2) size 159x46.56 [r=0 c=0 rs=1 cs=1]
            LayoutTableCell {TD} at (163,2) size 150x46.56 [r=0 c=1 rs=1 cs=1]
            LayoutTableCell {TD} at (315,2) size 159x46.56 [r=0 c=2 rs=1 cs=1]
            LayoutTableCell {TD} at (476,2) size 150x46.56 [r=0 c=3 rs=1 cs=1]
          LayoutTableRow {TR} at (0,51) size 628x47
            LayoutTableCell {TD} at (2,51) size 159x46.56 [r=1 c=0 rs=1 cs=1]
            LayoutTableCell {TD} at (163,51) size 150x46.56 [r=1 c=1 rs=1 cs=1]
      LayoutBlockFlow (anonymous) at (0,254) size 784x18
        LayoutText {#text} at (0,0) size 456x18
          text run at (0,0) width 456: "All the items in the following select elements should be center-aligned."
      LayoutTable {TABLE} at (0,272) size 668x51
        LayoutTableSection {TBODY} at (0,0) size 668x51
          LayoutTableRow {TR} at (0,2) size 668x47
            LayoutTableCell {TD} at (2,2) size 168x46.56 [r=0 c=0 rs=1 cs=1]
            LayoutTableCell {TD} at (172,2) size 161x46.56 [r=0 c=1 rs=1 cs=1]
            LayoutTableCell {TD} at (335,2) size 168x46.56 [r=0 c=2 rs=1 cs=1]
            LayoutTableCell {TD} at (505,2) size 161x46.56 [r=0 c=3 rs=1 cs=1]
      LayoutBlockFlow (anonymous) at (0,323) size 784x18
        LayoutText {#text} at (0,0) size 296x18
          text run at (0,0) width 296: "The following tables check mixed alignments."
      LayoutTable {TABLE} at (0,341) size 716x51
        LayoutTableSection {TBODY} at (0,0) size 716x51
          LayoutTableRow {TR} at (0,2) size 716x47
            LayoutTableCell {TD} at (2,2) size 164x46.56 [r=0 c=0 rs=1 cs=1]
            LayoutTableCell {TD} at (168,2) size 164x46.56 [r=0 c=1 rs=1 cs=1]
            LayoutTableCell {TD} at (334,2) size 189x46.56 [r=0 c=2 rs=1 cs=1]
            LayoutTableCell {TD} at (525,2) size 189x46.56 [r=0 c=3 rs=1 cs=1]
layer at (11,47) size 149x45 clip at (12,48) size 136x43
  LayoutListBox {SELECT} at (1,1) size 149.17x44.56 [bgcolor=#FFFFFF] [border: (1px solid #999999)]
    LayoutBlockFlow {OPTION} at (1,1) size 136.17x14.19
      LayoutText {#text} at (2,0) size 113x13
        text run at (2,0) width 113: "This is an English text"
    LayoutBlockFlow {OPTION} at (1,15.19) size 136.17x14.19
      LayoutText {#text} at (2,0) size 133x13
        text run at (2,0) width 133: "It needs to be left aligned"
    LayoutBlockFlow {OPTION} at (1,29.38) size 136.17x14.19
      LayoutText {#text} at (2,0) size 82x13
        text run at (2,0) width 82: "Some more text"
layer at (165,47) size 160x45 clip at (166,48) size 147x43
  LayoutListBox {SELECT} at (1,1) size 160.08x44.56 [bgcolor=#FFFFFF] [border: (1px solid #999999)]
    LayoutBlockFlow {OPTION} at (1,1) size 147.08x14.19
      LayoutText {#text} at (2,0) size 86x13
        text run at (2,0) width 86 RTL: "\x{5D6}\x{5D4} \x{5D8}\x{5E7}\x{5E1}\x{5D8} \x{5D1}\x{5E2}\x{5D1}\x{5E8}\x{5D9}\x{5EA}"
    LayoutBlockFlow {OPTION} at (1,15.19) size 147.08x14.19
      LayoutText {#text} at (2,0) size 144x13
        text run at (2,0) width 144 RTL: "\x{5D4}\x{5D5}\x{5D0} \x{5E6}\x{5E8}\x{5D9}\x{5DA} \x{5DC}\x{5D4}\x{5D9}\x{5D5}\x{5EA} \x{5DE}\x{5D9}\x{5D5}\x{5E9}\x{5E8} \x{5DC}\x{5E9}\x{5DE}\x{5D0}\x{5DC}"
    LayoutBlockFlow {OPTION} at (1,29.38) size 147.08x14.19
      LayoutText {#text} at (2,0) size 80x13
        text run at (2,0) width 80 RTL: "\x{5D9}\x{5E9}\x{5E8}\x{5D0}\x{5DC} \x{5DE}\x{5EA}\x{5D9}\x{5D9}\x{5D1}\x{5E9}\x{5EA}"
layer at (330,47) size 149x45 clip at (342,48) size 136x43
  LayoutListBox {SELECT} at (1,1) size 149.17x44.56 [bgcolor=#FFFFFF] [border: (1px solid #999999)]
    LayoutBlockFlow {OPTION} at (12,1) size 136.17x14.19
      LayoutText {#text} at (2,0) size 112x13
        text run at (2,0) width 112: "This is an English text"
    LayoutBlockFlow {OPTION} at (12,15.19) size 136.17x14.19
      LayoutText {#text} at (2,0) size 132x13
        text run at (2,0) width 132: "It needs to be left aligned"
    LayoutBlockFlow {OPTION} at (12,29.38) size 136.17x14.19
      LayoutText {#text} at (2,0) size 82x13
        text run at (2,0) width 82: "Some more text"
layer at (484,47) size 160x45 clip at (496,48) size 147x43
  LayoutListBox {SELECT} at (1,1) size 160.08x44.56 [bgcolor=#FFFFFF] [border: (1px solid #999999)]
    LayoutBlockFlow {OPTION} at (12,1) size 147.08x14.19
      LayoutText {#text} at (2,0) size 86x13
        text run at (2,0) width 86 RTL: "\x{5D6}\x{5D4} \x{5D8}\x{5E7}\x{5E1}\x{5D8} \x{5D1}\x{5E2}\x{5D1}\x{5E8}\x{5D9}\x{5EA}"
    LayoutBlockFlow {OPTION} at (12,15.19) size 147.08x14.19
      LayoutText {#text} at (2,0) size 144x13
        text run at (2,0) width 144 RTL: "\x{5D4}\x{5D5}\x{5D0} \x{5E6}\x{5E8}\x{5D9}\x{5DA} \x{5DC}\x{5D4}\x{5D9}\x{5D5}\x{5EA} \x{5DE}\x{5D9}\x{5D5}\x{5E9}\x{5E8} \x{5DC}\x{5E9}\x{5DE}\x{5D0}\x{5DC}"
    LayoutBlockFlow {OPTION} at (12,29.38) size 147.08x14.19
      LayoutText {#text} at (2,0) size 80x13
        text run at (2,0) width 80 RTL: "\x{5D9}\x{5E9}\x{5E8}\x{5D0}\x{5DC} \x{5DE}\x{5EA}\x{5D9}\x{5D9}\x{5D1}\x{5E9}\x{5EA}"
layer at (11,96) size 149x45 clip at (12,97) size 136x43
  LayoutListBox {SELECT} at (1,1) size 149.17x44.56 [bgcolor=#FFFFFF] [border: (1px solid #999999)]
    LayoutBlockFlow {OPTION} at (1,1) size 136.17x14.19
      LayoutText {#text} at (2,0) size 113x13
        text run at (2,0) width 113: "This is an English text"
    LayoutBlockFlow {OPTION} at (1,15.19) size 136.17x14.19
      LayoutText {#text} at (2,0) size 133x13
        text run at (2,0) width 133: "It needs to be left aligned"
    LayoutBlockFlow {OPTION} at (1,29.38) size 136.17x14.19
      LayoutText {#text} at (2,0) size 82x13
        text run at (2,0) width 82: "Some more text"
layer at (165,96) size 160x45 clip at (166,97) size 147x43
  LayoutListBox {SELECT} at (1,1) size 160.08x44.56 [bgcolor=#FFFFFF] [border: (1px solid #999999)]
    LayoutBlockFlow {OPTION} at (1,1) size 147.08x14.19
      LayoutText {#text} at (2,0) size 86x13
        text run at (2,0) width 86 RTL: "\x{5D6}\x{5D4} \x{5D8}\x{5E7}\x{5E1}\x{5D8} \x{5D1}\x{5E2}\x{5D1}\x{5E8}\x{5D9}\x{5EA}"
    LayoutBlockFlow {OPTION} at (1,15.19) size 147.08x14.19
      LayoutText {#text} at (2,0) size 144x13
        text run at (2,0) width 144 RTL: "\x{5D4}\x{5D5}\x{5D0} \x{5E6}\x{5E8}\x{5D9}\x{5DA} \x{5DC}\x{5D4}\x{5D9}\x{5D5}\x{5EA} \x{5DE}\x{5D9}\x{5D5}\x{5E9}\x{5E8} \x{5DC}\x{5E9}\x{5DE}\x{5D0}\x{5DC}"
    LayoutBlockFlow {OPTION} at (1,29.38) size 147.08x14.19
      LayoutText {#text} at (2,0) size 80x13
        text run at (2,0) width 80 RTL: "\x{5D9}\x{5E9}\x{5E8}\x{5D0}\x{5DC} \x{5DE}\x{5EA}\x{5D9}\x{5D9}\x{5D1}\x{5E9}\x{5EA}"
layer at (11,165) size 156x45 clip at (23,166) size 143x43
  LayoutListBox {SELECT} at (1,1) size 156.38x44.56 [bgcolor=#FFFFFF] [border: (1px solid #999999)]
    LayoutBlockFlow {OPTION} at (12,1) size 143.38x14.19
      LayoutText {#text} at (29,0) size 113x13
        text run at (29,0) width 113: "This is an English text"
    LayoutBlockFlow {OPTION} at (12,15.19) size 143.38x14.19
      LayoutText {#text} at (2,0) size 140x13
        text run at (2,0) width 140: "It needs to be right aligned"
    LayoutBlockFlow {OPTION} at (12,29.38) size 143.38x14.19
      LayoutText {#text} at (59,0) size 83x13
        text run at (59,0) width 83: "Some more text"
layer at (172,165) size 148x45 clip at (184,166) size 135x43
  LayoutListBox {SELECT} at (1,1) size 147.83x44.56 [bgcolor=#FFFFFF] [border: (1px solid #999999)]
    LayoutBlockFlow {OPTION} at (12,1) size 134.83x14.19
      LayoutText {#text} at (47,0) size 86x13
        text run at (47,0) width 86 RTL: "\x{5D6}\x{5D4} \x{5D8}\x{5E7}\x{5E1}\x{5D8} \x{5D1}\x{5E2}\x{5D1}\x{5E8}\x{5D9}\x{5EA}"
    LayoutBlockFlow {OPTION} at (12,15.19) size 134.83x14.19
      LayoutText {#text} at (2,0) size 131x13
        text run at (2,0) width 131 RTL: "\x{5D4}\x{5D5}\x{5D0} \x{5E6}\x{5E8}\x{5D9}\x{5DA} \x{5DC}\x{5D4}\x{5D9}\x{5D5}\x{5EA} \x{5DE}\x{5D9}\x{5D5}\x{5E9}\x{5E8} \x{5DC}\x{5D9}\x{5DE}\x{5D9}\x{5DF}"
    LayoutBlockFlow {OPTION} at (12,29.38) size 134.83x14.19
      LayoutText {#text} at (53,0) size 80x13
        text run at (53,0) width 80 RTL: "\x{5D9}\x{5E9}\x{5E8}\x{5D0}\x{5DC} \x{5DE}\x{5EA}\x{5D9}\x{5D9}\x{5D1}\x{5E9}\x{5EA}"
layer at (324,165) size 156x45 clip at (336,166) size 143x43
  LayoutListBox {SELECT} at (1,1) size 156.38x44.56 [bgcolor=#FFFFFF] [border: (1px solid #999999)]
    LayoutBlockFlow {OPTION} at (12,1) size 143.38x14.19
      LayoutText {#text} at (29,0) size 113x13
        text run at (29,0) width 113: "This is an English text"
    LayoutBlockFlow {OPTION} at (12,15.19) size 143.38x14.19
      LayoutText {#text} at (2,0) size 140x13
        text run at (2,0) width 140: "It needs to be right aligned"
    LayoutBlockFlow {OPTION} at (12,29.38) size 143.38x14.19
      LayoutText {#text} at (59,0) size 83x13
        text run at (59,0) width 83: "Some more text"
layer at (485,165) size 148x45 clip at (497,166) size 135x43
  LayoutListBox {SELECT} at (1,1) size 147.83x44.56 [bgcolor=#FFFFFF] [border: (1px solid #999999)]
    LayoutBlockFlow {OPTION} at (12,1) size 134.83x14.19
      LayoutText {#text} at (47,0) size 86x13
        text run at (47,0) width 86 RTL: "\x{5D6}\x{5D4} \x{5D8}\x{5E7}\x{5E1}\x{5D8} \x{5D1}\x{5E2}\x{5D1}\x{5E8}\x{5D9}\x{5EA}"
    LayoutBlockFlow {OPTION} at (12,15.19) size 134.83x14.19
      LayoutText {#text} at (2,0) size 131x13
        text run at (2,0) width 131 RTL: "\x{5D4}\x{5D5}\x{5D0} \x{5E6}\x{5E8}\x{5D9}\x{5DA} \x{5DC}\x{5D4}\x{5D9}\x{5D5}\x{5EA} \x{5DE}\x{5D9}\x{5D5}\x{5E9}\x{5E8} \x{5DC}\x{5D9}\x{5DE}\x{5D9}\x{5DF}"
    LayoutBlockFlow {OPTION} at (12,29.38) size 134.83x14.19
      LayoutText {#text} at (53,0) size 80x13
        text run at (53,0) width 80 RTL: "\x{5D9}\x{5E9}\x{5E8}\x{5D0}\x{5DC} \x{5DE}\x{5EA}\x{5D9}\x{5D9}\x{5D1}\x{5E9}\x{5EA}"
layer at (11,214) size 156x45 clip at (12,215) size 143x43
  LayoutListBox {SELECT} at (1,1) size 156.38x44.56 [bgcolor=#FFFFFF] [border: (1px solid #999999)]
    LayoutBlockFlow {OPTION} at (1,1) size 143.38x14.19
      LayoutText {#text} at (28,0) size 114x13
        text run at (28,0) width 114: "This is an English text"
    LayoutBlockFlow {OPTION} at (1,15.19) size 143.38x14.19
      LayoutText {#text} at (2,0) size 140x13
        text run at (2,0) width 140: "It needs to be right aligned"
    LayoutBlockFlow {OPTION} at (1,29.38) size 143.38x14.19
      LayoutText {#text} at (59,0) size 83x13
        text run at (59,0) width 83: "Some more text"
layer at (172,214) size 148x45 clip at (173,215) size 135x43
  LayoutListBox {SELECT} at (1,1) size 147.83x44.56 [bgcolor=#FFFFFF] [border: (1px solid #999999)]
    LayoutBlockFlow {OPTION} at (1,1) size 134.83x14.19
      LayoutText {#text} at (47,0) size 86x13
        text run at (47,0) width 86 RTL: "\x{5D6}\x{5D4} \x{5D8}\x{5E7}\x{5E1}\x{5D8} \x{5D1}\x{5E2}\x{5D1}\x{5E8}\x{5D9}\x{5EA}"
    LayoutBlockFlow {OPTION} at (1,15.19) size 134.83x14.19
      LayoutText {#text} at (2,0) size 131x13
        text run at (2,0) width 131 RTL: "\x{5D4}\x{5D5}\x{5D0} \x{5E6}\x{5E8}\x{5D9}\x{5DA} \x{5DC}\x{5D4}\x{5D9}\x{5D5}\x{5EA} \x{5DE}\x{5D9}\x{5D5}\x{5E9}\x{5E8} \x{5DC}\x{5D9}\x{5DE}\x{5D9}\x{5DF}"
    LayoutBlockFlow {OPTION} at (1,29.38) size 134.83x14.19
      LayoutText {#text} at (53,0) size 80x13
        text run at (53,0) width 80 RTL: "\x{5D9}\x{5E9}\x{5E8}\x{5D0}\x{5DC} \x{5DE}\x{5EA}\x{5D9}\x{5D9}\x{5D1}\x{5E9}\x{5EA}"
layer at (11,283) size 165x45 clip at (23,284) size 152x43
  LayoutListBox {SELECT} at (1,1) size 165.39x44.56 [bgcolor=#FFFFFF] [border: (1px solid #999999)]
    LayoutBlockFlow {OPTION} at (12,1) size 152.39x14.19
      LayoutText {#text} at (20,0) size 113x13
        text run at (20,0) width 113: "This is an English text"
    LayoutBlockFlow {OPTION} at (12,15.19) size 152.39x14.19
      LayoutText {#text} at (2,0) size 149x13
        text run at (2,0) width 149: "It needs to be center aligned"
    LayoutBlockFlow {OPTION} at (12,29.38) size 152.39x14.19
      LayoutText {#text} at (35,0) size 83x13
        text run at (35,0) width 83: "Some more text"
layer at (181,283) size 158x45 clip at (193,284) size 145x43
  LayoutListBox {SELECT} at (1,1) size 158.20x44.56 [bgcolor=#FFFFFF] [border: (1px solid #999999)]
    LayoutBlockFlow {OPTION} at (12,1) size 145.20x14.19
      LayoutText {#text} at (30,0) size 86x13
        text run at (30,0) width 86 RTL: "\x{5D6}\x{5D4} \x{5D8}\x{5E7}\x{5E1}\x{5D8} \x{5D1}\x{5E2}\x{5D1}\x{5E8}\x{5D9}\x{5EA}"
    LayoutBlockFlow {OPTION} at (12,15.19) size 145.20x14.19
      LayoutText {#text} at (2,0) size 142x13
        text run at (2,0) width 142 RTL: "\x{5D4}\x{5D5}\x{5D0} \x{5E6}\x{5E8}\x{5D9}\x{5DA} \x{5DC}\x{5D4}\x{5D9}\x{5D5}\x{5EA} \x{5DE}\x{5D9}\x{5D5}\x{5E9}\x{5E8} \x{5DC}\x{5D0}\x{5DE}\x{5E6}\x{5E2}"
    LayoutBlockFlow {OPTION} at (12,29.38) size 145.20x14.19
      LayoutText {#text} at (32,0) size 81x13
        text run at (32,0) width 81 RTL: "\x{5D9}\x{5E9}\x{5E8}\x{5D0}\x{5DC} \x{5DE}\x{5EA}\x{5D9}\x{5D9}\x{5D1}\x{5E9}\x{5EA}"
layer at (344,283) size 165x45 clip at (345,284) size 152x43
  LayoutListBox {SELECT} at (1,1) size 165.39x44.56 [bgcolor=#FFFFFF] [border: (1px solid #999999)]
    LayoutBlockFlow {OPTION} at (1,1) size 152.39x14.19
      LayoutText {#text} at (19,0) size 114x13
        text run at (19,0) width 114: "This is an English text"
    LayoutBlockFlow {OPTION} at (1,15.19) size 152.39x14.19
      LayoutText {#text} at (2,0) size 149x13
        text run at (2,0) width 149: "It needs to be center aligned"
    LayoutBlockFlow {OPTION} at (1,29.38) size 152.39x14.19
      LayoutText {#text} at (35,0) size 83x13
        text run at (35,0) width 83: "Some more text"
layer at (514,283) size 158x45 clip at (515,284) size 145x43
  LayoutListBox {SELECT} at (1,1) size 158.20x44.56 [bgcolor=#FFFFFF] [border: (1px solid #999999)]
    LayoutBlockFlow {OPTION} at (1,1) size 145.20x14.19
      LayoutText {#text} at (30,0) size 86x13
        text run at (30,0) width 86 RTL: "\x{5D6}\x{5D4} \x{5D8}\x{5E7}\x{5E1}\x{5D8} \x{5D1}\x{5E2}\x{5D1}\x{5E8}\x{5D9}\x{5EA}"
    LayoutBlockFlow {OPTION} at (1,15.19) size 145.20x14.19
      LayoutText {#text} at (2,0) size 142x13
        text run at (2,0) width 142 RTL: "\x{5D4}\x{5D5}\x{5D0} \x{5E6}\x{5E8}\x{5D9}\x{5DA} \x{5DC}\x{5D4}\x{5D9}\x{5D5}\x{5EA} \x{5DE}\x{5D9}\x{5D5}\x{5E9}\x{5E8} \x{5DC}\x{5D0}\x{5DE}\x{5E6}\x{5E2}"
    LayoutBlockFlow {OPTION} at (1,29.38) size 145.20x14.19
      LayoutText {#text} at (32,0) size 81x13
        text run at (32,0) width 81 RTL: "\x{5D9}\x{5E9}\x{5E8}\x{5D0}\x{5DC} \x{5DE}\x{5EA}\x{5D9}\x{5D9}\x{5D1}\x{5E9}\x{5EA}"
layer at (11,352) size 161x45 clip at (23,353) size 148x43
  LayoutListBox {SELECT} at (1,1) size 161.13x44.56 [bgcolor=#FFFFFF] [border: (1px solid #999999)]
    LayoutBlockFlow {OPTION} at (12,1) size 148.13x14.19
      LayoutText {#text} at (2,0) size 145x13
        text run at (2,0) width 145: "This should be right aligned"
    LayoutBlockFlow {OPTION} at (12,15.19) size 148.13x14.19
      LayoutText {#text} at (2,0) size 137x13
        text run at (2,0) width 137: "This should be left aligned"
    LayoutBlockFlow {OPTION} at (12,29.38) size 148.13x14.19
      LayoutText {#text} at (36,0) size 76x13
        text run at (36,0) width 76: "Center aligned"
layer at (177,352) size 161x45 clip at (178,353) size 148x43
  LayoutListBox {SELECT} at (1,1) size 161.13x44.56 [bgcolor=#FFFFFF] [border: (1px solid #999999)]
    LayoutBlockFlow {OPTION} at (1,1) size 148.13x14.19
      LayoutText {#text} at (2,0) size 137x13
        text run at (2,0) width 137: "This should be left aligned"
    LayoutBlockFlow {OPTION} at (1,15.19) size 148.13x14.19
      LayoutText {#text} at (2,0) size 145x13
        text run at (2,0) width 145: "This should be right aligned"
    LayoutBlockFlow {OPTION} at (1,29.38) size 148.13x14.19
      LayoutText {#text} at (36,0) size 76x13
        text run at (36,0) width 76: "Center aligned"
layer at (343,352) size 187x45 clip at (355,353) size 174x43
  LayoutListBox {SELECT} at (1,1) size 186.66x44.56 [bgcolor=#FFFFFF] [border: (1px solid #999999)]
    LayoutBlockFlow {OPTION} at (12,1) size 173.66x14.19
      LayoutText {#text} at (14,0) size 158x13
        text run at (14,0) width 158 RTL: "\x{5D8}\x{5E7}\x{5E1}\x{5D8} \x{5D6}\x{5D4} \x{5E6}\x{5E8}\x{5D9}\x{5DA} \x{5DC}\x{5D4}\x{5D9}\x{5D5}\x{5EA} \x{5DE}\x{5D9}\x{5D5}\x{5E9}\x{5E8} \x{5DC}\x{5D9}\x{5DE}\x{5D9}\x{5DF}"
    LayoutBlockFlow {OPTION} at (12,15.19) size 173.66x14.19
      LayoutText {#text} at (2,0) size 170x13
        text run at (2,0) width 170 RTL: "\x{5D8}\x{5E7}\x{5E1}\x{5D8} \x{5D6}\x{5D4} \x{5E6}\x{5E8}\x{5D9}\x{5DA} \x{5DC}\x{5D4}\x{5D9}\x{5D5}\x{5EA} \x{5DE}\x{5D9}\x{5D5}\x{5E9}\x{5E8} \x{5DC}\x{5E9}\x{5DE}\x{5D0}\x{5DC}"
    LayoutBlockFlow {OPTION} at (12,29.38) size 173.66x14.19
      LayoutText {#text} at (53,0) size 68x13
        text run at (53,0) width 68 RTL: "\x{5D8}\x{5E7}\x{5E1}\x{5D8} \x{5DE}\x{5DE}\x{5D5}\x{5E8}\x{5DB}\x{5D6}"
layer at (534,352) size 187x45 clip at (535,353) size 174x43
  LayoutListBox {SELECT} at (1,1) size 186.66x44.56 [bgcolor=#FFFFFF] [border: (1px solid #999999)]
    LayoutBlockFlow {OPTION} at (1,1) size 173.66x14.19
      LayoutText {#text} at (2,0) size 170x13
        text run at (2,0) width 170 RTL: "\x{5D8}\x{5E7}\x{5E1}\x{5D8} \x{5D6}\x{5D4} \x{5E6}\x{5E8}\x{5D9}\x{5DA} \x{5DC}\x{5D4}\x{5D9}\x{5D5}\x{5EA} \x{5DE}\x{5D9}\x{5D5}\x{5E9}\x{5E8} \x{5DC}\x{5E9}\x{5DE}\x{5D0}\x{5DC}"
    LayoutBlockFlow {OPTION} at (1,15.19) size 173.66x14.19
      LayoutText {#text} at (14,0) size 158x13
        text run at (14,0) width 158 RTL: "\x{5D8}\x{5E7}\x{5E1}\x{5D8} \x{5D6}\x{5D4} \x{5E6}\x{5E8}\x{5D9}\x{5DA} \x{5DC}\x{5D4}\x{5D9}\x{5D5}\x{5EA} \x{5DE}\x{5D9}\x{5D5}\x{5E9}\x{5E8} \x{5DC}\x{5D9}\x{5DE}\x{5D9}\x{5DF}"
    LayoutBlockFlow {OPTION} at (1,29.38) size 173.66x14.19
      LayoutText {#text} at (53,0) size 68x13
        text run at (53,0) width 68 RTL: "\x{5D8}\x{5E7}\x{5E1}\x{5D8} \x{5DE}\x{5DE}\x{5D5}\x{5E8}\x{5DB}\x{5D6}"
