layer at (0,0) size 800x600
  LayoutView at (0,0) size 800x600
layer at (0,0) size 800x600
  LayoutBlockFlow {HTML} at (0,0) size 800x600
    LayoutBlockFlow {BODY} at (8,8) size 784x584
      LayoutMenuList {SELECT} at (0,1) size 69x18 [bgcolor=#F8F8F8]
        LayoutBlockFlow (anonymous) at (0,0) size 69x18
          LayoutText (anonymous) at (8,2) size 38x13
            text run at (8,2) width 38: "Default"
      LayoutText {#text} at (69,0) size 4x18
        text run at (69,0) width 4: " "
      LayoutMenuList {SELECT} at (73,1) size 52x18 [bgcolor=#F8F8F8]
        LayoutBlockFlow (anonymous) at (0,0) size 52x18
          LayoutText (anonymous) at (8,2) size 21x13
            text run at (8,2) width 21: "Red"
      LayoutText {#text} at (125,0) size 4x18
        text run at (125,0) width 4: " "
      LayoutMenuList {SELECT} at (129,1) size 110x18 [bgcolor=#008000] [border: (1px solid #A6A6A6)]
        LayoutBlockFlow (anonymous) at (1,1) size 108x16
          LayoutText (anonymous) at (8,1) size 87x13
            text run at (8,1) width 87: "Default on green"
      LayoutText {#text} at (239,0) size 4x18
        text run at (239,0) width 4: " "
      LayoutMenuList {SELECT} at (243,1) size 92x18 [color=#FF0000] [bgcolor=#008000] [border: (1px solid #A6A6A6)]
        LayoutBlockFlow (anonymous) at (1,1) size 90x16
          LayoutText (anonymous) at (8,1) size 69x13
            text run at (8,1) width 69: "Red on green"
      LayoutText {#text} at (0,0) size 0x0
