layer at (0,0) size 800x600
  LayoutView at (0,0) size 800x600
layer at (0,0) size 800x600
  LayoutBlockFlow {HTML} at (0,0) size 800x600
    LayoutBlockFlow {BODY} at (8,8) size 784x584
      LayoutBlockFlow {H1} at (0,0) size 784x37
        LayoutText {#text} at (0,0) size 508x37
          text run at (0,0) width 508: "Dynamically changing pseudo classes"
      LayoutBlockFlow {P} at (0,58.44) size 784x18
        LayoutText {#text} at (0,0) size 659x18
          text run at (0,0) width 659: "Following meter gauge should be solid green - Changing the paseudo class by changing value attribute"
      LayoutBlockFlow (anonymous) at (0,92.44) size 784x16
        LayoutBlockFlow {METER} at (0,0) size 80x16
          LayoutBlockFlow {DIV} at (0,0) size 80x16
            LayoutBlockFlow {DIV} at (0,0) size 80x16 [bgcolor=#808080]
              LayoutBlockFlow {DIV} at (0,0) size 72x16 [bgcolor=#008000]
        LayoutText {#text} at (0,0) size 0x0
