layer at (0,0) size 800x600
  LayoutView at (0,0) size 800x600
layer at (0,0) size 800x449
  LayoutBlockFlow {HTML} at (0,0) size 800x449.38
    LayoutBlockFlow {BODY} at (8,8) size 784x433.38
      LayoutBlockFlow {H2} at (3.19,0) size 777.63x18
        LayoutText {#text} at (0,0) size 357x18
          text run at (0,0) width 357: "Horizontal meters with the non-themed default style"
      LayoutBlockFlow {UL} at (3.19,21.19) size 777.63x62
        LayoutListItem {LI} at (43.19,0) size 731.25x18
          LayoutBlockFlow {METER} at (0,1.19) size 80x16
            LayoutBlockFlow {DIV} at (0,0) size 80x16
              LayoutBlockFlow {DIV} at (0,0) size 80x16
                LayoutBlockFlow {DIV} at (0,0) size 20x16
          LayoutText {#text} at (80,0) size 4x18
            text run at (80,0) width 4: " "
          LayoutBlockFlow {METER} at (84,1.19) size 80x16
            LayoutBlockFlow {DIV} at (0,0) size 80x16
              LayoutBlockFlow {DIV} at (0,0) size 80x16
                LayoutBlockFlow {DIV} at (0,0) size 36x16
          LayoutText {#text} at (164,0) size 4x18
            text run at (164,0) width 4: " "
          LayoutBlockFlow {METER} at (168,1.19) size 80x16
            LayoutBlockFlow {DIV} at (0,0) size 80x16
              LayoutBlockFlow {DIV} at (0,0) size 80x16
                LayoutBlockFlow {DIV} at (0,0) size 60x16
        LayoutListItem {LI} at (43.19,21.19) size 731.25x40.81
          LayoutBlockFlow {METER} at (0,0) size 30x40
            LayoutBlockFlow {DIV} at (0,0) size 30x40
              LayoutBlockFlow {DIV} at (0,0) size 30x40
                LayoutBlockFlow {DIV} at (0,0) size 7.50x40
          LayoutText {#text} at (30,22) size 4x19
            text run at (30,22) width 4: " "
          LayoutBlockFlow {METER} at (34,0) size 30x40
            LayoutBlockFlow {DIV} at (0,0) size 30x40
              LayoutBlockFlow {DIV} at (0,0) size 30x40
                LayoutBlockFlow {DIV} at (0,0) size 13.50x40
          LayoutText {#text} at (64,22) size 4x19
            text run at (64,22) width 4: " "
          LayoutBlockFlow {METER} at (68,0) size 30x40
            LayoutBlockFlow {DIV} at (0,0) size 30x40
              LayoutBlockFlow {DIV} at (0,0) size 30x40
                LayoutBlockFlow {DIV} at (0,0) size 22.50x40
      LayoutBlockFlow {H2} at (3.19,86.38) size 777.63x18
        LayoutText {#text} at (0,0) size 153x18
          text run at (0,0) width 153: "Providing meter styles"
      LayoutBlockFlow {DIV} at (0,107.56) size 784x111.56 [bgcolor=#EEEEEE]
        LayoutBlockFlow {UL} at (3.19,0) size 777.63x111.56
          LayoutListItem {LI} at (43.19,0) size 731.25x18
            LayoutBlockFlow {METER} at (0,1.19) size 80x16 [border: (5px solid #222244) (20px solid #222244) (5px solid #222244) (10px solid #222244)]
              LayoutBlockFlow {DIV} at (10,5) size 50x6
                LayoutBlockFlow {DIV} at (0,0) size 50x6
                  LayoutBlockFlow {DIV} at (0,0) size 40x6
            LayoutText {#text} at (80,0) size 72x18
              text run at (80,0) width 72: " has border"
          LayoutListItem {LI} at (43.19,21.19) size 731.25x18
            LayoutBlockFlow {METER} at (0,1.19) size 80x16
              LayoutBlockFlow {DIV} at (10,5) size 50x6
                LayoutBlockFlow {DIV} at (0,0) size 50x6
                  LayoutBlockFlow {DIV} at (0,0) size 40x6
            LayoutText {#text} at (80,0) size 81x18
              text run at (80,0) width 81: " has padding"
          LayoutListItem {LI} at (43.19,42.38) size 731.25x26.81
            LayoutBlockFlow {METER} at (10,5) size 80x16
              LayoutBlockFlow {DIV} at (0,0) size 80x16
                LayoutBlockFlow {DIV} at (0,0) size 80x16
                  LayoutBlockFlow {DIV} at (0,0) size 64x16
            LayoutText {#text} at (110,8) size 75x19
              text run at (110,8) width 75: " has margin"
          LayoutListItem {LI} at (43.19,72.38) size 731.25x18
            LayoutBlockFlow {METER} at (0,1.19) size 80x16
              LayoutBlockFlow {DIV} at (0,0) size 80x16
                LayoutBlockFlow {DIV} at (0,0) size 80x16
                  LayoutBlockFlow {DIV} at (0,0) size 0x16
            LayoutText {#text} at (80,0) size 108x18
              text run at (80,0) width 108: " has box-shadow"
          LayoutListItem {LI} at (43.19,93.56) size 731.25x18
            LayoutBlockFlow {METER} at (0,1.19) size 80x16 [color=#FFFFFF] [bgcolor=#0000FF]
              LayoutBlockFlow {DIV} at (0,0) size 80x16
                LayoutBlockFlow {DIV} at (0,0) size 80x16
                  LayoutBlockFlow {DIV} at (0,0) size 80x16
            LayoutText {#text} at (80,0) size 415x18
              text run at (80,0) width 415: " Background CSS property does not disable -webkit-appearance."
      LayoutBlockFlow {H2} at (3.19,222.31) size 777.63x18
        LayoutText {#text} at (0,0) size 227x18
          text run at (0,0) width 227: "Providing bar and/or value styles"
      LayoutBlockFlow {DIV} at (0,243.50) size 784x81.56 [bgcolor=#EEEEEE]
        LayoutBlockFlow {UL} at (3.19,0) size 777.63x81.56
          LayoutBlockFlow (anonymous) at (40,0) size 737.63x18
            LayoutText {#text} at (0,0) size 473x18
              text run at (0,0) width 473: "default -webkit-appearance, thus should use Shadow DOM CSS rendring."
          LayoutListItem {LI} at (43.19,21.19) size 731.25x18
            LayoutBlockFlow {METER} at (0,1.19) size 80x16
              LayoutBlockFlow {DIV} at (0,0) size 80x16
                LayoutBlockFlow {DIV} at (0,0) size 80x16
                  LayoutBlockFlow {DIV} at (0,0) size 64x16 [bgcolor=#008000] [border: (2px solid #77CC77)]
            LayoutText {#text} at (80,0) size 217x18
              text run at (80,0) width 217: " has bar style but should ignore it."
          LayoutListItem {LI} at (43.19,42.38) size 731.25x18
            LayoutBlockFlow {METER} at (0,1.19) size 80x16
              LayoutBlockFlow {DIV} at (0,0) size 80x16
                LayoutBlockFlow {DIV} at (0,0) size 80x16 [bgcolor=#808080] [border: (2px solid #222222)]
                  LayoutBlockFlow {DIV} at (2,2) size 60.80x12
            LayoutText {#text} at (80,0) size 232x18
              text run at (80,0) width 232: " has value style but should ignore it."
          LayoutListItem {LI} at (43.19,63.56) size 731.25x18
            LayoutBlockFlow {METER} at (0,1.19) size 80x16
              LayoutBlockFlow {DIV} at (0,0) size 80x16
                LayoutBlockFlow {DIV} at (0,0) size 80x16 [bgcolor=#808080] [border: (2px solid #222222)]
                  LayoutBlockFlow {DIV} at (2,2) size 60.80x12 [bgcolor=#008000] [border: (2px solid #77CC77)]
            LayoutText {#text} at (80,0) size 255x18
              text run at (80,0) width 255: " has both styles but should ignore them."
      LayoutBlockFlow {H2} at (3.19,328.25) size 777.63x18
        LayoutText {#text} at (0,0) size 157x18
          text run at (0,0) width 157: "Providing appearances"
      LayoutBlockFlow {DIV} at (0,349.44) size 784x41.56 [bgcolor=#EEEEEE]
        LayoutBlockFlow {UL} at (3.19,0) size 777.63x41.56
          LayoutListItem {LI} at (43.19,0) size 731.25x19.19
            LayoutBlockFlow {METER} at (0,3.19) size 80x16
              LayoutBlockFlow {DIV} at (0,0) size 80x18
                LayoutText {#text} at (0,0) size 16x18
                  text run at (0,0) width 16: "80"
            LayoutText {#text} at (80,0) size 359x18
              text run at (80,0) width 359: " has \"none\" appearance, should render METER content."
          LayoutListItem {LI} at (43.19,22.38) size 731.25x19.19
            LayoutBlockFlow {METER} at (0,3.19) size 80x16
              LayoutBlockFlow {DIV} at (0,0) size 80x18
                LayoutText {#text} at (0,0) size 30x18
                  text run at (0,0) width 30: "80%"
            LayoutText {#text} at (80,0) size 484x18
              text run at (80,0) width 484: " gets \"none\" appearance after the initial rendering with \"meter\" appearance."
      LayoutBlockFlow {H2} at (3.19,394.19) size 777.63x18
        LayoutText {#text} at (0,0) size 162x18
          text run at (0,0) width 162: "Providing bar paddings"
      LayoutBlockFlow {DIV} at (0,415.38) size 784x18 [bgcolor=#EEEEEE]
        LayoutBlockFlow {METER} at (0,1.19) size 80x16
          LayoutBlockFlow {DIV} at (0,0) size 80x16
            LayoutBlockFlow {DIV} at (0,0) size 80x16
              LayoutBlockFlow {DIV} at (5,5) size 35x6
        LayoutText {#text} at (80,0) size 166x18
          text run at (80,0) width 166: " has \"padding\" on the bar."
