layer at (0,0) size 800x600
  LayoutView at (0,0) size 800x600
layer at (0,0) size 800x600
  LayoutBlockFlow {HTML} at (0,0) size 800x600
    LayoutBlockFlow {BODY} at (8,8) size 784x584
      LayoutBlockFlow {P} at (0,0) size 784x20
        LayoutText {#text} at (0,0) size 50x19
          text run at (0,0) width 50: "Test for "
        LayoutInline {I} at (0,0) size 661x19
          LayoutInline {A} at (0,0) size 349x19 [color=#0000EE]
            LayoutText {#text} at (50,0) size 349x19
              text run at (50,0) width 349: "http://bugzilla.opendarwin.org/show_bug.cgi?id=7761"
          LayoutText {#text} at (399,0) size 312x19
            text run at (399,0) width 312: " Tabs in class attribute not treated as whitespace"
        LayoutText {#text} at (711,0) size 4x19
          text run at (711,0) width 4: "."
      LayoutBlockFlow {P} at (0,36) size 784x20
        LayoutText {#text} at (0,0) size 215x19
          text run at (0,0) width 215: "All of the following should be green:"
      LayoutBlockFlow {DIV} at (0,72) size 784x20 [color=#008000]
        LayoutText {#text} at (0,0) size 54x19
          text run at (0,0) width 54: "Tab after"
      LayoutBlockFlow {DIV} at (0,92) size 784x20 [color=#008000]
        LayoutText {#text} at (0,0) size 66x19
          text run at (0,0) width 66: "Tab before"
      LayoutBlockFlow {DIV} at (0,112) size 784x20 [color=#008000]
        LayoutText {#text} at (0,0) size 81x19
          text run at (0,0) width 81: "Newline after"
      LayoutBlockFlow {DIV} at (0,132) size 784x20 [color=#008000]
        LayoutText {#text} at (0,0) size 93x19
          text run at (0,0) width 93: "Newline before"
      LayoutBlockFlow {DIV} at (0,152) size 784x20 [color=#008000]
        LayoutText {#text} at (0,0) size 75x19
          text run at (0,0) width 75: "Spaces after"
      LayoutBlockFlow {DIV} at (0,172) size 784x20 [color=#008000]
        LayoutText {#text} at (0,0) size 87x19
          text run at (0,0) width 87: "Spaces before"
      LayoutBlockFlow {DIV} at (0,192) size 784x20 [color=#008000]
        LayoutText {#text} at (0,0) size 52x19
          text run at (0,0) width 52: "CR after"
      LayoutBlockFlow {DIV} at (0,212) size 784x20 [color=#008000]
        LayoutText {#text} at (0,0) size 64x19
          text run at (0,0) width 64: "CR before"
