layer at (0,0) size 800x600
  LayoutView at (0,0) size 800x600
layer at (0,0) size 800x600
  LayoutBlockFlow {HTML} at (0,0) size 800x600
    LayoutBlockFlow {BODY} at (8,8) size 784x584
      LayoutText {#text} at (0,0) size 762x39
        text run at (0,0) width 762: "This test verifies that JS access to offsetParent on an element that lacks one, such as the body, doesn't crash. If it didn't crash, it"
        text run at (0,20) width 46: "passed."
