EDITING DELEGATE: webViewDidChangeSelection:WebViewDidChangeSelectionNotification
EDITING DELEGATE: webViewDidChangeSelection:WebViewDidChangeSelectionNotification
EDITING DELEGATE: webViewDidChangeSelection:WebViewDidChangeSelectionNotification
EDITING DELEGATE: webViewDidChangeSelection:WebViewDidChangeSelectionNotification
EDITING DELEGATE: webViewDidChangeSelection:WebViewDidChangeSelectionNotification
EDITING DELEGATE: webViewDidChange:WebViewDidChangeNotification
EDITING DELEGATE: webViewDidChangeSelection:WebViewDidChangeSelectionNotification
EDITING DELEGATE: webViewDidChange:WebViewDidChangeNotification
EDITING DELEGATE: webViewDidChangeSelection:WebViewDidChangeSelectionNotification
EDITING DELEGATE: webViewDidChange:WebViewDidChangeNotification
layer at (0,0) size 800x600
  LayoutView at (0,0) size 800x600
layer at (0,0) size 800x600
  LayoutBlockFlow {HTML} at (0,0) size 800x600
    LayoutBlockFlow {BODY} at (8,8) size 784x584
      LayoutBlockFlow {DIV} at (0,0) size 784x228 [border: (4px solid #0000FF)]
        LayoutBlockFlow {DIV} at (20,20) size 744x72
          LayoutText {#text} at (0,0) size 66x28
            text run at (0,0) width 66: "Tests: "
          LayoutBR {BR} at (0,0) size 0x0
          LayoutText {#text} at (0,28) size 656x22
            text run at (0,28) width 656: "Our ability to \"edit around\" content the HTML editing code does not yet handle very well. "
          LayoutBR {BR} at (655,45) size 1x0
          LayoutInline {I} at (0,0) size 98x22
            LayoutText {#text} at (0,50) size 98x22
              text run at (0,50) width 98: "For this test: "
          LayoutText {#text} at (97,50) size 219x22
            text run at (97,50) width 219: "Test typing at the end of a list."
        LayoutBlockFlow (anonymous) at (20,92) size 744x22
          LayoutBR {BR} at (0,0) size 0x22
        LayoutBlockFlow {DIV} at (20,114) size 744x94
          LayoutText {#text} at (0,0) size 190x28
            text run at (0,0) width 190: "Expected Results: "
          LayoutBR {BR} at (189,22) size 1x0
          LayoutText {#text} at (0,28) size 700x44
            text run at (0,28) width 700: "The content in the red box must exactly match the content in the green box (except for the border"
            text run at (0,50) width 52: "color). "
          LayoutBR {BR} at (51,67) size 1x0
          LayoutInline {I} at (0,0) size 98x22
            LayoutText {#text} at (0,72) size 98x22
              text run at (0,72) width 98: "For this test: "
          LayoutText {#text} at (97,72) size 418x22
            text run at (97,72) width 418: "Typed text should appear after (on the line below) the list."
      LayoutBlockFlow {DIV} at (0,238) size 784x136 [border: (2px solid #008000)]
        LayoutBlockFlow {UL} at (2,26) size 780x84
          LayoutListItem {LI} at (40,0) size 740x28
            LayoutListMarker (anonymous) at (-22,0) size 9x28: bullet
            LayoutText {#text} at (0,0) size 77x28
              text run at (0,0) width 77: "line one"
          LayoutListItem {LI} at (40,28) size 740x28
            LayoutListMarker (anonymous) at (-22,0) size 9x28: bullet
            LayoutText {#text} at (0,0) size 78x28
              text run at (0,0) width 78: "line two"
          LayoutListItem {LI} at (40,56) size 740x28
            LayoutListMarker (anonymous) at (-22,0) size 9x28: bullet
            LayoutText {#text} at (0,0) size 126x28
              text run at (0,0) width 126: "line threexxx"
      LayoutBlockFlow {DIV} at (0,384) size 784x136
        LayoutBlockFlow {DIV} at (0,0) size 784x136 [border: (2px solid #FF0000)]
          LayoutBlockFlow {UL} at (2,26) size 780x84
            LayoutListItem {LI} at (40,0) size 740x28
              LayoutListMarker (anonymous) at (-22,0) size 9x28: bullet
              LayoutText {#text} at (0,0) size 77x28
                text run at (0,0) width 77: "line one"
            LayoutListItem {LI} at (40,28) size 740x28
              LayoutListMarker (anonymous) at (-22,0) size 9x28: bullet
              LayoutText {#text} at (0,0) size 78x28
                text run at (0,0) width 78: "line two"
            LayoutListItem {LI} at (40,56) size 740x28
              LayoutListMarker (anonymous) at (-22,0) size 9x28: bullet
              LayoutText {#text} at (0,0) size 126x28
                text run at (0,0) width 126: "line threexxx"
caret: position 13 of child 0 {#text} of child 5 {LI} of child 1 {UL} of child 1 {DIV} of child 5 {DIV} of body
