layer at (0,0) size 800x600
  LayoutView at (0,0) size 800x600
layer at (0,0) size 800x600
  LayoutBlockFlow {HTML} at (0,0) size 800x600
    LayoutBlockFlow {BODY} at (8,8) size 784x579
      LayoutBlockFlow {P} at (0,0) size 784x36
        LayoutInline {A} at (0,0) size 63x18 [color=#0000EE]
          LayoutText {#text} at (0,0) size 63x18
            text run at (0,0) width 63: "Bug 5656"
        LayoutText {#text} at (62,0) size 780x36
          text run at (62,0) width 718: " tests whether buttons force a white-space mode or not. These tests will only pass if the white-space mode is not"
          text run at (0,18) width 175: "forced and if it is inherited."
      LayoutBlockFlow {DIV} at (0,52) size 784x18
        LayoutText {#text} at (0,0) size 365x18
          text run at (0,0) width 365: "Buttons should appear next to each other in a single row:"
      LayoutTable {TABLE} at (0,70) size 181x25
        LayoutTableSection {TBODY} at (0,0) size 181x25
          LayoutTableRow {TR} at (0,2) size 181x21
            LayoutTableCell {TD} at (2,2) size 177x21 [r=0 c=0 rs=1 cs=1]
              LayoutButton {BUTTON} at (1,2) size 74.81x18 [bgcolor=#FFFFFF] [border: (1px solid #D8D8D8) (1px solid #D1D1D1) (1px solid #BABABA) (1px solid #D1D1D1)]
                LayoutBlockFlow (anonymous) at (8,2) size 58.81x13
                  LayoutText {#text} at (0,0) size 59x13
                    text run at (0,0) width 59: "Search Mail"
              LayoutText {#text} at (75,1) size 5x18
                text run at (75,1) width 5: " "
              LayoutButton {BUTTON} at (79.81,2) size 95.30x18 [bgcolor=#FFFFFF] [border: (1px solid #D8D8D8) (1px solid #D1D1D1) (1px solid #BABABA) (1px solid #D1D1D1)]
                LayoutBlockFlow (anonymous) at (8,2) size 79.30x13
                  LayoutText {#text} at (0,0) size 80x13
                    text run at (0,0) width 80: "Search the Web"
              LayoutText {#text} at (0,0) size 0x0
      LayoutBlockFlow {DIV} at (0,95) size 784x18
        LayoutText {#text} at (0,0) size 193x18
          text run at (0,0) width 193: "Buttons should look identical:"
      LayoutBlockFlow {DIV} at (0,113) size 784x18
        LayoutButton {BUTTON} at (0,0) size 70.27x18 [bgcolor=#FFFFFF] [border: (1px solid #D8D8D8) (1px solid #D1D1D1) (1px solid #BABABA) (1px solid #D1D1D1)]
          LayoutBlockFlow (anonymous) at (8,2) size 54.27x13
            LayoutText {#text} at (0,0) size 55x13
              text run at (0,0) width 55: "test button"
      LayoutBlockFlow {DIV} at (0,131) size 784x18
        LayoutButton {BUTTON} at (0,0) size 70.27x18 [bgcolor=#FFFFFF] [border: (1px solid #D8D8D8) (1px solid #D1D1D1) (1px solid #BABABA) (1px solid #D1D1D1)]
          LayoutBlockFlow (anonymous) at (8,2) size 54.27x13
            LayoutText {#text} at (0,0) size 55x13
              text run at (0,0) width 22: "test "
              text run at (21,0) width 34: "button"
      LayoutBlockFlow {DIV} at (0,149) size 784x18
        LayoutText {#text} at (0,0) size 353x18
          text run at (0,0) width 353: "Buttons should look identical (ignore vertical spacing):"
      LayoutBlockFlow {DIV} at (0,167) size 784x18
        LayoutButton {BUTTON} at (0,0) size 85.81x18 [bgcolor=#FFFFFF] [border: (1px solid #D8D8D8) (1px solid #D1D1D1) (1px solid #BABABA) (1px solid #D1D1D1)]
          LayoutBlockFlow (anonymous) at (8,2) size 69.81x13
            LayoutText {#text} at (0,0) size 70x13
              text run at (0,0) width 70: "  test  button  "
      LayoutBlockFlow {DIV} at (0,185) size 784x18
        LayoutButton {BUTTON} at (0,0) size 85.81x18 [bgcolor=#FFFFFF] [border: (1px solid #D8D8D8) (1px solid #D1D1D1) (1px solid #BABABA) (1px solid #D1D1D1)]
          LayoutBlockFlow (anonymous) at (8,2) size 69.81x13
            LayoutText {#text} at (0,0) size 70x13
              text run at (0,0) width 70: "  test  button  "
      LayoutBlockFlow {DIV} at (0,216) size 784x18
        LayoutBlockFlow {PRE} at (0,0) size 784x18
          LayoutButton {BUTTON} at (0,0) size 85.81x18 [bgcolor=#FFFFFF] [border: (1px solid #D8D8D8) (1px solid #D1D1D1) (1px solid #BABABA) (1px solid #D1D1D1)]
            LayoutBlockFlow (anonymous) at (8,2) size 69.81x13
              LayoutText {#text} at (0,0) size 70x13
                text run at (0,0) width 70: "  test  button  "
