layer at (0,0) size 800x600
  LayoutView at (0,0) size 800x600
layer at (0,0) size 800x600
  LayoutBlockFlow {HTML} at (0,0) size 800x600
    LayoutBlockFlow {BODY} at (8,8) size 784x584
      LayoutBlockFlow {P} at (0,0) size 784x20
        LayoutText {#text} at (0,0) size 547x19
          text run at (0,0) width 547: "The following 4 images should be all be rendered exactly the same, aligned to the right side."
      LayoutBlockFlow (anonymous) at (0,36) size 784x120
        LayoutImage (floating) {INPUT} at (767,0) size 17x19
        LayoutBR {BR} at (0,0) size 0x19
        LayoutBR {BR} at (0,20) size 0x19
        LayoutImage (floating) {INPUT} at (767,40) size 17x19
        LayoutBR {BR} at (0,40) size 0x19
        LayoutBR {BR} at (0,60) size 0x19
        LayoutImage (floating) {INPUT} at (767,80) size 17x19
        LayoutBR {BR} at (0,80) size 0x19
        LayoutBR {BR} at (0,100) size 0x19
      LayoutBlockFlow {DIV} at (0,156) size 784x0
        LayoutImage (floating) {INPUT} at (767,0) size 17x19
