layer at (0,0) size 800x600
  LayoutView at (0,0) size 800x600
layer at (0,0) size 800x36
  LayoutBlockFlow {HTML} at (0,0) size 800x36
    LayoutBlockFlow {BODY} at (8,8) size 784x20
      LayoutText {#text} at (0,0) size 514x19
        text run at (0,0) width 291: "You should see a 100x100 green square below. "
        text run at (290,0) width 224: "If you see any red, the test has failed."
layer at (8,28) size 200x200 backgroundClip at (108,128) size 100x100 clip at (108,128) size 100x100
  LayoutBlockFlow (positioned) {DIV} at (8,28) size 200x200 [bgcolor=#008000]
    LayoutBlockFlow {DIV} at (0,0) size 100x100 [bgcolor=#FF0000]
