layer at (0,0) size 800x600
  LayoutView at (0,0) size 800x600
layer at (0,0) size 800x56
  LayoutBlockFlow {HTML} at (0,0) size 800x56
    LayoutBlockFlow {BODY} at (8,8) size 784x40
      LayoutText {#text} at (0,0) size 745x39
        text run at (0,0) width 291: "You should see a 100x100 green square below. "
        text run at (290,0) width 228: "If you see any red, the test has failed. "
        text run at (517,0) width 228: "This test is checking to make sure clip"
        text run at (0,20) width 359: "applies to the element itself and starts from the border edge."
      LayoutText {#text} at (0,0) size 0x0
layer at (8,48) size 120x120 backgroundClip at (18,58) size 100x100 clip at (18,58) size 100x100
  LayoutBlockFlow (positioned) {DIV} at (8,48) size 120x120 [bgcolor=#008000] [border: (10px solid #FF0000)]
