layer at (0,0) size 800x600
  LayoutView at (0,0) size 800x600
layer at (0,0) size 800x256
  LayoutNGBlockFlow {HTML} at (0,0) size 800x256
    LayoutNGBlockFlow {BODY} at (8,8) size 784x232
      LayoutNGBlockFlow {DIV} at (0,0) size 784x120
        LayoutNGBlockFlow {DIV} at (0,0) size 784x20
          LayoutInline {<pseudo:before>} at (0,0) size 38x19
            LayoutTextFragment (anonymous) at (0,0) size 38x19
              text run at (0,0) width 38: "PASS"
        LayoutNGBlockFlow {DIV} at (0,20) size 784x20
          LayoutInline {<pseudo:before>} at (0,0) size 38x19
            LayoutTextFragment (anonymous) at (0,0) size 38x19
              text run at (0,0) width 38: "PASS"
        LayoutNGBlockFlow {DIV} at (0,40) size 784x20
          LayoutInline {<pseudo:before>} at (0,0) size 38x19
            LayoutTextFragment (anonymous) at (0,0) size 38x19
              text run at (0,0) width 38: "PASS"
        LayoutNGBlockFlow {DIV} at (0,60) size 784x20
          LayoutInline {<pseudo:before>} at (0,0) size 38x19
            LayoutTextFragment (anonymous) at (0,0) size 38x19
              text run at (0,0) width 38: "PASS"
        LayoutNGBlockFlow {DIV} at (0,80) size 784x20
          LayoutInline {<pseudo:before>} at (0,0) size 38x19
            LayoutTextFragment (anonymous) at (0,0) size 38x19
              text run at (0,0) width 38: "PASS"
        LayoutNGBlockFlow {DIV} at (0,100) size 784x20
          LayoutInline {<pseudo:before>} at (0,0) size 38x19
            LayoutTextFragment (anonymous) at (0,0) size 38x19
              text run at (0,0) width 38: "PASS"
      LayoutNGBlockFlow {DIV} at (0,136) size 784x96
        LayoutNGBlockFlow {P} at (0,0) size 784x20
          LayoutInline {A} at (0,0) size 671x19 [color=#0000EE]
            LayoutText {#text} at (0,0) size 671x19
              text run at (0,0) width 671: "Bug 23741: StyleRareNonInheritedData::operator==() should not compare ContentData objects by pointer"
        LayoutNGBlockFlow {OL} at (0,36) size 784x60
          LayoutNGListItem {LI} at (40,0) size 744x20
            LayoutNGListMarker (anonymous) at (-16,0) size 16x20
              LayoutText (anonymous) at (0,0) size 16x19
                text run at (0,0) width 16: "1. "
            LayoutText {#text} at (0,0) size 344x19
              text run at (0,0) width 344: "All lines above should be \"PASS\" on initial page load."
          LayoutNGListItem {LI} at (40,20) size 744x20
            LayoutNGListMarker (anonymous) at (-16,0) size 16x20
              LayoutText (anonymous) at (0,0) size 16x19
                text run at (0,0) width 16: "2. "
            LayoutText {#text} at (0,0) size 140x19
              text run at (0,0) width 140: "Reload the page once."
          LayoutNGListItem {LI} at (40,40) size 744x20
            LayoutNGListMarker (anonymous) at (-16,0) size 16x20
              LayoutText (anonymous) at (0,0) size 16x19
                text run at (0,0) width 16: "3. "
            LayoutText {#text} at (0,0) size 246x19
              text run at (0,0) width 246: "All lines above should still be \"PASS\"."
