layer at (0,0) size 800x600
  LayoutView at (0,0) size 800x600
layer at (0,0) size 800x600
  LayoutNGBlockFlow {HTML} at (0,0) size 800x600
    LayoutNGBlockFlow {BODY} at (8,8) size 784x576
      LayoutNGBlockFlow {H2} at (0,0) size 784x27
        LayoutText {#text} at (0,0) size 446x26
          text run at (0,0) width 446: "Test case for First-line text-decoration style"
      LayoutNGBlockFlow {P} at (0,46.91) size 784x20
        LayoutText {#text} at (0,0) size 507x19
          text run at (0,0) width 507: "Text-decoration UNDERLINE : Only the first line must have an underline."
      LayoutNGBlockFlow {DIV} at (0,82.91) size 784x88 [color=#008000]
        LayoutText {#text} at (0,10) size 616x27
          text run at (0,10) width 616: "Underline Underline Underline Underline"
        LayoutBR {BR} at (616,10) size 0x27
        LayoutText {#text} at (0,48) size 264x19
          text run at (0,48) width 264: "Underline Underline Underline Underline"
        LayoutBR {BR} at (264,48) size 0x19
        LayoutText {#text} at (0,68) size 264x19
          text run at (0,68) width 264: "Underline Underline Underline Underline"
      LayoutNGBlockFlow (anonymous) at (0,170.91) size 784x20
        LayoutBR {BR} at (0,0) size 0x19
      LayoutNGBlockFlow {P} at (0,206.91) size 784x0
      LayoutNGBlockFlow {P} at (0,206.91) size 784x20
        LayoutText {#text} at (0,0) size 484x19
          text run at (0,0) width 484: "Text-decoration OVERLINE : Only the first line must have an overline."
      LayoutNGBlockFlow {DIV} at (0,242.91) size 784x88 [color=#008000]
        LayoutText {#text} at (0,10) size 548x27
          text run at (0,10) width 548: "Overline Overline Overline Overline"
        LayoutBR {BR} at (548,10) size 0x27
        LayoutText {#text} at (0,48) size 232x19
          text run at (0,48) width 232: "Overline Overline Overline Overline"
        LayoutBR {BR} at (232,48) size 0x19
        LayoutText {#text} at (0,68) size 232x19
          text run at (0,68) width 232: "Overline Overline Overline Overline"
      LayoutNGBlockFlow (anonymous) at (0,330.91) size 784x20
        LayoutBR {BR} at (0,0) size 0x19
      LayoutNGBlockFlow {P} at (0,366.91) size 784x0
      LayoutNGBlockFlow {P} at (0,366.91) size 784x20
        LayoutText {#text} at (0,0) size 558x19
          text run at (0,0) width 558: "Text-decoration LINE-THROUGH : Only the first line must have a line through it."
      LayoutNGBlockFlow {DIV} at (0,402.91) size 784x88 [color=#008000]
        LayoutText {#text} at (0,10) size 700x27
          text run at (0,10) width 700: "Line-Through Line-Through Line-Through Line"
        LayoutBR {BR} at (700,10) size 0x27
        LayoutText {#text} at (0,48) size 368x19
          text run at (0,48) width 368: "Line-Through Line-Through Line-Through Line-Through"
        LayoutBR {BR} at (368,48) size 0x19
        LayoutText {#text} at (0,68) size 368x19
          text run at (0,68) width 368: "Line-Through Line-Through Line-Through Line-Through"
      LayoutNGBlockFlow (anonymous) at (0,490.91) size 784x20
        LayoutBR {BR} at (0,0) size 0x19
      LayoutNGBlockFlow {P} at (0,526.91) size 784x0
