layer at (0,0) size 800x600
  LayoutView at (0,0) size 800x600
layer at (0,0) size 800x600
  LayoutNGBlockFlow {HTML} at (0,0) size 800x600
    LayoutNGBlockFlow {BODY} at (8,8) size 784x576
      LayoutNGBlockFlow {P} at (0,0) size 784x40
        LayoutText {#text} at (0,0) size 52x19
          text run at (0,0) width 52: "Test for "
        LayoutInline {I} at (0,0) size 774x39
          LayoutInline {A} at (0,0) size 300x19 [color=#0000EE]
            LayoutText {#text} at (52,0) size 300x19
              text run at (52,0) width 300: "http://bugs.webkit.org/show_bug.cgi?id=17834"
          LayoutText {#text} at (352,0) size 774x39
            text run at (352,0) width 422: " REGRESSION: floated first-letter does not work when included in"
            text run at (0,20) width 31: "table"
        LayoutText {#text} at (31,20) size 4x19
          text run at (31,20) width 4: "."
      LayoutNGBlockFlow {P} at (0,56) size 784x20
        LayoutText {#text} at (0,0) size 274x19
          text run at (0,0) width 274: "The following three lines should look like \x{201C}"
        LayoutInline {SPAN} at (0,0) size 12x19 [color=#008000]
          LayoutText {#text} at (274,0) size 12x19
            text run at (274,0) width 12: "A"
        LayoutText {#text} at (286,0) size 26x19
          text run at (286,0) width 26: "-Z\x{201D}."
      LayoutTable {TABLE} at (0,92) size 33x26
        LayoutTableSection {TBODY} at (0,0) size 33x26
          LayoutTableRow {TR} at (0,2) size 33x22
            LayoutNGTableCell {TD} at (2,2) size 29x22 [r=0 c=0 rs=1 cs=1]
              LayoutNGBlockFlow {DIV} at (1,1) size 27x20
                LayoutNGBlockFlow {P} at (0,0) size 27x20
                  LayoutNGBlockFlow (floating) {<pseudo:first-letter>} at (0,0) size 12x20 [color=#008000]
                    LayoutTextFragment (anonymous) at (0,0) size 12x19
                      text run at (0,0) width 12: "A"
                  LayoutTextFragment {#text} at (12,0) size 15x19
                    text run at (12,0) width 15: "-Z"
      LayoutTable {TABLE} at (0,118) size 33x26
        LayoutTableSection {TBODY} at (0,0) size 33x26
          LayoutTableRow {TR} at (0,2) size 33x22
            LayoutNGTableCell {TD} at (2,2) size 29x22 [r=0 c=0 rs=1 cs=1]
              LayoutNGBlockFlow {P} at (1,1) size 27x20
                LayoutNGBlockFlow (floating) {<pseudo:first-letter>} at (0,0) size 12x20 [color=#008000]
                  LayoutTextFragment (anonymous) at (0,0) size 12x19
                    text run at (0,0) width 12: "A"
                LayoutTextFragment {#text} at (12,0) size 15x19
                  text run at (12,0) width 15: "-Z"
      LayoutNGBlockFlow {P} at (0,160) size 784x20
        LayoutNGBlockFlow (floating) {<pseudo:first-letter>} at (0,0) size 12x20 [color=#008000]
          LayoutTextFragment (anonymous) at (0,0) size 12x19
            text run at (0,0) width 12: "A"
        LayoutTextFragment {#text} at (12,0) size 15x19
          text run at (12,0) width 15: "-Z"
