layer at (0,0) size 800x600
  LayoutView at (0,0) size 800x600
layer at (0,0) size 800x600
  LayoutNGBlockFlow {HTML} at (0,0) size 800x600
    LayoutNGBlockFlow {BODY} at (8,8) size 784x584
      LayoutTable {TABLE} at (0,0) size 460x106
        LayoutTableSection {TBODY} at (0,0) size 460x106
          LayoutTableRow {TR} at (0,2) size 460x102
            LayoutNGTableCell {TD} at (2,2) size 102x102 [r=0 c=0 rs=1 cs=1]
              LayoutText {#text} at (1,1) size 97x99
                text run at (1,1) width 79: "This is some"
                text run at (1,21) width 92: "filler text. This"
                text run at (1,41) width 80: "is some filler"
                text run at (1,61) width 69: "text.This is"
                text run at (1,81) width 97: "some filler text."
            LayoutNGTableCell {TD} at (106,22) size 352x62 [r=0 c=1 rs=1 cs=1]
              LayoutText {#text} at (1,21) size 198x19
                text run at (1,21) width 198: "The text in this anchor element "
              LayoutInline {A} at (0,0) size 240x39 [color=#0000EE]
                LayoutText {#text} at (199,21) size 42x19
                  text run at (199,21) width 42: "should"
                LayoutBR {BR} at (241,21) size 0x19
                LayoutText {#text} at (1,41) size 46x19
                  text run at (1,41) width 46: "contain"
              LayoutText {#text} at (47,41) size 349x39
                text run at (47,41) width 303: " 2 detached pieces. This test shows how the link"
                text run at (1,61) width 103: "would look text."
