layer at (0,0) size 800x600
  LayoutView at (0,0) size 800x600
layer at (0,0) size 800x578
  LayoutNGBlockFlow {HTML} at (0,0) size 800x578
    LayoutNGBlockFlow {BODY} at (8,16) size 784x546
      LayoutNGBlockFlow {P} at (0,0) size 784x20
        LayoutText {#text} at (0,0) size 456x19
          text run at (0,0) width 456: "Fails indicate that the font property specification is invalid in strict mode."
      LayoutNGBlockFlow {P} at (0,52) size 784x37
        LayoutText {#text} at (0,0) size 220x36
          text run at (0,0) width 220: "24pt italic = 24pt"
      LayoutNGBlockFlow {P} at (0,121) size 784x37
        LayoutText {#text} at (0,0) size 292x36
          text run at (0,0) width 292: "24pt italic Arial = 24pt"
      LayoutNGBlockFlow {P} at (0,190) size 784x20
        LayoutText {#text} at (0,0) size 184x19
          text run at (0,0) width 184: "24pt italic 'Arial' = 24pt Arial"
      LayoutNGBlockFlow {P} at (0,226) size 784x20
        LayoutText {#text} at (0,0) size 105x19
          text run at (0,0) width 105: "italic 24pt = fails"
      LayoutNGBlockFlow {P} at (0,278) size 784x38
        LayoutText {#text} at (0,0) size 455x37
          text run at (0,0) width 455: "italic 24pt Arial = 24pt Arial Italic"
      LayoutNGBlockFlow {P} at (0,348) size 784x38
        LayoutText {#text} at (0,0) size 468x37
          text run at (0,0) width 468: "italic 24pt 'Arial' = 24pt Arial Italic"
      LayoutNGBlockFlow {P} at (0,418) size 784x20
        LayoutText {#text} at (0,0) size 141x19
          text run at (0,0) width 141: "Arial 24pt italic = fails"
      LayoutNGBlockFlow {P} at (0,454) size 784x20
        LayoutText {#text} at (0,0) size 147x19
          text run at (0,0) width 147: "'Arial' 24pt italic = fails"
      LayoutNGBlockFlow {P} at (0,490) size 784x20
        LayoutText {#text} at (0,0) size 141x19
          text run at (0,0) width 141: "Arial italic 24pt = fails"
      LayoutNGBlockFlow {P} at (0,526) size 784x20
        LayoutText {#text} at (0,0) size 147x19
          text run at (0,0) width 147: "'Arial' italic 24pt = fails"
