layer at (0,0) size 800x600 clip at (0,0) size 785x600 scrollHeight 1366
  LayoutView at (0,0) size 800x600
layer at (0,0) size 785x1366 backgroundClip at (0,0) size 785x600 clip at (0,0) size 785x600
  LayoutNGBlockFlow {HTML} at (0,0) size 785x1365.50
    LayoutNGBlockFlow {BODY} at (8,8) size 769x1336.06
      LayoutNGBlockFlow {H1} at (0,0) size 769x37 [color=#FF0000]
        LayoutText {#text} at (0,0) size 524x36
          text run at (0,0) width 524: "This should be red: hsl(0, 100%, 50%)"
      LayoutNGBlockFlow {H1} at (0,58.44) size 769x37 [color=#00FF00]
        LayoutText {#text} at (0,0) size 586x36
          text run at (0,0) width 586: "This should be green: hsl(120, 100%, 50%)"
      LayoutNGBlockFlow {H1} at (0,116.88) size 769x37 [color=#00FFFF]
        LayoutText {#text} at (0,0) size 579x36
          text run at (0,0) width 579: "This should be aqua: hsl(180, 100%, 50%)"
      LayoutNGBlockFlow {H1} at (0,175.31) size 769x37 [color=#0000FF]
        LayoutText {#text} at (0,0) size 570x36
          text run at (0,0) width 570: "This should be blue: hsl(240, 100%, 50%)"
      LayoutNGBlockFlow {H1} at (0,233.75) size 769x37 [color=#80FF80]
        LayoutText {#text} at (0,0) size 657x36
          text run at (0,0) width 657: "This should be light green: hsl(120, 100%, 75%)"
      LayoutNGBlockFlow {H1} at (0,292.19) size 769x37 [color=#008000]
        LayoutText {#text} at (0,0) size 660x36
          text run at (0,0) width 660: "This should be dark green: hsl(120, 100%, 25%)"
      LayoutNGBlockFlow {H1} at (0,350.63) size 769x37 [color=#40BF40]
        LayoutText {#text} at (0,0) size 658x36
          text run at (0,0) width 658: "This should be pastel green: hsl(120, 50%, 50%)"
      LayoutNGBlockFlow (anonymous) at (0,409.06) size 769x40
        LayoutInline {B} at (0,0) size 140x19
          LayoutText {#text} at (0,0) size 140x19
            text run at (0,0) width 140: "Out of bounds cases:"
        LayoutBR {BR} at (140,15) size 0x0
        LayoutText {#text} at (0,20) size 404x19
          text run at (0,20) width 404: "Check percentages larger than 100%, should be limited to 100%"
      LayoutNGBlockFlow {H1} at (0,470.50) size 769x37 [color=#00FF00]
        LayoutText {#text} at (0,0) size 586x36
          text run at (0,0) width 586: "This should be green: hsl(120, 100%, 50%)"
      LayoutNGBlockFlow {H1} at (0,528.94) size 769x37 [color=#00FF00]
        LayoutText {#text} at (0,0) size 637x36
          text run at (0,0) width 637: "This should be green too: hsl(120, 200%, 50%)"
      LayoutNGBlockFlow (anonymous) at (0,587.38) size 769x20
        LayoutText {#text} at (0,0) size 470x19
          text run at (0,0) width 470: "Check percentages less than 0% (negative values), should be limited to 0%"
      LayoutNGBlockFlow {H1} at (0,628.81) size 769x37 [color=#808080]
        LayoutText {#text} at (0,0) size 538x36
          text run at (0,0) width 538: "This should be grey: hsl(120, 0%, 50%)"
      LayoutNGBlockFlow {H1} at (0,687.25) size 769x37 [color=#808080]
        LayoutText {#text} at (0,0) size 638x36
          text run at (0,0) width 638: "This should be grey, too: hsl(120, -100%, 50%)"
      LayoutNGBlockFlow (anonymous) at (0,745.69) size 769x40
        LayoutText {#text} at (0,0) size 754x39
          text run at (0,0) width 754: "Check Hue values that are larger than 360, should be normalized back to a value between 0 and 360. As Hue values are"
          text run at (0,20) width 451: "in degrees, there is no maximum like percentages, they are loop around."
      LayoutNGBlockFlow {H1} at (0,807.13) size 769x37 [color=#008000]
        LayoutText {#text} at (0,0) size 660x36
          text run at (0,0) width 660: "This should be dark green: hsl(120, 100%, 25%)"
      LayoutNGBlockFlow {H1} at (0,865.56) size 769x37 [color=#008000]
        LayoutText {#text} at (0,0) size 719x36
          text run at (0,0) width 719: "This should be dark green, too: hsl(480, 100%, 25%)"
      LayoutNGBlockFlow (anonymous) at (0,924) size 769x20
        LayoutText {#text} at (0,0) size 258x19
          text run at (0,0) width 258: "Check Hue values with a negative angle."
      LayoutNGBlockFlow {H1} at (0,965.44) size 769x37 [color=#80FF80]
        LayoutText {#text} at (0,0) size 657x36
          text run at (0,0) width 657: "This should be light green: hsl(120, 100%, 75%)"
      LayoutNGBlockFlow {H1} at (0,1023.88) size 769x37 [color=#80FF80]
        LayoutText {#text} at (0,0) size 727x36
          text run at (0,0) width 727: "This should be light green, too: hsl(-240, 100%, 75%)"
      LayoutNGBlockFlow {H1} at (0,1082.31) size 769x37 [color=#80FF80]
        LayoutText {#text} at (0,0) size 727x36
          text run at (0,0) width 727: "This should be light green, too: hsl(-600, 100%, 75%)"
      LayoutNGBlockFlow (anonymous) at (0,1140.75) size 769x20
        LayoutText {#text} at (0,0) size 295x19
          text run at (0,0) width 295: "Check Hues values with a floating point angle."
      LayoutNGBlockFlow {H1} at (0,1182.19) size 769x37 [color=#FF0000]
        LayoutText {#text} at (0,0) size 548x36
          text run at (0,0) width 548: "This should be red: hsl(0.0, 100%, 50%)"
      LayoutNGBlockFlow {H1} at (0,1240.63) size 769x37 [color=#00FF00]
        LayoutText {#text} at (0,0) size 626x36
          text run at (0,0) width 626: "This should be green: hsl(120.00, 100%, 50%)"
      LayoutNGBlockFlow {H1} at (0,1299.06) size 769x37 [color=#0000FF]
        LayoutText {#text} at (0,0) size 626x36
          text run at (0,0) width 626: "This should be blue: hsl(240.000, 100%, 50%)"
