layer at (0,0) size 800x600
  LayoutView at (0,0) size 800x600
layer at (0,0) size 800x600
  LayoutNGBlockFlow {HTML} at (0,0) size 800x600
    LayoutNGBlockFlow {BODY} at (8,8) size 784x576
      LayoutNGBlockFlow {P} at (0,0) size 784x20
        LayoutInline {A} at (0,0) size 59x19 [color=#0000EE]
          LayoutText {#text} at (0,0) size 59x19
            text run at (0,0) width 59: "bug 7118"
        LayoutText {#text} at (59,0) size 354x19
          text run at (59,0) width 354: ": Wrong property values do not get invalidated correctly."
      LayoutNGBlockFlow (anonymous) at (0,36) size 784x0
        LayoutInline {DIV} at (0,0) size 0x0
          LayoutText {#text} at (0,0) size 0x0
        LayoutText {#text} at (0,0) size 0x0
layer at (8,44) size 200x200
  LayoutNGBlockFlow (floating) {DIV} at (0,0) size 200x200 [color=#FFFFFF] [bgcolor=#006400]
    LayoutText {#text} at (0,0) size 194x128
      text run at (0,0) width 160: "this text should be left-"
      text run at (0,16) width 157: "aligned, all lower-case,"
      text run at (0,32) width 169: "normal font, white, 14px,"
      text run at (0,48) width 182: "bold, normally spaced and"
      text run at (0,64) width 165: "wrapped, in a darkgreen"
      text run at (0,80) width 194: "200x200px div in the top left"
      text run at (0,96) width 174: "corner with no borders or"
      text run at (0,112) width 60: "outlines."
