layer at (0,0) size 800x600
  LayoutView at (0,0) size 800x600
layer at (0,0) size 800x600
  LayoutNGBlockFlow {HTML} at (0,0) size 800x600
    LayoutNGBlockFlow {BODY} at (8,8) size 784x576
      LayoutNGBlockFlow {P} at (0,0) size 784x40
        LayoutText {#text} at (0,0) size 212x19
          text run at (0,0) width 212: "This tests for a regression against "
        LayoutInline {I} at (0,0) size 711x39
          LayoutInline {A} at (0,0) size 347x19 [color=#0000EE]
            LayoutText {#text} at (212,0) size 347x19
              text run at (212,0) width 347: "http://bugzilla.opendarwin.org/show_bug.cgi?id=6334"
          LayoutText {#text} at (559,0) size 711x39
            text run at (559,0) width 152: " REGRESSION: <input"
            text run at (0,20) width 369: "type=\"button\"> text is reversed on \"visual Hebrew\" pages"
        LayoutText {#text} at (369,20) size 4x19
          text run at (369,20) width 4: "."
      LayoutNGBlockFlow {P} at (0,74) size 784x20
        LayoutText {#text} at (0,0) size 299x19
          text run at (0,0) width 261: "The text on both buttons should like this: "
          text run at (261,0) width 38: "\x{5E8}\x{5D5}\x{5EA}\x{5E4}\x{5DB}"
      LayoutNGBlockFlow (anonymous) at (0,110) size 784x44
        LayoutButton {BUTTON} at (0,0) size 50x22 [bgcolor=#C0C0C0] [border: (2px outset #C0C0C0)]
          LayoutBlockFlow (anonymous) at (8,3) size 34x16
            LayoutText {#text} at (0,0) size 34x16
              text run at (0,0) width 34 LTR override: "\x{5E8}\x{5D5}\x{5EA}\x{5E4}\x{5DB}"
        LayoutText {#text} at (0,0) size 0x0
        LayoutBR {BR} at (50,16) size 0x0
        LayoutButton {INPUT} at (0,22) size 50x22 [bgcolor=#C0C0C0] [border: (2px outset #C0C0C0)]
          LayoutBlockFlow (anonymous) at (8,3) size 34x16
            LayoutText {#text} at (0,0) size 34x16
              text run at (0,0) width 34 RTL: "\x{5DB}\x{5E4}\x{5EA}\x{5D5}\x{5E8}"
        LayoutText {#text} at (0,0) size 0x0
      LayoutNGBlockFlow {P} at (0,180) size 784x20
        LayoutText {#text} at (0,0) size 249x19
          text run at (0,0) width 249: "The following lines should be identical:"
      LayoutNGBlockFlow {P} at (0,216) size 784x20
        LayoutText {#text} at (0,0) size 71x19
          text run at (0,0) width 16: "21"
          text run at (16,0) width 55: "\x{5D4}\x{5DE}\x{5D0}\x{5D4} \x{5D4}-"
      LayoutNGBlockFlow {P} at (0,252) size 784x20
        LayoutText {#text} at (0,0) size 71x19
          text run at (0,0) width 71: "21-\x{5D4} \x{5D4}\x{5D0}\x{5DE}\x{5D4}"
layer at (8,64) size 784x2 clip at (0,0) size 0x0
  LayoutNGBlockFlow {HR} at (0,56) size 784x2 [border: (1px inset #EEEEEE)]
layer at (8,170) size 784x2 clip at (0,0) size 0x0
  LayoutNGBlockFlow {HR} at (0,162) size 784x2 [border: (1px inset #EEEEEE)]
