layer at (0,0) size 800x600
  LayoutView at (0,0) size 800x600
layer at (0,0) size 800x600
  LayoutNGBlockFlow {HTML} at (0,0) size 800x600
    LayoutNGBlockFlow {BODY} at (8,8) size 784x584
      LayoutNGBlockFlow (anonymous) at (0,0) size 784x20
        LayoutText {#text} at (0,0) size 625x19
          text run at (0,0) width 625: "You should see a 100x100 green square below. If you see any red or orange then the test has failed."
      LayoutNGBlockFlow {DIV} at (0,20) size 100x100 [bgcolor=#008000]
