layer at (0,0) size 800x600 clip at (0,0) size 785x600 scrollHeight 912
  LayoutView at (0,0) size 800x600
layer at (0,0) size 785x912 backgroundClip at (0,0) size 785x600 clip at (0,0) size 785x600
  LayoutNGBlockFlow {HTML} at (0,0) size 785x912.47
    LayoutNGBlockFlow {BODY} at (8,8) size 769x884.47
      LayoutNGBlockFlow {P} at (0,0) size 769x20
        LayoutText {#text} at (0,0) size 541x19
          text run at (0,0) width 541: "This test checks that text with text-overflow:ellipsis follows 'text-align: right' correctly."
      LayoutNGBlockFlow {P} at (0,36) size 769x20
        LayoutText {#text} at (0,0) size 502x19
          text run at (0,0) width 502: "The text in all boxes should be right aligned, sticking to the right side of the box"
      LayoutNGBlockFlow {H3} at (0,74.72) size 769x23
        LayoutText {#text} at (0,0) size 84x22
          text run at (0,0) width 84: "Single line"
      LayoutNGBlockFlow {H3} at (0,158.44) size 769x23
        LayoutText {#text} at (0,0) size 79x22
          text run at (0,0) width 79: "Multi line"
      LayoutNGBlockFlow {H3} at (0,302.16) size 769x23
        LayoutText {#text} at (0,0) size 232x22
          text run at (0,0) width 232: "Containing replaced content"
      LayoutNGBlockFlow {H3} at (0,395.88) size 769x23
        LayoutText {#text} at (0,0) size 396x22
          text run at (0,0) width 396: "Containing replaced content blocking the ellipsis"
      LayoutNGBlockFlow {H3} at (0,489.59) size 769x23
        LayoutText {#text} at (0,0) size 197x22
          text run at (0,0) width 197: "Right-To-Left single line"
      LayoutNGBlockFlow {H3} at (0,573.31) size 769x23
        LayoutText {#text} at (0,0) size 196x22
          text run at (0,0) width 196: "Right-To-Left Multi line"
      LayoutNGBlockFlow {H3} at (0,717.03) size 769x23
        LayoutText {#text} at (0,0) size 343x22
          text run at (0,0) width 343: "Right-To-Left containing replaced content"
      LayoutNGBlockFlow {H3} at (0,810.75) size 769x23
        LayoutText {#text} at (0,0) size 507x22
          text run at (0,0) width 507: "Right-To-Left containing replaced content blocking the ellipsis"
layer at (8,124) size 310x22 clip at (9,125) size 308x20 scrollWidth 718
  LayoutNGBlockFlow {DIV} at (0,116.44) size 310x22 [border: (1px solid #000000)]
    LayoutText {#text} at (1,1) size 303x19
      text run at (1,1) width 287: "Lorem ipsum dolor sit amet, consectetur adipi"
      text run at (288,1) width 16: "\x{2026}"
layer at (8,208) size 310x82 clip at (9,209) size 308x80 scrollWidth 718
  LayoutNGBlockFlow {DIV} at (0,200.16) size 310x82 [border: (1px solid #000000)]
    LayoutText {#text} at (1,1) size 303x19
      text run at (1,1) width 287: "Lorem ipsum dolor sit amet, consectetur adipi"
      text run at (288,1) width 16: "\x{2026}"
    LayoutBR {BR} at (0,0) size 0x0
    LayoutText {#text} at (1,21) size 306x19
      text run at (1,21) width 290: "orem ipsum dolor sit amet, consectetur adipisc"
      text run at (291,21) width 16: "\x{2026}"
    LayoutBR {BR} at (0,0) size 0x0
    LayoutText {#text} at (1,41) size 302x19
      text run at (1,41) width 286: "rem ipsum dolor sit amet, consectetur adipisci"
      text run at (287,41) width 16: "\x{2026}"
    LayoutBR {BR} at (0,0) size 0x0
    LayoutText {#text} at (1,61) size 305x19
      text run at (1,61) width 289: "em ipsum dolor sit amet, consectetur adipiscin"
      text run at (290,61) width 16: "\x{2026}"
    LayoutBR {BR} at (0,0) size 0x0
layer at (8,352) size 310x32 clip at (9,353) size 308x30 scrollWidth 747
  LayoutNGBlockFlow {DIV} at (0,343.88) size 310x32 [border: (1px solid #000000)]
    LayoutText {#text} at (1,11) size 181x19
      text run at (1,11) width 181: "Lorem ipsum dolor sit amet, "
    LayoutImage {IMG} at (182,1) size 25x25
    LayoutText {#text} at (207,11) size 102x19
      text run at (207,11) width 86: " consectetur a"
      text run at (293,11) width 16: "\x{2026}"
layer at (8,446) size 310x32 clip at (9,447) size 308x30 scrollWidth 743
  LayoutNGBlockFlow {DIV} at (0,437.59) size 310x32 [border: (1px solid #000000)]
    LayoutText {#text} at (1,11) size 287x19
      text run at (1,11) width 271: "Lorem ipsum dolor sit amet, consectetur ad"
      text run at (272,11) width 16: "\x{2026}"
    LayoutImage {IMG} at (0,0) size 25x25
    LayoutText {#text} at (0,0) size 0x0
layer at (8,539) size 310x22 clip at (9,540) size 308x20 scrollX 411.00 scrollWidth 719
  LayoutNGBlockFlow {DIV} at (0,531.31) size 310x22 [border: (1px solid #000000)]
    LayoutText {#text} at (22,1) size 303x19
      text run at (22,1) width 287: "Lorem ipsum dolor sit amet, consectetur adipi"
      text run at (6,1) width 16: "\x{2026}"
layer at (8,623) size 310x82 backgroundClip at (0,0) size 0x0 clip at (0,0) size 0x0 scrollX 411.00 scrollWidth 719
  LayoutNGBlockFlow {DIV} at (0,615.03) size 310x82 [border: (1px solid #000000)]
    LayoutText {#text} at (22,1) size 303x19
      text run at (22,1) width 287: "Lorem ipsum dolor sit amet, consectetur adipi"
      text run at (6,1) width 16: "\x{2026}"
    LayoutBR {BR} at (0,0) size 0x0
    LayoutText {#text} at (19,21) size 306x19
      text run at (19,21) width 290: "orem ipsum dolor sit amet, consectetur adipisc"
      text run at (3,21) width 16: "\x{2026}"
    LayoutBR {BR} at (0,0) size 0x0
    LayoutText {#text} at (23,41) size 302x19
      text run at (23,41) width 286: "rem ipsum dolor sit amet, consectetur adipisci"
      text run at (7,41) width 16: "\x{2026}"
    LayoutBR {BR} at (0,0) size 0x0
    LayoutText {#text} at (20,61) size 305x19
      text run at (20,61) width 289: "em ipsum dolor sit amet, consectetur adipiscin"
      text run at (4,61) width 16: "\x{2026}"
    LayoutBR {BR} at (0,0) size 0x0
layer at (8,767) size 310x32 backgroundClip at (0,0) size 0x0 clip at (0,0) size 0x0 scrollX 440.00 scrollWidth 748
  LayoutNGBlockFlow {DIV} at (0,758.75) size 310x32 [border: (1px solid #000000)]
    LayoutText {#text} at (128,11) size 181x19
      text run at (128,11) width 181: "Lorem ipsum dolor sit amet, "
    LayoutImage {IMG} at (103,1) size 25x25
    LayoutText {#text} at (17,11) size 102x19
      text run at (17,11) width 86: " consectetur a"
      text run at (1,11) width 16: "\x{2026}"
layer at (8,860) size 310x32 backgroundClip at (0,0) size 0x0 clip at (0,0) size 0x0 scrollX 436.00 scrollWidth 744
  LayoutNGBlockFlow {DIV} at (0,852.47) size 310x32 [border: (1px solid #000000)]
    LayoutText {#text} at (38,11) size 287x19
      text run at (38,11) width 271: "Lorem ipsum dolor sit amet, consectetur ad"
      text run at (22,11) width 16: "\x{2026}"
    LayoutImage {IMG} at (0,0) size 25x25
    LayoutText {#text} at (0,0) size 0x0
