layer at (0,0) size 800x600 scrollHeight 770
  LayoutView at (0,0) size 800x600
layer at (0,0) size 800x770 backgroundClip at (0,0) size 800x600 clip at (0,0) size 800x600
  LayoutNGBlockFlow {HTML} at (0,0) size 800x770
    LayoutNGBlockFlow {BODY} at (8,8) size 784x742
      LayoutNGBlockFlow (anonymous) at (0,0) size 784x100
        LayoutText {#text} at (0,0) size 557x19
          text run at (0,0) width 557: "This tests checks that the text-overflow:ellipsis property is handled correctly for bidi text."
        LayoutBR {BR} at (557,0) size 0x19
        LayoutBR {BR} at (0,20) size 0x19
        LayoutText {#text} at (0,40) size 737x19
          text run at (0,40) width 737: "Pass if the ellipsis do not overlap the text and the underlines for the links are placed under the text and not the ellipsis."
        LayoutBR {BR} at (737,40) size 0x19
        LayoutBR {BR} at (0,60) size 0x19
        LayoutText {#text} at (0,80) size 34x19
          text run at (0,80) width 34: "RTL:"
      LayoutNGBlockFlow (anonymous) at (0,142) size 784x20
        LayoutText {#text} at (0,0) size 93x19
          text run at (0,0) width 93: "RTL Override:"
      LayoutNGBlockFlow (anonymous) at (0,204) size 784x20
        LayoutText {#text} at (0,0) size 61x19
          text run at (0,0) width 61: "RTL link:"
      LayoutNGBlockFlow (anonymous) at (0,266) size 784x20
        LayoutText {#text} at (0,0) size 132x19
          text run at (0,0) width 132: "RTL with ltr content:"
      LayoutNGBlockFlow (anonymous) at (0,328) size 784x20
        LayoutText {#text} at (0,0) size 160x19
          text run at (0,0) width 160: "RTL link with ltr content:"
      LayoutNGBlockFlow (anonymous) at (0,390) size 784x20
        LayoutText {#text} at (0,0) size 62x19
          text run at (0,0) width 62: "LTR link:"
      LayoutNGBlockFlow (anonymous) at (0,452) size 784x20
        LayoutText {#text} at (0,0) size 34x19
          text run at (0,0) width 34: "LTR:"
      LayoutNGBlockFlow (anonymous) at (0,514) size 784x20
        LayoutText {#text} at (0,0) size 133x19
          text run at (0,0) width 133: "LTR with rtl content:"
      LayoutNGBlockFlow (anonymous) at (0,576) size 784x20
        LayoutText {#text} at (0,0) size 177x19
          text run at (0,0) width 177: "LTR with forced rtl content:"
      LayoutNGBlockFlow (anonymous) at (0,638) size 784x20
        LayoutText {#text} at (0,0) size 161x19
          text run at (0,0) width 161: "LTR link with rtl content:"
      LayoutNGBlockFlow (anonymous) at (0,700) size 784x20
        LayoutText {#text} at (0,0) size 205x19
          text run at (0,0) width 205: "LTR link with forced rtl content:"
layer at (8,108) size 182x22 clip at (9,109) size 180x20 scrollX 148.00 scrollWidth 328
  LayoutNGBlockFlow {DIV} at (0,100) size 182x22 [border: (1px solid #000000)]
    LayoutText {#text} at (19,1) size 178x19
      text run at (19,1) width 162: "\x{5DB}\x{5E9}\x{5D4}\x{5D8}\x{5E7}\x{5E1}\x{5D8} \x{5E2}\x{5E8}\x{5D5}\x{5DA} \x{5DE}\x{5D3}\x{5D9} \x{5E0}\x{5E8}\x{5E6}\x{5D4} "
      text run at (3,1) width 16: "\x{2026}"
layer at (8,170) size 182x22 clip at (9,171) size 180x20 scrollX 140.00 scrollWidth 320
  LayoutNGBlockFlow {DIV} at (0,162) size 182x22 [border: (1px solid #000000)]
    LayoutText {#text} at (19,1) size 178x19
      text run at (19,1) width 162: "Lorem ipsum dolor sit am"
      text run at (3,1) width 16: "\x{2026}"
layer at (8,232) size 182x22 clip at (9,233) size 180x20 scrollX 140.00 scrollWidth 320
  LayoutNGBlockFlow {DIV} at (0,224) size 182x22 [border: (1px solid #000000)]
    LayoutInline {A} at (0,0) size 178x19 [color=#0000EE]
      LayoutText {#text} at (19,1) size 178x19
        text run at (19,1) width 162: "Lorem ipsum dolor sit am"
        text run at (3,1) width 16: "\x{2026}"
    LayoutText {#text} at (0,0) size 0x0
layer at (8,294) size 182x22 clip at (9,295) size 180x20 scrollX 140.00 scrollWidth 320
  LayoutNGBlockFlow {DIV} at (0,286) size 182x22 [border: (1px solid #000000)]
    LayoutText {#text} at (23,1) size 174x19
      text run at (23,1) width 158: "et, consectetur adipiscing"
      text run at (7,1) width 16: "\x{2026}"
layer at (8,356) size 182x22 clip at (9,357) size 180x20 scrollX 140.00 scrollWidth 320
  LayoutNGBlockFlow {DIV} at (0,348) size 182x22 [border: (1px solid #000000)]
    LayoutInline {A} at (0,0) size 174x19 [color=#0000EE]
      LayoutText {#text} at (23,1) size 174x19
        text run at (23,1) width 158: "et, consectetur adipiscing"
        text run at (7,1) width 16: "\x{2026}"
    LayoutText {#text} at (0,0) size 0x0
layer at (8,418) size 182x22 clip at (9,419) size 180x20 scrollWidth 320
  LayoutNGBlockFlow {DIV} at (0,410) size 182x22 [border: (1px solid #000000)]
    LayoutInline {A} at (0,0) size 178x19 [color=#0000EE]
      LayoutText {#text} at (1,1) size 178x19
        text run at (1,1) width 162: "Lorem ipsum dolor sit am"
        text run at (163,1) width 16: "\x{2026}"
    LayoutText {#text} at (0,0) size 0x0
layer at (8,480) size 182x22 clip at (9,481) size 180x20 scrollWidth 320
  LayoutNGBlockFlow {DIV} at (0,472) size 182x22 [border: (1px solid #000000)]
    LayoutText {#text} at (1,1) size 178x19
      text run at (1,1) width 162: "Lorem ipsum dolor sit am"
      text run at (163,1) width 16: "\x{2026}"
layer at (8,542) size 182x22 clip at (9,543) size 180x20 scrollWidth 328
  LayoutNGBlockFlow {DIV} at (0,534) size 182x22 [border: (1px solid #000000)]
    LayoutText {#text} at (1,1) size 175x19
      text run at (1,1) width 159: "\x{5D4}\x{5D5}\x{5E1}\x{5D9}\x{5E3} \x{5D0}\x{5DC}\x{5D9}\x{5E4}\x{5E1}\x{5D5}\x{5EA} \x{5D1}\x{5E1}\x{5D5}\x{5E3} \x{5E9}\x{5D5}\x{5E8}\x{5D4}"
      text run at (160,1) width 16: "\x{2026}"
layer at (8,604) size 182x22 backgroundClip at (0,0) size 0x0 clip at (0,0) size 0x0 scrollWidth 320
  LayoutNGBlockFlow {DIV} at (0,596) size 182x22 [border: (1px solid #000000)]
    LayoutInline {SPAN} at (0,0) size 174x19
      LayoutText {#text} at (1,1) size 174x19
        text run at (1,1) width 158: "et, consectetur adipiscing"
        text run at (159,1) width 16: "\x{2026}"
    LayoutText {#text} at (0,0) size 0x0
layer at (8,666) size 182x22 backgroundClip at (0,0) size 0x0 clip at (0,0) size 0x0 scrollWidth 328
  LayoutNGBlockFlow {DIV} at (0,658) size 182x22 [border: (1px solid #000000)]
    LayoutInline {A} at (0,0) size 175x19 [color=#0000EE]
      LayoutText {#text} at (1,1) size 175x19
        text run at (1,1) width 159: "\x{5D4}\x{5D5}\x{5E1}\x{5D9}\x{5E3} \x{5D0}\x{5DC}\x{5D9}\x{5E4}\x{5E1}\x{5D5}\x{5EA} \x{5D1}\x{5E1}\x{5D5}\x{5E3} \x{5E9}\x{5D5}\x{5E8}\x{5D4}"
        text run at (160,1) width 16: "\x{2026}"
    LayoutText {#text} at (0,0) size 0x0
layer at (8,728) size 182x22 backgroundClip at (0,0) size 0x0 clip at (0,0) size 0x0 scrollWidth 320
  LayoutNGBlockFlow {DIV} at (0,720) size 182x22 [border: (1px solid #000000)]
    LayoutInline {A} at (0,0) size 174x19 [color=#0000EE]
      LayoutText {#text} at (0,0) size 0x0
      LayoutInline {SPAN} at (0,0) size 174x19
        LayoutText {#text} at (1,1) size 174x19
          text run at (1,1) width 158: "et, consectetur adipiscing"
          text run at (159,1) width 16: "\x{2026}"
      LayoutText {#text} at (0,0) size 0x0
    LayoutText {#text} at (0,0) size 0x0
