layer at (0,0) size 800x600
  LayoutView at (0,0) size 800x600
layer at (0,0) size 800x78
  LayoutBlockFlow {HTML} at (0,0) size 800x78
    LayoutBlockFlow {BODY} at (8,8) size 784x62
      LayoutBlockFlow {DIV} at (0,0) size 784x40
        LayoutText {#text} at (0,0) size 768x39
          text run at (0,0) width 768: "When the caret reaches the edge of the input box or content editable div, on the next input if must jump to the center of the"
          text run at (0,20) width 48: "control."
layer at (8,48) size 82x22 clip at (9,49) size 80x20 scrollX 41.00 scrollWidth 337
  LayoutBlockFlow {DIV} at (0,40) size 82x22 [border: (1px solid #000000)]
    LayoutText {#text} at (1,1) size 336x19
      text run at (1,1) width 336: "012345678901012345678901234567890123456789"
hidden layer at (8,48) size 8x20
  LayoutBlockFlow (positioned) {SPAN} at (8,48) size 8x20
    LayoutText {#text} at (0,0) size 8x19
      text run at (0,0) width 8: "0"
caret: position 12 of child 0 {#text} of child 5 {DIV} of body
