layer at (0,0) size 800x600
  LayoutView at (0,0) size 800x600
layer at (0,0) size 800x600
  LayoutBlockFlow {HTML} at (0,0) size 800x600
    LayoutBlockFlow {BODY} at (8,8) size 784x576
      LayoutBlockFlow {P} at (0,0) size 784x20
        LayoutText {#text} at (0,0) size 706x19
          text run at (0,0) width 706: "This tests that composition underline is painted correctly for LTR text on Linuxby typing hello world in English."
      LayoutBlockFlow {FORM} at (0,36) size 784x22
        LayoutTextControl {INPUT} at (0,0) size 181x22 [bgcolor=#FFFFFF] [border: (2px inset #EEEEEE)]
layer at (10,47) size 177x16
  LayoutBlockFlow {DIV} at (2,3) size 177x16
    LayoutText {#text} at (0,0) size 61x16
      text run at (0,0) width 61: "hello world"
caret: position 11 of child 0 {#text} of child 0 {DIV} of {#document-fragment} of child 0 {INPUT} of child 3 {FORM} of body
