layer at (0,0) size 800x600
  LayoutView at (0,0) size 800x600
layer at (0,0) size 800x260
  LayoutBlockFlow {HTML} at (0,0) size 800x260
    LayoutBlockFlow {BODY} at (8,8) size 784x244
      LayoutText {#text} at (0,0) size 0x0
layer at (8,8) size 320x240
  LayoutVideo {VIDEO} at (0,0) size 320x240
layer at (8,8) size 320x240
  LayoutBlockFlow (relative positioned) {DIV} at (0,0) size 320x240 [color=#FFFFFF]
layer at (8,8) size 320x14 scrollHeight 16
  LayoutBlockFlow (positioned) {DIV} at (0,0) size 320x14
    LayoutInline {DIV} at (0,0) size 276x18 [bgcolor=#000000CC]
      LayoutText {#text} at (24,0) size 272x14
        text run at (24,0) width 272: "Cue 1: should be positioned at the top of the video."
layer at (8,26) size 320x14 scrollHeight 16
  LayoutBlockFlow (positioned) {DIV} at (0,18) size 320x14
    LayoutInline {DIV} at (0,0) size 302x18 [bgcolor=#000000CC]
      LayoutText {#text} at (11,0) size 298x14
        text run at (11,0) width 298: "Cue 2: should be the second cue and not overlap cue 1."
layer at (8,44) size 320x14 scrollHeight 16
  LayoutBlockFlow (positioned) {DIV} at (0,36) size 320x14
    LayoutInline {DIV} at (0,0) size 298x18 [bgcolor=#000000CC]
      LayoutText {#text} at (13,0) size 294x14
        text run at (13,0) width 294: "Cue 3: should become the third line from top to bottom."
layer at (8,98) size 320x14 scrollHeight 16
  LayoutBlockFlow (positioned) {DIV} at (0,90) size 320x14
    LayoutInline {DIV} at (0,0) size 286x18 [bgcolor=#000000CC]
      LayoutText {#text} at (19,0) size 282x14
        text run at (19,0) width 282: "Cue 4: should be fixed positioned around the middle."
layer at (8,230) size 320x14 scrollHeight 16
  LayoutBlockFlow (positioned) {DIV} at (0,222) size 320x14
    LayoutInline {DIV} at (0,0) size 292x18 [bgcolor=#000000CC]
      LayoutText {#text} at (16,0) size 288x14
        text run at (16,0) width 288: "Cue 5: should be displayed at the bottom of the video."
layer at (8,212) size 320x14 scrollHeight 16
  LayoutBlockFlow (positioned) {DIV} at (0,204) size 320x14
    LayoutInline {DIV} at (0,0) size 280x18 [bgcolor=#000000CC]
      LayoutText {#text} at (22,0) size 276x14
        text run at (22,0) width 276: "Cue 6: should be on top of bottom positioned cue 5."
layer at (8,8) size 320x240
  LayoutFlexibleBox (relative positioned) {DIV} at (0,0) size 320x240
    LayoutFlexibleBox {DIV} at (0,0) size 320x240
layer at (8,8) size 320x240
  LayoutBlockFlow (positioned) {DIV} at (0,0) size 320x240
