layer at (0,0) size 800x600
  LayoutView at (0,0) size 800x600
layer at (0,0) size 800x600
  LayoutBlockFlow {HTML} at (0,0) size 800x600
    LayoutBlockFlow {BODY} at (8,8) size 784x584
      LayoutBlockFlow {P} at (0,0) size 784x20
        LayoutText {#text} at (0,0) size 701x19
          text run at (0,0) width 620: "This tests that in a standalone media document with audio content, the media element repaints correctly "
          text run at (620,0) width 81: "while playing."
      LayoutBlockFlow (anonymous) at (0,36) size 784x334
        LayoutText {#text} at (0,0) size 0x0
layer at (8,44) size 384x334
  LayoutIFrame {IFRAME} at (0,0) size 384x334 [border: (2px inset #EEEEEE)]
    layer at (0,0) size 380x330
      LayoutView at (0,0) size 380x330
    layer at (0,0) size 380x330
      LayoutBlockFlow {HTML} at (0,0) size 380x330
        LayoutBlockFlow {BODY} at (8,8) size 364x314 [bgcolor=#000000]
    layer at (40,165) size 300x1
      LayoutVideo (positioned) {VIDEO} at (40,164.50) size 300x1
    layer at (40,165) size 300x1
      LayoutFlexibleBox (relative positioned) {DIV} at (0,0) size 300x1
        LayoutBlockFlow {DIV} at (0,-31) size 300x32
    layer at (40,124) size 300x0
      LayoutFlexibleBox (relative positioned) {DIV} at (0,-41) size 300x0
    layer at (40,134) size 300x32 scrollHeight 40
      LayoutFlexibleBox (relative positioned) {DIV} at (0,0) size 300x32 [bgcolor=#FAFAFA]
        LayoutButton {INPUT} at (0,0) size 32x32
        LayoutFlexibleBox {DIV} at (32,0) size 24x32 [color=#5A5A5A]
          LayoutBlockFlow (anonymous) at (0,0) size 24x32
            LayoutText {#text} at (0,8) size 24x15
              text run at (0,8) width 24: "0:00"
        LayoutFlexibleBox {DIV} at (56,0) size 34x32 [color=#5A5A5A]
          LayoutBlockFlow (anonymous) at (4,0) size 30x32
            LayoutText {#text} at (0,8) size 30x15
              text run at (0,8) width 30: "/ 0:01"
        LayoutSlider {INPUT} at (108,15) size 81x2
          LayoutFlexibleBox {DIV} at (0,0) size 81x2
            LayoutBlockFlow {DIV} at (-18,-23) size 117x48
              LayoutBlockFlow {DIV} at (40.48,0) size 36x48
        LayoutButton {INPUT} at (207,0) size 32x32
        LayoutSlider {INPUT} at (257,15) size 25x2
          LayoutFlexibleBox {DIV} at (0,0) size 25x2
            LayoutBlockFlow {DIV} at (-18,-23) size 61x48
              LayoutBlockFlow {DIV} at (25,0) size 36x48
