layer at (0,0) size 800x600
  LayoutView at (0,0) size 800x600
layer at (0,0) size 800x355
  LayoutBlockFlow {HTML} at (0,0) size 800x355
    LayoutBlockFlow {BODY} at (8,16) size 784x331
      LayoutBlockFlow {P} at (0,0) size 784x40
        LayoutText {#text} at (0,0) size 50x19
          text run at (0,0) width 50: "Test for "
        LayoutInline {A} at (0,0) size 291x19 [color=#0000EE]
          LayoutText {#text} at (50,0) size 291x19
            text run at (50,0) width 291: "https://bugs.webkit.org/show_bug.cgi?id=34966"
        LayoutText {#text} at (341,0) size 8x19
          text run at (341,0) width 8: ". "
        LayoutBR {BR} at (349,0) size 0x19
        LayoutText {#text} at (0,20) size 194x19
          text run at (0,20) width 194: "You should see the video below."
      LayoutBlockFlow (anonymous) at (0,56) size 784x275
        LayoutText {#text} at (0,0) size 0x0
layer at (8,72) size 480x270
  LayoutVideo {VIDEO} at (0,0) size 480x270
layer at (8,72) size 480x270
  LayoutFlexibleBox (relative positioned) {DIV} at (0,0) size 480x270
    LayoutBlockFlow {DIV} at (240,0) size 0x0
    LayoutFlexibleBox {DIV} at (0,0) size 480x270
