layer at (0,0) size 800x600
  LayoutView at (0,0) size 800x600
layer at (0,0) size 800x600
  LayoutBlockFlow {HTML} at (0,0) size 800x600
    LayoutBlockFlow {BODY} at (8,8) size 784x584
      LayoutBlockFlow {P} at (0,0) size 784x20
        LayoutText {#text} at (0,0) size 391x19
          text run at (0,0) width 391: "Movie with no audio track. The volume button should not render."
      LayoutBlockFlow (anonymous) at (0,36) size 784x288
        LayoutText {#text} at (0,0) size 0x0
layer at (8,44) size 352x288
  LayoutVideo {VIDEO} at (0,0) size 352x288
layer at (8,44) size 352x288
  LayoutFlexibleBox (relative positioned) {DIV} at (0,0) size 352x288
    LayoutBlockFlow {DIV} at (176,0) size 0x0
    LayoutFlexibleBox {DIV} at (0,0) size 352x288
layer at (8,44) size 352x288
  LayoutFlexibleBox {DIV} at (0,0) size 352x288
layer at (8,44) size 352x269 clip at (10,46) size 348x265
  LayoutButton (relative positioned) {INPUT} at (0,0) size 352x269 [border: (2px outset #C0C0C0)]
    LayoutFlexibleBox (anonymous) at (8,106.50) size 336x56
      LayoutBlockFlow {DIV} at (140,0) size 56x56 [bgcolor=#FFFFFFE6]
layer at (8,252) size 352x48
  LayoutFlexibleBox (relative positioned) {DIV} at (0,208) size 352x48
    LayoutBlockFlow {DIV} at (16,0) size 28x48 [color=#FFFFFF]
      LayoutText {#text} at (0,16) size 28x16
        text run at (0,16) width 28: "0:00"
    LayoutBlockFlow {DIV} at (48,0) size 36x48 [color=#FFFFFF]
      LayoutText {#text} at (0,16) size 36x16
        text run at (0,16) width 36: "/ 0:09"
    LayoutBlockFlow {DIV} at (84,48) size 162x0
    LayoutButton {INPUT} at (294,0) size 48x48
layer at (254,252) size 48x48 transparent
  LayoutButton {INPUT} at (246,0) size 48x48 [color=#808080]
layer at (8,300) size 352x32
  LayoutSlider {INPUT} at (0,256) size 352x32 [color=#C4C4C4]
    LayoutFlexibleBox {DIV} at (16,16) size 320x4
layer at (24,316) size 320x4
  LayoutBlockFlow (relative positioned) {DIV} at (0,0) size 320x4 [bgcolor=#FFFFFF4D]
layer at (24,312) size 12x12
  LayoutBlockFlow (relative positioned) {DIV} at (0,-4) size 12x12 [bgcolor=#FFFFFF]
layer at (24,316) size 320x4
  LayoutBlockFlow (positioned) {DIV} at (0,0) size 320x4
layer at (24,316) size 0x4
  LayoutBlockFlow (positioned) {DIV} at (0,0) size 0x4 [bgcolor=#FFFFFF]
layer at (24,316) size 320x4
  LayoutBlockFlow (positioned) {DIV} at (0,0) size 320x4 [bgcolor=#FFFFFF8A]
