layer at (0,0) size 800x600
  LayoutView at (0,0) size 800x600
layer at (0,0) size 800x600
  LayoutBlockFlow {HTML} at (0,0) size 800x600
    LayoutBlockFlow {BODY} at (8,8) size 784x584
      LayoutBlockFlow {P} at (0,0) size 784x18
        LayoutText {#text} at (0,0) size 222x17
          text run at (0,0) width 222: "Test painting of transformed video"
      LayoutBlockFlow (anonymous) at (0,34) size 784x330
        LayoutText {#text} at (0,92) size 4x17
          text run at (0,92) width 4: " "
        LayoutBR {BR} at (210,106) size 0x0
        LayoutText {#text} at (0,202) size 4x17
          text run at (0,202) width 4: " "
        LayoutBR {BR} at (210,216) size 0x0
        LayoutText {#text} at (0,312) size 4x17
          text run at (0,312) width 4: " "
        LayoutBR {BR} at (210,326) size 0x0
layer at (12,42) size 206x106
  LayoutVideo {VIDEO} at (4,0) size 206x106 [border: (3px solid #FF0000)]
layer at (15,45) size 200x100
  LayoutFlexibleBox (relative positioned) {DIV} at (3,3) size 200x100
    LayoutBlockFlow {DIV} at (0,68) size 200x32
layer at (15,45) size 200x58
  LayoutFlexibleBox (relative positioned) {DIV} at (0,0) size 200x58
layer at (15,113) size 200x32
  LayoutFlexibleBox (relative positioned) {DIV} at (0,0) size 200x32 [bgcolor=#FAFAFA]
    LayoutButton {INPUT} at (0,0) size 32x32
layer at (12,152) size 206x106
  LayoutVideo {VIDEO} at (4,110) size 206x106 [border: (3px solid #FF0000)]
layer at (15,155) size 200x100
  LayoutFlexibleBox (relative positioned) {DIV} at (3,3) size 200x100
    LayoutBlockFlow {DIV} at (0,68) size 200x32
layer at (15,155) size 200x58
  LayoutFlexibleBox (relative positioned) {DIV} at (0,0) size 200x58
layer at (15,223) size 200x32
  LayoutFlexibleBox (relative positioned) {DIV} at (0,0) size 200x32 [bgcolor=#FAFAFA]
    LayoutButton {INPUT} at (0,0) size 32x32
layer at (12,262) size 206x106
  LayoutVideo {VIDEO} at (4,220) size 206x106 [border: (3px solid #FF0000)]
layer at (15,265) size 200x100
  LayoutFlexibleBox (relative positioned) {DIV} at (3,3) size 200x100
    LayoutBlockFlow {DIV} at (0,68) size 200x32
layer at (15,265) size 200x58
  LayoutFlexibleBox (relative positioned) {DIV} at (0,0) size 200x58
layer at (15,333) size 200x32
  LayoutFlexibleBox (relative positioned) {DIV} at (0,0) size 200x32 [bgcolor=#FAFAFA]
    LayoutButton {INPUT} at (0,0) size 32x32
