layer at (0,0) size 1046x799 scrollHeight 1542
  LayoutView at (0,0) size 1046x799
layer at (0,0) size 1046x1542 backgroundClip at (0,0) size 1046x799 clip at (0,0) size 1046x799
  LayoutBlockFlow {HTML} at (0,0) size 1046x1542
    LayoutBlockFlow {BODY} at (0,0) size 1046x1542
      LayoutTable {TABLE} at (0,0) size 447x1542
        LayoutTableSection {THEAD} at (0,0) size 447x40
          LayoutTableRow {TR} at (0,0) size 447x40
            LayoutTableCell {TH} at (0,0) size 149x40 [r=0 c=0 rs=1 cs=1]
              LayoutText {#text} at (1,1) size 147x37
                text run at (1,1) width 147: "Column 1"
            LayoutTableCell {TH} at (149,0) size 149x40 [r=0 c=1 rs=1 cs=1]
              LayoutText {#text} at (1,1) size 147x37
                text run at (1,1) width 147: "Column 2"
            LayoutTableCell {TH} at (298,0) size 149x40 [r=0 c=2 rs=1 cs=1]
              LayoutText {#text} at (1,1) size 147x37
                text run at (1,1) width 147: "Column 3"
        LayoutTableSection {TBODY} at (0,40) size 447x1462
          LayoutTableRow {TR} at (0,0) size 447x39
            LayoutTableCell {TD} at (0,0) size 149x39 [r=0 c=0 rs=1 cs=1]
              LayoutText {#text} at (1,1) size 47x36
                text run at (1,1) width 47: "1-1"
            LayoutTableCell {TD} at (149,0) size 149x39 [r=0 c=1 rs=1 cs=1]
              LayoutText {#text} at (1,1) size 47x36
                text run at (1,1) width 47: "2-1"
            LayoutTableCell {TD} at (298,0) size 149x39 [r=0 c=2 rs=1 cs=1]
              LayoutText {#text} at (1,1) size 47x36
                text run at (1,1) width 47: "3-1"
          LayoutTableRow {TR} at (0,39) size 447x39
            LayoutTableCell {TD} at (0,39) size 149x39 [r=1 c=0 rs=1 cs=1]
              LayoutText {#text} at (1,1) size 47x36
                text run at (1,1) width 47: "1-2"
            LayoutTableCell {TD} at (149,39) size 149x39 [r=1 c=1 rs=1 cs=1]
              LayoutText {#text} at (1,1) size 47x36
                text run at (1,1) width 47: "2-2"
            LayoutTableCell {TD} at (298,39) size 149x39 [r=1 c=2 rs=1 cs=1]
              LayoutText {#text} at (1,1) size 47x36
                text run at (1,1) width 47: "3-2"
          LayoutTableRow {TR} at (0,78) size 447x39
            LayoutTableCell {TD} at (0,78) size 149x39 [r=2 c=0 rs=1 cs=1]
              LayoutText {#text} at (1,1) size 47x36
                text run at (1,1) width 47: "1-3"
            LayoutTableCell {TD} at (149,78) size 149x39 [r=2 c=1 rs=1 cs=1]
              LayoutText {#text} at (1,1) size 47x36
                text run at (1,1) width 47: "2-3"
            LayoutTableCell {TD} at (298,78) size 149x39 [r=2 c=2 rs=1 cs=1]
              LayoutText {#text} at (1,1) size 47x36
                text run at (1,1) width 47: "3-3"
          LayoutTableRow {TR} at (0,117) size 447x39
            LayoutTableCell {TD} at (0,117) size 149x39 [r=3 c=0 rs=1 cs=1]
              LayoutText {#text} at (1,1) size 47x36
                text run at (1,1) width 47: "1-4"
            LayoutTableCell {TD} at (149,117) size 149x39 [r=3 c=1 rs=1 cs=1]
              LayoutText {#text} at (1,1) size 47x36
                text run at (1,1) width 47: "2-4"
            LayoutTableCell {TD} at (298,117) size 149x39 [r=3 c=2 rs=1 cs=1]
              LayoutText {#text} at (1,1) size 47x36
                text run at (1,1) width 47: "3-4"
          LayoutTableRow {TR} at (0,156) size 447x39
            LayoutTableCell {TD} at (0,156) size 149x39 [r=4 c=0 rs=1 cs=1]
              LayoutText {#text} at (1,1) size 47x36
                text run at (1,1) width 47: "1-5"
            LayoutTableCell {TD} at (149,156) size 149x39 [r=4 c=1 rs=1 cs=1]
              LayoutText {#text} at (1,1) size 47x36
                text run at (1,1) width 47: "2-5"
            LayoutTableCell {TD} at (298,156) size 149x39 [r=4 c=2 rs=1 cs=1]
              LayoutText {#text} at (1,1) size 47x36
                text run at (1,1) width 47: "3-5"
          LayoutTableRow {TR} at (0,195) size 447x39
            LayoutTableCell {TD} at (0,195) size 149x39 [r=5 c=0 rs=1 cs=1]
              LayoutText {#text} at (1,1) size 47x36
                text run at (1,1) width 47: "1-6"
            LayoutTableCell {TD} at (149,195) size 149x39 [r=5 c=1 rs=1 cs=1]
              LayoutText {#text} at (1,1) size 47x36
                text run at (1,1) width 47: "2-6"
            LayoutTableCell {TD} at (298,195) size 149x39 [r=5 c=2 rs=1 cs=1]
              LayoutText {#text} at (1,1) size 47x36
                text run at (1,1) width 47: "3-6"
          LayoutTableRow {TR} at (0,234) size 447x39
            LayoutTableCell {TD} at (0,234) size 149x39 [r=6 c=0 rs=1 cs=1]
              LayoutText {#text} at (1,1) size 47x36
                text run at (1,1) width 47: "1-7"
            LayoutTableCell {TD} at (149,234) size 149x39 [r=6 c=1 rs=1 cs=1]
              LayoutText {#text} at (1,1) size 47x36
                text run at (1,1) width 47: "2-7"
            LayoutTableCell {TD} at (298,234) size 149x39 [r=6 c=2 rs=1 cs=1]
              LayoutText {#text} at (1,1) size 47x36
                text run at (1,1) width 47: "3-7"
          LayoutTableRow {TR} at (0,273) size 447x39
            LayoutTableCell {TD} at (0,273) size 149x39 [r=7 c=0 rs=1 cs=1]
              LayoutText {#text} at (1,1) size 47x36
                text run at (1,1) width 47: "1-8"
            LayoutTableCell {TD} at (149,273) size 149x39 [r=7 c=1 rs=1 cs=1]
              LayoutText {#text} at (1,1) size 47x36
                text run at (1,1) width 47: "2-8"
            LayoutTableCell {TD} at (298,273) size 149x39 [r=7 c=2 rs=1 cs=1]
              LayoutText {#text} at (1,1) size 47x36
                text run at (1,1) width 47: "3-8"
          LayoutTableRow {TR} at (0,312) size 447x39
            LayoutTableCell {TD} at (0,312) size 149x39 [r=8 c=0 rs=1 cs=1]
              LayoutText {#text} at (1,1) size 47x36
                text run at (1,1) width 47: "1-9"
            LayoutTableCell {TD} at (149,312) size 149x39 [r=8 c=1 rs=1 cs=1]
              LayoutText {#text} at (1,1) size 47x36
                text run at (1,1) width 47: "2-9"
            LayoutTableCell {TD} at (298,312) size 149x39 [r=8 c=2 rs=1 cs=1]
              LayoutText {#text} at (1,1) size 47x36
                text run at (1,1) width 47: "3-9"
          LayoutTableRow {TR} at (0,351) size 447x39
            LayoutTableCell {TD} at (0,351) size 149x39 [r=9 c=0 rs=1 cs=1]
              LayoutText {#text} at (1,1) size 65x36
                text run at (1,1) width 65: "1-10"
            LayoutTableCell {TD} at (149,351) size 149x39 [r=9 c=1 rs=1 cs=1]
              LayoutText {#text} at (1,1) size 65x36
                text run at (1,1) width 65: "2-10"
            LayoutTableCell {TD} at (298,351) size 149x39 [r=9 c=2 rs=1 cs=1]
              LayoutText {#text} at (1,1) size 65x36
                text run at (1,1) width 65: "3-10"
          LayoutTableRow {TR} at (0,390) size 447x39
            LayoutTableCell {TD} at (0,390) size 149x39 [r=10 c=0 rs=1 cs=1]
              LayoutText {#text} at (1,1) size 63x36
                text run at (1,1) width 63: "1-11"
            LayoutTableCell {TD} at (149,390) size 149x39 [r=10 c=1 rs=1 cs=1]
              LayoutText {#text} at (1,1) size 63x36
                text run at (1,1) width 63: "2-11"
            LayoutTableCell {TD} at (298,390) size 149x39 [r=10 c=2 rs=1 cs=1]
              LayoutText {#text} at (1,1) size 63x36
                text run at (1,1) width 63: "3-11"
          LayoutTableRow {TR} at (0,429) size 447x39
            LayoutTableCell {TD} at (0,429) size 149x39 [r=11 c=0 rs=1 cs=1]
              LayoutText {#text} at (1,1) size 65x36
                text run at (1,1) width 65: "1-12"
            LayoutTableCell {TD} at (149,429) size 149x39 [r=11 c=1 rs=1 cs=1]
              LayoutText {#text} at (1,1) size 65x36
                text run at (1,1) width 65: "2-12"
            LayoutTableCell {TD} at (298,429) size 149x39 [r=11 c=2 rs=1 cs=1]
              LayoutText {#text} at (1,1) size 65x36
                text run at (1,1) width 65: "3-12"
          LayoutTableRow {TR} at (0,468) size 447x39
            LayoutTableCell {TD} at (0,468) size 149x39 [r=12 c=0 rs=1 cs=1]
              LayoutText {#text} at (1,1) size 65x36
                text run at (1,1) width 65: "1-13"
            LayoutTableCell {TD} at (149,468) size 149x39 [r=12 c=1 rs=1 cs=1]
              LayoutText {#text} at (1,1) size 65x36
                text run at (1,1) width 65: "2-13"
            LayoutTableCell {TD} at (298,468) size 149x39 [r=12 c=2 rs=1 cs=1]
              LayoutText {#text} at (1,1) size 65x36
                text run at (1,1) width 65: "3-13"
          LayoutTableRow {TR} at (0,507) size 447x39
            LayoutTableCell {TD} at (0,507) size 149x39 [r=13 c=0 rs=1 cs=1]
              LayoutText {#text} at (1,1) size 65x36
                text run at (1,1) width 65: "1-14"
            LayoutTableCell {TD} at (149,507) size 149x39 [r=13 c=1 rs=1 cs=1]
              LayoutText {#text} at (1,1) size 65x36
                text run at (1,1) width 65: "2-14"
            LayoutTableCell {TD} at (298,507) size 149x39 [r=13 c=2 rs=1 cs=1]
              LayoutText {#text} at (1,1) size 65x36
                text run at (1,1) width 65: "3-14"
          LayoutTableRow {TR} at (0,546) size 447x39
            LayoutTableCell {TD} at (0,546) size 149x39 [r=14 c=0 rs=1 cs=1]
              LayoutText {#text} at (1,1) size 65x36
                text run at (1,1) width 65: "1-15"
            LayoutTableCell {TD} at (149,546) size 149x39 [r=14 c=1 rs=1 cs=1]
              LayoutText {#text} at (1,1) size 65x36
                text run at (1,1) width 65: "2-15"
            LayoutTableCell {TD} at (298,546) size 149x39 [r=14 c=2 rs=1 cs=1]
              LayoutText {#text} at (1,1) size 65x36
                text run at (1,1) width 65: "3-15"
          LayoutTableRow {TR} at (0,585) size 447x39
            LayoutTableCell {TD} at (0,585) size 149x39 [r=15 c=0 rs=1 cs=1]
              LayoutText {#text} at (1,1) size 65x36
                text run at (1,1) width 65: "1-16"
            LayoutTableCell {TD} at (149,585) size 149x39 [r=15 c=1 rs=1 cs=1]
              LayoutText {#text} at (1,1) size 65x36
                text run at (1,1) width 65: "2-16"
            LayoutTableCell {TD} at (298,585) size 149x39 [r=15 c=2 rs=1 cs=1]
              LayoutText {#text} at (1,1) size 65x36
                text run at (1,1) width 65: "3-16"
          LayoutTableRow {TR} at (0,624) size 447x39
            LayoutTableCell {TD} at (0,624) size 149x39 [r=16 c=0 rs=1 cs=1]
              LayoutText {#text} at (1,1) size 65x36
                text run at (1,1) width 65: "1-17"
            LayoutTableCell {TD} at (149,624) size 149x39 [r=16 c=1 rs=1 cs=1]
              LayoutText {#text} at (1,1) size 65x36
                text run at (1,1) width 65: "2-17"
            LayoutTableCell {TD} at (298,624) size 149x39 [r=16 c=2 rs=1 cs=1]
              LayoutText {#text} at (1,1) size 65x36
                text run at (1,1) width 65: "3-17"
          LayoutTableRow {TR} at (0,663) size 447x39
            LayoutTableCell {TD} at (0,663) size 149x39 [r=17 c=0 rs=1 cs=1]
              LayoutText {#text} at (1,1) size 65x36
                text run at (1,1) width 65: "1-18"
            LayoutTableCell {TD} at (149,663) size 149x39 [r=17 c=1 rs=1 cs=1]
              LayoutText {#text} at (1,1) size 65x36
                text run at (1,1) width 65: "2-18"
            LayoutTableCell {TD} at (298,663) size 149x39 [r=17 c=2 rs=1 cs=1]
              LayoutText {#text} at (1,1) size 65x36
                text run at (1,1) width 65: "3-18"
          LayoutTableRow {TR} at (0,799) size 447x39
            LayoutTableCell {TD} at (0,799) size 149x39 [r=18 c=0 rs=1 cs=1]
              LayoutText {#text} at (1,1) size 65x36
                text run at (1,1) width 65: "1-19"
            LayoutTableCell {TD} at (149,799) size 149x39 [r=18 c=1 rs=1 cs=1]
              LayoutText {#text} at (1,1) size 65x36
                text run at (1,1) width 65: "2-19"
            LayoutTableCell {TD} at (298,799) size 149x39 [r=18 c=2 rs=1 cs=1]
              LayoutText {#text} at (1,1) size 65x36
                text run at (1,1) width 65: "3-19"
          LayoutTableRow {TR} at (0,838) size 447x39
            LayoutTableCell {TD} at (0,838) size 149x39 [r=19 c=0 rs=1 cs=1]
              LayoutText {#text} at (1,1) size 65x36
                text run at (1,1) width 65: "1-20"
            LayoutTableCell {TD} at (149,838) size 149x39 [r=19 c=1 rs=1 cs=1]
              LayoutText {#text} at (1,1) size 65x36
                text run at (1,1) width 65: "2-20"
            LayoutTableCell {TD} at (298,838) size 149x39 [r=19 c=2 rs=1 cs=1]
              LayoutText {#text} at (1,1) size 65x36
                text run at (1,1) width 65: "3-20"
          LayoutTableRow {TR} at (0,877) size 447x39
            LayoutTableCell {TD} at (0,877) size 149x39 [r=20 c=0 rs=1 cs=1]
              LayoutText {#text} at (1,1) size 65x36
                text run at (1,1) width 65: "1-21"
            LayoutTableCell {TD} at (149,877) size 149x39 [r=20 c=1 rs=1 cs=1]
              LayoutText {#text} at (1,1) size 65x36
                text run at (1,1) width 65: "2-21"
            LayoutTableCell {TD} at (298,877) size 149x39 [r=20 c=2 rs=1 cs=1]
              LayoutText {#text} at (1,1) size 65x36
                text run at (1,1) width 65: "3-21"
          LayoutTableRow {TR} at (0,916) size 447x39
            LayoutTableCell {TD} at (0,916) size 149x39 [r=21 c=0 rs=1 cs=1]
              LayoutText {#text} at (1,1) size 65x36
                text run at (1,1) width 65: "1-22"
            LayoutTableCell {TD} at (149,916) size 149x39 [r=21 c=1 rs=1 cs=1]
              LayoutText {#text} at (1,1) size 65x36
                text run at (1,1) width 65: "2-22"
            LayoutTableCell {TD} at (298,916) size 149x39 [r=21 c=2 rs=1 cs=1]
              LayoutText {#text} at (1,1) size 65x36
                text run at (1,1) width 65: "3-22"
          LayoutTableRow {TR} at (0,955) size 447x39
            LayoutTableCell {TD} at (0,955) size 149x39 [r=22 c=0 rs=1 cs=1]
              LayoutText {#text} at (1,1) size 65x36
                text run at (1,1) width 65: "1-23"
            LayoutTableCell {TD} at (149,955) size 149x39 [r=22 c=1 rs=1 cs=1]
              LayoutText {#text} at (1,1) size 65x36
                text run at (1,1) width 65: "2-23"
            LayoutTableCell {TD} at (298,955) size 149x39 [r=22 c=2 rs=1 cs=1]
              LayoutText {#text} at (1,1) size 65x36
                text run at (1,1) width 65: "3-23"
          LayoutTableRow {TR} at (0,994) size 447x39
            LayoutTableCell {TD} at (0,994) size 149x39 [r=23 c=0 rs=1 cs=1]
              LayoutText {#text} at (1,1) size 65x36
                text run at (1,1) width 65: "1-24"
            LayoutTableCell {TD} at (149,994) size 149x39 [r=23 c=1 rs=1 cs=1]
              LayoutText {#text} at (1,1) size 65x36
                text run at (1,1) width 65: "2-24"
            LayoutTableCell {TD} at (298,994) size 149x39 [r=23 c=2 rs=1 cs=1]
              LayoutText {#text} at (1,1) size 65x36
                text run at (1,1) width 65: "3-24"
          LayoutTableRow {TR} at (0,1033) size 447x39
            LayoutTableCell {TD} at (0,1033) size 149x39 [r=24 c=0 rs=1 cs=1]
              LayoutText {#text} at (1,1) size 65x36
                text run at (1,1) width 65: "1-25"
            LayoutTableCell {TD} at (149,1033) size 149x39 [r=24 c=1 rs=1 cs=1]
              LayoutText {#text} at (1,1) size 65x36
                text run at (1,1) width 65: "2-25"
            LayoutTableCell {TD} at (298,1033) size 149x39 [r=24 c=2 rs=1 cs=1]
              LayoutText {#text} at (1,1) size 65x36
                text run at (1,1) width 65: "3-25"
          LayoutTableRow {TR} at (0,1072) size 447x39
            LayoutTableCell {TD} at (0,1072) size 149x39 [r=25 c=0 rs=1 cs=1]
              LayoutText {#text} at (1,1) size 65x36
                text run at (1,1) width 65: "1-26"
            LayoutTableCell {TD} at (149,1072) size 149x39 [r=25 c=1 rs=1 cs=1]
              LayoutText {#text} at (1,1) size 65x36
                text run at (1,1) width 65: "2-26"
            LayoutTableCell {TD} at (298,1072) size 149x39 [r=25 c=2 rs=1 cs=1]
              LayoutText {#text} at (1,1) size 65x36
                text run at (1,1) width 65: "3-26"
          LayoutTableRow {TR} at (0,1111) size 447x39
            LayoutTableCell {TD} at (0,1111) size 149x39 [r=26 c=0 rs=1 cs=1]
              LayoutText {#text} at (1,1) size 65x36
                text run at (1,1) width 65: "1-27"
            LayoutTableCell {TD} at (149,1111) size 149x39 [r=26 c=1 rs=1 cs=1]
              LayoutText {#text} at (1,1) size 65x36
                text run at (1,1) width 65: "2-27"
            LayoutTableCell {TD} at (298,1111) size 149x39 [r=26 c=2 rs=1 cs=1]
              LayoutText {#text} at (1,1) size 65x36
                text run at (1,1) width 65: "3-27"
          LayoutTableRow {TR} at (0,1150) size 447x39
            LayoutTableCell {TD} at (0,1150) size 149x39 [r=27 c=0 rs=1 cs=1]
              LayoutText {#text} at (1,1) size 65x36
                text run at (1,1) width 65: "1-28"
            LayoutTableCell {TD} at (149,1150) size 149x39 [r=27 c=1 rs=1 cs=1]
              LayoutText {#text} at (1,1) size 65x36
                text run at (1,1) width 65: "2-28"
            LayoutTableCell {TD} at (298,1150) size 149x39 [r=27 c=2 rs=1 cs=1]
              LayoutText {#text} at (1,1) size 65x36
                text run at (1,1) width 65: "3-28"
          LayoutTableRow {TR} at (0,1189) size 447x39
            LayoutTableCell {TD} at (0,1189) size 149x39 [r=28 c=0 rs=1 cs=1]
              LayoutText {#text} at (1,1) size 65x36
                text run at (1,1) width 65: "1-29"
            LayoutTableCell {TD} at (149,1189) size 149x39 [r=28 c=1 rs=1 cs=1]
              LayoutText {#text} at (1,1) size 65x36
                text run at (1,1) width 65: "2-29"
            LayoutTableCell {TD} at (298,1189) size 149x39 [r=28 c=2 rs=1 cs=1]
              LayoutText {#text} at (1,1) size 65x36
                text run at (1,1) width 65: "3-29"
          LayoutTableRow {TR} at (0,1228) size 447x39
            LayoutTableCell {TD} at (0,1228) size 149x39 [r=29 c=0 rs=1 cs=1]
              LayoutText {#text} at (1,1) size 65x36
                text run at (1,1) width 65: "1-30"
            LayoutTableCell {TD} at (149,1228) size 149x39 [r=29 c=1 rs=1 cs=1]
              LayoutText {#text} at (1,1) size 65x36
                text run at (1,1) width 65: "2-30"
            LayoutTableCell {TD} at (298,1228) size 149x39 [r=29 c=2 rs=1 cs=1]
              LayoutText {#text} at (1,1) size 65x36
                text run at (1,1) width 65: "3-30"
          LayoutTableRow {TR} at (0,1267) size 447x39
            LayoutTableCell {TD} at (0,1267) size 149x39 [r=30 c=0 rs=1 cs=1]
              LayoutText {#text} at (1,1) size 65x36
                text run at (1,1) width 65: "1-31"
            LayoutTableCell {TD} at (149,1267) size 149x39 [r=30 c=1 rs=1 cs=1]
              LayoutText {#text} at (1,1) size 65x36
                text run at (1,1) width 65: "2-31"
            LayoutTableCell {TD} at (298,1267) size 149x39 [r=30 c=2 rs=1 cs=1]
              LayoutText {#text} at (1,1) size 65x36
                text run at (1,1) width 65: "3-31"
          LayoutTableRow {TR} at (0,1306) size 447x39
            LayoutTableCell {TD} at (0,1306) size 149x39 [r=31 c=0 rs=1 cs=1]
              LayoutText {#text} at (1,1) size 65x36
                text run at (1,1) width 65: "1-32"
            LayoutTableCell {TD} at (149,1306) size 149x39 [r=31 c=1 rs=1 cs=1]
              LayoutText {#text} at (1,1) size 65x36
                text run at (1,1) width 65: "2-32"
            LayoutTableCell {TD} at (298,1306) size 149x39 [r=31 c=2 rs=1 cs=1]
              LayoutText {#text} at (1,1) size 65x36
                text run at (1,1) width 65: "3-32"
          LayoutTableRow {TR} at (0,1345) size 447x39
            LayoutTableCell {TD} at (0,1345) size 149x39 [r=32 c=0 rs=1 cs=1]
              LayoutText {#text} at (1,1) size 65x36
                text run at (1,1) width 65: "1-33"
            LayoutTableCell {TD} at (149,1345) size 149x39 [r=32 c=1 rs=1 cs=1]
              LayoutText {#text} at (1,1) size 65x36
                text run at (1,1) width 65: "2-33"
            LayoutTableCell {TD} at (298,1345) size 149x39 [r=32 c=2 rs=1 cs=1]
              LayoutText {#text} at (1,1) size 65x36
                text run at (1,1) width 65: "3-33"
          LayoutTableRow {TR} at (0,1384) size 447x39
            LayoutTableCell {TD} at (0,1384) size 149x39 [r=33 c=0 rs=1 cs=1]
              LayoutText {#text} at (1,1) size 65x36
                text run at (1,1) width 65: "1-34"
            LayoutTableCell {TD} at (149,1384) size 149x39 [r=33 c=1 rs=1 cs=1]
              LayoutText {#text} at (1,1) size 65x36
                text run at (1,1) width 65: "2-34"
            LayoutTableCell {TD} at (298,1384) size 149x39 [r=33 c=2 rs=1 cs=1]
              LayoutText {#text} at (1,1) size 65x36
                text run at (1,1) width 65: "3-34"
          LayoutTableRow {TR} at (0,1423) size 447x39
            LayoutTableCell {TD} at (0,1423) size 149x39 [r=34 c=0 rs=1 cs=1]
              LayoutText {#text} at (1,1) size 65x36
                text run at (1,1) width 65: "1-35"
            LayoutTableCell {TD} at (149,1423) size 149x39 [r=34 c=1 rs=1 cs=1]
              LayoutText {#text} at (1,1) size 65x36
                text run at (1,1) width 65: "2-35"
            LayoutTableCell {TD} at (298,1423) size 149x39 [r=34 c=2 rs=1 cs=1]
              LayoutText {#text} at (1,1) size 65x36
                text run at (1,1) width 65: "3-35"
        LayoutTableSection {TFOOT} at (0,1502) size 447x40
          LayoutTableRow {TR} at (0,0) size 447x40
            LayoutTableCell {TH} at (0,0) size 149x40 [r=0 c=0 rs=1 cs=1]
              LayoutText {#text} at (10,1) size 129x37
                text run at (10,1) width 129: "Footer 1"
            LayoutTableCell {TH} at (149,0) size 149x40 [r=0 c=1 rs=1 cs=1]
              LayoutText {#text} at (10,1) size 129x37
                text run at (10,1) width 129: "Footer 2"
            LayoutTableCell {TH} at (298,0) size 149x40 [r=0 c=2 rs=1 cs=1]
              LayoutText {#text} at (10,1) size 129x37
                text run at (10,1) width 129: "Footer 3"
