layer at (0,0) size 800x600
  LayoutView at (0,0) size 800x600
layer at (0,0) size 800x114
  LayoutBlockFlow {HTML} at (0,0) size 800x114
    LayoutBlockFlow {BODY} at (8,16) size 784x73
      LayoutBlockFlow {P} at (0,0) size 784x18
        LayoutText {#text} at (0,0) size 441x18
          text run at (0,0) width 441: "Test pasees if there is a black, blue and yellow rectangle on the page."
      LayoutBlockFlow {DIV} at (25,43) size 734x30
        LayoutText {#text} at (0,0) size 300x30
          text run at (0,0) width 300: "FillerText"
