layer at (0,0) size 800x600
  LayoutView at (0,0) size 800x600
layer at (0,0) size 800x76
  LayoutBlockFlow {HTML} at (0,0) size 800x76
    LayoutBlockFlow {BODY} at (8,16) size 784x52
      LayoutBlockFlow {P} at (0,0) size 784x18
        LayoutText {#text} at (0,0) size 304x18
          text run at (0,0) width 304: "Test passes if there is green visible on the page."
      LayoutBlockFlow {DIV} at (0,34) size 784x18
        LayoutInline {<pseudo:first-letter>} at (0,0) size 9x18
          LayoutTextFragment (anonymous) at (0,0) size 9x18
            text run at (0,0) width 9: "F"
        LayoutTextFragment {#text} at (8,0) size 59x18
          text run at (8,0) width 59: "iller Text"
      LayoutBlockFlow {DIV} at (0,52) size 784x0
