layer at (0,0) size 800x600
  LayoutView at (0,0) size 800x600
layer at (0,0) size 800x116
  LayoutBlockFlow {HTML} at (0,0) size 800x116
    LayoutBlockFlow {BODY} at (8,16) size 784x92
      LayoutBlockFlow {P} at (0,0) size 784x18
        LayoutText {#text} at (0,0) size 520x18
          text run at (0,0) width 520: "Test passes if there are two pairs of black and blue 'Filler Text' instances on page."
      LayoutBlockFlow {DIV} at (0,34) size 784x29
        LayoutText {#text} at (679,0) size 105x29
          text run at (679,0) width 105: "Filler Text"
      LayoutBlockFlow {DIV} at (0,63) size 784x29
        LayoutText {#text} at (679,0) size 105x29
          text run at (679,0) width 105: "Filler Text"
