layer at (0,0) size 800x600
  LayoutView at (0,0) size 800x600
layer at (0,0) size 800x265
  LayoutBlockFlow {HTML} at (0,0) size 800x265
    LayoutBlockFlow {BODY} at (8,16) size 784x241
      LayoutBlockFlow {P} at (0,0) size 784x18
        LayoutText {#text} at (0,0) size 309x18
          text run at (0,0) width 309: "Test passes if there is no red visible on the page."
      LayoutBlockFlow {DIV} at (0,34) size 784x207
        LayoutBlockFlow (anonymous) at (0,0) size 784x69
          LayoutText {#text} at (0,0) size 236x69
            text run at (0,0) width 236: "FillerText"
        LayoutBlockFlow {DIV} at (0,69) size 784x69
          LayoutText {#text} at (0,0) size 236x69
            text run at (0,0) width 236: "FillerText"
        LayoutBlockFlow (anonymous) at (0,138) size 784x69
          LayoutText {#text} at (0,0) size 236x69
            text run at (0,0) width 236: "FillerText"
