layer at (0,0) size 800x600
  LayoutView at (0,0) size 800x600
layer at (0,0) size 800x129
  LayoutBlockFlow {HTML} at (0,0) size 800x129
    LayoutBlockFlow {BODY} at (8,16) size 784x88
      LayoutBlockFlow {P} at (0,0) size 784x18
        LayoutText {#text} at (0,0) size 704x18
          text run at (0,0) width 704: "Test passes if there are three black and three blue instances of 'Filler Text' such that all text has a line above it."
      LayoutBlockFlow {DIV} at (25,43) size 734x45
        LayoutText {#text} at (0,0) size 536x44
          text run at (0,0) width 536: "Filler Text Filler Text Filler Text"
      LayoutBlockFlow {DIV} at (0,113) size 784x0
