layer at (0,0) size 800x600
  LayoutView at (0,0) size 800x600
layer at (0,0) size 800x600
  LayoutBlockFlow {HTML} at (0,0) size 800x600
    LayoutBlockFlow {BODY} at (8,8) size 784x584
      LayoutBlockFlow (anonymous) at (0,0) size 784x18
        LayoutText {#text} at (0,0) size 315x18
          text run at (0,0) width 315: "The following sets of buttons should not overlap."
      LayoutTable {TABLE} at (0,18) size 784x22
        LayoutTableSection {TBODY} at (0,0) size 784x22
          LayoutTableRow {TR} at (0,1) size 784x20
            LayoutTableCell {TD} at (1,1) size 8x20 [r=0 c=0 rs=1 cs=1]
              LayoutBlockFlow {INPUT} at (3.88,4) size 6x12
            LayoutTableCell {TD} at (10,1) size 8x20 [r=0 c=1 rs=1 cs=1]
              LayoutBlockFlow {INPUT} at (3.88,4) size 6x12
            LayoutTableCell {TD} at (19,1) size 8x20 [r=0 c=2 rs=1 cs=1]
              LayoutBlockFlow {INPUT} at (3.88,4) size 6x12
            LayoutTableCell {TD} at (28,1) size 755x20 [r=0 c=3 rs=1 cs=1]
              LayoutText {#text} at (1,1) size 4x18
                text run at (1,1) width 4: " "
