layer at (0,0) size 800x600
  LayoutView at (0,0) size 800x600
layer at (0,0) size 800x600
  LayoutBlockFlow {HTML} at (0,0) size 800x600
    LayoutBlockFlow {BODY} at (8,8) size 784x584
      LayoutBlockFlow (anonymous) at (0,0) size 784x18
        LayoutText {#text} at (0,0) size 228x18
          text run at (0,0) width 228: "These textfields should not overlap."
      LayoutTable {TABLE} at (0,18) size 784x23
        LayoutTableSection {TBODY} at (0,0) size 784x23
          LayoutTableRow {TR} at (0,1) size 784x21
            LayoutTableCell {TD} at (1,1) size 8x21 [r=0 c=0 rs=1 cs=1]
              LayoutTextControl {INPUT} at (1,1) size 6x19 [bgcolor=#FFFFFF] [border: (2px inset #EEEEEE)]
            LayoutTableCell {TD} at (10,1) size 8x21 [r=0 c=1 rs=1 cs=1]
              LayoutTextControl {INPUT} at (1,1) size 6x19 [bgcolor=#FFFFFF] [border: (2px inset #EEEEEE)]
            LayoutTableCell {TD} at (19,1) size 8x21 [r=0 c=2 rs=1 cs=1]
              LayoutTextControl {INPUT} at (1,1) size 6x19 [bgcolor=#FFFFFF] [border: (2px inset #EEEEEE)]
            LayoutTableCell {TD} at (28,1) size 755x20 [r=0 c=3 rs=1 cs=1]
              LayoutText {#text} at (1,1) size 4x18
                text run at (1,1) width 4: " "
      LayoutBlockFlow (anonymous) at (0,41) size 784x36
        LayoutBR {BR} at (0,0) size 0x18
        LayoutBR {BR} at (0,18) size 0x18
      LayoutTable {TABLE} at (0,77) size 784x23
        LayoutTableSection {TBODY} at (0,0) size 784x23
          LayoutTableRow {TR} at (0,1) size 784x21
            LayoutTableCell {TD} at (1,1) size 8x21 [r=0 c=0 rs=1 cs=1]
              LayoutTextControl {INPUT} at (1,1) size 6x19 [bgcolor=#FFFFFF] [border: (2px inset #EEEEEE)]
            LayoutTableCell {TD} at (10,1) size 8x21 [r=0 c=1 rs=1 cs=1]
              LayoutTextControl {INPUT} at (1,1) size 6x19 [bgcolor=#FFFFFF] [border: (2px inset #EEEEEE)]
            LayoutTableCell {TD} at (19,1) size 8x21 [r=0 c=2 rs=1 cs=1]
              LayoutTextControl {INPUT} at (1,1) size 6x19 [bgcolor=#FFFFFF] [border: (2px inset #EEEEEE)]
            LayoutTableCell {TD} at (28,1) size 755x20 [r=0 c=3 rs=1 cs=1]
              LayoutText {#text} at (1,1) size 4x18
                text run at (1,1) width 4: " "
layer at (13,31) size 0x13 scrollWidth 47
  LayoutBlockFlow {DIV} at (3,3) size 0x13
    LayoutText {#text} at (0,0) size 47x13
      text run at (0,0) width 47: "New Mail"
layer at (22,31) size 0x13 scrollWidth 29
  LayoutBlockFlow {DIV} at (3,3) size 0x13
    LayoutText {#text} at (0,0) size 29x13
      text run at (0,0) width 29: "Reply"
layer at (31,31) size 0x13 scrollWidth 45
  LayoutBlockFlow {DIV} at (3,3) size 0x13
    LayoutText {#text} at (0,0) size 44x13
      text run at (0,0) width 44: "Reply All"
layer at (13,90) size 0x13 scrollWidth 47
  LayoutBlockFlow {DIV} at (3,3) size 0x13
    LayoutText {#text} at (0,0) size 47x13
      text run at (0,0) width 47: "New Mail"
layer at (22,90) size 0x13 scrollWidth 29
  LayoutBlockFlow {DIV} at (3,3) size 0x13
    LayoutText {#text} at (0,0) size 29x13
      text run at (0,0) width 29: "Reply"
layer at (31,90) size 0x13 scrollWidth 45
  LayoutBlockFlow {DIV} at (3,3) size 0x13
    LayoutText {#text} at (0,0) size 44x13
      text run at (0,0) width 44: "Reply All"
