layer at (0,0) size 800x600
  LayoutView at (0,0) size 800x600
layer at (0,0) size 800x600
  LayoutBlockFlow {HTML} at (0,0) size 800x600
    LayoutBlockFlow {BODY} at (8,8) size 784x584
      LayoutBlockFlow (anonymous) at (0,0) size 784x18
        LayoutText {#text} at (0,0) size 228x18
          text run at (0,0) width 228: "These textfields should not overlap."
      LayoutTable {TABLE} at (0,18) size 784x23
        LayoutTableSection {TBODY} at (0,0) size 784x23
          LayoutTableRow {TR} at (0,1) size 784x21
            LayoutTableCell {TD} at (1,1) size 10x21 [r=0 c=0 rs=1 cs=1]
              LayoutTextControl {INPUT} at (1,1) size 8x19 [bgcolor=#FFFFFF] [border: (2px inset #EEEEEE)]
                LayoutFlexibleBox {DIV} at (4,3) size 0x13
                  LayoutBlockFlow {DIV} at (0,0) size 0x13
            LayoutTableCell {TD} at (12,1) size 10x21 [r=0 c=1 rs=1 cs=1]
              LayoutTextControl {INPUT} at (1,1) size 8x19 [bgcolor=#FFFFFF] [border: (2px inset #EEEEEE)]
                LayoutFlexibleBox {DIV} at (4,3) size 0x13
                  LayoutBlockFlow {DIV} at (0,0) size 0x13
            LayoutTableCell {TD} at (23,1) size 10x21 [r=0 c=2 rs=1 cs=1]
              LayoutTextControl {INPUT} at (1,1) size 8x19 [bgcolor=#FFFFFF] [border: (2px inset #EEEEEE)]
                LayoutFlexibleBox {DIV} at (4,3) size 0x13
                  LayoutBlockFlow {DIV} at (0,0) size 0x13
            LayoutTableCell {TD} at (34,1) size 749x20 [r=0 c=3 rs=1 cs=1]
              LayoutText {#text} at (1,1) size 4x18
                text run at (1,1) width 4: " "
      LayoutBlockFlow (anonymous) at (0,41) size 784x36
        LayoutBR {BR} at (0,0) size 0x18
        LayoutBR {BR} at (0,18) size 0x18
      LayoutTable {TABLE} at (0,77) size 784x23
        LayoutTableSection {TBODY} at (0,0) size 784x23
          LayoutTableRow {TR} at (0,1) size 784x21
            LayoutTableCell {TD} at (1,1) size 10x21 [r=0 c=0 rs=1 cs=1]
              LayoutTextControl {INPUT} at (1,1) size 8x19 [bgcolor=#FFFFFF] [border: (2px inset #EEEEEE)]
                LayoutFlexibleBox {DIV} at (4,3) size 0x13
                  LayoutBlockFlow {DIV} at (0,0) size 0x13
            LayoutTableCell {TD} at (12,1) size 10x21 [r=0 c=1 rs=1 cs=1]
              LayoutTextControl {INPUT} at (1,1) size 8x19 [bgcolor=#FFFFFF] [border: (2px inset #EEEEEE)]
                LayoutFlexibleBox {DIV} at (4,3) size 0x13
                  LayoutBlockFlow {DIV} at (0,0) size 0x13
            LayoutTableCell {TD} at (23,1) size 10x21 [r=0 c=2 rs=1 cs=1]
              LayoutTextControl {INPUT} at (1,1) size 8x19 [bgcolor=#FFFFFF] [border: (2px inset #EEEEEE)]
                LayoutFlexibleBox {DIV} at (4,3) size 0x13
                  LayoutBlockFlow {DIV} at (0,0) size 0x13
            LayoutTableCell {TD} at (34,1) size 749x20 [r=0 c=3 rs=1 cs=1]
              LayoutText {#text} at (1,1) size 4x18
                text run at (1,1) width 4: " "
layer at (14,31) size 0x13 scrollWidth 47
  LayoutBlockFlow {DIV} at (0,0) size 0x13
    LayoutText {#text} at (0,0) size 47x13
      text run at (0,0) width 47: "New Mail"
layer at (25,31) size 0x13 scrollWidth 29
  LayoutBlockFlow {DIV} at (0,0) size 0x13
    LayoutText {#text} at (0,0) size 29x13
      text run at (0,0) width 29: "Reply"
layer at (36,31) size 0x13 scrollWidth 45
  LayoutBlockFlow {DIV} at (0,0) size 0x13
    LayoutText {#text} at (0,0) size 44x13
      text run at (0,0) width 44: "Reply All"
layer at (14,90) size 0x13 scrollWidth 47
  LayoutBlockFlow {DIV} at (0,0) size 0x13
    LayoutText {#text} at (0,0) size 47x13
      text run at (0,0) width 47: "New Mail"
layer at (25,90) size 0x13 scrollWidth 29
  LayoutBlockFlow {DIV} at (0,0) size 0x13
    LayoutText {#text} at (0,0) size 29x13
      text run at (0,0) width 29: "Reply"
layer at (36,90) size 0x13 scrollWidth 45
  LayoutBlockFlow {DIV} at (0,0) size 0x13
    LayoutText {#text} at (0,0) size 44x13
      text run at (0,0) width 44: "Reply All"
layer at (15,32) size 11x11 transparent
  LayoutBlockFlow {DIV} at (1,1) size 11x11
layer at (26,32) size 11x11 transparent
  LayoutBlockFlow {DIV} at (1,1) size 11x11
layer at (37,32) size 11x11 transparent
  LayoutBlockFlow {DIV} at (1,1) size 11x11
layer at (15,91) size 11x11 transparent
  LayoutBlockFlow {DIV} at (1,1) size 11x11
layer at (26,91) size 11x11 transparent
  LayoutBlockFlow {DIV} at (1,1) size 11x11
layer at (37,91) size 11x11 transparent
  LayoutBlockFlow {DIV} at (1,1) size 11x11
