layer at (0,0) size 800x600
  LayoutView at (0,0) size 800x600
layer at (0,0) size 800x541
  LayoutBlockFlow {HTML} at (0,0) size 800x541
    LayoutBlockFlow {BODY} at (8,8) size 784x525
      LayoutText {#text} at (0,0) size 255x19
        text run at (0,0) width 255: "No glyphs should extend outside the rects."
      LayoutBR {BR} at (255,0) size 0x19
      LayoutSVGRoot {svg} at (0,20) size 700x500
        LayoutSVGText {text} at (41,5) size 137x57 contains 1 chunk(s)
          LayoutSVGInlineText {#text} at (41,5) size 137x57
            chunk 1 text run 1 at (50.00,50.00) startOffset 0 endOffset 8 width 120.00: "ffffffff"
        LayoutSVGText {text} at (41,105) size 197x57 contains 1 chunk(s)
          LayoutSVGInlineText {#text} at (41,105) size 107x57
            chunk 1 text run 1 at (50.00,150.00) startOffset 0 endOffset 6 width 90.00: "ffffff"
          LayoutSVGTSpan {tspan} at (41,105) size 197x57
            LayoutSVGInlineText {#text} at (131,105) size 107x57
              chunk 1 text run 1 at (140.00,150.00) startOffset 0 endOffset 6 width 90.00: "ffffff"
        LayoutSVGText {text} at (45,179) size 201x90 contains 1 chunk(s)
          LayoutSVGTSpan {tspan} at (45,179) size 201x90
            LayoutSVGInlineText {#text} at (45,222) size 59x35
              chunk 1 text run 1 at (50.00,250.00) startOffset 0 endOffset 6 width 48.00: "ffffff"
          LayoutSVGTSpan {tspan} at (45,179) size 201x90
            LayoutSVGInlineText {#text} at (84,179) size 162x90
              chunk 1 text run 1 at (98.00,250.00) startOffset 0 endOffset 6 width 132.00: "ffffff"
        LayoutSVGText {text} at (37.44,299.84) size 319.56x100.30 contains 1 chunk(s)
          LayoutSVGInlineText {#text} at (37.44,299.84) size 319.56x100.30
            chunk 1 text run 1 at (50.00,350.00) startOffset 0 endOffset 1 width 15.00: "f"
            chunk 1 text run 2 at (65.00,350.00) startOffset 1 endOffset 2 width 15.00: "f"
            chunk 1 text run 3 at (80.00,350.00) startOffset 2 endOffset 3 width 15.00: "f"
            chunk 1 text run 4 at (95.00,350.00) startOffset 3 endOffset 4 width 15.00: "f"
            chunk 1 text run 5 at (110.00,350.00) startOffset 4 endOffset 5 width 15.00: "f"
            chunk 1 text run 6 at (125.00,350.00) startOffset 5 endOffset 6 width 15.00: "f"
            chunk 1 text run 7 at (140.00,350.00) startOffset 6 endOffset 7 width 15.00: "f"
            chunk 1 text run 8 at (155.00,350.00) startOffset 7 endOffset 8 width 15.00: "f"
            chunk 1 text run 9 at (170.00,350.00) startOffset 8 endOffset 9 width 15.00: "f"
            chunk 1 text run 10 at (185.00,350.00) startOffset 9 endOffset 10 width 15.00: "f"
            chunk 1 text run 11 at (200.00,350.00) startOffset 10 endOffset 11 width 15.00: "f"
            chunk 1 text run 12 at (215.00,350.00) startOffset 11 endOffset 12 width 15.00: "f"
            chunk 1 text run 13 at (230.00,350.00) startOffset 12 endOffset 13 width 15.00: "f"
            chunk 1 text run 14 at (245.00,350.00) startOffset 13 endOffset 14 width 15.00: "f"
            chunk 1 text run 15 at (260.00,350.00) startOffset 14 endOffset 15 width 15.00: "f"
            chunk 1 text run 16 at (275.00,350.00) startOffset 15 endOffset 16 width 15.00: "f"
            chunk 1 text run 17 at (290.00,350.00) startOffset 16 endOffset 17 width 15.00: "f"
            chunk 1 text run 18 at (305.00,350.00) startOffset 17 endOffset 18 width 15.00: "f"
            chunk 1 text run 19 at (320.00,350.00) startOffset 18 endOffset 19 width 15.00: "f"
        LayoutSVGText {text} at (50,419) size 139x71 contains 1 chunk(s)
          LayoutSVGInlineText {#text} at (50,419) size 139x71
            chunk 1 text run 1 at (50.00,475.00) startOffset 0 endOffset 5 width 133.00: "'faQ'"
        LayoutSVGRect {rect} at (41,5) size 137x57 [stroke={[type=SOLID] [color=#008000]}] [fill={[type=SOLID] [color=#00000000]}] [x=41.00] [y=5.00] [width=137.00] [height=57.00]
        LayoutSVGRect {rect} at (41,105) size 197x57 [stroke={[type=SOLID] [color=#008000]}] [fill={[type=SOLID] [color=#00000000]}] [x=41.00] [y=105.00] [width=197.00] [height=57.00]
        LayoutSVGRect {rect} at (45,179) size 201x90 [stroke={[type=SOLID] [color=#008000]}] [fill={[type=SOLID] [color=#00000000]}] [x=45.00] [y=179.00] [width=201.00] [height=90.00]
        LayoutSVGRect {rect} at (37.44,299.84) size 319.56x100.30 [stroke={[type=SOLID] [color=#008000]}] [fill={[type=SOLID] [color=#00000000]}] [x=37.44] [y=299.84] [width=319.56] [height=100.30]
        LayoutSVGRect {rect} at (50,419) size 139x71 [stroke={[type=SOLID] [color=#008000]}] [fill={[type=SOLID] [color=#00000000]}] [x=50.00] [y=419.00] [width=139.00] [height=71.00]
      LayoutText {#text} at (0,0) size 0x0
