layer at (0,0) size 800x600
  LayoutView at (0,0) size 800x600
layer at (0,0) size 800x600
  LayoutBlockFlow {HTML} at (0,0) size 800x600
    LayoutBlockFlow {BODY} at (8,8) size 784x584
      LayoutBlockFlow {DIV} at (0,0) size 784x129
        LayoutBlockFlow {DIV} at (12,12) size 110x100 [bgcolor=#000000] [border: (20px solid #FFFFFF)]
        LayoutText {#text} at (132,107) size 4x19
          text run at (132,107) width 4: " "
        LayoutBlockFlow {DIV} at (146,12) size 110x100 [bgcolor=#000000] [border: (20px double #FFFFFF)]
        LayoutText {#text} at (266,107) size 4x19
          text run at (266,107) width 4: " "
        LayoutBlockFlow {DIV} at (280,12) size 110x100 [bgcolor=#000000] [border: (20px groove #808080)]
        LayoutText {#text} at (400,107) size 4x19
          text run at (400,107) width 4: " "
        LayoutBlockFlow {DIV} at (414,12) size 110x100 [bgcolor=#000000] [border: (20px solid #FFFFFF) (20px double #FFFFFF) (20px solid #FFFFFF)]
        LayoutText {#text} at (0,0) size 0x0
      LayoutBlockFlow {DIV} at (0,129) size 784x129 [bgcolor=#808080]
        LayoutBlockFlow {DIV} at (12,12) size 110x100 [bgcolor=#FFFFFF] [border: (20px solid #0000FF80)]
        LayoutText {#text} at (132,107) size 4x19
          text run at (132,107) width 4: " "
        LayoutBlockFlow {DIV} at (146,12) size 110x100 [bgcolor=#FFFFFF] [border: (20px double #0000FF80)]
        LayoutText {#text} at (266,107) size 4x19
          text run at (266,107) width 4: " "
        LayoutBlockFlow {DIV} at (280,12) size 110x100 [bgcolor=#FFFFFF] [border: (20px groove #808080)]
        LayoutText {#text} at (400,107) size 4x19
          text run at (400,107) width 4: " "
        LayoutBlockFlow {DIV} at (414,12) size 110x100 [bgcolor=#FFFFFF] [border: (20px solid #0000FF80) (20px double #0000FF80) (20px solid #0000FF80)]
        LayoutText {#text} at (0,0) size 0x0
      LayoutBlockFlow {DIV} at (0,258) size 784x129
        LayoutBlockFlow {DIV} at (12,12) size 110x100 [bgcolor=#000000] [border: (20px solid #FFFFFF)]
        LayoutText {#text} at (132,107) size 4x19
          text run at (132,107) width 4: " "
        LayoutBlockFlow {DIV} at (146,12) size 110x100 [bgcolor=#000000] [border: (20px double #FFFFFF)]
        LayoutText {#text} at (266,107) size 4x19
          text run at (266,107) width 4: " "
        LayoutBlockFlow {DIV} at (280,12) size 110x100 [bgcolor=#000000] [border: (20px groove #808080)]
        LayoutText {#text} at (400,107) size 4x19
          text run at (400,107) width 4: " "
        LayoutBlockFlow {DIV} at (414,12) size 110x100 [bgcolor=#000000] [border: (20px solid #FFFFFF) (20px double #FFFFFF) (20px solid #FFFFFF)]
        LayoutText {#text} at (0,0) size 0x0
