layer at (0,0) size 800x600
  LayoutView at (0,0) size 800x600
layer at (0,0) size 800x160
  LayoutBlockFlow {HTML} at (0,0) size 800x160
    LayoutBlockFlow {BODY} at (8,8) size 784x136
      LayoutBlockFlow {DIV} at (0,0) size 784x20
        LayoutText {#text} at (0,0) size 184x19
          text run at (0,0) width 184: "There should be no red below."
layer at (8,44) size 100x100
  LayoutBlockFlow (relative positioned) {P} at (0,36) size 100x100
layer at (44,44) size 64x32
  LayoutBlockFlow (positioned) {SPAN} at (36,0) size 64x32 [bgcolor=#FFFFFF]
