layer at (0,0) size 800x600
  LayoutView at (0,0) size 800x600
layer at (0,0) size 800x421
  LayoutBlockFlow {HTML} at (0,0) size 800x421
    LayoutBlockFlow {BODY} at (8,8) size 784x405
      LayoutBlockFlow {DIV} at (10,10) size 130x110 [bgcolor=#008000]
      LayoutText {#text} at (150,115) size 4x19
        text run at (150,115) width 4: " "
      LayoutBlockFlow {DIV} at (164,10) size 130x110 [bgcolor=#008000]
      LayoutText {#text} at (304,115) size 4x19
        text run at (304,115) width 4: " "
      LayoutBlockFlow {DIV} at (318,10) size 130x110 [bgcolor=#008000]
      LayoutText {#text} at (458,115) size 4x19
        text run at (458,115) width 4: " "
      LayoutBR {BR} at (0,0) size 0x0
      LayoutBlockFlow {DIV} at (10,145) size 130x110 [bgcolor=#008000]
      LayoutText {#text} at (150,250) size 4x19
        text run at (150,250) width 4: " "
      LayoutBlockFlow {DIV} at (164,145) size 130x110 [bgcolor=#008000]
      LayoutText {#text} at (304,250) size 4x19
        text run at (304,250) width 4: " "
      LayoutBlockFlow {DIV} at (318,145) size 130x110 [bgcolor=#008000]
      LayoutText {#text} at (458,250) size 4x19
        text run at (458,250) width 4: " "
      LayoutBR {BR} at (0,0) size 0x0
      LayoutBlockFlow {DIV} at (10,280) size 130x110 [bgcolor=#008000]
      LayoutText {#text} at (150,385) size 4x19
        text run at (150,385) width 4: " "
      LayoutBlockFlow {DIV} at (164,280) size 130x110 [bgcolor=#008000]
      LayoutText {#text} at (304,385) size 4x19
        text run at (304,385) width 4: " "
      LayoutBlockFlow {DIV} at (318,280) size 130x110 [bgcolor=#008000]
      LayoutText {#text} at (458,385) size 4x19
        text run at (458,385) width 4: " "
      LayoutBR {BR} at (0,0) size 0x0
