layer at (0,0) size 800x600
  LayoutView at (0,0) size 800x600
layer at (0,0) size 800x600
  LayoutBlockFlow {HTML} at (0,0) size 800x600
    LayoutBlockFlow {BODY} at (8,8) size 784x584
      LayoutBlockFlow (anonymous) at (0,0) size 784x20
        LayoutText {#text} at (0,0) size 300x19
          text run at (0,0) width 300: "The lime div below should have a soft glow effect."
layer at (8,28) size 220x220 transparent
  LayoutBlockFlow {DIV} at (0,20) size 220x220 [bgcolor=#00FF00] [border: (10px solid #000000)]
