layer at (0,0) size 800x600
  LayoutView at (0,0) size 800x600
layer at (0,0) size 800x600
  LayoutBlockFlow {HTML} at (0,0) size 800x600
    LayoutBlockFlow {BODY} at (8,8) size 784x576
      LayoutBlockFlow (anonymous) at (0,0) size 784x20
        LayoutText {#text} at (0,0) size 565x19
          text run at (0,0) width 565: "The following two lines should be visible without the white background clipping any of the text:"
      LayoutBlockFlow {P} at (0,36) size 784x32
        LayoutInline {SPAN} at (0,0) size 77x38 [bgcolor=#FFFFFF]
          LayoutText {#text} at (0,0) size 0x0
          LayoutInline {SPAN} at (0,0) size 77x31
            LayoutText {#text} at (0,0) size 77x15
              text run at (0,0) width 77: "FOOBARBAZ"
            LayoutBR {BR} at (77,12) size 0x0
            LayoutText {#text} at (0,16) size 77x15
              text run at (0,16) width 77: "BAZBARFOO"
        LayoutText {#text} at (0,0) size 0x0
      LayoutBlockFlow (anonymous) at (0,84) size 784x20
        LayoutText {#text} at (0,0) size 391x19
          text run at (0,0) width 391: "The background below should be 10x10 and snugly fit the image:"
      LayoutBlockFlow {P} at (0,120) size 784x10
        LayoutInline {SPAN} at (0,0) size 10x46 [bgcolor=#FF0000]
          LayoutImage {IMG} at (0,0) size 10x10
        LayoutText {#text} at (0,0) size 0x0
