layer at (0,0) size 800x600
  LayoutView at (0,0) size 800x600
layer at (0,0) size 800x100
  LayoutBlockFlow {HTML} at (0,0) size 800x100
    LayoutBlockFlow {BODY} at (8,8) size 784x76
      LayoutBlockFlow {DIV} at (0,0) size 784x76
        LayoutBlockFlow (anonymous) at (0,0) size 784x20
          LayoutText {#text} at (0,0) size 336x19
            text run at (0,0) width 336: "Test pass if background of image list style in ul is yellow."
        LayoutBlockFlow {UL} at (0,36) size 784x40
          LayoutListItem {LI} at (40,0) size 744x20
            LayoutListMarker (anonymous) at (-17,5) size 10x10
            LayoutText {#text} at (0,0) size 26x19
              text run at (0,0) width 26: "One"
          LayoutListItem {LI} at (40,20) size 744x20
            LayoutListMarker (anonymous) at (-17,5) size 10x10
            LayoutText {#text} at (0,0) size 27x19
              text run at (0,0) width 27: "Two"
selection start: position 66 of child 0 {#text} of child 0 {DIV} of body
selection end:   position 3 of child 0 {#text} of child 3 {LI} of child 1 {UL} of child 0 {DIV} of body
