layer at (0,0) size 800x600
  LayoutView at (0,0) size 800x600
layer at (0,0) size 800x156
  LayoutBlockFlow {HTML} at (0,0) size 800x156
    LayoutBlockFlow {BODY} at (8,8) size 784x132
      LayoutBlockFlow {DIV} at (0,0) size 784x132
        LayoutBlockFlow (anonymous) at (0,0) size 784x20
          LayoutText {#text} at (0,0) size 449x19
            text run at (0,0) width 449: "Test passes if backgrounds of list style in ul and ol are each red and yellow."
        LayoutBlockFlow {UL} at (0,36) size 784x40
          LayoutListItem {LI} at (40,0) size 744x20
            LayoutListMarker (anonymous) at (-18,0) size 7x19: bullet
            LayoutText {#text} at (0,0) size 26x19
              text run at (0,0) width 26: "One"
          LayoutListItem {LI} at (40,20) size 744x20
            LayoutListMarker (anonymous) at (-18,0) size 7x19: bullet
            LayoutText {#text} at (0,0) size 27x19
              text run at (0,0) width 27: "Two"
        LayoutBlockFlow {OL} at (0,92) size 784x40
          LayoutListItem {LI} at (40,0) size 744x20
            LayoutListMarker (anonymous) at (-16,0) size 16x19: "1"
            LayoutText {#text} at (0,0) size 26x19
              text run at (0,0) width 26: "One"
          LayoutListItem {LI} at (40,20) size 744x20
            LayoutListMarker (anonymous) at (-16,0) size 16x19: "2"
            LayoutText {#text} at (0,0) size 27x19
              text run at (0,0) width 27: "Two"
selection start: position 84 of child 0 {#text} of child 0 {DIV} of body
selection end:   position 3 of child 0 {#text} of child 3 {LI} of child 3 {OL} of child 0 {DIV} of body
