layer at (0,0) size 800x600
  LayoutView at (0,0) size 800x600
layer at (0,0) size 800x600
  LayoutBlockFlow {HTML} at (0,0) size 800x600
    LayoutBlockFlow {BODY} at (8,8) size 784x584
      LayoutBlockFlow (anonymous) at (0,0) size 784x20
        LayoutText {#text} at (0,0) size 285x19
          text run at (0,0) width 285: "The square should be a uniform shade of green."
      LayoutBlockFlow (anonymous) at (0,70) size 784x0
      LayoutBlockFlow (anonymous) at (0,70) size 784x100
      LayoutBlockFlow (anonymous) at (0,170) size 784x0
        LayoutText {#text} at (0,0) size 0x0
layer at (8,78) size 100x100
  LayoutBlockFlow {DIV} at (0,0) size 100x100
    LayoutText {#text} at (0,0) size 0x0
layer at (8,28) size 100x50 transparent
  LayoutBlockFlow {DIV} at (0,20) size 100x50 [bgcolor=#008000]
layer at (8,78) size 0x0 transparent
  LayoutInline {SPAN} at (0,0) size 0x0
    LayoutText {#text} at (0,0) size 0x0
layer at (8,78) size 100x50 transparent
  LayoutBlockFlow {SPAN} at (0,0) size 100x50 [bgcolor=#008000]
layer at (8,178) size 0x0 transparent
  LayoutInline {SPAN} at (0,0) size 0x0
