layer at (0,0) size 800x600
  LayoutView at (0,0) size 800x600
layer at (0,0) size 800x600
  LayoutBlockFlow {HTML} at (0,0) size 800x600
    LayoutBlockFlow {BODY} at (8,8) size 784x584
      LayoutBlockFlow (anonymous) at (0,0) size 784x20
        LayoutInline {FONT} at (0,0) size 89x19 [color=#FF0000]
          LayoutInline {I} at (0,0) size 89x19
            LayoutText {#text} at (0,0) size 89x19
              text run at (0,0) width 89: "Italic and Red"
        LayoutInline {I} at (0,0) size 0x19
      LayoutBlockFlow (anonymous) at (0,36) size 784x20
        LayoutBlockFlow {P} at (0,0) size 784x20
          LayoutInline {FONT} at (0,0) size 93x19 [color=#FF0000]
            LayoutText {#text} at (0,0) size 93x19
              text run at (0,0) width 93: "Italic and Red "
          LayoutText {#text} at (93,0) size 64x19
            text run at (93,0) width 64: "Just italic."
      LayoutBlockFlow (anonymous) at (0,72) size 784x20
        LayoutInline {I} at (0,0) size 67x19
          LayoutText {#text} at (0,0) size 67x19
            text run at (0,0) width 67: "Italic only."
        LayoutText {#text} at (67,0) size 36x19
          text run at (67,0) width 36: " Plain"
      LayoutBlockFlow {P} at (0,108) size 784x20
        LayoutText {#text} at (0,0) size 126x19
          text run at (0,0) width 126: "I should not be red. "
        LayoutInline {FONT} at (0,0) size 123x19 [color=#FF0000]
          LayoutText {#text} at (126,0) size 34x19
            text run at (126,0) width 34: "Red. "
          LayoutInline {I} at (0,0) size 89x19
            LayoutText {#text} at (160,0) size 89x19
              text run at (160,0) width 89: "Italic and red."
      LayoutBlockFlow (anonymous) at (0,144) size 784x0
        LayoutInline {FONT} at (0,0) size 0x0 [color=#FF0000]
          LayoutInline {I} at (0,0) size 0x0
            LayoutText {#text} at (0,0) size 0x0
      LayoutBlockFlow {P} at (0,144) size 784x20
        LayoutInline {FONT} at (0,0) size 123x19 [color=#FF0000]
          LayoutInline {I} at (0,0) size 93x19
            LayoutText {#text} at (0,0) size 93x19
              text run at (0,0) width 93: "Italic and red. "
          LayoutText {#text} at (93,0) size 30x19
            text run at (93,0) width 30: "Red."
        LayoutText {#text} at (123,0) size 126x19
          text run at (123,0) width 126: " I should not be red."
      LayoutBlockFlow (anonymous) at (0,180) size 784x20
        LayoutInline {B} at (0,0) size 131x19
          LayoutText {#text} at (0,0) size 36x19
            text run at (0,0) width 36: "Bold "
          LayoutInline {I} at (0,0) size 95x19
            LayoutText {#text} at (36,0) size 95x19
              text run at (36,0) width 95: "Bold and italic"
        LayoutInline {I} at (0,0) size 75x19
          LayoutText {#text} at (131,0) size 75x19
            text run at (131,0) width 75: " Only Italic "
        LayoutText {#text} at (206,0) size 32x19
          text run at (206,0) width 32: "Plain"
