layer at (0,0) size 800x600
  LayoutView at (0,0) size 800x600
layer at (0,0) size 800x600
  LayoutBlockFlow {HTML} at (0,0) size 800x600
    LayoutBlockFlow {BODY} at (8,8) size 784x584
      LayoutBlockFlow (anonymous) at (0,0) size 784x0
        LayoutInline {LABEL} at (0,0) size 0x0
          LayoutInline {A} at (0,0) size 0x0
      LayoutBlockFlow (anonymous) at (0,0) size 784x40
        LayoutBlockFlow {DIV} at (0,0) size 784x40
          LayoutBlockFlow (anonymous) at (0,0) size 784x20
            LayoutInline {A} at (0,0) size 35x19
              LayoutText {#text} at (0,0) size 35x19
                text run at (0,0) width 35: "Hello"
          LayoutBlockFlow (anonymous) at (0,20) size 784x20
            LayoutBlockFlow {DIV} at (0,0) size 784x20
              LayoutText {#text} at (0,0) size 39x19
                text run at (0,0) width 39: "World"
          LayoutBlockFlow (anonymous) at (0,40) size 784x0
            LayoutInline {A} at (0,0) size 0x0
            LayoutText {#text} at (0,0) size 0x0
      LayoutBlockFlow (anonymous) at (0,40) size 784x0
        LayoutInline {LABEL} at (0,0) size 0x0
