layer at (0,0) size 800x600
  LayoutView at (0,0) size 800x600
layer at (0,0) size 800x600
  LayoutBlockFlow {HTML} at (0,0) size 800x600
    LayoutBlockFlow {BODY} at (8,8) size 784x584
      LayoutBlockFlow {P} at (0,0) size 784x20
        LayoutText {#text} at (0,0) size 266x19
          text run at (0,0) width 266: "All the text below should be part of a link."
      LayoutBlockFlow (anonymous) at (0,36) size 784x40
        LayoutInline {NOBR} at (0,0) size 25x19
          LayoutInline {A} at (0,0) size 25x19 [color=#0000EE]
            LayoutText {#text} at (0,0) size 25x19
              text run at (0,0) width 25: "Test"
        LayoutInline {A} at (0,0) size 61x19 [color=#0000EE]
          LayoutText {#text} at (25,0) size 61x19
            text run at (25,0) width 61: " more test"
        LayoutBR {BR} at (86,15) size 0x0
        LayoutWordBreak {WBR} at (0,0) size 0x0
        LayoutInline {A} at (0,0) size 86x19 [color=#0000EE]
          LayoutText {#text} at (0,20) size 86x19
            text run at (0,20) width 86: "Test more test"
        LayoutBR {BR} at (86,35) size 0x0
