layer at (0,0) size 800x600
  LayoutView at (0,0) size 800x600
layer at (0,0) size 800x192
  LayoutBlockFlow {html} at (0,0) size 800x191.88
    LayoutBlockFlow {parsererror} at (16,16) size 768x139.88 [bgcolor=#FFDDDD] [border: (2px solid #CC7777)]
      LayoutBlockFlow {h3} at (18,20.72) size 732x23
        LayoutText {#text} at (0,0) size 324x22
          text run at (0,0) width 324: "This page contains the following errors:"
      LayoutBlockFlow {div} at (18,62.44) size 732x15
        LayoutText {#text} at (0,0) size 553x15
          text run at (0,0) width 553: "error on line 7 at column 8: Opening and ending tag mismatch: p line 0 and body"
          text run at (553,0) width 0: " "
      LayoutBlockFlow {h3} at (18,96.16) size 732x23
        LayoutText {#text} at (0,0) size 427x22
          text run at (0,0) width 427: "Below is a rendering of the page up to the first error."
    LayoutBlockFlow (anonymous) at (0,171.88) size 800x20
      LayoutInline {body} at (0,0) size 179x19
        LayoutText {#text} at (0,0) size 0x0
        LayoutInline {p} at (0,0) size 179x19
          LayoutText {#text} at (0,0) size 179x19
            text run at (0,0) width 179: "You should see errors above"
        LayoutText {#text} at (0,0) size 0x0
        LayoutInline {p} at (0,0) size 0x0
