layer at (0,0) size 800x600
  LayoutView at (0,0) size 800x600
layer at (0,0) size 800x600
  LayoutBlockFlow {HTML} at (0,0) size 800x600
    LayoutBlockFlow {BODY} at (8,8) size 784x584
      LayoutBlockFlow {DIV} at (0,0) size 784x20
        LayoutText {#text} at (0,0) size 52x19
          text run at (0,0) width 52: "Test for "
        LayoutInline {A} at (0,0) size 120x19 [color=#0000EE]
          LayoutText {#text} at (52,0) size 120x19
            text run at (52,0) width 120: "Bugzilla Bug 7724"
        LayoutText {#text} at (172,0) size 475x19
          text run at (172,0) width 475: " Minor refactoring to HTMLParser::handleError() to remove duplicate code"
      LayoutBlockFlow {DT} at (0,20) size 784x20
        LayoutText {#text} at (0,0) size 21x19
          text run at (0,0) width 21: "dttr"
