layer at (0,0) size 800x600
  LayoutView at (0,0) size 800x600
layer at (0,0) size 800x70
  LayoutBlockFlow {html} at (0,0) size 800x70
    LayoutBlockFlow {body} at (8,16) size 784x38
      LayoutBlockFlow {p} at (0,0) size 784x38
        LayoutButton {button} at (0,1) size 240.73x18 [color=#7F7F7F] [bgcolor=#00FF00] [border: (1px solid #D8D8D8) (1px solid #D1D1D1) (1px solid #BABABA) (1px solid #D1D1D1)]
          LayoutBlockFlow (anonymous) at (8,2) size 224.73x13
            LayoutText {#text} at (0,0) size 225x13
              text run at (0,0) width 225: "A button (disabled) with green background"
        LayoutText {#text} at (240,0) size 5x18
          text run at (240,0) width 5: " "
        LayoutBR {br} at (0,0) size 0x0
        LayoutTextControl {input} at (0,19) size 227x19 [color=#545454] [bgcolor=#00FF00] [border: (2px inset #EEEEEE)]
        LayoutText {#text} at (0,0) size 0x0
layer at (11,38) size 221x13 scrollWidth 235
  LayoutBlockFlow {div} at (3,3) size 221x13
    LayoutText {#text} at (0,0) size 235x13
      text run at (0,0) width 235: "a text area (disabled) with green background"
