layer at (0,0) size 800x600
  LayoutView at (0,0) size 800x600
layer at (0,0) size 800x600
  LayoutNGBlockFlow {HTML} at (0,0) size 800x600
    LayoutNGBlockFlow {BODY} at (8,8) size 784x584
      LayoutNGBlockFlow {DIV} at (0,0) size 784x20
        LayoutNGBlockFlow (floating) {DIV} at (522,0) size 262x104 [border: (2px solid #FF0000)]
          LayoutText {#text} at (2,2) size 258x19
            text run at (2,2) width 258: "I should become a right-floating element."
        LayoutNGBlockFlow (anonymous) at (0,0) size 784x20
          LayoutText {#text} at (0,0) size 393x19
            text run at (0,0) width 393: "This text should be on the left. The float should be to the right."
      LayoutNGBlockFlow {DIV} at (0,20) size 784x30
      LayoutNGBlockFlow {DIV} at (0,50) size 784x40
        LayoutNGBlockFlow (floating) {SPAN} at (0,0) size 253x104 [border: (2px solid #FF0000)]
          LayoutText {#text} at (2,2) size 249x19
            text run at (2,2) width 249: "I should become a left-floating element."
        LayoutNGBlockFlow (anonymous) at (0,0) size 784x40
          LayoutText {#text} at (253,0) size 261x39
            text run at (253,0) width 261: "This text should be on the right. The float"
            text run at (253,20) width 128: "should be to the left."
