layer at (0,0) size 800x600
  LayoutView at (0,0) size 800x600
layer at (0,0) size 800x600
  LayoutNGBlockFlow {HTML} at (0,0) size 800x600
    LayoutNGBlockFlow {BODY} at (8,8) size 784x584
      LayoutNGBlockFlow {H2} at (0,0) size 784x27
        LayoutText {#text} at (0,0) size 219x26
          text run at (0,0) width 219: "Block Collapse Demo"
      LayoutNGBlockFlow {P} at (0,46.91) size 784x20
        LayoutText {#text} at (0,0) size 687x19
          text run at (0,0) width 687: "This table below has three hierarchical sections. Collapsing a section should cause those below it to move up."
      LayoutNGBlockFlow {P} at (0,82.91) size 784x20
        LayoutText {#text} at (0,0) size 763x19
          text run at (0,0) width 763: "This works on the latest Windows IE and Mozilla Firefox (Win and Mac) but not on Safari 1.2.3 (v125.9) {or 2.0 (146)}."
      LayoutNGBlockFlow {P} at (0,118.91) size 784x20
        LayoutText {#text} at (0,0) size 747x19
          text run at (0,0) width 747: "Note that the second section is collapsed when the page opens and expanding it works fine. Just the collapse is broken."
      LayoutNGBlockFlow {DIV} at (0,154.91) size 784x157
        LayoutNGBlockFlow {DIV} at (0,10) size 784x21
          LayoutImage {IMG} at (0,0) size 16x16
          LayoutText {#text} at (16,1) size 75x19
            text run at (16,1) width 75: " Block One"
        LayoutNGBlockFlow {DIV} at (0,31) size 784x21
          LayoutImage {IMG} at (0,0) size 16x16
          LayoutText {#text} at (16,1) size 77x19
            text run at (16,1) width 77: " Block Two"
        LayoutNGBlockFlow {DIV} at (0,52) size 784x21
          LayoutImage {IMG} at (0,0) size 16x16
          LayoutText {#text} at (16,1) size 88x19
            text run at (16,1) width 88: " Block Three"
        LayoutNGBlockFlow {DIV} at (0,73) size 784x74
          LayoutTable {TABLE} at (0,0) size 784x74
            LayoutTableSection {TBODY} at (0,0) size 784x74
              LayoutTableRow {TR} at (0,2) size 784x22
                LayoutNGTableCell {TD} at (2,2) size 32x22 [r=0 c=0 rs=1 cs=1]
                  LayoutText {#text} at (1,1) size 4x19
                    text run at (1,1) width 4: " "
                LayoutNGTableCell {TD} at (36,2) size 746x22 [r=0 c=1 rs=1 cs=1]
                  LayoutText {#text} at (1,1) size 65x19
                    text run at (1,1) width 65: "This is the"
              LayoutTableRow {TR} at (0,26) size 784x22
                LayoutNGTableCell {TD} at (2,26) size 32x22 [r=1 c=0 rs=1 cs=1]
                  LayoutText {#text} at (1,1) size 4x19
                    text run at (1,1) width 4: " "
                LayoutNGTableCell {TD} at (36,26) size 746x22 [r=1 c=1 rs=1 cs=1]
                  LayoutText {#text} at (1,1) size 69x19
                    text run at (1,1) width 69: "contents of"
              LayoutTableRow {TR} at (0,50) size 784x22
                LayoutNGTableCell {TD} at (2,50) size 32x22 [r=2 c=0 rs=1 cs=1]
                  LayoutText {#text} at (1,1) size 4x19
                    text run at (1,1) width 4: " "
                LayoutNGTableCell {TD} at (36,50) size 746x22 [r=2 c=1 rs=1 cs=1]
                  LayoutText {#text} at (1,1) size 74x19
                    text run at (1,1) width 74: "block three."
layer at (8,163) size 784x2 clip at (0,0) size 0x0
  LayoutNGBlockFlow {HR} at (0,0) size 784x2 [border: (1px inset #EEEEEE)]
layer at (8,318) size 784x2 clip at (0,0) size 0x0
  LayoutNGBlockFlow {HR} at (0,155) size 784x2 [border: (1px inset #EEEEEE)]
hidden layer at (8,194) size 103x134
  LayoutNGBlockFlow (positioned) {DIV} at (8,193.91) size 103x134
    LayoutTable {TABLE} at (0,0) size 103x134
      LayoutTableSection {TBODY} at (0,0) size 103x134
        LayoutTableRow {TR} at (0,2) size 103x42
          LayoutNGTableCell {TD} at (2,12) size 32x22 [r=0 c=0 rs=1 cs=1]
            LayoutText {#text} at (1,11) size 4x19
              text run at (1,11) width 4: " "
          LayoutNGTableCell {TD} at (36,2) size 65x42 [r=0 c=1 rs=1 cs=1]
            LayoutText {#text} at (1,1) size 42x39
              text run at (1,1) width 42: "This is"
              text run at (1,21) width 19: "the"
        LayoutTableRow {TR} at (0,46) size 103x42
          LayoutNGTableCell {TD} at (2,56) size 32x22 [r=1 c=0 rs=1 cs=1]
            LayoutText {#text} at (1,11) size 4x19
              text run at (1,11) width 4: " "
          LayoutNGTableCell {TD} at (36,46) size 65x42 [r=1 c=1 rs=1 cs=1]
            LayoutText {#text} at (1,1) size 52x39
              text run at (1,1) width 52: "contents"
              text run at (1,21) width 13: "of"
        LayoutTableRow {TR} at (0,90) size 103x42
          LayoutNGTableCell {TD} at (2,100) size 32x22 [r=2 c=0 rs=1 cs=1]
            LayoutText {#text} at (1,11) size 4x19
              text run at (1,11) width 4: " "
          LayoutNGTableCell {TD} at (36,90) size 65x42 [r=2 c=1 rs=1 cs=1]
            LayoutText {#text} at (1,1) size 35x39
              text run at (1,1) width 35: "block"
              text run at (1,21) width 27: "one."
hidden layer at (8,215) size 103x134
  LayoutNGBlockFlow (positioned) {DIV} at (8,214.91) size 103x134
    LayoutTable {TABLE} at (0,0) size 103x134
      LayoutTableSection {TBODY} at (0,0) size 103x134
        LayoutTableRow {TR} at (0,2) size 103x42
          LayoutNGTableCell {TD} at (2,12) size 32x22 [r=0 c=0 rs=1 cs=1]
            LayoutText {#text} at (1,11) size 4x19
              text run at (1,11) width 4: " "
          LayoutNGTableCell {TD} at (36,2) size 65x42 [r=0 c=1 rs=1 cs=1]
            LayoutText {#text} at (1,1) size 42x39
              text run at (1,1) width 42: "This is"
              text run at (1,21) width 19: "the"
        LayoutTableRow {TR} at (0,46) size 103x42
          LayoutNGTableCell {TD} at (2,56) size 32x22 [r=1 c=0 rs=1 cs=1]
            LayoutText {#text} at (1,11) size 4x19
              text run at (1,11) width 4: " "
          LayoutNGTableCell {TD} at (36,46) size 65x42 [r=1 c=1 rs=1 cs=1]
            LayoutText {#text} at (1,1) size 52x39
              text run at (1,1) width 52: "contents"
              text run at (1,21) width 13: "of"
        LayoutTableRow {TR} at (0,90) size 103x42
          LayoutNGTableCell {TD} at (2,100) size 32x22 [r=2 c=0 rs=1 cs=1]
            LayoutText {#text} at (1,11) size 4x19
              text run at (1,11) width 4: " "
          LayoutNGTableCell {TD} at (36,90) size 65x42 [r=2 c=1 rs=1 cs=1]
            LayoutText {#text} at (1,1) size 35x39
              text run at (1,1) width 35: "block"
              text run at (1,21) width 28: "two."
