layer at (0,0) size 800x600
  LayoutView at (0,0) size 800x600
layer at (0,0) size 800x600
  LayoutNGBlockFlow {HTML} at (0,0) size 800x600
    LayoutNGBlockFlow {BODY} at (8,8) size 784x584
      LayoutNGBlockFlow {P} at (0,0) size 784x20
        LayoutText {#text} at (0,0) size 52x19
          text run at (0,0) width 52: "Test for "
        LayoutInline {I} at (0,0) size 563x19
          LayoutInline {A} at (0,0) size 300x19 [color=#0000EE]
            LayoutText {#text} at (52,0) size 300x19
              text run at (52,0) width 300: "http://bugs.webkit.org/show_bug.cgi?id=12782"
          LayoutText {#text} at (352,0) size 263x19
            text run at (352,0) width 263: " Reproducible crash in BidiContext::deref"
        LayoutText {#text} at (615,0) size 4x19
          text run at (615,0) width 4: "."
      LayoutNGBlockFlow {P} at (0,36) size 784x20
        LayoutText {#text} at (0,0) size 246x19
          text run at (0,0) width 246: "No assertion failure means SUCCESS."
      LayoutNGBlockFlow {DIV} at (0,72) size 784x20
        LayoutInline {SPAN} at (0,0) size 21x19
          LayoutText {#text} at (0,0) size 21x19
            text run at (0,0) width 21: "foo"
      LayoutNGBlockFlow {DIV} at (0,92) size 784x0
