layer at (0,0) size 800x600
  LayoutView at (0,0) size 800x600
layer at (0,0) size 800x600
  LayoutNGBlockFlow {HTML} at (0,0) size 800x600
    LayoutNGBlockFlow {BODY} at (8,8) size 784x584
      LayoutNGBlockFlow {P} at (0,0) size 784x20
        LayoutText {#text} at (0,0) size 47x19
          text run at (0,0) width 47: "test for "
        LayoutInline {A} at (0,0) size 56x19 [color=#0000EE]
          LayoutText {#text} at (47,0) size 56x19
            text run at (47,0) width 56: "4110775"
        LayoutText {#text} at (103,0) size 473x19
          text run at (103,0) width 473: " Crash will occur when double-clicking outerHTML link on W3 DOM test"
      LayoutNGBlockFlow {P} at (0,36) size 784x0
      LayoutNGBlockFlow {DIV} at (0,36) size 784x20
        LayoutText {#text} at (0,0) size 584x19
          text run at (0,0) width 584: "This test passed. We don't support outerHTML on the document object. Neither does WinIE."
