layer at (0,0) size 800x600
  LayoutView at (0,0) size 800x600
layer at (0,0) size 800x170
  LayoutBlockFlow {HTML} at (0,0) size 800x170
    LayoutBlockFlow {BODY} at (8,8) size 784x154
      LayoutText {#text} at (0,0) size 0x0
layer at (8,8) size 300x150
  LayoutVideo {VIDEO} at (0,0) size 300x150
layer at (8,8) size 300x150
  LayoutFlexibleBox (relative positioned) {DIV} at (0,0) size 300x150
    LayoutBlockFlow {DIV} at (0,118) size 300x32
layer at (8,8) size 300x108
  LayoutFlexibleBox (relative positioned) {DIV} at (0,0) size 300x108
layer at (8,126) size 300x32 scrollHeight 40
  LayoutFlexibleBox (relative positioned) {DIV} at (0,0) size 300x32 [bgcolor=#FAFAFA]
    LayoutButton {INPUT} at (0,0) size 32x32
    LayoutFlexibleBox {DIV} at (32,0) size 23.36x32 [color=#5A5A5A]
      LayoutBlockFlow (anonymous) at (0,0) size 23.36x32
        LayoutText {#text} at (0,9) size 24x14
          text run at (0,9) width 24: "0:07"
    LayoutFlexibleBox {DIV} at (55.36,0) size 34.69x32 [color=#5A5A5A]
      LayoutBlockFlow (anonymous) at (4,0) size 30.69x32
        LayoutText {#text} at (0,9) size 31x14
          text run at (0,9) width 31: "/ 0:07"
    LayoutSlider {INPUT} at (108.05,15) size 80.95x2
      LayoutFlexibleBox {DIV} at (0,0) size 80.95x2
        LayoutBlockFlow {DIV} at (-18,-23) size 116.95x48
          LayoutBlockFlow {DIV} at (80.95,0) size 36x48
    LayoutButton {INPUT} at (207,0) size 32x32
    LayoutSlider {INPUT} at (257,15) size 25x2
      LayoutFlexibleBox {DIV} at (0,0) size 25x2
        LayoutBlockFlow {DIV} at (-18,-23) size 61x48
          LayoutBlockFlow {DIV} at (25,0) size 36x48
