layer at (0,0) size 800x600
  LayoutView at (0,0) size 800x600
layer at (0,0) size 800x600
  LayoutBlockFlow {HTML} at (0,0) size 800x600
    LayoutBlockFlow {BODY} at (8,8) size 784x584 [bgcolor=#CCCCCC]
      LayoutBlockFlow {P} at (0,0) size 784x20
        LayoutText {#text} at (0,0) size 355x19
          text run at (0,0) width 355: "The style declarations which apply to the text below are:"
      LayoutBlockFlow {PRE} at (0,36) size 784x48
        LayoutText {#text} at (0,0) size 568x48
          text run at (0,0) width 560: ".one {border-style: dashed; border-color: black; border-width: thick;}"
          text run at (560,0) width 0: " "
          text run at (0,16) width 544: ".two {border-style: groove; border-color: red; border-width: thick;}"
          text run at (544,16) width 0: " "
          text run at (0,32) width 568: ".three {border-style: none; border-color: purple; border-width: thick;}"
          text run at (568,32) width 0: " "
      LayoutBlockFlow {P} at (0,115) size 784x60 [bgcolor=#C0C0C0]
        LayoutText {#text} at (0,0) size 664x19
          text run at (0,0) width 664: "This is an unstyled element, save for the background color, and it contains inline elements with classes of "
        LayoutInline {SPAN} at (0,0) size 68x29 [border: (5px dashed #000000)]
          LayoutText {#text} at (668,0) size 58x19
            text run at (668,0) width 58: "class one"
        LayoutText {#text} at (730,0) size 778x39
          text run at (730,0) width 48: ", which"
          text run at (0,20) width 263: "will result in a dashed thick black border; "
        LayoutInline {SPAN} at (0,0) size 68x29 [border: (5px groove #FF0000)]
          LayoutText {#text} at (268,20) size 58x19
            text run at (268,20) width 58: "class two"
        LayoutText {#text} at (331,20) size 373x19
          text run at (331,20) width 373: ", which should result in a grooved thick purple border, and "
        LayoutInline {SPAN} at (0,0) size 66x19
          LayoutText {#text} at (703,20) size 66x19
            text run at (703,20) width 66: "class three"
        LayoutText {#text} at (768,20) size 773x39
          text run at (768,20) width 5: ","
          text run at (0,40) width 246: "which should result in no border at all. "
          text run at (246,40) width 433: "The line-height of the parent element should not change, on any line."
      LayoutTable {TABLE} at (0,191) size 784x98 [border: (1px outset #808080)]
        LayoutTableSection {TBODY} at (1,1) size 782x96
          LayoutTableRow {TR} at (0,0) size 782x28
            LayoutTableCell {TD} at (0,0) size 782x28 [bgcolor=#C0C0C0] [border: (1px inset #808080)] [r=0 c=0 rs=1 cs=2]
              LayoutInline {STRONG} at (0,0) size 161x19
                LayoutText {#text} at (4,4) size 161x19
                  text run at (4,4) width 161: "TABLE Testing Section"
          LayoutTableRow {TR} at (0,28) size 782x68
            LayoutTableCell {TD} at (0,48) size 12x28 [bgcolor=#C0C0C0] [border: (1px inset #808080)] [r=1 c=0 rs=1 cs=1]
              LayoutText {#text} at (4,4) size 4x19
                text run at (4,4) width 4: " "
            LayoutTableCell {TD} at (12,28) size 770x68 [border: (1px inset #808080)] [r=1 c=1 rs=1 cs=1]
              LayoutBlockFlow {P} at (4,4) size 762x60 [bgcolor=#C0C0C0]
                LayoutText {#text} at (0,0) size 664x19
                  text run at (0,0) width 664: "This is an unstyled element, save for the background color, and it contains inline elements with classes of "
                LayoutInline {SPAN} at (0,0) size 68x29 [border: (5px dashed #000000)]
                  LayoutText {#text} at (668,0) size 58x19
                    text run at (668,0) width 58: "class one"
                LayoutText {#text} at (730,0) size 735x39
                  text run at (730,0) width 5: ","
                  text run at (0,20) width 306: "which will result in a dashed thick black border; "
                LayoutInline {SPAN} at (0,0) size 68x29 [border: (5px groove #FF0000)]
                  LayoutText {#text} at (311,20) size 58x19
                    text run at (311,20) width 58: "class two"
                LayoutText {#text} at (374,20) size 369x19
                  text run at (374,20) width 369: ", which should result in a grooved thick purple border, and"
                LayoutInline {SPAN} at (0,0) size 65x19
                  LayoutText {#text} at (0,40) size 65x19
                    text run at (0,40) width 65: "class three"
                LayoutText {#text} at (65,40) size 687x19
                  text run at (65,40) width 254: ", which should result in no border at all. "
                  text run at (319,40) width 433: "The line-height of the parent element should not change, on any line."
layer at (8,105) size 784x2 clip at (0,0) size 0x0
  LayoutBlockFlow {HR} at (0,97) size 784x2 [border: (1px inset #EEEEEE)]
