layer at (0,0) size 800x600
  LayoutView at (0,0) size 800x600
layer at (0,0) size 800x600
  LayoutBlockFlow {HTML} at (0,0) size 800x600
    LayoutBlockFlow {BODY} at (8,8) size 784x584 [bgcolor=#CCCCCC]
      LayoutBlockFlow {P} at (0,0) size 784x20
        LayoutText {#text} at (0,0) size 355x19
          text run at (0,0) width 355: "The style declarations which apply to the text below are:"
      LayoutBlockFlow {PRE} at (0,36) size 784x48
        LayoutText {#text} at (0,0) size 432x48
          text run at (0,0) width 432: ".one {border-bottom-width: 25px; border-style: solid;}"
          text run at (432,0) width 0: " "
          text run at (0,16) width 432: ".two {border-bottom-width: thin; border-style: solid;}"
          text run at (432,16) width 0: " "
          text run at (0,32) width 280: ".three {border-bottom-width: 25px;}"
          text run at (280,32) width 0: " "
      LayoutBlockFlow {P} at (0,115) size 784x108 [border: (3px solid #000000) (25px solid #000000) (3px solid #000000)]
        LayoutText {#text} at (3,3) size 172x19
          text run at (3,3) width 172: "This element has a class of "
        LayoutInline {TT} at (0,0) size 24x16
          LayoutText {#text} at (175,6) size 24x16
            text run at (175,6) width 24: "one"
        LayoutText {#text} at (199,3) size 162x19
          text run at (199,3) width 8: ". "
          text run at (207,3) width 154: "However, it contains an "
        LayoutInline {SPAN} at (0,0) size 174x23 [border: (3px solid #000000) (1px solid #000000) (3px solid #000000)]
          LayoutText {#text} at (363,3) size 144x19
            text run at (363,3) width 144: "inline element of class "
          LayoutInline {TT} at (0,0) size 25x16
            LayoutText {#text} at (506,6) size 25x16
              text run at (506,6) width 25: "two"
        LayoutText {#text} at (533,3) size 767x59
          text run at (533,3) width 221: ", which should result in a thin solid"
          text run at (3,23) width 716: "border on the bottom side of each box in the inline element (and the UA's default border on the other three sides). "
          text run at (719,23) width 51: "There is"
          text run at (3,43) width 48: "also an "
        LayoutInline {SPAN} at (0,0) size 183x19
          LayoutText {#text} at (51,43) size 143x19
            text run at (51,43) width 143: "inline element of class "
          LayoutInline {TT} at (0,0) size 40x16
            LayoutText {#text} at (194,46) size 40x16
              text run at (194,46) width 40: "three"
        LayoutText {#text} at (234,43) size 770x39
          text run at (234,43) width 539: ", which should have no bottom border width or visible border because no border style"
          text run at (3,63) width 50: "was set."
      LayoutTable {TABLE} at (0,239) size 784x146 [border: (1px outset #808080)]
        LayoutTableSection {TBODY} at (1,1) size 782x144
          LayoutTableRow {TR} at (0,0) size 782x28
            LayoutTableCell {TD} at (0,0) size 782x28 [bgcolor=#C0C0C0] [border: (1px inset #808080)] [r=0 c=0 rs=1 cs=2]
              LayoutInline {STRONG} at (0,0) size 161x19
                LayoutText {#text} at (4,4) size 161x19
                  text run at (4,4) width 161: "TABLE Testing Section"
          LayoutTableRow {TR} at (0,28) size 782x116
            LayoutTableCell {TD} at (0,72) size 12x28 [bgcolor=#C0C0C0] [border: (1px inset #808080)] [r=1 c=0 rs=1 cs=1]
              LayoutText {#text} at (4,4) size 4x19
                text run at (4,4) width 4: " "
            LayoutTableCell {TD} at (12,28) size 770x116 [border: (1px inset #808080)] [r=1 c=1 rs=1 cs=1]
              LayoutBlockFlow {P} at (4,4) size 762x108 [border: (3px solid #000000) (25px solid #000000) (3px solid #000000)]
                LayoutText {#text} at (3,3) size 172x19
                  text run at (3,3) width 172: "This element has a class of "
                LayoutInline {TT} at (0,0) size 24x16
                  LayoutText {#text} at (175,6) size 24x16
                    text run at (175,6) width 24: "one"
                LayoutText {#text} at (199,3) size 162x19
                  text run at (199,3) width 8: ". "
                  text run at (207,3) width 154: "However, it contains an "
                LayoutInline {SPAN} at (0,0) size 174x23 [border: (3px solid #000000) (1px solid #000000) (3px solid #000000)]
                  LayoutText {#text} at (363,3) size 144x19
                    text run at (363,3) width 144: "inline element of class "
                  LayoutInline {TT} at (0,0) size 25x16
                    LayoutText {#text} at (506,6) size 25x16
                      text run at (506,6) width 25: "two"
                LayoutText {#text} at (533,3) size 753x59
                  text run at (533,3) width 221: ", which should result in a thin solid"
                  text run at (3,23) width 716: "border on the bottom side of each box in the inline element (and the UA's default border on the other three sides). "
                  text run at (719,23) width 37: "There"
                  text run at (3,43) width 62: "is also an "
                LayoutInline {SPAN} at (0,0) size 183x19
                  LayoutText {#text} at (65,43) size 143x19
                    text run at (65,43) width 143: "inline element of class "
                  LayoutInline {TT} at (0,0) size 40x16
                    LayoutText {#text} at (208,46) size 40x16
                      text run at (208,46) width 40: "three"
                LayoutText {#text} at (248,43) size 751x39
                  text run at (248,43) width 506: ", which should have no bottom border width or visible border because no border"
                  text run at (3,63) width 83: "style was set."
layer at (8,105) size 784x2 clip at (0,0) size 0x0
  LayoutBlockFlow {HR} at (0,97) size 784x2 [border: (1px inset #EEEEEE)]
