layer at (0,0) size 800x600
  LayoutView at (0,0) size 800x600
layer at (0,0) size 800x600
  LayoutBlockFlow {HTML} at (0,0) size 800x600
    LayoutBlockFlow {BODY} at (8,8) size 784x584 [bgcolor=#CCCCCC]
      LayoutBlockFlow {P} at (20,0) size 764x20
        LayoutText {#text} at (0,0) size 355x19
          text run at (0,0) width 355: "The style declarations which apply to the text below are:"
      LayoutBlockFlow {PRE} at (0,36) size 784x64
        LayoutText {#text} at (0,0) size 312x64
          text run at (0,0) width 176: "P {margin-left: 20px;}"
          text run at (176,0) width 0: " "
          text run at (0,16) width 312: ".one {border-left: purple double 10px;}"
          text run at (312,16) width 0: " "
          text run at (0,32) width 304: ".two {border-left: purple thin solid;}"
          text run at (304,32) width 0: " "
          text run at (0,48) width 0: " "
      LayoutBlockFlow {P} at (20,131) size 764x60 [bgcolor=#C0C0C0]
        LayoutText {#text} at (0,0) size 760x19
          text run at (0,0) width 760: "This paragraph has a background color of silver and a 20-pixel left margin, and it contains inline elements with classes of"
        LayoutInline {SPAN} at (0,0) size 67x19 [border: none (10px double #800080)]
          LayoutText {#text} at (10,20) size 57x19
            text run at (10,20) width 57: "class one"
        LayoutText {#text} at (67,20) size 389x19
          text run at (67,20) width 389: ", which should have a 10-pixel purple double left border; and "
        LayoutInline {SPAN} at (0,0) size 59x19 [border: none (1px solid #800080)]
          LayoutText {#text} at (457,20) size 58x19
            text run at (457,20) width 58: "class two"
        LayoutText {#text} at (515,20) size 759x39
          text run at (515,20) width 244: ", which should have a thin solid purple"
          text run at (0,40) width 73: "left border. "
          text run at (72,40) width 430: "The line-height of the parent element should not change on any line."
      LayoutTable {TABLE} at (0,207) size 784x98 [border: (1px outset #808080)]
        LayoutTableSection {TBODY} at (1,1) size 782x96
          LayoutTableRow {TR} at (0,0) size 782x28
            LayoutTableCell {TD} at (0,0) size 782x28 [bgcolor=#C0C0C0] [border: (1px inset #808080)] [r=0 c=0 rs=1 cs=2]
              LayoutInline {STRONG} at (0,0) size 161x19
                LayoutText {#text} at (4,4) size 161x19
                  text run at (4,4) width 161: "TABLE Testing Section"
          LayoutTableRow {TR} at (0,28) size 782x68
            LayoutTableCell {TD} at (0,48) size 12x28 [bgcolor=#C0C0C0] [border: (1px inset #808080)] [r=1 c=0 rs=1 cs=1]
              LayoutText {#text} at (4,4) size 4x19
                text run at (4,4) width 4: " "
            LayoutTableCell {TD} at (12,28) size 770x68 [border: (1px inset #808080)] [r=1 c=1 rs=1 cs=1]
              LayoutBlockFlow {P} at (24,4) size 742x60 [bgcolor=#C0C0C0]
                LayoutText {#text} at (0,0) size 696x39
                  text run at (0,0) width 696: "This paragraph has a background color of silver and a 20-pixel left margin, and it contains inline elements with"
                  text run at (0,20) width 64: "classes of "
                LayoutInline {SPAN} at (0,0) size 67x19 [border: none (10px double #800080)]
                  LayoutText {#text} at (74,20) size 57x19
                    text run at (74,20) width 57: "class one"
                LayoutText {#text} at (131,20) size 389x19
                  text run at (131,20) width 389: ", which should have a 10-pixel purple double left border; and "
                LayoutInline {SPAN} at (0,0) size 59x19 [border: none (1px solid #800080)]
                  LayoutText {#text} at (521,20) size 58x19
                    text run at (521,20) width 58: "class two"
                LayoutText {#text} at (579,20) size 717x39
                  text run at (579,20) width 138: ", which should have a"
                  text run at (0,40) width 179: "thin solid purple left border. "
                  text run at (178,40) width 430: "The line-height of the parent element should not change on any line."
layer at (8,121) size 784x2 clip at (0,0) size 0x0
  LayoutBlockFlow {HR} at (0,113) size 784x2 [border: (1px inset #EEEEEE)]
