layer at (0,0) size 800x600
  LayoutView at (0,0) size 800x600
layer at (0,0) size 800x600
  LayoutBlockFlow {HTML} at (0,0) size 800x600
    LayoutBlockFlow {BODY} at (8,8) size 784x584 [bgcolor=#CCCCCC]
      LayoutBlockFlow {P} at (0,0) size 784x20
        LayoutText {#text} at (0,0) size 355x19
          text run at (0,0) width 355: "The style declarations which apply to the text below are:"
      LayoutBlockFlow {PRE} at (0,36) size 784x32
        LayoutText {#text} at (0,0) size 400x32
          text run at (0,0) width 392: ".one {margin-left: 25px; background-color: aqua;}"
          text run at (392,0) width 0: " "
          text run at (0,16) width 400: ".two {margin-left: -10px; background-color: aqua;}"
          text run at (400,16) width 0: " "
      LayoutBlockFlow {P} at (0,99) size 784x40 [bgcolor=#808080]
        LayoutText {#text} at (0,0) size 542x19
          text run at (0,0) width 388: "This element is unstyled save for a background color of gray. "
          text run at (387,0) width 155: "However, it contains an "
        LayoutInline {SPAN} at (0,0) size 168x19 [bgcolor=#00FFFF]
          LayoutText {#text} at (566,0) size 144x19
            text run at (566,0) width 144: "inline element of class "
          LayoutInline {TT} at (0,0) size 25x16
            LayoutText {#text} at (709,3) size 25x16
              text run at (709,3) width 25: "one"
        LayoutText {#text} at (733,0) size 781x39
          text run at (733,0) width 48: ", which"
          text run at (0,20) width 299: "should result in 25-pixel left margin only in the "
        LayoutInline {STRONG} at (0,0) size 28x19
          LayoutText {#text} at (298,20) size 28x19
            text run at (298,20) width 28: "first"
        LayoutText {#text} at (325,20) size 233x19
          text run at (325,20) width 233: " line in which the inline box appears."
      LayoutBlockFlow {P} at (0,155) size 784x40 [bgcolor=#808080]
        LayoutText {#text} at (0,0) size 542x19
          text run at (0,0) width 388: "This element is unstyled save for a background color of gray. "
          text run at (387,0) width 155: "However, it contains an "
        LayoutInline {SPAN} at (0,0) size 168x19 [bgcolor=#00FFFF]
          LayoutText {#text} at (531,0) size 144x19
            text run at (531,0) width 144: "inline element of class "
          LayoutInline {TT} at (0,0) size 25x16
            LayoutText {#text} at (674,3) size 25x16
              text run at (674,3) width 25: "two"
        LayoutText {#text} at (698,0) size 746x39
          text run at (698,0) width 48: ", which"
          text run at (0,20) width 284: "should result in -10px left margin only in the "
        LayoutInline {STRONG} at (0,0) size 28x19
          LayoutText {#text} at (283,20) size 28x19
            text run at (283,20) width 28: "first"
        LayoutText {#text} at (310,20) size 233x19
          text run at (310,20) width 233: " line in which the inline box appears."
      LayoutTable {TABLE} at (0,211) size 784x134 [border: (1px outset #808080)]
        LayoutTableSection {TBODY} at (1,1) size 782x132
          LayoutTableRow {TR} at (0,0) size 782x28
            LayoutTableCell {TD} at (0,0) size 782x28 [bgcolor=#C0C0C0] [border: (1px inset #808080)] [r=0 c=0 rs=1 cs=2]
              LayoutInline {STRONG} at (0,0) size 161x19
                LayoutText {#text} at (4,4) size 161x19
                  text run at (4,4) width 161: "TABLE Testing Section"
          LayoutTableRow {TR} at (0,28) size 782x104
            LayoutTableCell {TD} at (0,66) size 12x28 [bgcolor=#C0C0C0] [border: (1px inset #808080)] [r=1 c=0 rs=1 cs=1]
              LayoutText {#text} at (4,4) size 4x19
                text run at (4,4) width 4: " "
            LayoutTableCell {TD} at (12,28) size 770x104 [border: (1px inset #808080)] [r=1 c=1 rs=1 cs=1]
              LayoutBlockFlow {P} at (4,4) size 762x40 [bgcolor=#808080]
                LayoutText {#text} at (0,0) size 542x19
                  text run at (0,0) width 388: "This element is unstyled save for a background color of gray. "
                  text run at (387,0) width 155: "However, it contains an "
                LayoutInline {SPAN} at (0,0) size 168x19 [bgcolor=#00FFFF]
                  LayoutText {#text} at (566,0) size 144x19
                    text run at (566,0) width 144: "inline element of class "
                  LayoutInline {TT} at (0,0) size 25x16
                    LayoutText {#text} at (709,3) size 25x16
                      text run at (709,3) width 25: "one"
                LayoutText {#text} at (733,0) size 738x39
                  text run at (733,0) width 5: ","
                  text run at (0,20) width 342: "which should result in 25-pixel left margin only in the "
                LayoutInline {STRONG} at (0,0) size 28x19
                  LayoutText {#text} at (341,20) size 28x19
                    text run at (341,20) width 28: "first"
                LayoutText {#text} at (368,20) size 233x19
                  text run at (368,20) width 233: " line in which the inline box appears."
              LayoutBlockFlow {P} at (4,60) size 762x40 [bgcolor=#808080]
                LayoutText {#text} at (0,0) size 542x19
                  text run at (0,0) width 388: "This element is unstyled save for a background color of gray. "
                  text run at (387,0) width 155: "However, it contains an "
                LayoutInline {SPAN} at (0,0) size 168x19 [bgcolor=#00FFFF]
                  LayoutText {#text} at (531,0) size 144x19
                    text run at (531,0) width 144: "inline element of class "
                  LayoutInline {TT} at (0,0) size 25x16
                    LayoutText {#text} at (674,3) size 25x16
                      text run at (674,3) width 25: "two"
                LayoutText {#text} at (698,0) size 746x39
                  text run at (698,0) width 48: ", which"
                  text run at (0,20) width 284: "should result in -10px left margin only in the "
                LayoutInline {STRONG} at (0,0) size 28x19
                  LayoutText {#text} at (283,20) size 28x19
                    text run at (283,20) width 28: "first"
                LayoutText {#text} at (310,20) size 233x19
                  text run at (310,20) width 233: " line in which the inline box appears."
layer at (8,89) size 784x2 clip at (0,0) size 0x0
  LayoutBlockFlow {HR} at (0,81) size 784x2 [border: (1px inset #EEEEEE)]
