layer at (0,0) size 800x600 scrollWidth 802 scrollHeight 2710
  LayoutView at (0,0) size 800x600
layer at (0,0) size 800x2710 backgroundClip at (0,0) size 800x600 clip at (0,0) size 800x600
  LayoutBlockFlow {HTML} at (0,0) size 800x2710
    LayoutBlockFlow {BODY} at (8,8) size 784x2694 [bgcolor=#CCCCCC]
      LayoutBlockFlow {P} at (0,0) size 784x20
        LayoutText {#text} at (0,0) size 355x19
          text run at (0,0) width 355: "The style declarations which apply to the text below are:"
      LayoutBlockFlow {PRE} at (0,36) size 784x112
        LayoutText {#text} at (0,0) size 360x112
          text run at (0,0) width 352: ".zero {background-color: silver; margin: 0;}"
          text run at (352,0) width 0: " "
          text run at (0,16) width 360: ".one {margin: 0.5in; background-color: aqua;}"
          text run at (360,16) width 0: " "
          text run at (0,32) width 352: ".two {margin: 25px; background-color: aqua;}"
          text run at (352,32) width 0: " "
          text run at (0,48) width 360: ".three {margin: 5em; background-color: aqua;}"
          text run at (360,48) width 0: " "
          text run at (0,64) width 352: ".four {margin: 25%; background-color: aqua;}"
          text run at (352,64) width 0: " "
          text run at (0,80) width 168: ".five {margin: 25px;}"
          text run at (168,80) width 0: " "
          text run at (0,96) width 360: ".six {margin: -10px; background-color: aqua;}"
          text run at (360,96) width 0: " "
      LayoutBlockFlow {P} at (0,179) size 784x40
        LayoutText {#text} at (0,0) size 738x39
          text run at (0,0) width 738: "NOTE: The following tests are separated by class-zero paragraphs, so as to prevent margin-collapsing as described in"
          text run at (0,20) width 248: "section 4.1.1 of the CSS1 specification."
      LayoutBlockFlow {P} at (0,235) size 784x20 [bgcolor=#C0C0C0]
        LayoutText {#text} at (0,0) size 203x19
          text run at (0,0) width 203: "This element has a class of zero."
      LayoutBlockFlow {P} at (48,303) size 688x20 [bgcolor=#00FFFF]
        LayoutText {#text} at (0,0) size 658x19
          text run at (0,0) width 658: "This sentence should have an overall margin of half an inch, which will require extra text in order to test."
      LayoutBlockFlow {P} at (0,371) size 784x20 [bgcolor=#C0C0C0]
        LayoutText {#text} at (0,0) size 203x19
          text run at (0,0) width 203: "This element has a class of zero."
      LayoutBlockFlow {P} at (25,416) size 734x20 [bgcolor=#00FFFF]
        LayoutText {#text} at (0,0) size 641x19
          text run at (0,0) width 641: "This sentence should have an overall margin of 25 pixels, which will require extra text in order to test."
      LayoutBlockFlow {P} at (0,461) size 784x20 [bgcolor=#C0C0C0]
        LayoutText {#text} at (0,0) size 203x19
          text run at (0,0) width 203: "This element has a class of zero."
      LayoutBlockFlow {P} at (80,561) size 624x20 [bgcolor=#00FFFF]
        LayoutText {#text} at (0,0) size 615x19
          text run at (0,0) width 615: "This sentence should have an overall margin of 5 em, which will require extra text in order to test."
      LayoutBlockFlow {P} at (0,661) size 784x20 [bgcolor=#C0C0C0]
        LayoutText {#text} at (0,0) size 203x19
          text run at (0,0) width 203: "This element has a class of zero."
      LayoutBlockFlow {P} at (196,877) size 392x60 [bgcolor=#00FFFF]
        LayoutText {#text} at (0,0) size 391x59
          text run at (0,0) width 391: "This sentence should have an overall margin of 25%, which is"
          text run at (0,20) width 362: "calculated with respect to the width of the parent element."
          text run at (0,40) width 264: "This will require extra text in order to test."
      LayoutBlockFlow {P} at (0,1133) size 784x20 [bgcolor=#C0C0C0]
        LayoutText {#text} at (0,0) size 203x19
          text run at (0,0) width 203: "This element has a class of zero."
      LayoutBlockFlow {UL} at (25,1178) size 734x130 [bgcolor=#00FFFF]
        LayoutListItem {LI} at (40,0) size 694x20
          LayoutListMarker (anonymous) at (-18,0) size 7x19: bullet
          LayoutText {#text} at (0,0) size 375x19
            text run at (0,0) width 375: "This list has a margin of 25px, and a light blue background."
        LayoutListItem {LI} at (40,20) size 694x20
          LayoutListMarker (anonymous) at (-18,0) size 7x19: bullet
          LayoutText {#text} at (0,0) size 264x19
            text run at (0,0) width 264: "Therefore, it ought to have such a margin."
        LayoutListItem {LI} at (65,65) size 644x20
          LayoutListMarker (anonymous) at (-18,0) size 7x19: bullet
          LayoutText {#text} at (0,0) size 543x19
            text run at (0,0) width 543: "This list item has a margin of 25px, which should cause it to be offset in some fashion."
        LayoutListItem {LI} at (40,110) size 694x20
          LayoutListMarker (anonymous) at (-18,0) size 7x19: bullet
          LayoutText {#text} at (0,0) size 294x19
            text run at (0,0) width 294: "This list item has no special styles applied to it."
      LayoutBlockFlow {P} at (0,1333) size 784x20 [bgcolor=#C0C0C0]
        LayoutText {#text} at (0,0) size 203x19
          text run at (0,0) width 203: "This element has a class of zero."
      LayoutBlockFlow {P} at (-10,1343) size 804x60 [bgcolor=#00FFFF]
        LayoutText {#text} at (0,0) size 775x59
          text run at (0,0) width 758: "This paragraph has an overall margin of -10px, which should make it wider than usual as well as shift it upward and pull"
          text run at (0,20) width 369: "subsequent text up toward it, and a light blue background. "
          text run at (369,20) width 386: "In all other respects, however, the element should be normal. "
          text run at (754,20) width 21: "No"
          text run at (0,40) width 527: "styles have been applied to it besides the negative margin and the background color."
      LayoutBlockFlow {P} at (0,1393) size 784x20 [bgcolor=#C0C0C0]
        LayoutText {#text} at (0,0) size 203x19
          text run at (0,0) width 203: "This element has a class of zero."
      LayoutTable {TABLE} at (0,1413) size 784x1281 [border: (1px outset #808080)]
        LayoutTableSection {TBODY} at (1,1) size 782x1279
          LayoutTableRow {TR} at (0,0) size 782x28
            LayoutTableCell {TD} at (0,0) size 782x28 [bgcolor=#C0C0C0] [border: (1px inset #808080)] [r=0 c=0 rs=1 cs=2]
              LayoutInline {STRONG} at (0,0) size 161x19
                LayoutText {#text} at (4,4) size 161x19
                  text run at (4,4) width 161: "TABLE Testing Section"
          LayoutTableRow {TR} at (0,28) size 782x1251
            LayoutTableCell {TD} at (0,639) size 12x28 [bgcolor=#C0C0C0] [border: (1px inset #808080)] [r=1 c=0 rs=1 cs=1]
              LayoutText {#text} at (4,4) size 4x19
                text run at (4,4) width 4: " "
            LayoutTableCell {TD} at (12,28) size 770x1251 [border: (1px inset #808080)] [r=1 c=1 rs=1 cs=1]
              LayoutBlockFlow {P} at (4,4) size 762x40
                LayoutText {#text} at (0,0) size 738x39
                  text run at (0,0) width 738: "NOTE: The following tests are separated by class-zero paragraphs, so as to prevent margin-collapsing as described in"
                  text run at (0,20) width 248: "section 4.1.1 of the CSS1 specification."
              LayoutBlockFlow {P} at (4,60) size 762x20 [bgcolor=#C0C0C0]
                LayoutText {#text} at (0,0) size 203x19
                  text run at (0,0) width 203: "This element has a class of zero."
              LayoutBlockFlow {P} at (52,128) size 666x20 [bgcolor=#00FFFF]
                LayoutText {#text} at (0,0) size 658x19
                  text run at (0,0) width 658: "This sentence should have an overall margin of half an inch, which will require extra text in order to test."
              LayoutBlockFlow {P} at (4,196) size 762x20 [bgcolor=#C0C0C0]
                LayoutText {#text} at (0,0) size 203x19
                  text run at (0,0) width 203: "This element has a class of zero."
              LayoutBlockFlow {P} at (29,241) size 712x20 [bgcolor=#00FFFF]
                LayoutText {#text} at (0,0) size 641x19
                  text run at (0,0) width 641: "This sentence should have an overall margin of 25 pixels, which will require extra text in order to test."
              LayoutBlockFlow {P} at (4,286) size 762x20 [bgcolor=#C0C0C0]
                LayoutText {#text} at (0,0) size 203x19
                  text run at (0,0) width 203: "This element has a class of zero."
              LayoutBlockFlow {P} at (84,386) size 602x40 [bgcolor=#00FFFF]
                LayoutText {#text} at (0,0) size 586x39
                  text run at (0,0) width 586: "This sentence should have an overall margin of 5 em, which will require extra text in order to"
                  text run at (0,20) width 25: "test."
              LayoutBlockFlow {P} at (4,506) size 762x20 [bgcolor=#C0C0C0]
                LayoutText {#text} at (0,0) size 203x19
                  text run at (0,0) width 203: "This element has a class of zero."
              LayoutBlockFlow {P} at (194.50,716.50) size 381x60 [bgcolor=#00FFFF]
                LayoutText {#text} at (0,0) size 377x59
                  text run at (0,0) width 377: "This sentence should have an overall margin of 25%, which"
                  text run at (0,20) width 376: "is calculated with respect to the width of the parent element."
                  text run at (0,40) width 264: "This will require extra text in order to test."
              LayoutBlockFlow {P} at (4,967) size 762x20 [bgcolor=#C0C0C0]
                LayoutText {#text} at (0,0) size 203x19
                  text run at (0,0) width 203: "This element has a class of zero."
              LayoutBlockFlow {UL} at (29,1012) size 712x130 [bgcolor=#00FFFF]
                LayoutListItem {LI} at (40,0) size 672x20
                  LayoutListMarker (anonymous) at (-18,0) size 7x19: bullet
                  LayoutText {#text} at (0,0) size 375x19
                    text run at (0,0) width 375: "This list has a margin of 25px, and a light blue background."
                LayoutListItem {LI} at (40,20) size 672x20
                  LayoutListMarker (anonymous) at (-18,0) size 7x19: bullet
                  LayoutText {#text} at (0,0) size 264x19
                    text run at (0,0) width 264: "Therefore, it ought to have such a margin."
                LayoutListItem {LI} at (65,65) size 622x20
                  LayoutListMarker (anonymous) at (-18,0) size 7x19: bullet
                  LayoutText {#text} at (0,0) size 543x19
                    text run at (0,0) width 543: "This list item has a margin of 25px, which should cause it to be offset in some fashion."
                LayoutListItem {LI} at (40,110) size 672x20
                  LayoutListMarker (anonymous) at (-18,0) size 7x19: bullet
                  LayoutText {#text} at (0,0) size 294x19
                    text run at (0,0) width 294: "This list item has no special styles applied to it."
              LayoutBlockFlow {P} at (4,1167) size 762x20 [bgcolor=#C0C0C0]
                LayoutText {#text} at (0,0) size 203x19
                  text run at (0,0) width 203: "This element has a class of zero."
              LayoutBlockFlow {P} at (-6,1177) size 782x60 [bgcolor=#00FFFF]
                LayoutText {#text} at (0,0) size 775x59
                  text run at (0,0) width 758: "This paragraph has an overall margin of -10px, which should make it wider than usual as well as shift it upward and pull"
                  text run at (0,20) width 369: "subsequent text up toward it, and a light blue background. "
                  text run at (369,20) width 386: "In all other respects, however, the element should be normal. "
                  text run at (754,20) width 21: "No"
                  text run at (0,40) width 527: "styles have been applied to it besides the negative margin and the background color."
              LayoutBlockFlow {P} at (4,1227) size 762x20 [bgcolor=#C0C0C0]
                LayoutText {#text} at (0,0) size 203x19
                  text run at (0,0) width 203: "This element has a class of zero."
layer at (8,169) size 784x2 clip at (0,0) size 0x0
  LayoutBlockFlow {HR} at (0,161) size 784x2 [border: (1px inset #EEEEEE)]
