layer at (0,0) size 800x600 scrollWidth 802 scrollHeight 1077
  LayoutView at (0,0) size 800x600
layer at (0,0) size 800x1077 backgroundClip at (0,0) size 800x600 clip at (0,0) size 800x600
  LayoutBlockFlow {HTML} at (0,0) size 800x1077
    LayoutBlockFlow {BODY} at (8,8) size 784x1061 [bgcolor=#CCCCCC]
      LayoutBlockFlow {P} at (0,0) size 784x20
        LayoutText {#text} at (0,0) size 355x19
          text run at (0,0) width 355: "The style declarations which apply to the text below are:"
      LayoutBlockFlow {PRE} at (0,36) size 784x96
        LayoutText {#text} at (0,0) size 560x96
          text run at (0,0) width 552: ".zero {background-color: silver; margin-right: 0; text-align: right;}"
          text run at (552,0) width 0: " "
          text run at (0,16) width 560: ".one {margin-right: 0.5in; text-align: right; background-color: aqua;}"
          text run at (560,16) width 0: " "
          text run at (0,32) width 552: ".two {margin-right: 25px; text-align: right; background-color: aqua;}"
          text run at (552,32) width 0: " "
          text run at (0,48) width 560: ".three {margin-right: 5em; text-align: right; background-color: aqua;}"
          text run at (560,48) width 0: " "
          text run at (0,64) width 552: ".four {margin-right: 25%; text-align: right; background-color: aqua;}"
          text run at (552,64) width 0: " "
          text run at (0,80) width 416: ".five {margin-right: -10px; background-color: aqua;}"
          text run at (416,80) width 0: " "
      LayoutBlockFlow {P} at (0,163) size 784x20 [bgcolor=#C0C0C0]
        LayoutText {#text} at (581,0) size 203x19
          text run at (581,0) width 203: "This element has a class of zero."
      LayoutBlockFlow {P} at (0,199) size 736x20 [bgcolor=#00FFFF]
        LayoutText {#text} at (379,0) size 357x19
          text run at (379,0) width 357: "This sentence should have a right margin of half an inch."
      LayoutBlockFlow {P} at (0,235) size 759x20 [bgcolor=#00FFFF]
        LayoutText {#text} at (419,0) size 340x19
          text run at (419,0) width 340: "This sentence should have a right margin of 25 pixels."
      LayoutBlockFlow {P} at (0,271) size 704x20 [bgcolor=#00FFFF]
        LayoutText {#text} at (390,0) size 314x19
          text run at (390,0) width 314: "This sentence should have a right margin of 5 em."
      LayoutBlockFlow {P} at (0,307) size 588x40 [bgcolor=#00FFFF]
        LayoutText {#text} at (33,0) size 555x39
          text run at (33,0) width 555: "This sentence should have a right margin of 25%, which is calculated with respect to the"
          text run at (412,20) width 176: "width of the parent element."
      LayoutBlockFlow {UL} at (0,363) size 759x100 [bgcolor=#808080]
        LayoutListItem {LI} at (40,0) size 719x20
          LayoutListMarker (anonymous) at (-18,0) size 7x19: bullet
          LayoutText {#text} at (20,0) size 699x19
            text run at (20,0) width 699: "The right margin on this unordered list has been set to 25 pixels, and the background color has been set to gray."
        LayoutListItem {LI} at (40,20) size 694x60 [bgcolor=#FFFFFF]
          LayoutListMarker (anonymous) at (-18,0) size 7x19: bullet
          LayoutText {#text} at (38,0) size 693x59
            text run at (38,0) width 656: "Another list item might not be such a bad idea, either, considering that such things do need to be double-"
            text run at (1,20) width 61: "checked. "
            text run at (61,20) width 633: "This list item has its right margin also set to 25 pixels, which should combine with the list's margin to"
            text run at (230,40) width 464: "make 50 pixels of margin, and its background-color has been set to white."
        LayoutListItem {LI} at (40,80) size 719x20
          LayoutListMarker (anonymous) at (-18,0) size 7x19: bullet
          LayoutText {#text} at (540,0) size 179x19
            text run at (540,0) width 179: "This is an unclassed list item"
      LayoutBlockFlow {P} at (0,479) size 784x20 [bgcolor=#C0C0C0]
        LayoutText {#text} at (581,0) size 203x19
          text run at (581,0) width 203: "This element has a class of zero."
      LayoutBlockFlow {P} at (0,515) size 794x60 [bgcolor=#00FFFF]
        LayoutText {#text} at (0,0) size 778x59
          text run at (0,0) width 767: "This paragraph has a right margin of -10px, which should cause it to be wider than it might otherwise be, and it has a light"
          text run at (0,20) width 114: "blue background. "
          text run at (114,20) width 386: "In all other respects, however, the element should be normal. "
          text run at (499,20) width 279: "No styles have been applied to it besides the"
          text run at (0,40) width 302: "negative right margin and the background color."
      LayoutTable {TABLE} at (0,591) size 784x470 [border: (1px outset #808080)]
        LayoutTableSection {TBODY} at (1,1) size 782x468
          LayoutTableRow {TR} at (0,0) size 782x28
            LayoutTableCell {TD} at (0,0) size 782x28 [bgcolor=#C0C0C0] [border: (1px inset #808080)] [r=0 c=0 rs=1 cs=2]
              LayoutInline {STRONG} at (0,0) size 161x19
                LayoutText {#text} at (4,4) size 161x19
                  text run at (4,4) width 161: "TABLE Testing Section"
          LayoutTableRow {TR} at (0,28) size 782x440
            LayoutTableCell {TD} at (0,234) size 12x28 [bgcolor=#C0C0C0] [border: (1px inset #808080)] [r=1 c=0 rs=1 cs=1]
              LayoutText {#text} at (4,4) size 4x19
                text run at (4,4) width 4: " "
            LayoutTableCell {TD} at (12,28) size 770x440 [border: (1px inset #808080)] [r=1 c=1 rs=1 cs=1]
              LayoutBlockFlow {P} at (4,4) size 762x20 [bgcolor=#C0C0C0]
                LayoutText {#text} at (559,0) size 203x19
                  text run at (559,0) width 203: "This element has a class of zero."
              LayoutBlockFlow {P} at (4,40) size 714x20 [bgcolor=#00FFFF]
                LayoutText {#text} at (357,0) size 357x19
                  text run at (357,0) width 357: "This sentence should have a right margin of half an inch."
              LayoutBlockFlow {P} at (4,76) size 737x20 [bgcolor=#00FFFF]
                LayoutText {#text} at (397,0) size 340x19
                  text run at (397,0) width 340: "This sentence should have a right margin of 25 pixels."
              LayoutBlockFlow {P} at (4,112) size 682x20 [bgcolor=#00FFFF]
                LayoutText {#text} at (368,0) size 314x19
                  text run at (368,0) width 314: "This sentence should have a right margin of 5 em."
              LayoutBlockFlow {P} at (4,148) size 571.50x40 [bgcolor=#00FFFF]
                LayoutText {#text} at (16,0) size 556x39
                  text run at (16,0) width 556: "This sentence should have a right margin of 25%, which is calculated with respect to the"
                  text run at (395,20) width 177: "width of the parent element."
              LayoutBlockFlow {UL} at (4,204) size 737x120 [bgcolor=#808080]
                LayoutListItem {LI} at (40,0) size 697x40
                  LayoutListMarker (anonymous) at (-18,0) size 7x19: bullet
                  LayoutText {#text} at (33,0) size 664x39
                    text run at (33,0) width 664: "The right margin on this unordered list has been set to 25 pixels, and the background color has been set to"
                    text run at (666,20) width 31: "gray."
                LayoutListItem {LI} at (40,40) size 672x60 [bgcolor=#FFFFFF]
                  LayoutListMarker (anonymous) at (-18,0) size 7x19: bullet
                  LayoutText {#text} at (16,0) size 656x59
                    text run at (16,0) width 656: "Another list item might not be such a bad idea, either, considering that such things do need to be double-"
                    text run at (43,20) width 61: "checked. "
                    text run at (103,20) width 569: "This list item has its right margin also set to 25 pixels, which should combine with the list's"
                    text run at (144,40) width 528: "margin to make 50 pixels of margin, and its background-color has been set to white."
                LayoutListItem {LI} at (40,100) size 697x20
                  LayoutListMarker (anonymous) at (-18,0) size 7x19: bullet
                  LayoutText {#text} at (518,0) size 179x19
                    text run at (518,0) width 179: "This is an unclassed list item"
              LayoutBlockFlow {P} at (4,340) size 762x20 [bgcolor=#C0C0C0]
                LayoutText {#text} at (559,0) size 203x19
                  text run at (559,0) width 203: "This element has a class of zero."
              LayoutBlockFlow {P} at (4,376) size 772x60 [bgcolor=#00FFFF]
                LayoutText {#text} at (0,0) size 767x59
                  text run at (0,0) width 767: "This paragraph has a right margin of -10px, which should cause it to be wider than it might otherwise be, and it has a light"
                  text run at (0,20) width 114: "blue background. "
                  text run at (114,20) width 386: "In all other respects, however, the element should be normal. "
                  text run at (499,20) width 256: "No styles have been applied to it besides"
                  text run at (0,40) width 325: "the negative right margin and the background color."
layer at (8,153) size 784x2 clip at (0,0) size 0x0
  LayoutBlockFlow {HR} at (0,145) size 784x2 [border: (1px inset #EEEEEE)]
