layer at (0,0) size 800x600
  LayoutView at (0,0) size 800x600
layer at (0,0) size 800x600
  LayoutBlockFlow {HTML} at (0,0) size 800x600
    LayoutBlockFlow {BODY} at (8,8) size 784x584 [bgcolor=#CCCCCC]
      LayoutBlockFlow {P} at (0,0) size 784x20
        LayoutText {#text} at (0,0) size 355x19
          text run at (0,0) width 355: "The style declarations which apply to the text below are:"
      LayoutBlockFlow {PRE} at (0,36) size 784x48
        LayoutText {#text} at (0,0) size 400x48
          text run at (0,0) width 392: ".one {padding-top: 25px; background-color: aqua;}"
          text run at (392,0) width 0: " "
          text run at (0,16) width 400: ".two {padding-top: -10px; background-color: aqua;}"
          text run at (400,16) width 0: " "
          text run at (0,32) width 0: " "
      LayoutBlockFlow {P} at (0,115) size 784x80 [bgcolor=#808080]
        LayoutText {#text} at (0,0) size 476x19
          text run at (0,0) width 388: "This element is unstyled save for a background color of gray. "
          text run at (387,0) width 89: "It contains an "
        LayoutInline {SPAN} at (0,0) size 756x64 [bgcolor=#00FFFF]
          LayoutText {#text} at (475,0) size 144x19
            text run at (475,0) width 144: "inline element of class "
          LayoutInline {TT} at (0,0) size 25x16
            LayoutText {#text} at (618,3) size 25x16
              text run at (618,3) width 25: "one"
          LayoutText {#text} at (642,0) size 756x39
            text run at (642,0) width 114: ", giving it an aqua"
            text run at (0,20) width 228: "background and a 25px top padding"
        LayoutText {#text} at (228,20) size 767x59
          text run at (228,20) width 8: ". "
          text run at (236,20) width 531: "Padding on inline elements does not affect line-height calculations, so all lines in this"
          text run at (0,40) width 267: "element should have the same line-height. "
          text run at (267,40) width 488: "There may be implementation-specific limits on how much of the padding the"
          text run at (0,60) width 176: "user agent is able to display."
      LayoutBlockFlow {P} at (0,211) size 784x60 [bgcolor=#808080]
        LayoutText {#text} at (0,0) size 476x19
          text run at (0,0) width 388: "This element is unstyled save for a background color of gray. "
          text run at (387,0) width 89: "It contains an "
        LayoutInline {SPAN} at (0,0) size 756x39 [bgcolor=#00FFFF]
          LayoutText {#text} at (475,0) size 144x19
            text run at (475,0) width 144: "inline element of class "
          LayoutInline {TT} at (0,0) size 25x16
            LayoutText {#text} at (618,3) size 25x16
              text run at (618,3) width 25: "two"
          LayoutText {#text} at (642,0) size 756x39
            text run at (642,0) width 114: ", giving it an aqua"
            text run at (0,20) width 498: "background and no top padding, since negative padding values are not allowed"
        LayoutText {#text} at (498,20) size 772x39
          text run at (498,20) width 8: ". "
          text run at (506,20) width 266: "Padding on inline elements does not affect"
          text run at (0,40) width 528: "line-height calculations, so all lines in this element should have the same line-height."
      LayoutTable {TABLE} at (0,287) size 784x194 [border: (1px outset #808080)]
        LayoutTableSection {TBODY} at (1,1) size 782x192
          LayoutTableRow {TR} at (0,0) size 782x28
            LayoutTableCell {TD} at (0,0) size 782x28 [bgcolor=#C0C0C0] [border: (1px inset #808080)] [r=0 c=0 rs=1 cs=2]
              LayoutInline {STRONG} at (0,0) size 161x19
                LayoutText {#text} at (4,4) size 161x19
                  text run at (4,4) width 161: "TABLE Testing Section"
          LayoutTableRow {TR} at (0,28) size 782x164
            LayoutTableCell {TD} at (0,96) size 12x28 [bgcolor=#C0C0C0] [border: (1px inset #808080)] [r=1 c=0 rs=1 cs=1]
              LayoutText {#text} at (4,4) size 4x19
                text run at (4,4) width 4: " "
            LayoutTableCell {TD} at (12,28) size 770x164 [border: (1px inset #808080)] [r=1 c=1 rs=1 cs=1]
              LayoutBlockFlow {P} at (4,4) size 762x80 [bgcolor=#808080]
                LayoutText {#text} at (0,0) size 476x19
                  text run at (0,0) width 388: "This element is unstyled save for a background color of gray. "
                  text run at (387,0) width 89: "It contains an "
                LayoutInline {SPAN} at (0,0) size 756x64 [bgcolor=#00FFFF]
                  LayoutText {#text} at (475,0) size 144x19
                    text run at (475,0) width 144: "inline element of class "
                  LayoutInline {TT} at (0,0) size 25x16
                    LayoutText {#text} at (618,3) size 25x16
                      text run at (618,3) width 25: "one"
                  LayoutText {#text} at (642,0) size 756x39
                    text run at (642,0) width 114: ", giving it an aqua"
                    text run at (0,20) width 228: "background and a 25px top padding"
                LayoutText {#text} at (228,20) size 758x59
                  text run at (228,20) width 8: ". "
                  text run at (236,20) width 505: "Padding on inline elements does not affect line-height calculations, so all lines in"
                  text run at (0,40) width 293: "this element should have the same line-height. "
                  text run at (293,40) width 465: "There may be implementation-specific limits on how much of the padding"
                  text run at (0,60) width 199: "the user agent is able to display."
              LayoutBlockFlow {P} at (4,100) size 762x60 [bgcolor=#808080]
                LayoutText {#text} at (0,0) size 476x19
                  text run at (0,0) width 388: "This element is unstyled save for a background color of gray. "
                  text run at (387,0) width 89: "It contains an "
                LayoutInline {SPAN} at (0,0) size 756x39 [bgcolor=#00FFFF]
                  LayoutText {#text} at (475,0) size 144x19
                    text run at (475,0) width 144: "inline element of class "
                  LayoutInline {TT} at (0,0) size 25x16
                    LayoutText {#text} at (618,3) size 25x16
                      text run at (618,3) width 25: "two"
                  LayoutText {#text} at (642,0) size 756x39
                    text run at (642,0) width 114: ", giving it an aqua"
                    text run at (0,20) width 498: "background and no top padding, since negative padding values are not allowed"
                LayoutText {#text} at (498,20) size 733x39
                  text run at (498,20) width 8: ". "
                  text run at (506,20) width 227: "Padding on inline elements does not"
                  text run at (0,40) width 567: "affect line-height calculations, so all lines in this element should have the same line-height."
layer at (8,105) size 784x2 clip at (0,0) size 0x0
  LayoutBlockFlow {HR} at (0,97) size 784x2 [border: (1px inset #EEEEEE)]
