layer at (0,0) size 800x600
  LayoutView at (0,0) size 800x600
layer at (0,0) size 800x256
  LayoutBlockFlow {HTML} at (0,0) size 800x256
    LayoutBlockFlow {BODY} at (8,8) size 784x240
layer at (8,8) size 100x20 scrollX 22.00 scrollWidth 122
  LayoutBlockFlow {DIV} at (0,0) size 100x20
    LayoutText {#text} at (-22,0) size 122x19
      text run at (-22,0) width 29 RTL: "\x{5E9}\x{5DC}\x{5D5}\x{5DD}"
      text run at (7,0) width 32: "Hello"
      text run at (39,0) width 29 RTL: "\x{5E9}\x{5DC}\x{5D5}\x{5DD}"
      text run at (68,0) width 32: "Hello"
layer at (8,28) size 100x20 scrollX 22.00 scrollWidth 122
  LayoutBlockFlow {DIV} at (0,20) size 100x20
    LayoutText {#text} at (-22,0) size 122x19
      text run at (-22,0) width 29 RTL: "\x{5E9}\x{5DC}\x{5D5}\x{5DD}"
      text run at (7,0) width 32: "Hello"
      text run at (39,0) width 29 RTL: "\x{5E9}\x{5DC}\x{5D5}\x{5DD}"
      text run at (68,0) width 32: "Hello"
layer at (8,48) size 100x20 scrollX 22.00 scrollWidth 122
  LayoutBlockFlow {DIV} at (0,40) size 100x20
    LayoutText {#text} at (-22,0) size 122x19
      text run at (-22,0) width 29 RTL: "\x{5E9}\x{5DC}\x{5D5}\x{5DD}"
      text run at (7,0) width 32: "Hello"
      text run at (39,0) width 29 RTL: "\x{5E9}\x{5DC}\x{5D5}\x{5DD}"
      text run at (68,0) width 32: "Hello"
layer at (8,68) size 100x20 scrollX 22.00 scrollWidth 122
  LayoutBlockFlow {DIV} at (0,60) size 100x20
    LayoutText {#text} at (-22,0) size 122x19
      text run at (-22,0) width 29 RTL: "\x{5E9}\x{5DC}\x{5D5}\x{5DD}"
      text run at (7,0) width 32: "Hello"
      text run at (39,0) width 29 RTL: "\x{5E9}\x{5DC}\x{5D5}\x{5DD}"
      text run at (68,0) width 32: "Hello"
layer at (8,88) size 100x20 scrollX 22.00 scrollWidth 122
  LayoutBlockFlow {DIV} at (0,80) size 100x20
    LayoutText {#text} at (-22,0) size 122x19
      text run at (-22,0) width 29 RTL: "\x{5E9}\x{5DC}\x{5D5}\x{5DD}"
      text run at (7,0) width 32: "Hello"
      text run at (39,0) width 29 RTL: "\x{5E9}\x{5DC}\x{5D5}\x{5DD}"
      text run at (68,0) width 32: "Hello"
layer at (8,108) size 100x20 scrollX 22.00 scrollWidth 122
  LayoutBlockFlow {DIV} at (0,100) size 100x20
    LayoutText {#text} at (-22,0) size 122x19
      text run at (-22,0) width 29 RTL: "\x{5E9}\x{5DC}\x{5D5}\x{5DD}"
      text run at (7,0) width 32: "Hello"
      text run at (39,0) width 29 RTL: "\x{5E9}\x{5DC}\x{5D5}\x{5DD}"
      text run at (68,0) width 32: "Hello"
layer at (8,128) size 100x20 scrollX 22.00 scrollWidth 122
  LayoutBlockFlow {DIV} at (0,120) size 100x20
    LayoutText {#text} at (-22,0) size 122x19
      text run at (-22,0) width 29 RTL: "\x{5E9}\x{5DC}\x{5D5}\x{5DD}"
      text run at (7,0) width 32: "Hello"
      text run at (39,0) width 29 RTL: "\x{5E9}\x{5DC}\x{5D5}\x{5DD}"
      text run at (68,0) width 32: "Hello"
layer at (8,148) size 100x20 scrollX 22.00 scrollWidth 122
  LayoutBlockFlow {DIV} at (0,140) size 100x20
    LayoutText {#text} at (-22,0) size 122x19
      text run at (-22,0) width 29 RTL: "\x{5E9}\x{5DC}\x{5D5}\x{5DD}"
      text run at (7,0) width 32: "Hello"
      text run at (39,0) width 29 RTL: "\x{5E9}\x{5DC}\x{5D5}\x{5DD}"
      text run at (68,0) width 32: "Hello"
layer at (8,168) size 100x20 scrollX 22.00 scrollWidth 122
  LayoutBlockFlow {DIV} at (0,160) size 100x20
    LayoutText {#text} at (-22,0) size 122x19
      text run at (-22,0) width 29 RTL: "\x{5E9}\x{5DC}\x{5D5}\x{5DD}"
      text run at (7,0) width 32: "Hello"
      text run at (39,0) width 29 RTL: "\x{5E9}\x{5DC}\x{5D5}\x{5DD}"
      text run at (68,0) width 32: "Hello"
layer at (8,188) size 100x20 scrollX 22.00 scrollWidth 122
  LayoutBlockFlow {DIV} at (0,180) size 100x20
    LayoutText {#text} at (-22,0) size 122x19
      text run at (-22,0) width 29 RTL: "\x{5E9}\x{5DC}\x{5D5}\x{5DD}"
      text run at (7,0) width 32: "Hello"
      text run at (39,0) width 29 RTL: "\x{5E9}\x{5DC}\x{5D5}\x{5DD}"
      text run at (68,0) width 32: "Hello"
layer at (8,208) size 100x20 scrollX 22.00 scrollWidth 122
  LayoutBlockFlow {DIV} at (0,200) size 100x20
    LayoutText {#text} at (-22,0) size 122x19
      text run at (-22,0) width 29 RTL: "\x{5E9}\x{5DC}\x{5D5}\x{5DD}"
      text run at (7,0) width 32: "Hello"
      text run at (39,0) width 29 RTL: "\x{5E9}\x{5DC}\x{5D5}\x{5DD}"
      text run at (68,0) width 32: "Hello"
layer at (8,228) size 100x20 scrollX 22.00 scrollWidth 122
  LayoutBlockFlow {DIV} at (0,220) size 100x20
    LayoutText {#text} at (-22,0) size 122x19
      text run at (-22,0) width 29 RTL: "\x{5E9}\x{5DC}\x{5D5}\x{5DD}"
      text run at (7,0) width 32: "Hello"
      text run at (39,0) width 29 RTL: "\x{5E9}\x{5DC}\x{5D5}\x{5DD}"
      text run at (68,0) width 32: "Hello"
