layer at (0,0) size 1600x1200
  LayoutView at (0,0) size 1600x1200
layer at (0,0) size 1600x356
  LayoutBlockFlow {HTML} at (0,0) size 1600x356
    LayoutBlockFlow {BODY} at (16,16) size 1568x324
      LayoutBlockFlow (anonymous) at (0,0) size 1568x37
        LayoutText {#text} at (0,0) size 57x36
          text run at (0,0) width 57: "LTR"
      LayoutBlockFlow (anonymous) at (0,81) size 1568x37
        LayoutText {#text} at (0,0) size 58x36
          text run at (0,0) width 58: "RTL"
      LayoutBlockFlow (anonymous) at (0,162) size 1568x37
        LayoutText {#text} at (0,0) size 360x36
          text run at (0,0) width 360: "LTR (text-overflow:ellipses)"
      LayoutBlockFlow (anonymous) at (0,243) size 1568x37
        LayoutText {#text} at (0,0) size 361x36
          text run at (0,0) width 361: "RTL (text-overflow:ellipses)"
layer at (16,53) size 404x44 clip at (18,55) size 400x40 scrollWidth 446
  LayoutBlockFlow {DIV} at (0,37) size 404x44 [border: (2px solid #000000)]
    LayoutText {#text} at (2,2) size 445x36
      text run at (2,2) width 445: "the the adlj adaasj sdklj. there there"
layer at (16,134) size 404x44 clip at (18,136) size 400x40 scrollX 45.00 scrollWidth 445
  LayoutBlockFlow {DIV} at (0,118) size 404x44 [border: (2px solid #000000)]
    LayoutText {#text} at (-43,2) size 445x36
      text run at (-43,2) width 445 RTL override: "the the adlj adaasj sdklj. there there"
layer at (16,215) size 404x44 clip at (18,217) size 400x40 scrollWidth 446
  LayoutBlockFlow {DIV} at (0,199) size 404x44 [border: (2px solid #000000)]
    LayoutText {#text} at (2,2) size 445x36
      text run at (2,2) width 445: "the the adlj adaasj sdklj. there there"
layer at (16,296) size 404x44 clip at (18,298) size 400x40 scrollX 45.00 scrollWidth 445
  LayoutBlockFlow {DIV} at (0,280) size 404x44 [border: (2px solid #000000)]
    LayoutText {#text} at (-43,2) size 445x36
      text run at (-43,2) width 445 RTL override: "the the adlj adaasj sdklj. there there"
