layer at (0,0) size 800x600
  LayoutView at (0,0) size 800x600
layer at (0,0) size 800x184
  LayoutBlockFlow {HTML} at (0,0) size 800x184
    LayoutBlockFlow {BODY} at (8,8) size 784x168
      LayoutBlockFlow (anonymous) at (0,0) size 784x20
        LayoutText {#text} at (0,0) size 27x19
          text run at (0,0) width 27: "LTR"
      LayoutBlockFlow (anonymous) at (0,42) size 784x20
        LayoutText {#text} at (0,0) size 28x19
          text run at (0,0) width 28: "RTL"
      LayoutBlockFlow (anonymous) at (0,84) size 784x20
        LayoutText {#text} at (0,0) size 171x19
          text run at (0,0) width 171: "LTR (text-overflow:ellipses):"
      LayoutBlockFlow (anonymous) at (0,126) size 784x20
        LayoutText {#text} at (0,0) size 172x19
          text run at (0,0) width 172: "RTL (text-overflow:ellipses):"
layer at (8,28) size 202x22 clip at (9,29) size 200x20 scrollWidth 215
  LayoutBlockFlow {DIV} at (0,20) size 202x22 [border: (1px solid #000000)]
    LayoutText {#text} at (1,1) size 214x19
      text run at (1,1) width 214: "the the adlj adaasj sdklj. there there"
layer at (8,70) size 202x22 clip at (9,71) size 200x20 scrollX 14.00 scrollWidth 214
  LayoutBlockFlow {DIV} at (0,62) size 202x22 [border: (1px solid #000000)]
    LayoutText {#text} at (-13,1) size 214x19
      text run at (-13,1) width 214 RTL override: "the the adlj adaasj sdklj. there there"
layer at (8,112) size 202x22 clip at (9,113) size 200x20 scrollWidth 215
  LayoutBlockFlow {DIV} at (0,104) size 202x22 [border: (1px solid #000000)]
    LayoutText {#text} at (1,1) size 214x19
      text run at (1,1) width 214: "the the adlj adaasj sdklj. there there"
layer at (8,154) size 202x22 clip at (9,155) size 200x20 scrollX 14.00 scrollWidth 214
  LayoutBlockFlow {DIV} at (0,146) size 202x22 [border: (1px solid #000000)]
    LayoutText {#text} at (-13,1) size 214x19
      text run at (-13,1) width 214 RTL override: "the the adlj adaasj sdklj. there there"
