layer at (0,0) size 800x600
  LayoutView at (0,0) size 800x600
layer at (0,0) size 800x311
  LayoutBlockFlow {html} at (0,0) size 800x311.09
    LayoutBlockFlow {body} at (8,23.03) size 784x280.06
      LayoutBlockFlow {p} at (0,0) size 784x27 [color=#000080]
        LayoutText {#text} at (0,0) size 719x26
          text run at (0,0) width 719: "Zoom in and out. The following two squares should always be the same size."
      LayoutBlockFlow {div} at (0,50.03) size 100x100 [bgcolor=#000080]
      LayoutBlockFlow (anonymous) at (0,173.06) size 784x107
        LayoutSVGRoot {svg} at (0,0) size 100x100
          LayoutSVGRect {rect} at (0,0) size 100x100 [fill={[type=SOLID] [color=#000080]}] [x=0.00] [y=0.00] [width=100.00] [height=100.00]
        LayoutText {#text} at (0,0) size 0x0
