layer at (0,0) size 800x600
  LayoutView at (0,0) size 800x600
layer at (0,0) size 800x290
  LayoutBlockFlow {html} at (0,0) size 800x290
    LayoutBlockFlow {body} at (8,8) size 784x274
      LayoutBlockFlow {p} at (0,0) size 784x27 [color=#000080]
        LayoutText {#text} at (0,0) size 664x26
          text run at (0,0) width 664: "The word \"TEST \" should appear twice below, the same size each time."
      LayoutBlockFlow (anonymous) at (0,27) size 784x127
        LayoutSVGRoot {svg} at (0,0) size 400x120
          LayoutSVGRect {rect} at (0,0) size 60x12 [transform={m=((10.00,0.00)(0.00,10.00)) t=(0.00,0.00)}] [fill={[type=SOLID] [color=#EEEEEE]}] [x=0.00] [y=0.00] [width=60.00] [height=12.00]
          LayoutSVGForeignObject {foreignObject} at (0,0) size 60x10
            LayoutBlockFlow {div} at (0,0) size 60x17 [color=#000080]
              LayoutText {#text} at (0,0) size 35x16
                text run at (0,0) width 35: "TEST"
        LayoutText {#text} at (0,0) size 0x0
      LayoutBlockFlow {div} at (0,154) size 400x120 [color=#000080] [bgcolor=#EEEEEE]
        LayoutText {#text} at (0,3) size 344x164
          text run at (0,3) width 344: "TEST"
layer at (8,35) size 60x10 scrollHeight 17
  LayoutSVGForeignObject {foreignObject} at (0,0) size 60x10
    LayoutBlockFlow {div} at (0,0) size 60x17 [color=#000080]
      LayoutText {#text} at (0,0) size 35x16
        text run at (0,0) width 35: "TEST"
