layer at (0,0) size 800x600
  LayoutView at (0,0) size 800x600
layer at (0,0) size 800x483
  LayoutBlockFlow {HTML} at (0,0) size 800x483
    LayoutBlockFlow {BODY} at (8,8) size 784x467
      LayoutBlockFlow {H2} at (3.19,0) size 777.63x20
        LayoutText {#text} at (0,0) size 343x19
          text run at (0,0) width 343: "Horizontal meters with the non-themed default style"
      LayoutBlockFlow {UL} at (3.19,23.19) size 777.63x65
        LayoutListItem {LI} at (43.19,0) size 731.25x20
          LayoutBlockFlow {METER} at (0,2.19) size 80x16
            LayoutBlockFlow {DIV} at (0,0) size 80x16
              LayoutBlockFlow {DIV} at (0,0) size 80x16
                LayoutBlockFlow {DIV} at (0,0) size 20x16
          LayoutText {#text} at (80,0) size 4x19
            text run at (80,0) width 4: " "
          LayoutBlockFlow {METER} at (84,2.19) size 80x16
            LayoutBlockFlow {DIV} at (0,0) size 80x16
              LayoutBlockFlow {DIV} at (0,0) size 80x16
                LayoutBlockFlow {DIV} at (0,0) size 36x16
          LayoutText {#text} at (164,0) size 4x19
            text run at (164,0) width 4: " "
          LayoutBlockFlow {METER} at (168,2.19) size 80x16
            LayoutBlockFlow {DIV} at (0,0) size 80x16
              LayoutBlockFlow {DIV} at (0,0) size 80x16
                LayoutBlockFlow {DIV} at (0,0) size 60x16
        LayoutListItem {LI} at (43.19,23.19) size 731.25x41.81
          LayoutBlockFlow {METER} at (0,0) size 30x40
            LayoutBlockFlow {DIV} at (0,0) size 30x40
              LayoutBlockFlow {DIV} at (0,0) size 30x40
                LayoutBlockFlow {DIV} at (0,0) size 7.50x40
          LayoutText {#text} at (30,21) size 4x20
            text run at (30,21) width 4: " "
          LayoutBlockFlow {METER} at (34,0) size 30x40
            LayoutBlockFlow {DIV} at (0,0) size 30x40
              LayoutBlockFlow {DIV} at (0,0) size 30x40
                LayoutBlockFlow {DIV} at (0,0) size 13.50x40
          LayoutText {#text} at (64,21) size 4x20
            text run at (64,21) width 4: " "
          LayoutBlockFlow {METER} at (68,0) size 30x40
            LayoutBlockFlow {DIV} at (0,0) size 30x40
              LayoutBlockFlow {DIV} at (0,0) size 30x40
                LayoutBlockFlow {DIV} at (0,0) size 22.50x40
      LayoutBlockFlow {H2} at (3.19,91.38) size 777.63x20
        LayoutText {#text} at (0,0) size 149x19
          text run at (0,0) width 149: "Providing meter styles"
      LayoutBlockFlow {DIV} at (0,114.56) size 784x120.56 [bgcolor=#EEEEEE]
        LayoutBlockFlow {UL} at (3.19,0) size 777.63x120.56
          LayoutListItem {LI} at (43.19,0) size 731.25x20
            LayoutBlockFlow {METER} at (0,2.19) size 80x16 [border: (5px solid #222244) (20px solid #222244) (5px solid #222244) (10px solid #222244)]
              LayoutBlockFlow {DIV} at (10,5) size 50x6
                LayoutBlockFlow {DIV} at (0,0) size 50x6
                  LayoutBlockFlow {DIV} at (0,0) size 40x6
            LayoutText {#text} at (80,0) size 69x19
              text run at (80,0) width 69: " has border"
          LayoutListItem {LI} at (43.19,23.19) size 731.25x20
            LayoutBlockFlow {METER} at (0,2.19) size 80x16
              LayoutBlockFlow {DIV} at (10,5) size 50x6
                LayoutBlockFlow {DIV} at (0,0) size 50x6
                  LayoutBlockFlow {DIV} at (0,0) size 40x6
            LayoutText {#text} at (80,0) size 76x19
              text run at (80,0) width 76: " has padding"
          LayoutListItem {LI} at (43.19,46.38) size 731.25x27.81
            LayoutBlockFlow {METER} at (10,5) size 80x16
              LayoutBlockFlow {DIV} at (0,0) size 80x16
                LayoutBlockFlow {DIV} at (0,0) size 80x16
                  LayoutBlockFlow {DIV} at (0,0) size 64x16
            LayoutText {#text} at (110,7) size 68x20
              text run at (110,7) width 68: " has margin"
          LayoutListItem {LI} at (43.19,77.38) size 731.25x20
            LayoutBlockFlow {METER} at (0,2.19) size 80x16
              LayoutBlockFlow {DIV} at (0,0) size 80x16
                LayoutBlockFlow {DIV} at (0,0) size 80x16
                  LayoutBlockFlow {DIV} at (0,0) size 0x16
            LayoutText {#text} at (80,0) size 104x19
              text run at (80,0) width 104: " has box-shadow"
          LayoutListItem {LI} at (43.19,100.56) size 731.25x20
            LayoutBlockFlow {METER} at (0,2.19) size 80x16 [color=#FFFFFF] [bgcolor=#0000FF]
              LayoutBlockFlow {DIV} at (0,0) size 80x16
                LayoutBlockFlow {DIV} at (0,0) size 80x16
                  LayoutBlockFlow {DIV} at (0,0) size 80x16
            LayoutText {#text} at (80,0) size 400x19
              text run at (80,0) width 400: " Background CSS property does not disable -webkit-appearance."
      LayoutBlockFlow {H2} at (3.19,238.31) size 777.63x20
        LayoutText {#text} at (0,0) size 218x19
          text run at (0,0) width 218: "Providing bar and/or value styles"
      LayoutBlockFlow {DIV} at (0,261.50) size 784x89.56 [bgcolor=#EEEEEE]
        LayoutBlockFlow {UL} at (3.19,0) size 777.63x89.56
          LayoutBlockFlow (anonymous) at (40,0) size 737.63x20
            LayoutText {#text} at (0,0) size 451x19
              text run at (0,0) width 451: "default -webkit-appearance, thus should use Shadow DOM CSS rendring."
          LayoutListItem {LI} at (43.19,23.19) size 731.25x20
            LayoutBlockFlow {METER} at (0,2.19) size 80x16
              LayoutBlockFlow {DIV} at (0,0) size 80x16
                LayoutBlockFlow {DIV} at (0,0) size 80x16
                  LayoutBlockFlow {DIV} at (0,0) size 64x16 [bgcolor=#008000] [border: (2px solid #77CC77)]
            LayoutText {#text} at (80,0) size 201x19
              text run at (80,0) width 201: " has bar style but should ignore it."
          LayoutListItem {LI} at (43.19,46.38) size 731.25x20
            LayoutBlockFlow {METER} at (0,2.19) size 80x16
              LayoutBlockFlow {DIV} at (0,0) size 80x16
                LayoutBlockFlow {DIV} at (0,0) size 80x16 [bgcolor=#808080] [border: (2px solid #222222)]
                  LayoutBlockFlow {DIV} at (2,2) size 60.80x12
            LayoutText {#text} at (80,0) size 212x19
              text run at (80,0) width 212: " has value style but should ignore it."
          LayoutListItem {LI} at (43.19,69.56) size 731.25x20
            LayoutBlockFlow {METER} at (0,2.19) size 80x16
              LayoutBlockFlow {DIV} at (0,0) size 80x16
                LayoutBlockFlow {DIV} at (0,0) size 80x16 [bgcolor=#808080] [border: (2px solid #222222)]
                  LayoutBlockFlow {DIV} at (2,2) size 60.80x12 [bgcolor=#008000] [border: (2px solid #77CC77)]
            LayoutText {#text} at (80,0) size 236x19
              text run at (80,0) width 236: " has both styles but should ignore them."
      LayoutBlockFlow {H2} at (3.19,354.25) size 777.63x20
        LayoutText {#text} at (0,0) size 151x19
          text run at (0,0) width 151: "Providing appearances"
      LayoutBlockFlow {DIV} at (0,377.44) size 784x43.19 [bgcolor=#EEEEEE]
        LayoutBlockFlow {UL} at (3.19,0) size 777.63x43.19
          LayoutListItem {LI} at (43.19,0) size 731.25x20
            LayoutBlockFlow {METER} at (0,3.19) size 80x16
              LayoutBlockFlow {DIV} at (0,0) size 80x20
                LayoutText {#text} at (0,0) size 16x19
                  text run at (0,0) width 16: "80"
            LayoutText {#text} at (80,0) size 338x19
              text run at (80,0) width 338: " has \"none\" appearance, should render METER content."
          LayoutListItem {LI} at (43.19,23.19) size 731.25x20
            LayoutBlockFlow {METER} at (0,3.19) size 80x16
              LayoutBlockFlow {DIV} at (0,0) size 80x20
                LayoutText {#text} at (0,0) size 29x19
                  text run at (0,0) width 29: "80%"
            LayoutText {#text} at (80,0) size 447x19
              text run at (80,0) width 447: " gets \"none\" appearance after the initial rendering with \"meter\" appearance."
      LayoutBlockFlow {H2} at (3.19,423.81) size 777.63x20
        LayoutText {#text} at (0,0) size 152x19
          text run at (0,0) width 152: "Providing bar paddings"
      LayoutBlockFlow {DIV} at (0,447) size 784x20 [bgcolor=#EEEEEE]
        LayoutBlockFlow {METER} at (0,2.19) size 80x16
          LayoutBlockFlow {DIV} at (0,0) size 80x16
            LayoutBlockFlow {DIV} at (0,0) size 80x16
              LayoutBlockFlow {DIV} at (5,5) size 35x6
        LayoutText {#text} at (80,0) size 155x19
          text run at (80,0) width 155: " has \"padding\" on the bar."
