layer at (0,0) size 800x600
  LayoutView at (0,0) size 800x600
layer at (0,0) size 800x600
  LayoutNGBlockFlow {HTML} at (0,0) size 800x600
    LayoutNGBlockFlow {BODY} at (8,8) size 784x584
      LayoutNGBlockFlow {P} at (0,0) size 784x0
      LayoutNGBlockFlow {DIV} at (0,0) size 784x20
        LayoutText {#text} at (0,0) size 592x19
          text run at (0,0) width 592: "In this paragraph, there should be a right floating green ::after block. It should be ok to do this."
        LayoutNGBlockFlow (floating) {<pseudo:after>} at (684,0) size 100x100 [color=#008000] [bgcolor=#008000]
          LayoutTextFragment (anonymous) at (0,0) size 54x19
            text run at (0,0) width 54: "Invisible"
layer at (300,300) size 306x20
  LayoutNGBlockFlow (positioned) {<pseudo:before>} at (300,300) size 306x20
    LayoutTextFragment (anonymous) at (0,0) size 306x19
      text run at (0,0) width 306: "Some text that should be at an (x,y) of (300,300)"
