layer at (0,0) size 800x600
  LayoutView at (0,0) size 800x600
layer at (0,0) size 800x600
  LayoutNGBlockFlow {HTML} at (0,0) size 800x600
    LayoutNGBlockFlow {BODY} at (8,8) size 784x584
      LayoutTable {DIV} at (0,0) size 308x62
        LayoutTableSection (anonymous) at (0,0) size 308x62
          LayoutTableRow (anonymous) at (0,0) size 308x62
            LayoutNGTableCell (anonymous) at (0,0) size 308x61.72 [r=0 c=0 rs=1 cs=1]
              LayoutNGBlockFlow (anonymous) at (0,0) size 308x0
                LayoutInline {FORM} at (0,0) size 0x0
                  LayoutText {#text} at (0,0) size 0x0
              LayoutNGBlockFlow (anonymous) at (0,0) size 308x23
                LayoutNGBlockFlow {H3} at (0,0) size 308x23
                  LayoutText {#text} at (0,0) size 308x22
                    text run at (0,0) width 308: "There should be a fourth dot bellow..."
              LayoutNGBlockFlow (anonymous) at (0,41.72) size 308x20
                LayoutInline {FORM} at (0,0) size 0x19
                LayoutInline {<pseudo:after>} at (0,0) size 4x19
                  LayoutTextFragment (anonymous) at (0,0) size 4x19
                    text run at (0,0) width 4: "."
