layer at (0,0) size 800x600
  LayoutView at (0,0) size 800x600
layer at (0,0) size 800x222
  LayoutNGBlockFlow {HTML} at (0,0) size 800x222
    LayoutNGBlockFlow {BODY} at (8,8) size 784x198
      LayoutNGBlockFlow {DIV} at (0,0) size 784x20
        LayoutText {#text} at (0,0) size 82x19
          text run at (0,0) width 82: "This is a test "
        LayoutInline {<pseudo:after>} at (0,0) size 178x19
          LayoutTextFragment (anonymous) at (82,0) size 178x19
            text run at (82,0) width 178: "and generated hover content"
      LayoutNGBlockFlow {P} at (0,46) size 784x40
        LayoutText {#text} at (0,0) size 52x19
          text run at (0,0) width 52: "Test for "
        LayoutInline {I} at (0,0) size 780x39
          LayoutInline {A} at (0,0) size 347x19 [color=#0000EE]
            LayoutText {#text} at (52,0) size 347x19
              text run at (52,0) width 347: "http://bugzilla.opendarwin.org/show_bug.cgi?id=6431"
          LayoutText {#text} at (399,0) size 780x39
            text run at (399,0) width 381: " REGRESSION: style change where :hover changes only an"
            text run at (0,20) width 150: ":after style doesn't work"
        LayoutText {#text} at (150,20) size 4x19
          text run at (150,20) width 4: "."
      LayoutNGBlockFlow {P} at (0,102) size 784x40
        LayoutText {#text} at (0,0) size 741x39
          text run at (0,0) width 741: "The line at the top of the page should read \x{201C}This is a test and generated content\x{201D} or \x{201C}This is a test and generated hover"
          text run at (0,20) width 283: "content\x{201D} depending on whether it is hovered."
      LayoutNGBlockFlow {P} at (0,158) size 784x40
        LayoutText {#text} at (0,0) size 753x39
          text run at (0,0) width 753: "To reproduce the bug outside of DumpRenderTree, mouse over the div several times, and the style change won't update"
          text run at (0,20) width 155: "every time like it should."
layer at (8,36) size 784x2 clip at (0,0) size 0x0
  LayoutNGBlockFlow {HR} at (0,28) size 784x2 [border: (1px inset #EEEEEE)]
caret: position 3 of child 0 {#text} of child 1 {DIV} of body
