layer at (0,0) size 800x600
  LayoutView at (0,0) size 800x600
layer at (0,0) size 800x600
  LayoutNGBlockFlow {HTML} at (0,0) size 800x600
    LayoutNGBlockFlow {BODY} at (8,8) size 784x576
      LayoutNGBlockFlow (anonymous) at (0,0) size 784x20
        LayoutInline {SPAN} at (0,0) size 638x19
          LayoutText {#text} at (0,0) size 638x19
            text run at (0,0) width 638: "This test passes if it does not crash, and if we successfully destroy the table-section generated content."
        LayoutText {#text} at (0,0) size 0x0
        LayoutBR {BR} at (638,15) size 0x0
      LayoutNGBlockFlow {UL} at (0,36) size 784x20
        LayoutNGListItem {LI} at (40,0) size 744x20
          LayoutNGListMarker (anonymous) at (-18,0) size 7x20
            LayoutText (anonymous) at (0,0) size 7x19
              text run at (0,0) width 7: "\x{2022} "
          LayoutInline {<pseudo:before>} at (0,0) size 31x19
            LayoutTextFragment (anonymous) at (0,0) size 31x19
              text run at (0,0) width 31: "hello"
          LayoutText {#text} at (31,0) size 21x19
            text run at (31,0) width 21: "test"
