layer at (0,0) size 800x600
  LayoutView at (0,0) size 800x600
layer at (0,0) size 800x600
  LayoutBlockFlow {HTML} at (0,0) size 800x600
    LayoutBlockFlow {BODY} at (8,8) size 784x584
      LayoutTable {TABLE} at (0,0) size 44x54
        LayoutTableSection {TBODY} at (0,0) size 44x54
          LayoutTableRow {TR} at (0,0) size 44x54
            LayoutTableCell {TD} at (0,0) size 44x54 [r=0 c=0 rs=1 cs=1]
              LayoutBlockFlow {INPUT} at (2,2) size 40x50
              LayoutText {#text} at (0,0) size 0x0
layer at (10,10) size 40x50 clip at (11,11) size 38x48
  LayoutBlockFlow {SPAN} at (0,0) size 40x50 [border: (1px solid #C0C0C0)]
    LayoutImage (floating) {IMG} at (2,2) size 16x16
    LayoutInline {SPAN} at (0,0) size 36x13
      LayoutText {#text} at (2,18) size 36x13
        text run at (2,18) width 36: "Submit"
