layer at (0,0) size 800x600
  LayoutView at (0,0) size 800x600
layer at (0,0) size 800x264
  LayoutBlockFlow {html} at (0,0) size 800x263.88
    LayoutBlockFlow {parsererror} at (16,16) size 768x195.88 [bgcolor=#FFDDDD] [border: (2px solid #CC7777)]
      LayoutBlockFlow {h3} at (18,20.72) size 732x23
        LayoutText {#text} at (0,0) size 324x22
          text run at (0,0) width 324: "This page contains the following errors:"
      LayoutBlockFlow {div} at (18,62.44) size 732x15
        LayoutText {#text} at (0,0) size 497x15
          text run at (0,0) width 497: "error on line 1 at column 107: Extra content at the end of the document"
          text run at (497,0) width 0: " "
      LayoutBlockFlow {h3} at (18,96.16) size 732x23
        LayoutText {#text} at (0,0) size 428x22
          text run at (0,0) width 428: "Below is a rendering of the page up to the first error."
      LayoutBlockFlow {p} at (18,137.88) size 732x40
        LayoutText {#text} at (0,0) size 692x39
          text run at (0,0) width 692: "This document was created as the result of an XSL transformation. The line and column numbers given are from the"
          text run at (0,20) width 112: "transformed result."
    LayoutBlockFlow {body} at (8,227.88) size 784x20
      LayoutBlockFlow {p} at (0,0) size 784x20
        LayoutText {#text} at (0,0) size 216x19
          text run at (0,0) width 216: "You should see error text above this"
