layer at (0,0) size 800x600 clip at (0,0) size 785x600 scrollHeight 1745
  LayoutView at (0,0) size 800x600
layer at (0,0) size 785x1745 backgroundClip at (0,0) size 785x600 clip at (0,0) size 785x600
  LayoutBlockFlow {HTML} at (0,0) size 785x1745
    LayoutBlockFlow {BODY} at (8,8) size 769x1729 [bgcolor=#CCCCCC]
      LayoutBlockFlow {P} at (0,0) size 769x20
        LayoutText {#text} at (0,0) size 337x19
          text run at (0,0) width 337: "The style declarations which apply to the text below are:"
      LayoutBlockFlow {PRE} at (0,36) size 769x192
        LayoutText {#text} at (0,0) size 288x192
          text run at (0,0) width 160: "BODY {color: black;}"
          text run at (160,0) width 0: " "
          text run at (0,16) width 152: ".one {color: #080;}"
          text run at (152,16) width 0: " "
          text run at (0,32) width 176: ".two {color: #008000;}"
          text run at (176,32) width 0: " "
          text run at (0,48) width 232: ".three {color: rgb(0,128,0);}"
          text run at (232,48) width 0: " "
          text run at (0,64) width 240: ".four {color: rgb(0%,50%,0%);}"
          text run at (240,64) width 0: " "
          text run at (0,80) width 288: ".five {color: rgb(0.0%,50.0%,0.0%);}"
          text run at (288,80) width 0: " "
          text run at (0,96) width 160: ".six {color: green;}"
          text run at (160,96) width 0: " "
          text run at (0,112) width 232: ".seven {color: invalidValue;}"
          text run at (232,112) width 0: " "
          text run at (0,128) width 256: ".eight {color: rgb(0,128,1280);}"
          text run at (256,128) width 0: " "
          text run at (0,144) width 240: ".nine {color: rgb(0,128,255);}"
          text run at (240,144) width 0: " "
          text run at (0,160) width 264: ".ten {color: rgb(50%,-500%,60%);}"
          text run at (264,160) width 0: " "
          text run at (0,176) width 264: ".eleven {color: rgb(50%,0%,60%);}"
          text run at (264,176) width 0: " "
      LayoutBlockFlow {P} at (0,259) size 769x20
        LayoutText {#text} at (0,0) size 184x19
          text run at (0,0) width 184: "This sentence should be black."
      LayoutBlockFlow {P} at (0,295) size 769x20 [color=#008800]
        LayoutText {#text} at (0,0) size 473x19
          text run at (0,0) width 473: "This sentence should be green, although slightly different from those that follow."
      LayoutBlockFlow {P} at (0,331) size 769x20 [color=#008000]
        LayoutText {#text} at (0,0) size 184x19
          text run at (0,0) width 184: "This sentence should be green."
      LayoutBlockFlow {P} at (0,367) size 769x20 [color=#008000]
        LayoutText {#text} at (0,0) size 184x19
          text run at (0,0) width 184: "This sentence should be green."
      LayoutBlockFlow {P} at (0,403) size 769x20 [color=#008000]
        LayoutText {#text} at (0,0) size 184x19
          text run at (0,0) width 184: "This sentence should be green."
      LayoutBlockFlow {P} at (0,439) size 769x20 [color=#008000]
        LayoutText {#text} at (0,0) size 184x19
          text run at (0,0) width 184: "This sentence should be green."
      LayoutBlockFlow {P} at (0,475) size 769x20 [color=#008000]
        LayoutText {#text} at (0,0) size 184x19
          text run at (0,0) width 184: "This sentence should be green."
      LayoutBlockFlow {P} at (0,511) size 769x20
        LayoutText {#text} at (0,0) size 387x19
          text run at (0,0) width 387: "This sentence should be black, because the value given for class "
        LayoutInline {CODE} at (0,0) size 48x16
          LayoutText {#text} at (387,3) size 48x16
            text run at (387,3) width 48: ".seven"
        LayoutText {#text} at (435,0) size 59x19
          text run at (435,0) width 59: " is invalid."
      LayoutBlockFlow {P} at (0,547) size 769x20 [color=#0080FF]
        LayoutText {#text} at (0,0) size 757x19
          text run at (0,0) width 757: "This sentence should be a shade of blue-green which, on a typical RGB computer display, exactly matches the next paragraph."
      LayoutBlockFlow {P} at (0,583) size 769x40 [color=#0080FF]
        LayoutText {#text} at (0,0) size 714x39
          text run at (0,0) width 714: "This sentence should be a shade of blue-green which, on a typical RGB computer display, exactly matches the previous"
          text run at (0,20) width 65: "paragraph."
      LayoutBlockFlow {P} at (0,639) size 769x20 [color=#800099]
        LayoutText {#text} at (0,0) size 731x19
          text run at (0,0) width 731: "This sentence should be a shade of purple which, on a typical RGB computer display, exactly matches the next paragraph."
      LayoutBlockFlow {P} at (0,675) size 769x20 [color=#800099]
        LayoutText {#text} at (0,0) size 757x19
          text run at (0,0) width 757: "This sentence should be a shade of purple which, on a typical RGB computer display, exactly matches the previous paragraph."
      LayoutBlockFlow {P} at (0,711) size 769x20
        LayoutText {#text} at (0,0) size 184x19
          text run at (0,0) width 184: "This sentence should be black."
      LayoutBlockFlow {P} at (0,747) size 769x20 [color=#008800]
        LayoutText {#text} at (0,0) size 376x19
          text run at (0,0) width 376: "This sentence should be a slightly different green, and used the "
        LayoutInline {TT} at (0,0) size 41x16
          LayoutText {#text} at (375,3) size 41x16
            text run at (375,3) width 41: "style"
        LayoutText {#text} at (415,0) size 58x19
          text run at (415,0) width 58: " attribute."
      LayoutBlockFlow {P} at (0,783) size 769x20 [color=#008000]
        LayoutText {#text} at (0,0) size 268x19
          text run at (0,0) width 268: "This sentence should be green, and used the "
        LayoutInline {TT} at (0,0) size 40x16
          LayoutText {#text} at (268,3) size 40x16
            text run at (268,3) width 40: "style"
        LayoutText {#text} at (308,0) size 57x19
          text run at (308,0) width 57: " attribute."
      LayoutBlockFlow {P} at (0,819) size 769x20 [color=#008000]
        LayoutText {#text} at (0,0) size 268x19
          text run at (0,0) width 268: "This sentence should be green, and used the "
        LayoutInline {TT} at (0,0) size 40x16
          LayoutText {#text} at (268,3) size 40x16
            text run at (268,3) width 40: "style"
        LayoutText {#text} at (308,0) size 57x19
          text run at (308,0) width 57: " attribute."
      LayoutBlockFlow {P} at (0,855) size 769x20 [color=#008000]
        LayoutText {#text} at (0,0) size 268x19
          text run at (0,0) width 268: "This sentence should be green, and used the "
        LayoutInline {TT} at (0,0) size 40x16
          LayoutText {#text} at (268,3) size 40x16
            text run at (268,3) width 40: "style"
        LayoutText {#text} at (308,0) size 57x19
          text run at (308,0) width 57: " attribute."
      LayoutBlockFlow {P} at (0,891) size 769x20 [color=#008000]
        LayoutText {#text} at (0,0) size 268x19
          text run at (0,0) width 268: "This sentence should be green, and used the "
        LayoutInline {TT} at (0,0) size 40x16
          LayoutText {#text} at (268,3) size 40x16
            text run at (268,3) width 40: "style"
        LayoutText {#text} at (308,0) size 57x19
          text run at (308,0) width 57: " attribute."
      LayoutBlockFlow {P} at (0,927) size 769x20 [color=#008000]
        LayoutText {#text} at (0,0) size 268x19
          text run at (0,0) width 268: "This sentence should be green, and used the "
        LayoutInline {TT} at (0,0) size 40x16
          LayoutText {#text} at (268,3) size 40x16
            text run at (268,3) width 40: "style"
        LayoutText {#text} at (308,0) size 57x19
          text run at (308,0) width 57: " attribute."
      LayoutTable {TABLE} at (0,963) size 769x766 [border: (1px outset #808080)]
        LayoutTableSection {TBODY} at (1,1) size 767x764
          LayoutTableRow {TR} at (0,0) size 767x28
            LayoutTableCell {TD} at (0,0) size 767x28 [bgcolor=#C0C0C0] [border: (1px inset #808080)] [r=0 c=0 rs=1 cs=2]
              LayoutInline {STRONG} at (0,0) size 157x19
                LayoutText {#text} at (4,4) size 157x19
                  text run at (4,4) width 157: "TABLE Testing Section"
          LayoutTableRow {TR} at (0,28) size 767x736
            LayoutTableCell {TD} at (0,382) size 12x28 [bgcolor=#C0C0C0] [border: (1px inset #808080)] [r=1 c=0 rs=1 cs=1]
              LayoutText {#text} at (4,4) size 4x19
                text run at (4,4) width 4: " "
            LayoutTableCell {TD} at (12,28) size 755x736 [border: (1px inset #808080)] [r=1 c=1 rs=1 cs=1]
              LayoutBlockFlow {P} at (4,4) size 747x20
                LayoutText {#text} at (0,0) size 184x19
                  text run at (0,0) width 184: "This sentence should be black."
              LayoutBlockFlow {P} at (4,40) size 747x20 [color=#008800]
                LayoutText {#text} at (0,0) size 473x19
                  text run at (0,0) width 473: "This sentence should be green, although slightly different from those that follow."
              LayoutBlockFlow {P} at (4,76) size 747x20 [color=#008000]
                LayoutText {#text} at (0,0) size 184x19
                  text run at (0,0) width 184: "This sentence should be green."
              LayoutBlockFlow {P} at (4,112) size 747x20 [color=#008000]
                LayoutText {#text} at (0,0) size 184x19
                  text run at (0,0) width 184: "This sentence should be green."
              LayoutBlockFlow {P} at (4,148) size 747x20 [color=#008000]
                LayoutText {#text} at (0,0) size 184x19
                  text run at (0,0) width 184: "This sentence should be green."
              LayoutBlockFlow {P} at (4,184) size 747x20 [color=#008000]
                LayoutText {#text} at (0,0) size 184x19
                  text run at (0,0) width 184: "This sentence should be green."
              LayoutBlockFlow {P} at (4,220) size 747x20 [color=#008000]
                LayoutText {#text} at (0,0) size 184x19
                  text run at (0,0) width 184: "This sentence should be green."
              LayoutBlockFlow {P} at (4,256) size 747x20
                LayoutText {#text} at (0,0) size 387x19
                  text run at (0,0) width 387: "This sentence should be black, because the value given for class "
                LayoutInline {CODE} at (0,0) size 48x16
                  LayoutText {#text} at (387,3) size 48x16
                    text run at (387,3) width 48: ".seven"
                LayoutText {#text} at (435,0) size 59x19
                  text run at (435,0) width 59: " is invalid."
              LayoutBlockFlow {P} at (4,292) size 747x40 [color=#0080FF]
                LayoutText {#text} at (0,0) size 688x39
                  text run at (0,0) width 688: "This sentence should be a shade of blue-green which, on a typical RGB computer display, exactly matches the next"
                  text run at (0,20) width 65: "paragraph."
              LayoutBlockFlow {P} at (4,348) size 747x40 [color=#0080FF]
                LayoutText {#text} at (0,0) size 714x39
                  text run at (0,0) width 714: "This sentence should be a shade of blue-green which, on a typical RGB computer display, exactly matches the previous"
                  text run at (0,20) width 65: "paragraph."
              LayoutBlockFlow {P} at (4,404) size 747x20 [color=#800099]
                LayoutText {#text} at (0,0) size 731x19
                  text run at (0,0) width 731: "This sentence should be a shade of purple which, on a typical RGB computer display, exactly matches the next paragraph."
              LayoutBlockFlow {P} at (4,440) size 747x40 [color=#800099]
                LayoutText {#text} at (0,0) size 688x39
                  text run at (0,0) width 688: "This sentence should be a shade of purple which, on a typical RGB computer display, exactly matches the previous"
                  text run at (0,20) width 65: "paragraph."
              LayoutBlockFlow {P} at (4,496) size 747x20
                LayoutText {#text} at (0,0) size 184x19
                  text run at (0,0) width 184: "This sentence should be black."
              LayoutBlockFlow {P} at (4,532) size 747x20 [color=#008800]
                LayoutText {#text} at (0,0) size 376x19
                  text run at (0,0) width 376: "This sentence should be a slightly different green, and used the "
                LayoutInline {TT} at (0,0) size 41x16
                  LayoutText {#text} at (375,3) size 41x16
                    text run at (375,3) width 41: "style"
                LayoutText {#text} at (415,0) size 58x19
                  text run at (415,0) width 58: " attribute."
              LayoutBlockFlow {P} at (4,568) size 747x20 [color=#008000]
                LayoutText {#text} at (0,0) size 268x19
                  text run at (0,0) width 268: "This sentence should be green, and used the "
                LayoutInline {TT} at (0,0) size 40x16
                  LayoutText {#text} at (268,3) size 40x16
                    text run at (268,3) width 40: "style"
                LayoutText {#text} at (308,0) size 57x19
                  text run at (308,0) width 57: " attribute."
              LayoutBlockFlow {P} at (4,604) size 747x20 [color=#008000]
                LayoutText {#text} at (0,0) size 268x19
                  text run at (0,0) width 268: "This sentence should be green, and used the "
                LayoutInline {TT} at (0,0) size 40x16
                  LayoutText {#text} at (268,3) size 40x16
                    text run at (268,3) width 40: "style"
                LayoutText {#text} at (308,0) size 57x19
                  text run at (308,0) width 57: " attribute."
              LayoutBlockFlow {P} at (4,640) size 747x20 [color=#008000]
                LayoutText {#text} at (0,0) size 268x19
                  text run at (0,0) width 268: "This sentence should be green, and used the "
                LayoutInline {TT} at (0,0) size 40x16
                  LayoutText {#text} at (268,3) size 40x16
                    text run at (268,3) width 40: "style"
                LayoutText {#text} at (308,0) size 57x19
                  text run at (308,0) width 57: " attribute."
              LayoutBlockFlow {P} at (4,676) size 747x20 [color=#008000]
                LayoutText {#text} at (0,0) size 268x19
                  text run at (0,0) width 268: "This sentence should be green, and used the "
                LayoutInline {TT} at (0,0) size 40x16
                  LayoutText {#text} at (268,3) size 40x16
                    text run at (268,3) width 40: "style"
                LayoutText {#text} at (308,0) size 57x19
                  text run at (308,0) width 57: " attribute."
              LayoutBlockFlow {P} at (4,712) size 747x20 [color=#008000]
                LayoutText {#text} at (0,0) size 268x19
                  text run at (0,0) width 268: "This sentence should be green, and used the "
                LayoutInline {TT} at (0,0) size 40x16
                  LayoutText {#text} at (268,3) size 40x16
                    text run at (268,3) width 40: "style"
                LayoutText {#text} at (308,0) size 57x19
                  text run at (308,0) width 57: " attribute."
layer at (8,249) size 769x2 clip at (0,0) size 0x0
  LayoutBlockFlow {HR} at (0,241) size 769x2 [border: (1px inset #EEEEEE)]
