layer at (0,0) size 800x600
  LayoutView at (0,0) size 800x600
layer at (0,0) size 800x547
  LayoutBlockFlow {HTML} at (0,0) size 800x547
    LayoutBlockFlow {BODY} at (8,8) size 784x531
      LayoutBlockFlow {DIV} at (4,4) size 366x140 [border: (3px solid #000000)]
        LayoutText {#text} at (3,3) size 273x26
          text run at (3,3) width 273: "Lorem ipsum dolor sit amet,"
        LayoutInline {SPAN} at (0,0) size 214x26
          LayoutText {#text} at (3,43) size 214x26
            text run at (3,43) width 214: "consectetur adipiscing"
        LayoutText {#text} at (216,43) size 134x26
          text run at (216,43) width 7: " "
          text run at (222,43) width 128: "elit. Aliquam"
        LayoutInline {SPAN} at (0,0) size 110x26
          LayoutText {#text} at (3,70) size 110x26
            text run at (3,70) width 110: "odio sapien"
        LayoutText {#text} at (112,70) size 334x66
          text run at (112,70) width 13: ", "
          text run at (124,70) width 213: "lobortis eu iaculis vel,"
          text run at (3,110) width 208: "scelerisque nec dolor."
      LayoutText {#text} at (374,114) size 6x26
        text run at (374,114) width 6: " "
      LayoutBlockFlow {DIV} at (384,4) size 366x140 [border: (3px solid #000000)]
        LayoutText {#text} at (3,3) size 273x26
          text run at (3,3) width 273: "Lorem ipsum dolor sit amet,"
        LayoutInline {SPAN} at (0,0) size 214x26
          LayoutText {#text} at (3,43) size 214x26
            text run at (3,43) width 214: "consectetur adipiscing"
        LayoutText {#text} at (216,43) size 133x26
          text run at (216,43) width 7: " "
          text run at (222,43) width 127: "elit. Aliquam"
        LayoutInline {SPAN} at (0,0) size 110x26
          LayoutText {#text} at (3,70) size 110x26
            text run at (3,70) width 110: "odio sa\x{300}pien"
        LayoutText {#text} at (112,70) size 334x66
          text run at (112,70) width 13: ", "
          text run at (124,70) width 213: "lobortis eu iaculis vel,"
          text run at (3,110) width 208: "scelerisque nec dolor."
      LayoutText {#text} at (0,0) size 0x0
      LayoutBlockFlow {DIV} at (4,159) size 366x162 [border: (3px solid #000000)]
        LayoutText {#text} at (3,17) size 70x26
          text run at (3,17) width 70: "Lorem "
        LayoutInline {SPAN} at (0,0) size 60x26
          LayoutText {#text} at (72,17) size 60x26
            text run at (72,17) width 60: "ipsum"
        LayoutText {#text} at (131,17) size 7x26
          text run at (131,17) width 7: " "
        LayoutInline {SPAN} at (0,0) size 52x26
          LayoutText {#text} at (137,17) size 52x26
            text run at (137,17) width 52: "dolor"
        LayoutText {#text} at (188,17) size 7x26
          text run at (188,17) width 7: " "
        LayoutInline {SPAN} at (0,0) size 23x26
          LayoutText {#text} at (194,17) size 23x26
            text run at (194,17) width 23: "sit"
        LayoutText {#text} at (216,17) size 7x26
          text run at (216,17) width 7: " "
        LayoutInline {SPAN} at (0,0) size 48x26
          LayoutText {#text} at (222,17) size 48x26
            text run at (222,17) width 48: "amet"
        LayoutText {#text} at (269,17) size 7x26
          text run at (269,17) width 7: ","
        LayoutInline {SPAN} at (0,0) size 110x26
          LayoutText {#text} at (3,61) size 110x26
            text run at (3,61) width 110: "consectetur"
        LayoutText {#text} at (112,61) size 7x26
          text run at (112,61) width 7: " "
        LayoutInline {SPAN} at (0,0) size 99x26
          LayoutText {#text} at (118,61) size 99x26
            text run at (118,61) width 99: "adipiscing"
        LayoutText {#text} at (216,61) size 7x26
          text run at (216,61) width 7: " "
        LayoutInline {SPAN} at (0,0) size 32x26
          LayoutText {#text} at (222,61) size 32x26
            text run at (222,61) width 32: "elit"
        LayoutText {#text} at (253,61) size 13x26
          text run at (253,61) width 13: ". "
        LayoutInline {SPAN} at (0,0) size 85x26
          LayoutText {#text} at (265,61) size 85x26
            text run at (265,61) width 85: "Aliquam"
        LayoutText {#text} at (349,61) size 7x26
          text run at (349,61) width 7: ","
        LayoutInline {SPAN} at (0,0) size 43x26
          LayoutText {#text} at (3,105) size 43x26
            text run at (3,105) width 43: "odio"
        LayoutText {#text} at (45,105) size 7x26
          text run at (45,105) width 7: " "
        LayoutInline {SPAN} at (0,0) size 62x26
          LayoutText {#text} at (51,105) size 62x26
            text run at (51,105) width 62: "sapien"
        LayoutText {#text} at (112,105) size 13x26
          text run at (112,105) width 13: ", "
        LayoutInline {SPAN} at (0,0) size 75x26
          LayoutText {#text} at (124,105) size 75x26
            text run at (124,105) width 75: "lobortis"
        LayoutText {#text} at (198,105) size 334x53
          text run at (198,105) width 7: " "
          text run at (204,105) width 133: "eu iaculis vel,"
          text run at (3,132) width 208: "scelerisque nec dolor."
      LayoutText {#text} at (374,291) size 6x26
        text run at (374,291) width 6: " "
      LayoutBlockFlow {DIV} at (384,152) size 366x156 [border: (3px solid #000000)]
        LayoutText {#text} at (15,3) size 26x70
          text run at (15,3) width 70: "Lorem "
        LayoutInline {SPAN} at (0,0) size 26x60
          LayoutText {#text} at (15,72) size 26x60
            text run at (15,72) width 59: "ipsum"
        LayoutText {#text} at (0,0) size 0x0
        LayoutInline {SPAN} at (0,0) size 26x51
          LayoutText {#text} at (55,3) size 26x51
            text run at (55,3) width 51: "dolor"
        LayoutText {#text} at (55,53) size 26x7
          text run at (55,53) width 6: " "
        LayoutInline {SPAN} at (0,0) size 26x24
          LayoutText {#text} at (55,59) size 26x24
            text run at (55,59) width 23: "sit"
        LayoutText {#text} at (55,82) size 26x7
          text run at (55,82) width 6: " "
        LayoutInline {SPAN} at (0,0) size 26x47
          LayoutText {#text} at (55,88) size 26x47
            text run at (55,88) width 47: "amet"
        LayoutText {#text} at (55,134) size 26x7
          text run at (55,134) width 6: ","
        LayoutInline {SPAN} at (0,0) size 26x110
          LayoutText {#text} at (99,3) size 26x110
            text run at (99,3) width 110: "consectetur"
        LayoutText {#text} at (0,0) size 0x0
        LayoutInline {SPAN} at (0,0) size 26x99
          LayoutText {#text} at (139,3) size 26x99
            text run at (139,3) width 99: "adipiscing"
        LayoutText {#text} at (139,101) size 26x7
          text run at (139,101) width 6: " "
        LayoutInline {SPAN} at (0,0) size 26x32
          LayoutText {#text} at (139,107) size 26x32
            text run at (139,107) width 31: "elit"
        LayoutText {#text} at (139,138) size 26x7
          text run at (139,138) width 6: "."
        LayoutInline {SPAN} at (0,0) size 26x84
          LayoutText {#text} at (183,3) size 26x84
            text run at (183,3) width 84: "Aliquam"
        LayoutText {#text} at (183,86) size 26x13
          text run at (183,86) width 12: ", "
        LayoutInline {SPAN} at (0,0) size 26x44
          LayoutText {#text} at (183,98) size 26x44
            text run at (183,98) width 43: "odio"
        LayoutText {#text} at (0,0) size 0x0
        LayoutInline {SPAN} at (0,0) size 26x62
          LayoutText {#text} at (221,3) size 26x62
            text run at (221,3) width 62: "sapien"
        LayoutText {#text} at (221,64) size 26x13
          text run at (221,64) width 12: ", "
        LayoutInline {SPAN} at (0,0) size 26x74
          LayoutText {#text} at (221,76) size 26x74
            text run at (221,76) width 74: "lobortis"
        LayoutText {#text} at (248,3) size 80x146
          text run at (248,3) width 133: "eu iaculis vel,"
          text run at (275,3) width 146: "scelerisque nec"
          text run at (302,3) width 56: "dolor."
      LayoutText {#text} at (0,0) size 0x0
      LayoutBlockFlow {DIV} at (4,329) size 366x198 [border: (3px solid #000000)]
        LayoutText {#text} at (3,14) size 273x26
          text run at (3,14) width 273: "Lorem ipsum dolor sit amet,"
        LayoutInline {SPAN} at (0,0) size 214x26
          LayoutText {#text} at (3,62) size 214x26
            text run at (3,62) width 214: "consectetur adipiscing"
        LayoutText {#text} at (216,62) size 134x26
          text run at (216,62) width 7: " "
          text run at (222,62) width 128: "elit. Aliquam"
        LayoutInline {SPAN} at (0,0) size 110x26
          LayoutText {#text} at (3,110) size 110x26
            text run at (3,110) width 110: "odio sapien"
        LayoutText {#text} at (112,110) size 334x74
          text run at (112,110) width 13: ", "
          text run at (124,110) width 213: "lobortis eu iaculis vel,"
          text run at (3,158) width 208: "scelerisque nec dolor."
      LayoutText {#text} at (374,487) size 6x26
        text run at (374,487) width 6: " "
      LayoutBlockFlow {DIV} at (384,377) size 366x140 [border: (3px solid #000000)]
        LayoutText {#text} at (3,3) size 273x26
          text run at (3,3) width 273: "Lorem ipsum dolor sit amet,"
        LayoutInline {SPAN} at (0,0) size 214x26
          LayoutText {#text} at (3,43) size 214x26
            text run at (3,43) width 214: "consectetur adipiscing"
        LayoutText {#text} at (216,43) size 134x26
          text run at (216,43) width 7: " "
          text run at (222,43) width 128: "elit. Aliquam"
        LayoutInline {SPAN} at (0,0) size 110x26
          LayoutText {#text} at (3,70) size 110x26
            text run at (3,70) width 110: "odio sapien"
        LayoutText {#text} at (112,70) size 334x66
          text run at (112,70) width 13: ", "
          text run at (124,70) width 213: "lobortis eu iaculis vel,"
          text run at (3,110) width 208: "scelerisque nec dolor."
      LayoutText {#text} at (0,0) size 0x0
      LayoutText {#text} at (0,0) size 0x0
selection start: position 10 of child 0 {#text} of child 1 {SPAN} of child 10 {DIV} of body
selection end:   position 7 of child 0 {#text} of child 3 {SPAN} of child 10 {DIV} of body
