layer at (0,0) size 800x600
  LayoutView at (0,0) size 800x600
layer at (0,0) size 800x600
  LayoutBlockFlow {HTML} at (0,0) size 800x600
    LayoutBlockFlow {BODY} at (8,8) size 784x492
      LayoutBlockFlow {UL} at (0,0) size 784x100
        LayoutListItem {LI} at (40,0) size 744x100
          LayoutListMarker (anonymous) at (-61,0) size 29x100: bullet
          LayoutInline {<pseudo:first-letter>} at (0,0) size 100x100 [color=#008000]
            LayoutTextFragment (anonymous) at (0,0) size 100x100
              text run at (0,0) width 100: "a"
          LayoutTextFragment {#text} at (0,0) size 0x0
