layer at (0,0) size 800x600
  LayoutView at (0,0) size 800x600
layer at (0,0) size 800x600
  LayoutBlockFlow {HTML} at (0,0) size 800x600
    LayoutBlockFlow {BODY} at (8,8) size 784x584
      LayoutBlockFlow {DIV} at (0,0) size 784x50 [color=#FF0000]
        LayoutText {#text} at (0,0) size 50x50
          text run at (0,0) width 50: "Z"
layer at (8,8) size 50x50
  LayoutBlockFlow (positioned) {SPAN} at (8,8) size 50x50 [color=#008000]
    LayoutText {#text} at (0,0) size 50x50
      text run at (0,0) width 50: "Y"
