layer at (0,0) size 800x600
  LayoutView at (0,0) size 800x600
layer at (0,0) size 800x600
  LayoutBlockFlow {HTML} at (0,0) size 800x600
    LayoutBlockFlow {BODY} at (8,8) size 784x584
      LayoutBlockFlow {DIV} at (0,0) size 25x125
        LayoutImage {IMG} at (0,0) size 20x50 [bgcolor=#0000FF]
        LayoutImage {IMG} at (0,50) size 50x50 [bgcolor=#FFFF00]
        LayoutText {#text} at (0,100) size 25x25
          text run at (0,100) width 25: "~"
