layer at (0,0) size 800x600
  LayoutView at (0,0) size 800x600
layer at (0,0) size 800x600 layerType: background only
layer at (8,8) size 100x50
  LayoutBlockFlow (positioned) zI: -1 {DIV} at (8,8) size 100x50 [color=#FF0000]
    LayoutInline {SPAN} at (0,0) size 50x50 [color=#008000]
      LayoutText {#text} at (0,0) size 50x50
        text run at (0,0) width 50: "x"
    LayoutText zI: -1 {#text} at (50,0) size 50x50
      text run at (50,0) width 50: "x"
layer at (0,0) size 800x600 layerType: foreground only
  LayoutBlockFlow {HTML} at (0,0) size 800x600
    LayoutBlockFlow {BODY} at (8,8) size 784x584
      LayoutBlockFlow {DIV} at (0,0) size 784x50 [color=#008000]
        LayoutText {#text} at (0,0) size 100x50
          text run at (0,0) width 100 RTL override: "xp"
