layer at (0,0) size 800x600
  LayoutView at (0,0) size 800x600
layer at (0,0) size 800x118
  LayoutBlockFlow {HTML} at (0,0) size 800x118
    LayoutBlockFlow {BODY} at (8,16) size 784x86
      LayoutBlockFlow {DIV} at (0,0) size 784x86
        LayoutBlockFlow {P} at (0,0) size 784x18
          LayoutText {#text} at (0,0) size 307x18
            text run at (0,0) width 307: "This paragraph should have normal background"
        LayoutBlockFlow {ADDRESS} at (0,34) size 784x18 [bgcolor=#00FF00]
          LayoutText {#text} at (0,0) size 304x18
            text run at (0,0) width 304: "But this address should have green background"
        LayoutBlockFlow {P} at (0,68) size 784x18
          LayoutText {#text} at (0,0) size 307x18
            text run at (0,0) width 307: "This paragraph should have normal background"
