layer at (0,0) size 800x600
  LayoutView at (0,0) size 800x600
layer at (0,0) size 800x34
  LayoutBlockFlow {HTML} at (0,0) size 800x34
    LayoutBlockFlow {BODY} at (8,8) size 784x18
      LayoutBlockFlow {ADDRESS} at (0,0) size 784x18 [bgcolor=#00FF00]
        LayoutInline {SPAN} at (0,0) size 107x18
          LayoutText {#text} at (0,0) size 107x18
            text run at (0,0) width 107: "This line should "
        LayoutText {#text} at (0,0) size 0x0
        LayoutInline {SPAN} at (0,0) size 167x18
          LayoutText {#text} at (106,0) size 167x18
            text run at (106,0) width 167: "have a green background."
        LayoutText {#text} at (0,0) size 0x0
