layer at (0,0) size 800x600
  LayoutView at (0,0) size 800x600
layer at (0,0) size 800x170
  LayoutBlockFlow {HTML} at (0,0) size 800x170
    LayoutBlockFlow {BODY} at (8,16) size 784x146
      LayoutBlockFlow {DIV} at (0,0) size 784x90
        LayoutBlockFlow {P} at (0,0) size 784x18
          LayoutText {#text} at (0,0) size 221x18
            text run at (0,0) width 221: "This paragraph should be unstyled"
        LayoutTable {TABLE} at (0,34) size 227x56
          LayoutTableSection {TBODY} at (0,0) size 227x56
            LayoutTableRow {TR} at (0,2) size 227x52
              LayoutTableCell {TD} at (2,2) size 223x52 [r=0 c=0 rs=1 cs=1]
                LayoutBlockFlow {P} at (1,17) size 221x18
                  LayoutText {#text} at (0,0) size 221x18
                    text run at (0,0) width 221: "This paragraph should be unstyled"
      LayoutTable {TABLE} at (0,90) size 314x56
        LayoutTableSection {TBODY} at (0,0) size 314x56
          LayoutTableRow {TR} at (0,2) size 314x52
            LayoutTableCell {TD} at (2,2) size 310x52 [r=0 c=0 rs=1 cs=1]
              LayoutBlockFlow {P} at (1,17) size 308x18 [bgcolor=#00FF00]
                LayoutText {#text} at (0,0) size 308x18
                  text run at (0,0) width 308: "This paragraph should have a green background"
