layer at (0,0) size 800x600
  LayoutView at (0,0) size 800x600
layer at (0,0) size 800x84
  LayoutBlockFlow {HTML} at (0,0) size 800x84
    LayoutBlockFlow {BODY} at (8,16) size 784x52
      LayoutBlockFlow {P} at (0,0) size 784x18 [color=#FFFFFF] [bgcolor=#008000]
        LayoutText {#text} at (0,0) size 166x18
          text run at (0,0) width 166: "This line should be green."
      LayoutBlockFlow {P} at (0,34) size 784x18 [color=#FFFFFF] [bgcolor=#008000]
        LayoutText {#text} at (0,0) size 166x18
          text run at (0,0) width 166: "This line should be green."
