layer at (0,0) size 800x600
  LayoutView at (0,0) size 800x600
layer at (0,0) size 800x267
  LayoutBlockFlow {HTML} at (0,0) size 800x267
    LayoutBlockFlow {BODY} at (8,16) size 784x235
      LayoutBlockFlow {P} at (0,0) size 784x235
        LayoutInline {<pseudo:before>} at (0,0) size 20x18 [color=#FF0000]
          LayoutInline {<pseudo:first-letter>} at (0,0) size 20x37 [color=#00FF00]
            LayoutTextFragment (anonymous) at (0,0) size 20x37
              text run at (0,0) width 20: "T"
          LayoutTextFragment (anonymous) at (0,0) size 0x0
        LayoutText {#text} at (19,15) size 764x220
          text run at (19,15) width 745: "his very long paragraph should have a big green first letter T. Dummy text. Dummy text. Dummy text. Dummy text."
          text run at (0,37) width 760: "Dummy text. Dummy text. Dummy text. Dummy text. Dummy text. Dummy text. Dummy text. Dummy text. Dummy"
          text run at (0,55) width 736: "text. Dummy text. Dummy text. Dummy text. Dummy text. Dummy text. Dummy text. Dummy text. Dummy text."
          text run at (0,73) width 760: "Dummy text. Dummy text. Dummy text. Dummy text. Dummy text. Dummy text. Dummy text. Dummy text. Dummy"
          text run at (0,91) width 736: "text. Dummy text. Dummy text. Dummy text. Dummy text. Dummy text. Dummy text. Dummy text. Dummy text."
          text run at (0,109) width 760: "Dummy text. Dummy text. Dummy text. Dummy text. Dummy text. Dummy text. Dummy text. Dummy text. Dummy"
          text run at (0,127) width 736: "text. Dummy text. Dummy text. Dummy text. Dummy text. Dummy text. Dummy text. Dummy text. Dummy text."
          text run at (0,145) width 760: "Dummy text. Dummy text. Dummy text. Dummy text. Dummy text. Dummy text. Dummy text. Dummy text. Dummy"
          text run at (0,163) width 736: "text. Dummy text. Dummy text. Dummy text. Dummy text. Dummy text. Dummy text. Dummy text. Dummy text."
          text run at (0,181) width 760: "Dummy text. Dummy text. Dummy text. Dummy text. Dummy text. Dummy text. Dummy text. Dummy text. Dummy"
          text run at (0,199) width 736: "text. Dummy text. Dummy text. Dummy text. Dummy text. Dummy text. Dummy text. Dummy text. Dummy text."
          text run at (0,217) width 527: "Dummy text. Dummy text. Dummy text. Dummy text. Dummy text. Dummy text."
