layer at (0,0) size 800x600
  LayoutView at (0,0) size 800x600
layer at (0,0) size 800x148
  LayoutBlockFlow {HTML} at (0,0) size 800x148
    LayoutBlockFlow {BODY} at (8,16) size 784x124
      LayoutBlockFlow {DIV} at (0,0) size 784x52
        LayoutBlockFlow {P} at (0,0) size 784x18
          LayoutText {#text} at (0,0) size 225x18
            text run at (0,0) width 225: "This paragraph should be unstyled."
        LayoutBlockFlow {DIV} at (0,34) size 784x18
          LayoutBlockFlow {P} at (0,0) size 784x18
            LayoutText {#text} at (0,0) size 225x18
              text run at (0,0) width 225: "This paragraph should be unstyled."
      LayoutTable {TABLE} at (0,68) size 318x56
        LayoutTableSection {TBODY} at (0,0) size 318x56
          LayoutTableRow {TR} at (0,2) size 318x52
            LayoutTableCell {TD} at (2,2) size 314x52 [r=0 c=0 rs=1 cs=1]
              LayoutBlockFlow {P} at (1,17) size 312x18 [bgcolor=#00FF00]
                LayoutText {#text} at (0,0) size 312x18
                  text run at (0,0) width 312: "This paragraph should have a green background."
