layer at (0,0) size 800x600
  LayoutView at (0,0) size 800x600
layer at (0,0) size 800x84
  LayoutBlockFlow {HTML} at (0,0) size 800x84 [color=#00FF00]
    LayoutBlockFlow {BODY} at (8,16) size 784x52
      LayoutBlockFlow {P} at (0,0) size 784x18 [color=#FF0000]
        LayoutInline {SPAN} at (0,0) size 473x18 [color=#00FF00]
          LayoutText {#text} at (0,0) size 473x18
            text run at (0,0) width 368: "This paragraph, and all textual contents in the document, "
            text run at (367,0) width 106: "should be green."
        LayoutText {#text} at (0,0) size 0x0
      LayoutBlockFlow {UL} at (0,34) size 784x18 [color=#FF0000]
        LayoutListItem {LI} at (40,0) size 744x18 [color=#00FF00]
          LayoutListMarker (anonymous) at (-17,0) size 7x18: bullet
          LayoutText {#text} at (0,0) size 171x18
            text run at (0,0) width 171: "This item should be green."
