layer at (0,0) size 800x600
  LayoutView at (0,0) size 800x600
layer at (0,0) size 800x118
  LayoutBlockFlow {HTML} at (0,0) size 800x118
    LayoutBlockFlow {BODY} at (8,16) size 784x86
      LayoutBlockFlow {DIV} at (0,0) size 784x86
        LayoutBlockFlow {P} at (0,0) size 784x18 [color=#00FF00]
          LayoutText {#text} at (0,0) size 291x18
            text run at (0,0) width 291: "This paragraph should be in green characters."
        LayoutBlockFlow {P} at (0,34) size 784x18 [color=#00FF00]
          LayoutText {#text} at (0,0) size 291x18
            text run at (0,0) width 291: "This paragraph should be in green characters."
        LayoutBlockFlow {P} at (0,68) size 784x18 [color=#FF0000]
          LayoutInline {SPAN} at (0,0) size 291x18 [color=#00FF00]
            LayoutText {#text} at (0,0) size 291x18
              text run at (0,0) width 291: "This paragraph should be in green characters."
          LayoutText {#text} at (0,0) size 0x0
