layer at (0,0) size 800x600
  LayoutView at (0,0) size 800x600
layer at (0,0) size 800x118
  LayoutBlockFlow {HTML} at (0,0) size 800x118
    LayoutBlockFlow {BODY} at (8,16) size 784x86
      LayoutBlockFlow {DIV} at (0,0) size 784x86
        LayoutBlockFlow {P} at (0,0) size 784x18 [bgcolor=#008000]
          LayoutText {#text} at (0,0) size 561x18
            text run at (0,0) width 390: "This paragraph should have a green background because the "
            text run at (389,0) width 172: "enclosing div is in english."
        LayoutBlockFlow {P} at (0,34) size 784x18 [bgcolor=#008000]
          LayoutText {#text} at (0,0) size 461x18
            text run at (0,0) width 367: "This paragraph should have a green background because "
            text run at (366,0) width 95: "it is in english."
        LayoutBlockFlow {DIV} at (0,68) size 784x18 [bgcolor=#FF0000]
          LayoutBlockFlow {P} at (0,0) size 784x18 [bgcolor=#008000]
            LayoutText {#text} at (0,0) size 461x18
              text run at (0,0) width 312: "This paragraph should have a green background "
              text run at (311,0) width 150: "because it is in english."
