layer at (0,0) size 800x600
  LayoutView at (0,0) size 800x600
layer at (0,0) size 800x76
  LayoutBlockFlow {HTML} at (0,0) size 800x76
    LayoutBlockFlow {BODY} at (8,8) size 784x52
      LayoutBlockFlow {DIV} at (0,0) size 784x18
        LayoutText {#text} at (0,0) size 157x18
          text run at (0,0) width 157: "This should be unstyled."
      LayoutBlockFlow {P} at (0,34) size 784x18 [bgcolor=#008000]
        LayoutText {#text} at (0,0) size 244x18
          text run at (0,0) width 244: "This should have a green background."
