layer at (0,0) size 800x600
  LayoutView at (0,0) size 800x600
layer at (0,0) size 800x124
  LayoutBlockFlow {HTML} at (0,0) size 800x124
    LayoutBlockFlow {BODY} at (8,16) size 784x92
      LayoutBlockFlow {P} at (0,0) size 784x92 [color=#008000]
        LayoutBR {BR} at (0,0) size 0x74
        LayoutText {#text} at (0,74) size 166x18
          text run at (0,74) width 166: "This line should be green."
