layer at (0,0) size 800x600
  LayoutView at (0,0) size 800x600
layer at (0,0) size 800x136
  LayoutBlockFlow {HTML} at (0,0) size 800x136
    LayoutBlockFlow {BODY} at (8,8) size 784x120
      LayoutBlockFlow {DIV} at (0,0) size 784x120
        LayoutBlockFlow {ADDRESS} at (16,0) size 768x18 [bgcolor=#00FF00]
          LayoutText {#text} at (0,0) size 334x18
            text run at (0,0) width 334: "A first address that should have a green background"
        LayoutBlockFlow {ADDRESS} at (16,34) size 768x18 [bgcolor=#00FF00]
          LayoutText {#text} at (0,0) size 353x18
            text run at (0,0) width 353: "A second address that should have a green background"
        LayoutBlockFlow {ADDRESS} at (16,68) size 768x18
          LayoutText {#text} at (0,0) size 260x18
            text run at (0,0) width 260: "A third address with normal background"
        LayoutBlockFlow (anonymous) at (0,102) size 784x18
          LayoutText {#text} at (0,0) size 295x18
            text run at (0,0) width 295: "This div should have three addresses above it."
