layer at (0,0) size 800x600
  LayoutView at (0,0) size 800x600
layer at (0,0) size 800x600
  LayoutBlockFlow {HTML} at (0,0) size 800x600
    LayoutBlockFlow {BODY} at (8,8) size 784x576
      LayoutBlockFlow {P} at (0,0) size 784x40
        LayoutText {#text} at (0,0) size 51x19
          text run at (0,0) width 51: "Test for "
        LayoutInline {I} at (0,0) size 728x39
          LayoutInline {A} at (0,0) size 301x19 [color=#0000EE]
            LayoutText {#text} at (51,0) size 301x19
              text run at (51,0) width 301: "http://bugs.webkit.org/show_bug.cgi?id=12910"
          LayoutText {#text} at (352,0) size 728x39
            text run at (352,0) width 4: " "
            text run at (356,0) width 372: "REGRESSION (r18756-r18765): list-bullet doesn't redraw"
            text run at (0,20) width 368: "properly when changing the list's content using JavaScript"
        LayoutText {#text} at (368,20) size 4x19
          text run at (368,20) width 4: "."
      LayoutBlockFlow {UL} at (0,56) size 784x20
        LayoutListItem {LI} at (40,0) size 744x20
          LayoutBlockFlow (anonymous) at (0,0) size 744x20
            LayoutListMarker (anonymous) at (-18,0) size 7x19: bullet
            LayoutText {#text} at (0,0) size 21x19
              text run at (0,0) width 21: "foo"
          LayoutBlockFlow {DIV} at (10,30) size 724x0
      LayoutBlockFlow {UL} at (0,92) size 784x20
        LayoutListItem {LI} at (40,0) size 744x20
          LayoutBlockFlow (anonymous) at (0,0) size 744x20
            LayoutListMarker (anonymous) at (-1,0) size 7x19: bullet
            LayoutText {#text} at (22,0) size 20x19
              text run at (22,0) width 20: "bar"
          LayoutBlockFlow {DIV} at (10,30) size 724x0
      LayoutBlockFlow {UL} at (0,128) size 784x20
        LayoutListItem {LI} at (0,0) size 744x20
          LayoutBlockFlow (anonymous) at (0,0) size 744x20
            LayoutListMarker (anonymous) at (755,0) size 7x19: bullet
            LayoutText {#text} at (723,0) size 21x19
              text run at (723,0) width 21: "foo"
          LayoutBlockFlow {DIV} at (10,30) size 724x0
      LayoutBlockFlow {UL} at (0,164) size 784x20
        LayoutListItem {LI} at (0,0) size 744x20
          LayoutBlockFlow (anonymous) at (0,0) size 744x20
            LayoutListMarker (anonymous) at (738,0) size 7x19: bullet
            LayoutText {#text} at (702,0) size 20x19
              text run at (702,0) width 20: "bar"
          LayoutBlockFlow {DIV} at (10,30) size 724x0
