layer at (0,0) size 800x600
  LayoutView at (0,0) size 800x600
layer at (0,0) size 800x600
  LayoutBlockFlow {HTML} at (0,0) size 800x600
    LayoutBlockFlow {BODY} at (8,8) size 784x584
      LayoutBlockFlow {DIV} at (0,0) size 784x59 [border: (2px solid #FF0000)]
        LayoutText {#text} at (2,37) size 147x19
          text run at (2,37) width 147: "This image has a margin "
        LayoutImage {IMG} at (198.70,2) size 50x50 [bgcolor=#008000]
        LayoutText {#text} at (298,37) size 35x19
          text run at (298,37) width 35: " on it."
