layer at (0,0) size 800x600
  LayoutView at (0,0) size 800x600
layer at (0,0) size 800x600
  LayoutBlockFlow {HTML} at (0,0) size 800x600
    LayoutBlockFlow {BODY} at (8,8) size 784x584
      LayoutText {#text} at (0,0) size 42x19
        text run at (0,0) width 42: "Line 1 "
      LayoutInline {SPAN} at (0,0) size 42x19
        LayoutText {#text} at (0,0) size 0x0
        LayoutInline {SPAN} at (0,0) size 38x19
          LayoutText {#text} at (42,2) size 38x19
            text run at (42,2) width 38: "Line 2"
        LayoutText {#text} at (80,0) size 4x19
          text run at (80,0) width 4: " "
      LayoutText {#text} at (84,0) size 38x19
        text run at (84,0) width 38: "Line 3"
