layer at (0,0) size 800x600
  LayoutView at (0,0) size 800x600
layer at (0,0) size 800x108
  LayoutBlockFlow {HTML} at (0,0) size 800x108
    LayoutBlockFlow {BODY} at (8,16) size 784x76
      LayoutBlockFlow {P} at (0,0) size 784x40
        LayoutInline {SPAN} at (0,0) size 445x39
          LayoutBR {BR} at (0,0) size 0x19
          LayoutText {#text} at (0,20) size 445x19
            text run at (0,20) width 445: "There shouldn\x{2019}t be a black dot or line above the first letter of this sentence"
        LayoutText {#text} at (444,20) size 5x19
          text run at (444,20) width 5: "."
      LayoutBlockFlow {P} at (0,56) size 784x20
        LayoutText {#text} at (0,0) size 50x19
          text run at (0,0) width 50: "Test for "
        LayoutInline {I} at (0,0) size 658x19
          LayoutInline {A} at (0,0) size 306x19 [color=#0000EE]
            LayoutText {#text} at (49,0) size 306x19
              text run at (49,0) width 306: "http://bugs.webkit.org/show_bug.cgi?id=14245"
          LayoutText {#text} at (354,0) size 353x19
            text run at (354,0) width 5: " "
            text run at (358,0) width 349: "Underline painted under <br>, not repainted properly"
        LayoutText {#text} at (706,0) size 5x19
          text run at (706,0) width 5: "."
