layer at (0,0) size 800x600
  LayoutView at (0,0) size 800x600
layer at (0,0) size 800x320
  LayoutBlockFlow {HTML} at (0,0) size 800x320
    LayoutBlockFlow {BODY} at (8,16) size 784x288
      LayoutBlockFlow {P} at (0,0) size 784x20
        LayoutText {#text} at (0,0) size 305x19
          text run at (0,0) width 305: "This should be an unobscured fuzzy green polygon:"
      LayoutBlockFlow {DIV} at (0,36) size 784x100
        LayoutBlockFlow (anonymous) at (0,0) size 784x50
        LayoutBlockFlow (anonymous) at (0,50) size 784x50
          LayoutText {#text} at (0,0) size 0x0
      LayoutBlockFlow {P} at (0,152) size 784x20
        LayoutText {#text} at (0,0) size 147x19
          text run at (0,0) width 147: "This is just for reference:"
      LayoutBlockFlow {DIV} at (0,188) size 784x100
        LayoutBlockFlow (anonymous) at (0,0) size 784x50
          LayoutInline {SPAN} at (0,0) size 160x50 [bgcolor=#FFFFFF]
            LayoutText {#text} at (0,0) size 50x50
              text run at (0,0) width 50: " "
            LayoutInline {SPAN} at (0,0) size 110x50
              LayoutText {#text} at (60,0) size 100x50
                text run at (60,0) width 50: " "
                text run at (110,0) width 50: " "
        LayoutBlockFlow (anonymous) at (0,50) size 784x0
          LayoutBlockFlow {DIV} at (0,0) size 784x0
        LayoutBlockFlow (anonymous) at (0,50) size 784x50
          LayoutInline {SPAN} at (0,0) size 60x50 [bgcolor=#FFFFFF]
            LayoutInline {SPAN} at (0,0) size 60x50
              LayoutText {#text} at (0,0) size 50x50
                text run at (0,0) width 50: " "
            LayoutText {#text} at (0,0) size 0x0
          LayoutText {#text} at (0,0) size 0x0
layer at (8,52) size 160x50
  LayoutInline (relative positioned) {SPAN} at (0,0) size 160x50 [bgcolor=#FFFFFF]
    LayoutText {#text} at (0,0) size 50x50
      text run at (0,0) width 50: " "
    LayoutInline {SPAN} at (0,0) size 110x50
      LayoutText {#text} at (60,0) size 100x50
        text run at (60,0) width 50: " "
        text run at (110,0) width 50: " "
layer at (8,102) size 784x0
  LayoutBlockFlow (anonymous) (relative positioned) at (0,50) size 784x0
    LayoutBlockFlow {DIV} at (0,0) size 784x0
layer at (8,102) size 60x50
  LayoutInline (relative positioned) {SPAN} at (0,0) size 60x50 [bgcolor=#FFFFFF]
    LayoutInline {SPAN} at (0,0) size 60x50
      LayoutText {#text} at (0,0) size 50x50
        text run at (0,0) width 50: " "
    LayoutText {#text} at (0,0) size 0x0
