layer at (0,0) size 800x600
  LayoutView at (0,0) size 800x600
layer at (0,0) size 800x600
  LayoutBlockFlow {HTML} at (0,0) size 800x600
    LayoutBlockFlow {BODY} at (8,8) size 784x584
      LayoutBlockFlow {DIV} at (0,0) size 784x40
        LayoutText {#text} at (0,0) size 757x39
          text run at (0,0) width 757: "This is currently broken, and this text will have to be updated once it is fixed. There should be two boxes below, but right now,"
          text run at (0,20) width 101: "there is only one:"
      LayoutBlockFlow (anonymous) at (0,40) size 784x20
        LayoutInline {A} at (0,0) size 15x25 [color=#0000EE] [border: (3px solid #0000EE)]
          LayoutText {#text} at (0,0) size 0x0
        LayoutText {#text} at (0,0) size 0x0
        LayoutInline {A} at (0,0) size 26x25 [color=#0000EE] [border: (3px solid #0000EE)]
          LayoutText {#text} at (23,0) size 11x19
            text run at (23,0) width 11: "A"
        LayoutText {#text} at (0,0) size 0x0
