layer at (0,0) size 800x600
  LayoutView at (0,0) size 800x600
layer at (0,0) size 800x600
  LayoutBlockFlow {HTML} at (0,0) size 800x600
    LayoutBlockFlow {BODY} at (8,8) size 784x576
      LayoutBlockFlow {DIV} at (0,0) size 784x20
        LayoutText {#text} at (0,0) size 428x19
          text run at (0,0) width 428: "This test demonstrates our behavior regarding empty inlines in list items."
      LayoutBlockFlow {UL} at (0,36) size 784x100
        LayoutListItem {LI} at (40,0) size 744x20
          LayoutListMarker (anonymous) at (-18,0) size 7x19: bullet
          LayoutInline {SPAN} at (0,0) size 4x23 [border: (2px solid #FF0000)]
        LayoutListItem {LI} at (40,20) size 744x20
          LayoutListMarker (anonymous) at (-18,0) size 7x19: bullet
          LayoutInline {SPAN} at (0,0) size 8x27 [border: (2px solid #FF0000)]
          LayoutText {#text} at (8,0) size 26x19
            text run at (8,0) width 26: "Text"
        LayoutListItem {LI} at (40,40) size 744x20
          LayoutListMarker (anonymous) at (-18,0) size 7x19: bullet
          LayoutText {#text} at (0,0) size 82x19
            text run at (0,0) width 82: "TextTextText "
          LayoutInline {SPAN} at (0,0) size 9x27 [border: (2px solid #FF0000)]
        LayoutBlockFlow (anonymous) at (40,60) size 744x20
          LayoutInline {SPAN} at (0,0) size 8x27 [border: (2px solid #FF0000)]
        LayoutListItem {LI} at (40,80) size 744x20
          LayoutListMarker (anonymous) at (-18,0) size 7x19: bullet
          LayoutText {#text} at (0,0) size 26x19
            text run at (0,0) width 26: "Text"
