layer at (0,0) size 800x600
  LayoutView at (0,0) size 800x600
layer at (0,0) size 800x58
  LayoutBlockFlow {HTML} at (0,0) size 800x58
    LayoutBlockFlow {BODY} at (8,8) size 784x42
      LayoutBlockFlow {DIV} at (0,0) size 322x42 [border: (1px solid #FF0000)]
        LayoutInline {SPAN} at (0,0) size 317x41 [border: (1px solid #008000)]
          LayoutText {#text} at (2,1) size 16x19
            text run at (2,1) width 16: "-- "
          LayoutInline {SPAN} at (0,0) size 317x39
            LayoutText {#text} at (18,1) size 16x19
              text run at (18,1) width 16: "-- "
            LayoutInline {SPAN} at (0,0) size 317x39
              LayoutText {#text} at (34,1) size 16x19
                text run at (34,1) width 16: "-- "
              LayoutInline {SPAN} at (0,0) size 317x39
                LayoutText {#text} at (50,1) size 16x19
                  text run at (50,1) width 16: "-- "
                LayoutInline {SPAN} at (0,0) size 317x39
                  LayoutText {#text} at (66,1) size 16x19
                    text run at (66,1) width 16: "-- "
                  LayoutInline {SPAN} at (0,0) size 317x39
                    LayoutText {#text} at (82,1) size 16x19
                      text run at (82,1) width 16: "-- "
                    LayoutInline {SPAN} at (0,0) size 317x39
                      LayoutText {#text} at (98,1) size 16x19
                        text run at (98,1) width 16: "-- "
                      LayoutInline {SPAN} at (0,0) size 317x39
                        LayoutText {#text} at (114,1) size 16x19
                          text run at (114,1) width 16: "-- "
                        LayoutInline {SPAN} at (0,0) size 317x39
                          LayoutText {#text} at (130,1) size 16x19
                            text run at (130,1) width 16: "-- "
                          LayoutInline {SPAN} at (0,0) size 317x39
                            LayoutText {#text} at (146,1) size 16x19
                              text run at (146,1) width 16: "-- "
                            LayoutInline {SPAN} at (0,0) size 317x39
                              LayoutText {#text} at (162,1) size 16x19
                                text run at (162,1) width 16: "-- "
                              LayoutInline {SPAN} at (0,0) size 317x39
                                LayoutText {#text} at (178,1) size 16x19
                                  text run at (178,1) width 16: "-- "
                                LayoutInline {SPAN} at (0,0) size 317x39
                                  LayoutText {#text} at (194,1) size 16x19
                                    text run at (194,1) width 16: "-- "
                                  LayoutInline {SPAN} at (0,0) size 317x39
                                    LayoutText {#text} at (210,1) size 16x19
                                      text run at (210,1) width 16: "-- "
                                    LayoutInline {SPAN} at (0,0) size 317x39
                                      LayoutText {#text} at (226,1) size 16x19
                                        text run at (226,1) width 16: "-- "
                                      LayoutInline {SPAN} at (0,0) size 317x39
                                        LayoutText {#text} at (242,1) size 16x19
                                          text run at (242,1) width 16: "-- "
                                        LayoutInline {SPAN} at (0,0) size 317x39
                                          LayoutText {#text} at (258,1) size 16x19
                                            text run at (258,1) width 16: "-- "
                                          LayoutInline {SPAN} at (0,0) size 317x39
                                            LayoutText {#text} at (274,1) size 16x19
                                              text run at (274,1) width 16: "-- "
                                            LayoutInline {SPAN} at (0,0) size 317x39
                                              LayoutText {#text} at (290,1) size 16x19
                                                text run at (290,1) width 16: "-- "
                                              LayoutInline {SPAN} at (0,0) size 317x39
                                                LayoutText {#text} at (306,1) size 12x19
                                                  text run at (306,1) width 12: "--"
                                                LayoutInline {SPAN} at (0,0) size 60x19
                                                  LayoutText {#text} at (1,21) size 16x19
                                                    text run at (1,21) width 16: "-- "
                                                  LayoutInline {SPAN} at (0,0) size 44x19
                                                    LayoutText {#text} at (17,21) size 16x19
                                                      text run at (17,21) width 16: "-- "
                                                    LayoutInline {SPAN} at (0,0) size 28x19
                                                      LayoutText {#text} at (33,21) size 16x19
                                                        text run at (33,21) width 16: "-- "
                                                      LayoutInline {SPAN} at (0,0) size 12x19
                                                        LayoutText {#text} at (49,21) size 12x19
                                                          text run at (49,21) width 12: "--"
        LayoutText {#text} at (0,0) size 0x0
