layer at (0,0) size 800x600 clip at (0,0) size 785x600 scrollHeight 720
  LayoutView at (0,0) size 800x600
layer at (0,0) size 785x720 backgroundClip at (0,0) size 785x600 clip at (0,0) size 785x600
  LayoutBlockFlow {HTML} at (0,0) size 785x720.16
    LayoutBlockFlow {BODY} at (8,16) size 769x696.16
      LayoutBlockFlow {P} at (0,0) size 769x40
        LayoutText {#text} at (0,0) size 740x39
          text run at (0,0) width 718: "There should be a SPAN in the middle of all four paragraphs that has padding, a green border, and a margin on the left, "
          text run at (717,0) width 23: "and"
          text run at (0,20) width 320: "padding, an orange border, and a margin on the right."
      LayoutBlockFlow {H1} at (0,56) size 769x20
        LayoutText {#text} at (0,0) size 88x19
          text run at (0,0) width 88: "Left-to-Right"
      LayoutBlockFlow {DIV} at (0,86.72) size 769x284 [border: (1px solid #000000)]
        LayoutBlockFlow {P} at (6,22) size 757x32
          LayoutText {#text} at (0,6) size 119x19
            text run at (0,6) width 119: "Lorem ipsum dolor "
          LayoutText {#text} at (336,6) size 313x19
            text run at (336,6) width 313: "adipisicing elit, sed do eiusmod tempor incididunt ut."
        LayoutBlockFlow {P} at (6,70) size 757x192
          LayoutText {#text} at (0,6) size 741x51
            text run at (0,6) width 559: "Lorem ipsum dolor sit amet, consectetur adipisicing elit, sed do eiusmod tempor incididunt ut "
            text run at (559,6) width 182: "labore et dolore magna aliqua."
            text run at (0,38) width 359: "Ut enim ad minim veniam, quis nostrud exercitation ullamco "
          LayoutText {#text} at (458,102) size 718x83
            text run at (458,102) width 260: "sit amet, consectetur adipisicing elit, sed do"
            text run at (0,134) width 277: "eiusmod tempor incididunt ut labore et dolore "
            text run at (277,134) width 441: "magna aliqua. Ut enim ad minim veniam, quis nostrud exercitation ullamco"
            text run at (0,166) width 125: "laboris nisi ut aliquip."
      LayoutBlockFlow {H1} at (0,381.44) size 769x20
        LayoutText {#text} at (0,0) size 88x19
          text run at (0,0) width 88: "Right-to-Left"
      LayoutBlockFlow {DIV} at (0,412.16) size 769x284 [border: (1px solid #000000)]
        LayoutBlockFlow {P} at (6,22) size 757x32
          LayoutText {#text} at (638,6) size 119x19
            text run at (638,6) width 119 RTL override: "Lorem ipsum dolor "
          LayoutText {#text} at (108,6) size 313x19
            text run at (108,6) width 313 RTL override: "adipisicing elit, sed do eiusmod tempor incididunt ut."
        LayoutBlockFlow {P} at (6,70) size 757x192
          LayoutText {#text} at (16,6) size 741x51
            text run at (16,6) width 182 RTL override: "labore et dolore magna aliqua."
            text run at (198,6) width 559 RTL override: "Lorem ipsum dolor sit amet, consectetur adipisicing elit, sed do eiusmod tempor incididunt ut "
            text run at (398,38) width 359 RTL override: "Ut enim ad minim veniam, quis nostrud exercitation ullamco "
          LayoutText {#text} at (39,102) size 718x83
            text run at (39,102) width 260 RTL override: "sit amet, consectetur adipisicing elit, sed do"
            text run at (39,134) width 441 RTL override: "magna aliqua. Ut enim ad minim veniam, quis nostrud exercitation ullamco"
            text run at (480,134) width 277 RTL override: "eiusmod tempor incididunt ut labore et dolore "
            text run at (632,166) width 125 RTL override: "laboris nisi ut aliquip."
layer at (14,125) size 182x21
  LayoutInline (relative positioned) {SPAN} at (0,0) size 182x21 [border: (1px solid #0000FF) (10px solid #FFA500) (1px solid #0000FF) (10px solid #008000)]
    LayoutText {#text} at (164,6) size 127x19
      text run at (164,6) width 127: "sit amet, consectetur "
layer at (14,173) size 755x85
  LayoutInline (relative positioned) {SPAN} at (0,0) size 755x85 [border: (1px solid #0000FF) (10px solid #FFA500) (1px solid #0000FF) (10px solid #008000)]
    LayoutText {#text} at (404,38) size 755x83
      text run at (404,38) width 351: "laboris nisi ut aliquip ex ea commodo consequat. Duis aute"
      text run at (0,70) width 179: "irure dolor in reprehenderit in "
      text run at (179,70) width 543: "voluptate velit esse cillum dolore eu fugiat nulla pariatur. Excepteur sint occaecat cupidatat "
      text run at (721,70) width 23: "non"
      text run at (0,102) width 414: "proident, sunt in culpa qui officia deserunt mollit anim id est laborum. "
layer at (14,450) size 182x21
  LayoutInline (relative positioned) {SPAN} at (0,0) size 182x21 [border: (1px solid #0000FF) (10px solid #FFA500) (1px solid #0000FF) (10px solid #008000)]
    LayoutText {#text} at (466,6) size 127x19
      text run at (466,6) width 127 RTL override: "sit amet, consectetur "
layer at (14,498) size 755x85
  LayoutInline (relative positioned) {SPAN} at (0,0) size 755x85 [border: (1px solid #0000FF) (10px solid #FFA500) (1px solid #0000FF) (10px solid #008000)]
    LayoutText {#text} at (2,38) size 755x83
      text run at (2,38) width 351 RTL override: "laboris nisi ut aliquip ex ea commodo consequat. Duis aute"
      text run at (13,70) width 23 RTL override: "non"
      text run at (35,70) width 543 RTL override: "voluptate velit esse cillum dolore eu fugiat nulla pariatur. Excepteur sint occaecat cupidatat "
      text run at (578,70) width 179 RTL override: "irure dolor in reprehenderit in "
      text run at (343,102) width 414 RTL override: "proident, sunt in culpa qui officia deserunt mollit anim id est laborum. "
