layer at (0,0) size 800x600
  LayoutView at (0,0) size 800x600
layer at (0,0) size 800x592
  LayoutBlockFlow {HTML} at (0,0) size 800x591.59
    LayoutBlockFlow {BODY} at (8,21.44) size 784x378.25
      LayoutBlockFlow {H1} at (0,0) size 784x37 [color=#990000]
        LayoutText {#text} at (0,0) size 696x36
          text run at (0,0) width 696: "Webkit background image positioning on RTL text"
      LayoutBlockFlow {H2} at (0,58.44) size 784x27
        LayoutText {#text} at (0,0) size 262x26
          text run at (0,0) width 262: "Behaviour within <p> tag"
      LayoutBlockFlow (floating) {DIV} at (0,105.34) size 318x224 [bgcolor=#DDDDDD]
        LayoutBlockFlow {P} at (6,22) size 306x180
          LayoutText {#text} at (40,0) size 259x179
            text run at (40,0) width 242: "Lorem ipsum dolor sit amet, consectetur"
            text run at (40,20) width 88: "adipiscing elit. "
            text run at (128,20) width 169: "Nam mollis, elit eu vulputate"
            text run at (40,40) width 233: "ornare, est urna congue felis, id auctor "
            text run at (273,40) width 26: "arcu"
            text run at (40,60) width 256: "odio imperdiet nulla. Cras viverra interdum"
            text run at (40,80) width 77: "diam blandit "
            text run at (117,80) width 175: "adipiscing. Aliquam erat felis,"
            text run at (40,100) width 173: "iaculis sit amet rhoncus quis, "
            text run at (213,100) width 80: "condimentum"
            text run at (40,120) width 233: "at nisl. Duis malesuada quam vel augue"
            text run at (40,140) width 97: "hendrerit porta. "
            text run at (137,140) width 132: "Nulla vitae elementum"
            text run at (40,160) width 43: "mauris."
      LayoutBlockFlow (floating) {DIV} at (332,105.34) size 318x124 [bgcolor=#DDDDDD]
        LayoutBlockFlow {P} at (6,22) size 306x80
          LayoutText {#text} at (11,0) size 255x79
            text run at (11,0) width 255 RTL: "\x{5D4}\x{5D5}\x{5D1}\x{5DC}\x{5EA} \x{5D3}\x{5D9}\x{5E8}\x{5D5}\x{5EA} \x{5D1}\x{5DB}\x{5DC} \x{5D4}\x{5D0}\x{5E8}\x{5E5} \x{5E9}\x{5D9}\x{5E8}\x{5D5}\x{5EA}, \x{5D0}\x{5D9}\x{5DB}\x{5D5}\x{5EA} \x{5D5}\x{5DE}\x{5D7}\x{5D9}\x{5E8}\x{5D9}\x{5DD}"
            text run at (28,20) width 238 RTL: "\x{5DC}\x{5DC}\x{5D0} \x{5EA}\x{5D7}\x{5E8}\x{5D5}\x{5EA} \x{5D4}\x{5D5}\x{5D1}\x{5DC}\x{5EA} \x{5D3}\x{5D9}\x{5E8}\x{5D5}\x{5EA} \x{5D1}\x{5DB}\x{5DC} \x{5D4}\x{5D0}\x{5E8}\x{5E5} \x{5E9}\x{5D9}\x{5E8}\x{5D5}\x{5EA},"
            text run at (23,40) width 243 RTL: "\x{5D0}\x{5D9}\x{5DB}\x{5D5}\x{5EA} \x{5D5}\x{5DE}\x{5D7}\x{5D9}\x{5E8}\x{5D9}\x{5DD} \x{5DC}\x{5DC}\x{5D0} \x{5EA}\x{5D7}\x{5E8}\x{5D5}\x{5EA} \x{5D4}\x{5D5}\x{5D1}\x{5DC}\x{5EA} \x{5D3}\x{5D9}\x{5E8}\x{5D5}\x{5EA} \x{5D1}\x{5DB}\x{5DC}"
            text run at (43,60) width 223 RTL: "\x{5D4}\x{5D0}\x{5E8}\x{5E5} \x{5E9}\x{5D9}\x{5E8}\x{5D5}\x{5EA}, \x{5D0}\x{5D9}\x{5DB}\x{5D5}\x{5EA} \x{5D5}\x{5DE}\x{5D7}\x{5D9}\x{5E8}\x{5D9}\x{5DD} \x{5DC}\x{5DC}\x{5D0} \x{5EA}\x{5D7}\x{5E8}\x{5D5}\x{5EA}"
      LayoutBlockFlow {HR} at (0,329.34) size 784x2 [border: (1px inset #EEEEEE)]
      LayoutBlockFlow {H2} at (0,351.25) size 784x27
        LayoutText {#text} at (0,0) size 261x26
          text run at (0,0) width 261: "Behaviour within <a> tag"
      LayoutBlockFlow (floating) {DIV} at (0,398.16) size 318x172 [bgcolor=#DDDDDD]
        LayoutInline {A} at (0,0) size 304x159 [color=#0000EE]
          LayoutText {#text} at (46,6) size 304x159
            text run at (46,6) width 242: "Lorem ipsum dolor sit amet, consectetur"
            text run at (6,26) width 304: "adipiscing elit. Nam mollis, elit eu vulputate ornare,"
            text run at (6,46) width 98: "est urna congue "
            text run at (104,46) width 205: "felis, id auctor arcu odio imperdiet"
            text run at (6,66) width 202: "nulla. Cras viverra interdum diam "
            text run at (208,66) width 40: "blandit"
            text run at (6,86) width 265: "adipiscing. Aliquam erat felis, iaculis sit amet"
            text run at (6,106) width 83: "rhoncus quis, "
            text run at (89,106) width 220: "condimentum at nisl. Duis malesuada"
            text run at (6,126) width 194: "quam vel augue hendrerit porta. "
            text run at (200,126) width 64: "Nulla vitae"
            text run at (6,146) width 111: "elementum mauris."
        LayoutText {#text} at (0,0) size 0x0
      LayoutBlockFlow (floating) {DIV} at (332,398.16) size 318x92 [bgcolor=#DDDDDD]
        LayoutInline {A} at (0,0) size 295x79 [color=#0000EE]
          LayoutText {#text} at (17,6) size 295x79
            text run at (17,6) width 255 RTL: "\x{5D4}\x{5D5}\x{5D1}\x{5DC}\x{5EA} \x{5D3}\x{5D9}\x{5E8}\x{5D5}\x{5EA} \x{5D1}\x{5DB}\x{5DC} \x{5D4}\x{5D0}\x{5E8}\x{5E5} \x{5E9}\x{5D9}\x{5E8}\x{5D5}\x{5EA}, \x{5D0}\x{5D9}\x{5DB}\x{5D5}\x{5EA} \x{5D5}\x{5DE}\x{5D7}\x{5D9}\x{5E8}\x{5D9}\x{5DD}"
            text run at (39,26) width 273 RTL: "\x{5DC}\x{5DC}\x{5D0} \x{5EA}\x{5D7}\x{5E8}\x{5D5}\x{5EA} \x{5D4}\x{5D5}\x{5D1}\x{5DC}\x{5EA} \x{5D3}\x{5D9}\x{5E8}\x{5D5}\x{5EA} \x{5D1}\x{5DB}\x{5DC} \x{5D4}\x{5D0}\x{5E8}\x{5E5} \x{5E9}\x{5D9}\x{5E8}\x{5D5}\x{5EA}, \x{5D0}\x{5D9}\x{5DB}\x{5D5}\x{5EA}"
            text run at (26,46) width 286 RTL: "\x{5D5}\x{5DE}\x{5D7}\x{5D9}\x{5E8}\x{5D9}\x{5DD} \x{5DC}\x{5DC}\x{5D0} \x{5EA}\x{5D7}\x{5E8}\x{5D5}\x{5EA} \x{5D4}\x{5D5}\x{5D1}\x{5DC}\x{5EA} \x{5D3}\x{5D9}\x{5E8}\x{5D5}\x{5EA} \x{5D1}\x{5DB}\x{5DC} \x{5D4}\x{5D0}\x{5E8}\x{5E5} \x{5E9}\x{5D9}\x{5E8}\x{5D5}\x{5EA},"
            text run at (167,66) width 145 RTL: "\x{5D0}\x{5D9}\x{5DB}\x{5D5}\x{5EA} \x{5D5}\x{5DE}\x{5D7}\x{5D9}\x{5E8}\x{5D9}\x{5DD} \x{5DC}\x{5DC}\x{5D0} \x{5EA}\x{5D7}\x{5E8}\x{5D5}\x{5EA}"
        LayoutText {#text} at (0,0) size 0x0
