layer at (0,0) size 800x600 scrollWidth 909
  LayoutView at (0,0) size 800x600
layer at (0,0) size 800x600
  LayoutBlockFlow {HTML} at (0,0) size 800x600
    LayoutBlockFlow {BODY} at (8,8) size 800x584
      LayoutBlockFlow {DIV} at (0,0) size 800x0
      LayoutBlockFlow {DIV} at (0,0) size 800x0
      LayoutBlockFlow {DIV} at (0,0) size 800x0
      LayoutBlockFlow {DIV} at (0,0) size 800x0
      LayoutBlockFlow {DIV} at (0,0) size 800x0
      LayoutBlockFlow {DIV} at (0,0) size 800x0
      LayoutBlockFlow {DIV} at (0,0) size 800x0
      LayoutBlockFlow {DIV} at (0,0) size 800x0
layer at (149,562) size 259x28
  LayoutBlockFlow (positioned) {FONT} at (149.44,562) size 258.56x28
    LayoutText {#text} at (0,0) size 259x27
      text run at (0,0) width 259: "RTL-Center-Aligned"
layer at (-93,466) size 101x84 backgroundClip at (0,0) size 800x600 clip at (0,0) size 800x600
  LayoutBlockFlow (positioned) {FONT} at (-93,466) size 101x84
    LayoutText {#text} at (0,0) size 101x83
      text run at (0,0) width 60: "RTL-"
      text run at (0,28) width 64: "Left-"
      text run at (0,56) width 101: "Aligned"
layer at (568,472) size 240x28 backgroundClip at (0,0) size 800x600 clip at (0,0) size 800x600
  LayoutBlockFlow (positioned) {FONT} at (567.64,472) size 240.36x28
    LayoutText {#text} at (0,0) size 241x27
      text run at (0,0) width 241: "RTL-Right-Aligned"
layer at (602,422) size 206x28 backgroundClip at (0,0) size 800x600 clip at (0,0) size 800x600
  LayoutBlockFlow (positioned) {FONT} at (602.44,422) size 205.56x28
    LayoutText {#text} at (0,0) size 206x27
      text run at (0,0) width 206: "RTL-No-Aligned"
layer at (408,372) size 258x28
  LayoutBlockFlow (positioned) {FONT} at (408,372) size 257.80x28
    LayoutText {#text} at (0,0) size 258x27
      text run at (0,0) width 258: "LTR-Center-Aligned"
layer at (8,322) size 224x28
  LayoutBlockFlow (positioned) {FONT} at (8,322) size 223.59x28
    LayoutText {#text} at (0,0) size 224x27
      text run at (0,0) width 224: "LTR-Left-Aligned"
layer at (808,216) size 101x84 backgroundClip at (0,0) size 800x600 clip at (0,0) size 800x600
  LayoutBlockFlow (positioned) {FONT} at (808,216) size 101x84
    LayoutText {#text} at (42,0) size 101x83
      text run at (42,0) width 59: "LTR-"
      text run at (21,28) width 80: "Right-"
      text run at (0,56) width 101: "Aligned"
layer at (8,222) size 205x28
  LayoutBlockFlow (positioned) {FONT} at (8,222) size 204.80x28
    LayoutText {#text} at (0,0) size 205x27
      text run at (0,0) width 205: "LTR-No-Aligned"
