layer at (0,0) size 800x600
  LayoutView at (0,0) size 800x600
layer at (0,0) size 800x300
  LayoutBlockFlow {HTML} at (0,0) size 800x300
    LayoutBlockFlow {BODY} at (8,8) size 784x284
      LayoutInline {FONT} at (0,0) size 431x261 [color=#008000] [border: (100px solid #FFFFFF) none]
        LayoutText {#text} at (0,0) size 0x0
        LayoutText {#text} at (0,0) size 0x0
        LayoutText {#text} at (0,0) size 0x0
      LayoutText {#text} at (0,0) size 0x0
      LayoutText {#text} at (0,0) size 0x0
layer at (58,8) size 181x137 clip at (59,108) size 179x36
  LayoutTextControl {TEXTAREA} at (50,0) size 181x137 [color=#FFFFFF] [bgcolor=#FFFFFF] [border: (100px solid #FFFFFF) (1px solid #FFFFFF)]
    LayoutBlockFlow {DIV} at (3,102) size 175x16
layer at (33,150) size 181x137 clip at (34,250) size 179x36
  LayoutTextControl {TEXTAREA} at (25,142) size 181x137 [color=#FFFFFF] [bgcolor=#FFFFFF] [border: (100px solid #FFFFFF) (1px solid #FFFFFF)]
    LayoutBlockFlow {DIV} at (3,102) size 175x16
layer at (8,8) size 450x155
  LayoutBlockFlow (positioned) {DIV} at (8,8) size 450x155 [bgcolor=#FFFFFF]
layer at (60,155) size 450x155
  LayoutBlockFlow (positioned) {DIV} at (60,155) size 450x155 [bgcolor=#FFFFFF]
layer at (0,16) size 384x20
  LayoutBlockFlow (positioned) {P} at (0,16) size 383.89x20
    LayoutText {#text} at (0,0) size 384x19
      text run at (0,0) width 384: "Test passes if the page renders a green box with open right side."
