layer at (0,0) size 800x600
  LayoutView at (0,0) size 800x600
layer at (0,0) size 800x131
  LayoutBlockFlow {HTML} at (0,0) size 800x131
    LayoutBlockFlow {BODY} at (8,8) size 784x115
      LayoutBlockFlow {DIV} at (0,10) size 100x100 [bgcolor=#FF0000]
      LayoutText {#text} at (100,95) size 4x19
        text run at (100,95) width 4: " "
      LayoutBlockFlow {DIV} at (-6,0) size 110x110 [bgcolor=#008000]
      LayoutText {#text} at (0,0) size 0x0
layer at (0,0) size 0x0
  LayoutBlockFlow (positioned) {LABEL} at (0,0) size 0x0
