layer at (0,0) size 800x600
  LayoutView at (0,0) size 800x600
layer at (0,0) size 800x600
  LayoutBlockFlow {HTML} at (0,0) size 800x600
    LayoutBlockFlow {BODY} at (8,10) size 784x580
layer at (18,10) size 764x102
  LayoutBlockFlow (relative positioned) {DIV} at (10,0) size 764x102 [border: (1px solid #000000)]
    LayoutText {#text} at (0,0) size 0x0
layer at (18,10) size 31x39
  LayoutInline (relative positioned) {SPAN} at (0,0) size 31x39 [bgcolor=#808080]
    LayoutBR {BR} at (1,1) size 0x19
    LayoutText {#text} at (1,21) size 31x19
      text run at (1,21) width 31: "again"
layer at (18,122) size 764x102
  LayoutBlockFlow (relative positioned) {DIV} at (10,112) size 764x102 [border: (1px solid #000000)]
    LayoutText {#text} at (0,0) size 0x0
layer at (18,122) size 0x19
  LayoutInline (relative positioned) {SPAN} at (0,0) size 0x19 [bgcolor=#808080]
    LayoutBR {BR} at (1,1) size 0x19
layer at (19,123) size 50x19
  LayoutImage (positioned) {IMG} at (1,1) size 50x19 [bgcolor=#0000FF]
layer at (18,234) size 764x102
  LayoutBlockFlow (relative positioned) {DIV} at (10,224) size 764x102 [border: (1px solid #000000)]
    LayoutText {#text} at (0,0) size 0x0
layer at (18,234) size 0x19
  LayoutInline (relative positioned) {SPAN} at (0,0) size 0x19 [bgcolor=#808080]
    LayoutText {#text} at (0,0) size 0x0
    LayoutBR {BR} at (1,1) size 0x19
layer at (19,235) size 50x19
  LayoutImage (positioned) {IMG} at (1,1) size 50x19 [bgcolor=#0000FF]
layer at (18,346) size 764x102
  LayoutBlockFlow (relative positioned) {DIV} at (10,336) size 764x102 [border: (1px solid #000000)]
    LayoutText {#text} at (0,0) size 0x0
layer at (18,346) size 0x39
  LayoutInline (relative positioned) {SPAN} at (0,0) size 0x39 [bgcolor=#808080]
    LayoutBR {BR} at (1,1) size 0x19
    LayoutBR {BR} at (1,21) size 0x19
layer at (19,347) size 50x39
  LayoutImage (positioned) {IMG} at (1,1) size 50x39 [bgcolor=#0000FF]
layer at (18,458) size 764x102
  LayoutBlockFlow (relative positioned) {DIV} at (10,448) size 764x102 [border: (1px solid #000000)]
    LayoutText {#text} at (0,0) size 0x0
layer at (18,458) size 0x79
  LayoutInline (relative positioned) {SPAN} at (0,0) size 0x79 [bgcolor=#808080]
    LayoutText {#text} at (0,0) size 0x0
    LayoutBR {BR} at (1,1) size 0x19
    LayoutBR {BR} at (1,21) size 0x19
    LayoutBR {BR} at (1,41) size 0x19
    LayoutBR {BR} at (1,61) size 0x19
layer at (19,459) size 50x79
  LayoutImage (positioned) {IMG} at (1,1) size 50x79 [bgcolor=#0000FF]
