layer at (0,0) size 800x600
  LayoutView at (0,0) size 800x600
layer at (0,0) size 800x210
  LayoutBlockFlow {HTML} at (0,0) size 800x210
    LayoutBlockFlow {BODY} at (8,16) size 784x186
      LayoutBlockFlow {P} at (0,0) size 784x20
        LayoutText {#text} at (0,0) size 335x19
          text run at (0,0) width 335: "Test pass if all lines have superscripts enclosed in a box."
      LayoutBlockFlow {DIV} at (0,36) size 784x50
        LayoutText {#text} at (0,-4) size 35x57
          text run at (0,-4) width 35: "A"
        LayoutInline {SPAN} at (0,0) size 20x30 [border: (1px solid #000000)]
          LayoutText {#text} at (36,-2) size 18x28
            text run at (36,-2) width 18: "A"
      LayoutBlockFlow {DIV} at (0,86) size 784x50
        LayoutText {#text} at (0,-4) size 35x57
          text run at (0,-4) width 35: "A"
        LayoutInline {SPAN} at (0,0) size 19x30 [border: (1px solid #000000)]
          LayoutText {#text} at (36,-2) size 17x28
            text run at (36,-2) width 17: "B"
      LayoutBlockFlow {DIV} at (0,136) size 784x50
        LayoutText {#text} at (0,-4) size 35x57
          text run at (0,-4) width 35: "A"
        LayoutInline {SPAN} at (0,0) size 27x30 [border: (1px solid #000000)]
          LayoutText {#text} at (36,-2) size 25x28
            text run at (36,-2) width 25: "\x{3042}"
