layer at (0,0) size 800x600
  LayoutView at (0,0) size 800x600
layer at (0,0) size 800x306
  LayoutBlockFlow {HTML} at (0,0) size 800x306
    LayoutBlockFlow {BODY} at (8,16) size 784x282
      LayoutBlockFlow {P} at (0,0) size 784x18
        LayoutText {#text} at (0,0) size 320x18
          text run at (0,0) width 320: "There must be two green boxes below and no red."
layer at (16,50) size 120x120
  LayoutBlockFlow (relative positioned) {DIV} at (8,34) size 120x120 [bgcolor=#008000]
layer at (26,60) size 32x60
  LayoutBlockFlow (positioned) {DIV} at (10,10) size 32x60 [bgcolor=#FF0000]
layer at (16,50) size 100x120
  LayoutBlockFlow (relative positioned) {DIV} at (0,0) size 100x120 [border: (10px solid #00000000)]
layer at (16,178) size 120x120
  LayoutBlockFlow (relative positioned) {DIV} at (8,162) size 120x120 [bgcolor=#008000]
layer at (16,178) size 100x120
  LayoutBlockFlow (relative positioned) {DIV} at (0,0) size 100x120 [border: (10px solid #00000000)]
layer at (26,188) size 32x60
  LayoutBlockFlow (positioned) {DIV} at (10,10) size 32x60
