layer at (0,0) size 800x600 clip at (0,0) size 785x585
  LayoutView at (0,0) size 800x600
layer at (0,0) size 785x273
  LayoutBlockFlow {HTML} at (0,0) size 785x273
layer at (8,8) size 769x257 clip at (8,8) size 754x242
  LayoutBlockFlow {BODY} at (8,8) size 769x257
    LayoutBlockFlow {P} at (0,16) size 754x18
      LayoutText {#text} at (0,0) size 678x18
        text run at (0,0) width 678: "Test passes if the blue and orange boxes below are the same height and there is no red visible on the page."
layer at (8,58) size 754x192
  LayoutBlockFlow (relative positioned) {DIV} at (0,50) size 754x192
layer at (8,58) size 192x192
  LayoutBlockFlow (relative positioned) {DIV} at (0,0) size 192x192 [bgcolor=#FF0000]
    LayoutInline {SPAN} at (0,0) size 192x192 [color=#0000FF]
      LayoutText {#text} at (0,0) size 192x192
        text run at (0,0) width 192: "XX"
        text run at (0,96) width 192: "XX"
    LayoutText {#text} at (0,0) size 0x0
layer at (200,58) size 192x192
  LayoutBlockFlow (positioned) {DIV} at (192,0) size 192x192 [bgcolor=#FFA500]
