layer at (0,0) size 800x600
  LayoutView at (0,0) size 800x600
layer at (0,0) size 800x322
  LayoutBlockFlow {HTML} at (0,0) size 800x322
    LayoutBlockFlow {BODY} at (8,16) size 784x258
      LayoutBlockFlow {P} at (0,0) size 784x18
        LayoutText {#text} at (0,0) size 271x18
          text run at (0,0) width 271: "Test passes if there is a blue square below."
layer at (8,82) size 784x192
  LayoutBlockFlow (relative positioned) {DIV} at (0,66) size 784x192
    LayoutBlockFlow {DIV} at (0,0) size 96x96 [bgcolor=#0000FF] [border: (48px solid #0000FF) none]
    LayoutBlockFlow {DIV} at (0,96) size 96x96 [bgcolor=#0000FF] [border: none (48px solid #0000FF) none]
layer at (104,82) size 96x192
  LayoutBlockFlow (positioned) {DIV} at (96,0) size 96x192 [bgcolor=#0000FF]
