layer at (0,0) size 800x600
  LayoutView at (0,0) size 800x600
layer at (0,0) size 800x82
  LayoutBlockFlow {HTML} at (0,0) size 800x82
    LayoutBlockFlow {BODY} at (8,8) size 784x66
      LayoutTable {TABLE} at (0,0) size 110x66 [border: (2px none #808080)]
        LayoutBlockFlow {CAPTION} at (0,0) size 110x26 [border: (4px solid #008000)]
          LayoutText {#text} at (31,4) size 48x18
            text run at (31,4) width 48: "caption"
        LayoutTableSection {TBODY} at (2,28) size 106x36
          LayoutTableRow {TR} at (0,0) size 106x36
            LayoutTableCell {TD} at (0,6) size 106x24 [border: (2px solid #FFA500)] [r=0 c=0 rs=1 cs=1]
              LayoutText {#text} at (35,3) size 36x18
                text run at (35,3) width 36: "cell 1"
