layer at (0,0) size 800x600
  LayoutView at (0,0) size 800x600
layer at (0,0) size 800x432
  LayoutBlockFlow {HTML} at (0,0) size 800x432
    LayoutBlockFlow {BODY} at (8,16) size 784x400
      LayoutBlockFlow {P} at (0,0) size 784x18 [color=#000080]
        LayoutText {#text} at (0,0) size 230x18
          text run at (0,0) width 230: "This sentence should be underlined."
      LayoutBlockFlow {P} at (0,34) size 784x18 [color=#000080]
        LayoutText {#text} at (0,0) size 222x18
          text run at (0,0) width 222: "This sentence should be overlined."
      LayoutBlockFlow {P} at (0,68) size 784x18 [color=#000080]
        LayoutText {#text} at (0,0) size 237x18
          text run at (0,0) width 237: "This sentence should be stricken out."
      LayoutBlockFlow {P} at (0,102) size 784x18 [color=#000080]
        LayoutText {#text} at (0,0) size 376x18
          text run at (0,0) width 376: "This sentence should be blinking (if the UA supports that)."
      LayoutBlockFlow {P} at (0,136) size 784x18 [color=#000080]
        LayoutText {#text} at (0,0) size 231x18
          text run at (0,0) width 231: "The sentence should be underlined. "
        LayoutInline {B} at (0,0) size 241x18
          LayoutText {#text} at (230,0) size 241x18
            text run at (230,0) width 241: "This sentence should be underlined"
        LayoutText {#text} at (470,0) size 5x18
          text run at (470,0) width 5: "."
      LayoutBlockFlow {P} at (0,170) size 784x18 [color=#000080]
        LayoutText {#text} at (0,0) size 322x18
          text run at (0,0) width 322: "This sentence should be underlined and overlined."
      LayoutBlockFlow {P} at (0,204) size 784x18 [color=#000080]
        LayoutText {#text} at (0,0) size 384x18
          text run at (0,0) width 384: "This sentence should be underlined, overlined, and stricken."
      LayoutBlockFlow {DIV} at (0,238) size 784x0 [color=#FF0000]
      LayoutBlockFlow {P} at (0,238) size 784x19 [color=#000080]
        LayoutText {#text} at (0,1) size 291x18
          text run at (0,1) width 291: "There should be no red at the end of this line."
        LayoutImage {IMG} at (290.14,0) size 15x15 [color=#FF0000]
        LayoutText {#text} at (305,1) size 5x18
          text run at (305,1) width 5: " "
      LayoutBlockFlow {P} at (0,273) size 784x39 [color=#000080]
        LayoutText {#text} at (0,3) size 204x18
          text run at (0,3) width 204: "The text of this sentence and all"
        LayoutInline {SPAN} at (0,0) size 5x18
          LayoutText {#text} at (203,3) size 5x18
            text run at (203,3) width 5: " "
        LayoutText {#text} at (207,3) size 16x18
          text run at (207,3) width 16: "its"
        LayoutInline {SPAN} at (0,0) size 5x18
          LayoutText {#text} at (222,3) size 5x18
            text run at (222,3) width 5: " "
        LayoutText {#text} at (226,3) size 315x18
          text run at (226,3) width 315: "spaces (including the space between the images) "
        LayoutImage {IMG} at (540.69,0) size 17x17 [color=#FF0000]
        LayoutText {#text} at (557,3) size 5x18
          text run at (557,3) width 5: " "
        LayoutImage {IMG} at (561.69,0) size 17x17 [color=#FF0000]
        LayoutText {#text} at (578,3) size 769x36
          text run at (578,3) width 5: " "
          text run at (582,3) width 187: "should be underlined, but the"
          text run at (0,21) width 172: "images themselves should "
        LayoutInline {EM} at (0,0) size 21x18
          LayoutText {#text} at (171,21) size 21x18
            text run at (171,21) width 21: "not"
        LayoutText {#text} at (191,21) size 97x18
          text run at (191,21) width 97: " be underlined."
      LayoutBlockFlow {P} at (0,328) size 784x37 [color=#000080]
        LayoutText {#text} at (0,0) size 577x18
          text run at (0,0) width 486: "This sentence should have a long blue underline including between the two "
          text run at (485,0) width 92: "arrows here\x{2192}"
        LayoutInline {SPAN} at (0,0) size 158x18 [color=#FFFFFF]
          LayoutText {#text} at (576,0) size 158x18
            text run at (576,0) width 158: " FAIL FAIL FAIL FAIL "
        LayoutText {#text} at (733,0) size 773x37
          text run at (733,0) width 40: "\x{2190}and"
          text run at (0,19) width 32: "here."
      LayoutBlockFlow {P} at (0,381) size 784x19 [color=#000080]
        LayoutText {#text} at (0,0) size 348x18
          text run at (0,0) width 348: "There should be a long blue underline between here\x{2192}"
        LayoutInline {SPAN} at (0,0) size 89x18
          LayoutText {#text} at (347,0) size 89x18
            text run at (347,0) width 89: "                      "
        LayoutText {#text} at (435,0) size 75x18
          text run at (435,0) width 75: "\x{2190}and here."
