layer at (0,0) size 800x600
  LayoutView at (0,0) size 800x600
layer at (0,0) size 800x158 layerType: background only
layer at (8,50) size 100x100
  LayoutBlockFlow (positioned) zI: -1 {DIV} at (8,50) size 100x100 [bgcolor=#FF0000]
layer at (0,0) size 800x158 layerType: foreground only
  LayoutBlockFlow {HTML} at (0,0) size 800x158
    LayoutBlockFlow {BODY} at (8,16) size 784x134
      LayoutBlockFlow {P} at (0,0) size 784x18
        LayoutText {#text} at (0,0) size 301x18
          text run at (0,0) width 301: "Test passes if there is a filled green square and "
        LayoutInline {STRONG} at (0,0) size 44x18
          LayoutText {#text} at (300,0) size 44x18
            text run at (300,0) width 44: "no red"
        LayoutText {#text} at (343,0) size 5x18
          text run at (343,0) width 5: "."
      LayoutTable {DIV} at (0,34) size 100x100 [bgcolor=#008000] [border: (25px solid #008000)]
