layer at (0,0) size 800x600
  LayoutView at (0,0) size 800x600
layer at (0,0) size 800x254
  LayoutBlockFlow {HTML} at (0,0) size 800x254
    LayoutBlockFlow {BODY} at (8,16) size 784x230
      LayoutBlockFlow {P} at (0,0) size 784x18
        LayoutText {#text} at (0,0) size 93x18
          text run at (0,0) width 93: "To pass, there "
        LayoutInline {STRONG} at (0,0) size 34x18
          LayoutText {#text} at (92,0) size 34x18
            text run at (92,0) width 34: "must"
        LayoutText {#text} at (125,0) size 280x18
          text run at (125,0) width 280: " be a green bar stacked on top of a blue bar."
      LayoutListItem {DIV} at (0,34) size 784x196 [color=#00FF00] [bgcolor=#00FF00]
        LayoutBlockFlow (anonymous) at (0,0) size 784x98
          LayoutListMarker (anonymous) at (-1,0) size 28x98: bullet
        LayoutBlockFlow {DIV} at (0,98) size 784x98 [bgcolor=#0000FF]
          LayoutText {#text} at (0,0) size 22x98
            text run at (0,0) width 22: " "
