layer at (0,0) size 800x600
  LayoutView at (0,0) size 800x600
layer at (0,0) size 800x50
  LayoutBlockFlow {HTML} at (0,0) size 800x50
    LayoutBlockFlow {BODY} at (8,16) size 784x18
      LayoutBlockFlow {P} at (0,0) size 784x18
        LayoutText {#text} at (0,0) size 443x18
          text run at (0,0) width 443: "Test passes if there is space between the blue and orange lines below."
layer at (8,50) size 340x340
  LayoutBlockFlow (positioned) {DIV} at (8,50) size 340x340 [border: (10px solid #0000FF)]
    LayoutTable {DIV} at (10,10) size 320x320
      LayoutBlockFlow {DIV} at (50,50) size 220x220 [border: (10px solid #FFA500)]
      LayoutTableSection (anonymous) at (0,320) size 320x0
        LayoutTableRow {DIV} at (0,0) size 320x0
          LayoutTableCell {DIV} at (0,0) size 320x0 [r=0 c=0 rs=1 cs=1]
