layer at (0,0) size 800x600
  LayoutView at (0,0) size 800x600
layer at (0,0) size 800x76
  LayoutBlockFlow {HTML} at (0,0) size 800x76
    LayoutBlockFlow {BODY} at (8,16) size 784x52
      LayoutBlockFlow {P} at (0,0) size 784x18
        LayoutText {#text} at (0,0) size 443x18
          text run at (0,0) width 443: "Test passes if there is space between the blue and orange lines below."
      LayoutBlockFlow (anonymous) at (0,34) size 784x18
        LayoutInline {DIV} at (0,0) size 187x18 [border: none (5px solid #0000FF) none (5px solid #0000FF)]
          LayoutText {#text} at (0,0) size 0x0
          LayoutInline {DIV} at (0,0) size 77x18 [border: none (5px solid #FFA500) none (5px solid #FFA500)]
            LayoutText {#text} at (60,0) size 67x18
              text run at (60,0) width 67: "Filler Text"
          LayoutText {#text} at (0,0) size 0x0
        LayoutText {#text} at (0,0) size 0x0
