layer at (0,0) size 800x600
  LayoutView at (0,0) size 800x600
layer at (0,0) size 800x50
  LayoutBlockFlow {HTML} at (0,0) size 800x50
    LayoutBlockFlow {BODY} at (8,16) size 784x18
      LayoutBlockFlow {P} at (0,0) size 784x18
        LayoutText {#text} at (0,0) size 443x18
          text run at (0,0) width 443: "Test passes if there is space between the blue and orange lines below."
layer at (8,50) size 340x344
  LayoutBlockFlow (positioned) {DIV} at (8,50) size 340x344 [border: (10px solid #0000FF)]
    LayoutBlockFlow {DIV} at (60,60) size 220x220 [border: (10px solid #FFA500)]
    LayoutText {#text} at (0,0) size 0x0
