layer at (0,0) size 800x600
  LayoutView at (0,0) size 800x600
layer at (0,0) size 800x68
  LayoutBlockFlow {HTML} at (0,0) size 800x68
    LayoutBlockFlow {BODY} at (8,16) size 784x36
      LayoutBlockFlow {P} at (0,0) size 784x36
        LayoutText {#text} at (0,0) size 771x36
          text run at (0,0) width 771: "Test passes if there is space between the blue and orange lines below and there is a marker bullet on the left-hand side of"
          text run at (0,18) width 100: "the orange box."
layer at (8,68) size 340x340
  LayoutBlockFlow (positioned) {DIV} at (8,68) size 340x340 [border: (10px solid #0000FF)]
    LayoutListItem {DIV} at (60,60) size 220x220 [border: (10px solid #FFA500)]
      LayoutListMarker (anonymous) at (-17,10) size 7x18: bullet
