layer at (0,0) size 800x600
  LayoutView at (0,0) size 800x600
layer at (0,0) size 800x168
  LayoutBlockFlow {HTML} at (0,0) size 800x168
    LayoutBlockFlow {BODY} at (8,16) size 784x144
      LayoutBlockFlow {P} at (0,0) size 784x18
        LayoutText {#text} at (0,0) size 230x18
          text run at (0,0) width 230: "Test passes if the box below is blue."
      LayoutBlockFlow (anonymous) at (0,34) size 784x110
        LayoutTable {DIV} at (0,14) size 96x96
          LayoutTableSection (anonymous) at (0,0) size 96x96
            LayoutTableRow {DIV} at (0,0) size 96x96
              LayoutTableCell {DIV} at (0,0) size 96x0 [r=0 c=0 rs=1 cs=1]
        LayoutText {#text} at (0,0) size 0x0
