layer at (0,0) size 800x600 scrollHeight 887
  LayoutView at (0,0) size 800x600
layer at (0,0) size 800x823 backgroundClip at (0,0) size 800x600 clip at (0,0) size 800x600
  LayoutBlockFlow {HTML} at (0,0) size 800x823
    LayoutBlockFlow {BODY} at (8,8) size 242x800 [border: (1px dashed #C0C0C0)]
      LayoutBlockFlow {P} at (1,17) size 240x48
        LayoutText {#text} at (0,-1) size 233x50
          text run at (0,-1) width 222: "The following six blue boxes must"
          text run at (0,15) width 233: "be of the same width. There must be"
          text run at (0,31) width 45: "no red."
      LayoutBlockFlow {P} at (17,81) size 208x48 [bgcolor=#008000] [border: (16px solid #0000FF)]
        LayoutText {#text} at (16,15) size 4x18
          text run at (16,15) width 4: " "
      LayoutBlockFlow {P} at (1,225) size 240x16
        LayoutText {#text} at (0,-1) size 24x18
          text run at (0,-1) width 24: "      "
        LayoutText {#text} at (0,0) size 0x0
      LayoutBlockFlow {P} at (1,337) size 240x16
      LayoutTable (anonymous) at (1,449) size 240x79
        LayoutTableSection (anonymous) at (0,0) size 240x79
          LayoutTableRow (anonymous) at (0,0) size 240x79
            LayoutTableCell {P} at (0,0) size 240x79 [r=0 c=0 rs=1 cs=1]
      LayoutTable {TABLE} at (1,624) size 240x79
        LayoutTableSection {TBODY} at (0,0) size 240x79
          LayoutTableRow {TR} at (0,0) size 240x79
            LayoutTableCell {TD} at (0,0) size 240x79 [r=0 c=0 rs=1 cs=1]
      LayoutBlockFlow (floating) {P} at (1,799) size 240x16
layer at (25,233) size 208x76
  LayoutEmbeddedObject {OBJECT} at (16,0) size 208x76 [bgcolor=#FF0000] [border: (16px solid #0000FF)]
    layer at (0,0) size 176x44
      LayoutView at (0,0) size 176x44
    layer at (0,0) size 176x44
      LayoutSVGRoot {svg} at (0,0) size 176x44
        LayoutSVGRect {rect} at (0,0) size 1000x250 [stroke={[type=SOLID] [color=#008000] [stroke width=12.00]}] [fill={[type=SOLID] [color=#00FF00]}] [x=0.00] [y=0.00] [width=1000.00] [height=250.00]
        LayoutSVGPath {path} at (150,50) size 700x150 [fill={[type=SOLID] [color=#008000]}] [data="M 500 50 L 150 200 L 850 200 Z"]
layer at (25,345) size 208x76
  LayoutEmbeddedObject {OBJECT} at (16,0) size 208x76 [bgcolor=#FF0000] [border: (16px solid #0000FF)]
    layer at (0,0) size 176x44
      LayoutView at (0,0) size 176x44
    layer at (0,0) size 176x44
      LayoutSVGRoot {svg} at (0,0) size 176x44
        LayoutSVGRect {rect} at (0,0) size 1000x250 [stroke={[type=SOLID] [color=#008000] [stroke width=12.00]}] [fill={[type=SOLID] [color=#00FF00]}] [x=0.00] [y=0.00] [width=1000.00] [height=250.00]
        LayoutSVGPath {path} at (150,50) size 700x150 [fill={[type=SOLID] [color=#008000]}] [data="M 500 50 L 150 200 L 850 200 Z"]
layer at (25,457) size 208x76
  LayoutEmbeddedObject {OBJECT} at (16,0) size 208x76 [bgcolor=#FF0000] [border: (16px solid #0000FF)]
    layer at (0,0) size 176x44
      LayoutView at (0,0) size 176x44
    layer at (0,0) size 176x44
      LayoutSVGRoot {svg} at (0,0) size 176x44
        LayoutSVGRect {rect} at (0,0) size 1000x250 [stroke={[type=SOLID] [color=#008000] [stroke width=12.00]}] [fill={[type=SOLID] [color=#00FF00]}] [x=0.00] [y=0.00] [width=1000.00] [height=250.00]
        LayoutSVGPath {path} at (150,50) size 700x150 [fill={[type=SOLID] [color=#008000]}] [data="M 500 50 L 150 200 L 850 200 Z"]
layer at (25,632) size 208x76 backgroundClip at (0,0) size 800x600 clip at (0,0) size 800x600
  LayoutEmbeddedObject {OBJECT} at (16,0) size 208x76 [bgcolor=#FF0000] [border: (16px solid #0000FF)]
    layer at (0,0) size 176x44
      LayoutView at (0,0) size 176x44
    layer at (0,0) size 176x44
      LayoutSVGRoot {svg} at (0,0) size 176x44
        LayoutSVGRect {rect} at (0,0) size 1000x250 [stroke={[type=SOLID] [color=#008000] [stroke width=12.00]}] [fill={[type=SOLID] [color=#00FF00]}] [x=0.00] [y=0.00] [width=1000.00] [height=250.00]
        LayoutSVGPath {path} at (150,50) size 700x150 [fill={[type=SOLID] [color=#008000]}] [data="M 500 50 L 150 200 L 850 200 Z"]
layer at (25,807) size 208x76 backgroundClip at (0,0) size 800x600 clip at (0,0) size 800x600
  LayoutEmbeddedObject {OBJECT} at (16,0) size 208x76 [bgcolor=#FF0000] [border: (16px solid #0000FF)]
    layer at (0,0) size 176x44
      LayoutView at (0,0) size 176x44
    layer at (0,0) size 176x44
      LayoutSVGRoot {svg} at (0,0) size 176x44
        LayoutSVGRect {rect} at (0,0) size 1000x250 [stroke={[type=SOLID] [color=#008000] [stroke width=12.00]}] [fill={[type=SOLID] [color=#00FF00]}] [x=0.00] [y=0.00] [width=1000.00] [height=250.00]
        LayoutSVGPath {path} at (150,50) size 700x150 [fill={[type=SOLID] [color=#008000]}] [data="M 500 50 L 150 200 L 850 200 Z"]
