layer at (0,0) size 800x600
  LayoutView at (0,0) size 800x600
layer at (0,0) size 800x84
  LayoutBlockFlow {HTML} at (0,0) size 800x84
    LayoutBlockFlow {BODY} at (8,16) size 784x60
      LayoutBlockFlow {P} at (0,0) size 784x18
        LayoutText {#text} at (0,0) size 431x18
          text run at (0,0) width 431: "Test passes if the \"Filler Text\" below is on the right side of the box."
      LayoutTable {TABLE} at (0,34) size 202x26
        LayoutBlockFlow {CAPTION} at (0,0) size 202x20 [border: (1px solid #000000)]
          LayoutText {#text} at (134,1) size 67x18
            text run at (134,1) width 67: "Filler Text"
        LayoutTableSection {TBODY} at (0,20) size 202x6
          LayoutTableRow {TR} at (0,2) size 202x2
            LayoutTableCell {TD} at (2,2) size 198x2 [r=0 c=0 rs=1 cs=1]
