layer at (0,0) size 800x600
  LayoutView at (0,0) size 800x600
layer at (0,0) size 800x294
  LayoutBlockFlow {HTML} at (0,0) size 800x294
    LayoutBlockFlow {BODY} at (8,16) size 784x270
      LayoutBlockFlow {P} at (0,0) size 784x18
        LayoutText {#text} at (0,0) size 647x18
          text run at (0,0) width 647: "Test passes if the top square below has \"Filler Text\" directly above it and the bottom square does not."
      LayoutTable {DIV} at (0,34) size 100x118
        LayoutBlockFlow {DIV} at (0,0) size 100x18
          LayoutText {#text} at (0,0) size 67x18
            text run at (0,0) width 67: "Filler Text"
        LayoutTableSection (anonymous) at (0,18) size 100x100
          LayoutTableRow {DIV} at (0,0) size 100x50
            LayoutTableCell {DIV} at (0,0) size 50x0 [bgcolor=#000000] [r=0 c=0 rs=1 cs=1]
            LayoutTableCell {DIV} at (50,0) size 50x0 [bgcolor=#000000] [r=0 c=1 rs=1 cs=1]
          LayoutTableRow {DIV} at (0,50) size 100x50
            LayoutTableCell {DIV} at (0,50) size 50x0 [bgcolor=#000000] [r=1 c=0 rs=1 cs=1]
            LayoutTableCell {DIV} at (50,50) size 50x0 [bgcolor=#000000] [r=1 c=1 rs=1 cs=1]
      LayoutBlockFlow {DIV} at (0,152) size 784x18
        LayoutText {#text} at (0,0) size 4x18
          text run at (0,0) width 4: " "
      LayoutTable {DIV} at (0,170) size 100x100
        LayoutTableSection (anonymous) at (0,0) size 100x100
          LayoutTableRow {DIV} at (0,0) size 100x50
            LayoutTableCell {DIV} at (0,0) size 50x0 [bgcolor=#000000] [r=0 c=0 rs=1 cs=1]
            LayoutTableCell {DIV} at (50,0) size 50x0 [bgcolor=#000000] [r=0 c=1 rs=1 cs=1]
          LayoutTableRow {DIV} at (0,50) size 100x50
            LayoutTableCell {DIV} at (0,50) size 50x0 [bgcolor=#000000] [r=1 c=0 rs=1 cs=1]
            LayoutTableCell {DIV} at (50,50) size 50x0 [bgcolor=#000000] [r=1 c=1 rs=1 cs=1]
