layer at (0,0) size 800x600
  LayoutView at (0,0) size 800x600
layer at (0,0) size 800x172
  LayoutBlockFlow {HTML} at (0,0) size 800x172
    LayoutBlockFlow {BODY} at (8,16) size 784x148
      LayoutBlockFlow {P} at (0,0) size 784x18
        LayoutText {#text} at (0,0) size 305x18
          text run at (0,0) width 305: "Test passes if the \"Filler Text\" is above the box."
      LayoutTable {DIV} at (0,34) size 96x114
        LayoutBlockFlow {DIV} at (0,0) size 96x18
          LayoutText {#text} at (0,0) size 67x18
            text run at (0,0) width 67: "Filler Text"
        LayoutTableSection (anonymous) at (0,18) size 96x96
          LayoutTableRow {DIV} at (0,0) size 96x48
            LayoutTableCell {DIV} at (0,0) size 48x0 [bgcolor=#000000] [r=0 c=0 rs=1 cs=1]
            LayoutTableCell {DIV} at (48,0) size 48x0 [bgcolor=#000000] [r=0 c=1 rs=1 cs=1]
          LayoutTableRow {DIV} at (0,48) size 96x48
            LayoutTableCell {DIV} at (0,48) size 48x0 [bgcolor=#000000] [r=1 c=0 rs=1 cs=1]
            LayoutTableCell {DIV} at (48,48) size 48x0 [bgcolor=#000000] [r=1 c=1 rs=1 cs=1]
