layer at (0,0) size 800x600
  LayoutView at (0,0) size 800x600
layer at (0,0) size 800x158
  LayoutBlockFlow {HTML} at (0,0) size 800x158
    LayoutBlockFlow {BODY} at (8,16) size 784x134
      LayoutBlockFlow {P} at (0,0) size 784x18
        LayoutText {#text} at (0,0) size 396x18
          text run at (0,0) width 396: "Test passes if the bottom of the \"Filler Text\" below is aligned."
      LayoutTable {TABLE} at (0,34) size 350x100
        LayoutTableSection {TBODY} at (0,0) size 350x100
          LayoutTableRow {TR} at (0,2) size 350x96
            LayoutTableCell {TD} at (2,26) size 58x17 [r=0 c=0 rs=1 cs=1]
              LayoutBlockFlow {DIV} at (1,1) size 56x15
                LayoutText {#text} at (0,0) size 56x15
                  text run at (0,0) width 56: "Filler Text"
            LayoutTableCell {TD} at (62,14) size 114x33 [r=0 c=1 rs=1 cs=1]
              LayoutBlockFlow {DIV} at (1,1) size 112x31
                LayoutText {#text} at (0,0) size 112x31
                  text run at (0,0) width 112: "Filler Text"
            LayoutTableCell {TD} at (178,2) size 170x48 [r=0 c=2 rs=1 cs=1]
              LayoutBlockFlow {DIV} at (1,1) size 168x46
                LayoutText {#text} at (0,0) size 168x46
                  text run at (0,0) width 168: "Filler Text"
