layer at (0,0) size 800x600
  LayoutView at (0,0) size 800x600
layer at (0,0) size 800x600
  LayoutBlockFlow {HTML} at (0,0) size 800x600
    LayoutBlockFlow {BODY} at (8,8) size 784x584
      LayoutBlockFlow (floating) {IMG} at (643,10) size 121x84
      LayoutInline {A} at (0,0) size 357x19 [color=#0000EE]
        LayoutText {#text} at (0,0) size 357x19
          text run at (0,0) width 357: "http://www.apple.com/pr/library/2003/jan/02ical_isync.html"
      LayoutBR {BR} at (356,15) size 1x0
      LayoutInline {A} at (0,0) size 161x19 [color=#0000EE]
        LayoutText {#text} at (0,20) size 161x19
          text run at (0,20) width 161: "http://www.apple.com/ical/"
      LayoutBR {BR} at (160,35) size 1x0
      LayoutInline {A} at (0,0) size 171x19 [color=#0000EE]
        LayoutText {#text} at (0,40) size 171x19
          text run at (0,40) width 171: "http://www.apple.com/isync/"
layer at (651,18) size 121x84 clip at (652,19) size 119x82
  LayoutBlockFlow {DIV} at (0,0) size 121x84 [border: (1px solid #C0C0C0)]
    LayoutImage (floating) {IMG} at (2,2) size 16x16
layer at (669,20) size 101x40
  LayoutBlockFlow {DIV} at (18,2) size 101x40
    LayoutText {#text} at (0,0) size 57x39
      text run at (0,0) width 57: "News for"
      text run at (0,20) width 43: "Nerds!"
