layer at (0,0) size 800x600
  LayoutView at (0,0) size 800x600
layer at (0,0) size 800x236
  LayoutBlockFlow {HTML} at (0,0) size 800x236
    LayoutBlockFlow {BODY} at (8,8) size 784x196
      LayoutBlockFlow (anonymous) at (0,0) size 784x20
        LayoutInline {P} at (0,0) size 608x16 [color=#FFFFFF] [bgcolor=#FF0000]
          LayoutText {#text} at (0,2) size 608x16
            text run at (0,2) width 608: "Ahem_font_would_be_nice_for_this_test."
        LayoutText {#text} at (0,0) size 0x0
      LayoutBlockFlow {P} at (0,36) size 784x20
        LayoutText {#text} at (0,0) size 279x19
          text run at (0,0) width 279: "The following two boxes should look identical."
      LayoutBlockFlow {DIV} at (32,88) size 102x38 [bgcolor=#FFFFFF] [border: (3px solid #000000)]
        LayoutBlockFlow (floating) {DIV} at (3,3) size 96x32 [color=#008000]
          LayoutText {#text} at (0,0) size 96x32
            text run at (0,0) width 96: "x x"
      LayoutBlockFlow {DIV} at (32,158) size 102x38 [bgcolor=#FFFFFF] [border: (3px solid #000000)]
        LayoutBlockFlow (floating) {DIV} at (3,3) size 96x32 [color=#008000]
          LayoutText {#text} at (0,0) size 96x32
            text run at (0,0) width 96: "x x"
