layer at (0,0) size 800x600
  LayoutView at (0,0) size 800x600
layer at (0,0) size 800x152
  LayoutBlockFlow {HTML} at (0,0) size 800x152
    LayoutBlockFlow {BODY} at (8,8) size 784x128
      LayoutBlockFlow {DIV} at (0,0) size 784x128
        LayoutBlockFlow {DIV} at (0,0) size 784x2
        LayoutBlockFlow (floating) {DIV} at (0,2) size 60x45
          LayoutImage {IMG} at (0,0) size 60x45
        LayoutBlockFlow {UL} at (15,47) size 769x81 [bgcolor=#FF0000]
          LayoutListItem {LI} at (0,8) size 769x20
            LayoutListMarker (anonymous) at (-18,0) size 7x19: bullet
            LayoutText {#text} at (0,0) size 117x19
              text run at (0,0) width 117: "Classroom Training"
          LayoutListItem {LI} at (0,44) size 769x20
            LayoutListMarker (anonymous) at (-18,0) size 7x19: bullet
            LayoutText {#text} at (0,0) size 75x19
              text run at (0,0) width 75: "Find a Class"
