layer at (0,0) size 800x600
  LayoutView at (0,0) size 800x600
layer at (0,0) size 800x515
  LayoutBlockFlow {HTML} at (0,0) size 800x514.94
    LayoutBlockFlow {BODY} at (8,8) size 784x490.94
      LayoutBlockFlow {UL} at (185.59,0) size 412.80x192
        LayoutListItem (floating) {LI} at (0,48) size 283.19x71.19
          LayoutBlockFlow {A} at (123.19,0) size 160x138.55 [color=#CCCCCC]
            LayoutBlockFlow {B} at (0,0) size 160x70.27 [border: none (40px solid #00000000) (69.27px solid #CCCCCC) (40px solid #00000000)]
            LayoutBlockFlow {B} at (0,70.27) size 160x70.27 [border: (69.27px solid #CCCCCC) (40px solid #00000000) none (40px solid #00000000)]
            LayoutBlockFlow {SPAN} at (8,61.66) size 144x19 [color=#000000]
              LayoutInline {ABBR} at (0,0) size 35x18
                LayoutText {#text} at (19,0) size 35x18
                  text run at (19,0) width 35: "CSS"
              LayoutText {#text} at (53,0) size 72x18
                text run at (53,0) width 72: " examples"
        LayoutListItem (floating) {LI} at (0,119.19) size 246.39x71.19
          LayoutBlockFlow {A} at (0,0) size 160x138.55 [color=#CCCCCC]
            LayoutBlockFlow {B} at (0,0) size 160x70.27 [border: none (40px solid #00000000) (69.27px solid #CCCCCC) (40px solid #00000000)]
            LayoutBlockFlow {B} at (0,70.27) size 160x70.27 [border: (69.27px solid #CCCCCC) (40px solid #00000000) none (40px solid #00000000)]
            LayoutBlockFlow {SPAN} at (8,61.66) size 144x19 [color=#000000]
              LayoutText {#text} at (42,0) size 60x18
                text run at (42,0) width 60: "Favelets"
        LayoutListItem (floating) {LI} at (246.39,119.19) size 160x71.19
          LayoutBlockFlow {A} at (0,0) size 160x138.55 [color=#CCCCCC]
            LayoutBlockFlow {B} at (0,0) size 160x70.27 [border: none (40px solid #00000000) (69.27px solid #CCCCCC) (40px solid #00000000)]
            LayoutBlockFlow {B} at (0,70.27) size 160x70.27 [border: (69.27px solid #CCCCCC) (40px solid #00000000) none (40px solid #00000000)]
            LayoutBlockFlow {SPAN} at (8,61.66) size 144x19 [color=#000000]
              LayoutInline {ABBR} at (0,0) size 24x18
                LayoutText {#text} at (60,0) size 24x18
                  text run at (60,0) width 24: "CV"
        LayoutListItem (floating) {LI} at (0,190.38) size 283.19x71.19
          LayoutBlockFlow {A} at (123.19,0) size 160x138.55 [color=#CCCCCC]
            LayoutBlockFlow {B} at (0,0) size 160x70.27 [border: none (40px solid #00000000) (69.27px solid #CCCCCC) (40px solid #00000000)]
            LayoutBlockFlow {B} at (0,70.27) size 160x70.27 [border: (69.27px solid #CCCCCC) (40px solid #00000000) none (40px solid #00000000)]
            LayoutBlockFlow {SPAN} at (8,61.66) size 144x19 [color=#000000]
              LayoutText {#text} at (61,0) size 22x18
                text run at (61,0) width 22: "log"
        LayoutListItem (floating) {LI} at (0,261.56) size 246.39x71.19
          LayoutBlockFlow {A} at (0,0) size 160x138.55 [color=#CCCCCC]
            LayoutBlockFlow {B} at (0,0) size 160x70.27 [border: none (40px solid #00000000) (69.27px solid #CCCCCC) (40px solid #00000000)]
            LayoutBlockFlow {B} at (0,70.27) size 160x70.27 [border: (69.27px solid #CCCCCC) (40px solid #00000000) none (40px solid #00000000)]
            LayoutBlockFlow {SPAN} at (8,61.66) size 144x19 [color=#000000]
              LayoutText {#text} at (2,0) size 50x18
                text run at (2,0) width 50: "simple "
              LayoutInline {ABBR} at (0,0) size 53x18
                LayoutText {#text} at (52,0) size 53x18
                  text run at (52,0) width 53: "XHTML"
              LayoutText {#text} at (105,0) size 37x18
                text run at (105,0) width 37: " tests"
        LayoutListItem (floating) {LI} at (246.39,261.56) size 160x71.19
          LayoutBlockFlow {A} at (0,0) size 160x138.55 [color=#CCCCCC]
            LayoutBlockFlow {B} at (0,0) size 160x70.27 [border: none (40px solid #00000000) (69.27px solid #CCCCCC) (40px solid #00000000)]
            LayoutBlockFlow {B} at (0,70.27) size 160x70.27 [border: (69.27px solid #CCCCCC) (40px solid #00000000) none (40px solid #00000000)]
            LayoutBlockFlow {SPAN} at (8,61.66) size 144x19 [color=#000000]
              LayoutText {#text} at (38,0) size 68x18
                text run at (38,0) width 68: "entrances"
        LayoutListItem (floating) {LI} at (0,332.75) size 283.19x71.19
          LayoutBlockFlow {A} at (123.19,0) size 160x138.55 [color=#CCCCCC]
            LayoutBlockFlow {B} at (0,0) size 160x70.27 [border: none (40px solid #00000000) (69.27px solid #CCCCCC) (40px solid #00000000)]
            LayoutBlockFlow {B} at (0,70.27) size 160x70.27 [border: (69.27px solid #CCCCCC) (40px solid #00000000) none (40px solid #00000000)]
            LayoutBlockFlow {SPAN} at (8,61.66) size 144x19 [color=#000000]
              LayoutText {#text} at (60,0) size 24x18
                text run at (60,0) width 24: "exit"
      LayoutBlockFlow {P} at (0,403.94) size 784x87
        LayoutText {#text} at (318,32) size 148x23
          text run at (318,32) width 148: "Ceci n'est pas Flash."
