layer at (0,0) size 800x600
  LayoutView at (0,0) size 800x600
layer at (0,0) size 800x600
  LayoutBlockFlow {HTML} at (0,0) size 800x600
    LayoutBlockFlow {BODY} at (8,8) size 784x584
      LayoutBlockFlow {DIV} at (0,0) size 110x90 [bgcolor=#808080]
        LayoutImage (floating) {IMG} at (60,0) size 50x50 [bgcolor=#FFFF00]
        LayoutText {#text} at (0,0) size 31x19
          text run at (0,0) width 31: "Blah."
        LayoutImage (floating) {IMG} at (7,20) size 50x50 [bgcolor=#FF0000]
        LayoutText {#text} at (0,70) size 89x19
          text run at (0,70) width 89: "Blah blah blah."
