layer at (0,0) size 800x600
  LayoutView at (0,0) size 800x600
layer at (0,0) size 800x172
  LayoutBlockFlow {HTML} at (0,0) size 800x172
    LayoutBlockFlow {BODY} at (8,8) size 784x42
      LayoutBlockFlow (floating) {DIV} at (532,0) size 252x102 [border: (1px solid #FF0000)]
        LayoutText {#text} at (1,1) size 82x19
          text run at (1,1) width 82: "TOP-RIGHT"
        LayoutBR {BR} at (82,1) size 1x19
        LayoutText {#text} at (1,21) size 59x19
          text run at (1,21) width 59: "float:right;"
        LayoutBR {BR} at (60,21) size 0x19
        LayoutText {#text} at (1,41) size 83x19
          text run at (1,41) width 83: "width: 250px;"
        LayoutBR {BR} at (84,41) size 0x19
        LayoutText {#text} at (1,61) size 81x19
          text run at (1,61) width 81: "height:100px;"
      LayoutBlockFlow {DIV} at (0,0) size 394x42 [border: (1px solid #FF0000)]
        LayoutText {#text} at (1,1) size 30x19
          text run at (1,1) width 30: "TOP"
        LayoutBR {BR} at (30,1) size 1x19
        LayoutText {#text} at (1,21) size 69x19
          text run at (1,21) width 69: "width:50%;"
      LayoutBlockFlow (floating) {DIV} at (0,102) size 109.72x62 [border: (1px solid #FF0000)]
        LayoutText {#text} at (1,1) size 108x19
          text run at (1,1) width 108: "BOTTOM-LEFT"
        LayoutBR {BR} at (108,1) size 1x19
        LayoutText {#text} at (1,21) size 55x19
          text run at (1,21) width 55: "float: left;"
        LayoutBR {BR} at (56,21) size 0x19
        LayoutText {#text} at (1,41) size 67x19
          text run at (1,41) width 67: "clear: both;"
