layer at (0,0) size 800x600
  LayoutView at (0,0) size 800x600
layer at (0,0) size 800x352
  LayoutBlockFlow {HTML} at (0,0) size 800x352
    LayoutBlockFlow {BODY} at (8,8) size 784x300
      LayoutBlockFlow {P} at (0,0) size 784x52
        LayoutText {#text} at (16,16) size 326x19
          text run at (16,16) width 326: "\"ONE\" and \"TWO\" below should be on the same line."
      LayoutBlockFlow (floating) {UL} at (0,52) size 186x24 [border: (2px solid #0000FF)]
        LayoutBlockFlow (floating) {LI} at (2,2) size 91x20
          LayoutBlockFlow {SPAN} at (0,0) size 91x20 [bgcolor=#EEEEEE]
            LayoutText {#text} at (0,0) size 33x19
              text run at (0,0) width 33: "ONE"
        LayoutBlockFlow (floating) {LI} at (93,2) size 91x20
          LayoutBlockFlow {SPAN} at (0,0) size 91x20 [bgcolor=#EEEEEE]
            LayoutText {#text} at (0,0) size 36x19
              text run at (0,0) width 36: "TWO"
        LayoutBlockFlow {DIV} at (2,2) size 182x0
      LayoutBlockFlow {P} at (0,76) size 784x52
        LayoutText {#text} at (16,16) size 328x19
          text run at (16,16) width 328: "\"ONE\" and \"TWO\" below should be on different lines."
      LayoutBlockFlow (floating) {UL} at (0,128) size 95x44 [border: (2px solid #0000FF)]
        LayoutBlockFlow (floating) {LI} at (2,2) size 91x20
          LayoutBlockFlow {SPAN} at (0,0) size 91x20 [bgcolor=#EEEEEE]
            LayoutText {#text} at (0,0) size 33x19
              text run at (0,0) width 33: "ONE"
        LayoutBlockFlow (floating) {LI} at (2,22) size 91x20
          LayoutBlockFlow {SPAN} at (0,0) size 91x20 [bgcolor=#EEEEEE]
            LayoutText {#text} at (0,0) size 36x19
              text run at (0,0) width 36: "TWO"
        LayoutBlockFlow {DIV} at (2,2) size 91x0
      LayoutBlockFlow {P} at (0,172) size 784x52
        LayoutText {#text} at (16,16) size 326x19
          text run at (16,16) width 326: "\"ONE\" and \"TWO\" below should be on the same line."
      LayoutBlockFlow (floating) {UL} at (0,224) size 186x24 [border: (2px solid #0000FF)]
        LayoutBlockFlow (floating) {LI} at (2,2) size 91x20
          LayoutBlockFlow {SPAN} at (0,0) size 91x20 [bgcolor=#EEEEEE]
            LayoutText {#text} at (0,0) size 33x19
              text run at (0,0) width 33: "ONE"
        LayoutBlockFlow (floating) {LI} at (93,2) size 91x20
          LayoutBlockFlow {SPAN} at (0,0) size 91x20 [bgcolor=#EEEEEE]
            LayoutText {#text} at (0,0) size 36x19
              text run at (0,0) width 36: "TWO"
      LayoutBlockFlow {P} at (0,248) size 784x52
        LayoutText {#text} at (16,16) size 328x19
          text run at (16,16) width 328: "\"ONE\" and \"TWO\" below should be on different lines."
      LayoutBlockFlow (floating) {UL} at (0,300) size 95x44 [border: (2px solid #0000FF)]
        LayoutBlockFlow (floating) {LI} at (2,2) size 91x20
          LayoutBlockFlow {SPAN} at (0,0) size 91x20 [bgcolor=#EEEEEE]
            LayoutText {#text} at (0,0) size 33x19
              text run at (0,0) width 33: "ONE"
        LayoutBlockFlow (floating) {LI} at (2,22) size 91x20
          LayoutBlockFlow {SPAN} at (0,0) size 91x20 [bgcolor=#EEEEEE]
            LayoutText {#text} at (0,0) size 36x19
              text run at (0,0) width 36: "TWO"
