layer at (0,0) size 800x600 scrollWidth 812
  LayoutView at (0,0) size 800x600
layer at (0,0) size 800x148
  LayoutBlockFlow {HTML} at (0,0) size 800x148
    LayoutBlockFlow {BODY} at (8,8) size 784x132
      LayoutBlockFlow (floating) {DIV} at (0,0) size 554x24 [border: (2px solid #FF0000)]
        LayoutText {#text} at (2,2) size 482x19
          text run at (2,2) width 482: "(Parent DIV have no border set) There should be a green table below this block"
      LayoutTable {TABLE} at (0,24) size 784x30 [border: (2px solid #008000)]
        LayoutTableSection {TBODY} at (2,2) size 780x26
          LayoutTableRow {TR} at (0,2) size 780x22
            LayoutTableCell {TD} at (2,2) size 776x22 [r=0 c=0 rs=1 cs=1]
              LayoutText {#text} at (1,1) size 21x19
                text run at (1,1) width 21: "test"
      LayoutBlockFlow (anonymous) at (0,54) size 784x20
        LayoutBR {BR} at (0,0) size 0x19
      LayoutBlockFlow {DIV} at (0,74) size 804x58 [border: (2px solid #0000FF)]
        LayoutBlockFlow (floating) {DIV} at (2,2) size 554x24 [border: (2px solid #FF0000)]
          LayoutText {#text} at (2,2) size 519x19
            text run at (2,2) width 238: "(Parent DIV have 2px blue border set) "
            text run at (240,2) width 281: "There should be a green table below this block"
        LayoutTable {TABLE} at (2,26) size 800x30 [border: (2px solid #008000)]
          LayoutTableSection {TBODY} at (2,2) size 796x26
            LayoutTableRow {TR} at (0,2) size 796x22
              LayoutTableCell {TD} at (2,2) size 792x22 [r=0 c=0 rs=1 cs=1]
                LayoutText {#text} at (1,1) size 21x19
                  text run at (1,1) width 21: "test"
