layer at (0,0) size 800x600
  LayoutView at (0,0) size 800x600
layer at (0,0) size 800x411
  LayoutBlockFlow {HTML} at (0,0) size 800x411
    LayoutBlockFlow {BODY} at (8,8) size 784x395
      LayoutBlockFlow {DIV} at (0,0) size 385x395
        LayoutBlockFlow {DIV} at (0,0) size 385x20
          LayoutText {#text} at (0,0) size 308x19
            text run at (0,0) width 308: "The yellow block should be below the green block."
        LayoutBlockFlow (floating) {DIV} at (0,20) size 100x100 [bgcolor=#008000]
        LayoutImage {IMG} at (0,120) size 395x275 [bgcolor=#FFFF00]
