layer at (0,0) size 800x600 clip at (0,0) size 785x600 scrollHeight 2414
  LayoutView at (0,0) size 800x600
layer at (0,0) size 785x2414 backgroundClip at (0,0) size 785x600 clip at (0,0) size 785x600
  LayoutBlockFlow {HTML} at (0,0) size 785x2414
    LayoutBlockFlow {BODY} at (8,8) size 769x2398
      LayoutBlockFlow (anonymous) at (0,0) size 769x40
        LayoutText {#text} at (0,0) size 753x39
          text run at (0,0) width 516: "Test of objects that avoid floats to see what they do with percentage and auto widths. "
          text run at (515,0) width 238: "This test is designed to illustrate that we"
          text run at (0,20) width 402: "have removed the WinIE quirk and are behaving more like Firefox."
      LayoutBlockFlow {HR} at (0,48) size 769x2 [border: (1px inset #EEEEEE)]
      LayoutBlockFlow (anonymous) at (0,58) size 769x20
        LayoutText {#text} at (0,0) size 477x19
          text run at (0,0) width 477: "The inline-level button should be below the select and fill the width of the block."
      LayoutBlockFlow {P} at (0,94) size 220x82 [border: (10px solid #FF0000)]
        LayoutText {#text} at (10,10) size 56x19
          text run at (10,10) width 56: "Line One"
        LayoutBR {BR} at (66,25) size 0x0
        LayoutMenuList (floating) {SELECT} at (10,30) size 100x20 [bgcolor=#FFFFFF] [border: (1px solid #A9A9A9)]
          LayoutBlockFlow (anonymous) at (1,1) size 98x18
            LayoutText (anonymous) at (4,1) size 24x16
              text run at (4,1) width 24: "One"
        LayoutText {#text} at (0,0) size 0x0
        LayoutButton {INPUT} at (10,50) size 200x22 [bgcolor=#C0C0C0] [border: (2px outset #C0C0C0)]
          LayoutBlockFlow (anonymous) at (8,3) size 184x16
            LayoutText {#text} at (86,0) size 12x16
              text run at (86,0) width 12: "Hi"
        LayoutText {#text} at (0,0) size 0x0
      LayoutBlockFlow (anonymous) at (0,192) size 769x20
        LayoutText {#text} at (0,0) size 446x19
          text run at (0,0) width 446: "The floating button with a percentage width should be even with the select."
      LayoutBlockFlow {P} at (0,228) size 220x62 [border: (10px solid #FF0000)]
        LayoutText {#text} at (10,10) size 56x19
          text run at (10,10) width 56: "Line One"
        LayoutBR {BR} at (66,25) size 0x0
        LayoutMenuList (floating) {SELECT} at (10,30) size 100x20 [bgcolor=#FFFFFF] [border: (1px solid #A9A9A9)]
          LayoutBlockFlow (anonymous) at (1,1) size 98x18
            LayoutText (anonymous) at (4,1) size 24x16
              text run at (4,1) width 24: "One"
        LayoutText {#text} at (0,0) size 0x0
        LayoutButton (floating) {INPUT} at (110,30) size 100x22 [bgcolor=#C0C0C0] [border: (2px outset #C0C0C0)]
          LayoutBlockFlow (anonymous) at (8,3) size 84x16
            LayoutText {#text} at (36,0) size 12x16
              text run at (36,0) width 12: "Hi"
        LayoutText {#text} at (0,0) size 0x0
        LayoutBR {BR} at (210,30) size 0x19
      LayoutBlockFlow (anonymous) at (0,306) size 769x20
        LayoutText {#text} at (0,0) size 437x19
          text run at (0,0) width 437: "The block-level button with an auto width should be even with the select."
      LayoutBlockFlow {P} at (0,342) size 220x82 [border: (10px solid #FF0000)]
        LayoutBlockFlow (anonymous) at (10,10) size 200x20
          LayoutText {#text} at (0,0) size 56x19
            text run at (0,0) width 56: "Line One"
          LayoutBR {BR} at (56,15) size 0x0
          LayoutMenuList (floating) {SELECT} at (0,20) size 100x20 [bgcolor=#FFFFFF] [border: (1px solid #A9A9A9)]
            LayoutBlockFlow (anonymous) at (1,1) size 98x18
              LayoutText (anonymous) at (4,1) size 24x16
                text run at (4,1) width 24: "One"
          LayoutText {#text} at (0,0) size 0x0
        LayoutButton {INPUT} at (110,30) size 28x22 [bgcolor=#C0C0C0] [border: (2px outset #C0C0C0)]
          LayoutBlockFlow (anonymous) at (8,3) size 12x16
            LayoutText {#text} at (0,0) size 12x16
              text run at (0,0) width 12: "Hi"
        LayoutBlockFlow (anonymous) at (10,52) size 200x20
          LayoutBR {BR} at (0,0) size 0x19
      LayoutBlockFlow (anonymous) at (0,440) size 769x20
        LayoutText {#text} at (0,0) size 470x19
          text run at (0,0) width 470: "The block-level button with a percentage width should be even with the select."
      LayoutBlockFlow {P} at (0,476) size 220x82 [border: (10px solid #FF0000)]
        LayoutBlockFlow (anonymous) at (10,10) size 200x20
          LayoutText {#text} at (0,0) size 56x19
            text run at (0,0) width 56: "Line One"
          LayoutBR {BR} at (56,15) size 0x0
          LayoutMenuList (floating) {SELECT} at (0,20) size 100x20 [bgcolor=#FFFFFF] [border: (1px solid #A9A9A9)]
            LayoutBlockFlow (anonymous) at (1,1) size 98x18
              LayoutText (anonymous) at (4,1) size 24x16
                text run at (4,1) width 24: "One"
          LayoutText {#text} at (0,0) size 0x0
        LayoutButton {INPUT} at (110,30) size 100x22 [bgcolor=#C0C0C0] [border: (2px outset #C0C0C0)]
          LayoutBlockFlow (anonymous) at (8,3) size 84x16
            LayoutText {#text} at (36,0) size 12x16
              text run at (36,0) width 12: "Hi"
        LayoutBlockFlow (anonymous) at (10,52) size 200x20
          LayoutBR {BR} at (0,0) size 0x19
      LayoutBlockFlow (anonymous) at (0,574) size 769x20
        LayoutText {#text} at (0,0) size 437x19
          text run at (0,0) width 437: "The floating table with a percentage width should be even with the select."
      LayoutBlockFlow {P} at (0,610) size 220x72 [border: (10px solid #FF0000)]
        LayoutText {#text} at (10,10) size 56x19
          text run at (10,10) width 56: "Line One"
        LayoutBR {BR} at (66,25) size 0x0
        LayoutMenuList (floating) {SELECT} at (10,30) size 100x20 [bgcolor=#FFFFFF] [border: (1px solid #A9A9A9)]
          LayoutBlockFlow (anonymous) at (1,1) size 98x18
            LayoutText (anonymous) at (4,1) size 24x16
              text run at (4,1) width 24: "One"
        LayoutText {#text} at (0,0) size 0x0
        LayoutTable (floating) {TABLE} at (110,30) size 100x32 [border: (2px outset #808080)]
          LayoutTableSection {TBODY} at (2,2) size 96x28
            LayoutTableRow {TR} at (0,2) size 96x24
              LayoutTableCell {TD} at (2,2) size 92x24 [border: (1px inset #808080)] [r=0 c=0 rs=1 cs=1]
                LayoutText {#text} at (2,2) size 33x19
                  text run at (2,2) width 33: "Table"
        LayoutText {#text} at (0,0) size 0x0
        LayoutBR {BR} at (210,30) size 0x19
      LayoutBlockFlow (anonymous) at (0,698) size 769x40
        LayoutText {#text} at (0,0) size 711x39
          text run at (0,0) width 711: "The floating table with an auto width should be even with the select and shrinks to use the available line width. THIS IS"
          text run at (0,20) width 151: "CURRENTLY BUGGY."
      LayoutBlockFlow {P} at (0,754) size 220x132 [border: (10px solid #FF0000)]
        LayoutText {#text} at (10,10) size 56x19
          text run at (10,10) width 56: "Line One"
        LayoutBR {BR} at (66,25) size 0x0
        LayoutMenuList (floating) {SELECT} at (10,30) size 100x20 [bgcolor=#FFFFFF] [border: (1px solid #A9A9A9)]
          LayoutBlockFlow (anonymous) at (1,1) size 98x18
            LayoutText (anonymous) at (4,1) size 24x16
              text run at (4,1) width 24: "One"
        LayoutText {#text} at (0,0) size 0x0
        LayoutTable (floating) {TABLE} at (10,50) size 200x72 [border: (2px outset #808080)]
          LayoutTableSection {TBODY} at (2,2) size 196x68
            LayoutTableRow {TR} at (0,2) size 196x64
              LayoutTableCell {TD} at (2,2) size 192x64 [border: (1px inset #808080)] [r=0 c=0 rs=1 cs=1]
                LayoutText {#text} at (2,2) size 154x59
                  text run at (2,2) width 150: "Floating table that should"
                  text run at (2,22) width 154: "shrink so it can be next to"
                  text run at (2,42) width 85: "previous float."
        LayoutText {#text} at (0,0) size 0x0
        LayoutBR {BR} at (110,30) size 0x19
      LayoutBlockFlow (anonymous) at (0,902) size 769x20
        LayoutText {#text} at (0,0) size 695x19
          text run at (0,0) width 550: "The block-level table below has a percentage width and should still be even with the select. "
          text run at (550,0) width 145: "It spills out of the block."
      LayoutBlockFlow {P} at (0,938) size 220x152 [border: (10px solid #FF0000)]
        LayoutBlockFlow (anonymous) at (10,10) size 200x20
          LayoutText {#text} at (0,0) size 56x19
            text run at (0,0) width 56: "Line One"
          LayoutBR {BR} at (56,15) size 0x0
          LayoutMenuList (floating) {SELECT} at (0,20) size 100x20 [bgcolor=#FFFFFF] [border: (1px solid #A9A9A9)]
            LayoutBlockFlow (anonymous) at (1,1) size 98x18
              LayoutText (anonymous) at (4,1) size 24x16
                text run at (4,1) width 24: "One"
          LayoutText {#text} at (0,0) size 0x0
        LayoutTable {TABLE} at (10,50) size 200x72 [border: (2px outset #808080)]
          LayoutTableSection {TBODY} at (2,2) size 196x68
            LayoutTableRow {TR} at (0,2) size 196x64
              LayoutTableCell {TD} at (2,2) size 192x64 [border: (1px inset #808080)] [r=0 c=0 rs=1 cs=1]
                LayoutText {#text} at (2,2) size 154x59
                  text run at (2,2) width 150: "Floating table that should"
                  text run at (2,22) width 154: "shrink so it can be next to"
                  text run at (2,42) width 85: "previous float."
        LayoutBlockFlow (anonymous) at (10,122) size 200x20
          LayoutBR {BR} at (0,0) size 0x19
      LayoutBlockFlow (anonymous) at (0,1106) size 769x20
        LayoutText {#text} at (0,0) size 705x19
          text run at (0,0) width 517: "The block-level table below has an auto width and should still be even with the select. "
          text run at (517,0) width 188: "It shrinks to fit inside the block."
      LayoutBlockFlow {P} at (0,1142) size 220x172 [border: (10px solid #FF0000)]
        LayoutBlockFlow (anonymous) at (10,10) size 200x20
          LayoutText {#text} at (0,0) size 56x19
            text run at (0,0) width 56: "Line One"
          LayoutBR {BR} at (56,15) size 0x0
          LayoutMenuList (floating) {SELECT} at (0,20) size 100x20 [bgcolor=#FFFFFF] [border: (1px solid #A9A9A9)]
            LayoutBlockFlow (anonymous) at (1,1) size 98x18
              LayoutText (anonymous) at (4,1) size 24x16
                text run at (4,1) width 24: "One"
          LayoutText {#text} at (0,0) size 0x0
        LayoutTable {TABLE} at (110,30) size 100x112 [border: (2px outset #808080)]
          LayoutTableSection {TBODY} at (2,2) size 96x108
            LayoutTableRow {TR} at (0,2) size 96x104
              LayoutTableCell {TD} at (2,2) size 92x104 [border: (1px inset #808080)] [r=0 c=0 rs=1 cs=1]
                LayoutText {#text} at (2,2) size 85x99
                  text run at (2,2) width 81: "Floating table"
                  text run at (2,22) width 65: "that should"
                  text run at (2,42) width 65: "shrink so it"
                  text run at (2,62) width 85: "can be next to"
                  text run at (2,82) width 85: "previous float."
        LayoutBlockFlow (anonymous) at (10,142) size 200x20
          LayoutBR {BR} at (0,0) size 0x19
      LayoutBlockFlow (anonymous) at (0,1330) size 769x20
        LayoutText {#text} at (0,0) size 507x19
          text run at (0,0) width 507: "The floating overflow section with a percentage width should be even with the select."
      LayoutBlockFlow {DIV} at (0,1350) size 220x140 [border: (10px solid #FF0000)]
        LayoutText {#text} at (10,10) size 56x19
          text run at (10,10) width 56: "Line One"
        LayoutBR {BR} at (66,25) size 0x0
        LayoutMenuList (floating) {SELECT} at (10,30) size 100x20 [bgcolor=#FFFFFF] [border: (1px solid #A9A9A9)]
          LayoutBlockFlow (anonymous) at (1,1) size 98x18
            LayoutText (anonymous) at (4,1) size 24x16
              text run at (4,1) width 24: "One"
        LayoutText {#text} at (0,0) size 0x0
        LayoutText {#text} at (0,0) size 0x0
        LayoutBR {BR} at (210,30) size 0x19
      LayoutBlockFlow (anonymous) at (0,1490) size 769x40
        LayoutText {#text} at (0,0) size 763x39
          text run at (0,0) width 763: "The floating overflow section with an auto width should be even with the select and shrinks to use the available line width. THIS"
          text run at (0,20) width 169: "IS CURRENTLY BUGGY."
      LayoutBlockFlow {DIV} at (0,1530) size 220x120 [border: (10px solid #FF0000)]
        LayoutText {#text} at (10,10) size 56x19
          text run at (10,10) width 56: "Line One"
        LayoutBR {BR} at (66,25) size 0x0
        LayoutMenuList (floating) {SELECT} at (10,30) size 100x20 [bgcolor=#FFFFFF] [border: (1px solid #A9A9A9)]
          LayoutBlockFlow (anonymous) at (1,1) size 98x18
            LayoutText (anonymous) at (4,1) size 24x16
              text run at (4,1) width 24: "One"
        LayoutText {#text} at (0,0) size 0x0
        LayoutText {#text} at (0,0) size 0x0
        LayoutBR {BR} at (110,30) size 0x19
      LayoutBlockFlow (anonymous) at (0,1650) size 769x20
        LayoutText {#text} at (0,0) size 616x19
          text run at (0,0) width 616: "The block-level overflow section below has a percentage width and should still be even with the select."
      LayoutBlockFlow {DIV} at (0,1670) size 220x160 [border: (10px solid #FF0000)]
        LayoutBlockFlow (anonymous) at (10,10) size 200x20
          LayoutText {#text} at (0,0) size 56x19
            text run at (0,0) width 56: "Line One"
          LayoutBR {BR} at (56,15) size 0x0
          LayoutMenuList (floating) {SELECT} at (0,20) size 100x20 [bgcolor=#FFFFFF] [border: (1px solid #A9A9A9)]
            LayoutBlockFlow (anonymous) at (1,1) size 98x18
              LayoutText (anonymous) at (4,1) size 24x16
                text run at (4,1) width 24: "One"
          LayoutText {#text} at (0,0) size 0x0
        LayoutBlockFlow (anonymous) at (10,130) size 200x20
          LayoutBR {BR} at (0,0) size 0x19
      LayoutBlockFlow (anonymous) at (0,1830) size 769x40
        LayoutText {#text} at (0,0) size 733x39
          text run at (0,0) width 587: "The block-level overflow section below has an auto width and should still be even with the select. "
          text run at (587,0) width 146: "It shrinks to fit inside the"
          text run at (0,20) width 38: "block."
      LayoutBlockFlow {DIV} at (0,1870) size 220x160 [border: (10px solid #FF0000)]
        LayoutBlockFlow (anonymous) at (10,10) size 200x20
          LayoutText {#text} at (0,0) size 56x19
            text run at (0,0) width 56: "Line One"
          LayoutBR {BR} at (56,15) size 0x0
          LayoutMenuList (floating) {SELECT} at (0,20) size 100x20 [bgcolor=#FFFFFF] [border: (1px solid #A9A9A9)]
            LayoutBlockFlow (anonymous) at (1,1) size 98x18
              LayoutText (anonymous) at (4,1) size 24x16
                text run at (4,1) width 24: "One"
          LayoutText {#text} at (0,0) size 0x0
        LayoutBlockFlow (anonymous) at (10,130) size 200x20
          LayoutBR {BR} at (0,0) size 0x19
      LayoutBlockFlow (anonymous) at (0,2030) size 769x20
        LayoutText {#text} at (0,0) size 420x19
          text run at (0,0) width 420: "The floating hr with a percentage width should be even with the select."
      LayoutBlockFlow {DIV} at (0,2050) size 220x60 [border: (10px solid #FF0000)]
        LayoutText {#text} at (10,10) size 56x19
          text run at (10,10) width 56: "Line One"
        LayoutBR {BR} at (66,25) size 0x0
        LayoutMenuList (floating) {SELECT} at (10,30) size 100x20 [bgcolor=#FFFFFF] [border: (1px solid #A9A9A9)]
          LayoutBlockFlow (anonymous) at (1,1) size 98x18
            LayoutText (anonymous) at (4,1) size 24x16
              text run at (4,1) width 24: "One"
        LayoutText {#text} at (0,0) size 0x0
        LayoutBlockFlow (floating) {HR} at (112,32) size 82x2 [border: (1px inset #EEEEEE)]
        LayoutText {#text} at (0,0) size 0x0
        LayoutBR {BR} at (196,30) size 0x19
      LayoutBlockFlow (anonymous) at (0,2110) size 769x20
        LayoutText {#text} at (0,0) size 735x19
          text run at (0,0) width 735: "The floating hr below should still be even with the select and shrinks to use its intrinsic width (which is basically like 1-2px)."
      LayoutBlockFlow {DIV} at (0,2130) size 220x60 [border: (10px solid #FF0000)]
        LayoutText {#text} at (10,10) size 56x19
          text run at (10,10) width 56: "Line One"
        LayoutBR {BR} at (66,25) size 0x0
        LayoutMenuList (floating) {SELECT} at (10,30) size 100x20 [bgcolor=#FFFFFF] [border: (1px solid #A9A9A9)]
          LayoutBlockFlow (anonymous) at (1,1) size 98x18
            LayoutText (anonymous) at (4,1) size 24x16
              text run at (4,1) width 24: "One"
        LayoutText {#text} at (0,0) size 0x0
        LayoutBlockFlow (floating) {HR} at (112,32) size 2x2 [border: (1px inset #EEEEEE)]
        LayoutText {#text} at (0,0) size 0x0
        LayoutBR {BR} at (116,30) size 0x19
      LayoutBlockFlow (anonymous) at (0,2190) size 769x20
        LayoutText {#text} at (0,0) size 529x19
          text run at (0,0) width 529: "The block-level hr below has a percentage width and should still be even with the select."
      LayoutBlockFlow {DIV} at (0,2210) size 220x90 [border: (10px solid #FF0000)]
        LayoutBlockFlow (anonymous) at (10,10) size 200x20
          LayoutText {#text} at (0,0) size 56x19
            text run at (0,0) width 56: "Line One"
          LayoutBR {BR} at (56,15) size 0x0
          LayoutMenuList (floating) {SELECT} at (0,20) size 100x20 [bgcolor=#FFFFFF] [border: (1px solid #A9A9A9)]
            LayoutBlockFlow (anonymous) at (1,1) size 98x18
              LayoutText (anonymous) at (4,1) size 24x16
                text run at (4,1) width 24: "One"
          LayoutText {#text} at (0,0) size 0x0
        LayoutBlockFlow {HR} at (10,50) size 202x2 [border: (1px inset #EEEEEE)]
        LayoutBlockFlow (anonymous) at (10,60) size 200x20
          LayoutBR {BR} at (0,0) size 0x19
      LayoutBlockFlow (anonymous) at (0,2300) size 769x20
        LayoutText {#text} at (0,0) size 590x19
          text run at (0,0) width 500: "The block-level hr below has an auto width and should still be even with the select. "
          text run at (500,0) width 90: "It shrinks to fit."
      LayoutBlockFlow {DIV} at (0,2320) size 220x78 [border: (10px solid #FF0000)]
        LayoutBlockFlow (anonymous) at (10,10) size 200x20
          LayoutText {#text} at (0,0) size 56x19
            text run at (0,0) width 56: "Line One"
          LayoutBR {BR} at (56,15) size 0x0
          LayoutMenuList (floating) {SELECT} at (0,20) size 100x20 [bgcolor=#FFFFFF] [border: (1px solid #A9A9A9)]
            LayoutBlockFlow (anonymous) at (1,1) size 98x18
              LayoutText (anonymous) at (4,1) size 24x16
                text run at (4,1) width 24: "One"
          LayoutText {#text} at (0,0) size 0x0
        LayoutBlockFlow {HR} at (110,38) size 100x2 [border: (1px inset #EEEEEE)]
        LayoutBlockFlow (anonymous) at (10,48) size 200x20
          LayoutBR {BR} at (100,0) size 0x19
layer at (118,1388) size 100x100 backgroundClip at (0,0) size 0x0 clip at (0,0) size 0x0
  LayoutBlockFlow (floating) {DIV} at (110,30) size 100x100
    LayoutText {#text} at (0,0) size 99x99
      text run at (0,0) width 56: "This is an"
      text run at (0,20) width 99: "overflow section"
      text run at (0,40) width 98: "with enough text"
      text run at (0,60) width 95: "to have to wrap"
      text run at (0,80) width 96: "to multiple lines."
layer at (18,1588) size 200x60 backgroundClip at (0,0) size 0x0 clip at (0,0) size 0x0
  LayoutBlockFlow (floating) {DIV} at (10,50) size 200x60
    LayoutText {#text} at (0,0) size 188x59
      text run at (0,0) width 188: "This is an overflow section with"
      text run at (0,20) width 184: "enough text to have to wrap to"
      text run at (0,40) width 80: "multiple lines."
layer at (118,1708) size 100x100 backgroundClip at (0,0) size 0x0 clip at (0,0) size 0x0
  LayoutBlockFlow {DIV} at (110,30) size 100x100
    LayoutText {#text} at (0,0) size 99x99
      text run at (0,0) width 56: "This is an"
      text run at (0,20) width 99: "overflow section"
      text run at (0,40) width 98: "with enough text"
      text run at (0,60) width 95: "to have to wrap"
      text run at (0,80) width 96: "to multiple lines."
layer at (118,1908) size 100x100 backgroundClip at (0,0) size 0x0 clip at (0,0) size 0x0
  LayoutBlockFlow {DIV} at (110,30) size 100x100
    LayoutText {#text} at (0,0) size 99x99
      text run at (0,0) width 56: "This is an"
      text run at (0,20) width 99: "overflow section"
      text run at (0,40) width 98: "with enough text"
      text run at (0,60) width 95: "to have to wrap"
      text run at (0,80) width 96: "to multiple lines."
