layer at (0,0) size 800x600
  LayoutView at (0,0) size 800x600
layer at (0,0) size 800x600
  LayoutBlockFlow {HTML} at (0,0) size 800x600
    LayoutBlockFlow {BODY} at (8,8) size 784x584
      LayoutBlockFlow {DIV} at (0,0) size 784x40
        LayoutText {#text} at (0,0) size 237x19
          text run at (0,0) width 237: "This test checks for regressions against "
        LayoutInline {A} at (0,0) size 777x39 [color=#0000EE]
          LayoutText {#text} at (237,0) size 777x39
            text run at (237,0) width 540: "Radar 4279765: REGRESSION: \"More...\" links on flickr groups pages have hover issues"
            text run at (0,20) width 70: "(flickr.com)"
        LayoutText {#text} at (69,20) size 565x19
          text run at (69,20) width 565: ", or rather, a related painting issue. The word \"PASS\" should appear below in translucent blue."
layer at (8,48) size 784x125 transparent
  LayoutBlockFlow {DIV} at (0,40) size 784x125
    LayoutBlockFlow (floating) {DIV} at (0,0) size 104x125
      LayoutImage {IMG} at (0,0) size 100x100
      LayoutText {#text} at (100,85) size 4x19
        text run at (100,85) width 4: " "
      LayoutBR {BR} at (0,0) size 0x0
      LayoutBlockFlow (floating) {H1} at (27.38,126.44) size 76.63x37
        LayoutInline {A} at (0,0) size 77x36 [color=#0000EE]
          LayoutText {#text} at (0,0) size 77x36
            text run at (0,0) width 77: "PASS"
      LayoutText {#text} at (0,0) size 0x0
    LayoutBR {BR} at (104,0) size 0x19
