layer at (0,0) size 800x600
  LayoutView at (0,0) size 800x600
layer at (0,0) size 800x600
  LayoutBlockFlow {HTML} at (0,0) size 800x600
    LayoutBlockFlow {BODY} at (8,8) size 784x584
      LayoutBlockFlow {P} at (0,0) size 784x40
        LayoutText {#text} at (0,0) size 111x19
          text run at (0,0) width 111: "Rendering test for "
        LayoutInline {I} at (0,0) size 746x39
          LayoutInline {A} at (0,0) size 305x19 [color=#0000EE]
            LayoutText {#text} at (111,0) size 305x19
              text run at (111,0) width 305: "http://bugs.webkit.org/show_bug.cgi?id=17107"
          LayoutText {#text} at (415,0) size 746x39
            text run at (415,0) width 5: " "
            text run at (419,0) width 327: "REGRESSION(r29834): Article text on redhat.com"
            text run at (0,20) width 273: "magazine site appears to be painting twice"
        LayoutText {#text} at (273,20) size 4x19
          text run at (273,20) width 4: "."
      LayoutBlockFlow {P} at (0,56) size 784x20
        LayoutText {#text} at (0,0) size 342x19
          text run at (0,0) width 342: "These two lines of text should be the same shade of gray:"
      LayoutBlockFlow {DIV} at (0,92) size 784x28 [color=#00000080]
        LayoutText {#text} at (0,0) size 264x27
          text run at (0,0) width 264: "Lorem ipsum dolor sit amet"
      LayoutBlockFlow {DIV} at (0,120) size 784x0 [color=#00000080]
        LayoutBlockFlow (floating) {DIV} at (0,0) size 264x28
          LayoutText {#text} at (0,0) size 264x27
            text run at (0,0) width 264: "Lorem ipsum dolor sit amet"
      LayoutBlockFlow (anonymous) at (0,120) size 784x28
        LayoutBR {BR} at (264,0) size 0x19
