layer at (0,0) size 800x600
  LayoutView at (0,0) size 800x600
layer at (0,0) size 800x600
  LayoutBlockFlow {HTML} at (0,0) size 800x600
    LayoutBlockFlow {BODY} at (8,8) size 784x584
      LayoutBlockFlow {DIV} at (0,0) size 784x40
        LayoutBlockFlow (anonymous) at (0,0) size 784x40
          LayoutText {#text} at (0,0) size 742x39
            text run at (0,0) width 742: "Test anonymous boxes removal on style change. This should not crash or hang. Render tree dump should not gain additional"
            text run at (0,20) width 112: "anonymous boxes."
        LayoutBlockFlow {DIV} at (0,40) size 784x0
        LayoutBlockFlow {DIV} at (0,40) size 784x0
