layer at (0,0) size 800x600
  LayoutView at (0,0) size 800x600
layer at (0,0) size 800x600
  LayoutBlockFlow {HTML} at (0,0) size 800x600
    LayoutBlockFlow {BODY} at (8,8) size 784x584
      LayoutBlockFlow (anonymous) at (0,0) size 784x20
        LayoutBlockFlow (floating) {DIV} at (0,0) size 195x20
          LayoutBlockFlow {DIV} at (0,0) size 195x20
            LayoutText {#text} at (0,0) size 195x19
              text run at (0,0) width 195: "This is a test for rdar://5025925."
        LayoutBlockFlow (floating) {DIV} at (195,0) size 287x20
          LayoutBlockFlow {DIV} at (0,0) size 287x20
            LayoutText {#text} at (0,0) size 287x19
              text run at (0,0) width 287: "The test succeeds if this does not hang or crash."
        LayoutText {#text} at (482,0) size 4x19
          text run at (482,0) width 4: " "
      LayoutBlockFlow {DIV} at (0,20) size 784x0
