layer at (0,0) size 800x600
  LayoutView at (0,0) size 800x600
layer at (0,0) size 800x600
  LayoutBlockFlow {HTML} at (0,0) size 800x600
    LayoutBlockFlow {BODY} at (8,8) size 784x584
      LayoutBlockFlow {P} at (0,0) size 784x40
        LayoutText {#text} at (0,0) size 131x19
          text run at (0,0) width 131: "This is a pixel test for "
        LayoutInline {I} at (0,0) size 756x39
          LayoutInline {A} at (0,0) size 350x19 [color=#0000EE]
            LayoutText {#text} at (131,0) size 350x19
              text run at (131,0) width 350: "http://bugzilla.opendarwin.org/show_bug.cgi?id=4334"
          LayoutText {#text} at (480,0) size 756x39
            text run at (480,0) width 5: " "
            text run at (484,0) width 272: "REGRESSION: Flickering when css-hover"
            text run at (0,20) width 277: "should change opacity on floating elements"
        LayoutText {#text} at (277,20) size 4x19
          text run at (277,20) width 4: "."
      LayoutBlockFlow {P} at (0,56) size 784x20
        LayoutText {#text} at (0,0) size 265x19
          text run at (0,0) width 265: "There should be a solid green square below."
      LayoutBlockFlow {HR} at (0,92) size 784x2 [border: (1px inset #EEEEEE)]
      LayoutBlockFlow (floating) {DIV} at (0,102) size 100x100 [bgcolor=#008000]
