layer at (0,0) size 800x600
  LayoutView at (0,0) size 800x600
layer at (0,0) size 800x600
  LayoutBlockFlow {HTML} at (0,0) size 800x600
    LayoutBlockFlow {BODY} at (8,8) size 784x584
      LayoutBlockFlow (anonymous) at (0,0) size 784x20
        LayoutText {#text} at (0,0) size 225x19
          text run at (0,0) width 225: "There should be no red visible below."
      LayoutBlockFlow {DIV} at (0,20) size 520x0
        LayoutBlockFlow (floating) {DIV} at (0,0) size 520x356 [bgcolor=#FF0000]
layer at (8,28) size 520x356
  LayoutBlockFlow (floating) {DIV} at (0,0) size 520x356 [bgcolor=#008000]
