layer at (0,0) size 800x600
  LayoutView at (0,0) size 800x600
layer at (0,0) size 800x600
  LayoutBlockFlow {HTML} at (0,0) size 800x600
    LayoutBlockFlow {BODY} at (8,8) size 784x584
      LayoutBlockFlow {P} at (0,0) size 784x20
        LayoutText {#text} at (0,0) size 294x19
          text run at (0,0) width 294: "Test shrink-to-fit width for floating elements (see "
        LayoutInline {A} at (0,0) size 98x19 [color=#0000EE]
          LayoutText {#text} at (293,0) size 98x19
            text run at (293,0) width 98: "CSS 2.1 10.3.5"
        LayoutText {#text} at (390,0) size 10x19
          text run at (390,0) width 10: ")."
      LayoutBlockFlow {P} at (0,36) size 784x40
        LayoutText {#text} at (0,0) size 184x19
          text run at (0,0) width 184: "Shrink-to-fit width is min(max("
        LayoutInline {I} at (0,0) size 163x19
          LayoutText {#text} at (184,0) size 163x19
            text run at (184,0) width 163: "preferred minimum width"
        LayoutText {#text} at (346,0) size 9x19
          text run at (346,0) width 9: ", "
        LayoutInline {I} at (0,0) size 100x19
          LayoutText {#text} at (354,0) size 100x19
            text run at (354,0) width 100: "available width"
        LayoutText {#text} at (453,0) size 14x19
          text run at (453,0) width 14: "), "
        LayoutInline {I} at (0,0) size 100x19
          LayoutText {#text} at (466,0) size 100x19
            text run at (466,0) width 100: "preferred width"
        LayoutText {#text} at (565,0) size 779x39
          text run at (565,0) width 14: "). "
          text run at (578,0) width 201: "In the following cases (except the"
          text run at (0,20) width 32: "\x{201C}x\x{201D}), "
        LayoutInline {I} at (0,0) size 163x19
          LayoutText {#text} at (32,20) size 163x19
            text run at (32,20) width 163: "preferred minimum width"
        LayoutText {#text} at (194,20) size 18x19
          text run at (194,20) width 18: " < "
        LayoutInline {I} at (0,0) size 100x19
          LayoutText {#text} at (211,20) size 100x19
            text run at (211,20) width 100: "available width"
        LayoutText {#text} at (310,20) size 18x19
          text run at (310,20) width 18: " < "
        LayoutInline {I} at (0,0) size 100x19
          LayoutText {#text} at (327,20) size 100x19
            text run at (327,20) width 100: "preferred width"
        LayoutText {#text} at (0,0) size 0x0
      LayoutBlockFlow {DIV} at (0,92) size 100x250
        LayoutBlockFlow (floating) {DIV} at (0,0) size 100x46 [border: (3px solid #000000)]
          LayoutText {#text} at (3,3) size 57x39
            text run at (3,3) width 57: "longword"
            text run at (3,23) width 57: "longword"
        LayoutBlockFlow {DIV} at (0,46) size 100x10
        LayoutBlockFlow (floating) {DIV} at (0,56) size 100x46 [border: (3px solid #000000)]
          LayoutText {#text} at (3,3) size 57x39
            text run at (3,3) width 57: "longword"
            text run at (3,23) width 57: "longword"
        LayoutBlockFlow {DIV} at (0,102) size 100x10
        LayoutBlockFlow (floating) {DIV} at (0,112) size 100x46 [border: (3px solid #000000)]
          LayoutText {#text} at (3,3) size 57x39
            text run at (3,3) width 57: "longword"
            text run at (3,23) width 57: "longword"
        LayoutBlockFlow (floating) {DIV} at (87,158) size 13x26 [border: (3px solid #000000)]
          LayoutText {#text} at (3,3) size 7x19
            text run at (3,3) width 7: "x"
        LayoutBlockFlow {DIV} at (0,184) size 100x10
        LayoutBlockFlow (floating) {DIV} at (0,194) size 100x46 [border: (3px solid #000000)]
          LayoutBlockFlow {DIV} at (3,3) size 60x20 [bgcolor=#C0C0C0]
          LayoutText {#text} at (0,0) size 0x0
          LayoutBlockFlow {DIV} at (3,23) size 60x20 [bgcolor=#C0C0C0]
          LayoutText {#text} at (0,0) size 0x0
        LayoutBlockFlow {DIV} at (0,240) size 100x10
        LayoutBlockFlow (floating) {DIV} at (0,250) size 100x46 [border: (3px solid #000000)]
          LayoutBlockFlow {DIV} at (3,3) size 60x20 [bgcolor=#C0C0C0]
          LayoutText {#text} at (0,0) size 0x0
          LayoutBlockFlow {DIV} at (3,23) size 60x20 [bgcolor=#C0C0C0]
          LayoutText {#text} at (0,0) size 0x0
