layer at (0,0) size 800x600
  LayoutView at (0,0) size 800x600
layer at (0,0) size 800x600
  LayoutBlockFlow {HTML} at (0,0) size 800x600
    LayoutBlockFlow {BODY} at (8,8) size 784x584
      LayoutBlockFlow {P} at (0,0) size 784x40
        LayoutText {#text} at (0,0) size 164x19
          text run at (0,0) width 164: "This is a regression test for "
        LayoutInline {I} at (0,0) size 737x39
          LayoutInline {A} at (0,0) size 350x19 [color=#0000EE]
            LayoutText {#text} at (164,0) size 350x19
              text run at (164,0) width 350: "http://bugzilla.opendarwin.org/show_bug.cgi?id=7395"
          LayoutText {#text} at (513,0) size 737x39
            text run at (513,0) width 5: " "
            text run at (517,0) width 220: "Table not properly re-flowed when"
            text run at (0,20) width 207: "floated div removed from layout"
        LayoutText {#text} at (206,20) size 5x19
          text run at (206,20) width 5: "."
      LayoutBlockFlow {P} at (0,56) size 784x20
        LayoutText {#text} at (0,0) size 250x19
          text run at (0,0) width 250: "The two boxes below should be identical."
      LayoutBlockFlow {HR} at (0,92) size 784x2 [border: (1px inset #EEEEEE)]
      LayoutBlockFlow {DIV} at (0,102) size 200x66 [bgcolor=#C0C0C0]
        LayoutTable {TABLE} at (0,0) size 200x66
          LayoutTableSection {TBODY} at (0,0) size 200x66
            LayoutTableRow {TR} at (0,2) size 200x62
              LayoutTableCell {TD} at (2,2) size 196x62 [r=0 c=0 rs=1 cs=1]
                LayoutText {#text} at (1,1) size 169x59
                  text run at (1,1) width 169: "Lorem ipsum dolor sit amet,"
                  text run at (1,21) width 164: "consectetuer adipiscing elit."
                  text run at (1,41) width 77: "Nunc neque."
      LayoutBlockFlow (anonymous) at (0,168) size 784x20
        LayoutBR {BR} at (0,0) size 0x19
      LayoutBlockFlow {DIV} at (0,188) size 200x66 [bgcolor=#C0C0C0]
        LayoutTable {TABLE} at (0,0) size 200x66
          LayoutTableSection {TBODY} at (0,0) size 200x66
            LayoutTableRow {TR} at (0,2) size 200x62
              LayoutTableCell {TD} at (2,2) size 196x62 [r=0 c=0 rs=1 cs=1]
                LayoutText {#text} at (1,1) size 169x59
                  text run at (1,1) width 169: "Lorem ipsum dolor sit amet,"
                  text run at (1,21) width 164: "consectetuer adipiscing elit."
                  text run at (1,41) width 77: "Nunc neque."
