layer at (0,0) size 800x600
  LayoutView at (0,0) size 800x600
layer at (0,0) size 800x600
  LayoutBlockFlow {HTML} at (0,0) size 800x600
    LayoutBlockFlow {BODY} at (8,8) size 784x584
      LayoutBlockFlow {P} at (0,0) size 784x20
        LayoutText {#text} at (0,0) size 50x19
          text run at (0,0) width 50: "Test for "
        LayoutInline {I} at (0,0) size 609x19
          LayoutInline {A} at (0,0) size 351x19 [color=#0000EE]
            LayoutText {#text} at (49,0) size 351x19
              text run at (49,0) width 351: "http://bugzilla.opendarwin.org/show_bug.cgi?id=6795"
          LayoutText {#text} at (399,0) size 259x19
            text run at (399,0) width 5: " "
            text run at (403,0) width 255: "Slow image load causes render problem"
        LayoutText {#text} at (657,0) size 5x19
          text run at (657,0) width 5: "."
      LayoutBlockFlow {P} at (0,36) size 784x20
        LayoutText {#text} at (0,0) size 269x19
          text run at (0,0) width 269: "There should be only one blue square below:"
      LayoutBlockFlow {DIV} at (0,72) size 784x140
        LayoutBlockFlow (anonymous) at (0,0) size 784x120
          LayoutBlockFlow (floating) {DIV} at (0,0) size 100x100 [bgcolor=#87CEEB]
          LayoutBlockFlow {DIV} at (100,0) size 50x120
          LayoutText {#text} at (0,0) size 0x0
        LayoutBlockFlow {DIV} at (0,120) size 784x20
