layer at (0,0) size 800x600
  LayoutView at (0,0) size 800x600
layer at (0,0) size 800x600
  LayoutBlockFlow {HTML} at (0,0) size 800x600
    LayoutBlockFlow {BODY} at (8,8) size 784x584
      LayoutMenuList {SELECT} at (0,0) size 57x18 [bgcolor=#F8F8F8]
        LayoutBlockFlow (anonymous) at (0,0) size 57x18
          LayoutText (anonymous) at (8,2) size 26x13
            text run at (8,2) width 26: "Hello"
      LayoutBlockFlow (anonymous) at (0,18) size 784x18
        LayoutText {#text} at (0,0) size 297x18
          text run at (0,0) width 297: "This text should be *below* the select widget."
