layer at (0,0) size 800x600
  LayoutView at (0,0) size 800x600
layer at (0,0) size 800x600
  LayoutBlockFlow {HTML} at (0,0) size 800x600
    LayoutBlockFlow {BODY} at (8,8) size 784x584
      LayoutText {#text} at (0,0) size 523x18
        text run at (0,0) width 523: "This tests that the whole listbox control is hidden when visibility is set to hidden. "
      LayoutBR {BR} at (522,14) size 1x0
      LayoutText {#text} at (0,0) size 0x0
hidden layer at (8,26) size 166x59 clip at (9,27) size 153x57
  LayoutListBox {SELECT} at (0,18) size 165.67x58.75 [bgcolor=#FFFFFF] [border: (1px solid #999999)]
    LayoutBlockFlow {OPTION} at (1,1) size 152.67x14.19
      LayoutText {#text} at (2,0) size 149x13
        text run at (2,0) width 149: "This text should not be visible"
