layer at (0,0) size 800x600
  LayoutView at (0,0) size 800x600
layer at (0,0) size 800x600
  LayoutBlockFlow {HTML} at (0,0) size 800x600
    LayoutBlockFlow {BODY} at (8,8) size 784x584
      LayoutText {#text} at (0,0) size 680x18
        text run at (0,0) width 680: "In the list box below, the text \"This text should appear\" should be shown as the first entry into the list box."
      LayoutBR {BR} at (679,14) size 1x0
      LayoutText {#text} at (0,0) size 0x0
layer at (8,26) size 134x73 clip at (9,27) size 121x71
  LayoutListBox {SELECT} at (0,18) size 134.41x72.94 [bgcolor=#FFFFFF] [border: (1px solid #999999)]
    LayoutBlockFlow {OPTION} at (1,1) size 121.41x14.19
      LayoutText {#text} at (2,0) size 118x13
        text run at (2,0) width 118: "This text should appear"
