layer at (0,0) size 800x600
  LayoutView at (0,0) size 800x600
layer at (0,0) size 800x600
  LayoutBlockFlow {HTML} at (0,0) size 800x600
    LayoutBlockFlow {BODY} at (8,8) size 784x584
      LayoutBlockFlow {P} at (0,0) size 784x36
        LayoutText {#text} at (0,0) size 54x18
          text run at (0,0) width 54: "Test for "
        LayoutInline {I} at (0,0) size 775x36
          LayoutInline {A} at (0,0) size 305x18 [color=#0000EE]
            LayoutText {#text} at (53,0) size 305x18
              text run at (53,0) width 305: "http://bugs.webkit.org/show_bug.cgi?id=13500"
          LayoutText {#text} at (357,0) size 775x36
            text run at (357,0) width 5: " "
            text run at (361,0) width 414: "REGRESSION: Listbox scrollbar does not reflect actual scrolled"
            text run at (0,18) width 326: "position when selected option is added after layout"
        LayoutText {#text} at (325,18) size 5x18
          text run at (325,18) width 5: "."
      LayoutBlockFlow {P} at (0,52) size 784x36
        LayoutText {#text} at (0,0) size 744x36
          text run at (0,0) width 501: "The list box should be scrolled all the way down, showing the selected option "
          text run at (500,0) width 244: "\x{201C}Seven\x{201D}. The scroller should be at the"
          text run at (0,18) width 155: "bottom of the scroll bar "
          text run at (154,18) width 88: "to reflect this."
      LayoutBlockFlow (anonymous) at (0,104) size 784x58.75
        LayoutText {#text} at (0,0) size 0x0
layer at (8,112) size 48x59 clip at (9,113) size 35x57 scrollY 42.00 scrollHeight 99
  LayoutListBox {SELECT} at (0,0) size 48.06x58.75 [bgcolor=#FFFFFF] [border: (1px solid #999999)]
    LayoutBlockFlow {OPTION} at (1,1) size 35.06x14.19
      LayoutText {#text} at (2,0) size 21x13
        text run at (2,0) width 21: "One"
    LayoutBlockFlow {OPTION} at (1,15.19) size 35.06x14.19
      LayoutText {#text} at (2,0) size 21x13
        text run at (2,0) width 21: "Two"
    LayoutBlockFlow {OPTION} at (1,29.38) size 35.06x14.19
      LayoutText {#text} at (2,0) size 29x13
        text run at (2,0) width 29: "Three"
    LayoutBlockFlow {OPTION} at (1,43.56) size 35.06x14.19
      LayoutText {#text} at (2,0) size 23x13
        text run at (2,0) width 23: "Four"
    LayoutBlockFlow {OPTION} at (1,57.75) size 35.06x14.19
      LayoutText {#text} at (2,0) size 21x13
        text run at (2,0) width 21: "Five"
    LayoutBlockFlow {OPTION} at (1,71.94) size 35.06x14.19
      LayoutText {#text} at (2,0) size 16x13
        text run at (2,0) width 16: "Six"
    LayoutBlockFlow {OPTION} at (1,86.13) size 35.06x14.19 [bgcolor=#D4D4D4]
      LayoutText {#text} at (2,0) size 32x13
        text run at (2,0) width 32: "Seven"
