Tests <select> text update when popup is visible and selectionIndex changes.
Needs run-layout-test.

layer at (0,0) size 40x18 backgroundClip at (8,50) size 40x18 clip at (8,50) size 40x18
  LayoutBlockFlow (positioned) {DIV} at (8,50) size 40x18
    LayoutMenuList {SELECT} at (0,0) size 40x18 [bgcolor=#F8F8F8]
      LayoutBlockFlow (anonymous) at (0,0) size 40x18
        LayoutText (anonymous) at (8,2) size 9x13
          text run at (8,2) width 9: "C"
    LayoutText {#text} at (0,0) size 0x0

