layer at (0,0) size 800x600
  LayoutView at (0,0) size 800x600
layer at (0,0) size 800x600
  LayoutBlockFlow {HTML} at (0,0) size 800x600
    LayoutBlockFlow {BODY} at (8,8) size 784x584
      LayoutMenuList {SELECT} at (0,1) size 67x18 [bgcolor=#F8F8F8]
        LayoutBlockFlow (anonymous) at (0,0) size 67x18
          LayoutText (anonymous) at (8,2) size 36x13
            text run at (8,2) width 36: "Default"
      LayoutText {#text} at (67,0) size 4x18
        text run at (67,0) width 4: " "
      LayoutMenuList {SELECT} at (71,1) size 52x18 [bgcolor=#F8F8F8]
        LayoutBlockFlow (anonymous) at (0,0) size 52x18
          LayoutText (anonymous) at (8,2) size 21x13
            text run at (8,2) width 21: "Red"
      LayoutText {#text} at (123,0) size 4x18
        text run at (123,0) width 4: " "
      LayoutMenuList {SELECT} at (127,1) size 106x18 [bgcolor=#008000] [border: (1px solid #A6A6A6)]
        LayoutBlockFlow (anonymous) at (1,1) size 104x16
          LayoutText (anonymous) at (8,1) size 83x13
            text run at (8,1) width 83: "Default on green"
      LayoutText {#text} at (233,0) size 4x18
        text run at (233,0) width 4: " "
      LayoutMenuList {SELECT} at (237,1) size 91x18 [color=#FF0000] [bgcolor=#008000] [border: (1px solid #A6A6A6)]
        LayoutBlockFlow (anonymous) at (1,1) size 89x16
          LayoutText (anonymous) at (8,1) size 68x13
            text run at (8,1) width 68: "Red on green"
      LayoutText {#text} at (0,0) size 0x0
