layer at (0,0) size 800x600
  LayoutView at (0,0) size 800x600
layer at (0,0) size 800x600
  LayoutBlockFlow {HTML} at (0,0) size 800x600
    LayoutBlockFlow {BODY} at (8,8) size 784x584
      LayoutBlockFlow {P} at (0,0) size 784x36
        LayoutText {#text} at (0,0) size 120x18
          text run at (0,0) width 120: "Rendering test for "
        LayoutInline {I} at (0,0) size 775x36
          LayoutInline {A} at (0,0) size 306x18 [color=#0000EE]
            LayoutText {#text} at (119,0) size 306x18
              text run at (119,0) width 306: "http://bugs.webkit.org/show_bug.cgi?id=15156"
          LayoutText {#text} at (424,0) size 775x36
            text run at (424,0) width 5: " "
            text run at (428,0) width 347: "REGRESSION (r24594-r24668): The bottom of styled"
            text run at (0,18) width 221: "<select> button text is clipped out"
        LayoutText {#text} at (220,18) size 5x18
          text run at (220,18) width 5: "."
      LayoutBlockFlow (anonymous) at (0,52) size 784x30
        LayoutMenuList {SELECT} at (0,0) size 50x30 [bgcolor=#F8F8F8] [border: (1px solid #A6A6A6)]
          LayoutBlockFlow (anonymous) at (1,4.50) size 48x21
            LayoutText (anonymous) at (0,0) size 48x21
              text run at (0,0) width 48: "Apple"
        LayoutText {#text} at (0,0) size 0x0
