layer at (0,0) size 800x600
  LayoutView at (0,0) size 800x600
layer at (0,0) size 800x600
  LayoutBlockFlow {HTML} at (0,0) size 800x600
    LayoutBlockFlow {BODY} at (8,8) size 784x584
      LayoutText {#text} at (0,0) size 344x18
        text run at (0,0) width 109: "TEST PASSED: "
        text run at (108,0) width 236: "If the popup menu only says \"Text\". "
      LayoutBR {BR} at (343,14) size 1x0
      LayoutText {#text} at (0,18) size 426x18
        text run at (0,18) width 107: "TEST FAILED: "
        text run at (106,18) width 320: "If the popup menu says \"document.write('Text')\". "
      LayoutBR {BR} at (425,32) size 1x0
      LayoutMenuList {SELECT} at (0,36) size 52x18 [bgcolor=#F8F8F8]
        LayoutBlockFlow (anonymous) at (0,0) size 52x18
          LayoutText (anonymous) at (8,2) size 21x13
            text run at (8,2) width 21: "Text"
      LayoutText {#text} at (0,0) size 0x0
