layer at (0,0) size 800x600
  LayoutView at (0,0) size 800x600
layer at (0,0) size 800x600
  LayoutBlockFlow {HTML} at (0,0) size 800x600
    LayoutBlockFlow {BODY} at (8,8) size 784x584
      LayoutBlockFlow (anonymous) at (0,0) size 784x18
        LayoutText {#text} at (0,0) size 551x18
          text run at (0,0) width 551: "This tests that backgrounds for list box items draw correctly when a list box is a block"
        LayoutBR {BR} at (551,14) size 0x0
layer at (8,26) size 45x59 clip at (9,27) size 32x57
  LayoutListBox {SELECT} at (0,18) size 45.17x58.75 [bgcolor=#FFFFFF] [border: (1px solid #999999)]
    LayoutBlockFlow {OPTION} at (1,1) size 32.17x14.19 [bgcolor=#D4D4D4]
      LayoutText {#text} at (2,0) size 29x13
        text run at (2,0) width 29: "Item1"
