layer at (0,0) size 800x600
  LayoutView at (0,0) size 800x600
layer at (0,0) size 800x600
  LayoutBlockFlow {HTML} at (0,0) size 800x600
    LayoutBlockFlow {BODY} at (8,8) size 784x584
      LayoutMenuList {SELECT} at (0,0) size 247x18 [bgcolor=#F8F8F8]
        LayoutBlockFlow (anonymous) at (0,0) size 247x18
          LayoutText (anonymous) at (8,2) size 156x13
            text run at (8,2) width 156: "should see this option selected"
      LayoutText {#text} at (0,0) size 0x0
