layer at (0,0) size 800x600
  LayoutView at (0,0) size 800x600
layer at (0,0) size 800x600
  LayoutBlockFlow {HTML} at (0,0) size 800x600
    LayoutBlockFlow {BODY} at (8,8) size 784x584
      LayoutBlockFlow {P} at (0,0) size 784x36
        LayoutText {#text} at (0,0) size 54x18
          text run at (0,0) width 54: "Test for "
        LayoutInline {I} at (0,0) size 716x36
          LayoutInline {A} at (0,0) size 305x18 [color=#0000EE]
            LayoutText {#text} at (53,0) size 305x18
              text run at (53,0) width 305: "http://bugs.webkit.org/show_bug.cgi?id=13775"
          LayoutText {#text} at (357,0) size 716x36
            text run at (357,0) width 5: " "
            text run at (361,0) width 355: "REGRESSION: Popup button text should use \"natural\""
            text run at (0,18) width 330: "directionality to match the items in the popup menu"
        LayoutText {#text} at (329,18) size 5x18
          text run at (329,18) width 5: "."
      LayoutBlockFlow {P} at (0,52) size 784x19
        LayoutText {#text} at (0,1) size 676x18
          text run at (0,1) width 518: "In all of the popup buttons below, the letter A should be on the left and the letter "
          text run at (517,1) width 11 RTL: "\x{5D0}"
          text run at (527,1) width 149: " should be on the right."
      LayoutBlockFlow {DIV} at (0,87) size 784x38
        LayoutBlockFlow {DIV} at (0,0) size 784x19
          LayoutMenuList {SELECT} at (0,1) size 70x18 [bgcolor=#F8F8F8]
            LayoutBlockFlow (anonymous) at (0,0) size 70x18
              LayoutText (anonymous) at (8,2) size 15x13
                text run at (8,2) width 8 RTL: "\x{5D0}"
                text run at (15,2) width 8: "A"
          LayoutText {#text} at (70,0) size 4x18
            text run at (70,0) width 4: " "
          LayoutMenuList {SELECT} at (74,1) size 70x18 [bgcolor=#F8F8F8]
            LayoutBlockFlow (anonymous) at (0,0) size 70x18
              LayoutText (anonymous) at (8,2) size 15x13
                text run at (8,2) width 8: "A"
                text run at (15,2) width 8 RTL: "\x{5D0}"
          LayoutText {#text} at (144,0) size 4x18
            text run at (144,0) width 4: " "
          LayoutMenuList {SELECT} at (148,1) size 70x18 [bgcolor=#F8F8F8]
            LayoutBlockFlow (anonymous) at (0,0) size 70x18
              LayoutText (anonymous) at (8,2) size 18x13
                text run at (8,2) width 3: "("
                text run at (10,2) width 8 RTL: "\x{5D0}"
                text run at (17,2) width 9: "A"
          LayoutText {#text} at (218,0) size 4x18
            text run at (218,0) width 4: " "
          LayoutMenuList {SELECT} at (222,1) size 70x18 [bgcolor=#F8F8F8]
            LayoutBlockFlow (anonymous) at (0,0) size 70x18
              LayoutText (anonymous) at (8,2) size 18x13
                text run at (8,2) width 11: "(A"
                text run at (18,2) width 8 RTL: "\x{5D0}"
          LayoutText {#text} at (0,0) size 0x0
        LayoutBlockFlow {DIV} at (0,19) size 784x19
          LayoutMenuList {SELECT} at (492,1) size 70x18 [bgcolor=#F8F8F8]
            LayoutBlockFlow (anonymous) at (0,0) size 70x18
              LayoutText (anonymous) at (8,2) size 15x13
                text run at (8,2) width 8 RTL: "\x{5D0}"
                text run at (15,2) width 8: "A"
          LayoutText {#text} at (562,0) size 4x18
            text run at (562,0) width 4: " "
          LayoutMenuList {SELECT} at (566,1) size 70x18 [bgcolor=#F8F8F8]
            LayoutBlockFlow (anonymous) at (0,0) size 70x18
              LayoutText (anonymous) at (8,2) size 15x13
                text run at (8,2) width 8: "A"
                text run at (15,2) width 8 RTL: "\x{5D0}"
          LayoutText {#text} at (636,0) size 4x18
            text run at (636,0) width 4: " "
          LayoutMenuList {SELECT} at (640,1) size 70x18 [bgcolor=#F8F8F8]
            LayoutBlockFlow (anonymous) at (0,0) size 70x18
              LayoutText (anonymous) at (8,2) size 18x13
                text run at (8,2) width 3: "("
                text run at (10,2) width 8 RTL: "\x{5D0}"
                text run at (17,2) width 9: "A"
          LayoutText {#text} at (710,0) size 4x18
            text run at (710,0) width 4: " "
          LayoutMenuList {SELECT} at (714,1) size 70x18 [bgcolor=#F8F8F8]
            LayoutBlockFlow (anonymous) at (0,0) size 70x18
              LayoutText (anonymous) at (8,2) size 18x13
                text run at (8,2) width 11: "(A"
                text run at (18,2) width 8 RTL: "\x{5D0}"
          LayoutText {#text} at (0,0) size 0x0
      LayoutBlockFlow {DIV} at (0,125) size 784x38
        LayoutBlockFlow {DIV} at (0,0) size 784x19
          LayoutMenuList {SELECT} at (222,1) size 70x18 [bgcolor=#F8F8F8]
            LayoutBlockFlow (anonymous) at (0,0) size 70x18
              LayoutText (anonymous) at (47,2) size 15x13
                text run at (47,2) width 8: "A"
                text run at (54,2) width 8 RTL: "\x{5D0}"
          LayoutText {#text} at (218,0) size 4x18
            text run at (218,0) width 4 RTL: " "
          LayoutMenuList {SELECT} at (148,1) size 70x18 [bgcolor=#F8F8F8]
            LayoutBlockFlow (anonymous) at (0,0) size 70x18
              LayoutText (anonymous) at (47,2) size 15x13
                text run at (47,2) width 8 RTL: "\x{5D0}"
                text run at (54,2) width 8: "A"
          LayoutText {#text} at (144,0) size 4x18
            text run at (144,0) width 4 RTL: " "
          LayoutMenuList {SELECT} at (74,1) size 70x18 [bgcolor=#F8F8F8]
            LayoutBlockFlow (anonymous) at (0,0) size 70x18
              LayoutText (anonymous) at (44,2) size 18x13
                text run at (44,2) width 9: "A"
                text run at (52,2) width 10 RTL: "(\x{5D0}"
          LayoutText {#text} at (70,0) size 4x18
            text run at (70,0) width 4 RTL: " "
          LayoutMenuList {SELECT} at (0,1) size 70x18 [bgcolor=#F8F8F8]
            LayoutBlockFlow (anonymous) at (0,0) size 70x18
              LayoutText (anonymous) at (44,2) size 18x13
                text run at (44,2) width 8 RTL: "\x{5D0}"
                text run at (51,2) width 9: "A"
                text run at (59,2) width 3 RTL: "("
          LayoutText {#text} at (0,0) size 0x0
        LayoutBlockFlow {DIV} at (0,19) size 784x19
          LayoutMenuList {SELECT} at (714,1) size 70x18 [bgcolor=#F8F8F8]
            LayoutBlockFlow (anonymous) at (0,0) size 70x18
              LayoutText (anonymous) at (47,2) size 15x13
                text run at (47,2) width 8: "A"
                text run at (54,2) width 8 RTL: "\x{5D0}"
          LayoutText {#text} at (710,0) size 4x18
            text run at (710,0) width 4 RTL: " "
          LayoutMenuList {SELECT} at (640,1) size 70x18 [bgcolor=#F8F8F8]
            LayoutBlockFlow (anonymous) at (0,0) size 70x18
              LayoutText (anonymous) at (47,2) size 15x13
                text run at (47,2) width 8 RTL: "\x{5D0}"
                text run at (54,2) width 8: "A"
          LayoutText {#text} at (636,0) size 4x18
            text run at (636,0) width 4 RTL: " "
          LayoutMenuList {SELECT} at (566,1) size 70x18 [bgcolor=#F8F8F8]
            LayoutBlockFlow (anonymous) at (0,0) size 70x18
              LayoutText (anonymous) at (44,2) size 18x13
                text run at (44,2) width 9: "A"
                text run at (52,2) width 10 RTL: "(\x{5D0}"
          LayoutText {#text} at (562,0) size 4x18
            text run at (562,0) width 4 RTL: " "
          LayoutMenuList {SELECT} at (492,1) size 70x18 [bgcolor=#F8F8F8]
            LayoutBlockFlow (anonymous) at (0,0) size 70x18
              LayoutText (anonymous) at (44,2) size 18x13
                text run at (44,2) width 8 RTL: "\x{5D0}"
                text run at (51,2) width 9: "A"
                text run at (59,2) width 3 RTL: "("
          LayoutText {#text} at (0,0) size 0x0
