layer at (0,0) size 800x600
  LayoutView at (0,0) size 800x600
layer at (0,0) size 800x92
  LayoutBlockFlow {HTML} at (0,0) size 800x92
    LayoutBlockFlow {BODY} at (8,16) size 784x68
      LayoutBlockFlow {P} at (0,0) size 784x18
        LayoutText {#text} at (0,0) size 221x18
          text run at (0,0) width 221: "The background should be yellow."
      LayoutBlockFlow (anonymous) at (0,34) size 784x34
        LayoutMenuList {SELECT} at (0,0) size 168x34 [bgcolor=#FAFFBD] [border: (1px solid #A6A6A6)]
          LayoutBlockFlow (anonymous) at (1,6.50) size 166x21
            LayoutText (anonymous) at (8,1) size 23x18
              text run at (8,1) width 23: "CA"
        LayoutText {#text} at (0,0) size 0x0
