layer at (0,0) size 800x600
  LayoutView at (0,0) size 800x600
layer at (0,0) size 800x600
  LayoutBlockFlow {HTML} at (0,0) size 800x600
    LayoutBlockFlow {BODY} at (8,8) size 784x584
      LayoutBlockFlow {P} at (0,0) size 784x18
        LayoutText {#text} at (0,0) size 372x18
          text run at (0,0) width 372: "The select below has a size of 3, but a much larger height."
      LayoutBlockFlow (anonymous) at (0,34) size 784x250
        LayoutText {#text} at (0,0) size 0x0
layer at (8,42) size 55x250 clip at (9,43) size 42x248
  LayoutListBox {SELECT} at (0,0) size 54.69x250 [bgcolor=#FFFFFF] [border: (1px solid #999999)]
    LayoutBlockFlow {OPTION} at (1,1) size 41.69x14.19
      LayoutText {#text} at (2,0) size 19x13
        text run at (2,0) width 19: "one"
    LayoutBlockFlow {OPTION} at (1,15.19) size 41.69x14.19
      LayoutText {#text} at (2,0) size 19x13
        text run at (2,0) width 19: "two"
    LayoutBlockFlow {OPTION} at (1,29.38) size 41.69x14.19
      LayoutText {#text} at (2,0) size 26x13
        text run at (2,0) width 26: "three"
    LayoutBlockFlow {OPTION} at (1,43.56) size 41.69x14.19
      LayoutText {#text} at (2,0) size 20x13
        text run at (2,0) width 20: "four"
    LayoutBlockFlow {OPTION} at (1,57.75) size 41.69x14.19
      LayoutText {#text} at (2,0) size 18x13
        text run at (2,0) width 18: "five"
    LayoutBlockFlow {OPTION} at (1,71.94) size 41.69x14.19
      LayoutText {#text} at (2,0) size 14x13
        text run at (2,0) width 14: "six"
    LayoutBlockFlow {OPTION} at (1,86.13) size 41.69x14.19
      LayoutText {#text} at (2,0) size 30x13
        text run at (2,0) width 30: "seven"
    LayoutBlockFlow {OPTION} at (1,100.31) size 41.69x14.19
      LayoutText {#text} at (2,0) size 25x13
        text run at (2,0) width 25: "eight"
    LayoutBlockFlow {OPTION} at (1,114.50) size 41.69x14.19
      LayoutText {#text} at (2,0) size 21x13
        text run at (2,0) width 21: "nine"
    LayoutBlockFlow {OPTION} at (1,128.69) size 41.69x14.19
      LayoutText {#text} at (2,0) size 16x13
        text run at (2,0) width 16: "ten"
    LayoutBlockFlow {OPTION} at (1,142.88) size 41.69x14.19
      LayoutText {#text} at (2,0) size 33x13
        text run at (2,0) width 33: "eleven"
    LayoutBlockFlow {OPTION} at (1,157.06) size 41.69x14.19
      LayoutText {#text} at (2,0) size 33x13
        text run at (2,0) width 33: "twelve"
    LayoutBlockFlow {OPTION} at (1,171.25) size 41.69x14.19
      LayoutText {#text} at (2,0) size 38x13
        text run at (2,0) width 38: "thirteen"
