layer at (0,0) size 800x600
  LayoutView at (0,0) size 800x600
layer at (0,0) size 800x76
  LayoutBlockFlow {HTML} at (0,0) size 800x76
    LayoutBlockFlow {BODY} at (8,16) size 784x52
      LayoutBlockFlow {P} at (0,0) size 784x18
        LayoutText {#text} at (0,0) size 194x18
          text run at (0,0) width 194: "There should be no red below."
      LayoutBlockFlow {DIV} at (0,34) size 784x18
        LayoutText {#text} at (0,0) size 31x18
          text run at (0,0) width 31: "Test:"
      LayoutBlockFlow {DIV} at (160,52) size 624x0 [color=#FF0000] [bgcolor=#00FF00]
        LayoutInline {SPAN} at (0,0) size 303x18 [color=#000000]
          LayoutText {#text} at (0,-9) size 303x18
            text run at (0,-9) width 303: "This sentence should have a green background."
        LayoutText {#text} at (0,0) size 0x0
