layer at (0,0) size 800x600
  LayoutView at (0,0) size 800x600
layer at (0,0) size 800x600
  LayoutBlockFlow {HTML} at (0,0) size 800x600
    LayoutBlockFlow {BODY} at (8,8) size 784x576
      LayoutBlockFlow {DL} at (0,0) size 784x36
        LayoutBlockFlow {DT} at (0,0) size 784x18
          LayoutText {#text} at (0,0) size 60x18
            text run at (0,0) width 60: "Line One"
        LayoutBlockFlow {DT} at (0,18) size 784x18
          LayoutText {#text} at (0,0) size 34x18
            text run at (0,0) width 34: "Line "
          LayoutInline {SPAN} at (0,0) size 29x18
            LayoutText {#text} at (33,0) size 29x18
              text run at (33,0) width 29: "Two"
