layer at (0,0) size 800x600
  LayoutView at (0,0) size 800x600
layer at (0,0) size 800x186
  LayoutBlockFlow {test} at (0,0) size 800x186
    LayoutBlockFlow {div} at (0,16) size 800x154
      LayoutBlockFlow {p} at (0,0) size 800x18
        LayoutText {#text} at (0,0) size 225x18
          text run at (0,0) width 225: "This paragraph should be unstyled."
      LayoutBlockFlow {p} at (0,34) size 800x18 [bgcolor=#00FF00]
        LayoutText {#text} at (0,0) size 289x18
          text run at (0,0) width 289: "But this one should have a green background"
      LayoutBlockFlow {p} at (0,68) size 800x18 [bgcolor=#00FF00]
        LayoutText {#text} at (0,0) size 323x18
          text run at (0,0) width 323: "And this one should also have a green background"
      LayoutBlockFlow {address} at (0,102) size 800x18
        LayoutText {#text} at (0,0) size 436x18
          text run at (0,0) width 436: "This address is only here to fill some space between two paragraphs"
      LayoutBlockFlow {p} at (0,136) size 800x18 [bgcolor=#00FF00]
        LayoutText {#text} at (0,0) size 308x18
          text run at (0,0) width 308: "This paragraph should have a green background"
