layer at (0,0) size 800x600
  LayoutView at (0,0) size 800x600
layer at (0,0) size 800x118
  LayoutBlockFlow {test} at (0,0) size 800x118
    LayoutBlockFlow {div} at (0,16) size 800x86
      LayoutBlockFlow {p} at (0,0) size 800x18
        LayoutText {#text} at (0,0) size 307x18
          text run at (0,0) width 307: "This paragraph should have normal background"
      LayoutBlockFlow {address} at (0,34) size 800x18 [bgcolor=#00FF00]
        LayoutText {#text} at (0,0) size 304x18
          text run at (0,0) width 304: "But this address should have green background"
      LayoutBlockFlow {p} at (0,68) size 800x18
        LayoutText {#text} at (0,0) size 307x18
          text run at (0,0) width 307: "This paragraph should have normal background"
