layer at (0,0) size 800x600
  LayoutView at (0,0) size 800x600
layer at (0,0) size 800x118
  LayoutBlockFlow {test} at (0,0) size 800x118
    LayoutBlockFlow {div} at (0,16) size 800x86
      LayoutBlockFlow {p} at (0,0) size 800x18 [bgcolor=#008000]
        LayoutText {#text} at (0,0) size 561x18
          text run at (0,0) width 390: "This paragraph should have a green background because the "
          text run at (389,0) width 172: "enclosing div is in english."
      LayoutBlockFlow {p} at (0,34) size 800x18 [bgcolor=#008000]
        LayoutText {#text} at (0,0) size 461x18
          text run at (0,0) width 367: "This paragraph should have a green background because "
          text run at (366,0) width 95: "it is in english."
      LayoutBlockFlow {div} at (0,68) size 800x18 [bgcolor=#FF0000]
        LayoutBlockFlow {p} at (0,0) size 800x18 [bgcolor=#008000]
          LayoutText {#text} at (0,0) size 461x18
            text run at (0,0) width 312: "This paragraph should have a green background "
            text run at (311,0) width 150: "because it is in english."
