layer at (0,0) size 800x600
  LayoutView at (0,0) size 800x600
layer at (0,0) size 800x186
  LayoutBlockFlow {test} at (0,0) size 800x186
    LayoutBlockFlow {p} at (0,16) size 800x18
      LayoutText {#text} at (0,0) size 185x18
        text run at (0,0) width 185: "This line should be unstyled."
    LayoutBlockFlow {p} at (0,50) size 800x18 [bgcolor=#00FF00]
      LayoutText {#text} at (0,0) size 272x18
        text run at (0,0) width 272: "This line should have a green background."
    LayoutBlockFlow {q} at (0,84) size 800x18 [bgcolor=#00FF00]
      LayoutText {#text} at (0,0) size 272x18
        text run at (0,0) width 272: "This line should have a green background."
    LayoutBlockFlow {p} at (0,118) size 800x18
      LayoutText {#text} at (0,0) size 192x18
        text run at (0,0) width 192: "This line should be unstyleed."
    LayoutBlockFlow {p} at (0,152) size 800x18 [bgcolor=#00FF00]
      LayoutText {#text} at (0,0) size 272x18
        text run at (0,0) width 272: "This line should have a green background."
