layer at (0,0) size 800x600
  LayoutView at (0,0) size 800x600
layer at (0,0) size 800x86
  LayoutBlockFlow {test} at (0,0) size 800x86
    LayoutBlockFlow {ul} at (0,16) size 800x54
      LayoutListItem {li} at (40,0) size 760x18 [bgcolor=#00FF00]
        LayoutListMarker (anonymous) at (-17,0) size 7x18: bullet
        LayoutText {#text} at (0,0) size 438x18
          text run at (0,0) width 438: "This list item should have green background because its class is \"t1\""
      LayoutListItem {li} at (40,18) size 760x18 [bgcolor=#00FF00]
        LayoutListMarker (anonymous) at (-17,0) size 7x18: bullet
        LayoutText {#text} at (0,0) size 438x18
          text run at (0,0) width 438: "This list item should have green background because its class is \"t2\""
      LayoutListItem {li} at (40,36) size 760x18 [bgcolor=#00FF00]
        LayoutListMarker (anonymous) at (-17,0) size 7x18: bullet
        LayoutInline {span} at (0,0) size 604x18
          LayoutText {#text} at (0,0) size 604x18
            text run at (0,0) width 344: "This list item should have green background because "
            text run at (343,0) width 261: "the inner SPAN does not match SPAN.t3"
        LayoutText {#text} at (0,0) size 0x0
