layer at (0,0) size 800x600
  LayoutView at (0,0) size 800x600
layer at (0,0) size 800x152
  LayoutBlockFlow {test} at (0,0) size 800x152
    LayoutBlockFlow {div} at (0,16) size 800x120
      LayoutBlockFlow {p} at (0,0) size 800x18 [bgcolor=#00FF00]
        LayoutText {#text} at (0,0) size 312x18
          text run at (0,0) width 312: "This paragraph should have a green background."
      LayoutBlockFlow {p} at (0,34) size 800x18 [bgcolor=#00FF00]
        LayoutText {#text} at (0,0) size 312x18
          text run at (0,0) width 312: "This paragraph should have a green background."
      LayoutBlockFlow {p} at (0,68) size 800x18 [bgcolor=#00FF00]
        LayoutText {#text} at (0,0) size 312x18
          text run at (0,0) width 312: "This paragraph should have a green background."
      LayoutBlockFlow {p} at (0,102) size 800x18 [bgcolor=#FF0000]
        LayoutBlockFlow {l} at (0,0) size 800x18 [bgcolor=#00FF00]
          LayoutText {#text} at (0,0) size 312x18
            text run at (0,0) width 312: "This paragraph should have a green background."
