layer at (0,0) size 800x600
  LayoutView at (0,0) size 800x600
layer at (0,0) size 800x146
  LayoutBlockFlow {test} at (0,0) size 800x146
    LayoutBlockFlow {div} at (0,16) size 800x114
      LayoutBlockFlow {p} at (0,0) size 800x18
        LayoutText {#text} at (0,0) size 260x18
          text run at (0,0) width 260: "The following two bars should be green."
      LayoutBlockFlow {div} at (16,34) size 768x32 [bgcolor=#00FF00]
      LayoutBlockFlow {div} at (16,82) size 768x32 [bgcolor=#00FF00]
