layer at (0,0) size 800x600
  LayoutView at (0,0) size 800x600
layer at (0,0) size 800x84
  LayoutBlockFlow {test} at (0,0) size 800x84
    LayoutBlockFlow {p} at (0,16) size 800x18
      LayoutText {#text} at (0,0) size 84x18
        text run at (0,0) width 84: "This test has "
      LayoutInline {span} at (0,0) size 60x18
        LayoutInline {<pseudo:after>} at (0,0) size 60x18 [bgcolor=#00FF00]
          LayoutTextFragment (anonymous) at (83,0) size 60x18
            text run at (83,0) width 60: "PASSED"
      LayoutText {#text} at (142,0) size 5x18
        text run at (142,0) width 5: "."
    LayoutBlockFlow {p} at (0,50) size 800x18
      LayoutText {#text} at (0,0) size 457x18
        text run at (0,0) width 457: "(If the previous line just reads \"This test has .\" then this test has failed.)"
