layer at (0,0) size 800x600
  LayoutView at (0,0) size 800x600
layer at (0,0) size 800x136
  LayoutBlockFlow {test} at (0,0) size 800x136
    LayoutBlockFlow {div} at (0,0) size 800x120
      LayoutBlockFlow {address} at (0,0) size 800x18 [bgcolor=#00FF00]
        LayoutText {#text} at (0,0) size 294x18
          text run at (0,0) width 294: "This address should have a green background"
      LayoutBlockFlow {s} at (0,34) size 800x18 [bgcolor=#00FF00]
        LayoutText {#text} at (0,0) size 308x18
          text run at (0,0) width 308: "This paragraph should have a green background"
      LayoutBlockFlow {t} at (0,68) size 800x18 [bgcolor=#00FF00]
        LayoutText {#text} at (0,0) size 308x18
          text run at (0,0) width 308: "This paragraph should have a green background"
      LayoutBlockFlow {u} at (0,102) size 800x18 [bgcolor=#00FF00]
        LayoutText {#text} at (0,0) size 308x18
          text run at (0,0) width 308: "This paragraph should have a green background"
