layer at (0,0) size 800x600
  LayoutView at (0,0) size 800x600
layer at (0,0) size 800x86
  LayoutBlockFlow {test} at (0,0) size 800x86
    LayoutBlockFlow {ul} at (0,16) size 800x54
      LayoutListItem {li} at (40,0) size 760x18 [bgcolor=#00FF00]
        LayoutListMarker (anonymous) at (-17,0) size 7x18: bullet
        LayoutText {#text} at (0,0) size 439x18
          text run at (0,0) width 439: "This list item should have a green background. because its ID is \"t1\""
      LayoutListItem {li} at (40,18) size 760x18 [bgcolor=#00FF00]
        LayoutListMarker (anonymous) at (-17,0) size 7x18: bullet
        LayoutText {#text} at (0,0) size 439x18
          text run at (0,0) width 439: "This list item should have a green background. because its ID is \"t2\""
      LayoutListItem {li} at (40,36) size 760x18 [bgcolor=#00FF00]
        LayoutListMarker (anonymous) at (-17,0) size 7x18: bullet
        LayoutInline {span} at (0,0) size 597x18
          LayoutText {#text} at (0,0) size 597x18
            text run at (0,0) width 597: "This list item should have a green background. because the inner SPAN does not match \"#t4\""
