layer at (0,0) size 800x600
  LayoutView at (0,0) size 800x600
layer at (0,0) size 800x68
  LayoutBlockFlow {test} at (0,0) size 800x68
    LayoutBlockFlow {p} at (0,16) size 800x36
      LayoutInline {<pseudo:before>} at (0,0) size 177x18 [bgcolor=#00FF00]
        LayoutTextFragment (anonymous) at (0,0) size 177x18
          text run at (0,0) width 177: "GENERATED CONTENT "
      LayoutText {#text} at (176,0) size 730x36
        text run at (176,0) width 554: "You should see before this paragraph the words GENERATED CONTENT over green"
        text run at (0,18) width 76: "background"
