layer at (0,0) size 800x600
  LayoutView at (0,0) size 800x600
layer at (0,0) size 800x18
  LayoutBlockFlow {test} at (0,0) size 800x18
    LayoutBlockFlow {address} at (0,0) size 800x16 [bgcolor=#00FF00]
    LayoutBlockFlow {div} at (0,0) size 800x18
      LayoutText {#text} at (0,0) size 272x18
        text run at (0,0) width 272: "This line should have a green background."
