layer at (0,0) size 800x600
  LayoutView at (0,0) size 800x600
layer at (0,0) size 800x186
  LayoutBlockFlow {test} at (0,0) size 800x186
    LayoutBlockFlow {div} at (0,16) size 800x154
      LayoutBlockFlow {p} at (0,0) size 800x18
        LayoutInline {span} at (0,0) size 376x18 [bgcolor=#00FF00]
          LayoutText {#text} at (0,0) size 376x18
            text run at (0,0) width 376: "The text in this paragraph should have a green background"
        LayoutText {#text} at (0,0) size 0x0
      LayoutBlockFlow {address} at (16,34) size 768x18 [bgcolor=#00FF00]
        LayoutText {#text} at (0,0) size 294x18
          text run at (0,0) width 294: "This address should have a green background"
      LayoutBlockFlow {q} at (16,68) size 768x18 [bgcolor=#00FF00]
        LayoutText {#text} at (0,0) size 441x18
          text run at (0,0) width 441: "This element in another namespace should have a green background."
      LayoutBlockFlow {r} at (16,102) size 768x18 [bgcolor=#00FF00]
        LayoutText {#text} at (0,0) size 437x18
          text run at (0,0) width 437: "This element without a namespace should have a green background."
      LayoutBlockFlow {p} at (0,136) size 800x18
        LayoutText {#text} at (0,0) size 225x18
          text run at (0,0) width 225: "This paragraph should be unstyled."
