layer at (0,0) size 800x600
  LayoutView at (0,0) size 800x600
layer at (0,0) size 800x68
  LayoutBlockFlow {test} at (0,0) size 800x68
    LayoutBlockFlow {div} at (0,0) size 800x52
      LayoutBlockFlow {q} at (0,0) size 800x18 [color=#FF0000]
        LayoutBlockFlow {r} at (0,0) size 800x18 [color=#00FF00]
          LayoutText {#text} at (0,0) size 248x18
            text run at (0,0) width 248: "This text should be in green characters"
      LayoutBlockFlow {s} at (0,34) size 800x18 [color=#00FF00]
        LayoutText {#text} at (0,0) size 248x18
          text run at (0,0) width 248: "This text should be in green characters"
