layer at (0,0) size 800x600
  LayoutView at (0,0) size 800x600
layer at (0,0) size 800x122
  LayoutBlockFlow {test} at (0,0) size 800x122
    LayoutBlockFlow {p} at (0,16) size 800x90
      LayoutText {#text} at (0,0) size 787x90
        text run at (0,0) width 258: "This very long paragraph should have a "
        text run at (257,0) width 499: "first line with green background. This very long paragraph should have a first "
        text run at (755,0) width 25: "line"
        text run at (0,18) width 156: "with green background. "
        text run at (155,18) width 315: "This very long paragraph should have a first line "
        text run at (469,18) width 318: "with green background. This very long paragraph"
        text run at (0,36) width 182: "should have a first line with "
        text run at (181,36) width 510: "green background. This very long paragraph should have a first line with green "
        text run at (690,36) width 81: "background."
        text run at (0,54) width 470: "This very long paragraph should have a first line with green background. "
        text run at (469,54) width 311: "This very long paragraph should have a first line"
        text run at (0,72) width 152: "with green background."
