layer at (0,0) size 800x600
  LayoutView at (0,0) size 800x600
layer at (0,0) size 800x120
  LayoutBlockFlow {test} at (0,0) size 800x120
    LayoutBlockFlow {div} at (0,0) size 800x104
      LayoutBlockFlow (anonymous) at (0,0) size 800x18
        LayoutText {#text} at (0,0) size 196x18
          text run at (0,0) width 196: "This div contains 3 addresses :"
      LayoutBlockFlow {address} at (16,18) size 784x18
        LayoutText {#text} at (0,0) size 254x18
          text run at (0,0) width 254: "A first address with normal background"
      LayoutBlockFlow {address} at (16,52) size 784x18 [bgcolor=#00FF00]
        LayoutText {#text} at (0,0) size 353x18
          text run at (0,0) width 353: "A second address that should have a green background"
      LayoutBlockFlow {address} at (16,86) size 784x18 [bgcolor=#00FF00]
        LayoutText {#text} at (0,0) size 339x18
          text run at (0,0) width 339: "A third address that should have a green background"
