layer at (0,0) size 800x600
  LayoutView at (0,0) size 800x600
layer at (0,0) size 800x384
  LayoutBlockFlow {test} at (0,0) size 800x384
    LayoutBlockFlow {p} at (0,16) size 800x18
      LayoutText {#text} at (0,0) size 225x18
        text run at (0,0) width 225: "This paragraph should be unstyled."
    LayoutBlockFlow {address} at (0,50) size 800x18
      LayoutText {#text} at (0,0) size 208x18
        text run at (0,0) width 208: "This address should be unstyled."
    LayoutBlockFlow {p} at (0,84) size 800x18 [bgcolor=#00FF00]
      LayoutText {#text} at (0,0) size 301x18
        text run at (0,0) width 301: "This paragraph should have green background."
    LayoutBlockFlow {p} at (0,118) size 800x18 [bgcolor=#00FF00]
      LayoutText {#text} at (0,0) size 301x18
        text run at (0,0) width 301: "This paragraph should have green background."
    LayoutBlockFlow {dl} at (0,152) size 800x216
      LayoutBlockFlow {dt} at (0,0) size 800x18 [bgcolor=#00FF00]
        LayoutText {#text} at (0,0) size 360x18
          text run at (0,0) width 360: "First definition term that should have green background."
      LayoutBlockFlow {dd} at (40,18) size 760x18 [bgcolor=#00FF00]
        LayoutText {#text} at (0,0) size 368x18
          text run at (0,0) width 368: "First definition that should also have a green background."
      LayoutBlockFlow {dt} at (0,36) size 800x18 [bgcolor=#00FF00]
        LayoutText {#text} at (0,0) size 378x18
          text run at (0,0) width 378: "Second definition term that should have green background."
      LayoutBlockFlow {dd} at (40,54) size 760x18 [bgcolor=#00FF00]
        LayoutText {#text} at (0,0) size 345x18
          text run at (0,0) width 345: "Second definition that should have green background."
      LayoutBlockFlow {dt} at (0,72) size 800x18
        LayoutText {#text} at (0,0) size 139x18
          text run at (0,0) width 139: "Third definition term."
      LayoutBlockFlow {dd} at (40,90) size 760x18
        LayoutText {#text} at (0,0) size 105x18
          text run at (0,0) width 105: "Third definition."
      LayoutBlockFlow {dt} at (0,108) size 800x18 [bgcolor=#00FF00]
        LayoutText {#text} at (0,0) size 374x18
          text run at (0,0) width 374: "Fourth definition term that should have green background."
      LayoutBlockFlow {dd} at (40,126) size 760x18 [bgcolor=#00FF00]
        LayoutText {#text} at (0,0) size 340x18
          text run at (0,0) width 340: "Fourth definition that should have green background."
      LayoutBlockFlow {dt} at (0,144) size 800x18 [bgcolor=#00FF00]
        LayoutText {#text} at (0,0) size 362x18
          text run at (0,0) width 362: "Fifth definition term that should have green background."
      LayoutBlockFlow {dd} at (40,162) size 760x18 [bgcolor=#00FF00]
        LayoutText {#text} at (0,0) size 329x18
          text run at (0,0) width 329: "Fifth definition that should have green background."
      LayoutBlockFlow {dt} at (0,180) size 800x18
        LayoutText {#text} at (0,0) size 137x18
          text run at (0,0) width 137: "Sixth definition term."
      LayoutBlockFlow {dd} at (40,198) size 760x18
        LayoutText {#text} at (0,0) size 104x18
          text run at (0,0) width 104: "Sixth definition."
