layer at (0,0) size 800x600
  LayoutView at (0,0) size 800x600
layer at (0,0) size 800x384
  LayoutBlockFlow {test} at (0,0) size 800x384
    LayoutBlockFlow {p} at (0,16) size 800x18 [bgcolor=#00FF00]
      LayoutText {#text} at (0,0) size 297x18
        text run at (0,0) width 297: "This paragraph should have green background"
    LayoutBlockFlow {address} at (0,50) size 800x18
      LayoutText {#text} at (0,0) size 234x18
        text run at (0,0) width 234: "And this address should be unstyled."
    LayoutBlockFlow {p} at (0,84) size 800x18 [bgcolor=#00FF00]
      LayoutText {#text} at (0,0) size 332x18
        text run at (0,0) width 332: "This paragraph should also have green background!"
    LayoutBlockFlow {p} at (0,118) size 800x18
      LayoutText {#text} at (0,0) size 244x18
        text run at (0,0) width 244: "But this one should be unstyled again."
    LayoutBlockFlow {dl} at (0,152) size 800x216
      LayoutBlockFlow {dt} at (0,0) size 800x18
        LayoutText {#text} at (0,0) size 128x18
          text run at (0,0) width 128: "First definition term"
      LayoutBlockFlow {dd} at (40,18) size 760x18
        LayoutText {#text} at (0,0) size 95x18
          text run at (0,0) width 95: "First definition"
      LayoutBlockFlow {dt} at (0,36) size 800x18 [bgcolor=#00FF00]
        LayoutText {#text} at (0,0) size 374x18
          text run at (0,0) width 374: "Second definition term that should have green background"
      LayoutBlockFlow {dd} at (40,54) size 760x18 [bgcolor=#00FF00]
        LayoutText {#text} at (0,0) size 341x18
          text run at (0,0) width 341: "Second definition that should have green background"
      LayoutBlockFlow {dt} at (0,72) size 800x18 [bgcolor=#00FF00]
        LayoutText {#text} at (0,0) size 363x18
          text run at (0,0) width 363: "Third definition term that should have green background"
      LayoutBlockFlow {dd} at (40,90) size 760x18 [bgcolor=#00FF00]
        LayoutText {#text} at (0,0) size 329x18
          text run at (0,0) width 329: "Third definition that should have green background"
      LayoutBlockFlow {dt} at (0,108) size 800x18
        LayoutText {#text} at (0,0) size 142x18
          text run at (0,0) width 142: "Fourth definition term"
      LayoutBlockFlow {dd} at (40,126) size 760x18
        LayoutText {#text} at (0,0) size 108x18
          text run at (0,0) width 108: "Fourth definition"
      LayoutBlockFlow {dt} at (0,144) size 800x18 [bgcolor=#00FF00]
        LayoutText {#text} at (0,0) size 358x18
          text run at (0,0) width 358: "Fifth definition term that should have green background"
      LayoutBlockFlow {dd} at (40,162) size 760x18 [bgcolor=#00FF00]
        LayoutText {#text} at (0,0) size 325x18
          text run at (0,0) width 325: "Fifth definition that should have green background"
      LayoutBlockFlow {dt} at (0,180) size 800x18 [bgcolor=#00FF00]
        LayoutText {#text} at (0,0) size 361x18
          text run at (0,0) width 361: "Sixth definition term that should have green background"
      LayoutBlockFlow {dd} at (40,198) size 760x18 [bgcolor=#00FF00]
        LayoutText {#text} at (0,0) size 328x18
          text run at (0,0) width 328: "Sixth definition that should have green background"
