layer at (0,0) size 800x600
  LayoutView at (0,0) size 800x600
layer at (0,0) size 800x70
  LayoutBlockFlow {test} at (0,0) size 800x70
    LayoutBlockFlow {p} at (0,16) size 800x38
      LayoutButton {button} at (0,1) size 238.16x18 [bgcolor=#00FF00] [border: (1px solid #D8D8D8) (1px solid #D1D1D1) (1px solid #BABABA) (1px solid #D1D1D1)]
        LayoutBlockFlow (anonymous) at (8,2) size 222.16x13
          LayoutText {#text} at (0,0) size 223x13
            text run at (0,0) width 223: "A button (enabled) with green background"
      LayoutText {#text} at (238,0) size 5x18
        text run at (238,0) width 5: " "
      LayoutBR {br} at (0,0) size 0x0
      LayoutTextControl {input} at (0,19) size 227x19 [bgcolor=#00FF00] [border: (2px inset #EEEEEE)]
      LayoutText {#text} at (0,0) size 0x0
layer at (3,38) size 221x13 scrollWidth 233
  LayoutBlockFlow {div} at (3,3) size 221x13
    LayoutText {#text} at (0,0) size 233x13
      text run at (0,0) width 233: "a text area (enabled) with green background"
