CONSOLE ERROR: line 9: Uncaught TypeError: document.getElementsByTagNameNS(...)[0].setIdAttribute is not a function
layer at (0,0) size 800x600
  LayoutView at (0,0) size 800x600
layer at (0,0) size 800x186
  LayoutBlockFlow {test} at (0,0) size 800x186
    LayoutBlockFlow {p} at (0,16) size 800x18 [color=#000080]
      LayoutText {#text} at (0,0) size 515x18
        text run at (0,0) width 515: "This test requires support for two or more of XHTML, xml:id, and DOM3 Core."
    LayoutBlockFlow {div} at (0,50) size 800x18 [color=#FF0000]
      LayoutText {#text} at (0,0) size 166x18
        text run at (0,0) width 166: "This line should be green."
    LayoutBlockFlow {p} at (0,84) size 800x18 [color=#008000]
      LayoutText {#text} at (0,0) size 166x18
        text run at (0,0) width 166: "This line should be green."
    LayoutBlockFlow {p} at (0,118) size 800x18 [color=#008000]
      LayoutText {#text} at (0,0) size 166x18
        text run at (0,0) width 166: "This line should be green."
    LayoutBlockFlow {p} at (0,152) size 800x18 [color=#008000]
      LayoutText {#text} at (0,0) size 166x18
        text run at (0,0) width 166: "This line should be green."
