layer at (0,0) size 800x600
  LayoutView at (0,0) size 800x600
layer at (0,0) size 800x267
  LayoutBlockFlow {test} at (0,0) size 800x267
    LayoutBlockFlow {p} at (0,16) size 800x235
      LayoutInline {<pseudo:first-letter>} at (0,0) size 20x37 [bgcolor=#00FF00]
        LayoutTextFragment (anonymous) at (0,0) size 20x37
          text run at (0,0) width 20: "T"
      LayoutTextFragment {#text} at (19,15) size 799x220
        text run at (19,15) width 519: "his very long paragraph should have a big first letter T with a green background. "
        text run at (537,15) width 262: "Dummy text. Dummy text. Dummy text."
        text run at (0,37) width 792: "Dummy text. Dummy text. Dummy text. Dummy text. Dummy text. Dummy text. Dummy text. Dummy text. Dummy text."
        text run at (0,55) width 792: "Dummy text. Dummy text. Dummy text. Dummy text. Dummy text. Dummy text. Dummy text. Dummy text. Dummy text."
        text run at (0,73) width 792: "Dummy text. Dummy text. Dummy text. Dummy text. Dummy text. Dummy text. Dummy text. Dummy text. Dummy text."
        text run at (0,91) width 792: "Dummy text. Dummy text. Dummy text. Dummy text. Dummy text. Dummy text. Dummy text. Dummy text. Dummy text."
        text run at (0,109) width 792: "Dummy text. Dummy text. Dummy text. Dummy text. Dummy text. Dummy text. Dummy text. Dummy text. Dummy text."
        text run at (0,127) width 792: "Dummy text. Dummy text. Dummy text. Dummy text. Dummy text. Dummy text. Dummy text. Dummy text. Dummy text."
        text run at (0,145) width 792: "Dummy text. Dummy text. Dummy text. Dummy text. Dummy text. Dummy text. Dummy text. Dummy text. Dummy text."
        text run at (0,163) width 792: "Dummy text. Dummy text. Dummy text. Dummy text. Dummy text. Dummy text. Dummy text. Dummy text. Dummy text."
        text run at (0,181) width 792: "Dummy text. Dummy text. Dummy text. Dummy text. Dummy text. Dummy text. Dummy text. Dummy text. Dummy text."
        text run at (0,199) width 792: "Dummy text. Dummy text. Dummy text. Dummy text. Dummy text. Dummy text. Dummy text. Dummy text. Dummy text."
        text run at (0,217) width 173: "Dummy text. Dummy text."
