layer at (0,0) size 800x600
  LayoutView at (0,0) size 800x600
layer at (0,0) size 800x68
  LayoutBlockFlow {test} at (0,0) size 800x68
    LayoutBlockFlow {p} at (0,16) size 800x18 [bgcolor=#00FF00]
      LayoutText {#text} at (0,0) size 500x18
        text run at (0,0) width 500: "This paragraph should have green background because its language is \"en-gb\""
    LayoutBlockFlow {address} at (0,50) size 800x18 [bgcolor=#00FF00]
      LayoutInline {span} at (0,0) size 159x18
        LayoutText {#text} at (0,0) size 159x18
          text run at (0,0) width 159: "This address should also"
      LayoutText {#text} at (158,0) size 5x18
        text run at (158,0) width 5: " "
      LayoutInline {span} at (0,0) size 510x18
        LayoutText {#text} at (162,0) size 510x18
          text run at (162,0) width 421: "have green background because the language of the inner SPANs "
          text run at (582,0) width 90: "is not French."
      LayoutText {#text} at (0,0) size 0x0
