layer at (0,0) size 800x600
  LayoutView at (0,0) size 800x600
layer at (0,0) size 800x85
  LayoutBlockFlow {test} at (0,0) size 800x85
    LayoutBlockFlow {div} at (0,16) size 800x53
      LayoutBlockFlow {p} at (0,0) size 800x18 [color=#00FF00]
        LayoutInline {a} at (0,0) size 286x18 [color=#000000]
          LayoutText {#text} at (0,0) size 286x18
            text run at (0,0) width 286: "This text should turn green while it is active."
        LayoutText {#text} at (0,0) size 0x0
      LayoutBlockFlow {p} at (0,34) size 800x19 [color=#00FF00]
        LayoutButton {button} at (0,1) size 247.50x18 [color=#000000] [bgcolor=#FFFFFF] [border: (1px solid #D8D8D8) (1px solid #D1D1D1) (1px solid #BABABA) (1px solid #D1D1D1)]
          LayoutBlockFlow (anonymous) at (8,2) size 231.50x13
            LayoutText {#text} at (0,0) size 232x13
              text run at (0,0) width 232: "This text should turn green while it is active."
        LayoutText {#text} at (0,0) size 0x0
