layer at (0,0) size 800x600
  LayoutView at (0,0) size 800x600
layer at (0,0) size 800x82
  LayoutBlockFlow {test} at (0,0) size 800x82
    LayoutBlockFlow {div} at (0,16) size 800x66
      LayoutBlockFlow {p} at (0,0) size 800x18
        LayoutText {#text} at (0,0) size 225x18
          text run at (0,0) width 225: "The following bar should be green."
      LayoutBlockFlow {div} at (0,34) size 800x0
      LayoutBlockFlow {div} at (0,34) size 800x0
      LayoutBlockFlow {div} at (0,34) size 800x32
        LayoutBlockFlow {div} at (0,0) size 800x32
          LayoutBlockFlow {div} at (0,0) size 800x0
          LayoutBlockFlow {div} at (0,0) size 800x32
            LayoutBlockFlow {div} at (0,0) size 800x32 [bgcolor=#00FF00]
