layer at (0,0) size 800x600
  LayoutView at (0,0) size 800x600
layer at (0,0) size 800x140
  LayoutBlockFlow {test} at (0,0) size 800x140
    LayoutBlockFlow {div} at (0,16) size 800x52
      LayoutBlockFlow {p} at (0,0) size 800x18 [bgcolor=#00FF00]
        LayoutText {#text} at (0,0) size 308x18
          text run at (0,0) width 308: "This paragraph should have a green background"
      LayoutBlockFlow {div} at (0,34) size 800x18
        LayoutBlockFlow {p} at (0,0) size 800x18 [bgcolor=#00FF00]
          LayoutText {#text} at (0,0) size 308x18
            text run at (0,0) width 308: "This paragraph should have a green background"
    LayoutTable {table} at (0,84) size 231x56
      LayoutTableSection {tbody} at (0,0) size 231x56
        LayoutTableRow {tr} at (0,2) size 231x52
          LayoutTableCell {td} at (2,2) size 227x52 [r=0 c=0 rs=1 cs=1]
            LayoutBlockFlow {p} at (1,17) size 225x18
              LayoutText {#text} at (0,0) size 225x18
                text run at (0,0) width 225: "This paragraph should be unstyled."
