layer at (0,0) size 800x600
  LayoutView at (0,0) size 800x600
layer at (0,0) size 800x136
  LayoutBlockFlow {test} at (0,0) size 800x136
    LayoutBlockFlow {div} at (0,0) size 800x120
      LayoutBlockFlow {address} at (0,0) size 800x18 [color=#008000]
        LayoutText {#text} at (0,0) size 280x18
          text run at (0,0) width 280: "This address should be in green characters."
      LayoutBlockFlow {s} at (0,34) size 800x18 [color=#008000]
        LayoutText {#text} at (0,0) size 291x18
          text run at (0,0) width 291: "This paragraph should be in green characters."
      LayoutBlockFlow {t} at (0,68) size 800x18 [color=#008000]
        LayoutText {#text} at (0,0) size 291x18
          text run at (0,0) width 291: "This paragraph should be in green characters."
      LayoutBlockFlow {u} at (0,102) size 800x18 [color=#FF0000]
        LayoutInline {v} at (0,0) size 291x18 [color=#008000]
          LayoutText {#text} at (0,0) size 291x18
            text run at (0,0) width 291: "This paragraph should be in green characters."
        LayoutText {#text} at (0,0) size 0x0
