layer at (0,0) size 800x600
  LayoutView at (0,0) size 800x600
layer at (0,0) size 800x126
  LayoutBlockFlow {test} at (0,0) size 800x126
    LayoutBlockFlow {tests} at (0,0) size 800x126 [color=#FF0000]
      LayoutBlockFlow {testA} at (0,0) size 800x18 [color=#008000]
        LayoutText {#text} at (0,0) size 138x18
          text run at (0,0) width 138: "This should be green."
      LayoutBlockFlow {testB} at (0,18) size 800x18 [color=#008000]
        LayoutText {#text} at (0,0) size 138x18
          text run at (0,0) width 138: "This should be green."
      LayoutBlockFlow {testC} at (0,36) size 800x18 [color=#008000]
        LayoutText {#text} at (0,0) size 138x18
          text run at (0,0) width 138: "This should be green."
      LayoutBlockFlow {testD} at (0,54) size 800x18 [color=#008000]
        LayoutText {#text} at (0,0) size 138x18
          text run at (0,0) width 138: "This should be green."
      LayoutBlockFlow {testE} at (0,72) size 800x18 [color=#008000]
        LayoutText {#text} at (0,0) size 138x18
          text run at (0,0) width 138: "This should be green."
      LayoutBlockFlow {testF} at (0,90) size 800x18 [color=#008000]
        LayoutText {#text} at (0,0) size 138x18
          text run at (0,0) width 138: "This should be green."
      LayoutBlockFlow {testG} at (0,108) size 800x18 [color=#008000]
        LayoutText {#text} at (0,0) size 138x18
          text run at (0,0) width 138: "This should be green."
