layer at (0,0) size 800x600
  LayoutView at (0,0) size 800x600
layer at (0,0) size 800x220
  LayoutBlockFlow {test} at (0,0) size 800x220
    LayoutBlockFlow {div} at (0,16) size 800x188
      LayoutBlockFlow {p} at (0,0) size 800x18
        LayoutText {#text} at (0,0) size 185x18
          text run at (0,0) width 185: "This line should be unstyled."
      LayoutBlockFlow {elementA} at (0,34) size 800x18
        LayoutText {#text} at (0,0) size 185x18
          text run at (0,0) width 185: "This line should be unstyled."
      LayoutBlockFlow {elementB} at (0,68) size 800x18
        LayoutText {#text} at (0,0) size 185x18
          text run at (0,0) width 185: "This line should be unstyled."
      LayoutBlockFlow {div} at (0,102) size 800x86
        LayoutBlockFlow {p} at (0,0) size 800x18 [bgcolor=#00FF00]
          LayoutText {#text} at (0,0) size 268x18
            text run at (0,0) width 268: "This line should have a green background"
        LayoutBlockFlow {elementA} at (0,34) size 800x18 [bgcolor=#00FF00]
          LayoutText {#text} at (0,0) size 268x18
            text run at (0,0) width 268: "This line should have a green background"
        LayoutBlockFlow {elementB} at (0,68) size 800x18 [bgcolor=#00FF00]
          LayoutText {#text} at (0,0) size 268x18
            text run at (0,0) width 268: "This line should have a green background"
