layer at (0,0) size 800x600
  LayoutView at (0,0) size 800x600
layer at (0,0) size 800x102
  LayoutBlockFlow {test} at (0,0) size 800x102
    LayoutBlockFlow {ul} at (0,16) size 800x36
      LayoutListItem {li} at (40,0) size 760x18 [bgcolor=#00FF00]
        LayoutListMarker (anonymous) at (-17,0) size 7x18: bullet
        LayoutText {#text} at (0,0) size 311x18
          text run at (0,0) width 311: "The background of this list item should be green"
      LayoutListItem {li} at (40,18) size 760x18 [bgcolor=#00FF00]
        LayoutListMarker (anonymous) at (-17,0) size 7x18: bullet
        LayoutText {#text} at (0,0) size 389x18
          text run at (0,0) width 389: "The background of this second list item should be also green"
    LayoutBlockFlow {p} at (0,68) size 800x18 [bgcolor=#00FF00]
      LayoutText {#text} at (0,0) size 327x18
        text run at (0,0) width 327: "The background of this paragraph should be green."
