layer at (0,0) size 800x600
  LayoutView at (0,0) size 800x600
layer at (0,0) size 800x102
  LayoutBlockFlow {test} at (0,0) size 800x102
    LayoutBlockFlow {div} at (0,0) size 800x86
      LayoutBlockFlow {q} at (0,0) size 800x18 [color=#FF0000]
        LayoutInline {r} at (0,0) size 123x18 [color=#00FF00]
          LayoutText {#text} at (0,0) size 123x18
            text run at (0,0) width 123: "This text should be"
        LayoutText {#text} at (122,0) size 5x18
          text run at (122,0) width 5: " "
        LayoutInline {r} at (0,0) size 122x18 [color=#00FF00]
          LayoutText {#text} at (126,0) size 122x18
            text run at (126,0) width 122: "in green characters"
        LayoutText {#text} at (0,0) size 0x0
      LayoutBlockFlow {s} at (0,34) size 800x18 [color=#00FF00]
        LayoutText {#text} at (0,0) size 248x18
          text run at (0,0) width 248: "This text should be in green characters"
      LayoutBlockFlow {p} at (0,68) size 800x18 [color=#00FF00]
        LayoutText {#text} at (0,0) size 248x18
          text run at (0,0) width 248: "This text should be in green characters"
