layer at (0,0) size 800x600
  LayoutView at (0,0) size 800x600
layer at (0,0) size 800x36
  LayoutBlockFlow {test} at (0,0) size 800x36
    LayoutBlockFlow {div} at (0,0) size 800x18
      LayoutText {#text} at (0,0) size 157x18
        text run at (0,0) width 157: "This should be unstyled."
    LayoutBlockFlow {div} at (0,18) size 800x18 [color=#FFFFFF] [bgcolor=#008000]
      LayoutText {#text} at (0,0) size 244x18
        text run at (0,0) width 244: "This should have a green background."
