layer at (0,0) size 800x600
  LayoutView at (0,0) size 800x600
layer at (0,0) size 800x84
  LayoutBlockFlow {test} at (0,0) size 800x84
    LayoutBlockFlow {div} at (0,16) size 800x52
      LayoutBlockFlow {p} at (0,0) size 800x18 [color=#00FF00]
        LayoutInline {span} at (0,0) size 501x18 [color=#000000]
          LayoutText {#text} at (0,0) size 501x18
            text run at (0,0) width 501: "The color of this text should be green when the pointing device hovers over it."
        LayoutText {#text} at (0,0) size 0x0
      LayoutBlockFlow {p} at (0,34) size 800x18 [color=#00FF00]
        LayoutInline {a} at (0,0) size 501x18 [color=#000000]
          LayoutText {#text} at (0,0) size 501x18
            text run at (0,0) width 501: "The color of this text should be green when the pointing device hovers over it."
        LayoutText {#text} at (0,0) size 0x0
