layer at (0,0) size 800x600
  LayoutView at (0,0) size 800x600
layer at (0,0) size 800x120
  LayoutBlockFlow {test} at (0,0) size 800x120
    LayoutBlockFlow {ul} at (0,16) size 800x36
      LayoutListItem {li} at (40,0) size 760x18 [bgcolor=#00FF00]
        LayoutListMarker (anonymous) at (-17,0) size 7x18: bullet
        LayoutText {#text} at (0,0) size 441x18
          text run at (0,0) width 344: "This list item should be green because its language is "
          text run at (343,0) width 98: "British English"
      LayoutListItem {li} at (40,18) size 760x18 [bgcolor=#00FF00]
        LayoutListMarker (anonymous) at (-17,0) size 7x18: bullet
        LayoutText {#text} at (0,0) size 494x18
          text run at (0,0) width 330: "This list item should be green because its language "
          text run at (329,0) width 165: "is British English (Wales)"
    LayoutBlockFlow {ol} at (0,68) size 800x36
      LayoutListItem {li} at (40,0) size 760x18
        LayoutListMarker (anonymous) at (-16,0) size 16x18: "1"
        LayoutText {#text} at (0,0) size 455x18
          text run at (0,0) width 367: "This list item should NOT be green because its language "
          text run at (366,0) width 89: "is US English"
      LayoutListItem {li} at (40,18) size 760x18
        LayoutListMarker (anonymous) at (-16,0) size 16x18: "2"
        LayoutText {#text} at (0,0) size 426x18
          text run at (0,0) width 381: "This list item should NOT be green because its language is "
          text run at (380,0) width 46: "French"
