layer at (0,0) size 800x600
  LayoutView at (0,0) size 800x600
layer at (0,0) size 800x102
  LayoutBlockFlow {test} at (0,0) size 800x102
    LayoutBlockFlow {div} at (0,0) size 800x86
      LayoutBlockFlow {address} at (0,0) size 800x18 [color=#008000]
        LayoutText {#text} at (0,0) size 280x18
          text run at (0,0) width 280: "This address should be in green characters."
      LayoutBlockFlow {s} at (0,34) size 800x18 [color=#008000]
        LayoutText {#text} at (0,0) size 291x18
          text run at (0,0) width 291: "This paragraph should be in green characters."
      LayoutBlockFlow {u} at (0,68) size 800x18 [color=#008000]
        LayoutText {#text} at (0,0) size 291x18
          text run at (0,0) width 291: "This paragraph should be in green characters."
