layer at (0,0) size 800x600
  LayoutView at (0,0) size 800x600
layer at (0,0) size 800x102
  LayoutBlockFlow {test} at (0,0) size 800x102
    LayoutBlockFlow {div} at (0,0) size 800x86
      LayoutBlockFlow {q} at (0,0) size 800x18
        LayoutText {#text} at (0,0) size 235x18
          text run at (0,0) width 235: "This a:q element should be unstyled."
      LayoutBlockFlow {p} at (0,34) size 800x18 [bgcolor=#00FF00]
        LayoutText {#text} at (0,0) size 312x18
          text run at (0,0) width 312: "This paragraph should have a green background."
      LayoutBlockFlow {r} at (0,68) size 800x18 [bgcolor=#00FF00]
        LayoutText {#text} at (0,0) size 320x18
          text run at (0,0) width 320: "This b:r element should have a green background."
