layer at (0,0) size 800x600
  LayoutView at (0,0) size 800x600
layer at (0,0) size 800x152
  LayoutBlockFlow {test} at (0,0) size 800x152
    LayoutBlockFlow {div} at (0,16) size 800x120
      LayoutBlockFlow {p} at (0,0) size 800x18 [bgcolor=#00FF00]
        LayoutText {#text} at (0,0) size 308x18
          text run at (0,0) width 308: "This paragraph should have a green background"
      LayoutBlockFlow {p} at (0,34) size 800x18 [bgcolor=#00FF00]
        LayoutText {#text} at (0,0) size 308x18
          text run at (0,0) width 308: "This paragraph should have a green background"
      LayoutBlockFlow {l} at (0,68) size 800x18 [bgcolor=#00FF00]
        LayoutInline {p} at (0,0) size 308x18
          LayoutText {#text} at (0,0) size 308x18
            text run at (0,0) width 193: "This paragraph should have a "
            text run at (192,0) width 116: "green background"
        LayoutText {#text} at (0,0) size 0x0
      LayoutBlockFlow {p} at (0,102) size 800x18 [bgcolor=#00FF00]
        LayoutText {#text} at (0,0) size 308x18
          text run at (0,0) width 308: "This paragraph should have a green background"
