layer at (0,0) size 800x600
  LayoutView at (0,0) size 800x600
layer at (0,0) size 800x384
  LayoutBlockFlow {test} at (0,0) size 800x384
    LayoutBlockFlow {p} at (0,16) size 800x18
      LayoutText {#text} at (0,0) size 335x18
        text run at (0,0) width 335: "This paragraph is here only to fill space in the DOM"
    LayoutBlockFlow {address} at (0,50) size 800x18
      LayoutText {#text} at (0,0) size 139x18
        text run at (0,0) width 139: "And this address too.."
    LayoutBlockFlow {p} at (0,84) size 800x18
      LayoutText {#text} at (0,0) size 155x18
        text run at (0,0) width 155: "So does this paragraph !"
    LayoutBlockFlow {p} at (0,118) size 800x18 [bgcolor=#00FF00]
      LayoutText {#text} at (0,0) size 278x18
        text run at (0,0) width 278: "But this one should have green background"
    LayoutBlockFlow {dl} at (0,152) size 800x216
      LayoutBlockFlow {dt} at (0,0) size 800x18 [bgcolor=#00FF00]
        LayoutText {#text} at (0,0) size 356x18
          text run at (0,0) width 356: "First definition term that should have green background"
      LayoutBlockFlow {dd} at (40,18) size 760x18 [bgcolor=#00FF00]
        LayoutText {#text} at (0,0) size 323x18
          text run at (0,0) width 323: "First definition that should have green background"
      LayoutBlockFlow {dt} at (0,36) size 800x18
        LayoutText {#text} at (0,0) size 146x18
          text run at (0,0) width 146: "Second definition term"
      LayoutBlockFlow {dd} at (40,54) size 760x18
        LayoutText {#text} at (0,0) size 113x18
          text run at (0,0) width 113: "Second definition"
      LayoutBlockFlow {dt} at (0,72) size 800x18
        LayoutText {#text} at (0,0) size 135x18
          text run at (0,0) width 135: "Third definition term"
      LayoutBlockFlow {dd} at (40,90) size 760x18
        LayoutText {#text} at (0,0) size 101x18
          text run at (0,0) width 101: "Third definition"
      LayoutBlockFlow {dt} at (0,108) size 800x18 [bgcolor=#00FF00]
        LayoutText {#text} at (0,0) size 370x18
          text run at (0,0) width 370: "Fourth definition term that should have green background"
      LayoutBlockFlow {dd} at (40,126) size 760x18 [bgcolor=#00FF00]
        LayoutText {#text} at (0,0) size 336x18
          text run at (0,0) width 336: "Fourth definition that should have green background"
      LayoutBlockFlow {dt} at (0,144) size 800x18
        LayoutText {#text} at (0,0) size 130x18
          text run at (0,0) width 130: "Fifth definition term"
      LayoutBlockFlow {dd} at (40,162) size 760x18
        LayoutText {#text} at (0,0) size 97x18
          text run at (0,0) width 97: "Fifth definition"
      LayoutBlockFlow {dt} at (0,180) size 800x18
        LayoutText {#text} at (0,0) size 133x18
          text run at (0,0) width 133: "Sixth definition term"
      LayoutBlockFlow {dd} at (40,198) size 760x18
        LayoutText {#text} at (0,0) size 100x18
          text run at (0,0) width 100: "Sixth definition"
