layer at (0,0) size 800x600
  LayoutView at (0,0) size 800x600
layer at (0,0) size 800x118
  LayoutBlockFlow {test} at (0,0) size 800x118
    LayoutBlockFlow {div} at (0,16) size 800x86
      LayoutBlockFlow {div} at (0,0) size 800x86
        LayoutBlockFlow {p} at (0,0) size 800x18
          LayoutText {#text} at (0,0) size 289x18
            text run at (0,0) width 289: "This line should be unstyled. (4 moving to 1)"
        LayoutBlockFlow {p} at (0,34) size 800x18
          LayoutText {#text} at (0,0) size 208x18
            text run at (0,0) width 208: "This line should be unstyled. (2)"
        LayoutBlockFlow {p} at (0,68) size 800x18 [bgcolor=#00FF00]
          LayoutText {#text} at (0,0) size 295x18
            text run at (0,0) width 295: "This line should have a green background. (3)"
