layer at (0,0) size 800x600
  LayoutView at (0,0) size 800x600
layer at (0,0) size 800x220
  LayoutBlockFlow {test} at (0,0) size 800x220
    LayoutBlockFlow {div} at (0,16) size 800x188
      LayoutBlockFlow {p} at (0,0) size 800x18
        LayoutText {#text} at (0,0) size 225x18
          text run at (0,0) width 225: "This paragraph should be unstyled."
      LayoutBlockFlow {p} at (0,34) size 800x18 [bgcolor=#00FF00]
        LayoutText {#text} at (0,0) size 312x18
          text run at (0,0) width 312: "This paragraph should have a green background."
      LayoutBlockFlow {q} at (0,68) size 800x18 [bgcolor=#00FF00]
        LayoutText {#text} at (0,0) size 312x18
          text run at (0,0) width 312: "This paragraph should have a green background."
      LayoutBlockFlow {r} at (0,102) size 800x18
        LayoutText {#text} at (0,0) size 225x18
          text run at (0,0) width 225: "This paragraph should be unstyled."
      LayoutBlockFlow {s} at (0,136) size 800x18
        LayoutText {#text} at (0,0) size 225x18
          text run at (0,0) width 225: "This paragraph should be unstyled."
      LayoutBlockFlow {t} at (0,170) size 800x18 [bgcolor=#00FF00]
        LayoutText {#text} at (0,0) size 312x18
          text run at (0,0) width 312: "This paragraph should have a green background."
