layer at (0,0) size 800x600
  LayoutView at (0,0) size 800x600
layer at (0,0) size 800x84
  LayoutBlockFlow {test} at (0,0) size 800x84
    LayoutBlockFlow {p} at (0,16) size 800x18 [color=#FFFFFF] [bgcolor=#008000]
      LayoutText {#text} at (0,0) size 166x18
        text run at (0,0) width 166: "This line should be green."
    LayoutBlockFlow {p} at (0,50) size 800x18 [color=#FFFFFF] [bgcolor=#008000]
      LayoutText {#text} at (0,0) size 166x18
        text run at (0,0) width 166: "This line should be green."
