layer at (0,0) size 800x600
  LayoutView at (0,0) size 800x600
layer at (0,0) size 800x118
  LayoutBlockFlow {test} at (0,0) size 800x118
    LayoutBlockFlow {div} at (0,16) size 800x86
      LayoutBlockFlow {p} at (0,0) size 800x18 [color=#00FF00]
        LayoutText {#text} at (0,0) size 291x18
          text run at (0,0) width 291: "This paragraph should be in green characters."
      LayoutBlockFlow {p} at (0,34) size 800x18 [color=#00FF00]
        LayoutText {#text} at (0,0) size 291x18
          text run at (0,0) width 291: "This paragraph should be in green characters."
      LayoutBlockFlow {p} at (0,68) size 800x18 [color=#FF0000]
        LayoutInline {span} at (0,0) size 291x18 [color=#00FF00]
          LayoutText {#text} at (0,0) size 291x18
            text run at (0,0) width 291: "This paragraph should be in green characters."
        LayoutText {#text} at (0,0) size 0x0
