layer at (0,0) size 800x600
  LayoutView at (0,0) size 800x600
layer at (0,0) size 800x36
  LayoutBlockFlow {test} at (0,0) size 800x36
    LayoutBlockFlow {tests} at (0,0) size 800x36 [color=#008000]
      LayoutBlockFlow {testA} at (0,0) size 800x18
        LayoutText {#text} at (0,0) size 138x18
          text run at (0,0) width 138: "This should be green."
      LayoutBlockFlow {testB} at (0,18) size 800x18
        LayoutText {#text} at (0,0) size 138x18
          text run at (0,0) width 138: "This should be green."
