layer at (0,0) size 800x600
  LayoutView at (0,0) size 800x600
layer at (0,0) size 800x136
  LayoutBlockFlow {test} at (0,0) size 800x136
    LayoutBlockFlow {blockquote} at (40,16) size 720x18
      LayoutBlockFlow {div} at (0,0) size 720x18
        LayoutText {#text} at (0,0) size 185x18
          text run at (0,0) width 185: "This text should be unstyled."
    LayoutBlockFlow {div} at (0,50) size 800x18
      LayoutText {#text} at (0,0) size 185x18
        text run at (0,0) width 185: "This text should be unstyled."
    LayoutBlockFlow {div} at (0,68) size 800x18
      LayoutText {#text} at (0,0) size 185x18
        text run at (0,0) width 185: "This text should be unstyled."
    LayoutBlockFlow {p} at (0,102) size 800x18 [color=#008000]
      LayoutText {#text} at (0,0) size 166x18
        text run at (0,0) width 166: "This text should be green."
