layer at (0,0) size 800x600
  LayoutView at (0,0) size 800x600
layer at (0,0) size 800x152
  LayoutBlockFlow {test} at (0,0) size 800x152
    LayoutBlockFlow {p} at (0,16) size 800x18 [bgcolor=#00FF00]
      LayoutText {#text} at (0,0) size 312x18
        text run at (0,0) width 312: "This paragraph should have a green background."
    LayoutBlockFlow {address} at (0,50) size 800x18
      LayoutText {#text} at (0,0) size 208x18
        text run at (0,0) width 208: "This address should be unstyled."
    LayoutBlockFlow {q} at (0,84) size 800x18 [bgcolor=#00FF00]
      LayoutText {#text} at (0,0) size 312x18
        text run at (0,0) width 312: "This paragraph should have a green background."
    LayoutBlockFlow {r} at (0,118) size 800x18
      LayoutText {#text} at (0,0) size 225x18
        text run at (0,0) width 225: "This paragraph should be unstyled."
