layer at (0,0) size 800x600
  LayoutView at (0,0) size 800x600
layer at (0,0) size 800x172
  LayoutBlockFlow {test} at (0,0) size 800x172
    LayoutBlockFlow {p} at (0,16) size 800x36
      LayoutText {#text} at (0,0) size 765x18
        text run at (0,0) width 229: "This paragraph should be unstyled. "
        text run at (228,0) width 463: "The background of the following paragraph should become green when "
        text run at (690,0) width 75: "you follow "
      LayoutInline {a} at (0,0) size 788x36 [color=#0000EE]
        LayoutText {#text} at (764,0) size 788x36
          text run at (764,0) width 24: "this"
          text run at (0,18) width 25: "link"
      LayoutText {#text} at (24,18) size 5x18
        text run at (24,18) width 5: "."
    LayoutBlockFlow {p} at (0,68) size 800x36
      LayoutText {#text} at (0,0) size 753x18
        text run at (0,0) width 283: "This paragraph should initially be unstyled. "
        text run at (282,0) width 471: "It should become green when you select the link above. When you select "
      LayoutInline {a} at (0,0) size 776x36 [color=#0000EE]
        LayoutText {#text} at (752,0) size 776x36
          text run at (752,0) width 24: "this"
          text run at (0,18) width 25: "link"
      LayoutText {#text} at (24,18) size 647x18
        text run at (24,18) width 276: ", it should return to being unstyled and the "
        text run at (299,18) width 372: "background of the paragraph below should become green."
    LayoutBlockFlow {p} at (0,120) size 800x36
      LayoutText {#text} at (0,0) size 758x18
        text run at (0,0) width 283: "This paragraph should initially be unstyled. "
        text run at (282,0) width 476: "It should become green when you select the link above. When you follow "
      LayoutInline {a} at (0,0) size 781x36 [color=#0000EE]
        LayoutText {#text} at (757,0) size 781x36
          text run at (757,0) width 24: "this"
          text run at (0,18) width 25: "link"
      LayoutText {#text} at (24,18) size 366x18
        text run at (24,18) width 143: ", the three paragraphs "
        text run at (166,18) width 224: "should all return to being unstyled."
