layer at (0,0) size 800x600
  LayoutView at (0,0) size 800x600
layer at (0,0) size 800x104
  LayoutBlockFlow {html} at (0,0) size 800x104
    LayoutInline {body} at (0,0) size 226x18
      LayoutText {#text} at (0,0) size 0x0
      LayoutInline {h1} at (0,0) size 55x18
        LayoutText {#text} at (0,86) size 55x18
          text run at (0,86) width 55: "Test 123"
      LayoutText {#text} at (54,86) size 5x18
        text run at (54,86) width 5: " "
      LayoutSVGRoot {svg} at (58.42,0) size 100x100
        LayoutSVGText {text} at (0,-14) size 193.45x18 contains 1 chunk(s)
          LayoutSVGInlineText {#text} at (0,-14) size 193.45x18
            chunk 1 text run 1 at (0.00,0.00) startOffset 0 endOffset 29 width 193.45: "You should see an error above"
        LayoutSVGRect {rect} at (0,0) size 100x100 [fill={[type=SOLID] [color=#008000]}] [x=0.00] [y=0.00] [width=100.00] [height=100.00]
      LayoutText {#text} at (158,86) size 5x18
        text run at (158,86) width 5: " "
      LayoutInline {h1} at (0,0) size 64x18
        LayoutText {#text} at (162,86) size 64x18
          text run at (162,86) width 64: "Test ABC"
      LayoutText {#text} at (0,0) size 0x0
    LayoutText {#text} at (0,0) size 0x0
