layer at (0,0) size 800x600
  LayoutView at (0,0) size 800x600
layer at (0,0) size 800x104
  LayoutBlockFlow {html} at (0,0) size 800x104
    LayoutInline {head} at (0,0) size 80x18
      LayoutText {#text} at (0,0) size 0x0
      LayoutInline {title} at (0,0) size 76x18
        LayoutText {#text} at (0,86) size 76x18
          text run at (0,86) width 76: "SVG Image"
      LayoutText {#text} at (75,86) size 5x18
        text run at (75,86) width 5: " "
    LayoutText {#text} at (0,0) size 0x0
    LayoutInline {body} at (0,0) size 601x18
      LayoutText {#text} at (0,0) size 0x0
      LayoutSVGRoot {svg} at (79.98,0) size 600x100
        LayoutSVGImage {image} at (10,10) size 100x60
      LayoutText {#text} at (0,0) size 0x0
    LayoutText {#text} at (0,0) size 0x0
