layer at (0,0) size 800x600
  LayoutView at (0,0) size 800x600
layer at (0,0) size 800x328
  LayoutBlockFlow {html} at (0,0) size 800x328
    LayoutBlockFlow {body} at (0,16) size 800x296 [bgcolor=#BBBBBB]
      LayoutBlockFlow {p} at (50,0) size 750x44
        LayoutText {#text} at (0,26) size 240x18
          text run at (0,26) width 240: "SVG in a \"transparent\" EMBED tag: "
      LayoutBlockFlow {p} at (50,60) size 750x34
        LayoutText {#text} at (0,16) size 135x18
          text run at (0,16) width 135: "SVG in an IMG tag: "
        LayoutImage {img} at (134.66,0) size 30x30
      LayoutBlockFlow {p} at (50,110) size 750x18
        LayoutText {#text} at (0,0) size 188x18
          text run at (0,0) width 188: "SVG in a background-image:"
      LayoutBlockFlow {p} at (50,202) size 750x44
        LayoutText {#text} at (0,26) size 202x18
          text run at (0,26) width 202: "SVG in a \"transparent\" iframe: "
      LayoutBlockFlow {p} at (50,262) size 750x34
        LayoutText {#text} at (0,16) size 42x18
          text run at (0,16) width 42: "Inline "
        LayoutSVGRoot {svg:svg} at (41.31,0) size 30x30
          LayoutSVGContainer {svg:g} at (0,0) size 50x50
            LayoutSVGPath {svg:polygon} at (22,0) size 6x12 [fill={[type=SOLID] [color=#000000] [opacity=0.04]}] [points="22 0 28 0 27 12 23 12"]
            LayoutSVGPath {svg:polygon} at (22,0) size 6x12 [transform={m=((0.87,0.50)(-0.50,0.87)) t=(15.85,-9.15)}] [fill={[type=SOLID] [color=#000000] [opacity=0.08]}] [points="22 0 28 0 27 12 23 12"]
            LayoutSVGPath {svg:polygon} at (22,0) size 6x12 [transform={m=((0.50,0.87)(-0.87,0.50)) t=(34.15,-9.15)}] [fill={[type=SOLID] [color=#000000] [opacity=0.12]}] [points="22 0 28 0 27 12 23 12"]
            LayoutSVGPath {svg:polygon} at (22,0) size 6x12 [transform={m=((0.00,1.00)(-1.00,0.00)) t=(50.00,0.00)}] [fill={[type=SOLID] [color=#000000] [opacity=0.16]}] [points="22 0 28 0 27 12 23 12"]
            LayoutSVGPath {svg:polygon} at (22,0) size 6x12 [transform={m=((-0.50,0.87)(-0.87,-0.50)) t=(59.15,15.85)}] [fill={[type=SOLID] [color=#000000] [opacity=0.20]}] [points="22 0 28 0 27 12 23 12"]
            LayoutSVGPath {svg:polygon} at (22,0) size 6x12 [transform={m=((-0.87,0.50)(-0.50,-0.87)) t=(59.15,34.15)}] [fill={[type=SOLID] [color=#000000] [opacity=0.24]}] [points="22 0 28 0 27 12 23 12"]
            LayoutSVGPath {svg:polygon} at (22,0) size 6x12 [transform={m=((-1.00,0.00)(-0.00,-1.00)) t=(50.00,50.00)}] [fill={[type=SOLID] [color=#000000] [opacity=0.29]}] [points="22 0 28 0 27 12 23 12"]
            LayoutSVGPath {svg:polygon} at (22,0) size 6x12 [transform={m=((-0.87,-0.50)(0.50,-0.87)) t=(34.15,59.15)}] [fill={[type=SOLID] [color=#000000] [opacity=0.33]}] [points="22 0 28 0 27 12 23 12"]
            LayoutSVGPath {svg:polygon} at (22,0) size 6x12 [transform={m=((-0.50,-0.87)(0.87,-0.50)) t=(15.85,59.15)}] [fill={[type=SOLID] [color=#000000] [opacity=0.37]}] [points="22 0 28 0 27 12 23 12"]
            LayoutSVGPath {svg:polygon} at (22,0) size 6x12 [transform={m=((-0.00,-1.00)(1.00,-0.00)) t=(0.00,50.00)}] [fill={[type=SOLID] [color=#000000] [opacity=0.41]}] [points="22 0 28 0 27 12 23 12"]
            LayoutSVGPath {svg:polygon} at (22,0) size 6x12 [transform={m=((0.50,-0.87)(0.87,0.50)) t=(-9.15,34.15)}] [fill={[type=SOLID] [color=#000000] [opacity=0.45]}] [points="22 0 28 0 27 12 23 12"]
            LayoutSVGPath {svg:polygon} at (22,0) size 6x12 [transform={m=((0.87,-0.50)(0.50,0.87)) t=(-9.15,15.85)}] [fill={[type=SOLID] [color=#000000] [opacity=0.50]}] [points="22 0 28 0 27 12 23 12"]
        LayoutText {#text} at (0,0) size 0x0
layer at (290,16) size 40x40
  LayoutEmbeddedObject {embed} at (239.69,0) size 40x40
    layer at (0,0) size 40x40
      LayoutView at (0,0) size 40x40
    layer at (0,0) size 40x40
      LayoutSVGRoot {svg} at (0,0) size 40x40
        LayoutSVGHiddenContainer {symbol} at (22,0) size 6x15
          LayoutSVGPath {polygon} at (22,0) size 6x15 [fill={[type=SOLID] [color=#000000]}] [points="22 0 28 0 23 15 23 15"]
        LayoutSVGContainer {g} at (0,0) size 50x50
          LayoutSVGContainer {use} at (22,0) size 6x15
            LayoutSVGViewportContainer {svg} at (22,0) size 6x15
              LayoutSVGPath {polygon} at (22,0) size 6x15 [fill={[type=SOLID] [color=#000000] [opacity=0.50]}] [points="22 0 28 0 23 15 23 15"]
          LayoutSVGContainer {use} at (22,0) size 6x15 [transform={m=((0.87,0.50)(-0.50,0.87)) t=(15.85,-9.15)}]
            LayoutSVGViewportContainer {svg} at (22,0) size 6x15
              LayoutSVGPath {polygon} at (22,0) size 6x15 [fill={[type=SOLID] [color=#000000] [opacity=0.08]}] [points="22 0 28 0 23 15 23 15"]
          LayoutSVGContainer {use} at (22,0) size 6x15 [transform={m=((0.50,0.87)(-0.87,0.50)) t=(34.15,-9.15)}]
            LayoutSVGViewportContainer {svg} at (22,0) size 6x15
              LayoutSVGPath {polygon} at (22,0) size 6x15 [fill={[type=SOLID] [color=#000000] [opacity=0.12]}] [points="22 0 28 0 23 15 23 15"]
          LayoutSVGContainer {use} at (22,0) size 6x15 [transform={m=((0.00,1.00)(-1.00,0.00)) t=(50.00,0.00)}]
            LayoutSVGViewportContainer {svg} at (22,0) size 6x15
              LayoutSVGPath {polygon} at (22,0) size 6x15 [fill={[type=SOLID] [color=#000000] [opacity=0.16]}] [points="22 0 28 0 23 15 23 15"]
          LayoutSVGContainer {use} at (22,0) size 6x15 [transform={m=((-0.50,0.87)(-0.87,-0.50)) t=(59.15,15.85)}]
            LayoutSVGViewportContainer {svg} at (22,0) size 6x15
              LayoutSVGPath {polygon} at (22,0) size 6x15 [fill={[type=SOLID] [color=#000000] [opacity=0.20]}] [points="22 0 28 0 23 15 23 15"]
          LayoutSVGContainer {use} at (22,0) size 6x15 [transform={m=((-0.87,0.50)(-0.50,-0.87)) t=(59.15,34.15)}]
            LayoutSVGViewportContainer {svg} at (22,0) size 6x15
              LayoutSVGPath {polygon} at (22,0) size 6x15 [fill={[type=SOLID] [color=#000000] [opacity=0.24]}] [points="22 0 28 0 23 15 23 15"]
          LayoutSVGContainer {use} at (22,0) size 6x15 [transform={m=((-1.00,0.00)(-0.00,-1.00)) t=(50.00,50.00)}]
            LayoutSVGViewportContainer {svg} at (22,0) size 6x15
              LayoutSVGPath {polygon} at (22,0) size 6x15 [fill={[type=SOLID] [color=#000000] [opacity=0.29]}] [points="22 0 28 0 23 15 23 15"]
          LayoutSVGContainer {use} at (22,0) size 6x15 [transform={m=((-0.87,-0.50)(0.50,-0.87)) t=(34.15,59.15)}]
            LayoutSVGViewportContainer {svg} at (22,0) size 6x15
              LayoutSVGPath {polygon} at (22,0) size 6x15 [fill={[type=SOLID] [color=#000000] [opacity=0.33]}] [points="22 0 28 0 23 15 23 15"]
          LayoutSVGContainer {use} at (22,0) size 6x15 [transform={m=((-0.50,-0.87)(0.87,-0.50)) t=(15.85,59.15)}]
            LayoutSVGViewportContainer {svg} at (22,0) size 6x15
              LayoutSVGPath {polygon} at (22,0) size 6x15 [fill={[type=SOLID] [color=#000000] [opacity=0.37]}] [points="22 0 28 0 23 15 23 15"]
          LayoutSVGContainer {use} at (22,0) size 6x15 [transform={m=((-0.00,-1.00)(1.00,-0.00)) t=(0.00,50.00)}]
            LayoutSVGViewportContainer {svg} at (22,0) size 6x15
              LayoutSVGPath {polygon} at (22,0) size 6x15 [fill={[type=SOLID] [color=#000000] [opacity=0.41]}] [points="22 0 28 0 23 15 23 15"]
          LayoutSVGContainer {use} at (22,0) size 6x15 [transform={m=((0.50,-0.87)(0.87,0.50)) t=(-9.15,34.15)}]
            LayoutSVGViewportContainer {svg} at (22,0) size 6x15
              LayoutSVGPath {polygon} at (22,0) size 6x15 [fill={[type=SOLID] [color=#000000] [opacity=0.45]}] [points="22 0 28 0 23 15 23 15"]
          LayoutSVGContainer {use} at (22,0) size 6x15 [transform={m=((0.87,-0.50)(0.50,0.87)) t=(-9.15,15.85)}]
            LayoutSVGViewportContainer {svg} at (22,0) size 6x15
              LayoutSVGPath {polygon} at (22,0) size 6x15 [fill={[type=SOLID] [color=#000000] [opacity=0.50]}] [points="22 0 28 0 23 15 23 15"]
layer at (252,218) size 40x40
  LayoutIFrame {iframe} at (201.89,0) size 40x40
    layer at (0,0) size 40x40
      LayoutView at (0,0) size 40x40
    layer at (0,0) size 40x40
      LayoutSVGRoot {svg} at (0,0) size 40x40
        LayoutSVGHiddenContainer {symbol} at (22,0) size 6x15
          LayoutSVGPath {polygon} at (22,0) size 6x15 [fill={[type=SOLID] [color=#000000]}] [points="22 0 28 0 23 15 23 15"]
        LayoutSVGContainer {g} at (0,0) size 50x50
          LayoutSVGContainer {use} at (22,0) size 6x15
            LayoutSVGViewportContainer {svg} at (22,0) size 6x15
              LayoutSVGPath {polygon} at (22,0) size 6x15 [fill={[type=SOLID] [color=#000000] [opacity=0.50]}] [points="22 0 28 0 23 15 23 15"]
          LayoutSVGContainer {use} at (22,0) size 6x15 [transform={m=((0.87,0.50)(-0.50,0.87)) t=(15.85,-9.15)}]
            LayoutSVGViewportContainer {svg} at (22,0) size 6x15
              LayoutSVGPath {polygon} at (22,0) size 6x15 [fill={[type=SOLID] [color=#000000] [opacity=0.08]}] [points="22 0 28 0 23 15 23 15"]
          LayoutSVGContainer {use} at (22,0) size 6x15 [transform={m=((0.50,0.87)(-0.87,0.50)) t=(34.15,-9.15)}]
            LayoutSVGViewportContainer {svg} at (22,0) size 6x15
              LayoutSVGPath {polygon} at (22,0) size 6x15 [fill={[type=SOLID] [color=#000000] [opacity=0.12]}] [points="22 0 28 0 23 15 23 15"]
          LayoutSVGContainer {use} at (22,0) size 6x15 [transform={m=((0.00,1.00)(-1.00,0.00)) t=(50.00,0.00)}]
            LayoutSVGViewportContainer {svg} at (22,0) size 6x15
              LayoutSVGPath {polygon} at (22,0) size 6x15 [fill={[type=SOLID] [color=#000000] [opacity=0.16]}] [points="22 0 28 0 23 15 23 15"]
          LayoutSVGContainer {use} at (22,0) size 6x15 [transform={m=((-0.50,0.87)(-0.87,-0.50)) t=(59.15,15.85)}]
            LayoutSVGViewportContainer {svg} at (22,0) size 6x15
              LayoutSVGPath {polygon} at (22,0) size 6x15 [fill={[type=SOLID] [color=#000000] [opacity=0.20]}] [points="22 0 28 0 23 15 23 15"]
          LayoutSVGContainer {use} at (22,0) size 6x15 [transform={m=((-0.87,0.50)(-0.50,-0.87)) t=(59.15,34.15)}]
            LayoutSVGViewportContainer {svg} at (22,0) size 6x15
              LayoutSVGPath {polygon} at (22,0) size 6x15 [fill={[type=SOLID] [color=#000000] [opacity=0.24]}] [points="22 0 28 0 23 15 23 15"]
          LayoutSVGContainer {use} at (22,0) size 6x15 [transform={m=((-1.00,0.00)(-0.00,-1.00)) t=(50.00,50.00)}]
            LayoutSVGViewportContainer {svg} at (22,0) size 6x15
              LayoutSVGPath {polygon} at (22,0) size 6x15 [fill={[type=SOLID] [color=#000000] [opacity=0.29]}] [points="22 0 28 0 23 15 23 15"]
          LayoutSVGContainer {use} at (22,0) size 6x15 [transform={m=((-0.87,-0.50)(0.50,-0.87)) t=(34.15,59.15)}]
            LayoutSVGViewportContainer {svg} at (22,0) size 6x15
              LayoutSVGPath {polygon} at (22,0) size 6x15 [fill={[type=SOLID] [color=#000000] [opacity=0.33]}] [points="22 0 28 0 23 15 23 15"]
          LayoutSVGContainer {use} at (22,0) size 6x15 [transform={m=((-0.50,-0.87)(0.87,-0.50)) t=(15.85,59.15)}]
            LayoutSVGViewportContainer {svg} at (22,0) size 6x15
              LayoutSVGPath {polygon} at (22,0) size 6x15 [fill={[type=SOLID] [color=#000000] [opacity=0.37]}] [points="22 0 28 0 23 15 23 15"]
          LayoutSVGContainer {use} at (22,0) size 6x15 [transform={m=((-0.00,-1.00)(1.00,-0.00)) t=(0.00,50.00)}]
            LayoutSVGViewportContainer {svg} at (22,0) size 6x15
              LayoutSVGPath {polygon} at (22,0) size 6x15 [fill={[type=SOLID] [color=#000000] [opacity=0.41]}] [points="22 0 28 0 23 15 23 15"]
          LayoutSVGContainer {use} at (22,0) size 6x15 [transform={m=((0.50,-0.87)(0.87,0.50)) t=(-9.15,34.15)}]
            LayoutSVGViewportContainer {svg} at (22,0) size 6x15
              LayoutSVGPath {polygon} at (22,0) size 6x15 [fill={[type=SOLID] [color=#000000] [opacity=0.45]}] [points="22 0 28 0 23 15 23 15"]
          LayoutSVGContainer {use} at (22,0) size 6x15 [transform={m=((0.87,-0.50)(0.50,0.87)) t=(-9.15,15.85)}]
            LayoutSVGViewportContainer {svg} at (22,0) size 6x15
              LayoutSVGPath {polygon} at (22,0) size 6x15 [fill={[type=SOLID] [color=#000000] [opacity=0.50]}] [points="22 0 28 0 23 15 23 15"]
layer at (250,112) size 42x42
  LayoutBlockFlow (relative positioned) {div} at (0,144) size 42x42 [border: (1px solid #AAAAAA)]
