layer at (0,0) size 800x600
  LayoutView at (0,0) size 800x600
layer at (0,0) size 800x600
  LayoutBlockFlow {HTML} at (0,0) size 800x600
    LayoutBlockFlow {BODY} at (8,8) size 784x584
      LayoutBlockFlow {P} at (0,0) size 784x36
        LayoutText {#text} at (0,0) size 773x36
          text run at (0,0) width 773: "This tests to see if HTMLEmbedElement.getSVGDocument() and HTMLObjectElement.getSVGDocument() work. You"
          text run at (0,18) width 304: "should see SUCCESS printed twice below this:"
      LayoutBlockFlow (anonymous) at (0,52) size 784x58
        LayoutBR {BR} at (85,20) size 0x0
        LayoutBR {BR} at (0,20) size 0x18
        LayoutText {#text} at (0,0) size 0x0
layer at (8,60) size 85x20
  LayoutEmbeddedObject {EMBED} at (0,0) size 85x20
    layer at (0,0) size 85x20
      LayoutView at (0,0) size 85x20
    layer at (0,0) size 85x20
      LayoutSVGRoot {svg} at (0,0) size 85x20
        LayoutSVGRect {rect} at (0,0) size 85x20 [fill={[type=SOLID] [color=#008000]}] [x=0.00] [y=0.00] [width=85.00] [height=20.00]
        LayoutSVGText {text} at (5,2) size 69.36x18 contains 1 chunk(s)
          LayoutSVGInlineText {#text} at (5,2) size 69.36x18
            chunk 1 text run 1 at (5.00,16.00) startOffset 0 endOffset 7 width 69.37: "SUCCESS"
layer at (8,98) size 85x20
  LayoutEmbeddedObject {OBJECT} at (0,38) size 85x20
    layer at (0,0) size 85x20
      LayoutView at (0,0) size 85x20
    layer at (0,0) size 85x20
      LayoutSVGRoot {svg} at (0,0) size 85x20
        LayoutSVGRect {rect} at (0,0) size 85x20 [fill={[type=SOLID] [color=#008000]}] [x=0.00] [y=0.00] [width=85.00] [height=20.00]
        LayoutSVGText {text} at (5,2) size 69.36x18 contains 1 chunk(s)
          LayoutSVGInlineText {#text} at (5,2) size 69.36x18
            chunk 1 text run 1 at (5.00,16.00) startOffset 0 endOffset 7 width 69.37: "SUCCESS"
