layer at (0,0) size 800x600
  LayoutView at (0,0) size 800x600
layer at (0,0) size 800x52
  LayoutBlockFlow {html} at (0,0) size 800x52
    LayoutBlockFlow {body} at (8,8) size 784x36
      LayoutText {#text} at (0,0) size 174x18
        text run at (0,0) width 174: "This tests the behaviour of "
      LayoutInline {code} at (0,0) size 220x15
        LayoutText {#text} at (173,2) size 220x15
          text run at (173,2) width 220: "SVGLocatable::getScreenCTM()"
      LayoutText {#text} at (392,0) size 116x18
        text run at (392,0) width 116: " in mixed content "
      LayoutBR {br} at (507,0) size 1x18
      LayoutText {#text} at (0,18) size 322x18
        text run at (0,18) width 322: "If the test passes you should see a green rectangle."
layer at (30,100) size 400x200
  LayoutBlockFlow (positioned) {div} at (30,100) size 400x200
    LayoutSVGRoot {svg} at (0,0) size 400x200
      LayoutSVGRect {rect} at (0,0) size 200x100 [fill={[type=SOLID] [color=#008000]}] [x=0.00] [y=0.00] [width=200.00] [height=100.00]
    LayoutText {#text} at (0,0) size 0x0
layer at (30,330) size 0x0
  LayoutBlockFlow (positioned) {div} at (30,330) size 0x0 [color=#FF0000]
