layer at (0,0) size 800x600
  LayoutView at (0,0) size 800x600
layer at (0,0) size 800x219
  LayoutBlockFlow {html} at (0,0) size 800x218.88
    LayoutBlockFlow {body} at (8,21.44) size 784x189.44
      LayoutBlockFlow {h1} at (0,0) size 784x37
        LayoutText {#text} at (0,0) size 496x37
          text run at (0,0) width 496: "SVG Images in Inline CSS Elements"
      LayoutBlockFlow {p} at (0,58.44) size 784x36
        LayoutText {#text} at (0,0) size 770x36
          text run at (0,0) width 770: "The two following blocks should display side-by-side a 75x75 pixels image with a 3 pixels border overlaid on top of the"
          text run at (0,18) width 129: "image (Bug 14051)."
      LayoutBlockFlow (anonymous) at (0,110.44) size 784x79
        LayoutInline {div} at (0,0) size 79x18
          LayoutText {#text} at (0,0) size 0x0
          LayoutSVGRoot {svg} at (0,0) size 75x75
            LayoutSVGImage {image} at (0,0) size 75x75
            LayoutSVGRect {rect} at (0,0) size 75x75 [stroke={[type=SOLID] [color=#FF0000] [stroke width=6.00]}] [x=0.00] [y=0.00] [width=75.00] [height=75.00]
          LayoutText {#text} at (75,61) size 4x18
            text run at (75,61) width 4: " "
        LayoutText {#text} at (0,0) size 0x0
        LayoutInline {div} at (0,0) size 75x18
          LayoutText {#text} at (0,0) size 0x0
          LayoutSVGRoot {svg} at (79,0) size 75x75
            LayoutSVGImage {image} at (0,0) size 75x75
            LayoutSVGRect {rect} at (0,0) size 75x75 [stroke={[type=SOLID] [color=#FF0000] [stroke width=6.00]}] [x=0.00] [y=0.00] [width=75.00] [height=75.00]
          LayoutText {#text} at (0,0) size 0x0
        LayoutText {#text} at (0,0) size 0x0
