layer at (0,0) size 800x600
  LayoutView at (0,0) size 800x600
layer at (0,0) size 800x68
  LayoutBlockFlow {html} at (0,0) size 800x68
    LayoutBlockFlow {body} at (8,16) size 784x36
      LayoutBlockFlow {p} at (0,0) size 784x36
        LayoutText {#text} at (0,0) size 763x36
          text run at (0,0) width 763: "In the div below the text is distributed over the whole SVG area. But when you scroll around the invisible text does not"
          text run at (0,18) width 132: "appear (Bug 12163)."
layer at (10,68) size 502x502 clip at (11,69) size 485x485 scrollY 550.00 scrollWidth 5000 scrollHeight 5004
  LayoutBlockFlow (positioned) {div} at (10,68) size 502x502 [border: (1px solid #AAAAAA)]
    LayoutSVGRoot {svg} at (1,1) size 5000x5000
      LayoutSVGText {text} at (-1.14,2) size 78.92x23 contains 1 chunk(s)
        LayoutSVGInlineText {#text} at (-1.14,2) size 78.92x23
          chunk 1 text run 1 at (0.00,20.00) startOffset 0 endOffset 11 width 77.76: "just a text"
      LayoutSVGText {text} at (98.84,2) size 78.92x23 contains 1 chunk(s)
        LayoutSVGInlineText {#text} at (98.84,2) size 78.92x23
          chunk 1 text run 1 at (100.00,20.00) startOffset 0 endOffset 11 width 77.76: "just a text"
      LayoutSVGText {text} at (198.84,2) size 78.92x23 contains 1 chunk(s)
        LayoutSVGInlineText {#text} at (198.84,2) size 78.92x23
          chunk 1 text run 1 at (200.00,20.00) startOffset 0 endOffset 11 width 77.76: "just a text"
      LayoutSVGText {text} at (298.84,2) size 78.92x23 contains 1 chunk(s)
        LayoutSVGInlineText {#text} at (298.84,2) size 78.92x23
          chunk 1 text run 1 at (300.00,20.00) startOffset 0 endOffset 11 width 77.76: "just a text"
      LayoutSVGText {text} at (398.84,2) size 78.92x23 contains 1 chunk(s)
        LayoutSVGInlineText {#text} at (398.84,2) size 78.92x23
          chunk 1 text run 1 at (400.00,20.00) startOffset 0 endOffset 11 width 77.76: "just a text"
      LayoutSVGText {text} at (498.84,2) size 78.92x23 contains 1 chunk(s)
        LayoutSVGInlineText {#text} at (498.84,2) size 78.92x23
          chunk 1 text run 1 at (500.00,20.00) startOffset 0 endOffset 11 width 77.76: "just a text"
      LayoutSVGText {text} at (598.84,2) size 78.92x23 contains 1 chunk(s)
        LayoutSVGInlineText {#text} at (598.84,2) size 78.92x23
          chunk 1 text run 1 at (600.00,20.00) startOffset 0 endOffset 11 width 77.76: "just a text"
      LayoutSVGText {text} at (698.84,2) size 78.92x23 contains 1 chunk(s)
        LayoutSVGInlineText {#text} at (698.84,2) size 78.92x23
          chunk 1 text run 1 at (700.00,20.00) startOffset 0 endOffset 11 width 77.76: "just a text"
      LayoutSVGText {text} at (798.84,2) size 78.92x23 contains 1 chunk(s)
        LayoutSVGInlineText {#text} at (798.84,2) size 78.92x23
          chunk 1 text run 1 at (800.00,20.00) startOffset 0 endOffset 11 width 77.76: "just a text"
      LayoutSVGText {text} at (898.84,2) size 78.92x23 contains 1 chunk(s)
        LayoutSVGInlineText {#text} at (898.84,2) size 78.92x23
          chunk 1 text run 1 at (900.00,20.00) startOffset 0 endOffset 11 width 77.76: "just a text"
      LayoutSVGText {text} at (998.84,2) size 78.92x23 contains 1 chunk(s)
        LayoutSVGInlineText {#text} at (998.84,2) size 78.92x23
          chunk 1 text run 1 at (1000.00,20.00) startOffset 0 endOffset 11 width 77.76: "just a text"
      LayoutSVGText {text} at (1098.84,2) size 78.92x23 contains 1 chunk(s)
        LayoutSVGInlineText {#text} at (1098.84,2) size 78.92x23
          chunk 1 text run 1 at (1100.00,20.00) startOffset 0 endOffset 11 width 77.76: "just a text"
      LayoutSVGText {text} at (1198.84,2) size 78.92x23 contains 1 chunk(s)
        LayoutSVGInlineText {#text} at (1198.84,2) size 78.92x23
          chunk 1 text run 1 at (1200.00,20.00) startOffset 0 endOffset 11 width 77.76: "just a text"
      LayoutSVGText {text} at (1298.84,2) size 78.92x23 contains 1 chunk(s)
        LayoutSVGInlineText {#text} at (1298.84,2) size 78.92x23
          chunk 1 text run 1 at (1300.00,20.00) startOffset 0 endOffset 11 width 77.76: "just a text"
      LayoutSVGText {text} at (1398.84,2) size 78.92x23 contains 1 chunk(s)
        LayoutSVGInlineText {#text} at (1398.84,2) size 78.92x23
          chunk 1 text run 1 at (1400.00,20.00) startOffset 0 endOffset 11 width 77.76: "just a text"
      LayoutSVGText {text} at (1498.84,2) size 78.92x23 contains 1 chunk(s)
        LayoutSVGInlineText {#text} at (1498.84,2) size 78.92x23
          chunk 1 text run 1 at (1500.00,20.00) startOffset 0 endOffset 11 width 77.76: "just a text"
      LayoutSVGText {text} at (1598.84,2) size 78.92x23 contains 1 chunk(s)
        LayoutSVGInlineText {#text} at (1598.84,2) size 78.92x23
          chunk 1 text run 1 at (1600.00,20.00) startOffset 0 endOffset 11 width 77.76: "just a text"
      LayoutSVGText {text} at (1698.84,2) size 78.92x23 contains 1 chunk(s)
        LayoutSVGInlineText {#text} at (1698.84,2) size 78.92x23
          chunk 1 text run 1 at (1700.00,20.00) startOffset 0 endOffset 11 width 77.76: "just a text"
      LayoutSVGText {text} at (1798.84,2) size 78.92x23 contains 1 chunk(s)
        LayoutSVGInlineText {#text} at (1798.84,2) size 78.92x23
          chunk 1 text run 1 at (1800.00,20.00) startOffset 0 endOffset 11 width 77.76: "just a text"
      LayoutSVGText {text} at (1898.84,2) size 78.92x23 contains 1 chunk(s)
        LayoutSVGInlineText {#text} at (1898.84,2) size 78.92x23
          chunk 1 text run 1 at (1900.00,20.00) startOffset 0 endOffset 11 width 77.76: "just a text"
      LayoutSVGText {text} at (1998.84,2) size 78.92x23 contains 1 chunk(s)
        LayoutSVGInlineText {#text} at (1998.84,2) size 78.92x23
          chunk 1 text run 1 at (2000.00,20.00) startOffset 0 endOffset 11 width 77.76: "just a text"
      LayoutSVGText {text} at (2098.84,2) size 78.92x23 contains 1 chunk(s)
        LayoutSVGInlineText {#text} at (2098.84,2) size 78.92x23
          chunk 1 text run 1 at (2100.00,20.00) startOffset 0 endOffset 11 width 77.76: "just a text"
      LayoutSVGText {text} at (2198.84,2) size 78.92x23 contains 1 chunk(s)
        LayoutSVGInlineText {#text} at (2198.84,2) size 78.92x23
          chunk 1 text run 1 at (2200.00,20.00) startOffset 0 endOffset 11 width 77.76: "just a text"
      LayoutSVGText {text} at (2298.84,2) size 78.92x23 contains 1 chunk(s)
        LayoutSVGInlineText {#text} at (2298.84,2) size 78.92x23
          chunk 1 text run 1 at (2300.00,20.00) startOffset 0 endOffset 11 width 77.76: "just a text"
      LayoutSVGText {text} at (2398.84,2) size 78.92x23 contains 1 chunk(s)
        LayoutSVGInlineText {#text} at (2398.84,2) size 78.92x23
          chunk 1 text run 1 at (2400.00,20.00) startOffset 0 endOffset 11 width 77.76: "just a text"
      LayoutSVGText {text} at (2498.84,2) size 78.92x23 contains 1 chunk(s)
        LayoutSVGInlineText {#text} at (2498.84,2) size 78.92x23
          chunk 1 text run 1 at (2500.00,20.00) startOffset 0 endOffset 11 width 77.76: "just a text"
      LayoutSVGText {text} at (2598.84,2) size 78.92x23 contains 1 chunk(s)
        LayoutSVGInlineText {#text} at (2598.84,2) size 78.92x23
          chunk 1 text run 1 at (2600.00,20.00) startOffset 0 endOffset 11 width 77.76: "just a text"
      LayoutSVGText {text} at (2698.84,2) size 78.92x23 contains 1 chunk(s)
        LayoutSVGInlineText {#text} at (2698.84,2) size 78.92x23
          chunk 1 text run 1 at (2700.00,20.00) startOffset 0 endOffset 11 width 77.76: "just a text"
      LayoutSVGText {text} at (2798.84,2) size 78.92x23 contains 1 chunk(s)
        LayoutSVGInlineText {#text} at (2798.84,2) size 78.92x23
          chunk 1 text run 1 at (2800.00,20.00) startOffset 0 endOffset 11 width 77.76: "just a text"
      LayoutSVGText {text} at (2898.84,2) size 78.92x23 contains 1 chunk(s)
        LayoutSVGInlineText {#text} at (2898.84,2) size 78.92x23
          chunk 1 text run 1 at (2900.00,20.00) startOffset 0 endOffset 11 width 77.76: "just a text"
      LayoutSVGText {text} at (2998.84,2) size 78.92x23 contains 1 chunk(s)
        LayoutSVGInlineText {#text} at (2998.84,2) size 78.92x23
          chunk 1 text run 1 at (3000.00,20.00) startOffset 0 endOffset 11 width 77.76: "just a text"
      LayoutSVGText {text} at (3098.84,2) size 78.92x23 contains 1 chunk(s)
        LayoutSVGInlineText {#text} at (3098.84,2) size 78.92x23
          chunk 1 text run 1 at (3100.00,20.00) startOffset 0 endOffset 11 width 77.76: "just a text"
      LayoutSVGText {text} at (3198.84,2) size 78.92x23 contains 1 chunk(s)
        LayoutSVGInlineText {#text} at (3198.84,2) size 78.92x23
          chunk 1 text run 1 at (3200.00,20.00) startOffset 0 endOffset 11 width 77.76: "just a text"
      LayoutSVGText {text} at (3298.84,2) size 78.92x23 contains 1 chunk(s)
        LayoutSVGInlineText {#text} at (3298.84,2) size 78.92x23
          chunk 1 text run 1 at (3300.00,20.00) startOffset 0 endOffset 11 width 77.76: "just a text"
      LayoutSVGText {text} at (3398.84,2) size 78.92x23 contains 1 chunk(s)
        LayoutSVGInlineText {#text} at (3398.84,2) size 78.92x23
          chunk 1 text run 1 at (3400.00,20.00) startOffset 0 endOffset 11 width 77.76: "just a text"
      LayoutSVGText {text} at (3498.84,2) size 78.92x23 contains 1 chunk(s)
        LayoutSVGInlineText {#text} at (3498.84,2) size 78.92x23
          chunk 1 text run 1 at (3500.00,20.00) startOffset 0 endOffset 11 width 77.76: "just a text"
      LayoutSVGText {text} at (3598.84,2) size 78.92x23 contains 1 chunk(s)
        LayoutSVGInlineText {#text} at (3598.84,2) size 78.92x23
          chunk 1 text run 1 at (3600.00,20.00) startOffset 0 endOffset 11 width 77.76: "just a text"
      LayoutSVGText {text} at (3698.84,2) size 78.92x23 contains 1 chunk(s)
        LayoutSVGInlineText {#text} at (3698.84,2) size 78.92x23
          chunk 1 text run 1 at (3700.00,20.00) startOffset 0 endOffset 11 width 77.76: "just a text"
      LayoutSVGText {text} at (3798.84,2) size 78.92x23 contains 1 chunk(s)
        LayoutSVGInlineText {#text} at (3798.84,2) size 78.92x23
          chunk 1 text run 1 at (3800.00,20.00) startOffset 0 endOffset 11 width 77.76: "just a text"
      LayoutSVGText {text} at (3898.84,2) size 78.92x23 contains 1 chunk(s)
        LayoutSVGInlineText {#text} at (3898.84,2) size 78.92x23
          chunk 1 text run 1 at (3900.00,20.00) startOffset 0 endOffset 11 width 77.76: "just a text"
      LayoutSVGText {text} at (3998.84,2) size 78.92x23 contains 1 chunk(s)
        LayoutSVGInlineText {#text} at (3998.84,2) size 78.92x23
          chunk 1 text run 1 at (4000.00,20.00) startOffset 0 endOffset 11 width 77.76: "just a text"
      LayoutSVGText {text} at (4098.84,2) size 78.92x23 contains 1 chunk(s)
        LayoutSVGInlineText {#text} at (4098.84,2) size 78.92x23
          chunk 1 text run 1 at (4100.00,20.00) startOffset 0 endOffset 11 width 77.76: "just a text"
      LayoutSVGText {text} at (4198.84,2) size 78.92x23 contains 1 chunk(s)
        LayoutSVGInlineText {#text} at (4198.84,2) size 78.92x23
          chunk 1 text run 1 at (4200.00,20.00) startOffset 0 endOffset 11 width 77.76: "just a text"
      LayoutSVGText {text} at (4298.84,2) size 78.92x23 contains 1 chunk(s)
        LayoutSVGInlineText {#text} at (4298.84,2) size 78.92x23
          chunk 1 text run 1 at (4300.00,20.00) startOffset 0 endOffset 11 width 77.76: "just a text"
      LayoutSVGText {text} at (4398.84,2) size 78.92x23 contains 1 chunk(s)
        LayoutSVGInlineText {#text} at (4398.84,2) size 78.92x23
          chunk 1 text run 1 at (4400.00,20.00) startOffset 0 endOffset 11 width 77.76: "just a text"
      LayoutSVGText {text} at (4498.84,2) size 78.92x23 contains 1 chunk(s)
        LayoutSVGInlineText {#text} at (4498.84,2) size 78.92x23
          chunk 1 text run 1 at (4500.00,20.00) startOffset 0 endOffset 11 width 77.76: "just a text"
      LayoutSVGText {text} at (4598.84,2) size 78.92x23 contains 1 chunk(s)
        LayoutSVGInlineText {#text} at (4598.84,2) size 78.92x23
          chunk 1 text run 1 at (4600.00,20.00) startOffset 0 endOffset 11 width 77.76: "just a text"
      LayoutSVGText {text} at (4698.84,2) size 78.92x23 contains 1 chunk(s)
        LayoutSVGInlineText {#text} at (4698.84,2) size 78.92x23
          chunk 1 text run 1 at (4700.00,20.00) startOffset 0 endOffset 11 width 77.76: "just a text"
      LayoutSVGText {text} at (4798.84,2) size 78.92x23 contains 1 chunk(s)
        LayoutSVGInlineText {#text} at (4798.84,2) size 78.92x23
          chunk 1 text run 1 at (4800.00,20.00) startOffset 0 endOffset 11 width 77.76: "just a text"
      LayoutSVGText {text} at (4898.84,2) size 78.92x23 contains 1 chunk(s)
        LayoutSVGInlineText {#text} at (4898.84,2) size 78.92x23
          chunk 1 text run 1 at (4900.00,20.00) startOffset 0 endOffset 11 width 77.76: "just a text"
      LayoutSVGText {text} at (-1.14,102) size 78.92x23 contains 1 chunk(s)
        LayoutSVGInlineText {#text} at (-1.14,102) size 78.92x23
          chunk 1 text run 1 at (0.00,120.00) startOffset 0 endOffset 11 width 77.76: "just a text"
      LayoutSVGText {text} at (98.84,102) size 78.92x23 contains 1 chunk(s)
        LayoutSVGInlineText {#text} at (98.84,102) size 78.92x23
          chunk 1 text run 1 at (100.00,120.00) startOffset 0 endOffset 11 width 77.76: "just a text"
      LayoutSVGText {text} at (198.84,102) size 78.92x23 contains 1 chunk(s)
        LayoutSVGInlineText {#text} at (198.84,102) size 78.92x23
          chunk 1 text run 1 at (200.00,120.00) startOffset 0 endOffset 11 width 77.76: "just a text"
      LayoutSVGText {text} at (298.84,102) size 78.92x23 contains 1 chunk(s)
        LayoutSVGInlineText {#text} at (298.84,102) size 78.92x23
          chunk 1 text run 1 at (300.00,120.00) startOffset 0 endOffset 11 width 77.76: "just a text"
      LayoutSVGText {text} at (398.84,102) size 78.92x23 contains 1 chunk(s)
        LayoutSVGInlineText {#text} at (398.84,102) size 78.92x23
          chunk 1 text run 1 at (400.00,120.00) startOffset 0 endOffset 11 width 77.76: "just a text"
      LayoutSVGText {text} at (498.84,102) size 78.92x23 contains 1 chunk(s)
        LayoutSVGInlineText {#text} at (498.84,102) size 78.92x23
          chunk 1 text run 1 at (500.00,120.00) startOffset 0 endOffset 11 width 77.76: "just a text"
      LayoutSVGText {text} at (598.84,102) size 78.92x23 contains 1 chunk(s)
        LayoutSVGInlineText {#text} at (598.84,102) size 78.92x23
          chunk 1 text run 1 at (600.00,120.00) startOffset 0 endOffset 11 width 77.76: "just a text"
      LayoutSVGText {text} at (698.84,102) size 78.92x23 contains 1 chunk(s)
        LayoutSVGInlineText {#text} at (698.84,102) size 78.92x23
          chunk 1 text run 1 at (700.00,120.00) startOffset 0 endOffset 11 width 77.76: "just a text"
      LayoutSVGText {text} at (798.84,102) size 78.92x23 contains 1 chunk(s)
        LayoutSVGInlineText {#text} at (798.84,102) size 78.92x23
          chunk 1 text run 1 at (800.00,120.00) startOffset 0 endOffset 11 width 77.76: "just a text"
      LayoutSVGText {text} at (898.84,102) size 78.92x23 contains 1 chunk(s)
        LayoutSVGInlineText {#text} at (898.84,102) size 78.92x23
          chunk 1 text run 1 at (900.00,120.00) startOffset 0 endOffset 11 width 77.76: "just a text"
      LayoutSVGText {text} at (998.84,102) size 78.92x23 contains 1 chunk(s)
        LayoutSVGInlineText {#text} at (998.84,102) size 78.92x23
          chunk 1 text run 1 at (1000.00,120.00) startOffset 0 endOffset 11 width 77.76: "just a text"
      LayoutSVGText {text} at (1098.84,102) size 78.92x23 contains 1 chunk(s)
        LayoutSVGInlineText {#text} at (1098.84,102) size 78.92x23
          chunk 1 text run 1 at (1100.00,120.00) startOffset 0 endOffset 11 width 77.76: "just a text"
      LayoutSVGText {text} at (1198.84,102) size 78.92x23 contains 1 chunk(s)
        LayoutSVGInlineText {#text} at (1198.84,102) size 78.92x23
          chunk 1 text run 1 at (1200.00,120.00) startOffset 0 endOffset 11 width 77.76: "just a text"
      LayoutSVGText {text} at (1298.84,102) size 78.92x23 contains 1 chunk(s)
        LayoutSVGInlineText {#text} at (1298.84,102) size 78.92x23
          chunk 1 text run 1 at (1300.00,120.00) startOffset 0 endOffset 11 width 77.76: "just a text"
      LayoutSVGText {text} at (1398.84,102) size 78.92x23 contains 1 chunk(s)
        LayoutSVGInlineText {#text} at (1398.84,102) size 78.92x23
          chunk 1 text run 1 at (1400.00,120.00) startOffset 0 endOffset 11 width 77.76: "just a text"
      LayoutSVGText {text} at (1498.84,102) size 78.92x23 contains 1 chunk(s)
        LayoutSVGInlineText {#text} at (1498.84,102) size 78.92x23
          chunk 1 text run 1 at (1500.00,120.00) startOffset 0 endOffset 11 width 77.76: "just a text"
      LayoutSVGText {text} at (1598.84,102) size 78.92x23 contains 1 chunk(s)
        LayoutSVGInlineText {#text} at (1598.84,102) size 78.92x23
          chunk 1 text run 1 at (1600.00,120.00) startOffset 0 endOffset 11 width 77.76: "just a text"
      LayoutSVGText {text} at (1698.84,102) size 78.92x23 contains 1 chunk(s)
        LayoutSVGInlineText {#text} at (1698.84,102) size 78.92x23
          chunk 1 text run 1 at (1700.00,120.00) startOffset 0 endOffset 11 width 77.76: "just a text"
      LayoutSVGText {text} at (1798.84,102) size 78.92x23 contains 1 chunk(s)
        LayoutSVGInlineText {#text} at (1798.84,102) size 78.92x23
          chunk 1 text run 1 at (1800.00,120.00) startOffset 0 endOffset 11 width 77.76: "just a text"
      LayoutSVGText {text} at (1898.84,102) size 78.92x23 contains 1 chunk(s)
        LayoutSVGInlineText {#text} at (1898.84,102) size 78.92x23
          chunk 1 text run 1 at (1900.00,120.00) startOffset 0 endOffset 11 width 77.76: "just a text"
      LayoutSVGText {text} at (1998.84,102) size 78.92x23 contains 1 chunk(s)
        LayoutSVGInlineText {#text} at (1998.84,102) size 78.92x23
          chunk 1 text run 1 at (2000.00,120.00) startOffset 0 endOffset 11 width 77.76: "just a text"
      LayoutSVGText {text} at (2098.84,102) size 78.92x23 contains 1 chunk(s)
        LayoutSVGInlineText {#text} at (2098.84,102) size 78.92x23
          chunk 1 text run 1 at (2100.00,120.00) startOffset 0 endOffset 11 width 77.76: "just a text"
      LayoutSVGText {text} at (2198.84,102) size 78.92x23 contains 1 chunk(s)
        LayoutSVGInlineText {#text} at (2198.84,102) size 78.92x23
          chunk 1 text run 1 at (2200.00,120.00) startOffset 0 endOffset 11 width 77.76: "just a text"
      LayoutSVGText {text} at (2298.84,102) size 78.92x23 contains 1 chunk(s)
        LayoutSVGInlineText {#text} at (2298.84,102) size 78.92x23
          chunk 1 text run 1 at (2300.00,120.00) startOffset 0 endOffset 11 width 77.76: "just a text"
      LayoutSVGText {text} at (2398.84,102) size 78.92x23 contains 1 chunk(s)
        LayoutSVGInlineText {#text} at (2398.84,102) size 78.92x23
          chunk 1 text run 1 at (2400.00,120.00) startOffset 0 endOffset 11 width 77.76: "just a text"
      LayoutSVGText {text} at (2498.84,102) size 78.92x23 contains 1 chunk(s)
        LayoutSVGInlineText {#text} at (2498.84,102) size 78.92x23
          chunk 1 text run 1 at (2500.00,120.00) startOffset 0 endOffset 11 width 77.76: "just a text"
      LayoutSVGText {text} at (2598.84,102) size 78.92x23 contains 1 chunk(s)
        LayoutSVGInlineText {#text} at (2598.84,102) size 78.92x23
          chunk 1 text run 1 at (2600.00,120.00) startOffset 0 endOffset 11 width 77.76: "just a text"
      LayoutSVGText {text} at (2698.84,102) size 78.92x23 contains 1 chunk(s)
        LayoutSVGInlineText {#text} at (2698.84,102) size 78.92x23
          chunk 1 text run 1 at (2700.00,120.00) startOffset 0 endOffset 11 width 77.76: "just a text"
      LayoutSVGText {text} at (2798.84,102) size 78.92x23 contains 1 chunk(s)
        LayoutSVGInlineText {#text} at (2798.84,102) size 78.92x23
          chunk 1 text run 1 at (2800.00,120.00) startOffset 0 endOffset 11 width 77.76: "just a text"
      LayoutSVGText {text} at (2898.84,102) size 78.92x23 contains 1 chunk(s)
        LayoutSVGInlineText {#text} at (2898.84,102) size 78.92x23
          chunk 1 text run 1 at (2900.00,120.00) startOffset 0 endOffset 11 width 77.76: "just a text"
      LayoutSVGText {text} at (2998.84,102) size 78.92x23 contains 1 chunk(s)
        LayoutSVGInlineText {#text} at (2998.84,102) size 78.92x23
          chunk 1 text run 1 at (3000.00,120.00) startOffset 0 endOffset 11 width 77.76: "just a text"
      LayoutSVGText {text} at (3098.84,102) size 78.92x23 contains 1 chunk(s)
        LayoutSVGInlineText {#text} at (3098.84,102) size 78.92x23
          chunk 1 text run 1 at (3100.00,120.00) startOffset 0 endOffset 11 width 77.76: "just a text"
      LayoutSVGText {text} at (3198.84,102) size 78.92x23 contains 1 chunk(s)
        LayoutSVGInlineText {#text} at (3198.84,102) size 78.92x23
          chunk 1 text run 1 at (3200.00,120.00) startOffset 0 endOffset 11 width 77.76: "just a text"
      LayoutSVGText {text} at (3298.84,102) size 78.92x23 contains 1 chunk(s)
        LayoutSVGInlineText {#text} at (3298.84,102) size 78.92x23
          chunk 1 text run 1 at (3300.00,120.00) startOffset 0 endOffset 11 width 77.76: "just a text"
      LayoutSVGText {text} at (3398.84,102) size 78.92x23 contains 1 chunk(s)
        LayoutSVGInlineText {#text} at (3398.84,102) size 78.92x23
          chunk 1 text run 1 at (3400.00,120.00) startOffset 0 endOffset 11 width 77.76: "just a text"
      LayoutSVGText {text} at (3498.84,102) size 78.92x23 contains 1 chunk(s)
        LayoutSVGInlineText {#text} at (3498.84,102) size 78.92x23
          chunk 1 text run 1 at (3500.00,120.00) startOffset 0 endOffset 11 width 77.76: "just a text"
      LayoutSVGText {text} at (3598.84,102) size 78.92x23 contains 1 chunk(s)
        LayoutSVGInlineText {#text} at (3598.84,102) size 78.92x23
          chunk 1 text run 1 at (3600.00,120.00) startOffset 0 endOffset 11 width 77.76: "just a text"
      LayoutSVGText {text} at (3698.84,102) size 78.92x23 contains 1 chunk(s)
        LayoutSVGInlineText {#text} at (3698.84,102) size 78.92x23
          chunk 1 text run 1 at (3700.00,120.00) startOffset 0 endOffset 11 width 77.76: "just a text"
      LayoutSVGText {text} at (3798.84,102) size 78.92x23 contains 1 chunk(s)
        LayoutSVGInlineText {#text} at (3798.84,102) size 78.92x23
          chunk 1 text run 1 at (3800.00,120.00) startOffset 0 endOffset 11 width 77.76: "just a text"
      LayoutSVGText {text} at (3898.84,102) size 78.92x23 contains 1 chunk(s)
        LayoutSVGInlineText {#text} at (3898.84,102) size 78.92x23
          chunk 1 text run 1 at (3900.00,120.00) startOffset 0 endOffset 11 width 77.76: "just a text"
      LayoutSVGText {text} at (3998.84,102) size 78.92x23 contains 1 chunk(s)
        LayoutSVGInlineText {#text} at (3998.84,102) size 78.92x23
          chunk 1 text run 1 at (4000.00,120.00) startOffset 0 endOffset 11 width 77.76: "just a text"
      LayoutSVGText {text} at (4098.84,102) size 78.92x23 contains 1 chunk(s)
        LayoutSVGInlineText {#text} at (4098.84,102) size 78.92x23
          chunk 1 text run 1 at (4100.00,120.00) startOffset 0 endOffset 11 width 77.76: "just a text"
      LayoutSVGText {text} at (4198.84,102) size 78.92x23 contains 1 chunk(s)
        LayoutSVGInlineText {#text} at (4198.84,102) size 78.92x23
          chunk 1 text run 1 at (4200.00,120.00) startOffset 0 endOffset 11 width 77.76: "just a text"
      LayoutSVGText {text} at (4298.84,102) size 78.92x23 contains 1 chunk(s)
        LayoutSVGInlineText {#text} at (4298.84,102) size 78.92x23
          chunk 1 text run 1 at (4300.00,120.00) startOffset 0 endOffset 11 width 77.76: "just a text"
      LayoutSVGText {text} at (4398.84,102) size 78.92x23 contains 1 chunk(s)
        LayoutSVGInlineText {#text} at (4398.84,102) size 78.92x23
          chunk 1 text run 1 at (4400.00,120.00) startOffset 0 endOffset 11 width 77.76: "just a text"
      LayoutSVGText {text} at (4498.84,102) size 78.92x23 contains 1 chunk(s)
        LayoutSVGInlineText {#text} at (4498.84,102) size 78.92x23
          chunk 1 text run 1 at (4500.00,120.00) startOffset 0 endOffset 11 width 77.76: "just a text"
      LayoutSVGText {text} at (4598.84,102) size 78.92x23 contains 1 chunk(s)
        LayoutSVGInlineText {#text} at (4598.84,102) size 78.92x23
          chunk 1 text run 1 at (4600.00,120.00) startOffset 0 endOffset 11 width 77.76: "just a text"
      LayoutSVGText {text} at (4698.84,102) size 78.92x23 contains 1 chunk(s)
        LayoutSVGInlineText {#text} at (4698.84,102) size 78.92x23
          chunk 1 text run 1 at (4700.00,120.00) startOffset 0 endOffset 11 width 77.76: "just a text"
      LayoutSVGText {text} at (4798.84,102) size 78.92x23 contains 1 chunk(s)
        LayoutSVGInlineText {#text} at (4798.84,102) size 78.92x23
          chunk 1 text run 1 at (4800.00,120.00) startOffset 0 endOffset 11 width 77.76: "just a text"
      LayoutSVGText {text} at (4898.84,102) size 78.92x23 contains 1 chunk(s)
        LayoutSVGInlineText {#text} at (4898.84,102) size 78.92x23
          chunk 1 text run 1 at (4900.00,120.00) startOffset 0 endOffset 11 width 77.76: "just a text"
      LayoutSVGText {text} at (-1.14,202) size 78.92x23 contains 1 chunk(s)
        LayoutSVGInlineText {#text} at (-1.14,202) size 78.92x23
          chunk 1 text run 1 at (0.00,220.00) startOffset 0 endOffset 11 width 77.76: "just a text"
      LayoutSVGText {text} at (98.84,202) size 78.92x23 contains 1 chunk(s)
        LayoutSVGInlineText {#text} at (98.84,202) size 78.92x23
          chunk 1 text run 1 at (100.00,220.00) startOffset 0 endOffset 11 width 77.76: "just a text"
      LayoutSVGText {text} at (198.84,202) size 78.92x23 contains 1 chunk(s)
        LayoutSVGInlineText {#text} at (198.84,202) size 78.92x23
          chunk 1 text run 1 at (200.00,220.00) startOffset 0 endOffset 11 width 77.76: "just a text"
      LayoutSVGText {text} at (298.84,202) size 78.92x23 contains 1 chunk(s)
        LayoutSVGInlineText {#text} at (298.84,202) size 78.92x23
          chunk 1 text run 1 at (300.00,220.00) startOffset 0 endOffset 11 width 77.76: "just a text"
      LayoutSVGText {text} at (398.84,202) size 78.92x23 contains 1 chunk(s)
        LayoutSVGInlineText {#text} at (398.84,202) size 78.92x23
          chunk 1 text run 1 at (400.00,220.00) startOffset 0 endOffset 11 width 77.76: "just a text"
      LayoutSVGText {text} at (498.84,202) size 78.92x23 contains 1 chunk(s)
        LayoutSVGInlineText {#text} at (498.84,202) size 78.92x23
          chunk 1 text run 1 at (500.00,220.00) startOffset 0 endOffset 11 width 77.76: "just a text"
      LayoutSVGText {text} at (598.84,202) size 78.92x23 contains 1 chunk(s)
        LayoutSVGInlineText {#text} at (598.84,202) size 78.92x23
          chunk 1 text run 1 at (600.00,220.00) startOffset 0 endOffset 11 width 77.76: "just a text"
      LayoutSVGText {text} at (698.84,202) size 78.92x23 contains 1 chunk(s)
        LayoutSVGInlineText {#text} at (698.84,202) size 78.92x23
          chunk 1 text run 1 at (700.00,220.00) startOffset 0 endOffset 11 width 77.76: "just a text"
      LayoutSVGText {text} at (798.84,202) size 78.92x23 contains 1 chunk(s)
        LayoutSVGInlineText {#text} at (798.84,202) size 78.92x23
          chunk 1 text run 1 at (800.00,220.00) startOffset 0 endOffset 11 width 77.76: "just a text"
      LayoutSVGText {text} at (898.84,202) size 78.92x23 contains 1 chunk(s)
        LayoutSVGInlineText {#text} at (898.84,202) size 78.92x23
          chunk 1 text run 1 at (900.00,220.00) startOffset 0 endOffset 11 width 77.76: "just a text"
      LayoutSVGText {text} at (998.84,202) size 78.92x23 contains 1 chunk(s)
        LayoutSVGInlineText {#text} at (998.84,202) size 78.92x23
          chunk 1 text run 1 at (1000.00,220.00) startOffset 0 endOffset 11 width 77.76: "just a text"
      LayoutSVGText {text} at (1098.84,202) size 78.92x23 contains 1 chunk(s)
        LayoutSVGInlineText {#text} at (1098.84,202) size 78.92x23
          chunk 1 text run 1 at (1100.00,220.00) startOffset 0 endOffset 11 width 77.76: "just a text"
      LayoutSVGText {text} at (1198.84,202) size 78.92x23 contains 1 chunk(s)
        LayoutSVGInlineText {#text} at (1198.84,202) size 78.92x23
          chunk 1 text run 1 at (1200.00,220.00) startOffset 0 endOffset 11 width 77.76: "just a text"
      LayoutSVGText {text} at (1298.84,202) size 78.92x23 contains 1 chunk(s)
        LayoutSVGInlineText {#text} at (1298.84,202) size 78.92x23
          chunk 1 text run 1 at (1300.00,220.00) startOffset 0 endOffset 11 width 77.76: "just a text"
      LayoutSVGText {text} at (1398.84,202) size 78.92x23 contains 1 chunk(s)
        LayoutSVGInlineText {#text} at (1398.84,202) size 78.92x23
          chunk 1 text run 1 at (1400.00,220.00) startOffset 0 endOffset 11 width 77.76: "just a text"
      LayoutSVGText {text} at (1498.84,202) size 78.92x23 contains 1 chunk(s)
        LayoutSVGInlineText {#text} at (1498.84,202) size 78.92x23
          chunk 1 text run 1 at (1500.00,220.00) startOffset 0 endOffset 11 width 77.76: "just a text"
      LayoutSVGText {text} at (1598.84,202) size 78.92x23 contains 1 chunk(s)
        LayoutSVGInlineText {#text} at (1598.84,202) size 78.92x23
          chunk 1 text run 1 at (1600.00,220.00) startOffset 0 endOffset 11 width 77.76: "just a text"
      LayoutSVGText {text} at (1698.84,202) size 78.92x23 contains 1 chunk(s)
        LayoutSVGInlineText {#text} at (1698.84,202) size 78.92x23
          chunk 1 text run 1 at (1700.00,220.00) startOffset 0 endOffset 11 width 77.76: "just a text"
      LayoutSVGText {text} at (1798.84,202) size 78.92x23 contains 1 chunk(s)
        LayoutSVGInlineText {#text} at (1798.84,202) size 78.92x23
          chunk 1 text run 1 at (1800.00,220.00) startOffset 0 endOffset 11 width 77.76: "just a text"
      LayoutSVGText {text} at (1898.84,202) size 78.92x23 contains 1 chunk(s)
        LayoutSVGInlineText {#text} at (1898.84,202) size 78.92x23
          chunk 1 text run 1 at (1900.00,220.00) startOffset 0 endOffset 11 width 77.76: "just a text"
      LayoutSVGText {text} at (1998.84,202) size 78.92x23 contains 1 chunk(s)
        LayoutSVGInlineText {#text} at (1998.84,202) size 78.92x23
          chunk 1 text run 1 at (2000.00,220.00) startOffset 0 endOffset 11 width 77.76: "just a text"
      LayoutSVGText {text} at (2098.84,202) size 78.92x23 contains 1 chunk(s)
        LayoutSVGInlineText {#text} at (2098.84,202) size 78.92x23
          chunk 1 text run 1 at (2100.00,220.00) startOffset 0 endOffset 11 width 77.76: "just a text"
      LayoutSVGText {text} at (2198.84,202) size 78.92x23 contains 1 chunk(s)
        LayoutSVGInlineText {#text} at (2198.84,202) size 78.92x23
          chunk 1 text run 1 at (2200.00,220.00) startOffset 0 endOffset 11 width 77.76: "just a text"
      LayoutSVGText {text} at (2298.84,202) size 78.92x23 contains 1 chunk(s)
        LayoutSVGInlineText {#text} at (2298.84,202) size 78.92x23
          chunk 1 text run 1 at (2300.00,220.00) startOffset 0 endOffset 11 width 77.76: "just a text"
      LayoutSVGText {text} at (2398.84,202) size 78.92x23 contains 1 chunk(s)
        LayoutSVGInlineText {#text} at (2398.84,202) size 78.92x23
          chunk 1 text run 1 at (2400.00,220.00) startOffset 0 endOffset 11 width 77.76: "just a text"
      LayoutSVGText {text} at (2498.84,202) size 78.92x23 contains 1 chunk(s)
        LayoutSVGInlineText {#text} at (2498.84,202) size 78.92x23
          chunk 1 text run 1 at (2500.00,220.00) startOffset 0 endOffset 11 width 77.76: "just a text"
      LayoutSVGText {text} at (2598.84,202) size 78.92x23 contains 1 chunk(s)
        LayoutSVGInlineText {#text} at (2598.84,202) size 78.92x23
          chunk 1 text run 1 at (2600.00,220.00) startOffset 0 endOffset 11 width 77.76: "just a text"
      LayoutSVGText {text} at (2698.84,202) size 78.92x23 contains 1 chunk(s)
        LayoutSVGInlineText {#text} at (2698.84,202) size 78.92x23
          chunk 1 text run 1 at (2700.00,220.00) startOffset 0 endOffset 11 width 77.76: "just a text"
      LayoutSVGText {text} at (2798.84,202) size 78.92x23 contains 1 chunk(s)
        LayoutSVGInlineText {#text} at (2798.84,202) size 78.92x23
          chunk 1 text run 1 at (2800.00,220.00) startOffset 0 endOffset 11 width 77.76: "just a text"
      LayoutSVGText {text} at (2898.84,202) size 78.92x23 contains 1 chunk(s)
        LayoutSVGInlineText {#text} at (2898.84,202) size 78.92x23
          chunk 1 text run 1 at (2900.00,220.00) startOffset 0 endOffset 11 width 77.76: "just a text"
      LayoutSVGText {text} at (2998.84,202) size 78.92x23 contains 1 chunk(s)
        LayoutSVGInlineText {#text} at (2998.84,202) size 78.92x23
          chunk 1 text run 1 at (3000.00,220.00) startOffset 0 endOffset 11 width 77.76: "just a text"
      LayoutSVGText {text} at (3098.84,202) size 78.92x23 contains 1 chunk(s)
        LayoutSVGInlineText {#text} at (3098.84,202) size 78.92x23
          chunk 1 text run 1 at (3100.00,220.00) startOffset 0 endOffset 11 width 77.76: "just a text"
      LayoutSVGText {text} at (3198.84,202) size 78.92x23 contains 1 chunk(s)
        LayoutSVGInlineText {#text} at (3198.84,202) size 78.92x23
          chunk 1 text run 1 at (3200.00,220.00) startOffset 0 endOffset 11 width 77.76: "just a text"
      LayoutSVGText {text} at (3298.84,202) size 78.92x23 contains 1 chunk(s)
        LayoutSVGInlineText {#text} at (3298.84,202) size 78.92x23
          chunk 1 text run 1 at (3300.00,220.00) startOffset 0 endOffset 11 width 77.76: "just a text"
      LayoutSVGText {text} at (3398.84,202) size 78.92x23 contains 1 chunk(s)
        LayoutSVGInlineText {#text} at (3398.84,202) size 78.92x23
          chunk 1 text run 1 at (3400.00,220.00) startOffset 0 endOffset 11 width 77.76: "just a text"
      LayoutSVGText {text} at (3498.84,202) size 78.92x23 contains 1 chunk(s)
        LayoutSVGInlineText {#text} at (3498.84,202) size 78.92x23
          chunk 1 text run 1 at (3500.00,220.00) startOffset 0 endOffset 11 width 77.76: "just a text"
      LayoutSVGText {text} at (3598.84,202) size 78.92x23 contains 1 chunk(s)
        LayoutSVGInlineText {#text} at (3598.84,202) size 78.92x23
          chunk 1 text run 1 at (3600.00,220.00) startOffset 0 endOffset 11 width 77.76: "just a text"
      LayoutSVGText {text} at (3698.84,202) size 78.92x23 contains 1 chunk(s)
        LayoutSVGInlineText {#text} at (3698.84,202) size 78.92x23
          chunk 1 text run 1 at (3700.00,220.00) startOffset 0 endOffset 11 width 77.76: "just a text"
      LayoutSVGText {text} at (3798.84,202) size 78.92x23 contains 1 chunk(s)
        LayoutSVGInlineText {#text} at (3798.84,202) size 78.92x23
          chunk 1 text run 1 at (3800.00,220.00) startOffset 0 endOffset 11 width 77.76: "just a text"
      LayoutSVGText {text} at (3898.84,202) size 78.92x23 contains 1 chunk(s)
        LayoutSVGInlineText {#text} at (3898.84,202) size 78.92x23
          chunk 1 text run 1 at (3900.00,220.00) startOffset 0 endOffset 11 width 77.76: "just a text"
      LayoutSVGText {text} at (3998.84,202) size 78.92x23 contains 1 chunk(s)
        LayoutSVGInlineText {#text} at (3998.84,202) size 78.92x23
          chunk 1 text run 1 at (4000.00,220.00) startOffset 0 endOffset 11 width 77.76: "just a text"
      LayoutSVGText {text} at (4098.84,202) size 78.92x23 contains 1 chunk(s)
        LayoutSVGInlineText {#text} at (4098.84,202) size 78.92x23
          chunk 1 text run 1 at (4100.00,220.00) startOffset 0 endOffset 11 width 77.76: "just a text"
      LayoutSVGText {text} at (4198.84,202) size 78.92x23 contains 1 chunk(s)
        LayoutSVGInlineText {#text} at (4198.84,202) size 78.92x23
          chunk 1 text run 1 at (4200.00,220.00) startOffset 0 endOffset 11 width 77.76: "just a text"
      LayoutSVGText {text} at (4298.84,202) size 78.92x23 contains 1 chunk(s)
        LayoutSVGInlineText {#text} at (4298.84,202) size 78.92x23
          chunk 1 text run 1 at (4300.00,220.00) startOffset 0 endOffset 11 width 77.76: "just a text"
      LayoutSVGText {text} at (4398.84,202) size 78.92x23 contains 1 chunk(s)
        LayoutSVGInlineText {#text} at (4398.84,202) size 78.92x23
          chunk 1 text run 1 at (4400.00,220.00) startOffset 0 endOffset 11 width 77.76: "just a text"
      LayoutSVGText {text} at (4498.84,202) size 78.92x23 contains 1 chunk(s)
        LayoutSVGInlineText {#text} at (4498.84,202) size 78.92x23
          chunk 1 text run 1 at (4500.00,220.00) startOffset 0 endOffset 11 width 77.76: "just a text"
      LayoutSVGText {text} at (4598.84,202) size 78.92x23 contains 1 chunk(s)
        LayoutSVGInlineText {#text} at (4598.84,202) size 78.92x23
          chunk 1 text run 1 at (4600.00,220.00) startOffset 0 endOffset 11 width 77.76: "just a text"
      LayoutSVGText {text} at (4698.84,202) size 78.92x23 contains 1 chunk(s)
        LayoutSVGInlineText {#text} at (4698.84,202) size 78.92x23
          chunk 1 text run 1 at (4700.00,220.00) startOffset 0 endOffset 11 width 77.76: "just a text"
      LayoutSVGText {text} at (4798.84,202) size 78.92x23 contains 1 chunk(s)
        LayoutSVGInlineText {#text} at (4798.84,202) size 78.92x23
          chunk 1 text run 1 at (4800.00,220.00) startOffset 0 endOffset 11 width 77.76: "just a text"
      LayoutSVGText {text} at (4898.84,202) size 78.92x23 contains 1 chunk(s)
        LayoutSVGInlineText {#text} at (4898.84,202) size 78.92x23
          chunk 1 text run 1 at (4900.00,220.00) startOffset 0 endOffset 11 width 77.76: "just a text"
      LayoutSVGText {text} at (-1.14,302) size 78.92x23 contains 1 chunk(s)
        LayoutSVGInlineText {#text} at (-1.14,302) size 78.92x23
          chunk 1 text run 1 at (0.00,320.00) startOffset 0 endOffset 11 width 77.76: "just a text"
      LayoutSVGText {text} at (98.84,302) size 78.92x23 contains 1 chunk(s)
        LayoutSVGInlineText {#text} at (98.84,302) size 78.92x23
          chunk 1 text run 1 at (100.00,320.00) startOffset 0 endOffset 11 width 77.76: "just a text"
      LayoutSVGText {text} at (198.84,302) size 78.92x23 contains 1 chunk(s)
        LayoutSVGInlineText {#text} at (198.84,302) size 78.92x23
          chunk 1 text run 1 at (200.00,320.00) startOffset 0 endOffset 11 width 77.76: "just a text"
      LayoutSVGText {text} at (298.84,302) size 78.92x23 contains 1 chunk(s)
        LayoutSVGInlineText {#text} at (298.84,302) size 78.92x23
          chunk 1 text run 1 at (300.00,320.00) startOffset 0 endOffset 11 width 77.76: "just a text"
      LayoutSVGText {text} at (398.84,302) size 78.92x23 contains 1 chunk(s)
        LayoutSVGInlineText {#text} at (398.84,302) size 78.92x23
          chunk 1 text run 1 at (400.00,320.00) startOffset 0 endOffset 11 width 77.76: "just a text"
      LayoutSVGText {text} at (498.84,302) size 78.92x23 contains 1 chunk(s)
        LayoutSVGInlineText {#text} at (498.84,302) size 78.92x23
          chunk 1 text run 1 at (500.00,320.00) startOffset 0 endOffset 11 width 77.76: "just a text"
      LayoutSVGText {text} at (598.84,302) size 78.92x23 contains 1 chunk(s)
        LayoutSVGInlineText {#text} at (598.84,302) size 78.92x23
          chunk 1 text run 1 at (600.00,320.00) startOffset 0 endOffset 11 width 77.76: "just a text"
      LayoutSVGText {text} at (698.84,302) size 78.92x23 contains 1 chunk(s)
        LayoutSVGInlineText {#text} at (698.84,302) size 78.92x23
          chunk 1 text run 1 at (700.00,320.00) startOffset 0 endOffset 11 width 77.76: "just a text"
      LayoutSVGText {text} at (798.84,302) size 78.92x23 contains 1 chunk(s)
        LayoutSVGInlineText {#text} at (798.84,302) size 78.92x23
          chunk 1 text run 1 at (800.00,320.00) startOffset 0 endOffset 11 width 77.76: "just a text"
      LayoutSVGText {text} at (898.84,302) size 78.92x23 contains 1 chunk(s)
        LayoutSVGInlineText {#text} at (898.84,302) size 78.92x23
          chunk 1 text run 1 at (900.00,320.00) startOffset 0 endOffset 11 width 77.76: "just a text"
      LayoutSVGText {text} at (998.84,302) size 78.92x23 contains 1 chunk(s)
        LayoutSVGInlineText {#text} at (998.84,302) size 78.92x23
          chunk 1 text run 1 at (1000.00,320.00) startOffset 0 endOffset 11 width 77.76: "just a text"
      LayoutSVGText {text} at (1098.84,302) size 78.92x23 contains 1 chunk(s)
        LayoutSVGInlineText {#text} at (1098.84,302) size 78.92x23
          chunk 1 text run 1 at (1100.00,320.00) startOffset 0 endOffset 11 width 77.76: "just a text"
      LayoutSVGText {text} at (1198.84,302) size 78.92x23 contains 1 chunk(s)
        LayoutSVGInlineText {#text} at (1198.84,302) size 78.92x23
          chunk 1 text run 1 at (1200.00,320.00) startOffset 0 endOffset 11 width 77.76: "just a text"
      LayoutSVGText {text} at (1298.84,302) size 78.92x23 contains 1 chunk(s)
        LayoutSVGInlineText {#text} at (1298.84,302) size 78.92x23
          chunk 1 text run 1 at (1300.00,320.00) startOffset 0 endOffset 11 width 77.76: "just a text"
      LayoutSVGText {text} at (1398.84,302) size 78.92x23 contains 1 chunk(s)
        LayoutSVGInlineText {#text} at (1398.84,302) size 78.92x23
          chunk 1 text run 1 at (1400.00,320.00) startOffset 0 endOffset 11 width 77.76: "just a text"
      LayoutSVGText {text} at (1498.84,302) size 78.92x23 contains 1 chunk(s)
        LayoutSVGInlineText {#text} at (1498.84,302) size 78.92x23
          chunk 1 text run 1 at (1500.00,320.00) startOffset 0 endOffset 11 width 77.76: "just a text"
      LayoutSVGText {text} at (1598.84,302) size 78.92x23 contains 1 chunk(s)
        LayoutSVGInlineText {#text} at (1598.84,302) size 78.92x23
          chunk 1 text run 1 at (1600.00,320.00) startOffset 0 endOffset 11 width 77.76: "just a text"
      LayoutSVGText {text} at (1698.84,302) size 78.92x23 contains 1 chunk(s)
        LayoutSVGInlineText {#text} at (1698.84,302) size 78.92x23
          chunk 1 text run 1 at (1700.00,320.00) startOffset 0 endOffset 11 width 77.76: "just a text"
      LayoutSVGText {text} at (1798.84,302) size 78.92x23 contains 1 chunk(s)
        LayoutSVGInlineText {#text} at (1798.84,302) size 78.92x23
          chunk 1 text run 1 at (1800.00,320.00) startOffset 0 endOffset 11 width 77.76: "just a text"
      LayoutSVGText {text} at (1898.84,302) size 78.92x23 contains 1 chunk(s)
        LayoutSVGInlineText {#text} at (1898.84,302) size 78.92x23
          chunk 1 text run 1 at (1900.00,320.00) startOffset 0 endOffset 11 width 77.76: "just a text"
      LayoutSVGText {text} at (1998.84,302) size 78.92x23 contains 1 chunk(s)
        LayoutSVGInlineText {#text} at (1998.84,302) size 78.92x23
          chunk 1 text run 1 at (2000.00,320.00) startOffset 0 endOffset 11 width 77.76: "just a text"
      LayoutSVGText {text} at (2098.84,302) size 78.92x23 contains 1 chunk(s)
        LayoutSVGInlineText {#text} at (2098.84,302) size 78.92x23
          chunk 1 text run 1 at (2100.00,320.00) startOffset 0 endOffset 11 width 77.76: "just a text"
      LayoutSVGText {text} at (2198.84,302) size 78.92x23 contains 1 chunk(s)
        LayoutSVGInlineText {#text} at (2198.84,302) size 78.92x23
          chunk 1 text run 1 at (2200.00,320.00) startOffset 0 endOffset 11 width 77.76: "just a text"
      LayoutSVGText {text} at (2298.84,302) size 78.92x23 contains 1 chunk(s)
        LayoutSVGInlineText {#text} at (2298.84,302) size 78.92x23
          chunk 1 text run 1 at (2300.00,320.00) startOffset 0 endOffset 11 width 77.76: "just a text"
      LayoutSVGText {text} at (2398.84,302) size 78.92x23 contains 1 chunk(s)
        LayoutSVGInlineText {#text} at (2398.84,302) size 78.92x23
          chunk 1 text run 1 at (2400.00,320.00) startOffset 0 endOffset 11 width 77.76: "just a text"
      LayoutSVGText {text} at (2498.84,302) size 78.92x23 contains 1 chunk(s)
        LayoutSVGInlineText {#text} at (2498.84,302) size 78.92x23
          chunk 1 text run 1 at (2500.00,320.00) startOffset 0 endOffset 11 width 77.76: "just a text"
      LayoutSVGText {text} at (2598.84,302) size 78.92x23 contains 1 chunk(s)
        LayoutSVGInlineText {#text} at (2598.84,302) size 78.92x23
          chunk 1 text run 1 at (2600.00,320.00) startOffset 0 endOffset 11 width 77.76: "just a text"
      LayoutSVGText {text} at (2698.84,302) size 78.92x23 contains 1 chunk(s)
        LayoutSVGInlineText {#text} at (2698.84,302) size 78.92x23
          chunk 1 text run 1 at (2700.00,320.00) startOffset 0 endOffset 11 width 77.76: "just a text"
      LayoutSVGText {text} at (2798.84,302) size 78.92x23 contains 1 chunk(s)
        LayoutSVGInlineText {#text} at (2798.84,302) size 78.92x23
          chunk 1 text run 1 at (2800.00,320.00) startOffset 0 endOffset 11 width 77.76: "just a text"
      LayoutSVGText {text} at (2898.84,302) size 78.92x23 contains 1 chunk(s)
        LayoutSVGInlineText {#text} at (2898.84,302) size 78.92x23
          chunk 1 text run 1 at (2900.00,320.00) startOffset 0 endOffset 11 width 77.76: "just a text"
      LayoutSVGText {text} at (2998.84,302) size 78.92x23 contains 1 chunk(s)
        LayoutSVGInlineText {#text} at (2998.84,302) size 78.92x23
          chunk 1 text run 1 at (3000.00,320.00) startOffset 0 endOffset 11 width 77.76: "just a text"
      LayoutSVGText {text} at (3098.84,302) size 78.92x23 contains 1 chunk(s)
        LayoutSVGInlineText {#text} at (3098.84,302) size 78.92x23
          chunk 1 text run 1 at (3100.00,320.00) startOffset 0 endOffset 11 width 77.76: "just a text"
      LayoutSVGText {text} at (3198.84,302) size 78.92x23 contains 1 chunk(s)
        LayoutSVGInlineText {#text} at (3198.84,302) size 78.92x23
          chunk 1 text run 1 at (3200.00,320.00) startOffset 0 endOffset 11 width 77.76: "just a text"
      LayoutSVGText {text} at (3298.84,302) size 78.92x23 contains 1 chunk(s)
        LayoutSVGInlineText {#text} at (3298.84,302) size 78.92x23
          chunk 1 text run 1 at (3300.00,320.00) startOffset 0 endOffset 11 width 77.76: "just a text"
      LayoutSVGText {text} at (3398.84,302) size 78.92x23 contains 1 chunk(s)
        LayoutSVGInlineText {#text} at (3398.84,302) size 78.92x23
          chunk 1 text run 1 at (3400.00,320.00) startOffset 0 endOffset 11 width 77.76: "just a text"
      LayoutSVGText {text} at (3498.84,302) size 78.92x23 contains 1 chunk(s)
        LayoutSVGInlineText {#text} at (3498.84,302) size 78.92x23
          chunk 1 text run 1 at (3500.00,320.00) startOffset 0 endOffset 11 width 77.76: "just a text"
      LayoutSVGText {text} at (3598.84,302) size 78.92x23 contains 1 chunk(s)
        LayoutSVGInlineText {#text} at (3598.84,302) size 78.92x23
          chunk 1 text run 1 at (3600.00,320.00) startOffset 0 endOffset 11 width 77.76: "just a text"
      LayoutSVGText {text} at (3698.84,302) size 78.92x23 contains 1 chunk(s)
        LayoutSVGInlineText {#text} at (3698.84,302) size 78.92x23
          chunk 1 text run 1 at (3700.00,320.00) startOffset 0 endOffset 11 width 77.76: "just a text"
      LayoutSVGText {text} at (3798.84,302) size 78.92x23 contains 1 chunk(s)
        LayoutSVGInlineText {#text} at (3798.84,302) size 78.92x23
          chunk 1 text run 1 at (3800.00,320.00) startOffset 0 endOffset 11 width 77.76: "just a text"
      LayoutSVGText {text} at (3898.84,302) size 78.92x23 contains 1 chunk(s)
        LayoutSVGInlineText {#text} at (3898.84,302) size 78.92x23
          chunk 1 text run 1 at (3900.00,320.00) startOffset 0 endOffset 11 width 77.76: "just a text"
      LayoutSVGText {text} at (3998.84,302) size 78.92x23 contains 1 chunk(s)
        LayoutSVGInlineText {#text} at (3998.84,302) size 78.92x23
          chunk 1 text run 1 at (4000.00,320.00) startOffset 0 endOffset 11 width 77.76: "just a text"
      LayoutSVGText {text} at (4098.84,302) size 78.92x23 contains 1 chunk(s)
        LayoutSVGInlineText {#text} at (4098.84,302) size 78.92x23
          chunk 1 text run 1 at (4100.00,320.00) startOffset 0 endOffset 11 width 77.76: "just a text"
      LayoutSVGText {text} at (4198.84,302) size 78.92x23 contains 1 chunk(s)
        LayoutSVGInlineText {#text} at (4198.84,302) size 78.92x23
          chunk 1 text run 1 at (4200.00,320.00) startOffset 0 endOffset 11 width 77.76: "just a text"
      LayoutSVGText {text} at (4298.84,302) size 78.92x23 contains 1 chunk(s)
        LayoutSVGInlineText {#text} at (4298.84,302) size 78.92x23
          chunk 1 text run 1 at (4300.00,320.00) startOffset 0 endOffset 11 width 77.76: "just a text"
      LayoutSVGText {text} at (4398.84,302) size 78.92x23 contains 1 chunk(s)
        LayoutSVGInlineText {#text} at (4398.84,302) size 78.92x23
          chunk 1 text run 1 at (4400.00,320.00) startOffset 0 endOffset 11 width 77.76: "just a text"
      LayoutSVGText {text} at (4498.84,302) size 78.92x23 contains 1 chunk(s)
        LayoutSVGInlineText {#text} at (4498.84,302) size 78.92x23
          chunk 1 text run 1 at (4500.00,320.00) startOffset 0 endOffset 11 width 77.76: "just a text"
      LayoutSVGText {text} at (4598.84,302) size 78.92x23 contains 1 chunk(s)
        LayoutSVGInlineText {#text} at (4598.84,302) size 78.92x23
          chunk 1 text run 1 at (4600.00,320.00) startOffset 0 endOffset 11 width 77.76: "just a text"
      LayoutSVGText {text} at (4698.84,302) size 78.92x23 contains 1 chunk(s)
        LayoutSVGInlineText {#text} at (4698.84,302) size 78.92x23
          chunk 1 text run 1 at (4700.00,320.00) startOffset 0 endOffset 11 width 77.76: "just a text"
      LayoutSVGText {text} at (4798.84,302) size 78.92x23 contains 1 chunk(s)
        LayoutSVGInlineText {#text} at (4798.84,302) size 78.92x23
          chunk 1 text run 1 at (4800.00,320.00) startOffset 0 endOffset 11 width 77.76: "just a text"
      LayoutSVGText {text} at (4898.84,302) size 78.92x23 contains 1 chunk(s)
        LayoutSVGInlineText {#text} at (4898.84,302) size 78.92x23
          chunk 1 text run 1 at (4900.00,320.00) startOffset 0 endOffset 11 width 77.76: "just a text"
      LayoutSVGText {text} at (-1.14,402) size 78.92x23 contains 1 chunk(s)
        LayoutSVGInlineText {#text} at (-1.14,402) size 78.92x23
          chunk 1 text run 1 at (0.00,420.00) startOffset 0 endOffset 11 width 77.76: "just a text"
      LayoutSVGText {text} at (98.84,402) size 78.92x23 contains 1 chunk(s)
        LayoutSVGInlineText {#text} at (98.84,402) size 78.92x23
          chunk 1 text run 1 at (100.00,420.00) startOffset 0 endOffset 11 width 77.76: "just a text"
      LayoutSVGText {text} at (198.84,402) size 78.92x23 contains 1 chunk(s)
        LayoutSVGInlineText {#text} at (198.84,402) size 78.92x23
          chunk 1 text run 1 at (200.00,420.00) startOffset 0 endOffset 11 width 77.76: "just a text"
      LayoutSVGText {text} at (298.84,402) size 78.92x23 contains 1 chunk(s)
        LayoutSVGInlineText {#text} at (298.84,402) size 78.92x23
          chunk 1 text run 1 at (300.00,420.00) startOffset 0 endOffset 11 width 77.76: "just a text"
      LayoutSVGText {text} at (398.84,402) size 78.92x23 contains 1 chunk(s)
        LayoutSVGInlineText {#text} at (398.84,402) size 78.92x23
          chunk 1 text run 1 at (400.00,420.00) startOffset 0 endOffset 11 width 77.76: "just a text"
      LayoutSVGText {text} at (498.84,402) size 78.92x23 contains 1 chunk(s)
        LayoutSVGInlineText {#text} at (498.84,402) size 78.92x23
          chunk 1 text run 1 at (500.00,420.00) startOffset 0 endOffset 11 width 77.76: "just a text"
      LayoutSVGText {text} at (598.84,402) size 78.92x23 contains 1 chunk(s)
        LayoutSVGInlineText {#text} at (598.84,402) size 78.92x23
          chunk 1 text run 1 at (600.00,420.00) startOffset 0 endOffset 11 width 77.76: "just a text"
      LayoutSVGText {text} at (698.84,402) size 78.92x23 contains 1 chunk(s)
        LayoutSVGInlineText {#text} at (698.84,402) size 78.92x23
          chunk 1 text run 1 at (700.00,420.00) startOffset 0 endOffset 11 width 77.76: "just a text"
      LayoutSVGText {text} at (798.84,402) size 78.92x23 contains 1 chunk(s)
        LayoutSVGInlineText {#text} at (798.84,402) size 78.92x23
          chunk 1 text run 1 at (800.00,420.00) startOffset 0 endOffset 11 width 77.76: "just a text"
      LayoutSVGText {text} at (898.84,402) size 78.92x23 contains 1 chunk(s)
        LayoutSVGInlineText {#text} at (898.84,402) size 78.92x23
          chunk 1 text run 1 at (900.00,420.00) startOffset 0 endOffset 11 width 77.76: "just a text"
      LayoutSVGText {text} at (998.84,402) size 78.92x23 contains 1 chunk(s)
        LayoutSVGInlineText {#text} at (998.84,402) size 78.92x23
          chunk 1 text run 1 at (1000.00,420.00) startOffset 0 endOffset 11 width 77.76: "just a text"
      LayoutSVGText {text} at (1098.84,402) size 78.92x23 contains 1 chunk(s)
        LayoutSVGInlineText {#text} at (1098.84,402) size 78.92x23
          chunk 1 text run 1 at (1100.00,420.00) startOffset 0 endOffset 11 width 77.76: "just a text"
      LayoutSVGText {text} at (1198.84,402) size 78.92x23 contains 1 chunk(s)
        LayoutSVGInlineText {#text} at (1198.84,402) size 78.92x23
          chunk 1 text run 1 at (1200.00,420.00) startOffset 0 endOffset 11 width 77.76: "just a text"
      LayoutSVGText {text} at (1298.84,402) size 78.92x23 contains 1 chunk(s)
        LayoutSVGInlineText {#text} at (1298.84,402) size 78.92x23
          chunk 1 text run 1 at (1300.00,420.00) startOffset 0 endOffset 11 width 77.76: "just a text"
      LayoutSVGText {text} at (1398.84,402) size 78.92x23 contains 1 chunk(s)
        LayoutSVGInlineText {#text} at (1398.84,402) size 78.92x23
          chunk 1 text run 1 at (1400.00,420.00) startOffset 0 endOffset 11 width 77.76: "just a text"
      LayoutSVGText {text} at (1498.84,402) size 78.92x23 contains 1 chunk(s)
        LayoutSVGInlineText {#text} at (1498.84,402) size 78.92x23
          chunk 1 text run 1 at (1500.00,420.00) startOffset 0 endOffset 11 width 77.76: "just a text"
      LayoutSVGText {text} at (1598.84,402) size 78.92x23 contains 1 chunk(s)
        LayoutSVGInlineText {#text} at (1598.84,402) size 78.92x23
          chunk 1 text run 1 at (1600.00,420.00) startOffset 0 endOffset 11 width 77.76: "just a text"
      LayoutSVGText {text} at (1698.84,402) size 78.92x23 contains 1 chunk(s)
        LayoutSVGInlineText {#text} at (1698.84,402) size 78.92x23
          chunk 1 text run 1 at (1700.00,420.00) startOffset 0 endOffset 11 width 77.76: "just a text"
      LayoutSVGText {text} at (1798.84,402) size 78.92x23 contains 1 chunk(s)
        LayoutSVGInlineText {#text} at (1798.84,402) size 78.92x23
          chunk 1 text run 1 at (1800.00,420.00) startOffset 0 endOffset 11 width 77.76: "just a text"
      LayoutSVGText {text} at (1898.84,402) size 78.92x23 contains 1 chunk(s)
        LayoutSVGInlineText {#text} at (1898.84,402) size 78.92x23
          chunk 1 text run 1 at (1900.00,420.00) startOffset 0 endOffset 11 width 77.76: "just a text"
      LayoutSVGText {text} at (1998.84,402) size 78.92x23 contains 1 chunk(s)
        LayoutSVGInlineText {#text} at (1998.84,402) size 78.92x23
          chunk 1 text run 1 at (2000.00,420.00) startOffset 0 endOffset 11 width 77.76: "just a text"
      LayoutSVGText {text} at (2098.84,402) size 78.92x23 contains 1 chunk(s)
        LayoutSVGInlineText {#text} at (2098.84,402) size 78.92x23
          chunk 1 text run 1 at (2100.00,420.00) startOffset 0 endOffset 11 width 77.76: "just a text"
      LayoutSVGText {text} at (2198.84,402) size 78.92x23 contains 1 chunk(s)
        LayoutSVGInlineText {#text} at (2198.84,402) size 78.92x23
          chunk 1 text run 1 at (2200.00,420.00) startOffset 0 endOffset 11 width 77.76: "just a text"
      LayoutSVGText {text} at (2298.84,402) size 78.92x23 contains 1 chunk(s)
        LayoutSVGInlineText {#text} at (2298.84,402) size 78.92x23
          chunk 1 text run 1 at (2300.00,420.00) startOffset 0 endOffset 11 width 77.76: "just a text"
      LayoutSVGText {text} at (2398.84,402) size 78.92x23 contains 1 chunk(s)
        LayoutSVGInlineText {#text} at (2398.84,402) size 78.92x23
          chunk 1 text run 1 at (2400.00,420.00) startOffset 0 endOffset 11 width 77.76: "just a text"
      LayoutSVGText {text} at (2498.84,402) size 78.92x23 contains 1 chunk(s)
        LayoutSVGInlineText {#text} at (2498.84,402) size 78.92x23
          chunk 1 text run 1 at (2500.00,420.00) startOffset 0 endOffset 11 width 77.76: "just a text"
      LayoutSVGText {text} at (2598.84,402) size 78.92x23 contains 1 chunk(s)
        LayoutSVGInlineText {#text} at (2598.84,402) size 78.92x23
          chunk 1 text run 1 at (2600.00,420.00) startOffset 0 endOffset 11 width 77.76: "just a text"
      LayoutSVGText {text} at (2698.84,402) size 78.92x23 contains 1 chunk(s)
        LayoutSVGInlineText {#text} at (2698.84,402) size 78.92x23
          chunk 1 text run 1 at (2700.00,420.00) startOffset 0 endOffset 11 width 77.76: "just a text"
      LayoutSVGText {text} at (2798.84,402) size 78.92x23 contains 1 chunk(s)
        LayoutSVGInlineText {#text} at (2798.84,402) size 78.92x23
          chunk 1 text run 1 at (2800.00,420.00) startOffset 0 endOffset 11 width 77.76: "just a text"
      LayoutSVGText {text} at (2898.84,402) size 78.92x23 contains 1 chunk(s)
        LayoutSVGInlineText {#text} at (2898.84,402) size 78.92x23
          chunk 1 text run 1 at (2900.00,420.00) startOffset 0 endOffset 11 width 77.76: "just a text"
      LayoutSVGText {text} at (2998.84,402) size 78.92x23 contains 1 chunk(s)
        LayoutSVGInlineText {#text} at (2998.84,402) size 78.92x23
          chunk 1 text run 1 at (3000.00,420.00) startOffset 0 endOffset 11 width 77.76: "just a text"
      LayoutSVGText {text} at (3098.84,402) size 78.92x23 contains 1 chunk(s)
        LayoutSVGInlineText {#text} at (3098.84,402) size 78.92x23
          chunk 1 text run 1 at (3100.00,420.00) startOffset 0 endOffset 11 width 77.76: "just a text"
      LayoutSVGText {text} at (3198.84,402) size 78.92x23 contains 1 chunk(s)
        LayoutSVGInlineText {#text} at (3198.84,402) size 78.92x23
          chunk 1 text run 1 at (3200.00,420.00) startOffset 0 endOffset 11 width 77.76: "just a text"
      LayoutSVGText {text} at (3298.84,402) size 78.92x23 contains 1 chunk(s)
        LayoutSVGInlineText {#text} at (3298.84,402) size 78.92x23
          chunk 1 text run 1 at (3300.00,420.00) startOffset 0 endOffset 11 width 77.76: "just a text"
      LayoutSVGText {text} at (3398.84,402) size 78.92x23 contains 1 chunk(s)
        LayoutSVGInlineText {#text} at (3398.84,402) size 78.92x23
          chunk 1 text run 1 at (3400.00,420.00) startOffset 0 endOffset 11 width 77.76: "just a text"
      LayoutSVGText {text} at (3498.84,402) size 78.92x23 contains 1 chunk(s)
        LayoutSVGInlineText {#text} at (3498.84,402) size 78.92x23
          chunk 1 text run 1 at (3500.00,420.00) startOffset 0 endOffset 11 width 77.76: "just a text"
      LayoutSVGText {text} at (3598.84,402) size 78.92x23 contains 1 chunk(s)
        LayoutSVGInlineText {#text} at (3598.84,402) size 78.92x23
          chunk 1 text run 1 at (3600.00,420.00) startOffset 0 endOffset 11 width 77.76: "just a text"
      LayoutSVGText {text} at (3698.84,402) size 78.92x23 contains 1 chunk(s)
        LayoutSVGInlineText {#text} at (3698.84,402) size 78.92x23
          chunk 1 text run 1 at (3700.00,420.00) startOffset 0 endOffset 11 width 77.76: "just a text"
      LayoutSVGText {text} at (3798.84,402) size 78.92x23 contains 1 chunk(s)
        LayoutSVGInlineText {#text} at (3798.84,402) size 78.92x23
          chunk 1 text run 1 at (3800.00,420.00) startOffset 0 endOffset 11 width 77.76: "just a text"
      LayoutSVGText {text} at (3898.84,402) size 78.92x23 contains 1 chunk(s)
        LayoutSVGInlineText {#text} at (3898.84,402) size 78.92x23
          chunk 1 text run 1 at (3900.00,420.00) startOffset 0 endOffset 11 width 77.76: "just a text"
      LayoutSVGText {text} at (3998.84,402) size 78.92x23 contains 1 chunk(s)
        LayoutSVGInlineText {#text} at (3998.84,402) size 78.92x23
          chunk 1 text run 1 at (4000.00,420.00) startOffset 0 endOffset 11 width 77.76: "just a text"
      LayoutSVGText {text} at (4098.84,402) size 78.92x23 contains 1 chunk(s)
        LayoutSVGInlineText {#text} at (4098.84,402) size 78.92x23
          chunk 1 text run 1 at (4100.00,420.00) startOffset 0 endOffset 11 width 77.76: "just a text"
      LayoutSVGText {text} at (4198.84,402) size 78.92x23 contains 1 chunk(s)
        LayoutSVGInlineText {#text} at (4198.84,402) size 78.92x23
          chunk 1 text run 1 at (4200.00,420.00) startOffset 0 endOffset 11 width 77.76: "just a text"
      LayoutSVGText {text} at (4298.84,402) size 78.92x23 contains 1 chunk(s)
        LayoutSVGInlineText {#text} at (4298.84,402) size 78.92x23
          chunk 1 text run 1 at (4300.00,420.00) startOffset 0 endOffset 11 width 77.76: "just a text"
      LayoutSVGText {text} at (4398.84,402) size 78.92x23 contains 1 chunk(s)
        LayoutSVGInlineText {#text} at (4398.84,402) size 78.92x23
          chunk 1 text run 1 at (4400.00,420.00) startOffset 0 endOffset 11 width 77.76: "just a text"
      LayoutSVGText {text} at (4498.84,402) size 78.92x23 contains 1 chunk(s)
        LayoutSVGInlineText {#text} at (4498.84,402) size 78.92x23
          chunk 1 text run 1 at (4500.00,420.00) startOffset 0 endOffset 11 width 77.76: "just a text"
      LayoutSVGText {text} at (4598.84,402) size 78.92x23 contains 1 chunk(s)
        LayoutSVGInlineText {#text} at (4598.84,402) size 78.92x23
          chunk 1 text run 1 at (4600.00,420.00) startOffset 0 endOffset 11 width 77.76: "just a text"
      LayoutSVGText {text} at (4698.84,402) size 78.92x23 contains 1 chunk(s)
        LayoutSVGInlineText {#text} at (4698.84,402) size 78.92x23
          chunk 1 text run 1 at (4700.00,420.00) startOffset 0 endOffset 11 width 77.76: "just a text"
      LayoutSVGText {text} at (4798.84,402) size 78.92x23 contains 1 chunk(s)
        LayoutSVGInlineText {#text} at (4798.84,402) size 78.92x23
          chunk 1 text run 1 at (4800.00,420.00) startOffset 0 endOffset 11 width 77.76: "just a text"
      LayoutSVGText {text} at (4898.84,402) size 78.92x23 contains 1 chunk(s)
        LayoutSVGInlineText {#text} at (4898.84,402) size 78.92x23
          chunk 1 text run 1 at (4900.00,420.00) startOffset 0 endOffset 11 width 77.76: "just a text"
      LayoutSVGText {text} at (-1.14,502) size 78.92x23 contains 1 chunk(s)
        LayoutSVGInlineText {#text} at (-1.14,502) size 78.92x23
          chunk 1 text run 1 at (0.00,520.00) startOffset 0 endOffset 11 width 77.76: "just a text"
      LayoutSVGText {text} at (98.84,502) size 78.92x23 contains 1 chunk(s)
        LayoutSVGInlineText {#text} at (98.84,502) size 78.92x23
          chunk 1 text run 1 at (100.00,520.00) startOffset 0 endOffset 11 width 77.76: "just a text"
      LayoutSVGText {text} at (198.84,502) size 78.92x23 contains 1 chunk(s)
        LayoutSVGInlineText {#text} at (198.84,502) size 78.92x23
          chunk 1 text run 1 at (200.00,520.00) startOffset 0 endOffset 11 width 77.76: "just a text"
      LayoutSVGText {text} at (298.84,502) size 78.92x23 contains 1 chunk(s)
        LayoutSVGInlineText {#text} at (298.84,502) size 78.92x23
          chunk 1 text run 1 at (300.00,520.00) startOffset 0 endOffset 11 width 77.76: "just a text"
      LayoutSVGText {text} at (398.84,502) size 78.92x23 contains 1 chunk(s)
        LayoutSVGInlineText {#text} at (398.84,502) size 78.92x23
          chunk 1 text run 1 at (400.00,520.00) startOffset 0 endOffset 11 width 77.76: "just a text"
      LayoutSVGText {text} at (498.84,502) size 78.92x23 contains 1 chunk(s)
        LayoutSVGInlineText {#text} at (498.84,502) size 78.92x23
          chunk 1 text run 1 at (500.00,520.00) startOffset 0 endOffset 11 width 77.76: "just a text"
      LayoutSVGText {text} at (598.84,502) size 78.92x23 contains 1 chunk(s)
        LayoutSVGInlineText {#text} at (598.84,502) size 78.92x23
          chunk 1 text run 1 at (600.00,520.00) startOffset 0 endOffset 11 width 77.76: "just a text"
      LayoutSVGText {text} at (698.84,502) size 78.92x23 contains 1 chunk(s)
        LayoutSVGInlineText {#text} at (698.84,502) size 78.92x23
          chunk 1 text run 1 at (700.00,520.00) startOffset 0 endOffset 11 width 77.76: "just a text"
      LayoutSVGText {text} at (798.84,502) size 78.92x23 contains 1 chunk(s)
        LayoutSVGInlineText {#text} at (798.84,502) size 78.92x23
          chunk 1 text run 1 at (800.00,520.00) startOffset 0 endOffset 11 width 77.76: "just a text"
      LayoutSVGText {text} at (898.84,502) size 78.92x23 contains 1 chunk(s)
        LayoutSVGInlineText {#text} at (898.84,502) size 78.92x23
          chunk 1 text run 1 at (900.00,520.00) startOffset 0 endOffset 11 width 77.76: "just a text"
      LayoutSVGText {text} at (998.84,502) size 78.92x23 contains 1 chunk(s)
        LayoutSVGInlineText {#text} at (998.84,502) size 78.92x23
          chunk 1 text run 1 at (1000.00,520.00) startOffset 0 endOffset 11 width 77.76: "just a text"
      LayoutSVGText {text} at (1098.84,502) size 78.92x23 contains 1 chunk(s)
        LayoutSVGInlineText {#text} at (1098.84,502) size 78.92x23
          chunk 1 text run 1 at (1100.00,520.00) startOffset 0 endOffset 11 width 77.76: "just a text"
      LayoutSVGText {text} at (1198.84,502) size 78.92x23 contains 1 chunk(s)
        LayoutSVGInlineText {#text} at (1198.84,502) size 78.92x23
          chunk 1 text run 1 at (1200.00,520.00) startOffset 0 endOffset 11 width 77.76: "just a text"
      LayoutSVGText {text} at (1298.84,502) size 78.92x23 contains 1 chunk(s)
        LayoutSVGInlineText {#text} at (1298.84,502) size 78.92x23
          chunk 1 text run 1 at (1300.00,520.00) startOffset 0 endOffset 11 width 77.76: "just a text"
      LayoutSVGText {text} at (1398.84,502) size 78.92x23 contains 1 chunk(s)
        LayoutSVGInlineText {#text} at (1398.84,502) size 78.92x23
          chunk 1 text run 1 at (1400.00,520.00) startOffset 0 endOffset 11 width 77.76: "just a text"
      LayoutSVGText {text} at (1498.84,502) size 78.92x23 contains 1 chunk(s)
        LayoutSVGInlineText {#text} at (1498.84,502) size 78.92x23
          chunk 1 text run 1 at (1500.00,520.00) startOffset 0 endOffset 11 width 77.76: "just a text"
      LayoutSVGText {text} at (1598.84,502) size 78.92x23 contains 1 chunk(s)
        LayoutSVGInlineText {#text} at (1598.84,502) size 78.92x23
          chunk 1 text run 1 at (1600.00,520.00) startOffset 0 endOffset 11 width 77.76: "just a text"
      LayoutSVGText {text} at (1698.84,502) size 78.92x23 contains 1 chunk(s)
        LayoutSVGInlineText {#text} at (1698.84,502) size 78.92x23
          chunk 1 text run 1 at (1700.00,520.00) startOffset 0 endOffset 11 width 77.76: "just a text"
      LayoutSVGText {text} at (1798.84,502) size 78.92x23 contains 1 chunk(s)
        LayoutSVGInlineText {#text} at (1798.84,502) size 78.92x23
          chunk 1 text run 1 at (1800.00,520.00) startOffset 0 endOffset 11 width 77.76: "just a text"
      LayoutSVGText {text} at (1898.84,502) size 78.92x23 contains 1 chunk(s)
        LayoutSVGInlineText {#text} at (1898.84,502) size 78.92x23
          chunk 1 text run 1 at (1900.00,520.00) startOffset 0 endOffset 11 width 77.76: "just a text"
      LayoutSVGText {text} at (1998.84,502) size 78.92x23 contains 1 chunk(s)
        LayoutSVGInlineText {#text} at (1998.84,502) size 78.92x23
          chunk 1 text run 1 at (2000.00,520.00) startOffset 0 endOffset 11 width 77.76: "just a text"
      LayoutSVGText {text} at (2098.84,502) size 78.92x23 contains 1 chunk(s)
        LayoutSVGInlineText {#text} at (2098.84,502) size 78.92x23
          chunk 1 text run 1 at (2100.00,520.00) startOffset 0 endOffset 11 width 77.76: "just a text"
      LayoutSVGText {text} at (2198.84,502) size 78.92x23 contains 1 chunk(s)
        LayoutSVGInlineText {#text} at (2198.84,502) size 78.92x23
          chunk 1 text run 1 at (2200.00,520.00) startOffset 0 endOffset 11 width 77.76: "just a text"
      LayoutSVGText {text} at (2298.84,502) size 78.92x23 contains 1 chunk(s)
        LayoutSVGInlineText {#text} at (2298.84,502) size 78.92x23
          chunk 1 text run 1 at (2300.00,520.00) startOffset 0 endOffset 11 width 77.76: "just a text"
      LayoutSVGText {text} at (2398.84,502) size 78.92x23 contains 1 chunk(s)
        LayoutSVGInlineText {#text} at (2398.84,502) size 78.92x23
          chunk 1 text run 1 at (2400.00,520.00) startOffset 0 endOffset 11 width 77.76: "just a text"
      LayoutSVGText {text} at (2498.84,502) size 78.92x23 contains 1 chunk(s)
        LayoutSVGInlineText {#text} at (2498.84,502) size 78.92x23
          chunk 1 text run 1 at (2500.00,520.00) startOffset 0 endOffset 11 width 77.76: "just a text"
      LayoutSVGText {text} at (2598.84,502) size 78.92x23 contains 1 chunk(s)
        LayoutSVGInlineText {#text} at (2598.84,502) size 78.92x23
          chunk 1 text run 1 at (2600.00,520.00) startOffset 0 endOffset 11 width 77.76: "just a text"
      LayoutSVGText {text} at (2698.84,502) size 78.92x23 contains 1 chunk(s)
        LayoutSVGInlineText {#text} at (2698.84,502) size 78.92x23
          chunk 1 text run 1 at (2700.00,520.00) startOffset 0 endOffset 11 width 77.76: "just a text"
      LayoutSVGText {text} at (2798.84,502) size 78.92x23 contains 1 chunk(s)
        LayoutSVGInlineText {#text} at (2798.84,502) size 78.92x23
          chunk 1 text run 1 at (2800.00,520.00) startOffset 0 endOffset 11 width 77.76: "just a text"
      LayoutSVGText {text} at (2898.84,502) size 78.92x23 contains 1 chunk(s)
        LayoutSVGInlineText {#text} at (2898.84,502) size 78.92x23
          chunk 1 text run 1 at (2900.00,520.00) startOffset 0 endOffset 11 width 77.76: "just a text"
      LayoutSVGText {text} at (2998.84,502) size 78.92x23 contains 1 chunk(s)
        LayoutSVGInlineText {#text} at (2998.84,502) size 78.92x23
          chunk 1 text run 1 at (3000.00,520.00) startOffset 0 endOffset 11 width 77.76: "just a text"
      LayoutSVGText {text} at (3098.84,502) size 78.92x23 contains 1 chunk(s)
        LayoutSVGInlineText {#text} at (3098.84,502) size 78.92x23
          chunk 1 text run 1 at (3100.00,520.00) startOffset 0 endOffset 11 width 77.76: "just a text"
      LayoutSVGText {text} at (3198.84,502) size 78.92x23 contains 1 chunk(s)
        LayoutSVGInlineText {#text} at (3198.84,502) size 78.92x23
          chunk 1 text run 1 at (3200.00,520.00) startOffset 0 endOffset 11 width 77.76: "just a text"
      LayoutSVGText {text} at (3298.84,502) size 78.92x23 contains 1 chunk(s)
        LayoutSVGInlineText {#text} at (3298.84,502) size 78.92x23
          chunk 1 text run 1 at (3300.00,520.00) startOffset 0 endOffset 11 width 77.76: "just a text"
      LayoutSVGText {text} at (3398.84,502) size 78.92x23 contains 1 chunk(s)
        LayoutSVGInlineText {#text} at (3398.84,502) size 78.92x23
          chunk 1 text run 1 at (3400.00,520.00) startOffset 0 endOffset 11 width 77.76: "just a text"
      LayoutSVGText {text} at (3498.84,502) size 78.92x23 contains 1 chunk(s)
        LayoutSVGInlineText {#text} at (3498.84,502) size 78.92x23
          chunk 1 text run 1 at (3500.00,520.00) startOffset 0 endOffset 11 width 77.76: "just a text"
      LayoutSVGText {text} at (3598.84,502) size 78.92x23 contains 1 chunk(s)
        LayoutSVGInlineText {#text} at (3598.84,502) size 78.92x23
          chunk 1 text run 1 at (3600.00,520.00) startOffset 0 endOffset 11 width 77.76: "just a text"
      LayoutSVGText {text} at (3698.84,502) size 78.92x23 contains 1 chunk(s)
        LayoutSVGInlineText {#text} at (3698.84,502) size 78.92x23
          chunk 1 text run 1 at (3700.00,520.00) startOffset 0 endOffset 11 width 77.76: "just a text"
      LayoutSVGText {text} at (3798.84,502) size 78.92x23 contains 1 chunk(s)
        LayoutSVGInlineText {#text} at (3798.84,502) size 78.92x23
          chunk 1 text run 1 at (3800.00,520.00) startOffset 0 endOffset 11 width 77.76: "just a text"
      LayoutSVGText {text} at (3898.84,502) size 78.92x23 contains 1 chunk(s)
        LayoutSVGInlineText {#text} at (3898.84,502) size 78.92x23
          chunk 1 text run 1 at (3900.00,520.00) startOffset 0 endOffset 11 width 77.76: "just a text"
      LayoutSVGText {text} at (3998.84,502) size 78.92x23 contains 1 chunk(s)
        LayoutSVGInlineText {#text} at (3998.84,502) size 78.92x23
          chunk 1 text run 1 at (4000.00,520.00) startOffset 0 endOffset 11 width 77.76: "just a text"
      LayoutSVGText {text} at (4098.84,502) size 78.92x23 contains 1 chunk(s)
        LayoutSVGInlineText {#text} at (4098.84,502) size 78.92x23
          chunk 1 text run 1 at (4100.00,520.00) startOffset 0 endOffset 11 width 77.76: "just a text"
      LayoutSVGText {text} at (4198.84,502) size 78.92x23 contains 1 chunk(s)
        LayoutSVGInlineText {#text} at (4198.84,502) size 78.92x23
          chunk 1 text run 1 at (4200.00,520.00) startOffset 0 endOffset 11 width 77.76: "just a text"
      LayoutSVGText {text} at (4298.84,502) size 78.92x23 contains 1 chunk(s)
        LayoutSVGInlineText {#text} at (4298.84,502) size 78.92x23
          chunk 1 text run 1 at (4300.00,520.00) startOffset 0 endOffset 11 width 77.76: "just a text"
      LayoutSVGText {text} at (4398.84,502) size 78.92x23 contains 1 chunk(s)
        LayoutSVGInlineText {#text} at (4398.84,502) size 78.92x23
          chunk 1 text run 1 at (4400.00,520.00) startOffset 0 endOffset 11 width 77.76: "just a text"
      LayoutSVGText {text} at (4498.84,502) size 78.92x23 contains 1 chunk(s)
        LayoutSVGInlineText {#text} at (4498.84,502) size 78.92x23
          chunk 1 text run 1 at (4500.00,520.00) startOffset 0 endOffset 11 width 77.76: "just a text"
      LayoutSVGText {text} at (4598.84,502) size 78.92x23 contains 1 chunk(s)
        LayoutSVGInlineText {#text} at (4598.84,502) size 78.92x23
          chunk 1 text run 1 at (4600.00,520.00) startOffset 0 endOffset 11 width 77.76: "just a text"
      LayoutSVGText {text} at (4698.84,502) size 78.92x23 contains 1 chunk(s)
        LayoutSVGInlineText {#text} at (4698.84,502) size 78.92x23
          chunk 1 text run 1 at (4700.00,520.00) startOffset 0 endOffset 11 width 77.76: "just a text"
      LayoutSVGText {text} at (4798.84,502) size 78.92x23 contains 1 chunk(s)
        LayoutSVGInlineText {#text} at (4798.84,502) size 78.92x23
          chunk 1 text run 1 at (4800.00,520.00) startOffset 0 endOffset 11 width 77.76: "just a text"
      LayoutSVGText {text} at (4898.84,502) size 78.92x23 contains 1 chunk(s)
        LayoutSVGInlineText {#text} at (4898.84,502) size 78.92x23
          chunk 1 text run 1 at (4900.00,520.00) startOffset 0 endOffset 11 width 77.76: "just a text"
      LayoutSVGText {text} at (-1.14,602) size 78.92x23 contains 1 chunk(s)
        LayoutSVGInlineText {#text} at (-1.14,602) size 78.92x23
          chunk 1 text run 1 at (0.00,620.00) startOffset 0 endOffset 11 width 77.76: "just a text"
      LayoutSVGText {text} at (98.84,602) size 78.92x23 contains 1 chunk(s)
        LayoutSVGInlineText {#text} at (98.84,602) size 78.92x23
          chunk 1 text run 1 at (100.00,620.00) startOffset 0 endOffset 11 width 77.76: "just a text"
      LayoutSVGText {text} at (198.84,602) size 78.92x23 contains 1 chunk(s)
        LayoutSVGInlineText {#text} at (198.84,602) size 78.92x23
          chunk 1 text run 1 at (200.00,620.00) startOffset 0 endOffset 11 width 77.76: "just a text"
      LayoutSVGText {text} at (298.84,602) size 78.92x23 contains 1 chunk(s)
        LayoutSVGInlineText {#text} at (298.84,602) size 78.92x23
          chunk 1 text run 1 at (300.00,620.00) startOffset 0 endOffset 11 width 77.76: "just a text"
      LayoutSVGText {text} at (398.84,602) size 78.92x23 contains 1 chunk(s)
        LayoutSVGInlineText {#text} at (398.84,602) size 78.92x23
          chunk 1 text run 1 at (400.00,620.00) startOffset 0 endOffset 11 width 77.76: "just a text"
      LayoutSVGText {text} at (498.84,602) size 78.92x23 contains 1 chunk(s)
        LayoutSVGInlineText {#text} at (498.84,602) size 78.92x23
          chunk 1 text run 1 at (500.00,620.00) startOffset 0 endOffset 11 width 77.76: "just a text"
      LayoutSVGText {text} at (598.84,602) size 78.92x23 contains 1 chunk(s)
        LayoutSVGInlineText {#text} at (598.84,602) size 78.92x23
          chunk 1 text run 1 at (600.00,620.00) startOffset 0 endOffset 11 width 77.76: "just a text"
      LayoutSVGText {text} at (698.84,602) size 78.92x23 contains 1 chunk(s)
        LayoutSVGInlineText {#text} at (698.84,602) size 78.92x23
          chunk 1 text run 1 at (700.00,620.00) startOffset 0 endOffset 11 width 77.76: "just a text"
      LayoutSVGText {text} at (798.84,602) size 78.92x23 contains 1 chunk(s)
        LayoutSVGInlineText {#text} at (798.84,602) size 78.92x23
          chunk 1 text run 1 at (800.00,620.00) startOffset 0 endOffset 11 width 77.76: "just a text"
      LayoutSVGText {text} at (898.84,602) size 78.92x23 contains 1 chunk(s)
        LayoutSVGInlineText {#text} at (898.84,602) size 78.92x23
          chunk 1 text run 1 at (900.00,620.00) startOffset 0 endOffset 11 width 77.76: "just a text"
      LayoutSVGText {text} at (998.84,602) size 78.92x23 contains 1 chunk(s)
        LayoutSVGInlineText {#text} at (998.84,602) size 78.92x23
          chunk 1 text run 1 at (1000.00,620.00) startOffset 0 endOffset 11 width 77.76: "just a text"
      LayoutSVGText {text} at (1098.84,602) size 78.92x23 contains 1 chunk(s)
        LayoutSVGInlineText {#text} at (1098.84,602) size 78.92x23
          chunk 1 text run 1 at (1100.00,620.00) startOffset 0 endOffset 11 width 77.76: "just a text"
      LayoutSVGText {text} at (1198.84,602) size 78.92x23 contains 1 chunk(s)
        LayoutSVGInlineText {#text} at (1198.84,602) size 78.92x23
          chunk 1 text run 1 at (1200.00,620.00) startOffset 0 endOffset 11 width 77.76: "just a text"
      LayoutSVGText {text} at (1298.84,602) size 78.92x23 contains 1 chunk(s)
        LayoutSVGInlineText {#text} at (1298.84,602) size 78.92x23
          chunk 1 text run 1 at (1300.00,620.00) startOffset 0 endOffset 11 width 77.76: "just a text"
      LayoutSVGText {text} at (1398.84,602) size 78.92x23 contains 1 chunk(s)
        LayoutSVGInlineText {#text} at (1398.84,602) size 78.92x23
          chunk 1 text run 1 at (1400.00,620.00) startOffset 0 endOffset 11 width 77.76: "just a text"
      LayoutSVGText {text} at (1498.84,602) size 78.92x23 contains 1 chunk(s)
        LayoutSVGInlineText {#text} at (1498.84,602) size 78.92x23
          chunk 1 text run 1 at (1500.00,620.00) startOffset 0 endOffset 11 width 77.76: "just a text"
      LayoutSVGText {text} at (1598.84,602) size 78.92x23 contains 1 chunk(s)
        LayoutSVGInlineText {#text} at (1598.84,602) size 78.92x23
          chunk 1 text run 1 at (1600.00,620.00) startOffset 0 endOffset 11 width 77.76: "just a text"
      LayoutSVGText {text} at (1698.84,602) size 78.92x23 contains 1 chunk(s)
        LayoutSVGInlineText {#text} at (1698.84,602) size 78.92x23
          chunk 1 text run 1 at (1700.00,620.00) startOffset 0 endOffset 11 width 77.76: "just a text"
      LayoutSVGText {text} at (1798.84,602) size 78.92x23 contains 1 chunk(s)
        LayoutSVGInlineText {#text} at (1798.84,602) size 78.92x23
          chunk 1 text run 1 at (1800.00,620.00) startOffset 0 endOffset 11 width 77.76: "just a text"
      LayoutSVGText {text} at (1898.84,602) size 78.92x23 contains 1 chunk(s)
        LayoutSVGInlineText {#text} at (1898.84,602) size 78.92x23
          chunk 1 text run 1 at (1900.00,620.00) startOffset 0 endOffset 11 width 77.76: "just a text"
      LayoutSVGText {text} at (1998.84,602) size 78.92x23 contains 1 chunk(s)
        LayoutSVGInlineText {#text} at (1998.84,602) size 78.92x23
          chunk 1 text run 1 at (2000.00,620.00) startOffset 0 endOffset 11 width 77.76: "just a text"
      LayoutSVGText {text} at (2098.84,602) size 78.92x23 contains 1 chunk(s)
        LayoutSVGInlineText {#text} at (2098.84,602) size 78.92x23
          chunk 1 text run 1 at (2100.00,620.00) startOffset 0 endOffset 11 width 77.76: "just a text"
      LayoutSVGText {text} at (2198.84,602) size 78.92x23 contains 1 chunk(s)
        LayoutSVGInlineText {#text} at (2198.84,602) size 78.92x23
          chunk 1 text run 1 at (2200.00,620.00) startOffset 0 endOffset 11 width 77.76: "just a text"
      LayoutSVGText {text} at (2298.84,602) size 78.92x23 contains 1 chunk(s)
        LayoutSVGInlineText {#text} at (2298.84,602) size 78.92x23
          chunk 1 text run 1 at (2300.00,620.00) startOffset 0 endOffset 11 width 77.76: "just a text"
      LayoutSVGText {text} at (2398.84,602) size 78.92x23 contains 1 chunk(s)
        LayoutSVGInlineText {#text} at (2398.84,602) size 78.92x23
          chunk 1 text run 1 at (2400.00,620.00) startOffset 0 endOffset 11 width 77.76: "just a text"
      LayoutSVGText {text} at (2498.84,602) size 78.92x23 contains 1 chunk(s)
        LayoutSVGInlineText {#text} at (2498.84,602) size 78.92x23
          chunk 1 text run 1 at (2500.00,620.00) startOffset 0 endOffset 11 width 77.76: "just a text"
      LayoutSVGText {text} at (2598.84,602) size 78.92x23 contains 1 chunk(s)
        LayoutSVGInlineText {#text} at (2598.84,602) size 78.92x23
          chunk 1 text run 1 at (2600.00,620.00) startOffset 0 endOffset 11 width 77.76: "just a text"
      LayoutSVGText {text} at (2698.84,602) size 78.92x23 contains 1 chunk(s)
        LayoutSVGInlineText {#text} at (2698.84,602) size 78.92x23
          chunk 1 text run 1 at (2700.00,620.00) startOffset 0 endOffset 11 width 77.76: "just a text"
      LayoutSVGText {text} at (2798.84,602) size 78.92x23 contains 1 chunk(s)
        LayoutSVGInlineText {#text} at (2798.84,602) size 78.92x23
          chunk 1 text run 1 at (2800.00,620.00) startOffset 0 endOffset 11 width 77.76: "just a text"
      LayoutSVGText {text} at (2898.84,602) size 78.92x23 contains 1 chunk(s)
        LayoutSVGInlineText {#text} at (2898.84,602) size 78.92x23
          chunk 1 text run 1 at (2900.00,620.00) startOffset 0 endOffset 11 width 77.76: "just a text"
      LayoutSVGText {text} at (2998.84,602) size 78.92x23 contains 1 chunk(s)
        LayoutSVGInlineText {#text} at (2998.84,602) size 78.92x23
          chunk 1 text run 1 at (3000.00,620.00) startOffset 0 endOffset 11 width 77.76: "just a text"
      LayoutSVGText {text} at (3098.84,602) size 78.92x23 contains 1 chunk(s)
        LayoutSVGInlineText {#text} at (3098.84,602) size 78.92x23
          chunk 1 text run 1 at (3100.00,620.00) startOffset 0 endOffset 11 width 77.76: "just a text"
      LayoutSVGText {text} at (3198.84,602) size 78.92x23 contains 1 chunk(s)
        LayoutSVGInlineText {#text} at (3198.84,602) size 78.92x23
          chunk 1 text run 1 at (3200.00,620.00) startOffset 0 endOffset 11 width 77.76: "just a text"
      LayoutSVGText {text} at (3298.84,602) size 78.92x23 contains 1 chunk(s)
        LayoutSVGInlineText {#text} at (3298.84,602) size 78.92x23
          chunk 1 text run 1 at (3300.00,620.00) startOffset 0 endOffset 11 width 77.76: "just a text"
      LayoutSVGText {text} at (3398.84,602) size 78.92x23 contains 1 chunk(s)
        LayoutSVGInlineText {#text} at (3398.84,602) size 78.92x23
          chunk 1 text run 1 at (3400.00,620.00) startOffset 0 endOffset 11 width 77.76: "just a text"
      LayoutSVGText {text} at (3498.84,602) size 78.92x23 contains 1 chunk(s)
        LayoutSVGInlineText {#text} at (3498.84,602) size 78.92x23
          chunk 1 text run 1 at (3500.00,620.00) startOffset 0 endOffset 11 width 77.76: "just a text"
      LayoutSVGText {text} at (3598.84,602) size 78.92x23 contains 1 chunk(s)
        LayoutSVGInlineText {#text} at (3598.84,602) size 78.92x23
          chunk 1 text run 1 at (3600.00,620.00) startOffset 0 endOffset 11 width 77.76: "just a text"
      LayoutSVGText {text} at (3698.84,602) size 78.92x23 contains 1 chunk(s)
        LayoutSVGInlineText {#text} at (3698.84,602) size 78.92x23
          chunk 1 text run 1 at (3700.00,620.00) startOffset 0 endOffset 11 width 77.76: "just a text"
      LayoutSVGText {text} at (3798.84,602) size 78.92x23 contains 1 chunk(s)
        LayoutSVGInlineText {#text} at (3798.84,602) size 78.92x23
          chunk 1 text run 1 at (3800.00,620.00) startOffset 0 endOffset 11 width 77.76: "just a text"
      LayoutSVGText {text} at (3898.84,602) size 78.92x23 contains 1 chunk(s)
        LayoutSVGInlineText {#text} at (3898.84,602) size 78.92x23
          chunk 1 text run 1 at (3900.00,620.00) startOffset 0 endOffset 11 width 77.76: "just a text"
      LayoutSVGText {text} at (3998.84,602) size 78.92x23 contains 1 chunk(s)
        LayoutSVGInlineText {#text} at (3998.84,602) size 78.92x23
          chunk 1 text run 1 at (4000.00,620.00) startOffset 0 endOffset 11 width 77.76: "just a text"
      LayoutSVGText {text} at (4098.84,602) size 78.92x23 contains 1 chunk(s)
        LayoutSVGInlineText {#text} at (4098.84,602) size 78.92x23
          chunk 1 text run 1 at (4100.00,620.00) startOffset 0 endOffset 11 width 77.76: "just a text"
      LayoutSVGText {text} at (4198.84,602) size 78.92x23 contains 1 chunk(s)
        LayoutSVGInlineText {#text} at (4198.84,602) size 78.92x23
          chunk 1 text run 1 at (4200.00,620.00) startOffset 0 endOffset 11 width 77.76: "just a text"
      LayoutSVGText {text} at (4298.84,602) size 78.92x23 contains 1 chunk(s)
        LayoutSVGInlineText {#text} at (4298.84,602) size 78.92x23
          chunk 1 text run 1 at (4300.00,620.00) startOffset 0 endOffset 11 width 77.76: "just a text"
      LayoutSVGText {text} at (4398.84,602) size 78.92x23 contains 1 chunk(s)
        LayoutSVGInlineText {#text} at (4398.84,602) size 78.92x23
          chunk 1 text run 1 at (4400.00,620.00) startOffset 0 endOffset 11 width 77.76: "just a text"
      LayoutSVGText {text} at (4498.84,602) size 78.92x23 contains 1 chunk(s)
        LayoutSVGInlineText {#text} at (4498.84,602) size 78.92x23
          chunk 1 text run 1 at (4500.00,620.00) startOffset 0 endOffset 11 width 77.76: "just a text"
      LayoutSVGText {text} at (4598.84,602) size 78.92x23 contains 1 chunk(s)
        LayoutSVGInlineText {#text} at (4598.84,602) size 78.92x23
          chunk 1 text run 1 at (4600.00,620.00) startOffset 0 endOffset 11 width 77.76: "just a text"
      LayoutSVGText {text} at (4698.84,602) size 78.92x23 contains 1 chunk(s)
        LayoutSVGInlineText {#text} at (4698.84,602) size 78.92x23
          chunk 1 text run 1 at (4700.00,620.00) startOffset 0 endOffset 11 width 77.76: "just a text"
      LayoutSVGText {text} at (4798.84,602) size 78.92x23 contains 1 chunk(s)
        LayoutSVGInlineText {#text} at (4798.84,602) size 78.92x23
          chunk 1 text run 1 at (4800.00,620.00) startOffset 0 endOffset 11 width 77.76: "just a text"
      LayoutSVGText {text} at (4898.84,602) size 78.92x23 contains 1 chunk(s)
        LayoutSVGInlineText {#text} at (4898.84,602) size 78.92x23
          chunk 1 text run 1 at (4900.00,620.00) startOffset 0 endOffset 11 width 77.76: "just a text"
      LayoutSVGText {text} at (-1.14,702) size 78.92x23 contains 1 chunk(s)
        LayoutSVGInlineText {#text} at (-1.14,702) size 78.92x23
          chunk 1 text run 1 at (0.00,720.00) startOffset 0 endOffset 11 width 77.76: "just a text"
      LayoutSVGText {text} at (98.84,702) size 78.92x23 contains 1 chunk(s)
        LayoutSVGInlineText {#text} at (98.84,702) size 78.92x23
          chunk 1 text run 1 at (100.00,720.00) startOffset 0 endOffset 11 width 77.76: "just a text"
      LayoutSVGText {text} at (198.84,702) size 78.92x23 contains 1 chunk(s)
        LayoutSVGInlineText {#text} at (198.84,702) size 78.92x23
          chunk 1 text run 1 at (200.00,720.00) startOffset 0 endOffset 11 width 77.76: "just a text"
      LayoutSVGText {text} at (298.84,702) size 78.92x23 contains 1 chunk(s)
        LayoutSVGInlineText {#text} at (298.84,702) size 78.92x23
          chunk 1 text run 1 at (300.00,720.00) startOffset 0 endOffset 11 width 77.76: "just a text"
      LayoutSVGText {text} at (398.84,702) size 78.92x23 contains 1 chunk(s)
        LayoutSVGInlineText {#text} at (398.84,702) size 78.92x23
          chunk 1 text run 1 at (400.00,720.00) startOffset 0 endOffset 11 width 77.76: "just a text"
      LayoutSVGText {text} at (498.84,702) size 78.92x23 contains 1 chunk(s)
        LayoutSVGInlineText {#text} at (498.84,702) size 78.92x23
          chunk 1 text run 1 at (500.00,720.00) startOffset 0 endOffset 11 width 77.76: "just a text"
      LayoutSVGText {text} at (598.84,702) size 78.92x23 contains 1 chunk(s)
        LayoutSVGInlineText {#text} at (598.84,702) size 78.92x23
          chunk 1 text run 1 at (600.00,720.00) startOffset 0 endOffset 11 width 77.76: "just a text"
      LayoutSVGText {text} at (698.84,702) size 78.92x23 contains 1 chunk(s)
        LayoutSVGInlineText {#text} at (698.84,702) size 78.92x23
          chunk 1 text run 1 at (700.00,720.00) startOffset 0 endOffset 11 width 77.76: "just a text"
      LayoutSVGText {text} at (798.84,702) size 78.92x23 contains 1 chunk(s)
        LayoutSVGInlineText {#text} at (798.84,702) size 78.92x23
          chunk 1 text run 1 at (800.00,720.00) startOffset 0 endOffset 11 width 77.76: "just a text"
      LayoutSVGText {text} at (898.84,702) size 78.92x23 contains 1 chunk(s)
        LayoutSVGInlineText {#text} at (898.84,702) size 78.92x23
          chunk 1 text run 1 at (900.00,720.00) startOffset 0 endOffset 11 width 77.76: "just a text"
      LayoutSVGText {text} at (998.84,702) size 78.92x23 contains 1 chunk(s)
        LayoutSVGInlineText {#text} at (998.84,702) size 78.92x23
          chunk 1 text run 1 at (1000.00,720.00) startOffset 0 endOffset 11 width 77.76: "just a text"
      LayoutSVGText {text} at (1098.84,702) size 78.92x23 contains 1 chunk(s)
        LayoutSVGInlineText {#text} at (1098.84,702) size 78.92x23
          chunk 1 text run 1 at (1100.00,720.00) startOffset 0 endOffset 11 width 77.76: "just a text"
      LayoutSVGText {text} at (1198.84,702) size 78.92x23 contains 1 chunk(s)
        LayoutSVGInlineText {#text} at (1198.84,702) size 78.92x23
          chunk 1 text run 1 at (1200.00,720.00) startOffset 0 endOffset 11 width 77.76: "just a text"
      LayoutSVGText {text} at (1298.84,702) size 78.92x23 contains 1 chunk(s)
        LayoutSVGInlineText {#text} at (1298.84,702) size 78.92x23
          chunk 1 text run 1 at (1300.00,720.00) startOffset 0 endOffset 11 width 77.76: "just a text"
      LayoutSVGText {text} at (1398.84,702) size 78.92x23 contains 1 chunk(s)
        LayoutSVGInlineText {#text} at (1398.84,702) size 78.92x23
          chunk 1 text run 1 at (1400.00,720.00) startOffset 0 endOffset 11 width 77.76: "just a text"
      LayoutSVGText {text} at (1498.84,702) size 78.92x23 contains 1 chunk(s)
        LayoutSVGInlineText {#text} at (1498.84,702) size 78.92x23
          chunk 1 text run 1 at (1500.00,720.00) startOffset 0 endOffset 11 width 77.76: "just a text"
      LayoutSVGText {text} at (1598.84,702) size 78.92x23 contains 1 chunk(s)
        LayoutSVGInlineText {#text} at (1598.84,702) size 78.92x23
          chunk 1 text run 1 at (1600.00,720.00) startOffset 0 endOffset 11 width 77.76: "just a text"
      LayoutSVGText {text} at (1698.84,702) size 78.92x23 contains 1 chunk(s)
        LayoutSVGInlineText {#text} at (1698.84,702) size 78.92x23
          chunk 1 text run 1 at (1700.00,720.00) startOffset 0 endOffset 11 width 77.76: "just a text"
      LayoutSVGText {text} at (1798.84,702) size 78.92x23 contains 1 chunk(s)
        LayoutSVGInlineText {#text} at (1798.84,702) size 78.92x23
          chunk 1 text run 1 at (1800.00,720.00) startOffset 0 endOffset 11 width 77.76: "just a text"
      LayoutSVGText {text} at (1898.84,702) size 78.92x23 contains 1 chunk(s)
        LayoutSVGInlineText {#text} at (1898.84,702) size 78.92x23
          chunk 1 text run 1 at (1900.00,720.00) startOffset 0 endOffset 11 width 77.76: "just a text"
      LayoutSVGText {text} at (1998.84,702) size 78.92x23 contains 1 chunk(s)
        LayoutSVGInlineText {#text} at (1998.84,702) size 78.92x23
          chunk 1 text run 1 at (2000.00,720.00) startOffset 0 endOffset 11 width 77.76: "just a text"
      LayoutSVGText {text} at (2098.84,702) size 78.92x23 contains 1 chunk(s)
        LayoutSVGInlineText {#text} at (2098.84,702) size 78.92x23
          chunk 1 text run 1 at (2100.00,720.00) startOffset 0 endOffset 11 width 77.76: "just a text"
      LayoutSVGText {text} at (2198.84,702) size 78.92x23 contains 1 chunk(s)
        LayoutSVGInlineText {#text} at (2198.84,702) size 78.92x23
          chunk 1 text run 1 at (2200.00,720.00) startOffset 0 endOffset 11 width 77.76: "just a text"
      LayoutSVGText {text} at (2298.84,702) size 78.92x23 contains 1 chunk(s)
        LayoutSVGInlineText {#text} at (2298.84,702) size 78.92x23
          chunk 1 text run 1 at (2300.00,720.00) startOffset 0 endOffset 11 width 77.76: "just a text"
      LayoutSVGText {text} at (2398.84,702) size 78.92x23 contains 1 chunk(s)
        LayoutSVGInlineText {#text} at (2398.84,702) size 78.92x23
          chunk 1 text run 1 at (2400.00,720.00) startOffset 0 endOffset 11 width 77.76: "just a text"
      LayoutSVGText {text} at (2498.84,702) size 78.92x23 contains 1 chunk(s)
        LayoutSVGInlineText {#text} at (2498.84,702) size 78.92x23
          chunk 1 text run 1 at (2500.00,720.00) startOffset 0 endOffset 11 width 77.76: "just a text"
      LayoutSVGText {text} at (2598.84,702) size 78.92x23 contains 1 chunk(s)
        LayoutSVGInlineText {#text} at (2598.84,702) size 78.92x23
          chunk 1 text run 1 at (2600.00,720.00) startOffset 0 endOffset 11 width 77.76: "just a text"
      LayoutSVGText {text} at (2698.84,702) size 78.92x23 contains 1 chunk(s)
        LayoutSVGInlineText {#text} at (2698.84,702) size 78.92x23
          chunk 1 text run 1 at (2700.00,720.00) startOffset 0 endOffset 11 width 77.76: "just a text"
      LayoutSVGText {text} at (2798.84,702) size 78.92x23 contains 1 chunk(s)
        LayoutSVGInlineText {#text} at (2798.84,702) size 78.92x23
          chunk 1 text run 1 at (2800.00,720.00) startOffset 0 endOffset 11 width 77.76: "just a text"
      LayoutSVGText {text} at (2898.84,702) size 78.92x23 contains 1 chunk(s)
        LayoutSVGInlineText {#text} at (2898.84,702) size 78.92x23
          chunk 1 text run 1 at (2900.00,720.00) startOffset 0 endOffset 11 width 77.76: "just a text"
      LayoutSVGText {text} at (2998.84,702) size 78.92x23 contains 1 chunk(s)
        LayoutSVGInlineText {#text} at (2998.84,702) size 78.92x23
          chunk 1 text run 1 at (3000.00,720.00) startOffset 0 endOffset 11 width 77.76: "just a text"
      LayoutSVGText {text} at (3098.84,702) size 78.92x23 contains 1 chunk(s)
        LayoutSVGInlineText {#text} at (3098.84,702) size 78.92x23
          chunk 1 text run 1 at (3100.00,720.00) startOffset 0 endOffset 11 width 77.76: "just a text"
      LayoutSVGText {text} at (3198.84,702) size 78.92x23 contains 1 chunk(s)
        LayoutSVGInlineText {#text} at (3198.84,702) size 78.92x23
          chunk 1 text run 1 at (3200.00,720.00) startOffset 0 endOffset 11 width 77.76: "just a text"
      LayoutSVGText {text} at (3298.84,702) size 78.92x23 contains 1 chunk(s)
        LayoutSVGInlineText {#text} at (3298.84,702) size 78.92x23
          chunk 1 text run 1 at (3300.00,720.00) startOffset 0 endOffset 11 width 77.76: "just a text"
      LayoutSVGText {text} at (3398.84,702) size 78.92x23 contains 1 chunk(s)
        LayoutSVGInlineText {#text} at (3398.84,702) size 78.92x23
          chunk 1 text run 1 at (3400.00,720.00) startOffset 0 endOffset 11 width 77.76: "just a text"
      LayoutSVGText {text} at (3498.84,702) size 78.92x23 contains 1 chunk(s)
        LayoutSVGInlineText {#text} at (3498.84,702) size 78.92x23
          chunk 1 text run 1 at (3500.00,720.00) startOffset 0 endOffset 11 width 77.76: "just a text"
      LayoutSVGText {text} at (3598.84,702) size 78.92x23 contains 1 chunk(s)
        LayoutSVGInlineText {#text} at (3598.84,702) size 78.92x23
          chunk 1 text run 1 at (3600.00,720.00) startOffset 0 endOffset 11 width 77.76: "just a text"
      LayoutSVGText {text} at (3698.84,702) size 78.92x23 contains 1 chunk(s)
        LayoutSVGInlineText {#text} at (3698.84,702) size 78.92x23
          chunk 1 text run 1 at (3700.00,720.00) startOffset 0 endOffset 11 width 77.76: "just a text"
      LayoutSVGText {text} at (3798.84,702) size 78.92x23 contains 1 chunk(s)
        LayoutSVGInlineText {#text} at (3798.84,702) size 78.92x23
          chunk 1 text run 1 at (3800.00,720.00) startOffset 0 endOffset 11 width 77.76: "just a text"
      LayoutSVGText {text} at (3898.84,702) size 78.92x23 contains 1 chunk(s)
        LayoutSVGInlineText {#text} at (3898.84,702) size 78.92x23
          chunk 1 text run 1 at (3900.00,720.00) startOffset 0 endOffset 11 width 77.76: "just a text"
      LayoutSVGText {text} at (3998.84,702) size 78.92x23 contains 1 chunk(s)
        LayoutSVGInlineText {#text} at (3998.84,702) size 78.92x23
          chunk 1 text run 1 at (4000.00,720.00) startOffset 0 endOffset 11 width 77.76: "just a text"
      LayoutSVGText {text} at (4098.84,702) size 78.92x23 contains 1 chunk(s)
        LayoutSVGInlineText {#text} at (4098.84,702) size 78.92x23
          chunk 1 text run 1 at (4100.00,720.00) startOffset 0 endOffset 11 width 77.76: "just a text"
      LayoutSVGText {text} at (4198.84,702) size 78.92x23 contains 1 chunk(s)
        LayoutSVGInlineText {#text} at (4198.84,702) size 78.92x23
          chunk 1 text run 1 at (4200.00,720.00) startOffset 0 endOffset 11 width 77.76: "just a text"
      LayoutSVGText {text} at (4298.84,702) size 78.92x23 contains 1 chunk(s)
        LayoutSVGInlineText {#text} at (4298.84,702) size 78.92x23
          chunk 1 text run 1 at (4300.00,720.00) startOffset 0 endOffset 11 width 77.76: "just a text"
      LayoutSVGText {text} at (4398.84,702) size 78.92x23 contains 1 chunk(s)
        LayoutSVGInlineText {#text} at (4398.84,702) size 78.92x23
          chunk 1 text run 1 at (4400.00,720.00) startOffset 0 endOffset 11 width 77.76: "just a text"
      LayoutSVGText {text} at (4498.84,702) size 78.92x23 contains 1 chunk(s)
        LayoutSVGInlineText {#text} at (4498.84,702) size 78.92x23
          chunk 1 text run 1 at (4500.00,720.00) startOffset 0 endOffset 11 width 77.76: "just a text"
      LayoutSVGText {text} at (4598.84,702) size 78.92x23 contains 1 chunk(s)
        LayoutSVGInlineText {#text} at (4598.84,702) size 78.92x23
          chunk 1 text run 1 at (4600.00,720.00) startOffset 0 endOffset 11 width 77.76: "just a text"
      LayoutSVGText {text} at (4698.84,702) size 78.92x23 contains 1 chunk(s)
        LayoutSVGInlineText {#text} at (4698.84,702) size 78.92x23
          chunk 1 text run 1 at (4700.00,720.00) startOffset 0 endOffset 11 width 77.76: "just a text"
      LayoutSVGText {text} at (4798.84,702) size 78.92x23 contains 1 chunk(s)
        LayoutSVGInlineText {#text} at (4798.84,702) size 78.92x23
          chunk 1 text run 1 at (4800.00,720.00) startOffset 0 endOffset 11 width 77.76: "just a text"
      LayoutSVGText {text} at (4898.84,702) size 78.92x23 contains 1 chunk(s)
        LayoutSVGInlineText {#text} at (4898.84,702) size 78.92x23
          chunk 1 text run 1 at (4900.00,720.00) startOffset 0 endOffset 11 width 77.76: "just a text"
      LayoutSVGText {text} at (-1.14,802) size 78.92x23 contains 1 chunk(s)
        LayoutSVGInlineText {#text} at (-1.14,802) size 78.92x23
          chunk 1 text run 1 at (0.00,820.00) startOffset 0 endOffset 11 width 77.76: "just a text"
      LayoutSVGText {text} at (98.84,802) size 78.92x23 contains 1 chunk(s)
        LayoutSVGInlineText {#text} at (98.84,802) size 78.92x23
          chunk 1 text run 1 at (100.00,820.00) startOffset 0 endOffset 11 width 77.76: "just a text"
      LayoutSVGText {text} at (198.84,802) size 78.92x23 contains 1 chunk(s)
        LayoutSVGInlineText {#text} at (198.84,802) size 78.92x23
          chunk 1 text run 1 at (200.00,820.00) startOffset 0 endOffset 11 width 77.76: "just a text"
      LayoutSVGText {text} at (298.84,802) size 78.92x23 contains 1 chunk(s)
        LayoutSVGInlineText {#text} at (298.84,802) size 78.92x23
          chunk 1 text run 1 at (300.00,820.00) startOffset 0 endOffset 11 width 77.76: "just a text"
      LayoutSVGText {text} at (398.84,802) size 78.92x23 contains 1 chunk(s)
        LayoutSVGInlineText {#text} at (398.84,802) size 78.92x23
          chunk 1 text run 1 at (400.00,820.00) startOffset 0 endOffset 11 width 77.76: "just a text"
      LayoutSVGText {text} at (498.84,802) size 78.92x23 contains 1 chunk(s)
        LayoutSVGInlineText {#text} at (498.84,802) size 78.92x23
          chunk 1 text run 1 at (500.00,820.00) startOffset 0 endOffset 11 width 77.76: "just a text"
      LayoutSVGText {text} at (598.84,802) size 78.92x23 contains 1 chunk(s)
        LayoutSVGInlineText {#text} at (598.84,802) size 78.92x23
          chunk 1 text run 1 at (600.00,820.00) startOffset 0 endOffset 11 width 77.76: "just a text"
      LayoutSVGText {text} at (698.84,802) size 78.92x23 contains 1 chunk(s)
        LayoutSVGInlineText {#text} at (698.84,802) size 78.92x23
          chunk 1 text run 1 at (700.00,820.00) startOffset 0 endOffset 11 width 77.76: "just a text"
      LayoutSVGText {text} at (798.84,802) size 78.92x23 contains 1 chunk(s)
        LayoutSVGInlineText {#text} at (798.84,802) size 78.92x23
          chunk 1 text run 1 at (800.00,820.00) startOffset 0 endOffset 11 width 77.76: "just a text"
      LayoutSVGText {text} at (898.84,802) size 78.92x23 contains 1 chunk(s)
        LayoutSVGInlineText {#text} at (898.84,802) size 78.92x23
          chunk 1 text run 1 at (900.00,820.00) startOffset 0 endOffset 11 width 77.76: "just a text"
      LayoutSVGText {text} at (998.84,802) size 78.92x23 contains 1 chunk(s)
        LayoutSVGInlineText {#text} at (998.84,802) size 78.92x23
          chunk 1 text run 1 at (1000.00,820.00) startOffset 0 endOffset 11 width 77.76: "just a text"
      LayoutSVGText {text} at (1098.84,802) size 78.92x23 contains 1 chunk(s)
        LayoutSVGInlineText {#text} at (1098.84,802) size 78.92x23
          chunk 1 text run 1 at (1100.00,820.00) startOffset 0 endOffset 11 width 77.76: "just a text"
      LayoutSVGText {text} at (1198.84,802) size 78.92x23 contains 1 chunk(s)
        LayoutSVGInlineText {#text} at (1198.84,802) size 78.92x23
          chunk 1 text run 1 at (1200.00,820.00) startOffset 0 endOffset 11 width 77.76: "just a text"
      LayoutSVGText {text} at (1298.84,802) size 78.92x23 contains 1 chunk(s)
        LayoutSVGInlineText {#text} at (1298.84,802) size 78.92x23
          chunk 1 text run 1 at (1300.00,820.00) startOffset 0 endOffset 11 width 77.76: "just a text"
      LayoutSVGText {text} at (1398.84,802) size 78.92x23 contains 1 chunk(s)
        LayoutSVGInlineText {#text} at (1398.84,802) size 78.92x23
          chunk 1 text run 1 at (1400.00,820.00) startOffset 0 endOffset 11 width 77.76: "just a text"
      LayoutSVGText {text} at (1498.84,802) size 78.92x23 contains 1 chunk(s)
        LayoutSVGInlineText {#text} at (1498.84,802) size 78.92x23
          chunk 1 text run 1 at (1500.00,820.00) startOffset 0 endOffset 11 width 77.76: "just a text"
      LayoutSVGText {text} at (1598.84,802) size 78.92x23 contains 1 chunk(s)
        LayoutSVGInlineText {#text} at (1598.84,802) size 78.92x23
          chunk 1 text run 1 at (1600.00,820.00) startOffset 0 endOffset 11 width 77.76: "just a text"
      LayoutSVGText {text} at (1698.84,802) size 78.92x23 contains 1 chunk(s)
        LayoutSVGInlineText {#text} at (1698.84,802) size 78.92x23
          chunk 1 text run 1 at (1700.00,820.00) startOffset 0 endOffset 11 width 77.76: "just a text"
      LayoutSVGText {text} at (1798.84,802) size 78.92x23 contains 1 chunk(s)
        LayoutSVGInlineText {#text} at (1798.84,802) size 78.92x23
          chunk 1 text run 1 at (1800.00,820.00) startOffset 0 endOffset 11 width 77.76: "just a text"
      LayoutSVGText {text} at (1898.84,802) size 78.92x23 contains 1 chunk(s)
        LayoutSVGInlineText {#text} at (1898.84,802) size 78.92x23
          chunk 1 text run 1 at (1900.00,820.00) startOffset 0 endOffset 11 width 77.76: "just a text"
      LayoutSVGText {text} at (1998.84,802) size 78.92x23 contains 1 chunk(s)
        LayoutSVGInlineText {#text} at (1998.84,802) size 78.92x23
          chunk 1 text run 1 at (2000.00,820.00) startOffset 0 endOffset 11 width 77.76: "just a text"
      LayoutSVGText {text} at (2098.84,802) size 78.92x23 contains 1 chunk(s)
        LayoutSVGInlineText {#text} at (2098.84,802) size 78.92x23
          chunk 1 text run 1 at (2100.00,820.00) startOffset 0 endOffset 11 width 77.76: "just a text"
      LayoutSVGText {text} at (2198.84,802) size 78.92x23 contains 1 chunk(s)
        LayoutSVGInlineText {#text} at (2198.84,802) size 78.92x23
          chunk 1 text run 1 at (2200.00,820.00) startOffset 0 endOffset 11 width 77.76: "just a text"
      LayoutSVGText {text} at (2298.84,802) size 78.92x23 contains 1 chunk(s)
        LayoutSVGInlineText {#text} at (2298.84,802) size 78.92x23
          chunk 1 text run 1 at (2300.00,820.00) startOffset 0 endOffset 11 width 77.76: "just a text"
      LayoutSVGText {text} at (2398.84,802) size 78.92x23 contains 1 chunk(s)
        LayoutSVGInlineText {#text} at (2398.84,802) size 78.92x23
          chunk 1 text run 1 at (2400.00,820.00) startOffset 0 endOffset 11 width 77.76: "just a text"
      LayoutSVGText {text} at (2498.84,802) size 78.92x23 contains 1 chunk(s)
        LayoutSVGInlineText {#text} at (2498.84,802) size 78.92x23
          chunk 1 text run 1 at (2500.00,820.00) startOffset 0 endOffset 11 width 77.76: "just a text"
      LayoutSVGText {text} at (2598.84,802) size 78.92x23 contains 1 chunk(s)
        LayoutSVGInlineText {#text} at (2598.84,802) size 78.92x23
          chunk 1 text run 1 at (2600.00,820.00) startOffset 0 endOffset 11 width 77.76: "just a text"
      LayoutSVGText {text} at (2698.84,802) size 78.92x23 contains 1 chunk(s)
        LayoutSVGInlineText {#text} at (2698.84,802) size 78.92x23
          chunk 1 text run 1 at (2700.00,820.00) startOffset 0 endOffset 11 width 77.76: "just a text"
      LayoutSVGText {text} at (2798.84,802) size 78.92x23 contains 1 chunk(s)
        LayoutSVGInlineText {#text} at (2798.84,802) size 78.92x23
          chunk 1 text run 1 at (2800.00,820.00) startOffset 0 endOffset 11 width 77.76: "just a text"
      LayoutSVGText {text} at (2898.84,802) size 78.92x23 contains 1 chunk(s)
        LayoutSVGInlineText {#text} at (2898.84,802) size 78.92x23
          chunk 1 text run 1 at (2900.00,820.00) startOffset 0 endOffset 11 width 77.76: "just a text"
      LayoutSVGText {text} at (2998.84,802) size 78.92x23 contains 1 chunk(s)
        LayoutSVGInlineText {#text} at (2998.84,802) size 78.92x23
          chunk 1 text run 1 at (3000.00,820.00) startOffset 0 endOffset 11 width 77.76: "just a text"
      LayoutSVGText {text} at (3098.84,802) size 78.92x23 contains 1 chunk(s)
        LayoutSVGInlineText {#text} at (3098.84,802) size 78.92x23
          chunk 1 text run 1 at (3100.00,820.00) startOffset 0 endOffset 11 width 77.76: "just a text"
      LayoutSVGText {text} at (3198.84,802) size 78.92x23 contains 1 chunk(s)
        LayoutSVGInlineText {#text} at (3198.84,802) size 78.92x23
          chunk 1 text run 1 at (3200.00,820.00) startOffset 0 endOffset 11 width 77.76: "just a text"
      LayoutSVGText {text} at (3298.84,802) size 78.92x23 contains 1 chunk(s)
        LayoutSVGInlineText {#text} at (3298.84,802) size 78.92x23
          chunk 1 text run 1 at (3300.00,820.00) startOffset 0 endOffset 11 width 77.76: "just a text"
      LayoutSVGText {text} at (3398.84,802) size 78.92x23 contains 1 chunk(s)
        LayoutSVGInlineText {#text} at (3398.84,802) size 78.92x23
          chunk 1 text run 1 at (3400.00,820.00) startOffset 0 endOffset 11 width 77.76: "just a text"
      LayoutSVGText {text} at (3498.84,802) size 78.92x23 contains 1 chunk(s)
        LayoutSVGInlineText {#text} at (3498.84,802) size 78.92x23
          chunk 1 text run 1 at (3500.00,820.00) startOffset 0 endOffset 11 width 77.76: "just a text"
      LayoutSVGText {text} at (3598.84,802) size 78.92x23 contains 1 chunk(s)
        LayoutSVGInlineText {#text} at (3598.84,802) size 78.92x23
          chunk 1 text run 1 at (3600.00,820.00) startOffset 0 endOffset 11 width 77.76: "just a text"
      LayoutSVGText {text} at (3698.84,802) size 78.92x23 contains 1 chunk(s)
        LayoutSVGInlineText {#text} at (3698.84,802) size 78.92x23
          chunk 1 text run 1 at (3700.00,820.00) startOffset 0 endOffset 11 width 77.76: "just a text"
      LayoutSVGText {text} at (3798.84,802) size 78.92x23 contains 1 chunk(s)
        LayoutSVGInlineText {#text} at (3798.84,802) size 78.92x23
          chunk 1 text run 1 at (3800.00,820.00) startOffset 0 endOffset 11 width 77.76: "just a text"
      LayoutSVGText {text} at (3898.84,802) size 78.92x23 contains 1 chunk(s)
        LayoutSVGInlineText {#text} at (3898.84,802) size 78.92x23
          chunk 1 text run 1 at (3900.00,820.00) startOffset 0 endOffset 11 width 77.76: "just a text"
      LayoutSVGText {text} at (3998.84,802) size 78.92x23 contains 1 chunk(s)
        LayoutSVGInlineText {#text} at (3998.84,802) size 78.92x23
          chunk 1 text run 1 at (4000.00,820.00) startOffset 0 endOffset 11 width 77.76: "just a text"
      LayoutSVGText {text} at (4098.84,802) size 78.92x23 contains 1 chunk(s)
        LayoutSVGInlineText {#text} at (4098.84,802) size 78.92x23
          chunk 1 text run 1 at (4100.00,820.00) startOffset 0 endOffset 11 width 77.76: "just a text"
      LayoutSVGText {text} at (4198.84,802) size 78.92x23 contains 1 chunk(s)
        LayoutSVGInlineText {#text} at (4198.84,802) size 78.92x23
          chunk 1 text run 1 at (4200.00,820.00) startOffset 0 endOffset 11 width 77.76: "just a text"
      LayoutSVGText {text} at (4298.84,802) size 78.92x23 contains 1 chunk(s)
        LayoutSVGInlineText {#text} at (4298.84,802) size 78.92x23
          chunk 1 text run 1 at (4300.00,820.00) startOffset 0 endOffset 11 width 77.76: "just a text"
      LayoutSVGText {text} at (4398.84,802) size 78.92x23 contains 1 chunk(s)
        LayoutSVGInlineText {#text} at (4398.84,802) size 78.92x23
          chunk 1 text run 1 at (4400.00,820.00) startOffset 0 endOffset 11 width 77.76: "just a text"
      LayoutSVGText {text} at (4498.84,802) size 78.92x23 contains 1 chunk(s)
        LayoutSVGInlineText {#text} at (4498.84,802) size 78.92x23
          chunk 1 text run 1 at (4500.00,820.00) startOffset 0 endOffset 11 width 77.76: "just a text"
      LayoutSVGText {text} at (4598.84,802) size 78.92x23 contains 1 chunk(s)
        LayoutSVGInlineText {#text} at (4598.84,802) size 78.92x23
          chunk 1 text run 1 at (4600.00,820.00) startOffset 0 endOffset 11 width 77.76: "just a text"
      LayoutSVGText {text} at (4698.84,802) size 78.92x23 contains 1 chunk(s)
        LayoutSVGInlineText {#text} at (4698.84,802) size 78.92x23
          chunk 1 text run 1 at (4700.00,820.00) startOffset 0 endOffset 11 width 77.76: "just a text"
      LayoutSVGText {text} at (4798.84,802) size 78.92x23 contains 1 chunk(s)
        LayoutSVGInlineText {#text} at (4798.84,802) size 78.92x23
          chunk 1 text run 1 at (4800.00,820.00) startOffset 0 endOffset 11 width 77.76: "just a text"
      LayoutSVGText {text} at (4898.84,802) size 78.92x23 contains 1 chunk(s)
        LayoutSVGInlineText {#text} at (4898.84,802) size 78.92x23
          chunk 1 text run 1 at (4900.00,820.00) startOffset 0 endOffset 11 width 77.76: "just a text"
      LayoutSVGText {text} at (-1.14,902) size 78.92x23 contains 1 chunk(s)
        LayoutSVGInlineText {#text} at (-1.14,902) size 78.92x23
          chunk 1 text run 1 at (0.00,920.00) startOffset 0 endOffset 11 width 77.76: "just a text"
      LayoutSVGText {text} at (98.84,902) size 78.92x23 contains 1 chunk(s)
        LayoutSVGInlineText {#text} at (98.84,902) size 78.92x23
          chunk 1 text run 1 at (100.00,920.00) startOffset 0 endOffset 11 width 77.76: "just a text"
      LayoutSVGText {text} at (198.84,902) size 78.92x23 contains 1 chunk(s)
        LayoutSVGInlineText {#text} at (198.84,902) size 78.92x23
          chunk 1 text run 1 at (200.00,920.00) startOffset 0 endOffset 11 width 77.76: "just a text"
      LayoutSVGText {text} at (298.84,902) size 78.92x23 contains 1 chunk(s)
        LayoutSVGInlineText {#text} at (298.84,902) size 78.92x23
          chunk 1 text run 1 at (300.00,920.00) startOffset 0 endOffset 11 width 77.76: "just a text"
      LayoutSVGText {text} at (398.84,902) size 78.92x23 contains 1 chunk(s)
        LayoutSVGInlineText {#text} at (398.84,902) size 78.92x23
          chunk 1 text run 1 at (400.00,920.00) startOffset 0 endOffset 11 width 77.76: "just a text"
      LayoutSVGText {text} at (498.84,902) size 78.92x23 contains 1 chunk(s)
        LayoutSVGInlineText {#text} at (498.84,902) size 78.92x23
          chunk 1 text run 1 at (500.00,920.00) startOffset 0 endOffset 11 width 77.76: "just a text"
      LayoutSVGText {text} at (598.84,902) size 78.92x23 contains 1 chunk(s)
        LayoutSVGInlineText {#text} at (598.84,902) size 78.92x23
          chunk 1 text run 1 at (600.00,920.00) startOffset 0 endOffset 11 width 77.76: "just a text"
      LayoutSVGText {text} at (698.84,902) size 78.92x23 contains 1 chunk(s)
        LayoutSVGInlineText {#text} at (698.84,902) size 78.92x23
          chunk 1 text run 1 at (700.00,920.00) startOffset 0 endOffset 11 width 77.76: "just a text"
      LayoutSVGText {text} at (798.84,902) size 78.92x23 contains 1 chunk(s)
        LayoutSVGInlineText {#text} at (798.84,902) size 78.92x23
          chunk 1 text run 1 at (800.00,920.00) startOffset 0 endOffset 11 width 77.76: "just a text"
      LayoutSVGText {text} at (898.84,902) size 78.92x23 contains 1 chunk(s)
        LayoutSVGInlineText {#text} at (898.84,902) size 78.92x23
          chunk 1 text run 1 at (900.00,920.00) startOffset 0 endOffset 11 width 77.76: "just a text"
      LayoutSVGText {text} at (998.84,902) size 78.92x23 contains 1 chunk(s)
        LayoutSVGInlineText {#text} at (998.84,902) size 78.92x23
          chunk 1 text run 1 at (1000.00,920.00) startOffset 0 endOffset 11 width 77.76: "just a text"
      LayoutSVGText {text} at (1098.84,902) size 78.92x23 contains 1 chunk(s)
        LayoutSVGInlineText {#text} at (1098.84,902) size 78.92x23
          chunk 1 text run 1 at (1100.00,920.00) startOffset 0 endOffset 11 width 77.76: "just a text"
      LayoutSVGText {text} at (1198.84,902) size 78.92x23 contains 1 chunk(s)
        LayoutSVGInlineText {#text} at (1198.84,902) size 78.92x23
          chunk 1 text run 1 at (1200.00,920.00) startOffset 0 endOffset 11 width 77.76: "just a text"
      LayoutSVGText {text} at (1298.84,902) size 78.92x23 contains 1 chunk(s)
        LayoutSVGInlineText {#text} at (1298.84,902) size 78.92x23
          chunk 1 text run 1 at (1300.00,920.00) startOffset 0 endOffset 11 width 77.76: "just a text"
      LayoutSVGText {text} at (1398.84,902) size 78.92x23 contains 1 chunk(s)
        LayoutSVGInlineText {#text} at (1398.84,902) size 78.92x23
          chunk 1 text run 1 at (1400.00,920.00) startOffset 0 endOffset 11 width 77.76: "just a text"
      LayoutSVGText {text} at (1498.84,902) size 78.92x23 contains 1 chunk(s)
        LayoutSVGInlineText {#text} at (1498.84,902) size 78.92x23
          chunk 1 text run 1 at (1500.00,920.00) startOffset 0 endOffset 11 width 77.76: "just a text"
      LayoutSVGText {text} at (1598.84,902) size 78.92x23 contains 1 chunk(s)
        LayoutSVGInlineText {#text} at (1598.84,902) size 78.92x23
          chunk 1 text run 1 at (1600.00,920.00) startOffset 0 endOffset 11 width 77.76: "just a text"
      LayoutSVGText {text} at (1698.84,902) size 78.92x23 contains 1 chunk(s)
        LayoutSVGInlineText {#text} at (1698.84,902) size 78.92x23
          chunk 1 text run 1 at (1700.00,920.00) startOffset 0 endOffset 11 width 77.76: "just a text"
      LayoutSVGText {text} at (1798.84,902) size 78.92x23 contains 1 chunk(s)
        LayoutSVGInlineText {#text} at (1798.84,902) size 78.92x23
          chunk 1 text run 1 at (1800.00,920.00) startOffset 0 endOffset 11 width 77.76: "just a text"
      LayoutSVGText {text} at (1898.84,902) size 78.92x23 contains 1 chunk(s)
        LayoutSVGInlineText {#text} at (1898.84,902) size 78.92x23
          chunk 1 text run 1 at (1900.00,920.00) startOffset 0 endOffset 11 width 77.76: "just a text"
      LayoutSVGText {text} at (1998.84,902) size 78.92x23 contains 1 chunk(s)
        LayoutSVGInlineText {#text} at (1998.84,902) size 78.92x23
          chunk 1 text run 1 at (2000.00,920.00) startOffset 0 endOffset 11 width 77.76: "just a text"
      LayoutSVGText {text} at (2098.84,902) size 78.92x23 contains 1 chunk(s)
        LayoutSVGInlineText {#text} at (2098.84,902) size 78.92x23
          chunk 1 text run 1 at (2100.00,920.00) startOffset 0 endOffset 11 width 77.76: "just a text"
      LayoutSVGText {text} at (2198.84,902) size 78.92x23 contains 1 chunk(s)
        LayoutSVGInlineText {#text} at (2198.84,902) size 78.92x23
          chunk 1 text run 1 at (2200.00,920.00) startOffset 0 endOffset 11 width 77.76: "just a text"
      LayoutSVGText {text} at (2298.84,902) size 78.92x23 contains 1 chunk(s)
        LayoutSVGInlineText {#text} at (2298.84,902) size 78.92x23
          chunk 1 text run 1 at (2300.00,920.00) startOffset 0 endOffset 11 width 77.76: "just a text"
      LayoutSVGText {text} at (2398.84,902) size 78.92x23 contains 1 chunk(s)
        LayoutSVGInlineText {#text} at (2398.84,902) size 78.92x23
          chunk 1 text run 1 at (2400.00,920.00) startOffset 0 endOffset 11 width 77.76: "just a text"
      LayoutSVGText {text} at (2498.84,902) size 78.92x23 contains 1 chunk(s)
        LayoutSVGInlineText {#text} at (2498.84,902) size 78.92x23
          chunk 1 text run 1 at (2500.00,920.00) startOffset 0 endOffset 11 width 77.76: "just a text"
      LayoutSVGText {text} at (2598.84,902) size 78.92x23 contains 1 chunk(s)
        LayoutSVGInlineText {#text} at (2598.84,902) size 78.92x23
          chunk 1 text run 1 at (2600.00,920.00) startOffset 0 endOffset 11 width 77.76: "just a text"
      LayoutSVGText {text} at (2698.84,902) size 78.92x23 contains 1 chunk(s)
        LayoutSVGInlineText {#text} at (2698.84,902) size 78.92x23
          chunk 1 text run 1 at (2700.00,920.00) startOffset 0 endOffset 11 width 77.76: "just a text"
      LayoutSVGText {text} at (2798.84,902) size 78.92x23 contains 1 chunk(s)
        LayoutSVGInlineText {#text} at (2798.84,902) size 78.92x23
          chunk 1 text run 1 at (2800.00,920.00) startOffset 0 endOffset 11 width 77.76: "just a text"
      LayoutSVGText {text} at (2898.84,902) size 78.92x23 contains 1 chunk(s)
        LayoutSVGInlineText {#text} at (2898.84,902) size 78.92x23
          chunk 1 text run 1 at (2900.00,920.00) startOffset 0 endOffset 11 width 77.76: "just a text"
      LayoutSVGText {text} at (2998.84,902) size 78.92x23 contains 1 chunk(s)
        LayoutSVGInlineText {#text} at (2998.84,902) size 78.92x23
          chunk 1 text run 1 at (3000.00,920.00) startOffset 0 endOffset 11 width 77.76: "just a text"
      LayoutSVGText {text} at (3098.84,902) size 78.92x23 contains 1 chunk(s)
        LayoutSVGInlineText {#text} at (3098.84,902) size 78.92x23
          chunk 1 text run 1 at (3100.00,920.00) startOffset 0 endOffset 11 width 77.76: "just a text"
      LayoutSVGText {text} at (3198.84,902) size 78.92x23 contains 1 chunk(s)
        LayoutSVGInlineText {#text} at (3198.84,902) size 78.92x23
          chunk 1 text run 1 at (3200.00,920.00) startOffset 0 endOffset 11 width 77.76: "just a text"
      LayoutSVGText {text} at (3298.84,902) size 78.92x23 contains 1 chunk(s)
        LayoutSVGInlineText {#text} at (3298.84,902) size 78.92x23
          chunk 1 text run 1 at (3300.00,920.00) startOffset 0 endOffset 11 width 77.76: "just a text"
      LayoutSVGText {text} at (3398.84,902) size 78.92x23 contains 1 chunk(s)
        LayoutSVGInlineText {#text} at (3398.84,902) size 78.92x23
          chunk 1 text run 1 at (3400.00,920.00) startOffset 0 endOffset 11 width 77.76: "just a text"
      LayoutSVGText {text} at (3498.84,902) size 78.92x23 contains 1 chunk(s)
        LayoutSVGInlineText {#text} at (3498.84,902) size 78.92x23
          chunk 1 text run 1 at (3500.00,920.00) startOffset 0 endOffset 11 width 77.76: "just a text"
      LayoutSVGText {text} at (3598.84,902) size 78.92x23 contains 1 chunk(s)
        LayoutSVGInlineText {#text} at (3598.84,902) size 78.92x23
          chunk 1 text run 1 at (3600.00,920.00) startOffset 0 endOffset 11 width 77.76: "just a text"
      LayoutSVGText {text} at (3698.84,902) size 78.92x23 contains 1 chunk(s)
        LayoutSVGInlineText {#text} at (3698.84,902) size 78.92x23
          chunk 1 text run 1 at (3700.00,920.00) startOffset 0 endOffset 11 width 77.76: "just a text"
      LayoutSVGText {text} at (3798.84,902) size 78.92x23 contains 1 chunk(s)
        LayoutSVGInlineText {#text} at (3798.84,902) size 78.92x23
          chunk 1 text run 1 at (3800.00,920.00) startOffset 0 endOffset 11 width 77.76: "just a text"
      LayoutSVGText {text} at (3898.84,902) size 78.92x23 contains 1 chunk(s)
        LayoutSVGInlineText {#text} at (3898.84,902) size 78.92x23
          chunk 1 text run 1 at (3900.00,920.00) startOffset 0 endOffset 11 width 77.76: "just a text"
      LayoutSVGText {text} at (3998.84,902) size 78.92x23 contains 1 chunk(s)
        LayoutSVGInlineText {#text} at (3998.84,902) size 78.92x23
          chunk 1 text run 1 at (4000.00,920.00) startOffset 0 endOffset 11 width 77.76: "just a text"
      LayoutSVGText {text} at (4098.84,902) size 78.92x23 contains 1 chunk(s)
        LayoutSVGInlineText {#text} at (4098.84,902) size 78.92x23
          chunk 1 text run 1 at (4100.00,920.00) startOffset 0 endOffset 11 width 77.76: "just a text"
      LayoutSVGText {text} at (4198.84,902) size 78.92x23 contains 1 chunk(s)
        LayoutSVGInlineText {#text} at (4198.84,902) size 78.92x23
          chunk 1 text run 1 at (4200.00,920.00) startOffset 0 endOffset 11 width 77.76: "just a text"
      LayoutSVGText {text} at (4298.84,902) size 78.92x23 contains 1 chunk(s)
        LayoutSVGInlineText {#text} at (4298.84,902) size 78.92x23
          chunk 1 text run 1 at (4300.00,920.00) startOffset 0 endOffset 11 width 77.76: "just a text"
      LayoutSVGText {text} at (4398.84,902) size 78.92x23 contains 1 chunk(s)
        LayoutSVGInlineText {#text} at (4398.84,902) size 78.92x23
          chunk 1 text run 1 at (4400.00,920.00) startOffset 0 endOffset 11 width 77.76: "just a text"
      LayoutSVGText {text} at (4498.84,902) size 78.92x23 contains 1 chunk(s)
        LayoutSVGInlineText {#text} at (4498.84,902) size 78.92x23
          chunk 1 text run 1 at (4500.00,920.00) startOffset 0 endOffset 11 width 77.76: "just a text"
      LayoutSVGText {text} at (4598.84,902) size 78.92x23 contains 1 chunk(s)
        LayoutSVGInlineText {#text} at (4598.84,902) size 78.92x23
          chunk 1 text run 1 at (4600.00,920.00) startOffset 0 endOffset 11 width 77.76: "just a text"
      LayoutSVGText {text} at (4698.84,902) size 78.92x23 contains 1 chunk(s)
        LayoutSVGInlineText {#text} at (4698.84,902) size 78.92x23
          chunk 1 text run 1 at (4700.00,920.00) startOffset 0 endOffset 11 width 77.76: "just a text"
      LayoutSVGText {text} at (4798.84,902) size 78.92x23 contains 1 chunk(s)
        LayoutSVGInlineText {#text} at (4798.84,902) size 78.92x23
          chunk 1 text run 1 at (4800.00,920.00) startOffset 0 endOffset 11 width 77.76: "just a text"
      LayoutSVGText {text} at (4898.84,902) size 78.92x23 contains 1 chunk(s)
        LayoutSVGInlineText {#text} at (4898.84,902) size 78.92x23
          chunk 1 text run 1 at (4900.00,920.00) startOffset 0 endOffset 11 width 77.76: "just a text"
      LayoutSVGText {text} at (-1.14,1002) size 78.92x23 contains 1 chunk(s)
        LayoutSVGInlineText {#text} at (-1.14,1002) size 78.92x23
          chunk 1 text run 1 at (0.00,1020.00) startOffset 0 endOffset 11 width 77.76: "just a text"
      LayoutSVGText {text} at (98.84,1002) size 78.92x23 contains 1 chunk(s)
        LayoutSVGInlineText {#text} at (98.84,1002) size 78.92x23
          chunk 1 text run 1 at (100.00,1020.00) startOffset 0 endOffset 11 width 77.76: "just a text"
      LayoutSVGText {text} at (198.84,1002) size 78.92x23 contains 1 chunk(s)
        LayoutSVGInlineText {#text} at (198.84,1002) size 78.92x23
          chunk 1 text run 1 at (200.00,1020.00) startOffset 0 endOffset 11 width 77.76: "just a text"
      LayoutSVGText {text} at (298.84,1002) size 78.92x23 contains 1 chunk(s)
        LayoutSVGInlineText {#text} at (298.84,1002) size 78.92x23
          chunk 1 text run 1 at (300.00,1020.00) startOffset 0 endOffset 11 width 77.76: "just a text"
      LayoutSVGText {text} at (398.84,1002) size 78.92x23 contains 1 chunk(s)
        LayoutSVGInlineText {#text} at (398.84,1002) size 78.92x23
          chunk 1 text run 1 at (400.00,1020.00) startOffset 0 endOffset 11 width 77.76: "just a text"
      LayoutSVGText {text} at (498.84,1002) size 78.92x23 contains 1 chunk(s)
        LayoutSVGInlineText {#text} at (498.84,1002) size 78.92x23
          chunk 1 text run 1 at (500.00,1020.00) startOffset 0 endOffset 11 width 77.76: "just a text"
      LayoutSVGText {text} at (598.84,1002) size 78.92x23 contains 1 chunk(s)
        LayoutSVGInlineText {#text} at (598.84,1002) size 78.92x23
          chunk 1 text run 1 at (600.00,1020.00) startOffset 0 endOffset 11 width 77.76: "just a text"
      LayoutSVGText {text} at (698.84,1002) size 78.92x23 contains 1 chunk(s)
        LayoutSVGInlineText {#text} at (698.84,1002) size 78.92x23
          chunk 1 text run 1 at (700.00,1020.00) startOffset 0 endOffset 11 width 77.76: "just a text"
      LayoutSVGText {text} at (798.84,1002) size 78.92x23 contains 1 chunk(s)
        LayoutSVGInlineText {#text} at (798.84,1002) size 78.92x23
          chunk 1 text run 1 at (800.00,1020.00) startOffset 0 endOffset 11 width 77.76: "just a text"
      LayoutSVGText {text} at (898.84,1002) size 78.92x23 contains 1 chunk(s)
        LayoutSVGInlineText {#text} at (898.84,1002) size 78.92x23
          chunk 1 text run 1 at (900.00,1020.00) startOffset 0 endOffset 11 width 77.76: "just a text"
      LayoutSVGText {text} at (998.84,1002) size 78.92x23 contains 1 chunk(s)
        LayoutSVGInlineText {#text} at (998.84,1002) size 78.92x23
          chunk 1 text run 1 at (1000.00,1020.00) startOffset 0 endOffset 11 width 77.76: "just a text"
      LayoutSVGText {text} at (1098.84,1002) size 78.92x23 contains 1 chunk(s)
        LayoutSVGInlineText {#text} at (1098.84,1002) size 78.92x23
          chunk 1 text run 1 at (1100.00,1020.00) startOffset 0 endOffset 11 width 77.76: "just a text"
      LayoutSVGText {text} at (1198.84,1002) size 78.92x23 contains 1 chunk(s)
        LayoutSVGInlineText {#text} at (1198.84,1002) size 78.92x23
          chunk 1 text run 1 at (1200.00,1020.00) startOffset 0 endOffset 11 width 77.76: "just a text"
      LayoutSVGText {text} at (1298.84,1002) size 78.92x23 contains 1 chunk(s)
        LayoutSVGInlineText {#text} at (1298.84,1002) size 78.92x23
          chunk 1 text run 1 at (1300.00,1020.00) startOffset 0 endOffset 11 width 77.76: "just a text"
      LayoutSVGText {text} at (1398.84,1002) size 78.92x23 contains 1 chunk(s)
        LayoutSVGInlineText {#text} at (1398.84,1002) size 78.92x23
          chunk 1 text run 1 at (1400.00,1020.00) startOffset 0 endOffset 11 width 77.76: "just a text"
      LayoutSVGText {text} at (1498.84,1002) size 78.92x23 contains 1 chunk(s)
        LayoutSVGInlineText {#text} at (1498.84,1002) size 78.92x23
          chunk 1 text run 1 at (1500.00,1020.00) startOffset 0 endOffset 11 width 77.76: "just a text"
      LayoutSVGText {text} at (1598.84,1002) size 78.92x23 contains 1 chunk(s)
        LayoutSVGInlineText {#text} at (1598.84,1002) size 78.92x23
          chunk 1 text run 1 at (1600.00,1020.00) startOffset 0 endOffset 11 width 77.76: "just a text"
      LayoutSVGText {text} at (1698.84,1002) size 78.92x23 contains 1 chunk(s)
        LayoutSVGInlineText {#text} at (1698.84,1002) size 78.92x23
          chunk 1 text run 1 at (1700.00,1020.00) startOffset 0 endOffset 11 width 77.76: "just a text"
      LayoutSVGText {text} at (1798.84,1002) size 78.92x23 contains 1 chunk(s)
        LayoutSVGInlineText {#text} at (1798.84,1002) size 78.92x23
          chunk 1 text run 1 at (1800.00,1020.00) startOffset 0 endOffset 11 width 77.76: "just a text"
      LayoutSVGText {text} at (1898.84,1002) size 78.92x23 contains 1 chunk(s)
        LayoutSVGInlineText {#text} at (1898.84,1002) size 78.92x23
          chunk 1 text run 1 at (1900.00,1020.00) startOffset 0 endOffset 11 width 77.76: "just a text"
      LayoutSVGText {text} at (1998.84,1002) size 78.92x23 contains 1 chunk(s)
        LayoutSVGInlineText {#text} at (1998.84,1002) size 78.92x23
          chunk 1 text run 1 at (2000.00,1020.00) startOffset 0 endOffset 11 width 77.76: "just a text"
      LayoutSVGText {text} at (2098.84,1002) size 78.92x23 contains 1 chunk(s)
        LayoutSVGInlineText {#text} at (2098.84,1002) size 78.92x23
          chunk 1 text run 1 at (2100.00,1020.00) startOffset 0 endOffset 11 width 77.76: "just a text"
      LayoutSVGText {text} at (2198.84,1002) size 78.92x23 contains 1 chunk(s)
        LayoutSVGInlineText {#text} at (2198.84,1002) size 78.92x23
          chunk 1 text run 1 at (2200.00,1020.00) startOffset 0 endOffset 11 width 77.76: "just a text"
      LayoutSVGText {text} at (2298.84,1002) size 78.92x23 contains 1 chunk(s)
        LayoutSVGInlineText {#text} at (2298.84,1002) size 78.92x23
          chunk 1 text run 1 at (2300.00,1020.00) startOffset 0 endOffset 11 width 77.76: "just a text"
      LayoutSVGText {text} at (2398.84,1002) size 78.92x23 contains 1 chunk(s)
        LayoutSVGInlineText {#text} at (2398.84,1002) size 78.92x23
          chunk 1 text run 1 at (2400.00,1020.00) startOffset 0 endOffset 11 width 77.76: "just a text"
      LayoutSVGText {text} at (2498.84,1002) size 78.92x23 contains 1 chunk(s)
        LayoutSVGInlineText {#text} at (2498.84,1002) size 78.92x23
          chunk 1 text run 1 at (2500.00,1020.00) startOffset 0 endOffset 11 width 77.76: "just a text"
      LayoutSVGText {text} at (2598.84,1002) size 78.92x23 contains 1 chunk(s)
        LayoutSVGInlineText {#text} at (2598.84,1002) size 78.92x23
          chunk 1 text run 1 at (2600.00,1020.00) startOffset 0 endOffset 11 width 77.76: "just a text"
      LayoutSVGText {text} at (2698.84,1002) size 78.92x23 contains 1 chunk(s)
        LayoutSVGInlineText {#text} at (2698.84,1002) size 78.92x23
          chunk 1 text run 1 at (2700.00,1020.00) startOffset 0 endOffset 11 width 77.76: "just a text"
      LayoutSVGText {text} at (2798.84,1002) size 78.92x23 contains 1 chunk(s)
        LayoutSVGInlineText {#text} at (2798.84,1002) size 78.92x23
          chunk 1 text run 1 at (2800.00,1020.00) startOffset 0 endOffset 11 width 77.76: "just a text"
      LayoutSVGText {text} at (2898.84,1002) size 78.92x23 contains 1 chunk(s)
        LayoutSVGInlineText {#text} at (2898.84,1002) size 78.92x23
          chunk 1 text run 1 at (2900.00,1020.00) startOffset 0 endOffset 11 width 77.76: "just a text"
      LayoutSVGText {text} at (2998.84,1002) size 78.92x23 contains 1 chunk(s)
        LayoutSVGInlineText {#text} at (2998.84,1002) size 78.92x23
          chunk 1 text run 1 at (3000.00,1020.00) startOffset 0 endOffset 11 width 77.76: "just a text"
      LayoutSVGText {text} at (3098.84,1002) size 78.92x23 contains 1 chunk(s)
        LayoutSVGInlineText {#text} at (3098.84,1002) size 78.92x23
          chunk 1 text run 1 at (3100.00,1020.00) startOffset 0 endOffset 11 width 77.76: "just a text"
      LayoutSVGText {text} at (3198.84,1002) size 78.92x23 contains 1 chunk(s)
        LayoutSVGInlineText {#text} at (3198.84,1002) size 78.92x23
          chunk 1 text run 1 at (3200.00,1020.00) startOffset 0 endOffset 11 width 77.76: "just a text"
      LayoutSVGText {text} at (3298.84,1002) size 78.92x23 contains 1 chunk(s)
        LayoutSVGInlineText {#text} at (3298.84,1002) size 78.92x23
          chunk 1 text run 1 at (3300.00,1020.00) startOffset 0 endOffset 11 width 77.76: "just a text"
      LayoutSVGText {text} at (3398.84,1002) size 78.92x23 contains 1 chunk(s)
        LayoutSVGInlineText {#text} at (3398.84,1002) size 78.92x23
          chunk 1 text run 1 at (3400.00,1020.00) startOffset 0 endOffset 11 width 77.76: "just a text"
      LayoutSVGText {text} at (3498.84,1002) size 78.92x23 contains 1 chunk(s)
        LayoutSVGInlineText {#text} at (3498.84,1002) size 78.92x23
          chunk 1 text run 1 at (3500.00,1020.00) startOffset 0 endOffset 11 width 77.76: "just a text"
      LayoutSVGText {text} at (3598.84,1002) size 78.92x23 contains 1 chunk(s)
        LayoutSVGInlineText {#text} at (3598.84,1002) size 78.92x23
          chunk 1 text run 1 at (3600.00,1020.00) startOffset 0 endOffset 11 width 77.76: "just a text"
      LayoutSVGText {text} at (3698.84,1002) size 78.92x23 contains 1 chunk(s)
        LayoutSVGInlineText {#text} at (3698.84,1002) size 78.92x23
          chunk 1 text run 1 at (3700.00,1020.00) startOffset 0 endOffset 11 width 77.76: "just a text"
      LayoutSVGText {text} at (3798.84,1002) size 78.92x23 contains 1 chunk(s)
        LayoutSVGInlineText {#text} at (3798.84,1002) size 78.92x23
          chunk 1 text run 1 at (3800.00,1020.00) startOffset 0 endOffset 11 width 77.76: "just a text"
      LayoutSVGText {text} at (3898.84,1002) size 78.92x23 contains 1 chunk(s)
        LayoutSVGInlineText {#text} at (3898.84,1002) size 78.92x23
          chunk 1 text run 1 at (3900.00,1020.00) startOffset 0 endOffset 11 width 77.76: "just a text"
      LayoutSVGText {text} at (3998.84,1002) size 78.92x23 contains 1 chunk(s)
        LayoutSVGInlineText {#text} at (3998.84,1002) size 78.92x23
          chunk 1 text run 1 at (4000.00,1020.00) startOffset 0 endOffset 11 width 77.76: "just a text"
      LayoutSVGText {text} at (4098.84,1002) size 78.92x23 contains 1 chunk(s)
        LayoutSVGInlineText {#text} at (4098.84,1002) size 78.92x23
          chunk 1 text run 1 at (4100.00,1020.00) startOffset 0 endOffset 11 width 77.76: "just a text"
      LayoutSVGText {text} at (4198.84,1002) size 78.92x23 contains 1 chunk(s)
        LayoutSVGInlineText {#text} at (4198.84,1002) size 78.92x23
          chunk 1 text run 1 at (4200.00,1020.00) startOffset 0 endOffset 11 width 77.76: "just a text"
      LayoutSVGText {text} at (4298.84,1002) size 78.92x23 contains 1 chunk(s)
        LayoutSVGInlineText {#text} at (4298.84,1002) size 78.92x23
          chunk 1 text run 1 at (4300.00,1020.00) startOffset 0 endOffset 11 width 77.76: "just a text"
      LayoutSVGText {text} at (4398.84,1002) size 78.92x23 contains 1 chunk(s)
        LayoutSVGInlineText {#text} at (4398.84,1002) size 78.92x23
          chunk 1 text run 1 at (4400.00,1020.00) startOffset 0 endOffset 11 width 77.76: "just a text"
      LayoutSVGText {text} at (4498.84,1002) size 78.92x23 contains 1 chunk(s)
        LayoutSVGInlineText {#text} at (4498.84,1002) size 78.92x23
          chunk 1 text run 1 at (4500.00,1020.00) startOffset 0 endOffset 11 width 77.76: "just a text"
      LayoutSVGText {text} at (4598.84,1002) size 78.92x23 contains 1 chunk(s)
        LayoutSVGInlineText {#text} at (4598.84,1002) size 78.92x23
          chunk 1 text run 1 at (4600.00,1020.00) startOffset 0 endOffset 11 width 77.76: "just a text"
      LayoutSVGText {text} at (4698.84,1002) size 78.92x23 contains 1 chunk(s)
        LayoutSVGInlineText {#text} at (4698.84,1002) size 78.92x23
          chunk 1 text run 1 at (4700.00,1020.00) startOffset 0 endOffset 11 width 77.76: "just a text"
      LayoutSVGText {text} at (4798.84,1002) size 78.92x23 contains 1 chunk(s)
        LayoutSVGInlineText {#text} at (4798.84,1002) size 78.92x23
          chunk 1 text run 1 at (4800.00,1020.00) startOffset 0 endOffset 11 width 77.76: "just a text"
      LayoutSVGText {text} at (4898.84,1002) size 78.92x23 contains 1 chunk(s)
        LayoutSVGInlineText {#text} at (4898.84,1002) size 78.92x23
          chunk 1 text run 1 at (4900.00,1020.00) startOffset 0 endOffset 11 width 77.76: "just a text"
      LayoutSVGText {text} at (-1.14,1102) size 78.92x23 contains 1 chunk(s)
        LayoutSVGInlineText {#text} at (-1.14,1102) size 78.92x23
          chunk 1 text run 1 at (0.00,1120.00) startOffset 0 endOffset 11 width 77.76: "just a text"
      LayoutSVGText {text} at (98.84,1102) size 78.92x23 contains 1 chunk(s)
        LayoutSVGInlineText {#text} at (98.84,1102) size 78.92x23
          chunk 1 text run 1 at (100.00,1120.00) startOffset 0 endOffset 11 width 77.76: "just a text"
      LayoutSVGText {text} at (198.84,1102) size 78.92x23 contains 1 chunk(s)
        LayoutSVGInlineText {#text} at (198.84,1102) size 78.92x23
          chunk 1 text run 1 at (200.00,1120.00) startOffset 0 endOffset 11 width 77.76: "just a text"
      LayoutSVGText {text} at (298.84,1102) size 78.92x23 contains 1 chunk(s)
        LayoutSVGInlineText {#text} at (298.84,1102) size 78.92x23
          chunk 1 text run 1 at (300.00,1120.00) startOffset 0 endOffset 11 width 77.76: "just a text"
      LayoutSVGText {text} at (398.84,1102) size 78.92x23 contains 1 chunk(s)
        LayoutSVGInlineText {#text} at (398.84,1102) size 78.92x23
          chunk 1 text run 1 at (400.00,1120.00) startOffset 0 endOffset 11 width 77.76: "just a text"
      LayoutSVGText {text} at (498.84,1102) size 78.92x23 contains 1 chunk(s)
        LayoutSVGInlineText {#text} at (498.84,1102) size 78.92x23
          chunk 1 text run 1 at (500.00,1120.00) startOffset 0 endOffset 11 width 77.76: "just a text"
      LayoutSVGText {text} at (598.84,1102) size 78.92x23 contains 1 chunk(s)
        LayoutSVGInlineText {#text} at (598.84,1102) size 78.92x23
          chunk 1 text run 1 at (600.00,1120.00) startOffset 0 endOffset 11 width 77.76: "just a text"
      LayoutSVGText {text} at (698.84,1102) size 78.92x23 contains 1 chunk(s)
        LayoutSVGInlineText {#text} at (698.84,1102) size 78.92x23
          chunk 1 text run 1 at (700.00,1120.00) startOffset 0 endOffset 11 width 77.76: "just a text"
      LayoutSVGText {text} at (798.84,1102) size 78.92x23 contains 1 chunk(s)
        LayoutSVGInlineText {#text} at (798.84,1102) size 78.92x23
          chunk 1 text run 1 at (800.00,1120.00) startOffset 0 endOffset 11 width 77.76: "just a text"
      LayoutSVGText {text} at (898.84,1102) size 78.92x23 contains 1 chunk(s)
        LayoutSVGInlineText {#text} at (898.84,1102) size 78.92x23
          chunk 1 text run 1 at (900.00,1120.00) startOffset 0 endOffset 11 width 77.76: "just a text"
      LayoutSVGText {text} at (998.84,1102) size 78.92x23 contains 1 chunk(s)
        LayoutSVGInlineText {#text} at (998.84,1102) size 78.92x23
          chunk 1 text run 1 at (1000.00,1120.00) startOffset 0 endOffset 11 width 77.76: "just a text"
      LayoutSVGText {text} at (1098.84,1102) size 78.92x23 contains 1 chunk(s)
        LayoutSVGInlineText {#text} at (1098.84,1102) size 78.92x23
          chunk 1 text run 1 at (1100.00,1120.00) startOffset 0 endOffset 11 width 77.76: "just a text"
      LayoutSVGText {text} at (1198.84,1102) size 78.92x23 contains 1 chunk(s)
        LayoutSVGInlineText {#text} at (1198.84,1102) size 78.92x23
          chunk 1 text run 1 at (1200.00,1120.00) startOffset 0 endOffset 11 width 77.76: "just a text"
      LayoutSVGText {text} at (1298.84,1102) size 78.92x23 contains 1 chunk(s)
        LayoutSVGInlineText {#text} at (1298.84,1102) size 78.92x23
          chunk 1 text run 1 at (1300.00,1120.00) startOffset 0 endOffset 11 width 77.76: "just a text"
      LayoutSVGText {text} at (1398.84,1102) size 78.92x23 contains 1 chunk(s)
        LayoutSVGInlineText {#text} at (1398.84,1102) size 78.92x23
          chunk 1 text run 1 at (1400.00,1120.00) startOffset 0 endOffset 11 width 77.76: "just a text"
      LayoutSVGText {text} at (1498.84,1102) size 78.92x23 contains 1 chunk(s)
        LayoutSVGInlineText {#text} at (1498.84,1102) size 78.92x23
          chunk 1 text run 1 at (1500.00,1120.00) startOffset 0 endOffset 11 width 77.76: "just a text"
      LayoutSVGText {text} at (1598.84,1102) size 78.92x23 contains 1 chunk(s)
        LayoutSVGInlineText {#text} at (1598.84,1102) size 78.92x23
          chunk 1 text run 1 at (1600.00,1120.00) startOffset 0 endOffset 11 width 77.76: "just a text"
      LayoutSVGText {text} at (1698.84,1102) size 78.92x23 contains 1 chunk(s)
        LayoutSVGInlineText {#text} at (1698.84,1102) size 78.92x23
          chunk 1 text run 1 at (1700.00,1120.00) startOffset 0 endOffset 11 width 77.76: "just a text"
      LayoutSVGText {text} at (1798.84,1102) size 78.92x23 contains 1 chunk(s)
        LayoutSVGInlineText {#text} at (1798.84,1102) size 78.92x23
          chunk 1 text run 1 at (1800.00,1120.00) startOffset 0 endOffset 11 width 77.76: "just a text"
      LayoutSVGText {text} at (1898.84,1102) size 78.92x23 contains 1 chunk(s)
        LayoutSVGInlineText {#text} at (1898.84,1102) size 78.92x23
          chunk 1 text run 1 at (1900.00,1120.00) startOffset 0 endOffset 11 width 77.76: "just a text"
      LayoutSVGText {text} at (1998.84,1102) size 78.92x23 contains 1 chunk(s)
        LayoutSVGInlineText {#text} at (1998.84,1102) size 78.92x23
          chunk 1 text run 1 at (2000.00,1120.00) startOffset 0 endOffset 11 width 77.76: "just a text"
      LayoutSVGText {text} at (2098.84,1102) size 78.92x23 contains 1 chunk(s)
        LayoutSVGInlineText {#text} at (2098.84,1102) size 78.92x23
          chunk 1 text run 1 at (2100.00,1120.00) startOffset 0 endOffset 11 width 77.76: "just a text"
      LayoutSVGText {text} at (2198.84,1102) size 78.92x23 contains 1 chunk(s)
        LayoutSVGInlineText {#text} at (2198.84,1102) size 78.92x23
          chunk 1 text run 1 at (2200.00,1120.00) startOffset 0 endOffset 11 width 77.76: "just a text"
      LayoutSVGText {text} at (2298.84,1102) size 78.92x23 contains 1 chunk(s)
        LayoutSVGInlineText {#text} at (2298.84,1102) size 78.92x23
          chunk 1 text run 1 at (2300.00,1120.00) startOffset 0 endOffset 11 width 77.76: "just a text"
      LayoutSVGText {text} at (2398.84,1102) size 78.92x23 contains 1 chunk(s)
        LayoutSVGInlineText {#text} at (2398.84,1102) size 78.92x23
          chunk 1 text run 1 at (2400.00,1120.00) startOffset 0 endOffset 11 width 77.76: "just a text"
      LayoutSVGText {text} at (2498.84,1102) size 78.92x23 contains 1 chunk(s)
        LayoutSVGInlineText {#text} at (2498.84,1102) size 78.92x23
          chunk 1 text run 1 at (2500.00,1120.00) startOffset 0 endOffset 11 width 77.76: "just a text"
      LayoutSVGText {text} at (2598.84,1102) size 78.92x23 contains 1 chunk(s)
        LayoutSVGInlineText {#text} at (2598.84,1102) size 78.92x23
          chunk 1 text run 1 at (2600.00,1120.00) startOffset 0 endOffset 11 width 77.76: "just a text"
      LayoutSVGText {text} at (2698.84,1102) size 78.92x23 contains 1 chunk(s)
        LayoutSVGInlineText {#text} at (2698.84,1102) size 78.92x23
          chunk 1 text run 1 at (2700.00,1120.00) startOffset 0 endOffset 11 width 77.76: "just a text"
      LayoutSVGText {text} at (2798.84,1102) size 78.92x23 contains 1 chunk(s)
        LayoutSVGInlineText {#text} at (2798.84,1102) size 78.92x23
          chunk 1 text run 1 at (2800.00,1120.00) startOffset 0 endOffset 11 width 77.76: "just a text"
      LayoutSVGText {text} at (2898.84,1102) size 78.92x23 contains 1 chunk(s)
        LayoutSVGInlineText {#text} at (2898.84,1102) size 78.92x23
          chunk 1 text run 1 at (2900.00,1120.00) startOffset 0 endOffset 11 width 77.76: "just a text"
      LayoutSVGText {text} at (2998.84,1102) size 78.92x23 contains 1 chunk(s)
        LayoutSVGInlineText {#text} at (2998.84,1102) size 78.92x23
          chunk 1 text run 1 at (3000.00,1120.00) startOffset 0 endOffset 11 width 77.76: "just a text"
      LayoutSVGText {text} at (3098.84,1102) size 78.92x23 contains 1 chunk(s)
        LayoutSVGInlineText {#text} at (3098.84,1102) size 78.92x23
          chunk 1 text run 1 at (3100.00,1120.00) startOffset 0 endOffset 11 width 77.76: "just a text"
      LayoutSVGText {text} at (3198.84,1102) size 78.92x23 contains 1 chunk(s)
        LayoutSVGInlineText {#text} at (3198.84,1102) size 78.92x23
          chunk 1 text run 1 at (3200.00,1120.00) startOffset 0 endOffset 11 width 77.76: "just a text"
      LayoutSVGText {text} at (3298.84,1102) size 78.92x23 contains 1 chunk(s)
        LayoutSVGInlineText {#text} at (3298.84,1102) size 78.92x23
          chunk 1 text run 1 at (3300.00,1120.00) startOffset 0 endOffset 11 width 77.76: "just a text"
      LayoutSVGText {text} at (3398.84,1102) size 78.92x23 contains 1 chunk(s)
        LayoutSVGInlineText {#text} at (3398.84,1102) size 78.92x23
          chunk 1 text run 1 at (3400.00,1120.00) startOffset 0 endOffset 11 width 77.76: "just a text"
      LayoutSVGText {text} at (3498.84,1102) size 78.92x23 contains 1 chunk(s)
        LayoutSVGInlineText {#text} at (3498.84,1102) size 78.92x23
          chunk 1 text run 1 at (3500.00,1120.00) startOffset 0 endOffset 11 width 77.76: "just a text"
      LayoutSVGText {text} at (3598.84,1102) size 78.92x23 contains 1 chunk(s)
        LayoutSVGInlineText {#text} at (3598.84,1102) size 78.92x23
          chunk 1 text run 1 at (3600.00,1120.00) startOffset 0 endOffset 11 width 77.76: "just a text"
      LayoutSVGText {text} at (3698.84,1102) size 78.92x23 contains 1 chunk(s)
        LayoutSVGInlineText {#text} at (3698.84,1102) size 78.92x23
          chunk 1 text run 1 at (3700.00,1120.00) startOffset 0 endOffset 11 width 77.76: "just a text"
      LayoutSVGText {text} at (3798.84,1102) size 78.92x23 contains 1 chunk(s)
        LayoutSVGInlineText {#text} at (3798.84,1102) size 78.92x23
          chunk 1 text run 1 at (3800.00,1120.00) startOffset 0 endOffset 11 width 77.76: "just a text"
      LayoutSVGText {text} at (3898.84,1102) size 78.92x23 contains 1 chunk(s)
        LayoutSVGInlineText {#text} at (3898.84,1102) size 78.92x23
          chunk 1 text run 1 at (3900.00,1120.00) startOffset 0 endOffset 11 width 77.76: "just a text"
      LayoutSVGText {text} at (3998.84,1102) size 78.92x23 contains 1 chunk(s)
        LayoutSVGInlineText {#text} at (3998.84,1102) size 78.92x23
          chunk 1 text run 1 at (4000.00,1120.00) startOffset 0 endOffset 11 width 77.76: "just a text"
      LayoutSVGText {text} at (4098.84,1102) size 78.92x23 contains 1 chunk(s)
        LayoutSVGInlineText {#text} at (4098.84,1102) size 78.92x23
          chunk 1 text run 1 at (4100.00,1120.00) startOffset 0 endOffset 11 width 77.76: "just a text"
      LayoutSVGText {text} at (4198.84,1102) size 78.92x23 contains 1 chunk(s)
        LayoutSVGInlineText {#text} at (4198.84,1102) size 78.92x23
          chunk 1 text run 1 at (4200.00,1120.00) startOffset 0 endOffset 11 width 77.76: "just a text"
      LayoutSVGText {text} at (4298.84,1102) size 78.92x23 contains 1 chunk(s)
        LayoutSVGInlineText {#text} at (4298.84,1102) size 78.92x23
          chunk 1 text run 1 at (4300.00,1120.00) startOffset 0 endOffset 11 width 77.76: "just a text"
      LayoutSVGText {text} at (4398.84,1102) size 78.92x23 contains 1 chunk(s)
        LayoutSVGInlineText {#text} at (4398.84,1102) size 78.92x23
          chunk 1 text run 1 at (4400.00,1120.00) startOffset 0 endOffset 11 width 77.76: "just a text"
      LayoutSVGText {text} at (4498.84,1102) size 78.92x23 contains 1 chunk(s)
        LayoutSVGInlineText {#text} at (4498.84,1102) size 78.92x23
          chunk 1 text run 1 at (4500.00,1120.00) startOffset 0 endOffset 11 width 77.76: "just a text"
      LayoutSVGText {text} at (4598.84,1102) size 78.92x23 contains 1 chunk(s)
        LayoutSVGInlineText {#text} at (4598.84,1102) size 78.92x23
          chunk 1 text run 1 at (4600.00,1120.00) startOffset 0 endOffset 11 width 77.76: "just a text"
      LayoutSVGText {text} at (4698.84,1102) size 78.92x23 contains 1 chunk(s)
        LayoutSVGInlineText {#text} at (4698.84,1102) size 78.92x23
          chunk 1 text run 1 at (4700.00,1120.00) startOffset 0 endOffset 11 width 77.76: "just a text"
      LayoutSVGText {text} at (4798.84,1102) size 78.92x23 contains 1 chunk(s)
        LayoutSVGInlineText {#text} at (4798.84,1102) size 78.92x23
          chunk 1 text run 1 at (4800.00,1120.00) startOffset 0 endOffset 11 width 77.76: "just a text"
      LayoutSVGText {text} at (4898.84,1102) size 78.92x23 contains 1 chunk(s)
        LayoutSVGInlineText {#text} at (4898.84,1102) size 78.92x23
          chunk 1 text run 1 at (4900.00,1120.00) startOffset 0 endOffset 11 width 77.76: "just a text"
      LayoutSVGText {text} at (-1.14,1202) size 78.92x23 contains 1 chunk(s)
        LayoutSVGInlineText {#text} at (-1.14,1202) size 78.92x23
          chunk 1 text run 1 at (0.00,1220.00) startOffset 0 endOffset 11 width 77.76: "just a text"
      LayoutSVGText {text} at (98.84,1202) size 78.92x23 contains 1 chunk(s)
        LayoutSVGInlineText {#text} at (98.84,1202) size 78.92x23
          chunk 1 text run 1 at (100.00,1220.00) startOffset 0 endOffset 11 width 77.76: "just a text"
      LayoutSVGText {text} at (198.84,1202) size 78.92x23 contains 1 chunk(s)
        LayoutSVGInlineText {#text} at (198.84,1202) size 78.92x23
          chunk 1 text run 1 at (200.00,1220.00) startOffset 0 endOffset 11 width 77.76: "just a text"
      LayoutSVGText {text} at (298.84,1202) size 78.92x23 contains 1 chunk(s)
        LayoutSVGInlineText {#text} at (298.84,1202) size 78.92x23
          chunk 1 text run 1 at (300.00,1220.00) startOffset 0 endOffset 11 width 77.76: "just a text"
      LayoutSVGText {text} at (398.84,1202) size 78.92x23 contains 1 chunk(s)
        LayoutSVGInlineText {#text} at (398.84,1202) size 78.92x23
          chunk 1 text run 1 at (400.00,1220.00) startOffset 0 endOffset 11 width 77.76: "just a text"
      LayoutSVGText {text} at (498.84,1202) size 78.92x23 contains 1 chunk(s)
        LayoutSVGInlineText {#text} at (498.84,1202) size 78.92x23
          chunk 1 text run 1 at (500.00,1220.00) startOffset 0 endOffset 11 width 77.76: "just a text"
      LayoutSVGText {text} at (598.84,1202) size 78.92x23 contains 1 chunk(s)
        LayoutSVGInlineText {#text} at (598.84,1202) size 78.92x23
          chunk 1 text run 1 at (600.00,1220.00) startOffset 0 endOffset 11 width 77.76: "just a text"
      LayoutSVGText {text} at (698.84,1202) size 78.92x23 contains 1 chunk(s)
        LayoutSVGInlineText {#text} at (698.84,1202) size 78.92x23
          chunk 1 text run 1 at (700.00,1220.00) startOffset 0 endOffset 11 width 77.76: "just a text"
      LayoutSVGText {text} at (798.84,1202) size 78.92x23 contains 1 chunk(s)
        LayoutSVGInlineText {#text} at (798.84,1202) size 78.92x23
          chunk 1 text run 1 at (800.00,1220.00) startOffset 0 endOffset 11 width 77.76: "just a text"
      LayoutSVGText {text} at (898.84,1202) size 78.92x23 contains 1 chunk(s)
        LayoutSVGInlineText {#text} at (898.84,1202) size 78.92x23
          chunk 1 text run 1 at (900.00,1220.00) startOffset 0 endOffset 11 width 77.76: "just a text"
      LayoutSVGText {text} at (998.84,1202) size 78.92x23 contains 1 chunk(s)
        LayoutSVGInlineText {#text} at (998.84,1202) size 78.92x23
          chunk 1 text run 1 at (1000.00,1220.00) startOffset 0 endOffset 11 width 77.76: "just a text"
      LayoutSVGText {text} at (1098.84,1202) size 78.92x23 contains 1 chunk(s)
        LayoutSVGInlineText {#text} at (1098.84,1202) size 78.92x23
          chunk 1 text run 1 at (1100.00,1220.00) startOffset 0 endOffset 11 width 77.76: "just a text"
      LayoutSVGText {text} at (1198.84,1202) size 78.92x23 contains 1 chunk(s)
        LayoutSVGInlineText {#text} at (1198.84,1202) size 78.92x23
          chunk 1 text run 1 at (1200.00,1220.00) startOffset 0 endOffset 11 width 77.76: "just a text"
      LayoutSVGText {text} at (1298.84,1202) size 78.92x23 contains 1 chunk(s)
        LayoutSVGInlineText {#text} at (1298.84,1202) size 78.92x23
          chunk 1 text run 1 at (1300.00,1220.00) startOffset 0 endOffset 11 width 77.76: "just a text"
      LayoutSVGText {text} at (1398.84,1202) size 78.92x23 contains 1 chunk(s)
        LayoutSVGInlineText {#text} at (1398.84,1202) size 78.92x23
          chunk 1 text run 1 at (1400.00,1220.00) startOffset 0 endOffset 11 width 77.76: "just a text"
      LayoutSVGText {text} at (1498.84,1202) size 78.92x23 contains 1 chunk(s)
        LayoutSVGInlineText {#text} at (1498.84,1202) size 78.92x23
          chunk 1 text run 1 at (1500.00,1220.00) startOffset 0 endOffset 11 width 77.76: "just a text"
      LayoutSVGText {text} at (1598.84,1202) size 78.92x23 contains 1 chunk(s)
        LayoutSVGInlineText {#text} at (1598.84,1202) size 78.92x23
          chunk 1 text run 1 at (1600.00,1220.00) startOffset 0 endOffset 11 width 77.76: "just a text"
      LayoutSVGText {text} at (1698.84,1202) size 78.92x23 contains 1 chunk(s)
        LayoutSVGInlineText {#text} at (1698.84,1202) size 78.92x23
          chunk 1 text run 1 at (1700.00,1220.00) startOffset 0 endOffset 11 width 77.76: "just a text"
      LayoutSVGText {text} at (1798.84,1202) size 78.92x23 contains 1 chunk(s)
        LayoutSVGInlineText {#text} at (1798.84,1202) size 78.92x23
          chunk 1 text run 1 at (1800.00,1220.00) startOffset 0 endOffset 11 width 77.76: "just a text"
      LayoutSVGText {text} at (1898.84,1202) size 78.92x23 contains 1 chunk(s)
        LayoutSVGInlineText {#text} at (1898.84,1202) size 78.92x23
          chunk 1 text run 1 at (1900.00,1220.00) startOffset 0 endOffset 11 width 77.76: "just a text"
      LayoutSVGText {text} at (1998.84,1202) size 78.92x23 contains 1 chunk(s)
        LayoutSVGInlineText {#text} at (1998.84,1202) size 78.92x23
          chunk 1 text run 1 at (2000.00,1220.00) startOffset 0 endOffset 11 width 77.76: "just a text"
      LayoutSVGText {text} at (2098.84,1202) size 78.92x23 contains 1 chunk(s)
        LayoutSVGInlineText {#text} at (2098.84,1202) size 78.92x23
          chunk 1 text run 1 at (2100.00,1220.00) startOffset 0 endOffset 11 width 77.76: "just a text"
      LayoutSVGText {text} at (2198.84,1202) size 78.92x23 contains 1 chunk(s)
        LayoutSVGInlineText {#text} at (2198.84,1202) size 78.92x23
          chunk 1 text run 1 at (2200.00,1220.00) startOffset 0 endOffset 11 width 77.76: "just a text"
      LayoutSVGText {text} at (2298.84,1202) size 78.92x23 contains 1 chunk(s)
        LayoutSVGInlineText {#text} at (2298.84,1202) size 78.92x23
          chunk 1 text run 1 at (2300.00,1220.00) startOffset 0 endOffset 11 width 77.76: "just a text"
      LayoutSVGText {text} at (2398.84,1202) size 78.92x23 contains 1 chunk(s)
        LayoutSVGInlineText {#text} at (2398.84,1202) size 78.92x23
          chunk 1 text run 1 at (2400.00,1220.00) startOffset 0 endOffset 11 width 77.76: "just a text"
      LayoutSVGText {text} at (2498.84,1202) size 78.92x23 contains 1 chunk(s)
        LayoutSVGInlineText {#text} at (2498.84,1202) size 78.92x23
          chunk 1 text run 1 at (2500.00,1220.00) startOffset 0 endOffset 11 width 77.76: "just a text"
      LayoutSVGText {text} at (2598.84,1202) size 78.92x23 contains 1 chunk(s)
        LayoutSVGInlineText {#text} at (2598.84,1202) size 78.92x23
          chunk 1 text run 1 at (2600.00,1220.00) startOffset 0 endOffset 11 width 77.76: "just a text"
      LayoutSVGText {text} at (2698.84,1202) size 78.92x23 contains 1 chunk(s)
        LayoutSVGInlineText {#text} at (2698.84,1202) size 78.92x23
          chunk 1 text run 1 at (2700.00,1220.00) startOffset 0 endOffset 11 width 77.76: "just a text"
      LayoutSVGText {text} at (2798.84,1202) size 78.92x23 contains 1 chunk(s)
        LayoutSVGInlineText {#text} at (2798.84,1202) size 78.92x23
          chunk 1 text run 1 at (2800.00,1220.00) startOffset 0 endOffset 11 width 77.76: "just a text"
      LayoutSVGText {text} at (2898.84,1202) size 78.92x23 contains 1 chunk(s)
        LayoutSVGInlineText {#text} at (2898.84,1202) size 78.92x23
          chunk 1 text run 1 at (2900.00,1220.00) startOffset 0 endOffset 11 width 77.76: "just a text"
      LayoutSVGText {text} at (2998.84,1202) size 78.92x23 contains 1 chunk(s)
        LayoutSVGInlineText {#text} at (2998.84,1202) size 78.92x23
          chunk 1 text run 1 at (3000.00,1220.00) startOffset 0 endOffset 11 width 77.76: "just a text"
      LayoutSVGText {text} at (3098.84,1202) size 78.92x23 contains 1 chunk(s)
        LayoutSVGInlineText {#text} at (3098.84,1202) size 78.92x23
          chunk 1 text run 1 at (3100.00,1220.00) startOffset 0 endOffset 11 width 77.76: "just a text"
      LayoutSVGText {text} at (3198.84,1202) size 78.92x23 contains 1 chunk(s)
        LayoutSVGInlineText {#text} at (3198.84,1202) size 78.92x23
          chunk 1 text run 1 at (3200.00,1220.00) startOffset 0 endOffset 11 width 77.76: "just a text"
      LayoutSVGText {text} at (3298.84,1202) size 78.92x23 contains 1 chunk(s)
        LayoutSVGInlineText {#text} at (3298.84,1202) size 78.92x23
          chunk 1 text run 1 at (3300.00,1220.00) startOffset 0 endOffset 11 width 77.76: "just a text"
      LayoutSVGText {text} at (3398.84,1202) size 78.92x23 contains 1 chunk(s)
        LayoutSVGInlineText {#text} at (3398.84,1202) size 78.92x23
          chunk 1 text run 1 at (3400.00,1220.00) startOffset 0 endOffset 11 width 77.76: "just a text"
      LayoutSVGText {text} at (3498.84,1202) size 78.92x23 contains 1 chunk(s)
        LayoutSVGInlineText {#text} at (3498.84,1202) size 78.92x23
          chunk 1 text run 1 at (3500.00,1220.00) startOffset 0 endOffset 11 width 77.76: "just a text"
      LayoutSVGText {text} at (3598.84,1202) size 78.92x23 contains 1 chunk(s)
        LayoutSVGInlineText {#text} at (3598.84,1202) size 78.92x23
          chunk 1 text run 1 at (3600.00,1220.00) startOffset 0 endOffset 11 width 77.76: "just a text"
      LayoutSVGText {text} at (3698.84,1202) size 78.92x23 contains 1 chunk(s)
        LayoutSVGInlineText {#text} at (3698.84,1202) size 78.92x23
          chunk 1 text run 1 at (3700.00,1220.00) startOffset 0 endOffset 11 width 77.76: "just a text"
      LayoutSVGText {text} at (3798.84,1202) size 78.92x23 contains 1 chunk(s)
        LayoutSVGInlineText {#text} at (3798.84,1202) size 78.92x23
          chunk 1 text run 1 at (3800.00,1220.00) startOffset 0 endOffset 11 width 77.76: "just a text"
      LayoutSVGText {text} at (3898.84,1202) size 78.92x23 contains 1 chunk(s)
        LayoutSVGInlineText {#text} at (3898.84,1202) size 78.92x23
          chunk 1 text run 1 at (3900.00,1220.00) startOffset 0 endOffset 11 width 77.76: "just a text"
      LayoutSVGText {text} at (3998.84,1202) size 78.92x23 contains 1 chunk(s)
        LayoutSVGInlineText {#text} at (3998.84,1202) size 78.92x23
          chunk 1 text run 1 at (4000.00,1220.00) startOffset 0 endOffset 11 width 77.76: "just a text"
      LayoutSVGText {text} at (4098.84,1202) size 78.92x23 contains 1 chunk(s)
        LayoutSVGInlineText {#text} at (4098.84,1202) size 78.92x23
          chunk 1 text run 1 at (4100.00,1220.00) startOffset 0 endOffset 11 width 77.76: "just a text"
      LayoutSVGText {text} at (4198.84,1202) size 78.92x23 contains 1 chunk(s)
        LayoutSVGInlineText {#text} at (4198.84,1202) size 78.92x23
          chunk 1 text run 1 at (4200.00,1220.00) startOffset 0 endOffset 11 width 77.76: "just a text"
      LayoutSVGText {text} at (4298.84,1202) size 78.92x23 contains 1 chunk(s)
        LayoutSVGInlineText {#text} at (4298.84,1202) size 78.92x23
          chunk 1 text run 1 at (4300.00,1220.00) startOffset 0 endOffset 11 width 77.76: "just a text"
      LayoutSVGText {text} at (4398.84,1202) size 78.92x23 contains 1 chunk(s)
        LayoutSVGInlineText {#text} at (4398.84,1202) size 78.92x23
          chunk 1 text run 1 at (4400.00,1220.00) startOffset 0 endOffset 11 width 77.76: "just a text"
      LayoutSVGText {text} at (4498.84,1202) size 78.92x23 contains 1 chunk(s)
        LayoutSVGInlineText {#text} at (4498.84,1202) size 78.92x23
          chunk 1 text run 1 at (4500.00,1220.00) startOffset 0 endOffset 11 width 77.76: "just a text"
      LayoutSVGText {text} at (4598.84,1202) size 78.92x23 contains 1 chunk(s)
        LayoutSVGInlineText {#text} at (4598.84,1202) size 78.92x23
          chunk 1 text run 1 at (4600.00,1220.00) startOffset 0 endOffset 11 width 77.76: "just a text"
      LayoutSVGText {text} at (4698.84,1202) size 78.92x23 contains 1 chunk(s)
        LayoutSVGInlineText {#text} at (4698.84,1202) size 78.92x23
          chunk 1 text run 1 at (4700.00,1220.00) startOffset 0 endOffset 11 width 77.76: "just a text"
      LayoutSVGText {text} at (4798.84,1202) size 78.92x23 contains 1 chunk(s)
        LayoutSVGInlineText {#text} at (4798.84,1202) size 78.92x23
          chunk 1 text run 1 at (4800.00,1220.00) startOffset 0 endOffset 11 width 77.76: "just a text"
      LayoutSVGText {text} at (4898.84,1202) size 78.92x23 contains 1 chunk(s)
        LayoutSVGInlineText {#text} at (4898.84,1202) size 78.92x23
          chunk 1 text run 1 at (4900.00,1220.00) startOffset 0 endOffset 11 width 77.76: "just a text"
      LayoutSVGText {text} at (-1.14,1302) size 78.92x23 contains 1 chunk(s)
        LayoutSVGInlineText {#text} at (-1.14,1302) size 78.92x23
          chunk 1 text run 1 at (0.00,1320.00) startOffset 0 endOffset 11 width 77.76: "just a text"
      LayoutSVGText {text} at (98.84,1302) size 78.92x23 contains 1 chunk(s)
        LayoutSVGInlineText {#text} at (98.84,1302) size 78.92x23
          chunk 1 text run 1 at (100.00,1320.00) startOffset 0 endOffset 11 width 77.76: "just a text"
      LayoutSVGText {text} at (198.84,1302) size 78.92x23 contains 1 chunk(s)
        LayoutSVGInlineText {#text} at (198.84,1302) size 78.92x23
          chunk 1 text run 1 at (200.00,1320.00) startOffset 0 endOffset 11 width 77.76: "just a text"
      LayoutSVGText {text} at (298.84,1302) size 78.92x23 contains 1 chunk(s)
        LayoutSVGInlineText {#text} at (298.84,1302) size 78.92x23
          chunk 1 text run 1 at (300.00,1320.00) startOffset 0 endOffset 11 width 77.76: "just a text"
      LayoutSVGText {text} at (398.84,1302) size 78.92x23 contains 1 chunk(s)
        LayoutSVGInlineText {#text} at (398.84,1302) size 78.92x23
          chunk 1 text run 1 at (400.00,1320.00) startOffset 0 endOffset 11 width 77.76: "just a text"
      LayoutSVGText {text} at (498.84,1302) size 78.92x23 contains 1 chunk(s)
        LayoutSVGInlineText {#text} at (498.84,1302) size 78.92x23
          chunk 1 text run 1 at (500.00,1320.00) startOffset 0 endOffset 11 width 77.76: "just a text"
      LayoutSVGText {text} at (598.84,1302) size 78.92x23 contains 1 chunk(s)
        LayoutSVGInlineText {#text} at (598.84,1302) size 78.92x23
          chunk 1 text run 1 at (600.00,1320.00) startOffset 0 endOffset 11 width 77.76: "just a text"
      LayoutSVGText {text} at (698.84,1302) size 78.92x23 contains 1 chunk(s)
        LayoutSVGInlineText {#text} at (698.84,1302) size 78.92x23
          chunk 1 text run 1 at (700.00,1320.00) startOffset 0 endOffset 11 width 77.76: "just a text"
      LayoutSVGText {text} at (798.84,1302) size 78.92x23 contains 1 chunk(s)
        LayoutSVGInlineText {#text} at (798.84,1302) size 78.92x23
          chunk 1 text run 1 at (800.00,1320.00) startOffset 0 endOffset 11 width 77.76: "just a text"
      LayoutSVGText {text} at (898.84,1302) size 78.92x23 contains 1 chunk(s)
        LayoutSVGInlineText {#text} at (898.84,1302) size 78.92x23
          chunk 1 text run 1 at (900.00,1320.00) startOffset 0 endOffset 11 width 77.76: "just a text"
      LayoutSVGText {text} at (998.84,1302) size 78.92x23 contains 1 chunk(s)
        LayoutSVGInlineText {#text} at (998.84,1302) size 78.92x23
          chunk 1 text run 1 at (1000.00,1320.00) startOffset 0 endOffset 11 width 77.76: "just a text"
      LayoutSVGText {text} at (1098.84,1302) size 78.92x23 contains 1 chunk(s)
        LayoutSVGInlineText {#text} at (1098.84,1302) size 78.92x23
          chunk 1 text run 1 at (1100.00,1320.00) startOffset 0 endOffset 11 width 77.76: "just a text"
      LayoutSVGText {text} at (1198.84,1302) size 78.92x23 contains 1 chunk(s)
        LayoutSVGInlineText {#text} at (1198.84,1302) size 78.92x23
          chunk 1 text run 1 at (1200.00,1320.00) startOffset 0 endOffset 11 width 77.76: "just a text"
      LayoutSVGText {text} at (1298.84,1302) size 78.92x23 contains 1 chunk(s)
        LayoutSVGInlineText {#text} at (1298.84,1302) size 78.92x23
          chunk 1 text run 1 at (1300.00,1320.00) startOffset 0 endOffset 11 width 77.76: "just a text"
      LayoutSVGText {text} at (1398.84,1302) size 78.92x23 contains 1 chunk(s)
        LayoutSVGInlineText {#text} at (1398.84,1302) size 78.92x23
          chunk 1 text run 1 at (1400.00,1320.00) startOffset 0 endOffset 11 width 77.76: "just a text"
      LayoutSVGText {text} at (1498.84,1302) size 78.92x23 contains 1 chunk(s)
        LayoutSVGInlineText {#text} at (1498.84,1302) size 78.92x23
          chunk 1 text run 1 at (1500.00,1320.00) startOffset 0 endOffset 11 width 77.76: "just a text"
      LayoutSVGText {text} at (1598.84,1302) size 78.92x23 contains 1 chunk(s)
        LayoutSVGInlineText {#text} at (1598.84,1302) size 78.92x23
          chunk 1 text run 1 at (1600.00,1320.00) startOffset 0 endOffset 11 width 77.76: "just a text"
      LayoutSVGText {text} at (1698.84,1302) size 78.92x23 contains 1 chunk(s)
        LayoutSVGInlineText {#text} at (1698.84,1302) size 78.92x23
          chunk 1 text run 1 at (1700.00,1320.00) startOffset 0 endOffset 11 width 77.76: "just a text"
      LayoutSVGText {text} at (1798.84,1302) size 78.92x23 contains 1 chunk(s)
        LayoutSVGInlineText {#text} at (1798.84,1302) size 78.92x23
          chunk 1 text run 1 at (1800.00,1320.00) startOffset 0 endOffset 11 width 77.76: "just a text"
      LayoutSVGText {text} at (1898.84,1302) size 78.92x23 contains 1 chunk(s)
        LayoutSVGInlineText {#text} at (1898.84,1302) size 78.92x23
          chunk 1 text run 1 at (1900.00,1320.00) startOffset 0 endOffset 11 width 77.76: "just a text"
      LayoutSVGText {text} at (1998.84,1302) size 78.92x23 contains 1 chunk(s)
        LayoutSVGInlineText {#text} at (1998.84,1302) size 78.92x23
          chunk 1 text run 1 at (2000.00,1320.00) startOffset 0 endOffset 11 width 77.76: "just a text"
      LayoutSVGText {text} at (2098.84,1302) size 78.92x23 contains 1 chunk(s)
        LayoutSVGInlineText {#text} at (2098.84,1302) size 78.92x23
          chunk 1 text run 1 at (2100.00,1320.00) startOffset 0 endOffset 11 width 77.76: "just a text"
      LayoutSVGText {text} at (2198.84,1302) size 78.92x23 contains 1 chunk(s)
        LayoutSVGInlineText {#text} at (2198.84,1302) size 78.92x23
          chunk 1 text run 1 at (2200.00,1320.00) startOffset 0 endOffset 11 width 77.76: "just a text"
      LayoutSVGText {text} at (2298.84,1302) size 78.92x23 contains 1 chunk(s)
        LayoutSVGInlineText {#text} at (2298.84,1302) size 78.92x23
          chunk 1 text run 1 at (2300.00,1320.00) startOffset 0 endOffset 11 width 77.76: "just a text"
      LayoutSVGText {text} at (2398.84,1302) size 78.92x23 contains 1 chunk(s)
        LayoutSVGInlineText {#text} at (2398.84,1302) size 78.92x23
          chunk 1 text run 1 at (2400.00,1320.00) startOffset 0 endOffset 11 width 77.76: "just a text"
      LayoutSVGText {text} at (2498.84,1302) size 78.92x23 contains 1 chunk(s)
        LayoutSVGInlineText {#text} at (2498.84,1302) size 78.92x23
          chunk 1 text run 1 at (2500.00,1320.00) startOffset 0 endOffset 11 width 77.76: "just a text"
      LayoutSVGText {text} at (2598.84,1302) size 78.92x23 contains 1 chunk(s)
        LayoutSVGInlineText {#text} at (2598.84,1302) size 78.92x23
          chunk 1 text run 1 at (2600.00,1320.00) startOffset 0 endOffset 11 width 77.76: "just a text"
      LayoutSVGText {text} at (2698.84,1302) size 78.92x23 contains 1 chunk(s)
        LayoutSVGInlineText {#text} at (2698.84,1302) size 78.92x23
          chunk 1 text run 1 at (2700.00,1320.00) startOffset 0 endOffset 11 width 77.76: "just a text"
      LayoutSVGText {text} at (2798.84,1302) size 78.92x23 contains 1 chunk(s)
        LayoutSVGInlineText {#text} at (2798.84,1302) size 78.92x23
          chunk 1 text run 1 at (2800.00,1320.00) startOffset 0 endOffset 11 width 77.76: "just a text"
      LayoutSVGText {text} at (2898.84,1302) size 78.92x23 contains 1 chunk(s)
        LayoutSVGInlineText {#text} at (2898.84,1302) size 78.92x23
          chunk 1 text run 1 at (2900.00,1320.00) startOffset 0 endOffset 11 width 77.76: "just a text"
      LayoutSVGText {text} at (2998.84,1302) size 78.92x23 contains 1 chunk(s)
        LayoutSVGInlineText {#text} at (2998.84,1302) size 78.92x23
          chunk 1 text run 1 at (3000.00,1320.00) startOffset 0 endOffset 11 width 77.76: "just a text"
      LayoutSVGText {text} at (3098.84,1302) size 78.92x23 contains 1 chunk(s)
        LayoutSVGInlineText {#text} at (3098.84,1302) size 78.92x23
          chunk 1 text run 1 at (3100.00,1320.00) startOffset 0 endOffset 11 width 77.76: "just a text"
      LayoutSVGText {text} at (3198.84,1302) size 78.92x23 contains 1 chunk(s)
        LayoutSVGInlineText {#text} at (3198.84,1302) size 78.92x23
          chunk 1 text run 1 at (3200.00,1320.00) startOffset 0 endOffset 11 width 77.76: "just a text"
      LayoutSVGText {text} at (3298.84,1302) size 78.92x23 contains 1 chunk(s)
        LayoutSVGInlineText {#text} at (3298.84,1302) size 78.92x23
          chunk 1 text run 1 at (3300.00,1320.00) startOffset 0 endOffset 11 width 77.76: "just a text"
      LayoutSVGText {text} at (3398.84,1302) size 78.92x23 contains 1 chunk(s)
        LayoutSVGInlineText {#text} at (3398.84,1302) size 78.92x23
          chunk 1 text run 1 at (3400.00,1320.00) startOffset 0 endOffset 11 width 77.76: "just a text"
      LayoutSVGText {text} at (3498.84,1302) size 78.92x23 contains 1 chunk(s)
        LayoutSVGInlineText {#text} at (3498.84,1302) size 78.92x23
          chunk 1 text run 1 at (3500.00,1320.00) startOffset 0 endOffset 11 width 77.76: "just a text"
      LayoutSVGText {text} at (3598.84,1302) size 78.92x23 contains 1 chunk(s)
        LayoutSVGInlineText {#text} at (3598.84,1302) size 78.92x23
          chunk 1 text run 1 at (3600.00,1320.00) startOffset 0 endOffset 11 width 77.76: "just a text"
      LayoutSVGText {text} at (3698.84,1302) size 78.92x23 contains 1 chunk(s)
        LayoutSVGInlineText {#text} at (3698.84,1302) size 78.92x23
          chunk 1 text run 1 at (3700.00,1320.00) startOffset 0 endOffset 11 width 77.76: "just a text"
      LayoutSVGText {text} at (3798.84,1302) size 78.92x23 contains 1 chunk(s)
        LayoutSVGInlineText {#text} at (3798.84,1302) size 78.92x23
          chunk 1 text run 1 at (3800.00,1320.00) startOffset 0 endOffset 11 width 77.76: "just a text"
      LayoutSVGText {text} at (3898.84,1302) size 78.92x23 contains 1 chunk(s)
        LayoutSVGInlineText {#text} at (3898.84,1302) size 78.92x23
          chunk 1 text run 1 at (3900.00,1320.00) startOffset 0 endOffset 11 width 77.76: "just a text"
      LayoutSVGText {text} at (3998.84,1302) size 78.92x23 contains 1 chunk(s)
        LayoutSVGInlineText {#text} at (3998.84,1302) size 78.92x23
          chunk 1 text run 1 at (4000.00,1320.00) startOffset 0 endOffset 11 width 77.76: "just a text"
      LayoutSVGText {text} at (4098.84,1302) size 78.92x23 contains 1 chunk(s)
        LayoutSVGInlineText {#text} at (4098.84,1302) size 78.92x23
          chunk 1 text run 1 at (4100.00,1320.00) startOffset 0 endOffset 11 width 77.76: "just a text"
      LayoutSVGText {text} at (4198.84,1302) size 78.92x23 contains 1 chunk(s)
        LayoutSVGInlineText {#text} at (4198.84,1302) size 78.92x23
          chunk 1 text run 1 at (4200.00,1320.00) startOffset 0 endOffset 11 width 77.76: "just a text"
      LayoutSVGText {text} at (4298.84,1302) size 78.92x23 contains 1 chunk(s)
        LayoutSVGInlineText {#text} at (4298.84,1302) size 78.92x23
          chunk 1 text run 1 at (4300.00,1320.00) startOffset 0 endOffset 11 width 77.76: "just a text"
      LayoutSVGText {text} at (4398.84,1302) size 78.92x23 contains 1 chunk(s)
        LayoutSVGInlineText {#text} at (4398.84,1302) size 78.92x23
          chunk 1 text run 1 at (4400.00,1320.00) startOffset 0 endOffset 11 width 77.76: "just a text"
      LayoutSVGText {text} at (4498.84,1302) size 78.92x23 contains 1 chunk(s)
        LayoutSVGInlineText {#text} at (4498.84,1302) size 78.92x23
          chunk 1 text run 1 at (4500.00,1320.00) startOffset 0 endOffset 11 width 77.76: "just a text"
      LayoutSVGText {text} at (4598.84,1302) size 78.92x23 contains 1 chunk(s)
        LayoutSVGInlineText {#text} at (4598.84,1302) size 78.92x23
          chunk 1 text run 1 at (4600.00,1320.00) startOffset 0 endOffset 11 width 77.76: "just a text"
      LayoutSVGText {text} at (4698.84,1302) size 78.92x23 contains 1 chunk(s)
        LayoutSVGInlineText {#text} at (4698.84,1302) size 78.92x23
          chunk 1 text run 1 at (4700.00,1320.00) startOffset 0 endOffset 11 width 77.76: "just a text"
      LayoutSVGText {text} at (4798.84,1302) size 78.92x23 contains 1 chunk(s)
        LayoutSVGInlineText {#text} at (4798.84,1302) size 78.92x23
          chunk 1 text run 1 at (4800.00,1320.00) startOffset 0 endOffset 11 width 77.76: "just a text"
      LayoutSVGText {text} at (4898.84,1302) size 78.92x23 contains 1 chunk(s)
        LayoutSVGInlineText {#text} at (4898.84,1302) size 78.92x23
          chunk 1 text run 1 at (4900.00,1320.00) startOffset 0 endOffset 11 width 77.76: "just a text"
      LayoutSVGText {text} at (-1.14,1402) size 78.92x23 contains 1 chunk(s)
        LayoutSVGInlineText {#text} at (-1.14,1402) size 78.92x23
          chunk 1 text run 1 at (0.00,1420.00) startOffset 0 endOffset 11 width 77.76: "just a text"
      LayoutSVGText {text} at (98.84,1402) size 78.92x23 contains 1 chunk(s)
        LayoutSVGInlineText {#text} at (98.84,1402) size 78.92x23
          chunk 1 text run 1 at (100.00,1420.00) startOffset 0 endOffset 11 width 77.76: "just a text"
      LayoutSVGText {text} at (198.84,1402) size 78.92x23 contains 1 chunk(s)
        LayoutSVGInlineText {#text} at (198.84,1402) size 78.92x23
          chunk 1 text run 1 at (200.00,1420.00) startOffset 0 endOffset 11 width 77.76: "just a text"
      LayoutSVGText {text} at (298.84,1402) size 78.92x23 contains 1 chunk(s)
        LayoutSVGInlineText {#text} at (298.84,1402) size 78.92x23
          chunk 1 text run 1 at (300.00,1420.00) startOffset 0 endOffset 11 width 77.76: "just a text"
      LayoutSVGText {text} at (398.84,1402) size 78.92x23 contains 1 chunk(s)
        LayoutSVGInlineText {#text} at (398.84,1402) size 78.92x23
          chunk 1 text run 1 at (400.00,1420.00) startOffset 0 endOffset 11 width 77.76: "just a text"
      LayoutSVGText {text} at (498.84,1402) size 78.92x23 contains 1 chunk(s)
        LayoutSVGInlineText {#text} at (498.84,1402) size 78.92x23
          chunk 1 text run 1 at (500.00,1420.00) startOffset 0 endOffset 11 width 77.76: "just a text"
      LayoutSVGText {text} at (598.84,1402) size 78.92x23 contains 1 chunk(s)
        LayoutSVGInlineText {#text} at (598.84,1402) size 78.92x23
          chunk 1 text run 1 at (600.00,1420.00) startOffset 0 endOffset 11 width 77.76: "just a text"
      LayoutSVGText {text} at (698.84,1402) size 78.92x23 contains 1 chunk(s)
        LayoutSVGInlineText {#text} at (698.84,1402) size 78.92x23
          chunk 1 text run 1 at (700.00,1420.00) startOffset 0 endOffset 11 width 77.76: "just a text"
      LayoutSVGText {text} at (798.84,1402) size 78.92x23 contains 1 chunk(s)
        LayoutSVGInlineText {#text} at (798.84,1402) size 78.92x23
          chunk 1 text run 1 at (800.00,1420.00) startOffset 0 endOffset 11 width 77.76: "just a text"
      LayoutSVGText {text} at (898.84,1402) size 78.92x23 contains 1 chunk(s)
        LayoutSVGInlineText {#text} at (898.84,1402) size 78.92x23
          chunk 1 text run 1 at (900.00,1420.00) startOffset 0 endOffset 11 width 77.76: "just a text"
      LayoutSVGText {text} at (998.84,1402) size 78.92x23 contains 1 chunk(s)
        LayoutSVGInlineText {#text} at (998.84,1402) size 78.92x23
          chunk 1 text run 1 at (1000.00,1420.00) startOffset 0 endOffset 11 width 77.76: "just a text"
      LayoutSVGText {text} at (1098.84,1402) size 78.92x23 contains 1 chunk(s)
        LayoutSVGInlineText {#text} at (1098.84,1402) size 78.92x23
          chunk 1 text run 1 at (1100.00,1420.00) startOffset 0 endOffset 11 width 77.76: "just a text"
      LayoutSVGText {text} at (1198.84,1402) size 78.92x23 contains 1 chunk(s)
        LayoutSVGInlineText {#text} at (1198.84,1402) size 78.92x23
          chunk 1 text run 1 at (1200.00,1420.00) startOffset 0 endOffset 11 width 77.76: "just a text"
      LayoutSVGText {text} at (1298.84,1402) size 78.92x23 contains 1 chunk(s)
        LayoutSVGInlineText {#text} at (1298.84,1402) size 78.92x23
          chunk 1 text run 1 at (1300.00,1420.00) startOffset 0 endOffset 11 width 77.76: "just a text"
      LayoutSVGText {text} at (1398.84,1402) size 78.92x23 contains 1 chunk(s)
        LayoutSVGInlineText {#text} at (1398.84,1402) size 78.92x23
          chunk 1 text run 1 at (1400.00,1420.00) startOffset 0 endOffset 11 width 77.76: "just a text"
      LayoutSVGText {text} at (1498.84,1402) size 78.92x23 contains 1 chunk(s)
        LayoutSVGInlineText {#text} at (1498.84,1402) size 78.92x23
          chunk 1 text run 1 at (1500.00,1420.00) startOffset 0 endOffset 11 width 77.76: "just a text"
      LayoutSVGText {text} at (1598.84,1402) size 78.92x23 contains 1 chunk(s)
        LayoutSVGInlineText {#text} at (1598.84,1402) size 78.92x23
          chunk 1 text run 1 at (1600.00,1420.00) startOffset 0 endOffset 11 width 77.76: "just a text"
      LayoutSVGText {text} at (1698.84,1402) size 78.92x23 contains 1 chunk(s)
        LayoutSVGInlineText {#text} at (1698.84,1402) size 78.92x23
          chunk 1 text run 1 at (1700.00,1420.00) startOffset 0 endOffset 11 width 77.76: "just a text"
      LayoutSVGText {text} at (1798.84,1402) size 78.92x23 contains 1 chunk(s)
        LayoutSVGInlineText {#text} at (1798.84,1402) size 78.92x23
          chunk 1 text run 1 at (1800.00,1420.00) startOffset 0 endOffset 11 width 77.76: "just a text"
      LayoutSVGText {text} at (1898.84,1402) size 78.92x23 contains 1 chunk(s)
        LayoutSVGInlineText {#text} at (1898.84,1402) size 78.92x23
          chunk 1 text run 1 at (1900.00,1420.00) startOffset 0 endOffset 11 width 77.76: "just a text"
      LayoutSVGText {text} at (1998.84,1402) size 78.92x23 contains 1 chunk(s)
        LayoutSVGInlineText {#text} at (1998.84,1402) size 78.92x23
          chunk 1 text run 1 at (2000.00,1420.00) startOffset 0 endOffset 11 width 77.76: "just a text"
      LayoutSVGText {text} at (2098.84,1402) size 78.92x23 contains 1 chunk(s)
        LayoutSVGInlineText {#text} at (2098.84,1402) size 78.92x23
          chunk 1 text run 1 at (2100.00,1420.00) startOffset 0 endOffset 11 width 77.76: "just a text"
      LayoutSVGText {text} at (2198.84,1402) size 78.92x23 contains 1 chunk(s)
        LayoutSVGInlineText {#text} at (2198.84,1402) size 78.92x23
          chunk 1 text run 1 at (2200.00,1420.00) startOffset 0 endOffset 11 width 77.76: "just a text"
      LayoutSVGText {text} at (2298.84,1402) size 78.92x23 contains 1 chunk(s)
        LayoutSVGInlineText {#text} at (2298.84,1402) size 78.92x23
          chunk 1 text run 1 at (2300.00,1420.00) startOffset 0 endOffset 11 width 77.76: "just a text"
      LayoutSVGText {text} at (2398.84,1402) size 78.92x23 contains 1 chunk(s)
        LayoutSVGInlineText {#text} at (2398.84,1402) size 78.92x23
          chunk 1 text run 1 at (2400.00,1420.00) startOffset 0 endOffset 11 width 77.76: "just a text"
      LayoutSVGText {text} at (2498.84,1402) size 78.92x23 contains 1 chunk(s)
        LayoutSVGInlineText {#text} at (2498.84,1402) size 78.92x23
          chunk 1 text run 1 at (2500.00,1420.00) startOffset 0 endOffset 11 width 77.76: "just a text"
      LayoutSVGText {text} at (2598.84,1402) size 78.92x23 contains 1 chunk(s)
        LayoutSVGInlineText {#text} at (2598.84,1402) size 78.92x23
          chunk 1 text run 1 at (2600.00,1420.00) startOffset 0 endOffset 11 width 77.76: "just a text"
      LayoutSVGText {text} at (2698.84,1402) size 78.92x23 contains 1 chunk(s)
        LayoutSVGInlineText {#text} at (2698.84,1402) size 78.92x23
          chunk 1 text run 1 at (2700.00,1420.00) startOffset 0 endOffset 11 width 77.76: "just a text"
      LayoutSVGText {text} at (2798.84,1402) size 78.92x23 contains 1 chunk(s)
        LayoutSVGInlineText {#text} at (2798.84,1402) size 78.92x23
          chunk 1 text run 1 at (2800.00,1420.00) startOffset 0 endOffset 11 width 77.76: "just a text"
      LayoutSVGText {text} at (2898.84,1402) size 78.92x23 contains 1 chunk(s)
        LayoutSVGInlineText {#text} at (2898.84,1402) size 78.92x23
          chunk 1 text run 1 at (2900.00,1420.00) startOffset 0 endOffset 11 width 77.76: "just a text"
      LayoutSVGText {text} at (2998.84,1402) size 78.92x23 contains 1 chunk(s)
        LayoutSVGInlineText {#text} at (2998.84,1402) size 78.92x23
          chunk 1 text run 1 at (3000.00,1420.00) startOffset 0 endOffset 11 width 77.76: "just a text"
      LayoutSVGText {text} at (3098.84,1402) size 78.92x23 contains 1 chunk(s)
        LayoutSVGInlineText {#text} at (3098.84,1402) size 78.92x23
          chunk 1 text run 1 at (3100.00,1420.00) startOffset 0 endOffset 11 width 77.76: "just a text"
      LayoutSVGText {text} at (3198.84,1402) size 78.92x23 contains 1 chunk(s)
        LayoutSVGInlineText {#text} at (3198.84,1402) size 78.92x23
          chunk 1 text run 1 at (3200.00,1420.00) startOffset 0 endOffset 11 width 77.76: "just a text"
      LayoutSVGText {text} at (3298.84,1402) size 78.92x23 contains 1 chunk(s)
        LayoutSVGInlineText {#text} at (3298.84,1402) size 78.92x23
          chunk 1 text run 1 at (3300.00,1420.00) startOffset 0 endOffset 11 width 77.76: "just a text"
      LayoutSVGText {text} at (3398.84,1402) size 78.92x23 contains 1 chunk(s)
        LayoutSVGInlineText {#text} at (3398.84,1402) size 78.92x23
          chunk 1 text run 1 at (3400.00,1420.00) startOffset 0 endOffset 11 width 77.76: "just a text"
      LayoutSVGText {text} at (3498.84,1402) size 78.92x23 contains 1 chunk(s)
        LayoutSVGInlineText {#text} at (3498.84,1402) size 78.92x23
          chunk 1 text run 1 at (3500.00,1420.00) startOffset 0 endOffset 11 width 77.76: "just a text"
      LayoutSVGText {text} at (3598.84,1402) size 78.92x23 contains 1 chunk(s)
        LayoutSVGInlineText {#text} at (3598.84,1402) size 78.92x23
          chunk 1 text run 1 at (3600.00,1420.00) startOffset 0 endOffset 11 width 77.76: "just a text"
      LayoutSVGText {text} at (3698.84,1402) size 78.92x23 contains 1 chunk(s)
        LayoutSVGInlineText {#text} at (3698.84,1402) size 78.92x23
          chunk 1 text run 1 at (3700.00,1420.00) startOffset 0 endOffset 11 width 77.76: "just a text"
      LayoutSVGText {text} at (3798.84,1402) size 78.92x23 contains 1 chunk(s)
        LayoutSVGInlineText {#text} at (3798.84,1402) size 78.92x23
          chunk 1 text run 1 at (3800.00,1420.00) startOffset 0 endOffset 11 width 77.76: "just a text"
      LayoutSVGText {text} at (3898.84,1402) size 78.92x23 contains 1 chunk(s)
        LayoutSVGInlineText {#text} at (3898.84,1402) size 78.92x23
          chunk 1 text run 1 at (3900.00,1420.00) startOffset 0 endOffset 11 width 77.76: "just a text"
      LayoutSVGText {text} at (3998.84,1402) size 78.92x23 contains 1 chunk(s)
        LayoutSVGInlineText {#text} at (3998.84,1402) size 78.92x23
          chunk 1 text run 1 at (4000.00,1420.00) startOffset 0 endOffset 11 width 77.76: "just a text"
      LayoutSVGText {text} at (4098.84,1402) size 78.92x23 contains 1 chunk(s)
        LayoutSVGInlineText {#text} at (4098.84,1402) size 78.92x23
          chunk 1 text run 1 at (4100.00,1420.00) startOffset 0 endOffset 11 width 77.76: "just a text"
      LayoutSVGText {text} at (4198.84,1402) size 78.92x23 contains 1 chunk(s)
        LayoutSVGInlineText {#text} at (4198.84,1402) size 78.92x23
          chunk 1 text run 1 at (4200.00,1420.00) startOffset 0 endOffset 11 width 77.76: "just a text"
      LayoutSVGText {text} at (4298.84,1402) size 78.92x23 contains 1 chunk(s)
        LayoutSVGInlineText {#text} at (4298.84,1402) size 78.92x23
          chunk 1 text run 1 at (4300.00,1420.00) startOffset 0 endOffset 11 width 77.76: "just a text"
      LayoutSVGText {text} at (4398.84,1402) size 78.92x23 contains 1 chunk(s)
        LayoutSVGInlineText {#text} at (4398.84,1402) size 78.92x23
          chunk 1 text run 1 at (4400.00,1420.00) startOffset 0 endOffset 11 width 77.76: "just a text"
      LayoutSVGText {text} at (4498.84,1402) size 78.92x23 contains 1 chunk(s)
        LayoutSVGInlineText {#text} at (4498.84,1402) size 78.92x23
          chunk 1 text run 1 at (4500.00,1420.00) startOffset 0 endOffset 11 width 77.76: "just a text"
      LayoutSVGText {text} at (4598.84,1402) size 78.92x23 contains 1 chunk(s)
        LayoutSVGInlineText {#text} at (4598.84,1402) size 78.92x23
          chunk 1 text run 1 at (4600.00,1420.00) startOffset 0 endOffset 11 width 77.76: "just a text"
      LayoutSVGText {text} at (4698.84,1402) size 78.92x23 contains 1 chunk(s)
        LayoutSVGInlineText {#text} at (4698.84,1402) size 78.92x23
          chunk 1 text run 1 at (4700.00,1420.00) startOffset 0 endOffset 11 width 77.76: "just a text"
      LayoutSVGText {text} at (4798.84,1402) size 78.92x23 contains 1 chunk(s)
        LayoutSVGInlineText {#text} at (4798.84,1402) size 78.92x23
          chunk 1 text run 1 at (4800.00,1420.00) startOffset 0 endOffset 11 width 77.76: "just a text"
      LayoutSVGText {text} at (4898.84,1402) size 78.92x23 contains 1 chunk(s)
        LayoutSVGInlineText {#text} at (4898.84,1402) size 78.92x23
          chunk 1 text run 1 at (4900.00,1420.00) startOffset 0 endOffset 11 width 77.76: "just a text"
      LayoutSVGText {text} at (-1.14,1502) size 78.92x23 contains 1 chunk(s)
        LayoutSVGInlineText {#text} at (-1.14,1502) size 78.92x23
          chunk 1 text run 1 at (0.00,1520.00) startOffset 0 endOffset 11 width 77.76: "just a text"
      LayoutSVGText {text} at (98.84,1502) size 78.92x23 contains 1 chunk(s)
        LayoutSVGInlineText {#text} at (98.84,1502) size 78.92x23
          chunk 1 text run 1 at (100.00,1520.00) startOffset 0 endOffset 11 width 77.76: "just a text"
      LayoutSVGText {text} at (198.84,1502) size 78.92x23 contains 1 chunk(s)
        LayoutSVGInlineText {#text} at (198.84,1502) size 78.92x23
          chunk 1 text run 1 at (200.00,1520.00) startOffset 0 endOffset 11 width 77.76: "just a text"
      LayoutSVGText {text} at (298.84,1502) size 78.92x23 contains 1 chunk(s)
        LayoutSVGInlineText {#text} at (298.84,1502) size 78.92x23
          chunk 1 text run 1 at (300.00,1520.00) startOffset 0 endOffset 11 width 77.76: "just a text"
      LayoutSVGText {text} at (398.84,1502) size 78.92x23 contains 1 chunk(s)
        LayoutSVGInlineText {#text} at (398.84,1502) size 78.92x23
          chunk 1 text run 1 at (400.00,1520.00) startOffset 0 endOffset 11 width 77.76: "just a text"
      LayoutSVGText {text} at (498.84,1502) size 78.92x23 contains 1 chunk(s)
        LayoutSVGInlineText {#text} at (498.84,1502) size 78.92x23
          chunk 1 text run 1 at (500.00,1520.00) startOffset 0 endOffset 11 width 77.76: "just a text"
      LayoutSVGText {text} at (598.84,1502) size 78.92x23 contains 1 chunk(s)
        LayoutSVGInlineText {#text} at (598.84,1502) size 78.92x23
          chunk 1 text run 1 at (600.00,1520.00) startOffset 0 endOffset 11 width 77.76: "just a text"
      LayoutSVGText {text} at (698.84,1502) size 78.92x23 contains 1 chunk(s)
        LayoutSVGInlineText {#text} at (698.84,1502) size 78.92x23
          chunk 1 text run 1 at (700.00,1520.00) startOffset 0 endOffset 11 width 77.76: "just a text"
      LayoutSVGText {text} at (798.84,1502) size 78.92x23 contains 1 chunk(s)
        LayoutSVGInlineText {#text} at (798.84,1502) size 78.92x23
          chunk 1 text run 1 at (800.00,1520.00) startOffset 0 endOffset 11 width 77.76: "just a text"
      LayoutSVGText {text} at (898.84,1502) size 78.92x23 contains 1 chunk(s)
        LayoutSVGInlineText {#text} at (898.84,1502) size 78.92x23
          chunk 1 text run 1 at (900.00,1520.00) startOffset 0 endOffset 11 width 77.76: "just a text"
      LayoutSVGText {text} at (998.84,1502) size 78.92x23 contains 1 chunk(s)
        LayoutSVGInlineText {#text} at (998.84,1502) size 78.92x23
          chunk 1 text run 1 at (1000.00,1520.00) startOffset 0 endOffset 11 width 77.76: "just a text"
      LayoutSVGText {text} at (1098.84,1502) size 78.92x23 contains 1 chunk(s)
        LayoutSVGInlineText {#text} at (1098.84,1502) size 78.92x23
          chunk 1 text run 1 at (1100.00,1520.00) startOffset 0 endOffset 11 width 77.76: "just a text"
      LayoutSVGText {text} at (1198.84,1502) size 78.92x23 contains 1 chunk(s)
        LayoutSVGInlineText {#text} at (1198.84,1502) size 78.92x23
          chunk 1 text run 1 at (1200.00,1520.00) startOffset 0 endOffset 11 width 77.76: "just a text"
      LayoutSVGText {text} at (1298.84,1502) size 78.92x23 contains 1 chunk(s)
        LayoutSVGInlineText {#text} at (1298.84,1502) size 78.92x23
          chunk 1 text run 1 at (1300.00,1520.00) startOffset 0 endOffset 11 width 77.76: "just a text"
      LayoutSVGText {text} at (1398.84,1502) size 78.92x23 contains 1 chunk(s)
        LayoutSVGInlineText {#text} at (1398.84,1502) size 78.92x23
          chunk 1 text run 1 at (1400.00,1520.00) startOffset 0 endOffset 11 width 77.76: "just a text"
      LayoutSVGText {text} at (1498.84,1502) size 78.92x23 contains 1 chunk(s)
        LayoutSVGInlineText {#text} at (1498.84,1502) size 78.92x23
          chunk 1 text run 1 at (1500.00,1520.00) startOffset 0 endOffset 11 width 77.76: "just a text"
      LayoutSVGText {text} at (1598.84,1502) size 78.92x23 contains 1 chunk(s)
        LayoutSVGInlineText {#text} at (1598.84,1502) size 78.92x23
          chunk 1 text run 1 at (1600.00,1520.00) startOffset 0 endOffset 11 width 77.76: "just a text"
      LayoutSVGText {text} at (1698.84,1502) size 78.92x23 contains 1 chunk(s)
        LayoutSVGInlineText {#text} at (1698.84,1502) size 78.92x23
          chunk 1 text run 1 at (1700.00,1520.00) startOffset 0 endOffset 11 width 77.76: "just a text"
      LayoutSVGText {text} at (1798.84,1502) size 78.92x23 contains 1 chunk(s)
        LayoutSVGInlineText {#text} at (1798.84,1502) size 78.92x23
          chunk 1 text run 1 at (1800.00,1520.00) startOffset 0 endOffset 11 width 77.76: "just a text"
      LayoutSVGText {text} at (1898.84,1502) size 78.92x23 contains 1 chunk(s)
        LayoutSVGInlineText {#text} at (1898.84,1502) size 78.92x23
          chunk 1 text run 1 at (1900.00,1520.00) startOffset 0 endOffset 11 width 77.76: "just a text"
      LayoutSVGText {text} at (1998.84,1502) size 78.92x23 contains 1 chunk(s)
        LayoutSVGInlineText {#text} at (1998.84,1502) size 78.92x23
          chunk 1 text run 1 at (2000.00,1520.00) startOffset 0 endOffset 11 width 77.76: "just a text"
      LayoutSVGText {text} at (2098.84,1502) size 78.92x23 contains 1 chunk(s)
        LayoutSVGInlineText {#text} at (2098.84,1502) size 78.92x23
          chunk 1 text run 1 at (2100.00,1520.00) startOffset 0 endOffset 11 width 77.76: "just a text"
      LayoutSVGText {text} at (2198.84,1502) size 78.92x23 contains 1 chunk(s)
        LayoutSVGInlineText {#text} at (2198.84,1502) size 78.92x23
          chunk 1 text run 1 at (2200.00,1520.00) startOffset 0 endOffset 11 width 77.76: "just a text"
      LayoutSVGText {text} at (2298.84,1502) size 78.92x23 contains 1 chunk(s)
        LayoutSVGInlineText {#text} at (2298.84,1502) size 78.92x23
          chunk 1 text run 1 at (2300.00,1520.00) startOffset 0 endOffset 11 width 77.76: "just a text"
      LayoutSVGText {text} at (2398.84,1502) size 78.92x23 contains 1 chunk(s)
        LayoutSVGInlineText {#text} at (2398.84,1502) size 78.92x23
          chunk 1 text run 1 at (2400.00,1520.00) startOffset 0 endOffset 11 width 77.76: "just a text"
      LayoutSVGText {text} at (2498.84,1502) size 78.92x23 contains 1 chunk(s)
        LayoutSVGInlineText {#text} at (2498.84,1502) size 78.92x23
          chunk 1 text run 1 at (2500.00,1520.00) startOffset 0 endOffset 11 width 77.76: "just a text"
      LayoutSVGText {text} at (2598.84,1502) size 78.92x23 contains 1 chunk(s)
        LayoutSVGInlineText {#text} at (2598.84,1502) size 78.92x23
          chunk 1 text run 1 at (2600.00,1520.00) startOffset 0 endOffset 11 width 77.76: "just a text"
      LayoutSVGText {text} at (2698.84,1502) size 78.92x23 contains 1 chunk(s)
        LayoutSVGInlineText {#text} at (2698.84,1502) size 78.92x23
          chunk 1 text run 1 at (2700.00,1520.00) startOffset 0 endOffset 11 width 77.76: "just a text"
      LayoutSVGText {text} at (2798.84,1502) size 78.92x23 contains 1 chunk(s)
        LayoutSVGInlineText {#text} at (2798.84,1502) size 78.92x23
          chunk 1 text run 1 at (2800.00,1520.00) startOffset 0 endOffset 11 width 77.76: "just a text"
      LayoutSVGText {text} at (2898.84,1502) size 78.92x23 contains 1 chunk(s)
        LayoutSVGInlineText {#text} at (2898.84,1502) size 78.92x23
          chunk 1 text run 1 at (2900.00,1520.00) startOffset 0 endOffset 11 width 77.76: "just a text"
      LayoutSVGText {text} at (2998.84,1502) size 78.92x23 contains 1 chunk(s)
        LayoutSVGInlineText {#text} at (2998.84,1502) size 78.92x23
          chunk 1 text run 1 at (3000.00,1520.00) startOffset 0 endOffset 11 width 77.76: "just a text"
      LayoutSVGText {text} at (3098.84,1502) size 78.92x23 contains 1 chunk(s)
        LayoutSVGInlineText {#text} at (3098.84,1502) size 78.92x23
          chunk 1 text run 1 at (3100.00,1520.00) startOffset 0 endOffset 11 width 77.76: "just a text"
      LayoutSVGText {text} at (3198.84,1502) size 78.92x23 contains 1 chunk(s)
        LayoutSVGInlineText {#text} at (3198.84,1502) size 78.92x23
          chunk 1 text run 1 at (3200.00,1520.00) startOffset 0 endOffset 11 width 77.76: "just a text"
      LayoutSVGText {text} at (3298.84,1502) size 78.92x23 contains 1 chunk(s)
        LayoutSVGInlineText {#text} at (3298.84,1502) size 78.92x23
          chunk 1 text run 1 at (3300.00,1520.00) startOffset 0 endOffset 11 width 77.76: "just a text"
      LayoutSVGText {text} at (3398.84,1502) size 78.92x23 contains 1 chunk(s)
        LayoutSVGInlineText {#text} at (3398.84,1502) size 78.92x23
          chunk 1 text run 1 at (3400.00,1520.00) startOffset 0 endOffset 11 width 77.76: "just a text"
      LayoutSVGText {text} at (3498.84,1502) size 78.92x23 contains 1 chunk(s)
        LayoutSVGInlineText {#text} at (3498.84,1502) size 78.92x23
          chunk 1 text run 1 at (3500.00,1520.00) startOffset 0 endOffset 11 width 77.76: "just a text"
      LayoutSVGText {text} at (3598.84,1502) size 78.92x23 contains 1 chunk(s)
        LayoutSVGInlineText {#text} at (3598.84,1502) size 78.92x23
          chunk 1 text run 1 at (3600.00,1520.00) startOffset 0 endOffset 11 width 77.76: "just a text"
      LayoutSVGText {text} at (3698.84,1502) size 78.92x23 contains 1 chunk(s)
        LayoutSVGInlineText {#text} at (3698.84,1502) size 78.92x23
          chunk 1 text run 1 at (3700.00,1520.00) startOffset 0 endOffset 11 width 77.76: "just a text"
      LayoutSVGText {text} at (3798.84,1502) size 78.92x23 contains 1 chunk(s)
        LayoutSVGInlineText {#text} at (3798.84,1502) size 78.92x23
          chunk 1 text run 1 at (3800.00,1520.00) startOffset 0 endOffset 11 width 77.76: "just a text"
      LayoutSVGText {text} at (3898.84,1502) size 78.92x23 contains 1 chunk(s)
        LayoutSVGInlineText {#text} at (3898.84,1502) size 78.92x23
          chunk 1 text run 1 at (3900.00,1520.00) startOffset 0 endOffset 11 width 77.76: "just a text"
      LayoutSVGText {text} at (3998.84,1502) size 78.92x23 contains 1 chunk(s)
        LayoutSVGInlineText {#text} at (3998.84,1502) size 78.92x23
          chunk 1 text run 1 at (4000.00,1520.00) startOffset 0 endOffset 11 width 77.76: "just a text"
      LayoutSVGText {text} at (4098.84,1502) size 78.92x23 contains 1 chunk(s)
        LayoutSVGInlineText {#text} at (4098.84,1502) size 78.92x23
          chunk 1 text run 1 at (4100.00,1520.00) startOffset 0 endOffset 11 width 77.76: "just a text"
      LayoutSVGText {text} at (4198.84,1502) size 78.92x23 contains 1 chunk(s)
        LayoutSVGInlineText {#text} at (4198.84,1502) size 78.92x23
          chunk 1 text run 1 at (4200.00,1520.00) startOffset 0 endOffset 11 width 77.76: "just a text"
      LayoutSVGText {text} at (4298.84,1502) size 78.92x23 contains 1 chunk(s)
        LayoutSVGInlineText {#text} at (4298.84,1502) size 78.92x23
          chunk 1 text run 1 at (4300.00,1520.00) startOffset 0 endOffset 11 width 77.76: "just a text"
      LayoutSVGText {text} at (4398.84,1502) size 78.92x23 contains 1 chunk(s)
        LayoutSVGInlineText {#text} at (4398.84,1502) size 78.92x23
          chunk 1 text run 1 at (4400.00,1520.00) startOffset 0 endOffset 11 width 77.76: "just a text"
      LayoutSVGText {text} at (4498.84,1502) size 78.92x23 contains 1 chunk(s)
        LayoutSVGInlineText {#text} at (4498.84,1502) size 78.92x23
          chunk 1 text run 1 at (4500.00,1520.00) startOffset 0 endOffset 11 width 77.76: "just a text"
      LayoutSVGText {text} at (4598.84,1502) size 78.92x23 contains 1 chunk(s)
        LayoutSVGInlineText {#text} at (4598.84,1502) size 78.92x23
          chunk 1 text run 1 at (4600.00,1520.00) startOffset 0 endOffset 11 width 77.76: "just a text"
      LayoutSVGText {text} at (4698.84,1502) size 78.92x23 contains 1 chunk(s)
        LayoutSVGInlineText {#text} at (4698.84,1502) size 78.92x23
          chunk 1 text run 1 at (4700.00,1520.00) startOffset 0 endOffset 11 width 77.76: "just a text"
      LayoutSVGText {text} at (4798.84,1502) size 78.92x23 contains 1 chunk(s)
        LayoutSVGInlineText {#text} at (4798.84,1502) size 78.92x23
          chunk 1 text run 1 at (4800.00,1520.00) startOffset 0 endOffset 11 width 77.76: "just a text"
      LayoutSVGText {text} at (4898.84,1502) size 78.92x23 contains 1 chunk(s)
        LayoutSVGInlineText {#text} at (4898.84,1502) size 78.92x23
          chunk 1 text run 1 at (4900.00,1520.00) startOffset 0 endOffset 11 width 77.76: "just a text"
      LayoutSVGText {text} at (-1.14,1602) size 78.92x23 contains 1 chunk(s)
        LayoutSVGInlineText {#text} at (-1.14,1602) size 78.92x23
          chunk 1 text run 1 at (0.00,1620.00) startOffset 0 endOffset 11 width 77.76: "just a text"
      LayoutSVGText {text} at (98.84,1602) size 78.92x23 contains 1 chunk(s)
        LayoutSVGInlineText {#text} at (98.84,1602) size 78.92x23
          chunk 1 text run 1 at (100.00,1620.00) startOffset 0 endOffset 11 width 77.76: "just a text"
      LayoutSVGText {text} at (198.84,1602) size 78.92x23 contains 1 chunk(s)
        LayoutSVGInlineText {#text} at (198.84,1602) size 78.92x23
          chunk 1 text run 1 at (200.00,1620.00) startOffset 0 endOffset 11 width 77.76: "just a text"
      LayoutSVGText {text} at (298.84,1602) size 78.92x23 contains 1 chunk(s)
        LayoutSVGInlineText {#text} at (298.84,1602) size 78.92x23
          chunk 1 text run 1 at (300.00,1620.00) startOffset 0 endOffset 11 width 77.76: "just a text"
      LayoutSVGText {text} at (398.84,1602) size 78.92x23 contains 1 chunk(s)
        LayoutSVGInlineText {#text} at (398.84,1602) size 78.92x23
          chunk 1 text run 1 at (400.00,1620.00) startOffset 0 endOffset 11 width 77.76: "just a text"
      LayoutSVGText {text} at (498.84,1602) size 78.92x23 contains 1 chunk(s)
        LayoutSVGInlineText {#text} at (498.84,1602) size 78.92x23
          chunk 1 text run 1 at (500.00,1620.00) startOffset 0 endOffset 11 width 77.76: "just a text"
      LayoutSVGText {text} at (598.84,1602) size 78.92x23 contains 1 chunk(s)
        LayoutSVGInlineText {#text} at (598.84,1602) size 78.92x23
          chunk 1 text run 1 at (600.00,1620.00) startOffset 0 endOffset 11 width 77.76: "just a text"
      LayoutSVGText {text} at (698.84,1602) size 78.92x23 contains 1 chunk(s)
        LayoutSVGInlineText {#text} at (698.84,1602) size 78.92x23
          chunk 1 text run 1 at (700.00,1620.00) startOffset 0 endOffset 11 width 77.76: "just a text"
      LayoutSVGText {text} at (798.84,1602) size 78.92x23 contains 1 chunk(s)
        LayoutSVGInlineText {#text} at (798.84,1602) size 78.92x23
          chunk 1 text run 1 at (800.00,1620.00) startOffset 0 endOffset 11 width 77.76: "just a text"
      LayoutSVGText {text} at (898.84,1602) size 78.92x23 contains 1 chunk(s)
        LayoutSVGInlineText {#text} at (898.84,1602) size 78.92x23
          chunk 1 text run 1 at (900.00,1620.00) startOffset 0 endOffset 11 width 77.76: "just a text"
      LayoutSVGText {text} at (998.84,1602) size 78.92x23 contains 1 chunk(s)
        LayoutSVGInlineText {#text} at (998.84,1602) size 78.92x23
          chunk 1 text run 1 at (1000.00,1620.00) startOffset 0 endOffset 11 width 77.76: "just a text"
      LayoutSVGText {text} at (1098.84,1602) size 78.92x23 contains 1 chunk(s)
        LayoutSVGInlineText {#text} at (1098.84,1602) size 78.92x23
          chunk 1 text run 1 at (1100.00,1620.00) startOffset 0 endOffset 11 width 77.76: "just a text"
      LayoutSVGText {text} at (1198.84,1602) size 78.92x23 contains 1 chunk(s)
        LayoutSVGInlineText {#text} at (1198.84,1602) size 78.92x23
          chunk 1 text run 1 at (1200.00,1620.00) startOffset 0 endOffset 11 width 77.76: "just a text"
      LayoutSVGText {text} at (1298.84,1602) size 78.92x23 contains 1 chunk(s)
        LayoutSVGInlineText {#text} at (1298.84,1602) size 78.92x23
          chunk 1 text run 1 at (1300.00,1620.00) startOffset 0 endOffset 11 width 77.76: "just a text"
      LayoutSVGText {text} at (1398.84,1602) size 78.92x23 contains 1 chunk(s)
        LayoutSVGInlineText {#text} at (1398.84,1602) size 78.92x23
          chunk 1 text run 1 at (1400.00,1620.00) startOffset 0 endOffset 11 width 77.76: "just a text"
      LayoutSVGText {text} at (1498.84,1602) size 78.92x23 contains 1 chunk(s)
        LayoutSVGInlineText {#text} at (1498.84,1602) size 78.92x23
          chunk 1 text run 1 at (1500.00,1620.00) startOffset 0 endOffset 11 width 77.76: "just a text"
      LayoutSVGText {text} at (1598.84,1602) size 78.92x23 contains 1 chunk(s)
        LayoutSVGInlineText {#text} at (1598.84,1602) size 78.92x23
          chunk 1 text run 1 at (1600.00,1620.00) startOffset 0 endOffset 11 width 77.76: "just a text"
      LayoutSVGText {text} at (1698.84,1602) size 78.92x23 contains 1 chunk(s)
        LayoutSVGInlineText {#text} at (1698.84,1602) size 78.92x23
          chunk 1 text run 1 at (1700.00,1620.00) startOffset 0 endOffset 11 width 77.76: "just a text"
      LayoutSVGText {text} at (1798.84,1602) size 78.92x23 contains 1 chunk(s)
        LayoutSVGInlineText {#text} at (1798.84,1602) size 78.92x23
          chunk 1 text run 1 at (1800.00,1620.00) startOffset 0 endOffset 11 width 77.76: "just a text"
      LayoutSVGText {text} at (1898.84,1602) size 78.92x23 contains 1 chunk(s)
        LayoutSVGInlineText {#text} at (1898.84,1602) size 78.92x23
          chunk 1 text run 1 at (1900.00,1620.00) startOffset 0 endOffset 11 width 77.76: "just a text"
      LayoutSVGText {text} at (1998.84,1602) size 78.92x23 contains 1 chunk(s)
        LayoutSVGInlineText {#text} at (1998.84,1602) size 78.92x23
          chunk 1 text run 1 at (2000.00,1620.00) startOffset 0 endOffset 11 width 77.76: "just a text"
      LayoutSVGText {text} at (2098.84,1602) size 78.92x23 contains 1 chunk(s)
        LayoutSVGInlineText {#text} at (2098.84,1602) size 78.92x23
          chunk 1 text run 1 at (2100.00,1620.00) startOffset 0 endOffset 11 width 77.76: "just a text"
      LayoutSVGText {text} at (2198.84,1602) size 78.92x23 contains 1 chunk(s)
        LayoutSVGInlineText {#text} at (2198.84,1602) size 78.92x23
          chunk 1 text run 1 at (2200.00,1620.00) startOffset 0 endOffset 11 width 77.76: "just a text"
      LayoutSVGText {text} at (2298.84,1602) size 78.92x23 contains 1 chunk(s)
        LayoutSVGInlineText {#text} at (2298.84,1602) size 78.92x23
          chunk 1 text run 1 at (2300.00,1620.00) startOffset 0 endOffset 11 width 77.76: "just a text"
      LayoutSVGText {text} at (2398.84,1602) size 78.92x23 contains 1 chunk(s)
        LayoutSVGInlineText {#text} at (2398.84,1602) size 78.92x23
          chunk 1 text run 1 at (2400.00,1620.00) startOffset 0 endOffset 11 width 77.76: "just a text"
      LayoutSVGText {text} at (2498.84,1602) size 78.92x23 contains 1 chunk(s)
        LayoutSVGInlineText {#text} at (2498.84,1602) size 78.92x23
          chunk 1 text run 1 at (2500.00,1620.00) startOffset 0 endOffset 11 width 77.76: "just a text"
      LayoutSVGText {text} at (2598.84,1602) size 78.92x23 contains 1 chunk(s)
        LayoutSVGInlineText {#text} at (2598.84,1602) size 78.92x23
          chunk 1 text run 1 at (2600.00,1620.00) startOffset 0 endOffset 11 width 77.76: "just a text"
      LayoutSVGText {text} at (2698.84,1602) size 78.92x23 contains 1 chunk(s)
        LayoutSVGInlineText {#text} at (2698.84,1602) size 78.92x23
          chunk 1 text run 1 at (2700.00,1620.00) startOffset 0 endOffset 11 width 77.76: "just a text"
      LayoutSVGText {text} at (2798.84,1602) size 78.92x23 contains 1 chunk(s)
        LayoutSVGInlineText {#text} at (2798.84,1602) size 78.92x23
          chunk 1 text run 1 at (2800.00,1620.00) startOffset 0 endOffset 11 width 77.76: "just a text"
      LayoutSVGText {text} at (2898.84,1602) size 78.92x23 contains 1 chunk(s)
        LayoutSVGInlineText {#text} at (2898.84,1602) size 78.92x23
          chunk 1 text run 1 at (2900.00,1620.00) startOffset 0 endOffset 11 width 77.76: "just a text"
      LayoutSVGText {text} at (2998.84,1602) size 78.92x23 contains 1 chunk(s)
        LayoutSVGInlineText {#text} at (2998.84,1602) size 78.92x23
          chunk 1 text run 1 at (3000.00,1620.00) startOffset 0 endOffset 11 width 77.76: "just a text"
      LayoutSVGText {text} at (3098.84,1602) size 78.92x23 contains 1 chunk(s)
        LayoutSVGInlineText {#text} at (3098.84,1602) size 78.92x23
          chunk 1 text run 1 at (3100.00,1620.00) startOffset 0 endOffset 11 width 77.76: "just a text"
      LayoutSVGText {text} at (3198.84,1602) size 78.92x23 contains 1 chunk(s)
        LayoutSVGInlineText {#text} at (3198.84,1602) size 78.92x23
          chunk 1 text run 1 at (3200.00,1620.00) startOffset 0 endOffset 11 width 77.76: "just a text"
      LayoutSVGText {text} at (3298.84,1602) size 78.92x23 contains 1 chunk(s)
        LayoutSVGInlineText {#text} at (3298.84,1602) size 78.92x23
          chunk 1 text run 1 at (3300.00,1620.00) startOffset 0 endOffset 11 width 77.76: "just a text"
      LayoutSVGText {text} at (3398.84,1602) size 78.92x23 contains 1 chunk(s)
        LayoutSVGInlineText {#text} at (3398.84,1602) size 78.92x23
          chunk 1 text run 1 at (3400.00,1620.00) startOffset 0 endOffset 11 width 77.76: "just a text"
      LayoutSVGText {text} at (3498.84,1602) size 78.92x23 contains 1 chunk(s)
        LayoutSVGInlineText {#text} at (3498.84,1602) size 78.92x23
          chunk 1 text run 1 at (3500.00,1620.00) startOffset 0 endOffset 11 width 77.76: "just a text"
      LayoutSVGText {text} at (3598.84,1602) size 78.92x23 contains 1 chunk(s)
        LayoutSVGInlineText {#text} at (3598.84,1602) size 78.92x23
          chunk 1 text run 1 at (3600.00,1620.00) startOffset 0 endOffset 11 width 77.76: "just a text"
      LayoutSVGText {text} at (3698.84,1602) size 78.92x23 contains 1 chunk(s)
        LayoutSVGInlineText {#text} at (3698.84,1602) size 78.92x23
          chunk 1 text run 1 at (3700.00,1620.00) startOffset 0 endOffset 11 width 77.76: "just a text"
      LayoutSVGText {text} at (3798.84,1602) size 78.92x23 contains 1 chunk(s)
        LayoutSVGInlineText {#text} at (3798.84,1602) size 78.92x23
          chunk 1 text run 1 at (3800.00,1620.00) startOffset 0 endOffset 11 width 77.76: "just a text"
      LayoutSVGText {text} at (3898.84,1602) size 78.92x23 contains 1 chunk(s)
        LayoutSVGInlineText {#text} at (3898.84,1602) size 78.92x23
          chunk 1 text run 1 at (3900.00,1620.00) startOffset 0 endOffset 11 width 77.76: "just a text"
      LayoutSVGText {text} at (3998.84,1602) size 78.92x23 contains 1 chunk(s)
        LayoutSVGInlineText {#text} at (3998.84,1602) size 78.92x23
          chunk 1 text run 1 at (4000.00,1620.00) startOffset 0 endOffset 11 width 77.76: "just a text"
      LayoutSVGText {text} at (4098.84,1602) size 78.92x23 contains 1 chunk(s)
        LayoutSVGInlineText {#text} at (4098.84,1602) size 78.92x23
          chunk 1 text run 1 at (4100.00,1620.00) startOffset 0 endOffset 11 width 77.76: "just a text"
      LayoutSVGText {text} at (4198.84,1602) size 78.92x23 contains 1 chunk(s)
        LayoutSVGInlineText {#text} at (4198.84,1602) size 78.92x23
          chunk 1 text run 1 at (4200.00,1620.00) startOffset 0 endOffset 11 width 77.76: "just a text"
      LayoutSVGText {text} at (4298.84,1602) size 78.92x23 contains 1 chunk(s)
        LayoutSVGInlineText {#text} at (4298.84,1602) size 78.92x23
          chunk 1 text run 1 at (4300.00,1620.00) startOffset 0 endOffset 11 width 77.76: "just a text"
      LayoutSVGText {text} at (4398.84,1602) size 78.92x23 contains 1 chunk(s)
        LayoutSVGInlineText {#text} at (4398.84,1602) size 78.92x23
          chunk 1 text run 1 at (4400.00,1620.00) startOffset 0 endOffset 11 width 77.76: "just a text"
      LayoutSVGText {text} at (4498.84,1602) size 78.92x23 contains 1 chunk(s)
        LayoutSVGInlineText {#text} at (4498.84,1602) size 78.92x23
          chunk 1 text run 1 at (4500.00,1620.00) startOffset 0 endOffset 11 width 77.76: "just a text"
      LayoutSVGText {text} at (4598.84,1602) size 78.92x23 contains 1 chunk(s)
        LayoutSVGInlineText {#text} at (4598.84,1602) size 78.92x23
          chunk 1 text run 1 at (4600.00,1620.00) startOffset 0 endOffset 11 width 77.76: "just a text"
      LayoutSVGText {text} at (4698.84,1602) size 78.92x23 contains 1 chunk(s)
        LayoutSVGInlineText {#text} at (4698.84,1602) size 78.92x23
          chunk 1 text run 1 at (4700.00,1620.00) startOffset 0 endOffset 11 width 77.76: "just a text"
      LayoutSVGText {text} at (4798.84,1602) size 78.92x23 contains 1 chunk(s)
        LayoutSVGInlineText {#text} at (4798.84,1602) size 78.92x23
          chunk 1 text run 1 at (4800.00,1620.00) startOffset 0 endOffset 11 width 77.76: "just a text"
      LayoutSVGText {text} at (4898.84,1602) size 78.92x23 contains 1 chunk(s)
        LayoutSVGInlineText {#text} at (4898.84,1602) size 78.92x23
          chunk 1 text run 1 at (4900.00,1620.00) startOffset 0 endOffset 11 width 77.76: "just a text"
      LayoutSVGText {text} at (-1.14,1702) size 78.92x23 contains 1 chunk(s)
        LayoutSVGInlineText {#text} at (-1.14,1702) size 78.92x23
          chunk 1 text run 1 at (0.00,1720.00) startOffset 0 endOffset 11 width 77.76: "just a text"
      LayoutSVGText {text} at (98.84,1702) size 78.92x23 contains 1 chunk(s)
        LayoutSVGInlineText {#text} at (98.84,1702) size 78.92x23
          chunk 1 text run 1 at (100.00,1720.00) startOffset 0 endOffset 11 width 77.76: "just a text"
      LayoutSVGText {text} at (198.84,1702) size 78.92x23 contains 1 chunk(s)
        LayoutSVGInlineText {#text} at (198.84,1702) size 78.92x23
          chunk 1 text run 1 at (200.00,1720.00) startOffset 0 endOffset 11 width 77.76: "just a text"
      LayoutSVGText {text} at (298.84,1702) size 78.92x23 contains 1 chunk(s)
        LayoutSVGInlineText {#text} at (298.84,1702) size 78.92x23
          chunk 1 text run 1 at (300.00,1720.00) startOffset 0 endOffset 11 width 77.76: "just a text"
      LayoutSVGText {text} at (398.84,1702) size 78.92x23 contains 1 chunk(s)
        LayoutSVGInlineText {#text} at (398.84,1702) size 78.92x23
          chunk 1 text run 1 at (400.00,1720.00) startOffset 0 endOffset 11 width 77.76: "just a text"
      LayoutSVGText {text} at (498.84,1702) size 78.92x23 contains 1 chunk(s)
        LayoutSVGInlineText {#text} at (498.84,1702) size 78.92x23
          chunk 1 text run 1 at (500.00,1720.00) startOffset 0 endOffset 11 width 77.76: "just a text"
      LayoutSVGText {text} at (598.84,1702) size 78.92x23 contains 1 chunk(s)
        LayoutSVGInlineText {#text} at (598.84,1702) size 78.92x23
          chunk 1 text run 1 at (600.00,1720.00) startOffset 0 endOffset 11 width 77.76: "just a text"
      LayoutSVGText {text} at (698.84,1702) size 78.92x23 contains 1 chunk(s)
        LayoutSVGInlineText {#text} at (698.84,1702) size 78.92x23
          chunk 1 text run 1 at (700.00,1720.00) startOffset 0 endOffset 11 width 77.76: "just a text"
      LayoutSVGText {text} at (798.84,1702) size 78.92x23 contains 1 chunk(s)
        LayoutSVGInlineText {#text} at (798.84,1702) size 78.92x23
          chunk 1 text run 1 at (800.00,1720.00) startOffset 0 endOffset 11 width 77.76: "just a text"
      LayoutSVGText {text} at (898.84,1702) size 78.92x23 contains 1 chunk(s)
        LayoutSVGInlineText {#text} at (898.84,1702) size 78.92x23
          chunk 1 text run 1 at (900.00,1720.00) startOffset 0 endOffset 11 width 77.76: "just a text"
      LayoutSVGText {text} at (998.84,1702) size 78.92x23 contains 1 chunk(s)
        LayoutSVGInlineText {#text} at (998.84,1702) size 78.92x23
          chunk 1 text run 1 at (1000.00,1720.00) startOffset 0 endOffset 11 width 77.76: "just a text"
      LayoutSVGText {text} at (1098.84,1702) size 78.92x23 contains 1 chunk(s)
        LayoutSVGInlineText {#text} at (1098.84,1702) size 78.92x23
          chunk 1 text run 1 at (1100.00,1720.00) startOffset 0 endOffset 11 width 77.76: "just a text"
      LayoutSVGText {text} at (1198.84,1702) size 78.92x23 contains 1 chunk(s)
        LayoutSVGInlineText {#text} at (1198.84,1702) size 78.92x23
          chunk 1 text run 1 at (1200.00,1720.00) startOffset 0 endOffset 11 width 77.76: "just a text"
      LayoutSVGText {text} at (1298.84,1702) size 78.92x23 contains 1 chunk(s)
        LayoutSVGInlineText {#text} at (1298.84,1702) size 78.92x23
          chunk 1 text run 1 at (1300.00,1720.00) startOffset 0 endOffset 11 width 77.76: "just a text"
      LayoutSVGText {text} at (1398.84,1702) size 78.92x23 contains 1 chunk(s)
        LayoutSVGInlineText {#text} at (1398.84,1702) size 78.92x23
          chunk 1 text run 1 at (1400.00,1720.00) startOffset 0 endOffset 11 width 77.76: "just a text"
      LayoutSVGText {text} at (1498.84,1702) size 78.92x23 contains 1 chunk(s)
        LayoutSVGInlineText {#text} at (1498.84,1702) size 78.92x23
          chunk 1 text run 1 at (1500.00,1720.00) startOffset 0 endOffset 11 width 77.76: "just a text"
      LayoutSVGText {text} at (1598.84,1702) size 78.92x23 contains 1 chunk(s)
        LayoutSVGInlineText {#text} at (1598.84,1702) size 78.92x23
          chunk 1 text run 1 at (1600.00,1720.00) startOffset 0 endOffset 11 width 77.76: "just a text"
      LayoutSVGText {text} at (1698.84,1702) size 78.92x23 contains 1 chunk(s)
        LayoutSVGInlineText {#text} at (1698.84,1702) size 78.92x23
          chunk 1 text run 1 at (1700.00,1720.00) startOffset 0 endOffset 11 width 77.76: "just a text"
      LayoutSVGText {text} at (1798.84,1702) size 78.92x23 contains 1 chunk(s)
        LayoutSVGInlineText {#text} at (1798.84,1702) size 78.92x23
          chunk 1 text run 1 at (1800.00,1720.00) startOffset 0 endOffset 11 width 77.76: "just a text"
      LayoutSVGText {text} at (1898.84,1702) size 78.92x23 contains 1 chunk(s)
        LayoutSVGInlineText {#text} at (1898.84,1702) size 78.92x23
          chunk 1 text run 1 at (1900.00,1720.00) startOffset 0 endOffset 11 width 77.76: "just a text"
      LayoutSVGText {text} at (1998.84,1702) size 78.92x23 contains 1 chunk(s)
        LayoutSVGInlineText {#text} at (1998.84,1702) size 78.92x23
          chunk 1 text run 1 at (2000.00,1720.00) startOffset 0 endOffset 11 width 77.76: "just a text"
      LayoutSVGText {text} at (2098.84,1702) size 78.92x23 contains 1 chunk(s)
        LayoutSVGInlineText {#text} at (2098.84,1702) size 78.92x23
          chunk 1 text run 1 at (2100.00,1720.00) startOffset 0 endOffset 11 width 77.76: "just a text"
      LayoutSVGText {text} at (2198.84,1702) size 78.92x23 contains 1 chunk(s)
        LayoutSVGInlineText {#text} at (2198.84,1702) size 78.92x23
          chunk 1 text run 1 at (2200.00,1720.00) startOffset 0 endOffset 11 width 77.76: "just a text"
      LayoutSVGText {text} at (2298.84,1702) size 78.92x23 contains 1 chunk(s)
        LayoutSVGInlineText {#text} at (2298.84,1702) size 78.92x23
          chunk 1 text run 1 at (2300.00,1720.00) startOffset 0 endOffset 11 width 77.76: "just a text"
      LayoutSVGText {text} at (2398.84,1702) size 78.92x23 contains 1 chunk(s)
        LayoutSVGInlineText {#text} at (2398.84,1702) size 78.92x23
          chunk 1 text run 1 at (2400.00,1720.00) startOffset 0 endOffset 11 width 77.76: "just a text"
      LayoutSVGText {text} at (2498.84,1702) size 78.92x23 contains 1 chunk(s)
        LayoutSVGInlineText {#text} at (2498.84,1702) size 78.92x23
          chunk 1 text run 1 at (2500.00,1720.00) startOffset 0 endOffset 11 width 77.76: "just a text"
      LayoutSVGText {text} at (2598.84,1702) size 78.92x23 contains 1 chunk(s)
        LayoutSVGInlineText {#text} at (2598.84,1702) size 78.92x23
          chunk 1 text run 1 at (2600.00,1720.00) startOffset 0 endOffset 11 width 77.76: "just a text"
      LayoutSVGText {text} at (2698.84,1702) size 78.92x23 contains 1 chunk(s)
        LayoutSVGInlineText {#text} at (2698.84,1702) size 78.92x23
          chunk 1 text run 1 at (2700.00,1720.00) startOffset 0 endOffset 11 width 77.76: "just a text"
      LayoutSVGText {text} at (2798.84,1702) size 78.92x23 contains 1 chunk(s)
        LayoutSVGInlineText {#text} at (2798.84,1702) size 78.92x23
          chunk 1 text run 1 at (2800.00,1720.00) startOffset 0 endOffset 11 width 77.76: "just a text"
      LayoutSVGText {text} at (2898.84,1702) size 78.92x23 contains 1 chunk(s)
        LayoutSVGInlineText {#text} at (2898.84,1702) size 78.92x23
          chunk 1 text run 1 at (2900.00,1720.00) startOffset 0 endOffset 11 width 77.76: "just a text"
      LayoutSVGText {text} at (2998.84,1702) size 78.92x23 contains 1 chunk(s)
        LayoutSVGInlineText {#text} at (2998.84,1702) size 78.92x23
          chunk 1 text run 1 at (3000.00,1720.00) startOffset 0 endOffset 11 width 77.76: "just a text"
      LayoutSVGText {text} at (3098.84,1702) size 78.92x23 contains 1 chunk(s)
        LayoutSVGInlineText {#text} at (3098.84,1702) size 78.92x23
          chunk 1 text run 1 at (3100.00,1720.00) startOffset 0 endOffset 11 width 77.76: "just a text"
      LayoutSVGText {text} at (3198.84,1702) size 78.92x23 contains 1 chunk(s)
        LayoutSVGInlineText {#text} at (3198.84,1702) size 78.92x23
          chunk 1 text run 1 at (3200.00,1720.00) startOffset 0 endOffset 11 width 77.76: "just a text"
      LayoutSVGText {text} at (3298.84,1702) size 78.92x23 contains 1 chunk(s)
        LayoutSVGInlineText {#text} at (3298.84,1702) size 78.92x23
          chunk 1 text run 1 at (3300.00,1720.00) startOffset 0 endOffset 11 width 77.76: "just a text"
      LayoutSVGText {text} at (3398.84,1702) size 78.92x23 contains 1 chunk(s)
        LayoutSVGInlineText {#text} at (3398.84,1702) size 78.92x23
          chunk 1 text run 1 at (3400.00,1720.00) startOffset 0 endOffset 11 width 77.76: "just a text"
      LayoutSVGText {text} at (3498.84,1702) size 78.92x23 contains 1 chunk(s)
        LayoutSVGInlineText {#text} at (3498.84,1702) size 78.92x23
          chunk 1 text run 1 at (3500.00,1720.00) startOffset 0 endOffset 11 width 77.76: "just a text"
      LayoutSVGText {text} at (3598.84,1702) size 78.92x23 contains 1 chunk(s)
        LayoutSVGInlineText {#text} at (3598.84,1702) size 78.92x23
          chunk 1 text run 1 at (3600.00,1720.00) startOffset 0 endOffset 11 width 77.76: "just a text"
      LayoutSVGText {text} at (3698.84,1702) size 78.92x23 contains 1 chunk(s)
        LayoutSVGInlineText {#text} at (3698.84,1702) size 78.92x23
          chunk 1 text run 1 at (3700.00,1720.00) startOffset 0 endOffset 11 width 77.76: "just a text"
      LayoutSVGText {text} at (3798.84,1702) size 78.92x23 contains 1 chunk(s)
        LayoutSVGInlineText {#text} at (3798.84,1702) size 78.92x23
          chunk 1 text run 1 at (3800.00,1720.00) startOffset 0 endOffset 11 width 77.76: "just a text"
      LayoutSVGText {text} at (3898.84,1702) size 78.92x23 contains 1 chunk(s)
        LayoutSVGInlineText {#text} at (3898.84,1702) size 78.92x23
          chunk 1 text run 1 at (3900.00,1720.00) startOffset 0 endOffset 11 width 77.76: "just a text"
      LayoutSVGText {text} at (3998.84,1702) size 78.92x23 contains 1 chunk(s)
        LayoutSVGInlineText {#text} at (3998.84,1702) size 78.92x23
          chunk 1 text run 1 at (4000.00,1720.00) startOffset 0 endOffset 11 width 77.76: "just a text"
      LayoutSVGText {text} at (4098.84,1702) size 78.92x23 contains 1 chunk(s)
        LayoutSVGInlineText {#text} at (4098.84,1702) size 78.92x23
          chunk 1 text run 1 at (4100.00,1720.00) startOffset 0 endOffset 11 width 77.76: "just a text"
      LayoutSVGText {text} at (4198.84,1702) size 78.92x23 contains 1 chunk(s)
        LayoutSVGInlineText {#text} at (4198.84,1702) size 78.92x23
          chunk 1 text run 1 at (4200.00,1720.00) startOffset 0 endOffset 11 width 77.76: "just a text"
      LayoutSVGText {text} at (4298.84,1702) size 78.92x23 contains 1 chunk(s)
        LayoutSVGInlineText {#text} at (4298.84,1702) size 78.92x23
          chunk 1 text run 1 at (4300.00,1720.00) startOffset 0 endOffset 11 width 77.76: "just a text"
      LayoutSVGText {text} at (4398.84,1702) size 78.92x23 contains 1 chunk(s)
        LayoutSVGInlineText {#text} at (4398.84,1702) size 78.92x23
          chunk 1 text run 1 at (4400.00,1720.00) startOffset 0 endOffset 11 width 77.76: "just a text"
      LayoutSVGText {text} at (4498.84,1702) size 78.92x23 contains 1 chunk(s)
        LayoutSVGInlineText {#text} at (4498.84,1702) size 78.92x23
          chunk 1 text run 1 at (4500.00,1720.00) startOffset 0 endOffset 11 width 77.76: "just a text"
      LayoutSVGText {text} at (4598.84,1702) size 78.92x23 contains 1 chunk(s)
        LayoutSVGInlineText {#text} at (4598.84,1702) size 78.92x23
          chunk 1 text run 1 at (4600.00,1720.00) startOffset 0 endOffset 11 width 77.76: "just a text"
      LayoutSVGText {text} at (4698.84,1702) size 78.92x23 contains 1 chunk(s)
        LayoutSVGInlineText {#text} at (4698.84,1702) size 78.92x23
          chunk 1 text run 1 at (4700.00,1720.00) startOffset 0 endOffset 11 width 77.76: "just a text"
      LayoutSVGText {text} at (4798.84,1702) size 78.92x23 contains 1 chunk(s)
        LayoutSVGInlineText {#text} at (4798.84,1702) size 78.92x23
          chunk 1 text run 1 at (4800.00,1720.00) startOffset 0 endOffset 11 width 77.76: "just a text"
      LayoutSVGText {text} at (4898.84,1702) size 78.92x23 contains 1 chunk(s)
        LayoutSVGInlineText {#text} at (4898.84,1702) size 78.92x23
          chunk 1 text run 1 at (4900.00,1720.00) startOffset 0 endOffset 11 width 77.76: "just a text"
      LayoutSVGText {text} at (-1.14,1802) size 78.92x23 contains 1 chunk(s)
        LayoutSVGInlineText {#text} at (-1.14,1802) size 78.92x23
          chunk 1 text run 1 at (0.00,1820.00) startOffset 0 endOffset 11 width 77.76: "just a text"
      LayoutSVGText {text} at (98.84,1802) size 78.92x23 contains 1 chunk(s)
        LayoutSVGInlineText {#text} at (98.84,1802) size 78.92x23
          chunk 1 text run 1 at (100.00,1820.00) startOffset 0 endOffset 11 width 77.76: "just a text"
      LayoutSVGText {text} at (198.84,1802) size 78.92x23 contains 1 chunk(s)
        LayoutSVGInlineText {#text} at (198.84,1802) size 78.92x23
          chunk 1 text run 1 at (200.00,1820.00) startOffset 0 endOffset 11 width 77.76: "just a text"
      LayoutSVGText {text} at (298.84,1802) size 78.92x23 contains 1 chunk(s)
        LayoutSVGInlineText {#text} at (298.84,1802) size 78.92x23
          chunk 1 text run 1 at (300.00,1820.00) startOffset 0 endOffset 11 width 77.76: "just a text"
      LayoutSVGText {text} at (398.84,1802) size 78.92x23 contains 1 chunk(s)
        LayoutSVGInlineText {#text} at (398.84,1802) size 78.92x23
          chunk 1 text run 1 at (400.00,1820.00) startOffset 0 endOffset 11 width 77.76: "just a text"
      LayoutSVGText {text} at (498.84,1802) size 78.92x23 contains 1 chunk(s)
        LayoutSVGInlineText {#text} at (498.84,1802) size 78.92x23
          chunk 1 text run 1 at (500.00,1820.00) startOffset 0 endOffset 11 width 77.76: "just a text"
      LayoutSVGText {text} at (598.84,1802) size 78.92x23 contains 1 chunk(s)
        LayoutSVGInlineText {#text} at (598.84,1802) size 78.92x23
          chunk 1 text run 1 at (600.00,1820.00) startOffset 0 endOffset 11 width 77.76: "just a text"
      LayoutSVGText {text} at (698.84,1802) size 78.92x23 contains 1 chunk(s)
        LayoutSVGInlineText {#text} at (698.84,1802) size 78.92x23
          chunk 1 text run 1 at (700.00,1820.00) startOffset 0 endOffset 11 width 77.76: "just a text"
      LayoutSVGText {text} at (798.84,1802) size 78.92x23 contains 1 chunk(s)
        LayoutSVGInlineText {#text} at (798.84,1802) size 78.92x23
          chunk 1 text run 1 at (800.00,1820.00) startOffset 0 endOffset 11 width 77.76: "just a text"
      LayoutSVGText {text} at (898.84,1802) size 78.92x23 contains 1 chunk(s)
        LayoutSVGInlineText {#text} at (898.84,1802) size 78.92x23
          chunk 1 text run 1 at (900.00,1820.00) startOffset 0 endOffset 11 width 77.76: "just a text"
      LayoutSVGText {text} at (998.84,1802) size 78.92x23 contains 1 chunk(s)
        LayoutSVGInlineText {#text} at (998.84,1802) size 78.92x23
          chunk 1 text run 1 at (1000.00,1820.00) startOffset 0 endOffset 11 width 77.76: "just a text"
      LayoutSVGText {text} at (1098.84,1802) size 78.92x23 contains 1 chunk(s)
        LayoutSVGInlineText {#text} at (1098.84,1802) size 78.92x23
          chunk 1 text run 1 at (1100.00,1820.00) startOffset 0 endOffset 11 width 77.76: "just a text"
      LayoutSVGText {text} at (1198.84,1802) size 78.92x23 contains 1 chunk(s)
        LayoutSVGInlineText {#text} at (1198.84,1802) size 78.92x23
          chunk 1 text run 1 at (1200.00,1820.00) startOffset 0 endOffset 11 width 77.76: "just a text"
      LayoutSVGText {text} at (1298.84,1802) size 78.92x23 contains 1 chunk(s)
        LayoutSVGInlineText {#text} at (1298.84,1802) size 78.92x23
          chunk 1 text run 1 at (1300.00,1820.00) startOffset 0 endOffset 11 width 77.76: "just a text"
      LayoutSVGText {text} at (1398.84,1802) size 78.92x23 contains 1 chunk(s)
        LayoutSVGInlineText {#text} at (1398.84,1802) size 78.92x23
          chunk 1 text run 1 at (1400.00,1820.00) startOffset 0 endOffset 11 width 77.76: "just a text"
      LayoutSVGText {text} at (1498.84,1802) size 78.92x23 contains 1 chunk(s)
        LayoutSVGInlineText {#text} at (1498.84,1802) size 78.92x23
          chunk 1 text run 1 at (1500.00,1820.00) startOffset 0 endOffset 11 width 77.76: "just a text"
      LayoutSVGText {text} at (1598.84,1802) size 78.92x23 contains 1 chunk(s)
        LayoutSVGInlineText {#text} at (1598.84,1802) size 78.92x23
          chunk 1 text run 1 at (1600.00,1820.00) startOffset 0 endOffset 11 width 77.76: "just a text"
      LayoutSVGText {text} at (1698.84,1802) size 78.92x23 contains 1 chunk(s)
        LayoutSVGInlineText {#text} at (1698.84,1802) size 78.92x23
          chunk 1 text run 1 at (1700.00,1820.00) startOffset 0 endOffset 11 width 77.76: "just a text"
      LayoutSVGText {text} at (1798.84,1802) size 78.92x23 contains 1 chunk(s)
        LayoutSVGInlineText {#text} at (1798.84,1802) size 78.92x23
          chunk 1 text run 1 at (1800.00,1820.00) startOffset 0 endOffset 11 width 77.76: "just a text"
      LayoutSVGText {text} at (1898.84,1802) size 78.92x23 contains 1 chunk(s)
        LayoutSVGInlineText {#text} at (1898.84,1802) size 78.92x23
          chunk 1 text run 1 at (1900.00,1820.00) startOffset 0 endOffset 11 width 77.76: "just a text"
      LayoutSVGText {text} at (1998.84,1802) size 78.92x23 contains 1 chunk(s)
        LayoutSVGInlineText {#text} at (1998.84,1802) size 78.92x23
          chunk 1 text run 1 at (2000.00,1820.00) startOffset 0 endOffset 11 width 77.76: "just a text"
      LayoutSVGText {text} at (2098.84,1802) size 78.92x23 contains 1 chunk(s)
        LayoutSVGInlineText {#text} at (2098.84,1802) size 78.92x23
          chunk 1 text run 1 at (2100.00,1820.00) startOffset 0 endOffset 11 width 77.76: "just a text"
      LayoutSVGText {text} at (2198.84,1802) size 78.92x23 contains 1 chunk(s)
        LayoutSVGInlineText {#text} at (2198.84,1802) size 78.92x23
          chunk 1 text run 1 at (2200.00,1820.00) startOffset 0 endOffset 11 width 77.76: "just a text"
      LayoutSVGText {text} at (2298.84,1802) size 78.92x23 contains 1 chunk(s)
        LayoutSVGInlineText {#text} at (2298.84,1802) size 78.92x23
          chunk 1 text run 1 at (2300.00,1820.00) startOffset 0 endOffset 11 width 77.76: "just a text"
      LayoutSVGText {text} at (2398.84,1802) size 78.92x23 contains 1 chunk(s)
        LayoutSVGInlineText {#text} at (2398.84,1802) size 78.92x23
          chunk 1 text run 1 at (2400.00,1820.00) startOffset 0 endOffset 11 width 77.76: "just a text"
      LayoutSVGText {text} at (2498.84,1802) size 78.92x23 contains 1 chunk(s)
        LayoutSVGInlineText {#text} at (2498.84,1802) size 78.92x23
          chunk 1 text run 1 at (2500.00,1820.00) startOffset 0 endOffset 11 width 77.76: "just a text"
      LayoutSVGText {text} at (2598.84,1802) size 78.92x23 contains 1 chunk(s)
        LayoutSVGInlineText {#text} at (2598.84,1802) size 78.92x23
          chunk 1 text run 1 at (2600.00,1820.00) startOffset 0 endOffset 11 width 77.76: "just a text"
      LayoutSVGText {text} at (2698.84,1802) size 78.92x23 contains 1 chunk(s)
        LayoutSVGInlineText {#text} at (2698.84,1802) size 78.92x23
          chunk 1 text run 1 at (2700.00,1820.00) startOffset 0 endOffset 11 width 77.76: "just a text"
      LayoutSVGText {text} at (2798.84,1802) size 78.92x23 contains 1 chunk(s)
        LayoutSVGInlineText {#text} at (2798.84,1802) size 78.92x23
          chunk 1 text run 1 at (2800.00,1820.00) startOffset 0 endOffset 11 width 77.76: "just a text"
      LayoutSVGText {text} at (2898.84,1802) size 78.92x23 contains 1 chunk(s)
        LayoutSVGInlineText {#text} at (2898.84,1802) size 78.92x23
          chunk 1 text run 1 at (2900.00,1820.00) startOffset 0 endOffset 11 width 77.76: "just a text"
      LayoutSVGText {text} at (2998.84,1802) size 78.92x23 contains 1 chunk(s)
        LayoutSVGInlineText {#text} at (2998.84,1802) size 78.92x23
          chunk 1 text run 1 at (3000.00,1820.00) startOffset 0 endOffset 11 width 77.76: "just a text"
      LayoutSVGText {text} at (3098.84,1802) size 78.92x23 contains 1 chunk(s)
        LayoutSVGInlineText {#text} at (3098.84,1802) size 78.92x23
          chunk 1 text run 1 at (3100.00,1820.00) startOffset 0 endOffset 11 width 77.76: "just a text"
      LayoutSVGText {text} at (3198.84,1802) size 78.92x23 contains 1 chunk(s)
        LayoutSVGInlineText {#text} at (3198.84,1802) size 78.92x23
          chunk 1 text run 1 at (3200.00,1820.00) startOffset 0 endOffset 11 width 77.76: "just a text"
      LayoutSVGText {text} at (3298.84,1802) size 78.92x23 contains 1 chunk(s)
        LayoutSVGInlineText {#text} at (3298.84,1802) size 78.92x23
          chunk 1 text run 1 at (3300.00,1820.00) startOffset 0 endOffset 11 width 77.76: "just a text"
      LayoutSVGText {text} at (3398.84,1802) size 78.92x23 contains 1 chunk(s)
        LayoutSVGInlineText {#text} at (3398.84,1802) size 78.92x23
          chunk 1 text run 1 at (3400.00,1820.00) startOffset 0 endOffset 11 width 77.76: "just a text"
      LayoutSVGText {text} at (3498.84,1802) size 78.92x23 contains 1 chunk(s)
        LayoutSVGInlineText {#text} at (3498.84,1802) size 78.92x23
          chunk 1 text run 1 at (3500.00,1820.00) startOffset 0 endOffset 11 width 77.76: "just a text"
      LayoutSVGText {text} at (3598.84,1802) size 78.92x23 contains 1 chunk(s)
        LayoutSVGInlineText {#text} at (3598.84,1802) size 78.92x23
          chunk 1 text run 1 at (3600.00,1820.00) startOffset 0 endOffset 11 width 77.76: "just a text"
      LayoutSVGText {text} at (3698.84,1802) size 78.92x23 contains 1 chunk(s)
        LayoutSVGInlineText {#text} at (3698.84,1802) size 78.92x23
          chunk 1 text run 1 at (3700.00,1820.00) startOffset 0 endOffset 11 width 77.76: "just a text"
      LayoutSVGText {text} at (3798.84,1802) size 78.92x23 contains 1 chunk(s)
        LayoutSVGInlineText {#text} at (3798.84,1802) size 78.92x23
          chunk 1 text run 1 at (3800.00,1820.00) startOffset 0 endOffset 11 width 77.76: "just a text"
      LayoutSVGText {text} at (3898.84,1802) size 78.92x23 contains 1 chunk(s)
        LayoutSVGInlineText {#text} at (3898.84,1802) size 78.92x23
          chunk 1 text run 1 at (3900.00,1820.00) startOffset 0 endOffset 11 width 77.76: "just a text"
      LayoutSVGText {text} at (3998.84,1802) size 78.92x23 contains 1 chunk(s)
        LayoutSVGInlineText {#text} at (3998.84,1802) size 78.92x23
          chunk 1 text run 1 at (4000.00,1820.00) startOffset 0 endOffset 11 width 77.76: "just a text"
      LayoutSVGText {text} at (4098.84,1802) size 78.92x23 contains 1 chunk(s)
        LayoutSVGInlineText {#text} at (4098.84,1802) size 78.92x23
          chunk 1 text run 1 at (4100.00,1820.00) startOffset 0 endOffset 11 width 77.76: "just a text"
      LayoutSVGText {text} at (4198.84,1802) size 78.92x23 contains 1 chunk(s)
        LayoutSVGInlineText {#text} at (4198.84,1802) size 78.92x23
          chunk 1 text run 1 at (4200.00,1820.00) startOffset 0 endOffset 11 width 77.76: "just a text"
      LayoutSVGText {text} at (4298.84,1802) size 78.92x23 contains 1 chunk(s)
        LayoutSVGInlineText {#text} at (4298.84,1802) size 78.92x23
          chunk 1 text run 1 at (4300.00,1820.00) startOffset 0 endOffset 11 width 77.76: "just a text"
      LayoutSVGText {text} at (4398.84,1802) size 78.92x23 contains 1 chunk(s)
        LayoutSVGInlineText {#text} at (4398.84,1802) size 78.92x23
          chunk 1 text run 1 at (4400.00,1820.00) startOffset 0 endOffset 11 width 77.76: "just a text"
      LayoutSVGText {text} at (4498.84,1802) size 78.92x23 contains 1 chunk(s)
        LayoutSVGInlineText {#text} at (4498.84,1802) size 78.92x23
          chunk 1 text run 1 at (4500.00,1820.00) startOffset 0 endOffset 11 width 77.76: "just a text"
      LayoutSVGText {text} at (4598.84,1802) size 78.92x23 contains 1 chunk(s)
        LayoutSVGInlineText {#text} at (4598.84,1802) size 78.92x23
          chunk 1 text run 1 at (4600.00,1820.00) startOffset 0 endOffset 11 width 77.76: "just a text"
      LayoutSVGText {text} at (4698.84,1802) size 78.92x23 contains 1 chunk(s)
        LayoutSVGInlineText {#text} at (4698.84,1802) size 78.92x23
          chunk 1 text run 1 at (4700.00,1820.00) startOffset 0 endOffset 11 width 77.76: "just a text"
      LayoutSVGText {text} at (4798.84,1802) size 78.92x23 contains 1 chunk(s)
        LayoutSVGInlineText {#text} at (4798.84,1802) size 78.92x23
          chunk 1 text run 1 at (4800.00,1820.00) startOffset 0 endOffset 11 width 77.76: "just a text"
      LayoutSVGText {text} at (4898.84,1802) size 78.92x23 contains 1 chunk(s)
        LayoutSVGInlineText {#text} at (4898.84,1802) size 78.92x23
          chunk 1 text run 1 at (4900.00,1820.00) startOffset 0 endOffset 11 width 77.76: "just a text"
      LayoutSVGText {text} at (-1.14,1902) size 78.92x23 contains 1 chunk(s)
        LayoutSVGInlineText {#text} at (-1.14,1902) size 78.92x23
          chunk 1 text run 1 at (0.00,1920.00) startOffset 0 endOffset 11 width 77.76: "just a text"
      LayoutSVGText {text} at (98.84,1902) size 78.92x23 contains 1 chunk(s)
        LayoutSVGInlineText {#text} at (98.84,1902) size 78.92x23
          chunk 1 text run 1 at (100.00,1920.00) startOffset 0 endOffset 11 width 77.76: "just a text"
      LayoutSVGText {text} at (198.84,1902) size 78.92x23 contains 1 chunk(s)
        LayoutSVGInlineText {#text} at (198.84,1902) size 78.92x23
          chunk 1 text run 1 at (200.00,1920.00) startOffset 0 endOffset 11 width 77.76: "just a text"
      LayoutSVGText {text} at (298.84,1902) size 78.92x23 contains 1 chunk(s)
        LayoutSVGInlineText {#text} at (298.84,1902) size 78.92x23
          chunk 1 text run 1 at (300.00,1920.00) startOffset 0 endOffset 11 width 77.76: "just a text"
      LayoutSVGText {text} at (398.84,1902) size 78.92x23 contains 1 chunk(s)
        LayoutSVGInlineText {#text} at (398.84,1902) size 78.92x23
          chunk 1 text run 1 at (400.00,1920.00) startOffset 0 endOffset 11 width 77.76: "just a text"
      LayoutSVGText {text} at (498.84,1902) size 78.92x23 contains 1 chunk(s)
        LayoutSVGInlineText {#text} at (498.84,1902) size 78.92x23
          chunk 1 text run 1 at (500.00,1920.00) startOffset 0 endOffset 11 width 77.76: "just a text"
      LayoutSVGText {text} at (598.84,1902) size 78.92x23 contains 1 chunk(s)
        LayoutSVGInlineText {#text} at (598.84,1902) size 78.92x23
          chunk 1 text run 1 at (600.00,1920.00) startOffset 0 endOffset 11 width 77.76: "just a text"
      LayoutSVGText {text} at (698.84,1902) size 78.92x23 contains 1 chunk(s)
        LayoutSVGInlineText {#text} at (698.84,1902) size 78.92x23
          chunk 1 text run 1 at (700.00,1920.00) startOffset 0 endOffset 11 width 77.76: "just a text"
      LayoutSVGText {text} at (798.84,1902) size 78.92x23 contains 1 chunk(s)
        LayoutSVGInlineText {#text} at (798.84,1902) size 78.92x23
          chunk 1 text run 1 at (800.00,1920.00) startOffset 0 endOffset 11 width 77.76: "just a text"
      LayoutSVGText {text} at (898.84,1902) size 78.92x23 contains 1 chunk(s)
        LayoutSVGInlineText {#text} at (898.84,1902) size 78.92x23
          chunk 1 text run 1 at (900.00,1920.00) startOffset 0 endOffset 11 width 77.76: "just a text"
      LayoutSVGText {text} at (998.84,1902) size 78.92x23 contains 1 chunk(s)
        LayoutSVGInlineText {#text} at (998.84,1902) size 78.92x23
          chunk 1 text run 1 at (1000.00,1920.00) startOffset 0 endOffset 11 width 77.76: "just a text"
      LayoutSVGText {text} at (1098.84,1902) size 78.92x23 contains 1 chunk(s)
        LayoutSVGInlineText {#text} at (1098.84,1902) size 78.92x23
          chunk 1 text run 1 at (1100.00,1920.00) startOffset 0 endOffset 11 width 77.76: "just a text"
      LayoutSVGText {text} at (1198.84,1902) size 78.92x23 contains 1 chunk(s)
        LayoutSVGInlineText {#text} at (1198.84,1902) size 78.92x23
          chunk 1 text run 1 at (1200.00,1920.00) startOffset 0 endOffset 11 width 77.76: "just a text"
      LayoutSVGText {text} at (1298.84,1902) size 78.92x23 contains 1 chunk(s)
        LayoutSVGInlineText {#text} at (1298.84,1902) size 78.92x23
          chunk 1 text run 1 at (1300.00,1920.00) startOffset 0 endOffset 11 width 77.76: "just a text"
      LayoutSVGText {text} at (1398.84,1902) size 78.92x23 contains 1 chunk(s)
        LayoutSVGInlineText {#text} at (1398.84,1902) size 78.92x23
          chunk 1 text run 1 at (1400.00,1920.00) startOffset 0 endOffset 11 width 77.76: "just a text"
      LayoutSVGText {text} at (1498.84,1902) size 78.92x23 contains 1 chunk(s)
        LayoutSVGInlineText {#text} at (1498.84,1902) size 78.92x23
          chunk 1 text run 1 at (1500.00,1920.00) startOffset 0 endOffset 11 width 77.76: "just a text"
      LayoutSVGText {text} at (1598.84,1902) size 78.92x23 contains 1 chunk(s)
        LayoutSVGInlineText {#text} at (1598.84,1902) size 78.92x23
          chunk 1 text run 1 at (1600.00,1920.00) startOffset 0 endOffset 11 width 77.76: "just a text"
      LayoutSVGText {text} at (1698.84,1902) size 78.92x23 contains 1 chunk(s)
        LayoutSVGInlineText {#text} at (1698.84,1902) size 78.92x23
          chunk 1 text run 1 at (1700.00,1920.00) startOffset 0 endOffset 11 width 77.76: "just a text"
      LayoutSVGText {text} at (1798.84,1902) size 78.92x23 contains 1 chunk(s)
        LayoutSVGInlineText {#text} at (1798.84,1902) size 78.92x23
          chunk 1 text run 1 at (1800.00,1920.00) startOffset 0 endOffset 11 width 77.76: "just a text"
      LayoutSVGText {text} at (1898.84,1902) size 78.92x23 contains 1 chunk(s)
        LayoutSVGInlineText {#text} at (1898.84,1902) size 78.92x23
          chunk 1 text run 1 at (1900.00,1920.00) startOffset 0 endOffset 11 width 77.76: "just a text"
      LayoutSVGText {text} at (1998.84,1902) size 78.92x23 contains 1 chunk(s)
        LayoutSVGInlineText {#text} at (1998.84,1902) size 78.92x23
          chunk 1 text run 1 at (2000.00,1920.00) startOffset 0 endOffset 11 width 77.76: "just a text"
      LayoutSVGText {text} at (2098.84,1902) size 78.92x23 contains 1 chunk(s)
        LayoutSVGInlineText {#text} at (2098.84,1902) size 78.92x23
          chunk 1 text run 1 at (2100.00,1920.00) startOffset 0 endOffset 11 width 77.76: "just a text"
      LayoutSVGText {text} at (2198.84,1902) size 78.92x23 contains 1 chunk(s)
        LayoutSVGInlineText {#text} at (2198.84,1902) size 78.92x23
          chunk 1 text run 1 at (2200.00,1920.00) startOffset 0 endOffset 11 width 77.76: "just a text"
      LayoutSVGText {text} at (2298.84,1902) size 78.92x23 contains 1 chunk(s)
        LayoutSVGInlineText {#text} at (2298.84,1902) size 78.92x23
          chunk 1 text run 1 at (2300.00,1920.00) startOffset 0 endOffset 11 width 77.76: "just a text"
      LayoutSVGText {text} at (2398.84,1902) size 78.92x23 contains 1 chunk(s)
        LayoutSVGInlineText {#text} at (2398.84,1902) size 78.92x23
          chunk 1 text run 1 at (2400.00,1920.00) startOffset 0 endOffset 11 width 77.76: "just a text"
      LayoutSVGText {text} at (2498.84,1902) size 78.92x23 contains 1 chunk(s)
        LayoutSVGInlineText {#text} at (2498.84,1902) size 78.92x23
          chunk 1 text run 1 at (2500.00,1920.00) startOffset 0 endOffset 11 width 77.76: "just a text"
      LayoutSVGText {text} at (2598.84,1902) size 78.92x23 contains 1 chunk(s)
        LayoutSVGInlineText {#text} at (2598.84,1902) size 78.92x23
          chunk 1 text run 1 at (2600.00,1920.00) startOffset 0 endOffset 11 width 77.76: "just a text"
      LayoutSVGText {text} at (2698.84,1902) size 78.92x23 contains 1 chunk(s)
        LayoutSVGInlineText {#text} at (2698.84,1902) size 78.92x23
          chunk 1 text run 1 at (2700.00,1920.00) startOffset 0 endOffset 11 width 77.76: "just a text"
      LayoutSVGText {text} at (2798.84,1902) size 78.92x23 contains 1 chunk(s)
        LayoutSVGInlineText {#text} at (2798.84,1902) size 78.92x23
          chunk 1 text run 1 at (2800.00,1920.00) startOffset 0 endOffset 11 width 77.76: "just a text"
      LayoutSVGText {text} at (2898.84,1902) size 78.92x23 contains 1 chunk(s)
        LayoutSVGInlineText {#text} at (2898.84,1902) size 78.92x23
          chunk 1 text run 1 at (2900.00,1920.00) startOffset 0 endOffset 11 width 77.76: "just a text"
      LayoutSVGText {text} at (2998.84,1902) size 78.92x23 contains 1 chunk(s)
        LayoutSVGInlineText {#text} at (2998.84,1902) size 78.92x23
          chunk 1 text run 1 at (3000.00,1920.00) startOffset 0 endOffset 11 width 77.76: "just a text"
      LayoutSVGText {text} at (3098.84,1902) size 78.92x23 contains 1 chunk(s)
        LayoutSVGInlineText {#text} at (3098.84,1902) size 78.92x23
          chunk 1 text run 1 at (3100.00,1920.00) startOffset 0 endOffset 11 width 77.76: "just a text"
      LayoutSVGText {text} at (3198.84,1902) size 78.92x23 contains 1 chunk(s)
        LayoutSVGInlineText {#text} at (3198.84,1902) size 78.92x23
          chunk 1 text run 1 at (3200.00,1920.00) startOffset 0 endOffset 11 width 77.76: "just a text"
      LayoutSVGText {text} at (3298.84,1902) size 78.92x23 contains 1 chunk(s)
        LayoutSVGInlineText {#text} at (3298.84,1902) size 78.92x23
          chunk 1 text run 1 at (3300.00,1920.00) startOffset 0 endOffset 11 width 77.76: "just a text"
      LayoutSVGText {text} at (3398.84,1902) size 78.92x23 contains 1 chunk(s)
        LayoutSVGInlineText {#text} at (3398.84,1902) size 78.92x23
          chunk 1 text run 1 at (3400.00,1920.00) startOffset 0 endOffset 11 width 77.76: "just a text"
      LayoutSVGText {text} at (3498.84,1902) size 78.92x23 contains 1 chunk(s)
        LayoutSVGInlineText {#text} at (3498.84,1902) size 78.92x23
          chunk 1 text run 1 at (3500.00,1920.00) startOffset 0 endOffset 11 width 77.76: "just a text"
      LayoutSVGText {text} at (3598.84,1902) size 78.92x23 contains 1 chunk(s)
        LayoutSVGInlineText {#text} at (3598.84,1902) size 78.92x23
          chunk 1 text run 1 at (3600.00,1920.00) startOffset 0 endOffset 11 width 77.76: "just a text"
      LayoutSVGText {text} at (3698.84,1902) size 78.92x23 contains 1 chunk(s)
        LayoutSVGInlineText {#text} at (3698.84,1902) size 78.92x23
          chunk 1 text run 1 at (3700.00,1920.00) startOffset 0 endOffset 11 width 77.76: "just a text"
      LayoutSVGText {text} at (3798.84,1902) size 78.92x23 contains 1 chunk(s)
        LayoutSVGInlineText {#text} at (3798.84,1902) size 78.92x23
          chunk 1 text run 1 at (3800.00,1920.00) startOffset 0 endOffset 11 width 77.76: "just a text"
      LayoutSVGText {text} at (3898.84,1902) size 78.92x23 contains 1 chunk(s)
        LayoutSVGInlineText {#text} at (3898.84,1902) size 78.92x23
          chunk 1 text run 1 at (3900.00,1920.00) startOffset 0 endOffset 11 width 77.76: "just a text"
      LayoutSVGText {text} at (3998.84,1902) size 78.92x23 contains 1 chunk(s)
        LayoutSVGInlineText {#text} at (3998.84,1902) size 78.92x23
          chunk 1 text run 1 at (4000.00,1920.00) startOffset 0 endOffset 11 width 77.76: "just a text"
      LayoutSVGText {text} at (4098.84,1902) size 78.92x23 contains 1 chunk(s)
        LayoutSVGInlineText {#text} at (4098.84,1902) size 78.92x23
          chunk 1 text run 1 at (4100.00,1920.00) startOffset 0 endOffset 11 width 77.76: "just a text"
      LayoutSVGText {text} at (4198.84,1902) size 78.92x23 contains 1 chunk(s)
        LayoutSVGInlineText {#text} at (4198.84,1902) size 78.92x23
          chunk 1 text run 1 at (4200.00,1920.00) startOffset 0 endOffset 11 width 77.76: "just a text"
      LayoutSVGText {text} at (4298.84,1902) size 78.92x23 contains 1 chunk(s)
        LayoutSVGInlineText {#text} at (4298.84,1902) size 78.92x23
          chunk 1 text run 1 at (4300.00,1920.00) startOffset 0 endOffset 11 width 77.76: "just a text"
      LayoutSVGText {text} at (4398.84,1902) size 78.92x23 contains 1 chunk(s)
        LayoutSVGInlineText {#text} at (4398.84,1902) size 78.92x23
          chunk 1 text run 1 at (4400.00,1920.00) startOffset 0 endOffset 11 width 77.76: "just a text"
      LayoutSVGText {text} at (4498.84,1902) size 78.92x23 contains 1 chunk(s)
        LayoutSVGInlineText {#text} at (4498.84,1902) size 78.92x23
          chunk 1 text run 1 at (4500.00,1920.00) startOffset 0 endOffset 11 width 77.76: "just a text"
      LayoutSVGText {text} at (4598.84,1902) size 78.92x23 contains 1 chunk(s)
        LayoutSVGInlineText {#text} at (4598.84,1902) size 78.92x23
          chunk 1 text run 1 at (4600.00,1920.00) startOffset 0 endOffset 11 width 77.76: "just a text"
      LayoutSVGText {text} at (4698.84,1902) size 78.92x23 contains 1 chunk(s)
        LayoutSVGInlineText {#text} at (4698.84,1902) size 78.92x23
          chunk 1 text run 1 at (4700.00,1920.00) startOffset 0 endOffset 11 width 77.76: "just a text"
      LayoutSVGText {text} at (4798.84,1902) size 78.92x23 contains 1 chunk(s)
        LayoutSVGInlineText {#text} at (4798.84,1902) size 78.92x23
          chunk 1 text run 1 at (4800.00,1920.00) startOffset 0 endOffset 11 width 77.76: "just a text"
      LayoutSVGText {text} at (4898.84,1902) size 78.92x23 contains 1 chunk(s)
        LayoutSVGInlineText {#text} at (4898.84,1902) size 78.92x23
          chunk 1 text run 1 at (4900.00,1920.00) startOffset 0 endOffset 11 width 77.76: "just a text"
      LayoutSVGText {text} at (-1.14,2002) size 78.92x23 contains 1 chunk(s)
        LayoutSVGInlineText {#text} at (-1.14,2002) size 78.92x23
          chunk 1 text run 1 at (0.00,2020.00) startOffset 0 endOffset 11 width 77.76: "just a text"
      LayoutSVGText {text} at (98.84,2002) size 78.92x23 contains 1 chunk(s)
        LayoutSVGInlineText {#text} at (98.84,2002) size 78.92x23
          chunk 1 text run 1 at (100.00,2020.00) startOffset 0 endOffset 11 width 77.76: "just a text"
      LayoutSVGText {text} at (198.84,2002) size 78.92x23 contains 1 chunk(s)
        LayoutSVGInlineText {#text} at (198.84,2002) size 78.92x23
          chunk 1 text run 1 at (200.00,2020.00) startOffset 0 endOffset 11 width 77.76: "just a text"
      LayoutSVGText {text} at (298.84,2002) size 78.92x23 contains 1 chunk(s)
        LayoutSVGInlineText {#text} at (298.84,2002) size 78.92x23
          chunk 1 text run 1 at (300.00,2020.00) startOffset 0 endOffset 11 width 77.76: "just a text"
      LayoutSVGText {text} at (398.84,2002) size 78.92x23 contains 1 chunk(s)
        LayoutSVGInlineText {#text} at (398.84,2002) size 78.92x23
          chunk 1 text run 1 at (400.00,2020.00) startOffset 0 endOffset 11 width 77.76: "just a text"
      LayoutSVGText {text} at (498.84,2002) size 78.92x23 contains 1 chunk(s)
        LayoutSVGInlineText {#text} at (498.84,2002) size 78.92x23
          chunk 1 text run 1 at (500.00,2020.00) startOffset 0 endOffset 11 width 77.76: "just a text"
      LayoutSVGText {text} at (598.84,2002) size 78.92x23 contains 1 chunk(s)
        LayoutSVGInlineText {#text} at (598.84,2002) size 78.92x23
          chunk 1 text run 1 at (600.00,2020.00) startOffset 0 endOffset 11 width 77.76: "just a text"
      LayoutSVGText {text} at (698.84,2002) size 78.92x23 contains 1 chunk(s)
        LayoutSVGInlineText {#text} at (698.84,2002) size 78.92x23
          chunk 1 text run 1 at (700.00,2020.00) startOffset 0 endOffset 11 width 77.76: "just a text"
      LayoutSVGText {text} at (798.84,2002) size 78.92x23 contains 1 chunk(s)
        LayoutSVGInlineText {#text} at (798.84,2002) size 78.92x23
          chunk 1 text run 1 at (800.00,2020.00) startOffset 0 endOffset 11 width 77.76: "just a text"
      LayoutSVGText {text} at (898.84,2002) size 78.92x23 contains 1 chunk(s)
        LayoutSVGInlineText {#text} at (898.84,2002) size 78.92x23
          chunk 1 text run 1 at (900.00,2020.00) startOffset 0 endOffset 11 width 77.76: "just a text"
      LayoutSVGText {text} at (998.84,2002) size 78.92x23 contains 1 chunk(s)
        LayoutSVGInlineText {#text} at (998.84,2002) size 78.92x23
          chunk 1 text run 1 at (1000.00,2020.00) startOffset 0 endOffset 11 width 77.76: "just a text"
      LayoutSVGText {text} at (1098.84,2002) size 78.92x23 contains 1 chunk(s)
        LayoutSVGInlineText {#text} at (1098.84,2002) size 78.92x23
          chunk 1 text run 1 at (1100.00,2020.00) startOffset 0 endOffset 11 width 77.76: "just a text"
      LayoutSVGText {text} at (1198.84,2002) size 78.92x23 contains 1 chunk(s)
        LayoutSVGInlineText {#text} at (1198.84,2002) size 78.92x23
          chunk 1 text run 1 at (1200.00,2020.00) startOffset 0 endOffset 11 width 77.76: "just a text"
      LayoutSVGText {text} at (1298.84,2002) size 78.92x23 contains 1 chunk(s)
        LayoutSVGInlineText {#text} at (1298.84,2002) size 78.92x23
          chunk 1 text run 1 at (1300.00,2020.00) startOffset 0 endOffset 11 width 77.76: "just a text"
      LayoutSVGText {text} at (1398.84,2002) size 78.92x23 contains 1 chunk(s)
        LayoutSVGInlineText {#text} at (1398.84,2002) size 78.92x23
          chunk 1 text run 1 at (1400.00,2020.00) startOffset 0 endOffset 11 width 77.76: "just a text"
      LayoutSVGText {text} at (1498.84,2002) size 78.92x23 contains 1 chunk(s)
        LayoutSVGInlineText {#text} at (1498.84,2002) size 78.92x23
          chunk 1 text run 1 at (1500.00,2020.00) startOffset 0 endOffset 11 width 77.76: "just a text"
      LayoutSVGText {text} at (1598.84,2002) size 78.92x23 contains 1 chunk(s)
        LayoutSVGInlineText {#text} at (1598.84,2002) size 78.92x23
          chunk 1 text run 1 at (1600.00,2020.00) startOffset 0 endOffset 11 width 77.76: "just a text"
      LayoutSVGText {text} at (1698.84,2002) size 78.92x23 contains 1 chunk(s)
        LayoutSVGInlineText {#text} at (1698.84,2002) size 78.92x23
          chunk 1 text run 1 at (1700.00,2020.00) startOffset 0 endOffset 11 width 77.76: "just a text"
      LayoutSVGText {text} at (1798.84,2002) size 78.92x23 contains 1 chunk(s)
        LayoutSVGInlineText {#text} at (1798.84,2002) size 78.92x23
          chunk 1 text run 1 at (1800.00,2020.00) startOffset 0 endOffset 11 width 77.76: "just a text"
      LayoutSVGText {text} at (1898.84,2002) size 78.92x23 contains 1 chunk(s)
        LayoutSVGInlineText {#text} at (1898.84,2002) size 78.92x23
          chunk 1 text run 1 at (1900.00,2020.00) startOffset 0 endOffset 11 width 77.76: "just a text"
      LayoutSVGText {text} at (1998.84,2002) size 78.92x23 contains 1 chunk(s)
        LayoutSVGInlineText {#text} at (1998.84,2002) size 78.92x23
          chunk 1 text run 1 at (2000.00,2020.00) startOffset 0 endOffset 11 width 77.76: "just a text"
      LayoutSVGText {text} at (2098.84,2002) size 78.92x23 contains 1 chunk(s)
        LayoutSVGInlineText {#text} at (2098.84,2002) size 78.92x23
          chunk 1 text run 1 at (2100.00,2020.00) startOffset 0 endOffset 11 width 77.76: "just a text"
      LayoutSVGText {text} at (2198.84,2002) size 78.92x23 contains 1 chunk(s)
        LayoutSVGInlineText {#text} at (2198.84,2002) size 78.92x23
          chunk 1 text run 1 at (2200.00,2020.00) startOffset 0 endOffset 11 width 77.76: "just a text"
      LayoutSVGText {text} at (2298.84,2002) size 78.92x23 contains 1 chunk(s)
        LayoutSVGInlineText {#text} at (2298.84,2002) size 78.92x23
          chunk 1 text run 1 at (2300.00,2020.00) startOffset 0 endOffset 11 width 77.76: "just a text"
      LayoutSVGText {text} at (2398.84,2002) size 78.92x23 contains 1 chunk(s)
        LayoutSVGInlineText {#text} at (2398.84,2002) size 78.92x23
          chunk 1 text run 1 at (2400.00,2020.00) startOffset 0 endOffset 11 width 77.76: "just a text"
      LayoutSVGText {text} at (2498.84,2002) size 78.92x23 contains 1 chunk(s)
        LayoutSVGInlineText {#text} at (2498.84,2002) size 78.92x23
          chunk 1 text run 1 at (2500.00,2020.00) startOffset 0 endOffset 11 width 77.76: "just a text"
      LayoutSVGText {text} at (2598.84,2002) size 78.92x23 contains 1 chunk(s)
        LayoutSVGInlineText {#text} at (2598.84,2002) size 78.92x23
          chunk 1 text run 1 at (2600.00,2020.00) startOffset 0 endOffset 11 width 77.76: "just a text"
      LayoutSVGText {text} at (2698.84,2002) size 78.92x23 contains 1 chunk(s)
        LayoutSVGInlineText {#text} at (2698.84,2002) size 78.92x23
          chunk 1 text run 1 at (2700.00,2020.00) startOffset 0 endOffset 11 width 77.76: "just a text"
      LayoutSVGText {text} at (2798.84,2002) size 78.92x23 contains 1 chunk(s)
        LayoutSVGInlineText {#text} at (2798.84,2002) size 78.92x23
          chunk 1 text run 1 at (2800.00,2020.00) startOffset 0 endOffset 11 width 77.76: "just a text"
      LayoutSVGText {text} at (2898.84,2002) size 78.92x23 contains 1 chunk(s)
        LayoutSVGInlineText {#text} at (2898.84,2002) size 78.92x23
          chunk 1 text run 1 at (2900.00,2020.00) startOffset 0 endOffset 11 width 77.76: "just a text"
      LayoutSVGText {text} at (2998.84,2002) size 78.92x23 contains 1 chunk(s)
        LayoutSVGInlineText {#text} at (2998.84,2002) size 78.92x23
          chunk 1 text run 1 at (3000.00,2020.00) startOffset 0 endOffset 11 width 77.76: "just a text"
      LayoutSVGText {text} at (3098.84,2002) size 78.92x23 contains 1 chunk(s)
        LayoutSVGInlineText {#text} at (3098.84,2002) size 78.92x23
          chunk 1 text run 1 at (3100.00,2020.00) startOffset 0 endOffset 11 width 77.76: "just a text"
      LayoutSVGText {text} at (3198.84,2002) size 78.92x23 contains 1 chunk(s)
        LayoutSVGInlineText {#text} at (3198.84,2002) size 78.92x23
          chunk 1 text run 1 at (3200.00,2020.00) startOffset 0 endOffset 11 width 77.76: "just a text"
      LayoutSVGText {text} at (3298.84,2002) size 78.92x23 contains 1 chunk(s)
        LayoutSVGInlineText {#text} at (3298.84,2002) size 78.92x23
          chunk 1 text run 1 at (3300.00,2020.00) startOffset 0 endOffset 11 width 77.76: "just a text"
      LayoutSVGText {text} at (3398.84,2002) size 78.92x23 contains 1 chunk(s)
        LayoutSVGInlineText {#text} at (3398.84,2002) size 78.92x23
          chunk 1 text run 1 at (3400.00,2020.00) startOffset 0 endOffset 11 width 77.76: "just a text"
      LayoutSVGText {text} at (3498.84,2002) size 78.92x23 contains 1 chunk(s)
        LayoutSVGInlineText {#text} at (3498.84,2002) size 78.92x23
          chunk 1 text run 1 at (3500.00,2020.00) startOffset 0 endOffset 11 width 77.76: "just a text"
      LayoutSVGText {text} at (3598.84,2002) size 78.92x23 contains 1 chunk(s)
        LayoutSVGInlineText {#text} at (3598.84,2002) size 78.92x23
          chunk 1 text run 1 at (3600.00,2020.00) startOffset 0 endOffset 11 width 77.76: "just a text"
      LayoutSVGText {text} at (3698.84,2002) size 78.92x23 contains 1 chunk(s)
        LayoutSVGInlineText {#text} at (3698.84,2002) size 78.92x23
          chunk 1 text run 1 at (3700.00,2020.00) startOffset 0 endOffset 11 width 77.76: "just a text"
      LayoutSVGText {text} at (3798.84,2002) size 78.92x23 contains 1 chunk(s)
        LayoutSVGInlineText {#text} at (3798.84,2002) size 78.92x23
          chunk 1 text run 1 at (3800.00,2020.00) startOffset 0 endOffset 11 width 77.76: "just a text"
      LayoutSVGText {text} at (3898.84,2002) size 78.92x23 contains 1 chunk(s)
        LayoutSVGInlineText {#text} at (3898.84,2002) size 78.92x23
          chunk 1 text run 1 at (3900.00,2020.00) startOffset 0 endOffset 11 width 77.76: "just a text"
      LayoutSVGText {text} at (3998.84,2002) size 78.92x23 contains 1 chunk(s)
        LayoutSVGInlineText {#text} at (3998.84,2002) size 78.92x23
          chunk 1 text run 1 at (4000.00,2020.00) startOffset 0 endOffset 11 width 77.76: "just a text"
      LayoutSVGText {text} at (4098.84,2002) size 78.92x23 contains 1 chunk(s)
        LayoutSVGInlineText {#text} at (4098.84,2002) size 78.92x23
          chunk 1 text run 1 at (4100.00,2020.00) startOffset 0 endOffset 11 width 77.76: "just a text"
      LayoutSVGText {text} at (4198.84,2002) size 78.92x23 contains 1 chunk(s)
        LayoutSVGInlineText {#text} at (4198.84,2002) size 78.92x23
          chunk 1 text run 1 at (4200.00,2020.00) startOffset 0 endOffset 11 width 77.76: "just a text"
      LayoutSVGText {text} at (4298.84,2002) size 78.92x23 contains 1 chunk(s)
        LayoutSVGInlineText {#text} at (4298.84,2002) size 78.92x23
          chunk 1 text run 1 at (4300.00,2020.00) startOffset 0 endOffset 11 width 77.76: "just a text"
      LayoutSVGText {text} at (4398.84,2002) size 78.92x23 contains 1 chunk(s)
        LayoutSVGInlineText {#text} at (4398.84,2002) size 78.92x23
          chunk 1 text run 1 at (4400.00,2020.00) startOffset 0 endOffset 11 width 77.76: "just a text"
      LayoutSVGText {text} at (4498.84,2002) size 78.92x23 contains 1 chunk(s)
        LayoutSVGInlineText {#text} at (4498.84,2002) size 78.92x23
          chunk 1 text run 1 at (4500.00,2020.00) startOffset 0 endOffset 11 width 77.76: "just a text"
      LayoutSVGText {text} at (4598.84,2002) size 78.92x23 contains 1 chunk(s)
        LayoutSVGInlineText {#text} at (4598.84,2002) size 78.92x23
          chunk 1 text run 1 at (4600.00,2020.00) startOffset 0 endOffset 11 width 77.76: "just a text"
      LayoutSVGText {text} at (4698.84,2002) size 78.92x23 contains 1 chunk(s)
        LayoutSVGInlineText {#text} at (4698.84,2002) size 78.92x23
          chunk 1 text run 1 at (4700.00,2020.00) startOffset 0 endOffset 11 width 77.76: "just a text"
      LayoutSVGText {text} at (4798.84,2002) size 78.92x23 contains 1 chunk(s)
        LayoutSVGInlineText {#text} at (4798.84,2002) size 78.92x23
          chunk 1 text run 1 at (4800.00,2020.00) startOffset 0 endOffset 11 width 77.76: "just a text"
      LayoutSVGText {text} at (4898.84,2002) size 78.92x23 contains 1 chunk(s)
        LayoutSVGInlineText {#text} at (4898.84,2002) size 78.92x23
          chunk 1 text run 1 at (4900.00,2020.00) startOffset 0 endOffset 11 width 77.76: "just a text"
      LayoutSVGText {text} at (-1.14,2102) size 78.92x23 contains 1 chunk(s)
        LayoutSVGInlineText {#text} at (-1.14,2102) size 78.92x23
          chunk 1 text run 1 at (0.00,2120.00) startOffset 0 endOffset 11 width 77.76: "just a text"
      LayoutSVGText {text} at (98.84,2102) size 78.92x23 contains 1 chunk(s)
        LayoutSVGInlineText {#text} at (98.84,2102) size 78.92x23
          chunk 1 text run 1 at (100.00,2120.00) startOffset 0 endOffset 11 width 77.76: "just a text"
      LayoutSVGText {text} at (198.84,2102) size 78.92x23 contains 1 chunk(s)
        LayoutSVGInlineText {#text} at (198.84,2102) size 78.92x23
          chunk 1 text run 1 at (200.00,2120.00) startOffset 0 endOffset 11 width 77.76: "just a text"
      LayoutSVGText {text} at (298.84,2102) size 78.92x23 contains 1 chunk(s)
        LayoutSVGInlineText {#text} at (298.84,2102) size 78.92x23
          chunk 1 text run 1 at (300.00,2120.00) startOffset 0 endOffset 11 width 77.76: "just a text"
      LayoutSVGText {text} at (398.84,2102) size 78.92x23 contains 1 chunk(s)
        LayoutSVGInlineText {#text} at (398.84,2102) size 78.92x23
          chunk 1 text run 1 at (400.00,2120.00) startOffset 0 endOffset 11 width 77.76: "just a text"
      LayoutSVGText {text} at (498.84,2102) size 78.92x23 contains 1 chunk(s)
        LayoutSVGInlineText {#text} at (498.84,2102) size 78.92x23
          chunk 1 text run 1 at (500.00,2120.00) startOffset 0 endOffset 11 width 77.76: "just a text"
      LayoutSVGText {text} at (598.84,2102) size 78.92x23 contains 1 chunk(s)
        LayoutSVGInlineText {#text} at (598.84,2102) size 78.92x23
          chunk 1 text run 1 at (600.00,2120.00) startOffset 0 endOffset 11 width 77.76: "just a text"
      LayoutSVGText {text} at (698.84,2102) size 78.92x23 contains 1 chunk(s)
        LayoutSVGInlineText {#text} at (698.84,2102) size 78.92x23
          chunk 1 text run 1 at (700.00,2120.00) startOffset 0 endOffset 11 width 77.76: "just a text"
      LayoutSVGText {text} at (798.84,2102) size 78.92x23 contains 1 chunk(s)
        LayoutSVGInlineText {#text} at (798.84,2102) size 78.92x23
          chunk 1 text run 1 at (800.00,2120.00) startOffset 0 endOffset 11 width 77.76: "just a text"
      LayoutSVGText {text} at (898.84,2102) size 78.92x23 contains 1 chunk(s)
        LayoutSVGInlineText {#text} at (898.84,2102) size 78.92x23
          chunk 1 text run 1 at (900.00,2120.00) startOffset 0 endOffset 11 width 77.76: "just a text"
      LayoutSVGText {text} at (998.84,2102) size 78.92x23 contains 1 chunk(s)
        LayoutSVGInlineText {#text} at (998.84,2102) size 78.92x23
          chunk 1 text run 1 at (1000.00,2120.00) startOffset 0 endOffset 11 width 77.76: "just a text"
      LayoutSVGText {text} at (1098.84,2102) size 78.92x23 contains 1 chunk(s)
        LayoutSVGInlineText {#text} at (1098.84,2102) size 78.92x23
          chunk 1 text run 1 at (1100.00,2120.00) startOffset 0 endOffset 11 width 77.76: "just a text"
      LayoutSVGText {text} at (1198.84,2102) size 78.92x23 contains 1 chunk(s)
        LayoutSVGInlineText {#text} at (1198.84,2102) size 78.92x23
          chunk 1 text run 1 at (1200.00,2120.00) startOffset 0 endOffset 11 width 77.76: "just a text"
      LayoutSVGText {text} at (1298.84,2102) size 78.92x23 contains 1 chunk(s)
        LayoutSVGInlineText {#text} at (1298.84,2102) size 78.92x23
          chunk 1 text run 1 at (1300.00,2120.00) startOffset 0 endOffset 11 width 77.76: "just a text"
      LayoutSVGText {text} at (1398.84,2102) size 78.92x23 contains 1 chunk(s)
        LayoutSVGInlineText {#text} at (1398.84,2102) size 78.92x23
          chunk 1 text run 1 at (1400.00,2120.00) startOffset 0 endOffset 11 width 77.76: "just a text"
      LayoutSVGText {text} at (1498.84,2102) size 78.92x23 contains 1 chunk(s)
        LayoutSVGInlineText {#text} at (1498.84,2102) size 78.92x23
          chunk 1 text run 1 at (1500.00,2120.00) startOffset 0 endOffset 11 width 77.76: "just a text"
      LayoutSVGText {text} at (1598.84,2102) size 78.92x23 contains 1 chunk(s)
        LayoutSVGInlineText {#text} at (1598.84,2102) size 78.92x23
          chunk 1 text run 1 at (1600.00,2120.00) startOffset 0 endOffset 11 width 77.76: "just a text"
      LayoutSVGText {text} at (1698.84,2102) size 78.92x23 contains 1 chunk(s)
        LayoutSVGInlineText {#text} at (1698.84,2102) size 78.92x23
          chunk 1 text run 1 at (1700.00,2120.00) startOffset 0 endOffset 11 width 77.76: "just a text"
      LayoutSVGText {text} at (1798.84,2102) size 78.92x23 contains 1 chunk(s)
        LayoutSVGInlineText {#text} at (1798.84,2102) size 78.92x23
          chunk 1 text run 1 at (1800.00,2120.00) startOffset 0 endOffset 11 width 77.76: "just a text"
      LayoutSVGText {text} at (1898.84,2102) size 78.92x23 contains 1 chunk(s)
        LayoutSVGInlineText {#text} at (1898.84,2102) size 78.92x23
          chunk 1 text run 1 at (1900.00,2120.00) startOffset 0 endOffset 11 width 77.76: "just a text"
      LayoutSVGText {text} at (1998.84,2102) size 78.92x23 contains 1 chunk(s)
        LayoutSVGInlineText {#text} at (1998.84,2102) size 78.92x23
          chunk 1 text run 1 at (2000.00,2120.00) startOffset 0 endOffset 11 width 77.76: "just a text"
      LayoutSVGText {text} at (2098.84,2102) size 78.92x23 contains 1 chunk(s)
        LayoutSVGInlineText {#text} at (2098.84,2102) size 78.92x23
          chunk 1 text run 1 at (2100.00,2120.00) startOffset 0 endOffset 11 width 77.76: "just a text"
      LayoutSVGText {text} at (2198.84,2102) size 78.92x23 contains 1 chunk(s)
        LayoutSVGInlineText {#text} at (2198.84,2102) size 78.92x23
          chunk 1 text run 1 at (2200.00,2120.00) startOffset 0 endOffset 11 width 77.76: "just a text"
      LayoutSVGText {text} at (2298.84,2102) size 78.92x23 contains 1 chunk(s)
        LayoutSVGInlineText {#text} at (2298.84,2102) size 78.92x23
          chunk 1 text run 1 at (2300.00,2120.00) startOffset 0 endOffset 11 width 77.76: "just a text"
      LayoutSVGText {text} at (2398.84,2102) size 78.92x23 contains 1 chunk(s)
        LayoutSVGInlineText {#text} at (2398.84,2102) size 78.92x23
          chunk 1 text run 1 at (2400.00,2120.00) startOffset 0 endOffset 11 width 77.76: "just a text"
      LayoutSVGText {text} at (2498.84,2102) size 78.92x23 contains 1 chunk(s)
        LayoutSVGInlineText {#text} at (2498.84,2102) size 78.92x23
          chunk 1 text run 1 at (2500.00,2120.00) startOffset 0 endOffset 11 width 77.76: "just a text"
      LayoutSVGText {text} at (2598.84,2102) size 78.92x23 contains 1 chunk(s)
        LayoutSVGInlineText {#text} at (2598.84,2102) size 78.92x23
          chunk 1 text run 1 at (2600.00,2120.00) startOffset 0 endOffset 11 width 77.76: "just a text"
      LayoutSVGText {text} at (2698.84,2102) size 78.92x23 contains 1 chunk(s)
        LayoutSVGInlineText {#text} at (2698.84,2102) size 78.92x23
          chunk 1 text run 1 at (2700.00,2120.00) startOffset 0 endOffset 11 width 77.76: "just a text"
      LayoutSVGText {text} at (2798.84,2102) size 78.92x23 contains 1 chunk(s)
        LayoutSVGInlineText {#text} at (2798.84,2102) size 78.92x23
          chunk 1 text run 1 at (2800.00,2120.00) startOffset 0 endOffset 11 width 77.76: "just a text"
      LayoutSVGText {text} at (2898.84,2102) size 78.92x23 contains 1 chunk(s)
        LayoutSVGInlineText {#text} at (2898.84,2102) size 78.92x23
          chunk 1 text run 1 at (2900.00,2120.00) startOffset 0 endOffset 11 width 77.76: "just a text"
      LayoutSVGText {text} at (2998.84,2102) size 78.92x23 contains 1 chunk(s)
        LayoutSVGInlineText {#text} at (2998.84,2102) size 78.92x23
          chunk 1 text run 1 at (3000.00,2120.00) startOffset 0 endOffset 11 width 77.76: "just a text"
      LayoutSVGText {text} at (3098.84,2102) size 78.92x23 contains 1 chunk(s)
        LayoutSVGInlineText {#text} at (3098.84,2102) size 78.92x23
          chunk 1 text run 1 at (3100.00,2120.00) startOffset 0 endOffset 11 width 77.76: "just a text"
      LayoutSVGText {text} at (3198.84,2102) size 78.92x23 contains 1 chunk(s)
        LayoutSVGInlineText {#text} at (3198.84,2102) size 78.92x23
          chunk 1 text run 1 at (3200.00,2120.00) startOffset 0 endOffset 11 width 77.76: "just a text"
      LayoutSVGText {text} at (3298.84,2102) size 78.92x23 contains 1 chunk(s)
        LayoutSVGInlineText {#text} at (3298.84,2102) size 78.92x23
          chunk 1 text run 1 at (3300.00,2120.00) startOffset 0 endOffset 11 width 77.76: "just a text"
      LayoutSVGText {text} at (3398.84,2102) size 78.92x23 contains 1 chunk(s)
        LayoutSVGInlineText {#text} at (3398.84,2102) size 78.92x23
          chunk 1 text run 1 at (3400.00,2120.00) startOffset 0 endOffset 11 width 77.76: "just a text"
      LayoutSVGText {text} at (3498.84,2102) size 78.92x23 contains 1 chunk(s)
        LayoutSVGInlineText {#text} at (3498.84,2102) size 78.92x23
          chunk 1 text run 1 at (3500.00,2120.00) startOffset 0 endOffset 11 width 77.76: "just a text"
      LayoutSVGText {text} at (3598.84,2102) size 78.92x23 contains 1 chunk(s)
        LayoutSVGInlineText {#text} at (3598.84,2102) size 78.92x23
          chunk 1 text run 1 at (3600.00,2120.00) startOffset 0 endOffset 11 width 77.76: "just a text"
      LayoutSVGText {text} at (3698.84,2102) size 78.92x23 contains 1 chunk(s)
        LayoutSVGInlineText {#text} at (3698.84,2102) size 78.92x23
          chunk 1 text run 1 at (3700.00,2120.00) startOffset 0 endOffset 11 width 77.76: "just a text"
      LayoutSVGText {text} at (3798.84,2102) size 78.92x23 contains 1 chunk(s)
        LayoutSVGInlineText {#text} at (3798.84,2102) size 78.92x23
          chunk 1 text run 1 at (3800.00,2120.00) startOffset 0 endOffset 11 width 77.76: "just a text"
      LayoutSVGText {text} at (3898.84,2102) size 78.92x23 contains 1 chunk(s)
        LayoutSVGInlineText {#text} at (3898.84,2102) size 78.92x23
          chunk 1 text run 1 at (3900.00,2120.00) startOffset 0 endOffset 11 width 77.76: "just a text"
      LayoutSVGText {text} at (3998.84,2102) size 78.92x23 contains 1 chunk(s)
        LayoutSVGInlineText {#text} at (3998.84,2102) size 78.92x23
          chunk 1 text run 1 at (4000.00,2120.00) startOffset 0 endOffset 11 width 77.76: "just a text"
      LayoutSVGText {text} at (4098.84,2102) size 78.92x23 contains 1 chunk(s)
        LayoutSVGInlineText {#text} at (4098.84,2102) size 78.92x23
          chunk 1 text run 1 at (4100.00,2120.00) startOffset 0 endOffset 11 width 77.76: "just a text"
      LayoutSVGText {text} at (4198.84,2102) size 78.92x23 contains 1 chunk(s)
        LayoutSVGInlineText {#text} at (4198.84,2102) size 78.92x23
          chunk 1 text run 1 at (4200.00,2120.00) startOffset 0 endOffset 11 width 77.76: "just a text"
      LayoutSVGText {text} at (4298.84,2102) size 78.92x23 contains 1 chunk(s)
        LayoutSVGInlineText {#text} at (4298.84,2102) size 78.92x23
          chunk 1 text run 1 at (4300.00,2120.00) startOffset 0 endOffset 11 width 77.76: "just a text"
      LayoutSVGText {text} at (4398.84,2102) size 78.92x23 contains 1 chunk(s)
        LayoutSVGInlineText {#text} at (4398.84,2102) size 78.92x23
          chunk 1 text run 1 at (4400.00,2120.00) startOffset 0 endOffset 11 width 77.76: "just a text"
      LayoutSVGText {text} at (4498.84,2102) size 78.92x23 contains 1 chunk(s)
        LayoutSVGInlineText {#text} at (4498.84,2102) size 78.92x23
          chunk 1 text run 1 at (4500.00,2120.00) startOffset 0 endOffset 11 width 77.76: "just a text"
      LayoutSVGText {text} at (4598.84,2102) size 78.92x23 contains 1 chunk(s)
        LayoutSVGInlineText {#text} at (4598.84,2102) size 78.92x23
          chunk 1 text run 1 at (4600.00,2120.00) startOffset 0 endOffset 11 width 77.76: "just a text"
      LayoutSVGText {text} at (4698.84,2102) size 78.92x23 contains 1 chunk(s)
        LayoutSVGInlineText {#text} at (4698.84,2102) size 78.92x23
          chunk 1 text run 1 at (4700.00,2120.00) startOffset 0 endOffset 11 width 77.76: "just a text"
      LayoutSVGText {text} at (4798.84,2102) size 78.92x23 contains 1 chunk(s)
        LayoutSVGInlineText {#text} at (4798.84,2102) size 78.92x23
          chunk 1 text run 1 at (4800.00,2120.00) startOffset 0 endOffset 11 width 77.76: "just a text"
      LayoutSVGText {text} at (4898.84,2102) size 78.92x23 contains 1 chunk(s)
        LayoutSVGInlineText {#text} at (4898.84,2102) size 78.92x23
          chunk 1 text run 1 at (4900.00,2120.00) startOffset 0 endOffset 11 width 77.76: "just a text"
      LayoutSVGText {text} at (-1.14,2202) size 78.92x23 contains 1 chunk(s)
        LayoutSVGInlineText {#text} at (-1.14,2202) size 78.92x23
          chunk 1 text run 1 at (0.00,2220.00) startOffset 0 endOffset 11 width 77.76: "just a text"
      LayoutSVGText {text} at (98.84,2202) size 78.92x23 contains 1 chunk(s)
        LayoutSVGInlineText {#text} at (98.84,2202) size 78.92x23
          chunk 1 text run 1 at (100.00,2220.00) startOffset 0 endOffset 11 width 77.76: "just a text"
      LayoutSVGText {text} at (198.84,2202) size 78.92x23 contains 1 chunk(s)
        LayoutSVGInlineText {#text} at (198.84,2202) size 78.92x23
          chunk 1 text run 1 at (200.00,2220.00) startOffset 0 endOffset 11 width 77.76: "just a text"
      LayoutSVGText {text} at (298.84,2202) size 78.92x23 contains 1 chunk(s)
        LayoutSVGInlineText {#text} at (298.84,2202) size 78.92x23
          chunk 1 text run 1 at (300.00,2220.00) startOffset 0 endOffset 11 width 77.76: "just a text"
      LayoutSVGText {text} at (398.84,2202) size 78.92x23 contains 1 chunk(s)
        LayoutSVGInlineText {#text} at (398.84,2202) size 78.92x23
          chunk 1 text run 1 at (400.00,2220.00) startOffset 0 endOffset 11 width 77.76: "just a text"
      LayoutSVGText {text} at (498.84,2202) size 78.92x23 contains 1 chunk(s)
        LayoutSVGInlineText {#text} at (498.84,2202) size 78.92x23
          chunk 1 text run 1 at (500.00,2220.00) startOffset 0 endOffset 11 width 77.76: "just a text"
      LayoutSVGText {text} at (598.84,2202) size 78.92x23 contains 1 chunk(s)
        LayoutSVGInlineText {#text} at (598.84,2202) size 78.92x23
          chunk 1 text run 1 at (600.00,2220.00) startOffset 0 endOffset 11 width 77.76: "just a text"
      LayoutSVGText {text} at (698.84,2202) size 78.92x23 contains 1 chunk(s)
        LayoutSVGInlineText {#text} at (698.84,2202) size 78.92x23
          chunk 1 text run 1 at (700.00,2220.00) startOffset 0 endOffset 11 width 77.76: "just a text"
      LayoutSVGText {text} at (798.84,2202) size 78.92x23 contains 1 chunk(s)
        LayoutSVGInlineText {#text} at (798.84,2202) size 78.92x23
          chunk 1 text run 1 at (800.00,2220.00) startOffset 0 endOffset 11 width 77.76: "just a text"
      LayoutSVGText {text} at (898.84,2202) size 78.92x23 contains 1 chunk(s)
        LayoutSVGInlineText {#text} at (898.84,2202) size 78.92x23
          chunk 1 text run 1 at (900.00,2220.00) startOffset 0 endOffset 11 width 77.76: "just a text"
      LayoutSVGText {text} at (998.84,2202) size 78.92x23 contains 1 chunk(s)
        LayoutSVGInlineText {#text} at (998.84,2202) size 78.92x23
          chunk 1 text run 1 at (1000.00,2220.00) startOffset 0 endOffset 11 width 77.76: "just a text"
      LayoutSVGText {text} at (1098.84,2202) size 78.92x23 contains 1 chunk(s)
        LayoutSVGInlineText {#text} at (1098.84,2202) size 78.92x23
          chunk 1 text run 1 at (1100.00,2220.00) startOffset 0 endOffset 11 width 77.76: "just a text"
      LayoutSVGText {text} at (1198.84,2202) size 78.92x23 contains 1 chunk(s)
        LayoutSVGInlineText {#text} at (1198.84,2202) size 78.92x23
          chunk 1 text run 1 at (1200.00,2220.00) startOffset 0 endOffset 11 width 77.76: "just a text"
      LayoutSVGText {text} at (1298.84,2202) size 78.92x23 contains 1 chunk(s)
        LayoutSVGInlineText {#text} at (1298.84,2202) size 78.92x23
          chunk 1 text run 1 at (1300.00,2220.00) startOffset 0 endOffset 11 width 77.76: "just a text"
      LayoutSVGText {text} at (1398.84,2202) size 78.92x23 contains 1 chunk(s)
        LayoutSVGInlineText {#text} at (1398.84,2202) size 78.92x23
          chunk 1 text run 1 at (1400.00,2220.00) startOffset 0 endOffset 11 width 77.76: "just a text"
      LayoutSVGText {text} at (1498.84,2202) size 78.92x23 contains 1 chunk(s)
        LayoutSVGInlineText {#text} at (1498.84,2202) size 78.92x23
          chunk 1 text run 1 at (1500.00,2220.00) startOffset 0 endOffset 11 width 77.76: "just a text"
      LayoutSVGText {text} at (1598.84,2202) size 78.92x23 contains 1 chunk(s)
        LayoutSVGInlineText {#text} at (1598.84,2202) size 78.92x23
          chunk 1 text run 1 at (1600.00,2220.00) startOffset 0 endOffset 11 width 77.76: "just a text"
      LayoutSVGText {text} at (1698.84,2202) size 78.92x23 contains 1 chunk(s)
        LayoutSVGInlineText {#text} at (1698.84,2202) size 78.92x23
          chunk 1 text run 1 at (1700.00,2220.00) startOffset 0 endOffset 11 width 77.76: "just a text"
      LayoutSVGText {text} at (1798.84,2202) size 78.92x23 contains 1 chunk(s)
        LayoutSVGInlineText {#text} at (1798.84,2202) size 78.92x23
          chunk 1 text run 1 at (1800.00,2220.00) startOffset 0 endOffset 11 width 77.76: "just a text"
      LayoutSVGText {text} at (1898.84,2202) size 78.92x23 contains 1 chunk(s)
        LayoutSVGInlineText {#text} at (1898.84,2202) size 78.92x23
          chunk 1 text run 1 at (1900.00,2220.00) startOffset 0 endOffset 11 width 77.76: "just a text"
      LayoutSVGText {text} at (1998.84,2202) size 78.92x23 contains 1 chunk(s)
        LayoutSVGInlineText {#text} at (1998.84,2202) size 78.92x23
          chunk 1 text run 1 at (2000.00,2220.00) startOffset 0 endOffset 11 width 77.76: "just a text"
      LayoutSVGText {text} at (2098.84,2202) size 78.92x23 contains 1 chunk(s)
        LayoutSVGInlineText {#text} at (2098.84,2202) size 78.92x23
          chunk 1 text run 1 at (2100.00,2220.00) startOffset 0 endOffset 11 width 77.76: "just a text"
      LayoutSVGText {text} at (2198.84,2202) size 78.92x23 contains 1 chunk(s)
        LayoutSVGInlineText {#text} at (2198.84,2202) size 78.92x23
          chunk 1 text run 1 at (2200.00,2220.00) startOffset 0 endOffset 11 width 77.76: "just a text"
      LayoutSVGText {text} at (2298.84,2202) size 78.92x23 contains 1 chunk(s)
        LayoutSVGInlineText {#text} at (2298.84,2202) size 78.92x23
          chunk 1 text run 1 at (2300.00,2220.00) startOffset 0 endOffset 11 width 77.76: "just a text"
      LayoutSVGText {text} at (2398.84,2202) size 78.92x23 contains 1 chunk(s)
        LayoutSVGInlineText {#text} at (2398.84,2202) size 78.92x23
          chunk 1 text run 1 at (2400.00,2220.00) startOffset 0 endOffset 11 width 77.76: "just a text"
      LayoutSVGText {text} at (2498.84,2202) size 78.92x23 contains 1 chunk(s)
        LayoutSVGInlineText {#text} at (2498.84,2202) size 78.92x23
          chunk 1 text run 1 at (2500.00,2220.00) startOffset 0 endOffset 11 width 77.76: "just a text"
      LayoutSVGText {text} at (2598.84,2202) size 78.92x23 contains 1 chunk(s)
        LayoutSVGInlineText {#text} at (2598.84,2202) size 78.92x23
          chunk 1 text run 1 at (2600.00,2220.00) startOffset 0 endOffset 11 width 77.76: "just a text"
      LayoutSVGText {text} at (2698.84,2202) size 78.92x23 contains 1 chunk(s)
        LayoutSVGInlineText {#text} at (2698.84,2202) size 78.92x23
          chunk 1 text run 1 at (2700.00,2220.00) startOffset 0 endOffset 11 width 77.76: "just a text"
      LayoutSVGText {text} at (2798.84,2202) size 78.92x23 contains 1 chunk(s)
        LayoutSVGInlineText {#text} at (2798.84,2202) size 78.92x23
          chunk 1 text run 1 at (2800.00,2220.00) startOffset 0 endOffset 11 width 77.76: "just a text"
      LayoutSVGText {text} at (2898.84,2202) size 78.92x23 contains 1 chunk(s)
        LayoutSVGInlineText {#text} at (2898.84,2202) size 78.92x23
          chunk 1 text run 1 at (2900.00,2220.00) startOffset 0 endOffset 11 width 77.76: "just a text"
      LayoutSVGText {text} at (2998.84,2202) size 78.92x23 contains 1 chunk(s)
        LayoutSVGInlineText {#text} at (2998.84,2202) size 78.92x23
          chunk 1 text run 1 at (3000.00,2220.00) startOffset 0 endOffset 11 width 77.76: "just a text"
      LayoutSVGText {text} at (3098.84,2202) size 78.92x23 contains 1 chunk(s)
        LayoutSVGInlineText {#text} at (3098.84,2202) size 78.92x23
          chunk 1 text run 1 at (3100.00,2220.00) startOffset 0 endOffset 11 width 77.76: "just a text"
      LayoutSVGText {text} at (3198.84,2202) size 78.92x23 contains 1 chunk(s)
        LayoutSVGInlineText {#text} at (3198.84,2202) size 78.92x23
          chunk 1 text run 1 at (3200.00,2220.00) startOffset 0 endOffset 11 width 77.76: "just a text"
      LayoutSVGText {text} at (3298.84,2202) size 78.92x23 contains 1 chunk(s)
        LayoutSVGInlineText {#text} at (3298.84,2202) size 78.92x23
          chunk 1 text run 1 at (3300.00,2220.00) startOffset 0 endOffset 11 width 77.76: "just a text"
      LayoutSVGText {text} at (3398.84,2202) size 78.92x23 contains 1 chunk(s)
        LayoutSVGInlineText {#text} at (3398.84,2202) size 78.92x23
          chunk 1 text run 1 at (3400.00,2220.00) startOffset 0 endOffset 11 width 77.76: "just a text"
      LayoutSVGText {text} at (3498.84,2202) size 78.92x23 contains 1 chunk(s)
        LayoutSVGInlineText {#text} at (3498.84,2202) size 78.92x23
          chunk 1 text run 1 at (3500.00,2220.00) startOffset 0 endOffset 11 width 77.76: "just a text"
      LayoutSVGText {text} at (3598.84,2202) size 78.92x23 contains 1 chunk(s)
        LayoutSVGInlineText {#text} at (3598.84,2202) size 78.92x23
          chunk 1 text run 1 at (3600.00,2220.00) startOffset 0 endOffset 11 width 77.76: "just a text"
      LayoutSVGText {text} at (3698.84,2202) size 78.92x23 contains 1 chunk(s)
        LayoutSVGInlineText {#text} at (3698.84,2202) size 78.92x23
          chunk 1 text run 1 at (3700.00,2220.00) startOffset 0 endOffset 11 width 77.76: "just a text"
      LayoutSVGText {text} at (3798.84,2202) size 78.92x23 contains 1 chunk(s)
        LayoutSVGInlineText {#text} at (3798.84,2202) size 78.92x23
          chunk 1 text run 1 at (3800.00,2220.00) startOffset 0 endOffset 11 width 77.76: "just a text"
      LayoutSVGText {text} at (3898.84,2202) size 78.92x23 contains 1 chunk(s)
        LayoutSVGInlineText {#text} at (3898.84,2202) size 78.92x23
          chunk 1 text run 1 at (3900.00,2220.00) startOffset 0 endOffset 11 width 77.76: "just a text"
      LayoutSVGText {text} at (3998.84,2202) size 78.92x23 contains 1 chunk(s)
        LayoutSVGInlineText {#text} at (3998.84,2202) size 78.92x23
          chunk 1 text run 1 at (4000.00,2220.00) startOffset 0 endOffset 11 width 77.76: "just a text"
      LayoutSVGText {text} at (4098.84,2202) size 78.92x23 contains 1 chunk(s)
        LayoutSVGInlineText {#text} at (4098.84,2202) size 78.92x23
          chunk 1 text run 1 at (4100.00,2220.00) startOffset 0 endOffset 11 width 77.76: "just a text"
      LayoutSVGText {text} at (4198.84,2202) size 78.92x23 contains 1 chunk(s)
        LayoutSVGInlineText {#text} at (4198.84,2202) size 78.92x23
          chunk 1 text run 1 at (4200.00,2220.00) startOffset 0 endOffset 11 width 77.76: "just a text"
      LayoutSVGText {text} at (4298.84,2202) size 78.92x23 contains 1 chunk(s)
        LayoutSVGInlineText {#text} at (4298.84,2202) size 78.92x23
          chunk 1 text run 1 at (4300.00,2220.00) startOffset 0 endOffset 11 width 77.76: "just a text"
      LayoutSVGText {text} at (4398.84,2202) size 78.92x23 contains 1 chunk(s)
        LayoutSVGInlineText {#text} at (4398.84,2202) size 78.92x23
          chunk 1 text run 1 at (4400.00,2220.00) startOffset 0 endOffset 11 width 77.76: "just a text"
      LayoutSVGText {text} at (4498.84,2202) size 78.92x23 contains 1 chunk(s)
        LayoutSVGInlineText {#text} at (4498.84,2202) size 78.92x23
          chunk 1 text run 1 at (4500.00,2220.00) startOffset 0 endOffset 11 width 77.76: "just a text"
      LayoutSVGText {text} at (4598.84,2202) size 78.92x23 contains 1 chunk(s)
        LayoutSVGInlineText {#text} at (4598.84,2202) size 78.92x23
          chunk 1 text run 1 at (4600.00,2220.00) startOffset 0 endOffset 11 width 77.76: "just a text"
      LayoutSVGText {text} at (4698.84,2202) size 78.92x23 contains 1 chunk(s)
        LayoutSVGInlineText {#text} at (4698.84,2202) size 78.92x23
          chunk 1 text run 1 at (4700.00,2220.00) startOffset 0 endOffset 11 width 77.76: "just a text"
      LayoutSVGText {text} at (4798.84,2202) size 78.92x23 contains 1 chunk(s)
        LayoutSVGInlineText {#text} at (4798.84,2202) size 78.92x23
          chunk 1 text run 1 at (4800.00,2220.00) startOffset 0 endOffset 11 width 77.76: "just a text"
      LayoutSVGText {text} at (4898.84,2202) size 78.92x23 contains 1 chunk(s)
        LayoutSVGInlineText {#text} at (4898.84,2202) size 78.92x23
          chunk 1 text run 1 at (4900.00,2220.00) startOffset 0 endOffset 11 width 77.76: "just a text"
      LayoutSVGText {text} at (-1.14,2302) size 78.92x23 contains 1 chunk(s)
        LayoutSVGInlineText {#text} at (-1.14,2302) size 78.92x23
          chunk 1 text run 1 at (0.00,2320.00) startOffset 0 endOffset 11 width 77.76: "just a text"
      LayoutSVGText {text} at (98.84,2302) size 78.92x23 contains 1 chunk(s)
        LayoutSVGInlineText {#text} at (98.84,2302) size 78.92x23
          chunk 1 text run 1 at (100.00,2320.00) startOffset 0 endOffset 11 width 77.76: "just a text"
      LayoutSVGText {text} at (198.84,2302) size 78.92x23 contains 1 chunk(s)
        LayoutSVGInlineText {#text} at (198.84,2302) size 78.92x23
          chunk 1 text run 1 at (200.00,2320.00) startOffset 0 endOffset 11 width 77.76: "just a text"
      LayoutSVGText {text} at (298.84,2302) size 78.92x23 contains 1 chunk(s)
        LayoutSVGInlineText {#text} at (298.84,2302) size 78.92x23
          chunk 1 text run 1 at (300.00,2320.00) startOffset 0 endOffset 11 width 77.76: "just a text"
      LayoutSVGText {text} at (398.84,2302) size 78.92x23 contains 1 chunk(s)
        LayoutSVGInlineText {#text} at (398.84,2302) size 78.92x23
          chunk 1 text run 1 at (400.00,2320.00) startOffset 0 endOffset 11 width 77.76: "just a text"
      LayoutSVGText {text} at (498.84,2302) size 78.92x23 contains 1 chunk(s)
        LayoutSVGInlineText {#text} at (498.84,2302) size 78.92x23
          chunk 1 text run 1 at (500.00,2320.00) startOffset 0 endOffset 11 width 77.76: "just a text"
      LayoutSVGText {text} at (598.84,2302) size 78.92x23 contains 1 chunk(s)
        LayoutSVGInlineText {#text} at (598.84,2302) size 78.92x23
          chunk 1 text run 1 at (600.00,2320.00) startOffset 0 endOffset 11 width 77.76: "just a text"
      LayoutSVGText {text} at (698.84,2302) size 78.92x23 contains 1 chunk(s)
        LayoutSVGInlineText {#text} at (698.84,2302) size 78.92x23
          chunk 1 text run 1 at (700.00,2320.00) startOffset 0 endOffset 11 width 77.76: "just a text"
      LayoutSVGText {text} at (798.84,2302) size 78.92x23 contains 1 chunk(s)
        LayoutSVGInlineText {#text} at (798.84,2302) size 78.92x23
          chunk 1 text run 1 at (800.00,2320.00) startOffset 0 endOffset 11 width 77.76: "just a text"
      LayoutSVGText {text} at (898.84,2302) size 78.92x23 contains 1 chunk(s)
        LayoutSVGInlineText {#text} at (898.84,2302) size 78.92x23
          chunk 1 text run 1 at (900.00,2320.00) startOffset 0 endOffset 11 width 77.76: "just a text"
      LayoutSVGText {text} at (998.84,2302) size 78.92x23 contains 1 chunk(s)
        LayoutSVGInlineText {#text} at (998.84,2302) size 78.92x23
          chunk 1 text run 1 at (1000.00,2320.00) startOffset 0 endOffset 11 width 77.76: "just a text"
      LayoutSVGText {text} at (1098.84,2302) size 78.92x23 contains 1 chunk(s)
        LayoutSVGInlineText {#text} at (1098.84,2302) size 78.92x23
          chunk 1 text run 1 at (1100.00,2320.00) startOffset 0 endOffset 11 width 77.76: "just a text"
      LayoutSVGText {text} at (1198.84,2302) size 78.92x23 contains 1 chunk(s)
        LayoutSVGInlineText {#text} at (1198.84,2302) size 78.92x23
          chunk 1 text run 1 at (1200.00,2320.00) startOffset 0 endOffset 11 width 77.76: "just a text"
      LayoutSVGText {text} at (1298.84,2302) size 78.92x23 contains 1 chunk(s)
        LayoutSVGInlineText {#text} at (1298.84,2302) size 78.92x23
          chunk 1 text run 1 at (1300.00,2320.00) startOffset 0 endOffset 11 width 77.76: "just a text"
      LayoutSVGText {text} at (1398.84,2302) size 78.92x23 contains 1 chunk(s)
        LayoutSVGInlineText {#text} at (1398.84,2302) size 78.92x23
          chunk 1 text run 1 at (1400.00,2320.00) startOffset 0 endOffset 11 width 77.76: "just a text"
      LayoutSVGText {text} at (1498.84,2302) size 78.92x23 contains 1 chunk(s)
        LayoutSVGInlineText {#text} at (1498.84,2302) size 78.92x23
          chunk 1 text run 1 at (1500.00,2320.00) startOffset 0 endOffset 11 width 77.76: "just a text"
      LayoutSVGText {text} at (1598.84,2302) size 78.92x23 contains 1 chunk(s)
        LayoutSVGInlineText {#text} at (1598.84,2302) size 78.92x23
          chunk 1 text run 1 at (1600.00,2320.00) startOffset 0 endOffset 11 width 77.76: "just a text"
      LayoutSVGText {text} at (1698.84,2302) size 78.92x23 contains 1 chunk(s)
        LayoutSVGInlineText {#text} at (1698.84,2302) size 78.92x23
          chunk 1 text run 1 at (1700.00,2320.00) startOffset 0 endOffset 11 width 77.76: "just a text"
      LayoutSVGText {text} at (1798.84,2302) size 78.92x23 contains 1 chunk(s)
        LayoutSVGInlineText {#text} at (1798.84,2302) size 78.92x23
          chunk 1 text run 1 at (1800.00,2320.00) startOffset 0 endOffset 11 width 77.76: "just a text"
      LayoutSVGText {text} at (1898.84,2302) size 78.92x23 contains 1 chunk(s)
        LayoutSVGInlineText {#text} at (1898.84,2302) size 78.92x23
          chunk 1 text run 1 at (1900.00,2320.00) startOffset 0 endOffset 11 width 77.76: "just a text"
      LayoutSVGText {text} at (1998.84,2302) size 78.92x23 contains 1 chunk(s)
        LayoutSVGInlineText {#text} at (1998.84,2302) size 78.92x23
          chunk 1 text run 1 at (2000.00,2320.00) startOffset 0 endOffset 11 width 77.76: "just a text"
      LayoutSVGText {text} at (2098.84,2302) size 78.92x23 contains 1 chunk(s)
        LayoutSVGInlineText {#text} at (2098.84,2302) size 78.92x23
          chunk 1 text run 1 at (2100.00,2320.00) startOffset 0 endOffset 11 width 77.76: "just a text"
      LayoutSVGText {text} at (2198.84,2302) size 78.92x23 contains 1 chunk(s)
        LayoutSVGInlineText {#text} at (2198.84,2302) size 78.92x23
          chunk 1 text run 1 at (2200.00,2320.00) startOffset 0 endOffset 11 width 77.76: "just a text"
      LayoutSVGText {text} at (2298.84,2302) size 78.92x23 contains 1 chunk(s)
        LayoutSVGInlineText {#text} at (2298.84,2302) size 78.92x23
          chunk 1 text run 1 at (2300.00,2320.00) startOffset 0 endOffset 11 width 77.76: "just a text"
      LayoutSVGText {text} at (2398.84,2302) size 78.92x23 contains 1 chunk(s)
        LayoutSVGInlineText {#text} at (2398.84,2302) size 78.92x23
          chunk 1 text run 1 at (2400.00,2320.00) startOffset 0 endOffset 11 width 77.76: "just a text"
      LayoutSVGText {text} at (2498.84,2302) size 78.92x23 contains 1 chunk(s)
        LayoutSVGInlineText {#text} at (2498.84,2302) size 78.92x23
          chunk 1 text run 1 at (2500.00,2320.00) startOffset 0 endOffset 11 width 77.76: "just a text"
      LayoutSVGText {text} at (2598.84,2302) size 78.92x23 contains 1 chunk(s)
        LayoutSVGInlineText {#text} at (2598.84,2302) size 78.92x23
          chunk 1 text run 1 at (2600.00,2320.00) startOffset 0 endOffset 11 width 77.76: "just a text"
      LayoutSVGText {text} at (2698.84,2302) size 78.92x23 contains 1 chunk(s)
        LayoutSVGInlineText {#text} at (2698.84,2302) size 78.92x23
          chunk 1 text run 1 at (2700.00,2320.00) startOffset 0 endOffset 11 width 77.76: "just a text"
      LayoutSVGText {text} at (2798.84,2302) size 78.92x23 contains 1 chunk(s)
        LayoutSVGInlineText {#text} at (2798.84,2302) size 78.92x23
          chunk 1 text run 1 at (2800.00,2320.00) startOffset 0 endOffset 11 width 77.76: "just a text"
      LayoutSVGText {text} at (2898.84,2302) size 78.92x23 contains 1 chunk(s)
        LayoutSVGInlineText {#text} at (2898.84,2302) size 78.92x23
          chunk 1 text run 1 at (2900.00,2320.00) startOffset 0 endOffset 11 width 77.76: "just a text"
      LayoutSVGText {text} at (2998.84,2302) size 78.92x23 contains 1 chunk(s)
        LayoutSVGInlineText {#text} at (2998.84,2302) size 78.92x23
          chunk 1 text run 1 at (3000.00,2320.00) startOffset 0 endOffset 11 width 77.76: "just a text"
      LayoutSVGText {text} at (3098.84,2302) size 78.92x23 contains 1 chunk(s)
        LayoutSVGInlineText {#text} at (3098.84,2302) size 78.92x23
          chunk 1 text run 1 at (3100.00,2320.00) startOffset 0 endOffset 11 width 77.76: "just a text"
      LayoutSVGText {text} at (3198.84,2302) size 78.92x23 contains 1 chunk(s)
        LayoutSVGInlineText {#text} at (3198.84,2302) size 78.92x23
          chunk 1 text run 1 at (3200.00,2320.00) startOffset 0 endOffset 11 width 77.76: "just a text"
      LayoutSVGText {text} at (3298.84,2302) size 78.92x23 contains 1 chunk(s)
        LayoutSVGInlineText {#text} at (3298.84,2302) size 78.92x23
          chunk 1 text run 1 at (3300.00,2320.00) startOffset 0 endOffset 11 width 77.76: "just a text"
      LayoutSVGText {text} at (3398.84,2302) size 78.92x23 contains 1 chunk(s)
        LayoutSVGInlineText {#text} at (3398.84,2302) size 78.92x23
          chunk 1 text run 1 at (3400.00,2320.00) startOffset 0 endOffset 11 width 77.76: "just a text"
      LayoutSVGText {text} at (3498.84,2302) size 78.92x23 contains 1 chunk(s)
        LayoutSVGInlineText {#text} at (3498.84,2302) size 78.92x23
          chunk 1 text run 1 at (3500.00,2320.00) startOffset 0 endOffset 11 width 77.76: "just a text"
      LayoutSVGText {text} at (3598.84,2302) size 78.92x23 contains 1 chunk(s)
        LayoutSVGInlineText {#text} at (3598.84,2302) size 78.92x23
          chunk 1 text run 1 at (3600.00,2320.00) startOffset 0 endOffset 11 width 77.76: "just a text"
      LayoutSVGText {text} at (3698.84,2302) size 78.92x23 contains 1 chunk(s)
        LayoutSVGInlineText {#text} at (3698.84,2302) size 78.92x23
          chunk 1 text run 1 at (3700.00,2320.00) startOffset 0 endOffset 11 width 77.76: "just a text"
      LayoutSVGText {text} at (3798.84,2302) size 78.92x23 contains 1 chunk(s)
        LayoutSVGInlineText {#text} at (3798.84,2302) size 78.92x23
          chunk 1 text run 1 at (3800.00,2320.00) startOffset 0 endOffset 11 width 77.76: "just a text"
      LayoutSVGText {text} at (3898.84,2302) size 78.92x23 contains 1 chunk(s)
        LayoutSVGInlineText {#text} at (3898.84,2302) size 78.92x23
          chunk 1 text run 1 at (3900.00,2320.00) startOffset 0 endOffset 11 width 77.76: "just a text"
      LayoutSVGText {text} at (3998.84,2302) size 78.92x23 contains 1 chunk(s)
        LayoutSVGInlineText {#text} at (3998.84,2302) size 78.92x23
          chunk 1 text run 1 at (4000.00,2320.00) startOffset 0 endOffset 11 width 77.76: "just a text"
      LayoutSVGText {text} at (4098.84,2302) size 78.92x23 contains 1 chunk(s)
        LayoutSVGInlineText {#text} at (4098.84,2302) size 78.92x23
          chunk 1 text run 1 at (4100.00,2320.00) startOffset 0 endOffset 11 width 77.76: "just a text"
      LayoutSVGText {text} at (4198.84,2302) size 78.92x23 contains 1 chunk(s)
        LayoutSVGInlineText {#text} at (4198.84,2302) size 78.92x23
          chunk 1 text run 1 at (4200.00,2320.00) startOffset 0 endOffset 11 width 77.76: "just a text"
      LayoutSVGText {text} at (4298.84,2302) size 78.92x23 contains 1 chunk(s)
        LayoutSVGInlineText {#text} at (4298.84,2302) size 78.92x23
          chunk 1 text run 1 at (4300.00,2320.00) startOffset 0 endOffset 11 width 77.76: "just a text"
      LayoutSVGText {text} at (4398.84,2302) size 78.92x23 contains 1 chunk(s)
        LayoutSVGInlineText {#text} at (4398.84,2302) size 78.92x23
          chunk 1 text run 1 at (4400.00,2320.00) startOffset 0 endOffset 11 width 77.76: "just a text"
      LayoutSVGText {text} at (4498.84,2302) size 78.92x23 contains 1 chunk(s)
        LayoutSVGInlineText {#text} at (4498.84,2302) size 78.92x23
          chunk 1 text run 1 at (4500.00,2320.00) startOffset 0 endOffset 11 width 77.76: "just a text"
      LayoutSVGText {text} at (4598.84,2302) size 78.92x23 contains 1 chunk(s)
        LayoutSVGInlineText {#text} at (4598.84,2302) size 78.92x23
          chunk 1 text run 1 at (4600.00,2320.00) startOffset 0 endOffset 11 width 77.76: "just a text"
      LayoutSVGText {text} at (4698.84,2302) size 78.92x23 contains 1 chunk(s)
        LayoutSVGInlineText {#text} at (4698.84,2302) size 78.92x23
          chunk 1 text run 1 at (4700.00,2320.00) startOffset 0 endOffset 11 width 77.76: "just a text"
      LayoutSVGText {text} at (4798.84,2302) size 78.92x23 contains 1 chunk(s)
        LayoutSVGInlineText {#text} at (4798.84,2302) size 78.92x23
          chunk 1 text run 1 at (4800.00,2320.00) startOffset 0 endOffset 11 width 77.76: "just a text"
      LayoutSVGText {text} at (4898.84,2302) size 78.92x23 contains 1 chunk(s)
        LayoutSVGInlineText {#text} at (4898.84,2302) size 78.92x23
          chunk 1 text run 1 at (4900.00,2320.00) startOffset 0 endOffset 11 width 77.76: "just a text"
      LayoutSVGText {text} at (-1.14,2402) size 78.92x23 contains 1 chunk(s)
        LayoutSVGInlineText {#text} at (-1.14,2402) size 78.92x23
          chunk 1 text run 1 at (0.00,2420.00) startOffset 0 endOffset 11 width 77.76: "just a text"
      LayoutSVGText {text} at (98.84,2402) size 78.92x23 contains 1 chunk(s)
        LayoutSVGInlineText {#text} at (98.84,2402) size 78.92x23
          chunk 1 text run 1 at (100.00,2420.00) startOffset 0 endOffset 11 width 77.76: "just a text"
      LayoutSVGText {text} at (198.84,2402) size 78.92x23 contains 1 chunk(s)
        LayoutSVGInlineText {#text} at (198.84,2402) size 78.92x23
          chunk 1 text run 1 at (200.00,2420.00) startOffset 0 endOffset 11 width 77.76: "just a text"
      LayoutSVGText {text} at (298.84,2402) size 78.92x23 contains 1 chunk(s)
        LayoutSVGInlineText {#text} at (298.84,2402) size 78.92x23
          chunk 1 text run 1 at (300.00,2420.00) startOffset 0 endOffset 11 width 77.76: "just a text"
      LayoutSVGText {text} at (398.84,2402) size 78.92x23 contains 1 chunk(s)
        LayoutSVGInlineText {#text} at (398.84,2402) size 78.92x23
          chunk 1 text run 1 at (400.00,2420.00) startOffset 0 endOffset 11 width 77.76: "just a text"
      LayoutSVGText {text} at (498.84,2402) size 78.92x23 contains 1 chunk(s)
        LayoutSVGInlineText {#text} at (498.84,2402) size 78.92x23
          chunk 1 text run 1 at (500.00,2420.00) startOffset 0 endOffset 11 width 77.76: "just a text"
      LayoutSVGText {text} at (598.84,2402) size 78.92x23 contains 1 chunk(s)
        LayoutSVGInlineText {#text} at (598.84,2402) size 78.92x23
          chunk 1 text run 1 at (600.00,2420.00) startOffset 0 endOffset 11 width 77.76: "just a text"
      LayoutSVGText {text} at (698.84,2402) size 78.92x23 contains 1 chunk(s)
        LayoutSVGInlineText {#text} at (698.84,2402) size 78.92x23
          chunk 1 text run 1 at (700.00,2420.00) startOffset 0 endOffset 11 width 77.76: "just a text"
      LayoutSVGText {text} at (798.84,2402) size 78.92x23 contains 1 chunk(s)
        LayoutSVGInlineText {#text} at (798.84,2402) size 78.92x23
          chunk 1 text run 1 at (800.00,2420.00) startOffset 0 endOffset 11 width 77.76: "just a text"
      LayoutSVGText {text} at (898.84,2402) size 78.92x23 contains 1 chunk(s)
        LayoutSVGInlineText {#text} at (898.84,2402) size 78.92x23
          chunk 1 text run 1 at (900.00,2420.00) startOffset 0 endOffset 11 width 77.76: "just a text"
      LayoutSVGText {text} at (998.84,2402) size 78.92x23 contains 1 chunk(s)
        LayoutSVGInlineText {#text} at (998.84,2402) size 78.92x23
          chunk 1 text run 1 at (1000.00,2420.00) startOffset 0 endOffset 11 width 77.76: "just a text"
      LayoutSVGText {text} at (1098.84,2402) size 78.92x23 contains 1 chunk(s)
        LayoutSVGInlineText {#text} at (1098.84,2402) size 78.92x23
          chunk 1 text run 1 at (1100.00,2420.00) startOffset 0 endOffset 11 width 77.76: "just a text"
      LayoutSVGText {text} at (1198.84,2402) size 78.92x23 contains 1 chunk(s)
        LayoutSVGInlineText {#text} at (1198.84,2402) size 78.92x23
          chunk 1 text run 1 at (1200.00,2420.00) startOffset 0 endOffset 11 width 77.76: "just a text"
      LayoutSVGText {text} at (1298.84,2402) size 78.92x23 contains 1 chunk(s)
        LayoutSVGInlineText {#text} at (1298.84,2402) size 78.92x23
          chunk 1 text run 1 at (1300.00,2420.00) startOffset 0 endOffset 11 width 77.76: "just a text"
      LayoutSVGText {text} at (1398.84,2402) size 78.92x23 contains 1 chunk(s)
        LayoutSVGInlineText {#text} at (1398.84,2402) size 78.92x23
          chunk 1 text run 1 at (1400.00,2420.00) startOffset 0 endOffset 11 width 77.76: "just a text"
      LayoutSVGText {text} at (1498.84,2402) size 78.92x23 contains 1 chunk(s)
        LayoutSVGInlineText {#text} at (1498.84,2402) size 78.92x23
          chunk 1 text run 1 at (1500.00,2420.00) startOffset 0 endOffset 11 width 77.76: "just a text"
      LayoutSVGText {text} at (1598.84,2402) size 78.92x23 contains 1 chunk(s)
        LayoutSVGInlineText {#text} at (1598.84,2402) size 78.92x23
          chunk 1 text run 1 at (1600.00,2420.00) startOffset 0 endOffset 11 width 77.76: "just a text"
      LayoutSVGText {text} at (1698.84,2402) size 78.92x23 contains 1 chunk(s)
        LayoutSVGInlineText {#text} at (1698.84,2402) size 78.92x23
          chunk 1 text run 1 at (1700.00,2420.00) startOffset 0 endOffset 11 width 77.76: "just a text"
      LayoutSVGText {text} at (1798.84,2402) size 78.92x23 contains 1 chunk(s)
        LayoutSVGInlineText {#text} at (1798.84,2402) size 78.92x23
          chunk 1 text run 1 at (1800.00,2420.00) startOffset 0 endOffset 11 width 77.76: "just a text"
      LayoutSVGText {text} at (1898.84,2402) size 78.92x23 contains 1 chunk(s)
        LayoutSVGInlineText {#text} at (1898.84,2402) size 78.92x23
          chunk 1 text run 1 at (1900.00,2420.00) startOffset 0 endOffset 11 width 77.76: "just a text"
      LayoutSVGText {text} at (1998.84,2402) size 78.92x23 contains 1 chunk(s)
        LayoutSVGInlineText {#text} at (1998.84,2402) size 78.92x23
          chunk 1 text run 1 at (2000.00,2420.00) startOffset 0 endOffset 11 width 77.76: "just a text"
      LayoutSVGText {text} at (2098.84,2402) size 78.92x23 contains 1 chunk(s)
        LayoutSVGInlineText {#text} at (2098.84,2402) size 78.92x23
          chunk 1 text run 1 at (2100.00,2420.00) startOffset 0 endOffset 11 width 77.76: "just a text"
      LayoutSVGText {text} at (2198.84,2402) size 78.92x23 contains 1 chunk(s)
        LayoutSVGInlineText {#text} at (2198.84,2402) size 78.92x23
          chunk 1 text run 1 at (2200.00,2420.00) startOffset 0 endOffset 11 width 77.76: "just a text"
      LayoutSVGText {text} at (2298.84,2402) size 78.92x23 contains 1 chunk(s)
        LayoutSVGInlineText {#text} at (2298.84,2402) size 78.92x23
          chunk 1 text run 1 at (2300.00,2420.00) startOffset 0 endOffset 11 width 77.76: "just a text"
      LayoutSVGText {text} at (2398.84,2402) size 78.92x23 contains 1 chunk(s)
        LayoutSVGInlineText {#text} at (2398.84,2402) size 78.92x23
          chunk 1 text run 1 at (2400.00,2420.00) startOffset 0 endOffset 11 width 77.76: "just a text"
      LayoutSVGText {text} at (2498.84,2402) size 78.92x23 contains 1 chunk(s)
        LayoutSVGInlineText {#text} at (2498.84,2402) size 78.92x23
          chunk 1 text run 1 at (2500.00,2420.00) startOffset 0 endOffset 11 width 77.76: "just a text"
      LayoutSVGText {text} at (2598.84,2402) size 78.92x23 contains 1 chunk(s)
        LayoutSVGInlineText {#text} at (2598.84,2402) size 78.92x23
          chunk 1 text run 1 at (2600.00,2420.00) startOffset 0 endOffset 11 width 77.76: "just a text"
      LayoutSVGText {text} at (2698.84,2402) size 78.92x23 contains 1 chunk(s)
        LayoutSVGInlineText {#text} at (2698.84,2402) size 78.92x23
          chunk 1 text run 1 at (2700.00,2420.00) startOffset 0 endOffset 11 width 77.76: "just a text"
      LayoutSVGText {text} at (2798.84,2402) size 78.92x23 contains 1 chunk(s)
        LayoutSVGInlineText {#text} at (2798.84,2402) size 78.92x23
          chunk 1 text run 1 at (2800.00,2420.00) startOffset 0 endOffset 11 width 77.76: "just a text"
      LayoutSVGText {text} at (2898.84,2402) size 78.92x23 contains 1 chunk(s)
        LayoutSVGInlineText {#text} at (2898.84,2402) size 78.92x23
          chunk 1 text run 1 at (2900.00,2420.00) startOffset 0 endOffset 11 width 77.76: "just a text"
      LayoutSVGText {text} at (2998.84,2402) size 78.92x23 contains 1 chunk(s)
        LayoutSVGInlineText {#text} at (2998.84,2402) size 78.92x23
          chunk 1 text run 1 at (3000.00,2420.00) startOffset 0 endOffset 11 width 77.76: "just a text"
      LayoutSVGText {text} at (3098.84,2402) size 78.92x23 contains 1 chunk(s)
        LayoutSVGInlineText {#text} at (3098.84,2402) size 78.92x23
          chunk 1 text run 1 at (3100.00,2420.00) startOffset 0 endOffset 11 width 77.76: "just a text"
      LayoutSVGText {text} at (3198.84,2402) size 78.92x23 contains 1 chunk(s)
        LayoutSVGInlineText {#text} at (3198.84,2402) size 78.92x23
          chunk 1 text run 1 at (3200.00,2420.00) startOffset 0 endOffset 11 width 77.76: "just a text"
      LayoutSVGText {text} at (3298.84,2402) size 78.92x23 contains 1 chunk(s)
        LayoutSVGInlineText {#text} at (3298.84,2402) size 78.92x23
          chunk 1 text run 1 at (3300.00,2420.00) startOffset 0 endOffset 11 width 77.76: "just a text"
      LayoutSVGText {text} at (3398.84,2402) size 78.92x23 contains 1 chunk(s)
        LayoutSVGInlineText {#text} at (3398.84,2402) size 78.92x23
          chunk 1 text run 1 at (3400.00,2420.00) startOffset 0 endOffset 11 width 77.76: "just a text"
      LayoutSVGText {text} at (3498.84,2402) size 78.92x23 contains 1 chunk(s)
        LayoutSVGInlineText {#text} at (3498.84,2402) size 78.92x23
          chunk 1 text run 1 at (3500.00,2420.00) startOffset 0 endOffset 11 width 77.76: "just a text"
      LayoutSVGText {text} at (3598.84,2402) size 78.92x23 contains 1 chunk(s)
        LayoutSVGInlineText {#text} at (3598.84,2402) size 78.92x23
          chunk 1 text run 1 at (3600.00,2420.00) startOffset 0 endOffset 11 width 77.76: "just a text"
      LayoutSVGText {text} at (3698.84,2402) size 78.92x23 contains 1 chunk(s)
        LayoutSVGInlineText {#text} at (3698.84,2402) size 78.92x23
          chunk 1 text run 1 at (3700.00,2420.00) startOffset 0 endOffset 11 width 77.76: "just a text"
      LayoutSVGText {text} at (3798.84,2402) size 78.92x23 contains 1 chunk(s)
        LayoutSVGInlineText {#text} at (3798.84,2402) size 78.92x23
          chunk 1 text run 1 at (3800.00,2420.00) startOffset 0 endOffset 11 width 77.76: "just a text"
      LayoutSVGText {text} at (3898.84,2402) size 78.92x23 contains 1 chunk(s)
        LayoutSVGInlineText {#text} at (3898.84,2402) size 78.92x23
          chunk 1 text run 1 at (3900.00,2420.00) startOffset 0 endOffset 11 width 77.76: "just a text"
      LayoutSVGText {text} at (3998.84,2402) size 78.92x23 contains 1 chunk(s)
        LayoutSVGInlineText {#text} at (3998.84,2402) size 78.92x23
          chunk 1 text run 1 at (4000.00,2420.00) startOffset 0 endOffset 11 width 77.76: "just a text"
      LayoutSVGText {text} at (4098.84,2402) size 78.92x23 contains 1 chunk(s)
        LayoutSVGInlineText {#text} at (4098.84,2402) size 78.92x23
          chunk 1 text run 1 at (4100.00,2420.00) startOffset 0 endOffset 11 width 77.76: "just a text"
      LayoutSVGText {text} at (4198.84,2402) size 78.92x23 contains 1 chunk(s)
        LayoutSVGInlineText {#text} at (4198.84,2402) size 78.92x23
          chunk 1 text run 1 at (4200.00,2420.00) startOffset 0 endOffset 11 width 77.76: "just a text"
      LayoutSVGText {text} at (4298.84,2402) size 78.92x23 contains 1 chunk(s)
        LayoutSVGInlineText {#text} at (4298.84,2402) size 78.92x23
          chunk 1 text run 1 at (4300.00,2420.00) startOffset 0 endOffset 11 width 77.76: "just a text"
      LayoutSVGText {text} at (4398.84,2402) size 78.92x23 contains 1 chunk(s)
        LayoutSVGInlineText {#text} at (4398.84,2402) size 78.92x23
          chunk 1 text run 1 at (4400.00,2420.00) startOffset 0 endOffset 11 width 77.76: "just a text"
      LayoutSVGText {text} at (4498.84,2402) size 78.92x23 contains 1 chunk(s)
        LayoutSVGInlineText {#text} at (4498.84,2402) size 78.92x23
          chunk 1 text run 1 at (4500.00,2420.00) startOffset 0 endOffset 11 width 77.76: "just a text"
      LayoutSVGText {text} at (4598.84,2402) size 78.92x23 contains 1 chunk(s)
        LayoutSVGInlineText {#text} at (4598.84,2402) size 78.92x23
          chunk 1 text run 1 at (4600.00,2420.00) startOffset 0 endOffset 11 width 77.76: "just a text"
      LayoutSVGText {text} at (4698.84,2402) size 78.92x23 contains 1 chunk(s)
        LayoutSVGInlineText {#text} at (4698.84,2402) size 78.92x23
          chunk 1 text run 1 at (4700.00,2420.00) startOffset 0 endOffset 11 width 77.76: "just a text"
      LayoutSVGText {text} at (4798.84,2402) size 78.92x23 contains 1 chunk(s)
        LayoutSVGInlineText {#text} at (4798.84,2402) size 78.92x23
          chunk 1 text run 1 at (4800.00,2420.00) startOffset 0 endOffset 11 width 77.76: "just a text"
      LayoutSVGText {text} at (4898.84,2402) size 78.92x23 contains 1 chunk(s)
        LayoutSVGInlineText {#text} at (4898.84,2402) size 78.92x23
          chunk 1 text run 1 at (4900.00,2420.00) startOffset 0 endOffset 11 width 77.76: "just a text"
      LayoutSVGText {text} at (-1.14,2502) size 78.92x23 contains 1 chunk(s)
        LayoutSVGInlineText {#text} at (-1.14,2502) size 78.92x23
          chunk 1 text run 1 at (0.00,2520.00) startOffset 0 endOffset 11 width 77.76: "just a text"
      LayoutSVGText {text} at (98.84,2502) size 78.92x23 contains 1 chunk(s)
        LayoutSVGInlineText {#text} at (98.84,2502) size 78.92x23
          chunk 1 text run 1 at (100.00,2520.00) startOffset 0 endOffset 11 width 77.76: "just a text"
      LayoutSVGText {text} at (198.84,2502) size 78.92x23 contains 1 chunk(s)
        LayoutSVGInlineText {#text} at (198.84,2502) size 78.92x23
          chunk 1 text run 1 at (200.00,2520.00) startOffset 0 endOffset 11 width 77.76: "just a text"
      LayoutSVGText {text} at (298.84,2502) size 78.92x23 contains 1 chunk(s)
        LayoutSVGInlineText {#text} at (298.84,2502) size 78.92x23
          chunk 1 text run 1 at (300.00,2520.00) startOffset 0 endOffset 11 width 77.76: "just a text"
      LayoutSVGText {text} at (398.84,2502) size 78.92x23 contains 1 chunk(s)
        LayoutSVGInlineText {#text} at (398.84,2502) size 78.92x23
          chunk 1 text run 1 at (400.00,2520.00) startOffset 0 endOffset 11 width 77.76: "just a text"
      LayoutSVGText {text} at (498.84,2502) size 78.92x23 contains 1 chunk(s)
        LayoutSVGInlineText {#text} at (498.84,2502) size 78.92x23
          chunk 1 text run 1 at (500.00,2520.00) startOffset 0 endOffset 11 width 77.76: "just a text"
      LayoutSVGText {text} at (598.84,2502) size 78.92x23 contains 1 chunk(s)
        LayoutSVGInlineText {#text} at (598.84,2502) size 78.92x23
          chunk 1 text run 1 at (600.00,2520.00) startOffset 0 endOffset 11 width 77.76: "just a text"
      LayoutSVGText {text} at (698.84,2502) size 78.92x23 contains 1 chunk(s)
        LayoutSVGInlineText {#text} at (698.84,2502) size 78.92x23
          chunk 1 text run 1 at (700.00,2520.00) startOffset 0 endOffset 11 width 77.76: "just a text"
      LayoutSVGText {text} at (798.84,2502) size 78.92x23 contains 1 chunk(s)
        LayoutSVGInlineText {#text} at (798.84,2502) size 78.92x23
          chunk 1 text run 1 at (800.00,2520.00) startOffset 0 endOffset 11 width 77.76: "just a text"
      LayoutSVGText {text} at (898.84,2502) size 78.92x23 contains 1 chunk(s)
        LayoutSVGInlineText {#text} at (898.84,2502) size 78.92x23
          chunk 1 text run 1 at (900.00,2520.00) startOffset 0 endOffset 11 width 77.76: "just a text"
      LayoutSVGText {text} at (998.84,2502) size 78.92x23 contains 1 chunk(s)
        LayoutSVGInlineText {#text} at (998.84,2502) size 78.92x23
          chunk 1 text run 1 at (1000.00,2520.00) startOffset 0 endOffset 11 width 77.76: "just a text"
      LayoutSVGText {text} at (1098.84,2502) size 78.92x23 contains 1 chunk(s)
        LayoutSVGInlineText {#text} at (1098.84,2502) size 78.92x23
          chunk 1 text run 1 at (1100.00,2520.00) startOffset 0 endOffset 11 width 77.76: "just a text"
      LayoutSVGText {text} at (1198.84,2502) size 78.92x23 contains 1 chunk(s)
        LayoutSVGInlineText {#text} at (1198.84,2502) size 78.92x23
          chunk 1 text run 1 at (1200.00,2520.00) startOffset 0 endOffset 11 width 77.76: "just a text"
      LayoutSVGText {text} at (1298.84,2502) size 78.92x23 contains 1 chunk(s)
        LayoutSVGInlineText {#text} at (1298.84,2502) size 78.92x23
          chunk 1 text run 1 at (1300.00,2520.00) startOffset 0 endOffset 11 width 77.76: "just a text"
      LayoutSVGText {text} at (1398.84,2502) size 78.92x23 contains 1 chunk(s)
        LayoutSVGInlineText {#text} at (1398.84,2502) size 78.92x23
          chunk 1 text run 1 at (1400.00,2520.00) startOffset 0 endOffset 11 width 77.76: "just a text"
      LayoutSVGText {text} at (1498.84,2502) size 78.92x23 contains 1 chunk(s)
        LayoutSVGInlineText {#text} at (1498.84,2502) size 78.92x23
          chunk 1 text run 1 at (1500.00,2520.00) startOffset 0 endOffset 11 width 77.76: "just a text"
      LayoutSVGText {text} at (1598.84,2502) size 78.92x23 contains 1 chunk(s)
        LayoutSVGInlineText {#text} at (1598.84,2502) size 78.92x23
          chunk 1 text run 1 at (1600.00,2520.00) startOffset 0 endOffset 11 width 77.76: "just a text"
      LayoutSVGText {text} at (1698.84,2502) size 78.92x23 contains 1 chunk(s)
        LayoutSVGInlineText {#text} at (1698.84,2502) size 78.92x23
          chunk 1 text run 1 at (1700.00,2520.00) startOffset 0 endOffset 11 width 77.76: "just a text"
      LayoutSVGText {text} at (1798.84,2502) size 78.92x23 contains 1 chunk(s)
        LayoutSVGInlineText {#text} at (1798.84,2502) size 78.92x23
          chunk 1 text run 1 at (1800.00,2520.00) startOffset 0 endOffset 11 width 77.76: "just a text"
      LayoutSVGText {text} at (1898.84,2502) size 78.92x23 contains 1 chunk(s)
        LayoutSVGInlineText {#text} at (1898.84,2502) size 78.92x23
          chunk 1 text run 1 at (1900.00,2520.00) startOffset 0 endOffset 11 width 77.76: "just a text"
      LayoutSVGText {text} at (1998.84,2502) size 78.92x23 contains 1 chunk(s)
        LayoutSVGInlineText {#text} at (1998.84,2502) size 78.92x23
          chunk 1 text run 1 at (2000.00,2520.00) startOffset 0 endOffset 11 width 77.76: "just a text"
      LayoutSVGText {text} at (2098.84,2502) size 78.92x23 contains 1 chunk(s)
        LayoutSVGInlineText {#text} at (2098.84,2502) size 78.92x23
          chunk 1 text run 1 at (2100.00,2520.00) startOffset 0 endOffset 11 width 77.76: "just a text"
      LayoutSVGText {text} at (2198.84,2502) size 78.92x23 contains 1 chunk(s)
        LayoutSVGInlineText {#text} at (2198.84,2502) size 78.92x23
          chunk 1 text run 1 at (2200.00,2520.00) startOffset 0 endOffset 11 width 77.76: "just a text"
      LayoutSVGText {text} at (2298.84,2502) size 78.92x23 contains 1 chunk(s)
        LayoutSVGInlineText {#text} at (2298.84,2502) size 78.92x23
          chunk 1 text run 1 at (2300.00,2520.00) startOffset 0 endOffset 11 width 77.76: "just a text"
      LayoutSVGText {text} at (2398.84,2502) size 78.92x23 contains 1 chunk(s)
        LayoutSVGInlineText {#text} at (2398.84,2502) size 78.92x23
          chunk 1 text run 1 at (2400.00,2520.00) startOffset 0 endOffset 11 width 77.76: "just a text"
      LayoutSVGText {text} at (2498.84,2502) size 78.92x23 contains 1 chunk(s)
        LayoutSVGInlineText {#text} at (2498.84,2502) size 78.92x23
          chunk 1 text run 1 at (2500.00,2520.00) startOffset 0 endOffset 11 width 77.76: "just a text"
      LayoutSVGText {text} at (2598.84,2502) size 78.92x23 contains 1 chunk(s)
        LayoutSVGInlineText {#text} at (2598.84,2502) size 78.92x23
          chunk 1 text run 1 at (2600.00,2520.00) startOffset 0 endOffset 11 width 77.76: "just a text"
      LayoutSVGText {text} at (2698.84,2502) size 78.92x23 contains 1 chunk(s)
        LayoutSVGInlineText {#text} at (2698.84,2502) size 78.92x23
          chunk 1 text run 1 at (2700.00,2520.00) startOffset 0 endOffset 11 width 77.76: "just a text"
      LayoutSVGText {text} at (2798.84,2502) size 78.92x23 contains 1 chunk(s)
        LayoutSVGInlineText {#text} at (2798.84,2502) size 78.92x23
          chunk 1 text run 1 at (2800.00,2520.00) startOffset 0 endOffset 11 width 77.76: "just a text"
      LayoutSVGText {text} at (2898.84,2502) size 78.92x23 contains 1 chunk(s)
        LayoutSVGInlineText {#text} at (2898.84,2502) size 78.92x23
          chunk 1 text run 1 at (2900.00,2520.00) startOffset 0 endOffset 11 width 77.76: "just a text"
      LayoutSVGText {text} at (2998.84,2502) size 78.92x23 contains 1 chunk(s)
        LayoutSVGInlineText {#text} at (2998.84,2502) size 78.92x23
          chunk 1 text run 1 at (3000.00,2520.00) startOffset 0 endOffset 11 width 77.76: "just a text"
      LayoutSVGText {text} at (3098.84,2502) size 78.92x23 contains 1 chunk(s)
        LayoutSVGInlineText {#text} at (3098.84,2502) size 78.92x23
          chunk 1 text run 1 at (3100.00,2520.00) startOffset 0 endOffset 11 width 77.76: "just a text"
      LayoutSVGText {text} at (3198.84,2502) size 78.92x23 contains 1 chunk(s)
        LayoutSVGInlineText {#text} at (3198.84,2502) size 78.92x23
          chunk 1 text run 1 at (3200.00,2520.00) startOffset 0 endOffset 11 width 77.76: "just a text"
      LayoutSVGText {text} at (3298.84,2502) size 78.92x23 contains 1 chunk(s)
        LayoutSVGInlineText {#text} at (3298.84,2502) size 78.92x23
          chunk 1 text run 1 at (3300.00,2520.00) startOffset 0 endOffset 11 width 77.76: "just a text"
      LayoutSVGText {text} at (3398.84,2502) size 78.92x23 contains 1 chunk(s)
        LayoutSVGInlineText {#text} at (3398.84,2502) size 78.92x23
          chunk 1 text run 1 at (3400.00,2520.00) startOffset 0 endOffset 11 width 77.76: "just a text"
      LayoutSVGText {text} at (3498.84,2502) size 78.92x23 contains 1 chunk(s)
        LayoutSVGInlineText {#text} at (3498.84,2502) size 78.92x23
          chunk 1 text run 1 at (3500.00,2520.00) startOffset 0 endOffset 11 width 77.76: "just a text"
      LayoutSVGText {text} at (3598.84,2502) size 78.92x23 contains 1 chunk(s)
        LayoutSVGInlineText {#text} at (3598.84,2502) size 78.92x23
          chunk 1 text run 1 at (3600.00,2520.00) startOffset 0 endOffset 11 width 77.76: "just a text"
      LayoutSVGText {text} at (3698.84,2502) size 78.92x23 contains 1 chunk(s)
        LayoutSVGInlineText {#text} at (3698.84,2502) size 78.92x23
          chunk 1 text run 1 at (3700.00,2520.00) startOffset 0 endOffset 11 width 77.76: "just a text"
      LayoutSVGText {text} at (3798.84,2502) size 78.92x23 contains 1 chunk(s)
        LayoutSVGInlineText {#text} at (3798.84,2502) size 78.92x23
          chunk 1 text run 1 at (3800.00,2520.00) startOffset 0 endOffset 11 width 77.76: "just a text"
      LayoutSVGText {text} at (3898.84,2502) size 78.92x23 contains 1 chunk(s)
        LayoutSVGInlineText {#text} at (3898.84,2502) size 78.92x23
          chunk 1 text run 1 at (3900.00,2520.00) startOffset 0 endOffset 11 width 77.76: "just a text"
      LayoutSVGText {text} at (3998.84,2502) size 78.92x23 contains 1 chunk(s)
        LayoutSVGInlineText {#text} at (3998.84,2502) size 78.92x23
          chunk 1 text run 1 at (4000.00,2520.00) startOffset 0 endOffset 11 width 77.76: "just a text"
      LayoutSVGText {text} at (4098.84,2502) size 78.92x23 contains 1 chunk(s)
        LayoutSVGInlineText {#text} at (4098.84,2502) size 78.92x23
          chunk 1 text run 1 at (4100.00,2520.00) startOffset 0 endOffset 11 width 77.76: "just a text"
      LayoutSVGText {text} at (4198.84,2502) size 78.92x23 contains 1 chunk(s)
        LayoutSVGInlineText {#text} at (4198.84,2502) size 78.92x23
          chunk 1 text run 1 at (4200.00,2520.00) startOffset 0 endOffset 11 width 77.76: "just a text"
      LayoutSVGText {text} at (4298.84,2502) size 78.92x23 contains 1 chunk(s)
        LayoutSVGInlineText {#text} at (4298.84,2502) size 78.92x23
          chunk 1 text run 1 at (4300.00,2520.00) startOffset 0 endOffset 11 width 77.76: "just a text"
      LayoutSVGText {text} at (4398.84,2502) size 78.92x23 contains 1 chunk(s)
        LayoutSVGInlineText {#text} at (4398.84,2502) size 78.92x23
          chunk 1 text run 1 at (4400.00,2520.00) startOffset 0 endOffset 11 width 77.76: "just a text"
      LayoutSVGText {text} at (4498.84,2502) size 78.92x23 contains 1 chunk(s)
        LayoutSVGInlineText {#text} at (4498.84,2502) size 78.92x23
          chunk 1 text run 1 at (4500.00,2520.00) startOffset 0 endOffset 11 width 77.76: "just a text"
      LayoutSVGText {text} at (4598.84,2502) size 78.92x23 contains 1 chunk(s)
        LayoutSVGInlineText {#text} at (4598.84,2502) size 78.92x23
          chunk 1 text run 1 at (4600.00,2520.00) startOffset 0 endOffset 11 width 77.76: "just a text"
      LayoutSVGText {text} at (4698.84,2502) size 78.92x23 contains 1 chunk(s)
        LayoutSVGInlineText {#text} at (4698.84,2502) size 78.92x23
          chunk 1 text run 1 at (4700.00,2520.00) startOffset 0 endOffset 11 width 77.76: "just a text"
      LayoutSVGText {text} at (4798.84,2502) size 78.92x23 contains 1 chunk(s)
        LayoutSVGInlineText {#text} at (4798.84,2502) size 78.92x23
          chunk 1 text run 1 at (4800.00,2520.00) startOffset 0 endOffset 11 width 77.76: "just a text"
      LayoutSVGText {text} at (4898.84,2502) size 78.92x23 contains 1 chunk(s)
        LayoutSVGInlineText {#text} at (4898.84,2502) size 78.92x23
          chunk 1 text run 1 at (4900.00,2520.00) startOffset 0 endOffset 11 width 77.76: "just a text"
      LayoutSVGText {text} at (-1.14,2602) size 78.92x23 contains 1 chunk(s)
        LayoutSVGInlineText {#text} at (-1.14,2602) size 78.92x23
          chunk 1 text run 1 at (0.00,2620.00) startOffset 0 endOffset 11 width 77.76: "just a text"
      LayoutSVGText {text} at (98.84,2602) size 78.92x23 contains 1 chunk(s)
        LayoutSVGInlineText {#text} at (98.84,2602) size 78.92x23
          chunk 1 text run 1 at (100.00,2620.00) startOffset 0 endOffset 11 width 77.76: "just a text"
      LayoutSVGText {text} at (198.84,2602) size 78.92x23 contains 1 chunk(s)
        LayoutSVGInlineText {#text} at (198.84,2602) size 78.92x23
          chunk 1 text run 1 at (200.00,2620.00) startOffset 0 endOffset 11 width 77.76: "just a text"
      LayoutSVGText {text} at (298.84,2602) size 78.92x23 contains 1 chunk(s)
        LayoutSVGInlineText {#text} at (298.84,2602) size 78.92x23
          chunk 1 text run 1 at (300.00,2620.00) startOffset 0 endOffset 11 width 77.76: "just a text"
      LayoutSVGText {text} at (398.84,2602) size 78.92x23 contains 1 chunk(s)
        LayoutSVGInlineText {#text} at (398.84,2602) size 78.92x23
          chunk 1 text run 1 at (400.00,2620.00) startOffset 0 endOffset 11 width 77.76: "just a text"
      LayoutSVGText {text} at (498.84,2602) size 78.92x23 contains 1 chunk(s)
        LayoutSVGInlineText {#text} at (498.84,2602) size 78.92x23
          chunk 1 text run 1 at (500.00,2620.00) startOffset 0 endOffset 11 width 77.76: "just a text"
      LayoutSVGText {text} at (598.84,2602) size 78.92x23 contains 1 chunk(s)
        LayoutSVGInlineText {#text} at (598.84,2602) size 78.92x23
          chunk 1 text run 1 at (600.00,2620.00) startOffset 0 endOffset 11 width 77.76: "just a text"
      LayoutSVGText {text} at (698.84,2602) size 78.92x23 contains 1 chunk(s)
        LayoutSVGInlineText {#text} at (698.84,2602) size 78.92x23
          chunk 1 text run 1 at (700.00,2620.00) startOffset 0 endOffset 11 width 77.76: "just a text"
      LayoutSVGText {text} at (798.84,2602) size 78.92x23 contains 1 chunk(s)
        LayoutSVGInlineText {#text} at (798.84,2602) size 78.92x23
          chunk 1 text run 1 at (800.00,2620.00) startOffset 0 endOffset 11 width 77.76: "just a text"
      LayoutSVGText {text} at (898.84,2602) size 78.92x23 contains 1 chunk(s)
        LayoutSVGInlineText {#text} at (898.84,2602) size 78.92x23
          chunk 1 text run 1 at (900.00,2620.00) startOffset 0 endOffset 11 width 77.76: "just a text"
      LayoutSVGText {text} at (998.84,2602) size 78.92x23 contains 1 chunk(s)
        LayoutSVGInlineText {#text} at (998.84,2602) size 78.92x23
          chunk 1 text run 1 at (1000.00,2620.00) startOffset 0 endOffset 11 width 77.76: "just a text"
      LayoutSVGText {text} at (1098.84,2602) size 78.92x23 contains 1 chunk(s)
        LayoutSVGInlineText {#text} at (1098.84,2602) size 78.92x23
          chunk 1 text run 1 at (1100.00,2620.00) startOffset 0 endOffset 11 width 77.76: "just a text"
      LayoutSVGText {text} at (1198.84,2602) size 78.92x23 contains 1 chunk(s)
        LayoutSVGInlineText {#text} at (1198.84,2602) size 78.92x23
          chunk 1 text run 1 at (1200.00,2620.00) startOffset 0 endOffset 11 width 77.76: "just a text"
      LayoutSVGText {text} at (1298.84,2602) size 78.92x23 contains 1 chunk(s)
        LayoutSVGInlineText {#text} at (1298.84,2602) size 78.92x23
          chunk 1 text run 1 at (1300.00,2620.00) startOffset 0 endOffset 11 width 77.76: "just a text"
      LayoutSVGText {text} at (1398.84,2602) size 78.92x23 contains 1 chunk(s)
        LayoutSVGInlineText {#text} at (1398.84,2602) size 78.92x23
          chunk 1 text run 1 at (1400.00,2620.00) startOffset 0 endOffset 11 width 77.76: "just a text"
      LayoutSVGText {text} at (1498.84,2602) size 78.92x23 contains 1 chunk(s)
        LayoutSVGInlineText {#text} at (1498.84,2602) size 78.92x23
          chunk 1 text run 1 at (1500.00,2620.00) startOffset 0 endOffset 11 width 77.76: "just a text"
      LayoutSVGText {text} at (1598.84,2602) size 78.92x23 contains 1 chunk(s)
        LayoutSVGInlineText {#text} at (1598.84,2602) size 78.92x23
          chunk 1 text run 1 at (1600.00,2620.00) startOffset 0 endOffset 11 width 77.76: "just a text"
      LayoutSVGText {text} at (1698.84,2602) size 78.92x23 contains 1 chunk(s)
        LayoutSVGInlineText {#text} at (1698.84,2602) size 78.92x23
          chunk 1 text run 1 at (1700.00,2620.00) startOffset 0 endOffset 11 width 77.76: "just a text"
      LayoutSVGText {text} at (1798.84,2602) size 78.92x23 contains 1 chunk(s)
        LayoutSVGInlineText {#text} at (1798.84,2602) size 78.92x23
          chunk 1 text run 1 at (1800.00,2620.00) startOffset 0 endOffset 11 width 77.76: "just a text"
      LayoutSVGText {text} at (1898.84,2602) size 78.92x23 contains 1 chunk(s)
        LayoutSVGInlineText {#text} at (1898.84,2602) size 78.92x23
          chunk 1 text run 1 at (1900.00,2620.00) startOffset 0 endOffset 11 width 77.76: "just a text"
      LayoutSVGText {text} at (1998.84,2602) size 78.92x23 contains 1 chunk(s)
        LayoutSVGInlineText {#text} at (1998.84,2602) size 78.92x23
          chunk 1 text run 1 at (2000.00,2620.00) startOffset 0 endOffset 11 width 77.76: "just a text"
      LayoutSVGText {text} at (2098.84,2602) size 78.92x23 contains 1 chunk(s)
        LayoutSVGInlineText {#text} at (2098.84,2602) size 78.92x23
          chunk 1 text run 1 at (2100.00,2620.00) startOffset 0 endOffset 11 width 77.76: "just a text"
      LayoutSVGText {text} at (2198.84,2602) size 78.92x23 contains 1 chunk(s)
        LayoutSVGInlineText {#text} at (2198.84,2602) size 78.92x23
          chunk 1 text run 1 at (2200.00,2620.00) startOffset 0 endOffset 11 width 77.76: "just a text"
      LayoutSVGText {text} at (2298.84,2602) size 78.92x23 contains 1 chunk(s)
        LayoutSVGInlineText {#text} at (2298.84,2602) size 78.92x23
          chunk 1 text run 1 at (2300.00,2620.00) startOffset 0 endOffset 11 width 77.76: "just a text"
      LayoutSVGText {text} at (2398.84,2602) size 78.92x23 contains 1 chunk(s)
        LayoutSVGInlineText {#text} at (2398.84,2602) size 78.92x23
          chunk 1 text run 1 at (2400.00,2620.00) startOffset 0 endOffset 11 width 77.76: "just a text"
      LayoutSVGText {text} at (2498.84,2602) size 78.92x23 contains 1 chunk(s)
        LayoutSVGInlineText {#text} at (2498.84,2602) size 78.92x23
          chunk 1 text run 1 at (2500.00,2620.00) startOffset 0 endOffset 11 width 77.76: "just a text"
      LayoutSVGText {text} at (2598.84,2602) size 78.92x23 contains 1 chunk(s)
        LayoutSVGInlineText {#text} at (2598.84,2602) size 78.92x23
          chunk 1 text run 1 at (2600.00,2620.00) startOffset 0 endOffset 11 width 77.76: "just a text"
      LayoutSVGText {text} at (2698.84,2602) size 78.92x23 contains 1 chunk(s)
        LayoutSVGInlineText {#text} at (2698.84,2602) size 78.92x23
          chunk 1 text run 1 at (2700.00,2620.00) startOffset 0 endOffset 11 width 77.76: "just a text"
      LayoutSVGText {text} at (2798.84,2602) size 78.92x23 contains 1 chunk(s)
        LayoutSVGInlineText {#text} at (2798.84,2602) size 78.92x23
          chunk 1 text run 1 at (2800.00,2620.00) startOffset 0 endOffset 11 width 77.76: "just a text"
      LayoutSVGText {text} at (2898.84,2602) size 78.92x23 contains 1 chunk(s)
        LayoutSVGInlineText {#text} at (2898.84,2602) size 78.92x23
          chunk 1 text run 1 at (2900.00,2620.00) startOffset 0 endOffset 11 width 77.76: "just a text"
      LayoutSVGText {text} at (2998.84,2602) size 78.92x23 contains 1 chunk(s)
        LayoutSVGInlineText {#text} at (2998.84,2602) size 78.92x23
          chunk 1 text run 1 at (3000.00,2620.00) startOffset 0 endOffset 11 width 77.76: "just a text"
      LayoutSVGText {text} at (3098.84,2602) size 78.92x23 contains 1 chunk(s)
        LayoutSVGInlineText {#text} at (3098.84,2602) size 78.92x23
          chunk 1 text run 1 at (3100.00,2620.00) startOffset 0 endOffset 11 width 77.76: "just a text"
      LayoutSVGText {text} at (3198.84,2602) size 78.92x23 contains 1 chunk(s)
        LayoutSVGInlineText {#text} at (3198.84,2602) size 78.92x23
          chunk 1 text run 1 at (3200.00,2620.00) startOffset 0 endOffset 11 width 77.76: "just a text"
      LayoutSVGText {text} at (3298.84,2602) size 78.92x23 contains 1 chunk(s)
        LayoutSVGInlineText {#text} at (3298.84,2602) size 78.92x23
          chunk 1 text run 1 at (3300.00,2620.00) startOffset 0 endOffset 11 width 77.76: "just a text"
      LayoutSVGText {text} at (3398.84,2602) size 78.92x23 contains 1 chunk(s)
        LayoutSVGInlineText {#text} at (3398.84,2602) size 78.92x23
          chunk 1 text run 1 at (3400.00,2620.00) startOffset 0 endOffset 11 width 77.76: "just a text"
      LayoutSVGText {text} at (3498.84,2602) size 78.92x23 contains 1 chunk(s)
        LayoutSVGInlineText {#text} at (3498.84,2602) size 78.92x23
          chunk 1 text run 1 at (3500.00,2620.00) startOffset 0 endOffset 11 width 77.76: "just a text"
      LayoutSVGText {text} at (3598.84,2602) size 78.92x23 contains 1 chunk(s)
        LayoutSVGInlineText {#text} at (3598.84,2602) size 78.92x23
          chunk 1 text run 1 at (3600.00,2620.00) startOffset 0 endOffset 11 width 77.76: "just a text"
      LayoutSVGText {text} at (3698.84,2602) size 78.92x23 contains 1 chunk(s)
        LayoutSVGInlineText {#text} at (3698.84,2602) size 78.92x23
          chunk 1 text run 1 at (3700.00,2620.00) startOffset 0 endOffset 11 width 77.76: "just a text"
      LayoutSVGText {text} at (3798.84,2602) size 78.92x23 contains 1 chunk(s)
        LayoutSVGInlineText {#text} at (3798.84,2602) size 78.92x23
          chunk 1 text run 1 at (3800.00,2620.00) startOffset 0 endOffset 11 width 77.76: "just a text"
      LayoutSVGText {text} at (3898.84,2602) size 78.92x23 contains 1 chunk(s)
        LayoutSVGInlineText {#text} at (3898.84,2602) size 78.92x23
          chunk 1 text run 1 at (3900.00,2620.00) startOffset 0 endOffset 11 width 77.76: "just a text"
      LayoutSVGText {text} at (3998.84,2602) size 78.92x23 contains 1 chunk(s)
        LayoutSVGInlineText {#text} at (3998.84,2602) size 78.92x23
          chunk 1 text run 1 at (4000.00,2620.00) startOffset 0 endOffset 11 width 77.76: "just a text"
      LayoutSVGText {text} at (4098.84,2602) size 78.92x23 contains 1 chunk(s)
        LayoutSVGInlineText {#text} at (4098.84,2602) size 78.92x23
          chunk 1 text run 1 at (4100.00,2620.00) startOffset 0 endOffset 11 width 77.76: "just a text"
      LayoutSVGText {text} at (4198.84,2602) size 78.92x23 contains 1 chunk(s)
        LayoutSVGInlineText {#text} at (4198.84,2602) size 78.92x23
          chunk 1 text run 1 at (4200.00,2620.00) startOffset 0 endOffset 11 width 77.76: "just a text"
      LayoutSVGText {text} at (4298.84,2602) size 78.92x23 contains 1 chunk(s)
        LayoutSVGInlineText {#text} at (4298.84,2602) size 78.92x23
          chunk 1 text run 1 at (4300.00,2620.00) startOffset 0 endOffset 11 width 77.76: "just a text"
      LayoutSVGText {text} at (4398.84,2602) size 78.92x23 contains 1 chunk(s)
        LayoutSVGInlineText {#text} at (4398.84,2602) size 78.92x23
          chunk 1 text run 1 at (4400.00,2620.00) startOffset 0 endOffset 11 width 77.76: "just a text"
      LayoutSVGText {text} at (4498.84,2602) size 78.92x23 contains 1 chunk(s)
        LayoutSVGInlineText {#text} at (4498.84,2602) size 78.92x23
          chunk 1 text run 1 at (4500.00,2620.00) startOffset 0 endOffset 11 width 77.76: "just a text"
      LayoutSVGText {text} at (4598.84,2602) size 78.92x23 contains 1 chunk(s)
        LayoutSVGInlineText {#text} at (4598.84,2602) size 78.92x23
          chunk 1 text run 1 at (4600.00,2620.00) startOffset 0 endOffset 11 width 77.76: "just a text"
      LayoutSVGText {text} at (4698.84,2602) size 78.92x23 contains 1 chunk(s)
        LayoutSVGInlineText {#text} at (4698.84,2602) size 78.92x23
          chunk 1 text run 1 at (4700.00,2620.00) startOffset 0 endOffset 11 width 77.76: "just a text"
      LayoutSVGText {text} at (4798.84,2602) size 78.92x23 contains 1 chunk(s)
        LayoutSVGInlineText {#text} at (4798.84,2602) size 78.92x23
          chunk 1 text run 1 at (4800.00,2620.00) startOffset 0 endOffset 11 width 77.76: "just a text"
      LayoutSVGText {text} at (4898.84,2602) size 78.92x23 contains 1 chunk(s)
        LayoutSVGInlineText {#text} at (4898.84,2602) size 78.92x23
          chunk 1 text run 1 at (4900.00,2620.00) startOffset 0 endOffset 11 width 77.76: "just a text"
      LayoutSVGText {text} at (-1.14,2702) size 78.92x23 contains 1 chunk(s)
        LayoutSVGInlineText {#text} at (-1.14,2702) size 78.92x23
          chunk 1 text run 1 at (0.00,2720.00) startOffset 0 endOffset 11 width 77.76: "just a text"
      LayoutSVGText {text} at (98.84,2702) size 78.92x23 contains 1 chunk(s)
        LayoutSVGInlineText {#text} at (98.84,2702) size 78.92x23
          chunk 1 text run 1 at (100.00,2720.00) startOffset 0 endOffset 11 width 77.76: "just a text"
      LayoutSVGText {text} at (198.84,2702) size 78.92x23 contains 1 chunk(s)
        LayoutSVGInlineText {#text} at (198.84,2702) size 78.92x23
          chunk 1 text run 1 at (200.00,2720.00) startOffset 0 endOffset 11 width 77.76: "just a text"
      LayoutSVGText {text} at (298.84,2702) size 78.92x23 contains 1 chunk(s)
        LayoutSVGInlineText {#text} at (298.84,2702) size 78.92x23
          chunk 1 text run 1 at (300.00,2720.00) startOffset 0 endOffset 11 width 77.76: "just a text"
      LayoutSVGText {text} at (398.84,2702) size 78.92x23 contains 1 chunk(s)
        LayoutSVGInlineText {#text} at (398.84,2702) size 78.92x23
          chunk 1 text run 1 at (400.00,2720.00) startOffset 0 endOffset 11 width 77.76: "just a text"
      LayoutSVGText {text} at (498.84,2702) size 78.92x23 contains 1 chunk(s)
        LayoutSVGInlineText {#text} at (498.84,2702) size 78.92x23
          chunk 1 text run 1 at (500.00,2720.00) startOffset 0 endOffset 11 width 77.76: "just a text"
      LayoutSVGText {text} at (598.84,2702) size 78.92x23 contains 1 chunk(s)
        LayoutSVGInlineText {#text} at (598.84,2702) size 78.92x23
          chunk 1 text run 1 at (600.00,2720.00) startOffset 0 endOffset 11 width 77.76: "just a text"
      LayoutSVGText {text} at (698.84,2702) size 78.92x23 contains 1 chunk(s)
        LayoutSVGInlineText {#text} at (698.84,2702) size 78.92x23
          chunk 1 text run 1 at (700.00,2720.00) startOffset 0 endOffset 11 width 77.76: "just a text"
      LayoutSVGText {text} at (798.84,2702) size 78.92x23 contains 1 chunk(s)
        LayoutSVGInlineText {#text} at (798.84,2702) size 78.92x23
          chunk 1 text run 1 at (800.00,2720.00) startOffset 0 endOffset 11 width 77.76: "just a text"
      LayoutSVGText {text} at (898.84,2702) size 78.92x23 contains 1 chunk(s)
        LayoutSVGInlineText {#text} at (898.84,2702) size 78.92x23
          chunk 1 text run 1 at (900.00,2720.00) startOffset 0 endOffset 11 width 77.76: "just a text"
      LayoutSVGText {text} at (998.84,2702) size 78.92x23 contains 1 chunk(s)
        LayoutSVGInlineText {#text} at (998.84,2702) size 78.92x23
          chunk 1 text run 1 at (1000.00,2720.00) startOffset 0 endOffset 11 width 77.76: "just a text"
      LayoutSVGText {text} at (1098.84,2702) size 78.92x23 contains 1 chunk(s)
        LayoutSVGInlineText {#text} at (1098.84,2702) size 78.92x23
          chunk 1 text run 1 at (1100.00,2720.00) startOffset 0 endOffset 11 width 77.76: "just a text"
      LayoutSVGText {text} at (1198.84,2702) size 78.92x23 contains 1 chunk(s)
        LayoutSVGInlineText {#text} at (1198.84,2702) size 78.92x23
          chunk 1 text run 1 at (1200.00,2720.00) startOffset 0 endOffset 11 width 77.76: "just a text"
      LayoutSVGText {text} at (1298.84,2702) size 78.92x23 contains 1 chunk(s)
        LayoutSVGInlineText {#text} at (1298.84,2702) size 78.92x23
          chunk 1 text run 1 at (1300.00,2720.00) startOffset 0 endOffset 11 width 77.76: "just a text"
      LayoutSVGText {text} at (1398.84,2702) size 78.92x23 contains 1 chunk(s)
        LayoutSVGInlineText {#text} at (1398.84,2702) size 78.92x23
          chunk 1 text run 1 at (1400.00,2720.00) startOffset 0 endOffset 11 width 77.76: "just a text"
      LayoutSVGText {text} at (1498.84,2702) size 78.92x23 contains 1 chunk(s)
        LayoutSVGInlineText {#text} at (1498.84,2702) size 78.92x23
          chunk 1 text run 1 at (1500.00,2720.00) startOffset 0 endOffset 11 width 77.76: "just a text"
      LayoutSVGText {text} at (1598.84,2702) size 78.92x23 contains 1 chunk(s)
        LayoutSVGInlineText {#text} at (1598.84,2702) size 78.92x23
          chunk 1 text run 1 at (1600.00,2720.00) startOffset 0 endOffset 11 width 77.76: "just a text"
      LayoutSVGText {text} at (1698.84,2702) size 78.92x23 contains 1 chunk(s)
        LayoutSVGInlineText {#text} at (1698.84,2702) size 78.92x23
          chunk 1 text run 1 at (1700.00,2720.00) startOffset 0 endOffset 11 width 77.76: "just a text"
      LayoutSVGText {text} at (1798.84,2702) size 78.92x23 contains 1 chunk(s)
        LayoutSVGInlineText {#text} at (1798.84,2702) size 78.92x23
          chunk 1 text run 1 at (1800.00,2720.00) startOffset 0 endOffset 11 width 77.76: "just a text"
      LayoutSVGText {text} at (1898.84,2702) size 78.92x23 contains 1 chunk(s)
        LayoutSVGInlineText {#text} at (1898.84,2702) size 78.92x23
          chunk 1 text run 1 at (1900.00,2720.00) startOffset 0 endOffset 11 width 77.76: "just a text"
      LayoutSVGText {text} at (1998.84,2702) size 78.92x23 contains 1 chunk(s)
        LayoutSVGInlineText {#text} at (1998.84,2702) size 78.92x23
          chunk 1 text run 1 at (2000.00,2720.00) startOffset 0 endOffset 11 width 77.76: "just a text"
      LayoutSVGText {text} at (2098.84,2702) size 78.92x23 contains 1 chunk(s)
        LayoutSVGInlineText {#text} at (2098.84,2702) size 78.92x23
          chunk 1 text run 1 at (2100.00,2720.00) startOffset 0 endOffset 11 width 77.76: "just a text"
      LayoutSVGText {text} at (2198.84,2702) size 78.92x23 contains 1 chunk(s)
        LayoutSVGInlineText {#text} at (2198.84,2702) size 78.92x23
          chunk 1 text run 1 at (2200.00,2720.00) startOffset 0 endOffset 11 width 77.76: "just a text"
      LayoutSVGText {text} at (2298.84,2702) size 78.92x23 contains 1 chunk(s)
        LayoutSVGInlineText {#text} at (2298.84,2702) size 78.92x23
          chunk 1 text run 1 at (2300.00,2720.00) startOffset 0 endOffset 11 width 77.76: "just a text"
      LayoutSVGText {text} at (2398.84,2702) size 78.92x23 contains 1 chunk(s)
        LayoutSVGInlineText {#text} at (2398.84,2702) size 78.92x23
          chunk 1 text run 1 at (2400.00,2720.00) startOffset 0 endOffset 11 width 77.76: "just a text"
      LayoutSVGText {text} at (2498.84,2702) size 78.92x23 contains 1 chunk(s)
        LayoutSVGInlineText {#text} at (2498.84,2702) size 78.92x23
          chunk 1 text run 1 at (2500.00,2720.00) startOffset 0 endOffset 11 width 77.76: "just a text"
      LayoutSVGText {text} at (2598.84,2702) size 78.92x23 contains 1 chunk(s)
        LayoutSVGInlineText {#text} at (2598.84,2702) size 78.92x23
          chunk 1 text run 1 at (2600.00,2720.00) startOffset 0 endOffset 11 width 77.76: "just a text"
      LayoutSVGText {text} at (2698.84,2702) size 78.92x23 contains 1 chunk(s)
        LayoutSVGInlineText {#text} at (2698.84,2702) size 78.92x23
          chunk 1 text run 1 at (2700.00,2720.00) startOffset 0 endOffset 11 width 77.76: "just a text"
      LayoutSVGText {text} at (2798.84,2702) size 78.92x23 contains 1 chunk(s)
        LayoutSVGInlineText {#text} at (2798.84,2702) size 78.92x23
          chunk 1 text run 1 at (2800.00,2720.00) startOffset 0 endOffset 11 width 77.76: "just a text"
      LayoutSVGText {text} at (2898.84,2702) size 78.92x23 contains 1 chunk(s)
        LayoutSVGInlineText {#text} at (2898.84,2702) size 78.92x23
          chunk 1 text run 1 at (2900.00,2720.00) startOffset 0 endOffset 11 width 77.76: "just a text"
      LayoutSVGText {text} at (2998.84,2702) size 78.92x23 contains 1 chunk(s)
        LayoutSVGInlineText {#text} at (2998.84,2702) size 78.92x23
          chunk 1 text run 1 at (3000.00,2720.00) startOffset 0 endOffset 11 width 77.76: "just a text"
      LayoutSVGText {text} at (3098.84,2702) size 78.92x23 contains 1 chunk(s)
        LayoutSVGInlineText {#text} at (3098.84,2702) size 78.92x23
          chunk 1 text run 1 at (3100.00,2720.00) startOffset 0 endOffset 11 width 77.76: "just a text"
      LayoutSVGText {text} at (3198.84,2702) size 78.92x23 contains 1 chunk(s)
        LayoutSVGInlineText {#text} at (3198.84,2702) size 78.92x23
          chunk 1 text run 1 at (3200.00,2720.00) startOffset 0 endOffset 11 width 77.76: "just a text"
      LayoutSVGText {text} at (3298.84,2702) size 78.92x23 contains 1 chunk(s)
        LayoutSVGInlineText {#text} at (3298.84,2702) size 78.92x23
          chunk 1 text run 1 at (3300.00,2720.00) startOffset 0 endOffset 11 width 77.76: "just a text"
      LayoutSVGText {text} at (3398.84,2702) size 78.92x23 contains 1 chunk(s)
        LayoutSVGInlineText {#text} at (3398.84,2702) size 78.92x23
          chunk 1 text run 1 at (3400.00,2720.00) startOffset 0 endOffset 11 width 77.76: "just a text"
      LayoutSVGText {text} at (3498.84,2702) size 78.92x23 contains 1 chunk(s)
        LayoutSVGInlineText {#text} at (3498.84,2702) size 78.92x23
          chunk 1 text run 1 at (3500.00,2720.00) startOffset 0 endOffset 11 width 77.76: "just a text"
      LayoutSVGText {text} at (3598.84,2702) size 78.92x23 contains 1 chunk(s)
        LayoutSVGInlineText {#text} at (3598.84,2702) size 78.92x23
          chunk 1 text run 1 at (3600.00,2720.00) startOffset 0 endOffset 11 width 77.76: "just a text"
      LayoutSVGText {text} at (3698.84,2702) size 78.92x23 contains 1 chunk(s)
        LayoutSVGInlineText {#text} at (3698.84,2702) size 78.92x23
          chunk 1 text run 1 at (3700.00,2720.00) startOffset 0 endOffset 11 width 77.76: "just a text"
      LayoutSVGText {text} at (3798.84,2702) size 78.92x23 contains 1 chunk(s)
        LayoutSVGInlineText {#text} at (3798.84,2702) size 78.92x23
          chunk 1 text run 1 at (3800.00,2720.00) startOffset 0 endOffset 11 width 77.76: "just a text"
      LayoutSVGText {text} at (3898.84,2702) size 78.92x23 contains 1 chunk(s)
        LayoutSVGInlineText {#text} at (3898.84,2702) size 78.92x23
          chunk 1 text run 1 at (3900.00,2720.00) startOffset 0 endOffset 11 width 77.76: "just a text"
      LayoutSVGText {text} at (3998.84,2702) size 78.92x23 contains 1 chunk(s)
        LayoutSVGInlineText {#text} at (3998.84,2702) size 78.92x23
          chunk 1 text run 1 at (4000.00,2720.00) startOffset 0 endOffset 11 width 77.76: "just a text"
      LayoutSVGText {text} at (4098.84,2702) size 78.92x23 contains 1 chunk(s)
        LayoutSVGInlineText {#text} at (4098.84,2702) size 78.92x23
          chunk 1 text run 1 at (4100.00,2720.00) startOffset 0 endOffset 11 width 77.76: "just a text"
      LayoutSVGText {text} at (4198.84,2702) size 78.92x23 contains 1 chunk(s)
        LayoutSVGInlineText {#text} at (4198.84,2702) size 78.92x23
          chunk 1 text run 1 at (4200.00,2720.00) startOffset 0 endOffset 11 width 77.76: "just a text"
      LayoutSVGText {text} at (4298.84,2702) size 78.92x23 contains 1 chunk(s)
        LayoutSVGInlineText {#text} at (4298.84,2702) size 78.92x23
          chunk 1 text run 1 at (4300.00,2720.00) startOffset 0 endOffset 11 width 77.76: "just a text"
      LayoutSVGText {text} at (4398.84,2702) size 78.92x23 contains 1 chunk(s)
        LayoutSVGInlineText {#text} at (4398.84,2702) size 78.92x23
          chunk 1 text run 1 at (4400.00,2720.00) startOffset 0 endOffset 11 width 77.76: "just a text"
      LayoutSVGText {text} at (4498.84,2702) size 78.92x23 contains 1 chunk(s)
        LayoutSVGInlineText {#text} at (4498.84,2702) size 78.92x23
          chunk 1 text run 1 at (4500.00,2720.00) startOffset 0 endOffset 11 width 77.76: "just a text"
      LayoutSVGText {text} at (4598.84,2702) size 78.92x23 contains 1 chunk(s)
        LayoutSVGInlineText {#text} at (4598.84,2702) size 78.92x23
          chunk 1 text run 1 at (4600.00,2720.00) startOffset 0 endOffset 11 width 77.76: "just a text"
      LayoutSVGText {text} at (4698.84,2702) size 78.92x23 contains 1 chunk(s)
        LayoutSVGInlineText {#text} at (4698.84,2702) size 78.92x23
          chunk 1 text run 1 at (4700.00,2720.00) startOffset 0 endOffset 11 width 77.76: "just a text"
      LayoutSVGText {text} at (4798.84,2702) size 78.92x23 contains 1 chunk(s)
        LayoutSVGInlineText {#text} at (4798.84,2702) size 78.92x23
          chunk 1 text run 1 at (4800.00,2720.00) startOffset 0 endOffset 11 width 77.76: "just a text"
      LayoutSVGText {text} at (4898.84,2702) size 78.92x23 contains 1 chunk(s)
        LayoutSVGInlineText {#text} at (4898.84,2702) size 78.92x23
          chunk 1 text run 1 at (4900.00,2720.00) startOffset 0 endOffset 11 width 77.76: "just a text"
      LayoutSVGText {text} at (-1.14,2802) size 78.92x23 contains 1 chunk(s)
        LayoutSVGInlineText {#text} at (-1.14,2802) size 78.92x23
          chunk 1 text run 1 at (0.00,2820.00) startOffset 0 endOffset 11 width 77.76: "just a text"
      LayoutSVGText {text} at (98.84,2802) size 78.92x23 contains 1 chunk(s)
        LayoutSVGInlineText {#text} at (98.84,2802) size 78.92x23
          chunk 1 text run 1 at (100.00,2820.00) startOffset 0 endOffset 11 width 77.76: "just a text"
      LayoutSVGText {text} at (198.84,2802) size 78.92x23 contains 1 chunk(s)
        LayoutSVGInlineText {#text} at (198.84,2802) size 78.92x23
          chunk 1 text run 1 at (200.00,2820.00) startOffset 0 endOffset 11 width 77.76: "just a text"
      LayoutSVGText {text} at (298.84,2802) size 78.92x23 contains 1 chunk(s)
        LayoutSVGInlineText {#text} at (298.84,2802) size 78.92x23
          chunk 1 text run 1 at (300.00,2820.00) startOffset 0 endOffset 11 width 77.76: "just a text"
      LayoutSVGText {text} at (398.84,2802) size 78.92x23 contains 1 chunk(s)
        LayoutSVGInlineText {#text} at (398.84,2802) size 78.92x23
          chunk 1 text run 1 at (400.00,2820.00) startOffset 0 endOffset 11 width 77.76: "just a text"
      LayoutSVGText {text} at (498.84,2802) size 78.92x23 contains 1 chunk(s)
        LayoutSVGInlineText {#text} at (498.84,2802) size 78.92x23
          chunk 1 text run 1 at (500.00,2820.00) startOffset 0 endOffset 11 width 77.76: "just a text"
      LayoutSVGText {text} at (598.84,2802) size 78.92x23 contains 1 chunk(s)
        LayoutSVGInlineText {#text} at (598.84,2802) size 78.92x23
          chunk 1 text run 1 at (600.00,2820.00) startOffset 0 endOffset 11 width 77.76: "just a text"
      LayoutSVGText {text} at (698.84,2802) size 78.92x23 contains 1 chunk(s)
        LayoutSVGInlineText {#text} at (698.84,2802) size 78.92x23
          chunk 1 text run 1 at (700.00,2820.00) startOffset 0 endOffset 11 width 77.76: "just a text"
      LayoutSVGText {text} at (798.84,2802) size 78.92x23 contains 1 chunk(s)
        LayoutSVGInlineText {#text} at (798.84,2802) size 78.92x23
          chunk 1 text run 1 at (800.00,2820.00) startOffset 0 endOffset 11 width 77.76: "just a text"
      LayoutSVGText {text} at (898.84,2802) size 78.92x23 contains 1 chunk(s)
        LayoutSVGInlineText {#text} at (898.84,2802) size 78.92x23
          chunk 1 text run 1 at (900.00,2820.00) startOffset 0 endOffset 11 width 77.76: "just a text"
      LayoutSVGText {text} at (998.84,2802) size 78.92x23 contains 1 chunk(s)
        LayoutSVGInlineText {#text} at (998.84,2802) size 78.92x23
          chunk 1 text run 1 at (1000.00,2820.00) startOffset 0 endOffset 11 width 77.76: "just a text"
      LayoutSVGText {text} at (1098.84,2802) size 78.92x23 contains 1 chunk(s)
        LayoutSVGInlineText {#text} at (1098.84,2802) size 78.92x23
          chunk 1 text run 1 at (1100.00,2820.00) startOffset 0 endOffset 11 width 77.76: "just a text"
      LayoutSVGText {text} at (1198.84,2802) size 78.92x23 contains 1 chunk(s)
        LayoutSVGInlineText {#text} at (1198.84,2802) size 78.92x23
          chunk 1 text run 1 at (1200.00,2820.00) startOffset 0 endOffset 11 width 77.76: "just a text"
      LayoutSVGText {text} at (1298.84,2802) size 78.92x23 contains 1 chunk(s)
        LayoutSVGInlineText {#text} at (1298.84,2802) size 78.92x23
          chunk 1 text run 1 at (1300.00,2820.00) startOffset 0 endOffset 11 width 77.76: "just a text"
      LayoutSVGText {text} at (1398.84,2802) size 78.92x23 contains 1 chunk(s)
        LayoutSVGInlineText {#text} at (1398.84,2802) size 78.92x23
          chunk 1 text run 1 at (1400.00,2820.00) startOffset 0 endOffset 11 width 77.76: "just a text"
      LayoutSVGText {text} at (1498.84,2802) size 78.92x23 contains 1 chunk(s)
        LayoutSVGInlineText {#text} at (1498.84,2802) size 78.92x23
          chunk 1 text run 1 at (1500.00,2820.00) startOffset 0 endOffset 11 width 77.76: "just a text"
      LayoutSVGText {text} at (1598.84,2802) size 78.92x23 contains 1 chunk(s)
        LayoutSVGInlineText {#text} at (1598.84,2802) size 78.92x23
          chunk 1 text run 1 at (1600.00,2820.00) startOffset 0 endOffset 11 width 77.76: "just a text"
      LayoutSVGText {text} at (1698.84,2802) size 78.92x23 contains 1 chunk(s)
        LayoutSVGInlineText {#text} at (1698.84,2802) size 78.92x23
          chunk 1 text run 1 at (1700.00,2820.00) startOffset 0 endOffset 11 width 77.76: "just a text"
      LayoutSVGText {text} at (1798.84,2802) size 78.92x23 contains 1 chunk(s)
        LayoutSVGInlineText {#text} at (1798.84,2802) size 78.92x23
          chunk 1 text run 1 at (1800.00,2820.00) startOffset 0 endOffset 11 width 77.76: "just a text"
      LayoutSVGText {text} at (1898.84,2802) size 78.92x23 contains 1 chunk(s)
        LayoutSVGInlineText {#text} at (1898.84,2802) size 78.92x23
          chunk 1 text run 1 at (1900.00,2820.00) startOffset 0 endOffset 11 width 77.76: "just a text"
      LayoutSVGText {text} at (1998.84,2802) size 78.92x23 contains 1 chunk(s)
        LayoutSVGInlineText {#text} at (1998.84,2802) size 78.92x23
          chunk 1 text run 1 at (2000.00,2820.00) startOffset 0 endOffset 11 width 77.76: "just a text"
      LayoutSVGText {text} at (2098.84,2802) size 78.92x23 contains 1 chunk(s)
        LayoutSVGInlineText {#text} at (2098.84,2802) size 78.92x23
          chunk 1 text run 1 at (2100.00,2820.00) startOffset 0 endOffset 11 width 77.76: "just a text"
      LayoutSVGText {text} at (2198.84,2802) size 78.92x23 contains 1 chunk(s)
        LayoutSVGInlineText {#text} at (2198.84,2802) size 78.92x23
          chunk 1 text run 1 at (2200.00,2820.00) startOffset 0 endOffset 11 width 77.76: "just a text"
      LayoutSVGText {text} at (2298.84,2802) size 78.92x23 contains 1 chunk(s)
        LayoutSVGInlineText {#text} at (2298.84,2802) size 78.92x23
          chunk 1 text run 1 at (2300.00,2820.00) startOffset 0 endOffset 11 width 77.76: "just a text"
      LayoutSVGText {text} at (2398.84,2802) size 78.92x23 contains 1 chunk(s)
        LayoutSVGInlineText {#text} at (2398.84,2802) size 78.92x23
          chunk 1 text run 1 at (2400.00,2820.00) startOffset 0 endOffset 11 width 77.76: "just a text"
      LayoutSVGText {text} at (2498.84,2802) size 78.92x23 contains 1 chunk(s)
        LayoutSVGInlineText {#text} at (2498.84,2802) size 78.92x23
          chunk 1 text run 1 at (2500.00,2820.00) startOffset 0 endOffset 11 width 77.76: "just a text"
      LayoutSVGText {text} at (2598.84,2802) size 78.92x23 contains 1 chunk(s)
        LayoutSVGInlineText {#text} at (2598.84,2802) size 78.92x23
          chunk 1 text run 1 at (2600.00,2820.00) startOffset 0 endOffset 11 width 77.76: "just a text"
      LayoutSVGText {text} at (2698.84,2802) size 78.92x23 contains 1 chunk(s)
        LayoutSVGInlineText {#text} at (2698.84,2802) size 78.92x23
          chunk 1 text run 1 at (2700.00,2820.00) startOffset 0 endOffset 11 width 77.76: "just a text"
      LayoutSVGText {text} at (2798.84,2802) size 78.92x23 contains 1 chunk(s)
        LayoutSVGInlineText {#text} at (2798.84,2802) size 78.92x23
          chunk 1 text run 1 at (2800.00,2820.00) startOffset 0 endOffset 11 width 77.76: "just a text"
      LayoutSVGText {text} at (2898.84,2802) size 78.92x23 contains 1 chunk(s)
        LayoutSVGInlineText {#text} at (2898.84,2802) size 78.92x23
          chunk 1 text run 1 at (2900.00,2820.00) startOffset 0 endOffset 11 width 77.76: "just a text"
      LayoutSVGText {text} at (2998.84,2802) size 78.92x23 contains 1 chunk(s)
        LayoutSVGInlineText {#text} at (2998.84,2802) size 78.92x23
          chunk 1 text run 1 at (3000.00,2820.00) startOffset 0 endOffset 11 width 77.76: "just a text"
      LayoutSVGText {text} at (3098.84,2802) size 78.92x23 contains 1 chunk(s)
        LayoutSVGInlineText {#text} at (3098.84,2802) size 78.92x23
          chunk 1 text run 1 at (3100.00,2820.00) startOffset 0 endOffset 11 width 77.76: "just a text"
      LayoutSVGText {text} at (3198.84,2802) size 78.92x23 contains 1 chunk(s)
        LayoutSVGInlineText {#text} at (3198.84,2802) size 78.92x23
          chunk 1 text run 1 at (3200.00,2820.00) startOffset 0 endOffset 11 width 77.76: "just a text"
      LayoutSVGText {text} at (3298.84,2802) size 78.92x23 contains 1 chunk(s)
        LayoutSVGInlineText {#text} at (3298.84,2802) size 78.92x23
          chunk 1 text run 1 at (3300.00,2820.00) startOffset 0 endOffset 11 width 77.76: "just a text"
      LayoutSVGText {text} at (3398.84,2802) size 78.92x23 contains 1 chunk(s)
        LayoutSVGInlineText {#text} at (3398.84,2802) size 78.92x23
          chunk 1 text run 1 at (3400.00,2820.00) startOffset 0 endOffset 11 width 77.76: "just a text"
      LayoutSVGText {text} at (3498.84,2802) size 78.92x23 contains 1 chunk(s)
        LayoutSVGInlineText {#text} at (3498.84,2802) size 78.92x23
          chunk 1 text run 1 at (3500.00,2820.00) startOffset 0 endOffset 11 width 77.76: "just a text"
      LayoutSVGText {text} at (3598.84,2802) size 78.92x23 contains 1 chunk(s)
        LayoutSVGInlineText {#text} at (3598.84,2802) size 78.92x23
          chunk 1 text run 1 at (3600.00,2820.00) startOffset 0 endOffset 11 width 77.76: "just a text"
      LayoutSVGText {text} at (3698.84,2802) size 78.92x23 contains 1 chunk(s)
        LayoutSVGInlineText {#text} at (3698.84,2802) size 78.92x23
          chunk 1 text run 1 at (3700.00,2820.00) startOffset 0 endOffset 11 width 77.76: "just a text"
      LayoutSVGText {text} at (3798.84,2802) size 78.92x23 contains 1 chunk(s)
        LayoutSVGInlineText {#text} at (3798.84,2802) size 78.92x23
          chunk 1 text run 1 at (3800.00,2820.00) startOffset 0 endOffset 11 width 77.76: "just a text"
      LayoutSVGText {text} at (3898.84,2802) size 78.92x23 contains 1 chunk(s)
        LayoutSVGInlineText {#text} at (3898.84,2802) size 78.92x23
          chunk 1 text run 1 at (3900.00,2820.00) startOffset 0 endOffset 11 width 77.76: "just a text"
      LayoutSVGText {text} at (3998.84,2802) size 78.92x23 contains 1 chunk(s)
        LayoutSVGInlineText {#text} at (3998.84,2802) size 78.92x23
          chunk 1 text run 1 at (4000.00,2820.00) startOffset 0 endOffset 11 width 77.76: "just a text"
      LayoutSVGText {text} at (4098.84,2802) size 78.92x23 contains 1 chunk(s)
        LayoutSVGInlineText {#text} at (4098.84,2802) size 78.92x23
          chunk 1 text run 1 at (4100.00,2820.00) startOffset 0 endOffset 11 width 77.76: "just a text"
      LayoutSVGText {text} at (4198.84,2802) size 78.92x23 contains 1 chunk(s)
        LayoutSVGInlineText {#text} at (4198.84,2802) size 78.92x23
          chunk 1 text run 1 at (4200.00,2820.00) startOffset 0 endOffset 11 width 77.76: "just a text"
      LayoutSVGText {text} at (4298.84,2802) size 78.92x23 contains 1 chunk(s)
        LayoutSVGInlineText {#text} at (4298.84,2802) size 78.92x23
          chunk 1 text run 1 at (4300.00,2820.00) startOffset 0 endOffset 11 width 77.76: "just a text"
      LayoutSVGText {text} at (4398.84,2802) size 78.92x23 contains 1 chunk(s)
        LayoutSVGInlineText {#text} at (4398.84,2802) size 78.92x23
          chunk 1 text run 1 at (4400.00,2820.00) startOffset 0 endOffset 11 width 77.76: "just a text"
      LayoutSVGText {text} at (4498.84,2802) size 78.92x23 contains 1 chunk(s)
        LayoutSVGInlineText {#text} at (4498.84,2802) size 78.92x23
          chunk 1 text run 1 at (4500.00,2820.00) startOffset 0 endOffset 11 width 77.76: "just a text"
      LayoutSVGText {text} at (4598.84,2802) size 78.92x23 contains 1 chunk(s)
        LayoutSVGInlineText {#text} at (4598.84,2802) size 78.92x23
          chunk 1 text run 1 at (4600.00,2820.00) startOffset 0 endOffset 11 width 77.76: "just a text"
      LayoutSVGText {text} at (4698.84,2802) size 78.92x23 contains 1 chunk(s)
        LayoutSVGInlineText {#text} at (4698.84,2802) size 78.92x23
          chunk 1 text run 1 at (4700.00,2820.00) startOffset 0 endOffset 11 width 77.76: "just a text"
      LayoutSVGText {text} at (4798.84,2802) size 78.92x23 contains 1 chunk(s)
        LayoutSVGInlineText {#text} at (4798.84,2802) size 78.92x23
          chunk 1 text run 1 at (4800.00,2820.00) startOffset 0 endOffset 11 width 77.76: "just a text"
      LayoutSVGText {text} at (4898.84,2802) size 78.92x23 contains 1 chunk(s)
        LayoutSVGInlineText {#text} at (4898.84,2802) size 78.92x23
          chunk 1 text run 1 at (4900.00,2820.00) startOffset 0 endOffset 11 width 77.76: "just a text"
      LayoutSVGText {text} at (-1.14,2902) size 78.92x23 contains 1 chunk(s)
        LayoutSVGInlineText {#text} at (-1.14,2902) size 78.92x23
          chunk 1 text run 1 at (0.00,2920.00) startOffset 0 endOffset 11 width 77.76: "just a text"
      LayoutSVGText {text} at (98.84,2902) size 78.92x23 contains 1 chunk(s)
        LayoutSVGInlineText {#text} at (98.84,2902) size 78.92x23
          chunk 1 text run 1 at (100.00,2920.00) startOffset 0 endOffset 11 width 77.76: "just a text"
      LayoutSVGText {text} at (198.84,2902) size 78.92x23 contains 1 chunk(s)
        LayoutSVGInlineText {#text} at (198.84,2902) size 78.92x23
          chunk 1 text run 1 at (200.00,2920.00) startOffset 0 endOffset 11 width 77.76: "just a text"
      LayoutSVGText {text} at (298.84,2902) size 78.92x23 contains 1 chunk(s)
        LayoutSVGInlineText {#text} at (298.84,2902) size 78.92x23
          chunk 1 text run 1 at (300.00,2920.00) startOffset 0 endOffset 11 width 77.76: "just a text"
      LayoutSVGText {text} at (398.84,2902) size 78.92x23 contains 1 chunk(s)
        LayoutSVGInlineText {#text} at (398.84,2902) size 78.92x23
          chunk 1 text run 1 at (400.00,2920.00) startOffset 0 endOffset 11 width 77.76: "just a text"
      LayoutSVGText {text} at (498.84,2902) size 78.92x23 contains 1 chunk(s)
        LayoutSVGInlineText {#text} at (498.84,2902) size 78.92x23
          chunk 1 text run 1 at (500.00,2920.00) startOffset 0 endOffset 11 width 77.76: "just a text"
      LayoutSVGText {text} at (598.84,2902) size 78.92x23 contains 1 chunk(s)
        LayoutSVGInlineText {#text} at (598.84,2902) size 78.92x23
          chunk 1 text run 1 at (600.00,2920.00) startOffset 0 endOffset 11 width 77.76: "just a text"
      LayoutSVGText {text} at (698.84,2902) size 78.92x23 contains 1 chunk(s)
        LayoutSVGInlineText {#text} at (698.84,2902) size 78.92x23
          chunk 1 text run 1 at (700.00,2920.00) startOffset 0 endOffset 11 width 77.76: "just a text"
      LayoutSVGText {text} at (798.84,2902) size 78.92x23 contains 1 chunk(s)
        LayoutSVGInlineText {#text} at (798.84,2902) size 78.92x23
          chunk 1 text run 1 at (800.00,2920.00) startOffset 0 endOffset 11 width 77.76: "just a text"
      LayoutSVGText {text} at (898.84,2902) size 78.92x23 contains 1 chunk(s)
        LayoutSVGInlineText {#text} at (898.84,2902) size 78.92x23
          chunk 1 text run 1 at (900.00,2920.00) startOffset 0 endOffset 11 width 77.76: "just a text"
      LayoutSVGText {text} at (998.84,2902) size 78.92x23 contains 1 chunk(s)
        LayoutSVGInlineText {#text} at (998.84,2902) size 78.92x23
          chunk 1 text run 1 at (1000.00,2920.00) startOffset 0 endOffset 11 width 77.76: "just a text"
      LayoutSVGText {text} at (1098.84,2902) size 78.92x23 contains 1 chunk(s)
        LayoutSVGInlineText {#text} at (1098.84,2902) size 78.92x23
          chunk 1 text run 1 at (1100.00,2920.00) startOffset 0 endOffset 11 width 77.76: "just a text"
      LayoutSVGText {text} at (1198.84,2902) size 78.92x23 contains 1 chunk(s)
        LayoutSVGInlineText {#text} at (1198.84,2902) size 78.92x23
          chunk 1 text run 1 at (1200.00,2920.00) startOffset 0 endOffset 11 width 77.76: "just a text"
      LayoutSVGText {text} at (1298.84,2902) size 78.92x23 contains 1 chunk(s)
        LayoutSVGInlineText {#text} at (1298.84,2902) size 78.92x23
          chunk 1 text run 1 at (1300.00,2920.00) startOffset 0 endOffset 11 width 77.76: "just a text"
      LayoutSVGText {text} at (1398.84,2902) size 78.92x23 contains 1 chunk(s)
        LayoutSVGInlineText {#text} at (1398.84,2902) size 78.92x23
          chunk 1 text run 1 at (1400.00,2920.00) startOffset 0 endOffset 11 width 77.76: "just a text"
      LayoutSVGText {text} at (1498.84,2902) size 78.92x23 contains 1 chunk(s)
        LayoutSVGInlineText {#text} at (1498.84,2902) size 78.92x23
          chunk 1 text run 1 at (1500.00,2920.00) startOffset 0 endOffset 11 width 77.76: "just a text"
      LayoutSVGText {text} at (1598.84,2902) size 78.92x23 contains 1 chunk(s)
        LayoutSVGInlineText {#text} at (1598.84,2902) size 78.92x23
          chunk 1 text run 1 at (1600.00,2920.00) startOffset 0 endOffset 11 width 77.76: "just a text"
      LayoutSVGText {text} at (1698.84,2902) size 78.92x23 contains 1 chunk(s)
        LayoutSVGInlineText {#text} at (1698.84,2902) size 78.92x23
          chunk 1 text run 1 at (1700.00,2920.00) startOffset 0 endOffset 11 width 77.76: "just a text"
      LayoutSVGText {text} at (1798.84,2902) size 78.92x23 contains 1 chunk(s)
        LayoutSVGInlineText {#text} at (1798.84,2902) size 78.92x23
          chunk 1 text run 1 at (1800.00,2920.00) startOffset 0 endOffset 11 width 77.76: "just a text"
      LayoutSVGText {text} at (1898.84,2902) size 78.92x23 contains 1 chunk(s)
        LayoutSVGInlineText {#text} at (1898.84,2902) size 78.92x23
          chunk 1 text run 1 at (1900.00,2920.00) startOffset 0 endOffset 11 width 77.76: "just a text"
      LayoutSVGText {text} at (1998.84,2902) size 78.92x23 contains 1 chunk(s)
        LayoutSVGInlineText {#text} at (1998.84,2902) size 78.92x23
          chunk 1 text run 1 at (2000.00,2920.00) startOffset 0 endOffset 11 width 77.76: "just a text"
      LayoutSVGText {text} at (2098.84,2902) size 78.92x23 contains 1 chunk(s)
        LayoutSVGInlineText {#text} at (2098.84,2902) size 78.92x23
          chunk 1 text run 1 at (2100.00,2920.00) startOffset 0 endOffset 11 width 77.76: "just a text"
      LayoutSVGText {text} at (2198.84,2902) size 78.92x23 contains 1 chunk(s)
        LayoutSVGInlineText {#text} at (2198.84,2902) size 78.92x23
          chunk 1 text run 1 at (2200.00,2920.00) startOffset 0 endOffset 11 width 77.76: "just a text"
      LayoutSVGText {text} at (2298.84,2902) size 78.92x23 contains 1 chunk(s)
        LayoutSVGInlineText {#text} at (2298.84,2902) size 78.92x23
          chunk 1 text run 1 at (2300.00,2920.00) startOffset 0 endOffset 11 width 77.76: "just a text"
      LayoutSVGText {text} at (2398.84,2902) size 78.92x23 contains 1 chunk(s)
        LayoutSVGInlineText {#text} at (2398.84,2902) size 78.92x23
          chunk 1 text run 1 at (2400.00,2920.00) startOffset 0 endOffset 11 width 77.76: "just a text"
      LayoutSVGText {text} at (2498.84,2902) size 78.92x23 contains 1 chunk(s)
        LayoutSVGInlineText {#text} at (2498.84,2902) size 78.92x23
          chunk 1 text run 1 at (2500.00,2920.00) startOffset 0 endOffset 11 width 77.76: "just a text"
      LayoutSVGText {text} at (2598.84,2902) size 78.92x23 contains 1 chunk(s)
        LayoutSVGInlineText {#text} at (2598.84,2902) size 78.92x23
          chunk 1 text run 1 at (2600.00,2920.00) startOffset 0 endOffset 11 width 77.76: "just a text"
      LayoutSVGText {text} at (2698.84,2902) size 78.92x23 contains 1 chunk(s)
        LayoutSVGInlineText {#text} at (2698.84,2902) size 78.92x23
          chunk 1 text run 1 at (2700.00,2920.00) startOffset 0 endOffset 11 width 77.76: "just a text"
      LayoutSVGText {text} at (2798.84,2902) size 78.92x23 contains 1 chunk(s)
        LayoutSVGInlineText {#text} at (2798.84,2902) size 78.92x23
          chunk 1 text run 1 at (2800.00,2920.00) startOffset 0 endOffset 11 width 77.76: "just a text"
      LayoutSVGText {text} at (2898.84,2902) size 78.92x23 contains 1 chunk(s)
        LayoutSVGInlineText {#text} at (2898.84,2902) size 78.92x23
          chunk 1 text run 1 at (2900.00,2920.00) startOffset 0 endOffset 11 width 77.76: "just a text"
      LayoutSVGText {text} at (2998.84,2902) size 78.92x23 contains 1 chunk(s)
        LayoutSVGInlineText {#text} at (2998.84,2902) size 78.92x23
          chunk 1 text run 1 at (3000.00,2920.00) startOffset 0 endOffset 11 width 77.76: "just a text"
      LayoutSVGText {text} at (3098.84,2902) size 78.92x23 contains 1 chunk(s)
        LayoutSVGInlineText {#text} at (3098.84,2902) size 78.92x23
          chunk 1 text run 1 at (3100.00,2920.00) startOffset 0 endOffset 11 width 77.76: "just a text"
      LayoutSVGText {text} at (3198.84,2902) size 78.92x23 contains 1 chunk(s)
        LayoutSVGInlineText {#text} at (3198.84,2902) size 78.92x23
          chunk 1 text run 1 at (3200.00,2920.00) startOffset 0 endOffset 11 width 77.76: "just a text"
      LayoutSVGText {text} at (3298.84,2902) size 78.92x23 contains 1 chunk(s)
        LayoutSVGInlineText {#text} at (3298.84,2902) size 78.92x23
          chunk 1 text run 1 at (3300.00,2920.00) startOffset 0 endOffset 11 width 77.76: "just a text"
      LayoutSVGText {text} at (3398.84,2902) size 78.92x23 contains 1 chunk(s)
        LayoutSVGInlineText {#text} at (3398.84,2902) size 78.92x23
          chunk 1 text run 1 at (3400.00,2920.00) startOffset 0 endOffset 11 width 77.76: "just a text"
      LayoutSVGText {text} at (3498.84,2902) size 78.92x23 contains 1 chunk(s)
        LayoutSVGInlineText {#text} at (3498.84,2902) size 78.92x23
          chunk 1 text run 1 at (3500.00,2920.00) startOffset 0 endOffset 11 width 77.76: "just a text"
      LayoutSVGText {text} at (3598.84,2902) size 78.92x23 contains 1 chunk(s)
        LayoutSVGInlineText {#text} at (3598.84,2902) size 78.92x23
          chunk 1 text run 1 at (3600.00,2920.00) startOffset 0 endOffset 11 width 77.76: "just a text"
      LayoutSVGText {text} at (3698.84,2902) size 78.92x23 contains 1 chunk(s)
        LayoutSVGInlineText {#text} at (3698.84,2902) size 78.92x23
          chunk 1 text run 1 at (3700.00,2920.00) startOffset 0 endOffset 11 width 77.76: "just a text"
      LayoutSVGText {text} at (3798.84,2902) size 78.92x23 contains 1 chunk(s)
        LayoutSVGInlineText {#text} at (3798.84,2902) size 78.92x23
          chunk 1 text run 1 at (3800.00,2920.00) startOffset 0 endOffset 11 width 77.76: "just a text"
      LayoutSVGText {text} at (3898.84,2902) size 78.92x23 contains 1 chunk(s)
        LayoutSVGInlineText {#text} at (3898.84,2902) size 78.92x23
          chunk 1 text run 1 at (3900.00,2920.00) startOffset 0 endOffset 11 width 77.76: "just a text"
      LayoutSVGText {text} at (3998.84,2902) size 78.92x23 contains 1 chunk(s)
        LayoutSVGInlineText {#text} at (3998.84,2902) size 78.92x23
          chunk 1 text run 1 at (4000.00,2920.00) startOffset 0 endOffset 11 width 77.76: "just a text"
      LayoutSVGText {text} at (4098.84,2902) size 78.92x23 contains 1 chunk(s)
        LayoutSVGInlineText {#text} at (4098.84,2902) size 78.92x23
          chunk 1 text run 1 at (4100.00,2920.00) startOffset 0 endOffset 11 width 77.76: "just a text"
      LayoutSVGText {text} at (4198.84,2902) size 78.92x23 contains 1 chunk(s)
        LayoutSVGInlineText {#text} at (4198.84,2902) size 78.92x23
          chunk 1 text run 1 at (4200.00,2920.00) startOffset 0 endOffset 11 width 77.76: "just a text"
      LayoutSVGText {text} at (4298.84,2902) size 78.92x23 contains 1 chunk(s)
        LayoutSVGInlineText {#text} at (4298.84,2902) size 78.92x23
          chunk 1 text run 1 at (4300.00,2920.00) startOffset 0 endOffset 11 width 77.76: "just a text"
      LayoutSVGText {text} at (4398.84,2902) size 78.92x23 contains 1 chunk(s)
        LayoutSVGInlineText {#text} at (4398.84,2902) size 78.92x23
          chunk 1 text run 1 at (4400.00,2920.00) startOffset 0 endOffset 11 width 77.76: "just a text"
      LayoutSVGText {text} at (4498.84,2902) size 78.92x23 contains 1 chunk(s)
        LayoutSVGInlineText {#text} at (4498.84,2902) size 78.92x23
          chunk 1 text run 1 at (4500.00,2920.00) startOffset 0 endOffset 11 width 77.76: "just a text"
      LayoutSVGText {text} at (4598.84,2902) size 78.92x23 contains 1 chunk(s)
        LayoutSVGInlineText {#text} at (4598.84,2902) size 78.92x23
          chunk 1 text run 1 at (4600.00,2920.00) startOffset 0 endOffset 11 width 77.76: "just a text"
      LayoutSVGText {text} at (4698.84,2902) size 78.92x23 contains 1 chunk(s)
        LayoutSVGInlineText {#text} at (4698.84,2902) size 78.92x23
          chunk 1 text run 1 at (4700.00,2920.00) startOffset 0 endOffset 11 width 77.76: "just a text"
      LayoutSVGText {text} at (4798.84,2902) size 78.92x23 contains 1 chunk(s)
        LayoutSVGInlineText {#text} at (4798.84,2902) size 78.92x23
          chunk 1 text run 1 at (4800.00,2920.00) startOffset 0 endOffset 11 width 77.76: "just a text"
      LayoutSVGText {text} at (4898.84,2902) size 78.92x23 contains 1 chunk(s)
        LayoutSVGInlineText {#text} at (4898.84,2902) size 78.92x23
          chunk 1 text run 1 at (4900.00,2920.00) startOffset 0 endOffset 11 width 77.76: "just a text"
      LayoutSVGText {text} at (-1.14,3002) size 78.92x23 contains 1 chunk(s)
        LayoutSVGInlineText {#text} at (-1.14,3002) size 78.92x23
          chunk 1 text run 1 at (0.00,3020.00) startOffset 0 endOffset 11 width 77.76: "just a text"
      LayoutSVGText {text} at (98.84,3002) size 78.92x23 contains 1 chunk(s)
        LayoutSVGInlineText {#text} at (98.84,3002) size 78.92x23
          chunk 1 text run 1 at (100.00,3020.00) startOffset 0 endOffset 11 width 77.76: "just a text"
      LayoutSVGText {text} at (198.84,3002) size 78.92x23 contains 1 chunk(s)
        LayoutSVGInlineText {#text} at (198.84,3002) size 78.92x23
          chunk 1 text run 1 at (200.00,3020.00) startOffset 0 endOffset 11 width 77.76: "just a text"
      LayoutSVGText {text} at (298.84,3002) size 78.92x23 contains 1 chunk(s)
        LayoutSVGInlineText {#text} at (298.84,3002) size 78.92x23
          chunk 1 text run 1 at (300.00,3020.00) startOffset 0 endOffset 11 width 77.76: "just a text"
      LayoutSVGText {text} at (398.84,3002) size 78.92x23 contains 1 chunk(s)
        LayoutSVGInlineText {#text} at (398.84,3002) size 78.92x23
          chunk 1 text run 1 at (400.00,3020.00) startOffset 0 endOffset 11 width 77.76: "just a text"
      LayoutSVGText {text} at (498.84,3002) size 78.92x23 contains 1 chunk(s)
        LayoutSVGInlineText {#text} at (498.84,3002) size 78.92x23
          chunk 1 text run 1 at (500.00,3020.00) startOffset 0 endOffset 11 width 77.76: "just a text"
      LayoutSVGText {text} at (598.84,3002) size 78.92x23 contains 1 chunk(s)
        LayoutSVGInlineText {#text} at (598.84,3002) size 78.92x23
          chunk 1 text run 1 at (600.00,3020.00) startOffset 0 endOffset 11 width 77.76: "just a text"
      LayoutSVGText {text} at (698.84,3002) size 78.92x23 contains 1 chunk(s)
        LayoutSVGInlineText {#text} at (698.84,3002) size 78.92x23
          chunk 1 text run 1 at (700.00,3020.00) startOffset 0 endOffset 11 width 77.76: "just a text"
      LayoutSVGText {text} at (798.84,3002) size 78.92x23 contains 1 chunk(s)
        LayoutSVGInlineText {#text} at (798.84,3002) size 78.92x23
          chunk 1 text run 1 at (800.00,3020.00) startOffset 0 endOffset 11 width 77.76: "just a text"
      LayoutSVGText {text} at (898.84,3002) size 78.92x23 contains 1 chunk(s)
        LayoutSVGInlineText {#text} at (898.84,3002) size 78.92x23
          chunk 1 text run 1 at (900.00,3020.00) startOffset 0 endOffset 11 width 77.76: "just a text"
      LayoutSVGText {text} at (998.84,3002) size 78.92x23 contains 1 chunk(s)
        LayoutSVGInlineText {#text} at (998.84,3002) size 78.92x23
          chunk 1 text run 1 at (1000.00,3020.00) startOffset 0 endOffset 11 width 77.76: "just a text"
      LayoutSVGText {text} at (1098.84,3002) size 78.92x23 contains 1 chunk(s)
        LayoutSVGInlineText {#text} at (1098.84,3002) size 78.92x23
          chunk 1 text run 1 at (1100.00,3020.00) startOffset 0 endOffset 11 width 77.76: "just a text"
      LayoutSVGText {text} at (1198.84,3002) size 78.92x23 contains 1 chunk(s)
        LayoutSVGInlineText {#text} at (1198.84,3002) size 78.92x23
          chunk 1 text run 1 at (1200.00,3020.00) startOffset 0 endOffset 11 width 77.76: "just a text"
      LayoutSVGText {text} at (1298.84,3002) size 78.92x23 contains 1 chunk(s)
        LayoutSVGInlineText {#text} at (1298.84,3002) size 78.92x23
          chunk 1 text run 1 at (1300.00,3020.00) startOffset 0 endOffset 11 width 77.76: "just a text"
      LayoutSVGText {text} at (1398.84,3002) size 78.92x23 contains 1 chunk(s)
        LayoutSVGInlineText {#text} at (1398.84,3002) size 78.92x23
          chunk 1 text run 1 at (1400.00,3020.00) startOffset 0 endOffset 11 width 77.76: "just a text"
      LayoutSVGText {text} at (1498.84,3002) size 78.92x23 contains 1 chunk(s)
        LayoutSVGInlineText {#text} at (1498.84,3002) size 78.92x23
          chunk 1 text run 1 at (1500.00,3020.00) startOffset 0 endOffset 11 width 77.76: "just a text"
      LayoutSVGText {text} at (1598.84,3002) size 78.92x23 contains 1 chunk(s)
        LayoutSVGInlineText {#text} at (1598.84,3002) size 78.92x23
          chunk 1 text run 1 at (1600.00,3020.00) startOffset 0 endOffset 11 width 77.76: "just a text"
      LayoutSVGText {text} at (1698.84,3002) size 78.92x23 contains 1 chunk(s)
        LayoutSVGInlineText {#text} at (1698.84,3002) size 78.92x23
          chunk 1 text run 1 at (1700.00,3020.00) startOffset 0 endOffset 11 width 77.76: "just a text"
      LayoutSVGText {text} at (1798.84,3002) size 78.92x23 contains 1 chunk(s)
        LayoutSVGInlineText {#text} at (1798.84,3002) size 78.92x23
          chunk 1 text run 1 at (1800.00,3020.00) startOffset 0 endOffset 11 width 77.76: "just a text"
      LayoutSVGText {text} at (1898.84,3002) size 78.92x23 contains 1 chunk(s)
        LayoutSVGInlineText {#text} at (1898.84,3002) size 78.92x23
          chunk 1 text run 1 at (1900.00,3020.00) startOffset 0 endOffset 11 width 77.76: "just a text"
      LayoutSVGText {text} at (1998.84,3002) size 78.92x23 contains 1 chunk(s)
        LayoutSVGInlineText {#text} at (1998.84,3002) size 78.92x23
          chunk 1 text run 1 at (2000.00,3020.00) startOffset 0 endOffset 11 width 77.76: "just a text"
      LayoutSVGText {text} at (2098.84,3002) size 78.92x23 contains 1 chunk(s)
        LayoutSVGInlineText {#text} at (2098.84,3002) size 78.92x23
          chunk 1 text run 1 at (2100.00,3020.00) startOffset 0 endOffset 11 width 77.76: "just a text"
      LayoutSVGText {text} at (2198.84,3002) size 78.92x23 contains 1 chunk(s)
        LayoutSVGInlineText {#text} at (2198.84,3002) size 78.92x23
          chunk 1 text run 1 at (2200.00,3020.00) startOffset 0 endOffset 11 width 77.76: "just a text"
      LayoutSVGText {text} at (2298.84,3002) size 78.92x23 contains 1 chunk(s)
        LayoutSVGInlineText {#text} at (2298.84,3002) size 78.92x23
          chunk 1 text run 1 at (2300.00,3020.00) startOffset 0 endOffset 11 width 77.76: "just a text"
      LayoutSVGText {text} at (2398.84,3002) size 78.92x23 contains 1 chunk(s)
        LayoutSVGInlineText {#text} at (2398.84,3002) size 78.92x23
          chunk 1 text run 1 at (2400.00,3020.00) startOffset 0 endOffset 11 width 77.76: "just a text"
      LayoutSVGText {text} at (2498.84,3002) size 78.92x23 contains 1 chunk(s)
        LayoutSVGInlineText {#text} at (2498.84,3002) size 78.92x23
          chunk 1 text run 1 at (2500.00,3020.00) startOffset 0 endOffset 11 width 77.76: "just a text"
      LayoutSVGText {text} at (2598.84,3002) size 78.92x23 contains 1 chunk(s)
        LayoutSVGInlineText {#text} at (2598.84,3002) size 78.92x23
          chunk 1 text run 1 at (2600.00,3020.00) startOffset 0 endOffset 11 width 77.76: "just a text"
      LayoutSVGText {text} at (2698.84,3002) size 78.92x23 contains 1 chunk(s)
        LayoutSVGInlineText {#text} at (2698.84,3002) size 78.92x23
          chunk 1 text run 1 at (2700.00,3020.00) startOffset 0 endOffset 11 width 77.76: "just a text"
      LayoutSVGText {text} at (2798.84,3002) size 78.92x23 contains 1 chunk(s)
        LayoutSVGInlineText {#text} at (2798.84,3002) size 78.92x23
          chunk 1 text run 1 at (2800.00,3020.00) startOffset 0 endOffset 11 width 77.76: "just a text"
      LayoutSVGText {text} at (2898.84,3002) size 78.92x23 contains 1 chunk(s)
        LayoutSVGInlineText {#text} at (2898.84,3002) size 78.92x23
          chunk 1 text run 1 at (2900.00,3020.00) startOffset 0 endOffset 11 width 77.76: "just a text"
      LayoutSVGText {text} at (2998.84,3002) size 78.92x23 contains 1 chunk(s)
        LayoutSVGInlineText {#text} at (2998.84,3002) size 78.92x23
          chunk 1 text run 1 at (3000.00,3020.00) startOffset 0 endOffset 11 width 77.76: "just a text"
      LayoutSVGText {text} at (3098.84,3002) size 78.92x23 contains 1 chunk(s)
        LayoutSVGInlineText {#text} at (3098.84,3002) size 78.92x23
          chunk 1 text run 1 at (3100.00,3020.00) startOffset 0 endOffset 11 width 77.76: "just a text"
      LayoutSVGText {text} at (3198.84,3002) size 78.92x23 contains 1 chunk(s)
        LayoutSVGInlineText {#text} at (3198.84,3002) size 78.92x23
          chunk 1 text run 1 at (3200.00,3020.00) startOffset 0 endOffset 11 width 77.76: "just a text"
      LayoutSVGText {text} at (3298.84,3002) size 78.92x23 contains 1 chunk(s)
        LayoutSVGInlineText {#text} at (3298.84,3002) size 78.92x23
          chunk 1 text run 1 at (3300.00,3020.00) startOffset 0 endOffset 11 width 77.76: "just a text"
      LayoutSVGText {text} at (3398.84,3002) size 78.92x23 contains 1 chunk(s)
        LayoutSVGInlineText {#text} at (3398.84,3002) size 78.92x23
          chunk 1 text run 1 at (3400.00,3020.00) startOffset 0 endOffset 11 width 77.76: "just a text"
      LayoutSVGText {text} at (3498.84,3002) size 78.92x23 contains 1 chunk(s)
        LayoutSVGInlineText {#text} at (3498.84,3002) size 78.92x23
          chunk 1 text run 1 at (3500.00,3020.00) startOffset 0 endOffset 11 width 77.76: "just a text"
      LayoutSVGText {text} at (3598.84,3002) size 78.92x23 contains 1 chunk(s)
        LayoutSVGInlineText {#text} at (3598.84,3002) size 78.92x23
          chunk 1 text run 1 at (3600.00,3020.00) startOffset 0 endOffset 11 width 77.76: "just a text"
      LayoutSVGText {text} at (3698.84,3002) size 78.92x23 contains 1 chunk(s)
        LayoutSVGInlineText {#text} at (3698.84,3002) size 78.92x23
          chunk 1 text run 1 at (3700.00,3020.00) startOffset 0 endOffset 11 width 77.76: "just a text"
      LayoutSVGText {text} at (3798.84,3002) size 78.92x23 contains 1 chunk(s)
        LayoutSVGInlineText {#text} at (3798.84,3002) size 78.92x23
          chunk 1 text run 1 at (3800.00,3020.00) startOffset 0 endOffset 11 width 77.76: "just a text"
      LayoutSVGText {text} at (3898.84,3002) size 78.92x23 contains 1 chunk(s)
        LayoutSVGInlineText {#text} at (3898.84,3002) size 78.92x23
          chunk 1 text run 1 at (3900.00,3020.00) startOffset 0 endOffset 11 width 77.76: "just a text"
      LayoutSVGText {text} at (3998.84,3002) size 78.92x23 contains 1 chunk(s)
        LayoutSVGInlineText {#text} at (3998.84,3002) size 78.92x23
          chunk 1 text run 1 at (4000.00,3020.00) startOffset 0 endOffset 11 width 77.76: "just a text"
      LayoutSVGText {text} at (4098.84,3002) size 78.92x23 contains 1 chunk(s)
        LayoutSVGInlineText {#text} at (4098.84,3002) size 78.92x23
          chunk 1 text run 1 at (4100.00,3020.00) startOffset 0 endOffset 11 width 77.76: "just a text"
      LayoutSVGText {text} at (4198.84,3002) size 78.92x23 contains 1 chunk(s)
        LayoutSVGInlineText {#text} at (4198.84,3002) size 78.92x23
          chunk 1 text run 1 at (4200.00,3020.00) startOffset 0 endOffset 11 width 77.76: "just a text"
      LayoutSVGText {text} at (4298.84,3002) size 78.92x23 contains 1 chunk(s)
        LayoutSVGInlineText {#text} at (4298.84,3002) size 78.92x23
          chunk 1 text run 1 at (4300.00,3020.00) startOffset 0 endOffset 11 width 77.76: "just a text"
      LayoutSVGText {text} at (4398.84,3002) size 78.92x23 contains 1 chunk(s)
        LayoutSVGInlineText {#text} at (4398.84,3002) size 78.92x23
          chunk 1 text run 1 at (4400.00,3020.00) startOffset 0 endOffset 11 width 77.76: "just a text"
      LayoutSVGText {text} at (4498.84,3002) size 78.92x23 contains 1 chunk(s)
        LayoutSVGInlineText {#text} at (4498.84,3002) size 78.92x23
          chunk 1 text run 1 at (4500.00,3020.00) startOffset 0 endOffset 11 width 77.76: "just a text"
      LayoutSVGText {text} at (4598.84,3002) size 78.92x23 contains 1 chunk(s)
        LayoutSVGInlineText {#text} at (4598.84,3002) size 78.92x23
          chunk 1 text run 1 at (4600.00,3020.00) startOffset 0 endOffset 11 width 77.76: "just a text"
      LayoutSVGText {text} at (4698.84,3002) size 78.92x23 contains 1 chunk(s)
        LayoutSVGInlineText {#text} at (4698.84,3002) size 78.92x23
          chunk 1 text run 1 at (4700.00,3020.00) startOffset 0 endOffset 11 width 77.76: "just a text"
      LayoutSVGText {text} at (4798.84,3002) size 78.92x23 contains 1 chunk(s)
        LayoutSVGInlineText {#text} at (4798.84,3002) size 78.92x23
          chunk 1 text run 1 at (4800.00,3020.00) startOffset 0 endOffset 11 width 77.76: "just a text"
      LayoutSVGText {text} at (4898.84,3002) size 78.92x23 contains 1 chunk(s)
        LayoutSVGInlineText {#text} at (4898.84,3002) size 78.92x23
          chunk 1 text run 1 at (4900.00,3020.00) startOffset 0 endOffset 11 width 77.76: "just a text"
      LayoutSVGText {text} at (-1.14,3102) size 78.92x23 contains 1 chunk(s)
        LayoutSVGInlineText {#text} at (-1.14,3102) size 78.92x23
          chunk 1 text run 1 at (0.00,3120.00) startOffset 0 endOffset 11 width 77.76: "just a text"
      LayoutSVGText {text} at (98.84,3102) size 78.92x23 contains 1 chunk(s)
        LayoutSVGInlineText {#text} at (98.84,3102) size 78.92x23
          chunk 1 text run 1 at (100.00,3120.00) startOffset 0 endOffset 11 width 77.76: "just a text"
      LayoutSVGText {text} at (198.84,3102) size 78.92x23 contains 1 chunk(s)
        LayoutSVGInlineText {#text} at (198.84,3102) size 78.92x23
          chunk 1 text run 1 at (200.00,3120.00) startOffset 0 endOffset 11 width 77.76: "just a text"
      LayoutSVGText {text} at (298.84,3102) size 78.92x23 contains 1 chunk(s)
        LayoutSVGInlineText {#text} at (298.84,3102) size 78.92x23
          chunk 1 text run 1 at (300.00,3120.00) startOffset 0 endOffset 11 width 77.76: "just a text"
      LayoutSVGText {text} at (398.84,3102) size 78.92x23 contains 1 chunk(s)
        LayoutSVGInlineText {#text} at (398.84,3102) size 78.92x23
          chunk 1 text run 1 at (400.00,3120.00) startOffset 0 endOffset 11 width 77.76: "just a text"
      LayoutSVGText {text} at (498.84,3102) size 78.92x23 contains 1 chunk(s)
        LayoutSVGInlineText {#text} at (498.84,3102) size 78.92x23
          chunk 1 text run 1 at (500.00,3120.00) startOffset 0 endOffset 11 width 77.76: "just a text"
      LayoutSVGText {text} at (598.84,3102) size 78.92x23 contains 1 chunk(s)
        LayoutSVGInlineText {#text} at (598.84,3102) size 78.92x23
          chunk 1 text run 1 at (600.00,3120.00) startOffset 0 endOffset 11 width 77.76: "just a text"
      LayoutSVGText {text} at (698.84,3102) size 78.92x23 contains 1 chunk(s)
        LayoutSVGInlineText {#text} at (698.84,3102) size 78.92x23
          chunk 1 text run 1 at (700.00,3120.00) startOffset 0 endOffset 11 width 77.76: "just a text"
      LayoutSVGText {text} at (798.84,3102) size 78.92x23 contains 1 chunk(s)
        LayoutSVGInlineText {#text} at (798.84,3102) size 78.92x23
          chunk 1 text run 1 at (800.00,3120.00) startOffset 0 endOffset 11 width 77.76: "just a text"
      LayoutSVGText {text} at (898.84,3102) size 78.92x23 contains 1 chunk(s)
        LayoutSVGInlineText {#text} at (898.84,3102) size 78.92x23
          chunk 1 text run 1 at (900.00,3120.00) startOffset 0 endOffset 11 width 77.76: "just a text"
      LayoutSVGText {text} at (998.84,3102) size 78.92x23 contains 1 chunk(s)
        LayoutSVGInlineText {#text} at (998.84,3102) size 78.92x23
          chunk 1 text run 1 at (1000.00,3120.00) startOffset 0 endOffset 11 width 77.76: "just a text"
      LayoutSVGText {text} at (1098.84,3102) size 78.92x23 contains 1 chunk(s)
        LayoutSVGInlineText {#text} at (1098.84,3102) size 78.92x23
          chunk 1 text run 1 at (1100.00,3120.00) startOffset 0 endOffset 11 width 77.76: "just a text"
      LayoutSVGText {text} at (1198.84,3102) size 78.92x23 contains 1 chunk(s)
        LayoutSVGInlineText {#text} at (1198.84,3102) size 78.92x23
          chunk 1 text run 1 at (1200.00,3120.00) startOffset 0 endOffset 11 width 77.76: "just a text"
      LayoutSVGText {text} at (1298.84,3102) size 78.92x23 contains 1 chunk(s)
        LayoutSVGInlineText {#text} at (1298.84,3102) size 78.92x23
          chunk 1 text run 1 at (1300.00,3120.00) startOffset 0 endOffset 11 width 77.76: "just a text"
      LayoutSVGText {text} at (1398.84,3102) size 78.92x23 contains 1 chunk(s)
        LayoutSVGInlineText {#text} at (1398.84,3102) size 78.92x23
          chunk 1 text run 1 at (1400.00,3120.00) startOffset 0 endOffset 11 width 77.76: "just a text"
      LayoutSVGText {text} at (1498.84,3102) size 78.92x23 contains 1 chunk(s)
        LayoutSVGInlineText {#text} at (1498.84,3102) size 78.92x23
          chunk 1 text run 1 at (1500.00,3120.00) startOffset 0 endOffset 11 width 77.76: "just a text"
      LayoutSVGText {text} at (1598.84,3102) size 78.92x23 contains 1 chunk(s)
        LayoutSVGInlineText {#text} at (1598.84,3102) size 78.92x23
          chunk 1 text run 1 at (1600.00,3120.00) startOffset 0 endOffset 11 width 77.76: "just a text"
      LayoutSVGText {text} at (1698.84,3102) size 78.92x23 contains 1 chunk(s)
        LayoutSVGInlineText {#text} at (1698.84,3102) size 78.92x23
          chunk 1 text run 1 at (1700.00,3120.00) startOffset 0 endOffset 11 width 77.76: "just a text"
      LayoutSVGText {text} at (1798.84,3102) size 78.92x23 contains 1 chunk(s)
        LayoutSVGInlineText {#text} at (1798.84,3102) size 78.92x23
          chunk 1 text run 1 at (1800.00,3120.00) startOffset 0 endOffset 11 width 77.76: "just a text"
      LayoutSVGText {text} at (1898.84,3102) size 78.92x23 contains 1 chunk(s)
        LayoutSVGInlineText {#text} at (1898.84,3102) size 78.92x23
          chunk 1 text run 1 at (1900.00,3120.00) startOffset 0 endOffset 11 width 77.76: "just a text"
      LayoutSVGText {text} at (1998.84,3102) size 78.92x23 contains 1 chunk(s)
        LayoutSVGInlineText {#text} at (1998.84,3102) size 78.92x23
          chunk 1 text run 1 at (2000.00,3120.00) startOffset 0 endOffset 11 width 77.76: "just a text"
      LayoutSVGText {text} at (2098.84,3102) size 78.92x23 contains 1 chunk(s)
        LayoutSVGInlineText {#text} at (2098.84,3102) size 78.92x23
          chunk 1 text run 1 at (2100.00,3120.00) startOffset 0 endOffset 11 width 77.76: "just a text"
      LayoutSVGText {text} at (2198.84,3102) size 78.92x23 contains 1 chunk(s)
        LayoutSVGInlineText {#text} at (2198.84,3102) size 78.92x23
          chunk 1 text run 1 at (2200.00,3120.00) startOffset 0 endOffset 11 width 77.76: "just a text"
      LayoutSVGText {text} at (2298.84,3102) size 78.92x23 contains 1 chunk(s)
        LayoutSVGInlineText {#text} at (2298.84,3102) size 78.92x23
          chunk 1 text run 1 at (2300.00,3120.00) startOffset 0 endOffset 11 width 77.76: "just a text"
      LayoutSVGText {text} at (2398.84,3102) size 78.92x23 contains 1 chunk(s)
        LayoutSVGInlineText {#text} at (2398.84,3102) size 78.92x23
          chunk 1 text run 1 at (2400.00,3120.00) startOffset 0 endOffset 11 width 77.76: "just a text"
      LayoutSVGText {text} at (2498.84,3102) size 78.92x23 contains 1 chunk(s)
        LayoutSVGInlineText {#text} at (2498.84,3102) size 78.92x23
          chunk 1 text run 1 at (2500.00,3120.00) startOffset 0 endOffset 11 width 77.76: "just a text"
      LayoutSVGText {text} at (2598.84,3102) size 78.92x23 contains 1 chunk(s)
        LayoutSVGInlineText {#text} at (2598.84,3102) size 78.92x23
          chunk 1 text run 1 at (2600.00,3120.00) startOffset 0 endOffset 11 width 77.76: "just a text"
      LayoutSVGText {text} at (2698.84,3102) size 78.92x23 contains 1 chunk(s)
        LayoutSVGInlineText {#text} at (2698.84,3102) size 78.92x23
          chunk 1 text run 1 at (2700.00,3120.00) startOffset 0 endOffset 11 width 77.76: "just a text"
      LayoutSVGText {text} at (2798.84,3102) size 78.92x23 contains 1 chunk(s)
        LayoutSVGInlineText {#text} at (2798.84,3102) size 78.92x23
          chunk 1 text run 1 at (2800.00,3120.00) startOffset 0 endOffset 11 width 77.76: "just a text"
      LayoutSVGText {text} at (2898.84,3102) size 78.92x23 contains 1 chunk(s)
        LayoutSVGInlineText {#text} at (2898.84,3102) size 78.92x23
          chunk 1 text run 1 at (2900.00,3120.00) startOffset 0 endOffset 11 width 77.76: "just a text"
      LayoutSVGText {text} at (2998.84,3102) size 78.92x23 contains 1 chunk(s)
        LayoutSVGInlineText {#text} at (2998.84,3102) size 78.92x23
          chunk 1 text run 1 at (3000.00,3120.00) startOffset 0 endOffset 11 width 77.76: "just a text"
      LayoutSVGText {text} at (3098.84,3102) size 78.92x23 contains 1 chunk(s)
        LayoutSVGInlineText {#text} at (3098.84,3102) size 78.92x23
          chunk 1 text run 1 at (3100.00,3120.00) startOffset 0 endOffset 11 width 77.76: "just a text"
      LayoutSVGText {text} at (3198.84,3102) size 78.92x23 contains 1 chunk(s)
        LayoutSVGInlineText {#text} at (3198.84,3102) size 78.92x23
          chunk 1 text run 1 at (3200.00,3120.00) startOffset 0 endOffset 11 width 77.76: "just a text"
      LayoutSVGText {text} at (3298.84,3102) size 78.92x23 contains 1 chunk(s)
        LayoutSVGInlineText {#text} at (3298.84,3102) size 78.92x23
          chunk 1 text run 1 at (3300.00,3120.00) startOffset 0 endOffset 11 width 77.76: "just a text"
      LayoutSVGText {text} at (3398.84,3102) size 78.92x23 contains 1 chunk(s)
        LayoutSVGInlineText {#text} at (3398.84,3102) size 78.92x23
          chunk 1 text run 1 at (3400.00,3120.00) startOffset 0 endOffset 11 width 77.76: "just a text"
      LayoutSVGText {text} at (3498.84,3102) size 78.92x23 contains 1 chunk(s)
        LayoutSVGInlineText {#text} at (3498.84,3102) size 78.92x23
          chunk 1 text run 1 at (3500.00,3120.00) startOffset 0 endOffset 11 width 77.76: "just a text"
      LayoutSVGText {text} at (3598.84,3102) size 78.92x23 contains 1 chunk(s)
        LayoutSVGInlineText {#text} at (3598.84,3102) size 78.92x23
          chunk 1 text run 1 at (3600.00,3120.00) startOffset 0 endOffset 11 width 77.76: "just a text"
      LayoutSVGText {text} at (3698.84,3102) size 78.92x23 contains 1 chunk(s)
        LayoutSVGInlineText {#text} at (3698.84,3102) size 78.92x23
          chunk 1 text run 1 at (3700.00,3120.00) startOffset 0 endOffset 11 width 77.76: "just a text"
      LayoutSVGText {text} at (3798.84,3102) size 78.92x23 contains 1 chunk(s)
        LayoutSVGInlineText {#text} at (3798.84,3102) size 78.92x23
          chunk 1 text run 1 at (3800.00,3120.00) startOffset 0 endOffset 11 width 77.76: "just a text"
      LayoutSVGText {text} at (3898.84,3102) size 78.92x23 contains 1 chunk(s)
        LayoutSVGInlineText {#text} at (3898.84,3102) size 78.92x23
          chunk 1 text run 1 at (3900.00,3120.00) startOffset 0 endOffset 11 width 77.76: "just a text"
      LayoutSVGText {text} at (3998.84,3102) size 78.92x23 contains 1 chunk(s)
        LayoutSVGInlineText {#text} at (3998.84,3102) size 78.92x23
          chunk 1 text run 1 at (4000.00,3120.00) startOffset 0 endOffset 11 width 77.76: "just a text"
      LayoutSVGText {text} at (4098.84,3102) size 78.92x23 contains 1 chunk(s)
        LayoutSVGInlineText {#text} at (4098.84,3102) size 78.92x23
          chunk 1 text run 1 at (4100.00,3120.00) startOffset 0 endOffset 11 width 77.76: "just a text"
      LayoutSVGText {text} at (4198.84,3102) size 78.92x23 contains 1 chunk(s)
        LayoutSVGInlineText {#text} at (4198.84,3102) size 78.92x23
          chunk 1 text run 1 at (4200.00,3120.00) startOffset 0 endOffset 11 width 77.76: "just a text"
      LayoutSVGText {text} at (4298.84,3102) size 78.92x23 contains 1 chunk(s)
        LayoutSVGInlineText {#text} at (4298.84,3102) size 78.92x23
          chunk 1 text run 1 at (4300.00,3120.00) startOffset 0 endOffset 11 width 77.76: "just a text"
      LayoutSVGText {text} at (4398.84,3102) size 78.92x23 contains 1 chunk(s)
        LayoutSVGInlineText {#text} at (4398.84,3102) size 78.92x23
          chunk 1 text run 1 at (4400.00,3120.00) startOffset 0 endOffset 11 width 77.76: "just a text"
      LayoutSVGText {text} at (4498.84,3102) size 78.92x23 contains 1 chunk(s)
        LayoutSVGInlineText {#text} at (4498.84,3102) size 78.92x23
          chunk 1 text run 1 at (4500.00,3120.00) startOffset 0 endOffset 11 width 77.76: "just a text"
      LayoutSVGText {text} at (4598.84,3102) size 78.92x23 contains 1 chunk(s)
        LayoutSVGInlineText {#text} at (4598.84,3102) size 78.92x23
          chunk 1 text run 1 at (4600.00,3120.00) startOffset 0 endOffset 11 width 77.76: "just a text"
      LayoutSVGText {text} at (4698.84,3102) size 78.92x23 contains 1 chunk(s)
        LayoutSVGInlineText {#text} at (4698.84,3102) size 78.92x23
          chunk 1 text run 1 at (4700.00,3120.00) startOffset 0 endOffset 11 width 77.76: "just a text"
      LayoutSVGText {text} at (4798.84,3102) size 78.92x23 contains 1 chunk(s)
        LayoutSVGInlineText {#text} at (4798.84,3102) size 78.92x23
          chunk 1 text run 1 at (4800.00,3120.00) startOffset 0 endOffset 11 width 77.76: "just a text"
      LayoutSVGText {text} at (4898.84,3102) size 78.92x23 contains 1 chunk(s)
        LayoutSVGInlineText {#text} at (4898.84,3102) size 78.92x23
          chunk 1 text run 1 at (4900.00,3120.00) startOffset 0 endOffset 11 width 77.76: "just a text"
      LayoutSVGText {text} at (-1.14,3202) size 78.92x23 contains 1 chunk(s)
        LayoutSVGInlineText {#text} at (-1.14,3202) size 78.92x23
          chunk 1 text run 1 at (0.00,3220.00) startOffset 0 endOffset 11 width 77.76: "just a text"
      LayoutSVGText {text} at (98.84,3202) size 78.92x23 contains 1 chunk(s)
        LayoutSVGInlineText {#text} at (98.84,3202) size 78.92x23
          chunk 1 text run 1 at (100.00,3220.00) startOffset 0 endOffset 11 width 77.76: "just a text"
      LayoutSVGText {text} at (198.84,3202) size 78.92x23 contains 1 chunk(s)
        LayoutSVGInlineText {#text} at (198.84,3202) size 78.92x23
          chunk 1 text run 1 at (200.00,3220.00) startOffset 0 endOffset 11 width 77.76: "just a text"
      LayoutSVGText {text} at (298.84,3202) size 78.92x23 contains 1 chunk(s)
        LayoutSVGInlineText {#text} at (298.84,3202) size 78.92x23
          chunk 1 text run 1 at (300.00,3220.00) startOffset 0 endOffset 11 width 77.76: "just a text"
      LayoutSVGText {text} at (398.84,3202) size 78.92x23 contains 1 chunk(s)
        LayoutSVGInlineText {#text} at (398.84,3202) size 78.92x23
          chunk 1 text run 1 at (400.00,3220.00) startOffset 0 endOffset 11 width 77.76: "just a text"
      LayoutSVGText {text} at (498.84,3202) size 78.92x23 contains 1 chunk(s)
        LayoutSVGInlineText {#text} at (498.84,3202) size 78.92x23
          chunk 1 text run 1 at (500.00,3220.00) startOffset 0 endOffset 11 width 77.76: "just a text"
      LayoutSVGText {text} at (598.84,3202) size 78.92x23 contains 1 chunk(s)
        LayoutSVGInlineText {#text} at (598.84,3202) size 78.92x23
          chunk 1 text run 1 at (600.00,3220.00) startOffset 0 endOffset 11 width 77.76: "just a text"
      LayoutSVGText {text} at (698.84,3202) size 78.92x23 contains 1 chunk(s)
        LayoutSVGInlineText {#text} at (698.84,3202) size 78.92x23
          chunk 1 text run 1 at (700.00,3220.00) startOffset 0 endOffset 11 width 77.76: "just a text"
      LayoutSVGText {text} at (798.84,3202) size 78.92x23 contains 1 chunk(s)
        LayoutSVGInlineText {#text} at (798.84,3202) size 78.92x23
          chunk 1 text run 1 at (800.00,3220.00) startOffset 0 endOffset 11 width 77.76: "just a text"
      LayoutSVGText {text} at (898.84,3202) size 78.92x23 contains 1 chunk(s)
        LayoutSVGInlineText {#text} at (898.84,3202) size 78.92x23
          chunk 1 text run 1 at (900.00,3220.00) startOffset 0 endOffset 11 width 77.76: "just a text"
      LayoutSVGText {text} at (998.84,3202) size 78.92x23 contains 1 chunk(s)
        LayoutSVGInlineText {#text} at (998.84,3202) size 78.92x23
          chunk 1 text run 1 at (1000.00,3220.00) startOffset 0 endOffset 11 width 77.76: "just a text"
      LayoutSVGText {text} at (1098.84,3202) size 78.92x23 contains 1 chunk(s)
        LayoutSVGInlineText {#text} at (1098.84,3202) size 78.92x23
          chunk 1 text run 1 at (1100.00,3220.00) startOffset 0 endOffset 11 width 77.76: "just a text"
      LayoutSVGText {text} at (1198.84,3202) size 78.92x23 contains 1 chunk(s)
        LayoutSVGInlineText {#text} at (1198.84,3202) size 78.92x23
          chunk 1 text run 1 at (1200.00,3220.00) startOffset 0 endOffset 11 width 77.76: "just a text"
      LayoutSVGText {text} at (1298.84,3202) size 78.92x23 contains 1 chunk(s)
        LayoutSVGInlineText {#text} at (1298.84,3202) size 78.92x23
          chunk 1 text run 1 at (1300.00,3220.00) startOffset 0 endOffset 11 width 77.76: "just a text"
      LayoutSVGText {text} at (1398.84,3202) size 78.92x23 contains 1 chunk(s)
        LayoutSVGInlineText {#text} at (1398.84,3202) size 78.92x23
          chunk 1 text run 1 at (1400.00,3220.00) startOffset 0 endOffset 11 width 77.76: "just a text"
      LayoutSVGText {text} at (1498.84,3202) size 78.92x23 contains 1 chunk(s)
        LayoutSVGInlineText {#text} at (1498.84,3202) size 78.92x23
          chunk 1 text run 1 at (1500.00,3220.00) startOffset 0 endOffset 11 width 77.76: "just a text"
      LayoutSVGText {text} at (1598.84,3202) size 78.92x23 contains 1 chunk(s)
        LayoutSVGInlineText {#text} at (1598.84,3202) size 78.92x23
          chunk 1 text run 1 at (1600.00,3220.00) startOffset 0 endOffset 11 width 77.76: "just a text"
      LayoutSVGText {text} at (1698.84,3202) size 78.92x23 contains 1 chunk(s)
        LayoutSVGInlineText {#text} at (1698.84,3202) size 78.92x23
          chunk 1 text run 1 at (1700.00,3220.00) startOffset 0 endOffset 11 width 77.76: "just a text"
      LayoutSVGText {text} at (1798.84,3202) size 78.92x23 contains 1 chunk(s)
        LayoutSVGInlineText {#text} at (1798.84,3202) size 78.92x23
          chunk 1 text run 1 at (1800.00,3220.00) startOffset 0 endOffset 11 width 77.76: "just a text"
      LayoutSVGText {text} at (1898.84,3202) size 78.92x23 contains 1 chunk(s)
        LayoutSVGInlineText {#text} at (1898.84,3202) size 78.92x23
          chunk 1 text run 1 at (1900.00,3220.00) startOffset 0 endOffset 11 width 77.76: "just a text"
      LayoutSVGText {text} at (1998.84,3202) size 78.92x23 contains 1 chunk(s)
        LayoutSVGInlineText {#text} at (1998.84,3202) size 78.92x23
          chunk 1 text run 1 at (2000.00,3220.00) startOffset 0 endOffset 11 width 77.76: "just a text"
      LayoutSVGText {text} at (2098.84,3202) size 78.92x23 contains 1 chunk(s)
        LayoutSVGInlineText {#text} at (2098.84,3202) size 78.92x23
          chunk 1 text run 1 at (2100.00,3220.00) startOffset 0 endOffset 11 width 77.76: "just a text"
      LayoutSVGText {text} at (2198.84,3202) size 78.92x23 contains 1 chunk(s)
        LayoutSVGInlineText {#text} at (2198.84,3202) size 78.92x23
          chunk 1 text run 1 at (2200.00,3220.00) startOffset 0 endOffset 11 width 77.76: "just a text"
      LayoutSVGText {text} at (2298.84,3202) size 78.92x23 contains 1 chunk(s)
        LayoutSVGInlineText {#text} at (2298.84,3202) size 78.92x23
          chunk 1 text run 1 at (2300.00,3220.00) startOffset 0 endOffset 11 width 77.76: "just a text"
      LayoutSVGText {text} at (2398.84,3202) size 78.92x23 contains 1 chunk(s)
        LayoutSVGInlineText {#text} at (2398.84,3202) size 78.92x23
          chunk 1 text run 1 at (2400.00,3220.00) startOffset 0 endOffset 11 width 77.76: "just a text"
      LayoutSVGText {text} at (2498.84,3202) size 78.92x23 contains 1 chunk(s)
        LayoutSVGInlineText {#text} at (2498.84,3202) size 78.92x23
          chunk 1 text run 1 at (2500.00,3220.00) startOffset 0 endOffset 11 width 77.76: "just a text"
      LayoutSVGText {text} at (2598.84,3202) size 78.92x23 contains 1 chunk(s)
        LayoutSVGInlineText {#text} at (2598.84,3202) size 78.92x23
          chunk 1 text run 1 at (2600.00,3220.00) startOffset 0 endOffset 11 width 77.76: "just a text"
      LayoutSVGText {text} at (2698.84,3202) size 78.92x23 contains 1 chunk(s)
        LayoutSVGInlineText {#text} at (2698.84,3202) size 78.92x23
          chunk 1 text run 1 at (2700.00,3220.00) startOffset 0 endOffset 11 width 77.76: "just a text"
      LayoutSVGText {text} at (2798.84,3202) size 78.92x23 contains 1 chunk(s)
        LayoutSVGInlineText {#text} at (2798.84,3202) size 78.92x23
          chunk 1 text run 1 at (2800.00,3220.00) startOffset 0 endOffset 11 width 77.76: "just a text"
      LayoutSVGText {text} at (2898.84,3202) size 78.92x23 contains 1 chunk(s)
        LayoutSVGInlineText {#text} at (2898.84,3202) size 78.92x23
          chunk 1 text run 1 at (2900.00,3220.00) startOffset 0 endOffset 11 width 77.76: "just a text"
      LayoutSVGText {text} at (2998.84,3202) size 78.92x23 contains 1 chunk(s)
        LayoutSVGInlineText {#text} at (2998.84,3202) size 78.92x23
          chunk 1 text run 1 at (3000.00,3220.00) startOffset 0 endOffset 11 width 77.76: "just a text"
      LayoutSVGText {text} at (3098.84,3202) size 78.92x23 contains 1 chunk(s)
        LayoutSVGInlineText {#text} at (3098.84,3202) size 78.92x23
          chunk 1 text run 1 at (3100.00,3220.00) startOffset 0 endOffset 11 width 77.76: "just a text"
      LayoutSVGText {text} at (3198.84,3202) size 78.92x23 contains 1 chunk(s)
        LayoutSVGInlineText {#text} at (3198.84,3202) size 78.92x23
          chunk 1 text run 1 at (3200.00,3220.00) startOffset 0 endOffset 11 width 77.76: "just a text"
      LayoutSVGText {text} at (3298.84,3202) size 78.92x23 contains 1 chunk(s)
        LayoutSVGInlineText {#text} at (3298.84,3202) size 78.92x23
          chunk 1 text run 1 at (3300.00,3220.00) startOffset 0 endOffset 11 width 77.76: "just a text"
      LayoutSVGText {text} at (3398.84,3202) size 78.92x23 contains 1 chunk(s)
        LayoutSVGInlineText {#text} at (3398.84,3202) size 78.92x23
          chunk 1 text run 1 at (3400.00,3220.00) startOffset 0 endOffset 11 width 77.76: "just a text"
      LayoutSVGText {text} at (3498.84,3202) size 78.92x23 contains 1 chunk(s)
        LayoutSVGInlineText {#text} at (3498.84,3202) size 78.92x23
          chunk 1 text run 1 at (3500.00,3220.00) startOffset 0 endOffset 11 width 77.76: "just a text"
      LayoutSVGText {text} at (3598.84,3202) size 78.92x23 contains 1 chunk(s)
        LayoutSVGInlineText {#text} at (3598.84,3202) size 78.92x23
          chunk 1 text run 1 at (3600.00,3220.00) startOffset 0 endOffset 11 width 77.76: "just a text"
      LayoutSVGText {text} at (3698.84,3202) size 78.92x23 contains 1 chunk(s)
        LayoutSVGInlineText {#text} at (3698.84,3202) size 78.92x23
          chunk 1 text run 1 at (3700.00,3220.00) startOffset 0 endOffset 11 width 77.76: "just a text"
      LayoutSVGText {text} at (3798.84,3202) size 78.92x23 contains 1 chunk(s)
        LayoutSVGInlineText {#text} at (3798.84,3202) size 78.92x23
          chunk 1 text run 1 at (3800.00,3220.00) startOffset 0 endOffset 11 width 77.76: "just a text"
      LayoutSVGText {text} at (3898.84,3202) size 78.92x23 contains 1 chunk(s)
        LayoutSVGInlineText {#text} at (3898.84,3202) size 78.92x23
          chunk 1 text run 1 at (3900.00,3220.00) startOffset 0 endOffset 11 width 77.76: "just a text"
      LayoutSVGText {text} at (3998.84,3202) size 78.92x23 contains 1 chunk(s)
        LayoutSVGInlineText {#text} at (3998.84,3202) size 78.92x23
          chunk 1 text run 1 at (4000.00,3220.00) startOffset 0 endOffset 11 width 77.76: "just a text"
      LayoutSVGText {text} at (4098.84,3202) size 78.92x23 contains 1 chunk(s)
        LayoutSVGInlineText {#text} at (4098.84,3202) size 78.92x23
          chunk 1 text run 1 at (4100.00,3220.00) startOffset 0 endOffset 11 width 77.76: "just a text"
      LayoutSVGText {text} at (4198.84,3202) size 78.92x23 contains 1 chunk(s)
        LayoutSVGInlineText {#text} at (4198.84,3202) size 78.92x23
          chunk 1 text run 1 at (4200.00,3220.00) startOffset 0 endOffset 11 width 77.76: "just a text"
      LayoutSVGText {text} at (4298.84,3202) size 78.92x23 contains 1 chunk(s)
        LayoutSVGInlineText {#text} at (4298.84,3202) size 78.92x23
          chunk 1 text run 1 at (4300.00,3220.00) startOffset 0 endOffset 11 width 77.76: "just a text"
      LayoutSVGText {text} at (4398.84,3202) size 78.92x23 contains 1 chunk(s)
        LayoutSVGInlineText {#text} at (4398.84,3202) size 78.92x23
          chunk 1 text run 1 at (4400.00,3220.00) startOffset 0 endOffset 11 width 77.76: "just a text"
      LayoutSVGText {text} at (4498.84,3202) size 78.92x23 contains 1 chunk(s)
        LayoutSVGInlineText {#text} at (4498.84,3202) size 78.92x23
          chunk 1 text run 1 at (4500.00,3220.00) startOffset 0 endOffset 11 width 77.76: "just a text"
      LayoutSVGText {text} at (4598.84,3202) size 78.92x23 contains 1 chunk(s)
        LayoutSVGInlineText {#text} at (4598.84,3202) size 78.92x23
          chunk 1 text run 1 at (4600.00,3220.00) startOffset 0 endOffset 11 width 77.76: "just a text"
      LayoutSVGText {text} at (4698.84,3202) size 78.92x23 contains 1 chunk(s)
        LayoutSVGInlineText {#text} at (4698.84,3202) size 78.92x23
          chunk 1 text run 1 at (4700.00,3220.00) startOffset 0 endOffset 11 width 77.76: "just a text"
      LayoutSVGText {text} at (4798.84,3202) size 78.92x23 contains 1 chunk(s)
        LayoutSVGInlineText {#text} at (4798.84,3202) size 78.92x23
          chunk 1 text run 1 at (4800.00,3220.00) startOffset 0 endOffset 11 width 77.76: "just a text"
      LayoutSVGText {text} at (4898.84,3202) size 78.92x23 contains 1 chunk(s)
        LayoutSVGInlineText {#text} at (4898.84,3202) size 78.92x23
          chunk 1 text run 1 at (4900.00,3220.00) startOffset 0 endOffset 11 width 77.76: "just a text"
      LayoutSVGText {text} at (-1.14,3302) size 78.92x23 contains 1 chunk(s)
        LayoutSVGInlineText {#text} at (-1.14,3302) size 78.92x23
          chunk 1 text run 1 at (0.00,3320.00) startOffset 0 endOffset 11 width 77.76: "just a text"
      LayoutSVGText {text} at (98.84,3302) size 78.92x23 contains 1 chunk(s)
        LayoutSVGInlineText {#text} at (98.84,3302) size 78.92x23
          chunk 1 text run 1 at (100.00,3320.00) startOffset 0 endOffset 11 width 77.76: "just a text"
      LayoutSVGText {text} at (198.84,3302) size 78.92x23 contains 1 chunk(s)
        LayoutSVGInlineText {#text} at (198.84,3302) size 78.92x23
          chunk 1 text run 1 at (200.00,3320.00) startOffset 0 endOffset 11 width 77.76: "just a text"
      LayoutSVGText {text} at (298.84,3302) size 78.92x23 contains 1 chunk(s)
        LayoutSVGInlineText {#text} at (298.84,3302) size 78.92x23
          chunk 1 text run 1 at (300.00,3320.00) startOffset 0 endOffset 11 width 77.76: "just a text"
      LayoutSVGText {text} at (398.84,3302) size 78.92x23 contains 1 chunk(s)
        LayoutSVGInlineText {#text} at (398.84,3302) size 78.92x23
          chunk 1 text run 1 at (400.00,3320.00) startOffset 0 endOffset 11 width 77.76: "just a text"
      LayoutSVGText {text} at (498.84,3302) size 78.92x23 contains 1 chunk(s)
        LayoutSVGInlineText {#text} at (498.84,3302) size 78.92x23
          chunk 1 text run 1 at (500.00,3320.00) startOffset 0 endOffset 11 width 77.76: "just a text"
      LayoutSVGText {text} at (598.84,3302) size 78.92x23 contains 1 chunk(s)
        LayoutSVGInlineText {#text} at (598.84,3302) size 78.92x23
          chunk 1 text run 1 at (600.00,3320.00) startOffset 0 endOffset 11 width 77.76: "just a text"
      LayoutSVGText {text} at (698.84,3302) size 78.92x23 contains 1 chunk(s)
        LayoutSVGInlineText {#text} at (698.84,3302) size 78.92x23
          chunk 1 text run 1 at (700.00,3320.00) startOffset 0 endOffset 11 width 77.76: "just a text"
      LayoutSVGText {text} at (798.84,3302) size 78.92x23 contains 1 chunk(s)
        LayoutSVGInlineText {#text} at (798.84,3302) size 78.92x23
          chunk 1 text run 1 at (800.00,3320.00) startOffset 0 endOffset 11 width 77.76: "just a text"
      LayoutSVGText {text} at (898.84,3302) size 78.92x23 contains 1 chunk(s)
        LayoutSVGInlineText {#text} at (898.84,3302) size 78.92x23
          chunk 1 text run 1 at (900.00,3320.00) startOffset 0 endOffset 11 width 77.76: "just a text"
      LayoutSVGText {text} at (998.84,3302) size 78.92x23 contains 1 chunk(s)
        LayoutSVGInlineText {#text} at (998.84,3302) size 78.92x23
          chunk 1 text run 1 at (1000.00,3320.00) startOffset 0 endOffset 11 width 77.76: "just a text"
      LayoutSVGText {text} at (1098.84,3302) size 78.92x23 contains 1 chunk(s)
        LayoutSVGInlineText {#text} at (1098.84,3302) size 78.92x23
          chunk 1 text run 1 at (1100.00,3320.00) startOffset 0 endOffset 11 width 77.76: "just a text"
      LayoutSVGText {text} at (1198.84,3302) size 78.92x23 contains 1 chunk(s)
        LayoutSVGInlineText {#text} at (1198.84,3302) size 78.92x23
          chunk 1 text run 1 at (1200.00,3320.00) startOffset 0 endOffset 11 width 77.76: "just a text"
      LayoutSVGText {text} at (1298.84,3302) size 78.92x23 contains 1 chunk(s)
        LayoutSVGInlineText {#text} at (1298.84,3302) size 78.92x23
          chunk 1 text run 1 at (1300.00,3320.00) startOffset 0 endOffset 11 width 77.76: "just a text"
      LayoutSVGText {text} at (1398.84,3302) size 78.92x23 contains 1 chunk(s)
        LayoutSVGInlineText {#text} at (1398.84,3302) size 78.92x23
          chunk 1 text run 1 at (1400.00,3320.00) startOffset 0 endOffset 11 width 77.76: "just a text"
      LayoutSVGText {text} at (1498.84,3302) size 78.92x23 contains 1 chunk(s)
        LayoutSVGInlineText {#text} at (1498.84,3302) size 78.92x23
          chunk 1 text run 1 at (1500.00,3320.00) startOffset 0 endOffset 11 width 77.76: "just a text"
      LayoutSVGText {text} at (1598.84,3302) size 78.92x23 contains 1 chunk(s)
        LayoutSVGInlineText {#text} at (1598.84,3302) size 78.92x23
          chunk 1 text run 1 at (1600.00,3320.00) startOffset 0 endOffset 11 width 77.76: "just a text"
      LayoutSVGText {text} at (1698.84,3302) size 78.92x23 contains 1 chunk(s)
        LayoutSVGInlineText {#text} at (1698.84,3302) size 78.92x23
          chunk 1 text run 1 at (1700.00,3320.00) startOffset 0 endOffset 11 width 77.76: "just a text"
      LayoutSVGText {text} at (1798.84,3302) size 78.92x23 contains 1 chunk(s)
        LayoutSVGInlineText {#text} at (1798.84,3302) size 78.92x23
          chunk 1 text run 1 at (1800.00,3320.00) startOffset 0 endOffset 11 width 77.76: "just a text"
      LayoutSVGText {text} at (1898.84,3302) size 78.92x23 contains 1 chunk(s)
        LayoutSVGInlineText {#text} at (1898.84,3302) size 78.92x23
          chunk 1 text run 1 at (1900.00,3320.00) startOffset 0 endOffset 11 width 77.76: "just a text"
      LayoutSVGText {text} at (1998.84,3302) size 78.92x23 contains 1 chunk(s)
        LayoutSVGInlineText {#text} at (1998.84,3302) size 78.92x23
          chunk 1 text run 1 at (2000.00,3320.00) startOffset 0 endOffset 11 width 77.76: "just a text"
      LayoutSVGText {text} at (2098.84,3302) size 78.92x23 contains 1 chunk(s)
        LayoutSVGInlineText {#text} at (2098.84,3302) size 78.92x23
          chunk 1 text run 1 at (2100.00,3320.00) startOffset 0 endOffset 11 width 77.76: "just a text"
      LayoutSVGText {text} at (2198.84,3302) size 78.92x23 contains 1 chunk(s)
        LayoutSVGInlineText {#text} at (2198.84,3302) size 78.92x23
          chunk 1 text run 1 at (2200.00,3320.00) startOffset 0 endOffset 11 width 77.76: "just a text"
      LayoutSVGText {text} at (2298.84,3302) size 78.92x23 contains 1 chunk(s)
        LayoutSVGInlineText {#text} at (2298.84,3302) size 78.92x23
          chunk 1 text run 1 at (2300.00,3320.00) startOffset 0 endOffset 11 width 77.76: "just a text"
      LayoutSVGText {text} at (2398.84,3302) size 78.92x23 contains 1 chunk(s)
        LayoutSVGInlineText {#text} at (2398.84,3302) size 78.92x23
          chunk 1 text run 1 at (2400.00,3320.00) startOffset 0 endOffset 11 width 77.76: "just a text"
      LayoutSVGText {text} at (2498.84,3302) size 78.92x23 contains 1 chunk(s)
        LayoutSVGInlineText {#text} at (2498.84,3302) size 78.92x23
          chunk 1 text run 1 at (2500.00,3320.00) startOffset 0 endOffset 11 width 77.76: "just a text"
      LayoutSVGText {text} at (2598.84,3302) size 78.92x23 contains 1 chunk(s)
        LayoutSVGInlineText {#text} at (2598.84,3302) size 78.92x23
          chunk 1 text run 1 at (2600.00,3320.00) startOffset 0 endOffset 11 width 77.76: "just a text"
      LayoutSVGText {text} at (2698.84,3302) size 78.92x23 contains 1 chunk(s)
        LayoutSVGInlineText {#text} at (2698.84,3302) size 78.92x23
          chunk 1 text run 1 at (2700.00,3320.00) startOffset 0 endOffset 11 width 77.76: "just a text"
      LayoutSVGText {text} at (2798.84,3302) size 78.92x23 contains 1 chunk(s)
        LayoutSVGInlineText {#text} at (2798.84,3302) size 78.92x23
          chunk 1 text run 1 at (2800.00,3320.00) startOffset 0 endOffset 11 width 77.76: "just a text"
      LayoutSVGText {text} at (2898.84,3302) size 78.92x23 contains 1 chunk(s)
        LayoutSVGInlineText {#text} at (2898.84,3302) size 78.92x23
          chunk 1 text run 1 at (2900.00,3320.00) startOffset 0 endOffset 11 width 77.76: "just a text"
      LayoutSVGText {text} at (2998.84,3302) size 78.92x23 contains 1 chunk(s)
        LayoutSVGInlineText {#text} at (2998.84,3302) size 78.92x23
          chunk 1 text run 1 at (3000.00,3320.00) startOffset 0 endOffset 11 width 77.76: "just a text"
      LayoutSVGText {text} at (3098.84,3302) size 78.92x23 contains 1 chunk(s)
        LayoutSVGInlineText {#text} at (3098.84,3302) size 78.92x23
          chunk 1 text run 1 at (3100.00,3320.00) startOffset 0 endOffset 11 width 77.76: "just a text"
      LayoutSVGText {text} at (3198.84,3302) size 78.92x23 contains 1 chunk(s)
        LayoutSVGInlineText {#text} at (3198.84,3302) size 78.92x23
          chunk 1 text run 1 at (3200.00,3320.00) startOffset 0 endOffset 11 width 77.76: "just a text"
      LayoutSVGText {text} at (3298.84,3302) size 78.92x23 contains 1 chunk(s)
        LayoutSVGInlineText {#text} at (3298.84,3302) size 78.92x23
          chunk 1 text run 1 at (3300.00,3320.00) startOffset 0 endOffset 11 width 77.76: "just a text"
      LayoutSVGText {text} at (3398.84,3302) size 78.92x23 contains 1 chunk(s)
        LayoutSVGInlineText {#text} at (3398.84,3302) size 78.92x23
          chunk 1 text run 1 at (3400.00,3320.00) startOffset 0 endOffset 11 width 77.76: "just a text"
      LayoutSVGText {text} at (3498.84,3302) size 78.92x23 contains 1 chunk(s)
        LayoutSVGInlineText {#text} at (3498.84,3302) size 78.92x23
          chunk 1 text run 1 at (3500.00,3320.00) startOffset 0 endOffset 11 width 77.76: "just a text"
      LayoutSVGText {text} at (3598.84,3302) size 78.92x23 contains 1 chunk(s)
        LayoutSVGInlineText {#text} at (3598.84,3302) size 78.92x23
          chunk 1 text run 1 at (3600.00,3320.00) startOffset 0 endOffset 11 width 77.76: "just a text"
      LayoutSVGText {text} at (3698.84,3302) size 78.92x23 contains 1 chunk(s)
        LayoutSVGInlineText {#text} at (3698.84,3302) size 78.92x23
          chunk 1 text run 1 at (3700.00,3320.00) startOffset 0 endOffset 11 width 77.76: "just a text"
      LayoutSVGText {text} at (3798.84,3302) size 78.92x23 contains 1 chunk(s)
        LayoutSVGInlineText {#text} at (3798.84,3302) size 78.92x23
          chunk 1 text run 1 at (3800.00,3320.00) startOffset 0 endOffset 11 width 77.76: "just a text"
      LayoutSVGText {text} at (3898.84,3302) size 78.92x23 contains 1 chunk(s)
        LayoutSVGInlineText {#text} at (3898.84,3302) size 78.92x23
          chunk 1 text run 1 at (3900.00,3320.00) startOffset 0 endOffset 11 width 77.76: "just a text"
      LayoutSVGText {text} at (3998.84,3302) size 78.92x23 contains 1 chunk(s)
        LayoutSVGInlineText {#text} at (3998.84,3302) size 78.92x23
          chunk 1 text run 1 at (4000.00,3320.00) startOffset 0 endOffset 11 width 77.76: "just a text"
      LayoutSVGText {text} at (4098.84,3302) size 78.92x23 contains 1 chunk(s)
        LayoutSVGInlineText {#text} at (4098.84,3302) size 78.92x23
          chunk 1 text run 1 at (4100.00,3320.00) startOffset 0 endOffset 11 width 77.76: "just a text"
      LayoutSVGText {text} at (4198.84,3302) size 78.92x23 contains 1 chunk(s)
        LayoutSVGInlineText {#text} at (4198.84,3302) size 78.92x23
          chunk 1 text run 1 at (4200.00,3320.00) startOffset 0 endOffset 11 width 77.76: "just a text"
      LayoutSVGText {text} at (4298.84,3302) size 78.92x23 contains 1 chunk(s)
        LayoutSVGInlineText {#text} at (4298.84,3302) size 78.92x23
          chunk 1 text run 1 at (4300.00,3320.00) startOffset 0 endOffset 11 width 77.76: "just a text"
      LayoutSVGText {text} at (4398.84,3302) size 78.92x23 contains 1 chunk(s)
        LayoutSVGInlineText {#text} at (4398.84,3302) size 78.92x23
          chunk 1 text run 1 at (4400.00,3320.00) startOffset 0 endOffset 11 width 77.76: "just a text"
      LayoutSVGText {text} at (4498.84,3302) size 78.92x23 contains 1 chunk(s)
        LayoutSVGInlineText {#text} at (4498.84,3302) size 78.92x23
          chunk 1 text run 1 at (4500.00,3320.00) startOffset 0 endOffset 11 width 77.76: "just a text"
      LayoutSVGText {text} at (4598.84,3302) size 78.92x23 contains 1 chunk(s)
        LayoutSVGInlineText {#text} at (4598.84,3302) size 78.92x23
          chunk 1 text run 1 at (4600.00,3320.00) startOffset 0 endOffset 11 width 77.76: "just a text"
      LayoutSVGText {text} at (4698.84,3302) size 78.92x23 contains 1 chunk(s)
        LayoutSVGInlineText {#text} at (4698.84,3302) size 78.92x23
          chunk 1 text run 1 at (4700.00,3320.00) startOffset 0 endOffset 11 width 77.76: "just a text"
      LayoutSVGText {text} at (4798.84,3302) size 78.92x23 contains 1 chunk(s)
        LayoutSVGInlineText {#text} at (4798.84,3302) size 78.92x23
          chunk 1 text run 1 at (4800.00,3320.00) startOffset 0 endOffset 11 width 77.76: "just a text"
      LayoutSVGText {text} at (4898.84,3302) size 78.92x23 contains 1 chunk(s)
        LayoutSVGInlineText {#text} at (4898.84,3302) size 78.92x23
          chunk 1 text run 1 at (4900.00,3320.00) startOffset 0 endOffset 11 width 77.76: "just a text"
      LayoutSVGText {text} at (-1.14,3402) size 78.92x23 contains 1 chunk(s)
        LayoutSVGInlineText {#text} at (-1.14,3402) size 78.92x23
          chunk 1 text run 1 at (0.00,3420.00) startOffset 0 endOffset 11 width 77.76: "just a text"
      LayoutSVGText {text} at (98.84,3402) size 78.92x23 contains 1 chunk(s)
        LayoutSVGInlineText {#text} at (98.84,3402) size 78.92x23
          chunk 1 text run 1 at (100.00,3420.00) startOffset 0 endOffset 11 width 77.76: "just a text"
      LayoutSVGText {text} at (198.84,3402) size 78.92x23 contains 1 chunk(s)
        LayoutSVGInlineText {#text} at (198.84,3402) size 78.92x23
          chunk 1 text run 1 at (200.00,3420.00) startOffset 0 endOffset 11 width 77.76: "just a text"
      LayoutSVGText {text} at (298.84,3402) size 78.92x23 contains 1 chunk(s)
        LayoutSVGInlineText {#text} at (298.84,3402) size 78.92x23
          chunk 1 text run 1 at (300.00,3420.00) startOffset 0 endOffset 11 width 77.76: "just a text"
      LayoutSVGText {text} at (398.84,3402) size 78.92x23 contains 1 chunk(s)
        LayoutSVGInlineText {#text} at (398.84,3402) size 78.92x23
          chunk 1 text run 1 at (400.00,3420.00) startOffset 0 endOffset 11 width 77.76: "just a text"
      LayoutSVGText {text} at (498.84,3402) size 78.92x23 contains 1 chunk(s)
        LayoutSVGInlineText {#text} at (498.84,3402) size 78.92x23
          chunk 1 text run 1 at (500.00,3420.00) startOffset 0 endOffset 11 width 77.76: "just a text"
      LayoutSVGText {text} at (598.84,3402) size 78.92x23 contains 1 chunk(s)
        LayoutSVGInlineText {#text} at (598.84,3402) size 78.92x23
          chunk 1 text run 1 at (600.00,3420.00) startOffset 0 endOffset 11 width 77.76: "just a text"
      LayoutSVGText {text} at (698.84,3402) size 78.92x23 contains 1 chunk(s)
        LayoutSVGInlineText {#text} at (698.84,3402) size 78.92x23
          chunk 1 text run 1 at (700.00,3420.00) startOffset 0 endOffset 11 width 77.76: "just a text"
      LayoutSVGText {text} at (798.84,3402) size 78.92x23 contains 1 chunk(s)
        LayoutSVGInlineText {#text} at (798.84,3402) size 78.92x23
          chunk 1 text run 1 at (800.00,3420.00) startOffset 0 endOffset 11 width 77.76: "just a text"
      LayoutSVGText {text} at (898.84,3402) size 78.92x23 contains 1 chunk(s)
        LayoutSVGInlineText {#text} at (898.84,3402) size 78.92x23
          chunk 1 text run 1 at (900.00,3420.00) startOffset 0 endOffset 11 width 77.76: "just a text"
      LayoutSVGText {text} at (998.84,3402) size 78.92x23 contains 1 chunk(s)
        LayoutSVGInlineText {#text} at (998.84,3402) size 78.92x23
          chunk 1 text run 1 at (1000.00,3420.00) startOffset 0 endOffset 11 width 77.76: "just a text"
      LayoutSVGText {text} at (1098.84,3402) size 78.92x23 contains 1 chunk(s)
        LayoutSVGInlineText {#text} at (1098.84,3402) size 78.92x23
          chunk 1 text run 1 at (1100.00,3420.00) startOffset 0 endOffset 11 width 77.76: "just a text"
      LayoutSVGText {text} at (1198.84,3402) size 78.92x23 contains 1 chunk(s)
        LayoutSVGInlineText {#text} at (1198.84,3402) size 78.92x23
          chunk 1 text run 1 at (1200.00,3420.00) startOffset 0 endOffset 11 width 77.76: "just a text"
      LayoutSVGText {text} at (1298.84,3402) size 78.92x23 contains 1 chunk(s)
        LayoutSVGInlineText {#text} at (1298.84,3402) size 78.92x23
          chunk 1 text run 1 at (1300.00,3420.00) startOffset 0 endOffset 11 width 77.76: "just a text"
      LayoutSVGText {text} at (1398.84,3402) size 78.92x23 contains 1 chunk(s)
        LayoutSVGInlineText {#text} at (1398.84,3402) size 78.92x23
          chunk 1 text run 1 at (1400.00,3420.00) startOffset 0 endOffset 11 width 77.76: "just a text"
      LayoutSVGText {text} at (1498.84,3402) size 78.92x23 contains 1 chunk(s)
        LayoutSVGInlineText {#text} at (1498.84,3402) size 78.92x23
          chunk 1 text run 1 at (1500.00,3420.00) startOffset 0 endOffset 11 width 77.76: "just a text"
      LayoutSVGText {text} at (1598.84,3402) size 78.92x23 contains 1 chunk(s)
        LayoutSVGInlineText {#text} at (1598.84,3402) size 78.92x23
          chunk 1 text run 1 at (1600.00,3420.00) startOffset 0 endOffset 11 width 77.76: "just a text"
      LayoutSVGText {text} at (1698.84,3402) size 78.92x23 contains 1 chunk(s)
        LayoutSVGInlineText {#text} at (1698.84,3402) size 78.92x23
          chunk 1 text run 1 at (1700.00,3420.00) startOffset 0 endOffset 11 width 77.76: "just a text"
      LayoutSVGText {text} at (1798.84,3402) size 78.92x23 contains 1 chunk(s)
        LayoutSVGInlineText {#text} at (1798.84,3402) size 78.92x23
          chunk 1 text run 1 at (1800.00,3420.00) startOffset 0 endOffset 11 width 77.76: "just a text"
      LayoutSVGText {text} at (1898.84,3402) size 78.92x23 contains 1 chunk(s)
        LayoutSVGInlineText {#text} at (1898.84,3402) size 78.92x23
          chunk 1 text run 1 at (1900.00,3420.00) startOffset 0 endOffset 11 width 77.76: "just a text"
      LayoutSVGText {text} at (1998.84,3402) size 78.92x23 contains 1 chunk(s)
        LayoutSVGInlineText {#text} at (1998.84,3402) size 78.92x23
          chunk 1 text run 1 at (2000.00,3420.00) startOffset 0 endOffset 11 width 77.76: "just a text"
      LayoutSVGText {text} at (2098.84,3402) size 78.92x23 contains 1 chunk(s)
        LayoutSVGInlineText {#text} at (2098.84,3402) size 78.92x23
          chunk 1 text run 1 at (2100.00,3420.00) startOffset 0 endOffset 11 width 77.76: "just a text"
      LayoutSVGText {text} at (2198.84,3402) size 78.92x23 contains 1 chunk(s)
        LayoutSVGInlineText {#text} at (2198.84,3402) size 78.92x23
          chunk 1 text run 1 at (2200.00,3420.00) startOffset 0 endOffset 11 width 77.76: "just a text"
      LayoutSVGText {text} at (2298.84,3402) size 78.92x23 contains 1 chunk(s)
        LayoutSVGInlineText {#text} at (2298.84,3402) size 78.92x23
          chunk 1 text run 1 at (2300.00,3420.00) startOffset 0 endOffset 11 width 77.76: "just a text"
      LayoutSVGText {text} at (2398.84,3402) size 78.92x23 contains 1 chunk(s)
        LayoutSVGInlineText {#text} at (2398.84,3402) size 78.92x23
          chunk 1 text run 1 at (2400.00,3420.00) startOffset 0 endOffset 11 width 77.76: "just a text"
      LayoutSVGText {text} at (2498.84,3402) size 78.92x23 contains 1 chunk(s)
        LayoutSVGInlineText {#text} at (2498.84,3402) size 78.92x23
          chunk 1 text run 1 at (2500.00,3420.00) startOffset 0 endOffset 11 width 77.76: "just a text"
      LayoutSVGText {text} at (2598.84,3402) size 78.92x23 contains 1 chunk(s)
        LayoutSVGInlineText {#text} at (2598.84,3402) size 78.92x23
          chunk 1 text run 1 at (2600.00,3420.00) startOffset 0 endOffset 11 width 77.76: "just a text"
      LayoutSVGText {text} at (2698.84,3402) size 78.92x23 contains 1 chunk(s)
        LayoutSVGInlineText {#text} at (2698.84,3402) size 78.92x23
          chunk 1 text run 1 at (2700.00,3420.00) startOffset 0 endOffset 11 width 77.76: "just a text"
      LayoutSVGText {text} at (2798.84,3402) size 78.92x23 contains 1 chunk(s)
        LayoutSVGInlineText {#text} at (2798.84,3402) size 78.92x23
          chunk 1 text run 1 at (2800.00,3420.00) startOffset 0 endOffset 11 width 77.76: "just a text"
      LayoutSVGText {text} at (2898.84,3402) size 78.92x23 contains 1 chunk(s)
        LayoutSVGInlineText {#text} at (2898.84,3402) size 78.92x23
          chunk 1 text run 1 at (2900.00,3420.00) startOffset 0 endOffset 11 width 77.76: "just a text"
      LayoutSVGText {text} at (2998.84,3402) size 78.92x23 contains 1 chunk(s)
        LayoutSVGInlineText {#text} at (2998.84,3402) size 78.92x23
          chunk 1 text run 1 at (3000.00,3420.00) startOffset 0 endOffset 11 width 77.76: "just a text"
      LayoutSVGText {text} at (3098.84,3402) size 78.92x23 contains 1 chunk(s)
        LayoutSVGInlineText {#text} at (3098.84,3402) size 78.92x23
          chunk 1 text run 1 at (3100.00,3420.00) startOffset 0 endOffset 11 width 77.76: "just a text"
      LayoutSVGText {text} at (3198.84,3402) size 78.92x23 contains 1 chunk(s)
        LayoutSVGInlineText {#text} at (3198.84,3402) size 78.92x23
          chunk 1 text run 1 at (3200.00,3420.00) startOffset 0 endOffset 11 width 77.76: "just a text"
      LayoutSVGText {text} at (3298.84,3402) size 78.92x23 contains 1 chunk(s)
        LayoutSVGInlineText {#text} at (3298.84,3402) size 78.92x23
          chunk 1 text run 1 at (3300.00,3420.00) startOffset 0 endOffset 11 width 77.76: "just a text"
      LayoutSVGText {text} at (3398.84,3402) size 78.92x23 contains 1 chunk(s)
        LayoutSVGInlineText {#text} at (3398.84,3402) size 78.92x23
          chunk 1 text run 1 at (3400.00,3420.00) startOffset 0 endOffset 11 width 77.76: "just a text"
      LayoutSVGText {text} at (3498.84,3402) size 78.92x23 contains 1 chunk(s)
        LayoutSVGInlineText {#text} at (3498.84,3402) size 78.92x23
          chunk 1 text run 1 at (3500.00,3420.00) startOffset 0 endOffset 11 width 77.76: "just a text"
      LayoutSVGText {text} at (3598.84,3402) size 78.92x23 contains 1 chunk(s)
        LayoutSVGInlineText {#text} at (3598.84,3402) size 78.92x23
          chunk 1 text run 1 at (3600.00,3420.00) startOffset 0 endOffset 11 width 77.76: "just a text"
      LayoutSVGText {text} at (3698.84,3402) size 78.92x23 contains 1 chunk(s)
        LayoutSVGInlineText {#text} at (3698.84,3402) size 78.92x23
          chunk 1 text run 1 at (3700.00,3420.00) startOffset 0 endOffset 11 width 77.76: "just a text"
      LayoutSVGText {text} at (3798.84,3402) size 78.92x23 contains 1 chunk(s)
        LayoutSVGInlineText {#text} at (3798.84,3402) size 78.92x23
          chunk 1 text run 1 at (3800.00,3420.00) startOffset 0 endOffset 11 width 77.76: "just a text"
      LayoutSVGText {text} at (3898.84,3402) size 78.92x23 contains 1 chunk(s)
        LayoutSVGInlineText {#text} at (3898.84,3402) size 78.92x23
          chunk 1 text run 1 at (3900.00,3420.00) startOffset 0 endOffset 11 width 77.76: "just a text"
      LayoutSVGText {text} at (3998.84,3402) size 78.92x23 contains 1 chunk(s)
        LayoutSVGInlineText {#text} at (3998.84,3402) size 78.92x23
          chunk 1 text run 1 at (4000.00,3420.00) startOffset 0 endOffset 11 width 77.76: "just a text"
      LayoutSVGText {text} at (4098.84,3402) size 78.92x23 contains 1 chunk(s)
        LayoutSVGInlineText {#text} at (4098.84,3402) size 78.92x23
          chunk 1 text run 1 at (4100.00,3420.00) startOffset 0 endOffset 11 width 77.76: "just a text"
      LayoutSVGText {text} at (4198.84,3402) size 78.92x23 contains 1 chunk(s)
        LayoutSVGInlineText {#text} at (4198.84,3402) size 78.92x23
          chunk 1 text run 1 at (4200.00,3420.00) startOffset 0 endOffset 11 width 77.76: "just a text"
      LayoutSVGText {text} at (4298.84,3402) size 78.92x23 contains 1 chunk(s)
        LayoutSVGInlineText {#text} at (4298.84,3402) size 78.92x23
          chunk 1 text run 1 at (4300.00,3420.00) startOffset 0 endOffset 11 width 77.76: "just a text"
      LayoutSVGText {text} at (4398.84,3402) size 78.92x23 contains 1 chunk(s)
        LayoutSVGInlineText {#text} at (4398.84,3402) size 78.92x23
          chunk 1 text run 1 at (4400.00,3420.00) startOffset 0 endOffset 11 width 77.76: "just a text"
      LayoutSVGText {text} at (4498.84,3402) size 78.92x23 contains 1 chunk(s)
        LayoutSVGInlineText {#text} at (4498.84,3402) size 78.92x23
          chunk 1 text run 1 at (4500.00,3420.00) startOffset 0 endOffset 11 width 77.76: "just a text"
      LayoutSVGText {text} at (4598.84,3402) size 78.92x23 contains 1 chunk(s)
        LayoutSVGInlineText {#text} at (4598.84,3402) size 78.92x23
          chunk 1 text run 1 at (4600.00,3420.00) startOffset 0 endOffset 11 width 77.76: "just a text"
      LayoutSVGText {text} at (4698.84,3402) size 78.92x23 contains 1 chunk(s)
        LayoutSVGInlineText {#text} at (4698.84,3402) size 78.92x23
          chunk 1 text run 1 at (4700.00,3420.00) startOffset 0 endOffset 11 width 77.76: "just a text"
      LayoutSVGText {text} at (4798.84,3402) size 78.92x23 contains 1 chunk(s)
        LayoutSVGInlineText {#text} at (4798.84,3402) size 78.92x23
          chunk 1 text run 1 at (4800.00,3420.00) startOffset 0 endOffset 11 width 77.76: "just a text"
      LayoutSVGText {text} at (4898.84,3402) size 78.92x23 contains 1 chunk(s)
        LayoutSVGInlineText {#text} at (4898.84,3402) size 78.92x23
          chunk 1 text run 1 at (4900.00,3420.00) startOffset 0 endOffset 11 width 77.76: "just a text"
      LayoutSVGText {text} at (-1.14,3502) size 78.92x23 contains 1 chunk(s)
        LayoutSVGInlineText {#text} at (-1.14,3502) size 78.92x23
          chunk 1 text run 1 at (0.00,3520.00) startOffset 0 endOffset 11 width 77.76: "just a text"
      LayoutSVGText {text} at (98.84,3502) size 78.92x23 contains 1 chunk(s)
        LayoutSVGInlineText {#text} at (98.84,3502) size 78.92x23
          chunk 1 text run 1 at (100.00,3520.00) startOffset 0 endOffset 11 width 77.76: "just a text"
      LayoutSVGText {text} at (198.84,3502) size 78.92x23 contains 1 chunk(s)
        LayoutSVGInlineText {#text} at (198.84,3502) size 78.92x23
          chunk 1 text run 1 at (200.00,3520.00) startOffset 0 endOffset 11 width 77.76: "just a text"
      LayoutSVGText {text} at (298.84,3502) size 78.92x23 contains 1 chunk(s)
        LayoutSVGInlineText {#text} at (298.84,3502) size 78.92x23
          chunk 1 text run 1 at (300.00,3520.00) startOffset 0 endOffset 11 width 77.76: "just a text"
      LayoutSVGText {text} at (398.84,3502) size 78.92x23 contains 1 chunk(s)
        LayoutSVGInlineText {#text} at (398.84,3502) size 78.92x23
          chunk 1 text run 1 at (400.00,3520.00) startOffset 0 endOffset 11 width 77.76: "just a text"
      LayoutSVGText {text} at (498.84,3502) size 78.92x23 contains 1 chunk(s)
        LayoutSVGInlineText {#text} at (498.84,3502) size 78.92x23
          chunk 1 text run 1 at (500.00,3520.00) startOffset 0 endOffset 11 width 77.76: "just a text"
      LayoutSVGText {text} at (598.84,3502) size 78.92x23 contains 1 chunk(s)
        LayoutSVGInlineText {#text} at (598.84,3502) size 78.92x23
          chunk 1 text run 1 at (600.00,3520.00) startOffset 0 endOffset 11 width 77.76: "just a text"
      LayoutSVGText {text} at (698.84,3502) size 78.92x23 contains 1 chunk(s)
        LayoutSVGInlineText {#text} at (698.84,3502) size 78.92x23
          chunk 1 text run 1 at (700.00,3520.00) startOffset 0 endOffset 11 width 77.76: "just a text"
      LayoutSVGText {text} at (798.84,3502) size 78.92x23 contains 1 chunk(s)
        LayoutSVGInlineText {#text} at (798.84,3502) size 78.92x23
          chunk 1 text run 1 at (800.00,3520.00) startOffset 0 endOffset 11 width 77.76: "just a text"
      LayoutSVGText {text} at (898.84,3502) size 78.92x23 contains 1 chunk(s)
        LayoutSVGInlineText {#text} at (898.84,3502) size 78.92x23
          chunk 1 text run 1 at (900.00,3520.00) startOffset 0 endOffset 11 width 77.76: "just a text"
      LayoutSVGText {text} at (998.84,3502) size 78.92x23 contains 1 chunk(s)
        LayoutSVGInlineText {#text} at (998.84,3502) size 78.92x23
          chunk 1 text run 1 at (1000.00,3520.00) startOffset 0 endOffset 11 width 77.76: "just a text"
      LayoutSVGText {text} at (1098.84,3502) size 78.92x23 contains 1 chunk(s)
        LayoutSVGInlineText {#text} at (1098.84,3502) size 78.92x23
          chunk 1 text run 1 at (1100.00,3520.00) startOffset 0 endOffset 11 width 77.76: "just a text"
      LayoutSVGText {text} at (1198.84,3502) size 78.92x23 contains 1 chunk(s)
        LayoutSVGInlineText {#text} at (1198.84,3502) size 78.92x23
          chunk 1 text run 1 at (1200.00,3520.00) startOffset 0 endOffset 11 width 77.76: "just a text"
      LayoutSVGText {text} at (1298.84,3502) size 78.92x23 contains 1 chunk(s)
        LayoutSVGInlineText {#text} at (1298.84,3502) size 78.92x23
          chunk 1 text run 1 at (1300.00,3520.00) startOffset 0 endOffset 11 width 77.76: "just a text"
      LayoutSVGText {text} at (1398.84,3502) size 78.92x23 contains 1 chunk(s)
        LayoutSVGInlineText {#text} at (1398.84,3502) size 78.92x23
          chunk 1 text run 1 at (1400.00,3520.00) startOffset 0 endOffset 11 width 77.76: "just a text"
      LayoutSVGText {text} at (1498.84,3502) size 78.92x23 contains 1 chunk(s)
        LayoutSVGInlineText {#text} at (1498.84,3502) size 78.92x23
          chunk 1 text run 1 at (1500.00,3520.00) startOffset 0 endOffset 11 width 77.76: "just a text"
      LayoutSVGText {text} at (1598.84,3502) size 78.92x23 contains 1 chunk(s)
        LayoutSVGInlineText {#text} at (1598.84,3502) size 78.92x23
          chunk 1 text run 1 at (1600.00,3520.00) startOffset 0 endOffset 11 width 77.76: "just a text"
      LayoutSVGText {text} at (1698.84,3502) size 78.92x23 contains 1 chunk(s)
        LayoutSVGInlineText {#text} at (1698.84,3502) size 78.92x23
          chunk 1 text run 1 at (1700.00,3520.00) startOffset 0 endOffset 11 width 77.76: "just a text"
      LayoutSVGText {text} at (1798.84,3502) size 78.92x23 contains 1 chunk(s)
        LayoutSVGInlineText {#text} at (1798.84,3502) size 78.92x23
          chunk 1 text run 1 at (1800.00,3520.00) startOffset 0 endOffset 11 width 77.76: "just a text"
      LayoutSVGText {text} at (1898.84,3502) size 78.92x23 contains 1 chunk(s)
        LayoutSVGInlineText {#text} at (1898.84,3502) size 78.92x23
          chunk 1 text run 1 at (1900.00,3520.00) startOffset 0 endOffset 11 width 77.76: "just a text"
      LayoutSVGText {text} at (1998.84,3502) size 78.92x23 contains 1 chunk(s)
        LayoutSVGInlineText {#text} at (1998.84,3502) size 78.92x23
          chunk 1 text run 1 at (2000.00,3520.00) startOffset 0 endOffset 11 width 77.76: "just a text"
      LayoutSVGText {text} at (2098.84,3502) size 78.92x23 contains 1 chunk(s)
        LayoutSVGInlineText {#text} at (2098.84,3502) size 78.92x23
          chunk 1 text run 1 at (2100.00,3520.00) startOffset 0 endOffset 11 width 77.76: "just a text"
      LayoutSVGText {text} at (2198.84,3502) size 78.92x23 contains 1 chunk(s)
        LayoutSVGInlineText {#text} at (2198.84,3502) size 78.92x23
          chunk 1 text run 1 at (2200.00,3520.00) startOffset 0 endOffset 11 width 77.76: "just a text"
      LayoutSVGText {text} at (2298.84,3502) size 78.92x23 contains 1 chunk(s)
        LayoutSVGInlineText {#text} at (2298.84,3502) size 78.92x23
          chunk 1 text run 1 at (2300.00,3520.00) startOffset 0 endOffset 11 width 77.76: "just a text"
      LayoutSVGText {text} at (2398.84,3502) size 78.92x23 contains 1 chunk(s)
        LayoutSVGInlineText {#text} at (2398.84,3502) size 78.92x23
          chunk 1 text run 1 at (2400.00,3520.00) startOffset 0 endOffset 11 width 77.76: "just a text"
      LayoutSVGText {text} at (2498.84,3502) size 78.92x23 contains 1 chunk(s)
        LayoutSVGInlineText {#text} at (2498.84,3502) size 78.92x23
          chunk 1 text run 1 at (2500.00,3520.00) startOffset 0 endOffset 11 width 77.76: "just a text"
      LayoutSVGText {text} at (2598.84,3502) size 78.92x23 contains 1 chunk(s)
        LayoutSVGInlineText {#text} at (2598.84,3502) size 78.92x23
          chunk 1 text run 1 at (2600.00,3520.00) startOffset 0 endOffset 11 width 77.76: "just a text"
      LayoutSVGText {text} at (2698.84,3502) size 78.92x23 contains 1 chunk(s)
        LayoutSVGInlineText {#text} at (2698.84,3502) size 78.92x23
          chunk 1 text run 1 at (2700.00,3520.00) startOffset 0 endOffset 11 width 77.76: "just a text"
      LayoutSVGText {text} at (2798.84,3502) size 78.92x23 contains 1 chunk(s)
        LayoutSVGInlineText {#text} at (2798.84,3502) size 78.92x23
          chunk 1 text run 1 at (2800.00,3520.00) startOffset 0 endOffset 11 width 77.76: "just a text"
      LayoutSVGText {text} at (2898.84,3502) size 78.92x23 contains 1 chunk(s)
        LayoutSVGInlineText {#text} at (2898.84,3502) size 78.92x23
          chunk 1 text run 1 at (2900.00,3520.00) startOffset 0 endOffset 11 width 77.76: "just a text"
      LayoutSVGText {text} at (2998.84,3502) size 78.92x23 contains 1 chunk(s)
        LayoutSVGInlineText {#text} at (2998.84,3502) size 78.92x23
          chunk 1 text run 1 at (3000.00,3520.00) startOffset 0 endOffset 11 width 77.76: "just a text"
      LayoutSVGText {text} at (3098.84,3502) size 78.92x23 contains 1 chunk(s)
        LayoutSVGInlineText {#text} at (3098.84,3502) size 78.92x23
          chunk 1 text run 1 at (3100.00,3520.00) startOffset 0 endOffset 11 width 77.76: "just a text"
      LayoutSVGText {text} at (3198.84,3502) size 78.92x23 contains 1 chunk(s)
        LayoutSVGInlineText {#text} at (3198.84,3502) size 78.92x23
          chunk 1 text run 1 at (3200.00,3520.00) startOffset 0 endOffset 11 width 77.76: "just a text"
      LayoutSVGText {text} at (3298.84,3502) size 78.92x23 contains 1 chunk(s)
        LayoutSVGInlineText {#text} at (3298.84,3502) size 78.92x23
          chunk 1 text run 1 at (3300.00,3520.00) startOffset 0 endOffset 11 width 77.76: "just a text"
      LayoutSVGText {text} at (3398.84,3502) size 78.92x23 contains 1 chunk(s)
        LayoutSVGInlineText {#text} at (3398.84,3502) size 78.92x23
          chunk 1 text run 1 at (3400.00,3520.00) startOffset 0 endOffset 11 width 77.76: "just a text"
      LayoutSVGText {text} at (3498.84,3502) size 78.92x23 contains 1 chunk(s)
        LayoutSVGInlineText {#text} at (3498.84,3502) size 78.92x23
          chunk 1 text run 1 at (3500.00,3520.00) startOffset 0 endOffset 11 width 77.76: "just a text"
      LayoutSVGText {text} at (3598.84,3502) size 78.92x23 contains 1 chunk(s)
        LayoutSVGInlineText {#text} at (3598.84,3502) size 78.92x23
          chunk 1 text run 1 at (3600.00,3520.00) startOffset 0 endOffset 11 width 77.76: "just a text"
      LayoutSVGText {text} at (3698.84,3502) size 78.92x23 contains 1 chunk(s)
        LayoutSVGInlineText {#text} at (3698.84,3502) size 78.92x23
          chunk 1 text run 1 at (3700.00,3520.00) startOffset 0 endOffset 11 width 77.76: "just a text"
      LayoutSVGText {text} at (3798.84,3502) size 78.92x23 contains 1 chunk(s)
        LayoutSVGInlineText {#text} at (3798.84,3502) size 78.92x23
          chunk 1 text run 1 at (3800.00,3520.00) startOffset 0 endOffset 11 width 77.76: "just a text"
      LayoutSVGText {text} at (3898.84,3502) size 78.92x23 contains 1 chunk(s)
        LayoutSVGInlineText {#text} at (3898.84,3502) size 78.92x23
          chunk 1 text run 1 at (3900.00,3520.00) startOffset 0 endOffset 11 width 77.76: "just a text"
      LayoutSVGText {text} at (3998.84,3502) size 78.92x23 contains 1 chunk(s)
        LayoutSVGInlineText {#text} at (3998.84,3502) size 78.92x23
          chunk 1 text run 1 at (4000.00,3520.00) startOffset 0 endOffset 11 width 77.76: "just a text"
      LayoutSVGText {text} at (4098.84,3502) size 78.92x23 contains 1 chunk(s)
        LayoutSVGInlineText {#text} at (4098.84,3502) size 78.92x23
          chunk 1 text run 1 at (4100.00,3520.00) startOffset 0 endOffset 11 width 77.76: "just a text"
      LayoutSVGText {text} at (4198.84,3502) size 78.92x23 contains 1 chunk(s)
        LayoutSVGInlineText {#text} at (4198.84,3502) size 78.92x23
          chunk 1 text run 1 at (4200.00,3520.00) startOffset 0 endOffset 11 width 77.76: "just a text"
      LayoutSVGText {text} at (4298.84,3502) size 78.92x23 contains 1 chunk(s)
        LayoutSVGInlineText {#text} at (4298.84,3502) size 78.92x23
          chunk 1 text run 1 at (4300.00,3520.00) startOffset 0 endOffset 11 width 77.76: "just a text"
      LayoutSVGText {text} at (4398.84,3502) size 78.92x23 contains 1 chunk(s)
        LayoutSVGInlineText {#text} at (4398.84,3502) size 78.92x23
          chunk 1 text run 1 at (4400.00,3520.00) startOffset 0 endOffset 11 width 77.76: "just a text"
      LayoutSVGText {text} at (4498.84,3502) size 78.92x23 contains 1 chunk(s)
        LayoutSVGInlineText {#text} at (4498.84,3502) size 78.92x23
          chunk 1 text run 1 at (4500.00,3520.00) startOffset 0 endOffset 11 width 77.76: "just a text"
      LayoutSVGText {text} at (4598.84,3502) size 78.92x23 contains 1 chunk(s)
        LayoutSVGInlineText {#text} at (4598.84,3502) size 78.92x23
          chunk 1 text run 1 at (4600.00,3520.00) startOffset 0 endOffset 11 width 77.76: "just a text"
      LayoutSVGText {text} at (4698.84,3502) size 78.92x23 contains 1 chunk(s)
        LayoutSVGInlineText {#text} at (4698.84,3502) size 78.92x23
          chunk 1 text run 1 at (4700.00,3520.00) startOffset 0 endOffset 11 width 77.76: "just a text"
      LayoutSVGText {text} at (4798.84,3502) size 78.92x23 contains 1 chunk(s)
        LayoutSVGInlineText {#text} at (4798.84,3502) size 78.92x23
          chunk 1 text run 1 at (4800.00,3520.00) startOffset 0 endOffset 11 width 77.76: "just a text"
      LayoutSVGText {text} at (4898.84,3502) size 78.92x23 contains 1 chunk(s)
        LayoutSVGInlineText {#text} at (4898.84,3502) size 78.92x23
          chunk 1 text run 1 at (4900.00,3520.00) startOffset 0 endOffset 11 width 77.76: "just a text"
      LayoutSVGText {text} at (-1.14,3602) size 78.92x23 contains 1 chunk(s)
        LayoutSVGInlineText {#text} at (-1.14,3602) size 78.92x23
          chunk 1 text run 1 at (0.00,3620.00) startOffset 0 endOffset 11 width 77.76: "just a text"
      LayoutSVGText {text} at (98.84,3602) size 78.92x23 contains 1 chunk(s)
        LayoutSVGInlineText {#text} at (98.84,3602) size 78.92x23
          chunk 1 text run 1 at (100.00,3620.00) startOffset 0 endOffset 11 width 77.76: "just a text"
      LayoutSVGText {text} at (198.84,3602) size 78.92x23 contains 1 chunk(s)
        LayoutSVGInlineText {#text} at (198.84,3602) size 78.92x23
          chunk 1 text run 1 at (200.00,3620.00) startOffset 0 endOffset 11 width 77.76: "just a text"
      LayoutSVGText {text} at (298.84,3602) size 78.92x23 contains 1 chunk(s)
        LayoutSVGInlineText {#text} at (298.84,3602) size 78.92x23
          chunk 1 text run 1 at (300.00,3620.00) startOffset 0 endOffset 11 width 77.76: "just a text"
      LayoutSVGText {text} at (398.84,3602) size 78.92x23 contains 1 chunk(s)
        LayoutSVGInlineText {#text} at (398.84,3602) size 78.92x23
          chunk 1 text run 1 at (400.00,3620.00) startOffset 0 endOffset 11 width 77.76: "just a text"
      LayoutSVGText {text} at (498.84,3602) size 78.92x23 contains 1 chunk(s)
        LayoutSVGInlineText {#text} at (498.84,3602) size 78.92x23
          chunk 1 text run 1 at (500.00,3620.00) startOffset 0 endOffset 11 width 77.76: "just a text"
      LayoutSVGText {text} at (598.84,3602) size 78.92x23 contains 1 chunk(s)
        LayoutSVGInlineText {#text} at (598.84,3602) size 78.92x23
          chunk 1 text run 1 at (600.00,3620.00) startOffset 0 endOffset 11 width 77.76: "just a text"
      LayoutSVGText {text} at (698.84,3602) size 78.92x23 contains 1 chunk(s)
        LayoutSVGInlineText {#text} at (698.84,3602) size 78.92x23
          chunk 1 text run 1 at (700.00,3620.00) startOffset 0 endOffset 11 width 77.76: "just a text"
      LayoutSVGText {text} at (798.84,3602) size 78.92x23 contains 1 chunk(s)
        LayoutSVGInlineText {#text} at (798.84,3602) size 78.92x23
          chunk 1 text run 1 at (800.00,3620.00) startOffset 0 endOffset 11 width 77.76: "just a text"
      LayoutSVGText {text} at (898.84,3602) size 78.92x23 contains 1 chunk(s)
        LayoutSVGInlineText {#text} at (898.84,3602) size 78.92x23
          chunk 1 text run 1 at (900.00,3620.00) startOffset 0 endOffset 11 width 77.76: "just a text"
      LayoutSVGText {text} at (998.84,3602) size 78.92x23 contains 1 chunk(s)
        LayoutSVGInlineText {#text} at (998.84,3602) size 78.92x23
          chunk 1 text run 1 at (1000.00,3620.00) startOffset 0 endOffset 11 width 77.76: "just a text"
      LayoutSVGText {text} at (1098.84,3602) size 78.92x23 contains 1 chunk(s)
        LayoutSVGInlineText {#text} at (1098.84,3602) size 78.92x23
          chunk 1 text run 1 at (1100.00,3620.00) startOffset 0 endOffset 11 width 77.76: "just a text"
      LayoutSVGText {text} at (1198.84,3602) size 78.92x23 contains 1 chunk(s)
        LayoutSVGInlineText {#text} at (1198.84,3602) size 78.92x23
          chunk 1 text run 1 at (1200.00,3620.00) startOffset 0 endOffset 11 width 77.76: "just a text"
      LayoutSVGText {text} at (1298.84,3602) size 78.92x23 contains 1 chunk(s)
        LayoutSVGInlineText {#text} at (1298.84,3602) size 78.92x23
          chunk 1 text run 1 at (1300.00,3620.00) startOffset 0 endOffset 11 width 77.76: "just a text"
      LayoutSVGText {text} at (1398.84,3602) size 78.92x23 contains 1 chunk(s)
        LayoutSVGInlineText {#text} at (1398.84,3602) size 78.92x23
          chunk 1 text run 1 at (1400.00,3620.00) startOffset 0 endOffset 11 width 77.76: "just a text"
      LayoutSVGText {text} at (1498.84,3602) size 78.92x23 contains 1 chunk(s)
        LayoutSVGInlineText {#text} at (1498.84,3602) size 78.92x23
          chunk 1 text run 1 at (1500.00,3620.00) startOffset 0 endOffset 11 width 77.76: "just a text"
      LayoutSVGText {text} at (1598.84,3602) size 78.92x23 contains 1 chunk(s)
        LayoutSVGInlineText {#text} at (1598.84,3602) size 78.92x23
          chunk 1 text run 1 at (1600.00,3620.00) startOffset 0 endOffset 11 width 77.76: "just a text"
      LayoutSVGText {text} at (1698.84,3602) size 78.92x23 contains 1 chunk(s)
        LayoutSVGInlineText {#text} at (1698.84,3602) size 78.92x23
          chunk 1 text run 1 at (1700.00,3620.00) startOffset 0 endOffset 11 width 77.76: "just a text"
      LayoutSVGText {text} at (1798.84,3602) size 78.92x23 contains 1 chunk(s)
        LayoutSVGInlineText {#text} at (1798.84,3602) size 78.92x23
          chunk 1 text run 1 at (1800.00,3620.00) startOffset 0 endOffset 11 width 77.76: "just a text"
      LayoutSVGText {text} at (1898.84,3602) size 78.92x23 contains 1 chunk(s)
        LayoutSVGInlineText {#text} at (1898.84,3602) size 78.92x23
          chunk 1 text run 1 at (1900.00,3620.00) startOffset 0 endOffset 11 width 77.76: "just a text"
      LayoutSVGText {text} at (1998.84,3602) size 78.92x23 contains 1 chunk(s)
        LayoutSVGInlineText {#text} at (1998.84,3602) size 78.92x23
          chunk 1 text run 1 at (2000.00,3620.00) startOffset 0 endOffset 11 width 77.76: "just a text"
      LayoutSVGText {text} at (2098.84,3602) size 78.92x23 contains 1 chunk(s)
        LayoutSVGInlineText {#text} at (2098.84,3602) size 78.92x23
          chunk 1 text run 1 at (2100.00,3620.00) startOffset 0 endOffset 11 width 77.76: "just a text"
      LayoutSVGText {text} at (2198.84,3602) size 78.92x23 contains 1 chunk(s)
        LayoutSVGInlineText {#text} at (2198.84,3602) size 78.92x23
          chunk 1 text run 1 at (2200.00,3620.00) startOffset 0 endOffset 11 width 77.76: "just a text"
      LayoutSVGText {text} at (2298.84,3602) size 78.92x23 contains 1 chunk(s)
        LayoutSVGInlineText {#text} at (2298.84,3602) size 78.92x23
          chunk 1 text run 1 at (2300.00,3620.00) startOffset 0 endOffset 11 width 77.76: "just a text"
      LayoutSVGText {text} at (2398.84,3602) size 78.92x23 contains 1 chunk(s)
        LayoutSVGInlineText {#text} at (2398.84,3602) size 78.92x23
          chunk 1 text run 1 at (2400.00,3620.00) startOffset 0 endOffset 11 width 77.76: "just a text"
      LayoutSVGText {text} at (2498.84,3602) size 78.92x23 contains 1 chunk(s)
        LayoutSVGInlineText {#text} at (2498.84,3602) size 78.92x23
          chunk 1 text run 1 at (2500.00,3620.00) startOffset 0 endOffset 11 width 77.76: "just a text"
      LayoutSVGText {text} at (2598.84,3602) size 78.92x23 contains 1 chunk(s)
        LayoutSVGInlineText {#text} at (2598.84,3602) size 78.92x23
          chunk 1 text run 1 at (2600.00,3620.00) startOffset 0 endOffset 11 width 77.76: "just a text"
      LayoutSVGText {text} at (2698.84,3602) size 78.92x23 contains 1 chunk(s)
        LayoutSVGInlineText {#text} at (2698.84,3602) size 78.92x23
          chunk 1 text run 1 at (2700.00,3620.00) startOffset 0 endOffset 11 width 77.76: "just a text"
      LayoutSVGText {text} at (2798.84,3602) size 78.92x23 contains 1 chunk(s)
        LayoutSVGInlineText {#text} at (2798.84,3602) size 78.92x23
          chunk 1 text run 1 at (2800.00,3620.00) startOffset 0 endOffset 11 width 77.76: "just a text"
      LayoutSVGText {text} at (2898.84,3602) size 78.92x23 contains 1 chunk(s)
        LayoutSVGInlineText {#text} at (2898.84,3602) size 78.92x23
          chunk 1 text run 1 at (2900.00,3620.00) startOffset 0 endOffset 11 width 77.76: "just a text"
      LayoutSVGText {text} at (2998.84,3602) size 78.92x23 contains 1 chunk(s)
        LayoutSVGInlineText {#text} at (2998.84,3602) size 78.92x23
          chunk 1 text run 1 at (3000.00,3620.00) startOffset 0 endOffset 11 width 77.76: "just a text"
      LayoutSVGText {text} at (3098.84,3602) size 78.92x23 contains 1 chunk(s)
        LayoutSVGInlineText {#text} at (3098.84,3602) size 78.92x23
          chunk 1 text run 1 at (3100.00,3620.00) startOffset 0 endOffset 11 width 77.76: "just a text"
      LayoutSVGText {text} at (3198.84,3602) size 78.92x23 contains 1 chunk(s)
        LayoutSVGInlineText {#text} at (3198.84,3602) size 78.92x23
          chunk 1 text run 1 at (3200.00,3620.00) startOffset 0 endOffset 11 width 77.76: "just a text"
      LayoutSVGText {text} at (3298.84,3602) size 78.92x23 contains 1 chunk(s)
        LayoutSVGInlineText {#text} at (3298.84,3602) size 78.92x23
          chunk 1 text run 1 at (3300.00,3620.00) startOffset 0 endOffset 11 width 77.76: "just a text"
      LayoutSVGText {text} at (3398.84,3602) size 78.92x23 contains 1 chunk(s)
        LayoutSVGInlineText {#text} at (3398.84,3602) size 78.92x23
          chunk 1 text run 1 at (3400.00,3620.00) startOffset 0 endOffset 11 width 77.76: "just a text"
      LayoutSVGText {text} at (3498.84,3602) size 78.92x23 contains 1 chunk(s)
        LayoutSVGInlineText {#text} at (3498.84,3602) size 78.92x23
          chunk 1 text run 1 at (3500.00,3620.00) startOffset 0 endOffset 11 width 77.76: "just a text"
      LayoutSVGText {text} at (3598.84,3602) size 78.92x23 contains 1 chunk(s)
        LayoutSVGInlineText {#text} at (3598.84,3602) size 78.92x23
          chunk 1 text run 1 at (3600.00,3620.00) startOffset 0 endOffset 11 width 77.76: "just a text"
      LayoutSVGText {text} at (3698.84,3602) size 78.92x23 contains 1 chunk(s)
        LayoutSVGInlineText {#text} at (3698.84,3602) size 78.92x23
          chunk 1 text run 1 at (3700.00,3620.00) startOffset 0 endOffset 11 width 77.76: "just a text"
      LayoutSVGText {text} at (3798.84,3602) size 78.92x23 contains 1 chunk(s)
        LayoutSVGInlineText {#text} at (3798.84,3602) size 78.92x23
          chunk 1 text run 1 at (3800.00,3620.00) startOffset 0 endOffset 11 width 77.76: "just a text"
      LayoutSVGText {text} at (3898.84,3602) size 78.92x23 contains 1 chunk(s)
        LayoutSVGInlineText {#text} at (3898.84,3602) size 78.92x23
          chunk 1 text run 1 at (3900.00,3620.00) startOffset 0 endOffset 11 width 77.76: "just a text"
      LayoutSVGText {text} at (3998.84,3602) size 78.92x23 contains 1 chunk(s)
        LayoutSVGInlineText {#text} at (3998.84,3602) size 78.92x23
          chunk 1 text run 1 at (4000.00,3620.00) startOffset 0 endOffset 11 width 77.76: "just a text"
      LayoutSVGText {text} at (4098.84,3602) size 78.92x23 contains 1 chunk(s)
        LayoutSVGInlineText {#text} at (4098.84,3602) size 78.92x23
          chunk 1 text run 1 at (4100.00,3620.00) startOffset 0 endOffset 11 width 77.76: "just a text"
      LayoutSVGText {text} at (4198.84,3602) size 78.92x23 contains 1 chunk(s)
        LayoutSVGInlineText {#text} at (4198.84,3602) size 78.92x23
          chunk 1 text run 1 at (4200.00,3620.00) startOffset 0 endOffset 11 width 77.76: "just a text"
      LayoutSVGText {text} at (4298.84,3602) size 78.92x23 contains 1 chunk(s)
        LayoutSVGInlineText {#text} at (4298.84,3602) size 78.92x23
          chunk 1 text run 1 at (4300.00,3620.00) startOffset 0 endOffset 11 width 77.76: "just a text"
      LayoutSVGText {text} at (4398.84,3602) size 78.92x23 contains 1 chunk(s)
        LayoutSVGInlineText {#text} at (4398.84,3602) size 78.92x23
          chunk 1 text run 1 at (4400.00,3620.00) startOffset 0 endOffset 11 width 77.76: "just a text"
      LayoutSVGText {text} at (4498.84,3602) size 78.92x23 contains 1 chunk(s)
        LayoutSVGInlineText {#text} at (4498.84,3602) size 78.92x23
          chunk 1 text run 1 at (4500.00,3620.00) startOffset 0 endOffset 11 width 77.76: "just a text"
      LayoutSVGText {text} at (4598.84,3602) size 78.92x23 contains 1 chunk(s)
        LayoutSVGInlineText {#text} at (4598.84,3602) size 78.92x23
          chunk 1 text run 1 at (4600.00,3620.00) startOffset 0 endOffset 11 width 77.76: "just a text"
      LayoutSVGText {text} at (4698.84,3602) size 78.92x23 contains 1 chunk(s)
        LayoutSVGInlineText {#text} at (4698.84,3602) size 78.92x23
          chunk 1 text run 1 at (4700.00,3620.00) startOffset 0 endOffset 11 width 77.76: "just a text"
      LayoutSVGText {text} at (4798.84,3602) size 78.92x23 contains 1 chunk(s)
        LayoutSVGInlineText {#text} at (4798.84,3602) size 78.92x23
          chunk 1 text run 1 at (4800.00,3620.00) startOffset 0 endOffset 11 width 77.76: "just a text"
      LayoutSVGText {text} at (4898.84,3602) size 78.92x23 contains 1 chunk(s)
        LayoutSVGInlineText {#text} at (4898.84,3602) size 78.92x23
          chunk 1 text run 1 at (4900.00,3620.00) startOffset 0 endOffset 11 width 77.76: "just a text"
      LayoutSVGText {text} at (-1.14,3702) size 78.92x23 contains 1 chunk(s)
        LayoutSVGInlineText {#text} at (-1.14,3702) size 78.92x23
          chunk 1 text run 1 at (0.00,3720.00) startOffset 0 endOffset 11 width 77.76: "just a text"
      LayoutSVGText {text} at (98.84,3702) size 78.92x23 contains 1 chunk(s)
        LayoutSVGInlineText {#text} at (98.84,3702) size 78.92x23
          chunk 1 text run 1 at (100.00,3720.00) startOffset 0 endOffset 11 width 77.76: "just a text"
      LayoutSVGText {text} at (198.84,3702) size 78.92x23 contains 1 chunk(s)
        LayoutSVGInlineText {#text} at (198.84,3702) size 78.92x23
          chunk 1 text run 1 at (200.00,3720.00) startOffset 0 endOffset 11 width 77.76: "just a text"
      LayoutSVGText {text} at (298.84,3702) size 78.92x23 contains 1 chunk(s)
        LayoutSVGInlineText {#text} at (298.84,3702) size 78.92x23
          chunk 1 text run 1 at (300.00,3720.00) startOffset 0 endOffset 11 width 77.76: "just a text"
      LayoutSVGText {text} at (398.84,3702) size 78.92x23 contains 1 chunk(s)
        LayoutSVGInlineText {#text} at (398.84,3702) size 78.92x23
          chunk 1 text run 1 at (400.00,3720.00) startOffset 0 endOffset 11 width 77.76: "just a text"
      LayoutSVGText {text} at (498.84,3702) size 78.92x23 contains 1 chunk(s)
        LayoutSVGInlineText {#text} at (498.84,3702) size 78.92x23
          chunk 1 text run 1 at (500.00,3720.00) startOffset 0 endOffset 11 width 77.76: "just a text"
      LayoutSVGText {text} at (598.84,3702) size 78.92x23 contains 1 chunk(s)
        LayoutSVGInlineText {#text} at (598.84,3702) size 78.92x23
          chunk 1 text run 1 at (600.00,3720.00) startOffset 0 endOffset 11 width 77.76: "just a text"
      LayoutSVGText {text} at (698.84,3702) size 78.92x23 contains 1 chunk(s)
        LayoutSVGInlineText {#text} at (698.84,3702) size 78.92x23
          chunk 1 text run 1 at (700.00,3720.00) startOffset 0 endOffset 11 width 77.76: "just a text"
      LayoutSVGText {text} at (798.84,3702) size 78.92x23 contains 1 chunk(s)
        LayoutSVGInlineText {#text} at (798.84,3702) size 78.92x23
          chunk 1 text run 1 at (800.00,3720.00) startOffset 0 endOffset 11 width 77.76: "just a text"
      LayoutSVGText {text} at (898.84,3702) size 78.92x23 contains 1 chunk(s)
        LayoutSVGInlineText {#text} at (898.84,3702) size 78.92x23
          chunk 1 text run 1 at (900.00,3720.00) startOffset 0 endOffset 11 width 77.76: "just a text"
      LayoutSVGText {text} at (998.84,3702) size 78.92x23 contains 1 chunk(s)
        LayoutSVGInlineText {#text} at (998.84,3702) size 78.92x23
          chunk 1 text run 1 at (1000.00,3720.00) startOffset 0 endOffset 11 width 77.76: "just a text"
      LayoutSVGText {text} at (1098.84,3702) size 78.92x23 contains 1 chunk(s)
        LayoutSVGInlineText {#text} at (1098.84,3702) size 78.92x23
          chunk 1 text run 1 at (1100.00,3720.00) startOffset 0 endOffset 11 width 77.76: "just a text"
      LayoutSVGText {text} at (1198.84,3702) size 78.92x23 contains 1 chunk(s)
        LayoutSVGInlineText {#text} at (1198.84,3702) size 78.92x23
          chunk 1 text run 1 at (1200.00,3720.00) startOffset 0 endOffset 11 width 77.76: "just a text"
      LayoutSVGText {text} at (1298.84,3702) size 78.92x23 contains 1 chunk(s)
        LayoutSVGInlineText {#text} at (1298.84,3702) size 78.92x23
          chunk 1 text run 1 at (1300.00,3720.00) startOffset 0 endOffset 11 width 77.76: "just a text"
      LayoutSVGText {text} at (1398.84,3702) size 78.92x23 contains 1 chunk(s)
        LayoutSVGInlineText {#text} at (1398.84,3702) size 78.92x23
          chunk 1 text run 1 at (1400.00,3720.00) startOffset 0 endOffset 11 width 77.76: "just a text"
      LayoutSVGText {text} at (1498.84,3702) size 78.92x23 contains 1 chunk(s)
        LayoutSVGInlineText {#text} at (1498.84,3702) size 78.92x23
          chunk 1 text run 1 at (1500.00,3720.00) startOffset 0 endOffset 11 width 77.76: "just a text"
      LayoutSVGText {text} at (1598.84,3702) size 78.92x23 contains 1 chunk(s)
        LayoutSVGInlineText {#text} at (1598.84,3702) size 78.92x23
          chunk 1 text run 1 at (1600.00,3720.00) startOffset 0 endOffset 11 width 77.76: "just a text"
      LayoutSVGText {text} at (1698.84,3702) size 78.92x23 contains 1 chunk(s)
        LayoutSVGInlineText {#text} at (1698.84,3702) size 78.92x23
          chunk 1 text run 1 at (1700.00,3720.00) startOffset 0 endOffset 11 width 77.76: "just a text"
      LayoutSVGText {text} at (1798.84,3702) size 78.92x23 contains 1 chunk(s)
        LayoutSVGInlineText {#text} at (1798.84,3702) size 78.92x23
          chunk 1 text run 1 at (1800.00,3720.00) startOffset 0 endOffset 11 width 77.76: "just a text"
      LayoutSVGText {text} at (1898.84,3702) size 78.92x23 contains 1 chunk(s)
        LayoutSVGInlineText {#text} at (1898.84,3702) size 78.92x23
          chunk 1 text run 1 at (1900.00,3720.00) startOffset 0 endOffset 11 width 77.76: "just a text"
      LayoutSVGText {text} at (1998.84,3702) size 78.92x23 contains 1 chunk(s)
        LayoutSVGInlineText {#text} at (1998.84,3702) size 78.92x23
          chunk 1 text run 1 at (2000.00,3720.00) startOffset 0 endOffset 11 width 77.76: "just a text"
      LayoutSVGText {text} at (2098.84,3702) size 78.92x23 contains 1 chunk(s)
        LayoutSVGInlineText {#text} at (2098.84,3702) size 78.92x23
          chunk 1 text run 1 at (2100.00,3720.00) startOffset 0 endOffset 11 width 77.76: "just a text"
      LayoutSVGText {text} at (2198.84,3702) size 78.92x23 contains 1 chunk(s)
        LayoutSVGInlineText {#text} at (2198.84,3702) size 78.92x23
          chunk 1 text run 1 at (2200.00,3720.00) startOffset 0 endOffset 11 width 77.76: "just a text"
      LayoutSVGText {text} at (2298.84,3702) size 78.92x23 contains 1 chunk(s)
        LayoutSVGInlineText {#text} at (2298.84,3702) size 78.92x23
          chunk 1 text run 1 at (2300.00,3720.00) startOffset 0 endOffset 11 width 77.76: "just a text"
      LayoutSVGText {text} at (2398.84,3702) size 78.92x23 contains 1 chunk(s)
        LayoutSVGInlineText {#text} at (2398.84,3702) size 78.92x23
          chunk 1 text run 1 at (2400.00,3720.00) startOffset 0 endOffset 11 width 77.76: "just a text"
      LayoutSVGText {text} at (2498.84,3702) size 78.92x23 contains 1 chunk(s)
        LayoutSVGInlineText {#text} at (2498.84,3702) size 78.92x23
          chunk 1 text run 1 at (2500.00,3720.00) startOffset 0 endOffset 11 width 77.76: "just a text"
      LayoutSVGText {text} at (2598.84,3702) size 78.92x23 contains 1 chunk(s)
        LayoutSVGInlineText {#text} at (2598.84,3702) size 78.92x23
          chunk 1 text run 1 at (2600.00,3720.00) startOffset 0 endOffset 11 width 77.76: "just a text"
      LayoutSVGText {text} at (2698.84,3702) size 78.92x23 contains 1 chunk(s)
        LayoutSVGInlineText {#text} at (2698.84,3702) size 78.92x23
          chunk 1 text run 1 at (2700.00,3720.00) startOffset 0 endOffset 11 width 77.76: "just a text"
      LayoutSVGText {text} at (2798.84,3702) size 78.92x23 contains 1 chunk(s)
        LayoutSVGInlineText {#text} at (2798.84,3702) size 78.92x23
          chunk 1 text run 1 at (2800.00,3720.00) startOffset 0 endOffset 11 width 77.76: "just a text"
      LayoutSVGText {text} at (2898.84,3702) size 78.92x23 contains 1 chunk(s)
        LayoutSVGInlineText {#text} at (2898.84,3702) size 78.92x23
          chunk 1 text run 1 at (2900.00,3720.00) startOffset 0 endOffset 11 width 77.76: "just a text"
      LayoutSVGText {text} at (2998.84,3702) size 78.92x23 contains 1 chunk(s)
        LayoutSVGInlineText {#text} at (2998.84,3702) size 78.92x23
          chunk 1 text run 1 at (3000.00,3720.00) startOffset 0 endOffset 11 width 77.76: "just a text"
      LayoutSVGText {text} at (3098.84,3702) size 78.92x23 contains 1 chunk(s)
        LayoutSVGInlineText {#text} at (3098.84,3702) size 78.92x23
          chunk 1 text run 1 at (3100.00,3720.00) startOffset 0 endOffset 11 width 77.76: "just a text"
      LayoutSVGText {text} at (3198.84,3702) size 78.92x23 contains 1 chunk(s)
        LayoutSVGInlineText {#text} at (3198.84,3702) size 78.92x23
          chunk 1 text run 1 at (3200.00,3720.00) startOffset 0 endOffset 11 width 77.76: "just a text"
      LayoutSVGText {text} at (3298.84,3702) size 78.92x23 contains 1 chunk(s)
        LayoutSVGInlineText {#text} at (3298.84,3702) size 78.92x23
          chunk 1 text run 1 at (3300.00,3720.00) startOffset 0 endOffset 11 width 77.76: "just a text"
      LayoutSVGText {text} at (3398.84,3702) size 78.92x23 contains 1 chunk(s)
        LayoutSVGInlineText {#text} at (3398.84,3702) size 78.92x23
          chunk 1 text run 1 at (3400.00,3720.00) startOffset 0 endOffset 11 width 77.76: "just a text"
      LayoutSVGText {text} at (3498.84,3702) size 78.92x23 contains 1 chunk(s)
        LayoutSVGInlineText {#text} at (3498.84,3702) size 78.92x23
          chunk 1 text run 1 at (3500.00,3720.00) startOffset 0 endOffset 11 width 77.76: "just a text"
      LayoutSVGText {text} at (3598.84,3702) size 78.92x23 contains 1 chunk(s)
        LayoutSVGInlineText {#text} at (3598.84,3702) size 78.92x23
          chunk 1 text run 1 at (3600.00,3720.00) startOffset 0 endOffset 11 width 77.76: "just a text"
      LayoutSVGText {text} at (3698.84,3702) size 78.92x23 contains 1 chunk(s)
        LayoutSVGInlineText {#text} at (3698.84,3702) size 78.92x23
          chunk 1 text run 1 at (3700.00,3720.00) startOffset 0 endOffset 11 width 77.76: "just a text"
      LayoutSVGText {text} at (3798.84,3702) size 78.92x23 contains 1 chunk(s)
        LayoutSVGInlineText {#text} at (3798.84,3702) size 78.92x23
          chunk 1 text run 1 at (3800.00,3720.00) startOffset 0 endOffset 11 width 77.76: "just a text"
      LayoutSVGText {text} at (3898.84,3702) size 78.92x23 contains 1 chunk(s)
        LayoutSVGInlineText {#text} at (3898.84,3702) size 78.92x23
          chunk 1 text run 1 at (3900.00,3720.00) startOffset 0 endOffset 11 width 77.76: "just a text"
      LayoutSVGText {text} at (3998.84,3702) size 78.92x23 contains 1 chunk(s)
        LayoutSVGInlineText {#text} at (3998.84,3702) size 78.92x23
          chunk 1 text run 1 at (4000.00,3720.00) startOffset 0 endOffset 11 width 77.76: "just a text"
      LayoutSVGText {text} at (4098.84,3702) size 78.92x23 contains 1 chunk(s)
        LayoutSVGInlineText {#text} at (4098.84,3702) size 78.92x23
          chunk 1 text run 1 at (4100.00,3720.00) startOffset 0 endOffset 11 width 77.76: "just a text"
      LayoutSVGText {text} at (4198.84,3702) size 78.92x23 contains 1 chunk(s)
        LayoutSVGInlineText {#text} at (4198.84,3702) size 78.92x23
          chunk 1 text run 1 at (4200.00,3720.00) startOffset 0 endOffset 11 width 77.76: "just a text"
      LayoutSVGText {text} at (4298.84,3702) size 78.92x23 contains 1 chunk(s)
        LayoutSVGInlineText {#text} at (4298.84,3702) size 78.92x23
          chunk 1 text run 1 at (4300.00,3720.00) startOffset 0 endOffset 11 width 77.76: "just a text"
      LayoutSVGText {text} at (4398.84,3702) size 78.92x23 contains 1 chunk(s)
        LayoutSVGInlineText {#text} at (4398.84,3702) size 78.92x23
          chunk 1 text run 1 at (4400.00,3720.00) startOffset 0 endOffset 11 width 77.76: "just a text"
      LayoutSVGText {text} at (4498.84,3702) size 78.92x23 contains 1 chunk(s)
        LayoutSVGInlineText {#text} at (4498.84,3702) size 78.92x23
          chunk 1 text run 1 at (4500.00,3720.00) startOffset 0 endOffset 11 width 77.76: "just a text"
      LayoutSVGText {text} at (4598.84,3702) size 78.92x23 contains 1 chunk(s)
        LayoutSVGInlineText {#text} at (4598.84,3702) size 78.92x23
          chunk 1 text run 1 at (4600.00,3720.00) startOffset 0 endOffset 11 width 77.76: "just a text"
      LayoutSVGText {text} at (4698.84,3702) size 78.92x23 contains 1 chunk(s)
        LayoutSVGInlineText {#text} at (4698.84,3702) size 78.92x23
          chunk 1 text run 1 at (4700.00,3720.00) startOffset 0 endOffset 11 width 77.76: "just a text"
      LayoutSVGText {text} at (4798.84,3702) size 78.92x23 contains 1 chunk(s)
        LayoutSVGInlineText {#text} at (4798.84,3702) size 78.92x23
          chunk 1 text run 1 at (4800.00,3720.00) startOffset 0 endOffset 11 width 77.76: "just a text"
      LayoutSVGText {text} at (4898.84,3702) size 78.92x23 contains 1 chunk(s)
        LayoutSVGInlineText {#text} at (4898.84,3702) size 78.92x23
          chunk 1 text run 1 at (4900.00,3720.00) startOffset 0 endOffset 11 width 77.76: "just a text"
      LayoutSVGText {text} at (-1.14,3802) size 78.92x23 contains 1 chunk(s)
        LayoutSVGInlineText {#text} at (-1.14,3802) size 78.92x23
          chunk 1 text run 1 at (0.00,3820.00) startOffset 0 endOffset 11 width 77.76: "just a text"
      LayoutSVGText {text} at (98.84,3802) size 78.92x23 contains 1 chunk(s)
        LayoutSVGInlineText {#text} at (98.84,3802) size 78.92x23
          chunk 1 text run 1 at (100.00,3820.00) startOffset 0 endOffset 11 width 77.76: "just a text"
      LayoutSVGText {text} at (198.84,3802) size 78.92x23 contains 1 chunk(s)
        LayoutSVGInlineText {#text} at (198.84,3802) size 78.92x23
          chunk 1 text run 1 at (200.00,3820.00) startOffset 0 endOffset 11 width 77.76: "just a text"
      LayoutSVGText {text} at (298.84,3802) size 78.92x23 contains 1 chunk(s)
        LayoutSVGInlineText {#text} at (298.84,3802) size 78.92x23
          chunk 1 text run 1 at (300.00,3820.00) startOffset 0 endOffset 11 width 77.76: "just a text"
      LayoutSVGText {text} at (398.84,3802) size 78.92x23 contains 1 chunk(s)
        LayoutSVGInlineText {#text} at (398.84,3802) size 78.92x23
          chunk 1 text run 1 at (400.00,3820.00) startOffset 0 endOffset 11 width 77.76: "just a text"
      LayoutSVGText {text} at (498.84,3802) size 78.92x23 contains 1 chunk(s)
        LayoutSVGInlineText {#text} at (498.84,3802) size 78.92x23
          chunk 1 text run 1 at (500.00,3820.00) startOffset 0 endOffset 11 width 77.76: "just a text"
      LayoutSVGText {text} at (598.84,3802) size 78.92x23 contains 1 chunk(s)
        LayoutSVGInlineText {#text} at (598.84,3802) size 78.92x23
          chunk 1 text run 1 at (600.00,3820.00) startOffset 0 endOffset 11 width 77.76: "just a text"
      LayoutSVGText {text} at (698.84,3802) size 78.92x23 contains 1 chunk(s)
        LayoutSVGInlineText {#text} at (698.84,3802) size 78.92x23
          chunk 1 text run 1 at (700.00,3820.00) startOffset 0 endOffset 11 width 77.76: "just a text"
      LayoutSVGText {text} at (798.84,3802) size 78.92x23 contains 1 chunk(s)
        LayoutSVGInlineText {#text} at (798.84,3802) size 78.92x23
          chunk 1 text run 1 at (800.00,3820.00) startOffset 0 endOffset 11 width 77.76: "just a text"
      LayoutSVGText {text} at (898.84,3802) size 78.92x23 contains 1 chunk(s)
        LayoutSVGInlineText {#text} at (898.84,3802) size 78.92x23
          chunk 1 text run 1 at (900.00,3820.00) startOffset 0 endOffset 11 width 77.76: "just a text"
      LayoutSVGText {text} at (998.84,3802) size 78.92x23 contains 1 chunk(s)
        LayoutSVGInlineText {#text} at (998.84,3802) size 78.92x23
          chunk 1 text run 1 at (1000.00,3820.00) startOffset 0 endOffset 11 width 77.76: "just a text"
      LayoutSVGText {text} at (1098.84,3802) size 78.92x23 contains 1 chunk(s)
        LayoutSVGInlineText {#text} at (1098.84,3802) size 78.92x23
          chunk 1 text run 1 at (1100.00,3820.00) startOffset 0 endOffset 11 width 77.76: "just a text"
      LayoutSVGText {text} at (1198.84,3802) size 78.92x23 contains 1 chunk(s)
        LayoutSVGInlineText {#text} at (1198.84,3802) size 78.92x23
          chunk 1 text run 1 at (1200.00,3820.00) startOffset 0 endOffset 11 width 77.76: "just a text"
      LayoutSVGText {text} at (1298.84,3802) size 78.92x23 contains 1 chunk(s)
        LayoutSVGInlineText {#text} at (1298.84,3802) size 78.92x23
          chunk 1 text run 1 at (1300.00,3820.00) startOffset 0 endOffset 11 width 77.76: "just a text"
      LayoutSVGText {text} at (1398.84,3802) size 78.92x23 contains 1 chunk(s)
        LayoutSVGInlineText {#text} at (1398.84,3802) size 78.92x23
          chunk 1 text run 1 at (1400.00,3820.00) startOffset 0 endOffset 11 width 77.76: "just a text"
      LayoutSVGText {text} at (1498.84,3802) size 78.92x23 contains 1 chunk(s)
        LayoutSVGInlineText {#text} at (1498.84,3802) size 78.92x23
          chunk 1 text run 1 at (1500.00,3820.00) startOffset 0 endOffset 11 width 77.76: "just a text"
      LayoutSVGText {text} at (1598.84,3802) size 78.92x23 contains 1 chunk(s)
        LayoutSVGInlineText {#text} at (1598.84,3802) size 78.92x23
          chunk 1 text run 1 at (1600.00,3820.00) startOffset 0 endOffset 11 width 77.76: "just a text"
      LayoutSVGText {text} at (1698.84,3802) size 78.92x23 contains 1 chunk(s)
        LayoutSVGInlineText {#text} at (1698.84,3802) size 78.92x23
          chunk 1 text run 1 at (1700.00,3820.00) startOffset 0 endOffset 11 width 77.76: "just a text"
      LayoutSVGText {text} at (1798.84,3802) size 78.92x23 contains 1 chunk(s)
        LayoutSVGInlineText {#text} at (1798.84,3802) size 78.92x23
          chunk 1 text run 1 at (1800.00,3820.00) startOffset 0 endOffset 11 width 77.76: "just a text"
      LayoutSVGText {text} at (1898.84,3802) size 78.92x23 contains 1 chunk(s)
        LayoutSVGInlineText {#text} at (1898.84,3802) size 78.92x23
          chunk 1 text run 1 at (1900.00,3820.00) startOffset 0 endOffset 11 width 77.76: "just a text"
      LayoutSVGText {text} at (1998.84,3802) size 78.92x23 contains 1 chunk(s)
        LayoutSVGInlineText {#text} at (1998.84,3802) size 78.92x23
          chunk 1 text run 1 at (2000.00,3820.00) startOffset 0 endOffset 11 width 77.76: "just a text"
      LayoutSVGText {text} at (2098.84,3802) size 78.92x23 contains 1 chunk(s)
        LayoutSVGInlineText {#text} at (2098.84,3802) size 78.92x23
          chunk 1 text run 1 at (2100.00,3820.00) startOffset 0 endOffset 11 width 77.76: "just a text"
      LayoutSVGText {text} at (2198.84,3802) size 78.92x23 contains 1 chunk(s)
        LayoutSVGInlineText {#text} at (2198.84,3802) size 78.92x23
          chunk 1 text run 1 at (2200.00,3820.00) startOffset 0 endOffset 11 width 77.76: "just a text"
      LayoutSVGText {text} at (2298.84,3802) size 78.92x23 contains 1 chunk(s)
        LayoutSVGInlineText {#text} at (2298.84,3802) size 78.92x23
          chunk 1 text run 1 at (2300.00,3820.00) startOffset 0 endOffset 11 width 77.76: "just a text"
      LayoutSVGText {text} at (2398.84,3802) size 78.92x23 contains 1 chunk(s)
        LayoutSVGInlineText {#text} at (2398.84,3802) size 78.92x23
          chunk 1 text run 1 at (2400.00,3820.00) startOffset 0 endOffset 11 width 77.76: "just a text"
      LayoutSVGText {text} at (2498.84,3802) size 78.92x23 contains 1 chunk(s)
        LayoutSVGInlineText {#text} at (2498.84,3802) size 78.92x23
          chunk 1 text run 1 at (2500.00,3820.00) startOffset 0 endOffset 11 width 77.76: "just a text"
      LayoutSVGText {text} at (2598.84,3802) size 78.92x23 contains 1 chunk(s)
        LayoutSVGInlineText {#text} at (2598.84,3802) size 78.92x23
          chunk 1 text run 1 at (2600.00,3820.00) startOffset 0 endOffset 11 width 77.76: "just a text"
      LayoutSVGText {text} at (2698.84,3802) size 78.92x23 contains 1 chunk(s)
        LayoutSVGInlineText {#text} at (2698.84,3802) size 78.92x23
          chunk 1 text run 1 at (2700.00,3820.00) startOffset 0 endOffset 11 width 77.76: "just a text"
      LayoutSVGText {text} at (2798.84,3802) size 78.92x23 contains 1 chunk(s)
        LayoutSVGInlineText {#text} at (2798.84,3802) size 78.92x23
          chunk 1 text run 1 at (2800.00,3820.00) startOffset 0 endOffset 11 width 77.76: "just a text"
      LayoutSVGText {text} at (2898.84,3802) size 78.92x23 contains 1 chunk(s)
        LayoutSVGInlineText {#text} at (2898.84,3802) size 78.92x23
          chunk 1 text run 1 at (2900.00,3820.00) startOffset 0 endOffset 11 width 77.76: "just a text"
      LayoutSVGText {text} at (2998.84,3802) size 78.92x23 contains 1 chunk(s)
        LayoutSVGInlineText {#text} at (2998.84,3802) size 78.92x23
          chunk 1 text run 1 at (3000.00,3820.00) startOffset 0 endOffset 11 width 77.76: "just a text"
      LayoutSVGText {text} at (3098.84,3802) size 78.92x23 contains 1 chunk(s)
        LayoutSVGInlineText {#text} at (3098.84,3802) size 78.92x23
          chunk 1 text run 1 at (3100.00,3820.00) startOffset 0 endOffset 11 width 77.76: "just a text"
      LayoutSVGText {text} at (3198.84,3802) size 78.92x23 contains 1 chunk(s)
        LayoutSVGInlineText {#text} at (3198.84,3802) size 78.92x23
          chunk 1 text run 1 at (3200.00,3820.00) startOffset 0 endOffset 11 width 77.76: "just a text"
      LayoutSVGText {text} at (3298.84,3802) size 78.92x23 contains 1 chunk(s)
        LayoutSVGInlineText {#text} at (3298.84,3802) size 78.92x23
          chunk 1 text run 1 at (3300.00,3820.00) startOffset 0 endOffset 11 width 77.76: "just a text"
      LayoutSVGText {text} at (3398.84,3802) size 78.92x23 contains 1 chunk(s)
        LayoutSVGInlineText {#text} at (3398.84,3802) size 78.92x23
          chunk 1 text run 1 at (3400.00,3820.00) startOffset 0 endOffset 11 width 77.76: "just a text"
      LayoutSVGText {text} at (3498.84,3802) size 78.92x23 contains 1 chunk(s)
        LayoutSVGInlineText {#text} at (3498.84,3802) size 78.92x23
          chunk 1 text run 1 at (3500.00,3820.00) startOffset 0 endOffset 11 width 77.76: "just a text"
      LayoutSVGText {text} at (3598.84,3802) size 78.92x23 contains 1 chunk(s)
        LayoutSVGInlineText {#text} at (3598.84,3802) size 78.92x23
          chunk 1 text run 1 at (3600.00,3820.00) startOffset 0 endOffset 11 width 77.76: "just a text"
      LayoutSVGText {text} at (3698.84,3802) size 78.92x23 contains 1 chunk(s)
        LayoutSVGInlineText {#text} at (3698.84,3802) size 78.92x23
          chunk 1 text run 1 at (3700.00,3820.00) startOffset 0 endOffset 11 width 77.76: "just a text"
      LayoutSVGText {text} at (3798.84,3802) size 78.92x23 contains 1 chunk(s)
        LayoutSVGInlineText {#text} at (3798.84,3802) size 78.92x23
          chunk 1 text run 1 at (3800.00,3820.00) startOffset 0 endOffset 11 width 77.76: "just a text"
      LayoutSVGText {text} at (3898.84,3802) size 78.92x23 contains 1 chunk(s)
        LayoutSVGInlineText {#text} at (3898.84,3802) size 78.92x23
          chunk 1 text run 1 at (3900.00,3820.00) startOffset 0 endOffset 11 width 77.76: "just a text"
      LayoutSVGText {text} at (3998.84,3802) size 78.92x23 contains 1 chunk(s)
        LayoutSVGInlineText {#text} at (3998.84,3802) size 78.92x23
          chunk 1 text run 1 at (4000.00,3820.00) startOffset 0 endOffset 11 width 77.76: "just a text"
      LayoutSVGText {text} at (4098.84,3802) size 78.92x23 contains 1 chunk(s)
        LayoutSVGInlineText {#text} at (4098.84,3802) size 78.92x23
          chunk 1 text run 1 at (4100.00,3820.00) startOffset 0 endOffset 11 width 77.76: "just a text"
      LayoutSVGText {text} at (4198.84,3802) size 78.92x23 contains 1 chunk(s)
        LayoutSVGInlineText {#text} at (4198.84,3802) size 78.92x23
          chunk 1 text run 1 at (4200.00,3820.00) startOffset 0 endOffset 11 width 77.76: "just a text"
      LayoutSVGText {text} at (4298.84,3802) size 78.92x23 contains 1 chunk(s)
        LayoutSVGInlineText {#text} at (4298.84,3802) size 78.92x23
          chunk 1 text run 1 at (4300.00,3820.00) startOffset 0 endOffset 11 width 77.76: "just a text"
      LayoutSVGText {text} at (4398.84,3802) size 78.92x23 contains 1 chunk(s)
        LayoutSVGInlineText {#text} at (4398.84,3802) size 78.92x23
          chunk 1 text run 1 at (4400.00,3820.00) startOffset 0 endOffset 11 width 77.76: "just a text"
      LayoutSVGText {text} at (4498.84,3802) size 78.92x23 contains 1 chunk(s)
        LayoutSVGInlineText {#text} at (4498.84,3802) size 78.92x23
          chunk 1 text run 1 at (4500.00,3820.00) startOffset 0 endOffset 11 width 77.76: "just a text"
      LayoutSVGText {text} at (4598.84,3802) size 78.92x23 contains 1 chunk(s)
        LayoutSVGInlineText {#text} at (4598.84,3802) size 78.92x23
          chunk 1 text run 1 at (4600.00,3820.00) startOffset 0 endOffset 11 width 77.76: "just a text"
      LayoutSVGText {text} at (4698.84,3802) size 78.92x23 contains 1 chunk(s)
        LayoutSVGInlineText {#text} at (4698.84,3802) size 78.92x23
          chunk 1 text run 1 at (4700.00,3820.00) startOffset 0 endOffset 11 width 77.76: "just a text"
      LayoutSVGText {text} at (4798.84,3802) size 78.92x23 contains 1 chunk(s)
        LayoutSVGInlineText {#text} at (4798.84,3802) size 78.92x23
          chunk 1 text run 1 at (4800.00,3820.00) startOffset 0 endOffset 11 width 77.76: "just a text"
      LayoutSVGText {text} at (4898.84,3802) size 78.92x23 contains 1 chunk(s)
        LayoutSVGInlineText {#text} at (4898.84,3802) size 78.92x23
          chunk 1 text run 1 at (4900.00,3820.00) startOffset 0 endOffset 11 width 77.76: "just a text"
      LayoutSVGText {text} at (-1.14,3902) size 78.92x23 contains 1 chunk(s)
        LayoutSVGInlineText {#text} at (-1.14,3902) size 78.92x23
          chunk 1 text run 1 at (0.00,3920.00) startOffset 0 endOffset 11 width 77.76: "just a text"
      LayoutSVGText {text} at (98.84,3902) size 78.92x23 contains 1 chunk(s)
        LayoutSVGInlineText {#text} at (98.84,3902) size 78.92x23
          chunk 1 text run 1 at (100.00,3920.00) startOffset 0 endOffset 11 width 77.76: "just a text"
      LayoutSVGText {text} at (198.84,3902) size 78.92x23 contains 1 chunk(s)
        LayoutSVGInlineText {#text} at (198.84,3902) size 78.92x23
          chunk 1 text run 1 at (200.00,3920.00) startOffset 0 endOffset 11 width 77.76: "just a text"
      LayoutSVGText {text} at (298.84,3902) size 78.92x23 contains 1 chunk(s)
        LayoutSVGInlineText {#text} at (298.84,3902) size 78.92x23
          chunk 1 text run 1 at (300.00,3920.00) startOffset 0 endOffset 11 width 77.76: "just a text"
      LayoutSVGText {text} at (398.84,3902) size 78.92x23 contains 1 chunk(s)
        LayoutSVGInlineText {#text} at (398.84,3902) size 78.92x23
          chunk 1 text run 1 at (400.00,3920.00) startOffset 0 endOffset 11 width 77.76: "just a text"
      LayoutSVGText {text} at (498.84,3902) size 78.92x23 contains 1 chunk(s)
        LayoutSVGInlineText {#text} at (498.84,3902) size 78.92x23
          chunk 1 text run 1 at (500.00,3920.00) startOffset 0 endOffset 11 width 77.76: "just a text"
      LayoutSVGText {text} at (598.84,3902) size 78.92x23 contains 1 chunk(s)
        LayoutSVGInlineText {#text} at (598.84,3902) size 78.92x23
          chunk 1 text run 1 at (600.00,3920.00) startOffset 0 endOffset 11 width 77.76: "just a text"
      LayoutSVGText {text} at (698.84,3902) size 78.92x23 contains 1 chunk(s)
        LayoutSVGInlineText {#text} at (698.84,3902) size 78.92x23
          chunk 1 text run 1 at (700.00,3920.00) startOffset 0 endOffset 11 width 77.76: "just a text"
      LayoutSVGText {text} at (798.84,3902) size 78.92x23 contains 1 chunk(s)
        LayoutSVGInlineText {#text} at (798.84,3902) size 78.92x23
          chunk 1 text run 1 at (800.00,3920.00) startOffset 0 endOffset 11 width 77.76: "just a text"
      LayoutSVGText {text} at (898.84,3902) size 78.92x23 contains 1 chunk(s)
        LayoutSVGInlineText {#text} at (898.84,3902) size 78.92x23
          chunk 1 text run 1 at (900.00,3920.00) startOffset 0 endOffset 11 width 77.76: "just a text"
      LayoutSVGText {text} at (998.84,3902) size 78.92x23 contains 1 chunk(s)
        LayoutSVGInlineText {#text} at (998.84,3902) size 78.92x23
          chunk 1 text run 1 at (1000.00,3920.00) startOffset 0 endOffset 11 width 77.76: "just a text"
      LayoutSVGText {text} at (1098.84,3902) size 78.92x23 contains 1 chunk(s)
        LayoutSVGInlineText {#text} at (1098.84,3902) size 78.92x23
          chunk 1 text run 1 at (1100.00,3920.00) startOffset 0 endOffset 11 width 77.76: "just a text"
      LayoutSVGText {text} at (1198.84,3902) size 78.92x23 contains 1 chunk(s)
        LayoutSVGInlineText {#text} at (1198.84,3902) size 78.92x23
          chunk 1 text run 1 at (1200.00,3920.00) startOffset 0 endOffset 11 width 77.76: "just a text"
      LayoutSVGText {text} at (1298.84,3902) size 78.92x23 contains 1 chunk(s)
        LayoutSVGInlineText {#text} at (1298.84,3902) size 78.92x23
          chunk 1 text run 1 at (1300.00,3920.00) startOffset 0 endOffset 11 width 77.76: "just a text"
      LayoutSVGText {text} at (1398.84,3902) size 78.92x23 contains 1 chunk(s)
        LayoutSVGInlineText {#text} at (1398.84,3902) size 78.92x23
          chunk 1 text run 1 at (1400.00,3920.00) startOffset 0 endOffset 11 width 77.76: "just a text"
      LayoutSVGText {text} at (1498.84,3902) size 78.92x23 contains 1 chunk(s)
        LayoutSVGInlineText {#text} at (1498.84,3902) size 78.92x23
          chunk 1 text run 1 at (1500.00,3920.00) startOffset 0 endOffset 11 width 77.76: "just a text"
      LayoutSVGText {text} at (1598.84,3902) size 78.92x23 contains 1 chunk(s)
        LayoutSVGInlineText {#text} at (1598.84,3902) size 78.92x23
          chunk 1 text run 1 at (1600.00,3920.00) startOffset 0 endOffset 11 width 77.76: "just a text"
      LayoutSVGText {text} at (1698.84,3902) size 78.92x23 contains 1 chunk(s)
        LayoutSVGInlineText {#text} at (1698.84,3902) size 78.92x23
          chunk 1 text run 1 at (1700.00,3920.00) startOffset 0 endOffset 11 width 77.76: "just a text"
      LayoutSVGText {text} at (1798.84,3902) size 78.92x23 contains 1 chunk(s)
        LayoutSVGInlineText {#text} at (1798.84,3902) size 78.92x23
          chunk 1 text run 1 at (1800.00,3920.00) startOffset 0 endOffset 11 width 77.76: "just a text"
      LayoutSVGText {text} at (1898.84,3902) size 78.92x23 contains 1 chunk(s)
        LayoutSVGInlineText {#text} at (1898.84,3902) size 78.92x23
          chunk 1 text run 1 at (1900.00,3920.00) startOffset 0 endOffset 11 width 77.76: "just a text"
      LayoutSVGText {text} at (1998.84,3902) size 78.92x23 contains 1 chunk(s)
        LayoutSVGInlineText {#text} at (1998.84,3902) size 78.92x23
          chunk 1 text run 1 at (2000.00,3920.00) startOffset 0 endOffset 11 width 77.76: "just a text"
      LayoutSVGText {text} at (2098.84,3902) size 78.92x23 contains 1 chunk(s)
        LayoutSVGInlineText {#text} at (2098.84,3902) size 78.92x23
          chunk 1 text run 1 at (2100.00,3920.00) startOffset 0 endOffset 11 width 77.76: "just a text"
      LayoutSVGText {text} at (2198.84,3902) size 78.92x23 contains 1 chunk(s)
        LayoutSVGInlineText {#text} at (2198.84,3902) size 78.92x23
          chunk 1 text run 1 at (2200.00,3920.00) startOffset 0 endOffset 11 width 77.76: "just a text"
      LayoutSVGText {text} at (2298.84,3902) size 78.92x23 contains 1 chunk(s)
        LayoutSVGInlineText {#text} at (2298.84,3902) size 78.92x23
          chunk 1 text run 1 at (2300.00,3920.00) startOffset 0 endOffset 11 width 77.76: "just a text"
      LayoutSVGText {text} at (2398.84,3902) size 78.92x23 contains 1 chunk(s)
        LayoutSVGInlineText {#text} at (2398.84,3902) size 78.92x23
          chunk 1 text run 1 at (2400.00,3920.00) startOffset 0 endOffset 11 width 77.76: "just a text"
      LayoutSVGText {text} at (2498.84,3902) size 78.92x23 contains 1 chunk(s)
        LayoutSVGInlineText {#text} at (2498.84,3902) size 78.92x23
          chunk 1 text run 1 at (2500.00,3920.00) startOffset 0 endOffset 11 width 77.76: "just a text"
      LayoutSVGText {text} at (2598.84,3902) size 78.92x23 contains 1 chunk(s)
        LayoutSVGInlineText {#text} at (2598.84,3902) size 78.92x23
          chunk 1 text run 1 at (2600.00,3920.00) startOffset 0 endOffset 11 width 77.76: "just a text"
      LayoutSVGText {text} at (2698.84,3902) size 78.92x23 contains 1 chunk(s)
        LayoutSVGInlineText {#text} at (2698.84,3902) size 78.92x23
          chunk 1 text run 1 at (2700.00,3920.00) startOffset 0 endOffset 11 width 77.76: "just a text"
      LayoutSVGText {text} at (2798.84,3902) size 78.92x23 contains 1 chunk(s)
        LayoutSVGInlineText {#text} at (2798.84,3902) size 78.92x23
          chunk 1 text run 1 at (2800.00,3920.00) startOffset 0 endOffset 11 width 77.76: "just a text"
      LayoutSVGText {text} at (2898.84,3902) size 78.92x23 contains 1 chunk(s)
        LayoutSVGInlineText {#text} at (2898.84,3902) size 78.92x23
          chunk 1 text run 1 at (2900.00,3920.00) startOffset 0 endOffset 11 width 77.76: "just a text"
      LayoutSVGText {text} at (2998.84,3902) size 78.92x23 contains 1 chunk(s)
        LayoutSVGInlineText {#text} at (2998.84,3902) size 78.92x23
          chunk 1 text run 1 at (3000.00,3920.00) startOffset 0 endOffset 11 width 77.76: "just a text"
      LayoutSVGText {text} at (3098.84,3902) size 78.92x23 contains 1 chunk(s)
        LayoutSVGInlineText {#text} at (3098.84,3902) size 78.92x23
          chunk 1 text run 1 at (3100.00,3920.00) startOffset 0 endOffset 11 width 77.76: "just a text"
      LayoutSVGText {text} at (3198.84,3902) size 78.92x23 contains 1 chunk(s)
        LayoutSVGInlineText {#text} at (3198.84,3902) size 78.92x23
          chunk 1 text run 1 at (3200.00,3920.00) startOffset 0 endOffset 11 width 77.76: "just a text"
      LayoutSVGText {text} at (3298.84,3902) size 78.92x23 contains 1 chunk(s)
        LayoutSVGInlineText {#text} at (3298.84,3902) size 78.92x23
          chunk 1 text run 1 at (3300.00,3920.00) startOffset 0 endOffset 11 width 77.76: "just a text"
      LayoutSVGText {text} at (3398.84,3902) size 78.92x23 contains 1 chunk(s)
        LayoutSVGInlineText {#text} at (3398.84,3902) size 78.92x23
          chunk 1 text run 1 at (3400.00,3920.00) startOffset 0 endOffset 11 width 77.76: "just a text"
      LayoutSVGText {text} at (3498.84,3902) size 78.92x23 contains 1 chunk(s)
        LayoutSVGInlineText {#text} at (3498.84,3902) size 78.92x23
          chunk 1 text run 1 at (3500.00,3920.00) startOffset 0 endOffset 11 width 77.76: "just a text"
      LayoutSVGText {text} at (3598.84,3902) size 78.92x23 contains 1 chunk(s)
        LayoutSVGInlineText {#text} at (3598.84,3902) size 78.92x23
          chunk 1 text run 1 at (3600.00,3920.00) startOffset 0 endOffset 11 width 77.76: "just a text"
      LayoutSVGText {text} at (3698.84,3902) size 78.92x23 contains 1 chunk(s)
        LayoutSVGInlineText {#text} at (3698.84,3902) size 78.92x23
          chunk 1 text run 1 at (3700.00,3920.00) startOffset 0 endOffset 11 width 77.76: "just a text"
      LayoutSVGText {text} at (3798.84,3902) size 78.92x23 contains 1 chunk(s)
        LayoutSVGInlineText {#text} at (3798.84,3902) size 78.92x23
          chunk 1 text run 1 at (3800.00,3920.00) startOffset 0 endOffset 11 width 77.76: "just a text"
      LayoutSVGText {text} at (3898.84,3902) size 78.92x23 contains 1 chunk(s)
        LayoutSVGInlineText {#text} at (3898.84,3902) size 78.92x23
          chunk 1 text run 1 at (3900.00,3920.00) startOffset 0 endOffset 11 width 77.76: "just a text"
      LayoutSVGText {text} at (3998.84,3902) size 78.92x23 contains 1 chunk(s)
        LayoutSVGInlineText {#text} at (3998.84,3902) size 78.92x23
          chunk 1 text run 1 at (4000.00,3920.00) startOffset 0 endOffset 11 width 77.76: "just a text"
      LayoutSVGText {text} at (4098.84,3902) size 78.92x23 contains 1 chunk(s)
        LayoutSVGInlineText {#text} at (4098.84,3902) size 78.92x23
          chunk 1 text run 1 at (4100.00,3920.00) startOffset 0 endOffset 11 width 77.76: "just a text"
      LayoutSVGText {text} at (4198.84,3902) size 78.92x23 contains 1 chunk(s)
        LayoutSVGInlineText {#text} at (4198.84,3902) size 78.92x23
          chunk 1 text run 1 at (4200.00,3920.00) startOffset 0 endOffset 11 width 77.76: "just a text"
      LayoutSVGText {text} at (4298.84,3902) size 78.92x23 contains 1 chunk(s)
        LayoutSVGInlineText {#text} at (4298.84,3902) size 78.92x23
          chunk 1 text run 1 at (4300.00,3920.00) startOffset 0 endOffset 11 width 77.76: "just a text"
      LayoutSVGText {text} at (4398.84,3902) size 78.92x23 contains 1 chunk(s)
        LayoutSVGInlineText {#text} at (4398.84,3902) size 78.92x23
          chunk 1 text run 1 at (4400.00,3920.00) startOffset 0 endOffset 11 width 77.76: "just a text"
      LayoutSVGText {text} at (4498.84,3902) size 78.92x23 contains 1 chunk(s)
        LayoutSVGInlineText {#text} at (4498.84,3902) size 78.92x23
          chunk 1 text run 1 at (4500.00,3920.00) startOffset 0 endOffset 11 width 77.76: "just a text"
      LayoutSVGText {text} at (4598.84,3902) size 78.92x23 contains 1 chunk(s)
        LayoutSVGInlineText {#text} at (4598.84,3902) size 78.92x23
          chunk 1 text run 1 at (4600.00,3920.00) startOffset 0 endOffset 11 width 77.76: "just a text"
      LayoutSVGText {text} at (4698.84,3902) size 78.92x23 contains 1 chunk(s)
        LayoutSVGInlineText {#text} at (4698.84,3902) size 78.92x23
          chunk 1 text run 1 at (4700.00,3920.00) startOffset 0 endOffset 11 width 77.76: "just a text"
      LayoutSVGText {text} at (4798.84,3902) size 78.92x23 contains 1 chunk(s)
        LayoutSVGInlineText {#text} at (4798.84,3902) size 78.92x23
          chunk 1 text run 1 at (4800.00,3920.00) startOffset 0 endOffset 11 width 77.76: "just a text"
      LayoutSVGText {text} at (4898.84,3902) size 78.92x23 contains 1 chunk(s)
        LayoutSVGInlineText {#text} at (4898.84,3902) size 78.92x23
          chunk 1 text run 1 at (4900.00,3920.00) startOffset 0 endOffset 11 width 77.76: "just a text"
      LayoutSVGText {text} at (-1.14,4002) size 78.92x23 contains 1 chunk(s)
        LayoutSVGInlineText {#text} at (-1.14,4002) size 78.92x23
          chunk 1 text run 1 at (0.00,4020.00) startOffset 0 endOffset 11 width 77.76: "just a text"
      LayoutSVGText {text} at (98.84,4002) size 78.92x23 contains 1 chunk(s)
        LayoutSVGInlineText {#text} at (98.84,4002) size 78.92x23
          chunk 1 text run 1 at (100.00,4020.00) startOffset 0 endOffset 11 width 77.76: "just a text"
      LayoutSVGText {text} at (198.84,4002) size 78.92x23 contains 1 chunk(s)
        LayoutSVGInlineText {#text} at (198.84,4002) size 78.92x23
          chunk 1 text run 1 at (200.00,4020.00) startOffset 0 endOffset 11 width 77.76: "just a text"
      LayoutSVGText {text} at (298.84,4002) size 78.92x23 contains 1 chunk(s)
        LayoutSVGInlineText {#text} at (298.84,4002) size 78.92x23
          chunk 1 text run 1 at (300.00,4020.00) startOffset 0 endOffset 11 width 77.76: "just a text"
      LayoutSVGText {text} at (398.84,4002) size 78.92x23 contains 1 chunk(s)
        LayoutSVGInlineText {#text} at (398.84,4002) size 78.92x23
          chunk 1 text run 1 at (400.00,4020.00) startOffset 0 endOffset 11 width 77.76: "just a text"
      LayoutSVGText {text} at (498.84,4002) size 78.92x23 contains 1 chunk(s)
        LayoutSVGInlineText {#text} at (498.84,4002) size 78.92x23
          chunk 1 text run 1 at (500.00,4020.00) startOffset 0 endOffset 11 width 77.76: "just a text"
      LayoutSVGText {text} at (598.84,4002) size 78.92x23 contains 1 chunk(s)
        LayoutSVGInlineText {#text} at (598.84,4002) size 78.92x23
          chunk 1 text run 1 at (600.00,4020.00) startOffset 0 endOffset 11 width 77.76: "just a text"
      LayoutSVGText {text} at (698.84,4002) size 78.92x23 contains 1 chunk(s)
        LayoutSVGInlineText {#text} at (698.84,4002) size 78.92x23
          chunk 1 text run 1 at (700.00,4020.00) startOffset 0 endOffset 11 width 77.76: "just a text"
      LayoutSVGText {text} at (798.84,4002) size 78.92x23 contains 1 chunk(s)
        LayoutSVGInlineText {#text} at (798.84,4002) size 78.92x23
          chunk 1 text run 1 at (800.00,4020.00) startOffset 0 endOffset 11 width 77.76: "just a text"
      LayoutSVGText {text} at (898.84,4002) size 78.92x23 contains 1 chunk(s)
        LayoutSVGInlineText {#text} at (898.84,4002) size 78.92x23
          chunk 1 text run 1 at (900.00,4020.00) startOffset 0 endOffset 11 width 77.76: "just a text"
      LayoutSVGText {text} at (998.84,4002) size 78.92x23 contains 1 chunk(s)
        LayoutSVGInlineText {#text} at (998.84,4002) size 78.92x23
          chunk 1 text run 1 at (1000.00,4020.00) startOffset 0 endOffset 11 width 77.76: "just a text"
      LayoutSVGText {text} at (1098.84,4002) size 78.92x23 contains 1 chunk(s)
        LayoutSVGInlineText {#text} at (1098.84,4002) size 78.92x23
          chunk 1 text run 1 at (1100.00,4020.00) startOffset 0 endOffset 11 width 77.76: "just a text"
      LayoutSVGText {text} at (1198.84,4002) size 78.92x23 contains 1 chunk(s)
        LayoutSVGInlineText {#text} at (1198.84,4002) size 78.92x23
          chunk 1 text run 1 at (1200.00,4020.00) startOffset 0 endOffset 11 width 77.76: "just a text"
      LayoutSVGText {text} at (1298.84,4002) size 78.92x23 contains 1 chunk(s)
        LayoutSVGInlineText {#text} at (1298.84,4002) size 78.92x23
          chunk 1 text run 1 at (1300.00,4020.00) startOffset 0 endOffset 11 width 77.76: "just a text"
      LayoutSVGText {text} at (1398.84,4002) size 78.92x23 contains 1 chunk(s)
        LayoutSVGInlineText {#text} at (1398.84,4002) size 78.92x23
          chunk 1 text run 1 at (1400.00,4020.00) startOffset 0 endOffset 11 width 77.76: "just a text"
      LayoutSVGText {text} at (1498.84,4002) size 78.92x23 contains 1 chunk(s)
        LayoutSVGInlineText {#text} at (1498.84,4002) size 78.92x23
          chunk 1 text run 1 at (1500.00,4020.00) startOffset 0 endOffset 11 width 77.76: "just a text"
      LayoutSVGText {text} at (1598.84,4002) size 78.92x23 contains 1 chunk(s)
        LayoutSVGInlineText {#text} at (1598.84,4002) size 78.92x23
          chunk 1 text run 1 at (1600.00,4020.00) startOffset 0 endOffset 11 width 77.76: "just a text"
      LayoutSVGText {text} at (1698.84,4002) size 78.92x23 contains 1 chunk(s)
        LayoutSVGInlineText {#text} at (1698.84,4002) size 78.92x23
          chunk 1 text run 1 at (1700.00,4020.00) startOffset 0 endOffset 11 width 77.76: "just a text"
      LayoutSVGText {text} at (1798.84,4002) size 78.92x23 contains 1 chunk(s)
        LayoutSVGInlineText {#text} at (1798.84,4002) size 78.92x23
          chunk 1 text run 1 at (1800.00,4020.00) startOffset 0 endOffset 11 width 77.76: "just a text"
      LayoutSVGText {text} at (1898.84,4002) size 78.92x23 contains 1 chunk(s)
        LayoutSVGInlineText {#text} at (1898.84,4002) size 78.92x23
          chunk 1 text run 1 at (1900.00,4020.00) startOffset 0 endOffset 11 width 77.76: "just a text"
      LayoutSVGText {text} at (1998.84,4002) size 78.92x23 contains 1 chunk(s)
        LayoutSVGInlineText {#text} at (1998.84,4002) size 78.92x23
          chunk 1 text run 1 at (2000.00,4020.00) startOffset 0 endOffset 11 width 77.76: "just a text"
      LayoutSVGText {text} at (2098.84,4002) size 78.92x23 contains 1 chunk(s)
        LayoutSVGInlineText {#text} at (2098.84,4002) size 78.92x23
          chunk 1 text run 1 at (2100.00,4020.00) startOffset 0 endOffset 11 width 77.76: "just a text"
      LayoutSVGText {text} at (2198.84,4002) size 78.92x23 contains 1 chunk(s)
        LayoutSVGInlineText {#text} at (2198.84,4002) size 78.92x23
          chunk 1 text run 1 at (2200.00,4020.00) startOffset 0 endOffset 11 width 77.76: "just a text"
      LayoutSVGText {text} at (2298.84,4002) size 78.92x23 contains 1 chunk(s)
        LayoutSVGInlineText {#text} at (2298.84,4002) size 78.92x23
          chunk 1 text run 1 at (2300.00,4020.00) startOffset 0 endOffset 11 width 77.76: "just a text"
      LayoutSVGText {text} at (2398.84,4002) size 78.92x23 contains 1 chunk(s)
        LayoutSVGInlineText {#text} at (2398.84,4002) size 78.92x23
          chunk 1 text run 1 at (2400.00,4020.00) startOffset 0 endOffset 11 width 77.76: "just a text"
      LayoutSVGText {text} at (2498.84,4002) size 78.92x23 contains 1 chunk(s)
        LayoutSVGInlineText {#text} at (2498.84,4002) size 78.92x23
          chunk 1 text run 1 at (2500.00,4020.00) startOffset 0 endOffset 11 width 77.76: "just a text"
      LayoutSVGText {text} at (2598.84,4002) size 78.92x23 contains 1 chunk(s)
        LayoutSVGInlineText {#text} at (2598.84,4002) size 78.92x23
          chunk 1 text run 1 at (2600.00,4020.00) startOffset 0 endOffset 11 width 77.76: "just a text"
      LayoutSVGText {text} at (2698.84,4002) size 78.92x23 contains 1 chunk(s)
        LayoutSVGInlineText {#text} at (2698.84,4002) size 78.92x23
          chunk 1 text run 1 at (2700.00,4020.00) startOffset 0 endOffset 11 width 77.76: "just a text"
      LayoutSVGText {text} at (2798.84,4002) size 78.92x23 contains 1 chunk(s)
        LayoutSVGInlineText {#text} at (2798.84,4002) size 78.92x23
          chunk 1 text run 1 at (2800.00,4020.00) startOffset 0 endOffset 11 width 77.76: "just a text"
      LayoutSVGText {text} at (2898.84,4002) size 78.92x23 contains 1 chunk(s)
        LayoutSVGInlineText {#text} at (2898.84,4002) size 78.92x23
          chunk 1 text run 1 at (2900.00,4020.00) startOffset 0 endOffset 11 width 77.76: "just a text"
      LayoutSVGText {text} at (2998.84,4002) size 78.92x23 contains 1 chunk(s)
        LayoutSVGInlineText {#text} at (2998.84,4002) size 78.92x23
          chunk 1 text run 1 at (3000.00,4020.00) startOffset 0 endOffset 11 width 77.76: "just a text"
      LayoutSVGText {text} at (3098.84,4002) size 78.92x23 contains 1 chunk(s)
        LayoutSVGInlineText {#text} at (3098.84,4002) size 78.92x23
          chunk 1 text run 1 at (3100.00,4020.00) startOffset 0 endOffset 11 width 77.76: "just a text"
      LayoutSVGText {text} at (3198.84,4002) size 78.92x23 contains 1 chunk(s)
        LayoutSVGInlineText {#text} at (3198.84,4002) size 78.92x23
          chunk 1 text run 1 at (3200.00,4020.00) startOffset 0 endOffset 11 width 77.76: "just a text"
      LayoutSVGText {text} at (3298.84,4002) size 78.92x23 contains 1 chunk(s)
        LayoutSVGInlineText {#text} at (3298.84,4002) size 78.92x23
          chunk 1 text run 1 at (3300.00,4020.00) startOffset 0 endOffset 11 width 77.76: "just a text"
      LayoutSVGText {text} at (3398.84,4002) size 78.92x23 contains 1 chunk(s)
        LayoutSVGInlineText {#text} at (3398.84,4002) size 78.92x23
          chunk 1 text run 1 at (3400.00,4020.00) startOffset 0 endOffset 11 width 77.76: "just a text"
      LayoutSVGText {text} at (3498.84,4002) size 78.92x23 contains 1 chunk(s)
        LayoutSVGInlineText {#text} at (3498.84,4002) size 78.92x23
          chunk 1 text run 1 at (3500.00,4020.00) startOffset 0 endOffset 11 width 77.76: "just a text"
      LayoutSVGText {text} at (3598.84,4002) size 78.92x23 contains 1 chunk(s)
        LayoutSVGInlineText {#text} at (3598.84,4002) size 78.92x23
          chunk 1 text run 1 at (3600.00,4020.00) startOffset 0 endOffset 11 width 77.76: "just a text"
      LayoutSVGText {text} at (3698.84,4002) size 78.92x23 contains 1 chunk(s)
        LayoutSVGInlineText {#text} at (3698.84,4002) size 78.92x23
          chunk 1 text run 1 at (3700.00,4020.00) startOffset 0 endOffset 11 width 77.76: "just a text"
      LayoutSVGText {text} at (3798.84,4002) size 78.92x23 contains 1 chunk(s)
        LayoutSVGInlineText {#text} at (3798.84,4002) size 78.92x23
          chunk 1 text run 1 at (3800.00,4020.00) startOffset 0 endOffset 11 width 77.76: "just a text"
      LayoutSVGText {text} at (3898.84,4002) size 78.92x23 contains 1 chunk(s)
        LayoutSVGInlineText {#text} at (3898.84,4002) size 78.92x23
          chunk 1 text run 1 at (3900.00,4020.00) startOffset 0 endOffset 11 width 77.76: "just a text"
      LayoutSVGText {text} at (3998.84,4002) size 78.92x23 contains 1 chunk(s)
        LayoutSVGInlineText {#text} at (3998.84,4002) size 78.92x23
          chunk 1 text run 1 at (4000.00,4020.00) startOffset 0 endOffset 11 width 77.76: "just a text"
      LayoutSVGText {text} at (4098.84,4002) size 78.92x23 contains 1 chunk(s)
        LayoutSVGInlineText {#text} at (4098.84,4002) size 78.92x23
          chunk 1 text run 1 at (4100.00,4020.00) startOffset 0 endOffset 11 width 77.76: "just a text"
      LayoutSVGText {text} at (4198.84,4002) size 78.92x23 contains 1 chunk(s)
        LayoutSVGInlineText {#text} at (4198.84,4002) size 78.92x23
          chunk 1 text run 1 at (4200.00,4020.00) startOffset 0 endOffset 11 width 77.76: "just a text"
      LayoutSVGText {text} at (4298.84,4002) size 78.92x23 contains 1 chunk(s)
        LayoutSVGInlineText {#text} at (4298.84,4002) size 78.92x23
          chunk 1 text run 1 at (4300.00,4020.00) startOffset 0 endOffset 11 width 77.76: "just a text"
      LayoutSVGText {text} at (4398.84,4002) size 78.92x23 contains 1 chunk(s)
        LayoutSVGInlineText {#text} at (4398.84,4002) size 78.92x23
          chunk 1 text run 1 at (4400.00,4020.00) startOffset 0 endOffset 11 width 77.76: "just a text"
      LayoutSVGText {text} at (4498.84,4002) size 78.92x23 contains 1 chunk(s)
        LayoutSVGInlineText {#text} at (4498.84,4002) size 78.92x23
          chunk 1 text run 1 at (4500.00,4020.00) startOffset 0 endOffset 11 width 77.76: "just a text"
      LayoutSVGText {text} at (4598.84,4002) size 78.92x23 contains 1 chunk(s)
        LayoutSVGInlineText {#text} at (4598.84,4002) size 78.92x23
          chunk 1 text run 1 at (4600.00,4020.00) startOffset 0 endOffset 11 width 77.76: "just a text"
      LayoutSVGText {text} at (4698.84,4002) size 78.92x23 contains 1 chunk(s)
        LayoutSVGInlineText {#text} at (4698.84,4002) size 78.92x23
          chunk 1 text run 1 at (4700.00,4020.00) startOffset 0 endOffset 11 width 77.76: "just a text"
      LayoutSVGText {text} at (4798.84,4002) size 78.92x23 contains 1 chunk(s)
        LayoutSVGInlineText {#text} at (4798.84,4002) size 78.92x23
          chunk 1 text run 1 at (4800.00,4020.00) startOffset 0 endOffset 11 width 77.76: "just a text"
      LayoutSVGText {text} at (4898.84,4002) size 78.92x23 contains 1 chunk(s)
        LayoutSVGInlineText {#text} at (4898.84,4002) size 78.92x23
          chunk 1 text run 1 at (4900.00,4020.00) startOffset 0 endOffset 11 width 77.76: "just a text"
      LayoutSVGText {text} at (-1.14,4102) size 78.92x23 contains 1 chunk(s)
        LayoutSVGInlineText {#text} at (-1.14,4102) size 78.92x23
          chunk 1 text run 1 at (0.00,4120.00) startOffset 0 endOffset 11 width 77.76: "just a text"
      LayoutSVGText {text} at (98.84,4102) size 78.92x23 contains 1 chunk(s)
        LayoutSVGInlineText {#text} at (98.84,4102) size 78.92x23
          chunk 1 text run 1 at (100.00,4120.00) startOffset 0 endOffset 11 width 77.76: "just a text"
      LayoutSVGText {text} at (198.84,4102) size 78.92x23 contains 1 chunk(s)
        LayoutSVGInlineText {#text} at (198.84,4102) size 78.92x23
          chunk 1 text run 1 at (200.00,4120.00) startOffset 0 endOffset 11 width 77.76: "just a text"
      LayoutSVGText {text} at (298.84,4102) size 78.92x23 contains 1 chunk(s)
        LayoutSVGInlineText {#text} at (298.84,4102) size 78.92x23
          chunk 1 text run 1 at (300.00,4120.00) startOffset 0 endOffset 11 width 77.76: "just a text"
      LayoutSVGText {text} at (398.84,4102) size 78.92x23 contains 1 chunk(s)
        LayoutSVGInlineText {#text} at (398.84,4102) size 78.92x23
          chunk 1 text run 1 at (400.00,4120.00) startOffset 0 endOffset 11 width 77.76: "just a text"
      LayoutSVGText {text} at (498.84,4102) size 78.92x23 contains 1 chunk(s)
        LayoutSVGInlineText {#text} at (498.84,4102) size 78.92x23
          chunk 1 text run 1 at (500.00,4120.00) startOffset 0 endOffset 11 width 77.76: "just a text"
      LayoutSVGText {text} at (598.84,4102) size 78.92x23 contains 1 chunk(s)
        LayoutSVGInlineText {#text} at (598.84,4102) size 78.92x23
          chunk 1 text run 1 at (600.00,4120.00) startOffset 0 endOffset 11 width 77.76: "just a text"
      LayoutSVGText {text} at (698.84,4102) size 78.92x23 contains 1 chunk(s)
        LayoutSVGInlineText {#text} at (698.84,4102) size 78.92x23
          chunk 1 text run 1 at (700.00,4120.00) startOffset 0 endOffset 11 width 77.76: "just a text"
      LayoutSVGText {text} at (798.84,4102) size 78.92x23 contains 1 chunk(s)
        LayoutSVGInlineText {#text} at (798.84,4102) size 78.92x23
          chunk 1 text run 1 at (800.00,4120.00) startOffset 0 endOffset 11 width 77.76: "just a text"
      LayoutSVGText {text} at (898.84,4102) size 78.92x23 contains 1 chunk(s)
        LayoutSVGInlineText {#text} at (898.84,4102) size 78.92x23
          chunk 1 text run 1 at (900.00,4120.00) startOffset 0 endOffset 11 width 77.76: "just a text"
      LayoutSVGText {text} at (998.84,4102) size 78.92x23 contains 1 chunk(s)
        LayoutSVGInlineText {#text} at (998.84,4102) size 78.92x23
          chunk 1 text run 1 at (1000.00,4120.00) startOffset 0 endOffset 11 width 77.76: "just a text"
      LayoutSVGText {text} at (1098.84,4102) size 78.92x23 contains 1 chunk(s)
        LayoutSVGInlineText {#text} at (1098.84,4102) size 78.92x23
          chunk 1 text run 1 at (1100.00,4120.00) startOffset 0 endOffset 11 width 77.76: "just a text"
      LayoutSVGText {text} at (1198.84,4102) size 78.92x23 contains 1 chunk(s)
        LayoutSVGInlineText {#text} at (1198.84,4102) size 78.92x23
          chunk 1 text run 1 at (1200.00,4120.00) startOffset 0 endOffset 11 width 77.76: "just a text"
      LayoutSVGText {text} at (1298.84,4102) size 78.92x23 contains 1 chunk(s)
        LayoutSVGInlineText {#text} at (1298.84,4102) size 78.92x23
          chunk 1 text run 1 at (1300.00,4120.00) startOffset 0 endOffset 11 width 77.76: "just a text"
      LayoutSVGText {text} at (1398.84,4102) size 78.92x23 contains 1 chunk(s)
        LayoutSVGInlineText {#text} at (1398.84,4102) size 78.92x23
          chunk 1 text run 1 at (1400.00,4120.00) startOffset 0 endOffset 11 width 77.76: "just a text"
      LayoutSVGText {text} at (1498.84,4102) size 78.92x23 contains 1 chunk(s)
        LayoutSVGInlineText {#text} at (1498.84,4102) size 78.92x23
          chunk 1 text run 1 at (1500.00,4120.00) startOffset 0 endOffset 11 width 77.76: "just a text"
      LayoutSVGText {text} at (1598.84,4102) size 78.92x23 contains 1 chunk(s)
        LayoutSVGInlineText {#text} at (1598.84,4102) size 78.92x23
          chunk 1 text run 1 at (1600.00,4120.00) startOffset 0 endOffset 11 width 77.76: "just a text"
      LayoutSVGText {text} at (1698.84,4102) size 78.92x23 contains 1 chunk(s)
        LayoutSVGInlineText {#text} at (1698.84,4102) size 78.92x23
          chunk 1 text run 1 at (1700.00,4120.00) startOffset 0 endOffset 11 width 77.76: "just a text"
      LayoutSVGText {text} at (1798.84,4102) size 78.92x23 contains 1 chunk(s)
        LayoutSVGInlineText {#text} at (1798.84,4102) size 78.92x23
          chunk 1 text run 1 at (1800.00,4120.00) startOffset 0 endOffset 11 width 77.76: "just a text"
      LayoutSVGText {text} at (1898.84,4102) size 78.92x23 contains 1 chunk(s)
        LayoutSVGInlineText {#text} at (1898.84,4102) size 78.92x23
          chunk 1 text run 1 at (1900.00,4120.00) startOffset 0 endOffset 11 width 77.76: "just a text"
      LayoutSVGText {text} at (1998.84,4102) size 78.92x23 contains 1 chunk(s)
        LayoutSVGInlineText {#text} at (1998.84,4102) size 78.92x23
          chunk 1 text run 1 at (2000.00,4120.00) startOffset 0 endOffset 11 width 77.76: "just a text"
      LayoutSVGText {text} at (2098.84,4102) size 78.92x23 contains 1 chunk(s)
        LayoutSVGInlineText {#text} at (2098.84,4102) size 78.92x23
          chunk 1 text run 1 at (2100.00,4120.00) startOffset 0 endOffset 11 width 77.76: "just a text"
      LayoutSVGText {text} at (2198.84,4102) size 78.92x23 contains 1 chunk(s)
        LayoutSVGInlineText {#text} at (2198.84,4102) size 78.92x23
          chunk 1 text run 1 at (2200.00,4120.00) startOffset 0 endOffset 11 width 77.76: "just a text"
      LayoutSVGText {text} at (2298.84,4102) size 78.92x23 contains 1 chunk(s)
        LayoutSVGInlineText {#text} at (2298.84,4102) size 78.92x23
          chunk 1 text run 1 at (2300.00,4120.00) startOffset 0 endOffset 11 width 77.76: "just a text"
      LayoutSVGText {text} at (2398.84,4102) size 78.92x23 contains 1 chunk(s)
        LayoutSVGInlineText {#text} at (2398.84,4102) size 78.92x23
          chunk 1 text run 1 at (2400.00,4120.00) startOffset 0 endOffset 11 width 77.76: "just a text"
      LayoutSVGText {text} at (2498.84,4102) size 78.92x23 contains 1 chunk(s)
        LayoutSVGInlineText {#text} at (2498.84,4102) size 78.92x23
          chunk 1 text run 1 at (2500.00,4120.00) startOffset 0 endOffset 11 width 77.76: "just a text"
      LayoutSVGText {text} at (2598.84,4102) size 78.92x23 contains 1 chunk(s)
        LayoutSVGInlineText {#text} at (2598.84,4102) size 78.92x23
          chunk 1 text run 1 at (2600.00,4120.00) startOffset 0 endOffset 11 width 77.76: "just a text"
      LayoutSVGText {text} at (2698.84,4102) size 78.92x23 contains 1 chunk(s)
        LayoutSVGInlineText {#text} at (2698.84,4102) size 78.92x23
          chunk 1 text run 1 at (2700.00,4120.00) startOffset 0 endOffset 11 width 77.76: "just a text"
      LayoutSVGText {text} at (2798.84,4102) size 78.92x23 contains 1 chunk(s)
        LayoutSVGInlineText {#text} at (2798.84,4102) size 78.92x23
          chunk 1 text run 1 at (2800.00,4120.00) startOffset 0 endOffset 11 width 77.76: "just a text"
      LayoutSVGText {text} at (2898.84,4102) size 78.92x23 contains 1 chunk(s)
        LayoutSVGInlineText {#text} at (2898.84,4102) size 78.92x23
          chunk 1 text run 1 at (2900.00,4120.00) startOffset 0 endOffset 11 width 77.76: "just a text"
      LayoutSVGText {text} at (2998.84,4102) size 78.92x23 contains 1 chunk(s)
        LayoutSVGInlineText {#text} at (2998.84,4102) size 78.92x23
          chunk 1 text run 1 at (3000.00,4120.00) startOffset 0 endOffset 11 width 77.76: "just a text"
      LayoutSVGText {text} at (3098.84,4102) size 78.92x23 contains 1 chunk(s)
        LayoutSVGInlineText {#text} at (3098.84,4102) size 78.92x23
          chunk 1 text run 1 at (3100.00,4120.00) startOffset 0 endOffset 11 width 77.76: "just a text"
      LayoutSVGText {text} at (3198.84,4102) size 78.92x23 contains 1 chunk(s)
        LayoutSVGInlineText {#text} at (3198.84,4102) size 78.92x23
          chunk 1 text run 1 at (3200.00,4120.00) startOffset 0 endOffset 11 width 77.76: "just a text"
      LayoutSVGText {text} at (3298.84,4102) size 78.92x23 contains 1 chunk(s)
        LayoutSVGInlineText {#text} at (3298.84,4102) size 78.92x23
          chunk 1 text run 1 at (3300.00,4120.00) startOffset 0 endOffset 11 width 77.76: "just a text"
      LayoutSVGText {text} at (3398.84,4102) size 78.92x23 contains 1 chunk(s)
        LayoutSVGInlineText {#text} at (3398.84,4102) size 78.92x23
          chunk 1 text run 1 at (3400.00,4120.00) startOffset 0 endOffset 11 width 77.76: "just a text"
      LayoutSVGText {text} at (3498.84,4102) size 78.92x23 contains 1 chunk(s)
        LayoutSVGInlineText {#text} at (3498.84,4102) size 78.92x23
          chunk 1 text run 1 at (3500.00,4120.00) startOffset 0 endOffset 11 width 77.76: "just a text"
      LayoutSVGText {text} at (3598.84,4102) size 78.92x23 contains 1 chunk(s)
        LayoutSVGInlineText {#text} at (3598.84,4102) size 78.92x23
          chunk 1 text run 1 at (3600.00,4120.00) startOffset 0 endOffset 11 width 77.76: "just a text"
      LayoutSVGText {text} at (3698.84,4102) size 78.92x23 contains 1 chunk(s)
        LayoutSVGInlineText {#text} at (3698.84,4102) size 78.92x23
          chunk 1 text run 1 at (3700.00,4120.00) startOffset 0 endOffset 11 width 77.76: "just a text"
      LayoutSVGText {text} at (3798.84,4102) size 78.92x23 contains 1 chunk(s)
        LayoutSVGInlineText {#text} at (3798.84,4102) size 78.92x23
          chunk 1 text run 1 at (3800.00,4120.00) startOffset 0 endOffset 11 width 77.76: "just a text"
      LayoutSVGText {text} at (3898.84,4102) size 78.92x23 contains 1 chunk(s)
        LayoutSVGInlineText {#text} at (3898.84,4102) size 78.92x23
          chunk 1 text run 1 at (3900.00,4120.00) startOffset 0 endOffset 11 width 77.76: "just a text"
      LayoutSVGText {text} at (3998.84,4102) size 78.92x23 contains 1 chunk(s)
        LayoutSVGInlineText {#text} at (3998.84,4102) size 78.92x23
          chunk 1 text run 1 at (4000.00,4120.00) startOffset 0 endOffset 11 width 77.76: "just a text"
      LayoutSVGText {text} at (4098.84,4102) size 78.92x23 contains 1 chunk(s)
        LayoutSVGInlineText {#text} at (4098.84,4102) size 78.92x23
          chunk 1 text run 1 at (4100.00,4120.00) startOffset 0 endOffset 11 width 77.76: "just a text"
      LayoutSVGText {text} at (4198.84,4102) size 78.92x23 contains 1 chunk(s)
        LayoutSVGInlineText {#text} at (4198.84,4102) size 78.92x23
          chunk 1 text run 1 at (4200.00,4120.00) startOffset 0 endOffset 11 width 77.76: "just a text"
      LayoutSVGText {text} at (4298.84,4102) size 78.92x23 contains 1 chunk(s)
        LayoutSVGInlineText {#text} at (4298.84,4102) size 78.92x23
          chunk 1 text run 1 at (4300.00,4120.00) startOffset 0 endOffset 11 width 77.76: "just a text"
      LayoutSVGText {text} at (4398.84,4102) size 78.92x23 contains 1 chunk(s)
        LayoutSVGInlineText {#text} at (4398.84,4102) size 78.92x23
          chunk 1 text run 1 at (4400.00,4120.00) startOffset 0 endOffset 11 width 77.76: "just a text"
      LayoutSVGText {text} at (4498.84,4102) size 78.92x23 contains 1 chunk(s)
        LayoutSVGInlineText {#text} at (4498.84,4102) size 78.92x23
          chunk 1 text run 1 at (4500.00,4120.00) startOffset 0 endOffset 11 width 77.76: "just a text"
      LayoutSVGText {text} at (4598.84,4102) size 78.92x23 contains 1 chunk(s)
        LayoutSVGInlineText {#text} at (4598.84,4102) size 78.92x23
          chunk 1 text run 1 at (4600.00,4120.00) startOffset 0 endOffset 11 width 77.76: "just a text"
      LayoutSVGText {text} at (4698.84,4102) size 78.92x23 contains 1 chunk(s)
        LayoutSVGInlineText {#text} at (4698.84,4102) size 78.92x23
          chunk 1 text run 1 at (4700.00,4120.00) startOffset 0 endOffset 11 width 77.76: "just a text"
      LayoutSVGText {text} at (4798.84,4102) size 78.92x23 contains 1 chunk(s)
        LayoutSVGInlineText {#text} at (4798.84,4102) size 78.92x23
          chunk 1 text run 1 at (4800.00,4120.00) startOffset 0 endOffset 11 width 77.76: "just a text"
      LayoutSVGText {text} at (4898.84,4102) size 78.92x23 contains 1 chunk(s)
        LayoutSVGInlineText {#text} at (4898.84,4102) size 78.92x23
          chunk 1 text run 1 at (4900.00,4120.00) startOffset 0 endOffset 11 width 77.76: "just a text"
      LayoutSVGText {text} at (-1.14,4202) size 78.92x23 contains 1 chunk(s)
        LayoutSVGInlineText {#text} at (-1.14,4202) size 78.92x23
          chunk 1 text run 1 at (0.00,4220.00) startOffset 0 endOffset 11 width 77.76: "just a text"
      LayoutSVGText {text} at (98.84,4202) size 78.92x23 contains 1 chunk(s)
        LayoutSVGInlineText {#text} at (98.84,4202) size 78.92x23
          chunk 1 text run 1 at (100.00,4220.00) startOffset 0 endOffset 11 width 77.76: "just a text"
      LayoutSVGText {text} at (198.84,4202) size 78.92x23 contains 1 chunk(s)
        LayoutSVGInlineText {#text} at (198.84,4202) size 78.92x23
          chunk 1 text run 1 at (200.00,4220.00) startOffset 0 endOffset 11 width 77.76: "just a text"
      LayoutSVGText {text} at (298.84,4202) size 78.92x23 contains 1 chunk(s)
        LayoutSVGInlineText {#text} at (298.84,4202) size 78.92x23
          chunk 1 text run 1 at (300.00,4220.00) startOffset 0 endOffset 11 width 77.76: "just a text"
      LayoutSVGText {text} at (398.84,4202) size 78.92x23 contains 1 chunk(s)
        LayoutSVGInlineText {#text} at (398.84,4202) size 78.92x23
          chunk 1 text run 1 at (400.00,4220.00) startOffset 0 endOffset 11 width 77.76: "just a text"
      LayoutSVGText {text} at (498.84,4202) size 78.92x23 contains 1 chunk(s)
        LayoutSVGInlineText {#text} at (498.84,4202) size 78.92x23
          chunk 1 text run 1 at (500.00,4220.00) startOffset 0 endOffset 11 width 77.76: "just a text"
      LayoutSVGText {text} at (598.84,4202) size 78.92x23 contains 1 chunk(s)
        LayoutSVGInlineText {#text} at (598.84,4202) size 78.92x23
          chunk 1 text run 1 at (600.00,4220.00) startOffset 0 endOffset 11 width 77.76: "just a text"
      LayoutSVGText {text} at (698.84,4202) size 78.92x23 contains 1 chunk(s)
        LayoutSVGInlineText {#text} at (698.84,4202) size 78.92x23
          chunk 1 text run 1 at (700.00,4220.00) startOffset 0 endOffset 11 width 77.76: "just a text"
      LayoutSVGText {text} at (798.84,4202) size 78.92x23 contains 1 chunk(s)
        LayoutSVGInlineText {#text} at (798.84,4202) size 78.92x23
          chunk 1 text run 1 at (800.00,4220.00) startOffset 0 endOffset 11 width 77.76: "just a text"
      LayoutSVGText {text} at (898.84,4202) size 78.92x23 contains 1 chunk(s)
        LayoutSVGInlineText {#text} at (898.84,4202) size 78.92x23
          chunk 1 text run 1 at (900.00,4220.00) startOffset 0 endOffset 11 width 77.76: "just a text"
      LayoutSVGText {text} at (998.84,4202) size 78.92x23 contains 1 chunk(s)
        LayoutSVGInlineText {#text} at (998.84,4202) size 78.92x23
          chunk 1 text run 1 at (1000.00,4220.00) startOffset 0 endOffset 11 width 77.76: "just a text"
      LayoutSVGText {text} at (1098.84,4202) size 78.92x23 contains 1 chunk(s)
        LayoutSVGInlineText {#text} at (1098.84,4202) size 78.92x23
          chunk 1 text run 1 at (1100.00,4220.00) startOffset 0 endOffset 11 width 77.76: "just a text"
      LayoutSVGText {text} at (1198.84,4202) size 78.92x23 contains 1 chunk(s)
        LayoutSVGInlineText {#text} at (1198.84,4202) size 78.92x23
          chunk 1 text run 1 at (1200.00,4220.00) startOffset 0 endOffset 11 width 77.76: "just a text"
      LayoutSVGText {text} at (1298.84,4202) size 78.92x23 contains 1 chunk(s)
        LayoutSVGInlineText {#text} at (1298.84,4202) size 78.92x23
          chunk 1 text run 1 at (1300.00,4220.00) startOffset 0 endOffset 11 width 77.76: "just a text"
      LayoutSVGText {text} at (1398.84,4202) size 78.92x23 contains 1 chunk(s)
        LayoutSVGInlineText {#text} at (1398.84,4202) size 78.92x23
          chunk 1 text run 1 at (1400.00,4220.00) startOffset 0 endOffset 11 width 77.76: "just a text"
      LayoutSVGText {text} at (1498.84,4202) size 78.92x23 contains 1 chunk(s)
        LayoutSVGInlineText {#text} at (1498.84,4202) size 78.92x23
          chunk 1 text run 1 at (1500.00,4220.00) startOffset 0 endOffset 11 width 77.76: "just a text"
      LayoutSVGText {text} at (1598.84,4202) size 78.92x23 contains 1 chunk(s)
        LayoutSVGInlineText {#text} at (1598.84,4202) size 78.92x23
          chunk 1 text run 1 at (1600.00,4220.00) startOffset 0 endOffset 11 width 77.76: "just a text"
      LayoutSVGText {text} at (1698.84,4202) size 78.92x23 contains 1 chunk(s)
        LayoutSVGInlineText {#text} at (1698.84,4202) size 78.92x23
          chunk 1 text run 1 at (1700.00,4220.00) startOffset 0 endOffset 11 width 77.76: "just a text"
      LayoutSVGText {text} at (1798.84,4202) size 78.92x23 contains 1 chunk(s)
        LayoutSVGInlineText {#text} at (1798.84,4202) size 78.92x23
          chunk 1 text run 1 at (1800.00,4220.00) startOffset 0 endOffset 11 width 77.76: "just a text"
      LayoutSVGText {text} at (1898.84,4202) size 78.92x23 contains 1 chunk(s)
        LayoutSVGInlineText {#text} at (1898.84,4202) size 78.92x23
          chunk 1 text run 1 at (1900.00,4220.00) startOffset 0 endOffset 11 width 77.76: "just a text"
      LayoutSVGText {text} at (1998.84,4202) size 78.92x23 contains 1 chunk(s)
        LayoutSVGInlineText {#text} at (1998.84,4202) size 78.92x23
          chunk 1 text run 1 at (2000.00,4220.00) startOffset 0 endOffset 11 width 77.76: "just a text"
      LayoutSVGText {text} at (2098.84,4202) size 78.92x23 contains 1 chunk(s)
        LayoutSVGInlineText {#text} at (2098.84,4202) size 78.92x23
          chunk 1 text run 1 at (2100.00,4220.00) startOffset 0 endOffset 11 width 77.76: "just a text"
      LayoutSVGText {text} at (2198.84,4202) size 78.92x23 contains 1 chunk(s)
        LayoutSVGInlineText {#text} at (2198.84,4202) size 78.92x23
          chunk 1 text run 1 at (2200.00,4220.00) startOffset 0 endOffset 11 width 77.76: "just a text"
      LayoutSVGText {text} at (2298.84,4202) size 78.92x23 contains 1 chunk(s)
        LayoutSVGInlineText {#text} at (2298.84,4202) size 78.92x23
          chunk 1 text run 1 at (2300.00,4220.00) startOffset 0 endOffset 11 width 77.76: "just a text"
      LayoutSVGText {text} at (2398.84,4202) size 78.92x23 contains 1 chunk(s)
        LayoutSVGInlineText {#text} at (2398.84,4202) size 78.92x23
          chunk 1 text run 1 at (2400.00,4220.00) startOffset 0 endOffset 11 width 77.76: "just a text"
      LayoutSVGText {text} at (2498.84,4202) size 78.92x23 contains 1 chunk(s)
        LayoutSVGInlineText {#text} at (2498.84,4202) size 78.92x23
          chunk 1 text run 1 at (2500.00,4220.00) startOffset 0 endOffset 11 width 77.76: "just a text"
      LayoutSVGText {text} at (2598.84,4202) size 78.92x23 contains 1 chunk(s)
        LayoutSVGInlineText {#text} at (2598.84,4202) size 78.92x23
          chunk 1 text run 1 at (2600.00,4220.00) startOffset 0 endOffset 11 width 77.76: "just a text"
      LayoutSVGText {text} at (2698.84,4202) size 78.92x23 contains 1 chunk(s)
        LayoutSVGInlineText {#text} at (2698.84,4202) size 78.92x23
          chunk 1 text run 1 at (2700.00,4220.00) startOffset 0 endOffset 11 width 77.76: "just a text"
      LayoutSVGText {text} at (2798.84,4202) size 78.92x23 contains 1 chunk(s)
        LayoutSVGInlineText {#text} at (2798.84,4202) size 78.92x23
          chunk 1 text run 1 at (2800.00,4220.00) startOffset 0 endOffset 11 width 77.76: "just a text"
      LayoutSVGText {text} at (2898.84,4202) size 78.92x23 contains 1 chunk(s)
        LayoutSVGInlineText {#text} at (2898.84,4202) size 78.92x23
          chunk 1 text run 1 at (2900.00,4220.00) startOffset 0 endOffset 11 width 77.76: "just a text"
      LayoutSVGText {text} at (2998.84,4202) size 78.92x23 contains 1 chunk(s)
        LayoutSVGInlineText {#text} at (2998.84,4202) size 78.92x23
          chunk 1 text run 1 at (3000.00,4220.00) startOffset 0 endOffset 11 width 77.76: "just a text"
      LayoutSVGText {text} at (3098.84,4202) size 78.92x23 contains 1 chunk(s)
        LayoutSVGInlineText {#text} at (3098.84,4202) size 78.92x23
          chunk 1 text run 1 at (3100.00,4220.00) startOffset 0 endOffset 11 width 77.76: "just a text"
      LayoutSVGText {text} at (3198.84,4202) size 78.92x23 contains 1 chunk(s)
        LayoutSVGInlineText {#text} at (3198.84,4202) size 78.92x23
          chunk 1 text run 1 at (3200.00,4220.00) startOffset 0 endOffset 11 width 77.76: "just a text"
      LayoutSVGText {text} at (3298.84,4202) size 78.92x23 contains 1 chunk(s)
        LayoutSVGInlineText {#text} at (3298.84,4202) size 78.92x23
          chunk 1 text run 1 at (3300.00,4220.00) startOffset 0 endOffset 11 width 77.76: "just a text"
      LayoutSVGText {text} at (3398.84,4202) size 78.92x23 contains 1 chunk(s)
        LayoutSVGInlineText {#text} at (3398.84,4202) size 78.92x23
          chunk 1 text run 1 at (3400.00,4220.00) startOffset 0 endOffset 11 width 77.76: "just a text"
      LayoutSVGText {text} at (3498.84,4202) size 78.92x23 contains 1 chunk(s)
        LayoutSVGInlineText {#text} at (3498.84,4202) size 78.92x23
          chunk 1 text run 1 at (3500.00,4220.00) startOffset 0 endOffset 11 width 77.76: "just a text"
      LayoutSVGText {text} at (3598.84,4202) size 78.92x23 contains 1 chunk(s)
        LayoutSVGInlineText {#text} at (3598.84,4202) size 78.92x23
          chunk 1 text run 1 at (3600.00,4220.00) startOffset 0 endOffset 11 width 77.76: "just a text"
      LayoutSVGText {text} at (3698.84,4202) size 78.92x23 contains 1 chunk(s)
        LayoutSVGInlineText {#text} at (3698.84,4202) size 78.92x23
          chunk 1 text run 1 at (3700.00,4220.00) startOffset 0 endOffset 11 width 77.76: "just a text"
      LayoutSVGText {text} at (3798.84,4202) size 78.92x23 contains 1 chunk(s)
        LayoutSVGInlineText {#text} at (3798.84,4202) size 78.92x23
          chunk 1 text run 1 at (3800.00,4220.00) startOffset 0 endOffset 11 width 77.76: "just a text"
      LayoutSVGText {text} at (3898.84,4202) size 78.92x23 contains 1 chunk(s)
        LayoutSVGInlineText {#text} at (3898.84,4202) size 78.92x23
          chunk 1 text run 1 at (3900.00,4220.00) startOffset 0 endOffset 11 width 77.76: "just a text"
      LayoutSVGText {text} at (3998.84,4202) size 78.92x23 contains 1 chunk(s)
        LayoutSVGInlineText {#text} at (3998.84,4202) size 78.92x23
          chunk 1 text run 1 at (4000.00,4220.00) startOffset 0 endOffset 11 width 77.76: "just a text"
      LayoutSVGText {text} at (4098.84,4202) size 78.92x23 contains 1 chunk(s)
        LayoutSVGInlineText {#text} at (4098.84,4202) size 78.92x23
          chunk 1 text run 1 at (4100.00,4220.00) startOffset 0 endOffset 11 width 77.76: "just a text"
      LayoutSVGText {text} at (4198.84,4202) size 78.92x23 contains 1 chunk(s)
        LayoutSVGInlineText {#text} at (4198.84,4202) size 78.92x23
          chunk 1 text run 1 at (4200.00,4220.00) startOffset 0 endOffset 11 width 77.76: "just a text"
      LayoutSVGText {text} at (4298.84,4202) size 78.92x23 contains 1 chunk(s)
        LayoutSVGInlineText {#text} at (4298.84,4202) size 78.92x23
          chunk 1 text run 1 at (4300.00,4220.00) startOffset 0 endOffset 11 width 77.76: "just a text"
      LayoutSVGText {text} at (4398.84,4202) size 78.92x23 contains 1 chunk(s)
        LayoutSVGInlineText {#text} at (4398.84,4202) size 78.92x23
          chunk 1 text run 1 at (4400.00,4220.00) startOffset 0 endOffset 11 width 77.76: "just a text"
      LayoutSVGText {text} at (4498.84,4202) size 78.92x23 contains 1 chunk(s)
        LayoutSVGInlineText {#text} at (4498.84,4202) size 78.92x23
          chunk 1 text run 1 at (4500.00,4220.00) startOffset 0 endOffset 11 width 77.76: "just a text"
      LayoutSVGText {text} at (4598.84,4202) size 78.92x23 contains 1 chunk(s)
        LayoutSVGInlineText {#text} at (4598.84,4202) size 78.92x23
          chunk 1 text run 1 at (4600.00,4220.00) startOffset 0 endOffset 11 width 77.76: "just a text"
      LayoutSVGText {text} at (4698.84,4202) size 78.92x23 contains 1 chunk(s)
        LayoutSVGInlineText {#text} at (4698.84,4202) size 78.92x23
          chunk 1 text run 1 at (4700.00,4220.00) startOffset 0 endOffset 11 width 77.76: "just a text"
      LayoutSVGText {text} at (4798.84,4202) size 78.92x23 contains 1 chunk(s)
        LayoutSVGInlineText {#text} at (4798.84,4202) size 78.92x23
          chunk 1 text run 1 at (4800.00,4220.00) startOffset 0 endOffset 11 width 77.76: "just a text"
      LayoutSVGText {text} at (4898.84,4202) size 78.92x23 contains 1 chunk(s)
        LayoutSVGInlineText {#text} at (4898.84,4202) size 78.92x23
          chunk 1 text run 1 at (4900.00,4220.00) startOffset 0 endOffset 11 width 77.76: "just a text"
      LayoutSVGText {text} at (-1.14,4302) size 78.92x23 contains 1 chunk(s)
        LayoutSVGInlineText {#text} at (-1.14,4302) size 78.92x23
          chunk 1 text run 1 at (0.00,4320.00) startOffset 0 endOffset 11 width 77.76: "just a text"
      LayoutSVGText {text} at (98.84,4302) size 78.92x23 contains 1 chunk(s)
        LayoutSVGInlineText {#text} at (98.84,4302) size 78.92x23
          chunk 1 text run 1 at (100.00,4320.00) startOffset 0 endOffset 11 width 77.76: "just a text"
      LayoutSVGText {text} at (198.84,4302) size 78.92x23 contains 1 chunk(s)
        LayoutSVGInlineText {#text} at (198.84,4302) size 78.92x23
          chunk 1 text run 1 at (200.00,4320.00) startOffset 0 endOffset 11 width 77.76: "just a text"
      LayoutSVGText {text} at (298.84,4302) size 78.92x23 contains 1 chunk(s)
        LayoutSVGInlineText {#text} at (298.84,4302) size 78.92x23
          chunk 1 text run 1 at (300.00,4320.00) startOffset 0 endOffset 11 width 77.76: "just a text"
      LayoutSVGText {text} at (398.84,4302) size 78.92x23 contains 1 chunk(s)
        LayoutSVGInlineText {#text} at (398.84,4302) size 78.92x23
          chunk 1 text run 1 at (400.00,4320.00) startOffset 0 endOffset 11 width 77.76: "just a text"
      LayoutSVGText {text} at (498.84,4302) size 78.92x23 contains 1 chunk(s)
        LayoutSVGInlineText {#text} at (498.84,4302) size 78.92x23
          chunk 1 text run 1 at (500.00,4320.00) startOffset 0 endOffset 11 width 77.76: "just a text"
      LayoutSVGText {text} at (598.84,4302) size 78.92x23 contains 1 chunk(s)
        LayoutSVGInlineText {#text} at (598.84,4302) size 78.92x23
          chunk 1 text run 1 at (600.00,4320.00) startOffset 0 endOffset 11 width 77.76: "just a text"
      LayoutSVGText {text} at (698.84,4302) size 78.92x23 contains 1 chunk(s)
        LayoutSVGInlineText {#text} at (698.84,4302) size 78.92x23
          chunk 1 text run 1 at (700.00,4320.00) startOffset 0 endOffset 11 width 77.76: "just a text"
      LayoutSVGText {text} at (798.84,4302) size 78.92x23 contains 1 chunk(s)
        LayoutSVGInlineText {#text} at (798.84,4302) size 78.92x23
          chunk 1 text run 1 at (800.00,4320.00) startOffset 0 endOffset 11 width 77.76: "just a text"
      LayoutSVGText {text} at (898.84,4302) size 78.92x23 contains 1 chunk(s)
        LayoutSVGInlineText {#text} at (898.84,4302) size 78.92x23
          chunk 1 text run 1 at (900.00,4320.00) startOffset 0 endOffset 11 width 77.76: "just a text"
      LayoutSVGText {text} at (998.84,4302) size 78.92x23 contains 1 chunk(s)
        LayoutSVGInlineText {#text} at (998.84,4302) size 78.92x23
          chunk 1 text run 1 at (1000.00,4320.00) startOffset 0 endOffset 11 width 77.76: "just a text"
      LayoutSVGText {text} at (1098.84,4302) size 78.92x23 contains 1 chunk(s)
        LayoutSVGInlineText {#text} at (1098.84,4302) size 78.92x23
          chunk 1 text run 1 at (1100.00,4320.00) startOffset 0 endOffset 11 width 77.76: "just a text"
      LayoutSVGText {text} at (1198.84,4302) size 78.92x23 contains 1 chunk(s)
        LayoutSVGInlineText {#text} at (1198.84,4302) size 78.92x23
          chunk 1 text run 1 at (1200.00,4320.00) startOffset 0 endOffset 11 width 77.76: "just a text"
      LayoutSVGText {text} at (1298.84,4302) size 78.92x23 contains 1 chunk(s)
        LayoutSVGInlineText {#text} at (1298.84,4302) size 78.92x23
          chunk 1 text run 1 at (1300.00,4320.00) startOffset 0 endOffset 11 width 77.76: "just a text"
      LayoutSVGText {text} at (1398.84,4302) size 78.92x23 contains 1 chunk(s)
        LayoutSVGInlineText {#text} at (1398.84,4302) size 78.92x23
          chunk 1 text run 1 at (1400.00,4320.00) startOffset 0 endOffset 11 width 77.76: "just a text"
      LayoutSVGText {text} at (1498.84,4302) size 78.92x23 contains 1 chunk(s)
        LayoutSVGInlineText {#text} at (1498.84,4302) size 78.92x23
          chunk 1 text run 1 at (1500.00,4320.00) startOffset 0 endOffset 11 width 77.76: "just a text"
      LayoutSVGText {text} at (1598.84,4302) size 78.92x23 contains 1 chunk(s)
        LayoutSVGInlineText {#text} at (1598.84,4302) size 78.92x23
          chunk 1 text run 1 at (1600.00,4320.00) startOffset 0 endOffset 11 width 77.76: "just a text"
      LayoutSVGText {text} at (1698.84,4302) size 78.92x23 contains 1 chunk(s)
        LayoutSVGInlineText {#text} at (1698.84,4302) size 78.92x23
          chunk 1 text run 1 at (1700.00,4320.00) startOffset 0 endOffset 11 width 77.76: "just a text"
      LayoutSVGText {text} at (1798.84,4302) size 78.92x23 contains 1 chunk(s)
        LayoutSVGInlineText {#text} at (1798.84,4302) size 78.92x23
          chunk 1 text run 1 at (1800.00,4320.00) startOffset 0 endOffset 11 width 77.76: "just a text"
      LayoutSVGText {text} at (1898.84,4302) size 78.92x23 contains 1 chunk(s)
        LayoutSVGInlineText {#text} at (1898.84,4302) size 78.92x23
          chunk 1 text run 1 at (1900.00,4320.00) startOffset 0 endOffset 11 width 77.76: "just a text"
      LayoutSVGText {text} at (1998.84,4302) size 78.92x23 contains 1 chunk(s)
        LayoutSVGInlineText {#text} at (1998.84,4302) size 78.92x23
          chunk 1 text run 1 at (2000.00,4320.00) startOffset 0 endOffset 11 width 77.76: "just a text"
      LayoutSVGText {text} at (2098.84,4302) size 78.92x23 contains 1 chunk(s)
        LayoutSVGInlineText {#text} at (2098.84,4302) size 78.92x23
          chunk 1 text run 1 at (2100.00,4320.00) startOffset 0 endOffset 11 width 77.76: "just a text"
      LayoutSVGText {text} at (2198.84,4302) size 78.92x23 contains 1 chunk(s)
        LayoutSVGInlineText {#text} at (2198.84,4302) size 78.92x23
          chunk 1 text run 1 at (2200.00,4320.00) startOffset 0 endOffset 11 width 77.76: "just a text"
      LayoutSVGText {text} at (2298.84,4302) size 78.92x23 contains 1 chunk(s)
        LayoutSVGInlineText {#text} at (2298.84,4302) size 78.92x23
          chunk 1 text run 1 at (2300.00,4320.00) startOffset 0 endOffset 11 width 77.76: "just a text"
      LayoutSVGText {text} at (2398.84,4302) size 78.92x23 contains 1 chunk(s)
        LayoutSVGInlineText {#text} at (2398.84,4302) size 78.92x23
          chunk 1 text run 1 at (2400.00,4320.00) startOffset 0 endOffset 11 width 77.76: "just a text"
      LayoutSVGText {text} at (2498.84,4302) size 78.92x23 contains 1 chunk(s)
        LayoutSVGInlineText {#text} at (2498.84,4302) size 78.92x23
          chunk 1 text run 1 at (2500.00,4320.00) startOffset 0 endOffset 11 width 77.76: "just a text"
      LayoutSVGText {text} at (2598.84,4302) size 78.92x23 contains 1 chunk(s)
        LayoutSVGInlineText {#text} at (2598.84,4302) size 78.92x23
          chunk 1 text run 1 at (2600.00,4320.00) startOffset 0 endOffset 11 width 77.76: "just a text"
      LayoutSVGText {text} at (2698.84,4302) size 78.92x23 contains 1 chunk(s)
        LayoutSVGInlineText {#text} at (2698.84,4302) size 78.92x23
          chunk 1 text run 1 at (2700.00,4320.00) startOffset 0 endOffset 11 width 77.76: "just a text"
      LayoutSVGText {text} at (2798.84,4302) size 78.92x23 contains 1 chunk(s)
        LayoutSVGInlineText {#text} at (2798.84,4302) size 78.92x23
          chunk 1 text run 1 at (2800.00,4320.00) startOffset 0 endOffset 11 width 77.76: "just a text"
      LayoutSVGText {text} at (2898.84,4302) size 78.92x23 contains 1 chunk(s)
        LayoutSVGInlineText {#text} at (2898.84,4302) size 78.92x23
          chunk 1 text run 1 at (2900.00,4320.00) startOffset 0 endOffset 11 width 77.76: "just a text"
      LayoutSVGText {text} at (2998.84,4302) size 78.92x23 contains 1 chunk(s)
        LayoutSVGInlineText {#text} at (2998.84,4302) size 78.92x23
          chunk 1 text run 1 at (3000.00,4320.00) startOffset 0 endOffset 11 width 77.76: "just a text"
      LayoutSVGText {text} at (3098.84,4302) size 78.92x23 contains 1 chunk(s)
        LayoutSVGInlineText {#text} at (3098.84,4302) size 78.92x23
          chunk 1 text run 1 at (3100.00,4320.00) startOffset 0 endOffset 11 width 77.76: "just a text"
      LayoutSVGText {text} at (3198.84,4302) size 78.92x23 contains 1 chunk(s)
        LayoutSVGInlineText {#text} at (3198.84,4302) size 78.92x23
          chunk 1 text run 1 at (3200.00,4320.00) startOffset 0 endOffset 11 width 77.76: "just a text"
      LayoutSVGText {text} at (3298.84,4302) size 78.92x23 contains 1 chunk(s)
        LayoutSVGInlineText {#text} at (3298.84,4302) size 78.92x23
          chunk 1 text run 1 at (3300.00,4320.00) startOffset 0 endOffset 11 width 77.76: "just a text"
      LayoutSVGText {text} at (3398.84,4302) size 78.92x23 contains 1 chunk(s)
        LayoutSVGInlineText {#text} at (3398.84,4302) size 78.92x23
          chunk 1 text run 1 at (3400.00,4320.00) startOffset 0 endOffset 11 width 77.76: "just a text"
      LayoutSVGText {text} at (3498.84,4302) size 78.92x23 contains 1 chunk(s)
        LayoutSVGInlineText {#text} at (3498.84,4302) size 78.92x23
          chunk 1 text run 1 at (3500.00,4320.00) startOffset 0 endOffset 11 width 77.76: "just a text"
      LayoutSVGText {text} at (3598.84,4302) size 78.92x23 contains 1 chunk(s)
        LayoutSVGInlineText {#text} at (3598.84,4302) size 78.92x23
          chunk 1 text run 1 at (3600.00,4320.00) startOffset 0 endOffset 11 width 77.76: "just a text"
      LayoutSVGText {text} at (3698.84,4302) size 78.92x23 contains 1 chunk(s)
        LayoutSVGInlineText {#text} at (3698.84,4302) size 78.92x23
          chunk 1 text run 1 at (3700.00,4320.00) startOffset 0 endOffset 11 width 77.76: "just a text"
      LayoutSVGText {text} at (3798.84,4302) size 78.92x23 contains 1 chunk(s)
        LayoutSVGInlineText {#text} at (3798.84,4302) size 78.92x23
          chunk 1 text run 1 at (3800.00,4320.00) startOffset 0 endOffset 11 width 77.76: "just a text"
      LayoutSVGText {text} at (3898.84,4302) size 78.92x23 contains 1 chunk(s)
        LayoutSVGInlineText {#text} at (3898.84,4302) size 78.92x23
          chunk 1 text run 1 at (3900.00,4320.00) startOffset 0 endOffset 11 width 77.76: "just a text"
      LayoutSVGText {text} at (3998.84,4302) size 78.92x23 contains 1 chunk(s)
        LayoutSVGInlineText {#text} at (3998.84,4302) size 78.92x23
          chunk 1 text run 1 at (4000.00,4320.00) startOffset 0 endOffset 11 width 77.76: "just a text"
      LayoutSVGText {text} at (4098.84,4302) size 78.92x23 contains 1 chunk(s)
        LayoutSVGInlineText {#text} at (4098.84,4302) size 78.92x23
          chunk 1 text run 1 at (4100.00,4320.00) startOffset 0 endOffset 11 width 77.76: "just a text"
      LayoutSVGText {text} at (4198.84,4302) size 78.92x23 contains 1 chunk(s)
        LayoutSVGInlineText {#text} at (4198.84,4302) size 78.92x23
          chunk 1 text run 1 at (4200.00,4320.00) startOffset 0 endOffset 11 width 77.76: "just a text"
      LayoutSVGText {text} at (4298.84,4302) size 78.92x23 contains 1 chunk(s)
        LayoutSVGInlineText {#text} at (4298.84,4302) size 78.92x23
          chunk 1 text run 1 at (4300.00,4320.00) startOffset 0 endOffset 11 width 77.76: "just a text"
      LayoutSVGText {text} at (4398.84,4302) size 78.92x23 contains 1 chunk(s)
        LayoutSVGInlineText {#text} at (4398.84,4302) size 78.92x23
          chunk 1 text run 1 at (4400.00,4320.00) startOffset 0 endOffset 11 width 77.76: "just a text"
      LayoutSVGText {text} at (4498.84,4302) size 78.92x23 contains 1 chunk(s)
        LayoutSVGInlineText {#text} at (4498.84,4302) size 78.92x23
          chunk 1 text run 1 at (4500.00,4320.00) startOffset 0 endOffset 11 width 77.76: "just a text"
      LayoutSVGText {text} at (4598.84,4302) size 78.92x23 contains 1 chunk(s)
        LayoutSVGInlineText {#text} at (4598.84,4302) size 78.92x23
          chunk 1 text run 1 at (4600.00,4320.00) startOffset 0 endOffset 11 width 77.76: "just a text"
      LayoutSVGText {text} at (4698.84,4302) size 78.92x23 contains 1 chunk(s)
        LayoutSVGInlineText {#text} at (4698.84,4302) size 78.92x23
          chunk 1 text run 1 at (4700.00,4320.00) startOffset 0 endOffset 11 width 77.76: "just a text"
      LayoutSVGText {text} at (4798.84,4302) size 78.92x23 contains 1 chunk(s)
        LayoutSVGInlineText {#text} at (4798.84,4302) size 78.92x23
          chunk 1 text run 1 at (4800.00,4320.00) startOffset 0 endOffset 11 width 77.76: "just a text"
      LayoutSVGText {text} at (4898.84,4302) size 78.92x23 contains 1 chunk(s)
        LayoutSVGInlineText {#text} at (4898.84,4302) size 78.92x23
          chunk 1 text run 1 at (4900.00,4320.00) startOffset 0 endOffset 11 width 77.76: "just a text"
      LayoutSVGText {text} at (-1.14,4402) size 78.92x23 contains 1 chunk(s)
        LayoutSVGInlineText {#text} at (-1.14,4402) size 78.92x23
          chunk 1 text run 1 at (0.00,4420.00) startOffset 0 endOffset 11 width 77.76: "just a text"
      LayoutSVGText {text} at (98.84,4402) size 78.92x23 contains 1 chunk(s)
        LayoutSVGInlineText {#text} at (98.84,4402) size 78.92x23
          chunk 1 text run 1 at (100.00,4420.00) startOffset 0 endOffset 11 width 77.76: "just a text"
      LayoutSVGText {text} at (198.84,4402) size 78.92x23 contains 1 chunk(s)
        LayoutSVGInlineText {#text} at (198.84,4402) size 78.92x23
          chunk 1 text run 1 at (200.00,4420.00) startOffset 0 endOffset 11 width 77.76: "just a text"
      LayoutSVGText {text} at (298.84,4402) size 78.92x23 contains 1 chunk(s)
        LayoutSVGInlineText {#text} at (298.84,4402) size 78.92x23
          chunk 1 text run 1 at (300.00,4420.00) startOffset 0 endOffset 11 width 77.76: "just a text"
      LayoutSVGText {text} at (398.84,4402) size 78.92x23 contains 1 chunk(s)
        LayoutSVGInlineText {#text} at (398.84,4402) size 78.92x23
          chunk 1 text run 1 at (400.00,4420.00) startOffset 0 endOffset 11 width 77.76: "just a text"
      LayoutSVGText {text} at (498.84,4402) size 78.92x23 contains 1 chunk(s)
        LayoutSVGInlineText {#text} at (498.84,4402) size 78.92x23
          chunk 1 text run 1 at (500.00,4420.00) startOffset 0 endOffset 11 width 77.76: "just a text"
      LayoutSVGText {text} at (598.84,4402) size 78.92x23 contains 1 chunk(s)
        LayoutSVGInlineText {#text} at (598.84,4402) size 78.92x23
          chunk 1 text run 1 at (600.00,4420.00) startOffset 0 endOffset 11 width 77.76: "just a text"
      LayoutSVGText {text} at (698.84,4402) size 78.92x23 contains 1 chunk(s)
        LayoutSVGInlineText {#text} at (698.84,4402) size 78.92x23
          chunk 1 text run 1 at (700.00,4420.00) startOffset 0 endOffset 11 width 77.76: "just a text"
      LayoutSVGText {text} at (798.84,4402) size 78.92x23 contains 1 chunk(s)
        LayoutSVGInlineText {#text} at (798.84,4402) size 78.92x23
          chunk 1 text run 1 at (800.00,4420.00) startOffset 0 endOffset 11 width 77.76: "just a text"
      LayoutSVGText {text} at (898.84,4402) size 78.92x23 contains 1 chunk(s)
        LayoutSVGInlineText {#text} at (898.84,4402) size 78.92x23
          chunk 1 text run 1 at (900.00,4420.00) startOffset 0 endOffset 11 width 77.76: "just a text"
      LayoutSVGText {text} at (998.84,4402) size 78.92x23 contains 1 chunk(s)
        LayoutSVGInlineText {#text} at (998.84,4402) size 78.92x23
          chunk 1 text run 1 at (1000.00,4420.00) startOffset 0 endOffset 11 width 77.76: "just a text"
      LayoutSVGText {text} at (1098.84,4402) size 78.92x23 contains 1 chunk(s)
        LayoutSVGInlineText {#text} at (1098.84,4402) size 78.92x23
          chunk 1 text run 1 at (1100.00,4420.00) startOffset 0 endOffset 11 width 77.76: "just a text"
      LayoutSVGText {text} at (1198.84,4402) size 78.92x23 contains 1 chunk(s)
        LayoutSVGInlineText {#text} at (1198.84,4402) size 78.92x23
          chunk 1 text run 1 at (1200.00,4420.00) startOffset 0 endOffset 11 width 77.76: "just a text"
      LayoutSVGText {text} at (1298.84,4402) size 78.92x23 contains 1 chunk(s)
        LayoutSVGInlineText {#text} at (1298.84,4402) size 78.92x23
          chunk 1 text run 1 at (1300.00,4420.00) startOffset 0 endOffset 11 width 77.76: "just a text"
      LayoutSVGText {text} at (1398.84,4402) size 78.92x23 contains 1 chunk(s)
        LayoutSVGInlineText {#text} at (1398.84,4402) size 78.92x23
          chunk 1 text run 1 at (1400.00,4420.00) startOffset 0 endOffset 11 width 77.76: "just a text"
      LayoutSVGText {text} at (1498.84,4402) size 78.92x23 contains 1 chunk(s)
        LayoutSVGInlineText {#text} at (1498.84,4402) size 78.92x23
          chunk 1 text run 1 at (1500.00,4420.00) startOffset 0 endOffset 11 width 77.76: "just a text"
      LayoutSVGText {text} at (1598.84,4402) size 78.92x23 contains 1 chunk(s)
        LayoutSVGInlineText {#text} at (1598.84,4402) size 78.92x23
          chunk 1 text run 1 at (1600.00,4420.00) startOffset 0 endOffset 11 width 77.76: "just a text"
      LayoutSVGText {text} at (1698.84,4402) size 78.92x23 contains 1 chunk(s)
        LayoutSVGInlineText {#text} at (1698.84,4402) size 78.92x23
          chunk 1 text run 1 at (1700.00,4420.00) startOffset 0 endOffset 11 width 77.76: "just a text"
      LayoutSVGText {text} at (1798.84,4402) size 78.92x23 contains 1 chunk(s)
        LayoutSVGInlineText {#text} at (1798.84,4402) size 78.92x23
          chunk 1 text run 1 at (1800.00,4420.00) startOffset 0 endOffset 11 width 77.76: "just a text"
      LayoutSVGText {text} at (1898.84,4402) size 78.92x23 contains 1 chunk(s)
        LayoutSVGInlineText {#text} at (1898.84,4402) size 78.92x23
          chunk 1 text run 1 at (1900.00,4420.00) startOffset 0 endOffset 11 width 77.76: "just a text"
      LayoutSVGText {text} at (1998.84,4402) size 78.92x23 contains 1 chunk(s)
        LayoutSVGInlineText {#text} at (1998.84,4402) size 78.92x23
          chunk 1 text run 1 at (2000.00,4420.00) startOffset 0 endOffset 11 width 77.76: "just a text"
      LayoutSVGText {text} at (2098.84,4402) size 78.92x23 contains 1 chunk(s)
        LayoutSVGInlineText {#text} at (2098.84,4402) size 78.92x23
          chunk 1 text run 1 at (2100.00,4420.00) startOffset 0 endOffset 11 width 77.76: "just a text"
      LayoutSVGText {text} at (2198.84,4402) size 78.92x23 contains 1 chunk(s)
        LayoutSVGInlineText {#text} at (2198.84,4402) size 78.92x23
          chunk 1 text run 1 at (2200.00,4420.00) startOffset 0 endOffset 11 width 77.76: "just a text"
      LayoutSVGText {text} at (2298.84,4402) size 78.92x23 contains 1 chunk(s)
        LayoutSVGInlineText {#text} at (2298.84,4402) size 78.92x23
          chunk 1 text run 1 at (2300.00,4420.00) startOffset 0 endOffset 11 width 77.76: "just a text"
      LayoutSVGText {text} at (2398.84,4402) size 78.92x23 contains 1 chunk(s)
        LayoutSVGInlineText {#text} at (2398.84,4402) size 78.92x23
          chunk 1 text run 1 at (2400.00,4420.00) startOffset 0 endOffset 11 width 77.76: "just a text"
      LayoutSVGText {text} at (2498.84,4402) size 78.92x23 contains 1 chunk(s)
        LayoutSVGInlineText {#text} at (2498.84,4402) size 78.92x23
          chunk 1 text run 1 at (2500.00,4420.00) startOffset 0 endOffset 11 width 77.76: "just a text"
      LayoutSVGText {text} at (2598.84,4402) size 78.92x23 contains 1 chunk(s)
        LayoutSVGInlineText {#text} at (2598.84,4402) size 78.92x23
          chunk 1 text run 1 at (2600.00,4420.00) startOffset 0 endOffset 11 width 77.76: "just a text"
      LayoutSVGText {text} at (2698.84,4402) size 78.92x23 contains 1 chunk(s)
        LayoutSVGInlineText {#text} at (2698.84,4402) size 78.92x23
          chunk 1 text run 1 at (2700.00,4420.00) startOffset 0 endOffset 11 width 77.76: "just a text"
      LayoutSVGText {text} at (2798.84,4402) size 78.92x23 contains 1 chunk(s)
        LayoutSVGInlineText {#text} at (2798.84,4402) size 78.92x23
          chunk 1 text run 1 at (2800.00,4420.00) startOffset 0 endOffset 11 width 77.76: "just a text"
      LayoutSVGText {text} at (2898.84,4402) size 78.92x23 contains 1 chunk(s)
        LayoutSVGInlineText {#text} at (2898.84,4402) size 78.92x23
          chunk 1 text run 1 at (2900.00,4420.00) startOffset 0 endOffset 11 width 77.76: "just a text"
      LayoutSVGText {text} at (2998.84,4402) size 78.92x23 contains 1 chunk(s)
        LayoutSVGInlineText {#text} at (2998.84,4402) size 78.92x23
          chunk 1 text run 1 at (3000.00,4420.00) startOffset 0 endOffset 11 width 77.76: "just a text"
      LayoutSVGText {text} at (3098.84,4402) size 78.92x23 contains 1 chunk(s)
        LayoutSVGInlineText {#text} at (3098.84,4402) size 78.92x23
          chunk 1 text run 1 at (3100.00,4420.00) startOffset 0 endOffset 11 width 77.76: "just a text"
      LayoutSVGText {text} at (3198.84,4402) size 78.92x23 contains 1 chunk(s)
        LayoutSVGInlineText {#text} at (3198.84,4402) size 78.92x23
          chunk 1 text run 1 at (3200.00,4420.00) startOffset 0 endOffset 11 width 77.76: "just a text"
      LayoutSVGText {text} at (3298.84,4402) size 78.92x23 contains 1 chunk(s)
        LayoutSVGInlineText {#text} at (3298.84,4402) size 78.92x23
          chunk 1 text run 1 at (3300.00,4420.00) startOffset 0 endOffset 11 width 77.76: "just a text"
      LayoutSVGText {text} at (3398.84,4402) size 78.92x23 contains 1 chunk(s)
        LayoutSVGInlineText {#text} at (3398.84,4402) size 78.92x23
          chunk 1 text run 1 at (3400.00,4420.00) startOffset 0 endOffset 11 width 77.76: "just a text"
      LayoutSVGText {text} at (3498.84,4402) size 78.92x23 contains 1 chunk(s)
        LayoutSVGInlineText {#text} at (3498.84,4402) size 78.92x23
          chunk 1 text run 1 at (3500.00,4420.00) startOffset 0 endOffset 11 width 77.76: "just a text"
      LayoutSVGText {text} at (3598.84,4402) size 78.92x23 contains 1 chunk(s)
        LayoutSVGInlineText {#text} at (3598.84,4402) size 78.92x23
          chunk 1 text run 1 at (3600.00,4420.00) startOffset 0 endOffset 11 width 77.76: "just a text"
      LayoutSVGText {text} at (3698.84,4402) size 78.92x23 contains 1 chunk(s)
        LayoutSVGInlineText {#text} at (3698.84,4402) size 78.92x23
          chunk 1 text run 1 at (3700.00,4420.00) startOffset 0 endOffset 11 width 77.76: "just a text"
      LayoutSVGText {text} at (3798.84,4402) size 78.92x23 contains 1 chunk(s)
        LayoutSVGInlineText {#text} at (3798.84,4402) size 78.92x23
          chunk 1 text run 1 at (3800.00,4420.00) startOffset 0 endOffset 11 width 77.76: "just a text"
      LayoutSVGText {text} at (3898.84,4402) size 78.92x23 contains 1 chunk(s)
        LayoutSVGInlineText {#text} at (3898.84,4402) size 78.92x23
          chunk 1 text run 1 at (3900.00,4420.00) startOffset 0 endOffset 11 width 77.76: "just a text"
      LayoutSVGText {text} at (3998.84,4402) size 78.92x23 contains 1 chunk(s)
        LayoutSVGInlineText {#text} at (3998.84,4402) size 78.92x23
          chunk 1 text run 1 at (4000.00,4420.00) startOffset 0 endOffset 11 width 77.76: "just a text"
      LayoutSVGText {text} at (4098.84,4402) size 78.92x23 contains 1 chunk(s)
        LayoutSVGInlineText {#text} at (4098.84,4402) size 78.92x23
          chunk 1 text run 1 at (4100.00,4420.00) startOffset 0 endOffset 11 width 77.76: "just a text"
      LayoutSVGText {text} at (4198.84,4402) size 78.92x23 contains 1 chunk(s)
        LayoutSVGInlineText {#text} at (4198.84,4402) size 78.92x23
          chunk 1 text run 1 at (4200.00,4420.00) startOffset 0 endOffset 11 width 77.76: "just a text"
      LayoutSVGText {text} at (4298.84,4402) size 78.92x23 contains 1 chunk(s)
        LayoutSVGInlineText {#text} at (4298.84,4402) size 78.92x23
          chunk 1 text run 1 at (4300.00,4420.00) startOffset 0 endOffset 11 width 77.76: "just a text"
      LayoutSVGText {text} at (4398.84,4402) size 78.92x23 contains 1 chunk(s)
        LayoutSVGInlineText {#text} at (4398.84,4402) size 78.92x23
          chunk 1 text run 1 at (4400.00,4420.00) startOffset 0 endOffset 11 width 77.76: "just a text"
      LayoutSVGText {text} at (4498.84,4402) size 78.92x23 contains 1 chunk(s)
        LayoutSVGInlineText {#text} at (4498.84,4402) size 78.92x23
          chunk 1 text run 1 at (4500.00,4420.00) startOffset 0 endOffset 11 width 77.76: "just a text"
      LayoutSVGText {text} at (4598.84,4402) size 78.92x23 contains 1 chunk(s)
        LayoutSVGInlineText {#text} at (4598.84,4402) size 78.92x23
          chunk 1 text run 1 at (4600.00,4420.00) startOffset 0 endOffset 11 width 77.76: "just a text"
      LayoutSVGText {text} at (4698.84,4402) size 78.92x23 contains 1 chunk(s)
        LayoutSVGInlineText {#text} at (4698.84,4402) size 78.92x23
          chunk 1 text run 1 at (4700.00,4420.00) startOffset 0 endOffset 11 width 77.76: "just a text"
      LayoutSVGText {text} at (4798.84,4402) size 78.92x23 contains 1 chunk(s)
        LayoutSVGInlineText {#text} at (4798.84,4402) size 78.92x23
          chunk 1 text run 1 at (4800.00,4420.00) startOffset 0 endOffset 11 width 77.76: "just a text"
      LayoutSVGText {text} at (4898.84,4402) size 78.92x23 contains 1 chunk(s)
        LayoutSVGInlineText {#text} at (4898.84,4402) size 78.92x23
          chunk 1 text run 1 at (4900.00,4420.00) startOffset 0 endOffset 11 width 77.76: "just a text"
      LayoutSVGText {text} at (-1.14,4502) size 78.92x23 contains 1 chunk(s)
        LayoutSVGInlineText {#text} at (-1.14,4502) size 78.92x23
          chunk 1 text run 1 at (0.00,4520.00) startOffset 0 endOffset 11 width 77.76: "just a text"
      LayoutSVGText {text} at (98.84,4502) size 78.92x23 contains 1 chunk(s)
        LayoutSVGInlineText {#text} at (98.84,4502) size 78.92x23
          chunk 1 text run 1 at (100.00,4520.00) startOffset 0 endOffset 11 width 77.76: "just a text"
      LayoutSVGText {text} at (198.84,4502) size 78.92x23 contains 1 chunk(s)
        LayoutSVGInlineText {#text} at (198.84,4502) size 78.92x23
          chunk 1 text run 1 at (200.00,4520.00) startOffset 0 endOffset 11 width 77.76: "just a text"
      LayoutSVGText {text} at (298.84,4502) size 78.92x23 contains 1 chunk(s)
        LayoutSVGInlineText {#text} at (298.84,4502) size 78.92x23
          chunk 1 text run 1 at (300.00,4520.00) startOffset 0 endOffset 11 width 77.76: "just a text"
      LayoutSVGText {text} at (398.84,4502) size 78.92x23 contains 1 chunk(s)
        LayoutSVGInlineText {#text} at (398.84,4502) size 78.92x23
          chunk 1 text run 1 at (400.00,4520.00) startOffset 0 endOffset 11 width 77.76: "just a text"
      LayoutSVGText {text} at (498.84,4502) size 78.92x23 contains 1 chunk(s)
        LayoutSVGInlineText {#text} at (498.84,4502) size 78.92x23
          chunk 1 text run 1 at (500.00,4520.00) startOffset 0 endOffset 11 width 77.76: "just a text"
      LayoutSVGText {text} at (598.84,4502) size 78.92x23 contains 1 chunk(s)
        LayoutSVGInlineText {#text} at (598.84,4502) size 78.92x23
          chunk 1 text run 1 at (600.00,4520.00) startOffset 0 endOffset 11 width 77.76: "just a text"
      LayoutSVGText {text} at (698.84,4502) size 78.92x23 contains 1 chunk(s)
        LayoutSVGInlineText {#text} at (698.84,4502) size 78.92x23
          chunk 1 text run 1 at (700.00,4520.00) startOffset 0 endOffset 11 width 77.76: "just a text"
      LayoutSVGText {text} at (798.84,4502) size 78.92x23 contains 1 chunk(s)
        LayoutSVGInlineText {#text} at (798.84,4502) size 78.92x23
          chunk 1 text run 1 at (800.00,4520.00) startOffset 0 endOffset 11 width 77.76: "just a text"
      LayoutSVGText {text} at (898.84,4502) size 78.92x23 contains 1 chunk(s)
        LayoutSVGInlineText {#text} at (898.84,4502) size 78.92x23
          chunk 1 text run 1 at (900.00,4520.00) startOffset 0 endOffset 11 width 77.76: "just a text"
      LayoutSVGText {text} at (998.84,4502) size 78.92x23 contains 1 chunk(s)
        LayoutSVGInlineText {#text} at (998.84,4502) size 78.92x23
          chunk 1 text run 1 at (1000.00,4520.00) startOffset 0 endOffset 11 width 77.76: "just a text"
      LayoutSVGText {text} at (1098.84,4502) size 78.92x23 contains 1 chunk(s)
        LayoutSVGInlineText {#text} at (1098.84,4502) size 78.92x23
          chunk 1 text run 1 at (1100.00,4520.00) startOffset 0 endOffset 11 width 77.76: "just a text"
      LayoutSVGText {text} at (1198.84,4502) size 78.92x23 contains 1 chunk(s)
        LayoutSVGInlineText {#text} at (1198.84,4502) size 78.92x23
          chunk 1 text run 1 at (1200.00,4520.00) startOffset 0 endOffset 11 width 77.76: "just a text"
      LayoutSVGText {text} at (1298.84,4502) size 78.92x23 contains 1 chunk(s)
        LayoutSVGInlineText {#text} at (1298.84,4502) size 78.92x23
          chunk 1 text run 1 at (1300.00,4520.00) startOffset 0 endOffset 11 width 77.76: "just a text"
      LayoutSVGText {text} at (1398.84,4502) size 78.92x23 contains 1 chunk(s)
        LayoutSVGInlineText {#text} at (1398.84,4502) size 78.92x23
          chunk 1 text run 1 at (1400.00,4520.00) startOffset 0 endOffset 11 width 77.76: "just a text"
      LayoutSVGText {text} at (1498.84,4502) size 78.92x23 contains 1 chunk(s)
        LayoutSVGInlineText {#text} at (1498.84,4502) size 78.92x23
          chunk 1 text run 1 at (1500.00,4520.00) startOffset 0 endOffset 11 width 77.76: "just a text"
      LayoutSVGText {text} at (1598.84,4502) size 78.92x23 contains 1 chunk(s)
        LayoutSVGInlineText {#text} at (1598.84,4502) size 78.92x23
          chunk 1 text run 1 at (1600.00,4520.00) startOffset 0 endOffset 11 width 77.76: "just a text"
      LayoutSVGText {text} at (1698.84,4502) size 78.92x23 contains 1 chunk(s)
        LayoutSVGInlineText {#text} at (1698.84,4502) size 78.92x23
          chunk 1 text run 1 at (1700.00,4520.00) startOffset 0 endOffset 11 width 77.76: "just a text"
      LayoutSVGText {text} at (1798.84,4502) size 78.92x23 contains 1 chunk(s)
        LayoutSVGInlineText {#text} at (1798.84,4502) size 78.92x23
          chunk 1 text run 1 at (1800.00,4520.00) startOffset 0 endOffset 11 width 77.76: "just a text"
      LayoutSVGText {text} at (1898.84,4502) size 78.92x23 contains 1 chunk(s)
        LayoutSVGInlineText {#text} at (1898.84,4502) size 78.92x23
          chunk 1 text run 1 at (1900.00,4520.00) startOffset 0 endOffset 11 width 77.76: "just a text"
      LayoutSVGText {text} at (1998.84,4502) size 78.92x23 contains 1 chunk(s)
        LayoutSVGInlineText {#text} at (1998.84,4502) size 78.92x23
          chunk 1 text run 1 at (2000.00,4520.00) startOffset 0 endOffset 11 width 77.76: "just a text"
      LayoutSVGText {text} at (2098.84,4502) size 78.92x23 contains 1 chunk(s)
        LayoutSVGInlineText {#text} at (2098.84,4502) size 78.92x23
          chunk 1 text run 1 at (2100.00,4520.00) startOffset 0 endOffset 11 width 77.76: "just a text"
      LayoutSVGText {text} at (2198.84,4502) size 78.92x23 contains 1 chunk(s)
        LayoutSVGInlineText {#text} at (2198.84,4502) size 78.92x23
          chunk 1 text run 1 at (2200.00,4520.00) startOffset 0 endOffset 11 width 77.76: "just a text"
      LayoutSVGText {text} at (2298.84,4502) size 78.92x23 contains 1 chunk(s)
        LayoutSVGInlineText {#text} at (2298.84,4502) size 78.92x23
          chunk 1 text run 1 at (2300.00,4520.00) startOffset 0 endOffset 11 width 77.76: "just a text"
      LayoutSVGText {text} at (2398.84,4502) size 78.92x23 contains 1 chunk(s)
        LayoutSVGInlineText {#text} at (2398.84,4502) size 78.92x23
          chunk 1 text run 1 at (2400.00,4520.00) startOffset 0 endOffset 11 width 77.76: "just a text"
      LayoutSVGText {text} at (2498.84,4502) size 78.92x23 contains 1 chunk(s)
        LayoutSVGInlineText {#text} at (2498.84,4502) size 78.92x23
          chunk 1 text run 1 at (2500.00,4520.00) startOffset 0 endOffset 11 width 77.76: "just a text"
      LayoutSVGText {text} at (2598.84,4502) size 78.92x23 contains 1 chunk(s)
        LayoutSVGInlineText {#text} at (2598.84,4502) size 78.92x23
          chunk 1 text run 1 at (2600.00,4520.00) startOffset 0 endOffset 11 width 77.76: "just a text"
      LayoutSVGText {text} at (2698.84,4502) size 78.92x23 contains 1 chunk(s)
        LayoutSVGInlineText {#text} at (2698.84,4502) size 78.92x23
          chunk 1 text run 1 at (2700.00,4520.00) startOffset 0 endOffset 11 width 77.76: "just a text"
      LayoutSVGText {text} at (2798.84,4502) size 78.92x23 contains 1 chunk(s)
        LayoutSVGInlineText {#text} at (2798.84,4502) size 78.92x23
          chunk 1 text run 1 at (2800.00,4520.00) startOffset 0 endOffset 11 width 77.76: "just a text"
      LayoutSVGText {text} at (2898.84,4502) size 78.92x23 contains 1 chunk(s)
        LayoutSVGInlineText {#text} at (2898.84,4502) size 78.92x23
          chunk 1 text run 1 at (2900.00,4520.00) startOffset 0 endOffset 11 width 77.76: "just a text"
      LayoutSVGText {text} at (2998.84,4502) size 78.92x23 contains 1 chunk(s)
        LayoutSVGInlineText {#text} at (2998.84,4502) size 78.92x23
          chunk 1 text run 1 at (3000.00,4520.00) startOffset 0 endOffset 11 width 77.76: "just a text"
      LayoutSVGText {text} at (3098.84,4502) size 78.92x23 contains 1 chunk(s)
        LayoutSVGInlineText {#text} at (3098.84,4502) size 78.92x23
          chunk 1 text run 1 at (3100.00,4520.00) startOffset 0 endOffset 11 width 77.76: "just a text"
      LayoutSVGText {text} at (3198.84,4502) size 78.92x23 contains 1 chunk(s)
        LayoutSVGInlineText {#text} at (3198.84,4502) size 78.92x23
          chunk 1 text run 1 at (3200.00,4520.00) startOffset 0 endOffset 11 width 77.76: "just a text"
      LayoutSVGText {text} at (3298.84,4502) size 78.92x23 contains 1 chunk(s)
        LayoutSVGInlineText {#text} at (3298.84,4502) size 78.92x23
          chunk 1 text run 1 at (3300.00,4520.00) startOffset 0 endOffset 11 width 77.76: "just a text"
      LayoutSVGText {text} at (3398.84,4502) size 78.92x23 contains 1 chunk(s)
        LayoutSVGInlineText {#text} at (3398.84,4502) size 78.92x23
          chunk 1 text run 1 at (3400.00,4520.00) startOffset 0 endOffset 11 width 77.76: "just a text"
      LayoutSVGText {text} at (3498.84,4502) size 78.92x23 contains 1 chunk(s)
        LayoutSVGInlineText {#text} at (3498.84,4502) size 78.92x23
          chunk 1 text run 1 at (3500.00,4520.00) startOffset 0 endOffset 11 width 77.76: "just a text"
      LayoutSVGText {text} at (3598.84,4502) size 78.92x23 contains 1 chunk(s)
        LayoutSVGInlineText {#text} at (3598.84,4502) size 78.92x23
          chunk 1 text run 1 at (3600.00,4520.00) startOffset 0 endOffset 11 width 77.76: "just a text"
      LayoutSVGText {text} at (3698.84,4502) size 78.92x23 contains 1 chunk(s)
        LayoutSVGInlineText {#text} at (3698.84,4502) size 78.92x23
          chunk 1 text run 1 at (3700.00,4520.00) startOffset 0 endOffset 11 width 77.76: "just a text"
      LayoutSVGText {text} at (3798.84,4502) size 78.92x23 contains 1 chunk(s)
        LayoutSVGInlineText {#text} at (3798.84,4502) size 78.92x23
          chunk 1 text run 1 at (3800.00,4520.00) startOffset 0 endOffset 11 width 77.76: "just a text"
      LayoutSVGText {text} at (3898.84,4502) size 78.92x23 contains 1 chunk(s)
        LayoutSVGInlineText {#text} at (3898.84,4502) size 78.92x23
          chunk 1 text run 1 at (3900.00,4520.00) startOffset 0 endOffset 11 width 77.76: "just a text"
      LayoutSVGText {text} at (3998.84,4502) size 78.92x23 contains 1 chunk(s)
        LayoutSVGInlineText {#text} at (3998.84,4502) size 78.92x23
          chunk 1 text run 1 at (4000.00,4520.00) startOffset 0 endOffset 11 width 77.76: "just a text"
      LayoutSVGText {text} at (4098.84,4502) size 78.92x23 contains 1 chunk(s)
        LayoutSVGInlineText {#text} at (4098.84,4502) size 78.92x23
          chunk 1 text run 1 at (4100.00,4520.00) startOffset 0 endOffset 11 width 77.76: "just a text"
      LayoutSVGText {text} at (4198.84,4502) size 78.92x23 contains 1 chunk(s)
        LayoutSVGInlineText {#text} at (4198.84,4502) size 78.92x23
          chunk 1 text run 1 at (4200.00,4520.00) startOffset 0 endOffset 11 width 77.76: "just a text"
      LayoutSVGText {text} at (4298.84,4502) size 78.92x23 contains 1 chunk(s)
        LayoutSVGInlineText {#text} at (4298.84,4502) size 78.92x23
          chunk 1 text run 1 at (4300.00,4520.00) startOffset 0 endOffset 11 width 77.76: "just a text"
      LayoutSVGText {text} at (4398.84,4502) size 78.92x23 contains 1 chunk(s)
        LayoutSVGInlineText {#text} at (4398.84,4502) size 78.92x23
          chunk 1 text run 1 at (4400.00,4520.00) startOffset 0 endOffset 11 width 77.76: "just a text"
      LayoutSVGText {text} at (4498.84,4502) size 78.92x23 contains 1 chunk(s)
        LayoutSVGInlineText {#text} at (4498.84,4502) size 78.92x23
          chunk 1 text run 1 at (4500.00,4520.00) startOffset 0 endOffset 11 width 77.76: "just a text"
      LayoutSVGText {text} at (4598.84,4502) size 78.92x23 contains 1 chunk(s)
        LayoutSVGInlineText {#text} at (4598.84,4502) size 78.92x23
          chunk 1 text run 1 at (4600.00,4520.00) startOffset 0 endOffset 11 width 77.76: "just a text"
      LayoutSVGText {text} at (4698.84,4502) size 78.92x23 contains 1 chunk(s)
        LayoutSVGInlineText {#text} at (4698.84,4502) size 78.92x23
          chunk 1 text run 1 at (4700.00,4520.00) startOffset 0 endOffset 11 width 77.76: "just a text"
      LayoutSVGText {text} at (4798.84,4502) size 78.92x23 contains 1 chunk(s)
        LayoutSVGInlineText {#text} at (4798.84,4502) size 78.92x23
          chunk 1 text run 1 at (4800.00,4520.00) startOffset 0 endOffset 11 width 77.76: "just a text"
      LayoutSVGText {text} at (4898.84,4502) size 78.92x23 contains 1 chunk(s)
        LayoutSVGInlineText {#text} at (4898.84,4502) size 78.92x23
          chunk 1 text run 1 at (4900.00,4520.00) startOffset 0 endOffset 11 width 77.76: "just a text"
      LayoutSVGText {text} at (-1.14,4602) size 78.92x23 contains 1 chunk(s)
        LayoutSVGInlineText {#text} at (-1.14,4602) size 78.92x23
          chunk 1 text run 1 at (0.00,4620.00) startOffset 0 endOffset 11 width 77.76: "just a text"
      LayoutSVGText {text} at (98.84,4602) size 78.92x23 contains 1 chunk(s)
        LayoutSVGInlineText {#text} at (98.84,4602) size 78.92x23
          chunk 1 text run 1 at (100.00,4620.00) startOffset 0 endOffset 11 width 77.76: "just a text"
      LayoutSVGText {text} at (198.84,4602) size 78.92x23 contains 1 chunk(s)
        LayoutSVGInlineText {#text} at (198.84,4602) size 78.92x23
          chunk 1 text run 1 at (200.00,4620.00) startOffset 0 endOffset 11 width 77.76: "just a text"
      LayoutSVGText {text} at (298.84,4602) size 78.92x23 contains 1 chunk(s)
        LayoutSVGInlineText {#text} at (298.84,4602) size 78.92x23
          chunk 1 text run 1 at (300.00,4620.00) startOffset 0 endOffset 11 width 77.76: "just a text"
      LayoutSVGText {text} at (398.84,4602) size 78.92x23 contains 1 chunk(s)
        LayoutSVGInlineText {#text} at (398.84,4602) size 78.92x23
          chunk 1 text run 1 at (400.00,4620.00) startOffset 0 endOffset 11 width 77.76: "just a text"
      LayoutSVGText {text} at (498.84,4602) size 78.92x23 contains 1 chunk(s)
        LayoutSVGInlineText {#text} at (498.84,4602) size 78.92x23
          chunk 1 text run 1 at (500.00,4620.00) startOffset 0 endOffset 11 width 77.76: "just a text"
      LayoutSVGText {text} at (598.84,4602) size 78.92x23 contains 1 chunk(s)
        LayoutSVGInlineText {#text} at (598.84,4602) size 78.92x23
          chunk 1 text run 1 at (600.00,4620.00) startOffset 0 endOffset 11 width 77.76: "just a text"
      LayoutSVGText {text} at (698.84,4602) size 78.92x23 contains 1 chunk(s)
        LayoutSVGInlineText {#text} at (698.84,4602) size 78.92x23
          chunk 1 text run 1 at (700.00,4620.00) startOffset 0 endOffset 11 width 77.76: "just a text"
      LayoutSVGText {text} at (798.84,4602) size 78.92x23 contains 1 chunk(s)
        LayoutSVGInlineText {#text} at (798.84,4602) size 78.92x23
          chunk 1 text run 1 at (800.00,4620.00) startOffset 0 endOffset 11 width 77.76: "just a text"
      LayoutSVGText {text} at (898.84,4602) size 78.92x23 contains 1 chunk(s)
        LayoutSVGInlineText {#text} at (898.84,4602) size 78.92x23
          chunk 1 text run 1 at (900.00,4620.00) startOffset 0 endOffset 11 width 77.76: "just a text"
      LayoutSVGText {text} at (998.84,4602) size 78.92x23 contains 1 chunk(s)
        LayoutSVGInlineText {#text} at (998.84,4602) size 78.92x23
          chunk 1 text run 1 at (1000.00,4620.00) startOffset 0 endOffset 11 width 77.76: "just a text"
      LayoutSVGText {text} at (1098.84,4602) size 78.92x23 contains 1 chunk(s)
        LayoutSVGInlineText {#text} at (1098.84,4602) size 78.92x23
          chunk 1 text run 1 at (1100.00,4620.00) startOffset 0 endOffset 11 width 77.76: "just a text"
      LayoutSVGText {text} at (1198.84,4602) size 78.92x23 contains 1 chunk(s)
        LayoutSVGInlineText {#text} at (1198.84,4602) size 78.92x23
          chunk 1 text run 1 at (1200.00,4620.00) startOffset 0 endOffset 11 width 77.76: "just a text"
      LayoutSVGText {text} at (1298.84,4602) size 78.92x23 contains 1 chunk(s)
        LayoutSVGInlineText {#text} at (1298.84,4602) size 78.92x23
          chunk 1 text run 1 at (1300.00,4620.00) startOffset 0 endOffset 11 width 77.76: "just a text"
      LayoutSVGText {text} at (1398.84,4602) size 78.92x23 contains 1 chunk(s)
        LayoutSVGInlineText {#text} at (1398.84,4602) size 78.92x23
          chunk 1 text run 1 at (1400.00,4620.00) startOffset 0 endOffset 11 width 77.76: "just a text"
      LayoutSVGText {text} at (1498.84,4602) size 78.92x23 contains 1 chunk(s)
        LayoutSVGInlineText {#text} at (1498.84,4602) size 78.92x23
          chunk 1 text run 1 at (1500.00,4620.00) startOffset 0 endOffset 11 width 77.76: "just a text"
      LayoutSVGText {text} at (1598.84,4602) size 78.92x23 contains 1 chunk(s)
        LayoutSVGInlineText {#text} at (1598.84,4602) size 78.92x23
          chunk 1 text run 1 at (1600.00,4620.00) startOffset 0 endOffset 11 width 77.76: "just a text"
      LayoutSVGText {text} at (1698.84,4602) size 78.92x23 contains 1 chunk(s)
        LayoutSVGInlineText {#text} at (1698.84,4602) size 78.92x23
          chunk 1 text run 1 at (1700.00,4620.00) startOffset 0 endOffset 11 width 77.76: "just a text"
      LayoutSVGText {text} at (1798.84,4602) size 78.92x23 contains 1 chunk(s)
        LayoutSVGInlineText {#text} at (1798.84,4602) size 78.92x23
          chunk 1 text run 1 at (1800.00,4620.00) startOffset 0 endOffset 11 width 77.76: "just a text"
      LayoutSVGText {text} at (1898.84,4602) size 78.92x23 contains 1 chunk(s)
        LayoutSVGInlineText {#text} at (1898.84,4602) size 78.92x23
          chunk 1 text run 1 at (1900.00,4620.00) startOffset 0 endOffset 11 width 77.76: "just a text"
      LayoutSVGText {text} at (1998.84,4602) size 78.92x23 contains 1 chunk(s)
        LayoutSVGInlineText {#text} at (1998.84,4602) size 78.92x23
          chunk 1 text run 1 at (2000.00,4620.00) startOffset 0 endOffset 11 width 77.76: "just a text"
      LayoutSVGText {text} at (2098.84,4602) size 78.92x23 contains 1 chunk(s)
        LayoutSVGInlineText {#text} at (2098.84,4602) size 78.92x23
          chunk 1 text run 1 at (2100.00,4620.00) startOffset 0 endOffset 11 width 77.76: "just a text"
      LayoutSVGText {text} at (2198.84,4602) size 78.92x23 contains 1 chunk(s)
        LayoutSVGInlineText {#text} at (2198.84,4602) size 78.92x23
          chunk 1 text run 1 at (2200.00,4620.00) startOffset 0 endOffset 11 width 77.76: "just a text"
      LayoutSVGText {text} at (2298.84,4602) size 78.92x23 contains 1 chunk(s)
        LayoutSVGInlineText {#text} at (2298.84,4602) size 78.92x23
          chunk 1 text run 1 at (2300.00,4620.00) startOffset 0 endOffset 11 width 77.76: "just a text"
      LayoutSVGText {text} at (2398.84,4602) size 78.92x23 contains 1 chunk(s)
        LayoutSVGInlineText {#text} at (2398.84,4602) size 78.92x23
          chunk 1 text run 1 at (2400.00,4620.00) startOffset 0 endOffset 11 width 77.76: "just a text"
      LayoutSVGText {text} at (2498.84,4602) size 78.92x23 contains 1 chunk(s)
        LayoutSVGInlineText {#text} at (2498.84,4602) size 78.92x23
          chunk 1 text run 1 at (2500.00,4620.00) startOffset 0 endOffset 11 width 77.76: "just a text"
      LayoutSVGText {text} at (2598.84,4602) size 78.92x23 contains 1 chunk(s)
        LayoutSVGInlineText {#text} at (2598.84,4602) size 78.92x23
          chunk 1 text run 1 at (2600.00,4620.00) startOffset 0 endOffset 11 width 77.76: "just a text"
      LayoutSVGText {text} at (2698.84,4602) size 78.92x23 contains 1 chunk(s)
        LayoutSVGInlineText {#text} at (2698.84,4602) size 78.92x23
          chunk 1 text run 1 at (2700.00,4620.00) startOffset 0 endOffset 11 width 77.76: "just a text"
      LayoutSVGText {text} at (2798.84,4602) size 78.92x23 contains 1 chunk(s)
        LayoutSVGInlineText {#text} at (2798.84,4602) size 78.92x23
          chunk 1 text run 1 at (2800.00,4620.00) startOffset 0 endOffset 11 width 77.76: "just a text"
      LayoutSVGText {text} at (2898.84,4602) size 78.92x23 contains 1 chunk(s)
        LayoutSVGInlineText {#text} at (2898.84,4602) size 78.92x23
          chunk 1 text run 1 at (2900.00,4620.00) startOffset 0 endOffset 11 width 77.76: "just a text"
      LayoutSVGText {text} at (2998.84,4602) size 78.92x23 contains 1 chunk(s)
        LayoutSVGInlineText {#text} at (2998.84,4602) size 78.92x23
          chunk 1 text run 1 at (3000.00,4620.00) startOffset 0 endOffset 11 width 77.76: "just a text"
      LayoutSVGText {text} at (3098.84,4602) size 78.92x23 contains 1 chunk(s)
        LayoutSVGInlineText {#text} at (3098.84,4602) size 78.92x23
          chunk 1 text run 1 at (3100.00,4620.00) startOffset 0 endOffset 11 width 77.76: "just a text"
      LayoutSVGText {text} at (3198.84,4602) size 78.92x23 contains 1 chunk(s)
        LayoutSVGInlineText {#text} at (3198.84,4602) size 78.92x23
          chunk 1 text run 1 at (3200.00,4620.00) startOffset 0 endOffset 11 width 77.76: "just a text"
      LayoutSVGText {text} at (3298.84,4602) size 78.92x23 contains 1 chunk(s)
        LayoutSVGInlineText {#text} at (3298.84,4602) size 78.92x23
          chunk 1 text run 1 at (3300.00,4620.00) startOffset 0 endOffset 11 width 77.76: "just a text"
      LayoutSVGText {text} at (3398.84,4602) size 78.92x23 contains 1 chunk(s)
        LayoutSVGInlineText {#text} at (3398.84,4602) size 78.92x23
          chunk 1 text run 1 at (3400.00,4620.00) startOffset 0 endOffset 11 width 77.76: "just a text"
      LayoutSVGText {text} at (3498.84,4602) size 78.92x23 contains 1 chunk(s)
        LayoutSVGInlineText {#text} at (3498.84,4602) size 78.92x23
          chunk 1 text run 1 at (3500.00,4620.00) startOffset 0 endOffset 11 width 77.76: "just a text"
      LayoutSVGText {text} at (3598.84,4602) size 78.92x23 contains 1 chunk(s)
        LayoutSVGInlineText {#text} at (3598.84,4602) size 78.92x23
          chunk 1 text run 1 at (3600.00,4620.00) startOffset 0 endOffset 11 width 77.76: "just a text"
      LayoutSVGText {text} at (3698.84,4602) size 78.92x23 contains 1 chunk(s)
        LayoutSVGInlineText {#text} at (3698.84,4602) size 78.92x23
          chunk 1 text run 1 at (3700.00,4620.00) startOffset 0 endOffset 11 width 77.76: "just a text"
      LayoutSVGText {text} at (3798.84,4602) size 78.92x23 contains 1 chunk(s)
        LayoutSVGInlineText {#text} at (3798.84,4602) size 78.92x23
          chunk 1 text run 1 at (3800.00,4620.00) startOffset 0 endOffset 11 width 77.76: "just a text"
      LayoutSVGText {text} at (3898.84,4602) size 78.92x23 contains 1 chunk(s)
        LayoutSVGInlineText {#text} at (3898.84,4602) size 78.92x23
          chunk 1 text run 1 at (3900.00,4620.00) startOffset 0 endOffset 11 width 77.76: "just a text"
      LayoutSVGText {text} at (3998.84,4602) size 78.92x23 contains 1 chunk(s)
        LayoutSVGInlineText {#text} at (3998.84,4602) size 78.92x23
          chunk 1 text run 1 at (4000.00,4620.00) startOffset 0 endOffset 11 width 77.76: "just a text"
      LayoutSVGText {text} at (4098.84,4602) size 78.92x23 contains 1 chunk(s)
        LayoutSVGInlineText {#text} at (4098.84,4602) size 78.92x23
          chunk 1 text run 1 at (4100.00,4620.00) startOffset 0 endOffset 11 width 77.76: "just a text"
      LayoutSVGText {text} at (4198.84,4602) size 78.92x23 contains 1 chunk(s)
        LayoutSVGInlineText {#text} at (4198.84,4602) size 78.92x23
          chunk 1 text run 1 at (4200.00,4620.00) startOffset 0 endOffset 11 width 77.76: "just a text"
      LayoutSVGText {text} at (4298.84,4602) size 78.92x23 contains 1 chunk(s)
        LayoutSVGInlineText {#text} at (4298.84,4602) size 78.92x23
          chunk 1 text run 1 at (4300.00,4620.00) startOffset 0 endOffset 11 width 77.76: "just a text"
      LayoutSVGText {text} at (4398.84,4602) size 78.92x23 contains 1 chunk(s)
        LayoutSVGInlineText {#text} at (4398.84,4602) size 78.92x23
          chunk 1 text run 1 at (4400.00,4620.00) startOffset 0 endOffset 11 width 77.76: "just a text"
      LayoutSVGText {text} at (4498.84,4602) size 78.92x23 contains 1 chunk(s)
        LayoutSVGInlineText {#text} at (4498.84,4602) size 78.92x23
          chunk 1 text run 1 at (4500.00,4620.00) startOffset 0 endOffset 11 width 77.76: "just a text"
      LayoutSVGText {text} at (4598.84,4602) size 78.92x23 contains 1 chunk(s)
        LayoutSVGInlineText {#text} at (4598.84,4602) size 78.92x23
          chunk 1 text run 1 at (4600.00,4620.00) startOffset 0 endOffset 11 width 77.76: "just a text"
      LayoutSVGText {text} at (4698.84,4602) size 78.92x23 contains 1 chunk(s)
        LayoutSVGInlineText {#text} at (4698.84,4602) size 78.92x23
          chunk 1 text run 1 at (4700.00,4620.00) startOffset 0 endOffset 11 width 77.76: "just a text"
      LayoutSVGText {text} at (4798.84,4602) size 78.92x23 contains 1 chunk(s)
        LayoutSVGInlineText {#text} at (4798.84,4602) size 78.92x23
          chunk 1 text run 1 at (4800.00,4620.00) startOffset 0 endOffset 11 width 77.76: "just a text"
      LayoutSVGText {text} at (4898.84,4602) size 78.92x23 contains 1 chunk(s)
        LayoutSVGInlineText {#text} at (4898.84,4602) size 78.92x23
          chunk 1 text run 1 at (4900.00,4620.00) startOffset 0 endOffset 11 width 77.76: "just a text"
      LayoutSVGText {text} at (-1.14,4702) size 78.92x23 contains 1 chunk(s)
        LayoutSVGInlineText {#text} at (-1.14,4702) size 78.92x23
          chunk 1 text run 1 at (0.00,4720.00) startOffset 0 endOffset 11 width 77.76: "just a text"
      LayoutSVGText {text} at (98.84,4702) size 78.92x23 contains 1 chunk(s)
        LayoutSVGInlineText {#text} at (98.84,4702) size 78.92x23
          chunk 1 text run 1 at (100.00,4720.00) startOffset 0 endOffset 11 width 77.76: "just a text"
      LayoutSVGText {text} at (198.84,4702) size 78.92x23 contains 1 chunk(s)
        LayoutSVGInlineText {#text} at (198.84,4702) size 78.92x23
          chunk 1 text run 1 at (200.00,4720.00) startOffset 0 endOffset 11 width 77.76: "just a text"
      LayoutSVGText {text} at (298.84,4702) size 78.92x23 contains 1 chunk(s)
        LayoutSVGInlineText {#text} at (298.84,4702) size 78.92x23
          chunk 1 text run 1 at (300.00,4720.00) startOffset 0 endOffset 11 width 77.76: "just a text"
      LayoutSVGText {text} at (398.84,4702) size 78.92x23 contains 1 chunk(s)
        LayoutSVGInlineText {#text} at (398.84,4702) size 78.92x23
          chunk 1 text run 1 at (400.00,4720.00) startOffset 0 endOffset 11 width 77.76: "just a text"
      LayoutSVGText {text} at (498.84,4702) size 78.92x23 contains 1 chunk(s)
        LayoutSVGInlineText {#text} at (498.84,4702) size 78.92x23
          chunk 1 text run 1 at (500.00,4720.00) startOffset 0 endOffset 11 width 77.76: "just a text"
      LayoutSVGText {text} at (598.84,4702) size 78.92x23 contains 1 chunk(s)
        LayoutSVGInlineText {#text} at (598.84,4702) size 78.92x23
          chunk 1 text run 1 at (600.00,4720.00) startOffset 0 endOffset 11 width 77.76: "just a text"
      LayoutSVGText {text} at (698.84,4702) size 78.92x23 contains 1 chunk(s)
        LayoutSVGInlineText {#text} at (698.84,4702) size 78.92x23
          chunk 1 text run 1 at (700.00,4720.00) startOffset 0 endOffset 11 width 77.76: "just a text"
      LayoutSVGText {text} at (798.84,4702) size 78.92x23 contains 1 chunk(s)
        LayoutSVGInlineText {#text} at (798.84,4702) size 78.92x23
          chunk 1 text run 1 at (800.00,4720.00) startOffset 0 endOffset 11 width 77.76: "just a text"
      LayoutSVGText {text} at (898.84,4702) size 78.92x23 contains 1 chunk(s)
        LayoutSVGInlineText {#text} at (898.84,4702) size 78.92x23
          chunk 1 text run 1 at (900.00,4720.00) startOffset 0 endOffset 11 width 77.76: "just a text"
      LayoutSVGText {text} at (998.84,4702) size 78.92x23 contains 1 chunk(s)
        LayoutSVGInlineText {#text} at (998.84,4702) size 78.92x23
          chunk 1 text run 1 at (1000.00,4720.00) startOffset 0 endOffset 11 width 77.76: "just a text"
      LayoutSVGText {text} at (1098.84,4702) size 78.92x23 contains 1 chunk(s)
        LayoutSVGInlineText {#text} at (1098.84,4702) size 78.92x23
          chunk 1 text run 1 at (1100.00,4720.00) startOffset 0 endOffset 11 width 77.76: "just a text"
      LayoutSVGText {text} at (1198.84,4702) size 78.92x23 contains 1 chunk(s)
        LayoutSVGInlineText {#text} at (1198.84,4702) size 78.92x23
          chunk 1 text run 1 at (1200.00,4720.00) startOffset 0 endOffset 11 width 77.76: "just a text"
      LayoutSVGText {text} at (1298.84,4702) size 78.92x23 contains 1 chunk(s)
        LayoutSVGInlineText {#text} at (1298.84,4702) size 78.92x23
          chunk 1 text run 1 at (1300.00,4720.00) startOffset 0 endOffset 11 width 77.76: "just a text"
      LayoutSVGText {text} at (1398.84,4702) size 78.92x23 contains 1 chunk(s)
        LayoutSVGInlineText {#text} at (1398.84,4702) size 78.92x23
          chunk 1 text run 1 at (1400.00,4720.00) startOffset 0 endOffset 11 width 77.76: "just a text"
      LayoutSVGText {text} at (1498.84,4702) size 78.92x23 contains 1 chunk(s)
        LayoutSVGInlineText {#text} at (1498.84,4702) size 78.92x23
          chunk 1 text run 1 at (1500.00,4720.00) startOffset 0 endOffset 11 width 77.76: "just a text"
      LayoutSVGText {text} at (1598.84,4702) size 78.92x23 contains 1 chunk(s)
        LayoutSVGInlineText {#text} at (1598.84,4702) size 78.92x23
          chunk 1 text run 1 at (1600.00,4720.00) startOffset 0 endOffset 11 width 77.76: "just a text"
      LayoutSVGText {text} at (1698.84,4702) size 78.92x23 contains 1 chunk(s)
        LayoutSVGInlineText {#text} at (1698.84,4702) size 78.92x23
          chunk 1 text run 1 at (1700.00,4720.00) startOffset 0 endOffset 11 width 77.76: "just a text"
      LayoutSVGText {text} at (1798.84,4702) size 78.92x23 contains 1 chunk(s)
        LayoutSVGInlineText {#text} at (1798.84,4702) size 78.92x23
          chunk 1 text run 1 at (1800.00,4720.00) startOffset 0 endOffset 11 width 77.76: "just a text"
      LayoutSVGText {text} at (1898.84,4702) size 78.92x23 contains 1 chunk(s)
        LayoutSVGInlineText {#text} at (1898.84,4702) size 78.92x23
          chunk 1 text run 1 at (1900.00,4720.00) startOffset 0 endOffset 11 width 77.76: "just a text"
      LayoutSVGText {text} at (1998.84,4702) size 78.92x23 contains 1 chunk(s)
        LayoutSVGInlineText {#text} at (1998.84,4702) size 78.92x23
          chunk 1 text run 1 at (2000.00,4720.00) startOffset 0 endOffset 11 width 77.76: "just a text"
      LayoutSVGText {text} at (2098.84,4702) size 78.92x23 contains 1 chunk(s)
        LayoutSVGInlineText {#text} at (2098.84,4702) size 78.92x23
          chunk 1 text run 1 at (2100.00,4720.00) startOffset 0 endOffset 11 width 77.76: "just a text"
      LayoutSVGText {text} at (2198.84,4702) size 78.92x23 contains 1 chunk(s)
        LayoutSVGInlineText {#text} at (2198.84,4702) size 78.92x23
          chunk 1 text run 1 at (2200.00,4720.00) startOffset 0 endOffset 11 width 77.76: "just a text"
      LayoutSVGText {text} at (2298.84,4702) size 78.92x23 contains 1 chunk(s)
        LayoutSVGInlineText {#text} at (2298.84,4702) size 78.92x23
          chunk 1 text run 1 at (2300.00,4720.00) startOffset 0 endOffset 11 width 77.76: "just a text"
      LayoutSVGText {text} at (2398.84,4702) size 78.92x23 contains 1 chunk(s)
        LayoutSVGInlineText {#text} at (2398.84,4702) size 78.92x23
          chunk 1 text run 1 at (2400.00,4720.00) startOffset 0 endOffset 11 width 77.76: "just a text"
      LayoutSVGText {text} at (2498.84,4702) size 78.92x23 contains 1 chunk(s)
        LayoutSVGInlineText {#text} at (2498.84,4702) size 78.92x23
          chunk 1 text run 1 at (2500.00,4720.00) startOffset 0 endOffset 11 width 77.76: "just a text"
      LayoutSVGText {text} at (2598.84,4702) size 78.92x23 contains 1 chunk(s)
        LayoutSVGInlineText {#text} at (2598.84,4702) size 78.92x23
          chunk 1 text run 1 at (2600.00,4720.00) startOffset 0 endOffset 11 width 77.76: "just a text"
      LayoutSVGText {text} at (2698.84,4702) size 78.92x23 contains 1 chunk(s)
        LayoutSVGInlineText {#text} at (2698.84,4702) size 78.92x23
          chunk 1 text run 1 at (2700.00,4720.00) startOffset 0 endOffset 11 width 77.76: "just a text"
      LayoutSVGText {text} at (2798.84,4702) size 78.92x23 contains 1 chunk(s)
        LayoutSVGInlineText {#text} at (2798.84,4702) size 78.92x23
          chunk 1 text run 1 at (2800.00,4720.00) startOffset 0 endOffset 11 width 77.76: "just a text"
      LayoutSVGText {text} at (2898.84,4702) size 78.92x23 contains 1 chunk(s)
        LayoutSVGInlineText {#text} at (2898.84,4702) size 78.92x23
          chunk 1 text run 1 at (2900.00,4720.00) startOffset 0 endOffset 11 width 77.76: "just a text"
      LayoutSVGText {text} at (2998.84,4702) size 78.92x23 contains 1 chunk(s)
        LayoutSVGInlineText {#text} at (2998.84,4702) size 78.92x23
          chunk 1 text run 1 at (3000.00,4720.00) startOffset 0 endOffset 11 width 77.76: "just a text"
      LayoutSVGText {text} at (3098.84,4702) size 78.92x23 contains 1 chunk(s)
        LayoutSVGInlineText {#text} at (3098.84,4702) size 78.92x23
          chunk 1 text run 1 at (3100.00,4720.00) startOffset 0 endOffset 11 width 77.76: "just a text"
      LayoutSVGText {text} at (3198.84,4702) size 78.92x23 contains 1 chunk(s)
        LayoutSVGInlineText {#text} at (3198.84,4702) size 78.92x23
          chunk 1 text run 1 at (3200.00,4720.00) startOffset 0 endOffset 11 width 77.76: "just a text"
      LayoutSVGText {text} at (3298.84,4702) size 78.92x23 contains 1 chunk(s)
        LayoutSVGInlineText {#text} at (3298.84,4702) size 78.92x23
          chunk 1 text run 1 at (3300.00,4720.00) startOffset 0 endOffset 11 width 77.76: "just a text"
      LayoutSVGText {text} at (3398.84,4702) size 78.92x23 contains 1 chunk(s)
        LayoutSVGInlineText {#text} at (3398.84,4702) size 78.92x23
          chunk 1 text run 1 at (3400.00,4720.00) startOffset 0 endOffset 11 width 77.76: "just a text"
      LayoutSVGText {text} at (3498.84,4702) size 78.92x23 contains 1 chunk(s)
        LayoutSVGInlineText {#text} at (3498.84,4702) size 78.92x23
          chunk 1 text run 1 at (3500.00,4720.00) startOffset 0 endOffset 11 width 77.76: "just a text"
      LayoutSVGText {text} at (3598.84,4702) size 78.92x23 contains 1 chunk(s)
        LayoutSVGInlineText {#text} at (3598.84,4702) size 78.92x23
          chunk 1 text run 1 at (3600.00,4720.00) startOffset 0 endOffset 11 width 77.76: "just a text"
      LayoutSVGText {text} at (3698.84,4702) size 78.92x23 contains 1 chunk(s)
        LayoutSVGInlineText {#text} at (3698.84,4702) size 78.92x23
          chunk 1 text run 1 at (3700.00,4720.00) startOffset 0 endOffset 11 width 77.76: "just a text"
      LayoutSVGText {text} at (3798.84,4702) size 78.92x23 contains 1 chunk(s)
        LayoutSVGInlineText {#text} at (3798.84,4702) size 78.92x23
          chunk 1 text run 1 at (3800.00,4720.00) startOffset 0 endOffset 11 width 77.76: "just a text"
      LayoutSVGText {text} at (3898.84,4702) size 78.92x23 contains 1 chunk(s)
        LayoutSVGInlineText {#text} at (3898.84,4702) size 78.92x23
          chunk 1 text run 1 at (3900.00,4720.00) startOffset 0 endOffset 11 width 77.76: "just a text"
      LayoutSVGText {text} at (3998.84,4702) size 78.92x23 contains 1 chunk(s)
        LayoutSVGInlineText {#text} at (3998.84,4702) size 78.92x23
          chunk 1 text run 1 at (4000.00,4720.00) startOffset 0 endOffset 11 width 77.76: "just a text"
      LayoutSVGText {text} at (4098.84,4702) size 78.92x23 contains 1 chunk(s)
        LayoutSVGInlineText {#text} at (4098.84,4702) size 78.92x23
          chunk 1 text run 1 at (4100.00,4720.00) startOffset 0 endOffset 11 width 77.76: "just a text"
      LayoutSVGText {text} at (4198.84,4702) size 78.92x23 contains 1 chunk(s)
        LayoutSVGInlineText {#text} at (4198.84,4702) size 78.92x23
          chunk 1 text run 1 at (4200.00,4720.00) startOffset 0 endOffset 11 width 77.76: "just a text"
      LayoutSVGText {text} at (4298.84,4702) size 78.92x23 contains 1 chunk(s)
        LayoutSVGInlineText {#text} at (4298.84,4702) size 78.92x23
          chunk 1 text run 1 at (4300.00,4720.00) startOffset 0 endOffset 11 width 77.76: "just a text"
      LayoutSVGText {text} at (4398.84,4702) size 78.92x23 contains 1 chunk(s)
        LayoutSVGInlineText {#text} at (4398.84,4702) size 78.92x23
          chunk 1 text run 1 at (4400.00,4720.00) startOffset 0 endOffset 11 width 77.76: "just a text"
      LayoutSVGText {text} at (4498.84,4702) size 78.92x23 contains 1 chunk(s)
        LayoutSVGInlineText {#text} at (4498.84,4702) size 78.92x23
          chunk 1 text run 1 at (4500.00,4720.00) startOffset 0 endOffset 11 width 77.76: "just a text"
      LayoutSVGText {text} at (4598.84,4702) size 78.92x23 contains 1 chunk(s)
        LayoutSVGInlineText {#text} at (4598.84,4702) size 78.92x23
          chunk 1 text run 1 at (4600.00,4720.00) startOffset 0 endOffset 11 width 77.76: "just a text"
      LayoutSVGText {text} at (4698.84,4702) size 78.92x23 contains 1 chunk(s)
        LayoutSVGInlineText {#text} at (4698.84,4702) size 78.92x23
          chunk 1 text run 1 at (4700.00,4720.00) startOffset 0 endOffset 11 width 77.76: "just a text"
      LayoutSVGText {text} at (4798.84,4702) size 78.92x23 contains 1 chunk(s)
        LayoutSVGInlineText {#text} at (4798.84,4702) size 78.92x23
          chunk 1 text run 1 at (4800.00,4720.00) startOffset 0 endOffset 11 width 77.76: "just a text"
      LayoutSVGText {text} at (4898.84,4702) size 78.92x23 contains 1 chunk(s)
        LayoutSVGInlineText {#text} at (4898.84,4702) size 78.92x23
          chunk 1 text run 1 at (4900.00,4720.00) startOffset 0 endOffset 11 width 77.76: "just a text"
      LayoutSVGText {text} at (-1.14,4802) size 78.92x23 contains 1 chunk(s)
        LayoutSVGInlineText {#text} at (-1.14,4802) size 78.92x23
          chunk 1 text run 1 at (0.00,4820.00) startOffset 0 endOffset 11 width 77.76: "just a text"
      LayoutSVGText {text} at (98.84,4802) size 78.92x23 contains 1 chunk(s)
        LayoutSVGInlineText {#text} at (98.84,4802) size 78.92x23
          chunk 1 text run 1 at (100.00,4820.00) startOffset 0 endOffset 11 width 77.76: "just a text"
      LayoutSVGText {text} at (198.84,4802) size 78.92x23 contains 1 chunk(s)
        LayoutSVGInlineText {#text} at (198.84,4802) size 78.92x23
          chunk 1 text run 1 at (200.00,4820.00) startOffset 0 endOffset 11 width 77.76: "just a text"
      LayoutSVGText {text} at (298.84,4802) size 78.92x23 contains 1 chunk(s)
        LayoutSVGInlineText {#text} at (298.84,4802) size 78.92x23
          chunk 1 text run 1 at (300.00,4820.00) startOffset 0 endOffset 11 width 77.76: "just a text"
      LayoutSVGText {text} at (398.84,4802) size 78.92x23 contains 1 chunk(s)
        LayoutSVGInlineText {#text} at (398.84,4802) size 78.92x23
          chunk 1 text run 1 at (400.00,4820.00) startOffset 0 endOffset 11 width 77.76: "just a text"
      LayoutSVGText {text} at (498.84,4802) size 78.92x23 contains 1 chunk(s)
        LayoutSVGInlineText {#text} at (498.84,4802) size 78.92x23
          chunk 1 text run 1 at (500.00,4820.00) startOffset 0 endOffset 11 width 77.76: "just a text"
      LayoutSVGText {text} at (598.84,4802) size 78.92x23 contains 1 chunk(s)
        LayoutSVGInlineText {#text} at (598.84,4802) size 78.92x23
          chunk 1 text run 1 at (600.00,4820.00) startOffset 0 endOffset 11 width 77.76: "just a text"
      LayoutSVGText {text} at (698.84,4802) size 78.92x23 contains 1 chunk(s)
        LayoutSVGInlineText {#text} at (698.84,4802) size 78.92x23
          chunk 1 text run 1 at (700.00,4820.00) startOffset 0 endOffset 11 width 77.76: "just a text"
      LayoutSVGText {text} at (798.84,4802) size 78.92x23 contains 1 chunk(s)
        LayoutSVGInlineText {#text} at (798.84,4802) size 78.92x23
          chunk 1 text run 1 at (800.00,4820.00) startOffset 0 endOffset 11 width 77.76: "just a text"
      LayoutSVGText {text} at (898.84,4802) size 78.92x23 contains 1 chunk(s)
        LayoutSVGInlineText {#text} at (898.84,4802) size 78.92x23
          chunk 1 text run 1 at (900.00,4820.00) startOffset 0 endOffset 11 width 77.76: "just a text"
      LayoutSVGText {text} at (998.84,4802) size 78.92x23 contains 1 chunk(s)
        LayoutSVGInlineText {#text} at (998.84,4802) size 78.92x23
          chunk 1 text run 1 at (1000.00,4820.00) startOffset 0 endOffset 11 width 77.76: "just a text"
      LayoutSVGText {text} at (1098.84,4802) size 78.92x23 contains 1 chunk(s)
        LayoutSVGInlineText {#text} at (1098.84,4802) size 78.92x23
          chunk 1 text run 1 at (1100.00,4820.00) startOffset 0 endOffset 11 width 77.76: "just a text"
      LayoutSVGText {text} at (1198.84,4802) size 78.92x23 contains 1 chunk(s)
        LayoutSVGInlineText {#text} at (1198.84,4802) size 78.92x23
          chunk 1 text run 1 at (1200.00,4820.00) startOffset 0 endOffset 11 width 77.76: "just a text"
      LayoutSVGText {text} at (1298.84,4802) size 78.92x23 contains 1 chunk(s)
        LayoutSVGInlineText {#text} at (1298.84,4802) size 78.92x23
          chunk 1 text run 1 at (1300.00,4820.00) startOffset 0 endOffset 11 width 77.76: "just a text"
      LayoutSVGText {text} at (1398.84,4802) size 78.92x23 contains 1 chunk(s)
        LayoutSVGInlineText {#text} at (1398.84,4802) size 78.92x23
          chunk 1 text run 1 at (1400.00,4820.00) startOffset 0 endOffset 11 width 77.76: "just a text"
      LayoutSVGText {text} at (1498.84,4802) size 78.92x23 contains 1 chunk(s)
        LayoutSVGInlineText {#text} at (1498.84,4802) size 78.92x23
          chunk 1 text run 1 at (1500.00,4820.00) startOffset 0 endOffset 11 width 77.76: "just a text"
      LayoutSVGText {text} at (1598.84,4802) size 78.92x23 contains 1 chunk(s)
        LayoutSVGInlineText {#text} at (1598.84,4802) size 78.92x23
          chunk 1 text run 1 at (1600.00,4820.00) startOffset 0 endOffset 11 width 77.76: "just a text"
      LayoutSVGText {text} at (1698.84,4802) size 78.92x23 contains 1 chunk(s)
        LayoutSVGInlineText {#text} at (1698.84,4802) size 78.92x23
          chunk 1 text run 1 at (1700.00,4820.00) startOffset 0 endOffset 11 width 77.76: "just a text"
      LayoutSVGText {text} at (1798.84,4802) size 78.92x23 contains 1 chunk(s)
        LayoutSVGInlineText {#text} at (1798.84,4802) size 78.92x23
          chunk 1 text run 1 at (1800.00,4820.00) startOffset 0 endOffset 11 width 77.76: "just a text"
      LayoutSVGText {text} at (1898.84,4802) size 78.92x23 contains 1 chunk(s)
        LayoutSVGInlineText {#text} at (1898.84,4802) size 78.92x23
          chunk 1 text run 1 at (1900.00,4820.00) startOffset 0 endOffset 11 width 77.76: "just a text"
      LayoutSVGText {text} at (1998.84,4802) size 78.92x23 contains 1 chunk(s)
        LayoutSVGInlineText {#text} at (1998.84,4802) size 78.92x23
          chunk 1 text run 1 at (2000.00,4820.00) startOffset 0 endOffset 11 width 77.76: "just a text"
      LayoutSVGText {text} at (2098.84,4802) size 78.92x23 contains 1 chunk(s)
        LayoutSVGInlineText {#text} at (2098.84,4802) size 78.92x23
          chunk 1 text run 1 at (2100.00,4820.00) startOffset 0 endOffset 11 width 77.76: "just a text"
      LayoutSVGText {text} at (2198.84,4802) size 78.92x23 contains 1 chunk(s)
        LayoutSVGInlineText {#text} at (2198.84,4802) size 78.92x23
          chunk 1 text run 1 at (2200.00,4820.00) startOffset 0 endOffset 11 width 77.76: "just a text"
      LayoutSVGText {text} at (2298.84,4802) size 78.92x23 contains 1 chunk(s)
        LayoutSVGInlineText {#text} at (2298.84,4802) size 78.92x23
          chunk 1 text run 1 at (2300.00,4820.00) startOffset 0 endOffset 11 width 77.76: "just a text"
      LayoutSVGText {text} at (2398.84,4802) size 78.92x23 contains 1 chunk(s)
        LayoutSVGInlineText {#text} at (2398.84,4802) size 78.92x23
          chunk 1 text run 1 at (2400.00,4820.00) startOffset 0 endOffset 11 width 77.76: "just a text"
      LayoutSVGText {text} at (2498.84,4802) size 78.92x23 contains 1 chunk(s)
        LayoutSVGInlineText {#text} at (2498.84,4802) size 78.92x23
          chunk 1 text run 1 at (2500.00,4820.00) startOffset 0 endOffset 11 width 77.76: "just a text"
      LayoutSVGText {text} at (2598.84,4802) size 78.92x23 contains 1 chunk(s)
        LayoutSVGInlineText {#text} at (2598.84,4802) size 78.92x23
          chunk 1 text run 1 at (2600.00,4820.00) startOffset 0 endOffset 11 width 77.76: "just a text"
      LayoutSVGText {text} at (2698.84,4802) size 78.92x23 contains 1 chunk(s)
        LayoutSVGInlineText {#text} at (2698.84,4802) size 78.92x23
          chunk 1 text run 1 at (2700.00,4820.00) startOffset 0 endOffset 11 width 77.76: "just a text"
      LayoutSVGText {text} at (2798.84,4802) size 78.92x23 contains 1 chunk(s)
        LayoutSVGInlineText {#text} at (2798.84,4802) size 78.92x23
          chunk 1 text run 1 at (2800.00,4820.00) startOffset 0 endOffset 11 width 77.76: "just a text"
      LayoutSVGText {text} at (2898.84,4802) size 78.92x23 contains 1 chunk(s)
        LayoutSVGInlineText {#text} at (2898.84,4802) size 78.92x23
          chunk 1 text run 1 at (2900.00,4820.00) startOffset 0 endOffset 11 width 77.76: "just a text"
      LayoutSVGText {text} at (2998.84,4802) size 78.92x23 contains 1 chunk(s)
        LayoutSVGInlineText {#text} at (2998.84,4802) size 78.92x23
          chunk 1 text run 1 at (3000.00,4820.00) startOffset 0 endOffset 11 width 77.76: "just a text"
      LayoutSVGText {text} at (3098.84,4802) size 78.92x23 contains 1 chunk(s)
        LayoutSVGInlineText {#text} at (3098.84,4802) size 78.92x23
          chunk 1 text run 1 at (3100.00,4820.00) startOffset 0 endOffset 11 width 77.76: "just a text"
      LayoutSVGText {text} at (3198.84,4802) size 78.92x23 contains 1 chunk(s)
        LayoutSVGInlineText {#text} at (3198.84,4802) size 78.92x23
          chunk 1 text run 1 at (3200.00,4820.00) startOffset 0 endOffset 11 width 77.76: "just a text"
      LayoutSVGText {text} at (3298.84,4802) size 78.92x23 contains 1 chunk(s)
        LayoutSVGInlineText {#text} at (3298.84,4802) size 78.92x23
          chunk 1 text run 1 at (3300.00,4820.00) startOffset 0 endOffset 11 width 77.76: "just a text"
      LayoutSVGText {text} at (3398.84,4802) size 78.92x23 contains 1 chunk(s)
        LayoutSVGInlineText {#text} at (3398.84,4802) size 78.92x23
          chunk 1 text run 1 at (3400.00,4820.00) startOffset 0 endOffset 11 width 77.76: "just a text"
      LayoutSVGText {text} at (3498.84,4802) size 78.92x23 contains 1 chunk(s)
        LayoutSVGInlineText {#text} at (3498.84,4802) size 78.92x23
          chunk 1 text run 1 at (3500.00,4820.00) startOffset 0 endOffset 11 width 77.76: "just a text"
      LayoutSVGText {text} at (3598.84,4802) size 78.92x23 contains 1 chunk(s)
        LayoutSVGInlineText {#text} at (3598.84,4802) size 78.92x23
          chunk 1 text run 1 at (3600.00,4820.00) startOffset 0 endOffset 11 width 77.76: "just a text"
      LayoutSVGText {text} at (3698.84,4802) size 78.92x23 contains 1 chunk(s)
        LayoutSVGInlineText {#text} at (3698.84,4802) size 78.92x23
          chunk 1 text run 1 at (3700.00,4820.00) startOffset 0 endOffset 11 width 77.76: "just a text"
      LayoutSVGText {text} at (3798.84,4802) size 78.92x23 contains 1 chunk(s)
        LayoutSVGInlineText {#text} at (3798.84,4802) size 78.92x23
          chunk 1 text run 1 at (3800.00,4820.00) startOffset 0 endOffset 11 width 77.76: "just a text"
      LayoutSVGText {text} at (3898.84,4802) size 78.92x23 contains 1 chunk(s)
        LayoutSVGInlineText {#text} at (3898.84,4802) size 78.92x23
          chunk 1 text run 1 at (3900.00,4820.00) startOffset 0 endOffset 11 width 77.76: "just a text"
      LayoutSVGText {text} at (3998.84,4802) size 78.92x23 contains 1 chunk(s)
        LayoutSVGInlineText {#text} at (3998.84,4802) size 78.92x23
          chunk 1 text run 1 at (4000.00,4820.00) startOffset 0 endOffset 11 width 77.76: "just a text"
      LayoutSVGText {text} at (4098.84,4802) size 78.92x23 contains 1 chunk(s)
        LayoutSVGInlineText {#text} at (4098.84,4802) size 78.92x23
          chunk 1 text run 1 at (4100.00,4820.00) startOffset 0 endOffset 11 width 77.76: "just a text"
      LayoutSVGText {text} at (4198.84,4802) size 78.92x23 contains 1 chunk(s)
        LayoutSVGInlineText {#text} at (4198.84,4802) size 78.92x23
          chunk 1 text run 1 at (4200.00,4820.00) startOffset 0 endOffset 11 width 77.76: "just a text"
      LayoutSVGText {text} at (4298.84,4802) size 78.92x23 contains 1 chunk(s)
        LayoutSVGInlineText {#text} at (4298.84,4802) size 78.92x23
          chunk 1 text run 1 at (4300.00,4820.00) startOffset 0 endOffset 11 width 77.76: "just a text"
      LayoutSVGText {text} at (4398.84,4802) size 78.92x23 contains 1 chunk(s)
        LayoutSVGInlineText {#text} at (4398.84,4802) size 78.92x23
          chunk 1 text run 1 at (4400.00,4820.00) startOffset 0 endOffset 11 width 77.76: "just a text"
      LayoutSVGText {text} at (4498.84,4802) size 78.92x23 contains 1 chunk(s)
        LayoutSVGInlineText {#text} at (4498.84,4802) size 78.92x23
          chunk 1 text run 1 at (4500.00,4820.00) startOffset 0 endOffset 11 width 77.76: "just a text"
      LayoutSVGText {text} at (4598.84,4802) size 78.92x23 contains 1 chunk(s)
        LayoutSVGInlineText {#text} at (4598.84,4802) size 78.92x23
          chunk 1 text run 1 at (4600.00,4820.00) startOffset 0 endOffset 11 width 77.76: "just a text"
      LayoutSVGText {text} at (4698.84,4802) size 78.92x23 contains 1 chunk(s)
        LayoutSVGInlineText {#text} at (4698.84,4802) size 78.92x23
          chunk 1 text run 1 at (4700.00,4820.00) startOffset 0 endOffset 11 width 77.76: "just a text"
      LayoutSVGText {text} at (4798.84,4802) size 78.92x23 contains 1 chunk(s)
        LayoutSVGInlineText {#text} at (4798.84,4802) size 78.92x23
          chunk 1 text run 1 at (4800.00,4820.00) startOffset 0 endOffset 11 width 77.76: "just a text"
      LayoutSVGText {text} at (4898.84,4802) size 78.92x23 contains 1 chunk(s)
        LayoutSVGInlineText {#text} at (4898.84,4802) size 78.92x23
          chunk 1 text run 1 at (4900.00,4820.00) startOffset 0 endOffset 11 width 77.76: "just a text"
      LayoutSVGText {text} at (-1.14,4902) size 78.92x23 contains 1 chunk(s)
        LayoutSVGInlineText {#text} at (-1.14,4902) size 78.92x23
          chunk 1 text run 1 at (0.00,4920.00) startOffset 0 endOffset 11 width 77.76: "just a text"
      LayoutSVGText {text} at (98.84,4902) size 78.92x23 contains 1 chunk(s)
        LayoutSVGInlineText {#text} at (98.84,4902) size 78.92x23
          chunk 1 text run 1 at (100.00,4920.00) startOffset 0 endOffset 11 width 77.76: "just a text"
      LayoutSVGText {text} at (198.84,4902) size 78.92x23 contains 1 chunk(s)
        LayoutSVGInlineText {#text} at (198.84,4902) size 78.92x23
          chunk 1 text run 1 at (200.00,4920.00) startOffset 0 endOffset 11 width 77.76: "just a text"
      LayoutSVGText {text} at (298.84,4902) size 78.92x23 contains 1 chunk(s)
        LayoutSVGInlineText {#text} at (298.84,4902) size 78.92x23
          chunk 1 text run 1 at (300.00,4920.00) startOffset 0 endOffset 11 width 77.76: "just a text"
      LayoutSVGText {text} at (398.84,4902) size 78.92x23 contains 1 chunk(s)
        LayoutSVGInlineText {#text} at (398.84,4902) size 78.92x23
          chunk 1 text run 1 at (400.00,4920.00) startOffset 0 endOffset 11 width 77.76: "just a text"
      LayoutSVGText {text} at (498.84,4902) size 78.92x23 contains 1 chunk(s)
        LayoutSVGInlineText {#text} at (498.84,4902) size 78.92x23
          chunk 1 text run 1 at (500.00,4920.00) startOffset 0 endOffset 11 width 77.76: "just a text"
      LayoutSVGText {text} at (598.84,4902) size 78.92x23 contains 1 chunk(s)
        LayoutSVGInlineText {#text} at (598.84,4902) size 78.92x23
          chunk 1 text run 1 at (600.00,4920.00) startOffset 0 endOffset 11 width 77.76: "just a text"
      LayoutSVGText {text} at (698.84,4902) size 78.92x23 contains 1 chunk(s)
        LayoutSVGInlineText {#text} at (698.84,4902) size 78.92x23
          chunk 1 text run 1 at (700.00,4920.00) startOffset 0 endOffset 11 width 77.76: "just a text"
      LayoutSVGText {text} at (798.84,4902) size 78.92x23 contains 1 chunk(s)
        LayoutSVGInlineText {#text} at (798.84,4902) size 78.92x23
          chunk 1 text run 1 at (800.00,4920.00) startOffset 0 endOffset 11 width 77.76: "just a text"
      LayoutSVGText {text} at (898.84,4902) size 78.92x23 contains 1 chunk(s)
        LayoutSVGInlineText {#text} at (898.84,4902) size 78.92x23
          chunk 1 text run 1 at (900.00,4920.00) startOffset 0 endOffset 11 width 77.76: "just a text"
      LayoutSVGText {text} at (998.84,4902) size 78.92x23 contains 1 chunk(s)
        LayoutSVGInlineText {#text} at (998.84,4902) size 78.92x23
          chunk 1 text run 1 at (1000.00,4920.00) startOffset 0 endOffset 11 width 77.76: "just a text"
      LayoutSVGText {text} at (1098.84,4902) size 78.92x23 contains 1 chunk(s)
        LayoutSVGInlineText {#text} at (1098.84,4902) size 78.92x23
          chunk 1 text run 1 at (1100.00,4920.00) startOffset 0 endOffset 11 width 77.76: "just a text"
      LayoutSVGText {text} at (1198.84,4902) size 78.92x23 contains 1 chunk(s)
        LayoutSVGInlineText {#text} at (1198.84,4902) size 78.92x23
          chunk 1 text run 1 at (1200.00,4920.00) startOffset 0 endOffset 11 width 77.76: "just a text"
      LayoutSVGText {text} at (1298.84,4902) size 78.92x23 contains 1 chunk(s)
        LayoutSVGInlineText {#text} at (1298.84,4902) size 78.92x23
          chunk 1 text run 1 at (1300.00,4920.00) startOffset 0 endOffset 11 width 77.76: "just a text"
      LayoutSVGText {text} at (1398.84,4902) size 78.92x23 contains 1 chunk(s)
        LayoutSVGInlineText {#text} at (1398.84,4902) size 78.92x23
          chunk 1 text run 1 at (1400.00,4920.00) startOffset 0 endOffset 11 width 77.76: "just a text"
      LayoutSVGText {text} at (1498.84,4902) size 78.92x23 contains 1 chunk(s)
        LayoutSVGInlineText {#text} at (1498.84,4902) size 78.92x23
          chunk 1 text run 1 at (1500.00,4920.00) startOffset 0 endOffset 11 width 77.76: "just a text"
      LayoutSVGText {text} at (1598.84,4902) size 78.92x23 contains 1 chunk(s)
        LayoutSVGInlineText {#text} at (1598.84,4902) size 78.92x23
          chunk 1 text run 1 at (1600.00,4920.00) startOffset 0 endOffset 11 width 77.76: "just a text"
      LayoutSVGText {text} at (1698.84,4902) size 78.92x23 contains 1 chunk(s)
        LayoutSVGInlineText {#text} at (1698.84,4902) size 78.92x23
          chunk 1 text run 1 at (1700.00,4920.00) startOffset 0 endOffset 11 width 77.76: "just a text"
      LayoutSVGText {text} at (1798.84,4902) size 78.92x23 contains 1 chunk(s)
        LayoutSVGInlineText {#text} at (1798.84,4902) size 78.92x23
          chunk 1 text run 1 at (1800.00,4920.00) startOffset 0 endOffset 11 width 77.76: "just a text"
      LayoutSVGText {text} at (1898.84,4902) size 78.92x23 contains 1 chunk(s)
        LayoutSVGInlineText {#text} at (1898.84,4902) size 78.92x23
          chunk 1 text run 1 at (1900.00,4920.00) startOffset 0 endOffset 11 width 77.76: "just a text"
      LayoutSVGText {text} at (1998.84,4902) size 78.92x23 contains 1 chunk(s)
        LayoutSVGInlineText {#text} at (1998.84,4902) size 78.92x23
          chunk 1 text run 1 at (2000.00,4920.00) startOffset 0 endOffset 11 width 77.76: "just a text"
      LayoutSVGText {text} at (2098.84,4902) size 78.92x23 contains 1 chunk(s)
        LayoutSVGInlineText {#text} at (2098.84,4902) size 78.92x23
          chunk 1 text run 1 at (2100.00,4920.00) startOffset 0 endOffset 11 width 77.76: "just a text"
      LayoutSVGText {text} at (2198.84,4902) size 78.92x23 contains 1 chunk(s)
        LayoutSVGInlineText {#text} at (2198.84,4902) size 78.92x23
          chunk 1 text run 1 at (2200.00,4920.00) startOffset 0 endOffset 11 width 77.76: "just a text"
      LayoutSVGText {text} at (2298.84,4902) size 78.92x23 contains 1 chunk(s)
        LayoutSVGInlineText {#text} at (2298.84,4902) size 78.92x23
          chunk 1 text run 1 at (2300.00,4920.00) startOffset 0 endOffset 11 width 77.76: "just a text"
      LayoutSVGText {text} at (2398.84,4902) size 78.92x23 contains 1 chunk(s)
        LayoutSVGInlineText {#text} at (2398.84,4902) size 78.92x23
          chunk 1 text run 1 at (2400.00,4920.00) startOffset 0 endOffset 11 width 77.76: "just a text"
      LayoutSVGText {text} at (2498.84,4902) size 78.92x23 contains 1 chunk(s)
        LayoutSVGInlineText {#text} at (2498.84,4902) size 78.92x23
          chunk 1 text run 1 at (2500.00,4920.00) startOffset 0 endOffset 11 width 77.76: "just a text"
      LayoutSVGText {text} at (2598.84,4902) size 78.92x23 contains 1 chunk(s)
        LayoutSVGInlineText {#text} at (2598.84,4902) size 78.92x23
          chunk 1 text run 1 at (2600.00,4920.00) startOffset 0 endOffset 11 width 77.76: "just a text"
      LayoutSVGText {text} at (2698.84,4902) size 78.92x23 contains 1 chunk(s)
        LayoutSVGInlineText {#text} at (2698.84,4902) size 78.92x23
          chunk 1 text run 1 at (2700.00,4920.00) startOffset 0 endOffset 11 width 77.76: "just a text"
      LayoutSVGText {text} at (2798.84,4902) size 78.92x23 contains 1 chunk(s)
        LayoutSVGInlineText {#text} at (2798.84,4902) size 78.92x23
          chunk 1 text run 1 at (2800.00,4920.00) startOffset 0 endOffset 11 width 77.76: "just a text"
      LayoutSVGText {text} at (2898.84,4902) size 78.92x23 contains 1 chunk(s)
        LayoutSVGInlineText {#text} at (2898.84,4902) size 78.92x23
          chunk 1 text run 1 at (2900.00,4920.00) startOffset 0 endOffset 11 width 77.76: "just a text"
      LayoutSVGText {text} at (2998.84,4902) size 78.92x23 contains 1 chunk(s)
        LayoutSVGInlineText {#text} at (2998.84,4902) size 78.92x23
          chunk 1 text run 1 at (3000.00,4920.00) startOffset 0 endOffset 11 width 77.76: "just a text"
      LayoutSVGText {text} at (3098.84,4902) size 78.92x23 contains 1 chunk(s)
        LayoutSVGInlineText {#text} at (3098.84,4902) size 78.92x23
          chunk 1 text run 1 at (3100.00,4920.00) startOffset 0 endOffset 11 width 77.76: "just a text"
      LayoutSVGText {text} at (3198.84,4902) size 78.92x23 contains 1 chunk(s)
        LayoutSVGInlineText {#text} at (3198.84,4902) size 78.92x23
          chunk 1 text run 1 at (3200.00,4920.00) startOffset 0 endOffset 11 width 77.76: "just a text"
      LayoutSVGText {text} at (3298.84,4902) size 78.92x23 contains 1 chunk(s)
        LayoutSVGInlineText {#text} at (3298.84,4902) size 78.92x23
          chunk 1 text run 1 at (3300.00,4920.00) startOffset 0 endOffset 11 width 77.76: "just a text"
      LayoutSVGText {text} at (3398.84,4902) size 78.92x23 contains 1 chunk(s)
        LayoutSVGInlineText {#text} at (3398.84,4902) size 78.92x23
          chunk 1 text run 1 at (3400.00,4920.00) startOffset 0 endOffset 11 width 77.76: "just a text"
      LayoutSVGText {text} at (3498.84,4902) size 78.92x23 contains 1 chunk(s)
        LayoutSVGInlineText {#text} at (3498.84,4902) size 78.92x23
          chunk 1 text run 1 at (3500.00,4920.00) startOffset 0 endOffset 11 width 77.76: "just a text"
      LayoutSVGText {text} at (3598.84,4902) size 78.92x23 contains 1 chunk(s)
        LayoutSVGInlineText {#text} at (3598.84,4902) size 78.92x23
          chunk 1 text run 1 at (3600.00,4920.00) startOffset 0 endOffset 11 width 77.76: "just a text"
      LayoutSVGText {text} at (3698.84,4902) size 78.92x23 contains 1 chunk(s)
        LayoutSVGInlineText {#text} at (3698.84,4902) size 78.92x23
          chunk 1 text run 1 at (3700.00,4920.00) startOffset 0 endOffset 11 width 77.76: "just a text"
      LayoutSVGText {text} at (3798.84,4902) size 78.92x23 contains 1 chunk(s)
        LayoutSVGInlineText {#text} at (3798.84,4902) size 78.92x23
          chunk 1 text run 1 at (3800.00,4920.00) startOffset 0 endOffset 11 width 77.76: "just a text"
      LayoutSVGText {text} at (3898.84,4902) size 78.92x23 contains 1 chunk(s)
        LayoutSVGInlineText {#text} at (3898.84,4902) size 78.92x23
          chunk 1 text run 1 at (3900.00,4920.00) startOffset 0 endOffset 11 width 77.76: "just a text"
      LayoutSVGText {text} at (3998.84,4902) size 78.92x23 contains 1 chunk(s)
        LayoutSVGInlineText {#text} at (3998.84,4902) size 78.92x23
          chunk 1 text run 1 at (4000.00,4920.00) startOffset 0 endOffset 11 width 77.76: "just a text"
      LayoutSVGText {text} at (4098.84,4902) size 78.92x23 contains 1 chunk(s)
        LayoutSVGInlineText {#text} at (4098.84,4902) size 78.92x23
          chunk 1 text run 1 at (4100.00,4920.00) startOffset 0 endOffset 11 width 77.76: "just a text"
      LayoutSVGText {text} at (4198.84,4902) size 78.92x23 contains 1 chunk(s)
        LayoutSVGInlineText {#text} at (4198.84,4902) size 78.92x23
          chunk 1 text run 1 at (4200.00,4920.00) startOffset 0 endOffset 11 width 77.76: "just a text"
      LayoutSVGText {text} at (4298.84,4902) size 78.92x23 contains 1 chunk(s)
        LayoutSVGInlineText {#text} at (4298.84,4902) size 78.92x23
          chunk 1 text run 1 at (4300.00,4920.00) startOffset 0 endOffset 11 width 77.76: "just a text"
      LayoutSVGText {text} at (4398.84,4902) size 78.92x23 contains 1 chunk(s)
        LayoutSVGInlineText {#text} at (4398.84,4902) size 78.92x23
          chunk 1 text run 1 at (4400.00,4920.00) startOffset 0 endOffset 11 width 77.76: "just a text"
      LayoutSVGText {text} at (4498.84,4902) size 78.92x23 contains 1 chunk(s)
        LayoutSVGInlineText {#text} at (4498.84,4902) size 78.92x23
          chunk 1 text run 1 at (4500.00,4920.00) startOffset 0 endOffset 11 width 77.76: "just a text"
      LayoutSVGText {text} at (4598.84,4902) size 78.92x23 contains 1 chunk(s)
        LayoutSVGInlineText {#text} at (4598.84,4902) size 78.92x23
          chunk 1 text run 1 at (4600.00,4920.00) startOffset 0 endOffset 11 width 77.76: "just a text"
      LayoutSVGText {text} at (4698.84,4902) size 78.92x23 contains 1 chunk(s)
        LayoutSVGInlineText {#text} at (4698.84,4902) size 78.92x23
          chunk 1 text run 1 at (4700.00,4920.00) startOffset 0 endOffset 11 width 77.76: "just a text"
      LayoutSVGText {text} at (4798.84,4902) size 78.92x23 contains 1 chunk(s)
        LayoutSVGInlineText {#text} at (4798.84,4902) size 78.92x23
          chunk 1 text run 1 at (4800.00,4920.00) startOffset 0 endOffset 11 width 77.76: "just a text"
      LayoutSVGText {text} at (4898.84,4902) size 78.92x23 contains 1 chunk(s)
        LayoutSVGInlineText {#text} at (4898.84,4902) size 78.92x23
          chunk 1 text run 1 at (4900.00,4920.00) startOffset 0 endOffset 11 width 77.76: "just a text"
    LayoutText {#text} at (0,0) size 0x0
