layer at (0,0) size 800x600
  LayoutView at (0,0) size 800x600
layer at (0,0) size 800x164
  LayoutBlockFlow {html} at (0,0) size 800x164
    LayoutBlockFlow {body} at (8,8) size 784x148
      LayoutBlockFlow {div} at (0,0) size 784x44 [border: (4px dotted #000000)]
        LayoutText {#text} at (4,4) size 439x18
          text run at (4,4) width 439: "The SVG rect below this should have a solid red stroke and blue fill."
        LayoutBR {br} at (442,4) size 1x18
        LayoutText {#text} at (4,22) size 310x18
          text run at (4,22) width 310: "https://bugs.webkit.org/show_bug.cgi?id=25738"
      LayoutBlockFlow (anonymous) at (0,44) size 784x104
        LayoutSVGRoot {svg} at (0,0) size 100x100
          LayoutSVGRect {rect} at (0,0) size 100x100 [stroke={[type=SOLID] [color=#FF0000] [stroke width=5.00]}] [fill={[type=SOLID] [color=#0000FF]}] [x=0.00] [y=0.00] [width=100.00] [height=100.00]
        LayoutText {#text} at (0,0) size 0x0
