layer at (0,0) size 800x600
  LayoutView at (0,0) size 800x600
layer at (0,0) size 800x392
  LayoutBlockFlow {html} at (0,0) size 800x391.81
    LayoutBlockFlow {body} at (8,8) size 784x367.81
      LayoutBlockFlow {div} at (0,0) size 784x212 [bgcolor=#008000]
        LayoutText {#text} at (0,0) size 0x0
      LayoutBlockFlow {p} at (0,228) size 208x18 [bgcolor=#0000FF]
        LayoutText {#text} at (0,0) size 13x18
          text run at (0,0) width 13: "hi"
      LayoutBlockFlow {h2} at (0,265.91) size 784x28
        LayoutText {#text} at (0,0) size 169x28
          text run at (0,0) width 169: "Expected results"
      LayoutBlockFlow {ul} at (0,313.81) size 784x54
        LayoutListItem {li} at (40,0) size 744x18
          LayoutListMarker (anonymous) at (-17,0) size 7x18: bullet
          LayoutText {#text} at (0,0) size 29x18
            text run at (0,0) width 29: "The "
          LayoutInline {code} at (0,0) size 25x15
            LayoutText {#text} at (28,2) size 25x15
              text run at (28,2) width 25: "div"
          LayoutText {#text} at (52,0) size 248x18
            text run at (52,0) width 248: " containing the object appears in green"
        LayoutListItem {li} at (40,18) size 744x18
          LayoutListMarker (anonymous) at (-17,0) size 7x18: bullet
          LayoutText {#text} at (0,0) size 29x18
            text run at (0,0) width 29: "The "
          LayoutInline {code} at (0,0) size 48x15
            LayoutText {#text} at (28,2) size 48x15
              text run at (28,2) width 48: "object"
          LayoutText {#text} at (75,0) size 278x18
            text run at (75,0) width 278: " appears in orange. Its height is set at 13em"
        LayoutListItem {li} at (40,36) size 744x18
          LayoutListMarker (anonymous) at (-17,0) size 7x18: bullet
          LayoutText {#text} at (0,0) size 174x18
            text run at (0,0) width 174: "The blue line is 13em wide"
layer at (8,8) size 208x208
  LayoutEmbeddedObject {object} at (0,0) size 208x208 [bgcolor=#FFA500]
    layer at (0,0) size 208x208
      LayoutView at (0,0) size 208x208
    layer at (0,0) size 208x208
      LayoutSVGRoot {svg} at (0,0) size 208x208
        LayoutSVGEllipse {circle} at (5,5) size 40x40 [fill={[type=SOLID] [color=#FF0000]}] [cx=25.00] [cy=25.00] [r=20.00]
