layer at (0,0) size 800x600
  LayoutView at (0,0) size 800x600
layer at (0,0) size 800x276
  LayoutBlockFlow {html} at (0,0) size 800x276
    LayoutBlockFlow {body} at (8,16) size 784x252
      LayoutBlockFlow {p} at (0,0) size 784x36
        LayoutText {#text} at (0,0) size 775x36
          text run at (0,0) width 775: "Below there is a div with an embedded green svg in it. Since the dimensions of the svg are 100%/100% of the parent, the"
          text run at (0,18) width 248: "green should cover the red(Bug 9752)."
      LayoutBlockFlow {div} at (0,52) size 200x200 [bgcolor=#FF0000]
        LayoutSVGRoot {svg} at (0,0) size 200x200
          LayoutSVGRect {rect} at (0,0) size 200x200 [fill={[type=SOLID] [color=#008000]}] [x=0.00] [y=0.00] [width=200.00] [height=200.00]
        LayoutText {#text} at (0,0) size 0x0
