layer at (0,0) size 800x600
  LayoutView at (0,0) size 800x600
layer at (0,0) size 800x304
  LayoutBlockFlow {html} at (0,0) size 800x304
    LayoutBlockFlow {body} at (8,16) size 784x272
      LayoutBlockFlow {p} at (0,0) size 784x18
        LayoutText {#text} at (0,0) size 138x18
          text run at (0,0) width 138: "This is a test of CDF:"
      LayoutBlockFlow (anonymous) at (0,34) size 784x204
        LayoutSVGRoot {svg} at (0,0) size 200x200
          LayoutSVGRect {rect} at (0,0) size 200x200 [fill={[type=SOLID] [color=#0000FF]}] [x=0.00] [y=0.00] [width=200.00] [height=200.00]
        LayoutText {#text} at (0,0) size 0x0
      LayoutBlockFlow {p} at (0,254) size 784x18
        LayoutText {#text} at (0,0) size 270x18
          text run at (0,0) width 270: "You should see an SVG image above this!"
