layer at (0,0) size 800x600
  LayoutView at (0,0) size 800x600
layer at (0,0) size 800x101
  LayoutBlockFlow {HTML} at (0,0) size 800x100.67
    LayoutBlockFlow {BODY} at (8,18.89) size 784x62.89
      LayoutBlockFlow {P} at (0,0) size 784x22
        LayoutText {#text} at (0,0) size 341x22
          text run at (0,0) width 341: "This text should be rendered with a first font."
      LayoutBlockFlow {P} at (0,40.89) size 784x22
        LayoutText {#text} at (0,0) size 364x22
          text run at (0,0) width 364: "This text should be rendered with a second font."
