layer at (0,0) size 800x600
  LayoutView at (0,0) size 800x600
layer at (0,0) size 800x600
  LayoutBlockFlow {HTML} at (0,0) size 800x600
    LayoutBlockFlow {BODY} at (8,8) size 784x574
      LayoutBlockFlow (anonymous) at (0,0) size 784x18
        LayoutText {#text} at (0,0) size 74x18
          text run at (0,0) width 74: "no spacing:"
      LayoutBlockFlow {P} at (0,36) size 784x21
        LayoutText {#text} at (0,0) size 98x21
          text run at (0,0) width 98: "abc abc abc"
      LayoutBlockFlow (anonymous) at (0,75) size 784x18
        LayoutText {#text} at (0,0) size 300x18
          text run at (0,0) width 300: "word-spacing: 100px, all should look the same"
      LayoutBlockFlow {P} at (0,111) size 784x21
        LayoutText {#text} at (0,0) size 298x21
          text run at (0,0) width 298: "abc abc abc"
      LayoutBlockFlow {P} at (0,150) size 784x21
        LayoutText {#text} at (0,0) size 135x21
          text run at (0,0) width 135: "abc "
        LayoutInline {SPAN} at (0,0) size 21x21
          LayoutText {#text} at (134,0) size 21x21
            text run at (134,0) width 21: "ab"
        LayoutText {#text} at (154,0) size 144x21
          text run at (154,0) width 144: "c abc"
      LayoutBlockFlow {P} at (0,189) size 784x21
        LayoutText {#text} at (0,0) size 135x21
          text run at (0,0) width 135: "abc "
        LayoutInline {SPAN} at (0,0) size 11x21
          LayoutText {#text} at (134,0) size 11x21
            text run at (134,0) width 11: "a"
        LayoutInline {SPAN} at (0,0) size 11x21
          LayoutText {#text} at (144,0) size 11x21
            text run at (144,0) width 11: "b"
        LayoutText {#text} at (154,0) size 144x21
          text run at (154,0) width 144: "c abc"
      LayoutBlockFlow {P} at (0,228) size 784x21
        LayoutText {#text} at (0,0) size 135x21
          text run at (0,0) width 135: "abc "
        LayoutInline {SPAN} at (0,0) size 11x21
          LayoutText {#text} at (134,0) size 11x21
            text run at (134,0) width 11: "a"
        LayoutText {#text} at (144,0) size 11x21
          text run at (144,0) width 11: "b"
        LayoutInline {SPAN} at (0,0) size 10x21
          LayoutText {#text} at (154,0) size 10x21
            text run at (154,0) width 10: "c"
        LayoutText {#text} at (263,0) size 35x21
          text run at (263,0) width 35: " abc"
      LayoutBlockFlow {P} at (0,267) size 784x21
        LayoutText {#text} at (0,0) size 145x21
          text run at (0,0) width 145: "abc a"
        LayoutInline {SPAN} at (0,0) size 11x21
          LayoutText {#text} at (144,0) size 11x21
            text run at (144,0) width 11: "b"
        LayoutInline {SPAN} at (0,0) size 10x21
          LayoutText {#text} at (154,0) size 10x21
            text run at (154,0) width 10: "c"
        LayoutText {#text} at (263,0) size 35x21
          text run at (263,0) width 35: " abc"
      LayoutBlockFlow {P} at (0,306) size 784x21
        LayoutText {#text} at (0,0) size 145x21
          text run at (0,0) width 145: "abc a"
        LayoutInline {SPAN} at (0,0) size 11x21
          LayoutText {#text} at (144,0) size 11x21
            text run at (144,0) width 11: "b"
        LayoutText {#text} at (154,0) size 144x21
          text run at (154,0) width 144: "c abc"
      LayoutBlockFlow {P} at (0,345) size 784x21
        LayoutText {#text} at (0,0) size 135x21
          text run at (0,0) width 135: "abc "
        LayoutInline {SPAN} at (0,0) size 1x21
        LayoutText {#text} at (134,0) size 135x21
          text run at (134,0) width 135: "abc "
        LayoutInline {SPAN} at (0,0) size 1x21
        LayoutText {#text} at (268,0) size 30x21
          text run at (268,0) width 30: "abc"
