layer at (0,0) size 800x600
  LayoutView at (0,0) size 800x600
layer at (0,0) size 800x226
  LayoutBlockFlow {html} at (0,0) size 800x226
    LayoutBlockFlow {body} at (8,16) size 784x202
      LayoutBlockFlow {p} at (0,0) size 784x18 [color=#000080]
        LayoutText {#text} at (0,0) size 267x18
          text run at (0,0) width 267: "There should be two identical bars below."
      LayoutBlockFlow {p} at (0,34) size 784x18 [color=#000080]
        LayoutText {#text} at (0,0) size 59x18
          text run at (0,0) width 59: "First bar:"
      LayoutBlockFlow {div} at (0,68) size 160x40 [bgcolor=#000080]
      LayoutBlockFlow {p} at (0,124) size 784x18 [color=#000080]
        LayoutText {#text} at (0,0) size 76x18
          text run at (0,0) width 76: "Second bar:"
      LayoutBlockFlow (anonymous) at (0,158) size 784x44
        LayoutSVGRoot {svg} at (0,0) size 160x40
          LayoutSVGRect {rect} at (0,0) size 100x100 [fill={[type=SOLID] [color=#000080]}] [x=0.00] [y=0.00] [width=100.00] [height=100.00]
        LayoutText {#text} at (0,0) size 0x0
