layer at (0,0) size 800x600
  LayoutView at (0,0) size 800x600
layer at (0,0) size 800x219
  LayoutBlockFlow {HTML} at (0,0) size 800x219
    LayoutBlockFlow {BODY} at (8,8) size 784x203
      LayoutButton {INPUT} at (4,4) size 32.16x18 [bgcolor=#FFFFFF]
        LayoutBlockFlow (anonymous) at (8,2) size 16.16x13
          LayoutText {#text} at (0,0) size 17x13
            text run at (0,0) width 17: "foo"
      LayoutText {#text} at (40,3) size 5x18
        text run at (40,3) width 5: " "
      LayoutBR {BR} at (44,3) size 1x18
      LayoutButton {INPUT} at (4,30) size 34.16x24 [bgcolor=#FFFFFF] [border: (3px solid #00FF00)]
        LayoutBlockFlow (anonymous) at (9,5) size 16.16x13
          LayoutText {#text} at (0,0) size 17x13
            text run at (0,0) width 17: "foo"
      LayoutText {#text} at (42,32) size 5x18
        text run at (42,32) width 5: " "
      LayoutButton {INPUT} at (50.16,31) size 32.16x22 [bgcolor=#FFFFFF] [border: (2px solid #D8D8D8) (2px solid #D1D1D1) (2px solid #BABABA) (2px solid #D1D1D1)]
        LayoutBlockFlow (anonymous) at (8,4) size 16.16x13
          LayoutText {#text} at (0,0) size 17x13
            text run at (0,0) width 17: "foo"
      LayoutText {#text} at (86,32) size 5x18
        text run at (86,32) width 5: " "
      LayoutBR {BR} at (90,32) size 1x18
      LayoutButton {INPUT} at (4,62) size 32.16x22 [border: (2px solid #D8D8D8) (2px solid #D1D1D1) (2px solid #BABABA) (2px solid #D1D1D1)]
        LayoutBlockFlow (anonymous) at (8,4) size 16.16x13
          LayoutText {#text} at (0,0) size 17x13
            text run at (0,0) width 17: "foo"
      LayoutText {#text} at (40,63) size 5x18
        text run at (40,63) width 5: " "
      LayoutBR {BR} at (44,63) size 1x18
      LayoutButton {INPUT} at (4,92) size 32.16x18 [bgcolor=#FFFFFF]
        LayoutBlockFlow (anonymous) at (8,2) size 16.16x13
          LayoutText {#text} at (0,0) size 17x13
            text run at (0,0) width 17: "foo"
      LayoutText {#text} at (40,91) size 5x18
        text run at (40,91) width 5: " "
      LayoutBR {BR} at (44,91) size 1x18
      LayoutButton {INPUT} at (4,118) size 35.08x21 [bgcolor=#FFFFFF]
        LayoutBlockFlow (anonymous) at (8,2) size 19.08x16
          LayoutText {#text} at (0,0) size 20x16
            text run at (0,0) width 20: "foo"
      LayoutText {#text} at (43,119) size 5x18
        text run at (43,119) width 5: " "
      LayoutButton {INPUT} at (51.08,118) size 35.08x21 [bgcolor=#FFFFFF]
        LayoutBlockFlow (anonymous) at (8,2) size 19.08x16
          LayoutText {#text} at (0,0) size 20x16
            text run at (0,0) width 20: "foo"
      LayoutText {#text} at (90,119) size 5x18
        text run at (90,119) width 5: " "
      LayoutButton {INPUT} at (98.16,118) size 35.08x21 [bgcolor=#FFFFFF]
        LayoutBlockFlow (anonymous) at (8,2) size 19.08x16
          LayoutText {#text} at (0,0) size 20x16
            text run at (0,0) width 20: "foo"
      LayoutText {#text} at (137,119) size 5x18
        text run at (137,119) width 5: " "
      LayoutBR {BR} at (141,119) size 1x18
      LayoutButton {INPUT} at (6,158) size 48.22x32.50 [bgcolor=#FFFFFF] [border: (3px solid #D8D8D8) (3px solid #D1D1D1) (3px solid #BABABA) (3px solid #D1D1D1)]
        LayoutBlockFlow (anonymous) at (12,6) size 24.22x19
          LayoutText {#text} at (0,0) size 25x19
            text run at (0,0) width 25: "foo"
      LayoutText {#text} at (60,166) size 5x18
        text run at (60,166) width 5: " "
      LayoutButton {INPUT} at (72.22,151) size 64.30x44 [bgcolor=#FFFFFF] [border: (4px solid #D8D8D8) (4px solid #D1D1D1) (4px solid #BABABA) (4px solid #D1D1D1)]
        LayoutBlockFlow (anonymous) at (16,8) size 32.30x26
          LayoutText {#text} at (0,0) size 33x26
            text run at (0,0) width 33: "foo"
      LayoutText {#text} at (144,166) size 5x18
        text run at (144,166) width 5: " "
      LayoutBR {BR} at (148,166) size 1x18
