layer at (0,0) size 800x600
  LayoutView at (0,0) size 800x600
layer at (0,0) size 800x600
  LayoutBlockFlow {HTML} at (0,0) size 800x600
    LayoutBlockFlow {BODY} at (8,8) size 784x584
      LayoutBlockFlow (floating) {DIV} at (0,0) size 262.77x22 [border: (2px solid #008000)]
        LayoutText {#text} at (2,2) size 259x18
          text run at (2,2) width 259: "Words should have a negative spacing of 5px."
