layer at (0,0) size 800x600
  LayoutView at (0,0) size 800x600
layer at (0,0) size 800x600
  LayoutBlockFlow {HTML} at (0,0) size 800x600
    LayoutBlockFlow {BODY} at (8,8) size 784x584
      LayoutTable {TABLE} at (0,0) size 784x30 [border: (2px outset #808080)]
        LayoutTableSection {TBODY} at (2,2) size 780x26
          LayoutTableRow {TR} at (0,2) size 780x22
            LayoutTableCell {TD} at (2,2) size 575x22 [border: (1px inset #808080)] [r=0 c=0 rs=1 cs=1]
              LayoutText {#text} at (2,2) size 164x18
                text run at (2,2) width 164: "Big cell gets all the width"
            LayoutTableCell {TD} at (579,2) size 199x22 [border: (1px inset #808080)] [r=0 c=1 rs=1 cs=1]
              LayoutText {#text} at (2,2) size 195x18
                text run at (2,2) width 195: "Icannotbreak noicannot \x{B7}break"
