layer at (0,0) size 800x600
  LayoutView at (0,0) size 800x600
layer at (0,0) size 800x600
  LayoutBlockFlow {HTML} at (0,0) size 800x600
    LayoutBlockFlow {BODY} at (8,8) size 784x584
      LayoutTable {TABLE} at (0,0) size 784x42 [border: (2px outset #808080)]
        LayoutTableSection {TBODY} at (2,2) size 780x38
          LayoutTableRow {TR} at (0,0) size 780x38
            LayoutTableCell {TD} at (0,9) size 720x20 [border: (1px inset #808080)] [r=0 c=0 rs=1 cs=1]
              LayoutText {#text} at (1,1) size 70x18
                text run at (1,1) width 70: "A Big Cell"
            LayoutTableCell {TD} at (720,0) size 60x38 [border: (1px inset #808080)] [r=0 c=1 rs=1 cs=1]
              LayoutText {#text} at (1,1) size 35x36
                text run at (1,1) width 12: "A"
                text run at (1,19) width 35: "small"
              LayoutInline {SPAN} at (0,0) size 24x18
                LayoutText {#text} at (35,19) size 24x18
                  text run at (35,19) width 24: "cell"
      LayoutTable {TABLE} at (0,42) size 784x42 [border: (2px outset #808080)]
        LayoutTableSection {TBODY} at (2,2) size 780x38
          LayoutTableRow {TR} at (0,0) size 780x38
            LayoutTableCell {TD} at (0,9) size 714x20 [border: (1px inset #808080)] [r=0 c=0 rs=1 cs=1]
              LayoutText {#text} at (1,1) size 70x18
                text run at (1,1) width 70: "A Big Cell"
            LayoutTableCell {TD} at (714,0) size 66x38 [border: (1px inset #808080)] [r=0 c=1 rs=1 cs=1]
              LayoutText {#text} at (1,1) size 51x18
                text run at (1,1) width 51: "A small"
                text run at (51,1) width 1: " "
              LayoutInline {SPAN} at (0,0) size 24x18
                LayoutText {#text} at (1,19) size 24x18
                  text run at (1,19) width 24: "cell"
              LayoutText {#text} at (24,19) size 41x18
                text run at (24,19) width 41: "block!"
      LayoutTable {TABLE} at (0,84) size 784x24 [border: (2px outset #808080)]
        LayoutTableSection {TBODY} at (2,2) size 780x20
          LayoutTableRow {TR} at (0,0) size 780x20
            LayoutTableCell {TD} at (0,0) size 704x20 [border: (1px inset #808080)] [r=0 c=0 rs=1 cs=1]
              LayoutText {#text} at (1,1) size 70x18
                text run at (1,1) width 70: "A Big Cell"
            LayoutTableCell {TD} at (704,0) size 76x20 [border: (1px inset #808080)] [r=0 c=1 rs=1 cs=1]
              LayoutText {#text} at (1,1) size 51x18
                text run at (1,1) width 51: "A small"
              LayoutInline {SPAN} at (0,0) size 24x18
                LayoutText {#text} at (51,1) size 24x18
                  text run at (51,1) width 24: "cell"
