layer at (0,0) size 800x600
  LayoutView at (0,0) size 800x600
layer at (0,0) size 800x302
  LayoutBlockFlow {HTML} at (0,0) size 800x302
    LayoutBlockFlow {BODY} at (8,8) size 784x278
      LayoutBlockFlow (anonymous) at (0,0) size 784x54
        LayoutText {#text} at (0,0) size 761x54
          text run at (0,0) width 544: "Tests of WebKit's interpretation of font sizes when no absolute font size is specified. "
          text run at (543,0) width 218: "Percentages and logical keywords"
          text run at (0,18) width 202: "scale to reflect the family type. "
          text run at (201,18) width 539: "Opera 9 matches this behavior as well (except it has a bug with multiple font-family"
          text run at (0,36) width 216: "mappings as in the first example)."
      LayoutBlockFlow {PRE} at (0,67) size 784x15
        LayoutInline {SPAN} at (0,0) size 118x15
          LayoutText {#text} at (0,0) size 118x15
            text run at (0,0) width 118: "Should be 13 px"
      LayoutBlockFlow {PRE} at (0,95) size 784x15
        LayoutInline {SPAN} at (0,0) size 82x15
          LayoutText {#text} at (0,0) size 82x15
            text run at (0,0) width 82: "Should be 13px"
      LayoutBlockFlow {PRE} at (0,123) size 784x15
        LayoutInline {SPAN} at (0,0) size 82x15
          LayoutText {#text} at (0,0) size 82x15
            text run at (0,0) width 82: "Should be 13px"
      LayoutBlockFlow {P} at (0,154) size 784x18
        LayoutInline {SPAN} at (0,0) size 82x15
          LayoutText {#text} at (0,2) size 82x15
            text run at (0,2) width 82: "Should be 13px"
      LayoutBlockFlow {P} at (0,188) size 784x18
        LayoutInline {TT} at (0,0) size 101x18
          LayoutInline {SPAN} at (0,0) size 101x18
            LayoutText {#text} at (0,0) size 101x18
              text run at (0,0) width 101: "Should be 16px"
      LayoutBlockFlow {P} at (0,222) size 784x18
        LayoutInline {TT} at (0,0) size 101x15
          LayoutInline {SPAN} at (0,0) size 101x18
            LayoutText {#text} at (0,0) size 101x18
              text run at (0,0) width 101: "Should be 16px"
      LayoutBlockFlow {P} at (0,256) size 784x22
        LayoutInline {TT} at (0,0) size 121x15
          LayoutInline {SPAN} at (0,0) size 121x22
            LayoutText {#text} at (0,0) size 121x22
              text run at (0,0) width 121: "Should be 19px"
