layer at (0,0) size 800x600
  LayoutView at (0,0) size 800x600
layer at (0,0) size 800x600
  LayoutNGBlockFlow {HTML} at (0,0) size 800x600
    LayoutNGBlockFlow {BODY} at (8,8) size 784x584
      LayoutNGBlockFlow {P} at (0,0) size 784x20
        LayoutText {#text} at (0,0) size 152x19
          text run at (0,0) width 152: "Test controls placement."
      LayoutNGBlockFlow (anonymous) at (0,36) size 784x168
        LayoutBR {BR} at (300,54) size 0x0
        LayoutBR {BR} at (0,54) size 0x0
        LayoutBR {BR} at (320,113) size 0x0
        LayoutBR {BR} at (0,128) size 0x0
        LayoutBR {BR} at (0,148) size 0x0
layer at (8,44) size 300x54
  LayoutMedia {AUDIO} at (0,0) size 300x54 [bgcolor=#0000FF]
layer at (8,118) size 320x54
  LayoutMedia {AUDIO} at (0,74) size 320x54 [bgcolor=#0000FF]
layer at (8,44) size 300x54
  LayoutFlexibleBox (relative positioned) {DIV} at (0,0) size 300x54
layer at (8,44) size 300x54
  LayoutFlexibleBox {DIV} at (0,0) size 300x54 [bgcolor=#F1F3F4]
layer at (8,44) size 300x54 scrollHeight 55
  LayoutFlexibleBox {DIV} at (0,0) size 300x54
    LayoutButton {INPUT} at (10,11) size 32x32
    LayoutSlider {INPUT} at (115,-1) size 143x56 [color=#9D968E]
      LayoutFlexibleBox {DIV} at (16,26) size 111x4
    LayoutButton {INPUT} at (258,11) size 32x32
layer at (55,63) size 28x16 transparent
  LayoutNGBlockFlow {DIV} at (47,19) size 28x16
    LayoutText {#text} at (0,0) size 28x16
      text run at (0,0) width 28: "0:00"
layer at (87,63) size 36x16 transparent
  LayoutNGBlockFlow {DIV} at (79,19) size 36x16
    LayoutText {#text} at (0,0) size 36x16
      text run at (0,0) width 36: "/ 0:07"
layer at (139,69) size 111x4
  LayoutBlockFlow (relative positioned) {DIV} at (0,0) size 111x4 [bgcolor=#00000033]
layer at (139,65) size 12x12
  LayoutBlockFlow (relative positioned) {DIV} at (0,-4) size 12x12 [bgcolor=#000000DE]
layer at (139,69) size 111x4
  LayoutBlockFlow (positioned) {DIV} at (0,0) size 111x4
layer at (139,69) size 0x4
  LayoutBlockFlow (positioned) {DIV} at (0,0) size 0x4 [bgcolor=#000000DE]
layer at (139,69) size 111x4
  LayoutBlockFlow (positioned) {DIV} at (0,0) size 111x4 [bgcolor=#0000008A]
layer at (8,118) size 320x54
  LayoutFlexibleBox (relative positioned) {DIV} at (0,0) size 320x54
layer at (8,118) size 320x54
  LayoutFlexibleBox {DIV} at (0,0) size 320x54 [bgcolor=#F1F3F4]
layer at (8,118) size 320x54 scrollHeight 55
  LayoutFlexibleBox {DIV} at (0,0) size 320x54
    LayoutButton {INPUT} at (10,11) size 32x32
    LayoutSlider {INPUT} at (115,-1) size 163x56 [color=#9D968E]
      LayoutFlexibleBox {DIV} at (16,26) size 131x4
    LayoutButton {INPUT} at (278,11) size 32x32
layer at (55,137) size 28x16 transparent
  LayoutNGBlockFlow {DIV} at (47,19) size 28x16
    LayoutText {#text} at (0,0) size 28x16
      text run at (0,0) width 28: "0:00"
layer at (87,137) size 36x16 transparent
  LayoutNGBlockFlow {DIV} at (79,19) size 36x16
    LayoutText {#text} at (0,0) size 36x16
      text run at (0,0) width 36: "/ 0:07"
layer at (139,143) size 131x4
  LayoutBlockFlow (relative positioned) {DIV} at (0,0) size 131x4 [bgcolor=#00000033]
layer at (139,139) size 12x12
  LayoutBlockFlow (relative positioned) {DIV} at (0,-4) size 12x12 [bgcolor=#000000DE]
layer at (139,143) size 131x4
  LayoutBlockFlow (positioned) {DIV} at (0,0) size 131x4
layer at (139,143) size 0x4
  LayoutBlockFlow (positioned) {DIV} at (0,0) size 0x4 [bgcolor=#000000DE]
layer at (139,143) size 131x4
  LayoutBlockFlow (positioned) {DIV} at (0,0) size 131x4 [bgcolor=#0000008A]
layer at (8,192) size 320x100
  LayoutMedia (positioned) {AUDIO} at (8,192) size 320x100 [bgcolor=#0000FF]
layer at (8,192) size 320x100
  LayoutFlexibleBox (relative positioned) {DIV} at (0,0) size 320x100
layer at (8,238) size 320x54
  LayoutFlexibleBox {DIV} at (0,46) size 320x54 [bgcolor=#F1F3F4]
layer at (8,238) size 320x54 scrollHeight 55
  LayoutFlexibleBox {DIV} at (0,0) size 320x54
    LayoutButton {INPUT} at (10,11) size 32x32
    LayoutSlider {INPUT} at (115,-1) size 163x56 [color=#9D968E]
      LayoutFlexibleBox {DIV} at (16,26) size 131x4
    LayoutButton {INPUT} at (278,11) size 32x32
layer at (55,257) size 28x16 transparent
  LayoutNGBlockFlow {DIV} at (47,19) size 28x16
    LayoutText {#text} at (0,0) size 28x16
      text run at (0,0) width 28: "0:00"
layer at (87,257) size 36x16 transparent
  LayoutNGBlockFlow {DIV} at (79,19) size 36x16
    LayoutText {#text} at (0,0) size 36x16
      text run at (0,0) width 36: "/ 0:07"
layer at (139,263) size 131x4
  LayoutBlockFlow (relative positioned) {DIV} at (0,0) size 131x4 [bgcolor=#00000033]
layer at (139,259) size 12x12
  LayoutBlockFlow (relative positioned) {DIV} at (0,-4) size 12x12 [bgcolor=#000000DE]
layer at (139,263) size 131x4
  LayoutBlockFlow (positioned) {DIV} at (0,0) size 131x4
layer at (139,263) size 0x4
  LayoutBlockFlow (positioned) {DIV} at (0,0) size 0x4 [bgcolor=#000000DE]
layer at (139,263) size 131x4
  LayoutBlockFlow (positioned) {DIV} at (0,0) size 131x4 [bgcolor=#0000008A]
