layer at (0,0) size 800x600
  LayoutView at (0,0) size 800x600
layer at (0,0) size 800x600
  LayoutBlockFlow {HTML} at (0,0) size 800x600
    LayoutBlockFlow {BODY} at (8,8) size 784x576
      LayoutBlockFlow {P} at (0,0) size 784x20
        LayoutText {#text} at (0,0) size 52x19
          text run at (0,0) width 52: "Test for "
        LayoutInline {I} at (0,0) size 694x19
          LayoutInline {A} at (0,0) size 299x19 [color=#0000EE]
            LayoutText {#text} at (52,0) size 299x19
              text run at (52,0) width 299: "http://bugs.webkit.org/show_bug.cgi?id=11916"
          LayoutText {#text} at (351,0) size 395x19
            text run at (351,0) width 4: " "
            text run at (355,0) width 391: "REGRESSION (SearchField): RTL search fields are mixed up"
        LayoutText {#text} at (746,0) size 4x19
          text run at (746,0) width 4: "."
      LayoutBlockFlow {P} at (0,36) size 784x66
        LayoutTextControl {INPUT} at (0,0) size 183x22 [bgcolor=#FFFFFF] [border: (2px inset #EEEEEE)]
          LayoutFlexibleBox {DIV} at (3,3) size 177x16
            LayoutBlockFlow {DIV} at (12,0) size 165x16
        LayoutText {#text} at (183,1) size 4x19
          text run at (183,1) width 4: " "
        LayoutBR {BR} at (0,0) size 0x0
        LayoutTextControl {INPUT} at (0,22) size 263x22 [bgcolor=#FFFFFF] [border: (2px inset #EEEEEE)]
          LayoutFlexibleBox {DIV} at (3,3) size 257x16
            LayoutBlockFlow {DIV} at (12,0) size 245x16
        LayoutText {#text} at (263,23) size 4x19
          text run at (263,23) width 4: " "
        LayoutBR {BR} at (0,0) size 0x0
        LayoutTextControl {INPUT} at (0,44) size 183x22 [bgcolor=#FFFFFF] [border: (2px inset #EEEEEE)]
          LayoutFlexibleBox {DIV} at (3,3) size 177x16
            LayoutBlockFlow {DIV} at (12,0) size 165x16
        LayoutText {#text} at (0,0) size 0x0
      LayoutBlockFlow {P} at (0,118) size 784x20
        LayoutText {#text} at (0,0) size 38x19
          text run at (0,0) width 38: "PASS"
layer at (23,47) size 165x16
  LayoutBlockFlow {DIV} at (0,0) size 165x16
    LayoutText {#text} at (40,0) size 125x16
      text run at (40,0) width 22 RTL: " \x{5D5}\x{5D6}\x{5D4}\x{5D5}"
      text run at (62,0) width 9: "B"
      text run at (71,0) width 46 RTL: " \x{5D5}\x{5D4}\x{5D9}\x{5D0} \x{5D6}\x{5D4} "
      text run at (117,0) width 9: "A"
      text run at (126,0) width 39 RTL: "\x{5D4}\x{5D5}\x{5D0} \x{5D6}\x{5D4} "
layer at (23,69) size 245x16
  LayoutBlockFlow {DIV} at (0,0) size 245x16
    LayoutText {#text} at (120,0) size 125x16
      text run at (120,0) width 22 RTL: " \x{5D5}\x{5D6}\x{5D4}\x{5D5}"
      text run at (142,0) width 9: "B"
      text run at (151,0) width 46 RTL: " \x{5D5}\x{5D4}\x{5D9}\x{5D0} \x{5D6}\x{5D4} "
      text run at (197,0) width 9: "A"
      text run at (206,0) width 39 RTL: "\x{5D4}\x{5D5}\x{5D0} \x{5D6}\x{5D4} "
layer at (23,91) size 165x16
  LayoutBlockFlow {DIV} at (0,0) size 165x16
layer at (11,51) size 9x9 transparent
  LayoutBlockFlow {DIV} at (0,3.50) size 9x9
layer at (11,73) size 9x9 transparent
  LayoutBlockFlow {DIV} at (0,3.50) size 9x9
layer at (11,95) size 9x9 transparent
  LayoutBlockFlow {DIV} at (0,3.50) size 9x9
caret: position 0 of child 0 {DIV} of child 0 {DIV} of child 0 {DIV} of {#document-fragment} of child 9 {INPUT} of child 3 {P} of body
