layer at (0,0) size 800x600
  LayoutView at (0,0) size 800x600
layer at (0,0) size 800x600
  LayoutBlockFlow {HTML} at (0,0) size 800x600
    LayoutBlockFlow {BODY} at (8,8) size 784x576
      LayoutBlockFlow {P} at (0,0) size 784x40
        LayoutText {#text} at (0,0) size 752x39
          text run at (0,0) width 419: "Test that search field text is vertically centered if the search field is "
          text run at (419,0) width 333: "taller than the text. In each of the following pairs of a"
          text run at (0,20) width 103: "search field and "
          text run at (103,20) width 356: "a text field, the vertical position of the text should be the "
          text run at (459,20) width 122: "same in both fields."
      LayoutBlockFlow {P} at (0,56) size 784x45
        LayoutTextControl {INPUT} at (0,0) size 183x45 [bgcolor=#FFFFFF] [border: (2px inset #EEEEEE)]
          LayoutFlexibleBox {DIV} at (3,14.50) size 177x16
            LayoutBlockFlow {DIV} at (0,0) size 164x16
        LayoutText {#text} at (183,12) size 4x20
          text run at (183,12) width 4: " "
        LayoutTextControl {INPUT} at (187,0) size 181x45 [bgcolor=#FFFFFF] [border: (2px inset #EEEEEE)]
        LayoutText {#text} at (0,0) size 0x0
      LayoutBlockFlow {P} at (0,117) size 784x20
        LayoutTextControl {INPUT} at (0,2) size 183x16 [bgcolor=#FFFFFF] [border: (2px inset #EEEEEE)]
          LayoutFlexibleBox {DIV} at (3,0) size 177x16
            LayoutBlockFlow {DIV} at (0,0) size 164x16
        LayoutText {#text} at (183,0) size 4x19
          text run at (183,0) width 4: " "
        LayoutTextControl {INPUT} at (187,2) size 181x16 [bgcolor=#FFFFFF] [border: (2px inset #EEEEEE)]
        LayoutText {#text} at (0,0) size 0x0
      LayoutBlockFlow {P} at (0,153) size 784x20
        LayoutTextControl {INPUT} at (0,4) size 183x12 [bgcolor=#FFFFFF] [border: (2px inset #EEEEEE)]
          LayoutFlexibleBox {DIV} at (3,-2) size 177x16
            LayoutBlockFlow {DIV} at (0,0) size 164x16
        LayoutText {#text} at (183,0) size 4x19
          text run at (183,0) width 4: " "
        LayoutTextControl {INPUT} at (187,4) size 181x12 [bgcolor=#FFFFFF] [border: (2px inset #EEEEEE)]
        LayoutText {#text} at (0,0) size 0x0
layer at (11,79) size 164x16
  LayoutBlockFlow {DIV} at (0,0) size 164x16
    LayoutText {#text} at (0,0) size 25x16
      text run at (0,0) width 25: "Text"
layer at (197,79) size 177x16
  LayoutBlockFlow {DIV} at (2,14.50) size 177x16
    LayoutText {#text} at (0,0) size 25x16
      text run at (0,0) width 25: "Text"
layer at (11,127) size 164x16 backgroundClip at (11,129) size 164x12 clip at (11,129) size 164x12
  LayoutBlockFlow {DIV} at (0,0) size 164x16
    LayoutText {#text} at (0,0) size 25x16
      text run at (0,0) width 25: "Text"
layer at (197,127) size 177x16 backgroundClip at (197,129) size 177x12 clip at (197,129) size 177x12
  LayoutBlockFlow {DIV} at (2,0) size 177x16
    LayoutText {#text} at (0,0) size 25x16
      text run at (0,0) width 25: "Text"
layer at (11,163) size 164x16 backgroundClip at (11,167) size 164x8 clip at (11,167) size 164x8
  LayoutBlockFlow {DIV} at (0,0) size 164x16
    LayoutText {#text} at (0,0) size 25x16
      text run at (0,0) width 25: "Text"
layer at (197,163) size 177x16 backgroundClip at (197,167) size 177x8 clip at (197,167) size 177x8
  LayoutBlockFlow {DIV} at (2,-2) size 177x16
    LayoutText {#text} at (0,0) size 25x16
      text run at (0,0) width 25: "Text"
layer at (176,82) size 9x9 transparent
  LayoutBlockFlow {DIV} at (165,3.50) size 9x9
layer at (176,131) size 9x9 transparent
  LayoutBlockFlow {DIV} at (165,3.50) size 9x9
layer at (176,167) size 9x9 backgroundClip at (10,167) size 179x8 clip at (10,167) size 179x8 transparent
  LayoutBlockFlow {DIV} at (165,3.50) size 9x9
