layer at (0,0) size 800x600 clip at (0,0) size 785x600 scrollHeight 627
  LayoutView at (0,0) size 800x600
layer at (0,0) size 785x627 backgroundClip at (0,0) size 785x600 clip at (0,0) size 785x600
  LayoutBlockFlow {HTML} at (0,0) size 785x627
    LayoutBlockFlow {BODY} at (8,8) size 769x611 [bgcolor=#CCCCCC]
      LayoutBlockFlow {P} at (0,0) size 769x18
        LayoutText {#text} at (0,0) size 363x18
          text run at (0,0) width 363: "The style declarations which apply to the text below are:"
      LayoutBlockFlow {PRE} at (0,34) size 769x120
        LayoutText {#text} at (0,0) size 266x120
          text run at (0,0) width 157: "#one {color: green;}"
          text run at (156,0) width 1: " "
          text run at (0,15) width 149: "#a1 {color: green;}"
          text run at (148,15) width 1: " "
          text run at (0,30) width 219: "P#two, P#two2 {color: blue;}"
          text run at (218,30) width 1: " "
          text run at (0,45) width 266: "P#three, P#three2 {color: purple;}"
          text run at (265,45) width 1: " "
          text run at (0,60) width 164: "#four {color: green;}"
          text run at (163,60) width 1: " "
          text run at (0,75) width 149: "#a2 {color: green;}"
          text run at (148,75) width 1: " "
          text run at (0,90) width 235: "P#five, P#five2 {color: blue;}"
          text run at (234,90) width 1: " "
          text run at (0,105) width 235: "P#six, P#six2 {color: purple;}"
      LayoutBlockFlow {P} at (0,185) size 769x18 [color=#008000]
        LayoutText {#text} at (0,0) size 197x18
          text run at (0,0) width 197: "This sentence should be green."
      LayoutBlockFlow {P} at (0,219) size 769x18 [color=#008000]
        LayoutText {#text} at (0,0) size 197x18
          text run at (0,0) width 197: "This sentence should be green."
      LayoutBlockFlow {P} at (0,253) size 769x18 [color=#0000FF]
        LayoutText {#text} at (0,0) size 204x18
          text run at (0,0) width 204: "This paragraph should be blue ["
        LayoutInline {TT} at (0,0) size 63x15
          LayoutText {#text} at (203,2) size 63x15
            text run at (203,2) width 63: "ID=\"two\""
        LayoutText {#text} at (265,0) size 10x18
          text run at (265,0) width 10: "]."
      LayoutBlockFlow {PRE} at (0,287) size 769x15
        LayoutText {#text} at (0,0) size 383x15
          text run at (0,0) width 383: "This sentence should NOT be blue [PRE ID=\"two2\"]."
          text run at (382,0) width 1: " "
      LayoutBlockFlow {PRE} at (0,315) size 769x15
        LayoutText {#text} at (0,0) size 461x15
          text run at (0,0) width 461: "This sentence should be black, not purple [PRE ID=\"three\"]."
          text run at (460,0) width 1: " "
      LayoutBlockFlow {UL} at (0,346) size 769x18
        LayoutListItem {LI} at (40,0) size 729x18
          LayoutListMarker (anonymous) at (-17,0) size 7x18: bullet
          LayoutText {#text} at (0,0) size 240x18
            text run at (0,0) width 240: "This sentence should NOT be purple."
      LayoutTable {TABLE} at (0,380) size 413x231 [border: (1px outset #808080)]
        LayoutTableSection {TBODY} at (1,1) size 411x229
          LayoutTableRow {TR} at (0,0) size 411x26
            LayoutTableCell {TD} at (0,0) size 411x26 [bgcolor=#C0C0C0] [border: (1px inset #808080)] [r=0 c=0 rs=1 cs=2]
              LayoutInline {STRONG} at (0,0) size 161x18
                LayoutText {#text} at (4,4) size 161x18
                  text run at (4,4) width 161: "TABLE Testing Section"
          LayoutTableRow {TR} at (0,26) size 411x203
            LayoutTableCell {TD} at (0,114) size 12x26 [bgcolor=#C0C0C0] [border: (1px inset #808080)] [r=1 c=0 rs=1 cs=1]
              LayoutText {#text} at (4,4) size 4x18
                text run at (4,4) width 4: " "
            LayoutTableCell {TD} at (12,26) size 399x203 [border: (1px inset #808080)] [r=1 c=1 rs=1 cs=1]
              LayoutBlockFlow {P} at (4,4) size 391x18 [color=#008000]
                LayoutText {#text} at (0,0) size 197x18
                  text run at (0,0) width 197: "This sentence should be green."
              LayoutBlockFlow {P} at (4,38) size 391x18 [color=#008000]
                LayoutText {#text} at (0,0) size 197x18
                  text run at (0,0) width 197: "This sentence should be green."
              LayoutBlockFlow {P} at (4,72) size 391x18 [color=#0000FF]
                LayoutText {#text} at (0,0) size 204x18
                  text run at (0,0) width 204: "This paragraph should be blue ["
                LayoutInline {TT} at (0,0) size 71x15
                  LayoutText {#text} at (203,2) size 71x15
                    text run at (203,2) width 71: "ID=\"five\""
                LayoutText {#text} at (273,0) size 10x18
                  text run at (273,0) width 10: "]."
              LayoutBlockFlow {PRE} at (4,106) size 391x15
                LayoutText {#text} at (0,0) size 391x15
                  text run at (0,0) width 391: "This sentence should NOT be blue [PRE ID=\"five2\"]."
                  text run at (390,0) width 1: " "
              LayoutBlockFlow {PRE} at (4,134) size 391x15
                LayoutText {#text} at (0,0) size 352x15
                  text run at (0,0) width 352: "This sentence should be black [PRE ID=\"six\"]."
                  text run at (351,0) width 1: " "
              LayoutBlockFlow {UL} at (4,165) size 391x18
                LayoutListItem {LI} at (40,0) size 351x18
                  LayoutListMarker (anonymous) at (-17,0) size 7x18: bullet
                  LayoutText {#text} at (0,0) size 240x18
                    text run at (0,0) width 240: "This sentence should NOT be purple."
layer at (8,175) size 769x2 clip at (0,0) size 0x0
  LayoutBlockFlow {HR} at (0,167) size 769x2 [border: (1px inset #EEEEEE)]
