layer at (0,0) size 1046x799 scrollHeight 1548
  LayoutView at (0,0) size 1046x799
layer at (0,0) size 1046x1548 backgroundClip at (0,0) size 1046x799 clip at (0,0) size 1046x799
  LayoutBlockFlow {HTML} at (0,0) size 1046x1548
    LayoutBlockFlow {BODY} at (8,8) size 1030x1532
      LayoutTable {TABLE} at (0,0) size 455x1532
        LayoutTableSection {THEAD} at (0,0) size 455x44
          LayoutTableRow {TR} at (0,2) size 455x40
            LayoutTableCell {TH} at (2,2) size 149x40 [r=0 c=0 rs=1 cs=1]
              LayoutText {#text} at (1,1) size 147x37
                text run at (1,1) width 147: "Column 1"
            LayoutTableCell {TH} at (153,2) size 149x40 [r=0 c=1 rs=1 cs=1]
              LayoutText {#text} at (1,1) size 147x37
                text run at (1,1) width 147: "Column 2"
            LayoutTableCell {TH} at (304,2) size 149x40 [r=0 c=2 rs=1 cs=1]
              LayoutText {#text} at (1,1) size 147x37
                text run at (1,1) width 147: "Column 3"
        LayoutTableSection {TBODY} at (0,44) size 455x1488
          LayoutTableRow {TR} at (0,0) size 455x39
            LayoutTableCell {TD} at (2,0) size 149x39 [r=0 c=0 rs=1 cs=1]
              LayoutText {#text} at (1,1) size 47x36
                text run at (1,1) width 47: "1-1"
            LayoutTableCell {TD} at (153,0) size 149x39 [r=0 c=1 rs=1 cs=1]
              LayoutText {#text} at (1,1) size 47x36
                text run at (1,1) width 47: "2-1"
            LayoutTableCell {TD} at (304,0) size 149x39 [r=0 c=2 rs=1 cs=1]
              LayoutText {#text} at (1,1) size 47x36
                text run at (1,1) width 47: "3-1"
          LayoutTableRow {TR} at (0,41) size 455x39
            LayoutTableCell {TD} at (2,41) size 149x39 [r=1 c=0 rs=1 cs=1]
              LayoutText {#text} at (1,1) size 47x36
                text run at (1,1) width 47: "1-2"
            LayoutTableCell {TD} at (153,41) size 149x39 [r=1 c=1 rs=1 cs=1]
              LayoutText {#text} at (1,1) size 47x36
                text run at (1,1) width 47: "2-2"
            LayoutTableCell {TD} at (304,41) size 149x39 [r=1 c=2 rs=1 cs=1]
              LayoutText {#text} at (1,1) size 47x36
                text run at (1,1) width 47: "3-2"
          LayoutTableRow {TR} at (0,82) size 455x39
            LayoutTableCell {TD} at (2,82) size 149x39 [r=2 c=0 rs=1 cs=1]
              LayoutText {#text} at (1,1) size 47x36
                text run at (1,1) width 47: "1-3"
            LayoutTableCell {TD} at (153,82) size 149x39 [r=2 c=1 rs=1 cs=1]
              LayoutText {#text} at (1,1) size 47x36
                text run at (1,1) width 47: "2-3"
            LayoutTableCell {TD} at (304,82) size 149x39 [r=2 c=2 rs=1 cs=1]
              LayoutText {#text} at (1,1) size 47x36
                text run at (1,1) width 47: "3-3"
          LayoutTableRow {TR} at (0,123) size 455x39
            LayoutTableCell {TD} at (2,123) size 149x39 [r=3 c=0 rs=1 cs=1]
              LayoutText {#text} at (1,1) size 47x36
                text run at (1,1) width 47: "1-4"
            LayoutTableCell {TD} at (153,123) size 149x39 [r=3 c=1 rs=1 cs=1]
              LayoutText {#text} at (1,1) size 47x36
                text run at (1,1) width 47: "2-4"
            LayoutTableCell {TD} at (304,123) size 149x39 [r=3 c=2 rs=1 cs=1]
              LayoutText {#text} at (1,1) size 47x36
                text run at (1,1) width 47: "3-4"
          LayoutTableRow {TR} at (0,164) size 455x39
            LayoutTableCell {TD} at (2,164) size 149x39 [r=4 c=0 rs=1 cs=1]
              LayoutText {#text} at (1,1) size 47x36
                text run at (1,1) width 47: "1-5"
            LayoutTableCell {TD} at (153,164) size 149x39 [r=4 c=1 rs=1 cs=1]
              LayoutText {#text} at (1,1) size 47x36
                text run at (1,1) width 47: "2-5"
            LayoutTableCell {TD} at (304,164) size 149x39 [r=4 c=2 rs=1 cs=1]
              LayoutText {#text} at (1,1) size 47x36
                text run at (1,1) width 47: "3-5"
          LayoutTableRow {TR} at (0,205) size 455x39
            LayoutTableCell {TD} at (2,205) size 149x39 [r=5 c=0 rs=1 cs=1]
              LayoutText {#text} at (1,1) size 47x36
                text run at (1,1) width 47: "1-6"
            LayoutTableCell {TD} at (153,205) size 149x39 [r=5 c=1 rs=1 cs=1]
              LayoutText {#text} at (1,1) size 47x36
                text run at (1,1) width 47: "2-6"
            LayoutTableCell {TD} at (304,205) size 149x39 [r=5 c=2 rs=1 cs=1]
              LayoutText {#text} at (1,1) size 47x36
                text run at (1,1) width 47: "3-6"
          LayoutTableRow {TR} at (0,246) size 455x39
            LayoutTableCell {TD} at (2,246) size 149x39 [r=6 c=0 rs=1 cs=1]
              LayoutText {#text} at (1,1) size 47x36
                text run at (1,1) width 47: "1-7"
            LayoutTableCell {TD} at (153,246) size 149x39 [r=6 c=1 rs=1 cs=1]
              LayoutText {#text} at (1,1) size 47x36
                text run at (1,1) width 47: "2-7"
            LayoutTableCell {TD} at (304,246) size 149x39 [r=6 c=2 rs=1 cs=1]
              LayoutText {#text} at (1,1) size 47x36
                text run at (1,1) width 47: "3-7"
          LayoutTableRow {TR} at (0,287) size 455x39
            LayoutTableCell {TD} at (2,287) size 149x39 [r=7 c=0 rs=1 cs=1]
              LayoutText {#text} at (1,1) size 47x36
                text run at (1,1) width 47: "1-8"
            LayoutTableCell {TD} at (153,287) size 149x39 [r=7 c=1 rs=1 cs=1]
              LayoutText {#text} at (1,1) size 47x36
                text run at (1,1) width 47: "2-8"
            LayoutTableCell {TD} at (304,287) size 149x39 [r=7 c=2 rs=1 cs=1]
              LayoutText {#text} at (1,1) size 47x36
                text run at (1,1) width 47: "3-8"
          LayoutTableRow {TR} at (0,328) size 455x39
            LayoutTableCell {TD} at (2,328) size 149x39 [r=8 c=0 rs=1 cs=1]
              LayoutText {#text} at (1,1) size 47x36
                text run at (1,1) width 47: "1-9"
            LayoutTableCell {TD} at (153,328) size 149x39 [r=8 c=1 rs=1 cs=1]
              LayoutText {#text} at (1,1) size 47x36
                text run at (1,1) width 47: "2-9"
            LayoutTableCell {TD} at (304,328) size 149x39 [r=8 c=2 rs=1 cs=1]
              LayoutText {#text} at (1,1) size 47x36
                text run at (1,1) width 47: "3-9"
          LayoutTableRow {TR} at (0,369) size 455x39
            LayoutTableCell {TD} at (2,369) size 149x39 [r=9 c=0 rs=1 cs=1]
              LayoutText {#text} at (1,1) size 65x36
                text run at (1,1) width 65: "1-10"
            LayoutTableCell {TD} at (153,369) size 149x39 [r=9 c=1 rs=1 cs=1]
              LayoutText {#text} at (1,1) size 65x36
                text run at (1,1) width 65: "2-10"
            LayoutTableCell {TD} at (304,369) size 149x39 [r=9 c=2 rs=1 cs=1]
              LayoutText {#text} at (1,1) size 65x36
                text run at (1,1) width 65: "3-10"
          LayoutTableRow {TR} at (0,410) size 455x39
            LayoutTableCell {TD} at (2,410) size 149x39 [r=10 c=0 rs=1 cs=1]
              LayoutText {#text} at (1,1) size 63x36
                text run at (1,1) width 63: "1-11"
            LayoutTableCell {TD} at (153,410) size 149x39 [r=10 c=1 rs=1 cs=1]
              LayoutText {#text} at (1,1) size 63x36
                text run at (1,1) width 63: "2-11"
            LayoutTableCell {TD} at (304,410) size 149x39 [r=10 c=2 rs=1 cs=1]
              LayoutText {#text} at (1,1) size 63x36
                text run at (1,1) width 63: "3-11"
          LayoutTableRow {TR} at (0,451) size 455x39
            LayoutTableCell {TD} at (2,451) size 149x39 [r=11 c=0 rs=1 cs=1]
              LayoutText {#text} at (1,1) size 65x36
                text run at (1,1) width 65: "1-12"
            LayoutTableCell {TD} at (153,451) size 149x39 [r=11 c=1 rs=1 cs=1]
              LayoutText {#text} at (1,1) size 65x36
                text run at (1,1) width 65: "2-12"
            LayoutTableCell {TD} at (304,451) size 149x39 [r=11 c=2 rs=1 cs=1]
              LayoutText {#text} at (1,1) size 65x36
                text run at (1,1) width 65: "3-12"
          LayoutTableRow {TR} at (0,492) size 455x39
            LayoutTableCell {TD} at (2,492) size 149x39 [r=12 c=0 rs=1 cs=1]
              LayoutText {#text} at (1,1) size 65x36
                text run at (1,1) width 65: "1-13"
            LayoutTableCell {TD} at (153,492) size 149x39 [r=12 c=1 rs=1 cs=1]
              LayoutText {#text} at (1,1) size 65x36
                text run at (1,1) width 65: "2-13"
            LayoutTableCell {TD} at (304,492) size 149x39 [r=12 c=2 rs=1 cs=1]
              LayoutText {#text} at (1,1) size 65x36
                text run at (1,1) width 65: "3-13"
          LayoutTableRow {TR} at (0,533) size 455x39
            LayoutTableCell {TD} at (2,533) size 149x39 [r=13 c=0 rs=1 cs=1]
              LayoutText {#text} at (1,1) size 65x36
                text run at (1,1) width 65: "1-14"
            LayoutTableCell {TD} at (153,533) size 149x39 [r=13 c=1 rs=1 cs=1]
              LayoutText {#text} at (1,1) size 65x36
                text run at (1,1) width 65: "2-14"
            LayoutTableCell {TD} at (304,533) size 149x39 [r=13 c=2 rs=1 cs=1]
              LayoutText {#text} at (1,1) size 65x36
                text run at (1,1) width 65: "3-14"
          LayoutTableRow {TR} at (0,574) size 455x39
            LayoutTableCell {TD} at (2,574) size 149x39 [r=14 c=0 rs=1 cs=1]
              LayoutText {#text} at (1,1) size 65x36
                text run at (1,1) width 65: "1-15"
            LayoutTableCell {TD} at (153,574) size 149x39 [r=14 c=1 rs=1 cs=1]
              LayoutText {#text} at (1,1) size 65x36
                text run at (1,1) width 65: "2-15"
            LayoutTableCell {TD} at (304,574) size 149x39 [r=14 c=2 rs=1 cs=1]
              LayoutText {#text} at (1,1) size 65x36
                text run at (1,1) width 65: "3-15"
          LayoutTableRow {TR} at (0,615) size 455x39
            LayoutTableCell {TD} at (2,615) size 149x39 [r=15 c=0 rs=1 cs=1]
              LayoutText {#text} at (1,1) size 65x36
                text run at (1,1) width 65: "1-16"
            LayoutTableCell {TD} at (153,615) size 149x39 [r=15 c=1 rs=1 cs=1]
              LayoutText {#text} at (1,1) size 65x36
                text run at (1,1) width 65: "2-16"
            LayoutTableCell {TD} at (304,615) size 149x39 [r=15 c=2 rs=1 cs=1]
              LayoutText {#text} at (1,1) size 65x36
                text run at (1,1) width 65: "3-16"
          LayoutTableRow {TR} at (0,656) size 455x39
            LayoutTableCell {TD} at (2,656) size 149x39 [r=16 c=0 rs=1 cs=1]
              LayoutText {#text} at (1,1) size 65x36
                text run at (1,1) width 65: "1-17"
            LayoutTableCell {TD} at (153,656) size 149x39 [r=16 c=1 rs=1 cs=1]
              LayoutText {#text} at (1,1) size 65x36
                text run at (1,1) width 65: "2-17"
            LayoutTableCell {TD} at (304,656) size 149x39 [r=16 c=2 rs=1 cs=1]
              LayoutText {#text} at (1,1) size 65x36
                text run at (1,1) width 65: "3-17"
          LayoutTableRow {TR} at (0,697) size 455x39
            LayoutTableCell {TD} at (2,697) size 149x39 [r=17 c=0 rs=1 cs=1]
              LayoutText {#text} at (1,1) size 65x36
                text run at (1,1) width 65: "1-18"
            LayoutTableCell {TD} at (153,697) size 149x39 [r=17 c=1 rs=1 cs=1]
              LayoutText {#text} at (1,1) size 65x36
                text run at (1,1) width 65: "2-18"
            LayoutTableCell {TD} at (304,697) size 149x39 [r=17 c=2 rs=1 cs=1]
              LayoutText {#text} at (1,1) size 65x36
                text run at (1,1) width 65: "3-18"
          LayoutTableRow {TR} at (0,791) size 455x39
            LayoutTableCell {TD} at (2,791) size 149x39 [r=18 c=0 rs=1 cs=1]
              LayoutText {#text} at (1,1) size 65x36
                text run at (1,1) width 65: "1-19"
            LayoutTableCell {TD} at (153,791) size 149x39 [r=18 c=1 rs=1 cs=1]
              LayoutText {#text} at (1,1) size 65x36
                text run at (1,1) width 65: "2-19"
            LayoutTableCell {TD} at (304,791) size 149x39 [r=18 c=2 rs=1 cs=1]
              LayoutText {#text} at (1,1) size 65x36
                text run at (1,1) width 65: "3-19"
          LayoutTableRow {TR} at (0,832) size 455x39
            LayoutTableCell {TD} at (2,832) size 149x39 [r=19 c=0 rs=1 cs=1]
              LayoutText {#text} at (1,1) size 65x36
                text run at (1,1) width 65: "1-20"
            LayoutTableCell {TD} at (153,832) size 149x39 [r=19 c=1 rs=1 cs=1]
              LayoutText {#text} at (1,1) size 65x36
                text run at (1,1) width 65: "2-20"
            LayoutTableCell {TD} at (304,832) size 149x39 [r=19 c=2 rs=1 cs=1]
              LayoutText {#text} at (1,1) size 65x36
                text run at (1,1) width 65: "3-20"
          LayoutTableRow {TR} at (0,873) size 455x39
            LayoutTableCell {TD} at (2,873) size 149x39 [r=20 c=0 rs=1 cs=1]
              LayoutText {#text} at (1,1) size 65x36
                text run at (1,1) width 65: "1-21"
            LayoutTableCell {TD} at (153,873) size 149x39 [r=20 c=1 rs=1 cs=1]
              LayoutText {#text} at (1,1) size 65x36
                text run at (1,1) width 65: "2-21"
            LayoutTableCell {TD} at (304,873) size 149x39 [r=20 c=2 rs=1 cs=1]
              LayoutText {#text} at (1,1) size 65x36
                text run at (1,1) width 65: "3-21"
          LayoutTableRow {TR} at (0,914) size 455x39
            LayoutTableCell {TD} at (2,914) size 149x39 [r=21 c=0 rs=1 cs=1]
              LayoutText {#text} at (1,1) size 65x36
                text run at (1,1) width 65: "1-22"
            LayoutTableCell {TD} at (153,914) size 149x39 [r=21 c=1 rs=1 cs=1]
              LayoutText {#text} at (1,1) size 65x36
                text run at (1,1) width 65: "2-22"
            LayoutTableCell {TD} at (304,914) size 149x39 [r=21 c=2 rs=1 cs=1]
              LayoutText {#text} at (1,1) size 65x36
                text run at (1,1) width 65: "3-22"
          LayoutTableRow {TR} at (0,955) size 455x39
            LayoutTableCell {TD} at (2,955) size 149x39 [r=22 c=0 rs=1 cs=1]
              LayoutText {#text} at (1,1) size 65x36
                text run at (1,1) width 65: "1-23"
            LayoutTableCell {TD} at (153,955) size 149x39 [r=22 c=1 rs=1 cs=1]
              LayoutText {#text} at (1,1) size 65x36
                text run at (1,1) width 65: "2-23"
            LayoutTableCell {TD} at (304,955) size 149x39 [r=22 c=2 rs=1 cs=1]
              LayoutText {#text} at (1,1) size 65x36
                text run at (1,1) width 65: "3-23"
          LayoutTableRow {TR} at (0,996) size 455x39
            LayoutTableCell {TD} at (2,996) size 149x39 [r=23 c=0 rs=1 cs=1]
              LayoutText {#text} at (1,1) size 65x36
                text run at (1,1) width 65: "1-24"
            LayoutTableCell {TD} at (153,996) size 149x39 [r=23 c=1 rs=1 cs=1]
              LayoutText {#text} at (1,1) size 65x36
                text run at (1,1) width 65: "2-24"
            LayoutTableCell {TD} at (304,996) size 149x39 [r=23 c=2 rs=1 cs=1]
              LayoutText {#text} at (1,1) size 65x36
                text run at (1,1) width 65: "3-24"
          LayoutTableRow {TR} at (0,1037) size 455x39
            LayoutTableCell {TD} at (2,1037) size 149x39 [r=24 c=0 rs=1 cs=1]
              LayoutText {#text} at (1,1) size 65x36
                text run at (1,1) width 65: "1-25"
            LayoutTableCell {TD} at (153,1037) size 149x39 [r=24 c=1 rs=1 cs=1]
              LayoutText {#text} at (1,1) size 65x36
                text run at (1,1) width 65: "2-25"
            LayoutTableCell {TD} at (304,1037) size 149x39 [r=24 c=2 rs=1 cs=1]
              LayoutText {#text} at (1,1) size 65x36
                text run at (1,1) width 65: "3-25"
          LayoutTableRow {TR} at (0,1078) size 455x39
            LayoutTableCell {TD} at (2,1078) size 149x39 [r=25 c=0 rs=1 cs=1]
              LayoutText {#text} at (1,1) size 65x36
                text run at (1,1) width 65: "1-26"
            LayoutTableCell {TD} at (153,1078) size 149x39 [r=25 c=1 rs=1 cs=1]
              LayoutText {#text} at (1,1) size 65x36
                text run at (1,1) width 65: "2-26"
            LayoutTableCell {TD} at (304,1078) size 149x39 [r=25 c=2 rs=1 cs=1]
              LayoutText {#text} at (1,1) size 65x36
                text run at (1,1) width 65: "3-26"
          LayoutTableRow {TR} at (0,1119) size 455x39
            LayoutTableCell {TD} at (2,1119) size 149x39 [r=26 c=0 rs=1 cs=1]
              LayoutText {#text} at (1,1) size 65x36
                text run at (1,1) width 65: "1-27"
            LayoutTableCell {TD} at (153,1119) size 149x39 [r=26 c=1 rs=1 cs=1]
              LayoutText {#text} at (1,1) size 65x36
                text run at (1,1) width 65: "2-27"
            LayoutTableCell {TD} at (304,1119) size 149x39 [r=26 c=2 rs=1 cs=1]
              LayoutText {#text} at (1,1) size 65x36
                text run at (1,1) width 65: "3-27"
          LayoutTableRow {TR} at (0,1160) size 455x39
            LayoutTableCell {TD} at (2,1160) size 149x39 [r=27 c=0 rs=1 cs=1]
              LayoutText {#text} at (1,1) size 65x36
                text run at (1,1) width 65: "1-28"
            LayoutTableCell {TD} at (153,1160) size 149x39 [r=27 c=1 rs=1 cs=1]
              LayoutText {#text} at (1,1) size 65x36
                text run at (1,1) width 65: "2-28"
            LayoutTableCell {TD} at (304,1160) size 149x39 [r=27 c=2 rs=1 cs=1]
              LayoutText {#text} at (1,1) size 65x36
                text run at (1,1) width 65: "3-28"
          LayoutTableRow {TR} at (0,1201) size 455x39
            LayoutTableCell {TD} at (2,1201) size 149x39 [r=28 c=0 rs=1 cs=1]
              LayoutText {#text} at (1,1) size 65x36
                text run at (1,1) width 65: "1-29"
            LayoutTableCell {TD} at (153,1201) size 149x39 [r=28 c=1 rs=1 cs=1]
              LayoutText {#text} at (1,1) size 65x36
                text run at (1,1) width 65: "2-29"
            LayoutTableCell {TD} at (304,1201) size 149x39 [r=28 c=2 rs=1 cs=1]
              LayoutText {#text} at (1,1) size 65x36
                text run at (1,1) width 65: "3-29"
          LayoutTableRow {TR} at (0,1242) size 455x39
            LayoutTableCell {TD} at (2,1242) size 149x39 [r=29 c=0 rs=1 cs=1]
              LayoutText {#text} at (1,1) size 65x36
                text run at (1,1) width 65: "1-30"
            LayoutTableCell {TD} at (153,1242) size 149x39 [r=29 c=1 rs=1 cs=1]
              LayoutText {#text} at (1,1) size 65x36
                text run at (1,1) width 65: "2-30"
            LayoutTableCell {TD} at (304,1242) size 149x39 [r=29 c=2 rs=1 cs=1]
              LayoutText {#text} at (1,1) size 65x36
                text run at (1,1) width 65: "3-30"
          LayoutTableRow {TR} at (0,1283) size 455x39
            LayoutTableCell {TD} at (2,1283) size 149x39 [r=30 c=0 rs=1 cs=1]
              LayoutText {#text} at (1,1) size 65x36
                text run at (1,1) width 65: "1-31"
            LayoutTableCell {TD} at (153,1283) size 149x39 [r=30 c=1 rs=1 cs=1]
              LayoutText {#text} at (1,1) size 65x36
                text run at (1,1) width 65: "2-31"
            LayoutTableCell {TD} at (304,1283) size 149x39 [r=30 c=2 rs=1 cs=1]
              LayoutText {#text} at (1,1) size 65x36
                text run at (1,1) width 65: "3-31"
          LayoutTableRow {TR} at (0,1324) size 455x39
            LayoutTableCell {TD} at (2,1324) size 149x39 [r=31 c=0 rs=1 cs=1]
              LayoutText {#text} at (1,1) size 65x36
                text run at (1,1) width 65: "1-32"
            LayoutTableCell {TD} at (153,1324) size 149x39 [r=31 c=1 rs=1 cs=1]
              LayoutText {#text} at (1,1) size 65x36
                text run at (1,1) width 65: "2-32"
            LayoutTableCell {TD} at (304,1324) size 149x39 [r=31 c=2 rs=1 cs=1]
              LayoutText {#text} at (1,1) size 65x36
                text run at (1,1) width 65: "3-32"
          LayoutTableRow {TR} at (0,1365) size 455x39
            LayoutTableCell {TD} at (2,1365) size 149x39 [r=32 c=0 rs=1 cs=1]
              LayoutText {#text} at (1,1) size 65x36
                text run at (1,1) width 65: "1-33"
            LayoutTableCell {TD} at (153,1365) size 149x39 [r=32 c=1 rs=1 cs=1]
              LayoutText {#text} at (1,1) size 65x36
                text run at (1,1) width 65: "2-33"
            LayoutTableCell {TD} at (304,1365) size 149x39 [r=32 c=2 rs=1 cs=1]
              LayoutText {#text} at (1,1) size 65x36
                text run at (1,1) width 65: "3-33"
          LayoutTableRow {TR} at (0,1406) size 455x39
            LayoutTableCell {TD} at (2,1406) size 149x39 [r=33 c=0 rs=1 cs=1]
              LayoutText {#text} at (1,1) size 65x36
                text run at (1,1) width 65: "1-34"
            LayoutTableCell {TD} at (153,1406) size 149x39 [r=33 c=1 rs=1 cs=1]
              LayoutText {#text} at (1,1) size 65x36
                text run at (1,1) width 65: "2-34"
            LayoutTableCell {TD} at (304,1406) size 149x39 [r=33 c=2 rs=1 cs=1]
              LayoutText {#text} at (1,1) size 65x36
                text run at (1,1) width 65: "3-34"
          LayoutTableRow {TR} at (0,1447) size 455x39
            LayoutTableCell {TD} at (2,1447) size 149x39 [r=34 c=0 rs=1 cs=1]
              LayoutText {#text} at (1,1) size 65x36
                text run at (1,1) width 65: "1-35"
            LayoutTableCell {TD} at (153,1447) size 149x39 [r=34 c=1 rs=1 cs=1]
              LayoutText {#text} at (1,1) size 65x36
                text run at (1,1) width 65: "2-35"
            LayoutTableCell {TD} at (304,1447) size 149x39 [r=34 c=2 rs=1 cs=1]
              LayoutText {#text} at (1,1) size 65x36
                text run at (1,1) width 65: "3-35"
