layer at (0,0) size 800x600
  LayoutView at (0,0) size 800x600
layer at (0,0) size 800x600
  LayoutBlockFlow {HTML} at (0,0) size 800x600
    LayoutBlockFlow {BODY} at (8,8) size 784x579
      LayoutBlockFlow {P} at (0,0) size 784x40
        LayoutInline {A} at (0,0) size 63x19 [color=#0000EE]
          LayoutText {#text} at (0,0) size 63x19
            text run at (0,0) width 63: "Bug 5656"
        LayoutText {#text} at (63,0) size 765x39
          text run at (63,0) width 702: " tests whether buttons force a white-space mode or not. These tests will only pass if the white-space mode is not"
          text run at (0,20) width 169: "forced and if it is inherited."
      LayoutBlockFlow {DIV} at (0,56) size 784x20
        LayoutText {#text} at (0,0) size 358x19
          text run at (0,0) width 358: "Buttons should appear next to each other in a single row:"
      LayoutTable {TABLE} at (0,76) size 204x28
        LayoutTableSection {TBODY} at (0,0) size 204x28
          LayoutTableRow {TR} at (0,2) size 204x24
            LayoutTableCell {TD} at (2,2) size 200x24 [r=0 c=0 rs=1 cs=1]
              LayoutButton {BUTTON} at (1,1) size 85x22 [bgcolor=#C0C0C0] [border: (2px outset #C0C0C0)]
                LayoutBlockFlow (anonymous) at (8,3) size 69x16
                  LayoutText {#text} at (0,0) size 69x16
                    text run at (0,0) width 69: "Search Mail"
              LayoutText {#text} at (86,2) size 4x19
                text run at (86,2) width 4: " "
              LayoutButton {BUTTON} at (90,1) size 109x22 [bgcolor=#C0C0C0] [border: (2px outset #C0C0C0)]
                LayoutBlockFlow (anonymous) at (8,3) size 93x16
                  LayoutText {#text} at (0,0) size 93x16
                    text run at (0,0) width 93: "Search the Web"
              LayoutText {#text} at (0,0) size 0x0
      LayoutBlockFlow {DIV} at (0,104) size 784x20
        LayoutText {#text} at (0,0) size 188x19
          text run at (0,0) width 188: "Buttons should look identical:"
      LayoutBlockFlow {DIV} at (0,124) size 784x22
        LayoutButton {BUTTON} at (0,0) size 78x22 [bgcolor=#C0C0C0] [border: (2px outset #C0C0C0)]
          LayoutBlockFlow (anonymous) at (8,3) size 62x16
            LayoutText {#text} at (0,0) size 62x16
              text run at (0,0) width 62: "test button"
      LayoutBlockFlow {DIV} at (0,146) size 784x22
        LayoutButton {BUTTON} at (0,0) size 78x22 [bgcolor=#C0C0C0] [border: (2px outset #C0C0C0)]
          LayoutBlockFlow (anonymous) at (8,3) size 62x16
            LayoutText {#text} at (0,0) size 62x16
              text run at (0,0) width 26: "test "
              text run at (26,0) width 36: "button"
      LayoutBlockFlow {DIV} at (0,168) size 784x20
        LayoutText {#text} at (0,0) size 344x19
          text run at (0,0) width 344: "Buttons should look identical (ignore vertical spacing):"
      LayoutBlockFlow {DIV} at (0,188) size 784x22
        LayoutButton {BUTTON} at (0,0) size 98x22 [bgcolor=#C0C0C0] [border: (2px outset #C0C0C0)]
          LayoutBlockFlow (anonymous) at (8,3) size 82x16
            LayoutText {#text} at (0,0) size 82x16
              text run at (0,0) width 82: "  test  button  "
      LayoutBlockFlow {DIV} at (0,210) size 784x22
        LayoutButton {BUTTON} at (0,0) size 98x22 [bgcolor=#C0C0C0] [border: (2px outset #C0C0C0)]
          LayoutBlockFlow (anonymous) at (8,3) size 82x16
            LayoutText {#text} at (0,0) size 82x16
              text run at (0,0) width 82: "  test  button  "
      LayoutBlockFlow {DIV} at (0,245) size 784x22
        LayoutBlockFlow {PRE} at (0,0) size 784x22
          LayoutButton {BUTTON} at (0,0) size 98x22 [bgcolor=#C0C0C0] [border: (2px outset #C0C0C0)]
            LayoutBlockFlow (anonymous) at (8,3) size 82x16
              LayoutText {#text} at (0,0) size 82x16
                text run at (0,0) width 82: "  test  button  "
