layer at (0,0) size 800x600
  LayoutView at (0,0) size 800x600
layer at (0,0) size 800x600
  LayoutBlockFlow {HTML} at (0,0) size 800x600
    LayoutBlockFlow {BODY} at (8,8) size 784x584
      LayoutBlockFlow {DIV} at (0,0) size 784x71.59 [border: (5px solid #000000)]
        LayoutFieldset {FIELDSET} at (7,5) size 770x61.59 [border: (10px groove #FF0000)]
          LayoutBlockFlow {LEGEND} at (42,0) size 124.66x18
            LayoutText {#text} at (2,0) size 121x18
              text run at (2,0) width 121: "Test without forms"
          LayoutBlockFlow {DIV} at (22,23.59) size 726x18
            LayoutText {#text} at (0,0) size 282x18
              text run at (0,0) width 282: "A DIV inside a fieldset, not related to forms"
