layer at (0,0) size 800x600
  LayoutView at (0,0) size 800x600
layer at (0,0) size 800x600
  LayoutBlockFlow {HTML} at (0,0) size 800x600
    LayoutBlockFlow {BODY} at (8,8) size 784x584
      LayoutButton {INPUT} at (0,0) size 52.86x18 [bgcolor=#FFFFFF]
        LayoutBlockFlow (anonymous) at (8,2) size 36.86x13
          LayoutText {#text} at (0,0) size 37x13
            text run at (0,0) width 37: "Submit"
      LayoutBR {BR} at (52,13) size 1x0
      LayoutButton {INPUT} at (0,18) size 45.67x18 [bgcolor=#FFFFFF]
        LayoutBlockFlow (anonymous) at (8,2) size 29.67x13
          LayoutText {#text} at (0,0) size 30x13
            text run at (0,0) width 30: "Reset"
      LayoutBR {BR} at (45,31) size 1x0
