layer at (0,0) size 800x600
  LayoutView at (0,0) size 800x600
layer at (0,0) size 800x600
  LayoutBlockFlow {HTML} at (0,0) size 800x600
    LayoutBlockFlow {BODY} at (8,8) size 784x576
      LayoutBlockFlow {P} at (0,0) size 784x36
        LayoutText {#text} at (0,0) size 54x18
          text run at (0,0) width 54: "Test for "
        LayoutInline {I} at (0,0) size 757x36
          LayoutInline {A} at (0,0) size 305x18 [color=#0000EE]
            LayoutText {#text} at (53,0) size 305x18
              text run at (53,0) width 305: "http://bugs.webkit.org/show_bug.cgi?id=15181"
          LayoutText {#text} at (357,0) size 757x36
            text run at (357,0) width 5: " "
            text run at (361,0) width 396: "text-transform: uppercase not working in input (submit, reset,"
            text run at (0,18) width 107: "button) elements"
        LayoutText {#text} at (106,18) size 5x18
          text run at (106,18) width 5: "."
      LayoutBlockFlow {P} at (0,52) size 784x19
        LayoutButton {BUTTON} at (0,1) size 81.13x18 [bgcolor=#FFFFFF] [border: (1px solid #D8D8D8) (1px solid #D1D1D1) (1px solid #BABABA) (1px solid #D1D1D1)]
          LayoutBlockFlow (anonymous) at (8,2) size 65.13x13
            LayoutText {#text} at (0,0) size 66x13
              text run at (0,0) width 66: "UPPERCASE"
        LayoutText {#text} at (81,0) size 5x18
          text run at (81,0) width 5: " "
        LayoutButton {BUTTON} at (85.13,1) size 68.53x18 [bgcolor=#FFFFFF] [border: (1px solid #D8D8D8) (1px solid #D1D1D1) (1px solid #BABABA) (1px solid #D1D1D1)]
          LayoutBlockFlow (anonymous) at (8,2) size 52.53x13
            LayoutText {#text} at (0,0) size 53x13
              text run at (0,0) width 53: "lowercase"
        LayoutText {#text} at (153,0) size 5x18
          text run at (153,0) width 5: " "
        LayoutButton {BUTTON} at (157.66,1) size 67.61x18 [bgcolor=#FFFFFF] [border: (1px solid #D8D8D8) (1px solid #D1D1D1) (1px solid #BABABA) (1px solid #D1D1D1)]
          LayoutBlockFlow (anonymous) at (8,2) size 51.61x13
            LayoutText {#text} at (0,0) size 52x13
              text run at (0,0) width 52: "Capitalize"
        LayoutText {#text} at (0,0) size 0x0
      LayoutBlockFlow {P} at (0,87) size 784x19
        LayoutButton {INPUT} at (0,1) size 81.13x18 [bgcolor=#FFFFFF]
          LayoutBlockFlow (anonymous) at (8,2) size 65.13x13
            LayoutText {#text} at (0,0) size 66x13
              text run at (0,0) width 66: "UPPERCASE"
        LayoutText {#text} at (81,0) size 5x18
          text run at (81,0) width 5: " "
        LayoutButton {INPUT} at (85.13,1) size 68.53x18 [bgcolor=#FFFFFF]
          LayoutBlockFlow (anonymous) at (8,2) size 52.53x13
            LayoutText {#text} at (0,0) size 53x13
              text run at (0,0) width 53: "lowercase"
        LayoutText {#text} at (153,0) size 5x18
          text run at (153,0) width 5: " "
        LayoutButton {INPUT} at (157.66,1) size 67.61x18 [bgcolor=#FFFFFF]
          LayoutBlockFlow (anonymous) at (8,2) size 51.61x13
            LayoutText {#text} at (0,0) size 52x13
              text run at (0,0) width 52: "Capitalize"
        LayoutText {#text} at (0,0) size 0x0
