layer at (0,0) size 800x600
  LayoutView at (0,0) size 800x600
layer at (0,0) size 800x600
  LayoutBlockFlow {HTML} at (0,0) size 800x600
    LayoutBlockFlow {BODY} at (8,8) size 784x584
      LayoutBlockFlow (anonymous) at (0,0) size 784x18
        LayoutText {#text} at (0,0) size 351x18
          text run at (0,0) width 351: "This tests that buttons don't honor table display styles. "
        LayoutBR {BR} at (350,14) size 1x0
      LayoutButton {INPUT} at (0,18) size 85.69x18 [bgcolor=#FFFFFF]
        LayoutBlockFlow (anonymous) at (8,2) size 69.69x13
          LayoutText {#text} at (0,0) size 70x13
            text run at (0,0) width 70: "display: table"
      LayoutButton {INPUT} at (0,36) size 85.69x18 [bgcolor=#FFFFFF]
        LayoutBlockFlow (anonymous) at (8,2) size 69.69x13
          LayoutText {#text} at (0,0) size 70x13
            text run at (0,0) width 70: "display: table"
      LayoutBlockFlow (anonymous) at (0,54) size 784x351
        LayoutBR {BR} at (0,0) size 0x18
        LayoutBR {BR} at (0,18) size 0x18
        LayoutButton {INPUT} at (0,37) size 118.63x18 [bgcolor=#FFFFFF]
          LayoutBlockFlow (anonymous) at (8,2) size 102.63x13
            LayoutText {#text} at (0,0) size 103x13
              text run at (0,0) width 103: "display: inline-table"
        LayoutText {#text} at (118,36) size 5x18
          text run at (118,36) width 5: " "
        LayoutButton {INPUT} at (122.63,37) size 118.63x18 [bgcolor=#FFFFFF]
          LayoutBlockFlow (anonymous) at (8,2) size 102.63x13
            LayoutText {#text} at (0,0) size 103x13
              text run at (0,0) width 103: "display: inline-table"
        LayoutText {#text} at (241,36) size 5x18
          text run at (241,36) width 5: " "
        LayoutBR {BR} at (245,50) size 1x0
        LayoutBR {BR} at (0,55) size 0x18
        LayoutButton {INPUT} at (0,74) size 145.78x18 [bgcolor=#FFFFFF]
          LayoutBlockFlow (anonymous) at (8,2) size 129.78x13
            LayoutText {#text} at (0,0) size 130x13
              text run at (0,0) width 130: "display: table-row-group"
        LayoutText {#text} at (145,73) size 5x18
          text run at (145,73) width 5: " "
        LayoutButton {INPUT} at (149.78,74) size 145.78x18 [bgcolor=#FFFFFF]
          LayoutBlockFlow (anonymous) at (8,2) size 129.78x13
            LayoutText {#text} at (0,0) size 130x13
              text run at (0,0) width 130: "display: table-row-group"
        LayoutText {#text} at (295,73) size 5x18
          text run at (295,73) width 5: " "
        LayoutBR {BR} at (299,87) size 1x0
        LayoutBR {BR} at (0,92) size 0x18
        LayoutButton {INPUT} at (0,111) size 162.94x18 [bgcolor=#FFFFFF]
          LayoutBlockFlow (anonymous) at (8,2) size 146.94x13
            LayoutText {#text} at (0,0) size 147x13
              text run at (0,0) width 147: "display: table-header-group"
        LayoutText {#text} at (162,110) size 5x18
          text run at (162,110) width 5: " "
        LayoutButton {INPUT} at (166.94,111) size 162.94x18 [bgcolor=#FFFFFF]
          LayoutBlockFlow (anonymous) at (8,2) size 146.94x13
            LayoutText {#text} at (0,0) size 147x13
              text run at (0,0) width 147: "display: table-header-group"
        LayoutText {#text} at (329,110) size 5x18
          text run at (329,110) width 5: " "
        LayoutBR {BR} at (333,124) size 1x0
        LayoutBR {BR} at (0,129) size 0x18
        LayoutButton {INPUT} at (0,148) size 157.95x18 [bgcolor=#FFFFFF]
          LayoutBlockFlow (anonymous) at (8,2) size 141.95x13
            LayoutText {#text} at (0,0) size 142x13
              text run at (0,0) width 142: "display: table-footer-group"
        LayoutText {#text} at (157,147) size 5x18
          text run at (157,147) width 5: " "
        LayoutButton {INPUT} at (161.95,148) size 157.95x18 [bgcolor=#FFFFFF]
          LayoutBlockFlow (anonymous) at (8,2) size 141.95x13
            LayoutText {#text} at (0,0) size 142x13
              text run at (0,0) width 142: "display: table-footer-group"
        LayoutText {#text} at (319,147) size 5x18
          text run at (319,147) width 5: " "
        LayoutBR {BR} at (323,161) size 1x0
        LayoutBR {BR} at (0,166) size 0x18
        LayoutButton {INPUT} at (0,185) size 109.95x18 [bgcolor=#FFFFFF]
          LayoutBlockFlow (anonymous) at (8,2) size 93.95x13
            LayoutText {#text} at (0,0) size 94x13
              text run at (0,0) width 94: "display: table-row"
        LayoutText {#text} at (109,184) size 5x18
          text run at (109,184) width 5: " "
        LayoutButton {INPUT} at (113.95,185) size 109.95x18 [bgcolor=#FFFFFF]
          LayoutBlockFlow (anonymous) at (8,2) size 93.95x13
            LayoutText {#text} at (0,0) size 94x13
              text run at (0,0) width 94: "display: table-row"
        LayoutText {#text} at (223,184) size 5x18
          text run at (223,184) width 5: " "
        LayoutBR {BR} at (227,198) size 1x0
        LayoutBR {BR} at (0,203) size 0x18
        LayoutButton {INPUT} at (0,222) size 165.09x18 [bgcolor=#FFFFFF]
          LayoutBlockFlow (anonymous) at (8,2) size 149.09x13
            LayoutText {#text} at (0,0) size 150x13
              text run at (0,0) width 150: "display: table-column-group"
        LayoutText {#text} at (165,221) size 5x18
          text run at (165,221) width 5: " "
        LayoutButton {INPUT} at (169.09,222) size 165.09x18 [bgcolor=#FFFFFF]
          LayoutBlockFlow (anonymous) at (8,2) size 149.09x13
            LayoutText {#text} at (0,0) size 150x13
              text run at (0,0) width 150: "display: table-column-group"
        LayoutText {#text} at (334,221) size 5x18
          text run at (334,221) width 5: " "
        LayoutBR {BR} at (338,235) size 1x0
        LayoutBR {BR} at (0,240) size 0x18
        LayoutButton {INPUT} at (0,259) size 129.16x18 [bgcolor=#FFFFFF]
          LayoutBlockFlow (anonymous) at (8,2) size 113.16x13
            LayoutText {#text} at (0,0) size 114x13
              text run at (0,0) width 114: "display: table-column"
        LayoutText {#text} at (129,258) size 5x18
          text run at (129,258) width 5: " "
        LayoutButton {INPUT} at (133.16,259) size 129.16x18 [bgcolor=#FFFFFF]
          LayoutBlockFlow (anonymous) at (8,2) size 113.16x13
            LayoutText {#text} at (0,0) size 114x13
              text run at (0,0) width 114: "display: table-column"
        LayoutText {#text} at (262,258) size 5x18
          text run at (262,258) width 5: " "
        LayoutBR {BR} at (266,272) size 1x0
        LayoutBR {BR} at (0,277) size 0x18
        LayoutButton {INPUT} at (0,296) size 109.17x18 [bgcolor=#FFFFFF]
          LayoutBlockFlow (anonymous) at (8,2) size 93.17x13
            LayoutText {#text} at (0,0) size 94x13
              text run at (0,0) width 94: "display: table-cell"
        LayoutText {#text} at (109,295) size 5x18
          text run at (109,295) width 5: " "
        LayoutButton {INPUT} at (113.17,296) size 109.17x18 [bgcolor=#FFFFFF]
          LayoutBlockFlow (anonymous) at (8,2) size 93.17x13
            LayoutText {#text} at (0,0) size 94x13
              text run at (0,0) width 94: "display: table-cell"
        LayoutText {#text} at (222,295) size 5x18
          text run at (222,295) width 5: " "
        LayoutBR {BR} at (226,309) size 1x0
        LayoutBR {BR} at (0,314) size 0x18
        LayoutButton {INPUT} at (0,333) size 129.94x18 [bgcolor=#FFFFFF]
          LayoutBlockFlow (anonymous) at (8,2) size 113.94x13
            LayoutText {#text} at (0,0) size 114x13
              text run at (0,0) width 114: "display: table-caption"
        LayoutText {#text} at (129,332) size 5x18
          text run at (129,332) width 5: " "
        LayoutButton {INPUT} at (133.94,333) size 129.94x18 [bgcolor=#FFFFFF]
          LayoutBlockFlow (anonymous) at (8,2) size 113.94x13
            LayoutText {#text} at (0,0) size 114x13
              text run at (0,0) width 114: "display: table-caption"
        LayoutText {#text} at (0,0) size 0x0
