layer at (0,0) size 800x600
  LayoutView at (0,0) size 800x600
layer at (0,0) size 800x600
  LayoutBlockFlow {HTML} at (0,0) size 800x600
    LayoutBlockFlow {BODY} at (8,8) size 784x584
      LayoutButton {BUTTON} at (0,1) size 76.19x18 [bgcolor=#FFFFFF] [border: (1px solid #D8D8D8) (1px solid #D1D1D1) (1px solid #BABABA) (1px solid #D1D1D1)]
        LayoutBlockFlow (anonymous) at (8,2) size 60.19x13
          LayoutText {#text} at (0,0) size 61x13
            text run at (0,0) width 61: "Test Button"
      LayoutText {#text} at (76,0) size 5x18
        text run at (76,0) width 5: " "
      LayoutButton {BUTTON} at (80.19,1) size 76.19x18 [color=#FF0000] [bgcolor=#FFFFFF] [border: (1px solid #D8D8D8) (1px solid #D1D1D1) (1px solid #BABABA) (1px solid #D1D1D1)]
        LayoutBlockFlow (anonymous) at (8,2) size 60.19x13
          LayoutText {#text} at (0,0) size 61x13
            text run at (0,0) width 61: "Test Button"
      LayoutText {#text} at (156,0) size 5x18
        text run at (156,0) width 5: " "
      LayoutButton {BUTTON} at (160.38,1) size 76.19x18 [bgcolor=#008000] [border: (1px solid #D8D8D8) (1px solid #D1D1D1) (1px solid #BABABA) (1px solid #D1D1D1)]
        LayoutBlockFlow (anonymous) at (8,2) size 60.19x13
          LayoutText {#text} at (0,0) size 61x13
            text run at (0,0) width 61: "Test Button"
      LayoutText {#text} at (236,0) size 5x18
        text run at (236,0) width 5: " "
      LayoutButton {BUTTON} at (240.56,1) size 76.19x18 [color=#FF0000] [bgcolor=#008000] [border: (1px solid #D8D8D8) (1px solid #D1D1D1) (1px solid #BABABA) (1px solid #D1D1D1)]
        LayoutBlockFlow (anonymous) at (8,2) size 60.19x13
          LayoutText {#text} at (0,0) size 61x13
            text run at (0,0) width 61: "Test Button"
      LayoutText {#text} at (316,0) size 5x18
        text run at (316,0) width 5: " "
      LayoutButton {INPUT} at (320.75,1) size 76.19x18 [bgcolor=#FFFFFF]
        LayoutBlockFlow (anonymous) at (8,2) size 60.19x13
          LayoutText {#text} at (0,0) size 61x13
            text run at (0,0) width 61: "Test Button"
      LayoutText {#text} at (396,0) size 5x18
        text run at (396,0) width 5: " "
      LayoutButton {INPUT} at (400.94,1) size 76.19x18 [color=#FF0000] [bgcolor=#FFFFFF]
        LayoutBlockFlow (anonymous) at (8,2) size 60.19x13
          LayoutText {#text} at (0,0) size 61x13
            text run at (0,0) width 61: "Test Button"
      LayoutText {#text} at (477,0) size 5x18
        text run at (477,0) width 5: " "
      LayoutButton {INPUT} at (481.13,1) size 76.19x18 [bgcolor=#008000] [border: (1px solid #D8D8D8) (1px solid #D1D1D1) (1px solid #BABABA) (1px solid #D1D1D1)]
        LayoutBlockFlow (anonymous) at (8,2) size 60.19x13
          LayoutText {#text} at (0,0) size 61x13
            text run at (0,0) width 61: "Test Button"
      LayoutText {#text} at (557,0) size 5x18
        text run at (557,0) width 5: " "
      LayoutButton {INPUT} at (561.31,1) size 76.19x18 [color=#FF0000] [bgcolor=#008000] [border: (1px solid #D8D8D8) (1px solid #D1D1D1) (1px solid #BABABA) (1px solid #D1D1D1)]
        LayoutBlockFlow (anonymous) at (8,2) size 60.19x13
          LayoutText {#text} at (0,0) size 61x13
            text run at (0,0) width 61: "Test Button"
      LayoutText {#text} at (0,0) size 0x0
