layer at (0,0) size 800x600
  LayoutView at (0,0) size 800x600
layer at (0,0) size 800x600
  LayoutBlockFlow {HTML} at (0,0) size 800x600
    LayoutBlockFlow {BODY} at (8,8) size 784x584
      LayoutButton {BUTTON} at (0,6) size 45.23x15 [bgcolor=#FFFFFF] [border: (1px solid #D8D8D8) (1px solid #D1D1D1) (1px solid #BABABA) (1px solid #D1D1D1)]
        LayoutBlockFlow (anonymous) at (8,4) size 29.23x6
          LayoutText {#text} at (0,0) size 30x6
            text run at (0,0) width 30: "Test Button"
      LayoutText {#text} at (45,1) size 5x18
        text run at (45,1) width 5: " "
      LayoutButton {BUTTON} at (49.23,5.50) size 51.09x15 [bgcolor=#FFFFFF] [border: (1px solid #D8D8D8) (1px solid #D1D1D1) (1px solid #BABABA) (1px solid #D1D1D1)]
        LayoutBlockFlow (anonymous) at (8,3.50) size 35.09x7
          LayoutText {#text} at (0,0) size 36x7
            text run at (0,0) width 36: "Test Button"
      LayoutText {#text} at (100,1) size 5x18
        text run at (100,1) width 5: " "
      LayoutButton {BUTTON} at (104.33,5) size 56.38x15 [bgcolor=#FFFFFF] [border: (1px solid #D8D8D8) (1px solid #D1D1D1) (1px solid #BABABA) (1px solid #D1D1D1)]
        LayoutBlockFlow (anonymous) at (8,3) size 40.38x8
          LayoutText {#text} at (0,0) size 41x8
            text run at (0,0) width 41: "Test Button"
      LayoutText {#text} at (160,1) size 5x18
        text run at (160,1) width 5: " "
      LayoutButton {BUTTON} at (164.70,5) size 61.48x15 [bgcolor=#FFFFFF] [border: (1px solid #D8D8D8) (1px solid #D1D1D1) (1px solid #BABABA) (1px solid #D1D1D1)]
        LayoutBlockFlow (anonymous) at (8,2) size 45.48x10
          LayoutText {#text} at (0,0) size 46x10
            text run at (0,0) width 46: "Test Button"
      LayoutText {#text} at (226,1) size 5x18
        text run at (226,1) width 5: " "
      LayoutButton {BUTTON} at (230.19,4) size 66.50x16 [bgcolor=#FFFFFF] [border: (1px solid #D8D8D8) (1px solid #D1D1D1) (1px solid #BABABA) (1px solid #D1D1D1)]
        LayoutBlockFlow (anonymous) at (8,2) size 50.50x11
          LayoutText {#text} at (0,0) size 51x11
            text run at (0,0) width 51: "Test Button"
      LayoutText {#text} at (296,1) size 5x18
        text run at (296,1) width 5: " "
      LayoutButton {BUTTON} at (300.69,3) size 71.36x17 [bgcolor=#FFFFFF] [border: (1px solid #D8D8D8) (1px solid #D1D1D1) (1px solid #BABABA) (1px solid #D1D1D1)]
        LayoutBlockFlow (anonymous) at (8,2) size 55.36x12
          LayoutText {#text} at (0,0) size 56x12
            text run at (0,0) width 56: "Test Button"
      LayoutText {#text} at (372,1) size 5x18
        text run at (372,1) width 5: " "
      LayoutButton {BUTTON} at (376.05,2) size 76.19x18 [bgcolor=#FFFFFF] [border: (1px solid #D8D8D8) (1px solid #D1D1D1) (1px solid #BABABA) (1px solid #D1D1D1)]
        LayoutBlockFlow (anonymous) at (8,2) size 60.19x13
          LayoutText {#text} at (0,0) size 61x13
            text run at (0,0) width 61: "Test Button"
      LayoutText {#text} at (452,1) size 5x18
        text run at (452,1) width 5: " "
      LayoutButton {INPUT} at (456.23,2) size 76.19x18 [bgcolor=#FFFFFF]
        LayoutBlockFlow (anonymous) at (8,2) size 60.19x13
          LayoutText {#text} at (0,0) size 61x13
            text run at (0,0) width 61: "Test Button"
      LayoutText {#text} at (532,1) size 5x18
        text run at (532,1) width 5: " "
      LayoutButton {BUTTON} at (536.42,1) size 80.88x20 [bgcolor=#FFFFFF] [border: (1px solid #D8D8D8) (1px solid #D1D1D1) (1px solid #BABABA) (1px solid #D1D1D1)]
        LayoutBlockFlow (anonymous) at (8,2) size 64.88x15
          LayoutText {#text} at (0,0) size 65x15
            text run at (0,0) width 65: "Test Button"
      LayoutText {#text} at (617,1) size 5x18
        text run at (617,1) width 5: " "
      LayoutButton {BUTTON} at (621.30,0) size 85.45x21 [bgcolor=#FFFFFF] [border: (1px solid #D8D8D8) (1px solid #D1D1D1) (1px solid #BABABA) (1px solid #D1D1D1)]
        LayoutBlockFlow (anonymous) at (8,2) size 69.45x16
          LayoutText {#text} at (0,0) size 70x16
            text run at (0,0) width 70: "Test Button"
      LayoutText {#text} at (706,1) size 5x18
        text run at (706,1) width 5: " "
      LayoutButton {BUTTON} at (0,26) size 90.05x22 [bgcolor=#FFFFFF] [border: (1px solid #D8D8D8) (1px solid #D1D1D1) (1px solid #BABABA) (1px solid #D1D1D1)]
        LayoutBlockFlow (anonymous) at (8,2) size 74.05x17
          LayoutText {#text} at (0,0) size 75x17
            text run at (0,0) width 75: "Test Button"
      LayoutText {#text} at (90,28) size 5x18
        text run at (90,28) width 5: " "
      LayoutButton {BUTTON} at (94.05,25) size 94.52x23 [bgcolor=#FFFFFF] [border: (1px solid #D8D8D8) (1px solid #D1D1D1) (1px solid #BABABA) (1px solid #D1D1D1)]
        LayoutBlockFlow (anonymous) at (8,2) size 78.52x18
          LayoutText {#text} at (0,0) size 79x18
            text run at (0,0) width 79: "Test Button"
      LayoutText {#text} at (188,28) size 5x18
        text run at (188,28) width 5: " "
      LayoutButton {BUTTON} at (192.56,25) size 99.06x23 [bgcolor=#FFFFFF] [border: (1px solid #D8D8D8) (1px solid #D1D1D1) (1px solid #BABABA) (1px solid #D1D1D1)]
        LayoutBlockFlow (anonymous) at (8,2) size 83.06x18
          LayoutText {#text} at (0,0) size 84x18
            text run at (0,0) width 84: "Test Button"
      LayoutText {#text} at (291,28) size 5x18
        text run at (291,28) width 5: " "
      LayoutButton {BUTTON} at (295.63,24) size 103.63x25 [bgcolor=#FFFFFF] [border: (1px solid #D8D8D8) (1px solid #D1D1D1) (1px solid #BABABA) (1px solid #D1D1D1)]
        LayoutBlockFlow (anonymous) at (8,2) size 87.63x20
          LayoutText {#text} at (0,0) size 88x20
            text run at (0,0) width 88: "Test Button"
      LayoutText {#text} at (399,28) size 5x18
        text run at (399,28) width 5: " "
      LayoutButton {BUTTON} at (403.25,23) size 108.58x26 [bgcolor=#FFFFFF] [border: (1px solid #D8D8D8) (1px solid #D1D1D1) (1px solid #BABABA) (1px solid #D1D1D1)]
        LayoutBlockFlow (anonymous) at (8,2) size 92.58x21
          LayoutText {#text} at (0,0) size 93x21
            text run at (0,0) width 93: "Test Button"
      LayoutText {#text} at (511,28) size 5x18
        text run at (511,28) width 5: " "
      LayoutButton {BUTTON} at (515.83,22) size 113.42x27 [bgcolor=#FFFFFF] [border: (1px solid #D8D8D8) (1px solid #D1D1D1) (1px solid #BABABA) (1px solid #D1D1D1)]
        LayoutBlockFlow (anonymous) at (8,2) size 97.42x22
          LayoutText {#text} at (0,0) size 98x22
            text run at (0,0) width 98: "Test Button"
      LayoutText {#text} at (629,28) size 5x18
        text run at (629,28) width 5: " "
      LayoutButton {BUTTON} at (633.25,21) size 114.19x28 [bgcolor=#FFFFFF] [border: (1px solid #D8D8D8) (1px solid #D1D1D1) (1px solid #BABABA) (1px solid #D1D1D1)]
        LayoutBlockFlow (anonymous) at (8,2) size 98.19x23
          LayoutText {#text} at (0,0) size 99x23
            text run at (0,0) width 99: "Test Button"
      LayoutText {#text} at (747,28) size 5x18
        text run at (747,28) width 5: " "
      LayoutButton {BUTTON} at (0,49) size 118.75x29 [bgcolor=#FFFFFF] [border: (1px solid #D8D8D8) (1px solid #D1D1D1) (1px solid #BABABA) (1px solid #D1D1D1)]
        LayoutBlockFlow (anonymous) at (8,2) size 102.75x24
          LayoutText {#text} at (0,0) size 103x24
            text run at (0,0) width 103: "Test Button"
      LayoutText {#text} at (0,0) size 0x0
