layer at (0,0) size 800x600
  LayoutView at (0,0) size 800x600
layer at (0,0) size 800x600
  LayoutBlockFlow {HTML} at (0,0) size 800x600
    LayoutBlockFlow {BODY} at (8,8) size 784x584
      LayoutBlockFlow {FORM} at (0,0) size 784x19
        LayoutBlockFlow {INPUT} at (2.89,3) size 12x13
        LayoutBlockFlow {INPUT} at (20.67,3) size 12x13
      LayoutBlockFlow (anonymous) at (0,35) size 784x36
        LayoutText {#text} at (0,0) size 763x36
          text run at (0,0) width 763: "There should be two elements in the first form and one in the second. The count in form one is 2, and the count in form"
          text run at (0,18) width 55: "two is 1."
