layer at (0,0) size 800x600 scrollHeight 640
  LayoutView at (0,0) size 800x600
layer at (0,0) size 800x640 backgroundClip at (0,0) size 800x600 clip at (0,0) size 800x600
  LayoutBlockFlow {HTML} at (0,0) size 800x640
    LayoutBlockFlow {BODY} at (8,8) size 784x624
      LayoutBlockFlow {P} at (0,0) size 784x18
        LayoutText {#text} at (0,0) size 564x18
          text run at (0,0) width 564: "This page has a few tables within form elements within divs with various display styles."
      LayoutBlockFlow {P} at (0,34) size 784x18
        LayoutText {#text} at (0,0) size 28x18
          text run at (0,0) width 28: "See "
        LayoutInline {A} at (0,0) size 121x18 [color=#0000EE]
          LayoutText {#text} at (27,0) size 121x18
            text run at (27,0) width 121: "Bugzilla Bug 4977"
        LayoutText {#text} at (147,0) size 5x18
          text run at (147,0) width 5: "."
      LayoutBlockFlow {DIV} at (0,68) size 784x24
        LayoutBlockFlow (anonymous) at (0,0) size 784x0
          LayoutInline {DIV} at (0,0) size 0x0
        LayoutBlockFlow (anonymous) at (0,0) size 784x24
          LayoutBlockFlow {FORM} at (0,0) size 784x24
            LayoutTable {TABLE} at (0,0) size 98x24
              LayoutTableSection {TBODY} at (0,0) size 98x24
                LayoutTableRow {TR} at (0,2) size 98x20
                  LayoutTableCell {TD} at (2,2) size 94x20 [r=0 c=0 rs=1 cs=1]
                    LayoutText {#text} at (1,1) size 92x18
                      text run at (1,1) width 92: "display: inline"
        LayoutBlockFlow (anonymous) at (0,40) size 784x0
          LayoutInline {DIV} at (0,0) size 0x0
      LayoutBlockFlow {DIV} at (0,108) size 784x24
        LayoutBlockFlow {DIV} at (0,0) size 784x24
          LayoutBlockFlow {FORM} at (0,0) size 784x24
            LayoutTable {TABLE} at (0,0) size 97x24
              LayoutTableSection {TBODY} at (0,0) size 97x24
                LayoutTableRow {TR} at (0,2) size 97x20
                  LayoutTableCell {TD} at (2,2) size 93x20 [r=0 c=0 rs=1 cs=1]
                    LayoutText {#text} at (1,1) size 91x18
                      text run at (1,1) width 91: "display: block"
      LayoutBlockFlow {DIV} at (0,148) size 784x24
        LayoutListItem {DIV} at (0,0) size 784x24
          LayoutBlockFlow (anonymous) at (0,0) size 784x0
            LayoutListMarker (anonymous) at (-17,7) size 7x18: bullet
          LayoutBlockFlow {FORM} at (0,0) size 784x24
            LayoutTable {TABLE} at (0,0) size 114x24
              LayoutTableSection {TBODY} at (0,0) size 114x24
                LayoutTableRow {TR} at (0,2) size 114x20
                  LayoutTableCell {TD} at (2,2) size 110x20 [r=0 c=0 rs=1 cs=1]
                    LayoutText {#text} at (1,1) size 108x18
                      text run at (1,1) width 108: "display: list-item"
      LayoutBlockFlow {DIV} at (0,188) size 784x24
        LayoutBlockFlow {DIV} at (0,0) size 784x24
          LayoutBlockFlow {FORM} at (0,0) size 784x24
            LayoutTable {TABLE} at (0,0) size 115x24
              LayoutTableSection {TBODY} at (0,0) size 115x24
                LayoutTableRow {TR} at (0,2) size 115x20
                  LayoutTableCell {TD} at (2,2) size 111x20 [r=0 c=0 rs=1 cs=1]
                    LayoutText {#text} at (1,1) size 109x18
                      text run at (1,1) width 109: "display: compact"
      LayoutBlockFlow {DIV} at (0,228) size 784x40
        LayoutBlockFlow {DIV} at (0,0) size 138x40
          LayoutBlockFlow {FORM} at (0,0) size 138x24
            LayoutTable {TABLE} at (0,0) size 138x24
              LayoutTableSection {TBODY} at (0,0) size 138x24
                LayoutTableRow {TR} at (0,2) size 138x20
                  LayoutTableCell {TD} at (2,2) size 134x20 [r=0 c=0 rs=1 cs=1]
                    LayoutText {#text} at (1,1) size 132x18
                      text run at (1,1) width 132: "display: inline-block"
      LayoutBlockFlow {DIV} at (0,268) size 784x40
        LayoutTable {DIV} at (0,0) size 92x40
          LayoutTableSection (anonymous) at (0,0) size 92x40
            LayoutTableRow (anonymous) at (0,0) size 92x40
              LayoutTableCell (anonymous) at (0,0) size 92x40 [r=0 c=0 rs=1 cs=1]
                LayoutBlockFlow {FORM} at (0,0) size 92x24
                  LayoutTable {TABLE} at (0,0) size 92x24
                    LayoutTableSection {TBODY} at (0,0) size 92x24
                      LayoutTableRow {TR} at (0,2) size 92x20
                        LayoutTableCell {TD} at (2,2) size 88x20 [r=0 c=0 rs=1 cs=1]
                          LayoutText {#text} at (1,1) size 86x18
                            text run at (1,1) width 86: "display: table"
      LayoutBlockFlow {DIV} at (0,308) size 784x40
        LayoutTable {DIV} at (0,0) size 134x40
          LayoutTableSection (anonymous) at (0,0) size 134x40
            LayoutTableRow (anonymous) at (0,0) size 134x40
              LayoutTableCell (anonymous) at (0,0) size 134x40 [r=0 c=0 rs=1 cs=1]
                LayoutBlockFlow {FORM} at (0,0) size 134x24
                  LayoutTable {TABLE} at (0,0) size 134x24
                    LayoutTableSection {TBODY} at (0,0) size 134x24
                      LayoutTableRow {TR} at (0,2) size 134x20
                        LayoutTableCell {TD} at (2,2) size 130x20 [r=0 c=0 rs=1 cs=1]
                          LayoutText {#text} at (1,1) size 128x18
                            text run at (1,1) width 128: "display: inline-table"
      LayoutBlockFlow {DIV} at (0,348) size 784x40
        LayoutTable (anonymous) at (0,0) size 165x40
          LayoutTableSection {DIV} at (0,0) size 165x40
            LayoutTableRow (anonymous) at (0,0) size 165x40
              LayoutTableCell (anonymous) at (0,0) size 165x40 [r=0 c=0 rs=1 cs=1]
                LayoutBlockFlow {FORM} at (0,0) size 165x24
                  LayoutTable {TABLE} at (0,0) size 165x24
                    LayoutTableSection {TBODY} at (0,0) size 165x24
                      LayoutTableRow {TR} at (0,2) size 165x20
                        LayoutTableCell {TD} at (2,2) size 161x20 [r=0 c=0 rs=1 cs=1]
                          LayoutText {#text} at (1,1) size 159x18
                            text run at (1,1) width 159: "display: table-row-group"
      LayoutBlockFlow {DIV} at (0,388) size 784x40
        LayoutTable (anonymous) at (0,0) size 183x40
          LayoutTableSection {DIV} at (0,0) size 183x40
            LayoutTableRow (anonymous) at (0,0) size 183x40
              LayoutTableCell (anonymous) at (0,0) size 183x40 [r=0 c=0 rs=1 cs=1]
                LayoutBlockFlow {FORM} at (0,0) size 183x24
                  LayoutTable {TABLE} at (0,0) size 183x24
                    LayoutTableSection {TBODY} at (0,0) size 183x24
                      LayoutTableRow {TR} at (0,2) size 183x20
                        LayoutTableCell {TD} at (2,2) size 179x20 [r=0 c=0 rs=1 cs=1]
                          LayoutText {#text} at (1,1) size 177x18
                            text run at (1,1) width 177: "display: table-header-group"
      LayoutBlockFlow {DIV} at (0,428) size 784x40
        LayoutTable (anonymous) at (0,0) size 178x40
          LayoutTableSection {DIV} at (0,0) size 178x40
            LayoutTableRow (anonymous) at (0,0) size 178x40
              LayoutTableCell (anonymous) at (0,0) size 178x40 [r=0 c=0 rs=1 cs=1]
                LayoutBlockFlow {FORM} at (0,0) size 178x24
                  LayoutTable {TABLE} at (0,0) size 178x24
                    LayoutTableSection {TBODY} at (0,0) size 178x24
                      LayoutTableRow {TR} at (0,2) size 178x20
                        LayoutTableCell {TD} at (2,2) size 174x20 [r=0 c=0 rs=1 cs=1]
                          LayoutText {#text} at (1,1) size 172x18
                            text run at (1,1) width 172: "display: table-footer-group"
      LayoutBlockFlow {DIV} at (0,468) size 784x40
        LayoutTable (anonymous) at (0,0) size 122x40
          LayoutTableSection (anonymous) at (0,0) size 122x40
            LayoutTableRow {DIV} at (0,0) size 122x40
              LayoutTableCell (anonymous) at (0,0) size 122x40 [r=0 c=0 rs=1 cs=1]
                LayoutBlockFlow {FORM} at (0,0) size 122x24
                  LayoutTable {TABLE} at (0,0) size 122x24
                    LayoutTableSection {TBODY} at (0,0) size 122x24
                      LayoutTableRow {TR} at (0,2) size 122x20
                        LayoutTableCell {TD} at (2,2) size 118x20 [r=0 c=0 rs=1 cs=1]
                          LayoutText {#text} at (1,1) size 116x18
                            text run at (1,1) width 116: "display: table-row"
      LayoutBlockFlow {DIV} at (0,508) size 784x0
        LayoutTable (anonymous) at (0,0) size 0x0
          LayoutTableCol {DIV} at (0,0) size 0x0
      LayoutBlockFlow {DIV} at (0,508) size 784x0
        LayoutTable (anonymous) at (0,0) size 0x0
          LayoutTableCol {DIV} at (0,0) size 0x0
      LayoutBlockFlow {DIV} at (0,508) size 784x40
        LayoutTable (anonymous) at (0,0) size 121x40
          LayoutTableSection (anonymous) at (0,0) size 121x40
            LayoutTableRow (anonymous) at (0,0) size 121x40
              LayoutTableCell {DIV} at (0,0) size 121x40 [r=0 c=0 rs=1 cs=1]
                LayoutBlockFlow {FORM} at (0,0) size 121x24
                  LayoutTable {TABLE} at (0,0) size 121x24
                    LayoutTableSection {TBODY} at (0,0) size 121x24
                      LayoutTableRow {TR} at (0,2) size 121x20
                        LayoutTableCell {TD} at (2,2) size 117x20 [r=0 c=0 rs=1 cs=1]
                          LayoutText {#text} at (1,1) size 115x18
                            text run at (1,1) width 115: "display: table-cell"
      LayoutBlockFlow {DIV} at (0,548) size 784x76
        LayoutTable (anonymous) at (0,0) size 57x76
          LayoutBlockFlow {DIV} at (0,0) size 57x76
            LayoutBlockFlow {FORM} at (0,0) size 57x60
              LayoutTable {TABLE} at (0,0) size 57x60
                LayoutTableSection {TBODY} at (0,0) size 57x60
                  LayoutTableRow {TR} at (0,2) size 57x56
                    LayoutTableCell {TD} at (2,2) size 53x56 [r=0 c=0 rs=1 cs=1]
                      LayoutText {#text} at (1,1) size 51x54
                        text run at (1,1) width 51: "display:"
                        text run at (1,19) width 37: "table-"
                        text run at (1,37) width 48: "caption"
