layer at (0,0) size 800x600
  LayoutView at (0,0) size 800x600
layer at (0,0) size 800x600
  LayoutBlockFlow {HTML} at (0,0) size 800x600
    LayoutBlockFlow {BODY} at (8,8) size 784x576
      LayoutBlockFlow (anonymous) at (0,0) size 784x18
        LayoutText {#text} at (0,0) size 781x18
          text run at (0,0) width 781: "This tests the height attribute of form elements. The only element that should honour this value is the Image type of input."
      LayoutBlockFlow {FORM} at (0,18) size 784x229
        LayoutText {#text} at (0,0) size 37x18
          text run at (0,0) width 37: "input "
        LayoutTextControl {INPUT} at (36.89,0) size 131x19 [bgcolor=#FFFFFF] [border: (2px inset #EEEEEE)]
        LayoutText {#text} at (167,0) size 5x18
          text run at (167,0) width 5: " "
        LayoutBR {BR} at (171,14) size 1x0
        LayoutText {#text} at (0,19) size 28x18
          text run at (0,19) width 28: "text "
        LayoutTextControl {INPUT} at (27.98,19) size 131x19 [bgcolor=#FFFFFF] [border: (2px inset #EEEEEE)]
        LayoutText {#text} at (158,19) size 5x18
          text run at (158,19) width 5: " "
        LayoutBR {BR} at (162,33) size 1x0
        LayoutText {#text} at (0,38) size 66x18
          text run at (0,38) width 66: "checkbox "
        LayoutBlockFlow {INPUT} at (68.19,42) size 12x12
        LayoutText {#text} at (83,38) size 5x18
          text run at (83,38) width 5: " "
        LayoutBR {BR} at (87,52) size 1x0
        LayoutText {#text} at (0,57) size 25x18
          text run at (0,57) width 25: "file "
        LayoutFileUploadControl {INPUT} at (24.44,58) size 238x18 "No file chosen"
          LayoutButton {INPUT} at (0,0) size 77.33x18 [bgcolor=#FFFFFF]
            LayoutBlockFlow (anonymous) at (8,2) size 61.33x13
              LayoutText {#text} at (0,0) size 62x13
                text run at (0,0) width 62: "Choose File"
        LayoutText {#text} at (262,57) size 5x18
          text run at (262,57) width 5: " "
        LayoutBR {BR} at (266,71) size 1x0
        LayoutText {#text} at (0,76) size 44x18
          text run at (0,76) width 44: "image "
        LayoutImage {INPUT} at (43.09,89) size 10x1
        LayoutText {#text} at (53,76) size 5x18
          text run at (53,76) width 5: " "
        LayoutBR {BR} at (57,90) size 1x0
        LayoutText {#text} at (0,94) size 37x18
          text run at (0,94) width 37: "radio "
        LayoutBlockFlow {INPUT} at (39.77,97) size 12x13
        LayoutText {#text} at (54,94) size 5x18
          text run at (54,94) width 5: " "
        LayoutBR {BR} at (58,108) size 1x0
        LayoutText {#text} at (0,116) size 40x18
          text run at (0,116) width 40: "range "
        LayoutSlider {INPUT} at (41.53,115) size 129x15 [color=#909090] [bgcolor=#FFFFFF]
          LayoutFlexibleBox {DIV} at (0,0) size 129x15
            LayoutBlockFlow {DIV} at (0,0) size 129x15
              LayoutBlockFlow {DIV} at (57,0) size 15x15
        LayoutText {#text} at (172,116) size 5x18
          text run at (172,116) width 5: " "
        LayoutBR {BR} at (176,130) size 1x0
        LayoutText {#text} at (0,134) size 35x18
          text run at (0,134) width 35: "reset "
        LayoutButton {INPUT} at (34.20,135) size 45.67x18 [bgcolor=#FFFFFF]
          LayoutBlockFlow (anonymous) at (8,2) size 29.67x13
            LayoutText {#text} at (0,0) size 30x13
              text run at (0,0) width 30: "Reset"
        LayoutText {#text} at (79,134) size 5x18
          text run at (79,134) width 5: " "
        LayoutBR {BR} at (83,148) size 1x0
        LayoutText {#text} at (0,153) size 48x18
          text run at (0,153) width 48: "submit "
        LayoutButton {INPUT} at (47.56,154) size 52.86x18 [bgcolor=#FFFFFF]
          LayoutBlockFlow (anonymous) at (8,2) size 36.86x13
            LayoutText {#text} at (0,0) size 37x13
              text run at (0,0) width 37: "Submit"
        LayoutText {#text} at (100,153) size 5x18
          text run at (100,153) width 5: " "
        LayoutBR {BR} at (104,167) size 1x0
        LayoutText {#text} at (0,172) size 51x18
          text run at (0,172) width 51: "isindex "
        LayoutTextControl {INPUT} at (50.22,172) size 131x19 [bgcolor=#FFFFFF] [border: (2px inset #EEEEEE)]
        LayoutText {#text} at (181,172) size 5x18
          text run at (181,172) width 5: " "
        LayoutBR {BR} at (185,186) size 1x0
        LayoutText {#text} at (0,191) size 65x18
          text run at (0,191) width 65: "password "
        LayoutTextControl {INPUT} at (64.44,191) size 131x19 [bgcolor=#FFFFFF] [border: (2px inset #EEEEEE)]
        LayoutText {#text} at (195,191) size 5x18
          text run at (195,191) width 5: " "
        LayoutBR {BR} at (199,205) size 1x0
        LayoutText {#text} at (0,210) size 45x18
          text run at (0,210) width 45: "search "
        LayoutTextControl {INPUT} at (44.86,210) size 133x19 [bgcolor=#FFFFFF] [border: (2px inset #EEEEEE)]
          LayoutFlexibleBox {DIV} at (4,3) size 125x13
            LayoutBlockFlow {DIV} at (0,0) size 113x13
        LayoutText {#text} at (0,0) size 0x0
layer at (48,29) size 125x13
  LayoutBlockFlow {DIV} at (3,3) size 125x13
layer at (39,48) size 125x13
  LayoutBlockFlow {DIV} at (3,3) size 125x13
layer at (61,201) size 125x13
  LayoutBlockFlow {DIV} at (3,3) size 125x13
layer at (75,220) size 125x13
  LayoutBlockFlow {DIV} at (3,3) size 125x13
layer at (57,239) size 113x13
  LayoutBlockFlow {DIV} at (0,0) size 113x13
layer at (171,240) size 11x11 transparent
  LayoutBlockFlow {DIV} at (114,1) size 11x11
