layer at (0,0) size 800x600
  LayoutView at (0,0) size 800x600
layer at (0,0) size 800x600
  LayoutBlockFlow {HTML} at (0,0) size 800x600
    LayoutBlockFlow {BODY} at (8,8) size 784x584
      LayoutButton {INPUT} at (0,3) size 66.50x15 [bgcolor=#FFFFFF]
        LayoutBlockFlow (anonymous) at (8,2) size 50.50x11
          LayoutText {#text} at (0,0) size 51x11
            text run at (0,0) width 51: "Test Button"
      LayoutText {#text} at (66,0) size 5x18
        text run at (66,0) width 5: " "
      LayoutButton {INPUT} at (70.50,3) size 66.50x15 [bgcolor=#FFFFFF]
        LayoutBlockFlow (anonymous) at (8,2) size 50.50x11
          LayoutText {#text} at (0,0) size 51x11
            text run at (0,0) width 51: "Test Button"
      LayoutText {#text} at (137,0) size 4x18
        text run at (137,0) width 4: " "
      LayoutButton {INPUT} at (141,3) size 66.50x15 [bgcolor=#FFFFFF]
        LayoutBlockFlow (anonymous) at (8,2) size 50.50x11
          LayoutText {#text} at (0,0) size 51x11
            text run at (0,0) width 51: "Test Button"
      LayoutText {#text} at (207,0) size 5x18
        text run at (207,0) width 5: " "
      LayoutButton {INPUT} at (211.50,3) size 66.50x15 [bgcolor=#FFFFFF]
        LayoutBlockFlow (anonymous) at (8,2) size 50.50x11
          LayoutText {#text} at (0,0) size 51x11
            text run at (0,0) width 51: "Test Button"
      LayoutText {#text} at (278,0) size 4x18
        text run at (278,0) width 4: " "
      LayoutButton {INPUT} at (282,3) size 66.50x15 [bgcolor=#FFFFFF]
        LayoutBlockFlow (anonymous) at (8,2) size 50.50x11
          LayoutText {#text} at (0,0) size 51x11
            text run at (0,0) width 51: "Test Button"
      LayoutText {#text} at (348,0) size 5x18
        text run at (348,0) width 5: " "
      LayoutButton {INPUT} at (352.50,3) size 66.50x15 [bgcolor=#FFFFFF]
        LayoutBlockFlow (anonymous) at (8,2) size 50.50x11
          LayoutText {#text} at (0,0) size 51x11
            text run at (0,0) width 51: "Test Button"
      LayoutText {#text} at (419,0) size 4x18
        text run at (419,0) width 4: " "
      LayoutButton {INPUT} at (423,1) size 76.19x18 [bgcolor=#FFFFFF]
        LayoutBlockFlow (anonymous) at (8,2) size 60.19x13
          LayoutText {#text} at (0,0) size 61x13
            text run at (0,0) width 61: "Test Button"
      LayoutText {#text} at (499,0) size 5x18
        text run at (499,0) width 5: " "
      LayoutButton {INPUT} at (503.19,1) size 76.19x18 [bgcolor=#FFFFFF]
        LayoutBlockFlow (anonymous) at (8,2) size 60.19x13
          LayoutText {#text} at (0,0) size 61x13
            text run at (0,0) width 61: "Test Button"
      LayoutText {#text} at (579,0) size 5x18
        text run at (579,0) width 5: " "
      LayoutButton {INPUT} at (583.38,1) size 76.19x18 [bgcolor=#FFFFFF]
        LayoutBlockFlow (anonymous) at (8,2) size 60.19x13
          LayoutText {#text} at (0,0) size 61x13
            text run at (0,0) width 61: "Test Button"
      LayoutText {#text} at (659,0) size 5x18
        text run at (659,0) width 5: " "
      LayoutButton {INPUT} at (663.56,1) size 76.19x18 [bgcolor=#FFFFFF]
        LayoutBlockFlow (anonymous) at (8,2) size 60.19x13
          LayoutText {#text} at (0,0) size 61x13
            text run at (0,0) width 61: "Test Button"
      LayoutText {#text} at (739,0) size 5x18
        text run at (739,0) width 5: " "
      LayoutButton {INPUT} at (0,21) size 76.19x18 [bgcolor=#FFFFFF]
        LayoutBlockFlow (anonymous) at (8,2) size 60.19x13
          LayoutText {#text} at (0,0) size 61x13
            text run at (0,0) width 61: "Test Button"
      LayoutText {#text} at (76,20) size 5x18
        text run at (76,20) width 5: " "
      LayoutButton {INPUT} at (80.19,19) size 85.45x21 [bgcolor=#FFFFFF]
        LayoutBlockFlow (anonymous) at (8,2) size 69.45x16
          LayoutText {#text} at (0,0) size 70x16
            text run at (0,0) width 70: "Test Button"
      LayoutText {#text} at (165,20) size 5x18
        text run at (165,20) width 5: " "
      LayoutButton {INPUT} at (169.64,19) size 85.45x21 [bgcolor=#FFFFFF]
        LayoutBlockFlow (anonymous) at (8,2) size 69.45x16
          LayoutText {#text} at (0,0) size 70x16
            text run at (0,0) width 70: "Test Button"
      LayoutText {#text} at (255,20) size 5x18
        text run at (255,20) width 5: " "
      LayoutButton {INPUT} at (259.09,19) size 85.45x21 [bgcolor=#FFFFFF]
        LayoutBlockFlow (anonymous) at (8,2) size 69.45x16
          LayoutText {#text} at (0,0) size 70x16
            text run at (0,0) width 70: "Test Button"
      LayoutText {#text} at (344,20) size 5x18
        text run at (344,20) width 5: " "
      LayoutButton {INPUT} at (348.55,19) size 85.45x21 [bgcolor=#FFFFFF]
        LayoutBlockFlow (anonymous) at (8,2) size 69.45x16
          LayoutText {#text} at (0,0) size 70x16
            text run at (0,0) width 70: "Test Button"
      LayoutText {#text} at (434,20) size 4x18
        text run at (434,20) width 4: " "
      LayoutButton {INPUT} at (438,19) size 85.45x21 [bgcolor=#FFFFFF]
        LayoutBlockFlow (anonymous) at (8,2) size 69.45x16
          LayoutText {#text} at (0,0) size 70x16
            text run at (0,0) width 70: "Test Button"
      LayoutText {#text} at (523,20) size 5x18
        text run at (523,20) width 5: " "
      LayoutButton {INPUT} at (527.45,19) size 85.45x21 [bgcolor=#FFFFFF]
        LayoutBlockFlow (anonymous) at (8,2) size 69.45x16
          LayoutText {#text} at (0,0) size 70x16
            text run at (0,0) width 70: "Test Button"
      LayoutText {#text} at (0,0) size 0x0
