layer at (0,0) size 800x600
  LayoutView at (0,0) size 800x600
layer at (0,0) size 800x600
  LayoutBlockFlow {HTML} at (0,0) size 800x600
    LayoutBlockFlow {BODY} at (8,8) size 784x584
      LayoutTable {TABLE} at (0,0) size 493x130
        LayoutBlockFlow {CAPTION} at (0,0) size 493x18
          LayoutText {#text} at (48,0) size 397x18
            text run at (48,0) width 397: "Communicator 4.5 Installers for Mac and Windows Platforms"
        LayoutTableSection {THEAD} at (0,18) size 493x24
          LayoutTableRow {TR} at (0,2) size 493x20
            LayoutTableCell {TD} at (2,2) size 195x20 [r=0 c=0 rs=1 cs=1]
              LayoutText {#text} at (1,1) size 193x18
                text run at (1,1) width 193: "This is the header information"
        LayoutTableSection {TBODY} at (0,42) size 493x88
          LayoutTableRow {TR} at (0,0) size 493x20
            LayoutTableCell {TH} at (2,9) size 195x2 [r=0 c=0 rs=1 cs=1]
            LayoutTableCell {TH} at (199,0) size 110x20 [r=0 c=1 rs=1 cs=1]
              LayoutText {#text} at (1,1) size 108x18
                text run at (1,1) width 108: "Macintosh PPC"
            LayoutTableCell {TH} at (311,0) size 86x20 [r=0 c=2 rs=1 cs=1]
              LayoutText {#text} at (1,1) size 84x18
                text run at (1,1) width 84: "Windows 95"
            LayoutTableCell {TH} at (399,0) size 92x20 [r=0 c=3 rs=1 cs=1]
              LayoutText {#text} at (1,1) size 90x18
                text run at (1,1) width 90: "Windows NT"
          LayoutTableRow {TR} at (0,22) size 493x20
            LayoutTableCell {TD} at (2,22) size 195x20 [r=1 c=0 rs=1 cs=1]
              LayoutText {#text} at (1,1) size 76x18
                text run at (1,1) width 76: "Base Install"
            LayoutTableCell {TD} at (199,22) size 110x20 [r=1 c=1 rs=1 cs=1]
              LayoutText {#text} at (1,1) size 22x18
                text run at (1,1) width 22: "yes"
            LayoutTableCell {TD} at (311,22) size 86x20 [r=1 c=2 rs=1 cs=1]
              LayoutText {#text} at (1,1) size 22x18
                text run at (1,1) width 22: "yes"
            LayoutTableCell {TD} at (399,22) size 92x20 [r=1 c=3 rs=1 cs=1]
              LayoutText {#text} at (1,1) size 22x18
                text run at (1,1) width 22: "yes"
          LayoutTableRow {TR} at (0,44) size 493x20
            LayoutTableCell {TD} at (2,44) size 195x20 [r=2 c=0 rs=1 cs=1]
              LayoutText {#text} at (1,1) size 107x18
                text run at (1,1) width 107: "Complete Install"
            LayoutTableCell {TD} at (199,44) size 110x20 [r=2 c=1 rs=1 cs=1]
              LayoutText {#text} at (1,1) size 22x18
                text run at (1,1) width 22: "yes"
            LayoutTableCell {TD} at (311,44) size 86x20 [r=2 c=2 rs=1 cs=1]
              LayoutText {#text} at (1,1) size 22x18
                text run at (1,1) width 22: "yes"
            LayoutTableCell {TD} at (399,44) size 92x20 [r=2 c=3 rs=1 cs=1]
              LayoutText {#text} at (1,1) size 22x18
                text run at (1,1) width 22: "yes"
          LayoutTableRow {TR} at (0,66) size 493x20
            LayoutTableCell {TD} at (2,66) size 195x20 [r=3 c=0 rs=1 cs=1]
              LayoutText {#text} at (1,1) size 118x18
                text run at (1,1) width 118: "Pro Edition Install"
            LayoutTableCell {TD} at (199,66) size 110x20 [r=3 c=1 rs=1 cs=1]
              LayoutText {#text} at (1,1) size 22x18
                text run at (1,1) width 22: "yes"
            LayoutTableCell {TD} at (311,66) size 86x20 [r=3 c=2 rs=1 cs=1]
              LayoutText {#text} at (1,1) size 22x18
                text run at (1,1) width 22: "yes"
            LayoutTableCell {TD} at (399,66) size 92x20 [r=3 c=3 rs=1 cs=1]
              LayoutText {#text} at (1,1) size 22x18
                text run at (1,1) width 22: "yes"
