layer at (0,0) size 800x600
  LayoutView at (0,0) size 800x600
layer at (0,0) size 800x600
  LayoutBlockFlow {HTML} at (0,0) size 800x600
    LayoutBlockFlow {BODY} at (8,8) size 784x584
      LayoutBlockFlow {P} at (0,0) size 784x36
        LayoutText {#text} at (0,0) size 784x36
          text run at (0,0) width 784: "The COL element specifies attributes for a table column. In this test case, the COL element is used in conjunction with the"
          text run at (0,18) width 101: "SPAN attribute."
      LayoutTable {TABLE} at (0,52) size 568x52 [border: (1px outset #808080)]
        LayoutTableCol {COLGROUP} at (0,0) size 0x0
          LayoutTableCol {COL} at (0,0) size 0x0
        LayoutTableSection {TBODY} at (1,1) size 566x50
          LayoutTableRow {TR} at (0,2) size 566x22
            LayoutTableCell {TH} at (2,2) size 428x22 [border: (1px inset #808080)] [r=0 c=0 rs=1 cs=1]
              LayoutText {#text} at (2,2) size 424x18
                text run at (2,2) width 424: "This heading should span across the two columns in this table."
          LayoutTableRow {TR} at (0,26) size 566x22
            LayoutTableCell {TD} at (2,26) size 428x22 [border: (1px inset #808080)] [r=1 c=0 rs=1 cs=1]
              LayoutText {#text} at (2,2) size 127x18
                text run at (2,2) width 127: "This is column one."
            LayoutTableCell {TD} at (432,26) size 132x22 [border: (1px inset #808080)] [r=1 c=1 rs=1 cs=1]
              LayoutText {#text} at (2,2) size 128x18
                text run at (2,2) width 128: "This is column two."
