layer at (0,0) size 800x600
  LayoutView at (0,0) size 800x600
layer at (0,0) size 800x600
  LayoutBlockFlow {HTML} at (0,0) size 800x600
    LayoutBlockFlow {BODY} at (8,8) size 784x584
      LayoutBlockFlow {P} at (0,0) size 784x54
        LayoutText {#text} at (0,0) size 758x54
          text run at (0,0) width 758: "Colgroups are used to identify column groups. The table below has two distinct column groups; 'Airport Location' and"
          text run at (0,18) width 740: "'Car Rental Information'. The first column group contains two columns and the second column group contains three"
          text run at (0,36) width 59: "columns."
      LayoutBlockFlow {P} at (0,70) size 784x18
        LayoutText {#text} at (0,0) size 258x18
          text run at (0,0) width 258: "Text in the cells should be right-aligned."
      LayoutTable {TABLE} at (0,104) size 740x172 [border: (1px outset #808080)]
        LayoutTableCol {COLGROUP} at (0,0) size 0x0
        LayoutTableCol {COLGROUP} at (0,0) size 0x0
        LayoutTableSection {TBODY} at (1,1) size 738x170
          LayoutTableRow {TR} at (0,2) size 738x22
            LayoutTableCell {TH} at (2,2) size 402x22 [border: (1px inset #808080)] [r=0 c=0 rs=1 cs=2]
              LayoutText {#text} at (142,2) size 118x18
                text run at (142,2) width 118: "Airport Location"
            LayoutTableCell {TH} at (406,2) size 330x22 [border: (1px inset #808080)] [r=0 c=2 rs=1 cs=3]
              LayoutText {#text} at (84,2) size 162x18
                text run at (84,2) width 162: "Car Rental information"
          LayoutTableRow {TR} at (0,26) size 738x22
            LayoutTableCell {TH} at (2,26) size 100x22 [border: (1px inset #808080)] [r=1 c=0 rs=1 cs=1]
              LayoutText {#text} at (21,2) size 58x18
                text run at (21,2) width 58: "Country"
            LayoutTableCell {TH} at (104,26) size 300x22 [border: (1px inset #808080)] [r=1 c=1 rs=1 cs=1]
              LayoutText {#text} at (135,2) size 30x18
                text run at (135,2) width 30: "City"
            LayoutTableCell {TH} at (406,26) size 109x22 [border: (1px inset #808080)] [r=1 c=2 rs=1 cs=1]
              LayoutText {#text} at (2,2) size 105x18
                text run at (2,2) width 105: "ABC Company"
            LayoutTableCell {TH} at (517,26) size 108x22 [border: (1px inset #808080)] [r=1 c=3 rs=1 cs=1]
              LayoutText {#text} at (2,2) size 104x18
                text run at (2,2) width 104: "EFG Company"
            LayoutTableCell {TH} at (627,26) size 109x22 [border: (1px inset #808080)] [r=1 c=4 rs=1 cs=1]
              LayoutText {#text} at (2,2) size 105x18
                text run at (2,2) width 105: "XYZ Company"
          LayoutTableRow {TR} at (0,50) size 738x22
            LayoutTableCell {TD} at (2,50) size 100x22 [border: (1px inset #808080)] [r=2 c=0 rs=1 cs=1]
              LayoutText {#text} at (2,2) size 44x18
                text run at (2,2) width 44: "France"
            LayoutTableCell {TD} at (104,50) size 300x22 [border: (1px inset #808080)] [r=2 c=1 rs=1 cs=1]
              LayoutText {#text} at (2,2) size 32x18
                text run at (2,2) width 32: "Paris"
            LayoutTableCell {TD} at (406,50) size 109x22 [border: (1px inset #808080)] [r=2 c=2 rs=1 cs=1]
              LayoutText {#text} at (2,2) size 22x18
                text run at (2,2) width 22: "yes"
            LayoutTableCell {TD} at (517,50) size 108x22 [border: (1px inset #808080)] [r=2 c=3 rs=1 cs=1]
              LayoutText {#text} at (2,2) size 22x18
                text run at (2,2) width 22: "yes"
            LayoutTableCell {TD} at (627,50) size 109x22 [border: (1px inset #808080)] [r=2 c=4 rs=1 cs=1]
              LayoutText {#text} at (2,2) size 22x18
                text run at (2,2) width 22: "yes"
          LayoutTableRow {TR} at (0,74) size 738x22
            LayoutTableCell {TD} at (2,74) size 100x22 [border: (1px inset #808080)] [r=3 c=0 rs=1 cs=1]
              LayoutText {#text} at (2,2) size 60x18
                text run at (2,2) width 60: "Germany"
            LayoutTableCell {TD} at (104,74) size 300x22 [border: (1px inset #808080)] [r=3 c=1 rs=1 cs=1]
              LayoutText {#text} at (2,2) size 61x18
                text run at (2,2) width 61: "Frankfurt"
            LayoutTableCell {TD} at (406,74) size 109x22 [border: (1px inset #808080)] [r=3 c=2 rs=1 cs=1]
              LayoutText {#text} at (2,2) size 22x18
                text run at (2,2) width 22: "yes"
            LayoutTableCell {TD} at (517,74) size 108x22 [border: (1px inset #808080)] [r=3 c=3 rs=1 cs=1]
              LayoutText {#text} at (2,2) size 22x18
                text run at (2,2) width 22: "yes"
            LayoutTableCell {TD} at (627,74) size 109x22 [border: (1px inset #808080)] [r=3 c=4 rs=1 cs=1]
              LayoutText {#text} at (2,2) size 22x18
                text run at (2,2) width 22: "yes"
          LayoutTableRow {TR} at (0,98) size 738x22
            LayoutTableCell {TD} at (2,98) size 100x22 [border: (1px inset #808080)] [r=4 c=0 rs=1 cs=1]
              LayoutText {#text} at (2,2) size 54x18
                text run at (2,2) width 54: "England"
            LayoutTableCell {TD} at (104,98) size 300x22 [border: (1px inset #808080)] [r=4 c=1 rs=1 cs=1]
              LayoutText {#text} at (2,2) size 50x18
                text run at (2,2) width 50: "London"
            LayoutTableCell {TD} at (406,98) size 109x22 [border: (1px inset #808080)] [r=4 c=2 rs=1 cs=1]
              LayoutText {#text} at (2,2) size 22x18
                text run at (2,2) width 22: "yes"
            LayoutTableCell {TD} at (517,98) size 108x22 [border: (1px inset #808080)] [r=4 c=3 rs=1 cs=1]
              LayoutText {#text} at (2,2) size 22x18
                text run at (2,2) width 22: "yes"
            LayoutTableCell {TD} at (627,98) size 109x22 [border: (1px inset #808080)] [r=4 c=4 rs=1 cs=1]
              LayoutText {#text} at (2,2) size 22x18
                text run at (2,2) width 22: "yes"
          LayoutTableRow {TR} at (0,122) size 738x22
            LayoutTableCell {TD} at (2,122) size 100x22 [border: (1px inset #808080)] [r=5 c=0 rs=1 cs=1]
              LayoutText {#text} at (2,2) size 78x18
                text run at (2,2) width 78: "Netherlands"
            LayoutTableCell {TD} at (104,122) size 300x22 [border: (1px inset #808080)] [r=5 c=1 rs=1 cs=1]
              LayoutText {#text} at (2,2) size 75x18
                text run at (2,2) width 75: "Amsterdam"
            LayoutTableCell {TD} at (406,122) size 109x22 [border: (1px inset #808080)] [r=5 c=2 rs=1 cs=1]
              LayoutText {#text} at (2,2) size 22x18
                text run at (2,2) width 22: "yes"
            LayoutTableCell {TD} at (517,122) size 108x22 [border: (1px inset #808080)] [r=5 c=3 rs=1 cs=1]
              LayoutText {#text} at (2,2) size 22x18
                text run at (2,2) width 22: "yes"
            LayoutTableCell {TD} at (627,122) size 109x22 [border: (1px inset #808080)] [r=5 c=4 rs=1 cs=1]
              LayoutText {#text} at (2,2) size 22x18
                text run at (2,2) width 22: "yes"
          LayoutTableRow {TR} at (0,146) size 738x22
            LayoutTableCell {TD} at (2,146) size 100x22 [border: (1px inset #808080)] [r=6 c=0 rs=1 cs=1]
              LayoutText {#text} at (2,2) size 32x18
                text run at (2,2) width 32: "USA"
            LayoutTableCell {TD} at (104,146) size 300x22 [border: (1px inset #808080)] [r=6 c=1 rs=1 cs=1]
              LayoutText {#text} at (2,2) size 66x18
                text run at (2,2) width 66: "New York"
            LayoutTableCell {TD} at (406,146) size 109x22 [border: (1px inset #808080)] [r=6 c=2 rs=1 cs=1]
              LayoutText {#text} at (2,2) size 22x18
                text run at (2,2) width 22: "yes"
            LayoutTableCell {TD} at (517,146) size 108x22 [border: (1px inset #808080)] [r=6 c=3 rs=1 cs=1]
              LayoutText {#text} at (2,2) size 22x18
                text run at (2,2) width 22: "yes"
            LayoutTableCell {TD} at (627,146) size 109x22 [border: (1px inset #808080)] [r=6 c=4 rs=1 cs=1]
              LayoutText {#text} at (2,2) size 22x18
                text run at (2,2) width 22: "yes"
