layer at (0,0) size 800x600
  LayoutView at (0,0) size 800x600
layer at (0,0) size 800x600
  LayoutBlockFlow {HTML} at (0,0) size 800x600
    LayoutBlockFlow {BODY} at (8,8) size 784x584
      LayoutBlockFlow {P} at (0,0) size 784x36
        LayoutText {#text} at (0,0) size 781x36
          text run at (0,0) width 781: "Colgroups are used to identify column groups. This table has two distinct column groups titled 'Airport Location' and 'Car"
          text run at (0,18) width 565: "Rental Information'. The first has a width of 20%; the second has a width of 40% pixels."
      LayoutTable {TABLE} at (0,52) size 784x190 [border: (1px outset #808080)]
        LayoutTableCol {COLGROUP} at (0,0) size 0x0
        LayoutTableCol {COLGROUP} at (0,0) size 0x0
        LayoutTableSection {TBODY} at (1,1) size 782x188
          LayoutTableRow {TR} at (0,2) size 782x22
            LayoutTableCell {TH} at (2,2) size 464x22 [border: (1px inset #808080)] [r=0 c=0 rs=1 cs=2]
              LayoutText {#text} at (173,2) size 118x18
                text run at (173,2) width 118: "Airport Location"
            LayoutTableCell {TH} at (468,2) size 312x22 [border: (1px inset #808080)] [r=0 c=2 rs=1 cs=3]
              LayoutText {#text} at (74,2) size 164x18
                text run at (74,2) width 164: "Car Rental Information"
          LayoutTableRow {TR} at (0,26) size 782x40
            LayoutTableCell {TH} at (2,35) size 154x22 [border: (1px inset #808080)] [r=1 c=0 rs=1 cs=1]
              LayoutText {#text} at (48,2) size 58x18
                text run at (48,2) width 58: "Country"
            LayoutTableCell {TH} at (158,35) size 308x22 [border: (1px inset #808080)] [r=1 c=1 rs=1 cs=1]
              LayoutText {#text} at (139,2) size 30x18
                text run at (139,2) width 30: "City"
            LayoutTableCell {TH} at (468,26) size 102x40 [border: (1px inset #808080)] [r=1 c=2 rs=1 cs=1]
              LayoutText {#text} at (34,2) size 68x36
                text run at (34,2) width 34: "ABC"
                text run at (17,20) width 68: "Company"
            LayoutTableCell {TH} at (572,26) size 102x40 [border: (1px inset #808080)] [r=1 c=3 rs=1 cs=1]
              LayoutText {#text} at (34,2) size 68x36
                text run at (34,2) width 34: "EFG"
                text run at (17,20) width 68: "Company"
            LayoutTableCell {TH} at (676,26) size 104x40 [border: (1px inset #808080)] [r=1 c=4 rs=1 cs=1]
              LayoutText {#text} at (35,2) size 68x36
                text run at (35,2) width 34: "XYZ"
                text run at (18,20) width 68: "Company"
          LayoutTableRow {TR} at (0,68) size 782x22
            LayoutTableCell {TD} at (2,68) size 154x22 [border: (1px inset #808080)] [r=2 c=0 rs=1 cs=1]
              LayoutText {#text} at (2,2) size 44x18
                text run at (2,2) width 44: "France"
            LayoutTableCell {TD} at (158,68) size 308x22 [border: (1px inset #808080)] [r=2 c=1 rs=1 cs=1]
              LayoutText {#text} at (2,2) size 32x18
                text run at (2,2) width 32: "Paris"
            LayoutTableCell {TD} at (468,68) size 102x22 [border: (1px inset #808080)] [r=2 c=2 rs=1 cs=1]
              LayoutText {#text} at (2,2) size 22x18
                text run at (2,2) width 22: "yes"
            LayoutTableCell {TD} at (572,68) size 102x22 [border: (1px inset #808080)] [r=2 c=3 rs=1 cs=1]
              LayoutText {#text} at (2,2) size 22x18
                text run at (2,2) width 22: "yes"
            LayoutTableCell {TD} at (676,68) size 104x22 [border: (1px inset #808080)] [r=2 c=4 rs=1 cs=1]
              LayoutText {#text} at (2,2) size 22x18
                text run at (2,2) width 22: "yes"
          LayoutTableRow {TR} at (0,92) size 782x22
            LayoutTableCell {TD} at (2,92) size 154x22 [border: (1px inset #808080)] [r=3 c=0 rs=1 cs=1]
              LayoutText {#text} at (2,2) size 60x18
                text run at (2,2) width 60: "Germany"
            LayoutTableCell {TD} at (158,92) size 308x22 [border: (1px inset #808080)] [r=3 c=1 rs=1 cs=1]
              LayoutText {#text} at (2,2) size 61x18
                text run at (2,2) width 61: "Frankfurt"
            LayoutTableCell {TD} at (468,92) size 102x22 [border: (1px inset #808080)] [r=3 c=2 rs=1 cs=1]
              LayoutText {#text} at (2,2) size 22x18
                text run at (2,2) width 22: "yes"
            LayoutTableCell {TD} at (572,92) size 102x22 [border: (1px inset #808080)] [r=3 c=3 rs=1 cs=1]
              LayoutText {#text} at (2,2) size 22x18
                text run at (2,2) width 22: "yes"
            LayoutTableCell {TD} at (676,92) size 104x22 [border: (1px inset #808080)] [r=3 c=4 rs=1 cs=1]
              LayoutText {#text} at (2,2) size 22x18
                text run at (2,2) width 22: "yes"
          LayoutTableRow {TR} at (0,116) size 782x22
            LayoutTableCell {TD} at (2,116) size 154x22 [border: (1px inset #808080)] [r=4 c=0 rs=1 cs=1]
              LayoutText {#text} at (2,2) size 54x18
                text run at (2,2) width 54: "England"
            LayoutTableCell {TD} at (158,116) size 308x22 [border: (1px inset #808080)] [r=4 c=1 rs=1 cs=1]
              LayoutText {#text} at (2,2) size 50x18
                text run at (2,2) width 50: "London"
            LayoutTableCell {TD} at (468,116) size 102x22 [border: (1px inset #808080)] [r=4 c=2 rs=1 cs=1]
              LayoutText {#text} at (2,2) size 22x18
                text run at (2,2) width 22: "yes"
            LayoutTableCell {TD} at (572,116) size 102x22 [border: (1px inset #808080)] [r=4 c=3 rs=1 cs=1]
              LayoutText {#text} at (2,2) size 22x18
                text run at (2,2) width 22: "yes"
            LayoutTableCell {TD} at (676,116) size 104x22 [border: (1px inset #808080)] [r=4 c=4 rs=1 cs=1]
              LayoutText {#text} at (2,2) size 22x18
                text run at (2,2) width 22: "yes"
          LayoutTableRow {TR} at (0,140) size 782x22
            LayoutTableCell {TD} at (2,140) size 154x22 [border: (1px inset #808080)] [r=5 c=0 rs=1 cs=1]
              LayoutText {#text} at (2,2) size 78x18
                text run at (2,2) width 78: "Netherlands"
            LayoutTableCell {TD} at (158,140) size 308x22 [border: (1px inset #808080)] [r=5 c=1 rs=1 cs=1]
              LayoutText {#text} at (2,2) size 75x18
                text run at (2,2) width 75: "Amsterdam"
            LayoutTableCell {TD} at (468,140) size 102x22 [border: (1px inset #808080)] [r=5 c=2 rs=1 cs=1]
              LayoutText {#text} at (2,2) size 22x18
                text run at (2,2) width 22: "yes"
            LayoutTableCell {TD} at (572,140) size 102x22 [border: (1px inset #808080)] [r=5 c=3 rs=1 cs=1]
              LayoutText {#text} at (2,2) size 22x18
                text run at (2,2) width 22: "yes"
            LayoutTableCell {TD} at (676,140) size 104x22 [border: (1px inset #808080)] [r=5 c=4 rs=1 cs=1]
              LayoutText {#text} at (2,2) size 22x18
                text run at (2,2) width 22: "yes"
          LayoutTableRow {TR} at (0,164) size 782x22
            LayoutTableCell {TD} at (2,164) size 154x22 [border: (1px inset #808080)] [r=6 c=0 rs=1 cs=1]
              LayoutText {#text} at (2,2) size 32x18
                text run at (2,2) width 32: "USA"
            LayoutTableCell {TD} at (158,164) size 308x22 [border: (1px inset #808080)] [r=6 c=1 rs=1 cs=1]
              LayoutText {#text} at (2,2) size 66x18
                text run at (2,2) width 66: "New York"
            LayoutTableCell {TD} at (468,164) size 102x22 [border: (1px inset #808080)] [r=6 c=2 rs=1 cs=1]
              LayoutText {#text} at (2,2) size 22x18
                text run at (2,2) width 22: "yes"
            LayoutTableCell {TD} at (572,164) size 102x22 [border: (1px inset #808080)] [r=6 c=3 rs=1 cs=1]
              LayoutText {#text} at (2,2) size 22x18
                text run at (2,2) width 22: "yes"
            LayoutTableCell {TD} at (676,164) size 104x22 [border: (1px inset #808080)] [r=6 c=4 rs=1 cs=1]
              LayoutText {#text} at (2,2) size 22x18
                text run at (2,2) width 22: "yes"
