layer at (0,0) size 800x600
  LayoutView at (0,0) size 800x600
layer at (0,0) size 800x600
  LayoutBlockFlow {HTML} at (0,0) size 800x600
    LayoutBlockFlow {BODY} at (8,8) size 784x584
      LayoutBlockFlow (anonymous) at (0,0) size 784x36
        LayoutText {#text} at (0,0) size 755x36
          text run at (0,0) width 536: "The table displayed is two rows by three columns. Each table row has been aligned "
          text run at (535,0) width 220: "left. The table has been assigned a"
          text run at (0,18) width 284: "width and border value so that it is easier to "
          text run at (283,18) width 117: "see the alignment."
        LayoutBR {BR} at (399,32) size 1x0
      LayoutTable {TABLE} at (0,36) size 300x52 [border: (1px outset #808080)]
        LayoutTableSection {TBODY} at (1,1) size 298x50
          LayoutTableRow {TR} at (0,2) size 298x22
            LayoutTableCell {TD} at (2,2) size 97x22 [border: (1px inset #808080)] [r=0 c=0 rs=1 cs=1]
              LayoutText {#text} at (16,2) size 65x18
                text run at (16,2) width 65: "Navigator"
            LayoutTableCell {TD} at (101,2) size 102x22 [border: (1px inset #808080)] [r=0 c=1 rs=1 cs=1]
              LayoutText {#text} at (16,2) size 70x18
                text run at (16,2) width 70: "Messenger"
            LayoutTableCell {TD} at (205,2) size 91x22 [border: (1px inset #808080)] [r=0 c=2 rs=1 cs=1]
              LayoutText {#text} at (17,2) size 57x18
                text run at (17,2) width 57: "Collabra"
          LayoutTableRow {TR} at (0,26) size 298x22
            LayoutTableCell {TD} at (2,26) size 97x22 [border: (1px inset #808080)] [r=1 c=0 rs=1 cs=1]
              LayoutText {#text} at (15,2) size 67x18
                text run at (15,2) width 67: "Composer"
            LayoutTableCell {TD} at (101,26) size 102x22 [border: (1px inset #808080)] [r=1 c=1 rs=1 cs=1]
              LayoutText {#text} at (22,2) size 58x18
                text run at (22,2) width 58: "Calendar"
            LayoutTableCell {TD} at (205,26) size 91x22 [border: (1px inset #808080)] [r=1 c=2 rs=1 cs=1]
              LayoutText {#text} at (15,2) size 61x18
                text run at (15,2) width 61: "Netcaster"
