layer at (0,0) size 800x600
  LayoutView at (0,0) size 800x600
layer at (0,0) size 800x600
  LayoutBlockFlow {HTML} at (0,0) size 800x600
    LayoutBlockFlow {BODY} at (8,8) size 784x584 [bgcolor=#FFFFFF]
      LayoutBlockFlow {P} at (0,0) size 784x18
        LayoutText {#text} at (0,0) size 270x18
          text run at (0,0) width 270: "Olive table with a white body background"
      LayoutTable {TABLE} at (0,34) size 118x52 [bgcolor=#808000] [border: (1px outset #808080)]
        LayoutTableSection {TBODY} at (1,1) size 116x50
          LayoutTableRow {TR} at (0,2) size 116x22
            LayoutTableCell {TD} at (2,2) size 36x22 [border: (1px inset #808080)] [r=0 c=0 rs=1 cs=1]
              LayoutText {#text} at (2,2) size 32x18
                text run at (2,2) width 32: "        "
            LayoutTableCell {TD} at (40,2) size 36x22 [border: (1px inset #808080)] [r=0 c=1 rs=1 cs=1]
              LayoutText {#text} at (2,2) size 32x18
                text run at (2,2) width 32: "        "
            LayoutTableCell {TD} at (78,2) size 36x22 [border: (1px inset #808080)] [r=0 c=2 rs=1 cs=1]
              LayoutText {#text} at (2,2) size 32x18
                text run at (2,2) width 32: "        "
          LayoutTableRow {TR} at (0,26) size 116x22
            LayoutTableCell {TD} at (2,26) size 36x22 [border: (1px inset #808080)] [r=1 c=0 rs=1 cs=1]
              LayoutText {#text} at (2,2) size 32x18
                text run at (2,2) width 32: "        "
            LayoutTableCell {TD} at (40,26) size 36x22 [border: (1px inset #808080)] [r=1 c=1 rs=1 cs=1]
              LayoutText {#text} at (2,2) size 32x18
                text run at (2,2) width 32: "        "
            LayoutTableCell {TD} at (78,26) size 36x22 [border: (1px inset #808080)] [r=1 c=2 rs=1 cs=1]
              LayoutText {#text} at (2,2) size 32x18
                text run at (2,2) width 32: "        "
