layer at (0,0) size 800x600
  LayoutView at (0,0) size 800x600
layer at (0,0) size 800x600
  LayoutBlockFlow {HTML} at (0,0) size 800x600
    LayoutBlockFlow {BODY} at (8,8) size 784x584
      LayoutTable {TABLE} at (0,0) size 784x50 [border: (3px dashed #FF0000)]
        LayoutTableSection {TBODY} at (3,3) size 778x44
          LayoutTableRow {TR} at (0,2) size 778x40
            LayoutTableCell {TD} at (2,2) size 386x40 [border: (1px inset #FF0000)] [r=0 c=0 rs=1 cs=1]
              LayoutText {#text} at (2,2) size 372x36
                text run at (2,2) width 372: "This is a table with a red dashed border to test the STYLE"
                text run at (2,20) width 208: "attribute of the TABLE element."
            LayoutTableCell {TD} at (390,2) size 386x40 [border: (1px inset #FF0000)] [r=0 c=1 rs=1 cs=1]
              LayoutText {#text} at (2,2) size 372x36
                text run at (2,2) width 372: "This is a table with a red dashed border to test the STYLE"
                text run at (2,20) width 208: "attribute of the TABLE element."
