layer at (0,0) size 800x600
  LayoutView at (0,0) size 800x600
layer at (0,0) size 800x600
  LayoutBlockFlow {HTML} at (0,0) size 800x600
    LayoutBlockFlow {BODY} at (8,8) size 784x584
      LayoutBlockFlow (anonymous) at (0,0) size 784x36
        LayoutText {#text} at (0,0) size 774x36
          text run at (0,0) width 605: "This test case shows how WIDTH can set the width of the table to a fixed size using PIXELS. "
          text run at (604,0) width 170: "This first table has a width"
          text run at (0,18) width 88: "of 400 pixels."
      LayoutTable {TABLE} at (0,36) size 400x46
        LayoutTableSection {TBODY} at (0,0) size 400x46
          LayoutTableRow {TR} at (0,2) size 400x20
            LayoutTableCell {TD} at (2,2) size 131x20 [r=0 c=0 rs=1 cs=1]
              LayoutText {#text} at (1,1) size 64x18
                text run at (1,1) width 64: "Navigator"
            LayoutTableCell {TD} at (135,2) size 139x20 [r=0 c=1 rs=1 cs=1]
              LayoutText {#text} at (1,1) size 70x18
                text run at (1,1) width 70: "Messenger"
            LayoutTableCell {TD} at (276,2) size 122x20 [r=0 c=2 rs=1 cs=1]
              LayoutText {#text} at (1,1) size 56x18
                text run at (1,1) width 56: "Collabra"
          LayoutTableRow {TR} at (0,24) size 400x20
            LayoutTableCell {TD} at (2,24) size 131x20 [r=1 c=0 rs=1 cs=1]
              LayoutText {#text} at (1,1) size 66x18
                text run at (1,1) width 66: "Composer"
            LayoutTableCell {TD} at (135,24) size 139x20 [r=1 c=1 rs=1 cs=1]
              LayoutText {#text} at (1,1) size 58x18
                text run at (1,1) width 58: "Calendar"
            LayoutTableCell {TD} at (276,24) size 122x20 [r=1 c=2 rs=1 cs=1]
              LayoutText {#text} at (1,1) size 61x18
                text run at (1,1) width 61: "Netcaster"
      LayoutBlockFlow (anonymous) at (0,82) size 784x36
        LayoutBR {BR} at (0,0) size 0x18
        LayoutText {#text} at (0,18) size 323x18
          text run at (0,18) width 323: "While, this second table has a width of 300 pixels."
      LayoutTable {TABLE} at (0,118) size 300x46
        LayoutTableSection {TBODY} at (0,0) size 300x46
          LayoutTableRow {TR} at (0,2) size 300x20
            LayoutTableCell {TD} at (2,2) size 97x20 [r=0 c=0 rs=1 cs=1]
              LayoutText {#text} at (1,1) size 64x18
                text run at (1,1) width 64: "Navigator"
            LayoutTableCell {TD} at (101,2) size 104x20 [r=0 c=1 rs=1 cs=1]
              LayoutText {#text} at (1,1) size 70x18
                text run at (1,1) width 70: "Messenger"
            LayoutTableCell {TD} at (207,2) size 91x20 [r=0 c=2 rs=1 cs=1]
              LayoutText {#text} at (1,1) size 56x18
                text run at (1,1) width 56: "Collabra"
          LayoutTableRow {TR} at (0,24) size 300x20
            LayoutTableCell {TD} at (2,24) size 97x20 [r=1 c=0 rs=1 cs=1]
              LayoutText {#text} at (1,1) size 66x18
                text run at (1,1) width 66: "Composer"
            LayoutTableCell {TD} at (101,24) size 104x20 [r=1 c=1 rs=1 cs=1]
              LayoutText {#text} at (1,1) size 58x18
                text run at (1,1) width 58: "Calendar"
            LayoutTableCell {TD} at (207,24) size 91x20 [r=1 c=2 rs=1 cs=1]
              LayoutText {#text} at (1,1) size 61x18
                text run at (1,1) width 61: "Netcaster"
