layer at (0,0) size 800x600
  LayoutView at (0,0) size 800x600
layer at (0,0) size 800x600
  LayoutBlockFlow {HTML} at (0,0) size 800x600
    LayoutBlockFlow {BODY} at (8,8) size 784x584
      LayoutBlockFlow (anonymous) at (0,0) size 784x36
        LayoutText {#text} at (0,0) size 642x18
          text run at (0,0) width 642: "This table uses a ROWSPAN attribute in the first TD tag. The ROWSPAN attribute has a value of 2."
        LayoutBR {BR} at (641,14) size 1x0
        LayoutBR {BR} at (0,18) size 0x18
      LayoutTable {TABLE} at (0,36) size 274x52 [border: (1px outset #808080)]
        LayoutTableSection {TBODY} at (1,1) size 272x50
          LayoutTableRow {TR} at (0,2) size 272x22
            LayoutTableCell {TD} at (2,14) size 67x22 [border: (1px inset #808080)] [r=0 c=0 rs=2 cs=1]
              LayoutText {#text} at (2,2) size 63x18
                text run at (2,2) width 63: "Platforms"
            LayoutTableCell {TD} at (71,2) size 199x22 [border: (1px inset #808080)] [r=0 c=1 rs=1 cs=1]
              LayoutText {#text} at (2,2) size 195x18
                text run at (2,2) width 195: "Netscape Communicator 4.0.6"
          LayoutTableRow {TR} at (0,26) size 272x22
            LayoutTableCell {TD} at (71,26) size 199x22 [border: (1px inset #808080)] [r=1 c=1 rs=1 cs=1]
              LayoutText {#text} at (2,2) size 143x18
                text run at (2,2) width 143: "Available Everywhere"
