layer at (0,0) size 800x600
  LayoutView at (0,0) size 800x600
layer at (0,0) size 800x600
  LayoutBlockFlow {HTML} at (0,0) size 800x600
    LayoutBlockFlow {BODY} at (8,8) size 784x584
      LayoutBlockFlow (anonymous) at (0,0) size 784x36
        LayoutText {#text} at (0,0) size 767x36
          text run at (0,0) width 696: "This test case shows how WIDTH can set the width of the table to a fixed size using PERCENT. PERCENT "
          text run at (695,0) width 72: "is based on"
          text run at (0,18) width 454: "the percentage of the space between the current left and right margins. "
          text run at (453,18) width 259: "This first table has a width of 80 percent"
      LayoutTable {TABLE} at (0,36) size 627x46
        LayoutTableSection {TBODY} at (0,0) size 627x46
          LayoutTableRow {TR} at (0,2) size 627x20
            LayoutTableCell {TD} at (2,2) size 207x20 [r=0 c=0 rs=1 cs=1]
              LayoutText {#text} at (1,1) size 64x18
                text run at (1,1) width 64: "Navigator"
            LayoutTableCell {TD} at (211,2) size 219x20 [r=0 c=1 rs=1 cs=1]
              LayoutText {#text} at (1,1) size 70x18
                text run at (1,1) width 70: "Messenger"
            LayoutTableCell {TD} at (432,2) size 193x20 [r=0 c=2 rs=1 cs=1]
              LayoutText {#text} at (1,1) size 56x18
                text run at (1,1) width 56: "Collabra"
          LayoutTableRow {TR} at (0,24) size 627x20
            LayoutTableCell {TD} at (2,24) size 207x20 [r=1 c=0 rs=1 cs=1]
              LayoutText {#text} at (1,1) size 66x18
                text run at (1,1) width 66: "Composer"
            LayoutTableCell {TD} at (211,24) size 219x20 [r=1 c=1 rs=1 cs=1]
              LayoutText {#text} at (1,1) size 58x18
                text run at (1,1) width 58: "Calendar"
            LayoutTableCell {TD} at (432,24) size 193x20 [r=1 c=2 rs=1 cs=1]
              LayoutText {#text} at (1,1) size 61x18
                text run at (1,1) width 61: "Netcaster"
      LayoutBlockFlow (anonymous) at (0,82) size 784x36
        LayoutBR {BR} at (0,0) size 0x18
        LayoutText {#text} at (0,18) size 320x18
          text run at (0,18) width 320: "While, this second table has a width of 50 percent"
      LayoutTable {TABLE} at (0,118) size 392x46
        LayoutTableSection {TBODY} at (0,0) size 392x46
          LayoutTableRow {TR} at (0,2) size 392x20
            LayoutTableCell {TD} at (2,2) size 128x20 [r=0 c=0 rs=1 cs=1]
              LayoutText {#text} at (1,1) size 64x18
                text run at (1,1) width 64: "Navigator"
            LayoutTableCell {TD} at (132,2) size 136x20 [r=0 c=1 rs=1 cs=1]
              LayoutText {#text} at (1,1) size 70x18
                text run at (1,1) width 70: "Messenger"
            LayoutTableCell {TD} at (270,2) size 120x20 [r=0 c=2 rs=1 cs=1]
              LayoutText {#text} at (1,1) size 56x18
                text run at (1,1) width 56: "Collabra"
          LayoutTableRow {TR} at (0,24) size 392x20
            LayoutTableCell {TD} at (2,24) size 128x20 [r=1 c=0 rs=1 cs=1]
              LayoutText {#text} at (1,1) size 66x18
                text run at (1,1) width 66: "Composer"
            LayoutTableCell {TD} at (132,24) size 136x20 [r=1 c=1 rs=1 cs=1]
              LayoutText {#text} at (1,1) size 58x18
                text run at (1,1) width 58: "Calendar"
            LayoutTableCell {TD} at (270,24) size 120x20 [r=1 c=2 rs=1 cs=1]
              LayoutText {#text} at (1,1) size 61x18
                text run at (1,1) width 61: "Netcaster"
