layer at (0,0) size 800x600
  LayoutView at (0,0) size 800x600
layer at (0,0) size 800x600
  LayoutBlockFlow {HTML} at (0,0) size 800x600
    LayoutBlockFlow {BODY} at (8,8) size 784x584
      LayoutTable {TABLE} at (0,0) size 784x46 [bgcolor=#00FF00] [border: (1px outset #808080)]
        LayoutTableSection {TBODY} at (1,1) size 782x44
          LayoutTableRow {TR} at (0,2) size 782x40
            LayoutTableCell {TD} at (2,2) size 388x40 [border: (1px inset #808080)] [r=0 c=0 rs=1 cs=1]
              LayoutText {#text} at (2,2) size 331x36
                text run at (2,2) width 331: "Here is a table with a lime background using the ID"
                text run at (2,20) width 58: "attribute."
            LayoutTableCell {TD} at (392,2) size 388x40 [border: (1px inset #808080)] [r=0 c=1 rs=1 cs=1]
              LayoutText {#text} at (2,2) size 331x36
                text run at (2,2) width 331: "Here is a table with a lime background using the ID"
                text run at (2,20) width 58: "attribute."
      LayoutBlockFlow (anonymous) at (0,46) size 784x36
        LayoutBR {BR} at (0,0) size 0x18
        LayoutBR {BR} at (0,18) size 0x18
      LayoutTable {TABLE} at (0,82) size 548x28 [border: (1px outset #808080)]
        LayoutTableSection {TBODY} at (1,1) size 546x26
          LayoutTableRow {TR} at (0,2) size 546x22
            LayoutTableCell {TD} at (2,2) size 270x22 [border: (1px inset #808080)] [r=0 c=0 rs=1 cs=1]
              LayoutText {#text} at (2,2) size 266x18
                text run at (2,2) width 266: "Here is a table with no ID attribute value."
            LayoutTableCell {TD} at (274,2) size 270x22 [border: (1px inset #808080)] [r=0 c=1 rs=1 cs=1]
              LayoutText {#text} at (2,2) size 266x18
                text run at (2,2) width 266: "Here is a table with no ID attribute value."
