layer at (0,0) size 800x600
  LayoutView at (0,0) size 800x600
layer at (0,0) size 800x600
  LayoutBlockFlow {HTML} at (0,0) size 800x600
    LayoutBlockFlow {BODY} at (8,8) size 784x584
      LayoutBlockFlow {P} at (0,0) size 784x18
        LayoutText {#text} at (0,0) size 307x18
          text run at (0,0) width 307: "The caption should be at the bottom of the table"
      LayoutTable {TABLE} at (0,34) size 171x70 [border: (1px outset #808080)]
        LayoutBlockFlow {CAPTION} at (0,52) size 171x18
          LayoutText {#text} at (53,0) size 65x18
            text run at (53,0) width 65: "Wild Cats"
        LayoutTableSection {TBODY} at (1,1) size 169x50
          LayoutTableRow {TR} at (0,2) size 169x22
            LayoutTableCell {TD} at (2,2) size 46x22 [border: (1px inset #808080)] [r=0 c=0 rs=1 cs=1]
              LayoutText {#text} at (2,2) size 31x18
                text run at (2,2) width 31: "Lion"
            LayoutTableCell {TD} at (50,2) size 58x22 [border: (1px inset #808080)] [r=0 c=1 rs=1 cs=1]
              LayoutText {#text} at (2,2) size 54x18
                text run at (2,2) width 54: "Leopard"
            LayoutTableCell {TD} at (110,2) size 57x22 [border: (1px inset #808080)] [r=0 c=2 rs=1 cs=1]
              LayoutText {#text} at (2,2) size 53x18
                text run at (2,2) width 53: "Cheetah"
          LayoutTableRow {TR} at (0,26) size 169x22
            LayoutTableCell {TD} at (2,26) size 46x22 [border: (1px inset #808080)] [r=1 c=0 rs=1 cs=1]
              LayoutText {#text} at (2,2) size 42x18
                text run at (2,2) width 42: "Jaguar"
            LayoutTableCell {TD} at (50,26) size 58x22 [border: (1px inset #808080)] [r=1 c=1 rs=1 cs=1]
              LayoutText {#text} at (2,2) size 46x18
                text run at (2,2) width 46: "Bobcat"
            LayoutTableCell {TD} at (110,26) size 57x22 [border: (1px inset #808080)] [r=1 c=2 rs=1 cs=1]
              LayoutText {#text} at (2,2) size 43x18
                text run at (2,2) width 43: "Ocelot"
