layer at (0,0) size 800x600
  LayoutView at (0,0) size 800x600
layer at (0,0) size 800x600
  LayoutBlockFlow {HTML} at (0,0) size 800x600
    LayoutBlockFlow {BODY} at (8,8) size 784x584
      LayoutBlockFlow (anonymous) at (0,0) size 784x36
        LayoutText {#text} at (0,0) size 602x18
          text run at (0,0) width 602: "This table uses a COLSPAN attribute in the TD tag. The COLSPAN attribute has a value of 6."
        LayoutBR {BR} at (601,14) size 1x0
        LayoutBR {BR} at (0,18) size 0x18
      LayoutTable {TABLE} at (0,36) size 348x52 [border: (1px outset #808080)]
        LayoutTableSection {TBODY} at (1,1) size 346x50
          LayoutTableRow {TR} at (0,2) size 346x22
            LayoutTableCell {TD} at (2,2) size 342x22 [border: (1px inset #808080)] [r=0 c=0 rs=1 cs=6]
              LayoutText {#text} at (2,2) size 261x18
                text run at (2,2) width 261: "Netscape Communicator 4.0.6 Platforms"
          LayoutTableRow {TR} at (0,26) size 346x22
            LayoutTableCell {TD} at (2,26) size 61x22 [border: (1px inset #808080)] [r=1 c=0 rs=1 cs=1]
              LayoutText {#text} at (2,2) size 57x18
                text run at (2,2) width 57: "Mac 68k"
            LayoutTableCell {TD} at (65,26) size 78x22 [border: (1px inset #808080)] [r=1 c=1 rs=1 cs=1]
              LayoutText {#text} at (2,2) size 74x18
                text run at (2,2) width 74: "Power Mac"
            LayoutTableCell {TD} at (145,26) size 55x22 [border: (1px inset #808080)] [r=1 c=2 rs=1 cs=1]
              LayoutText {#text} at (2,2) size 51x18
                text run at (2,2) width 51: "Win 3.1"
            LayoutTableCell {TD} at (202,26) size 51x22 [border: (1px inset #808080)] [r=1 c=3 rs=1 cs=1]
              LayoutText {#text} at (2,2) size 47x18
                text run at (2,2) width 47: "Win 95"
            LayoutTableCell {TD} at (255,26) size 51x22 [border: (1px inset #808080)] [r=1 c=4 rs=1 cs=1]
              LayoutText {#text} at (2,2) size 47x18
                text run at (2,2) width 47: "Win 98"
            LayoutTableCell {TD} at (308,26) size 36x22 [border: (1px inset #808080)] [r=1 c=5 rs=1 cs=1]
              LayoutText {#text} at (2,2) size 32x18
                text run at (2,2) width 32: "Unix"
