layer at (0,0) size 800x600
  LayoutView at (0,0) size 800x600
layer at (0,0) size 800x600
  LayoutBlockFlow {HTML} at (0,0) size 800x600
    LayoutBlockFlow {BODY} at (8,8) size 784x584
      LayoutText {#text} at (0,0) size 503x18
        text run at (0,0) width 503: "The table displayed is two rows by three columns with left alignment(default)."
      LayoutBR {BR} at (502,14) size 1x0
      LayoutTable (floating) {TABLE} at (0,18) size 211x46
        LayoutTableSection {TBODY} at (0,0) size 211x46
          LayoutTableRow {TR} at (0,2) size 211x20
            LayoutTableCell {TD} at (2,2) size 68x20 [r=0 c=0 rs=1 cs=1]
              LayoutText {#text} at (1,1) size 64x18
                text run at (1,1) width 64: "Navigator"
            LayoutTableCell {TD} at (72,2) size 72x20 [r=0 c=1 rs=1 cs=1]
              LayoutText {#text} at (1,1) size 70x18
                text run at (1,1) width 70: "Messenger"
            LayoutTableCell {TD} at (146,2) size 63x20 [r=0 c=2 rs=1 cs=1]
              LayoutText {#text} at (1,1) size 56x18
                text run at (1,1) width 56: "Collabra"
          LayoutTableRow {TR} at (0,24) size 211x20
            LayoutTableCell {TD} at (2,24) size 68x20 [r=1 c=0 rs=1 cs=1]
              LayoutText {#text} at (1,1) size 66x18
                text run at (1,1) width 66: "Composer"
            LayoutTableCell {TD} at (72,24) size 72x20 [r=1 c=1 rs=1 cs=1]
              LayoutText {#text} at (1,1) size 58x18
                text run at (1,1) width 58: "Calendar"
            LayoutTableCell {TD} at (146,24) size 63x20 [r=1 c=2 rs=1 cs=1]
              LayoutText {#text} at (1,1) size 61x18
                text run at (1,1) width 61: "Netcaster"
      LayoutText {#text} at (0,0) size 0x0
