layer at (0,0) size 800x600
  LayoutView at (0,0) size 800x600
layer at (0,0) size 800x600
  LayoutBlockFlow {HTML} at (0,0) size 800x600
    LayoutBlockFlow {BODY} at (8,8) size 784x576
      LayoutTable {TABLE} at (0,0) size 784x46 [bgcolor=#00FF00] [border: (1px outset #808080)]
        LayoutTableSection {TBODY} at (1,1) size 782x44
          LayoutTableRow {TR} at (0,2) size 782x40
            LayoutTableCell {TD} at (2,2) size 388x40 [border: (1px inset #808080)] [r=0 c=0 rs=1 cs=1]
              LayoutText {#text} at (2,2) size 380x36
                text run at (2,2) width 380: "Here is a table using the CLASS attribute. The table should"
                text run at (2,20) width 158: "have a lime background."
            LayoutTableCell {TD} at (392,2) size 388x40 [border: (1px inset #808080)] [r=0 c=1 rs=1 cs=1]
              LayoutText {#text} at (2,2) size 380x36
                text run at (2,2) width 380: "Here is a table using the CLASS attribute. The table should"
                text run at (2,20) width 158: "have a lime background."
      LayoutBlockFlow {P} at (0,62) size 784x36 [bgcolor=#00FF00]
        LayoutText {#text} at (0,0) size 766x36
          text run at (0,0) width 766: "This is a paragraph using the CLASS attribute. The paragraph should have a lime background. This paragraph validates"
          text run at (0,18) width 347: "that the CLASS attribute works for multiple elements."
