layer at (0,0) size 800x600
  LayoutView at (0,0) size 800x600
layer at (0,0) size 800x600
  LayoutBlockFlow {HTML} at (0,0) size 800x600
    LayoutBlockFlow {BODY} at (8,8) size 784x584
      LayoutBlockFlow (anonymous) at (0,0) size 784x36
        LayoutText {#text} at (0,0) size 783x36
          text run at (0,0) width 704: "The TD cell (The EggPlant Exchange) should not wrap when window is resized. However, the cell below the "
          text run at (703,0) width 80: "heading will"
          text run at (0,18) width 127: "wrap atuomatically."
        LayoutBR {BR} at (126,32) size 1x0
      LayoutTable {TABLE} at (0,36) size 248x52 [border: (1px outset #808080)]
        LayoutTableSection {TBODY} at (1,1) size 246x50
          LayoutTableRow {TR} at (0,2) size 246x22
            LayoutTableCell {TD} at (2,2) size 242x22 [border: (1px inset #808080)] [r=0 c=0 rs=1 cs=1]
              LayoutText {#text} at (2,2) size 154x18
                text run at (2,2) width 154: "The Eggplant Exchange"
          LayoutTableRow {TR} at (0,26) size 246x22
            LayoutTableCell {TD} at (2,26) size 242x22 [border: (1px inset #808080)] [r=1 c=0 rs=1 cs=1]
              LayoutText {#text} at (2,2) size 238x18
                text run at (2,2) width 238: "Lots of Recipies for Eggplant Lovers"
