layer at (0,0) size 800x600
  LayoutView at (0,0) size 800x600
layer at (0,0) size 800x600
  LayoutBlockFlow {HTML} at (0,0) size 800x600
    LayoutBlockFlow {BODY} at (8,8) size 784x584
      LayoutBlockFlow (anonymous) at (0,0) size 784x18
        LayoutText {#text} at (0,0) size 474x18
          text run at (0,0) width 474: "The table displayed is two rows by three columns with a two pixel border."
        LayoutBR {BR} at (473,14) size 1x0
      LayoutTable {TABLE} at (0,18) size 221x54 [border: (2px outset #808080)]
        LayoutTableSection {TBODY} at (2,2) size 217x50
          LayoutTableRow {TR} at (0,2) size 217x22
            LayoutTableCell {TD} at (2,2) size 70x22 [border: (1px inset #808080)] [r=0 c=0 rs=1 cs=1]
              LayoutText {#text} at (2,2) size 64x18
                text run at (2,2) width 64: "Navigator"
            LayoutTableCell {TD} at (74,2) size 74x22 [border: (1px inset #808080)] [r=0 c=1 rs=1 cs=1]
              LayoutText {#text} at (2,2) size 70x18
                text run at (2,2) width 70: "Messenger"
            LayoutTableCell {TD} at (150,2) size 65x22 [border: (1px inset #808080)] [r=0 c=2 rs=1 cs=1]
              LayoutText {#text} at (2,2) size 56x18
                text run at (2,2) width 56: "Collabra"
          LayoutTableRow {TR} at (0,26) size 217x22
            LayoutTableCell {TD} at (2,26) size 70x22 [border: (1px inset #808080)] [r=1 c=0 rs=1 cs=1]
              LayoutText {#text} at (2,2) size 66x18
                text run at (2,2) width 66: "Composer"
            LayoutTableCell {TD} at (74,26) size 74x22 [border: (1px inset #808080)] [r=1 c=1 rs=1 cs=1]
              LayoutText {#text} at (2,2) size 58x18
                text run at (2,2) width 58: "Calendar"
            LayoutTableCell {TD} at (150,26) size 65x22 [border: (1px inset #808080)] [r=1 c=2 rs=1 cs=1]
              LayoutText {#text} at (2,2) size 61x18
                text run at (2,2) width 61: "Netcaster"
