layer at (0,0) size 800x600
  LayoutView at (0,0) size 800x600
layer at (0,0) size 800x600
  LayoutBlockFlow {HTML} at (0,0) size 800x600
    LayoutBlockFlow {BODY} at (8,8) size 784x584
      LayoutBlockFlow {P} at (0,0) size 784x36
        LayoutText {#text} at (0,0) size 781x36
          text run at (0,0) width 781: "The TBODY element defines the table body within a table. In this test, the numbers contained in the TBODY cells should"
          text run at (0,18) width 172: "align on the decimal point."
      LayoutTable {TABLE} at (0,52) size 532x100 [border: (1px outset #808080)]
        LayoutTableSection {THEAD} at (1,1) size 530x26
          LayoutTableRow {TR} at (0,2) size 530x22
            LayoutTableCell {TD} at (2,2) size 174x22 [border: (1px inset #808080)] [r=0 c=0 rs=1 cs=1]
              LayoutText {#text} at (2,2) size 170x18
                text run at (2,2) width 170: "This text is in the THEAD"
            LayoutTableCell {TD} at (178,2) size 174x22 [border: (1px inset #808080)] [r=0 c=1 rs=1 cs=1]
              LayoutText {#text} at (2,2) size 170x18
                text run at (2,2) width 170: "This text is in the THEAD"
            LayoutTableCell {TD} at (354,2) size 174x22 [border: (1px inset #808080)] [r=0 c=2 rs=1 cs=1]
              LayoutText {#text} at (2,2) size 170x18
                text run at (2,2) width 170: "This text is in the THEAD"
        LayoutTableSection {TFOOT} at (1,75) size 530x24
          LayoutTableRow {TR} at (0,0) size 530x22
            LayoutTableCell {TD} at (2,0) size 174x22 [border: (1px inset #808080)] [r=0 c=0 rs=1 cs=1]
              LayoutText {#text} at (2,2) size 167x18
                text run at (2,2) width 167: "This text is in the TFOOT"
            LayoutTableCell {TD} at (178,0) size 174x22 [border: (1px inset #808080)] [r=0 c=1 rs=1 cs=1]
              LayoutText {#text} at (2,2) size 167x18
                text run at (2,2) width 167: "This text is in the TFOOT"
            LayoutTableCell {TD} at (354,0) size 174x22 [border: (1px inset #808080)] [r=0 c=2 rs=1 cs=1]
              LayoutText {#text} at (2,2) size 167x18
                text run at (2,2) width 167: "This text is in the TFOOT"
        LayoutTableSection {TBODY} at (1,27) size 530x48
          LayoutTableRow {TR} at (0,0) size 530x22
            LayoutTableCell {TD} at (2,0) size 174x22 [border: (1px inset #808080)] [r=0 c=0 rs=1 cs=1]
              LayoutText {#text} at (2,2) size 36x18
                text run at (2,2) width 36: "55.00"
            LayoutTableCell {TD} at (178,0) size 174x22 [border: (1px inset #808080)] [r=0 c=1 rs=1 cs=1]
              LayoutText {#text} at (2,2) size 60x18
                text run at (2,2) width 60: "55555.00"
            LayoutTableCell {TD} at (354,0) size 174x22 [border: (1px inset #808080)] [r=0 c=2 rs=1 cs=1]
              LayoutText {#text} at (2,2) size 44x18
                text run at (2,2) width 44: "555.00"
          LayoutTableRow {TR} at (0,24) size 530x22
            LayoutTableCell {TD} at (2,24) size 174x22 [border: (1px inset #808080)] [r=1 c=0 rs=1 cs=1]
              LayoutText {#text} at (2,2) size 52x18
                text run at (2,2) width 52: "1234.56"
            LayoutTableCell {TD} at (178,24) size 174x22 [border: (1px inset #808080)] [r=1 c=1 rs=1 cs=1]
              LayoutText {#text} at (2,2) size 44x18
                text run at (2,2) width 44: "123.45"
            LayoutTableCell {TD} at (354,24) size 174x22 [border: (1px inset #808080)] [r=1 c=2 rs=1 cs=1]
              LayoutText {#text} at (2,2) size 60x18
                text run at (2,2) width 60: "12345.67"
        LayoutTableSection {TBODY} at (1,75) size 530x0
