layer at (0,0) size 800x600
  LayoutView at (0,0) size 800x600
layer at (0,0) size 800x600
  LayoutBlockFlow {HTML} at (0,0) size 800x600
    LayoutBlockFlow {BODY} at (8,8) size 784x584
      LayoutBlockFlow {P} at (0,0) size 784x18
        LayoutText {#text} at (0,0) size 687x18
          text run at (0,0) width 687: "The TBODY element labels the body area of a table. In this test, the TBODY text should be center aligned."
      LayoutTable {TABLE} at (0,34) size 694x76 [border: (1px outset #808080)]
        LayoutTableSection {THEAD} at (1,1) size 692x26
          LayoutTableRow {TR} at (0,2) size 692x22
            LayoutTableCell {TD} at (2,2) size 343x22 [border: (1px inset #808080)] [r=0 c=0 rs=1 cs=1]
              LayoutText {#text} at (2,2) size 339x18
                text run at (2,2) width 339: "This text is in the THEADThis text is in the THEAD"
            LayoutTableCell {TD} at (347,2) size 343x22 [border: (1px inset #808080)] [r=0 c=1 rs=1 cs=1]
              LayoutText {#text} at (2,2) size 339x18
                text run at (2,2) width 339: "This text is in the THEADThis text is in the THEAD"
        LayoutTableSection {TFOOT} at (1,51) size 692x24
          LayoutTableRow {TR} at (0,0) size 692x22
            LayoutTableCell {TD} at (2,0) size 343x22 [border: (1px inset #808080)] [r=0 c=0 rs=1 cs=1]
              LayoutText {#text} at (2,2) size 334x18
                text run at (2,2) width 334: "This text is in the TFOOTThis text is in the TFOOT"
            LayoutTableCell {TD} at (347,0) size 343x22 [border: (1px inset #808080)] [r=0 c=1 rs=1 cs=1]
              LayoutText {#text} at (2,2) size 334x18
                text run at (2,2) width 334: "This text is in the TFOOTThis text is in the TFOOT"
        LayoutTableSection {TBODY} at (1,27) size 692x24
          LayoutTableRow {TR} at (0,0) size 692x22
            LayoutTableCell {TD} at (2,0) size 343x22 [border: (1px inset #808080)] [r=0 c=0 rs=1 cs=1]
              LayoutText {#text} at (86,2) size 171x18
                text run at (86,2) width 171: "This text is in the TBODY"
            LayoutTableCell {TD} at (347,0) size 343x22 [border: (1px inset #808080)] [r=0 c=1 rs=1 cs=1]
              LayoutText {#text} at (86,2) size 171x18
                text run at (86,2) width 171: "This text is in the TBODY"
        LayoutTableSection {TBODY} at (1,51) size 692x0
