layer at (0,0) size 800x600
  LayoutView at (0,0) size 800x600
layer at (0,0) size 800x600
  LayoutBlockFlow {HTML} at (0,0) size 800x600
    LayoutBlockFlow {BODY} at (8,8) size 784x584
      LayoutBlockFlow (anonymous) at (0,0) size 784x18
        LayoutText {#text} at (0,0) size 171x18
          text run at (0,0) width 171: "TD VALIGN=BASELINE"
      LayoutTable {TABLE} at (0,18) size 784x195 [border: (1px outset #808080)]
        LayoutTableSection {TBODY} at (1,1) size 782x193
          LayoutTableRow {TR} at (0,2) size 782x189
            LayoutTableCell {TD} at (2,2) size 304x189 [border: (1px inset #808080)] [r=0 c=0 rs=1 cs=1]
              LayoutImage {IMG} at (2,2) size 300x185
            LayoutTableCell {TD} at (308,2) size 235x40 [border: (1px inset #808080)] [r=0 c=1 rs=1 cs=1]
              LayoutText {#text} at (2,2) size 187x36
                text run at (2,2) width 187: "This text should be vertically"
                text run at (2,20) width 144: "aligned to the baseline"
            LayoutTableCell {TD} at (545,2) size 235x40 [border: (1px inset #808080)] [r=0 c=2 rs=1 cs=1]
              LayoutText {#text} at (2,2) size 187x36
                text run at (2,2) width 187: "This text should be vertically"
                text run at (2,20) width 144: "aligned to the baseline"
