layer at (0,0) size 800x600
  LayoutView at (0,0) size 800x600
layer at (0,0) size 800x600
  LayoutBlockFlow {HTML} at (0,0) size 800x600
    LayoutBlockFlow {BODY} at (8,8) size 784x584
      LayoutBlockFlow {P} at (0,0) size 784x54
        LayoutText {#text} at (0,0) size 754x54
          text run at (0,0) width 696: "In this test, the TFOOT section of the table contains numbers with decimals. The test uses the attribute/value"
          text run at (0,18) width 754: "ALIGN=char without the additional CHAR attribute to specify a particular character. Therefore, ALIGN=char should"
          text run at (0,36) width 404: "cause the numbers to align to the default value (decimal point)."
      LayoutTable {TABLE} at (0,70) size 535x100 [border: (1px outset #808080)]
        LayoutTableSection {THEAD} at (1,1) size 533x26
          LayoutTableRow {TR} at (0,2) size 533x22
            LayoutTableCell {TD} at (2,2) size 175x22 [border: (1px inset #808080)] [r=0 c=0 rs=1 cs=1]
              LayoutText {#text} at (2,2) size 170x18
                text run at (2,2) width 170: "This text is in the THEAD"
            LayoutTableCell {TD} at (179,2) size 175x22 [border: (1px inset #808080)] [r=0 c=1 rs=1 cs=1]
              LayoutText {#text} at (2,2) size 170x18
                text run at (2,2) width 170: "This text is in the THEAD"
            LayoutTableCell {TD} at (356,2) size 175x22 [border: (1px inset #808080)] [r=0 c=2 rs=1 cs=1]
              LayoutText {#text} at (2,2) size 170x18
                text run at (2,2) width 170: "This text is in the THEAD"
        LayoutTableSection {TFOOT} at (1,51) size 533x48
          LayoutTableRow {TR} at (0,0) size 533x22
            LayoutTableCell {TD} at (2,0) size 175x22 [border: (1px inset #808080)] [r=0 c=0 rs=1 cs=1]
              LayoutText {#text} at (2,2) size 36x18
                text run at (2,2) width 36: "55.00"
            LayoutTableCell {TD} at (179,0) size 175x22 [border: (1px inset #808080)] [r=0 c=1 rs=1 cs=1]
              LayoutText {#text} at (2,2) size 60x18
                text run at (2,2) width 60: "55555.00"
            LayoutTableCell {TD} at (356,0) size 175x22 [border: (1px inset #808080)] [r=0 c=2 rs=1 cs=1]
              LayoutText {#text} at (2,2) size 44x18
                text run at (2,2) width 44: "555.00"
          LayoutTableRow {TR} at (0,24) size 533x22
            LayoutTableCell {TD} at (2,24) size 175x22 [border: (1px inset #808080)] [r=1 c=0 rs=1 cs=1]
              LayoutText {#text} at (2,2) size 52x18
                text run at (2,2) width 52: "1234.56"
            LayoutTableCell {TD} at (179,24) size 175x22 [border: (1px inset #808080)] [r=1 c=1 rs=1 cs=1]
              LayoutText {#text} at (2,2) size 44x18
                text run at (2,2) width 44: "123.45"
            LayoutTableCell {TD} at (356,24) size 175x22 [border: (1px inset #808080)] [r=1 c=2 rs=1 cs=1]
              LayoutText {#text} at (2,2) size 60x18
                text run at (2,2) width 60: "12345.67"
        LayoutTableSection {TBODY} at (1,27) size 533x24
          LayoutTableRow {TR} at (0,0) size 533x22
            LayoutTableCell {TD} at (2,0) size 175x22 [border: (1px inset #808080)] [r=0 c=0 rs=1 cs=1]
              LayoutText {#text} at (2,2) size 171x18
                text run at (2,2) width 171: "This text is in the TBODY"
            LayoutTableCell {TD} at (179,0) size 175x22 [border: (1px inset #808080)] [r=0 c=1 rs=1 cs=1]
              LayoutText {#text} at (2,2) size 171x18
                text run at (2,2) width 171: "This text is in the TBODY"
            LayoutTableCell {TD} at (356,0) size 175x22 [border: (1px inset #808080)] [r=0 c=2 rs=1 cs=1]
              LayoutText {#text} at (2,2) size 171x18
                text run at (2,2) width 171: "This text is in the TBODY"
        LayoutTableSection {TBODY} at (1,51) size 533x0
