layer at (0,0) size 800x600
  LayoutView at (0,0) size 800x600
layer at (0,0) size 800x600
  LayoutBlockFlow {HTML} at (0,0) size 800x600
    LayoutBlockFlow {BODY} at (8,8) size 784x584
      LayoutBlockFlow (anonymous) at (0,0) size 784x18
        LayoutText {#text} at (0,0) size 204x18
          text run at (0,0) width 204: "THEAD VALIGN=BASELINE"
      LayoutTable {TABLE} at (0,18) size 784x265 [border: (1px outset #808080)]
        LayoutTableSection {THEAD} at (1,1) size 782x215
          LayoutTableRow {TR} at (0,2) size 782x211
            LayoutTableCell {TD} at (2,2) size 304x189 [border: (1px inset #808080)] [r=0 c=0 rs=1 cs=1]
              LayoutImage {IMG} at (2,2) size 300x185
            LayoutTableCell {TD} at (308,173) size 472x40 [border: (1px inset #808080)] [r=0 c=1 rs=1 cs=1]
              LayoutText {#text} at (2,2) size 461x36
                text run at (2,2) width 461: "This text is within the THEAD element and should be vertically aligned"
                text run at (2,20) width 93: "to the baseline"
        LayoutTableSection {TFOOT} at (1,240) size 782x24
          LayoutTableRow {TR} at (0,0) size 782x22
            LayoutTableCell {TD} at (2,0) size 304x22 [border: (1px inset #808080)] [r=0 c=0 rs=1 cs=1]
              LayoutText {#text} at (2,2) size 52x18
                text run at (2,2) width 52: "TFOOT"
            LayoutTableCell {TD} at (308,0) size 472x22 [border: (1px inset #808080)] [r=0 c=1 rs=1 cs=1]
              LayoutText {#text} at (2,2) size 52x18
                text run at (2,2) width 52: "TFOOT"
        LayoutTableSection {TBODY} at (1,216) size 782x24
          LayoutTableRow {TR} at (0,0) size 782x22
            LayoutTableCell {TD} at (2,0) size 304x22 [border: (1px inset #808080)] [r=0 c=0 rs=1 cs=1]
              LayoutText {#text} at (2,2) size 56x18
                text run at (2,2) width 56: "TBODY"
            LayoutTableCell {TD} at (308,0) size 472x22 [border: (1px inset #808080)] [r=0 c=1 rs=1 cs=1]
              LayoutText {#text} at (2,2) size 56x18
                text run at (2,2) width 56: "TBODY"
        LayoutTableSection {TBODY} at (1,240) size 782x0
