layer at (0,0) size 800x600
  LayoutView at (0,0) size 800x600
layer at (0,0) size 800x298
  LayoutBlockFlow {html} at (0,0) size 800x298
    LayoutBlockFlow {body} at (8,16) size 784x274
      LayoutBlockFlow {p} at (0,0) size 784x18
        LayoutText {#text} at (0,0) size 236x18
          text run at (0,0) width 236: "COLGROUP VALIGN=BASELINE"
      LayoutTable {table} at (0,34) size 784x240 [border: (1px outset #808080)]
        LayoutTableCol {colgroup} at (0,0) size 0x0
          LayoutTableCol {col} at (0,0) size 0x0
          LayoutTableCol {col} at (0,0) size 0x0
        LayoutTableSection (anonymous) at (1,1) size 782x238
          LayoutTableRow {tr} at (0,2) size 782x234
            LayoutTableCell {td} at (2,72) size 217x94 [border: (1px inset #808080)] [r=0 c=0 rs=1 cs=1]
              LayoutText {#text} at (2,2) size 212x90
                text run at (2,2) width 209: "Compare the baseline of the first"
                text run at (2,20) width 144: "line of text in this cell "
                text run at (145,20) width 53: "with the"
                text run at (2,38) width 212: "baseline of the first line of text in"
                text run at (2,56) width 119: "the next cell: they "
                text run at (120,56) width 62: "should be"
                text run at (2,74) width 112: "vertically aligned"
            LayoutTableCell {td} at (221,2) size 559x234 [border: (1px inset #808080)] [r=0 c=1 rs=1 cs=1]
              LayoutText {#text} at (2,2) size 530x230
                text run at (2,2) width 521: "Compare the baseline of the first"
                text run at (2,48) width 70: "line "
                text run at (71,48) width 421: "of text in this cell with the"
                text run at (2,94) width 530: "baseline of the first line of text in"
                text run at (2,140) width 519: "the previous cell: they should be"
                text run at (2,186) width 279: "vertically aligned"
