layer at (0,0) size 800x600
  LayoutView at (0,0) size 800x600
layer at (0,0) size 800x166
  LayoutBlockFlow {html} at (0,0) size 800x166
    LayoutBlockFlow {body} at (8,16) size 784x142
      LayoutBlockFlow {p} at (0,0) size 784x18
        LayoutText {#text} at (0,0) size 444x18
          text run at (0,0) width 402: "There should be a 5 pixel border around the frame of the table "
          text run at (401,0) width 43: "below."
      LayoutTable {table} at (0,34) size 201x108 [border: (5px outset #808080)]
        LayoutTableCol {colgroup} at (0,0) size 0x0
          LayoutTableCol {col} at (0,0) size 0x0
        LayoutTableCol {colgroup} at (0,0) size 0x0
          LayoutTableCol {col} at (0,0) size 0x0
        LayoutTableCol {colgroup} at (0,0) size 0x0
          LayoutTableCol {col} at (0,0) size 0x0
        LayoutTableSection {thead} at (5,5) size 191x26
          LayoutTableRow {tr} at (0,2) size 191x22
            LayoutTableCell {th} at (2,2) size 61x22 [border: (1px inset #808080)] [r=0 c=0 rs=1 cs=1]
              LayoutText {#text} at (2,2) size 57x18
                text run at (2,2) width 57: "THEAD"
            LayoutTableCell {th} at (65,2) size 61x22 [border: (1px inset #808080)] [r=0 c=1 rs=1 cs=1]
              LayoutText {#text} at (2,2) size 57x18
                text run at (2,2) width 57: "THEAD"
            LayoutTableCell {th} at (128,2) size 61x22 [border: (1px inset #808080)] [r=0 c=2 rs=1 cs=1]
              LayoutText {#text} at (2,2) size 57x18
                text run at (2,2) width 57: "THEAD"
        LayoutTableSection {tfoot} at (5,79) size 191x24
          LayoutTableRow {tr} at (0,0) size 191x22
            LayoutTableCell {td} at (2,0) size 61x22 [border: (1px inset #808080)] [r=0 c=0 rs=1 cs=1]
              LayoutText {#text} at (2,2) size 52x18
                text run at (2,2) width 52: "TFOOT"
            LayoutTableCell {td} at (65,0) size 61x22 [border: (1px inset #808080)] [r=0 c=1 rs=1 cs=1]
              LayoutText {#text} at (2,2) size 52x18
                text run at (2,2) width 52: "TFOOT"
            LayoutTableCell {td} at (128,0) size 61x22 [border: (1px inset #808080)] [r=0 c=2 rs=1 cs=1]
              LayoutText {#text} at (2,2) size 52x18
                text run at (2,2) width 52: "TFOOT"
        LayoutTableSection {tbody} at (5,31) size 191x48
          LayoutTableRow {tr} at (0,0) size 191x22
            LayoutTableCell {td} at (2,0) size 61x22 [border: (1px inset #808080)] [r=0 c=0 rs=1 cs=1]
              LayoutText {#text} at (2,2) size 56x18
                text run at (2,2) width 56: "TBODY"
            LayoutTableCell {td} at (65,0) size 61x22 [border: (1px inset #808080)] [r=0 c=1 rs=1 cs=1]
              LayoutText {#text} at (2,2) size 56x18
                text run at (2,2) width 56: "TBODY"
            LayoutTableCell {td} at (128,0) size 61x22 [border: (1px inset #808080)] [r=0 c=2 rs=1 cs=1]
              LayoutText {#text} at (2,2) size 56x18
                text run at (2,2) width 56: "TBODY"
          LayoutTableRow {tr} at (0,24) size 191x22
            LayoutTableCell {td} at (2,24) size 61x22 [border: (1px inset #808080)] [r=1 c=0 rs=1 cs=1]
              LayoutText {#text} at (2,2) size 56x18
                text run at (2,2) width 56: "TBODY"
            LayoutTableCell {td} at (65,24) size 61x22 [border: (1px inset #808080)] [r=1 c=1 rs=1 cs=1]
              LayoutText {#text} at (2,2) size 56x18
                text run at (2,2) width 56: "TBODY"
            LayoutTableCell {td} at (128,24) size 61x22 [border: (1px inset #808080)] [r=1 c=2 rs=1 cs=1]
              LayoutText {#text} at (2,2) size 56x18
                text run at (2,2) width 56: "TBODY"
