layer at (0,0) size 800x600
  LayoutView at (0,0) size 800x600
layer at (0,0) size 800x82
  LayoutBlockFlow {html} at (0,0) size 800x82
    LayoutBlockFlow {body} at (8,8) size 784x66
      LayoutTable {table} at (0,0) size 544x66 [border: (1px outset #808080)]
        LayoutTableSection (anonymous) at (1,1) size 542x64
          LayoutTableRow {tr} at (0,2) size 542x60
            LayoutTableCell {td} at (2,2) size 268x60 [border: (1px inset #808080)] [r=0 c=0 rs=1 cs=1]
              LayoutText {#text} at (21,21) size 226x18
                text run at (21,21) width 226: "This cell should have 20% padding"
            LayoutTableCell {td} at (272,2) size 268x60 [border: (1px inset #808080)] [r=0 c=1 rs=1 cs=1]
              LayoutText {#text} at (21,21) size 226x18
                text run at (21,21) width 226: "This cell should have 20% padding"
