layer at (0,0) size 800x600
  LayoutView at (0,0) size 800x600
layer at (0,0) size 800x140
  LayoutBlockFlow {html} at (0,0) size 800x140
    LayoutBlockFlow {body} at (8,16) size 784x116
      LayoutBlockFlow {p} at (0,0) size 784x18
        LayoutText {#text} at (0,0) size 485x18
          text run at (0,0) width 407: "There should be no rules between any rows and columns in the "
          text run at (407,0) width 78: "table below."
      LayoutTable {table} at (0,34) size 179x82 [border: none]
        LayoutTableCol {colgroup} at (0,0) size 0x0
          LayoutTableCol {col} at (0,0) size 0x0
        LayoutTableCol {colgroup} at (0,0) size 0x0
          LayoutTableCol {col} at (0,0) size 0x0
        LayoutTableCol {colgroup} at (0,0) size 0x0
          LayoutTableCol {col} at (0,0) size 0x0
        LayoutTableSection {thead} at (0,0) size 178x21
          LayoutTableRow {tr} at (0,0) size 178x21
            LayoutTableCell {th} at (0,0) size 60x21 [border: (1px none #000000)] [r=0 c=0 rs=1 cs=1]
              LayoutText {#text} at (2,2) size 57x18
                text run at (2,2) width 57: "THEAD"
            LayoutTableCell {th} at (60,0) size 59x21 [border: (1px none #000000)] [r=0 c=1 rs=1 cs=1]
              LayoutText {#text} at (1,2) size 57x18
                text run at (1,2) width 57: "THEAD"
            LayoutTableCell {th} at (119,0) size 59x21 [border: (1px none #000000)] [r=0 c=2 rs=1 cs=1]
              LayoutText {#text} at (1,2) size 57x18
                text run at (1,2) width 57: "THEAD"
        LayoutTableSection {tfoot} at (0,61) size 178x20
          LayoutTableRow {tr} at (0,0) size 178x20
            LayoutTableCell {td} at (0,0) size 60x20 [border: none] [r=0 c=0 rs=1 cs=1]
              LayoutText {#text} at (2,1) size 52x18
                text run at (2,1) width 52: "TFOOT"
            LayoutTableCell {td} at (60,0) size 59x20 [r=0 c=1 rs=1 cs=1]
              LayoutText {#text} at (1,1) size 52x18
                text run at (1,1) width 52: "TFOOT"
            LayoutTableCell {td} at (119,0) size 59x20 [r=0 c=2 rs=1 cs=1]
              LayoutText {#text} at (1,1) size 52x18
                text run at (1,1) width 52: "TFOOT"
        LayoutTableSection {tbody} at (0,21) size 178x40
          LayoutTableRow {tr} at (0,0) size 178x20
            LayoutTableCell {td} at (0,0) size 60x20 [border: none] [r=0 c=0 rs=1 cs=1]
              LayoutText {#text} at (2,1) size 56x18
                text run at (2,1) width 56: "TBODY"
            LayoutTableCell {td} at (60,0) size 59x20 [r=0 c=1 rs=1 cs=1]
              LayoutText {#text} at (1,1) size 56x18
                text run at (1,1) width 56: "TBODY"
            LayoutTableCell {td} at (119,0) size 59x20 [r=0 c=2 rs=1 cs=1]
              LayoutText {#text} at (1,1) size 56x18
                text run at (1,1) width 56: "TBODY"
          LayoutTableRow {tr} at (0,20) size 178x20
            LayoutTableCell {td} at (0,20) size 60x20 [border: none] [r=1 c=0 rs=1 cs=1]
              LayoutText {#text} at (2,1) size 56x18
                text run at (2,1) width 56: "TBODY"
            LayoutTableCell {td} at (60,20) size 59x20 [r=1 c=1 rs=1 cs=1]
              LayoutText {#text} at (1,1) size 56x18
                text run at (1,1) width 56: "TBODY"
            LayoutTableCell {td} at (119,20) size 59x20 [r=1 c=2 rs=1 cs=1]
              LayoutText {#text} at (1,1) size 56x18
                text run at (1,1) width 56: "TBODY"
