layer at (0,0) size 800x600
  LayoutView at (0,0) size 800x600
layer at (0,0) size 800x44
  LayoutBlockFlow {html} at (0,0) size 800x44
    LayoutBlockFlow {body} at (8,8) size 784x28
      LayoutTable {table} at (0,0) size 562x28 [border: (1px outset #808080)]
        LayoutTableSection {tbody} at (1,1) size 560x26 [bgcolor=#00FF00]
          LayoutTableRow {tr} at (0,2) size 560x22
            LayoutTableCell {td} at (2,2) size 277x22 [border: (1px inset #808080)] [r=0 c=0 rs=1 cs=1]
              LayoutText {#text} at (2,2) size 273x18
                text run at (2,2) width 273: "This tbody should have a lime background"
            LayoutTableCell {td} at (281,2) size 277x22 [border: (1px inset #808080)] [r=0 c=1 rs=1 cs=1]
              LayoutText {#text} at (2,2) size 273x18
                text run at (2,2) width 273: "This tbody should have a lime background"
