layer at (0,0) size 800x600
  LayoutView at (0,0) size 800x600
layer at (0,0) size 800x206
  LayoutBlockFlow {html} at (0,0) size 800x206
    LayoutBlockFlow {body} at (8,16) size 784x182
      LayoutBlockFlow {p} at (0,0) size 784x18
        LayoutText {#text} at (0,0) size 403x18
          text run at (0,0) width 403: "The numbers in the TBODY should align at the decimal points"
      LayoutTable {table} at (0,34) size 374x148 [border: (1px outset #808080)]
        LayoutTableSection {thead} at (1,1) size 372x50
          LayoutTableRow {tr} at (0,2) size 372x22
            LayoutTableCell {td} at (2,2) size 116x22 [border: (1px inset #808080)] [r=0 c=0 rs=1 cs=1]
              LayoutText {#text} at (2,2) size 55x18
                text run at (2,2) width 55: "THEAD"
            LayoutTableCell {td} at (120,2) size 124x22 [border: (1px inset #808080)] [r=0 c=1 rs=1 cs=1]
              LayoutText {#text} at (2,2) size 55x18
                text run at (2,2) width 55: "THEAD"
            LayoutTableCell {td} at (246,2) size 124x22 [border: (1px inset #808080)] [r=0 c=2 rs=1 cs=1]
              LayoutText {#text} at (2,2) size 55x18
                text run at (2,2) width 55: "THEAD"
          LayoutTableRow {tr} at (0,26) size 372x22
            LayoutTableCell {td} at (2,26) size 116x22 [border: (1px inset #808080)] [r=1 c=0 rs=1 cs=1]
              LayoutText {#text} at (2,2) size 55x18
                text run at (2,2) width 55: "THEAD"
            LayoutTableCell {td} at (120,26) size 124x22 [border: (1px inset #808080)] [r=1 c=1 rs=1 cs=1]
              LayoutText {#text} at (2,2) size 55x18
                text run at (2,2) width 55: "THEAD"
            LayoutTableCell {td} at (246,26) size 124x22 [border: (1px inset #808080)] [r=1 c=2 rs=1 cs=1]
              LayoutText {#text} at (2,2) size 55x18
                text run at (2,2) width 55: "THEAD"
        LayoutTableSection {tfoot} at (1,99) size 372x48
          LayoutTableRow {tr} at (0,0) size 372x22
            LayoutTableCell {td} at (2,0) size 116x22 [border: (1px inset #808080)] [r=0 c=0 rs=1 cs=1]
              LayoutText {#text} at (2,2) size 52x18
                text run at (2,2) width 52: "TFOOT"
            LayoutTableCell {td} at (120,0) size 124x22 [border: (1px inset #808080)] [r=0 c=1 rs=1 cs=1]
              LayoutText {#text} at (2,2) size 52x18
                text run at (2,2) width 52: "TFOOT"
            LayoutTableCell {td} at (246,0) size 124x22 [border: (1px inset #808080)] [r=0 c=2 rs=1 cs=1]
              LayoutText {#text} at (2,2) size 52x18
                text run at (2,2) width 52: "TFOOT"
          LayoutTableRow {tr} at (0,24) size 372x22
            LayoutTableCell {td} at (2,24) size 116x22 [border: (1px inset #808080)] [r=1 c=0 rs=1 cs=1]
              LayoutText {#text} at (2,2) size 52x18
                text run at (2,2) width 52: "TFOOT"
            LayoutTableCell {td} at (120,24) size 124x22 [border: (1px inset #808080)] [r=1 c=1 rs=1 cs=1]
              LayoutText {#text} at (2,2) size 52x18
                text run at (2,2) width 52: "TFOOT"
            LayoutTableCell {td} at (246,24) size 124x22 [border: (1px inset #808080)] [r=1 c=2 rs=1 cs=1]
              LayoutText {#text} at (2,2) size 52x18
                text run at (2,2) width 52: "TFOOT"
        LayoutTableSection {tbody} at (1,51) size 372x48
          LayoutTableRow {tr} at (0,0) size 372x22
            LayoutTableCell {td} at (2,0) size 116x22 [border: (1px inset #808080)] [r=0 c=0 rs=1 cs=1]
              LayoutText {#text} at (2,2) size 96x18
                text run at (2,2) width 96: "TBODY 55.00"
            LayoutTableCell {td} at (120,0) size 124x22 [border: (1px inset #808080)] [r=0 c=1 rs=1 cs=1]
              LayoutText {#text} at (2,2) size 120x18
                text run at (2,2) width 120: "TBODY 55555.00"
            LayoutTableCell {td} at (246,0) size 124x22 [border: (1px inset #808080)] [r=0 c=2 rs=1 cs=1]
              LayoutText {#text} at (2,2) size 104x18
                text run at (2,2) width 104: "TBODY 555.00"
          LayoutTableRow {tr} at (0,24) size 372x22
            LayoutTableCell {td} at (2,24) size 116x22 [border: (1px inset #808080)] [r=1 c=0 rs=1 cs=1]
              LayoutText {#text} at (2,2) size 112x18
                text run at (2,2) width 112: "TBODY 1234.56"
            LayoutTableCell {td} at (120,24) size 124x22 [border: (1px inset #808080)] [r=1 c=1 rs=1 cs=1]
              LayoutText {#text} at (2,2) size 104x18
                text run at (2,2) width 104: "TBODY 123.45"
            LayoutTableCell {td} at (246,24) size 124x22 [border: (1px inset #808080)] [r=1 c=2 rs=1 cs=1]
              LayoutText {#text} at (2,2) size 120x18
                text run at (2,2) width 120: "TBODY 12345.67"
