layer at (0,0) size 800x600
  LayoutView at (0,0) size 800x600
layer at (0,0) size 800x282
  LayoutBlockFlow {html} at (0,0) size 800x282
    LayoutBlockFlow {body} at (8,8) size 784x266
      LayoutTable {table} at (0,0) size 110x64 [border: (1px outset #808080)]
        LayoutTableSection (anonymous) at (1,1) size 108x62
          LayoutTableRow {tr} at (0,2) size 108x58
            LayoutTableCell {td} at (2,2) size 104x58 [border: (1px inset #808080)] [r=0 c=0 rs=1 cs=1]
              LayoutText {#text} at (2,2) size 97x54
                text run at (2,2) width 83: "The width of"
                text run at (2,20) width 97: "this cell should"
                text run at (2,38) width 86: "be 100 pixels"
      LayoutBlockFlow (anonymous) at (0,64) size 784x18
        LayoutBR {br} at (0,0) size 0x18
      LayoutTable {table} at (0,82) size 210x46 [border: (1px outset #808080)]
        LayoutTableSection (anonymous) at (1,1) size 208x44
          LayoutTableRow {tr} at (0,2) size 208x40
            LayoutTableCell {td} at (2,2) size 204x40 [border: (1px inset #808080)] [r=0 c=0 rs=1 cs=1]
              LayoutText {#text} at (2,2) size 184x36
                text run at (2,2) width 184: "The width of this cell should"
                text run at (2,20) width 86: "be 200 pixels"
      LayoutBlockFlow (anonymous) at (0,128) size 784x18
        LayoutBR {br} at (0,0) size 0x18
      LayoutTable {table} at (0,146) size 310x28 [border: (1px outset #808080)]
        LayoutTableSection (anonymous) at (1,1) size 308x26
          LayoutTableRow {tr} at (0,2) size 308x22
            LayoutTableCell {td} at (2,2) size 304x22 [border: (1px inset #808080)] [r=0 c=0 rs=1 cs=1]
              LayoutText {#text} at (2,2) size 273x18
                text run at (2,2) width 273: "The width of this cell should be 300 pixels"
      LayoutBlockFlow (anonymous) at (0,174) size 784x18
        LayoutBR {br} at (0,0) size 0x18
      LayoutTable {table} at (0,192) size 410x28 [border: (1px outset #808080)]
        LayoutTableSection (anonymous) at (1,1) size 408x26
          LayoutTableRow {tr} at (0,2) size 408x22
            LayoutTableCell {td} at (2,2) size 404x22 [border: (1px inset #808080)] [r=0 c=0 rs=1 cs=1]
              LayoutText {#text} at (2,2) size 273x18
                text run at (2,2) width 273: "The width of this cell should be 400 pixels"
      LayoutBlockFlow (anonymous) at (0,220) size 784x18
        LayoutBR {br} at (0,0) size 0x18
      LayoutTable {table} at (0,238) size 510x28 [border: (1px outset #808080)]
        LayoutTableSection (anonymous) at (1,1) size 508x26
          LayoutTableRow {tr} at (0,2) size 508x22
            LayoutTableCell {td} at (2,2) size 504x22 [border: (1px inset #808080)] [r=0 c=0 rs=1 cs=1]
              LayoutText {#text} at (2,2) size 273x18
                text run at (2,2) width 273: "The width of this cell should be 500 pixels"
