layer at (0,0) size 800x600 scrollWidth 931
  LayoutView at (0,0) size 800x600
layer at (0,0) size 800x68
  LayoutBlockFlow {html} at (0,0) size 800x68
    LayoutBlockFlow {body} at (8,8) size 784x52
      LayoutTable {table} at (0,0) size 923x52 [border: (1px outset #808080)]
        LayoutTableSection (anonymous) at (1,1) size 921x50
          LayoutTableRow {tr} at (0,2) size 921x22
            LayoutTableCell {td} at (2,2) size 917x22 [border: (1px inset #808080)] [r=0 c=0 rs=1 cs=1]
              LayoutText {#text} at (2,2) size 912x18
                text run at (2,2) width 268: "The text in the cell should not wrap upon "
                text run at (269,2) width 263: "window resizing    x-fill x-fill x-fill x-fill "
                text run at (531,2) width 317: "x-fill x-fill x-fill x-fill x-fill x-fill x-fill x-fill x-fill "
                text run at (847,2) width 67: "x-fill x-fill"
          LayoutTableRow {tr} at (0,26) size 921x22
            LayoutTableCell {td} at (2,26) size 917x22 [border: (1px inset #808080)] [r=1 c=0 rs=1 cs=1]
              LayoutText {#text} at (2,2) size 912x18
                text run at (2,2) width 268: "The text in the cell should not wrap upon "
                text run at (269,2) width 263: "window resizing    x-fill x-fill x-fill x-fill "
                text run at (531,2) width 317: "x-fill x-fill x-fill x-fill x-fill x-fill x-fill x-fill x-fill "
                text run at (847,2) width 67: "x-fill x-fill"
