layer at (0,0) size 800x600
  LayoutView at (0,0) size 800x600
layer at (0,0) size 800x258
  LayoutBlockFlow {html} at (0,0) size 800x258
    LayoutBlockFlow {body} at (8,16) size 784x234
      LayoutBlockFlow {p} at (0,0) size 784x18
        LayoutText {#text} at (0,0) size 156x18
          text run at (0,0) width 156: "TEST: td align=\"center\""
      LayoutBlockFlow {p} at (0,34) size 784x36
        LayoutInline {b} at (0,0) size 77x18
          LayoutText {#text} at (0,0) size 77x18
            text run at (0,0) width 77: "Example 1."
        LayoutBR {br} at (76,0) size 1x18
        LayoutText {#text} at (0,18) size 123x18
          text run at (0,18) width 123: "Table width=100%"
      LayoutTable {table} at (0,86) size 784x28 [border: (1px outset #808080)]
        LayoutTableSection (anonymous) at (1,1) size 782x26
          LayoutTableRow {tr} at (0,2) size 782x22
            LayoutTableCell {td} at (2,2) size 778x22 [border: (1px inset #808080)] [r=0 c=0 rs=1 cs=1]
              LayoutText {#text} at (281,2) size 216x18
                text run at (281,2) width 216: "Cell text should be center aligned"
      LayoutBlockFlow {p} at (0,130) size 784x36
        LayoutInline {b} at (0,0) size 77x18
          LayoutText {#text} at (0,0) size 77x18
            text run at (0,0) width 77: "Example 2."
        LayoutBR {br} at (76,0) size 1x18
        LayoutText {#text} at (0,18) size 431x18
          text run at (0,18) width 407: "No specific table width; text in second row exceeds text in first "
          text run at (406,18) width 25: "row"
      LayoutTable {table} at (0,182) size 566x52 [border: (1px outset #808080)]
        LayoutTableSection (anonymous) at (1,1) size 564x50
          LayoutTableRow {tr} at (0,2) size 564x22
            LayoutTableCell {td} at (2,2) size 560x22 [border: (1px inset #808080)] [r=0 c=0 rs=1 cs=1]
              LayoutText {#text} at (172,2) size 216x18
                text run at (172,2) width 216: "Cell text should be center aligned"
          LayoutTableRow {tr} at (0,26) size 564x22
            LayoutTableCell {td} at (2,26) size 560x22 [border: (1px inset #808080)] [r=1 c=0 rs=1 cs=1]
              LayoutText {#text} at (2,2) size 556x18
                text run at (2,2) width 448: "xxx xxx xxx xxx xxx xxx xxx xxx xxx xxx xxx xxx xxx xxx xxx xxx "
                text run at (450,2) width 108: "xxx xxx xxx xxx"
