layer at (0,0) size 800x600
  LayoutView at (0,0) size 800x600
layer at (0,0) size 800x320
  LayoutBlockFlow {html} at (0,0) size 800x320
    LayoutBlockFlow {body} at (8,16) size 784x296
      LayoutBlockFlow {p} at (0,0) size 784x18
        LayoutText {#text} at (0,0) size 192x18
          text run at (0,0) width 192: "TFOOT VALIGN=BOTTOM"
      LayoutTable {table} at (0,34) size 784x262 [border: (1px outset #808080)]
        LayoutTableSection {thead} at (1,1) size 782x26
          LayoutTableRow {tr} at (0,2) size 782x22
            LayoutTableCell {td} at (2,2) size 204x22 [border: (1px inset #808080)] [r=0 c=0 rs=1 cs=1]
              LayoutText {#text} at (2,2) size 55x18
                text run at (2,2) width 55: "THEAD"
            LayoutTableCell {td} at (208,2) size 572x22 [border: (1px inset #808080)] [r=0 c=1 rs=1 cs=1]
              LayoutText {#text} at (2,2) size 55x18
                text run at (2,2) width 55: "THEAD"
        LayoutTableSection {tfoot} at (1,51) size 782x210
          LayoutTableRow {tr} at (0,0) size 782x208
            LayoutTableCell {td} at (2,0) size 204x208 [border: (1px inset #808080)] [r=0 c=0 rs=1 cs=1]
              LayoutImage {img} at (2,2) size 200x200
            LayoutTableCell {td} at (208,150) size 572x58 [border: (1px inset #808080)] [r=0 c=1 rs=1 cs=1]
              LayoutText {#text} at (2,2) size 562x54
                text run at (2,2) width 372: "The bottom of this text should be vertically aligned to the "
                text run at (373,2) width 187: "bottom of the image. x-fill x-"
                text run at (2,20) width 163: "fill x-fill x-fill x-fill x-fill "
                text run at (164,20) width 317: "x-fill x-fill x-fill x-fill x-fill x-fill x-fill x-fill x-fill "
                text run at (480,20) width 84: "x-fill x-fill x-"
                text run at (2,38) width 233: "fill x-fill x-fill x-fill x-fill x-fill x-fill "
                text run at (234,38) width 137: "x-fill x-fill x-fill x-fill"
        LayoutTableSection {tbody} at (1,27) size 782x24
          LayoutTableRow {tr} at (0,0) size 782x22
            LayoutTableCell {td} at (2,0) size 204x22 [border: (1px inset #808080)] [r=0 c=0 rs=1 cs=1]
              LayoutText {#text} at (2,2) size 56x18
                text run at (2,2) width 56: "TBODY"
            LayoutTableCell {td} at (208,0) size 572x22 [border: (1px inset #808080)] [r=0 c=1 rs=1 cs=1]
              LayoutText {#text} at (2,2) size 56x18
                text run at (2,2) width 56: "TBODY"
