layer at (0,0) size 800x600
  LayoutView at (0,0) size 800x600
layer at (0,0) size 800x206
  LayoutBlockFlow {html} at (0,0) size 800x206
    LayoutBlockFlow {body} at (8,16) size 784x182
      LayoutBlockFlow {p} at (0,0) size 784x18
        LayoutText {#text} at (0,0) size 400x18
          text run at (0,0) width 400: "The numbers in the TFOOT should align at the decimal points"
      LayoutTable {table} at (0,34) size 362x148 [border: (1px outset #808080)]
        LayoutTableSection {thead} at (1,1) size 360x50
          LayoutTableRow {tr} at (0,2) size 360x22
            LayoutTableCell {td} at (2,2) size 112x22 [border: (1px inset #808080)] [r=0 c=0 rs=1 cs=1]
              LayoutText {#text} at (2,2) size 55x18
                text run at (2,2) width 55: "THEAD"
            LayoutTableCell {td} at (116,2) size 120x22 [border: (1px inset #808080)] [r=0 c=1 rs=1 cs=1]
              LayoutText {#text} at (2,2) size 55x18
                text run at (2,2) width 55: "THEAD"
            LayoutTableCell {td} at (238,2) size 120x22 [border: (1px inset #808080)] [r=0 c=2 rs=1 cs=1]
              LayoutText {#text} at (2,2) size 55x18
                text run at (2,2) width 55: "THEAD"
          LayoutTableRow {tr} at (0,26) size 360x22
            LayoutTableCell {td} at (2,26) size 112x22 [border: (1px inset #808080)] [r=1 c=0 rs=1 cs=1]
              LayoutText {#text} at (2,2) size 55x18
                text run at (2,2) width 55: "THEAD"
            LayoutTableCell {td} at (116,26) size 120x22 [border: (1px inset #808080)] [r=1 c=1 rs=1 cs=1]
              LayoutText {#text} at (2,2) size 55x18
                text run at (2,2) width 55: "THEAD"
            LayoutTableCell {td} at (238,26) size 120x22 [border: (1px inset #808080)] [r=1 c=2 rs=1 cs=1]
              LayoutText {#text} at (2,2) size 55x18
                text run at (2,2) width 55: "THEAD"
        LayoutTableSection {tfoot} at (1,99) size 360x48
          LayoutTableRow {tr} at (0,0) size 360x22
            LayoutTableCell {td} at (2,0) size 112x22 [border: (1px inset #808080)] [r=0 c=0 rs=1 cs=1]
              LayoutText {#text} at (2,2) size 92x18
                text run at (2,2) width 92: "TFOOT 55.00"
            LayoutTableCell {td} at (116,0) size 120x22 [border: (1px inset #808080)] [r=0 c=1 rs=1 cs=1]
              LayoutText {#text} at (2,2) size 116x18
                text run at (2,2) width 116: "TFOOT 55555.00"
            LayoutTableCell {td} at (238,0) size 120x22 [border: (1px inset #808080)] [r=0 c=2 rs=1 cs=1]
              LayoutText {#text} at (2,2) size 100x18
                text run at (2,2) width 100: "TFOOT 555.00"
          LayoutTableRow {tr} at (0,24) size 360x22
            LayoutTableCell {td} at (2,24) size 112x22 [border: (1px inset #808080)] [r=1 c=0 rs=1 cs=1]
              LayoutText {#text} at (2,2) size 108x18
                text run at (2,2) width 108: "TFOOT 1234.56"
            LayoutTableCell {td} at (116,24) size 120x22 [border: (1px inset #808080)] [r=1 c=1 rs=1 cs=1]
              LayoutText {#text} at (2,2) size 100x18
                text run at (2,2) width 100: "TFOOT 123.45"
            LayoutTableCell {td} at (238,24) size 120x22 [border: (1px inset #808080)] [r=1 c=2 rs=1 cs=1]
              LayoutText {#text} at (2,2) size 116x18
                text run at (2,2) width 116: "TFOOT 12345.67"
        LayoutTableSection {tbody} at (1,51) size 360x48
          LayoutTableRow {tr} at (0,0) size 360x22
            LayoutTableCell {td} at (2,0) size 112x22 [border: (1px inset #808080)] [r=0 c=0 rs=1 cs=1]
              LayoutText {#text} at (2,2) size 56x18
                text run at (2,2) width 56: "TBODY"
            LayoutTableCell {td} at (116,0) size 120x22 [border: (1px inset #808080)] [r=0 c=1 rs=1 cs=1]
              LayoutText {#text} at (2,2) size 56x18
                text run at (2,2) width 56: "TBODY"
            LayoutTableCell {td} at (238,0) size 120x22 [border: (1px inset #808080)] [r=0 c=2 rs=1 cs=1]
              LayoutText {#text} at (2,2) size 56x18
                text run at (2,2) width 56: "TBODY"
          LayoutTableRow {tr} at (0,24) size 360x22
            LayoutTableCell {td} at (2,24) size 112x22 [border: (1px inset #808080)] [r=1 c=0 rs=1 cs=1]
              LayoutText {#text} at (2,2) size 56x18
                text run at (2,2) width 56: "TBODY"
            LayoutTableCell {td} at (116,24) size 120x22 [border: (1px inset #808080)] [r=1 c=1 rs=1 cs=1]
              LayoutText {#text} at (2,2) size 56x18
                text run at (2,2) width 56: "TBODY"
            LayoutTableCell {td} at (238,24) size 120x22 [border: (1px inset #808080)] [r=1 c=2 rs=1 cs=1]
              LayoutText {#text} at (2,2) size 56x18
                text run at (2,2) width 56: "TBODY"
