layer at (0,0) size 800x600
  LayoutView at (0,0) size 800x600
layer at (0,0) size 800x320
  LayoutBlockFlow {html} at (0,0) size 800x320
    LayoutBlockFlow {body} at (8,16) size 784x296
      LayoutBlockFlow {p} at (0,0) size 784x18
        LayoutText {#text} at (0,0) size 154x18
          text run at (0,0) width 154: "TFOOT VALIGN=TOP"
      LayoutTable {table} at (0,34) size 668x262 [border: (1px outset #808080)]
        LayoutTableSection {thead} at (1,1) size 666x26
          LayoutTableRow {tr} at (0,2) size 666x22
            LayoutTableCell {td} at (2,2) size 204x22 [border: (1px inset #808080)] [r=0 c=0 rs=1 cs=1]
              LayoutText {#text} at (2,2) size 55x18
                text run at (2,2) width 55: "THEAD"
            LayoutTableCell {td} at (208,2) size 456x22 [border: (1px inset #808080)] [r=0 c=1 rs=1 cs=1]
              LayoutText {#text} at (2,2) size 55x18
                text run at (2,2) width 55: "THEAD"
        LayoutTableSection {tfoot} at (1,51) size 666x210
          LayoutTableRow {tr} at (0,0) size 666x208
            LayoutTableCell {td} at (2,0) size 204x208 [border: (1px inset #808080)] [r=0 c=0 rs=1 cs=1]
              LayoutImage {img} at (2,2) size 200x200
            LayoutTableCell {td} at (208,0) size 456x22 [border: (1px inset #808080)] [r=0 c=1 rs=1 cs=1]
              LayoutText {#text} at (2,2) size 452x18
                text run at (2,2) width 389: "The top of this text should be vertically aligned to the top of "
                text run at (390,2) width 64: "the image"
        LayoutTableSection {tbody} at (1,27) size 666x24
          LayoutTableRow {tr} at (0,0) size 666x22
            LayoutTableCell {td} at (2,0) size 204x22 [border: (1px inset #808080)] [r=0 c=0 rs=1 cs=1]
              LayoutText {#text} at (2,2) size 56x18
                text run at (2,2) width 56: "TBODY"
            LayoutTableCell {td} at (208,0) size 456x22 [border: (1px inset #808080)] [r=0 c=1 rs=1 cs=1]
              LayoutText {#text} at (2,2) size 56x18
                text run at (2,2) width 56: "TBODY"
