layer at (0,0) size 800x600
  LayoutView at (0,0) size 800x600
layer at (0,0) size 800x92
  LayoutBlockFlow {html} at (0,0) size 800x92
    LayoutBlockFlow {body} at (8,8) size 784x76
      LayoutTable {table} at (0,0) size 636x76 [border: (1px outset #808080)]
        LayoutTableSection {thead} at (1,1) size 634x26 [bgcolor=#00FF00]
          LayoutTableRow {tr} at (0,2) size 634x22
            LayoutTableCell {td} at (2,2) size 314x22 [border: (1px inset #808080)] [r=0 c=0 rs=1 cs=1]
              LayoutText {#text} at (2,2) size 272x18
                text run at (2,2) width 272: "This thead should have a lime background"
            LayoutTableCell {td} at (318,2) size 314x22 [border: (1px inset #808080)] [r=0 c=1 rs=1 cs=1]
              LayoutText {#text} at (2,2) size 272x18
                text run at (2,2) width 272: "This thead should have a lime background"
        LayoutTableSection {tfoot} at (1,51) size 634x24
          LayoutTableRow {tr} at (0,0) size 634x22
            LayoutTableCell {td} at (2,0) size 314x22 [border: (1px inset #808080)] [r=0 c=0 rs=1 cs=1]
              LayoutText {#text} at (2,2) size 304x18
                text run at (2,2) width 304: "This tfoot should NOT have a lime background"
            LayoutTableCell {td} at (318,0) size 314x22 [border: (1px inset #808080)] [r=0 c=1 rs=1 cs=1]
              LayoutText {#text} at (2,2) size 304x18
                text run at (2,2) width 304: "This tfoot should NOT have a lime background"
        LayoutTableSection {tbody} at (1,27) size 634x24
          LayoutTableRow {tr} at (0,0) size 634x22
            LayoutTableCell {td} at (2,0) size 314x22 [border: (1px inset #808080)] [r=0 c=0 rs=1 cs=1]
              LayoutText {#text} at (2,2) size 310x18
                text run at (2,2) width 310: "This tbody should NOT have a lime background"
            LayoutTableCell {td} at (318,0) size 314x22 [border: (1px inset #808080)] [r=0 c=1 rs=1 cs=1]
              LayoutText {#text} at (2,2) size 310x18
                text run at (2,2) width 310: "This tbody should NOT have a lime background"
