layer at (0,0) size 800x600
  LayoutView at (0,0) size 800x600
layer at (0,0) size 800x206
  LayoutBlockFlow {html} at (0,0) size 800x206
    LayoutBlockFlow {body} at (8,16) size 784x182
      LayoutBlockFlow {p} at (0,0) size 784x18
        LayoutText {#text} at (0,0) size 402x18
          text run at (0,0) width 402: "The numbers in the THEAD should align at the decimal points"
      LayoutTable {table} at (0,34) size 371x148 [border: (1px outset #808080)]
        LayoutTableSection {thead} at (1,1) size 369x50
          LayoutTableRow {tr} at (0,2) size 369x22
            LayoutTableCell {td} at (2,2) size 115x22 [border: (1px inset #808080)] [r=0 c=0 rs=1 cs=1]
              LayoutText {#text} at (2,2) size 95x18
                text run at (2,2) width 95: "THEAD 55.00"
            LayoutTableCell {td} at (119,2) size 123x22 [border: (1px inset #808080)] [r=0 c=1 rs=1 cs=1]
              LayoutText {#text} at (2,2) size 119x18
                text run at (2,2) width 119: "THEAD 55555.00"
            LayoutTableCell {td} at (244,2) size 123x22 [border: (1px inset #808080)] [r=0 c=2 rs=1 cs=1]
              LayoutText {#text} at (2,2) size 103x18
                text run at (2,2) width 103: "THEAD 555.00"
          LayoutTableRow {tr} at (0,26) size 369x22
            LayoutTableCell {td} at (2,26) size 115x22 [border: (1px inset #808080)] [r=1 c=0 rs=1 cs=1]
              LayoutText {#text} at (2,2) size 111x18
                text run at (2,2) width 111: "THEAD 1234.56"
            LayoutTableCell {td} at (119,26) size 123x22 [border: (1px inset #808080)] [r=1 c=1 rs=1 cs=1]
              LayoutText {#text} at (2,2) size 103x18
                text run at (2,2) width 103: "THEAD 123.45"
            LayoutTableCell {td} at (244,26) size 123x22 [border: (1px inset #808080)] [r=1 c=2 rs=1 cs=1]
              LayoutText {#text} at (2,2) size 119x18
                text run at (2,2) width 119: "THEAD 12345.67"
        LayoutTableSection {tfoot} at (1,99) size 369x48
          LayoutTableRow {tr} at (0,0) size 369x22
            LayoutTableCell {td} at (2,0) size 115x22 [border: (1px inset #808080)] [r=0 c=0 rs=1 cs=1]
              LayoutText {#text} at (2,2) size 52x18
                text run at (2,2) width 52: "TFOOT"
            LayoutTableCell {td} at (119,0) size 123x22 [border: (1px inset #808080)] [r=0 c=1 rs=1 cs=1]
              LayoutText {#text} at (2,2) size 52x18
                text run at (2,2) width 52: "TFOOT"
            LayoutTableCell {td} at (244,0) size 123x22 [border: (1px inset #808080)] [r=0 c=2 rs=1 cs=1]
              LayoutText {#text} at (2,2) size 52x18
                text run at (2,2) width 52: "TFOOT"
          LayoutTableRow {tr} at (0,24) size 369x22
            LayoutTableCell {td} at (2,24) size 115x22 [border: (1px inset #808080)] [r=1 c=0 rs=1 cs=1]
              LayoutText {#text} at (2,2) size 52x18
                text run at (2,2) width 52: "TFOOT"
            LayoutTableCell {td} at (119,24) size 123x22 [border: (1px inset #808080)] [r=1 c=1 rs=1 cs=1]
              LayoutText {#text} at (2,2) size 52x18
                text run at (2,2) width 52: "TFOOT"
            LayoutTableCell {td} at (244,24) size 123x22 [border: (1px inset #808080)] [r=1 c=2 rs=1 cs=1]
              LayoutText {#text} at (2,2) size 52x18
                text run at (2,2) width 52: "TFOOT"
        LayoutTableSection {tbody} at (1,51) size 369x48
          LayoutTableRow {tr} at (0,0) size 369x22
            LayoutTableCell {td} at (2,0) size 115x22 [border: (1px inset #808080)] [r=0 c=0 rs=1 cs=1]
              LayoutText {#text} at (2,2) size 56x18
                text run at (2,2) width 56: "TBODY"
            LayoutTableCell {td} at (119,0) size 123x22 [border: (1px inset #808080)] [r=0 c=1 rs=1 cs=1]
              LayoutText {#text} at (2,2) size 56x18
                text run at (2,2) width 56: "TBODY"
            LayoutTableCell {td} at (244,0) size 123x22 [border: (1px inset #808080)] [r=0 c=2 rs=1 cs=1]
              LayoutText {#text} at (2,2) size 56x18
                text run at (2,2) width 56: "TBODY"
          LayoutTableRow {tr} at (0,24) size 369x22
            LayoutTableCell {td} at (2,24) size 115x22 [border: (1px inset #808080)] [r=1 c=0 rs=1 cs=1]
              LayoutText {#text} at (2,2) size 56x18
                text run at (2,2) width 56: "TBODY"
            LayoutTableCell {td} at (119,24) size 123x22 [border: (1px inset #808080)] [r=1 c=1 rs=1 cs=1]
              LayoutText {#text} at (2,2) size 56x18
                text run at (2,2) width 56: "TBODY"
            LayoutTableCell {td} at (244,24) size 123x22 [border: (1px inset #808080)] [r=1 c=2 rs=1 cs=1]
              LayoutText {#text} at (2,2) size 56x18
                text run at (2,2) width 56: "TBODY"
