layer at (0,0) size 800x600 scrollWidth 952
  LayoutView at (0,0) size 800x600
layer at (0,0) size 800x68
  LayoutBlockFlow {html} at (0,0) size 800x68
    LayoutBlockFlow {body} at (8,8) size 784x52
      LayoutTable {table} at (0,0) size 944x52 [border: (1px outset #808080)]
        LayoutTableSection (anonymous) at (1,1) size 942x50
          LayoutTableRow {tr} at (0,2) size 942x22
            LayoutTableCell {th} at (2,2) size 938x22 [border: (1px inset #808080)] [r=0 c=0 rs=1 cs=1]
              LayoutText {#text} at (2,2) size 934x18
                text run at (2,2) width 285: "The text in the cell should not wrap upon "
                text run at (286,2) width 268: "window resizing    x-fill x-fill x-fill x-fill "
                text run at (553,2) width 317: "x-fill x-fill x-fill x-fill x-fill x-fill x-fill x-fill x-fill "
                text run at (869,2) width 67: "x-fill x-fill"
          LayoutTableRow {tr} at (0,26) size 942x22
            LayoutTableCell {th} at (2,26) size 938x22 [border: (1px inset #808080)] [r=1 c=0 rs=1 cs=1]
              LayoutText {#text} at (2,2) size 934x18
                text run at (2,2) width 285: "The text in the cell should not wrap upon "
                text run at (286,2) width 268: "window resizing    x-fill x-fill x-fill x-fill "
                text run at (553,2) width 317: "x-fill x-fill x-fill x-fill x-fill x-fill x-fill x-fill x-fill "
                text run at (869,2) width 67: "x-fill x-fill"
