layer at (0,0) size 800x600
  LayoutView at (0,0) size 800x600
layer at (0,0) size 800x44
  LayoutBlockFlow {html} at (0,0) size 800x44
    LayoutBlockFlow {body} at (8,8) size 784x28
      LayoutTable {table} at (0,0) size 540x28 [border: (1px outset #808080)]
        LayoutTableSection (anonymous) at (1,1) size 538x26
          LayoutTableRow {tr} at (0,2) size 538x22 [bgcolor=#00FF00]
            LayoutTableCell {td} at (2,2) size 266x22 [border: (1px inset #808080)] [r=0 c=0 rs=1 cs=1]
              LayoutText {#text} at (2,2) size 262x18
                text run at (2,2) width 262: "This row should have a lime background"
            LayoutTableCell {td} at (270,2) size 266x22 [border: (1px inset #808080)] [r=0 c=1 rs=1 cs=1]
              LayoutText {#text} at (2,2) size 262x18
                text run at (2,2) width 262: "This row should have a lime background"
