layer at (0,0) size 800x600
  LayoutView at (0,0) size 800x600
layer at (0,0) size 800x600
  LayoutBlockFlow {HTML} at (0,0) size 800x600
    LayoutBlockFlow {BODY} at (8,8) size 784x584
      LayoutBlockFlow {P} at (0,0) size 784x20
        LayoutText {#text} at (0,0) size 50x19
          text run at (0,0) width 50: "Test for "
        LayoutInline {I} at (0,0) size 329x19
          LayoutInline {A} at (0,0) size 152x19 [color=#0000EE]
            LayoutText {#text} at (50,0) size 152x19
              text run at (50,0) width 152: "rdar://problem/7898436"
          LayoutText {#text} at (202,0) size 177x19
            text run at (202,0) width 177: " :after content is duplicated"
        LayoutText {#text} at (379,0) size 4x19
          text run at (379,0) width 4: "."
      LayoutBlockFlow {P} at (0,36) size 784x20
        LayoutText {#text} at (0,0) size 482x19
          text run at (0,0) width 482: "The test passed if the word \x{201C}not\x{201D} appears exactly once in the following sentence:"
      LayoutBlockFlow {DIV} at (0,72) size 784x226
        LayoutBlockFlow (anonymous) at (0,0) size 784x113
          LayoutText {#text} at (0,2) size 455x109
            text run at (0,2) width 455: "The test did"
          LayoutInline {SPAN} at (0,0) size 0x0
            LayoutInline {B} at (0,0) size 0x0
        LayoutBlockFlow (anonymous) at (0,113) size 784x0
          LayoutBlockFlow {DIV} at (0,0) size 784x0
        LayoutBlockFlow (anonymous) at (0,113) size 784x113
          LayoutInline {SPAN} at (0,0) size 147x109
            LayoutInline {B} at (0,0) size 0x0
            LayoutInline {<pseudo:after>} at (0,0) size 147x109
              LayoutTextFragment (anonymous) at (0,2) size 147x109
                text run at (0,2) width 147: "not "
          LayoutText {#text} at (147,2) size 152x109
            text run at (147,2) width 152: "fail."
