layer at (0,0) size 800x600
  LayoutView at (0,0) size 800x600
layer at (0,0) size 800x222
  LayoutBlockFlow {HTML} at (0,0) size 800x222
    LayoutBlockFlow {BODY} at (8,8) size 784x198
      LayoutBlockFlow {DIV} at (0,0) size 784x20
        LayoutText {#text} at (0,0) size 78x19
          text run at (0,0) width 78: "This is a test "
        LayoutInline {<pseudo:after>} at (0,0) size 171x19
          LayoutTextFragment (anonymous) at (78,0) size 171x19
            text run at (78,0) width 171: "and generated hover content"
      LayoutBlockFlow {P} at (0,46) size 784x40
        LayoutText {#text} at (0,0) size 50x19
          text run at (0,0) width 50: "Test for "
        LayoutInline {I} at (0,0) size 780x39
          LayoutInline {A} at (0,0) size 351x19 [color=#0000EE]
            LayoutText {#text} at (49,0) size 351x19
              text run at (49,0) width 351: "http://bugzilla.opendarwin.org/show_bug.cgi?id=6431"
          LayoutText {#text} at (399,0) size 780x39
            text run at (399,0) width 5: " "
            text run at (403,0) width 377: "REGRESSION: style change where :hover changes only an"
            text run at (0,20) width 155: ":after style doesn't work"
        LayoutText {#text} at (155,20) size 4x19
          text run at (155,20) width 4: "."
      LayoutBlockFlow {P} at (0,102) size 784x40
        LayoutText {#text} at (0,0) size 762x39
          text run at (0,0) width 484: "The line at the top of the page should read \x{201C}This is a test and generated content\x{201D} "
          text run at (484,0) width 278: "or \x{201C}This is a test and generated hover content\x{201D}"
          text run at (0,20) width 161: "depending on whether it is "
          text run at (161,20) width 53: "hovered."
      LayoutBlockFlow {P} at (0,158) size 784x40
        LayoutText {#text} at (0,0) size 757x39
          text run at (0,0) width 757: "To reproduce the bug outside of DumpRenderTree, mouse over the div several times, and the style change won't update every"
          text run at (0,20) width 29: "time "
          text run at (29,20) width 79: "like it should."
layer at (8,36) size 784x2 clip at (0,0) size 0x0
  LayoutBlockFlow {HR} at (0,28) size 784x2 [border: (1px inset #EEEEEE)]
caret: position 3 of child 0 {#text} of child 1 {DIV} of body
