layer at (0,0) size 800x600
  LayoutView at (0,0) size 800x600
layer at (0,0) size 800x600
  LayoutBlockFlow {HTML} at (0,0) size 800x600
    LayoutBlockFlow {BODY} at (8,8) size 784x584
      LayoutBlockFlow {H1} at (0,0) size 784x37
        LayoutText {#text} at (0,0) size 90x36
          text run at (0,0) width 90: "Blocks"
      LayoutBlockFlow {DIV} at (0,58.44) size 784x20
        LayoutInline {<pseudo:before>} at (0,0) size 32x19
          LayoutTextFragment (anonymous) at (0,0) size 32x19
            text run at (0,0) width 32: "Test: "
        LayoutText {#text} at (32,0) size 44x19
          text run at (32,0) width 44: "content"
      LayoutBlockFlow {DIV} at (0,78.44) size 784x20
        LayoutBlockFlow {<pseudo:before>} at (0,0) size 28x20
          LayoutTextFragment (anonymous) at (0,0) size 28x19
            text run at (0,0) width 28: "Test:"
        LayoutText {#text} at (28,0) size 44x19
          text run at (28,0) width 44: "content"
      LayoutBlockFlow {DIV} at (0,98.44) size 784x20
        LayoutTable {<pseudo:before>} at (0,0) size 28x20
          LayoutTableSection (anonymous) at (0,0) size 28x20
            LayoutTableRow (anonymous) at (0,0) size 28x20
              LayoutTableCell (anonymous) at (0,0) size 28x20 [r=0 c=0 rs=1 cs=1]
                LayoutTextFragment (anonymous) at (0,0) size 28x19
                  text run at (0,0) width 28: "Test:"
        LayoutText {#text} at (28,0) size 44x19
          text run at (28,0) width 44: "content"
      LayoutBlockFlow {H1} at (0,139.88) size 784x37
        LayoutText {#text} at (0,0) size 91x36
          text run at (0,0) width 91: "Inlines"
      LayoutBlockFlow (anonymous) at (0,198.31) size 784x60
        LayoutInline {SPAN} at (0,0) size 76x19
          LayoutInline {<pseudo:before>} at (0,0) size 32x19
            LayoutTextFragment (anonymous) at (0,0) size 32x19
              text run at (0,0) width 32: "Test: "
          LayoutText {#text} at (32,0) size 44x19
            text run at (32,0) width 44: "content"
        LayoutBR {BR} at (76,15) size 0x0
        LayoutInline {SPAN} at (0,0) size 72x19
          LayoutBlockFlow {<pseudo:before>} at (0,20) size 28x20
            LayoutTextFragment (anonymous) at (0,0) size 28x19
              text run at (0,0) width 28: "Test:"
          LayoutText {#text} at (28,20) size 44x19
            text run at (28,20) width 44: "content"
        LayoutBR {BR} at (72,35) size 0x0
        LayoutInline {SPAN} at (0,0) size 72x19
          LayoutTable {<pseudo:before>} at (0,40) size 28x20
            LayoutTableSection (anonymous) at (0,0) size 28x20
              LayoutTableRow (anonymous) at (0,0) size 28x20
                LayoutTableCell (anonymous) at (0,0) size 28x20 [r=0 c=0 rs=1 cs=1]
                  LayoutTextFragment (anonymous) at (0,0) size 28x19
                    text run at (0,0) width 28: "Test:"
          LayoutText {#text} at (28,40) size 44x19
            text run at (28,40) width 44: "content"
        LayoutBR {BR} at (72,55) size 0x0
