layer at (0,0) size 800x600
  LayoutView at (0,0) size 800x600
layer at (0,0) size 800x600
  LayoutBlockFlow {HTML} at (0,0) size 800x600
    LayoutBlockFlow {BODY} at (8,8) size 784x584 [color=#FF0000]
      LayoutBlockFlow {P} at (0,0) size 784x20
        LayoutText {#text} at (0,0) size 349x19
          text run at (0,0) width 349: "Should say \x{201C}BEFORE CONTENT AFTER CONTENT\x{201D}"
      LayoutTable {DIV} at (0,36) size 74x60
        LayoutTableSection (anonymous) at (0,0) size 74x60
          LayoutTableRow (anonymous) at (0,0) size 74x60
            LayoutTableCell (anonymous) at (0,0) size 74x60 [r=0 c=0 rs=1 cs=1]
              LayoutBlockFlow (anonymous) at (0,0) size 74x20
                LayoutInline {<pseudo:before>} at (0,0) size 59x19
                  LayoutTextFragment (anonymous) at (0,0) size 59x19
                    text run at (0,0) width 59: "BEFORE"
              LayoutBlockFlow {DIV} at (0,20) size 74x20
                LayoutText {#text} at (0,0) size 74x19
                  text run at (0,0) width 74: "CONTENT"
              LayoutBlockFlow (anonymous) at (0,40) size 74x20
                LayoutInline {<pseudo:after>} at (0,0) size 48x19
                  LayoutTextFragment (anonymous) at (0,0) size 48x19
                    text run at (0,0) width 48: "AFTER"
      LayoutBlockFlow (anonymous) at (0,96) size 784x20
        LayoutText {#text} at (0,0) size 74x19
          text run at (0,0) width 74: "CONTENT"
