layer at (0,0) size 800x600
  LayoutView at (0,0) size 800x600
layer at (0,0) size 800x36
  LayoutBlockFlow {HTML} at (0,0) size 800x36
    LayoutBlockFlow {BODY} at (8,8) size 784x20 [color=#0000FF]
      LayoutBlockFlow {DIV} at (0,0) size 784x20
        LayoutTable (anonymous) at (0,0) size 263x20
          LayoutTableSection (anonymous) at (0,0) size 263x20
            LayoutTableRow (anonymous) at (0,0) size 263x20
              LayoutTableCell {<pseudo:before>} at (0,0) size 188x20 [r=0 c=0 rs=1 cs=1]
                LayoutTextFragment (anonymous) at (0,0) size 188x19
                  text run at (0,0) width 188: "You should just see a single line"
              LayoutTableCell {DIV} at (188,0) size 4x20 [r=0 c=1 rs=1 cs=1]
                LayoutText {#text} at (0,0) size 4x19
                  text run at (0,0) width 4: " "
              LayoutTableCell {<pseudo:after>} at (192,0) size 71x20 [r=0 c=2 rs=1 cs=1]
                LayoutTextFragment (anonymous) at (0,0) size 71x19
                  text run at (0,0) width 71: "of blue text."
