layer at (0,0) size 800x600
  LayoutView at (0,0) size 800x600
layer at (0,0) size 800x168
  LayoutNGBlockFlow {HTML} at (0,0) size 800x168
    LayoutNGBlockFlow {BODY} at (8,8) size 784x152
      LayoutNGBlockFlow {INPUT} at (4,4) size 13x13
      LayoutText {#text} at (21,2) size 4x19
        text run at (21,2) width 4: " "
      LayoutNGBlockFlow {INPUT} at (29,4) size 13x13
      LayoutText {#text} at (0,0) size 0x0
      LayoutBR {BR} at (46,2) size 0x0
      LayoutNGBlockFlow {INPUT} at (4,26) size 13x13
      LayoutText {#text} at (21,24) size 4x19
        text run at (21,24) width 4: " "
      LayoutNGBlockFlow {INPUT} at (29,26) size 13x13
      LayoutText {#text} at (0,0) size 0x0
      LayoutBR {BR} at (46,24) size 0x0
      LayoutNGBlockFlow {INPUT} at (4,48) size 13x13
      LayoutText {#text} at (0,0) size 0x0
      LayoutBR {BR} at (21,46) size 0x0
      LayoutNGBlockFlow {INPUT} at (4,70) size 13x13
      LayoutText {#text} at (0,0) size 0x0
      LayoutBR {BR} at (21,68) size 0x0
      LayoutNGBlockFlow {INPUT} at (4,92) size 8x13
      LayoutText {#text} at (16,90) size 4x19
        text run at (16,90) width 4: " "
      LayoutNGBlockFlow {INPUT} at (24,92) size 16x13
      LayoutText {#text} at (44,90) size 4x19
        text run at (44,90) width 4: " "
      LayoutNGBlockFlow {INPUT} at (52,92) size 24x13
      LayoutText {#text} at (0,0) size 0x0
      LayoutBR {BR} at (80,90) size 0x0
      LayoutNGBlockFlow {INPUT} at (6,125) size 19x19
      LayoutText {#text} at (31,129) size 4x19
        text run at (31,129) width 4: " "
      LayoutNGBlockFlow {INPUT} at (43,118) size 26x26
      LayoutText {#text} at (0,0) size 0x0
      LayoutBR {BR} at (77,129) size 0x0
