layer at (0,0) size 800x600
  LayoutView at (0,0) size 800x600
layer at (0,0) size 800x600
  LayoutBlockFlow {HTML} at (0,0) size 800x600
    LayoutBlockFlow {BODY} at (8,8) size 784x584
      LayoutBlockFlow (anonymous) at (0,0) size 784x20
        LayoutText {#text} at (0,0) size 356x19
          text run at (0,0) width 356: "This tests that a child style can override the :visited style."
        LayoutInline {A} at (0,0) size 0x0 [color=#FF0000]
          LayoutText {#text} at (0,0) size 0x0
      LayoutBlockFlow (anonymous) at (0,20) size 784x20 [color=#FF0000]
        LayoutBlockFlow {DIV} at (0,0) size 784x20 [color=#008000]
          LayoutText {#text} at (0,0) size 267x19
            text run at (0,0) width 267: "This text should be green (and underlined)"
      LayoutBlockFlow (anonymous) at (0,40) size 784x0
        LayoutInline {A} at (0,0) size 0x0 [color=#FF0000]
        LayoutText {#text} at (0,0) size 0x0
      LayoutBlockFlow {DIV} at (0,40) size 784x20 [color=#008000]
        LayoutText {#text} at (0,0) size 159x19
          text run at (0,0) width 159: "This text should be green"
