layer at (0,0) size 800x600
  LayoutView at (0,0) size 800x600
layer at (0,0) size 800x600
  LayoutNGBlockFlow {HTML} at (0,0) size 800x600
    LayoutNGBlockFlow {BODY} at (8,8) size 784x584
      LayoutNGBlockFlow {P} at (0,0) size 784x20
        LayoutText {#text} at (0,0) size 52x19
          text run at (0,0) width 52: "Test for "
        LayoutInline {I} at (0,0) size 709x19
          LayoutInline {A} at (0,0) size 302x19 [color=#0000EE]
            LayoutText {#text} at (51,0) size 302x19
              text run at (51,0) width 302: "http://bugs.webkit.org/show_bug.cgi?id=13800"
          LayoutText {#text} at (352,0) size 408x19
            text run at (352,0) width 408: " REGRESSION: Moving a slider moves another unrelated slider"
        LayoutText {#text} at (759,0) size 5x19
          text run at (759,0) width 5: "."
      LayoutNGBlockFlow {P} at (0,36) size 784x20
        LayoutText {#text} at (0,0) size 282x19
          text run at (0,0) width 282: "The first slider\x{2019}s thumb should be on the left."
      LayoutNGBlockFlow {DIV} at (0,72) size 784x50
        LayoutSlider {INPUT} at (2,2) size 129x21 [color=#9D968E] [bgcolor=#FFFFFF]
          LayoutFlexibleBox {DIV} at (0,0) size 129x21
            LayoutBlockFlow {DIV} at (0,0) size 129x21
              LayoutBlockFlow {DIV} at (0,0) size 11x21
        LayoutBR {BR} at (133,23) size 0x0
        LayoutSlider {INPUT} at (2,27) size 129x21 [color=#9D968E] [bgcolor=#FFFFFF]
          LayoutFlexibleBox {DIV} at (0,0) size 129x21
            LayoutBlockFlow {DIV} at (0,0) size 129x21
              LayoutBlockFlow {DIV} at (118,0) size 11x21
        LayoutText {#text} at (0,0) size 0x0
