layer at (0,0) size 800x600
  LayoutView at (0,0) size 800x600
layer at (0,0) size 800x124
  LayoutBlockFlow {HTML} at (0,0) size 800x124
    LayoutBlockFlow {BODY} at (8,16) size 784x92
      LayoutBlockFlow {P} at (0,0) size 784x20
        LayoutText {#text} at (0,0) size 270x19
          text run at (0,0) width 270: "The following paragraphs should be identical:"
      LayoutBlockFlow {P} at (0,36) size 784x20
        LayoutText {#text} at (0,0) size 231x19
          text run at (0,0) width 231: "This should be in a normal weight font."
      LayoutBlockFlow {P} at (0,72) size 784x20
        LayoutText {#text} at (0,0) size 231x19
          text run at (0,0) width 231: "This should be in a normal weight font."
