layer at (0,0) size 800x600
  LayoutView at (0,0) size 800x600
layer at (0,0) size 800x120
  LayoutBlockFlow {HTML} at (0,0) size 800x120
    LayoutBlockFlow {BODY} at (8,16) size 784x96 [color=#0000FF]
      LayoutBlockFlow {P} at (0,0) size 784x20
        LayoutText {#text} at (0,0) size 620x19
          text run at (0,0) width 620: "There should be three solid bars of colour below, each longer than the last, each of the colour specified."
      LayoutBlockFlow {DIV} at (0,36) size 784x20
        LayoutText {#text} at (0,0) size 34x19
          text run at (0,0) width 34: "Blue: "
        LayoutInline {SPAN} at (0,0) size 15x15
          LayoutText {#text} at (34,5) size 15x15
            text run at (34,5) width 15: "X"
        LayoutInline {SPAN} at (0,0) size 15x15
          LayoutText {#text} at (49,5) size 15x15
            text run at (49,5) width 15: "X"
        LayoutImage {IMG} at (64,5) size 15x15 [color=#FF0000]
        LayoutText {#text} at (0,0) size 0x0
      LayoutBlockFlow {DIV} at (0,56) size 784x20
        LayoutText {#text} at (0,0) size 52x19
          text run at (0,0) width 52: "Orange: "
        LayoutInline {SPAN} at (0,0) size 15x15 [color=#FFA500]
          LayoutText {#text} at (52,5) size 15x15
            text run at (52,5) width 15: "X"
        LayoutInline {SPAN} at (0,0) size 15x15 [color=#FFA500]
          LayoutText {#text} at (67,5) size 15x15
            text run at (67,5) width 15: "X"
        LayoutInline {SPAN} at (0,0) size 15x15 [color=#FFA500]
          LayoutText {#text} at (82,5) size 15x15
            text run at (82,5) width 15: "X"
        LayoutInline {SPAN} at (0,0) size 15x15 [color=#FFA500]
          LayoutText {#text} at (97,5) size 15x15
            text run at (97,5) width 15: "X"
        LayoutImage {IMG} at (112,5) size 15x15 [color=#FF0000]
        LayoutText {#text} at (0,0) size 0x0
      LayoutBlockFlow {DIV} at (0,76) size 784x20
        LayoutText {#text} at (0,0) size 37x19
          text run at (0,0) width 37: "Lime: "
        LayoutInline {SPAN} at (0,0) size 15x15 [color=#00FF00]
          LayoutText {#text} at (37,5) size 15x15
            text run at (37,5) width 15: "X"
        LayoutInline {SPAN} at (0,0) size 15x15 [color=#00FF00]
          LayoutText {#text} at (52,5) size 15x15
            text run at (52,5) width 15: "X"
        LayoutInline {SPAN} at (0,0) size 15x15 [color=#00FF00]
          LayoutText {#text} at (67,5) size 15x15
            text run at (67,5) width 15: "X"
        LayoutInline {SPAN} at (0,0) size 15x15 [color=#00FF00]
          LayoutText {#text} at (82,5) size 15x15
            text run at (82,5) width 15: "X"
        LayoutInline {SPAN} at (0,0) size 15x15 [color=#00FF00]
          LayoutText {#text} at (97,5) size 15x15
            text run at (97,5) width 15: "X"
        LayoutInline {SPAN} at (0,0) size 15x15 [color=#00FF00]
          LayoutText {#text} at (112,5) size 15x15
            text run at (112,5) width 15: "X"
        LayoutInline {SPAN} at (0,0) size 15x15 [color=#00FF00]
          LayoutText {#text} at (127,5) size 15x15
            text run at (127,5) width 15: "X"
        LayoutInline {SPAN} at (0,0) size 15x15 [color=#00FF00]
          LayoutText {#text} at (142,5) size 15x15
            text run at (142,5) width 15: "X"
        LayoutInline {SPAN} at (0,0) size 15x15 [color=#00FF00]
          LayoutText {#text} at (157,5) size 15x15
            text run at (157,5) width 15: "X"
        LayoutInline {SPAN} at (0,0) size 15x15 [color=#00FF00]
          LayoutText {#text} at (172,5) size 15x15
            text run at (172,5) width 15: "X"
        LayoutInline {SPAN} at (0,0) size 15x15 [color=#00FF00]
          LayoutText {#text} at (187,5) size 15x15
            text run at (187,5) width 15: "X"
        LayoutInline {SPAN} at (0,0) size 15x15 [color=#00FF00]
          LayoutText {#text} at (202,5) size 15x15
            text run at (202,5) width 15: "X"
        LayoutImage {IMG} at (217,5) size 15x15 [color=#FF0000]
        LayoutText {#text} at (0,0) size 0x0
