layer at (0,0) size 800x600
  LayoutView at (0,0) size 800x600
layer at (0,0) size 800x160
  LayoutBlockFlow {HTML} at (0,0) size 800x160
    LayoutBlockFlow {BODY} at (8,16) size 784x128 [color=#000080]
      LayoutBlockFlow {P} at (0,0) size 784x20
        LayoutText {#text} at (0,0) size 299x19
          text run at (0,0) width 299: "These four lines should look identical, to the pixel."
      LayoutBlockFlow {P} at (0,36) size 784x20
        LayoutText {#text} at (0,0) size 299x19
          text run at (0,0) width 299: "These four lines should look identical, to the pixel."
      LayoutBlockFlow {P} at (0,72) size 784x20
        LayoutText {#text} at (0,0) size 299x19
          text run at (0,0) width 299: "These four lines should look identical, to the pixel."
      LayoutBlockFlow {P} at (0,108) size 784x20
        LayoutText {#text} at (0,0) size 299x19
          text run at (0,0) width 299: "These four lines should look identical, to the pixel."
