layer at (0,0) size 800x600
  LayoutView at (0,0) size 800x600
layer at (0,0) size 800x88
  LayoutBlockFlow {HTML} at (0,0) size 800x88
    LayoutBlockFlow {BODY} at (8,16) size 784x56
      LayoutBlockFlow {P} at (0,0) size 784x20 [color=#008000] [bgcolor=#FFFFFF]
        LayoutText {#text} at (0,0) size 128x19
          text run at (0,0) width 128: "This should be green."
      LayoutBlockFlow {P} at (0,36) size 784x20 [color=#008000] [bgcolor=#FFFFFF]
        LayoutText {#text} at (0,0) size 128x19
          text run at (0,0) width 128: "This should be green."
