layer at (0,0) size 800x600
  LayoutView at (0,0) size 800x600
layer at (0,0) size 800x160
  LayoutBlockFlow {HTML} at (0,0) size 800x160
    LayoutBlockFlow {BODY} at (8,16) size 784x128
      LayoutBlockFlow {P} at (0,0) size 784x20
        LayoutText {#text} at (0,0) size 242x19
          text run at (0,0) width 242: "There should be three green lines below."
      LayoutBlockFlow {P} at (0,36) size 784x20 [color=#FFFFFF] [bgcolor=#FF0000]
        LayoutText {#text} at (0,0) size 152x19
          text run at (0,0) width 152: "This line should be green."
      LayoutBlockFlow {P} at (0,72) size 784x20 [color=#FFFFFF] [bgcolor=#FF0000]
        LayoutText {#text} at (0,0) size 152x19
          text run at (0,0) width 152: "This line should be green."
      LayoutBlockFlow {P} at (0,108) size 784x20 [color=#FFFFFF] [bgcolor=#FF0000]
        LayoutText {#text} at (0,0) size 152x19
          text run at (0,0) width 152: "This line should be green."
