layer at (0,0) size 800x600
  LayoutView at (0,0) size 800x600
layer at (0,0) size 800x220
  LayoutBlockFlow {HTML} at (0,0) size 800x220
    LayoutBlockFlow {BODY} at (8,16) size 784x188 [color=#000080]
      LayoutBlockFlow {P} at (0,0) size 784x20
        LayoutText {#text} at (0,0) size 329x19
          text run at (0,0) width 329: "The next four blocks should look identical, to the pixel."
      LayoutBlockFlow {P} at (0,36) size 784x26 [border: (3px solid #000080)]
        LayoutText {#text} at (3,3) size 25x19
          text run at (3,3) width 25: "Test"
      LayoutBlockFlow {P} at (0,78) size 784x26 [border: (3px solid #000080)]
        LayoutText {#text} at (3,3) size 25x19
          text run at (3,3) width 25: "Test"
      LayoutBlockFlow {P} at (0,120) size 784x26 [border: (3px solid #000080)]
        LayoutText {#text} at (3,3) size 25x19
          text run at (3,3) width 25: "Test"
      LayoutBlockFlow {P} at (0,162) size 784x26 [border: (3px solid #000080)]
        LayoutText {#text} at (3,3) size 25x19
          text run at (3,3) width 25: "Test"
