layer at (0,0) size 800x600
  LayoutView at (0,0) size 800x600
layer at (0,0) size 800x120
  LayoutBlockFlow {HTML} at (0,0) size 800x120
    LayoutBlockFlow {BODY} at (8,16) size 784x88 [color=#008000]
      LayoutBlockFlow {P} at (0,0) size 784x20 [color=#FF0000]
        LayoutInline {SPAN} at (0,0) size 152x19 [color=#008000]
          LayoutText {#text} at (0,0) size 152x19
            text run at (0,0) width 152: "This line should be green."
        LayoutText {#text} at (0,0) size 0x0
      LayoutBlockFlow {PRE} at (0,36) size 784x16
        LayoutText {#text} at (0,0) size 224x16
          text run at (0,0) width 224: " This line should be green. "
      LayoutBlockFlow {UL} at (0,68) size 784x20
        LayoutListItem {LI} at (40,0) size 744x20
          LayoutListMarker (anonymous) at (-18,0) size 7x19: bullet
          LayoutText {#text} at (0,0) size 152x19
            text run at (0,0) width 152: "This line should be green."
