layer at (0,0) size 800x600
  LayoutView at (0,0) size 800x600
layer at (0,0) size 800x108
  LayoutBlockFlow {HTML} at (0,0) size 800x108
    LayoutBlockFlow {BODY} at (8,16) size 784x76 [color=#FF0000]
      LayoutBlockFlow {P} at (0,0) size 784x20 [color=#008000]
        LayoutText {#text} at (0,0) size 152x19
          text run at (0,0) width 152: "This line should be green."
      LayoutBlockFlow {UL} at (0,36) size 784x40
        LayoutListItem {LI} at (40,0) size 744x40
          LayoutBlockFlow (anonymous) at (0,0) size 744x20
            LayoutInline {SPAN} at (0,0) size 152x19 [color=#008000]
              LayoutText {#text} at (0,0) size 152x19
                text run at (0,0) width 152: "This line should be green."
            LayoutText {#text} at (0,0) size 0x0
          LayoutBlockFlow {UL} at (0,20) size 744x20
            LayoutListItem {LI} at (40,0) size 704x20 [color=#008000]
              LayoutText {#text} at (0,0) size 152x19
                text run at (0,0) width 152: "This line should be green."
