layer at (0,0) size 800x600
  LayoutView at (0,0) size 800x600
layer at (0,0) size 800x228
  LayoutBlockFlow {HTML} at (0,0) size 800x228
    LayoutBlockFlow {BODY} at (8,16) size 784x196 [color=#FF0000]
      LayoutBlockFlow {P} at (0,0) size 784x20 [color=#008000]
        LayoutText {#text} at (0,0) size 184x19
          text run at (0,0) width 184: "This sentence should be green."
      LayoutBlockFlow {DIV} at (0,36) size 784x20 [color=#008000]
        LayoutBlockFlow {P} at (0,0) size 784x20
          LayoutText {#text} at (0,0) size 184x19
            text run at (0,0) width 184: "This sentence should be green."
      LayoutBlockFlow {P} at (0,72) size 784x20 [color=#008000]
        LayoutText {#text} at (0,0) size 184x19
          text run at (0,0) width 184: "This sentence should be green."
      LayoutBlockFlow {P} at (0,108) size 784x20 [color=#008000]
        LayoutText {#text} at (0,0) size 184x19
          text run at (0,0) width 184: "This sentence should be green."
      LayoutBlockFlow {DIV} at (0,144) size 784x16 [color=#008000]
        LayoutBlockFlow {PRE} at (0,0) size 784x16
          LayoutText {#text} at (0,0) size 240x16
            text run at (0,0) width 240: "This sentence should be green."
      LayoutBlockFlow {DIV} at (0,176) size 784x20 [color=#008000]
        LayoutBlockFlow {UL} at (0,0) size 784x20
          LayoutListItem {LI} at (40,0) size 744x20
            LayoutListMarker (anonymous) at (-18,0) size 7x19: bullet
            LayoutText {#text} at (0,0) size 184x19
              text run at (0,0) width 184: "This sentence should be green."
