layer at (0,0) size 800x600
  LayoutView at (0,0) size 800x600
layer at (0,0) size 800x116
  LayoutBlockFlow {HTML} at (0,0) size 800x116
    LayoutBlockFlow {BODY} at (8,8) size 784x92
      LayoutBlockFlow {DIV} at (0,0) size 784x20
        LayoutText {#text} at (0,0) size 240x19
          text run at (0,0) width 240: "There should be two lines of text below."
      LayoutBlockFlow {P} at (0,36) size 784x20 [color=#FF0000]
        LayoutText {#text} at (0,0) size 207x19
          text run at (0,0) width 207: "This line should be white on green."
      LayoutBlockFlow {P} at (0,72) size 784x20 [color=#FF0000]
        LayoutText {#text} at (0,0) size 207x19
          text run at (0,0) width 207: "This line should be white on green."
