layer at (0,0) size 800x600
  LayoutView at (0,0) size 800x600
layer at (0,0) size 800x52
  LayoutBlockFlow {HTML} at (0,0) size 800x52
    LayoutBlockFlow {BODY} at (8,16) size 784x20
      LayoutBlockFlow {P} at (0,0) size 784x20
        LayoutInline {A} at (0,0) size 153x19 [color=#008000]
          LayoutText {#text} at (0,0) size 153x19
            text run at (0,0) width 153: "This link should be green."
        LayoutText {#text} at (153,0) size 211x19
          text run at (153,0) width 211: " (do not hover over it or activate it)"
