layer at (0,0) size 800x600
  LayoutView at (0,0) size 800x600
layer at (0,0) size 800x247
  LayoutBlockFlow {HTML} at (0,0) size 800x247
    LayoutBlockFlow {BODY} at (8,16) size 784x215 [color=#0000FF]
      LayoutBlockFlow {P} at (0,0) size 784x40
        LayoutInline {<pseudo:first-letter>} at (0,0) size 9x19 [color=#008000]
          LayoutTextFragment (anonymous) at (0,0) size 9x19
            text run at (0,0) width 9: "T"
        LayoutTextFragment {#text} at (9,0) size 18x19
          text run at (9,0) width 18: "he "
        LayoutInline {STRONG} at (0,0) size 67x19
          LayoutText {#text} at (27,0) size 67x19
            text run at (27,0) width 67: "first letter"
        LayoutText {#text} at (94,0) size 286x19
          text run at (94,0) width 194: " of this paragraph, and only that "
          text run at (288,0) width 92: "one, should be "
        LayoutInline {STRONG} at (0,0) size 38x19
          LayoutText {#text} at (380,0) size 38x19
            text run at (380,0) width 38: "green"
        LayoutText {#text} at (418,0) size 760x39
          text run at (418,0) width 169: ". If this precise combination "
          text run at (587,0) width 173: "does not occur, then the user"
          text run at (0,20) width 145: "agent has failed this test."
      LayoutBlockFlow {P} at (0,56) size 784x57
        LayoutInline {<pseudo:first-letter>} at (0,0) size 19x36 [color=#008000]
          LayoutTextFragment (anonymous) at (0,0) size 19x36
            text run at (0,0) width 19: "T"
        LayoutTextFragment {#text} at (19,13) size 18x19
          text run at (19,13) width 18: "he "
        LayoutInline {STRONG} at (0,0) size 67x19
          LayoutText {#text} at (37,13) size 67x19
            text run at (37,13) width 67: "first letter"
        LayoutText {#text} at (104,13) size 311x19
          text run at (104,13) width 194: " of this paragraph, and only that "
          text run at (298,13) width 117: "one, should be in a "
        LayoutInline {STRONG} at (0,0) size 40x19
          LayoutText {#text} at (415,13) size 40x19
            text run at (415,13) width 40: "larger"
        LayoutText {#text} at (455,13) size 123x19
          text run at (455,13) width 123: " font size, as well as "
        LayoutInline {STRONG} at (0,0) size 38x19
          LayoutText {#text} at (578,13) size 38x19
            text run at (578,13) width 38: "green"
        LayoutText {#text} at (616,13) size 781x43
          text run at (616,13) width 165: ". If this precise combination"
          text run at (0,37) width 97: "does not occur, "
          text run at (97,37) width 225: "then the user agent has failed this test."
      LayoutBlockFlow {P} at (0,129) size 784x86
        LayoutInline {<pseudo:first-letter>} at (0,0) size 58x64 [color=#008000]
          LayoutTextFragment (anonymous) at (0,1) size 58x64
            text run at (0,1) width 58: "\"T"
        LayoutTextFragment {#text} at (58,36) size 18x19
          text run at (58,36) width 18: "he "
        LayoutInline {STRONG} at (0,0) size 128x19
          LayoutText {#text} at (76,36) size 128x19
            text run at (76,36) width 128: "first two characters"
        LayoutText {#text} at (204,36) size 434x19
          text run at (204,36) width 123: " in this paragraph (a "
          text run at (327,36) width 311: "double-quote mark and a capital 'T') should be in a "
        LayoutInline {STRONG} at (0,0) size 79x19
          LayoutText {#text} at (638,36) size 79x19
            text run at (638,36) width 39: "much "
            text run at (677,36) width 40: "larger"
        LayoutText {#text} at (717,36) size 770x49
          text run at (717,36) width 53: " font size"
          text run at (0,66) width 210: "than the rest of the paragraph, and "
        LayoutInline {STRONG} at (0,0) size 38x19
          LayoutText {#text} at (210,66) size 38x19
            text run at (210,66) width 38: "green"
        LayoutText {#text} at (248,66) size 491x19
          text run at (248,66) width 266: ". If this precise combination does not occur, "
          text run at (514,66) width 225: "then the user agent has failed this test."
