layer at (0,0) size 800x600
  LayoutView at (0,0) size 800x600
layer at (0,0) size 800x52
  LayoutBlockFlow {HTML} at (0,0) size 800x52
    LayoutBlockFlow {BODY} at (8,16) size 784x20
      LayoutBlockFlow {P} at (0,0) size 784x20
        LayoutInline {A} at (0,0) size 238x19 [color=#0000FF]
          LayoutText {#text} at (0,0) size 238x19
            text run at (0,0) width 238: "If you focus this link, it should go green."
