layer at (0,0) size 800x600
  LayoutView at (0,0) size 800x600
layer at (0,0) size 800x160
  LayoutBlockFlow {HTML} at (0,0) size 800x160
    LayoutBlockFlow {BODY} at (8,16) size 784x128 [color=#000080]
      LayoutBlockFlow {P} at (0,0) size 784x20
        LayoutText {#text} at (0,0) size 212x19
          text run at (0,0) width 212: "This should be blue and underlined."
      LayoutBlockFlow {P} at (0,36) size 784x20
        LayoutText {#text} at (0,0) size 273x19
          text run at (0,0) width 273: "This sentence should be underlined, including "
        LayoutInline {CODE} at (0,0) size 72x16
          LayoutText {#text} at (273,3) size 72x16
            text run at (273,3) width 72: "this part"
        LayoutText {#text} at (345,0) size 8x19
          text run at (345,0) width 8: ", "
        LayoutInline {CITE} at (0,0) size 54x19
          LayoutText {#text} at (353,0) size 54x19
            text run at (353,0) width 54: "this part"
        LayoutText {#text} at (407,0) size 8x19
          text run at (407,0) width 8: ", "
        LayoutInline {EM} at (0,0) size 54x19
          LayoutText {#text} at (415,0) size 54x19
            text run at (415,0) width 54: "this part"
        LayoutText {#text} at (469,0) size 34x19
          text run at (469,0) width 8: ", "
          text run at (477,0) width 26: "and "
        LayoutInline {STRONG} at (0,0) size 55x19
          LayoutText {#text} at (503,0) size 55x19
            text run at (503,0) width 55: "this part"
        LayoutText {#text} at (558,0) size 4x19
          text run at (558,0) width 4: "."
      LayoutBlockFlow {P} at (0,72) size 784x20
        LayoutText {#text} at (0,0) size 373x19
          text run at (0,0) width 279: "This sentence should also be underlined, as "
          text run at (279,0) width 94: "well as italics, "
        LayoutInline {STRONG} at (0,0) size 125x19
          LayoutText {#text} at (373,0) size 125x19
            text run at (373,0) width 125: "including this part"
        LayoutText {#text} at (498,0) size 4x19
          text run at (498,0) width 4: "."
      LayoutBlockFlow {P} at (0,108) size 784x20
        LayoutText {#text} at (0,0) size 317x19
          text run at (0,0) width 317: "This sentence should be blue but not underlined, like "
        LayoutInline {STRONG} at (0,0) size 55x19
          LayoutText {#text} at (317,0) size 55x19
            text run at (317,0) width 55: "this part"
        LayoutText {#text} at (372,0) size 31x19
          text run at (372,0) width 31: ", but "
        LayoutInline {EM} at (0,0) size 191x19
          LayoutText {#text} at (403,0) size 191x19
            text run at (403,0) width 191: "this part should be underlined"
        LayoutText {#text} at (594,0) size 4x19
          text run at (594,0) width 4: "."
