layer at (0,0) size 800x600
  LayoutView at (0,0) size 800x600
layer at (0,0) size 800x84
  LayoutBlockFlow {HTML} at (0,0) size 800x84
    LayoutBlockFlow {BODY} at (8,8) size 784x68 [color=#0000FF]
      LayoutTable {TABLE} at (0,0) size 682x68
        LayoutTableSection {TBODY} at (0,0) size 682x68
          LayoutTableRow {TR} at (0,2) size 682x26
            LayoutTableCell {TD} at (2,2) size 678x26 [border: (2px solid #0000FF)] [r=0 c=0 rs=1 cs=2]
              LayoutText {#text} at (3,3) size 312x19
                text run at (3,3) width 312: "There should be a blue border around this sentence."
          LayoutTableRow {TR} at (0,30) size 682x36
            LayoutTableCell {TD} at (2,35) size 318x26 [border: (2px solid #0000FF)] [r=1 c=0 rs=1 cs=1]
              LayoutText {#text} at (3,3) size 312x19
                text run at (3,3) width 312: "There should be a blue border around this sentence."
            LayoutTableCell {TD} at (322,30) size 358x36 [border: (2px solid #0000FF)] [r=1 c=1 rs=1 cs=1]
              LayoutTable {TABLE} at (3,3) size 352x30
                LayoutTableSection {TBODY} at (0,0) size 352x30
                  LayoutTableRow {TR} at (0,2) size 352x26
                    LayoutTableCell {TD} at (2,2) size 348x26 [border: (2px solid #0000FF)] [r=0 c=0 rs=1 cs=1]
                      LayoutText {#text} at (3,3) size 101x19
                        text run at (3,3) width 101: "There should be "
                      LayoutInline {STRONG} at (0,0) size 111x19
                        LayoutInline {EM} at (0,0) size 24x19
                          LayoutText {#text} at (104,3) size 24x19
                            text run at (104,3) width 24: "two"
                        LayoutText {#text} at (128,3) size 87x19
                          text run at (128,3) width 87: " blue borders"
                      LayoutText {#text} at (215,3) size 130x19
                        text run at (215,3) width 130: " around this sentence."
