layer at (0,0) size 800x600
  LayoutView at (0,0) size 800x600
layer at (0,0) size 800x346
  LayoutBlockFlow {HTML} at (0,0) size 800x346
    LayoutBlockFlow {BODY} at (8,8) size 784x330
      LayoutBlockFlow {P} at (0,0) size 784x20
        LayoutText {#text} at (0,0) size 392x19
          text run at (0,0) width 392: "The two diagrams below should be identical, with no red present."
      LayoutTable {TABLE} at (0,20) size 218x310
        LayoutTableSection {TBODY} at (0,0) size 218x310
          LayoutTableRow {TR} at (0,2) size 218x306
            LayoutTableCell {TD} at (2,2) size 106x305.98 [color=#FFA500] [bgcolor=#FFFF00] [border: (3px solid #000000)] [r=0 c=0 rs=1 cs=1]
              LayoutBlockFlow {P} at (3,3) size 100x10 [bgcolor=#008080]
                LayoutText {#text} at (0,0) size 70x10
                  text run at (0,0) width 70: "xxxxxxx"
              LayoutBlockFlow {P} at (3,13) size 100x10 [bgcolor=#008080]
                LayoutText {#text} at (0,0) size 40x10
                  text run at (0,0) width 40: "xxxx"
              LayoutBlockFlow {P} at (3,23) size 100x20 [bgcolor=#00FFFF]
                LayoutText {#text} at (0,0) size 70x20
                  text run at (0,0) width 70: "xxxxxxx"
                  text run at (0,10) width 40: "xxxx"
              LayoutBlockFlow {P} at (3,62.98) size 100x20 [bgcolor=#0000FF]
                LayoutText {#text} at (0,0) size 70x20
                  text run at (0,0) width 70: "xxxxxxx"
                  text run at (0,10) width 40: "xxxx"
              LayoutBlockFlow {P} at (3,102.98) size 100x20 [bgcolor=#00FFFF]
                LayoutText {#text} at (0,0) size 70x20
                  text run at (0,0) width 70: "xxxxxxx"
                  text run at (0,10) width 40: "xxxx"
              LayoutBlockFlow {P} at (3,142.98) size 100x20 [bgcolor=#008080]
                LayoutText {#text} at (0,0) size 70x20
                  text run at (0,0) width 70: "xxxxxxx"
                  text run at (0,10) width 40: "xxxx"
              LayoutBlockFlow {UL} at (3,182.98) size 100x60 [bgcolor=#0000FF]
                LayoutListItem {LI} at (0,0) size 100x10
                  LayoutText {#text} at (0,0) size 70x10
                    text run at (0,0) width 70: "xxxxxxx"
                LayoutListItem {LI} at (0,10) size 100x10
                  LayoutText {#text} at (0,0) size 40x10
                    text run at (0,0) width 40: "xxxx"
                LayoutListItem {LI} at (0,20) size 100x10
                  LayoutText {#text} at (0,0) size 70x10
                    text run at (0,0) width 70: "xxxxxxx"
                LayoutListItem {LI} at (0,50) size 100x10
                  LayoutText {#text} at (0,0) size 40x10
                    text run at (0,0) width 40: "xxxx"
              LayoutBlockFlow {P} at (3,262.98) size 100x20 [bgcolor=#008080]
                LayoutText {#text} at (0,0) size 70x20
                  text run at (0,0) width 70: "xxxxxxx"
                  text run at (0,10) width 40: "xxxx"
              LayoutBlockFlow {P} at (3,282.98) size 100x20 [bgcolor=#00FFFF]
                LayoutText {#text} at (0,0) size 70x20
                  text run at (0,0) width 70: "xxxxxxx"
                  text run at (0,10) width 40: "xxxx"
              LayoutBlockFlow {P} at (3,292.98) size 100x10 [bgcolor=#008080]
                LayoutText {#text} at (0,0) size 40x10
                  text run at (0,0) width 40: "xxxx"
            LayoutTableCell {TD} at (110,2) size 106x306 [bgcolor=#FF0000] [border: (3px solid #000000)] [r=0 c=1 rs=1 cs=1]
              LayoutBlockFlow {DIV} at (3,3) size 100x20 [bgcolor=#008080]
                LayoutBlockFlow {DIV} at (0,0) size 70x10 [bgcolor=#FFA500]
                LayoutBlockFlow {DIV} at (0,10) size 40x10 [bgcolor=#FFA500]
              LayoutBlockFlow {DIV} at (3,23) size 100x20 [bgcolor=#00FFFF]
                LayoutBlockFlow {DIV} at (0,0) size 70x10 [bgcolor=#FFA500]
                LayoutBlockFlow {DIV} at (0,10) size 40x10 [bgcolor=#FFA500]
              LayoutBlockFlow {DIV} at (3,43) size 100x20 [bgcolor=#FFFF00]
                LayoutBlockFlow {DIV} at (0,0) size 100x20
              LayoutBlockFlow {DIV} at (3,63) size 100x20 [bgcolor=#0000FF]
                LayoutBlockFlow {DIV} at (0,0) size 70x10 [bgcolor=#FFA500]
                LayoutBlockFlow {DIV} at (0,10) size 40x10 [bgcolor=#FFA500]
              LayoutBlockFlow {DIV} at (3,83) size 100x20 [bgcolor=#FFFF00]
                LayoutBlockFlow {DIV} at (0,0) size 100x20
              LayoutBlockFlow {DIV} at (3,103) size 100x20 [bgcolor=#00FFFF]
                LayoutBlockFlow {DIV} at (0,0) size 70x10 [bgcolor=#FFA500]
                LayoutBlockFlow {DIV} at (0,10) size 40x10 [bgcolor=#FFA500]
              LayoutBlockFlow {DIV} at (3,123) size 100x20 [bgcolor=#FFFF00]
                LayoutBlockFlow {DIV} at (0,0) size 100x20
              LayoutBlockFlow {DIV} at (3,143) size 100x20 [bgcolor=#008080]
                LayoutBlockFlow {DIV} at (0,0) size 70x10 [bgcolor=#FFA500]
                LayoutBlockFlow {DIV} at (0,10) size 40x10 [bgcolor=#FFA500]
              LayoutBlockFlow {DIV} at (3,163) size 100x20 [bgcolor=#FFFF00]
                LayoutBlockFlow {DIV} at (0,0) size 100x20
              LayoutBlockFlow {DIV} at (3,183) size 100x30 [bgcolor=#0000FF]
                LayoutBlockFlow {DIV} at (0,0) size 70x10 [bgcolor=#FFA500]
                LayoutBlockFlow {DIV} at (0,10) size 40x10 [bgcolor=#FFA500]
                LayoutBlockFlow {DIV} at (0,20) size 70x10 [bgcolor=#FFA500]
              LayoutBlockFlow {DIV} at (3,213) size 100x20 [bgcolor=#0000FF]
                LayoutBlockFlow {DIV} at (0,0) size 100x20
              LayoutBlockFlow {DIV} at (3,233) size 100x10 [bgcolor=#0000FF]
                LayoutBlockFlow {DIV} at (0,0) size 40x10 [bgcolor=#FFA500]
              LayoutBlockFlow {DIV} at (3,243) size 100x20 [bgcolor=#FFFF00]
                LayoutBlockFlow {DIV} at (0,0) size 100x20
              LayoutBlockFlow {DIV} at (3,263) size 100x20 [bgcolor=#008080]
                LayoutBlockFlow {DIV} at (0,0) size 70x10 [bgcolor=#FFA500]
                LayoutBlockFlow {DIV} at (0,10) size 40x10 [bgcolor=#FFA500]
              LayoutBlockFlow {DIV} at (3,283) size 100x10 [bgcolor=#00FFFF]
                LayoutBlockFlow {DIV} at (0,0) size 70x10 [bgcolor=#FFA500]
              LayoutBlockFlow {DIV} at (3,293) size 100x10 [bgcolor=#008080]
                LayoutBlockFlow {DIV} at (0,0) size 40x10 [bgcolor=#FFA500]
