layer at (0,0) size 800x600
  LayoutView at (0,0) size 800x600
layer at (0,0) size 800x88
  LayoutBlockFlow {HTML} at (0,0) size 800x88
    LayoutBlockFlow {BODY} at (8,16) size 784x56
      LayoutBlockFlow {P} at (0,0) size 784x20
        LayoutText {#text} at (0,0) size 219x19
          text run at (0,0) width 219: "There should be no red on this page:"
      LayoutBlockFlow {P} at (0,36) size 784x20 [color=#FF0000]
        LayoutText {#text} at (0,0) size 4x19
          text run at (0,0) width 4: " "
