layer at (0,0) size 800x600
  LayoutView at (0,0) size 800x600
layer at (0,0) size 800x66
  LayoutBlockFlow {HTML} at (0,0) size 800x66
    LayoutBlockFlow {BODY} at (8,8) size 784x50
      LayoutBlockFlow {DIV} at (0,0) size 784x50
        LayoutBlockFlow {DIV} at (0,0) size 784x50 [color=#008000] [border: (15px solid #008000)]
          LayoutBlockFlow {P} at (15,15) size 754x20 [color=#000000] [bgcolor=#FFFFFF]
            LayoutText {#text} at (0,0) size 220x19
              text run at (0,0) width 220: "There should be no red on this page."
