layer at (0,0) size 800x600
  LayoutView at (0,0) size 800x600
layer at (0,0) size 800x210
  LayoutBlockFlow {HTML} at (0,0) size 800x210
    LayoutBlockFlow {BODY} at (8,16) size 784x178
      LayoutBlockFlow {P} at (0,0) size 764x81 [color=#0000FF] [border: none (10px double #0000FF) none]
        LayoutText {#text} at (0,0) size 343x19
          text run at (0,0) width 343: "This paragraph should have two blue lines on its right. \x{21E8} "
        LayoutInline {SPAN} at (0,0) size 736x80 [color=#C0C0C0]
          LayoutText {#text} at (343,0) size 736x80
            text run at (343,0) width 366: "dummy text dummy text dummy text dummy text dummy text"
            text run at (0,21) width 48: "dummy "
            text run at (48,21) width 444: "text dummy text dummy text dummy text dummy text dummy text dummy "
            text run at (492,21) width 244: "text dummy text dummy text dummy text"
            text run at (0,41) width 196: "dummy text dummy text dummy "
            text run at (196,41) width 444: "text dummy text dummy text dummy text dummy text dummy text dummy "
            text run at (640,41) width 96: "text dummy text"
            text run at (0,61) width 344: "dummy text dummy text dummy text dummy text dummy "
            text run at (344,61) width 318: "text dummy text dummy text dummy text dummy text"
        LayoutText {#text} at (0,0) size 0x0
      LayoutBlockFlow {P} at (0,97) size 764x81 [color=#0000FF] [border: none (1px solid #0000FF) none]
        LayoutText {#text} at (0,0) size 346x19
          text run at (0,0) width 346: "This paragraph should have a thin blue line on its right. \x{21E8} "
        LayoutInline {SPAN} at (0,0) size 762x80 [color=#C0C0C0]
          LayoutText {#text} at (346,0) size 762x80
            text run at (346,0) width 414: "dummy text dummy text dummy text dummy text dummy text dummy"
            text run at (0,21) width 444: "text dummy text dummy text dummy text dummy text dummy text dummy "
            text run at (444,21) width 318: "text dummy text dummy text dummy text dummy text"
            text run at (0,41) width 122: "dummy text dummy "
            text run at (122,41) width 444: "text dummy text dummy text dummy text dummy text dummy text dummy "
            text run at (566,41) width 170: "text dummy text dummy text"
            text run at (0,61) width 270: "dummy text dummy text dummy text dummy "
            text run at (270,61) width 318: "text dummy text dummy text dummy text dummy text"
        LayoutText {#text} at (0,0) size 0x0
