layer at (0,0) size 800x600
  LayoutView at (0,0) size 800x600
layer at (0,0) size 800x97
  LayoutBlockFlow {HTML} at (0,0) size 800x97
    LayoutBlockFlow {BODY} at (8,16) size 784x66
      LayoutBlockFlow {P} at (0,0) size 784x20
        LayoutText {#text} at (0,0) size 260x19
          text run at (0,0) width 260: "There should be a green vertical bar below:"
      LayoutBlockFlow {DIV} at (15,36) size 120x30 [color=#FFFFFF] [bgcolor=#FF0000]
        LayoutBlockFlow {P} at (0,0) size 105x30 [bgcolor=#FFFFFF]
          LayoutText {#text} at (0,0) size 15x15
            text run at (0,0) width 15: "x"
          LayoutInline {SPAN} at (0,0) size 15x15
            LayoutText {#text} at (60,15) size 15x15
              text run at (60,15) width 15: "x"
          LayoutText {#text} at (75,15) size 15x15
            text run at (75,15) width 15: "x"
