layer at (0,0) size 800x600
  LayoutView at (0,0) size 800x600
layer at (0,0) size 800x252
  LayoutBlockFlow {HTML} at (0,0) size 800x252
    LayoutBlockFlow {BODY} at (8,16) size 784x220 [color=#0000FF]
      LayoutBlockFlow {P} at (0,0) size 784x38
        LayoutText {#text} at (0,13) size 455x19
          text run at (0,13) width 455: "There should be a solid blue line to the left of every occurance of the word \""
        LayoutInline {SPAN} at (0,0) size 133x36 [border: none (2px solid #0000FF)]
          LayoutText {#text} at (457,0) size 131x36
            text run at (457,0) width 131: "\x{21E6}THERE"
        LayoutText {#text} at (588,13) size 9x19
          text run at (588,13) width 9: "\"."
      LayoutTable {TABLE} at (0,54) size 284x130
        LayoutTableSection {TBODY} at (0,0) size 284x130
          LayoutTableRow {TR} at (0,2) size 284x40
            LayoutTableCell {TD} at (2,2) size 280x40 [border: none (2px solid #0000FF)] [r=0 c=0 rs=1 cs=2]
              LayoutText {#text} at (3,1) size 131x36
                text run at (3,1) width 131: "\x{21E6}THERE"
          LayoutTableRow {TR} at (0,44) size 284x84
            LayoutTableCell {TD} at (2,66) size 135x40 [border: none (2px solid #0000FF)] [r=1 c=0 rs=1 cs=1]
              LayoutText {#text} at (3,1) size 131x36
                text run at (3,1) width 131: "\x{21E6}THERE"
            LayoutTableCell {TD} at (139,44) size 143x84 [border: none (2px solid #0000FF)] [r=1 c=1 rs=1 cs=1]
              LayoutBlockFlow (anonymous) at (3,1) size 139x38
                LayoutText {#text} at (0,0) size 131x36
                  text run at (0,0) width 131: "\x{21E6}THERE"
              LayoutTable {TABLE} at (3,39) size 139x44
                LayoutTableSection {TBODY} at (0,0) size 139x44
                  LayoutTableRow {TR} at (0,2) size 139x40
                    LayoutTableCell {TD} at (2,2) size 135x40 [border: none (2px solid #0000FF)] [r=0 c=0 rs=1 cs=1]
                      LayoutText {#text} at (3,1) size 131x36
                        text run at (3,1) width 131: "\x{21E6}THERE"
      LayoutBlockFlow {P} at (0,200) size 784x20
        LayoutText {#text} at (0,0) size 318x19
          text run at (0,0) width 318: "There should be 3 short lines and 2 long lines in total."
