layer at (0,0) size 800x600
  LayoutView at (0,0) size 800x600
layer at (0,0) size 800x210
  LayoutBlockFlow {HTML} at (0,0) size 800x210
    LayoutBlockFlow {BODY} at (8,16) size 784x178
      LayoutBlockFlow {P} at (20,0) size 764x81 [color=#0000FF] [border: none (10px double #0000FF)]
        LayoutText {#text} at (10,0) size 335x19
          text run at (10,0) width 335: "\x{21E6} This paragraph should have two blue lines on its left. "
        LayoutInline {SPAN} at (0,0) size 749x80 [color=#C0C0C0]
          LayoutText {#text} at (345,0) size 749x80
            text run at (345,0) width 414: "dummy text dummy text dummy text dummy text dummy text dummy"
            text run at (10,21) width 444: "text dummy text dummy text dummy text dummy text dummy text dummy "
            text run at (454,21) width 292: "text dummy text dummy text dummy text dummy"
            text run at (10,41) width 148: "text dummy text dummy "
            text run at (158,41) width 444: "text dummy text dummy text dummy text dummy text dummy text dummy "
            text run at (602,41) width 144: "text dummy text dummy"
            text run at (10,61) width 296: "text dummy text dummy text dummy text dummy "
            text run at (306,61) width 318: "text dummy text dummy text dummy text dummy text"
        LayoutText {#text} at (0,0) size 0x0
      LayoutBlockFlow {P} at (20,97) size 764x81 [color=#0000FF] [border: none (1px solid #0000FF)]
        LayoutText {#text} at (1,0) size 338x19
          text run at (1,0) width 338: "\x{21E6} This paragraph should have a thin blue line on its left. "
        LayoutInline {SPAN} at (0,0) size 762x80 [color=#C0C0C0]
          LayoutText {#text} at (339,0) size 762x80
            text run at (339,0) width 414: "dummy text dummy text dummy text dummy text dummy text dummy"
            text run at (1,21) width 444: "text dummy text dummy text dummy text dummy text dummy text dummy "
            text run at (445,21) width 318: "text dummy text dummy text dummy text dummy text"
            text run at (1,41) width 122: "dummy text dummy "
            text run at (123,41) width 444: "text dummy text dummy text dummy text dummy text dummy text dummy "
            text run at (567,41) width 170: "text dummy text dummy text"
            text run at (1,61) width 270: "dummy text dummy text dummy text dummy "
            text run at (271,61) width 318: "text dummy text dummy text dummy text dummy text"
        LayoutText {#text} at (0,0) size 0x0
