layer at (0,0) size 800x600
  LayoutView at (0,0) size 800x600
layer at (0,0) size 800x280
  LayoutBlockFlow {HTML} at (0,0) size 800x280
    LayoutBlockFlow {BODY} at (8,16) size 784x248 [color=#0000FF]
      LayoutBlockFlow {P} at (0,0) size 784x45
        LayoutText {#text} at (0,21) size 463x19
          text run at (0,21) width 463: "There should be a solid blue line to the right of every occurance of the word \""
        LayoutInline {SPAN} at (0,0) size 145x36 [border: none (2px solid #0000FF) none]
          LayoutText {#text} at (463,8) size 143x36
            text run at (463,8) width 143: "THERE \x{2799}"
        LayoutText {#text} at (608,21) size 9x19
          text run at (608,21) width 9: "\"."
      LayoutTable {TABLE} at (0,61) size 308x151
        LayoutTableSection {TBODY} at (0,0) size 308x151
          LayoutTableRow {TR} at (0,2) size 308x47
            LayoutTableCell {TD} at (2,2) size 304x47 [border: none (2px solid #0000FF) none] [r=0 c=0 rs=1 cs=2]
              LayoutText {#text} at (158,9) size 143x36
                text run at (158,9) width 143: "THERE \x{2799}"
          LayoutTableRow {TR} at (0,51) size 308x98
            LayoutTableCell {TD} at (2,76) size 147x47 [border: none (2px solid #0000FF) none] [r=1 c=0 rs=1 cs=1]
              LayoutText {#text} at (1,9) size 143x36
                text run at (1,9) width 143: "THERE \x{2799}"
            LayoutTableCell {TD} at (151,51) size 155x98 [border: none (2px solid #0000FF) none] [r=1 c=1 rs=1 cs=1]
              LayoutBlockFlow (anonymous) at (1,1) size 151x45
                LayoutText {#text} at (16,8) size 135x36
                  text run at (16,8) width 135: "THERE \x{2798}"
              LayoutTable {TABLE} at (1,46) size 151x51
                LayoutTableSection {TBODY} at (0,0) size 151x51
                  LayoutTableRow {TR} at (0,2) size 151x47
                    LayoutTableCell {TD} at (2,2) size 147x47 [border: none (2px solid #0000FF) none] [r=0 c=0 rs=1 cs=1]
                      LayoutText {#text} at (1,9) size 143x36
                        text run at (1,9) width 143: "THERE \x{2799}"
      LayoutBlockFlow {P} at (0,228) size 784x20
        LayoutText {#text} at (0,0) size 318x19
          text run at (0,0) width 318: "There should be 3 short lines and 2 long lines in total."
