layer at (0,0) size 800x600
  LayoutView at (0,0) size 800x600
layer at (0,0) size 800x348
  LayoutBlockFlow {HTML} at (0,0) size 800x348
    LayoutBlockFlow {BODY} at (8,16) size 784x316 [color=#0000FF]
      LayoutBlockFlow {P} at (0,0) size 784x20
        LayoutText {#text} at (0,0) size 708x19
          text run at (0,0) width 344: "There should be a solid line to the right of the text below, "
          text run at (344,0) width 364: "having three segments each of a different colour as indicated."
      LayoutBlockFlow {UL} at (0,36) size 588x280
        LayoutListItem {LI} at (40,0) size 548x80 [border: none (3px solid #FFA500) none]
          LayoutBlockFlow (anonymous) at (0,0) size 545x20
            LayoutListMarker (anonymous) at (-18,0) size 7x19: bullet
            LayoutText {#text} at (0,0) size 102x19
              text run at (0,0) width 102: "Orange orange..."
          LayoutBlockFlow {UL} at (0,20) size 408.75x60
            LayoutListItem {LI} at (40,0) size 368.75x20
              LayoutListMarker (anonymous) at (-18,0) size 7x19: white bullet
              LayoutText {#text} at (0,0) size 110x19
                text run at (0,0) width 110: "...orange orange..."
            LayoutListItem {LI} at (40,20) size 368.75x20
              LayoutListMarker (anonymous) at (-18,0) size 7x19: white bullet
              LayoutText {#text} at (0,0) size 110x19
                text run at (0,0) width 110: "...orange orange..."
            LayoutListItem {LI} at (40,40) size 368.75x20
              LayoutListMarker (anonymous) at (-18,0) size 7x19: white bullet
              LayoutText {#text} at (0,0) size 102x19
                text run at (0,0) width 102: "...orange orange."
        LayoutListItem {LI} at (40,80) size 548x20 [border: none (3px solid #00FF00) none]
          LayoutListMarker (anonymous) at (-18,0) size 7x19: bullet
          LayoutText {#text} at (0,0) size 34x19
            text run at (0,0) width 34: "Lime."
        LayoutListItem {LI} at (40,100) size 548x180 [border: none (3px solid #FFFF00) none]
          LayoutListMarker (anonymous) at (-18,0) size 7x19: bullet
          LayoutText {#text} at (0,0) size 514x179
            text run at (0,0) width 303: "Yellow yellow yellow yellow yellow yellow yellow "
            text run at (303,0) width 211: "yellow yellow yellow yellow yellow"
            text run at (0,20) width 172: "yellow yellow yellow yellow "
            text run at (172,20) width 340: "yellow yellow yellow yellow yellow yellow yellow yellow"
            text run at (0,40) width 43: "yellow "
            text run at (43,40) width 387: "yellow yellow yellow yellow yellow yellow yellow yellow yellow "
            text run at (430,40) width 82: "yellow yellow"
            text run at (0,60) width 301: "yellow yellow yellow yellow yellow yellow yellow "
            text run at (301,60) width 211: "yellow yellow yellow yellow yellow"
            text run at (0,80) width 172: "yellow yellow yellow yellow "
            text run at (172,80) width 340: "yellow yellow yellow yellow yellow yellow yellow yellow"
            text run at (0,100) width 43: "yellow "
            text run at (43,100) width 387: "yellow yellow yellow yellow yellow yellow yellow yellow yellow "
            text run at (430,100) width 82: "yellow yellow"
            text run at (0,120) width 301: "yellow yellow yellow yellow yellow yellow yellow "
            text run at (301,120) width 211: "yellow yellow yellow yellow yellow"
            text run at (0,140) width 172: "yellow yellow yellow yellow "
            text run at (172,140) width 340: "yellow yellow yellow yellow yellow yellow yellow yellow"
            text run at (0,160) width 43: "yellow "
            text run at (43,160) width 343: "yellow yellow yellow yellow yellow yellow yellow yellow."
