layer at (0,0) size 800x600
  LayoutView at (0,0) size 800x600
layer at (0,0) size 800x328
  LayoutBlockFlow {HTML} at (0,0) size 800x328
    LayoutBlockFlow {BODY} at (8,8) size 784x312
      LayoutBlockFlow {DIV} at (0,0) size 784x20
        LayoutText {#text} at (0,0) size 330x19
          text run at (0,0) width 330: "The blue bits of text should be decorated as described."
      LayoutBlockFlow {P} at (0,36) size 784x240 [color=#C0C0C0]
        LayoutText {#text} at (0,0) size 784x59
          text run at (0,0) width 444: "dummy text dummy text dummy text dummy text dummy text dummy text "
          text run at (444,0) width 340: "dummy text dummy text dummy text dummy text dummy"
          text run at (0,20) width 100: "text dummy text "
          text run at (100,20) width 444: "dummy text dummy text dummy text dummy text dummy text dummy text "
          text run at (544,20) width 218: "dummy text dummy text dummy text"
          text run at (0,40) width 222: "dummy text dummy text dummy text "
        LayoutInline {SPAN} at (0,0) size 784x39 [color=#0000FF] [border: none (10px double #0000FF) none]
          LayoutInline {SPAN} at (0,0) size 784x39 [color=#C0C0C0]
            LayoutText {#text} at (222,40) size 784x39
              text run at (222,40) width 296: "dummy text dummy text dummy text dummy text "
              text run at (518,40) width 266: "dummy text dummy text dummy text dummy"
              text run at (0,60) width 174: "text dummy text dummy text "
              text run at (174,60) width 144: "dummy text dummy text"
          LayoutText {#text} at (318,60) size 123x19
            text run at (318,60) width 123: " two blue lines here: "
        LayoutText {#text} at (451,60) size 784x99
          text run at (451,60) width 48: "dummy "
          text run at (499,60) width 244: "text dummy text dummy text dummy text"
          text run at (0,80) width 196: "dummy text dummy text dummy "
          text run at (196,80) width 444: "text dummy text dummy text dummy text dummy text dummy text dummy "
          text run at (640,80) width 144: "text dummy text dummy"
          text run at (0,100) width 296: "text dummy text dummy text dummy text dummy "
          text run at (296,100) width 444: "text dummy text dummy text dummy text dummy text dummy text dummy "
          text run at (740,100) width 22: "text"
          text run at (0,120) width 418: "dummy text dummy text dummy text dummy text dummy text dummy "
          text run at (418,120) width 366: "text dummy text dummy text dummy text dummy text dummy"
          text run at (0,140) width 74: "text dummy "
          text run at (74,140) width 248: "text dummy text dummy text dummy text "
        LayoutInline {SPAN} at (0,0) size 138x19 [color=#0000FF] [border: none (1px solid #0000FF) none]
          LayoutText {#text} at (322,140) size 137x19
            text run at (322,140) width 51: "one thin "
            text run at (373,140) width 86: "blue line here: "
        LayoutText {#text} at (460,140) size 784x99
          text run at (460,140) width 292: "dummy text dummy text dummy text dummy text"
          text run at (0,160) width 444: "dummy text dummy text dummy text dummy text dummy text dummy text "
          text run at (444,160) width 340: "dummy text dummy text dummy text dummy text dummy"
          text run at (0,180) width 100: "text dummy text "
          text run at (100,180) width 444: "dummy text dummy text dummy text dummy text dummy text dummy text "
          text run at (544,180) width 218: "dummy text dummy text dummy text"
          text run at (0,200) width 222: "dummy text dummy text dummy text "
          text run at (222,200) width 444: "dummy text dummy text dummy text dummy text dummy text dummy text "
          text run at (666,200) width 118: "dummy text dummy"
          text run at (0,220) width 244: "text dummy text dummy text dummy text"
      LayoutBlockFlow {DIV} at (0,292) size 784x20
        LayoutText {#text} at (0,0) size 395x19
          text run at (0,0) width 395: "(All the lines of text in the block above should be equally spaced.)"
