layer at (0,0) size 800x600
  LayoutView at (0,0) size 800x600
layer at (0,0) size 800x160
  LayoutBlockFlow {HTML} at (0,0) size 800x160
    LayoutBlockFlow {BODY} at (8,16) size 784x128
      LayoutBlockFlow {P} at (0,0) size 784x20
        LayoutText {#text} at (0,0) size 260x19
          text run at (0,0) width 260: "The borders below should be as described:"
      LayoutBlockFlow {P} at (0,36) size 784x20
        LayoutInline {SPAN} at (0,0) size 122x29 [border: (5px dashed #000000)]
          LayoutText {#text} at (5,0) size 112x19
            text run at (5,0) width 112: "Black and dashed."
        LayoutText {#text} at (0,0) size 0x0
      LayoutBlockFlow {P} at (0,72) size 784x20
        LayoutInline {SPAN} at (0,0) size 139x29 [border: (5px groove #FFA500)]
          LayoutText {#text} at (5,0) size 129x19
            text run at (5,0) width 129: "Orange and grooved."
        LayoutText {#text} at (0,0) size 0x0
      LayoutBlockFlow {P} at (0,108) size 784x20
        LayoutInline {SPAN} at (0,0) size 68x19
          LayoutText {#text} at (0,0) size 68x19
            text run at (0,0) width 68: "No border."
        LayoutText {#text} at (0,0) size 0x0
