layer at (0,0) size 800x600
  LayoutView at (0,0) size 800x600
layer at (0,0) size 800x152
  LayoutBlockFlow {HTML} at (0,0) size 800x152
    LayoutBlockFlow {BODY} at (8,16) size 784x126 [color=#000080]
      LayoutBlockFlow {P} at (0,0) size 784x20
        LayoutText {#text} at (0,0) size 238x19
          text run at (0,0) width 238: "The five bars below should be identical."
      LayoutBlockFlow {DIV} at (0,36) size 106x90 [color=#0000FF]
        LayoutBlockFlow {P} at (0,0) size 106x10 [bgcolor=#000080]
          LayoutText {#text} at (48,0) size 10x10
            text run at (48,0) width 10: "x"
        LayoutBlockFlow {P} at (0,20) size 106x10 [bgcolor=#000080]
          LayoutText {#text} at (48,0) size 10x10
            text run at (48,0) width 10: "x"
        LayoutBlockFlow {P} at (0,40) size 106x10 [bgcolor=#000080]
          LayoutText {#text} at (48,0) size 10x10
            text run at (48,0) width 10: "x"
        LayoutBlockFlow {P} at (0,60) size 106x10 [bgcolor=#000080]
          LayoutText {#text} at (48,0) size 10x10
            text run at (48,0) width 10: "x"
        LayoutBlockFlow {P} at (0,80) size 106x10 [bgcolor=#000080]
          LayoutText {#text} at (47,0) size 11x10
            text run at (47,0) width 11: "x"
