layer at (0,0) size 800x600
  LayoutView at (0,0) size 800x600
layer at (0,0) size 800x204
  LayoutBlockFlow {HTML} at (0,0) size 800x204
    LayoutBlockFlow {BODY} at (8,16) size 784x156
      LayoutBlockFlow {P} at (0,0) size 784x20 [color=#0000FF]
        LayoutText {#text} at (0,0) size 254x19
          text run at (0,0) width 254: "There should be no border around the cat:"
      LayoutBlockFlow {DIV} at (32,52) size 720x104 [color=#FF0000]
        LayoutInline {A} at (0,0) size 98x19 [color=#0000EE]
          LayoutImage {IMG} at (0,0) size 98x99
        LayoutText {#text} at (0,0) size 0x0
