layer at (0,0) size 800x600
  LayoutView at (0,0) size 800x600
layer at (0,0) size 800x152
  LayoutBlockFlow {HTML} at (0,0) size 800x152
    LayoutBlockFlow {BODY} at (8,16) size 784x126 [color=#000080]
      LayoutBlockFlow {P} at (0,0) size 784x20
        LayoutText {#text} at (0,0) size 271x19
          text run at (0,0) width 271: "The five \"matches\" below should be identical."
      LayoutBlockFlow {DIV} at (0,36) size 200x90 [color=#FFA500]
        LayoutBlockFlow {P} at (0,0) size 200x10 [bgcolor=#A52A2A]
          LayoutImage {IMG} at (0,0) size 48x10
          LayoutText {#text} at (48,0) size 10x10
            text run at (48,0) width 10: "x"
        LayoutBlockFlow {P} at (48,20) size 152x10 [bgcolor=#A52A2A]
          LayoutText {#text} at (0,0) size 10x10
            text run at (0,0) width 10: "x"
        LayoutBlockFlow {P} at (48,40) size 152x10 [bgcolor=#A52A2A]
          LayoutText {#text} at (0,0) size 10x10
            text run at (0,0) width 10: "x"
        LayoutBlockFlow {P} at (48,60) size 152x10 [bgcolor=#A52A2A]
          LayoutText {#text} at (0,0) size 10x10
            text run at (0,0) width 10: "x"
        LayoutBlockFlow {P} at (48,80) size 152x10 [bgcolor=#A52A2A]
          LayoutText {#text} at (0,0) size 10x10
            text run at (0,0) width 10: "x"
