layer at (0,0) size 800x600
  LayoutView at (0,0) size 800x600
layer at (0,0) size 800x115
  LayoutBlockFlow {HTML} at (0,0) size 800x115
    LayoutBlockFlow {BODY} at (8,16) size 784x84
      LayoutBlockFlow {P} at (0,0) size 784x20 [color=#000080]
        LayoutText {#text} at (0,0) size 256x19
          text run at (0,0) width 256: "The following two bars should be identical:"
      LayoutBlockFlow {DIV} at (15,36) size 180x15
        LayoutBlockFlow {P} at (0,0) size 180x15 [color=#00FF00] [bgcolor=#FFFF00]
          LayoutText {#text} at (0,0) size 45x15
            text run at (0,0) width 45: "xx "
          LayoutInline {SPAN} at (0,0) size 135x15 [color=#FFA500] [bgcolor=#0000FF]
            LayoutText {#text} at (45,0) size 135x15
              text run at (45,0) width 135: "xx xx xx "
          LayoutText {#text} at (120,0) size 30x15
            text run at (120,0) width 30: "xx"
      LayoutBlockFlow {DIV} at (15,66) size 754x18
        LayoutImage {IMG} at (0,0) size 15x15
        LayoutImage {IMG} at (15,0) size 15x15
        LayoutImage {IMG} at (30,0) size 15x15
        LayoutImage {IMG} at (45,0) size 15x15
        LayoutImage {IMG} at (60,0) size 15x15
        LayoutImage {IMG} at (75,0) size 15x15
        LayoutImage {IMG} at (90,0) size 15x15
        LayoutImage {IMG} at (105,0) size 15x15
        LayoutImage {IMG} at (120,0) size 15x15
        LayoutImage {IMG} at (135,0) size 15x15
        LayoutImage {IMG} at (150,0) size 15x15
        LayoutImage {IMG} at (165,0) size 15x15
        LayoutText {#text} at (0,0) size 0x0
