layer at (0,0) size 800x600
  LayoutView at (0,0) size 800x600
layer at (0,0) size 800x124
  LayoutBlockFlow {HTML} at (0,0) size 800x124
    LayoutBlockFlow {BODY} at (8,16) size 784x92
      LayoutBlockFlow {P} at (0,0) size 784x20
        LayoutText {#text} at (0,0) size 227x19
          text run at (0,0) width 227: "The next two bars should be identical:"
      LayoutBlockFlow {DIV} at (16,36) size 192x20 [color=#FFFF00] [bgcolor=#000080]
        LayoutText {#text} at (0,0) size 36x19
          text run at (0,0) width 36: "TEST"
      LayoutBlockFlow {DIV} at (16,72) size 192x20 [color=#FFFF00] [bgcolor=#000080]
        LayoutText {#text} at (0,0) size 36x19
          text run at (0,0) width 36: "TEST"
