layer at (0,0) size 800x600
  LayoutView at (0,0) size 800x600
layer at (0,0) size 800x128
  LayoutBlockFlow {HTML} at (0,0) size 800x128
    LayoutBlockFlow {BODY} at (8,16) size 784x96
      LayoutBlockFlow {P} at (0,0) size 784x20
        LayoutText {#text} at (0,0) size 227x19
          text run at (0,0) width 227: "The next two bars should be identical:"
      LayoutBlockFlow {DIV} at (16,36) size 134x22 [border: (3px solid #000000)]
        LayoutBlockFlow {P} at (3,3) size 128x16 [color=#FFA500] [bgcolor=#FFFF00]
          LayoutText {#text} at (0,0) size 64x16
            text run at (0,0) width 64: "TEST"
      LayoutBlockFlow {DIV} at (16,74) size 134x22 [bgcolor=#FF0000] [border: (3px solid #000000)]
        LayoutImage {IMG} at (3,3) size 64x16
        LayoutImage {IMG} at (67,3) size 64x16
        LayoutText {#text} at (0,0) size 0x0
