layer at (0,0) size 800x600
  LayoutView at (0,0) size 800x600
layer at (0,0) size 800x178
  LayoutBlockFlow {HTML} at (0,0) size 800x178
    LayoutBlockFlow {BODY} at (8,16) size 784x146
      LayoutBlockFlow {P} at (0,0) size 784x20
        LayoutText {#text} at (0,0) size 417x19
          text run at (0,0) width 417: "The three boxes below should have progressively thinner left borders."
      LayoutBlockFlow {P} at (0,36) size 784x26 [border: (3px solid #000000) (5px solid #000000)]
        LayoutText {#text} at (5,3) size 11x19
          text run at (5,3) width 11: "A"
      LayoutBlockFlow {P} at (0,78) size 784x26 [border: (3px solid #000000)]
        LayoutText {#text} at (3,3) size 10x19
          text run at (3,3) width 10: "B"
      LayoutBlockFlow {P} at (0,120) size 784x26 [border: (3px solid #000000) (1px solid #000000)]
        LayoutText {#text} at (1,3) size 11x19
          text run at (1,3) width 11: "C"
