layer at (0,0) size 800x600
  LayoutView at (0,0) size 800x600
layer at (0,0) size 800x240
  LayoutBlockFlow {HTML} at (0,0) size 800x240
    LayoutBlockFlow {BODY} at (8,16) size 784x216 [color=#000080]
      LayoutBlockFlow {P} at (0,0) size 784x20
        LayoutText {#text} at (0,0) size 271x19
          text run at (0,0) width 271: "The five \"matches\" below should be identical "
        LayoutInline {STRONG} at (0,0) size 126x19
          LayoutText {#text} at (271,0) size 126x19
            text run at (271,0) width 126: "and equally spaced"
        LayoutText {#text} at (397,0) size 4x19
          text run at (397,0) width 4: "."
      LayoutBlockFlow {DIV} at (0,36) size 200x180 [color=#FFA500]
        LayoutBlockFlow {P} at (0,0) size 200x10 [bgcolor=#A52A2A]
          LayoutImage {IMG} at (0,0) size 24x10
          LayoutText {#text} at (24,0) size 10x10
            text run at (24,0) width 10: "x"
          LayoutImage {IMG} at (34,0) size 142x10
          LayoutImage {IMG} at (176,0) size 24x10
          LayoutText {#text} at (0,0) size 0x0
        LayoutBlockFlow {P} at (24,34) size 152x10 [bgcolor=#A52A2A]
          LayoutText {#text} at (0,0) size 10x10
            text run at (0,0) width 10: "x"
        LayoutBlockFlow {P} at (24,68) size 152x10 [bgcolor=#A52A2A]
          LayoutText {#text} at (0,0) size 10x10
            text run at (0,0) width 10: "x"
        LayoutBlockFlow {P} at (24,102) size 152x10 [bgcolor=#A52A2A]
          LayoutText {#text} at (0,0) size 10x10
            text run at (0,0) width 10: "x"
        LayoutBlockFlow {P} at (24,136) size 152x10 [bgcolor=#A52A2A]
          LayoutText {#text} at (0,0) size 10x10
            text run at (0,0) width 10: "x"
        LayoutBlockFlow {P} at (0,170) size 200x10 [bgcolor=#A52A2A]
          LayoutImage {IMG} at (0,0) size 24x10
          LayoutText {#text} at (24,0) size 10x10
            text run at (24,0) width 10: "x"
          LayoutImage {IMG} at (34,0) size 142x10
          LayoutImage {IMG} at (176,0) size 24x10
          LayoutText {#text} at (0,0) size 0x0
