layer at (0,0) size 800x600
  LayoutView at (0,0) size 800x600
layer at (0,0) size 800x195
  LayoutBlockFlow {HTML} at (0,0) size 800x195
    LayoutBlockFlow {BODY} at (8,16) size 784x147
      LayoutBlockFlow {P} at (0,0) size 784x20 [color=#000080]
        LayoutText {#text} at (0,0) size 254x19
          text run at (0,0) width 254: "The two sweets below should be identical:"
      LayoutBlockFlow {DIV} at (0,50) size 105x15 [bgcolor=#FF0000]
        LayoutBlockFlow {P} at (0,0) size 105x15 [color=#008000] [bgcolor=#00FF00]
          LayoutText {#text} at (0,0) size 30x15
            text run at (0,0) width 30: "x "
          LayoutInline {SPAN} at (0,0) size 45x45 [color=#FFFF00] [bgcolor=#FFA500]
            LayoutText {#text} at (45,0) size 15x15
              text run at (45,0) width 15: "x"
          LayoutText {#text} at (75,0) size 30x15
            text run at (75,0) width 30: " x"
      LayoutBlockFlow {DIV} at (0,97) size 784x50
        LayoutImage {IMG} at (0,0) size 105x45
