layer at (0,0) size 800x600
  LayoutView at (0,0) size 800x600
layer at (0,0) size 800x112
  LayoutBlockFlow {HTML} at (0,0) size 800x112
    LayoutBlockFlow {BODY} at (8,16) size 784x81
      LayoutBlockFlow {P} at (0,0) size 784x20
        LayoutText {#text} at (0,0) size 213x19
          text run at (0,0) width 213: "There should be a green bar below:"
      LayoutBlockFlow {DIV} at (15,36) size 195x45 [bgcolor=#008000]
        LayoutBlockFlow {P} at (0,0) size 195x30 [color=#FFFFFF] [bgcolor=#FFFFFF]
          LayoutText {#text} at (0,0) size 30x15
            text run at (0,0) width 30: "x "
          LayoutInline {SPAN} at (0,0) size 150x30
            LayoutText {#text} at (90,0) size 150x30
              text run at (90,0) width 60: "xxxx"
              text run at (0,15) width 60: "xxxx"
          LayoutText {#text} at (60,15) size 30x15
            text run at (60,15) width 30: " x"
