layer at (0,0) size 800x600
  LayoutView at (0,0) size 800x600
layer at (0,0) size 800x184
  LayoutBlockFlow {HTML} at (0,0) size 800x184
    LayoutBlockFlow {BODY} at (8,8) size 784x160
      LayoutBlockFlow {P} at (0,0) size 784x20 [color=#000080]
        LayoutText {#text} at (0,0) size 297x19
          text run at (0,0) width 297: "The following two diagrams should look identical."
      LayoutBlockFlow {DIV} at (16,36) size 166x54 [color=#008080] [bgcolor=#FFA500] [border: (3px solid #000000)]
        LayoutBlockFlow {UL} at (35,3) size 128x48 [bgcolor=#FFFF00]
          LayoutListItem {LI} at (0,0) size 128x16
            LayoutText {#text} at (0,0) size 16x16
              text run at (0,0) width 16: "-"
          LayoutListItem {LI} at (32,16) size 96x16 [bgcolor=#00FFFF]
            LayoutText {#text} at (0,0) size 16x16
              text run at (0,0) width 16: "-"
          LayoutListItem {LI} at (0,32) size 128x16
            LayoutText {#text} at (0,0) size 16x16
              text run at (0,0) width 16: "-"
      LayoutBlockFlow {DIV} at (16,106) size 166x54 [bgcolor=#FF0000] [border: (3px solid #000000)]
        LayoutBlockFlow {DIV} at (3,3) size 160x16 [border: none (112px solid #FFFF00) none (32px solid #FFA500)]
          LayoutBlockFlow {DIV} at (32,0) size 16x16 [border: none none none (16px solid #008080)]
        LayoutBlockFlow {DIV} at (3,19) size 160x16 [border: none (80px solid #00FFFF) none (32px solid #FFA500)]
          LayoutBlockFlow {DIV} at (32,0) size 48x16 [border: none (16px solid #008080) none (32px solid #FFFF00)]
        LayoutBlockFlow {DIV} at (3,35) size 160x16 [border: none (112px solid #FFFF00) none (32px solid #FFA500)]
          LayoutBlockFlow {DIV} at (32,0) size 16x16 [border: none none none (16px solid #008080)]
