layer at (0,0) size 800x600
  LayoutView at (0,0) size 800x600
layer at (0,0) size 800x166
  LayoutBlockFlow {HTML} at (0,0) size 800x166
    LayoutBlockFlow {BODY} at (8,8) size 784x150
      LayoutBlockFlow {P} at (0,0) size 784x20
        LayoutText {#text} at (0,0) size 251x19
          text run at (0,0) width 251: "The next two columns should be identical."
      LayoutTable {TABLE} at (0,20) size 138x130
        LayoutTableSection {TBODY} at (0,0) size 138x130
          LayoutTableRow {TR} at (0,2) size 138x126
            LayoutTableCell {TD} at (2,2) size 66x126 [border: (3px solid #000000)] [r=0 c=0 rs=1 cs=1]
              LayoutBlockFlow {DIV} at (3,3) size 60x120
                LayoutBlockFlow {P} at (0,0) size 60x12 [color=#0000FF] [bgcolor=#FFA500]
                  LayoutText {#text} at (0,0) size 60x12
                    text run at (0,0) width 60: "xxxxx"
                LayoutBlockFlow {P} at (0,12) size 60x24 [color=#00FFFF] [bgcolor=#FFFF00]
                  LayoutText {#text} at (0,0) size 60x12
                    text run at (0,0) width 60: "xxxxx"
                LayoutBlockFlow {P} at (0,36) size 60x24 [color=#FF00FF] [bgcolor=#00FF00]
                  LayoutText {#text} at (0,0) size 60x12
                    text run at (0,0) width 60: "xxxxx"
                LayoutBlockFlow {P} at (0,60) size 60x24 [color=#FFA500] [bgcolor=#0000FF]
                  LayoutText {#text} at (0,0) size 60x12
                    text run at (0,0) width 60: "xxxxx"
                LayoutBlockFlow {P} at (0,84) size 60x24 [color=#FFFF00] [bgcolor=#00FFFF]
                  LayoutText {#text} at (0,0) size 60x12
                    text run at (0,0) width 60: "xxxxx"
                LayoutBlockFlow {P} at (0,108) size 60x12 [color=#00FF00] [bgcolor=#FF00FF]
                  LayoutText {#text} at (0,0) size 60x12
                    text run at (0,0) width 60: "xxxxx"
            LayoutTableCell {TD} at (70,2) size 66x126 [bgcolor=#FF0000] [border: (3px solid #000000)] [r=0 c=1 rs=1 cs=1]
              LayoutBlockFlow {DIV} at (3,3) size 60x12 [border: none (12px solid #0000FF) none]
              LayoutBlockFlow {DIV} at (3,15) size 60x12 [border: none (12px solid #00FFFF) none]
              LayoutBlockFlow {DIV} at (3,27) size 60x12 [border: none (12px solid #FFFF00) none]
              LayoutBlockFlow {DIV} at (3,39) size 60x12 [border: none (12px solid #FF00FF) none]
              LayoutBlockFlow {DIV} at (3,51) size 60x12 [border: none (12px solid #00FF00) none]
              LayoutBlockFlow {DIV} at (3,63) size 60x12 [border: none (12px solid #FFA500) none]
              LayoutBlockFlow {DIV} at (3,75) size 60x12 [border: none (12px solid #0000FF) none]
              LayoutBlockFlow {DIV} at (3,87) size 60x12 [border: none (12px solid #FFFF00) none]
              LayoutBlockFlow {DIV} at (3,99) size 60x12 [border: none (12px solid #00FFFF) none]
              LayoutBlockFlow {DIV} at (3,111) size 60x12 [border: none (12px solid #00FF00) none]
