layer at (0,0) size 800x600
  LayoutView at (0,0) size 800x600
layer at (0,0) size 800x169
  LayoutBlockFlow {HTML} at (0,0) size 800x169
    LayoutBlockFlow {BODY} at (8,16) size 784x137
      LayoutBlockFlow {P} at (0,0) size 784x20
        LayoutText {#text} at (0,0) size 268x19
          text run at (0,0) width 268: "The two diagrams below should be identical."
      LayoutBlockFlow {DIV} at (0,36) size 784x101
        LayoutBlockFlow {P} at (40,0) size 520x40 [color=#0000FF] [bgcolor=#00FFFF] [border: none (40px solid #FF00FF) none (40px solid #FF00FF)]
          LayoutText {#text} at (80,0) size 360x40
            text run at (80,0) width 360: "X X X X X"
        LayoutBlockFlow {P} at (0,56) size 784x45
          LayoutImage {OBJECT} at (0,0) size 600x40
          LayoutText {#text} at (0,0) size 0x0
