layer at (0,0) size 800x600
  LayoutView at (0,0) size 800x600
layer at (0,0) size 800x330
  LayoutBlockFlow {HTML} at (0,0) size 800x330
    LayoutBlockFlow {BODY} at (8,8) size 784x314
      LayoutBlockFlow {DIV} at (0,0) size 784x20
        LayoutText {#text} at (0,0) size 330x19
          text run at (0,0) width 330: "The blue bits of text should be decorated as described."
      LayoutBlockFlow {P} at (0,36) size 784x242 [color=#C0C0C0]
        LayoutText {#text} at (0,0) size 784x59
          text run at (0,0) width 444: "dummy text dummy text dummy text dummy text dummy text dummy text "
          text run at (444,0) width 340: "dummy text dummy text dummy text dummy text dummy"
          text run at (0,20) width 100: "text dummy text "
          text run at (100,20) width 444: "dummy text dummy text dummy text dummy text dummy text dummy text "
          text run at (544,20) width 218: "dummy text dummy text dummy text"
          text run at (0,40) width 222: "dummy text dummy text dummy text "
        LayoutInline {SPAN} at (0,0) size 762x40 [color=#0000FF] [border: none (10px double #0000FF)]
          LayoutText {#text} at (232,40) size 164x19
            text run at (232,40) width 164: "\x{21E6} two blue lines to the left "
          LayoutInline {SPAN} at (0,0) size 762x40 [color=#C0C0C0]
            LayoutText {#text} at (396,40) size 762x40
              text run at (396,40) width 48: "dummy "
              text run at (444,40) width 318: "text dummy text dummy text dummy text dummy text"
              text run at (0,61) width 122: "dummy text dummy "
              text run at (122,61) width 392: "text dummy text dummy text dummy text dummy text dummy text"
          LayoutText {#text} at (514,61) size 4x19
            text run at (514,61) width 4: " "
        LayoutText {#text} at (518,61) size 784x99
          text run at (518,61) width 266: "dummy text dummy text dummy text dummy"
          text run at (0,81) width 100: "text dummy text "
          text run at (100,81) width 444: "dummy text dummy text dummy text dummy text dummy text dummy text "
          text run at (544,81) width 218: "dummy text dummy text dummy text"
          text run at (0,101) width 222: "dummy text dummy text dummy text "
          text run at (222,101) width 444: "dummy text dummy text dummy text dummy text dummy text dummy text "
          text run at (666,101) width 118: "dummy text dummy"
          text run at (0,121) width 322: "text dummy text dummy text dummy text dummy text "
          text run at (322,121) width 440: "dummy text dummy text dummy text dummy text dummy text dummy text"
          text run at (0,141) width 370: "dummy text dummy text dummy text dummy text dummy text "
        LayoutInline {SPAN} at (0,0) size 183x19 [color=#0000FF] [border: none (1px solid #0000FF)]
          LayoutText {#text} at (371,141) size 182x19
            text run at (371,141) width 182: "\x{21E6} one thin blue line to the left "
        LayoutText {#text} at (553,141) size 784x100
          text run at (553,141) width 48: "dummy "
          text run at (601,141) width 170: "text dummy text dummy text"
          text run at (0,162) width 270: "dummy text dummy text dummy text dummy "
          text run at (270,162) width 444: "text dummy text dummy text dummy text dummy text dummy text dummy "
          text run at (714,162) width 70: "text dummy"
          text run at (0,182) width 370: "text dummy text dummy text dummy text dummy text dummy "
          text run at (370,182) width 392: "text dummy text dummy text dummy text dummy text dummy text"
          text run at (0,202) width 48: "dummy "
          text run at (48,202) width 444: "text dummy text dummy text dummy text dummy text dummy text dummy "
          text run at (492,202) width 292: "text dummy text dummy text dummy text dummy"
          text run at (0,222) width 148: "text dummy text dummy "
          text run at (148,222) width 170: "text dummy text dummy text"
      LayoutBlockFlow {DIV} at (0,294) size 784x20
        LayoutText {#text} at (0,0) size 395x19
          text run at (0,0) width 395: "(All the lines of text in the block above should be equally spaced.)"
