layer at (0,0) size 800x600
  LayoutView at (0,0) size 800x600
layer at (0,0) size 800x319
  LayoutBlockFlow {HTML} at (0,0) size 800x319
    LayoutBlockFlow {BODY} at (8,16) size 784x287 [color=#0000FF]
      LayoutBlockFlow {P} at (0,0) size 784x41
        LayoutText {#text} at (0,0) size 458x19
          text run at (0,0) width 458: "There should be a solid blue line directly over every occurance of the word \""
        LayoutInline {SPAN} at (0,0) size 53x21 [border: (2px solid #0000FF) none]
          LayoutText {#text} at (458,0) size 53x19
            text run at (458,0) width 53: "HERE \x{21E7}"
        LayoutText {#text} at (511,0) size 756x40
          text run at (511,0) width 245: "\". (So there should be 8 blue lines on this"
          text run at (0,21) width 38: "page.)"
      LayoutTable {TABLE} at (0,57) size 122x85
        LayoutTableSection {TBODY} at (0,0) size 122x85
          LayoutTableRow {TR} at (0,2) size 122x25
            LayoutTableCell {TD} at (2,2) size 118x25 [border: (2px solid #0000FF) none] [r=0 c=0 rs=1 cs=2]
              LayoutText {#text} at (32,3) size 54x19
                text run at (32,3) width 54: "HERE \x{21E7}"
          LayoutTableRow {TR} at (0,29) size 122x54
            LayoutTableCell {TD} at (2,43) size 55x25 [border: (2px solid #0000FF) none] [r=1 c=0 rs=1 cs=1]
              LayoutText {#text} at (1,3) size 53x19
                text run at (1,3) width 53: "HERE \x{21E7}"
            LayoutTableCell {TD} at (59,29) size 61x54 [border: (2px solid #0000FF) none] [r=1 c=1 rs=1 cs=1]
              LayoutBlockFlow (anonymous) at (1,3) size 59x21
                LayoutText {#text} at (3,0) size 53x19
                  text run at (3,0) width 53: "HERE \x{21E7}"
              LayoutTable {TABLE} at (1,24) size 59x29
                LayoutTableSection {TBODY} at (0,0) size 59x29
                  LayoutTableRow {TR} at (0,2) size 59x25
                    LayoutTableCell {TD} at (2,2) size 55x25 [border: (2px solid #0000FF) none] [r=0 c=0 rs=1 cs=1]
                      LayoutText {#text} at (1,3) size 53x19
                        text run at (1,3) width 53: "HERE \x{21E7}"
      LayoutBlockFlow {UL} at (0,158) size 784x129
        LayoutListItem {LI} at (40,0) size 744x83 [border: (2px solid #0000FF) none]
          LayoutBlockFlow (anonymous) at (0,2) size 744x21
            LayoutListMarker (anonymous) at (-18,0) size 7x19: bullet
            LayoutText {#text} at (0,0) size 53x19
              text run at (0,0) width 53: "HERE \x{21E7}"
          LayoutBlockFlow {UL} at (0,23) size 744x60
            LayoutListItem {LI} at (40,0) size 704x20
              LayoutListMarker (anonymous) at (-18,0) size 7x19: white bullet
              LayoutText {#text} at (0,0) size 70x19
                text run at (0,0) width 70: "dummy text"
            LayoutListItem {LI} at (40,20) size 704x20
              LayoutListMarker (anonymous) at (-18,0) size 7x19: white bullet
              LayoutText {#text} at (0,0) size 70x19
                text run at (0,0) width 70: "dummy text"
            LayoutListItem {LI} at (40,40) size 704x20
              LayoutListMarker (anonymous) at (-18,0) size 7x19: white bullet
              LayoutText {#text} at (0,0) size 70x19
                text run at (0,0) width 70: "dummy text"
        LayoutListItem {LI} at (40,83) size 744x23 [border: (2px solid #0000FF) none]
          LayoutListMarker (anonymous) at (-18,2) size 7x19: bullet
          LayoutText {#text} at (0,2) size 53x19
            text run at (0,2) width 53: "HERE \x{21E7}"
        LayoutListItem {LI} at (40,106) size 744x23 [border: (2px solid #0000FF) none]
          LayoutListMarker (anonymous) at (-18,2) size 7x19: bullet
          LayoutText {#text} at (0,2) size 53x19
            text run at (0,2) width 53: "HERE \x{21E7}"
