layer at (0,0) size 800x600
  LayoutView at (0,0) size 800x600
layer at (0,0) size 800x119
  LayoutBlockFlow {HTML} at (0,0) size 800x119
    LayoutBlockFlow {BODY} at (8,16) size 784x87
      LayoutBlockFlow {P} at (0,0) size 784x20 [color=#000080]
        LayoutText {#text} at (0,0) size 270x19
          text run at (0,0) width 270: "The following two blocks should be identical:"
      LayoutBlockFlow {DIV} at (15,36) size 135x15 [color=#FFFF00] [bgcolor=#FFA500]
        LayoutText {#text} at (0,0) size 15x15
          text run at (0,0) width 15: "x"
        LayoutInline {SPAN} at (0,0) size 60x15
          LayoutText {#text} at (60,0) size 15x15
            text run at (60,0) width 15: "x"
        LayoutText {#text} at (75,0) size 15x15
          text run at (75,0) width 15: "x"
      LayoutBlockFlow {P} at (0,67) size 784x20 [color=#000080]
        LayoutImage {IMG} at (0,0) size 15x15
        LayoutImage {IMG} at (15,0) size 15x15
        LayoutImage {IMG} at (30,0) size 15x15
        LayoutImage {IMG} at (45,0) size 15x15
        LayoutImage {IMG} at (60,0) size 15x15
        LayoutImage {IMG} at (75,0) size 15x15
        LayoutImage {IMG} at (90,0) size 15x15
        LayoutImage {IMG} at (105,0) size 15x15
        LayoutImage {IMG} at (120,0) size 15x15
        LayoutImage {IMG} at (135,0) size 15x15
        LayoutText {#text} at (0,0) size 0x0
