layer at (0,0) size 800x600
  LayoutView at (0,0) size 800x600
layer at (0,0) size 800x305
  LayoutBlockFlow {HTML} at (0,0) size 800x305
    LayoutBlockFlow {BODY} at (8,8) size 784x289
      LayoutBlockFlow (floating) {DIV} at (0,0) size 196x287 [color=#FFFFFF] [bgcolor=#000080]
        LayoutBlockFlow {P} at (0,0) size 196x287
          LayoutText {#text} at (0,1) size 182x285
            text run at (0,1) width 136: "\x{21E6} This"
            text run at (0,60) width 164: "blue box"
            text run at (0,117) width 182: "should be"
            text run at (0,174) width 115: "on the"
            text run at (0,231) width 73: "left."
      LayoutBlockFlow (floating) {DIV} at (588,0) size 196x287 [color=#FFFFFF] [bgcolor=#008080]
        LayoutBlockFlow {P} at (0,0) size 196x287
          LayoutText {#text} at (0,1) size 182x283
            text run at (0,1) width 162: "This teal"
            text run at (0,58) width 71: "box"
            text run at (0,115) width 182: "should be"
            text run at (0,172) width 115: "on the"
            text run at (0,229) width 153: "right. \x{21E8}"
      LayoutBlockFlow {P} at (0,0) size 784x289
        LayoutText {#text} at (196,1) size 392x285
          text run at (196,1) width 360: "This text should be"
          text run at (196,58) width 331: "in between a blue"
          text run at (196,115) width 392: "box on the \x{21E6}left and"
          text run at (196,174) width 310: "a teal box on the"
          text run at (196,231) width 141: "right\x{21E8}."
