layer at (0,0) size 800x600
  LayoutView at (0,0) size 800x600
layer at (0,0) size 800x165
  LayoutBlockFlow {HTML} at (0,0) size 800x165
    LayoutBlockFlow {BODY} at (8,16) size 784x119
      LayoutBlockFlow {P} at (0,0) size 784x20 [color=#000080]
        LayoutText {#text} at (0,0) size 361x19
          text run at (0,0) width 361: "The word \"fail\" should not appear below, just a green block."
      LayoutBlockFlow {DIV} at (16,36) size 240x83 [color=#FFFFFF] [bgcolor=#FFFFFF]
        LayoutImage (floating) {IMG} at (0,0) size 1x1
        LayoutImage (floating) {IMG} at (0,1) size 240x112
        LayoutInline {SPAN} at (0,0) size 188x83
          LayoutText {#text} at (1,0) size 188x83
            text run at (1,0) width 188: "FAIL"
        LayoutText {#text} at (0,0) size 0x0
