layer at (0,0) size 800x600
  LayoutView at (0,0) size 800x600
layer at (0,0) size 800x180
  LayoutBlockFlow {HTML} at (0,0) size 800x180
    LayoutBlockFlow {BODY} at (8,16) size 784x108
      LayoutBlockFlow {P} at (0,0) size 784x20 [color=#000080]
        LayoutText {#text} at (0,0) size 386x19
          text run at (0,0) width 386: "The two patterns below should be identical, with no red present."
      LayoutBlockFlow {DIV} at (0,36) size 784x72
        LayoutBlockFlow {DIV} at (16,16) size 160x20 [color=#FFFF00] [bgcolor=#000080]
          LayoutText {#text} at (0,0) size 12x19
            text run at (0,0) width 12: " *"
        LayoutBlockFlow {DIV} at (96,36) size 160x20 [color=#FFFF00] [bgcolor=#000080]
          LayoutText {#text} at (148,0) size 12x19
            text run at (148,0) width 12: "* "
      LayoutBlockFlow {DIV} at (16,124) size 240x0
        LayoutBlockFlow {DIV} at (0,0) size 240x0 [bgcolor=#FF0000]
          LayoutBlockFlow (floating) {P} at (0,0) size 160x20 [color=#FFFF00] [bgcolor=#000080]
            LayoutText {#text} at (0,0) size 12x19
              text run at (0,0) width 12: " *"
          LayoutBlockFlow (floating) {P} at (80,20) size 160x20 [color=#FFFF00] [bgcolor=#000080]
            LayoutText {#text} at (148,0) size 12x19
              text run at (148,0) width 12: "* "
