layer at (0,0) size 800x600
  LayoutView at (0,0) size 800x600
layer at (0,0) size 800x54
  LayoutBlockFlow {HTML} at (0,0) size 800x54
    LayoutBlockFlow {BODY} at (8,8) size 784x17
      LayoutBlockFlow {DIV} at (0,0) size 784x17
        LayoutBlockFlow (floating) {P} at (0,0) size 392x46
          LayoutText {#text} at (0,0) size 340x45
            text run at (0,0) width 340: "There should be a green square to the right,"
            text run at (0,23) width 297: "roughly in the middle, horizontally. \x{21E8}"
        LayoutImage {IMG} at (392,0) size 15x15 [color=#FF0000]
        LayoutText {#text} at (0,0) size 0x0
