layer at (0,0) size 800x600
  LayoutView at (0,0) size 800x600
layer at (0,0) size 800x234
  LayoutBlockFlow {HTML} at (0,0) size 800x234
    LayoutBlockFlow {BODY} at (8,16) size 784x208
      LayoutBlockFlow {P} at (0,0) size 784x20 [color=#000080]
        LayoutText {#text} at (0,0) size 618x19
          text run at (0,0) width 369: "Below you should see four blocks side by side followed by a "
          text run at (369,0) width 249: "matching cross section of the four blocks."
      LayoutBlockFlow (floating) {DIV} at (0,46) size 140x132 [bgcolor=#FFFF00] [border: (20px solid #000000)]
        LayoutBlockFlow {P} at (40,56) size 60x20
          LayoutText {#text} at (9,0) size 42x19
            text run at (9,0) width 42: "Yellow"
      LayoutBlockFlow (floating) {DIV} at (160,46) size 140x132 [color=#FFFFFF] [bgcolor=#0000FF] [border: (20px solid #000000)]
        LayoutBlockFlow {P} at (40,56) size 60x20
          LayoutText {#text} at (16,0) size 28x19
            text run at (16,0) width 28: "Blue"
      LayoutBlockFlow (floating) {DIV} at (320,46) size 140x132 [bgcolor=#FF0000] [border: (20px solid #000000)]
        LayoutBlockFlow {P} at (40,56) size 60x20
          LayoutText {#text} at (17,0) size 26x19
            text run at (17,0) width 26: "Red"
      LayoutBlockFlow (floating) {DIV} at (480,46) size 140x132 [color=#FFFFFF] [bgcolor=#008000] [border: (20px solid #000000)]
        LayoutBlockFlow {P} at (40,56) size 60x20
          LayoutText {#text} at (11,0) size 38x19
            text run at (11,0) width 38: "Green"
      LayoutBlockFlow {DIV} at (0,188) size 784x20
        LayoutTable {TABLE} at (0,0) size 620x20
          LayoutTableSection {TBODY} at (0,0) size 620x20
            LayoutTableRow {TR} at (0,0) size 620x20
              LayoutTableCell {TD} at (0,0) size 20x20 [bgcolor=#000000] [r=0 c=0 rs=1 cs=1]
                LayoutText {#text} at (0,0) size 4x19
                  text run at (0,0) width 4: " "
              LayoutTableCell {TD} at (20,0) size 100x20 [bgcolor=#FFFF00] [r=0 c=1 rs=1 cs=1]
                LayoutText {#text} at (0,0) size 4x19
                  text run at (0,0) width 4: " "
              LayoutTableCell {TD} at (120,0) size 20x20 [bgcolor=#000000] [r=0 c=2 rs=1 cs=1]
                LayoutText {#text} at (0,0) size 4x19
                  text run at (0,0) width 4: " "
              LayoutTableCell {TD} at (140,0) size 20x20 [bgcolor=#FFFFFF] [r=0 c=3 rs=1 cs=1]
                LayoutText {#text} at (0,0) size 4x19
                  text run at (0,0) width 4: " "
              LayoutTableCell {TD} at (160,0) size 20x20 [bgcolor=#000000] [r=0 c=4 rs=1 cs=1]
                LayoutText {#text} at (0,0) size 4x19
                  text run at (0,0) width 4: " "
              LayoutTableCell {TD} at (180,0) size 100x20 [bgcolor=#0000FF] [r=0 c=5 rs=1 cs=1]
                LayoutText {#text} at (0,0) size 4x19
                  text run at (0,0) width 4: " "
              LayoutTableCell {TD} at (280,0) size 20x20 [bgcolor=#000000] [r=0 c=6 rs=1 cs=1]
                LayoutText {#text} at (0,0) size 4x19
                  text run at (0,0) width 4: " "
              LayoutTableCell {TD} at (300,0) size 20x20 [bgcolor=#FFFFFF] [r=0 c=7 rs=1 cs=1]
                LayoutText {#text} at (0,0) size 4x19
                  text run at (0,0) width 4: " "
              LayoutTableCell {TD} at (320,0) size 20x20 [bgcolor=#000000] [r=0 c=8 rs=1 cs=1]
                LayoutText {#text} at (0,0) size 4x19
                  text run at (0,0) width 4: " "
              LayoutTableCell {TD} at (340,0) size 100x20 [bgcolor=#FF0000] [r=0 c=9 rs=1 cs=1]
                LayoutText {#text} at (0,0) size 4x19
                  text run at (0,0) width 4: " "
              LayoutTableCell {TD} at (440,0) size 20x20 [bgcolor=#000000] [r=0 c=10 rs=1 cs=1]
                LayoutText {#text} at (0,0) size 4x19
                  text run at (0,0) width 4: " "
              LayoutTableCell {TD} at (460,0) size 20x20 [bgcolor=#FFFFFF] [r=0 c=11 rs=1 cs=1]
                LayoutText {#text} at (0,0) size 4x19
                  text run at (0,0) width 4: " "
              LayoutTableCell {TD} at (480,0) size 20x20 [bgcolor=#000000] [r=0 c=12 rs=1 cs=1]
                LayoutText {#text} at (0,0) size 4x19
                  text run at (0,0) width 4: " "
              LayoutTableCell {TD} at (500,0) size 100x20 [bgcolor=#008000] [r=0 c=13 rs=1 cs=1]
                LayoutText {#text} at (0,0) size 4x19
                  text run at (0,0) width 4: " "
              LayoutTableCell {TD} at (600,0) size 20x20 [bgcolor=#000000] [r=0 c=14 rs=1 cs=1]
                LayoutText {#text} at (0,0) size 4x19
                  text run at (0,0) width 4: " "
