layer at (0,0) size 800x600
  LayoutView at (0,0) size 800x600
layer at (0,0) size 800x287
  LayoutBlockFlow {HTML} at (0,0) size 800x287
    LayoutBlockFlow {BODY} at (8,16) size 784x40
      LayoutBlockFlow {P} at (0,0) size 784x40 [color=#000080]
        LayoutText {#text} at (0,0) size 782x39
          text run at (0,0) width 399: "The blue boxes below should be in numeric order and form a \"D\". "
          text run at (399,0) width 383: "(Boxes labelled \"A\" should be in the first column; boxes labelled"
          text run at (0,20) width 338: "\"B\" should be in the second; arrows indicate the correct "
          text run at (338,20) width 65: "alignment.)"
      LayoutBlockFlow {DIV} at (16,56) size 320x0
        LayoutBlockFlow (floating) {P} at (4,4) size 126x35 [color=#FFFFFF] [bgcolor=#000080] [border: (3px solid #0000FF)]
          LayoutText {#text} at (7,7) size 41x19
            text run at (7,7) width 41: "\x{21E6} A 1"
        LayoutBlockFlow (floating) {P} at (138,4) size 126x35 [color=#FFFFFF] [bgcolor=#000080] [border: (3px solid #0000FF)]
          LayoutText {#text} at (7,7) size 40x19
            text run at (7,7) width 40: "\x{21E6} B 2"
        LayoutBlockFlow (floating) {P} at (4,47) size 126x35 [color=#FFFFFF] [bgcolor=#000080] [border: (3px solid #0000FF)]
          LayoutText {#text} at (7,7) size 41x19
            text run at (7,7) width 41: "\x{21E6} A 3"
        LayoutBlockFlow (floating) {P} at (190,47) size 126x35 [color=#FFFFFF] [bgcolor=#000080] [border: (3px solid #0000FF)]
          LayoutText {#text} at (79,7) size 40x19
            text run at (79,7) width 40: "B 4 \x{21E8}"
        LayoutBlockFlow (floating) {P} at (4,90) size 126x35 [color=#FFFFFF] [bgcolor=#000080] [border: (3px solid #0000FF)]
          LayoutText {#text} at (7,7) size 41x19
            text run at (7,7) width 41: "\x{21E6} A 5"
        LayoutBlockFlow (floating) {P} at (190,90) size 126x35 [color=#FFFFFF] [bgcolor=#000080] [border: (3px solid #0000FF)]
          LayoutText {#text} at (79,7) size 40x19
            text run at (79,7) width 40: "B 6 \x{21E8}"
        LayoutBlockFlow (floating) {P} at (190,133) size 126x35 [color=#FFFFFF] [bgcolor=#000080] [border: (3px solid #0000FF)]
          LayoutText {#text} at (79,7) size 40x19
            text run at (79,7) width 40: "B 8 \x{21E8}"
        LayoutBlockFlow (floating) {P} at (4,133) size 126x35 [color=#FFFFFF] [bgcolor=#000080] [border: (3px solid #0000FF)]
          LayoutText {#text} at (7,7) size 41x19
            text run at (7,7) width 41: "\x{21E6} A 7"
        LayoutBlockFlow (floating) {P} at (4,176) size 126x35 [color=#FFFFFF] [bgcolor=#000080] [border: (3px solid #0000FF)]
          LayoutText {#text} at (7,7) size 41x19
            text run at (7,7) width 41: "\x{21E6} A 9"
        LayoutBlockFlow (floating) {P} at (138,176) size 126x35 [color=#FFFFFF] [bgcolor=#000080] [border: (3px solid #0000FF)]
          LayoutText {#text} at (7,7) size 48x19
            text run at (7,7) width 48: "\x{21E6} B 10"
