layer at (0,0) size 800x600
  LayoutView at (0,0) size 800x600
layer at (0,0) size 800x470
  LayoutBlockFlow {HTML} at (0,0) size 800x470
    LayoutBlockFlow {BODY} at (8,16) size 784x438
      LayoutBlockFlow {P} at (0,0) size 784x60 [color=#000080]
        LayoutText {#text} at (0,0) size 777x59
          text run at (0,0) width 386: "The big coloured boxes should be level with the top of the small "
          text run at (386,0) width 363: "coloured boxes of the same color (unless there is not enough"
          text run at (0,20) width 36: "room "
          text run at (36,20) width 368: "for the big box to fit on the small box's line, in which case the "
          text run at (404,20) width 373: "big box should be level with the bottom of the respective small"
          text run at (0,40) width 32: "box)."
      LayoutBlockFlow {DIV} at (16,76) size 752x362 [color=#C0C0C0] [border: (5px solid #800080)]
        LayoutText {#text} at (133,21) size 444x19
          text run at (133,21) width 444: "dummy text dummy text dummy text dummy text dummy text dummy text "
        LayoutInline {SPAN} at (0,0) size 20x25 [color=#FFFFFF] [bgcolor=#008080] [border: (3px solid #00FFFF)]
          LayoutText {#text} at (580,21) size 14x19
            text run at (580,21) width 14: "\x{21E6}"
        LayoutText {#text} at (597,21) size 4x19
          text run at (597,21) width 4: " "
        LayoutImage (floating) {IMG} at (21,21) size 112x112 [color=#FF0000]
        LayoutText {#text} at (601,21) size 586x39
          text run at (601,21) width 118: "dummy text dummy"
          text run at (133,41) width 322: "text dummy text dummy text dummy text dummy text "
        LayoutInline {SPAN} at (0,0) size 20x25 [color=#FFFFFF] [bgcolor=#800080] [border: (3px solid #FF00FF)]
          LayoutText {#text} at (458,41) size 14x19
            text run at (458,41) width 14: "\x{21E8}"
        LayoutText {#text} at (475,41) size 4x19
          text run at (475,41) width 4: " "
        LayoutImage (floating) {IMG} at (619,41) size 112x112 [color=#FF0000]
        LayoutText {#text} at (479,41) size 710x299
          text run at (479,41) width 118: "dummy text dummy"
          text run at (133,61) width 322: "text dummy text dummy text dummy text dummy text "
          text run at (455,61) width 144: "dummy text dummy text"
          text run at (133,81) width 296: "dummy text dummy text dummy text dummy text "
          text run at (429,81) width 144: "dummy text dummy text"
          text run at (133,101) width 296: "dummy text dummy text dummy text dummy text "
          text run at (429,101) width 144: "dummy text dummy text"
          text run at (133,121) width 296: "dummy text dummy text dummy text dummy text "
          text run at (429,121) width 144: "dummy text dummy text"
          text run at (21,141) width 296: "dummy text dummy text dummy text dummy text "
          text run at (317,141) width 292: "dummy text dummy text dummy text dummy text"
          text run at (21,161) width 148: "dummy text dummy text "
          text run at (169,161) width 444: "dummy text dummy text dummy text dummy text dummy text dummy text "
          text run at (613,161) width 118: "dummy text dummy"
          text run at (21,181) width 322: "text dummy text dummy text dummy text dummy text "
          text run at (343,181) width 366: "dummy text dummy text dummy text dummy text dummy text"
          text run at (21,201) width 74: "dummy text "
          text run at (95,201) width 444: "dummy text dummy text dummy text dummy text dummy text dummy text "
          text run at (539,201) width 192: "dummy text dummy text dummy"
          text run at (21,221) width 248: "text dummy text dummy text dummy text "
          text run at (269,221) width 440: "dummy text dummy text dummy text dummy text dummy text dummy text"
          text run at (21,241) width 444: "dummy text dummy text dummy text dummy text dummy text dummy text "
          text run at (465,241) width 266: "dummy text dummy text dummy text dummy"
          text run at (21,261) width 174: "text dummy text dummy text "
          text run at (195,261) width 444: "dummy text dummy text dummy text dummy text dummy text dummy text "
          text run at (639,261) width 70: "dummy text"
          text run at (21,281) width 370: "dummy text dummy text dummy text dummy text dummy text "
          text run at (391,281) width 340: "dummy text dummy text dummy text dummy text dummy"
          text run at (21,301) width 100: "text dummy text "
          text run at (121,301) width 444: "dummy text dummy text dummy text dummy text dummy text dummy text "
          text run at (565,301) width 144: "dummy text dummy text"
          text run at (21,321) width 292: "dummy text dummy text dummy text dummy text"
