layer at (0,0) size 800x600
  LayoutView at (0,0) size 800x600
layer at (0,0) size 800x269
  LayoutBlockFlow {HTML} at (0,0) size 800x269
    LayoutBlockFlow {BODY} at (8,8) size 784x0
      LayoutBlockFlow (floating) {DIV} at (0,0) size 588x261 [color=#FFFFFF] [bgcolor=#000080]
        LayoutBlockFlow (floating) {DIV} at (277,0) size 294x81 [color=#00FFFF] [bgcolor=#008080]
          LayoutBlockFlow {P} at (0,0) size 294x81
            LayoutText {#text} at (0,0) size 294x79
              text run at (0,0) width 294: "To the right of this teal box there should be a"
              text run at (0,20) width 96: "purple square, "
              text run at (96,20) width 198: "tightly squeezed in between the"
              text run at (0,40) width 177: "edge of the teal box and the "
              text run at (177,40) width 117: "outside edge of the"
              text run at (0,60) width 85: "blue block. \x{21E8}"
        LayoutBlockFlow {P} at (0,0) size 588x261
          LayoutText {#text} at (0,0) size 277x39
            text run at (0,0) width 277: "Inside this blue block on the right there should"
            text run at (0,20) width 122: "be a teal box. \x{21E8} "
          LayoutInline {SPAN} at (0,0) size 588x240 [color=#000080]
            LayoutText {#text} at (122,20) size 588x240
              text run at (122,20) width 155: "FAIL FAIL FAIL FAIL"
              text run at (0,41) width 277: "FAIL FAIL FAIL FAIL FAIL FAIL FAIL"
              text run at (0,61) width 40: "FAIL "
              text run at (40,61) width 237: "FAIL FAIL FAIL FAIL FAIL FAIL"
              text run at (0,81) width 222: "FAIL FAIL FAIL FAIL FAIL FAIL "
              text run at (222,81) width 366: "FAIL FAIL FAIL FAIL FAIL FAIL FAIL FAIL FAIL FAIL"
              text run at (0,101) width 74: "FAIL FAIL "
              text run at (74,101) width 444: "FAIL FAIL FAIL FAIL FAIL FAIL FAIL FAIL FAIL FAIL FAIL FAIL "
              text run at (518,101) width 70: "FAIL FAIL"
              text run at (0,121) width 370: "FAIL FAIL FAIL FAIL FAIL FAIL FAIL FAIL FAIL FAIL "
              text run at (370,121) width 218: "FAIL FAIL FAIL FAIL FAIL FAIL"
              text run at (0,141) width 222: "FAIL FAIL FAIL FAIL FAIL FAIL "
              text run at (222,141) width 366: "FAIL FAIL FAIL FAIL FAIL FAIL FAIL FAIL FAIL FAIL"
              text run at (0,161) width 74: "FAIL FAIL "
              text run at (74,161) width 444: "FAIL FAIL FAIL FAIL FAIL FAIL FAIL FAIL FAIL FAIL FAIL FAIL "
              text run at (518,161) width 70: "FAIL FAIL"
              text run at (0,181) width 370: "FAIL FAIL FAIL FAIL FAIL FAIL FAIL FAIL FAIL FAIL "
              text run at (370,181) width 218: "FAIL FAIL FAIL FAIL FAIL FAIL"
              text run at (0,201) width 222: "FAIL FAIL FAIL FAIL FAIL FAIL "
              text run at (222,201) width 366: "FAIL FAIL FAIL FAIL FAIL FAIL FAIL FAIL FAIL FAIL"
              text run at (0,221) width 74: "FAIL FAIL "
              text run at (74,221) width 444: "FAIL FAIL FAIL FAIL FAIL FAIL FAIL FAIL FAIL FAIL FAIL FAIL "
              text run at (518,221) width 70: "FAIL FAIL"
              text run at (0,241) width 366: "FAIL FAIL FAIL FAIL FAIL FAIL FAIL FAIL FAIL FAIL"
          LayoutText {#text} at (0,0) size 0x0
