layer at (0,0) size 800x600
  LayoutView at (0,0) size 800x600
layer at (0,0) size 800x293
  LayoutBlockFlow {HTML} at (0,0) size 800x293
    LayoutBlockFlow {BODY} at (8,16) size 784x261
      LayoutBlockFlow {P} at (0,0) size 784x261 [color=#000080]
        LayoutImage (floating) {IMG} at (0,0) size 50x50
        LayoutText {#text} at (50,0) size 308x19
          text run at (50,0) width 308: "\x{21E6} This text should flow around the box on the left. "
        LayoutInline {SPAN} at (0,0) size 784x260 [color=#C0C0C0]
          LayoutText {#text} at (358,0) size 784x260
            text run at (358,0) width 414: "dummy text dummy text dummy text dummy text dummy text dummy"
            text run at (50,21) width 444: "text dummy text dummy text dummy text dummy text dummy text dummy "
            text run at (494,21) width 244: "text dummy text dummy text dummy text"
            text run at (50,41) width 196: "dummy text dummy text dummy "
            text run at (246,41) width 444: "text dummy text dummy text dummy text dummy text dummy text dummy "
            text run at (690,41) width 70: "text dummy"
            text run at (0,61) width 370: "text dummy text dummy text dummy text dummy text dummy "
            text run at (370,61) width 392: "text dummy text dummy text dummy text dummy text dummy text"
            text run at (0,81) width 48: "dummy "
            text run at (48,81) width 444: "text dummy text dummy text dummy text dummy text dummy text dummy "
            text run at (492,81) width 292: "text dummy text dummy text dummy text dummy"
            text run at (0,101) width 148: "text dummy text dummy "
            text run at (148,101) width 444: "text dummy text dummy text dummy text dummy text dummy text dummy "
            text run at (592,101) width 170: "text dummy text dummy text"
            text run at (0,121) width 270: "dummy text dummy text dummy text dummy "
            text run at (270,121) width 444: "text dummy text dummy text dummy text dummy text dummy text dummy "
            text run at (714,121) width 70: "text dummy"
            text run at (0,141) width 370: "text dummy text dummy text dummy text dummy text dummy "
            text run at (370,141) width 392: "text dummy text dummy text dummy text dummy text dummy text"
            text run at (0,161) width 48: "dummy "
            text run at (48,161) width 444: "text dummy text dummy text dummy text dummy text dummy text dummy "
            text run at (492,161) width 292: "text dummy text dummy text dummy text dummy"
            text run at (0,181) width 148: "text dummy text dummy "
            text run at (148,181) width 444: "text dummy text dummy text dummy text dummy text dummy text dummy "
            text run at (592,181) width 170: "text dummy text dummy text"
            text run at (0,201) width 270: "dummy text dummy text dummy text dummy "
            text run at (270,201) width 444: "text dummy text dummy text dummy text dummy text dummy text dummy "
            text run at (714,201) width 70: "text dummy"
            text run at (0,221) width 370: "text dummy text dummy text dummy text dummy text dummy "
            text run at (370,221) width 392: "text dummy text dummy text dummy text dummy text dummy text"
            text run at (0,241) width 48: "dummy "
            text run at (48,241) width 392: "text dummy text dummy text dummy text dummy text dummy text"
        LayoutText {#text} at (0,0) size 0x0
