layer at (0,0) size 800x600
  LayoutView at (0,0) size 800x600
layer at (0,0) size 800x164
  LayoutBlockFlow {HTML} at (0,0) size 800x164
    LayoutBlockFlow {BODY} at (8,16) size 784x132
      LayoutBlockFlow {P} at (0,0) size 784x20 [color=#000080]
        LayoutText {#text} at (0,0) size 561x19
          text run at (0,0) width 352: "In the following test, the teal blocks must be just inside the "
          text run at (352,0) width 209: "top and sides of the blue rectangle."
      LayoutBlockFlow {DIV} at (0,36) size 784x96
        LayoutBlockFlow {DIV} at (16,0) size 752x96 [color=#0000FF] [bgcolor=#000080] [border: (8px solid #0000FF) none (8px solid #0000FF)]
          LayoutBlockFlow (floating) {P} at (8,8) size 176x96 [color=#00FFFF] [bgcolor=#008080] [border: (4px solid #00FFFF)]
            LayoutText {#text} at (8,8) size 138x79
              text run at (8,8) width 138: "Teal block. Teal block."
              text run at (8,28) width 138: "Teal block. Teal block."
              text run at (8,48) width 138: "Teal block. Teal block."
              text run at (8,68) width 138: "Teal block. Teal block."
          LayoutBlockFlow (floating) {P} at (568,8) size 176x96 [color=#00FFFF] [bgcolor=#008080] [border: (4px solid #00FFFF)]
            LayoutText {#text} at (8,8) size 138x79
              text run at (8,8) width 138: "Teal block. Teal block."
              text run at (8,28) width 138: "Teal block. Teal block."
              text run at (8,48) width 138: "Teal block. Teal block."
              text run at (8,68) width 138: "Teal block. Teal block."
          LayoutText {#text} at (184,8) size 368x79
            text run at (184,8) width 368: "Blue rectangle. Blue rectangle. Blue rectangle. Blue rectangle."
            text run at (184,28) width 368: "Blue rectangle. Blue rectangle. Blue rectangle. Blue rectangle."
            text run at (184,48) width 368: "Blue rectangle. Blue rectangle. Blue rectangle. Blue rectangle."
            text run at (184,68) width 368: "Blue rectangle. Blue rectangle. Blue rectangle. Blue rectangle."
