layer at (0,0) size 800x600
  LayoutView at (0,0) size 800x600
layer at (0,0) size 800x173
  LayoutBlockFlow {HTML} at (0,0) size 800x173
    LayoutBlockFlow {BODY} at (8,16) size 784x141
      LayoutBlockFlow {P} at (0,0) size 784x20 [color=#000080]
        LayoutText {#text} at (0,0) size 206x19
          text run at (0,0) width 206: "There should be no red anywhere."
      LayoutBlockFlow {P} at (0,36) size 784x20 [color=#000080]
        LayoutText {#text} at (0,0) size 361x19
          text run at (0,0) width 361: "There should be two identical squares at the end of this line: "
        LayoutImage {IMG} at (361,0) size 15x15
        LayoutText {#text} at (376,0) size 4x19
          text run at (376,0) width 4: " "
        LayoutInline {SPAN} at (0,0) size 15x15 [color=#0000FF] [bgcolor=#FF0000]
          LayoutText {#text} at (380,0) size 15x15
            text run at (380,0) width 15: "X"
        LayoutText {#text} at (0,0) size 0x0
      LayoutBlockFlow {P} at (0,72) size 784x69 [color=#000080]
        LayoutText {#text} at (0,49) size 361x19
          text run at (0,49) width 361: "There should be two identical squares at the end of this line: "
        LayoutImage {IMG} at (361,0) size 64x64
        LayoutText {#text} at (425,49) size 4x19
          text run at (425,49) width 4: " "
        LayoutInline {SPAN} at (0,0) size 64x64 [color=#0000FF] [bgcolor=#FF0000]
          LayoutText {#text} at (429,0) size 64x64
            text run at (429,0) width 64: "X"
        LayoutText {#text} at (0,0) size 0x0
