layer at (0,0) size 800x600
  LayoutView at (0,0) size 800x600
layer at (0,0) size 800x300
  LayoutBlockFlow {HTML} at (0,0) size 800x300
    LayoutBlockFlow {BODY} at (8,16) size 784x276
      LayoutBlockFlow {P} at (0,0) size 784x20
        LayoutText {#text} at (0,0) size 299x19
          text run at (0,0) width 299: "There should be a green block with no red below."
      LayoutBlockFlow {DIV} at (15,36) size 90x240 [color=#008000] [bgcolor=#FF0000]
        LayoutBlockFlow {DIV} at (0,0) size 90x33
          LayoutImage {IMG} at (0,0) size 30x30
          LayoutInline {SPAN} at (0,0) size 15x15
            LayoutText {#text} at (30,0) size 15x15
              text run at (30,0) width 15: "X"
          LayoutText {#text} at (45,18) size 15x15
            text run at (45,18) width 15: "X"
        LayoutBlockFlow {DIV} at (0,33) size 90x36
          LayoutImage {IMG} at (0,0) size 30x30
          LayoutInline {SPAN} at (0,0) size 45x30
            LayoutInline {SPAN} at (0,0) size 15x15
              LayoutText {#text} at (30,6) size 15x15
                text run at (30,6) width 15: "X"
            LayoutText {#text} at (45,6) size 30x30
              text run at (45,6) width 30: "X"
        LayoutBlockFlow {DIV} at (0,69) size 90x30
          LayoutImage {IMG} at (0,0) size 30x30
          LayoutText {#text} at (30,9) size 15x15
            text run at (30,9) width 15: "X"
        LayoutBlockFlow {DIV} at (0,99) size 90x36
          LayoutImage {IMG} at (0,0) size 30x30
          LayoutInline {SPAN} at (0,0) size 45x30
            LayoutInline {SPAN} at (0,0) size 15x15
              LayoutText {#text} at (30,21) size 15x15
                text run at (30,21) width 15: "X"
            LayoutText {#text} at (45,6) size 30x30
              text run at (45,6) width 30: "X"
        LayoutBlockFlow {DIV} at (0,135) size 90x36
          LayoutImage {IMG} at (0,0) size 30x30
          LayoutInline {SPAN} at (0,0) size 45x30
            LayoutInline {SPAN} at (0,0) size 15x15
              LayoutText {#text} at (30,21) size 15x15
                text run at (30,21) width 15: "X"
            LayoutText {#text} at (45,6) size 30x30
              text run at (45,6) width 30: "X"
        LayoutBlockFlow {DIV} at (0,171) size 90x36
          LayoutImage {IMG} at (0,0) size 30x30
          LayoutInline {SPAN} at (0,0) size 45x30
            LayoutInline {SPAN} at (0,0) size 15x15
              LayoutText {#text} at (30,18) size 15x15
                text run at (30,18) width 15: "X"
            LayoutText {#text} at (45,6) size 30x30
              text run at (45,6) width 30: "X"
        LayoutBlockFlow {DIV} at (0,207) size 90x33
          LayoutImage {IMG} at (0,0) size 30x30
          LayoutInline {SPAN} at (0,0) size 15x15
            LayoutText {#text} at (30,8) size 15x15
              text run at (30,8) width 15: "X"
          LayoutText {#text} at (45,18) size 15x15
            text run at (45,18) width 15: "X"
