layer at (0,0) size 800x600
  LayoutView at (0,0) size 800x600
layer at (0,0) size 800x166
  LayoutBlockFlow {HTML} at (0,0) size 800x166
    LayoutBlockFlow {BODY} at (8,16) size 784x142
      LayoutBlockFlow {P} at (0,0) size 784x20
        LayoutText {#text} at (0,0) size 436x19
          text run at (0,0) width 436: "There should be stripes of dark green and light green below, with no red."
      LayoutBlockFlow {DIV} at (0,36) size 81x106 [color=#00FF00] [bgcolor=#008000] [border: (3px solid #000000)]
        LayoutInline {SPAN} at (0,0) size 75x75 [bgcolor=#FF0000]
          LayoutText {#text} at (3,15) size 75x75
            text run at (3,15) width 75: "xxx"
            text run at (3,65) width 75: "xxx"
        LayoutText {#text} at (0,0) size 0x0
