layer at (0,0) size 800x600
  LayoutView at (0,0) size 800x600
layer at (0,0) size 800x120
  LayoutBlockFlow {HTML} at (0,0) size 800x120
    LayoutBlockFlow {BODY} at (8,16) size 784x96
      LayoutBlockFlow {P} at (0,0) size 784x20
        LayoutText {#text} at (0,0) size 340x19
          text run at (0,0) width 340: "There should be no red below, only green lines and dots."
      LayoutBlockFlow {DIV} at (0,36) size 200x60 [color=#008000]
        LayoutText {#text} at (0,1) size 40x10
          text run at (0,1) width 40: "z z "
        LayoutInline {EM} at (0,0) size 190x22 [color=#FF0000]
          LayoutText {#text} at (40,1) size 190x22
            text run at (40,1) width 150: "x x x x x x x x"
            text run at (0,13) width 40: "x x "
        LayoutText {#text} at (0,0) size 0x0
        LayoutInline {SPAN} at (0,0) size 190x58 [border: (10px solid #00FF00)]
          LayoutText {#text} at (0,0) size 0x0
          LayoutInline {EM} at (0,0) size 190x22 [color=#FF0000]
            LayoutText {#text} at (60,13) size 190x22
              text run at (60,13) width 130: "x x x x x x x"
              text run at (0,25) width 60: "x x x "
              text run at (60,25) width 60: "x x x "
          LayoutText {#text} at (120,25) size 190x22
            text run at (120,25) width 70: "y y y y"
            text run at (0,37) width 100: "y y y y y "
        LayoutText {#text} at (120,37) size 190x22
          text run at (120,37) width 70: "y y y y"
          text run at (0,49) width 190: "y y y y y y z z z z"
