layer at (0,0) size 800x600
  LayoutView at (0,0) size 800x600
layer at (0,0) size 800x359
  LayoutBlockFlow {HTML} at (0,0) size 800x359
    LayoutBlockFlow {BODY} at (8,16) size 784x328
      LayoutBlockFlow {P} at (0,0) size 784x40
        LayoutText {#text} at (0,0) size 765x39
          text run at (0,0) width 365: "Change your window size. However the lines wrap, the blue "
          text run at (365,0) width 400: "rectanglues should always have their tops on the same alignment as"
          text run at (0,20) width 193: "other blue rectangles on the line."
      LayoutBlockFlow {P} at (15,56) size 754x272 [color=#0000FF] [bgcolor=#FFFFFF] [border: (1px solid #C0C0C0)]
        LayoutText {#text} at (8,25) size 61x16
          text run at (8,25) width 61: "xxx "
        LayoutImage {IMG} at (68.50,25.50) size 30x30
        LayoutText {#text} at (98,25) size 16x16
          text run at (98,25) width 16: " "
        LayoutInline {SPAN} at (0,0) size 115x39 [color=#C0C0C0]
          LayoutText {#text} at (113,7) size 115x39
            text run at (113,7) width 115: "xxx"
        LayoutText {#text} at (227,25) size 16x16
          text run at (227,25) width 16: " "
        LayoutImage {IMG} at (242.50,25.50) size 50x50
        LayoutText {#text} at (292,25) size 16x16
          text run at (292,25) width 16: " "
        LayoutInline {BIG} at (0,0) size 61x21 [color=#C0C0C0]
          LayoutText {#text} at (307,21) size 61x21
            text run at (307,21) width 61: "xxx"
        LayoutText {#text} at (367,25) size 16x16
          text run at (367,25) width 16: " "
        LayoutImage {IMG} at (382.50,25.50) size 10x10
        LayoutText {#text} at (392,25) size 16x16
          text run at (392,25) width 16: " "
        LayoutInline {SMALL} at (0,0) size 31x11 [color=#C0C0C0]
          LayoutText {#text} at (407,29) size 31x11
            text run at (407,29) width 31: "xxx"
        LayoutText {#text} at (437,25) size 16x16
          text run at (437,25) width 16: " "
        LayoutImage {IMG} at (452.50,25.50) size 20x20
        LayoutText {#text} at (472,25) size 76x16
          text run at (472,25) width 16: " "
          text run at (487,25) width 61: "xxx "
        LayoutImage {IMG} at (547.50,25.50) size 65x65
        LayoutText {#text} at (612,25) size 16x16
          text run at (612,25) width 16: " "
        LayoutInline {SPAN} at (0,0) size 91x31 [color=#C0C0C0]
          LayoutText {#text} at (627,13) size 91x31
            text run at (627,13) width 91: "xxx"
        LayoutText {#text} at (0,0) size 0x0
        LayoutImage {IMG} at (8.50,123.50) size 35x35
        LayoutText {#text} at (43,123) size 76x16
          text run at (43,123) width 16: " "
          text run at (58,123) width 61: "xxx "
        LayoutImage {IMG} at (118.50,123.50) size 30x30
        LayoutText {#text} at (148,123) size 16x16
          text run at (148,123) width 16: " "
        LayoutInline {SPAN} at (0,0) size 353x24 [color=#C0C0C0]
          LayoutText {#text} at (163,117) size 93x24
            text run at (163,117) width 93: "xxx "
          LayoutInline {SPAN} at (0,0) size 169x57
            LayoutText {#text} at (255,90) size 169x57
              text run at (255,90) width 169: "xxx"
          LayoutText {#text} at (423,117) size 93x24
            text run at (423,117) width 93: " xxx"
        LayoutText {#text} at (515,123) size 16x16
          text run at (515,123) width 16: " "
        LayoutImage {IMG} at (530.50,123.50) size 50x50
        LayoutText {#text} at (580,123) size 16x16
          text run at (580,123) width 16: " "
        LayoutInline {SMALL} at (0,0) size 31x11 [color=#C0C0C0]
          LayoutText {#text} at (595,127) size 31x11
            text run at (595,127) width 31: "xxx"
        LayoutText {#text} at (625,123) size 16x16
          text run at (625,123) width 16: " "
        LayoutImage {IMG} at (640.50,123.50) size 15x15
        LayoutText {#text} at (655,123) size 16x16
          text run at (655,123) width 16: " "
        LayoutInline {BIG} at (0,0) size 61x21 [color=#C0C0C0]
          LayoutText {#text} at (670,119) size 61x21
            text run at (670,119) width 61: "xxx"
        LayoutText {#text} at (0,0) size 0x0
        LayoutImage {IMG} at (8.50,173.50) size 90x90
        LayoutText {#text} at (98,173) size 61x16
          text run at (98,173) width 16: " "
          text run at (113,173) width 46: "xxx"
