layer at (0,0) size 800x600
  LayoutView at (0,0) size 800x600
layer at (0,0) size 800x497
  LayoutBlockFlow {HTML} at (0,0) size 800x497
    LayoutBlockFlow {BODY} at (8,16) size 784x473
      LayoutBlockFlow {P} at (0,0) size 784x20
        LayoutText {#text} at (0,0) size 442x19
          text run at (0,0) width 442: "The square below should be exactly 50% wide on the ruler at the bottom."
      LayoutBlockFlow {DIV} at (0,36) size 784x397
        LayoutImage {IMG} at (0,0) size 392x392
