layer at (0,0) size 800x600
  LayoutView at (0,0) size 800x600
layer at (0,0) size 800x394
  LayoutBlockFlow {HTML} at (0,0) size 800x394
    LayoutBlockFlow {BODY} at (8,8) size 784x366
      LayoutBlockFlow {P} at (0,0) size 784x20
        LayoutText {#text} at (0,0) size 184x19
          text run at (0,0) width 184: "There should be no red below:"
      LayoutBlockFlow {DIV} at (20,40) size 86x326 [color=#008000] [bgcolor=#FF0000] [border: (3px solid #000000)]
        LayoutBlockFlow (anonymous) at (3,3) size 80x80
          LayoutText {#text} at (0,10) size 60x60
            text run at (0,10) width 60: "x x"
            text run at (0,50) width 60: "x x"
        LayoutBlockFlow {P} at (3,83) size 80x160
          LayoutText {#text} at (0,20) size 40x120
            text run at (0,20) width 40: "x"
            text run at (0,100) width 40: "x"
        LayoutBlockFlow (anonymous) at (3,243) size 80x80
          LayoutText {#text} at (0,10) size 60x60
            text run at (0,10) width 60: "x x"
            text run at (0,50) width 60: "x x"
