layer at (0,0) size 800x600
  LayoutView at (0,0) size 800x600
layer at (0,0) size 800x460
  LayoutBlockFlow {HTML} at (0,0) size 800x460
    LayoutBlockFlow {BODY} at (8,16) size 784x428
      LayoutBlockFlow {P} at (0,0) size 784x20 [color=#000080]
        LayoutText {#text} at (0,0) size 586x19
          text run at (0,0) width 377: "Below this paragraph there should be a big teal square half the "
          text run at (377,0) width 209: "width of the window and centered."
      LayoutBlockFlow {P} at (0,36) size 784x392 [color=#000080]
        LayoutImage {IMG} at (196,0) size 392x392
