layer at (0,0) size 800x600
  LayoutView at (0,0) size 800x600
layer at (0,0) size 800x348
  LayoutBlockFlow {HTML} at (0,0) size 800x348
    LayoutBlockFlow {BODY} at (8,8) size 784x332
      LayoutBlockFlow {P} at (0,0) size 784x20
        LayoutText {#text} at (0,0) size 481x19
          text run at (0,0) width 481: "There should be a big pattern of green and lime dots below, with no red present."
      LayoutBlockFlow {DIV} at (6,26) size 66x306 [color=#00FF00] [bgcolor=#FF0000] [border: (3px solid #000000)]
        LayoutBlockFlow {P} at (15,9) size 48x48
          LayoutText {#text} at (0,6) size 36x36
            text run at (0,6) width 36: "X X"
            text run at (0,30) width 36: "X X"
        LayoutBlockFlow {P} at (15,57) size 48x48
          LayoutText {#text} at (0,6) size 36x36
            text run at (0,6) width 36: "X X"
            text run at (0,30) width 36: "X X"
        LayoutBlockFlow {P} at (15,105) size 48x48
          LayoutText {#text} at (0,6) size 36x36
            text run at (0,6) width 36: "X X"
            text run at (0,30) width 36: "X X"
        LayoutBlockFlow {P} at (15,153) size 48x48
          LayoutText {#text} at (0,6) size 36x36
            text run at (0,6) width 36: "X X"
            text run at (0,30) width 36: "X X"
        LayoutBlockFlow {P} at (15,201) size 48x48
          LayoutText {#text} at (0,6) size 36x36
            text run at (0,6) width 36: "X X"
            text run at (0,30) width 36: "X X"
        LayoutBlockFlow {P} at (15,249) size 48x48
          LayoutText {#text} at (0,6) size 36x36
            text run at (0,6) width 36: "X X"
            text run at (0,30) width 36: "X X"
