layer at (0,0) size 800x600
  LayoutView at (0,0) size 800x600
layer at (0,0) size 800x259
  LayoutBlockFlow {HTML} at (0,0) size 800x259
    LayoutBlockFlow {BODY} at (8,16) size 784x228
      LayoutBlockFlow {P} at (0,0) size 784x40
        LayoutText {#text} at (0,0) size 765x39
          text run at (0,0) width 365: "Change your window size. However the lines wrap, the blue "
          text run at (365,0) width 400: "rectanglues should always have their tops on the same alignment as"
          text run at (0,20) width 193: "other blue rectangles on the line."
      LayoutBlockFlow {P} at (15,56) size 754x172 [color=#0000FF] [bgcolor=#FFFFFF] [border: (1px solid #C0C0C0)]
        LayoutInline {SPAN} at (0,0) size 46x16
          LayoutText {#text} at (8,8) size 46x16
            text run at (8,8) width 46: "xxx"
        LayoutText {#text} at (53,8) size 16x16
          text run at (53,8) width 16: " "
        LayoutImage {IMG} at (68.50,8.50) size 10x10
        LayoutText {#text} at (78,8) size 16x16
          text run at (78,8) width 16: " "
        LayoutInline {SPAN} at (0,0) size 115x39
          LayoutText {#text} at (93,7) size 115x39
            text run at (93,7) width 115: "xxx"
        LayoutText {#text} at (207,8) size 16x16
          text run at (207,8) width 16: " "
        LayoutImage {IMG} at (222.50,8.50) size 10x10
        LayoutText {#text} at (232,8) size 16x16
          text run at (232,8) width 16: " "
        LayoutInline {SPAN} at (0,0) size 46x16
          LayoutText {#text} at (247,8) size 46x16
            text run at (247,8) width 46: "xxx"
        LayoutText {#text} at (292,8) size 16x16
          text run at (292,8) width 16: " "
        LayoutImage {IMG} at (307.50,8.50) size 10x10
        LayoutText {#text} at (317,8) size 16x16
          text run at (317,8) width 16: " "
        LayoutInline {SPAN} at (0,0) size 46x16
          LayoutText {#text} at (332,8) size 46x16
            text run at (332,8) width 46: "xxx"
        LayoutText {#text} at (377,8) size 16x16
          text run at (377,8) width 16: " "
        LayoutImage {IMG} at (392.50,8.50) size 10x10
        LayoutText {#text} at (402,8) size 16x16
          text run at (402,8) width 16: " "
        LayoutInline {BIG} at (0,0) size 61x21
          LayoutText {#text} at (417,8) size 61x21
            text run at (417,8) width 61: "xxx"
        LayoutText {#text} at (477,8) size 16x16
          text run at (477,8) width 16: " "
        LayoutImage {IMG} at (492.50,8.50) size 20x20
        LayoutText {#text} at (512,8) size 16x16
          text run at (512,8) width 16: " "
        LayoutInline {SPAN} at (0,0) size 46x16
          LayoutText {#text} at (527,8) size 46x16
            text run at (527,8) width 46: "xxx"
        LayoutText {#text} at (572,8) size 16x16
          text run at (572,8) width 16: " "
        LayoutImage {IMG} at (587.50,8.50) size 65x65
        LayoutText {#text} at (652,8) size 16x16
          text run at (652,8) width 16: " "
        LayoutInline {SPAN} at (0,0) size 46x16
          LayoutText {#text} at (667,8) size 46x16
            text run at (667,8) width 46: "xxx"
        LayoutText {#text} at (0,0) size 0x0
        LayoutImage {IMG} at (8.50,73.50) size 35x35
        LayoutText {#text} at (43,73) size 16x16
          text run at (43,73) width 16: " "
        LayoutInline {SPAN} at (0,0) size 91x31
          LayoutText {#text} at (58,73) size 91x31
            text run at (58,73) width 91: "xxx"
        LayoutText {#text} at (148,73) size 16x16
          text run at (148,73) width 16: " "
        LayoutImage {IMG} at (163.50,73.50) size 50x50
        LayoutText {#text} at (213,73) size 16x16
          text run at (213,73) width 16: " "
        LayoutInline {SPAN} at (0,0) size 46x16
          LayoutText {#text} at (228,73) size 46x16
            text run at (228,73) width 46: "xxx"
        LayoutText {#text} at (273,73) size 16x16
          text run at (273,73) width 16: " "
        LayoutImage {IMG} at (288.50,73.50) size 15x15
        LayoutText {#text} at (303,73) size 16x16
          text run at (303,73) width 16: " "
        LayoutInline {BIG} at (0,0) size 61x21
          LayoutText {#text} at (318,73) size 61x21
            text run at (318,73) width 61: "xxx"
        LayoutText {#text} at (378,73) size 16x16
          text run at (378,73) width 16: " "
        LayoutImage {IMG} at (393.50,73.50) size 90x90
        LayoutText {#text} at (0,0) size 0x0
