layer at (0,0) size 800x600
  LayoutView at (0,0) size 800x600
layer at (0,0) size 800x324
  LayoutBlockFlow {HTML} at (0,0) size 800x324
    LayoutBlockFlow {BODY} at (8,16) size 784x292
      LayoutBlockFlow {P} at (0,0) size 784x20 [color=#000080]
        LayoutText {#text} at (0,0) size 206x19
          text run at (0,0) width 206: "There should be no red anywhere."
      LayoutBlockFlow {P} at (0,36) size 784x20 [color=#000080]
        LayoutText {#text} at (0,0) size 309x19
          text run at (0,0) width 309: "There should be two identical squares after this line:"
      LayoutBlockFlow {DIV} at (16,72) size 752x35
        LayoutImage {IMG} at (0,0) size 15x15
        LayoutBlockFlow {SPAN} at (0,20) size 15x15 [color=#0000FF] [bgcolor=#FF0000]
          LayoutText {#text} at (0,0) size 15x15
            text run at (0,0) width 15: "X"
      LayoutBlockFlow {P} at (0,123) size 784x20 [color=#000080]
        LayoutText {#text} at (0,0) size 309x19
          text run at (0,0) width 309: "There should be two identical squares after this line:"
      LayoutBlockFlow {DIV} at (16,159) size 752x133
        LayoutImage {IMG} at (0,0) size 64x64
        LayoutBlockFlow {SPAN} at (0,69) size 64x64 [color=#0000FF] [bgcolor=#FF0000]
          LayoutText {#text} at (0,0) size 64x64
            text run at (0,0) width 64: "X"
