layer at (0,0) size 800x600
  LayoutView at (0,0) size 800x600
layer at (0,0) size 800x300
  LayoutBlockFlow {HTML} at (0,0) size 800x300
    LayoutBlockFlow {BODY} at (8,16) size 784x276
      LayoutBlockFlow {P} at (0,0) size 784x20
        LayoutText {#text} at (0,0) size 417x19
          text run at (0,0) width 417: "There should be no red below, just the outline of an empty green box."
      LayoutBlockFlow {DIV} at (0,36) size 430x240 [color=#FFFFFF] [bgcolor=#FF0000] [border: (10px solid #008000)]
        LayoutText {#text} at (20,20) size 390x105
          text run at (20,20) width 390: "xxxx xxxx xxxx xxxx xxxx xxxx xxxx xxxx"
          text run at (20,115) width 50: "xxxx "
        LayoutImage {IMG} at (85,50) size 60x60 [border: (10px solid #FFFFFF)]
        LayoutText {#text} at (160,115) size 110x10
          text run at (160,115) width 10: " "
          text run at (170,115) width 100: "xxxx xxxx "
        LayoutImage {IMG} at (285,130) size 60x60 [border: (10px solid #FFFFFF)]
        LayoutText {#text} at (360,115) size 390x105
          text run at (360,115) width 10: " "
          text run at (370,115) width 40: "xxxx"
          text run at (20,210) width 390: "xxxx xxxx xxxx xxxx xxxx xxxx xxxx xxxx"
