layer at (0,0) size 800x600
  LayoutView at (0,0) size 800x600
layer at (0,0) size 800x565
  LayoutBlockFlow {HTML} at (0,0) size 800x565
    LayoutBlockFlow {BODY} at (8,16) size 784x541
      LayoutBlockFlow {P} at (0,0) size 784x40
        LayoutText {#text} at (0,0) size 763x39
          text run at (0,0) width 376: "The blue rectangle below should be exactly 200 pixels by 120 "
          text run at (376,0) width 362: "pixels on the ruler (and the aqua bars should stick out of the "
          text run at (738,0) width 25: "blue"
          text run at (0,20) width 156: "box, with no red present)."
      LayoutBlockFlow {DIV} at (0,56) size 784x485
        LayoutImage {IMG} at (40,40) size 120x200
