layer at (0,0) size 800x600
  LayoutView at (0,0) size 800x600
layer at (0,0) size 800x100
  LayoutBlockFlow {HTML} at (0,0) size 800x100
    LayoutBlockFlow {BODY} at (100,100) size 600x0 [bgcolor=#FF0000]
layer at (0,0) size 800x600
  LayoutBlockFlow (positioned) {DIV} at (0,0) size 800x600 [color=#008000] [bgcolor=#FFFFFF]
    LayoutText {#text} at (0,0) size 220x19
      text run at (0,0) width 220: "There should be no red on this page."
