layer at (0,0) size 800x600
  LayoutView at (0,0) size 800x600
layer at (0,0) size 800x100
  LayoutBlockFlow {HTML} at (0,0) size 800x100
    LayoutBlockFlow {BODY} at (8,16) size 784x76
      LayoutBlockFlow {P} at (0,0) size 784x20
        LayoutText {#text} at (0,0) size 272x19
          text run at (0,0) width 272: "The following two lines should look the same:"
      LayoutBlockFlow {DIV} at (0,36) size 784x20
        LayoutInline {SPAN} at (0,0) size 10x19
          LayoutInline {<pseudo:before>} at (0,0) size 10x19
            LayoutCounter (anonymous) at (0,0) size 10x19
              text run at (0,0) width 10: "i.i"
        LayoutText {#text} at (10,0) size 4x19
          text run at (10,0) width 4: " "
        LayoutInline {SPAN} at (0,0) size 13x19
          LayoutInline {<pseudo:before>} at (0,0) size 13x19
            LayoutCounter (anonymous) at (14,0) size 13x19
              text run at (14,0) width 13: "i.ii"
        LayoutText {#text} at (27,0) size 4x19
          text run at (27,0) width 4: " "
        LayoutInline {SPAN} at (0,0) size 16x19
          LayoutInline {<pseudo:before>} at (0,0) size 16x19
            LayoutCounter (anonymous) at (31,0) size 16x19
              text run at (31,0) width 16: "i.iii"
        LayoutText {#text} at (47,0) size 4x19
          text run at (47,0) width 4: " "
        LayoutInline {SPAN} at (0,0) size 17x19
          LayoutInline {<pseudo:before>} at (0,0) size 17x19
            LayoutCounter (anonymous) at (51,0) size 17x19
              text run at (51,0) width 17: "i.iv"
        LayoutText {#text} at (68,0) size 4x19
          text run at (68,0) width 4: " "
        LayoutInline {SPAN} at (0,0) size 14x19
          LayoutInline {<pseudo:before>} at (0,0) size 14x19
            LayoutCounter (anonymous) at (72,0) size 14x19
              text run at (72,0) width 14: "i.v"
        LayoutText {#text} at (86,0) size 4x19
          text run at (86,0) width 4: " "
        LayoutInline {SPAN} at (0,0) size 17x19
          LayoutInline {<pseudo:before>} at (0,0) size 17x19
            LayoutCounter (anonymous) at (90,0) size 17x19
              text run at (90,0) width 17: "i.vi"
        LayoutText {#text} at (107,0) size 4x19
          text run at (107,0) width 4: " "
        LayoutInline {SPAN} at (0,0) size 20x19
          LayoutInline {<pseudo:before>} at (0,0) size 20x19
            LayoutCounter (anonymous) at (111,0) size 20x19
              text run at (111,0) width 20: "i.vii"
        LayoutText {#text} at (131,0) size 4x19
          text run at (131,0) width 4: " "
        LayoutInline {SPAN} at (0,0) size 23x19
          LayoutInline {<pseudo:before>} at (0,0) size 23x19
            LayoutCounter (anonymous) at (135,0) size 23x19
              text run at (135,0) width 23: "i.viii"
        LayoutText {#text} at (158,0) size 4x19
          text run at (158,0) width 4: " "
        LayoutInline {SPAN} at (0,0) size 17x19
          LayoutInline {<pseudo:before>} at (0,0) size 17x19
            LayoutCounter (anonymous) at (162,0) size 17x19
              text run at (162,0) width 17: "i.ix"
        LayoutText {#text} at (179,0) size 4x19
          text run at (179,0) width 4: " "
        LayoutInline {SPAN} at (0,0) size 14x19
          LayoutInline {<pseudo:before>} at (0,0) size 14x19
            LayoutCounter (anonymous) at (183,0) size 14x19
              text run at (183,0) width 14: "i.x"
        LayoutText {#text} at (197,0) size 4x19
          text run at (197,0) width 4: " "
        LayoutInline {SPAN} at (0,0) size 17x19
          LayoutInline {<pseudo:before>} at (0,0) size 17x19
            LayoutCounter (anonymous) at (201,0) size 17x19
              text run at (201,0) width 17: "i.xi"
        LayoutText {#text} at (218,0) size 4x19
          text run at (218,0) width 4: " "
        LayoutInline {SPAN} at (0,0) size 20x19
          LayoutInline {<pseudo:before>} at (0,0) size 20x19
            LayoutCounter (anonymous) at (222,0) size 20x19
              text run at (222,0) width 20: "i.xii"
        LayoutText {#text} at (242,0) size 4x19
          text run at (242,0) width 4: " "
        LayoutInline {SPAN} at (0,0) size 27x19
          LayoutInline {<pseudo:before>} at (0,0) size 27x19
            LayoutCounter (anonymous) at (246,0) size 27x19
              text run at (246,0) width 27: "i.xlix"
        LayoutText {#text} at (273,0) size 4x19
          text run at (273,0) width 4: " "
        LayoutInline {SPAN} at (0,0) size 10x19
          LayoutInline {<pseudo:before>} at (0,0) size 10x19
            LayoutCounter (anonymous) at (277,0) size 10x19
              text run at (277,0) width 10: "i.l"
        LayoutText {#text} at (287,0) size 4x19
          text run at (287,0) width 4: " "
        LayoutInline {SPAN} at (0,0) size 62x19
          LayoutInline {<pseudo:before>} at (0,0) size 62x19
            LayoutCounter (anonymous) at (291,0) size 62x19
              text run at (291,0) width 62: "i.ccclxxxix"
        LayoutText {#text} at (353,0) size 4x19
          text run at (353,0) width 4: " "
        LayoutInline {SPAN} at (0,0) size 42x19
          LayoutInline {<pseudo:before>} at (0,0) size 42x19
            LayoutCounter (anonymous) at (357,0) size 42x19
              text run at (357,0) width 42: "i.cccxc"
        LayoutText {#text} at (399,0) size 4x19
          text run at (399,0) width 4: " "
        LayoutInline {SPAN} at (0,0) size 89x19
          LayoutInline {<pseudo:before>} at (0,0) size 89x19
            LayoutCounter (anonymous) at (403,0) size 89x19
              text run at (403,0) width 89: "i.mmmcdlxxxix"
        LayoutText {#text} at (492,0) size 4x19
          text run at (492,0) width 4: " "
        LayoutInline {SPAN} at (0,0) size 69x19
          LayoutInline {<pseudo:before>} at (0,0) size 69x19
            LayoutCounter (anonymous) at (496,0) size 69x19
              text run at (496,0) width 69: "i.mmmcdxc"
        LayoutText {#text} at (565,0) size 4x19
          text run at (565,0) width 4: " "
        LayoutInline {SPAN} at (0,0) size 72x19
          LayoutInline {<pseudo:before>} at (0,0) size 72x19
            LayoutCounter (anonymous) at (569,0) size 72x19
              text run at (569,0) width 72: "i.mmmcdxci"
        LayoutText {#text} at (0,0) size 0x0
      LayoutBlockFlow {DIV} at (0,56) size 784x20
        LayoutText {#text} at (0,0) size 641x19
          text run at (0,0) width 14: "i.i "
          text run at (14,0) width 17: "i.ii "
          text run at (31,0) width 20: "i.iii "
          text run at (51,0) width 21: "i.iv "
          text run at (72,0) width 18: "i.v "
          text run at (90,0) width 21: "i.vi "
          text run at (111,0) width 24: "i.vii "
          text run at (135,0) width 27: "i.viii "
          text run at (162,0) width 21: "i.ix "
          text run at (183,0) width 18: "i.x "
          text run at (201,0) width 21: "i.xi "
          text run at (222,0) width 24: "i.xii "
          text run at (246,0) width 31: "i.xlix "
          text run at (277,0) width 14: "i.l "
          text run at (291,0) width 66: "i.ccclxxxix "
          text run at (357,0) width 46: "i.cccxc "
          text run at (403,0) width 93: "i.mmmcdlxxxix "
          text run at (496,0) width 73: "i.mmmcdxc "
          text run at (569,0) width 72: "i.mmmcdxci"
