layer at (0,0) size 800x600
  LayoutView at (0,0) size 800x600
layer at (0,0) size 800x100
  LayoutBlockFlow {HTML} at (0,0) size 800x100
    LayoutBlockFlow {BODY} at (8,16) size 784x76
      LayoutBlockFlow {P} at (0,0) size 784x20
        LayoutText {#text} at (0,0) size 260x19
          text run at (0,0) width 260: "The following two lines should be the same:"
      LayoutBlockFlow {DIV} at (0,36) size 784x20
        LayoutInline {SPAN} at (0,0) size 490x19
          LayoutInline {<pseudo:before>} at (0,0) size 24x19
            LayoutTextFragment (anonymous) at (0,0) size 10x19
              text run at (0,0) width 10: "B"
            LayoutCounter (anonymous) at (10,0) size 8x19
              text run at (10,0) width 8: "1"
            LayoutTextFragment (anonymous) at (18,0) size 6x19
              text run at (18,0) width 6: "-"
          LayoutInline {SPAN} at (0,0) size 441x19
            LayoutInline {<pseudo:before>} at (0,0) size 24x19
              LayoutTextFragment (anonymous) at (24,0) size 10x19
                text run at (24,0) width 10: "B"
              LayoutCounter (anonymous) at (34,0) size 8x19
                text run at (34,0) width 8: "2"
              LayoutTextFragment (anonymous) at (42,0) size 6x19
                text run at (42,0) width 6: "-"
            LayoutInline {SPAN} at (0,0) size 219x19
              LayoutInline {<pseudo:before>} at (0,0) size 36x19
                LayoutTextFragment (anonymous) at (48,0) size 10x19
                  text run at (48,0) width 10: "B"
                LayoutCounter (anonymous) at (58,0) size 20x19
                  text run at (58,0) width 20: "2.1"
                LayoutTextFragment (anonymous) at (78,0) size 6x19
                  text run at (78,0) width 6: "-"
              LayoutInline {SPAN} at (0,0) size 73x19
                LayoutInline {<pseudo:before>} at (0,0) size 36x19
                  LayoutTextFragment (anonymous) at (84,0) size 10x19
                    text run at (84,0) width 10: "B"
                  LayoutCounter (anonymous) at (94,0) size 20x19
                    text run at (94,0) width 20: "2.2"
                  LayoutTextFragment (anonymous) at (114,0) size 6x19
                    text run at (114,0) width 6: "-"
                LayoutInline {<pseudo:after>} at (0,0) size 37x19
                  LayoutTextFragment (anonymous) at (120,0) size 11x19
                    text run at (120,0) width 11: "A"
                  LayoutCounter (anonymous) at (131,0) size 20x19
                    text run at (131,0) width 20: "2.3"
                  LayoutTextFragment (anonymous) at (151,0) size 6x19
                    text run at (151,0) width 6: "-"
              LayoutInline {SPAN} at (0,0) size 73x19
                LayoutInline {<pseudo:before>} at (0,0) size 36x19
                  LayoutTextFragment (anonymous) at (157,0) size 10x19
                    text run at (157,0) width 10: "B"
                  LayoutCounter (anonymous) at (167,0) size 20x19
                    text run at (167,0) width 20: "2.4"
                  LayoutTextFragment (anonymous) at (187,0) size 6x19
                    text run at (187,0) width 6: "-"
                LayoutInline {<pseudo:after>} at (0,0) size 37x19
                  LayoutTextFragment (anonymous) at (193,0) size 11x19
                    text run at (193,0) width 11: "A"
                  LayoutCounter (anonymous) at (204,0) size 20x19
                    text run at (204,0) width 20: "2.5"
                  LayoutTextFragment (anonymous) at (224,0) size 6x19
                    text run at (224,0) width 6: "-"
              LayoutInline {<pseudo:after>} at (0,0) size 37x19
                LayoutTextFragment (anonymous) at (230,0) size 11x19
                  text run at (230,0) width 11: "A"
                LayoutCounter (anonymous) at (241,0) size 20x19
                  text run at (241,0) width 20: "2.6"
                LayoutTextFragment (anonymous) at (261,0) size 6x19
                  text run at (261,0) width 6: "-"
            LayoutInline {SPAN} at (0,0) size 154x19
              LayoutInline {<pseudo:before>} at (0,0) size 36x19
                LayoutTextFragment (anonymous) at (267,0) size 10x19
                  text run at (267,0) width 10: "B"
                LayoutCounter (anonymous) at (277,0) size 20x19
                  text run at (277,0) width 20: "2.7"
                LayoutTextFragment (anonymous) at (297,0) size 6x19
                  text run at (297,0) width 6: "-"
              LayoutInline {SPAN} at (0,0) size 73x19
                LayoutInline {<pseudo:before>} at (0,0) size 36x19
                  LayoutTextFragment (anonymous) at (303,0) size 10x19
                    text run at (303,0) width 10: "B"
                  LayoutCounter (anonymous) at (313,0) size 20x19
                    text run at (313,0) width 20: "2.8"
                  LayoutTextFragment (anonymous) at (333,0) size 6x19
                    text run at (333,0) width 6: "-"
                LayoutInline {<pseudo:after>} at (0,0) size 37x19
                  LayoutTextFragment (anonymous) at (339,0) size 11x19
                    text run at (339,0) width 11: "A"
                  LayoutCounter (anonymous) at (350,0) size 20x19
                    text run at (350,0) width 20: "2.9"
                  LayoutTextFragment (anonymous) at (370,0) size 6x19
                    text run at (370,0) width 6: "-"
              LayoutInline {<pseudo:after>} at (0,0) size 45x19
                LayoutTextFragment (anonymous) at (376,0) size 11x19
                  text run at (376,0) width 11: "A"
                LayoutCounter (anonymous) at (387,0) size 28x19
                  text run at (387,0) width 28: "2.10"
                LayoutTextFragment (anonymous) at (415,0) size 6x19
                  text run at (415,0) width 6: "-"
            LayoutInline {<pseudo:after>} at (0,0) size 44x19
              LayoutTextFragment (anonymous) at (421,0) size 11x19
                text run at (421,0) width 11: "A"
              LayoutCounter (anonymous) at (432,0) size 27x19
                text run at (432,0) width 27: "2.11"
              LayoutTextFragment (anonymous) at (459,0) size 6x19
                text run at (459,0) width 6: "-"
          LayoutInline {<pseudo:after>} at (0,0) size 25x19
            LayoutTextFragment (anonymous) at (465,0) size 11x19
              text run at (465,0) width 11: "A"
            LayoutCounter (anonymous) at (476,0) size 8x19
              text run at (476,0) width 8: "3"
            LayoutTextFragment (anonymous) at (484,0) size 6x19
              text run at (484,0) width 6: "-"
      LayoutBlockFlow {DIV} at (0,56) size 784x20
        LayoutText {#text} at (0,0) size 490x19
          text run at (0,0) width 490: "B1-B2-B2.1-B2.2-A2.3-B2.4-A2.5-A2.6-B2.7-B2.8-A2.9-A2.10-A2.11-A3-"
