layer at (0,0) size 800x600
  LayoutView at (0,0) size 800x600
layer at (0,0) size 800x100
  LayoutBlockFlow {HTML} at (0,0) size 800x100
    LayoutBlockFlow {BODY} at (8,16) size 784x76
      LayoutBlockFlow {P} at (0,0) size 784x20
        LayoutText {#text} at (0,0) size 216x19
          text run at (0,0) width 216: "The following two lines should look "
        LayoutInline {EM} at (0,0) size 92x19
          LayoutText {#text} at (216,0) size 92x19
            text run at (216,0) width 92: "approximately"
        LayoutText {#text} at (308,0) size 60x19
          text run at (308,0) width 60: " the same:"
      LayoutBlockFlow {DIV} at (0,36) size 784x20
        LayoutInline {SPAN} at (0,0) size 16x19
          LayoutInline {<pseudo:before>} at (0,0) size 16x19
            LayoutCounter (anonymous) at (0,0) size 16x19
              text run at (0,0) width 16: "\x{2022}.\x{2022}"
        LayoutText {#text} at (16,0) size 4x19
          text run at (16,0) width 4: " "
        LayoutInline {SPAN} at (0,0) size 16x19
          LayoutInline {<pseudo:before>} at (0,0) size 16x19
            LayoutCounter (anonymous) at (20,0) size 16x19
              text run at (20,0) width 16: "\x{2022}.\x{2022}"
        LayoutText {#text} at (36,0) size 4x19
          text run at (36,0) width 4: " "
        LayoutInline {SPAN} at (0,0) size 16x19
          LayoutInline {<pseudo:before>} at (0,0) size 16x19
            LayoutCounter (anonymous) at (40,0) size 16x19
              text run at (40,0) width 16: "\x{2022}.\x{2022}"
        LayoutText {#text} at (56,0) size 4x19
          text run at (56,0) width 4: " "
        LayoutInline {SPAN} at (0,0) size 16x19
          LayoutInline {<pseudo:before>} at (0,0) size 16x19
            LayoutCounter (anonymous) at (60,0) size 16x19
              text run at (60,0) width 16: "\x{2022}.\x{2022}"
        LayoutText {#text} at (76,0) size 4x19
          text run at (76,0) width 4: " "
        LayoutInline {SPAN} at (0,0) size 16x19
          LayoutInline {<pseudo:before>} at (0,0) size 16x19
            LayoutCounter (anonymous) at (80,0) size 16x19
              text run at (80,0) width 16: "\x{2022}.\x{2022}"
        LayoutText {#text} at (96,0) size 4x19
          text run at (96,0) width 4: " "
        LayoutInline {SPAN} at (0,0) size 16x19
          LayoutInline {<pseudo:before>} at (0,0) size 16x19
            LayoutCounter (anonymous) at (100,0) size 16x19
              text run at (100,0) width 16: "\x{2022}.\x{2022}"
        LayoutText {#text} at (116,0) size 4x19
          text run at (116,0) width 4: " "
        LayoutInline {SPAN} at (0,0) size 16x19
          LayoutInline {<pseudo:before>} at (0,0) size 16x19
            LayoutCounter (anonymous) at (120,0) size 16x19
              text run at (120,0) width 16: "\x{2022}.\x{2022}"
        LayoutText {#text} at (136,0) size 4x19
          text run at (136,0) width 4: " "
        LayoutInline {SPAN} at (0,0) size 16x19
          LayoutInline {<pseudo:before>} at (0,0) size 16x19
            LayoutCounter (anonymous) at (140,0) size 16x19
              text run at (140,0) width 16: "\x{2022}.\x{2022}"
        LayoutText {#text} at (156,0) size 4x19
          text run at (156,0) width 4: " "
        LayoutInline {SPAN} at (0,0) size 16x19
          LayoutInline {<pseudo:before>} at (0,0) size 16x19
            LayoutCounter (anonymous) at (160,0) size 16x19
              text run at (160,0) width 16: "\x{2022}.\x{2022}"
        LayoutText {#text} at (176,0) size 4x19
          text run at (176,0) width 4: " "
        LayoutInline {SPAN} at (0,0) size 16x19
          LayoutInline {<pseudo:before>} at (0,0) size 16x19
            LayoutCounter (anonymous) at (180,0) size 16x19
              text run at (180,0) width 16: "\x{2022}.\x{2022}"
        LayoutText {#text} at (196,0) size 4x19
          text run at (196,0) width 4: " "
        LayoutInline {SPAN} at (0,0) size 16x19
          LayoutInline {<pseudo:before>} at (0,0) size 16x19
            LayoutCounter (anonymous) at (200,0) size 16x19
              text run at (200,0) width 16: "\x{2022}.\x{2022}"
        LayoutText {#text} at (216,0) size 4x19
          text run at (216,0) width 4: " "
        LayoutInline {SPAN} at (0,0) size 16x19
          LayoutInline {<pseudo:before>} at (0,0) size 16x19
            LayoutCounter (anonymous) at (220,0) size 16x19
              text run at (220,0) width 16: "\x{2022}.\x{2022}"
        LayoutText {#text} at (0,0) size 0x0
      LayoutBlockFlow {DIV} at (0,56) size 784x20
        LayoutText {#text} at (0,0) size 236x19
          text run at (0,0) width 20: "\x{2022}.\x{2022} "
          text run at (20,0) width 20: "\x{2022}.\x{2022} "
          text run at (40,0) width 20: "\x{2022}.\x{2022} "
          text run at (60,0) width 20: "\x{2022}.\x{2022} "
          text run at (80,0) width 20: "\x{2022}.\x{2022} "
          text run at (100,0) width 20: "\x{2022}.\x{2022} "
          text run at (120,0) width 20: "\x{2022}.\x{2022} "
          text run at (140,0) width 20: "\x{2022}.\x{2022} "
          text run at (160,0) width 20: "\x{2022}.\x{2022} "
          text run at (180,0) width 20: "\x{2022}.\x{2022} "
          text run at (200,0) width 20: "\x{2022}.\x{2022} "
          text run at (220,0) width 16: "\x{2022}.\x{2022}"
