layer at (0,0) size 800x600
  LayoutView at (0,0) size 800x600
layer at (0,0) size 800x100
  LayoutBlockFlow {HTML} at (0,0) size 800x100
    LayoutBlockFlow {BODY} at (8,16) size 784x76
      LayoutBlockFlow {P} at (0,0) size 784x20
        LayoutText {#text} at (0,0) size 272x19
          text run at (0,0) width 272: "The following two lines should look the same:"
      LayoutBlockFlow {DIV} at (0,36) size 784x20
        LayoutInline {SPAN} at (0,0) size 3x19
          LayoutInline {<pseudo:before>} at (0,0) size 3x19
            LayoutCounter (anonymous) at (0,0) size 3x19
              text run at (0,0) width 3: "i"
        LayoutText {#text} at (3,0) size 4x19
          text run at (3,0) width 4: " "
        LayoutInline {SPAN} at (0,0) size 6x19
          LayoutInline {<pseudo:before>} at (0,0) size 6x19
            LayoutCounter (anonymous) at (7,0) size 6x19
              text run at (7,0) width 6: "ii"
        LayoutText {#text} at (13,0) size 4x19
          text run at (13,0) width 4: " "
        LayoutInline {SPAN} at (0,0) size 9x19
          LayoutInline {<pseudo:before>} at (0,0) size 9x19
            LayoutCounter (anonymous) at (17,0) size 9x19
              text run at (17,0) width 9: "iii"
        LayoutText {#text} at (26,0) size 4x19
          text run at (26,0) width 4: " "
        LayoutInline {SPAN} at (0,0) size 10x19
          LayoutInline {<pseudo:before>} at (0,0) size 10x19
            LayoutCounter (anonymous) at (30,0) size 10x19
              text run at (30,0) width 10: "iv"
        LayoutText {#text} at (40,0) size 4x19
          text run at (40,0) width 4: " "
        LayoutInline {SPAN} at (0,0) size 7x19
          LayoutInline {<pseudo:before>} at (0,0) size 7x19
            LayoutCounter (anonymous) at (44,0) size 7x19
              text run at (44,0) width 7: "v"
        LayoutText {#text} at (51,0) size 4x19
          text run at (51,0) width 4: " "
        LayoutInline {SPAN} at (0,0) size 10x19
          LayoutInline {<pseudo:before>} at (0,0) size 10x19
            LayoutCounter (anonymous) at (55,0) size 10x19
              text run at (55,0) width 10: "vi"
        LayoutText {#text} at (65,0) size 4x19
          text run at (65,0) width 4: " "
        LayoutInline {SPAN} at (0,0) size 13x19
          LayoutInline {<pseudo:before>} at (0,0) size 13x19
            LayoutCounter (anonymous) at (69,0) size 13x19
              text run at (69,0) width 13: "vii"
        LayoutText {#text} at (82,0) size 4x19
          text run at (82,0) width 4: " "
        LayoutInline {SPAN} at (0,0) size 16x19
          LayoutInline {<pseudo:before>} at (0,0) size 16x19
            LayoutCounter (anonymous) at (86,0) size 16x19
              text run at (86,0) width 16: "viii"
        LayoutText {#text} at (102,0) size 4x19
          text run at (102,0) width 4: " "
        LayoutInline {SPAN} at (0,0) size 10x19
          LayoutInline {<pseudo:before>} at (0,0) size 10x19
            LayoutCounter (anonymous) at (106,0) size 10x19
              text run at (106,0) width 10: "ix"
        LayoutText {#text} at (116,0) size 4x19
          text run at (116,0) width 4: " "
        LayoutInline {SPAN} at (0,0) size 7x19
          LayoutInline {<pseudo:before>} at (0,0) size 7x19
            LayoutCounter (anonymous) at (120,0) size 7x19
              text run at (120,0) width 7: "x"
        LayoutText {#text} at (127,0) size 4x19
          text run at (127,0) width 4: " "
        LayoutInline {SPAN} at (0,0) size 10x19
          LayoutInline {<pseudo:before>} at (0,0) size 10x19
            LayoutCounter (anonymous) at (131,0) size 10x19
              text run at (131,0) width 10: "xi"
        LayoutText {#text} at (141,0) size 4x19
          text run at (141,0) width 4: " "
        LayoutInline {SPAN} at (0,0) size 13x19
          LayoutInline {<pseudo:before>} at (0,0) size 13x19
            LayoutCounter (anonymous) at (145,0) size 13x19
              text run at (145,0) width 13: "xii"
        LayoutText {#text} at (158,0) size 4x19
          text run at (158,0) width 4: " "
        LayoutInline {SPAN} at (0,0) size 20x19
          LayoutInline {<pseudo:before>} at (0,0) size 20x19
            LayoutCounter (anonymous) at (162,0) size 20x19
              text run at (162,0) width 20: "xlix"
        LayoutText {#text} at (182,0) size 4x19
          text run at (182,0) width 4: " "
        LayoutInline {SPAN} at (0,0) size 3x19
          LayoutInline {<pseudo:before>} at (0,0) size 3x19
            LayoutCounter (anonymous) at (186,0) size 3x19
              text run at (186,0) width 3: "l"
        LayoutText {#text} at (189,0) size 4x19
          text run at (189,0) width 4: " "
        LayoutInline {SPAN} at (0,0) size 55x19
          LayoutInline {<pseudo:before>} at (0,0) size 55x19
            LayoutCounter (anonymous) at (193,0) size 55x19
              text run at (193,0) width 55: "ccclxxxix"
        LayoutText {#text} at (248,0) size 4x19
          text run at (248,0) width 4: " "
        LayoutInline {SPAN} at (0,0) size 35x19
          LayoutInline {<pseudo:before>} at (0,0) size 35x19
            LayoutCounter (anonymous) at (252,0) size 35x19
              text run at (252,0) width 35: "cccxc"
        LayoutText {#text} at (287,0) size 4x19
          text run at (287,0) width 4: " "
        LayoutInline {SPAN} at (0,0) size 82x19
          LayoutInline {<pseudo:before>} at (0,0) size 82x19
            LayoutCounter (anonymous) at (291,0) size 82x19
              text run at (291,0) width 82: "mmmcdlxxxix"
        LayoutText {#text} at (373,0) size 4x19
          text run at (373,0) width 4: " "
        LayoutInline {SPAN} at (0,0) size 62x19
          LayoutInline {<pseudo:before>} at (0,0) size 62x19
            LayoutCounter (anonymous) at (377,0) size 62x19
              text run at (377,0) width 62: "mmmcdxc"
        LayoutText {#text} at (439,0) size 4x19
          text run at (439,0) width 4: " "
        LayoutInline {SPAN} at (0,0) size 65x19
          LayoutInline {<pseudo:before>} at (0,0) size 65x19
            LayoutCounter (anonymous) at (443,0) size 65x19
              text run at (443,0) width 65: "mmmcdxci"
        LayoutText {#text} at (0,0) size 0x0
      LayoutBlockFlow {DIV} at (0,56) size 784x20
        LayoutText {#text} at (0,0) size 508x19
          text run at (0,0) width 7: "i "
          text run at (7,0) width 10: "ii "
          text run at (17,0) width 13: "iii "
          text run at (30,0) width 14: "iv "
          text run at (44,0) width 11: "v "
          text run at (55,0) width 14: "vi "
          text run at (69,0) width 17: "vii "
          text run at (86,0) width 20: "viii "
          text run at (106,0) width 14: "ix "
          text run at (120,0) width 11: "x "
          text run at (131,0) width 14: "xi "
          text run at (145,0) width 17: "xii "
          text run at (162,0) width 24: "xlix "
          text run at (186,0) width 7: "l "
          text run at (193,0) width 59: "ccclxxxix "
          text run at (252,0) width 39: "cccxc "
          text run at (291,0) width 86: "mmmcdlxxxix "
          text run at (377,0) width 66: "mmmcdxc "
          text run at (443,0) width 65: "mmmcdxci"
