layer at (0,0) size 800x600
  LayoutView at (0,0) size 800x600
layer at (0,0) size 800x210
  LayoutBlockFlow {HTML} at (0,0) size 800x210
    LayoutBlockFlow {BODY} at (8,16) size 784x178 [color=#000080]
      LayoutBlockFlow {P} at (0,0) size 784x20
        LayoutText {#text} at (0,0) size 224x19
          text run at (0,0) width 224: "Each bullet should look as described."
      LayoutBlockFlow {UL} at (0,36) size 784x66
        LayoutListItem {LI} at (40,0) size 744x22
          LayoutListMarker (anonymous) at (-24,0) size 17x17
          LayoutText {#text} at (0,2) size 82x19
            text run at (0,2) width 82: "purple square"
        LayoutListItem {LI} at (40,22) size 744x22
          LayoutListMarker (anonymous) at (-24,0) size 17x17
          LayoutText {#text} at (0,2) size 82x19
            text run at (0,2) width 82: "purple square"
        LayoutListItem {LI} at (40,44) size 744x22
          LayoutListMarker (anonymous) at (-24,0) size 17x17
          LayoutText {#text} at (0,2) size 82x19
            text run at (0,2) width 82: "purple square"
      LayoutBlockFlow {UL} at (0,118) size 784x60
        LayoutListItem {LI} at (40,0) size 744x20
          LayoutListMarker (anonymous) at (-18,0) size 7x19: bullet
          LayoutText {#text} at (0,0) size 24x19
            text run at (0,0) width 24: "disc"
        LayoutListItem {LI} at (40,20) size 744x20
          LayoutListMarker (anonymous) at (-18,0) size 7x19: bullet
          LayoutText {#text} at (0,0) size 24x19
            text run at (0,0) width 24: "disc"
        LayoutListItem {LI} at (40,40) size 744x20
          LayoutListMarker (anonymous) at (-18,0) size 7x19: bullet
          LayoutText {#text} at (0,0) size 24x19
            text run at (0,0) width 24: "disc"
