layer at (0,0) size 800x600
  LayoutView at (0,0) size 800x600
layer at (0,0) size 800x100
  LayoutBlockFlow {HTML} at (0,0) size 800x100
    LayoutBlockFlow {BODY} at (8,16) size 784x76
      LayoutBlockFlow {P} at (0,0) size 784x20
        LayoutText {#text} at (0,0) size 272x19
          text run at (0,0) width 272: "The following two lines should look the same:"
      LayoutBlockFlow {DIV} at (0,36) size 784x20
        LayoutInline {SPAN} at (0,0) size 8x19
          LayoutInline {<pseudo:before>} at (0,0) size 8x19
            LayoutCounter (anonymous) at (0,0) size 8x19
              text run at (0,0) width 8: "\x{3B1}"
        LayoutText {#text} at (8,0) size 4x19
          text run at (8,0) width 4: " "
        LayoutInline {SPAN} at (0,0) size 8x19
          LayoutInline {<pseudo:before>} at (0,0) size 8x19
            LayoutCounter (anonymous) at (12,0) size 8x19
              text run at (12,0) width 8: "\x{3B2}"
        LayoutText {#text} at (20,0) size 4x19
          text run at (20,0) width 4: " "
        LayoutInline {SPAN} at (0,0) size 7x19
          LayoutInline {<pseudo:before>} at (0,0) size 7x19
            LayoutCounter (anonymous) at (24,0) size 7x19
              text run at (24,0) width 7: "\x{3B3}"
        LayoutText {#text} at (31,0) size 4x19
          text run at (31,0) width 4: " "
        LayoutInline {SPAN} at (0,0) size 8x19
          LayoutInline {<pseudo:before>} at (0,0) size 8x19
            LayoutCounter (anonymous) at (35,0) size 8x19
              text run at (35,0) width 8: "\x{3B4}"
        LayoutText {#text} at (43,0) size 4x19
          text run at (43,0) width 4: " "
        LayoutInline {SPAN} at (0,0) size 7x19
          LayoutInline {<pseudo:before>} at (0,0) size 7x19
            LayoutCounter (anonymous) at (47,0) size 7x19
              text run at (47,0) width 7: "\x{3B5}"
        LayoutText {#text} at (54,0) size 4x19
          text run at (54,0) width 4: " "
        LayoutInline {SPAN} at (0,0) size 7x19
          LayoutInline {<pseudo:before>} at (0,0) size 7x19
            LayoutCounter (anonymous) at (58,0) size 7x19
              text run at (58,0) width 7: "\x{3B6}"
        LayoutText {#text} at (65,0) size 4x19
          text run at (65,0) width 4: " "
        LayoutInline {SPAN} at (0,0) size 8x19
          LayoutInline {<pseudo:before>} at (0,0) size 8x19
            LayoutCounter (anonymous) at (69,0) size 8x19
              text run at (69,0) width 8: "\x{3B7}"
        LayoutText {#text} at (77,0) size 4x19
          text run at (77,0) width 4: " "
        LayoutInline {SPAN} at (0,0) size 8x19
          LayoutInline {<pseudo:before>} at (0,0) size 8x19
            LayoutCounter (anonymous) at (81,0) size 8x19
              text run at (81,0) width 8: "\x{3B8}"
        LayoutText {#text} at (89,0) size 4x19
          text run at (89,0) width 4: " "
        LayoutInline {SPAN} at (0,0) size 4x19
          LayoutInline {<pseudo:before>} at (0,0) size 4x19
            LayoutCounter (anonymous) at (93,0) size 4x19
              text run at (93,0) width 4: "\x{3B9}"
        LayoutText {#text} at (97,0) size 4x19
          text run at (97,0) width 4: " "
        LayoutInline {SPAN} at (0,0) size 8x19
          LayoutInline {<pseudo:before>} at (0,0) size 8x19
            LayoutCounter (anonymous) at (101,0) size 8x19
              text run at (101,0) width 8: "\x{3BA}"
        LayoutText {#text} at (109,0) size 4x19
          text run at (109,0) width 4: " "
        LayoutInline {SPAN} at (0,0) size 8x19
          LayoutInline {<pseudo:before>} at (0,0) size 8x19
            LayoutCounter (anonymous) at (113,0) size 8x19
              text run at (113,0) width 8: "\x{3BB}"
        LayoutText {#text} at (121,0) size 4x19
          text run at (121,0) width 4: " "
        LayoutInline {SPAN} at (0,0) size 9x19
          LayoutInline {<pseudo:before>} at (0,0) size 9x19
            LayoutCounter (anonymous) at (125,0) size 9x19
              text run at (125,0) width 9: "\x{3BC}"
        LayoutText {#text} at (0,0) size 0x0
      LayoutBlockFlow {DIV} at (0,56) size 784x20
        LayoutText {#text} at (0,0) size 134x19
          text run at (0,0) width 12: "\x{3B1} "
          text run at (12,0) width 12: "\x{3B2} "
          text run at (24,0) width 11: "\x{3B3} "
          text run at (35,0) width 12: "\x{3B4} "
          text run at (47,0) width 11: "\x{3B5} "
          text run at (58,0) width 11: "\x{3B6} "
          text run at (69,0) width 12: "\x{3B7} "
          text run at (81,0) width 12: "\x{3B8} "
          text run at (93,0) width 8: "\x{3B9} "
          text run at (101,0) width 12: "\x{3BA} "
          text run at (113,0) width 12: "\x{3BB} "
          text run at (125,0) width 9: "\x{3BC}"
