layer at (0,0) size 800x600
  LayoutView at (0,0) size 800x600
layer at (0,0) size 800x102
  LayoutBlockFlow {HTML} at (0,0) size 800x101.59
    LayoutBlockFlow {BODY} at (8,16) size 784x77.59
      LayoutBlockFlow {P} at (0,0) size 784x20
        LayoutText {#text} at (0,0) size 341x19
          text run at (0,0) width 341: "The following two boxes should be identical, to the pixel."
      LayoutBlockFlow {OL} at (80,36) size 160x20 [color=#FFFFFF] [bgcolor=#000080]
        LayoutListItem {LI} at (0,0) size 160x20
          LayoutListMarker (anonymous) at (-16,0) size 16x19: "1"
          LayoutInline {SPAN} at (0,0) size 12x19 [color=#000080]
            LayoutText {#text} at (0,0) size 12x19
              text run at (0,0) width 12: "1."
          LayoutText {#text} at (12,0) size 29x19
            text run at (12,0) width 29: " Test"
      LayoutBlockFlow {OL} at (80,57.59) size 160x20 [color=#000080] [bgcolor=#000080]
        LayoutListItem {LI} at (0,0) size 160x20
          LayoutListMarker (anonymous) at (0,0) size 16x19: "1"
          LayoutInline {SPAN} at (0,0) size 25x19 [color=#FFFFFF]
            LayoutText {#text} at (16,0) size 25x19
              text run at (16,0) width 25: "Test"
