layer at (0,0) size 800x600
  LayoutView at (0,0) size 800x600
layer at (0,0) size 800x432
  LayoutBlockFlow {HTML} at (0,0) size 800x432
    LayoutBlockFlow {BODY} at (8,16) size 784x400 [color=#000080]
      LayoutBlockFlow {P} at (0,0) size 784x20
        LayoutText {#text} at (0,0) size 367x19
          text run at (0,0) width 367: "The two columns should look the same, except for alignment."
      LayoutBlockFlow {OL} at (0,36) size 784x60
        LayoutListItem {LI} at (40,0) size 744x20
          LayoutListMarker (anonymous) at (-11,0) size 11x19: "i"
          LayoutText {#text} at (0,0) size 7x19
            text run at (0,0) width 7: "i."
        LayoutListItem {LI} at (40,20) size 744x20
          LayoutListMarker (anonymous) at (-14,0) size 14x19: "ii"
          LayoutText {#text} at (0,0) size 10x19
            text run at (0,0) width 10: "ii."
        LayoutListItem {LI} at (40,40) size 744x20
          LayoutListMarker (anonymous) at (-17,0) size 17x19: "iii"
          LayoutText {#text} at (0,0) size 13x19
            text run at (0,0) width 13: "iii."
      LayoutBlockFlow {OL} at (0,112) size 784x60
        LayoutListItem {LI} at (40,0) size 744x20
          LayoutListMarker (anonymous) at (-13,0) size 13x19: "I"
          LayoutText {#text} at (0,0) size 9x19
            text run at (0,0) width 9: "I."
        LayoutListItem {LI} at (40,20) size 744x20
          LayoutListMarker (anonymous) at (-18,0) size 18x19: "II"
          LayoutText {#text} at (0,0) size 14x19
            text run at (0,0) width 14: "II."
        LayoutListItem {LI} at (40,40) size 744x20
          LayoutListMarker (anonymous) at (-23,0) size 23x19: "III"
          LayoutText {#text} at (0,0) size 19x19
            text run at (0,0) width 19: "III."
      LayoutBlockFlow {OL} at (0,188) size 784x60
        LayoutListItem {LI} at (40,0) size 744x20
          LayoutListMarker (anonymous) at (-15,0) size 15x19: "a"
          LayoutText {#text} at (0,0) size 11x19
            text run at (0,0) width 11: "a."
        LayoutListItem {LI} at (40,20) size 744x20
          LayoutListMarker (anonymous) at (-16,0) size 16x19: "b"
          LayoutText {#text} at (0,0) size 12x19
            text run at (0,0) width 12: "b."
        LayoutListItem {LI} at (40,40) size 744x20
          LayoutListMarker (anonymous) at (-15,0) size 15x19: "c"
          LayoutText {#text} at (0,0) size 11x19
            text run at (0,0) width 11: "c."
      LayoutBlockFlow {OL} at (0,264) size 784x60
        LayoutListItem {LI} at (40,0) size 744x20
          LayoutListMarker (anonymous) at (-19,0) size 19x19: "A"
          LayoutText {#text} at (0,0) size 15x19
            text run at (0,0) width 15: "A."
        LayoutListItem {LI} at (40,20) size 744x20
          LayoutListMarker (anonymous) at (-18,0) size 18x19: "B"
          LayoutText {#text} at (0,0) size 14x19
            text run at (0,0) width 14: "B."
        LayoutListItem {LI} at (40,40) size 744x20
          LayoutListMarker (anonymous) at (-19,0) size 19x19: "C"
          LayoutText {#text} at (0,0) size 15x19
            text run at (0,0) width 15: "C."
      LayoutBlockFlow {OL} at (0,340) size 784x60
        LayoutListItem {LI} at (40,0) size 744x20
          LayoutListMarker (anonymous) at (-19,0) size 19x19: "A"
          LayoutText {#text} at (0,0) size 15x19
            text run at (0,0) width 15: "A."
        LayoutListItem {LI} at (40,20) size 744x20
          LayoutListMarker (anonymous) at (-18,0) size 18x19: "B"
          LayoutText {#text} at (0,0) size 14x19
            text run at (0,0) width 14: "B."
        LayoutListItem {LI} at (40,40) size 744x20
          LayoutListMarker (anonymous) at (-16,0) size 16x19: "3"
          LayoutText {#text} at (0,0) size 12x19
            text run at (0,0) width 12: "3."
