layer at (0,0) size 800x600
  LayoutView at (0,0) size 800x600
layer at (0,0) size 800x352
  LayoutBlockFlow {HTML} at (0,0) size 800x352
    LayoutBlockFlow {BODY} at (0,16) size 800x336
      LayoutBlockFlow {P} at (0,0) size 800x20
        LayoutText {#text} at (0,0) size 220x19
          text run at (0,0) width 220: "There should be no red on this page."
      LayoutBlockFlow {DIV} at (0,36) size 165x75 [color=#FFFFFF]
        LayoutText {#text} at (0,0) size 165x75
          text run at (0,0) width 165: "           "
          text run at (0,15) width 165: "           "
          text run at (0,30) width 165: "           "
          text run at (0,45) width 165: "           "
          text run at (0,60) width 165: "          X"
      LayoutBlockFlow {DIV} at (0,111) size 165x75 [color=#FFFFFF]
        LayoutText {#text} at (0,0) size 165x75
          text run at (0,0) width 165: "           "
          text run at (0,15) width 165: "           "
          text run at (0,30) width 165: "X          "
          text run at (0,45) width 165: "           "
          text run at (0,60) width 165: "           "
      LayoutBlockFlow {DIV} at (0,186) size 165x75 [color=#FFFFFF]
        LayoutText {#text} at (0,0) size 165x75
          text run at (0,0) width 165: "           "
          text run at (0,15) width 165: "        X  "
          text run at (0,30) width 165: "           "
          text run at (0,45) width 165: "           "
          text run at (0,60) width 165: "           "
      LayoutBlockFlow {DIV} at (0,261) size 165x75 [color=#FFFFFF]
        LayoutText {#text} at (0,0) size 165x75
          text run at (0,0) width 165: "           "
          text run at (0,15) width 165: "           "
          text run at (0,30) width 165: "  X        "
          text run at (0,45) width 165: "           "
          text run at (0,60) width 165: "           "
