layer at (0,0) size 800x600
  LayoutView at (0,0) size 800x600
layer at (0,0) size 800x124
  LayoutBlockFlow {HTML} at (0,0) size 800x124
    LayoutBlockFlow {BODY} at (8,16) size 784x92
      LayoutBlockFlow {P} at (0,0) size 784x20 [bgcolor=#00FF00]
        LayoutText {#text} at (0,0) size 152x19
          text run at (0,0) width 152: "This line should be green."
      LayoutBlockFlow {P} at (0,36) size 784x20 [bgcolor=#00FF00]
        LayoutText {#text} at (0,0) size 53x19
          text run at (0,0) width 53: "This line "
        LayoutInline {SPAN} at (0,0) size 95x19
          LayoutText {#text} at (53,0) size 95x19
            text run at (53,0) width 95: "should be green"
        LayoutText {#text} at (148,0) size 28x19
          text run at (148,0) width 28: " too."
      LayoutBlockFlow {P} at (0,72) size 784x20 [bgcolor=#AAFFAA]
        LayoutText {#text} at (0,0) size 181x19
          text run at (0,0) width 181: "This line should be pale green."
