layer at (0,0) size 800x600
  LayoutView at (0,0) size 800x600
layer at (0,0) size 800x348
  LayoutBlockFlow {HTML} at (0,0) size 800x348
    LayoutBlockFlow {BODY} at (8,16) size 784x324
      LayoutBlockFlow {P} at (0,0) size 784x20
        LayoutText {#text} at (0,0) size 444x19
          text run at (0,0) width 444: "There should be a solid single uninterrupted smooth column of blue below."
      LayoutBlockFlow {DIV} at (96,36) size 592x48 [color=#000080]
        LayoutText {#text} at (0,0) size 48x48
          text run at (0,0) width 48: "x"
      LayoutBlockFlow {DIV} at (96,84) size 592x48 [color=#000080]
        LayoutText {#text} at (0,0) size 48x48
          text run at (0,0) width 48: "x"
      LayoutBlockFlow {DIV} at (96,132) size 592x48 [color=#000080]
        LayoutText {#text} at (0,0) size 48x48
          text run at (0,0) width 48: "x"
      LayoutBlockFlow {DIV} at (96,180) size 592x48 [color=#000080]
        LayoutText {#text} at (0,0) size 48x48
          text run at (0,0) width 48: "x"
      LayoutBlockFlow {DIV} at (96,228) size 592x48 [color=#000080]
        LayoutText {#text} at (0,0) size 48x48
          text run at (0,0) width 48: "x"
      LayoutBlockFlow {DIV} at (96,276) size 592x48 [color=#000080]
        LayoutText {#text} at (0,0) size 48x48
          text run at (0,0) width 48: "x"
