layer at (0,0) size 800x600
  LayoutView at (0,0) size 800x600
layer at (0,0) size 800x464
  LayoutBlockFlow {HTML} at (0,0) size 800x463.80
    LayoutBlockFlow {BODY} at (8,16) size 784x431.80
      LayoutBlockFlow {P} at (0,0) size 784x20 [color=#000080]
        LayoutText {#text} at (0,0) size 192x19
          text run at (0,0) width 192: "This sentence should be normal."
      LayoutBlockFlow {P} at (0,36) size 784x20 [color=#000080]
        LayoutText {#text} at (0,0) size 292x19
          text run at (0,0) width 292: "This sentence should be bolder than normal."
      LayoutBlockFlow {P} at (0,72) size 784x20 [color=#000080]
        LayoutText {#text} at (0,0) size 195x19
          text run at (0,0) width 195: "This sentence should be bold."
      LayoutBlockFlow {H4} at (0,113.27) size 784x20 [color=#000080]
        LayoutText {#text} at (0,0) size 203x19
          text run at (0,0) width 203: "Whatever this line looks like..."
      LayoutBlockFlow {H4} at (0,154.53) size 784x20 [color=#000080]
        LayoutText {#text} at (0,0) size 286x19
          text run at (0,0) width 286: "...this line should look bolder (or the same)."
      LayoutBlockFlow {P} at (0,195.80) size 784x20 [color=#000080]
        LayoutInline {B} at (0,0) size 192x19
          LayoutText {#text} at (0,0) size 192x19
            text run at (0,0) width 192: "This sentence should be normal."
        LayoutText {#text} at (0,0) size 0x0
      LayoutBlockFlow {P} at (0,231.80) size 784x20 [color=#000080]
        LayoutText {#text} at (0,0) size 205x19
          text run at (0,0) width 205: "This sentence should be very light."
      LayoutBlockFlow {P} at (0,267.80) size 784x20 [color=#000080]
        LayoutText {#text} at (0,0) size 318x19
          text run at (0,0) width 318: "This sentence should be slightly bolder (or the same)."
      LayoutBlockFlow {P} at (0,303.80) size 784x20 [color=#000080]
        LayoutText {#text} at (0,0) size 353x19
          text run at (0,0) width 353: "This sentence should be slightly bolder again (or the same)."
      LayoutBlockFlow {P} at (0,339.80) size 784x20 [color=#000080]
        LayoutText {#text} at (0,0) size 413x19
          text run at (0,0) width 413: "This sentence should be slightly bolder still (but not the same)."
      LayoutBlockFlow {P} at (0,375.80) size 784x20 [color=#000080]
        LayoutText {#text} at (0,0) size 506x19
          text run at (0,0) width 506: "This sentence should be the most bold (and maybe the same as the last one)."
      LayoutBlockFlow {P} at (0,411.80) size 784x20 [color=#000080]
        LayoutText {#text} at (0,0) size 199x19
          text run at (0,0) width 199: "This sentence should be bold. "
        LayoutInline {SPAN} at (0,0) size 192x19
          LayoutText {#text} at (199,0) size 192x19
            text run at (199,0) width 192: "This sentence should be normal."
        LayoutText {#text} at (0,0) size 0x0
