layer at (0,0) size 800x600
  LayoutView at (0,0) size 800x600
layer at (0,0) size 800x288
  LayoutBlockFlow {HTML} at (0,0) size 800x288
    LayoutBlockFlow {BODY} at (8,18) size 784x252 [color=#000080]
      LayoutBlockFlow {P} at (0,0) size 784x252
        LayoutText {#text} at (0,8) size 775x56
          text run at (0,8) width 775: "This text should be 18px monospace, in small-caps, italicized, and very bold, with double"
          text run at (0,44) width 121: "line spacing. "
        LayoutInline {SPAN} at (0,0) size 768x200 [color=#C0C0C0]
          LayoutText {#text} at (121,44) size 768x200
            text run at (121,44) width 521: "dummy text dummy text dummy text dummy text dummy text dummy "
            text run at (642,44) width 126: "text dummy text"
            text run at (0,80) width 427: "dummy text dummy text dummy text dummy text dummy "
            text run at (427,80) width 314: "text dummy text dummy text dummy text"
            text run at (0,116) width 239: "dummy text dummy text dummy "
            text run at (239,116) width 502: "text dummy text dummy text dummy text dummy text dummy text"
            text run at (0,152) width 51: "dummy "
            text run at (51,152) width 564: "text dummy text dummy text dummy text dummy text dummy text dummy "
            text run at (615,152) width 126: "text dummy text"
            text run at (0,188) width 427: "dummy text dummy text dummy text dummy text dummy "
            text run at (427,188) width 314: "text dummy text dummy text dummy text"
            text run at (0,224) width 239: "dummy text dummy text dummy "
            text run at (239,224) width 502: "text dummy text dummy text dummy text dummy text dummy text"
        LayoutText {#text} at (0,0) size 0x0
