layer at (0,0) size 800x600 scrollHeight 804
  LayoutView at (0,0) size 800x600
layer at (0,0) size 800x804 backgroundClip at (0,0) size 800x600 clip at (0,0) size 800x600
  LayoutBlockFlow {HTML} at (0,0) size 800x804
    LayoutBlockFlow {BODY} at (8,18) size 784x768 [color=#000080]
      LayoutBlockFlow {P} at (0,0) size 784x768
        LayoutText {#text} at (0,37) size 779x118
          text run at (0,37) width 779: "This text should be 18px sans-serif, in small-caps and italicized. The lines should be one"
          text run at (0,133) width 99: "inch apart. "
        LayoutInline {SPAN} at (0,0) size 737x598 [color=#C0C0C0]
          LayoutText {#text} at (99,133) size 737x598
            text run at (99,133) width 593: "dummy text dummy text dummy text dummy text dummy text dummy "
            text run at (692,133) width 38: "text"
            text run at (0,229) width 593: "dummy text dummy text dummy text dummy text dummy text dummy "
            text run at (593,229) width 144: "text dummy text"
            text run at (0,325) width 487: "dummy text dummy text dummy text dummy text dummy "
            text run at (487,325) width 250: "text dummy text dummy text"
            text run at (0,421) width 381: "dummy text dummy text dummy text dummy "
            text run at (381,421) width 356: "text dummy text dummy text dummy text"
            text run at (0,517) width 275: "dummy text dummy text dummy "
            text run at (275,517) width 462: "text dummy text dummy text dummy text dummy text"
            text run at (0,613) width 169: "dummy text dummy "
            text run at (169,613) width 568: "text dummy text dummy text dummy text dummy text dummy text"
            text run at (0,709) width 63: "dummy "
            text run at (63,709) width 568: "text dummy text dummy text dummy text dummy text dummy text"
        LayoutText {#text} at (0,0) size 0x0
