layer at (0,0) size 800x600
  LayoutView at (0,0) size 800x600
layer at (0,0) size 800x134
  LayoutBlockFlow {HTML} at (0,0) size 800x134.19
    LayoutBlockFlow {BODY} at (8,9.59) size 784x115 [color=#000080]
      LayoutBlockFlow {P} at (0,0) size 784x115
        LayoutText {#text} at (0,5) size 475x13
          text run at (0,5) width 475: "This test should be about 10px, sans-serif, and light. There should be about 15px between each line. "
        LayoutInline {SPAN} at (0,0) size 762x105 [color=#C0C0C0]
          LayoutText {#text} at (475,5) size 762x105
            text run at (475,5) width 287: "dummy text dummy text dummy text dummy text dummy text"
            text run at (0,28) width 38: "dummy "
            text run at (38,28) width 348: "text dummy text dummy text dummy text dummy text dummy text dummy "
            text run at (386,28) width 348: "text dummy text dummy text dummy text dummy text dummy text dummy "
            text run at (734,28) width 17: "text"
            text run at (0,51) width 328: "dummy text dummy text dummy text dummy text dummy text dummy "
            text run at (328,51) width 348: "text dummy text dummy text dummy text dummy text dummy text dummy "
            text run at (676,51) width 75: "text dummy text"
            text run at (0,74) width 270: "dummy text dummy text dummy text dummy text dummy "
            text run at (270,74) width 348: "text dummy text dummy text dummy text dummy text dummy text dummy "
            text run at (618,74) width 133: "text dummy text dummy text"
            text run at (0,97) width 171: "dummy text dummy text dummy text"
        LayoutText {#text} at (0,0) size 0x0
