layer at (0,0) size 800x600
  LayoutView at (0,0) size 800x600
layer at (0,0) size 800x156
  LayoutBlockFlow {HTML} at (0,0) size 800x156
    LayoutBlockFlow {BODY} at (8,16) size 784x132
      LayoutBlockFlow {P} at (0,0) size 784x20
        LayoutText {#text} at (0,0) size 444x19
          text run at (0,0) width 444: "There should be a solid single uninterrupted smooth column of blue below."
      LayoutBlockFlow {DIV} at (0,36) size 784x96 [color=#000080]
        LayoutBlockFlow {DIV} at (0,0) size 784x32
          LayoutText {#text} at (0,0) size 32x32
            text run at (0,0) width 32: "x"
        LayoutBlockFlow {DIV} at (0,32) size 784x32
          LayoutText {#text} at (0,-1) size 33x33
            text run at (0,-1) width 33: "x"
        LayoutBlockFlow {DIV} at (0,64) size 784x32
          LayoutText {#text} at (0,0) size 32x32
            text run at (0,0) width 32: "x"
