layer at (0,0) size 800x600
  LayoutView at (0,0) size 800x600
layer at (0,0) size 800x522
  LayoutBlockFlow {HTML} at (0,0) size 800x522
    LayoutBlockFlow {BODY} at (8,18) size 784x486 [color=#000080]
      LayoutBlockFlow {P} at (0,0) size 784x486
        LayoutText {#text} at (0,16) size 723x76
          text run at (0,16) width 723: "This text should be 18px sans-serif, in small-caps, italicized, and very light. There"
          text run at (0,70) width 359: "should be a 36px gap between each line. "
        LayoutInline {SPAN} at (0,0) size 778x400 [color=#C0C0C0]
          LayoutText {#text} at (359,70) size 778x400
            text run at (359,70) width 419: "dummy text dummy text dummy text dummy text"
            text run at (0,124) width 169: "dummy text dummy "
            text run at (169,124) width 568: "text dummy text dummy text dummy text dummy text dummy text"
            text run at (0,178) width 63: "dummy "
            text run at (63,178) width 636: "text dummy text dummy text dummy text dummy text dummy text dummy "
            text run at (699,178) width 38: "text"
            text run at (0,232) width 593: "dummy text dummy text dummy text dummy text dummy text dummy "
            text run at (593,232) width 144: "text dummy text"
            text run at (0,286) width 487: "dummy text dummy text dummy text dummy text dummy "
            text run at (487,286) width 250: "text dummy text dummy text"
            text run at (0,340) width 381: "dummy text dummy text dummy text dummy "
            text run at (381,340) width 356: "text dummy text dummy text dummy text"
            text run at (0,394) width 275: "dummy text dummy text dummy "
            text run at (275,394) width 462: "text dummy text dummy text dummy text dummy text"
            text run at (0,448) width 101: "dummy text"
        LayoutText {#text} at (0,0) size 0x0
