layer at (0,0) size 800x600
  LayoutView at (0,0) size 800x600
layer at (0,0) size 800x285
  LayoutBlockFlow {HTML} at (0,0) size 800x285
    LayoutBlockFlow {BODY} at (8,8) size 784x269
      LayoutBlockFlow {DIV} at (0,0) size 784x118
        LayoutBlockFlow {P} at (0,0) size 784x20 [color=#000080]
          LayoutText {#text} at (0,0) size 228x19
            text run at (0,0) width 228: "This sentence should be in a serif font."
        LayoutBlockFlow {P} at (0,20) size 784x20 [color=#000080]
          LayoutText {#text} at (0,0) size 228x19
            text run at (0,0) width 228: "This sentence should be in a serif font."
        LayoutBlockFlow {P} at (0,40) size 784x19 [color=#000080]
          LayoutText {#text} at (0,0) size 301x18
            text run at (0,0) width 301: "This sentence should be in a sans-serif font."
        LayoutBlockFlow {P} at (0,59) size 784x23 [color=#000080]
          LayoutText {#text} at (0,0) size 299x23
            text run at (0,0) width 299: "This sentence should be in a cursive font."
        LayoutBlockFlow {P} at (0,82) size 784x20 [color=#000080]
          LayoutText {#text} at (0,0) size 267x20
            text run at (0,0) width 267: "This sentence should be in a fantasy font."
        LayoutBlockFlow {P} at (0,102) size 784x16 [color=#000080]
          LayoutText {#text} at (0,0) size 352x16
            text run at (0,0) width 352: "This sentence should be in a monospace font."
      LayoutBlockFlow {P} at (0,118) size 784x19 [color=#000080]
        LayoutText {#text} at (0,0) size 301x18
          text run at (0,0) width 301: "This sentence should be in a sans-serif font."
      LayoutBlockFlow {P} at (0,137) size 784x18 [color=#000080]
        LayoutText {#text} at (0,0) size 440x18
          text run at (0,0) width 440: "This sentence should be in a monospace font."
      LayoutBlockFlow {DIV} at (0,155) size 784x114
        LayoutBlockFlow {P} at (0,0) size 784x16 [color=#000080]
          LayoutText {#text} at (0,0) size 352x16
            text run at (0,0) width 352: "This sentence should be in a monospace font."
        LayoutBlockFlow {P} at (0,16) size 784x20 [color=#000080]
          LayoutText {#text} at (0,0) size 228x19
            text run at (0,0) width 228: "This sentence should be in a serif font."
        LayoutBlockFlow {P} at (0,36) size 784x19 [color=#000080]
          LayoutText {#text} at (0,0) size 301x18
            text run at (0,0) width 301: "This sentence should be in a sans-serif font."
        LayoutBlockFlow {P} at (0,55) size 784x23 [color=#000080]
          LayoutText {#text} at (0,0) size 299x23
            text run at (0,0) width 299: "This sentence should be in a cursive font."
        LayoutBlockFlow {P} at (0,78) size 784x20 [color=#000080]
          LayoutText {#text} at (0,0) size 267x20
            text run at (0,0) width 267: "This sentence should be in a fantasy font."
        LayoutBlockFlow {P} at (0,98) size 784x16 [color=#000080]
          LayoutText {#text} at (0,0) size 352x16
            text run at (0,0) width 352: "This sentence should be in a monospace font."
