layer at (0,0) size 800x600
  LayoutView at (0,0) size 800x600
layer at (0,0) size 800x105
  LayoutBlockFlow {HTML} at (0,0) size 800x105
    LayoutBlockFlow {BODY} at (8,16) size 784x81
      LayoutBlockFlow {P} at (0,0) size 784x20
        LayoutText {#text} at (0,0) size 387x19
          text run at (0,0) width 387: "There should be a single small column of blue below with no red:"
      LayoutBlockFlow {DIV} at (0,36) size 784x15
        LayoutImage {IMG} at (384.50,0) size 15x15
      LayoutBlockFlow {DIV} at (0,51) size 784x15
        LayoutImage {IMG} at (384.50,0) size 15x15
      LayoutBlockFlow {DIV} at (0,66) size 784x15 [color=#0000FF]
        LayoutText {#text} at (384,0) size 16x15
          text run at (384,0) width 16: "X"
