layer at (0,0) size 800x600
  LayoutView at (0,0) size 800x600
layer at (0,0) size 800x204
  LayoutBlockFlow {HTML} at (0,0) size 800x204
    LayoutBlockFlow {BODY} at (8,16) size 784x180
      LayoutBlockFlow {P} at (0,0) size 784x20
        LayoutText {#text} at (0,0) size 676x19
          text run at (0,0) width 676: "There should be a stripy pattern of yellow and aqua below (each vertical stripe should be straight and unbroken)."
      LayoutBlockFlow {DIV} at (48,36) size 360x24 [color=#00FFFF] [bgcolor=#FFFF00]
        LayoutText {#text} at (0,0) size 312x24
          text run at (0,0) width 312: "x  x    xx xx"
      LayoutBlockFlow {DIV} at (48,60) size 360x24 [color=#00FFFF] [bgcolor=#FFFF00]
        LayoutText {#text} at (0,0) size 312x24
          text run at (0,0) width 312: "x  x    xx xx"
      LayoutBlockFlow {DIV} at (48,84) size 360x24 [color=#00FFFF] [bgcolor=#FFFF00]
        LayoutText {#text} at (0,0) size 312x24
          text run at (0,0) width 312: "x  x    xx xx"
      LayoutBlockFlow {DIV} at (48,108) size 360x24 [color=#00FFFF] [bgcolor=#FFFF00]
        LayoutText {#text} at (0,0) size 216x24
          text run at (0,0) width 216: "xx "
        LayoutInline {SPAN} at (0,0) size 120x24
          LayoutText {#text} at (216,0) size 120x24
            text run at (216,0) width 120: "xx xx"
        LayoutText {#text} at (0,0) size 0x0
      LayoutBlockFlow {DIV} at (48,132) size 360x24 [color=#00FFFF] [bgcolor=#FFFF00]
        LayoutText {#text} at (0,0) size 312x24
          text run at (0,0) width 312: "x  x    xx xx"
      LayoutBlockFlow {DIV} at (48,156) size 360x24 [color=#00FFFF] [bgcolor=#FFFF00]
        LayoutText {#text} at (0,0) size 300x24
          text run at (0,0) width 300: "x     x         x x   x x"
