layer at (0,0) size 800x600
  LayoutView at (0,0) size 800x600
layer at (0,0) size 800x300
  LayoutBlockFlow {HTML} at (0,0) size 800x300
    LayoutBlockFlow {BODY} at (8,16) size 784x276
      LayoutBlockFlow {P} at (0,0) size 784x20
        LayoutText {#text} at (0,0) size 358x19
          text run at (0,0) width 358: "There should be a tall solid unbroken column of blue below."
      LayoutBlockFlow {DIV} at (0,36) size 432x24 [color=#0000FF]
        LayoutText {#text} at (0,0) size 48x24
          text run at (0,0) width 48: " x"
      LayoutBlockFlow {DIV} at (0,60) size 432x24 [color=#0000FF]
        LayoutText {#text} at (24,0) size 24x24
          text run at (24,0) width 24: "x"
      LayoutBlockFlow {DIV} at (0,84) size 432x24 [color=#0000FF]
        LayoutText {#text} at (24,0) size 24x24
          text run at (24,0) width 24: "x"
      LayoutBlockFlow {DIV} at (0,108) size 432x24 [color=#0000FF]
        LayoutText {#text} at (24,0) size 24x24
          text run at (24,0) width 24: "x"
      LayoutBlockFlow {DIV} at (0,132) size 432x24 [color=#0000FF]
        LayoutText {#text} at (24,0) size 24x24
          text run at (24,0) width 24: "x"
      LayoutBlockFlow {DIV} at (0,156) size 432x24 [color=#0000FF]
        LayoutText {#text} at (24,0) size 24x24
          text run at (24,0) width 24: "x"
      LayoutBlockFlow {DIV} at (0,180) size 432x24 [color=#0000FF]
        LayoutText {#text} at (24,0) size 24x24
          text run at (24,0) width 24: "x"
      LayoutBlockFlow {DIV} at (0,204) size 432x24 [color=#0000FF]
        LayoutText {#text} at (23,0) size 25x24
          text run at (23,0) width 25: "x"
      LayoutBlockFlow {DIV} at (0,228) size 432x24 [color=#0000FF]
        LayoutText {#text} at (24,0) size 24x24
          text run at (24,0) width 24: "x"
      LayoutBlockFlow {DIV} at (0,252) size 432x24 [color=#0000FF]
        LayoutText {#text} at (0,0) size 48x24
          text run at (0,0) width 48: " x"
