layer at (0,0) size 800x600
  LayoutView at (0,0) size 800x600
layer at (0,0) size 800x210
  LayoutBlockFlow {HTML} at (0,0) size 800x210
    LayoutBlockFlow {BODY} at (8,16) size 784x186
      LayoutBlockFlow {P} at (0,0) size 784x20
        LayoutText {#text} at (0,0) size 306x19
          text run at (0,0) width 306: "There should be no red borders on the table below"
      LayoutTable {TABLE} at (0,36) size 93x150
        LayoutTableSection {TBODY} at (0,0) size 93x150
          LayoutTableRow {TR} at (0,0) size 93x50
            LayoutTableCell {TD} at (0,14) size 31x22 [r=0 c=0 rs=1 cs=1]
              LayoutText {#text} at (1,1) size 29x19
                text run at (1,1) width 29: "none"
            LayoutTableCell {TD} at (31,14) size 31x22 [r=0 c=1 rs=1 cs=1]
              LayoutText {#text} at (1,1) size 29x19
                text run at (1,1) width 29: "none"
            LayoutTableCell {TD} at (62,14) size 31x22 [r=0 c=2 rs=1 cs=1]
              LayoutText {#text} at (1,1) size 29x19
                text run at (1,1) width 29: "none"
          LayoutTableRow {TR} at (0,50) size 93x50
            LayoutTableCell {TD} at (0,64) size 31x22 [r=1 c=0 rs=1 cs=1]
              LayoutText {#text} at (1,1) size 29x19
                text run at (1,1) width 29: "none"
            LayoutTableCell {TD} at (31,64) size 31x22 [r=1 c=1 rs=1 cs=1]
              LayoutText {#text} at (1,1) size 29x19
                text run at (1,1) width 29: "none"
            LayoutTableCell {TD} at (62,64) size 31x22 [r=1 c=2 rs=1 cs=1]
              LayoutText {#text} at (1,1) size 29x19
                text run at (1,1) width 29: "none"
          LayoutTableRow {TR} at (0,100) size 93x50
            LayoutTableCell {TD} at (0,114) size 31x22 [r=2 c=0 rs=1 cs=1]
              LayoutText {#text} at (1,1) size 29x19
                text run at (1,1) width 29: "none"
            LayoutTableCell {TD} at (31,114) size 31x22 [r=2 c=1 rs=1 cs=1]
              LayoutText {#text} at (1,1) size 29x19
                text run at (1,1) width 29: "none"
            LayoutTableCell {TD} at (62,114) size 31x22 [r=2 c=2 rs=1 cs=1]
              LayoutText {#text} at (1,1) size 29x19
                text run at (1,1) width 29: "none"
