layer at (0,0) size 800x600
  LayoutView at (0,0) size 800x600
layer at (0,0) size 800x230
  LayoutBlockFlow {HTML} at (0,0) size 800x230
    LayoutBlockFlow {BODY} at (8,16) size 784x206
      LayoutBlockFlow {P} at (0,0) size 784x20
        LayoutText {#text} at (0,0) size 306x19
          text run at (0,0) width 306: "There should be no red borders on the table below"
      LayoutTable {TABLE} at (0,36) size 143x170 [border: (2px none #808080)]
        LayoutTableSection {TBODY} at (2,2) size 138x165
          LayoutTableRow {TR} at (0,0) size 138x55
            LayoutTableCell {TD} at (0,14) size 46x27 [border: (3px dotted #00FF00)] [r=0 c=0 rs=1 cs=1]
              LayoutText {#text} at (4,4) size 39x19
                text run at (4,4) width 39: "dotted"
            LayoutTableCell {TD} at (46,15) size 46x25 [border: (3px dotted #00FF00) none (3px dotted #00FF00)] [r=0 c=1 rs=1 cs=1]
              LayoutText {#text} at (4,4) size 39x19
                text run at (4,4) width 39: "dotted"
            LayoutTableCell {TD} at (92,14) size 46x27 [border: (3px dotted #00FF00)] [r=0 c=2 rs=1 cs=1]
              LayoutText {#text} at (4,4) size 39x19
                text run at (4,4) width 39: "dotted"
          LayoutTableRow {TR} at (0,55) size 138x55
            LayoutTableCell {TD} at (0,69) size 46x27 [border: (3px dotted #00FF00) none (2px dotted #00FF00)] [r=1 c=0 rs=1 cs=1]
              LayoutText {#text} at (4,4) size 39x19
                text run at (4,4) width 39: "dotted"
            LayoutTableCell {TD} at (46,71) size 46x22 [r=1 c=1 rs=1 cs=1]
              LayoutText {#text} at (1,1) size 40x19
                text run at (1,1) width 40: "hidden"
            LayoutTableCell {TD} at (92,69) size 46x27 [border: (3px dotted #00FF00) none] [r=1 c=2 rs=1 cs=1]
              LayoutText {#text} at (1,4) size 39x19
                text run at (1,4) width 39: "dotted"
          LayoutTableRow {TR} at (0,110) size 138x55
            LayoutTableCell {TD} at (0,124) size 46x27 [border: (3px dotted #00FF00)] [r=2 c=0 rs=1 cs=1]
              LayoutText {#text} at (4,4) size 39x19
                text run at (4,4) width 39: "dotted"
            LayoutTableCell {TD} at (46,125) size 46x24 [border: none (2px dotted #00FF00)] [r=2 c=1 rs=1 cs=1]
              LayoutText {#text} at (4,1) size 39x19
                text run at (4,1) width 39: "dotted"
            LayoutTableCell {TD} at (92,124) size 46x27 [border: (3px dotted #00FF00)] [r=2 c=2 rs=1 cs=1]
              LayoutText {#text} at (4,4) size 39x19
                text run at (4,4) width 39: "dotted"
