layer at (0,0) size 800x600
  LayoutView at (0,0) size 800x600
layer at (0,0) size 800x240
  LayoutBlockFlow {HTML} at (0,0) size 800x240
    LayoutBlockFlow {BODY} at (8,16) size 784x216
      LayoutBlockFlow {P} at (0,0) size 784x20
        LayoutText {#text} at (0,0) size 306x19
          text run at (0,0) width 306: "There should be no red borders on the table below"
      LayoutTable {TABLE} at (0,36) size 137x180 [border: (2px none #808080)]
        LayoutTableSection {TBODY} at (2,2) size 132x175
          LayoutTableRow {TR} at (0,0) size 132x58
            LayoutTableCell {TD} at (0,15) size 40x27 [border: (3px ridge #00FF00)] [r=0 c=0 rs=1 cs=1]
              LayoutText {#text} at (4,4) size 30x19
                text run at (4,4) width 30: "ridge"
            LayoutTableCell {TD} at (40,14) size 53x30 [border: (3px ridge #00FF00) (5px ridge #FF0000) (3px ridge #00FF00)] [r=0 c=1 rs=1 cs=1]
              LayoutText {#text} at (4,4) size 30x19
                text run at (4,4) width 30: "ridge"
            LayoutTableCell {TD} at (93,15) size 39x27 [border: (3px ridge #00FF00)] [r=0 c=2 rs=1 cs=1]
              LayoutText {#text} at (4,4) size 30x19
                text run at (4,4) width 30: "ridge"
          LayoutTableRow {TR} at (0,58) size 132x60
            LayoutTableCell {TD} at (0,74) size 40x27 [border: (3px ridge #00FF00) (5px ridge #FF0000) (2px ridge #00FF00)] [r=1 c=0 rs=1 cs=1]
              LayoutText {#text} at (4,4) size 30x19
                text run at (4,4) width 30: "ridge"
            LayoutTableCell {TD} at (40,72) size 53x32 [border: (5px double #00FF00)] [r=1 c=1 rs=1 cs=1]
              LayoutText {#text} at (6,6) size 41x19
                text run at (6,6) width 41: "double"
            LayoutTableCell {TD} at (93,74) size 39x27 [border: (3px ridge #00FF00) (5px ridge #FF0000)] [r=1 c=2 rs=1 cs=1]
              LayoutText {#text} at (6,4) size 30x19
                text run at (6,4) width 30: "ridge"
          LayoutTableRow {TR} at (0,118) size 132x57
            LayoutTableCell {TD} at (0,133) size 40x27 [border: (3px ridge #00FF00)] [r=2 c=0 rs=1 cs=1]
              LayoutText {#text} at (4,4) size 30x19
                text run at (4,4) width 30: "ridge"
            LayoutTableCell {TD} at (40,132) size 53x29 [border: (5px ridge #FF0000) (2px ridge #00FF00)] [r=2 c=1 rs=1 cs=1]
              LayoutText {#text} at (4,6) size 30x19
                text run at (4,6) width 30: "ridge"
            LayoutTableCell {TD} at (93,133) size 39x27 [border: (3px ridge #00FF00)] [r=2 c=2 rs=1 cs=1]
              LayoutText {#text} at (4,4) size 30x19
                text run at (4,4) width 30: "ridge"
