layer at (0,0) size 800x600
  LayoutView at (0,0) size 800x600
layer at (0,0) size 800x240
  LayoutBlockFlow {HTML} at (0,0) size 800x240
    LayoutBlockFlow {BODY} at (8,16) size 784x216
      LayoutBlockFlow {P} at (0,0) size 784x20
        LayoutText {#text} at (0,0) size 306x19
          text run at (0,0) width 306: "There should be no red borders on the table below"
      LayoutTable {TABLE} at (0,36) size 139x180 [border: (2px none #808080)]
        LayoutTableSection {TBODY} at (2,2) size 134x175
          LayoutTableRow {TR} at (0,0) size 134x58
            LayoutTableCell {TD} at (0,15) size 46x27 [border: (3px outset #00FF00)] [r=0 c=0 rs=1 cs=1]
              LayoutText {#text} at (4,4) size 36x19
                text run at (4,4) width 36: "outset"
            LayoutTableCell {TD} at (46,14) size 43x30 [border: (3px outset #00FF00) (5px outset #FF0000) (3px outset #00FF00)] [r=0 c=1 rs=1 cs=1]
              LayoutText {#text} at (4,4) size 36x19
                text run at (4,4) width 36: "outset"
            LayoutTableCell {TD} at (89,15) size 45x27 [border: (3px outset #00FF00)] [r=0 c=2 rs=1 cs=1]
              LayoutText {#text} at (4,4) size 36x19
                text run at (4,4) width 36: "outset"
          LayoutTableRow {TR} at (0,58) size 134x60
            LayoutTableCell {TD} at (0,74) size 46x27 [border: (3px outset #00FF00) (5px outset #FF0000) (2px outset #00FF00)] [r=1 c=0 rs=1 cs=1]
              LayoutText {#text} at (4,4) size 36x19
                text run at (4,4) width 36: "outset"
            LayoutTableCell {TD} at (46,72) size 43x32 [border: (5px inset #00FF00)] [r=1 c=1 rs=1 cs=1]
              LayoutText {#text} at (6,6) size 27x19
                text run at (6,6) width 27: "inset"
            LayoutTableCell {TD} at (89,74) size 45x27 [border: (3px outset #00FF00) (5px outset #FF0000)] [r=1 c=2 rs=1 cs=1]
              LayoutText {#text} at (6,4) size 36x19
                text run at (6,4) width 36: "outset"
          LayoutTableRow {TR} at (0,118) size 134x57
            LayoutTableCell {TD} at (0,133) size 46x27 [border: (3px outset #00FF00)] [r=2 c=0 rs=1 cs=1]
              LayoutText {#text} at (4,4) size 36x19
                text run at (4,4) width 36: "outset"
            LayoutTableCell {TD} at (46,132) size 43x29 [border: (5px outset #FF0000) (2px outset #00FF00)] [r=2 c=1 rs=1 cs=1]
              LayoutText {#text} at (4,6) size 36x19
                text run at (4,6) width 36: "outset"
            LayoutTableCell {TD} at (89,133) size 45x27 [border: (3px outset #00FF00)] [r=2 c=2 rs=1 cs=1]
              LayoutText {#text} at (4,4) size 36x19
                text run at (4,4) width 36: "outset"
