layer at (0,0) size 800x600
  LayoutView at (0,0) size 800x600
layer at (0,0) size 800x240
  LayoutBlockFlow {HTML} at (0,0) size 800x240
    LayoutBlockFlow {BODY} at (8,16) size 784x216
      LayoutBlockFlow {P} at (0,0) size 784x20
        LayoutText {#text} at (0,0) size 306x19
          text run at (0,0) width 306: "There should be no red borders on the table below"
      LayoutTable {TABLE} at (0,36) size 161x180 [border: (2px none #808080)]
        LayoutTableSection {TBODY} at (2,2) size 156x175
          LayoutTableRow {TR} at (0,0) size 156x58
            LayoutTableCell {TD} at (0,15) size 51x27 [border: (3px double #00FF00)] [r=0 c=0 rs=1 cs=1]
              LayoutText {#text} at (4,4) size 41x19
                text run at (4,4) width 41: "double"
            LayoutTableCell {TD} at (51,14) size 55x30 [border: (3px double #00FF00) (5px double #FF0000) (3px double #00FF00)] [r=0 c=1 rs=1 cs=1]
              LayoutText {#text} at (4,4) size 41x19
                text run at (4,4) width 41: "double"
            LayoutTableCell {TD} at (106,15) size 50x27 [border: (3px double #00FF00)] [r=0 c=2 rs=1 cs=1]
              LayoutText {#text} at (4,4) size 41x19
                text run at (4,4) width 41: "double"
          LayoutTableRow {TR} at (0,58) size 156x60
            LayoutTableCell {TD} at (0,74) size 51x27 [border: (3px double #00FF00) (5px double #FF0000) (2px double #00FF00)] [r=1 c=0 rs=1 cs=1]
              LayoutText {#text} at (4,4) size 41x19
                text run at (4,4) width 41: "double"
            LayoutTableCell {TD} at (51,72) size 55x32 [border: (5px dashed #00FF00)] [r=1 c=1 rs=1 cs=1]
              LayoutText {#text} at (6,6) size 43x19
                text run at (6,6) width 43: "dashed"
            LayoutTableCell {TD} at (106,74) size 50x27 [border: (3px double #00FF00) (5px double #FF0000)] [r=1 c=2 rs=1 cs=1]
              LayoutText {#text} at (6,4) size 41x19
                text run at (6,4) width 41: "double"
          LayoutTableRow {TR} at (0,118) size 156x57
            LayoutTableCell {TD} at (0,133) size 51x27 [border: (3px double #00FF00)] [r=2 c=0 rs=1 cs=1]
              LayoutText {#text} at (4,4) size 41x19
                text run at (4,4) width 41: "double"
            LayoutTableCell {TD} at (51,132) size 55x29 [border: (5px double #FF0000) (2px double #00FF00)] [r=2 c=1 rs=1 cs=1]
              LayoutText {#text} at (4,6) size 41x19
                text run at (4,6) width 41: "double"
            LayoutTableCell {TD} at (106,133) size 50x27 [border: (3px double #00FF00)] [r=2 c=2 rs=1 cs=1]
              LayoutText {#text} at (4,4) size 41x19
                text run at (4,4) width 41: "double"
