layer at (0,0) size 800x600
  LayoutView at (0,0) size 800x600
layer at (0,0) size 800x230
  LayoutBlockFlow {HTML} at (0,0) size 800x230
    LayoutBlockFlow {BODY} at (8,16) size 784x206
      LayoutBlockFlow {P} at (0,0) size 784x20
        LayoutText {#text} at (0,0) size 306x19
          text run at (0,0) width 306: "There should be no red borders on the table below"
      LayoutTable {TABLE} at (0,36) size 121x170 [border: (2px none #808080)]
        LayoutTableSection {TBODY} at (2,2) size 116x165
          LayoutTableRow {TR} at (0,0) size 116x55
            LayoutTableCell {TD} at (0,14) size 37x27 [border: (3px ridge #00FF00)] [r=0 c=0 rs=1 cs=1]
              LayoutText {#text} at (4,4) size 30x19
                text run at (4,4) width 30: "ridge"
            LayoutTableCell {TD} at (37,15) size 42x25 [border: (3px ridge #00FF00) none (3px ridge #00FF00)] [r=0 c=1 rs=1 cs=1]
              LayoutText {#text} at (4,4) size 30x19
                text run at (4,4) width 30: "ridge"
            LayoutTableCell {TD} at (79,14) size 37x27 [border: (3px ridge #00FF00)] [r=0 c=2 rs=1 cs=1]
              LayoutText {#text} at (4,4) size 30x19
                text run at (4,4) width 30: "ridge"
          LayoutTableRow {TR} at (0,55) size 116x55
            LayoutTableCell {TD} at (0,69) size 37x27 [border: (3px ridge #00FF00) none (2px ridge #00FF00)] [r=1 c=0 rs=1 cs=1]
              LayoutText {#text} at (4,4) size 30x19
                text run at (4,4) width 30: "ridge"
            LayoutTableCell {TD} at (37,71) size 42x22 [r=1 c=1 rs=1 cs=1]
              LayoutText {#text} at (1,1) size 40x19
                text run at (1,1) width 40: "hidden"
            LayoutTableCell {TD} at (79,69) size 37x27 [border: (3px ridge #00FF00) none] [r=1 c=2 rs=1 cs=1]
              LayoutText {#text} at (1,4) size 30x19
                text run at (1,4) width 30: "ridge"
          LayoutTableRow {TR} at (0,110) size 116x55
            LayoutTableCell {TD} at (0,124) size 37x27 [border: (3px ridge #00FF00)] [r=2 c=0 rs=1 cs=1]
              LayoutText {#text} at (4,4) size 30x19
                text run at (4,4) width 30: "ridge"
            LayoutTableCell {TD} at (37,125) size 42x24 [border: none (2px ridge #00FF00)] [r=2 c=1 rs=1 cs=1]
              LayoutText {#text} at (4,1) size 30x19
                text run at (4,1) width 30: "ridge"
            LayoutTableCell {TD} at (79,124) size 37x27 [border: (3px ridge #00FF00)] [r=2 c=2 rs=1 cs=1]
              LayoutText {#text} at (4,4) size 30x19
                text run at (4,4) width 30: "ridge"
