layer at (0,0) size 800x600
  LayoutView at (0,0) size 800x600
layer at (0,0) size 800x240
  LayoutBlockFlow {HTML} at (0,0) size 800x240
    LayoutBlockFlow {BODY} at (8,16) size 784x216
      LayoutBlockFlow {P} at (0,0) size 784x20
        LayoutText {#text} at (0,0) size 306x19
          text run at (0,0) width 306: "There should be no red borders on the table below"
      LayoutTable {TABLE} at (0,36) size 148x180 [border: (2px none #808080)]
        LayoutTableSection {TBODY} at (2,2) size 143x175
          LayoutTableRow {TR} at (0,0) size 143x58
            LayoutTableCell {TD} at (0,15) size 49x27 [border: (3px dotted #00FF00)] [r=0 c=0 rs=1 cs=1]
              LayoutText {#text} at (4,4) size 39x19
                text run at (4,4) width 39: "dotted"
            LayoutTableCell {TD} at (49,14) size 46x30 [border: (3px dotted #00FF00) (5px dotted #FF0000) (3px dotted #00FF00)] [r=0 c=1 rs=1 cs=1]
              LayoutText {#text} at (4,4) size 39x19
                text run at (4,4) width 39: "dotted"
            LayoutTableCell {TD} at (95,15) size 48x27 [border: (3px dotted #00FF00)] [r=0 c=2 rs=1 cs=1]
              LayoutText {#text} at (4,4) size 39x19
                text run at (4,4) width 39: "dotted"
          LayoutTableRow {TR} at (0,58) size 143x60
            LayoutTableCell {TD} at (0,74) size 49x27 [border: (3px dotted #00FF00) (5px dotted #FF0000) (2px dotted #00FF00)] [r=1 c=0 rs=1 cs=1]
              LayoutText {#text} at (4,4) size 39x19
                text run at (4,4) width 39: "dotted"
            LayoutTableCell {TD} at (49,72) size 46x32 [border: (5px solid #00FF00)] [r=1 c=1 rs=1 cs=1]
              LayoutText {#text} at (6,6) size 28x19
                text run at (6,6) width 28: "solid"
            LayoutTableCell {TD} at (95,74) size 48x27 [border: (3px dotted #00FF00) (5px dotted #FF0000)] [r=1 c=2 rs=1 cs=1]
              LayoutText {#text} at (6,4) size 39x19
                text run at (6,4) width 39: "dotted"
          LayoutTableRow {TR} at (0,118) size 143x57
            LayoutTableCell {TD} at (0,133) size 49x27 [border: (3px dotted #00FF00)] [r=2 c=0 rs=1 cs=1]
              LayoutText {#text} at (4,4) size 39x19
                text run at (4,4) width 39: "dotted"
            LayoutTableCell {TD} at (49,132) size 46x29 [border: (5px dotted #FF0000) (2px dotted #00FF00)] [r=2 c=1 rs=1 cs=1]
              LayoutText {#text} at (4,6) size 39x19
                text run at (4,6) width 39: "dotted"
            LayoutTableCell {TD} at (95,133) size 48x27 [border: (3px dotted #00FF00)] [r=2 c=2 rs=1 cs=1]
              LayoutText {#text} at (4,4) size 39x19
                text run at (4,4) width 39: "dotted"
