layer at (0,0) size 800x600 scrollHeight 975
  LayoutView at (0,0) size 1046x799
layer at (0,0) size 1046x975 backgroundClip at (0,0) size 800x600 clip at (0,0) size 800x600
  LayoutBlockFlow {HTML} at (0,0) size 1046x975
    LayoutBlockFlow {BODY} at (0,0) size 1046x975
      LayoutTable {TABLE} at (0,0) size 177x975
        LayoutTableSection {THEAD} at (0,0) size 177x44
          LayoutTableRow {TR} at (0,0) size 177x44
            LayoutTableCell {TD} at (0,11) size 59x22 [border: (1px solid #000000)] [r=0 c=0 rs=1 cs=1]
              LayoutText {#text} at (2,2) size 55x18
                text run at (2,2) width 55: "header 1"
            LayoutTableCell {TD} at (59,11) size 59x22 [border: (1px solid #000000)] [r=0 c=1 rs=1 cs=1]
              LayoutText {#text} at (2,2) size 55x18
                text run at (2,2) width 55: "header 2"
            LayoutTableCell {TD} at (118,11) size 59x22 [border: (1px solid #000000)] [r=0 c=2 rs=1 cs=1]
              LayoutText {#text} at (2,2) size 55x18
                text run at (2,2) width 55: "header 3"
        LayoutTableSection {TBODY} at (0,44) size 177x931
          LayoutTableRow {TR} at (0,0) size 177x44
            LayoutTableCell {TD} at (0,11) size 59x22 [border: (1px solid #000000)] [r=0 c=0 rs=1 cs=1]
              LayoutText {#text} at (2,2) size 22x18
                text run at (2,2) width 22: "1-1"
            LayoutTableCell {TD} at (59,11) size 59x22 [border: (1px solid #000000)] [r=0 c=1 rs=1 cs=1]
              LayoutText {#text} at (2,2) size 22x18
                text run at (2,2) width 22: "2-1"
            LayoutTableCell {TD} at (118,11) size 59x22 [border: (1px solid #000000)] [r=0 c=2 rs=1 cs=1]
              LayoutText {#text} at (2,2) size 22x18
                text run at (2,2) width 22: "3-1"
          LayoutTableRow {TR} at (0,44) size 177x44
            LayoutTableCell {TD} at (0,55) size 59x22 [border: (1px solid #000000)] [r=1 c=0 rs=1 cs=1]
              LayoutText {#text} at (2,2) size 22x18
                text run at (2,2) width 22: "1-2"
            LayoutTableCell {TD} at (59,55) size 59x22 [border: (1px solid #000000)] [r=1 c=1 rs=1 cs=1]
              LayoutText {#text} at (2,2) size 22x18
                text run at (2,2) width 22: "2-2"
            LayoutTableCell {TD} at (118,55) size 59x22 [border: (1px solid #000000)] [r=1 c=2 rs=1 cs=1]
              LayoutText {#text} at (2,2) size 22x18
                text run at (2,2) width 22: "3-2"
          LayoutTableRow {TR} at (0,88) size 177x44
            LayoutTableCell {TD} at (0,99) size 59x22 [border: (1px solid #000000)] [r=2 c=0 rs=1 cs=1]
              LayoutText {#text} at (2,2) size 22x18
                text run at (2,2) width 22: "1-3"
            LayoutTableCell {TD} at (59,99) size 59x22 [border: (1px solid #000000)] [r=2 c=1 rs=1 cs=1]
              LayoutText {#text} at (2,2) size 22x18
                text run at (2,2) width 22: "2-3"
            LayoutTableCell {TD} at (118,99) size 59x22 [border: (1px solid #000000)] [r=2 c=2 rs=1 cs=1]
              LayoutText {#text} at (2,2) size 22x18
                text run at (2,2) width 22: "3-3"
          LayoutTableRow {TR} at (0,132) size 177x44
            LayoutTableCell {TD} at (0,143) size 59x22 [border: (1px solid #000000)] [r=3 c=0 rs=1 cs=1]
              LayoutText {#text} at (2,2) size 22x18
                text run at (2,2) width 22: "1-4"
            LayoutTableCell {TD} at (59,143) size 59x22 [border: (1px solid #000000)] [r=3 c=1 rs=1 cs=1]
              LayoutText {#text} at (2,2) size 22x18
                text run at (2,2) width 22: "2-4"
            LayoutTableCell {TD} at (118,143) size 59x22 [border: (1px solid #000000)] [r=3 c=2 rs=1 cs=1]
              LayoutText {#text} at (2,2) size 22x18
                text run at (2,2) width 22: "3-4"
          LayoutTableRow {TR} at (0,176) size 177x44
            LayoutTableCell {TD} at (0,187) size 59x22 [border: (1px solid #000000)] [r=4 c=0 rs=1 cs=1]
              LayoutText {#text} at (2,2) size 22x18
                text run at (2,2) width 22: "1-5"
            LayoutTableCell {TD} at (59,187) size 59x22 [border: (1px solid #000000)] [r=4 c=1 rs=1 cs=1]
              LayoutText {#text} at (2,2) size 22x18
                text run at (2,2) width 22: "2-5"
            LayoutTableCell {TD} at (118,187) size 59x22 [border: (1px solid #000000)] [r=4 c=2 rs=1 cs=1]
              LayoutText {#text} at (2,2) size 22x18
                text run at (2,2) width 22: "3-5"
          LayoutTableRow {TR} at (0,220) size 177x44
            LayoutTableCell {TD} at (0,231) size 59x22 [border: (1px solid #000000)] [r=5 c=0 rs=1 cs=1]
              LayoutText {#text} at (2,2) size 22x18
                text run at (2,2) width 22: "1-6"
            LayoutTableCell {TD} at (59,231) size 59x22 [border: (1px solid #000000)] [r=5 c=1 rs=1 cs=1]
              LayoutText {#text} at (2,2) size 22x18
                text run at (2,2) width 22: "2-6"
            LayoutTableCell {TD} at (118,231) size 59x22 [border: (1px solid #000000)] [r=5 c=2 rs=1 cs=1]
              LayoutText {#text} at (2,2) size 22x18
                text run at (2,2) width 22: "3-6"
          LayoutTableRow {TR} at (0,264) size 177x44
            LayoutTableCell {TD} at (0,275) size 59x22 [border: (1px solid #000000)] [r=6 c=0 rs=1 cs=1]
              LayoutText {#text} at (2,2) size 22x18
                text run at (2,2) width 22: "1-7"
            LayoutTableCell {TD} at (59,275) size 59x22 [border: (1px solid #000000)] [r=6 c=1 rs=1 cs=1]
              LayoutText {#text} at (2,2) size 22x18
                text run at (2,2) width 22: "2-7"
            LayoutTableCell {TD} at (118,275) size 59x22 [border: (1px solid #000000)] [r=6 c=2 rs=1 cs=1]
              LayoutText {#text} at (2,2) size 22x18
                text run at (2,2) width 22: "3-7"
          LayoutTableRow {TR} at (0,308) size 177x44
            LayoutTableCell {TD} at (0,319) size 59x22 [border: (1px solid #000000)] [r=7 c=0 rs=1 cs=1]
              LayoutText {#text} at (2,2) size 22x18
                text run at (2,2) width 22: "1-8"
            LayoutTableCell {TD} at (59,319) size 59x22 [border: (1px solid #000000)] [r=7 c=1 rs=1 cs=1]
              LayoutText {#text} at (2,2) size 22x18
                text run at (2,2) width 22: "2-8"
            LayoutTableCell {TD} at (118,319) size 59x22 [border: (1px solid #000000)] [r=7 c=2 rs=1 cs=1]
              LayoutText {#text} at (2,2) size 22x18
                text run at (2,2) width 22: "3-8"
          LayoutTableRow {TR} at (0,352) size 177x44
            LayoutTableCell {TD} at (0,363) size 59x22 [border: (1px solid #000000)] [r=8 c=0 rs=1 cs=1]
              LayoutText {#text} at (2,2) size 22x18
                text run at (2,2) width 22: "1-9"
            LayoutTableCell {TD} at (59,363) size 59x22 [border: (1px solid #000000)] [r=8 c=1 rs=1 cs=1]
              LayoutText {#text} at (2,2) size 22x18
                text run at (2,2) width 22: "2-9"
            LayoutTableCell {TD} at (118,363) size 59x22 [border: (1px solid #000000)] [r=8 c=2 rs=1 cs=1]
              LayoutText {#text} at (2,2) size 22x18
                text run at (2,2) width 22: "3-9"
          LayoutTableRow {TR} at (0,396) size 177x44
            LayoutTableCell {TD} at (0,407) size 59x22 [border: (1px solid #000000)] [r=9 c=0 rs=1 cs=1]
              LayoutText {#text} at (2,2) size 30x18
                text run at (2,2) width 30: "1-10"
            LayoutTableCell {TD} at (59,407) size 59x22 [border: (1px solid #000000)] [r=9 c=1 rs=1 cs=1]
              LayoutText {#text} at (2,2) size 30x18
                text run at (2,2) width 30: "2-10"
            LayoutTableCell {TD} at (118,407) size 59x22 [border: (1px solid #000000)] [r=9 c=2 rs=1 cs=1]
              LayoutText {#text} at (2,2) size 30x18
                text run at (2,2) width 30: "3-10"
          LayoutTableRow {TR} at (0,440) size 177x44
            LayoutTableCell {TD} at (0,451) size 59x22 [border: (1px solid #000000)] [r=10 c=0 rs=1 cs=1]
              LayoutText {#text} at (2,2) size 29x18
                text run at (2,2) width 29: "1-11"
            LayoutTableCell {TD} at (59,451) size 59x22 [border: (1px solid #000000)] [r=10 c=1 rs=1 cs=1]
              LayoutText {#text} at (2,2) size 29x18
                text run at (2,2) width 29: "2-11"
            LayoutTableCell {TD} at (118,451) size 59x22 [border: (1px solid #000000)] [r=10 c=2 rs=1 cs=1]
              LayoutText {#text} at (2,2) size 29x18
                text run at (2,2) width 29: "3-11"
          LayoutTableRow {TR} at (0,484) size 177x44
            LayoutTableCell {TD} at (0,495) size 59x22 [border: (1px solid #000000)] [r=11 c=0 rs=1 cs=1]
              LayoutText {#text} at (2,2) size 30x18
                text run at (2,2) width 30: "1-12"
            LayoutTableCell {TD} at (59,495) size 59x22 [border: (1px solid #000000)] [r=11 c=1 rs=1 cs=1]
              LayoutText {#text} at (2,2) size 30x18
                text run at (2,2) width 30: "2-12"
            LayoutTableCell {TD} at (118,495) size 59x22 [border: (1px solid #000000)] [r=11 c=2 rs=1 cs=1]
              LayoutText {#text} at (2,2) size 30x18
                text run at (2,2) width 30: "3-12"
          LayoutTableRow {TR} at (0,528) size 177x44
            LayoutTableCell {TD} at (0,539) size 59x22 [border: (1px solid #000000)] [r=12 c=0 rs=1 cs=1]
              LayoutText {#text} at (2,2) size 30x18
                text run at (2,2) width 30: "1-13"
            LayoutTableCell {TD} at (59,539) size 59x22 [border: (1px solid #000000)] [r=12 c=1 rs=1 cs=1]
              LayoutText {#text} at (2,2) size 30x18
                text run at (2,2) width 30: "2-13"
            LayoutTableCell {TD} at (118,539) size 59x22 [border: (1px solid #000000)] [r=12 c=2 rs=1 cs=1]
              LayoutText {#text} at (2,2) size 30x18
                text run at (2,2) width 30: "3-13"
          LayoutTableRow {TR} at (0,572) size 177x44
            LayoutTableCell {TD} at (0,583) size 59x22 [border: (1px solid #000000)] [r=13 c=0 rs=1 cs=1]
              LayoutText {#text} at (2,2) size 30x18
                text run at (2,2) width 30: "1-14"
            LayoutTableCell {TD} at (59,583) size 59x22 [border: (1px solid #000000)] [r=13 c=1 rs=1 cs=1]
              LayoutText {#text} at (2,2) size 30x18
                text run at (2,2) width 30: "2-14"
            LayoutTableCell {TD} at (118,583) size 59x22 [border: (1px solid #000000)] [r=13 c=2 rs=1 cs=1]
              LayoutText {#text} at (2,2) size 30x18
                text run at (2,2) width 30: "3-14"
          LayoutTableRow {TR} at (0,616) size 177x44
            LayoutTableCell {TD} at (0,627) size 59x22 [border: (1px solid #000000)] [r=14 c=0 rs=1 cs=1]
              LayoutText {#text} at (2,2) size 30x18
                text run at (2,2) width 30: "1-15"
            LayoutTableCell {TD} at (59,627) size 59x22 [border: (1px solid #000000)] [r=14 c=1 rs=1 cs=1]
              LayoutText {#text} at (2,2) size 30x18
                text run at (2,2) width 30: "2-15"
            LayoutTableCell {TD} at (118,627) size 59x22 [border: (1px solid #000000)] [r=14 c=2 rs=1 cs=1]
              LayoutText {#text} at (2,2) size 30x18
                text run at (2,2) width 30: "3-15"
          LayoutTableRow {TR} at (0,660) size 177x44
            LayoutTableCell {TD} at (0,671) size 59x22 [border: (1px solid #000000)] [r=15 c=0 rs=1 cs=1]
              LayoutText {#text} at (2,2) size 30x18
                text run at (2,2) width 30: "1-16"
            LayoutTableCell {TD} at (59,671) size 59x22 [border: (1px solid #000000)] [r=15 c=1 rs=1 cs=1]
              LayoutText {#text} at (2,2) size 30x18
                text run at (2,2) width 30: "2-16"
            LayoutTableCell {TD} at (118,671) size 59x22 [border: (1px solid #000000)] [r=15 c=2 rs=1 cs=1]
              LayoutText {#text} at (2,2) size 30x18
                text run at (2,2) width 30: "3-16"
          LayoutTableRow {TR} at (0,704) size 177x44
            LayoutTableCell {TD} at (0,715) size 59x22 [border: (1px solid #000000)] [r=16 c=0 rs=1 cs=1]
              LayoutText {#text} at (2,2) size 30x18
                text run at (2,2) width 30: "1-17"
            LayoutTableCell {TD} at (59,715) size 59x22 [border: (1px solid #000000)] [r=16 c=1 rs=1 cs=1]
              LayoutText {#text} at (2,2) size 30x18
                text run at (2,2) width 30: "2-17"
            LayoutTableCell {TD} at (118,715) size 59x22 [border: (1px solid #000000)] [r=16 c=2 rs=1 cs=1]
              LayoutText {#text} at (2,2) size 30x18
                text run at (2,2) width 30: "3-17"
          LayoutTableRow {TR} at (0,799) size 177x44
            LayoutTableCell {TD} at (0,810) size 59x22 [border: (1px solid #000000)] [r=17 c=0 rs=1 cs=1]
              LayoutText {#text} at (2,2) size 30x18
                text run at (2,2) width 30: "1-18"
            LayoutTableCell {TD} at (59,810) size 59x22 [border: (1px solid #000000)] [r=17 c=1 rs=1 cs=1]
              LayoutText {#text} at (2,2) size 30x18
                text run at (2,2) width 30: "2-18"
            LayoutTableCell {TD} at (118,810) size 59x22 [border: (1px solid #000000)] [r=17 c=2 rs=1 cs=1]
              LayoutText {#text} at (2,2) size 30x18
                text run at (2,2) width 30: "3-18"
          LayoutTableRow {TR} at (0,843) size 177x44
            LayoutTableCell {TD} at (0,854) size 59x22 [border: (1px solid #000000)] [r=18 c=0 rs=1 cs=1]
              LayoutText {#text} at (2,2) size 30x18
                text run at (2,2) width 30: "1-19"
            LayoutTableCell {TD} at (59,854) size 59x22 [border: (1px solid #000000)] [r=18 c=1 rs=1 cs=1]
              LayoutText {#text} at (2,2) size 30x18
                text run at (2,2) width 30: "2-19"
            LayoutTableCell {TD} at (118,854) size 59x22 [border: (1px solid #000000)] [r=18 c=2 rs=1 cs=1]
              LayoutText {#text} at (2,2) size 30x18
                text run at (2,2) width 30: "3-19"
          LayoutTableRow {TR} at (0,887) size 177x44
            LayoutTableCell {TD} at (0,898) size 59x22 [border: (1px solid #000000)] [r=19 c=0 rs=1 cs=1]
              LayoutText {#text} at (2,2) size 30x18
                text run at (2,2) width 30: "1-20"
            LayoutTableCell {TD} at (59,898) size 59x22 [border: (1px solid #000000)] [r=19 c=1 rs=1 cs=1]
              LayoutText {#text} at (2,2) size 30x18
                text run at (2,2) width 30: "2-20"
            LayoutTableCell {TD} at (118,898) size 59x22 [border: (1px solid #000000)] [r=19 c=2 rs=1 cs=1]
              LayoutText {#text} at (2,2) size 30x18
                text run at (2,2) width 30: "3-20"
