layer at (0,0) size 1046x799 scrollHeight 5016
  LayoutView at (0,0) size 1046x799
layer at (0,0) size 1046x5016 backgroundClip at (0,0) size 1046x799 clip at (0,0) size 1046x799
  LayoutBlockFlow {HTML} at (0,0) size 1046x5016
    LayoutBlockFlow {BODY} at (8,8) size 1030x5000
      LayoutBlockFlow {DIV} at (0,0) size 1030x5000
layer at (0,0) size 510x64
  LayoutBlockFlow (positioned) {DIV} at (0,0) size 510x64 [border: (5px solid #000000)]
    LayoutBlockFlow {DIV} at (5,5) size 500x46
      LayoutBlockFlow (anonymous) at (0,0) size 500x36
        LayoutText {#text} at (0,0) size 472x36
          text run at (0,0) width 472: "crbug.com/303728: Header Line should be repeated on every page except"
          text run at (0,18) width 384: "where it's clipped by the absolute element on pages 3 and 4."
layer at (5,49) size 500x2 clip at (0,0) size 0x0
  LayoutBlockFlow {HR} at (0,44) size 500x2 [border: (1px inset #EEEEEE)]
layer at (0,1000) size 600x2000 backgroundClip at (0,0) size 1046x799 clip at (0,0) size 1046x799
  LayoutBlockFlow (positioned) zI: 2 {DIV} at (0,1000) size 600x2000 [bgcolor=#000000]
    LayoutText zI: 2 {#text} at (0,0) size 58x18
      text run at (0,0) width 58: "Absolute"
