layer at (0,0) size 800x600 scrollHeight 2361
  LayoutView at (0,0) size 1046x799
layer at (0,0) size 1046x2361 backgroundClip at (0,0) size 800x600 clip at (0,0) size 800x600
  LayoutBlockFlow {HTML} at (0,0) size 1046x2361
    LayoutBlockFlow {BODY} at (8,8) size 1030x2345
      LayoutTable {TABLE} at (0,0) size 140x2345
        LayoutTableSection {THEAD} at (0,0) size 140x102
          LayoutTableRow {TR} at (0,0) size 140x102
            LayoutTableCell {TH} at (0,41) size 140x20 [r=0 c=0 rs=1 cs=1]
              LayoutText {#text} at (10,1) size 120x18
                text run at (10,1) width 120: "First level header"
        LayoutTableSection {TBODY} at (0,102) size 140x2243
          LayoutTableRow {TR} at (0,0) size 140x2243
            LayoutTableCell {TD} at (0,0) size 140x2243 [r=0 c=0 rs=1 cs=1]
              LayoutTable {TABLE} at (1,1) size 138x2241
                LayoutTableSection {THEAD} at (0,0) size 138x102
                  LayoutTableRow {TR} at (0,0) size 138x102
                    LayoutTableCell {TH} at (0,41) size 138x20 [r=0 c=0 rs=1 cs=1]
                      LayoutText {#text} at (1,1) size 136x18
                        text run at (1,1) width 136: "Second level header"
                LayoutTableSection {TBODY} at (0,102) size 138x2139
                  LayoutTableRow {TR} at (0,0) size 138x550
                    LayoutTableCell {TD} at (0,266) size 138x18 [r=0 c=0 rs=1 cs=1]
                      LayoutText {#text} at (0,0) size 35x18
                        text run at (0,0) width 35: "Body"
                  LayoutTableRow {TR} at (0,790) size 138x550
                    LayoutTableCell {TD} at (0,1056) size 138x18 [r=1 c=0 rs=1 cs=1]
                      LayoutText {#text} at (0,0) size 35x18
                        text run at (0,0) width 35: "Body"
                  LayoutTableRow {TR} at (0,1589) size 138x550
                    LayoutTableCell {TD} at (0,1855) size 138x18 [r=2 c=0 rs=1 cs=1]
                      LayoutText {#text} at (0,0) size 35x18
                        text run at (0,0) width 35: "Body"
