layer at (0,0) size 800x600
  LayoutView at (0,0) size 800x600
layer at (0,0) size 800x110
  LayoutBlockFlow {HTML} at (0,0) size 800x110
    LayoutBlockFlow {BODY} at (8,8) size 784x94
      LayoutBlockFlow {DIV} at (0,0) size 784x20
        LayoutInline {A} at (0,0) size 60x19 [color=#0000EE]
          LayoutText {#text} at (0,0) size 60x19
            text run at (0,0) width 60: "Bug 6584"
        LayoutText {#text} at (60,0) size 355x19
          text run at (60,0) width 355: " REGRESSION: button after unclosed button gives trouble"
      LayoutBlockFlow {P} at (0,36) size 784x22
        LayoutButton {BUTTON} at (0,0) size 38x22 [bgcolor=#C0C0C0] [border: (2px outset #C0C0C0)]
          LayoutBlockFlow (anonymous) at (8,3) size 22x16
            LayoutText {#text} at (0,0) size 22x16
              text run at (0,0) width 22: "test"
        LayoutButton {BUTTON} at (38,0) size 45x22 [bgcolor=#C0C0C0] [border: (2px outset #C0C0C0)]
          LayoutBlockFlow (anonymous) at (8,3) size 29x16
            LayoutText {#text} at (0,0) size 29x16
              text run at (0,0) width 29: "test2"
        LayoutText {#text} at (0,0) size 0x0
      LayoutBlockFlow {DIV} at (0,74) size 784x20
        LayoutText {#text} at (0,0) size 572x19
          text run at (0,0) width 572: "There should be two separate buttons instead of button \"test2\" being nested inside button \"test\"."
