EDITING DELEGATE: webViewDidChangeSelection:WebViewDidChangeSelectionNotification
layer at (0,0) size 800x600
  LayoutView at (0,0) size 800x600
layer at (0,0) size 800x600
  LayoutBlockFlow {HTML} at (0,0) size 800x600
    LayoutBlockFlow {BODY} at (8,8) size 784x576
      LayoutBlockFlow {DIV} at (0,0) size 250x40
        LayoutText {#text} at (0,0) size 194x19
          text run at (0,0) width 194: "Try to create a caret after this lin"
        LayoutInline {SPAN} at (194,0) size 7x19
          LayoutText {#text} at (194,0) size 7x19
            text run at (194,0) width 7: "e"
        LayoutText {#text} at (201,0) size 4x19
          text run at (201,0) width 4: " "
        LayoutInline {SPAN} at (205,0) size 0x19
        LayoutText {#text} at (0,20) size 170x19
          text run at (0,20) width 170: "thisshouldbeonthesecondline"
      LayoutBlockFlow {P} at (0,66) size 784x40
        LayoutText {#text} at (0,0) size 126x19
          text run at (0,0) width 126: "This is a testcase for "
        LayoutInline {A} at (126,0) size 323x19 [color=#0000EE]
          LayoutText {#text} at (126,0) size 323x19
            text run at (126,0) width 323: "http://bugzilla.opendarwin.org/show_bug.cgi?id=6476"
        LayoutText {#text} at (0,0) size 741x39
          text run at (449,0) width 8: ". "
          text run at (457,0) width 284: "Creating an upstream caret with the mouse was"
          text run at (0,20) width 568: "impossible if the upstream and downstream carets were separated only by unrendered content."
      LayoutBlockFlow {P} at (0,122) size 784x40
        LayoutText {#text} at (0,0) size 745x39
          text run at (0,0) width 306: "This test uses the eventSender to do mouse clicks. "
          text run at (306,0) width 439: "To run it manually, click in the space after all the text on the first line in the"
          text run at (0,20) width 137: "above editable region. "
          text run at (137,20) width 370: "Clicking should create a caret after the first space after the 'e'."
layer at (8,56) size 784x2 clip at (0,0) size 0x0
  LayoutBlockFlow {HR} at (0,48) size 784x2 [border: (1px inset #EEEEEE)]
caret: position 1 of child 2 {#text} of child 1 {DIV} of body
