EDITING DELEGATE: webViewDidChangeSelection:WebViewDidChangeSelectionNotification
EDITING DELEGATE: webViewDidChangeSelection:WebViewDidChangeSelectionNotification
EDITING DELEGATE: webViewDidChangeSelection:WebViewDidChangeSelectionNotification
EDITING DELEGATE: webViewDidChangeSelection:WebViewDidChangeSelectionNotification
EDITING DELEGATE: webViewDidChangeSelection:WebViewDidChangeSelectionNotification
EDITING DELEGATE: webViewDidChangeSelection:WebViewDidChangeSelectionNotification
EDITING DELEGATE: webViewDidChangeSelection:WebViewDidChangeSelectionNotification
EDITING DELEGATE: webViewDidChangeSelection:WebViewDidChangeSelectionNotification
EDITING DELEGATE: webViewDidChangeSelection:WebViewDidChangeSelectionNotification
EDITING DELEGATE: webViewDidChangeSelection:WebViewDidChangeSelectionNotification
layer at (0,0) size 800x600
  LayoutView at (0,0) size 800x600
layer at (0,0) size 800x600
  LayoutBlockFlow {HTML} at (0,0) size 800x600
    LayoutBlockFlow {BODY} at (8,8) size 784x584
      LayoutBlockFlow (anonymous) at (0,0) size 784x40
        LayoutText {#text} at (0,0) size 341x19
          text run at (0,0) width 341: "The selection range in the red box should look like this:   "
        LayoutInline {SPAN} at (341,0) size 97x19 [bgcolor=#AFDAFF]
          LayoutText {#text} at (341,0) size 97x19
            text run at (341,0) width 26: "abc "
            text run at (390,0) width 8: "1"
            text run at (414,0) width 24 RTL: "\x{5D0}\x{5D1}\x{5D2} "
        LayoutText {#text} at (367,0) size 98x19
          text run at (367,0) width 23 RTL: " \x{5D3}\x{5D4}\x{5D5}"
          text run at (398,0) width 16: "23"
          text run at (438,0) width 27: " def "
        LayoutBR {BR} at (465,15) size 0x0
        LayoutBR {BR} at (0,20) size 0x19
      LayoutBlockFlow {DIV} at (0,40) size 784x56 [border: (2px solid #FF0000)]
        LayoutInline {SPAN} at (14,14) size 184x27
          LayoutText {#text} at (14,14) size 184x27
            text run at (14,14) width 40: "abc "
            text run at (54,14) width 34 RTL: " \x{5D3}\x{5D4}\x{5D5}"
            text run at (88,14) width 36: "123"
            text run at (124,14) width 37 RTL: "\x{5D0}\x{5D1}\x{5D2} "
            text run at (161,14) width 37: " def"
        LayoutText {#text} at (0,0) size 0x0
selection start: position 0 of child 0 {#text} of child 1 {SPAN} of child 6 {DIV} of body
selection end:   position 9 of child 0 {#text} of child 1 {SPAN} of child 6 {DIV} of body
