EDITING DELEGATE: webViewDidChangeSelection:WebViewDidChangeSelectionNotification
EDITING DELEGATE: webViewDidChangeSelection:WebViewDidChangeSelectionNotification
layer at (0,0) size 800x600
  LayoutView at (0,0) size 800x600
layer at (0,0) size 800x600
  LayoutBlockFlow {HTML} at (0,0) size 800x600
    LayoutBlockFlow {BODY} at (8,8) size 784x584
      LayoutBlockFlow {P} at (0,0) size 784x20
        LayoutText {#text} at (0,0) size 784x19
          text run at (0,0) width 308: "This tests paragraphBoundary selection navigation. "
          text run at (308,0) width 476: "The caret should be at the end of the paragraph below, just after the select box."
      LayoutBlockFlow {DIV} at (0,36) size 784x20
        LayoutMenuList {SELECT} at (0,0) size 29x20 [bgcolor=#FFFFFF] [border: (1px solid #A9A9A9)]
          LayoutBlockFlow (anonymous) at (1,1) size 27x18
            LayoutText (anonymous) at (4,1) size 7x16
              text run at (4,1) width 7: "1"
caret: position 1 of child 0 {SELECT} of child 2 {DIV} of body
