EDITING DELEGATE: webViewDidChangeSelection:WebViewDidChangeSelectionNotification
EDITING DELEGATE: webViewDidChangeSelection:WebViewDidChangeSelectionNotification
EDITING DELEGATE: webViewDidChangeSelection:WebViewDidChangeSelectionNotification
EDITING DELEGATE: webViewDidChangeSelection:WebViewDidChangeSelectionNotification
EDITING DELEGATE: webViewDidChangeSelection:WebViewDidChangeSelectionNotification
EDITING DELEGATE: webViewDidChangeSelection:WebViewDidChangeSelectionNotification
EDITING DELEGATE: webViewDidChangeSelection:WebViewDidChangeSelectionNotification
layer at (0,0) size 800x600
  LayoutView at (0,0) size 800x600
layer at (0,0) size 800x600
  LayoutBlockFlow {HTML} at (0,0) size 800x600
    LayoutBlockFlow {BODY} at (8,8) size 784x584
      LayoutBlockFlow {DIV} at (0,0) size 784x72 [border: (2px solid #FF0000)]
        LayoutBlockFlow {DIV} at (14,14) size 756x44
          LayoutInline {SPAN} at (0,0) size 0x0
          LayoutBR {BR} at (0,0) size 0x27
          LayoutInline {SPAN} at (0,0) size 27x15
            LayoutText {#text} at (0,28) size 27x15
              text run at (0,28) width 27: "- Ken"
          LayoutBR {BR} at (27,40) size 0x0
          LayoutInline {SPAN} at (0,0) size 0x0
          LayoutText {#text} at (0,0) size 0x0
caret: position 5 of child 0 {#text} of child 4 {SPAN} of child 1 {DIV} of child 1 {DIV} of body
