EDITING DELEGATE: webViewDidChangeSelection:WebViewDidChangeSelectionNotification
EDITING DELEGATE: webViewDidChangeSelection:WebViewDidChangeSelectionNotification
layer at (0,0) size 800x600
  LayoutView at (0,0) size 800x600
layer at (0,0) size 800x600
  LayoutBlockFlow {HTML} at (0,0) size 800x600
    LayoutBlockFlow {BODY} at (8,8) size 784x584
      LayoutBlockFlow {P} at (0,0) size 784x20
        LayoutText {#text} at (0,0) size 639x19
          text run at (0,0) width 359: "This tests modifying a selection created with a double click. "
          text run at (359,0) width 280: "The new selection should use word granularity."
      LayoutBlockFlow {P} at (0,36) size 784x40 [color=#008000]
        LayoutText {#text} at (0,0) size 766x39
          text run at (0,0) width 211: "This test does not run interactively. "
          text run at (211,0) width 339: "It uses the testRunners eventSender to do mouse clicks. "
          text run at (550,0) width 216: "To run it manually, triple click on the"
          text run at (0,20) width 386: "second line in the box below (anywhere after \"whitespace:pre\"). "
          text run at (386,20) width 257: "The triple click should select the entire line."
      LayoutBlockFlow {DIV} at (0,92) size 784x60
        LayoutBlockFlow {DIV} at (0,0) size 784x60 [border: (1px solid #0000FF)]
          LayoutBlockFlow {PRE} at (1,14) size 782x32
            LayoutText {#text} at (0,0) size 120x32
              text run at (0,0) width 120: "this text is in"
              text run at (120,0) width 0: " "
              text run at (0,16) width 112: "whitespace:pre"
selection start: position 16 of child 0 {#text} of child 1 {PRE} of child 1 {DIV} of child 5 {DIV} of body
selection end:   position 30 of child 0 {#text} of child 1 {PRE} of child 1 {DIV} of child 5 {DIV} of body
