layer at (0,0) size 800x600
  LayoutView at (0,0) size 800x600
layer at (0,0) size 800x558
  LayoutNGBlockFlow {html} at (0,0) size 800x557.86
    LayoutNGBlockFlow {body} at (48,30.72) size 752x519.14
      LayoutNGBlockFlow {div} at (0,0) size 752x519.14
        LayoutNGBlockFlow {h1} at (0,0) size 691.83x31
          LayoutText {#text} at (0,0) size 216x30
            text run at (0,0) width 216: "rightsizing to box"
        LayoutNGBlockFlow {h4} at (0,31) size 752x16
          LayoutText {#text} at (0,0) size 138x16
            text run at (0,0) width 138: "WICD Core 1.0 #20-1"
        LayoutNGBlockFlow {div} at (0,66.14) size 176x62 [bgcolor=#FF0000]
          LayoutImage {object} at (0,0) size 176x62
          LayoutText {#text} at (0,0) size 0x0
        LayoutNGBlockFlow (anonymous) at (0,128.14) size 752x19
          LayoutBR {br} at (0,0) size 0x18
        LayoutNGBlockFlow {div} at (0,147.14) size 176x62 [bgcolor=#FF0000]
          LayoutText {#text} at (0,0) size 0x0
        LayoutNGBlockFlow {p} at (0,212.02) size 691.83x36
          LayoutText {#text} at (0,0) size 684x36
            text run at (0,0) width 684: "Above there must be a GIF- and a SVG-image visible. Both are referenced by an object element (width:100%, no"
            text run at (0,18) width 480: "defined height) and each nested into a div element (width:176px, height:62px)."
        LayoutNGBlockFlow {div} at (0,253.77) size 176x62 [bgcolor=#FF0000]
          LayoutImage {object} at (0,0) size 176x62
          LayoutText {#text} at (0,0) size 0x0
        LayoutNGBlockFlow (anonymous) at (0,315.77) size 752x19
          LayoutBR {br} at (0,0) size 0x18
        LayoutNGBlockFlow {div} at (0,334.77) size 176x62 [bgcolor=#FF0000]
          LayoutText {#text} at (0,0) size 0x0
        LayoutNGBlockFlow {p} at (0,399.64) size 691.83x36
          LayoutText {#text} at (0,0) size 652x36
            text run at (0,0) width 652: "Above there must be a GIF- and a SVG-image visible. Both are referenced by an object element (no defined"
            text run at (0,18) width 512: "width, height:100%) and each nested into a div element (width:176px, height:62px)."
        LayoutNGBlockFlow {p} at (0,441.39) size 691.83x36
          LayoutText {#text} at (0,0) size 668x36
            text run at (0,0) width 668: "This tests have succeeded, if in both cases, the look (dimensions) of the SVG and the GIF are exactly the same"
            text run at (0,18) width 411: "(except the text apparently) and no red background color is visible."
        LayoutNGBlockFlow {p} at (0,483.14) size 691.83x36
          LayoutBR {br} at (0,0) size 0x18
          LayoutInline {a} at (0,0) size 30x18 [color=#000066]
            LayoutText {#text} at (0,18) size 30x18
              text run at (0,18) width 30: "Back"
layer at (48,178) size 176x62
  LayoutEmbeddedObject {object} at (0,0) size 176x62
    layer at (0,0) size 176x62
      LayoutView at (0,0) size 176x62
    layer at (0,0) size 176x62
      LayoutSVGRoot {svg} at (0,0) size 176x62
        LayoutSVGRect {rect} at (0,0) size 176x62 [fill={[type=SOLID] [color=#CCCCCC]}] [x=0.00] [y=0.00] [width=176.00] [height=62.00]
        LayoutSVGRect {rect} at (2,2) size 174x60 [fill={[type=SOLID] [color=#333333]}] [x=2.00] [y=2.00] [width=174.00] [height=60.00]
        LayoutSVGRect {rect} at (2,2) size 172x58 [fill={[type=SOLID] [color=#FFFFFF]}] [x=2.00] [y=2.00] [width=172.00] [height=58.00]
        LayoutSVGRect {rect} at (86,2) size 88x58 [fill={[type=SOLID] [color=#FFCC33]}] [x=86.00] [y=2.00] [width=88.00] [height=58.00]
        LayoutSVGText {text} at (46,10) size 80x46 contains 1 chunk(s)
          LayoutSVGInlineText {#text} at (46,10) size 80x46
            chunk 1 (middle anchor) text run 1 at (46.00,46.00) startOffset 0 endOffset 3 width 80.00: "SVG"
layer at (48,365) size 176x62
  LayoutEmbeddedObject {object} at (0,0) size 176x62
    layer at (0,0) size 176x62
      LayoutView at (0,0) size 176x62
    layer at (0,0) size 176x62
      LayoutSVGRoot {svg} at (0,0) size 176x62
        LayoutSVGRect {rect} at (0,0) size 176x62 [fill={[type=SOLID] [color=#CCCCCC]}] [x=0.00] [y=0.00] [width=176.00] [height=62.00]
        LayoutSVGRect {rect} at (2,2) size 174x60 [fill={[type=SOLID] [color=#333333]}] [x=2.00] [y=2.00] [width=174.00] [height=60.00]
        LayoutSVGRect {rect} at (2,2) size 172x58 [fill={[type=SOLID] [color=#FFFFFF]}] [x=2.00] [y=2.00] [width=172.00] [height=58.00]
        LayoutSVGRect {rect} at (86,2) size 88x58 [fill={[type=SOLID] [color=#FFCC33]}] [x=86.00] [y=2.00] [width=88.00] [height=58.00]
        LayoutSVGText {text} at (46,10) size 80x46 contains 1 chunk(s)
          LayoutSVGInlineText {#text} at (46,10) size 80x46
            chunk 1 (middle anchor) text run 1 at (46.00,46.00) startOffset 0 endOffset 3 width 80.00: "SVG"
