layer at (0,0) size 800x600
  LayoutView at (0,0) size 800x600
layer at (0,0) size 800x600
  LayoutNGBlockFlow {html} at (0,0) size 800x600
    LayoutNGBlockFlow {body} at (48,30.72) size 752x167.64
      LayoutNGBlockFlow {h1} at (0,0) size 691.83x31
        LayoutText {#text} at (0,0) size 383x30
          text run at (0,0) width 383: "scalable fullscreen background"
      LayoutNGBlockFlow {h4} at (0,31) size 752x16
        LayoutText {#text} at (0,0) size 125x16
          text run at (0,0) width 125: "WICD Core 1.0 #12"
      LayoutNGBlockFlow {p} at (0,66.14) size 691.83x36
        LayoutText {#text} at (0,0) size 677x36
          text run at (0,0) width 677: "This text is XHTML main layer content, which must overlay a lightblue SVG-background image with text ('SVG"
          text run at (0,18) width 621: "background image'). The SVG background image must cover the complete XHTML-background area."
      LayoutNGBlockFlow {p} at (0,107.89) size 691.83x36
        LayoutText {#text} at (0,0) size 676x36
          text run at (0,0) width 676: "This test has failed, if you don't see any graphics on the background. (your user agent does not support SVG as"
          text run at (0,18) width 123: "background image)."
      LayoutNGBlockFlow {p} at (0,149.64) size 691.83x18
        LayoutInline {a} at (0,0) size 30x18 [color=#000066]
          LayoutText {#text} at (0,0) size 30x18
            text run at (0,0) width 30: "Back"
