layer at (0,0) size 800x600
  LayoutView at (0,0) size 800x600
layer at (0,0) size 800x34
  LayoutBlockFlow {HTML} at (0,0) size 800x34
    LayoutBlockFlow {BODY} at (8,8) size 784x18
      LayoutText {#text} at (0,0) size 542x18
        text run at (0,0) width 304: "You should see a 100x100 green square below. "
        text run at (303,0) width 239: "If you see any red, the test has failed."
layer at (8,26) size 200x200 backgroundClip at (108,126) size 100x100 clip at (108,126) size 100x100
  LayoutBlockFlow (positioned) {DIV} at (8,26) size 200x200 [bgcolor=#008000]
    LayoutBlockFlow {DIV} at (0,0) size 100x100 [bgcolor=#FF0000]
