layer at (0,0) size 800x600
  LayoutView at (0,0) size 800x600
layer at (0,0) size 800x134
  LayoutBlockFlow {HTML} at (0,0) size 800x134
    LayoutBlockFlow {BODY} at (8,8) size 784x118
      LayoutBlockFlow (anonymous) at (0,0) size 784x18
        LayoutText {#text} at (0,0) size 542x18
          text run at (0,0) width 304: "You should see a 100x100 green square below. "
          text run at (303,0) width 239: "If you see any red, the test has failed."
layer at (8,26) size 100x100 scrollWidth 200 scrollHeight 200
  LayoutBlockFlow {DIV} at (0,18) size 100x100
    LayoutBlockFlow {DIV} at (100,100) size 100x100 [bgcolor=#FF0000]
layer at (150,100) size 100x100
  LayoutBlockFlow (positioned) {DIV} at (150,100) size 100x100 [bgcolor=#008000]
