layer at (0,0) size 800x600
  LayoutView at (0,0) size 800x600
layer at (0,0) size 800x52
  LayoutBlockFlow {HTML} at (0,0) size 800x52
    LayoutBlockFlow {BODY} at (8,8) size 784x36
      LayoutText {#text} at (0,0) size 763x36
        text run at (0,0) width 304: "You should see a 100x100 green square below. "
        text run at (303,0) width 243: "If you see any red, the test has failed. "
        text run at (545,0) width 218: "This test is checking to make sure"
        text run at (0,18) width 412: "clip applies to the element itself and starts from the border edge."
      LayoutText {#text} at (0,0) size 0x0
layer at (8,44) size 120x120 backgroundClip at (18,54) size 100x100 clip at (18,54) size 100x100
  LayoutBlockFlow (positioned) {DIV} at (8,44) size 120x120 [bgcolor=#008000] [border: (10px solid #FF0000)]
