EDITING DELEGATE: webViewDidChangeSelection:WebViewDidChangeSelectionNotification
EDITING DELEGATE: webViewDidChangeSelection:WebViewDidChangeSelectionNotification
EDITING DELEGATE: webViewDidChangeSelection:WebViewDidChangeSelectionNotification
EDITING DELEGATE: webViewDidChangeSelection:WebViewDidChangeSelectionNotification
EDITING DELEGATE: webViewDidChangeSelection:WebViewDidChangeSelectionNotification
EDITING DELEGATE: webViewDidChangeSelection:WebViewDidChangeSelectionNotification
EDITING DELEGATE: webViewDidChangeSelection:WebViewDidChangeSelectionNotification
EDITING DELEGATE: webViewDidChangeSelection:WebViewDidChangeSelectionNotification
EDITING DELEGATE: webViewDidChange:WebViewDidChangeNotification
EDITING DELEGATE: webViewDidChangeSelection:WebViewDidChangeSelectionNotification
EDITING DELEGATE: webViewDidChangeSelection:WebViewDidChangeSelectionNotification
EDITING DELEGATE: webViewDidChangeSelection:WebViewDidChangeSelectionNotification
EDITING DELEGATE: webViewDidChangeSelection:WebViewDidChangeSelectionNotification
EDITING DELEGATE: webViewDidChangeSelection:WebViewDidChangeSelectionNotification
EDITING DELEGATE: webViewDidChangeSelection:WebViewDidChangeSelectionNotification
EDITING DELEGATE: webViewDidChangeSelection:WebViewDidChangeSelectionNotification
EDITING DELEGATE: webViewDidChange:WebViewDidChangeNotification
layer at (0,0) size 800x600
  LayoutView at (0,0) size 800x600
layer at (0,0) size 800x600
  LayoutBlockFlow {HTML} at (0,0) size 800x600
    LayoutBlockFlow {BODY} at (8,8) size 784x584
      LayoutBlockFlow (anonymous) at (0,0) size 784x40
        LayoutText {#text} at (0,0) size 89x19
          text run at (0,0) width 89: "Fixes this bug: "
        LayoutInline {A} at (0,0) size 164x19 [color=#0000EE]
          LayoutText {#text} at (89,0) size 164x19
            text run at (89,0) width 164: "<rdar://problem/3927554>"
        LayoutText {#text} at (253,0) size 367x19
          text run at (253,0) width 367: " REGRESSION (Mail): Paste inserts content in wrong place "
        LayoutBR {BR} at (0,0) size 0x0
        LayoutText {#text} at (0,20) size 355x19
          text run at (0,20) width 355: "***TEST*** line should be second, following the first line."
      LayoutBlockFlow {DIV} at (0,40) size 784x12
      LayoutBlockFlow {DIV} at (0,52) size 784x224
        LayoutBlockFlow {DIV} at (0,0) size 784x224 [border: (2px solid #FF0000)]
          LayoutBlockFlow {P} at (14,14) size 756x28
            LayoutText {#text} at (0,0) size 313x27
              text run at (0,0) width 313: "Should be first line of document."
            LayoutBR {BR} at (313,21) size 0x0
          LayoutBlockFlow {P} at (14,42) size 756x28
            LayoutText {#text} at (0,0) size 127x27
              text run at (0,0) width 127: "***TEST***"
          LayoutBlockFlow {DIV} at (14,70) size 756x28
            LayoutBR {BR} at (0,0) size 0x27
          LayoutBlockFlow {P} at (14,98) size 756x28
            LayoutText {#text} at (0,0) size 126x27
              text run at (0,0) width 126: "Another line."
          LayoutBlockFlow {P} at (14,126) size 756x0
          LayoutBlockFlow (anonymous) at (14,126) size 756x28
            LayoutText {#text} at (0,0) size 6x27
              text run at (0,0) width 6: " "
          LayoutBlockFlow {P} at (14,154) size 756x0
          LayoutBlockFlow (anonymous) at (14,154) size 756x28
            LayoutText {#text} at (0,0) size 6x27
              text run at (0,0) width 6: " "
          LayoutBlockFlow {P} at (14,182) size 756x28
            LayoutBR {BR} at (0,0) size 0x27
caret: position 0 of child 0 {BR} of child 2 {DIV} of child 1 {DIV} of child 7 {DIV} of body
