layer at (0,0) size 800x600
  LayoutView at (0,0) size 800x600
layer at (0,0) size 800x127
  LayoutBlockFlow {HTML} at (0,0) size 800x127.44
    LayoutBlockFlow {BODY} at (8,18.72) size 784x92.72
      LayoutBlockFlow {H3} at (0,0) size 784x22
        LayoutText {#text} at (0,0) size 198x22
          text run at (0,0) width 198: "Test for chromium bug : "
        LayoutInline {A} at (0,0) size 54x22 [color=#0000EE]
          LayoutText {#text} at (198,0) size 54x22
            text run at (198,0) width 54: "256333"
        LayoutText {#text} at (252,0) size 274x22
          text run at (252,0) width 274: ". Test case for Ignorable characters"
      LayoutBlockFlow {P} at (0,40.72) size 784x18
        LayoutText {#text} at (0,0) size 151x18
          text run at (0,0) width 151: "abc should be displayed"
      LayoutBlockFlow {P} at (0,74.72) size 784x18
        LayoutText {#text} at (0,0) size 46x18
          text run at (0,0) width 46: "a\x{2066}b\x{2069}c"
