layer at (0,0) size 800x600
  LayoutView at (0,0) size 800x600
layer at (0,0) size 800x600
  LayoutBlockFlow {HTML} at (0,0) size 800x600
    LayoutBlockFlow {BODY} at (8,8) size 784x584 [bgcolor=#CCCCCC]
      LayoutBlockFlow {P} at (0,0) size 784x20
        LayoutText {#text} at (0,0) size 355x19
          text run at (0,0) width 355: "The style declarations which apply to the text below are:"
      LayoutBlockFlow {PRE} at (0,36) size 784x80
        LayoutText {#text} at (0,0) size 224x80
          text run at (0,0) width 192: ".one {text-align: left;}"
          text run at (192,0) width 0: " "
          text run at (0,16) width 200: ".two {text-align: right;}"
          text run at (200,16) width 0: " "
          text run at (0,32) width 224: ".three {text-align: center;}"
          text run at (224,32) width 0: " "
          text run at (0,48) width 224: ".four {text-align: justify;}"
          text run at (224,48) width 0: " "
          text run at (0,64) width 0: " "
      LayoutBlockFlow {HR} at (0,129) size 784x2 [border: (1px inset #EEEEEE)]
      LayoutBlockFlow {P} at (0,147) size 784x20
        LayoutText {#text} at (0,0) size 234x19
          text run at (0,0) width 234: "This sentence should be left-justified."
      LayoutBlockFlow {P} at (0,183) size 784x20
        LayoutText {#text} at (541,0) size 243x19
          text run at (541,0) width 243: "This sentence should be right-justified."
      LayoutBlockFlow {P} at (0,219) size 784x20
        LayoutText {#text} at (286,0) size 212x19
          text run at (286,0) width 212: "This sentence should be centered."
      LayoutBlockFlow {P} at (0,255) size 784x60
        LayoutText {#text} at (0,0) size 784x59
          text run at (0,0) width 784: "This sentence should be fully justified, which means that the right and left margins of this paragraph should line up, no"
          text run at (0,20) width 784: "matter how long the paragraph becomes; the exception, of course, is the last line, which should be left-justified in Western"
          text run at (0,40) width 67: "languages."
      LayoutTable {TABLE} at (0,331) size 784x206 [border: (1px outset #808080)]
        LayoutTableSection {TBODY} at (1,1) size 782x204
          LayoutTableRow {TR} at (0,0) size 782x28
            LayoutTableCell {TD} at (0,0) size 782x28 [bgcolor=#C0C0C0] [border: (1px inset #808080)] [r=0 c=0 rs=1 cs=2]
              LayoutInline {STRONG} at (0,0) size 161x19
                LayoutText {#text} at (4,4) size 161x19
                  text run at (4,4) width 161: "TABLE Testing Section"
          LayoutTableRow {TR} at (0,28) size 782x176
            LayoutTableCell {TD} at (0,102) size 12x28 [bgcolor=#C0C0C0] [border: (1px inset #808080)] [r=1 c=0 rs=1 cs=1]
              LayoutText {#text} at (4,4) size 4x19
                text run at (4,4) width 4: " "
            LayoutTableCell {TD} at (12,28) size 770x176 [border: (1px inset #808080)] [r=1 c=1 rs=1 cs=1]
              LayoutBlockFlow {P} at (4,4) size 762x20
                LayoutText {#text} at (0,0) size 234x19
                  text run at (0,0) width 234: "This sentence should be left-justified."
              LayoutBlockFlow {P} at (4,40) size 762x20
                LayoutText {#text} at (519,0) size 243x19
                  text run at (519,0) width 243: "This sentence should be right-justified."
              LayoutBlockFlow {P} at (4,76) size 762x20
                LayoutText {#text} at (275,0) size 212x19
                  text run at (275,0) width 212: "This sentence should be centered."
              LayoutBlockFlow {P} at (4,112) size 762x60
                LayoutText {#text} at (0,0) size 762x59
                  text run at (0,0) width 762: "This sentence should be fully justified, which means that the right and left margins of this paragraph should line up, no"
                  text run at (0,20) width 762: "matter how long the paragraph becomes; the exception, of course, is the last line, which should be left-justified in"
                  text run at (0,40) width 122: "Western languages."
