layer at (0,0) size 800x600
  LayoutView at (0,0) size 800x600
layer at (0,0) size 800x162
  LayoutBlockFlow {HTML} at (0,0) size 800x162
    LayoutBlockFlow {BODY} at (8,16) size 784x138
      LayoutBlockFlow {P} at (0,0) size 784x20
        LayoutText {#text} at (0,0) size 384x19
          text run at (0,0) width 384: "At the end of the test the green box should obscure the red box."
      LayoutBlockFlow {DIV} at (0,138) size 784x0
layer at (8,52) size 402x102
  LayoutBlockFlow (relative positioned) {DIV} at (0,36) size 402x102 [border: (1px solid #000000)]
layer at (9,53) size 100x100
  LayoutBlockFlow (positioned) {DIV} at (1,1) size 100x100 [bgcolor=#FF0000]
layer at (9,53) size 100x100
  LayoutBlockFlow (positioned) {DIV} at (1,1) size 100x100 [bgcolor=#008000]
