layer at (0,0) size 800x600
  LayoutView at (0,0) size 800x600
layer at (0,0) size 800x196
  LayoutBlockFlow {HTML} at (0,0) size 800x196
    LayoutBlockFlow {BODY} at (8,8) size 784x180
layer at (8,8) size 100x20 scrollWidth 133
  LayoutBlockFlow {DIV} at (0,0) size 100x20
    LayoutText {#text} at (0,0) size 133x19
      text run at (0,0) width 133: "markAllComposition"
layer at (8,28) size 100x20 scrollWidth 142
  LayoutBlockFlow {DIV} at (0,20) size 100x20
    LayoutText {#text} at (0,0) size 142x19
      text run at (0,0) width 142: "markStartComposition"
layer at (8,48) size 100x20 scrollWidth 139
  LayoutBlockFlow {DIV} at (0,40) size 100x20
    LayoutText {#text} at (0,0) size 139x19
      text run at (0,0) width 139: "markEndComposition"
layer at (8,68) size 100x20 scrollWidth 104
  LayoutBlockFlow {DIV} at (0,60) size 100x20
    LayoutText {#text} at (0,0) size 104x19
      text run at (0,0) width 104: "markAllSpelling"
layer at (8,88) size 100x20 scrollWidth 113
  LayoutBlockFlow {DIV} at (0,80) size 100x20
    LayoutText {#text} at (0,0) size 113x19
      text run at (0,0) width 113: "markStartSpelling"
layer at (8,108) size 100x20 scrollWidth 110
  LayoutBlockFlow {DIV} at (0,100) size 100x20
    LayoutText {#text} at (0,0) size 110x19
      text run at (0,0) width 110: "markEndSpelling"
layer at (8,128) size 100x20 scrollWidth 120
  LayoutBlockFlow {DIV} at (0,120) size 100x20
    LayoutText {#text} at (0,0) size 120x19
      text run at (0,0) width 120: "markAllTextMatch"
layer at (8,148) size 100x20 scrollWidth 129
  LayoutBlockFlow {DIV} at (0,140) size 100x20
    LayoutText {#text} at (0,0) size 129x19
      text run at (0,0) width 129: "markStartTextMatch"
layer at (8,168) size 100x20 scrollWidth 126
  LayoutBlockFlow {DIV} at (0,160) size 100x20
    LayoutText {#text} at (0,0) size 126x19
      text run at (0,0) width 126: "markEndTextMatch"
