layer at (0,0) size 800x600 clip at (0,0) size 785x600 scrollHeight 1089
  LayoutView at (0,0) size 800x600
layer at (0,0) size 785x1089 backgroundClip at (0,0) size 785x600 clip at (0,0) size 785x600
  LayoutBlockFlow {HTML} at (0,0) size 785x1089
    LayoutBlockFlow {BODY} at (8,8) size 769x1073 [bgcolor=#CCCCCC]
      LayoutBlockFlow {P} at (0,0) size 769x20
        LayoutInline {<pseudo:first-letter>} at (0,0) size 10x19 [color=#800000]
          LayoutTextFragment (anonymous) at (0,0) size 10x19
            text run at (0,0) width 10: "T"
        LayoutTextFragment {#text} at (10,0) size 345x19
          text run at (10,0) width 345: "he style declarations which apply to the text below are:"
      LayoutBlockFlow {PRE} at (0,36) size 769x112
        LayoutText {#text} at (0,0) size 368x112
          text run at (0,0) width 224: "P:first-line {color: green;}"
          text run at (224,0) width 0: " "
          text run at (0,16) width 248: "P:first-letter {color: maroon;}"
          text run at (248,16) width 0: " "
          text run at (0,32) width 272: ".two:first-line {font-size: 200%;}"
          text run at (272,32) width 0: " "
          text run at (0,48) width 288: ".two:first-letter {font-size: 350%;}"
          text run at (288,48) width 0: " "
          text run at (0,64) width 312: "P.three:first-letter {font-size: 350%;}"
          text run at (312,64) width 0: " "
          text run at (0,80) width 368: "P.three:first-line {font-variant: small-caps;}"
          text run at (368,80) width 0: " "
          text run at (0,96) width 0: " "
      LayoutBlockFlow {P} at (0,179) size 769x60
        LayoutInline {<pseudo:first-letter>} at (0,0) size 10x19 [color=#800000]
          LayoutTextFragment (anonymous) at (0,0) size 10x19
            text run at (0,0) width 10: "T"
        LayoutTextFragment {#text} at (10,0) size 764x59
          text run at (10,0) width 717: "he first letter of this paragraph, and only that one, should be maroon (dark red), while the entire first line should be"
          text run at (0,20) width 43: "green. "
          text run at (43,20) width 511: "If this precise combination does not occur, then the user agent has failed this test. "
          text run at (553,20) width 211: "Remember that in order to ensure"
          text run at (0,40) width 449: "a complete test, the paragraph must be displayed on more than one line."
      LayoutBlockFlow {P} at (0,255) size 769x192
        LayoutInline {<pseudo:first-letter>} at (0,0) size 68x127 [color=#800000]
          LayoutTextFragment (anonymous) at (0,2) size 68x127
            text run at (0,2) width 68: "T"
        LayoutTextFragment {#text} at (68,74) size 751x117
          text run at (68,74) width 634: "he first letter of this paragraph, and only that one,"
          text run at (0,132) width 736: "should be 350% bigger than the rest of the first line of this paragraph and maroon (dark red), while the entire first line"
          text run at (0,152) width 299: "should be 200% bigger than normal and green. "
          text run at (299,152) width 452: "If this precise combination does not occur, then the user agent has failed"
          text run at (0,172) width 55: "this test. "
          text run at (55,172) width 663: "Remember that in order to ensure a complete test, the paragraph must be displayed on more than one line."
      LayoutBlockFlow {P} at (0,463) size 769x126
        LayoutInline {<pseudo:first-letter>} at (0,0) size 76x64 [color=#800000]
          LayoutTextFragment (anonymous) at (0,1) size 76x64
            text run at (0,1) width 76: "\"W"
        LayoutTextFragment {#text} at (76,36) size 765x89
          text run at (76,36) width 333: "e should check for quotation support,\" it was said. "
          text run at (408,36) width 354: "The first two characters in this paragraph-- a double-"
          text run at (0,66) width 683: "quote mark and a capital 'W'-- should be 350% bigger than the rest of the paragraph, and maroon (dark red). "
          text run at (683,66) width 81: "Note that the"
          text run at (0,86) width 765: "inclusion of both the quotation mark and the 'W' in the first-letter style is not required under CSS1, but it is recommended."
          text run at (0,106) width 450: "In addition, the entire first line should be in a small-caps font and green."
      LayoutTable {TABLE} at (0,605) size 769x468 [border: (1px outset #808080)]
        LayoutTableSection {TBODY} at (1,1) size 767x466
          LayoutTableRow {TR} at (0,0) size 767x28
            LayoutTableCell {TD} at (0,0) size 767x28 [bgcolor=#C0C0C0] [border: (1px inset #808080)] [r=0 c=0 rs=1 cs=2]
              LayoutInline {STRONG} at (0,0) size 161x19
                LayoutText {#text} at (4,4) size 161x19
                  text run at (4,4) width 161: "TABLE Testing Section"
          LayoutTableRow {TR} at (0,28) size 767x438
            LayoutTableCell {TD} at (0,233) size 12x28 [bgcolor=#C0C0C0] [border: (1px inset #808080)] [r=1 c=0 rs=1 cs=1]
              LayoutText {#text} at (4,4) size 4x19
                text run at (4,4) width 4: " "
            LayoutTableCell {TD} at (12,28) size 755x438 [border: (1px inset #808080)] [r=1 c=1 rs=1 cs=1]
              LayoutBlockFlow {P} at (4,4) size 747x60
                LayoutInline {<pseudo:first-letter>} at (0,0) size 10x19 [color=#800000]
                  LayoutTextFragment (anonymous) at (0,0) size 10x19
                    text run at (0,0) width 10: "T"
                LayoutTextFragment {#text} at (10,0) size 727x59
                  text run at (10,0) width 717: "he first letter of this paragraph, and only that one, should be maroon (dark red), while the entire first line should be"
                  text run at (0,20) width 43: "green. "
                  text run at (43,20) width 511: "If this precise combination does not occur, then the user agent has failed this test. "
                  text run at (553,20) width 166: "Remember that in order to"
                  text run at (0,40) width 494: "ensure a complete test, the paragraph must be displayed on more than one line."
              LayoutBlockFlow {P} at (4,80) size 747x212
                LayoutInline {<pseudo:first-letter>} at (0,0) size 68x127 [color=#800000]
                  LayoutTextFragment (anonymous) at (0,2) size 68x127
                    text run at (0,2) width 68: "T"
                LayoutTextFragment {#text} at (68,74) size 736x137
                  text run at (68,74) width 634: "he first letter of this paragraph, and only that one,"
                  text run at (0,132) width 736: "should be 350% bigger than the rest of the first line of this paragraph and maroon (dark red), while the entire first line"
                  text run at (0,152) width 299: "should be 200% bigger than normal and green. "
                  text run at (299,152) width 413: "If this precise combination does not occur, then the user agent has"
                  text run at (0,172) width 94: "failed this test. "
                  text run at (94,172) width 632: "Remember that in order to ensure a complete test, the paragraph must be displayed on more than one"
                  text run at (0,192) width 27: "line."
              LayoutBlockFlow {P} at (4,308) size 747x126
                LayoutInline {<pseudo:first-letter>} at (0,0) size 76x64 [color=#800000]
                  LayoutTextFragment (anonymous) at (0,1) size 76x64
                    text run at (0,1) width 76: "\"W"
                LayoutTextFragment {#text} at (76,36) size 739x89
                  text run at (76,36) width 333: "e should check for quotation support,\" it was said. "
                  text run at (408,36) width 300: "The first two characters in this paragraph-- a"
                  text run at (0,66) width 727: "double-quote mark and a capital 'W'-- should be 350% bigger than the rest of the paragraph, and maroon (dark red)."
                  text run at (0,86) width 739: "Note that the inclusion of both the quotation mark and the 'W' in the first-letter style is not required under CSS1, but it"
                  text run at (0,106) width 111: "is recommended. "
                  text run at (111,106) width 450: "In addition, the entire first line should be in a small-caps font and green."
layer at (8,169) size 769x2 clip at (0,0) size 0x0
  LayoutBlockFlow {HR} at (0,161) size 769x2 [border: (1px inset #EEEEEE)]
