layer at (0,0) size 800x600
  LayoutView at (0,0) size 800x600
layer at (0,0) size 800x462
  LayoutBlockFlow {HTML} at (0,0) size 800x462.02
    LayoutBlockFlow {BODY} at (11.52,11.52) size 776.97x438.98
      LayoutText {#text} at (0,0) size 0x0
layer at (12,12) size 576x432
  LayoutVideo {VIDEO} at (0,0) size 576x431.98
layer at (12,12) size 576x432
  LayoutFlexibleBox (relative positioned) {DIV} at (0,0) size 576x431.98
    LayoutBlockFlow {DIV} at (288,0) size 0x0
    LayoutFlexibleBox {DIV} at (0,0) size 576x431.98
layer at (12,12) size 576x432 transparent
  LayoutFlexibleBox {DIV} at (0,0) size 576x431.98
layer at (12,12) size 576x406 clip at (14,14) size 571x401
  LayoutButton (relative positioned) {INPUT} at (0,0) size 576x406.09 [border: (2.88px outset #C0C0C0)]
    LayoutFlexibleBox (anonymous) at (11.50,162.73) size 553x80.63
      LayoutBlockFlow {DIV} at (236.19,0) size 80.63x80.63 [bgcolor=#FFFFFFE6]
layer at (12,360) size 576x46 transparent
  LayoutFlexibleBox (relative positioned) {DIV} at (0,348.50) size 576x46.08
    LayoutBlockFlow {DIV} at (23.03,3.08) size 39x43 [color=#FFFFFF]
      LayoutText {#text} at (0,10) size 39x23
        text run at (0,10) width 39: "0:01"
    LayoutBlockFlow {DIV} at (67.78,3.08) size 51x43 [color=#FFFFFF]
      LayoutText {#text} at (0,10) size 51x23
        text run at (0,10) width 51: "/ 0:06"
    LayoutBlockFlow {DIV} at (118.78,46.08) size 350.67x0
    LayoutButton {INPUT} at (469.45,0) size 46.08x46.08
    LayoutButton {INPUT} at (515.53,0) size 46.08x46.08
layer at (12,406) size 576x37 transparent
  LayoutSlider {INPUT} at (0,394.58) size 576x37.41 [color=#C4C4C4]
    LayoutFlexibleBox {DIV} at (23.03,7.19) size 529.94x5.75
layer at (35,413) size 530x6
  LayoutBlockFlow (relative positioned) {DIV} at (0,0) size 529.94x5.75 [bgcolor=#FFFFFF4D]
layer at (120,408) size 17x18
  LayoutBlockFlow (relative positioned) {DIV} at (85.05,-5.75) size 17.27x17.27 [bgcolor=#FFFFFF]
layer at (35,413) size 530x6 backgroundClip at (35,413) size 529x6 clip at (35,413) size 529x6
  LayoutBlockFlow (positioned) {DIV} at (0,0) size 529.94x5.75
layer at (35,413) size 88x6
  LayoutBlockFlow (positioned) {DIV} at (0,0) size 87.83x5.75 [bgcolor=#FFFFFF]
layer at (122,413) size 440x6
  LayoutBlockFlow (positioned) {DIV} at (87.83,0) size 440.63x5.75 [bgcolor=#FFFFFF8A]
