layer at (0,0) size 800x600
  LayoutView at (0,0) size 800x600
layer at (0,0) size 800x222
  LayoutBlockFlow {HTML} at (0,0) size 800x222.41
    LayoutBlockFlow {BODY} at (5.55,5.55) size 788.91x211.31
      LayoutText {#text} at (0,0) size 0x0
layer at (6,6) size 278x208
  LayoutVideo {VIDEO} at (0,0) size 277.77x208.31
layer at (6,6) size 278x208
  LayoutFlexibleBox (relative positioned) {DIV} at (0,0) size 277.77x208.31
    LayoutBlockFlow {DIV} at (138.88,0) size 0x0
    LayoutFlexibleBox {DIV} at (0,0) size 277.77x208.31
layer at (6,6) size 278x208 clip at (6,6) size 277x208 transparent
  LayoutFlexibleBox {DIV} at (0,0) size 277.77x208.31
layer at (6,6) size 278x196 backgroundClip at (6,6) size 277x196 clip at (7,7) size 275x193
  LayoutButton (relative positioned) {INPUT} at (0,0) size 277.77x195.83 [border: (1.38px outset #C0C0C0)]
    LayoutFlexibleBox (anonymous) at (5.53,78.47) size 266.70x38.88
      LayoutBlockFlow {DIV} at (113.91,0) size 38.88x38.88 [bgcolor=#FFFFFFE6]
layer at (6,174) size 278x22 backgroundClip at (6,174) size 277x22 clip at (6,174) size 277x22 transparent
  LayoutFlexibleBox (relative positioned) {DIV} at (0,168.06) size 277.77x22.22
    LayoutBlockFlow {DIV} at (11.11,2.22) size 21x20 [color=#FFFFFF]
      LayoutText {#text} at (0,3) size 21x13
        text run at (0,3) width 21: "0:01"
    LayoutBlockFlow {DIV} at (34.88,2.22) size 27x20 [color=#FFFFFF]
      LayoutText {#text} at (0,3) size 27x13
        text run at (0,3) width 27: "/ 0:06"
    LayoutBlockFlow {DIV} at (61.88,22.22) size 164.52x0
    LayoutButton {INPUT} at (226.39,0) size 22.22x22.22
    LayoutButton {INPUT} at (248.61,0) size 22.22x22.22
layer at (6,196) size 278x18 backgroundClip at (6,6) size 277x208 clip at (6,6) size 277x208 transparent
  LayoutSlider {INPUT} at (0,190.28) size 277.77x18.03 [color=#C4C4C4]
    LayoutFlexibleBox {DIV} at (11.11,3.47) size 255.55x2.77
layer at (17,199) size 256x3
  LayoutBlockFlow (relative positioned) {DIV} at (0,0) size 255.55x2.77 [bgcolor=#FFFFFF4D]
layer at (58,197) size 8x9
  LayoutBlockFlow (relative positioned) {DIV} at (41.02,-2.77) size 8.33x8.33 [bgcolor=#FFFFFF]
layer at (17,199) size 256x3 backgroundClip at (17,199) size 255x3 clip at (17,199) size 255x3
  LayoutBlockFlow (positioned) {DIV} at (0,0) size 255.55x2.77
layer at (17,199) size 42x3
  LayoutBlockFlow (positioned) {DIV} at (0,0) size 42.36x2.77 [bgcolor=#FFFFFF]
layer at (59,199) size 214x3 backgroundClip at (17,199) size 255x3 clip at (17,199) size 255x3
  LayoutBlockFlow (positioned) {DIV} at (42.36,0) size 213.19x2.77 [bgcolor=#FFFFFF8A]
