layer at (0,0) size 800x600
  LayoutView at (0,0) size 800x600
layer at (0,0) size 800x321
  LayoutBlockFlow {HTML} at (0,0) size 800x321
    LayoutBlockFlow {BODY} at (8,8) size 784x305
      LayoutText {#text} at (0,0) size 0x0
layer at (8,8) size 400x300
  LayoutVideo {VIDEO} at (0,0) size 400x300
layer at (8,8) size 400x300
  LayoutFlexibleBox (relative positioned) {DIV} at (0,0) size 400x300
    LayoutFlexibleBox {DIV} at (0,0) size 400x300
layer at (8,8) size 400x300
  LayoutBlockFlow (positioned) {DIV} at (0,0) size 400x300
layer at (8,8) size 400x300
  LayoutFlexibleBox {DIV} at (0,0) size 400x300
layer at (8,8) size 400x276 clip at (10,10) size 396x272
  LayoutButton (relative positioned) {INPUT} at (0,0) size 400x276 [border: (2px outset #C0C0C0)]
    LayoutFlexibleBox (anonymous) at (8,100.50) size 384x75
      LayoutBlockFlow {DIV} at (154.50,0) size 75x75 [bgcolor=#FFFFFFE6]
layer at (8,236) size 400x48
  LayoutFlexibleBox (relative positioned) {DIV} at (0,228) size 400x48
    LayoutBlockFlow {DIV} at (16,4) size 28x44 [color=#FFFFFF]
      LayoutText {#text} at (0,14) size 28x16
        text run at (0,14) width 28: "0:00"
    LayoutBlockFlow {DIV} at (48,4) size 36x44 [color=#FFFFFF]
      LayoutText {#text} at (0,14) size 36x16
        text run at (0,14) width 36: "/ 0:06"
    LayoutBlockFlow {DIV} at (84,48) size 220x0
    LayoutButton {INPUT} at (304,0) size 48x48
    LayoutButton {INPUT} at (352,0) size 48x48
layer at (8,284) size 400x24
  LayoutSlider {INPUT} at (0,276) size 400x24 [color=#C4C4C4]
    LayoutFlexibleBox {DIV} at (16,0) size 368x4
layer at (24,284) size 368x4
  LayoutBlockFlow (relative positioned) {DIV} at (0,0) size 368x4 [bgcolor=#FFFFFF4D]
layer at (24,280) size 12x12
  LayoutBlockFlow (relative positioned) {DIV} at (0,-4) size 12x12 [bgcolor=#FFFFFF]
layer at (24,284) size 368x4
  LayoutBlockFlow (positioned) {DIV} at (0,0) size 368x4
layer at (24,284) size 0x4
  LayoutBlockFlow (positioned) {DIV} at (0,0) size 0x4 [bgcolor=#FFFFFF]
layer at (24,284) size 368x4
  LayoutBlockFlow (positioned) {DIV} at (0,0) size 368x4 [bgcolor=#FFFFFF8A]
