layer at (0,0) size 800x600
  LayoutView at (0,0) size 800x600
layer at (0,0) size 800x348
  LayoutBlockFlow {HTML} at (0,0) size 800x348.27
    LayoutBlockFlow {BODY} at (8,8) size 784x332.27
      LayoutText {#text} at (0,0) size 0x0
layer at (8,8) size 400x327
  LayoutVideo {VIDEO} at (0,0) size 400x327.27
layer at (8,8) size 400x327
  LayoutFlexibleBox (relative positioned) {DIV} at (0,0) size 400x327.27
    LayoutFlexibleBox {DIV} at (0,0) size 400x327.27
layer at (8,8) size 400x327
  LayoutBlockFlow (positioned) {DIV} at (0,0) size 400x327.27
layer at (8,8) size 400x327
  LayoutFlexibleBox {DIV} at (0,0) size 400x327.27
layer at (147,99) size 122x122
  LayoutButton (positioned) {INPUT} at (139.13,90.75) size 121.75x121.75
    LayoutBlockFlow (anonymous) at (20,20) size 81.75x81.75
      LayoutBlockFlow {DIV} at (0,0) size 81.75x81.75 [bgcolor=#FFFFFFE6]
layer at (8,263) size 400x48
  LayoutFlexibleBox (relative positioned) {DIV} at (0,255.27) size 400x48
    LayoutBlockFlow {DIV} at (16,4) size 28x44 [color=#FFFFFF]
      LayoutText {#text} at (0,14) size 28x16
        text run at (0,14) width 28: "0:00"
    LayoutBlockFlow {DIV} at (48,4) size 36x44 [color=#FFFFFF]
      LayoutText {#text} at (0,14) size 36x16
        text run at (0,14) width 36: "/ 0:09"
    LayoutBlockFlow {DIV} at (84,48) size 220x0
    LayoutButton {INPUT} at (352,0) size 48x48
layer at (312,263) size 48x48 transparent
  LayoutButton {INPUT} at (304,0) size 48x48 [color=#808080]
layer at (8,311) size 400x24
  LayoutSlider {INPUT} at (0,303.27) size 400x24 [color=#C4C4C4]
    LayoutFlexibleBox {DIV} at (16,0) size 368x4
layer at (24,311) size 368x4
  LayoutBlockFlow (relative positioned) {DIV} at (0,0) size 368x4 [bgcolor=#FFFFFF4D]
layer at (24,307) size 12x12
  LayoutBlockFlow (relative positioned) {DIV} at (0,-4) size 12x12 [bgcolor=#FFFFFF]
layer at (24,311) size 368x4
  LayoutBlockFlow (positioned) {DIV} at (0,0) size 368x4
layer at (24,311) size 0x4
  LayoutBlockFlow (positioned) {DIV} at (0,0) size 0x4 [bgcolor=#FFFFFF]
layer at (24,311) size 368x4
  LayoutBlockFlow (positioned) {DIV} at (0,0) size 368x4 [bgcolor=#FFFFFF8A]
