layer at (0,0) size 800x600
  LayoutView at (0,0) size 800x600
layer at (0,0) size 800x348
  LayoutBlockFlow {HTML} at (0,0) size 800x348.27
    LayoutBlockFlow {BODY} at (8,8) size 784x332.27
      LayoutText {#text} at (0,0) size 0x0
layer at (8,8) size 400x327
  LayoutVideo {VIDEO} at (0,0) size 400x327.27
layer at (8,8) size 400x327
  LayoutFlexibleBox (relative positioned) {DIV} at (0,0) size 400x327.27
    LayoutBlockFlow {DIV} at (0,295.27) size 400x32
layer at (8,8) size 400x285
  LayoutFlexibleBox (relative positioned) {DIV} at (0,0) size 400x285.27
layer at (8,303) size 400x32 scrollHeight 40
  LayoutFlexibleBox (relative positioned) {DIV} at (0,0) size 400x32 [bgcolor=#FAFAFA]
    LayoutButton {INPUT} at (0,0) size 32x32
    LayoutFlexibleBox {DIV} at (32,0) size 24x32 [color=#5A5A5A]
      LayoutBlockFlow (anonymous) at (0,0) size 24x32
        LayoutText {#text} at (0,8) size 24x15
          text run at (0,8) width 24: "0:00"
    LayoutFlexibleBox {DIV} at (56,0) size 34x32 [color=#5A5A5A]
      LayoutBlockFlow (anonymous) at (4,0) size 30x32
        LayoutText {#text} at (0,8) size 30x15
          text run at (0,8) width 30: "/ 0:09"
    LayoutSlider {INPUT} at (108,15) size 242x2
      LayoutFlexibleBox {DIV} at (0,0) size 242x2
        LayoutBlockFlow {DIV} at (-18,-23) size 278x48
          LayoutBlockFlow {DIV} at (0,0) size 36x48
layer at (376,303) size 32x32
  LayoutButton {INPUT} at (368,0) size 32x32
