layer at (0,0) size 800x600 clip at (0,0) size 785x600 scrollHeight 874
  LayoutView at (0,0) size 800x600
layer at (0,0) size 785x620 backgroundClip at (0,0) size 785x600 clip at (0,0) size 785x600
  LayoutBlockFlow {HTML} at (0,0) size 785x619.81
    LayoutBlockFlow {BODY} at (8,16) size 769x595.81
      LayoutBlockFlow {P} at (0,0) size 769x20
        LayoutText {#text} at (0,0) size 330x19
          text run at (0,0) width 330: "Test overlay cast button rendering on light background."
      LayoutBlockFlow {DIV} at (0,36) size 769x293
        LayoutText {#text} at (0,0) size 0x0
      LayoutBlockFlow {DIV} at (0,329) size 769x266.81
        LayoutText {#text} at (0,0) size 0x0
      LayoutBlockFlow {DIV} at (0,595.81) size 769x0
layer at (8,52) size 352x288
  LayoutVideo {VIDEO} at (0,0) size 352x288
layer at (8,345) size 320x262 backgroundClip at (0,0) size 785x600 clip at (0,0) size 785x600
  LayoutVideo {VIDEO} at (0,0) size 320x261.81
layer at (8,52) size 352x288
  LayoutFlexibleBox (relative positioned) {DIV} at (0,0) size 352x288
    LayoutFlexibleBox {DIV} at (0,0) size 352x288
layer at (8,52) size 352x288
  LayoutBlockFlow (positioned) {DIV} at (0,0) size 352x288
layer at (16,60) size 48x48
  LayoutButton (positioned) {INPUT} at (8,8) size 48x48
layer at (8,345) size 320x262 backgroundClip at (0,0) size 785x600 clip at (0,0) size 785x600
  LayoutFlexibleBox (relative positioned) {DIV} at (0,0) size 320x261.81
    LayoutFlexibleBox {DIV} at (0,0) size 320x261.81
layer at (8,345) size 320x262 backgroundClip at (0,0) size 785x600 clip at (0,0) size 785x600
  LayoutBlockFlow (positioned) {DIV} at (0,0) size 320x261.81
layer at (16,353) size 48x48
  LayoutButton (positioned) {INPUT} at (8,8) size 48x48
layer at (8,612) size 320x262 backgroundClip at (0,0) size 785x600 clip at (0,0) size 785x600
  LayoutVideo (positioned) {VIDEO} at (8,611.81) size 320x261.81
layer at (8,612) size 320x262 backgroundClip at (0,0) size 785x600 clip at (0,0) size 785x600
  LayoutFlexibleBox (relative positioned) {DIV} at (0,0) size 320x261.81
    LayoutFlexibleBox {DIV} at (0,0) size 320x261.81
layer at (8,612) size 320x262 backgroundClip at (0,0) size 785x600 clip at (0,0) size 785x600
  LayoutBlockFlow (positioned) {DIV} at (0,0) size 320x261.81
