layer at (0,0) size 800x600
  LayoutView at (0,0) size 800x600
layer at (0,0) size 800x600
  LayoutBlockFlow {HTML} at (0,0) size 800x600
    LayoutBlockFlow {BODY} at (12,12) size 776x543
      LayoutBlockFlow {P} at (0,0) size 776x28
        LayoutText {#text} at (0,0) size 280x27
          text run at (0,0) width 280: "Zoomed video with controls."
layer at (57,85) size 240x180
  LayoutVideo {VIDEO} at (45,73) size 240x180
layer at (57,85) size 240x180
  LayoutFlexibleBox (relative positioned) {DIV} at (0,0) size 240x180
    LayoutFlexibleBox {DIV} at (0,0) size 240x180
layer at (57,85) size 240x180
  LayoutBlockFlow (positioned) {DIV} at (0,0) size 240x180
layer at (57,85) size 240x180
  LayoutFlexibleBox {DIV} at (0,0) size 240x180
layer at (57,85) size 240x156 clip at (60,88) size 234x150
  LayoutButton (relative positioned) {INPUT} at (0,0) size 240x156 [border: (3px outset #C0C0C0)]
    LayoutFlexibleBox (anonymous) at (12,42) size 216x72
      LayoutBlockFlow {DIV} at (72,0) size 72x72 [bgcolor=#FFFFFFE6]
layer at (57,169) size 240x72 scrollWidth 338
  LayoutFlexibleBox (relative positioned) {DIV} at (0,84) size 240x72
    LayoutBlockFlow {DIV} at (24,0) size 46x72 [color=#FFFFFF]
      LayoutText {#text} at (0,22) size 46x27
        text run at (0,22) width 46: "0:00"
    LayoutBlockFlow {DIV} at (76,-72) size 46x144 [color=#FFFFFF]
      LayoutText {#text} at (0,22) size 46x99
        text run at (0,22) width 7: "/"
        text run at (0,94) width 46: "0:06"
    LayoutBlockFlow {DIV} at (122,72) size 0x0
    LayoutButton {INPUT} at (122,0) size 72x72
    LayoutButton {INPUT} at (194,0) size 72x72
    LayoutButton {INPUT} at (266,0) size 72x72
layer at (57,241) size 240x24
  LayoutSlider {INPUT} at (0,156) size 240x24 [color=#9D968E]
    LayoutFlexibleBox {DIV} at (24,0) size 192x6
layer at (81,241) size 192x6
  LayoutBlockFlow (relative positioned) {DIV} at (0,0) size 192x6 [bgcolor=#FFFFFF4D]
layer at (81,235) size 18x18
  LayoutBlockFlow (relative positioned) {DIV} at (0,-6) size 18x18 [bgcolor=#FFFFFF]
layer at (81,241) size 192x6 scrollWidth 288
  LayoutBlockFlow (positioned) {DIV} at (0,0) size 192x6
layer at (81,241) size 0x6
  LayoutBlockFlow (positioned) {DIV} at (0,0) size 0x6 [bgcolor=#FFFFFF]
layer at (81,241) size 288x6 backgroundClip at (81,241) size 192x6 clip at (81,241) size 192x6
  LayoutBlockFlow (positioned) {DIV} at (0,0) size 288x6 [bgcolor=#FFFFFF8A]
layer at (57,310) size 240x180
  LayoutVideo {VIDEO} at (45,298) size 240x180
layer at (57,310) size 240x180
  LayoutFlexibleBox (relative positioned) {DIV} at (0,0) size 240x180
    LayoutFlexibleBox {DIV} at (0,0) size 240x180
layer at (57,310) size 240x180
  LayoutBlockFlow (positioned) {DIV} at (0,0) size 240x180
layer at (57,310) size 240x180
  LayoutFlexibleBox {DIV} at (0,0) size 240x180
layer at (57,310) size 240x156 clip at (60,313) size 234x150
  LayoutButton (relative positioned) {INPUT} at (0,0) size 240x156 [border: (3px outset #C0C0C0)]
    LayoutFlexibleBox (anonymous) at (12,42) size 216x72
      LayoutBlockFlow {DIV} at (72,0) size 72x72 [bgcolor=#FFFFFFE6]
layer at (57,394) size 240x72 backgroundClip at (47,373) size 249x113 clip at (57,394) size 239x72 scrollWidth 338
  LayoutFlexibleBox (relative positioned) {DIV} at (0,84) size 240x72
    LayoutBlockFlow {DIV} at (24,0) size 46x72 [color=#FFFFFF]
      LayoutText {#text} at (0,22) size 46x27
        text run at (0,22) width 46: "0:00"
    LayoutBlockFlow {DIV} at (76,-72) size 46x144 [color=#FFFFFF]
      LayoutText {#text} at (0,22) size 46x99
        text run at (0,22) width 7: "/"
        text run at (0,94) width 46: "0:06"
    LayoutBlockFlow {DIV} at (122,72) size 0x0
    LayoutButton {INPUT} at (122,0) size 72x72
    LayoutButton {INPUT} at (194,0) size 72x72
    LayoutButton {INPUT} at (266,0) size 72x72
layer at (57,466) size 240x24
  LayoutSlider {INPUT} at (0,156) size 240x24 [color=#9D968E]
    LayoutFlexibleBox {DIV} at (24,0) size 192x6
layer at (81,466) size 192x6
  LayoutBlockFlow (relative positioned) {DIV} at (0,0) size 192x6 [bgcolor=#FFFFFF4D]
layer at (81,460) size 18x18
  LayoutBlockFlow (relative positioned) {DIV} at (0,-6) size 18x18 [bgcolor=#FFFFFF]
layer at (81,466) size 192x6 backgroundClip at (70,448) size 190x40 clip at (81,466) size 179x6 scrollWidth 288
  LayoutBlockFlow (positioned) {DIV} at (0,0) size 192x6
layer at (81,466) size 0x6
  LayoutBlockFlow (positioned) {DIV} at (0,0) size 0x6 [bgcolor=#FFFFFF]
layer at (81,466) size 288x6 backgroundClip at (70,448) size 190x40 clip at (70,448) size 190x40
  LayoutBlockFlow (positioned) {DIV} at (0,0) size 288x6 [bgcolor=#FFFFFF8A]
