EDITING DELEGATE: webViewDidChangeSelection:WebViewDidChangeSelectionNotification
EDITING DELEGATE: webViewDidChangeSelection:WebViewDidChangeSelectionNotification
EDITING DELEGATE: webViewDidChangeSelection:WebViewDidChangeSelectionNotification
EDITING DELEGATE: webViewDidChangeSelection:WebViewDidChangeSelectionNotification
EDITING DELEGATE: webViewDidChangeSelection:WebViewDidChangeSelectionNotification
EDITING DELEGATE: webViewDidChangeSelection:WebViewDidChangeSelectionNotification
EDITING DELEGATE: webViewDidChangeSelection:WebViewDidChangeSelectionNotification
EDITING DELEGATE: webViewDidChangeSelection:WebViewDidChangeSelectionNotification
EDITING DELEGATE: webViewDidChangeSelection:WebViewDidChangeSelectionNotification
EDITING DELEGATE: webViewDidChangeSelection:WebViewDidChangeSelectionNotification
EDITING DELEGATE: webViewDidChangeSelection:WebViewDidChangeSelectionNotification
EDITING DELEGATE: webViewDidChangeSelection:WebViewDidChangeSelectionNotification
EDITING DELEGATE: webViewDidChange:WebViewDidChangeNotification
layer at (0,0) size 800x600
  LayoutView at (0,0) size 800x600
layer at (0,0) size 800x600
  LayoutNGBlockFlow {HTML} at (0,0) size 800x600
    LayoutNGBlockFlow {BODY} at (8,8) size 784x584
      LayoutNGBlockFlow {DIV} at (0,0) size 784x241 [border: (4px solid #0000FF)]
        LayoutNGBlockFlow {DIV} at (20,20) size 744x69
          LayoutText {#text} at (0,0) size 59x26
            text run at (0,0) width 59: "Tests:"
          LayoutBR {BR} at (58,0) size 0x0
          LayoutText {#text} at (0,27) size 658x20
            text run at (0,27) width 658: "Our ability to \"edit around\" content the HTML editing code does not yet handle very well."
          LayoutBR {BR} at (657,27) size 0x0
          LayoutInline {I} at (0,0) size 99x20
            LayoutText {#text} at (0,48) size 99x20
              text run at (0,48) width 99: "For this test: "
          LayoutText {#text} at (99,48) size 392x20
            text run at (99,48) width 392: "Select and delete a list and some surrounding content."
        LayoutNGBlockFlow (anonymous) at (20,89) size 744x21
          LayoutBR {BR} at (0,0) size 0x0
        LayoutNGBlockFlow {DIV} at (20,110) size 744x111
          LayoutText {#text} at (0,0) size 183x26
            text run at (0,0) width 183: "Expected Results:"
          LayoutBR {BR} at (183,0) size 0x0
          LayoutText {#text} at (0,27) size 709x41
            text run at (0,27) width 709: "The content in the red box must exactly match the content in the green box (except for the border"
            text run at (0,48) width 48: "color)."
          LayoutBR {BR} at (48,48) size 0x0
          LayoutInline {I} at (0,0) size 99x20
            LayoutText {#text} at (0,69) size 99x20
              text run at (0,69) width 99: "For this test: "
          LayoutText {#text} at (99,69) size 744x41
            text run at (99,69) width 645: "Only selected content should get deleted. Surrounding content that is not selected should"
            text run at (0,90) width 201: "(obviously) not be affected."
      LayoutNGBlockFlow {DIV} at (0,251) size 784x32 [border: (2px solid #008000)]
        LayoutText {#text} at (2,2) size 45x27
          text run at (2,2) width 45: "after"
      LayoutBlockFlow {DIV} at (0,293) size 784x32
        LayoutBlockFlow {DIV} at (0,0) size 784x32 [border: (2px solid #FF0000)]
          LayoutText {#text} at (2,2) size 45x27
            text run at (2,2) width 45: "after"
caret: position 0 of child 0 {#text} of child 1 {DIV} of child 5 {DIV} of body
