layer at (0,0) size 800x600
  LayoutView at (0,0) size 800x600
layer at (474,0) size 326x166
  LayoutBlockFlow {HTML} at (0,0) size 326x166
    LayoutBlockFlow {BODY} at (8,8) size 310x150
      LayoutBlockFlow (anonymous) at (90,0) size 20x150
        LayoutBR {BR} at (0,0) size 19x0
      LayoutBlockFlow (anonymous) at (200,0) size 20x150
        LayoutBR {BR} at (0,0) size 19x0
layer at (762,8) size 30x150 scrollHeight 216
  LayoutBlockFlow {DIV} at (0,0) size 30x150
    LayoutText {#text} at (0,0) size 27x216
      text run at (0,0) width 216: "pppppppppppppppppp"
layer at (732,8) size 30x150 scrollHeight 216
  LayoutBlockFlow {DIV} at (30,0) size 30x150
    LayoutText {#text} at (0,0) size 27x216
      text run at (0,0) width 216: "pppppppppppppppppp"
layer at (702,8) size 30x150 scrollHeight 216
  LayoutBlockFlow {DIV} at (60,0) size 30x150
    LayoutText {#text} at (0,0) size 27x216
      text run at (0,0) width 216: "pppppppppppppppppp"
layer at (652,8) size 30x150 scrollHeight 216
  LayoutBlockFlow {DIV} at (110,0) size 30x150
    LayoutText {#text} at (0,0) size 27x216
      text run at (0,0) width 216: "pppppppppppppppppp"
layer at (622,8) size 30x150 scrollHeight 216
  LayoutBlockFlow {DIV} at (140,0) size 30x150
    LayoutText {#text} at (0,0) size 27x216
      text run at (0,0) width 216: "pppppppppppppppppp"
layer at (592,8) size 30x150 scrollHeight 216
  LayoutBlockFlow {DIV} at (170,0) size 30x150
    LayoutText {#text} at (0,0) size 27x216
      text run at (0,0) width 216: "pppppppppppppppppp"
layer at (542,8) size 30x150 scrollHeight 216
  LayoutBlockFlow {DIV} at (220,0) size 30x150
    LayoutText {#text} at (0,0) size 27x216
      text run at (0,0) width 216: "pppppppppppppppppp"
layer at (512,8) size 30x150 scrollHeight 216
  LayoutBlockFlow {DIV} at (250,0) size 30x150
    LayoutText {#text} at (0,0) size 27x216
      text run at (0,0) width 216: "pppppppppppppppppp"
layer at (482,8) size 30x150 scrollHeight 216
  LayoutBlockFlow {DIV} at (280,0) size 30x150
    LayoutText {#text} at (0,0) size 27x216
      text run at (0,0) width 216: "pppppppppppppppppp"
