layer at (0,0) size 800x600
  LayoutView at (0,0) size 800x600
layer at (0,0) size 800x600
  LayoutBlockFlow {HTML} at (0,0) size 800x600
    LayoutBlockFlow {BODY} at (8,8) size 784x584
      LayoutBlockFlow {DIV} at (0,0) size 370x438.81 [border: (1px solid #000000)]
        LayoutBlockFlow {H2} at (1,20.91) size 368x27
          LayoutText {#text} at (0,0) size 196x26
            text run at (0,0) width 196: "SVG border-image"
        LayoutBlockFlow (anonymous) at (1,67.81) size 368x370
          LayoutBlockFlow {DIV} at (10,10) size 160x160 [border: (30px solid #000000)]
          LayoutText {#text} at (180,165) size 4x19
            text run at (180,165) width 4: " "
          LayoutBlockFlow {DIV} at (194,10) size 160x160 [border: (30px solid #000000)]
          LayoutText {#text} at (364,165) size 4x19
            text run at (364,165) width 4: " "
          LayoutBR {BR} at (0,0) size 0x0
          LayoutBlockFlow {DIV} at (10,195) size 160x160 [border: (30px solid #000000)]
          LayoutText {#text} at (180,350) size 4x19
            text run at (180,350) width 4: " "
          LayoutBlockFlow {DIV} at (194,195) size 160x160 [border: (30px solid #000000)]
          LayoutText {#text} at (0,0) size 0x0
      LayoutText {#text} at (370,417) size 4x20
        text run at (370,417) width 4: " "
      LayoutBlockFlow {DIV} at (374,0) size 370x438.81 [border: (1px solid #000000)]
        LayoutBlockFlow {H2} at (1,20.91) size 368x27
          LayoutText {#text} at (0,0) size 198x26
            text run at (0,0) width 198: "PNG border-image"
        LayoutBlockFlow (anonymous) at (1,67.81) size 368x370
          LayoutBlockFlow {DIV} at (10,10) size 160x160 [border: (30px solid #000000)]
          LayoutText {#text} at (180,165) size 4x19
            text run at (180,165) width 4: " "
          LayoutBlockFlow {DIV} at (194,10) size 160x160 [border: (30px solid #000000)]
          LayoutText {#text} at (364,165) size 4x19
            text run at (364,165) width 4: " "
          LayoutBR {BR} at (0,0) size 0x0
          LayoutBlockFlow {DIV} at (10,195) size 160x160 [border: (30px solid #000000)]
          LayoutText {#text} at (180,350) size 4x19
            text run at (180,350) width 4: " "
          LayoutBlockFlow {DIV} at (194,195) size 160x160 [border: (30px solid #000000)]
          LayoutText {#text} at (0,0) size 0x0
      LayoutText {#text} at (0,0) size 0x0
