layer at (0,0) size 800x600
  LayoutView at (0,0) size 800x600
layer at (0,0) size 800x600
  LayoutBlockFlow {HTML} at (0,0) size 800x600
    LayoutBlockFlow {BODY} at (8,8) size 784x584
      LayoutBlockFlow {P} at (0,0) size 784x18
        LayoutText {#text} at (0,0) size 171x18
          text run at (0,0) width 171: "Tests: the colspan attribute"
        LayoutBR {BR} at (170,14) size 1x0
      LayoutBlockFlow {P} at (0,34) size 784x72
        LayoutText {#text} at (0,0) size 75x18
          text run at (0,0) width 75: "Conditions:"
        LayoutBR {BR} at (74,14) size 1x0
        LayoutText {#text} at (0,18) size 762x54
          text run at (0,18) width 667: "The colSpan attribute specifies the number of columns spanned by the current cell. The default value of "
          text run at (666,18) width 96: "this attribute is"
          text run at (0,36) width 551: "one (\"1\"). The value zero (\"0\") means that the cell spans all columns from the current "
          text run at (550,36) width 208: "column to the last column of the"
          text run at (0,54) width 371: "column group (COLGROUP) in which the cell is defined."
      LayoutBlockFlow {P} at (0,122) size 784x54
        LayoutText {#text} at (0,0) size 774x54
          text run at (0,0) width 774: "The first table tests the default value of one, and an input of 7, which is within the normal range of expect input. The first"
          text run at (0,18) width 721: "column in the first row should span only column \"one\" and the second cell should span all of the other columns. "
          text run at (720,18) width 26: "The"
          text run at (0,36) width 572: "second table tests the zero value. \"Just A\" should span \"A\" and \"Just B\" should span \"B.\""
      LayoutBlockFlow (anonymous) at (0,202) size 784x18
        LayoutBR {BR} at (0,0) size 0x18
      LayoutTable {TABLE} at (0,220) size 277x70 [border: (1px outset #808080)]
        LayoutBlockFlow {CAPTION} at (0,0) size 277x18
          LayoutText {#text} at (29,0) size 219x18
            text run at (29,0) width 219: "Testing Default and Regular Input"
        LayoutTableSection {TBODY} at (1,19) size 275x50
          LayoutTableRow {TR} at (0,2) size 275x22
            LayoutTableCell {TD} at (2,2) size 34x22 [border: (1px inset #808080)] [r=0 c=0 rs=1 cs=1]
              LayoutText {#text} at (2,2) size 30x18
                text run at (2,2) width 30: "First"
            LayoutTableCell {TD} at (38,2) size 235x22 [border: (1px inset #808080)] [r=0 c=1 rs=1 cs=7]
              LayoutText {#text} at (2,2) size 77x18
                text run at (2,2) width 77: "All the Rest"
          LayoutTableRow {TR} at (0,26) size 275x22
            LayoutTableCell {TD} at (2,26) size 34x22 [border: (1px inset #808080)] [r=1 c=0 rs=1 cs=1]
              LayoutText {#text} at (2,2) size 24x18
                text run at (2,2) width 24: "one"
            LayoutTableCell {TD} at (38,26) size 28x22 [border: (1px inset #808080)] [r=1 c=1 rs=1 cs=1]
              LayoutText {#text} at (2,2) size 24x18
                text run at (2,2) width 24: "two"
            LayoutTableCell {TD} at (68,26) size 36x22 [border: (1px inset #808080)] [r=1 c=2 rs=1 cs=1]
              LayoutText {#text} at (2,2) size 32x18
                text run at (2,2) width 32: "three"
            LayoutTableCell {TD} at (106,26) size 31x22 [border: (1px inset #808080)] [r=1 c=3 rs=1 cs=1]
              LayoutText {#text} at (2,2) size 27x18
                text run at (2,2) width 27: "four"
            LayoutTableCell {TD} at (139,26) size 28x22 [border: (1px inset #808080)] [r=1 c=4 rs=1 cs=1]
              LayoutText {#text} at (2,2) size 24x18
                text run at (2,2) width 24: "five"
            LayoutTableCell {TD} at (169,26) size 23x22 [border: (1px inset #808080)] [r=1 c=5 rs=1 cs=1]
              LayoutText {#text} at (2,2) size 19x18
                text run at (2,2) width 19: "six"
            LayoutTableCell {TD} at (194,26) size 41x22 [border: (1px inset #808080)] [r=1 c=6 rs=1 cs=1]
              LayoutText {#text} at (2,2) size 37x18
                text run at (2,2) width 37: "seven"
            LayoutTableCell {TD} at (237,26) size 36x22 [border: (1px inset #808080)] [r=1 c=7 rs=1 cs=1]
              LayoutText {#text} at (2,2) size 32x18
                text run at (2,2) width 32: "eight"
      LayoutBlockFlow (anonymous) at (0,290) size 784x18
        LayoutBR {BR} at (0,0) size 0x18
      LayoutTable {TABLE} at (0,308) size 199x70 [border: (1px outset #808080)]
        LayoutBlockFlow {CAPTION} at (0,0) size 199x18
          LayoutText {#text} at (15,0) size 169x18
            text run at (15,0) width 169: "Testing Zero Special Case"
        LayoutTableSection {TBODY} at (1,19) size 197x50
          LayoutTableRow {TR} at (0,2) size 197x22
            LayoutTableCell {TD} at (2,2) size 45x22 [border: (1px inset #808080)] [r=0 c=0 rs=1 cs=1]
              LayoutText {#text} at (2,2) size 41x18
                text run at (2,2) width 41: "Just A"
            LayoutTableCell {TD} at (49,2) size 44x22 [border: (1px inset #808080)] [r=0 c=1 rs=1 cs=1]
              LayoutText {#text} at (2,2) size 40x18
                text run at (2,2) width 40: "Just B"
          LayoutTableRow {TR} at (0,26) size 197x22
            LayoutTableCell {TD} at (2,26) size 45x22 [border: (1px inset #808080)] [r=1 c=0 rs=1 cs=1]
              LayoutText {#text} at (2,2) size 12x18
                text run at (2,2) width 12: "A"
            LayoutTableCell {TD} at (49,26) size 44x22 [border: (1px inset #808080)] [r=1 c=1 rs=1 cs=1]
              LayoutText {#text} at (2,2) size 11x18
                text run at (2,2) width 11: "B"
            LayoutTableCell {TD} at (95,26) size 15x22 [border: (1px inset #808080)] [r=1 c=2 rs=1 cs=1]
              LayoutText {#text} at (2,2) size 11x18
                text run at (2,2) width 11: "C"
            LayoutTableCell {TD} at (112,26) size 16x22 [border: (1px inset #808080)] [r=1 c=3 rs=1 cs=1]
              LayoutText {#text} at (2,2) size 12x18
                text run at (2,2) width 12: "D"
            LayoutTableCell {TD} at (130,26) size 14x22 [border: (1px inset #808080)] [r=1 c=4 rs=1 cs=1]
              LayoutText {#text} at (2,2) size 10x18
                text run at (2,2) width 10: "E"
            LayoutTableCell {TD} at (146,26) size 13x22 [border: (1px inset #808080)] [r=1 c=5 rs=1 cs=1]
              LayoutText {#text} at (2,2) size 9x18
                text run at (2,2) width 9: "F"
            LayoutTableCell {TD} at (161,26) size 16x22 [border: (1px inset #808080)] [r=1 c=6 rs=1 cs=1]
              LayoutText {#text} at (2,2) size 12x18
                text run at (2,2) width 12: "G"
            LayoutTableCell {TD} at (179,26) size 16x22 [border: (1px inset #808080)] [r=1 c=7 rs=1 cs=1]
              LayoutText {#text} at (2,2) size 12x18
                text run at (2,2) width 12: "H"
layer at (8,200) size 784x2 clip at (0,0) size 0x0
  LayoutBlockFlow {HR} at (0,192) size 784x2 [border: (1px inset #EEEEEE)]
