layer at (0,0) size 800x600 clip at (0,0) size 785x600 scrollHeight 1033
  LayoutView at (0,0) size 800x600
layer at (0,0) size 785x1033 backgroundClip at (0,0) size 785x600 clip at (0,0) size 785x600
  LayoutBlockFlow {HTML} at (0,0) size 785x1033
    LayoutBlockFlow {BODY} at (8,8) size 769x584
      LayoutBlockFlow (floating) {DIV} at (0,0) size 352x789 [border: (1px solid #FF0000)]
        LayoutBlockFlow (anonymous) at (1,1) size 350x14
          LayoutText {#text} at (0,-2) size 179x17
            text run at (0,-2) width 179: "Plain textarea with little content"
        LayoutBlockFlow {DIV} at (1,15) size 352x37 [border: (1px solid #FF0000)]
          LayoutText {#text} at (1,20) size 14x17
            text run at (1,20) width 14: "A "
          LayoutText {#text} at (155,20) size 14x17
            text run at (155,20) width 14: " B"
        LayoutBlockFlow (anonymous) at (1,52) size 350x14
          LayoutText {#text} at (0,-2) size 77x17
            text run at (0,-2) width 77: "Plain textarea"
        LayoutBlockFlow {DIV} at (1,66) size 352x37 [border: (1px solid #FF0000)]
          LayoutText {#text} at (1,20) size 14x17
            text run at (1,20) width 14: "A "
          LayoutText {#text} at (155,20) size 14x17
            text run at (155,20) width 14: " B"
        LayoutBlockFlow (anonymous) at (1,103) size 350x14
          LayoutText {#text} at (0,-2) size 98x17
            text run at (0,-2) width 98: "Disabled textarea"
        LayoutBlockFlow {DIV} at (1,117) size 352x37 [border: (1px solid #FF0000)]
          LayoutText {#text} at (1,20) size 14x17
            text run at (1,20) width 14: "A "
          LayoutText {#text} at (155,20) size 14x17
            text run at (155,20) width 14: " B"
        LayoutBlockFlow (anonymous) at (1,154) size 350x14
          LayoutText {#text} at (0,-2) size 123x17
            text run at (0,-2) width 123: "style=\"padding:10px\""
        LayoutBlockFlow {DIV} at (1,168) size 352x53 [border: (1px solid #FF0000)]
          LayoutText {#text} at (1,36) size 14x17
            text run at (1,36) width 14: "A "
          LayoutText {#text} at (171,36) size 14x17
            text run at (171,36) width 14: " B"
        LayoutBlockFlow (anonymous) at (1,221) size 350x14
          LayoutText {#text} at (0,-2) size 116x17
            text run at (0,-2) width 116: "style=\"padding:0px\""
        LayoutBlockFlow {DIV} at (1,235) size 352x33 [border: (1px solid #FF0000)]
          LayoutText {#text} at (1,16) size 14x17
            text run at (1,16) width 14: "A "
          LayoutText {#text} at (151,16) size 14x17
            text run at (151,16) width 14: " B"
        LayoutBlockFlow (anonymous) at (1,268) size 350x14
          LayoutText {#text} at (0,-2) size 118x17
            text run at (0,-2) width 118: "style=\"margin:10px\""
        LayoutBlockFlow {DIV} at (1,282) size 352x57 [border: (1px solid #FF0000)]
          LayoutText {#text} at (1,40) size 14x17
            text run at (1,40) width 14: "A "
          LayoutText {#text} at (175,40) size 14x17
            text run at (175,40) width 14: " B"
        LayoutBlockFlow (anonymous) at (1,339) size 350x14
          LayoutText {#text} at (0,-2) size 111x17
            text run at (0,-2) width 111: "style=\"margin:0px\""
        LayoutBlockFlow {DIV} at (1,353) size 352x37 [border: (1px solid #FF0000)]
          LayoutText {#text} at (1,20) size 14x17
            text run at (1,20) width 14: "A "
          LayoutText {#text} at (155,20) size 14x17
            text run at (155,20) width 14: " B"
        LayoutBlockFlow (anonymous) at (1,390) size 350x14
          LayoutText {#text} at (0,-2) size 38x17
            text run at (0,-2) width 38: "cols=3"
        LayoutBlockFlow {DIV} at (1,404) size 352x37 [border: (1px solid #FF0000)]
          LayoutText {#text} at (1,20) size 14x17
            text run at (1,20) width 14: "A "
          LayoutText {#text} at (53,20) size 14x17
            text run at (53,20) width 14: " B"
        LayoutBlockFlow (anonymous) at (1,441) size 350x14
          LayoutText {#text} at (0,-2) size 43x17
            text run at (0,-2) width 43: "rows=3"
        LayoutBlockFlow {DIV} at (1,455) size 352x50 [border: (1px solid #FF0000)]
          LayoutText {#text} at (1,33) size 14x17
            text run at (1,33) width 14: "A "
          LayoutText {#text} at (155,33) size 14x17
            text run at (155,33) width 14: " B"
        LayoutBlockFlow (anonymous) at (1,505) size 350x14
          LayoutText {#text} at (0,-2) size 45x17
            text run at (0,-2) width 45: "cols=10"
        LayoutBlockFlow {DIV} at (1,519) size 352x37 [border: (1px solid #FF0000)]
          LayoutText {#text} at (1,20) size 14x17
            text run at (1,20) width 14: "A "
          LayoutText {#text} at (95,20) size 14x17
            text run at (95,20) width 14: " B"
        LayoutBlockFlow (anonymous) at (1,556) size 350x14
          LayoutText {#text} at (0,-2) size 50x17
            text run at (0,-2) width 50: "rows=10"
        LayoutBlockFlow {DIV} at (1,570) size 352x141 [border: (1px solid #FF0000)]
          LayoutText {#text} at (1,124) size 14x17
            text run at (1,124) width 14: "A "
          LayoutText {#text} at (155,124) size 14x17
            text run at (155,124) width 14: " B"
        LayoutBlockFlow (anonymous) at (1,711) size 350x14
          LayoutText {#text} at (0,-2) size 84x17
            text run at (0,-2) width 84: "cols=5 rows=4"
        LayoutBlockFlow {DIV} at (1,725) size 352x63 [border: (1px solid #FF0000)]
          LayoutText {#text} at (1,46) size 14x17
            text run at (1,46) width 14: "A "
          LayoutText {#text} at (65,46) size 14x17
            text run at (65,46) width 14: " B"
      LayoutBlockFlow (floating) {DIV} at (352,0) size 352x1025 [border: (1px solid #FF0000)]
        LayoutBlockFlow (anonymous) at (1,1) size 350x14
          LayoutText {#text} at (0,-2) size 110x17
            text run at (0,-2) width 110: "style=\"width:60px\""
        LayoutBlockFlow {DIV} at (1,15) size 352x37 [border: (1px solid #FF0000)]
          LayoutText {#text} at (1,20) size 14x17
            text run at (1,20) width 14: "A "
          LayoutText {#text} at (74,20) size 14x17
            text run at (74,20) width 14: " B"
        LayoutBlockFlow (anonymous) at (1,52) size 350x14
          LayoutText {#text} at (0,-2) size 191x17
            text run at (0,-2) width 191: "style=\"width:60px;padding:20px\""
        LayoutBlockFlow {DIV} at (1,66) size 352x73 [border: (1px solid #FF0000)]
          LayoutText {#text} at (1,56) size 14x17
            text run at (1,56) width 14: "A "
          LayoutText {#text} at (74,56) size 14x17
            text run at (74,56) width 14: " B"
        LayoutBlockFlow (anonymous) at (1,139) size 350x14
          LayoutText {#text} at (0,-2) size 170x17
            text run at (0,-2) width 170: "style=\"width:60px;padding:0\""
        LayoutBlockFlow {DIV} at (1,153) size 352x33 [border: (1px solid #FF0000)]
          LayoutText {#text} at (1,16) size 14x17
            text run at (1,16) width 14: "A "
          LayoutText {#text} at (74,16) size 14x17
            text run at (74,16) width 14: " B"
        LayoutBlockFlow (anonymous) at (1,186) size 350x14
          LayoutText {#text} at (0,-2) size 113x17
            text run at (0,-2) width 113: "style=\"height:60px\""
        LayoutBlockFlow {DIV} at (1,200) size 352x65 [border: (1px solid #FF0000)]
          LayoutText {#text} at (1,48) size 14x17
            text run at (1,48) width 14: "A "
          LayoutText {#text} at (155,48) size 14x17
            text run at (155,48) width 14: " B"
        LayoutBlockFlow (anonymous) at (1,265) size 350x14
          LayoutText {#text} at (0,-2) size 181x17
            text run at (0,-2) width 181: "style=\"width:60px;height:60px\""
        LayoutBlockFlow {DIV} at (1,279) size 352x65 [border: (1px solid #FF0000)]
          LayoutText {#text} at (1,48) size 14x17
            text run at (1,48) width 14: "A "
          LayoutText {#text} at (74,48) size 14x17
            text run at (74,48) width 14: " B"
        LayoutBlockFlow (anonymous) at (1,344) size 350x14
          LayoutText {#text} at (0,-2) size 138x17
            text run at (0,-2) width 138: "style=\"overflow:hidden\""
        LayoutBlockFlow {DIV} at (1,358) size 352x37 [border: (1px solid #FF0000)]
          LayoutText {#text} at (1,20) size 14x17
            text run at (1,20) width 14: "A "
          LayoutText {#text} at (155,20) size 14x17
            text run at (155,20) width 14: " B"
        LayoutBlockFlow (anonymous) at (1,395) size 350x14
          LayoutText {#text} at (0,-2) size 131x17
            text run at (0,-2) width 131: "style=\"overflow:scroll\""
        LayoutBlockFlow {DIV} at (1,409) size 352x52 [border: (1px solid #FF0000)]
          LayoutText {#text} at (1,35) size 14x17
            text run at (1,35) width 14: "A "
          LayoutText {#text} at (155,35) size 14x17
            text run at (155,35) width 14: " B"
        LayoutBlockFlow (anonymous) at (1,461) size 350x14
          LayoutText {#text} at (0,-2) size 276x17
            text run at (0,-2) width 276: "style=\"overflow:hidden;width:60px;height:60px\""
        LayoutBlockFlow {DIV} at (1,475) size 352x65 [border: (1px solid #FF0000)]
          LayoutText {#text} at (1,48) size 14x17
            text run at (1,48) width 14: "A "
          LayoutText {#text} at (74,48) size 14x17
            text run at (74,48) width 14: " B"
        LayoutBlockFlow (anonymous) at (1,540) size 350x14
          LayoutText {#text} at (0,-2) size 269x17
            text run at (0,-2) width 269: "style=\"overflow:scroll;width:60px;height:60px\""
        LayoutBlockFlow {DIV} at (1,554) size 352x65 [border: (1px solid #FF0000)]
          LayoutText {#text} at (1,48) size 14x17
            text run at (1,48) width 14: "A "
          LayoutText {#text} at (74,48) size 14x17
            text run at (74,48) width 14: " B"
        LayoutBlockFlow (anonymous) at (1,619) size 350x14
          LayoutText {#text} at (0,-2) size 222x17
            text run at (0,-2) width 222: "cols=5 style=\"width:60px;height:60px\""
        LayoutBlockFlow {DIV} at (1,633) size 352x65 [border: (1px solid #FF0000)]
          LayoutText {#text} at (1,48) size 14x17
            text run at (1,48) width 14: "A "
          LayoutText {#text} at (74,48) size 14x17
            text run at (74,48) width 14: " B"
        LayoutBlockFlow (anonymous) at (1,698) size 350x14
          LayoutText {#text} at (0,-2) size 226x17
            text run at (0,-2) width 226: "rows=4 style=\"width:60px;height:60px\""
        LayoutBlockFlow {DIV} at (1,712) size 352x65 [border: (1px solid #FF0000)]
          LayoutText {#text} at (1,48) size 14x17
            text run at (1,48) width 14: "A "
          LayoutText {#text} at (74,48) size 14x17
            text run at (74,48) width 14: " B"
        LayoutBlockFlow (anonymous) at (1,777) size 350x14
          LayoutText {#text} at (0,-2) size 267x17
            text run at (0,-2) width 267: "cols=5 rows=4 style=\"width:60px;height:60px\""
        LayoutBlockFlow {DIV} at (1,791) size 352x65 [border: (1px solid #FF0000)]
          LayoutText {#text} at (1,48) size 14x17
            text run at (1,48) width 14: "A "
          LayoutText {#text} at (74,48) size 14x17
            text run at (74,48) width 14: " B"
        LayoutBlockFlow (anonymous) at (1,856) size 350x14
          LayoutText {#text} at (0,-2) size 64x17
            text run at (0,-2) width 64: "wrap=\"off\""
        LayoutBlockFlow {DIV} at (1,870) size 352x52 [border: (1px solid #FF0000)]
          LayoutText {#text} at (1,35) size 14x17
            text run at (1,35) width 14: "A "
          LayoutText {#text} at (155,35) size 14x17
            text run at (155,35) width 5: " "
            text run at (159,35) width 10: "B"
        LayoutBlockFlow (anonymous) at (1,922) size 350x14
          LayoutText {#text} at (0,-2) size 73x17
            text run at (0,-2) width 73: "wrap=\"hard\""
        LayoutBlockFlow {DIV} at (1,936) size 352x37 [border: (1px solid #FF0000)]
          LayoutText {#text} at (1,20) size 14x17
            text run at (1,20) width 14: "A "
          LayoutText {#text} at (155,20) size 14x17
            text run at (155,20) width 5: " "
            text run at (159,20) width 10: "B"
        LayoutBlockFlow (anonymous) at (1,973) size 350x14
          LayoutText {#text} at (0,-2) size 69x17
            text run at (0,-2) width 69: "wrap=\"soft\""
        LayoutBlockFlow {DIV} at (1,987) size 352x37 [border: (1px solid #FF0000)]
          LayoutText {#text} at (1,20) size 14x17
            text run at (1,20) width 14: "A "
          LayoutText {#text} at (155,20) size 14x17
            text run at (155,20) width 5: " "
            text run at (159,20) width 10: "B"
layer at (24,24) size 141x32 clip at (25,25) size 139x30
  LayoutTextControl {TEXTAREA} at (14.61,1) size 141x32 [bgcolor=#FFFFFF] [border: (1px solid #000000)]
    LayoutBlockFlow {DIV} at (3,3) size 135x13
      LayoutText {#text} at (0,0) size 97x13
        text run at (0,0) width 97: "Lorem ipsum dolor"
layer at (24,75) size 141x32 clip at (25,76) size 124x30 scrollHeight 69
  LayoutTextControl {TEXTAREA} at (14.61,1) size 141x32 [bgcolor=#FFFFFF] [border: (1px solid #000000)]
    LayoutBlockFlow {DIV} at (3,3) size 120x65
      LayoutText {#text} at (0,0) size 119x65
        text run at (0,0) width 97: "Lorem ipsum dolor"
        text run at (96,0) width 4: " "
        text run at (0,13) width 115: "ABCDEFGHIJKLMNOP"
        text run at (0,26) width 78: "QRSTUVWXYZ"
        text run at (77,26) width 4: " "
        text run at (0,39) width 119: "abcdefghijklmnopqrstu"
        text run at (0,52) width 6: "v"
        text run at (5,52) width 5: " "
layer at (24,126) size 141x32 clip at (25,127) size 124x30 scrollHeight 69
  LayoutTextControl {TEXTAREA} at (14.61,1) size 141x32 [color=#545454] [bgcolor=#FFFFFF] [border: (1px solid #545454)]
    LayoutBlockFlow {DIV} at (3,3) size 120x65
      LayoutText {#text} at (0,0) size 119x65
        text run at (0,0) width 97: "Lorem ipsum dolor"
        text run at (96,0) width 4: " "
        text run at (0,13) width 115: "ABCDEFGHIJKLMNOP"
        text run at (0,26) width 78: "QRSTUVWXYZ"
        text run at (77,26) width 4: " "
        text run at (0,39) width 119: "abcdefghijklmnopqrstu"
        text run at (0,52) width 6: "v"
        text run at (5,52) width 5: " "
layer at (24,177) size 157x48 clip at (25,178) size 140x46 scrollHeight 85
  LayoutTextControl {TEXTAREA} at (14.61,1) size 157x48 [bgcolor=#FFFFFF] [border: (1px solid #000000)]
    LayoutBlockFlow {DIV} at (11,11) size 120x65
      LayoutText {#text} at (0,0) size 119x65
        text run at (0,0) width 97: "Lorem ipsum dolor"
        text run at (96,0) width 4: " "
        text run at (0,13) width 115: "ABCDEFGHIJKLMNOP"
        text run at (0,26) width 78: "QRSTUVWXYZ"
        text run at (77,26) width 4: " "
        text run at (0,39) width 119: "abcdefghijklmnopqrstu"
        text run at (0,52) width 6: "v"
        text run at (5,52) width 5: " "
layer at (24,244) size 137x28 clip at (25,245) size 120x26 scrollHeight 65
  LayoutTextControl {TEXTAREA} at (14.61,1) size 137x28 [bgcolor=#FFFFFF] [border: (1px solid #000000)]
    LayoutBlockFlow {DIV} at (1,1) size 120x65
      LayoutText {#text} at (0,0) size 119x65
        text run at (0,0) width 97: "Lorem ipsum dolor"
        text run at (96,0) width 4: " "
        text run at (0,13) width 115: "ABCDEFGHIJKLMNOP"
        text run at (0,26) width 78: "QRSTUVWXYZ"
        text run at (77,26) width 4: " "
        text run at (0,39) width 119: "abcdefghijklmnopqrstu"
        text run at (0,52) width 6: "v"
        text run at (5,52) width 5: " "
layer at (34,301) size 141x32 clip at (35,302) size 124x30 scrollHeight 69
  LayoutTextControl {TEXTAREA} at (24.61,11) size 141x32 [bgcolor=#FFFFFF] [border: (1px solid #000000)]
    LayoutBlockFlow {DIV} at (3,3) size 120x65
      LayoutText {#text} at (0,0) size 119x65
        text run at (0,0) width 97: "Lorem ipsum dolor"
        text run at (96,0) width 4: " "
        text run at (0,13) width 115: "ABCDEFGHIJKLMNOP"
        text run at (0,26) width 78: "QRSTUVWXYZ"
        text run at (77,26) width 4: " "
        text run at (0,39) width 119: "abcdefghijklmnopqrstu"
        text run at (0,52) width 6: "v"
        text run at (5,52) width 5: " "
layer at (24,362) size 141x32 clip at (25,363) size 124x30 scrollHeight 69
  LayoutTextControl {TEXTAREA} at (14.61,1) size 141x32 [bgcolor=#FFFFFF] [border: (1px solid #000000)]
    LayoutBlockFlow {DIV} at (3,3) size 120x65
      LayoutText {#text} at (0,0) size 119x65
        text run at (0,0) width 97: "Lorem ipsum dolor"
        text run at (96,0) width 4: " "
        text run at (0,13) width 115: "ABCDEFGHIJKLMNOP"
        text run at (0,26) width 78: "QRSTUVWXYZ"
        text run at (77,26) width 4: " "
        text run at (0,39) width 119: "abcdefghijklmnopqrstu"
        text run at (0,52) width 6: "v"
        text run at (5,52) width 5: " "
layer at (24,413) size 39x32 clip at (25,414) size 22x30 scrollHeight 381
  LayoutTextControl {TEXTAREA} at (14.61,1) size 39x32 [bgcolor=#FFFFFF] [border: (1px solid #000000)]
    LayoutBlockFlow {DIV} at (3,3) size 18x377
      LayoutText {#text} at (0,0) size 18x377
        text run at (0,0) width 17: "Lor"
        text run at (0,13) width 16: "em"
        text run at (15,13) width 3: " "
        text run at (0,26) width 15: "ips"
        text run at (0,39) width 16: "um"
        text run at (15,39) width 3: " "
        text run at (0,52) width 16: "dol"
        text run at (0,65) width 11: "or"
        text run at (10,65) width 4: " "
        text run at (0,78) width 15: "AB"
        text run at (0,91) width 16: "CD"
        text run at (0,104) width 13: "EF"
        text run at (0,117) width 16: "GH"
        text run at (0,130) width 16: "IJK"
        text run at (0,143) width 16: "LM"
        text run at (0,156) width 17: "NO"
        text run at (0,169) width 15: "PQ"
        text run at (0,182) width 14: "RS"
        text run at (0,195) width 15: "TU"
        text run at (0,208) width 7: "V"
        text run at (0,221) width 11: "W"
        text run at (0,234) width 15: "XY"
        text run at (0,247) width 8: "Z"
        text run at (7,247) width 4: " "
        text run at (0,260) width 13: "ab"
        text run at (0,273) width 13: "cd"
        text run at (0,286) width 17: "efg"
        text run at (0,299) width 18: "hijk"
        text run at (0,312) width 12: "lm"
        text run at (0,325) width 13: "no"
        text run at (0,338) width 17: "pqr"
        text run at (0,351) width 16: "stu"
        text run at (0,364) width 6: "v"
        text run at (5,364) width 5: " "
layer at (24,464) size 141x45 clip at (25,465) size 124x43 scrollHeight 69
  LayoutTextControl {TEXTAREA} at (14.61,1) size 141x45 [bgcolor=#FFFFFF] [border: (1px solid #000000)]
    LayoutBlockFlow {DIV} at (3,3) size 120x65
      LayoutText {#text} at (0,0) size 119x65
        text run at (0,0) width 97: "Lorem ipsum dolor"
        text run at (96,0) width 4: " "
        text run at (0,13) width 115: "ABCDEFGHIJKLMNOP"
        text run at (0,26) width 78: "QRSTUVWXYZ"
        text run at (77,26) width 4: " "
        text run at (0,39) width 119: "abcdefghijklmnopqrstu"
        text run at (0,52) width 6: "v"
        text run at (5,52) width 5: " "
layer at (24,528) size 81x32 clip at (25,529) size 64x30 scrollHeight 134
  LayoutTextControl {TEXTAREA} at (14.61,1) size 81x32 [bgcolor=#FFFFFF] [border: (1px solid #000000)]
    LayoutBlockFlow {DIV} at (3,3) size 60x130
      LayoutText {#text} at (0,0) size 60x130
        text run at (0,0) width 33: "Lorem"
        text run at (32,0) width 4: " "
        text run at (0,13) width 32: "ipsum"
        text run at (31,13) width 4: " "
        text run at (0,26) width 27: "dolor"
        text run at (26,26) width 4: " "
        text run at (0,39) width 60: "ABCDEFGH"
        text run at (0,52) width 56: "IJKLMNOP"
        text run at (0,65) width 56: "QRSTUVW"
        text run at (0,78) width 22: "XYZ"
        text run at (21,78) width 5: " "
        text run at (0,91) width 54: "abcdefghij"
        text run at (0,104) width 58: "klmnopqrst"
        text run at (0,117) width 13: "uv"
        text run at (12,117) width 4: " "
layer at (24,579) size 141x136 backgroundClip at (24,579) size 141x21 clip at (25,580) size 139x20
  LayoutTextControl {TEXTAREA} at (14.61,1) size 141x136 [bgcolor=#FFFFFF] [border: (1px solid #000000)]
    LayoutBlockFlow {DIV} at (3,3) size 135x52
      LayoutText {#text} at (0,0) size 131x52
        text run at (0,0) width 97: "Lorem ipsum dolor"
        text run at (96,0) width 4: " "
        text run at (0,13) width 131: "ABCDEFGHIJKLMNOPQR"
        text run at (0,26) width 63: "STUVWXYZ"
        text run at (62,26) width 4: " "
        text run at (0,39) width 126: "abcdefghijklmnopqrstuv"
        text run at (125,39) width 4: " "
layer at (24,734) size 51x58 backgroundClip at (0,0) size 0x0 clip at (0,0) size 0x0 scrollHeight 238
  LayoutTextControl {TEXTAREA} at (14.61,1) size 51x58 [bgcolor=#FFFFFF] [border: (1px solid #000000)]
    LayoutBlockFlow {DIV} at (3,3) size 30x234
      LayoutText {#text} at (0,0) size 30x234
        text run at (0,0) width 23: "Lore"
        text run at (0,13) width 10: "m"
        text run at (9,13) width 4: " "
        text run at (0,26) width 22: "ipsu"
        text run at (0,39) width 10: "m"
        text run at (9,39) width 4: " "
        text run at (0,52) width 27: "dolor"
        text run at (26,52) width 4: " "
        text run at (0,65) width 23: "ABC"
        text run at (0,78) width 29: "DEFG"
        text run at (0,91) width 24: "HIJK"
        text run at (0,104) width 24: "LMN"
        text run at (0,117) width 24: "OPQ"
        text run at (0,130) width 29: "RSTU"
        text run at (0,143) width 26: "VWX"
        text run at (0,156) width 15: "YZ"
        text run at (14,156) width 4: " "
        text run at (0,169) width 26: "abcd"
        text run at (0,182) width 29: "efghij"
        text run at (0,195) width 25: "klmn"
        text run at (0,208) width 30: "opqrs"
        text run at (0,221) width 17: "tuv"
        text run at (16,221) width 4: " "
layer at (376,24) size 60x32 clip at (377,25) size 43x30 scrollHeight 173
  LayoutTextControl {TEXTAREA} at (14.61,1) size 60x32 [bgcolor=#FFFFFF] [border: (1px solid #000000)]
    LayoutBlockFlow {DIV} at (3,3) size 39x169
      LayoutText {#text} at (0,0) size 39x169
        text run at (0,0) width 33: "Lorem"
        text run at (32,0) width 4: " "
        text run at (0,13) width 32: "ipsum"
        text run at (31,13) width 4: " "
        text run at (0,26) width 27: "dolor"
        text run at (26,26) width 4: " "
        text run at (0,39) width 37: "ABCDE"
        text run at (0,52) width 39: "FGHIJK"
        text run at (0,65) width 33: "LMNO"
        text run at (0,78) width 37: "PQRST"
        text run at (0,91) width 34: "UVWX"
        text run at (0,104) width 15: "YZ"
        text run at (14,104) width 4: " "
        text run at (0,117) width 36: "abcdef"
        text run at (0,130) width 37: "ghijklm"
        text run at (0,143) width 36: "nopqrs"
        text run at (0,156) width 17: "tuv"
        text run at (16,156) width 4: " "
layer at (376,75) size 60x68 clip at (377,76) size 43x66 scrollHeight 924
  LayoutTextControl {TEXTAREA} at (14.61,1) size 60x68 [bgcolor=#FFFFFF] [border: (1px solid #000000)]
    LayoutBlockFlow {DIV} at (21,21) size 3x884
      LayoutText {#text} at (0,0) size 11x884
        text run at (0,0) width 7: "L"
        text run at (0,13) width 7: "o"
        text run at (0,26) width 5: "r"
        text run at (0,39) width 7: "e"
        text run at (0,52) width 10: "m"
        text run at (0,65) width 3: " "
        text run at (0,78) width 3: "i"
        text run at (0,91) width 7: "p"
        text run at (0,104) width 6: "s"
        text run at (0,117) width 7: "u"
        text run at (0,130) width 10: "m"
        text run at (0,143) width 3: " "
        text run at (0,156) width 7: "d"
        text run at (0,169) width 7: "o"
        text run at (0,182) width 3: "l"
        text run at (0,195) width 7: "o"
        text run at (0,208) width 5: "r"
        text run at (0,221) width 3: " "
        text run at (0,234) width 8: "A"
        text run at (0,247) width 8: "B"
        text run at (0,260) width 8: "C"
        text run at (0,273) width 8: "D"
        text run at (0,286) width 7: "E"
        text run at (0,299) width 7: "F"
        text run at (0,312) width 9: "G"
        text run at (0,325) width 9: "H"
        text run at (0,338) width 3: "I"
        text run at (0,351) width 6: "J"
        text run at (0,364) width 8: "K"
        text run at (0,377) width 7: "L"
        text run at (0,390) width 10: "M"
        text run at (0,403) width 9: "N"
        text run at (0,416) width 9: "O"
        text run at (0,429) width 7: "P"
        text run at (0,442) width 9: "Q"
        text run at (0,455) width 8: "R"
        text run at (0,468) width 7: "S"
        text run at (0,481) width 7: "T"
        text run at (0,494) width 9: "U"
        text run at (0,507) width 8: "V"
        text run at (0,520) width 11: "W"
        text run at (0,533) width 8: "X"
        text run at (0,546) width 8: "Y"
        text run at (0,559) width 8: "Z"
        text run at (0,572) width 3: " "
        text run at (0,585) width 7: "a"
        text run at (0,598) width 7: "b"
        text run at (0,611) width 7: "c"
        text run at (0,624) width 7: "d"
        text run at (0,637) width 7: "e"
        text run at (0,650) width 4: "f"
        text run at (0,663) width 7: "g"
        text run at (0,676) width 7: "h"
        text run at (0,689) width 3: "i"
        text run at (0,702) width 3: "j"
        text run at (0,715) width 6: "k"
        text run at (0,728) width 3: "l"
        text run at (0,741) width 10: "m"
        text run at (0,754) width 7: "n"
        text run at (0,767) width 7: "o"
        text run at (0,780) width 7: "p"
        text run at (0,793) width 7: "q"
        text run at (0,806) width 5: "r"
        text run at (0,819) width 6: "s"
        text run at (0,832) width 4: "t"
        text run at (0,845) width 7: "u"
        text run at (0,858) width 6: "v"
        text run at (0,871) width 3: " "
layer at (376,162) size 60x28 clip at (377,163) size 43x26 scrollHeight 156
  LayoutTextControl {TEXTAREA} at (14.61,1) size 60x28 [bgcolor=#FFFFFF] [border: (1px solid #000000)]
    LayoutBlockFlow {DIV} at (1,1) size 43x156
      LayoutText {#text} at (0,0) size 43x156
        text run at (0,0) width 33: "Lorem"
        text run at (32,0) width 4: " "
        text run at (0,13) width 32: "ipsum"
        text run at (31,13) width 4: " "
        text run at (0,26) width 27: "dolor"
        text run at (26,26) width 4: " "
        text run at (0,39) width 37: "ABCDE"
        text run at (0,52) width 39: "FGHIJK"
        text run at (0,65) width 39: "LMNOP"
        text run at (0,78) width 38: "QRSTU"
        text run at (0,91) width 41: "VWXYZ"
        text run at (40,91) width 3: " "
        text run at (0,104) width 42: "abcdefg"
        text run at (0,117) width 37: "hijklmn"
        text run at (0,130) width 40: "opqrstu"
        text run at (0,143) width 6: "v"
        text run at (5,143) width 5: " "
layer at (376,209) size 141x60 clip at (377,210) size 139x58
  LayoutTextControl {TEXTAREA} at (14.61,1) size 141x60 [bgcolor=#FFFFFF] [border: (1px solid #000000)]
    LayoutBlockFlow {DIV} at (3,3) size 135x52
      LayoutText {#text} at (0,0) size 131x52
        text run at (0,0) width 97: "Lorem ipsum dolor"
        text run at (96,0) width 4: " "
        text run at (0,13) width 131: "ABCDEFGHIJKLMNOPQR"
        text run at (0,26) width 63: "STUVWXYZ"
        text run at (62,26) width 4: " "
        text run at (0,39) width 126: "abcdefghijklmnopqrstuv"
        text run at (125,39) width 4: " "
layer at (376,288) size 60x60 clip at (377,289) size 43x58 scrollHeight 173
  LayoutTextControl {TEXTAREA} at (14.61,1) size 60x60 [bgcolor=#FFFFFF] [border: (1px solid #000000)]
    LayoutBlockFlow {DIV} at (3,3) size 39x169
      LayoutText {#text} at (0,0) size 39x169
        text run at (0,0) width 33: "Lorem"
        text run at (32,0) width 4: " "
        text run at (0,13) width 32: "ipsum"
        text run at (31,13) width 4: " "
        text run at (0,26) width 27: "dolor"
        text run at (26,26) width 4: " "
        text run at (0,39) width 37: "ABCDE"
        text run at (0,52) width 39: "FGHIJK"
        text run at (0,65) width 33: "LMNO"
        text run at (0,78) width 37: "PQRST"
        text run at (0,91) width 34: "UVWX"
        text run at (0,104) width 15: "YZ"
        text run at (14,104) width 4: " "
        text run at (0,117) width 36: "abcdef"
        text run at (0,130) width 37: "ghijklm"
        text run at (0,143) width 36: "nopqrs"
        text run at (0,156) width 17: "tuv"
        text run at (16,156) width 4: " "
layer at (376,367) size 141x32 clip at (377,368) size 139x30 scrollHeight 56
  LayoutTextControl {TEXTAREA} at (14.61,1) size 141x32 [bgcolor=#FFFFFF] [border: (1px solid #000000)]
    LayoutBlockFlow {DIV} at (3,3) size 135x52
      LayoutText {#text} at (0,0) size 131x52
        text run at (0,0) width 97: "Lorem ipsum dolor"
        text run at (96,0) width 4: " "
        text run at (0,13) width 131: "ABCDEFGHIJKLMNOPQR"
        text run at (0,26) width 63: "STUVWXYZ"
        text run at (62,26) width 4: " "
        text run at (0,39) width 126: "abcdefghijklmnopqrstuv"
        text run at (125,39) width 4: " "
layer at (376,418) size 141x47 clip at (377,419) size 124x30 scrollHeight 69
  LayoutTextControl {TEXTAREA} at (14.61,1) size 141x47 [bgcolor=#FFFFFF] [border: (1px solid #000000)]
    LayoutBlockFlow {DIV} at (3,3) size 120x65
      LayoutText {#text} at (0,0) size 119x65
        text run at (0,0) width 97: "Lorem ipsum dolor"
        text run at (96,0) width 4: " "
        text run at (0,13) width 115: "ABCDEFGHIJKLMNOP"
        text run at (0,26) width 78: "QRSTUVWXYZ"
        text run at (77,26) width 4: " "
        text run at (0,39) width 119: "abcdefghijklmnopqrstu"
        text run at (0,52) width 6: "v"
        text run at (5,52) width 5: " "
layer at (376,484) size 60x60 clip at (377,485) size 58x58 scrollHeight 134
  LayoutTextControl {TEXTAREA} at (14.61,1) size 60x60 [bgcolor=#FFFFFF] [border: (1px solid #000000)]
    LayoutBlockFlow {DIV} at (3,3) size 54x130
      LayoutText {#text} at (0,0) size 53x130
        text run at (0,0) width 33: "Lorem"
        text run at (32,0) width 4: " "
        text run at (0,13) width 32: "ipsum"
        text run at (31,13) width 4: " "
        text run at (0,26) width 27: "dolor"
        text run at (26,26) width 4: " "
        text run at (0,39) width 52: "ABCDEFG"
        text run at (0,52) width 48: "HIJKLMN"
        text run at (0,65) width 53: "OPQRSTU"
        text run at (0,78) width 41: "VWXYZ"
        text run at (40,78) width 4: " "
        text run at (0,91) width 52: "abcdefghi"
        text run at (0,104) width 51: "jklmnopqr"
        text run at (0,117) width 23: "stuv"
        text run at (22,117) width 4: " "
layer at (376,563) size 60x60 backgroundClip at (376,563) size 60x37 clip at (377,564) size 43x36 scrollHeight 173
  LayoutTextControl {TEXTAREA} at (14.61,1) size 60x60 [bgcolor=#FFFFFF] [border: (1px solid #000000)]
    LayoutBlockFlow {DIV} at (3,3) size 39x169
      LayoutText {#text} at (0,0) size 39x169
        text run at (0,0) width 33: "Lorem"
        text run at (32,0) width 4: " "
        text run at (0,13) width 32: "ipsum"
        text run at (31,13) width 4: " "
        text run at (0,26) width 27: "dolor"
        text run at (26,26) width 4: " "
        text run at (0,39) width 37: "ABCDE"
        text run at (0,52) width 39: "FGHIJK"
        text run at (0,65) width 33: "LMNO"
        text run at (0,78) width 37: "PQRST"
        text run at (0,91) width 34: "UVWX"
        text run at (0,104) width 15: "YZ"
        text run at (14,104) width 4: " "
        text run at (0,117) width 36: "abcdef"
        text run at (0,130) width 37: "ghijklm"
        text run at (0,143) width 36: "nopqrs"
        text run at (0,156) width 17: "tuv"
        text run at (16,156) width 4: " "
layer at (376,642) size 60x60 backgroundClip at (0,0) size 0x0 clip at (0,0) size 0x0 scrollHeight 173
  LayoutTextControl {TEXTAREA} at (14.61,1) size 60x60 [bgcolor=#FFFFFF] [border: (1px solid #000000)]
    LayoutBlockFlow {DIV} at (3,3) size 39x169
      LayoutText {#text} at (0,0) size 39x169
        text run at (0,0) width 33: "Lorem"
        text run at (32,0) width 4: " "
        text run at (0,13) width 32: "ipsum"
        text run at (31,13) width 4: " "
        text run at (0,26) width 27: "dolor"
        text run at (26,26) width 4: " "
        text run at (0,39) width 37: "ABCDE"
        text run at (0,52) width 39: "FGHIJK"
        text run at (0,65) width 33: "LMNO"
        text run at (0,78) width 37: "PQRST"
        text run at (0,91) width 34: "UVWX"
        text run at (0,104) width 15: "YZ"
        text run at (14,104) width 4: " "
        text run at (0,117) width 36: "abcdef"
        text run at (0,130) width 37: "ghijklm"
        text run at (0,143) width 36: "nopqrs"
        text run at (0,156) width 17: "tuv"
        text run at (16,156) width 4: " "
layer at (376,721) size 60x60 backgroundClip at (0,0) size 0x0 clip at (0,0) size 0x0 scrollHeight 173
  LayoutTextControl {TEXTAREA} at (14.61,1) size 60x60 [bgcolor=#FFFFFF] [border: (1px solid #000000)]
    LayoutBlockFlow {DIV} at (3,3) size 39x169
      LayoutText {#text} at (0,0) size 39x169
        text run at (0,0) width 33: "Lorem"
        text run at (32,0) width 4: " "
        text run at (0,13) width 32: "ipsum"
        text run at (31,13) width 4: " "
        text run at (0,26) width 27: "dolor"
        text run at (26,26) width 4: " "
        text run at (0,39) width 37: "ABCDE"
        text run at (0,52) width 39: "FGHIJK"
        text run at (0,65) width 33: "LMNO"
        text run at (0,78) width 37: "PQRST"
        text run at (0,91) width 34: "UVWX"
        text run at (0,104) width 15: "YZ"
        text run at (14,104) width 4: " "
        text run at (0,117) width 36: "abcdef"
        text run at (0,130) width 37: "ghijklm"
        text run at (0,143) width 36: "nopqrs"
        text run at (0,156) width 17: "tuv"
        text run at (16,156) width 4: " "
layer at (376,800) size 60x60 backgroundClip at (0,0) size 0x0 clip at (0,0) size 0x0 scrollHeight 173
  LayoutTextControl {TEXTAREA} at (14.61,1) size 60x60 [bgcolor=#FFFFFF] [border: (1px solid #000000)]
    LayoutBlockFlow {DIV} at (3,3) size 39x169
      LayoutText {#text} at (0,0) size 39x169
        text run at (0,0) width 33: "Lorem"
        text run at (32,0) width 4: " "
        text run at (0,13) width 32: "ipsum"
        text run at (31,13) width 4: " "
        text run at (0,26) width 27: "dolor"
        text run at (26,26) width 4: " "
        text run at (0,39) width 37: "ABCDE"
        text run at (0,52) width 39: "FGHIJK"
        text run at (0,65) width 33: "LMNO"
        text run at (0,78) width 37: "PQRST"
        text run at (0,91) width 34: "UVWX"
        text run at (0,104) width 15: "YZ"
        text run at (14,104) width 4: " "
        text run at (0,117) width 36: "abcdef"
        text run at (0,130) width 37: "ghijklm"
        text run at (0,143) width 36: "nopqrs"
        text run at (0,156) width 17: "tuv"
        text run at (16,156) width 4: " "
layer at (376,879) size 141x47 backgroundClip at (0,0) size 0x0 clip at (0,0) size 0x0 scrollWidth 183 scrollHeight 212
  LayoutTextControl {TEXTAREA} at (14.61,1) size 141x47 [bgcolor=#FFFFFF] [border: (1px solid #000000)]
    LayoutBlockFlow {DIV} at (3,3) size 120x208
      LayoutText {#text} at (0,0) size 182x195
        text run at (0,0) width 4: " "
        text run at (3,0) width 1: " "
        text run at (0,13) width 182: "This is a text area with wrap=\"soft\""
        text run at (181,13) width 1: " "
        text run at (0,26) width 182: "This is a text area with wrap=\"soft\""
        text run at (181,26) width 1: " "
        text run at (0,39) width 182: "This is a text area with wrap=\"soft\""
        text run at (181,39) width 1: " "
        text run at (0,52) width 182: "This is a text area with wrap=\"soft\""
        text run at (181,52) width 1: " "
        text run at (0,65) width 182: "This is a text area with wrap=\"soft\""
        text run at (181,65) width 1: " "
        text run at (0,78) width 182: "This is a text area with wrap=\"soft\""
        text run at (181,78) width 1: " "
        text run at (0,91) width 182: "This is a text area with wrap=\"soft\""
        text run at (181,91) width 1: " "
        text run at (0,104) width 182: "This is a text area with wrap=\"soft\""
        text run at (181,104) width 1: " "
        text run at (0,117) width 182: "This is a text area with wrap=\"soft\""
        text run at (181,117) width 1: " "
        text run at (0,130) width 182: "This is a text area with wrap=\"soft\""
        text run at (181,130) width 1: " "
        text run at (0,143) width 182: "This is a text area with wrap=\"soft\""
        text run at (181,143) width 1: " "
        text run at (0,156) width 182: "This is a text area with wrap=\"soft\""
        text run at (181,156) width 1: " "
        text run at (0,169) width 182: "This is a text area with wrap=\"soft\""
        text run at (181,169) width 1: " "
        text run at (0,182) width 182: "This is a text area with wrap=\"soft\""
        text run at (181,182) width 1: " "
      LayoutBR {BR} at (0,195) size 0x13
layer at (376,945) size 141x32 backgroundClip at (0,0) size 0x0 clip at (0,0) size 0x0 scrollHeight 394
  LayoutTextControl {TEXTAREA} at (14.61,1) size 141x32 [bgcolor=#FFFFFF] [border: (1px solid #000000)]
    LayoutBlockFlow {DIV} at (3,3) size 120x390
      LayoutText {#text} at (0,0) size 120x377
        text run at (0,0) width 4: " "
        text run at (3,0) width 1: " "
        text run at (0,13) width 116: "This is a text area with"
        text run at (115,13) width 5: " "
        text run at (0,26) width 63: "wrap=\"soft\""
        text run at (62,26) width 1: " "
        text run at (0,39) width 116: "This is a text area with"
        text run at (115,39) width 5: " "
        text run at (0,52) width 63: "wrap=\"soft\""
        text run at (62,52) width 1: " "
        text run at (0,65) width 116: "This is a text area with"
        text run at (115,65) width 5: " "
        text run at (0,78) width 63: "wrap=\"soft\""
        text run at (62,78) width 1: " "
        text run at (0,91) width 116: "This is a text area with"
        text run at (115,91) width 5: " "
        text run at (0,104) width 63: "wrap=\"soft\""
        text run at (62,104) width 1: " "
        text run at (0,117) width 116: "This is a text area with"
        text run at (115,117) width 5: " "
        text run at (0,130) width 63: "wrap=\"soft\""
        text run at (62,130) width 1: " "
        text run at (0,143) width 116: "This is a text area with"
        text run at (115,143) width 5: " "
        text run at (0,156) width 63: "wrap=\"soft\""
        text run at (62,156) width 1: " "
        text run at (0,169) width 116: "This is a text area with"
        text run at (115,169) width 5: " "
        text run at (0,182) width 63: "wrap=\"soft\""
        text run at (62,182) width 1: " "
        text run at (0,195) width 116: "This is a text area with"
        text run at (115,195) width 5: " "
        text run at (0,208) width 63: "wrap=\"soft\""
        text run at (62,208) width 1: " "
        text run at (0,221) width 116: "This is a text area with"
        text run at (115,221) width 5: " "
        text run at (0,234) width 63: "wrap=\"soft\""
        text run at (62,234) width 1: " "
        text run at (0,247) width 116: "This is a text area with"
        text run at (115,247) width 5: " "
        text run at (0,260) width 63: "wrap=\"soft\""
        text run at (62,260) width 1: " "
        text run at (0,273) width 116: "This is a text area with"
        text run at (115,273) width 5: " "
        text run at (0,286) width 63: "wrap=\"soft\""
        text run at (62,286) width 1: " "
        text run at (0,299) width 116: "This is a text area with"
        text run at (115,299) width 5: " "
        text run at (0,312) width 63: "wrap=\"soft\""
        text run at (62,312) width 1: " "
        text run at (0,325) width 116: "This is a text area with"
        text run at (115,325) width 5: " "
        text run at (0,338) width 63: "wrap=\"soft\""
        text run at (62,338) width 1: " "
        text run at (0,351) width 116: "This is a text area with"
        text run at (115,351) width 5: " "
        text run at (0,364) width 63: "wrap=\"soft\""
        text run at (62,364) width 1: " "
      LayoutBR {BR} at (0,377) size 0x13
layer at (376,996) size 141x32 backgroundClip at (0,0) size 0x0 clip at (0,0) size 0x0 scrollHeight 394
  LayoutTextControl {TEXTAREA} at (14.61,1) size 141x32 [bgcolor=#FFFFFF] [border: (1px solid #000000)]
    LayoutBlockFlow {DIV} at (3,3) size 120x390
      LayoutText {#text} at (0,0) size 120x377
        text run at (0,0) width 4: " "
        text run at (3,0) width 1: " "
        text run at (0,13) width 116: "This is a text area with"
        text run at (115,13) width 5: " "
        text run at (0,26) width 63: "wrap=\"soft\""
        text run at (62,26) width 1: " "
        text run at (0,39) width 116: "This is a text area with"
        text run at (115,39) width 5: " "
        text run at (0,52) width 63: "wrap=\"soft\""
        text run at (62,52) width 1: " "
        text run at (0,65) width 116: "This is a text area with"
        text run at (115,65) width 5: " "
        text run at (0,78) width 63: "wrap=\"soft\""
        text run at (62,78) width 1: " "
        text run at (0,91) width 116: "This is a text area with"
        text run at (115,91) width 5: " "
        text run at (0,104) width 63: "wrap=\"soft\""
        text run at (62,104) width 1: " "
        text run at (0,117) width 116: "This is a text area with"
        text run at (115,117) width 5: " "
        text run at (0,130) width 63: "wrap=\"soft\""
        text run at (62,130) width 1: " "
        text run at (0,143) width 116: "This is a text area with"
        text run at (115,143) width 5: " "
        text run at (0,156) width 63: "wrap=\"soft\""
        text run at (62,156) width 1: " "
        text run at (0,169) width 116: "This is a text area with"
        text run at (115,169) width 5: " "
        text run at (0,182) width 63: "wrap=\"soft\""
        text run at (62,182) width 1: " "
        text run at (0,195) width 116: "This is a text area with"
        text run at (115,195) width 5: " "
        text run at (0,208) width 63: "wrap=\"soft\""
        text run at (62,208) width 1: " "
        text run at (0,221) width 116: "This is a text area with"
        text run at (115,221) width 5: " "
        text run at (0,234) width 63: "wrap=\"soft\""
        text run at (62,234) width 1: " "
        text run at (0,247) width 116: "This is a text area with"
        text run at (115,247) width 5: " "
        text run at (0,260) width 63: "wrap=\"soft\""
        text run at (62,260) width 1: " "
        text run at (0,273) width 116: "This is a text area with"
        text run at (115,273) width 5: " "
        text run at (0,286) width 63: "wrap=\"soft\""
        text run at (62,286) width 1: " "
        text run at (0,299) width 116: "This is a text area with"
        text run at (115,299) width 5: " "
        text run at (0,312) width 63: "wrap=\"soft\""
        text run at (62,312) width 1: " "
        text run at (0,325) width 116: "This is a text area with"
        text run at (115,325) width 5: " "
        text run at (0,338) width 63: "wrap=\"soft\""
        text run at (62,338) width 1: " "
        text run at (0,351) width 116: "This is a text area with"
        text run at (115,351) width 5: " "
        text run at (0,364) width 63: "wrap=\"soft\""
        text run at (62,364) width 1: " "
      LayoutBR {BR} at (0,377) size 0x13
