layer at (0,0) size 800x600
  LayoutView at (0,0) size 800x600
layer at (0,0) size 800x600
  LayoutNGBlockFlow {HTML} at (0,0) size 800x600
    LayoutNGBlockFlow {BODY} at (8,8) size 784x584
      LayoutText {#text} at (0,0) size 393x19
        text run at (0,0) width 393: "This tests that text can not be inserted into a disabled text field."
      LayoutBR {BR} at (393,0) size 0x0
      LayoutTextControl {INPUT} at (0,20) size 181x22 [color=#545454] [bgcolor=#EBEBE4] [border: (2px inset #EEEEEE)]
      LayoutText {#text} at (0,0) size 0x0
layer at (10,31) size 177x16
  LayoutBlockFlow {DIV} at (2,3) size 177x16
    LayoutText {#text} at (0,0) size 73x16
      text run at (0,0) width 73: "Test Passed"
