layer at (0,0) size 800x600
  LayoutView at (0,0) size 800x600
layer at (0,0) size 800x600
  LayoutNGBlockFlow {HTML} at (0,0) size 800x600
    LayoutNGBlockFlow {BODY} at (8,8) size 784x584
      LayoutText {#text} at (0,0) size 289x19
        text run at (0,0) width 289: "This tests that text fields get the right baseline."
      LayoutBR {BR} at (289,0) size 0x0
      LayoutBR {BR} at (0,20) size 0x0
      LayoutTextControl {INPUT} at (0,40) size 154x22 [bgcolor=#FFFFFF] [border: (2px inset #EEEEEE)]
      LayoutText {#text} at (154,41) size 420x19
        text run at (154,41) width 420: "This text should line up with the bottom of the text in the text field."
      LayoutBR {BR} at (574,41) size 0x0
      LayoutBR {BR} at (0,62) size 0x0
      LayoutTextControl {INPUT} at (0,82) size 154x128 [bgcolor=#FFFFFF] [border: (2px inset #EEEEEE)]
      LayoutText {#text} at (154,167) size 420x19
        text run at (154,167) width 420: "This text should line up with the bottom of the text in the text field."
layer at (10,51) size 150x16
  LayoutBlockFlow {DIV} at (2,3) size 150x16
layer at (10,93) size 150x122
  LayoutBlockFlow {DIV} at (2,3) size 150x122
