layer at (0,0) size 800x600
  LayoutView at (0,0) size 800x600
layer at (0,0) size 800x600
  LayoutNGBlockFlow {HTML} at (0,0) size 800x600
    LayoutNGBlockFlow {BODY} at (8,8) size 784x576
      LayoutNGBlockFlow (anonymous) at (0,0) size 784x20
        LayoutText {#text} at (0,0) size 754x19
          text run at (0,0) width 754: "This test uses the new text field to test focus() and blur() and to make sure that onFocus and onBlur events fire correctly."
      LayoutNGBlockFlow {P} at (0,36) size 784x22
        LayoutTextControl {INPUT} at (0,0) size 154x22 [bgcolor=#FFFFFF] [border: (2px inset #EEEEEE)]
        LayoutText {#text} at (154,1) size 4x19
          text run at (154,1) width 4: " "
        LayoutTextControl {INPUT} at (158,0) size 154x22 [bgcolor=#FFFFFF] [border: (2px inset #EEEEEE)]
        LayoutText {#text} at (0,0) size 0x0
      LayoutNGBlockFlow {DIV} at (0,74) size 784x80
        LayoutBR {BR} at (0,0) size 0x0
        LayoutText {#text} at (0,20) size 320x19
          text run at (0,20) width 320: "Test Passed. Text field 1's onFocus event has fired."
        LayoutBR {BR} at (319,20) size 0x0
        LayoutText {#text} at (0,40) size 310x19
          text run at (0,40) width 310: "Test Passed. Text field 1's onBlur event has fired."
        LayoutBR {BR} at (309,40) size 0x0
        LayoutText {#text} at (0,60) size 320x19
          text run at (0,60) width 320: "Test Passed. Text field 2's onFocus event has fired."
      LayoutNGBlockFlow {P} at (0,170) size 784x0
layer at (10,47) size 150x16
  LayoutBlockFlow {DIV} at (2,3) size 150x16
    LayoutText {#text} at (0,0) size 90x16
      text run at (0,0) width 90: "My Text Field 1"
layer at (168,47) size 150x16
  LayoutBlockFlow {DIV} at (2,3) size 150x16
    LayoutText {#text} at (0,0) size 90x16
      text run at (0,0) width 90: "My Text Field 2"
caret: position 0 of child 0 {#text} of child 0 {DIV} of {#document-fragment} of child 3 {INPUT} of child 1 {P} of body
