layer at (0,0) size 800x600
  LayoutView at (0,0) size 800x600
layer at (0,0) size 800x600
  LayoutNGBlockFlow {HTML} at (0,0) size 800x600
    LayoutNGBlockFlow {BODY} at (8,8) size 784x584
      LayoutText {#text} at (0,0) size 564x19
        text run at (0,0) width 564: "This tests that background color and background images can be set on the new text fields."
      LayoutBR {BR} at (564,0) size 0x19
      LayoutTextControl {INPUT} at (0,20) size 181x22 [bgcolor=#FFC0CB] [border: (2px inset #EEEEEE)]
      LayoutText {#text} at (0,0) size 0x0
      LayoutBR {BR} at (181,36) size 0x0
      LayoutTextControl {INPUT} at (0,42) size 181x22 [bgcolor=#FFFFFF] [border: (2px inset #EEEEEE)]
      LayoutText {#text} at (0,0) size 0x0
layer at (10,31) size 177x16
  LayoutBlockFlow {DIV} at (2,3) size 177x16
    LayoutText {#text} at (0,0) size 117x16
      text run at (0,0) width 117: "This should be pink."
layer at (10,53) size 177x16
  LayoutBlockFlow {DIV} at (2,3) size 177x16
