layer at (0,0) size 800x600
  LayoutView at (0,0) size 800x600
layer at (0,0) size 800x102
  LayoutNGBlockFlow {HTML} at (0,0) size 800x102
    LayoutNGBlockFlow {BODY} at (8,8) size 784x78
      LayoutNGBlockFlow (anonymous) at (0,0) size 784x22
        LayoutTextControl {INPUT} at (0,0) size 154x22 [bgcolor=#FFFFFF] [border: (2px inset #EEEEEE)]
        LayoutText {#text} at (154,1) size 4x19
          text run at (154,1) width 4: " "
        LayoutTextControl {INPUT} at (158,0) size 154x22 [bgcolor=#FFFFFF] [border: (2px inset #EEEEEE)]
        LayoutText {#text} at (312,1) size 4x19
          text run at (312,1) width 4: " "
        LayoutTextControl {INPUT} at (316,0) size 154x22 [bgcolor=#FFFFFF] [border: (2px inset #EEEEEE)]
        LayoutText {#text} at (0,0) size 0x0
      LayoutNGBlockFlow {P} at (0,38) size 784x40
        LayoutText {#text} at (0,0) size 783x39
          text run at (0,0) width 783: "Tests scrolling back to the beginning when a text field blurs. The first field should be scrolled to the left, the second and third"
          text run at (0,20) width 125: "scrolled to the right."
layer at (10,11) size 150x16 scrollWidth 340
  LayoutBlockFlow {DIV} at (2,3) size 150x16
    LayoutText {#text} at (0,0) size 339x16
      text run at (0,0) width 339: "this text field has a lot of text in it so that it needs to scroll"
layer at (168,11) size 150x16 scrollX 189.00 scrollWidth 339
  LayoutBlockFlow {DIV} at (2,3) size 150x16
    LayoutText {#text} at (-189,0) size 339x16
      text run at (-189,0) width 339: "this text field has a lot of text in it so that it needs to scroll"
layer at (326,11) size 150x16 scrollX 190.00 scrollWidth 340
  LayoutBlockFlow {DIV} at (2,3) size 150x16
    LayoutText {#text} at (0,0) size 339x16
      text run at (0,0) width 339: "this text field has a lot of text in it so that it needs to scroll"
caret: position 66 of child 0 {#text} of child 0 {DIV} of {#document-fragment} of child 4 {INPUT} of body
