layer at (0,0) size 800x600
  LayoutView at (0,0) size 800x600
layer at (0,0) size 800x600
  LayoutBlockFlow {HTML} at (0,0) size 800x600
    LayoutBlockFlow {BODY} at (8,8) size 784x584
      LayoutBlockFlow (anonymous) at (0,0) size 784x18
        LayoutText {#text} at (0,0) size 351x18
          text run at (0,0) width 351: "This tests that buttons don't honor table display styles. "
        LayoutBR {BR} at (350,14) size 1x0
      LayoutButton {INPUT} at (0,18) size 84.78x18 [bgcolor=#FFFFFF]
        LayoutBlockFlow (anonymous) at (8,2) size 68.78x13
          LayoutText {#text} at (0,0) size 69x13
            text run at (0,0) width 69: "display: table"
      LayoutButton {INPUT} at (0,36) size 84.78x18 [bgcolor=#FFFFFF]
        LayoutBlockFlow (anonymous) at (8,2) size 68.78x13
          LayoutText {#text} at (0,0) size 69x13
            text run at (0,0) width 69: "display: table"
      LayoutBlockFlow (anonymous) at (0,54) size 784x351
        LayoutBR {BR} at (0,0) size 0x18
        LayoutBR {BR} at (0,18) size 0x18
        LayoutButton {INPUT} at (0,37) size 117.28x18 [bgcolor=#FFFFFF]
          LayoutBlockFlow (anonymous) at (8,2) size 101.28x13
            LayoutText {#text} at (0,0) size 102x13
              text run at (0,0) width 102: "display: inline-table"
        LayoutText {#text} at (117,36) size 5x18
          text run at (117,36) width 5: " "
        LayoutButton {INPUT} at (121.28,37) size 117.28x18 [bgcolor=#FFFFFF]
          LayoutBlockFlow (anonymous) at (8,2) size 101.28x13
            LayoutText {#text} at (0,0) size 102x13
              text run at (0,0) width 102: "display: inline-table"
        LayoutText {#text} at (238,36) size 5x18
          text run at (238,36) width 5: " "
        LayoutBR {BR} at (242,50) size 1x0
        LayoutBR {BR} at (0,55) size 0x18
        LayoutButton {INPUT} at (0,74) size 144.23x18 [bgcolor=#FFFFFF]
          LayoutBlockFlow (anonymous) at (8,2) size 128.23x13
            LayoutText {#text} at (0,0) size 129x13
              text run at (0,0) width 129: "display: table-row-group"
        LayoutText {#text} at (144,73) size 5x18
          text run at (144,73) width 5: " "
        LayoutButton {INPUT} at (148.23,74) size 144.23x18 [bgcolor=#FFFFFF]
          LayoutBlockFlow (anonymous) at (8,2) size 128.23x13
            LayoutText {#text} at (0,0) size 129x13
              text run at (0,0) width 129: "display: table-row-group"
        LayoutText {#text} at (292,73) size 5x18
          text run at (292,73) width 5: " "
        LayoutBR {BR} at (296,87) size 1x0
        LayoutBR {BR} at (0,92) size 0x18
        LayoutButton {INPUT} at (0,111) size 161.20x18 [bgcolor=#FFFFFF]
          LayoutBlockFlow (anonymous) at (8,2) size 145.20x13
            LayoutText {#text} at (0,0) size 146x13
              text run at (0,0) width 146: "display: table-header-group"
        LayoutText {#text} at (161,110) size 5x18
          text run at (161,110) width 5: " "
        LayoutButton {INPUT} at (165.20,111) size 161.20x18 [bgcolor=#FFFFFF]
          LayoutBlockFlow (anonymous) at (8,2) size 145.20x13
            LayoutText {#text} at (0,0) size 146x13
              text run at (0,0) width 146: "display: table-header-group"
        LayoutText {#text} at (326,110) size 5x18
          text run at (326,110) width 5: " "
        LayoutBR {BR} at (330,124) size 1x0
        LayoutBR {BR} at (0,129) size 0x18
        LayoutButton {INPUT} at (0,148) size 156.20x18 [bgcolor=#FFFFFF]
          LayoutBlockFlow (anonymous) at (8,2) size 140.20x13
            LayoutText {#text} at (0,0) size 141x13
              text run at (0,0) width 141: "display: table-footer-group"
        LayoutText {#text} at (156,147) size 5x18
          text run at (156,147) width 5: " "
        LayoutButton {INPUT} at (160.20,148) size 156.20x18 [bgcolor=#FFFFFF]
          LayoutBlockFlow (anonymous) at (8,2) size 140.20x13
            LayoutText {#text} at (0,0) size 141x13
              text run at (0,0) width 141: "display: table-footer-group"
        LayoutText {#text} at (316,147) size 5x18
          text run at (316,147) width 5: " "
        LayoutBR {BR} at (320,161) size 1x0
        LayoutBR {BR} at (0,166) size 0x18
        LayoutButton {INPUT} at (0,185) size 108.80x18 [bgcolor=#FFFFFF]
          LayoutBlockFlow (anonymous) at (8,2) size 92.80x13
            LayoutText {#text} at (0,0) size 93x13
              text run at (0,0) width 93: "display: table-row"
        LayoutText {#text} at (108,184) size 5x18
          text run at (108,184) width 5: " "
        LayoutButton {INPUT} at (112.80,185) size 108.80x18 [bgcolor=#FFFFFF]
          LayoutBlockFlow (anonymous) at (8,2) size 92.80x13
            LayoutText {#text} at (0,0) size 93x13
              text run at (0,0) width 93: "display: table-row"
        LayoutText {#text} at (221,184) size 5x18
          text run at (221,184) width 5: " "
        LayoutBR {BR} at (225,198) size 1x0
        LayoutBR {BR} at (0,203) size 0x18
        LayoutButton {INPUT} at (0,222) size 163.36x18 [bgcolor=#FFFFFF]
          LayoutBlockFlow (anonymous) at (8,2) size 147.36x13
            LayoutText {#text} at (0,0) size 148x13
              text run at (0,0) width 148: "display: table-column-group"
        LayoutText {#text} at (163,221) size 5x18
          text run at (163,221) width 5: " "
        LayoutButton {INPUT} at (167.36,222) size 163.36x18 [bgcolor=#FFFFFF]
          LayoutBlockFlow (anonymous) at (8,2) size 147.36x13
            LayoutText {#text} at (0,0) size 148x13
              text run at (0,0) width 148: "display: table-column-group"
        LayoutText {#text} at (330,221) size 5x18
          text run at (330,221) width 5: " "
        LayoutBR {BR} at (334,235) size 1x0
        LayoutBR {BR} at (0,240) size 0x18
        LayoutButton {INPUT} at (0,259) size 127.81x18 [bgcolor=#FFFFFF]
          LayoutBlockFlow (anonymous) at (8,2) size 111.81x13
            LayoutText {#text} at (0,0) size 112x13
              text run at (0,0) width 112: "display: table-column"
        LayoutText {#text} at (127,258) size 5x18
          text run at (127,258) width 5: " "
        LayoutButton {INPUT} at (131.81,259) size 127.81x18 [bgcolor=#FFFFFF]
          LayoutBlockFlow (anonymous) at (8,2) size 111.81x13
            LayoutText {#text} at (0,0) size 112x13
              text run at (0,0) width 112: "display: table-column"
        LayoutText {#text} at (259,258) size 5x18
          text run at (259,258) width 5: " "
        LayoutBR {BR} at (263,272) size 1x0
        LayoutBR {BR} at (0,277) size 0x18
        LayoutButton {INPUT} at (0,296) size 107.95x18 [bgcolor=#FFFFFF]
          LayoutBlockFlow (anonymous) at (8,2) size 91.95x13
            LayoutText {#text} at (0,0) size 92x13
              text run at (0,0) width 92: "display: table-cell"
        LayoutText {#text} at (107,295) size 5x18
          text run at (107,295) width 5: " "
        LayoutButton {INPUT} at (111.95,296) size 107.95x18 [bgcolor=#FFFFFF]
          LayoutBlockFlow (anonymous) at (8,2) size 91.95x13
            LayoutText {#text} at (0,0) size 92x13
              text run at (0,0) width 92: "display: table-cell"
        LayoutText {#text} at (219,295) size 5x18
          text run at (219,295) width 5: " "
        LayoutBR {BR} at (223,309) size 1x0
        LayoutBR {BR} at (0,314) size 0x18
        LayoutButton {INPUT} at (0,333) size 128.52x18 [bgcolor=#FFFFFF]
          LayoutBlockFlow (anonymous) at (8,2) size 112.52x13
            LayoutText {#text} at (0,0) size 113x13
              text run at (0,0) width 113: "display: table-caption"
        LayoutText {#text} at (128,332) size 5x18
          text run at (128,332) width 5: " "
        LayoutButton {INPUT} at (132.52,333) size 128.52x18 [bgcolor=#FFFFFF]
          LayoutBlockFlow (anonymous) at (8,2) size 112.52x13
            LayoutText {#text} at (0,0) size 113x13
              text run at (0,0) width 113: "display: table-caption"
        LayoutText {#text} at (0,0) size 0x0
