layer at (0,0) size 800x600
  LayoutView at (0,0) size 800x600
layer at (0,0) size 800x278
  LayoutBlockFlow {HTML} at (0,0) size 800x278
    LayoutBlockFlow {BODY} at (8,16) size 784x254
      LayoutBlockFlow {P} at (0,0) size 784x40
        LayoutText {#text} at (0,0) size 779x39
          text run at (0,0) width 779: "Test passes if the blue and orange boxes below are the same width, and the blue box is in the upper-right corner of the black"
          text run at (0,20) width 28: "box."
layer at (8,72) size 198x198
  LayoutBlockFlow (relative positioned) {DIV} at (0,56) size 198x198 [border: (3px solid #000000)]
    LayoutBlockFlow {DIV} at (99,99) size 96x96 [bgcolor=#FFA500]
layer at (107,75) size 96x96
  LayoutImage (positioned) {IMG} at (99,3) size 96x96
