layer at (0,0) size 800x600
  LayoutView at (0,0) size 800x600
layer at (0,0) size 800x260
  LayoutBlockFlow {HTML} at (0,0) size 800x260
    LayoutBlockFlow {BODY} at (8,16) size 784x236
      LayoutBlockFlow {P} at (0,0) size 784x20
        LayoutText {#text} at (0,0) size 337x19
          text run at (0,0) width 337: "Test passes if there is a filled green square below and "
        LayoutInline {STRONG} at (0,0) size 45x19
          LayoutText {#text} at (336,0) size 45x19
            text run at (336,0) width 45: "no red"
        LayoutText {#text} at (380,0) size 5x19
          text run at (380,0) width 5: "."
      LayoutBlockFlow {DIV} at (0,36) size 400x200 [border: none (200px solid #FF0000) none]
        LayoutBlockFlow {DIV} at (0,0) size 400x200 [border: none (200px solid #008000) none]
