layer at (0,0) size 800x600
  LayoutView at (0,0) size 800x600
layer at (0,0) size 800x190
  LayoutBlockFlow {HTML} at (0,0) size 800x189.59
    LayoutBlockFlow {BODY} at (8,16) size 784x40
      LayoutBlockFlow {P} at (0,0) size 784x40
        LayoutText {#text} at (0,0) size 106x19
          text run at (0,0) width 106: "There should be "
        LayoutInline {STRONG} at (0,0) size 143x19
          LayoutText {#text} at (106,0) size 143x19
            text run at (106,0) width 143: "5 filled green squares"
        LayoutText {#text} at (248,0) size 186x19
          text run at (248,0) width 186: " with the same width and the "
        LayoutInline {STRONG} at (0,0) size 81x19
          LayoutText {#text} at (433,0) size 81x19
            text run at (433,0) width 81: "same height"
        LayoutText {#text} at (513,0) size 237x19
          text run at (513,0) width 237: ". The 5 filled green squares should be"
        LayoutInline {STRONG} at (0,0) size 57x19
          LayoutText {#text} at (0,20) size 57x19
            text run at (0,20) width 57: "identical"
        LayoutText {#text} at (57,20) size 445x19
          text run at (57,20) width 445: " to each other. This should still remain true even after a window resize."
      LayoutBlockFlow {DIV} at (0,56) size 784x0
        LayoutImage (floating) {IMG} at (0,0) size 117.59x117.59
        LayoutImage (floating) {IMG} at (117.59,0) size 5x5
        LayoutImage (floating) {IMG} at (122.59,0) size 117.59x117.59
        LayoutImage (floating) {IMG} at (240.19,0) size 5x5
        LayoutImage (floating) {IMG} at (245.19,0) size 117.59x117.59
        LayoutImage (floating) {IMG} at (362.78,0) size 5x5
        LayoutImage (floating) {IMG} at (367.78,0) size 117.59x117.59
        LayoutImage (floating) {IMG} at (485.38,0) size 5x5
        LayoutImage (floating) {IMG} at (490.38,0) size 117.59x117.59
