layer at (0,0) size 800x600
  LayoutView at (0,0) size 800x600
layer at (0,0) size 800x203
  LayoutBlockFlow {HTML} at (0,0) size 800x203
    LayoutBlockFlow {BODY} at (8,16) size 784x179
      LayoutBlockFlow {P} at (0,0) size 784x40
        LayoutText {#text} at (0,0) size 106x19
          text run at (0,0) width 106: "There should be "
        LayoutInline {STRONG} at (0,0) size 143x19
          LayoutText {#text} at (106,0) size 143x19
            text run at (106,0) width 143: "5 filled green squares"
        LayoutText {#text} at (248,0) size 186x19
          text run at (248,0) width 186: " with the same width and the "
        LayoutInline {STRONG} at (0,0) size 81x19
          LayoutText {#text} at (433,0) size 81x19
            text run at (433,0) width 81: "same height"
        LayoutText {#text} at (513,0) size 237x19
          text run at (513,0) width 237: ". The 5 filled green squares should be"
        LayoutInline {STRONG} at (0,0) size 57x19
          LayoutText {#text} at (0,20) size 57x19
            text run at (0,20) width 57: "identical"
        LayoutText {#text} at (57,20) size 445x19
          text run at (57,20) width 445: " to each other. This should still remain true even after a window resize."
      LayoutBlockFlow {DIV} at (0,56) size 784x123
        LayoutImage {OBJECT} at (0,0) size 117.59x117.59
        LayoutText {#text} at (117,103) size 5x19
          text run at (117,103) width 5: " "
        LayoutImage {OBJECT} at (121.59,0) size 117.59x117.59
        LayoutText {#text} at (239,103) size 5x19
          text run at (239,103) width 5: " "
        LayoutImage {OBJECT} at (243.19,0) size 117.59x117.59
        LayoutText {#text} at (360,103) size 5x19
          text run at (360,103) width 5: " "
        LayoutImage {OBJECT} at (364.78,0) size 117.59x117.59
        LayoutText {#text} at (482,103) size 5x19
          text run at (482,103) width 5: " "
        LayoutImage {OBJECT} at (486.38,0) size 117.59x117.59
        LayoutText {#text} at (0,0) size 0x0
