layer at (0,0) size 800x600
  LayoutView at (0,0) size 800x600
layer at (0,0) size 800x278
  LayoutBlockFlow {HTML} at (0,0) size 800x278
    LayoutBlockFlow {BODY} at (8,16) size 784x254
      LayoutBlockFlow {P} at (0,0) size 784x40
        LayoutText {#text} at (0,0) size 770x39
          text run at (0,0) width 770: "Test passes if the blue and orange boxes below are the same width, and the blue box is in the upper-left corner of the black"
          text run at (0,20) width 28: "box."
      LayoutBlockFlow {DIV} at (0,56) size 198x198 [border: (3px solid #000000)]
        LayoutBlockFlow (anonymous) at (3,3) size 192x15
          LayoutImage {IMG} at (0,0) size 15x15
          LayoutText {#text} at (0,0) size 0x0
        LayoutBlockFlow {DIV} at (3,18) size 15x15 [bgcolor=#FFA500]
