layer at (0,0) size 800x600
  LayoutView at (0,0) size 800x600
layer at (0,0) size 800x52
  LayoutBlockFlow {HTML} at (0,0) size 800x52
    LayoutBlockFlow {BODY} at (8,16) size 784x20
      LayoutBlockFlow {P} at (0,0) size 784x20
        LayoutText {#text} at (0,0) size 7x19
          text run at (0,0) width 7: "a"
        LayoutTable {SPAN} at (7,0) size 8x20
          LayoutTableSection (anonymous) at (0,0) size 8x20
            LayoutTableRow (anonymous) at (0,0) size 8x20
              LayoutTableCell (anonymous) at (0,0) size 8x20 [r=0 c=0 rs=1 cs=1]
                LayoutText {#text} at (0,0) size 8x19
                  text run at (0,0) width 8: "b"
        LayoutText {#text} at (15,0) size 7x19
          text run at (15,0) width 7: "c"
