layer at (0,0) size 800x600
  LayoutView at (0,0) size 800x600
layer at (0,0) size 800x80
  LayoutBlockFlow {HTML} at (0,0) size 800x80
    LayoutBlockFlow {BODY} at (8,16) size 784x56
      LayoutBlockFlow {P} at (0,0) size 784x20
        LayoutText {#text} at (0,0) size 503x19
          text run at (0,0) width 503: "Test passes if the left and right borders start and end where the 'Filler Text' does."
      LayoutBlockFlow {DIV} at (0,36) size 784x20
        LayoutInline {SPAN} at (0,0) size 282x19 [border: none (5px solid #000000) none (5px solid #000000)]
          LayoutText {#text} at (5,0) size 272x19
            text run at (5,0) width 272: "Filler Text Filler Text Filler Text Filler Text"
        LayoutText {#text} at (0,0) size 0x0
