layer at (0,0) size 800x600
  LayoutView at (0,0) size 800x600
layer at (0,0) size 800x600
  LayoutBlockFlow {HTML} at (0,0) size 800x600
    LayoutBlockFlow {BODY} at (8,8) size 784x584
      LayoutBlockFlow {DIV} at (0,0) size 784x194.53 [border: (2px solid #FF0000)]
        LayoutBlockFlow (anonymous) at (2,2) size 780x20
          LayoutInline {I} at (0,0) size 229x19
            LayoutText {#text} at (0,0) size 93x19
              text run at (0,0) width 93: "Start of a line. "
            LayoutInline {FONT} at (0,0) size 136x19 [color=#FF0000]
              LayoutText {#text} at (93,0) size 136x19
                text run at (93,0) width 136: "More red on this line:"
        LayoutBlockFlow (anonymous) at (2,40.72) size 780x71.91
          LayoutBlockFlow {H3} at (0,0) size 780x23 [color=#FF0000]
            LayoutText {#text} at (0,0) size 211x22
              text run at (0,0) width 211: "Suddenly a block appears!"
          LayoutBlockFlow {H2} at (0,42.91) size 780x29 [color=#FF0000]
            LayoutText {#text} at (0,0) size 193x28
              text run at (0,0) width 193: "And another block!"
        LayoutBlockFlow (anonymous) at (2,132.53) size 780x60
          LayoutInline {I} at (0,0) size 294x39
            LayoutInline {FONT} at (0,0) size 97x39 [color=#FF0000]
              LayoutText {#text} at (0,0) size 97x19
                text run at (0,0) width 97: "Now more text."
              LayoutBR {BR} at (96,15) size 1x0
              LayoutText {#text} at (0,20) size 66x19
                text run at (0,20) width 66: "This is red"
            LayoutText {#text} at (65,20) size 229x19
              text run at (65,20) width 229: " but now only italic on the same line"
          LayoutBR {BR} at (293,35) size 1x0
          LayoutText {#text} at (0,40) size 128x19
            text run at (0,40) width 128: "Plain line at the end."
