layer at (0,0) size 800x600
  LayoutView at (0,0) size 800x600
layer at (0,0) size 800x600
  LayoutBlockFlow {HTML} at (0,0) size 800x600
    LayoutBlockFlow {BODY} at (8,8) size 784x584
      LayoutBlockFlow {DIV} at (0,0) size 784x24 [border: (2px solid #FF0000)]
        LayoutInline {A} at (0,0) size 28x19 [color=#008000]
          LayoutText {#text} at (2,2) size 28x19
            text run at (2,2) width 28: "First"
        LayoutInline {A} at (0,0) size 47x19 [color=#008000]
          LayoutText {#text} at (30,2) size 47x19
            text run at (30,2) width 47: "Second"
        LayoutInline {A} at (0,0) size 35x19 [color=#008000]
          LayoutText {#text} at (77,2) size 35x19
            text run at (77,2) width 35: "Third"
