layer at (0,0) size 800x600
  LayoutView at (0,0) size 800x600
layer at (0,0) size 800x600
  LayoutBlockFlow {HTML} at (0,0) size 800x600
    LayoutBlockFlow {BODY} at (8,8) size 784x584
      LayoutBlockFlow {DIV} at (0,0) size 204x44 [border: (2px solid #FF0000)]
        LayoutText {#text} at (2,2) size 184x39
          text run at (2,2) width 162: "This is some text. What is"
          text run at (2,22) width 184: "going on here. Does it work?"
