layer at (0,0) size 800x600
  LayoutView at (0,0) size 800x600
layer at (0,0) size 800x420
  LayoutBlockFlow {HTML} at (0,0) size 800x420 [color=#FFFFFF]
    LayoutBlockFlow {BODY} at (15,15) size 490x390 [bgcolor=#FFFFFF] [border: (5px solid #000000)]
      LayoutBlockFlow {DL} at (5,5) size 480x10
        LayoutBlockFlow (floating) {DT} at (5,5) size 79.98x310 [bgcolor=#CC0000] [border: (5px solid #000000)]
          LayoutText {#text} at (15,14) size 31x12
            text run at (15,14) width 31: "toggle"
        LayoutBlockFlow (floating) {DD} at (95,5) size 380x310 [border: (10px solid #000000)]
          LayoutBlockFlow {UL} at (20,20) size 340x0
            LayoutBlockFlow (floating) {LI} at (0,0) size 80x120 [color=#000000] [bgcolor=#FFCC00] [border: (5px solid #000000)]
              LayoutText {#text} at (15,14) size 40x12
                text run at (15,14) width 40: "the way"
            LayoutBlockFlow (floating) {LI} at (90,0) size 159.97x110 [bgcolor=#000000]
              LayoutBlockFlow {P} at (10,10) size 139.97x10
                LayoutText {#text} at (0,-1) size 74x12
                  text run at (0,-1) width 74: "the world ends"
              LayoutBlockFlow (anonymous) at (10,20) size 139.97x0
                LayoutInline {FORM} at (0,0) size 0x0
                  LayoutText {#text} at (0,0) size 0x0
              LayoutBlockFlow (anonymous) at (10,20) size 139.97x44
                LayoutBlockFlow {P} at (0,0) size 139.97x22
                  LayoutText {#text} at (0,6) size 28x12
                    text run at (0,6) width 28: "bang "
                  LayoutBlockFlow {INPUT} at (33,3) size 13x13 [color=#000000]
                  LayoutText {#text} at (0,0) size 0x0
                LayoutBlockFlow {P} at (0,22) size 139.97x22
                  LayoutText {#text} at (0,6) size 47x12
                    text run at (0,6) width 47: "whimper "
                  LayoutBlockFlow {INPUT} at (52,3) size 13x13 [color=#000000]
                  LayoutText {#text} at (0,0) size 0x0
              LayoutBlockFlow (anonymous) at (10,64) size 139.97x0
                LayoutInline {FORM} at (0,0) size 0x0
                LayoutText {#text} at (0,0) size 0x0
            LayoutBlockFlow (floating) {LI} at (259.97,0) size 80x120 [color=#000000] [bgcolor=#FFCC00] [border: (5px solid #000000)]
              LayoutText {#text} at (15,14) size 50x12
                text run at (15,14) width 50: "i grow old"
            LayoutBlockFlow (floating) {LI} at (0,130) size 120x120 [bgcolor=#000000]
              LayoutText {#text} at (10,9) size 30x12
                text run at (10,9) width 30: "pluot?"
          LayoutBlockFlow (floating) {BLOCKQUOTE} at (160,150) size 70x140 [color=#000000] [bgcolor=#FFCC00] [border: (10px solid #000000) (15px solid #000000) (20px solid #000000) (5px solid #000000)]
            LayoutBlockFlow {ADDRESS} at (5,20) size 50x20
              LayoutText {#text} at (0,-1) size 34x22
                text run at (0,-1) width 16: "bar"
                text run at (0,9) width 34: "maids,"
          LayoutBlockFlow (floating) {H1} at (240,150) size 120x120 [bgcolor=#000000]
            LayoutText {#text} at (10,9) size 66x22
              text run at (10,9) width 58: "sing to me,"
              text run at (10,19) width 66: "erbarme dich"
      LayoutBlockFlow {P} at (5,320) size 480x65 [color=#000000]
        LayoutText {#text} at (0,0) size 480x38
          text run at (0,0) width 473: "This is a nonsensical document, but syntactically valid HTML 4.0. All 100%-conformant CSS1"
          text run at (0,13) width 480: "agents should be able to render the document elements above this paragraph indistinguishably"
          text run at (0,26) width 122: "(to the pixel) from this "
        LayoutInline {A} at (0,0) size 103x12 [color=#0000EE]
          LayoutText {#text} at (121,26) size 103x12
            text run at (121,26) width 103: "reference rendering,"
        LayoutText {#text} at (223,26) size 474x38
          text run at (223,26) width 5: " "
          text run at (227,26) width 247: "(except font rasterization and form widgets). All"
          text run at (0,39) width 449: "discrepancies should be traceable to CSS1 implementation shortcomings. Once you have"
          text run at (0,52) width 259: "finished evaluating this test, you can return to the "
        LayoutInline {A} at (0,0) size 61x12 [color=#0000EE]
          LayoutText {#text} at (258,52) size 61x12
            text run at (258,52) width 61: "parent page"
        LayoutText {#text} at (318,52) size 5x12
          text run at (318,52) width 5: "."
