layer at (0,0) size 800x600
  LayoutView at (0,0) size 800x600
layer at (0,0) size 800x452
  LayoutBlockFlow {HTML} at (0,0) size 800x451.88
    LayoutBlockFlow {BODY} at (8,21.44) size 784x414.44
      LayoutBlockFlow {H1} at (0,0) size 784x37
        LayoutText {#text} at (0,0) size 457x36
          text run at (0,0) width 457: "Minimum and Maximum Widths"
      LayoutBlockFlow {DIV} at (0,58.44) size 784x26 [border: (3px solid #800080)]
        LayoutText {#text} at (3,3) size 32x19
          text run at (3,3) width 32: "This "
        LayoutInline {CODE} at (0,0) size 24x16
          LayoutText {#text} at (35,6) size 24x16
            text run at (35,6) width 24: "div"
        LayoutText {#text} at (59,3) size 408x19
          text run at (59,3) width 408: " should have a medium solid purple border, as should all the rest."
      LayoutBlockFlow {DIV} at (0,84.44) size 319.59x66 [border: (3px solid #800080)]
        LayoutText {#text} at (3,3) size 32x19
          text run at (3,3) width 32: "This "
        LayoutInline {CODE} at (0,0) size 24x16
          LayoutText {#text} at (35,6) size 24x16
            text run at (35,6) width 24: "div"
        LayoutText {#text} at (59,3) size 298x39
          text run at (59,3) width 189: " should have a width of 40%. "
          text run at (248,3) width 53: "This is a"
          text run at (3,23) width 62: "reference "
        LayoutInline {CODE} at (0,0) size 24x16
          LayoutText {#text} at (65,26) size 24x16
            text run at (65,26) width 24: "div"
        LayoutText {#text} at (89,23) size 180x19
          text run at (89,23) width 180: " and should work as long as "
        LayoutInline {CODE} at (0,0) size 40x16
          LayoutText {#text} at (269,26) size 40x16
            text run at (269,26) width 40: "width"
        LayoutText {#text} at (3,43) size 43x19
          text run at (3,43) width 43: "works."
      LayoutBlockFlow {DIV} at (0,150.44) size 319.59x26 [border: (3px solid #800080)]
        LayoutText {#text} at (3,3) size 32x19
          text run at (3,3) width 32: "This "
        LayoutInline {CODE} at (0,0) size 24x16
          LayoutText {#text} at (35,6) size 24x16
            text run at (35,6) width 24: "div"
        LayoutText {#text} at (59,3) size 185x19
          text run at (59,3) width 185: " should have a width of 40%."
      LayoutBlockFlow {DIV} at (0,176.44) size 319.59x26 [border: (3px solid #800080)]
        LayoutText {#text} at (3,3) size 32x19
          text run at (3,3) width 32: "This "
        LayoutInline {CODE} at (0,0) size 24x16
          LayoutText {#text} at (35,6) size 24x16
            text run at (35,6) width 24: "div"
        LayoutText {#text} at (59,3) size 185x19
          text run at (59,3) width 185: " should have a width of 40%."
      LayoutBlockFlow {DIV} at (0,202.44) size 319.59x26 [border: (3px solid #800080)]
        LayoutText {#text} at (3,3) size 32x19
          text run at (3,3) width 32: "This "
        LayoutInline {CODE} at (0,0) size 24x16
          LayoutText {#text} at (35,6) size 24x16
            text run at (35,6) width 24: "div"
        LayoutText {#text} at (59,3) size 185x19
          text run at (59,3) width 185: " should have a width of 40%."
      LayoutBlockFlow {DIV} at (0,228.44) size 319.59x26 [border: (3px solid #800080)]
        LayoutText {#text} at (3,3) size 32x19
          text run at (3,3) width 32: "This "
        LayoutInline {CODE} at (0,0) size 24x16
          LayoutText {#text} at (35,6) size 24x16
            text run at (35,6) width 24: "div"
        LayoutText {#text} at (59,3) size 185x19
          text run at (59,3) width 185: " should have a width of 40%."
      LayoutBlockFlow {DIV} at (0,254.44) size 319.59x26 [border: (3px solid #800080)]
        LayoutText {#text} at (3,3) size 32x19
          text run at (3,3) width 32: "This "
        LayoutInline {CODE} at (0,0) size 24x16
          LayoutText {#text} at (35,6) size 24x16
            text run at (35,6) width 24: "div"
        LayoutText {#text} at (59,3) size 185x19
          text run at (59,3) width 185: " should have a width of 40%."
      LayoutBlockFlow {DIV} at (0,280.44) size 319.59x26 [border: (3px solid #800080)]
        LayoutText {#text} at (3,3) size 32x19
          text run at (3,3) width 32: "This "
        LayoutInline {CODE} at (0,0) size 24x16
          LayoutText {#text} at (35,6) size 24x16
            text run at (35,6) width 24: "div"
        LayoutText {#text} at (59,3) size 185x19
          text run at (59,3) width 185: " should have a width of 40%."
      LayoutBlockFlow {DIV} at (0,306.44) size 319.59x26 [border: (3px solid #800080)]
        LayoutText {#text} at (3,3) size 32x19
          text run at (3,3) width 32: "This "
        LayoutInline {CODE} at (0,0) size 24x16
          LayoutText {#text} at (35,6) size 24x16
            text run at (35,6) width 24: "div"
        LayoutText {#text} at (59,3) size 185x19
          text run at (59,3) width 185: " should have a width of 40%."
      LayoutBlockFlow {DIV} at (0,332.44) size 319.59x26 [border: (3px solid #800080)]
        LayoutText {#text} at (3,3) size 32x19
          text run at (3,3) width 32: "This "
        LayoutInline {CODE} at (0,0) size 24x16
          LayoutText {#text} at (35,6) size 24x16
            text run at (35,6) width 24: "div"
        LayoutText {#text} at (59,3) size 185x19
          text run at (59,3) width 185: " should have a width of 40%."
      LayoutBlockFlow {P} at (0,374.44) size 784x40
        LayoutText {#text} at (0,0) size 200x19
          text run at (0,0) width 200: "If the browser does not support "
        LayoutInline {CODE} at (0,0) size 72x16
          LayoutText {#text} at (200,3) size 72x16
            text run at (200,3) width 72: "min-width"
        LayoutText {#text} at (272,0) size 31x19
          text run at (272,0) width 31: " and "
        LayoutInline {CODE} at (0,0) size 72x16
          LayoutText {#text} at (303,3) size 72x16
            text run at (303,3) width 72: "max-width"
        LayoutText {#text} at (375,0) size 173x19
          text run at (375,0) width 173: ", then the widths should be "
        LayoutInline {CODE} at (0,0) size 32x16
          LayoutText {#text} at (548,3) size 32x16
            text run at (548,3) width 32: "auto"
        LayoutText {#text} at (580,0) size 8x19
          text run at (580,0) width 8: ", "
        LayoutInline {CODE} at (0,0) size 24x16
          LayoutText {#text} at (588,3) size 24x16
            text run at (588,3) width 24: "40%"
        LayoutText {#text} at (612,0) size 8x19
          text run at (612,0) width 8: ", "
        LayoutInline {CODE} at (0,0) size 24x16
          LayoutText {#text} at (620,3) size 24x16
            text run at (620,3) width 24: "30%"
        LayoutText {#text} at (644,0) size 8x19
          text run at (644,0) width 8: ", "
        LayoutInline {CODE} at (0,0) size 24x16
          LayoutText {#text} at (652,3) size 24x16
            text run at (652,3) width 24: "50%"
        LayoutText {#text} at (676,0) size 8x19
          text run at (676,0) width 8: ", "
        LayoutInline {CODE} at (0,0) size 24x16
          LayoutText {#text} at (684,3) size 24x16
            text run at (684,3) width 24: "50%"
        LayoutText {#text} at (708,0) size 8x19
          text run at (708,0) width 8: ", "
        LayoutInline {CODE} at (0,0) size 24x16
          LayoutText {#text} at (716,3) size 24x16
            text run at (716,3) width 24: "40%"
        LayoutText {#text} at (740,0) size 8x19
          text run at (740,0) width 8: ", "
        LayoutInline {CODE} at (0,0) size 24x16
          LayoutText {#text} at (748,3) size 24x16
            text run at (748,3) width 24: "30%"
        LayoutText {#text} at (772,0) size 4x19
          text run at (772,0) width 4: ","
        LayoutInline {CODE} at (0,0) size 24x16
          LayoutText {#text} at (0,23) size 24x16
            text run at (0,23) width 24: "40%"
        LayoutText {#text} at (24,20) size 8x19
          text run at (24,20) width 8: ", "
        LayoutInline {CODE} at (0,0) size 32x16
          LayoutText {#text} at (32,23) size 32x16
            text run at (32,23) width 32: "auto"
        LayoutText {#text} at (64,20) size 192x19
          text run at (64,20) width 192: " (with 70% margin-right), and "
        LayoutInline {CODE} at (0,0) size 33x16
          LayoutText {#text} at (255,23) size 33x16
            text run at (255,23) width 33: "auto"
        LayoutText {#text} at (287,20) size 5x19
          text run at (287,20) width 5: "."
