layer at (0,0) size 800x600
  LayoutView at (0,0) size 800x600
layer at (0,0) size 800x600
  LayoutBlockFlow {HTML} at (0,0) size 800x600
    LayoutBlockFlow {BODY} at (8,8) size 784x576
      LayoutBlockFlow {DIV} at (0,0) size 784x56
        LayoutBlockFlow (anonymous) at (0,0) size 784x20
          LayoutText {#text} at (0,0) size 12x19
            text run at (0,0) width 12: "A"
          LayoutText {#text} at (12,0) size 11x19
            text run at (12,0) width 11: "C"
        LayoutBlockFlow {P} at (0,36) size 784x0
        LayoutBlockFlow {DIV} at (0,36) size 784x20
          LayoutBlockFlow (anonymous) at (0,0) size 784x20
            LayoutText {#text} at (100,0) size 16x19
              text run at (100,0) width 16: "A "
            LayoutBlockFlow (floating) {SPAN} at (0,0) size 100x100 [bgcolor=#008000]
            LayoutText {#text} at (116,0) size 11x19
              text run at (116,0) width 11: "B"
          LayoutBlockFlow {P} at (0,36) size 784x0
hidden layer at (20,8) size 11x20
  LayoutBlockFlow (positioned) {SPAN} at (20,8) size 11x20
    LayoutText {#text} at (0,0) size 11x19
      text run at (0,0) width 11: "B"
