layer at (0,0) size 800x600
  LayoutView at (0,0) size 800x600
layer at (0,0) size 800x600
  LayoutBlockFlow {HTML} at (0,0) size 800x600
    LayoutBlockFlow {BODY} at (8,8) size 784x584
      LayoutBlockFlow {P} at (0,0) size 784x40
        LayoutText {#text} at (0,0) size 104x19
          text run at (0,0) width 104: "This is a test for "
        LayoutInline {I} at (0,0) size 772x39
          LayoutInline {A} at (0,0) size 307x19 [color=#0000EE]
            LayoutText {#text} at (104,0) size 307x19
              text run at (104,0) width 307: "https://bugs.webkit.org/show_bug.cgi?id=18809"
          LayoutText {#text} at (410,0) size 772x39
            text run at (410,0) width 5: " "
            text run at (414,0) width 358: "Forms with block level generated content and absolutely"
            text run at (0,20) width 335: "positioned labels break inline layout (fixed on reflow)"
        LayoutText {#text} at (334,20) size 5x19
          text run at (334,20) width 5: "."
      LayoutBlockFlow {DIV} at (0,56) size 784x40
        LayoutBlockFlow (anonymous) at (0,0) size 784x20
          LayoutText {#text} at (0,0) size 97x19
            text run at (0,0) width 97: "This should be "
          LayoutText {#text} at (97,0) size 79x19
            text run at (97,0) width 79: "a single line."
        LayoutBlockFlow {<pseudo:after>} at (0,20) size 784x20
          LayoutTextFragment (anonymous) at (0,0) size 195x19
            text run at (0,0) width 195: "This should be the second line."
      LayoutBlockFlow {DIV} at (0,96) size 784x20
        LayoutBlockFlow {DIV} at (0,0) size 784x0
        LayoutBlockFlow (anonymous) at (0,0) size 784x20
          LayoutText {#text} at (0,0) size 97x19
            text run at (0,0) width 97: "This should be "
          LayoutText {#text} at (97,0) size 79x19
            text run at (97,0) width 79: "a single line."
      LayoutBlockFlow {DIV} at (0,116) size 784x20
        LayoutBlockFlow {DIV} at (0,0) size 784x0
        LayoutBlockFlow (anonymous) at (0,0) size 784x20
          LayoutText {#text} at (97,0) size 79x19
            text run at (97,0) width 79: "a single line."
          LayoutBlockFlow (floating) {SPAN} at (0,0) size 97x20
            LayoutText {#text} at (0,0) size 97x19
              text run at (0,0) width 97: "This should be "
layer at (105,64) size 0x0
  LayoutBlockFlow (positioned) {SPAN} at (105,64) size 0x0
layer at (105,104) size 0x0
  LayoutBlockFlow (positioned) {SPAN} at (105,104) size 0x0
