layer at (0,0) size 800x600
  LayoutView at (0,0) size 800x600
layer at (0,0) size 800x600
  LayoutBlockFlow {HTML} at (0,0) size 800x600
    LayoutBlockFlow {BODY} at (8,8) size 784x576
      LayoutBlockFlow {P} at (0,0) size 784x40
        LayoutText {#text} at (0,0) size 253x19
          text run at (0,0) width 253: "This test checks for a regression against "
        LayoutInline {I} at (0,0) size 757x39
          LayoutInline {A} at (0,0) size 348x19 [color=#0000EE]
            LayoutText {#text} at (253,0) size 348x19
              text run at (253,0) width 348: "http://bugzilla.opendarwin.org/show_bug.cgi?id=6214"
          LayoutText {#text} at (600,0) size 757x39
            text run at (600,0) width 157: " text-indent in RTL block"
            text run at (0,20) width 109: "does the opposite"
        LayoutText {#text} at (109,20) size 4x19
          text run at (109,20) width 4: "."
      LayoutBlockFlow {HR} at (0,56) size 784x2 [border: (1px inset #EEEEEE)]
      LayoutBlockFlow {P} at (0,74) size 784x40 [bgcolor=#00FFFF]
        LayoutText {#text} at (41,0) size 743x39
          text run at (41,0) width 693: "The first line of this sententce should be indented 50 pixels to the left, but the rest of it should be flush with the"
          text run at (581,20) width 5 RTL: "."
          text run at (585,20) width 199: "normal right margin of the page"
