layer at (0,0) size 800x600 scrollX 210.00 scrollWidth 1010
  LayoutView at (0,0) size 800x600
layer at (0,0) size 800x242
  LayoutBlockFlow {HTML} at (0,0) size 800x242
    LayoutBlockFlow {BODY} at (8,16) size 784x218
      LayoutBlockFlow {P} at (0,0) size 784x60
        LayoutText {#text} at (0,0) size 253x19
          text run at (0,0) width 253: "This test checks for a regression against "
        LayoutInline {I} at (0,0) size 724x39
          LayoutInline {A} at (0,0) size 306x19 [color=#0000EE]
            LayoutText {#text} at (253,0) size 306x19
              text run at (253,0) width 306: "https://bugs.webkit.org/show_bug.cgi?id=24118"
          LayoutText {#text} at (558,0) size 724x39
            text run at (558,0) width 166: " RTL: Truncation behaves"
            text run at (0,20) width 183: "differently than IE/FF/Opera"
        LayoutText {#text} at (182,20) size 5x19
          text run at (182,20) width 5: "."
        LayoutBR {BR} at (186,20) size 1x19
        LayoutText {#text} at (0,40) size 415x19
          text run at (0,40) width 415: "This test passes if the red block below is truncated on the left side."
      LayoutBlockFlow {DIV} at (-218,76) size 1002x142 [border: (1px solid #FF0000)]
        LayoutText {#text} at (12,1) size 998x139
          text run at (12,1) width 989: "Lorem ipsum dolor sit amet, consectetur adipiscing elit. Nunc et nisl tellus. Vivamus aliquam elit non arcu scelerisque eget dapibus nunc vulputate. Maecenas"
          text run at (23,21) width 978: "scelerisque egestas purus, id bibendum magna venenatis vel. Vestibulum bibendum volutpat aliquam. Cum sociis natoque penatibus et magnis dis parturient"
          text run at (3,41) width 998: "montes, nascetur ridiculus mus. Vestibulum eget risus sodales mi tristique dignissim et sed lectus. Cras convallis, nibh ut dapibus gravida, enim mauris molestie"
          text run at (32,61) width 969: "elit, eget fringilla augue est nec est. Curabitur eu quam non purus sodales pulvinar. Donec ultrices dui eget dolor lobortis in porta quam rutrum. Nulla risus"
          text run at (7,81) width 994: "lacus, adipiscing quis ullamcorper vestibulum, condimentum sed lacus. Sed in nunc dolor, quis egestas turpis. Integer arcu tellus, posuere sit amet pellentesque"
          text run at (51,101) width 950: "a, molestie at mi. Nulla blandit, mi et euismod imperdiet, augue arcu ornare felis, nec viverra lacus ligula ut metus. Proin ut leo ante, at consectetur sem."
          text run at (617,121) width 4 RTL: "."
          text run at (621,121) width 380: "Nullam non nunc ligula. Proin sed ante sem, id rutrum purus"
