layer at (0,0) size 800x600
  LayoutView at (0,0) size 800x600
layer at (0,0) size 800x600
  LayoutBlockFlow {HTML} at (0,0) size 800x600
    LayoutBlockFlow {BODY} at (8,8) size 784x584
      LayoutBlockFlow {DIV} at (0,0) size 784x76
        LayoutBlockFlow {P} at (0,0) size 784x40
          LayoutText {#text} at (0,0) size 52x19
            text run at (0,0) width 52: "Test for "
          LayoutInline {A} at (0,0) size 129x19 [color=#0000EE]
            LayoutText {#text} at (51,0) size 129x19
              text run at (51,0) width 129: "Bugzilla Bug 12423"
          LayoutText {#text} at (179,0) size 754x39
            text run at (179,0) width 575: ": Mixing white-space:pre text with non white-space:pre text within a text-align:justify block"
            text run at (0,20) width 139: "causes text to overlap."
        LayoutBlockFlow {P} at (0,56) size 784x20
          LayoutText {#text} at (0,0) size 347x19
            text run at (0,0) width 347: "Test passes if text wraps within all of the yellow boxes."
      LayoutBlockFlow {DIV} at (0,92) size 350x40 [bgcolor=#FFFF00]
        LayoutText {#text} at (0,0) size 323x19
          text run at (0,0) width 323: "Typical for type are type=\"text/css\" for <style> and"
        LayoutInline {SPAN} at (0,0) size 137x19
          LayoutText {#text} at (0,20) size 137x19
            text run at (0,20) width 137: "type=\"text/javascript\""
        LayoutText {#text} at (137,20) size 82x19
          text run at (137,20) width 82: " for <script>."
      LayoutBlockFlow {DIV} at (0,132) size 350x40 [bgcolor=#FFFF00]
        LayoutText {#text} at (0,0) size 296x39
          text run at (0,0) width 296: "Typical for type are type=\"text/css\" for <style>"
          text run at (0,20) width 23: "and"
        LayoutInline {SPAN} at (0,0) size 137x19
          LayoutText {#text} at (23,20) size 137x19
            text run at (23,20) width 137: "type=\"text/javascript\""
        LayoutText {#text} at (160,20) size 82x19
          text run at (160,20) width 82: " for <script>."
      LayoutBlockFlow {DIV} at (0,172) size 350x40 [bgcolor=#FFFF00]
        LayoutText {#text} at (0,0) size 296x19
          text run at (0,0) width 296: "Typical for type are type=\"text/css\" for <style>"
        LayoutInline {SPAN} at (0,0) size 23x19
          LayoutText {#text} at (0,20) size 23x19
            text run at (0,20) width 23: "and"
        LayoutInline {SPAN} at (0,0) size 137x19
          LayoutText {#text} at (23,20) size 137x19
            text run at (23,20) width 137: "type=\"text/javascript\""
        LayoutText {#text} at (160,20) size 82x19
          text run at (160,20) width 82: " for <script>."
      LayoutBlockFlow {DIV} at (0,212) size 350x40 [bgcolor=#FFFF00]
        LayoutText {#text} at (0,0) size 245x39
          text run at (0,0) width 245: "Typical for type are type=\"text/css\" for"
          text run at (0,20) width 47: "<style>"
        LayoutInline {SPAN} at (0,0) size 23x19
          LayoutText {#text} at (47,20) size 23x19
            text run at (47,20) width 23: "and"
        LayoutInline {SPAN} at (0,0) size 137x19
          LayoutText {#text} at (70,20) size 137x19
            text run at (70,20) width 137: "type=\"text/javascript\""
        LayoutText {#text} at (207,20) size 82x19
          text run at (207,20) width 82: " for <script>."
      LayoutBlockFlow {DIV} at (0,252) size 350x40 [bgcolor=#FFFF00]
        LayoutText {#text} at (0,0) size 245x19
          text run at (0,0) width 245: "Typical for type are type=\"text/css\" for"
        LayoutInline {SPAN} at (0,0) size 47x19
          LayoutText {#text} at (0,20) size 47x19
            text run at (0,20) width 47: "<style>"
        LayoutInline {SPAN} at (0,0) size 23x19
          LayoutText {#text} at (47,20) size 23x19
            text run at (47,20) width 23: "and"
        LayoutInline {SPAN} at (0,0) size 137x19
          LayoutText {#text} at (70,20) size 137x19
            text run at (70,20) width 137: "type=\"text/javascript\""
        LayoutText {#text} at (207,20) size 82x19
          text run at (207,20) width 82: " for <script>."
