layer at (0,0) size 800x600 clip at (0,0) size 785x600 scrollHeight 903
  LayoutView at (0,0) size 800x600
layer at (0,0) size 785x903 backgroundClip at (0,0) size 785x600 clip at (0,0) size 785x600
  LayoutBlockFlow {HTML} at (0,0) size 785x903
    LayoutBlockFlow {BODY} at (8,8) size 769x887 [bgcolor=#CCCCCC]
      LayoutBlockFlow {P} at (0,0) size 769x18
        LayoutText {#text} at (0,0) size 363x18
          text run at (0,0) width 363: "The style declarations which apply to the text below are:"
      LayoutBlockFlow {PRE} at (0,34) size 769x90
        LayoutText {#text} at (0,0) size 398x90
          text run at (0,0) width 391: ".zero {background-color: silver; border-width: 0;}"
          text run at (390,0) width 1: " "
          text run at (0,15) width 367: ".one {border-width: 50px; border-style: solid;}"
          text run at (366,15) width 1: " "
          text run at (0,30) width 375: ".two {border-width: thick; border-style: solid;}"
          text run at (374,30) width 1: " "
          text run at (0,45) width 398: ".three {border-width: medium; border-style: solid;}"
          text run at (397,45) width 1: " "
          text run at (0,60) width 375: ".four {border-width: thin; border-style: solid;}"
          text run at (374,60) width 1: " "
          text run at (0,75) width 211: ".five {border-width: 25px;}"
          text run at (210,75) width 1: " "
      LayoutBlockFlow {P} at (0,155) size 769x18
        LayoutText {#text} at (0,0) size 160x18
          text run at (0,0) width 160: "(These will only work if "
        LayoutInline {CODE} at (0,0) size 95x15
          LayoutText {#text} at (159,2) size 95x15
            text run at (159,2) width 95: "border-style"
        LayoutText {#text} at (253,0) size 92x18
          text run at (253,0) width 92: " is supported.)"
      LayoutBlockFlow {P} at (0,189) size 769x18 [bgcolor=#C0C0C0]
        LayoutText {#text} at (0,0) size 208x18
          text run at (0,0) width 208: "This element has a class of zero."
      LayoutBlockFlow {P} at (0,223) size 769x118 [border: (50px solid #000000)]
        LayoutText {#text} at (50,50) size 402x18
          text run at (50,50) width 402: "This element should have an overall border width of 50 pixels."
      LayoutBlockFlow {P} at (0,357) size 769x28 [border: (5px solid #000000)]
        LayoutText {#text} at (5,5) size 350x18
          text run at (5,5) width 350: "This element should have a thick overall border width."
      LayoutBlockFlow {P} at (0,401) size 769x24 [border: (3px solid #000000)]
        LayoutText {#text} at (3,3) size 371x18
          text run at (3,3) width 371: "This element should have a medium overall border width."
      LayoutBlockFlow {P} at (0,441) size 769x20 [border: (1px solid #000000)]
        LayoutText {#text} at (1,1) size 343x18
          text run at (1,1) width 343: "This element should have a thin overall border width."
      LayoutBlockFlow {P} at (0,477) size 769x18
        LayoutText {#text} at (0,0) size 504x18
          text run at (0,0) width 504: "This element should have no border and no extra \"padding\" on any side, as no "
        LayoutInline {CODE} at (0,0) size 95x15
          LayoutText {#text} at (503,2) size 95x15
            text run at (503,2) width 95: "border-style"
        LayoutText {#text} at (597,0) size 55x18
          text run at (597,0) width 55: " was set."
      LayoutTable {TABLE} at (0,511) size 674x376 [border: (1px outset #808080)]
        LayoutTableSection {TBODY} at (1,1) size 672x374
          LayoutTableRow {TR} at (0,0) size 672x26
            LayoutTableCell {TD} at (0,0) size 672x26 [bgcolor=#C0C0C0] [border: (1px inset #808080)] [r=0 c=0 rs=1 cs=2]
              LayoutInline {STRONG} at (0,0) size 161x18
                LayoutText {#text} at (4,4) size 161x18
                  text run at (4,4) width 161: "TABLE Testing Section"
          LayoutTableRow {TR} at (0,26) size 672x348
            LayoutTableCell {TD} at (0,187) size 12x26 [bgcolor=#C0C0C0] [border: (1px inset #808080)] [r=1 c=0 rs=1 cs=1]
              LayoutText {#text} at (4,4) size 4x18
                text run at (4,4) width 4: " "
            LayoutTableCell {TD} at (12,26) size 660x348 [border: (1px inset #808080)] [r=1 c=1 rs=1 cs=1]
              LayoutBlockFlow {P} at (4,4) size 652x18
                LayoutText {#text} at (0,0) size 160x18
                  text run at (0,0) width 160: "(These will only work if "
                LayoutInline {CODE} at (0,0) size 95x15
                  LayoutText {#text} at (159,2) size 95x15
                    text run at (159,2) width 95: "border-style"
                LayoutText {#text} at (253,0) size 92x18
                  text run at (253,0) width 92: " is supported.)"
              LayoutBlockFlow {P} at (4,38) size 652x18 [bgcolor=#C0C0C0]
                LayoutText {#text} at (0,0) size 208x18
                  text run at (0,0) width 208: "This element has a class of zero."
              LayoutBlockFlow {P} at (4,72) size 652x118 [border: (50px solid #000000)]
                LayoutText {#text} at (50,50) size 402x18
                  text run at (50,50) width 402: "This element should have an overall border width of 50 pixels."
              LayoutBlockFlow {P} at (4,206) size 652x28 [border: (5px solid #000000)]
                LayoutText {#text} at (5,5) size 350x18
                  text run at (5,5) width 350: "This element should have a thick overall border width."
              LayoutBlockFlow {P} at (4,250) size 652x24 [border: (3px solid #000000)]
                LayoutText {#text} at (3,3) size 371x18
                  text run at (3,3) width 371: "This element should have a medium overall border width."
              LayoutBlockFlow {P} at (4,290) size 652x20 [border: (1px solid #000000)]
                LayoutText {#text} at (1,1) size 343x18
                  text run at (1,1) width 343: "This element should have a thin overall border width."
              LayoutBlockFlow {P} at (4,326) size 652x18
                LayoutText {#text} at (0,0) size 504x18
                  text run at (0,0) width 504: "This element should have no border and no extra \"padding\" on any side, as no "
                LayoutInline {CODE} at (0,0) size 95x15
                  LayoutText {#text} at (503,2) size 95x15
                    text run at (503,2) width 95: "border-style"
                LayoutText {#text} at (597,0) size 55x18
                  text run at (597,0) width 55: " was set."
layer at (8,145) size 769x2 clip at (0,0) size 0x0
  LayoutBlockFlow {HR} at (0,137) size 769x2 [border: (1px inset #EEEEEE)]
