layer at (0,0) size 800x600
  LayoutView at (0,0) size 800x600
layer at (0,0) size 800x600
  LayoutBlockFlow {HTML} at (0,0) size 800x600
    LayoutBlockFlow {BODY} at (8,8) size 784x584 [bgcolor=#CCCCCC]
      LayoutBlockFlow {P} at (0,0) size 784x18
        LayoutText {#text} at (0,0) size 363x18
          text run at (0,0) width 363: "The style declarations which apply to the text below are:"
      LayoutBlockFlow {PRE} at (0,34) size 784x45
        LayoutText {#text} at (0,0) size 297x45
          text run at (0,0) width 297: ".one {border-top: purple double 10px;}"
          text run at (296,0) width 1: " "
          text run at (0,15) width 289: ".two {border-top: purple thin solid;}"
          text run at (288,15) width 1: " "
          text run at (0,30) width 0: " "
      LayoutBlockFlow {P} at (0,110) size 784x54 [bgcolor=#C0C0C0]
        LayoutText {#text} at (0,0) size 680x18
          text run at (0,0) width 680: "This is an unstyled element, save for the background color, and containing inline elements with classes of "
        LayoutInline {SPAN} at (0,0) size 59x28 [border: (10px double #800080) none]
          LayoutText {#text} at (679,0) size 59x18
            text run at (679,0) width 59: "class one"
        LayoutText {#text} at (737,0) size 742x36
          text run at (737,0) width 5: ","
          text run at (0,18) width 387: "which should have a 10-pixel purple double top border; and "
        LayoutInline {SPAN} at (0,0) size 60x19 [border: (1px solid #800080) none]
          LayoutText {#text} at (386,18) size 60x18
            text run at (386,18) width 60: "class two"
        LayoutText {#text} at (445,18) size 767x36
          text run at (445,18) width 322: ", which should have a thin solid purple top border."
          text run at (0,36) width 438: "The line-height of the parent element should not change on any line."
      LayoutTable {TABLE} at (0,180) size 784x90 [border: (1px outset #808080)]
        LayoutTableSection {TBODY} at (1,1) size 782x88
          LayoutTableRow {TR} at (0,0) size 782x26
            LayoutTableCell {TD} at (0,0) size 782x26 [bgcolor=#C0C0C0] [border: (1px inset #808080)] [r=0 c=0 rs=1 cs=2]
              LayoutInline {STRONG} at (0,0) size 161x18
                LayoutText {#text} at (4,4) size 161x18
                  text run at (4,4) width 161: "TABLE Testing Section"
          LayoutTableRow {TR} at (0,26) size 782x62
            LayoutTableCell {TD} at (0,44) size 12x26 [bgcolor=#C0C0C0] [border: (1px inset #808080)] [r=1 c=0 rs=1 cs=1]
              LayoutText {#text} at (4,4) size 4x18
                text run at (4,4) width 4: " "
            LayoutTableCell {TD} at (12,26) size 770x62 [border: (1px inset #808080)] [r=1 c=1 rs=1 cs=1]
              LayoutBlockFlow {P} at (4,4) size 762x54 [bgcolor=#C0C0C0]
                LayoutText {#text} at (0,0) size 680x18
                  text run at (0,0) width 680: "This is an unstyled element, save for the background color, and containing inline elements with classes of "
                LayoutInline {SPAN} at (0,0) size 59x28 [border: (10px double #800080) none]
                  LayoutText {#text} at (679,0) size 59x18
                    text run at (679,0) width 59: "class one"
                LayoutText {#text} at (737,0) size 742x36
                  text run at (737,0) width 5: ","
                  text run at (0,18) width 387: "which should have a 10-pixel purple double top border; and "
                LayoutInline {SPAN} at (0,0) size 60x19 [border: (1px solid #800080) none]
                  LayoutText {#text} at (386,18) size 60x18
                    text run at (386,18) width 60: "class two"
                LayoutText {#text} at (445,18) size 719x36
                  text run at (445,18) width 274: ", which should have a thin solid purple top"
                  text run at (0,36) width 49: "border. "
                  text run at (48,36) width 439: "The line-height of the parent element should not change on any line."
layer at (8,100) size 784x2 clip at (0,0) size 0x0
  LayoutBlockFlow {HR} at (0,92) size 784x2 [border: (1px inset #EEEEEE)]
