layer at (0,0) size 800x600
  LayoutView at (0,0) size 800x600
layer at (0,0) size 800x600
  LayoutBlockFlow {HTML} at (0,0) size 800x600
    LayoutBlockFlow {BODY} at (8,8) size 784x584 [bgcolor=#CCCCCC]
      LayoutBlockFlow {P} at (0,0) size 784x18
        LayoutText {#text} at (0,0) size 363x18
          text run at (0,0) width 363: "The style declarations which apply to the text below are:"
      LayoutBlockFlow {PRE} at (0,34) size 784x45
        LayoutText {#text} at (0,0) size 398x45
          text run at (0,0) width 398: ".one {border-top-width: 25px; border-style: solid;}"
          text run at (397,0) width 1: " "
          text run at (0,15) width 398: ".two {border-top-width: thin; border-style: solid;}"
          text run at (397,15) width 1: " "
          text run at (0,30) width 250: ".three {border-top-width: 25px;}"
          text run at (249,30) width 1: " "
      LayoutBlockFlow {P} at (0,110) size 784x100 [border: (25px solid #000000) (3px solid #000000)]
        LayoutText {#text} at (3,25) size 176x18
          text run at (3,25) width 176: "This element has a class of "
        LayoutInline {TT} at (0,0) size 25x15
          LayoutText {#text} at (178,27) size 25x15
            text run at (178,27) width 25: "one"
        LayoutText {#text} at (202,25) size 164x18
          text run at (202,25) width 9: ". "
          text run at (210,25) width 156: "However, it contains an "
        LayoutInline {SPAN} at (0,0) size 178x22 [border: (1px solid #000000) (3px solid #000000)]
          LayoutText {#text} at (368,25) size 149x18
            text run at (368,25) width 149: "inline element of class "
          LayoutInline {TT} at (0,0) size 24x15
            LayoutText {#text} at (516,27) size 24x15
              text run at (516,27) width 24: "two"
        LayoutText {#text} at (542,25) size 765x54
          text run at (542,25) width 226: ", which should result in a thin solid"
          text run at (3,43) width 706: "border on the top side of each box in the inline element (and the UA's default border on the other three sides). "
          text run at (708,43) width 53: "There is"
          text run at (3,61) width 49: "also an "
        LayoutInline {SPAN} at (0,0) size 188x18
          LayoutText {#text} at (51,61) size 149x18
            text run at (51,61) width 149: "inline element of class "
          LayoutInline {TT} at (0,0) size 40x15
            LayoutText {#text} at (199,63) size 40x15
              text run at (199,63) width 40: "three"
        LayoutText {#text} at (238,61) size 759x36
          text run at (238,61) width 524: ", which should have no top border width or visible border because no border style"
          text run at (3,79) width 51: "was set."
      LayoutTable {TABLE} at (0,226) size 784x136 [border: (1px outset #808080)]
        LayoutTableSection {TBODY} at (1,1) size 782x134
          LayoutTableRow {TR} at (0,0) size 782x26
            LayoutTableCell {TD} at (0,0) size 782x26 [bgcolor=#C0C0C0] [border: (1px inset #808080)] [r=0 c=0 rs=1 cs=2]
              LayoutInline {STRONG} at (0,0) size 161x18
                LayoutText {#text} at (4,4) size 161x18
                  text run at (4,4) width 161: "TABLE Testing Section"
          LayoutTableRow {TR} at (0,26) size 782x108
            LayoutTableCell {TD} at (0,67) size 12x26 [bgcolor=#C0C0C0] [border: (1px inset #808080)] [r=1 c=0 rs=1 cs=1]
              LayoutText {#text} at (4,4) size 4x18
                text run at (4,4) width 4: " "
            LayoutTableCell {TD} at (12,26) size 770x108 [border: (1px inset #808080)] [r=1 c=1 rs=1 cs=1]
              LayoutBlockFlow {P} at (4,4) size 762x100 [border: (25px solid #000000) (3px solid #000000)]
                LayoutText {#text} at (3,25) size 176x18
                  text run at (3,25) width 176: "This element has a class of "
                LayoutInline {TT} at (0,0) size 25x15
                  LayoutText {#text} at (178,27) size 25x15
                    text run at (178,27) width 25: "one"
                LayoutText {#text} at (202,25) size 164x18
                  text run at (202,25) width 9: ". "
                  text run at (210,25) width 156: "However, it contains an "
                LayoutInline {SPAN} at (0,0) size 178x22 [border: (1px solid #000000) (3px solid #000000)]
                  LayoutText {#text} at (368,25) size 149x18
                    text run at (368,25) width 149: "inline element of class "
                  LayoutInline {TT} at (0,0) size 24x15
                    LayoutText {#text} at (516,27) size 24x15
                      text run at (516,27) width 24: "two"
                LayoutText {#text} at (542,25) size 737x54
                  text run at (542,25) width 191: ", which should result in a thin"
                  text run at (3,43) width 737: "solid border on the top side of each box in the inline element (and the UA's default border on the other three sides)."
                  text run at (3,61) width 105: "There is also an "
                LayoutInline {SPAN} at (0,0) size 188x18
                  LayoutText {#text} at (107,61) size 149x18
                    text run at (107,61) width 149: "inline element of class "
                  LayoutInline {TT} at (0,0) size 40x15
                    LayoutText {#text} at (255,63) size 40x15
                      text run at (255,63) width 40: "three"
                LayoutText {#text} at (294,61) size 735x36
                  text run at (294,61) width 444: ", which should have no top border width or visible border because no"
                  text run at (3,79) width 131: "border style was set."
layer at (8,100) size 784x2 clip at (0,0) size 0x0
  LayoutBlockFlow {HR} at (0,92) size 784x2 [border: (1px inset #EEEEEE)]
