layer at (0,0) size 800x600
  LayoutView at (0,0) size 800x600
layer at (0,0) size 800x600
  LayoutBlockFlow {HTML} at (0,0) size 800x600
    LayoutBlockFlow {BODY} at (8,8) size 784x584 [bgcolor=#CCCCCC]
      LayoutBlockFlow {P} at (0,0) size 784x18
        LayoutText {#text} at (0,0) size 363x18
          text run at (0,0) width 363: "The style declarations which apply to the text below are:"
      LayoutBlockFlow {PRE} at (0,34) size 784x45
        LayoutText {#text} at (0,0) size 710x45
          text run at (0,0) width 383: ".one {border-color: purple; border-style: solid;}"
          text run at (382,0) width 1: " "
          text run at (0,15) width 554: ".two {border-color: purple; border-width: medium; border-style: solid;}"
          text run at (553,15) width 1: " "
          text run at (0,30) width 710: ".three {border-color: purple green blue yellow; border-width: medium; border-style: solid;}"
          text run at (709,30) width 1: " "
      LayoutBlockFlow {P} at (0,110) size 784x24 [border: (3px solid #800080)]
        LayoutText {#text} at (3,3) size 364x18
          text run at (3,3) width 364: "This element should have a purple border surrounding it."
      LayoutBlockFlow {P} at (0,150) size 784x24 [border: (3px solid #800080)]
        LayoutText {#text} at (3,3) size 463x18
          text run at (3,3) width 463: "This element should have a medium-width purple border surrounding it."
      LayoutBlockFlow {P} at (0,190) size 784x42 [border: (3px solid #800080) (3px solid #008000) (3px solid #0000FF) (3px solid #FFFF00)]
        LayoutText {#text} at (3,3) size 776x36
          text run at (3,3) width 776: "This element should be surrounded by a medium width border which is purple on top, green on the right side, blue on the"
          text run at (3,21) width 227: "bottom, and yellow on the left side."
      LayoutTable {TABLE} at (0,248) size 784x158 [border: (1px outset #808080)]
        LayoutTableSection {TBODY} at (1,1) size 782x156
          LayoutTableRow {TR} at (0,0) size 782x26
            LayoutTableCell {TD} at (0,0) size 782x26 [bgcolor=#C0C0C0] [border: (1px inset #808080)] [r=0 c=0 rs=1 cs=2]
              LayoutInline {STRONG} at (0,0) size 161x18
                LayoutText {#text} at (4,4) size 161x18
                  text run at (4,4) width 161: "TABLE Testing Section"
          LayoutTableRow {TR} at (0,26) size 782x130
            LayoutTableCell {TD} at (0,78) size 12x26 [bgcolor=#C0C0C0] [border: (1px inset #808080)] [r=1 c=0 rs=1 cs=1]
              LayoutText {#text} at (4,4) size 4x18
                text run at (4,4) width 4: " "
            LayoutTableCell {TD} at (12,26) size 770x130 [border: (1px inset #808080)] [r=1 c=1 rs=1 cs=1]
              LayoutBlockFlow {P} at (4,4) size 762x24 [border: (3px solid #800080)]
                LayoutText {#text} at (3,3) size 364x18
                  text run at (3,3) width 364: "This element should have a purple border surrounding it."
              LayoutBlockFlow {P} at (4,44) size 762x24 [border: (3px solid #800080)]
                LayoutText {#text} at (3,3) size 463x18
                  text run at (3,3) width 463: "This element should have a medium-width purple border surrounding it."
              LayoutBlockFlow {P} at (4,84) size 762x42 [border: (3px solid #800080) (3px solid #008000) (3px solid #0000FF) (3px solid #FFFF00)]
                LayoutText {#text} at (3,3) size 753x36
                  text run at (3,3) width 753: "This element should be surrounded by a medium width border which is purple on top, green on the right side, blue on"
                  text run at (3,21) width 251: "the bottom, and yellow on the left side."
layer at (8,100) size 784x2 clip at (0,0) size 0x0
  LayoutBlockFlow {HR} at (0,92) size 784x2 [border: (1px inset #EEEEEE)]
