layer at (0,0) size 800x600 scrollWidth 802 scrollHeight 1005
  LayoutView at (0,0) size 800x600
layer at (0,0) size 800x1005 backgroundClip at (0,0) size 800x600 clip at (0,0) size 800x600
  LayoutBlockFlow {HTML} at (0,0) size 800x1005
    LayoutBlockFlow {BODY} at (8,8) size 784x989 [bgcolor=#CCCCCC]
      LayoutBlockFlow {P} at (0,0) size 784x18
        LayoutText {#text} at (0,0) size 363x18
          text run at (0,0) width 363: "The style declarations which apply to the text below are:"
      LayoutBlockFlow {PRE} at (0,34) size 784x90
        LayoutText {#text} at (0,0) size 547x90
          text run at (0,0) width 539: ".zero {background-color: silver; margin-right: 0; text-align: right;}"
          text run at (538,0) width 1: " "
          text run at (0,15) width 547: ".one {margin-right: 0.5in; text-align: right; background-color: aqua;}"
          text run at (546,15) width 1: " "
          text run at (0,30) width 539: ".two {margin-right: 25px; text-align: right; background-color: aqua;}"
          text run at (538,30) width 1: " "
          text run at (0,45) width 547: ".three {margin-right: 5em; text-align: right; background-color: aqua;}"
          text run at (546,45) width 1: " "
          text run at (0,60) width 539: ".four {margin-right: 25%; text-align: right; background-color: aqua;}"
          text run at (538,60) width 1: " "
          text run at (0,75) width 406: ".five {margin-right: -10px; background-color: aqua;}"
          text run at (405,75) width 1: " "
      LayoutBlockFlow {P} at (0,155) size 784x18 [bgcolor=#C0C0C0]
        LayoutText {#text} at (576,0) size 208x18
          text run at (576,0) width 208: "This element has a class of zero."
      LayoutBlockFlow {P} at (0,189) size 736x18 [bgcolor=#00FFFF]
        LayoutText {#text} at (372,0) size 364x18
          text run at (372,0) width 364: "This sentence should have a right margin of half an inch."
      LayoutBlockFlow {P} at (0,223) size 759x18 [bgcolor=#00FFFF]
        LayoutText {#text} at (412,0) size 347x18
          text run at (412,0) width 347: "This sentence should have a right margin of 25 pixels."
      LayoutBlockFlow {P} at (0,257) size 704x18 [bgcolor=#00FFFF]
        LayoutText {#text} at (384,0) size 320x18
          text run at (384,0) width 320: "This sentence should have a right margin of 5 em."
      LayoutBlockFlow {P} at (0,291) size 588x36 [bgcolor=#00FFFF]
        LayoutText {#text} at (22,0) size 566x36
          text run at (22,0) width 566: "This sentence should have a right margin of 25%, which is calculated with respect to the"
          text run at (408,18) width 180: "width of the parent element."
      LayoutBlockFlow {UL} at (0,343) size 759x90 [bgcolor=#808080]
        LayoutListItem {LI} at (40,0) size 719x18
          LayoutListMarker (anonymous) at (-17,0) size 7x18: bullet
          LayoutText {#text} at (7,0) size 712x18
            text run at (7,0) width 712: "The right margin on this unordered list has been set to 25 pixels, and the background color has been set to gray."
        LayoutListItem {LI} at (40,18) size 694x54 [bgcolor=#FFFFFF]
          LayoutListMarker (anonymous) at (-17,0) size 7x18: bullet
          LayoutText {#text} at (25,0) size 694x54
            text run at (25,0) width 669: "Another list item might not be such a bad idea, either, considering that such things do need to be double-"
            text run at (0,18) width 62: "checked. "
            text run at (61,18) width 633: "This list item has its right margin also set to 25 pixels, which should combine with the list's margin"
            text run at (205,36) width 489: "to make 50 pixels of margin, and its background-color has been set to white."
        LayoutListItem {LI} at (40,72) size 719x18
          LayoutListMarker (anonymous) at (-17,0) size 7x18: bullet
          LayoutText {#text} at (534,0) size 185x18
            text run at (534,0) width 185: "This is an unclassed list item"
      LayoutBlockFlow {P} at (0,449) size 784x18 [bgcolor=#C0C0C0]
        LayoutText {#text} at (576,0) size 208x18
          text run at (576,0) width 208: "This element has a class of zero."
      LayoutBlockFlow {P} at (0,483) size 794x54 [bgcolor=#00FFFF]
        LayoutText {#text} at (0,0) size 793x54
          text run at (0,0) width 782: "This paragraph has a right margin of -10px, which should cause it to be wider than it might otherwise be, and it has a light"
          text run at (0,18) width 116: "blue background. "
          text run at (115,18) width 394: "In all other respects, however, the element should be normal. "
          text run at (508,18) width 285: "No styles have been applied to it besides the"
          text run at (0,36) width 308: "negative right margin and the background color."
      LayoutTable {TABLE} at (0,553) size 784x436 [border: (1px outset #808080)]
        LayoutTableSection {TBODY} at (1,1) size 782x434
          LayoutTableRow {TR} at (0,0) size 782x26
            LayoutTableCell {TD} at (0,0) size 782x26 [bgcolor=#C0C0C0] [border: (1px inset #808080)] [r=0 c=0 rs=1 cs=2]
              LayoutInline {STRONG} at (0,0) size 161x18
                LayoutText {#text} at (4,4) size 161x18
                  text run at (4,4) width 161: "TABLE Testing Section"
          LayoutTableRow {TR} at (0,26) size 782x408
            LayoutTableCell {TD} at (0,217) size 12x26 [bgcolor=#C0C0C0] [border: (1px inset #808080)] [r=1 c=0 rs=1 cs=1]
              LayoutText {#text} at (4,4) size 4x18
                text run at (4,4) width 4: " "
            LayoutTableCell {TD} at (12,26) size 770x408 [border: (1px inset #808080)] [r=1 c=1 rs=1 cs=1]
              LayoutBlockFlow {P} at (4,4) size 762x18 [bgcolor=#C0C0C0]
                LayoutText {#text} at (554,0) size 208x18
                  text run at (554,0) width 208: "This element has a class of zero."
              LayoutBlockFlow {P} at (4,38) size 714x18 [bgcolor=#00FFFF]
                LayoutText {#text} at (350,0) size 364x18
                  text run at (350,0) width 364: "This sentence should have a right margin of half an inch."
              LayoutBlockFlow {P} at (4,72) size 737x18 [bgcolor=#00FFFF]
                LayoutText {#text} at (390,0) size 347x18
                  text run at (390,0) width 347: "This sentence should have a right margin of 25 pixels."
              LayoutBlockFlow {P} at (4,106) size 682x18 [bgcolor=#00FFFF]
                LayoutText {#text} at (362,0) size 320x18
                  text run at (362,0) width 320: "This sentence should have a right margin of 5 em."
              LayoutBlockFlow {P} at (4,140) size 571.50x36 [bgcolor=#00FFFF]
                LayoutText {#text} at (5,0) size 567x36
                  text run at (5,0) width 567: "This sentence should have a right margin of 25%, which is calculated with respect to the"
                  text run at (391,18) width 181: "width of the parent element."
              LayoutBlockFlow {UL} at (4,192) size 737x108 [bgcolor=#808080]
                LayoutListItem {LI} at (40,0) size 697x36
                  LayoutListMarker (anonymous) at (-17,0) size 7x18: bullet
                  LayoutText {#text} at (20,0) size 677x36
                    text run at (20,0) width 677: "The right margin on this unordered list has been set to 25 pixels, and the background color has been set to"
                    text run at (665,18) width 32: "gray."
                LayoutListItem {LI} at (40,36) size 672x54 [bgcolor=#FFFFFF]
                  LayoutListMarker (anonymous) at (-17,0) size 7x18: bullet
                  LayoutText {#text} at (3,0) size 669x54
                    text run at (3,0) width 669: "Another list item might not be such a bad idea, either, considering that such things do need to be double-"
                    text run at (27,18) width 62: "checked. "
                    text run at (88,18) width 584: "This list item has its right margin also set to 25 pixels, which should combine with the list's"
                    text run at (134,36) width 538: "margin to make 50 pixels of margin, and its background-color has been set to white."
                LayoutListItem {LI} at (40,90) size 697x18
                  LayoutListMarker (anonymous) at (-17,0) size 7x18: bullet
                  LayoutText {#text} at (512,0) size 185x18
                    text run at (512,0) width 185: "This is an unclassed list item"
              LayoutBlockFlow {P} at (4,316) size 762x18 [bgcolor=#C0C0C0]
                LayoutText {#text} at (554,0) size 208x18
                  text run at (554,0) width 208: "This element has a class of zero."
              LayoutBlockFlow {P} at (4,350) size 772x54 [bgcolor=#00FFFF]
                LayoutText {#text} at (0,0) size 751x54
                  text run at (0,0) width 749: "This paragraph has a right margin of -10px, which should cause it to be wider than it might otherwise be, and it has a"
                  text run at (0,18) width 149: "light blue background. "
                  text run at (148,18) width 394: "In all other respects, however, the element should be normal. "
                  text run at (541,18) width 210: "No styles have been applied to it"
                  text run at (0,36) width 383: "besides the negative right margin and the background color."
layer at (8,145) size 784x2 clip at (0,0) size 0x0
  LayoutBlockFlow {HR} at (0,137) size 784x2 [border: (1px inset #EEEEEE)]
