layer at (0,0) size 800x600 scrollHeight 714
  LayoutView at (0,0) size 800x600
layer at (0,0) size 800x714 backgroundClip at (0,0) size 800x600 clip at (0,0) size 800x600
  LayoutBlockFlow {HTML} at (0,0) size 800x714
    LayoutBlockFlow {BODY} at (8,8) size 784x698 [bgcolor=#CCCCCC]
      LayoutBlockFlow {P} at (0,0) size 784x18
        LayoutText {#text} at (0,0) size 363x18
          text run at (0,0) width 363: "The style declarations which apply to the text below are:"
      LayoutBlockFlow {PRE} at (0,34) size 784x45
        LayoutText {#text} at (0,0) size 352x45
          text run at (0,0) width 344: ".zero {background-color: silver; margin: 0;}"
          text run at (343,0) width 1: " "
          text run at (0,15) width 344: ".one {margin: 25px; background-color: aqua;}"
          text run at (343,15) width 1: " "
          text run at (0,30) width 352: ".two {margin: -10px; background-color: aqua;}"
          text run at (351,30) width 1: " "
      LayoutBlockFlow {P} at (0,102) size 784x18 [bgcolor=#C0C0C0]
        LayoutText {#text} at (0,0) size 208x18
          text run at (0,0) width 208: "This element has a class of zero."
      LayoutBlockFlow {P} at (0,136) size 784x72 [bgcolor=#808080]
        LayoutText {#text} at (0,0) size 490x18
          text run at (0,0) width 400: "This element is unstyled save for a background color of gray.. "
          text run at (399,0) width 91: "It contains an "
        LayoutInline {SPAN} at (0,0) size 767x36 [bgcolor=#00FFFF]
          LayoutText {#text} at (514,0) size 148x18
            text run at (514,0) width 148: "inline element of class "
          LayoutInline {TT} at (0,0) size 25x15
            LayoutText {#text} at (661,2) size 25x15
              text run at (661,2) width 25: "one"
          LayoutText {#text} at (685,0) size 767x36
            text run at (685,0) width 82: ", giving it an"
            text run at (0,18) width 233: "aqua background and a 25px margin"
        LayoutText {#text} at (257,18) size 782x54
          text run at (257,18) width 9: ". "
          text run at (265,18) width 504: "Margins on inline elements does not affect line-height calculations, so all lines"
          text run at (0,36) width 317: "in this element should have the same line-height. "
          text run at (316,36) width 466: "However, there should be a 25px margin to the left side of the inline box"
          text run at (0,54) width 761: "in the first line it appears, and a 25px margin to the right side of the inline element box in the last line where it appears."
      LayoutBlockFlow {P} at (0,224) size 784x18 [bgcolor=#C0C0C0]
        LayoutText {#text} at (0,0) size 208x18
          text run at (0,0) width 208: "This element has a class of zero."
      LayoutBlockFlow {P} at (0,258) size 784x72 [bgcolor=#808080]
        LayoutText {#text} at (0,0) size 490x18
          text run at (0,0) width 400: "This element is unstyled save for a background color of gray.. "
          text run at (399,0) width 91: "It contains an "
        LayoutInline {SPAN} at (0,0) size 766x36 [bgcolor=#00FFFF]
          LayoutText {#text} at (479,0) size 148x18
            text run at (479,0) width 148: "inline element of class "
          LayoutInline {TT} at (0,0) size 25x15
            LayoutText {#text} at (626,2) size 25x15
              text run at (626,2) width 25: "two"
          LayoutText {#text} at (650,0) size 766x36
            text run at (650,0) width 116: ", giving it an aqua"
            text run at (0,18) width 205: "background and a -10px margin"
        LayoutText {#text} at (194,18) size 783x54
          text run at (194,18) width 9: ". "
          text run at (202,18) width 547: "Margins on inline elements does not affect line-height calculations, so all lines in this"
          text run at (0,36) width 274: "element should have the same line-height. "
          text run at (273,36) width 510: "However, there should be a -10px margin to the left side of the inline box in the"
          text run at (0,54) width 727: "first line it appears, and a -10px margin to the right side of the inline element box in the last line where it appears."
      LayoutBlockFlow {P} at (0,346) size 784x18 [bgcolor=#C0C0C0]
        LayoutText {#text} at (0,0) size 208x18
          text run at (0,0) width 208: "This element has a class of zero."
      LayoutTable {TABLE} at (0,364) size 784x334 [border: (1px outset #808080)]
        LayoutTableSection {TBODY} at (1,1) size 782x332
          LayoutTableRow {TR} at (0,0) size 782x26
            LayoutTableCell {TD} at (0,0) size 782x26 [bgcolor=#C0C0C0] [border: (1px inset #808080)] [r=0 c=0 rs=1 cs=2]
              LayoutInline {STRONG} at (0,0) size 161x18
                LayoutText {#text} at (4,4) size 161x18
                  text run at (4,4) width 161: "TABLE Testing Section"
          LayoutTableRow {TR} at (0,26) size 782x306
            LayoutTableCell {TD} at (0,166) size 12x26 [bgcolor=#C0C0C0] [border: (1px inset #808080)] [r=1 c=0 rs=1 cs=1]
              LayoutText {#text} at (4,4) size 4x18
                text run at (4,4) width 4: " "
            LayoutTableCell {TD} at (12,26) size 770x306 [border: (1px inset #808080)] [r=1 c=1 rs=1 cs=1]
              LayoutBlockFlow {P} at (4,4) size 762x18 [bgcolor=#C0C0C0]
                LayoutText {#text} at (0,0) size 208x18
                  text run at (0,0) width 208: "This element has a class of zero."
              LayoutBlockFlow {P} at (4,38) size 762x90 [bgcolor=#808080]
                LayoutText {#text} at (0,0) size 490x18
                  text run at (0,0) width 400: "This element is unstyled save for a background color of gray.. "
                  text run at (399,0) width 91: "It contains an "
                LayoutInline {SPAN} at (0,0) size 748x36 [bgcolor=#00FFFF]
                  LayoutText {#text} at (514,0) size 148x18
                    text run at (514,0) width 148: "inline element of class "
                  LayoutInline {TT} at (0,0) size 25x15
                    LayoutText {#text} at (661,2) size 25x15
                      text run at (661,2) width 25: "one"
                  LayoutText {#text} at (685,0) size 748x36
                    text run at (685,0) width 63: ", giving it"
                    text run at (0,18) width 253: "an aqua background and a 25px margin"
                LayoutText {#text} at (277,18) size 760x72
                  text run at (277,18) width 9: ". "
                  text run at (285,18) width 469: "Margins on inline elements does not affect line-height calculations, so all"
                  text run at (0,36) width 352: "lines in this element should have the same line-height. "
                  text run at (351,36) width 396: "However, there should be a 25px margin to the left side of the"
                  text run at (0,54) width 760: "inline box in the first line it appears, and a 25px margin to the right side of the inline element box in the last line where"
                  text run at (0,72) width 66: "it appears."
              LayoutBlockFlow {P} at (4,144) size 762x18 [bgcolor=#C0C0C0]
                LayoutText {#text} at (0,0) size 208x18
                  text run at (0,0) width 208: "This element has a class of zero."
              LayoutBlockFlow {P} at (4,178) size 762x90 [bgcolor=#808080]
                LayoutText {#text} at (0,0) size 490x18
                  text run at (0,0) width 400: "This element is unstyled save for a background color of gray.. "
                  text run at (399,0) width 91: "It contains an "
                LayoutInline {SPAN} at (0,0) size 732x36 [bgcolor=#00FFFF]
                  LayoutText {#text} at (479,0) size 148x18
                    text run at (479,0) width 148: "inline element of class "
                  LayoutInline {TT} at (0,0) size 25x15
                    LayoutText {#text} at (626,2) size 25x15
                      text run at (626,2) width 25: "two"
                  LayoutText {#text} at (650,0) size 732x36
                    text run at (650,0) width 82: ", giving it an"
                    text run at (0,18) width 239: "aqua background and a -10px margin"
                LayoutText {#text} at (228,18) size 756x72
                  text run at (228,18) width 9: ". "
                  text run at (236,18) width 520: "Margins on inline elements does not affect line-height calculations, so all lines in"
                  text run at (0,36) width 301: "this element should have the same line-height. "
                  text run at (300,36) width 442: "However, there should be a -10px margin to the left side of the inline"
                  text run at (0,54) width 738: "box in the first line it appears, and a -10px margin to the right side of the inline element box in the last line where it"
                  text run at (0,72) width 53: "appears."
              LayoutBlockFlow {P} at (4,284) size 762x18 [bgcolor=#C0C0C0]
                LayoutText {#text} at (0,0) size 208x18
                  text run at (0,0) width 208: "This element has a class of zero."
layer at (8,100) size 784x2 clip at (0,0) size 0x0
  LayoutBlockFlow {HR} at (0,92) size 784x2 [border: (1px inset #EEEEEE)]
