layer at (0,0) size 800x600
  LayoutView at (0,0) size 800x600
layer at (0,0) size 800x541
  LayoutBlockFlow {HTML} at (0,0) size 800x541
    LayoutBlockFlow {BODY} at (8,8) size 784x525
      LayoutText {#text} at (0,0) size 267x19
        text run at (0,0) width 267: "No glyphs should extend outside the rects."
      LayoutBR {BR} at (267,0) size 0x19
      LayoutSVGRoot {svg} at (0,20) size 700x500
        LayoutSVGText {text} at (41,5) size 131x57 contains 1 chunk(s)
          LayoutSVGInlineText {#text} at (41,5) size 131x57
            chunk 1 text run 1 at (50.00,50.00) startOffset 0 endOffset 8 width 112.00: "ffffffff"
        LayoutSVGText {text} at (41,105) size 187x57 contains 1 chunk(s)
          LayoutSVGInlineText {#text} at (41,105) size 103x57
            chunk 1 text run 1 at (50.00,150.00) startOffset 0 endOffset 6 width 84.00: "ffffff"
          LayoutSVGTSpan {tspan} at (41,105) size 187x57
            LayoutSVGInlineText {#text} at (125,105) size 103x57
              chunk 1 text run 1 at (134.00,150.00) startOffset 0 endOffset 6 width 84.00: "ffffff"
        LayoutSVGText {text} at (44,179) size 202x90 contains 1 chunk(s)
          LayoutSVGTSpan {tspan} at (44,179) size 202x90
            LayoutSVGInlineText {#text} at (44,222) size 61x35
              chunk 1 text run 1 at (50.00,250.00) startOffset 0 endOffset 6 width 48.00: "ffffff"
          LayoutSVGTSpan {tspan} at (44,179) size 202x90
            LayoutSVGInlineText {#text} at (84,179) size 162x90
              chunk 1 text run 1 at (98.00,250.00) startOffset 0 endOffset 6 width 132.00: "ffffff"
        LayoutSVGText {text} at (37.44,299.50) size 302.50x100.98 contains 1 chunk(s)
          LayoutSVGInlineText {#text} at (37.44,299.50) size 302.50x100.98
            chunk 1 text run 1 at (50.00,350.00) startOffset 0 endOffset 1 width 14.00: "f"
            chunk 1 text run 2 at (64.00,350.00) startOffset 1 endOffset 2 width 14.00: "f"
            chunk 1 text run 3 at (78.00,350.00) startOffset 2 endOffset 3 width 14.00: "f"
            chunk 1 text run 4 at (92.00,350.00) startOffset 3 endOffset 4 width 14.00: "f"
            chunk 1 text run 5 at (106.00,350.00) startOffset 4 endOffset 5 width 14.00: "f"
            chunk 1 text run 6 at (120.00,350.00) startOffset 5 endOffset 6 width 14.00: "f"
            chunk 1 text run 7 at (134.00,350.00) startOffset 6 endOffset 7 width 14.00: "f"
            chunk 1 text run 8 at (148.00,350.00) startOffset 7 endOffset 8 width 14.00: "f"
            chunk 1 text run 9 at (162.00,350.00) startOffset 8 endOffset 9 width 14.00: "f"
            chunk 1 text run 10 at (176.00,350.00) startOffset 9 endOffset 10 width 14.00: "f"
            chunk 1 text run 11 at (190.00,350.00) startOffset 10 endOffset 11 width 14.00: "f"
            chunk 1 text run 12 at (204.00,350.00) startOffset 11 endOffset 12 width 14.00: "f"
            chunk 1 text run 13 at (218.00,350.00) startOffset 12 endOffset 13 width 14.00: "f"
            chunk 1 text run 14 at (232.00,350.00) startOffset 13 endOffset 14 width 14.00: "f"
            chunk 1 text run 15 at (246.00,350.00) startOffset 14 endOffset 15 width 14.00: "f"
            chunk 1 text run 16 at (260.00,350.00) startOffset 15 endOffset 16 width 14.00: "f"
            chunk 1 text run 17 at (274.00,350.00) startOffset 16 endOffset 17 width 14.00: "f"
            chunk 1 text run 18 at (288.00,350.00) startOffset 17 endOffset 18 width 14.00: "f"
            chunk 1 text run 19 at (302.00,350.00) startOffset 18 endOffset 19 width 14.00: "f"
        LayoutSVGText {text} at (50,419) size 136x71 contains 1 chunk(s)
          LayoutSVGInlineText {#text} at (50,419) size 136x71
            chunk 1 text run 1 at (50.00,475.00) startOffset 0 endOffset 5 width 133.00: "'faQ'"
        LayoutSVGRect {rect} at (41,5) size 131x57 [stroke={[type=SOLID] [color=#008000]}] [fill={[type=SOLID] [color=#00000000]}] [x=41.00] [y=5.00] [width=131.00] [height=57.00]
        LayoutSVGRect {rect} at (41,105) size 187x57 [stroke={[type=SOLID] [color=#008000]}] [fill={[type=SOLID] [color=#00000000]}] [x=41.00] [y=105.00] [width=187.00] [height=57.00]
        LayoutSVGRect {rect} at (44,179) size 202x90 [stroke={[type=SOLID] [color=#008000]}] [fill={[type=SOLID] [color=#00000000]}] [x=44.00] [y=179.00] [width=202.00] [height=90.00]
        LayoutSVGRect {rect} at (37.44,299.50) size 302.50x100.98 [stroke={[type=SOLID] [color=#008000]}] [fill={[type=SOLID] [color=#00000000]}] [x=37.44] [y=299.50] [width=302.50] [height=100.98]
        LayoutSVGRect {rect} at (50,419) size 136x71 [stroke={[type=SOLID] [color=#008000]}] [fill={[type=SOLID] [color=#00000000]}] [x=50.00] [y=419.00] [width=136.00] [height=71.00]
      LayoutText {#text} at (0,0) size 0x0
