layer at (0,0) size 800x600
  LayoutView at (0,0) size 800x600
layer at (0,0) size 800x541
  LayoutBlockFlow {HTML} at (0,0) size 800x541
    LayoutBlockFlow {BODY} at (8,8) size 784x525
      LayoutText {#text} at (0,0) size 267x19
        text run at (0,0) width 267: "No glyphs should extend outside the rects."
      LayoutBR {BR} at (267,0) size 0x19
      LayoutSVGRoot {svg} at (0,20) size 700x500
        LayoutSVGHiddenContainer {defs} at (50,100) size 350x350
          LayoutSVGPath {path} at (50,100) size 350x0 [fill={[type=SOLID] [color=#000000]}] [data="M 50 100 L 400 100"]
          LayoutSVGPath {path} at (50,150) size 350x0 [fill={[type=SOLID] [color=#000000]}] [data="M 400 150 L 50 150"]
          LayoutSVGPath {path} at (50,250) size 350x100 [fill={[type=SOLID] [color=#000000]}] [data="M 50 250 L 400 350"]
          LayoutSVGPath {path} at (50,450) size 350x0 [fill={[type=SOLID] [color=#000000]}] [data="M 50 450 L 400 450"]
        LayoutSVGText {text} at (41,55) size 355x57 contains 1 chunk(s)
          LayoutSVGTextPath {textPath} at (41,55) size 355x57
            LayoutSVGInlineText {#text} at (41,55) size 355x57
              chunk 1 text run 1 at (57.00,100.00) startOffset 0 endOffset 1 width 14.00: "f"
              chunk 1 text run 2 at (71.00,100.00) startOffset 1 endOffset 2 width 14.00: "f"
              chunk 1 text run 3 at (85.00,100.00) startOffset 2 endOffset 3 width 14.00: "f"
              chunk 1 text run 4 at (99.00,100.00) startOffset 3 endOffset 4 width 14.00: "f"
              chunk 1 text run 5 at (113.00,100.00) startOffset 4 endOffset 5 width 14.00: "f"
              chunk 1 text run 6 at (127.00,100.00) startOffset 5 endOffset 6 width 14.00: "f"
              chunk 1 text run 7 at (141.00,100.00) startOffset 6 endOffset 7 width 14.00: "f"
              chunk 1 text run 8 at (155.00,100.00) startOffset 7 endOffset 8 width 14.00: "f"
              chunk 1 text run 9 at (169.00,100.00) startOffset 8 endOffset 9 width 14.00: "f"
              chunk 1 text run 10 at (183.00,100.00) startOffset 9 endOffset 10 width 14.00: "f"
              chunk 1 text run 11 at (197.00,100.00) startOffset 10 endOffset 11 width 14.00: "f"
              chunk 1 text run 12 at (211.00,100.00) startOffset 11 endOffset 12 width 14.00: "f"
              chunk 1 text run 13 at (225.00,100.00) startOffset 12 endOffset 13 width 14.00: "f"
              chunk 1 text run 14 at (239.00,100.00) startOffset 13 endOffset 14 width 14.00: "f"
              chunk 1 text run 15 at (253.00,100.00) startOffset 14 endOffset 15 width 14.00: "f"
              chunk 1 text run 16 at (267.00,100.00) startOffset 15 endOffset 16 width 14.00: "f"
              chunk 1 text run 17 at (281.00,100.00) startOffset 16 endOffset 17 width 14.00: "f"
              chunk 1 text run 18 at (295.00,100.00) startOffset 17 endOffset 18 width 14.00: "f"
              chunk 1 text run 19 at (309.00,100.00) startOffset 18 endOffset 19 width 14.00: "f"
              chunk 1 text run 20 at (323.00,100.00) startOffset 19 endOffset 20 width 14.00: "f"
              chunk 1 text run 21 at (337.00,100.00) startOffset 20 endOffset 21 width 14.00: "f"
              chunk 1 text run 22 at (351.00,100.00) startOffset 21 endOffset 22 width 14.00: "f"
              chunk 1 text run 23 at (365.00,100.00) startOffset 22 endOffset 23 width 14.00: "f"
              chunk 1 text run 24 at (379.00,100.00) startOffset 23 endOffset 24 width 14.00: "f"
          LayoutSVGInlineText {#text} at (0,0) size 0x0
        LayoutSVGText {text} at (54,138) size 355x57 contains 1 chunk(s)
          LayoutSVGTextPath {textPath} at (54,138) size 355x57
            LayoutSVGInlineText {#text} at (54,138) size 355x57
              chunk 1 text run 1 at (393.00,150.00) startOffset 0 endOffset 1 width 14.00: "f"
              chunk 1 text run 2 at (379.00,150.00) startOffset 1 endOffset 2 width 14.00: "f"
              chunk 1 text run 3 at (365.00,150.00) startOffset 2 endOffset 3 width 14.00: "f"
              chunk 1 text run 4 at (351.00,150.00) startOffset 3 endOffset 4 width 14.00: "f"
              chunk 1 text run 5 at (337.00,150.00) startOffset 4 endOffset 5 width 14.00: "f"
              chunk 1 text run 6 at (323.00,150.00) startOffset 5 endOffset 6 width 14.00: "f"
              chunk 1 text run 7 at (309.00,150.00) startOffset 6 endOffset 7 width 14.00: "f"
              chunk 1 text run 8 at (295.00,150.00) startOffset 7 endOffset 8 width 14.00: "f"
              chunk 1 text run 9 at (281.00,150.00) startOffset 8 endOffset 9 width 14.00: "f"
              chunk 1 text run 10 at (267.00,150.00) startOffset 9 endOffset 10 width 14.00: "f"
              chunk 1 text run 11 at (253.00,150.00) startOffset 10 endOffset 11 width 14.00: "f"
              chunk 1 text run 12 at (239.00,150.00) startOffset 11 endOffset 12 width 14.00: "f"
              chunk 1 text run 13 at (225.00,150.00) startOffset 12 endOffset 13 width 14.00: "f"
              chunk 1 text run 14 at (211.00,150.00) startOffset 13 endOffset 14 width 14.00: "f"
              chunk 1 text run 15 at (197.00,150.00) startOffset 14 endOffset 15 width 14.00: "f"
              chunk 1 text run 16 at (183.00,150.00) startOffset 15 endOffset 16 width 14.00: "f"
              chunk 1 text run 17 at (169.00,150.00) startOffset 16 endOffset 17 width 14.00: "f"
              chunk 1 text run 18 at (155.00,150.00) startOffset 17 endOffset 18 width 14.00: "f"
              chunk 1 text run 19 at (141.00,150.00) startOffset 18 endOffset 19 width 14.00: "f"
              chunk 1 text run 20 at (127.00,150.00) startOffset 19 endOffset 20 width 14.00: "f"
              chunk 1 text run 21 at (113.00,150.00) startOffset 20 endOffset 21 width 14.00: "f"
              chunk 1 text run 22 at (99.00,150.00) startOffset 21 endOffset 22 width 14.00: "f"
              chunk 1 text run 23 at (85.00,150.00) startOffset 22 endOffset 23 width 14.00: "f"
              chunk 1 text run 24 at (71.00,150.00) startOffset 23 endOffset 24 width 14.00: "f"
          LayoutSVGInlineText {#text} at (0,0) size 0x0
        LayoutSVGText {text} at (38.05,204.25) size 356.98x152.33 contains 1 chunk(s)
          LayoutSVGTextPath {textPath} at (38.05,204.25) size 356.98x152.33
            LayoutSVGInlineText {#text} at (38.05,204.25) size 356.98x152.33
              chunk 1 text run 1 at (56.73,251.92) startOffset 0 endOffset 1 width 14.00: "f"
              chunk 1 text run 2 at (70.19,255.77) startOffset 1 endOffset 2 width 14.00: "f"
              chunk 1 text run 3 at (83.65,259.62) startOffset 2 endOffset 3 width 14.00: "f"
              chunk 1 text run 4 at (97.11,263.46) startOffset 3 endOffset 4 width 14.00: "f"
              chunk 1 text run 5 at (110.58,267.31) startOffset 4 endOffset 5 width 14.00: "f"
              chunk 1 text run 6 at (124.04,271.15) startOffset 5 endOffset 6 width 14.00: "f"
              chunk 1 text run 7 at (137.50,275.00) startOffset 6 endOffset 7 width 14.00: "f"
              chunk 1 text run 8 at (150.96,278.85) startOffset 7 endOffset 8 width 14.00: "f"
              chunk 1 text run 9 at (164.42,282.69) startOffset 8 endOffset 9 width 14.00: "f"
              chunk 1 text run 10 at (177.88,286.54) startOffset 9 endOffset 10 width 14.00: "f"
              chunk 1 text run 11 at (191.34,290.38) startOffset 10 endOffset 11 width 14.00: "f"
              chunk 1 text run 12 at (204.81,294.23) startOffset 11 endOffset 12 width 14.00: "f"
              chunk 1 text run 13 at (218.27,298.08) startOffset 12 endOffset 13 width 14.00: "f"
              chunk 1 text run 14 at (231.73,301.92) startOffset 13 endOffset 14 width 14.00: "f"
              chunk 1 text run 15 at (245.19,305.77) startOffset 14 endOffset 15 width 14.00: "f"
              chunk 1 text run 16 at (258.65,309.61) startOffset 15 endOffset 16 width 14.00: "f"
              chunk 1 text run 17 at (272.11,313.46) startOffset 16 endOffset 17 width 14.00: "f"
              chunk 1 text run 18 at (285.57,317.31) startOffset 17 endOffset 18 width 14.00: "f"
              chunk 1 text run 19 at (299.03,321.15) startOffset 18 endOffset 19 width 14.00: "f"
              chunk 1 text run 20 at (312.50,325.00) startOffset 19 endOffset 20 width 14.00: "f"
              chunk 1 text run 21 at (325.96,328.84) startOffset 20 endOffset 21 width 14.00: "f"
              chunk 1 text run 22 at (339.42,332.69) startOffset 21 endOffset 22 width 14.00: "f"
              chunk 1 text run 23 at (352.88,336.54) startOffset 22 endOffset 23 width 14.00: "f"
              chunk 1 text run 24 at (366.34,340.38) startOffset 23 endOffset 24 width 14.00: "f"
          LayoutSVGInlineText {#text} at (0,0) size 0x0
        LayoutSVGText {text} at (50,394) size 136x71 contains 1 chunk(s)
          LayoutSVGTextPath {textPath} at (50,394) size 136x71
            LayoutSVGInlineText {#text} at (50,394) size 136x71
              chunk 1 text run 1 at (59.50,450.00) startOffset 0 endOffset 1 width 19.00: "'"
              chunk 1 text run 2 at (81.50,450.00) startOffset 1 endOffset 2 width 25.00: "f"
              chunk 1 text run 3 at (107.00,450.00) startOffset 2 endOffset 3 width 26.00: "a"
              chunk 1 text run 4 at (142.00,450.00) startOffset 3 endOffset 4 width 44.00: "Q"
              chunk 1 text run 5 at (173.50,450.00) startOffset 4 endOffset 5 width 19.00: "'"
          LayoutSVGInlineText {#text} at (0,0) size 0x0
        LayoutSVGRect {rect} at (41,55) size 355x57 [stroke={[type=SOLID] [color=#008000]}] [fill={[type=SOLID] [color=#00000000]}] [x=41.00] [y=55.00] [width=355.00] [height=57.00]
        LayoutSVGRect {rect} at (54,138) size 355x57 [stroke={[type=SOLID] [color=#008000]}] [fill={[type=SOLID] [color=#00000000]}] [x=54.00] [y=138.00] [width=355.00] [height=57.00]
        LayoutSVGRect {rect} at (38.05,204.25) size 356.98x152.33 [stroke={[type=SOLID] [color=#008000]}] [fill={[type=SOLID] [color=#00000000]}] [x=38.05] [y=204.25] [width=356.98] [height=152.33]
        LayoutSVGRect {rect} at (50,394) size 136x71 [stroke={[type=SOLID] [color=#008000]}] [fill={[type=SOLID] [color=#00000000]}] [x=50.00] [y=394.00] [width=136.00] [height=71.00]
      LayoutText {#text} at (0,0) size 0x0
