layer at (0,0) size 800x600
  LayoutView at (0,0) size 800x600
layer at (0,0) size 800x164
  LayoutBlockFlow {html} at (0,0) size 800x164
    LayoutBlockFlow {body} at (8,16) size 784x132
      LayoutBlockFlow {p} at (0,0) size 784x132
        LayoutText {#text} at (0,32) size 222x19
          text run at (0,32) width 222: "The alphabet A through M is here: "
        LayoutSVGRoot {svg} at (222,0) size 500x47
          LayoutSVGContainer {g} at (0,-45) size 524x57 [transform={m=((1.00,0.00)(0.00,1.00)) t=(0.00,47.00)}]
            LayoutSVGText {text} at (0,-45) size 36x57 contains 1 chunk(s)
              LayoutSVGInlineText {#text} at (0,-45) size 36x57
                chunk 1 text run 1 at (0.00,0.00) startOffset 0 endOffset 1 width 36.00: "A"
            LayoutSVGText {text} at (0,-45) size 33x57 [transform={m=((1.00,0.00)(0.00,1.00)) t=(40.00,0.00)}] contains 1 chunk(s)
              LayoutSVGInlineText {#text} at (0,-45) size 33x57
                chunk 1 text run 1 at (0.00,0.00) startOffset 0 endOffset 1 width 33.00: "B"
            LayoutSVGText {text} at (0,-45) size 33x57 [transform={m=((1.00,0.00)(0.00,1.00)) t=(80.00,0.00)}] contains 1 chunk(s)
              LayoutSVGInlineText {#text} at (0,-45) size 33x57
                chunk 1 text run 1 at (0.00,0.00) startOffset 0 endOffset 1 width 33.00: "C"
            LayoutSVGText {text} at (0,-45) size 36x57 [transform={m=((1.00,0.00)(0.00,1.00)) t=(120.00,0.00)}] contains 1 chunk(s)
              LayoutSVGInlineText {#text} at (0,-45) size 36x57
                chunk 1 text run 1 at (0.00,0.00) startOffset 0 endOffset 1 width 36.00: "D"
            LayoutSVGText {text} at (0,-45) size 31x57 [transform={m=((1.00,0.00)(0.00,1.00)) t=(160.00,0.00)}] contains 1 chunk(s)
              LayoutSVGInlineText {#text} at (0,-45) size 31x57
                chunk 1 text run 1 at (0.00,0.00) startOffset 0 endOffset 1 width 31.00: "E"
            LayoutSVGText {text} at (0,-45) size 28x57 [transform={m=((1.00,0.00)(0.00,1.00)) t=(200.00,0.00)}] contains 1 chunk(s)
              LayoutSVGInlineText {#text} at (0,-45) size 28x57
                chunk 1 text run 1 at (0.00,0.00) startOffset 0 endOffset 1 width 28.00: "F"
            LayoutSVGText {text} at (0,-45) size 36x57 [transform={m=((1.00,0.00)(0.00,1.00)) t=(240.00,0.00)}] contains 1 chunk(s)
              LayoutSVGInlineText {#text} at (0,-45) size 36x57
                chunk 1 text run 1 at (0.00,0.00) startOffset 0 endOffset 1 width 36.00: "G"
            LayoutSVGText {text} at (0,-45) size 36x57 [transform={m=((1.00,0.00)(0.00,1.00)) t=(280.00,0.00)}] contains 1 chunk(s)
              LayoutSVGInlineText {#text} at (0,-45) size 36x57
                chunk 1 text run 1 at (0.00,0.00) startOffset 0 endOffset 1 width 36.00: "H"
            LayoutSVGText {text} at (0,-45) size 17x57 [transform={m=((1.00,0.00)(0.00,1.00)) t=(320.00,0.00)}] contains 1 chunk(s)
              LayoutSVGInlineText {#text} at (0,-45) size 17x57
                chunk 1 text run 1 at (0.00,0.00) startOffset 0 endOffset 1 width 17.00: "I"
            LayoutSVGText {text} at (0,-45) size 19x57 [transform={m=((1.00,0.00)(0.00,1.00)) t=(360.00,0.00)}] contains 1 chunk(s)
              LayoutSVGInlineText {#text} at (0,-45) size 19x57
                chunk 1 text run 1 at (0.00,0.00) startOffset 0 endOffset 1 width 19.00: "J"
            LayoutSVGText {text} at (0,-45) size 36x57 [transform={m=((1.00,0.00)(0.00,1.00)) t=(400.00,0.00)}] contains 1 chunk(s)
              LayoutSVGInlineText {#text} at (0,-45) size 36x57
                chunk 1 text run 1 at (0.00,0.00) startOffset 0 endOffset 1 width 36.00: "K"
            LayoutSVGText {text} at (0,-45) size 31x57 [transform={m=((1.00,0.00)(0.00,1.00)) t=(440.00,0.00)}] contains 1 chunk(s)
              LayoutSVGInlineText {#text} at (0,-45) size 31x57
                chunk 1 text run 1 at (0.00,0.00) startOffset 0 endOffset 1 width 31.00: "L"
            LayoutSVGText {text} at (0,-45) size 44x57 [transform={m=((1.00,0.00)(0.00,1.00)) t=(480.00,0.00)}] contains 1 chunk(s)
              LayoutSVGInlineText {#text} at (0,-45) size 44x57
                chunk 1 text run 1 at (0.00,0.00) startOffset 0 endOffset 1 width 44.00: "M"
        LayoutText {#text} at (722,32) size 783x99
          text run at (722,32) width 4: " "
          text run at (726,32) width 47: "this test"
          text run at (0,52) width 783: "case is specially constructed so that when the view is sized to 800x600 (the default for DumpRenderTree) the text wraps and"
          text run at (0,72) width 306: "not all of the text in the SVG is drawn correctly. "
          text run at (306,72) width 313: "You should see all of A-L (and half of M) above. "
          text run at (619,72) width 159: "The code was incorrectly"
          text run at (0,92) width 757: "calculating the PaintInfo::rect (damage rect) when passing it through LayoutBlockFlow and render block was (correctly)"
          text run at (0,112) width 300: "clipping out some of the lineboxes during paint."
