layer at (0,0) size 800x600
  LayoutView at (0,0) size 800x600
layer at (0,0) size 800x600
  LayoutNGBlockFlow {HTML} at (0,0) size 800x600
    LayoutNGBlockFlow {BODY} at (8,8) size 784x584
      LayoutNGBlockFlow {P} at (0,0) size 784x40
        LayoutText {#text} at (0,0) size 52x19
          text run at (0,0) width 52: "Test for "
        LayoutInline {I} at (0,0) size 764x39
          LayoutInline {A} at (0,0) size 306x19 [color=#0000EE]
            LayoutText {#text} at (52,0) size 306x19
              text run at (52,0) width 306: "https://bugs.webkit.org/show_bug.cgi?id=18818"
          LayoutText {#text} at (358,0) size 764x39
            text run at (358,0) width 406: " REGRESSION (3.1.1-TOT): Character order (float:left ordered"
            text run at (0,20) width 121: "after the first letter)"
        LayoutText {#text} at (121,20) size 4x19
          text run at (121,20) width 4: "."
      LayoutNGBlockFlow {P} at (0,56) size 784x20
        LayoutText {#text} at (0,0) size 200x19
          text run at (0,0) width 200: "The next line should say \x{201C}123\x{201D}."
      LayoutNGBlockFlow {DIV} at (0,92) size 784x20
        LayoutNGBlockFlow (floating) {SPAN} at (0,0) size 8x20
          LayoutText {#text} at (0,0) size 8x19
            text run at (0,0) width 8: "1"
        LayoutNGBlockFlow (floating) {<pseudo:first-letter>} at (8,0) size 8x20
          LayoutTextFragment (anonymous) at (0,0) size 8x19
            text run at (0,0) width 8: "2"
        LayoutTextFragment {#text} at (16,0) size 8x19
          text run at (16,0) width 8: "3"
