layer at (0,0) size 800x600
  LayoutView at (0,0) size 800x600
layer at (0,0) size 800x347
  LayoutBlockFlow {HTML} at (0,0) size 800x347.27
    LayoutBlockFlow {BODY} at (8,8) size 784x331.27
      LayoutText {#text} at (0,0) size 0x0
layer at (8,8) size 400x327
  LayoutVideo {VIDEO} at (0,0) size 400x327.27
layer at (8,8) size 400x327
  LayoutFlexibleBox (relative positioned) {DIV} at (0,0) size 400x327.27
    LayoutFlexibleBox {DIV} at (0,0) size 400x327.27
layer at (8,8) size 400x327
  LayoutBlockFlow (positioned) {DIV} at (0,0) size 400x327.27
layer at (8,8) size 400x327
  LayoutFlexibleBox {DIV} at (0,0) size 400x327.27
layer at (8,8) size 400x311 clip at (9,9) size 398x309
  LayoutButton (relative positioned) {INPUT} at (0,0) size 400x311.27 [border: (1px solid #D8D8D8) (1px solid #D1D1D1) (1px solid #BABABA) (1px solid #D1D1D1)]
    LayoutFlexibleBox (anonymous) at (8,114.25) size 384x81.75
      LayoutBlockFlow {DIV} at (151.13,0) size 81.75x81.75 [bgcolor=#FFFFFFE6]
layer at (8,271) size 400x48
  LayoutFlexibleBox (relative positioned) {DIV} at (0,263.27) size 400x48
    LayoutBlockFlow {DIV} at (16,0) size 31.14x48 [color=#FFFFFF]
      LayoutText {#text} at (0,15) size 32x18
        text run at (0,15) width 32: "0:00"
    LayoutBlockFlow {DIV} at (51.14,0) size 40.03x48 [color=#FFFFFF]
      LayoutText {#text} at (0,15) size 41x18
        text run at (0,15) width 41: "/ 0:09"
    LayoutBlockFlow {DIV} at (91.17,48) size 164.83x0
    LayoutButton {INPUT} at (304,0) size 48x48
    LayoutButton {INPUT} at (352,0) size 48x48
layer at (264,271) size 48x48 transparent
  LayoutButton {INPUT} at (256,0) size 48x48 [color=#7F7F7F]
layer at (8,319) size 400x16
  LayoutSlider {INPUT} at (0,311.27) size 400x16 [color=#909090]
    LayoutFlexibleBox {DIV} at (16,0) size 368x4
layer at (24,319) size 368x4
  LayoutBlockFlow (relative positioned) {DIV} at (0,0) size 368x4 [bgcolor=#FFFFFF4D]
layer at (24,315) size 12x12
  LayoutBlockFlow (relative positioned) {DIV} at (0,-4) size 12x12 [bgcolor=#FFFFFF]
layer at (24,319) size 368x4
  LayoutBlockFlow (positioned) {DIV} at (0,0) size 368x4
layer at (24,319) size 0x4
  LayoutBlockFlow (positioned) {DIV} at (0,0) size 0x4 [bgcolor=#FFFFFF]
layer at (24,319) size 368x4
  LayoutBlockFlow (positioned) {DIV} at (0,0) size 368x4 [bgcolor=#FFFFFF8A]
