layer at (0,0) size 800x600
  LayoutView at (0,0) size 800x600
layer at (0,0) size 800x600
  LayoutBlockFlow {HTML} at (0,0) size 800x600
    LayoutBlockFlow {BODY} at (8,8) size 784x584
      LayoutBlockFlow {DIV} at (0,0) size 784x100 [bgcolor=#FFFF00]
        LayoutBlockFlow (floating) {DIV} at (0,0) size 76.88x500 [bgcolor=#008000]
          LayoutText {#text} at (0,0) size 77x18
            text run at (0,0) width 77: "Hello world"
      LayoutBlockFlow {DIV} at (0,204) size 784x36
        LayoutText {#text} at (76,0) size 686x36
          text run at (76,0) width 293: "This text should not overlap the purple float? "
          text run at (368,0) width 394: "Will this happen? I'm really not sure. This is a test of some of"
          text run at (76,18) width 474: "the strange behavior you will find when using overflow auto or scroll, etc."
layer at (85,108) size 707x104 clip at (87,110) size 703x100 scrollHeight 400
  LayoutBlockFlow {DIV} at (76.88,100) size 707.13x104 [border: (2px solid #000000)]
    LayoutText {#text} at (2,2) size 146x18
      text run at (2,2) width 146: "Does the float intrude?"
    LayoutBlockFlow (floating) {SPAN} at (605.13,2) size 100x400 [bgcolor=#800080]
    LayoutText {#text} at (0,0) size 0x0
