layer at (0,0) size 800x600
  LayoutView at (0,0) size 800x600
layer at (0,0) size 800x600
  LayoutBlockFlow {HTML} at (0,0) size 800x600
    LayoutBlockFlow {BODY} at (8,8) size 784x584
      LayoutTable {TABLE} at (0,0) size 212x312 [border: (2px outset #808080)]
        LayoutTableSection {TBODY} at (2,2) size 208x308
          LayoutTableRow {TR} at (0,2) size 208x304
            LayoutTableCell {TD} at (2,2) size 204x304 [border: (1px inset #808080)] [r=0 c=0 rs=1 cs=1]
layer at (14,14) size 200x300 clip at (14,14) size 185x300 scrollHeight 432
  LayoutBlockFlow {DIV} at (2,2) size 200x300
    LayoutText {#text} at (0,0) size 139x18
      text run at (0,0) width 139: "Lots of overflow text."
    LayoutBR {BR} at (138,14) size 1x0
    LayoutText {#text} at (0,18) size 139x18
      text run at (0,18) width 139: "Lots of overflow text."
    LayoutBR {BR} at (138,32) size 1x0
    LayoutText {#text} at (0,36) size 139x18
      text run at (0,36) width 139: "Lots of overflow text."
    LayoutBR {BR} at (138,50) size 1x0
    LayoutText {#text} at (0,54) size 139x18
      text run at (0,54) width 139: "Lots of overflow text."
    LayoutBR {BR} at (138,68) size 1x0
    LayoutText {#text} at (0,72) size 139x18
      text run at (0,72) width 139: "Lots of overflow text."
    LayoutBR {BR} at (138,86) size 1x0
    LayoutText {#text} at (0,90) size 139x18
      text run at (0,90) width 139: "Lots of overflow text."
    LayoutBR {BR} at (138,104) size 1x0
    LayoutText {#text} at (0,108) size 139x18
      text run at (0,108) width 139: "Lots of overflow text."
    LayoutBR {BR} at (138,122) size 1x0
    LayoutText {#text} at (0,126) size 139x18
      text run at (0,126) width 139: "Lots of overflow text."
    LayoutBR {BR} at (138,140) size 1x0
    LayoutText {#text} at (0,144) size 139x18
      text run at (0,144) width 139: "Lots of overflow text."
    LayoutBR {BR} at (138,158) size 1x0
    LayoutText {#text} at (0,162) size 139x18
      text run at (0,162) width 139: "Lots of overflow text."
    LayoutBR {BR} at (138,176) size 1x0
    LayoutText {#text} at (0,180) size 139x18
      text run at (0,180) width 139: "Lots of overflow text."
    LayoutBR {BR} at (138,194) size 1x0
    LayoutText {#text} at (0,198) size 139x18
      text run at (0,198) width 139: "Lots of overflow text."
    LayoutBR {BR} at (138,212) size 1x0
    LayoutText {#text} at (0,216) size 139x18
      text run at (0,216) width 139: "Lots of overflow text."
    LayoutBR {BR} at (138,230) size 1x0
    LayoutText {#text} at (0,234) size 139x18
      text run at (0,234) width 139: "Lots of overflow text."
    LayoutBR {BR} at (138,248) size 1x0
    LayoutText {#text} at (0,252) size 139x18
      text run at (0,252) width 139: "Lots of overflow text."
    LayoutBR {BR} at (138,266) size 1x0
    LayoutText {#text} at (0,270) size 139x18
      text run at (0,270) width 139: "Lots of overflow text."
    LayoutBR {BR} at (138,284) size 1x0
    LayoutText {#text} at (0,288) size 139x18
      text run at (0,288) width 139: "Lots of overflow text."
    LayoutBR {BR} at (138,302) size 1x0
    LayoutText {#text} at (0,306) size 139x18
      text run at (0,306) width 139: "Lots of overflow text."
    LayoutBR {BR} at (138,320) size 1x0
    LayoutText {#text} at (0,324) size 139x18
      text run at (0,324) width 139: "Lots of overflow text."
    LayoutBR {BR} at (138,338) size 1x0
    LayoutText {#text} at (0,342) size 139x18
      text run at (0,342) width 139: "Lots of overflow text."
    LayoutBR {BR} at (138,356) size 1x0
    LayoutText {#text} at (0,360) size 139x18
      text run at (0,360) width 139: "Lots of overflow text."
    LayoutBR {BR} at (138,374) size 1x0
    LayoutText {#text} at (0,378) size 139x18
      text run at (0,378) width 139: "Lots of overflow text."
    LayoutBR {BR} at (138,392) size 1x0
    LayoutText {#text} at (0,396) size 139x18
      text run at (0,396) width 139: "Lots of overflow text."
    LayoutBR {BR} at (138,410) size 1x0
    LayoutText {#text} at (0,414) size 139x18
      text run at (0,414) width 139: "Lots of overflow text."
    LayoutBR {BR} at (138,428) size 1x0
