layer at (0,0) size 800x600 clip at (0,0) size 785x585 scrollHeight 990
  LayoutView at (0,0) size 800x600
layer at (0,0) size 785x585
  LayoutBlockFlow {HTML} at (0,0) size 785x585
    LayoutBlockFlow {BODY} at (0,0) size 785x585
      LayoutText {#text} at (0,0) size 425x18
        text run at (0,0) width 425: "ffffffffffffffffffffffffffffffffffffffffffffffffffffffffffffffffffffffffffffffffffff"
      LayoutBR {BR} at (424,14) size 1x0
      LayoutText {#text} at (0,18) size 425x18
        text run at (0,18) width 425: "ffffffffffffffffffffffffffffffffffffffffffffffffffffffffffffffffffffffffffffffffffff"
      LayoutBR {BR} at (424,32) size 1x0
      LayoutText {#text} at (0,36) size 425x18
        text run at (0,36) width 425: "ffffffffffffffffffffffffffffffffffffffffffffffffffffffffffffffffffffffffffffffffffff"
      LayoutBR {BR} at (424,50) size 1x0
      LayoutText {#text} at (0,54) size 425x18
        text run at (0,54) width 425: "ffffffffffffffffffffffffffffffffffffffffffffffffffffffffffffffffffffffffffffffffffff"
      LayoutBR {BR} at (424,68) size 1x0
      LayoutText {#text} at (0,72) size 425x18
        text run at (0,72) width 425: "ffffffffffffffffffffffffffffffffffffffffffffffffffffffffffffffffffffffffffffffffffff"
      LayoutBR {BR} at (424,86) size 1x0
      LayoutText {#text} at (0,90) size 425x18
        text run at (0,90) width 425: "ffffffffffffffffffffffffffffffffffffffffffffffffffffffffffffffffffffffffffffffffffff"
      LayoutBR {BR} at (424,104) size 1x0
      LayoutText {#text} at (0,108) size 425x18
        text run at (0,108) width 425: "ffffffffffffffffffffffffffffffffffffffffffffffffffffffffffffffffffffffffffffffffffff"
      LayoutBR {BR} at (424,122) size 1x0
      LayoutText {#text} at (0,126) size 425x18
        text run at (0,126) width 425: "ffffffffffffffffffffffffffffffffffffffffffffffffffffffffffffffffffffffffffffffffffff"
      LayoutBR {BR} at (424,140) size 1x0
      LayoutText {#text} at (0,144) size 425x18
        text run at (0,144) width 425: "ffffffffffffffffffffffffffffffffffffffffffffffffffffffffffffffffffffffffffffffffffff"
      LayoutBR {BR} at (424,158) size 1x0
      LayoutText {#text} at (0,162) size 425x18
        text run at (0,162) width 425: "ffffffffffffffffffffffffffffffffffffffffffffffffffffffffffffffffffffffffffffffffffff"
      LayoutBR {BR} at (424,176) size 1x0
      LayoutText {#text} at (0,180) size 425x18
        text run at (0,180) width 425: "ffffffffffffffffffffffffffffffffffffffffffffffffffffffffffffffffffffffffffffffffffff"
      LayoutBR {BR} at (424,194) size 1x0
      LayoutText {#text} at (0,198) size 425x18
        text run at (0,198) width 425: "ffffffffffffffffffffffffffffffffffffffffffffffffffffffffffffffffffffffffffffffffffff"
      LayoutBR {BR} at (424,212) size 1x0
      LayoutText {#text} at (0,216) size 425x18
        text run at (0,216) width 425: "ffffffffffffffffffffffffffffffffffffffffffffffffffffffffffffffffffffffffffffffffffff"
      LayoutBR {BR} at (424,230) size 1x0
      LayoutText {#text} at (0,234) size 425x18
        text run at (0,234) width 425: "ffffffffffffffffffffffffffffffffffffffffffffffffffffffffffffffffffffffffffffffffffff"
      LayoutBR {BR} at (424,248) size 1x0
      LayoutText {#text} at (0,252) size 425x18
        text run at (0,252) width 425: "ffffffffffffffffffffffffffffffffffffffffffffffffffffffffffffffffffffffffffffffffffff"
      LayoutBR {BR} at (424,266) size 1x0
      LayoutText {#text} at (0,270) size 425x18
        text run at (0,270) width 425: "ffffffffffffffffffffffffffffffffffffffffffffffffffffffffffffffffffffffffffffffffffff"
      LayoutBR {BR} at (424,284) size 1x0
      LayoutText {#text} at (0,288) size 425x18
        text run at (0,288) width 425: "ffffffffffffffffffffffffffffffffffffffffffffffffffffffffffffffffffffffffffffffffffff"
      LayoutBR {BR} at (424,302) size 1x0
      LayoutText {#text} at (0,306) size 425x18
        text run at (0,306) width 425: "ffffffffffffffffffffffffffffffffffffffffffffffffffffffffffffffffffffffffffffffffffff"
      LayoutBR {BR} at (424,320) size 1x0
      LayoutText {#text} at (0,324) size 425x18
        text run at (0,324) width 425: "ffffffffffffffffffffffffffffffffffffffffffffffffffffffffffffffffffffffffffffffffffff"
      LayoutBR {BR} at (424,338) size 1x0
      LayoutText {#text} at (0,342) size 425x18
        text run at (0,342) width 425: "ffffffffffffffffffffffffffffffffffffffffffffffffffffffffffffffffffffffffffffffffffff"
      LayoutBR {BR} at (424,356) size 1x0
      LayoutText {#text} at (0,360) size 425x18
        text run at (0,360) width 425: "ffffffffffffffffffffffffffffffffffffffffffffffffffffffffffffffffffffffffffffffffffff"
      LayoutBR {BR} at (424,374) size 1x0
      LayoutText {#text} at (0,378) size 425x18
        text run at (0,378) width 425: "ffffffffffffffffffffffffffffffffffffffffffffffffffffffffffffffffffffffffffffffffffff"
      LayoutBR {BR} at (424,392) size 1x0
      LayoutText {#text} at (0,396) size 425x18
        text run at (0,396) width 425: "ffffffffffffffffffffffffffffffffffffffffffffffffffffffffffffffffffffffffffffffffffff"
      LayoutBR {BR} at (424,410) size 1x0
      LayoutText {#text} at (0,414) size 425x18
        text run at (0,414) width 425: "ffffffffffffffffffffffffffffffffffffffffffffffffffffffffffffffffffffffffffffffffffff"
      LayoutBR {BR} at (424,428) size 1x0
      LayoutText {#text} at (0,432) size 425x18
        text run at (0,432) width 425: "ffffffffffffffffffffffffffffffffffffffffffffffffffffffffffffffffffffffffffffffffffff"
      LayoutBR {BR} at (424,446) size 1x0
      LayoutText {#text} at (0,450) size 425x18
        text run at (0,450) width 425: "ffffffffffffffffffffffffffffffffffffffffffffffffffffffffffffffffffffffffffffffffffff"
      LayoutBR {BR} at (424,464) size 1x0
      LayoutText {#text} at (0,468) size 425x18
        text run at (0,468) width 425: "ffffffffffffffffffffffffffffffffffffffffffffffffffffffffffffffffffffffffffffffffffff"
      LayoutBR {BR} at (424,482) size 1x0
      LayoutText {#text} at (0,486) size 425x18
        text run at (0,486) width 425: "ffffffffffffffffffffffffffffffffffffffffffffffffffffffffffffffffffffffffffffffffffff"
      LayoutBR {BR} at (424,500) size 1x0
      LayoutText {#text} at (0,504) size 425x18
        text run at (0,504) width 425: "ffffffffffffffffffffffffffffffffffffffffffffffffffffffffffffffffffffffffffffffffffff"
      LayoutBR {BR} at (424,518) size 1x0
      LayoutText {#text} at (0,522) size 425x18
        text run at (0,522) width 425: "ffffffffffffffffffffffffffffffffffffffffffffffffffffffffffffffffffffffffffffffffffff"
      LayoutBR {BR} at (424,536) size 1x0
      LayoutText {#text} at (0,540) size 425x18
        text run at (0,540) width 425: "ffffffffffffffffffffffffffffffffffffffffffffffffffffffffffffffffffffffffffffffffffff"
      LayoutBR {BR} at (424,554) size 1x0
      LayoutText {#text} at (0,558) size 425x18
        text run at (0,558) width 425: "ffffffffffffffffffffffffffffffffffffffffffffffffffffffffffffffffffffffffffffffffffff"
      LayoutBR {BR} at (424,572) size 1x0
      LayoutText {#text} at (0,576) size 425x18
        text run at (0,576) width 425: "ffffffffffffffffffffffffffffffffffffffffffffffffffffffffffffffffffffffffffffffffffff"
      LayoutBR {BR} at (424,590) size 1x0
      LayoutText {#text} at (0,594) size 425x18
        text run at (0,594) width 425: "ffffffffffffffffffffffffffffffffffffffffffffffffffffffffffffffffffffffffffffffffffff"
      LayoutBR {BR} at (424,608) size 1x0
      LayoutText {#text} at (0,612) size 425x18
        text run at (0,612) width 425: "ffffffffffffffffffffffffffffffffffffffffffffffffffffffffffffffffffffffffffffffffffff"
      LayoutBR {BR} at (424,626) size 1x0
      LayoutText {#text} at (0,630) size 425x18
        text run at (0,630) width 425: "ffffffffffffffffffffffffffffffffffffffffffffffffffffffffffffffffffffffffffffffffffff"
      LayoutBR {BR} at (424,644) size 1x0
      LayoutText {#text} at (0,648) size 425x18
        text run at (0,648) width 425: "ffffffffffffffffffffffffffffffffffffffffffffffffffffffffffffffffffffffffffffffffffff"
      LayoutBR {BR} at (424,662) size 1x0
      LayoutText {#text} at (0,666) size 425x18
        text run at (0,666) width 425: "ffffffffffffffffffffffffffffffffffffffffffffffffffffffffffffffffffffffffffffffffffff"
      LayoutBR {BR} at (424,680) size 1x0
      LayoutText {#text} at (0,684) size 425x18
        text run at (0,684) width 425: "ffffffffffffffffffffffffffffffffffffffffffffffffffffffffffffffffffffffffffffffffffff"
      LayoutBR {BR} at (424,698) size 1x0
      LayoutText {#text} at (0,702) size 425x18
        text run at (0,702) width 425: "ffffffffffffffffffffffffffffffffffffffffffffffffffffffffffffffffffffffffffffffffffff"
      LayoutBR {BR} at (424,716) size 1x0
      LayoutText {#text} at (0,720) size 425x18
        text run at (0,720) width 425: "ffffffffffffffffffffffffffffffffffffffffffffffffffffffffffffffffffffffffffffffffffff"
      LayoutBR {BR} at (424,734) size 1x0
      LayoutText {#text} at (0,738) size 425x18
        text run at (0,738) width 425: "ffffffffffffffffffffffffffffffffffffffffffffffffffffffffffffffffffffffffffffffffffff"
      LayoutBR {BR} at (424,752) size 1x0
      LayoutText {#text} at (0,756) size 425x18
        text run at (0,756) width 425: "ffffffffffffffffffffffffffffffffffffffffffffffffffffffffffffffffffffffffffffffffffff"
      LayoutBR {BR} at (424,770) size 1x0
      LayoutText {#text} at (0,774) size 425x18
        text run at (0,774) width 425: "ffffffffffffffffffffffffffffffffffffffffffffffffffffffffffffffffffffffffffffffffffff"
      LayoutBR {BR} at (424,788) size 1x0
      LayoutText {#text} at (0,792) size 425x18
        text run at (0,792) width 425: "ffffffffffffffffffffffffffffffffffffffffffffffffffffffffffffffffffffffffffffffffffff"
      LayoutBR {BR} at (424,806) size 1x0
      LayoutText {#text} at (0,810) size 425x18
        text run at (0,810) width 425: "ffffffffffffffffffffffffffffffffffffffffffffffffffffffffffffffffffffffffffffffffffff"
      LayoutBR {BR} at (424,824) size 1x0
      LayoutText {#text} at (0,828) size 425x18
        text run at (0,828) width 425: "ffffffffffffffffffffffffffffffffffffffffffffffffffffffffffffffffffffffffffffffffffff"
      LayoutBR {BR} at (424,842) size 1x0
      LayoutText {#text} at (0,846) size 425x18
        text run at (0,846) width 425: "ffffffffffffffffffffffffffffffffffffffffffffffffffffffffffffffffffffffffffffffffffff"
      LayoutBR {BR} at (424,860) size 1x0
      LayoutText {#text} at (0,864) size 425x18
        text run at (0,864) width 425: "ffffffffffffffffffffffffffffffffffffffffffffffffffffffffffffffffffffffffffffffffffff"
      LayoutBR {BR} at (424,878) size 1x0
      LayoutText {#text} at (0,882) size 425x18
        text run at (0,882) width 425: "ffffffffffffffffffffffffffffffffffffffffffffffffffffffffffffffffffffffffffffffffffff"
      LayoutBR {BR} at (424,896) size 1x0
      LayoutText {#text} at (0,900) size 425x18
        text run at (0,900) width 425: "ffffffffffffffffffffffffffffffffffffffffffffffffffffffffffffffffffffffffffffffffffff"
      LayoutBR {BR} at (424,914) size 1x0
      LayoutText {#text} at (0,918) size 425x18
        text run at (0,918) width 425: "ffffffffffffffffffffffffffffffffffffffffffffffffffffffffffffffffffffffffffffffffffff"
      LayoutBR {BR} at (424,932) size 1x0
      LayoutText {#text} at (0,936) size 425x18
        text run at (0,936) width 425: "ffffffffffffffffffffffffffffffffffffffffffffffffffffffffffffffffffffffffffffffffffff"
      LayoutBR {BR} at (424,950) size 1x0
      LayoutText {#text} at (0,954) size 425x18
        text run at (0,954) width 425: "ffffffffffffffffffffffffffffffffffffffffffffffffffffffffffffffffffffffffffffffffffff"
      LayoutBR {BR} at (424,968) size 1x0
      LayoutText {#text} at (0,972) size 425x18
        text run at (0,972) width 425: "ffffffffffffffffffffffffffffffffffffffffffffffffffffffffffffffffffffffffffffffffffff"
      LayoutBR {BR} at (424,986) size 1x0
