layer at (0,0) size 800x600
  LayoutView at (0,0) size 800x600
layer at (0,0) size 800x600
  LayoutBlockFlow {HTML} at (0,0) size 800x600
    LayoutBlockFlow {BODY} at (8,8) size 784x584
      LayoutBlockFlow (anonymous) at (0,200) size 784x18
        LayoutText {#text} at (0,0) size 596x18
          text run at (0,0) width 365: "The word 'PASSED' should be scrolled into view above. "
          text run at (364,0) width 232: "If you don't see it the test has failed."
        LayoutText {#text} at (0,0) size 0x0
layer at (8,8) size 200x200 clip at (8,8) size 185x185 scrollX 200.00 scrollY 200.00 scrollWidth 400 scrollHeight 400
  LayoutBlockFlow {DIV} at (0,0) size 200x200
    LayoutBlockFlow {DIV} at (0,0) size 400x400 [color=#FFFFFF] [bgcolor=#008000]
      LayoutText {#text} at (200,200) size 59x18
        text run at (200,200) width 59: "PASSED"
