layer at (0,0) size 800x600
  LayoutView at (0,0) size 800x600
layer at (0,0) size 800x600
  LayoutBlockFlow {HTML} at (0,0) size 800x600
    LayoutBlockFlow {BODY} at (8,8) size 784x584
layer at (8,8) size 250x43 clip at (8,8) size 250x28 scrollWidth 330
  LayoutBlockFlow {DIV} at (0,0) size 250x43
    LayoutBlockFlow {DIV} at (0,0) size 250x28
      LayoutInline {A} at (0,0) size 325x18
        LayoutText {#text} at (5,5) size 325x18
          text run at (5,5) width 325: "focused overflow:auto text that doesn't fit in its div"
      LayoutText {#text} at (0,0) size 0x0
