layer at (0,0) size 800x600
  LayoutView at (0,0) size 800x600
layer at (0,0) size 800x600
  LayoutBlockFlow {HTML} at (0,0) size 800x600
    LayoutBlockFlow {BODY} at (8,8) size 784x576
      LayoutBlockFlow {P} at (0,0) size 784x36
        LayoutText {#text} at (0,0) size 54x18
          text run at (0,0) width 54: "Test for "
        LayoutInline {I} at (0,0) size 763x36
          LayoutInline {A} at (0,0) size 305x18 [color=#0000EE]
            LayoutText {#text} at (53,0) size 305x18
              text run at (53,0) width 305: "http://bugs.webkit.org/show_bug.cgi?id=13353"
          LayoutText {#text} at (357,0) size 763x36
            text run at (357,0) width 5: " "
            text run at (361,0) width 402: "REGRESSION (r20754-20766): Textarea does not resize when"
            text run at (0,18) width 124: "scrollbar is present"
        LayoutText {#text} at (123,18) size 5x18
          text run at (123,18) width 5: "."
      LayoutBlockFlow {P} at (0,52) size 784x18
        LayoutText {#text} at (0,0) size 760x18
          text run at (0,0) width 584: "To test interactively, verify that you can resize each of the boxes below. The automatic test "
          text run at (583,0) width 177: "resizes them to 125 by 125."
      LayoutBlockFlow (floating) {DIV} at (0,86) size 125x125 [bgcolor=#FF0000]
      LayoutBlockFlow (floating) {DIV} at (135,86) size 125x125 [bgcolor=#FF0000]
      LayoutBlockFlow (floating) {DIV} at (270,86) size 125x125 [bgcolor=#FF0000]
      LayoutBlockFlow (floating) {DIV} at (405,86) size 125x125 [bgcolor=#FF0000]
layer at (8,94) size 125x125
  LayoutBlockFlow {DIV} at (0,0) size 125x125 [bgcolor=#008000]
    LayoutBlockFlow {DIV} at (0,0) size 100x100
layer at (143,94) size 125x125 clip at (143,94) size 110x110
  LayoutBlockFlow {DIV} at (0,0) size 125x125 [bgcolor=#008000]
    LayoutBlockFlow {DIV} at (0,0) size 100x100
layer at (278,94) size 125x125 clip at (278,94) size 110x125
  LayoutBlockFlow {DIV} at (0,0) size 125x125 [bgcolor=#008000]
    LayoutBlockFlow {DIV} at (0,0) size 100x100
layer at (413,94) size 125x125 clip at (413,94) size 125x110
  LayoutBlockFlow {DIV} at (0,0) size 125x125 [bgcolor=#008000]
    LayoutBlockFlow {DIV} at (0,0) size 100x100
