layer at (0,0) size 800x600
  LayoutView at (0,0) size 800x600
layer at (0,0) size 800x600
  LayoutBlockFlow {HTML} at (0,0) size 800x600
    LayoutBlockFlow {BODY} at (8,8) size 784x584
      LayoutBlockFlow {P} at (0,0) size 784x36
        LayoutText {#text} at (0,0) size 218x18
          text run at (0,0) width 218: "This tests for a regression against "
        LayoutInline {I} at (0,0) size 745x36
          LayoutInline {A} at (0,0) size 354x18 [color=#0000EE]
            LayoutText {#text} at (217,0) size 354x18
              text run at (217,0) width 354: "http://bugzilla.opendarwin.org/show_bug.cgi?id=6673"
          LayoutText {#text} at (570,0) size 745x36
            text run at (570,0) width 5: " "
            text run at (574,0) width 171: "Selection highlight doesn't"
            text run at (0,18) width 414: "scroll along with an image contained in an overflow:scroll block"
        LayoutText {#text} at (413,18) size 5x18
          text run at (413,18) width 5: "."
      LayoutBlockFlow {P} at (0,52) size 784x36
        LayoutText {#text} at (0,0) size 763x36
          text run at (0,0) width 421: "There should be one contiguous highlight from \x{201C}elit\x{201D} to \x{201C}Etiam\x{201D}, "
          text run at (420,0) width 343: "including the orange square, and no other highlighted"
          text run at (0,18) width 37: "areas."
      LayoutBlockFlow {HR} at (0,104) size 784x2 [border: (1px inset #EEEEEE)]
layer at (8,122) size 100x200 clip at (8,122) size 85x200 scrollY 40.00 scrollHeight 288
  LayoutBlockFlow {DIV} at (0,114) size 100x200
    LayoutText {#text} at (0,0) size 80x108
      text run at (0,0) width 43: "Lorem"
      text run at (0,18) width 77: "ipsum dolor"
      text run at (0,36) width 55: "sit amet,"
      text run at (0,54) width 80: "consectetuer"
      text run at (0,72) width 66: "adipiscing"
      text run at (0,90) width 29: "elit. "
    LayoutImage {IMG} at (28.44,94) size 10x10
    LayoutText {#text} at (38,90) size 85x198
      text run at (38,90) width 5: " "
      text run at (42,90) width 39: "Etiam"
      text run at (0,108) width 59: "et ipsum."
      text run at (0,126) width 32: "Nam"
      text run at (0,144) width 80: "consectetuer"
      text run at (0,162) width 84: "mi eget velit."
      text run at (0,180) width 85: "Sed nec risus"
      text run at (0,198) width 63: "vitae felis"
      text run at (0,216) width 40: "auctor"
      text run at (0,234) width 56: "ultricies."
      text run at (0,252) width 81: "Pellentesque"
      text run at (0,270) width 56: "aliquet..."
selection start: position 58 of child 0 {#text} of child 7 {DIV} of body
selection end:   position 11 of child 2 {#text} of child 7 {DIV} of body
