layer at (0,0) size 800x600
  LayoutView at (0,0) size 800x600
layer at (0,0) size 800x600
  LayoutBlockFlow {HTML} at (0,0) size 800x600
    LayoutBlockFlow {BODY} at (8,8) size 784x584
layer at (8,8) size 43x19
  LayoutBlockFlow (floating) {DIV} at (0,0) size 42.63x19
    LayoutBlockFlow (floating) {LABEL} at (0,0) size 22.19x19
      LayoutText {#text} at (0,0) size 23x18
        text run at (0,0) width 23: "foo"
    LayoutInline {SPAN} at (0,0) size 21x18
      LayoutText {#text} at (22,0) size 21x18
        text run at (22,0) width 21: "bar"
    LayoutText {#text} at (0,0) size 0x0
