layer at (0,0) size 800x600
  LayoutView at (0,0) size 800x600
layer at (0,0) size 800x600
  LayoutBlockFlow {HTML} at (0,0) size 800x600
    LayoutBlockFlow {BODY} at (8,8) size 784x584
layer at (8,8) size 168x86 clip at (18,18) size 148x66
  LayoutBlockFlow (floating) {DIV} at (0,0) size 167.58x86 [border: (10px solid #FF0000)]
    LayoutBlockFlow (floating) {IMG} at (10,10) size 86x66
    LayoutBlockFlow {DIV} at (10,10) size 147.58x12
      LayoutText {#text} at (92,0) size 7x12
        text run at (92,0) width 7: "x"
    LayoutBlockFlow {DIV} at (10,22) size 147.58x48
      LayoutText {#text} at (92,0) size 49x48
        text run at (92,0) width 42: "Ted and"
        text run at (92,12) width 17: "the"
        text run at (92,24) width 49: "miniature"
        text run at (92,36) width 32: "Teddy"
layer at (18,18) size 86x66 clip at (19,19) size 84x64
  LayoutBlockFlow {DIV} at (0,0) size 86x66 [border: (1px solid #C0C0C0)]
layer at (20,20) size 82x0
  LayoutBlockFlow {DIV} at (2,2) size 82x0
