layer at (0,0) size 800x600
  LayoutView at (0,0) size 800x600
layer at (0,0) size 800x600
  LayoutBlockFlow {HTML} at (0,0) size 800x600
    LayoutBlockFlow {BODY} at (8,8) size 784x584
      LayoutBlockFlow {P} at (0,0) size 784x36
        LayoutText {#text} at (0,0) size 218x18
          text run at (0,0) width 218: "This tests for a regression against "
        LayoutInline {I} at (0,0) size 731x36
          LayoutInline {A} at (0,0) size 354x18 [color=#0000EE]
            LayoutText {#text} at (217,0) size 354x18
              text run at (217,0) width 354: "http://bugzilla.opendarwin.org/show_bug.cgi?id=6618"
          LayoutText {#text} at (570,0) size 731x36
            text run at (570,0) width 5: " "
            text run at (574,0) width 157: "Inline in RTL block with"
            text run at (0,18) width 348: "overflow:auto and left border makes scroll bar appear"
        LayoutText {#text} at (347,18) size 5x18
          text run at (347,18) width 5: "."
      LayoutBlockFlow {HR} at (0,52) size 784x2 [border: (1px inset #EEEEEE)]
layer at (8,70) size 784x18 clip at (18,70) size 774x18
  LayoutBlockFlow {DIV} at (0,62) size 784x18 [border: none (10px solid #0000FF)]
    LayoutText {#text} at (462,0) size 322x18
      text run at (462,0) width 120: "This block should "
      text run at (780,0) width 4 RTL: "."
    LayoutInline {EM} at (0,0) size 21x18
      LayoutText {#text} at (581,0) size 21x18
        text run at (581,0) width 21: "not"
    LayoutText {#text} at (601,0) size 179x18
      text run at (601,0) width 179: " have a horizontal scroll bar"
