layer at (0,0) size 800x600 scrollY 1552.00 scrollHeight 2152
  LayoutView at (0,0) size 800x600
layer at (0,0) size 800x2152 backgroundClip at (0,0) size 800x600 clip at (0,0) size 800x600
  LayoutBlockFlow {HTML} at (0,0) size 800x2151.81
    LayoutBlockFlow {BODY} at (8,16) size 784x2119.81
      LayoutBlockFlow {P} at (0,0) size 784x18
        LayoutText {#text} at (0,0) size 625x18
          text run at (0,0) width 625: "Scrolling should occur even when the frame's overflow is hidden (i.e. it has no visible scrollbars)."
      LayoutBlockFlow {DIV} at (0,34) size 784x2000
        LayoutInline {A} at (0,0) size 67x18 [color=#0000EE]
          LayoutText {#text} at (0,0) size 67x18
            text run at (0,0) width 67: "Click here"
        LayoutText {#text} at (0,0) size 0x0
      LayoutBlockFlow {H2} at (0,2053.91) size 784x28
        LayoutText {#text} at (0,0) size 118x28
          text run at (0,0) width 118: "Test Passed"
      LayoutBlockFlow {P} at (0,2101.81) size 784x18
        LayoutText {#text} at (0,0) size 509x18
          text run at (0,0) width 509: "The test should have automatically scrolled down to show \"Test Passed\" above."
scrolled to 0,1552
