layer at (0,0) size 800x600 clip at (0,0) size 785x600 scrollY 25.00 scrollHeight 2000
  LayoutView at (0,0) size 800x600
layer at (0,0) size 785x2000 backgroundClip at (0,0) size 785x600 clip at (0,0) size 785x600
  LayoutBlockFlow {HTML} at (0,0) size 785x2000
    LayoutBlockFlow {BODY} at (0,0) size 785x2000
layer at (0,116) size 310x36
  LayoutBlockFlow (positioned) {P} at (0,116) size 309.63x36
    LayoutInline {A} at (0,0) size 310x18 [color=#0000EE]
      LayoutText {#text} at (0,0) size 310x18
        text run at (0,0) width 310: "https://bugs.webkit.org/show_bug.cgi?id=29346"
    LayoutBR {BR} at (309,14) size 1x0
    LayoutText {#text} at (0,18) size 247x18
      text run at (0,18) width 247: "Green box should fill the black border."
layer at (0,25) size 404x54 clip at (2,27) size 400x50
  LayoutBlockFlow (positioned) {DIV} at (0,0) size 404x54 [border: (2px solid #000000)]
layer at (2,27) size 400x50
  LayoutBlockFlow {DIV} at (2,2) size 400x50 [bgcolor=#008000]
scrolled to 0,25
