layer at (0,0) size 800x600
  LayoutView at (0,0) size 800x600
layer at (0,0) size 800x600
  LayoutBlockFlow {HTML} at (0,0) size 800x600
    LayoutBlockFlow {BODY} at (8,8) size 784x584
      LayoutTable {TABLE} at (0,0) size 106x106
        LayoutTableSection {TBODY} at (0,0) size 106x106
          LayoutTableRow {TR} at (0,2) size 106x102
            LayoutTableCell {TD} at (2,2) size 102x102 [bgcolor=#CCCCCC] [r=0 c=0 rs=1 cs=1]
      LayoutBlockFlow (anonymous) at (0,106) size 784x126
        LayoutText {#text} at (0,0) size 778x36
          text run at (0,0) width 778: "Here it is: a gray, one-cell, no-width-specified table, with a 100x100 scrolling (overflow:auto) div inside. In this div, there"
          text run at (0,18) width 377: "are floating (float: left) span tags with content inside (text)."
        LayoutBR {BR} at (376,32) size 1x0
        LayoutBR {BR} at (0,36) size 0x18
        LayoutText {#text} at (0,54) size 757x36
          text run at (0,54) width 757: "You would expect that the table would expand to fit the defined width of the div tag. But in Safari and Shiira, the table"
          text run at (0,72) width 199: "expands to fit the height of the "
        LayoutInline {I} at (0,0) size 138x18
          LayoutText {#text} at (198,72) size 138x18
            text run at (198,72) width 138: "content inside the div"
        LayoutText {#text} at (335,72) size 778x36
          text run at (335,72) width 443: ", not the height of the div. This behavior does not occur if the content"
          text run at (0,90) width 87: "is not floated."
        LayoutBR {BR} at (86,104) size 1x0
        LayoutBR {BR} at (0,108) size 0x18
layer at (11,11) size 100x100 clip at (11,11) size 85x100 scrollHeight 306
  LayoutBlockFlow {DIV} at (1,1) size 100x100
    LayoutBlockFlow (floating) {SPAN} at (0,0) size 29.05x18
      LayoutText {#text} at (0,0) size 30x18
        text run at (0,0) width 30: "stuff"
    LayoutBlockFlow (floating) {SPAN} at (29.05,0) size 29.05x18
      LayoutText {#text} at (0,0) size 30x18
        text run at (0,0) width 30: "stuff"
    LayoutBlockFlow (floating) {SPAN} at (0,18) size 29.05x18
      LayoutText {#text} at (0,0) size 30x18
        text run at (0,0) width 30: "stuff"
    LayoutBlockFlow (floating) {SPAN} at (29.05,18) size 29.05x18
      LayoutText {#text} at (0,0) size 30x18
        text run at (0,0) width 30: "stuff"
    LayoutBlockFlow (floating) {SPAN} at (0,36) size 29.05x18
      LayoutText {#text} at (0,0) size 30x18
        text run at (0,0) width 30: "stuff"
    LayoutBlockFlow (floating) {SPAN} at (29.05,36) size 29.05x18
      LayoutText {#text} at (0,0) size 30x18
        text run at (0,0) width 30: "stuff"
    LayoutBlockFlow (floating) {SPAN} at (0,54) size 29.05x18
      LayoutText {#text} at (0,0) size 30x18
        text run at (0,0) width 30: "stuff"
    LayoutBlockFlow (floating) {SPAN} at (29.05,54) size 29.05x18
      LayoutText {#text} at (0,0) size 30x18
        text run at (0,0) width 30: "stuff"
    LayoutBlockFlow (floating) {SPAN} at (0,72) size 29.05x18
      LayoutText {#text} at (0,0) size 30x18
        text run at (0,0) width 30: "stuff"
    LayoutBlockFlow (floating) {SPAN} at (29.05,72) size 29.05x18
      LayoutText {#text} at (0,0) size 30x18
        text run at (0,0) width 30: "stuff"
    LayoutBlockFlow (floating) {SPAN} at (0,90) size 29.05x18
      LayoutText {#text} at (0,0) size 30x18
        text run at (0,0) width 30: "stuff"
    LayoutBlockFlow (floating) {SPAN} at (29.05,90) size 29.05x18
      LayoutText {#text} at (0,0) size 30x18
        text run at (0,0) width 30: "stuff"
    LayoutBlockFlow (floating) {SPAN} at (0,108) size 29.05x18
      LayoutText {#text} at (0,0) size 30x18
        text run at (0,0) width 30: "stuff"
    LayoutBlockFlow (floating) {SPAN} at (29.05,108) size 29.05x18
      LayoutText {#text} at (0,0) size 30x18
        text run at (0,0) width 30: "stuff"
    LayoutBlockFlow (floating) {SPAN} at (0,126) size 29.05x18
      LayoutText {#text} at (0,0) size 30x18
        text run at (0,0) width 30: "stuff"
    LayoutBlockFlow (floating) {SPAN} at (29.05,126) size 29.05x18
      LayoutText {#text} at (0,0) size 30x18
        text run at (0,0) width 30: "stuff"
    LayoutBlockFlow (floating) {SPAN} at (0,144) size 29.05x18
      LayoutText {#text} at (0,0) size 30x18
        text run at (0,0) width 30: "stuff"
    LayoutBlockFlow (floating) {SPAN} at (29.05,144) size 29.05x18
      LayoutText {#text} at (0,0) size 30x18
        text run at (0,0) width 30: "stuff"
    LayoutBlockFlow (floating) {SPAN} at (0,162) size 29.05x18
      LayoutText {#text} at (0,0) size 30x18
        text run at (0,0) width 30: "stuff"
    LayoutBlockFlow (floating) {SPAN} at (29.05,162) size 29.05x18
      LayoutText {#text} at (0,0) size 30x18
        text run at (0,0) width 30: "stuff"
    LayoutBlockFlow (floating) {SPAN} at (0,180) size 29.05x18
      LayoutText {#text} at (0,0) size 30x18
        text run at (0,0) width 30: "stuff"
    LayoutBlockFlow (floating) {SPAN} at (29.05,180) size 29.05x18
      LayoutText {#text} at (0,0) size 30x18
        text run at (0,0) width 30: "stuff"
    LayoutBlockFlow (floating) {SPAN} at (0,198) size 29.05x18
      LayoutText {#text} at (0,0) size 30x18
        text run at (0,0) width 30: "stuff"
    LayoutBlockFlow (floating) {SPAN} at (29.05,198) size 29.05x18
      LayoutText {#text} at (0,0) size 30x18
        text run at (0,0) width 30: "stuff"
    LayoutBlockFlow (floating) {SPAN} at (0,216) size 29.05x18
      LayoutText {#text} at (0,0) size 30x18
        text run at (0,0) width 30: "stuff"
    LayoutBlockFlow (floating) {SPAN} at (29.05,216) size 29.05x18
      LayoutText {#text} at (0,0) size 30x18
        text run at (0,0) width 30: "stuff"
    LayoutBlockFlow (floating) {SPAN} at (0,234) size 29.05x18
      LayoutText {#text} at (0,0) size 30x18
        text run at (0,0) width 30: "stuff"
    LayoutBlockFlow (floating) {SPAN} at (29.05,234) size 29.05x18
      LayoutText {#text} at (0,0) size 30x18
        text run at (0,0) width 30: "stuff"
    LayoutBlockFlow (floating) {SPAN} at (0,252) size 29.05x18
      LayoutText {#text} at (0,0) size 30x18
        text run at (0,0) width 30: "stuff"
    LayoutBlockFlow (floating) {SPAN} at (29.05,252) size 29.05x18
      LayoutText {#text} at (0,0) size 30x18
        text run at (0,0) width 30: "stuff"
    LayoutBlockFlow (floating) {SPAN} at (0,270) size 29.05x18
      LayoutText {#text} at (0,0) size 30x18
        text run at (0,0) width 30: "stuff"
    LayoutBlockFlow (floating) {SPAN} at (29.05,270) size 29.05x18
      LayoutText {#text} at (0,0) size 30x18
        text run at (0,0) width 30: "stuff"
    LayoutBlockFlow (floating) {SPAN} at (0,288) size 29.05x18
      LayoutText {#text} at (0,0) size 30x18
        text run at (0,0) width 30: "stuff"
    LayoutBlockFlow (floating) {SPAN} at (29.05,288) size 29.05x18
      LayoutText {#text} at (0,0) size 30x18
        text run at (0,0) width 30: "stuff"
