layer at (0,0) size 800x600
  LayoutView at (0,0) size 800x600
layer at (0,0) size 800x600
  LayoutBlockFlow {HTML} at (0,0) size 800x600
    LayoutBlockFlow {BODY} at (8,8) size 784x584
      LayoutBlockFlow (anonymous) at (0,0) size 784x18
        LayoutText {#text} at (0,0) size 34x18
          text run at (0,0) width 34: "LTR:"
      LayoutBlockFlow (anonymous) at (0,124) size 784x18
        LayoutText {#text} at (0,0) size 34x18
          text run at (0,0) width 34: "RTL:"
layer at (8,26) size 106x106 clip at (11,29) size 85x85 scrollWidth 221 scrollHeight 268
  LayoutBlockFlow (relative positioned) {DIV} at (0,18) size 106x106 [border: (3px solid #000000)]
layer at (211,279) size 21x18 backgroundClip at (11,29) size 85x85 clip at (11,29) size 85x85
  LayoutBlockFlow (positioned) {DIV} at (203,253) size 21.33x18
    LayoutText {#text} at (0,0) size 22x18
      text run at (0,0) width 22: "foo"
layer at (8,150) size 106x106 clip at (26,153) size 85x85 scrollX 136.00 scrollWidth 221 scrollHeight 268
  LayoutBlockFlow (relative positioned) {DIV} at (0,142) size 106x106 [border: (3px solid #000000)]
layer at (-110,403) size 21x18 backgroundClip at (26,153) size 85x85 clip at (26,153) size 85x85
  LayoutBlockFlow (positioned) {DIV} at (-118.33,253) size 21.33x18
    LayoutText {#text} at (0,0) size 22x18
      text run at (0,0) width 22: "foo"
