layer at (0,0) size 800x600
  LayoutView at (0,0) size 800x600
layer at (0,0) size 800x600
  LayoutBlockFlow {HTML} at (0,0) size 800x600
    LayoutBlockFlow {BODY} at (8,8) size 784x584
layer at (8,-800) size 2465x41 backgroundClip at (0,0) size 0x0 clip at (0,0) size 0x0
  LayoutBlockFlow (positioned) {DIV} at (8,-800) size 2465.20x41
    LayoutBlockFlow {XMP} at (0,13) size 2465.20x15
      LayoutText {#text} at (0,0) size 2466x15
        text run at (0,0) width 2466: "<span id=\"span1\"><table><tr><td>&nbsp;</td></tr><tr><td>Unauthorized Overtime</td></tr><tr><td>Incorrect Assignment</td></tr><tr><td>Error</td></tr><tr><td>IECPP: Incorrect Account Assignment</td></tr><tr><td>Wrong Activity type</td></tr><tr><td >Wrong Order</td></tr><tr><td >Wrong A/A Type</td></tr></table></span>"
