layer at (0,0) size 800x600
  LayoutView at (0,0) size 800x600
layer at (0,0) size 800x600
  LayoutNGBlockFlow {HTML} at (0,0) size 800x600
    LayoutNGBlockFlow {BODY} at (8,8) size 784x584
      LayoutText {#text} at (0,0) size 316x19
        text run at (0,0) width 181: "CHARACTERS IN XSLT: "
        text run at (181,0) width 135: "\x{414}\x{43E}\x{431}\x{430}\x{432}\x{43B}\x{435}\x{43D}\x{43D}\x{44B}\x{439} \x{442}\x{435}\x{43A}\x{441}\x{442}"
      LayoutBR {BR} at (316,0) size 0x19
      LayoutBR {BR} at (0,20) size 0x19
      LayoutText {#text} at (0,40) size 224x19
        text run at (0,40) width 113: "SOURCE XML: "
        text run at (113,40) width 111: "\x{418}\x{441}\x{445}\x{43E}\x{434}\x{43D}\x{44B}\x{439} \x{442}\x{435}\x{43A}\x{441}\x{442}"
