layer at (0,0) size 800x600
  LayoutView at (0,0) size 800x600
layer at (0,0) size 800x600
  LayoutBlockFlow {HTML} at (0,0) size 800x600
    LayoutBlockFlow {BODY} at (8,8) size 784x584 [bgcolor=#CCCCCC]
      LayoutBlockFlow {P} at (0,0) size 784x20 [bgcolor=#008000]
        LayoutText {#text} at (0,0) size 337x19
          text run at (0,0) width 337: "The style declarations which apply to the text below are:"
      LayoutBlockFlow {PRE} at (0,36) size 784x64
        LayoutText {#text} at (0,0) size 296x64
          text run at (0,0) width 224: "P {background-color: green;}"
          text run at (224,0) width 0: " "
          text run at (0,16) width 240: ".one {background-color: lime;}"
          text run at (240,16) width 0: " "
          text run at (0,32) width 296: ".two {background-color: transparent;}"
          text run at (296,32) width 0: " "
          text run at (0,48) width 0: " "
      LayoutBlockFlow {P} at (0,131) size 784x20 [bgcolor=#008000]
        LayoutText {#text} at (0,0) size 263x19
          text run at (0,0) width 263: "This element's background should be green."
      LayoutBlockFlow {P} at (0,167) size 784x20 [bgcolor=#00FF00]
        LayoutText {#text} at (0,0) size 329x19
          text run at (0,0) width 329: "This element's background should be lime (light green)."
      LayoutBlockFlow {P} at (0,203) size 784x60 [bgcolor=#008000]
        LayoutText {#text} at (0,0) size 620x19
          text run at (0,0) width 620: "This element's background should be green, and the last word in this sentence should also have a green "
        LayoutInline {SPAN} at (0,0) size 72x19
          LayoutText {#text} at (620,0) size 72x19
            text run at (620,0) width 72: "background"
        LayoutText {#text} at (692,0) size 778x59
          text run at (692,0) width 8: ". "
          text run at (700,0) width 38: "This is"
          text run at (0,20) width 778: "because the background color of the parent element (the paragraph) should \"shine through\" the SPANned word \"sentence,\" which"
          text run at (0,40) width 65: "was set to "
        LayoutInline {CODE} at (0,0) size 88x16
          LayoutText {#text} at (65,43) size 88x16
            text run at (65,43) width 88: "transparent"
        LayoutText {#text} at (153,40) size 377x19
          text run at (153,40) width 8: ". "
          text run at (161,40) width 369: "If the document background is visible, the browser is in error."
      LayoutBlockFlow {P} at (0,279) size 784x20
        LayoutText {#text} at (0,0) size 702x19
          text run at (0,0) width 432: "This element should allow the document background to \"shine through.\" "
          text run at (432,0) width 270: "There should be no green backgrounds here!"
      LayoutTable {TABLE} at (0,315) size 784x206 [border: (1px outset #808080)]
        LayoutTableSection {TBODY} at (1,1) size 782x204
          LayoutTableRow {TR} at (0,0) size 782x28
            LayoutTableCell {TD} at (0,0) size 782x28 [bgcolor=#C0C0C0] [border: (1px inset #808080)] [r=0 c=0 rs=1 cs=2]
              LayoutInline {STRONG} at (0,0) size 157x19
                LayoutText {#text} at (4,4) size 157x19
                  text run at (4,4) width 157: "TABLE Testing Section"
          LayoutTableRow {TR} at (0,28) size 782x176
            LayoutTableCell {TD} at (0,102) size 12x28 [bgcolor=#C0C0C0] [border: (1px inset #808080)] [r=1 c=0 rs=1 cs=1]
              LayoutText {#text} at (4,4) size 4x19
                text run at (4,4) width 4: " "
            LayoutTableCell {TD} at (12,28) size 770x176 [border: (1px inset #808080)] [r=1 c=1 rs=1 cs=1]
              LayoutBlockFlow {P} at (4,4) size 762x20 [bgcolor=#008000]
                LayoutText {#text} at (0,0) size 263x19
                  text run at (0,0) width 263: "This element's background should be green."
              LayoutBlockFlow {P} at (4,40) size 762x20 [bgcolor=#00FF00]
                LayoutText {#text} at (0,0) size 329x19
                  text run at (0,0) width 329: "This element's background should be lime (light green)."
              LayoutBlockFlow {P} at (4,76) size 762x60 [bgcolor=#008000]
                LayoutText {#text} at (0,0) size 620x19
                  text run at (0,0) width 620: "This element's background should be green, and the last word in this sentence should also have a green "
                LayoutInline {SPAN} at (0,0) size 72x19
                  LayoutText {#text} at (620,0) size 72x19
                    text run at (620,0) width 72: "background"
                LayoutText {#text} at (692,0) size 739x59
                  text run at (692,0) width 8: ". "
                  text run at (700,0) width 38: "This is"
                  text run at (0,20) width 739: "because the background color of the parent element (the paragraph) should \"shine through\" the SPANned word \"sentence,\""
                  text run at (0,40) width 104: "which was set to "
                LayoutInline {CODE} at (0,0) size 88x16
                  LayoutText {#text} at (104,43) size 88x16
                    text run at (104,43) width 88: "transparent"
                LayoutText {#text} at (192,40) size 377x19
                  text run at (192,40) width 8: ". "
                  text run at (200,40) width 369: "If the document background is visible, the browser is in error."
              LayoutBlockFlow {P} at (4,152) size 762x20
                LayoutText {#text} at (0,0) size 702x19
                  text run at (0,0) width 432: "This element should allow the document background to \"shine through.\" "
                  text run at (432,0) width 270: "There should be no green backgrounds here!"
layer at (8,121) size 784x2 clip at (0,0) size 0x0
  LayoutBlockFlow {HR} at (0,113) size 784x2 [border: (1px inset #EEEEEE)]
