layer at (0,0) size 800x600
  LayoutView at (0,0) size 800x600
layer at (0,0) size 800x52
  LayoutBlockFlow {HTML} at (0,0) size 800x52
    LayoutBlockFlow {BODY} at (8,16) size 784x20
      LayoutBlockFlow {P} at (0,0) size 784x20
        LayoutText {#text} at (0,0) size 289x19
          text run at (0,0) width 289: "Test passes if there is no red visible on the page."
layer at (96,192) size 96x16
  LayoutBlockFlow (positioned) {DIV} at (96,192) size 96x16 [bgcolor=#FF0000]
layer at (0,96) size 96x16
  LayoutBlockFlow (positioned) {DIV} at (0,96) size 96x16
    LayoutText {#text} at (0,0) size 96x16
      text run at (0,0) width 96: "Filler"
