layer at (0,0) size 800x600
  LayoutView at (0,0) size 800x600
layer at (0,0) size 800x80
  LayoutBlockFlow {HTML} at (0,0) size 800x80
    LayoutBlockFlow {BODY} at (8,16) size 784x56
      LayoutBlockFlow {P} at (0,0) size 784x20
        LayoutText {#text} at (0,0) size 283x19
          text run at (0,0) width 283: "Test passes if there is green visible on the page."
      LayoutBlockFlow {DIV} at (0,36) size 784x20
        LayoutText {#text} at (0,0) size 124x19
          text run at (0,0) width 124: "Filler Text Filler Text"
      LayoutBlockFlow {DIV} at (0,56) size 784x0
