layer at (0,0) size 800x600
  LayoutView at (0,0) size 800x600
layer at (0,0) size 800x52
  LayoutBlockFlow {HTML} at (0,0) size 800x52
    LayoutBlockFlow {BODY} at (8,16) size 784x20
      LayoutBlockFlow {P} at (0,0) size 784x20
        LayoutText {#text} at (0,0) size 531x19
          text run at (0,0) width 531: "Test passes if there is a black shape completely contained in the orange box on the page."
      LayoutBlockFlow {DIV} at (0,36) size 784x0
layer at (48,144) size 194x114
  LayoutBlockFlow (positioned) {DIV} at (48,144) size 194x114 [bgcolor=#FFFFFF] [border: (1px solid #FFA500)]
layer at (0,96) size 96x16
  LayoutBlockFlow (positioned) {DIV} at (0,96) size 96x16
    LayoutText {#text} at (0,0) size 96x16
      text run at (0,0) width 96: "Filler"
