layer at (0,0) size 800x600
  LayoutView at (0,0) size 800x600
layer at (0,0) size 800x116
  LayoutBlockFlow {HTML} at (0,0) size 800x116
    LayoutBlockFlow {BODY} at (8,16) size 784x75
      LayoutBlockFlow {P} at (0,0) size 784x20
        LayoutText {#text} at (0,0) size 414x19
          text run at (0,0) width 414: "Test pasees if there is a black, blue and yellow rectangle on the page."
      LayoutBlockFlow {DIV} at (25,45) size 734x30
        LayoutText {#text} at (0,0) size 300x30
          text run at (0,0) width 300: "FillerText"
