layer at (0,0) size 800x600
  LayoutView at (0,0) size 800x600
layer at (0,0) size 800x132
  LayoutBlockFlow {HTML} at (0,0) size 800x132
    LayoutBlockFlow {BODY} at (8,16) size 784x91
      LayoutBlockFlow {P} at (0,0) size 784x20
        LayoutText {#text} at (0,0) size 656x19
          text run at (0,0) width 656: "Test passes if there are three black and three blue instances of 'Filler Text' such that all text has a line above it."
      LayoutBlockFlow {DIV} at (25,45) size 734x46
        LayoutText {#text} at (0,0) size 516x45
          text run at (0,0) width 516: "Filler Text Filler Text Filler Text"
      LayoutBlockFlow {DIV} at (0,116) size 784x0
