layer at (0,0) size 800x600
  LayoutView at (0,0) size 800x600
layer at (0,0) size 800x600
  LayoutBlockFlow {HTML} at (0,0) size 800x600
    LayoutBlockFlow {BODY} at (8,8) size 784x576
      LayoutBlockFlow {P} at (0,0) size 784x20
        LayoutText {#text} at (0,0) size 763x19
          text run at (0,0) width 763: "The following is a test for DOM manipulation within <ruby>: Removing the last <rt>, leaving the base without ruby text."
      LayoutBlockFlow {P} at (0,36) size 784x20
        LayoutText {#text} at (0,0) size 436x19
          text run at (0,0) width 436: "Both lines should look identical (the first line is the one manipulated)."
      LayoutBlockFlow (anonymous) at (0,72) size 784x40
        LayoutBR {BR} at (0,0) size 0x19
        LayoutBR {BR} at (0,20) size 0x19
      LayoutBlockFlow {P} at (0,128) size 784x32
        LayoutText {#text} at (0,12) size 155x19
          text run at (0,12) width 155: "<ruby> is defined in the "
        LayoutRuby (inline) {RUBY} at (0,0) size 118x19
          LayoutRubyRun (anonymous) at (151,12) size 114x20
            LayoutRubyText {RT} at (0,-12) size 114x12
              LayoutText {#text} at (0,0) size 114x12
                text run at (0,0) width 114: "Hyper-text Markup Language"
            LayoutRubyBase (anonymous) at (0,0) size 114x20
              LayoutText {#text} at (34,0) size 46x19
                text run at (34,0) width 46: "HTML"
          LayoutRubyRun (anonymous) at (265,12) size 8x20
            LayoutRubyBase (anonymous) at (0,0) size 8x20
              LayoutText {#text} at (0,0) size 8x19
                text run at (0,0) width 8: "5"
        LayoutText {#text} at (273,12) size 36x19
          text run at (273,12) width 36: " spec."
      LayoutBlockFlow {P} at (0,176) size 784x32
        LayoutText {#text} at (0,12) size 155x19
          text run at (0,12) width 155: "<ruby> is defined in the "
        LayoutRuby (inline) {RUBY} at (0,0) size 118x19
          LayoutRubyRun (anonymous) at (151,12) size 114x20
            LayoutRubyText {RT} at (0,-12) size 114x12
              LayoutText {#text} at (0,0) size 114x12
                text run at (0,0) width 114: "Hyper-text Markup Language"
            LayoutRubyBase (anonymous) at (0,0) size 114x20
              LayoutText {#text} at (34,0) size 46x19
                text run at (34,0) width 46: "HTML"
          LayoutRubyRun (anonymous) at (265,12) size 8x20
            LayoutRubyBase (anonymous) at (0,0) size 8x20
              LayoutText {#text} at (0,0) size 8x19
                text run at (0,0) width 8: "5"
        LayoutText {#text} at (273,12) size 36x19
          text run at (273,12) width 36: " spec."
