layer at (0,0) size 800x600
  LayoutView at (0,0) size 800x600
layer at (0,0) size 800x600
  LayoutNGBlockFlow {HTML} at (0,0) size 800x600
    LayoutNGBlockFlow {BODY} at (8,8) size 784x576
      LayoutNGBlockFlow {P} at (0,0) size 784x20
        LayoutText {#text} at (0,0) size 732x19
          text run at (0,0) width 732: "The following is a test for DOM manipulation within <ruby>: Removing a ruby base object, leaving the base empty."
      LayoutNGBlockFlow {P} at (0,36) size 784x20
        LayoutText {#text} at (0,0) size 436x19
          text run at (0,0) width 436: "Both lines should look identical (the first line is the one manipulated)."
      LayoutNGBlockFlow (anonymous) at (0,72) size 784x40
        LayoutBR {BR} at (0,0) size 0x0
        LayoutBR {BR} at (0,20) size 0x0
      LayoutNGBlockFlow {P} at (0,128) size 784x20
        LayoutText {#text} at (0,0) size 155x19
          text run at (0,0) width 155: "<ruby> is defined in the "
        LayoutRuby (inline) {RUBY} at (0,0) size 8x20
          LayoutRubyRun (anonymous) at (155,17) size 114x0
            LayoutRubyText {RT} at (0,-12) size 114x12
              LayoutText {#text} at (0,0) size 114x12
                text run at (0,0) width 114: "Hyper-text Markup Language"
          LayoutRubyRun (anonymous) at (269,0) size 8x20
            LayoutRubyBase (anonymous) at (0,0) size 8x20
              LayoutText {#text} at (0,0) size 8x19
                text run at (0,0) width 8: "5"
        LayoutText {#text} at (277,0) size 36x19
          text run at (277,0) width 36: " spec."
      LayoutNGBlockFlow {P} at (0,164) size 784x20
        LayoutText {#text} at (0,0) size 155x19
          text run at (0,0) width 155: "<ruby> is defined in the "
        LayoutRuby (inline) {RUBY} at (0,0) size 8x20
          LayoutRubyRun (anonymous) at (155,17) size 114x0
            LayoutRubyText {RT} at (0,-12) size 114x12
              LayoutText {#text} at (0,0) size 114x12
                text run at (0,0) width 114: "Hyper-text Markup Language"
          LayoutRubyRun (anonymous) at (269,0) size 8x20
            LayoutRubyBase (anonymous) at (0,0) size 8x20
              LayoutText {#text} at (0,0) size 8x19
                text run at (0,0) width 8: "5"
        LayoutText {#text} at (277,0) size 36x19
          text run at (277,0) width 36: " spec."
