layer at (0,0) size 800x600 clip at (0,0) size 785x600 scrollHeight 2460
  LayoutView at (0,0) size 800x600
layer at (0,0) size 785x2460 backgroundClip at (0,0) size 785x600 clip at (0,0) size 785x600
  LayoutBlockFlow {HTML} at (0,0) size 785x2460
    LayoutBlockFlow {BODY} at (8,8) size 769x2444
      LayoutBlockFlow (anonymous) at (0,0) size 769x20
        LayoutText {#text} at (0,0) size 328x19
          text run at (0,0) width 328: "fixed width table with 100px width image in 1st cell"
      LayoutTable {TABLE} at (0,20) size 500x110 [bgcolor=#FFA500] [border: (1px outset #808080)]
        LayoutTableSection {TBODY} at (1,1) size 498x108
          LayoutTableRow {TR} at (0,2) size 498x104
            LayoutTableCell {TD} at (2,2) size 104x104 [border: (1px inset #808080)] [r=0 c=0 rs=1 cs=1]
              LayoutImage {IMG} at (2,2) size 100x100
            LayoutTableCell {TD} at (108,22) size 388x64 [border: (1px inset #808080)] [r=0 c=1 rs=1 cs=1]
              LayoutText {#text} at (2,2) size 383x59
                text run at (2,2) width 373: "a bunch of text, a bunch of text, a bunch of text, a bunch of"
                text run at (2,22) width 27: "text "
                text run at (29,22) width 356: "a bunch of text, a bunch of text, a bunch of text, a bunch"
                text run at (2,42) width 40: "of text"
      LayoutBlockFlow (anonymous) at (0,130) size 769x40
        LayoutBR {BR} at (0,0) size 0x19
        LayoutText {#text} at (0,20) size 320x19
          text run at (0,20) width 320: "fixed width table with 100px width table in 1st cell"
      LayoutTable {TABLE} at (0,170) size 500x70 [bgcolor=#FFA500] [border: (1px outset #808080)]
        LayoutTableSection {TBODY} at (1,1) size 498x68
          LayoutTableRow {TR} at (0,2) size 498x64
            LayoutTableCell {TD} at (2,19) size 104x30 [border: (1px inset #808080)] [r=0 c=0 rs=1 cs=1]
              LayoutTable {TABLE} at (2,2) size 100x26
                LayoutTableSection {TBODY} at (0,0) size 100x26
                  LayoutTableRow {TR} at (0,2) size 100x22
                    LayoutTableCell {TD} at (2,2) size 96x22 [r=0 c=0 rs=1 cs=1]
                      LayoutText {#text} at (1,1) size 21x19
                        text run at (1,1) width 21: "foo"
            LayoutTableCell {TD} at (108,2) size 388x64 [border: (1px inset #808080)] [r=0 c=1 rs=1 cs=1]
              LayoutText {#text} at (2,2) size 383x59
                text run at (2,2) width 373: "a bunch of text, a bunch of text, a bunch of text, a bunch of"
                text run at (2,22) width 27: "text "
                text run at (29,22) width 356: "a bunch of text, a bunch of text, a bunch of text, a bunch"
                text run at (2,42) width 40: "of text"
      LayoutBlockFlow (anonymous) at (0,240) size 769x40
        LayoutBR {BR} at (0,0) size 0x19
        LayoutText {#text} at (0,20) size 323x19
          text run at (0,20) width 323: "auto width table with 100px width image in 1st cell"
      LayoutTable {TABLE} at (0,280) size 769x110 [bgcolor=#FFA500] [border: (1px outset #808080)]
        LayoutTableSection {TBODY} at (1,1) size 767x108
          LayoutTableRow {TR} at (0,2) size 767x104
            LayoutTableCell {TD} at (2,2) size 104x104 [border: (1px inset #808080)] [r=0 c=0 rs=1 cs=1]
              LayoutImage {IMG} at (2,2) size 100x100
            LayoutTableCell {TD} at (108,32) size 657x44 [border: (1px inset #808080)] [r=0 c=1 rs=1 cs=1]
              LayoutText {#text} at (2,2) size 615x39
                text run at (2,2) width 404: "a bunch of text, a bunch of text, a bunch of text, a bunch of text "
                text run at (406,2) width 211: "a bunch of text, a bunch of text, a"
                text run at (2,22) width 185: "bunch of text, a bunch of text"
      LayoutBlockFlow (anonymous) at (0,390) size 769x40
        LayoutBR {BR} at (0,0) size 0x19
        LayoutText {#text} at (0,20) size 382x19
          text run at (0,20) width 382: "fixed width table with 100px width 1st cell containing image"
      LayoutTable {TABLE} at (0,430) size 500x110 [bgcolor=#FFA500] [border: (1px outset #808080)]
        LayoutTableSection {TBODY} at (1,1) size 498x108
          LayoutTableRow {TR} at (0,2) size 498x104
            LayoutTableCell {TD} at (2,2) size 104x104 [border: (1px inset #808080)] [r=0 c=0 rs=1 cs=1]
              LayoutImage {IMG} at (2,2) size 100x100
            LayoutTableCell {TD} at (108,22) size 388x64 [border: (1px inset #808080)] [r=0 c=1 rs=1 cs=1]
              LayoutText {#text} at (2,2) size 383x59
                text run at (2,2) width 373: "a bunch of text, a bunch of text, a bunch of text, a bunch of"
                text run at (2,22) width 27: "text "
                text run at (29,22) width 356: "a bunch of text, a bunch of text, a bunch of text, a bunch"
                text run at (2,42) width 40: "of text"
      LayoutBlockFlow (anonymous) at (0,540) size 769x40
        LayoutBR {BR} at (0,0) size 0x19
        LayoutText {#text} at (0,20) size 377x19
          text run at (0,20) width 377: "auto width table with 100px width 1st cell containing image"
      LayoutTable {TABLE} at (0,580) size 769x110 [bgcolor=#FFA500] [border: (1px outset #808080)]
        LayoutTableSection {TBODY} at (1,1) size 767x108
          LayoutTableRow {TR} at (0,2) size 767x104
            LayoutTableCell {TD} at (2,2) size 104x104 [border: (1px inset #808080)] [r=0 c=0 rs=1 cs=1]
              LayoutImage {IMG} at (2,2) size 100x100
            LayoutTableCell {TD} at (108,32) size 657x44 [border: (1px inset #808080)] [r=0 c=1 rs=1 cs=1]
              LayoutText {#text} at (2,2) size 615x39
                text run at (2,2) width 404: "a bunch of text, a bunch of text, a bunch of text, a bunch of text "
                text run at (406,2) width 211: "a bunch of text, a bunch of text, a"
                text run at (2,22) width 185: "bunch of text, a bunch of text"
      LayoutBlockFlow (anonymous) at (0,690) size 769x40
        LayoutBR {BR} at (0,0) size 0x19
        LayoutText {#text} at (0,20) size 325x19
          text run at (0,20) width 325: "small fixed width table with 100px image in 1st cell"
      LayoutTable {TABLE} at (0,730) size 155x510 [bgcolor=#FFA500] [border: (1px outset #808080)]
        LayoutTableSection {TBODY} at (1,1) size 153x508
          LayoutTableRow {TR} at (0,2) size 153x504
            LayoutTableCell {TD} at (2,202) size 104x104 [border: (1px inset #808080)] [r=0 c=0 rs=1 cs=1]
              LayoutImage {IMG} at (2,2) size 100x100
            LayoutTableCell {TD} at (108,2) size 43x504 [border: (1px inset #808080)] [r=0 c=1 rs=1 cs=1]
              LayoutText {#text} at (2,2) size 39x499
                text run at (2,2) width 7: "a"
                text run at (2,22) width 39: "bunch"
                text run at (2,42) width 13: "of"
                text run at (2,62) width 38: "text, a"
                text run at (2,82) width 39: "bunch"
                text run at (2,102) width 13: "of"
                text run at (2,122) width 38: "text, a"
                text run at (2,142) width 39: "bunch"
                text run at (2,162) width 13: "of"
                text run at (2,182) width 38: "text, a"
                text run at (2,202) width 39: "bunch"
                text run at (2,222) width 13: "of"
                text run at (2,242) width 27: "text "
                text run at (29,242) width 7: "a"
                text run at (2,262) width 39: "bunch"
                text run at (2,282) width 13: "of"
                text run at (2,302) width 38: "text, a"
                text run at (2,322) width 39: "bunch"
                text run at (2,342) width 13: "of"
                text run at (2,362) width 38: "text, a"
                text run at (2,382) width 39: "bunch"
                text run at (2,402) width 13: "of"
                text run at (2,422) width 38: "text, a"
                text run at (2,442) width 39: "bunch"
                text run at (2,462) width 13: "of"
                text run at (2,482) width 23: "text"
      LayoutBlockFlow (anonymous) at (0,1240) size 769x40
        LayoutBR {BR} at (0,0) size 0x19
        LayoutText {#text} at (0,20) size 487x19
          text run at (0,20) width 487: "fixed width table with 100px image in 1st cell, 100px 2nd cell containing text"
      LayoutTable {TABLE} at (0,1280) size 500x170 [bgcolor=#FFA500] [border: (1px outset #808080)]
        LayoutTableSection {TBODY} at (1,1) size 498x168
          LayoutTableRow {TR} at (0,2) size 498x164
            LayoutTableCell {TD} at (2,32) size 388x104 [border: (1px inset #808080)] [r=0 c=0 rs=1 cs=1]
              LayoutImage {IMG} at (2,2) size 100x100
            LayoutTableCell {TD} at (392,2) size 104x164 [border: (1px inset #808080)] [r=0 c=1 rs=1 cs=1]
              LayoutText {#text} at (2,2) size 98x159
                text run at (2,2) width 98: "a bunch of text,"
                text run at (2,22) width 98: "a bunch of text,"
                text run at (2,42) width 98: "a bunch of text,"
                text run at (2,62) width 94: "a bunch of text"
                text run at (2,82) width 98: "a bunch of text,"
                text run at (2,102) width 98: "a bunch of text,"
                text run at (2,122) width 98: "a bunch of text,"
                text run at (2,142) width 94: "a bunch of text"
      LayoutBlockFlow (anonymous) at (0,1450) size 769x60
        LayoutBR {BR} at (0,0) size 0x19
        LayoutText {#text} at (0,20) size 747x39
          text run at (0,20) width 747: "auto width table with 100px image in 1st cell, 100px 2nd cell containing text. This differs from Nav4.5 but is similar to"
          text run at (0,40) width 23: "IE5"
      LayoutTable {TABLE} at (0,1510) size 216x170 [bgcolor=#FFA500] [border: (1px outset #808080)]
        LayoutTableSection {TBODY} at (1,1) size 214x168
          LayoutTableRow {TR} at (0,2) size 214x164
            LayoutTableCell {TD} at (2,32) size 104x104 [border: (1px inset #808080)] [r=0 c=0 rs=1 cs=1]
              LayoutImage {IMG} at (2,2) size 100x100
            LayoutTableCell {TD} at (108,2) size 104x164 [border: (1px inset #808080)] [r=0 c=1 rs=1 cs=1]
              LayoutText {#text} at (2,2) size 98x159
                text run at (2,2) width 98: "a bunch of text,"
                text run at (2,22) width 98: "a bunch of text,"
                text run at (2,42) width 98: "a bunch of text,"
                text run at (2,62) width 94: "a bunch of text"
                text run at (2,82) width 98: "a bunch of text,"
                text run at (2,102) width 98: "a bunch of text,"
                text run at (2,122) width 98: "a bunch of text,"
                text run at (2,142) width 94: "a bunch of text"
      LayoutBlockFlow (anonymous) at (0,1680) size 769x40
        LayoutBR {BR} at (0,0) size 0x19
        LayoutText {#text} at (0,20) size 525x19
          text run at (0,20) width 525: "Fixed width table with colspan=2 in 1st row, 2nd row containing 100px image, text"
      LayoutTable {TABLE} at (0,1720) size 500x136 [bgcolor=#FFA500] [border: (1px outset #808080)]
        LayoutTableSection {TBODY} at (1,1) size 498x134
          LayoutTableRow {TR} at (0,2) size 498x24
            LayoutTableCell {TD} at (2,2) size 494x24 [border: (1px inset #808080)] [r=0 c=0 rs=1 cs=2]
              LayoutText {#text} at (2,2) size 381x19
                text run at (2,2) width 381: "hello hello hello hello hello hello hello hello hello hello hello"
          LayoutTableRow {TR} at (0,28) size 498x104
            LayoutTableCell {TD} at (2,28) size 104x104 [border: (1px inset #808080)] [r=1 c=0 rs=1 cs=1]
              LayoutImage {IMG} at (2,2) size 100x100
            LayoutTableCell {TD} at (108,58) size 388x44 [border: (1px inset #808080)] [r=1 c=1 rs=1 cs=1]
              LayoutText {#text} at (2,2) size 381x39
                text run at (2,2) width 381: "there there there there there there there there there there there"
                text run at (2,22) width 31: "there"
      LayoutBlockFlow (anonymous) at (0,1856) size 769x40
        LayoutBR {BR} at (0,0) size 0x19
        LayoutText {#text} at (0,20) size 521x19
          text run at (0,20) width 521: "Auto width table with colspan=2 in 1st row, 2nd row containing 100px image, text"
      LayoutTable {TABLE} at (0,1896) size 532x136 [bgcolor=#FFA500] [border: (1px outset #808080)]
        LayoutTableSection {TBODY} at (1,1) size 530x134
          LayoutTableRow {TR} at (0,2) size 530x24
            LayoutTableCell {TD} at (2,2) size 526x24 [border: (1px inset #808080)] [r=0 c=0 rs=1 cs=2]
              LayoutText {#text} at (2,2) size 381x19
                text run at (2,2) width 381: "hello hello hello hello hello hello hello hello hello hello hello"
          LayoutTableRow {TR} at (0,28) size 530x104
            LayoutTableCell {TD} at (2,28) size 104x104 [border: (1px inset #808080)] [r=1 c=0 rs=1 cs=1]
              LayoutImage {IMG} at (2,2) size 100x100
            LayoutTableCell {TD} at (108,68) size 420x24 [border: (1px inset #808080)] [r=1 c=1 rs=1 cs=1]
              LayoutText {#text} at (2,2) size 416x19
                text run at (2,2) width 416: "there there there there there there there there there there there there"
      LayoutBlockFlow (anonymous) at (0,2032) size 769x40
        LayoutBR {BR} at (0,0) size 0x19
        LayoutText {#text} at (0,20) size 568x19
          text run at (0,20) width 568: "Fixed width table with colspan=2 in 1st row, 2nd row containing 100px image, 100px cell"
      LayoutTable {TABLE} at (0,2072) size 500x156 [bgcolor=#FFA500] [border: (1px outset #808080)]
        LayoutTableSection {TBODY} at (1,1) size 498x154
          LayoutTableRow {TR} at (0,2) size 498x24
            LayoutTableCell {TD} at (2,2) size 494x24 [border: (1px inset #808080)] [r=0 c=0 rs=1 cs=2]
              LayoutText {#text} at (2,2) size 381x19
                text run at (2,2) width 381: "hello hello hello hello hello hello hello hello hello hello hello"
          LayoutTableRow {TR} at (0,28) size 498x124
            LayoutTableCell {TD} at (2,38) size 388x104 [border: (1px inset #808080)] [r=1 c=0 rs=1 cs=1]
              LayoutImage {IMG} at (2,2) size 100x100
            LayoutTableCell {TD} at (392,28) size 104x124 [border: (1px inset #808080)] [r=1 c=1 rs=1 cs=1]
              LayoutText {#text} at (2,2) size 66x119
                text run at (2,2) width 66: "there there"
                text run at (2,22) width 66: "there there"
                text run at (2,42) width 66: "there there"
                text run at (2,62) width 66: "there there"
                text run at (2,82) width 66: "there there"
                text run at (2,102) width 66: "there there"
      LayoutBlockFlow (anonymous) at (0,2228) size 769x40
        LayoutBR {BR} at (0,0) size 0x19
        LayoutText {#text} at (0,20) size 564x19
          text run at (0,20) width 564: "Auto width table with colspan=2 in 1st row, 2nd row containing 100px image, 100px cell"
      LayoutTable {TABLE} at (0,2268) size 391x156 [bgcolor=#FFA500] [border: (1px outset #808080)]
        LayoutTableSection {TBODY} at (1,1) size 389x154
          LayoutTableRow {TR} at (0,2) size 389x24
            LayoutTableCell {TD} at (2,2) size 385x24 [border: (1px inset #808080)] [r=0 c=0 rs=1 cs=2]
              LayoutText {#text} at (2,2) size 381x19
                text run at (2,2) width 381: "hello hello hello hello hello hello hello hello hello hello hello"
          LayoutTableRow {TR} at (0,28) size 389x124
            LayoutTableCell {TD} at (2,38) size 279x104 [border: (1px inset #808080)] [r=1 c=0 rs=1 cs=1]
              LayoutImage {IMG} at (2,2) size 100x100
            LayoutTableCell {TD} at (283,28) size 104x124 [border: (1px inset #808080)] [r=1 c=1 rs=1 cs=1]
              LayoutText {#text} at (2,2) size 66x119
                text run at (2,2) width 66: "there there"
                text run at (2,22) width 66: "there there"
                text run at (2,42) width 66: "there there"
                text run at (2,62) width 66: "there there"
                text run at (2,82) width 66: "there there"
                text run at (2,102) width 66: "there there"
      LayoutBlockFlow (anonymous) at (0,2424) size 769x20
        LayoutBR {BR} at (0,0) size 0x19
