layer at (0,0) size 800x600
  LayoutView at (0,0) size 800x600
layer at (0,0) size 800x600
  LayoutBlockFlow {HTML} at (0,0) size 800x600
    LayoutBlockFlow {BODY} at (8,8) size 784x584
      LayoutBlockFlow (anonymous) at (0,0) size 784x20
        LayoutText {#text} at (0,0) size 265x19
          text run at (0,0) width 265: "This table should have cell spacing of 2px"
      LayoutTable {TABLE} at (0,20) size 100x60 [border: (1px outset #808080)]
        LayoutTableSection {TBODY} at (1,1) size 98x58
          LayoutTableRow {TR} at (0,2) size 98x28
            LayoutTableCell {TD} at (2,2) size 44x28 [border: (3px inset #000000)] [r=0 c=0 rs=1 cs=1]
              LayoutText {#text} at (4,4) size 36x19
                text run at (4,4) width 36: "AAA"
            LayoutTableCell {TD} at (48,4) size 48x24 [border: (1px inset #808080)] [r=0 c=1 rs=1 cs=1]
              LayoutText {#text} at (2,2) size 44x19
                text run at (2,2) width 44: "BBBB"
          LayoutTableRow {TR} at (0,32) size 98x24
            LayoutTableCell {TD} at (2,32) size 44x24 [border: (1px inset #808080)] [r=1 c=0 rs=1 cs=1]
              LayoutText {#text} at (2,2) size 36x19
                text run at (2,2) width 36: "AAA"
            LayoutTableCell {TD} at (48,32) size 48x24 [border: (1px inset #808080)] [r=1 c=1 rs=1 cs=1]
              LayoutText {#text} at (2,2) size 44x19
                text run at (2,2) width 44: "BBBB"
      LayoutBlockFlow (anonymous) at (0,80) size 784x40
        LayoutBR {BR} at (0,0) size 0x19
        LayoutText {#text} at (0,20) size 265x19
          text run at (0,20) width 265: "This table should have cell spacing of 5px"
      LayoutTable {TABLE} at (0,120) size 105x65 [border: (1px outset #808080)]
        LayoutTableSection {TBODY} at (1,1) size 103x63
          LayoutTableRow {TR} at (0,5) size 103x24
            LayoutTableCell {TD} at (5,5) size 40x24 [border: (1px inset #808080)] [r=0 c=0 rs=1 cs=1]
              LayoutText {#text} at (2,2) size 36x19
                text run at (2,2) width 36: "AAA"
            LayoutTableCell {TD} at (50,5) size 48x24 [border: (1px inset #808080)] [r=0 c=1 rs=1 cs=1]
              LayoutText {#text} at (2,2) size 44x19
                text run at (2,2) width 44: "BBBB"
          LayoutTableRow {TR} at (0,34) size 103x24
            LayoutTableCell {TD} at (5,34) size 40x24 [border: (1px inset #808080)] [r=1 c=0 rs=1 cs=1]
              LayoutText {#text} at (2,2) size 36x19
                text run at (2,2) width 36: "AAA"
            LayoutTableCell {TD} at (50,34) size 48x24 [border: (1px inset #808080)] [r=1 c=1 rs=1 cs=1]
              LayoutText {#text} at (2,2) size 44x19
                text run at (2,2) width 44: "BBBB"
      LayoutBlockFlow (anonymous) at (0,185) size 784x40
        LayoutBR {BR} at (0,0) size 0x19
        LayoutText {#text} at (0,20) size 398x19
          text run at (0,20) width 398: "This table should have cell spacingX of 5px, spacingY of 10px"
      LayoutTable {TABLE} at (0,225) size 105x80 [border: (1px outset #808080)]
        LayoutTableSection {TBODY} at (1,1) size 103x78
          LayoutTableRow {TR} at (0,10) size 103x24
            LayoutTableCell {TD} at (5,10) size 40x24 [border: (1px inset #808080)] [r=0 c=0 rs=1 cs=1]
              LayoutText {#text} at (2,2) size 36x19
                text run at (2,2) width 36: "AAA"
            LayoutTableCell {TD} at (50,10) size 48x24 [border: (1px inset #808080)] [r=0 c=1 rs=1 cs=1]
              LayoutText {#text} at (2,2) size 44x19
                text run at (2,2) width 44: "BBBB"
          LayoutTableRow {TR} at (0,44) size 103x24
            LayoutTableCell {TD} at (5,44) size 40x24 [border: (1px inset #808080)] [r=1 c=0 rs=1 cs=1]
              LayoutText {#text} at (2,2) size 36x19
                text run at (2,2) width 36: "AAA"
            LayoutTableCell {TD} at (50,44) size 48x24 [border: (1px inset #808080)] [r=1 c=1 rs=1 cs=1]
              LayoutText {#text} at (2,2) size 44x19
                text run at (2,2) width 44: "BBBB"
      LayoutBlockFlow (anonymous) at (0,305) size 784x40
        LayoutBR {BR} at (0,0) size 0x19
        LayoutText {#text} at (0,20) size 398x19
          text run at (0,20) width 398: "This table should have cell spacingX of 5px, spacingY of 10px"
      LayoutTable {TABLE} at (0,345) size 105x80 [border: (1px outset #808080)]
        LayoutTableSection {TBODY} at (1,1) size 103x78
          LayoutTableRow {TR} at (0,10) size 103x24
            LayoutTableCell {TD} at (5,10) size 40x24 [border: (1px inset #808080)] [r=0 c=0 rs=1 cs=1]
              LayoutText {#text} at (2,2) size 36x19
                text run at (2,2) width 36: "AAA"
            LayoutTableCell {TD} at (50,10) size 48x24 [border: (1px inset #808080)] [r=0 c=1 rs=1 cs=1]
              LayoutText {#text} at (2,2) size 44x19
                text run at (2,2) width 44: "BBBB"
          LayoutTableRow {TR} at (0,44) size 103x24
            LayoutTableCell {TD} at (5,44) size 40x24 [border: (1px inset #808080)] [r=1 c=0 rs=1 cs=1]
              LayoutText {#text} at (2,2) size 36x19
                text run at (2,2) width 36: "AAA"
            LayoutTableCell {TD} at (50,44) size 48x24 [border: (1px inset #808080)] [r=1 c=1 rs=1 cs=1]
              LayoutText {#text} at (2,2) size 44x19
                text run at (2,2) width 44: "BBBB"
