layer at (0,0) size 800x600
  LayoutView at (0,0) size 800x600
layer at (0,0) size 800x600
  LayoutBlockFlow {HTML} at (0,0) size 800x600
    LayoutBlockFlow {BODY} at (8,8) size 784x584
      LayoutTable {TABLE} at (0,0) size 784x64 [border: (2px outset #808080)]
        LayoutTableSection {TBODY} at (2,2) size 780x60
          LayoutTableRow {TR} at (0,3) size 780x54
            LayoutTableCell {TD} at (3,3) size 263x54 [bgcolor=#DDDDDD] [border: (1px inset #808080)] [r=0 c=0 rs=1 cs=1]
              LayoutTable {TABLE} at (2,2) size 259x50 [border: (1px outset #808080)]
                LayoutTableSection {TBODY} at (1,1) size 257x48
                  LayoutTableRow {TR} at (0,3) size 257x42
                    LayoutTableCell {TD} at (3,3) size 251x42 [border: (1px inset #808080)] [r=0 c=0 rs=1 cs=1]
                      LayoutText {#text} at (1,1) size 160x39
                        text run at (1,1) width 160: "TheMozillaOrganization-"
                        text run at (1,21) width 155: "TheMozillaOrganization"
            LayoutTableCell {TD} at (269,8) size 508x44 [border: (1px inset #808080)] [r=0 c=1 rs=1 cs=1]
              LayoutText {#text} at (2,2) size 397x39
                text run at (2,2) width 397: "Checkin Guidelines for the Seamonkey Tree xxxxxxxxxxxxxx"
                text run at (2,22) width 228: "xxxxxxxxxxxxxxxx xxxxxxxxxxxx"
