layer at (0,0) size 800x600 clip at (0,0) size 785x600 scrollHeight 878
  LayoutView at (0,0) size 800x600
layer at (0,0) size 785x878 backgroundClip at (0,0) size 785x600 clip at (0,0) size 785x600
  LayoutBlockFlow {HTML} at (0,0) size 785x878
    LayoutBlockFlow {BODY} at (8,8) size 769x862
      LayoutBlockFlow (anonymous) at (0,0) size 769x20
        LayoutText {#text} at (0,0) size 4x19
          text run at (0,0) width 4: " "
      LayoutTable {TABLE} at (0,20) size 769x782 [bgcolor=#FFFFCC] [border: (1px outset #808080)]
        LayoutTableSection {TBODY} at (1,1) size 767x780
          LayoutTableRow {TR} at (0,2) size 767x24
            LayoutTableCell {TD} at (2,2) size 614x24 [border: (1px inset #808080)] [r=0 c=0 rs=1 cs=1]
              LayoutText {#text} at (2,2) size 53x19
                text run at (2,2) width 53: "Cell one"
            LayoutTableCell {TD} at (618,2) size 72x24 [border: (1px inset #808080)] [r=0 c=1 rs=1 cs=1]
              LayoutText {#text} at (2,2) size 34x19
                text run at (2,2) width 34: "Cell2"
            LayoutTableCell {TD} at (692,2) size 73x24 [border: (1px inset #808080)] [r=0 c=2 rs=1 cs=1]
              LayoutText {#text} at (2,2) size 38x19
                text run at (2,2) width 38: "Cell 3"
          LayoutTableRow {TR} at (0,28) size 767x24
            LayoutTableCell {TD} at (2,28) size 614x24 [border: (1px inset #808080)] [r=1 c=0 rs=1 cs=1]
              LayoutText {#text} at (2,2) size 38x19
                text run at (2,2) width 38: "Cell 4"
            LayoutTableCell {TD} at (618,28) size 72x24 [border: (1px inset #808080)] [r=1 c=1 rs=1 cs=1]
              LayoutText {#text} at (2,2) size 38x19
                text run at (2,2) width 38: "Cell 5"
            LayoutTableCell {TD} at (692,28) size 73x24 [border: (1px inset #808080)] [r=1 c=2 rs=1 cs=1]
              LayoutText {#text} at (2,2) size 38x19
                text run at (2,2) width 38: "Cell 6"
          LayoutTableRow {TR} at (0,54) size 767x724
            LayoutTableCell {TD} at (2,54) size 614x724 [border: (1px inset #808080)] [r=2 c=0 rs=1 cs=1]
              LayoutTable {TABLE} at (2,2) size 610x700 [bgcolor=#DDDDDD] [border: (1px outset #808080)]
                LayoutTableSection {TBODY} at (1,1) size 608x698
                  LayoutTableRow {TR} at (0,2) size 608x24
                    LayoutTableCell {TD} at (2,2) size 21x24 [border: (1px inset #808080)] [r=0 c=0 rs=1 cs=1]
                      LayoutText {#text} at (2,2) size 8x19
                        text run at (2,2) width 8: "1"
                    LayoutTableCell {TD} at (25,2) size 557x24 [border: (1px inset #808080)] [r=0 c=1 rs=1 cs=1]
                      LayoutText {#text} at (2,2) size 8x19
                        text run at (2,2) width 8: "2"
                    LayoutTableCell {TD} at (584,2) size 22x24 [border: (1px inset #808080)] [r=0 c=2 rs=1 cs=1]
                      LayoutText {#text} at (2,2) size 8x19
                        text run at (2,2) width 8: "3"
                  LayoutTableRow {TR} at (0,28) size 608x642
                    LayoutTableCell {TD} at (2,337) size 21x24 [border: (1px inset #808080)] [r=1 c=0 rs=1 cs=1]
                      LayoutText {#text} at (2,2) size 8x19
                        text run at (2,2) width 8: "4"
                    LayoutTableCell {TD} at (25,28) size 557x642 [border: (1px inset #808080)] [r=1 c=1 rs=1 cs=1]
                      LayoutTable {TABLE} at (2,2) size 553x618 [bgcolor=#66FFFF] [border: (1px outset #808080)]
                        LayoutTableSection {TBODY} at (1,1) size 551x616
                          LayoutTableRow {TR} at (0,2) size 551x560
                            LayoutTableCell {TD} at (2,270) size 21x24 [border: (1px inset #808080)] [r=0 c=0 rs=1 cs=1]
                              LayoutText {#text} at (2,2) size 8x19
                                text run at (2,2) width 8: "1"
                            LayoutTableCell {TD} at (25,2) size 500x560 [border: (1px inset #808080)] [r=0 c=1 rs=1 cs=1]
                              LayoutTable {TABLE} at (2,2) size 496x536 [bgcolor=#FF0000] [border: (1px outset #808080)]
                                LayoutTableSection {TBODY} at (1,1) size 494x534
                                  LayoutTableRow {TR} at (0,2) size 494x24
                                    LayoutTableCell {TD} at (2,2) size 22x24 [border: (1px inset #808080)] [r=0 c=0 rs=1 cs=1]
                                      LayoutText {#text} at (2,2) size 8x19
                                        text run at (2,2) width 8: "1"
                                    LayoutTableCell {TD} at (26,2) size 22x24 [border: (1px inset #808080)] [r=0 c=1 rs=1 cs=1]
                                      LayoutText {#text} at (2,2) size 8x19
                                        text run at (2,2) width 8: "2"
                                    LayoutTableCell {TD} at (50,2) size 393x24 [border: (1px inset #808080)] [r=0 c=2 rs=1 cs=1]
                                      LayoutText {#text} at (2,2) size 8x19
                                        text run at (2,2) width 8: "3"
                                    LayoutTableCell {TD} at (445,2) size 22x24 [border: (1px inset #808080)] [r=0 c=3 rs=1 cs=1]
                                      LayoutText {#text} at (2,2) size 8x19
                                        text run at (2,2) width 8: "4"
                                    LayoutTableCell {TD} at (469,2) size 23x24 [border: (1px inset #808080)] [r=0 c=4 rs=1 cs=1]
                                      LayoutText {#text} at (2,2) size 8x19
                                        text run at (2,2) width 8: "5"
                                  LayoutTableRow {TR} at (0,28) size 494x426
                                    LayoutTableCell {TD} at (2,229) size 22x24 [border: (1px inset #808080)] [r=1 c=0 rs=1 cs=1]
                                      LayoutText {#text} at (2,2) size 8x19
                                        text run at (2,2) width 8: "6"
                                    LayoutTableCell {TD} at (26,229) size 22x24 [border: (1px inset #808080)] [r=1 c=1 rs=1 cs=1]
                                      LayoutText {#text} at (2,2) size 8x19
                                        text run at (2,2) width 8: "7"
                                    LayoutTableCell {TD} at (50,28) size 393x426 [border: (1px inset #808080)] [r=1 c=2 rs=1 cs=1]
                                      LayoutTable {TABLE} at (2,2) size 389x402 [bgcolor=#66FF99] [border: (1px outset #808080)]
                                        LayoutTableSection {TBODY} at (1,1) size 387x400
                                          LayoutTableRow {TR} at (0,2) size 387x24
                                            LayoutTableCell {TD} at (2,2) size 22x24 [border: (1px inset #808080)] [r=0 c=0 rs=1 cs=1]
                                              LayoutText {#text} at (2,2) size 7x19
                                                text run at (2,2) width 7: "a"
                                            LayoutTableCell {TD} at (26,2) size 23x24 [border: (1px inset #808080)] [r=0 c=1 rs=1 cs=1]
                                              LayoutText {#text} at (2,2) size 8x19
                                                text run at (2,2) width 8: "b"
                                            LayoutTableCell {TD} at (51,2) size 283x24 [border: (1px inset #808080)] [r=0 c=2 rs=1 cs=1]
                                              LayoutText {#text} at (2,2) size 7x19
                                                text run at (2,2) width 7: "c"
                                            LayoutTableCell {TD} at (336,2) size 23x24 [border: (1px inset #808080)] [r=0 c=3 rs=1 cs=1]
                                              LayoutText {#text} at (2,2) size 8x19
                                                text run at (2,2) width 8: "d"
                                            LayoutTableCell {TD} at (361,2) size 24x24 [border: (1px inset #808080)] [r=0 c=4 rs=1 cs=1]
                                              LayoutText {#text} at (2,2) size 7x19
                                                text run at (2,2) width 7: "e"
                                          LayoutTableRow {TR} at (0,28) size 387x24
                                            LayoutTableCell {TD} at (2,28) size 22x24 [border: (1px inset #808080)] [r=1 c=0 rs=1 cs=1]
                                              LayoutText {#text} at (2,2) size 5x19
                                                text run at (2,2) width 5: "f"
                                            LayoutTableCell {TD} at (26,28) size 23x24 [border: (1px inset #808080)] [r=1 c=1 rs=1 cs=1]
                                              LayoutText {#text} at (2,2) size 8x19
                                                text run at (2,2) width 8: "g"
                                            LayoutTableCell {TD} at (51,28) size 283x24 [border: (1px inset #808080)] [r=1 c=2 rs=1 cs=1]
                                              LayoutText {#text} at (2,2) size 8x19
                                                text run at (2,2) width 8: "h"
                                            LayoutTableCell {TD} at (336,28) size 23x24 [border: (1px inset #808080)] [r=1 c=3 rs=1 cs=1]
                                              LayoutText {#text} at (2,2) size 4x19
                                                text run at (2,2) width 4: "i"
                                            LayoutTableCell {TD} at (361,28) size 24x24 [border: (1px inset #808080)] [r=1 c=4 rs=1 cs=1]
                                              LayoutText {#text} at (2,2) size 4x19
                                                text run at (2,2) width 4: "j"
                                          LayoutTableRow {TR} at (0,54) size 387x292
                                            LayoutTableCell {TD} at (2,188) size 22x24 [border: (1px inset #808080)] [r=2 c=0 rs=1 cs=1]
                                              LayoutText {#text} at (2,2) size 8x19
                                                text run at (2,2) width 8: "k"
                                            LayoutTableCell {TD} at (26,188) size 23x24 [border: (1px inset #808080)] [r=2 c=1 rs=1 cs=1]
                                              LayoutText {#text} at (2,2) size 4x19
                                                text run at (2,2) width 4: "l"
                                            LayoutTableCell {TD} at (51,54) size 283x292 [border: (1px inset #808080)] [r=2 c=2 rs=1 cs=1]
                                              LayoutTable {TABLE} at (2,2) size 279x268 [bgcolor=#FF99FF] [border: (1px outset #808080)]
                                                LayoutTableSection {TBODY} at (1,1) size 277x266
                                                  LayoutTableRow {TR} at (0,2) size 277x24
                                                    LayoutTableCell {TD} at (2,2) size 24x24 [border: (1px inset #808080)] [r=0 c=0 rs=1 cs=1]
                                                      LayoutText {#text} at (2,2) size 7x19
                                                        text run at (2,2) width 7: "a"
                                                    LayoutTableCell {TD} at (28,2) size 24x24 [border: (1px inset #808080)] [r=0 c=1 rs=1 cs=1]
                                                      LayoutText {#text} at (2,2) size 8x19
                                                        text run at (2,2) width 8: "b"
                                                    LayoutTableCell {TD} at (54,2) size 167x24 [border: (1px inset #808080)] [r=0 c=2 rs=1 cs=1]
                                                      LayoutText {#text} at (2,2) size 7x19
                                                        text run at (2,2) width 7: "c"
                                                    LayoutTableCell {TD} at (223,2) size 25x24 [border: (1px inset #808080)] [r=0 c=3 rs=1 cs=1]
                                                      LayoutText {#text} at (2,2) size 8x19
                                                        text run at (2,2) width 8: "d"
                                                    LayoutTableCell {TD} at (250,2) size 25x24 [border: (1px inset #808080)] [r=0 c=4 rs=1 cs=1]
                                                      LayoutText {#text} at (2,2) size 7x19
                                                        text run at (2,2) width 7: "e"
                                                  LayoutTableRow {TR} at (0,28) size 277x24
                                                    LayoutTableCell {TD} at (2,28) size 24x24 [border: (1px inset #808080)] [r=1 c=0 rs=1 cs=1]
                                                      LayoutText {#text} at (2,2) size 5x19
                                                        text run at (2,2) width 5: "f"
                                                    LayoutTableCell {TD} at (28,28) size 24x24 [border: (1px inset #808080)] [r=1 c=1 rs=1 cs=1]
                                                      LayoutText {#text} at (2,2) size 8x19
                                                        text run at (2,2) width 8: "g"
                                                    LayoutTableCell {TD} at (54,28) size 167x24 [border: (1px inset #808080)] [r=1 c=2 rs=1 cs=1]
                                                      LayoutText {#text} at (2,2) size 8x19
                                                        text run at (2,2) width 8: "h"
                                                    LayoutTableCell {TD} at (223,28) size 25x24 [border: (1px inset #808080)] [r=1 c=3 rs=1 cs=1]
                                                      LayoutText {#text} at (2,2) size 4x19
                                                        text run at (2,2) width 4: "i"
                                                    LayoutTableCell {TD} at (250,28) size 25x24 [border: (1px inset #808080)] [r=1 c=4 rs=1 cs=1]
                                                      LayoutText {#text} at (2,2) size 4x19
                                                        text run at (2,2) width 4: "j"
                                                  LayoutTableRow {TR} at (0,54) size 277x158
                                                    LayoutTableCell {TD} at (2,121) size 24x24 [border: (1px inset #808080)] [r=2 c=0 rs=1 cs=1]
                                                      LayoutText {#text} at (2,2) size 8x19
                                                        text run at (2,2) width 8: "k"
                                                    LayoutTableCell {TD} at (28,121) size 24x24 [border: (1px inset #808080)] [r=2 c=1 rs=1 cs=1]
                                                      LayoutText {#text} at (2,2) size 4x19
                                                        text run at (2,2) width 4: "l"
                                                    LayoutTableCell {TD} at (54,54) size 167x158 [border: (1px inset #808080)] [r=2 c=2 rs=1 cs=1]
                                                      LayoutTable {TABLE} at (2,2) size 163x134 [bgcolor=#FF9900] [border: (1px outset #808080)]
                                                        LayoutTableSection {TBODY} at (1,1) size 161x132
                                                          LayoutTableRow {TR} at (0,2) size 161x24
                                                            LayoutTableCell {TD} at (2,2) size 27x24 [border: (1px inset #808080)] [r=0 c=0 rs=1 cs=1]
                                                              LayoutText {#text} at (2,2) size 7x19
                                                                text run at (2,2) width 7: "a"
                                                            LayoutTableCell {TD} at (31,2) size 28x24 [border: (1px inset #808080)] [r=0 c=1 rs=1 cs=1]
                                                              LayoutText {#text} at (2,2) size 8x19
                                                                text run at (2,2) width 8: "b"
                                                            LayoutTableCell {TD} at (61,2) size 37x24 [border: (1px inset #808080)] [r=0 c=2 rs=1 cs=1]
                                                              LayoutText {#text} at (2,2) size 7x19
                                                                text run at (2,2) width 7: "c"
                                                            LayoutTableCell {TD} at (100,2) size 28x24 [border: (1px inset #808080)] [r=0 c=3 rs=1 cs=1]
                                                              LayoutText {#text} at (2,2) size 8x19
                                                                text run at (2,2) width 8: "d"
                                                            LayoutTableCell {TD} at (130,2) size 29x24 [border: (1px inset #808080)] [r=0 c=4 rs=1 cs=1]
                                                              LayoutText {#text} at (2,2) size 7x19
                                                                text run at (2,2) width 7: "e"
                                                          LayoutTableRow {TR} at (0,28) size 161x24
                                                            LayoutTableCell {TD} at (2,28) size 27x24 [border: (1px inset #808080)] [r=1 c=0 rs=1 cs=1]
                                                              LayoutText {#text} at (2,2) size 5x19
                                                                text run at (2,2) width 5: "f"
                                                            LayoutTableCell {TD} at (31,28) size 28x24 [border: (1px inset #808080)] [r=1 c=1 rs=1 cs=1]
                                                              LayoutText {#text} at (2,2) size 8x19
                                                                text run at (2,2) width 8: "g"
                                                            LayoutTableCell {TD} at (61,28) size 37x24 [border: (1px inset #808080)] [r=1 c=2 rs=1 cs=1]
                                                              LayoutText {#text} at (2,2) size 8x19
                                                                text run at (2,2) width 8: "h"
                                                            LayoutTableCell {TD} at (100,28) size 28x24 [border: (1px inset #808080)] [r=1 c=3 rs=1 cs=1]
                                                              LayoutText {#text} at (2,2) size 4x19
                                                                text run at (2,2) width 4: "i"
                                                            LayoutTableCell {TD} at (130,28) size 29x24 [border: (1px inset #808080)] [r=1 c=4 rs=1 cs=1]
                                                              LayoutText {#text} at (2,2) size 4x19
                                                                text run at (2,2) width 4: "j"
                                                          LayoutTableRow {TR} at (0,54) size 161x24
                                                            LayoutTableCell {TD} at (2,54) size 27x24 [border: (1px inset #808080)] [r=2 c=0 rs=1 cs=1]
                                                              LayoutText {#text} at (2,2) size 8x19
                                                                text run at (2,2) width 8: "k"
                                                            LayoutTableCell {TD} at (31,54) size 28x24 [border: (1px inset #808080)] [r=2 c=1 rs=1 cs=1]
                                                              LayoutText {#text} at (2,2) size 4x19
                                                                text run at (2,2) width 4: "l"
                                                            LayoutTableCell {TD} at (61,54) size 37x24 [border: (1px inset #808080)] [r=2 c=2 rs=1 cs=1]
                                                              LayoutText {#text} at (2,2) size 12x19
                                                                text run at (2,2) width 12: "m"
                                                            LayoutTableCell {TD} at (100,54) size 28x24 [border: (1px inset #808080)] [r=2 c=3 rs=1 cs=1]
                                                              LayoutText {#text} at (2,2) size 8x19
                                                                text run at (2,2) width 8: "n"
                                                            LayoutTableCell {TD} at (130,54) size 29x24 [border: (1px inset #808080)] [r=2 c=4 rs=1 cs=1]
                                                              LayoutText {#text} at (2,2) size 8x19
                                                                text run at (2,2) width 8: "o"
                                                          LayoutTableRow {TR} at (0,80) size 161x24
                                                            LayoutTableCell {TD} at (2,80) size 27x24 [border: (1px inset #808080)] [r=3 c=0 rs=1 cs=1]
                                                              LayoutText {#text} at (2,2) size 8x19
                                                                text run at (2,2) width 8: "p"
                                                            LayoutTableCell {TD} at (31,80) size 28x24 [border: (1px inset #808080)] [r=3 c=1 rs=1 cs=1]
                                                              LayoutText {#text} at (2,2) size 8x19
                                                                text run at (2,2) width 8: "q"
                                                            LayoutTableCell {TD} at (61,80) size 37x24 [border: (1px inset #808080)] [r=3 c=2 rs=1 cs=1]
                                                              LayoutText {#text} at (2,2) size 5x19
                                                                text run at (2,2) width 5: "r"
                                                            LayoutTableCell {TD} at (100,80) size 28x24 [border: (1px inset #808080)] [r=3 c=3 rs=1 cs=1]
                                                              LayoutText {#text} at (2,2) size 6x19
                                                                text run at (2,2) width 6: "s"
                                                            LayoutTableCell {TD} at (130,80) size 29x24 [border: (1px inset #808080)] [r=3 c=4 rs=1 cs=1]
                                                              LayoutText {#text} at (2,2) size 4x19
                                                                text run at (2,2) width 4: "t"
                                                          LayoutTableRow {TR} at (0,106) size 161x24
                                                            LayoutTableCell {TD} at (2,106) size 27x24 [border: (1px inset #808080)] [r=4 c=0 rs=1 cs=1]
                                                              LayoutText {#text} at (2,2) size 8x19
                                                                text run at (2,2) width 8: "u"
                                                            LayoutTableCell {TD} at (31,106) size 28x24 [border: (1px inset #808080)] [r=4 c=1 rs=1 cs=1]
                                                              LayoutText {#text} at (2,2) size 8x19
                                                                text run at (2,2) width 8: "v"
                                                            LayoutTableCell {TD} at (61,106) size 37x24 [border: (1px inset #808080)] [r=4 c=2 rs=1 cs=1]
                                                              LayoutText {#text} at (2,2) size 12x19
                                                                text run at (2,2) width 12: "w"
                                                            LayoutTableCell {TD} at (100,106) size 28x24 [border: (1px inset #808080)] [r=4 c=3 rs=1 cs=1]
                                                              LayoutText {#text} at (2,2) size 8x19
                                                                text run at (2,2) width 8: "x"
                                                            LayoutTableCell {TD} at (130,106) size 29x24 [border: (1px inset #808080)] [r=4 c=4 rs=1 cs=1]
                                                              LayoutText {#text} at (2,2) size 8x19
                                                                text run at (2,2) width 8: "y"
                                                      LayoutBlockFlow (anonymous) at (2,136) size 163x20
                                                        LayoutText {#text} at (0,0) size 4x19
                                                          text run at (0,0) width 4: " "
                                                    LayoutTableCell {TD} at (223,121) size 25x24 [border: (1px inset #808080)] [r=2 c=3 rs=1 cs=1]
                                                      LayoutText {#text} at (2,2) size 8x19
                                                        text run at (2,2) width 8: "n"
                                                    LayoutTableCell {TD} at (250,121) size 25x24 [border: (1px inset #808080)] [r=2 c=4 rs=1 cs=1]
                                                      LayoutText {#text} at (2,2) size 8x19
                                                        text run at (2,2) width 8: "o"
                                                  LayoutTableRow {TR} at (0,214) size 277x24
                                                    LayoutTableCell {TD} at (2,214) size 24x24 [border: (1px inset #808080)] [r=3 c=0 rs=1 cs=1]
                                                      LayoutText {#text} at (2,2) size 8x19
                                                        text run at (2,2) width 8: "p"
                                                    LayoutTableCell {TD} at (28,214) size 24x24 [border: (1px inset #808080)] [r=3 c=1 rs=1 cs=1]
                                                      LayoutText {#text} at (2,2) size 8x19
                                                        text run at (2,2) width 8: "q"
                                                    LayoutTableCell {TD} at (54,214) size 167x24 [border: (1px inset #808080)] [r=3 c=2 rs=1 cs=1]
                                                      LayoutText {#text} at (2,2) size 5x19
                                                        text run at (2,2) width 5: "r"
                                                    LayoutTableCell {TD} at (223,214) size 25x24 [border: (1px inset #808080)] [r=3 c=3 rs=1 cs=1]
                                                      LayoutText {#text} at (2,2) size 6x19
                                                        text run at (2,2) width 6: "s"
                                                    LayoutTableCell {TD} at (250,214) size 25x24 [border: (1px inset #808080)] [r=3 c=4 rs=1 cs=1]
                                                      LayoutText {#text} at (2,2) size 4x19
                                                        text run at (2,2) width 4: "t"
                                                  LayoutTableRow {TR} at (0,240) size 277x24
                                                    LayoutTableCell {TD} at (2,240) size 24x24 [border: (1px inset #808080)] [r=4 c=0 rs=1 cs=1]
                                                      LayoutText {#text} at (2,2) size 8x19
                                                        text run at (2,2) width 8: "u"
                                                    LayoutTableCell {TD} at (28,240) size 24x24 [border: (1px inset #808080)] [r=4 c=1 rs=1 cs=1]
                                                      LayoutText {#text} at (2,2) size 8x19
                                                        text run at (2,2) width 8: "v"
                                                    LayoutTableCell {TD} at (54,240) size 167x24 [border: (1px inset #808080)] [r=4 c=2 rs=1 cs=1]
                                                      LayoutText {#text} at (2,2) size 12x19
                                                        text run at (2,2) width 12: "w"
                                                    LayoutTableCell {TD} at (223,240) size 25x24 [border: (1px inset #808080)] [r=4 c=3 rs=1 cs=1]
                                                      LayoutText {#text} at (2,2) size 8x19
                                                        text run at (2,2) width 8: "x"
                                                    LayoutTableCell {TD} at (250,240) size 25x24 [border: (1px inset #808080)] [r=4 c=4 rs=1 cs=1]
                                                      LayoutText {#text} at (2,2) size 8x19
                                                        text run at (2,2) width 8: "y"
                                              LayoutBlockFlow (anonymous) at (2,270) size 279x20
                                                LayoutText {#text} at (0,0) size 4x19
                                                  text run at (0,0) width 4: " "
                                            LayoutTableCell {TD} at (336,188) size 23x24 [border: (1px inset #808080)] [r=2 c=3 rs=1 cs=1]
                                              LayoutText {#text} at (2,2) size 8x19
                                                text run at (2,2) width 8: "n"
                                            LayoutTableCell {TD} at (361,188) size 24x24 [border: (1px inset #808080)] [r=2 c=4 rs=1 cs=1]
                                              LayoutText {#text} at (2,2) size 8x19
                                                text run at (2,2) width 8: "o"
                                          LayoutTableRow {TR} at (0,348) size 387x24
                                            LayoutTableCell {TD} at (2,348) size 22x24 [border: (1px inset #808080)] [r=3 c=0 rs=1 cs=1]
                                              LayoutText {#text} at (2,2) size 8x19
                                                text run at (2,2) width 8: "p"
                                            LayoutTableCell {TD} at (26,348) size 23x24 [border: (1px inset #808080)] [r=3 c=1 rs=1 cs=1]
                                              LayoutText {#text} at (2,2) size 8x19
                                                text run at (2,2) width 8: "q"
                                            LayoutTableCell {TD} at (51,348) size 283x24 [border: (1px inset #808080)] [r=3 c=2 rs=1 cs=1]
                                              LayoutText {#text} at (2,2) size 5x19
                                                text run at (2,2) width 5: "r"
                                            LayoutTableCell {TD} at (336,348) size 23x24 [border: (1px inset #808080)] [r=3 c=3 rs=1 cs=1]
                                              LayoutText {#text} at (2,2) size 6x19
                                                text run at (2,2) width 6: "s"
                                            LayoutTableCell {TD} at (361,348) size 24x24 [border: (1px inset #808080)] [r=3 c=4 rs=1 cs=1]
                                              LayoutText {#text} at (2,2) size 4x19
                                                text run at (2,2) width 4: "t"
                                          LayoutTableRow {TR} at (0,374) size 387x24
                                            LayoutTableCell {TD} at (2,374) size 22x24 [border: (1px inset #808080)] [r=4 c=0 rs=1 cs=1]
                                              LayoutText {#text} at (2,2) size 8x19
                                                text run at (2,2) width 8: "u"
                                            LayoutTableCell {TD} at (26,374) size 23x24 [border: (1px inset #808080)] [r=4 c=1 rs=1 cs=1]
                                              LayoutText {#text} at (2,2) size 8x19
                                                text run at (2,2) width 8: "v"
                                            LayoutTableCell {TD} at (51,374) size 283x24 [border: (1px inset #808080)] [r=4 c=2 rs=1 cs=1]
                                              LayoutText {#text} at (2,2) size 12x19
                                                text run at (2,2) width 12: "w"
                                            LayoutTableCell {TD} at (336,374) size 23x24 [border: (1px inset #808080)] [r=4 c=3 rs=1 cs=1]
                                              LayoutText {#text} at (2,2) size 8x19
                                                text run at (2,2) width 8: "x"
                                            LayoutTableCell {TD} at (361,374) size 24x24 [border: (1px inset #808080)] [r=4 c=4 rs=1 cs=1]
                                              LayoutText {#text} at (2,2) size 8x19
                                                text run at (2,2) width 8: "y"
                                      LayoutBlockFlow (anonymous) at (2,404) size 389x20
                                        LayoutText {#text} at (0,0) size 4x19
                                          text run at (0,0) width 4: " "
                                    LayoutTableCell {TD} at (445,229) size 22x24 [border: (1px inset #808080)] [r=1 c=3 rs=1 cs=1]
                                      LayoutText {#text} at (2,2) size 8x19
                                        text run at (2,2) width 8: "9"
                                    LayoutTableCell {TD} at (469,229) size 23x24 [border: (1px inset #808080)] [r=1 c=4 rs=1 cs=1]
                                      LayoutText {#text} at (2,2) size 8x19
                                        text run at (2,2) width 8: "0"
                                  LayoutTableRow {TR} at (0,456) size 494x24
                                    LayoutTableCell {TD} at (2,456) size 22x24 [border: (1px inset #808080)] [r=2 c=0 rs=1 cs=1]
                                      LayoutText {#text} at (2,2) size 7x19
                                        text run at (2,2) width 7: "a"
                                    LayoutTableCell {TD} at (26,456) size 22x24 [border: (1px inset #808080)] [r=2 c=1 rs=1 cs=1]
                                      LayoutText {#text} at (2,2) size 8x19
                                        text run at (2,2) width 8: "b"
                                    LayoutTableCell {TD} at (50,456) size 393x24 [border: (1px inset #808080)] [r=2 c=2 rs=1 cs=1]
                                      LayoutText {#text} at (2,2) size 7x19
                                        text run at (2,2) width 7: "c"
                                    LayoutTableCell {TD} at (445,456) size 22x24 [border: (1px inset #808080)] [r=2 c=3 rs=1 cs=1]
                                      LayoutText {#text} at (2,2) size 8x19
                                        text run at (2,2) width 8: "d"
                                    LayoutTableCell {TD} at (469,456) size 23x24 [border: (1px inset #808080)] [r=2 c=4 rs=1 cs=1]
                                      LayoutText {#text} at (2,2) size 7x19
                                        text run at (2,2) width 7: "e"
                                  LayoutTableRow {TR} at (0,482) size 494x24
                                    LayoutTableCell {TD} at (2,482) size 22x24 [border: (1px inset #808080)] [r=3 c=0 rs=1 cs=1]
                                      LayoutText {#text} at (2,2) size 5x19
                                        text run at (2,2) width 5: "f"
                                    LayoutTableCell {TD} at (26,482) size 22x24 [border: (1px inset #808080)] [r=3 c=1 rs=1 cs=1]
                                      LayoutText {#text} at (2,2) size 8x19
                                        text run at (2,2) width 8: "g"
                                    LayoutTableCell {TD} at (50,482) size 393x24 [border: (1px inset #808080)] [r=3 c=2 rs=1 cs=1]
                                      LayoutText {#text} at (2,2) size 8x19
                                        text run at (2,2) width 8: "h"
                                    LayoutTableCell {TD} at (445,482) size 22x24 [border: (1px inset #808080)] [r=3 c=3 rs=1 cs=1]
                                      LayoutText {#text} at (2,2) size 4x19
                                        text run at (2,2) width 4: "i"
                                    LayoutTableCell {TD} at (469,482) size 23x24 [border: (1px inset #808080)] [r=3 c=4 rs=1 cs=1]
                                      LayoutText {#text} at (2,2) size 4x19
                                        text run at (2,2) width 4: "j"
                                  LayoutTableRow {TR} at (0,508) size 494x24
                                    LayoutTableCell {TD} at (2,508) size 22x24 [border: (1px inset #808080)] [r=4 c=0 rs=1 cs=1]
                                      LayoutText {#text} at (2,2) size 8x19
                                        text run at (2,2) width 8: "k"
                                    LayoutTableCell {TD} at (26,508) size 22x24 [border: (1px inset #808080)] [r=4 c=1 rs=1 cs=1]
                                      LayoutText {#text} at (2,2) size 4x19
                                        text run at (2,2) width 4: "l"
                                    LayoutTableCell {TD} at (50,508) size 393x24 [border: (1px inset #808080)] [r=4 c=2 rs=1 cs=1]
                                      LayoutText {#text} at (2,2) size 12x19
                                        text run at (2,2) width 12: "m"
                                    LayoutTableCell {TD} at (445,508) size 22x24 [border: (1px inset #808080)] [r=4 c=3 rs=1 cs=1]
                                      LayoutText {#text} at (2,2) size 8x19
                                        text run at (2,2) width 8: "n"
                                    LayoutTableCell {TD} at (469,508) size 23x24 [border: (1px inset #808080)] [r=4 c=4 rs=1 cs=1]
                                      LayoutText {#text} at (2,2) size 8x19
                                        text run at (2,2) width 8: "o"
                              LayoutBlockFlow (anonymous) at (2,538) size 496x20
                                LayoutText {#text} at (0,0) size 4x19
                                  text run at (0,0) width 4: " "
                            LayoutTableCell {TD} at (527,270) size 22x24 [border: (1px inset #808080)] [r=0 c=2 rs=1 cs=1]
                              LayoutText {#text} at (2,2) size 8x19
                                text run at (2,2) width 8: "3"
                          LayoutTableRow {TR} at (0,564) size 551x24
                            LayoutTableCell {TD} at (2,564) size 21x24 [border: (1px inset #808080)] [r=1 c=0 rs=1 cs=1]
                              LayoutText {#text} at (2,2) size 8x19
                                text run at (2,2) width 8: "4"
                            LayoutTableCell {TD} at (25,564) size 500x24 [border: (1px inset #808080)] [r=1 c=1 rs=1 cs=1]
                              LayoutText {#text} at (2,2) size 8x19
                                text run at (2,2) width 8: "5"
                            LayoutTableCell {TD} at (527,564) size 22x24 [border: (1px inset #808080)] [r=1 c=2 rs=1 cs=1]
                              LayoutText {#text} at (2,2) size 8x19
                                text run at (2,2) width 8: "6"
                          LayoutTableRow {TR} at (0,590) size 551x24
                            LayoutTableCell {TD} at (2,590) size 21x24 [border: (1px inset #808080)] [r=2 c=0 rs=1 cs=1]
                              LayoutText {#text} at (2,2) size 8x19
                                text run at (2,2) width 8: "7"
                            LayoutTableCell {TD} at (25,590) size 500x24 [border: (1px inset #808080)] [r=2 c=1 rs=1 cs=1]
                              LayoutText {#text} at (2,2) size 8x19
                                text run at (2,2) width 8: "8"
                            LayoutTableCell {TD} at (527,590) size 22x24 [border: (1px inset #808080)] [r=2 c=2 rs=1 cs=1]
                              LayoutText {#text} at (2,2) size 8x19
                                text run at (2,2) width 8: "9"
                      LayoutBlockFlow (anonymous) at (2,620) size 553x20
                        LayoutText {#text} at (0,0) size 4x19
                          text run at (0,0) width 4: " "
                    LayoutTableCell {TD} at (584,337) size 22x24 [border: (1px inset #808080)] [r=1 c=2 rs=1 cs=1]
                      LayoutText {#text} at (2,2) size 8x19
                        text run at (2,2) width 8: "6"
                  LayoutTableRow {TR} at (0,672) size 608x24
                    LayoutTableCell {TD} at (2,672) size 21x24 [border: (1px inset #808080)] [r=2 c=0 rs=1 cs=1]
                      LayoutText {#text} at (2,2) size 8x19
                        text run at (2,2) width 8: "7"
                    LayoutTableCell {TD} at (25,672) size 557x24 [border: (1px inset #808080)] [r=2 c=1 rs=1 cs=1]
                      LayoutText {#text} at (2,2) size 8x19
                        text run at (2,2) width 8: "8"
                    LayoutTableCell {TD} at (584,672) size 22x24 [border: (1px inset #808080)] [r=2 c=2 rs=1 cs=1]
                      LayoutText {#text} at (2,2) size 8x19
                        text run at (2,2) width 8: "9"
              LayoutBlockFlow (anonymous) at (2,702) size 610x20
                LayoutText {#text} at (0,0) size 4x19
                  text run at (0,0) width 4: " "
            LayoutTableCell {TD} at (618,404) size 72x24 [border: (1px inset #808080)] [r=2 c=1 rs=1 cs=1]
              LayoutText {#text} at (2,2) size 8x19
                text run at (2,2) width 8: "8"
            LayoutTableCell {TD} at (692,404) size 73x24 [border: (1px inset #808080)] [r=2 c=2 rs=1 cs=1]
              LayoutText {#text} at (2,2) size 8x19
                text run at (2,2) width 8: "9"
      LayoutBlockFlow (anonymous) at (0,802) size 769x40
        LayoutText {#text} at (0,0) size 8x19
          text run at (0,0) width 8: "  "
        LayoutBR {BR} at (8,15) size 0x0
        LayoutText {#text} at (0,20) size 280x19
          text run at (0,20) width 280: "the following text should display on one line"
      LayoutTable {TABLE} at (0,842) size 207x20
        LayoutTableSection {TBODY} at (0,0) size 207x20
          LayoutTableRow {TR} at (0,0) size 207x20
            LayoutTableCell {TD} at (0,0) size 207x20 [bgcolor=#B70000] [r=0 c=0 rs=1 cs=1]
              LayoutTable {TABLE} at (0,0) size 207x20
                LayoutTableSection {TBODY} at (0,0) size 207x20
                  LayoutTableRow {TR} at (0,0) size 207x20
                    LayoutTableCell {TD} at (0,0) size 13x16 [r=0 c=0 rs=1 cs=1]
                      LayoutImage {IMG} at (0,0) size 13x16
                    LayoutTableCell {TD} at (13,0) size 190x20 [r=0 c=1 rs=1 cs=1]
                      LayoutText {#text} at (0,0) size 162x19
                        text run at (0,0) width 162: "AlphaLinux Distributions"
                    LayoutTableCell {TD} at (203,0) size 4x4 [r=0 c=2 rs=1 cs=1]
                      LayoutImage {IMG} at (0,0) size 4x4
