layer at (0,0) size 800x600
  LayoutView at (0,0) size 800x600
layer at (0,0) size 800x600
  LayoutBlockFlow {HTML} at (0,0) size 800x600
    LayoutBlockFlow {BODY} at (8,8) size 784x584
      LayoutBlockFlow (anonymous) at (0,0) size 784x20
        LayoutText {#text} at (0,0) size 268x19
          text run at (0,0) width 268: "This table should have cell padding of 5px"
      LayoutTable {TABLE} at (0,20) size 112x72 [border: (1px outset #808080)]
        LayoutTableSection {TBODY} at (1,1) size 110x70
          LayoutTableRow {TR} at (0,2) size 110x32
            LayoutTableCell {TD} at (2,2) size 48x32 [border: (1px inset #808080)] [r=0 c=0 rs=1 cs=1]
              LayoutText {#text} at (6,6) size 36x19
                text run at (6,6) width 36: "AAA"
            LayoutTableCell {TD} at (52,2) size 56x32 [border: (1px inset #808080)] [r=0 c=1 rs=1 cs=1]
              LayoutText {#text} at (6,6) size 44x19
                text run at (6,6) width 44: "BBBB"
          LayoutTableRow {TR} at (0,36) size 110x32
            LayoutTableCell {TD} at (2,36) size 48x32 [border: (1px inset #808080)] [r=1 c=0 rs=1 cs=1]
              LayoutText {#text} at (6,6) size 36x19
                text run at (6,6) width 36: "AAA"
            LayoutTableCell {TD} at (52,36) size 56x32 [border: (1px inset #808080)] [r=1 c=1 rs=1 cs=1]
              LayoutText {#text} at (6,6) size 44x19
                text run at (6,6) width 44: "BBBB"
      LayoutBlockFlow (anonymous) at (0,92) size 784x40
        LayoutBR {BR} at (0,0) size 0x19
        LayoutText {#text} at (0,20) size 268x19
          text run at (0,20) width 268: "This table should have cell padding of 5px"
      LayoutTable {TABLE} at (0,132) size 112x72 [border: (1px outset #808080)]
        LayoutTableSection {TBODY} at (1,1) size 110x70
          LayoutTableRow {TR} at (0,2) size 110x32
            LayoutTableCell {TD} at (2,2) size 48x32 [border: (1px inset #808080)] [r=0 c=0 rs=1 cs=1]
              LayoutText {#text} at (6,6) size 36x19
                text run at (6,6) width 36: "AAA"
            LayoutTableCell {TD} at (52,2) size 56x32 [border: (1px inset #808080)] [r=0 c=1 rs=1 cs=1]
              LayoutText {#text} at (6,6) size 44x19
                text run at (6,6) width 44: "BBBB"
          LayoutTableRow {TR} at (0,36) size 110x32
            LayoutTableCell {TD} at (2,36) size 48x32 [border: (1px inset #808080)] [r=1 c=0 rs=1 cs=1]
              LayoutText {#text} at (6,6) size 36x19
                text run at (6,6) width 36: "AAA"
            LayoutTableCell {TD} at (52,36) size 56x32 [border: (1px inset #808080)] [r=1 c=1 rs=1 cs=1]
              LayoutText {#text} at (6,6) size 44x19
                text run at (6,6) width 44: "BBBB"
      LayoutBlockFlow (anonymous) at (0,204) size 784x40
        LayoutBR {BR} at (0,0) size 0x19
        LayoutText {#text} at (0,20) size 268x19
          text run at (0,20) width 268: "This table should have cell padding of 5px"
      LayoutTable {TABLE} at (0,244) size 112x72 [border: (1px outset #808080)]
        LayoutTableSection {TBODY} at (1,1) size 110x70
          LayoutTableRow {TR} at (0,2) size 110x32
            LayoutTableCell {TD} at (2,2) size 48x32 [border: (1px inset #808080)] [r=0 c=0 rs=1 cs=1]
              LayoutText {#text} at (6,6) size 36x19
                text run at (6,6) width 36: "AAA"
            LayoutTableCell {TD} at (52,2) size 56x32 [border: (1px inset #808080)] [r=0 c=1 rs=1 cs=1]
              LayoutText {#text} at (6,6) size 44x19
                text run at (6,6) width 44: "BBBB"
          LayoutTableRow {TR} at (0,36) size 110x32
            LayoutTableCell {TD} at (2,36) size 48x32 [border: (1px inset #808080)] [r=1 c=0 rs=1 cs=1]
              LayoutText {#text} at (6,6) size 36x19
                text run at (6,6) width 36: "AAA"
            LayoutTableCell {TD} at (52,36) size 56x32 [border: (1px inset #808080)] [r=1 c=1 rs=1 cs=1]
              LayoutText {#text} at (6,6) size 44x19
                text run at (6,6) width 44: "BBBB"
      LayoutBlockFlow (anonymous) at (0,316) size 784x40
        LayoutBR {BR} at (0,0) size 0x19
        LayoutText {#text} at (0,20) size 531x19
          text run at (0,20) width 531: "This table should have cell padding of 5px except the 1st cell's left padding will be 0"
      LayoutTable {TABLE} at (0,356) size 112x72 [border: (1px outset #808080)]
        LayoutTableSection {TBODY} at (1,1) size 110x70
          LayoutTableRow {TR} at (0,2) size 110x32
            LayoutTableCell {TD} at (2,2) size 48x32 [border: (1px inset #808080)] [r=0 c=0 rs=1 cs=1]
              LayoutText {#text} at (1,6) size 36x19
                text run at (1,6) width 36: "AAA"
            LayoutTableCell {TD} at (52,2) size 56x32 [border: (1px inset #808080)] [r=0 c=1 rs=1 cs=1]
              LayoutText {#text} at (6,6) size 44x19
                text run at (6,6) width 44: "BBBB"
          LayoutTableRow {TR} at (0,36) size 110x32
            LayoutTableCell {TD} at (2,36) size 48x32 [border: (1px inset #808080)] [r=1 c=0 rs=1 cs=1]
              LayoutText {#text} at (6,6) size 36x19
                text run at (6,6) width 36: "AAA"
            LayoutTableCell {TD} at (52,36) size 56x32 [border: (1px inset #808080)] [r=1 c=1 rs=1 cs=1]
              LayoutText {#text} at (6,6) size 44x19
                text run at (6,6) width 44: "BBBB"
      LayoutBlockFlow (anonymous) at (0,428) size 784x40
        LayoutBR {BR} at (0,0) size 0x19
        LayoutText {#text} at (0,20) size 542x19
          text run at (0,20) width 542: "This table should have cell padding of 5px except the last cell's left padding will be 30"
      LayoutTable {TABLE} at (0,468) size 137x72 [border: (1px outset #808080)]
        LayoutTableSection {TBODY} at (1,1) size 135x70
          LayoutTableRow {TR} at (0,2) size 135x32
            LayoutTableCell {TD} at (2,2) size 48x32 [border: (1px inset #808080)] [r=0 c=0 rs=1 cs=1]
              LayoutText {#text} at (6,6) size 36x19
                text run at (6,6) width 36: "AAA"
            LayoutTableCell {TD} at (52,2) size 81x32 [border: (1px inset #808080)] [r=0 c=1 rs=1 cs=1]
              LayoutText {#text} at (6,6) size 44x19
                text run at (6,6) width 44: "BBBB"
          LayoutTableRow {TR} at (0,36) size 135x32
            LayoutTableCell {TD} at (2,36) size 48x32 [border: (1px inset #808080)] [r=1 c=0 rs=1 cs=1]
              LayoutText {#text} at (6,6) size 36x19
                text run at (6,6) width 36: "AAA"
            LayoutTableCell {TD} at (52,36) size 81x32 [border: (1px inset #808080)] [r=1 c=1 rs=1 cs=1]
              LayoutText {#text} at (31,6) size 44x19
                text run at (31,6) width 44: "BBBB"
