layer at (0,0) size 800x600 clip at (0,0) size 785x600 scrollHeight 1445
  LayoutView at (0,0) size 800x600
layer at (0,0) size 785x1445 backgroundClip at (0,0) size 785x600 clip at (0,0) size 785x600
  LayoutBlockFlow {HTML} at (0,0) size 785x1445.06
    LayoutBlockFlow {BODY} at (8,8) size 769x1429.06
      LayoutBlockFlow {H1} at (0,0) size 769x37
        LayoutText {#text} at (0,0) size 391x36
          text run at (0,0) width 391: "Example 6: Table Stress Test"
      LayoutBlockFlow {PRE} at (0,58.44) size 769x16 [color=#FF0000]
        LayoutText {#text} at (0,0) size 272x16
          text run at (0,0) width 272: "Resize document for maximum effect"
      LayoutBlockFlow (anonymous) at (0,87.44) size 769x20
        LayoutBR {BR} at (0,0) size 0x19
      LayoutBlockFlow {H2} at (0,127.34) size 769x27
        LayoutText {#text} at (0,0) size 501x26
          text run at (0,0) width 501: "Auto-width tables with spans nested 8 levels deep"
      LayoutTable {TABLE} at (0,174.25) size 769x394 [bgcolor=#FF0000] [border: (1px outset #808080)]
        LayoutTableSection {TBODY} at (1,1) size 767x392
          LayoutTableRow {TR} at (0,2) size 767x180
            LayoutTableCell {TD} at (2,80) size 30x24 [border: (1px inset #808080)] [r=0 c=0 rs=1 cs=1]
              LayoutText {#text} at (2,2) size 26x19
                text run at (2,2) width 26: "Cell"
            LayoutTableCell {TD} at (34,2) size 731x362 [border: (1px inset #808080)] [r=0 c=1 rs=2 cs=2]
              LayoutTable {TABLE} at (2,2) size 727x358 [bgcolor=#ADD8E6] [border: (1px outset #808080)]
                LayoutTableSection {TBODY} at (1,1) size 725x356
                  LayoutTableRow {TR} at (0,2) size 725x162
                    LayoutTableCell {TD} at (2,71) size 30x24 [border: (1px inset #808080)] [r=0 c=0 rs=1 cs=1]
                      LayoutText {#text} at (2,2) size 26x19
                        text run at (2,2) width 26: "Cell"
                    LayoutTableCell {TD} at (34,2) size 689x326 [border: (1px inset #808080)] [r=0 c=1 rs=2 cs=2]
                      LayoutTable {TABLE} at (2,2) size 685x322 [bgcolor=#90EE90] [border: (1px outset #808080)]
                        LayoutTableSection {TBODY} at (1,1) size 683x320
                          LayoutTableRow {TR} at (0,2) size 683x144
                            LayoutTableCell {TD} at (2,62) size 30x24 [border: (1px inset #808080)] [r=0 c=0 rs=1 cs=1]
                              LayoutText {#text} at (2,2) size 26x19
                                text run at (2,2) width 26: "Cell"
                            LayoutTableCell {TD} at (34,2) size 647x290 [border: (1px inset #808080)] [r=0 c=1 rs=2 cs=2]
                              LayoutTable {TABLE} at (2,2) size 643x286 [border: (1px outset #808080)]
                                LayoutTableSection {TBODY} at (1,1) size 641x284
                                  LayoutTableRow {TR} at (0,2) size 641x126
                                    LayoutTableCell {TD} at (2,53) size 30x24 [border: (1px inset #808080)] [r=0 c=0 rs=1 cs=1]
                                      LayoutText {#text} at (2,2) size 26x19
                                        text run at (2,2) width 26: "Cell"
                                    LayoutTableCell {TD} at (34,2) size 605x254 [border: (1px inset #808080)] [r=0 c=1 rs=2 cs=2]
                                      LayoutTable {TABLE} at (2,2) size 601x250 [bgcolor=#FFA500] [border: (1px outset #808080)]
                                        LayoutTableSection {TBODY} at (1,1) size 599x248
                                          LayoutTableRow {TR} at (0,2) size 599x108
                                            LayoutTableCell {TD} at (2,44) size 30x24 [border: (1px inset #808080)] [r=0 c=0 rs=1 cs=1]
                                              LayoutText {#text} at (2,2) size 26x19
                                                text run at (2,2) width 26: "Cell"
                                            LayoutTableCell {TD} at (34,2) size 563x218 [border: (1px inset #808080)] [r=0 c=1 rs=2 cs=2]
                                              LayoutTable {TABLE} at (2,2) size 559x214 [bgcolor=#FF0000] [border: (1px outset #808080)]
                                                LayoutTableSection {TBODY} at (1,1) size 557x212
                                                  LayoutTableRow {TR} at (0,2) size 557x80
                                                    LayoutTableCell {TD} at (2,30) size 30x24 [border: (1px inset #808080)] [r=0 c=0 rs=1 cs=1]
                                                      LayoutText {#text} at (2,2) size 26x19
                                                        text run at (2,2) width 26: "Cell"
                                                    LayoutTableCell {TD} at (34,2) size 521x162 [border: (1px inset #808080)] [r=0 c=1 rs=2 cs=2]
                                                      LayoutTable {TABLE} at (2,2) size 517x158 [bgcolor=#ADD8E6] [border: (1px outset #808080)]
                                                        LayoutTableSection {TBODY} at (1,1) size 515x156
                                                          LayoutTableRow {TR} at (0,2) size 515x52
                                                            LayoutTableCell {TD} at (2,16) size 30x24 [border: (1px inset #808080)] [r=0 c=0 rs=1 cs=1]
                                                              LayoutText {#text} at (2,2) size 26x19
                                                                text run at (2,2) width 26: "Cell"
                                                            LayoutTableCell {TD} at (34,2) size 479x106 [border: (1px inset #808080)] [r=0 c=1 rs=2 cs=2]
                                                              LayoutTable {TABLE} at (2,2) size 475x102 [bgcolor=#90EE90] [border: (1px outset #808080)]
                                                                LayoutTableSection {TBODY} at (1,1) size 473x100
                                                                  LayoutTableRow {TR} at (0,2) size 473x24
                                                                    LayoutTableCell {TD} at (2,2) size 30x24 [border: (1px inset #808080)] [r=0 c=0 rs=1 cs=1]
                                                                      LayoutText {#text} at (2,2) size 26x19
                                                                        text run at (2,2) width 26: "Cell"
                                                                    LayoutTableCell {TD} at (34,5) size 437x44 [border: (1px inset #808080)] [r=0 c=1 rs=2 cs=2]
                                                                      LayoutText {#text} at (2,2) size 390x39
                                                                        text run at (2,2) width 390: "Cell, and stuff to test out table cell layout. This should be long"
                                                                        text run at (2,22) width 118: "enough for testing."
                                                                  LayoutTableRow {TR} at (0,28) size 473x24
                                                                    LayoutTableCell {TD} at (2,28) size 30x24 [border: (1px inset #808080)] [r=1 c=0 rs=1 cs=1]
                                                                      LayoutText {#text} at (2,2) size 26x19
                                                                        text run at (2,2) width 26: "Cell"
                                                                  LayoutTableRow {TR} at (0,54) size 473x44
                                                                    LayoutTableCell {TD} at (2,64) size 30x24 [border: (1px inset #808080)] [r=2 c=0 rs=1 cs=1]
                                                                      LayoutText {#text} at (2,2) size 26x19
                                                                        text run at (2,2) width 26: "Cell"
                                                                    LayoutTableCell {TD} at (34,54) size 405x44 [border: (1px inset #808080)] [r=2 c=1 rs=1 cs=1]
                                                                      LayoutText {#text} at (2,2) size 390x39
                                                                        text run at (2,2) width 390: "Cell, and stuff to test out table cell layout. This should be long"
                                                                        text run at (2,22) width 118: "enough for testing."
                                                                    LayoutTableCell {TD} at (441,64) size 30x24 [border: (1px inset #808080)] [r=2 c=2 rs=1 cs=1]
                                                                      LayoutText {#text} at (2,2) size 26x19
                                                                        text run at (2,2) width 26: "Cell"
                                                          LayoutTableRow {TR} at (0,56) size 515x52
                                                            LayoutTableCell {TD} at (2,70) size 30x24 [border: (1px inset #808080)] [r=1 c=0 rs=1 cs=1]
                                                              LayoutText {#text} at (2,2) size 26x19
                                                                text run at (2,2) width 26: "Cell"
                                                          LayoutTableRow {TR} at (0,110) size 515x44
                                                            LayoutTableCell {TD} at (2,120) size 30x24 [border: (1px inset #808080)] [r=2 c=0 rs=1 cs=1]
                                                              LayoutText {#text} at (2,2) size 26x19
                                                                text run at (2,2) width 26: "Cell"
                                                            LayoutTableCell {TD} at (34,110) size 447x44 [border: (1px inset #808080)] [r=2 c=1 rs=1 cs=1]
                                                              LayoutText {#text} at (2,2) size 441x39
                                                                text run at (2,2) width 394: "Cell, and stuff to test out table cell layout. This should be long "
                                                                text run at (395,2) width 48: "enough"
                                                                text run at (2,22) width 67: "for testing."
                                                            LayoutTableCell {TD} at (483,120) size 30x24 [border: (1px inset #808080)] [r=2 c=2 rs=1 cs=1]
                                                              LayoutText {#text} at (2,2) size 26x19
                                                                text run at (2,2) width 26: "Cell"
                                                  LayoutTableRow {TR} at (0,84) size 557x80
                                                    LayoutTableCell {TD} at (2,112) size 30x24 [border: (1px inset #808080)] [r=1 c=0 rs=1 cs=1]
                                                      LayoutText {#text} at (2,2) size 26x19
                                                        text run at (2,2) width 26: "Cell"
                                                  LayoutTableRow {TR} at (0,166) size 557x44
                                                    LayoutTableCell {TD} at (2,176) size 30x24 [border: (1px inset #808080)] [r=2 c=0 rs=1 cs=1]
                                                      LayoutText {#text} at (2,2) size 26x19
                                                        text run at (2,2) width 26: "Cell"
                                                    LayoutTableCell {TD} at (34,166) size 489x44 [border: (1px inset #808080)] [r=2 c=1 rs=1 cs=1]
                                                      LayoutText {#text} at (2,2) size 463x39
                                                        text run at (2,2) width 394: "Cell, and stuff to test out table cell layout. This should be long "
                                                        text run at (395,2) width 70: "enough for"
                                                        text run at (2,22) width 45: "testing."
                                                    LayoutTableCell {TD} at (525,176) size 30x24 [border: (1px inset #808080)] [r=2 c=2 rs=1 cs=1]
                                                      LayoutText {#text} at (2,2) size 26x19
                                                        text run at (2,2) width 26: "Cell"
                                          LayoutTableRow {TR} at (0,112) size 599x108
                                            LayoutTableCell {TD} at (2,154) size 30x24 [border: (1px inset #808080)] [r=1 c=0 rs=1 cs=1]
                                              LayoutText {#text} at (2,2) size 26x19
                                                text run at (2,2) width 26: "Cell"
                                          LayoutTableRow {TR} at (0,222) size 599x24
                                            LayoutTableCell {TD} at (2,222) size 30x24 [border: (1px inset #808080)] [r=2 c=0 rs=1 cs=1]
                                              LayoutText {#text} at (2,2) size 26x19
                                                text run at (2,2) width 26: "Cell"
                                            LayoutTableCell {TD} at (34,222) size 530x24 [border: (1px inset #808080)] [r=2 c=1 rs=1 cs=1]
                                              LayoutText {#text} at (2,2) size 512x19
                                                text run at (2,2) width 394: "Cell, and stuff to test out table cell layout. This should be long "
                                                text run at (395,2) width 119: "enough for testing."
                                            LayoutTableCell {TD} at (566,222) size 31x24 [border: (1px inset #808080)] [r=2 c=2 rs=1 cs=1]
                                              LayoutText {#text} at (2,2) size 26x19
                                                text run at (2,2) width 26: "Cell"
                                  LayoutTableRow {TR} at (0,130) size 641x126
                                    LayoutTableCell {TD} at (2,181) size 30x24 [border: (1px inset #808080)] [r=1 c=0 rs=1 cs=1]
                                      LayoutText {#text} at (2,2) size 26x19
                                        text run at (2,2) width 26: "Cell"
                                  LayoutTableRow {TR} at (0,258) size 641x24
                                    LayoutTableCell {TD} at (2,258) size 30x24 [border: (1px inset #808080)] [r=2 c=0 rs=1 cs=1]
                                      LayoutText {#text} at (2,2) size 26x19
                                        text run at (2,2) width 26: "Cell"
                                    LayoutTableCell {TD} at (34,258) size 569x24 [border: (1px inset #808080)] [r=2 c=1 rs=1 cs=1]
                                      LayoutText {#text} at (2,2) size 512x19
                                        text run at (2,2) width 394: "Cell, and stuff to test out table cell layout. This should be long "
                                        text run at (395,2) width 119: "enough for testing."
                                    LayoutTableCell {TD} at (605,258) size 34x24 [border: (1px inset #808080)] [r=2 c=2 rs=1 cs=1]
                                      LayoutText {#text} at (2,2) size 26x19
                                        text run at (2,2) width 26: "Cell"
                          LayoutTableRow {TR} at (0,148) size 683x144
                            LayoutTableCell {TD} at (2,208) size 30x24 [border: (1px inset #808080)] [r=1 c=0 rs=1 cs=1]
                              LayoutText {#text} at (2,2) size 26x19
                                text run at (2,2) width 26: "Cell"
                          LayoutTableRow {TR} at (0,294) size 683x24
                            LayoutTableCell {TD} at (2,294) size 30x24 [border: (1px inset #808080)] [r=2 c=0 rs=1 cs=1]
                              LayoutText {#text} at (2,2) size 26x19
                                text run at (2,2) width 26: "Cell"
                            LayoutTableCell {TD} at (34,294) size 609x24 [border: (1px inset #808080)] [r=2 c=1 rs=1 cs=1]
                              LayoutText {#text} at (2,2) size 512x19
                                text run at (2,2) width 394: "Cell, and stuff to test out table cell layout. This should be long "
                                text run at (395,2) width 119: "enough for testing."
                            LayoutTableCell {TD} at (645,294) size 36x24 [border: (1px inset #808080)] [r=2 c=2 rs=1 cs=1]
                              LayoutText {#text} at (2,2) size 26x19
                                text run at (2,2) width 26: "Cell"
                  LayoutTableRow {TR} at (0,166) size 725x162
                    LayoutTableCell {TD} at (2,235) size 30x24 [border: (1px inset #808080)] [r=1 c=0 rs=1 cs=1]
                      LayoutText {#text} at (2,2) size 26x19
                        text run at (2,2) width 26: "Cell"
                  LayoutTableRow {TR} at (0,330) size 725x24
                    LayoutTableCell {TD} at (2,330) size 30x24 [border: (1px inset #808080)] [r=2 c=0 rs=1 cs=1]
                      LayoutText {#text} at (2,2) size 26x19
                        text run at (2,2) width 26: "Cell"
                    LayoutTableCell {TD} at (34,330) size 649x24 [border: (1px inset #808080)] [r=2 c=1 rs=1 cs=1]
                      LayoutText {#text} at (2,2) size 512x19
                        text run at (2,2) width 394: "Cell, and stuff to test out table cell layout. This should be long "
                        text run at (395,2) width 119: "enough for testing."
                    LayoutTableCell {TD} at (685,330) size 38x24 [border: (1px inset #808080)] [r=2 c=2 rs=1 cs=1]
                      LayoutText {#text} at (2,2) size 26x19
                        text run at (2,2) width 26: "Cell"
          LayoutTableRow {TR} at (0,184) size 767x180
            LayoutTableCell {TD} at (2,262) size 30x24 [border: (1px inset #808080)] [r=1 c=0 rs=1 cs=1]
              LayoutText {#text} at (2,2) size 26x19
                text run at (2,2) width 26: "Cell"
          LayoutTableRow {TR} at (0,366) size 767x24
            LayoutTableCell {TD} at (2,366) size 30x24 [border: (1px inset #808080)] [r=2 c=0 rs=1 cs=1]
              LayoutText {#text} at (2,2) size 26x19
                text run at (2,2) width 26: "Cell"
            LayoutTableCell {TD} at (34,366) size 688x24 [border: (1px inset #808080)] [r=2 c=1 rs=1 cs=1]
              LayoutText {#text} at (2,2) size 512x19
                text run at (2,2) width 394: "Cell, and stuff to test out table cell layout. This should be long "
                text run at (395,2) width 119: "enough for testing."
            LayoutTableCell {TD} at (724,366) size 41x24 [border: (1px inset #808080)] [r=2 c=2 rs=1 cs=1]
              LayoutText {#text} at (2,2) size 26x19
                text run at (2,2) width 26: "Cell"
      LayoutBlockFlow (anonymous) at (0,568.25) size 769x20
        LayoutBR {BR} at (0,0) size 0x19
      LayoutBlockFlow {H2} at (0,608.16) size 769x27
        LayoutText {#text} at (0,0) size 396x26
          text run at (0,0) width 396: "100% width tables nested 6 levels deep"
      LayoutTable {TABLE} at (0,655.06) size 769x774 [bgcolor=#FFFF00] [border: (1px outset #808080)]
        LayoutTableSection {TBODY} at (1,1) size 767x772
          LayoutTableRow {TR} at (0,2) size 767x24
            LayoutTableCell {TD} at (2,2) size 611x24 [border: (1px inset #808080)] [r=0 c=0 rs=1 cs=1]
              LayoutText {#text} at (2,2) size 53x19
                text run at (2,2) width 53: "Cell one"
            LayoutTableCell {TD} at (615,2) size 74x24 [border: (1px inset #808080)] [r=0 c=1 rs=1 cs=1]
              LayoutText {#text} at (2,2) size 34x19
                text run at (2,2) width 34: "Cell2"
            LayoutTableCell {TD} at (691,2) size 74x24 [border: (1px inset #808080)] [r=0 c=2 rs=1 cs=1]
              LayoutText {#text} at (2,2) size 38x19
                text run at (2,2) width 38: "Cell 3"
          LayoutTableRow {TR} at (0,28) size 767x24
            LayoutTableCell {TD} at (2,28) size 611x24 [border: (1px inset #808080)] [r=1 c=0 rs=1 cs=1]
              LayoutText {#text} at (2,2) size 38x19
                text run at (2,2) width 38: "Cell 4"
            LayoutTableCell {TD} at (615,28) size 74x24 [border: (1px inset #808080)] [r=1 c=1 rs=1 cs=1]
              LayoutText {#text} at (2,2) size 38x19
                text run at (2,2) width 38: "Cell 5"
            LayoutTableCell {TD} at (691,28) size 74x24 [border: (1px inset #808080)] [r=1 c=2 rs=1 cs=1]
              LayoutText {#text} at (2,2) size 38x19
                text run at (2,2) width 38: "Cell 6"
          LayoutTableRow {TR} at (0,54) size 767x716
            LayoutTableCell {TD} at (2,54) size 611x716 [border: (1px inset #808080)] [r=2 c=0 rs=1 cs=1]
              LayoutTable {TABLE} at (2,2) size 607x692 [bgcolor=#D3D3D3]
                LayoutTableSection {TBODY} at (0,0) size 607x692
                  LayoutTableRow {TR} at (0,2) size 607x22
                    LayoutTableCell {TD} at (2,2) size 17x22 [r=0 c=0 rs=1 cs=1]
                      LayoutText {#text} at (1,1) size 8x19
                        text run at (1,1) width 8: "1"
                    LayoutTableCell {TD} at (21,2) size 564x22 [r=0 c=1 rs=1 cs=1]
                      LayoutText {#text} at (1,1) size 8x19
                        text run at (1,1) width 8: "2"
                    LayoutTableCell {TD} at (587,2) size 18x22 [r=0 c=2 rs=1 cs=1]
                      LayoutText {#text} at (1,1) size 8x19
                        text run at (1,1) width 8: "3"
                  LayoutTableRow {TR} at (0,26) size 607x640
                    LayoutTableCell {TD} at (2,335) size 17x22 [r=1 c=0 rs=1 cs=1]
                      LayoutText {#text} at (1,1) size 8x19
                        text run at (1,1) width 8: "4"
                    LayoutTableCell {TD} at (21,26) size 564x640 [r=1 c=1 rs=1 cs=1]
                      LayoutTable {TABLE} at (1,1) size 562x618 [bgcolor=#ADD8E6] [border: (1px outset #808080)]
                        LayoutTableSection {TBODY} at (1,1) size 560x616
                          LayoutTableRow {TR} at (0,2) size 560x560
                            LayoutTableCell {TD} at (2,270) size 21x24 [border: (1px inset #808080)] [r=0 c=0 rs=1 cs=1]
                              LayoutText {#text} at (2,2) size 8x19
                                text run at (2,2) width 8: "1"
                            LayoutTableCell {TD} at (25,2) size 509x560 [border: (1px inset #808080)] [r=0 c=1 rs=1 cs=1]
                              LayoutTable {TABLE} at (2,2) size 505x536 [bgcolor=#FF0000] [border: (1px outset #808080)]
                                LayoutTableSection {TBODY} at (1,1) size 503x534
                                  LayoutTableRow {TR} at (0,2) size 503x24
                                    LayoutTableCell {TD} at (2,2) size 22x24 [border: (1px inset #808080)] [r=0 c=0 rs=1 cs=1]
                                      LayoutText {#text} at (2,2) size 8x19
                                        text run at (2,2) width 8: "1"
                                    LayoutTableCell {TD} at (26,2) size 22x24 [border: (1px inset #808080)] [r=0 c=1 rs=1 cs=1]
                                      LayoutText {#text} at (2,2) size 8x19
                                        text run at (2,2) width 8: "2"
                                    LayoutTableCell {TD} at (50,2) size 401x24 [border: (1px inset #808080)] [r=0 c=2 rs=1 cs=1]
                                      LayoutText {#text} at (2,2) size 8x19
                                        text run at (2,2) width 8: "3"
                                    LayoutTableCell {TD} at (453,2) size 23x24 [border: (1px inset #808080)] [r=0 c=3 rs=1 cs=1]
                                      LayoutText {#text} at (2,2) size 8x19
                                        text run at (2,2) width 8: "4"
                                    LayoutTableCell {TD} at (478,2) size 23x24 [border: (1px inset #808080)] [r=0 c=4 rs=1 cs=1]
                                      LayoutText {#text} at (2,2) size 8x19
                                        text run at (2,2) width 8: "5"
                                  LayoutTableRow {TR} at (0,28) size 503x426
                                    LayoutTableCell {TD} at (2,229) size 22x24 [border: (1px inset #808080)] [r=1 c=0 rs=1 cs=1]
                                      LayoutText {#text} at (2,2) size 8x19
                                        text run at (2,2) width 8: "6"
                                    LayoutTableCell {TD} at (26,229) size 22x24 [border: (1px inset #808080)] [r=1 c=1 rs=1 cs=1]
                                      LayoutText {#text} at (2,2) size 8x19
                                        text run at (2,2) width 8: "7"
                                    LayoutTableCell {TD} at (50,28) size 401x426 [border: (1px inset #808080)] [r=1 c=2 rs=1 cs=1]
                                      LayoutTable {TABLE} at (2,2) size 397x402 [bgcolor=#008000] [border: (1px outset #808080)]
                                        LayoutTableSection {TBODY} at (1,1) size 395x400
                                          LayoutTableRow {TR} at (0,2) size 395x24
                                            LayoutTableCell {TD} at (2,2) size 23x24 [border: (1px inset #808080)] [r=0 c=0 rs=1 cs=1]
                                              LayoutText {#text} at (2,2) size 7x19
                                                text run at (2,2) width 7: "a"
                                            LayoutTableCell {TD} at (27,2) size 23x24 [border: (1px inset #808080)] [r=0 c=1 rs=1 cs=1]
                                              LayoutText {#text} at (2,2) size 8x19
                                                text run at (2,2) width 8: "b"
                                            LayoutTableCell {TD} at (52,2) size 289x24 [border: (1px inset #808080)] [r=0 c=2 rs=1 cs=1]
                                              LayoutText {#text} at (2,2) size 7x19
                                                text run at (2,2) width 7: "c"
                                            LayoutTableCell {TD} at (343,2) size 24x24 [border: (1px inset #808080)] [r=0 c=3 rs=1 cs=1]
                                              LayoutText {#text} at (2,2) size 8x19
                                                text run at (2,2) width 8: "d"
                                            LayoutTableCell {TD} at (369,2) size 24x24 [border: (1px inset #808080)] [r=0 c=4 rs=1 cs=1]
                                              LayoutText {#text} at (2,2) size 7x19
                                                text run at (2,2) width 7: "e"
                                          LayoutTableRow {TR} at (0,28) size 395x24
                                            LayoutTableCell {TD} at (2,28) size 23x24 [border: (1px inset #808080)] [r=1 c=0 rs=1 cs=1]
                                              LayoutText {#text} at (2,2) size 5x19
                                                text run at (2,2) width 5: "f"
                                            LayoutTableCell {TD} at (27,28) size 23x24 [border: (1px inset #808080)] [r=1 c=1 rs=1 cs=1]
                                              LayoutText {#text} at (2,2) size 8x19
                                                text run at (2,2) width 8: "g"
                                            LayoutTableCell {TD} at (52,28) size 289x24 [border: (1px inset #808080)] [r=1 c=2 rs=1 cs=1]
                                              LayoutText {#text} at (2,2) size 8x19
                                                text run at (2,2) width 8: "h"
                                            LayoutTableCell {TD} at (343,28) size 24x24 [border: (1px inset #808080)] [r=1 c=3 rs=1 cs=1]
                                              LayoutText {#text} at (2,2) size 4x19
                                                text run at (2,2) width 4: "i"
                                            LayoutTableCell {TD} at (369,28) size 24x24 [border: (1px inset #808080)] [r=1 c=4 rs=1 cs=1]
                                              LayoutText {#text} at (2,2) size 4x19
                                                text run at (2,2) width 4: "j"
                                          LayoutTableRow {TR} at (0,54) size 395x292
                                            LayoutTableCell {TD} at (2,188) size 23x24 [border: (1px inset #808080)] [r=2 c=0 rs=1 cs=1]
                                              LayoutText {#text} at (2,2) size 8x19
                                                text run at (2,2) width 8: "k"
                                            LayoutTableCell {TD} at (27,188) size 23x24 [border: (1px inset #808080)] [r=2 c=1 rs=1 cs=1]
                                              LayoutText {#text} at (2,2) size 4x19
                                                text run at (2,2) width 4: "l"
                                            LayoutTableCell {TD} at (52,54) size 289x292 [border: (1px inset #808080)] [r=2 c=2 rs=1 cs=1]
                                              LayoutTable {TABLE} at (2,2) size 285x268 [bgcolor=#800080] [border: (1px outset #808080)]
                                                LayoutTableSection {TBODY} at (1,1) size 283x266
                                                  LayoutTableRow {TR} at (0,2) size 283x24
                                                    LayoutTableCell {TD} at (2,2) size 25x24 [border: (1px inset #808080)] [r=0 c=0 rs=1 cs=1]
                                                      LayoutText {#text} at (2,2) size 7x19
                                                        text run at (2,2) width 7: "a"
                                                    LayoutTableCell {TD} at (29,2) size 25x24 [border: (1px inset #808080)] [r=0 c=1 rs=1 cs=1]
                                                      LayoutText {#text} at (2,2) size 8x19
                                                        text run at (2,2) width 8: "b"
                                                    LayoutTableCell {TD} at (56,2) size 170x24 [border: (1px inset #808080)] [r=0 c=2 rs=1 cs=1]
                                                      LayoutText {#text} at (2,2) size 7x19
                                                        text run at (2,2) width 7: "c"
                                                    LayoutTableCell {TD} at (228,2) size 25x24 [border: (1px inset #808080)] [r=0 c=3 rs=1 cs=1]
                                                      LayoutText {#text} at (2,2) size 8x19
                                                        text run at (2,2) width 8: "d"
                                                    LayoutTableCell {TD} at (255,2) size 26x24 [border: (1px inset #808080)] [r=0 c=4 rs=1 cs=1]
                                                      LayoutText {#text} at (2,2) size 7x19
                                                        text run at (2,2) width 7: "e"
                                                  LayoutTableRow {TR} at (0,28) size 283x24
                                                    LayoutTableCell {TD} at (2,28) size 25x24 [border: (1px inset #808080)] [r=1 c=0 rs=1 cs=1]
                                                      LayoutText {#text} at (2,2) size 5x19
                                                        text run at (2,2) width 5: "f"
                                                    LayoutTableCell {TD} at (29,28) size 25x24 [border: (1px inset #808080)] [r=1 c=1 rs=1 cs=1]
                                                      LayoutText {#text} at (2,2) size 8x19
                                                        text run at (2,2) width 8: "g"
                                                    LayoutTableCell {TD} at (56,28) size 170x24 [border: (1px inset #808080)] [r=1 c=2 rs=1 cs=1]
                                                      LayoutText {#text} at (2,2) size 8x19
                                                        text run at (2,2) width 8: "h"
                                                    LayoutTableCell {TD} at (228,28) size 25x24 [border: (1px inset #808080)] [r=1 c=3 rs=1 cs=1]
                                                      LayoutText {#text} at (2,2) size 4x19
                                                        text run at (2,2) width 4: "i"
                                                    LayoutTableCell {TD} at (255,28) size 26x24 [border: (1px inset #808080)] [r=1 c=4 rs=1 cs=1]
                                                      LayoutText {#text} at (2,2) size 4x19
                                                        text run at (2,2) width 4: "j"
                                                  LayoutTableRow {TR} at (0,54) size 283x158
                                                    LayoutTableCell {TD} at (2,121) size 25x24 [border: (1px inset #808080)] [r=2 c=0 rs=1 cs=1]
                                                      LayoutText {#text} at (2,2) size 8x19
                                                        text run at (2,2) width 8: "k"
                                                    LayoutTableCell {TD} at (29,121) size 25x24 [border: (1px inset #808080)] [r=2 c=1 rs=1 cs=1]
                                                      LayoutText {#text} at (2,2) size 4x19
                                                        text run at (2,2) width 4: "l"
                                                    LayoutTableCell {TD} at (56,54) size 170x158 [border: (1px inset #808080)] [r=2 c=2 rs=1 cs=1]
                                                      LayoutTable {TABLE} at (2,2) size 166x134 [bgcolor=#FFA500] [border: (1px outset #808080)]
                                                        LayoutTableSection {TBODY} at (1,1) size 164x132
                                                          LayoutTableRow {TR} at (0,2) size 164x24
                                                            LayoutTableCell {TD} at (2,2) size 28x24 [border: (1px inset #808080)] [r=0 c=0 rs=1 cs=1]
                                                              LayoutText {#text} at (2,2) size 7x19
                                                                text run at (2,2) width 7: "a"
                                                            LayoutTableCell {TD} at (32,2) size 28x24 [border: (1px inset #808080)] [r=0 c=1 rs=1 cs=1]
                                                              LayoutText {#text} at (2,2) size 8x19
                                                                text run at (2,2) width 8: "b"
                                                            LayoutTableCell {TD} at (62,2) size 38x24 [border: (1px inset #808080)] [r=0 c=2 rs=1 cs=1]
                                                              LayoutText {#text} at (2,2) size 7x19
                                                                text run at (2,2) width 7: "c"
                                                            LayoutTableCell {TD} at (102,2) size 29x24 [border: (1px inset #808080)] [r=0 c=3 rs=1 cs=1]
                                                              LayoutText {#text} at (2,2) size 8x19
                                                                text run at (2,2) width 8: "d"
                                                            LayoutTableCell {TD} at (133,2) size 29x24 [border: (1px inset #808080)] [r=0 c=4 rs=1 cs=1]
                                                              LayoutText {#text} at (2,2) size 7x19
                                                                text run at (2,2) width 7: "e"
                                                          LayoutTableRow {TR} at (0,28) size 164x24
                                                            LayoutTableCell {TD} at (2,28) size 28x24 [border: (1px inset #808080)] [r=1 c=0 rs=1 cs=1]
                                                              LayoutText {#text} at (2,2) size 5x19
                                                                text run at (2,2) width 5: "f"
                                                            LayoutTableCell {TD} at (32,28) size 28x24 [border: (1px inset #808080)] [r=1 c=1 rs=1 cs=1]
                                                              LayoutText {#text} at (2,2) size 8x19
                                                                text run at (2,2) width 8: "g"
                                                            LayoutTableCell {TD} at (62,28) size 38x24 [border: (1px inset #808080)] [r=1 c=2 rs=1 cs=1]
                                                              LayoutText {#text} at (2,2) size 8x19
                                                                text run at (2,2) width 8: "h"
                                                            LayoutTableCell {TD} at (102,28) size 29x24 [border: (1px inset #808080)] [r=1 c=3 rs=1 cs=1]
                                                              LayoutText {#text} at (2,2) size 4x19
                                                                text run at (2,2) width 4: "i"
                                                            LayoutTableCell {TD} at (133,28) size 29x24 [border: (1px inset #808080)] [r=1 c=4 rs=1 cs=1]
                                                              LayoutText {#text} at (2,2) size 4x19
                                                                text run at (2,2) width 4: "j"
                                                          LayoutTableRow {TR} at (0,54) size 164x24
                                                            LayoutTableCell {TD} at (2,54) size 28x24 [border: (1px inset #808080)] [r=2 c=0 rs=1 cs=1]
                                                              LayoutText {#text} at (2,2) size 8x19
                                                                text run at (2,2) width 8: "k"
                                                            LayoutTableCell {TD} at (32,54) size 28x24 [border: (1px inset #808080)] [r=2 c=1 rs=1 cs=1]
                                                              LayoutText {#text} at (2,2) size 4x19
                                                                text run at (2,2) width 4: "l"
                                                            LayoutTableCell {TD} at (62,54) size 38x24 [border: (1px inset #808080)] [r=2 c=2 rs=1 cs=1]
                                                              LayoutText {#text} at (2,2) size 12x19
                                                                text run at (2,2) width 12: "m"
                                                            LayoutTableCell {TD} at (102,54) size 29x24 [border: (1px inset #808080)] [r=2 c=3 rs=1 cs=1]
                                                              LayoutText {#text} at (2,2) size 8x19
                                                                text run at (2,2) width 8: "n"
                                                            LayoutTableCell {TD} at (133,54) size 29x24 [border: (1px inset #808080)] [r=2 c=4 rs=1 cs=1]
                                                              LayoutText {#text} at (2,2) size 8x19
                                                                text run at (2,2) width 8: "o"
                                                          LayoutTableRow {TR} at (0,80) size 164x24
                                                            LayoutTableCell {TD} at (2,80) size 28x24 [border: (1px inset #808080)] [r=3 c=0 rs=1 cs=1]
                                                              LayoutText {#text} at (2,2) size 8x19
                                                                text run at (2,2) width 8: "p"
                                                            LayoutTableCell {TD} at (32,80) size 28x24 [border: (1px inset #808080)] [r=3 c=1 rs=1 cs=1]
                                                              LayoutText {#text} at (2,2) size 8x19
                                                                text run at (2,2) width 8: "q"
                                                            LayoutTableCell {TD} at (62,80) size 38x24 [border: (1px inset #808080)] [r=3 c=2 rs=1 cs=1]
                                                              LayoutText {#text} at (2,2) size 5x19
                                                                text run at (2,2) width 5: "r"
                                                            LayoutTableCell {TD} at (102,80) size 29x24 [border: (1px inset #808080)] [r=3 c=3 rs=1 cs=1]
                                                              LayoutText {#text} at (2,2) size 6x19
                                                                text run at (2,2) width 6: "s"
                                                            LayoutTableCell {TD} at (133,80) size 29x24 [border: (1px inset #808080)] [r=3 c=4 rs=1 cs=1]
                                                              LayoutText {#text} at (2,2) size 4x19
                                                                text run at (2,2) width 4: "t"
                                                          LayoutTableRow {TR} at (0,106) size 164x24
                                                            LayoutTableCell {TD} at (2,106) size 28x24 [border: (1px inset #808080)] [r=4 c=0 rs=1 cs=1]
                                                              LayoutText {#text} at (2,2) size 8x19
                                                                text run at (2,2) width 8: "u"
                                                            LayoutTableCell {TD} at (32,106) size 28x24 [border: (1px inset #808080)] [r=4 c=1 rs=1 cs=1]
                                                              LayoutText {#text} at (2,2) size 8x19
                                                                text run at (2,2) width 8: "v"
                                                            LayoutTableCell {TD} at (62,106) size 38x24 [border: (1px inset #808080)] [r=4 c=2 rs=1 cs=1]
                                                              LayoutText {#text} at (2,2) size 12x19
                                                                text run at (2,2) width 12: "w"
                                                            LayoutTableCell {TD} at (102,106) size 29x24 [border: (1px inset #808080)] [r=4 c=3 rs=1 cs=1]
                                                              LayoutText {#text} at (2,2) size 8x19
                                                                text run at (2,2) width 8: "x"
                                                            LayoutTableCell {TD} at (133,106) size 29x24 [border: (1px inset #808080)] [r=4 c=4 rs=1 cs=1]
                                                              LayoutText {#text} at (2,2) size 8x19
                                                                text run at (2,2) width 8: "y"
                                                      LayoutBlockFlow (anonymous) at (2,136) size 166x20
                                                        LayoutText {#text} at (0,0) size 4x19
                                                          text run at (0,0) width 4: " "
                                                    LayoutTableCell {TD} at (228,121) size 25x24 [border: (1px inset #808080)] [r=2 c=3 rs=1 cs=1]
                                                      LayoutText {#text} at (2,2) size 8x19
                                                        text run at (2,2) width 8: "n"
                                                    LayoutTableCell {TD} at (255,121) size 26x24 [border: (1px inset #808080)] [r=2 c=4 rs=1 cs=1]
                                                      LayoutText {#text} at (2,2) size 8x19
                                                        text run at (2,2) width 8: "o"
                                                  LayoutTableRow {TR} at (0,214) size 283x24
                                                    LayoutTableCell {TD} at (2,214) size 25x24 [border: (1px inset #808080)] [r=3 c=0 rs=1 cs=1]
                                                      LayoutText {#text} at (2,2) size 8x19
                                                        text run at (2,2) width 8: "p"
                                                    LayoutTableCell {TD} at (29,214) size 25x24 [border: (1px inset #808080)] [r=3 c=1 rs=1 cs=1]
                                                      LayoutText {#text} at (2,2) size 8x19
                                                        text run at (2,2) width 8: "q"
                                                    LayoutTableCell {TD} at (56,214) size 170x24 [border: (1px inset #808080)] [r=3 c=2 rs=1 cs=1]
                                                      LayoutText {#text} at (2,2) size 5x19
                                                        text run at (2,2) width 5: "r"
                                                    LayoutTableCell {TD} at (228,214) size 25x24 [border: (1px inset #808080)] [r=3 c=3 rs=1 cs=1]
                                                      LayoutText {#text} at (2,2) size 6x19
                                                        text run at (2,2) width 6: "s"
                                                    LayoutTableCell {TD} at (255,214) size 26x24 [border: (1px inset #808080)] [r=3 c=4 rs=1 cs=1]
                                                      LayoutText {#text} at (2,2) size 4x19
                                                        text run at (2,2) width 4: "t"
                                                  LayoutTableRow {TR} at (0,240) size 283x24
                                                    LayoutTableCell {TD} at (2,240) size 25x24 [border: (1px inset #808080)] [r=4 c=0 rs=1 cs=1]
                                                      LayoutText {#text} at (2,2) size 8x19
                                                        text run at (2,2) width 8: "u"
                                                    LayoutTableCell {TD} at (29,240) size 25x24 [border: (1px inset #808080)] [r=4 c=1 rs=1 cs=1]
                                                      LayoutText {#text} at (2,2) size 8x19
                                                        text run at (2,2) width 8: "v"
                                                    LayoutTableCell {TD} at (56,240) size 170x24 [border: (1px inset #808080)] [r=4 c=2 rs=1 cs=1]
                                                      LayoutText {#text} at (2,2) size 12x19
                                                        text run at (2,2) width 12: "w"
                                                    LayoutTableCell {TD} at (228,240) size 25x24 [border: (1px inset #808080)] [r=4 c=3 rs=1 cs=1]
                                                      LayoutText {#text} at (2,2) size 8x19
                                                        text run at (2,2) width 8: "x"
                                                    LayoutTableCell {TD} at (255,240) size 26x24 [border: (1px inset #808080)] [r=4 c=4 rs=1 cs=1]
                                                      LayoutText {#text} at (2,2) size 8x19
                                                        text run at (2,2) width 8: "y"
                                              LayoutBlockFlow (anonymous) at (2,270) size 285x20
                                                LayoutText {#text} at (0,0) size 4x19
                                                  text run at (0,0) width 4: " "
                                            LayoutTableCell {TD} at (343,188) size 24x24 [border: (1px inset #808080)] [r=2 c=3 rs=1 cs=1]
                                              LayoutText {#text} at (2,2) size 8x19
                                                text run at (2,2) width 8: "n"
                                            LayoutTableCell {TD} at (369,188) size 24x24 [border: (1px inset #808080)] [r=2 c=4 rs=1 cs=1]
                                              LayoutText {#text} at (2,2) size 8x19
                                                text run at (2,2) width 8: "o"
                                          LayoutTableRow {TR} at (0,348) size 395x24
                                            LayoutTableCell {TD} at (2,348) size 23x24 [border: (1px inset #808080)] [r=3 c=0 rs=1 cs=1]
                                              LayoutText {#text} at (2,2) size 8x19
                                                text run at (2,2) width 8: "p"
                                            LayoutTableCell {TD} at (27,348) size 23x24 [border: (1px inset #808080)] [r=3 c=1 rs=1 cs=1]
                                              LayoutText {#text} at (2,2) size 8x19
                                                text run at (2,2) width 8: "q"
                                            LayoutTableCell {TD} at (52,348) size 289x24 [border: (1px inset #808080)] [r=3 c=2 rs=1 cs=1]
                                              LayoutText {#text} at (2,2) size 5x19
                                                text run at (2,2) width 5: "r"
                                            LayoutTableCell {TD} at (343,348) size 24x24 [border: (1px inset #808080)] [r=3 c=3 rs=1 cs=1]
                                              LayoutText {#text} at (2,2) size 6x19
                                                text run at (2,2) width 6: "s"
                                            LayoutTableCell {TD} at (369,348) size 24x24 [border: (1px inset #808080)] [r=3 c=4 rs=1 cs=1]
                                              LayoutText {#text} at (2,2) size 4x19
                                                text run at (2,2) width 4: "t"
                                          LayoutTableRow {TR} at (0,374) size 395x24
                                            LayoutTableCell {TD} at (2,374) size 23x24 [border: (1px inset #808080)] [r=4 c=0 rs=1 cs=1]
                                              LayoutText {#text} at (2,2) size 8x19
                                                text run at (2,2) width 8: "u"
                                            LayoutTableCell {TD} at (27,374) size 23x24 [border: (1px inset #808080)] [r=4 c=1 rs=1 cs=1]
                                              LayoutText {#text} at (2,2) size 8x19
                                                text run at (2,2) width 8: "v"
                                            LayoutTableCell {TD} at (52,374) size 289x24 [border: (1px inset #808080)] [r=4 c=2 rs=1 cs=1]
                                              LayoutText {#text} at (2,2) size 12x19
                                                text run at (2,2) width 12: "w"
                                            LayoutTableCell {TD} at (343,374) size 24x24 [border: (1px inset #808080)] [r=4 c=3 rs=1 cs=1]
                                              LayoutText {#text} at (2,2) size 8x19
                                                text run at (2,2) width 8: "x"
                                            LayoutTableCell {TD} at (369,374) size 24x24 [border: (1px inset #808080)] [r=4 c=4 rs=1 cs=1]
                                              LayoutText {#text} at (2,2) size 8x19
                                                text run at (2,2) width 8: "y"
                                      LayoutBlockFlow (anonymous) at (2,404) size 397x20
                                        LayoutText {#text} at (0,0) size 4x19
                                          text run at (0,0) width 4: " "
                                    LayoutTableCell {TD} at (453,229) size 23x24 [border: (1px inset #808080)] [r=1 c=3 rs=1 cs=1]
                                      LayoutText {#text} at (2,2) size 8x19
                                        text run at (2,2) width 8: "9"
                                    LayoutTableCell {TD} at (478,229) size 23x24 [border: (1px inset #808080)] [r=1 c=4 rs=1 cs=1]
                                      LayoutText {#text} at (2,2) size 8x19
                                        text run at (2,2) width 8: "0"
                                  LayoutTableRow {TR} at (0,456) size 503x24
                                    LayoutTableCell {TD} at (2,456) size 22x24 [border: (1px inset #808080)] [r=2 c=0 rs=1 cs=1]
                                      LayoutText {#text} at (2,2) size 7x19
                                        text run at (2,2) width 7: "a"
                                    LayoutTableCell {TD} at (26,456) size 22x24 [border: (1px inset #808080)] [r=2 c=1 rs=1 cs=1]
                                      LayoutText {#text} at (2,2) size 8x19
                                        text run at (2,2) width 8: "b"
                                    LayoutTableCell {TD} at (50,456) size 401x24 [border: (1px inset #808080)] [r=2 c=2 rs=1 cs=1]
                                      LayoutText {#text} at (2,2) size 7x19
                                        text run at (2,2) width 7: "c"
                                    LayoutTableCell {TD} at (453,456) size 23x24 [border: (1px inset #808080)] [r=2 c=3 rs=1 cs=1]
                                      LayoutText {#text} at (2,2) size 8x19
                                        text run at (2,2) width 8: "d"
                                    LayoutTableCell {TD} at (478,456) size 23x24 [border: (1px inset #808080)] [r=2 c=4 rs=1 cs=1]
                                      LayoutText {#text} at (2,2) size 7x19
                                        text run at (2,2) width 7: "e"
                                  LayoutTableRow {TR} at (0,482) size 503x24
                                    LayoutTableCell {TD} at (2,482) size 22x24 [border: (1px inset #808080)] [r=3 c=0 rs=1 cs=1]
                                      LayoutText {#text} at (2,2) size 5x19
                                        text run at (2,2) width 5: "f"
                                    LayoutTableCell {TD} at (26,482) size 22x24 [border: (1px inset #808080)] [r=3 c=1 rs=1 cs=1]
                                      LayoutText {#text} at (2,2) size 8x19
                                        text run at (2,2) width 8: "g"
                                    LayoutTableCell {TD} at (50,482) size 401x24 [border: (1px inset #808080)] [r=3 c=2 rs=1 cs=1]
                                      LayoutText {#text} at (2,2) size 8x19
                                        text run at (2,2) width 8: "h"
                                    LayoutTableCell {TD} at (453,482) size 23x24 [border: (1px inset #808080)] [r=3 c=3 rs=1 cs=1]
                                      LayoutText {#text} at (2,2) size 4x19
                                        text run at (2,2) width 4: "i"
                                    LayoutTableCell {TD} at (478,482) size 23x24 [border: (1px inset #808080)] [r=3 c=4 rs=1 cs=1]
                                      LayoutText {#text} at (2,2) size 4x19
                                        text run at (2,2) width 4: "j"
                                  LayoutTableRow {TR} at (0,508) size 503x24
                                    LayoutTableCell {TD} at (2,508) size 22x24 [border: (1px inset #808080)] [r=4 c=0 rs=1 cs=1]
                                      LayoutText {#text} at (2,2) size 8x19
                                        text run at (2,2) width 8: "k"
                                    LayoutTableCell {TD} at (26,508) size 22x24 [border: (1px inset #808080)] [r=4 c=1 rs=1 cs=1]
                                      LayoutText {#text} at (2,2) size 4x19
                                        text run at (2,2) width 4: "l"
                                    LayoutTableCell {TD} at (50,508) size 401x24 [border: (1px inset #808080)] [r=4 c=2 rs=1 cs=1]
                                      LayoutText {#text} at (2,2) size 12x19
                                        text run at (2,2) width 12: "m"
                                    LayoutTableCell {TD} at (453,508) size 23x24 [border: (1px inset #808080)] [r=4 c=3 rs=1 cs=1]
                                      LayoutText {#text} at (2,2) size 8x19
                                        text run at (2,2) width 8: "n"
                                    LayoutTableCell {TD} at (478,508) size 23x24 [border: (1px inset #808080)] [r=4 c=4 rs=1 cs=1]
                                      LayoutText {#text} at (2,2) size 8x19
                                        text run at (2,2) width 8: "o"
                              LayoutBlockFlow (anonymous) at (2,538) size 505x20
                                LayoutText {#text} at (0,0) size 4x19
                                  text run at (0,0) width 4: " "
                            LayoutTableCell {TD} at (536,270) size 22x24 [border: (1px inset #808080)] [r=0 c=2 rs=1 cs=1]
                              LayoutText {#text} at (2,2) size 8x19
                                text run at (2,2) width 8: "3"
                          LayoutTableRow {TR} at (0,564) size 560x24
                            LayoutTableCell {TD} at (2,564) size 21x24 [border: (1px inset #808080)] [r=1 c=0 rs=1 cs=1]
                              LayoutText {#text} at (2,2) size 8x19
                                text run at (2,2) width 8: "4"
                            LayoutTableCell {TD} at (25,564) size 509x24 [border: (1px inset #808080)] [r=1 c=1 rs=1 cs=1]
                              LayoutText {#text} at (2,2) size 8x19
                                text run at (2,2) width 8: "5"
                            LayoutTableCell {TD} at (536,564) size 22x24 [border: (1px inset #808080)] [r=1 c=2 rs=1 cs=1]
                              LayoutText {#text} at (2,2) size 8x19
                                text run at (2,2) width 8: "6"
                          LayoutTableRow {TR} at (0,590) size 560x24
                            LayoutTableCell {TD} at (2,590) size 21x24 [border: (1px inset #808080)] [r=2 c=0 rs=1 cs=1]
                              LayoutText {#text} at (2,2) size 8x19
                                text run at (2,2) width 8: "7"
                            LayoutTableCell {TD} at (25,590) size 509x24 [border: (1px inset #808080)] [r=2 c=1 rs=1 cs=1]
                              LayoutText {#text} at (2,2) size 8x19
                                text run at (2,2) width 8: "8"
                            LayoutTableCell {TD} at (536,590) size 22x24 [border: (1px inset #808080)] [r=2 c=2 rs=1 cs=1]
                              LayoutText {#text} at (2,2) size 8x19
                                text run at (2,2) width 8: "9"
                      LayoutBlockFlow (anonymous) at (1,619) size 562x20
                        LayoutText {#text} at (0,0) size 4x19
                          text run at (0,0) width 4: " "
                    LayoutTableCell {TD} at (587,335) size 18x22 [r=1 c=2 rs=1 cs=1]
                      LayoutText {#text} at (1,1) size 8x19
                        text run at (1,1) width 8: "6"
                  LayoutTableRow {TR} at (0,668) size 607x22
                    LayoutTableCell {TD} at (2,668) size 17x22 [r=2 c=0 rs=1 cs=1]
                      LayoutText {#text} at (1,1) size 8x19
                        text run at (1,1) width 8: "7"
                    LayoutTableCell {TD} at (21,668) size 564x22 [r=2 c=1 rs=1 cs=1]
                      LayoutText {#text} at (1,1) size 8x19
                        text run at (1,1) width 8: "8"
                    LayoutTableCell {TD} at (587,668) size 18x22 [r=2 c=2 rs=1 cs=1]
                      LayoutText {#text} at (1,1) size 8x19
                        text run at (1,1) width 8: "9"
              LayoutBlockFlow (anonymous) at (2,694) size 607x20
                LayoutText {#text} at (0,0) size 4x19
                  text run at (0,0) width 4: " "
            LayoutTableCell {TD} at (615,400) size 74x24 [border: (1px inset #808080)] [r=2 c=1 rs=1 cs=1]
              LayoutText {#text} at (2,2) size 8x19
                text run at (2,2) width 8: "8"
            LayoutTableCell {TD} at (691,400) size 74x24 [border: (1px inset #808080)] [r=2 c=2 rs=1 cs=1]
              LayoutText {#text} at (2,2) size 8x19
                text run at (2,2) width 8: "9"
