layer at (0,0) size 800x600 clip at (0,0) size 785x600 scrollHeight 2481
  LayoutView at (0,0) size 800x600
layer at (0,0) size 785x2481 backgroundClip at (0,0) size 785x600 clip at (0,0) size 785x600
  LayoutBlockFlow {HTML} at (0,0) size 785x2481.44
    LayoutBlockFlow {BODY} at (8,8) size 769x2457.44 [bgcolor=#FFDEAD]
      LayoutBlockFlow {H1} at (0,0) size 769x74
        LayoutInline {FONT} at (0,0) size 468x73 [color=#FF0000]
          LayoutText {#text} at (0,0) size 293x36
            text run at (0,0) width 293: "Acceptance Test Case"
          LayoutBR {BR} at (292,29) size 1x0
          LayoutText {#text} at (0,37) size 468x36
            text run at (0,37) width 468: "Web Browser: Web View (HTML)"
      LayoutBlockFlow {P} at (0,95.44) size 769x27
        LayoutInline {FONT} at (0,0) size 354x27 [color=#FF0000]
          LayoutInline {B} at (0,0) size 354x26
            LayoutText {#text} at (0,0) size 354x26
              text run at (0,0) width 354: "Table: <TH> & <TD> ROWSPAN"
        LayoutText {#text} at (0,0) size 0x0
      LayoutBlockFlow {HR} at (0,138.44) size 769x2 [border: (1px inset #EEEEEE)]
      LayoutBlockFlow (anonymous) at (0,148.44) size 769x60
        LayoutText {#text} at (0,0) size 270x19
          text run at (0,0) width 270: "This acceptance test case tests the optional "
        LayoutInline {B} at (0,0) size 41x19
          LayoutText {#text} at (270,0) size 41x19
            text run at (270,0) width 41: "<TH>"
        LayoutText {#text} at (311,0) size 20x19
          text run at (311,0) width 20: " & "
        LayoutInline {B} at (0,0) size 41x19
          LayoutText {#text} at (331,0) size 41x19
            text run at (331,0) width 41: "<TD>"
        LayoutText {#text} at (372,0) size 27x19
          text run at (372,0) width 27: " tag "
        LayoutInline {B} at (0,0) size 82x19
          LayoutText {#text} at (399,0) size 82x19
            text run at (399,0) width 82: "ROWSPAN"
        LayoutText {#text} at (480,0) size 728x39
          text run at (480,0) width 107: " attribute which, "
          text run at (586,0) width 142: "when placed in a table"
          text run at (0,20) width 554: "header or data tag, specifies how many rows the table header or data cell will span. The "
        LayoutInline {B} at (0,0) size 82x19
          LayoutText {#text} at (554,20) size 82x19
            text run at (554,20) width 82: "ROWSPAN"
        LayoutText {#text} at (635,20) size 761x39
          text run at (635,20) width 126: " attribute is set to an"
          text run at (0,40) width 465: "integer value equal the number of rows the table header or data cell spans."
      LayoutBlockFlow {P} at (0,224.44) size 769x20
        LayoutInline {B} at (0,0) size 118x19
          LayoutText {#text} at (0,0) size 118x19
            text run at (0,0) width 118: "Test Instructions:"
        LayoutText {#text} at (0,0) size 0x0
      LayoutBlockFlow {OL} at (0,260.44) size 769x262
        LayoutListItem {LI} at (40,0) size 729x20
          LayoutListMarker (anonymous) at (-16,0) size 16x19: "1"
          LayoutText {#text} at (0,0) size 497x19
            text run at (0,0) width 497: "Verify that the sample text displays as stated in each of the following test cases:"
        LayoutBlockFlow {P} at (40,36) size 729x110
          LayoutTable {TABLE} at (0,0) size 525x110 [bgcolor=#F08080]
            LayoutTableSection {TBODY} at (0,0) size 525x110
              LayoutTableRow {TR} at (0,2) size 525x34
                LayoutTableCell {TD} at (2,2) size 95x34 [r=0 c=0 rs=1 cs=1]
                  LayoutInline {A} at (0,0) size 81x19 [color=#0000EE]
                    LayoutText {#text} at (7,7) size 81x19
                      text run at (7,7) width 81: "Test Case #1"
                LayoutTableCell {TD} at (99,2) size 424x34 [r=0 c=1 rs=1 cs=1]
                  LayoutInline {FONT} at (0,0) size 312x19 [color=#0000FF]
                    LayoutInline {B} at (0,0) size 312x19
                      LayoutText {#text} at (7,7) size 312x19
                        text run at (7,7) width 312: "table with header cells spanning multiple rows"
              LayoutTableRow {TR} at (0,38) size 525x34
                LayoutTableCell {TD} at (2,38) size 95x34 [r=1 c=0 rs=1 cs=1]
                  LayoutInline {A} at (0,0) size 81x19 [color=#0000EE]
                    LayoutText {#text} at (7,7) size 81x19
                      text run at (7,7) width 81: "Test Case #2"
                LayoutTableCell {TD} at (99,38) size 424x34 [r=1 c=1 rs=1 cs=1]
                  LayoutInline {FONT} at (0,0) size 295x19 [color=#0000FF]
                    LayoutInline {B} at (0,0) size 295x19
                      LayoutText {#text} at (7,7) size 295x19
                        text run at (7,7) width 295: "table with data cells spanning multiple rows"
              LayoutTableRow {TR} at (0,74) size 525x34
                LayoutTableCell {TD} at (2,74) size 95x34 [r=2 c=0 rs=1 cs=1]
                  LayoutInline {A} at (0,0) size 81x19 [color=#0000EE]
                    LayoutText {#text} at (7,7) size 81x19
                      text run at (7,7) width 81: "Test Case #3"
                LayoutTableCell {TD} at (99,74) size 424x34 [r=2 c=1 rs=1 cs=1]
                  LayoutInline {FONT} at (0,0) size 410x19 [color=#0000FF]
                    LayoutInline {B} at (0,0) size 410x19
                      LayoutText {#text} at (7,7) size 410x19
                        text run at (7,7) width 410: "table with nested header & data cells spanning multiple rows"
        LayoutBlockFlow {P} at (40,162) size 729x0
        LayoutListItem {LI} at (40,162) size 729x20
          LayoutListMarker (anonymous) at (-16,0) size 16x19: "2"
          LayoutText {#text} at (0,0) size 282x19
            text run at (0,0) width 282: "Verify that the table is maintained when you "
          LayoutInline {B} at (0,0) size 130x19
            LayoutText {#text} at (281,0) size 130x19
              text run at (281,0) width 130: "minimize/maximize"
          LayoutText {#text} at (410,0) size 72x19
            text run at (410,0) width 72: " the screen."
        LayoutListItem {LI} at (40,182) size 729x20
          LayoutListMarker (anonymous) at (-16,0) size 16x19: "3"
          LayoutText {#text} at (0,0) size 282x19
            text run at (0,0) width 282: "Verify that the table is maintained when you "
          LayoutInline {B} at (0,0) size 122x19
            LayoutText {#text} at (281,0) size 122x19
              text run at (281,0) width 122: "re-size left & right"
          LayoutText {#text} at (402,0) size 72x19
            text run at (402,0) width 72: " the screen."
        LayoutListItem {LI} at (40,202) size 729x20
          LayoutListMarker (anonymous) at (-16,0) size 16x19: "4"
          LayoutText {#text} at (0,0) size 282x19
            text run at (0,0) width 282: "Verify that the table is maintained when you "
          LayoutInline {B} at (0,0) size 138x19
            LayoutText {#text} at (281,0) size 138x19
              text run at (281,0) width 138: "re-size top & bottom"
          LayoutText {#text} at (418,0) size 72x19
            text run at (418,0) width 72: " the screen."
        LayoutListItem {LI} at (40,222) size 729x20
          LayoutListMarker (anonymous) at (-16,0) size 16x19: "5"
          LayoutText {#text} at (0,0) size 406x19
            text run at (0,0) width 406: "Verify re-draw takes place correctly after maximizing the screen."
        LayoutListItem {LI} at (40,242) size 729x20
          LayoutListMarker (anonymous) at (-16,0) size 16x19: "6"
          LayoutText {#text} at (0,0) size 130x19
            text run at (0,0) width 130: "Verify reload works."
      LayoutBlockFlow {HR} at (0,538.44) size 769x2 [border: (1px inset #EEEEEE)]
      LayoutBlockFlow {P} at (0,556.44) size 769x65
        LayoutTable {TABLE} at (0,0) size 653x65 [bgcolor=#F08080] [border: (1px outset #808080)]
          LayoutTableSection {TBODY} at (1,1) size 651x63
            LayoutTableRow {TR} at (0,2) size 651x59
              LayoutTableCell {TH} at (2,2) size 647x59 [border: (1px inset #808080)] [r=0 c=0 rs=1 cs=1]
                LayoutInline {A} at (0,0) size 0x0
                LayoutText {#text} at (11,11) size 94x19
                  text run at (11,11) width 94: "Test Case #1: "
                LayoutInline {FONT} at (0,0) size 313x19 [color=#0000FF]
                  LayoutText {#text} at (104,11) size 313x19
                    text run at (104,11) width 313: "table with header cells spanning multiple rows"
                LayoutText {#text} at (416,11) size 5x19
                  text run at (416,11) width 5: " "
                LayoutInline {FONT} at (0,0) size 623x32
                  LayoutInline {I} at (0,0) size 623x33
                    LayoutText {#text} at (420,14) size 623x33
                      text run at (420,14) width 214: "(using <TH ROWSPAN=integer value>"
                      text run at (11,31) width 22: "tag)"
                LayoutText {#text} at (0,0) size 0x0
      LayoutBlockFlow {P} at (0,637.44) size 769x128
        LayoutBlockFlow (anonymous) at (0,0) size 769x20
          LayoutBR {BR} at (0,0) size 0x19
        LayoutTable {TABLE} at (0,20) size 692x108 [bgcolor=#FFD700] [border: (1px outset #808080)]
          LayoutTableSection {TBODY} at (1,1) size 690x106
            LayoutTableRow {TR} at (0,2) size 690x102
              LayoutTableCell {TD} at (2,2) size 686x102 [border: (1px inset #808080)] [r=0 c=0 rs=1 cs=1]
                LayoutInline {FONT} at (0,0) size 664x79 [color=#FF0000]
                  LayoutInline {B} at (0,0) size 664x79
                    LayoutText {#text} at (11,11) size 356x19
                      text run at (11,11) width 356: "In the following sample table you should see that the "
                    LayoutInline {FONT} at (0,0) size 82x19 [color=#0000FF]
                      LayoutText {#text} at (367,11) size 82x19
                        text run at (367,11) width 82: "ROWSPAN"
                    LayoutText {#text} at (448,11) size 664x39
                      text run at (448,11) width 5: " "
                      text run at (452,11) width 223: "attribute applies an integer value"
                      text run at (11,31) width 220: "equal to the number of rows the "
                    LayoutInline {FONT} at (0,0) size 71x19 [color=#0000FF]
                      LayoutText {#text} at (230,31) size 71x19
                        text run at (230,31) width 71: "HEADER"
                    LayoutText {#text} at (300,31) size 663x59
                      text run at (300,31) width 136: " cell is to span. This "
                      text run at (435,31) width 232: "tells the browser to make the table"
                      text run at (11,51) width 604: "header cell occupy the same vertical space as the integer number of cells specified in rows "
                      text run at (614,51) width 60: "above or"
                      text run at (11,71) width 649: "below it. The browser flows the contents of the spanning cell to occupy the entire spanned space."
      LayoutBlockFlow {P} at (0,781.44) size 769x40
        LayoutBR {BR} at (0,0) size 0x19
        LayoutBR {BR} at (0,20) size 0x19
      LayoutBlockFlow {UL} at (0,837.44) size 769x284
        LayoutTable {TABLE} at (40,0) size 473x284 [border: (1px outset #808080)]
          LayoutBlockFlow {CAPTION} at (0,0) size 473x20
            LayoutText {#text} at (98,0) size 39x19
              text run at (98,0) width 39: "Table "
            LayoutInline {B} at (0,0) size 88x19
              LayoutText {#text} at (136,0) size 88x19
                text run at (136,0) width 88: "Header Cells"
            LayoutText {#text} at (223,0) size 152x19
              text run at (223,0) width 152: " spanning multiple rows"
          LayoutTableSection {TBODY} at (1,21) size 471x262
            LayoutTableRow {TR} at (0,2) size 471x24
              LayoutTableCell {TH} at (2,5) size 99x44 [bgcolor=#FFE4C4] [border: (1px inset #808080)] [r=0 c=0 rs=2 cs=1]
                LayoutText {#text} at (18,2) size 63x19
                  text run at (18,2) width 63: "Header 1"
                LayoutBR {BR} at (80,17) size 1x0
                LayoutText {#text} at (6,22) size 87x19
                  text run at (6,22) width 87: "span=2 rows"
              LayoutTableCell {TD} at (103,2) size 38x24 [bgcolor=#EE82EE] [border: (1px inset #808080)] [r=0 c=1 rs=1 cs=1]
                LayoutText {#text} at (2,2) size 31x19
                  text run at (2,2) width 31: "col 1"
              LayoutTableCell {TD} at (143,2) size 39x24 [bgcolor=#EE82EE] [border: (1px inset #808080)] [r=0 c=2 rs=1 cs=1]
                LayoutText {#text} at (2,2) size 31x19
                  text run at (2,2) width 31: "col 2"
              LayoutTableCell {TD} at (184,2) size 39x24 [bgcolor=#EE82EE] [border: (1px inset #808080)] [r=0 c=3 rs=1 cs=1]
                LayoutText {#text} at (2,2) size 31x19
                  text run at (2,2) width 31: "col 3"
              LayoutTableCell {TD} at (225,2) size 39x24 [bgcolor=#EE82EE] [border: (1px inset #808080)] [r=0 c=4 rs=1 cs=1]
                LayoutText {#text} at (2,2) size 31x19
                  text run at (2,2) width 31: "col 4"
              LayoutTableCell {TD} at (266,2) size 39x24 [bgcolor=#EE82EE] [border: (1px inset #808080)] [r=0 c=5 rs=1 cs=1]
                LayoutText {#text} at (2,2) size 31x19
                  text run at (2,2) width 31: "col 5"
              LayoutTableCell {TD} at (307,2) size 39x24 [bgcolor=#EE82EE] [border: (1px inset #808080)] [r=0 c=6 rs=1 cs=1]
                LayoutText {#text} at (2,2) size 31x19
                  text run at (2,2) width 31: "col 6"
              LayoutTableCell {TD} at (348,2) size 39x24 [bgcolor=#EE82EE] [border: (1px inset #808080)] [r=0 c=7 rs=1 cs=1]
                LayoutText {#text} at (2,2) size 31x19
                  text run at (2,2) width 31: "col 7"
              LayoutTableCell {TD} at (389,2) size 39x24 [bgcolor=#EE82EE] [border: (1px inset #808080)] [r=0 c=8 rs=1 cs=1]
                LayoutText {#text} at (2,2) size 31x19
                  text run at (2,2) width 31: "col 8"
              LayoutTableCell {TD} at (430,2) size 39x24 [bgcolor=#EE82EE] [border: (1px inset #808080)] [r=0 c=9 rs=1 cs=1]
                LayoutText {#text} at (2,2) size 31x19
                  text run at (2,2) width 31: "col 9"
            LayoutTableRow {TR} at (0,28) size 471x24
              LayoutTableCell {TD} at (103,28) size 38x24 [bgcolor=#EE82EE] [border: (1px inset #808080)] [r=1 c=1 rs=1 cs=1]
                LayoutText {#text} at (2,2) size 31x19
                  text run at (2,2) width 31: "col 1"
              LayoutTableCell {TD} at (143,28) size 39x24 [bgcolor=#EE82EE] [border: (1px inset #808080)] [r=1 c=2 rs=1 cs=1]
                LayoutText {#text} at (2,2) size 31x19
                  text run at (2,2) width 31: "col 2"
              LayoutTableCell {TD} at (184,28) size 39x24 [bgcolor=#EE82EE] [border: (1px inset #808080)] [r=1 c=3 rs=1 cs=1]
                LayoutText {#text} at (2,2) size 31x19
                  text run at (2,2) width 31: "col 3"
              LayoutTableCell {TD} at (225,28) size 39x24 [bgcolor=#EE82EE] [border: (1px inset #808080)] [r=1 c=4 rs=1 cs=1]
                LayoutText {#text} at (2,2) size 31x19
                  text run at (2,2) width 31: "col 4"
              LayoutTableCell {TD} at (266,28) size 39x24 [bgcolor=#EE82EE] [border: (1px inset #808080)] [r=1 c=5 rs=1 cs=1]
                LayoutText {#text} at (2,2) size 31x19
                  text run at (2,2) width 31: "col 5"
              LayoutTableCell {TD} at (307,28) size 39x24 [bgcolor=#EE82EE] [border: (1px inset #808080)] [r=1 c=6 rs=1 cs=1]
                LayoutText {#text} at (2,2) size 31x19
                  text run at (2,2) width 31: "col 6"
              LayoutTableCell {TD} at (348,28) size 39x24 [bgcolor=#EE82EE] [border: (1px inset #808080)] [r=1 c=7 rs=1 cs=1]
                LayoutText {#text} at (2,2) size 31x19
                  text run at (2,2) width 31: "col 7"
              LayoutTableCell {TD} at (389,28) size 39x24 [bgcolor=#EE82EE] [border: (1px inset #808080)] [r=1 c=8 rs=1 cs=1]
                LayoutText {#text} at (2,2) size 31x19
                  text run at (2,2) width 31: "col 8"
              LayoutTableCell {TD} at (430,28) size 39x24 [bgcolor=#EE82EE] [border: (1px inset #808080)] [r=1 c=9 rs=1 cs=1]
                LayoutText {#text} at (2,2) size 31x19
                  text run at (2,2) width 31: "col 9"
            LayoutTableRow {TR} at (0,54) size 471x24
              LayoutTableCell {TH} at (2,96) size 99x44 [bgcolor=#FFE4C4] [border: (1px inset #808080)] [r=2 c=0 rs=5 cs=1]
                LayoutText {#text} at (18,2) size 63x19
                  text run at (18,2) width 63: "Header 2"
                LayoutBR {BR} at (80,17) size 1x0
                LayoutText {#text} at (6,22) size 87x19
                  text run at (6,22) width 87: "span=5 rows"
              LayoutTableCell {TD} at (103,54) size 38x24 [bgcolor=#90EE90] [border: (1px inset #808080)] [r=2 c=1 rs=1 cs=1]
                LayoutText {#text} at (2,2) size 31x19
                  text run at (2,2) width 31: "col 1"
              LayoutTableCell {TD} at (143,54) size 39x24 [bgcolor=#90EE90] [border: (1px inset #808080)] [r=2 c=2 rs=1 cs=1]
                LayoutText {#text} at (2,2) size 31x19
                  text run at (2,2) width 31: "col 2"
              LayoutTableCell {TD} at (184,54) size 39x24 [bgcolor=#90EE90] [border: (1px inset #808080)] [r=2 c=3 rs=1 cs=1]
                LayoutText {#text} at (2,2) size 31x19
                  text run at (2,2) width 31: "col 3"
              LayoutTableCell {TD} at (225,54) size 39x24 [bgcolor=#90EE90] [border: (1px inset #808080)] [r=2 c=4 rs=1 cs=1]
                LayoutText {#text} at (2,2) size 31x19
                  text run at (2,2) width 31: "col 4"
              LayoutTableCell {TD} at (266,54) size 39x24 [bgcolor=#90EE90] [border: (1px inset #808080)] [r=2 c=5 rs=1 cs=1]
                LayoutText {#text} at (2,2) size 31x19
                  text run at (2,2) width 31: "col 5"
              LayoutTableCell {TD} at (307,54) size 39x24 [bgcolor=#90EE90] [border: (1px inset #808080)] [r=2 c=6 rs=1 cs=1]
                LayoutText {#text} at (2,2) size 31x19
                  text run at (2,2) width 31: "col 6"
              LayoutTableCell {TD} at (348,54) size 39x24 [bgcolor=#90EE90] [border: (1px inset #808080)] [r=2 c=7 rs=1 cs=1]
                LayoutText {#text} at (2,2) size 31x19
                  text run at (2,2) width 31: "col 7"
              LayoutTableCell {TD} at (389,54) size 39x24 [bgcolor=#90EE90] [border: (1px inset #808080)] [r=2 c=8 rs=1 cs=1]
                LayoutText {#text} at (2,2) size 31x19
                  text run at (2,2) width 31: "col 8"
              LayoutTableCell {TD} at (430,54) size 39x24 [bgcolor=#90EE90] [border: (1px inset #808080)] [r=2 c=9 rs=1 cs=1]
                LayoutText {#text} at (2,2) size 31x19
                  text run at (2,2) width 31: "col 9"
            LayoutTableRow {TR} at (0,80) size 471x24
              LayoutTableCell {TD} at (103,80) size 38x24 [bgcolor=#90EE90] [border: (1px inset #808080)] [r=3 c=1 rs=1 cs=1]
                LayoutText {#text} at (2,2) size 31x19
                  text run at (2,2) width 31: "col 1"
              LayoutTableCell {TD} at (143,80) size 39x24 [bgcolor=#90EE90] [border: (1px inset #808080)] [r=3 c=2 rs=1 cs=1]
                LayoutText {#text} at (2,2) size 31x19
                  text run at (2,2) width 31: "col 2"
              LayoutTableCell {TD} at (184,80) size 39x24 [bgcolor=#90EE90] [border: (1px inset #808080)] [r=3 c=3 rs=1 cs=1]
                LayoutText {#text} at (2,2) size 31x19
                  text run at (2,2) width 31: "col 3"
              LayoutTableCell {TD} at (225,80) size 39x24 [bgcolor=#90EE90] [border: (1px inset #808080)] [r=3 c=4 rs=1 cs=1]
                LayoutText {#text} at (2,2) size 31x19
                  text run at (2,2) width 31: "col 4"
              LayoutTableCell {TD} at (266,80) size 39x24 [bgcolor=#90EE90] [border: (1px inset #808080)] [r=3 c=5 rs=1 cs=1]
                LayoutText {#text} at (2,2) size 31x19
                  text run at (2,2) width 31: "col 5"
              LayoutTableCell {TD} at (307,80) size 39x24 [bgcolor=#90EE90] [border: (1px inset #808080)] [r=3 c=6 rs=1 cs=1]
                LayoutText {#text} at (2,2) size 31x19
                  text run at (2,2) width 31: "col 6"
              LayoutTableCell {TD} at (348,80) size 39x24 [bgcolor=#90EE90] [border: (1px inset #808080)] [r=3 c=7 rs=1 cs=1]
                LayoutText {#text} at (2,2) size 31x19
                  text run at (2,2) width 31: "col 7"
              LayoutTableCell {TD} at (389,80) size 39x24 [bgcolor=#90EE90] [border: (1px inset #808080)] [r=3 c=8 rs=1 cs=1]
                LayoutText {#text} at (2,2) size 31x19
                  text run at (2,2) width 31: "col 8"
              LayoutTableCell {TD} at (430,80) size 39x24 [bgcolor=#90EE90] [border: (1px inset #808080)] [r=3 c=9 rs=1 cs=1]
                LayoutText {#text} at (2,2) size 31x19
                  text run at (2,2) width 31: "col 9"
            LayoutTableRow {TR} at (0,106) size 471x24 [bgcolor=#FFE4C4]
              LayoutTableCell {TD} at (103,106) size 38x24 [bgcolor=#90EE90] [border: (1px inset #808080)] [r=4 c=1 rs=1 cs=1]
                LayoutText {#text} at (2,2) size 31x19
                  text run at (2,2) width 31: "col 1"
              LayoutTableCell {TD} at (143,106) size 39x24 [bgcolor=#90EE90] [border: (1px inset #808080)] [r=4 c=2 rs=1 cs=1]
                LayoutText {#text} at (2,2) size 31x19
                  text run at (2,2) width 31: "col 2"
              LayoutTableCell {TD} at (184,106) size 39x24 [bgcolor=#90EE90] [border: (1px inset #808080)] [r=4 c=3 rs=1 cs=1]
                LayoutText {#text} at (2,2) size 31x19
                  text run at (2,2) width 31: "col 3"
              LayoutTableCell {TD} at (225,106) size 39x24 [bgcolor=#90EE90] [border: (1px inset #808080)] [r=4 c=4 rs=1 cs=1]
                LayoutText {#text} at (2,2) size 31x19
                  text run at (2,2) width 31: "col 4"
              LayoutTableCell {TD} at (266,106) size 39x24 [bgcolor=#90EE90] [border: (1px inset #808080)] [r=4 c=5 rs=1 cs=1]
                LayoutText {#text} at (2,2) size 31x19
                  text run at (2,2) width 31: "col 5"
              LayoutTableCell {TD} at (307,106) size 39x24 [bgcolor=#90EE90] [border: (1px inset #808080)] [r=4 c=6 rs=1 cs=1]
                LayoutText {#text} at (2,2) size 31x19
                  text run at (2,2) width 31: "col 6"
              LayoutTableCell {TD} at (348,106) size 39x24 [bgcolor=#90EE90] [border: (1px inset #808080)] [r=4 c=7 rs=1 cs=1]
                LayoutText {#text} at (2,2) size 31x19
                  text run at (2,2) width 31: "col 7"
              LayoutTableCell {TD} at (389,106) size 39x24 [bgcolor=#90EE90] [border: (1px inset #808080)] [r=4 c=8 rs=1 cs=1]
                LayoutText {#text} at (2,2) size 31x19
                  text run at (2,2) width 31: "col 8"
              LayoutTableCell {TD} at (430,106) size 39x24 [bgcolor=#90EE90] [border: (1px inset #808080)] [r=4 c=9 rs=1 cs=1]
                LayoutText {#text} at (2,2) size 31x19
                  text run at (2,2) width 31: "col 9"
            LayoutTableRow {TR} at (0,132) size 471x24
              LayoutTableCell {TD} at (103,132) size 38x24 [bgcolor=#90EE90] [border: (1px inset #808080)] [r=5 c=1 rs=1 cs=1]
                LayoutText {#text} at (2,2) size 31x19
                  text run at (2,2) width 31: "col 1"
              LayoutTableCell {TD} at (143,132) size 39x24 [bgcolor=#90EE90] [border: (1px inset #808080)] [r=5 c=2 rs=1 cs=1]
                LayoutText {#text} at (2,2) size 31x19
                  text run at (2,2) width 31: "col 2"
              LayoutTableCell {TD} at (184,132) size 39x24 [bgcolor=#90EE90] [border: (1px inset #808080)] [r=5 c=3 rs=1 cs=1]
                LayoutText {#text} at (2,2) size 31x19
                  text run at (2,2) width 31: "col 3"
              LayoutTableCell {TD} at (225,132) size 39x24 [bgcolor=#90EE90] [border: (1px inset #808080)] [r=5 c=4 rs=1 cs=1]
                LayoutText {#text} at (2,2) size 31x19
                  text run at (2,2) width 31: "col 4"
              LayoutTableCell {TD} at (266,132) size 39x24 [bgcolor=#90EE90] [border: (1px inset #808080)] [r=5 c=5 rs=1 cs=1]
                LayoutText {#text} at (2,2) size 31x19
                  text run at (2,2) width 31: "col 5"
              LayoutTableCell {TD} at (307,132) size 39x24 [bgcolor=#90EE90] [border: (1px inset #808080)] [r=5 c=6 rs=1 cs=1]
                LayoutText {#text} at (2,2) size 31x19
                  text run at (2,2) width 31: "col 6"
              LayoutTableCell {TD} at (348,132) size 39x24 [bgcolor=#90EE90] [border: (1px inset #808080)] [r=5 c=7 rs=1 cs=1]
                LayoutText {#text} at (2,2) size 31x19
                  text run at (2,2) width 31: "col 7"
              LayoutTableCell {TD} at (389,132) size 39x24 [bgcolor=#90EE90] [border: (1px inset #808080)] [r=5 c=8 rs=1 cs=1]
                LayoutText {#text} at (2,2) size 31x19
                  text run at (2,2) width 31: "col 8"
              LayoutTableCell {TD} at (430,132) size 39x24 [bgcolor=#90EE90] [border: (1px inset #808080)] [r=5 c=9 rs=1 cs=1]
                LayoutText {#text} at (2,2) size 31x19
                  text run at (2,2) width 31: "col 9"
            LayoutTableRow {TR} at (0,158) size 471x24
              LayoutTableCell {TD} at (103,158) size 38x24 [bgcolor=#90EE90] [border: (1px inset #808080)] [r=6 c=1 rs=1 cs=1]
                LayoutText {#text} at (2,2) size 31x19
                  text run at (2,2) width 31: "col 1"
              LayoutTableCell {TD} at (143,158) size 39x24 [bgcolor=#90EE90] [border: (1px inset #808080)] [r=6 c=2 rs=1 cs=1]
                LayoutText {#text} at (2,2) size 31x19
                  text run at (2,2) width 31: "col 2"
              LayoutTableCell {TD} at (184,158) size 39x24 [bgcolor=#90EE90] [border: (1px inset #808080)] [r=6 c=3 rs=1 cs=1]
                LayoutText {#text} at (2,2) size 31x19
                  text run at (2,2) width 31: "col 3"
              LayoutTableCell {TD} at (225,158) size 39x24 [bgcolor=#90EE90] [border: (1px inset #808080)] [r=6 c=4 rs=1 cs=1]
                LayoutText {#text} at (2,2) size 31x19
                  text run at (2,2) width 31: "col 4"
              LayoutTableCell {TD} at (266,158) size 39x24 [bgcolor=#90EE90] [border: (1px inset #808080)] [r=6 c=5 rs=1 cs=1]
                LayoutText {#text} at (2,2) size 31x19
                  text run at (2,2) width 31: "col 5"
              LayoutTableCell {TD} at (307,158) size 39x24 [bgcolor=#90EE90] [border: (1px inset #808080)] [r=6 c=6 rs=1 cs=1]
                LayoutText {#text} at (2,2) size 31x19
                  text run at (2,2) width 31: "col 6"
              LayoutTableCell {TD} at (348,158) size 39x24 [bgcolor=#90EE90] [border: (1px inset #808080)] [r=6 c=7 rs=1 cs=1]
                LayoutText {#text} at (2,2) size 31x19
                  text run at (2,2) width 31: "col 7"
              LayoutTableCell {TD} at (389,158) size 39x24 [bgcolor=#90EE90] [border: (1px inset #808080)] [r=6 c=8 rs=1 cs=1]
                LayoutText {#text} at (2,2) size 31x19
                  text run at (2,2) width 31: "col 8"
              LayoutTableCell {TD} at (430,158) size 39x24 [bgcolor=#90EE90] [border: (1px inset #808080)] [r=6 c=9 rs=1 cs=1]
                LayoutText {#text} at (2,2) size 31x19
                  text run at (2,2) width 31: "col 9"
            LayoutTableRow {TR} at (0,184) size 471x24
              LayoutTableCell {TH} at (2,200) size 99x44 [bgcolor=#FFE4C4] [border: (1px inset #808080)] [r=7 c=0 rs=3 cs=1]
                LayoutText {#text} at (18,2) size 63x19
                  text run at (18,2) width 63: "Header 3"
                LayoutBR {BR} at (80,17) size 1x0
                LayoutText {#text} at (6,22) size 87x19
                  text run at (6,22) width 87: "span=3 rows"
              LayoutTableCell {TD} at (103,184) size 38x24 [bgcolor=#ADD8E6] [border: (1px inset #808080)] [r=7 c=1 rs=1 cs=1]
                LayoutText {#text} at (2,2) size 31x19
                  text run at (2,2) width 31: "col 1"
              LayoutTableCell {TD} at (143,184) size 39x24 [bgcolor=#ADD8E6] [border: (1px inset #808080)] [r=7 c=2 rs=1 cs=1]
                LayoutText {#text} at (2,2) size 31x19
                  text run at (2,2) width 31: "col 2"
              LayoutTableCell {TD} at (184,184) size 39x24 [bgcolor=#ADD8E6] [border: (1px inset #808080)] [r=7 c=3 rs=1 cs=1]
                LayoutText {#text} at (2,2) size 31x19
                  text run at (2,2) width 31: "col 3"
              LayoutTableCell {TD} at (225,184) size 39x24 [bgcolor=#ADD8E6] [border: (1px inset #808080)] [r=7 c=4 rs=1 cs=1]
                LayoutText {#text} at (2,2) size 31x19
                  text run at (2,2) width 31: "col 4"
              LayoutTableCell {TD} at (266,184) size 39x24 [bgcolor=#ADD8E6] [border: (1px inset #808080)] [r=7 c=5 rs=1 cs=1]
                LayoutText {#text} at (2,2) size 31x19
                  text run at (2,2) width 31: "col 5"
              LayoutTableCell {TD} at (307,184) size 39x24 [bgcolor=#ADD8E6] [border: (1px inset #808080)] [r=7 c=6 rs=1 cs=1]
                LayoutText {#text} at (2,2) size 31x19
                  text run at (2,2) width 31: "col 6"
              LayoutTableCell {TD} at (348,184) size 39x24 [bgcolor=#ADD8E6] [border: (1px inset #808080)] [r=7 c=7 rs=1 cs=1]
                LayoutText {#text} at (2,2) size 31x19
                  text run at (2,2) width 31: "col 7"
              LayoutTableCell {TD} at (389,184) size 39x24 [bgcolor=#ADD8E6] [border: (1px inset #808080)] [r=7 c=8 rs=1 cs=1]
                LayoutText {#text} at (2,2) size 31x19
                  text run at (2,2) width 31: "col 8"
              LayoutTableCell {TD} at (430,184) size 39x24 [bgcolor=#ADD8E6] [border: (1px inset #808080)] [r=7 c=9 rs=1 cs=1]
                LayoutText {#text} at (2,2) size 31x19
                  text run at (2,2) width 31: "col 9"
            LayoutTableRow {TR} at (0,210) size 471x24
              LayoutTableCell {TD} at (103,210) size 38x24 [bgcolor=#ADD8E6] [border: (1px inset #808080)] [r=8 c=1 rs=1 cs=1]
                LayoutText {#text} at (2,2) size 31x19
                  text run at (2,2) width 31: "col 1"
              LayoutTableCell {TD} at (143,210) size 39x24 [bgcolor=#ADD8E6] [border: (1px inset #808080)] [r=8 c=2 rs=1 cs=1]
                LayoutText {#text} at (2,2) size 31x19
                  text run at (2,2) width 31: "col 2"
              LayoutTableCell {TD} at (184,210) size 39x24 [bgcolor=#ADD8E6] [border: (1px inset #808080)] [r=8 c=3 rs=1 cs=1]
                LayoutText {#text} at (2,2) size 31x19
                  text run at (2,2) width 31: "col 3"
              LayoutTableCell {TD} at (225,210) size 39x24 [bgcolor=#ADD8E6] [border: (1px inset #808080)] [r=8 c=4 rs=1 cs=1]
                LayoutText {#text} at (2,2) size 31x19
                  text run at (2,2) width 31: "col 4"
              LayoutTableCell {TD} at (266,210) size 39x24 [bgcolor=#ADD8E6] [border: (1px inset #808080)] [r=8 c=5 rs=1 cs=1]
                LayoutText {#text} at (2,2) size 31x19
                  text run at (2,2) width 31: "col 5"
              LayoutTableCell {TD} at (307,210) size 39x24 [bgcolor=#ADD8E6] [border: (1px inset #808080)] [r=8 c=6 rs=1 cs=1]
                LayoutText {#text} at (2,2) size 31x19
                  text run at (2,2) width 31: "col 6"
              LayoutTableCell {TD} at (348,210) size 39x24 [bgcolor=#ADD8E6] [border: (1px inset #808080)] [r=8 c=7 rs=1 cs=1]
                LayoutText {#text} at (2,2) size 31x19
                  text run at (2,2) width 31: "col 7"
              LayoutTableCell {TD} at (389,210) size 39x24 [bgcolor=#ADD8E6] [border: (1px inset #808080)] [r=8 c=8 rs=1 cs=1]
                LayoutText {#text} at (2,2) size 31x19
                  text run at (2,2) width 31: "col 8"
              LayoutTableCell {TD} at (430,210) size 39x24 [bgcolor=#ADD8E6] [border: (1px inset #808080)] [r=8 c=9 rs=1 cs=1]
                LayoutText {#text} at (2,2) size 31x19
                  text run at (2,2) width 31: "col 9"
            LayoutTableRow {TR} at (0,236) size 471x24
              LayoutTableCell {TD} at (103,236) size 38x24 [bgcolor=#ADD8E6] [border: (1px inset #808080)] [r=9 c=1 rs=1 cs=1]
                LayoutText {#text} at (2,2) size 31x19
                  text run at (2,2) width 31: "col 1"
              LayoutTableCell {TD} at (143,236) size 39x24 [bgcolor=#ADD8E6] [border: (1px inset #808080)] [r=9 c=2 rs=1 cs=1]
                LayoutText {#text} at (2,2) size 31x19
                  text run at (2,2) width 31: "col 2"
              LayoutTableCell {TD} at (184,236) size 39x24 [bgcolor=#ADD8E6] [border: (1px inset #808080)] [r=9 c=3 rs=1 cs=1]
                LayoutText {#text} at (2,2) size 31x19
                  text run at (2,2) width 31: "col 3"
              LayoutTableCell {TD} at (225,236) size 39x24 [bgcolor=#ADD8E6] [border: (1px inset #808080)] [r=9 c=4 rs=1 cs=1]
                LayoutText {#text} at (2,2) size 31x19
                  text run at (2,2) width 31: "col 4"
              LayoutTableCell {TD} at (266,236) size 39x24 [bgcolor=#ADD8E6] [border: (1px inset #808080)] [r=9 c=5 rs=1 cs=1]
                LayoutText {#text} at (2,2) size 31x19
                  text run at (2,2) width 31: "col 5"
              LayoutTableCell {TD} at (307,236) size 39x24 [bgcolor=#ADD8E6] [border: (1px inset #808080)] [r=9 c=6 rs=1 cs=1]
                LayoutText {#text} at (2,2) size 31x19
                  text run at (2,2) width 31: "col 6"
              LayoutTableCell {TD} at (348,236) size 39x24 [bgcolor=#ADD8E6] [border: (1px inset #808080)] [r=9 c=7 rs=1 cs=1]
                LayoutText {#text} at (2,2) size 31x19
                  text run at (2,2) width 31: "col 7"
              LayoutTableCell {TD} at (389,236) size 39x24 [bgcolor=#ADD8E6] [border: (1px inset #808080)] [r=9 c=8 rs=1 cs=1]
                LayoutText {#text} at (2,2) size 31x19
                  text run at (2,2) width 31: "col 8"
              LayoutTableCell {TD} at (430,236) size 39x24 [bgcolor=#ADD8E6] [border: (1px inset #808080)] [r=9 c=9 rs=1 cs=1]
                LayoutText {#text} at (2,2) size 31x19
                  text run at (2,2) width 31: "col 9"
      LayoutBlockFlow {P} at (0,1137.44) size 769x0
      LayoutBlockFlow {HR} at (0,1137.44) size 769x2 [border: (1px inset #EEEEEE)]
      LayoutBlockFlow {P} at (0,1155.44) size 769x65
        LayoutTable {TABLE} at (0,0) size 653x65 [bgcolor=#F08080] [border: (1px outset #808080)]
          LayoutTableSection {TBODY} at (1,1) size 651x63
            LayoutTableRow {TR} at (0,2) size 651x59
              LayoutTableCell {TH} at (2,2) size 647x59 [border: (1px inset #808080)] [r=0 c=0 rs=1 cs=1]
                LayoutInline {A} at (0,0) size 0x0
                LayoutText {#text} at (11,11) size 94x19
                  text run at (11,11) width 94: "Test Case #2: "
                LayoutInline {FONT} at (0,0) size 296x19 [color=#0000FF]
                  LayoutText {#text} at (104,11) size 296x19
                    text run at (104,11) width 296: "table with data cells spanning multiple rows"
                LayoutText {#text} at (399,11) size 5x19
                  text run at (399,11) width 5: " "
                LayoutInline {FONT} at (0,0) size 605x32
                  LayoutInline {I} at (0,0) size 605x33
                    LayoutText {#text} at (403,14) size 605x33
                      text run at (403,14) width 213: "(using <TD ROWSPAN=integer value>"
                      text run at (11,31) width 22: "tag)"
                LayoutText {#text} at (0,0) size 0x0
      LayoutBlockFlow {P} at (0,1236.44) size 769x128
        LayoutBlockFlow (anonymous) at (0,0) size 769x20
          LayoutBR {BR} at (0,0) size 0x19
        LayoutTable {TABLE} at (0,20) size 692x108 [bgcolor=#FFD700] [border: (1px outset #808080)]
          LayoutTableSection {TBODY} at (1,1) size 690x106
            LayoutTableRow {TR} at (0,2) size 690x102
              LayoutTableCell {TD} at (2,2) size 686x102 [border: (1px inset #808080)] [r=0 c=0 rs=1 cs=1]
                LayoutInline {FONT} at (0,0) size 664x79 [color=#FF0000]
                  LayoutInline {B} at (0,0) size 664x79
                    LayoutText {#text} at (11,11) size 356x19
                      text run at (11,11) width 356: "In the following sample table you should see that the "
                    LayoutInline {FONT} at (0,0) size 82x19 [color=#0000FF]
                      LayoutText {#text} at (367,11) size 82x19
                        text run at (367,11) width 82: "ROWSPAN"
                    LayoutText {#text} at (448,11) size 664x39
                      text run at (448,11) width 5: " "
                      text run at (452,11) width 223: "attribute applies an integer value"
                      text run at (11,31) width 220: "equal to the number of rows the "
                    LayoutInline {FONT} at (0,0) size 46x19 [color=#0000FF]
                      LayoutText {#text} at (230,31) size 46x19
                        text run at (230,31) width 46: "DATA"
                    LayoutText {#text} at (275,31) size 649x59
                      text run at (275,31) width 136: " cell is to span. This "
                      text run at (410,31) width 232: "tells the browser to make the table"
                      text run at (11,51) width 587: "data cell occupy the same vertical space as the integer number of cells specified in rows "
                      text run at (597,51) width 60: "above or"
                      text run at (11,71) width 649: "below it. The browser flows the contents of the spanning cell to occupy the entire spanned space."
      LayoutBlockFlow {P} at (0,1380.44) size 769x40
        LayoutBR {BR} at (0,0) size 0x19
        LayoutBR {BR} at (0,20) size 0x19
      LayoutBlockFlow {UL} at (0,1436.44) size 769x284
        LayoutTable {TABLE} at (40,0) size 473x284 [border: (1px outset #808080)]
          LayoutBlockFlow {CAPTION} at (0,0) size 473x20
            LayoutText {#text} at (106,0) size 40x19
              text run at (106,0) width 40: "Table "
            LayoutInline {B} at (0,0) size 71x19
              LayoutText {#text} at (145,0) size 71x19
                text run at (145,0) width 71: "Data Cells"
            LayoutText {#text} at (215,0) size 152x19
              text run at (215,0) width 152: " spanning multiple rows"
          LayoutTableSection {TBODY} at (1,21) size 471x262
            LayoutTableRow {TR} at (0,2) size 471x24
              LayoutTableCell {TH} at (2,2) size 40x24 [bgcolor=#EE82EE] [border: (1px inset #808080)] [r=0 c=0 rs=1 cs=1]
                LayoutText {#text} at (2,2) size 36x19
                  text run at (2,2) width 36: "Head"
              LayoutTableCell {TD} at (44,5) size 86x44 [bgcolor=#FFFACD] [border: (1px inset #808080)] [r=0 c=1 rs=2 cs=1]
                LayoutText {#text} at (2,2) size 42x19
                  text run at (2,2) width 42: "Data 1"
                LayoutBR {BR} at (44,17) size 0x0
                LayoutText {#text} at (2,22) size 81x19
                  text run at (2,22) width 81: "span=2 rows"
              LayoutTableCell {TD} at (132,2) size 35x24 [bgcolor=#EE82EE] [border: (1px inset #808080)] [r=0 c=2 rs=1 cs=1]
                LayoutText {#text} at (2,2) size 31x19
                  text run at (2,2) width 31: "col 1"
              LayoutTableCell {TD} at (169,2) size 35x24 [bgcolor=#EE82EE] [border: (1px inset #808080)] [r=0 c=3 rs=1 cs=1]
                LayoutText {#text} at (2,2) size 31x19
                  text run at (2,2) width 31: "col 2"
              LayoutTableCell {TD} at (206,2) size 35x24 [bgcolor=#EE82EE] [border: (1px inset #808080)] [r=0 c=4 rs=1 cs=1]
                LayoutText {#text} at (2,2) size 31x19
                  text run at (2,2) width 31: "col 3"
              LayoutTableCell {TD} at (243,2) size 36x24 [bgcolor=#EE82EE] [border: (1px inset #808080)] [r=0 c=5 rs=1 cs=1]
                LayoutText {#text} at (2,2) size 31x19
                  text run at (2,2) width 31: "col 4"
              LayoutTableCell {TD} at (281,2) size 36x24 [bgcolor=#EE82EE] [border: (1px inset #808080)] [r=0 c=6 rs=1 cs=1]
                LayoutText {#text} at (2,2) size 31x19
                  text run at (2,2) width 31: "col 5"
              LayoutTableCell {TD} at (319,2) size 36x24 [bgcolor=#EE82EE] [border: (1px inset #808080)] [r=0 c=7 rs=1 cs=1]
                LayoutText {#text} at (2,2) size 31x19
                  text run at (2,2) width 31: "col 6"
              LayoutTableCell {TD} at (357,2) size 36x24 [bgcolor=#EE82EE] [border: (1px inset #808080)] [r=0 c=8 rs=1 cs=1]
                LayoutText {#text} at (2,2) size 31x19
                  text run at (2,2) width 31: "col 7"
              LayoutTableCell {TD} at (395,2) size 36x24 [bgcolor=#EE82EE] [border: (1px inset #808080)] [r=0 c=9 rs=1 cs=1]
                LayoutText {#text} at (2,2) size 31x19
                  text run at (2,2) width 31: "col 8"
              LayoutTableCell {TD} at (433,2) size 36x24 [bgcolor=#EE82EE] [border: (1px inset #808080)] [r=0 c=10 rs=1 cs=1]
                LayoutText {#text} at (2,2) size 31x19
                  text run at (2,2) width 31: "col 9"
            LayoutTableRow {TR} at (0,28) size 471x24
              LayoutTableCell {TH} at (2,28) size 40x24 [bgcolor=#EE82EE] [border: (1px inset #808080)] [r=1 c=0 rs=1 cs=1]
                LayoutText {#text} at (2,2) size 36x19
                  text run at (2,2) width 36: "Head"
              LayoutTableCell {TD} at (132,28) size 35x24 [bgcolor=#EE82EE] [border: (1px inset #808080)] [r=1 c=2 rs=1 cs=1]
                LayoutText {#text} at (2,2) size 31x19
                  text run at (2,2) width 31: "col 1"
              LayoutTableCell {TD} at (169,28) size 35x24 [bgcolor=#EE82EE] [border: (1px inset #808080)] [r=1 c=3 rs=1 cs=1]
                LayoutText {#text} at (2,2) size 31x19
                  text run at (2,2) width 31: "col 2"
              LayoutTableCell {TD} at (206,28) size 35x24 [bgcolor=#EE82EE] [border: (1px inset #808080)] [r=1 c=4 rs=1 cs=1]
                LayoutText {#text} at (2,2) size 31x19
                  text run at (2,2) width 31: "col 3"
              LayoutTableCell {TD} at (243,28) size 36x24 [bgcolor=#EE82EE] [border: (1px inset #808080)] [r=1 c=5 rs=1 cs=1]
                LayoutText {#text} at (2,2) size 31x19
                  text run at (2,2) width 31: "col 4"
              LayoutTableCell {TD} at (281,28) size 36x24 [bgcolor=#EE82EE] [border: (1px inset #808080)] [r=1 c=6 rs=1 cs=1]
                LayoutText {#text} at (2,2) size 31x19
                  text run at (2,2) width 31: "col 5"
              LayoutTableCell {TD} at (319,28) size 36x24 [bgcolor=#EE82EE] [border: (1px inset #808080)] [r=1 c=7 rs=1 cs=1]
                LayoutText {#text} at (2,2) size 31x19
                  text run at (2,2) width 31: "col 6"
              LayoutTableCell {TD} at (357,28) size 36x24 [bgcolor=#EE82EE] [border: (1px inset #808080)] [r=1 c=8 rs=1 cs=1]
                LayoutText {#text} at (2,2) size 31x19
                  text run at (2,2) width 31: "col 7"
              LayoutTableCell {TD} at (395,28) size 36x24 [bgcolor=#EE82EE] [border: (1px inset #808080)] [r=1 c=9 rs=1 cs=1]
                LayoutText {#text} at (2,2) size 31x19
                  text run at (2,2) width 31: "col 8"
              LayoutTableCell {TD} at (433,28) size 36x24 [bgcolor=#EE82EE] [border: (1px inset #808080)] [r=1 c=10 rs=1 cs=1]
                LayoutText {#text} at (2,2) size 31x19
                  text run at (2,2) width 31: "col 9"
            LayoutTableRow {TR} at (0,54) size 471x24
              LayoutTableCell {TH} at (2,54) size 40x24 [bgcolor=#90EE90] [border: (1px inset #808080)] [r=2 c=0 rs=1 cs=1]
                LayoutText {#text} at (2,2) size 36x19
                  text run at (2,2) width 36: "Head"
              LayoutTableCell {TD} at (44,96) size 86x44 [bgcolor=#FFFACD] [border: (1px inset #808080)] [r=2 c=1 rs=5 cs=1]
                LayoutText {#text} at (2,2) size 42x19
                  text run at (2,2) width 42: "Data 2"
                LayoutBR {BR} at (44,17) size 0x0
                LayoutText {#text} at (2,22) size 81x19
                  text run at (2,22) width 81: "span=5 rows"
              LayoutTableCell {TD} at (132,54) size 35x24 [bgcolor=#90EE90] [border: (1px inset #808080)] [r=2 c=2 rs=1 cs=1]
                LayoutText {#text} at (2,2) size 31x19
                  text run at (2,2) width 31: "col 1"
              LayoutTableCell {TD} at (169,54) size 35x24 [bgcolor=#90EE90] [border: (1px inset #808080)] [r=2 c=3 rs=1 cs=1]
                LayoutText {#text} at (2,2) size 31x19
                  text run at (2,2) width 31: "col 2"
              LayoutTableCell {TD} at (206,54) size 35x24 [bgcolor=#90EE90] [border: (1px inset #808080)] [r=2 c=4 rs=1 cs=1]
                LayoutText {#text} at (2,2) size 31x19
                  text run at (2,2) width 31: "col 3"
              LayoutTableCell {TD} at (243,54) size 36x24 [bgcolor=#90EE90] [border: (1px inset #808080)] [r=2 c=5 rs=1 cs=1]
                LayoutText {#text} at (2,2) size 31x19
                  text run at (2,2) width 31: "col 4"
              LayoutTableCell {TD} at (281,54) size 36x24 [bgcolor=#90EE90] [border: (1px inset #808080)] [r=2 c=6 rs=1 cs=1]
                LayoutText {#text} at (2,2) size 31x19
                  text run at (2,2) width 31: "col 5"
              LayoutTableCell {TD} at (319,54) size 36x24 [bgcolor=#90EE90] [border: (1px inset #808080)] [r=2 c=7 rs=1 cs=1]
                LayoutText {#text} at (2,2) size 31x19
                  text run at (2,2) width 31: "col 6"
              LayoutTableCell {TD} at (357,54) size 36x24 [bgcolor=#90EE90] [border: (1px inset #808080)] [r=2 c=8 rs=1 cs=1]
                LayoutText {#text} at (2,2) size 31x19
                  text run at (2,2) width 31: "col 7"
              LayoutTableCell {TD} at (395,54) size 36x24 [bgcolor=#90EE90] [border: (1px inset #808080)] [r=2 c=9 rs=1 cs=1]
                LayoutText {#text} at (2,2) size 31x19
                  text run at (2,2) width 31: "col 8"
              LayoutTableCell {TD} at (433,54) size 36x24 [bgcolor=#90EE90] [border: (1px inset #808080)] [r=2 c=10 rs=1 cs=1]
                LayoutText {#text} at (2,2) size 31x19
                  text run at (2,2) width 31: "col 9"
            LayoutTableRow {TR} at (0,80) size 471x24
              LayoutTableCell {TH} at (2,80) size 40x24 [bgcolor=#90EE90] [border: (1px inset #808080)] [r=3 c=0 rs=1 cs=1]
                LayoutText {#text} at (2,2) size 36x19
                  text run at (2,2) width 36: "Head"
              LayoutTableCell {TD} at (132,80) size 35x24 [bgcolor=#90EE90] [border: (1px inset #808080)] [r=3 c=2 rs=1 cs=1]
                LayoutText {#text} at (2,2) size 31x19
                  text run at (2,2) width 31: "col 1"
              LayoutTableCell {TD} at (169,80) size 35x24 [bgcolor=#90EE90] [border: (1px inset #808080)] [r=3 c=3 rs=1 cs=1]
                LayoutText {#text} at (2,2) size 31x19
                  text run at (2,2) width 31: "col 2"
              LayoutTableCell {TD} at (206,80) size 35x24 [bgcolor=#90EE90] [border: (1px inset #808080)] [r=3 c=4 rs=1 cs=1]
                LayoutText {#text} at (2,2) size 31x19
                  text run at (2,2) width 31: "col 3"
              LayoutTableCell {TD} at (243,80) size 36x24 [bgcolor=#90EE90] [border: (1px inset #808080)] [r=3 c=5 rs=1 cs=1]
                LayoutText {#text} at (2,2) size 31x19
                  text run at (2,2) width 31: "col 4"
              LayoutTableCell {TD} at (281,80) size 36x24 [bgcolor=#90EE90] [border: (1px inset #808080)] [r=3 c=6 rs=1 cs=1]
                LayoutText {#text} at (2,2) size 31x19
                  text run at (2,2) width 31: "col 5"
              LayoutTableCell {TD} at (319,80) size 36x24 [bgcolor=#90EE90] [border: (1px inset #808080)] [r=3 c=7 rs=1 cs=1]
                LayoutText {#text} at (2,2) size 31x19
                  text run at (2,2) width 31: "col 6"
              LayoutTableCell {TD} at (357,80) size 36x24 [bgcolor=#90EE90] [border: (1px inset #808080)] [r=3 c=8 rs=1 cs=1]
                LayoutText {#text} at (2,2) size 31x19
                  text run at (2,2) width 31: "col 7"
              LayoutTableCell {TD} at (395,80) size 36x24 [bgcolor=#90EE90] [border: (1px inset #808080)] [r=3 c=9 rs=1 cs=1]
                LayoutText {#text} at (2,2) size 31x19
                  text run at (2,2) width 31: "col 8"
              LayoutTableCell {TD} at (433,80) size 36x24 [bgcolor=#90EE90] [border: (1px inset #808080)] [r=3 c=10 rs=1 cs=1]
                LayoutText {#text} at (2,2) size 31x19
                  text run at (2,2) width 31: "col 9"
            LayoutTableRow {TR} at (0,106) size 471x24
              LayoutTableCell {TH} at (2,106) size 40x24 [bgcolor=#90EE90] [border: (1px inset #808080)] [r=4 c=0 rs=1 cs=1]
                LayoutText {#text} at (2,2) size 36x19
                  text run at (2,2) width 36: "Head"
              LayoutTableCell {TD} at (132,106) size 35x24 [bgcolor=#90EE90] [border: (1px inset #808080)] [r=4 c=2 rs=1 cs=1]
                LayoutText {#text} at (2,2) size 31x19
                  text run at (2,2) width 31: "col 1"
              LayoutTableCell {TD} at (169,106) size 35x24 [bgcolor=#90EE90] [border: (1px inset #808080)] [r=4 c=3 rs=1 cs=1]
                LayoutText {#text} at (2,2) size 31x19
                  text run at (2,2) width 31: "col 2"
              LayoutTableCell {TD} at (206,106) size 35x24 [bgcolor=#90EE90] [border: (1px inset #808080)] [r=4 c=4 rs=1 cs=1]
                LayoutText {#text} at (2,2) size 31x19
                  text run at (2,2) width 31: "col 3"
              LayoutTableCell {TD} at (243,106) size 36x24 [bgcolor=#90EE90] [border: (1px inset #808080)] [r=4 c=5 rs=1 cs=1]
                LayoutText {#text} at (2,2) size 31x19
                  text run at (2,2) width 31: "col 4"
              LayoutTableCell {TD} at (281,106) size 36x24 [bgcolor=#90EE90] [border: (1px inset #808080)] [r=4 c=6 rs=1 cs=1]
                LayoutText {#text} at (2,2) size 31x19
                  text run at (2,2) width 31: "col 5"
              LayoutTableCell {TD} at (319,106) size 36x24 [bgcolor=#90EE90] [border: (1px inset #808080)] [r=4 c=7 rs=1 cs=1]
                LayoutText {#text} at (2,2) size 31x19
                  text run at (2,2) width 31: "col 6"
              LayoutTableCell {TD} at (357,106) size 36x24 [bgcolor=#90EE90] [border: (1px inset #808080)] [r=4 c=8 rs=1 cs=1]
                LayoutText {#text} at (2,2) size 31x19
                  text run at (2,2) width 31: "col 7"
              LayoutTableCell {TD} at (395,106) size 36x24 [bgcolor=#90EE90] [border: (1px inset #808080)] [r=4 c=9 rs=1 cs=1]
                LayoutText {#text} at (2,2) size 31x19
                  text run at (2,2) width 31: "col 8"
              LayoutTableCell {TD} at (433,106) size 36x24 [bgcolor=#90EE90] [border: (1px inset #808080)] [r=4 c=10 rs=1 cs=1]
                LayoutText {#text} at (2,2) size 31x19
                  text run at (2,2) width 31: "col 9"
            LayoutTableRow {TR} at (0,132) size 471x24
              LayoutTableCell {TH} at (2,132) size 40x24 [bgcolor=#90EE90] [border: (1px inset #808080)] [r=5 c=0 rs=1 cs=1]
                LayoutText {#text} at (2,2) size 36x19
                  text run at (2,2) width 36: "Head"
              LayoutTableCell {TD} at (132,132) size 35x24 [bgcolor=#90EE90] [border: (1px inset #808080)] [r=5 c=2 rs=1 cs=1]
                LayoutText {#text} at (2,2) size 31x19
                  text run at (2,2) width 31: "col 1"
              LayoutTableCell {TD} at (169,132) size 35x24 [bgcolor=#90EE90] [border: (1px inset #808080)] [r=5 c=3 rs=1 cs=1]
                LayoutText {#text} at (2,2) size 31x19
                  text run at (2,2) width 31: "col 2"
              LayoutTableCell {TD} at (206,132) size 35x24 [bgcolor=#90EE90] [border: (1px inset #808080)] [r=5 c=4 rs=1 cs=1]
                LayoutText {#text} at (2,2) size 31x19
                  text run at (2,2) width 31: "col 3"
              LayoutTableCell {TD} at (243,132) size 36x24 [bgcolor=#90EE90] [border: (1px inset #808080)] [r=5 c=5 rs=1 cs=1]
                LayoutText {#text} at (2,2) size 31x19
                  text run at (2,2) width 31: "col 4"
              LayoutTableCell {TD} at (281,132) size 36x24 [bgcolor=#90EE90] [border: (1px inset #808080)] [r=5 c=6 rs=1 cs=1]
                LayoutText {#text} at (2,2) size 31x19
                  text run at (2,2) width 31: "col 5"
              LayoutTableCell {TD} at (319,132) size 36x24 [bgcolor=#90EE90] [border: (1px inset #808080)] [r=5 c=7 rs=1 cs=1]
                LayoutText {#text} at (2,2) size 31x19
                  text run at (2,2) width 31: "col 6"
              LayoutTableCell {TD} at (357,132) size 36x24 [bgcolor=#90EE90] [border: (1px inset #808080)] [r=5 c=8 rs=1 cs=1]
                LayoutText {#text} at (2,2) size 31x19
                  text run at (2,2) width 31: "col 7"
              LayoutTableCell {TD} at (395,132) size 36x24 [bgcolor=#90EE90] [border: (1px inset #808080)] [r=5 c=9 rs=1 cs=1]
                LayoutText {#text} at (2,2) size 31x19
                  text run at (2,2) width 31: "col 8"
              LayoutTableCell {TD} at (433,132) size 36x24 [bgcolor=#90EE90] [border: (1px inset #808080)] [r=5 c=10 rs=1 cs=1]
                LayoutText {#text} at (2,2) size 31x19
                  text run at (2,2) width 31: "col 9"
            LayoutTableRow {TR} at (0,158) size 471x24
              LayoutTableCell {TH} at (2,158) size 40x24 [bgcolor=#90EE90] [border: (1px inset #808080)] [r=6 c=0 rs=1 cs=1]
                LayoutText {#text} at (2,2) size 36x19
                  text run at (2,2) width 36: "Head"
              LayoutTableCell {TD} at (132,158) size 35x24 [bgcolor=#90EE90] [border: (1px inset #808080)] [r=6 c=2 rs=1 cs=1]
                LayoutText {#text} at (2,2) size 31x19
                  text run at (2,2) width 31: "col 1"
              LayoutTableCell {TD} at (169,158) size 35x24 [bgcolor=#90EE90] [border: (1px inset #808080)] [r=6 c=3 rs=1 cs=1]
                LayoutText {#text} at (2,2) size 31x19
                  text run at (2,2) width 31: "col 2"
              LayoutTableCell {TD} at (206,158) size 35x24 [bgcolor=#90EE90] [border: (1px inset #808080)] [r=6 c=4 rs=1 cs=1]
                LayoutText {#text} at (2,2) size 31x19
                  text run at (2,2) width 31: "col 3"
              LayoutTableCell {TD} at (243,158) size 36x24 [bgcolor=#90EE90] [border: (1px inset #808080)] [r=6 c=5 rs=1 cs=1]
                LayoutText {#text} at (2,2) size 31x19
                  text run at (2,2) width 31: "col 4"
              LayoutTableCell {TD} at (281,158) size 36x24 [bgcolor=#90EE90] [border: (1px inset #808080)] [r=6 c=6 rs=1 cs=1]
                LayoutText {#text} at (2,2) size 31x19
                  text run at (2,2) width 31: "col 5"
              LayoutTableCell {TD} at (319,158) size 36x24 [bgcolor=#90EE90] [border: (1px inset #808080)] [r=6 c=7 rs=1 cs=1]
                LayoutText {#text} at (2,2) size 31x19
                  text run at (2,2) width 31: "col 6"
              LayoutTableCell {TD} at (357,158) size 36x24 [bgcolor=#90EE90] [border: (1px inset #808080)] [r=6 c=8 rs=1 cs=1]
                LayoutText {#text} at (2,2) size 31x19
                  text run at (2,2) width 31: "col 7"
              LayoutTableCell {TD} at (395,158) size 36x24 [bgcolor=#90EE90] [border: (1px inset #808080)] [r=6 c=9 rs=1 cs=1]
                LayoutText {#text} at (2,2) size 31x19
                  text run at (2,2) width 31: "col 8"
              LayoutTableCell {TD} at (433,158) size 36x24 [bgcolor=#90EE90] [border: (1px inset #808080)] [r=6 c=10 rs=1 cs=1]
                LayoutText {#text} at (2,2) size 31x19
                  text run at (2,2) width 31: "col 9"
            LayoutTableRow {TR} at (0,184) size 471x24
              LayoutTableCell {TH} at (2,184) size 40x24 [bgcolor=#ADD8E6] [border: (1px inset #808080)] [r=7 c=0 rs=1 cs=1]
                LayoutText {#text} at (2,2) size 36x19
                  text run at (2,2) width 36: "Head"
              LayoutTableCell {TD} at (44,200) size 86x44 [bgcolor=#FFFACD] [border: (1px inset #808080)] [r=7 c=1 rs=3 cs=1]
                LayoutText {#text} at (2,2) size 42x19
                  text run at (2,2) width 42: "Data 3"
                LayoutBR {BR} at (44,17) size 0x0
                LayoutText {#text} at (2,22) size 81x19
                  text run at (2,22) width 81: "span=3 rows"
              LayoutTableCell {TD} at (132,184) size 35x24 [bgcolor=#ADD8E6] [border: (1px inset #808080)] [r=7 c=2 rs=1 cs=1]
                LayoutText {#text} at (2,2) size 31x19
                  text run at (2,2) width 31: "col 1"
              LayoutTableCell {TD} at (169,184) size 35x24 [bgcolor=#ADD8E6] [border: (1px inset #808080)] [r=7 c=3 rs=1 cs=1]
                LayoutText {#text} at (2,2) size 31x19
                  text run at (2,2) width 31: "col 2"
              LayoutTableCell {TD} at (206,184) size 35x24 [bgcolor=#ADD8E6] [border: (1px inset #808080)] [r=7 c=4 rs=1 cs=1]
                LayoutText {#text} at (2,2) size 31x19
                  text run at (2,2) width 31: "col 3"
              LayoutTableCell {TD} at (243,184) size 36x24 [bgcolor=#ADD8E6] [border: (1px inset #808080)] [r=7 c=5 rs=1 cs=1]
                LayoutText {#text} at (2,2) size 31x19
                  text run at (2,2) width 31: "col 4"
              LayoutTableCell {TD} at (281,184) size 36x24 [bgcolor=#ADD8E6] [border: (1px inset #808080)] [r=7 c=6 rs=1 cs=1]
                LayoutText {#text} at (2,2) size 31x19
                  text run at (2,2) width 31: "col 5"
              LayoutTableCell {TD} at (319,184) size 36x24 [bgcolor=#ADD8E6] [border: (1px inset #808080)] [r=7 c=7 rs=1 cs=1]
                LayoutText {#text} at (2,2) size 31x19
                  text run at (2,2) width 31: "col 6"
              LayoutTableCell {TD} at (357,184) size 36x24 [bgcolor=#ADD8E6] [border: (1px inset #808080)] [r=7 c=8 rs=1 cs=1]
                LayoutText {#text} at (2,2) size 31x19
                  text run at (2,2) width 31: "col 7"
              LayoutTableCell {TD} at (395,184) size 36x24 [bgcolor=#ADD8E6] [border: (1px inset #808080)] [r=7 c=9 rs=1 cs=1]
                LayoutText {#text} at (2,2) size 31x19
                  text run at (2,2) width 31: "col 8"
              LayoutTableCell {TD} at (433,184) size 36x24 [bgcolor=#ADD8E6] [border: (1px inset #808080)] [r=7 c=10 rs=1 cs=1]
                LayoutText {#text} at (2,2) size 31x19
                  text run at (2,2) width 31: "col 9"
            LayoutTableRow {TR} at (0,210) size 471x24
              LayoutTableCell {TH} at (2,210) size 40x24 [bgcolor=#ADD8E6] [border: (1px inset #808080)] [r=8 c=0 rs=1 cs=1]
                LayoutText {#text} at (2,2) size 36x19
                  text run at (2,2) width 36: "Head"
              LayoutTableCell {TD} at (132,210) size 35x24 [bgcolor=#ADD8E6] [border: (1px inset #808080)] [r=8 c=2 rs=1 cs=1]
                LayoutText {#text} at (2,2) size 31x19
                  text run at (2,2) width 31: "col 1"
              LayoutTableCell {TD} at (169,210) size 35x24 [bgcolor=#ADD8E6] [border: (1px inset #808080)] [r=8 c=3 rs=1 cs=1]
                LayoutText {#text} at (2,2) size 31x19
                  text run at (2,2) width 31: "col 2"
              LayoutTableCell {TD} at (206,210) size 35x24 [bgcolor=#ADD8E6] [border: (1px inset #808080)] [r=8 c=4 rs=1 cs=1]
                LayoutText {#text} at (2,2) size 31x19
                  text run at (2,2) width 31: "col 3"
              LayoutTableCell {TD} at (243,210) size 36x24 [bgcolor=#ADD8E6] [border: (1px inset #808080)] [r=8 c=5 rs=1 cs=1]
                LayoutText {#text} at (2,2) size 31x19
                  text run at (2,2) width 31: "col 4"
              LayoutTableCell {TD} at (281,210) size 36x24 [bgcolor=#ADD8E6] [border: (1px inset #808080)] [r=8 c=6 rs=1 cs=1]
                LayoutText {#text} at (2,2) size 31x19
                  text run at (2,2) width 31: "col 5"
              LayoutTableCell {TD} at (319,210) size 36x24 [bgcolor=#ADD8E6] [border: (1px inset #808080)] [r=8 c=7 rs=1 cs=1]
                LayoutText {#text} at (2,2) size 31x19
                  text run at (2,2) width 31: "col 6"
              LayoutTableCell {TD} at (357,210) size 36x24 [bgcolor=#ADD8E6] [border: (1px inset #808080)] [r=8 c=8 rs=1 cs=1]
                LayoutText {#text} at (2,2) size 31x19
                  text run at (2,2) width 31: "col 7"
              LayoutTableCell {TD} at (395,210) size 36x24 [bgcolor=#ADD8E6] [border: (1px inset #808080)] [r=8 c=9 rs=1 cs=1]
                LayoutText {#text} at (2,2) size 31x19
                  text run at (2,2) width 31: "col 8"
              LayoutTableCell {TD} at (433,210) size 36x24 [bgcolor=#ADD8E6] [border: (1px inset #808080)] [r=8 c=10 rs=1 cs=1]
                LayoutText {#text} at (2,2) size 31x19
                  text run at (2,2) width 31: "col 9"
            LayoutTableRow {TR} at (0,236) size 471x24
              LayoutTableCell {TH} at (2,236) size 40x24 [bgcolor=#ADD8E6] [border: (1px inset #808080)] [r=9 c=0 rs=1 cs=1]
                LayoutText {#text} at (2,2) size 36x19
                  text run at (2,2) width 36: "Head"
              LayoutTableCell {TD} at (132,236) size 35x24 [bgcolor=#ADD8E6] [border: (1px inset #808080)] [r=9 c=2 rs=1 cs=1]
                LayoutText {#text} at (2,2) size 31x19
                  text run at (2,2) width 31: "col 1"
              LayoutTableCell {TD} at (169,236) size 35x24 [bgcolor=#ADD8E6] [border: (1px inset #808080)] [r=9 c=3 rs=1 cs=1]
                LayoutText {#text} at (2,2) size 31x19
                  text run at (2,2) width 31: "col 2"
              LayoutTableCell {TD} at (206,236) size 35x24 [bgcolor=#ADD8E6] [border: (1px inset #808080)] [r=9 c=4 rs=1 cs=1]
                LayoutText {#text} at (2,2) size 31x19
                  text run at (2,2) width 31: "col 3"
              LayoutTableCell {TD} at (243,236) size 36x24 [bgcolor=#ADD8E6] [border: (1px inset #808080)] [r=9 c=5 rs=1 cs=1]
                LayoutText {#text} at (2,2) size 31x19
                  text run at (2,2) width 31: "col 4"
              LayoutTableCell {TD} at (281,236) size 36x24 [bgcolor=#ADD8E6] [border: (1px inset #808080)] [r=9 c=6 rs=1 cs=1]
                LayoutText {#text} at (2,2) size 31x19
                  text run at (2,2) width 31: "col 5"
              LayoutTableCell {TD} at (319,236) size 36x24 [bgcolor=#ADD8E6] [border: (1px inset #808080)] [r=9 c=7 rs=1 cs=1]
                LayoutText {#text} at (2,2) size 31x19
                  text run at (2,2) width 31: "col 6"
              LayoutTableCell {TD} at (357,236) size 36x24 [bgcolor=#ADD8E6] [border: (1px inset #808080)] [r=9 c=8 rs=1 cs=1]
                LayoutText {#text} at (2,2) size 31x19
                  text run at (2,2) width 31: "col 7"
              LayoutTableCell {TD} at (395,236) size 36x24 [bgcolor=#ADD8E6] [border: (1px inset #808080)] [r=9 c=9 rs=1 cs=1]
                LayoutText {#text} at (2,2) size 31x19
                  text run at (2,2) width 31: "col 8"
              LayoutTableCell {TD} at (433,236) size 36x24 [bgcolor=#ADD8E6] [border: (1px inset #808080)] [r=9 c=10 rs=1 cs=1]
                LayoutText {#text} at (2,2) size 31x19
                  text run at (2,2) width 31: "col 9"
      LayoutBlockFlow {P} at (0,1736.44) size 769x0
      LayoutBlockFlow {HR} at (0,1736.44) size 769x2 [border: (1px inset #EEEEEE)]
      LayoutBlockFlow {P} at (0,1754.44) size 769x65
        LayoutTable {TABLE} at (0,0) size 653x65 [bgcolor=#F08080] [border: (1px outset #808080)]
          LayoutTableSection {TBODY} at (1,1) size 651x63
            LayoutTableRow {TR} at (0,2) size 651x59
              LayoutTableCell {TH} at (2,2) size 647x59 [border: (1px inset #808080)] [r=0 c=0 rs=1 cs=1]
                LayoutInline {A} at (0,0) size 0x0
                LayoutText {#text} at (11,11) size 94x19
                  text run at (11,11) width 94: "Test Case #3: "
                LayoutInline {FONT} at (0,0) size 411x19 [color=#0000FF]
                  LayoutText {#text} at (104,11) size 411x19
                    text run at (104,11) width 411: "table with nested header & data cells spanning multiple rows"
                LayoutText {#text} at (514,11) size 5x19
                  text run at (514,11) width 5: " "
                LayoutInline {FONT} at (0,0) size 570x32
                  LayoutInline {I} at (0,0) size 570x33
                    LayoutText {#text} at (518,14) size 570x33
                      text run at (518,14) width 63: "(using <TH"
                      text run at (11,31) width 352: "ROWSPAN=integer value> <TD ROWSPAN=integer value> tag)"
                LayoutText {#text} at (0,0) size 0x0
      LayoutBlockFlow {P} at (0,1835.44) size 769x40
        LayoutBR {BR} at (0,0) size 0x19
        LayoutBR {BR} at (0,20) size 0x19
      LayoutBlockFlow {UL} at (0,1891.44) size 769x484
        LayoutTable {TABLE} at (40,0) size 473x484 [border: (1px outset #808080)]
          LayoutBlockFlow {CAPTION} at (0,0) size 473x20
            LayoutText {#text} at (29,0) size 87x19
              text run at (29,0) width 87: "Nested Table "
            LayoutInline {B} at (0,0) size 88x19
              LayoutText {#text} at (115,0) size 88x19
                text run at (115,0) width 88: "Header Cells"
            LayoutText {#text} at (202,0) size 21x19
              text run at (202,0) width 21: " & "
            LayoutInline {B} at (0,0) size 71x19
              LayoutText {#text} at (222,0) size 71x19
                text run at (222,0) width 71: "Data Cells"
            LayoutText {#text} at (292,0) size 152x19
              text run at (292,0) width 152: " spanning multiple rows"
          LayoutTableSection {TBODY} at (1,21) size 471x462
            LayoutTableRow {TR} at (0,2) size 471x44
              LayoutTableCell {TH} at (2,130) size 82x64 [bgcolor=#FFE4C4] [border: (1px inset #808080)] [r=0 c=0 rs=7 cs=1]
                LayoutText {#text} at (10,2) size 62x19
                  text run at (10,2) width 62: "Header 1"
                LayoutBR {BR} at (72,17) size 0x0
                LayoutText {#text} at (16,22) size 50x39
                  text run at (16,22) width 50: "span=7"
                  text run at (24,42) width 34: "rows"
              LayoutTableCell {TD} at (86,15) size 77x64 [bgcolor=#FFFACD] [border: (1px inset #808080)] [r=0 c=1 rs=2 cs=1]
                LayoutText {#text} at (2,2) size 42x19
                  text run at (2,2) width 42: "Data 1"
                LayoutBR {BR} at (44,17) size 0x0
                LayoutText {#text} at (2,22) size 46x39
                  text run at (2,22) width 46: "span=2"
                  text run at (2,42) width 31: "rows"
              LayoutTableCell {TD} at (165,2) size 32x44 [bgcolor=#EE82EE] [border: (1px inset #808080)] [r=0 c=2 rs=1 cs=1]
                LayoutText {#text} at (2,2) size 19x39
                  text run at (2,2) width 19: "col"
                  text run at (2,22) width 8: "1"
              LayoutTableCell {TD} at (199,2) size 32x44 [bgcolor=#EE82EE] [border: (1px inset #808080)] [r=0 c=3 rs=1 cs=1]
                LayoutText {#text} at (2,2) size 19x39
                  text run at (2,2) width 19: "col"
                  text run at (2,22) width 8: "2"
              LayoutTableCell {TD} at (233,2) size 32x44 [bgcolor=#EE82EE] [border: (1px inset #808080)] [r=0 c=4 rs=1 cs=1]
                LayoutText {#text} at (2,2) size 19x39
                  text run at (2,2) width 19: "col"
                  text run at (2,22) width 8: "3"
              LayoutTableCell {TD} at (267,2) size 32x44 [bgcolor=#EE82EE] [border: (1px inset #808080)] [r=0 c=5 rs=1 cs=1]
                LayoutText {#text} at (2,2) size 19x39
                  text run at (2,2) width 19: "col"
                  text run at (2,22) width 8: "4"
              LayoutTableCell {TD} at (301,2) size 32x44 [bgcolor=#EE82EE] [border: (1px inset #808080)] [r=0 c=6 rs=1 cs=1]
                LayoutText {#text} at (2,2) size 19x39
                  text run at (2,2) width 19: "col"
                  text run at (2,22) width 8: "5"
              LayoutTableCell {TD} at (335,2) size 32x44 [bgcolor=#EE82EE] [border: (1px inset #808080)] [r=0 c=7 rs=1 cs=1]
                LayoutText {#text} at (2,2) size 19x39
                  text run at (2,2) width 19: "col"
                  text run at (2,22) width 8: "6"
              LayoutTableCell {TD} at (369,2) size 32x44 [bgcolor=#EE82EE] [border: (1px inset #808080)] [r=0 c=8 rs=1 cs=1]
                LayoutText {#text} at (2,2) size 19x39
                  text run at (2,2) width 19: "col"
                  text run at (2,22) width 8: "7"
              LayoutTableCell {TD} at (403,2) size 32x44 [bgcolor=#EE82EE] [border: (1px inset #808080)] [r=0 c=9 rs=1 cs=1]
                LayoutText {#text} at (2,2) size 19x39
                  text run at (2,2) width 19: "col"
                  text run at (2,22) width 8: "8"
              LayoutTableCell {TD} at (437,2) size 32x44 [bgcolor=#EE82EE] [border: (1px inset #808080)] [r=0 c=10 rs=1 cs=1]
                LayoutText {#text} at (2,2) size 19x39
                  text run at (2,2) width 19: "col"
                  text run at (2,22) width 8: "9"
            LayoutTableRow {TR} at (0,48) size 471x44
              LayoutTableCell {TD} at (165,48) size 32x44 [bgcolor=#EE82EE] [border: (1px inset #808080)] [r=1 c=2 rs=1 cs=1]
                LayoutText {#text} at (2,2) size 19x39
                  text run at (2,2) width 19: "col"
                  text run at (2,22) width 8: "1"
              LayoutTableCell {TD} at (199,48) size 32x44 [bgcolor=#EE82EE] [border: (1px inset #808080)] [r=1 c=3 rs=1 cs=1]
                LayoutText {#text} at (2,2) size 19x39
                  text run at (2,2) width 19: "col"
                  text run at (2,22) width 8: "2"
              LayoutTableCell {TD} at (233,48) size 32x44 [bgcolor=#EE82EE] [border: (1px inset #808080)] [r=1 c=4 rs=1 cs=1]
                LayoutText {#text} at (2,2) size 19x39
                  text run at (2,2) width 19: "col"
                  text run at (2,22) width 8: "3"
              LayoutTableCell {TD} at (267,48) size 32x44 [bgcolor=#EE82EE] [border: (1px inset #808080)] [r=1 c=5 rs=1 cs=1]
                LayoutText {#text} at (2,2) size 19x39
                  text run at (2,2) width 19: "col"
                  text run at (2,22) width 8: "4"
              LayoutTableCell {TD} at (301,48) size 32x44 [bgcolor=#EE82EE] [border: (1px inset #808080)] [r=1 c=6 rs=1 cs=1]
                LayoutText {#text} at (2,2) size 19x39
                  text run at (2,2) width 19: "col"
                  text run at (2,22) width 8: "5"
              LayoutTableCell {TD} at (335,48) size 32x44 [bgcolor=#EE82EE] [border: (1px inset #808080)] [r=1 c=7 rs=1 cs=1]
                LayoutText {#text} at (2,2) size 19x39
                  text run at (2,2) width 19: "col"
                  text run at (2,22) width 8: "6"
              LayoutTableCell {TD} at (369,48) size 32x44 [bgcolor=#EE82EE] [border: (1px inset #808080)] [r=1 c=8 rs=1 cs=1]
                LayoutText {#text} at (2,2) size 19x39
                  text run at (2,2) width 19: "col"
                  text run at (2,22) width 8: "7"
              LayoutTableCell {TD} at (403,48) size 32x44 [bgcolor=#EE82EE] [border: (1px inset #808080)] [r=1 c=9 rs=1 cs=1]
                LayoutText {#text} at (2,2) size 19x39
                  text run at (2,2) width 19: "col"
                  text run at (2,22) width 8: "8"
              LayoutTableCell {TD} at (437,48) size 32x44 [bgcolor=#EE82EE] [border: (1px inset #808080)] [r=1 c=10 rs=1 cs=1]
                LayoutText {#text} at (2,2) size 19x39
                  text run at (2,2) width 19: "col"
                  text run at (2,22) width 8: "9"
            LayoutTableRow {TR} at (0,94) size 471x44
              LayoutTableCell {TD} at (86,176) size 77x64 [bgcolor=#FFFACD] [border: (1px inset #808080)] [r=2 c=1 rs=5 cs=1]
                LayoutText {#text} at (2,2) size 42x19
                  text run at (2,2) width 42: "Data 2"
                LayoutBR {BR} at (44,17) size 0x0
                LayoutText {#text} at (2,22) size 46x39
                  text run at (2,22) width 46: "span=5"
                  text run at (2,42) width 31: "rows"
              LayoutTableCell {TD} at (165,94) size 32x44 [bgcolor=#90EE90] [border: (1px inset #808080)] [r=2 c=2 rs=1 cs=1]
                LayoutText {#text} at (2,2) size 19x39
                  text run at (2,2) width 19: "col"
                  text run at (2,22) width 8: "1"
              LayoutTableCell {TD} at (199,94) size 32x44 [bgcolor=#90EE90] [border: (1px inset #808080)] [r=2 c=3 rs=1 cs=1]
                LayoutText {#text} at (2,2) size 19x39
                  text run at (2,2) width 19: "col"
                  text run at (2,22) width 8: "2"
              LayoutTableCell {TD} at (233,94) size 32x44 [bgcolor=#90EE90] [border: (1px inset #808080)] [r=2 c=4 rs=1 cs=1]
                LayoutText {#text} at (2,2) size 19x39
                  text run at (2,2) width 19: "col"
                  text run at (2,22) width 8: "3"
              LayoutTableCell {TD} at (267,94) size 32x44 [bgcolor=#90EE90] [border: (1px inset #808080)] [r=2 c=5 rs=1 cs=1]
                LayoutText {#text} at (2,2) size 19x39
                  text run at (2,2) width 19: "col"
                  text run at (2,22) width 8: "4"
              LayoutTableCell {TD} at (301,94) size 32x44 [bgcolor=#90EE90] [border: (1px inset #808080)] [r=2 c=6 rs=1 cs=1]
                LayoutText {#text} at (2,2) size 19x39
                  text run at (2,2) width 19: "col"
                  text run at (2,22) width 8: "5"
              LayoutTableCell {TD} at (335,94) size 32x44 [bgcolor=#90EE90] [border: (1px inset #808080)] [r=2 c=7 rs=1 cs=1]
                LayoutText {#text} at (2,2) size 19x39
                  text run at (2,2) width 19: "col"
                  text run at (2,22) width 8: "6"
              LayoutTableCell {TD} at (369,94) size 32x44 [bgcolor=#90EE90] [border: (1px inset #808080)] [r=2 c=8 rs=1 cs=1]
                LayoutText {#text} at (2,2) size 19x39
                  text run at (2,2) width 19: "col"
                  text run at (2,22) width 8: "7"
              LayoutTableCell {TD} at (403,94) size 32x44 [bgcolor=#90EE90] [border: (1px inset #808080)] [r=2 c=9 rs=1 cs=1]
                LayoutText {#text} at (2,2) size 19x39
                  text run at (2,2) width 19: "col"
                  text run at (2,22) width 8: "8"
              LayoutTableCell {TD} at (437,94) size 32x44 [bgcolor=#90EE90] [border: (1px inset #808080)] [r=2 c=10 rs=1 cs=1]
                LayoutText {#text} at (2,2) size 19x39
                  text run at (2,2) width 19: "col"
                  text run at (2,22) width 8: "9"
            LayoutTableRow {TR} at (0,140) size 471x44
              LayoutTableCell {TD} at (165,140) size 32x44 [bgcolor=#90EE90] [border: (1px inset #808080)] [r=3 c=2 rs=1 cs=1]
                LayoutText {#text} at (2,2) size 19x39
                  text run at (2,2) width 19: "col"
                  text run at (2,22) width 8: "1"
              LayoutTableCell {TD} at (199,140) size 32x44 [bgcolor=#90EE90] [border: (1px inset #808080)] [r=3 c=3 rs=1 cs=1]
                LayoutText {#text} at (2,2) size 19x39
                  text run at (2,2) width 19: "col"
                  text run at (2,22) width 8: "2"
              LayoutTableCell {TD} at (233,140) size 32x44 [bgcolor=#90EE90] [border: (1px inset #808080)] [r=3 c=4 rs=1 cs=1]
                LayoutText {#text} at (2,2) size 19x39
                  text run at (2,2) width 19: "col"
                  text run at (2,22) width 8: "3"
              LayoutTableCell {TD} at (267,140) size 32x44 [bgcolor=#90EE90] [border: (1px inset #808080)] [r=3 c=5 rs=1 cs=1]
                LayoutText {#text} at (2,2) size 19x39
                  text run at (2,2) width 19: "col"
                  text run at (2,22) width 8: "4"
              LayoutTableCell {TD} at (301,140) size 32x44 [bgcolor=#90EE90] [border: (1px inset #808080)] [r=3 c=6 rs=1 cs=1]
                LayoutText {#text} at (2,2) size 19x39
                  text run at (2,2) width 19: "col"
                  text run at (2,22) width 8: "5"
              LayoutTableCell {TD} at (335,140) size 32x44 [bgcolor=#90EE90] [border: (1px inset #808080)] [r=3 c=7 rs=1 cs=1]
                LayoutText {#text} at (2,2) size 19x39
                  text run at (2,2) width 19: "col"
                  text run at (2,22) width 8: "6"
              LayoutTableCell {TD} at (369,140) size 32x44 [bgcolor=#90EE90] [border: (1px inset #808080)] [r=3 c=8 rs=1 cs=1]
                LayoutText {#text} at (2,2) size 19x39
                  text run at (2,2) width 19: "col"
                  text run at (2,22) width 8: "7"
              LayoutTableCell {TD} at (403,140) size 32x44 [bgcolor=#90EE90] [border: (1px inset #808080)] [r=3 c=9 rs=1 cs=1]
                LayoutText {#text} at (2,2) size 19x39
                  text run at (2,2) width 19: "col"
                  text run at (2,22) width 8: "8"
              LayoutTableCell {TD} at (437,140) size 32x44 [bgcolor=#90EE90] [border: (1px inset #808080)] [r=3 c=10 rs=1 cs=1]
                LayoutText {#text} at (2,2) size 19x39
                  text run at (2,2) width 19: "col"
                  text run at (2,22) width 8: "9"
            LayoutTableRow {TR} at (0,186) size 471x44
              LayoutTableCell {TD} at (165,186) size 32x44 [bgcolor=#90EE90] [border: (1px inset #808080)] [r=4 c=2 rs=1 cs=1]
                LayoutText {#text} at (2,2) size 19x39
                  text run at (2,2) width 19: "col"
                  text run at (2,22) width 8: "1"
              LayoutTableCell {TD} at (199,186) size 32x44 [bgcolor=#90EE90] [border: (1px inset #808080)] [r=4 c=3 rs=1 cs=1]
                LayoutText {#text} at (2,2) size 19x39
                  text run at (2,2) width 19: "col"
                  text run at (2,22) width 8: "2"
              LayoutTableCell {TD} at (233,186) size 32x44 [bgcolor=#90EE90] [border: (1px inset #808080)] [r=4 c=4 rs=1 cs=1]
                LayoutText {#text} at (2,2) size 19x39
                  text run at (2,2) width 19: "col"
                  text run at (2,22) width 8: "3"
              LayoutTableCell {TD} at (267,186) size 32x44 [bgcolor=#90EE90] [border: (1px inset #808080)] [r=4 c=5 rs=1 cs=1]
                LayoutText {#text} at (2,2) size 19x39
                  text run at (2,2) width 19: "col"
                  text run at (2,22) width 8: "4"
              LayoutTableCell {TD} at (301,186) size 32x44 [bgcolor=#90EE90] [border: (1px inset #808080)] [r=4 c=6 rs=1 cs=1]
                LayoutText {#text} at (2,2) size 19x39
                  text run at (2,2) width 19: "col"
                  text run at (2,22) width 8: "5"
              LayoutTableCell {TD} at (335,186) size 32x44 [bgcolor=#90EE90] [border: (1px inset #808080)] [r=4 c=7 rs=1 cs=1]
                LayoutText {#text} at (2,2) size 19x39
                  text run at (2,2) width 19: "col"
                  text run at (2,22) width 8: "6"
              LayoutTableCell {TD} at (369,186) size 32x44 [bgcolor=#90EE90] [border: (1px inset #808080)] [r=4 c=8 rs=1 cs=1]
                LayoutText {#text} at (2,2) size 19x39
                  text run at (2,2) width 19: "col"
                  text run at (2,22) width 8: "7"
              LayoutTableCell {TD} at (403,186) size 32x44 [bgcolor=#90EE90] [border: (1px inset #808080)] [r=4 c=9 rs=1 cs=1]
                LayoutText {#text} at (2,2) size 19x39
                  text run at (2,2) width 19: "col"
                  text run at (2,22) width 8: "8"
              LayoutTableCell {TD} at (437,186) size 32x44 [bgcolor=#90EE90] [border: (1px inset #808080)] [r=4 c=10 rs=1 cs=1]
                LayoutText {#text} at (2,2) size 19x39
                  text run at (2,2) width 19: "col"
                  text run at (2,22) width 8: "9"
            LayoutTableRow {TR} at (0,232) size 471x44
              LayoutTableCell {TD} at (165,232) size 32x44 [bgcolor=#90EE90] [border: (1px inset #808080)] [r=5 c=2 rs=1 cs=1]
                LayoutText {#text} at (2,2) size 19x39
                  text run at (2,2) width 19: "col"
                  text run at (2,22) width 8: "1"
              LayoutTableCell {TD} at (199,232) size 32x44 [bgcolor=#90EE90] [border: (1px inset #808080)] [r=5 c=3 rs=1 cs=1]
                LayoutText {#text} at (2,2) size 19x39
                  text run at (2,2) width 19: "col"
                  text run at (2,22) width 8: "2"
              LayoutTableCell {TD} at (233,232) size 32x44 [bgcolor=#90EE90] [border: (1px inset #808080)] [r=5 c=4 rs=1 cs=1]
                LayoutText {#text} at (2,2) size 19x39
                  text run at (2,2) width 19: "col"
                  text run at (2,22) width 8: "3"
              LayoutTableCell {TD} at (267,232) size 32x44 [bgcolor=#90EE90] [border: (1px inset #808080)] [r=5 c=5 rs=1 cs=1]
                LayoutText {#text} at (2,2) size 19x39
                  text run at (2,2) width 19: "col"
                  text run at (2,22) width 8: "4"
              LayoutTableCell {TD} at (301,232) size 32x44 [bgcolor=#90EE90] [border: (1px inset #808080)] [r=5 c=6 rs=1 cs=1]
                LayoutText {#text} at (2,2) size 19x39
                  text run at (2,2) width 19: "col"
                  text run at (2,22) width 8: "5"
              LayoutTableCell {TD} at (335,232) size 32x44 [bgcolor=#90EE90] [border: (1px inset #808080)] [r=5 c=7 rs=1 cs=1]
                LayoutText {#text} at (2,2) size 19x39
                  text run at (2,2) width 19: "col"
                  text run at (2,22) width 8: "6"
              LayoutTableCell {TD} at (369,232) size 32x44 [bgcolor=#90EE90] [border: (1px inset #808080)] [r=5 c=8 rs=1 cs=1]
                LayoutText {#text} at (2,2) size 19x39
                  text run at (2,2) width 19: "col"
                  text run at (2,22) width 8: "7"
              LayoutTableCell {TD} at (403,232) size 32x44 [bgcolor=#90EE90] [border: (1px inset #808080)] [r=5 c=9 rs=1 cs=1]
                LayoutText {#text} at (2,2) size 19x39
                  text run at (2,2) width 19: "col"
                  text run at (2,22) width 8: "8"
              LayoutTableCell {TD} at (437,232) size 32x44 [bgcolor=#90EE90] [border: (1px inset #808080)] [r=5 c=10 rs=1 cs=1]
                LayoutText {#text} at (2,2) size 19x39
                  text run at (2,2) width 19: "col"
                  text run at (2,22) width 8: "9"
            LayoutTableRow {TR} at (0,278) size 471x44
              LayoutTableCell {TD} at (165,278) size 32x44 [bgcolor=#90EE90] [border: (1px inset #808080)] [r=6 c=2 rs=1 cs=1]
                LayoutText {#text} at (2,2) size 19x39
                  text run at (2,2) width 19: "col"
                  text run at (2,22) width 8: "1"
              LayoutTableCell {TD} at (199,278) size 32x44 [bgcolor=#90EE90] [border: (1px inset #808080)] [r=6 c=3 rs=1 cs=1]
                LayoutText {#text} at (2,2) size 19x39
                  text run at (2,2) width 19: "col"
                  text run at (2,22) width 8: "2"
              LayoutTableCell {TD} at (233,278) size 32x44 [bgcolor=#90EE90] [border: (1px inset #808080)] [r=6 c=4 rs=1 cs=1]
                LayoutText {#text} at (2,2) size 19x39
                  text run at (2,2) width 19: "col"
                  text run at (2,22) width 8: "3"
              LayoutTableCell {TD} at (267,278) size 32x44 [bgcolor=#90EE90] [border: (1px inset #808080)] [r=6 c=5 rs=1 cs=1]
                LayoutText {#text} at (2,2) size 19x39
                  text run at (2,2) width 19: "col"
                  text run at (2,22) width 8: "4"
              LayoutTableCell {TD} at (301,278) size 32x44 [bgcolor=#90EE90] [border: (1px inset #808080)] [r=6 c=6 rs=1 cs=1]
                LayoutText {#text} at (2,2) size 19x39
                  text run at (2,2) width 19: "col"
                  text run at (2,22) width 8: "5"
              LayoutTableCell {TD} at (335,278) size 32x44 [bgcolor=#90EE90] [border: (1px inset #808080)] [r=6 c=7 rs=1 cs=1]
                LayoutText {#text} at (2,2) size 19x39
                  text run at (2,2) width 19: "col"
                  text run at (2,22) width 8: "6"
              LayoutTableCell {TD} at (369,278) size 32x44 [bgcolor=#90EE90] [border: (1px inset #808080)] [r=6 c=8 rs=1 cs=1]
                LayoutText {#text} at (2,2) size 19x39
                  text run at (2,2) width 19: "col"
                  text run at (2,22) width 8: "7"
              LayoutTableCell {TD} at (403,278) size 32x44 [bgcolor=#90EE90] [border: (1px inset #808080)] [r=6 c=9 rs=1 cs=1]
                LayoutText {#text} at (2,2) size 19x39
                  text run at (2,2) width 19: "col"
                  text run at (2,22) width 8: "8"
              LayoutTableCell {TD} at (437,278) size 32x44 [bgcolor=#90EE90] [border: (1px inset #808080)] [r=6 c=10 rs=1 cs=1]
                LayoutText {#text} at (2,2) size 19x39
                  text run at (2,2) width 19: "col"
                  text run at (2,22) width 8: "9"
            LayoutTableRow {TR} at (0,324) size 471x44
              LayoutTableCell {TH} at (2,360) size 82x64 [bgcolor=#FFE4C4] [border: (1px inset #808080)] [r=7 c=0 rs=3 cs=1]
                LayoutText {#text} at (10,2) size 62x19
                  text run at (10,2) width 62: "Header 2"
                LayoutBR {BR} at (72,17) size 0x0
                LayoutText {#text} at (16,22) size 50x39
                  text run at (16,22) width 50: "span=3"
                  text run at (24,42) width 34: "rows"
              LayoutTableCell {TD} at (86,360) size 77x64 [bgcolor=#FFFACD] [border: (1px inset #808080)] [r=7 c=1 rs=3 cs=1]
                LayoutText {#text} at (2,2) size 42x19
                  text run at (2,2) width 42: "Data 3"
                LayoutBR {BR} at (44,17) size 0x0
                LayoutText {#text} at (2,22) size 46x39
                  text run at (2,22) width 46: "span=3"
                  text run at (2,42) width 31: "rows"
              LayoutTableCell {TD} at (165,324) size 32x44 [bgcolor=#ADD8E6] [border: (1px inset #808080)] [r=7 c=2 rs=1 cs=1]
                LayoutText {#text} at (2,2) size 19x39
                  text run at (2,2) width 19: "col"
                  text run at (2,22) width 8: "1"
              LayoutTableCell {TD} at (199,324) size 32x44 [bgcolor=#ADD8E6] [border: (1px inset #808080)] [r=7 c=3 rs=1 cs=1]
                LayoutText {#text} at (2,2) size 19x39
                  text run at (2,2) width 19: "col"
                  text run at (2,22) width 8: "2"
              LayoutTableCell {TD} at (233,324) size 32x44 [bgcolor=#ADD8E6] [border: (1px inset #808080)] [r=7 c=4 rs=1 cs=1]
                LayoutText {#text} at (2,2) size 19x39
                  text run at (2,2) width 19: "col"
                  text run at (2,22) width 8: "3"
              LayoutTableCell {TD} at (267,324) size 32x44 [bgcolor=#ADD8E6] [border: (1px inset #808080)] [r=7 c=5 rs=1 cs=1]
                LayoutText {#text} at (2,2) size 19x39
                  text run at (2,2) width 19: "col"
                  text run at (2,22) width 8: "4"
              LayoutTableCell {TD} at (301,324) size 32x44 [bgcolor=#ADD8E6] [border: (1px inset #808080)] [r=7 c=6 rs=1 cs=1]
                LayoutText {#text} at (2,2) size 19x39
                  text run at (2,2) width 19: "col"
                  text run at (2,22) width 8: "5"
              LayoutTableCell {TD} at (335,324) size 32x44 [bgcolor=#ADD8E6] [border: (1px inset #808080)] [r=7 c=7 rs=1 cs=1]
                LayoutText {#text} at (2,2) size 19x39
                  text run at (2,2) width 19: "col"
                  text run at (2,22) width 8: "6"
              LayoutTableCell {TD} at (369,324) size 32x44 [bgcolor=#ADD8E6] [border: (1px inset #808080)] [r=7 c=8 rs=1 cs=1]
                LayoutText {#text} at (2,2) size 19x39
                  text run at (2,2) width 19: "col"
                  text run at (2,22) width 8: "7"
              LayoutTableCell {TD} at (403,324) size 32x44 [bgcolor=#ADD8E6] [border: (1px inset #808080)] [r=7 c=9 rs=1 cs=1]
                LayoutText {#text} at (2,2) size 19x39
                  text run at (2,2) width 19: "col"
                  text run at (2,22) width 8: "8"
              LayoutTableCell {TD} at (437,324) size 32x44 [bgcolor=#ADD8E6] [border: (1px inset #808080)] [r=7 c=10 rs=1 cs=1]
                LayoutText {#text} at (2,2) size 19x39
                  text run at (2,2) width 19: "col"
                  text run at (2,22) width 8: "9"
            LayoutTableRow {TR} at (0,370) size 471x44
              LayoutTableCell {TD} at (165,370) size 32x44 [bgcolor=#ADD8E6] [border: (1px inset #808080)] [r=8 c=2 rs=1 cs=1]
                LayoutText {#text} at (2,2) size 19x39
                  text run at (2,2) width 19: "col"
                  text run at (2,22) width 8: "1"
              LayoutTableCell {TD} at (199,370) size 32x44 [bgcolor=#ADD8E6] [border: (1px inset #808080)] [r=8 c=3 rs=1 cs=1]
                LayoutText {#text} at (2,2) size 19x39
                  text run at (2,2) width 19: "col"
                  text run at (2,22) width 8: "2"
              LayoutTableCell {TD} at (233,370) size 32x44 [bgcolor=#ADD8E6] [border: (1px inset #808080)] [r=8 c=4 rs=1 cs=1]
                LayoutText {#text} at (2,2) size 19x39
                  text run at (2,2) width 19: "col"
                  text run at (2,22) width 8: "3"
              LayoutTableCell {TD} at (267,370) size 32x44 [bgcolor=#ADD8E6] [border: (1px inset #808080)] [r=8 c=5 rs=1 cs=1]
                LayoutText {#text} at (2,2) size 19x39
                  text run at (2,2) width 19: "col"
                  text run at (2,22) width 8: "4"
              LayoutTableCell {TD} at (301,370) size 32x44 [bgcolor=#ADD8E6] [border: (1px inset #808080)] [r=8 c=6 rs=1 cs=1]
                LayoutText {#text} at (2,2) size 19x39
                  text run at (2,2) width 19: "col"
                  text run at (2,22) width 8: "5"
              LayoutTableCell {TD} at (335,370) size 32x44 [bgcolor=#ADD8E6] [border: (1px inset #808080)] [r=8 c=7 rs=1 cs=1]
                LayoutText {#text} at (2,2) size 19x39
                  text run at (2,2) width 19: "col"
                  text run at (2,22) width 8: "6"
              LayoutTableCell {TD} at (369,370) size 32x44 [bgcolor=#ADD8E6] [border: (1px inset #808080)] [r=8 c=8 rs=1 cs=1]
                LayoutText {#text} at (2,2) size 19x39
                  text run at (2,2) width 19: "col"
                  text run at (2,22) width 8: "7"
              LayoutTableCell {TD} at (403,370) size 32x44 [bgcolor=#ADD8E6] [border: (1px inset #808080)] [r=8 c=9 rs=1 cs=1]
                LayoutText {#text} at (2,2) size 19x39
                  text run at (2,2) width 19: "col"
                  text run at (2,22) width 8: "8"
              LayoutTableCell {TD} at (437,370) size 32x44 [bgcolor=#ADD8E6] [border: (1px inset #808080)] [r=8 c=10 rs=1 cs=1]
                LayoutText {#text} at (2,2) size 19x39
                  text run at (2,2) width 19: "col"
                  text run at (2,22) width 8: "9"
            LayoutTableRow {TR} at (0,416) size 471x44
              LayoutTableCell {TD} at (165,416) size 32x44 [bgcolor=#ADD8E6] [border: (1px inset #808080)] [r=9 c=2 rs=1 cs=1]
                LayoutText {#text} at (2,2) size 19x39
                  text run at (2,2) width 19: "col"
                  text run at (2,22) width 8: "1"
              LayoutTableCell {TD} at (199,416) size 32x44 [bgcolor=#ADD8E6] [border: (1px inset #808080)] [r=9 c=3 rs=1 cs=1]
                LayoutText {#text} at (2,2) size 19x39
                  text run at (2,2) width 19: "col"
                  text run at (2,22) width 8: "2"
              LayoutTableCell {TD} at (233,416) size 32x44 [bgcolor=#ADD8E6] [border: (1px inset #808080)] [r=9 c=4 rs=1 cs=1]
                LayoutText {#text} at (2,2) size 19x39
                  text run at (2,2) width 19: "col"
                  text run at (2,22) width 8: "3"
              LayoutTableCell {TD} at (267,416) size 32x44 [bgcolor=#ADD8E6] [border: (1px inset #808080)] [r=9 c=5 rs=1 cs=1]
                LayoutText {#text} at (2,2) size 19x39
                  text run at (2,2) width 19: "col"
                  text run at (2,22) width 8: "4"
              LayoutTableCell {TD} at (301,416) size 32x44 [bgcolor=#ADD8E6] [border: (1px inset #808080)] [r=9 c=6 rs=1 cs=1]
                LayoutText {#text} at (2,2) size 19x39
                  text run at (2,2) width 19: "col"
                  text run at (2,22) width 8: "5"
              LayoutTableCell {TD} at (335,416) size 32x44 [bgcolor=#ADD8E6] [border: (1px inset #808080)] [r=9 c=7 rs=1 cs=1]
                LayoutText {#text} at (2,2) size 19x39
                  text run at (2,2) width 19: "col"
                  text run at (2,22) width 8: "6"
              LayoutTableCell {TD} at (369,416) size 32x44 [bgcolor=#ADD8E6] [border: (1px inset #808080)] [r=9 c=8 rs=1 cs=1]
                LayoutText {#text} at (2,2) size 19x39
                  text run at (2,2) width 19: "col"
                  text run at (2,22) width 8: "7"
              LayoutTableCell {TD} at (403,416) size 32x44 [bgcolor=#ADD8E6] [border: (1px inset #808080)] [r=9 c=9 rs=1 cs=1]
                LayoutText {#text} at (2,2) size 19x39
                  text run at (2,2) width 19: "col"
                  text run at (2,22) width 8: "8"
              LayoutTableCell {TD} at (437,416) size 32x44 [bgcolor=#ADD8E6] [border: (1px inset #808080)] [r=9 c=10 rs=1 cs=1]
                LayoutText {#text} at (2,2) size 19x39
                  text run at (2,2) width 19: "col"
                  text run at (2,22) width 8: "9"
      LayoutBlockFlow {P} at (0,2391.44) size 769x0
      LayoutBlockFlow {HR} at (0,2391.44) size 769x2 [border: (1px inset #EEEEEE)]
      LayoutBlockFlow (anonymous) at (0,2401.44) size 769x20
        LayoutImage {IMG} at (0,2) size 13x13
        LayoutText {#text} at (13,0) size 129x19
          text run at (13,0) width 129: " Created 9/19/96 by "
        LayoutInline {A} at (0,0) size 82x19 [color=#0000EE]
          LayoutText {#text} at (142,0) size 82x19
            text run at (142,0) width 82: "Ronald Greti"
        LayoutBR {BR} at (224,15) size 0x0
      LayoutBlockFlow {P} at (0,2437.44) size 769x20
        LayoutBR {BR} at (0,0) size 0x19
