layer at (0,0) size 800x600
  LayoutView at (0,0) size 800x600
layer at (0,0) size 800x365
  LayoutBlockFlow {HTML} at (0,0) size 800x365
    LayoutBlockFlow {BODY} at (8,8) size 784x349
      LayoutBlockFlow (anonymous) at (0,0) size 784x83
        LayoutTextControl {INPUT} at (4,4) size 125x19 [bgcolor=#FFFFFF] [border: (2px inset #EEEEEE)]
          LayoutFlexibleBox {DIV} at (4,3) size 117x13
            LayoutBlockFlow {DIV} at (0,0) size 105x13
        LayoutText {#text} at (133,4) size 4x18
          text run at (133,4) width 4: " "
        LayoutTextControl {INPUT} at (141,4) size 125x19 [bgcolor=#FFFFFF] [border: (2px inset #EEEEEE)]
          LayoutFlexibleBox {DIV} at (4,3) size 117x13
            LayoutBlockFlow {DIV} at (0,0) size 105x13
            LayoutBlockFlow {DIV} at (106,1) size 11x11
        LayoutBR {BR} at (270,4) size 0x18
        LayoutTextControl {INPUT} at (4,31) size 125x19 [bgcolor=#FFFFFF] [border: (2px inset #EEEEEE)]
          LayoutFlexibleBox {DIV} at (4,3) size 117x13
            LayoutBlockFlow {DIV} at (0,0) size 105x13
        LayoutText {#text} at (133,31) size 4x18
          text run at (133,31) width 4: " "
        LayoutTextControl {INPUT} at (141,31) size 125x19 [color=#545454] [bgcolor=#FFFFFF] [border: (2px inset #EEEEEE)]
          LayoutFlexibleBox {DIV} at (4,3) size 117x13
            LayoutBlockFlow {DIV} at (0,0) size 105x13
        LayoutText {#text} at (270,31) size 4x18
          text run at (270,31) width 4: " "
        LayoutBR {BR} at (274,31) size 0x18
        LayoutTextControl {INPUT} at (4,58) size 125x21 [bgcolor=#FFFFFF] [border: (3px solid #00FF00)]
          LayoutFlexibleBox {DIV} at (4,4) size 117x13
            LayoutBlockFlow {DIV} at (0,0) size 105x13
        LayoutText {#text} at (133,59) size 4x18
          text run at (133,59) width 4: " "
        LayoutTextControl {INPUT} at (141,59) size 123x19 [bgcolor=#FFFFFF] [border: (2px inset #EEEEEE)]
          LayoutFlexibleBox {DIV} at (3,3) size 117x13
            LayoutBlockFlow {DIV} at (0,0) size 105x13
        LayoutText {#text} at (268,59) size 4x18
          text run at (268,59) width 4: " "
        LayoutBR {BR} at (272,59) size 0x18
      LayoutBlockFlow {DIV} at (0,83) size 163x45 [bgcolor=#888888]
        LayoutTextControl {INPUT} at (11,9) size 133x19 [bgcolor=#00FF00] [border: (2px inset #EEEEEE)]
          LayoutFlexibleBox {DIV} at (3,3) size 127x13
            LayoutBlockFlow {DIV} at (0,0) size 115x13
        LayoutText {#text} at (0,0) size 0x0
      LayoutBlockFlow (anonymous) at (0,128) size 784x221
        LayoutTextControl {INPUT} at (4,4) size 123x19 [border: (2px inset #EEEEEE)]
          LayoutFlexibleBox {DIV} at (3,3) size 117x13
            LayoutBlockFlow {DIV} at (0,0) size 105x13
        LayoutText {#text} at (131,4) size 4x18
          text run at (131,4) width 4: " "
        LayoutBR {BR} at (135,4) size 0x18
        LayoutTextControl {INPUT} at (4,31) size 123x19 [bgcolor=#FFFFFF] [border: (2px inset #EEEEEE)]
          LayoutFlexibleBox {DIV} at (3,3) size 117x13
            LayoutBlockFlow {DIV} at (0,0) size 105x13
        LayoutText {#text} at (131,31) size 4x18
          text run at (131,31) width 4: " "
        LayoutBR {BR} at (135,31) size 0x18
        LayoutTextControl {INPUT} at (4,58) size 150x22 [bgcolor=#FFFFFF] [border: (2px inset #EEEEEE)]
          LayoutFlexibleBox {DIV} at (5,3) size 140x16
            LayoutBlockFlow {DIV} at (0,0) size 125x16
        LayoutText {#text} at (158,60) size 4x18
          text run at (158,60) width 4: " "
        LayoutTextControl {INPUT} at (166,58) size 150x22 [bgcolor=#FFFFFF] [border: (2px inset #EEEEEE)]
          LayoutFlexibleBox {DIV} at (5,3) size 140x16
            LayoutBlockFlow {DIV} at (0,0) size 125x16
        LayoutText {#text} at (320,60) size 4x18
          text run at (320,60) width 4: " "
        LayoutTextControl {INPUT} at (328,58) size 150x22 [bgcolor=#FFFFFF] [border: (2px inset #EEEEEE)]
          LayoutFlexibleBox {DIV} at (5,3) size 140x16
            LayoutBlockFlow {DIV} at (0,0) size 125x16
        LayoutText {#text} at (482,60) size 4x18
          text run at (482,60) width 4: " "
        LayoutBR {BR} at (486,60) size 0x18
        LayoutTextControl {INPUT} at (6,99) size 174x28 [bgcolor=#FFFFFF] [border: (3px inset #EEEEEE)]
          LayoutFlexibleBox {DIV} at (4.50,4.50) size 165x19
            LayoutBlockFlow {DIV} at (0,0) size 147.50x19
        LayoutText {#text} at (186,105) size 4x18
          text run at (186,105) width 4: " "
        LayoutTextControl {INPUT} at (198,92) size 245x38 [bgcolor=#FFFFFF] [border: (4px inset #EEEEEE)]
          LayoutFlexibleBox {DIV} at (6,6) size 233x26
            LayoutBlockFlow {DIV} at (0,0) size 209x26
        LayoutText {#text} at (451,105) size 4x18
          text run at (451,105) width 4: " "
        LayoutBR {BR} at (455,105) size 0x18
        LayoutTextControl {INPUT} at (6,153) size 174x28 [bgcolor=#FFFFFF] [border: (3px inset #EEEEEE)]
          LayoutFlexibleBox {DIV} at (4.50,4.50) size 165x19
            LayoutBlockFlow {DIV} at (0,0) size 147.50x19
        LayoutText {#text} at (186,159) size 4x18
          text run at (186,159) width 4: " "
        LayoutTextControl {INPUT} at (198,146) size 245x38 [bgcolor=#FFFFFF] [border: (4px inset #EEEEEE)]
          LayoutFlexibleBox {DIV} at (6,6) size 233x26
            LayoutBlockFlow {DIV} at (0,0) size 209x26
        LayoutText {#text} at (451,159) size 4x18
          text run at (451,159) width 4: " "
        LayoutBR {BR} at (455,159) size 0x18
        LayoutTextControl {INPUT} at (4,196) size 166x21 [bgcolor=#FFFFFF] [border: (1px solid #BDC7D8)]
          LayoutFlexibleBox {DIV} at (18,4) size 144x13
            LayoutBlockFlow {DIV} at (0,0) size 132x13
        LayoutText {#text} at (0,0) size 0x0
layer at (16,15) size 105x13
  LayoutBlockFlow {DIV} at (0,0) size 105x13
    LayoutText {#text} at (0,0) size 18x13
      text run at (0,0) width 18: "foo"
layer at (153,15) size 105x13
  LayoutBlockFlow {DIV} at (0,0) size 105x13
    LayoutText {#text} at (0,0) size 18x13
      text run at (0,0) width 18: "foo"
layer at (16,42) size 105x13
  LayoutBlockFlow {DIV} at (0,0) size 105x13
    LayoutText {#text} at (0,0) size 18x13
      text run at (0,0) width 18: "foo"
layer at (153,42) size 105x13
  LayoutBlockFlow {DIV} at (0,0) size 105x13
    LayoutText {#text} at (0,0) size 18x13
      text run at (0,0) width 18: "foo"
layer at (16,70) size 105x13
  LayoutBlockFlow {DIV} at (0,0) size 105x13
    LayoutText {#text} at (0,0) size 18x13
      text run at (0,0) width 18: "foo"
layer at (152,70) size 105x13
  LayoutBlockFlow {DIV} at (0,0) size 105x13
    LayoutText {#text} at (0,0) size 18x13
      text run at (0,0) width 18: "foo"
layer at (22,103) size 115x13
  LayoutBlockFlow {DIV} at (0,0) size 115x13
    LayoutText {#text} at (0,0) size 62x13
      text run at (0,0) width 62: "default text"
layer at (15,143) size 105x13
  LayoutBlockFlow {DIV} at (0,0) size 105x13
    LayoutText {#text} at (0,0) size 18x13
      text run at (0,0) width 18: "foo"
layer at (15,170) size 105x13
  LayoutBlockFlow {DIV} at (0,0) size 105x13
    LayoutText {#text} at (0,0) size 18x13
      text run at (0,0) width 18: "foo"
layer at (17,197) size 125x16
  LayoutBlockFlow {DIV} at (0,0) size 125x16
    LayoutText {#text} at (0,0) size 21x16
      text run at (0,0) width 21: "foo"
layer at (179,197) size 125x16
  LayoutBlockFlow {DIV} at (0,0) size 125x16
    LayoutText {#text} at (0,0) size 21x16
      text run at (0,0) width 21: "foo"
layer at (341,197) size 125x16
  LayoutBlockFlow {DIV} at (0,0) size 125x16
    LayoutText {#text} at (0,0) size 21x16
      text run at (0,0) width 21: "foo"
layer at (19,240) size 148x19 backgroundClip at (19,240) size 147x19 clip at (19,240) size 147x19
  LayoutBlockFlow {DIV} at (0,0) size 147.50x19
    LayoutText {#text} at (0,0) size 27x19
      text run at (0,0) width 27: "foo"
layer at (212,234) size 209x26
  LayoutBlockFlow {DIV} at (0,0) size 209x26
    LayoutText {#text} at (0,0) size 36x26
      text run at (0,0) width 36: "foo"
layer at (19,294) size 148x19 backgroundClip at (19,294) size 147x19 clip at (19,294) size 147x19
  LayoutBlockFlow {DIV} at (0,0) size 147.50x19
    LayoutText {#text} at (0,0) size 27x19
      text run at (0,0) width 27: "foo"
layer at (212,288) size 209x26
  LayoutBlockFlow {DIV} at (0,0) size 209x26
    LayoutText {#text} at (0,0) size 36x26
      text run at (0,0) width 36: "foo"
layer at (30,336) size 132x13
  LayoutBlockFlow {DIV} at (18,4) size 132x13 [color=#757575]
    LayoutText {#text} at (0,0) size 92x13
      text run at (0,0) width 92: "Search for Events"
layer at (30,336) size 132x13
  LayoutBlockFlow {DIV} at (0,0) size 132x13
layer at (122,16) size 11x11 transparent
  LayoutBlockFlow {DIV} at (106,1) size 11x11
layer at (122,43) size 11x11 transparent
  LayoutBlockFlow {DIV} at (106,1) size 11x11
layer at (259,43) size 11x11 transparent
  LayoutBlockFlow {DIV} at (106,1) size 11x11
layer at (122,71) size 11x11 transparent
  LayoutBlockFlow {DIV} at (106,1) size 11x11
layer at (258,71) size 11x11 transparent
  LayoutBlockFlow {DIV} at (106,1) size 11x11
layer at (138,104) size 11x11 transparent
  LayoutBlockFlow {DIV} at (116,1) size 11x11
layer at (121,144) size 11x11 transparent
  LayoutBlockFlow {DIV} at (106,1) size 11x11
layer at (121,171) size 11x11 transparent
  LayoutBlockFlow {DIV} at (106,1) size 11x11
layer at (143,198) size 14x14 transparent
  LayoutBlockFlow {DIV} at (126,1) size 14x14
layer at (305,198) size 14x14 transparent
  LayoutBlockFlow {DIV} at (126,1) size 14x14
layer at (467,198) size 14x14 transparent
  LayoutBlockFlow {DIV} at (126,1) size 14x14
layer at (168,241) size 16x16 transparent
  LayoutBlockFlow {DIV} at (149,1.50) size 16x16
layer at (423,236) size 22x22 transparent
  LayoutBlockFlow {DIV} at (211,2) size 22x22
layer at (168,295) size 16x16 transparent
  LayoutBlockFlow {DIV} at (149,1.50) size 16x16
layer at (423,290) size 22x22 transparent
  LayoutBlockFlow {DIV} at (211,2) size 22x22
layer at (163,337) size 11x11 transparent
  LayoutBlockFlow {DIV} at (133,1) size 11x11
caret: position 0 of child 0 {#text} of child 0 {DIV} of child 0 {DIV} of child 0 {DIV} of {#document-fragment} of child 10 {INPUT} of body
