layer at (0,0) size 800x600
  LayoutView at (0,0) size 800x600
layer at (0,0) size 800x600
  LayoutBlockFlow {HTML} at (0,0) size 800x600
    LayoutBlockFlow {BODY} at (8,8) size 784x584
      LayoutBlockFlow {P} at (0,0) size 784x18
        LayoutText {#text} at (0,0) size 391x18
          text run at (0,0) width 391: "Only the second search field should have a cancel button (\x{D7})."
      LayoutBlockFlow (anonymous) at (0,34) size 784x19
        LayoutTextControl {INPUT} at (0,0) size 125x19 [bgcolor=#FFFFFF] [border: (2px inset #EEEEEE)]
          LayoutFlexibleBox {DIV} at (4,3) size 117x13
            LayoutBlockFlow {DIV} at (0,0) size 105x13
        LayoutText {#text} at (125,0) size 4x18
          text run at (125,0) width 4: " "
        LayoutTextControl {INPUT} at (129,0) size 125x19 [bgcolor=#FFFFFF] [border: (2px inset #EEEEEE)]
          LayoutFlexibleBox {DIV} at (4,3) size 117x13
            LayoutBlockFlow {DIV} at (0,0) size 105x13
            LayoutBlockFlow {DIV} at (106,1) size 11x11
        LayoutText {#text} at (0,0) size 0x0
layer at (12,45) size 105x13
  LayoutBlockFlow {DIV} at (0,0) size 105x13
layer at (141,45) size 105x13
  LayoutBlockFlow {DIV} at (0,0) size 105x13
    LayoutText {#text} at (0,0) size 43x13
      text run at (0,0) width 43: "this one"
layer at (118,46) size 11x11 transparent
  LayoutBlockFlow {DIV} at (106,1) size 11x11
caret: position 0 of child 0 {#text} of child 0 {DIV} of child 0 {DIV} of child 0 {DIV} of {#document-fragment} of child 4 {INPUT} of body
