layer at (0,0) size 800x600
  LayoutView at (0,0) size 800x600
layer at (0,0) size 800x88
  LayoutBlockFlow {HTML} at (0,0) size 800x88
    LayoutBlockFlow {BODY} at (8,8) size 784x72
      LayoutText {#text} at (0,0) size 498x18
        text run at (0,0) width 498: "This test verifies CSS clip, filter, and overflow clip are applied in the order of:"
      LayoutBR {BR} at (497,0) size 1x18
      LayoutText {#text} at (0,18) size 428x18
        text run at (0,18) width 428: "output <-- clip <-- filter <-- overflow clip <-- normal-flow contents"
      LayoutBR {BR} at (427,18) size 1x18
      LayoutText {#text} at (0,36) size 759x36
        text run at (0,36) width 759: "The test succeeds if the green box below has a crisp left edge, blurred top/bottom dashed border, and a crisp right edge"
        text run at (0,54) width 386: "with blurred partial dashed border. No red should be visible."
layer at (10,200) size 110x110 backgroundClip at (65,191) size 50x128 clip at (65,205) size 50x100 scrollWidth 105 scrollHeight 105
  LayoutBlockFlow (positioned) {DIV} at (10,200) size 110x110 [bgcolor=#008000] [border: (5px dashed #000000)]
    LayoutBlockFlow {DIV} at (0,0) size 110x110 [border: (5px solid #FF0000)]
