layer at (0,0) size 800x600
  LayoutView at (0,0) size 800x600
layer at (0,0) size 800x600
  LayoutBlockFlow {HTML} at (0,0) size 800x600
    LayoutBlockFlow {BODY} at (8,8) size 784x576
      LayoutBlockFlow {P} at (0,0) size 784x20
        LayoutInline {A} at (0,0) size 58x19 [color=#0000EE]
          LayoutText {#text} at (0,0) size 58x19
            text run at (0,0) width 58: "bug 7118"
        LayoutText {#text} at (57,0) size 339x19
          text run at (57,0) width 339: ": Wrong property values do not get invalidated correctly."
      LayoutBlockFlow (anonymous) at (0,36) size 784x0
        LayoutInline {DIV} at (0,0) size 0x0
          LayoutText {#text} at (0,0) size 0x0
        LayoutText {#text} at (0,0) size 0x0
layer at (8,44) size 200x200
  LayoutBlockFlow (floating) {DIV} at (0,0) size 200x200 [color=#FFFFFF] [bgcolor=#006400]
    LayoutText {#text} at (0,0) size 199x152
      text run at (0,0) width 177: "this text should be left-"
      text run at (0,19) width 177: "aligned, all lower-case,"
      text run at (0,38) width 189: "normal font, white, 14px,"
      text run at (0,57) width 199: "bold, normally spaced and"
      text run at (0,76) width 182: "wrapped, in a darkgreen"
      text run at (0,95) width 114: "200x200px div "
      text run at (114,95) width 72: "in the top"
      text run at (0,114) width 139: "left corner with no"
      text run at (0,133) width 148: "borders or outlines."
