layer at (0,0) size 800x600
  LayoutView at (0,0) size 800x600
layer at (0,0) size 800x600
  LayoutBlockFlow {HTML} at (0,0) size 800x600
    LayoutBlockFlow {BODY} at (8,8) size 784x584
      LayoutTable {TABLE} at (0,0) size 178x26
        LayoutTableSection {TBODY} at (0,0) size 178x26
          LayoutTableRow {TR} at (0,2) size 178x22
            LayoutTableCell {TD} at (2,2) size 174x22 [r=0 c=0 rs=1 cs=1]
              LayoutBlockFlow {DIV} at (1,1) size 172x20
                LayoutText {#text} at (0,0) size 168x19
                  text run at (0,0) width 168: "This text should not break "
                LayoutInline {<pseudo:after>} at (0,0) size 4x19
                  LayoutTextFragment (anonymous) at (168,0) size 4x19
                    text run at (168,0) width 4: "."
