layer at (0,0) size 800x600
  LayoutView at (0,0) size 800x600
layer at (0,0) size 800x600
  LayoutNGBlockFlow {HTML} at (0,0) size 800x600
    LayoutNGBlockFlow {BODY} at (8,8) size 784x584
      LayoutNGBlockFlow (floating) {DIV} at (5,5) size 66x30 [bgcolor=#ADD8E6]
        LayoutInline {SPAN} at (0,0) size 8x19
          LayoutText {#text} at (5,5) size 8x19
            text run at (5,5) width 8: "\x{25B8}"
        LayoutText {#text} at (13,5) size 48x19
          text run at (13,5) width 48: " Project"
selection start: position 0 of child 0 {#text} of child 1 {SPAN} of child 3 {DIV} of body
selection end:   position 8 of child 2 {#text} of child 3 {DIV} of body
