layer at (0,0) size 800x600
  LayoutView at (0,0) size 800x600
layer at (0,0) size 800x600
  LayoutBlockFlow {HTML} at (0,0) size 800x600
    LayoutBlockFlow {BODY} at (8,8) size 784x584
      LayoutBlockFlow {DIV} at (0,0) size 100x100
        LayoutText {#text} at (0,0) size 50x50
          text run at (0,0) width 50: "a"
        LayoutInline {SPAN} at (0,0) size 100x50 [color=#0000FF]
          LayoutText {#text} at (0,50) size 100x50
            text run at (0,50) width 100: ".."
        LayoutText {#text} at (0,0) size 0x0
