layer at (0,0) size 800x600
  LayoutView at (0,0) size 800x600
layer at (0,0) size 800x254
  LayoutBlockFlow {HTML} at (0,0) size 800x254
    LayoutBlockFlow {BODY} at (8,48) size 784x158
      LayoutBlockFlow {P} at (0,0) size 784x55
        LayoutText {#text} at (0,1) size 427x53
          text run at (0,1) width 427: "Text, normal weight."
      LayoutBlockFlow {P} at (0,103) size 784x55
        LayoutText {#text} at (0,1) size 454x53
          text run at (0,1) width 454: "Bolder than normal."
