layer at (0,0) size 800x600
  LayoutView at (0,0) size 800x600
layer at (0,0) size 800x600
  LayoutBlockFlow {HTML} at (0,0) size 800x600
    LayoutBlockFlow {BODY} at (8,8) size 784x584
      LayoutBlockFlow {DIV} at (0,0) size 784x126
        LayoutBlockFlow {DIV} at (0,0) size 784x42
          LayoutText {#text} at (0,0) size 193x41
            text run at (0,0) width 193: "AVAVAVAV"
        LayoutBlockFlow {DIV} at (0,42) size 784x42
          LayoutText {#text} at (0,0) size 174x41
            text run at (0,0) width 174: "AVAVAVAV"
        LayoutBlockFlow {DIV} at (0,84) size 784x42
          LayoutText {#text} at (0,0) size 174x41
            text run at (0,0) width 174: "AVAVAVAV"
      LayoutBlockFlow {DIV} at (0,126) size 784x126
        LayoutBlockFlow {DIV} at (0,0) size 784x42
          LayoutText {#text} at (0,0) size 193x41
            text run at (0,0) width 193: "AVAVAVAV"
        LayoutBlockFlow {DIV} at (0,42) size 784x42
          LayoutText {#text} at (0,0) size 174x41
            text run at (0,0) width 174: "AVAVAVAV"
        LayoutBlockFlow {DIV} at (0,84) size 784x42
          LayoutText {#text} at (0,0) size 174x41
            text run at (0,0) width 174: "AVAVAVAV"
