layer at (0,0) size 800x600
  LayoutView at (0,0) size 800x600
layer at (0,0) size 800x600
  LayoutBlockFlow {HTML} at (0,0) size 800x600
    LayoutBlockFlow {BODY} at (8,8) size 784x584
      LayoutBlockFlow {DIV} at (0,0) size 784x260
        LayoutBlockFlow {DIV} at (0,0) size 290x20
          LayoutText {#text} at (0,0) size 290x10
            text run at (0,0) width 290: "l l l l l l l l l l l l"
          LayoutInline {SPAN} at (0,0) size 60x10
            LayoutText {#text} at (0,10) size 60x10
              text run at (0,10) width 60: "llllll"
          LayoutText {#text} at (0,0) size 0x0
        LayoutBlockFlow {DIV} at (0,20) size 290x20
          LayoutText {#text} at (0,0) size 290x10
            text run at (0,0) width 290: "l l l l l l l l l l l l"
          LayoutInline {SPAN} at (0,0) size 60x10
            LayoutText {#text} at (0,10) size 60x10
              text run at (0,10) width 60: "llllll"
          LayoutText {#text} at (0,0) size 0x0
        LayoutBlockFlow {DIV} at (0,40) size 290x20
          LayoutText {#text} at (0,0) size 290x10
            text run at (0,0) width 290: "l l l l l l l l l l l l"
          LayoutInline {SPAN} at (0,0) size 60x10
            LayoutText {#text} at (0,10) size 60x10
              text run at (0,10) width 60: "llllll"
          LayoutText {#text} at (0,0) size 0x0
        LayoutBlockFlow {DIV} at (0,60) size 290x20
          LayoutText {#text} at (0,0) size 290x10
            text run at (0,0) width 290: "l l l l l l l l l l l l"
          LayoutInline {SPAN} at (0,0) size 60x10
            LayoutText {#text} at (0,10) size 60x10
              text run at (0,10) width 60: "llllll"
          LayoutText {#text} at (0,0) size 0x0
        LayoutBlockFlow {DIV} at (0,80) size 290x20
          LayoutText {#text} at (0,0) size 290x10
            text run at (0,0) width 290: "l l l l l l l l l l l l"
          LayoutInline {SPAN} at (0,0) size 60x10
            LayoutText {#text} at (0,10) size 60x10
              text run at (0,10) width 60: "llllll"
          LayoutText {#text} at (0,0) size 0x0
        LayoutBlockFlow {DIV} at (0,100) size 290x20
          LayoutText {#text} at (0,0) size 290x10
            text run at (0,0) width 290: "l l l l l l l l l l l l"
          LayoutInline {SPAN} at (0,0) size 60x10
            LayoutText {#text} at (0,10) size 60x10
              text run at (0,10) width 60: "llllll"
          LayoutText {#text} at (0,0) size 0x0
        LayoutBlockFlow {DIV} at (0,120) size 290x20
          LayoutText {#text} at (0,0) size 290x10
            text run at (0,0) width 290: "l l l l l l l l l l l l"
          LayoutInline {SPAN} at (0,0) size 60x10
            LayoutText {#text} at (0,10) size 60x10
              text run at (0,10) width 60: "llllll"
          LayoutText {#text} at (0,0) size 0x0
        LayoutBlockFlow {DIV} at (0,140) size 290x20
          LayoutText {#text} at (0,0) size 290x10
            text run at (0,0) width 290: "l l l l l l l l l l l l"
          LayoutInline {SPAN} at (0,0) size 60x10
            LayoutText {#text} at (0,10) size 60x10
              text run at (0,10) width 60: "llllll"
          LayoutText {#text} at (0,0) size 0x0
        LayoutBlockFlow {DIV} at (0,160) size 290x20
          LayoutText {#text} at (0,0) size 290x10
            text run at (0,0) width 290: "l l l l l l l l l l l l"
          LayoutInline {SPAN} at (0,0) size 60x10
            LayoutText {#text} at (0,10) size 60x10
              text run at (0,10) width 60: "llllll"
          LayoutText {#text} at (0,0) size 0x0
        LayoutBlockFlow {DIV} at (0,180) size 290x20
          LayoutText {#text} at (0,0) size 290x10
            text run at (0,0) width 290: "l l l l l l l l l l l l"
          LayoutInline {SPAN} at (0,0) size 60x10
            LayoutText {#text} at (0,10) size 60x10
              text run at (0,10) width 60: "llllll"
          LayoutText {#text} at (0,0) size 0x0
        LayoutBlockFlow {DIV} at (0,200) size 290x20
          LayoutText {#text} at (0,0) size 290x10
            text run at (0,0) width 290: "l l l l l l l l l l l l"
          LayoutInline {SPAN} at (0,0) size 60x10
            LayoutText {#text} at (0,10) size 60x10
              text run at (0,10) width 60: "llllll"
          LayoutText {#text} at (0,0) size 0x0
        LayoutBlockFlow {DIV} at (0,220) size 290x20
          LayoutText {#text} at (0,0) size 290x10
            text run at (0,0) width 290: "l l l l l l l l l l l l"
          LayoutInline {SPAN} at (0,0) size 60x10
            LayoutText {#text} at (0,10) size 60x10
              text run at (0,10) width 60: "llllll"
          LayoutText {#text} at (0,0) size 0x0
        LayoutBlockFlow {DIV} at (0,240) size 290x20
          LayoutText {#text} at (0,0) size 290x10
            text run at (0,0) width 290: "l l l l l l l l l l l l"
          LayoutInline {SPAN} at (0,0) size 60x10
            LayoutText {#text} at (0,10) size 60x10
              text run at (0,10) width 60: "llllll"
          LayoutText {#text} at (0,0) size 0x0
      LayoutBlockFlow {DIV} at (0,260) size 784x260
        LayoutBlockFlow {DIV} at (0,0) size 290x20
          LayoutText {#text} at (0,0) size 290x10
            text run at (0,0) width 290: "l l l l l l l l l l l l"
          LayoutInline {SPAN} at (0,0) size 60x10
            LayoutText {#text} at (0,10) size 60x10
              text run at (0,10) width 60: "llllll"
          LayoutText {#text} at (0,0) size 0x0
        LayoutBlockFlow {DIV} at (0,20) size 290x20
          LayoutText {#text} at (0,0) size 290x10
            text run at (0,0) width 290: "l l l l l l l l l l l l"
          LayoutInline {SPAN} at (0,0) size 60x10
            LayoutText {#text} at (0,10) size 60x10
              text run at (0,10) width 60: "llllll"
          LayoutText {#text} at (0,0) size 0x0
        LayoutBlockFlow {DIV} at (0,40) size 290x20
          LayoutText {#text} at (0,0) size 290x10
            text run at (0,0) width 290: "l l l l l l l l l l l l"
          LayoutInline {SPAN} at (0,0) size 60x10
            LayoutText {#text} at (0,10) size 60x10
              text run at (0,10) width 60: "llllll"
          LayoutText {#text} at (0,0) size 0x0
        LayoutBlockFlow {DIV} at (0,60) size 290x20
          LayoutText {#text} at (0,0) size 290x10
            text run at (0,0) width 290: "l l l l l l l l l l l l"
          LayoutInline {SPAN} at (0,0) size 60x10
            LayoutText {#text} at (0,10) size 60x10
              text run at (0,10) width 60: "llllll"
          LayoutText {#text} at (0,0) size 0x0
        LayoutBlockFlow {DIV} at (0,80) size 290x20
          LayoutText {#text} at (0,0) size 290x10
            text run at (0,0) width 290: "l l l l l l l l l l l l"
          LayoutInline {SPAN} at (0,0) size 60x10
            LayoutText {#text} at (0,10) size 60x10
              text run at (0,10) width 60: "llllll"
          LayoutText {#text} at (0,0) size 0x0
        LayoutBlockFlow {DIV} at (0,100) size 290x20
          LayoutText {#text} at (0,0) size 290x10
            text run at (0,0) width 290: "l l l l l l l l l l l l"
          LayoutInline {SPAN} at (0,0) size 60x10
            LayoutText {#text} at (0,10) size 60x10
              text run at (0,10) width 60: "llllll"
          LayoutText {#text} at (0,0) size 0x0
        LayoutBlockFlow {DIV} at (0,120) size 290x20
          LayoutText {#text} at (0,0) size 290x10
            text run at (0,0) width 290: "l l l l l l l l l l l l"
          LayoutInline {SPAN} at (0,0) size 60x10
            LayoutText {#text} at (0,10) size 60x10
              text run at (0,10) width 60: "llllll"
          LayoutText {#text} at (0,0) size 0x0
        LayoutBlockFlow {DIV} at (0,140) size 290x20
          LayoutText {#text} at (0,0) size 290x10
            text run at (0,0) width 290: "l l l l l l l l l l l l"
          LayoutInline {SPAN} at (0,0) size 60x10
            LayoutText {#text} at (0,10) size 60x10
              text run at (0,10) width 60: "llllll"
          LayoutText {#text} at (0,0) size 0x0
        LayoutBlockFlow {DIV} at (0,160) size 290x20
          LayoutText {#text} at (0,0) size 290x10
            text run at (0,0) width 290: "l l l l l l l l l l l l"
          LayoutInline {SPAN} at (0,0) size 60x10
            LayoutText {#text} at (0,10) size 60x10
              text run at (0,10) width 60: "llllll"
          LayoutText {#text} at (0,0) size 0x0
        LayoutBlockFlow {DIV} at (0,180) size 290x20
          LayoutText {#text} at (0,0) size 290x10
            text run at (0,0) width 290: "l l l l l l l l l l l l"
          LayoutInline {SPAN} at (0,0) size 60x10
            LayoutText {#text} at (0,10) size 60x10
              text run at (0,10) width 60: "llllll"
          LayoutText {#text} at (0,0) size 0x0
        LayoutBlockFlow {DIV} at (0,200) size 290x20
          LayoutText {#text} at (0,0) size 290x10
            text run at (0,0) width 290: "l l l l l l l l l l l l"
          LayoutInline {SPAN} at (0,0) size 60x10
            LayoutText {#text} at (0,10) size 60x10
              text run at (0,10) width 60: "llllll"
          LayoutText {#text} at (0,0) size 0x0
        LayoutBlockFlow {DIV} at (0,220) size 290x20
          LayoutText {#text} at (0,0) size 290x10
            text run at (0,0) width 290: "l l l l l l l l l l l l"
          LayoutInline {SPAN} at (0,0) size 60x10
            LayoutText {#text} at (0,10) size 60x10
              text run at (0,10) width 60: "llllll"
          LayoutText {#text} at (0,0) size 0x0
        LayoutBlockFlow {DIV} at (0,240) size 290x20
          LayoutText {#text} at (0,0) size 290x10
            text run at (0,0) width 290: "l l l l l l l l l l l l"
          LayoutInline {SPAN} at (0,0) size 60x10
            LayoutText {#text} at (0,10) size 60x10
              text run at (0,10) width 60: "llllll"
          LayoutText {#text} at (0,0) size 0x0
