layer at (0,0) size 800x600
  LayoutView at (0,0) size 800x600
layer at (0,0) size 800x600
  LayoutBlockFlow {HTML} at (0,0) size 800x600
    LayoutBlockFlow {BODY} at (8,8) size 784x576
      LayoutBlockFlow {SECTION} at (0,0) size 784x96.91
        LayoutBlockFlow {H1} at (0,0) size 784x33
          LayoutText {#text} at (0,0) size 263x33
            text run at (0,0) width 263: "Webfont Synthetic Bold"
        LayoutBlockFlow {P} at (0,52.91) size 784x44
          LayoutText {#text} at (0,0) size 32x22
            text run at (0,0) width 32: "The "
          LayoutInline {B} at (0,0) size 153x22
            LayoutText {#text} at (31,0) size 153x22
              text run at (31,0) width 153: "bold part of this text"
          LayoutText {#text} at (183,0) size 743x44
            text run at (183,0) width 270: " as well as the header above should "
            text run at (452,0) width 291: "not be rendered nice and crisp without"
            text run at (0,22) width 145: "being overly blurry."
