layer at (0,0) size 800x600
  LayoutView at (0,0) size 800x600
layer at (0,0) size 800x148
  LayoutBlockFlow {HTML} at (0,0) size 800x148
    LayoutBlockFlow {BODY} at (8,13) size 784x127
      LayoutBlockFlow {PRE} at (0,0) size 784x48
        LayoutText {#text} at (0,0) size 168x48
          text run at (0,0) width 120: "table width=50%"
          text run at (120,0) width 0: " "
          text run at (0,16) width 96: "  td nowrap "
          text run at (96,16) width 0: " "
          text run at (0,32) width 168: "    input width=100% "
          text run at (168,32) width 0: " "
      LayoutTable {TABLE} at (0,61) size 392x46 [bgcolor=#C0C0C0] [border: (1px outset #808080)]
        LayoutTableSection {TBODY} at (1,1) size 390x44
          LayoutTableRow {TR} at (0,2) size 390x40
            LayoutTableCell {TD} at (2,2) size 386x40 [bgcolor=#AABBFF] [border: (1px inset #808080)] [r=0 c=0 rs=1 cs=1]
              LayoutTextControl {INPUT} at (9,9) size 372x22 [bgcolor=#FFFFFF] [border: (2px inset #EEEEEE)]
              LayoutText {#text} at (0,0) size 0x0
      LayoutBlockFlow (anonymous) at (0,107) size 784x20
        LayoutBR {BR} at (0,0) size 0x19
layer at (22,89) size 368x16
  LayoutBlockFlow {DIV} at (2,3) size 368x16
