layer at (0,0) size 800x600
  LayoutView at (0,0) size 800x600
layer at (0,0) size 800x600
  LayoutBlockFlow {HTML} at (0,0) size 800x600
    LayoutBlockFlow {BODY} at (8,8) size 784x584
      LayoutTable {TABLE} at (0,0) size 784x139
        LayoutTableSection {TBODY} at (0,0) size 784x139
          LayoutTableRow {TR} at (0,0) size 784x79
            LayoutTableCell {TD} at (0,0) size 784x79 [r=0 c=0 rs=1 cs=4]
              LayoutBR {BR} at (392,1) size 0x19
              LayoutInline {FONT} at (0,0) size 780x56
                LayoutText {#text} at (2,21) size 780x37
                  text run at (2,21) width 176: "The Supreme Court says "
                  text run at (178,21) width 533: "Wisconsin can continue using tuition vouchers to help poor parents send their "
                  text run at (711,21) width 71: "children to"
                  text run at (256,40) width 137: "church-run schools. "
                  text run at (392,40) width 136: "What's your stand? "
                LayoutBR {BR} at (527,55) size 1x0
                LayoutBR {BR} at (392,59) size 0x18
              LayoutText {#text} at (0,0) size 0x0
          LayoutTableRow {TR} at (0,79) size 784x18
            LayoutTableCell {TD} at (0,79) size 551x18 [r=1 c=0 rs=1 cs=1]
              LayoutInline {FONT} at (0,0) size 139x16
                LayoutText {#text} at (411,1) size 139x16
                  text run at (411,1) width 139: "I agree with the program"
              LayoutText {#text} at (0,0) size 0x0
            LayoutTableCell {TD} at (551,79) size 83x18 [r=1 c=1 rs=1 cs=1]
              LayoutBlockFlow {INPUT} at (6,4) size 13x13
          LayoutTableRow {TR} at (0,97) size 784x18
            LayoutTableCell {TD} at (0,97) size 551x18 [r=2 c=0 rs=1 cs=1]
              LayoutInline {FONT} at (0,0) size 150x16
                LayoutText {#text} at (400,1) size 150x16
                  text run at (400,1) width 150: "I think vouchers are wrong"
              LayoutText {#text} at (0,0) size 0x0
            LayoutTableCell {TD} at (551,97) size 83x18 [r=2 c=1 rs=1 cs=1]
              LayoutBlockFlow {INPUT} at (6,4) size 13x13
          LayoutTableRow {TR} at (0,115) size 784x24
            LayoutTableCell {TD} at (0,118) size 634x18 [r=3 c=0 rs=1 cs=2]
              LayoutInline {A} at (0,0) size 76x19 [color=#0000EE]
                LayoutInline {FONT} at (0,0) size 76x16
                  LayoutText {#text} at (279,1) size 76x16
                    text run at (279,1) width 76: "View Results"
              LayoutInline {FONT} at (0,0) size 1x16
                LayoutText {#text} at (0,0) size 0x0
            LayoutTableCell {TD} at (634,115) size 150x24 [r=3 c=2 rs=1 cs=2]
              LayoutButton {INPUT} at (55.50,1) size 39x22 [bgcolor=#C0C0C0] [border: (2px outset #C0C0C0)]
                LayoutBlockFlow (anonymous) at (8,3) size 23x16
                  LayoutText {#text} at (0,0) size 23x16
                    text run at (0,0) width 23: "vote"
              LayoutText {#text} at (0,0) size 0x0
