layer at (0,0) size 800x600
  LayoutView at (0,0) size 800x600
layer at (0,0) size 800x600
  LayoutBlockFlow {HTML} at (0,0) size 800x600
    LayoutBlockFlow {BODY} at (8,8) size 784x576
      LayoutBlockFlow {P} at (0,0) size 784x42
        LayoutBlockFlow (anonymous) at (0,0) size 784x16
          LayoutInline {CODE} at (0,0) size 248x16
            LayoutText {#text} at (0,0) size 248x16
              text run at (0,0) width 248: "<TABLE border=\"0\" frame=\"void\">"
          LayoutText {#text} at (0,0) size 0x0
        LayoutTable {TABLE} at (0,16) size 65x26
          LayoutTableSection {TBODY} at (0,0) size 65x26
            LayoutTableRow {TR} at (0,2) size 65x22
              LayoutTableCell {TD} at (2,2) size 26x22 [r=0 c=0 rs=1 cs=1]
                LayoutText {#text} at (1,1) size 24x19
                  text run at (1,1) width 24: "Left"
              LayoutTableCell {TD} at (30,2) size 33x22 [r=0 c=1 rs=1 cs=1]
                LayoutText {#text} at (1,1) size 31x19
                  text run at (1,1) width 31: "Right"
