layer at (0,0) size 800x600
  LayoutView at (0,0) size 800x600
layer at (0,0) size 800x600
  LayoutBlockFlow {HTML} at (0,0) size 800x600
    LayoutBlockFlow {BODY} at (8,8) size 784x584
      LayoutTable {TABLE} at (0,0) size 784x50 [bgcolor=#E2BF81] [border: (1px outset #808080)]
        LayoutTableSection {TBODY} at (1,1) size 782x48
          LayoutTableRow {TR} at (0,2) size 782x44
            LayoutTableCell {TD} at (2,12) size 34x24 [border: (1px inset #808080)] [r=0 c=0 rs=1 cs=1]
              LayoutText {#text} at (2,2) size 30x19
                text run at (2,2) width 30: "<td>"
            LayoutTableCell {TD} at (38,12) size 638x24 [border: (1px inset #808080)] [r=0 c=1 rs=1 cs=1]
              LayoutText {#text} at (2,2) size 123x19
                text run at (2,2) width 123: "<td width=\"100%\">"
            LayoutTableCell {TD} at (678,2) size 102x44 [border: (1px inset #808080)] [r=0 c=2 rs=1 cs=1]
              LayoutText {#text} at (2,2) size 98x39
                text run at (2,2) width 21: "<td"
                text run at (2,22) width 98: "width=\"100%\">"
