layer at (0,0) size 800x600
  LayoutView at (0,0) size 800x600
layer at (0,0) size 800x600
  LayoutBlockFlow {HTML} at (0,0) size 800x600
    LayoutBlockFlow {BODY} at (8,8) size 784x584
      LayoutBlockFlow (anonymous) at (0,0) size 784x20
        LayoutText {#text} at (0,0) size 4x19
          text run at (0,0) width 4: " "
      LayoutTable {TABLE} at (0,20) size 202x100 [border: (3px solid #0000BB)]
        LayoutBlockFlow {CAPTION} at (0,0) size 202x40
          LayoutText {#text} at (9,0) size 184x39
            text run at (9,0) width 184: "Testing BORDERCOLOR tag"
            text run at (23,20) width 156: "the border shood be blue."
        LayoutTableSection {TBODY} at (3,43) size 196x54
          LayoutTableRow {TR} at (0,2) size 196x24
            LayoutTableCell {TD} at (2,2) size 33x24 [border: (1px solid #0000BB)] [r=0 c=0 rs=1 cs=1]
              LayoutText {#text} at (2,2) size 29x19
                text run at (2,2) width 29: "mike"
            LayoutTableCell {TD} at (37,2) size 28x24 [border: (1px solid #0000BB)] [r=0 c=1 rs=1 cs=1]
              LayoutText {#text} at (2,2) size 24x19
                text run at (2,2) width 24: "was"
            LayoutTableCell {TD} at (67,2) size 30x24 [border: (1px solid #0000BB)] [r=0 c=2 rs=1 cs=1]
              LayoutText {#text} at (2,2) size 26x19
                text run at (2,2) width 26: "here"
            LayoutTableCell {TD} at (99,2) size 33x24 [border: (1px solid #0000BB)] [r=0 c=3 rs=1 cs=1]
              LayoutText {#text} at (2,2) size 29x19
                text run at (2,2) width 29: "mike"
            LayoutTableCell {TD} at (134,2) size 28x24 [border: (1px solid #0000BB)] [r=0 c=4 rs=1 cs=1]
              LayoutText {#text} at (2,2) size 24x19
                text run at (2,2) width 24: "was"
            LayoutTableCell {TD} at (164,2) size 30x24 [border: (1px solid #0000BB)] [r=0 c=5 rs=1 cs=1]
              LayoutText {#text} at (2,2) size 26x19
                text run at (2,2) width 26: "here"
          LayoutTableRow {TR} at (0,28) size 196x24
            LayoutTableCell {TD} at (2,28) size 33x24 [border: (1px solid #0000BB)] [r=1 c=0 rs=1 cs=1]
              LayoutText {#text} at (2,2) size 29x19
                text run at (2,2) width 29: "mike"
            LayoutTableCell {TD} at (37,28) size 28x24 [border: (1px solid #0000BB)] [r=1 c=1 rs=1 cs=1]
              LayoutText {#text} at (2,2) size 24x19
                text run at (2,2) width 24: "was"
            LayoutTableCell {TD} at (67,28) size 30x24 [border: (1px solid #0000BB)] [r=1 c=2 rs=1 cs=1]
              LayoutText {#text} at (2,2) size 26x19
                text run at (2,2) width 26: "here"
            LayoutTableCell {TD} at (99,28) size 33x24 [border: (1px solid #0000BB)] [r=1 c=3 rs=1 cs=1]
              LayoutText {#text} at (2,2) size 29x19
                text run at (2,2) width 29: "mike"
            LayoutTableCell {TD} at (134,28) size 28x24 [border: (1px solid #0000BB)] [r=1 c=4 rs=1 cs=1]
              LayoutText {#text} at (2,2) size 24x19
                text run at (2,2) width 24: "was"
            LayoutTableCell {TD} at (164,28) size 30x24 [border: (1px solid #0000BB)] [r=1 c=5 rs=1 cs=1]
              LayoutText {#text} at (2,2) size 26x19
                text run at (2,2) width 26: "here"
