layer at (0,0) size 800x600
  LayoutView at (0,0) size 800x600
layer at (0,0) size 800x600
  LayoutBlockFlow {HTML} at (0,0) size 800x600
    LayoutBlockFlow {BODY} at (8,8) size 784x584 [bgcolor=#C0C0C0]
      LayoutTable {TABLE} at (0,0) size 784x96 [border: (4px outset #808080)]
        LayoutTableSection {TBODY} at (4,4) size 776x88
          LayoutTableRow {TR} at (0,2) size 776x84
            LayoutTableCell {TD} at (2,23) size 726x42 [border: (1px inset #808080)] [r=0 c=0 rs=1 cs=1]
              LayoutTable {TABLE} at (2,2) size 92x38 [border: (5px outset #808080)]
                LayoutTableSection {TBODY} at (5,5) size 82x28
                  LayoutTableRow {TR} at (0,2) size 82x24
                    LayoutTableCell {TD} at (2,2) size 78x24 [border: (1px inset #808080)] [r=0 c=0 rs=1 cs=1]
                      LayoutText {#text} at (2,2) size 42x19
                        text run at (2,2) width 42: "This is "
                      LayoutText {#text} at (44,2) size 32x19
                        text run at (44,2) width 32: "cell 1"
            LayoutTableCell {TD} at (730,2) size 44x84 [border: (1px inset #808080)] [r=0 c=1 rs=1 cs=1]
              LayoutText {#text} at (2,2) size 40x79
                text run at (2,2) width 32: "Hello"
                text run at (2,22) width 40: "world!"
                text run at (2,42) width 32: "Hello"
                text run at (2,62) width 40: "world!"
