layer at (0,0) size 800x600
  LayoutView at (0,0) size 800x600
layer at (0,0) size 800x600
  LayoutBlockFlow {HTML} at (0,0) size 800x600
    LayoutBlockFlow {BODY} at (8,8) size 784x584
      LayoutTable {TABLE} at (0,0) size 74x86
        LayoutTableSection {TBODY} at (0,0) size 74x86
          LayoutTableRow {TR} at (0,2) size 74x40
            LayoutTableCell {TD} at (2,2) size 70x40 [r=0 c=0 rs=1 cs=1]
              LayoutText {#text} at (10,10) size 50x19
                text run at (10,10) width 50: "cell data"
          LayoutTableRow {TR} at (0,44) size 74x40
            LayoutTableCell {TD} at (2,44) size 70x40 [r=1 c=0 rs=1 cs=1]
              LayoutText {#text} at (10,10) size 50x19
                text run at (10,10) width 50: "cell data"
      LayoutBlockFlow (anonymous) at (0,86) size 784x20
        LayoutText {#text} at (0,0) size 29x19
          text run at (0,0) width 29: "10%"
