layer at (0,0) size 800x600
  LayoutView at (0,0) size 800x600
layer at (0,0) size 800x600
  LayoutBlockFlow {HTML} at (0,0) size 800x600
    LayoutBlockFlow {BODY} at (8,8) size 784x584
      LayoutTable {TABLE} at (0,0) size 77x583 [border: (1px outset #808080)]
        LayoutTableSection {TBODY} at (1,1) size 75x581
          LayoutTableRow {TR} at (0,0) size 75x407
            LayoutTableCell {TD} at (0,191) size 75x24 [border: (1px inset #808080)] [r=0 c=0 rs=1 cs=1]
              LayoutText {#text} at (2,2) size 71x19
                text run at (2,2) width 71: "height: 70%"
          LayoutTableRow {TR} at (0,407) size 75x174
            LayoutTableCell {TD} at (0,482) size 75x24 [border: (1px inset #808080)] [r=1 c=0 rs=1 cs=1]
              LayoutText {#text} at (2,2) size 71x19
                text run at (2,2) width 71: "height: 30%"
