layer at (0,0) size 800x600
  LayoutView at (0,0) size 800x600
layer at (0,0) size 800x600
  LayoutBlockFlow {HTML} at (0,0) size 800x600
    LayoutBlockFlow {BODY} at (8,8) size 784x584
      LayoutTable {TABLE} at (0,0) size 66x96 [border: (1px outset #808080)]
        LayoutBlockFlow {CAPTION} at (0,0) size 66x40 [color=#008000] [bgcolor=#FFFFE0]
          LayoutText {#text} at (6,0) size 58x39
            text run at (6,0) width 54: "Where is"
            text run at (4,20) width 58: "the table?"
        LayoutTableSection {THEAD} at (1,41) size 64x28
          LayoutTableRow {TR} at (0,2) size 64x24
            LayoutTableCell {TD} at (2,2) size 60x24 [border: (1px inset #808080)] [r=0 c=0 rs=1 cs=1]
              LayoutText {#text} at (2,2) size 45x19
                text run at (2,2) width 45: "Header"
        LayoutTableSection {TBODY} at (1,69) size 64x26
          LayoutTableRow {TR} at (0,0) size 64x24
            LayoutTableCell {TD} at (2,0) size 60x24 [border: (1px inset #808080)] [r=0 c=0 rs=1 cs=1]
              LayoutText {#text} at (2,2) size 56x19
                text run at (2,2) width 56: "Kibology"
      LayoutBlockFlow {HR} at (0,104) size 784x2 [border: (1px inset #EEEEEE)]
      LayoutTable {TABLE} at (0,114) size 66x56 [border: (1px outset #808080)]
        LayoutTableSection {THEAD} at (1,1) size 64x28
          LayoutTableRow {TR} at (0,2) size 64x24
            LayoutTableCell {TD} at (2,2) size 60x24 [border: (1px inset #808080)] [r=0 c=0 rs=1 cs=1]
              LayoutText {#text} at (2,2) size 45x19
                text run at (2,2) width 45: "Header"
        LayoutTableSection {TBODY} at (1,29) size 64x26
          LayoutTableRow {TR} at (0,0) size 64x24
            LayoutTableCell {TD} at (2,0) size 60x24 [border: (1px inset #808080)] [r=0 c=0 rs=1 cs=1]
              LayoutText {#text} at (2,2) size 56x19
                text run at (2,2) width 56: "Kibology"
      LayoutBlockFlow {HR} at (0,178) size 784x2 [border: (1px inset #EEEEEE)]
      LayoutTable {TABLE} at (0,188) size 66x96 [border: (1px outset #808080)]
        LayoutBlockFlow {CAPTION} at (0,0) size 66x40 [color=#008000] [bgcolor=#FFFFE0]
          LayoutText {#text} at (0,0) size 66x39
            text run at (0,0) width 66: "Here is the"
            text run at (18,20) width 30: "table"
        LayoutTableSection {THEAD} at (1,41) size 64x28
          LayoutTableRow {TR} at (0,2) size 64x24
            LayoutTableCell {TD} at (2,2) size 60x24 [border: (1px inset #808080)] [r=0 c=0 rs=1 cs=1]
              LayoutText {#text} at (2,2) size 45x19
                text run at (2,2) width 45: "Header"
        LayoutTableSection {TBODY} at (1,69) size 64x26
          LayoutTableRow {TR} at (0,0) size 64x24
            LayoutTableCell {TD} at (2,0) size 60x24 [border: (1px inset #808080)] [r=0 c=0 rs=1 cs=1]
              LayoutText {#text} at (2,2) size 56x19
                text run at (2,2) width 56: "Kibology"
      LayoutTable {TABLE} at (0,284) size 66x96 [border: (1px outset #808080)]
        LayoutTableSection {THEAD} at (1,41) size 64x28
          LayoutTableRow {TR} at (0,2) size 64x24
            LayoutTableCell {TD} at (2,2) size 60x24 [border: (1px inset #808080)] [r=0 c=0 rs=1 cs=1]
              LayoutText {#text} at (2,2) size 45x19
                text run at (2,2) width 45: "Header"
        LayoutBlockFlow {CAPTION} at (0,0) size 66x40 [color=#008000] [bgcolor=#FFFFE0]
          LayoutText {#text} at (6,0) size 58x39
            text run at (6,0) width 54: "Where is"
            text run at (4,20) width 58: "the table?"
        LayoutTableSection {TBODY} at (1,69) size 64x26
          LayoutTableRow {TR} at (0,0) size 64x24
            LayoutTableCell {TD} at (2,0) size 60x24 [border: (1px inset #808080)] [r=0 c=0 rs=1 cs=1]
              LayoutText {#text} at (2,2) size 56x19
                text run at (2,2) width 56: "Kibology"
      LayoutBlockFlow {HR} at (0,388) size 784x2 [border: (1px inset #EEEEEE)]
      LayoutTable {TABLE} at (0,398) size 66x56 [border: (1px outset #808080)]
        LayoutTableSection {THEAD} at (1,1) size 64x28
          LayoutTableRow {TR} at (0,2) size 64x24
            LayoutTableCell {TD} at (2,2) size 60x24 [border: (1px inset #808080)] [r=0 c=0 rs=1 cs=1]
              LayoutText {#text} at (2,2) size 45x19
                text run at (2,2) width 45: "Header"
        LayoutTableSection {TBODY} at (1,29) size 64x26
          LayoutTableRow {TR} at (0,0) size 64x24
            LayoutTableCell {TD} at (2,0) size 60x24 [border: (1px inset #808080)] [r=0 c=0 rs=1 cs=1]
              LayoutText {#text} at (2,2) size 56x19
                text run at (2,2) width 56: "Kibology"
      LayoutBlockFlow {HR} at (0,462) size 784x2 [border: (1px inset #EEEEEE)]
      LayoutTable {TABLE} at (0,472) size 66x96 [border: (1px outset #808080)]
        LayoutTableSection {THEAD} at (1,41) size 64x28
          LayoutTableRow {TR} at (0,2) size 64x24
            LayoutTableCell {TD} at (2,2) size 60x24 [border: (1px inset #808080)] [r=0 c=0 rs=1 cs=1]
              LayoutText {#text} at (2,2) size 45x19
                text run at (2,2) width 45: "Header"
        LayoutBlockFlow {CAPTION} at (0,0) size 66x40 [color=#008000] [bgcolor=#FFFFE0]
          LayoutText {#text} at (0,0) size 66x39
            text run at (0,0) width 66: "Here is the"
            text run at (18,20) width 30: "table"
        LayoutTableSection {TBODY} at (1,69) size 64x26
          LayoutTableRow {TR} at (0,0) size 64x24
            LayoutTableCell {TD} at (2,0) size 60x24 [border: (1px inset #808080)] [r=0 c=0 rs=1 cs=1]
              LayoutText {#text} at (2,2) size 56x19
                text run at (2,2) width 56: "Kibology"
