layer at (0,0) size 800x600
  LayoutView at (0,0) size 800x600
layer at (0,0) size 800x600
  LayoutBlockFlow {HTML} at (0,0) size 800x600
    LayoutBlockFlow {BODY} at (8,8) size 784x584
      LayoutBlockFlow {P} at (0,0) size 784x20
        LayoutText {#text} at (0,0) size 458x19
          text run at (0,0) width 458: "Using a 10px wide transparent gif with td width=\"10\" in the middle column..."
      LayoutTable {TABLE} at (0,36) size 676x224 [border: (1px outset #808080)]
        LayoutTableSection {TBODY} at (1,1) size 674x222
          LayoutTableRow {TR} at (0,0) size 674x222
            LayoutTableCell {TD} at (0,0) size 331x222 [border: (1px inset #808080)] [r=0 c=0 rs=1 cs=1]
              LayoutInline {A} at (0,0) size 329x19 [color=#0000EE]
                LayoutImage {IMG} at (1,1) size 329x220
            LayoutTableCell {TD} at (331,109) size 12x3 [border: (1px inset #808080)] [r=0 c=1 rs=1 cs=1]
              LayoutImage {IMG} at (1,1) size 10x1
            LayoutTableCell {TD} at (343,0) size 331x222 [border: (1px inset #808080)] [r=0 c=2 rs=1 cs=1]
              LayoutInline {A} at (0,0) size 329x19 [color=#0000EE]
                LayoutImage {IMG} at (1,1) size 329x220
