layer at (0,0) size 800x600
  LayoutView at (0,0) size 800x600
layer at (0,0) size 800x600
  LayoutBlockFlow {HTML} at (0,0) size 800x600
    LayoutBlockFlow {BODY} at (8,8) size 784x584
      LayoutTable {TABLE} at (0,0) size 450x52
        LayoutTableSection {TBODY} at (0,0) size 450x52
          LayoutTableRow {TR} at (0,2) size 450x48
            LayoutTableCell {TD} at (2,2) size 446x48 [r=0 c=0 rs=1 cs=1]
              LayoutBlockFlow (anonymous) at (1,1) size 444x20
                LayoutTable (floating) {TABLE} at (0,0) size 444x20 [bgcolor=#FFFF00]
                  LayoutTableSection {TBODY} at (0,0) size 444x20
                    LayoutTableRow {TR} at (0,0) size 444x20
                      LayoutTableCell {TD} at (0,0) size 444x20 [r=0 c=0 rs=1 cs=1]
                        LayoutInline {FONT} at (0,0) size 10x16
                          LayoutText {#text} at (2,2) size 10x16
                            text run at (2,2) width 10: "In"
                        LayoutText {#text} at (0,0) size 0x0
                LayoutBR {BR} at (0,0) size 0x19
              LayoutTable {TABLE} at (1,21) size 439x26 [bgcolor=#FF00FF]
                LayoutTableSection {TBODY} at (0,0) size 439x26
                  LayoutTableRow {TR} at (0,2) size 439x22
                    LayoutTableCell {TD} at (2,2) size 435x22 [r=0 c=0 rs=1 cs=1]
                      LayoutText {#text} at (1,1) size 118x19
                        text run at (1,1) width 118: "Shop Till You Drop"
