layer at (0,0) size 800x600
  LayoutView at (0,0) size 800x600
layer at (0,0) size 800x600
  LayoutBlockFlow {HTML} at (0,0) size 800x600
    LayoutBlockFlow {BODY} at (8,8) size 784x584 [bgcolor=#FFFFFF]
      LayoutBlockFlow {H4} at (0,0) size 784x20
        LayoutText {#text} at (0,0) size 154x19
          text run at (0,0) width 154: "Testcase distilled from "
        LayoutInline {A} at (0,0) size 155x19 [color=#0000EE]
          LayoutText {#text} at (153,0) size 155x19
            text run at (153,0) width 155: "http://www.weather.com"
      LayoutTable {TABLE} at (0,41.27) size 450x214
        LayoutTableSection {TBODY} at (0,0) size 450x214
          LayoutTableRow {TR} at (0,0) size 450x29
            LayoutTableCell {TD} at (0,0) size 325x17 [r=0 c=0 rs=1 cs=3]
              LayoutImage {IMG} at (0,0) size 318x17
            LayoutTableCell {TD} at (325,0) size 125x214 [r=0 c=3 rs=2 cs=1]
              LayoutTable {TABLE} at (0,0) size 125x214 [bgcolor=#E0EBF5]
                LayoutTableSection {TBODY} at (0,0) size 125x214
                  LayoutTableRow {TR} at (0,0) size 125x214
                    LayoutTableCell {TD} at (0,0) size 125x214 [r=0 c=0 rs=1 cs=1]
                      LayoutImage {IMG} at (0,0) size 125x34
                      LayoutBR {BR} at (125,34) size 0x0
                      LayoutText {#text} at (0,34) size 113x39
                        text run at (0,34) width 113: "Jose moving out to"
                        text run at (0,54) width 20: "sea"
                      LayoutBR {BR} at (20,69) size 0x0
                      LayoutBR {BR} at (0,74) size 0x19
                      LayoutBR {BR} at (0,94) size 0x19
                      LayoutBR {BR} at (0,114) size 0x19
                      LayoutBR {BR} at (0,134) size 0x19
                      LayoutBR {BR} at (0,154) size 0x19
                      LayoutBR {BR} at (0,174) size 0x19
                      LayoutBR {BR} at (0,194) size 0x19
          LayoutTableRow {TR} at (0,29) size 450x185
            LayoutTableCell {TD} at (0,29) size 167x105 [r=1 c=0 rs=1 cs=1]
              LayoutImage {IMG} at (0,0) size 167x105
              LayoutText {#text} at (0,0) size 0x0
            LayoutTableCell {TD} at (167,111) size 4x20 [r=1 c=1 rs=1 cs=1]
              LayoutText {#text} at (0,0) size 4x19
                text run at (0,0) width 4: " "
            LayoutTableCell {TD} at (171,29) size 154x80 [r=1 c=2 rs=1 cs=1]
              LayoutInline {FONT} at (0,0) size 145x80
                LayoutInline {B} at (0,0) size 68x16
                  LayoutText {#text} at (0,0) size 68x16
                    text run at (0,0) width 68: "Chilly time"
                LayoutBR {BR} at (68,13) size 0x0
                LayoutText {#text} at (0,16) size 145x64
                  text run at (0,16) width 117: "Though the calendar"
                  text run at (0,32) width 120: "disagrees, the feel of"
                  text run at (0,48) width 145: "winter is in the air across"
                  text run at (0,64) width 103: "much of the East."
              LayoutText {#text} at (0,0) size 0x0
