layer at (0,0) size 800x600
  LayoutView at (0,0) size 800x600
layer at (0,0) size 800x600
  LayoutBlockFlow {HTML} at (0,0) size 800x600
    LayoutBlockFlow {BODY} at (8,8) size 784x584 [bgcolor=#C0C0C0]
      LayoutTable {TABLE} at (0,0) size 784x58 [border: (5px outset #808080)]
        LayoutTableSection {TBODY} at (5,5) size 774x48
          LayoutTableRow {TR} at (0,2) size 774x44
            LayoutTableCell {TD} at (2,5) size 696x38 [border: (1px inset #808080)] [r=0 c=0 rs=1 cs=1]
              LayoutTable {TABLE} at (2,2) size 692x34 [border: (3px outset #808080)]
                LayoutTableSection {TBODY} at (3,3) size 686x28
                  LayoutTableRow {TR} at (0,2) size 686x24
                    LayoutTableCell {TD} at (2,2) size 682x24 [border: (1px inset #808080)] [r=0 c=0 rs=1 cs=1]
                      LayoutText {#text} at (2,2) size 4x19
                        text run at (2,2) width 4: " "
            LayoutTableCell {TD} at (700,2) size 72x44 [border: (1px inset #808080)] [r=0 c=1 rs=1 cs=1]
              LayoutText {#text} at (2,2) size 58x39
                text run at (2,2) width 38: "This is"
                text run at (2,22) width 58: "some text"
      LayoutBlockFlow (anonymous) at (0,58) size 784x20
        LayoutBR {BR} at (0,0) size 0x19
      LayoutTable {TABLE} at (0,78) size 784x58 [border: (5px outset #808080)]
        LayoutTableSection {TBODY} at (5,5) size 774x48
          LayoutTableRow {TR} at (0,2) size 774x44
            LayoutTableCell {TD} at (2,5) size 696x38 [border: (1px inset #808080)] [r=0 c=0 rs=1 cs=1]
              LayoutTable {TABLE} at (2,2) size 692x34 [border: (3px outset #808080)]
                LayoutTableSection {TBODY} at (3,3) size 686x28
                  LayoutTableRow {TR} at (0,2) size 686x24
                    LayoutTableCell {TD} at (2,2) size 682x24 [border: (1px inset #808080)] [r=0 c=0 rs=1 cs=1]
                      LayoutText {#text} at (2,2) size 4x19
                        text run at (2,2) width 4: " "
            LayoutTableCell {TD} at (700,2) size 72x44 [border: (1px inset #808080)] [r=0 c=1 rs=1 cs=1]
              LayoutText {#text} at (2,2) size 58x39
                text run at (2,2) width 38: "This is"
                text run at (2,22) width 58: "some text"
