layer at (0,0) size 800x600
  LayoutView at (0,0) size 800x600
layer at (0,0) size 800x600
  LayoutBlockFlow {HTML} at (0,0) size 800x600
    LayoutBlockFlow {BODY} at (8,8) size 784x584
      LayoutBlockFlow (anonymous) at (0,0) size 784x40
        LayoutText {#text} at (0,0) size 246x19
          text run at (0,0) width 246: "Tables: both lines should be 1 pixel thick."
        LayoutBR {BR} at (245,15) size 1x0
        LayoutBR {BR} at (0,20) size 0x19
      LayoutTable {TABLE} at (0,40) size 36x5
        LayoutTableSection {TBODY} at (0,0) size 36x5
          LayoutTableRow {TR} at (0,2) size 36x1
            LayoutTableCell {TD} at (2,2) size 30x1 [bgcolor=#FF0000] [r=0 c=0 rs=1 cs=1]
              LayoutImage {IMG} at (0,0) size 30x1
            LayoutTableCell {TD} at (34,2) size 0x0 [r=0 c=1 rs=1 cs=1]
      LayoutBlockFlow (anonymous) at (0,45) size 784x20
        LayoutBR {BR} at (0,0) size 0x19
      LayoutTable {TABLE} at (0,65) size 34x5
        LayoutTableSection {TBODY} at (0,0) size 34x5
          LayoutTableRow {TR} at (0,2) size 34x1
            LayoutTableCell {TD} at (2,2) size 30x1 [bgcolor=#FF0000] [r=0 c=0 rs=1 cs=1]
              LayoutImage {IMG} at (0,0) size 30x1
      LayoutBlockFlow (anonymous) at (0,70) size 784x192
        LayoutBR {BR} at (0,0) size 0x19
        LayoutBR {BR} at (0,20) size 0x19
        LayoutBR {BR} at (0,40) size 0x19
        LayoutText {#text} at (0,60) size 378x19
          text run at (0,60) width 207: "2 texts, FACE=\"Arial, Helvetica\", "
          text run at (206,60) width 172: "1st at size=0, 2nd at size=-4"
        LayoutBR {BR} at (377,75) size 1x0
        LayoutBR {BR} at (0,80) size 0x19
        LayoutInline {FONT} at (0,0) size 104x26
          LayoutText {#text} at (0,100) size 104x13
            text run at (0,100) width 104: "Detonator 3.53 Drivers"
          LayoutBR {BR} at (104,110) size 0x0
          LayoutText {#text} at (0,113) size 78x13
            text run at (0,113) width 78: "Available NOW! "
        LayoutBR {BR} at (77,123) size 1x0
        LayoutBR {BR} at (0,126) size 0x19
        LayoutInline {FONT} at (0,0) size 104x26
          LayoutText {#text} at (0,146) size 104x13
            text run at (0,146) width 104: "Detonator 3.53 Drivers"
          LayoutBR {BR} at (104,156) size 0x0
          LayoutText {#text} at (0,159) size 78x13
            text run at (0,159) width 78: "Available NOW! "
        LayoutBR {BR} at (77,169) size 1x0
        LayoutBR {BR} at (0,172) size 0x19
