layer at (0,0) size 800x600 clip at (0,0) size 785x600 scrollHeight 1813
  LayoutView at (0,0) size 800x600
layer at (0,0) size 785x1813 backgroundClip at (0,0) size 785x600 clip at (0,0) size 785x600
  LayoutBlockFlow {HTML} at (0,0) size 785x1813
    LayoutBlockFlow {BODY} at (8,8) size 769x584
      LayoutText {#text} at (0,0) size 20x19
        text run at (0,0) width 20: "foo"
      LayoutTable (floating) {TABLE} at (653,0) size 116x1805
        LayoutTableSection {TBODY} at (0,0) size 116x1805
          LayoutTableRow {TR} at (0,2) size 116x998
            LayoutTableCell {TD} at (2,2) size 112x82 [r=0 c=0 rs=1 cs=1]
              LayoutBR {BR} at (1,1) size 0x19
              LayoutText {#text} at (1,21) size 95x59
                text run at (1,21) width 82: "Create a cool"
                text run at (1,41) width 95: "home page with"
                text run at (1,61) width 18: "the"
          LayoutTableRow {TR} at (0,1002) size 116x801
            LayoutTableCell {TD} at (2,1002) size 112x62 [r=1 c=0 rs=1 cs=1]
              LayoutBR {BR} at (1,1) size 0x19
              LayoutText {#text} at (1,21) size 86x39
                text run at (1,21) width 84: "Get organized"
                text run at (1,41) width 86: "online with the"
      LayoutText {#text} at (0,0) size 0x0
