layer at (0,0) size 800x600 clip at (0,0) size 785x600 scrollHeight 1054
  LayoutView at (0,0) size 800x600
layer at (0,0) size 785x1054 backgroundClip at (0,0) size 785x600 clip at (0,0) size 785x600
  LayoutBlockFlow {HTML} at (0,0) size 785x1054
    LayoutBlockFlow {BODY} at (8,8) size 769x1038
      LayoutBlockFlow (anonymous) at (0,0) size 769x20
        LayoutInline {FONT} at (0,0) size 102x19
          LayoutText {#text} at (0,0) size 91x19
            text run at (0,0) width 91: "same line as X "
          LayoutInline {A} at (0,0) size 11x19
            LayoutText {#text} at (91,0) size 11x19
              text run at (91,0) width 11: "X"
      LayoutBlockFlow (anonymous) at (0,20) size 769x30
        LayoutTable {TABLE} at (0,0) size 53x30 [border: (1px outset #808080)]
          LayoutTableSection {TBODY} at (1,1) size 51x28
            LayoutTableRow {TR} at (0,2) size 51x24
              LayoutTableCell {TD} at (2,2) size 47x24 [border: (1px inset #808080)] [r=0 c=0 rs=1 cs=1]
                LayoutText {#text} at (2,2) size 43x19
                  text run at (2,2) width 43: "table-1"
      LayoutBlockFlow (anonymous) at (0,50) size 769x20
        LayoutInline {FONT} at (0,0) size 9x19
          LayoutInline {A} at (0,0) size 9x19
            LayoutText {#text} at (0,0) size 9x19
              text run at (0,0) width 9: "Z"
          LayoutInline {FONT} at (0,0) size 0x19
            LayoutText {#text} at (0,0) size 0x0
      LayoutBlockFlow (anonymous) at (0,78) size 769x2
        LayoutBlockFlow {HR} at (0,0) size 769x2 [border: (1px inset #EEEEEE)]
      LayoutBlockFlow (anonymous) at (0,88) size 769x20
        LayoutInline {FONT} at (0,0) size 102x19
          LayoutInline {FONT} at (0,0) size 102x19
            LayoutInline {FONT} at (0,0) size 102x19
              LayoutInline {A} at (0,0) size 11x19
                LayoutText {#text} at (0,0) size 11x19
                  text run at (0,0) width 11: "X"
              LayoutText {#text} at (11,0) size 91x19
                text run at (11,0) width 91: " same line as X"
      LayoutBlockFlow (anonymous) at (0,108) size 769x30
        LayoutTable {TABLE} at (0,0) size 53x30 [border: (1px outset #808080)]
          LayoutTableSection {TBODY} at (1,1) size 51x28
            LayoutTableRow {TR} at (0,2) size 51x24
              LayoutTableCell {TD} at (2,2) size 47x24 [border: (1px inset #808080)] [r=0 c=0 rs=1 cs=1]
                LayoutText {#text} at (2,2) size 43x19
                  text run at (2,2) width 43: "table-2"
      LayoutBlockFlow (anonymous) at (0,138) size 769x20
        LayoutInline {FONT} at (0,0) size 9x19
          LayoutInline {FONT} at (0,0) size 9x19
            LayoutInline {FONT} at (0,0) size 9x19
              LayoutInline {A} at (0,0) size 9x19
                LayoutText {#text} at (0,0) size 9x19
                  text run at (0,0) width 9: "Z"
              LayoutInline {FONT} at (0,0) size 0x19
                LayoutText {#text} at (0,0) size 0x0
      LayoutBlockFlow (anonymous) at (0,166) size 769x2
        LayoutBlockFlow {HR} at (0,0) size 769x2 [border: (1px inset #EEEEEE)]
      LayoutBlockFlow (anonymous) at (0,176) size 769x20
        LayoutInline {FONT} at (0,0) size 11x19
          LayoutInline {FONT} at (0,0) size 11x19
            LayoutInline {FONT} at (0,0) size 11x19
              LayoutInline {FONT} at (0,0) size 11x19
                LayoutInline {FONT} at (0,0) size 11x19
                  LayoutInline {A} at (0,0) size 11x19
                    LayoutText {#text} at (0,0) size 11x19
                      text run at (0,0) width 11: "X"
      LayoutBlockFlow (anonymous) at (0,196) size 769x30
        LayoutTable {TABLE} at (0,0) size 53x30 [border: (1px outset #808080)]
          LayoutTableSection {TBODY} at (1,1) size 51x28
            LayoutTableRow {TR} at (0,2) size 51x24
              LayoutTableCell {TD} at (2,2) size 47x24 [border: (1px inset #808080)] [r=0 c=0 rs=1 cs=1]
                LayoutText {#text} at (2,2) size 43x19
                  text run at (2,2) width 43: "table-3"
      LayoutBlockFlow (anonymous) at (0,226) size 769x20
        LayoutInline {FONT} at (0,0) size 98x19
          LayoutInline {FONT} at (0,0) size 98x19
            LayoutInline {FONT} at (0,0) size 98x19
              LayoutInline {FONT} at (0,0) size 98x19
                LayoutInline {FONT} at (0,0) size 98x19
                  LayoutText {#text} at (0,0) size 89x19
                    text run at (0,0) width 89: "same line as Z "
                  LayoutInline {A} at (0,0) size 9x19
                    LayoutText {#text} at (89,0) size 9x19
                      text run at (89,0) width 9: "Z"
                  LayoutInline {FONT} at (0,0) size 0x19
                    LayoutText {#text} at (0,0) size 0x0
      LayoutBlockFlow (anonymous) at (0,254) size 769x2
        LayoutBlockFlow {HR} at (0,0) size 769x2 [border: (1px inset #EEEEEE)]
      LayoutBlockFlow (anonymous) at (0,264) size 769x20
        LayoutInline {FONT} at (0,0) size 96x19
          LayoutInline {FONT} at (0,0) size 96x19
            LayoutInline {FONT} at (0,0) size 96x19
              LayoutInline {FONT} at (0,0) size 96x19
                LayoutInline {FONT} at (0,0) size 96x19
                  LayoutInline {FONT} at (0,0) size 96x19
                    LayoutInline {FONT} at (0,0) size 96x19
                      LayoutText {#text} at (0,0) size 96x19
                        text run at (0,0) width 96: "line before table"
      LayoutBlockFlow (anonymous) at (0,284) size 769x30
        LayoutTable {TABLE} at (0,0) size 53x30 [border: (1px outset #808080)]
          LayoutTableSection {TBODY} at (1,1) size 51x28
            LayoutTableRow {TR} at (0,2) size 51x24
              LayoutTableCell {TD} at (2,2) size 47x24 [border: (1px inset #808080)] [r=0 c=0 rs=1 cs=1]
                LayoutText {#text} at (2,2) size 43x19
                  text run at (2,2) width 43: "table-4"
      LayoutBlockFlow (anonymous) at (0,314) size 769x20
        LayoutInline {FONT} at (0,0) size 9x19
          LayoutInline {FONT} at (0,0) size 9x19
            LayoutInline {FONT} at (0,0) size 9x19
              LayoutInline {FONT} at (0,0) size 9x19
                LayoutInline {FONT} at (0,0) size 9x19
                  LayoutInline {FONT} at (0,0) size 9x19
                    LayoutInline {FONT} at (0,0) size 9x19
                      LayoutInline {A} at (0,0) size 9x19
                        LayoutText {#text} at (0,0) size 9x19
                          text run at (0,0) width 9: "Z"
                      LayoutInline {FONT} at (0,0) size 0x19
                        LayoutText {#text} at (0,0) size 0x0
      LayoutBlockFlow (anonymous) at (0,342) size 769x2
        LayoutBlockFlow {HR} at (0,0) size 769x2 [border: (1px inset #EEEEEE)]
      LayoutBlockFlow (anonymous) at (0,352) size 769x0
        LayoutInline {FONT} at (0,0) size 0x0
          LayoutInline {FONT} at (0,0) size 0x0
            LayoutInline {FONT} at (0,0) size 0x0
              LayoutInline {FONT} at (0,0) size 0x0
                LayoutInline {FONT} at (0,0) size 0x0
                  LayoutInline {FONT} at (0,0) size 0x0
                    LayoutInline {FONT} at (0,0) size 0x0
                      LayoutInline {FONT} at (0,0) size 0x0
                        LayoutInline {FONT} at (0,0) size 0x0
      LayoutBlockFlow (anonymous) at (0,352) size 769x30
        LayoutTable {TABLE} at (0,0) size 53x30 [border: (1px outset #808080)]
          LayoutTableSection {TBODY} at (1,1) size 51x28
            LayoutTableRow {TR} at (0,2) size 51x24
              LayoutTableCell {TD} at (2,2) size 47x24 [border: (1px inset #808080)] [r=0 c=0 rs=1 cs=1]
                LayoutText {#text} at (2,2) size 43x19
                  text run at (2,2) width 43: "table-5"
      LayoutBlockFlow (anonymous) at (0,382) size 769x20
        LayoutInline {FONT} at (0,0) size 97x19
          LayoutInline {FONT} at (0,0) size 97x19
            LayoutInline {FONT} at (0,0) size 97x19
              LayoutInline {FONT} at (0,0) size 97x19
                LayoutInline {FONT} at (0,0) size 97x19
                  LayoutInline {FONT} at (0,0) size 97x19
                    LayoutInline {FONT} at (0,0) size 97x19
                      LayoutInline {FONT} at (0,0) size 97x19
                        LayoutInline {FONT} at (0,0) size 97x19
                          LayoutText {#text} at (0,0) size 88x19
                            text run at (0,0) width 88: "line after table "
                          LayoutInline {A} at (0,0) size 9x19
                            LayoutText {#text} at (88,0) size 9x19
                              text run at (88,0) width 9: "Z"
                          LayoutInline {FONT} at (0,0) size 0x19
                            LayoutText {#text} at (0,0) size 0x0
      LayoutBlockFlow (anonymous) at (0,410) size 769x2
        LayoutBlockFlow {HR} at (0,0) size 769x2 [border: (1px inset #EEEEEE)]
      LayoutBlockFlow (anonymous) at (0,420) size 769x20
        LayoutInline {FONT} at (0,0) size 96x19
          LayoutInline {FONT} at (0,0) size 96x19
            LayoutInline {FONT} at (0,0) size 96x19
              LayoutInline {FONT} at (0,0) size 96x19
                LayoutInline {FONT} at (0,0) size 96x19
                  LayoutInline {FONT} at (0,0) size 96x19
                    LayoutInline {FONT} at (0,0) size 96x19
                      LayoutInline {FONT} at (0,0) size 96x19
                        LayoutInline {FONT} at (0,0) size 96x19
                          LayoutInline {FONT} at (0,0) size 96x19
                            LayoutInline {FONT} at (0,0) size 96x19
                              LayoutText {#text} at (0,0) size 96x19
                                text run at (0,0) width 96: "line before table"
      LayoutBlockFlow (anonymous) at (0,440) size 769x30
        LayoutTable {TABLE} at (0,0) size 53x30 [border: (1px outset #808080)]
          LayoutTableSection {TBODY} at (1,1) size 51x28
            LayoutTableRow {TR} at (0,2) size 51x24
              LayoutTableCell {TD} at (2,2) size 47x24 [border: (1px inset #808080)] [r=0 c=0 rs=1 cs=1]
                LayoutText {#text} at (2,2) size 43x19
                  text run at (2,2) width 43: "table-6"
      LayoutBlockFlow (anonymous) at (0,470) size 769x0
        LayoutInline {FONT} at (0,0) size 0x0
          LayoutInline {FONT} at (0,0) size 0x0
            LayoutInline {FONT} at (0,0) size 0x0
              LayoutInline {FONT} at (0,0) size 0x0
                LayoutInline {FONT} at (0,0) size 0x0
                  LayoutInline {FONT} at (0,0) size 0x0
                    LayoutInline {FONT} at (0,0) size 0x0
                      LayoutInline {FONT} at (0,0) size 0x0
                        LayoutInline {FONT} at (0,0) size 0x0
                          LayoutInline {FONT} at (0,0) size 0x0
                            LayoutInline {FONT} at (0,0) size 0x0
                              LayoutInline {FONT} at (0,0) size 0x0
                                LayoutText {#text} at (0,0) size 0x0
      LayoutBlockFlow (anonymous) at (0,478) size 769x2
        LayoutBlockFlow {HR} at (0,0) size 769x2 [border: (1px inset #EEEEEE)]
      LayoutBlockFlow (anonymous) at (0,488) size 769x0
        LayoutInline {FONT} at (0,0) size 0x0
          LayoutInline {FONT} at (0,0) size 0x0
            LayoutInline {FONT} at (0,0) size 0x0
              LayoutInline {FONT} at (0,0) size 0x0
                LayoutInline {FONT} at (0,0) size 0x0
                  LayoutInline {FONT} at (0,0) size 0x0
                    LayoutInline {FONT} at (0,0) size 0x0
                      LayoutInline {FONT} at (0,0) size 0x0
                        LayoutInline {FONT} at (0,0) size 0x0
                          LayoutInline {FONT} at (0,0) size 0x0
                            LayoutInline {FONT} at (0,0) size 0x0
                              LayoutInline {FONT} at (0,0) size 0x0
                                LayoutInline {FONT} at (0,0) size 0x0
      LayoutBlockFlow (anonymous) at (0,488) size 769x20
        LayoutBlockFlow {DIV} at (0,0) size 769x20
          LayoutText {#text} at (0,0) size 76x19
            text run at (0,0) width 76: "div before X"
      LayoutBlockFlow (anonymous) at (0,508) size 769x20
        LayoutInline {FONT} at (0,0) size 11x19
          LayoutInline {FONT} at (0,0) size 11x19
            LayoutInline {FONT} at (0,0) size 11x19
              LayoutInline {FONT} at (0,0) size 11x19
                LayoutInline {FONT} at (0,0) size 11x19
                  LayoutInline {FONT} at (0,0) size 11x19
                    LayoutInline {FONT} at (0,0) size 11x19
                      LayoutInline {FONT} at (0,0) size 11x19
                        LayoutInline {FONT} at (0,0) size 11x19
                          LayoutInline {FONT} at (0,0) size 11x19
                            LayoutInline {FONT} at (0,0) size 11x19
                              LayoutInline {FONT} at (0,0) size 11x19
                                LayoutInline {FONT} at (0,0) size 11x19
                                  LayoutInline {A} at (0,0) size 11x19
                                    LayoutText {#text} at (0,0) size 11x19
                                      text run at (0,0) width 11: "X"
      LayoutBlockFlow (anonymous) at (0,528) size 769x30
        LayoutTable {TABLE} at (0,0) size 53x30 [border: (1px outset #808080)]
          LayoutTableSection {TBODY} at (1,1) size 51x28
            LayoutTableRow {TR} at (0,2) size 51x24
              LayoutTableCell {TD} at (2,2) size 47x24 [border: (1px inset #808080)] [r=0 c=0 rs=1 cs=1]
                LayoutText {#text} at (2,2) size 43x19
                  text run at (2,2) width 43: "table-7"
      LayoutBlockFlow (anonymous) at (0,558) size 769x20
        LayoutInline {FONT} at (0,0) size 9x19
          LayoutInline {FONT} at (0,0) size 9x19
            LayoutInline {FONT} at (0,0) size 9x19
              LayoutInline {FONT} at (0,0) size 9x19
                LayoutInline {FONT} at (0,0) size 9x19
                  LayoutInline {FONT} at (0,0) size 9x19
                    LayoutInline {FONT} at (0,0) size 9x19
                      LayoutInline {FONT} at (0,0) size 9x19
                        LayoutInline {FONT} at (0,0) size 9x19
                          LayoutInline {FONT} at (0,0) size 9x19
                            LayoutInline {FONT} at (0,0) size 9x19
                              LayoutInline {FONT} at (0,0) size 9x19
                                LayoutInline {FONT} at (0,0) size 9x19
                                  LayoutInline {A} at (0,0) size 9x19
                                    LayoutText {#text} at (0,0) size 9x19
                                      text run at (0,0) width 9: "Z"
                                  LayoutInline {FONT} at (0,0) size 0x19
                                    LayoutText {#text} at (0,0) size 0x0
      LayoutBlockFlow (anonymous) at (0,586) size 769x2
        LayoutBlockFlow {HR} at (0,0) size 769x2 [border: (1px inset #EEEEEE)]
      LayoutBlockFlow (anonymous) at (0,596) size 769x20
        LayoutInline {FONT} at (0,0) size 11x19
          LayoutInline {FONT} at (0,0) size 11x19
            LayoutInline {FONT} at (0,0) size 11x19
              LayoutInline {FONT} at (0,0) size 11x19
                LayoutInline {FONT} at (0,0) size 11x19
                  LayoutInline {FONT} at (0,0) size 11x19
                    LayoutInline {FONT} at (0,0) size 11x19
                      LayoutInline {FONT} at (0,0) size 11x19
                        LayoutInline {FONT} at (0,0) size 11x19
                          LayoutInline {FONT} at (0,0) size 11x19
                            LayoutInline {FONT} at (0,0) size 11x19
                              LayoutInline {FONT} at (0,0) size 11x19
                                LayoutInline {FONT} at (0,0) size 11x19
                                  LayoutInline {FONT} at (0,0) size 11x19
                                    LayoutInline {FONT} at (0,0) size 11x19
                                      LayoutInline {A} at (0,0) size 11x19
                                        LayoutText {#text} at (0,0) size 11x19
                                          text run at (0,0) width 11: "X"
      LayoutBlockFlow (anonymous) at (0,616) size 769x50
        LayoutBlockFlow {DIV} at (0,0) size 769x20
          LayoutText {#text} at (0,0) size 94x19
            text run at (0,0) width 94: "div before table"
        LayoutTable {TABLE} at (0,20) size 53x30 [border: (1px outset #808080)]
          LayoutTableSection {TBODY} at (1,1) size 51x28
            LayoutTableRow {TR} at (0,2) size 51x24
              LayoutTableCell {TD} at (2,2) size 47x24 [border: (1px inset #808080)] [r=0 c=0 rs=1 cs=1]
                LayoutText {#text} at (2,2) size 43x19
                  text run at (2,2) width 43: "table-8"
      LayoutBlockFlow (anonymous) at (0,666) size 769x20
        LayoutInline {FONT} at (0,0) size 9x19
          LayoutInline {FONT} at (0,0) size 9x19
            LayoutInline {FONT} at (0,0) size 9x19
              LayoutInline {FONT} at (0,0) size 9x19
                LayoutInline {FONT} at (0,0) size 9x19
                  LayoutInline {FONT} at (0,0) size 9x19
                    LayoutInline {FONT} at (0,0) size 9x19
                      LayoutInline {FONT} at (0,0) size 9x19
                        LayoutInline {FONT} at (0,0) size 9x19
                          LayoutInline {FONT} at (0,0) size 9x19
                            LayoutInline {FONT} at (0,0) size 9x19
                              LayoutInline {FONT} at (0,0) size 9x19
                                LayoutInline {FONT} at (0,0) size 9x19
                                  LayoutInline {FONT} at (0,0) size 9x19
                                    LayoutInline {FONT} at (0,0) size 9x19
                                      LayoutInline {A} at (0,0) size 9x19
                                        LayoutText {#text} at (0,0) size 9x19
                                          text run at (0,0) width 9: "Z"
                                      LayoutInline {FONT} at (0,0) size 0x19
                                        LayoutText {#text} at (0,0) size 0x0
      LayoutBlockFlow (anonymous) at (0,694) size 769x2
        LayoutBlockFlow {HR} at (0,0) size 769x2 [border: (1px inset #EEEEEE)]
      LayoutBlockFlow (anonymous) at (0,704) size 769x20
        LayoutInline {FONT} at (0,0) size 11x19
          LayoutInline {FONT} at (0,0) size 11x19
            LayoutInline {FONT} at (0,0) size 11x19
              LayoutInline {FONT} at (0,0) size 11x19
                LayoutInline {FONT} at (0,0) size 11x19
                  LayoutInline {FONT} at (0,0) size 11x19
                    LayoutInline {FONT} at (0,0) size 11x19
                      LayoutInline {FONT} at (0,0) size 11x19
                        LayoutInline {FONT} at (0,0) size 11x19
                          LayoutInline {FONT} at (0,0) size 11x19
                            LayoutInline {FONT} at (0,0) size 11x19
                              LayoutInline {FONT} at (0,0) size 11x19
                                LayoutInline {FONT} at (0,0) size 11x19
                                  LayoutInline {FONT} at (0,0) size 11x19
                                    LayoutInline {FONT} at (0,0) size 11x19
                                      LayoutInline {FONT} at (0,0) size 11x19
                                        LayoutInline {FONT} at (0,0) size 11x19
                                          LayoutInline {A} at (0,0) size 11x19
                                            LayoutText {#text} at (0,0) size 11x19
                                              text run at (0,0) width 11: "X"
      LayoutBlockFlow (anonymous) at (0,724) size 769x30
        LayoutTable {TABLE} at (0,0) size 53x30 [border: (1px outset #808080)]
          LayoutTableSection {TBODY} at (1,1) size 51x28
            LayoutTableRow {TR} at (0,2) size 51x24
              LayoutTableCell {TD} at (2,2) size 47x24 [border: (1px inset #808080)] [r=0 c=0 rs=1 cs=1]
                LayoutText {#text} at (2,2) size 43x19
                  text run at (2,2) width 43: "table-9"
      LayoutBlockFlow (anonymous) at (0,754) size 769x0
        LayoutInline {FONT} at (0,0) size 0x0
          LayoutInline {FONT} at (0,0) size 0x0
            LayoutInline {FONT} at (0,0) size 0x0
              LayoutInline {FONT} at (0,0) size 0x0
                LayoutInline {FONT} at (0,0) size 0x0
                  LayoutInline {FONT} at (0,0) size 0x0
                    LayoutInline {FONT} at (0,0) size 0x0
                      LayoutInline {FONT} at (0,0) size 0x0
                        LayoutInline {FONT} at (0,0) size 0x0
                          LayoutInline {FONT} at (0,0) size 0x0
                            LayoutInline {FONT} at (0,0) size 0x0
                              LayoutInline {FONT} at (0,0) size 0x0
                                LayoutInline {FONT} at (0,0) size 0x0
                                  LayoutInline {FONT} at (0,0) size 0x0
                                    LayoutInline {FONT} at (0,0) size 0x0
                                      LayoutInline {FONT} at (0,0) size 0x0
                                        LayoutInline {FONT} at (0,0) size 0x0
      LayoutBlockFlow (anonymous) at (0,754) size 769x20
        LayoutBlockFlow {DIV} at (0,0) size 769x20
          LayoutText {#text} at (0,0) size 82x19
            text run at (0,0) width 82: "div after table"
      LayoutBlockFlow (anonymous) at (0,774) size 769x20
        LayoutInline {FONT} at (0,0) size 9x19
          LayoutInline {FONT} at (0,0) size 9x19
            LayoutInline {FONT} at (0,0) size 9x19
              LayoutInline {FONT} at (0,0) size 9x19
                LayoutInline {FONT} at (0,0) size 9x19
                  LayoutInline {FONT} at (0,0) size 9x19
                    LayoutInline {FONT} at (0,0) size 9x19
                      LayoutInline {FONT} at (0,0) size 9x19
                        LayoutInline {FONT} at (0,0) size 9x19
                          LayoutInline {FONT} at (0,0) size 9x19
                            LayoutInline {FONT} at (0,0) size 9x19
                              LayoutInline {FONT} at (0,0) size 9x19
                                LayoutInline {FONT} at (0,0) size 9x19
                                  LayoutInline {FONT} at (0,0) size 9x19
                                    LayoutInline {FONT} at (0,0) size 9x19
                                      LayoutInline {FONT} at (0,0) size 9x19
                                        LayoutInline {FONT} at (0,0) size 9x19
                                          LayoutInline {A} at (0,0) size 9x19
                                            LayoutText {#text} at (0,0) size 9x19
                                              text run at (0,0) width 9: "Z"
                                          LayoutInline {FONT} at (0,0) size 0x19
                                            LayoutText {#text} at (0,0) size 0x0
      LayoutBlockFlow (anonymous) at (0,802) size 769x2
        LayoutBlockFlow {HR} at (0,0) size 769x2 [border: (1px inset #EEEEEE)]
      LayoutBlockFlow (anonymous) at (0,812) size 769x0
        LayoutInline {FONT} at (0,0) size 0x0
          LayoutInline {FONT} at (0,0) size 0x0
            LayoutInline {FONT} at (0,0) size 0x0
              LayoutInline {FONT} at (0,0) size 0x0
                LayoutInline {FONT} at (0,0) size 0x0
                  LayoutInline {FONT} at (0,0) size 0x0
                    LayoutInline {FONT} at (0,0) size 0x0
                      LayoutInline {FONT} at (0,0) size 0x0
                        LayoutInline {FONT} at (0,0) size 0x0
                          LayoutInline {FONT} at (0,0) size 0x0
                            LayoutInline {FONT} at (0,0) size 0x0
                              LayoutInline {FONT} at (0,0) size 0x0
                                LayoutInline {FONT} at (0,0) size 0x0
                                  LayoutInline {FONT} at (0,0) size 0x0
                                    LayoutInline {FONT} at (0,0) size 0x0
                                      LayoutInline {FONT} at (0,0) size 0x0
                                        LayoutInline {FONT} at (0,0) size 0x0
                                          LayoutInline {FONT} at (0,0) size 0x0
                                            LayoutInline {FONT} at (0,0) size 0x0
      LayoutBlockFlow (anonymous) at (0,812) size 769x50
        LayoutBlockFlow {DIV} at (0,0) size 769x20
          LayoutText {#text} at (0,0) size 94x19
            text run at (0,0) width 94: "div before table"
        LayoutTable {TABLE} at (0,20) size 61x30 [border: (1px outset #808080)]
          LayoutTableSection {TBODY} at (1,1) size 59x28
            LayoutTableRow {TR} at (0,2) size 59x24
              LayoutTableCell {TD} at (2,2) size 55x24 [border: (1px inset #808080)] [r=0 c=0 rs=1 cs=1]
                LayoutText {#text} at (2,2) size 51x19
                  text run at (2,2) width 51: "table-10"
      LayoutBlockFlow (anonymous) at (0,862) size 769x20
        LayoutInline {FONT} at (0,0) size 9x19
          LayoutInline {FONT} at (0,0) size 9x19
            LayoutInline {FONT} at (0,0) size 9x19
              LayoutInline {FONT} at (0,0) size 9x19
                LayoutInline {FONT} at (0,0) size 9x19
                  LayoutInline {FONT} at (0,0) size 9x19
                    LayoutInline {FONT} at (0,0) size 9x19
                      LayoutInline {FONT} at (0,0) size 9x19
                        LayoutInline {FONT} at (0,0) size 9x19
                          LayoutInline {FONT} at (0,0) size 9x19
                            LayoutInline {FONT} at (0,0) size 9x19
                              LayoutInline {FONT} at (0,0) size 9x19
                                LayoutInline {FONT} at (0,0) size 9x19
                                  LayoutInline {FONT} at (0,0) size 9x19
                                    LayoutInline {FONT} at (0,0) size 9x19
                                      LayoutInline {FONT} at (0,0) size 9x19
                                        LayoutInline {FONT} at (0,0) size 9x19
                                          LayoutInline {FONT} at (0,0) size 9x19
                                            LayoutInline {FONT} at (0,0) size 9x19
                                              LayoutInline {A} at (0,0) size 9x19
                                                LayoutText {#text} at (0,0) size 9x19
                                                  text run at (0,0) width 9: "Z"
                                              LayoutInline {FONT} at (0,0) size 0x19
                                                LayoutText {#text} at (0,0) size 0x0
      LayoutBlockFlow (anonymous) at (0,890) size 769x2
        LayoutBlockFlow {HR} at (0,0) size 769x2 [border: (1px inset #EEEEEE)]
      LayoutBlockFlow (anonymous) at (0,900) size 769x0
        LayoutInline {FONT} at (0,0) size 0x0
          LayoutInline {FONT} at (0,0) size 0x0
            LayoutInline {FONT} at (0,0) size 0x0
              LayoutInline {FONT} at (0,0) size 0x0
                LayoutInline {FONT} at (0,0) size 0x0
                  LayoutInline {FONT} at (0,0) size 0x0
                    LayoutInline {FONT} at (0,0) size 0x0
                      LayoutInline {FONT} at (0,0) size 0x0
                        LayoutInline {FONT} at (0,0) size 0x0
                          LayoutInline {FONT} at (0,0) size 0x0
                            LayoutInline {FONT} at (0,0) size 0x0
                              LayoutInline {FONT} at (0,0) size 0x0
                                LayoutInline {FONT} at (0,0) size 0x0
                                  LayoutInline {FONT} at (0,0) size 0x0
                                    LayoutInline {FONT} at (0,0) size 0x0
                                      LayoutInline {FONT} at (0,0) size 0x0
                                        LayoutInline {FONT} at (0,0) size 0x0
                                          LayoutInline {FONT} at (0,0) size 0x0
                                            LayoutInline {FONT} at (0,0) size 0x0
                                              LayoutInline {FONT} at (0,0) size 0x0
                                                LayoutInline {FONT} at (0,0) size 0x0
      LayoutBlockFlow (anonymous) at (0,900) size 769x30
        LayoutTable {TABLE} at (0,0) size 61x30 [border: (1px outset #808080)]
          LayoutTableSection {TBODY} at (1,1) size 59x28
            LayoutTableRow {TR} at (0,2) size 59x24
              LayoutTableCell {TD} at (2,2) size 55x24 [border: (1px inset #808080)] [r=0 c=0 rs=1 cs=1]
                LayoutText {#text} at (2,2) size 51x19
                  text run at (2,2) width 51: "table-11"
      LayoutBlockFlow (anonymous) at (0,930) size 769x0
        LayoutInline {FONT} at (0,0) size 0x0
          LayoutInline {FONT} at (0,0) size 0x0
            LayoutInline {FONT} at (0,0) size 0x0
              LayoutInline {FONT} at (0,0) size 0x0
                LayoutInline {FONT} at (0,0) size 0x0
                  LayoutInline {FONT} at (0,0) size 0x0
                    LayoutInline {FONT} at (0,0) size 0x0
                      LayoutInline {FONT} at (0,0) size 0x0
                        LayoutInline {FONT} at (0,0) size 0x0
                          LayoutInline {FONT} at (0,0) size 0x0
                            LayoutInline {FONT} at (0,0) size 0x0
                              LayoutInline {FONT} at (0,0) size 0x0
                                LayoutInline {FONT} at (0,0) size 0x0
                                  LayoutInline {FONT} at (0,0) size 0x0
                                    LayoutInline {FONT} at (0,0) size 0x0
                                      LayoutInline {FONT} at (0,0) size 0x0
                                        LayoutInline {FONT} at (0,0) size 0x0
                                          LayoutInline {FONT} at (0,0) size 0x0
                                            LayoutInline {FONT} at (0,0) size 0x0
                                              LayoutInline {FONT} at (0,0) size 0x0
                                                LayoutInline {FONT} at (0,0) size 0x0
      LayoutBlockFlow (anonymous) at (0,930) size 769x20
        LayoutBlockFlow {DIV} at (0,0) size 769x20
          LayoutText {#text} at (0,0) size 82x19
            text run at (0,0) width 82: "div after table"
      LayoutBlockFlow (anonymous) at (0,950) size 769x20
        LayoutInline {FONT} at (0,0) size 9x19
          LayoutInline {FONT} at (0,0) size 9x19
            LayoutInline {FONT} at (0,0) size 9x19
              LayoutInline {FONT} at (0,0) size 9x19
                LayoutInline {FONT} at (0,0) size 9x19
                  LayoutInline {FONT} at (0,0) size 9x19
                    LayoutInline {FONT} at (0,0) size 9x19
                      LayoutInline {FONT} at (0,0) size 9x19
                        LayoutInline {FONT} at (0,0) size 9x19
                          LayoutInline {FONT} at (0,0) size 9x19
                            LayoutInline {FONT} at (0,0) size 9x19
                              LayoutInline {FONT} at (0,0) size 9x19
                                LayoutInline {FONT} at (0,0) size 9x19
                                  LayoutInline {FONT} at (0,0) size 9x19
                                    LayoutInline {FONT} at (0,0) size 9x19
                                      LayoutInline {FONT} at (0,0) size 9x19
                                        LayoutInline {FONT} at (0,0) size 9x19
                                          LayoutInline {FONT} at (0,0) size 9x19
                                            LayoutInline {FONT} at (0,0) size 9x19
                                              LayoutInline {FONT} at (0,0) size 9x19
                                                LayoutInline {FONT} at (0,0) size 9x19
                                                  LayoutInline {A} at (0,0) size 9x19
                                                    LayoutText {#text} at (0,0) size 9x19
                                                      text run at (0,0) width 9: "Z"
                                                  LayoutInline {FONT} at (0,0) size 0x19
                                                    LayoutText {#text} at (0,0) size 0x0
      LayoutBlockFlow (anonymous) at (0,978) size 769x2
        LayoutBlockFlow {HR} at (0,0) size 769x2 [border: (1px inset #EEEEEE)]
      LayoutBlockFlow (anonymous) at (0,988) size 769x0
        LayoutInline {FONT} at (0,0) size 0x0
          LayoutInline {FONT} at (0,0) size 0x0
            LayoutInline {FONT} at (0,0) size 0x0
              LayoutInline {FONT} at (0,0) size 0x0
                LayoutInline {FONT} at (0,0) size 0x0
                  LayoutInline {FONT} at (0,0) size 0x0
                    LayoutInline {FONT} at (0,0) size 0x0
                      LayoutInline {FONT} at (0,0) size 0x0
                        LayoutInline {FONT} at (0,0) size 0x0
                          LayoutInline {FONT} at (0,0) size 0x0
                            LayoutInline {FONT} at (0,0) size 0x0
                              LayoutInline {FONT} at (0,0) size 0x0
                                LayoutInline {FONT} at (0,0) size 0x0
                                  LayoutInline {FONT} at (0,0) size 0x0
                                    LayoutInline {FONT} at (0,0) size 0x0
                                      LayoutInline {FONT} at (0,0) size 0x0
                                        LayoutInline {FONT} at (0,0) size 0x0
                                          LayoutInline {FONT} at (0,0) size 0x0
                                            LayoutInline {FONT} at (0,0) size 0x0
                                              LayoutInline {FONT} at (0,0) size 0x0
                                                LayoutInline {FONT} at (0,0) size 0x0
                                                  LayoutInline {FONT} at (0,0) size 0x0
                                                    LayoutInline {FONT} at (0,0) size 0x0
      LayoutBlockFlow (anonymous) at (0,988) size 769x50
        LayoutBlockFlow {DIV} at (0,0) size 769x20
          LayoutText {#text} at (0,0) size 94x19
            text run at (0,0) width 94: "div before table"
        LayoutTable {TABLE} at (0,20) size 61x30 [border: (1px outset #808080)]
          LayoutTableSection {TBODY} at (1,1) size 59x28
            LayoutTableRow {TR} at (0,2) size 59x24
              LayoutTableCell {TD} at (2,2) size 55x24 [border: (1px inset #808080)] [r=0 c=0 rs=1 cs=1]
                LayoutText {#text} at (2,2) size 51x19
                  text run at (2,2) width 51: "table-12"
      LayoutBlockFlow (anonymous) at (0,1038) size 769x0
        LayoutInline {FONT} at (0,0) size 0x0
          LayoutInline {FONT} at (0,0) size 0x0
            LayoutInline {FONT} at (0,0) size 0x0
              LayoutInline {FONT} at (0,0) size 0x0
                LayoutInline {FONT} at (0,0) size 0x0
                  LayoutInline {FONT} at (0,0) size 0x0
                    LayoutInline {FONT} at (0,0) size 0x0
                      LayoutInline {FONT} at (0,0) size 0x0
                        LayoutInline {FONT} at (0,0) size 0x0
                          LayoutInline {FONT} at (0,0) size 0x0
                            LayoutInline {FONT} at (0,0) size 0x0
                              LayoutInline {FONT} at (0,0) size 0x0
                                LayoutInline {FONT} at (0,0) size 0x0
                                  LayoutInline {FONT} at (0,0) size 0x0
                                    LayoutInline {FONT} at (0,0) size 0x0
                                      LayoutInline {FONT} at (0,0) size 0x0
                                        LayoutInline {FONT} at (0,0) size 0x0
                                          LayoutInline {FONT} at (0,0) size 0x0
                                            LayoutInline {FONT} at (0,0) size 0x0
                                              LayoutInline {FONT} at (0,0) size 0x0
                                                LayoutInline {FONT} at (0,0) size 0x0
                                                  LayoutInline {FONT} at (0,0) size 0x0
                                                    LayoutInline {FONT} at (0,0) size 0x0
                                                      LayoutInline {FONT} at (0,0) size 0x0
                                                        LayoutText {#text} at (0,0) size 0x0
