layer at (0,0) size 800x600
  LayoutView at (0,0) size 800x600
layer at (0,0) size 800x600
  LayoutBlockFlow {HTML} at (0,0) size 800x600
    LayoutBlockFlow {BODY} at (8,8) size 784x584
      LayoutBlockFlow (anonymous) at (0,0) size 784x20
        LayoutText {#text} at (0,0) size 128x19
          text run at (0,0) width 128: "and the page works.)"
      LayoutTable {TABLE} at (0,20) size 182x56 [border: (1px outset #808080)]
        LayoutTableSection {TBODY} at (1,1) size 180x54
          LayoutTableRow {TR} at (0,2) size 180x24
            LayoutTableCell {TD} at (2,2) size 94x24 [border: (1px inset #808080)] [r=0 c=0 rs=1 cs=1]
              LayoutText {#text} at (2,2) size 49x19
                text run at (2,2) width 49: "img-cap"
            LayoutTableCell {TD} at (98,5) size 80x44 [border: (1px inset #808080)] [r=0 c=1 rs=2 cs=1]
              LayoutText {#text} at (2,2) size 74x19
                text run at (2,2) width 74: "img-features"
              LayoutBR {BR} at (76,17) size 0x0
              LayoutText {#text} at (2,22) size 76x19
                text run at (2,22) width 76: "img-holidays"
              LayoutBR {BR} at (78,37) size 0x0
          LayoutTableRow {TR} at (0,28) size 180x24
            LayoutTableCell {TD} at (2,28) size 94x24 [border: (1px inset #808080)] [r=1 c=0 rs=1 cs=1]
              LayoutText {#text} at (2,2) size 90x19
                text run at (2,2) width 90: "img-projo.com"
