layer at (0,0) size 800x600
  LayoutView at (0,0) size 800x600
layer at (0,0) size 800x600
  LayoutBlockFlow {HTML} at (0,0) size 800x600
    LayoutBlockFlow {BODY} at (8,8) size 784x584
      LayoutBlockFlow {P} at (0,0) size 784x40
        LayoutText {#text} at (0,0) size 688x19
          text run at (0,0) width 688: "The INPUT element using the IMAGE attribute is used to load the image in the table. This image flows outside the "
        LayoutBR {BR} at (0,0) size 0x0
        LayoutText {#text} at (0,20) size 263x19
          text run at (0,20) width 263: "the table after the window has been resized."
      LayoutTable {TABLE} at (292,56) size 200x24 [bgcolor=#FF0000]
        LayoutTableSection {TBODY} at (0,0) size 200x24
          LayoutTableRow {TR} at (0,2) size 200x20
            LayoutTableCell {TD} at (2,2) size 196x20 [r=0 c=0 rs=1 cs=1]
              LayoutImage {INPUT} at (1,1) size 19x18
              LayoutText {#text} at (0,0) size 0x0
      LayoutBlockFlow {P} at (0,96) size 784x20
        LayoutText {#text} at (0,0) size 527x19
          text run at (0,0) width 527: "This test case is identicate to one above except the table is assigned a border of 2 pixels"
      LayoutTable {TABLE} at (292,132) size 200x30 [bgcolor=#FF0000] [border: (2px outset #808080)]
        LayoutTableSection {TBODY} at (2,2) size 196x26
          LayoutTableRow {TR} at (0,2) size 196x22
            LayoutTableCell {TD} at (2,2) size 192x22 [border: (1px inset #808080)] [r=0 c=0 rs=1 cs=1]
              LayoutImage {INPUT} at (2,2) size 19x18
              LayoutText {#text} at (0,0) size 0x0
