layer at (0,0) size 800x600
  LayoutView at (0,0) size 800x600
layer at (0,0) size 800x600
  LayoutBlockFlow {HTML} at (0,0) size 800x600
    LayoutBlockFlow {BODY} at (8,8) size 784x584
      LayoutTable {TABLE} at (0,0) size 204x26 [bgcolor=#6363CE]
        LayoutTableSection {TBODY} at (0,0) size 204x26
          LayoutTableRow {TR} at (0,2) size 204x22
            LayoutTableCell {TD} at (2,2) size 200x22 [r=0 c=0 rs=1 cs=1]
              LayoutText {#text} at (1,1) size 198x19
                text run at (1,1) width 198: "This table should NOT be visible"
      LayoutTable {TABLE} at (0,26) size 204x26 [bgcolor=#6363CE]
        LayoutTableSection {TBODY} at (0,0) size 204x26
          LayoutTableRow {TR} at (0,2) size 204x22
            LayoutTableCell {TD} at (2,2) size 200x22 [r=0 c=0 rs=1 cs=1]
              LayoutText {#text} at (1,1) size 198x19
                text run at (1,1) width 198: "This table should NOT be visible"
