layer at (0,0) size 800x600 scrollWidth 808
  LayoutView at (0,0) size 800x600
layer at (0,0) size 800x600
  LayoutBlockFlow {HTML} at (0,0) size 800x600
    LayoutBlockFlow {BODY} at (8,8) size 784x584
      LayoutTable {TABLE} at (0,0) size 800x584 [border: (1px outset #808080)]
        LayoutTableSection {TBODY} at (1,1) size 798x582
          LayoutTableRow {TR} at (0,2) size 798x578
            LayoutTableCell {TD} at (2,2) size 794x578 [border: (1px inset #808080)] [r=0 c=0 rs=1 cs=1]
              LayoutTable {TABLE} at (2,2) size 790x574 [border: (1px outset #808080)]
                LayoutTableSection {TBODY} at (1,1) size 788x572
                  LayoutTableRow {TR} at (0,2) size 788x568
                    LayoutTableCell {TD} at (2,2) size 784x568 [border: (1px inset #808080)] [r=0 c=0 rs=1 cs=1]
layer at (18,18) size 790x564 backgroundClip at (0,0) size 800x600 clip at (0,0) size 800x600
  LayoutIFrame {IFRAME} at (2,2) size 790x564 [border: (5px solid #0000FF)]
    layer at (0,0) size 780x554 clip at (0,0) size 765x554 scrollHeight 2016
      LayoutView at (0,0) size 780x554
    layer at (0,0) size 765x2016 backgroundClip at (0,0) size 765x554 clip at (0,0) size 765x554
      LayoutBlockFlow {HTML} at (0,0) size 765x2016
        LayoutBlockFlow {BODY} at (0,0) size 765x2016 [bgcolor=#53799F]
          LayoutBlockFlow {CENTER} at (0,0) size 765x2016
            LayoutBlockFlow (anonymous) at (0,0) size 765x20
              LayoutBR {BR} at (382,0) size 1x19
            LayoutTable {TABLE} at (19.50,20) size 726x1976 [border: (1px solid #000000)]
              LayoutTableSection {TBODY} at (1,1) size 724x1974
                LayoutTableRow {TR} at (0,0) size 724x22
                  LayoutTableCell {TD} at (0,0) size 724x22 [bgcolor=#3F5694] [border: (1px solid #000000)] [r=0 c=0 rs=1 cs=1]
                    LayoutText {#text} at (344,1) size 36x19
                      text run at (344,1) width 36: "News"
                LayoutTableRow {TR} at (0,22) size 724x42
                  LayoutTableCell {TD} at (0,22) size 724x42 [border: (1px solid #000000)] [r=1 c=0 rs=1 cs=1]
                    LayoutInline {B} at (0,0) size 96x19
                      LayoutText {#text} at (314,1) size 96x19
                        text run at (314,1) width 96: "11. M\x{E4}rz 2002"
                    LayoutBR {BR} at (409,16) size 1x0
                    LayoutText {#text} at (65,21) size 594x19
                      text run at (65,21) width 464: "nun gibt es auch eine kommerzielle Version vom PopUp-Manager, mehr Info "
                      text run at (528,21) width 131: "unter komerz. Scripte"
                LayoutTableRow {TR} at (0,64) size 724x42
                  LayoutTableCell {TD} at (0,64) size 724x42 [border: (1px solid #000000)] [r=2 c=0 rs=1 cs=1]
                    LayoutInline {B} at (0,0) size 92x19
                      LayoutText {#text} at (316,1) size 92x19
                        text run at (316,1) width 92: "09.M\x{E4}rz 2002"
                      LayoutBR {BR} at (408,16) size 0x0
                    LayoutText {#text} at (167,21) size 390x19
                      text run at (167,21) width 390: "neues Script ist online, PopUp-Manager, mehr Info unter Scripte"
                LayoutTableRow {TR} at (0,106) size 724x42
                  LayoutTableCell {TD} at (0,106) size 724x42 [border: (1px solid #000000)] [r=3 c=0 rs=1 cs=1]
                    LayoutText {#text} at (299,1) size 126x19
                      text run at (299,1) width 126: "17. November 2001"
                    LayoutBR {BR} at (424,16) size 1x0
                    LayoutText {#text} at (284,21) size 156x19
                      text run at (284,21) width 156: "Endlich wieder Online! :-)"
                LayoutTableRow {TR} at (0,148) size 724x182
                  LayoutTableCell {TD} at (0,148) size 724x182 [border: (1px solid #000000)] [r=4 c=0 rs=1 cs=1]
                    LayoutText {#text} at (268,1) size 188x19
                      text run at (268,1) width 188: "23. Oktober 2001 (21:00 Uhr)"
                    LayoutBR {BR} at (456,16) size 0x0
                    LayoutText {#text} at (310,21) size 104x19
                      text run at (310,21) width 104: "Es ist vollbracht! "
                    LayoutBR {BR} at (414,36) size 0x0
                    LayoutText {#text} at (209,41) size 306x19
                      text run at (209,41) width 306: "Ich habe nun den .htaccess-BUG bei den Scripten:"
                    LayoutBR {BR} at (514,56) size 1x0
                    LayoutText {#text} at (111,61) size 502x19
                      text run at (111,61) width 502: "The Real Topsites, Sponsor Manager, Download Manager und Password Manager"
                    LayoutBR {BR} at (612,76) size 1x0
                    LayoutText {#text} at (129,81) size 466x19
                      text run at (129,81) width 407: "abgeschafft, brauchte 2 Tage daf\x{FC}r, dabei lag der Fehler vor meiner "
                      text run at (535,81) width 60: "Nase ! :-)"
                    LayoutBR {BR} at (594,96) size 1x0
                    LayoutText {#text} at (1,101) size 722x79
                      text run at (1,101) width 359: "F\x{FC}r Euch hei\x{DF}t es, wenn Ihr eines der Scripte benutzt, ladet "
                      text run at (360,101) width 363: "Euch die admin.cgi runter und vereinbart unbedingt ein neues"
                      text run at (7,121) width 70: "Password! "
                      text run at (76,121) width 432: "Au\x{DF}erdem wurde bei der Toplist die Sache mit dem Button Load/Klick "
                      text run at (507,121) width 210: "um programmiert, f\x{FC}r die Leute die"
                      text run at (13,141) width 235: "den Button Load/Klick Modus haben, "
                      text run at (247,141) width 421: "Ihr m\x{FC}st Euch auch die topsites.cgi laden und im Admin Bereich unter "
                      text run at (667,141) width 44: "Modus"
                      text run at (236,161) width 252: "unten die URL zu Eurem Button angeben!"
                LayoutTableRow {TR} at (0,330) size 724x42
                  LayoutTableCell {TD} at (0,330) size 724x42 [border: (1px solid #000000)] [r=5 c=0 rs=1 cs=1]
                    LayoutText {#text} at (306,1) size 112x19
                      text run at (306,1) width 112: "22. Oktober 2001"
                    LayoutBR {BR} at (418,16) size 0x0
                    LayoutText {#text} at (133,21) size 458x19
                      text run at (133,21) width 413: "Download-Bereich ist vorrerst geschlo\x{DF}en, kommen Sie bitte sp\x{E4}ter "
                      text run at (545,21) width 46: "wieder."
                LayoutTableRow {TR} at (0,372) size 724x62
                  LayoutTableCell {TD} at (0,372) size 724x62 [border: (1px solid #000000)] [r=6 c=0 rs=1 cs=1]
                    LayoutText {#text} at (268,1) size 188x19
                      text run at (268,1) width 188: "21. Oktober 2001 (22:45 Uhr)"
                    LayoutBR {BR} at (456,16) size 0x0
                    LayoutText {#text} at (15,21) size 694x39
                      text run at (15,21) width 387: "OK, sorry f\x{FC}r die Unannehmlichkeiten, aber Ihr m\x{FC}sst Euch nun "
                      text run at (401,21) width 308: "noch mal die Scripte runter laden und die admin.cgi"
                      text run at (83,41) width 133: "erneuern, hier kommt "
                      text run at (215,41) width 426: "noch das Password-Manager-Script dazu, sollte jetzt alles sicher sein! "
                    LayoutBR {BR} at (0,0) size 0x0
                LayoutTableRow {TR} at (0,434) size 724x122
                  LayoutTableCell {TD} at (0,434) size 724x122 [border: (1px solid #000000)] [r=7 c=0 rs=1 cs=1]
                    LayoutText {#text} at (268,1) size 188x19
                      text run at (268,1) width 188: "21. Oktober 2001 (20:50 Uhr)"
                    LayoutBR {BR} at (456,16) size 0x0
                    LayoutText {#text} at (180,21) size 364x19
                      text run at (180,21) width 364: "An alle Leute die follgende Scripte von G5-Scripts benutzen:"
                    LayoutBR {BR} at (544,36) size 0x0
                    LayoutText {#text} at (187,41) size 350x19
                      text run at (187,41) width 350: "The Real Topsites, Download Counter, Sponsor Manager"
                    LayoutBR {BR} at (536,56) size 1x0
                    LayoutText {#text} at (43,61) size 638x19
                      text run at (43,61) width 441: "bitte noch ein mal runter laden und die admin.cgi erneuern, beim Sponsor "
                      text run at (484,61) width 197: "Manager kommt noch eine Datei"
                    LayoutBR {BR} at (681,76) size 0x0
                    LayoutText {#text} at (307,81) size 110x19
                      text run at (307,81) width 110: "'variable.pl' dazu!!"
                    LayoutBR {BR} at (417,96) size 0x0
                    LayoutText {#text} at (87,101) size 550x19
                      text run at (87,101) width 451: "Der Grund : man hat festgestellt das .htaccess Password Schutz doch nicht "
                      text run at (538,101) width 99: "das sicherste ist!"
                LayoutTableRow {TR} at (0,556) size 724x178
                  LayoutTableCell {TD} at (0,556) size 724x178 [border: (1px solid #000000)] [r=8 c=0 rs=1 cs=1]
                    LayoutBlockFlow {P} at (1,1) size 722x120
                      LayoutText {#text} at (305,0) size 112x19
                        text run at (305,0) width 112: "13. Oktober 2001"
                      LayoutBR {BR} at (417,15) size 0x0
                      LayoutText {#text} at (93,20) size 536x19
                        text run at (93,20) width 462: "Ich habe es nun endlich geschafft das Gateway bei der Toplist mit IP-Sperre "
                        text run at (554,20) width 75: "zu versehen,"
                      LayoutBR {BR} at (628,35) size 1x0
                      LayoutText {#text} at (19,40) size 684x19
                        text run at (19,40) width 422: "dabei war der Fehler den ich vorher nicht verstand eine simple Sache, "
                        text run at (441,40) width 262: "h\x{E4}tte ich doch ein wenig mehr nachgedacht!"
                      LayoutBR {BR} at (703,55) size 0x0
                      LayoutText {#text} at (1,60) size 720x59
                        text run at (1,60) width 406: "Des weiteren habe ich noch die Datensicherung umgeschrieben, f\x{FC}r "
                        text run at (406,60) width 315: "alle die Listen deren Hits ab und zu mal auf 0 gesetzt"
                        text run at (8,80) width 89: "werden, sollte "
                        text run at (96,80) width 433: "jetzt nicht mehr passieren und ich habe noch den Mail Versand aus dem "
                        text run at (528,80) width 186: "Admin-Bereich umgeschrieben"
                        text run at (5,100) width 235: "und zwar wurde fr\x{FC}her der Text immer "
                        text run at (239,100) width 411: "zusammen gequetscht, die Enters wurden so zu sagen ignoriert, jetzt "
                        text run at (649,100) width 68: "nicht mehr!"
                    LayoutBlockFlow {P} at (1,137) size 722x40
                      LayoutText {#text} at (14,0) size 694x39
                        text run at (14,0) width 362: ">> F\x{FC}r alle die das Script vor dem 11.10.01 runter geladen "
                        text run at (375,0) width 333: "haben, Ihr solltet es Euch noch mal runter laden und die"
                        text run at (146,20) width 113: "folgenden Dateien "
                        text run at (258,20) width 318: "durch die neuen ersetzen: topsites.cgi und admin.cgi ."
                LayoutTableRow {TR} at (0,734) size 724x42
                  LayoutTableCell {TD} at (0,734) size 724x42 [border: (1px solid #000000)] [r=9 c=0 rs=1 cs=1]
                    LayoutText {#text} at (306,1) size 112x19
                      text run at (306,1) width 112: "11. Oktober 2001"
                    LayoutBR {BR} at (417,16) size 1x0
                    LayoutText {#text} at (129,21) size 466x19
                      text run at (129,21) width 466: "neues Script ist online, .htaccess-Password-Manager, mehr Info unter Scripte"
                LayoutTableRow {TR} at (0,776) size 724x42
                  LayoutTableCell {TD} at (0,776) size 724x42 [border: (1px solid #000000)] [r=10 c=0 rs=1 cs=1]
                    LayoutText {#text} at (299,1) size 126x19
                      text run at (299,1) width 126: "08. September 2001"
                    LayoutBR {BR} at (425,16) size 0x0
                    LayoutText {#text} at (205,21) size 314x19
                      text run at (205,21) width 314: "Eine neu Version des Download Counters ist online!"
                LayoutTableRow {TR} at (0,818) size 724x62
                  LayoutTableCell {TD} at (0,818) size 724x62 [border: (1px solid #000000)] [r=11 c=0 rs=1 cs=1]
                    LayoutText {#text} at (311,1) size 102x19
                      text run at (311,1) width 102: "11. August 2001"
                    LayoutBR {BR} at (412,16) size 1x0
                    LayoutText {#text} at (45,21) size 634x19
                      text run at (45,21) width 425: "Ich habe so eben eine random.cgi f\x{FC}r den Topsites Script geschrieben. "
                      text run at (469,21) width 210: "Die random.cgi f\x{FC}hrt den Besucher"
                    LayoutBR {BR} at (678,36) size 1x0
                    LayoutText {#text} at (259,41) size 206x19
                      text run at (259,41) width 206: "auf eine zuf\x{E4}llig ausgew\x{E4}hlte Seite."
                LayoutTableRow {TR} at (0,880) size 724x62
                  LayoutTableCell {TD} at (0,880) size 724x62 [border: (1px solid #000000)] [r=12 c=0 rs=1 cs=1]
                    LayoutText {#text} at (311,1) size 102x19
                      text run at (311,1) width 102: "08. August 2001"
                    LayoutBR {BR} at (413,16) size 0x0
                    LayoutText {#text} at (106,21) size 512x19
                      text run at (106,21) width 442: "Ich schreibe gerade eine neue Version von dem Download Counter, bitte "
                      text run at (547,21) width 71: "schreibt mir"
                    LayoutBR {BR} at (617,36) size 1x0
                    LayoutText {#text} at (192,41) size 340x19
                      text run at (192,41) width 340: "ins Forum was Ihr da alles haben wollt, wer das benutzt!"
                LayoutTableRow {TR} at (0,942) size 724x62
                  LayoutTableCell {TD} at (0,942) size 724x62 [border: (1px solid #000000)] [r=13 c=0 rs=1 cs=1]
                    LayoutText {#text} at (322,1) size 80x19
                      text run at (322,1) width 80: "09. Juli 2001"
                    LayoutBR {BR} at (401,16) size 1x0
                    LayoutText {#text} at (31,21) size 662x39
                      text run at (31,21) width 428: "eine kleiner Bug in der Topsites.cgi wurde behoben! Wer m\x{F6}chte kann "
                      text run at (458,21) width 235: "sich die jetzige Zip runter laden und die"
                      text run at (190,41) width 161: "topsites.cgi auktualisieren, "
                      text run at (350,41) width 184: "mu\x{DF} aber nicht unbedingt sein!"
                LayoutTableRow {TR} at (0,1004) size 724x62
                  LayoutTableCell {TD} at (0,1004) size 724x62 [border: (1px solid #000000)] [r=14 c=0 rs=1 cs=1]
                    LayoutText {#text} at (322,1) size 80x19
                      text run at (322,1) width 80: "01. Juli 2001"
                    LayoutBR {BR} at (401,16) size 1x0
                    LayoutText {#text} at (93,21) size 538x19
                      text run at (93,21) width 478: "Jetzt haben wir einen Support Forum, postet Eure Fragen da rein und versuche "
                      text run at (570,21) width 61: "Sie alle zu"
                    LayoutBR {BR} at (630,36) size 1x0
                    LayoutText {#text} at (69,41) size 586x19
                      text run at (69,41) width 375: "beantworten! Au\x{DF}erdem k\x{F6}nnt Ihr dort auch Eure Vorschl\x{E4}ge "
                      text run at (443,41) width 212: "zu den einzelnen Scripten abgeben!"
                LayoutTableRow {TR} at (0,1066) size 724x62
                  LayoutTableCell {TD} at (0,1066) size 724x62 [border: (1px solid #000000)] [r=15 c=0 rs=1 cs=1]
                    LayoutText {#text} at (322,1) size 80x19
                      text run at (322,1) width 80: "01. Juli 2001"
                    LayoutBR {BR} at (401,16) size 1x0
                    LayoutText {#text} at (122,21) size 480x19
                      text run at (122,21) width 455: "Und wieder eine neue Version von The Real Topsites ist online, die Version "
                      text run at (576,21) width 26: "3.4!"
                    LayoutBR {BR} at (601,36) size 1x0
                    LayoutText {#text} at (155,41) size 414x19
                      text run at (155,41) width 414: "Es gibt einige neue Funktionen und es wurde auch einiges verbessert!"
                LayoutTableRow {TR} at (0,1128) size 724x62
                  LayoutTableCell {TD} at (0,1128) size 724x62 [border: (1px solid #000000)] [r=16 c=0 rs=1 cs=1]
                    LayoutText {#text} at (320,1) size 84x19
                      text run at (320,1) width 84: "20. Juni 2001"
                    LayoutBR {BR} at (403,16) size 1x0
                    LayoutText {#text} at (132,21) size 460x19
                      text run at (132,21) width 430: "unser Hoster hat ein paar kleine Probleme also sollte irgend was an der "
                      text run at (561,21) width 31: "Seite"
                    LayoutBR {BR} at (591,36) size 1x0
                    LayoutText {#text} at (246,41) size 232x19
                      text run at (246,41) width 232: "nicht gehen, einfach wieder versuchen!"
                LayoutTableRow {TR} at (0,1190) size 724x102
                  LayoutTableCell {TD} at (0,1190) size 724x102 [border: (1px solid #000000)] [r=17 c=0 rs=1 cs=1]
                    LayoutText {#text} at (320,1) size 84x19
                      text run at (320,1) width 84: "09. Juni 2001"
                    LayoutBR {BR} at (403,16) size 1x0
                    LayoutText {#text} at (100,21) size 524x19
                      text run at (100,21) width 421: "Die neue Version (3.3) von The Real Topsites ist online, es gibt einige "
                      text run at (520,21) width 104: "neue Funktionen "
                    LayoutBR {BR} at (623,36) size 1x0
                    LayoutText {#text} at (250,41) size 224x19
                      text run at (250,41) width 224: "und es wurde auch einiges ver\x{E4}ndert!"
                    LayoutBR {BR} at (473,56) size 1x0
                    LayoutText {#text} at (239,61) size 246x19
                      text run at (239,61) width 246: "Mehr Info unter \"Perl Scripte\" im Men\x{FC}. "
                    LayoutBR {BR} at (484,76) size 1x0
                    LayoutText {#text} at (163,81) size 398x19
                      text run at (163,81) width 398: "P.S. den Umstieg auf die Version3.3 kann ich Euch nur empfehlen!"
                LayoutTableRow {TR} at (0,1292) size 724x82
                  LayoutTableCell {TD} at (0,1292) size 724x82 [border: (1px solid #000000)] [r=18 c=0 rs=1 cs=1]
                    LayoutText {#text} at (320,1) size 84x19
                      text run at (320,1) width 84: "04. Juni 2001"
                    LayoutBR {BR} at (403,16) size 1x0
                    LayoutText {#text} at (145,21) size 434x19
                      text run at (145,21) width 434: "Ein kleiner Bug bei Topsites Script wurde gefunden und sofort behoben!"
                    LayoutBR {BR} at (578,36) size 1x0
                    LayoutText {#text} at (151,41) size 422x19
                      text run at (151,41) width 422: "Bug: es wurde immer wieder die selbe Site Of The Moment angezeigt!"
                    LayoutBR {BR} at (573,56) size 0x0
                    LayoutText {#text} at (154,61) size 416x19
                      text run at (154,61) width 411: "Ladet Euch die jetzige Version runter und ersetzt nur die topsites.cgi "
                      text run at (564,61) width 6: "!"
                LayoutTableRow {TR} at (0,1374) size 724x62
                  LayoutTableCell {TD} at (0,1374) size 724x62 [border: (1px solid #000000)] [r=19 c=0 rs=1 cs=1]
                    LayoutText {#text} at (320,1) size 84x19
                      text run at (320,1) width 84: "01. Juni 2001"
                    LayoutBR {BR} at (403,16) size 1x0
                    LayoutText {#text} at (215,21) size 294x19
                      text run at (215,21) width 294: "Ein neues Script ist online! G5-ICQ Newsletter. "
                    LayoutBR {BR} at (508,36) size 1x0
                    LayoutText {#text} at (241,41) size 242x19
                      text run at (241,41) width 242: "Mehr Info unter \"Perl Scripte\" im Men\x{FC}."
                LayoutTableRow {TR} at (0,1436) size 724x62
                  LayoutTableCell {TD} at (0,1436) size 724x62 [border: (1px solid #000000)] [r=20 c=0 rs=1 cs=1]
                    LayoutText {#text} at (320,1) size 84x19
                      text run at (320,1) width 84: "31. Mai 2001"
                    LayoutBR {BR} at (404,16) size 0x0
                    LayoutText {#text} at (163,21) size 398x19
                      text run at (163,21) width 398: "Ich habe einen ICQ-Newsletter Script installiert, unter dem Men\x{FC}."
                    LayoutBR {BR} at (561,36) size 0x0
                    LayoutText {#text} at (184,41) size 356x19
                      text run at (184,41) width 356: "Tragt Euch ein, dann seit Ihr immer auf dem neusten Stand!"
                LayoutTableRow {TR} at (0,1498) size 724x42
                  LayoutTableCell {TD} at (0,1498) size 724x42 [border: (1px solid #000000)] [r=21 c=0 rs=1 cs=1]
                    LayoutText {#text} at (320,1) size 84x19
                      text run at (320,1) width 84: "26. Mai 2001"
                    LayoutBR {BR} at (404,16) size 0x0
                    LayoutText {#text} at (262,21) size 200x19
                      text run at (262,21) width 200: "The Real Topsites v3.0 ist online!"
                LayoutTableRow {TR} at (0,1540) size 724x62
                  LayoutTableCell {TD} at (0,1540) size 724x62 [border: (1px solid #000000)] [r=22 c=0 rs=1 cs=1]
                    LayoutText {#text} at (320,1) size 84x19
                      text run at (320,1) width 84: "25. Mai 2001"
                    LayoutBR {BR} at (404,16) size 0x0
                    LayoutText {#text} at (208,21) size 308x19
                      text run at (208,21) width 308: "Ein neues Script ist online! G5-Download Counter."
                    LayoutBR {BR} at (515,36) size 1x0
                    LayoutText {#text} at (241,41) size 242x19
                      text run at (241,41) width 242: "Mehr Info unter \"Perl Scripte\" im Men\x{FC}."
                LayoutTableRow {TR} at (0,1602) size 724x102
                  LayoutTableCell {TD} at (0,1602) size 724x102 [border: (1px solid #000000)] [r=23 c=0 rs=1 cs=1]
                    LayoutText {#text} at (320,1) size 84x19
                      text run at (320,1) width 84: "24. Mai 2001"
                    LayoutBR {BR} at (404,16) size 0x0
                    LayoutText {#text} at (128,21) size 468x19
                      text run at (128,21) width 400: "Ich habe es mir sehr lange \x{FC}berlegt, die Entscheidung war wirklich "
                      text run at (527,21) width 69: "nicht leicht!"
                    LayoutBR {BR} at (595,36) size 1x0
                    LayoutText {#text} at (103,41) size 518x19
                      text run at (103,41) width 379: "Ich habe mich entschieden den Script \"The Real Topsites\" zum "
                      text run at (481,41) width 140: "Download freizugeben."
                    LayoutBR {BR} at (620,56) size 1x0
                    LayoutText {#text} at (224,61) size 276x19
                      text run at (224,61) width 276: "Ihr k\x{F6}nnt es Euch jetzt kostenlos runter laden!"
                    LayoutBR {BR} at (500,76) size 0x0
                    LayoutText {#text} at (311,81) size 102x19
                      text run at (311,81) width 102: "Viel Spa\x{DF} damit!"
                LayoutTableRow {TR} at (0,1704) size 724x62
                  LayoutTableCell {TD} at (0,1704) size 724x62 [border: (1px solid #000000)] [r=24 c=0 rs=1 cs=1]
                    LayoutText {#text} at (320,1) size 84x19
                      text run at (320,1) width 84: "13. Mai 2001"
                    LayoutBR {BR} at (404,16) size 0x0
                    LayoutText {#text} at (3,21) size 718x39
                      text run at (3,21) width 444: "Es gab nur eine kleine Ver\x{E4}nderung bei G5-Sponsor-Manager, man kann "
                      text run at (446,21) width 275: "den Script jetzt auch via Java aufrufen, so das"
                      text run at (89,41) width 137: "Euer Server jetzt nicht "
                      text run at (226,41) width 343: "unbedingt SSI unterst\x{FC}tzen mu\x{DF} um den Script ausf\x{FC}hren "
                      text run at (569,41) width 66: "zu k\x{F6}nnen!"
                LayoutTableRow {TR} at (0,1766) size 724x62
                  LayoutTableCell {TD} at (0,1766) size 724x62 [border: (1px solid #000000)] [r=25 c=0 rs=1 cs=1]
                    LayoutText {#text} at (317,1) size 90x19
                      text run at (317,1) width 90: "22. April 2001"
                    LayoutBR {BR} at (407,16) size 0x0
                    LayoutText {#text} at (211,21) size 302x19
                      text run at (211,21) width 302: "Ein neues Script ist online! G5-Sponsor-Manager."
                    LayoutBR {BR} at (512,36) size 1x0
                    LayoutText {#text} at (241,41) size 242x19
                      text run at (241,41) width 242: "Mehr Info unter \"Perl Scripte\" im Men\x{FC}."
                LayoutTableRow {TR} at (0,1828) size 724x82
                  LayoutTableCell {TD} at (0,1828) size 724x82 [border: (1px solid #000000)] [r=26 c=0 rs=1 cs=1]
                    LayoutText {#text} at (317,1) size 90x19
                      text run at (317,1) width 90: "20. April 2001"
                    LayoutBR {BR} at (407,16) size 0x0
                    LayoutText {#text} at (200,21) size 324x19
                      text run at (200,21) width 324: "Auf einige Anfragen habe ich eine Demonstration von "
                    LayoutBR {BR} at (523,36) size 1x0
                    LayoutText {#text} at (213,41) size 298x19
                      text run at (213,41) width 298: "\"The Real Topsites\" (Toplist Script) ver\x{F6}ffentlicht!"
                    LayoutBR {BR} at (510,56) size 1x0
                    LayoutText {#text} at (241,61) size 242x19
                      text run at (241,61) width 242: "Mehr Info unter \"Perl Scripte\" im Men\x{FC}."
                LayoutTableRow {TR} at (0,1910) size 724x42
                  LayoutTableCell {TD} at (0,1910) size 724x42 [border: (1px solid #000000)] [r=27 c=0 rs=1 cs=1]
                    LayoutText {#text} at (316,1) size 92x19
                      text run at (316,1) width 92: "13. M\x{E4}rz 2001"
                    LayoutBR {BR} at (408,16) size 0x0
                    LayoutText {#text} at (228,21) size 268x19
                      text run at (228,21) width 268: "An diesem Tag ging die G5-Script.de online!"
                LayoutTableRow {TR} at (0,1952) size 724x22
                  LayoutTableCell {TD} at (0,1952) size 724x22 [border: (1px solid #000000)] [r=28 c=0 rs=1 cs=1]
                    LayoutText {#text} at (360,1) size 4x19
                      text run at (360,1) width 4: " "
            LayoutBlockFlow (anonymous) at (0,1996) size 765x20
              LayoutBR {BR} at (382,0) size 1x19
