layer at (0,0) size 800x600
  LayoutView at (0,0) size 800x600
layer at (0,0) size 800x600
  LayoutBlockFlow {HTML} at (0,0) size 800x600
    LayoutBlockFlow {BODY} at (8,8) size 784x584
      LayoutBlockFlow (anonymous) at (0,0) size 784x16
        LayoutInline {FONT} at (0,0) size 707x16
          LayoutText {#text} at (0,0) size 707x16
            text run at (0,0) width 330: "This text node only exists once in the original document! "
            text run at (330,0) width 304: "If it were a large collection of inlines, the page would "
            text run at (634,0) width 73: "hang forever."
          LayoutInline {A} at (0,0) size 0x0
      LayoutBlockFlow (anonymous) at (0,32.17) size 784x45.17
        LayoutBlockFlow {H2} at (0,0) size 784x25
          LayoutInline {A} at (0,0) size 168x24
            LayoutText {#text} at (0,0) size 168x24
              text run at (0,0) width 168: "Table of Contents"
        LayoutTable {TABLE} at (0,41.17) size 4x4
          LayoutTableSection {TBODY} at (0,0) size 4x4
            LayoutTableRow {TR} at (0,2) size 4x0
      LayoutBlockFlow (anonymous) at (0,77.34) size 784x0
        LayoutInline {FONT} at (0,0) size 0x0
