layer at (0,0) size 800x600
  LayoutView at (0,0) size 800x600
layer at (0,0) size 800x600
  LayoutBlockFlow {HTML} at (0,0) size 800x600
    LayoutBlockFlow {BODY} at (8,8) size 784x584
      LayoutTable {TABLE} at (0,0) size 44x26
        LayoutTableSection (anonymous) at (0,0) size 44x26
          LayoutTableRow {TR} at (0,2) size 44x22
            LayoutTableCell {TD} at (2,2) size 40x22 [r=0 c=0 rs=1 cs=1]
              LayoutText {#text} at (1,1) size 38x19
                text run at (1,1) width 38: "testing"
