layer at (0,0) size 800x600
  LayoutView at (0,0) size 800x600
layer at (0,0) size 800x600
  LayoutBlockFlow {HTML} at (0,0) size 800x600
    LayoutBlockFlow {BODY} at (8,8) size 784x584 [bgcolor=#FFFFFF]
      LayoutBlockFlow {H4} at (0,0) size 784x20
        LayoutText {#text} at (0,0) size 154x19
          text run at (0,0) width 154: "Testcase distilled from "
        LayoutInline {A} at (0,0) size 482x19 [color=#0000EE]
          LayoutText {#text} at (153,0) size 482x19
            text run at (153,0) width 482: "http://www.download.com/pc/list/0,339,0-b-0-0-a-1,00.html?st.dl.fd.ag.new"
      LayoutBlockFlow {H4} at (0,41.27) size 784x20
        LayoutText {#text} at (0,0) size 293x19
          text run at (0,0) width 293: "Minimize the window and then open it again."
      LayoutTable {TABLE} at (0,82.53) size 784x26
        LayoutTableSection {TBODY} at (0,0) size 784x26
          LayoutTableRow {TR} at (0,2) size 784x22 [bgcolor=#006633]
            LayoutTableCell {TD} at (2,2) size 780x22 [r=0 c=0 rs=1 cs=1]
              LayoutInline {FONT} at (0,0) size 136x19 [color=#FFCC00]
                LayoutText {#text} at (1,1) size 8x19
                  text run at (1,1) width 8: "  "
                LayoutInline {SPAN} at (0,0) size 41x19
                  LayoutText {#text} at (9,1) size 41x19
                    text run at (9,1) width 41: "CNET"
                LayoutText {#text} at (50,1) size 11x19
                  text run at (50,1) width 11: " : "
                LayoutInline {SPAN} at (0,0) size 69x19
                  LayoutText {#text} at (61,1) size 69x19
                    text run at (61,1) width 69: "Downloads"
                LayoutText {#text} at (130,1) size 7x19
                  text run at (130,1) width 7: " :"
      LayoutBlockFlow (anonymous) at (0,108.53) size 784x20
        LayoutBR {BR} at (0,0) size 0x19
      LayoutBlockFlow {H4} at (0,149.80) size 784x20
        LayoutText {#text} at (0,0) size 476x19
          text run at (0,0) width 476: "This is the same table as above but with all <SPAN> elements removed."
      LayoutTable {TABLE} at (0,191.06) size 784x26
        LayoutTableSection {TBODY} at (0,0) size 784x26
          LayoutTableRow {TR} at (0,2) size 784x22 [bgcolor=#006633]
            LayoutTableCell {TD} at (2,2) size 780x22 [r=0 c=0 rs=1 cs=1]
              LayoutInline {FONT} at (0,0) size 136x19 [color=#FFCC00]
                LayoutText {#text} at (1,1) size 136x19
                  text run at (1,1) width 136: "  CNET : Downloads :"
