layer at (0,0) size 800x600
  LayoutView at (0,0) size 800x600
layer at (0,0) size 800x600
  LayoutBlockFlow {HTML} at (0,0) size 800x600
    LayoutBlockFlow {BODY} at (8,8) size 784x584 [bgcolor=#C0C0C0]
      LayoutTable {TABLE} at (0,0) size 400x64 [border: (5px outset #808080)]
        LayoutTableSection {TBODY} at (5,5) size 390x54
          LayoutTableRow {TR} at (0,2) size 390x24
            LayoutTableCell {TD} at (2,2) size 192x24 [border: (1px inset #808080)] [r=0 c=0 rs=1 cs=2]
              LayoutText {#text} at (2,2) size 29x19
                text run at (2,2) width 29: "50%"
            LayoutTableCell {TD} at (196,2) size 192x24 [border: (1px inset #808080)] [r=0 c=2 rs=1 cs=1]
              LayoutText {#text} at (2,2) size 20x19
                text run at (2,2) width 20: "foo"
          LayoutTableRow {TR} at (0,28) size 390x24
            LayoutTableCell {TD} at (2,28) size 95x24 [border: (1px inset #808080)] [r=1 c=0 rs=1 cs=1]
              LayoutText {#text} at (2,2) size 29x19
                text run at (2,2) width 29: "25%"
            LayoutTableCell {TD} at (99,28) size 95x24 [border: (1px inset #808080)] [r=1 c=1 rs=1 cs=1]
              LayoutText {#text} at (2,2) size 20x19
                text run at (2,2) width 20: "bar"
      LayoutBlockFlow (anonymous) at (0,64) size 784x20
        LayoutBR {BR} at (0,0) size 0x19
      LayoutTable {TABLE} at (0,84) size 400x64 [border: (5px outset #808080)]
        LayoutTableSection {TBODY} at (5,5) size 390x54
          LayoutTableRow {TR} at (0,2) size 390x24
            LayoutTableCell {TD} at (2,2) size 193x24 [border: (1px inset #808080)] [r=0 c=0 rs=1 cs=2]
              LayoutText {#text} at (2,2) size 20x19
                text run at (2,2) width 20: "foo"
            LayoutTableCell {TD} at (197,2) size 191x24 [border: (1px inset #808080)] [r=0 c=2 rs=1 cs=1]
              LayoutText {#text} at (2,2) size 29x19
                text run at (2,2) width 29: "50%"
          LayoutTableRow {TR} at (0,28) size 390x24
            LayoutTableCell {TD} at (2,28) size 95x24 [border: (1px inset #808080)] [r=1 c=0 rs=1 cs=1]
              LayoutText {#text} at (2,2) size 29x19
                text run at (2,2) width 29: "25%"
            LayoutTableCell {TD} at (99,28) size 96x24 [border: (1px inset #808080)] [r=1 c=1 rs=1 cs=1]
              LayoutText {#text} at (2,2) size 20x19
                text run at (2,2) width 20: "bar"
