layer at (0,0) size 800x600
  LayoutView at (0,0) size 800x600
layer at (0,0) size 800x600
  LayoutBlockFlow {HTML} at (0,0) size 800x600
    LayoutBlockFlow {BODY} at (8,8) size 784x584
      LayoutBlockFlow (anonymous) at (0,0) size 784x20
        LayoutText {#text} at (0,0) size 182x19
          text run at (0,0) width 182: "The simplified original testcase"
      LayoutBlockFlow {P} at (0,36) size 784x94
        LayoutTable {TABLE} at (0,0) size 640x94 [border: (1px outset #808080)]
          LayoutTableSection {TBODY} at (1,1) size 638x92
            LayoutTableRow {TR} at (0,2) size 638x62
              LayoutTableCell {TD} at (2,2) size 634x62 [border: (1px inset #808080)] [r=0 c=0 rs=1 cs=2]
                LayoutImage {IMG} at (2,2) size 600x58
            LayoutTableRow {TR} at (0,66) size 638x24
              LayoutTableCell {TD} at (2,66) size 127x24 [border: (1px inset #808080)] [r=1 c=0 rs=1 cs=1]
                LayoutText {#text} at (2,2) size 55x19
                  text run at (2,2) width 55: "MC Visa"
              LayoutTableCell {TD} at (131,66) size 505x24 [border: (1px inset #808080)] [r=1 c=1 rs=1 cs=1]
                LayoutText {#text} at (2,2) size 42x19
                  text run at (2,2) width 42: "SLmail"
      LayoutBlockFlow {HR} at (0,146) size 130x2 [border: (1px inset #EEEEEE)]
      LayoutBlockFlow (anonymous) at (0,156) size 784x20
        LayoutText {#text} at (0,0) size 384x19
          text run at (0,0) width 384: "The simplified original testcase with image size reduced to190px"
      LayoutBlockFlow {P} at (0,192) size 784x54
        LayoutTable {TABLE} at (0,0) size 640x54 [border: (1px outset #808080)]
          LayoutTableSection {TBODY} at (1,1) size 638x52
            LayoutTableRow {TR} at (0,2) size 638x22
              LayoutTableCell {TD} at (2,2) size 634x22 [border: (1px inset #808080)] [r=0 c=0 rs=1 cs=2]
                LayoutImage {IMG} at (2,2) size 190x18.36
            LayoutTableRow {TR} at (0,26) size 638x24
              LayoutTableCell {TD} at (2,26) size 127x24 [border: (1px inset #808080)] [r=1 c=0 rs=1 cs=1]
                LayoutText {#text} at (2,2) size 55x19
                  text run at (2,2) width 55: "MC Visa"
              LayoutTableCell {TD} at (131,26) size 505x24 [border: (1px inset #808080)] [r=1 c=1 rs=1 cs=1]
                LayoutText {#text} at (2,2) size 42x19
                  text run at (2,2) width 42: "SLmail"
      LayoutBlockFlow {HR} at (0,262) size 130x2 [border: (1px inset #EEEEEE)]
      LayoutBlockFlow (anonymous) at (0,272) size 784x20
        LayoutText {#text} at (0,0) size 139x19
          text run at (0,0) width 139: "Testcase without image"
      LayoutBlockFlow {P} at (0,308) size 784x76
        LayoutTable {TABLE} at (0,0) size 640x76 [border: (1px outset #808080)]
          LayoutTableSection {TBODY} at (1,1) size 638x74
            LayoutTableRow {TR} at (0,2) size 638x44
              LayoutTableCell {TD} at (2,2) size 634x44 [border: (1px inset #808080)] [r=0 c=0 rs=1 cs=2]
                LayoutText {#text} at (2,2) size 620x39
                  text run at (2,2) width 620: "text text text text text text text text text text text text text text text text text text text text text text text text"
                  text run at (2,22) width 126: "text text text text text"
            LayoutTableRow {TR} at (0,48) size 638x24
              LayoutTableCell {TD} at (2,48) size 127x24 [border: (1px inset #808080)] [r=1 c=0 rs=1 cs=1]
                LayoutText {#text} at (2,2) size 55x19
                  text run at (2,2) width 55: "MC Visa"
              LayoutTableCell {TD} at (131,48) size 505x24 [border: (1px inset #808080)] [r=1 c=1 rs=1 cs=1]
                LayoutText {#text} at (2,2) size 42x19
                  text run at (2,2) width 42: "SLmail"
      LayoutBlockFlow {HR} at (0,400) size 130x2 [border: (1px inset #EEEEEE)]
