layer at (0,0) size 800x600
  LayoutView at (0,0) size 800x600
layer at (0,0) size 800x600
  LayoutBlockFlow {HTML} at (0,0) size 800x600
    LayoutBlockFlow {BODY} at (8,8) size 784x584 [bgcolor=#FFFFFF]
      LayoutBlockFlow {HR} at (0,0) size 112x2 [border: (1px inset #EEEEEE)]
      LayoutTable {TABLE} at (0,10) size 290x60
        LayoutTableSection {TBODY} at (0,0) size 290x60
          LayoutTableRow {TR} at (0,0) size 290x60
            LayoutTableCell {TD} at (0,0) size 150x60 [bgcolor=#FFFF00] [r=0 c=0 rs=1 cs=1]
              LayoutText {#text} at (20,20) size 7x19
                text run at (20,20) width 7: "x"
            LayoutTableCell {TD} at (150,0) size 140x60 [bgcolor=#808080] [r=0 c=1 rs=1 cs=1]
              LayoutText {#text} at (20,20) size 21x19
                text run at (20,20) width 21: "bull"
