layer at (0,0) size 800x600
  LayoutView at (0,0) size 800x600
layer at (0,0) size 800x600
  LayoutBlockFlow {HTML} at (0,0) size 800x600
    LayoutBlockFlow {BODY} at (8,8) size 784x576 [bgcolor=#FFFFFF]
      LayoutBlockFlow {H4} at (0,0) size 784x20
        LayoutText {#text} at (0,0) size 523x19
          text run at (0,0) width 523: "TBODY is not correctly positioned when TFOOT is present but THEAD is not:"
      LayoutTable {TABLE} at (0,41.27) size 63x56 [border: (1px outset #808080)]
        LayoutTableSection {TFOOT} at (1,29) size 61x26
          LayoutTableRow {TR} at (0,0) size 61x24
            LayoutTableCell {TD} at (2,0) size 57x24 [border: (1px inset #808080)] [r=0 c=0 rs=1 cs=1]
              LayoutText {#text} at (2,2) size 51x19
                text run at (2,2) width 51: "TFOOT"
        LayoutTableSection {TBODY} at (1,1) size 61x28
          LayoutTableRow {TR} at (0,2) size 61x24
            LayoutTableCell {TD} at (2,2) size 57x24 [border: (1px inset #808080)] [r=0 c=0 rs=1 cs=1]
              LayoutText {#text} at (2,2) size 53x19
                text run at (2,2) width 53: "TBODY"
      LayoutBlockFlow (anonymous) at (0,97.27) size 784x20
        LayoutBR {BR} at (0,0) size 0x19
      LayoutTable {TABLE} at (0,117.27) size 65x82 [border: (1px outset #808080)]
        LayoutTableSection {THEAD} at (1,1) size 63x28
          LayoutTableRow {TR} at (0,2) size 63x24
            LayoutTableCell {TH} at (2,2) size 59x24 [border: (1px inset #808080)] [r=0 c=0 rs=1 cs=1]
              LayoutText {#text} at (2,2) size 55x19
                text run at (2,2) width 55: "THEAD"
        LayoutTableSection {TFOOT} at (1,55) size 63x26
          LayoutTableRow {TR} at (0,0) size 63x24
            LayoutTableCell {TD} at (2,0) size 59x24 [border: (1px inset #808080)] [r=0 c=0 rs=1 cs=1]
              LayoutText {#text} at (2,2) size 51x19
                text run at (2,2) width 51: "TFOOT"
        LayoutTableSection {TBODY} at (1,29) size 63x26
          LayoutTableRow {TR} at (0,0) size 63x24
            LayoutTableCell {TD} at (2,0) size 59x24 [border: (1px inset #808080)] [r=0 c=0 rs=1 cs=1]
              LayoutText {#text} at (2,2) size 53x19
                text run at (2,2) width 53: "TBODY"
      LayoutBlockFlow {P} at (0,215.27) size 784x234
        LayoutBlockFlow (anonymous) at (0,0) size 784x20
          LayoutText {#text} at (0,0) size 148x19
            text run at (0,0) width 148: "Same as above but with "
          LayoutInline {CODE} at (0,0) size 128x16
            LayoutText {#text} at (148,3) size 128x16
              text run at (148,3) width 128: "CELLSPACING=\"10\""
          LayoutText {#text} at (276,0) size 3x19
            text run at (276,0) width 3: ":"
        LayoutTable {TABLE} at (0,20) size 79x80 [border: (1px outset #808080)]
          LayoutTableSection {TFOOT} at (1,45) size 77x34
            LayoutTableRow {TR} at (0,0) size 77x24
              LayoutTableCell {TD} at (10,0) size 57x24 [border: (1px inset #808080)] [r=0 c=0 rs=1 cs=1]
                LayoutText {#text} at (2,2) size 51x19
                  text run at (2,2) width 51: "TFOOT"
          LayoutTableSection {TBODY} at (1,1) size 77x44
            LayoutTableRow {TR} at (0,10) size 77x24
              LayoutTableCell {TD} at (10,10) size 57x24 [border: (1px inset #808080)] [r=0 c=0 rs=1 cs=1]
                LayoutText {#text} at (2,2) size 53x19
                  text run at (2,2) width 53: "TBODY"
        LayoutBlockFlow (anonymous) at (0,100) size 784x20
          LayoutBR {BR} at (0,0) size 0x19
        LayoutTable {TABLE} at (0,120) size 81x114 [border: (1px outset #808080)]
          LayoutTableSection {THEAD} at (1,1) size 79x44
            LayoutTableRow {TR} at (0,10) size 79x24
              LayoutTableCell {TH} at (10,10) size 59x24 [border: (1px inset #808080)] [r=0 c=0 rs=1 cs=1]
                LayoutText {#text} at (2,2) size 55x19
                  text run at (2,2) width 55: "THEAD"
          LayoutTableSection {TFOOT} at (1,79) size 79x34
            LayoutTableRow {TR} at (0,0) size 79x24
              LayoutTableCell {TD} at (10,0) size 59x24 [border: (1px inset #808080)] [r=0 c=0 rs=1 cs=1]
                LayoutText {#text} at (2,2) size 51x19
                  text run at (2,2) width 51: "TFOOT"
          LayoutTableSection {TBODY} at (1,45) size 79x34
            LayoutTableRow {TR} at (0,0) size 79x24
              LayoutTableCell {TD} at (10,0) size 59x24 [border: (1px inset #808080)] [r=0 c=0 rs=1 cs=1]
                LayoutText {#text} at (2,2) size 53x19
                  text run at (2,2) width 53: "TBODY"
