layer at (0,0) size 800x600
  LayoutView at (0,0) size 800x600
layer at (0,0) size 800x600
  LayoutBlockFlow {HTML} at (0,0) size 800x600
    LayoutBlockFlow {BODY} at (8,8) size 784x584 [bgcolor=#FFFFFF]
      LayoutTable {TABLE} at (0,0) size 310x42 [border: (1px outset #808080)]
        LayoutTableSection {TBODY} at (1,1) size 308x40
          LayoutTableRow {TR} at (0,2) size 308x36
            LayoutTableCell {TD} at (2,2) size 304x36 [border: (1px inset #808080)] [r=0 c=0 rs=1 cs=1]
              LayoutBlockFlow {DIV} at (2,2) size 96x32 [border: (3px solid #800080)]
                LayoutBlockFlow {DIV} at (3,3) size 186x26 [border: (3px solid #0000FF)]
                  LayoutText {#text} at (3,3) size 20x19
                    text run at (3,3) width 20: "foo"
