layer at (0,0) size 800x600
  LayoutView at (0,0) size 800x600
layer at (0,0) size 800x112
  LayoutBlockFlow {HTML} at (0,0) size 800x112
    LayoutBlockFlow {BODY} at (8,8) size 784x88
      LayoutTable {TABLE} at (0,0) size 54x52
        LayoutTableSection {TBODY} at (0,0) size 54x52
          LayoutTableRow {TR} at (0,0) size 54x13
            LayoutTableCell {TD} at (0,0) size 54x52 [r=0 c=0 rs=4 cs=1]
              LayoutBlockFlow {P} at (0,16) size 54x20
                LayoutText {#text} at (0,0) size 54x19
                  text run at (0,0) width 54: "blah blah"
          LayoutTableRow {TR} at (0,13) size 54x13
          LayoutTableRow {TR} at (0,26) size 54x13
          LayoutTableRow {TR} at (0,39) size 54x13
      LayoutBlockFlow {P} at (0,68) size 784x20
        LayoutText {#text} at (0,0) size 106x19
          text run at (0,0) width 106: "text at the bottom"
