layer at (0,0) size 800x600
  LayoutView at (0,0) size 800x600
layer at (0,0) size 800x600
  LayoutBlockFlow {HTML} at (0,0) size 800x600
    LayoutBlockFlow {BODY} at (8,8) size 784x584
      LayoutTable {TABLE} at (0,0) size 600x125
        LayoutTableSection {TBODY} at (0,0) size 600x125
          LayoutTableRow {TR} at (0,0) size 600x125
            LayoutTableCell {TD} at (0,0) size 600x125 [r=0 c=0 rs=1 cs=1]
              LayoutBlockFlow (anonymous) at (0,0) size 600x60
                LayoutBR {BR} at (300,0) size 0x19
                LayoutBR {BR} at (300,20) size 0x19
                LayoutBR {BR} at (300,40) size 0x19
              LayoutTable {TABLE} at (0,60) size 600x65 [border: (1px outset #808080)]
                LayoutTableSection {TBODY} at (1,1) size 598x63
                  LayoutTableRow {TR} at (0,0) size 598x63
                    LayoutTableCell {TD} at (0,0) size 299x63 [border: (1px inset #808080)] [r=0 c=0 rs=1 cs=1]
                      LayoutTable {TABLE} at (1,1) size 297x61
                        LayoutTableSection {TBODY} at (0,0) size 297x61
                          LayoutTableRow {TR} at (0,1) size 297x19 [bgcolor=#CD9944]
                            LayoutTableCell {TD} at (1,1) size 105x19 [r=0 c=0 rs=1 cs=1]
                              LayoutInline {FONT} at (0,0) size 40x13 [color=#FFFFFF]
                                LayoutText {#text} at (3,3) size 40x13
                                  text run at (3,3) width 40: "Funktion"
                          LayoutTableRow {TR} at (0,21) size 297x19 [bgcolor=#E7E7AD]
                            LayoutTableCell {TD} at (1,21) size 105x19 [r=1 c=0 rs=1 cs=1]
                              LayoutInline {FONT} at (0,0) size 67x13
                                LayoutText {#text} at (3,3) size 67x13
                                  text run at (3,3) width 67: "Umlaufrendite"
                          LayoutTableRow {TR} at (0,41) size 297x19 [bgcolor=#E7DEA5]
                            LayoutTableCell {TD} at (1,41) size 105x19 [r=2 c=0 rs=1 cs=1]
                              LayoutInline {FONT} at (0,0) size 70x13
                                LayoutText {#text} at (3,3) size 70x13
                                  text run at (3,3) width 70: "10 Jahre US %"
                            LayoutTableCell {TD} at (107,41) size 37x19 [r=2 c=1 rs=1 cs=1]
                              LayoutInline {FONT} at (0,0) size 21x13
                                LayoutText {#text} at (3,3) size 21x13
                                  text run at (3,3) width 21: "4,75"
                            LayoutTableCell {TD} at (145,42) size 23x17 [r=2 c=2 rs=1 cs=1]
                              LayoutImage {IMG} at (6,3) size 11x11
                            LayoutTableCell {TD} at (169,41) size 42x19 [r=2 c=3 rs=1 cs=1]
                              LayoutInline {FONT} at (0,0) size 24x13
                                LayoutText {#text} at (3,3) size 24x13
                                  text run at (3,3) width 24: "-0.02"
                            LayoutTableCell {TD} at (212,41) size 51x19 [r=2 c=4 rs=1 cs=1]
                              LayoutInline {FONT} at (0,0) size 30x13
                                LayoutText {#text} at (3,3) size 30x13
                                  text run at (3,3) width 30: "03.12."
                            LayoutTableCell {TD} at (264,42) size 32x16 [r=2 c=5 rs=1 cs=1]
                              LayoutInline {FONT} at (0,0) size 16x13
                                LayoutInline {A} at (0,0) size 16x13 [color=#0000EE]
                                  LayoutImage {IMG} at (8,3) size 16x10
                    LayoutTableCell {TD} at (299,0) size 299x63 [border: (1px inset #808080)] [r=0 c=1 rs=1 cs=1]
                      LayoutTable {TABLE} at (1,1) size 297x61
                        LayoutTableSection {TBODY} at (0,0) size 297x61
                          LayoutTableRow {TR} at (0,1) size 297x20 [bgcolor=#CD9944]
                            LayoutTableCell {TD} at (1,1) size 204x19 [r=0 c=0 rs=1 cs=1]
                              LayoutInline {FONT} at (0,0) size 44x13 [color=#FFFFFF]
                                LayoutText {#text} at (3,3) size 44x13
                                  text run at (3,3) width 44: "Rohstoffe"
                          LayoutTableRow {TR} at (0,22) size 297x18 [bgcolor=#E7E7AD]
                            LayoutTableCell {TD} at (1,22) size 204x17 [r=1 c=0 rs=1 cs=1]
                              LayoutImage {IMG} at (96.50,3) size 11x11
                            LayoutTableCell {TD} at (206,23) size 90x16 [r=1 c=1 rs=1 cs=1]
                              LayoutInline {FONT} at (0,0) size 16x13
                                LayoutInline {A} at (0,0) size 16x13 [color=#0000EE]
                                  LayoutImage {IMG} at (37,3) size 16x10
                          LayoutTableRow {TR} at (0,41) size 297x19 [bgcolor=#E7DEA5]
                            LayoutTableCell {TD} at (1,42) size 204x17 [r=2 c=0 rs=1 cs=1]
                              LayoutImage {IMG} at (96.50,3) size 11x11
                            LayoutTableCell {TD} at (206,42) size 90x16 [r=2 c=1 rs=1 cs=1]
                              LayoutInline {FONT} at (0,0) size 16x13
                                LayoutInline {A} at (0,0) size 16x13 [color=#0000EE]
                                  LayoutImage {IMG} at (37,3) size 16x10
