layer at (0,0) size 800x600
  LayoutView at (0,0) size 800x600
layer at (0,0) size 800x600
  LayoutBlockFlow {HTML} at (0,0) size 800x600
    LayoutBlockFlow {BODY} at (8,8) size 784x584 [bgcolor=#FFFFFF]
      LayoutBlockFlow {H4} at (0,0) size 784x20
        LayoutText {#text} at (0,0) size 154x19
          text run at (0,0) width 154: "Testcase distilled from "
        LayoutInline {A} at (0,0) size 482x19 [color=#0000EE]
          LayoutText {#text} at (153,0) size 482x19
            text run at (153,0) width 482: "http://www.download.com/pc/list/0,339,0-b-0-0-a-1,00.html?st.dl.fd.ag.new"
      LayoutBlockFlow {H4} at (0,41.27) size 784x20
        LayoutText {#text} at (0,0) size 494x19
          text run at (0,0) width 494: "Resize the width of the window and watch the Buy and Pick columns below."
      LayoutTable {TABLE} at (0,82.53) size 784x70
        LayoutTableSection {TBODY} at (0,0) size 784x70
          LayoutTableRow {TR} at (0,2) size 784x22 [bgcolor=#CCCCCC]
            LayoutTableCell {TD} at (2,2) size 709x22 [r=0 c=0 rs=1 cs=1]
              LayoutText {#text} at (1,1) size 95x19
                text run at (1,1) width 95: "Re-sort by Title"
            LayoutTableCell {TD} at (713,2) size 30x22 [r=0 c=1 rs=1 cs=1]
              LayoutInline {SPAN} at (0,0) size 24x19
                LayoutText {#text} at (1,1) size 24x19
                  text run at (1,1) width 24: "Buy"
              LayoutText {#text} at (25,1) size 4x19
                text run at (25,1) width 4: " "
            LayoutTableCell {TD} at (745,2) size 37x22 [r=0 c=2 rs=1 cs=1]
              LayoutText {#text} at (1,1) size 4x19
                text run at (1,1) width 4: " "
              LayoutInline {SPAN} at (0,0) size 27x19
                LayoutText {#text} at (5,1) size 27x19
                  text run at (5,1) width 27: "Pick"
              LayoutText {#text} at (32,1) size 4x19
                text run at (32,1) width 4: " "
          LayoutTableRow {TR} at (0,26) size 784x42
            LayoutTableCell {TD} at (2,26) size 709x42 [r=1 c=0 rs=1 cs=1]
              LayoutText {#text} at (1,1) size 647x39
                text run at (1,1) width 421: "Norton AntiVirus Definitions Update 10/21/99 Update your NAV for "
                text run at (421,1) width 227: "Windows 95/98/NT, Lotus Notes, or"
                text run at (1,21) width 244: "Exchange with the latest virus definitions."
            LayoutTableCell {TD} at (713,36) size 30x22 [r=1 c=1 rs=1 cs=1]
              LayoutText {#text} at (1,1) size 4x19
                text run at (1,1) width 4: " "
            LayoutTableCell {TD} at (745,36) size 37x22 [r=1 c=2 rs=1 cs=1]
              LayoutText {#text} at (1,1) size 4x19
                text run at (1,1) width 4: " "
      LayoutBlockFlow (anonymous) at (0,152.53) size 784x20
        LayoutBR {BR} at (0,0) size 0x19
      LayoutBlockFlow {H4} at (0,193.80) size 784x20
        LayoutText {#text} at (0,0) size 476x19
          text run at (0,0) width 476: "This is the same table as above but with all <SPAN> elements removed."
      LayoutTable {TABLE} at (0,235.06) size 784x70
        LayoutTableSection {TBODY} at (0,0) size 784x70
          LayoutTableRow {TR} at (0,2) size 784x22 [bgcolor=#CCCCCC]
            LayoutTableCell {TD} at (2,2) size 709x22 [r=0 c=0 rs=1 cs=1]
              LayoutText {#text} at (1,1) size 95x19
                text run at (1,1) width 95: "Re-sort by Title"
            LayoutTableCell {TD} at (713,2) size 30x22 [r=0 c=1 rs=1 cs=1]
              LayoutText {#text} at (1,1) size 28x19
                text run at (1,1) width 28: "Buy "
            LayoutTableCell {TD} at (745,2) size 37x22 [r=0 c=2 rs=1 cs=1]
              LayoutText {#text} at (1,1) size 35x19
                text run at (1,1) width 35: " Pick "
          LayoutTableRow {TR} at (0,26) size 784x42
            LayoutTableCell {TD} at (2,26) size 709x42 [r=1 c=0 rs=1 cs=1]
              LayoutText {#text} at (1,1) size 647x39
                text run at (1,1) width 421: "Norton AntiVirus Definitions Update 10/21/99 Update your NAV for "
                text run at (421,1) width 227: "Windows 95/98/NT, Lotus Notes, or"
                text run at (1,21) width 244: "Exchange with the latest virus definitions."
            LayoutTableCell {TD} at (713,36) size 30x22 [r=1 c=1 rs=1 cs=1]
              LayoutText {#text} at (1,1) size 4x19
                text run at (1,1) width 4: " "
            LayoutTableCell {TD} at (745,36) size 37x22 [r=1 c=2 rs=1 cs=1]
              LayoutText {#text} at (1,1) size 4x19
                text run at (1,1) width 4: " "
