layer at (0,0) size 800x600
  LayoutView at (0,0) size 800x600
layer at (0,0) size 800x464
  LayoutBlockFlow {HTML} at (0,0) size 800x464
    LayoutBlockFlow {BODY} at (8,8) size 784x448
      LayoutBlockFlow (anonymous) at (0,0) size 784x20
        LayoutText {#text} at (0,0) size 285x19
          text run at (0,0) width 285: "Table 1: border=1 cellspacing=0 cellpadding=0"
      LayoutTable {TABLE} at (0,20) size 64x24 [border: (1px outset #808080)]
        LayoutTableSection {TBODY} at (1,1) size 62x22
          LayoutTableRow {TR} at (0,0) size 62x11
            LayoutTableCell {TD} at (0,0) size 62x22 [border: (1px inset #808080)] [r=0 c=0 rs=2 cs=1]
              LayoutText {#text} at (1,1) size 60x19
                text run at (1,1) width 60: "First Row"
          LayoutTableRow {TR} at (0,11) size 62x11
      LayoutBlockFlow (anonymous) at (0,44) size 784x20
        LayoutText {#text} at (0,0) size 285x19
          text run at (0,0) width 285: "Table 2: border=1 cellspacing=1 cellpadding=0"
      LayoutTable {TABLE} at (0,64) size 66x26 [border: (1px outset #808080)]
        LayoutTableSection {TBODY} at (1,1) size 64x24
          LayoutTableRow {TR} at (0,1) size 64x10
            LayoutTableCell {TD} at (1,1) size 62x22 [border: (1px inset #808080)] [r=0 c=0 rs=2 cs=1]
              LayoutText {#text} at (1,1) size 60x19
                text run at (1,1) width 60: "First Row"
          LayoutTableRow {TR} at (0,12) size 64x11
      LayoutBlockFlow (anonymous) at (0,90) size 784x20
        LayoutText {#text} at (0,0) size 285x19
          text run at (0,0) width 285: "Table 3: border=1 cellspacing=0 cellpadding=1"
      LayoutTable {TABLE} at (0,110) size 66x26 [border: (1px outset #808080)]
        LayoutTableSection {TBODY} at (1,1) size 64x24
          LayoutTableRow {TR} at (0,0) size 64x12
            LayoutTableCell {TD} at (0,0) size 64x24 [border: (1px inset #808080)] [r=0 c=0 rs=2 cs=1]
              LayoutText {#text} at (2,2) size 60x19
                text run at (2,2) width 60: "First Row"
          LayoutTableRow {TR} at (0,12) size 64x12
      LayoutBlockFlow (anonymous) at (0,136) size 784x20
        LayoutText {#text} at (0,0) size 285x19
          text run at (0,0) width 285: "Table 4: border=1 cellspacing=1 cellpadding=1"
      LayoutTable {TABLE} at (0,156) size 68x28 [border: (1px outset #808080)]
        LayoutTableSection {TBODY} at (1,1) size 66x26
          LayoutTableRow {TR} at (0,1) size 66x11
            LayoutTableCell {TD} at (1,1) size 64x24 [border: (1px inset #808080)] [r=0 c=0 rs=2 cs=1]
              LayoutText {#text} at (2,2) size 60x19
                text run at (2,2) width 60: "First Row"
          LayoutTableRow {TR} at (0,13) size 66x12
      LayoutBlockFlow (anonymous) at (0,184) size 784x100
        LayoutBR {BR} at (0,0) size 0x19
        LayoutBR {BR} at (0,20) size 0x19
        LayoutText {#text} at (0,40) size 432x19
          text run at (0,40) width 432: "Same tables as above but removing height=\"50%\" from the second row:"
        LayoutBR {BR} at (432,40) size 0x19
        LayoutBR {BR} at (0,60) size 0x19
        LayoutText {#text} at (0,80) size 285x19
          text run at (0,80) width 285: "Table 5: border=1 cellspacing=0 cellpadding=0"
      LayoutTable {TABLE} at (0,284) size 64x24 [border: (1px outset #808080)]
        LayoutTableSection {TBODY} at (1,1) size 62x22
          LayoutTableRow {TR} at (0,0) size 62x11
            LayoutTableCell {TD} at (0,0) size 62x22 [border: (1px inset #808080)] [r=0 c=0 rs=2 cs=1]
              LayoutText {#text} at (1,1) size 60x19
                text run at (1,1) width 60: "First Row"
          LayoutTableRow {TR} at (0,11) size 62x11
      LayoutBlockFlow (anonymous) at (0,308) size 784x20
        LayoutText {#text} at (0,0) size 285x19
          text run at (0,0) width 285: "Table 6: border=1 cellspacing=1 cellpadding=0"
      LayoutTable {TABLE} at (0,328) size 66x26 [border: (1px outset #808080)]
        LayoutTableSection {TBODY} at (1,1) size 64x24
          LayoutTableRow {TR} at (0,1) size 64x10
            LayoutTableCell {TD} at (1,1) size 62x22 [border: (1px inset #808080)] [r=0 c=0 rs=2 cs=1]
              LayoutText {#text} at (1,1) size 60x19
                text run at (1,1) width 60: "First Row"
          LayoutTableRow {TR} at (0,12) size 64x11
      LayoutBlockFlow (anonymous) at (0,354) size 784x20
        LayoutText {#text} at (0,0) size 285x19
          text run at (0,0) width 285: "Table 7: border=1 cellspacing=0 cellpadding=1"
      LayoutTable {TABLE} at (0,374) size 66x26 [border: (1px outset #808080)]
        LayoutTableSection {TBODY} at (1,1) size 64x24
          LayoutTableRow {TR} at (0,0) size 64x12
            LayoutTableCell {TD} at (0,0) size 64x24 [border: (1px inset #808080)] [r=0 c=0 rs=2 cs=1]
              LayoutText {#text} at (2,2) size 60x19
                text run at (2,2) width 60: "First Row"
          LayoutTableRow {TR} at (0,12) size 64x12
      LayoutBlockFlow (anonymous) at (0,400) size 784x20
        LayoutText {#text} at (0,0) size 285x19
          text run at (0,0) width 285: "Table 8: border=1 cellspacing=1 cellpadding=1"
      LayoutTable {TABLE} at (0,420) size 68x28 [border: (1px outset #808080)]
        LayoutTableSection {TBODY} at (1,1) size 66x26
          LayoutTableRow {TR} at (0,1) size 66x11
            LayoutTableCell {TD} at (1,1) size 64x24 [border: (1px inset #808080)] [r=0 c=0 rs=2 cs=1]
              LayoutText {#text} at (2,2) size 60x19
                text run at (2,2) width 60: "First Row"
          LayoutTableRow {TR} at (0,13) size 66x12
