layer at (0,0) size 800x600
  LayoutView at (0,0) size 800x600
layer at (0,0) size 800x600
  LayoutBlockFlow {HTML} at (0,0) size 800x600
    LayoutBlockFlow {BODY} at (8,8) size 784x584
      LayoutBlockFlow (anonymous) at (0,0) size 784x20
        LayoutText {#text} at (0,0) size 263x19
          text run at (0,0) width 263: "border=\"0\" cellspacing=\"0\" cellpadding=\"0\""
      LayoutTable {TABLE} at (0,20) size 784x36 [bgcolor=#DDDD33]
        LayoutTableSection {TBODY} at (0,0) size 784x36
          LayoutTableRow {TR} at (0,0) size 784x36
            LayoutTableCell {TD} at (0,18) size 12x0 [r=0 c=0 rs=1 cs=1]
            LayoutTableCell {TD} at (12,0) size 760x36 [r=0 c=1 rs=1 cs=1]
            LayoutTableCell {TD} at (772,18) size 12x0 [r=0 c=2 rs=1 cs=1]
      LayoutBlockFlow (anonymous) at (0,56) size 784x20
        LayoutText {#text} at (0,0) size 191x19
          text run at (0,0) width 191: "cellspacing=\"0\" cellpadding=\"0\""
      LayoutTable {TABLE} at (0,76) size 784x36 [bgcolor=#CCCCFF]
        LayoutTableSection {TBODY} at (0,0) size 784x36
          LayoutTableRow {TR} at (0,0) size 784x36
            LayoutTableCell {TD} at (0,18) size 12x0 [r=0 c=0 rs=1 cs=1]
            LayoutTableCell {TD} at (12,0) size 760x36 [r=0 c=1 rs=1 cs=1]
            LayoutTableCell {TD} at (772,18) size 12x0 [r=0 c=2 rs=1 cs=1]
      LayoutBlockFlow (anonymous) at (0,112) size 784x20
        LayoutText {#text} at (0,0) size 95x19
          text run at (0,0) width 95: "cellpadding=\"0\""
      LayoutTable {TABLE} at (0,132) size 784x40 [bgcolor=#FF9999]
        LayoutTableSection {TBODY} at (0,0) size 784x40
          LayoutTableRow {TR} at (0,2) size 784x36
            LayoutTableCell {TD} at (2,20) size 12x0 [r=0 c=0 rs=1 cs=1]
            LayoutTableCell {TD} at (16,2) size 752x36 [r=0 c=1 rs=1 cs=1]
            LayoutTableCell {TD} at (770,20) size 12x0 [r=0 c=2 rs=1 cs=1]
      LayoutBlockFlow (anonymous) at (0,172) size 784x20
        LayoutText {#text} at (0,0) size 167x19
          text run at (0,0) width 167: "border=\"0\" cellpadding=\"0\""
      LayoutTable {TABLE} at (0,192) size 784x40 [bgcolor=#AAEEBB]
        LayoutTableSection {TBODY} at (0,0) size 784x40
          LayoutTableRow {TR} at (0,2) size 784x36
            LayoutTableCell {TD} at (2,20) size 12x0 [r=0 c=0 rs=1 cs=1]
            LayoutTableCell {TD} at (16,2) size 752x36 [r=0 c=1 rs=1 cs=1]
            LayoutTableCell {TD} at (770,20) size 12x0 [r=0 c=2 rs=1 cs=1]
      LayoutBlockFlow (anonymous) at (0,232) size 784x20
        LayoutInline {FONT} at (0,0) size 26x19 [color=#0000FF]
          LayoutText {#text} at (0,0) size 26x19
            text run at (0,0) width 26: "right"
        LayoutText {#text} at (26,0) size 72x19
          text run at (26,0) width 72: " border=\"0\""
      LayoutTable {TABLE} at (0,252) size 784x42 [bgcolor=#FFCCEE]
        LayoutTableSection {TBODY} at (0,0) size 784x42
          LayoutTableRow {TR} at (0,2) size 784x38
            LayoutTableCell {TD} at (2,20) size 14x2 [r=0 c=0 rs=1 cs=1]
            LayoutTableCell {TD} at (18,2) size 748x38 [r=0 c=1 rs=1 cs=1]
            LayoutTableCell {TD} at (768,20) size 14x2 [r=0 c=2 rs=1 cs=1]
      LayoutBlockFlow (anonymous) at (0,294) size 784x20
        LayoutInline {FONT} at (0,0) size 26x19 [color=#0000FF]
          LayoutText {#text} at (0,0) size 26x19
            text run at (0,0) width 26: "right"
        LayoutText {#text} at (26,0) size 99x19
          text run at (26,0) width 99: " cellpadding=\"1\""
      LayoutTable {TABLE} at (0,314) size 784x42 [bgcolor=#66DDFF]
        LayoutTableSection {TBODY} at (0,0) size 784x42
          LayoutTableRow {TR} at (0,2) size 784x38
            LayoutTableCell {TD} at (2,20) size 14x2 [r=0 c=0 rs=1 cs=1]
            LayoutTableCell {TD} at (18,2) size 748x38 [r=0 c=1 rs=1 cs=1]
            LayoutTableCell {TD} at (768,20) size 14x2 [r=0 c=2 rs=1 cs=1]
      LayoutBlockFlow (anonymous) at (0,356) size 784x20
        LayoutInline {FONT} at (0,0) size 26x19 [color=#0000FF]
          LayoutText {#text} at (0,0) size 26x19
            text run at (0,0) width 26: "right"
        LayoutText {#text} at (26,0) size 267x19
          text run at (26,0) width 267: " border=\"1\" cellspacing=\"0\" cellpadding=\"0\""
      LayoutTable {TABLE} at (0,376) size 784x40 [bgcolor=#EEEEEE] [border: (1px outset #808080)]
        LayoutTableSection {TBODY} at (1,1) size 782x38
          LayoutTableRow {TR} at (0,0) size 782x38
            LayoutTableCell {TD} at (0,18) size 14x2 [border: (1px inset #808080)] [r=0 c=0 rs=1 cs=1]
            LayoutTableCell {TD} at (14,0) size 754x38 [border: (1px inset #808080)] [r=0 c=1 rs=1 cs=1]
            LayoutTableCell {TD} at (768,18) size 14x2 [border: (1px inset #808080)] [r=0 c=2 rs=1 cs=1]
      LayoutBlockFlow (anonymous) at (0,416) size 784x20
        LayoutInline {FONT} at (0,0) size 26x19 [color=#0000FF]
          LayoutText {#text} at (0,0) size 26x19
            text run at (0,0) width 26: "right"
        LayoutText {#text} at (26,0) size 168x19
          text run at (26,0) width 168: " border=\"1\" cellspacing=\"0\""
      LayoutTable {TABLE} at (0,436) size 784x42 [bgcolor=#FFCC66] [border: (1px outset #808080)]
        LayoutTableSection {TBODY} at (1,1) size 782x40
          LayoutTableRow {TR} at (0,0) size 782x40
            LayoutTableCell {TD} at (0,18) size 16x4 [border: (1px inset #808080)] [r=0 c=0 rs=1 cs=1]
            LayoutTableCell {TD} at (16,0) size 750x40 [border: (1px inset #808080)] [r=0 c=1 rs=1 cs=1]
            LayoutTableCell {TD} at (766,18) size 16x4 [border: (1px inset #808080)] [r=0 c=2 rs=1 cs=1]
      LayoutBlockFlow (anonymous) at (0,478) size 784x20
        LayoutInline {FONT} at (0,0) size 26x19 [color=#0000FF]
          LayoutText {#text} at (0,0) size 26x19
            text run at (0,0) width 26: "right"
        LayoutText {#text} at (26,0) size 72x19
          text run at (26,0) width 72: " border=\"1\""
      LayoutTable {TABLE} at (0,498) size 784x46 [bgcolor=#CCFF33] [border: (1px outset #808080)]
        LayoutTableSection {TBODY} at (1,1) size 782x44
          LayoutTableRow {TR} at (0,2) size 782x40
            LayoutTableCell {TD} at (2,20) size 16x4 [border: (1px inset #808080)] [r=0 c=0 rs=1 cs=1]
            LayoutTableCell {TD} at (20,2) size 742x40 [border: (1px inset #808080)] [r=0 c=1 rs=1 cs=1]
            LayoutTableCell {TD} at (764,20) size 16x4 [border: (1px inset #808080)] [r=0 c=2 rs=1 cs=1]
layer at (20,28) size 760x36 clip at (21,29) size 758x34
  LayoutTextControl {TEXTAREA} at (0,0) size 760x36 [bgcolor=#FFFFFF] [border: (1px solid #A9A9A9)]
    LayoutBlockFlow {DIV} at (3,3) size 756x16
      LayoutText {#text} at (0,0) size 32x16
        text run at (0,0) width 32: "test"
layer at (20,84) size 760x36 clip at (21,85) size 758x34
  LayoutTextControl {TEXTAREA} at (0,0) size 760x36 [bgcolor=#FFFFFF] [border: (1px solid #A9A9A9)]
    LayoutBlockFlow {DIV} at (3,3) size 756x16
      LayoutText {#text} at (0,0) size 32x16
        text run at (0,0) width 32: "test"
layer at (24,142) size 752x36 clip at (25,143) size 750x34
  LayoutTextControl {TEXTAREA} at (0,0) size 752x36 [bgcolor=#FFFFFF] [border: (1px solid #A9A9A9)]
    LayoutBlockFlow {DIV} at (3,3) size 748x16
      LayoutText {#text} at (0,0) size 32x16
        text run at (0,0) width 32: "test"
layer at (24,202) size 752x36 clip at (25,203) size 750x34
  LayoutTextControl {TEXTAREA} at (0,0) size 752x36 [bgcolor=#FFFFFF] [border: (1px solid #A9A9A9)]
    LayoutBlockFlow {DIV} at (3,3) size 748x16
      LayoutText {#text} at (0,0) size 32x16
        text run at (0,0) width 32: "test"
layer at (27,263) size 746x36 clip at (28,264) size 744x34
  LayoutTextControl {TEXTAREA} at (1,1) size 746x36 [bgcolor=#FFFFFF] [border: (1px solid #A9A9A9)]
    LayoutBlockFlow {DIV} at (3,3) size 742x16
      LayoutText {#text} at (0,0) size 32x16
        text run at (0,0) width 32: "test"
layer at (27,325) size 746x36 clip at (28,326) size 744x34
  LayoutTextControl {TEXTAREA} at (1,1) size 746x36 [bgcolor=#FFFFFF] [border: (1px solid #A9A9A9)]
    LayoutBlockFlow {DIV} at (3,3) size 742x16
      LayoutText {#text} at (0,0) size 32x16
        text run at (0,0) width 32: "test"
layer at (24,386) size 752x36 clip at (25,387) size 750x34
  LayoutTextControl {TEXTAREA} at (1,1) size 752x36 [bgcolor=#FFFFFF] [border: (1px solid #A9A9A9)]
    LayoutBlockFlow {DIV} at (3,3) size 748x16
      LayoutText {#text} at (0,0) size 32x16
        text run at (0,0) width 32: "test"
layer at (27,447) size 746x36 clip at (28,448) size 744x34
  LayoutTextControl {TEXTAREA} at (2,2) size 746x36 [bgcolor=#FFFFFF] [border: (1px solid #A9A9A9)]
    LayoutBlockFlow {DIV} at (3,3) size 742x16
      LayoutText {#text} at (0,0) size 32x16
        text run at (0,0) width 32: "test"
layer at (31,511) size 738x36 clip at (32,512) size 736x34
  LayoutTextControl {TEXTAREA} at (2,2) size 738x36 [bgcolor=#FFFFFF] [border: (1px solid #A9A9A9)]
    LayoutBlockFlow {DIV} at (3,3) size 734x16
      LayoutText {#text} at (0,0) size 32x16
        text run at (0,0) width 32: "test"
