layer at (0,0) size 800x600
  LayoutView at (0,0) size 800x600
layer at (0,0) size 800x600
  LayoutBlockFlow {HTML} at (0,0) size 800x600
    LayoutBlockFlow {BODY} at (8,8) size 784x584
      LayoutTable {TABLE} at (0,0) size 784x20
        LayoutTableSection {TBODY} at (0,0) size 784x20
          LayoutTableRow {TR} at (0,0) size 784x20
            LayoutTableCell {TD} at (0,0) size 400x20 [bgcolor=#0000CC] [r=0 c=0 rs=1 cs=1]
              LayoutText {#text} at (0,0) size 4x19
                text run at (0,0) width 4: " "
            LayoutTableCell {TD} at (400,0) size 6x20 [bgcolor=#00CC00] [r=0 c=1 rs=1 cs=1]
              LayoutText {#text} at (0,0) size 4x19
                text run at (0,0) width 4: " "
            LayoutTableCell {TD} at (406,0) size 378x20 [bgcolor=#CC0000] [r=0 c=2 rs=1 cs=1]
              LayoutText {#text} at (0,0) size 4x19
                text run at (0,0) width 4: " "
