layer at (0,0) size 800x600
  LayoutView at (0,0) size 800x600
layer at (0,0) size 800x600
  LayoutBlockFlow {HTML} at (0,0) size 800x600
    LayoutBlockFlow {BODY} at (8,8) size 784x584
      LayoutTable {TABLE} at (0,0) size 470x32 [border: (3px solid #0000FF)]
        LayoutTableSection {TBODY} at (3,3) size 464x26
          LayoutTableRow {TR} at (0,2) size 464x22
            LayoutTableCell {TD} at (2,2) size 460x22 [r=0 c=0 rs=1 cs=1]
              LayoutText {#text} at (1,1) size 20x19
                text run at (1,1) width 20: "foo"
layer at (114,200) size 480x32
  LayoutTable (positioned) {TABLE} at (114,200) size 480x32 [border: (3px solid #0000FF)]
    LayoutTableSection {TBODY} at (3,3) size 474x26
      LayoutTableRow {TR} at (0,2) size 474x22
        LayoutTableCell {TD} at (2,2) size 470x22 [r=0 c=0 rs=1 cs=1]
          LayoutText {#text} at (1,1) size 20x19
            text run at (1,1) width 20: "foo"
layer at (164,150) size 486x26
  LayoutBlockFlow (positioned) {DIV} at (164,150) size 486x26 [border: (3px solid #008000)]
    LayoutText {#text} at (3,3) size 18x19
      text run at (3,3) width 18: "div"
