layer at (0,0) size 800x600
  LayoutView at (0,0) size 800x600
layer at (0,0) size 800x600
  LayoutBlockFlow {HTML} at (0,0) size 800x600
    LayoutBlockFlow {BODY} at (8,8) size 784x584
      LayoutBlockFlow (anonymous) at (0,0) size 784x20
        LayoutText {#text} at (0,0) size 320x19
          text run at (0,0) width 320: "If bug 12268 is not fixed, then the table is too narrow"
      LayoutTable {TABLE} at (0,20) size 610x110 [border: (1px outset #808080)]
        LayoutTableSection {TBODY} at (1,1) size 608x108
          LayoutTableRow {TR} at (0,2) size 608x104
            LayoutTableCell {TD} at (2,2) size 604x104 [border: (1px inset #808080)] [r=0 c=0 rs=1 cs=1]
              LayoutBlockFlow {IMG} at (2,2) size 600x100
layer at (13,33) size 600x100 clip at (14,34) size 598x98
  LayoutBlockFlow {DIV} at (0,0) size 600x100 [border: (1px solid #C0C0C0)]
    LayoutImage (floating) {IMG} at (2,2) size 16x16
layer at (31,35) size 580x0
  LayoutBlockFlow {DIV} at (18,2) size 580x0
