layer at (0,0) size 800x600
  LayoutView at (0,0) size 800x600
layer at (0,0) size 800x600
  LayoutBlockFlow {HTML} at (0,0) size 800x600
    LayoutBlockFlow {BODY} at (8,8) size 784x584
      LayoutTable {TABLE} at (0,0) size 27x584 [border: (1px outset #808080)]
        LayoutTableSection {TBODY} at (1,1) size 25x582
          LayoutTableRow {TR} at (0,2) size 25x578
            LayoutTableCell {TD} at (2,145) size 21x291 [border: (1px inset #808080)] [r=0 c=0 rs=1 cs=1]
              LayoutTable {TABLE} at (2,2) size 17x287 [border: (1px outset #808080)]
                LayoutTableSection {TBODY} at (1,1) size 15x285
                  LayoutTableRow {TR} at (0,2) size 15x281
                    LayoutTableCell {TD} at (2,130) size 11x24 [border: (1px inset #808080)] [r=0 c=0 rs=1 cs=1]
                      LayoutText {#text} at (2,2) size 7x19
                        text run at (2,2) width 7: "x"
