layer at (0,0) size 800x600 clip at (0,0) size 785x600 scrollHeight 12131
  LayoutView at (0,0) size 800x600
layer at (0,0) size 785x12131 backgroundClip at (0,0) size 785x600 clip at (0,0) size 785x600
  LayoutBlockFlow {HTML} at (0,0) size 785x12131
    LayoutBlockFlow {BODY} at (8,8) size 769x12115
      LayoutTable {TABLE} at (0,0) size 730x12115 [border: (1px outset #808080)]
        LayoutTableSection {TBODY} at (1,1) size 728x12113
          LayoutTableRow {TR} at (0,2) size 728x12109
            LayoutTableCell {TD} at (2,2) size 11x24 [border: (1px inset #808080)] [r=0 c=0 rs=1 cs=1]
              LayoutText {#text} at (2,2) size 7x19
                text run at (2,2) width 7: "x"
            LayoutTableCell {TD} at (15,2) size 711x12109.34 [border: (1px inset #808080)] [r=0 c=1 rs=1 cs=1]
              LayoutBlockFlow (anonymous) at (2,2) size 707x0
                LayoutInline {FONT} at (0,0) size 0x0
                  LayoutText {#text} at (0,0) size 0x0
              LayoutBlockFlow (anonymous) at (2,2) size 707x54
                LayoutTable {TABLE} at (0,0) size 564x54 [border: (1px outset #808080)]
                  LayoutTableSection {TBODY} at (1,1) size 562x52
                    LayoutTableRow {TR} at (0,2) size 562x23
                      LayoutTableCell {TD} at (2,2) size 109x23 [border: (1px inset #808080)] [r=0 c=0 rs=1 cs=1]
                        LayoutText {#text} at (2,2) size 4x18
                          text run at (2,2) width 4: " "
                      LayoutTableCell {TD} at (113,2) size 447x4 [border: (1px inset #808080)] [r=0 c=1 rs=1 cs=1]
                    LayoutTableRow {TR} at (0,27) size 562x23
                      LayoutTableCell {TD} at (2,27) size 109x23 [border: (1px inset #808080)] [r=1 c=0 rs=1 cs=1]
                        LayoutText {#text} at (2,2) size 105x18
                          text run at (2,2) width 105: "Search again..."
              LayoutBlockFlow (anonymous) at (2,56) size 707x16
                LayoutInline {FONT} at (0,0) size 707x16
                  LayoutText {#text} at (0,0) size 707x16
                    text run at (0,0) width 330: "This text node only exists once in the original document! "
                    text run at (330,0) width 304: "If it were a large collection of inlines, the page would "
                    text run at (634,0) width 73: "hang forever."
                  LayoutInline {A} at (0,0) size 0x0
              LayoutBlockFlow (anonymous) at (2,88.17) size 707x12019.17
                LayoutBlockFlow {H2} at (0,0) size 707x25
                  LayoutInline {A} at (0,0) size 168x24
                    LayoutText {#text} at (0,0) size 168x24
                      text run at (0,0) width 168: "Table of Contents"
                LayoutBlockFlow {P} at (0,41.17) size 707x160
                  LayoutInline {B} at (0,0) size 76x16
                    LayoutInline {A} at (0,0) size 76x16 [color=#0000EE]
                      LayoutText {#text} at (0,0) size 76x16
                        text run at (0,0) width 76: "Introduction"
                  LayoutBR {BR} at (76,13) size 0x0
                  LayoutBR {BR} at (0,16) size 0x16
                  LayoutInline {A} at (0,0) size 160x16 [color=#0000EE]
                    LayoutText {#text} at (0,32) size 160x16
                      text run at (0,32) width 160: "Who Should Use This Book"
                  LayoutText {#text} at (160,32) size 4x16
                    text run at (160,32) width 4: " "
                  LayoutBR {BR} at (164,45) size 0x0
                  LayoutInline {A} at (0,0) size 131x16 [color=#0000EE]
                    LayoutText {#text} at (0,48) size 131x16
                      text run at (0,48) width 131: "How To Use This Book"
                  LayoutText {#text} at (130,48) size 5x16
                    text run at (130,48) width 5: " "
                  LayoutBR {BR} at (134,61) size 1x0
                  LayoutInline {A} at (0,0) size 165x16 [color=#0000EE]
                    LayoutText {#text} at (0,64) size 165x16
                      text run at (0,64) width 165: "How This Book is Structured"
                  LayoutText {#text} at (165,64) size 4x16
                    text run at (165,64) width 4: " "
                  LayoutBR {BR} at (169,77) size 0x0
                  LayoutInline {A} at (0,0) size 200x16 [color=#0000EE]
                    LayoutText {#text} at (0,80) size 200x16
                      text run at (0,80) width 200: "How to Read the Syntax Diagrams"
                  LayoutText {#text} at (200,80) size 4x16
                    text run at (200,80) width 4: " "
                  LayoutBR {BR} at (204,93) size 0x0
                  LayoutInline {A} at (0,0) size 192x16 [color=#0000EE]
                    LayoutText {#text} at (0,96) size 192x16
                      text run at (0,96) width 192: "Conventions Used in This Manual"
                  LayoutText {#text} at (192,96) size 4x16
                    text run at (192,96) width 4: " "
                  LayoutBR {BR} at (196,109) size 0x0
                  LayoutInline {A} at (0,0) size 93x16 [color=#0000EE]
                    LayoutText {#text} at (0,112) size 93x16
                      text run at (0,112) width 93: "Error Conditions"
                  LayoutText {#text} at (93,112) size 4x16
                    text run at (93,112) width 4: " "
                  LayoutBR {BR} at (97,125) size 0x0
                  LayoutInline {A} at (0,0) size 141x16 [color=#0000EE]
                    LayoutText {#text} at (0,128) size 141x16
                      text run at (0,128) width 141: "Highlighting Conventions"
                  LayoutText {#text} at (141,128) size 4x16
                    text run at (141,128) width 4: " "
                  LayoutBR {BR} at (145,141) size 0x0
                  LayoutInline {A} at (0,0) size 215x16 [color=#0000EE]
                    LayoutText {#text} at (0,144) size 215x16
                      text run at (0,144) width 215: "Related Documentation for This Book"
                  LayoutText {#text} at (0,0) size 0x0
                LayoutBlockFlow {P} at (0,214.17) size 707x1056
                  LayoutInline {B} at (0,0) size 58x16
                    LayoutInline {A} at (0,0) size 58x16 [color=#0000EE]
                      LayoutText {#text} at (0,0) size 58x16
                        text run at (0,0) width 58: "Concepts"
                  LayoutBR {BR} at (58,13) size 0x0
                  LayoutBR {BR} at (0,16) size 0x16
                  LayoutInline {A} at (0,0) size 116x16 [color=#0000EE]
                    LayoutText {#text} at (0,32) size 116x16
                      text run at (0,32) width 116: "Relational Database"
                  LayoutText {#text} at (116,32) size 4x16
                    text run at (116,32) width 4: " "
                  LayoutBR {BR} at (120,45) size 0x0
                  LayoutInline {A} at (0,0) size 197x16 [color=#0000EE]
                    LayoutText {#text} at (0,48) size 197x16
                      text run at (0,48) width 197: "Structured Query Language (SQL)"
                  LayoutText {#text} at (197,48) size 4x16
                    text run at (197,48) width 4: " "
                  LayoutBR {BR} at (201,61) size 0x0
                  LayoutInline {A} at (0,0) size 92x16 [color=#0000EE]
                    LayoutText {#text} at (0,64) size 92x16
                      text run at (0,64) width 92: "Embedded SQL"
                  LayoutText {#text} at (92,64) size 4x16
                    text run at (92,64) width 4: " "
                  LayoutBR {BR} at (96,77) size 0x0
                  LayoutInline {A} at (0,0) size 64x16 [color=#0000EE]
                    LayoutText {#text} at (0,80) size 64x16
                      text run at (0,80) width 64: "Static SQL"
                  LayoutText {#text} at (64,80) size 4x16
                    text run at (64,80) width 4: " "
                  LayoutBR {BR} at (68,93) size 0x0
                  LayoutInline {A} at (0,0) size 81x16 [color=#0000EE]
                    LayoutText {#text} at (0,96) size 81x16
                      text run at (0,96) width 81: "Dynamic SQL"
                  LayoutText {#text} at (81,96) size 4x16
                    text run at (81,96) width 4: " "
                  LayoutBR {BR} at (85,109) size 0x0
                  LayoutInline {A} at (0,0) size 398x16 [color=#0000EE]
                    LayoutText {#text} at (0,112) size 398x16
                      text run at (0,112) width 398: "DB2 Call Level Interface (CLI) & Open Database Connectivity (ODBC)"
                  LayoutText {#text} at (398,112) size 4x16
                    text run at (398,112) width 4: " "
                  LayoutBR {BR} at (402,125) size 0x0
                  LayoutInline {A} at (0,0) size 475x16 [color=#0000EE]
                    LayoutText {#text} at (0,128) size 475x16
                      text run at (0,128) width 475: "Java Database Connectivity (JDBC) and Embedded SQL for Java (SQLJ) Programs"
                  LayoutText {#text} at (475,128) size 4x16
                    text run at (475,128) width 4: " "
                  LayoutBR {BR} at (479,141) size 0x0
                  LayoutInline {A} at (0,0) size 88x16 [color=#0000EE]
                    LayoutText {#text} at (0,144) size 88x16
                      text run at (0,144) width 88: "Interactive SQL"
                  LayoutText {#text} at (88,144) size 4x16
                    text run at (88,144) width 4: " "
                  LayoutBR {BR} at (92,157) size 0x0
                  LayoutInline {A} at (0,0) size 55x16 [color=#0000EE]
                    LayoutText {#text} at (0,160) size 55x16
                      text run at (0,160) width 55: "Schemas"
                  LayoutText {#text} at (55,160) size 4x16
                    text run at (55,160) width 4: " "
                  LayoutBR {BR} at (59,173) size 0x0
                  LayoutInline {A} at (0,0) size 161x16 [color=#0000EE]
                    LayoutText {#text} at (0,176) size 161x16
                      text run at (0,176) width 161: "Controlling Use of Schemas"
                  LayoutText {#text} at (161,176) size 4x16
                    text run at (161,176) width 4: " "
                  LayoutBR {BR} at (165,189) size 0x0
                  LayoutInline {A} at (0,0) size 37x16 [color=#0000EE]
                    LayoutText {#text} at (0,192) size 37x16
                      text run at (0,192) width 37: "Tables"
                  LayoutText {#text} at (36,192) size 5x16
                    text run at (36,192) width 5: " "
                  LayoutBR {BR} at (40,205) size 1x0
                  LayoutInline {A} at (0,0) size 35x16 [color=#0000EE]
                    LayoutText {#text} at (0,208) size 35x16
                      text run at (0,208) width 35: "Views"
                  LayoutText {#text} at (34,208) size 5x16
                    text run at (34,208) width 5: " "
                  LayoutBR {BR} at (38,221) size 1x0
                  LayoutInline {A} at (0,0) size 43x16 [color=#0000EE]
                    LayoutText {#text} at (0,224) size 43x16
                      text run at (0,224) width 43: "Aliases"
                  LayoutText {#text} at (43,224) size 4x16
                    text run at (43,224) width 4: " "
                  LayoutBR {BR} at (47,237) size 0x0
                  LayoutInline {A} at (0,0) size 45x16 [color=#0000EE]
                    LayoutText {#text} at (0,240) size 45x16
                      text run at (0,240) width 45: "Indexes"
                  LayoutText {#text} at (45,240) size 4x16
                    text run at (45,240) width 4: " "
                  LayoutBR {BR} at (49,253) size 0x0
                  LayoutInline {A} at (0,0) size 30x16 [color=#0000EE]
                    LayoutText {#text} at (0,256) size 30x16
                      text run at (0,256) width 30: "Keys"
                  LayoutText {#text} at (30,256) size 4x16
                    text run at (30,256) width 4: " "
                  LayoutBR {BR} at (34,269) size 0x0
                  LayoutInline {A} at (0,0) size 74x16 [color=#0000EE]
                    LayoutText {#text} at (0,272) size 74x16
                      text run at (0,272) width 74: "Unique Keys"
                  LayoutText {#text} at (74,272) size 4x16
                    text run at (74,272) width 4: " "
                  LayoutBR {BR} at (78,285) size 0x0
                  LayoutInline {A} at (0,0) size 79x16 [color=#0000EE]
                    LayoutText {#text} at (0,288) size 79x16
                      text run at (0,288) width 79: "Primary Keys"
                  LayoutText {#text} at (79,288) size 4x16
                    text run at (79,288) width 4: " "
                  LayoutBR {BR} at (83,301) size 0x0
                  LayoutInline {A} at (0,0) size 77x16 [color=#0000EE]
                    LayoutText {#text} at (0,304) size 77x16
                      text run at (0,304) width 77: "Foreign Keys"
                  LayoutText {#text} at (77,304) size 4x16
                    text run at (77,304) width 4: " "
                  LayoutBR {BR} at (81,317) size 0x0
                  LayoutInline {A} at (0,0) size 99x16 [color=#0000EE]
                    LayoutText {#text} at (0,320) size 99x16
                      text run at (0,320) width 99: "Partitioning Keys"
                  LayoutText {#text} at (99,320) size 4x16
                    text run at (99,320) width 4: " "
                  LayoutBR {BR} at (103,333) size 0x0
                  LayoutInline {A} at (0,0) size 66x16 [color=#0000EE]
                    LayoutText {#text} at (0,336) size 66x16
                      text run at (0,336) width 66: "Constraints"
                  LayoutText {#text} at (66,336) size 4x16
                    text run at (66,336) width 4: " "
                  LayoutBR {BR} at (70,349) size 0x0
                  LayoutInline {A} at (0,0) size 110x16 [color=#0000EE]
                    LayoutText {#text} at (0,352) size 110x16
                      text run at (0,352) width 110: "Unique Constraints"
                  LayoutText {#text} at (110,352) size 4x16
                    text run at (110,352) width 4: " "
                  LayoutBR {BR} at (114,365) size 0x0
                  LayoutInline {A} at (0,0) size 131x16 [color=#0000EE]
                    LayoutText {#text} at (0,368) size 131x16
                      text run at (0,368) width 131: "Referential Constraints"
                  LayoutText {#text} at (131,368) size 4x16
                    text run at (131,368) width 4: " "
                  LayoutBR {BR} at (135,381) size 0x0
                  LayoutInline {A} at (0,0) size 141x16 [color=#0000EE]
                    LayoutText {#text} at (0,384) size 141x16
                      text run at (0,384) width 141: "Table Check Constraints"
                  LayoutText {#text} at (140,384) size 5x16
                    text run at (140,384) width 5: " "
                  LayoutBR {BR} at (144,397) size 1x0
                  LayoutInline {A} at (0,0) size 46x16 [color=#0000EE]
                    LayoutText {#text} at (0,400) size 46x16
                      text run at (0,400) width 46: "Triggers"
                  LayoutText {#text} at (45,400) size 5x16
                    text run at (45,400) width 5: " "
                  LayoutBR {BR} at (49,413) size 1x0
                  LayoutInline {A} at (0,0) size 86x16 [color=#0000EE]
                    LayoutText {#text} at (0,416) size 86x16
                      text run at (0,416) width 86: "Event Monitors"
                  LayoutText {#text} at (86,416) size 4x16
                    text run at (86,416) width 4: " "
                  LayoutBR {BR} at (90,429) size 0x0
                  LayoutInline {A} at (0,0) size 45x16 [color=#0000EE]
                    LayoutText {#text} at (0,432) size 45x16
                      text run at (0,432) width 45: "Queries"
                  LayoutText {#text} at (45,432) size 4x16
                    text run at (45,432) width 4: " "
                  LayoutBR {BR} at (49,445) size 0x0
                  LayoutInline {A} at (0,0) size 106x16 [color=#0000EE]
                    LayoutText {#text} at (0,448) size 106x16
                      text run at (0,448) width 106: "Table Expressions"
                  LayoutText {#text} at (105,448) size 5x16
                    text run at (105,448) width 5: " "
                  LayoutBR {BR} at (109,461) size 1x0
                  LayoutInline {A} at (0,0) size 162x16 [color=#0000EE]
                    LayoutText {#text} at (0,464) size 162x16
                      text run at (0,464) width 162: "Common Table Expressions"
                  LayoutText {#text} at (161,464) size 5x16
                    text run at (161,464) width 5: " "
                  LayoutBR {BR} at (165,477) size 1x0
                  LayoutInline {A} at (0,0) size 58x16 [color=#0000EE]
                    LayoutText {#text} at (0,480) size 58x16
                      text run at (0,480) width 58: "Packages"
                  LayoutText {#text} at (58,480) size 4x16
                    text run at (58,480) width 4: " "
                  LayoutBR {BR} at (62,493) size 0x0
                  LayoutInline {A} at (0,0) size 83x16 [color=#0000EE]
                    LayoutText {#text} at (0,496) size 83x16
                      text run at (0,496) width 83: "Catalog Views"
                  LayoutText {#text} at (82,496) size 5x16
                    text run at (82,496) width 5: " "
                  LayoutBR {BR} at (86,509) size 1x0
                  LayoutInline {A} at (0,0) size 297x16 [color=#0000EE]
                    LayoutText {#text} at (0,512) size 297x16
                      text run at (0,512) width 297: "Application Processes, Concurrency, and Recovery"
                  LayoutText {#text} at (296,512) size 5x16
                    text run at (296,512) width 5: " "
                  LayoutBR {BR} at (300,525) size 1x0
                  LayoutInline {A} at (0,0) size 81x16 [color=#0000EE]
                    LayoutText {#text} at (0,528) size 81x16
                      text run at (0,528) width 81: "Isolation Level"
                  LayoutText {#text} at (81,528) size 4x16
                    text run at (81,528) width 4: " "
                  LayoutBR {BR} at (85,541) size 0x0
                  LayoutInline {A} at (0,0) size 129x16 [color=#0000EE]
                    LayoutText {#text} at (0,544) size 129x16
                      text run at (0,544) width 129: "Repeatable Read (RR)"
                  LayoutText {#text} at (129,544) size 4x16
                    text run at (129,544) width 4: " "
                  LayoutBR {BR} at (133,557) size 0x0
                  LayoutInline {A} at (0,0) size 111x16 [color=#0000EE]
                    LayoutText {#text} at (0,560) size 111x16
                      text run at (0,560) width 111: "Read Stability (RS)"
                  LayoutText {#text} at (111,560) size 4x16
                    text run at (111,560) width 4: " "
                  LayoutBR {BR} at (115,573) size 0x0
                  LayoutInline {A} at (0,0) size 119x16 [color=#0000EE]
                    LayoutText {#text} at (0,576) size 119x16
                      text run at (0,576) width 119: "Cursor Stability (CS)"
                  LayoutText {#text} at (119,576) size 4x16
                    text run at (119,576) width 4: " "
                  LayoutBR {BR} at (123,589) size 0x0
                  LayoutInline {A} at (0,0) size 141x16 [color=#0000EE]
                    LayoutText {#text} at (0,592) size 141x16
                      text run at (0,592) width 141: "Uncommitted Read (UR)"
                  LayoutText {#text} at (141,592) size 4x16
                    text run at (141,592) width 4: " "
                  LayoutBR {BR} at (145,605) size 0x0
                  LayoutInline {A} at (0,0) size 175x16 [color=#0000EE]
                    LayoutText {#text} at (0,608) size 175x16
                      text run at (0,608) width 175: "Comparison of Isolation Levels"
                  LayoutText {#text} at (175,608) size 4x16
                    text run at (175,608) width 4: " "
                  LayoutBR {BR} at (179,621) size 0x0
                  LayoutInline {A} at (0,0) size 182x16 [color=#0000EE]
                    LayoutText {#text} at (0,624) size 182x16
                      text run at (0,624) width 182: "Distributed Relational Database"
                  LayoutText {#text} at (182,624) size 4x16
                    text run at (182,624) width 4: " "
                  LayoutBR {BR} at (186,637) size 0x0
                  LayoutInline {A} at (0,0) size 111x16 [color=#0000EE]
                    LayoutText {#text} at (0,640) size 111x16
                      text run at (0,640) width 111: "Application Servers"
                  LayoutText {#text} at (111,640) size 4x16
                    text run at (111,640) width 4: " "
                  LayoutBR {BR} at (115,653) size 0x0
                  LayoutInline {A} at (0,0) size 254x16 [color=#0000EE]
                    LayoutText {#text} at (0,656) size 254x16
                      text run at (0,656) width 254: "CONNECT (Type 1) and CONNECT (Type 2)"
                  LayoutText {#text} at (253,656) size 5x16
                    text run at (253,656) width 5: " "
                  LayoutBR {BR} at (257,669) size 1x0
                  LayoutInline {A} at (0,0) size 121x16 [color=#0000EE]
                    LayoutText {#text} at (0,672) size 121x16
                      text run at (0,672) width 121: "Remote Unit of Work"
                  LayoutText {#text} at (120,672) size 5x16
                    text run at (120,672) width 5: " "
                  LayoutBR {BR} at (124,685) size 1x0
                  LayoutInline {A} at (0,0) size 258x16 [color=#0000EE]
                    LayoutText {#text} at (0,688) size 258x16
                      text run at (0,688) width 258: "Application-Directed Distributed Unit of Work"
                  LayoutText {#text} at (257,688) size 5x16
                    text run at (257,688) width 5: " "
                  LayoutBR {BR} at (261,701) size 1x0
                  LayoutInline {A} at (0,0) size 208x16 [color=#0000EE]
                    LayoutText {#text} at (0,704) size 208x16
                      text run at (0,704) width 208: "Data Representation Considerations"
                  LayoutText {#text} at (208,704) size 4x16
                    text run at (208,704) width 4: " "
                  LayoutBR {BR} at (212,717) size 0x0
                  LayoutInline {A} at (0,0) size 143x16 [color=#0000EE]
                    LayoutText {#text} at (0,720) size 143x16
                      text run at (0,720) width 143: "DB2 Federated Systems"
                  LayoutText {#text} at (143,720) size 4x16
                    text run at (143,720) width 4: " "
                  LayoutBR {BR} at (147,733) size 0x0
                  LayoutInline {A} at (0,0) size 360x16 [color=#0000EE]
                    LayoutText {#text} at (0,736) size 360x16
                      text run at (0,736) width 360: "The Federated Server, Federated Database, and Data Sources"
                  LayoutText {#text} at (359,736) size 5x16
                    text run at (359,736) width 5: " "
                  LayoutBR {BR} at (363,749) size 1x0
                  LayoutInline {A} at (0,0) size 263x16 [color=#0000EE]
                    LayoutText {#text} at (0,752) size 263x16
                      text run at (0,752) width 263: "Tasks to Perform in a DB2 Federated System"
                  LayoutText {#text} at (262,752) size 5x16
                    text run at (262,752) width 5: " "
                  LayoutBR {BR} at (266,765) size 1x0
                  LayoutInline {A} at (0,0) size 187x16 [color=#0000EE]
                    LayoutText {#text} at (0,768) size 187x16
                      text run at (0,768) width 187: "Wrappers and Wrapper Modules"
                  LayoutText {#text} at (186,768) size 5x16
                    text run at (186,768) width 5: " "
                  LayoutBR {BR} at (190,781) size 1x0
                  LayoutInline {A} at (0,0) size 214x16 [color=#0000EE]
                    LayoutText {#text} at (0,784) size 214x16
                      text run at (0,784) width 214: "Server Definitions and Server Options"
                  LayoutText {#text} at (214,784) size 4x16
                    text run at (214,784) width 4: " "
                  LayoutBR {BR} at (218,797) size 0x0
                  LayoutInline {A} at (0,0) size 192x16 [color=#0000EE]
                    LayoutText {#text} at (0,800) size 192x16
                      text run at (0,800) width 192: "User Mappings and User Options"
                  LayoutText {#text} at (192,800) size 4x16
                    text run at (192,800) width 4: " "
                  LayoutBR {BR} at (196,813) size 0x0
                  LayoutInline {A} at (0,0) size 119x16 [color=#0000EE]
                    LayoutText {#text} at (0,816) size 119x16
                      text run at (0,816) width 119: "Data Type Mappings"
                  LayoutText {#text} at (118,816) size 5x16
                    text run at (118,816) width 5: " "
                  LayoutBR {BR} at (122,829) size 1x0
                  LayoutInline {A} at (0,0) size 416x16 [color=#0000EE]
                    LayoutText {#text} at (0,832) size 416x16
                      text run at (0,832) width 416: "Function Mappings, Function Templates, and Function Mapping Options"
                  LayoutText {#text} at (415,832) size 5x16
                    text run at (415,832) width 5: " "
                  LayoutBR {BR} at (419,845) size 1x0
                  LayoutInline {A} at (0,0) size 187x16 [color=#0000EE]
                    LayoutText {#text} at (0,848) size 187x16
                      text run at (0,848) width 187: "Nicknames and Column Options"
                  LayoutText {#text} at (187,848) size 4x16
                    text run at (187,848) width 4: " "
                  LayoutBR {BR} at (191,861) size 0x0
                  LayoutInline {A} at (0,0) size 116x16 [color=#0000EE]
                    LayoutText {#text} at (0,864) size 116x16
                      text run at (0,864) width 116: "Index Specifications"
                  LayoutText {#text} at (116,864) size 4x16
                    text run at (116,864) width 4: " "
                  LayoutBR {BR} at (120,877) size 0x0
                  LayoutInline {A} at (0,0) size 121x16 [color=#0000EE]
                    LayoutText {#text} at (0,880) size 121x16
                      text run at (0,880) width 121: "Distributed Requests"
                  LayoutText {#text} at (121,880) size 4x16
                    text run at (121,880) width 4: " "
                  LayoutBR {BR} at (125,893) size 0x0
                  LayoutInline {A} at (0,0) size 83x16 [color=#0000EE]
                    LayoutText {#text} at (0,896) size 83x16
                      text run at (0,896) width 83: "Compensation"
                  LayoutText {#text} at (83,896) size 4x16
                    text run at (83,896) width 4: " "
                  LayoutBR {BR} at (87,909) size 0x0
                  LayoutInline {A} at (0,0) size 80x16 [color=#0000EE]
                    LayoutText {#text} at (0,912) size 80x16
                      text run at (0,912) width 80: "Pass-Through"
                  LayoutText {#text} at (80,912) size 4x16
                    text run at (80,912) width 4: " "
                  LayoutBR {BR} at (84,925) size 0x0
                  LayoutInline {A} at (0,0) size 123x16 [color=#0000EE]
                    LayoutText {#text} at (0,928) size 123x16
                      text run at (0,928) width 123: "Character Conversion"
                  LayoutText {#text} at (123,928) size 4x16
                    text run at (123,928) width 4: " "
                  LayoutBR {BR} at (127,941) size 0x0
                  LayoutInline {A} at (0,0) size 187x16 [color=#0000EE]
                    LayoutText {#text} at (0,944) size 187x16
                      text run at (0,944) width 187: "Character Sets and Code Pages"
                  LayoutText {#text} at (187,944) size 4x16
                    text run at (187,944) width 4: " "
                  LayoutBR {BR} at (191,957) size 0x0
                  LayoutInline {A} at (0,0) size 124x16 [color=#0000EE]
                    LayoutText {#text} at (0,960) size 124x16
                      text run at (0,960) width 124: "Code Page Attributes"
                  LayoutText {#text} at (124,960) size 4x16
                    text run at (124,960) width 4: " "
                  LayoutBR {BR} at (128,973) size 0x0
                  LayoutInline {A} at (0,0) size 160x16 [color=#0000EE]
                    LayoutText {#text} at (0,976) size 160x16
                      text run at (0,976) width 160: "Authorization and Privileges"
                  LayoutText {#text} at (160,976) size 4x16
                    text run at (160,976) width 4: " "
                  LayoutBR {BR} at (164,989) size 0x0
                  LayoutInline {A} at (0,0) size 252x16 [color=#0000EE]
                    LayoutText {#text} at (0,992) size 252x16
                      text run at (0,992) width 252: "Table Spaces and Other Storage Structures"
                  LayoutText {#text} at (251,992) size 5x16
                    text run at (251,992) width 5: " "
                  LayoutBR {BR} at (255,1005) size 1x0
                  LayoutInline {A} at (0,0) size 249x16 [color=#0000EE]
                    LayoutText {#text} at (0,1008) size 249x16
                      text run at (0,1008) width 249: "Data Partitioning Across Multiple Partitions"
                  LayoutText {#text} at (249,1008) size 4x16
                    text run at (249,1008) width 4: " "
                  LayoutBR {BR} at (253,1021) size 0x0
                  LayoutInline {A} at (0,0) size 101x16 [color=#0000EE]
                    LayoutText {#text} at (0,1024) size 101x16
                      text run at (0,1024) width 101: "Partitioning Maps"
                  LayoutText {#text} at (101,1024) size 4x16
                    text run at (101,1024) width 4: " "
                  LayoutBR {BR} at (105,1037) size 0x0
                  LayoutInline {A} at (0,0) size 98x16 [color=#0000EE]
                    LayoutText {#text} at (0,1040) size 98x16
                      text run at (0,1040) width 98: "Table Collocation"
                  LayoutText {#text} at (0,0) size 0x0
                LayoutBlockFlow {P} at (0,1283.17) size 707x2128
                  LayoutInline {B} at (0,0) size 126x16
                    LayoutInline {A} at (0,0) size 126x16 [color=#0000EE]
                      LayoutText {#text} at (0,0) size 126x16
                        text run at (0,0) width 126: "Language Elements"
                  LayoutBR {BR} at (126,13) size 0x0
                  LayoutBR {BR} at (0,16) size 0x16
                  LayoutInline {A} at (0,0) size 63x16 [color=#0000EE]
                    LayoutText {#text} at (0,32) size 63x16
                      text run at (0,32) width 63: "Characters"
                  LayoutText {#text} at (63,32) size 4x16
                    text run at (63,32) width 4: " "
                  LayoutBR {BR} at (67,45) size 0x0
                  LayoutInline {A} at (0,0) size 128x16 [color=#0000EE]
                    LayoutText {#text} at (0,48) size 128x16
                      text run at (0,48) width 128: "MBCS Considerations"
                  LayoutText {#text} at (128,48) size 4x16
                    text run at (128,48) width 4: " "
                  LayoutBR {BR} at (132,61) size 0x0
                  LayoutInline {A} at (0,0) size 41x16 [color=#0000EE]
                    LayoutText {#text} at (0,64) size 41x16
                      text run at (0,64) width 41: "Tokens"
                  LayoutText {#text} at (40,64) size 5x16
                    text run at (40,64) width 5: " "
                  LayoutBR {BR} at (44,77) size 1x0
                  LayoutInline {A} at (0,0) size 128x16 [color=#0000EE]
                    LayoutText {#text} at (0,80) size 128x16
                      text run at (0,80) width 128: "MBCS Considerations"
                  LayoutText {#text} at (128,80) size 4x16
                    text run at (128,80) width 4: " "
                  LayoutBR {BR} at (132,93) size 0x0
                  LayoutInline {A} at (0,0) size 55x16 [color=#0000EE]
                    LayoutText {#text} at (0,96) size 55x16
                      text run at (0,96) width 55: "Identifiers"
                  LayoutText {#text} at (55,96) size 4x16
                    text run at (55,96) width 4: " "
                  LayoutBR {BR} at (59,109) size 0x0
                  LayoutInline {A} at (0,0) size 85x16 [color=#0000EE]
                    LayoutText {#text} at (0,112) size 85x16
                      text run at (0,112) width 85: "SQL Identifiers"
                  LayoutText {#text} at (85,112) size 4x16
                    text run at (85,112) width 4: " "
                  LayoutBR {BR} at (89,125) size 0x0
                  LayoutInline {A} at (0,0) size 86x16 [color=#0000EE]
                    LayoutText {#text} at (0,128) size 86x16
                      text run at (0,128) width 86: "Host Identifiers"
                  LayoutText {#text} at (86,128) size 4x16
                    text run at (86,128) width 4: " "
                  LayoutBR {BR} at (90,141) size 0x0
                  LayoutInline {A} at (0,0) size 350x16 [color=#0000EE]
                    LayoutText {#text} at (0,144) size 350x16
                      text run at (0,144) width 350: "Naming Conventions and Implicit Object Name Qualifications"
                  LayoutText {#text} at (350,144) size 4x16
                    text run at (350,144) width 4: " "
                  LayoutBR {BR} at (354,157) size 0x0
                  LayoutInline {A} at (0,0) size 43x16 [color=#0000EE]
                    LayoutText {#text} at (0,160) size 43x16
                      text run at (0,160) width 43: "Aliases"
                  LayoutText {#text} at (43,160) size 4x16
                    text run at (43,160) width 4: " "
                  LayoutBR {BR} at (47,173) size 0x0
                  LayoutInline {A} at (0,0) size 245x16 [color=#0000EE]
                    LayoutText {#text} at (0,176) size 245x16
                      text run at (0,176) width 245: "Authorization IDs and authorization-names"
                  LayoutText {#text} at (245,176) size 4x16
                    text run at (245,176) width 4: " "
                  LayoutBR {BR} at (249,189) size 0x0
                  LayoutInline {A} at (0,0) size 238x16 [color=#0000EE]
                    LayoutText {#text} at (0,192) size 238x16
                      text run at (0,192) width 238: "Dynamic SQL Characteristics at run-time"
                  LayoutText {#text} at (238,192) size 4x16
                    text run at (238,192) width 4: " "
                  LayoutBR {BR} at (242,205) size 0x0
                  LayoutInline {A} at (0,0) size 258x16 [color=#0000EE]
                    LayoutText {#text} at (0,208) size 258x16
                      text run at (0,208) width 258: "Authorization IDs and Statement Preparation"
                  LayoutText {#text} at (258,208) size 4x16
                    text run at (258,208) width 4: " "
                  LayoutBR {BR} at (262,221) size 0x0
                  LayoutInline {A} at (0,0) size 66x16 [color=#0000EE]
                    LayoutText {#text} at (0,224) size 66x16
                      text run at (0,224) width 66: "Data Types"
                  LayoutText {#text} at (65,224) size 5x16
                    text run at (65,224) width 5: " "
                  LayoutBR {BR} at (69,237) size 1x0
                  LayoutInline {A} at (0,0) size 29x16 [color=#0000EE]
                    LayoutText {#text} at (0,240) size 29x16
                      text run at (0,240) width 29: "Nulls"
                  LayoutText {#text} at (29,240) size 4x16
                    text run at (29,240) width 4: " "
                  LayoutBR {BR} at (33,253) size 0x0
                  LayoutInline {A} at (0,0) size 126x16 [color=#0000EE]
                    LayoutText {#text} at (0,256) size 126x16
                      text run at (0,256) width 126: "Large Objects (LOBs)"
                  LayoutText {#text} at (126,256) size 4x16
                    text run at (126,256) width 4: " "
                  LayoutBR {BR} at (130,269) size 0x0
                  LayoutInline {A} at (0,0) size 101x16 [color=#0000EE]
                    LayoutText {#text} at (0,272) size 101x16
                      text run at (0,272) width 101: "Character Strings"
                  LayoutText {#text} at (101,272) size 4x16
                    text run at (101,272) width 4: " "
                  LayoutBR {BR} at (105,285) size 0x0
                  LayoutInline {A} at (0,0) size 90x16 [color=#0000EE]
                    LayoutText {#text} at (0,288) size 90x16
                      text run at (0,288) width 90: "Graphic Strings"
                  LayoutText {#text} at (90,288) size 4x16
                    text run at (90,288) width 4: " "
                  LayoutBR {BR} at (94,301) size 0x0
                  LayoutInline {A} at (0,0) size 75x16 [color=#0000EE]
                    LayoutText {#text} at (0,304) size 75x16
                      text run at (0,304) width 75: "Binary String"
                  LayoutText {#text} at (75,304) size 4x16
                    text run at (75,304) width 4: " "
                  LayoutBR {BR} at (79,317) size 0x0
                  LayoutInline {A} at (0,0) size 52x16 [color=#0000EE]
                    LayoutText {#text} at (0,320) size 52x16
                      text run at (0,320) width 52: "Numbers"
                  LayoutText {#text} at (52,320) size 4x16
                    text run at (52,320) width 4: " "
                  LayoutBR {BR} at (56,333) size 0x0
                  LayoutInline {A} at (0,0) size 96x16 [color=#0000EE]
                    LayoutText {#text} at (0,336) size 96x16
                      text run at (0,336) width 96: "Datetime Values"
                  LayoutText {#text} at (95,336) size 5x16
                    text run at (95,336) width 5: " "
                  LayoutBR {BR} at (99,349) size 1x0
                  LayoutInline {A} at (0,0) size 104x16 [color=#0000EE]
                    LayoutText {#text} at (0,352) size 104x16
                      text run at (0,352) width 104: "DATALINK Values"
                  LayoutText {#text} at (103,352) size 5x16
                    text run at (103,352) width 5: " "
                  LayoutBR {BR} at (107,365) size 1x0
                  LayoutInline {A} at (0,0) size 113x16 [color=#0000EE]
                    LayoutText {#text} at (0,368) size 113x16
                      text run at (0,368) width 113: "User Defined Types"
                  LayoutText {#text} at (112,368) size 5x16
                    text run at (112,368) width 5: " "
                  LayoutBR {BR} at (116,381) size 1x0
                  LayoutInline {A} at (0,0) size 143x16 [color=#0000EE]
                    LayoutText {#text} at (0,384) size 143x16
                      text run at (0,384) width 143: "Promotion of Data Types"
                  LayoutText {#text} at (142,384) size 5x16
                    text run at (142,384) width 5: " "
                  LayoutBR {BR} at (146,397) size 1x0
                  LayoutInline {A} at (0,0) size 168x16 [color=#0000EE]
                    LayoutText {#text} at (0,400) size 168x16
                      text run at (0,400) width 168: "Casting Between Data Types"
                  LayoutText {#text} at (167,400) size 5x16
                    text run at (167,400) width 5: " "
                  LayoutBR {BR} at (171,413) size 1x0
                  LayoutInline {A} at (0,0) size 181x16 [color=#0000EE]
                    LayoutText {#text} at (0,416) size 181x16
                      text run at (0,416) width 181: "Assignments and Comparisons"
                  LayoutText {#text} at (181,416) size 4x16
                    text run at (181,416) width 4: " "
                  LayoutBR {BR} at (185,429) size 0x0
                  LayoutInline {A} at (0,0) size 128x16 [color=#0000EE]
                    LayoutText {#text} at (0,432) size 128x16
                      text run at (0,432) width 128: "Numeric Assignments"
                  LayoutText {#text} at (128,432) size 4x16
                    text run at (128,432) width 4: " "
                  LayoutBR {BR} at (132,445) size 0x0
                  LayoutInline {A} at (0,0) size 114x16 [color=#0000EE]
                    LayoutText {#text} at (0,448) size 114x16
                      text run at (0,448) width 114: "String Assignments"
                  LayoutText {#text} at (114,448) size 4x16
                    text run at (114,448) width 4: " "
                  LayoutBR {BR} at (118,461) size 0x0
                  LayoutInline {A} at (0,0) size 132x16 [color=#0000EE]
                    LayoutText {#text} at (0,464) size 132x16
                      text run at (0,464) width 132: "Datetime Assignments"
                  LayoutText {#text} at (132,464) size 4x16
                    text run at (132,464) width 4: " "
                  LayoutBR {BR} at (136,477) size 0x0
                  LayoutInline {A} at (0,0) size 141x16 [color=#0000EE]
                    LayoutText {#text} at (0,480) size 141x16
                      text run at (0,480) width 141: "DATALINK Assignments"
                  LayoutText {#text} at (140,480) size 5x16
                    text run at (140,480) width 5: " "
                  LayoutBR {BR} at (144,493) size 1x0
                  LayoutInline {A} at (0,0) size 184x16 [color=#0000EE]
                    LayoutText {#text} at (0,496) size 184x16
                      text run at (0,496) width 184: "User-defined Type Assignments"
                  LayoutText {#text} at (183,496) size 5x16
                    text run at (183,496) width 5: " "
                  LayoutBR {BR} at (187,509) size 1x0
                  LayoutInline {A} at (0,0) size 170x16 [color=#0000EE]
                    LayoutText {#text} at (0,512) size 170x16
                      text run at (0,512) width 170: "Reference Type Assignments"
                  LayoutText {#text} at (169,512) size 5x16
                    text run at (169,512) width 5: " "
                  LayoutBR {BR} at (173,525) size 1x0
                  LayoutInline {A} at (0,0) size 128x16 [color=#0000EE]
                    LayoutText {#text} at (0,528) size 128x16
                      text run at (0,528) width 128: "Numeric Comparisons"
                  LayoutText {#text} at (128,528) size 4x16
                    text run at (128,528) width 4: " "
                  LayoutBR {BR} at (132,541) size 0x0
                  LayoutInline {A} at (0,0) size 114x16 [color=#0000EE]
                    LayoutText {#text} at (0,544) size 114x16
                      text run at (0,544) width 114: "String Comparisons"
                  LayoutText {#text} at (114,544) size 4x16
                    text run at (114,544) width 4: " "
                  LayoutBR {BR} at (118,557) size 0x0
                  LayoutInline {A} at (0,0) size 132x16 [color=#0000EE]
                    LayoutText {#text} at (0,560) size 132x16
                      text run at (0,560) width 132: "Datetime Comparisons"
                  LayoutText {#text} at (132,560) size 4x16
                    text run at (132,560) width 4: " "
                  LayoutBR {BR} at (136,573) size 0x0
                  LayoutInline {A} at (0,0) size 184x16 [color=#0000EE]
                    LayoutText {#text} at (0,576) size 184x16
                      text run at (0,576) width 184: "User-defined Type Comparisons"
                  LayoutText {#text} at (183,576) size 5x16
                    text run at (183,576) width 5: " "
                  LayoutBR {BR} at (187,589) size 1x0
                  LayoutInline {A} at (0,0) size 170x16 [color=#0000EE]
                    LayoutText {#text} at (0,592) size 170x16
                      text run at (0,592) width 170: "Reference Type Comparisons"
                  LayoutText {#text} at (169,592) size 5x16
                    text run at (169,592) width 5: " "
                  LayoutBR {BR} at (173,605) size 1x0
                  LayoutInline {A} at (0,0) size 162x16 [color=#0000EE]
                    LayoutText {#text} at (0,608) size 162x16
                      text run at (0,608) width 162: "Rules for Result Data Types"
                  LayoutText {#text} at (161,608) size 5x16
                    text run at (161,608) width 5: " "
                  LayoutBR {BR} at (165,621) size 1x0
                  LayoutInline {A} at (0,0) size 101x16 [color=#0000EE]
                    LayoutText {#text} at (0,624) size 101x16
                      text run at (0,624) width 101: "Character Strings"
                  LayoutText {#text} at (101,624) size 4x16
                    text run at (101,624) width 4: " "
                  LayoutBR {BR} at (105,637) size 0x0
                  LayoutInline {A} at (0,0) size 90x16 [color=#0000EE]
                    LayoutText {#text} at (0,640) size 90x16
                      text run at (0,640) width 90: "Graphic Strings"
                  LayoutText {#text} at (90,640) size 4x16
                    text run at (90,640) width 4: " "
                  LayoutBR {BR} at (94,653) size 0x0
                  LayoutInline {A} at (0,0) size 162x16 [color=#0000EE]
                    LayoutText {#text} at (0,656) size 162x16
                      text run at (0,656) width 162: "Binary Large Object (BLOB)"
                  LayoutText {#text} at (162,656) size 4x16
                    text run at (162,656) width 4: " "
                  LayoutBR {BR} at (166,669) size 0x0
                  LayoutInline {A} at (0,0) size 48x16 [color=#0000EE]
                    LayoutText {#text} at (0,672) size 48x16
                      text run at (0,672) width 48: "Numeric"
                  LayoutText {#text} at (48,672) size 4x16
                    text run at (48,672) width 4: " "
                  LayoutBR {BR} at (52,685) size 0x0
                  LayoutInline {A} at (0,0) size 34x16 [color=#0000EE]
                    LayoutText {#text} at (0,688) size 34x16
                      text run at (0,688) width 34: "DATE"
                  LayoutText {#text} at (33,688) size 5x16
                    text run at (33,688) width 5: " "
                  LayoutBR {BR} at (37,701) size 1x0
                  LayoutInline {A} at (0,0) size 30x16 [color=#0000EE]
                    LayoutText {#text} at (0,704) size 30x16
                      text run at (0,704) width 30: "TIME"
                  LayoutText {#text} at (30,704) size 4x16
                    text run at (30,704) width 4: " "
                  LayoutBR {BR} at (34,717) size 0x0
                  LayoutInline {A} at (0,0) size 75x16 [color=#0000EE]
                    LayoutText {#text} at (0,720) size 75x16
                      text run at (0,720) width 75: "TIMESTAMP"
                  LayoutText {#text} at (74,720) size 5x16
                    text run at (74,720) width 5: " "
                  LayoutBR {BR} at (78,733) size 1x0
                  LayoutInline {A} at (0,0) size 61x16 [color=#0000EE]
                    LayoutText {#text} at (0,736) size 61x16
                      text run at (0,736) width 61: "DATALINK"
                  LayoutText {#text} at (60,736) size 5x16
                    text run at (60,736) width 5: " "
                  LayoutBR {BR} at (64,749) size 1x0
                  LayoutInline {A} at (0,0) size 111x16 [color=#0000EE]
                    LayoutText {#text} at (0,752) size 111x16
                      text run at (0,752) width 111: "User-defined Types"
                  LayoutText {#text} at (110,752) size 5x16
                    text run at (110,752) width 5: " "
                  LayoutBR {BR} at (114,765) size 1x0
                  LayoutInline {A} at (0,0) size 154x16 [color=#0000EE]
                    LayoutText {#text} at (0,768) size 154x16
                      text run at (0,768) width 154: "Nullable Attribute of Result"
                  LayoutText {#text} at (154,768) size 4x16
                    text run at (154,768) width 4: " "
                  LayoutBR {BR} at (158,781) size 0x0
                  LayoutInline {A} at (0,0) size 163x16 [color=#0000EE]
                    LayoutText {#text} at (0,784) size 163x16
                      text run at (0,784) width 163: "Rules for String Conversions"
                  LayoutText {#text} at (163,784) size 4x16
                    text run at (163,784) width 4: " "
                  LayoutBR {BR} at (167,797) size 0x0
                  LayoutInline {A} at (0,0) size 127x16 [color=#0000EE]
                    LayoutText {#text} at (0,800) size 127x16
                      text run at (0,800) width 127: "Partition Compatibility"
                  LayoutText {#text} at (127,800) size 4x16
                    text run at (127,800) width 4: " "
                  LayoutBR {BR} at (131,813) size 0x0
                  LayoutInline {A} at (0,0) size 59x16 [color=#0000EE]
                    LayoutText {#text} at (0,816) size 59x16
                      text run at (0,816) width 59: "Constants"
                  LayoutText {#text} at (59,816) size 4x16
                    text run at (59,816) width 4: " "
                  LayoutBR {BR} at (63,829) size 0x0
                  LayoutInline {A} at (0,0) size 102x16 [color=#0000EE]
                    LayoutText {#text} at (0,832) size 102x16
                      text run at (0,832) width 102: "Integer Constants"
                  LayoutText {#text} at (102,832) size 4x16
                    text run at (102,832) width 4: " "
                  LayoutBR {BR} at (106,845) size 0x0
                  LayoutInline {A} at (0,0) size 143x16 [color=#0000EE]
                    LayoutText {#text} at (0,848) size 143x16
                      text run at (0,848) width 143: "Floating-Point Constants"
                  LayoutText {#text} at (143,848) size 4x16
                    text run at (143,848) width 4: " "
                  LayoutBR {BR} at (147,861) size 0x0
                  LayoutInline {A} at (0,0) size 110x16 [color=#0000EE]
                    LayoutText {#text} at (0,864) size 110x16
                      text run at (0,864) width 110: "Decimal Constants"
                  LayoutText {#text} at (110,864) size 4x16
                    text run at (110,864) width 4: " "
                  LayoutBR {BR} at (114,877) size 0x0
                  LayoutInline {A} at (0,0) size 157x16 [color=#0000EE]
                    LayoutText {#text} at (0,880) size 157x16
                      text run at (0,880) width 157: "Character String Constants"
                  LayoutText {#text} at (157,880) size 4x16
                    text run at (157,880) width 4: " "
                  LayoutBR {BR} at (161,893) size 0x0
                  LayoutInline {A} at (0,0) size 138x16 [color=#0000EE]
                    LayoutText {#text} at (0,896) size 138x16
                      text run at (0,896) width 138: "Hexadecimal Constants"
                  LayoutText {#text} at (138,896) size 4x16
                    text run at (138,896) width 4: " "
                  LayoutBR {BR} at (142,909) size 0x0
                  LayoutInline {A} at (0,0) size 146x16 [color=#0000EE]
                    LayoutText {#text} at (0,912) size 146x16
                      text run at (0,912) width 146: "Graphic String Constants"
                  LayoutText {#text} at (146,912) size 4x16
                    text run at (146,912) width 4: " "
                  LayoutBR {BR} at (150,925) size 0x0
                  LayoutInline {A} at (0,0) size 238x16 [color=#0000EE]
                    LayoutText {#text} at (0,928) size 238x16
                      text run at (0,928) width 238: "Using Constants with User-defined Types"
                  LayoutText {#text} at (237,928) size 5x16
                    text run at (237,928) width 5: " "
                  LayoutBR {BR} at (241,941) size 1x0
                  LayoutInline {A} at (0,0) size 102x16 [color=#0000EE]
                    LayoutText {#text} at (0,944) size 102x16
                      text run at (0,944) width 102: "Special Registers"
                  LayoutText {#text} at (102,944) size 4x16
                    text run at (102,944) width 4: " "
                  LayoutBR {BR} at (106,957) size 0x0
                  LayoutInline {A} at (0,0) size 99x16 [color=#0000EE]
                    LayoutText {#text} at (0,960) size 99x16
                      text run at (0,960) width 99: "CURRENT DATE"
                  LayoutText {#text} at (98,960) size 5x16
                    text run at (98,960) width 5: " "
                  LayoutBR {BR} at (102,973) size 1x0
                  LayoutInline {A} at (0,0) size 258x16 [color=#0000EE]
                    LayoutText {#text} at (0,976) size 258x16
                      text run at (0,976) width 258: "CURRENT DEFAULT TRANSFORM GROUP"
                  LayoutText {#text} at (257,976) size 5x16
                    text run at (257,976) width 5: " "
                  LayoutBR {BR} at (261,989) size 1x0
                  LayoutInline {A} at (0,0) size 120x16 [color=#0000EE]
                    LayoutText {#text} at (0,992) size 120x16
                      text run at (0,992) width 120: "CURRENT DEGREE"
                  LayoutText {#text} at (120,992) size 4x16
                    text run at (120,992) width 4: " "
                  LayoutBR {BR} at (124,1005) size 0x0
                  LayoutInline {A} at (0,0) size 161x16 [color=#0000EE]
                    LayoutText {#text} at (0,1008) size 161x16
                      text run at (0,1008) width 161: "CURRENT EXPLAIN MODE"
                  LayoutText {#text} at (161,1008) size 4x16
                    text run at (161,1008) width 4: " "
                  LayoutBR {BR} at (165,1021) size 0x0
                  LayoutInline {A} at (0,0) size 193x16 [color=#0000EE]
                    LayoutText {#text} at (0,1024) size 193x16
                      text run at (0,1024) width 193: "CURRENT EXPLAIN SNAPSHOT"
                  LayoutText {#text} at (193,1024) size 4x16
                    text run at (193,1024) width 4: " "
                  LayoutBR {BR} at (197,1037) size 0x0
                  LayoutInline {A} at (0,0) size 102x16 [color=#0000EE]
                    LayoutText {#text} at (0,1040) size 102x16
                      text run at (0,1040) width 102: "CURRENT NODE"
                  LayoutText {#text} at (102,1040) size 4x16
                    text run at (102,1040) width 4: " "
                  LayoutBR {BR} at (106,1053) size 0x0
                  LayoutInline {A} at (0,0) size 98x16 [color=#0000EE]
                    LayoutText {#text} at (0,1056) size 98x16
                      text run at (0,1056) width 98: "CURRENT PATH"
                  LayoutText {#text} at (97,1056) size 5x16
                    text run at (97,1056) width 5: " "
                  LayoutBR {BR} at (101,1069) size 1x0
                  LayoutInline {A} at (0,0) size 202x16 [color=#0000EE]
                    LayoutText {#text} at (0,1072) size 202x16
                      text run at (0,1072) width 202: "CURRENT QUERY OPTIMIZATION"
                  LayoutText {#text} at (201,1072) size 5x16
                    text run at (201,1072) width 5: " "
                  LayoutBR {BR} at (205,1085) size 1x0
                  LayoutInline {A} at (0,0) size 159x16 [color=#0000EE]
                    LayoutText {#text} at (0,1088) size 159x16
                      text run at (0,1088) width 159: "CURRENT REFRESH AGE"
                  LayoutText {#text} at (159,1088) size 4x16
                    text run at (159,1088) width 4: " "
                  LayoutBR {BR} at (163,1101) size 0x0
                  LayoutInline {A} at (0,0) size 121x16 [color=#0000EE]
                    LayoutText {#text} at (0,1104) size 121x16
                      text run at (0,1104) width 121: "CURRENT SCHEMA"
                  LayoutText {#text} at (121,1104) size 4x16
                    text run at (121,1104) width 4: " "
                  LayoutBR {BR} at (125,1117) size 0x0
                  LayoutInline {A} at (0,0) size 119x16 [color=#0000EE]
                    LayoutText {#text} at (0,1120) size 119x16
                      text run at (0,1120) width 119: "CURRENT SERVER"
                  LayoutText {#text} at (118,1120) size 5x16
                    text run at (118,1120) width 5: " "
                  LayoutBR {BR} at (122,1133) size 1x0
                  LayoutInline {A} at (0,0) size 95x16 [color=#0000EE]
                    LayoutText {#text} at (0,1136) size 95x16
                      text run at (0,1136) width 95: "CURRENT TIME"
                  LayoutText {#text} at (95,1136) size 4x16
                    text run at (95,1136) width 4: " "
                  LayoutBR {BR} at (99,1149) size 0x0
                  LayoutInline {A} at (0,0) size 140x16 [color=#0000EE]
                    LayoutText {#text} at (0,1152) size 140x16
                      text run at (0,1152) width 140: "CURRENT TIMESTAMP"
                  LayoutText {#text} at (139,1152) size 5x16
                    text run at (139,1152) width 5: " "
                  LayoutBR {BR} at (143,1165) size 1x0
                  LayoutInline {A} at (0,0) size 130x16 [color=#0000EE]
                    LayoutText {#text} at (0,1168) size 130x16
                      text run at (0,1168) width 130: "CURRENT TIMEZONE"
                  LayoutText {#text} at (130,1168) size 4x16
                    text run at (130,1168) width 4: " "
                  LayoutBR {BR} at (134,1181) size 0x0
                  LayoutInline {A} at (0,0) size 36x16 [color=#0000EE]
                    LayoutText {#text} at (0,1184) size 36x16
                      text run at (0,1184) width 36: "USER"
                  LayoutText {#text} at (36,1184) size 4x16
                    text run at (36,1184) width 4: " "
                  LayoutBR {BR} at (40,1197) size 0x0
                  LayoutInline {A} at (0,0) size 89x16 [color=#0000EE]
                    LayoutText {#text} at (0,1200) size 89x16
                      text run at (0,1200) width 89: "Column Names"
                  LayoutText {#text} at (89,1200) size 4x16
                    text run at (89,1200) width 4: " "
                  LayoutBR {BR} at (93,1213) size 0x0
                  LayoutInline {A} at (0,0) size 143x16 [color=#0000EE]
                    LayoutText {#text} at (0,1216) size 143x16
                      text run at (0,1216) width 143: "Qualified Column Names"
                  LayoutText {#text} at (143,1216) size 4x16
                    text run at (143,1216) width 4: " "
                  LayoutBR {BR} at (147,1229) size 0x0
                  LayoutInline {A} at (0,0) size 107x16 [color=#0000EE]
                    LayoutText {#text} at (0,1232) size 107x16
                      text run at (0,1232) width 107: "Correlation Names"
                  LayoutText {#text} at (107,1232) size 4x16
                    text run at (107,1232) width 4: " "
                  LayoutBR {BR} at (111,1245) size 0x0
                  LayoutInline {A} at (0,0) size 252x16 [color=#0000EE]
                    LayoutText {#text} at (0,1248) size 252x16
                      text run at (0,1248) width 252: "Column Name Qualifiers to Avoid Ambiguity"
                  LayoutText {#text} at (251,1248) size 5x16
                    text run at (251,1248) width 5: " "
                  LayoutBR {BR} at (255,1261) size 1x0
                  LayoutInline {A} at (0,0) size 286x16 [color=#0000EE]
                    LayoutText {#text} at (0,1264) size 286x16
                      text run at (0,1264) width 286: "Column Name Qualifiers in Correlated References"
                  LayoutText {#text} at (286,1264) size 4x16
                    text run at (286,1264) width 4: " "
                  LayoutBR {BR} at (290,1277) size 0x0
                  LayoutInline {A} at (0,0) size 169x16 [color=#0000EE]
                    LayoutText {#text} at (0,1280) size 169x16
                      text run at (0,1280) width 169: "References to Host Variables"
                  LayoutText {#text} at (168,1280) size 5x16
                    text run at (168,1280) width 5: " "
                  LayoutBR {BR} at (172,1293) size 1x0
                  LayoutInline {A} at (0,0) size 184x16 [color=#0000EE]
                    LayoutText {#text} at (0,1296) size 184x16
                      text run at (0,1296) width 184: "Host Variables in Dynamic SQL"
                  LayoutText {#text} at (183,1296) size 5x16
                    text run at (183,1296) width 5: " "
                  LayoutBR {BR} at (187,1309) size 1x0
                  LayoutInline {A} at (0,0) size 337x16 [color=#0000EE]
                    LayoutText {#text} at (0,1312) size 337x16
                      text run at (0,1312) width 337: "References to BLOB, CLOB, and DBCLOB Host Variables"
                  LayoutText {#text} at (336,1312) size 5x16
                    text run at (336,1312) width 5: " "
                  LayoutBR {BR} at (340,1325) size 1x0
                  LayoutInline {A} at (0,0) size 185x16 [color=#0000EE]
                    LayoutText {#text} at (0,1328) size 185x16
                      text run at (0,1328) width 185: "References to Locator Variables"
                  LayoutText {#text} at (184,1328) size 5x16
                    text run at (184,1328) width 5: " "
                  LayoutBR {BR} at (188,1341) size 1x0
                  LayoutInline {A} at (0,0) size 393x16 [color=#0000EE]
                    LayoutText {#text} at (0,1344) size 393x16
                      text run at (0,1344) width 393: "References to BLOB, CLOB, and DBCLOB File Reference Variables"
                  LayoutText {#text} at (392,1344) size 5x16
                    text run at (392,1344) width 5: " "
                  LayoutBR {BR} at (396,1357) size 1x0
                  LayoutInline {A} at (0,0) size 264x16 [color=#0000EE]
                    LayoutText {#text} at (0,1360) size 264x16
                      text run at (0,1360) width 264: "References to Structured Type Host Variables"
                  LayoutText {#text} at (263,1360) size 5x16
                    text run at (263,1360) width 5: " "
                  LayoutBR {BR} at (267,1373) size 1x0
                  LayoutInline {A} at (0,0) size 57x16 [color=#0000EE]
                    LayoutText {#text} at (0,1376) size 57x16
                      text run at (0,1376) width 57: "Functions"
                  LayoutText {#text} at (57,1376) size 4x16
                    text run at (57,1376) width 4: " "
                  LayoutBR {BR} at (61,1389) size 0x0
                  LayoutInline {A} at (0,0) size 298x16 [color=#0000EE]
                    LayoutText {#text} at (0,1392) size 298x16
                      text run at (0,1392) width 298: "External, SQL and Sourced User-Defined Functions"
                  LayoutText {#text} at (298,1392) size 4x16
                    text run at (298,1392) width 4: " "
                  LayoutBR {BR} at (302,1405) size 0x0
                  LayoutInline {A} at (0,0) size 319x16 [color=#0000EE]
                    LayoutText {#text} at (0,1408) size 319x16
                      text run at (0,1408) width 319: "Scalar, Column, Row and Table User-Defined Functions"
                  LayoutText {#text} at (318,1408) size 5x16
                    text run at (318,1408) width 5: " "
                  LayoutBR {BR} at (322,1421) size 1x0
                  LayoutInline {A} at (0,0) size 114x16 [color=#0000EE]
                    LayoutText {#text} at (0,1424) size 114x16
                      text run at (0,1424) width 114: "Function signatures"
                  LayoutText {#text} at (114,1424) size 4x16
                    text run at (114,1424) width 4: " "
                  LayoutBR {BR} at (118,1437) size 0x0
                  LayoutInline {A} at (0,0) size 57x16 [color=#0000EE]
                    LayoutText {#text} at (0,1440) size 57x16
                      text run at (0,1440) width 57: "SQL Path"
                  LayoutText {#text} at (57,1440) size 4x16
                    text run at (57,1440) width 4: " "
                  LayoutBR {BR} at (61,1453) size 0x0
                  LayoutInline {A} at (0,0) size 115x16 [color=#0000EE]
                    LayoutText {#text} at (0,1456) size 115x16
                      text run at (0,1456) width 115: "Function Resolution"
                  LayoutText {#text} at (115,1456) size 4x16
                    text run at (115,1456) width 4: " "
                  LayoutBR {BR} at (119,1469) size 0x0
                  LayoutInline {A} at (0,0) size 111x16 [color=#0000EE]
                    LayoutText {#text} at (0,1472) size 111x16
                      text run at (0,1472) width 111: "Function Invocation"
                  LayoutText {#text} at (111,1472) size 4x16
                    text run at (111,1472) width 4: " "
                  LayoutBR {BR} at (115,1485) size 0x0
                  LayoutInline {A} at (0,0) size 50x16 [color=#0000EE]
                    LayoutText {#text} at (0,1488) size 50x16
                      text run at (0,1488) width 50: "Methods"
                  LayoutText {#text} at (50,1488) size 4x16
                    text run at (50,1488) width 4: " "
                  LayoutBR {BR} at (54,1501) size 0x0
                  LayoutInline {A} at (0,0) size 235x16 [color=#0000EE]
                    LayoutText {#text} at (0,1504) size 235x16
                      text run at (0,1504) width 235: "External and SQL User-Defined Methods"
                  LayoutText {#text} at (235,1504) size 4x16
                    text run at (235,1504) width 4: " "
                  LayoutBR {BR} at (239,1517) size 0x0
                  LayoutInline {A} at (0,0) size 109x16 [color=#0000EE]
                    LayoutText {#text} at (0,1520) size 109x16
                      text run at (0,1520) width 109: "Method Signatures"
                  LayoutText {#text} at (109,1520) size 4x16
                    text run at (109,1520) width 4: " "
                  LayoutBR {BR} at (113,1533) size 0x0
                  LayoutInline {A} at (0,0) size 104x16 [color=#0000EE]
                    LayoutText {#text} at (0,1536) size 104x16
                      text run at (0,1536) width 104: "Method Invocation"
                  LayoutText {#text} at (104,1536) size 4x16
                    text run at (104,1536) width 4: " "
                  LayoutBR {BR} at (108,1549) size 0x0
                  LayoutInline {A} at (0,0) size 108x16 [color=#0000EE]
                    LayoutText {#text} at (0,1552) size 108x16
                      text run at (0,1552) width 108: "Method Resolution"
                  LayoutText {#text} at (108,1552) size 4x16
                    text run at (108,1552) width 4: " "
                  LayoutBR {BR} at (112,1565) size 0x0
                  LayoutInline {A} at (0,0) size 187x16 [color=#0000EE]
                    LayoutText {#text} at (0,1568) size 187x16
                      text run at (0,1568) width 187: "Method of Choosing the Best Fit"
                  LayoutText {#text} at (187,1568) size 4x16
                    text run at (187,1568) width 4: " "
                  LayoutBR {BR} at (191,1581) size 0x0
                  LayoutInline {A} at (0,0) size 177x16 [color=#0000EE]
                    LayoutText {#text} at (0,1584) size 177x16
                      text run at (0,1584) width 177: "Example of Method Resolution"
                  LayoutText {#text} at (177,1584) size 4x16
                    text run at (177,1584) width 4: " "
                  LayoutBR {BR} at (181,1597) size 0x0
                  LayoutInline {A} at (0,0) size 104x16 [color=#0000EE]
                    LayoutText {#text} at (0,1600) size 104x16
                      text run at (0,1600) width 104: "Method Invocation"
                  LayoutText {#text} at (104,1600) size 4x16
                    text run at (104,1600) width 4: " "
                  LayoutBR {BR} at (108,1613) size 0x0
                  LayoutInline {A} at (0,0) size 185x16 [color=#0000EE]
                    LayoutText {#text} at (0,1616) size 185x16
                      text run at (0,1616) width 185: "Conservative Binding Semantics"
                  LayoutText {#text} at (185,1616) size 4x16
                    text run at (185,1616) width 4: " "
                  LayoutBR {BR} at (189,1629) size 0x0
                  LayoutInline {A} at (0,0) size 72x16 [color=#0000EE]
                    LayoutText {#text} at (0,1632) size 72x16
                      text run at (0,1632) width 72: "Expressions"
                  LayoutText {#text} at (72,1632) size 4x16
                    text run at (72,1632) width 4: " "
                  LayoutBR {BR} at (76,1645) size 0x0
                  LayoutInline {A} at (0,0) size 106x16 [color=#0000EE]
                    LayoutText {#text} at (0,1648) size 106x16
                      text run at (0,1648) width 106: "Without Operators"
                  LayoutText {#text} at (106,1648) size 4x16
                    text run at (106,1648) width 4: " "
                  LayoutBR {BR} at (110,1661) size 0x0
                  LayoutInline {A} at (0,0) size 190x16 [color=#0000EE]
                    LayoutText {#text} at (0,1664) size 190x16
                      text run at (0,1664) width 190: "With the Concatenation Operator"
                  LayoutText {#text} at (190,1664) size 4x16
                    text run at (190,1664) width 4: " "
                  LayoutBR {BR} at (194,1677) size 0x0
                  LayoutInline {A} at (0,0) size 151x16 [color=#0000EE]
                    LayoutText {#text} at (0,1680) size 151x16
                      text run at (0,1680) width 151: "With Arithmetic Operators"
                  LayoutText {#text} at (151,1680) size 4x16
                    text run at (151,1680) width 4: " "
                  LayoutBR {BR} at (155,1693) size 0x0
                  LayoutInline {A} at (0,0) size 126x16 [color=#0000EE]
                    LayoutText {#text} at (0,1696) size 126x16
                      text run at (0,1696) width 126: "Two Integer Operands"
                  LayoutText {#text} at (125,1696) size 5x16
                    text run at (125,1696) width 5: " "
                  LayoutBR {BR} at (129,1709) size 1x0
                  LayoutInline {A} at (0,0) size 175x16 [color=#0000EE]
                    LayoutText {#text} at (0,1712) size 175x16
                      text run at (0,1712) width 175: "Integer and Decimal Operands"
                  LayoutText {#text} at (175,1712) size 4x16
                    text run at (175,1712) width 4: " "
                  LayoutBR {BR} at (179,1725) size 0x0
                  LayoutInline {A} at (0,0) size 134x16 [color=#0000EE]
                    LayoutText {#text} at (0,1728) size 134x16
                      text run at (0,1728) width 134: "Two Decimal Operands"
                  LayoutText {#text} at (133,1728) size 5x16
                    text run at (133,1728) width 5: " "
                  LayoutBR {BR} at (137,1741) size 1x0
                  LayoutInline {A} at (0,0) size 154x16 [color=#0000EE]
                    LayoutText {#text} at (0,1744) size 154x16
                      text run at (0,1744) width 154: "Decimal Arithmetic in SQL"
                  LayoutText {#text} at (154,1744) size 4x16
                    text run at (154,1744) width 4: " "
                  LayoutBR {BR} at (158,1757) size 0x0
                  LayoutInline {A} at (0,0) size 140x16 [color=#0000EE]
                    LayoutText {#text} at (0,1760) size 140x16
                      text run at (0,1760) width 140: "Floating-Point Operands"
                  LayoutText {#text} at (140,1760) size 4x16
                    text run at (140,1760) width 4: " "
                  LayoutBR {BR} at (144,1773) size 0x0
                  LayoutInline {A} at (0,0) size 189x16 [color=#0000EE]
                    LayoutText {#text} at (0,1776) size 189x16
                      text run at (0,1776) width 189: "User-defined Types as Operands"
                  LayoutText {#text} at (188,1776) size 5x16
                    text run at (188,1776) width 5: " "
                  LayoutBR {BR} at (192,1789) size 1x0
                  LayoutInline {A} at (0,0) size 97x16 [color=#0000EE]
                    LayoutText {#text} at (0,1792) size 97x16
                      text run at (0,1792) width 97: "Scalar Fullselect"
                  LayoutText {#text} at (97,1792) size 4x16
                    text run at (97,1792) width 4: " "
                  LayoutBR {BR} at (101,1805) size 0x0
                  LayoutInline {A} at (0,0) size 203x16 [color=#0000EE]
                    LayoutText {#text} at (0,1808) size 203x16
                      text run at (0,1808) width 203: "Datetime Operations and Durations"
                  LayoutText {#text} at (203,1808) size 4x16
                    text run at (203,1808) width 4: " "
                  LayoutBR {BR} at (207,1821) size 0x0
                  LayoutInline {A} at (0,0) size 159x16 [color=#0000EE]
                    LayoutText {#text} at (0,1824) size 159x16
                      text run at (0,1824) width 159: "Datetime Arithmetic in SQL"
                  LayoutText {#text} at (159,1824) size 4x16
                    text run at (159,1824) width 4: " "
                  LayoutBR {BR} at (163,1837) size 0x0
                  LayoutInline {A} at (0,0) size 150x16 [color=#0000EE]
                    LayoutText {#text} at (0,1840) size 150x16
                      text run at (0,1840) width 150: "Precedence of Operations"
                  LayoutText {#text} at (150,1840) size 4x16
                    text run at (150,1840) width 4: " "
                  LayoutBR {BR} at (154,1853) size 0x0
                  LayoutInline {A} at (0,0) size 112x16 [color=#0000EE]
                    LayoutText {#text} at (0,1856) size 112x16
                      text run at (0,1856) width 112: "CASE Expressions"
                  LayoutText {#text} at (112,1856) size 4x16
                    text run at (112,1856) width 4: " "
                  LayoutBR {BR} at (116,1869) size 0x0
                  LayoutInline {A} at (0,0) size 119x16 [color=#0000EE]
                    LayoutText {#text} at (0,1872) size 119x16
                      text run at (0,1872) width 119: "CAST Specifications"
                  LayoutText {#text} at (119,1872) size 4x16
                    text run at (119,1872) width 4: " "
                  LayoutBR {BR} at (123,1885) size 0x0
                  LayoutInline {A} at (0,0) size 136x16 [color=#0000EE]
                    LayoutText {#text} at (0,1888) size 136x16
                      text run at (0,1888) width 136: "Dereference Operations"
                  LayoutText {#text} at (136,1888) size 4x16
                    text run at (136,1888) width 4: " "
                  LayoutBR {BR} at (140,1901) size 0x0
                  LayoutInline {A} at (0,0) size 96x16 [color=#0000EE]
                    LayoutText {#text} at (0,1904) size 96x16
                      text run at (0,1904) width 96: "OLAP Functions"
                  LayoutText {#text} at (96,1904) size 4x16
                    text run at (96,1904) width 4: " "
                  LayoutBR {BR} at (100,1917) size 0x0
                  LayoutInline {A} at (0,0) size 104x16 [color=#0000EE]
                    LayoutText {#text} at (0,1920) size 104x16
                      text run at (0,1920) width 104: "Method Invocation"
                  LayoutText {#text} at (104,1920) size 4x16
                    text run at (104,1920) width 4: " "
                  LayoutBR {BR} at (108,1933) size 0x0
                  LayoutInline {A} at (0,0) size 110x16 [color=#0000EE]
                    LayoutText {#text} at (0,1936) size 110x16
                      text run at (0,1936) width 110: "Subtype Treatment"
                  LayoutText {#text} at (109,1936) size 5x16
                    text run at (109,1936) width 5: " "
                  LayoutBR {BR} at (113,1949) size 1x0
                  LayoutInline {A} at (0,0) size 62x16 [color=#0000EE]
                    LayoutText {#text} at (0,1952) size 62x16
                      text run at (0,1952) width 62: "Predicates"
                  LayoutText {#text} at (62,1952) size 4x16
                    text run at (62,1952) width 4: " "
                  LayoutBR {BR} at (66,1965) size 0x0
                  LayoutInline {A} at (0,0) size 92x16 [color=#0000EE]
                    LayoutText {#text} at (0,1968) size 92x16
                      text run at (0,1968) width 92: "Basic Predicate"
                  LayoutText {#text} at (92,1968) size 4x16
                    text run at (92,1968) width 4: " "
                  LayoutBR {BR} at (96,1981) size 0x0
                  LayoutInline {A} at (0,0) size 117x16 [color=#0000EE]
                    LayoutText {#text} at (0,1984) size 117x16
                      text run at (0,1984) width 117: "Quantified Predicate"
                  LayoutText {#text} at (117,1984) size 4x16
                    text run at (117,1984) width 4: " "
                  LayoutBR {BR} at (121,1997) size 0x0
                  LayoutInline {A} at (0,0) size 124x16 [color=#0000EE]
                    LayoutText {#text} at (0,2000) size 124x16
                      text run at (0,2000) width 124: "BETWEEN Predicate"
                  LayoutText {#text} at (124,2000) size 4x16
                    text run at (124,2000) width 4: " "
                  LayoutBR {BR} at (128,2013) size 0x0
                  LayoutInline {A} at (0,0) size 103x16 [color=#0000EE]
                    LayoutText {#text} at (0,2016) size 103x16
                      text run at (0,2016) width 103: "EXISTS Predicate"
                  LayoutText {#text} at (103,2016) size 4x16
                    text run at (103,2016) width 4: " "
                  LayoutBR {BR} at (107,2029) size 0x0
                  LayoutInline {A} at (0,0) size 71x16 [color=#0000EE]
                    LayoutText {#text} at (0,2032) size 71x16
                      text run at (0,2032) width 71: "IN Predicate"
                  LayoutText {#text} at (71,2032) size 4x16
                    text run at (71,2032) width 4: " "
                  LayoutBR {BR} at (75,2045) size 0x0
                  LayoutInline {A} at (0,0) size 87x16 [color=#0000EE]
                    LayoutText {#text} at (0,2048) size 87x16
                      text run at (0,2048) width 87: "LIKE Predicate"
                  LayoutText {#text} at (87,2048) size 4x16
                    text run at (87,2048) width 4: " "
                  LayoutBR {BR} at (91,2061) size 0x0
                  LayoutInline {A} at (0,0) size 91x16 [color=#0000EE]
                    LayoutText {#text} at (0,2064) size 91x16
                      text run at (0,2064) width 91: "NULL Predicate"
                  LayoutText {#text} at (91,2064) size 4x16
                    text run at (91,2064) width 4: " "
                  LayoutBR {BR} at (95,2077) size 0x0
                  LayoutInline {A} at (0,0) size 93x16 [color=#0000EE]
                    LayoutText {#text} at (0,2080) size 93x16
                      text run at (0,2080) width 93: "TYPE Predicate"
                  LayoutText {#text} at (93,2080) size 4x16
                    text run at (93,2080) width 4: " "
                  LayoutBR {BR} at (97,2093) size 0x0
                  LayoutInline {A} at (0,0) size 106x16 [color=#0000EE]
                    LayoutText {#text} at (0,2096) size 106x16
                      text run at (0,2096) width 106: "Search Conditions"
                  LayoutText {#text} at (106,2096) size 4x16
                    text run at (106,2096) width 4: " "
                  LayoutBR {BR} at (110,2109) size 0x0
                  LayoutInline {A} at (0,0) size 58x16 [color=#0000EE]
                    LayoutText {#text} at (0,2112) size 58x16
                      text run at (0,2112) width 58: "Examples"
                  LayoutText {#text} at (0,0) size 0x0
                LayoutBlockFlow {P} at (0,3424.17) size 707x2064
                  LayoutInline {B} at (0,0) size 61x16
                    LayoutInline {A} at (0,0) size 61x16 [color=#0000EE]
                      LayoutText {#text} at (0,0) size 61x16
                        text run at (0,0) width 61: "Functions"
                  LayoutBR {BR} at (61,13) size 0x0
                  LayoutBR {BR} at (0,16) size 0x16
                  LayoutInline {A} at (0,0) size 105x16 [color=#0000EE]
                    LayoutText {#text} at (0,32) size 105x16
                      text run at (0,32) width 105: "Column Functions"
                  LayoutText {#text} at (105,32) size 4x16
                    text run at (105,32) width 4: " "
                  LayoutBR {BR} at (109,45) size 0x0
                  LayoutInline {A} at (0,0) size 28x16 [color=#0000EE]
                    LayoutText {#text} at (0,48) size 28x16
                      text run at (0,48) width 28: "AVG"
                  LayoutText {#text} at (27,48) size 5x16
                    text run at (27,48) width 5: " "
                  LayoutBR {BR} at (31,61) size 1x0
                  LayoutInline {A} at (0,0) size 91x16 [color=#0000EE]
                    LayoutText {#text} at (0,64) size 91x16
                      text run at (0,64) width 91: "CORRELATION"
                  LayoutText {#text} at (90,64) size 5x16
                    text run at (90,64) width 5: " "
                  LayoutBR {BR} at (94,77) size 1x0
                  LayoutInline {A} at (0,0) size 44x16 [color=#0000EE]
                    LayoutText {#text} at (0,80) size 44x16
                      text run at (0,80) width 44: "COUNT"
                  LayoutText {#text} at (44,80) size 4x16
                    text run at (44,80) width 4: " "
                  LayoutBR {BR} at (48,93) size 0x0
                  LayoutInline {A} at (0,0) size 73x16 [color=#0000EE]
                    LayoutText {#text} at (0,96) size 73x16
                      text run at (0,96) width 73: "COUNT_BIG"
                  LayoutText {#text} at (73,96) size 4x16
                    text run at (73,96) width 4: " "
                  LayoutBR {BR} at (77,109) size 0x0
                  LayoutInline {A} at (0,0) size 85x16 [color=#0000EE]
                    LayoutText {#text} at (0,112) size 85x16
                      text run at (0,112) width 85: "COVARIANCE"
                  LayoutText {#text} at (84,112) size 5x16
                    text run at (84,112) width 5: " "
                  LayoutBR {BR} at (88,125) size 1x0
                  LayoutInline {A} at (0,0) size 69x16 [color=#0000EE]
                    LayoutText {#text} at (0,128) size 69x16
                      text run at (0,128) width 69: "GROUPING"
                  LayoutText {#text} at (69,128) size 4x16
                    text run at (69,128) width 4: " "
                  LayoutBR {BR} at (73,141) size 0x0
                  LayoutInline {A} at (0,0) size 27x16 [color=#0000EE]
                    LayoutText {#text} at (0,144) size 27x16
                      text run at (0,144) width 27: "MAX"
                  LayoutText {#text} at (27,144) size 4x16
                    text run at (27,144) width 4: " "
                  LayoutBR {BR} at (31,157) size 0x0
                  LayoutInline {A} at (0,0) size 23x16 [color=#0000EE]
                    LayoutText {#text} at (0,160) size 23x16
                      text run at (0,160) width 23: "MIN"
                  LayoutText {#text} at (23,160) size 4x16
                    text run at (23,160) width 4: " "
                  LayoutBR {BR} at (27,173) size 0x0
                  LayoutInline {A} at (0,0) size 147x16 [color=#0000EE]
                    LayoutText {#text} at (0,176) size 147x16
                      text run at (0,176) width 147: "REGRESSION Functions"
                  LayoutText {#text} at (147,176) size 4x16
                    text run at (147,176) width 4: " "
                  LayoutBR {BR} at (151,189) size 0x0
                  LayoutInline {A} at (0,0) size 52x16 [color=#0000EE]
                    LayoutText {#text} at (0,192) size 52x16
                      text run at (0,192) width 52: "STDDEV"
                  LayoutText {#text} at (52,192) size 4x16
                    text run at (52,192) width 4: " "
                  LayoutBR {BR} at (56,205) size 0x0
                  LayoutInline {A} at (0,0) size 29x16 [color=#0000EE]
                    LayoutText {#text} at (0,208) size 29x16
                      text run at (0,208) width 29: "SUM"
                  LayoutText {#text} at (29,208) size 4x16
                    text run at (29,208) width 4: " "
                  LayoutBR {BR} at (33,221) size 0x0
                  LayoutInline {A} at (0,0) size 66x16 [color=#0000EE]
                    LayoutText {#text} at (0,224) size 66x16
                      text run at (0,224) width 66: "VARIANCE"
                  LayoutText {#text} at (65,224) size 5x16
                    text run at (65,224) width 5: " "
                  LayoutBR {BR} at (69,237) size 1x0
                  LayoutInline {A} at (0,0) size 98x16 [color=#0000EE]
                    LayoutText {#text} at (0,240) size 98x16
                      text run at (0,240) width 98: "Scalar Functions"
                  LayoutText {#text} at (98,240) size 4x16
                    text run at (98,240) width 4: " "
                  LayoutBR {BR} at (102,253) size 0x0
                  LayoutInline {A} at (0,0) size 98x16 [color=#0000EE]
                    LayoutText {#text} at (0,256) size 98x16
                      text run at (0,256) width 98: "ABS or ABSVAL"
                  LayoutText {#text} at (97,256) size 5x16
                    text run at (97,256) width 5: " "
                  LayoutBR {BR} at (101,269) size 1x0
                  LayoutInline {A} at (0,0) size 37x16 [color=#0000EE]
                    LayoutText {#text} at (0,272) size 37x16
                      text run at (0,272) width 37: "ACOS"
                  LayoutText {#text} at (37,272) size 4x16
                    text run at (37,272) width 4: " "
                  LayoutBR {BR} at (41,285) size 0x0
                  LayoutInline {A} at (0,0) size 33x16 [color=#0000EE]
                    LayoutText {#text} at (0,288) size 33x16
                      text run at (0,288) width 33: "ASCII"
                  LayoutText {#text} at (33,288) size 4x16
                    text run at (33,288) width 4: " "
                  LayoutBR {BR} at (37,301) size 0x0
                  LayoutInline {A} at (0,0) size 30x16 [color=#0000EE]
                    LayoutText {#text} at (0,304) size 30x16
                      text run at (0,304) width 30: "ASIN"
                  LayoutText {#text} at (30,304) size 4x16
                    text run at (30,304) width 4: " "
                  LayoutBR {BR} at (34,317) size 0x0
                  LayoutInline {A} at (0,0) size 33x16 [color=#0000EE]
                    LayoutText {#text} at (0,320) size 33x16
                      text run at (0,320) width 33: "ATAN"
                  LayoutText {#text} at (32,320) size 5x16
                    text run at (32,320) width 5: " "
                  LayoutBR {BR} at (36,333) size 1x0
                  LayoutInline {A} at (0,0) size 40x16 [color=#0000EE]
                    LayoutText {#text} at (0,336) size 40x16
                      text run at (0,336) width 40: "ATAN2"
                  LayoutText {#text} at (39,336) size 5x16
                    text run at (39,336) width 5: " "
                  LayoutBR {BR} at (43,349) size 1x0
                  LayoutInline {A} at (0,0) size 41x16 [color=#0000EE]
                    LayoutText {#text} at (0,352) size 41x16
                      text run at (0,352) width 41: "BIGINT"
                  LayoutText {#text} at (41,352) size 4x16
                    text run at (41,352) width 4: " "
                  LayoutBR {BR} at (45,365) size 0x0
                  LayoutInline {A} at (0,0) size 35x16 [color=#0000EE]
                    LayoutText {#text} at (0,368) size 35x16
                      text run at (0,368) width 35: "BLOB"
                  LayoutText {#text} at (35,368) size 4x16
                    text run at (35,368) width 4: " "
                  LayoutBR {BR} at (39,381) size 0x0
                  LayoutInline {A} at (0,0) size 97x16 [color=#0000EE]
                    LayoutText {#text} at (0,384) size 97x16
                      text run at (0,384) width 97: "CEILING or CEIL"
                  LayoutText {#text} at (97,384) size 4x16
                    text run at (97,384) width 4: " "
                  LayoutBR {BR} at (101,397) size 0x0
                  LayoutInline {A} at (0,0) size 36x16 [color=#0000EE]
                    LayoutText {#text} at (0,400) size 36x16
                      text run at (0,400) width 36: "CHAR"
                  LayoutText {#text} at (36,400) size 4x16
                    text run at (36,400) width 4: " "
                  LayoutBR {BR} at (40,413) size 0x0
                  LayoutInline {A} at (0,0) size 27x16 [color=#0000EE]
                    LayoutText {#text} at (0,416) size 27x16
                      text run at (0,416) width 27: "CHR"
                  LayoutText {#text} at (27,416) size 4x16
                    text run at (27,416) width 4: " "
                  LayoutBR {BR} at (31,429) size 0x0
                  LayoutInline {A} at (0,0) size 35x16 [color=#0000EE]
                    LayoutText {#text} at (0,432) size 35x16
                      text run at (0,432) width 35: "CLOB"
                  LayoutText {#text} at (35,432) size 4x16
                    text run at (35,432) width 4: " "
                  LayoutBR {BR} at (39,445) size 0x0
                  LayoutInline {A} at (0,0) size 71x16 [color=#0000EE]
                    LayoutText {#text} at (0,448) size 71x16
                      text run at (0,448) width 71: "COALESCE"
                  LayoutText {#text} at (71,448) size 4x16
                    text run at (71,448) width 4: " "
                  LayoutBR {BR} at (75,461) size 0x0
                  LayoutInline {A} at (0,0) size 53x16 [color=#0000EE]
                    LayoutText {#text} at (0,464) size 53x16
                      text run at (0,464) width 53: "CONCAT"
                  LayoutText {#text} at (52,464) size 5x16
                    text run at (52,464) width 5: " "
                  LayoutBR {BR} at (56,477) size 1x0
                  LayoutInline {A} at (0,0) size 28x16 [color=#0000EE]
                    LayoutText {#text} at (0,480) size 28x16
                      text run at (0,480) width 28: "COS"
                  LayoutText {#text} at (28,480) size 4x16
                    text run at (28,480) width 4: " "
                  LayoutBR {BR} at (32,493) size 0x0
                  LayoutInline {A} at (0,0) size 26x16 [color=#0000EE]
                    LayoutText {#text} at (0,496) size 26x16
                      text run at (0,496) width 26: "COT"
                  LayoutText {#text} at (26,496) size 4x16
                    text run at (26,496) width 4: " "
                  LayoutBR {BR} at (30,509) size 0x0
                  LayoutInline {A} at (0,0) size 34x16 [color=#0000EE]
                    LayoutText {#text} at (0,512) size 34x16
                      text run at (0,512) width 34: "DATE"
                  LayoutText {#text} at (33,512) size 5x16
                    text run at (33,512) width 5: " "
                  LayoutBR {BR} at (37,525) size 1x0
                  LayoutInline {A} at (0,0) size 27x16 [color=#0000EE]
                    LayoutText {#text} at (0,528) size 27x16
                      text run at (0,528) width 27: "DAY"
                  LayoutText {#text} at (26,528) size 5x16
                    text run at (26,528) width 5: " "
                  LayoutBR {BR} at (30,541) size 1x0
                  LayoutInline {A} at (0,0) size 65x16 [color=#0000EE]
                    LayoutText {#text} at (0,544) size 65x16
                      text run at (0,544) width 65: "DAYNAME"
                  LayoutText {#text} at (64,544) size 5x16
                    text run at (64,544) width 5: " "
                  LayoutBR {BR} at (68,557) size 1x0
                  LayoutInline {A} at (0,0) size 85x16 [color=#0000EE]
                    LayoutText {#text} at (0,560) size 85x16
                      text run at (0,560) width 85: "DAYOFWEEK"
                  LayoutText {#text} at (84,560) size 5x16
                    text run at (84,560) width 5: " "
                  LayoutBR {BR} at (88,573) size 1x0
                  LayoutInline {A} at (0,0) size 114x16 [color=#0000EE]
                    LayoutText {#text} at (0,576) size 114x16
                      text run at (0,576) width 114: "DAYOFWEEK_ISO"
                  LayoutText {#text} at (113,576) size 5x16
                    text run at (113,576) width 5: " "
                  LayoutBR {BR} at (117,589) size 1x0
                  LayoutInline {A} at (0,0) size 81x16 [color=#0000EE]
                    LayoutText {#text} at (0,592) size 81x16
                      text run at (0,592) width 81: "DAYOFYEAR"
                  LayoutText {#text} at (80,592) size 5x16
                    text run at (80,592) width 5: " "
                  LayoutBR {BR} at (84,605) size 1x0
                  LayoutInline {A} at (0,0) size 36x16 [color=#0000EE]
                    LayoutText {#text} at (0,608) size 36x16
                      text run at (0,608) width 36: "DAYS"
                  LayoutText {#text} at (35,608) size 5x16
                    text run at (35,608) width 5: " "
                  LayoutBR {BR} at (39,621) size 1x0
                  LayoutInline {A} at (0,0) size 53x16 [color=#0000EE]
                    LayoutText {#text} at (0,624) size 53x16
                      text run at (0,624) width 53: "DBCLOB"
                  LayoutText {#text} at (53,624) size 4x16
                    text run at (53,624) width 4: " "
                  LayoutBR {BR} at (57,637) size 0x0
                  LayoutInline {A} at (0,0) size 57x16 [color=#0000EE]
                    LayoutText {#text} at (0,640) size 57x16
                      text run at (0,640) width 57: "DECIMAL"
                  LayoutText {#text} at (57,640) size 4x16
                    text run at (57,640) width 4: " "
                  LayoutBR {BR} at (61,653) size 0x0
                  LayoutInline {A} at (0,0) size 64x16 [color=#0000EE]
                    LayoutText {#text} at (0,656) size 64x16
                      text run at (0,656) width 64: "DEGREES"
                  LayoutText {#text} at (64,656) size 4x16
                    text run at (64,656) width 4: " "
                  LayoutBR {BR} at (68,669) size 0x0
                  LayoutInline {A} at (0,0) size 44x16 [color=#0000EE]
                    LayoutText {#text} at (0,672) size 44x16
                      text run at (0,672) width 44: "DEREF"
                  LayoutText {#text} at (44,672) size 4x16
                    text run at (44,672) width 4: " "
                  LayoutBR {BR} at (48,685) size 0x0
                  LayoutInline {A} at (0,0) size 82x16 [color=#0000EE]
                    LayoutText {#text} at (0,688) size 82x16
                      text run at (0,688) width 82: "DIFFERENCE"
                  LayoutText {#text} at (82,688) size 4x16
                    text run at (82,688) width 4: " "
                  LayoutBR {BR} at (86,701) size 0x0
                  LayoutInline {A} at (0,0) size 41x16 [color=#0000EE]
                    LayoutText {#text} at (0,704) size 41x16
                      text run at (0,704) width 41: "DIGITS"
                  LayoutText {#text} at (41,704) size 4x16
                    text run at (41,704) width 4: " "
                  LayoutBR {BR} at (45,717) size 0x0
                  LayoutInline {A} at (0,0) size 82x16 [color=#0000EE]
                    LayoutText {#text} at (0,720) size 82x16
                      text run at (0,720) width 82: "DLCOMMENT"
                  LayoutText {#text} at (82,720) size 4x16
                    text run at (82,720) width 4: " "
                  LayoutBR {BR} at (86,733) size 0x0
                  LayoutInline {A} at (0,0) size 78x16 [color=#0000EE]
                    LayoutText {#text} at (0,736) size 78x16
                      text run at (0,736) width 78: "DLLINKTYPE"
                  LayoutText {#text} at (78,736) size 4x16
                    text run at (78,736) width 4: " "
                  LayoutBR {BR} at (82,749) size 0x0
                  LayoutInline {A} at (0,0) size 112x16 [color=#0000EE]
                    LayoutText {#text} at (0,752) size 112x16
                      text run at (0,752) width 112: "DLURLCOMPLETE"
                  LayoutText {#text} at (112,752) size 4x16
                    text run at (112,752) width 4: " "
                  LayoutBR {BR} at (116,765) size 0x0
                  LayoutInline {A} at (0,0) size 74x16 [color=#0000EE]
                    LayoutText {#text} at (0,768) size 74x16
                      text run at (0,768) width 74: "DLURLPATH"
                  LayoutText {#text} at (73,768) size 5x16
                    text run at (73,768) width 5: " "
                  LayoutBR {BR} at (77,781) size 1x0
                  LayoutInline {A} at (0,0) size 108x16 [color=#0000EE]
                    LayoutText {#text} at (0,784) size 108x16
                      text run at (0,784) width 108: "DLURLPATHONLY"
                  LayoutText {#text} at (107,784) size 5x16
                    text run at (107,784) width 5: " "
                  LayoutBR {BR} at (111,797) size 1x0
                  LayoutInline {A} at (0,0) size 97x16 [color=#0000EE]
                    LayoutText {#text} at (0,800) size 97x16
                      text run at (0,800) width 97: "DLURLSCHEME"
                  LayoutText {#text} at (97,800) size 4x16
                    text run at (97,800) width 4: " "
                  LayoutBR {BR} at (101,813) size 0x0
                  LayoutInline {A} at (0,0) size 95x16 [color=#0000EE]
                    LayoutText {#text} at (0,816) size 95x16
                      text run at (0,816) width 95: "DLURLSERVER"
                  LayoutText {#text} at (94,816) size 5x16
                    text run at (94,816) width 5: " "
                  LayoutBR {BR} at (98,829) size 1x0
                  LayoutInline {A} at (0,0) size 58x16 [color=#0000EE]
                    LayoutText {#text} at (0,832) size 58x16
                      text run at (0,832) width 58: "DLVALUE"
                  LayoutText {#text} at (57,832) size 5x16
                    text run at (57,832) width 5: " "
                  LayoutBR {BR} at (61,845) size 1x0
                  LayoutInline {A} at (0,0) size 53x16 [color=#0000EE]
                    LayoutText {#text} at (0,848) size 53x16
                      text run at (0,848) width 53: "DOUBLE"
                  LayoutText {#text} at (53,848) size 4x16
                    text run at (53,848) width 4: " "
                  LayoutBR {BR} at (57,861) size 0x0
                  LayoutInline {A} at (0,0) size 127x16 [color=#0000EE]
                    LayoutText {#text} at (0,864) size 127x16
                      text run at (0,864) width 127: "EVENT_MON_STATE"
                  LayoutText {#text} at (126,864) size 5x16
                    text run at (126,864) width 5: " "
                  LayoutBR {BR} at (130,877) size 1x0
                  LayoutInline {A} at (0,0) size 25x16 [color=#0000EE]
                    LayoutText {#text} at (0,880) size 25x16
                      text run at (0,880) width 25: "EXP"
                  LayoutText {#text} at (25,880) size 4x16
                    text run at (25,880) width 4: " "
                  LayoutBR {BR} at (29,893) size 0x0
                  LayoutInline {A} at (0,0) size 41x16 [color=#0000EE]
                    LayoutText {#text} at (0,896) size 41x16
                      text run at (0,896) width 41: "FLOAT"
                  LayoutText {#text} at (40,896) size 5x16
                    text run at (40,896) width 5: " "
                  LayoutBR {BR} at (44,909) size 1x0
                  LayoutInline {A} at (0,0) size 44x16 [color=#0000EE]
                    LayoutText {#text} at (0,912) size 44x16
                      text run at (0,912) width 44: "FLOOR"
                  LayoutText {#text} at (44,912) size 4x16
                    text run at (44,912) width 4: " "
                  LayoutBR {BR} at (48,925) size 0x0
                  LayoutInline {A} at (0,0) size 127x16 [color=#0000EE]
                    LayoutText {#text} at (0,928) size 127x16
                      text run at (0,928) width 127: "GENERATE_UNIQUE"
                  LayoutText {#text} at (126,928) size 5x16
                    text run at (126,928) width 5: " "
                  LayoutBR {BR} at (130,941) size 1x0
                  LayoutInline {A} at (0,0) size 58x16 [color=#0000EE]
                    LayoutText {#text} at (0,944) size 58x16
                      text run at (0,944) width 58: "GRAPHIC"
                  LayoutText {#text} at (58,944) size 4x16
                    text run at (58,944) width 4: " "
                  LayoutBR {BR} at (62,957) size 0x0
                  LayoutInline {A} at (0,0) size 25x16 [color=#0000EE]
                    LayoutText {#text} at (0,960) size 25x16
                      text run at (0,960) width 25: "HEX"
                  LayoutText {#text} at (25,960) size 4x16
                    text run at (25,960) width 4: " "
                  LayoutBR {BR} at (29,973) size 0x0
                  LayoutInline {A} at (0,0) size 37x16 [color=#0000EE]
                    LayoutText {#text} at (0,976) size 37x16
                      text run at (0,976) width 37: "HOUR"
                  LayoutText {#text} at (37,976) size 4x16
                    text run at (37,976) width 4: " "
                  LayoutBR {BR} at (41,989) size 0x0
                  LayoutInline {A} at (0,0) size 46x16 [color=#0000EE]
                    LayoutText {#text} at (0,992) size 46x16
                      text run at (0,992) width 46: "INSERT"
                  LayoutText {#text} at (45,992) size 5x16
                    text run at (45,992) width 5: " "
                  LayoutBR {BR} at (49,1005) size 1x0
                  LayoutInline {A} at (0,0) size 56x16 [color=#0000EE]
                    LayoutText {#text} at (0,1008) size 56x16
                      text run at (0,1008) width 56: "INTEGER"
                  LayoutText {#text} at (56,1008) size 4x16
                    text run at (56,1008) width 4: " "
                  LayoutBR {BR} at (60,1021) size 0x0
                  LayoutInline {A} at (0,0) size 77x16 [color=#0000EE]
                    LayoutText {#text} at (0,1024) size 77x16
                      text run at (0,1024) width 77: "JULIAN_DAY"
                  LayoutText {#text} at (76,1024) size 5x16
                    text run at (76,1024) width 5: " "
                  LayoutBR {BR} at (80,1037) size 1x0
                  LayoutInline {A} at (0,0) size 110x16 [color=#0000EE]
                    LayoutText {#text} at (0,1040) size 110x16
                      text run at (0,1040) width 110: "LCASE or LOWER"
                  LayoutText {#text} at (110,1040) size 4x16
                    text run at (110,1040) width 4: " "
                  LayoutBR {BR} at (114,1053) size 0x0
                  LayoutInline {A} at (0,0) size 158x16 [color=#0000EE]
                    LayoutText {#text} at (0,1056) size 158x16
                      text run at (0,1056) width 158: "LCASE (SYSFUN schema)"
                  LayoutText {#text} at (158,1056) size 4x16
                    text run at (158,1056) width 4: " "
                  LayoutBR {BR} at (162,1069) size 0x0
                  LayoutInline {A} at (0,0) size 31x16 [color=#0000EE]
                    LayoutText {#text} at (0,1072) size 31x16
                      text run at (0,1072) width 31: "LEFT"
                  LayoutText {#text} at (31,1072) size 4x16
                    text run at (31,1072) width 4: " "
                  LayoutBR {BR} at (35,1085) size 0x0
                  LayoutInline {A} at (0,0) size 51x16 [color=#0000EE]
                    LayoutText {#text} at (0,1088) size 51x16
                      text run at (0,1088) width 51: "LENGTH"
                  LayoutText {#text} at (51,1088) size 4x16
                    text run at (51,1088) width 4: " "
                  LayoutBR {BR} at (55,1101) size 0x0
                  LayoutInline {A} at (0,0) size 16x16 [color=#0000EE]
                    LayoutText {#text} at (0,1104) size 16x16
                      text run at (0,1104) width 16: "LN"
                  LayoutText {#text} at (16,1104) size 4x16
                    text run at (16,1104) width 4: " "
                  LayoutBR {BR} at (20,1117) size 0x0
                  LayoutInline {A} at (0,0) size 51x16 [color=#0000EE]
                    LayoutText {#text} at (0,1120) size 51x16
                      text run at (0,1120) width 51: "LOCATE"
                  LayoutText {#text} at (50,1120) size 5x16
                    text run at (50,1120) width 5: " "
                  LayoutBR {BR} at (54,1133) size 1x0
                  LayoutInline {A} at (0,0) size 27x16 [color=#0000EE]
                    LayoutText {#text} at (0,1136) size 27x16
                      text run at (0,1136) width 27: "LOG"
                  LayoutText {#text} at (27,1136) size 4x16
                    text run at (27,1136) width 4: " "
                  LayoutBR {BR} at (31,1149) size 0x0
                  LayoutInline {A} at (0,0) size 41x16 [color=#0000EE]
                    LayoutText {#text} at (0,1152) size 41x16
                      text run at (0,1152) width 41: "LOG10"
                  LayoutText {#text} at (41,1152) size 4x16
                    text run at (41,1152) width 4: " "
                  LayoutBR {BR} at (45,1165) size 0x0
                  LayoutInline {A} at (0,0) size 106x16 [color=#0000EE]
                    LayoutText {#text} at (0,1168) size 106x16
                      text run at (0,1168) width 106: "LONG_VARCHAR"
                  LayoutText {#text} at (105,1168) size 5x16
                    text run at (105,1168) width 5: " "
                  LayoutBR {BR} at (109,1181) size 1x0
                  LayoutInline {A} at (0,0) size 128x16 [color=#0000EE]
                    LayoutText {#text} at (0,1184) size 128x16
                      text run at (0,1184) width 128: "LONG_VARGRAPHIC"
                  LayoutText {#text} at (127,1184) size 5x16
                    text run at (127,1184) width 5: " "
                  LayoutBR {BR} at (131,1197) size 1x0
                  LayoutInline {A} at (0,0) size 37x16 [color=#0000EE]
                    LayoutText {#text} at (0,1200) size 37x16
                      text run at (0,1200) width 37: "LTRIM"
                  LayoutText {#text} at (36,1200) size 5x16
                    text run at (36,1200) width 5: " "
                  LayoutBR {BR} at (40,1213) size 1x0
                  LayoutInline {A} at (0,0) size 152x16 [color=#0000EE]
                    LayoutText {#text} at (0,1216) size 152x16
                      text run at (0,1216) width 152: "LTRIM (SYSFUN schema)"
                  LayoutText {#text} at (151,1216) size 5x16
                    text run at (151,1216) width 5: " "
                  LayoutBR {BR} at (155,1229) size 1x0
                  LayoutInline {A} at (0,0) size 97x16 [color=#0000EE]
                    LayoutText {#text} at (0,1232) size 97x16
                      text run at (0,1232) width 97: "MICROSECOND"
                  LayoutText {#text} at (97,1232) size 4x16
                    text run at (97,1232) width 4: " "
                  LayoutBR {BR} at (101,1245) size 0x0
                  LayoutInline {A} at (0,0) size 132x16 [color=#0000EE]
                    LayoutText {#text} at (0,1248) size 132x16
                      text run at (0,1248) width 132: "MIDNIGHT_SECONDS"
                  LayoutText {#text} at (132,1248) size 4x16
                    text run at (132,1248) width 4: " "
                  LayoutBR {BR} at (136,1261) size 0x0
                  LayoutInline {A} at (0,0) size 48x16 [color=#0000EE]
                    LayoutText {#text} at (0,1264) size 48x16
                      text run at (0,1264) width 48: "MINUTE"
                  LayoutText {#text} at (48,1264) size 4x16
                    text run at (48,1264) width 4: " "
                  LayoutBR {BR} at (52,1277) size 0x0
                  LayoutInline {A} at (0,0) size 30x16 [color=#0000EE]
                    LayoutText {#text} at (0,1280) size 30x16
                      text run at (0,1280) width 30: "MOD"
                  LayoutText {#text} at (30,1280) size 4x16
                    text run at (30,1280) width 4: " "
                  LayoutBR {BR} at (34,1293) size 0x0
                  LayoutInline {A} at (0,0) size 46x16 [color=#0000EE]
                    LayoutText {#text} at (0,1296) size 46x16
                      text run at (0,1296) width 46: "MONTH"
                  LayoutText {#text} at (46,1296) size 4x16
                    text run at (46,1296) width 4: " "
                  LayoutBR {BR} at (50,1309) size 0x0
                  LayoutInline {A} at (0,0) size 84x16 [color=#0000EE]
                    LayoutText {#text} at (0,1312) size 84x16
                      text run at (0,1312) width 84: "MONTHNAME"
                  LayoutText {#text} at (84,1312) size 4x16
                    text run at (84,1312) width 4: " "
                  LayoutBR {BR} at (88,1325) size 0x0
                  LayoutInline {A} at (0,0) size 93x16 [color=#0000EE]
                    LayoutText {#text} at (0,1328) size 93x16
                      text run at (0,1328) width 93: "NODENUMBER"
                  LayoutText {#text} at (93,1328) size 4x16
                    text run at (93,1328) width 4: " "
                  LayoutBR {BR} at (97,1341) size 0x0
                  LayoutInline {A} at (0,0) size 43x16 [color=#0000EE]
                    LayoutText {#text} at (0,1344) size 43x16
                      text run at (0,1344) width 43: "NULLIF"
                  LayoutText {#text} at (43,1344) size 4x16
                    text run at (43,1344) width 4: " "
                  LayoutBR {BR} at (47,1357) size 0x0
                  LayoutInline {A} at (0,0) size 65x16 [color=#0000EE]
                    LayoutText {#text} at (0,1360) size 65x16
                      text run at (0,1360) width 65: "PARTITION"
                  LayoutText {#text} at (64,1360) size 5x16
                    text run at (64,1360) width 5: " "
                  LayoutBR {BR} at (68,1373) size 1x0
                  LayoutInline {A} at (0,0) size 53x16 [color=#0000EE]
                    LayoutText {#text} at (0,1376) size 53x16
                      text run at (0,1376) width 53: "POSSTR"
                  LayoutText {#text} at (53,1376) size 4x16
                    text run at (53,1376) width 4: " "
                  LayoutBR {BR} at (57,1389) size 0x0
                  LayoutInline {A} at (0,0) size 50x16 [color=#0000EE]
                    LayoutText {#text} at (0,1392) size 50x16
                      text run at (0,1392) width 50: "POWER"
                  LayoutText {#text} at (50,1392) size 4x16
                    text run at (50,1392) width 4: " "
                  LayoutBR {BR} at (54,1405) size 0x0
                  LayoutInline {A} at (0,0) size 62x16 [color=#0000EE]
                    LayoutText {#text} at (0,1408) size 62x16
                      text run at (0,1408) width 62: "QUARTER"
                  LayoutText {#text} at (61,1408) size 5x16
                    text run at (61,1408) width 5: " "
                  LayoutBR {BR} at (65,1421) size 1x0
                  LayoutInline {A} at (0,0) size 57x16 [color=#0000EE]
                    LayoutText {#text} at (0,1424) size 57x16
                      text run at (0,1424) width 57: "RADIANS"
                  LayoutText {#text} at (57,1424) size 4x16
                    text run at (57,1424) width 4: " "
                  LayoutBR {BR} at (61,1437) size 0x0
                  LayoutInline {A} at (0,0) size 92x16 [color=#0000EE]
                    LayoutText {#text} at (0,1440) size 92x16
                      text run at (0,1440) width 92: "RAISE_ERROR"
                  LayoutText {#text} at (92,1440) size 4x16
                    text run at (92,1440) width 4: " "
                  LayoutBR {BR} at (96,1453) size 0x0
                  LayoutInline {A} at (0,0) size 36x16 [color=#0000EE]
                    LayoutText {#text} at (0,1456) size 36x16
                      text run at (0,1456) width 36: "RAND"
                  LayoutText {#text} at (36,1456) size 4x16
                    text run at (36,1456) width 4: " "
                  LayoutBR {BR} at (40,1469) size 0x0
                  LayoutInline {A} at (0,0) size 34x16 [color=#0000EE]
                    LayoutText {#text} at (0,1472) size 34x16
                      text run at (0,1472) width 34: "REAL"
                  LayoutText {#text} at (34,1472) size 4x16
                    text run at (34,1472) width 4: " "
                  LayoutBR {BR} at (38,1485) size 0x0
                  LayoutInline {A} at (0,0) size 52x16 [color=#0000EE]
                    LayoutText {#text} at (0,1488) size 52x16
                      text run at (0,1488) width 52: "REPEAT"
                  LayoutText {#text} at (51,1488) size 5x16
                    text run at (51,1488) width 5: " "
                  LayoutBR {BR} at (55,1501) size 1x0
                  LayoutInline {A} at (0,0) size 61x16 [color=#0000EE]
                    LayoutText {#text} at (0,1504) size 61x16
                      text run at (0,1504) width 61: "REPLACE"
                  LayoutText {#text} at (61,1504) size 4x16
                    text run at (61,1504) width 4: " "
                  LayoutBR {BR} at (65,1517) size 0x0
                  LayoutInline {A} at (0,0) size 38x16 [color=#0000EE]
                    LayoutText {#text} at (0,1520) size 38x16
                      text run at (0,1520) width 38: "RIGHT"
                  LayoutText {#text} at (38,1520) size 4x16
                    text run at (38,1520) width 4: " "
                  LayoutBR {BR} at (42,1533) size 0x0
                  LayoutInline {A} at (0,0) size 46x16 [color=#0000EE]
                    LayoutText {#text} at (0,1536) size 46x16
                      text run at (0,1536) width 46: "ROUND"
                  LayoutText {#text} at (46,1536) size 4x16
                    text run at (46,1536) width 4: " "
                  LayoutBR {BR} at (50,1549) size 0x0
                  LayoutInline {A} at (0,0) size 39x16 [color=#0000EE]
                    LayoutText {#text} at (0,1552) size 39x16
                      text run at (0,1552) width 39: "RTRIM"
                  LayoutText {#text} at (38,1552) size 5x16
                    text run at (38,1552) width 5: " "
                  LayoutBR {BR} at (42,1565) size 1x0
                  LayoutInline {A} at (0,0) size 154x16 [color=#0000EE]
                    LayoutText {#text} at (0,1568) size 154x16
                      text run at (0,1568) width 154: "RTRIM (SYSFUN schema)"
                  LayoutText {#text} at (153,1568) size 5x16
                    text run at (153,1568) width 5: " "
                  LayoutBR {BR} at (157,1581) size 1x0
                  LayoutInline {A} at (0,0) size 55x16 [color=#0000EE]
                    LayoutText {#text} at (0,1584) size 55x16
                      text run at (0,1584) width 55: "SECOND"
                  LayoutText {#text} at (55,1584) size 4x16
                    text run at (55,1584) width 4: " "
                  LayoutBR {BR} at (59,1597) size 0x0
                  LayoutInline {A} at (0,0) size 31x16 [color=#0000EE]
                    LayoutText {#text} at (0,1600) size 31x16
                      text run at (0,1600) width 31: "SIGN"
                  LayoutText {#text} at (31,1600) size 4x16
                    text run at (31,1600) width 4: " "
                  LayoutBR {BR} at (35,1613) size 0x0
                  LayoutInline {A} at (0,0) size 21x16 [color=#0000EE]
                    LayoutText {#text} at (0,1616) size 21x16
                      text run at (0,1616) width 21: "SIN"
                  LayoutText {#text} at (21,1616) size 4x16
                    text run at (21,1616) width 4: " "
                  LayoutBR {BR} at (25,1629) size 0x0
                  LayoutInline {A} at (0,0) size 62x16 [color=#0000EE]
                    LayoutText {#text} at (0,1632) size 62x16
                      text run at (0,1632) width 62: "SMALLINT"
                  LayoutText {#text} at (62,1632) size 4x16
                    text run at (62,1632) width 4: " "
                  LayoutBR {BR} at (66,1645) size 0x0
                  LayoutInline {A} at (0,0) size 62x16 [color=#0000EE]
                    LayoutText {#text} at (0,1648) size 62x16
                      text run at (0,1648) width 62: "SOUNDEX"
                  LayoutText {#text} at (62,1648) size 4x16
                    text run at (62,1648) width 4: " "
                  LayoutBR {BR} at (66,1661) size 0x0
                  LayoutInline {A} at (0,0) size 45x16 [color=#0000EE]
                    LayoutText {#text} at (0,1664) size 45x16
                      text run at (0,1664) width 45: "SPACE"
                  LayoutText {#text} at (44,1664) size 5x16
                    text run at (44,1664) width 5: " "
                  LayoutBR {BR} at (48,1677) size 1x0
                  LayoutInline {A} at (0,0) size 35x16 [color=#0000EE]
                    LayoutText {#text} at (0,1680) size 35x16
                      text run at (0,1680) width 35: "SQRT"
                  LayoutText {#text} at (34,1680) size 5x16
                    text run at (34,1680) width 5: " "
                  LayoutBR {BR} at (38,1693) size 1x0
                  LayoutInline {A} at (0,0) size 52x16 [color=#0000EE]
                    LayoutText {#text} at (0,1696) size 52x16
                      text run at (0,1696) width 52: "SUBSTR"
                  LayoutText {#text} at (52,1696) size 4x16
                    text run at (52,1696) width 4: " "
                  LayoutBR {BR} at (56,1709) size 0x0
                  LayoutInline {A} at (0,0) size 86x16 [color=#0000EE]
                    LayoutText {#text} at (0,1712) size 86x16
                      text run at (0,1712) width 86: "TABLE_NAME"
                  LayoutText {#text} at (85,1712) size 5x16
                    text run at (85,1712) width 5: " "
                  LayoutBR {BR} at (89,1725) size 1x0
                  LayoutInline {A} at (0,0) size 104x16 [color=#0000EE]
                    LayoutText {#text} at (0,1728) size 104x16
                      text run at (0,1728) width 104: "TABLE_SCHEMA"
                  LayoutText {#text} at (103,1728) size 5x16
                    text run at (103,1728) width 5: " "
                  LayoutBR {BR} at (107,1741) size 1x0
                  LayoutInline {A} at (0,0) size 25x16 [color=#0000EE]
                    LayoutText {#text} at (0,1744) size 25x16
                      text run at (0,1744) width 25: "TAN"
                  LayoutText {#text} at (24,1744) size 5x16
                    text run at (24,1744) width 5: " "
                  LayoutBR {BR} at (28,1757) size 1x0
                  LayoutInline {A} at (0,0) size 30x16 [color=#0000EE]
                    LayoutText {#text} at (0,1760) size 30x16
                      text run at (0,1760) width 30: "TIME"
                  LayoutText {#text} at (30,1760) size 4x16
                    text run at (30,1760) width 4: " "
                  LayoutBR {BR} at (34,1773) size 0x0
                  LayoutInline {A} at (0,0) size 75x16 [color=#0000EE]
                    LayoutText {#text} at (0,1776) size 75x16
                      text run at (0,1776) width 75: "TIMESTAMP"
                  LayoutText {#text} at (74,1776) size 5x16
                    text run at (74,1776) width 5: " "
                  LayoutBR {BR} at (78,1789) size 1x0
                  LayoutInline {A} at (0,0) size 104x16 [color=#0000EE]
                    LayoutText {#text} at (0,1792) size 104x16
                      text run at (0,1792) width 104: "TIMESTAMP_ISO"
                  LayoutText {#text} at (103,1792) size 5x16
                    text run at (103,1792) width 5: " "
                  LayoutBR {BR} at (107,1805) size 1x0
                  LayoutInline {A} at (0,0) size 103x16 [color=#0000EE]
                    LayoutText {#text} at (0,1808) size 103x16
                      text run at (0,1808) width 103: "TIMESTAMPDIFF"
                  LayoutText {#text} at (102,1808) size 5x16
                    text run at (102,1808) width 5: " "
                  LayoutBR {BR} at (106,1821) size 1x0
                  LayoutInline {A} at (0,0) size 75x16 [color=#0000EE]
                    LayoutText {#text} at (0,1824) size 75x16
                      text run at (0,1824) width 75: "TRANSLATE"
                  LayoutText {#text} at (74,1824) size 5x16
                    text run at (74,1824) width 5: " "
                  LayoutBR {BR} at (78,1837) size 1x0
                  LayoutInline {A} at (0,0) size 130x16 [color=#0000EE]
                    LayoutText {#text} at (0,1840) size 130x16
                      text run at (0,1840) width 130: "TRUNCATE or TRUNC"
                  LayoutText {#text} at (129,1840) size 5x16
                    text run at (129,1840) width 5: " "
                  LayoutBR {BR} at (133,1853) size 1x0
                  LayoutInline {A} at (0,0) size 53x16 [color=#0000EE]
                    LayoutText {#text} at (0,1856) size 53x16
                      text run at (0,1856) width 53: "TYPE_ID"
                  LayoutText {#text} at (53,1856) size 4x16
                    text run at (53,1856) width 4: " "
                  LayoutBR {BR} at (57,1869) size 0x0
                  LayoutInline {A} at (0,0) size 79x16 [color=#0000EE]
                    LayoutText {#text} at (0,1872) size 79x16
                      text run at (0,1872) width 79: "TYPE_NAME"
                  LayoutText {#text} at (79,1872) size 4x16
                    text run at (79,1872) width 4: " "
                  LayoutBR {BR} at (83,1885) size 0x0
                  LayoutInline {A} at (0,0) size 97x16 [color=#0000EE]
                    LayoutText {#text} at (0,1888) size 97x16
                      text run at (0,1888) width 97: "TYPE_SCHEMA"
                  LayoutText {#text} at (97,1888) size 4x16
                    text run at (97,1888) width 4: " "
                  LayoutBR {BR} at (101,1901) size 0x0
                  LayoutInline {A} at (0,0) size 109x16 [color=#0000EE]
                    LayoutText {#text} at (0,1904) size 109x16
                      text run at (0,1904) width 109: "UCASE or UPPER"
                  LayoutText {#text} at (109,1904) size 4x16
                    text run at (109,1904) width 4: " "
                  LayoutBR {BR} at (113,1917) size 0x0
                  LayoutInline {A} at (0,0) size 43x16 [color=#0000EE]
                    LayoutText {#text} at (0,1920) size 43x16
                      text run at (0,1920) width 43: "VALUE"
                  LayoutText {#text} at (42,1920) size 5x16
                    text run at (42,1920) width 5: " "
                  LayoutBR {BR} at (46,1933) size 1x0
                  LayoutInline {A} at (0,0) size 63x16 [color=#0000EE]
                    LayoutText {#text} at (0,1936) size 63x16
                      text run at (0,1936) width 63: "VARCHAR"
                  LayoutText {#text} at (62,1936) size 5x16
                    text run at (62,1936) width 5: " "
                  LayoutBR {BR} at (66,1949) size 1x0
                  LayoutInline {A} at (0,0) size 85x16 [color=#0000EE]
                    LayoutText {#text} at (0,1952) size 85x16
                      text run at (0,1952) width 85: "VARGRAPHIC"
                  LayoutText {#text} at (84,1952) size 5x16
                    text run at (84,1952) width 5: " "
                  LayoutBR {BR} at (88,1965) size 1x0
                  LayoutInline {A} at (0,0) size 40x16 [color=#0000EE]
                    LayoutText {#text} at (0,1968) size 40x16
                      text run at (0,1968) width 40: "WEEK"
                  LayoutText {#text} at (40,1968) size 4x16
                    text run at (40,1968) width 4: " "
                  LayoutBR {BR} at (44,1981) size 0x0
                  LayoutInline {A} at (0,0) size 69x16 [color=#0000EE]
                    LayoutText {#text} at (0,1984) size 69x16
                      text run at (0,1984) width 69: "WEEK_ISO"
                  LayoutText {#text} at (69,1984) size 4x16
                    text run at (69,1984) width 4: " "
                  LayoutBR {BR} at (73,1997) size 0x0
                  LayoutInline {A} at (0,0) size 36x16 [color=#0000EE]
                    LayoutText {#text} at (0,2000) size 36x16
                      text run at (0,2000) width 36: "YEAR"
                  LayoutText {#text} at (36,2000) size 4x16
                    text run at (36,2000) width 4: " "
                  LayoutBR {BR} at (40,2013) size 0x0
                  LayoutInline {A} at (0,0) size 91x16 [color=#0000EE]
                    LayoutText {#text} at (0,2016) size 91x16
                      text run at (0,2016) width 91: "Table Functions"
                  LayoutText {#text} at (90,2016) size 5x16
                    text run at (90,2016) width 5: " "
                  LayoutBR {BR} at (94,2029) size 1x0
                  LayoutInline {A} at (0,0) size 149x16 [color=#0000EE]
                    LayoutText {#text} at (0,2032) size 149x16
                      text run at (0,2032) width 149: "SQLCACHE_SNAPSHOT"
                  LayoutText {#text} at (149,2032) size 4x16
                    text run at (149,2032) width 4: " "
                  LayoutBR {BR} at (153,2045) size 0x0
                  LayoutInline {A} at (0,0) size 135x16 [color=#0000EE]
                    LayoutText {#text} at (0,2048) size 135x16
                      text run at (0,2048) width 135: "User-Defined Functions"
                  LayoutText {#text} at (0,0) size 0x0
                LayoutBlockFlow {P} at (0,5501.17) size 707x368
                  LayoutInline {B} at (0,0) size 49x16
                    LayoutInline {A} at (0,0) size 49x16 [color=#0000EE]
                      LayoutText {#text} at (0,0) size 49x16
                        text run at (0,0) width 49: "Queries"
                  LayoutBR {BR} at (49,13) size 0x0
                  LayoutBR {BR} at (0,16) size 0x16
                  LayoutInline {A} at (0,0) size 56x16 [color=#0000EE]
                    LayoutText {#text} at (0,32) size 56x16
                      text run at (0,32) width 56: "subselect"
                  LayoutText {#text} at (56,32) size 4x16
                    text run at (56,32) width 4: " "
                  LayoutBR {BR} at (60,45) size 0x0
                  LayoutInline {A} at (0,0) size 77x16 [color=#0000EE]
                    LayoutText {#text} at (0,48) size 77x16
                      text run at (0,48) width 77: "select-clause"
                  LayoutText {#text} at (77,48) size 4x16
                    text run at (77,48) width 4: " "
                  LayoutBR {BR} at (81,61) size 0x0
                  LayoutInline {A} at (0,0) size 67x16 [color=#0000EE]
                    LayoutText {#text} at (0,64) size 67x16
                      text run at (0,64) width 67: "from-clause"
                  LayoutText {#text} at (67,64) size 4x16
                    text run at (67,64) width 4: " "
                  LayoutBR {BR} at (71,77) size 0x0
                  LayoutInline {A} at (0,0) size 85x16 [color=#0000EE]
                    LayoutText {#text} at (0,80) size 85x16
                      text run at (0,80) width 85: "table-reference"
                  LayoutText {#text} at (85,80) size 4x16
                    text run at (85,80) width 4: " "
                  LayoutBR {BR} at (89,93) size 0x0
                  LayoutInline {A} at (0,0) size 66x16 [color=#0000EE]
                    LayoutText {#text} at (0,96) size 66x16
                      text run at (0,96) width 66: "joined-table"
                  LayoutText {#text} at (66,96) size 4x16
                    text run at (66,96) width 4: " "
                  LayoutBR {BR} at (70,109) size 0x0
                  LayoutInline {A} at (0,0) size 76x16 [color=#0000EE]
                    LayoutText {#text} at (0,112) size 76x16
                      text run at (0,112) width 76: "where-clause"
                  LayoutText {#text} at (76,112) size 4x16
                    text run at (76,112) width 4: " "
                  LayoutBR {BR} at (80,125) size 0x0
                  LayoutInline {A} at (0,0) size 92x16 [color=#0000EE]
                    LayoutText {#text} at (0,128) size 92x16
                      text run at (0,128) width 92: "group-by-clause"
                  LayoutText {#text} at (92,128) size 4x16
                    text run at (92,128) width 4: " "
                  LayoutBR {BR} at (96,141) size 0x0
                  LayoutInline {A} at (0,0) size 78x16 [color=#0000EE]
                    LayoutText {#text} at (0,144) size 78x16
                      text run at (0,144) width 78: "having-clause"
                  LayoutText {#text} at (78,144) size 4x16
                    text run at (78,144) width 4: " "
                  LayoutBR {BR} at (82,157) size 0x0
                  LayoutInline {A} at (0,0) size 139x16 [color=#0000EE]
                    LayoutText {#text} at (0,160) size 139x16
                      text run at (0,160) width 139: "Examples of subselects"
                  LayoutText {#text} at (139,160) size 4x16
                    text run at (139,160) width 4: " "
                  LayoutBR {BR} at (143,173) size 0x0
                  LayoutInline {A} at (0,0) size 106x16 [color=#0000EE]
                    LayoutText {#text} at (0,176) size 106x16
                      text run at (0,176) width 106: "Examples of Joins"
                  LayoutText {#text} at (106,176) size 4x16
                    text run at (106,176) width 4: " "
                  LayoutBR {BR} at (110,189) size 0x0
                  LayoutInline {A} at (0,0) size 266x16 [color=#0000EE]
                    LayoutText {#text} at (0,192) size 266x16
                      text run at (0,192) width 266: "Examples of Grouping Sets, Cube, and Rollup"
                  LayoutText {#text} at (266,192) size 4x16
                    text run at (266,192) width 4: " "
                  LayoutBR {BR} at (270,205) size 0x0
                  LayoutInline {A} at (0,0) size 51x16 [color=#0000EE]
                    LayoutText {#text} at (0,208) size 51x16
                      text run at (0,208) width 51: "fullselect"
                  LayoutText {#text} at (51,208) size 4x16
                    text run at (51,208) width 4: " "
                  LayoutBR {BR} at (55,221) size 0x0
                  LayoutInline {A} at (0,0) size 138x16 [color=#0000EE]
                    LayoutText {#text} at (0,224) size 138x16
                      text run at (0,224) width 138: "Examples of a fullselect"
                  LayoutText {#text} at (138,224) size 4x16
                    text run at (138,224) width 4: " "
                  LayoutBR {BR} at (142,237) size 0x0
                  LayoutInline {A} at (0,0) size 97x16 [color=#0000EE]
                    LayoutText {#text} at (0,240) size 97x16
                      text run at (0,240) width 97: "select-statement"
                  LayoutText {#text} at (97,240) size 4x16
                    text run at (97,240) width 4: " "
                  LayoutBR {BR} at (101,253) size 0x0
                  LayoutInline {A} at (0,0) size 149x16 [color=#0000EE]
                    LayoutText {#text} at (0,256) size 149x16
                      text run at (0,256) width 149: "common-table-expression"
                  LayoutText {#text} at (149,256) size 4x16
                    text run at (149,256) width 4: " "
                  LayoutBR {BR} at (153,269) size 0x0
                  LayoutInline {A} at (0,0) size 89x16 [color=#0000EE]
                    LayoutText {#text} at (0,272) size 89x16
                      text run at (0,272) width 89: "order-by-clause"
                  LayoutText {#text} at (89,272) size 4x16
                    text run at (89,272) width 4: " "
                  LayoutBR {BR} at (93,285) size 0x0
                  LayoutInline {A} at (0,0) size 81x16 [color=#0000EE]
                    LayoutText {#text} at (0,288) size 81x16
                      text run at (0,288) width 81: "update-clause"
                  LayoutText {#text} at (81,288) size 4x16
                    text run at (81,288) width 4: " "
                  LayoutBR {BR} at (85,301) size 0x0
                  LayoutInline {A} at (0,0) size 95x16 [color=#0000EE]
                    LayoutText {#text} at (0,304) size 95x16
                      text run at (0,304) width 95: "read-only-clause"
                  LayoutText {#text} at (95,304) size 4x16
                    text run at (95,304) width 4: " "
                  LayoutBR {BR} at (99,317) size 0x0
                  LayoutInline {A} at (0,0) size 95x16 [color=#0000EE]
                    LayoutText {#text} at (0,320) size 95x16
                      text run at (0,320) width 95: "fetch-first-clause"
                  LayoutText {#text} at (95,320) size 4x16
                    text run at (95,320) width 4: " "
                  LayoutBR {BR} at (99,333) size 0x0
                  LayoutInline {A} at (0,0) size 109x16 [color=#0000EE]
                    LayoutText {#text} at (0,336) size 109x16
                      text run at (0,336) width 109: "optimize-for-clause"
                  LayoutText {#text} at (109,336) size 4x16
                    text run at (109,336) width 4: " "
                  LayoutBR {BR} at (113,349) size 0x0
                  LayoutInline {A} at (0,0) size 184x16 [color=#0000EE]
                    LayoutText {#text} at (0,352) size 184x16
                      text run at (0,352) width 184: "Examples of a select-statement"
                  LayoutText {#text} at (0,0) size 0x0
                LayoutBlockFlow {P} at (0,5882.17) size 707x1888
                  LayoutInline {B} at (0,0) size 102x16
                    LayoutInline {A} at (0,0) size 102x16 [color=#0000EE]
                      LayoutText {#text} at (0,0) size 102x16
                        text run at (0,0) width 102: "SQL Statements"
                  LayoutBR {BR} at (102,13) size 0x0
                  LayoutBR {BR} at (0,16) size 0x16
                  LayoutInline {A} at (0,0) size 197x16 [color=#0000EE]
                    LayoutText {#text} at (0,32) size 197x16
                      text run at (0,32) width 197: "How SQL Statements Are Invoked"
                  LayoutText {#text} at (197,32) size 4x16
                    text run at (197,32) width 4: " "
                  LayoutBR {BR} at (201,45) size 0x0
                  LayoutInline {A} at (0,0) size 293x16 [color=#0000EE]
                    LayoutText {#text} at (0,48) size 293x16
                      text run at (0,48) width 293: "Embedding a Statement in an Application Program"
                  LayoutText {#text} at (293,48) size 4x16
                    text run at (293,48) width 4: " "
                  LayoutBR {BR} at (297,61) size 0x0
                  LayoutInline {A} at (0,0) size 208x16 [color=#0000EE]
                    LayoutText {#text} at (0,64) size 208x16
                      text run at (0,64) width 208: "Dynamic Preparation and Execution"
                  LayoutText {#text} at (208,64) size 4x16
                    text run at (208,64) width 4: " "
                  LayoutBR {BR} at (212,77) size 0x0
                  LayoutInline {A} at (0,0) size 221x16 [color=#0000EE]
                    LayoutText {#text} at (0,80) size 221x16
                      text run at (0,80) width 221: "Static Invocation of a select-statement"
                  LayoutText {#text} at (221,80) size 4x16
                    text run at (221,80) width 4: " "
                  LayoutBR {BR} at (225,93) size 0x0
                  LayoutInline {A} at (0,0) size 238x16 [color=#0000EE]
                    LayoutText {#text} at (0,96) size 238x16
                      text run at (0,96) width 238: "Dynamic Invocation of a select-statement"
                  LayoutText {#text} at (238,96) size 4x16
                    text run at (238,96) width 4: " "
                  LayoutBR {BR} at (242,109) size 0x0
                  LayoutInline {A} at (0,0) size 119x16 [color=#0000EE]
                    LayoutText {#text} at (0,112) size 119x16
                      text run at (0,112) width 119: "Interactive Invocation"
                  LayoutText {#text} at (119,112) size 4x16
                    text run at (119,112) width 4: " "
                  LayoutBR {BR} at (123,125) size 0x0
                  LayoutInline {A} at (0,0) size 109x16 [color=#0000EE]
                    LayoutText {#text} at (0,128) size 109x16
                      text run at (0,128) width 109: "SQL Return Codes"
                  LayoutText {#text} at (109,128) size 4x16
                    text run at (109,128) width 4: " "
                  LayoutBR {BR} at (113,141) size 0x0
                  LayoutInline {A} at (0,0) size 63x16 [color=#0000EE]
                    LayoutText {#text} at (0,144) size 63x16
                      text run at (0,144) width 63: "SQLCODE"
                  LayoutText {#text} at (63,144) size 4x16
                    text run at (63,144) width 4: " "
                  LayoutBR {BR} at (67,157) size 0x0
                  LayoutInline {A} at (0,0) size 66x16 [color=#0000EE]
                    LayoutText {#text} at (0,160) size 66x16
                      text run at (0,160) width 66: "SQLSTATE"
                  LayoutText {#text} at (65,160) size 5x16
                    text run at (65,160) width 5: " "
                  LayoutBR {BR} at (69,173) size 1x0
                  LayoutInline {A} at (0,0) size 93x16 [color=#0000EE]
                    LayoutText {#text} at (0,176) size 93x16
                      text run at (0,176) width 93: "SQL Comments"
                  LayoutText {#text} at (93,176) size 4x16
                    text run at (93,176) width 4: " "
                  LayoutBR {BR} at (97,189) size 0x0
                  LayoutInline {A} at (0,0) size 133x16 [color=#0000EE]
                    LayoutText {#text} at (0,192) size 133x16
                      text run at (0,192) width 133: "ALTER BUFFERPOOL"
                  LayoutText {#text} at (132,192) size 5x16
                    text run at (132,192) width 5: " "
                  LayoutBR {BR} at (136,205) size 1x0
                  LayoutInline {A} at (0,0) size 113x16 [color=#0000EE]
                    LayoutText {#text} at (0,208) size 113x16
                      text run at (0,208) width 113: "ALTER NICKNAME"
                  LayoutText {#text} at (112,208) size 5x16
                    text run at (112,208) width 5: " "
                  LayoutBR {BR} at (116,221) size 1x0
                  LayoutInline {A} at (0,0) size 129x16 [color=#0000EE]
                    LayoutText {#text} at (0,224) size 129x16
                      text run at (0,224) width 129: "ALTER NODEGROUP"
                  LayoutText {#text} at (128,224) size 5x16
                    text run at (128,224) width 5: " "
                  LayoutBR {BR} at (132,237) size 1x0
                  LayoutInline {A} at (0,0) size 98x16 [color=#0000EE]
                    LayoutText {#text} at (0,240) size 98x16
                      text run at (0,240) width 98: "ALTER SERVER"
                  LayoutText {#text} at (97,240) size 5x16
                    text run at (97,240) width 5: " "
                  LayoutBR {BR} at (101,253) size 1x0
                  LayoutInline {A} at (0,0) size 85x16 [color=#0000EE]
                    LayoutText {#text} at (0,256) size 85x16
                      text run at (0,256) width 85: "ALTER TABLE"
                  LayoutText {#text} at (84,256) size 5x16
                    text run at (84,256) width 5: " "
                  LayoutBR {BR} at (88,269) size 1x0
                  LayoutInline {A} at (0,0) size 129x16 [color=#0000EE]
                    LayoutText {#text} at (0,272) size 129x16
                      text run at (0,272) width 129: "ALTER TABLESPACE"
                  LayoutText {#text} at (128,272) size 5x16
                    text run at (128,272) width 5: " "
                  LayoutBR {BR} at (132,285) size 1x0
                  LayoutInline {A} at (0,0) size 151x16 [color=#0000EE]
                    LayoutText {#text} at (0,288) size 151x16
                      text run at (0,288) width 151: "ALTER TYPE (Structured)"
                  LayoutText {#text} at (150,288) size 5x16
                    text run at (150,288) width 5: " "
                  LayoutBR {BR} at (154,301) size 1x0
                  LayoutInline {A} at (0,0) size 145x16 [color=#0000EE]
                    LayoutText {#text} at (0,304) size 145x16
                      text run at (0,304) width 145: "ALTER USER MAPPING"
                  LayoutText {#text} at (144,304) size 5x16
                    text run at (144,304) width 5: " "
                  LayoutBR {BR} at (148,317) size 1x0
                  LayoutInline {A} at (0,0) size 79x16 [color=#0000EE]
                    LayoutText {#text} at (0,320) size 79x16
                      text run at (0,320) width 79: "ALTER VIEW"
                  LayoutText {#text} at (78,320) size 5x16
                    text run at (78,320) width 5: " "
                  LayoutBR {BR} at (82,333) size 1x0
                  LayoutInline {A} at (0,0) size 165x16 [color=#0000EE]
                    LayoutText {#text} at (0,336) size 165x16
                      text run at (0,336) width 165: "BEGIN DECLARE SECTION"
                  LayoutText {#text} at (165,336) size 4x16
                    text run at (165,336) width 4: " "
                  LayoutBR {BR} at (169,349) size 0x0
                  LayoutInline {A} at (0,0) size 32x16 [color=#0000EE]
                    LayoutText {#text} at (0,352) size 32x16
                      text run at (0,352) width 32: "CALL"
                  LayoutText {#text} at (32,352) size 4x16
                    text run at (32,352) width 4: " "
                  LayoutBR {BR} at (36,365) size 0x0
                  LayoutInline {A} at (0,0) size 44x16 [color=#0000EE]
                    LayoutText {#text} at (0,368) size 44x16
                      text run at (0,368) width 44: "CLOSE"
                  LayoutText {#text} at (44,368) size 4x16
                    text run at (44,368) width 4: " "
                  LayoutBR {BR} at (48,381) size 0x0
                  LayoutInline {A} at (0,0) size 89x16 [color=#0000EE]
                    LayoutText {#text} at (0,384) size 89x16
                      text run at (0,384) width 89: "COMMENT ON"
                  LayoutText {#text} at (89,384) size 4x16
                    text run at (89,384) width 4: " "
                  LayoutBR {BR} at (93,397) size 0x0
                  LayoutInline {A} at (0,0) size 51x16 [color=#0000EE]
                    LayoutText {#text} at (0,400) size 51x16
                      text run at (0,400) width 51: "COMMIT"
                  LayoutText {#text} at (51,400) size 4x16
                    text run at (51,400) width 4: " "
                  LayoutBR {BR} at (55,413) size 0x0
                  LayoutInline {A} at (0,0) size 166x16 [color=#0000EE]
                    LayoutText {#text} at (0,416) size 166x16
                      text run at (0,416) width 166: "Compound SQL (Embedded)"
                  LayoutText {#text} at (166,416) size 4x16
                    text run at (166,416) width 4: " "
                  LayoutBR {BR} at (170,429) size 0x0
                  LayoutInline {A} at (0,0) size 113x16 [color=#0000EE]
                    LayoutText {#text} at (0,432) size 113x16
                      text run at (0,432) width 113: "CONNECT (Type 1)"
                  LayoutText {#text} at (112,432) size 5x16
                    text run at (112,432) width 5: " "
                  LayoutBR {BR} at (116,445) size 1x0
                  LayoutInline {A} at (0,0) size 113x16 [color=#0000EE]
                    LayoutText {#text} at (0,448) size 113x16
                      text run at (0,448) width 113: "CONNECT (Type 2)"
                  LayoutText {#text} at (112,448) size 5x16
                    text run at (112,448) width 5: " "
                  LayoutBR {BR} at (116,461) size 1x0
                  LayoutInline {A} at (0,0) size 93x16 [color=#0000EE]
                    LayoutText {#text} at (0,464) size 93x16
                      text run at (0,464) width 93: "CREATE ALIAS"
                  LayoutText {#text} at (92,464) size 5x16
                    text run at (92,464) width 5: " "
                  LayoutBR {BR} at (96,477) size 1x0
                  LayoutInline {A} at (0,0) size 144x16 [color=#0000EE]
                    LayoutText {#text} at (0,480) size 144x16
                      text run at (0,480) width 144: "CREATE BUFFERPOOL"
                  LayoutText {#text} at (143,480) size 5x16
                    text run at (143,480) width 5: " "
                  LayoutBR {BR} at (147,493) size 1x0
                  LayoutInline {A} at (0,0) size 150x16 [color=#0000EE]
                    LayoutText {#text} at (0,496) size 150x16
                      text run at (0,496) width 150: "CREATE DISTINCT TYPE"
                  LayoutText {#text} at (149,496) size 5x16
                    text run at (149,496) width 5: " "
                  LayoutBR {BR} at (153,509) size 1x0
                  LayoutInline {A} at (0,0) size 161x16 [color=#0000EE]
                    LayoutText {#text} at (0,512) size 161x16
                      text run at (0,512) width 161: "CREATE EVENT MONITOR"
                  LayoutText {#text} at (160,512) size 5x16
                    text run at (160,512) width 5: " "
                  LayoutBR {BR} at (164,525) size 1x0
                  LayoutInline {A} at (0,0) size 120x16 [color=#0000EE]
                    LayoutText {#text} at (0,528) size 120x16
                      text run at (0,528) width 120: "CREATE FUNCTION"
                  LayoutText {#text} at (119,528) size 5x16
                    text run at (119,528) width 5: " "
                  LayoutBR {BR} at (123,541) size 1x0
                  LayoutInline {A} at (0,0) size 221x16 [color=#0000EE]
                    LayoutText {#text} at (0,544) size 221x16
                      text run at (0,544) width 221: "CREATE FUNCTION (External Scalar)"
                  LayoutText {#text} at (220,544) size 5x16
                    text run at (220,544) width 5: " "
                  LayoutBR {BR} at (224,557) size 1x0
                  LayoutInline {A} at (0,0) size 213x16 [color=#0000EE]
                    LayoutText {#text} at (0,560) size 213x16
                      text run at (0,560) width 213: "CREATE FUNCTION (External Table)"
                  LayoutText {#text} at (212,560) size 5x16
                    text run at (212,560) width 5: " "
                  LayoutBR {BR} at (216,573) size 1x0
                  LayoutInline {A} at (0,0) size 265x16 [color=#0000EE]
                    LayoutText {#text} at (0,576) size 265x16
                      text run at (0,576) width 265: "CREATE FUNCTION (OLE DB External Table)"
                  LayoutText {#text} at (264,576) size 5x16
                    text run at (264,576) width 5: " "
                  LayoutBR {BR} at (268,589) size 1x0
                  LayoutInline {A} at (0,0) size 243x16 [color=#0000EE]
                    LayoutText {#text} at (0,592) size 243x16
                      text run at (0,592) width 243: "CREATE FUNCTION (Source or Template)"
                  LayoutText {#text} at (242,592) size 5x16
                    text run at (242,592) width 5: " "
                  LayoutBR {BR} at (246,605) size 1x0
                  LayoutInline {A} at (0,0) size 279x16 [color=#0000EE]
                    LayoutText {#text} at (0,608) size 279x16
                      text run at (0,608) width 279: "CREATE FUNCTION (SQL Scalar, Table or Row)"
                  LayoutText {#text} at (278,608) size 5x16
                    text run at (278,608) width 5: " "
                  LayoutBR {BR} at (282,621) size 1x0
                  LayoutInline {A} at (0,0) size 184x16 [color=#0000EE]
                    LayoutText {#text} at (0,624) size 184x16
                      text run at (0,624) width 184: "CREATE FUNCTION MAPPING"
                  LayoutText {#text} at (183,624) size 5x16
                    text run at (183,624) width 5: " "
                  LayoutBR {BR} at (187,637) size 1x0
                  LayoutInline {A} at (0,0) size 93x16 [color=#0000EE]
                    LayoutText {#text} at (0,640) size 93x16
                      text run at (0,640) width 93: "CREATE INDEX"
                  LayoutText {#text} at (92,640) size 5x16
                    text run at (92,640) width 5: " "
                  LayoutBR {BR} at (96,653) size 1x0
                  LayoutInline {A} at (0,0) size 169x16 [color=#0000EE]
                    LayoutText {#text} at (0,656) size 169x16
                      text run at (0,656) width 169: "CREATE INDEX EXTENSION"
                  LayoutText {#text} at (168,656) size 5x16
                    text run at (168,656) width 5: " "
                  LayoutBR {BR} at (172,669) size 1x0
                  LayoutInline {A} at (0,0) size 111x16 [color=#0000EE]
                    LayoutText {#text} at (0,672) size 111x16
                      text run at (0,672) width 111: "CREATE METHOD"
                  LayoutText {#text} at (110,672) size 5x16
                    text run at (110,672) width 5: " "
                  LayoutBR {BR} at (114,685) size 1x0
                  LayoutInline {A} at (0,0) size 124x16 [color=#0000EE]
                    LayoutText {#text} at (0,688) size 124x16
                      text run at (0,688) width 124: "CREATE NICKNAME"
                  LayoutText {#text} at (123,688) size 5x16
                    text run at (123,688) width 5: " "
                  LayoutBR {BR} at (127,701) size 1x0
                  LayoutInline {A} at (0,0) size 140x16 [color=#0000EE]
                    LayoutText {#text} at (0,704) size 140x16
                      text run at (0,704) width 140: "CREATE NODEGROUP"
                  LayoutText {#text} at (139,704) size 5x16
                    text run at (139,704) width 5: " "
                  LayoutBR {BR} at (143,717) size 1x0
                  LayoutInline {A} at (0,0) size 138x16 [color=#0000EE]
                    LayoutText {#text} at (0,720) size 138x16
                      text run at (0,720) width 138: "CREATE PROCEDURE"
                  LayoutText {#text} at (137,720) size 5x16
                    text run at (137,720) width 5: " "
                  LayoutBR {BR} at (141,733) size 1x0
                  LayoutInline {A} at (0,0) size 112x16 [color=#0000EE]
                    LayoutText {#text} at (0,736) size 112x16
                      text run at (0,736) width 112: "CREATE SCHEMA"
                  LayoutText {#text} at (111,736) size 5x16
                    text run at (111,736) width 5: " "
                  LayoutBR {BR} at (115,749) size 1x0
                  LayoutInline {A} at (0,0) size 109x16 [color=#0000EE]
                    LayoutText {#text} at (0,752) size 109x16
                      text run at (0,752) width 109: "CREATE SERVER"
                  LayoutText {#text} at (108,752) size 5x16
                    text run at (108,752) width 5: " "
                  LayoutBR {BR} at (112,765) size 1x0
                  LayoutInline {A} at (0,0) size 96x16 [color=#0000EE]
                    LayoutText {#text} at (0,768) size 96x16
                      text run at (0,768) width 96: "CREATE TABLE"
                  LayoutText {#text} at (95,768) size 5x16
                    text run at (95,768) width 5: " "
                  LayoutBR {BR} at (99,781) size 1x0
                  LayoutInline {A} at (0,0) size 140x16 [color=#0000EE]
                    LayoutText {#text} at (0,784) size 140x16
                      text run at (0,784) width 140: "CREATE TABLESPACE"
                  LayoutText {#text} at (139,784) size 5x16
                    text run at (139,784) width 5: " "
                  LayoutBR {BR} at (143,797) size 1x0
                  LayoutInline {A} at (0,0) size 137x16 [color=#0000EE]
                    LayoutText {#text} at (0,800) size 137x16
                      text run at (0,800) width 137: "CREATE TRANSFORM"
                  LayoutText {#text} at (136,800) size 5x16
                    text run at (136,800) width 5: " "
                  LayoutBR {BR} at (140,813) size 1x0
                  LayoutInline {A} at (0,0) size 113x16 [color=#0000EE]
                    LayoutText {#text} at (0,816) size 113x16
                      text run at (0,816) width 113: "CREATE TRIGGER"
                  LayoutText {#text} at (112,816) size 5x16
                    text run at (112,816) width 5: " "
                  LayoutBR {BR} at (116,829) size 1x0
                  LayoutInline {A} at (0,0) size 162x16 [color=#0000EE]
                    LayoutText {#text} at (0,832) size 162x16
                      text run at (0,832) width 162: "CREATE TYPE (Structured)"
                  LayoutText {#text} at (161,832) size 5x16
                    text run at (161,832) width 5: " "
                  LayoutBR {BR} at (165,845) size 1x0
                  LayoutInline {A} at (0,0) size 154x16 [color=#0000EE]
                    LayoutText {#text} at (0,848) size 154x16
                      text run at (0,848) width 154: "CREATE TYPE MAPPING"
                  LayoutText {#text} at (153,848) size 5x16
                    text run at (153,848) width 5: " "
                  LayoutBR {BR} at (157,861) size 1x0
                  LayoutInline {A} at (0,0) size 156x16 [color=#0000EE]
                    LayoutText {#text} at (0,864) size 156x16
                      text run at (0,864) width 156: "CREATE USER MAPPING"
                  LayoutText {#text} at (155,864) size 5x16
                    text run at (155,864) width 5: " "
                  LayoutBR {BR} at (159,877) size 1x0
                  LayoutInline {A} at (0,0) size 90x16 [color=#0000EE]
                    LayoutText {#text} at (0,880) size 90x16
                      text run at (0,880) width 90: "CREATE VIEW"
                  LayoutText {#text} at (89,880) size 5x16
                    text run at (89,880) width 5: " "
                  LayoutBR {BR} at (93,893) size 1x0
                  LayoutInline {A} at (0,0) size 123x16 [color=#0000EE]
                    LayoutText {#text} at (0,896) size 123x16
                      text run at (0,896) width 123: "CREATE WRAPPER"
                  LayoutText {#text} at (122,896) size 5x16
                    text run at (122,896) width 5: " "
                  LayoutBR {BR} at (126,909) size 1x0
                  LayoutInline {A} at (0,0) size 120x16 [color=#0000EE]
                    LayoutText {#text} at (0,912) size 120x16
                      text run at (0,912) width 120: "DECLARE CURSOR"
                  LayoutText {#text} at (120,912) size 4x16
                    text run at (120,912) width 4: " "
                  LayoutBR {BR} at (124,925) size 0x0
                  LayoutInline {A} at (0,0) size 247x16 [color=#0000EE]
                    LayoutText {#text} at (0,928) size 247x16
                      text run at (0,928) width 247: "DECLARE GLOBAL TEMPORARY TABLE"
                  LayoutText {#text} at (246,928) size 5x16
                    text run at (246,928) width 5: " "
                  LayoutBR {BR} at (250,941) size 1x0
                  LayoutInline {A} at (0,0) size 50x16 [color=#0000EE]
                    LayoutText {#text} at (0,944) size 50x16
                      text run at (0,944) width 50: "DELETE"
                  LayoutText {#text} at (50,944) size 4x16
                    text run at (50,944) width 4: " "
                  LayoutBR {BR} at (54,957) size 0x0
                  LayoutInline {A} at (0,0) size 66x16 [color=#0000EE]
                    LayoutText {#text} at (0,960) size 66x16
                      text run at (0,960) width 66: "DESCRIBE"
                  LayoutText {#text} at (66,960) size 4x16
                    text run at (66,960) width 4: " "
                  LayoutBR {BR} at (70,973) size 0x0
                  LayoutInline {A} at (0,0) size 83x16 [color=#0000EE]
                    LayoutText {#text} at (0,976) size 83x16
                      text run at (0,976) width 83: "DISCONNECT"
                  LayoutText {#text} at (83,976) size 4x16
                    text run at (83,976) width 4: " "
                  LayoutBR {BR} at (87,989) size 0x0
                  LayoutInline {A} at (0,0) size 37x16 [color=#0000EE]
                    LayoutText {#text} at (0,992) size 37x16
                      text run at (0,992) width 37: "DROP"
                  LayoutText {#text} at (37,992) size 4x16
                    text run at (37,992) width 4: " "
                  LayoutBR {BR} at (41,1005) size 0x0
                  LayoutInline {A} at (0,0) size 152x16 [color=#0000EE]
                    LayoutText {#text} at (0,1008) size 152x16
                      text run at (0,1008) width 152: "END DECLARE SECTION"
                  LayoutText {#text} at (152,1008) size 4x16
                    text run at (152,1008) width 4: " "
                  LayoutBR {BR} at (156,1021) size 0x0
                  LayoutInline {A} at (0,0) size 59x16 [color=#0000EE]
                    LayoutText {#text} at (0,1024) size 59x16
                      text run at (0,1024) width 59: "EXECUTE"
                  LayoutText {#text} at (59,1024) size 4x16
                    text run at (59,1024) width 4: " "
                  LayoutBR {BR} at (63,1037) size 0x0
                  LayoutInline {A} at (0,0) size 134x16 [color=#0000EE]
                    LayoutText {#text} at (0,1040) size 134x16
                      text run at (0,1040) width 134: "EXECUTE IMMEDIATE"
                  LayoutText {#text} at (133,1040) size 5x16
                    text run at (133,1040) width 5: " "
                  LayoutBR {BR} at (137,1053) size 1x0
                  LayoutInline {A} at (0,0) size 53x16 [color=#0000EE]
                    LayoutText {#text} at (0,1056) size 53x16
                      text run at (0,1056) width 53: "EXPLAIN"
                  LayoutText {#text} at (53,1056) size 4x16
                    text run at (53,1056) width 4: " "
                  LayoutBR {BR} at (57,1069) size 0x0
                  LayoutInline {A} at (0,0) size 42x16 [color=#0000EE]
                    LayoutText {#text} at (0,1072) size 42x16
                      text run at (0,1072) width 42: "FETCH"
                  LayoutText {#text} at (42,1072) size 4x16
                    text run at (42,1072) width 4: " "
                  LayoutBR {BR} at (46,1085) size 0x0
                  LayoutInline {A} at (0,0) size 152x16 [color=#0000EE]
                    LayoutText {#text} at (0,1088) size 152x16
                      text run at (0,1088) width 152: "FLUSH EVENT MONITOR"
                  LayoutText {#text} at (151,1088) size 5x16
                    text run at (151,1088) width 5: " "
                  LayoutBR {BR} at (155,1101) size 1x0
                  LayoutInline {A} at (0,0) size 99x16 [color=#0000EE]
                    LayoutText {#text} at (0,1104) size 99x16
                      text run at (0,1104) width 99: "FREE LOCATOR"
                  LayoutText {#text} at (98,1104) size 5x16
                    text run at (98,1104) width 5: " "
                  LayoutBR {BR} at (102,1117) size 1x0
                  LayoutInline {A} at (0,0) size 177x16 [color=#0000EE]
                    LayoutText {#text} at (0,1120) size 177x16
                      text run at (0,1120) width 177: "GRANT (Database Authorities)"
                  LayoutText {#text} at (177,1120) size 4x16
                    text run at (177,1120) width 4: " "
                  LayoutBR {BR} at (181,1133) size 0x0
                  LayoutInline {A} at (0,0) size 146x16 [color=#0000EE]
                    LayoutText {#text} at (0,1136) size 146x16
                      text run at (0,1136) width 146: "GRANT (Index Privileges)"
                  LayoutText {#text} at (146,1136) size 4x16
                    text run at (146,1136) width 4: " "
                  LayoutBR {BR} at (150,1149) size 0x0
                  LayoutInline {A} at (0,0) size 166x16 [color=#0000EE]
                    LayoutText {#text} at (0,1152) size 166x16
                      text run at (0,1152) width 166: "GRANT (Package Privileges)"
                  LayoutText {#text} at (166,1152) size 4x16
                    text run at (166,1152) width 4: " "
                  LayoutBR {BR} at (170,1165) size 0x0
                  LayoutInline {A} at (0,0) size 163x16 [color=#0000EE]
                    LayoutText {#text} at (0,1168) size 163x16
                      text run at (0,1168) width 163: "GRANT (Schema Privileges)"
                  LayoutText {#text} at (163,1168) size 4x16
                    text run at (163,1168) width 4: " "
                  LayoutBR {BR} at (167,1181) size 0x0
                  LayoutInline {A} at (0,0) size 151x16 [color=#0000EE]
                    LayoutText {#text} at (0,1184) size 151x16
                      text run at (0,1184) width 151: "GRANT (Server Privileges)"
                  LayoutText {#text} at (151,1184) size 4x16
                    text run at (151,1184) width 4: " "
                  LayoutBR {BR} at (155,1197) size 0x0
                  LayoutInline {A} at (0,0) size 261x16 [color=#0000EE]
                    LayoutText {#text} at (0,1200) size 261x16
                      text run at (0,1200) width 261: "GRANT (Table, View, or Nickname Privileges)"
                  LayoutText {#text} at (260,1200) size 5x16
                    text run at (260,1200) width 5: " "
                  LayoutBR {BR} at (264,1213) size 1x0
                  LayoutInline {A} at (0,0) size 186x16 [color=#0000EE]
                    LayoutText {#text} at (0,1216) size 186x16
                      text run at (0,1216) width 186: "GRANT (Table Space Privileges)"
                  LayoutText {#text} at (185,1216) size 5x16
                    text run at (185,1216) width 5: " "
                  LayoutBR {BR} at (189,1229) size 1x0
                  LayoutInline {A} at (0,0) size 55x16 [color=#0000EE]
                    LayoutText {#text} at (0,1232) size 55x16
                      text run at (0,1232) width 55: "INCLUDE"
                  LayoutText {#text} at (55,1232) size 4x16
                    text run at (55,1232) width 4: " "
                  LayoutBR {BR} at (59,1245) size 0x0
                  LayoutInline {A} at (0,0) size 46x16 [color=#0000EE]
                    LayoutText {#text} at (0,1248) size 46x16
                      text run at (0,1248) width 46: "INSERT"
                  LayoutText {#text} at (45,1248) size 5x16
                    text run at (45,1248) width 5: " "
                  LayoutBR {BR} at (49,1261) size 1x0
                  LayoutInline {A} at (0,0) size 80x16 [color=#0000EE]
                    LayoutText {#text} at (0,1264) size 80x16
                      text run at (0,1264) width 80: "LOCK TABLE"
                  LayoutText {#text} at (79,1264) size 5x16
                    text run at (79,1264) width 5: " "
                  LayoutBR {BR} at (83,1277) size 1x0
                  LayoutInline {A} at (0,0) size 37x16 [color=#0000EE]
                    LayoutText {#text} at (0,1280) size 37x16
                      text run at (0,1280) width 37: "OPEN"
                  LayoutText {#text} at (37,1280) size 4x16
                    text run at (37,1280) width 4: " "
                  LayoutBR {BR} at (41,1293) size 0x0
                  LayoutInline {A} at (0,0) size 63x16 [color=#0000EE]
                    LayoutText {#text} at (0,1296) size 63x16
                      text run at (0,1296) width 63: "PREPARE"
                  LayoutText {#text} at (62,1296) size 5x16
                    text run at (62,1296) width 5: " "
                  LayoutBR {BR} at (66,1309) size 1x0
                  LayoutInline {A} at (0,0) size 107x16 [color=#0000EE]
                    LayoutText {#text} at (0,1312) size 107x16
                      text run at (0,1312) width 107: "REFRESH TABLE"
                  LayoutText {#text} at (106,1312) size 5x16
                    text run at (106,1312) width 5: " "
                  LayoutBR {BR} at (110,1325) size 1x0
                  LayoutInline {A} at (0,0) size 138x16 [color=#0000EE]
                    LayoutText {#text} at (0,1328) size 138x16
                      text run at (0,1328) width 138: "RELEASE (Connection)"
                  LayoutText {#text} at (138,1328) size 4x16
                    text run at (138,1328) width 4: " "
                  LayoutBR {BR} at (142,1341) size 0x0
                  LayoutInline {A} at (0,0) size 139x16 [color=#0000EE]
                    LayoutText {#text} at (0,1344) size 139x16
                      text run at (0,1344) width 139: "RELEASE SAVEPOINT"
                  LayoutText {#text} at (138,1344) size 5x16
                    text run at (138,1344) width 5: " "
                  LayoutBR {BR} at (142,1357) size 1x0
                  LayoutInline {A} at (0,0) size 101x16 [color=#0000EE]
                    LayoutText {#text} at (0,1360) size 101x16
                      text run at (0,1360) width 101: "RENAME TABLE"
                  LayoutText {#text} at (100,1360) size 5x16
                    text run at (100,1360) width 5: " "
                  LayoutBR {BR} at (104,1373) size 1x0
                  LayoutInline {A} at (0,0) size 145x16 [color=#0000EE]
                    LayoutText {#text} at (0,1376) size 145x16
                      text run at (0,1376) width 145: "RENAME TABLESPACE"
                  LayoutText {#text} at (144,1376) size 5x16
                    text run at (144,1376) width 5: " "
                  LayoutBR {BR} at (148,1389) size 1x0
                  LayoutInline {A} at (0,0) size 188x16 [color=#0000EE]
                    LayoutText {#text} at (0,1392) size 188x16
                      text run at (0,1392) width 188: "REVOKE (Database Authorities)"
                  LayoutText {#text} at (188,1392) size 4x16
                    text run at (188,1392) width 4: " "
                  LayoutBR {BR} at (192,1405) size 0x0
                  LayoutInline {A} at (0,0) size 157x16 [color=#0000EE]
                    LayoutText {#text} at (0,1408) size 157x16
                      text run at (0,1408) width 157: "REVOKE (Index Privileges)"
                  LayoutText {#text} at (157,1408) size 4x16
                    text run at (157,1408) width 4: " "
                  LayoutBR {BR} at (161,1421) size 0x0
                  LayoutInline {A} at (0,0) size 177x16 [color=#0000EE]
                    LayoutText {#text} at (0,1424) size 177x16
                      text run at (0,1424) width 177: "REVOKE (Package Privileges)"
                  LayoutText {#text} at (177,1424) size 4x16
                    text run at (177,1424) width 4: " "
                  LayoutBR {BR} at (181,1437) size 0x0
                  LayoutInline {A} at (0,0) size 174x16 [color=#0000EE]
                    LayoutText {#text} at (0,1440) size 174x16
                      text run at (0,1440) width 174: "REVOKE (Schema Privileges)"
                  LayoutText {#text} at (174,1440) size 4x16
                    text run at (174,1440) width 4: " "
                  LayoutBR {BR} at (178,1453) size 0x0
                  LayoutInline {A} at (0,0) size 162x16 [color=#0000EE]
                    LayoutText {#text} at (0,1456) size 162x16
                      text run at (0,1456) width 162: "REVOKE (Server Privileges)"
                  LayoutText {#text} at (162,1456) size 4x16
                    text run at (162,1456) width 4: " "
                  LayoutBR {BR} at (166,1469) size 0x0
                  LayoutInline {A} at (0,0) size 272x16 [color=#0000EE]
                    LayoutText {#text} at (0,1472) size 272x16
                      text run at (0,1472) width 272: "REVOKE (Table, View, or Nickname Privileges)"
                  LayoutText {#text} at (271,1472) size 5x16
                    text run at (271,1472) width 5: " "
                  LayoutBR {BR} at (275,1485) size 1x0
                  LayoutInline {A} at (0,0) size 197x16 [color=#0000EE]
                    LayoutText {#text} at (0,1488) size 197x16
                      text run at (0,1488) width 197: "REVOKE (Table Space Privileges)"
                  LayoutText {#text} at (196,1488) size 5x16
                    text run at (196,1488) width 5: " "
                  LayoutBR {BR} at (200,1501) size 1x0
                  LayoutInline {A} at (0,0) size 69x16 [color=#0000EE]
                    LayoutText {#text} at (0,1504) size 69x16
                      text run at (0,1504) width 69: "ROLLBACK"
                  LayoutText {#text} at (69,1504) size 4x16
                    text run at (69,1504) width 4: " "
                  LayoutBR {BR} at (73,1517) size 0x0
                  LayoutInline {A} at (0,0) size 74x16 [color=#0000EE]
                    LayoutText {#text} at (0,1520) size 74x16
                      text run at (0,1520) width 74: "SAVEPOINT"
                  LayoutText {#text} at (73,1520) size 5x16
                    text run at (73,1520) width 5: " "
                  LayoutBR {BR} at (77,1533) size 1x0
                  LayoutInline {A} at (0,0) size 50x16 [color=#0000EE]
                    LayoutText {#text} at (0,1536) size 50x16
                      text run at (0,1536) width 50: "SELECT"
                  LayoutText {#text} at (50,1536) size 4x16
                    text run at (50,1536) width 4: " "
                  LayoutBR {BR} at (54,1549) size 0x0
                  LayoutInline {A} at (0,0) size 83x16 [color=#0000EE]
                    LayoutText {#text} at (0,1552) size 83x16
                      text run at (0,1552) width 83: "SELECT INTO"
                  LayoutText {#text} at (82,1552) size 5x16
                    text run at (82,1552) width 5: " "
                  LayoutBR {BR} at (86,1565) size 1x0
                  LayoutInline {A} at (0,0) size 113x16 [color=#0000EE]
                    LayoutText {#text} at (0,1568) size 113x16
                      text run at (0,1568) width 113: "SET CONNECTION"
                  LayoutText {#text} at (113,1568) size 4x16
                    text run at (113,1568) width 4: " "
                  LayoutBR {BR} at (117,1581) size 0x0
                  LayoutInline {A} at (0,0) size 287x16 [color=#0000EE]
                    LayoutText {#text} at (0,1584) size 287x16
                      text run at (0,1584) width 287: "SET CURRENT DEFAULT TRANSFORM GROUP"
                  LayoutText {#text} at (286,1584) size 5x16
                    text run at (286,1584) width 5: " "
                  LayoutBR {BR} at (290,1597) size 1x0
                  LayoutInline {A} at (0,0) size 149x16 [color=#0000EE]
                    LayoutText {#text} at (0,1600) size 149x16
                      text run at (0,1600) width 149: "SET CURRENT DEGREE"
                  LayoutText {#text} at (149,1600) size 4x16
                    text run at (149,1600) width 4: " "
                  LayoutBR {BR} at (153,1613) size 0x0
                  LayoutInline {A} at (0,0) size 190x16 [color=#0000EE]
                    LayoutText {#text} at (0,1616) size 190x16
                      text run at (0,1616) width 190: "SET CURRENT EXPLAIN MODE"
                  LayoutText {#text} at (190,1616) size 4x16
                    text run at (190,1616) width 4: " "
                  LayoutBR {BR} at (194,1629) size 0x0
                  LayoutInline {A} at (0,0) size 222x16 [color=#0000EE]
                    LayoutText {#text} at (0,1632) size 222x16
                      text run at (0,1632) width 222: "SET CURRENT EXPLAIN SNAPSHOT"
                  LayoutText {#text} at (222,1632) size 4x16
                    text run at (222,1632) width 4: " "
                  LayoutBR {BR} at (226,1645) size 0x0
                  LayoutInline {A} at (0,0) size 183x16 [color=#0000EE]
                    LayoutText {#text} at (0,1648) size 183x16
                      text run at (0,1648) width 183: "SET CURRENT PACKAGESET"
                  LayoutText {#text} at (182,1648) size 5x16
                    text run at (182,1648) width 5: " "
                  LayoutBR {BR} at (186,1661) size 1x0
                  LayoutInline {A} at (0,0) size 231x16 [color=#0000EE]
                    LayoutText {#text} at (0,1664) size 231x16
                      text run at (0,1664) width 231: "SET CURRENT QUERY OPTIMIZATION"
                  LayoutText {#text} at (230,1664) size 5x16
                    text run at (230,1664) width 5: " "
                  LayoutBR {BR} at (234,1677) size 1x0
                  LayoutInline {A} at (0,0) size 188x16 [color=#0000EE]
                    LayoutText {#text} at (0,1680) size 188x16
                      text run at (0,1680) width 188: "SET CURRENT REFRESH AGE"
                  LayoutText {#text} at (188,1680) size 4x16
                    text run at (188,1680) width 4: " "
                  LayoutBR {BR} at (192,1693) size 0x0
                  LayoutInline {A} at (0,0) size 178x16 [color=#0000EE]
                    LayoutText {#text} at (0,1696) size 178x16
                      text run at (0,1696) width 178: "SET EVENT MONITOR STATE"
                  LayoutText {#text} at (177,1696) size 5x16
                    text run at (177,1696) width 5: " "
                  LayoutBR {BR} at (181,1709) size 1x0
                  LayoutInline {A} at (0,0) size 95x16 [color=#0000EE]
                    LayoutText {#text} at (0,1712) size 95x16
                      text run at (0,1712) width 95: "SET INTEGRITY"
                  LayoutText {#text} at (95,1712) size 4x16
                    text run at (95,1712) width 4: " "
                  LayoutBR {BR} at (99,1725) size 0x0
                  LayoutInline {A} at (0,0) size 99x16 [color=#0000EE]
                    LayoutText {#text} at (0,1728) size 99x16
                      text run at (0,1728) width 99: "SET PASSTHRU"
                  LayoutText {#text} at (98,1728) size 5x16
                    text run at (98,1728) width 5: " "
                  LayoutBR {BR} at (102,1741) size 1x0
                  LayoutInline {A} at (0,0) size 62x16 [color=#0000EE]
                    LayoutText {#text} at (0,1744) size 62x16
                      text run at (0,1744) width 62: "SET PATH"
                  LayoutText {#text} at (61,1744) size 5x16
                    text run at (61,1744) width 5: " "
                  LayoutBR {BR} at (65,1757) size 1x0
                  LayoutInline {A} at (0,0) size 85x16 [color=#0000EE]
                    LayoutText {#text} at (0,1760) size 85x16
                      text run at (0,1760) width 85: "SET SCHEMA"
                  LayoutText {#text} at (85,1760) size 4x16
                    text run at (85,1760) width 4: " "
                  LayoutBR {BR} at (89,1773) size 0x0
                  LayoutInline {A} at (0,0) size 135x16 [color=#0000EE]
                    LayoutText {#text} at (0,1776) size 135x16
                      text run at (0,1776) width 135: "SET SERVER OPTION"
                  LayoutText {#text} at (134,1776) size 5x16
                    text run at (134,1776) width 5: " "
                  LayoutBR {BR} at (138,1789) size 1x0
                  LayoutInline {A} at (0,0) size 129x16 [color=#0000EE]
                    LayoutText {#text} at (0,1792) size 129x16
                      text run at (0,1792) width 129: "SET transition-variable"
                  LayoutText {#text} at (129,1792) size 4x16
                    text run at (129,1792) width 4: " "
                  LayoutBR {BR} at (133,1805) size 0x0
                  LayoutInline {A} at (0,0) size 117x16 [color=#0000EE]
                    LayoutText {#text} at (0,1808) size 117x16
                      text run at (0,1808) width 117: "SIGNAL SQLSTATE"
                  LayoutText {#text} at (116,1808) size 5x16
                    text run at (116,1808) width 5: " "
                  LayoutBR {BR} at (120,1821) size 1x0
                  LayoutInline {A} at (0,0) size 52x16 [color=#0000EE]
                    LayoutText {#text} at (0,1824) size 52x16
                      text run at (0,1824) width 52: "UPDATE"
                  LayoutText {#text} at (51,1824) size 5x16
                    text run at (51,1824) width 5: " "
                  LayoutBR {BR} at (55,1837) size 1x0
                  LayoutInline {A} at (0,0) size 52x16 [color=#0000EE]
                    LayoutText {#text} at (0,1840) size 52x16
                      text run at (0,1840) width 52: "VALUES"
                  LayoutText {#text} at (51,1840) size 5x16
                    text run at (51,1840) width 5: " "
                  LayoutBR {BR} at (55,1853) size 1x0
                  LayoutInline {A} at (0,0) size 84x16 [color=#0000EE]
                    LayoutText {#text} at (0,1856) size 84x16
                      text run at (0,1856) width 84: "VALUES INTO"
                  LayoutText {#text} at (83,1856) size 5x16
                    text run at (83,1856) width 5: " "
                  LayoutBR {BR} at (87,1869) size 1x0
                  LayoutInline {A} at (0,0) size 76x16 [color=#0000EE]
                    LayoutText {#text} at (0,1872) size 76x16
                      text run at (0,1872) width 76: "WHENEVER"
                  LayoutText {#text} at (0,0) size 0x0
                LayoutBlockFlow {P} at (0,7783.17) size 707x320
                  LayoutInline {B} at (0,0) size 103x16
                    LayoutInline {A} at (0,0) size 103x16 [color=#0000EE]
                      LayoutText {#text} at (0,0) size 103x16
                        text run at (0,0) width 103: "SQL Procedures"
                  LayoutBR {BR} at (103,13) size 0x0
                  LayoutBR {BR} at (0,16) size 0x16
                  LayoutInline {A} at (0,0) size 153x16 [color=#0000EE]
                    LayoutText {#text} at (0,32) size 153x16
                      text run at (0,32) width 153: "SQL Procedure Statement"
                  LayoutText {#text} at (153,32) size 4x16
                    text run at (153,32) width 4: " "
                  LayoutBR {BR} at (157,45) size 0x0
                  LayoutInline {A} at (0,0) size 190x16 [color=#0000EE]
                    LayoutText {#text} at (0,48) size 190x16
                      text run at (0,48) width 190: "ALLOCATE CURSOR Statement"
                  LayoutText {#text} at (189,48) size 5x16
                    text run at (189,48) width 5: " "
                  LayoutBR {BR} at (193,61) size 1x0
                  LayoutInline {A} at (0,0) size 133x16 [color=#0000EE]
                    LayoutText {#text} at (0,64) size 133x16
                      text run at (0,64) width 133: "Assignment Statement"
                  LayoutText {#text} at (133,64) size 4x16
                    text run at (133,64) width 4: " "
                  LayoutBR {BR} at (137,77) size 0x0
                  LayoutInline {A} at (0,0) size 210x16 [color=#0000EE]
                    LayoutText {#text} at (0,80) size 210x16
                      text run at (0,80) width 210: "ASSOCIATE LOCATORS Statement"
                  LayoutText {#text} at (209,80) size 5x16
                    text run at (209,80) width 5: " "
                  LayoutBR {BR} at (213,93) size 1x0
                  LayoutInline {A} at (0,0) size 100x16 [color=#0000EE]
                    LayoutText {#text} at (0,96) size 100x16
                      text run at (0,96) width 100: "CASE Statement"
                  LayoutText {#text} at (100,96) size 4x16
                    text run at (100,96) width 4: " "
                  LayoutBR {BR} at (104,109) size 0x0
                  LayoutInline {A} at (0,0) size 126x16 [color=#0000EE]
                    LayoutText {#text} at (0,112) size 126x16
                      text run at (0,112) width 126: "Compound Statement"
                  LayoutText {#text} at (126,112) size 4x16
                    text run at (126,112) width 4: " "
                  LayoutBR {BR} at (130,125) size 0x0
                  LayoutInline {A} at (0,0) size 91x16 [color=#0000EE]
                    LayoutText {#text} at (0,128) size 91x16
                      text run at (0,128) width 91: "FOR Statement"
                  LayoutText {#text} at (91,128) size 4x16
                    text run at (91,128) width 4: " "
                  LayoutBR {BR} at (95,141) size 0x0
                  LayoutInline {A} at (0,0) size 181x16 [color=#0000EE]
                    LayoutText {#text} at (0,144) size 181x16
                      text run at (0,144) width 181: "GET DIAGNOSTICS Statement"
                  LayoutText {#text} at (181,144) size 4x16
                    text run at (181,144) width 4: " "
                  LayoutBR {BR} at (185,157) size 0x0
                  LayoutInline {A} at (0,0) size 101x16 [color=#0000EE]
                    LayoutText {#text} at (0,160) size 101x16
                      text run at (0,160) width 101: "GOTO Statement"
                  LayoutText {#text} at (100,160) size 5x16
                    text run at (100,160) width 5: " "
                  LayoutBR {BR} at (104,173) size 1x0
                  LayoutInline {A} at (0,0) size 75x16 [color=#0000EE]
                    LayoutText {#text} at (0,176) size 75x16
                      text run at (0,176) width 75: "IF Statement"
                  LayoutText {#text} at (75,176) size 4x16
                    text run at (75,176) width 4: " "
                  LayoutBR {BR} at (79,189) size 0x0
                  LayoutInline {A} at (0,0) size 117x16 [color=#0000EE]
                    LayoutText {#text} at (0,192) size 117x16
                      text run at (0,192) width 117: "ITERATE Statement"
                  LayoutText {#text} at (116,192) size 5x16
                    text run at (116,192) width 5: " "
                  LayoutBR {BR} at (120,205) size 1x0
                  LayoutInline {A} at (0,0) size 107x16 [color=#0000EE]
                    LayoutText {#text} at (0,208) size 107x16
                      text run at (0,208) width 107: "LEAVE Statement"
                  LayoutText {#text} at (106,208) size 5x16
                    text run at (106,208) width 5: " "
                  LayoutBR {BR} at (110,221) size 1x0
                  LayoutInline {A} at (0,0) size 100x16 [color=#0000EE]
                    LayoutText {#text} at (0,224) size 100x16
                      text run at (0,224) width 100: "LOOP Statement"
                  LayoutText {#text} at (100,224) size 4x16
                    text run at (100,224) width 4: " "
                  LayoutBR {BR} at (104,237) size 0x0
                  LayoutInline {A} at (0,0) size 116x16 [color=#0000EE]
                    LayoutText {#text} at (0,240) size 116x16
                      text run at (0,240) width 116: "REPEAT Statement"
                  LayoutText {#text} at (115,240) size 5x16
                    text run at (115,240) width 5: " "
                  LayoutBR {BR} at (119,253) size 1x0
                  LayoutInline {A} at (0,0) size 129x16 [color=#0000EE]
                    LayoutText {#text} at (0,256) size 129x16
                      text run at (0,256) width 129: "RESIGNAL Statement"
                  LayoutText {#text} at (129,256) size 4x16
                    text run at (129,256) width 4: " "
                  LayoutBR {BR} at (133,269) size 0x0
                  LayoutInline {A} at (0,0) size 116x16 [color=#0000EE]
                    LayoutText {#text} at (0,272) size 116x16
                      text run at (0,272) width 116: "RETURN Statement"
                  LayoutText {#text} at (116,272) size 4x16
                    text run at (116,272) width 4: " "
                  LayoutBR {BR} at (120,285) size 0x0
                  LayoutInline {A} at (0,0) size 111x16 [color=#0000EE]
                    LayoutText {#text} at (0,288) size 111x16
                      text run at (0,288) width 111: "SIGNAL Statement"
                  LayoutText {#text} at (111,288) size 4x16
                    text run at (111,288) width 4: " "
                  LayoutBR {BR} at (115,301) size 0x0
                  LayoutInline {A} at (0,0) size 105x16 [color=#0000EE]
                    LayoutText {#text} at (0,304) size 105x16
                      text run at (0,304) width 105: "WHILE Statement"
                  LayoutText {#text} at (0,0) size 0x0
                LayoutBlockFlow {P} at (0,8116.17) size 707x16
                  LayoutInline {B} at (0,0) size 151x16
                    LayoutInline {A} at (0,0) size 151x16 [color=#0000EE]
                      LayoutText {#text} at (0,0) size 151x16
                        text run at (0,0) width 151: "Appendix A. SQL Limits"
                  LayoutBR {BR} at (151,13) size 0x0
                LayoutBlockFlow {P} at (0,8145.17) size 707x96
                  LayoutInline {B} at (0,0) size 276x16
                    LayoutInline {A} at (0,0) size 276x16 [color=#0000EE]
                      LayoutText {#text} at (0,0) size 276x16
                        text run at (0,0) width 276: "Appendix B. SQL Communications (SQLCA)"
                  LayoutBR {BR} at (276,13) size 0x0
                  LayoutBR {BR} at (0,16) size 0x16
                  LayoutInline {A} at (0,0) size 187x16 [color=#0000EE]
                    LayoutText {#text} at (0,32) size 187x16
                      text run at (0,32) width 187: "Viewing the SQLCA Interactively"
                  LayoutText {#text} at (186,32) size 5x16
                    text run at (186,32) width 5: " "
                  LayoutBR {BR} at (190,45) size 1x0
                  LayoutInline {A} at (0,0) size 152x16 [color=#0000EE]
                    LayoutText {#text} at (0,48) size 152x16
                      text run at (0,48) width 152: "SQLCA Field Descriptions"
                  LayoutText {#text} at (152,48) size 4x16
                    text run at (152,48) width 4: " "
                  LayoutBR {BR} at (156,61) size 0x0
                  LayoutInline {A} at (0,0) size 137x16 [color=#0000EE]
                    LayoutText {#text} at (0,64) size 137x16
                      text run at (0,64) width 137: "Order of Error Reporting"
                  LayoutText {#text} at (137,64) size 4x16
                    text run at (137,64) width 4: " "
                  LayoutBR {BR} at (141,77) size 0x0
                  LayoutInline {A} at (0,0) size 324x16 [color=#0000EE]
                    LayoutText {#text} at (0,80) size 324x16
                      text run at (0,80) width 324: "DB2 Enterprise - Extended Edition Usage of the SQLCA"
                  LayoutText {#text} at (0,0) size 0x0
                LayoutBlockFlow {P} at (0,8254.17) size 707x176
                  LayoutInline {B} at (0,0) size 268x16
                    LayoutInline {A} at (0,0) size 268x16 [color=#0000EE]
                      LayoutText {#text} at (0,0) size 268x16
                        text run at (0,0) width 268: "Appendix C. SQL Descriptor Area (SQLDA)"
                  LayoutBR {BR} at (268,13) size 0x0
                  LayoutBR {BR} at (0,16) size 0x16
                  LayoutInline {A} at (0,0) size 104x16 [color=#0000EE]
                    LayoutText {#text} at (0,32) size 104x16
                      text run at (0,32) width 104: "Field Descriptions"
                  LayoutText {#text} at (104,32) size 4x16
                    text run at (104,32) width 4: " "
                  LayoutBR {BR} at (108,45) size 0x0
                  LayoutInline {A} at (0,0) size 164x16 [color=#0000EE]
                    LayoutText {#text} at (0,48) size 164x16
                      text run at (0,48) width 164: "Fields in the SQLDA Header"
                  LayoutText {#text} at (164,48) size 4x16
                    text run at (164,48) width 4: " "
                  LayoutBR {BR} at (168,61) size 0x0
                  LayoutInline {A} at (0,0) size 253x16 [color=#0000EE]
                    LayoutText {#text} at (0,64) size 253x16
                      text run at (0,64) width 253: "Fields in an Occurrence of a Base SQLVAR"
                  LayoutText {#text} at (252,64) size 5x16
                    text run at (252,64) width 5: " "
                  LayoutBR {BR} at (256,77) size 1x0
                  LayoutInline {A} at (0,0) size 285x16 [color=#0000EE]
                    LayoutText {#text} at (0,80) size 285x16
                      text run at (0,80) width 285: "Fields in an Occurrence of a Secondary SQLVAR"
                  LayoutText {#text} at (284,80) size 5x16
                    text run at (284,80) width 5: " "
                  LayoutBR {BR} at (288,93) size 1x0
                  LayoutInline {A} at (0,0) size 205x16 [color=#0000EE]
                    LayoutText {#text} at (0,96) size 205x16
                      text run at (0,96) width 205: "Effect of DESCRIBE on the SQLDA"
                  LayoutText {#text} at (204,96) size 5x16
                    text run at (204,96) width 5: " "
                  LayoutBR {BR} at (208,109) size 1x0
                  LayoutInline {A} at (0,0) size 140x16 [color=#0000EE]
                    LayoutText {#text} at (0,112) size 140x16
                      text run at (0,112) width 140: "SQLTYPE and SQLLEN"
                  LayoutText {#text} at (139,112) size 5x16
                    text run at (139,112) width 5: " "
                  LayoutBR {BR} at (143,125) size 1x0
                  LayoutInline {A} at (0,0) size 254x16 [color=#0000EE]
                    LayoutText {#text} at (0,128) size 254x16
                      text run at (0,128) width 254: "Unrecognized and Unsupported SQLTYPES"
                  LayoutText {#text} at (253,128) size 5x16
                    text run at (253,128) width 5: " "
                  LayoutBR {BR} at (257,141) size 1x0
                  LayoutInline {A} at (0,0) size 151x16 [color=#0000EE]
                    LayoutText {#text} at (0,144) size 151x16
                      text run at (0,144) width 151: "Packed Decimal Numbers"
                  LayoutText {#text} at (151,144) size 4x16
                    text run at (151,144) width 4: " "
                  LayoutBR {BR} at (155,157) size 0x0
                  LayoutInline {A} at (0,0) size 152x16 [color=#0000EE]
                    LayoutText {#text} at (0,160) size 152x16
                      text run at (0,160) width 152: "SQLLEN Field for Decimal"
                  LayoutText {#text} at (0,0) size 0x0
                LayoutBlockFlow {P} at (0,8443.17) size 707x1168
                  LayoutInline {B} at (0,0) size 173x16
                    LayoutInline {A} at (0,0) size 173x16 [color=#0000EE]
                      LayoutText {#text} at (0,0) size 173x16
                        text run at (0,0) width 173: "Appendix D. Catalog Views"
                  LayoutBR {BR} at (172,13) size 1x0
                  LayoutBR {BR} at (0,16) size 0x16
                  LayoutInline {A} at (0,0) size 145x16 [color=#0000EE]
                    LayoutText {#text} at (0,32) size 145x16
                      text run at (0,32) width 145: "Updatable Catalog Views"
                  LayoutText {#text} at (144,32) size 5x16
                    text run at (144,32) width 5: " "
                  LayoutBR {BR} at (148,45) size 1x0
                  LayoutInline {A} at (0,0) size 161x16 [color=#0000EE]
                    LayoutText {#text} at (0,48) size 161x16
                      text run at (0,48) width 161: "'Roadmap' to Catalog Views"
                  LayoutText {#text} at (160,48) size 5x16
                    text run at (160,48) width 5: " "
                  LayoutBR {BR} at (164,61) size 1x0
                  LayoutInline {A} at (0,0) size 223x16 [color=#0000EE]
                    LayoutText {#text} at (0,64) size 223x16
                      text run at (0,64) width 223: "'Roadmap' to Updatable Catalog Views"
                  LayoutText {#text} at (222,64) size 5x16
                    text run at (222,64) width 5: " "
                  LayoutBR {BR} at (226,77) size 1x0
                  LayoutInline {A} at (0,0) size 137x16 [color=#0000EE]
                    LayoutText {#text} at (0,80) size 137x16
                      text run at (0,80) width 137: "SYSIBM.SYSDUMMY1"
                  LayoutText {#text} at (137,80) size 4x16
                    text run at (137,80) width 4: " "
                  LayoutBR {BR} at (141,93) size 0x0
                  LayoutInline {A} at (0,0) size 131x16 [color=#0000EE]
                    LayoutText {#text} at (0,96) size 131x16
                      text run at (0,96) width 131: "SYSCAT.ATTRIBUTES"
                  LayoutText {#text} at (130,96) size 5x16
                    text run at (130,96) width 5: " "
                  LayoutBR {BR} at (134,109) size 1x0
                  LayoutInline {A} at (0,0) size 188x16 [color=#0000EE]
                    LayoutText {#text} at (0,112) size 188x16
                      text run at (0,112) width 188: "SYSCAT.BUFFERPOOLNODES"
                  LayoutText {#text} at (187,112) size 5x16
                    text run at (187,112) width 5: " "
                  LayoutBR {BR} at (191,125) size 1x0
                  LayoutInline {A} at (0,0) size 151x16 [color=#0000EE]
                    LayoutText {#text} at (0,128) size 151x16
                      text run at (0,128) width 151: "SYSCAT.BUFFERPOOLS"
                  LayoutText {#text} at (150,128) size 5x16
                    text run at (150,128) width 5: " "
                  LayoutBR {BR} at (154,141) size 1x0
                  LayoutInline {A} at (0,0) size 161x16 [color=#0000EE]
                    LayoutText {#text} at (0,144) size 161x16
                      text run at (0,144) width 161: "SYSCAT.CASTFUNCTIONS"
                  LayoutText {#text} at (160,144) size 5x16
                    text run at (160,144) width 5: " "
                  LayoutBR {BR} at (164,157) size 1x0
                  LayoutInline {A} at (0,0) size 108x16 [color=#0000EE]
                    LayoutText {#text} at (0,160) size 108x16
                      text run at (0,160) width 108: "SYSCAT.CHECKS"
                  LayoutText {#text} at (107,160) size 5x16
                    text run at (107,160) width 5: " "
                  LayoutBR {BR} at (111,173) size 1x0
                  LayoutInline {A} at (0,0) size 114x16 [color=#0000EE]
                    LayoutText {#text} at (0,176) size 114x16
                      text run at (0,176) width 114: "SYSCAT.COLAUTH"
                  LayoutText {#text} at (113,176) size 5x16
                    text run at (113,176) width 5: " "
                  LayoutBR {BR} at (117,189) size 1x0
                  LayoutInline {A} at (0,0) size 134x16 [color=#0000EE]
                    LayoutText {#text} at (0,192) size 134x16
                      text run at (0,192) width 134: "SYSCAT.COLCHECKS"
                  LayoutText {#text} at (133,192) size 5x16
                    text run at (133,192) width 5: " "
                  LayoutBR {BR} at (137,205) size 1x0
                  LayoutInline {A} at (0,0) size 108x16 [color=#0000EE]
                    LayoutText {#text} at (0,208) size 108x16
                      text run at (0,208) width 108: "SYSCAT.COLDIST"
                  LayoutText {#text} at (107,208) size 5x16
                    text run at (107,208) width 5: " "
                  LayoutBR {BR} at (111,221) size 1x0
                  LayoutInline {A} at (0,0) size 137x16 [color=#0000EE]
                    LayoutText {#text} at (0,224) size 137x16
                      text run at (0,224) width 137: "SYSCAT.COLOPTIONS"
                  LayoutText {#text} at (136,224) size 5x16
                    text run at (136,224) width 5: " "
                  LayoutBR {BR} at (140,237) size 1x0
                  LayoutInline {A} at (0,0) size 118x16 [color=#0000EE]
                    LayoutText {#text} at (0,240) size 118x16
                      text run at (0,240) width 118: "SYSCAT.COLUMNS"
                  LayoutText {#text} at (117,240) size 5x16
                    text run at (117,240) width 5: " "
                  LayoutBR {BR} at (121,253) size 1x0
                  LayoutInline {A} at (0,0) size 125x16 [color=#0000EE]
                    LayoutText {#text} at (0,256) size 125x16
                      text run at (0,256) width 125: "SYSCAT.CONSTDEP"
                  LayoutText {#text} at (124,256) size 5x16
                    text run at (124,256) width 5: " "
                  LayoutBR {BR} at (128,269) size 1x0
                  LayoutInline {A} at (0,0) size 128x16 [color=#0000EE]
                    LayoutText {#text} at (0,272) size 128x16
                      text run at (0,272) width 128: "SYSCAT.DATATYPES"
                  LayoutText {#text} at (127,272) size 5x16
                    text run at (127,272) width 5: " "
                  LayoutBR {BR} at (131,285) size 1x0
                  LayoutInline {A} at (0,0) size 106x16 [color=#0000EE]
                    LayoutText {#text} at (0,288) size 106x16
                      text run at (0,288) width 106: "SYSCAT.DBAUTH"
                  LayoutText {#text} at (105,288) size 5x16
                    text run at (105,288) width 5: " "
                  LayoutBR {BR} at (109,301) size 1x0
                  LayoutInline {A} at (0,0) size 165x16 [color=#0000EE]
                    LayoutText {#text} at (0,304) size 165x16
                      text run at (0,304) width 165: "SYSCAT.EVENTMONITORS"
                  LayoutText {#text} at (164,304) size 5x16
                    text run at (164,304) width 5: " "
                  LayoutBR {BR} at (168,317) size 1x0
                  LayoutInline {A} at (0,0) size 106x16 [color=#0000EE]
                    LayoutText {#text} at (0,320) size 106x16
                      text run at (0,320) width 106: "SYSCAT.EVENTS"
                  LayoutText {#text} at (105,320) size 5x16
                    text run at (105,320) width 5: " "
                  LayoutBR {BR} at (109,333) size 1x0
                  LayoutInline {A} at (0,0) size 172x16 [color=#0000EE]
                    LayoutText {#text} at (0,336) size 172x16
                      text run at (0,336) width 172: "SYSCAT.FULLHIERARCHIES"
                  LayoutText {#text} at (171,336) size 5x16
                    text run at (171,336) width 5: " "
                  LayoutBR {BR} at (175,349) size 1x0
                  LayoutInline {A} at (0,0) size 116x16 [color=#0000EE]
                    LayoutText {#text} at (0,352) size 116x16
                      text run at (0,352) width 116: "SYSCAT.FUNCDEP"
                  LayoutText {#text} at (115,352) size 5x16
                    text run at (115,352) width 5: " "
                  LayoutBR {BR} at (119,365) size 1x0
                  LayoutInline {A} at (0,0) size 175x16 [color=#0000EE]
                    LayoutText {#text} at (0,368) size 175x16
                      text run at (0,368) width 175: "SYSCAT.FUNCMAPOPTIONS"
                  LayoutText {#text} at (174,368) size 5x16
                    text run at (174,368) width 5: " "
                  LayoutBR {BR} at (178,381) size 1x0
                  LayoutInline {A} at (0,0) size 212x16 [color=#0000EE]
                    LayoutText {#text} at (0,384) size 212x16
                      text run at (0,384) width 212: "SYSCAT.FUNCMAPPARMOPTIONS"
                  LayoutText {#text} at (211,384) size 5x16
                    text run at (211,384) width 5: " "
                  LayoutBR {BR} at (215,397) size 1x0
                  LayoutInline {A} at (0,0) size 158x16 [color=#0000EE]
                    LayoutText {#text} at (0,400) size 158x16
                      text run at (0,400) width 158: "SYSCAT.FUNCMAPPINGS"
                  LayoutText {#text} at (157,400) size 5x16
                    text run at (157,400) width 5: " "
                  LayoutBR {BR} at (161,413) size 1x0
                  LayoutInline {A} at (0,0) size 135x16 [color=#0000EE]
                    LayoutText {#text} at (0,416) size 135x16
                      text run at (0,416) width 135: "SYSCAT.FUNCPARMS"
                  LayoutText {#text} at (134,416) size 5x16
                    text run at (134,416) width 5: " "
                  LayoutBR {BR} at (138,429) size 1x0
                  LayoutInline {A} at (0,0) size 127x16 [color=#0000EE]
                    LayoutText {#text} at (0,432) size 127x16
                      text run at (0,432) width 127: "SYSCAT.FUNCTIONS"
                  LayoutText {#text} at (126,432) size 5x16
                    text run at (126,432) width 5: " "
                  LayoutBR {BR} at (130,445) size 1x0
                  LayoutInline {A} at (0,0) size 141x16 [color=#0000EE]
                    LayoutText {#text} at (0,448) size 141x16
                      text run at (0,448) width 141: "SYSCAT.HIERARCHIES"
                  LayoutText {#text} at (140,448) size 5x16
                    text run at (140,448) width 5: " "
                  LayoutBR {BR} at (144,461) size 1x0
                  LayoutInline {A} at (0,0) size 125x16 [color=#0000EE]
                    LayoutText {#text} at (0,464) size 125x16
                      text run at (0,464) width 125: "SYSCAT.INDEXAUTH"
                  LayoutText {#text} at (124,464) size 5x16
                    text run at (124,464) width 5: " "
                  LayoutBR {BR} at (128,477) size 1x0
                  LayoutInline {A} at (0,0) size 144x16 [color=#0000EE]
                    LayoutText {#text} at (0,480) size 144x16
                      text run at (0,480) width 144: "SYSCAT.INDEXCOLUSE"
                  LayoutText {#text} at (143,480) size 5x16
                    text run at (143,480) width 5: " "
                  LayoutBR {BR} at (147,493) size 1x0
                  LayoutInline {A} at (0,0) size 118x16 [color=#0000EE]
                    LayoutText {#text} at (0,496) size 118x16
                      text run at (0,496) width 118: "SYSCAT.INDEXDEP"
                  LayoutText {#text} at (117,496) size 5x16
                    text run at (117,496) width 5: " "
                  LayoutBR {BR} at (121,509) size 1x0
                  LayoutInline {A} at (0,0) size 109x16 [color=#0000EE]
                    LayoutText {#text} at (0,512) size 109x16
                      text run at (0,512) width 109: "SYSCAT.INDEXES"
                  LayoutText {#text} at (108,512) size 5x16
                    text run at (108,512) width 5: " "
                  LayoutBR {BR} at (112,525) size 1x0
                  LayoutInline {A} at (0,0) size 148x16 [color=#0000EE]
                    LayoutText {#text} at (0,528) size 148x16
                      text run at (0,528) width 148: "SYSCAT.INDEXOPTIONS"
                  LayoutText {#text} at (147,528) size 5x16
                    text run at (147,528) width 5: " "
                  LayoutBR {BR} at (151,541) size 1x0
                  LayoutInline {A} at (0,0) size 134x16 [color=#0000EE]
                    LayoutText {#text} at (0,544) size 134x16
                      text run at (0,544) width 134: "SYSCAT.KEYCOLUSE"
                  LayoutText {#text} at (133,544) size 5x16
                    text run at (133,544) width 5: " "
                  LayoutBR {BR} at (137,557) size 1x0
                  LayoutInline {A} at (0,0) size 161x16 [color=#0000EE]
                    LayoutText {#text} at (0,560) size 161x16
                      text run at (0,560) width 161: "SYSCAT.NAMEMAPPINGS"
                  LayoutText {#text} at (160,560) size 5x16
                    text run at (160,560) width 5: " "
                  LayoutBR {BR} at (164,573) size 1x0
                  LayoutInline {A} at (0,0) size 164x16 [color=#0000EE]
                    LayoutText {#text} at (0,576) size 164x16
                      text run at (0,576) width 164: "SYSCAT.NODEGROUPDEF"
                  LayoutText {#text} at (163,576) size 5x16
                    text run at (163,576) width 5: " "
                  LayoutBR {BR} at (167,589) size 1x0
                  LayoutInline {A} at (0,0) size 147x16 [color=#0000EE]
                    LayoutText {#text} at (0,592) size 147x16
                      text run at (0,592) width 147: "SYSCAT.NODEGROUPS"
                  LayoutText {#text} at (146,592) size 5x16
                    text run at (146,592) width 5: " "
                  LayoutBR {BR} at (150,605) size 1x0
                  LayoutInline {A} at (0,0) size 151x16 [color=#0000EE]
                    LayoutText {#text} at (0,608) size 151x16
                      text run at (0,608) width 151: "SYSCAT.PACKAGEAUTH"
                  LayoutText {#text} at (150,608) size 5x16
                    text run at (150,608) width 5: " "
                  LayoutBR {BR} at (154,621) size 1x0
                  LayoutInline {A} at (0,0) size 144x16 [color=#0000EE]
                    LayoutText {#text} at (0,624) size 144x16
                      text run at (0,624) width 144: "SYSCAT.PACKAGEDEP"
                  LayoutText {#text} at (143,624) size 5x16
                    text run at (143,624) width 5: " "
                  LayoutBR {BR} at (147,637) size 1x0
                  LayoutInline {A} at (0,0) size 126x16 [color=#0000EE]
                    LayoutText {#text} at (0,640) size 126x16
                      text run at (0,640) width 126: "SYSCAT.PACKAGES"
                  LayoutText {#text} at (125,640) size 5x16
                    text run at (125,640) width 5: " "
                  LayoutBR {BR} at (129,653) size 1x0
                  LayoutInline {A} at (0,0) size 157x16 [color=#0000EE]
                    LayoutText {#text} at (0,656) size 157x16
                      text run at (0,656) width 157: "SYSCAT.PARTITIONMAPS"
                  LayoutText {#text} at (156,656) size 5x16
                    text run at (156,656) width 5: " "
                  LayoutBR {BR} at (160,669) size 1x0
                  LayoutInline {A} at (0,0) size 157x16 [color=#0000EE]
                    LayoutText {#text} at (0,672) size 157x16
                      text run at (0,672) width 157: "SYSCAT.PASSTHRUAUTH"
                  LayoutText {#text} at (156,672) size 5x16
                    text run at (156,672) width 5: " "
                  LayoutBR {BR} at (160,685) size 1x0
                  LayoutInline {A} at (0,0) size 145x16 [color=#0000EE]
                    LayoutText {#text} at (0,688) size 145x16
                      text run at (0,688) width 145: "SYSCAT.PROCEDURES"
                  LayoutText {#text} at (144,688) size 5x16
                    text run at (144,688) width 5: " "
                  LayoutBR {BR} at (148,701) size 1x0
                  LayoutInline {A} at (0,0) size 148x16 [color=#0000EE]
                    LayoutText {#text} at (0,704) size 148x16
                      text run at (0,704) width 148: "SYSCAT.PROCOPTIONS"
                  LayoutText {#text} at (147,704) size 5x16
                    text run at (147,704) width 5: " "
                  LayoutBR {BR} at (151,717) size 1x0
                  LayoutInline {A} at (0,0) size 185x16 [color=#0000EE]
                    LayoutText {#text} at (0,720) size 185x16
                      text run at (0,720) width 185: "SYSCAT.PROCPARMOPTIONS"
                  LayoutText {#text} at (184,720) size 5x16
                    text run at (184,720) width 5: " "
                  LayoutBR {BR} at (188,733) size 1x0
                  LayoutInline {A} at (0,0) size 137x16 [color=#0000EE]
                    LayoutText {#text} at (0,736) size 137x16
                      text run at (0,736) width 137: "SYSCAT.PROCPARMS"
                  LayoutText {#text} at (136,736) size 5x16
                    text run at (136,736) width 5: " "
                  LayoutBR {BR} at (140,749) size 1x0
                  LayoutInline {A} at (0,0) size 143x16 [color=#0000EE]
                    LayoutText {#text} at (0,752) size 143x16
                      text run at (0,752) width 143: "SYSCAT.REFERENCES"
                  LayoutText {#text} at (142,752) size 5x16
                    text run at (142,752) width 5: " "
                  LayoutBR {BR} at (146,765) size 1x0
                  LayoutInline {A} at (0,0) size 184x16 [color=#0000EE]
                    LayoutText {#text} at (0,768) size 184x16
                      text run at (0,768) width 184: "SYSCAT.REVTYPEMAPPINGS"
                  LayoutText {#text} at (183,768) size 5x16
                    text run at (183,768) width 5: " "
                  LayoutBR {BR} at (187,781) size 1x0
                  LayoutInline {A} at (0,0) size 144x16 [color=#0000EE]
                    LayoutText {#text} at (0,784) size 144x16
                      text run at (0,784) width 144: "SYSCAT.SCHEMAAUTH"
                  LayoutText {#text} at (143,784) size 5x16
                    text run at (143,784) width 5: " "
                  LayoutBR {BR} at (147,797) size 1x0
                  LayoutInline {A} at (0,0) size 124x16 [color=#0000EE]
                    LayoutText {#text} at (0,800) size 124x16
                      text run at (0,800) width 124: "SYSCAT.SCHEMATA"
                  LayoutText {#text} at (123,800) size 5x16
                    text run at (123,800) width 5: " "
                  LayoutBR {BR} at (127,813) size 1x0
                  LayoutInline {A} at (0,0) size 165x16 [color=#0000EE]
                    LayoutText {#text} at (0,816) size 165x16
                      text run at (0,816) width 165: "SYSCAT.SERVEROPTIONS"
                  LayoutText {#text} at (164,816) size 5x16
                    text run at (164,816) width 5: " "
                  LayoutBR {BR} at (168,829) size 1x0
                  LayoutInline {A} at (0,0) size 117x16 [color=#0000EE]
                    LayoutText {#text} at (0,832) size 117x16
                      text run at (0,832) width 117: "SYSCAT.SERVERS"
                  LayoutText {#text} at (116,832) size 5x16
                    text run at (116,832) width 5: " "
                  LayoutBR {BR} at (120,845) size 1x0
                  LayoutInline {A} at (0,0) size 138x16 [color=#0000EE]
                    LayoutText {#text} at (0,848) size 138x16
                      text run at (0,848) width 138: "SYSCAT.STATEMENTS"
                  LayoutText {#text} at (137,848) size 5x16
                    text run at (137,848) width 5: " "
                  LayoutBR {BR} at (141,861) size 1x0
                  LayoutInline {A} at (0,0) size 112x16 [color=#0000EE]
                    LayoutText {#text} at (0,864) size 112x16
                      text run at (0,864) width 112: "SYSCAT.TABAUTH"
                  LayoutText {#text} at (111,864) size 5x16
                    text run at (111,864) width 5: " "
                  LayoutBR {BR} at (115,877) size 1x0
                  LayoutInline {A} at (0,0) size 122x16 [color=#0000EE]
                    LayoutText {#text} at (0,880) size 122x16
                      text run at (0,880) width 122: "SYSCAT.TABCONST"
                  LayoutText {#text} at (121,880) size 5x16
                    text run at (121,880) width 5: " "
                  LayoutBR {BR} at (125,893) size 1x0
                  LayoutInline {A} at (0,0) size 103x16 [color=#0000EE]
                    LayoutText {#text} at (0,896) size 103x16
                      text run at (0,896) width 103: "SYSCAT.TABLES"
                  LayoutText {#text} at (102,896) size 5x16
                    text run at (102,896) width 5: " "
                  LayoutBR {BR} at (106,909) size 1x0
                  LayoutInline {A} at (0,0) size 147x16 [color=#0000EE]
                    LayoutText {#text} at (0,912) size 147x16
                      text run at (0,912) width 147: "SYSCAT.TABLESPACES"
                  LayoutText {#text} at (146,912) size 5x16
                    text run at (146,912) width 5: " "
                  LayoutBR {BR} at (150,925) size 1x0
                  LayoutInline {A} at (0,0) size 135x16 [color=#0000EE]
                    LayoutText {#text} at (0,928) size 135x16
                      text run at (0,928) width 135: "SYSCAT.TABOPTIONS"
                  LayoutText {#text} at (134,928) size 5x16
                    text run at (134,928) width 5: " "
                  LayoutBR {BR} at (138,941) size 1x0
                  LayoutInline {A} at (0,0) size 148x16 [color=#0000EE]
                    LayoutText {#text} at (0,944) size 148x16
                      text run at (0,944) width 148: "SYSCAT.TBSPACEAUTH"
                  LayoutText {#text} at (147,944) size 5x16
                    text run at (147,944) width 5: " "
                  LayoutBR {BR} at (151,957) size 1x0
                  LayoutInline {A} at (0,0) size 110x16 [color=#0000EE]
                    LayoutText {#text} at (0,960) size 110x16
                      text run at (0,960) width 110: "SYSCAT.TRIGDEP"
                  LayoutText {#text} at (109,960) size 5x16
                    text run at (109,960) width 5: " "
                  LayoutBR {BR} at (113,973) size 1x0
                  LayoutInline {A} at (0,0) size 120x16 [color=#0000EE]
                    LayoutText {#text} at (0,976) size 120x16
                      text run at (0,976) width 120: "SYSCAT.TRIGGERS"
                  LayoutText {#text} at (119,976) size 5x16
                    text run at (119,976) width 5: " "
                  LayoutBR {BR} at (123,989) size 1x0
                  LayoutInline {A} at (0,0) size 157x16 [color=#0000EE]
                    LayoutText {#text} at (0,992) size 157x16
                      text run at (0,992) width 157: "SYSCAT.TYPEMAPPINGS"
                  LayoutText {#text} at (156,992) size 5x16
                    text run at (156,992) width 5: " "
                  LayoutBR {BR} at (160,1005) size 1x0
                  LayoutInline {A} at (0,0) size 147x16 [color=#0000EE]
                    LayoutText {#text} at (0,1008) size 147x16
                      text run at (0,1008) width 147: "SYSCAT.USEROPTIONS"
                  LayoutText {#text} at (146,1008) size 5x16
                    text run at (146,1008) width 5: " "
                  LayoutBR {BR} at (150,1021) size 1x0
                  LayoutInline {A} at (0,0) size 115x16 [color=#0000EE]
                    LayoutText {#text} at (0,1024) size 115x16
                      text run at (0,1024) width 115: "SYSCAT.VIEWDEP"
                  LayoutText {#text} at (114,1024) size 5x16
                    text run at (114,1024) width 5: " "
                  LayoutBR {BR} at (118,1037) size 1x0
                  LayoutInline {A} at (0,0) size 97x16 [color=#0000EE]
                    LayoutText {#text} at (0,1040) size 97x16
                      text run at (0,1040) width 97: "SYSCAT.VIEWS"
                  LayoutText {#text} at (96,1040) size 5x16
                    text run at (96,1040) width 5: " "
                  LayoutBR {BR} at (100,1053) size 1x0
                  LayoutInline {A} at (0,0) size 151x16 [color=#0000EE]
                    LayoutText {#text} at (0,1056) size 151x16
                      text run at (0,1056) width 151: "SYSCAT.WRAPOPTIONS"
                  LayoutText {#text} at (150,1056) size 5x16
                    text run at (150,1056) width 5: " "
                  LayoutBR {BR} at (154,1069) size 1x0
                  LayoutInline {A} at (0,0) size 130x16 [color=#0000EE]
                    LayoutText {#text} at (0,1072) size 130x16
                      text run at (0,1072) width 130: "SYSCAT.WRAPPERS"
                  LayoutText {#text} at (129,1072) size 5x16
                    text run at (129,1072) width 5: " "
                  LayoutBR {BR} at (133,1085) size 1x0
                  LayoutInline {A} at (0,0) size 114x16 [color=#0000EE]
                    LayoutText {#text} at (0,1088) size 114x16
                      text run at (0,1088) width 114: "SYSSTAT.COLDIST"
                  LayoutText {#text} at (113,1088) size 5x16
                    text run at (113,1088) width 5: " "
                  LayoutBR {BR} at (117,1101) size 1x0
                  LayoutInline {A} at (0,0) size 124x16 [color=#0000EE]
                    LayoutText {#text} at (0,1104) size 124x16
                      text run at (0,1104) width 124: "SYSSTAT.COLUMNS"
                  LayoutText {#text} at (123,1104) size 5x16
                    text run at (123,1104) width 5: " "
                  LayoutBR {BR} at (127,1117) size 1x0
                  LayoutInline {A} at (0,0) size 133x16 [color=#0000EE]
                    LayoutText {#text} at (0,1120) size 133x16
                      text run at (0,1120) width 133: "SYSSTAT.FUNCTIONS"
                  LayoutText {#text} at (132,1120) size 5x16
                    text run at (132,1120) width 5: " "
                  LayoutBR {BR} at (136,1133) size 1x0
                  LayoutInline {A} at (0,0) size 115x16 [color=#0000EE]
                    LayoutText {#text} at (0,1136) size 115x16
                      text run at (0,1136) width 115: "SYSSTAT.INDEXES"
                  LayoutText {#text} at (114,1136) size 5x16
                    text run at (114,1136) width 5: " "
                  LayoutBR {BR} at (118,1149) size 1x0
                  LayoutInline {A} at (0,0) size 109x16 [color=#0000EE]
                    LayoutText {#text} at (0,1152) size 109x16
                      text run at (0,1152) width 109: "SYSSTAT.TABLES"
                  LayoutText {#text} at (0,0) size 0x0
                LayoutBlockFlow {P} at (0,9624.17) size 707x176
                  LayoutInline {B} at (0,0) size 367x16
                    LayoutInline {A} at (0,0) size 367x16 [color=#0000EE]
                      LayoutText {#text} at (0,0) size 367x16
                        text run at (0,0) width 367: "Appendix E. Catalog Views For Use With Structured Types"
                  LayoutBR {BR} at (366,13) size 1x0
                  LayoutBR {BR} at (0,16) size 0x16
                  LayoutInline {A} at (0,0) size 161x16 [color=#0000EE]
                    LayoutText {#text} at (0,32) size 161x16
                      text run at (0,32) width 161: "'Roadmap' to Catalog Views"
                  LayoutText {#text} at (160,32) size 5x16
                    text run at (160,32) width 5: " "
                  LayoutBR {BR} at (164,45) size 1x0
                  LayoutInline {A} at (0,0) size 107x16 [color=#0000EE]
                    LayoutText {#text} at (0,48) size 107x16
                      text run at (0,48) width 107: "OBJCAT.INDEXES"
                  LayoutText {#text} at (106,48) size 5x16
                    text run at (106,48) width 5: " "
                  LayoutBR {BR} at (110,61) size 1x0
                  LayoutInline {A} at (0,0) size 184x16 [color=#0000EE]
                    LayoutText {#text} at (0,64) size 184x16
                      text run at (0,64) width 184: "OBJCAT.INDEXEXPLOITRULES"
                  LayoutText {#text} at (183,64) size 5x16
                    text run at (183,64) width 5: " "
                  LayoutBR {BR} at (187,77) size 1x0
                  LayoutInline {A} at (0,0) size 188x16 [color=#0000EE]
                    LayoutText {#text} at (0,80) size 188x16
                      text run at (0,80) width 188: "OBJCAT.INDEXEXTENSIONDEP"
                  LayoutText {#text} at (187,80) size 5x16
                    text run at (187,80) width 5: " "
                  LayoutBR {BR} at (191,93) size 1x0
                  LayoutInline {A} at (0,0) size 225x16 [color=#0000EE]
                    LayoutText {#text} at (0,96) size 225x16
                      text run at (0,96) width 225: "OBJCAT.INDEXEXTENSIONMETHODS"
                  LayoutText {#text} at (224,96) size 5x16
                    text run at (224,96) width 5: " "
                  LayoutBR {BR} at (228,109) size 1x0
                  LayoutInline {A} at (0,0) size 207x16 [color=#0000EE]
                    LayoutText {#text} at (0,112) size 207x16
                      text run at (0,112) width 207: "OBJCAT.INDEXEXTENSIONPARMS"
                  LayoutText {#text} at (206,112) size 5x16
                    text run at (206,112) width 5: " "
                  LayoutBR {BR} at (210,125) size 1x0
                  LayoutInline {A} at (0,0) size 170x16 [color=#0000EE]
                    LayoutText {#text} at (0,128) size 170x16
                      text run at (0,128) width 170: "OBJCAT.INDEXEXTENSIONS"
                  LayoutText {#text} at (169,128) size 5x16
                    text run at (169,128) width 5: " "
                  LayoutBR {BR} at (173,141) size 1x0
                  LayoutInline {A} at (0,0) size 169x16 [color=#0000EE]
                    LayoutText {#text} at (0,144) size 169x16
                      text run at (0,144) width 169: "OBJCAT.PREDICATESPECS"
                  LayoutText {#text} at (168,144) size 5x16
                    text run at (168,144) width 5: " "
                  LayoutBR {BR} at (172,157) size 1x0
                  LayoutInline {A} at (0,0) size 142x16 [color=#0000EE]
                    LayoutText {#text} at (0,160) size 142x16
                      text run at (0,160) width 142: "OBJCAT.TRANSFORMS"
                  LayoutText {#text} at (0,0) size 0x0
                LayoutBlockFlow {P} at (0,9813.17) size 707x256
                  LayoutInline {B} at (0,0) size 201x16
                    LayoutInline {A} at (0,0) size 201x16 [color=#0000EE]
                      LayoutText {#text} at (0,0) size 201x16
                        text run at (0,0) width 201: "Appendix F. Federated Systems"
                  LayoutBR {BR} at (200,13) size 1x0
                  LayoutBR {BR} at (0,16) size 0x16
                  LayoutInline {A} at (0,0) size 75x16 [color=#0000EE]
                    LayoutText {#text} at (0,32) size 75x16
                      text run at (0,32) width 75: "Server Types"
                  LayoutText {#text} at (74,32) size 5x16
                    text run at (74,32) width 5: " "
                  LayoutBR {BR} at (78,45) size 1x0
                  LayoutInline {A} at (0,0) size 211x16 [color=#0000EE]
                    LayoutText {#text} at (0,48) size 211x16
                      text run at (0,48) width 211: "SQL Options for Federated Systems"
                  LayoutText {#text} at (211,48) size 4x16
                    text run at (211,48) width 4: " "
                  LayoutBR {BR} at (215,61) size 0x0
                  LayoutInline {A} at (0,0) size 93x16 [color=#0000EE]
                    LayoutText {#text} at (0,64) size 93x16
                      text run at (0,64) width 93: "Column Options"
                  LayoutText {#text} at (93,64) size 4x16
                    text run at (93,64) width 4: " "
                  LayoutBR {BR} at (97,77) size 0x0
                  LayoutInline {A} at (0,0) size 152x16 [color=#0000EE]
                    LayoutText {#text} at (0,80) size 152x16
                      text run at (0,80) width 152: "Function Mapping Options"
                  LayoutText {#text} at (152,80) size 4x16
                    text run at (152,80) width 4: " "
                  LayoutBR {BR} at (156,93) size 0x0
                  LayoutInline {A} at (0,0) size 85x16 [color=#0000EE]
                    LayoutText {#text} at (0,96) size 85x16
                      text run at (0,96) width 85: "Server Options"
                  LayoutText {#text} at (85,96) size 4x16
                    text run at (85,96) width 4: " "
                  LayoutBR {BR} at (89,109) size 0x0
                  LayoutInline {A} at (0,0) size 76x16 [color=#0000EE]
                    LayoutText {#text} at (0,112) size 76x16
                      text run at (0,112) width 76: "User Options"
                  LayoutText {#text} at (76,112) size 4x16
                    text run at (76,112) width 4: " "
                  LayoutBR {BR} at (80,125) size 0x0
                  LayoutInline {A} at (0,0) size 163x16 [color=#0000EE]
                    LayoutText {#text} at (0,128) size 163x16
                      text run at (0,128) width 163: "Default Data Type Mappings"
                  LayoutText {#text} at (162,128) size 5x16
                    text run at (162,128) width 5: " "
                  LayoutBR {BR} at (166,141) size 1x0
                  LayoutInline {A} at (0,0) size 675x16 [color=#0000EE]
                    LayoutText {#text} at (0,144) size 675x16
                      text run at (0,144) width 675: "Default Type Mappings between DB2 and DB2 Universal Database for OS/390 (and DB2 for MVS/ESA) Data Sources"
                  LayoutText {#text} at (674,144) size 5x16
                    text run at (674,144) width 5: " "
                  LayoutBR {BR} at (678,157) size 1x0
                  LayoutInline {A} at (0,0) size 640x16 [color=#0000EE]
                    LayoutText {#text} at (0,160) size 640x16
                      text run at (0,160) width 640: "Default Type Mappings between DB2 and 2 Universal Database for AS/400 (and DB2 for OS/400) Data Sources"
                  LayoutText {#text} at (639,160) size 5x16
                    text run at (639,160) width 5: " "
                  LayoutBR {BR} at (643,173) size 1x0
                  LayoutInline {A} at (0,0) size 363x16 [color=#0000EE]
                    LayoutText {#text} at (0,176) size 363x16
                      text run at (0,176) width 363: "Default Type Mappings between DB2 and Oracle Data Sources"
                  LayoutText {#text} at (362,176) size 5x16
                    text run at (362,176) width 5: " "
                  LayoutBR {BR} at (366,189) size 1x0
                  LayoutInline {A} at (0,0) size 533x16 [color=#0000EE]
                    LayoutText {#text} at (0,192) size 533x16
                      text run at (0,192) width 533: "Default Type Mappings between DB2 and DB2 for VM and VSE (and SQL/DS) Data Sources"
                  LayoutText {#text} at (532,192) size 5x16
                    text run at (532,192) width 5: " "
                  LayoutBR {BR} at (536,205) size 1x0
                  LayoutInline {A} at (0,0) size 195x16 [color=#0000EE]
                    LayoutText {#text} at (0,208) size 195x16
                      text run at (0,208) width 195: "Pass-Through Facility Processing"
                  LayoutText {#text} at (195,208) size 4x16
                    text run at (195,208) width 4: " "
                  LayoutBR {BR} at (199,221) size 0x0
                  LayoutInline {A} at (0,0) size 251x16 [color=#0000EE]
                    LayoutText {#text} at (0,224) size 251x16
                      text run at (0,224) width 251: "SQL Processing in Pass-Through Sessions"
                  LayoutText {#text} at (251,224) size 4x16
                    text run at (251,224) width 4: " "
                  LayoutBR {BR} at (255,237) size 0x0
                  LayoutInline {A} at (0,0) size 184x16 [color=#0000EE]
                    LayoutText {#text} at (0,240) size 184x16
                      text run at (0,240) width 184: "Considerations and Restrictions"
                  LayoutText {#text} at (0,0) size 0x0
                LayoutBlockFlow {P} at (0,10082.17) size 707x416
                  LayoutInline {B} at (0,0) size 241x16
                    LayoutInline {A} at (0,0) size 241x16 [color=#0000EE]
                      LayoutText {#text} at (0,0) size 241x16
                        text run at (0,0) width 241: "Appendix G. Sample Database Tables"
                  LayoutBR {BR} at (240,13) size 1x0
                  LayoutBR {BR} at (0,16) size 0x16
                  LayoutInline {A} at (0,0) size 128x16 [color=#0000EE]
                    LayoutText {#text} at (0,32) size 128x16
                      text run at (0,32) width 128: "The Sample Database"
                  LayoutText {#text} at (128,32) size 4x16
                    text run at (128,32) width 4: " "
                  LayoutBR {BR} at (132,45) size 0x0
                  LayoutInline {A} at (0,0) size 184x16 [color=#0000EE]
                    LayoutText {#text} at (0,48) size 184x16
                      text run at (0,48) width 184: "To Create the Sample Database"
                  LayoutText {#text} at (183,48) size 5x16
                    text run at (183,48) width 5: " "
                  LayoutBR {BR} at (187,61) size 1x0
                  LayoutInline {A} at (0,0) size 180x16 [color=#0000EE]
                    LayoutText {#text} at (0,64) size 180x16
                      text run at (0,64) width 180: "To Erase the Sample Database"
                  LayoutText {#text} at (179,64) size 5x16
                    text run at (179,64) width 5: " "
                  LayoutBR {BR} at (183,77) size 1x0
                  LayoutInline {A} at (0,0) size 102x16 [color=#0000EE]
                    LayoutText {#text} at (0,80) size 102x16
                      text run at (0,80) width 102: "CL_SCHED Table"
                  LayoutText {#text} at (101,80) size 5x16
                    text run at (101,80) width 5: " "
                  LayoutBR {BR} at (105,93) size 1x0
                  LayoutInline {A} at (0,0) size 121x16 [color=#0000EE]
                    LayoutText {#text} at (0,96) size 121x16
                      text run at (0,96) width 121: "DEPARTMENT Table"
                  LayoutText {#text} at (120,96) size 5x16
                    text run at (120,96) width 5: " "
                  LayoutBR {BR} at (124,109) size 1x0
                  LayoutInline {A} at (0,0) size 107x16 [color=#0000EE]
                    LayoutText {#text} at (0,112) size 107x16
                      text run at (0,112) width 107: "EMPLOYEE Table"
                  LayoutText {#text} at (106,112) size 5x16
                    text run at (106,112) width 5: " "
                  LayoutBR {BR} at (110,125) size 1x0
                  LayoutInline {A} at (0,0) size 95x16 [color=#0000EE]
                    LayoutText {#text} at (0,128) size 95x16
                      text run at (0,128) width 95: "EMP_ACT Table"
                  LayoutText {#text} at (94,128) size 5x16
                    text run at (94,128) width 5: " "
                  LayoutBR {BR} at (98,141) size 1x0
                  LayoutInline {A} at (0,0) size 115x16 [color=#0000EE]
                    LayoutText {#text} at (0,144) size 115x16
                      text run at (0,144) width 115: "EMP_PHOTO Table"
                  LayoutText {#text} at (114,144) size 5x16
                    text run at (114,144) width 5: " "
                  LayoutBR {BR} at (118,157) size 1x0
                  LayoutInline {A} at (0,0) size 126x16 [color=#0000EE]
                    LayoutText {#text} at (0,160) size 126x16
                      text run at (0,160) width 126: "EMP_RESUME Table"
                  LayoutText {#text} at (125,160) size 5x16
                    text run at (125,160) width 5: " "
                  LayoutBR {BR} at (129,173) size 1x0
                  LayoutInline {A} at (0,0) size 86x16 [color=#0000EE]
                    LayoutText {#text} at (0,176) size 86x16
                      text run at (0,176) width 86: "IN_TRAY Table"
                  LayoutText {#text} at (85,176) size 5x16
                    text run at (85,176) width 5: " "
                  LayoutBR {BR} at (89,189) size 1x0
                  LayoutInline {A} at (0,0) size 63x16 [color=#0000EE]
                    LayoutText {#text} at (0,192) size 63x16
                      text run at (0,192) width 63: "ORG Table"
                  LayoutText {#text} at (62,192) size 5x16
                    text run at (62,192) width 5: " "
                  LayoutBR {BR} at (66,205) size 1x0
                  LayoutInline {A} at (0,0) size 93x16 [color=#0000EE]
                    LayoutText {#text} at (0,208) size 93x16
                      text run at (0,208) width 93: "PROJECT Table"
                  LayoutText {#text} at (92,208) size 5x16
                    text run at (92,208) width 5: " "
                  LayoutBR {BR} at (96,221) size 1x0
                  LayoutInline {A} at (0,0) size 77x16 [color=#0000EE]
                    LayoutText {#text} at (0,224) size 77x16
                      text run at (0,224) width 77: "SALES Table"
                  LayoutText {#text} at (76,224) size 5x16
                    text run at (76,224) width 5: " "
                  LayoutBR {BR} at (80,237) size 1x0
                  LayoutInline {A} at (0,0) size 74x16 [color=#0000EE]
                    LayoutText {#text} at (0,240) size 74x16
                      text run at (0,240) width 74: "STAFF Table"
                  LayoutText {#text} at (73,240) size 5x16
                    text run at (73,240) width 5: " "
                  LayoutBR {BR} at (77,253) size 1x0
                  LayoutInline {A} at (0,0) size 84x16 [color=#0000EE]
                    LayoutText {#text} at (0,256) size 84x16
                      text run at (0,256) width 84: "STAFFG Table"
                  LayoutText {#text} at (83,256) size 5x16
                    text run at (83,256) width 5: " "
                  LayoutBR {BR} at (87,269) size 1x0
                  LayoutInline {A} at (0,0) size 269x16 [color=#0000EE]
                    LayoutText {#text} at (0,272) size 269x16
                      text run at (0,272) width 269: "Sample Files with BLOB and CLOB Data Type"
                  LayoutText {#text} at (268,272) size 5x16
                    text run at (268,272) width 5: " "
                  LayoutBR {BR} at (272,285) size 1x0
                  LayoutInline {A} at (0,0) size 90x16 [color=#0000EE]
                    LayoutText {#text} at (0,288) size 90x16
                      text run at (0,288) width 90: "Quintana Photo"
                  LayoutText {#text} at (90,288) size 4x16
                    text run at (90,288) width 4: " "
                  LayoutBR {BR} at (94,301) size 0x0
                  LayoutInline {A} at (0,0) size 104x16 [color=#0000EE]
                    LayoutText {#text} at (0,304) size 104x16
                      text run at (0,304) width 104: "Quintana Resume"
                  LayoutText {#text} at (104,304) size 4x16
                    text run at (104,304) width 4: " "
                  LayoutBR {BR} at (108,317) size 0x0
                  LayoutInline {A} at (0,0) size 84x16 [color=#0000EE]
                    LayoutText {#text} at (0,320) size 84x16
                      text run at (0,320) width 84: "Nicholls Photo"
                  LayoutText {#text} at (84,320) size 4x16
                    text run at (84,320) width 4: " "
                  LayoutBR {BR} at (88,333) size 0x0
                  LayoutInline {A} at (0,0) size 98x16 [color=#0000EE]
                    LayoutText {#text} at (0,336) size 98x16
                      text run at (0,336) width 98: "Nicholls Resume"
                  LayoutText {#text} at (98,336) size 4x16
                    text run at (98,336) width 4: " "
                  LayoutBR {BR} at (102,349) size 0x0
                  LayoutInline {A} at (0,0) size 93x16 [color=#0000EE]
                    LayoutText {#text} at (0,352) size 93x16
                      text run at (0,352) width 93: "Adamson Photo"
                  LayoutText {#text} at (93,352) size 4x16
                    text run at (93,352) width 4: " "
                  LayoutBR {BR} at (97,365) size 0x0
                  LayoutInline {A} at (0,0) size 107x16 [color=#0000EE]
                    LayoutText {#text} at (0,368) size 107x16
                      text run at (0,368) width 107: "Adamson Resume"
                  LayoutText {#text} at (107,368) size 4x16
                    text run at (107,368) width 4: " "
                  LayoutBR {BR} at (111,381) size 0x0
                  LayoutInline {A} at (0,0) size 79x16 [color=#0000EE]
                    LayoutText {#text} at (0,384) size 79x16
                      text run at (0,384) width 79: "Walker Photo"
                  LayoutText {#text} at (78,384) size 5x16
                    text run at (78,384) width 5: " "
                  LayoutBR {BR} at (82,397) size 1x0
                  LayoutInline {A} at (0,0) size 93x16 [color=#0000EE]
                    LayoutText {#text} at (0,400) size 93x16
                      text run at (0,400) width 93: "Walker Resume"
                  LayoutText {#text} at (0,0) size 0x0
                LayoutBlockFlow {P} at (0,10511.17) size 707x96
                  LayoutInline {B} at (0,0) size 379x16
                    LayoutInline {A} at (0,0) size 379x16 [color=#0000EE]
                      LayoutText {#text} at (0,0) size 379x16
                        text run at (0,0) width 379: "Appendix H. Reserved Schema Names and Reserved Words"
                  LayoutBR {BR} at (378,13) size 1x0
                  LayoutBR {BR} at (0,16) size 0x16
                  LayoutInline {A} at (0,0) size 112x16 [color=#0000EE]
                    LayoutText {#text} at (0,32) size 112x16
                      text run at (0,32) width 112: "Reserved Schemas"
                  LayoutText {#text} at (112,32) size 4x16
                    text run at (112,32) width 4: " "
                  LayoutBR {BR} at (116,45) size 0x0
                  LayoutInline {A} at (0,0) size 95x16 [color=#0000EE]
                    LayoutText {#text} at (0,48) size 95x16
                      text run at (0,48) width 95: "Reserved Words"
                  LayoutText {#text} at (94,48) size 5x16
                    text run at (94,48) width 5: " "
                  LayoutBR {BR} at (98,61) size 1x0
                  LayoutInline {A} at (0,0) size 152x16 [color=#0000EE]
                    LayoutText {#text} at (0,64) size 152x16
                      text run at (0,64) width 152: "IBM SQL Reserved Words"
                  LayoutText {#text} at (151,64) size 5x16
                    text run at (151,64) width 5: " "
                  LayoutBR {BR} at (155,77) size 1x0
                  LayoutInline {A} at (0,0) size 196x16 [color=#0000EE]
                    LayoutText {#text} at (0,80) size 196x16
                      text run at (0,80) width 196: "ISO/ANS SQL92 Reserved Words"
                  LayoutText {#text} at (0,0) size 0x0
                LayoutBlockFlow {P} at (0,10620.17) size 707x16
                  LayoutInline {B} at (0,0) size 272x16
                    LayoutInline {A} at (0,0) size 272x16 [color=#0000EE]
                      LayoutText {#text} at (0,0) size 272x16
                        text run at (0,0) width 272: "Appendix I. Comparison of Isolation Levels"
                  LayoutBR {BR} at (272,13) size 0x0
                LayoutBlockFlow {P} at (0,10649.17) size 707x16
                  LayoutInline {B} at (0,0) size 322x16
                    LayoutInline {A} at (0,0) size 322x16 [color=#0000EE]
                      LayoutText {#text} at (0,0) size 322x16
                        text run at (0,0) width 322: "Appendix J. Interaction of Triggers and Constraints"
                  LayoutBR {BR} at (321,13) size 1x0
                LayoutBlockFlow {P} at (0,10678.17) size 707x336
                  LayoutInline {B} at (0,0) size 275x16
                    LayoutInline {A} at (0,0) size 275x16 [color=#0000EE]
                      LayoutText {#text} at (0,0) size 275x16
                        text run at (0,0) width 275: "Appendix K. Explain Tables and Definitions"
                  LayoutBR {BR} at (274,13) size 1x0
                  LayoutBR {BR} at (0,16) size 0x16
                  LayoutInline {A} at (0,0) size 167x16 [color=#0000EE]
                    LayoutText {#text} at (0,32) size 167x16
                      text run at (0,32) width 167: "EXPLAIN_ARGUMENT Table"
                  LayoutText {#text} at (166,32) size 5x16
                    text run at (166,32) width 5: " "
                  LayoutBR {BR} at (170,45) size 1x0
                  LayoutInline {A} at (0,0) size 157x16 [color=#0000EE]
                    LayoutText {#text} at (0,48) size 157x16
                      text run at (0,48) width 157: "EXPLAIN_INSTANCE Table"
                  LayoutText {#text} at (156,48) size 5x16
                    text run at (156,48) width 5: " "
                  LayoutBR {BR} at (160,61) size 1x0
                  LayoutInline {A} at (0,0) size 144x16 [color=#0000EE]
                    LayoutText {#text} at (0,64) size 144x16
                      text run at (0,64) width 144: "EXPLAIN_OBJECT Table"
                  LayoutText {#text} at (143,64) size 5x16
                    text run at (143,64) width 5: " "
                  LayoutBR {BR} at (147,77) size 1x0
                  LayoutInline {A} at (0,0) size 165x16 [color=#0000EE]
                    LayoutText {#text} at (0,80) size 165x16
                      text run at (0,80) width 165: "EXPLAIN_OPERATOR Table"
                  LayoutText {#text} at (164,80) size 5x16
                    text run at (164,80) width 5: " "
                  LayoutBR {BR} at (168,93) size 1x0
                  LayoutInline {A} at (0,0) size 166x16 [color=#0000EE]
                    LayoutText {#text} at (0,96) size 166x16
                      text run at (0,96) width 166: "EXPLAIN_PREDICATE Table"
                  LayoutText {#text} at (165,96) size 5x16
                    text run at (165,96) width 5: " "
                  LayoutBR {BR} at (169,109) size 1x0
                  LayoutInline {A} at (0,0) size 169x16 [color=#0000EE]
                    LayoutText {#text} at (0,112) size 169x16
                      text run at (0,112) width 169: "EXPLAIN_STATEMENT Table"
                  LayoutText {#text} at (168,112) size 5x16
                    text run at (168,112) width 5: " "
                  LayoutBR {BR} at (172,125) size 1x0
                  LayoutInline {A} at (0,0) size 148x16 [color=#0000EE]
                    LayoutText {#text} at (0,128) size 148x16
                      text run at (0,128) width 148: "EXPLAIN_STREAM Table"
                  LayoutText {#text} at (147,128) size 5x16
                    text run at (147,128) width 5: " "
                  LayoutBR {BR} at (151,141) size 1x0
                  LayoutInline {A} at (0,0) size 126x16 [color=#0000EE]
                    LayoutText {#text} at (0,144) size 126x16
                      text run at (0,144) width 126: "ADVISE_INDEX Table"
                  LayoutText {#text} at (125,144) size 5x16
                    text run at (125,144) width 5: " "
                  LayoutBR {BR} at (129,157) size 1x0
                  LayoutInline {A} at (0,0) size 165x16 [color=#0000EE]
                    LayoutText {#text} at (0,160) size 165x16
                      text run at (0,160) width 165: "ADVISE_WORKLOAD Table"
                  LayoutText {#text} at (164,160) size 5x16
                    text run at (164,160) width 5: " "
                  LayoutBR {BR} at (168,173) size 1x0
                  LayoutInline {A} at (0,0) size 200x16 [color=#0000EE]
                    LayoutText {#text} at (0,176) size 200x16
                      text run at (0,176) width 200: "Table Definitions for Explain Tables"
                  LayoutText {#text} at (199,176) size 5x16
                    text run at (199,176) width 5: " "
                  LayoutBR {BR} at (203,189) size 1x0
                  LayoutInline {A} at (0,0) size 224x16 [color=#0000EE]
                    LayoutText {#text} at (0,192) size 224x16
                      text run at (0,192) width 224: "EXPLAIN_ARGUMENT Table Definition"
                  LayoutText {#text} at (223,192) size 5x16
                    text run at (223,192) width 5: " "
                  LayoutBR {BR} at (227,205) size 1x0
                  LayoutInline {A} at (0,0) size 214x16 [color=#0000EE]
                    LayoutText {#text} at (0,208) size 214x16
                      text run at (0,208) width 214: "EXPLAIN_INSTANCE Table Definition"
                  LayoutText {#text} at (213,208) size 5x16
                    text run at (213,208) width 5: " "
                  LayoutBR {BR} at (217,221) size 1x0
                  LayoutInline {A} at (0,0) size 201x16 [color=#0000EE]
                    LayoutText {#text} at (0,224) size 201x16
                      text run at (0,224) width 201: "EXPLAIN_OBJECT Table Definition"
                  LayoutText {#text} at (200,224) size 5x16
                    text run at (200,224) width 5: " "
                  LayoutBR {BR} at (204,237) size 1x0
                  LayoutInline {A} at (0,0) size 222x16 [color=#0000EE]
                    LayoutText {#text} at (0,240) size 222x16
                      text run at (0,240) width 222: "EXPLAIN_OPERATOR Table Definition"
                  LayoutText {#text} at (221,240) size 5x16
                    text run at (221,240) width 5: " "
                  LayoutBR {BR} at (225,253) size 1x0
                  LayoutInline {A} at (0,0) size 223x16 [color=#0000EE]
                    LayoutText {#text} at (0,256) size 223x16
                      text run at (0,256) width 223: "EXPLAIN_PREDICATE Table Definition"
                  LayoutText {#text} at (222,256) size 5x16
                    text run at (222,256) width 5: " "
                  LayoutBR {BR} at (226,269) size 1x0
                  LayoutInline {A} at (0,0) size 226x16 [color=#0000EE]
                    LayoutText {#text} at (0,272) size 226x16
                      text run at (0,272) width 226: "EXPLAIN_STATEMENT Table Definition"
                  LayoutText {#text} at (225,272) size 5x16
                    text run at (225,272) width 5: " "
                  LayoutBR {BR} at (229,285) size 1x0
                  LayoutInline {A} at (0,0) size 205x16 [color=#0000EE]
                    LayoutText {#text} at (0,288) size 205x16
                      text run at (0,288) width 205: "EXPLAIN_STREAM Table Definition"
                  LayoutText {#text} at (204,288) size 5x16
                    text run at (204,288) width 5: " "
                  LayoutBR {BR} at (208,301) size 1x0
                  LayoutInline {A} at (0,0) size 183x16 [color=#0000EE]
                    LayoutText {#text} at (0,304) size 183x16
                      text run at (0,304) width 183: "ADVISE_INDEX Table Definition"
                  LayoutText {#text} at (182,304) size 5x16
                    text run at (182,304) width 5: " "
                  LayoutBR {BR} at (186,317) size 1x0
                  LayoutInline {A} at (0,0) size 222x16 [color=#0000EE]
                    LayoutText {#text} at (0,320) size 222x16
                      text run at (0,320) width 222: "ADVISE_WORKLOAD Table Definition"
                  LayoutText {#text} at (0,0) size 0x0
                LayoutBlockFlow {P} at (0,11027.17) size 707x16
                  LayoutInline {B} at (0,0) size 232x16
                    LayoutInline {A} at (0,0) size 232x16 [color=#0000EE]
                      LayoutText {#text} at (0,0) size 232x16
                        text run at (0,0) width 232: "Appendix L. Explain Register Values"
                  LayoutBR {BR} at (231,13) size 1x0
                LayoutBlockFlow {P} at (0,11056.17) size 707x80
                  LayoutInline {B} at (0,0) size 314x16
                    LayoutInline {A} at (0,0) size 314x16 [color=#0000EE]
                      LayoutText {#text} at (0,0) size 314x16
                        text run at (0,0) width 314: "Appendix M. Recursion Example: Bill of Materials"
                  LayoutBR {BR} at (314,13) size 0x0
                  LayoutBR {BR} at (0,16) size 0x16
                  LayoutInline {A} at (0,0) size 200x16 [color=#0000EE]
                    LayoutText {#text} at (0,32) size 200x16
                      text run at (0,32) width 200: "Example 1: Single Level Explosion"
                  LayoutText {#text} at (200,32) size 4x16
                    text run at (200,32) width 4: " "
                  LayoutBR {BR} at (204,45) size 0x0
                  LayoutInline {A} at (0,0) size 204x16 [color=#0000EE]
                    LayoutText {#text} at (0,48) size 204x16
                      text run at (0,48) width 204: "Example 2: Summarized Explosion"
                  LayoutText {#text} at (204,48) size 4x16
                    text run at (204,48) width 4: " "
                  LayoutBR {BR} at (208,61) size 0x0
                  LayoutInline {A} at (0,0) size 169x16 [color=#0000EE]
                    LayoutText {#text} at (0,64) size 169x16
                      text run at (0,64) width 169: "Example 3: Controlling Depth"
                  LayoutText {#text} at (0,0) size 0x0
                LayoutBlockFlow {P} at (0,11149.17) size 707x80
                  LayoutInline {B} at (0,0) size 191x16
                    LayoutInline {A} at (0,0) size 191x16 [color=#0000EE]
                      LayoutText {#text} at (0,0) size 191x16
                        text run at (0,0) width 191: "Appendix N. Exception Tables"
                  LayoutBR {BR} at (190,13) size 1x0
                  LayoutBR {BR} at (0,16) size 0x16
                  LayoutInline {A} at (0,0) size 217x16 [color=#0000EE]
                    LayoutText {#text} at (0,32) size 217x16
                      text run at (0,32) width 217: "Rules for Creating an Exception Table"
                  LayoutText {#text} at (216,32) size 5x16
                    text run at (216,32) width 5: " "
                  LayoutBR {BR} at (220,45) size 1x0
                  LayoutInline {A} at (0,0) size 225x16 [color=#0000EE]
                    LayoutText {#text} at (0,48) size 225x16
                      text run at (0,48) width 225: "Handling Rows in the Exception Tables"
                  LayoutText {#text} at (224,48) size 5x16
                    text run at (224,48) width 5: " "
                  LayoutBR {BR} at (228,61) size 1x0
                  LayoutInline {A} at (0,0) size 177x16 [color=#0000EE]
                    LayoutText {#text} at (0,64) size 177x16
                      text run at (0,64) width 177: "Querying the Exception Tables"
                  LayoutText {#text} at (0,0) size 0x0
                LayoutBlockFlow {P} at (0,11242.17) size 707x352
                  LayoutInline {B} at (0,0) size 428x16
                    LayoutInline {A} at (0,0) size 428x16 [color=#0000EE]
                      LayoutText {#text} at (0,0) size 428x16
                        text run at (0,0) width 428: "Appendix O. Japanese and Traditional-Chinese EUC Considerations"
                  LayoutBR {BR} at (427,13) size 1x0
                  LayoutBR {BR} at (0,16) size 0x16
                  LayoutInline {A} at (0,0) size 115x16 [color=#0000EE]
                    LayoutText {#text} at (0,32) size 115x16
                      text run at (0,32) width 115: "Language Elements"
                  LayoutText {#text} at (115,32) size 4x16
                    text run at (115,32) width 4: " "
                  LayoutBR {BR} at (119,45) size 0x0
                  LayoutInline {A} at (0,0) size 63x16 [color=#0000EE]
                    LayoutText {#text} at (0,48) size 63x16
                      text run at (0,48) width 63: "Characters"
                  LayoutText {#text} at (63,48) size 4x16
                    text run at (63,48) width 4: " "
                  LayoutBR {BR} at (67,61) size 0x0
                  LayoutInline {A} at (0,0) size 41x16 [color=#0000EE]
                    LayoutText {#text} at (0,64) size 41x16
                      text run at (0,64) width 41: "Tokens"
                  LayoutText {#text} at (40,64) size 5x16
                    text run at (40,64) width 5: " "
                  LayoutBR {BR} at (44,77) size 1x0
                  LayoutInline {A} at (0,0) size 55x16 [color=#0000EE]
                    LayoutText {#text} at (0,80) size 55x16
                      text run at (0,80) width 55: "Identifiers"
                  LayoutText {#text} at (55,80) size 4x16
                    text run at (55,80) width 4: " "
                  LayoutBR {BR} at (59,93) size 0x0
                  LayoutInline {A} at (0,0) size 66x16 [color=#0000EE]
                    LayoutText {#text} at (0,96) size 66x16
                      text run at (0,96) width 66: "Data Types"
                  LayoutText {#text} at (65,96) size 5x16
                    text run at (65,96) width 5: " "
                  LayoutBR {BR} at (69,109) size 1x0
                  LayoutInline {A} at (0,0) size 181x16 [color=#0000EE]
                    LayoutText {#text} at (0,112) size 181x16
                      text run at (0,112) width 181: "Assignments and Comparisons"
                  LayoutText {#text} at (181,112) size 4x16
                    text run at (181,112) width 4: " "
                  LayoutBR {BR} at (185,125) size 0x0
                  LayoutInline {A} at (0,0) size 162x16 [color=#0000EE]
                    LayoutText {#text} at (0,128) size 162x16
                      text run at (0,128) width 162: "Rules for Result Data Types"
                  LayoutText {#text} at (161,128) size 5x16
                    text run at (161,128) width 5: " "
                  LayoutBR {BR} at (165,141) size 1x0
                  LayoutInline {A} at (0,0) size 163x16 [color=#0000EE]
                    LayoutText {#text} at (0,144) size 163x16
                      text run at (0,144) width 163: "Rules for String Conversions"
                  LayoutText {#text} at (163,144) size 4x16
                    text run at (163,144) width 4: " "
                  LayoutBR {BR} at (167,157) size 0x0
                  LayoutInline {A} at (0,0) size 59x16 [color=#0000EE]
                    LayoutText {#text} at (0,160) size 59x16
                      text run at (0,160) width 59: "Constants"
                  LayoutText {#text} at (59,160) size 4x16
                    text run at (59,160) width 4: " "
                  LayoutBR {BR} at (63,173) size 0x0
                  LayoutInline {A} at (0,0) size 57x16 [color=#0000EE]
                    LayoutText {#text} at (0,176) size 57x16
                      text run at (0,176) width 57: "Functions"
                  LayoutText {#text} at (57,176) size 4x16
                    text run at (57,176) width 4: " "
                  LayoutBR {BR} at (61,189) size 0x0
                  LayoutInline {A} at (0,0) size 72x16 [color=#0000EE]
                    LayoutText {#text} at (0,192) size 72x16
                      text run at (0,192) width 72: "Expressions"
                  LayoutText {#text} at (72,192) size 4x16
                    text run at (72,192) width 4: " "
                  LayoutBR {BR} at (76,205) size 0x0
                  LayoutInline {A} at (0,0) size 62x16 [color=#0000EE]
                    LayoutText {#text} at (0,208) size 62x16
                      text run at (0,208) width 62: "Predicates"
                  LayoutText {#text} at (62,208) size 4x16
                    text run at (62,208) width 4: " "
                  LayoutBR {BR} at (66,221) size 0x0
                  LayoutInline {A} at (0,0) size 57x16 [color=#0000EE]
                    LayoutText {#text} at (0,224) size 57x16
                      text run at (0,224) width 57: "Functions"
                  LayoutText {#text} at (57,224) size 4x16
                    text run at (57,224) width 4: " "
                  LayoutBR {BR} at (61,237) size 0x0
                  LayoutInline {A} at (0,0) size 51x16 [color=#0000EE]
                    LayoutText {#text} at (0,240) size 51x16
                      text run at (0,240) width 51: "LENGTH"
                  LayoutText {#text} at (51,240) size 4x16
                    text run at (51,240) width 4: " "
                  LayoutBR {BR} at (55,253) size 0x0
                  LayoutInline {A} at (0,0) size 52x16 [color=#0000EE]
                    LayoutText {#text} at (0,256) size 52x16
                      text run at (0,256) width 52: "SUBSTR"
                  LayoutText {#text} at (52,256) size 4x16
                    text run at (52,256) width 4: " "
                  LayoutBR {BR} at (56,269) size 0x0
                  LayoutInline {A} at (0,0) size 75x16 [color=#0000EE]
                    LayoutText {#text} at (0,272) size 75x16
                      text run at (0,272) width 75: "TRANSLATE"
                  LayoutText {#text} at (74,272) size 5x16
                    text run at (74,272) width 5: " "
                  LayoutBR {BR} at (78,285) size 1x0
                  LayoutInline {A} at (0,0) size 85x16 [color=#0000EE]
                    LayoutText {#text} at (0,288) size 85x16
                      text run at (0,288) width 85: "VARGRAPHIC"
                  LayoutText {#text} at (84,288) size 5x16
                    text run at (84,288) width 5: " "
                  LayoutBR {BR} at (88,301) size 1x0
                  LayoutInline {A} at (0,0) size 67x16 [color=#0000EE]
                    LayoutText {#text} at (0,304) size 67x16
                      text run at (0,304) width 67: "Statements"
                  LayoutText {#text} at (67,304) size 4x16
                    text run at (67,304) width 4: " "
                  LayoutBR {BR} at (71,317) size 0x0
                  LayoutInline {A} at (0,0) size 62x16 [color=#0000EE]
                    LayoutText {#text} at (0,320) size 62x16
                      text run at (0,320) width 62: "CONNECT"
                  LayoutText {#text} at (62,320) size 4x16
                    text run at (62,320) width 4: " "
                  LayoutBR {BR} at (66,333) size 0x0
                  LayoutInline {A} at (0,0) size 63x16 [color=#0000EE]
                    LayoutText {#text} at (0,336) size 63x16
                      text run at (0,336) width 63: "PREPARE"
                  LayoutText {#text} at (0,0) size 0x0
                LayoutBlockFlow {P} at (0,11607.17) size 707x16
                  LayoutInline {B} at (0,0) size 294x16
                    LayoutInline {A} at (0,0) size 294x16 [color=#0000EE]
                      LayoutText {#text} at (0,0) size 294x16
                        text run at (0,0) width 294: "Appendix P. BNF Specifications for DATALINKs"
                  LayoutBR {BR} at (293,13) size 1x0
                LayoutBlockFlow {P} at (0,11636.17) size 707x192
                  LayoutInline {B} at (0,0) size 220x16
                    LayoutInline {A} at (0,0) size 220x16 [color=#0000EE]
                      LayoutText {#text} at (0,0) size 220x16
                        text run at (0,0) width 220: "Appendix Q. Using the DB2 Library"
                  LayoutBR {BR} at (220,13) size 0x0
                  LayoutBR {BR} at (0,16) size 0x16
                  LayoutInline {A} at (0,0) size 198x16 [color=#0000EE]
                    LayoutText {#text} at (0,32) size 198x16
                      text run at (0,32) width 198: "DB2 PDF Files and Printed Books"
                  LayoutText {#text} at (198,32) size 4x16
                    text run at (198,32) width 4: " "
                  LayoutBR {BR} at (202,45) size 0x0
                  LayoutInline {A} at (0,0) size 92x16 [color=#0000EE]
                    LayoutText {#text} at (0,48) size 92x16
                      text run at (0,48) width 92: "DB2 Information"
                  LayoutText {#text} at (92,48) size 4x16
                    text run at (92,48) width 4: " "
                  LayoutBR {BR} at (96,61) size 0x0
                  LayoutInline {A} at (0,0) size 137x16 [color=#0000EE]
                    LayoutText {#text} at (0,64) size 137x16
                      text run at (0,64) width 137: "Printing the PDF Books"
                  LayoutText {#text} at (137,64) size 4x16
                    text run at (137,64) width 4: " "
                  LayoutBR {BR} at (141,77) size 0x0
                  LayoutInline {A} at (0,0) size 157x16 [color=#0000EE]
                    LayoutText {#text} at (0,80) size 157x16
                      text run at (0,80) width 157: "Ordering the Printed Books"
                  LayoutText {#text} at (157,80) size 4x16
                    text run at (157,80) width 4: " "
                  LayoutBR {BR} at (161,93) size 0x0
                  LayoutInline {A} at (0,0) size 157x16 [color=#0000EE]
                    LayoutText {#text} at (0,96) size 157x16
                      text run at (0,96) width 157: "DB2 Online Documentation"
                  LayoutText {#text} at (157,96) size 4x16
                    text run at (157,96) width 4: " "
                  LayoutBR {BR} at (161,109) size 0x0
                  LayoutInline {A} at (0,0) size 132x16 [color=#0000EE]
                    LayoutText {#text} at (0,112) size 132x16
                      text run at (0,112) width 132: "Accessing Online Help"
                  LayoutText {#text} at (132,112) size 4x16
                    text run at (132,112) width 4: " "
                  LayoutBR {BR} at (136,125) size 0x0
                  LayoutInline {A} at (0,0) size 153x16 [color=#0000EE]
                    LayoutText {#text} at (0,128) size 153x16
                      text run at (0,128) width 153: "Viewing Information Online"
                  LayoutText {#text} at (152,128) size 5x16
                    text run at (152,128) width 5: " "
                  LayoutBR {BR} at (156,141) size 1x0
                  LayoutInline {A} at (0,0) size 114x16 [color=#0000EE]
                    LayoutText {#text} at (0,144) size 114x16
                      text run at (0,144) width 114: "Using DB2 Wizards"
                  LayoutText {#text} at (114,144) size 4x16
                    text run at (114,144) width 4: " "
                  LayoutBR {BR} at (118,157) size 0x0
                  LayoutInline {A} at (0,0) size 175x16 [color=#0000EE]
                    LayoutText {#text} at (0,160) size 175x16
                      text run at (0,160) width 175: "Setting Up a Document Server"
                  LayoutText {#text} at (175,160) size 4x16
                    text run at (175,160) width 4: " "
                  LayoutBR {BR} at (179,173) size 0x0
                  LayoutInline {A} at (0,0) size 166x16 [color=#0000EE]
                    LayoutText {#text} at (0,176) size 166x16
                      text run at (0,176) width 166: "Searching Information Online"
                  LayoutText {#text} at (0,0) size 0x0
                LayoutBlockFlow {P} at (0,11841.17) size 707x48
                  LayoutInline {B} at (0,0) size 128x16
                    LayoutInline {A} at (0,0) size 128x16 [color=#0000EE]
                      LayoutText {#text} at (0,0) size 128x16
                        text run at (0,0) width 128: "Appendix R. Notices"
                  LayoutBR {BR} at (128,13) size 0x0
                  LayoutBR {BR} at (0,16) size 0x16
                  LayoutInline {A} at (0,0) size 68x16 [color=#0000EE]
                    LayoutText {#text} at (0,32) size 68x16
                      text run at (0,32) width 68: "Trademarks"
                  LayoutText {#text} at (0,0) size 0x0
                LayoutBlockFlow {P} at (0,11902.17) size 707x16
                  LayoutInline {B} at (0,0) size 36x16
                    LayoutInline {A} at (0,0) size 36x16 [color=#0000EE]
                      LayoutText {#text} at (0,0) size 36x16
                        text run at (0,0) width 36: "Index"
                  LayoutBR {BR} at (36,13) size 0x0
                LayoutBlockFlow {P} at (0,11931.17) size 707x48
                  LayoutInline {B} at (0,0) size 96x16
                    LayoutInline {A} at (0,0) size 96x16 [color=#0000EE]
                      LayoutText {#text} at (0,0) size 96x16
                        text run at (0,0) width 96: "Contacting IBM"
                  LayoutBR {BR} at (96,13) size 0x0
                  LayoutBR {BR} at (0,16) size 0x16
                  LayoutInline {A} at (0,0) size 112x16 [color=#0000EE]
                    LayoutText {#text} at (0,32) size 112x16
                      text run at (0,32) width 112: "Product Information"
                  LayoutText {#text} at (0,0) size 0x0
                  LayoutInline {A} at (0,0) size 0x0
                  LayoutText {#text} at (0,0) size 0x0
                LayoutTable {TABLE} at (0,11992.17) size 24x27
                  LayoutTableSection {TBODY} at (0,0) size 24x27
                    LayoutTableRow {TR} at (0,2) size 24x0
                    LayoutTableRow {TR} at (0,4) size 24x21
                      LayoutTableCell {TD} at (2,4) size 9x21 [r=1 c=0 rs=1 cs=1]
                        LayoutText {#text} at (1,1) size 7x18
                          text run at (1,1) width 7: "x"
                      LayoutTableCell {TD} at (13,4) size 9x21 [r=1 c=1 rs=1 cs=1]
                        LayoutText {#text} at (1,1) size 7x18
                          text run at (1,1) width 7: "x"
              LayoutBlockFlow (anonymous) at (2,12107.34) size 707x0
                LayoutInline {FONT} at (0,0) size 0x0
