layer at (0,0) size 800x600
  LayoutView at (0,0) size 800x600
layer at (0,0) size 800x376
  LayoutBlockFlow {HTML} at (0,0) size 800x376.44
    LayoutBlockFlow {BODY} at (8,18.72) size 784x349.72
      LayoutBlockFlow {H3} at (0,0) size 784x23
        LayoutText {#text} at (0,0) size 522x22
          text run at (0,0) width 522: "SPAN attribute of COL element being ignored in Mozilla 1.0 rc1"
      LayoutBlockFlow {P} at (0,41.72) size 784x40
        LayoutText {#text} at (0,0) size 745x39
          text run at (0,0) width 745: "(Note: this is a regression bug - I don't know when it appeared, but I remember the SPAN attribute on COL elements"
          text run at (0,20) width 278: "worked fine sometime before Mozilla 0.9.6)"
      LayoutBlockFlow {P} at (0,97.72) size 784x20
        LayoutText {#text} at (0,0) size 331x19
          text run at (0,0) width 331: "The following TABLE has a COLGROUP structure of:"
      LayoutBlockFlow {PRE} at (15,133.72) size 769x64 [color=#000066]
        LayoutText {#text} at (0,0) size 216x64
          text run at (0,0) width 80: "<colgroup>"
          text run at (80,0) width 0: " "
          text run at (0,16) width 216: " <col width=\"100\" span=\"2\">"
          text run at (216,16) width 0: " "
          text run at (0,32) width 144: " <col width=\"200\">"
          text run at (144,32) width 0: " "
          text run at (0,48) width 88: "</colgroup>"
          text run at (88,48) width 0: " "
      LayoutBlockFlow {P} at (0,213.72) size 784x20
        LayoutText {#text} at (0,0) size 532x19
          text run at (0,0) width 532: "So the first two colums should both be 100px wide, and the third should be 200px wide."
      LayoutBlockFlow {P} at (0,249.72) size 784x20
        LayoutText {#text} at (0,0) size 543x19
          text run at (0,0) width 543: "However, the first column is 100px, the second is 200px, and the third is the default width."
      LayoutBlockFlow {P} at (0,285.72) size 784x20
        LayoutText {#text} at (0,0) size 362x19
          text run at (0,0) width 362: "So it would appear that the SPAN attribute is being ignored."
      LayoutTable {TABLE} at (0,321.72) size 408x28
        LayoutTableCol {COLGROUP} at (0,0) size 0x0
          LayoutTableCol {COL} at (0,0) size 0x0
          LayoutTableCol {COL} at (0,0) size 0x0
        LayoutTableSection {TBODY} at (0,0) size 408x28
          LayoutTableRow {TR} at (0,2) size 408x24
            LayoutTableCell {TD} at (2,2) size 100x24 [border: (1px solid #000000)] [r=0 c=0 rs=1 cs=1]
              LayoutText {#text} at (2,2) size 30x19
                text run at (2,2) width 30: "col 1"
            LayoutTableCell {TD} at (104,2) size 100x24 [border: (1px solid #000000)] [r=0 c=1 rs=1 cs=1]
              LayoutText {#text} at (2,2) size 30x19
                text run at (2,2) width 30: "col 2"
            LayoutTableCell {TD} at (206,2) size 200x24 [border: (1px solid #000000)] [r=0 c=2 rs=1 cs=1]
              LayoutText {#text} at (2,2) size 30x19
                text run at (2,2) width 30: "col 3"
