layer at (0,0) size 800x600
  LayoutView at (0,0) size 800x600
layer at (0,0) size 800x600
  LayoutBlockFlow {HTML} at (0,0) size 800x600
    LayoutBlockFlow {BODY} at (8,8) size 784x584
      LayoutTable {TABLE} at (0,0) size 784x584 [bgcolor=#000000] [border: (1px outset #808080)]
        LayoutTableSection {TBODY} at (1,1) size 782x582
          LayoutTableRow {TR} at (0,0) size 782x582
            LayoutTableCell {TD} at (0,0) size 782x582 [border: (1px inset #808080)] [r=0 c=0 rs=1 cs=1]
              LayoutTable {TABLE} at (11,11) size 760x560 [bgcolor=#FFA500] [border: (1px outset #808080)]
                LayoutTableSection {TBODY} at (1,1) size 758x558
                  LayoutTableRow {TR} at (0,0) size 758x558
                    LayoutTableCell {TD} at (0,0) size 758x558 [border: (1px inset #808080)] [r=0 c=0 rs=1 cs=1]
                      LayoutTable {TABLE} at (11,11) size 736x536 [bgcolor=#FF0000] [border: (1px outset #808080)]
                        LayoutTableSection {TBODY} at (1,1) size 734x534
                          LayoutTableRow {TR} at (0,0) size 734x534
                            LayoutTableCell {TD} at (0,246) size 734x42 [border: (1px inset #808080)] [r=0 c=0 rs=1 cs=1]
                              LayoutText {#text} at (11,11) size 4x19
                                text run at (11,11) width 4: " "
