layer at (0,0) size 800x600 clip at (0,0) size 785x600 scrollHeight 1596
  LayoutView at (0,0) size 800x600
layer at (0,0) size 785x1596 backgroundClip at (0,0) size 785x600 clip at (0,0) size 785x600
  LayoutBlockFlow {HTML} at (0,0) size 785x1596
    LayoutBlockFlow {BODY} at (8,8) size 769x1580
      LayoutTable {TABLE} at (0,0) size 769x75 [border: (1px solid #000000)]
        LayoutTableSection {TBODY} at (1,1) size 767x73
          LayoutTableRow {TR} at (0,2) size 767x69
            LayoutTableCell {TD} at (2,2) size 444x69 [border: (1px solid #000000)] [r=0 c=0 rs=1 cs=1]
              LayoutImage {IMG} at (2,2) size 88x64.53
              LayoutImage {IMG} at (90,2) size 88x64.53
              LayoutImage {IMG} at (178,2) size 88x64.53
              LayoutImage {IMG} at (266,2) size 88x64.53
              LayoutImage {IMG} at (354,2) size 88x64.53
            LayoutTableCell {TD} at (448,24) size 317x24 [border: (1px solid #000000)] [r=0 c=1 rs=1 cs=1]
              LayoutText {#text} at (2,2) size 148x19
                text run at (2,2) width 148: "Nothing between images"
      LayoutTable {TABLE} at (0,75) size 769x335 [border: (1px solid #000000)]
        LayoutTableSection {TBODY} at (1,1) size 767x333
          LayoutTableRow {TR} at (0,2) size 767x329
            LayoutTableCell {TD} at (2,2) size 92x329 [border: (1px solid #000000)] [r=0 c=0 rs=1 cs=1]
              LayoutImage {IMG} at (2,2) size 88x64.53
              LayoutText {#text} at (0,0) size 0x0
              LayoutImage {IMG} at (2,67) size 88x64.53
              LayoutText {#text} at (0,0) size 0x0
              LayoutImage {IMG} at (2,132) size 88x64.53
              LayoutText {#text} at (0,0) size 0x0
              LayoutImage {IMG} at (2,197) size 88x64.53
              LayoutText {#text} at (0,0) size 0x0
              LayoutImage {IMG} at (2,262) size 88x64.53
            LayoutTableCell {TD} at (96,154) size 669x24 [border: (1px solid #000000)] [r=0 c=1 rs=1 cs=1]
              LayoutText {#text} at (2,2) size 144x19
                text run at (2,2) width 144: "Spaces between images"
      LayoutTable {TABLE} at (0,410) size 769x335 [border: (1px solid #000000)]
        LayoutTableSection {TBODY} at (1,1) size 767x333
          LayoutTableRow {TR} at (0,2) size 767x329
            LayoutTableCell {TD} at (2,2) size 92x329 [border: (1px solid #000000)] [r=0 c=0 rs=1 cs=1]
              LayoutImage {IMG} at (2,2) size 88x64.53
              LayoutText {#text} at (0,0) size 0x0
              LayoutImage {IMG} at (2,67) size 88x64.53
              LayoutText {#text} at (0,0) size 0x0
              LayoutImage {IMG} at (2,132) size 88x64.53
              LayoutText {#text} at (0,0) size 0x0
              LayoutImage {IMG} at (2,197) size 88x64.53
              LayoutText {#text} at (0,0) size 0x0
              LayoutImage {IMG} at (2,262) size 88x64.53
            LayoutTableCell {TD} at (96,154) size 669x24 [border: (1px solid #000000)] [r=0 c=1 rs=1 cs=1]
              LayoutText {#text} at (2,2) size 156x19
                text run at (2,2) width 156: "Newlines between images"
      LayoutTable {TABLE} at (0,745) size 769x80 [border: (1px solid #000000)]
        LayoutTableSection {TBODY} at (1,1) size 767x78
          LayoutTableRow {TR} at (0,2) size 767x74
            LayoutTableCell {TD} at (2,2) size 587x74 [border: (1px solid #000000)] [r=0 c=0 rs=1 cs=1]
              LayoutText {#text} at (2,52) size 26x19
                text run at (2,52) width 26: "One"
              LayoutImage {IMG} at (28,2) size 88x64.53
              LayoutText {#text} at (116,52) size 27x19
                text run at (116,52) width 27: "Two"
              LayoutImage {IMG} at (142.88,2) size 88x64.53
              LayoutText {#text} at (230,52) size 36x19
                text run at (230,52) width 36: "Three"
              LayoutImage {IMG} at (265.88,2) size 88x64.53
              LayoutText {#text} at (353,52) size 30x19
                text run at (353,52) width 30: "Four"
              LayoutImage {IMG} at (382.88,2) size 88x64.53
              LayoutText {#text} at (470,52) size 27x19
                text run at (470,52) width 27: "Five"
              LayoutImage {IMG} at (496.88,2) size 88x64.53
            LayoutTableCell {TD} at (591,27) size 174x24 [border: (1px solid #000000)] [r=0 c=1 rs=1 cs=1]
              LayoutText {#text} at (2,2) size 126x19
                text run at (2,2) width 126: "Text between images"
      LayoutTable {TABLE} at (0,825) size 769x375 [border: (1px solid #000000)]
        LayoutTableSection {TBODY} at (1,1) size 767x373
          LayoutTableRow {TR} at (0,2) size 767x369
            LayoutTableCell {TD} at (2,2) size 127x369 [border: (1px solid #000000)] [r=0 c=0 rs=1 cs=1]
              LayoutText {#text} at (2,2) size 26x19
                text run at (2,2) width 26: "One"
              LayoutImage {IMG} at (2,22) size 88x64.53
              LayoutText {#text} at (90,72) size 27x19
                text run at (90,72) width 27: "Two"
              LayoutImage {IMG} at (2,92) size 88x64.53
              LayoutText {#text} at (90,142) size 35x19
                text run at (90,142) width 35: "Three"
              LayoutImage {IMG} at (2,162) size 88x64.53
              LayoutText {#text} at (90,212) size 29x19
                text run at (90,212) width 29: "Four"
              LayoutImage {IMG} at (2,232) size 88x64.53
              LayoutText {#text} at (90,282) size 26x19
                text run at (90,282) width 26: "Five"
              LayoutImage {IMG} at (2,302) size 88x64.53
            LayoutTableCell {TD} at (131,174) size 634x24 [border: (1px solid #000000)] [r=0 c=1 rs=1 cs=1]
              LayoutText {#text} at (2,2) size 200x19
                text run at (2,2) width 200: "Text with spaces between images"
      LayoutTable {TABLE} at (0,1200) size 769x380 [border: (1px solid #000000)]
        LayoutTableSection {TBODY} at (1,1) size 767x378
          LayoutTableRow {TR} at (0,2) size 767x374
            LayoutTableCell {TD} at (2,2) size 135x374 [border: (1px solid #000000)] [r=0 c=0 rs=1 cs=1]
              LayoutText {#text} at (2,2) size 26x89
                text run at (2,2) width 26: "One"
                text run at (2,72) width 11: "A"
              LayoutImage {IMG} at (13,22) size 88x64.53
              LayoutText {#text} at (101,72) size 126x89
                text run at (101,72) width 27: "Two"
                text run at (2,142) width 8: "b"
              LayoutImage {IMG} at (10,92) size 88x64.53
              LayoutText {#text} at (98,142) size 131x89
                text run at (98,142) width 35: "Three"
                text run at (2,212) width 7: "c"
              LayoutImage {IMG} at (9,162) size 88x64.53
              LayoutText {#text} at (97,212) size 124x89
                text run at (97,212) width 29: "Four"
                text run at (2,282) width 8: "d"
              LayoutImage {IMG} at (10,232) size 88x64.53
              LayoutText {#text} at (98,282) size 122x89
                text run at (98,282) width 26: "Five"
                text run at (2,352) width 7: "e"
              LayoutImage {IMG} at (9,302) size 88x64.53
            LayoutTableCell {TD} at (139,177) size 626x24 [border: (1px solid #000000)] [r=0 c=1 rs=1 cs=1]
              LayoutText {#text} at (2,2) size 287x19
                text run at (2,2) width 287: "Text with spaces and more text between images"
