layer at (0,0) size 800x600
  LayoutView at (0,0) size 800x600
layer at (0,0) size 800x42
  LayoutBlockFlow {HTML} at (0,0) size 800x42
    LayoutBlockFlow {BODY} at (8,8) size 784x26
      LayoutTable {TABLE} at (0,0) size 102x26
        LayoutTableSection {TBODY} at (0,0) size 102x26
          LayoutTableRow {TR} at (0,2) size 102x22
            LayoutTableCell {TD} at (2,2) size 28x22 [r=0 c=0 rs=1 cs=1]
              LayoutText {#text} at (1,1) size 26x19
                text run at (1,1) width 26: "One"
            LayoutTableCell {TD} at (32,2) size 29x22 [r=0 c=1 rs=1 cs=1]
              LayoutText {#text} at (1,1) size 27x19
                text run at (1,1) width 27: "Two"
            LayoutTableCell {TD} at (63,2) size 37x22 [r=0 c=2 rs=1 cs=1]
              LayoutText {#text} at (1,1) size 35x19
                text run at (1,1) width 35: "Three"
