layer at (0,0) size 800x600 clip at (0,0) size 785x600 scrollHeight 972
  LayoutView at (0,0) size 800x600
layer at (0,0) size 785x972 backgroundClip at (0,0) size 785x600 clip at (0,0) size 785x600
  LayoutBlockFlow {HTML} at (0,0) size 785x972
    LayoutBlockFlow {BODY} at (8,8) size 769x956
      LayoutBlockFlow {DIV} at (0,0) size 769x180
        LayoutBlockFlow {HR} at (0,0) size 769x2 [border: (1px inset #EEEEEE)]
        LayoutBlockFlow {P} at (0,18) size 769x20
          LayoutInline {B} at (0,0) size 325x19
            LayoutText {#text} at (222,0) size 325x19
              text run at (222,0) width 325: "Tables I, II, III, IV (cellpadding=0 cellspacing=5)"
        LayoutTable {TABLE} at (91,54) size 587x126 [bgcolor=#FFCC00] [border: (1px outset #808080)]
          LayoutTableSection {TBODY} at (1,1) size 585x124
            LayoutTableRow {TR} at (0,2) size 585x120
              LayoutTableCell {TD} at (2,2) size 154x120 [border: (1px inset #808080)] [r=0 c=0 rs=1 cs=1]
                LayoutTable {TABLE} at (6,6) size 142x108 [bgcolor=#FFFFFF] [border: (1px outset #808080)]
                  LayoutBlockFlow {CAPTION} at (0,0) size 142x20
                    LayoutInline {NOBR} at (0,0) size 42x19
                      LayoutText {#text} at (50,0) size 42x19
                        text run at (50,0) width 42: "Table I"
                  LayoutTableSection {TBODY} at (1,21) size 140x86
                    LayoutTableRow {TR} at (0,5) size 140x22
                      LayoutTableCell {TD} at (5,5) size 22x22 [border: (1px inset #808080)] [r=0 c=0 rs=1 cs=1]
                        LayoutText {#text} at (1,1) size 20x19
                          text run at (1,1) width 20: "1,1"
                      LayoutTableCell {TD} at (32,5) size 22x22 [border: (1px inset #808080)] [r=0 c=1 rs=1 cs=1]
                        LayoutText {#text} at (1,1) size 20x19
                          text run at (1,1) width 20: "1,2"
                      LayoutTableCell {TD} at (59,5) size 22x22 [border: (1px inset #808080)] [r=0 c=2 rs=1 cs=1]
                        LayoutText {#text} at (1,1) size 20x19
                          text run at (1,1) width 20: "1,3"
                      LayoutTableCell {TD} at (86,5) size 22x22 [border: (1px inset #808080)] [r=0 c=3 rs=1 cs=1]
                        LayoutText {#text} at (1,1) size 20x19
                          text run at (1,1) width 20: "1,4"
                      LayoutTableCell {TD} at (113,5) size 22x22 [border: (1px inset #808080)] [r=0 c=4 rs=1 cs=1]
                        LayoutText {#text} at (1,1) size 20x19
                          text run at (1,1) width 20: "1,5"
                    LayoutTableRow {TR} at (0,32) size 140x22
                      LayoutTableCell {TD} at (5,32) size 22x22 [border: (1px inset #808080)] [r=1 c=0 rs=1 cs=1]
                        LayoutText {#text} at (1,1) size 20x19
                          text run at (1,1) width 20: "2,1"
                      LayoutTableCell {TD} at (32,32) size 22x22 [border: (1px inset #808080)] [r=1 c=1 rs=1 cs=1]
                        LayoutText {#text} at (1,1) size 20x19
                          text run at (1,1) width 20: "2,2"
                      LayoutTableCell {TD} at (59,32) size 22x22 [border: (1px inset #808080)] [r=1 c=2 rs=1 cs=1]
                        LayoutText {#text} at (1,1) size 20x19
                          text run at (1,1) width 20: "2,3"
                      LayoutTableCell {TD} at (86,32) size 22x22 [border: (1px inset #808080)] [r=1 c=3 rs=1 cs=1]
                        LayoutText {#text} at (1,1) size 20x19
                          text run at (1,1) width 20: "2,4"
                      LayoutTableCell {TD} at (113,32) size 22x22 [border: (1px inset #808080)] [r=1 c=4 rs=1 cs=1]
                        LayoutText {#text} at (1,1) size 20x19
                          text run at (1,1) width 20: "2,5"
                    LayoutTableRow {TR} at (0,59) size 140x22
                      LayoutTableCell {TD} at (5,59) size 22x22 [border: (1px inset #808080)] [r=2 c=0 rs=1 cs=1]
                        LayoutText {#text} at (1,1) size 20x19
                          text run at (1,1) width 20: "3,1"
                      LayoutTableCell {TD} at (32,59) size 22x22 [bgcolor=#FFFF66] [border: (1px inset #808080)] [r=2 c=1 rs=1 cs=1]
                        LayoutText {#text} at (1,1) size 20x19
                          text run at (1,1) width 20: "3,2"
                      LayoutTableCell {TD} at (59,59) size 22x22 [bgcolor=#FFFF66] [border: (1px inset #808080)] [r=2 c=2 rs=1 cs=1]
                        LayoutText {#text} at (1,1) size 20x19
                          text run at (1,1) width 20: "3,3"
                      LayoutTableCell {TD} at (86,59) size 22x22 [bgcolor=#FFFF66] [border: (1px inset #808080)] [r=2 c=3 rs=1 cs=1]
                        LayoutText {#text} at (1,1) size 20x19
                          text run at (1,1) width 20: "3,4"
                      LayoutTableCell {TD} at (113,59) size 22x22 [border: (1px inset #808080)] [r=2 c=4 rs=1 cs=1]
                        LayoutText {#text} at (1,1) size 20x19
                          text run at (1,1) width 20: "3,5"
              LayoutTableCell {TD} at (158,2) size 154x120 [border: (1px inset #808080)] [r=0 c=1 rs=1 cs=1]
                LayoutTable {TABLE} at (6,6) size 142x108 [bgcolor=#FFFFFF] [border: (1px outset #808080)]
                  LayoutBlockFlow {CAPTION} at (0,0) size 142x20
                    LayoutInline {NOBR} at (0,0) size 48x19
                      LayoutText {#text} at (47,0) size 48x19
                        text run at (47,0) width 48: "Table II"
                  LayoutTableSection {TBODY} at (1,21) size 140x86
                    LayoutTableRow {TR} at (0,5) size 140x22
                      LayoutTableCell {TD} at (5,5) size 22x22 [border: (1px inset #808080)] [r=0 c=0 rs=1 cs=1]
                        LayoutText {#text} at (1,1) size 20x19
                          text run at (1,1) width 20: "1,1"
                      LayoutTableCell {TD} at (32,5) size 49x22 [border: (1px inset #808080)] [r=0 c=1 rs=1 cs=2]
                        LayoutText {#text} at (1,1) size 20x19
                          text run at (1,1) width 20: "1,2"
                      LayoutTableCell {TD} at (86,5) size 22x22 [border: (1px inset #808080)] [r=0 c=3 rs=1 cs=1]
                        LayoutText {#text} at (1,1) size 20x19
                          text run at (1,1) width 20: "1,4"
                      LayoutTableCell {TD} at (113,5) size 22x22 [border: (1px inset #808080)] [r=0 c=4 rs=1 cs=1]
                        LayoutText {#text} at (1,1) size 20x19
                          text run at (1,1) width 20: "1,5"
                    LayoutTableRow {TR} at (0,32) size 140x22
                      LayoutTableCell {TD} at (5,32) size 22x22 [border: (1px inset #808080)] [r=1 c=0 rs=1 cs=1]
                        LayoutText {#text} at (1,1) size 20x19
                          text run at (1,1) width 20: "2,1"
                      LayoutTableCell {TD} at (32,32) size 22x22 [border: (1px inset #808080)] [r=1 c=1 rs=1 cs=1]
                        LayoutText {#text} at (1,1) size 20x19
                          text run at (1,1) width 20: "2,2"
                      LayoutTableCell {TD} at (59,32) size 49x22 [border: (1px inset #808080)] [r=1 c=2 rs=1 cs=2]
                        LayoutText {#text} at (1,1) size 20x19
                          text run at (1,1) width 20: "2,3"
                      LayoutTableCell {TD} at (113,32) size 22x22 [border: (1px inset #808080)] [r=1 c=4 rs=1 cs=1]
                        LayoutText {#text} at (1,1) size 20x19
                          text run at (1,1) width 20: "2,5"
                    LayoutTableRow {TR} at (0,59) size 140x22
                      LayoutTableCell {TD} at (5,59) size 22x22 [border: (1px inset #808080)] [r=2 c=0 rs=1 cs=1]
                        LayoutText {#text} at (1,1) size 20x19
                          text run at (1,1) width 20: "3,1"
                      LayoutTableCell {TD} at (32,59) size 22x22 [bgcolor=#FFFF66] [border: (1px inset #808080)] [r=2 c=1 rs=1 cs=1]
                        LayoutText {#text} at (1,1) size 20x19
                          text run at (1,1) width 20: "3,2"
                      LayoutTableCell {TD} at (59,59) size 22x22 [bgcolor=#FFFF66] [border: (1px inset #808080)] [r=2 c=2 rs=1 cs=1]
                        LayoutText {#text} at (1,1) size 20x19
                          text run at (1,1) width 20: "3,3"
                      LayoutTableCell {TD} at (86,59) size 22x22 [bgcolor=#FFFF66] [border: (1px inset #808080)] [r=2 c=3 rs=1 cs=1]
                        LayoutText {#text} at (1,1) size 20x19
                          text run at (1,1) width 20: "3,4"
                      LayoutTableCell {TD} at (113,59) size 22x22 [border: (1px inset #808080)] [r=2 c=4 rs=1 cs=1]
                        LayoutText {#text} at (1,1) size 20x19
                          text run at (1,1) width 20: "3,5"
              LayoutTableCell {TD} at (314,2) size 134x120 [border: (1px inset #808080)] [r=0 c=2 rs=1 cs=1]
                LayoutTable {TABLE} at (6,6) size 122x108 [bgcolor=#FFFFFF] [border: (1px outset #808080)]
                  LayoutBlockFlow {CAPTION} at (0,0) size 122x20
                    LayoutInline {NOBR} at (0,0) size 52x19
                      LayoutText {#text} at (35,0) size 52x19
                        text run at (35,0) width 52: "Table III"
                  LayoutTableSection {TBODY} at (1,21) size 120x86
                    LayoutTableRow {TR} at (0,5) size 120x22
                      LayoutTableCell {TD} at (5,5) size 22x22 [border: (1px inset #808080)] [r=0 c=0 rs=1 cs=1]
                        LayoutText {#text} at (1,1) size 20x19
                          text run at (1,1) width 20: "1,1"
                      LayoutTableCell {TD} at (32,5) size 29x22 [border: (1px inset #808080)] [r=0 c=1 rs=1 cs=2]
                        LayoutText {#text} at (1,1) size 20x19
                          text run at (1,1) width 20: "1,2"
                      LayoutTableCell {TD} at (66,5) size 22x22 [border: (1px inset #808080)] [r=0 c=3 rs=1 cs=1]
                        LayoutText {#text} at (1,1) size 20x19
                          text run at (1,1) width 20: "1,4"
                      LayoutTableCell {TD} at (93,5) size 22x22 [border: (1px inset #808080)] [r=0 c=4 rs=1 cs=1]
                        LayoutText {#text} at (1,1) size 20x19
                          text run at (1,1) width 20: "1,5"
                    LayoutTableRow {TR} at (0,32) size 120x22
                      LayoutTableCell {TD} at (5,32) size 22x22 [border: (1px inset #808080)] [r=1 c=0 rs=1 cs=1]
                        LayoutText {#text} at (1,1) size 20x19
                          text run at (1,1) width 20: "2,1"
                      LayoutTableCell {TD} at (32,32) size 22x22 [border: (1px inset #808080)] [r=1 c=1 rs=1 cs=1]
                        LayoutText {#text} at (1,1) size 20x19
                          text run at (1,1) width 20: "2,2"
                      LayoutTableCell {TD} at (59,32) size 29x22 [border: (1px inset #808080)] [r=1 c=2 rs=1 cs=2]
                        LayoutText {#text} at (1,1) size 20x19
                          text run at (1,1) width 20: "2,3"
                      LayoutTableCell {TD} at (93,32) size 22x22 [border: (1px inset #808080)] [r=1 c=4 rs=1 cs=1]
                        LayoutText {#text} at (1,1) size 20x19
                          text run at (1,1) width 20: "2,5"
                    LayoutTableRow {TR} at (0,59) size 120x22
                      LayoutTableCell {TD} at (5,59) size 22x22 [border: (1px inset #808080)] [r=2 c=0 rs=1 cs=1]
                        LayoutText {#text} at (1,1) size 20x19
                          text run at (1,1) width 20: "3,1"
                      LayoutTableCell {TD} at (32,69) size 22x2 [bgcolor=#FFFF66] [border: (1px inset #808080)] [r=2 c=1 rs=1 cs=1]
                      LayoutTableCell {TD} at (59,69) size 2x2 [bgcolor=#FFFF66] [border: (1px inset #808080)] [r=2 c=2 rs=1 cs=1]
                      LayoutTableCell {TD} at (66,69) size 22x2 [bgcolor=#FFFF66] [border: (1px inset #808080)] [r=2 c=3 rs=1 cs=1]
                      LayoutTableCell {TD} at (93,59) size 22x22 [border: (1px inset #808080)] [r=2 c=4 rs=1 cs=1]
                        LayoutText {#text} at (1,1) size 20x19
                          text run at (1,1) width 20: "3,5"
              LayoutTableCell {TD} at (450,2) size 133x93 [border: (1px inset #808080)] [r=0 c=3 rs=1 cs=1]
                LayoutTable {TABLE} at (6,6) size 121x81 [bgcolor=#FFFFFF] [border: (1px outset #808080)]
                  LayoutBlockFlow {CAPTION} at (0,0) size 121x20
                    LayoutInline {NOBR} at (0,0) size 53x19
                      LayoutText {#text} at (34,0) size 53x19
                        text run at (34,0) width 53: "Table IV"
                  LayoutTableSection {TBODY} at (1,21) size 119x59
                    LayoutTableRow {TR} at (0,5) size 119x22
                      LayoutTableCell {TD} at (5,5) size 22x22 [border: (1px inset #808080)] [r=0 c=0 rs=1 cs=1]
                        LayoutText {#text} at (1,1) size 20x19
                          text run at (1,1) width 20: "1,1"
                      LayoutTableCell {TD} at (32,5) size 28x22 [border: (1px inset #808080)] [r=0 c=1 rs=1 cs=2]
                        LayoutText {#text} at (1,1) size 20x19
                          text run at (1,1) width 20: "1,2"
                      LayoutTableCell {TD} at (65,5) size 22x22 [border: (1px inset #808080)] [r=0 c=3 rs=1 cs=1]
                        LayoutText {#text} at (1,1) size 20x19
                          text run at (1,1) width 20: "1,4"
                      LayoutTableCell {TD} at (92,5) size 22x22 [border: (1px inset #808080)] [r=0 c=4 rs=1 cs=1]
                        LayoutText {#text} at (1,1) size 20x19
                          text run at (1,1) width 20: "1,5"
                    LayoutTableRow {TR} at (0,32) size 119x22
                      LayoutTableCell {TD} at (5,32) size 22x22 [border: (1px inset #808080)] [r=1 c=0 rs=1 cs=1]
                        LayoutText {#text} at (1,1) size 20x19
                          text run at (1,1) width 20: "2,1"
                      LayoutTableCell {TD} at (32,32) size 22x22 [border: (1px inset #808080)] [r=1 c=1 rs=1 cs=1]
                        LayoutText {#text} at (1,1) size 20x19
                          text run at (1,1) width 20: "2,2"
                      LayoutTableCell {TD} at (59,32) size 28x22 [border: (1px inset #808080)] [r=1 c=2 rs=1 cs=2]
                        LayoutText {#text} at (1,1) size 20x19
                          text run at (1,1) width 20: "2,3"
                      LayoutTableCell {TD} at (92,32) size 22x22 [border: (1px inset #808080)] [r=1 c=4 rs=1 cs=1]
                        LayoutText {#text} at (1,1) size 20x19
                          text run at (1,1) width 20: "2,5"
      LayoutBlockFlow (anonymous) at (0,180) size 769x20
        LayoutBR {BR} at (0,0) size 0x19
      LayoutBlockFlow {P} at (0,216) size 769x100
        LayoutText {#text} at (0,0) size 767x99
          text run at (0,0) width 304: "This is a table colspan counting problem (IMHO). "
          text run at (304,0) width 443: "The oversize <TABLE> has two rows: one has *two* <TD> \"requesting\""
          text run at (0,20) width 760: "total of 3 columns to span; second row has *one* <TD> \"requesting\" total of 3 columns to span. In other words, it's asking for"
          text run at (0,40) width 397: "one more column than the max number of 'real' elements in a row. "
          text run at (396,40) width 371: "Here's the simple case (first one shows the problem; the other"
          text run at (0,60) width 68: "adjusts the "
          text run at (68,60) width 446: "colspan values and it works) (Dec 19 Nightly Win 95): All the elements in "
          text run at (513,60) width 252: "the two tables below are width=auto (i.e.,"
          text run at (0,80) width 171: "no width attribute specified)."
      LayoutBlockFlow (anonymous) at (0,332) size 769x20
        LayoutBR {BR} at (0,0) size 0x19
      LayoutTable {TABLE} at (0,352) size 623x58 [border: (1px outset #808080)]
        LayoutTableSection {TBODY} at (1,1) size 621x56
          LayoutTableRow {TR} at (0,0) size 621x28
            LayoutTableCell {TD} at (0,0) size 244x28 [border: (1px inset #808080)] [r=0 c=0 rs=1 cs=2]
              LayoutBlockFlow {P} at (4,4) size 236x20
                LayoutInline {B} at (0,0) size 115x19
                  LayoutText {#text} at (0,0) size 115x19
                    text run at (0,0) width 115: "This is colspan=2"
            LayoutTableCell {TD} at (244,0) size 377x28 [border: (1px inset #808080)] [r=0 c=2 rs=1 cs=1]
              LayoutText {#text} at (4,4) size 182x19
                text run at (4,4) width 182: "Blah Blah Blah Blah Blah Blah"
          LayoutTableRow {TR} at (0,28) size 621x28
            LayoutTableCell {TD} at (0,28) size 621x28 [border: (1px inset #808080)] [r=1 c=0 rs=1 cs=3]
              LayoutBlockFlow {P} at (4,4) size 613x20
                LayoutInline {B} at (0,0) size 115x19
                  LayoutText {#text} at (0,0) size 115x19
                    text run at (0,0) width 115: "This is colspan=3"
                LayoutText {#text} at (115,0) size 498x19
                  text run at (115,0) width 149: " blah blah blah blah blah "
                  text run at (264,0) width 349: "--- why doesn't this cell span the table (5.0 win95 jun17)?"
      LayoutBlockFlow (anonymous) at (0,410) size 769x40
        LayoutBR {BR} at (0,0) size 0x19
        LayoutBR {BR} at (0,20) size 0x19
      LayoutTable {TABLE} at (0,450) size 493x58 [border: (1px outset #808080)]
        LayoutTableSection {TBODY} at (1,1) size 491x56
          LayoutTableRow {TR} at (0,0) size 491x28
            LayoutTableCell {TD} at (0,0) size 192x28 [border: (1px inset #808080)] [r=0 c=0 rs=1 cs=1]
              LayoutBlockFlow {P} at (4,4) size 184x20
                LayoutInline {B} at (0,0) size 115x19
                  LayoutText {#text} at (0,0) size 115x19
                    text run at (0,0) width 115: "This is colspan=1"
            LayoutTableCell {TD} at (192,0) size 299x28 [border: (1px inset #808080)] [r=0 c=1 rs=1 cs=1]
              LayoutText {#text} at (4,4) size 182x19
                text run at (4,4) width 182: "Blah Blah Blah Blah Blah Blah"
          LayoutTableRow {TR} at (0,28) size 491x28
            LayoutTableCell {TD} at (0,28) size 491x28 [border: (1px inset #808080)] [r=1 c=0 rs=1 cs=2]
              LayoutBlockFlow {P} at (4,4) size 483x20
                LayoutInline {B} at (0,0) size 115x19
                  LayoutText {#text} at (0,0) size 115x19
                    text run at (0,0) width 115: "This is colspan=2"
                LayoutText {#text} at (115,0) size 368x19
                  text run at (115,0) width 149: " blah blah blah blah blah "
                  text run at (264,0) width 219: "--- this cell spans the table correctly."
      LayoutBlockFlow (anonymous) at (0,508) size 769x20
        LayoutBR {BR} at (0,0) size 0x19
      LayoutBlockFlow {P} at (0,544) size 769x20
        LayoutText {#text} at (0,0) size 223x19
          text run at (0,0) width 223: "Here's the test case from bug #2645."
      LayoutBlockFlow {P} at (0,580) size 769x60
        LayoutText {#text} at (0,0) size 767x59
          text run at (0,0) width 516: "This test case (below) is derived from home.netscape.com (although not much is left). "
          text run at (516,0) width 251: "[This was the table structure for \"Autos ..."
          text run at (0,20) width 759: "Local ...\" and the right-hand column (\"ABCNews.com...\"); added an extra column to differentiate this example a bit more from"
          text run at (0,40) width 94: "the one above]."
      LayoutBlockFlow {P} at (0,656) size 769x80
        LayoutText {#text} at (0,0) size 767x79
          text run at (0,0) width 462: "The basic problem is \"competing colspan requests\". The table has two rows, "
          text run at (462,0) width 305: "both of which have COLSPAN requests. They are"
          text run at (0,20) width 202: "both asking for one more column "
          text run at (202,20) width 519: "than the max number of 'real' elements in either row (i.e., both ask for total of 5 but the"
          text run at (0,40) width 421: "maximum number of TD in either row is 4). This seems to confuse the "
          text run at (421,40) width 333: "algorithm. ;) (Note: all the column elements in these two"
          text run at (0,60) width 349: "tables are width=fixed except the TD with colspan=(4|3))."
      LayoutTable {TABLE} at (0,752) size 680x56 [border: (1px outset #808080)]
        LayoutTableSection {TBODY} at (1,1) size 678x54
          LayoutTableRow {TR} at (0,2) size 678x24
            LayoutTableCell {TD} at (2,2) size 84x24 [border: (1px inset #808080)] [r=0 c=0 rs=1 cs=1]
              LayoutText {#text} at (2,2) size 7x19
                text run at (2,2) width 7: "x"
            LayoutTableCell {TD} at (88,2) size 353x24 [border: (1px inset #808080)] [r=0 c=1 rs=1 cs=2]
              LayoutText {#text} at (2,2) size 97x19
                text run at (2,2) width 97: "this (colspan=2)"
            LayoutTableCell {TD} at (443,2) size 29x24 [bgcolor=#99CCCC] [border: (1px inset #808080)] [r=0 c=3 rs=1 cs=1]
              LayoutText {#text} at (2,2) size 25x19
                text run at (2,2) width 25: "blue"
            LayoutTableCell {TD} at (474,2) size 202x24 [border: (1px inset #808080)] [r=0 c=4 rs=1 cs=1]
              LayoutText {#text} at (2,2) size 22x19
                text run at (2,2) width 22: "that"
          LayoutTableRow {TR} at (0,28) size 678x24
            LayoutTableCell {TD} at (2,28) size 84x24 [border: (1px inset #808080)] [r=1 c=0 rs=1 cs=1]
              LayoutText {#text} at (2,2) size 7x19
                text run at (2,2) width 7: "x"
            LayoutTableCell {TD} at (88,28) size 588x24 [bgcolor=#99CCCC] [border: (1px inset #808080)] [r=1 c=1 rs=1 cs=4]
              LayoutText {#text} at (2,2) size 316x19
                text run at (2,2) width 316: "blue (colspan=4) --- doesn't span (5.0 win95 jun17)"
      LayoutBlockFlow (anonymous) at (0,808) size 769x20
        LayoutBR {BR} at (0,0) size 0x19
      LayoutBlockFlow {P} at (0,844) size 769x20
        LayoutText {#text} at (0,0) size 409x19
          text run at (0,0) width 409: "Here's the same table but the 'colspan' values have been normalized."
      LayoutTable {TABLE} at (0,880) size 680x56 [border: (1px outset #808080)]
        LayoutTableSection {TBODY} at (1,1) size 678x54
          LayoutTableRow {TR} at (0,2) size 678x24
            LayoutTableCell {TD} at (2,2) size 77x24 [border: (1px inset #808080)] [r=0 c=0 rs=1 cs=1]
              LayoutText {#text} at (2,2) size 7x19
                text run at (2,2) width 7: "x"
            LayoutTableCell {TD} at (81,2) size 375x24 [border: (1px inset #808080)] [r=0 c=1 rs=1 cs=1]
              LayoutText {#text} at (2,2) size 97x19
                text run at (2,2) width 97: "this (colspan=1)"
            LayoutTableCell {TD} at (458,2) size 29x24 [bgcolor=#99CCCC] [border: (1px inset #808080)] [r=0 c=2 rs=1 cs=1]
              LayoutText {#text} at (2,2) size 25x19
                text run at (2,2) width 25: "blue"
            LayoutTableCell {TD} at (489,2) size 187x24 [border: (1px inset #808080)] [r=0 c=3 rs=1 cs=1]
              LayoutText {#text} at (2,2) size 22x19
                text run at (2,2) width 22: "that"
          LayoutTableRow {TR} at (0,28) size 678x24
            LayoutTableCell {TD} at (2,28) size 77x24 [border: (1px inset #808080)] [r=1 c=0 rs=1 cs=1]
              LayoutText {#text} at (2,2) size 7x19
                text run at (2,2) width 7: "x"
            LayoutTableCell {TD} at (81,28) size 595x24 [bgcolor=#99CCCC] [border: (1px inset #808080)] [r=1 c=1 rs=1 cs=3]
              LayoutText {#text} at (2,2) size 219x19
                text run at (2,2) width 219: "blue (colspan=3) --- spans correctly"
      LayoutBlockFlow (anonymous) at (0,936) size 769x20
        LayoutBR {BR} at (0,0) size 0x19
