layer at (0,0) size 800x600
  LayoutView at (0,0) size 800x600
layer at (0,0) size 800x600
  LayoutBlockFlow {HTML} at (0,0) size 800x600
    LayoutBlockFlow {BODY} at (8,8) size 784x584
      LayoutBlockFlow {CENTER} at (0,0) size 784x371
        LayoutTable {TABLE} at (0,0) size 784x371
          LayoutTableSection {TBODY} at (0,0) size 784x371
            LayoutTableRow {TR} at (0,0) size 784x70
              LayoutTableCell {TD} at (0,7) size 784x54.91 [r=0 c=0 rs=1 cs=1]
                LayoutBlockFlow {H2} at (0,0) size 784x35
                  LayoutInline {FONT} at (0,0) size 102x35
                    LayoutText {#text} at (341,0) size 102x35
                      text run at (341,0) width 102: "EET 304"
            LayoutTableRow {TR} at (0,70) size 784x22
              LayoutTableCell {TD} at (0,72) size 784x18 [r=1 c=0 rs=1 cs=1]
                LayoutBlockFlow {P} at (0,0) size 784x18
                  LayoutInline {FONT} at (0,0) size 34x18
                    LayoutInline {A} at (0,0) size 34x18 [color=#0000EE]
                      LayoutText {#text} at (375,0) size 34x18
                        text run at (375,0) width 34: "Home"
            LayoutTableRow {TR} at (0,92) size 784x31
              LayoutTableCell {TD} at (0,98) size 784x18 [r=2 c=0 rs=1 cs=1]
                LayoutInline {A} at (0,0) size 118x19 [color=#0000EE]
                  LayoutInline {FONT} at (0,0) size 118x18
                    LayoutText {#text} at (333,0) size 118x18
                      text run at (333,0) width 118: "Course Information"
            LayoutTableRow {TR} at (0,123) size 784x31
              LayoutTableCell {TD} at (0,129) size 784x18 [r=3 c=0 rs=1 cs=1]
                LayoutInline {A} at (0,0) size 46x19 [color=#0000EE]
                  LayoutInline {FONT} at (0,0) size 46x18
                    LayoutText {#text} at (369,0) size 46x18
                      text run at (369,0) width 46: "Lecture"
            LayoutTableRow {TR} at (0,154) size 784x31
              LayoutTableCell {TD} at (0,160) size 784x18 [r=4 c=0 rs=1 cs=1]
                LayoutInline {A} at (0,0) size 0x0 [color=#0000EE]
                  LayoutInline {FONT} at (0,0) size 0x0
                LayoutInline {A} at (0,0) size 64x19 [color=#0000EE]
                  LayoutInline {FONT} at (0,0) size 64x18
                    LayoutText {#text} at (360,0) size 64x18
                      text run at (360,0) width 64: "Homework"
            LayoutTableRow {TR} at (0,185) size 784x31
              LayoutTableCell {TD} at (0,191) size 784x18 [r=5 c=0 rs=1 cs=1]
                LayoutInline {A} at (0,0) size 50x19 [color=#0000EE]
                  LayoutInline {FONT} at (0,0) size 50x18
                    LayoutText {#text} at (367,0) size 50x18
                      text run at (367,0) width 50: "Quizzes"
            LayoutTableRow {TR} at (0,216) size 784x31
              LayoutTableCell {TD} at (0,222) size 784x18 [r=6 c=0 rs=1 cs=1]
                LayoutInline {FONT} at (0,0) size 38x18 [color=#0000FF]
                  LayoutInline {A} at (0,0) size 38x18 [color=#0000EE]
                    LayoutText {#text} at (373,0) size 38x18
                      text run at (373,0) width 38: "Exams"
            LayoutTableRow {TR} at (0,247) size 784x31
              LayoutTableCell {TD} at (0,253) size 784x18 [r=7 c=0 rs=1 cs=1]
                LayoutInline {A} at (0,0) size 0x0 [color=#0000EE]
                  LayoutInline {FONT} at (0,0) size 0x0
                LayoutInline {A} at (0,0) size 68x19 [color=#0000EE]
                  LayoutInline {FONT} at (0,0) size 68x18
                    LayoutText {#text} at (358,0) size 23x18
                      text run at (358,0) width 23: "Lab"
                    LayoutInline {U} at (0,0) size 46x18
                      LayoutText {#text} at (380,0) size 46x18
                        text run at (380,0) width 46: "oratory"
            LayoutTableRow {TR} at (0,278) size 784x31
              LayoutTableCell {TD} at (0,284) size 784x18 [r=8 c=0 rs=1 cs=1]
                LayoutInline {A} at (0,0) size 44x19 [color=#0000EE]
                  LayoutInline {U} at (0,0) size 44x19
                    LayoutInline {FONT} at (0,0) size 44x18
                      LayoutText {#text} at (370,0) size 44x18
                        text run at (370,0) width 44: "Grades"
            LayoutTableRow {TR} at (0,309) size 784x31
              LayoutTableCell {TD} at (0,315) size 784x18 [r=9 c=0 rs=1 cs=1]
                LayoutInline {FONT} at (0,0) size 78x18
                  LayoutInline {A} at (0,0) size 78x18 [color=#0000EE]
                    LayoutText {#text} at (353,0) size 78x18
                      text run at (353,0) width 38: "Filter "
                      text run at (391,0) width 40: "Design"
            LayoutTableRow {TR} at (0,340) size 784x31
              LayoutTableCell {TD} at (0,346) size 784x18 [r=10 c=0 rs=1 cs=1]
                LayoutInline {FONT} at (0,0) size 82x18
                  LayoutInline {U} at (0,0) size 82x18
                    LayoutInline {A} at (0,0) size 82x18 [color=#0000EE]
                      LayoutText {#text} at (351,0) size 82x18
                        text run at (351,0) width 46: "Office "
                        text run at (397,0) width 36: "Hours"
