layer at (0,0) size 800x600
  LayoutView at (0,0) size 800x600
layer at (0,0) size 800x377
  LayoutBlockFlow {HTML} at (0,0) size 800x377.06
    LayoutBlockFlow {BODY} at (8,21.27) size 784x339.80
      LayoutBlockFlow {H4} at (0,0) size 784x20
        LayoutText {#text} at (0,0) size 45x19
          text run at (0,0) width 45: "table 1"
      LayoutTable {TABLE} at (0,41.27) size 160x82 [border: (1px outset #808080)]
        LayoutTableSection {TBODY} at (1,1) size 158x80
          LayoutTableRow {TR} at (0,2) size 158x24
            LayoutTableCell {TD} at (2,2) size 24x24 [border: (1px inset #808080)] [r=0 c=0 rs=1 cs=1]
              LayoutText {#text} at (2,2) size 20x19
                text run at (2,2) width 20: "1.1"
            LayoutTableCell {TD} at (28,15) size 24x24 [border: (1px inset #808080)] [r=0 c=1 rs=2 cs=1]
              LayoutText {#text} at (2,2) size 20x19
                text run at (2,2) width 20: "1.2"
            LayoutTableCell {TD} at (54,2) size 24x24 [border: (1px inset #808080)] [r=0 c=2 rs=1 cs=1]
              LayoutText {#text} at (2,2) size 20x19
                text run at (2,2) width 20: "1.3"
            LayoutTableCell {TD} at (80,2) size 24x24 [border: (1px inset #808080)] [r=0 c=3 rs=1 cs=1]
              LayoutText {#text} at (2,2) size 20x19
                text run at (2,2) width 20: "1.4"
            LayoutTableCell {TD} at (106,15) size 24x24 [border: (1px inset #808080)] [r=0 c=4 rs=2 cs=1]
              LayoutText {#text} at (2,2) size 20x19
                text run at (2,2) width 20: "1.5"
            LayoutTableCell {TD} at (132,15) size 24x24 [border: (1px inset #808080)] [r=0 c=5 rs=2 cs=1]
              LayoutText {#text} at (2,2) size 20x19
                text run at (2,2) width 20: "1.6"
          LayoutTableRow {TR} at (0,28) size 158x24
            LayoutTableCell {TD} at (2,28) size 128x24 [border: (1px inset #808080)] [r=1 c=0 rs=1 cs=5]
              LayoutText {#text} at (54,2) size 20x19
                text run at (54,2) width 20: "2.1"
          LayoutTableRow {TR} at (0,54) size 158x24
            LayoutTableCell {TD} at (2,54) size 24x24 [border: (1px inset #808080)] [r=2 c=0 rs=1 cs=1]
              LayoutText {#text} at (2,2) size 20x19
                text run at (2,2) width 20: "3.1"
            LayoutTableCell {TD} at (28,54) size 24x24 [border: (1px inset #808080)] [r=2 c=1 rs=1 cs=1]
              LayoutText {#text} at (2,2) size 20x19
                text run at (2,2) width 20: "3.2"
            LayoutTableCell {TD} at (54,54) size 24x24 [border: (1px inset #808080)] [r=2 c=2 rs=1 cs=1]
              LayoutText {#text} at (2,2) size 20x19
                text run at (2,2) width 20: "3.3"
            LayoutTableCell {TD} at (80,54) size 24x24 [border: (1px inset #808080)] [r=2 c=3 rs=1 cs=1]
              LayoutText {#text} at (2,2) size 20x19
                text run at (2,2) width 20: "3.4"
            LayoutTableCell {TD} at (106,54) size 24x24 [border: (1px inset #808080)] [r=2 c=4 rs=1 cs=1]
              LayoutText {#text} at (2,2) size 20x19
                text run at (2,2) width 20: "3.5"
            LayoutTableCell {TD} at (132,54) size 24x24 [border: (1px inset #808080)] [r=2 c=5 rs=1 cs=1]
              LayoutText {#text} at (2,2) size 20x19
                text run at (2,2) width 20: "3.6"
      LayoutBlockFlow {P} at (0,139.27) size 784x20
        LayoutText {#text} at (0,0) size 151x19
          text run at (0,0) width 151: "cell 1.5 has rowspan=\"2\""
      LayoutBlockFlow {H4} at (0,180.53) size 784x20
        LayoutText {#text} at (0,0) size 45x19
          text run at (0,0) width 45: "table 2"
      LayoutTable {TABLE} at (0,221.80) size 160x82 [border: (1px outset #808080)]
        LayoutTableSection {TBODY} at (1,1) size 158x80
          LayoutTableRow {TR} at (0,2) size 158x24
            LayoutTableCell {TD} at (2,2) size 24x24 [border: (1px inset #808080)] [r=0 c=0 rs=1 cs=1]
              LayoutText {#text} at (2,2) size 20x19
                text run at (2,2) width 20: "1.1"
            LayoutTableCell {TD} at (28,15) size 24x24 [border: (1px inset #808080)] [r=0 c=1 rs=2 cs=1]
              LayoutText {#text} at (2,2) size 20x19
                text run at (2,2) width 20: "1.2"
            LayoutTableCell {TD} at (54,2) size 24x24 [border: (1px inset #808080)] [r=0 c=2 rs=1 cs=1]
              LayoutText {#text} at (2,2) size 20x19
                text run at (2,2) width 20: "1.3"
            LayoutTableCell {TD} at (80,2) size 24x24 [border: (1px inset #808080)] [r=0 c=3 rs=1 cs=1]
              LayoutText {#text} at (2,2) size 20x19
                text run at (2,2) width 20: "1.4"
            LayoutTableCell {TD} at (106,15) size 50x24 [border: (1px inset #808080)] [r=0 c=4 rs=2 cs=2]
              LayoutText {#text} at (15,2) size 20x19
                text run at (15,2) width 20: "1.5"
          LayoutTableRow {TR} at (0,28) size 158x24
            LayoutTableCell {TD} at (2,28) size 128x24 [border: (1px inset #808080)] [r=1 c=0 rs=1 cs=5]
              LayoutText {#text} at (54,2) size 20x19
                text run at (54,2) width 20: "2.1"
          LayoutTableRow {TR} at (0,54) size 158x24
            LayoutTableCell {TD} at (2,54) size 24x24 [border: (1px inset #808080)] [r=2 c=0 rs=1 cs=1]
              LayoutText {#text} at (2,2) size 20x19
                text run at (2,2) width 20: "3.1"
            LayoutTableCell {TD} at (28,54) size 24x24 [border: (1px inset #808080)] [r=2 c=1 rs=1 cs=1]
              LayoutText {#text} at (2,2) size 20x19
                text run at (2,2) width 20: "3.2"
            LayoutTableCell {TD} at (54,54) size 24x24 [border: (1px inset #808080)] [r=2 c=2 rs=1 cs=1]
              LayoutText {#text} at (2,2) size 20x19
                text run at (2,2) width 20: "3.3"
            LayoutTableCell {TD} at (80,54) size 24x24 [border: (1px inset #808080)] [r=2 c=3 rs=1 cs=1]
              LayoutText {#text} at (2,2) size 20x19
                text run at (2,2) width 20: "3.4"
            LayoutTableCell {TD} at (106,54) size 24x24 [border: (1px inset #808080)] [r=2 c=4 rs=1 cs=1]
              LayoutText {#text} at (2,2) size 20x19
                text run at (2,2) width 20: "3.5"
            LayoutTableCell {TD} at (132,54) size 24x24 [border: (1px inset #808080)] [r=2 c=5 rs=1 cs=1]
              LayoutText {#text} at (2,2) size 20x19
                text run at (2,2) width 20: "3.6"
      LayoutBlockFlow {P} at (0,319.80) size 784x20
        LayoutText {#text} at (0,0) size 228x19
          text run at (0,0) width 228: "cell 1.5 has colspan=\"2\" rowspan=\"2\""
