layer at (0,0) size 800x600
  LayoutView at (0,0) size 800x600
layer at (0,0) size 800x600
  LayoutBlockFlow {HTML} at (0,0) size 800x600
    LayoutBlockFlow {BODY} at (8,8) size 784x584
      LayoutTable (floating) {TABLE} at (310,0) size 474x48 [bgcolor=#000000] [border: (5px outset #808080)]
        LayoutTableSection {TBODY} at (5,5) size 464x38
          LayoutTableRow {TR} at (0,0) size 464x38
            LayoutTableCell {TD} at (0,0) size 464x38 [border: (1px inset #808080)] [r=0 c=0 rs=1 cs=1]
              LayoutTable {TABLE} at (2,2) size 460x34 [border: (5px outset #808080)]
                LayoutTableSection {TBODY} at (5,5) size 450x24
                  LayoutTableRow {TR} at (0,0) size 450x24
                    LayoutTableCell {TD} at (0,0) size 450x24 [bgcolor=#FFFFCC] [border: (1px inset #808080)] [r=0 c=0 rs=1 cs=1]
                      LayoutText {#text} at (2,2) size 446x19
                        text run at (2,2) width 446: "xxxxxxxxxxxxxxxxxxxxxxxxxxxxxxxxxxxxxxxxxxxxxxxxxxxxxxxxxxxxxxQ"
