layer at (0,0) size 800x600
  LayoutView at (0,0) size 800x600
layer at (0,0) size 800x600
  LayoutBlockFlow {HTML} at (0,0) size 800x600
    LayoutBlockFlow {BODY} at (8,8) size 784x584
      LayoutTable {TABLE} at (0,0) size 784x88 [bgcolor=#FFFF00] [border: (1px outset #808080)]
        LayoutTableSection {TBODY} at (1,1) size 782x86
          LayoutTableRow {TR} at (0,0) size 782x86
            LayoutTableCell {TD} at (0,31) size 74x24 [bgcolor=#FF0000] [border: (1px inset #808080)] [r=0 c=0 rs=1 cs=1]
              LayoutText {#text} at (26,2) size 22x19
                text run at (26,2) width 22: "xxx"
            LayoutTableCell {TD} at (74,0) size 634x86 [border: (1px inset #808080)] [r=0 c=1 rs=1 cs=1]
              LayoutTable {TABLE} at (2,2) size 630x26 [bgcolor=#00FF00] [border: (1px outset #808080)]
                LayoutTableSection {TBODY} at (1,1) size 628x24
                  LayoutTableRow {TR} at (0,0) size 628x24
                    LayoutTableCell {TH} at (0,0) size 628x24 [border: (1px inset #808080)] [r=0 c=0 rs=1 cs=1]
                      LayoutText {#text} at (168,2) size 292x19
                        text run at (168,2) width 292: "IceWM, The Window Manager Cool As Ice"
              LayoutBlockFlow {P} at (2,44) size 630x40
                LayoutText {#text} at (0,0) size 344x19
                  text run at (0,0) width 344: "IceWM is a small, but powerful window manager for the "
                LayoutInline {A} at (0,0) size 130x19 [color=#0000EE]
                  LayoutText {#text} at (344,0) size 130x19
                    text run at (344,0) width 130: "X11 Window System"
                LayoutText {#text} at (473,0) size 629x39
                  text run at (473,0) width 156: " whose main goals are the"
                  text run at (0,20) width 57: "following:"
            LayoutTableCell {TD} at (708,31) size 74x24 [bgcolor=#0000FF] [border: (1px inset #808080)] [r=0 c=2 rs=1 cs=1]
              LayoutText {#text} at (26,2) size 22x19
                text run at (26,2) width 22: "yyy"
