layer at (0,0) size 800x600
  LayoutView at (0,0) size 800x600
layer at (0,0) size 800x600
  LayoutBlockFlow {HTML} at (0,0) size 800x600
    LayoutBlockFlow {BODY} at (8,8) size 784x584
      LayoutTable {TABLE} at (0,0) size 241x30
        LayoutTableSection {TBODY} at (0,0) size 241x30
          LayoutTableRow {TR} at (0,2) size 241x22
            LayoutTableCell {TD} at (2,2) size 237x22 [r=0 c=0 rs=1 cs=1]
              LayoutText {#text} at (1,1) size 235x19
                text run at (1,1) width 235: "Really sorry about the server yesterday"
          LayoutTableRow {TR} at (0,26) size 241x2
            LayoutTableCell {TD} at (2,26) size 237x2 [r=1 c=0 rs=1 cs=1]
