layer at (0,0) size 800x600
  LayoutView at (0,0) size 800x600
layer at (0,0) size 800x600
  LayoutBlockFlow {HTML} at (0,0) size 800x600
    LayoutBlockFlow {BODY} at (8,8) size 784x584 [bgcolor=#FFFFFF]
      LayoutTable {TABLE} at (0,0) size 0x0
      LayoutTable {TABLE} at (0,0) size 640x26
        LayoutTableSection {TBODY} at (0,0) size 640x26
          LayoutTableRow {TR} at (0,2) size 640x22
            LayoutTableCell {TD} at (2,2) size 112x10 [r=0 c=0 rs=1 cs=1]
              LayoutTable {TABLE} at (1,1) size 8x8
                LayoutTableSection {TBODY} at (0,0) size 8x8
                  LayoutTableRow {TR} at (0,0) size 8x8
                    LayoutTableCell {TD} at (0,0) size 8x8 [r=0 c=0 rs=1 cs=1]
            LayoutTableCell {TD} at (116,12) size 2x2 [r=0 c=1 rs=1 cs=1]
            LayoutTableCell {TD} at (120,12) size 2x2 [r=0 c=2 rs=1 cs=1]
            LayoutTableCell {TD} at (124,12) size 2x2 [r=0 c=3 rs=1 cs=1]
            LayoutTableCell {TD} at (128,12) size 2x2 [r=0 c=4 rs=1 cs=1]
            LayoutTableCell {TD} at (132,12) size 2x2 [r=0 c=5 rs=1 cs=1]
            LayoutTableCell {TD} at (136,2) size 502x22 [r=0 c=6 rs=1 cs=1]
              LayoutText {#text} at (1,1) size 21x19
                text run at (1,1) width 21: "bull"
