layer at (0,0) size 800x600
  LayoutView at (0,0) size 800x600
layer at (0,0) size 800x600
  LayoutBlockFlow {HTML} at (0,0) size 800x600
    LayoutBlockFlow {BODY} at (8,8) size 784x584 [bgcolor=#FFFFFF]
      LayoutTable {TABLE} at (0,0) size 468x108
        LayoutTableSection {TBODY} at (0,0) size 468x108
          LayoutTableRow {TR} at (0,0) size 468x1
            LayoutTableCell {TD} at (0,0) size 18x0 [r=0 c=0 rs=1 cs=3]
            LayoutTableCell {TD} at (18,0) size 187x1 [r=0 c=3 rs=1 cs=1]
              LayoutImage {IMG} at (0,0) size 187x1
            LayoutTableCell {TD} at (205,0) size 20x1 [r=0 c=4 rs=1 cs=1]
              LayoutImage {IMG} at (0,0) size 20x1
            LayoutTableCell {TD} at (225,0) size 18x1 [r=0 c=5 rs=1 cs=1]
              LayoutImage {IMG} at (0,0) size 18x1
            LayoutTableCell {TD} at (243,0) size 18x0 [r=0 c=6 rs=1 cs=3]
            LayoutTableCell {TD} at (261,0) size 187x1 [r=0 c=9 rs=1 cs=1]
              LayoutImage {IMG} at (0,0) size 187x1
            LayoutTableCell {TD} at (448,0) size 20x1 [r=0 c=10 rs=1 cs=1]
              LayoutImage {IMG} at (0,0) size 20x1
          LayoutTableRow {TR} at (0,1) size 468x22
            LayoutTableCell {TD} at (0,1) size 18x22 [r=1 c=0 rs=1 cs=3]
              LayoutImage {IMG} at (0,0) size 18x22
            LayoutTableCell {TD} at (18,2) size 187x20 [bgcolor=#FFCC00] [r=1 c=3 rs=1 cs=1]
              LayoutInline {A} at (0,0) size 121x19 [color=#0000EE]
                LayoutInline {B} at (0,0) size 121x19
                  LayoutInline {FONT} at (0,0) size 121x19
                    LayoutText {#text} at (33,0) size 121x19
                      text run at (33,0) width 121: "Detailed Search"
              LayoutText {#text} at (0,0) size 0x0
            LayoutTableCell {TD} at (205,1) size 20x22 [r=1 c=4 rs=1 cs=1]
              LayoutImage {IMG} at (0,0) size 20x22
            LayoutTableCell {TD} at (225,2) size 18x20 [r=1 c=5 rs=1 cs=1]
              LayoutText {#text} at (0,0) size 4x19
                text run at (0,0) width 4: " "
            LayoutTableCell {TD} at (243,1) size 18x22 [r=1 c=6 rs=1 cs=3]
              LayoutImage {IMG} at (0,0) size 18x22
            LayoutTableCell {TD} at (261,2) size 187x20 [bgcolor=#FFCC00] [r=1 c=9 rs=1 cs=1]
              LayoutInline {A} at (0,0) size 151x19 [color=#0000EE]
                LayoutInline {B} at (0,0) size 151x19
                  LayoutInline {FONT} at (0,0) size 151x19
                    LayoutText {#text} at (18,0) size 151x19
                      text run at (18,0) width 151: "Search By Distance"
              LayoutText {#text} at (0,0) size 0x0
            LayoutTableCell {TD} at (448,1) size 20x22 [r=1 c=10 rs=1 cs=1]
              LayoutImage {IMG} at (0,0) size 20x22
          LayoutTableRow {TR} at (0,23) size 468x85
            LayoutTableCell {TD} at (0,55) size 6x20 [r=2 c=0 rs=1 cs=1]
              LayoutText {#text} at (0,0) size 4x19
                text run at (0,0) width 4: " "
            LayoutTableCell {TD} at (6,55) size 6x20 [bgcolor=#EBEBE4] [r=2 c=1 rs=1 cs=1]
              LayoutText {#text} at (0,0) size 4x19
                text run at (0,0) width 4: " "
            LayoutTableCell {TD} at (12,23) size 213x85 [bgcolor=#EBEBE4] [r=2 c=2 rs=1 cs=3]
              LayoutBlockFlow {P} at (0,0) size 213x85
                LayoutImage {IMG} at (0,0) size 1x5
                LayoutBR {BR} at (1,5) size 0x0
                LayoutInline {FONT} at (0,0) size 210x64
                  LayoutText {#text} at (0,5) size 210x64
                    text run at (0,5) width 123: "Search using almost "
                    text run at (123,5) width 21: "any"
                    text run at (0,21) width 180: "combination of business name,"
                    text run at (0,37) width 177: "category, street address, city, "
                    text run at (176,37) width 34: "state,"
                    text run at (0,53) width 126: "ZIP, or phone number."
                LayoutInline {FONT} at (0,0) size 126x32
                  LayoutBR {BR} at (125,66) size 1x0
                  LayoutText {#text} at (0,69) size 4x16
                    text run at (0,69) width 4: " "
            LayoutTableCell {TD} at (225,55) size 18x20 [r=2 c=5 rs=1 cs=1]
              LayoutText {#text} at (0,0) size 4x19
                text run at (0,0) width 4: " "
            LayoutTableCell {TD} at (243,55) size 7x20 [r=2 c=6 rs=1 cs=1]
              LayoutText {#text} at (0,0) size 4x19
                text run at (0,0) width 4: " "
            LayoutTableCell {TD} at (250,55) size 7x20 [bgcolor=#EBEBE4] [r=2 c=7 rs=1 cs=1]
              LayoutText {#text} at (0,0) size 4x19
                text run at (0,0) width 4: " "
            LayoutTableCell {TD} at (257,23) size 211x53 [bgcolor=#EBEBE4] [r=2 c=8 rs=1 cs=3]
              LayoutInline {FONT} at (0,0) size 206x61
                LayoutImage {IMG} at (0,0) size 1x5
                LayoutBR {BR} at (1,5) size 0x0
                LayoutText {#text} at (0,5) size 206x48
                  text run at (0,5) width 177: "Search for businesses within a"
                  text run at (0,21) width 206: "certain distance from a location you"
                  text run at (0,37) width 45: "specify."
