layer at (0,0) size 800x600
  LayoutView at (0,0) size 800x600
layer at (0,0) size 800x600
  LayoutBlockFlow {HTML} at (0,0) size 800x600
    LayoutBlockFlow {BODY} at (8,8) size 784x584
      LayoutTable {TABLE} at (0,0) size 730x46
        LayoutTableSection {TBODY} at (0,0) size 730x46
          LayoutTableRow {TR} at (0,2) size 730x2
            LayoutTableCell {TD} at (2,2) size 726x2 [r=0 c=0 rs=1 cs=1]
          LayoutTableRow {TR} at (0,6) size 730x38
            LayoutTableCell {TD} at (2,6) size 726x38 [r=1 c=0 rs=1 cs=1]
              LayoutBlockFlow (anonymous) at (1,1) size 724x20
                LayoutText {#text} at (0,0) size 724x19
                  text run at (0,0) width 724: "BlaBlaBla Bla BlaBla BlaBlaBlaBla Bla Bla Bla BlaBlaBla BlaBla Bla BlaBla BlaBlaBlaBla BlaBla Bla BlaBla BlaBla Bla"
              LayoutBlockFlow {P} at (1,37) size 724x0
      LayoutBlockFlow (anonymous) at (0,46) size 784x20
        LayoutBR {BR} at (0,0) size 0x19
      LayoutTable {TABLE} at (0,66) size 730x46
        LayoutTableSection {TBODY} at (0,0) size 730x46
          LayoutTableRow {TR} at (0,2) size 730x38
            LayoutTableCell {TD} at (2,2) size 726x38 [r=0 c=0 rs=1 cs=1]
              LayoutBlockFlow (anonymous) at (1,1) size 724x20
                LayoutText {#text} at (0,0) size 724x19
                  text run at (0,0) width 724: "BlaBlaBla Bla BlaBla BlaBlaBlaBla Bla Bla Bla BlaBlaBla BlaBla Bla BlaBla BlaBlaBlaBla BlaBla Bla BlaBla BlaBla Bla"
              LayoutBlockFlow {P} at (1,37) size 724x0
          LayoutTableRow {TR} at (0,42) size 730x2
            LayoutTableCell {TD} at (2,42) size 726x2 [r=1 c=0 rs=1 cs=1]
