layer at (0,0) size 800x600
  LayoutView at (0,0) size 800x600
layer at (0,0) size 800x256
  LayoutBlockFlow {HTML} at (0,0) size 800x256
    LayoutBlockFlow {BODY} at (8,16) size 784x224
      LayoutTable {TABLE} at (0,0) size 200x32 [border: (2px solid #000000)]
        LayoutTableSection {TBODY} at (2,2) size 196x28
          LayoutTableRow {TR} at (0,2) size 196x24
            LayoutTableCell {TD} at (2,2) size 192x24 [bgcolor=#EEFFEE] [border: (1px solid #808080)] [r=0 c=0 rs=1 cs=1]
              LayoutText {#text} at (2,2) size 116x19
                text run at (2,2) width 116: "no cols or colspans"
      LayoutTable {TABLE} at (0,48) size 200x32 [border: (2px solid #000000)]
        LayoutTableSection {TBODY} at (2,2) size 196x28
          LayoutTableRow {TR} at (0,2) size 196x24
            LayoutTableCell {TD} at (2,2) size 192x24 [bgcolor=#EEFFEE] [border: (1px solid #808080)] [r=0 c=0 rs=1 cs=1]
              LayoutText {#text} at (2,2) size 41x19
                text run at (2,2) width 41: "cols=4"
      LayoutTable {TABLE} at (0,96) size 200x32 [border: (2px solid #000000)]
        LayoutTableSection {TBODY} at (2,2) size 196x28
          LayoutTableRow {TR} at (0,2) size 196x24
            LayoutTableCell {TD} at (2,2) size 192x24 [bgcolor=#EEFFEE] [border: (1px solid #808080)] [r=0 c=0 rs=1 cs=4]
              LayoutText {#text} at (2,2) size 63x19
                text run at (2,2) width 63: "colspan=4"
      LayoutTable {TABLE} at (0,144) size 200x32 [border: (2px solid #000000)]
        LayoutTableSection {TBODY} at (2,2) size 196x28
          LayoutTableRow {TR} at (0,2) size 196x24
            LayoutTableCell {TD} at (2,2) size 192x24 [bgcolor=#EEFFEE] [border: (1px solid #808080)] [r=0 c=0 rs=1 cs=4]
              LayoutText {#text} at (2,2) size 112x19
                text run at (2,2) width 112: "cols=4, colspan=4"
      LayoutTable {TABLE} at (0,192) size 200x32 [border: (2px solid #000000)]
        LayoutTableSection {TBODY} at (2,2) size 196x28
          LayoutTableRow {TR} at (0,2) size 196x24
            LayoutTableCell {TD} at (2,2) size 192x24 [bgcolor=#EEFFEE] [border: (1px solid #808080)] [r=0 c=0 rs=1 cs=4]
              LayoutText {#text} at (2,2) size 75x19
                text run at (2,2) width 75: "see previous"
