layer at (0,0) size 800x600
  LayoutView at (0,0) size 800x600
layer at (0,0) size 800x600
  LayoutBlockFlow {HTML} at (0,0) size 800x600
    LayoutBlockFlow {BODY} at (8,8) size 784x576
      LayoutBlockFlow {FORM} at (0,0) size 784x195
        LayoutBlockFlow {HR} at (0,0) size 602x2 [border: (1px inset #EEEEEE)]
        LayoutTable {TABLE} at (0,10) size 600x185
          LayoutTableSection {TBODY} at (0,0) size 600x185
            LayoutTableRow {TR} at (0,2) size 600x44
              LayoutTableCell {TD} at (2,2) size 594x44 [r=0 c=0 rs=1 cs=3]
                LayoutImage {IMG} at (7.50,1) size 579x42
                LayoutText {#text} at (0,0) size 0x0
            LayoutTableRow {TR} at (0,48) size 600x55
              LayoutTableCell {TD} at (2,55) size 594x40 [bgcolor=#99CCCC] [r=1 c=0 rs=1 cs=3]
                LayoutInline {FONT} at (0,0) size 133x16
                  LayoutInline {B} at (0,0) size 133x16
                    LayoutText {#text} at (38,4) size 133x16
                      text run at (38,4) width 133: "Search the Web with"
                LayoutText {#text} at (170,2) size 5x19
                  text run at (170,2) width 5: " "
                LayoutMenuList {SELECT} at (174.88,2) size 77x20 [bgcolor=#FFFFFF] [border: (1px solid #A9A9A9)]
                  LayoutBlockFlow (anonymous) at (1,1) size 75x18
                    LayoutText (anonymous) at (4,1) size 55x16
                      text run at (4,1) width 55: "Netscape"
                LayoutTextControl {INPUT} at (251.88,1) size 243x22 [bgcolor=#FFFFFF] [border: (2px inset #EEEEEE)]
                LayoutText {#text} at (494,2) size 5x19
                  text run at (494,2) width 5: " "
                LayoutButton {INPUT} at (498.88,1) size 57x22 [bgcolor=#C0C0C0] [border: (2px outset #C0C0C0)]
                  LayoutBlockFlow (anonymous) at (8,3) size 41x16
                    LayoutText {#text} at (0,0) size 41x16
                      text run at (0,0) width 41: "Search"
                LayoutBR {BR} at (555,17) size 1x0
                LayoutInline {SMALL} at (0,0) size 556x15
                  LayoutInline {A} at (0,0) size 99x15 [color=#0000EE]
                    LayoutText {#text} at (19,23) size 99x15
                      text run at (19,23) width 99: "Classifieds< /A>   "
                  LayoutInline {A} at (0,0) size 59x15 [color=#0000EE]
                    LayoutText {#text} at (117,23) size 59x15
                      text run at (117,23) width 23: "Net "
                      text run at (139,23) width 37: "Search"
                  LayoutText {#text} at (175,23) size 10x15
                    text run at (175,23) width 10: "   "
                  LayoutInline {A} at (0,0) size 82x15 [color=#0000EE]
                    LayoutText {#text} at (184,23) size 82x15
                      text run at (184,23) width 56: "Find Web "
                      text run at (239,23) width 27: "Sites"
                  LayoutText {#text} at (265,23) size 10x15
                    text run at (265,23) width 4: " "
                    text run at (268,23) width 7: "  "
                  LayoutInline {A} at (0,0) size 67x15 [color=#0000EE]
                    LayoutText {#text} at (274,23) size 67x15
                      text run at (274,23) width 42: "What's "
                      text run at (315,23) width 26: "Cool"
                  LayoutText {#text} at (340,23) size 10x15
                    text run at (340,23) width 10: "   "
                  LayoutInline {A} at (0,0) size 66x15 [color=#0000EE]
                    LayoutText {#text} at (349,23) size 66x15
                      text run at (349,23) width 66: "What's New"
                  LayoutText {#text} at (414,23) size 10x15
                    text run at (414,23) width 10: "   "
                  LayoutInline {A} at (0,0) size 74x15 [color=#0000EE]
                    LayoutText {#text} at (423,23) size 74x15
                      text run at (423,23) width 74: "People Finder"
                  LayoutText {#text} at (496,23) size 10x15
                    text run at (496,23) width 10: "   "
                  LayoutInline {A} at (0,0) size 70x15 [color=#0000EE]
                    LayoutText {#text} at (505,23) size 70x15
                      text run at (505,23) width 70: "Yellow Pages"
                  LayoutText {#text} at (0,0) size 0x0
                LayoutText {#text} at (0,0) size 0x0
            LayoutTableRow {TR} at (0,105) size 600x49
              LayoutTableCell {TD} at (2,112) size 159x34 [r=2 c=0 rs=1 cs=1]
                LayoutInline {A} at (0,0) size 115x35 [color=#0000EE]
                  LayoutInline {FONT} at (0,0) size 115x32 [color=#CC0033]
                    LayoutText {#text} at (22,1) size 115x32
                      text run at (22,1) width 115: "Download Netscape"
                      text run at (26,17) width 107: "Communicator 4.5"
              LayoutTableCell {TD} at (163,105) size 270x49 [r=2 c=1 rs=1 cs=1]
                LayoutInline {A} at (0,0) size 232x29 [color=#0000EE]
                  LayoutImage {IMG} at (19,1) size 232x35 [border: (1px solid #0000EE)]
                  LayoutBR {BR} at (251,36) size 0x0
                  LayoutInline {FONT} at (0,0) size 46x12
                    LayoutText {#text} at (112,36) size 46x12
                      text run at (112,36) width 46: "Click Here!"
                LayoutBR {BR} at (158,46) size 0x0
              LayoutTableCell {TD} at (435,120) size 161x18 [r=2 c=2 rs=1 cs=1]
                LayoutInline {A} at (0,0) size 129x19 [color=#0000EE]
                  LayoutInline {FONT} at (0,0) size 129x16 [color=#0066FF]
                    LayoutText {#text} at (16,1) size 129x16
                      text run at (16,1) width 129: "Hassle-Free Upgrades"
                LayoutText {#text} at (0,0) size 0x0
            LayoutTableRow {TR} at (0,156) size 600x22
              LayoutTableCell {TD} at (2,156) size 594x22 [r=3 c=0 rs=1 cs=3]
                LayoutInline {A} at (0,0) size 49x19 [color=#0000EE]
                  LayoutInline {FONT} at (0,0) size 49x16 [color=#0066FF]
                    LayoutInline {B} at (0,0) size 49x16
                      LayoutText {#text} at (16,3) size 49x16
                        text run at (16,3) width 49: "Contact"
                LayoutText {#text} at (64,1) size 12x19
                  text run at (64,1) width 12: " : "
                LayoutInline {SMALL} at (0,0) size 503x15
                  LayoutInline {A} at (0,0) size 78x15 [color=#0000EE]
                    LayoutText {#text} at (75,4) size 78x15
                      text run at (75,4) width 78: "Address Book"
                  LayoutText {#text} at (152,4) size 11x15
                    text run at (152,4) width 11: " - "
                  LayoutInline {A} at (0,0) size 67x15 [color=#0000EE]
                    LayoutText {#text} at (162,4) size 67x15
                      text run at (162,4) width 67: "Discussions"
                  LayoutText {#text} at (228,4) size 11x15
                    text run at (228,4) width 11: " - "
                  LayoutInline {A} at (0,0) size 102x15 [color=#0000EE]
                    LayoutText {#text} at (238,4) size 102x15
                      text run at (238,4) width 102: "Instant Messenger"
                  LayoutText {#text} at (339,4) size 11x15
                    text run at (339,4) width 11: " - "
                  LayoutInline {A} at (0,0) size 79x15 [color=#0000EE]
                    LayoutText {#text} at (349,4) size 79x15
                      text run at (349,4) width 79: "Long Distance"
                  LayoutText {#text} at (427,4) size 11x15
                    text run at (427,4) width 11: " - "
                  LayoutInline {A} at (0,0) size 51x15 [color=#0000EE]
                    LayoutText {#text} at (437,4) size 51x15
                      text run at (437,4) width 51: "Members"
                  LayoutText {#text} at (487,4) size 11x15
                    text run at (487,4) width 11: " - "
                  LayoutInline {A} at (0,0) size 81x15 [color=#0000EE]
                    LayoutText {#text} at (497,4) size 81x15
                      text run at (497,4) width 81: "WebMail< /A>"
                LayoutInline {A} at (0,0) size 1x19 [color=#0000EE]
                  LayoutText {#text} at (0,0) size 0x0
            LayoutTableRow {TR} at (0,180) size 600x3
              LayoutTableCell {TD} at (2,180) size 596x3 [bgcolor=#99CCCC] [r=4 c=0 rs=1 cs=4]
                LayoutTable {TABLE} at (1,1) size 0x1
                  LayoutTableSection {TBODY} at (0,0) size 0x1
                    LayoutTableRow {TR} at (0,0) size 0x1
                      LayoutTableCell {TD} at (0,0) size 0x0 [r=0 c=0 rs=1 cs=1]
layer at (264,77) size 239x16
  LayoutBlockFlow {DIV} at (2,3) size 239x16
