layer at (0,0) size 800x600
  LayoutView at (0,0) size 800x600
layer at (0,0) size 800x600
  LayoutBlockFlow {HTML} at (0,0) size 800x600
    LayoutBlockFlow {BODY} at (8,8) size 784x584
      LayoutBlockFlow {P} at (0,0) size 784x40
        LayoutInline {B} at (0,0) size 741x39
          LayoutText {#text} at (0,0) size 741x39
            text run at (0,0) width 741: "original page, stripped down to the problem table (pattern: auto width table with first row has specified width and"
            text run at (0,20) width 368: "colspan=2, second row has two specified width columns)"
      LayoutTable {TABLE} at (0,56) size 506x176 [border: (1px outset #808080)]
        LayoutTableSection {TBODY} at (1,1) size 504x174
          LayoutTableRow {TR} at (0,2) size 504x84
            LayoutTableCell {TD} at (2,2) size 500x84 [border: (1px inset #808080)] [r=0 c=0 rs=1 cs=2]
              LayoutText {#text} at (2,2) size 492x79
                text run at (2,2) width 417: "Cons For Pokemon \"They're Pokemon card sharks out there. This is "
                text run at (419,2) width 66: "worse than"
                text run at (2,22) width 366: "the Cabbage Patch Kid craze because now it's the kids who "
                text run at (368,22) width 114: "are actually fighting"
                text run at (2,42) width 233: "each other instead of just the parents.\" "
                text run at (235,42) width 240: "-- Children are doing anything, including"
                text run at (2,62) width 144: "breaking the law, to get "
                text run at (145,62) width 349: "their grubby hands on some trading cards, observe police."
          LayoutTableRow {TR} at (0,88) size 504x84
            LayoutTableCell {TD} at (2,88) size 272x24 [border: (1px inset #808080)] [r=1 c=0 rs=1 cs=1]
              LayoutText {#text} at (2,2) size 40x19
                text run at (2,2) width 40: "ASDF"
            LayoutTableCell {TD} at (276,88) size 226x84 [border: (1px inset #808080)] [r=1 c=1 rs=1 cs=1]
              LayoutText {#text} at (2,2) size 221x79
                text run at (2,2) width 32: "Sat., "
                text run at (34,2) width 89: "Dec 11, 1999 "
                text run at (122,2) width 66: "Gay Union"
                text run at (2,22) width 187: "Kibosh Hawaii Supreme Court"
                text run at (2,42) width 59: "slams the "
                text run at (61,42) width 109: "door on same-sex"
                text run at (2,62) width 221: "marriages. All eyes look to Vermont."
      LayoutBlockFlow (anonymous) at (0,232) size 784x20
        LayoutBR {BR} at (0,0) size 0x19
      LayoutBlockFlow {P} at (0,268) size 784x20
        LayoutInline {B} at (0,0) size 339x19
          LayoutText {#text} at (0,0) size 339x19
            text run at (0,0) width 339: "same table, but less content (text) in the first cell ..."
      LayoutTable {TABLE} at (0,304) size 506x116 [border: (1px outset #808080)]
        LayoutTableSection {TBODY} at (1,1) size 504x114
          LayoutTableRow {TR} at (0,2) size 504x24
            LayoutTableCell {TD} at (2,2) size 500x24 [border: (1px inset #808080)] [r=0 c=0 rs=1 cs=2]
              LayoutText {#text} at (2,2) size 413x19
                text run at (2,2) width 413: "Cons For Pokemon \"They're Pokemon card sharks out there. This is"
          LayoutTableRow {TR} at (0,28) size 504x84
            LayoutTableCell {TD} at (2,28) size 272x24 [border: (1px inset #808080)] [r=1 c=0 rs=1 cs=1]
              LayoutText {#text} at (2,2) size 40x19
                text run at (2,2) width 40: "ASDF"
            LayoutTableCell {TD} at (276,28) size 226x84 [border: (1px inset #808080)] [r=1 c=1 rs=1 cs=1]
              LayoutText {#text} at (2,2) size 221x79
                text run at (2,2) width 32: "Sat., "
                text run at (34,2) width 89: "Dec 11, 1999 "
                text run at (122,2) width 66: "Gay Union"
                text run at (2,22) width 187: "Kibosh Hawaii Supreme Court"
                text run at (2,42) width 59: "slams the "
                text run at (61,42) width 109: "door on same-sex"
                text run at (2,62) width 221: "marriages. All eyes look to Vermont."
