layer at (0,0) size 800x600
  LayoutView at (0,0) size 800x600
layer at (0,0) size 800x600
  LayoutBlockFlow {HTML} at (0,0) size 800x600
    LayoutBlockFlow {BODY} at (8,8) size 784x584
      LayoutTable {TABLE} at (0,0) size 784x26
        LayoutTableCol {COLGROUP} at (0,0) size 0x0
          LayoutTableCol {COL} at (0,0) size 0x0
        LayoutTableSection {TBODY} at (0,0) size 784x26
          LayoutTableRow {TR} at (0,2) size 784x22
            LayoutTableCell {TD} at (2,2) size 258x22 [bgcolor=#00FFFF] [r=0 c=0 rs=1 cs=1]
              LayoutText {#text} at (1,1) size 16x19
                text run at (1,1) width 16: "06"
            LayoutTableCell {TD} at (262,2) size 259x22 [bgcolor=#FFFF00] [r=0 c=1 rs=1 cs=1]
              LayoutText {#text} at (1,1) size 16x19
                text run at (1,1) width 16: "05"
            LayoutTableCell {TD} at (523,2) size 259x22 [bgcolor=#FF00FF] [r=0 c=2 rs=1 cs=1]
              LayoutText {#text} at (1,1) size 16x19
                text run at (1,1) width 16: "04"
