layer at (0,0) size 800x600
  LayoutView at (0,0) size 800x600
layer at (0,0) size 800x600
  LayoutBlockFlow {HTML} at (0,0) size 800x600
    LayoutBlockFlow {BODY} at (8,8) size 784x584 [bgcolor=#FFFFFF]
      LayoutTable {TABLE} at (0,0) size 784x78 [border: (1px outset #808080)]
        LayoutTableSection {TBODY} at (1,1) size 782x76
          LayoutTableRow {TR} at (0,2) size 782x6
            LayoutTableCell {TD} at (2,2) size 198x49 [border: (1px inset #808080)] [r=0 c=0 rs=2 cs=1]
              LayoutImage {IMG} at (2,2) size 194x45
            LayoutTableCell {TD} at (202,3) size 578x4 [border: (1px inset #808080)] [r=0 c=1 rs=1 cs=1]
          LayoutTableRow {TR} at (0,10) size 782x41
            LayoutTableCell {TD} at (202,18) size 578x24 [border: (1px inset #808080)] [r=1 c=1 rs=1 cs=1]
              LayoutText {#text} at (2,2) size 73x19
                text run at (2,2) width 73: "Information "
              LayoutImage {IMG} at (75,10) size 4x7
              LayoutText {#text} at (79,2) size 77x19
                text run at (79,2) width 4: " "
                text run at (83,2) width 73: "Student Life"
          LayoutTableRow {TR} at (0,53) size 782x21
            LayoutTableCell {TD} at (2,53) size 778x21 [border: (1px inset #808080)] [r=2 c=0 rs=1 cs=2]
              LayoutBlockFlow {HR} at (2,10) size 774x1 [border: (1px inset #EEEEEE) none (1px inset #EEEEEE)]
