layer at (0,0) size 800x600
  LayoutView at (0,0) size 800x600
layer at (0,0) size 800x600
  LayoutBlockFlow {HTML} at (0,0) size 800x600
    LayoutBlockFlow {BODY} at (8,8) size 784x584
      LayoutTable {TABLE} at (0,0) size 61x584
        LayoutTableSection {THEAD} at (0,0) size 61x26
          LayoutTableRow {TR} at (0,2) size 61x22
            LayoutTableCell {TD} at (2,2) size 57x22 [r=0 c=0 rs=1 cs=1]
              LayoutText {#text} at (1,1) size 55x19
                text run at (1,1) width 55: "THEAD"
        LayoutTableSection {TFOOT} at (0,560) size 61x24
          LayoutTableRow {TR} at (0,0) size 61x22
            LayoutTableCell {TD} at (2,0) size 57x22 [r=0 c=0 rs=1 cs=1]
              LayoutText {#text} at (1,1) size 53x19
                text run at (1,1) width 53: "TFOOT"
        LayoutTableSection {TBODY} at (0,26) size 61x534
          LayoutTableRow {TR} at (0,0) size 61x532
            LayoutTableCell {TD} at (2,255) size 57x22 [r=0 c=0 rs=1 cs=1]
              LayoutText {#text} at (1,1) size 53x19
                text run at (1,1) width 53: "TBODY"
