layer at (0,0) size 800x600
  LayoutView at (0,0) size 800x600
layer at (0,0) size 800x600
  LayoutBlockFlow {HTML} at (0,0) size 800x600
    LayoutBlockFlow {BODY} at (8,8) size 784x584
      LayoutTable {TABLE} at (0,0) size 784x66 [border: (2px outset #808080)]
        LayoutTableSection {TBODY} at (2,2) size 780x62
          LayoutTableRow {TR} at (0,2) size 780x58
            LayoutTableCell {TD} at (2,2) size 776x58 [border: (1px inset #808080)] [r=0 c=0 rs=1 cs=1]
              LayoutTable (floating) {TABLE} at (550,2) size 224x54 [border: (1px outset #808080)]
                LayoutTableSection {TBODY} at (1,1) size 222x52
                  LayoutTableRow {TR} at (0,0) size 222x42
                    LayoutTableCell {TD} at (0,0) size 222x42 [border: (1px inset #808080)] [r=0 c=0 rs=1 cs=1]
                      LayoutText {#text} at (1,1) size 194x39
                        text run at (1,1) width 194: "this doesn't show until a window"
                        text run at (1,21) width 34: "resize"
                  LayoutTableRow {TR} at (0,42) size 222x10
                    LayoutTableCell {TD} at (0,42) size 222x10 [border: (1px inset #808080)] [r=1 c=0 rs=1 cs=1]
                      LayoutBlockFlow {IMG} at (1,1) size 1x8
layer at (564,58) size 4x8 clip at (565,59) size 2x6 scrollWidth 17 scrollHeight 18
  LayoutBlockFlow {DIV} at (0,0) size 4x8 [border: (1px solid #C0C0C0)]
    LayoutImage (floating) {IMG} at (2,2) size 16x16
layer at (582,60) size 0x0
  LayoutBlockFlow {DIV} at (18,2) size 0x0
