layer at (0,0) size 800x600
  LayoutView at (0,0) size 800x600
layer at (0,0) size 800x600
  LayoutBlockFlow {HTML} at (0,0) size 800x600
    LayoutBlockFlow {BODY} at (8,8) size 784x584
      LayoutBlockFlow (anonymous) at (0,0) size 784x19
        LayoutInline {FONT} at (0,0) size 152x18
          LayoutText {#text} at (0,0) size 152x18
            text run at (0,0) width 152: "Blah, blah in Helvetica"
      LayoutBlockFlow (anonymous) at (0,19) size 784x25
        LayoutTable {TABLE} at (0,0) size 240x25
          LayoutTableSection {TBODY} at (0,0) size 240x25
            LayoutTableRow {TR} at (0,2) size 240x21
              LayoutTableCell {TD} at (2,2) size 236x21 [r=0 c=0 rs=1 cs=1]
                LayoutText {#text} at (1,1) size 234x18
                  text run at (1,1) width 234: "Text here is in times, not Helvetica"
      LayoutBlockFlow (anonymous) at (0,44) size 784x0
        LayoutInline {FONT} at (0,0) size 0x0
        LayoutText {#text} at (0,0) size 0x0
