layer at (0,0) size 800x600
  LayoutView at (0,0) size 800x600
layer at (0,0) size 800x600
  LayoutBlockFlow {HTML} at (0,0) size 800x600
    LayoutBlockFlow {BODY} at (8,8) size 784x584
      LayoutBlockFlow {P} at (0,0) size 784x20
        LayoutText {#text} at (0,0) size 198x19
          text run at (0,0) width 198: "Image URLs intentionally broken"
      LayoutTable {TABLE} at (0,36) size 732x57
        LayoutTableSection {TBODY} at (0,0) size 732x57
          LayoutTableRow {TR} at (0,2) size 732x53
            LayoutTableCell {TD} at (2,2) size 728x53 [r=0 c=0 rs=1 cs=1]
              LayoutBlockFlow {IMG} at (1,1) size 167x51
              LayoutBlockFlow {IMG} at (168,1) size 181x51
              LayoutBlockFlow {IMG} at (349,1) size 205x51
              LayoutBlockFlow {IMG} at (554,1) size 173x51
      LayoutBlockFlow {P} at (0,109) size 784x20
        LayoutText {#text} at (0,0) size 434x19
          text run at (0,0) width 434: "Identical to the above except that width=\"100%\" was removed from TD"
      LayoutTable {TABLE} at (0,145) size 732x57
        LayoutTableSection {TBODY} at (0,0) size 732x57
          LayoutTableRow {TR} at (0,2) size 732x53
            LayoutTableCell {TD} at (2,2) size 728x53 [r=0 c=0 rs=1 cs=1]
              LayoutBlockFlow {IMG} at (1,1) size 167x51
              LayoutBlockFlow {IMG} at (168,1) size 181x51
              LayoutBlockFlow {IMG} at (349,1) size 205x51
              LayoutBlockFlow {IMG} at (554,1) size 173x51
layer at (11,47) size 167x51 clip at (12,48) size 165x49
  LayoutBlockFlow {DIV} at (0,0) size 167x51 [border: (1px solid #C0C0C0)]
    LayoutImage (floating) {IMG} at (2,2) size 16x16
layer at (29,49) size 147x0
  LayoutBlockFlow {DIV} at (18,2) size 147x0
layer at (178,47) size 181x51 clip at (179,48) size 179x49
  LayoutBlockFlow {DIV} at (0,0) size 181x51 [border: (1px solid #C0C0C0)]
    LayoutImage (floating) {IMG} at (2,2) size 16x16
layer at (196,49) size 161x0
  LayoutBlockFlow {DIV} at (18,2) size 161x0
layer at (359,47) size 205x51 clip at (360,48) size 203x49
  LayoutBlockFlow {DIV} at (0,0) size 205x51 [border: (1px solid #C0C0C0)]
    LayoutImage (floating) {IMG} at (2,2) size 16x16
layer at (377,49) size 185x0
  LayoutBlockFlow {DIV} at (18,2) size 185x0
layer at (564,47) size 173x51 clip at (565,48) size 171x49
  LayoutBlockFlow {DIV} at (0,0) size 173x51 [border: (1px solid #C0C0C0)]
    LayoutImage (floating) {IMG} at (2,2) size 16x16
layer at (582,49) size 153x0
  LayoutBlockFlow {DIV} at (18,2) size 153x0
layer at (11,156) size 167x51 clip at (12,157) size 165x49
  LayoutBlockFlow {DIV} at (0,0) size 167x51 [border: (1px solid #C0C0C0)]
    LayoutImage (floating) {IMG} at (2,2) size 16x16
layer at (29,158) size 147x0
  LayoutBlockFlow {DIV} at (18,2) size 147x0
layer at (178,156) size 181x51 clip at (179,157) size 179x49
  LayoutBlockFlow {DIV} at (0,0) size 181x51 [border: (1px solid #C0C0C0)]
    LayoutImage (floating) {IMG} at (2,2) size 16x16
layer at (196,158) size 161x0
  LayoutBlockFlow {DIV} at (18,2) size 161x0
layer at (359,156) size 205x51 clip at (360,157) size 203x49
  LayoutBlockFlow {DIV} at (0,0) size 205x51 [border: (1px solid #C0C0C0)]
    LayoutImage (floating) {IMG} at (2,2) size 16x16
layer at (377,158) size 185x0
  LayoutBlockFlow {DIV} at (18,2) size 185x0
layer at (564,156) size 173x51 clip at (565,157) size 171x49
  LayoutBlockFlow {DIV} at (0,0) size 173x51 [border: (1px solid #C0C0C0)]
    LayoutImage (floating) {IMG} at (2,2) size 16x16
layer at (582,158) size 153x0
  LayoutBlockFlow {DIV} at (18,2) size 153x0
