layer at (0,0) size 800x600
  LayoutView at (0,0) size 800x600
layer at (0,0) size 800x271
  LayoutBlockFlow {HTML} at (0,0) size 800x270.53
    LayoutBlockFlow {BODY} at (88,25.27) size 648x220 [bgcolor=#FFFFF5]
      LayoutTable {TABLE} at (0,0) size 335x83
        LayoutTableSection {TBODY} at (0,0) size 335x83
          LayoutTableRow {TR} at (0,2) size 335x21
            LayoutTableCell {TH} at (2,2) size 172x21 [color=#CC0000] [r=0 c=0 rs=1 cs=1]
              LayoutText {#text} at (0,2) size 31x16
                text run at (0,2) width 31: "17.6 "
              LayoutInline {A} at (0,0) size 141x16 [color=#3333FF]
                LayoutText {#text} at (31,2) size 141x16
                  text run at (31,2) width 141: "Table Border Test 2"
            LayoutTableCell {TD} at (176,2) size 20x21 [color=#FFFF00] [bgcolor=#CC0000] [r=0 c=1 rs=1 cs=1]
              LayoutText {#text} at (0,1) size 11x18
                text run at (0,1) width 11: "B"
            LayoutTableCell {TD} at (198,2) size 12x21 [color=#FFFFFF] [bgcolor=#000099] [r=0 c=2 rs=1 cs=1]
              LayoutText {#text} at (0,1) size 12x18
                text run at (0,1) width 12: "N"
            LayoutTableCell {TD} at (212,2) size 20x21 [color=#FFFFFF] [bgcolor=#000099] [r=0 c=3 rs=1 cs=1]
              LayoutText {#text} at (0,1) size 12x18
                text run at (0,1) width 12: "N"
            LayoutTableCell {TD} at (234,2) size 20x21 [color=#FFFFFF] [bgcolor=#000099] [r=0 c=4 rs=1 cs=1]
              LayoutText {#text} at (0,1) size 12x18
                text run at (0,1) width 12: "N"
            LayoutTableCell {TD} at (256,2) size 20x21 [color=#FFFFFF] [bgcolor=#000099] [r=0 c=5 rs=1 cs=1]
              LayoutText {#text} at (0,1) size 12x18
                text run at (0,1) width 12: "N"
            LayoutTableCell {TD} at (278,2) size 12x21 [bgcolor=#CCCCCC] [r=0 c=6 rs=1 cs=1]
              LayoutText {#text} at (0,1) size 12x18
                text run at (0,1) width 12: "U"
            LayoutTableCell {TD} at (292,2) size 41x21 [r=0 c=7 rs=1 cs=1]
              LayoutText {#text} at (0,1) size 41x18
                text run at (0,1) width 41: "CSS2"
          LayoutTableRow {TR} at (0,25) size 335x33
            LayoutTableCell {TH} at (2,25) size 172x33 [color=#CC0000] [border: (12px solid #FFFFF5) none] [r=1 c=0 rs=1 cs=1]
              LayoutText {#text} at (89,14) size 83x16
                text run at (89,14) width 83: "Tests Y (+1)"
            LayoutTableCell {TD} at (176,25) size 20x33 [color=#FFFFFF] [bgcolor=#009900] [border: (12px solid #FFFFF5) none] [r=1 c=1 rs=1 cs=1]
              LayoutText {#text} at (0,13) size 20x18
                text run at (0,13) width 20: "31"
            LayoutTableCell {TD} at (198,25) size 12x33 [color=#FFFFFF] [bgcolor=#009900] [border: (12px solid #FFFFF5) none] [r=1 c=2 rs=1 cs=1]
              LayoutText {#text} at (0,13) size 6x18
                text run at (0,13) width 6: " "
            LayoutTableCell {TD} at (212,25) size 20x33 [color=#FFFFFF] [bgcolor=#009900] [border: (12px solid #FFFFF5) none] [r=1 c=3 rs=1 cs=1]
              LayoutText {#text} at (0,13) size 20x18
                text run at (0,13) width 20: "16"
            LayoutTableCell {TD} at (234,25) size 20x33 [color=#FFFFFF] [bgcolor=#009900] [border: (12px solid #FFFFF5) none] [r=1 c=4 rs=1 cs=1]
              LayoutText {#text} at (0,13) size 20x18
                text run at (0,13) width 20: "16"
            LayoutTableCell {TD} at (256,25) size 20x33 [color=#FFFFFF] [bgcolor=#009900] [border: (12px solid #FFFFF5) none] [r=1 c=5 rs=1 cs=1]
              LayoutText {#text} at (0,13) size 10x18
                text run at (0,13) width 10: "2"
            LayoutTableCell {TD} at (278,25) size 12x33 [color=#FFFFFF] [bgcolor=#009900] [border: (12px solid #FFFFF5) none] [r=1 c=6 rs=1 cs=1]
              LayoutText {#text} at (0,13) size 12x18
                text run at (0,13) width 12: "U"
            LayoutTableCell {TD} at (292,35) size 41x12 [border: (12px solid #FFFFF5) none] [r=1 c=7 rs=1 cs=1]
          LayoutTableRow {TR} at (0,60) size 335x21
            LayoutTableCell {TH} at (2,60) size 172x21 [color=#CC0000] [r=2 c=0 rs=1 cs=1]
              LayoutText {#text} at (94,2) size 78x16
                text run at (94,2) width 78: "Tests N (0)"
            LayoutTableCell {TD} at (176,60) size 20x21 [color=#FFFFFF] [bgcolor=#000099] [r=2 c=1 rs=1 cs=1]
              LayoutText {#text} at (0,1) size 10x18
                text run at (0,1) width 10: "4"
            LayoutTableCell {TD} at (198,60) size 12x21 [color=#FFFFFF] [bgcolor=#000099] [r=2 c=2 rs=1 cs=1]
              LayoutText {#text} at (0,1) size 6x18
                text run at (0,1) width 6: " "
            LayoutTableCell {TD} at (212,60) size 20x21 [color=#FFFFFF] [bgcolor=#000099] [r=2 c=3 rs=1 cs=1]
              LayoutText {#text} at (0,1) size 20x18
                text run at (0,1) width 20: "21"
            LayoutTableCell {TD} at (234,60) size 20x21 [color=#FFFFFF] [bgcolor=#000099] [r=2 c=4 rs=1 cs=1]
              LayoutText {#text} at (0,1) size 20x18
                text run at (0,1) width 20: "14"
            LayoutTableCell {TD} at (256,60) size 20x21 [color=#FFFFFF] [bgcolor=#000099] [r=2 c=5 rs=1 cs=1]
              LayoutText {#text} at (0,1) size 20x18
                text run at (0,1) width 20: "18"
            LayoutTableCell {TD} at (278,60) size 12x21 [color=#FFFFFF] [bgcolor=#000099] [r=2 c=6 rs=1 cs=1]
              LayoutText {#text} at (0,1) size 12x18
                text run at (0,1) width 12: "U"
            LayoutTableCell {TD} at (292,70) size 41x0 [r=2 c=7 rs=1 cs=1]
      LayoutBlockFlow {HR} at (0,95) size 648x1
      LayoutBlockFlow {P} at (0,108) size 648x38
        LayoutInline {A} at (0,0) size 88x18 [color=#3333FF] [bgcolor=#FFFFF5]
          LayoutImage {IMG} at (0,0) size 88x31
      LayoutBlockFlow {P} at (0,158) size 648x25
        LayoutText {#text} at (0,3) size 74x18
          text run at (0,3) width 74: "(Back to "
        LayoutInline {A} at (0,0) size 214x18 [color=#3333FF] [bgcolor=#FFFFF5]
          LayoutText {#text} at (74,3) size 214x18
            text run at (74,3) width 214: "CSS Testing Information"
        LayoutText {#text} at (288,3) size 12x18
          text run at (288,3) width 12: ", "
        LayoutInline {A} at (0,0) size 107x18 [color=#3333FF] [bgcolor=#FFFFF5]
          LayoutText {#text} at (300,3) size 107x18
            text run at (300,3) width 107: "David Baron"
        LayoutText {#text} at (407,3) size 7x18
          text run at (407,3) width 7: ")"
      LayoutBlockFlow {P} at (0,195) size 648x25
        LayoutInline {A} at (0,0) size 35x18 [color=#3333FF] [bgcolor=#FFFFF5]
          LayoutText {#text} at (0,3) size 35x18
            text run at (0,3) width 35: "LDB"
        LayoutText {#text} at (35,3) size 12x18
          text run at (35,3) width 12: ", "
        LayoutInline {A} at (0,0) size 220x18 [color=#3333FF] [bgcolor=#FFFFF5]
          LayoutText {#text} at (47,3) size 220x18
            text run at (47,3) width 220: "dbaron@fas.harvard.edu"
