layer at (0,0) size 800x600
  LayoutView at (0,0) size 800x600
layer at (0,0) size 800x600
  LayoutBlockFlow {HTML} at (0,0) size 800x600
    LayoutBlockFlow {BODY} at (8,8) size 784x584
      LayoutTable {TABLE} at (0,0) size 128x36 [border: (1px outset #808080)]
        LayoutTableSection {TBODY} at (1,1) size 126x34
          LayoutTableRow {TR} at (0,2) size 126x30
            LayoutTableCell {TD} at (2,2) size 122x30 [border: (1px inset #808080)] [r=0 c=0 rs=1 cs=1]
              LayoutTable {TABLE} at (2,2) size 118x26 [bgcolor=#FFCC99]
                LayoutTableSection {TBODY} at (0,0) size 118x26
                  LayoutTableRow {TR} at (0,2) size 118x22
                    LayoutTableCell {TD} at (2,2) size 29x22 [bgcolor=#FF6600] [r=0 c=0 rs=1 cs=1]
                      LayoutText {#text} at (1,1) size 27x19
                        text run at (1,1) width 27: "Find"
                    LayoutTableCell {TD} at (33,2) size 83x22 [r=0 c=1 rs=1 cs=1]
                      LayoutText {#text} at (1,1) size 81x19
                        text run at (1,1) width 81: "rick was here"
