layer at (0,0) size 800x600
  LayoutView at (0,0) size 800x600
layer at (0,0) size 800x600
  LayoutBlockFlow {HTML} at (0,0) size 800x600
    LayoutBlockFlow {BODY} at (8,8) size 784x584
      LayoutBlockFlow {CENTER} at (0,0) size 784x212
        LayoutTable {TABLE} at (72,0) size 640x212 [border: (1px solid #FF0000)]
          LayoutTableSection {TBODY} at (1,1) size 637x209
            LayoutTableRow {TR} at (0,0) size 637x24
              LayoutTableCell {TD} at (0,0) size 637x24 [border: (2px solid #FF0000)] [r=0 c=0 rs=1 cs=2]
                LayoutText {#text} at (3,3) size 172x19
                  text run at (3,3) width 172: "parent table, 1st row, 1st col"
            LayoutTableRow {TR} at (0,24) size 637x185
              LayoutTableCell {TD} at (0,24) size 152x185 [border: (1px solid #FF0000)] [r=1 c=0 rs=1 cs=1]
                LayoutBlockFlow {FORM} at (3,2) size 148x165
                  LayoutTable {TABLE} at (0,0) size 148x165 [border: (1px solid #00FF00)]
                    LayoutTableSection {TBODY} at (1,1) size 145x162
                      LayoutTableRow {TR} at (0,0) size 145x24
                        LayoutTableCell {TD} at (0,0) size 145x24 [border: (2px solid #00FF00)] [r=0 c=0 rs=1 cs=1]
                          LayoutText {#text} at (3,3) size 22x19
                            text run at (3,3) width 22: "text"
                      LayoutTableRow {TR} at (0,24) size 145x37
                        LayoutTableCell {TD} at (0,24) size 145x37 [border: (1px solid #00FF00)] [r=1 c=0 rs=1 cs=1]
                          LayoutTable {TABLE} at (3,2) size 140x34 [border: (1px solid #FFFF00)]
                            LayoutTableSection {TBODY} at (1,1) size 137x31
                              LayoutTableRow {TR} at (0,0) size 137x31
                                LayoutTableCell {TD} at (0,2) size 114x27 [border: (2px solid #FFFF00)] [r=0 c=0 rs=1 cs=1]
                                  LayoutTextControl {INPUT} at (3,3) size 110x22 [bgcolor=#FFFFFF] [border: (2px inset #EEEEEE)]
                                  LayoutText {#text} at (0,0) size 0x0
                                LayoutTableCell {TD} at (114,0) size 23x31 [border: (2px solid #FFFF00)] [r=0 c=1 rs=1 cs=1]
                                  LayoutImage {INPUT} at (2,7) size 19x18
                                  LayoutText {#text} at (0,0) size 0x0
                      LayoutTableRow {TR} at (0,61) size 145x23
                        LayoutTableCell {TD} at (0,61) size 145x23 [border: (1px solid #00FF00)] [r=2 c=0 rs=1 cs=1]
                          LayoutText {#text} at (3,2) size 22x19
                            text run at (3,2) width 22: "text"
                      LayoutTableRow {TR} at (0,84) size 145x54
                        LayoutTableCell {TD} at (0,84) size 145x54 [border: (1px solid #00FF00)] [r=3 c=0 rs=1 cs=1]
                          LayoutBlockFlow (anonymous) at (3,2) size 140x0
                            LayoutInline {FONT} at (0,0) size 0x0
                          LayoutTable {TABLE} at (3,2) size 131x51 [border: (1px solid #FF00FF)]
                            LayoutTableSection {TBODY} at (1,1) size 128x48
                              LayoutTableRow {TR} at (0,0) size 128x24
                                LayoutTableCell {TD} at (0,0) size 128x24 [border: (2px solid #FF00FF)] [r=0 c=0 rs=1 cs=1]
                                  LayoutText {#text} at (3,3) size 50x19
                                    text run at (3,3) width 50: "problem"
                              LayoutTableRow {TR} at (0,24) size 128x24
                                LayoutTableCell {TD} at (0,24) size 128x24 [border: (1px solid #FF00FF)] [r=1 c=0 rs=1 cs=1]
                                  LayoutText {#text} at (3,2) size 50x19
                                    text run at (3,2) width 50: "problem"
                      LayoutTableRow {TR} at (0,138) size 145x24
                        LayoutTableCell {TD} at (0,138) size 145x24 [border: (1px solid #00FF00)] [r=4 c=0 rs=1 cs=1]
                          LayoutText {#text} at (3,2) size 22x19
                            text run at (3,2) width 22: "text"
              LayoutTableCell {TD} at (152,24) size 485x32 [border: (1px solid #FF0000)] [r=1 c=1 rs=1 cs=1]
                LayoutTable {TABLE} at (2,2) size 481x28 [border: (1px solid #0000FF)]
                  LayoutTableSection {TBODY} at (1,1) size 478x25
                    LayoutTableRow {TR} at (0,0) size 478x25
                      LayoutTableCell {TD} at (0,0) size 478x25 [border: (2px solid #0000FF)] [r=0 c=0 rs=1 cs=1]
                        LayoutText {#text} at (3,3) size 45x19
                          text run at (3,3) width 45: "overlap"
layer at (94,71) size 106x16
  LayoutBlockFlow {DIV} at (2,3) size 106x16
