layer at (0,0) size 800x600
  LayoutView at (0,0) size 800x600
layer at (0,0) size 800x600
  LayoutBlockFlow {HTML} at (0,0) size 800x600
    LayoutBlockFlow {BODY} at (0,0) size 800x600
      LayoutTable (floating) {TABLE} at (0,0) size 103x40 [bgcolor=#0000FF]
        LayoutTableSection {TBODY} at (0,0) size 103x40
          LayoutTableRow {TR} at (0,0) size 103x40
            LayoutTableCell {TD} at (0,0) size 103x40 [r=0 c=0 rs=1 cs=1]
              LayoutText {#text} at (0,0) size 61x19
                text run at (0,0) width 61: "Left Table"
              LayoutBR {BR} at (60,15) size 1x0
              LayoutText {#text} at (0,20) size 103x19
                text run at (0,20) width 103: "ALIGN=\"LEFT\""
              LayoutBR {BR} at (103,35) size 0x0
      LayoutTable (floating) {TABLE} at (103,0) size 103x40 [bgcolor=#0000FF]
        LayoutTableSection {TBODY} at (0,0) size 103x40
          LayoutTableRow {TR} at (0,0) size 103x40
            LayoutTableCell {TD} at (0,0) size 103x40 [r=0 c=0 rs=1 cs=1]
              LayoutText {#text} at (0,0) size 78x19
                text run at (0,0) width 78: "Center Table"
              LayoutBR {BR} at (77,15) size 1x0
              LayoutText {#text} at (0,20) size 103x19
                text run at (0,20) width 103: "ALIGN=\"LEFT\""
              LayoutBR {BR} at (103,35) size 0x0
      LayoutTable (floating) {TABLE} at (206,0) size 103x40 [bgcolor=#0000FF]
        LayoutTableSection {TBODY} at (0,0) size 103x40
          LayoutTableRow {TR} at (0,0) size 103x40
            LayoutTableCell {TD} at (0,0) size 103x40 [r=0 c=0 rs=1 cs=1]
              LayoutText {#text} at (0,0) size 68x19
                text run at (0,0) width 68: "Right Table"
              LayoutBR {BR} at (67,15) size 1x0
              LayoutText {#text} at (0,20) size 103x19
                text run at (0,20) width 103: "ALIGN=\"LEFT\""
              LayoutBR {BR} at (103,35) size 0x0
      LayoutBR {BR} at (309,0) size 0x19
      LayoutBR {BR} at (0,40) size 0x19
      LayoutText {#text} at (0,60) size 470x19
        text run at (0,60) width 470: "The three tables above should abut each other. (in NN3/4 and IE4/5 they do)."
