layer at (0,0) size 800x600
  LayoutView at (0,0) size 800x600
layer at (0,0) size 800x124
  LayoutBlockFlow {HTML} at (0,0) size 800x124
    LayoutBlockFlow {BODY} at (8,8) size 784x108
      LayoutBlockFlow (anonymous) at (0,0) size 784x20
        LayoutText {#text} at (0,0) size 4x19
          text run at (0,0) width 4: " "
      LayoutTable {TABLE} at (0,20) size 234x88 [border: (1px outset #808080)]
        LayoutTableSection {TBODY} at (1,1) size 232x86
          LayoutTableRow {TR} at (0,2) size 232x26
            LayoutTableCell {TD} at (2,2) size 14x26 [border: (1px inset #808080)] [r=0 c=0 rs=1 cs=1]
              LayoutText {#text} at (3,3) size 8x19
                text run at (3,3) width 8: "1"
            LayoutTableCell {TD} at (18,16) size 132x26 [border: (1px inset #808080)] [r=0 c=1 rs=2 cs=2]
              LayoutText {#text} at (3,3) size 126x19
                text run at (3,3) width 126: "colspan 2 rowspan 2"
            LayoutTableCell {TD} at (152,2) size 22x26 [border: (1px inset #808080)] [r=0 c=3 rs=1 cs=1]
              LayoutText {#text} at (3,3) size 8x19
                text run at (3,3) width 8: "3"
          LayoutTableRow {TR} at (0,30) size 232x26
            LayoutTableCell {TD} at (2,30) size 14x26 [border: (1px inset #808080)] [r=1 c=0 rs=1 cs=1]
              LayoutText {#text} at (3,3) size 8x19
                text run at (3,3) width 8: "4"
            LayoutTableCell {TD} at (152,30) size 22x26 [border: (1px inset #808080)] [r=1 c=3 rs=1 cs=1]
              LayoutText {#text} at (3,3) size 8x19
                text run at (3,3) width 8: "5"
            LayoutTableCell {TD} at (176,30) size 22x26 [border: (1px inset #808080)] [r=1 c=4 rs=1 cs=1]
              LayoutText {#text} at (3,3) size 8x19
                text run at (3,3) width 8: "6"
            LayoutTableCell {TD} at (200,30) size 14x26 [border: (1px inset #808080)] [r=1 c=5 rs=1 cs=1]
              LayoutText {#text} at (3,3) size 8x19
                text run at (3,3) width 8: "7"
            LayoutTableCell {TD} at (216,30) size 14x26 [border: (1px inset #808080)] [r=1 c=6 rs=1 cs=1]
              LayoutText {#text} at (3,3) size 8x19
                text run at (3,3) width 8: "8"
          LayoutTableRow {TR} at (0,58) size 232x26
            LayoutTableCell {TD} at (2,58) size 14x26 [border: (1px inset #808080)] [r=2 c=0 rs=1 cs=1]
              LayoutText {#text} at (3,3) size 8x19
                text run at (3,3) width 8: "9"
            LayoutTableCell {TD} at (18,58) size 65x26 [border: (1px inset #808080)] [r=2 c=1 rs=1 cs=1]
              LayoutText {#text} at (3,3) size 16x19
                text run at (3,3) width 16: "10"
            LayoutTableCell {TD} at (85,58) size 65x26 [border: (1px inset #808080)] [r=2 c=2 rs=1 cs=1]
              LayoutText {#text} at (3,3) size 16x19
                text run at (3,3) width 16: "11"
            LayoutTableCell {TD} at (152,58) size 22x26 [border: (1px inset #808080)] [r=2 c=3 rs=1 cs=1]
              LayoutText {#text} at (3,3) size 16x19
                text run at (3,3) width 16: "12"
            LayoutTableCell {TD} at (176,58) size 22x26 [border: (1px inset #808080)] [r=2 c=4 rs=1 cs=1]
              LayoutText {#text} at (3,3) size 16x19
                text run at (3,3) width 16: "13"
