layer at (0,0) size 800x600 scrollWidth 807
  LayoutView at (0,0) size 800x600
layer at (0,0) size 800x600
  LayoutBlockFlow {HTML} at (0,0) size 800x600
    LayoutBlockFlow {BODY} at (8,8) size 784x584
      LayoutTable {TABLE} at (0,0) size 799x32 [bgcolor=#FFFFFF]
        LayoutTableSection {TBODY} at (0,0) size 799x32
          LayoutTableRow {TR} at (0,0) size 799x32
            LayoutTableCell {TD} at (0,0) size 398x32 [r=0 c=0 rs=1 cs=1]
              LayoutBlockFlow {PRE} at (0,0) size 398x32
                LayoutInline {FONT} at (0,0) size 398x31
                  LayoutText {#text} at (0,0) size 398x31
                    text run at (0,0) width 398: "/* -*- Mode: C++; tab-width: 2; indent-tabs-mode: nil; c-basic-offset: 2 -*-  "
                    text run at (397,0) width 1: " "
                    text run at (0,16) width 6: "  "
            LayoutTableCell {TD} at (398,8) size 401x16 [r=0 c=1 rs=1 cs=1]
              LayoutBlockFlow {PRE} at (0,0) size 401x16
                LayoutInline {FONT} at (0,0) size 401x15
                  LayoutText {#text} at (0,0) size 401x15
                    text run at (0,0) width 401: "/* -*- Mode: C++; tab-width: 2; indent-tabs-mode: nil; c-basic-offset: 2 -*-   "
                    text run at (400,0) width 1: " "
