layer at (0,0) size 800x600
  LayoutView at (0,0) size 800x600
layer at (0,0) size 800x600
  LayoutBlockFlow {HTML} at (0,0) size 800x600
    LayoutBlockFlow {BODY} at (8,8) size 784x584
      LayoutBlockFlow (anonymous) at (0,0) size 784x20
        LayoutText {#text} at (0,0) size 302x19
          text run at (0,0) width 302: "If the text is too low, then it is probably Bug 6920."
        LayoutText {#text} at (0,0) size 0x0
      LayoutTable {TABLE} at (0,20) size 262x66 [bgcolor=#FFCC00] [border: (1px outset #808080)]
        LayoutTableSection {TBODY} at (1,1) size 260x64
          LayoutTableRow {TR} at (0,2) size 260x60
            LayoutTableCell {TD} at (2,2) size 256x60 [border: (1px inset #808080)] [r=0 c=0 rs=1 cs=1]
              LayoutBlockFlow {DL} at (2,2) size 252x40
                LayoutBlockFlow (anonymous) at (0,0) size 252x0
                  LayoutInline {FONT} at (0,0) size 0x0
                    LayoutText {#text} at (0,0) size 0x0
                LayoutBlockFlow (anonymous) at (0,0) size 252x20
                  LayoutBlockFlow {DT} at (0,0) size 252x20
                    LayoutText {#text} at (0,0) size 23x19
                      text run at (0,0) width 23: "Baz"
                LayoutBlockFlow (anonymous) at (0,20) size 252x0
                  LayoutInline {FONT} at (0,0) size 0x0
                  LayoutText {#text} at (0,0) size 0x0
                LayoutBlockFlow {DD} at (40,20) size 212x20
                  LayoutText {#text} at (0,0) size 212x19
                    text run at (0,0) width 212: "foo foo foo foo foo foo foo foo foo"
