layer at (0,0) size 800x600
  LayoutView at (0,0) size 800x600
layer at (0,0) size 800x600
  LayoutBlockFlow {HTML} at (0,0) size 800x600
    LayoutBlockFlow {BODY} at (8,8) size 784x584
      LayoutTable {TABLE} at (0,0) size 66x50
        LayoutTableCol {COLGROUP} at (0,0) size 0x0
          LayoutTableCol {COL} at (0,0) size 0x0
        LayoutTableSection {TBODY} at (0,0) size 66x50
          LayoutTableRow {TR} at (0,2) size 66x22
            LayoutTableCell {TD} at (2,2) size 62x22 [r=0 c=0 rs=1 cs=2]
              LayoutText {#text} at (1,1) size 11x19
                text run at (1,1) width 11: "A"
          LayoutTableRow {TR} at (0,26) size 66x22
            LayoutTableCell {TD} at (2,26) size 12x22 [r=1 c=0 rs=1 cs=1]
              LayoutText {#text} at (1,1) size 10x19
                text run at (1,1) width 10: "B"
            LayoutTableCell {TD} at (16,26) size 48x22 [r=1 c=1 rs=1 cs=1]
              LayoutText {#text} at (1,1) size 11x19
                text run at (1,1) width 11: "C"
