layer at (0,0) size 800x600
  LayoutView at (0,0) size 800x600
layer at (0,0) size 800x600
  LayoutBlockFlow {HTML} at (0,0) size 800x600
    LayoutBlockFlow {BODY} at (8,8) size 784x584
      LayoutBlockFlow (anonymous) at (0,0) size 784x20
        LayoutText {#text} at (0,0) size 215x19
          text run at (0,0) width 215: "There should be text below this line:"
      LayoutTable (anonymous) at (0,20) size 112x20
        LayoutTableSection (anonymous) at (0,0) size 112x20
          LayoutTableRow {DIV} at (0,0) size 112x20
            LayoutTableCell (anonymous) at (0,0) size 112x20 [r=0 c=0 rs=1 cs=1]
              LayoutText {#text} at (0,0) size 112x19
                text run at (0,0) width 112: "Second line of text"
