layer at (0,0) size 800x600
  LayoutView at (0,0) size 800x600
layer at (0,0) size 800x600
  LayoutBlockFlow {HTML} at (0,0) size 800x600
    LayoutBlockFlow {BODY} at (8,8) size 784x584 [bgcolor=#68A8E8]
      LayoutBlockFlow {DIV} at (0,0) size 784x27 [bgcolor=#D0D0D0]
        LayoutText {#text} at (322,0) size 140x26
          text run at (322,0) width 140: "Font Size:6mm"
      LayoutTable {TABLE} at (0,27) size 784x127 [bgcolor=#008000]
        LayoutTableSection {TBODY} at (0,0) size 784x127
          LayoutTableRow {TR} at (0,2) size 784x123
            LayoutTableCell {TD} at (2,2) size 389x123 [r=0 c=0 rs=1 cs=1]
              LayoutBlockFlow {DIV} at (1,1) size 387x27 [bgcolor=#D0D0D0]
                LayoutText {#text} at (93,0) size 201x26
                  text run at (93,0) width 201: "Table height at 24mm"
              LayoutTable {TABLE} at (1,28) size 387x94
                LayoutTableSection {THEAD} at (0,0) size 387x32 [bgcolor=#FF0000]
                  LayoutTableRow {TR} at (0,2) size 387x28
                    LayoutTableCell {TD} at (2,2) size 383x28 [r=0 c=0 rs=1 cs=1]
                      LayoutText {#text} at (151,1) size 81x25
                        text run at (151,1) width 81: "THEAD"
                LayoutTableSection {TFOOT} at (0,63) size 387x31 [bgcolor=#0000FF]
                  LayoutTableRow {TR} at (0,0) size 387x29
                    LayoutTableCell {TD} at (2,0) size 383x29 [r=0 c=0 rs=1 cs=1]
                      LayoutText {#text} at (154,1) size 75x26
                        text run at (154,1) width 75: "TFOOT"
                LayoutTableSection {TBODY} at (0,32) size 387x31 [bgcolor=#FFFF00]
                  LayoutTableRow {TR} at (0,0) size 387x29
                    LayoutTableCell {TD} at (2,0) size 383x29 [r=0 c=0 rs=1 cs=1]
                      LayoutText {#text} at (154,1) size 75x26
                        text run at (154,1) width 75: "TBODY"
            LayoutTableCell {TD} at (393,2) size 389x123 [r=0 c=1 rs=1 cs=1]
              LayoutBlockFlow {DIV} at (1,1) size 387x27 [bgcolor=#D0D0D0]
                LayoutText {#text} at (93,0) size 201x26
                  text run at (93,0) width 201: "Table height at 25mm"
              LayoutTable {TABLE} at (1,28) size 387x94
                LayoutTableSection {THEAD} at (0,0) size 387x32 [bgcolor=#FF0000]
                  LayoutTableRow {TR} at (0,2) size 387x28
                    LayoutTableCell {TD} at (2,2) size 383x28 [r=0 c=0 rs=1 cs=1]
                      LayoutText {#text} at (151,1) size 81x25
                        text run at (151,1) width 81: "THEAD"
                LayoutTableSection {TFOOT} at (0,63) size 387x31 [bgcolor=#0000FF]
                  LayoutTableRow {TR} at (0,0) size 387x29
                    LayoutTableCell {TD} at (2,0) size 383x29 [r=0 c=0 rs=1 cs=1]
                      LayoutText {#text} at (154,1) size 75x26
                        text run at (154,1) width 75: "TFOOT"
                LayoutTableSection {TBODY} at (0,32) size 387x31 [bgcolor=#FFFF00]
                  LayoutTableRow {TR} at (0,0) size 387x29
                    LayoutTableCell {TD} at (2,0) size 383x29 [r=0 c=0 rs=1 cs=1]
                      LayoutText {#text} at (154,1) size 75x26
                        text run at (154,1) width 75: "TBODY"
