layer at (0,0) size 800x600
  LayoutView at (0,0) size 800x600
layer at (0,0) size 800x600
  LayoutBlockFlow {HTML} at (0,0) size 800x600
    LayoutBlockFlow {BODY} at (8,8) size 784x584
      LayoutTable {TABLE} at (0,0) size 300x50 [border: (2px outset #808080)]
        LayoutTableSection {TBODY} at (2,2) size 296x46
          LayoutTableRow {TR} at (0,0) size 296x46
            LayoutTableCell {TD} at (0,0) size 296x46 [bgcolor=#FFFF00] [border: (1px inset #808080)] [r=0 c=0 rs=1 cs=1]
              LayoutBlockFlow {CENTER} at (3,3) size 290x40
                LayoutInline {A} at (0,0) size 0x0 [color=#0000EE]
                  LayoutBlockFlow (floating) {IMG} at (0,0) size 20x20
                LayoutText {#text} at (0,0) size 0x0
                LayoutInline {A} at (0,0) size 181x39 [color=#0000EE]
                  LayoutInline {FONT} at (0,0) size 181x39 [color=#000000]
                    LayoutText {#text} at (68,0) size 177x19
                      text run at (68,0) width 107: "Free Homepage! "
                      text run at (175,0) width 70: "Free Email!"
                    LayoutBR {BR} at (245,15) size 0x0
                    LayoutText {#text} at (64,20) size 162x19
                      text run at (64,20) width 39: "It's all "
                      text run at (103,20) width 123: "yours at ACMEcity!"
layer at (13,13) size 20x20 clip at (14,14) size 18x18
  LayoutBlockFlow {DIV} at (0,0) size 20x20 [border: (1px solid #C0C0C0)]
    LayoutImage (floating) {IMG} at (2,2) size 16x16
layer at (31,15) size 0x0
  LayoutBlockFlow {DIV} at (18,2) size 0x0
