layer at (0,0) size 800x600
  LayoutView at (0,0) size 800x600
layer at (0,0) size 800x600
  LayoutBlockFlow {HTML} at (0,0) size 800x600
    LayoutBlockFlow {BODY} at (8,8) size 784x584
      LayoutTable {TABLE} at (0,0) size 43x22
        LayoutTableSection {TBODY} at (0,0) size 43x22
          LayoutTableRow {TR} at (0,0) size 43x0
          LayoutTableRow {TR} at (0,0) size 43x22
            LayoutTableCell {TD} at (0,0) size 43x22 [r=1 c=0 rs=1 cs=1]
              LayoutText {#text} at (1,1) size 41x19
                text run at (1,1) width 41: "Hmm2"
