layer at (0,0) size 800x600
  LayoutView at (0,0) size 800x600
layer at (0,0) size 800x600
  LayoutBlockFlow {HTML} at (0,0) size 800x600
    LayoutBlockFlow {BODY} at (8,8) size 784x584 [bgcolor=#FFFFFF]
      LayoutBlockFlow {P} at (0,0) size 784x20
        LayoutText {#text} at (0,0) size 137x19
          text run at (0,0) width 137: "Testcase distilled from "
        LayoutInline {A} at (0,0) size 175x19 [color=#0000EE]
          LayoutText {#text} at (136,0) size 175x19
            text run at (136,0) width 175: "http://webdeveloper.com/xml"
      LayoutTable {TABLE} at (0,36) size 644x105 [border: (1px outset #808080)]
        LayoutTableSection {TBODY} at (1,1) size 642x103
          LayoutTableRow {TR} at (0,0) size 642x103
            LayoutTableCell {TD} at (0,0) size 510x103 [border: (1px inset #808080)] [r=0 c=0 rs=1 cs=1]
              LayoutBlockFlow {UL} at (1,1) size 508x85
                LayoutListItem {LI} at (40,0) size 468x85
                  LayoutListMarker (anonymous) at (-18,0) size 7x19: bullet
                  LayoutText {#text} at (0,0) size 186x19
                    text run at (0,0) width 186: "The XML Files Resources List"
                  LayoutText {#text} at (0,0) size 0x0
                  LayoutImage {IMG} at (0,20) size 468x60
                  LayoutText {#text} at (0,0) size 0x0
            LayoutTableCell {TD} at (510,22) size 132x59 [border: (1px inset #808080)] [r=0 c=1 rs=1 cs=1]
              LayoutTable {TABLE} at (1,1) size 130x57 [border: (1px outset #808080)]
                LayoutTableSection {TBODY} at (1,1) size 128x55
                  LayoutTableRow {TR} at (0,2) size 128x51
                    LayoutTableCell {TD} at (2,2) size 124x51 [border: (1px inset #808080)] [r=0 c=0 rs=1 cs=1]
                      LayoutImage {IMG} at (3,3) size 118x25
                      LayoutBR {BR} at (121,28) size 0x0
                      LayoutText {#text} at (24,28) size 6x19
                        text run at (24,28) width 6: "["
                      LayoutInline {I} at (0,0) size 66x19
                        LayoutText {#text} at (29,28) size 66x19
                          text run at (29,28) width 66: " Site Map "
                      LayoutText {#text} at (94,28) size 6x19
                        text run at (94,28) width 6: "]"
      LayoutBlockFlow {P} at (0,157) size 784x20
        LayoutText {#text} at (0,0) size 180x19
          text run at (0,0) width 180: "Same as above, but removed "
        LayoutInline {CODE} at (0,0) size 136x16
          LayoutText {#text} at (180,3) size 136x16
            text run at (180,3) width 136: "<SCRIPT></SCRIPT>"
      LayoutTable {TABLE} at (0,193) size 644x105 [border: (1px outset #808080)]
        LayoutTableSection {TBODY} at (1,1) size 642x103
          LayoutTableRow {TR} at (0,0) size 642x103
            LayoutTableCell {TD} at (0,0) size 510x103 [border: (1px inset #808080)] [r=0 c=0 rs=1 cs=1]
              LayoutBlockFlow {UL} at (1,1) size 508x85
                LayoutListItem {LI} at (40,0) size 468x85
                  LayoutListMarker (anonymous) at (-18,0) size 7x19: bullet
                  LayoutText {#text} at (0,0) size 186x19
                    text run at (0,0) width 186: "The XML Files Resources List"
                  LayoutImage {IMG} at (0,20) size 468x60
                  LayoutText {#text} at (0,0) size 0x0
            LayoutTableCell {TD} at (510,22) size 132x59 [border: (1px inset #808080)] [r=0 c=1 rs=1 cs=1]
              LayoutTable {TABLE} at (1,1) size 130x57 [border: (1px outset #808080)]
                LayoutTableSection {TBODY} at (1,1) size 128x55
                  LayoutTableRow {TR} at (0,2) size 128x51
                    LayoutTableCell {TD} at (2,2) size 124x51 [border: (1px inset #808080)] [r=0 c=0 rs=1 cs=1]
                      LayoutImage {IMG} at (3,3) size 118x25
                      LayoutBR {BR} at (121,28) size 0x0
                      LayoutText {#text} at (24,28) size 6x19
                        text run at (24,28) width 6: "["
                      LayoutInline {I} at (0,0) size 66x19
                        LayoutText {#text} at (29,28) size 66x19
                          text run at (29,28) width 66: " Site Map "
                      LayoutText {#text} at (94,28) size 6x19
                        text run at (94,28) width 6: "]"
