layer at (0,0) size 800x600
  LayoutView at (0,0) size 800x600
layer at (0,0) size 800x600
  LayoutBlockFlow {HTML} at (0,0) size 800x600
    LayoutBlockFlow {BODY} at (8,8) size 784x584 [bgcolor=#FFFFFF]
      LayoutBlockFlow {P} at (0,0) size 784x60
        LayoutText {#text} at (0,0) size 137x19
          text run at (0,0) width 137: "Testcase distilled from "
        LayoutInline {A} at (0,0) size 157x19 [color=#0000EE]
          LayoutText {#text} at (136,0) size 157x19
            text run at (136,0) width 157: "http://www.microsoft.com"
        LayoutBR {BR} at (292,15) size 1x0
        LayoutText {#text} at (0,20) size 559x19
          text run at (0,20) width 559: "The problem seems to be that the last cell in each row have an \"excessive\" COLSPAN value."
        LayoutBR {BR} at (558,35) size 1x0
        LayoutText {#text} at (0,40) size 376x19
          text run at (0,40) width 376: "I have added BORDER=1 to make the cell boundaries visible."
      LayoutTable {TABLE} at (0,76) size 784x88 [border: (1px outset #808080)]
        LayoutTableSection {TBODY} at (1,1) size 782x86
          LayoutTableRow {TR} at (0,0) size 782x22
            LayoutTableCell {TD} at (0,0) size 305x62 [border: (1px inset #808080)] [r=0 c=0 rs=2 cs=1]
              LayoutImage {IMG} at (1,1) size 250x60
            LayoutTableCell {TD} at (305,0) size 21x22 [border: (1px inset #808080)] [r=0 c=1 rs=1 cs=1]
              LayoutImage {IMG} at (2,1) size 18x20
            LayoutTableCell {TD} at (326,0) size 456x22 [bgcolor=#000000] [border: (1px inset #808080)] [r=0 c=2 rs=1 cs=2]
              LayoutText {#text} at (85,1) size 370x19
                text run at (85,1) width 166: "  All Products  |  Support  | "
                text run at (251,1) width 204: "  Search  |  microsoft.com Home  "
          LayoutTableRow {TR} at (0,22) size 782x42
            LayoutTableCell {TD} at (305,22) size 21x42 [border: (1px inset #808080)] [r=1 c=1 rs=1 cs=1]
              LayoutImage {IMG} at (1,1) size 19x40
            LayoutTableCell {TD} at (326,22) size 456x42 [border: (1px inset #808080)] [r=1 c=2 rs=1 cs=2]
              LayoutImage {IMG} at (143,1) size 200x40
              LayoutImage {IMG} at (343,1) size 112x40
              LayoutText {#text} at (0,0) size 0x0
          LayoutTableRow {TR} at (0,64) size 782x22
            LayoutTableCell {TD} at (0,64) size 782x22 [bgcolor=#6699CC] [border: (1px inset #808080)] [r=2 c=0 rs=1 cs=4]
              LayoutText {#text} at (1,1) size 671x19
                text run at (1,1) width 60: "  Home  | "
                text run at (61,1) width 115: "  Events/Training  | "
                text run at (175,1) width 84: "  Subscribe  | "
                text run at (258,1) width 124: "  About Microsoft  | "
                text run at (381,1) width 115: "  US/Worldwide  | "
                text run at (495,1) width 93: "  Downloads  | "
                text run at (587,1) width 85: "  MSN.com  |"
      LayoutBlockFlow {P} at (0,180) size 784x40
        LayoutText {#text} at (0,0) size 619x19
          text run at (0,0) width 619: "The following table is exactly as above, but I have removed COLSPAN for the last cell in row 1 and 2,"
        LayoutBR {BR} at (618,15) size 1x0
        LayoutText {#text} at (0,20) size 369x19
          text run at (0,20) width 369: "and changed COLSPAN=4 to COLSPAN=3 in the last row."
      LayoutTable {TABLE} at (0,236) size 784x88 [border: (1px outset #808080)]
        LayoutTableSection {TBODY} at (1,1) size 782x86
          LayoutTableRow {TR} at (0,0) size 782x22
            LayoutTableCell {TD} at (0,0) size 305x62 [border: (1px inset #808080)] [r=0 c=0 rs=2 cs=1]
              LayoutImage {IMG} at (1,1) size 250x60
            LayoutTableCell {TD} at (305,0) size 21x22 [border: (1px inset #808080)] [r=0 c=1 rs=1 cs=1]
              LayoutImage {IMG} at (2,1) size 18x20
            LayoutTableCell {TD} at (326,0) size 456x22 [bgcolor=#000000] [border: (1px inset #808080)] [r=0 c=2 rs=1 cs=1]
              LayoutText {#text} at (85,1) size 370x19
                text run at (85,1) width 166: "  All Products  |  Support  | "
                text run at (251,1) width 204: "  Search  |  microsoft.com Home  "
          LayoutTableRow {TR} at (0,22) size 782x42
            LayoutTableCell {TD} at (305,22) size 21x42 [border: (1px inset #808080)] [r=1 c=1 rs=1 cs=1]
              LayoutImage {IMG} at (1,1) size 19x40
            LayoutTableCell {TD} at (326,22) size 456x42 [border: (1px inset #808080)] [r=1 c=2 rs=1 cs=1]
              LayoutImage {IMG} at (143,1) size 200x40
              LayoutImage {IMG} at (343,1) size 112x40
              LayoutText {#text} at (0,0) size 0x0
          LayoutTableRow {TR} at (0,64) size 782x22
            LayoutTableCell {TD} at (0,64) size 782x22 [bgcolor=#6699CC] [border: (1px inset #808080)] [r=2 c=0 rs=1 cs=3]
              LayoutText {#text} at (1,1) size 671x19
                text run at (1,1) width 60: "  Home  | "
                text run at (61,1) width 115: "  Events/Training  | "
                text run at (175,1) width 84: "  Subscribe  | "
                text run at (258,1) width 124: "  About Microsoft  | "
                text run at (381,1) width 115: "  US/Worldwide  | "
                text run at (495,1) width 93: "  Downloads  | "
                text run at (587,1) width 85: "  MSN.com  |"
