layer at (0,0) size 800x600
  LayoutView at (0,0) size 800x600
layer at (0,0) size 800x600
  LayoutBlockFlow {HTML} at (0,0) size 800x600
    LayoutBlockFlow {BODY} at (8,8) size 784x584
      LayoutTable {TABLE} at (0,0) size 14x584 [border: (1px outset #808080)]
        LayoutTableSection {TBODY} at (1,1) size 12x582
          LayoutTableRow {TR} at (0,2) size 12x578
            LayoutTableCell {TD} at (2,279) size 8x24 [border: (1px inset #808080)] [r=0 c=0 rs=1 cs=1]
              LayoutText {#text} at (2,2) size 4x19
                text run at (2,2) width 4: " "
