layer at (0,0) size 800x600
  LayoutView at (0,0) size 800x600
layer at (0,0) size 800x600
  LayoutBlockFlow {HTML} at (0,0) size 800x600
    LayoutBlockFlow {BODY} at (8,8) size 784x584
      LayoutBlockFlow {P} at (0,0) size 784x20
        LayoutText {#text} at (0,0) size 180x19
          text run at (0,0) width 180: "Tests of padding in table cells."
      LayoutTable {TABLE} at (0,36) size 379x130
        LayoutTableSection {TBODY} at (0,0) size 379x130
          LayoutTableRow {TR} at (0,2) size 379x126
            LayoutTableCell {TD} at (2,2) size 130x126 [r=0 c=0 rs=1 cs=1]
              LayoutBlockFlow {P} at (10,10) size 110x20
                LayoutInline {B} at (0,0) size 110x19
                  LayoutText {#text} at (0,0) size 110x19
                    text run at (0,0) width 110: "1) padding: 20px"
              LayoutTable {TABLE} at (10,46) size 83x70 [border: (1px outset #808080)]
                LayoutTableSection {TBODY} at (1,1) size 81x68
                  LayoutTableRow {TR} at (0,2) size 81x64
                    LayoutTableCell {TD} at (2,2) size 77x64 [border: (1px inset #808080)] [r=0 c=0 rs=1 cs=1]
                      LayoutBlockFlow {DIV} at (21,21) size 35x22 [border: (1px dashed #FF0000)]
                        LayoutText {#text} at (1,1) size 33x19
                          text run at (1,1) width 33: "FOO"
            LayoutTableCell {TD} at (134,2) size 243x126 [r=0 c=1 rs=1 cs=1]
              LayoutBlockFlow {P} at (10,10) size 223x20
                LayoutInline {B} at (0,0) size 223x19
                  LayoutText {#text} at (0,0) size 223x19
                    text run at (0,0) width 223: "2) padding: 10px 25px 30px 45px;"
              LayoutTable {TABLE} at (10,46) size 113x70 [border: (1px outset #808080)]
                LayoutTableSection {TBODY} at (1,1) size 111x68
                  LayoutTableRow {TR} at (0,2) size 111x64
                    LayoutTableCell {TD} at (2,2) size 107x64 [border: (1px inset #808080)] [r=0 c=0 rs=1 cs=1]
                      LayoutBlockFlow {DIV} at (46,11) size 35x22 [border: (1px dashed #FF0000)]
                        LayoutText {#text} at (1,1) size 33x19
                          text run at (1,1) width 33: "FOO"
      LayoutBlockFlow (anonymous) at (0,166) size 784x20
        LayoutBR {BR} at (0,0) size 0x19
      LayoutTable {TABLE} at (0,186) size 670x111
        LayoutTableSection {TBODY} at (0,0) size 670x111
          LayoutTableRow {TR} at (0,2) size 670x107
            LayoutTableCell {TD} at (2,2) size 157x88 [r=0 c=0 rs=1 cs=1]
              LayoutBlockFlow {P} at (10,10) size 137x20
                LayoutInline {B} at (0,0) size 137x19
                  LayoutText {#text} at (0,0) size 137x19
                    text run at (0,0) width 137: "3) padding-left: 20px"
              LayoutTable {TABLE} at (10,46) size 64x32 [border: (1px outset #808080)]
                LayoutTableSection {TBODY} at (1,1) size 62x30
                  LayoutTableRow {TR} at (0,2) size 62x26
                    LayoutTableCell {TD} at (2,2) size 58x26 [border: (1px inset #808080)] [r=0 c=0 rs=1 cs=1]
                      LayoutBlockFlow {DIV} at (21,2) size 35x22 [border: (1px dashed #FF0000)]
                        LayoutText {#text} at (1,1) size 33x19
                          text run at (1,1) width 33: "FOO"
            LayoutTableCell {TD} at (161,2) size 166x88 [r=0 c=1 rs=1 cs=1]
              LayoutBlockFlow {P} at (10,10) size 146x20
                LayoutInline {B} at (0,0) size 146x19
                  LayoutText {#text} at (0,0) size 146x19
                    text run at (0,0) width 146: "4) padding-right: 20px"
              LayoutTable {TABLE} at (10,46) size 64x32 [border: (1px outset #808080)]
                LayoutTableSection {TBODY} at (1,1) size 62x30
                  LayoutTableRow {TR} at (0,2) size 62x26
                    LayoutTableCell {TD} at (2,2) size 58x26 [border: (1px inset #808080)] [r=0 c=0 rs=1 cs=1]
                      LayoutBlockFlow {DIV} at (2,2) size 35x22 [border: (1px dashed #FF0000)]
                        LayoutText {#text} at (1,1) size 33x19
                          text run at (1,1) width 33: "FOO"
            LayoutTableCell {TD} at (329,2) size 156x107 [r=0 c=2 rs=1 cs=1]
              LayoutBlockFlow {P} at (10,10) size 136x20
                LayoutInline {B} at (0,0) size 136x19
                  LayoutText {#text} at (0,0) size 136x19
                    text run at (0,0) width 136: "5) padding-top: 20px"
              LayoutTable {TABLE} at (10,46) size 45x51 [border: (1px outset #808080)]
                LayoutTableSection {TBODY} at (1,1) size 43x49
                  LayoutTableRow {TR} at (0,2) size 43x45
                    LayoutTableCell {TD} at (2,2) size 39x45 [border: (1px inset #808080)] [r=0 c=0 rs=1 cs=1]
                      LayoutBlockFlow {DIV} at (2,21) size 35x22 [border: (1px dashed #FF0000)]
                        LayoutText {#text} at (1,1) size 33x19
                          text run at (1,1) width 33: "FOO"
            LayoutTableCell {TD} at (487,2) size 181x107 [r=0 c=3 rs=1 cs=1]
              LayoutBlockFlow {P} at (10,10) size 161x20
                LayoutInline {B} at (0,0) size 161x19
                  LayoutText {#text} at (0,0) size 161x19
                    text run at (0,0) width 161: "6) padding-bottom: 20px"
              LayoutTable {TABLE} at (10,46) size 45x51 [border: (1px outset #808080)]
                LayoutTableSection {TBODY} at (1,1) size 43x49
                  LayoutTableRow {TR} at (0,2) size 43x45
                    LayoutTableCell {TD} at (2,2) size 39x45 [border: (1px inset #808080)] [r=0 c=0 rs=1 cs=1]
                      LayoutBlockFlow {DIV} at (2,2) size 35x22 [border: (1px dashed #FF0000)]
                        LayoutText {#text} at (1,1) size 33x19
                          text run at (1,1) width 33: "FOO"
      LayoutBlockFlow (anonymous) at (0,297) size 784x20
        LayoutBR {BR} at (0,0) size 0x19
      LayoutBlockFlow {P} at (0,333) size 784x20
        LayoutInline {B} at (0,0) size 232x19
          LayoutText {#text} at (0,0) size 232x19
            text run at (0,0) width 232: "misc) padding: 20px 10px 40px 0px"
      LayoutTable {TABLE} at (0,369) size 53x90 [border: (1px outset #808080)]
        LayoutTableSection {TBODY} at (1,1) size 51x88
          LayoutTableRow {TR} at (0,2) size 51x84
            LayoutTableCell {TD} at (2,2) size 47x84 [border: (1px inset #808080)] [r=0 c=0 rs=1 cs=1]
              LayoutBlockFlow {DIV} at (1,21) size 35x22 [border: (1px dashed #FF0000)]
                LayoutText {#text} at (1,1) size 33x19
                  text run at (1,1) width 33: "FOO"
      LayoutBlockFlow {P} at (0,475) size 784x20
        LayoutInline {B} at (0,0) size 316x19
          LayoutText {#text} at (0,0) size 316x19
            text run at (0,0) width 316: "misc) padding-top: 10px; padding-bottom: 20px;"
      LayoutTable {TABLE} at (0,511) size 45x60 [border: (1px outset #808080)]
        LayoutTableSection {TBODY} at (1,1) size 43x58
          LayoutTableRow {TR} at (0,2) size 43x54
            LayoutTableCell {TD} at (2,2) size 39x54 [border: (1px inset #808080)] [r=0 c=0 rs=1 cs=1]
              LayoutBlockFlow {DIV} at (2,11) size 35x22 [border: (1px dashed #FF0000)]
                LayoutText {#text} at (1,1) size 33x19
                  text run at (1,1) width 33: "FOO"
