layer at (0,0) size 800x600
  LayoutView at (0,0) size 800x600
layer at (0,0) size 800x600
  LayoutBlockFlow {HTML} at (0,0) size 800x600
    LayoutBlockFlow {BODY} at (8,8) size 784x584
      LayoutBlockFlow (anonymous) at (0,0) size 784x20
        LayoutText {#text} at (0,0) size 9x19
          text run at (0,0) width 9: ">"
      LayoutTable {TABLE} at (0,20) size 0x0
        LayoutBlockFlow {CAPTION} at (0,0) size 0x0
