layer at (0,0) size 800x600 clip at (0,0) size 785x600 scrollHeight 989
  LayoutView at (0,0) size 800x600
layer at (0,0) size 785x989 backgroundClip at (0,0) size 785x600 clip at (0,0) size 785x600
  LayoutBlockFlow {HTML} at (0,0) size 785x989.13
    LayoutBlockFlow {BODY} at (8,21.44) size 769x951.69
      LayoutBlockFlow {H1} at (0,0) size 769x37
        LayoutText {#text} at (0,0) size 343x36
          text run at (0,0) width 343: "Anonymous table objects"
      LayoutBlockFlow {P} at (0,58.44) size 769x20
        LayoutText {#text} at (0,0) size 49x19
          text run at (0,0) width 49: "See the "
        LayoutInline {A} at (0,0) size 150x19 [color=#0000EE]
          LayoutText {#text} at (49,0) size 150x19
            text run at (49,0) width 51: "relevant "
            text run at (100,0) width 99: "section of CSS2"
        LayoutText {#text} at (199,0) size 119x19
          text run at (199,0) width 119: " for an explanation. "
        LayoutInline {STRONG} at (0,0) size 273x19
          LayoutText {#text} at (318,0) size 273x19
            text run at (318,0) width 122: "This test does not "
            text run at (440,0) width 151: "test inline-tables at all."
        LayoutText {#text} at (0,0) size 0x0
      LayoutBlockFlow {H2} at (0,98.34) size 769x27
        LayoutText {#text} at (0,0) size 66x26
          text run at (0,0) width 66: "Rule 1"
      LayoutTable {DIV} at (0,145.25) size 138x20 [bgcolor=#00FFFF]
        LayoutTableSection (anonymous) at (0,0) size 138x20
          LayoutTableRow (anonymous) at (0,0) size 138x20
            LayoutTableCell (anonymous) at (0,0) size 138x20 [r=0 c=0 rs=1 cs=1]
              LayoutText {#text} at (0,0) size 138x19
                text run at (0,0) width 138: "Table 1, Cell 1, Row 1"
      LayoutBlockFlow {H2} at (0,185.16) size 769x27
        LayoutText {#text} at (0,0) size 66x26
          text run at (0,0) width 66: "Rule 2"
      LayoutBlockFlow {DIV} at (0,232.06) size 769x20
        LayoutTable (anonymous) at (0,0) size 552x20
          LayoutTableSection (anonymous) at (0,0) size 552x20
            LayoutTableRow (anonymous) at (0,0) size 552x20
              LayoutTableCell {SPAN} at (0,0) size 138x20 [bgcolor=#00FFFF] [r=0 c=0 rs=1 cs=1]
                LayoutText {#text} at (0,0) size 138x19
                  text run at (0,0) width 138: "Table 1, Row 1, Cell 1"
              LayoutTableCell {SPAN} at (138,0) size 138x20 [bgcolor=#00FFFF] [r=0 c=1 rs=1 cs=1]
                LayoutText {#text} at (0,0) size 138x19
                  text run at (0,0) width 138: "Table 1, Row 1, Cell 2"
              LayoutTableCell {SPAN} at (276,0) size 138x20 [bgcolor=#00FFFF] [r=0 c=2 rs=1 cs=1]
                LayoutText {#text} at (0,0) size 138x19
                  text run at (0,0) width 138: "Table 1, Row 1, Cell 3"
              LayoutTableCell {SPAN} at (414,0) size 138x20 [bgcolor=#00FFFF] [r=0 c=3 rs=1 cs=1]
                LayoutText {#text} at (0,0) size 138x19
                  text run at (0,0) width 138: "Table 1, Row 1, Cell 4"
      LayoutBlockFlow {DIV} at (0,268.06) size 769x60
        LayoutTable (anonymous) at (0,0) size 552x60
          LayoutTableSection (anonymous) at (0,0) size 552x60
            LayoutTableRow (anonymous) at (0,0) size 552x20
              LayoutTableCell {SPAN} at (0,0) size 138x20 [bgcolor=#00FFFF] [r=0 c=0 rs=1 cs=1]
                LayoutText {#text} at (0,0) size 138x19
                  text run at (0,0) width 138: "Table 2, Row 1, Cell 1"
              LayoutTableCell {SPAN} at (138,0) size 138x20 [bgcolor=#00FFFF] [r=0 c=1 rs=1 cs=1]
                LayoutText {#text} at (0,0) size 138x19
                  text run at (0,0) width 138: "Table 2, Row 1, Cell 2"
              LayoutTableCell {SPAN} at (276,0) size 138x20 [bgcolor=#00FFFF] [r=0 c=2 rs=1 cs=1]
                LayoutText {#text} at (0,0) size 138x19
                  text run at (0,0) width 138: "Table 2, Row 1, Cell 3"
              LayoutTableCell {SPAN} at (414,0) size 138x20 [bgcolor=#00FFFF] [r=0 c=3 rs=1 cs=1]
                LayoutText {#text} at (0,0) size 138x19
                  text run at (0,0) width 138: "Table 2, Row 1, Cell 4"
            LayoutTableRow {SPAN} at (0,20) size 552x20 [bgcolor=#00FFFF]
              LayoutTableCell {SPAN} at (0,20) size 138x20 [r=1 c=0 rs=1 cs=1]
                LayoutText {#text} at (0,0) size 138x19
                  text run at (0,0) width 138: "Table 2, Row 2, Cell 1"
              LayoutTableCell {SPAN} at (138,20) size 138x20 [r=1 c=1 rs=1 cs=1]
                LayoutText {#text} at (0,0) size 138x19
                  text run at (0,0) width 138: "Table 2, Row 2, Cell 2"
              LayoutTableCell {SPAN} at (276,20) size 138x20 [r=1 c=2 rs=1 cs=1]
                LayoutText {#text} at (0,0) size 138x19
                  text run at (0,0) width 138: "Table 2, Row 2, Cell 3"
              LayoutTableCell {SPAN} at (414,20) size 138x20 [r=1 c=3 rs=1 cs=1]
                LayoutText {#text} at (0,0) size 138x19
                  text run at (0,0) width 138: "Table 2, Row 2, Cell 4"
            LayoutTableRow (anonymous) at (0,40) size 552x20
              LayoutTableCell {SPAN} at (0,40) size 138x20 [bgcolor=#00FFFF] [r=2 c=0 rs=1 cs=1]
                LayoutText {#text} at (0,0) size 138x19
                  text run at (0,0) width 138: "Table 2, Row 3, Cell 1"
              LayoutTableCell {SPAN} at (138,40) size 138x20 [bgcolor=#00FFFF] [r=2 c=1 rs=1 cs=1]
                LayoutText {#text} at (0,0) size 138x19
                  text run at (0,0) width 138: "Table 2, Row 3, Cell 2"
              LayoutTableCell {SPAN} at (276,40) size 138x20 [bgcolor=#00FFFF] [r=2 c=2 rs=1 cs=1]
                LayoutText {#text} at (0,0) size 138x19
                  text run at (0,0) width 138: "Table 2, Row 3, Cell 3"
              LayoutTableCell {SPAN} at (414,40) size 138x20 [bgcolor=#00FFFF] [r=2 c=3 rs=1 cs=1]
                LayoutText {#text} at (0,0) size 138x19
                  text run at (0,0) width 138: "Table 2, Row 3, Cell 4"
      LayoutBlockFlow {H2} at (0,347.97) size 769x27
        LayoutText {#text} at (0,0) size 137x26
          text run at (0,0) width 137: "Rules 3 and 4"
      LayoutBlockFlow {P} at (0,394.88) size 769x20
        LayoutText {#text} at (0,0) size 474x19
          text run at (0,0) width 403: "This section does not test the behavior of columns, column groups, "
          text run at (403,0) width 71: "or captions."
      LayoutBlockFlow {DIV} at (0,430.88) size 769x60
        LayoutTable (anonymous) at (0,0) size 552x60
          LayoutTableSection (anonymous) at (0,0) size 552x60
            LayoutTableRow {SPAN} at (0,0) size 552x20 [bgcolor=#00FFFF]
              LayoutTableCell {SPAN} at (0,0) size 138x20 [r=0 c=0 rs=1 cs=1]
                LayoutText {#text} at (0,0) size 138x19
                  text run at (0,0) width 138: "Table 1, Row 1, Cell 1"
              LayoutTableCell {SPAN} at (138,0) size 138x20 [r=0 c=1 rs=1 cs=1]
                LayoutText {#text} at (0,0) size 138x19
                  text run at (0,0) width 138: "Table 1, Row 1, Cell 2"
              LayoutTableCell {SPAN} at (276,0) size 138x20 [r=0 c=2 rs=1 cs=1]
                LayoutText {#text} at (0,0) size 138x19
                  text run at (0,0) width 138: "Table 1, Row 1, Cell 3"
              LayoutTableCell {SPAN} at (414,0) size 138x20 [r=0 c=3 rs=1 cs=1]
                LayoutText {#text} at (0,0) size 138x19
                  text run at (0,0) width 138: "Table 1, Row 1, Cell 4"
            LayoutTableRow {SPAN} at (0,20) size 552x20 [bgcolor=#00FFFF]
              LayoutTableCell {SPAN} at (0,20) size 138x20 [r=1 c=0 rs=1 cs=1]
                LayoutText {#text} at (0,0) size 82x19
                  text run at (0,0) width 82: "T 1, R 2, C 1"
              LayoutTableCell {SPAN} at (138,20) size 138x20 [r=1 c=1 rs=1 cs=1]
                LayoutText {#text} at (0,0) size 138x19
                  text run at (0,0) width 138: "Table 1, Row 2, Cell 2"
              LayoutTableCell {SPAN} at (276,20) size 138x20 [r=1 c=2 rs=1 cs=1]
                LayoutText {#text} at (0,0) size 138x19
                  text run at (0,0) width 138: "Table 1, Row 2, Cell 3"
              LayoutTableCell {SPAN} at (414,20) size 138x20 [r=1 c=3 rs=1 cs=1]
                LayoutText {#text} at (0,0) size 138x19
                  text run at (0,0) width 138: "Table 1, Row 2, Cell 4"
            LayoutTableRow {SPAN} at (0,40) size 552x20 [bgcolor=#00FFFF]
              LayoutTableCell {SPAN} at (0,40) size 138x20 [r=2 c=0 rs=1 cs=1]
                LayoutText {#text} at (0,0) size 138x19
                  text run at (0,0) width 138: "Table 1, Row 3, Cell 1"
              LayoutTableCell {SPAN} at (138,40) size 138x20 [r=2 c=1 rs=1 cs=1]
                LayoutText {#text} at (0,0) size 138x19
                  text run at (0,0) width 138: "Table 1, Row 3, Cell 2"
              LayoutTableCell {SPAN} at (276,40) size 138x20 [r=2 c=2 rs=1 cs=1]
                LayoutText {#text} at (0,0) size 82x19
                  text run at (0,0) width 82: "T 1, R 3, C 3"
              LayoutTableCell {SPAN} at (414,40) size 138x20 [r=2 c=3 rs=1 cs=1]
                LayoutText {#text} at (0,0) size 138x19
                  text run at (0,0) width 138: "Table 1, Row 3, Cell 4"
      LayoutBlockFlow {P} at (0,506.88) size 769x20
        LayoutText {#text} at (0,0) size 687x19
          text run at (0,0) width 687: "Note: table-header-group and table-footer-group are tested only in their HTML order, and they only appear once."
      LayoutBlockFlow {DIV} at (0,542.88) size 769x100
        LayoutTable (anonymous) at (0,0) size 552x100
          LayoutTableSection {SPAN} at (0,0) size 552x20 [bgcolor=#00FFFF]
            LayoutTableRow (anonymous) at (0,0) size 552x20
              LayoutTableCell {SPAN} at (0,0) size 138x20 [bgcolor=#00FFFF] [r=0 c=0 rs=1 cs=1]
                LayoutText {#text} at (0,0) size 138x19
                  text run at (0,0) width 138: "Table 2, Row 1, Cell 1"
              LayoutTableCell {SPAN} at (138,0) size 138x20 [bgcolor=#00FFFF] [r=0 c=1 rs=1 cs=1]
                LayoutText {#text} at (0,0) size 138x19
                  text run at (0,0) width 138: "Table 2, Row 1, Cell 2"
              LayoutTableCell {SPAN} at (276,0) size 138x20 [bgcolor=#00FFFF] [r=0 c=2 rs=1 cs=1]
                LayoutText {#text} at (0,0) size 138x19
                  text run at (0,0) width 138: "Table 2, Row 1, Cell 3"
              LayoutTableCell {SPAN} at (414,0) size 138x20 [bgcolor=#00FFFF] [r=0 c=3 rs=1 cs=1]
                LayoutText {#text} at (0,0) size 138x19
                  text run at (0,0) width 138: "Table 2, Row 1, Cell 4"
          LayoutTableSection {SPAN} at (0,80) size 552x20 [bgcolor=#00FFFF]
            LayoutTableRow (anonymous) at (0,0) size 552x20
              LayoutTableCell {SPAN} at (0,0) size 138x20 [bgcolor=#00FFFF] [r=0 c=0 rs=1 cs=1]
                LayoutText {#text} at (0,0) size 138x19
                  text run at (0,0) width 138: "Table 2, Row 5, Cell 1"
              LayoutTableCell {SPAN} at (138,0) size 138x20 [bgcolor=#00FFFF] [r=0 c=1 rs=1 cs=1]
                LayoutText {#text} at (0,0) size 138x19
                  text run at (0,0) width 138: "Table 2, Row 5, Cell 2"
              LayoutTableCell {SPAN} at (276,0) size 138x20 [bgcolor=#00FFFF] [r=0 c=2 rs=1 cs=1]
                LayoutText {#text} at (0,0) size 82x19
                  text run at (0,0) width 82: "T 2, R 5, C 5"
              LayoutTableCell {SPAN} at (414,0) size 138x20 [bgcolor=#00FFFF] [r=0 c=3 rs=1 cs=1]
                LayoutText {#text} at (0,0) size 138x19
                  text run at (0,0) width 138: "Table 2, Row 5, Cell 4"
          LayoutTableSection (anonymous) at (0,20) size 552x20
            LayoutTableRow {SPAN} at (0,0) size 552x20 [bgcolor=#00FFFF]
              LayoutTableCell {SPAN} at (0,0) size 138x20 [r=0 c=0 rs=1 cs=1]
                LayoutText {#text} at (0,0) size 82x19
                  text run at (0,0) width 82: "T 2, R 2, C 1"
              LayoutTableCell {SPAN} at (138,0) size 138x20 [r=0 c=1 rs=1 cs=1]
                LayoutText {#text} at (0,0) size 138x19
                  text run at (0,0) width 138: "Table 2, Row 2, Cell 2"
              LayoutTableCell {SPAN} at (276,0) size 138x20 [r=0 c=2 rs=1 cs=1]
                LayoutText {#text} at (0,0) size 138x19
                  text run at (0,0) width 138: "Table 2, Row 2, Cell 3"
              LayoutTableCell {SPAN} at (414,0) size 138x20 [r=0 c=3 rs=1 cs=1]
                LayoutText {#text} at (0,0) size 138x19
                  text run at (0,0) width 138: "Table 2, Row 2, Cell 4"
          LayoutTableSection {SPAN} at (0,40) size 552x20 [bgcolor=#00FFFF]
            LayoutTableRow (anonymous) at (0,0) size 552x20
              LayoutTableCell {SPAN} at (0,0) size 138x20 [bgcolor=#00FFFF] [r=0 c=0 rs=1 cs=1]
                LayoutText {#text} at (0,0) size 82x19
                  text run at (0,0) width 82: "T 2, R 3, C 1"
              LayoutTableCell {SPAN} at (138,0) size 138x20 [bgcolor=#00FFFF] [r=0 c=1 rs=1 cs=1]
                LayoutText {#text} at (0,0) size 137x19
                  text run at (0,0) width 137: "Table 2, Row 3, Cell x"
              LayoutTableCell {SPAN} at (276,0) size 138x20 [bgcolor=#00FFFF] [r=0 c=2 rs=1 cs=1]
                LayoutText {#text} at (0,0) size 138x19
                  text run at (0,0) width 138: "Table 2, Row 3, Cell 3"
              LayoutTableCell {SPAN} at (414,0) size 138x20 [bgcolor=#00FFFF] [r=0 c=3 rs=1 cs=1]
                LayoutText {#text} at (0,0) size 138x19
                  text run at (0,0) width 138: "Table 2, Row 3, Cell 4"
          LayoutTableSection {SPAN} at (0,60) size 552x20 [bgcolor=#00FFFF]
            LayoutTableRow {SPAN} at (0,0) size 552x20
              LayoutTableCell {SPAN} at (0,0) size 138x20 [r=0 c=0 rs=1 cs=1]
                LayoutText {#text} at (0,0) size 82x19
                  text run at (0,0) width 82: "T 2, R 4, C 1"
              LayoutTableCell {SPAN} at (138,0) size 138x20 [r=0 c=1 rs=1 cs=1]
                LayoutText {#text} at (0,0) size 137x19
                  text run at (0,0) width 137: "Table 2, Row 4, Cell x"
              LayoutTableCell {SPAN} at (276,0) size 138x20 [r=0 c=2 rs=1 cs=1]
                LayoutText {#text} at (0,0) size 138x19
                  text run at (0,0) width 138: "Table 2, Row 4, Cell 3"
              LayoutTableCell {SPAN} at (414,0) size 138x20 [r=0 c=3 rs=1 cs=1]
                LayoutText {#text} at (0,0) size 138x19
                  text run at (0,0) width 138: "Table 2, Row 4, Cell 4"
      LayoutBlockFlow {H2} at (0,662.78) size 769x27
        LayoutText {#text} at (0,0) size 66x26
          text run at (0,0) width 66: "Rule 5"
      LayoutTable {DIV} at (0,709.69) size 649x100 [bgcolor=#00FFFF]
        LayoutTableSection (anonymous) at (0,0) size 649x100
          LayoutTableRow {SPAN} at (0,0) size 649x20 [bgcolor=#00FFFF]
            LayoutTableCell {SPAN} at (0,0) size 138x20 [r=0 c=0 rs=1 cs=1]
              LayoutText {#text} at (0,0) size 138x19
                text run at (0,0) width 138: "Table 2, Row 1, Cell 1"
            LayoutTableCell {SPAN} at (138,0) size 138x20 [r=0 c=1 rs=1 cs=1]
              LayoutText {#text} at (0,0) size 138x19
                text run at (0,0) width 138: "Table 2, Row 1, Cell 2"
            LayoutTableCell {SPAN} at (276,0) size 235x20 [r=0 c=2 rs=1 cs=1]
              LayoutText {#text} at (0,0) size 138x19
                text run at (0,0) width 138: "Table 2, Row 1, Cell 3"
            LayoutTableCell {SPAN} at (511,0) size 138x20 [r=0 c=3 rs=1 cs=1]
              LayoutText {#text} at (0,0) size 138x19
                text run at (0,0) width 138: "Table 2, Row 1, Cell 4"
          LayoutTableRow {SPAN} at (0,20) size 649x60 [bgcolor=#00FFFF]
            LayoutTableCell (anonymous) at (0,20) size 138x20 [r=1 c=0 rs=1 cs=1]
              LayoutBlockFlow {SPAN} at (0,0) size 138x20
                LayoutText {#text} at (0,0) size 138x19
                  text run at (0,0) width 138: "Table 2, Row 2, Cell 1"
            LayoutTableCell {SPAN} at (138,20) size 138x20 [r=1 c=1 rs=1 cs=1]
              LayoutText {#text} at (0,0) size 138x19
                text run at (0,0) width 138: "Table 2, Row 2, Cell 2"
            LayoutTableCell (anonymous) at (276,20) size 235x60 [r=1 c=2 rs=1 cs=1]
              LayoutBlockFlow {SPAN} at (0,0) size 235x20
                LayoutText {#text} at (0,0) size 138x19
                  text run at (0,0) width 138: "Table 2, Row 2, Cell 3"
              LayoutBlockFlow {SPAN} at (0,20) size 235x20
                LayoutText {#text} at (0,0) size 166x19
                  text run at (0,0) width 166: "also Table 2, Row 2, Cell 3"
              LayoutBlockFlow (anonymous) at (0,40) size 235x20
                LayoutText {#text} at (0,0) size 166x19
                  text run at (0,0) width 166: "also Table 2, Row 2, Cell 3"
            LayoutTableCell {SPAN} at (511,20) size 138x20 [r=1 c=3 rs=1 cs=1]
              LayoutText {#text} at (0,0) size 138x19
                text run at (0,0) width 138: "Table 2, Row 2, Cell 4"
          LayoutTableRow {SPAN} at (0,80) size 649x20 [bgcolor=#00FFFF]
            LayoutTableCell (anonymous) at (0,80) size 138x20 [r=2 c=0 rs=1 cs=1]
              LayoutInline {SPAN} at (0,0) size 138x19
                LayoutText {#text} at (0,0) size 138x19
                  text run at (0,0) width 138: "Table 2, Row 3, Cell 1"
            LayoutTableCell {SPAN} at (138,80) size 138x20 [r=2 c=1 rs=1 cs=1]
              LayoutText {#text} at (0,0) size 138x19
                text run at (0,0) width 138: "Table 2, Row 3, Cell 2"
            LayoutTableCell (anonymous) at (276,80) size 235x20 [r=2 c=2 rs=1 cs=1]
              LayoutTable {SPAN} at (0,0) size 235x20 [bgcolor=#00FFFF]
                LayoutTableSection (anonymous) at (0,0) size 235x20
                  LayoutTableRow (anonymous) at (0,0) size 235x20
                    LayoutTableCell (anonymous) at (0,0) size 235x20 [r=0 c=0 rs=1 cs=1]
                      LayoutText {#text} at (0,0) size 235x19
                        text run at (0,0) width 235: "Table 2, Row 3, Cell 3 (a nested table)"
            LayoutTableCell {SPAN} at (511,80) size 138x20 [r=2 c=3 rs=1 cs=1]
              LayoutText {#text} at (0,0) size 138x19
                text run at (0,0) width 138: "Table 2, Row 3, Cell 4"
      LayoutBlockFlow {HR} at (0,825.69) size 769x2 [border: (1px inset #EEEEEE)]
      LayoutBlockFlow {P} at (0,843.69) size 769x36
        LayoutInline {A} at (0,0) size 88x19 [color=#0000EE]
          LayoutBlockFlow {IMG} at (0,0) size 88x31
      LayoutBlockFlow {P} at (0,895.69) size 769x20
        LayoutText {#text} at (0,0) size 57x19
          text run at (0,0) width 57: "(Back to "
        LayoutInline {A} at (0,0) size 148x19 [color=#0000EE]
          LayoutText {#text} at (57,0) size 148x19
            text run at (57,0) width 148: "CSS Testing Information"
        LayoutText {#text} at (204,0) size 9x19
          text run at (204,0) width 9: ", "
        LayoutInline {A} at (0,0) size 78x19 [color=#0000EE]
          LayoutText {#text} at (212,0) size 78x19
            text run at (212,0) width 78: "David Baron"
        LayoutText {#text} at (289,0) size 6x19
          text run at (289,0) width 6: ")"
      LayoutBlockFlow {P} at (0,931.69) size 769x20
        LayoutInline {A} at (0,0) size 30x19 [color=#0000EE]
          LayoutText {#text} at (0,0) size 30x19
            text run at (0,0) width 30: "LDB"
        LayoutText {#text} at (30,0) size 8x19
          text run at (30,0) width 8: ", "
        LayoutInline {A} at (0,0) size 151x19 [color=#0000EE]
          LayoutText {#text} at (38,0) size 151x19
            text run at (38,0) width 151: "dbaron@fas.harvard.edu"
layer at (8,865) size 88x31 backgroundClip at (0,0) size 0x0 clip at (0,0) size 0x0 scrollHeight 62
  LayoutBlockFlow {DIV} at (0,0) size 88x31 [border: (1px solid #C0C0C0)]
    LayoutImage (floating) {IMG} at (2,2) size 16x16
layer at (26,867) size 68x60 backgroundClip at (0,0) size 0x0 clip at (0,0) size 0x0
  LayoutBlockFlow {DIV} at (18,2) size 68x60
    LayoutText {#text} at (0,0) size 43x59
      text run at (0,0) width 31: "Valid"
      text run at (0,20) width 43: "HTML"
      text run at (0,40) width 25: "4.0!"
