layer at (0,0) size 800x600
  LayoutView at (0,0) size 800x600
layer at (0,0) size 800x600
  LayoutBlockFlow {HTML} at (0,0) size 800x600
    LayoutBlockFlow {BODY} at (8,8) size 784x584
      LayoutBlockFlow {H3} at (0,0) size 784x23
        LayoutText {#text} at (0,0) size 195x22
          text run at (0,0) width 195: "With long hidden values"
      LayoutTable {TABLE} at (0,41.72) size 189x68 [border: (1px solid #FF0000)]
        LayoutTableSection {TBODY} at (1,1) size 187x66
          LayoutTableRow {TR} at (0,2) size 187x60
            LayoutTableCell {TD} at (2,2) size 183x60 [r=0 c=0 rs=1 cs=1]
              LayoutBlockFlow {FORM} at (1,1) size 181x42
                LayoutTextControl {INPUT} at (0,0) size 124x22 [bgcolor=#FFFFFF] [border: (2px inset #EEEEEE)]
                LayoutText {#text} at (124,1) size 4x19
                  text run at (124,1) width 4: " "
                LayoutButton {INPUT} at (128,0) size 41x22 [bgcolor=#C0C0C0] [border: (2px outset #C0C0C0)]
                  LayoutBlockFlow (anonymous) at (8,3) size 25x16
                    LayoutText {#text} at (0,0) size 25x16
                      text run at (0,0) width 25: " Go "
                LayoutText {#text} at (169,1) size 4x19
                  text run at (169,1) width 4: " "
                LayoutBR {BR} at (173,16) size 0x0
                LayoutText {#text} at (0,22) size 181x19
                  text run at (0,22) width 181: "Enter City Name or Zip Code"
          LayoutTableRow {TR} at (0,64) size 187x0
      LayoutBlockFlow {HR} at (0,117.72) size 784x2 [border: (1px inset #EEEEEE)]
      LayoutBlockFlow {H3} at (0,138.44) size 784x23
        LayoutText {#text} at (0,0) size 202x22
          text run at (0,0) width 202: "With short hidden values"
      LayoutTable {TABLE} at (0,180.16) size 189x68 [border: (1px solid #FF0000)]
        LayoutTableSection {TBODY} at (1,1) size 187x66
          LayoutTableRow {TR} at (0,2) size 187x60
            LayoutTableCell {TD} at (2,2) size 183x60 [r=0 c=0 rs=1 cs=1]
              LayoutBlockFlow {FORM} at (1,1) size 181x42
                LayoutTextControl {INPUT} at (0,0) size 124x22 [bgcolor=#FFFFFF] [border: (2px inset #EEEEEE)]
                LayoutText {#text} at (124,1) size 4x19
                  text run at (124,1) width 4: " "
                LayoutButton {INPUT} at (128,0) size 41x22 [bgcolor=#C0C0C0] [border: (2px outset #C0C0C0)]
                  LayoutBlockFlow (anonymous) at (8,3) size 25x16
                    LayoutText {#text} at (0,0) size 25x16
                      text run at (0,0) width 25: " Go "
                LayoutText {#text} at (169,1) size 4x19
                  text run at (169,1) width 4: " "
                LayoutBR {BR} at (173,16) size 0x0
                LayoutText {#text} at (0,22) size 181x19
                  text run at (0,22) width 181: "Enter City Name or Zip Code"
          LayoutTableRow {TR} at (0,64) size 187x0
layer at (14,57) size 120x16
  LayoutBlockFlow {DIV} at (2,3) size 120x16
layer at (14,195) size 120x16
  LayoutBlockFlow {DIV} at (2,3) size 120x16
