layer at (0,0) size 800x600
  LayoutView at (0,0) size 800x600
layer at (0,0) size 800x600
  LayoutBlockFlow {HTML} at (0,0) size 800x600
    LayoutBlockFlow {BODY} at (8,8) size 784x584 [bgcolor=#FFFFFF]
      LayoutTable {TABLE} at (0,0) size 604x54 [border: (1px outset #808080)]
        LayoutTableSection {TBODY} at (1,1) size 602x52
          LayoutTableRow {TR} at (0,0) size 602x30
            LayoutTableCell {TD} at (0,0) size 602x30 [border: (1px inset #808080)] [r=0 c=0 rs=1 cs=3]
              LayoutTable {TABLE} at (1,1) size 600x28 [border: (1px outset #808080)]
                LayoutTableSection {TBODY} at (1,1) size 598x26
                  LayoutTableRow {TR} at (0,0) size 598x26
                    LayoutTableCell {TD} at (0,0) size 598x26 [border: (1px inset #808080)] [r=0 c=0 rs=1 cs=1]
                      LayoutTable {TABLE} at (1,1) size 596x24 [border: (1px outset #808080)]
                        LayoutTableSection {TBODY} at (1,1) size 594x22
                          LayoutTableRow {TR} at (0,0) size 594x22 [bgcolor=#FF0000]
                            LayoutTableCell {TD} at (0,0) size 594x22 [border: (1px inset #808080)] [r=0 c=0 rs=1 cs=1]
                              LayoutText {#text} at (1,1) size 50x19
                                text run at (1,1) width 50: "cell data"
                              LayoutText {#text} at (0,0) size 0x0
          LayoutTableRow {TR} at (0,30) size 602x22
            LayoutTableCell {TD} at (0,30) size 602x22 [border: (1px inset #808080)] [r=1 c=0 rs=1 cs=1]
              LayoutText {#text} at (1,1) size 62x19
                text run at (1,1) width 62: "cell data 2"
