layer at (0,0) size 800x600
  LayoutView at (0,0) size 800x600
layer at (0,0) size 800x600
  LayoutBlockFlow {HTML} at (0,0) size 800x600
    LayoutBlockFlow {BODY} at (8,8) size 784x584
      LayoutTable {TABLE} at (0,0) size 784x60 [border: (1px outset #808080)]
        LayoutTableSection {TBODY} at (1,1) size 782x58
          LayoutTableRow {TR} at (0,2) size 782x54
            LayoutTableCell {TD} at (2,2) size 292x54 [border: (1px inset #808080)] [r=0 c=0 rs=1 cs=1]
              LayoutTable {TABLE} at (2,2) size 288x50 [border: (1px outset #808080)]
                LayoutTableSection {TBODY} at (1,1) size 286x48
                  LayoutTableRow {TR} at (0,2) size 286x44
                    LayoutTableCell {TD} at (2,2) size 282x44 [border: (1px inset #808080)] [r=0 c=0 rs=1 cs=1]
                      LayoutText {#text} at (2,2) size 271x39
                        text run at (2,2) width 271: "yyy yyy yyy yyy yyy yyy yyy yyy yyy yyy yyy"
                        text run at (2,22) width 246: "yyy yyy yyy yyy yyy yyy yyy yyy yyy yyy"
            LayoutTableCell {TD} at (296,7) size 484x44 [border: (1px inset #808080)] [r=0 c=1 rs=1 cs=1]
              LayoutText {#text} at (2,2) size 464x39
                text run at (2,2) width 464: "text text text text text text text text text text text text text text text text text text"
                text run at (2,22) width 412: "text text text text text text text text text text text text text text text text"
