layer at (0,0) size 800x600
  LayoutView at (0,0) size 800x600
layer at (0,0) size 800x600
  LayoutBlockFlow {HTML} at (0,0) size 800x600
    LayoutBlockFlow {BODY} at (8,8) size 784x584
      LayoutBlockFlow (anonymous) at (0,0) size 784x20
        LayoutText {#text} at (0,0) size 253x19
          text run at (0,0) width 253: "two and words should be on the same line"
      LayoutTable {TABLE} at (0,20) size 600x40
        LayoutTableSection {TBODY} at (0,0) size 600x40
          LayoutTableRow {TR} at (0,0) size 600x20
            LayoutTableCell {TD} at (0,0) size 150x20 [r=0 c=0 rs=1 cs=1]
              LayoutText {#text} at (0,0) size 65x19
                text run at (0,0) width 65: "two words"
            LayoutTableCell {TD} at (150,0) size 450x20 [r=0 c=1 rs=1 cs=1]
              LayoutText {#text} at (0,0) size 25x19
                text run at (0,0) width 25: "blah"
          LayoutTableRow {TR} at (0,20) size 600x20
            LayoutTableCell {TD} at (0,20) size 600x20 [r=1 c=0 rs=1 cs=2]
              LayoutText {#text} at (0,0) size 25x19
                text run at (0,0) width 25: "blah"
