layer at (0,0) size 800x600 clip at (0,0) size 785x600 scrollHeight 2623
  LayoutView at (0,0) size 800x600
layer at (0,0) size 785x2623 backgroundClip at (0,0) size 785x600 clip at (0,0) size 785x600
  LayoutBlockFlow {HTML} at (0,0) size 785x2623.22
    LayoutBlockFlow {BODY} at (8,21.44) size 769x2585.78 [bgcolor=#FFFFFF]
      LayoutBlockFlow {H1} at (0,0) size 769x37
        LayoutText {#text} at (0,0) size 359x36
          text run at (0,0) width 359: "Table Inheritance Tests - 1"
      LayoutBlockFlow {P} at (0,58.44) size 769x20
        LayoutText {#text} at (0,0) size 368x19
          text run at (0,0) width 368: "If you have any comments to make regarding this test, e-mail "
        LayoutInline {A} at (0,0) size 174x19 [color=#0000EE]
          LayoutText {#text} at (368,0) size 174x19
            text run at (368,0) width 174: "py8ieh=eviltests@bath.ac.uk"
        LayoutText {#text} at (542,0) size 4x19
          text run at (542,0) width 4: "."
      LayoutBlockFlow {DL} at (0,94.44) size 769x40
        LayoutBlockFlow {DT} at (0,0) size 769x20
          LayoutText {#text} at (0,0) size 77x19
            text run at (0,0) width 77: "Prerequisites"
        LayoutBlockFlow {DD} at (40,20) size 729x20
          LayoutText {#text} at (0,0) size 535x19
            text run at (0,0) width 535: "Browsers that are subjected to this test should support CSS1 and the CSS2 table model."
      LayoutBlockFlow {H2} at (0,154.34) size 769x27
        LayoutText {#text} at (0,0) size 104x26
          text run at (0,0) width 104: "0. Control"
      LayoutBlockFlow {P} at (0,201.25) size 769x20
        LayoutText {#text} at (0,0) size 372x19
          text run at (0,0) width 372: "The following four tests should look identical, namely, like this:"
      LayoutBlockFlow {DIV} at (0,237.25) size 769x76 [color=#FFFFFF] [bgcolor=#000000]
        LayoutText {#text} at (0,0) size 766x75
          text run at (0,0) width 766: "This text should be white on black, bold, twice the"
          text run at (0,38) width 528: "size of normal text, and sans serif."
      LayoutBlockFlow {P} at (0,329.25) size 769x60
        LayoutText {#text} at (0,0) size 769x59
          text run at (0,0) width 769: "There are some minor exceptions, however. The x.1 tests should fill the viewport width, the other tests need not. Also, browsers"
          text run at (0,20) width 768: "attempting to have backwards compatability with the buggy behaviour of legacy browsers may omit to inherit the color and font-"
          text run at (0,40) width 642: "size in 1.1, which will make 1.1 (but only 1.1) unreadable. That is the problem with not following the specs."
      LayoutBlockFlow {H2} at (0,409.16) size 769x27
        LayoutText {#text} at (0,0) size 168x26
          text run at (0,0) width 168: "1. HTML Tables"
      LayoutBlockFlow {H3} at (0,456.06) size 769x23
        LayoutText {#text} at (0,0) size 246x22
          text run at (0,0) width 246: "1.1 Inheritance through a DIV"
      LayoutBlockFlow {DIV} at (0,497.78) size 769x82 [color=#FFFFFF] [bgcolor=#000000]
        LayoutTable {TABLE} at (0,0) size 769x82
          LayoutTableSection {TBODY} at (0,0) size 769x82
            LayoutTableRow {TR} at (0,2) size 769x78
              LayoutTableCell {TD} at (2,2) size 765x78 [r=0 c=0 rs=1 cs=1]
                LayoutText {#text} at (1,1) size 709x75
                  text run at (1,1) width 709: "This text should be white on black, bold, twice"
                  text run at (1,39) width 585: "the size of normal text, and sans serif."
      LayoutBlockFlow {H3} at (0,598.50) size 769x23
        LayoutText {#text} at (0,0) size 265x22
          text run at (0,0) width 265: "1.2 Styles set directly on TABLE"
      LayoutTable {TABLE} at (0,640.22) size 769x82 [color=#FFFFFF] [bgcolor=#000000]
        LayoutTableSection {TBODY} at (0,0) size 769x82
          LayoutTableRow {TR} at (0,2) size 769x78
            LayoutTableCell {TD} at (2,2) size 765x78 [r=0 c=0 rs=1 cs=1]
              LayoutText {#text} at (1,1) size 709x75
                text run at (1,1) width 709: "This text should be white on black, bold, twice"
                text run at (1,39) width 585: "the size of normal text, and sans serif."
      LayoutBlockFlow {H2} at (0,742.13) size 769x27
        LayoutText {#text} at (0,0) size 225x26
          text run at (0,0) width 225: "2. Explicit CSS Tables"
      LayoutBlockFlow {H3} at (0,789.03) size 769x23
        LayoutText {#text} at (0,0) size 246x22
          text run at (0,0) width 246: "2.1 Inheritance through a DIV"
      LayoutBlockFlow {DIV} at (0,830.75) size 769x76 [color=#FFFFFF] [bgcolor=#000000]
        LayoutTable {DIV} at (0,0) size 769x76
          LayoutTableSection (anonymous) at (0,0) size 769x76
            LayoutTableRow {DIV} at (0,0) size 769x76
              LayoutTableCell {DIV} at (0,0) size 769x76 [r=0 c=0 rs=1 cs=1]
                LayoutText {#text} at (0,0) size 766x75
                  text run at (0,0) width 766: "This text should be white on black, bold, twice the"
                  text run at (0,38) width 528: "size of normal text, and sans serif."
      LayoutBlockFlow {H3} at (0,925.47) size 769x23
        LayoutText {#text} at (0,0) size 265x22
          text run at (0,0) width 265: "2.2 Styles set directly on TABLE"
      LayoutTable {DIV} at (0,967.19) size 769x76 [color=#FFFFFF] [bgcolor=#000000]
        LayoutTableSection (anonymous) at (0,0) size 769x76
          LayoutTableRow {DIV} at (0,0) size 769x76
            LayoutTableCell {DIV} at (0,0) size 769x76 [r=0 c=0 rs=1 cs=1]
              LayoutText {#text} at (0,0) size 766x75
                text run at (0,0) width 766: "This text should be white on black, bold, twice the"
                text run at (0,38) width 528: "size of normal text, and sans serif."
      LayoutBlockFlow {H3} at (0,1061.91) size 769x23
        LayoutText {#text} at (0,0) size 250x22
          text run at (0,0) width 250: "2.3 Styles set directly on ROW"
      LayoutTable {DIV} at (0,1103.63) size 769x76
        LayoutTableSection (anonymous) at (0,0) size 769x76
          LayoutTableRow {DIV} at (0,0) size 769x76 [color=#FFFFFF] [bgcolor=#000000]
            LayoutTableCell {DIV} at (0,0) size 769x76 [r=0 c=0 rs=1 cs=1]
              LayoutText {#text} at (0,0) size 766x75
                text run at (0,0) width 766: "This text should be white on black, bold, twice the"
                text run at (0,38) width 528: "size of normal text, and sans serif."
      LayoutBlockFlow {H3} at (0,1198.34) size 769x23
        LayoutText {#text} at (0,0) size 253x22
          text run at (0,0) width 253: "2.4 Styles set directly on CELL"
      LayoutTable {DIV} at (0,1240.06) size 769x76
        LayoutTableSection (anonymous) at (0,0) size 769x76
          LayoutTableRow {DIV} at (0,0) size 769x76
            LayoutTableCell {DIV} at (0,0) size 769x76 [color=#FFFFFF] [bgcolor=#000000] [r=0 c=0 rs=1 cs=1]
              LayoutText {#text} at (0,0) size 766x75
                text run at (0,0) width 766: "This text should be white on black, bold, twice the"
                text run at (0,38) width 528: "size of normal text, and sans serif."
      LayoutBlockFlow {H2} at (0,1335.97) size 769x27
        LayoutText {#text} at (0,0) size 380x26
          text run at (0,0) width 380: "3. Implicit CSS Tables (table explicit)"
      LayoutBlockFlow {H3} at (0,1382.88) size 769x23
        LayoutText {#text} at (0,0) size 246x22
          text run at (0,0) width 246: "3.1 Inheritance through a DIV"
      LayoutBlockFlow {DIV} at (0,1424.59) size 769x76 [color=#FFFFFF] [bgcolor=#000000]
        LayoutTable {DIV} at (0,0) size 769x76
          LayoutTableSection (anonymous) at (0,0) size 769x76
            LayoutTableRow (anonymous) at (0,0) size 769x76
              LayoutTableCell (anonymous) at (0,0) size 769x76 [r=0 c=0 rs=1 cs=1]
                LayoutText {#text} at (0,0) size 766x75
                  text run at (0,0) width 766: "This text should be white on black, bold, twice the"
                  text run at (0,38) width 528: "size of normal text, and sans serif."
      LayoutBlockFlow {H3} at (0,1519.31) size 769x23
        LayoutText {#text} at (0,0) size 265x22
          text run at (0,0) width 265: "3.2 Styles set directly on TABLE"
      LayoutTable {DIV} at (0,1561.03) size 769x76 [color=#FFFFFF] [bgcolor=#000000]
        LayoutTableSection (anonymous) at (0,0) size 769x76
          LayoutTableRow (anonymous) at (0,0) size 769x76
            LayoutTableCell (anonymous) at (0,0) size 769x76 [r=0 c=0 rs=1 cs=1]
              LayoutText {#text} at (0,0) size 766x75
                text run at (0,0) width 766: "This text should be white on black, bold, twice the"
                text run at (0,38) width 528: "size of normal text, and sans serif."
      LayoutBlockFlow {H2} at (0,1656.94) size 769x27
        LayoutText {#text} at (0,0) size 369x26
          text run at (0,0) width 369: "4. Implicit CSS Tables (row explicit)"
      LayoutBlockFlow {H3} at (0,1703.84) size 769x23
        LayoutText {#text} at (0,0) size 246x22
          text run at (0,0) width 246: "4.1 Inheritance through a DIV"
      LayoutBlockFlow {DIV} at (0,1745.56) size 769x76 [color=#FFFFFF] [bgcolor=#000000]
        LayoutTable (anonymous) at (0,0) size 769x76
          LayoutTableSection (anonymous) at (0,0) size 769x76
            LayoutTableRow {DIV} at (0,0) size 769x76
              LayoutTableCell (anonymous) at (0,0) size 769x76 [r=0 c=0 rs=1 cs=1]
                LayoutText {#text} at (0,0) size 766x75
                  text run at (0,0) width 766: "This text should be white on black, bold, twice the"
                  text run at (0,38) width 528: "size of normal text, and sans serif."
      LayoutBlockFlow {H3} at (0,1840.28) size 769x23
        LayoutText {#text} at (0,0) size 250x22
          text run at (0,0) width 250: "4.2 Styles set directly on ROW"
      LayoutTable (anonymous) at (0,1882) size 769x76
        LayoutTableSection (anonymous) at (0,0) size 769x76
          LayoutTableRow {DIV} at (0,0) size 769x76 [color=#FFFFFF] [bgcolor=#000000]
            LayoutTableCell (anonymous) at (0,0) size 769x76 [r=0 c=0 rs=1 cs=1]
              LayoutText {#text} at (0,0) size 766x75
                text run at (0,0) width 766: "This text should be white on black, bold, twice the"
                text run at (0,38) width 528: "size of normal text, and sans serif."
      LayoutBlockFlow {H2} at (0,1977.91) size 769x27
        LayoutText {#text} at (0,0) size 365x26
          text run at (0,0) width 365: "5. Implicit CSS Tables (cell explicit)"
      LayoutBlockFlow {H3} at (0,2024.81) size 769x23
        LayoutText {#text} at (0,0) size 246x22
          text run at (0,0) width 246: "5.1 Inheritance through a DIV"
      LayoutBlockFlow {DIV} at (0,2066.53) size 769x76 [color=#FFFFFF] [bgcolor=#000000]
        LayoutTable (anonymous) at (0,0) size 769x76
          LayoutTableSection (anonymous) at (0,0) size 769x76
            LayoutTableRow (anonymous) at (0,0) size 769x76
              LayoutTableCell {DIV} at (0,0) size 769x76 [r=0 c=0 rs=1 cs=1]
                LayoutText {#text} at (0,0) size 766x75
                  text run at (0,0) width 766: "This text should be white on black, bold, twice the"
                  text run at (0,38) width 528: "size of normal text, and sans serif."
      LayoutBlockFlow {H3} at (0,2161.25) size 769x23
        LayoutText {#text} at (0,0) size 253x22
          text run at (0,0) width 253: "5.2 Styles set directly on CELL"
      LayoutTable (anonymous) at (0,2202.97) size 769x76
        LayoutTableSection (anonymous) at (0,0) size 769x76
          LayoutTableRow (anonymous) at (0,0) size 769x76
            LayoutTableCell {DIV} at (0,0) size 769x76 [color=#FFFFFF] [bgcolor=#000000] [r=0 c=0 rs=1 cs=1]
              LayoutText {#text} at (0,0) size 766x75
                text run at (0,0) width 766: "This text should be white on black, bold, twice the"
                text run at (0,38) width 528: "size of normal text, and sans serif."
      LayoutBlockFlow {H2} at (0,2298.88) size 769x27
        LayoutText {#text} at (0,0) size 153x26
          text run at (0,0) width 153: "Submit Results"
      LayoutBlockFlow {FORM} at (0,2345.78) size 769x42
        LayoutBlockFlow {P} at (0,0) size 769x42
          LayoutText {#text} at (0,0) size 254x19
            text run at (0,0) width 254: "How does your browser fare on this test? "
          LayoutMenuList {SELECT} at (254,0) size 503x20 [bgcolor=#FFFFFF] [border: (1px solid #A9A9A9)]
            LayoutBlockFlow (anonymous) at (1,1) size 501x18
              LayoutText (anonymous) at (4,1) size 480x16
                text run at (4,1) width 480: "The tests all render identically, and this browser may or may not grok CSS2 tables."
          LayoutText {#text} at (0,0) size 0x0
          LayoutInline {LABEL} at (0,0) size 239x19
            LayoutText {#text} at (0,21) size 66x19
              text run at (0,21) width 66: "Comment: "
            LayoutTextControl {INPUT} at (66,20) size 173x22 [bgcolor=#FFFFFF] [border: (2px inset #EEEEEE)]
          LayoutText {#text} at (239,21) size 4x19
            text run at (239,21) width 4: " "
          LayoutButton {INPUT} at (243,20) size 57x22 [bgcolor=#C0C0C0] [border: (2px outset #C0C0C0)]
            LayoutBlockFlow (anonymous) at (8,3) size 41x16
              LayoutText {#text} at (0,0) size 41x16
                text run at (0,0) width 41: "Submit"
          LayoutText {#text} at (0,0) size 0x0
      LayoutBlockFlow {HR} at (0,2403.78) size 769x2 [border: (1px inset #EEEEEE)]
      LayoutBlockFlow {P} at (0,2421.78) size 769x20
        LayoutText {#text} at (0,0) size 61x19
          text run at (0,0) width 61: "Up to the "
        LayoutInline {A} at (0,0) size 68x19 [color=#0000EE]
          LayoutText {#text} at (61,0) size 68x19
            text run at (61,0) width 68: "Table Tests"
        LayoutText {#text} at (128,0) size 5x19
          text run at (128,0) width 5: "."
      LayoutBlockFlow {P} at (0,2457.78) size 769x20
        LayoutText {#text} at (0,0) size 61x19
          text run at (0,0) width 61: "Up to the "
        LayoutInline {A} at (0,0) size 91x19 [color=#0000EE]
          LayoutText {#text} at (61,0) size 91x19
            text run at (61,0) width 91: "Evil Tests Page"
        LayoutText {#text} at (151,0) size 5x19
          text run at (151,0) width 5: "."
      LayoutBlockFlow {P} at (0,2493.78) size 769x20
        LayoutText {#text} at (0,0) size 53x19
          text run at (0,0) width 53: "Bugzilla: "
        LayoutInline {A} at (0,0) size 60x19 [color=#0000EE]
          LayoutText {#text} at (53,0) size 60x19
            text run at (53,0) width 60: "Bug 1044"
      LayoutBlockFlow {P} at (0,2529.78) size 769x20
        LayoutText {#text} at (0,0) size 162x19
          text run at (0,0) width 162: "This page is maintained by "
        LayoutInline {A} at (0,0) size 73x19 [color=#0000EE]
          LayoutText {#text} at (162,0) size 73x19
            text run at (162,0) width 73: "Ian Hickson"
        LayoutText {#text} at (235,0) size 9x19
          text run at (235,0) width 9: " ("
        LayoutInline {A} at (0,0) size 118x19 [color=#0000EE]
          LayoutText {#text} at (244,0) size 118x19
            text run at (244,0) width 118: "py8ieh@bath.ac.uk"
        LayoutText {#text} at (362,0) size 9x19
          text run at (362,0) width 9: ")."
      LayoutBlockFlow {P} at (0,2565.78) size 769x20
        LayoutText {#text} at (0,0) size 177x19
          text run at (0,0) width 177: "Last updated in March 1999."
layer at (76,2390) size 169x16 backgroundClip at (0,0) size 0x0 clip at (0,0) size 0x0
  LayoutBlockFlow {DIV} at (2,3) size 169x16
