layer at (0,0) size 800x600
  LayoutView at (0,0) size 800x600
layer at (0,0) size 800x600
  LayoutBlockFlow {HTML} at (0,0) size 800x600
    LayoutBlockFlow {BODY} at (8,8) size 784x584
      LayoutTable {TABLE} at (0,0) size 784x95
        LayoutTableSection {TBODY} at (0,0) size 784x95
          LayoutTableRow {TR} at (0,2) size 784x91
            LayoutTableCell {TD} at (2,2) size 639x91 [r=0 c=0 rs=1 cs=1]
              LayoutTable {TABLE} at (1,1) size 637x89
                LayoutTableSection {TBODY} at (0,0) size 637x89
                  LayoutTableRow {TR} at (0,2) size 637x85
                    LayoutTableCell {TD} at (2,2) size 633x85 [r=0 c=0 rs=1 cs=1]
                      LayoutText {#text} at (1,1) size 50x82
                        text run at (1,1) width 50: "inside of"
                        text run at (1,64) width 29: "table"
                      LayoutImage {IMG} at (30,21) size 600x58
            LayoutTableCell {TD} at (643,26) size 139x42 [r=0 c=1 rs=1 cs=1]
              LayoutText {#text} at (1,1) size 114x39
                text run at (1,1) width 114: "2nd row of outside"
                text run at (1,21) width 29: "table"
