layer at (0,0) size 800x600
  LayoutView at (0,0) size 800x600
layer at (0,0) size 800x136
  LayoutBlockFlow {HTML} at (0,0) size 800x136
    LayoutBlockFlow {BODY} at (8,8) size 784x120
      LayoutTable {TABLE} at (0,0) size 85x120 [border: (1px outset #808080)]
        LayoutTableSection {TBODY} at (1,1) size 83x60
          LayoutTableRow {TR} at (0,2) size 83x56
            LayoutTableCell {TH} at (2,28) size 37x4 [border: (1px inset #808080)] [r=0 c=0 rs=1 cs=1]
            LayoutTableCell {TD} at (41,2) size 40x56 [border: (1px inset #808080)] [r=0 c=1 rs=1 cs=1]
              LayoutBlockFlow {P} at (2,18) size 36x20
                LayoutText {#text} at (0,0) size 36x19
                  text run at (0,0) width 36: "TWO"
        LayoutTableCol {COLGROUP} at (0,0) size 0x0
          LayoutTableCol {COL} at (0,0) size 0x0
        LayoutTableSection {TBODY} at (1,61) size 83x58
          LayoutTableRow {TR} at (0,0) size 83x56
            LayoutTableCell {TD} at (2,0) size 37x56 [border: (1px inset #808080)] [r=0 c=0 rs=1 cs=1]
              LayoutBlockFlow {P} at (2,18) size 33x20
                LayoutText {#text} at (0,0) size 33x19
                  text run at (0,0) width 33: "ONE"
        LayoutTableCol {COLGROUP} at (0,0) size 0x0
          LayoutTableCol {COL} at (0,0) size 0x0
