layer at (0,0) size 800x600
  LayoutView at (0,0) size 800x600
layer at (0,0) size 800x600
  LayoutBlockFlow {HTML} at (0,0) size 800x600
    LayoutBlockFlow {BODY} at (8,8) size 784x584
      LayoutBlockFlow {P} at (0,0) size 784x20
        LayoutInline {B} at (0,0) size 366x19
          LayoutText {#text} at (0,0) size 366x19
            text run at (0,0) width 366: "(1) Colspanning TD has fixed width equal to table width"
      LayoutTable {TABLE} at (0,36) size 340x46 [bgcolor=#FFFFCC] [border: (1px outset #808080)]
        LayoutTableSection {TBODY} at (1,1) size 338x44
          LayoutTableRow {TR} at (0,0) size 338x22
            LayoutTableCell {TD} at (0,0) size 338x22 [border: (1px inset #808080)] [r=0 c=0 rs=1 cs=2]
              LayoutText {#text} at (1,1) size 161x19
                text run at (1,1) width 161: "width=340 (same as table)"
          LayoutTableRow {TR} at (0,22) size 338x22
            LayoutTableCell {TD} at (0,22) size 80x22 [border: (1px inset #808080)] [r=1 c=0 rs=1 cs=1]
              LayoutText {#text} at (1,1) size 66x19
                text run at (1,1) width 66: "Search for:"
            LayoutTableCell {TD} at (80,22) size 258x22 [border: (1px inset #808080)] [r=1 c=1 rs=1 cs=1]
              LayoutText {#text} at (1,1) size 215x19
                text run at (1,1) width 215: "foo bar baz foo bar baz foo bar baz"
      LayoutBlockFlow {P} at (0,98) size 784x20
        LayoutInline {B} at (0,0) size 229x19
          LayoutText {#text} at (0,0) size 229x19
            text run at (0,0) width 229: "(2) Colspanning TD has auto width"
      LayoutTable {TABLE} at (0,134) size 340x46 [bgcolor=#FFFFCC] [border: (1px outset #808080)]
        LayoutTableSection {TBODY} at (1,1) size 338x44
          LayoutTableRow {TR} at (0,0) size 338x22
            LayoutTableCell {TD} at (0,0) size 338x22 [border: (1px inset #808080)] [r=0 c=0 rs=1 cs=2]
              LayoutText {#text} at (1,1) size 105x19
                text run at (1,1) width 105: "no width attribute"
          LayoutTableRow {TR} at (0,22) size 338x22
            LayoutTableCell {TD} at (0,22) size 80x22 [border: (1px inset #808080)] [r=1 c=0 rs=1 cs=1]
              LayoutText {#text} at (1,1) size 66x19
                text run at (1,1) width 66: "Search for:"
            LayoutTableCell {TD} at (80,22) size 258x22 [border: (1px inset #808080)] [r=1 c=1 rs=1 cs=1]
              LayoutText {#text} at (1,1) size 215x19
                text run at (1,1) width 215: "foo bar baz foo bar baz foo bar baz"
      LayoutBlockFlow {P} at (0,196) size 784x20
        LayoutInline {B} at (0,0) size 245x19
          LayoutText {#text} at (0,0) size 245x19
            text run at (0,0) width 245: "(3) Colspanning TD has width=100px"
      LayoutTable {TABLE} at (0,232) size 340x46 [bgcolor=#FFFFCC] [border: (1px outset #808080)]
        LayoutTableSection {TBODY} at (1,1) size 338x44
          LayoutTableRow {TR} at (0,0) size 338x22
            LayoutTableCell {TD} at (0,0) size 338x22 [border: (1px inset #808080)] [r=0 c=0 rs=1 cs=2]
              LayoutText {#text} at (1,1) size 81x19
                text run at (1,1) width 81: "width=100px"
          LayoutTableRow {TR} at (0,22) size 338x22
            LayoutTableCell {TD} at (0,22) size 80x22 [border: (1px inset #808080)] [r=1 c=0 rs=1 cs=1]
              LayoutText {#text} at (1,1) size 66x19
                text run at (1,1) width 66: "Search for:"
            LayoutTableCell {TD} at (80,22) size 258x22 [border: (1px inset #808080)] [r=1 c=1 rs=1 cs=1]
              LayoutText {#text} at (1,1) size 215x19
                text run at (1,1) width 215: "foo bar baz foo bar baz foo bar baz"
      LayoutBlockFlow {P} at (0,294) size 784x20
        LayoutInline {B} at (0,0) size 245x19
          LayoutText {#text} at (0,0) size 245x19
            text run at (0,0) width 245: "(4) Colspanning TD has width=200px"
      LayoutTable {TABLE} at (0,330) size 340x46 [bgcolor=#FFFFCC] [border: (1px outset #808080)]
        LayoutTableSection {TBODY} at (1,1) size 338x44
          LayoutTableRow {TR} at (0,0) size 338x22
            LayoutTableCell {TD} at (0,0) size 338x22 [border: (1px inset #808080)] [r=0 c=0 rs=1 cs=2]
              LayoutText {#text} at (1,1) size 81x19
                text run at (1,1) width 81: "width=200px"
          LayoutTableRow {TR} at (0,22) size 338x22
            LayoutTableCell {TD} at (0,22) size 80x22 [border: (1px inset #808080)] [r=1 c=0 rs=1 cs=1]
              LayoutText {#text} at (1,1) size 66x19
                text run at (1,1) width 66: "Search for:"
            LayoutTableCell {TD} at (80,22) size 258x22 [border: (1px inset #808080)] [r=1 c=1 rs=1 cs=1]
              LayoutText {#text} at (1,1) size 215x19
                text run at (1,1) width 215: "foo bar baz foo bar baz foo bar baz"
      LayoutBlockFlow {P} at (0,392) size 784x20
        LayoutInline {B} at (0,0) size 245x19
          LayoutText {#text} at (0,0) size 245x19
            text run at (0,0) width 245: "(5) Colspanning TD has width=100%"
      LayoutTable {TABLE} at (0,428) size 340x46 [bgcolor=#FFFFCC] [border: (1px outset #808080)]
        LayoutTableSection {TBODY} at (1,1) size 338x44
          LayoutTableRow {TR} at (0,0) size 338x22
            LayoutTableCell {TD} at (0,0) size 338x22 [border: (1px inset #808080)] [r=0 c=0 rs=1 cs=2]
              LayoutText {#text} at (1,1) size 79x19
                text run at (1,1) width 79: "width=100%"
          LayoutTableRow {TR} at (0,22) size 338x22
            LayoutTableCell {TD} at (0,22) size 81x22 [border: (1px inset #808080)] [r=1 c=0 rs=1 cs=1]
              LayoutText {#text} at (1,1) size 66x19
                text run at (1,1) width 66: "Search for:"
            LayoutTableCell {TD} at (81,22) size 257x22 [border: (1px inset #808080)] [r=1 c=1 rs=1 cs=1]
              LayoutText {#text} at (1,1) size 215x19
                text run at (1,1) width 215: "foo bar baz foo bar baz foo bar baz"
