layer at (0,0) size 800x600
  LayoutView at (0,0) size 800x600
layer at (0,0) size 800x600
  LayoutBlockFlow {HTML} at (0,0) size 800x600
    LayoutBlockFlow {BODY} at (8,8) size 784x584
      LayoutTable {TABLE} at (0,0) size 784x40 [border: (1px outset #808080)]
        LayoutTableSection {TBODY} at (1,1) size 782x38
          LayoutTableRow {TR} at (0,2) size 782x34
            LayoutTableCell {TD} at (2,7) size 388x24 [border: (1px inset #808080)] [r=0 c=0 rs=1 cs=1]
              LayoutText {#text} at (2,2) size 26x19
                text run at (2,2) width 26: "One"
            LayoutTableCell {TD} at (392,2) size 388x34 [border: (1px inset #808080)] [r=0 c=1 rs=1 cs=1]
              LayoutTable {TABLE} at (2,2) size 384x30 [border: (1px outset #808080)]
                LayoutTableSection {TBODY} at (1,1) size 382x28
                  LayoutTableRow {TR} at (0,2) size 382x24
                    LayoutTableCell {TD} at (2,2) size 188x24 [border: (1px inset #808080)] [r=0 c=0 rs=1 cs=1]
                      LayoutText {#text} at (2,2) size 27x19
                        text run at (2,2) width 27: "Two"
                    LayoutTableCell {TD} at (192,2) size 188x24 [border: (1px inset #808080)] [r=0 c=1 rs=1 cs=1]
                      LayoutText {#text} at (2,2) size 35x19
                        text run at (2,2) width 35: "Three"
