layer at (0,0) size 800x600 scrollHeight 610
  LayoutView at (0,0) size 800x600
layer at (0,0) size 800x610 backgroundClip at (0,0) size 800x600 clip at (0,0) size 800x600
  LayoutBlockFlow {HTML} at (0,0) size 800x610
    LayoutBlockFlow {BODY} at (8,8) size 784x594
      LayoutBlockFlow {P} at (0,0) size 784x20
        LayoutText {#text} at (0,0) size 681x19
          text run at (0,0) width 147: "Here's the original case. "
          text run at (147,0) width 534: "All of the cells have images that fill to their given widths except the ones marked \"Empty\"."
      LayoutTable {TABLE} at (0,36) size 566x60 [bgcolor=#00FFFF]
        LayoutTableSection {TBODY} at (0,0) size 566x60
          LayoutTableRow {TR} at (0,0) size 566x40
            LayoutTableCell {TD} at (0,0) size 222x40 [bgcolor=#FF0000] [r=0 c=0 rs=1 cs=1]
              LayoutBlockFlow {IMG} at (0,0) size 222x40
            LayoutTableCell {TD} at (222,0) size 145x40 [bgcolor=#666600] [r=0 c=1 rs=1 cs=1]
              LayoutBlockFlow {IMG} at (0,0) size 145x40
            LayoutTableCell {TD} at (367,10) size 199x20 [bgcolor=#009999] [r=0 c=2 rs=1 cs=1]
              LayoutText {#text} at (0,0) size 39x19
                text run at (0,0) width 39: "Empty"
          LayoutTableRow {TR} at (0,40) size 566x20
            LayoutTableCell {TD} at (0,40) size 367x20 [bgcolor=#0000FF] [r=1 c=0 rs=1 cs=2]
              LayoutBlockFlow {IMG} at (0,0) size 367x20
            LayoutTableCell {TD} at (367,40) size 199x20 [bgcolor=#990099] [r=1 c=2 rs=1 cs=1]
              LayoutText {#text} at (0,0) size 39x19
                text run at (0,0) width 39: "Empty"
      LayoutBlockFlow {P} at (0,112) size 784x20
        LayoutText {#text} at (0,0) size 355x19
          text run at (0,0) width 355: "If we fill either empty out with text, the problem goes away."
      LayoutTable {TABLE} at (0,148) size 566x80 [bgcolor=#00FFFF]
        LayoutTableSection {TBODY} at (0,0) size 566x80
          LayoutTableRow {TR} at (0,0) size 566x60
            LayoutTableCell {TD} at (0,10) size 222x40 [bgcolor=#FF0000] [r=0 c=0 rs=1 cs=1]
              LayoutBlockFlow {IMG} at (0,0) size 222x40
            LayoutTableCell {TD} at (222,10) size 145x40 [bgcolor=#666600] [r=0 c=1 rs=1 cs=1]
              LayoutBlockFlow {IMG} at (0,0) size 145x40
            LayoutTableCell {TD} at (367,0) size 199x60 [bgcolor=#009999] [r=0 c=2 rs=1 cs=1]
              LayoutText {#text} at (0,0) size 186x59
                text run at (0,0) width 186: "Empty - lots of text here now -"
                text run at (0,20) width 179: "and more and more and more"
                text run at (0,40) width 47: "text in it"
          LayoutTableRow {TR} at (0,60) size 566x20
            LayoutTableCell {TD} at (0,60) size 367x20 [bgcolor=#0000FF] [r=1 c=0 rs=1 cs=2]
              LayoutBlockFlow {IMG} at (0,0) size 367x20
            LayoutTableCell {TD} at (367,60) size 199x20 [bgcolor=#990099] [r=1 c=2 rs=1 cs=1]
              LayoutText {#text} at (0,0) size 39x19
                text run at (0,0) width 39: "Empty"
      LayoutBlockFlow {P} at (0,244) size 784x20
        LayoutText {#text} at (0,0) size 4x19
          text run at (0,0) width 4: " "
      LayoutTable {TABLE} at (0,280) size 566x80 [bgcolor=#00FFFF]
        LayoutTableSection {TBODY} at (0,0) size 566x80
          LayoutTableRow {TR} at (0,0) size 566x40
            LayoutTableCell {TD} at (0,0) size 222x40 [bgcolor=#FF0000] [r=0 c=0 rs=1 cs=1]
              LayoutBlockFlow {IMG} at (0,0) size 222x40
            LayoutTableCell {TD} at (222,0) size 145x40 [bgcolor=#666600] [r=0 c=1 rs=1 cs=1]
              LayoutBlockFlow {IMG} at (0,0) size 145x40
            LayoutTableCell {TD} at (367,10) size 199x20 [bgcolor=#009999] [r=0 c=2 rs=1 cs=1]
              LayoutText {#text} at (0,0) size 39x19
                text run at (0,0) width 39: "Empty"
          LayoutTableRow {TR} at (0,40) size 566x40
            LayoutTableCell {TD} at (0,50) size 367x20 [bgcolor=#0000FF] [r=1 c=0 rs=1 cs=2]
              LayoutBlockFlow {IMG} at (0,0) size 367x20
            LayoutTableCell {TD} at (367,40) size 199x40 [bgcolor=#990099] [r=1 c=2 rs=1 cs=1]
              LayoutText {#text} at (0,0) size 199x39
                text run at (0,0) width 199: "Empty - this has lots and lots and"
                text run at (0,20) width 88: "lots of text in it"
      LayoutBlockFlow {P} at (0,376) size 784x20
        LayoutText {#text} at (0,0) size 438x19
          text run at (0,0) width 438: "Taking away either the cellpadding=0 or cellspacing=0 fixes the problem."
      LayoutTable {TABLE} at (0,412) size 566x70 [bgcolor=#00FFFF]
        LayoutTableSection {TBODY} at (0,0) size 566x70
          LayoutTableRow {TR} at (0,2) size 566x42
            LayoutTableCell {TD} at (2,2) size 224x42 [bgcolor=#FF0000] [r=0 c=0 rs=1 cs=1]
              LayoutBlockFlow {IMG} at (1,1) size 222x40
            LayoutTableCell {TD} at (228,2) size 147x42 [bgcolor=#666600] [r=0 c=1 rs=1 cs=1]
              LayoutBlockFlow {IMG} at (1,1) size 145x40
            LayoutTableCell {TD} at (377,12) size 187x22 [bgcolor=#009999] [r=0 c=2 rs=1 cs=1]
              LayoutText {#text} at (1,1) size 39x19
                text run at (1,1) width 39: "Empty"
          LayoutTableRow {TR} at (0,46) size 566x22
            LayoutTableCell {TD} at (2,46) size 373x22 [bgcolor=#0000FF] [r=1 c=0 rs=1 cs=2]
              LayoutBlockFlow {IMG} at (1,1) size 367x20
            LayoutTableCell {TD} at (377,46) size 187x22 [bgcolor=#990099] [r=1 c=2 rs=1 cs=1]
              LayoutText {#text} at (1,1) size 39x19
                text run at (1,1) width 39: "Empty"
      LayoutBlockFlow {P} at (0,498) size 784x20
        LayoutText {#text} at (0,0) size 300x19
          text run at (0,0) width 300: "As does removing the explicit width on the table..."
      LayoutTable {TABLE} at (0,534) size 566x60 [bgcolor=#00FFFF]
        LayoutTableSection {TBODY} at (0,0) size 566x60
          LayoutTableRow {TR} at (0,0) size 566x40
            LayoutTableCell {TD} at (0,0) size 222x40 [bgcolor=#FF0000] [r=0 c=0 rs=1 cs=1]
              LayoutBlockFlow {IMG} at (0,0) size 222x40
            LayoutTableCell {TD} at (222,0) size 145x40 [bgcolor=#666600] [r=0 c=1 rs=1 cs=1]
              LayoutBlockFlow {IMG} at (0,0) size 145x40
            LayoutTableCell {TD} at (367,10) size 199x20 [bgcolor=#009999] [r=0 c=2 rs=1 cs=1]
              LayoutText {#text} at (0,0) size 39x19
                text run at (0,0) width 39: "Empty"
          LayoutTableRow {TR} at (0,40) size 566x20
            LayoutTableCell {TD} at (0,40) size 367x20 [bgcolor=#0000FF] [r=1 c=0 rs=1 cs=2]
              LayoutBlockFlow {IMG} at (0,0) size 367x20
            LayoutTableCell {TD} at (367,40) size 199x20 [bgcolor=#990099] [r=1 c=2 rs=1 cs=1]
              LayoutText {#text} at (0,0) size 39x19
                text run at (0,0) width 39: "Empty"
layer at (8,44) size 222x40 clip at (9,45) size 220x38
  LayoutBlockFlow {DIV} at (0,0) size 222x40 [border: (1px solid #C0C0C0)]
layer at (10,46) size 218x20
  LayoutBlockFlow {DIV} at (2,2) size 218x20
    LayoutText {#text} at (0,0) size 103x19
      text run at (0,0) width 103: "Hometown AOL"
layer at (230,44) size 145x40 clip at (231,45) size 143x38
  LayoutBlockFlow {DIV} at (0,0) size 145x40 [border: (1px solid #C0C0C0)]
layer at (232,46) size 141x20
  LayoutBlockFlow {DIV} at (2,2) size 141x20
    LayoutText {#text} at (0,0) size 101x19
      text run at (0,0) width 101: "Quick Start Link"
layer at (8,84) size 367x20 clip at (9,85) size 365x18 scrollHeight 22
  LayoutBlockFlow {DIV} at (0,0) size 367x20 [border: (1px solid #C0C0C0)]
layer at (10,86) size 363x20 backgroundClip at (10,86) size 363x17 clip at (10,86) size 363x17
  LayoutBlockFlow {DIV} at (2,2) size 363x20
    LayoutText {#text} at (0,0) size 57x19
      text run at (0,0) width 57: "Welcome"
layer at (8,166) size 222x40 clip at (9,167) size 220x38
  LayoutBlockFlow {DIV} at (0,0) size 222x40 [border: (1px solid #C0C0C0)]
layer at (10,168) size 218x20
  LayoutBlockFlow {DIV} at (2,2) size 218x20
    LayoutText {#text} at (0,0) size 103x19
      text run at (0,0) width 103: "Hometown AOL"
layer at (230,166) size 145x40 clip at (231,167) size 143x38
  LayoutBlockFlow {DIV} at (0,0) size 145x40 [border: (1px solid #C0C0C0)]
layer at (232,168) size 141x20
  LayoutBlockFlow {DIV} at (2,2) size 141x20
    LayoutText {#text} at (0,0) size 101x19
      text run at (0,0) width 101: "Quick Start Link"
layer at (8,216) size 367x20 clip at (9,217) size 365x18 scrollHeight 22
  LayoutBlockFlow {DIV} at (0,0) size 367x20 [border: (1px solid #C0C0C0)]
layer at (10,218) size 363x20 backgroundClip at (10,218) size 363x17 clip at (10,218) size 363x17
  LayoutBlockFlow {DIV} at (2,2) size 363x20
    LayoutText {#text} at (0,0) size 57x19
      text run at (0,0) width 57: "Welcome"
layer at (8,288) size 222x40 clip at (9,289) size 220x38
  LayoutBlockFlow {DIV} at (0,0) size 222x40 [border: (1px solid #C0C0C0)]
layer at (10,290) size 218x20
  LayoutBlockFlow {DIV} at (2,2) size 218x20
    LayoutText {#text} at (0,0) size 103x19
      text run at (0,0) width 103: "Hometown AOL"
layer at (230,288) size 145x40 clip at (231,289) size 143x38
  LayoutBlockFlow {DIV} at (0,0) size 145x40 [border: (1px solid #C0C0C0)]
layer at (232,290) size 141x20
  LayoutBlockFlow {DIV} at (2,2) size 141x20
    LayoutText {#text} at (0,0) size 101x19
      text run at (0,0) width 101: "Quick Start Link"
layer at (8,338) size 367x20 clip at (9,339) size 365x18 scrollHeight 22
  LayoutBlockFlow {DIV} at (0,0) size 367x20 [border: (1px solid #C0C0C0)]
layer at (10,340) size 363x20 backgroundClip at (10,340) size 363x17 clip at (10,340) size 363x17
  LayoutBlockFlow {DIV} at (2,2) size 363x20
    LayoutText {#text} at (0,0) size 57x19
      text run at (0,0) width 57: "Welcome"
layer at (11,423) size 222x40 clip at (12,424) size 220x38
  LayoutBlockFlow {DIV} at (0,0) size 222x40 [border: (1px solid #C0C0C0)]
layer at (13,425) size 218x20
  LayoutBlockFlow {DIV} at (2,2) size 218x20
    LayoutText {#text} at (0,0) size 103x19
      text run at (0,0) width 103: "Hometown AOL"
layer at (237,423) size 145x40 clip at (238,424) size 143x38
  LayoutBlockFlow {DIV} at (0,0) size 145x40 [border: (1px solid #C0C0C0)]
layer at (239,425) size 141x20
  LayoutBlockFlow {DIV} at (2,2) size 141x20
    LayoutText {#text} at (0,0) size 101x19
      text run at (0,0) width 101: "Quick Start Link"
layer at (11,467) size 367x20 clip at (12,468) size 365x18 scrollHeight 22
  LayoutBlockFlow {DIV} at (0,0) size 367x20 [border: (1px solid #C0C0C0)]
layer at (13,469) size 363x20 backgroundClip at (13,469) size 363x17 clip at (13,469) size 363x17
  LayoutBlockFlow {DIV} at (2,2) size 363x20
    LayoutText {#text} at (0,0) size 57x19
      text run at (0,0) width 57: "Welcome"
layer at (8,542) size 222x40 clip at (9,543) size 220x38
  LayoutBlockFlow {DIV} at (0,0) size 222x40 [border: (1px solid #C0C0C0)]
layer at (10,544) size 218x20
  LayoutBlockFlow {DIV} at (2,2) size 218x20
    LayoutText {#text} at (0,0) size 103x19
      text run at (0,0) width 103: "Hometown AOL"
layer at (230,542) size 145x40 clip at (231,543) size 143x38
  LayoutBlockFlow {DIV} at (0,0) size 145x40 [border: (1px solid #C0C0C0)]
layer at (232,544) size 141x20
  LayoutBlockFlow {DIV} at (2,2) size 141x20
    LayoutText {#text} at (0,0) size 101x19
      text run at (0,0) width 101: "Quick Start Link"
layer at (8,582) size 367x20 backgroundClip at (8,582) size 367x18 clip at (9,583) size 365x17 scrollHeight 22
  LayoutBlockFlow {DIV} at (0,0) size 367x20 [border: (1px solid #C0C0C0)]
layer at (10,584) size 363x20 backgroundClip at (10,584) size 363x16 clip at (10,584) size 363x16
  LayoutBlockFlow {DIV} at (2,2) size 363x20
    LayoutText {#text} at (0,0) size 57x19
      text run at (0,0) width 57: "Welcome"
