layer at (0,0) size 800x600
  LayoutView at (0,0) size 800x600
layer at (0,0) size 800x600
  LayoutBlockFlow {HTML} at (0,0) size 800x600
    LayoutBlockFlow {BODY} at (8,8) size 784x584
      LayoutTable (floating) {TABLE} at (0,0) size 82x32 [border: (2px outset #808080)]
        LayoutTableSection {TBODY} at (2,2) size 78x28
          LayoutTableRow {TR} at (0,2) size 78x24
            LayoutTableCell {TD} at (2,2) size 74x24 [border: (1px inset #808080)] [r=0 c=0 rs=1 cs=1]
              LayoutText {#text} at (2,2) size 70x19
                text run at (2,2) width 70: "Testing 123"
