layer at (0,0) size 800x600
  LayoutView at (0,0) size 800x600
layer at (0,0) size 800x600
  LayoutBlockFlow {HTML} at (0,0) size 800x600
    LayoutBlockFlow {BODY} at (8,8) size 784x584 [bgcolor=#FFFFFF]
      LayoutBlockFlow {P} at (0,0) size 784x40
        LayoutInline {B} at (0,0) size 411x39
          LayoutText {#text} at (0,0) size 154x19
            text run at (0,0) width 154: "Testcase distilled from "
          LayoutInline {A} at (0,0) size 258x19 [color=#0000EE]
            LayoutText {#text} at (153,0) size 258x19
              text run at (153,0) width 258: "http://www.linuxplanet.com/linuxplanet/"
          LayoutBR {BR} at (410,15) size 1x0
          LayoutText {#text} at (0,20) size 144x19
            text run at (0,20) width 144: "First cell is coded as: "
        LayoutInline {CODE} at (0,0) size 288x16
          LayoutText {#text} at (144,23) size 288x16
            text run at (144,23) width 288: "<TD><form>Weekly Poll<P></form></TD>"
      LayoutTable {TABLE} at (0,56) size 784x56
        LayoutTableSection {TBODY} at (0,0) size 784x56
          LayoutTableRow {TR} at (0,0) size 784x56
            LayoutTableCell {TD} at (0,0) size 46x56 [r=0 c=0 rs=1 cs=1]
              LayoutBlockFlow {FORM} at (0,0) size 46x40
                LayoutBlockFlow (anonymous) at (0,0) size 46x40
                  LayoutText {#text} at (0,0) size 46x39
                    text run at (0,0) width 46: "Weekly"
                    text run at (0,20) width 23: "Poll"
                LayoutBlockFlow {P} at (0,56) size 46x0
            LayoutTableCell {TD} at (46,3) size 1x50 [r=0 c=1 rs=1 cs=1]
              LayoutImage {IMG} at (0,0) size 1x50
            LayoutTableCell {TD} at (47,18) size 737x20 [r=0 c=2 rs=1 cs=1]
              LayoutBR {BR} at (0,0) size 0x19
