layer at (0,0) size 800x600
  LayoutView at (0,0) size 800x600
layer at (0,0) size 800x600
  LayoutBlockFlow {HTML} at (0,0) size 800x600
    LayoutBlockFlow {BODY} at (8,8) size 784x584
      LayoutInline {WINDOW} at (0,0) size 32x19
        LayoutText {#text} at (0,0) size 0x0
        LayoutInline {WINDOW} at (0,0) size 32x19
          LayoutText {#text} at (0,0) size 0x0
          LayoutInline {WINDOW} at (0,0) size 32x19
            LayoutText {#text} at (0,0) size 0x0
            LayoutInline {XUL:TOOLBOX} at (0,0) size 32x19
              LayoutText {#text} at (0,0) size 0x0
              LayoutInline {XUL:TOOLBAR} at (0,0) size 32x19
                LayoutText {#text} at (0,0) size 0x0
                LayoutTable (anonymous) at (0,0) size 32x20
                  LayoutTableSection (anonymous) at (0,0) size 32x20
                    LayoutTableRow (anonymous) at (0,0) size 32x20
                      LayoutTableCell {HTML:SPAN} at (0,0) size 32x20 [r=0 c=0 rs=1 cs=1]
                        LayoutInline {HTML:BUTTON} at (0,0) size 32x19 [bgcolor=#C0C0C0]
                          LayoutText {#text} at (0,0) size 0x0
                          LayoutInline {HTML:IMG} at (0,0) size 32x19
                            LayoutInline {HTML:BR} at (0,0) size 32x19
                              LayoutText {#text} at (0,0) size 32x19
                                text run at (0,0) width 32: "Back"
                        LayoutText {#text} at (0,0) size 0x0
                      LayoutTableCell {HTML:SPAN} at (32,0) size 0x0 [r=0 c=1 rs=1 cs=1]
                        LayoutInline {HTML:INPUT} at (0,0) size 0x0
                        LayoutText {#text} at (0,0) size 0x0
              LayoutText {#text} at (0,0) size 0x0
            LayoutText {#text} at (0,0) size 0x0
          LayoutText {#text} at (0,0) size 0x0
