layer at (0,0) size 800x600 clip at (0,0) size 785x600 scrollHeight 1398
  LayoutView at (0,0) size 800x600
layer at (0,0) size 785x1398 backgroundClip at (0,0) size 785x600 clip at (0,0) size 785x600
  LayoutBlockFlow {HTML} at (0,0) size 785x1398
    LayoutBlockFlow {BODY} at (8,8) size 769x1382
      LayoutBlockFlow {P} at (0,0) size 769x20
        LayoutText {#text} at (0,0) size 151x19
          text run at (0,0) width 151: "IFRAME inside TFOOT"
      LayoutTable {TABLE} at (0,36) size 769x414 [border: (1px outset #808080)]
        LayoutTableSection {THEAD} at (1,1) size 767x104
          LayoutTableRow {TR} at (0,2) size 767x100
            LayoutTableCell {TD} at (2,30) size 38x44 [border: (1px inset #808080)] [r=0 c=0 rs=1 cs=1]
              LayoutText {#text} at (2,2) size 24x39
                text run at (2,2) width 11: "A"
                text run at (2,22) width 24: "Cell"
            LayoutTableCell {TD} at (42,2) size 682x100 [border: (1px inset #808080)] [r=0 c=1 rs=1 cs=1]
              LayoutInline {SPAN} at (0,0) size 607x94
                LayoutText {#text} at (2,3) size 607x94
                  text run at (2,3) width 607: "THEAD blah blah blah blah blah blah"
                  text run at (2,51) width 133: "THEAD"
              LayoutText {#text} at (0,0) size 0x0
            LayoutTableCell {TD} at (726,30) size 39x44 [border: (1px inset #808080)] [r=0 c=2 rs=1 cs=1]
              LayoutText {#text} at (2,2) size 24x39
                text run at (2,2) width 11: "A"
                text run at (2,22) width 24: "Cell"
        LayoutTableSection {TFOOT} at (1,207) size 767x206
          LayoutTableRow {TR} at (0,0) size 767x204
            LayoutTableCell {TD} at (2,80) size 38x44 [border: (1px inset #808080)] [r=0 c=0 rs=1 cs=1]
              LayoutText {#text} at (2,2) size 24x39
                text run at (2,2) width 11: "A"
                text run at (2,22) width 24: "Cell"
            LayoutTableCell {TD} at (42,0) size 682x204 [border: (1px inset #808080)] [r=0 c=1 rs=1 cs=1]
              LayoutText {#text} at (0,0) size 0x0
            LayoutTableCell {TD} at (726,80) size 39x44 [border: (1px inset #808080)] [r=0 c=2 rs=1 cs=1]
              LayoutText {#text} at (2,2) size 24x39
                text run at (2,2) width 11: "A"
                text run at (2,22) width 24: "Cell"
        LayoutTableSection {TBODY} at (1,105) size 767x102
          LayoutTableRow {TR} at (0,0) size 767x100
            LayoutTableCell {TD} at (2,28) size 38x44 [border: (1px inset #808080)] [r=0 c=0 rs=1 cs=1]
              LayoutText {#text} at (2,2) size 24x39
                text run at (2,2) width 11: "A"
                text run at (2,22) width 24: "Cell"
            LayoutTableCell {TD} at (42,0) size 682x100 [border: (1px inset #808080)] [r=0 c=1 rs=1 cs=1]
              LayoutInline {SPAN} at (0,0) size 610x94
                LayoutText {#text} at (2,3) size 610x94
                  text run at (2,3) width 610: "TBODY blah blah blah blah blah blah"
                  text run at (2,51) width 136: "TBODY"
              LayoutText {#text} at (0,0) size 0x0
            LayoutTableCell {TD} at (726,28) size 39x44 [border: (1px inset #808080)] [r=0 c=2 rs=1 cs=1]
              LayoutText {#text} at (2,2) size 24x39
                text run at (2,2) width 11: "A"
                text run at (2,22) width 24: "Cell"
      LayoutBlockFlow {P} at (0,466) size 769x20
        LayoutText {#text} at (0,0) size 153x19
          text run at (0,0) width 153: "IFRAME inside TBODY"
      LayoutTable {TABLE} at (0,502) size 769x414 [border: (1px outset #808080)]
        LayoutTableSection {THEAD} at (1,1) size 767x104
          LayoutTableRow {TR} at (0,2) size 767x100
            LayoutTableCell {TD} at (2,30) size 38x44 [border: (1px inset #808080)] [r=0 c=0 rs=1 cs=1]
              LayoutText {#text} at (2,2) size 24x39
                text run at (2,2) width 11: "A"
                text run at (2,22) width 24: "Cell"
            LayoutTableCell {TD} at (42,2) size 682x100 [border: (1px inset #808080)] [r=0 c=1 rs=1 cs=1]
              LayoutInline {SPAN} at (0,0) size 607x94
                LayoutText {#text} at (2,3) size 607x94
                  text run at (2,3) width 607: "THEAD blah blah blah blah blah blah"
                  text run at (2,51) width 133: "THEAD"
              LayoutText {#text} at (0,0) size 0x0
            LayoutTableCell {TD} at (726,30) size 39x44 [border: (1px inset #808080)] [r=0 c=2 rs=1 cs=1]
              LayoutText {#text} at (2,2) size 24x39
                text run at (2,2) width 11: "A"
                text run at (2,22) width 24: "Cell"
        LayoutTableSection {TFOOT} at (1,311) size 767x102
          LayoutTableRow {TR} at (0,0) size 767x100
            LayoutTableCell {TD} at (2,28) size 38x44 [border: (1px inset #808080)] [r=0 c=0 rs=1 cs=1]
              LayoutText {#text} at (2,2) size 24x39
                text run at (2,2) width 11: "A"
                text run at (2,22) width 24: "Cell"
            LayoutTableCell {TD} at (42,0) size 682x100 [border: (1px inset #808080)] [r=0 c=1 rs=1 cs=1]
              LayoutInline {SPAN} at (0,0) size 600x94
                LayoutText {#text} at (2,3) size 600x94
                  text run at (2,3) width 600: "TFOOT blah blah blah blah blah blah"
                  text run at (2,51) width 126: "TFOOT"
              LayoutText {#text} at (0,0) size 0x0
            LayoutTableCell {TD} at (726,28) size 39x44 [border: (1px inset #808080)] [r=0 c=2 rs=1 cs=1]
              LayoutText {#text} at (2,2) size 24x39
                text run at (2,2) width 11: "A"
                text run at (2,22) width 24: "Cell"
        LayoutTableSection {TBODY} at (1,105) size 767x206
          LayoutTableRow {TR} at (0,0) size 767x204
            LayoutTableCell {TD} at (2,80) size 38x44 [border: (1px inset #808080)] [r=0 c=0 rs=1 cs=1]
              LayoutText {#text} at (2,2) size 24x39
                text run at (2,2) width 11: "A"
                text run at (2,22) width 24: "Cell"
            LayoutTableCell {TD} at (42,0) size 682x204 [border: (1px inset #808080)] [r=0 c=1 rs=1 cs=1]
              LayoutText {#text} at (0,0) size 0x0
            LayoutTableCell {TD} at (726,80) size 39x44 [border: (1px inset #808080)] [r=0 c=2 rs=1 cs=1]
              LayoutText {#text} at (2,2) size 24x39
                text run at (2,2) width 11: "A"
                text run at (2,22) width 24: "Cell"
      LayoutBlockFlow {P} at (0,932) size 769x20
        LayoutText {#text} at (0,0) size 151x19
          text run at (0,0) width 151: "IFRAME inside THEAD"
      LayoutTable {TABLE} at (0,968) size 769x414 [border: (1px outset #808080)]
        LayoutTableSection {THEAD} at (1,1) size 767x208
          LayoutTableRow {TR} at (0,2) size 767x204
            LayoutTableCell {TD} at (2,82) size 38x44 [border: (1px inset #808080)] [r=0 c=0 rs=1 cs=1]
              LayoutText {#text} at (2,2) size 24x39
                text run at (2,2) width 11: "A"
                text run at (2,22) width 24: "Cell"
            LayoutTableCell {TD} at (42,2) size 682x204 [border: (1px inset #808080)] [r=0 c=1 rs=1 cs=1]
              LayoutText {#text} at (0,0) size 0x0
            LayoutTableCell {TD} at (726,82) size 39x44 [border: (1px inset #808080)] [r=0 c=2 rs=1 cs=1]
              LayoutText {#text} at (2,2) size 24x39
                text run at (2,2) width 11: "A"
                text run at (2,22) width 24: "Cell"
        LayoutTableSection {TFOOT} at (1,311) size 767x102
          LayoutTableRow {TR} at (0,0) size 767x100
            LayoutTableCell {TD} at (2,28) size 38x44 [border: (1px inset #808080)] [r=0 c=0 rs=1 cs=1]
              LayoutText {#text} at (2,2) size 24x39
                text run at (2,2) width 11: "A"
                text run at (2,22) width 24: "Cell"
            LayoutTableCell {TD} at (42,0) size 682x100 [border: (1px inset #808080)] [r=0 c=1 rs=1 cs=1]
              LayoutInline {SPAN} at (0,0) size 600x94
                LayoutText {#text} at (2,3) size 600x94
                  text run at (2,3) width 600: "TFOOT blah blah blah blah blah blah"
                  text run at (2,51) width 126: "TFOOT"
              LayoutText {#text} at (0,0) size 0x0
            LayoutTableCell {TD} at (726,28) size 39x44 [border: (1px inset #808080)] [r=0 c=2 rs=1 cs=1]
              LayoutText {#text} at (2,2) size 24x39
                text run at (2,2) width 11: "A"
                text run at (2,22) width 24: "Cell"
        LayoutTableSection {TBODY} at (1,209) size 767x102
          LayoutTableRow {TR} at (0,0) size 767x100
            LayoutTableCell {TD} at (2,28) size 38x44 [border: (1px inset #808080)] [r=0 c=0 rs=1 cs=1]
              LayoutText {#text} at (2,2) size 24x39
                text run at (2,2) width 11: "A"
                text run at (2,22) width 24: "Cell"
            LayoutTableCell {TD} at (42,0) size 682x100 [border: (1px inset #808080)] [r=0 c=1 rs=1 cs=1]
              LayoutInline {SPAN} at (0,0) size 610x94
                LayoutText {#text} at (2,3) size 610x94
                  text run at (2,3) width 610: "TBODY blah blah blah blah blah blah"
                  text run at (2,51) width 136: "TBODY"
              LayoutText {#text} at (0,0) size 0x0
            LayoutTableCell {TD} at (726,28) size 39x44 [border: (1px inset #808080)] [r=0 c=2 rs=1 cs=1]
              LayoutText {#text} at (2,2) size 24x39
                text run at (2,2) width 11: "A"
                text run at (2,22) width 24: "Cell"
layer at (63,263) size 155x180
  LayoutIFrame {IFRAME} at (12,12) size 155x180 [border: (5px solid #FF0000)]
    layer at (0,0) size 125x150
      LayoutView at (0,0) size 125x150
    layer at (0,0) size 125x150
      LayoutBlockFlow {HTML} at (0,0) size 125x150
        LayoutBlockFlow {BODY} at (8,8) size 109x134
layer at (63,627) size 155x180 backgroundClip at (0,0) size 785x600 clip at (0,0) size 785x600
  LayoutIFrame {IFRAME} at (12,12) size 155x180 [border: (5px solid #FF0000)]
    layer at (0,0) size 125x150
      LayoutView at (0,0) size 125x150
    layer at (0,0) size 125x150
      LayoutBlockFlow {HTML} at (0,0) size 125x150
        LayoutBlockFlow {BODY} at (8,8) size 109x134
layer at (63,991) size 155x180 backgroundClip at (0,0) size 785x600 clip at (0,0) size 785x600
  LayoutIFrame {IFRAME} at (12,12) size 155x180 [border: (5px solid #FF0000)]
    layer at (0,0) size 125x150
      LayoutView at (0,0) size 125x150
    layer at (0,0) size 125x150
      LayoutBlockFlow {HTML} at (0,0) size 125x150
        LayoutBlockFlow {BODY} at (8,8) size 109x134
