layer at (0,0) size 800x600
  LayoutView at (0,0) size 800x600
layer at (0,0) size 800x62
  LayoutBlockFlow {HTML} at (0,0) size 800x62
    LayoutBlockFlow {BODY} at (8,8) size 784x46
      LayoutBlockFlow (anonymous) at (0,0) size 784x20
        LayoutText {#text} at (0,0) size 239x19
          text run at (0,0) width 239: "This is the first of two lines on this page."
      LayoutBlockFlow {TABLE} at (0,20) size 784x26
        LayoutTable (anonymous) at (0,0) size 266x26
          LayoutTableSection {TBODY} at (0,0) size 266x26
            LayoutTableRow (anonymous) at (0,2) size 266x22
              LayoutTableCell (anonymous) at (2,2) size 262x22 [r=0 c=0 rs=1 cs=1]
                LayoutBlockFlow {TR} at (0,0) size 262x22
                  LayoutBlockFlow {TD} at (0,0) size 262x22
                    LayoutText {#text} at (1,1) size 260x19
                      text run at (1,1) width 260: "This is the second of two lines on this page."
