layer at (0,0) size 800x600
  LayoutView at (0,0) size 800x600
layer at (0,0) size 800x600
  LayoutBlockFlow {HTML} at (0,0) size 800x600
    LayoutBlockFlow {BODY} at (8,8) size 784x584
      LayoutTable {TABLE} at (0,0) size 627x50
        LayoutTableSection {TBODY} at (0,0) size 627x50
          LayoutTableRow {TR} at (0,2) size 627x46
            LayoutTableCell {TD} at (2,12) size 204x26 [border: (2px solid #FF0000)] [r=0 c=0 rs=1 cs=1]
              LayoutText {#text} at (3,3) size 125x19
                text run at (3,3) width 125: "Cell 1 (width=33%)."
            LayoutTableCell {TD} at (208,2) size 417x46 [border: (2px solid #0000FF)] [r=0 c=1 rs=1 cs=1]
              LayoutText {#text} at (3,3) size 407x39
                text run at (3,3) width 407: "Cell 3 (width=*) - should be 67% when cell 2 is hidden, 33% when"
                text run at (3,23) width 90: "cell 2 is visible."
