layer at (0,0) size 800x600
  LayoutView at (0,0) size 800x600
layer at (0,0) size 800x600
  LayoutBlockFlow {HTML} at (0,0) size 800x600
    LayoutBlockFlow {BODY} at (8,8) size 784x584
      LayoutBlockFlow (anonymous) at (0,0) size 784x40
        LayoutText {#text} at (0,0) size 35x19
          text run at (0,0) width 35: "BAD:"
        LayoutBR {BR} at (35,15) size 0x0
        LayoutBR {BR} at (0,20) size 0x19
      LayoutBlockFlow {CENTER} at (0,40) size 784x64
        LayoutTable {TABLE} at (0,0) size 784x64 [border: (5px outset #808080)]
          LayoutTableSection {TBODY} at (5,5) size 774x54
            LayoutTableRow {TR} at (0,2) size 774x24
              LayoutTableCell {TD} at (2,2) size 770x24 [border: (1px inset #808080)] [r=0 c=0 rs=1 cs=1]
                LayoutText {#text} at (2,2) size 26x19
                  text run at (2,2) width 26: "One"
            LayoutTableRow {TR} at (0,28) size 774x24
              LayoutTableCell {TD} at (2,28) size 770x24 [border: (1px inset #808080)] [r=1 c=0 rs=1 cs=1]
                LayoutText {#text} at (2,2) size 27x19
                  text run at (2,2) width 27: "Two"
      LayoutBlockFlow (anonymous) at (0,104) size 784x80
        LayoutBR {BR} at (0,0) size 0x19
        LayoutBR {BR} at (0,20) size 0x19
        LayoutText {#text} at (0,40) size 49x19
          text run at (0,40) width 49: "GOOD:"
        LayoutBR {BR} at (49,55) size 0x0
        LayoutBR {BR} at (0,60) size 0x19
      LayoutBlockFlow {CENTER} at (0,184) size 784x64
        LayoutTable {TABLE} at (0,0) size 784x64 [border: (5px outset #808080)]
          LayoutTableSection {TBODY} at (5,5) size 774x54
            LayoutTableRow {TR} at (0,2) size 774x24
              LayoutTableCell {TD} at (2,2) size 770x24 [border: (1px inset #808080)] [r=0 c=0 rs=1 cs=1]
                LayoutText {#text} at (2,2) size 26x19
                  text run at (2,2) width 26: "One"
            LayoutTableRow {TR} at (0,28) size 774x24
              LayoutTableCell {TD} at (2,28) size 770x24 [border: (1px inset #808080)] [r=1 c=0 rs=1 cs=1]
                LayoutText {#text} at (2,2) size 27x19
                  text run at (2,2) width 27: "Two"
