layer at (0,0) size 800x600
  LayoutView at (0,0) size 800x600
layer at (0,0) size 800x600
  LayoutBlockFlow {HTML} at (0,0) size 800x600
    LayoutBlockFlow {BODY} at (8,8) size 784x584 [bgcolor=#FFFFFF]
      LayoutBlockFlow (anonymous) at (0,0) size 784x20
        LayoutText {#text} at (0,0) size 685x19
          text run at (0,0) width 685: "The bug causes the nested table containing the textarea to be positioned away from the left edge of the outer table "
        LayoutBR {BR} at (685,15) size 0x0
      LayoutTable {TABLE} at (242,20) size 300x56 [border: (1px outset #808080)]
        LayoutTableSection {TBODY} at (1,1) size 298x54
          LayoutTableRow {TR} at (0,2) size 298x50
            LayoutTableCell {TD} at (2,2) size 294x50 [border: (1px inset #808080)] [r=0 c=0 rs=1 cs=1]
              LayoutTable {TABLE} at (2,2) size 69x46 [border: (1px outset #808080)]
                LayoutTableSection {TBODY} at (1,1) size 67x44
                  LayoutTableRow {TR} at (0,2) size 67x40
                    LayoutTableCell {TD} at (2,2) size 63x40 [border: (1px inset #808080)] [r=0 c=0 rs=1 cs=1]
                      LayoutText {#text} at (0,0) size 0x0
layer at (260,38) size 59x36 clip at (261,39) size 57x34
  LayoutTextControl {TEXTAREA} at (2,2) size 59x36 [bgcolor=#FFFFFF] [border: (1px solid #A9A9A9)]
    LayoutBlockFlow {DIV} at (3,3) size 55x16
      LayoutText {#text} at (0,0) size 24x16
        text run at (0,0) width 24: "bar"
