layer at (0,0) size 800x600
  LayoutView at (0,0) size 800x600
layer at (0,0) size 800x600
  LayoutBlockFlow {HTML} at (0,0) size 800x600
    LayoutBlockFlow {BODY} at (8,8) size 784x584
      LayoutBlockFlow (anonymous) at (0,0) size 784x20
        LayoutText {#text} at (0,0) size 458x19
          text run at (0,0) width 458: "BUG: Inside a cell, \"height:x%\" is ignored. It looks like 'auto' is used instead."
        LayoutBR {BR} at (458,15) size 0x0
      LayoutListItem {LI} at (0,20) size 784x20
        LayoutListMarker (anonymous) at (-1,0) size 7x19: bullet
        LayoutText {#text} at (22,0) size 249x19
          text run at (22,0) width 249: "Absolute units work correctly (eg. 50px)."
      LayoutListItem {LI} at (0,40) size 784x492
        LayoutBlockFlow (anonymous) at (0,0) size 784x20
          LayoutListMarker (anonymous) at (-1,0) size 7x19: bullet
          LayoutText {#text} at (22,0) size 168x19
            text run at (22,0) width 168: "\"width:x%\" works correctly."
        LayoutBlockFlow {HR} at (0,28) size 784x2 [border: (1px inset #EEEEEE)]
        LayoutTable {TABLE} at (0,38) size 784x100
          LayoutTableSection {TBODY} at (0,0) size 784x100
            LayoutTableRow {TR} at (0,2) size 784x96
              LayoutTableCell {TD} at (2,11) size 780x77 [bgcolor=#FF0000] [r=0 c=0 rs=1 cs=1]
                LayoutText {#text} at (0,0) size 0x0
        LayoutBlockFlow {HR} at (0,146) size 784x2 [border: (1px inset #EEEEEE)]
        LayoutTable {TABLE} at (0,156) size 784x100
          LayoutTableSection {TBODY} at (0,0) size 784x100
            LayoutTableRow {TR} at (0,2) size 784x96
              LayoutTableCell {TD} at (2,9) size 780x82 [bgcolor=#FF0000] [r=0 c=0 rs=1 cs=1]
                LayoutText {#text} at (0,0) size 0x0
        LayoutBlockFlow {HR} at (0,264) size 784x2 [border: (1px inset #EEEEEE)]
        LayoutTable {TABLE} at (0,274) size 784x100
          LayoutTableSection {TBODY} at (0,0) size 784x100
            LayoutTableRow {TR} at (0,2) size 784x96
              LayoutTableCell {TD} at (2,11) size 780x77.19 [bgcolor=#FF0000] [r=0 c=0 rs=1 cs=1]
                LayoutBlockFlow {P} at (1,1) size 622.39x75.19 [bgcolor=#FFFFE0]
                  LayoutText {#text} at (0,0) size 216x19
                    text run at (0,0) width 216: "BUG: the height of the P is not 80%"
        LayoutBlockFlow {HR} at (0,382) size 784x2 [border: (1px inset #EEEEEE)]
        LayoutTable {TABLE} at (0,392) size 784x100
          LayoutTableSection {TBODY} at (0,0) size 784x100
            LayoutTableRow {TR} at (0,2) size 784x96
              LayoutTableCell {TD} at (2,9) size 780x82 [bgcolor=#FF0000] [r=0 c=0 rs=1 cs=1]
                LayoutBlockFlow {P} at (1,1) size 622.39x80 [bgcolor=#FFFFE0]
                  LayoutText {#text} at (0,0) size 210x19
                    text run at (0,0) width 210: "OK: the height of the P is 80 pixels"
layer at (11,98) size 622x75 clip at (12,99) size 620x73
  LayoutTextControl {TEXTAREA} at (1,1) size 622.39x75.19 [bgcolor=#FFFFFF] [border: (1px solid #A9A9A9)]
    LayoutBlockFlow {DIV} at (3,3) size 618.39x16
      LayoutText {#text} at (0,0) size 336x16
        text run at (0,0) width 336: "BUG: the height of the textarea is not 80%"
layer at (11,214) size 622x80 clip at (12,215) size 620x78
  LayoutTextControl {TEXTAREA} at (1,1) size 622.39x80 [bgcolor=#FFFFFF] [border: (1px solid #A9A9A9)]
    LayoutBlockFlow {DIV} at (3,3) size 618.39x16
      LayoutText {#text} at (0,0) size 344x16
        text run at (0,0) width 344: "OK: the height of the textarea is 80 pixels"
