layer at (0,0) size 800x600
  LayoutView at (0,0) size 800x600
layer at (0,0) size 800x600
  LayoutBlockFlow {HTML} at (0,0) size 800x600
    LayoutBlockFlow {BODY} at (8,8) size 784x584
      LayoutTable {TABLE} at (0,0) size 300x30 [border: (1px outset #808080)]
        LayoutTableSection {TBODY} at (1,1) size 298x28
          LayoutTableRow {TR} at (0,2) size 298x24
            LayoutTableCell {TD} at (2,2) size 143x24 [border: (1px inset #808080)] [r=0 c=0 rs=1 cs=1]
              LayoutText {#text} at (58,2) size 27x19
                text run at (58,2) width 27: "One"
            LayoutTableCell {TD} at (147,2) size 149x24 [border: (1px inset #808080)] [r=0 c=1 rs=1 cs=1]
              LayoutText {#text} at (61,2) size 27x19
                text run at (61,2) width 27: "Two"
      LayoutTable {TABLE} at (0,30) size 300x30 [border: (1px outset #808080)]
        LayoutTableSection {TBODY} at (1,1) size 298x28
          LayoutTableRow {TR} at (0,2) size 298x24
            LayoutTableCell {TD} at (2,2) size 143x24 [border: (1px inset #808080)] [r=0 c=0 rs=1 cs=1]
              LayoutText {#text} at (115,2) size 26x19
                text run at (115,2) width 26: "One"
            LayoutTableCell {TD} at (147,2) size 149x24 [border: (1px inset #808080)] [r=0 c=1 rs=1 cs=1]
              LayoutText {#text} at (120,2) size 27x19
                text run at (120,2) width 27: "Two"
      LayoutTable {TABLE} at (0,60) size 403x56 [border: (1px outset #808080)]
        LayoutTableSection {TBODY} at (1,1) size 401x54
          LayoutTableRow {TR} at (0,2) size 401x24
            LayoutTableCell {TD} at (2,2) size 197x24 [border: (1px inset #808080)] [r=0 c=0 rs=1 cs=1]
              LayoutText {#text} at (85,2) size 27x19
                text run at (85,2) width 27: "One"
            LayoutTableCell {TD} at (201,2) size 198x24 [border: (1px inset #808080)] [r=0 c=1 rs=1 cs=1]
              LayoutText {#text} at (85,2) size 28x19
                text run at (85,2) width 28: "Two"
          LayoutTableRow {TR} at (0,28) size 401x24
            LayoutTableCell {TD} at (2,28) size 197x24 [border: (1px inset #808080)] [r=1 c=0 rs=1 cs=1]
              LayoutText {#text} at (2,2) size 193x19
                text run at (2,2) width 193: "----------Long One------------"
            LayoutTableCell {TD} at (201,28) size 198x24 [border: (1px inset #808080)] [r=1 c=1 rs=1 cs=1]
              LayoutText {#text} at (2,2) size 194x19
                text run at (2,2) width 194: "----------Long Two------------"
      LayoutTable {TABLE} at (0,116) size 784x30 [border: (1px outset #808080)]
        LayoutTableSection {TBODY} at (1,1) size 782x28
          LayoutTableRow {TR} at (0,2) size 782x24
            LayoutTableCell {TD} at (2,2) size 381x24 [border: (1px inset #808080)] [r=0 c=0 rs=1 cs=1]
              LayoutText {#text} at (177,2) size 27x19
                text run at (177,2) width 27: "One"
            LayoutTableCell {TD} at (385,2) size 395x24 [border: (1px inset #808080)] [r=0 c=1 rs=1 cs=1]
              LayoutText {#text} at (184,2) size 27x19
                text run at (184,2) width 27: "Two"
