layer at (0,0) size 800x600
  LayoutView at (0,0) size 800x600
layer at (0,0) size 800x600
  LayoutBlockFlow {HTML} at (0,0) size 800x600
    LayoutBlockFlow {BODY} at (8,8) size 784x584
      LayoutTable {TABLE} at (0,0) size 59x200 [border: (1px outset #808080)]
        LayoutTableSection {TBODY} at (1,1) size 57x198
          LayoutTableRow {TR} at (0,2) size 57x194
            LayoutTableCell {TD} at (2,2) size 53x194 [border: (1px inset #808080)] [r=0 c=0 rs=1 cs=1]
              LayoutTable {TABLE} at (2,2) size 49x190 [border: (1px outset #808080)]
                LayoutTableSection {TBODY} at (1,1) size 47x188
                  LayoutTableRow {TR} at (0,2) size 47x60
                    LayoutTableCell {TD} at (2,2) size 43x60 [border: (1px inset #808080)] [r=0 c=0 rs=1 cs=1]
                      LayoutTable {TABLE} at (2,2) size 39x56 [border: (1px outset #808080)]
                        LayoutTableSection {TBODY} at (1,1) size 37x54
                          LayoutTableRow {TR} at (0,2) size 37x24
                            LayoutTableCell {TD} at (2,2) size 33x24 [border: (1px inset #808080)] [r=0 c=0 rs=1 cs=1]
                              LayoutText {#text} at (2,2) size 29x19
                                text run at (2,2) width 29: "30%"
                          LayoutTableRow {TR} at (0,28) size 37x24
                            LayoutTableCell {TD} at (2,28) size 33x24 [border: (1px inset #808080)] [r=1 c=0 rs=1 cs=1]
                              LayoutText {#text} at (2,2) size 29x19
                                text run at (2,2) width 29: "70%"
                  LayoutTableRow {TR} at (0,64) size 47x122
                    LayoutTableCell {TD} at (2,113) size 43x24 [border: (1px inset #808080)] [r=1 c=0 rs=1 cs=1]
                      LayoutText {#text} at (2,2) size 29x19
                        text run at (2,2) width 29: "70%"
