layer at (0,0) size 800x600
  LayoutView at (0,0) size 800x600
layer at (0,0) size 800x138
  LayoutBlockFlow {HTML} at (0,0) size 800x138
    LayoutBlockFlow {BODY} at (8,8) size 784x0 [bgcolor=#FFFFFF]
      LayoutTable (floating) {TABLE} at (0,0) size 78x130
        LayoutBlockFlow {CAPTION} at (0,0) size 78x20
          LayoutText {#text} at (0,0) size 78x19
            text run at (0,0) width 78: "height=\"105\""
        LayoutTableSection {TBODY} at (0,20) size 78x110
          LayoutTableRow {TR} at (0,0) size 78x22
            LayoutTableCell {TD} at (0,0) size 78x22 [r=0 c=0 rs=1 cs=1]
              LayoutText {#text} at (1,1) size 60x19
                text run at (1,1) width 60: "Entry #01"
          LayoutTableRow {TR} at (0,22) size 78x22
            LayoutTableCell {TD} at (0,22) size 78x22 [r=1 c=0 rs=1 cs=1]
              LayoutText {#text} at (1,1) size 60x19
                text run at (1,1) width 60: "Entry #02"
          LayoutTableRow {TR} at (0,44) size 78x22
            LayoutTableCell {TD} at (0,44) size 78x22 [r=2 c=0 rs=1 cs=1]
              LayoutText {#text} at (1,1) size 60x19
                text run at (1,1) width 60: "Entry #03"
          LayoutTableRow {TR} at (0,66) size 78x22
            LayoutTableCell {TD} at (0,66) size 78x22 [r=3 c=0 rs=1 cs=1]
              LayoutText {#text} at (1,1) size 60x19
                text run at (1,1) width 60: "Entry #04"
          LayoutTableRow {TR} at (0,88) size 78x22
            LayoutTableCell {TD} at (0,88) size 78x22 [r=4 c=0 rs=1 cs=1]
              LayoutText {#text} at (1,1) size 60x19
                text run at (1,1) width 60: "Entry #05"
      LayoutTable (floating) {TABLE} at (78,0) size 78x130
        LayoutBlockFlow {CAPTION} at (0,0) size 78x20
          LayoutText {#text} at (0,0) size 78x19
            text run at (0,0) width 78: "height=\"106\""
        LayoutTableSection {TBODY} at (0,20) size 78x110
          LayoutTableRow {TR} at (0,0) size 78x22
            LayoutTableCell {TD} at (0,0) size 78x22 [r=0 c=0 rs=1 cs=1]
              LayoutText {#text} at (1,1) size 60x19
                text run at (1,1) width 60: "Entry #01"
          LayoutTableRow {TR} at (0,22) size 78x22
            LayoutTableCell {TD} at (0,22) size 78x22 [r=1 c=0 rs=1 cs=1]
              LayoutText {#text} at (1,1) size 60x19
                text run at (1,1) width 60: "Entry #02"
          LayoutTableRow {TR} at (0,44) size 78x22
            LayoutTableCell {TD} at (0,44) size 78x22 [r=2 c=0 rs=1 cs=1]
              LayoutText {#text} at (1,1) size 60x19
                text run at (1,1) width 60: "Entry #03"
          LayoutTableRow {TR} at (0,66) size 78x22
            LayoutTableCell {TD} at (0,66) size 78x22 [r=3 c=0 rs=1 cs=1]
              LayoutText {#text} at (1,1) size 60x19
                text run at (1,1) width 60: "Entry #04"
          LayoutTableRow {TR} at (0,88) size 78x22
            LayoutTableCell {TD} at (0,88) size 78x22 [r=4 c=0 rs=1 cs=1]
              LayoutText {#text} at (1,1) size 60x19
                text run at (1,1) width 60: "Entry #05"
      LayoutTable (floating) {TABLE} at (156,0) size 78x130
        LayoutBlockFlow {CAPTION} at (0,0) size 78x20
          LayoutText {#text} at (0,0) size 78x19
            text run at (0,0) width 78: "height=\"107\""
        LayoutTableSection {TBODY} at (0,20) size 78x110
          LayoutTableRow {TR} at (0,0) size 78x22
            LayoutTableCell {TD} at (0,0) size 78x22 [r=0 c=0 rs=1 cs=1]
              LayoutText {#text} at (1,1) size 60x19
                text run at (1,1) width 60: "Entry #01"
          LayoutTableRow {TR} at (0,22) size 78x22
            LayoutTableCell {TD} at (0,22) size 78x22 [r=1 c=0 rs=1 cs=1]
              LayoutText {#text} at (1,1) size 60x19
                text run at (1,1) width 60: "Entry #02"
          LayoutTableRow {TR} at (0,44) size 78x22
            LayoutTableCell {TD} at (0,44) size 78x22 [r=2 c=0 rs=1 cs=1]
              LayoutText {#text} at (1,1) size 60x19
                text run at (1,1) width 60: "Entry #03"
          LayoutTableRow {TR} at (0,66) size 78x22
            LayoutTableCell {TD} at (0,66) size 78x22 [r=3 c=0 rs=1 cs=1]
              LayoutText {#text} at (1,1) size 60x19
                text run at (1,1) width 60: "Entry #04"
          LayoutTableRow {TR} at (0,88) size 78x22
            LayoutTableCell {TD} at (0,88) size 78x22 [r=4 c=0 rs=1 cs=1]
              LayoutText {#text} at (1,1) size 60x19
                text run at (1,1) width 60: "Entry #05"
      LayoutTable (floating) {TABLE} at (234,0) size 78x130
        LayoutBlockFlow {CAPTION} at (0,0) size 78x20
          LayoutText {#text} at (0,0) size 78x19
            text run at (0,0) width 78: "height=\"108\""
        LayoutTableSection {TBODY} at (0,20) size 78x110
          LayoutTableRow {TR} at (0,0) size 78x22
            LayoutTableCell {TD} at (0,0) size 78x22 [r=0 c=0 rs=1 cs=1]
              LayoutText {#text} at (1,1) size 60x19
                text run at (1,1) width 60: "Entry #01"
          LayoutTableRow {TR} at (0,22) size 78x22
            LayoutTableCell {TD} at (0,22) size 78x22 [r=1 c=0 rs=1 cs=1]
              LayoutText {#text} at (1,1) size 60x19
                text run at (1,1) width 60: "Entry #02"
          LayoutTableRow {TR} at (0,44) size 78x22
            LayoutTableCell {TD} at (0,44) size 78x22 [r=2 c=0 rs=1 cs=1]
              LayoutText {#text} at (1,1) size 60x19
                text run at (1,1) width 60: "Entry #03"
          LayoutTableRow {TR} at (0,66) size 78x22
            LayoutTableCell {TD} at (0,66) size 78x22 [r=3 c=0 rs=1 cs=1]
              LayoutText {#text} at (1,1) size 60x19
                text run at (1,1) width 60: "Entry #04"
          LayoutTableRow {TR} at (0,88) size 78x22
            LayoutTableCell {TD} at (0,88) size 78x22 [r=4 c=0 rs=1 cs=1]
              LayoutText {#text} at (1,1) size 60x19
                text run at (1,1) width 60: "Entry #05"
      LayoutTable (floating) {TABLE} at (312,0) size 78x130
        LayoutBlockFlow {CAPTION} at (0,0) size 78x20
          LayoutText {#text} at (0,0) size 78x19
            text run at (0,0) width 78: "height=\"109\""
        LayoutTableSection {TBODY} at (0,20) size 78x110
          LayoutTableRow {TR} at (0,0) size 78x22
            LayoutTableCell {TD} at (0,0) size 78x22 [r=0 c=0 rs=1 cs=1]
              LayoutText {#text} at (1,1) size 60x19
                text run at (1,1) width 60: "Entry #01"
          LayoutTableRow {TR} at (0,22) size 78x22
            LayoutTableCell {TD} at (0,22) size 78x22 [r=1 c=0 rs=1 cs=1]
              LayoutText {#text} at (1,1) size 60x19
                text run at (1,1) width 60: "Entry #02"
          LayoutTableRow {TR} at (0,44) size 78x22
            LayoutTableCell {TD} at (0,44) size 78x22 [r=2 c=0 rs=1 cs=1]
              LayoutText {#text} at (1,1) size 60x19
                text run at (1,1) width 60: "Entry #03"
          LayoutTableRow {TR} at (0,66) size 78x22
            LayoutTableCell {TD} at (0,66) size 78x22 [r=3 c=0 rs=1 cs=1]
              LayoutText {#text} at (1,1) size 60x19
                text run at (1,1) width 60: "Entry #04"
          LayoutTableRow {TR} at (0,88) size 78x22
            LayoutTableCell {TD} at (0,88) size 78x22 [r=4 c=0 rs=1 cs=1]
              LayoutText {#text} at (1,1) size 60x19
                text run at (1,1) width 60: "Entry #05"
      LayoutTable (floating) {TABLE} at (390,0) size 77x130
        LayoutBlockFlow {CAPTION} at (0,0) size 77x20
          LayoutText {#text} at (0,0) size 78x19
            text run at (0,0) width 78: "height=\"110\""
        LayoutTableSection {TBODY} at (0,20) size 77x110
          LayoutTableRow {TR} at (0,0) size 77x22
            LayoutTableCell {TD} at (0,0) size 77x22 [r=0 c=0 rs=1 cs=1]
              LayoutText {#text} at (1,1) size 60x19
                text run at (1,1) width 60: "Entry #01"
          LayoutTableRow {TR} at (0,22) size 77x22
            LayoutTableCell {TD} at (0,22) size 77x22 [r=1 c=0 rs=1 cs=1]
              LayoutText {#text} at (1,1) size 60x19
                text run at (1,1) width 60: "Entry #02"
          LayoutTableRow {TR} at (0,44) size 77x22
            LayoutTableCell {TD} at (0,44) size 77x22 [r=2 c=0 rs=1 cs=1]
              LayoutText {#text} at (1,1) size 60x19
                text run at (1,1) width 60: "Entry #03"
          LayoutTableRow {TR} at (0,66) size 77x22
            LayoutTableCell {TD} at (0,66) size 77x22 [r=3 c=0 rs=1 cs=1]
              LayoutText {#text} at (1,1) size 60x19
                text run at (1,1) width 60: "Entry #04"
          LayoutTableRow {TR} at (0,88) size 77x22
            LayoutTableCell {TD} at (0,88) size 77x22 [r=4 c=0 rs=1 cs=1]
              LayoutText {#text} at (1,1) size 60x19
                text run at (1,1) width 60: "Entry #05"
