layer at (0,0) size 800x600
  LayoutView at (0,0) size 800x600
layer at (0,0) size 800x600
  LayoutBlockFlow {HTML} at (0,0) size 800x600
    LayoutBlockFlow {BODY} at (8,8) size 784x584
      LayoutTable {TABLE} at (0,0) size 784x56 [border: (1px outset #808080)]
        LayoutTableSection {TBODY} at (1,1) size 782x54
          LayoutTableRow {TR} at (0,2) size 782x24
            LayoutTableCell {TD} at (2,2) size 778x24 [border: (1px inset #808080)] [r=0 c=0 rs=1 cs=2]
              LayoutText {#text} at (2,2) size 11x19
                text run at (2,2) width 11: "A"
          LayoutTableRow {TR} at (0,28) size 782x24
            LayoutTableCell {TD} at (2,38) size 17x4 [border: (1px inset #808080)] [r=1 c=0 rs=1 cs=1]
            LayoutTableCell {TD} at (21,28) size 759x24 [border: (1px inset #808080)] [r=1 c=1 rs=1 cs=1]
              LayoutText {#text} at (2,2) size 183x19
                text run at (2,2) width 183: "This text is invariably wrapped"
