layer at (0,0) size 800x600
  LayoutView at (0,0) size 800x600
layer at (0,0) size 800x600
  LayoutBlockFlow {HTML} at (0,0) size 800x600
    LayoutBlockFlow {BODY} at (8,8) size 784x584
      LayoutTable {TABLE} at (0,0) size 776x8 [border: (1px outset #808080)]
        LayoutTableSection {TBODY} at (1,1) size 774x6
          LayoutTableRow {TR} at (0,0) size 774x6
            LayoutTableCell {TD} at (0,2) size 768x2 [border: (1px inset #808080)] [r=0 c=0 rs=1 cs=1]
            LayoutTableCell {TD} at (768,0) size 6x6 [border: (1px inset #808080)] [r=0 c=1 rs=1 cs=1]
              LayoutImage {IMG} at (1,1) size 4x4
      LayoutBlockFlow (anonymous) at (0,8) size 784x20
        LayoutBR {BR} at (0,0) size 0x19
      LayoutTable {TABLE} at (0,28) size 352x26
        LayoutTableSection {TBODY} at (0,0) size 352x26
          LayoutTableRow {TR} at (0,0) size 352x22
            LayoutTableCell {TD} at (0,0) size 348x22 [bgcolor=#006666] [r=0 c=0 rs=1 cs=1]
              LayoutImage {IMG} at (0,0) size 13x16
              LayoutInline {FONT} at (0,0) size 143x21 [color=#FFFFFF]
                LayoutInline {B} at (0,0) size 143x21
                  LayoutText {#text} at (13,0) size 143x21
                    text run at (13,0) width 143: "Rugged Laptops"
            LayoutTableCell {TD} at (348,4) size 4x18 [r=0 c=1 rs=1 cs=1]
              LayoutImage {IMG} at (0,0) size 4x18
          LayoutTableRow {TR} at (0,22) size 352x4
            LayoutTableCell {TD} at (0,22) size 348x4 [r=1 c=0 rs=1 cs=1]
              LayoutImage {IMG} at (0,0) size 1x4
            LayoutTableCell {TD} at (348,22) size 4x4 [r=1 c=1 rs=1 cs=1]
              LayoutImage {IMG} at (0,0) size 4x4
      LayoutBlockFlow (anonymous) at (0,54) size 784x20
        LayoutBR {BR} at (0,0) size 0x19
      LayoutTable {TABLE} at (0,74) size 352x42
        LayoutTableSection {TBODY} at (0,0) size 352x42
          LayoutTableRow {TR} at (0,0) size 352x22
            LayoutTableCell {TD} at (0,0) size 348x22 [bgcolor=#006666] [r=0 c=0 rs=1 cs=1]
              LayoutImage {IMG} at (0,0) size 13x16
              LayoutInline {FONT} at (0,0) size 143x21 [color=#FFFFFF]
                LayoutInline {B} at (0,0) size 143x21
                  LayoutText {#text} at (13,0) size 143x21
                    text run at (13,0) width 143: "Rugged Laptops"
            LayoutTableCell {TD} at (348,4) size 4x18 [r=0 c=1 rs=1 cs=1]
              LayoutImage {IMG} at (0,0) size 4x18
          LayoutTableRow {TR} at (0,22) size 352x20
            LayoutTableCell {TD} at (0,22) size 348x20 [r=1 c=0 rs=1 cs=1]
              LayoutImage {IMG} at (0,11) size 1x4
              LayoutInline {B} at (0,0) size 21x19
                LayoutText {#text} at (1,0) size 21x19
                  text run at (1,0) width 21: "foo"
            LayoutTableCell {TD} at (348,30) size 4x4 [r=1 c=1 rs=1 cs=1]
              LayoutImage {IMG} at (0,0) size 4x4
