layer at (0,0) size 800x600
  LayoutView at (0,0) size 800x600
layer at (0,0) size 800x600
  LayoutBlockFlow {HTML} at (0,0) size 800x600
    LayoutBlockFlow {BODY} at (8,8) size 784x584 [bgcolor=#FFFFFF]
      LayoutBlockFlow {P} at (0,0) size 784x20
        LayoutText {#text} at (0,0) size 137x19
          text run at (0,0) width 137: "A 101 pixel wide table"
      LayoutTable {TABLE} at (0,36) size 101x43
        LayoutTableSection {TBODY} at (0,0) size 101x43
          LayoutTableRow {TR} at (0,1) size 101x20
            LayoutTableCell {TD} at (1,1) size 24x20 [bgcolor=#000000] [r=0 c=0 rs=1 cs=1]
              LayoutText {#text} at (0,0) size 4x19
                text run at (0,0) width 4: " "
            LayoutTableCell {TD} at (26,1) size 24x20 [bgcolor=#000000] [r=0 c=1 rs=1 cs=1]
              LayoutText {#text} at (0,0) size 4x19
                text run at (0,0) width 4: " "
            LayoutTableCell {TD} at (51,1) size 24x20 [bgcolor=#000000] [r=0 c=2 rs=1 cs=1]
              LayoutText {#text} at (0,0) size 4x19
                text run at (0,0) width 4: " "
            LayoutTableCell {TD} at (76,1) size 24x20 [bgcolor=#000000] [r=0 c=3 rs=1 cs=1]
              LayoutText {#text} at (0,0) size 4x19
                text run at (0,0) width 4: " "
          LayoutTableRow {TR} at (0,22) size 101x20
            LayoutTableCell {TD} at (1,22) size 49x20 [bgcolor=#000000] [r=1 c=0 rs=1 cs=2]
              LayoutText {#text} at (0,0) size 4x19
                text run at (0,0) width 4: " "
            LayoutTableCell {TD} at (51,22) size 49x20 [bgcolor=#000000] [r=1 c=2 rs=1 cs=2]
              LayoutText {#text} at (0,0) size 4x19
                text run at (0,0) width 4: " "
      LayoutBlockFlow {P} at (0,95) size 784x20
        LayoutText {#text} at (0,0) size 137x19
          text run at (0,0) width 137: "A 102 pixel wide table"
      LayoutTable {TABLE} at (0,131) size 102x43
        LayoutTableSection {TBODY} at (0,0) size 102x43
          LayoutTableRow {TR} at (0,1) size 102x20
            LayoutTableCell {TD} at (1,1) size 25x20 [bgcolor=#000000] [r=0 c=0 rs=1 cs=1]
              LayoutText {#text} at (0,0) size 4x19
                text run at (0,0) width 4: " "
            LayoutTableCell {TD} at (27,1) size 24x20 [bgcolor=#000000] [r=0 c=1 rs=1 cs=1]
              LayoutText {#text} at (0,0) size 4x19
                text run at (0,0) width 4: " "
            LayoutTableCell {TD} at (52,1) size 24x20 [bgcolor=#000000] [r=0 c=2 rs=1 cs=1]
              LayoutText {#text} at (0,0) size 4x19
                text run at (0,0) width 4: " "
            LayoutTableCell {TD} at (77,1) size 24x20 [bgcolor=#000000] [r=0 c=3 rs=1 cs=1]
              LayoutText {#text} at (0,0) size 4x19
                text run at (0,0) width 4: " "
          LayoutTableRow {TR} at (0,22) size 102x20
            LayoutTableCell {TD} at (1,22) size 50x20 [bgcolor=#000000] [r=1 c=0 rs=1 cs=2]
              LayoutText {#text} at (0,0) size 4x19
                text run at (0,0) width 4: " "
            LayoutTableCell {TD} at (52,22) size 49x20 [bgcolor=#000000] [r=1 c=2 rs=1 cs=2]
              LayoutText {#text} at (0,0) size 4x19
                text run at (0,0) width 4: " "
      LayoutBlockFlow {P} at (0,190) size 784x20
        LayoutText {#text} at (0,0) size 137x19
          text run at (0,0) width 137: "A 103 pixel wide table"
      LayoutTable {TABLE} at (0,226) size 103x43
        LayoutTableSection {TBODY} at (0,0) size 103x43
          LayoutTableRow {TR} at (0,1) size 103x20
            LayoutTableCell {TD} at (1,1) size 25x20 [bgcolor=#000000] [r=0 c=0 rs=1 cs=1]
              LayoutText {#text} at (0,0) size 4x19
                text run at (0,0) width 4: " "
            LayoutTableCell {TD} at (27,1) size 25x20 [bgcolor=#000000] [r=0 c=1 rs=1 cs=1]
              LayoutText {#text} at (0,0) size 4x19
                text run at (0,0) width 4: " "
            LayoutTableCell {TD} at (53,1) size 24x20 [bgcolor=#000000] [r=0 c=2 rs=1 cs=1]
              LayoutText {#text} at (0,0) size 4x19
                text run at (0,0) width 4: " "
            LayoutTableCell {TD} at (78,1) size 24x20 [bgcolor=#000000] [r=0 c=3 rs=1 cs=1]
              LayoutText {#text} at (0,0) size 4x19
                text run at (0,0) width 4: " "
          LayoutTableRow {TR} at (0,22) size 103x20
            LayoutTableCell {TD} at (1,22) size 51x20 [bgcolor=#000000] [r=1 c=0 rs=1 cs=2]
              LayoutText {#text} at (0,0) size 4x19
                text run at (0,0) width 4: " "
            LayoutTableCell {TD} at (53,22) size 49x20 [bgcolor=#000000] [r=1 c=2 rs=1 cs=2]
              LayoutText {#text} at (0,0) size 4x19
                text run at (0,0) width 4: " "
      LayoutBlockFlow {P} at (0,285) size 784x20
        LayoutText {#text} at (0,0) size 137x19
          text run at (0,0) width 137: "A 104 pixel wide table"
      LayoutTable {TABLE} at (0,321) size 104x43
        LayoutTableSection {TBODY} at (0,0) size 104x43
          LayoutTableRow {TR} at (0,1) size 104x20
            LayoutTableCell {TD} at (1,1) size 25x20 [bgcolor=#000000] [r=0 c=0 rs=1 cs=1]
              LayoutText {#text} at (0,0) size 4x19
                text run at (0,0) width 4: " "
            LayoutTableCell {TD} at (27,1) size 25x20 [bgcolor=#000000] [r=0 c=1 rs=1 cs=1]
              LayoutText {#text} at (0,0) size 4x19
                text run at (0,0) width 4: " "
            LayoutTableCell {TD} at (53,1) size 25x20 [bgcolor=#000000] [r=0 c=2 rs=1 cs=1]
              LayoutText {#text} at (0,0) size 4x19
                text run at (0,0) width 4: " "
            LayoutTableCell {TD} at (79,1) size 24x20 [bgcolor=#000000] [r=0 c=3 rs=1 cs=1]
              LayoutText {#text} at (0,0) size 4x19
                text run at (0,0) width 4: " "
          LayoutTableRow {TR} at (0,22) size 104x20
            LayoutTableCell {TD} at (1,22) size 51x20 [bgcolor=#000000] [r=1 c=0 rs=1 cs=2]
              LayoutText {#text} at (0,0) size 4x19
                text run at (0,0) width 4: " "
            LayoutTableCell {TD} at (53,22) size 50x20 [bgcolor=#000000] [r=1 c=2 rs=1 cs=2]
              LayoutText {#text} at (0,0) size 4x19
                text run at (0,0) width 4: " "
