layer at (0,0) size 800x600 clip at (0,0) size 785x600 scrollHeight 660
  LayoutView at (0,0) size 800x600
layer at (0,0) size 785x660 backgroundClip at (0,0) size 785x600 clip at (0,0) size 785x600
  LayoutBlockFlow {HTML} at (0,0) size 785x660.16
    LayoutBlockFlow {BODY} at (8,8) size 769x644.16 [bgcolor=#FFFFFF]
      LayoutBlockFlow {H2} at (0,0) size 769x27
        LayoutText {#text} at (0,0) size 64x26
          text run at (0,0) width 64: "Test A"
      LayoutBlockFlow {DIV} at (0,46.91) size 769x66 [color=#008000]
        LayoutTable {TABLE} at (0,0) size 272x66 [color=#000000] [border: (10px solid #000000)]
          LayoutTableSection {TBODY} at (10,10) size 252x46
            LayoutTableRow {TR} at (0,2) size 252x42 [color=#0000FF]
              LayoutTableCell {TD} at (2,2) size 52x42 [border: (10px solid #0000FF)] [r=0 c=0 rs=1 cs=1]
                LayoutText {#text} at (11,11) size 30x19
                  text run at (11,11) width 30: "Field"
              LayoutTableCell {TD} at (56,2) size 194x42 [border: (10px solid #0000FF)] [r=0 c=1 rs=1 cs=1]
                LayoutText {#text} at (11,11) size 172x19
                  text run at (11,11) width 172: "Records for Cropping Years"
      LayoutBlockFlow {H2} at (0,132.81) size 769x27
        LayoutText {#text} at (0,0) size 63x26
          text run at (0,0) width 63: "Test B"
      LayoutTable {TABLE} at (0,179.72) size 272x66 [border: (10px solid #000000)]
        LayoutTableSection {TBODY} at (10,10) size 252x46
          LayoutTableRow {TR} at (0,2) size 252x42 [color=#0000FF]
            LayoutTableCell {TD} at (2,2) size 52x42 [border: (10px solid #0000FF)] [r=0 c=0 rs=1 cs=1]
              LayoutText {#text} at (11,11) size 30x19
                text run at (11,11) width 30: "Field"
            LayoutTableCell {TD} at (56,2) size 194x42 [border: (10px solid #0000FF)] [r=0 c=1 rs=1 cs=1]
              LayoutText {#text} at (11,11) size 172x19
                text run at (11,11) width 172: "Records for Cropping Years"
      LayoutBlockFlow {H2} at (0,265.63) size 769x27
        LayoutText {#text} at (0,0) size 64x26
          text run at (0,0) width 64: "Test C"
      LayoutTable {TABLE} at (0,312.53) size 272x66 [color=#0000FF] [border: (10px solid #0000FF)]
        LayoutTableSection {TBODY} at (10,10) size 252x46
          LayoutTableRow {TR} at (0,2) size 252x42
            LayoutTableCell {TD} at (2,2) size 52x42 [border: (10px solid #0000FF)] [r=0 c=0 rs=1 cs=1]
              LayoutText {#text} at (11,11) size 30x19
                text run at (11,11) width 30: "Field"
            LayoutTableCell {TD} at (56,2) size 194x42 [border: (10px solid #0000FF)] [r=0 c=1 rs=1 cs=1]
              LayoutText {#text} at (11,11) size 172x19
                text run at (11,11) width 172: "Records for Cropping Years"
      LayoutBlockFlow {H2} at (0,398.44) size 769x27
        LayoutText {#text} at (0,0) size 64x26
          text run at (0,0) width 64: "Test D"
      LayoutTable {TABLE} at (0,445.34) size 272x66 [color=#0000FF] [border: (10px solid #0000FF)]
        LayoutTableSection {TBODY} at (10,10) size 252x46
          LayoutTableRow {TR} at (0,2) size 252x42
            LayoutTableCell {TD} at (2,2) size 52x42 [border: (10px solid #0000FF)] [r=0 c=0 rs=1 cs=1]
              LayoutText {#text} at (11,11) size 30x19
                text run at (11,11) width 30: "Field"
            LayoutTableCell {TD} at (56,2) size 194x42 [border: (10px solid #0000FF)] [r=0 c=1 rs=1 cs=1]
              LayoutText {#text} at (11,11) size 172x19
                text run at (11,11) width 172: "Records for Cropping Years"
      LayoutBlockFlow {H2} at (0,531.25) size 769x27
        LayoutText {#text} at (0,0) size 63x26
          text run at (0,0) width 63: "Test E"
      LayoutTable {TABLE} at (0,578.16) size 272x66 [color=#0000FF] [border: (10px solid #0000FF)]
        LayoutTableSection {TBODY} at (10,10) size 252x46
          LayoutTableRow {TR} at (0,2) size 252x42
            LayoutTableCell {TD} at (2,2) size 52x42 [border: (10px solid #0000FF)] [r=0 c=0 rs=1 cs=1]
              LayoutText {#text} at (11,11) size 30x19
                text run at (11,11) width 30: "Field"
            LayoutTableCell {TD} at (56,2) size 194x42 [border: (10px solid #0000FF)] [r=0 c=1 rs=1 cs=1]
              LayoutText {#text} at (11,11) size 172x19
                text run at (11,11) width 172: "Records for Cropping Years"
