layer at (0,0) size 800x600
  LayoutView at (0,0) size 800x600
layer at (0,0) size 800x600
  LayoutBlockFlow {HTML} at (0,0) size 800x600
    LayoutBlockFlow {BODY} at (8,8) size 784x584 [bgcolor=#FFFCCC]
      LayoutBlockFlow {CENTER} at (0,0) size 784x134
        LayoutTable {TABLE} at (92,0) size 600x134
          LayoutTableSection {TBODY} at (0,0) size 600x134
            LayoutTableRow {TR} at (0,0) size 600x97
              LayoutTableCell {TD} at (0,0) size 150x40 [r=0 c=0 rs=1 cs=1]
                LayoutBlockFlow {CENTER} at (0,0) size 150x40
                  LayoutInline {IFRAMEX} at (0,0) size 0x39
                    LayoutText {#text} at (0,0) size 0x0
                    LayoutBR {BR} at (75,0) size 0x19
                    LayoutBR {BR} at (75,20) size 0x19
              LayoutTableCell {TD} at (150,0) size 1x1 [bgcolor=#FFFFFF] [r=0 c=1 rs=1 cs=1]
                LayoutImage {IMG} at (0,0) size 1x1
                LayoutText {#text} at (0,0) size 0x0
              LayoutTableCell {TD} at (151,0) size 449x97 [r=0 c=2 rs=1 cs=1]
                LayoutTable {TABLE} at (0,0) size 449x68
                  LayoutTableSection {TBODY} at (0,0) size 449x68
                    LayoutTableRow {TR} at (0,2) size 449x64
                      LayoutTableCell {TD} at (2,2) size 445x64 [r=0 c=0 rs=1 cs=1]
                        LayoutBlockFlow {P} at (2,2) size 441x60
                          LayoutText {#text} at (0,0) size 158x19
                            text run at (0,0) width 158: "IMPROVE YOUR SITE "
                          LayoutBR {BR} at (158,15) size 0x0
                          LayoutText {#text} at (0,20) size 413x39
                            text run at (0,20) width 413: "In this week's Home Improvements you can find an article on how to"
                            text run at (0,40) width 242: "spice up your page by using imagemaps."
                        LayoutBlockFlow {P} at (2,78) size 441x0
                LayoutTable {TABLE} at (0,68) size 449x29
                  LayoutTableSection {TBODY} at (0,0) size 449x29
                    LayoutTableRow {TR} at (0,2) size 449x25
                      LayoutTableCell {TD} at (2,2) size 445x25 [r=0 c=0 rs=1 cs=1]
                        LayoutInline {A} at (0,0) size 95x19 [color=#0000EE]
                          LayoutText {#text} at (349,4) size 45x19
                            text run at (349,4) width 45: "MORE"
                          LayoutImage {IMG} at (394,1) size 50x18
                        LayoutText {#text} at (0,0) size 0x0
            LayoutTableRow {TR} at (0,97) size 600x37
              LayoutTableCell {TD} at (0,97) size 600x37 [r=1 c=0 rs=1 cs=3]
                LayoutBlockFlow (anonymous) at (0,0) size 600x1
                  LayoutImage {IMG} at (0,0) size 600x1
                LayoutBlockFlow {P} at (0,17) size 600x20
                  LayoutBR {BR} at (300,0) size 0x19
