layer at (0,0) size 800x600
  LayoutView at (0,0) size 800x600
layer at (0,0) size 800x72
  LayoutBlockFlow {HTML} at (0,0) size 800x72
    LayoutBlockFlow {BODY} at (8,8) size 784x56
      LayoutTable {TABLE} at (0,0) size 656x56 [border: (1px outset #808080)]
        LayoutTableSection {TBODY} at (1,1) size 654x54
          LayoutTableRow {TR} at (0,2) size 654x24
            LayoutTableCell {TD} at (2,2) size 161x24 [border: (1px inset #808080)] [r=0 c=0 rs=1 cs=1]
              LayoutText {#text} at (2,2) size 8x19
                text run at (2,2) width 8: "1"
            LayoutTableCell {TD} at (165,2) size 485x24 [border: (1px inset #808080)] [r=0 c=1 rs=1 cs=1]
              LayoutText {#text} at (2,2) size 384x19
                text run at (2,2) width 384: "HelloHelloHelloHelloHelloHelloHelloHelloHelloHelloHelloHello"
          LayoutTableRow {TR} at (0,28) size 654x24
            LayoutTableCell {TD} at (2,28) size 650x24 [border: (1px inset #808080)] [r=1 c=0 rs=1 cs=3]
              LayoutText {#text} at (2,2) size 8x19
                text run at (2,2) width 8: "3"
