layer at (0,0) size 800x600
  LayoutView at (0,0) size 800x600
layer at (0,0) size 800x600
  LayoutBlockFlow {HTML} at (0,0) size 800x600
    LayoutBlockFlow {BODY} at (8,8) size 784x584
      LayoutTable {TABLE} at (0,0) size 784x117 [bgcolor=#00FFFF] [border: (1px outset #808080)]
        LayoutTableSection {TBODY} at (1,1) size 782x115
          LayoutTableRow {TR} at (0,2) size 782x111
            LayoutTableCell {TD} at (2,2) size 455x111 [border: (1px inset #808080)] [r=0 c=0 rs=1 cs=1]
              LayoutTable {TABLE} at (2,2) size 451x107 [bgcolor=#FF00FF] [border: (1px outset #808080)]
                LayoutTableSection {TBODY} at (1,1) size 449x105
                  LayoutTableRow {TR} at (0,2) size 449x101
                    LayoutTableCell {TD} at (2,2) size 445x101 [border: (1px inset #808080)] [r=0 c=0 rs=1 cs=1]
                      LayoutText {#text} at (2,2) size 187x19
                        text run at (2,2) width 187: "Mozilla To Be Dually-Licensed"
                      LayoutBR {BR} at (188,17) size 1x0
                      LayoutText {#text} at (2,35) size 197x19
                        text run at (2,35) width 197: "Plans are underway to make the "
                      LayoutInline {FONT} at (0,0) size 99x36 [color=#0000FF]
                        LayoutText {#text} at (199,22) size 99x36
                          text run at (199,22) width 99: "Mozilla"
                      LayoutText {#text} at (298,35) size 435x63
                        text run at (298,35) width 139: " code available under a"
                        text run at (2,59) width 146: "dual MPL/GPL license. "
                        text run at (148,59) width 229: "See the for more info. We're gathering"
                        text run at (2,79) width 242: "contributor input now, in the newsgroup."
                      LayoutBR {BR} at (243,94) size 1x0
            LayoutTableCell {TD} at (459,25) size 321x64 [border: (1px inset #808080)] [r=0 c=1 rs=1 cs=1]
              LayoutText {#text} at (2,2) size 302x59
                text run at (2,2) width 251: "This status update contains information on"
                text run at (2,22) width 302: "MailNews, XML/DOM, XPToolkit, Architecture,"
                text run at (2,42) width 192: "Bidi, Necko/Imglib, and more..."
      LayoutBlockFlow (anonymous) at (0,117) size 784x42
        LayoutBR {BR} at (0,0) size 0x19
        LayoutButton {INPUT} at (0,20) size 56x22 [bgcolor=#C0C0C0] [border: (2px outset #C0C0C0)]
          LayoutBlockFlow (anonymous) at (8,3) size 40x16
            LayoutText {#text} at (0,0) size 40x16
              text run at (0,0) width 40: "Reload"
        LayoutText {#text} at (56,21) size 8x19
          text run at (56,21) width 8: "  "
        LayoutButton {INPUT} at (64,20) size 90x22 [bgcolor=#C0C0C0] [border: (2px outset #C0C0C0)]
          LayoutBlockFlow (anonymous) at (8,3) size 74x16
            LayoutText {#text} at (0,0) size 74x16
              text run at (0,0) width 74: "Change Font"
        LayoutText {#text} at (154,21) size 8x19
          text run at (154,21) width 8: "  "
        LayoutTextControl {INPUT} at (162,20) size 173x22 [bgcolor=#FFFFFF] [border: (2px inset #EEEEEE)]
        LayoutText {#text} at (0,0) size 0x0
layer at (172,148) size 169x16
  LayoutBlockFlow {DIV} at (2,3) size 169x16
    LayoutText {#text} at (0,0) size 7x16
      text run at (0,0) width 7: "6"
