layer at (0,0) size 800x600
  LayoutView at (0,0) size 800x600
layer at (0,0) size 800x600
  LayoutBlockFlow {HTML} at (0,0) size 800x600
    LayoutBlockFlow {BODY} at (8,8) size 784x584
      LayoutBlockFlow (anonymous) at (0,0) size 784x20
        LayoutText {#text} at (0,0) size 263x19
          text run at (0,0) width 263: "The vertical grey bar should be 1 pixel wide"
      LayoutTable {TABLE} at (0,20) size 140x20
        LayoutTableSection {TBODY} at (0,0) size 140x20
          LayoutTableRow {TR} at (0,0) size 140x20
            LayoutTableCell {TD} at (0,9) size 1x2 [bgcolor=#999999] [r=0 c=0 rs=1 cs=1]
              LayoutImage {IMG} at (0,0) size 1x2
              LayoutText {#text} at (0,0) size 0x0
            LayoutTableCell {TD} at (1,0) size 139x20 [bgcolor=#FFFFCC] [r=0 c=1 rs=1 cs=1]
              LayoutText {#text} at (0,0) size 139x19
                text run at (0,0) width 139: " D A I LY  C H E C K"
