layer at (0,0) size 800x600
  LayoutView at (0,0) size 800x600
layer at (0,0) size 800x110
  LayoutBlockFlow {HTML} at (0,0) size 800x110
    LayoutBlockFlow {BODY} at (8,8) size 784x94
      LayoutTable {TABLE} at (0,0) size 199x94 [bgcolor=#FF0000] [border: (1px outset #808080)]
        LayoutTableSection {TBODY} at (1,1) size 197x92
          LayoutTableRow {TR} at (0,5) size 197x24 [bgcolor=#0000FF]
            LayoutTableCell {TD} at (5,5) size 43x24 [bgcolor=#008000] [border: (1px inset #808080)] [r=0 c=0 rs=1 cs=1]
              LayoutText {#text} at (2,2) size 39x19
                text run at (2,2) width 39: "Cell A"
            LayoutTableCell {TD} at (53,5) size 42x24 [border: (1px inset #808080)] [r=0 c=1 rs=1 cs=1]
              LayoutText {#text} at (2,2) size 38x19
                text run at (2,2) width 38: "Cell B"
            LayoutTableCell {TD} at (100,5) size 44x24 [border: (1px inset #808080)] [r=0 c=2 rs=1 cs=1]
              LayoutText {#text} at (2,2) size 39x19
                text run at (2,2) width 39: "Cell C"
            LayoutTableCell {TD} at (149,5) size 43x24 [border: (1px inset #808080)] [r=0 c=3 rs=1 cs=1]
              LayoutText {#text} at (2,2) size 39x19
                text run at (2,2) width 39: "Cell D"
          LayoutTableRow {TR} at (0,34) size 197x24
            LayoutTableCell {TD} at (5,34) size 43x24 [border: (1px inset #808080)] [r=1 c=0 rs=1 cs=1]
              LayoutText {#text} at (2,2) size 37x19
                text run at (2,2) width 37: "Cell E"
            LayoutTableCell {TD} at (53,34) size 42x24 [border: (1px inset #808080)] [r=1 c=1 rs=1 cs=1]
              LayoutText {#text} at (2,2) size 37x19
                text run at (2,2) width 37: "Cell F"
            LayoutTableCell {TD} at (100,34) size 44x24 [border: (1px inset #808080)] [r=1 c=2 rs=1 cs=1]
              LayoutText {#text} at (2,2) size 39x19
                text run at (2,2) width 39: "Cell G"
            LayoutTableCell {TD} at (149,34) size 43x24 [border: (1px inset #808080)] [r=1 c=3 rs=1 cs=1]
              LayoutText {#text} at (2,2) size 39x19
                text run at (2,2) width 39: "Cell H"
          LayoutTableRow {TR} at (0,63) size 197x24
            LayoutTableCell {TD} at (5,63) size 43x24 [border: (1px inset #808080)] [r=2 c=0 rs=1 cs=1]
              LayoutText {#text} at (2,2) size 33x19
                text run at (2,2) width 33: "Cell I"
            LayoutTableCell {TD} at (53,63) size 42x24 [border: (1px inset #808080)] [r=2 c=1 rs=1 cs=1]
              LayoutText {#text} at (2,2) size 34x19
                text run at (2,2) width 34: "Cell J"
            LayoutTableCell {TD} at (100,63) size 44x24 [border: (1px inset #808080)] [r=2 c=2 rs=1 cs=1]
              LayoutText {#text} at (2,2) size 40x19
                text run at (2,2) width 40: "Cell K"
            LayoutTableCell {TD} at (149,63) size 43x24 [border: (1px inset #808080)] [r=2 c=3 rs=1 cs=1]
              LayoutText {#text} at (2,2) size 37x19
                text run at (2,2) width 37: "Cell L"
