layer at (0,0) size 800x600
  LayoutView at (0,0) size 800x600
layer at (0,0) size 800x600
  LayoutBlockFlow {HTML} at (0,0) size 800x600
    LayoutBlockFlow {BODY} at (8,8) size 784x584
      LayoutBlockFlow {P} at (0,0) size 784x0
      LayoutBlockFlow (anonymous) at (0,0) size 784x20
        LayoutBR {BR} at (0,0) size 0x19
      LayoutTable {TABLE} at (0,20) size 364x32 [border: (1px outset #808080)]
        LayoutTableSection {TBODY} at (1,1) size 362x30
          LayoutTableRow {TR} at (0,2) size 362x0
            LayoutTableCell {TD} at (2,3) size 203x24 [border: (1px inset #808080)] [r=0 c=0 rs=2 cs=1]
              LayoutText {#text} at (2,2) size 199x19
                text run at (2,2) width 199: "Canada climbs up FIFA rankings"
          LayoutTableRow {TR} at (0,4) size 362x24
            LayoutTableCell {TD} at (207,4) size 153x24 [border: (1px inset #808080)] [r=1 c=1 rs=1 cs=1]
              LayoutText {#text} at (2,2) size 149x19
                text run at (2,2) width 149: "drink more german beer."
