layer at (0,0) size 800x600
  LayoutView at (0,0) size 800x600
layer at (0,0) size 800x600
  LayoutBlockFlow {HTML} at (0,0) size 800x600
    LayoutBlockFlow {BODY} at (8,8) size 784x584
      LayoutTable {TABLE} at (0,0) size 98x52 [border: (5px outset #808080)]
        LayoutTableSection {TBODY} at (5,5) size 88x42
          LayoutTableRow {TR} at (0,2) size 88x38
            LayoutTableCell {TD} at (2,2) size 84x38 [border: (1px inset #808080)] [r=0 c=0 rs=1 cs=1]
              LayoutTable (floating) {TABLE} at (2,2) size 80x34 [border: (3px outset #808080)]
                LayoutTableSection {TBODY} at (3,3) size 74x28
                  LayoutTableRow {TR} at (0,2) size 74x24
                    LayoutTableCell {TD} at (2,2) size 70x24 [border: (1px inset #808080)] [r=0 c=0 rs=1 cs=1]
                      LayoutText {#text} at (2,2) size 66x19
                        text run at (2,2) width 66: "Inner Right"
      LayoutTable {TABLE} at (0,52) size 91x52 [border: (5px outset #808080)]
        LayoutTableSection {TBODY} at (5,5) size 81x42
          LayoutTableRow {TR} at (0,2) size 81x38
            LayoutTableCell {TD} at (2,2) size 77x38 [border: (1px inset #808080)] [r=0 c=0 rs=1 cs=1]
              LayoutTable (floating) {TABLE} at (2,2) size 73x34 [border: (3px outset #808080)]
                LayoutTableSection {TBODY} at (3,3) size 67x28
                  LayoutTableRow {TR} at (0,2) size 67x24
                    LayoutTableCell {TD} at (2,2) size 63x24 [border: (1px inset #808080)] [r=0 c=0 rs=1 cs=1]
                      LayoutText {#text} at (2,2) size 59x19
                        text run at (2,2) width 59: "Inner Left"
