layer at (0,0) size 800x600
  LayoutView at (0,0) size 800x600
layer at (0,0) size 800x600
  LayoutBlockFlow {HTML} at (0,0) size 800x600
    LayoutBlockFlow {BODY} at (8,8) size 784x584
      LayoutTable {TABLE} at (0,0) size 784x382 [border: none]
        LayoutTableSection {TBODY} at (0,0) size 783x381
          LayoutTableRow {TR} at (0,0) size 783x23
            LayoutTableCell {TH} at (0,0) size 111x23 [border: (1px solid #005A8C)] [r=0 c=0 rs=1 cs=1]
              LayoutText {#text} at (43,2) size 26x19
                text run at (43,2) width 26: "Sun"
            LayoutTableCell {TH} at (111,0) size 112x23 [border: (1px solid #005A8C)] [r=0 c=1 rs=1 cs=1]
              LayoutText {#text} at (40,2) size 33x19
                text run at (40,2) width 33: "Mon"
            LayoutTableCell {TH} at (223,0) size 112x23 [border: (1px solid #005A8C)] [r=0 c=2 rs=1 cs=1]
              LayoutText {#text} at (44,2) size 25x19
                text run at (44,2) width 25: "Tue"
            LayoutTableCell {TH} at (335,0) size 112x23 [border: (1px solid #005A8C)] [r=0 c=3 rs=1 cs=1]
              LayoutText {#text} at (41,2) size 31x19
                text run at (41,2) width 31: "Wed"
            LayoutTableCell {TH} at (447,0) size 112x23 [border: (1px solid #005A8C)] [r=0 c=4 rs=1 cs=1]
              LayoutText {#text} at (43,2) size 27x19
                text run at (43,2) width 27: "Thu"
            LayoutTableCell {TH} at (559,0) size 112x23 [border: (1px solid #005A8C)] [r=0 c=5 rs=1 cs=1]
              LayoutText {#text} at (47,2) size 19x19
                text run at (47,2) width 19: "Fri"
            LayoutTableCell {TH} at (671,0) size 112x23 [border: (1px solid #005A8C)] [r=0 c=6 rs=1 cs=1]
              LayoutText {#text} at (45,2) size 23x19
                text run at (45,2) width 23: "Sat"
          LayoutTableRow {TR} at (0,23) size 783x43
            LayoutTableCell {TD} at (0,23) size 559x3 [border: (1px solid #005A8C)] [r=1 c=0 rs=1 cs=5]
            LayoutTableCell {TD} at (559,23) size 112x43 [border: (1px solid #005A8C)] [r=1 c=5 rs=1 cs=1]
              LayoutBlockFlow {DIV} at (2,2) size 109x20
                LayoutText {#text} at (0,0) size 8x19
                  text run at (0,0) width 8: "1"
              LayoutBlockFlow {DIV} at (2,22) size 109x20
                LayoutText {#text} at (0,0) size 27x19
                  text run at (0,0) width 27: "7:50"
            LayoutTableCell {TD} at (671,23) size 112x43 [border: (1px solid #005A8C)] [r=1 c=6 rs=1 cs=1]
              LayoutBlockFlow {DIV} at (2,2) size 109x20
                LayoutText {#text} at (0,0) size 8x19
                  text run at (0,0) width 8: "2"
              LayoutBlockFlow (anonymous) at (2,22) size 109x20
                LayoutText {#text} at (0,0) size 92x19
                  text run at (0,0) width 92: "Althea Halliday"
                LayoutBR {BR} at (92,15) size 0x0
          LayoutTableRow {TR} at (0,66) size 783x83
            LayoutTableCell {TD} at (0,66) size 111x83 [border: (1px solid #005A8C)] [r=2 c=0 rs=1 cs=1]
              LayoutBlockFlow {DIV} at (2,2) size 108x20
                LayoutText {#text} at (0,0) size 8x19
                  text run at (0,0) width 8: "3"
              LayoutBlockFlow (anonymous) at (2,22) size 108x60
                LayoutText {#text} at (0,0) size 63x19
                  text run at (0,0) width 63: "CHORTle"
                LayoutBR {BR} at (62,15) size 1x0
                LayoutText {#text} at (0,20) size 63x39
                  text run at (0,20) width 57: "Avondale"
                  text run at (0,40) width 63: "graduation"
            LayoutTableCell {TD} at (111,66) size 112x43 [border: (1px solid #005A8C)] [r=2 c=1 rs=1 cs=1]
              LayoutBlockFlow {DIV} at (2,2) size 109x20
                LayoutText {#text} at (0,0) size 8x19
                  text run at (0,0) width 8: "4"
              LayoutBlockFlow (anonymous) at (2,22) size 109x20
                LayoutBR {BR} at (0,0) size 0x19
            LayoutTableCell {TD} at (223,66) size 112x63 [border: (1px solid #005A8C)] [r=2 c=2 rs=1 cs=1]
              LayoutBlockFlow {DIV} at (2,2) size 109x20
                LayoutText {#text} at (0,0) size 8x19
                  text run at (0,0) width 8: "5"
              LayoutBlockFlow (anonymous) at (2,22) size 109x40
                LayoutText {#text} at (0,0) size 80x39
                  text run at (0,0) width 80: "SAC Speech"
                  text run at (0,20) width 28: "night"
            LayoutTableCell {TD} at (335,66) size 112x63 [border: (1px solid #005A8C)] [r=2 c=3 rs=1 cs=1]
              LayoutBlockFlow {DIV} at (2,2) size 109x20
                LayoutText {#text} at (0,0) size 8x19
                  text run at (0,0) width 8: "6"
              LayoutBlockFlow (anonymous) at (2,22) size 109x40
                LayoutText {#text} at (0,0) size 78x39
                  text run at (0,0) width 78: "Management"
                  text run at (0,20) width 62: "committee"
            LayoutTableCell {TD} at (447,66) size 112x83 [border: (1px solid #005A8C)] [r=2 c=4 rs=1 cs=1]
              LayoutBlockFlow {DIV} at (2,2) size 109x20
                LayoutText {#text} at (0,0) size 8x19
                  text run at (0,0) width 8: "7"
              LayoutBlockFlow (anonymous) at (2,22) size 109x60
                LayoutText {#text} at (0,0) size 93x59
                  text run at (0,0) width 88: "Castle Hill and"
                  text run at (0,20) width 93: "Mountain View"
                  text run at (0,40) width 83: "Speech nights"
            LayoutTableCell {TD} at (559,66) size 112x43 [border: (1px solid #005A8C)] [r=2 c=5 rs=1 cs=1]
              LayoutBlockFlow {DIV} at (2,2) size 109x20
                LayoutText {#text} at (0,0) size 8x19
                  text run at (0,0) width 8: "8"
              LayoutBlockFlow {DIV} at (2,22) size 109x20
                LayoutText {#text} at (0,0) size 27x19
                  text run at (0,0) width 27: "7:56"
            LayoutTableCell {TD} at (671,66) size 112x43 [border: (1px solid #005A8C)] [r=2 c=6 rs=1 cs=1]
              LayoutBlockFlow {DIV} at (2,2) size 109x20
                LayoutText {#text} at (0,0) size 8x19
                  text run at (0,0) width 8: "9"
              LayoutBlockFlow (anonymous) at (2,22) size 109x20
                LayoutText {#text} at (0,0) size 84x19
                  text run at (0,0) width 84: "Reconciliation"
          LayoutTableRow {TR} at (0,149) size 783x83
            LayoutTableCell {TD} at (0,149) size 111x43 [border: (1px solid #005A8C)] [r=3 c=0 rs=1 cs=1]
              LayoutBlockFlow {DIV} at (2,2) size 108x20
                LayoutText {#text} at (0,0) size 16x19
                  text run at (0,0) width 16: "10"
              LayoutBlockFlow (anonymous) at (2,22) size 108x20
                LayoutText {#text} at (0,0) size 95x19
                  text run at (0,0) width 95: "Christmas party"
                LayoutBR {BR} at (95,15) size 0x0
            LayoutTableCell {TD} at (111,149) size 112x43 [border: (1px solid #005A8C)] [r=3 c=1 rs=1 cs=1]
              LayoutBlockFlow {DIV} at (2,2) size 109x20
                LayoutText {#text} at (0,0) size 16x19
                  text run at (0,0) width 16: "11"
              LayoutBlockFlow (anonymous) at (2,22) size 109x20
                LayoutBR {BR} at (0,0) size 0x19
            LayoutTableCell {TD} at (223,149) size 112x43 [border: (1px solid #005A8C)] [r=3 c=2 rs=1 cs=1]
              LayoutBlockFlow {DIV} at (2,2) size 109x20
                LayoutText {#text} at (0,0) size 16x19
                  text run at (0,0) width 16: "12"
              LayoutBlockFlow (anonymous) at (2,22) size 109x20
                LayoutBR {BR} at (0,0) size 0x19
            LayoutTableCell {TD} at (335,149) size 112x83 [border: (1px solid #005A8C)] [r=3 c=3 rs=1 cs=1]
              LayoutBlockFlow {DIV} at (2,2) size 109x20
                LayoutText {#text} at (0,0) size 16x19
                  text run at (0,0) width 16: "13"
              LayoutBlockFlow (anonymous) at (2,22) size 109x60
                LayoutText {#text} at (0,0) size 69x59
                  text run at (0,0) width 69: "Community"
                  text run at (0,20) width 58: "Ministries"
                  text run at (0,40) width 62: "committee"
            LayoutTableCell {TD} at (447,149) size 112x43 [border: (1px solid #005A8C)] [r=3 c=4 rs=1 cs=1]
              LayoutBlockFlow {DIV} at (2,2) size 109x20
                LayoutText {#text} at (0,0) size 16x19
                  text run at (0,0) width 16: "14"
              LayoutBlockFlow (anonymous) at (2,22) size 109x20
                LayoutBR {BR} at (0,0) size 0x19
            LayoutTableCell {TD} at (559,149) size 112x43 [border: (1px solid #005A8C)] [r=3 c=5 rs=1 cs=1]
              LayoutBlockFlow {DIV} at (2,2) size 109x20
                LayoutText {#text} at (0,0) size 16x19
                  text run at (0,0) width 16: "15"
              LayoutBlockFlow {DIV} at (2,22) size 109x20
                LayoutText {#text} at (0,0) size 27x19
                  text run at (0,0) width 27: "8:02"
            LayoutTableCell {TD} at (671,149) size 112x43 [border: (1px solid #005A8C)] [r=3 c=6 rs=1 cs=1]
              LayoutBlockFlow {DIV} at (2,2) size 109x20
                LayoutText {#text} at (0,0) size 16x19
                  text run at (0,0) width 16: "16"
              LayoutBlockFlow (anonymous) at (2,22) size 109x20
                LayoutText {#text} at (0,0) size 62x19
                  text run at (0,0) width 62: "Paul Goltz"
                LayoutBR {BR} at (62,15) size 0x0
          LayoutTableRow {TR} at (0,232) size 783x63
            LayoutTableCell {TD} at (0,232) size 111x43 [border: (1px solid #005A8C)] [r=4 c=0 rs=1 cs=1]
              LayoutBlockFlow {DIV} at (2,2) size 108x20
                LayoutText {#text} at (0,0) size 16x19
                  text run at (0,0) width 16: "17"
              LayoutBlockFlow (anonymous) at (2,22) size 108x20
                LayoutBR {BR} at (0,0) size 0x19
            LayoutTableCell {TD} at (111,232) size 112x43 [border: (1px solid #005A8C)] [r=4 c=1 rs=1 cs=1]
              LayoutBlockFlow {DIV} at (2,2) size 109x20
                LayoutText {#text} at (0,0) size 16x19
                  text run at (0,0) width 16: "18"
              LayoutBlockFlow (anonymous) at (2,22) size 109x20
                LayoutBR {BR} at (0,0) size 0x19
            LayoutTableCell {TD} at (223,232) size 112x63 [border: (1px solid #005A8C)] [r=4 c=2 rs=1 cs=1]
              LayoutBlockFlow {DIV} at (2,2) size 109x20
                LayoutText {#text} at (0,0) size 16x19
                  text run at (0,0) width 16: "19"
              LayoutBlockFlow (anonymous) at (2,22) size 109x40
                LayoutText {#text} at (0,0) size 98x39
                  text run at (0,0) width 98: "End school term"
                  text run at (0,20) width 8: "4"
            LayoutTableCell {TD} at (335,232) size 112x43 [border: (1px solid #005A8C)] [r=4 c=3 rs=1 cs=1]
              LayoutBlockFlow {DIV} at (2,2) size 109x20
                LayoutText {#text} at (0,0) size 16x19
                  text run at (0,0) width 16: "20"
              LayoutBlockFlow (anonymous) at (2,22) size 109x20
                LayoutBR {BR} at (0,0) size 0x19
            LayoutTableCell {TD} at (447,232) size 112x43 [border: (1px solid #005A8C)] [r=4 c=4 rs=1 cs=1]
              LayoutBlockFlow {DIV} at (2,2) size 109x20
                LayoutText {#text} at (0,0) size 16x19
                  text run at (0,0) width 16: "21"
              LayoutBlockFlow (anonymous) at (2,22) size 109x20
                LayoutBR {BR} at (0,0) size 0x19
            LayoutTableCell {TD} at (559,232) size 112x43 [border: (1px solid #005A8C)] [r=4 c=5 rs=1 cs=1]
              LayoutBlockFlow {DIV} at (2,2) size 109x20
                LayoutText {#text} at (0,0) size 16x19
                  text run at (0,0) width 16: "22"
              LayoutBlockFlow {DIV} at (2,22) size 109x20
                LayoutText {#text} at (0,0) size 27x19
                  text run at (0,0) width 27: "8:06"
            LayoutTableCell {TD} at (671,232) size 112x63 [border: (1px solid #005A8C)] [r=4 c=6 rs=1 cs=1]
              LayoutBlockFlow {DIV} at (2,2) size 109x20
                LayoutText {#text} at (0,0) size 16x19
                  text run at (0,0) width 16: "23"
              LayoutBlockFlow (anonymous) at (2,22) size 109x40
                LayoutText {#text} at (0,0) size 69x39
                  text run at (0,0) width 60: "Christmas"
                  text run at (0,20) width 69: "programme"
                LayoutBR {BR} at (69,35) size 0x0
          LayoutTableRow {TR} at (0,295) size 783x43
            LayoutTableCell {TD} at (0,295) size 111x43 [border: (1px solid #005A8C)] [r=5 c=0 rs=1 cs=1]
              LayoutBlockFlow {DIV} at (2,2) size 108x20
                LayoutText {#text} at (0,0) size 16x19
                  text run at (0,0) width 16: "24"
              LayoutBlockFlow (anonymous) at (2,22) size 108x20
                LayoutBR {BR} at (0,0) size 0x19
            LayoutTableCell {TD} at (111,295) size 112x43 [border: (1px solid #005A8C)] [r=5 c=1 rs=1 cs=1]
              LayoutBlockFlow {DIV} at (2,2) size 109x20
                LayoutText {#text} at (0,0) size 16x19
                  text run at (0,0) width 16: "25"
              LayoutBlockFlow (anonymous) at (2,22) size 109x20
                LayoutText {#text} at (0,0) size 86x19
                  text run at (0,0) width 86: "Christmas day"
                LayoutBR {BR} at (86,15) size 0x0
            LayoutTableCell {TD} at (223,295) size 112x43 [border: (1px solid #005A8C)] [r=5 c=2 rs=1 cs=1]
              LayoutBlockFlow {DIV} at (2,2) size 109x20
                LayoutText {#text} at (0,0) size 16x19
                  text run at (0,0) width 16: "26"
              LayoutBlockFlow (anonymous) at (2,22) size 109x20
                LayoutText {#text} at (0,0) size 68x19
                  text run at (0,0) width 68: "Boxing day"
                LayoutBR {BR} at (68,15) size 0x0
            LayoutTableCell {TD} at (335,295) size 112x43 [border: (1px solid #005A8C)] [r=5 c=3 rs=1 cs=1]
              LayoutBlockFlow {DIV} at (2,2) size 109x20
                LayoutText {#text} at (0,0) size 16x19
                  text run at (0,0) width 16: "27"
              LayoutBlockFlow (anonymous) at (2,22) size 109x20
                LayoutBR {BR} at (0,0) size 0x19
            LayoutTableCell {TD} at (447,295) size 112x43 [border: (1px solid #005A8C)] [r=5 c=4 rs=1 cs=1]
              LayoutBlockFlow {DIV} at (2,2) size 109x20
                LayoutText {#text} at (0,0) size 16x19
                  text run at (0,0) width 16: "28"
              LayoutBlockFlow (anonymous) at (2,22) size 109x20
                LayoutBR {BR} at (0,0) size 0x19
            LayoutTableCell {TD} at (559,295) size 112x43 [border: (1px solid #005A8C)] [r=5 c=5 rs=1 cs=1]
              LayoutBlockFlow {DIV} at (2,2) size 109x20
                LayoutText {#text} at (0,0) size 16x19
                  text run at (0,0) width 16: "29"
              LayoutBlockFlow {DIV} at (2,22) size 109x20
                LayoutText {#text} at (0,0) size 27x19
                  text run at (0,0) width 27: "8:09"
            LayoutTableCell {TD} at (671,295) size 112x43 [border: (1px solid #005A8C)] [r=5 c=6 rs=1 cs=1]
              LayoutBlockFlow {DIV} at (2,2) size 109x20
                LayoutText {#text} at (0,0) size 16x19
                  text run at (0,0) width 16: "30"
              LayoutBlockFlow (anonymous) at (2,22) size 109x20
                LayoutText {#text} at (0,0) size 87x19
                  text run at (0,0) width 87: "David Holman"
                LayoutBR {BR} at (87,15) size 0x0
          LayoutTableRow {TR} at (0,338) size 783x43
            LayoutTableCell {TD} at (0,338) size 111x43 [border: (1px solid #005A8C)] [r=6 c=0 rs=1 cs=1]
              LayoutBlockFlow {DIV} at (2,2) size 108x20
                LayoutText {#text} at (0,0) size 16x19
                  text run at (0,0) width 16: "31"
              LayoutBlockFlow (anonymous) at (2,22) size 108x20
                LayoutBR {BR} at (0,0) size 0x19
            LayoutTableCell {TD} at (111,338) size 672x3 [border: (1px solid #005A8C)] [r=6 c=1 rs=1 cs=6]
