layer at (0,0) size 800x600 scrollHeight 642
  LayoutView at (0,0) size 800x600
layer at (0,0) size 800x642 backgroundClip at (0,0) size 800x600 clip at (0,0) size 800x600
  LayoutBlockFlow {HTML} at (0,0) size 800x642
    LayoutBlockFlow {BODY} at (8,8) size 784x626 [bgcolor=#FFFFFF]
      LayoutTable {TABLE} at (0,0) size 308x56 [border: (1px outset #808080)]
        LayoutTableCol {COLGROUP} at (0,0) size 0x0
          LayoutTableCol {COL} at (0,0) size 0x0
          LayoutTableCol {COL} at (0,0) size 0x0
        LayoutTableSection {TBODY} at (1,1) size 306x54
          LayoutTableRow {TR} at (0,2) size 306x24
          LayoutTableRow {TR} at (0,28) size 306x24
      LayoutTable {TABLE} at (0,56) size 308x56 [border: (1px outset #808080)]
        LayoutTableCol {COLGROUP} at (0,0) size 0x0
          LayoutTableCol {COL} at (0,0) size 0x0
          LayoutTableCol {COL} at (0,0) size 0x0
        LayoutTableSection {TBODY} at (1,1) size 306x54
          LayoutTableRow {TR} at (0,2) size 306x24
          LayoutTableRow {TR} at (0,28) size 306x24
      LayoutTable {TABLE} at (0,112) size 300x56 [border: (1px outset #808080)]
        LayoutTableSection {TBODY} at (1,1) size 298x54
          LayoutTableRow {TR} at (0,2) size 298x24
          LayoutTableRow {TR} at (0,28) size 298x24
      LayoutTable {TABLE} at (0,168) size 300x56 [border: (1px outset #808080)]
        LayoutTableSection {TBODY} at (1,1) size 298x54
          LayoutTableRow {TR} at (0,2) size 298x24
          LayoutTableRow {TR} at (0,28) size 298x24
      LayoutTable {TABLE} at (0,224) size 300x58 [border: (1px outset #808080)]
        LayoutTableSection {TBODY} at (1,1) size 298x56
          LayoutTableRow {TR} at (0,2) size 298x26
          LayoutTableRow {TR} at (0,30) size 298x24
      LayoutTable {TABLE} at (0,282) size 300x58 [border: (1px outset #808080)]
        LayoutTableSection {TBODY} at (1,1) size 298x56
          LayoutTableRow {TR} at (0,2) size 298x26
          LayoutTableRow {TR} at (0,30) size 298x24
      LayoutTable {TABLE} at (0,340) size 300x98 [border: (1px outset #808080)]
        LayoutTableSection {TBODY} at (1,1) size 298x96
          LayoutTableRow {TR} at (0,2) size 298x48
          LayoutTableRow {TR} at (0,52) size 298x42
      LayoutTable {TABLE} at (0,532) size 300x94 [border: (1px outset #808080)]
        LayoutTableSection {TBODY} at (1,1) size 298x92
          LayoutTableRow {TR} at (0,2) size 298x62
          LayoutTableRow {TR} at (0,66) size 298x24
layer at (11,11) size 200x24 clip at (12,12) size 198x22
  LayoutTableCell {TD} at (2,2) size 200x24 [bgcolor=#0000FF] [border: (1px inset #808080)] [r=0 c=0 rs=1 cs=1]
    LayoutText {#text} at (2,2) size 4x19
      text run at (2,2) width 4: " "
layer at (213,11) size 100x24 clip at (214,12) size 98x22
  LayoutTableCell {TD} at (204,2) size 100x24 [bgcolor=#0000FF] [border: (1px inset #808080)] [r=0 c=1 rs=1 cs=1]
    LayoutText {#text} at (2,2) size 4x19
      text run at (2,2) width 4: " "
layer at (11,37) size 200x24 clip at (12,38) size 198x22
  LayoutTableCell {TD} at (2,28) size 200x24 [bgcolor=#0000FF] [border: (1px inset #808080)] [r=1 c=0 rs=1 cs=1]
    LayoutText {#text} at (2,2) size 4x19
      text run at (2,2) width 4: " "
layer at (213,37) size 100x24 clip at (214,38) size 98x22
  LayoutTableCell {TD} at (204,28) size 100x24 [bgcolor=#0000FF] [border: (1px inset #808080)] [r=1 c=1 rs=1 cs=1]
    LayoutText {#text} at (2,2) size 4x19
      text run at (2,2) width 4: " "
layer at (11,67) size 200x24 clip at (12,68) size 198x22
  LayoutTableCell {TD} at (2,2) size 200x24 [bgcolor=#0000FF] [border: (1px inset #808080)] [r=0 c=0 rs=1 cs=1]
    LayoutText {#text} at (2,2) size 4x19
      text run at (2,2) width 4: " "
layer at (213,67) size 100x24 clip at (214,68) size 98x22
  LayoutTableCell {TD} at (204,2) size 100x24 [bgcolor=#0000FF] [border: (1px inset #808080)] [r=0 c=1 rs=1 cs=1]
    LayoutText {#text} at (2,2) size 4x19
      text run at (2,2) width 4: " "
layer at (11,93) size 200x24 clip at (12,94) size 198x22
  LayoutTableCell {TD} at (2,28) size 200x24 [bgcolor=#0000FF] [border: (1px inset #808080)] [r=1 c=0 rs=1 cs=1]
    LayoutText {#text} at (2,2) size 4x19
      text run at (2,2) width 4: " "
layer at (213,93) size 100x24 clip at (214,94) size 98x22
  LayoutTableCell {TD} at (204,28) size 100x24 [bgcolor=#0000FF] [border: (1px inset #808080)] [r=1 c=1 rs=1 cs=1]
    LayoutText {#text} at (2,2) size 4x19
      text run at (2,2) width 4: " "
layer at (11,123) size 233x24 clip at (12,124) size 231x22
  LayoutTableCell {TD} at (2,2) size 233x24 [bgcolor=#0000FF] [border: (1px inset #808080)] [r=0 c=0 rs=1 cs=1]
    LayoutText {#text} at (2,2) size 4x19
      text run at (2,2) width 4: " "
layer at (246,123) size 59x24 clip at (247,124) size 57x22
  LayoutTableCell {TD} at (237,2) size 59x24 [bgcolor=#0000FF] [border: (1px inset #808080)] [r=0 c=1 rs=1 cs=1]
    LayoutText {#text} at (2,2) size 4x19
      text run at (2,2) width 4: " "
layer at (11,149) size 233x24 clip at (12,150) size 231x22
  LayoutTableCell {TD} at (2,28) size 233x24 [bgcolor=#0000FF] [border: (1px inset #808080)] [r=1 c=0 rs=1 cs=1]
    LayoutText {#text} at (2,2) size 4x19
      text run at (2,2) width 4: " "
layer at (246,149) size 59x24 clip at (247,150) size 57x22
  LayoutTableCell {TD} at (237,28) size 59x24 [bgcolor=#0000FF] [border: (1px inset #808080)] [r=1 c=1 rs=1 cs=1]
    LayoutText {#text} at (2,2) size 4x19
      text run at (2,2) width 4: " "
layer at (11,179) size 154x24 clip at (12,180) size 152x22
  LayoutTableCell {TD} at (2,2) size 154x24 [bgcolor=#0000FF] [border: (1px inset #808080)] [r=0 c=0 rs=1 cs=1]
    LayoutText {#text} at (2,2) size 4x19
      text run at (2,2) width 4: " "
layer at (167,179) size 138x24 clip at (168,180) size 136x22
  LayoutTableCell {TD} at (158,2) size 138x24 [bgcolor=#0000FF] [border: (1px inset #808080)] [r=0 c=1 rs=1 cs=1]
    LayoutText {#text} at (2,2) size 4x19
      text run at (2,2) width 4: " "
layer at (11,205) size 154x24 clip at (12,206) size 152x22
  LayoutTableCell {TD} at (2,28) size 154x24 [bgcolor=#0000FF] [border: (1px inset #808080)] [r=1 c=0 rs=1 cs=1]
    LayoutText {#text} at (2,2) size 4x19
      text run at (2,2) width 4: " "
layer at (167,205) size 138x24 clip at (168,206) size 136x22
  LayoutTableCell {TD} at (158,28) size 138x24 [bgcolor=#0000FF] [border: (1px inset #808080)] [r=1 c=1 rs=1 cs=1]
    LayoutText {#text} at (2,2) size 4x19
      text run at (2,2) width 4: " "
layer at (11,235) size 154x26 clip at (12,236) size 152x24 scrollWidth 201
  LayoutTableCell {TD} at (2,2) size 154x26 [bgcolor=#0000FF] [border: (1px inset #808080)] [r=0 c=0 rs=1 cs=1]
    LayoutBlockFlow {FORM} at (2,2) size 150x22
      LayoutButton {BUTTON} at (0,0) size 200x22 [bgcolor=#C0C0C0] [border: (2px outset #C0C0C0)]
        LayoutBlockFlow (anonymous) at (8,3) size 184x16
          LayoutText {#text} at (74,0) size 36x16
            text run at (74,0) width 36: "button"
layer at (167,235) size 138x26 clip at (168,236) size 136x24
  LayoutTableCell {TD} at (158,3) size 138x24 [bgcolor=#0000FF] [border: (1px inset #808080)] [r=0 c=1 rs=1 cs=1]
    LayoutText {#text} at (2,2) size 4x19
      text run at (2,2) width 4: " "
layer at (11,263) size 154x24 clip at (12,264) size 152x22
  LayoutTableCell {TD} at (2,30) size 154x24 [bgcolor=#0000FF] [border: (1px inset #808080)] [r=1 c=0 rs=1 cs=1]
    LayoutText {#text} at (2,2) size 4x19
      text run at (2,2) width 4: " "
layer at (167,263) size 138x24 clip at (168,264) size 136x22
  LayoutTableCell {TD} at (158,30) size 138x24 [bgcolor=#0000FF] [border: (1px inset #808080)] [r=1 c=1 rs=1 cs=1]
    LayoutText {#text} at (2,2) size 4x19
      text run at (2,2) width 4: " "
layer at (11,293) size 280x26 clip at (12,294) size 278x24
  LayoutTableCell {TD} at (2,2) size 280x26 [bgcolor=#0000FF] [border: (1px inset #808080)] [r=0 c=0 rs=1 cs=1]
    LayoutBlockFlow {FORM} at (2,2) size 276x22
      LayoutButton {BUTTON} at (0,0) size 200x22 [bgcolor=#C0C0C0] [border: (2px outset #C0C0C0)]
        LayoutBlockFlow (anonymous) at (8,3) size 184x16
          LayoutText {#text} at (74,0) size 36x16
            text run at (74,0) width 36: "button"
layer at (293,293) size 12x26 clip at (294,294) size 10x24
  LayoutTableCell {TD} at (284,3) size 12x24 [bgcolor=#0000FF] [border: (1px inset #808080)] [r=0 c=1 rs=1 cs=1]
    LayoutText {#text} at (2,2) size 4x19
      text run at (2,2) width 4: " "
layer at (11,321) size 280x24 clip at (12,322) size 278x22
  LayoutTableCell {TD} at (2,30) size 280x24 [bgcolor=#0000FF] [border: (1px inset #808080)] [r=1 c=0 rs=1 cs=1]
    LayoutText {#text} at (2,2) size 4x19
      text run at (2,2) width 4: " "
layer at (293,321) size 12x24 clip at (294,322) size 10x22
  LayoutTableCell {TD} at (284,30) size 12x24 [bgcolor=#0000FF] [border: (1px inset #808080)] [r=1 c=1 rs=1 cs=1]
    LayoutText {#text} at (2,2) size 4x19
      text run at (2,2) width 4: " "
layer at (11,351) size 172x48 clip at (12,352) size 170x46 scrollWidth 216
  LayoutTableCell {TD} at (2,2) size 172x48 [bgcolor=#0000FF] [border: (1px inset #808080)] [r=0 c=0 rs=1 cs=1]
    LayoutBlockFlow {DIV} at (11,11) size 206x26 [border: (3px solid #000000)]
      LayoutText {#text} at (3,3) size 18x19
        text run at (3,3) width 18: "div"
layer at (185,351) size 120x48 clip at (186,352) size 118x46
  LayoutTableCell {TD} at (176,5) size 120x42 [bgcolor=#0000FF] [border: (1px inset #808080)] [r=0 c=1 rs=1 cs=1]
    LayoutText {#text} at (11,11) size 4x19
      text run at (11,11) width 4: " "
layer at (11,401) size 172x42 clip at (12,402) size 170x40
  LayoutTableCell {TD} at (2,52) size 172x42 [bgcolor=#0000FF] [border: (1px inset #808080)] [r=1 c=0 rs=1 cs=1]
    LayoutText {#text} at (11,11) size 4x19
      text run at (11,11) width 4: " "
layer at (185,401) size 120x42 clip at (186,402) size 118x40
  LayoutTableCell {TD} at (176,52) size 120x42 [bgcolor=#0000FF] [border: (1px inset #808080)] [r=1 c=1 rs=1 cs=1]
    LayoutText {#text} at (11,11) size 4x19
      text run at (11,11) width 4: " "
layer at (8,446) size 300x94 clip at (9,447) size 298x92
  LayoutTable {TABLE} at (0,438) size 300x94 [border: (1px outset #808080)]
    LayoutTableSection {TBODY} at (1,1) size 298x92
      LayoutTableRow {TR} at (0,2) size 298x62
      LayoutTableRow {TR} at (0,66) size 298x24
layer at (11,449) size 154x62 clip at (12,450) size 152x60 scrollWidth 207
  LayoutTableCell {TD} at (2,2) size 154x62 [bgcolor=#0000FF] [border: (1px inset #808080)] [r=0 c=0 rs=1 cs=1]
    LayoutBlockFlow {P} at (2,18) size 206x26 [border: (3px solid #000000)]
      LayoutText {#text} at (3,3) size 27x19
        text run at (3,3) width 27: "para"
layer at (167,449) size 138x62 clip at (168,450) size 136x60
  LayoutTableCell {TD} at (158,21) size 138x24 [bgcolor=#0000FF] [border: (1px inset #808080)] [r=0 c=1 rs=1 cs=1]
    LayoutText {#text} at (2,2) size 4x19
      text run at (2,2) width 4: " "
layer at (11,513) size 154x24 clip at (12,514) size 152x22
  LayoutTableCell {TD} at (2,66) size 154x24 [bgcolor=#0000FF] [border: (1px inset #808080)] [r=1 c=0 rs=1 cs=1]
    LayoutText {#text} at (2,2) size 4x19
      text run at (2,2) width 4: " "
layer at (167,513) size 138x24 clip at (168,514) size 136x22
  LayoutTableCell {TD} at (158,66) size 138x24 [bgcolor=#0000FF] [border: (1px inset #808080)] [r=1 c=1 rs=1 cs=1]
    LayoutText {#text} at (2,2) size 4x19
      text run at (2,2) width 4: " "
layer at (11,543) size 254x62 backgroundClip at (11,543) size 254x57 clip at (12,544) size 252x56
  LayoutTableCell {TD} at (2,2) size 254x62 [bgcolor=#0000FF] [border: (1px inset #808080)] [r=0 c=0 rs=1 cs=1]
    LayoutBlockFlow {P} at (2,18) size 206x26 [border: (3px solid #000000)]
      LayoutText {#text} at (3,3) size 27x19
        text run at (3,3) width 27: "para"
layer at (267,543) size 38x62 backgroundClip at (267,543) size 38x57 clip at (268,544) size 36x56
  LayoutTableCell {TD} at (258,21) size 38x24 [bgcolor=#0000FF] [border: (1px inset #808080)] [r=0 c=1 rs=1 cs=1]
    LayoutText {#text} at (2,2) size 4x19
      text run at (2,2) width 4: " "
layer at (11,607) size 254x24 backgroundClip at (0,0) size 0x0 clip at (0,0) size 0x0
  LayoutTableCell {TD} at (2,66) size 254x24 [bgcolor=#0000FF] [border: (1px inset #808080)] [r=1 c=0 rs=1 cs=1]
    LayoutText {#text} at (2,2) size 4x19
      text run at (2,2) width 4: " "
layer at (267,607) size 38x24 backgroundClip at (0,0) size 0x0 clip at (0,0) size 0x0
  LayoutTableCell {TD} at (258,66) size 38x24 [bgcolor=#0000FF] [border: (1px inset #808080)] [r=1 c=1 rs=1 cs=1]
    LayoutText {#text} at (2,2) size 4x19
      text run at (2,2) width 4: " "
