layer at (0,0) size 800x600
  LayoutView at (0,0) size 800x600
layer at (0,0) size 800x600
  LayoutBlockFlow {HTML} at (0,0) size 800x600
    LayoutBlockFlow {BODY} at (8,8) size 784x584
      LayoutTable {TABLE} at (0,0) size 37x50
        LayoutTableSection {TBODY} at (0,0) size 37x50
          LayoutTableRow {TR} at (0,2) size 37x22
            LayoutTableCell {TD} at (2,2) size 9x22 [bgcolor=#008000] [r=0 c=0 rs=1 cs=1]
              LayoutText {#text} at (1,1) size 7x19
                text run at (1,1) width 7: "a"
            LayoutTableCell {TD} at (13,15) size 22x20 [bgcolor=#FFA500] [r=0 c=1 rs=2 cs=1]
              LayoutImage {IMG} at (1,1) size 20x18
          LayoutTableRow {TR} at (0,26) size 37x22
            LayoutTableCell {TD} at (2,26) size 9x22 [bgcolor=#0000FF] [r=1 c=0 rs=1 cs=1]
              LayoutText {#text} at (1,1) size 7x19
                text run at (1,1) width 7: "x"
