layer at (0,0) size 800x600
  LayoutView at (0,0) size 800x600
layer at (0,0) size 800x600
  LayoutBlockFlow {HTML} at (0,0) size 800x600
    LayoutBlockFlow {BODY} at (8,8) size 784x584
      LayoutTable {TABLE} at (0,0) size 784x90 [bgcolor=#993300] [border: (1px outset #808080)]
        LayoutTableSection {TBODY} at (1,1) size 782x88
          LayoutTableRow {TR} at (0,2) size 782x84
            LayoutTableCell {TD} at (2,2) size 46x84 [border: (1px inset #808080)] [r=0 c=0 rs=1 cs=1]
              LayoutText {#text} at (2,2) size 42x79
                text run at (2,2) width 38: "This is"
                text run at (2,22) width 7: "a"
                text run at (2,42) width 42: "sample"
                text run at (2,62) width 24: "cell."
            LayoutTableCell {TD} at (50,32) size 730x24 [border: (1px inset #808080)] [r=0 c=1 rs=1 cs=1]
              LayoutText {#text} at (2,2) size 4x19
                text run at (2,2) width 4: " "
