layer at (0,0) size 800x600
  LayoutView at (0,0) size 800x600
layer at (0,0) size 800x600
  LayoutBlockFlow {HTML} at (0,0) size 800x600
    LayoutBlockFlow {BODY} at (8,8) size 784x584
      LayoutBlockFlow (anonymous) at (0,0) size 784x40
        LayoutText {#text} at (0,0) size 773x39
          text run at (0,0) width 773: "the following is not the bug but is related. Nav put's the images in the 2nd cell on the same line. Border widths of cells are suspect"
          text run at (0,20) width 30: "here."
      LayoutTable {TABLE} at (0,40) size 28x6 [border: (1px outset #808080)]
        LayoutTableSection {TBODY} at (1,1) size 26x4
          LayoutTableRow {TR} at (0,0) size 26x4
            LayoutTableCell {TD} at (0,0) size 4x4 [border: (1px inset #808080)] [r=0 c=0 rs=1 cs=1]
              LayoutImage {IMG} at (1,1) size 2x2
            LayoutTableCell {TD} at (4,0) size 22x4 [border: (1px inset #808080)] [r=0 c=1 rs=1 cs=1]
              LayoutImage {IMG} at (1,1) size 10x2
              LayoutImage {IMG} at (11,1) size 10x2
      LayoutBlockFlow (anonymous) at (0,46) size 784x40
        LayoutBR {BR} at (0,0) size 0x19
        LayoutText {#text} at (0,20) size 614x19
          text run at (0,20) width 614: "the following is related to the bug. Nav put's the images in the last cell of the last table on the same line."
      LayoutTable {TABLE} at (0,86) size 700x32
        LayoutTableSection {TBODY} at (0,0) size 700x32
          LayoutTableRow {TR} at (0,0) size 700x32
            LayoutTableCell {TD} at (0,0) size 175x32 [r=0 c=0 rs=1 cs=1]
              LayoutTable {TABLE} at (0,0) size 175x32
                LayoutTableSection {TBODY} at (0,0) size 175x32
                  LayoutTableRow {TR} at (0,0) size 175x2
                    LayoutTableCell {TD} at (0,0) size 175x2 [r=0 c=0 rs=1 cs=1]
                      LayoutImage {IMG} at (0,0) size 7x2
                  LayoutTableRow {TR} at (0,2) size 175x29
                    LayoutTableCell {TD} at (0,2) size 175x29 [r=1 c=0 rs=1 cs=8]
                      LayoutInline {A} at (0,0) size 156x19 [color=#0000EE]
                        LayoutImage {IMG} at (0,0) size 156x29
                      LayoutImage {IMG} at (156,0) size 19x29
                  LayoutTableRow {TR} at (0,31) size 175x1
                    LayoutTableCell {TD} at (0,31) size 175x1 [r=2 c=0 rs=1 cs=3]
                      LayoutImage {IMG} at (0,0) size 156x1
            LayoutTableCell {TD} at (175,0) size 525x23 [r=0 c=1 rs=1 cs=1]
              LayoutTable {TABLE} at (0,0) size 525x23
                LayoutTableSection {TBODY} at (0,0) size 525x23
                  LayoutTableRow {TR} at (0,0) size 525x2
                    LayoutTableCell {TD} at (0,0) size 20x2 [bgcolor=#FFFFFF] [r=0 c=0 rs=1 cs=1]
                      LayoutImage {IMG} at (0,0) size 20x2
                    LayoutTableCell {TD} at (20,0) size 20x2 [bgcolor=#FFFFFF] [r=0 c=1 rs=1 cs=1]
                      LayoutImage {IMG} at (0,0) size 20x2
                    LayoutTableCell {TD} at (40,0) size 20x2 [bgcolor=#FFFFFF] [r=0 c=2 rs=1 cs=1]
                      LayoutImage {IMG} at (0,0) size 20x2
                    LayoutTableCell {TD} at (60,0) size 20x2 [bgcolor=#FFFFFF] [r=0 c=3 rs=1 cs=1]
                      LayoutImage {IMG} at (0,0) size 20x2
                    LayoutTableCell {TD} at (80,0) size 67x2 [bgcolor=#FFFFFF] [r=0 c=4 rs=1 cs=1]
                      LayoutImage {IMG} at (0,0) size 67x2
                    LayoutTableCell {TD} at (147,0) size 81x2 [bgcolor=#FFFFFF] [r=0 c=5 rs=1 cs=1]
                      LayoutImage {IMG} at (0,0) size 81x2
                    LayoutTableCell {TD} at (228,0) size 77x2 [bgcolor=#FFFFFF] [r=0 c=6 rs=1 cs=1]
                      LayoutImage {IMG} at (0,0) size 77x2
                    LayoutTableCell {TD} at (305,0) size 63x2 [bgcolor=#FFFFFF] [r=0 c=7 rs=1 cs=1]
                      LayoutImage {IMG} at (0,0) size 63x2
                    LayoutTableCell {TD} at (368,0) size 20x2 [bgcolor=#FFFFFF] [r=0 c=8 rs=1 cs=1]
                      LayoutImage {IMG} at (0,0) size 20x2
                    LayoutTableCell {TD} at (388,0) size 19x2 [bgcolor=#FFFFFF] [r=0 c=9 rs=1 cs=1]
                      LayoutImage {IMG} at (0,0) size 19x2
                    LayoutTableCell {TD} at (407,0) size 101x2 [bgcolor=#FFFFFF] [r=0 c=10 rs=1 cs=1]
                      LayoutImage {IMG} at (0,0) size 101x2
                    LayoutTableCell {TD} at (508,0) size 17x2 [r=0 c=11 rs=1 cs=1]
                      LayoutImage {IMG} at (0,0) size 15x2
                      LayoutImage {IMG} at (15,0) size 2x2
                  LayoutTableRow {TR} at (0,2) size 525x21
                    LayoutTableCell {TD} at (0,2) size 525x21 [r=1 c=0 rs=1 cs=12]
                      LayoutImage {IMG} at (0,0) size 525x18
                      LayoutBR {BR} at (525,18) size 0x0
                      LayoutImage {IMG} at (0,18) size 525x1
                      LayoutBR {BR} at (525,19) size 0x0
                      LayoutImage {IMG} at (0,19) size 525x2
      LayoutBlockFlow (anonymous) at (0,118) size 784x20
        LayoutBR {BR} at (0,0) size 0x19
      LayoutTable {TABLE} at (0,138) size 427x219 [bgcolor=#CCCCCC] [border: (1px outset #808080)]
        LayoutTableSection {TBODY} at (1,1) size 425x217
          LayoutTableRow {TR} at (0,1) size 425x84
            LayoutTableCell {TD} at (1,1) size 20x24 [border: (1px inset #808080)] [r=0 c=0 rs=1 cs=1]
              LayoutText {#text} at (2,2) size 16x19
                text run at (2,2) width 16: "1. "
            LayoutTableCell {TD} at (22,1) size 229x84 [border: (1px inset #808080)] [r=0 c=1 rs=1 cs=1]
              LayoutText {#text} at (2,2) size 65x19
                text run at (2,2) width 65: "Some One"
              LayoutBR {BR} at (67,17) size 0x0
              LayoutText {#text} at (2,22) size 69x19
                text run at (2,22) width 69: "Joe Banker"
              LayoutBR {BR} at (71,37) size 0x0
              LayoutText {#text} at (2,42) size 125x19
                text run at (2,42) width 125: "4633 Ocean Avenue"
              LayoutBR {BR} at (126,57) size 1x0
              LayoutText {#text} at (2,62) size 172x19
                text run at (2,62) width 98: "San Francisco,  "
                text run at (100,62) width 30: "CA  "
                text run at (129,62) width 45: "94132 "
              LayoutBR {BR} at (0,0) size 0x0
            LayoutTableCell {TD} at (252,1) size 24x5 [border: (1px inset #808080)] [r=0 c=2 rs=1 cs=1]
              LayoutImage {IMG} at (2,2) size 20x1
            LayoutTableCell {TD} at (277,1) size 147x38 [border: (1px inset #808080)] [r=0 c=3 rs=1 cs=1]
              LayoutImage {IMG} at (7,2) size 38x34
              LayoutImage {IMG} at (45,35) size 12x1
              LayoutImage {IMG} at (57,2) size 38x34
              LayoutImage {IMG} at (95,35) size 12x1
              LayoutImage {IMG} at (107,2) size 38x34
          LayoutTableRow {TR} at (0,86) size 425x25
            LayoutTableCell {TD} at (1,96) size 20x4 [border: (1px inset #808080)] [r=1 c=0 rs=1 cs=1]
            LayoutTableCell {TD} at (22,86) size 402x25 [border: (1px inset #808080)] [r=1 c=1 rs=1 cs=3]
              LayoutImage {IMG} at (2,2) size 398x1
              LayoutBR {BR} at (400,3) size 0x0
              LayoutText {#text} at (2,3) size 4x19
                text run at (2,3) width 4: " "
          LayoutTableRow {TR} at (0,112) size 425x104
            LayoutTableCell {TD} at (1,112) size 20x24 [border: (1px inset #808080)] [r=2 c=0 rs=1 cs=1]
              LayoutText {#text} at (2,2) size 16x19
                text run at (2,2) width 16: "2. "
            LayoutTableCell {TD} at (22,112) size 229x104 [border: (1px inset #808080)] [r=2 c=1 rs=1 cs=1]
              LayoutText {#text} at (2,2) size 216x39
                text run at (2,2) width 216: "FORECLOSURES AAA HOMES"
                text run at (2,22) width 112: "UP TO 50% OFF"
              LayoutBR {BR} at (113,37) size 1x0
              LayoutText {#text} at (2,42) size 123x19
                text run at (2,42) width 123: "Real Estate Services"
              LayoutBR {BR} at (125,57) size 0x0
              LayoutText {#text} at (2,62) size 74x19
                text run at (2,62) width 30: "CA  "
                text run at (31,62) width 45: "00000 "
              LayoutBR {BR} at (0,0) size 0x0
              LayoutText {#text} at (2,82) size 100x19
                text run at (2,82) width 100: "(000) 000-0000"
            LayoutTableCell {TD} at (252,112) size 24x5 [border: (1px inset #808080)] [r=2 c=2 rs=1 cs=1]
              LayoutImage {IMG} at (2,2) size 20x1
            LayoutTableCell {TD} at (277,112) size 147x38 [border: (1px inset #808080)] [r=2 c=3 rs=1 cs=1]
              LayoutImage {IMG} at (7,2) size 38x34
              LayoutImage {IMG} at (45,35) size 12x1
              LayoutImage {IMG} at (57,2) size 38x34
              LayoutImage {IMG} at (95,35) size 12x1
              LayoutImage {IMG} at (107,2) size 38x34
