layer at (0,0) size 800x600
  LayoutView at (0,0) size 800x600
layer at (0,0) size 800x600
  LayoutBlockFlow {HTML} at (0,0) size 800x600
    LayoutBlockFlow {BODY} at (8,8) size 784x584
      LayoutBlockFlow {H4} at (0,0) size 784x20
        LayoutText {#text} at (0,0) size 542x19
          text run at (0,0) width 542: "Try resizing the window horizantally - the red cell should be 195 pixels at all times."
      LayoutTable {TABLE} at (0,41.27) size 392x86 [bgcolor=#FFFF00] [border: (1px outset #808080)]
        LayoutTableSection {TBODY} at (1,1) size 390x84
          LayoutTableRow {TR} at (0,0) size 390x22
            LayoutTableCell {TD} at (0,10) size 202x2 [border: (1px inset #808080)] [r=0 c=0 rs=1 cs=1]
            LayoutTableCell {TD} at (202,10) size 102x2 [border: (1px inset #808080)] [r=0 c=1 rs=1 cs=1]
            LayoutTableCell {TD} at (304,0) size 86x22 [border: (1px inset #808080)] [r=0 c=2 rs=1 cs=1]
              LayoutText {#text} at (1,1) size 84x19
                text run at (1,1) width 84: "xxxxxxxxxxxx"
          LayoutTableRow {TR} at (0,22) size 390x62
            LayoutTableCell {TD} at (0,42) size 202x22 [border: (1px inset #808080)] [r=1 c=0 rs=1 cs=1]
              LayoutText {#text} at (1,1) size 4x19
                text run at (1,1) width 4: " "
            LayoutTableCell {TD} at (202,22) size 188x62 [bgcolor=#FF0000] [border: (1px inset #808080)] [r=1 c=1 rs=1 cs=2]
              LayoutText {#text} at (1,1) size 174x59
                text run at (1,1) width 174: "Now you can vote forTLJ as"
                text run at (1,21) width 104: "game of the year "
                text run at (105,21) width 51: "at Game"
                text run at (1,41) width 59: "Rankings."
      LayoutBlockFlow {HR} at (0,135.27) size 204x2 [border: (1px inset #EEEEEE)]
      LayoutBlockFlow {HR} at (0,145.27) size 385x2 [border: (1px inset #EEEEEE)]
      LayoutBlockFlow (anonymous) at (0,155.27) size 784x20
        LayoutText {#text} at (0,0) size 502x19
          text run at (0,0) width 502: "200*150 =3000twips 100*150=1500twips 180*150=1200twips sum: 5700 twips"
