layer at (0,0) size 800x600
  LayoutView at (0,0) size 800x600
layer at (0,0) size 800x236
  LayoutBlockFlow {HTML} at (0,0) size 800x236
    LayoutBlockFlow {BODY} at (8,8) size 784x220
      LayoutTable {TABLE} at (0,0) size 700x56 [border: (1px outset #808080)]
        LayoutTableSection {TBODY} at (1,1) size 698x54
          LayoutTableRow {TR} at (0,2) size 698x24
            LayoutTableCell {TD} at (2,2) size 694x24 [border: (1px inset #808080)] [r=0 c=0 rs=1 cs=3]
              LayoutText {#text} at (2,2) size 558x19
                text run at (2,2) width 558: "lots of text goes here even more and more and more and more and more and more and more"
          LayoutTableRow {TR} at (0,28) size 698x24
            LayoutTableCell {TD} at (2,28) size 680x24 [border: (1px inset #808080)] [r=1 c=0 rs=1 cs=2]
              LayoutText {#text} at (2,2) size 510x19
                text run at (2,2) width 510: "aaaaaaaaaaaa bbbbbbbbbbbbbbb cccccccccccccccccccccccccc dddddddddddddd"
            LayoutTableCell {TD} at (684,28) size 12x24 [border: (1px inset #808080)] [r=1 c=2 rs=1 cs=1]
              LayoutText {#text} at (2,2) size 4x19
                text run at (2,2) width 4: " "
      LayoutBlockFlow {P} at (0,72) size 784x0
      LayoutTable {TABLE} at (0,72) size 700x56 [border: (1px outset #808080)]
        LayoutTableSection {TBODY} at (1,1) size 698x54
          LayoutTableRow {TR} at (0,2) size 698x24
            LayoutTableCell {TD} at (2,2) size 694x24 [border: (1px inset #808080)] [r=0 c=0 rs=1 cs=3]
              LayoutText {#text} at (2,2) size 180x19
                text run at (2,2) width 180: "lots of text goes here even mo"
          LayoutTableRow {TR} at (0,28) size 698x24
            LayoutTableCell {TD} at (2,28) size 681x24 [border: (1px inset #808080)] [r=1 c=0 rs=1 cs=2]
              LayoutText {#text} at (2,2) size 510x19
                text run at (2,2) width 510: "aaaaaaaaaaaa bbbbbbbbbbbbbbb cccccccccccccccccccccccccc dddddddddddddd"
            LayoutTableCell {TD} at (685,28) size 11x24 [border: (1px inset #808080)] [r=1 c=2 rs=1 cs=1]
              LayoutText {#text} at (2,2) size 4x19
                text run at (2,2) width 4: " "
      LayoutBlockFlow {P} at (0,144) size 784x0
      LayoutTable {TABLE} at (0,144) size 700x56 [border: (1px outset #808080)]
        LayoutTableSection {TBODY} at (1,1) size 698x54
          LayoutTableRow {TR} at (0,2) size 698x24
            LayoutTableCell {TD} at (2,2) size 694x24 [border: (1px inset #808080)] [r=0 c=0 rs=1 cs=3]
              LayoutText {#text} at (2,2) size 172x19
                text run at (2,2) width 172: "lots of text goes here even m"
          LayoutTableRow {TR} at (0,28) size 698x24
            LayoutTableCell {TD} at (2,28) size 681x24 [border: (1px inset #808080)] [r=1 c=0 rs=1 cs=2]
              LayoutText {#text} at (2,2) size 510x19
                text run at (2,2) width 510: "aaaaaaaaaaaa bbbbbbbbbbbbbbb cccccccccccccccccccccccccc dddddddddddddd"
            LayoutTableCell {TD} at (685,28) size 11x24 [border: (1px inset #808080)] [r=1 c=2 rs=1 cs=1]
              LayoutText {#text} at (2,2) size 4x19
                text run at (2,2) width 4: " "
      LayoutBlockFlow {HR} at (0,208) size 182x2 [border: (1px inset #EEEEEE)]
      LayoutBlockFlow {HR} at (0,218) size 520x2 [border: (1px inset #EEEEEE)]
