layer at (0,0) size 800x600
  LayoutView at (0,0) size 800x600
layer at (0,0) size 800x600
  LayoutBlockFlow {HTML} at (0,0) size 800x600
    LayoutBlockFlow {BODY} at (8,8) size 784x584
      LayoutBlockFlow (anonymous) at (0,0) size 784x0
        LayoutInline {FONT} at (0,0) size 0x0
      LayoutTable {TABLE} at (0,0) size 107x50 [border: (1px outset #808080)]
        LayoutBlockFlow {CAPTION} at (0,0) size 107x20
          LayoutText {#text} at (31,0) size 45x19
            text run at (31,0) width 45: "TEST1"
        LayoutTableSection {TBODY} at (1,21) size 105x28
          LayoutTableRow {TR} at (0,2) size 105x24
            LayoutTableCell {TD} at (2,2) size 101x24 [border: (1px inset #808080)] [r=0 c=0 rs=1 cs=1]
              LayoutText {#text} at (2,2) size 97x19
                text run at (2,2) width 97: "TABLE TEXT1"
      LayoutBlockFlow (anonymous) at (0,50) size 784x20
        LayoutInline {FONT} at (0,0) size 44x19
          LayoutText {#text} at (0,0) size 44x19
            text run at (0,0) width 44: "TEST2"
      LayoutTable {TABLE} at (0,70) size 107x30 [border: (1px outset #808080)]
        LayoutTableSection {TBODY} at (1,1) size 105x28
          LayoutTableRow {TR} at (0,2) size 105x24
            LayoutTableCell {TD} at (2,2) size 101x24 [border: (1px inset #808080)] [r=0 c=0 rs=1 cs=1]
              LayoutText {#text} at (2,2) size 97x19
                text run at (2,2) width 97: "TABLE TEXT2"
      LayoutTable {TABLE} at (0,100) size 107x50 [border: (1px outset #808080)]
        LayoutBlockFlow {CAPTION} at (0,0) size 107x20
          LayoutText {#text} at (31,0) size 45x19
            text run at (31,0) width 45: "TEST3"
        LayoutTableSection {TBODY} at (1,21) size 105x28
          LayoutTableRow {TR} at (0,2) size 105x24
            LayoutTableCell {TD} at (2,2) size 101x24 [border: (1px inset #808080)] [r=0 c=0 rs=1 cs=1]
              LayoutText {#text} at (2,2) size 97x19
                text run at (2,2) width 97: "TABLE TEXT3"
