layer at (0,0) size 800x600
  LayoutView at (0,0) size 800x600
layer at (0,0) size 800x600
  LayoutBlockFlow {HTML} at (0,0) size 800x600
    LayoutBlockFlow {BODY} at (8,8) size 784x584
      LayoutTable {TABLE} at (0,0) size 784x223 [bgcolor=#FFCC00] [border: (1px outset #808080)]
        LayoutTableSection {TBODY} at (1,1) size 782x221
          LayoutTableRow {TR} at (0,0) size 782x199
            LayoutTableCell {TD} at (0,0) size 113x199 [border: (1px inset #808080)] [r=0 c=0 rs=1 cs=1]
              LayoutImage {IMG} at (1,1) size 111x197
              LayoutText {#text} at (0,0) size 0x0
            LayoutTableCell {TD} at (113,0) size 669x100 [border: (1px inset #808080)] [r=0 c=1 rs=1 cs=1]
              LayoutImage {IMG} at (1,1) size 381x98
              LayoutText {#text} at (0,0) size 0x0
          LayoutTableRow {TR} at (0,199) size 782x22
            LayoutTableCell {TD} at (0,199) size 113x22 [border: (1px inset #808080)] [r=1 c=0 rs=1 cs=1]
              LayoutText {#text} at (1,1) size 87x19
                text run at (1,1) width 87: "something else"
            LayoutTableCell {TD} at (113,199) size 669x22 [border: (1px inset #808080)] [r=1 c=1 rs=1 cs=1]
              LayoutTable {TABLE} at (1,1) size 209x20
                LayoutTableSection {TBODY} at (0,0) size 209x20
                  LayoutTableRow {TR} at (0,0) size 209x20
                    LayoutTableCell {TD} at (0,0) size 209x20 [r=0 c=0 rs=1 cs=1]
                      LayoutText {#text} at (0,0) size 209x19
                        text run at (0,0) width 209: "Sunday April 11, 1999, 07:34 PM"
