layer at (0,0) size 800x600
  LayoutView at (0,0) size 800x600
layer at (0,0) size 800x600
  LayoutBlockFlow {HTML} at (0,0) size 800x600
    LayoutBlockFlow {BODY} at (8,8) size 784x584 [bgcolor=#FFFFFF]
      LayoutTable {TABLE} at (0,0) size 360x100 [border: (1px outset #808080)]
        LayoutTableSection {TBODY} at (1,1) size 358x98
          LayoutTableRow {TR} at (0,2) size 358x94
            LayoutTableCell {TD} at (2,2) size 354x94 [border: (1px inset #808080)] [r=0 c=0 rs=1 cs=1]
              LayoutTable {TABLE} at (2,2) size 350x90 [bgcolor=#FFCC99] [border: (1px outset #808080)]
                LayoutTableSection {TBODY} at (1,1) size 348x88
                  LayoutTableRow {TR} at (0,2) size 348x84
                    LayoutTableCell {TD} at (2,16) size 251x56 [border: (1px inset #808080)] [r=0 c=0 rs=1 cs=2]
                      LayoutInline {B} at (0,0) size 98x19
                        LayoutText {#text} at (2,2) size 98x19
                          text run at (2,2) width 98: "Contact MPG:"
                      LayoutText {#text} at (100,2) size 4x19
                        text run at (100,2) width 4: " "
                      LayoutBR {BR} at (0,0) size 0x0
                      LayoutInline {FONT} at (0,0) size 237x31
                        LayoutInline {B} at (0,0) size 148x15
                          LayoutInline {A} at (0,0) size 148x15 [color=#551A8B]
                            LayoutText {#text} at (2,22) size 148x15
                              text run at (2,22) width 34: "Click "
                              text run at (36,22) width 114: "here to email full list"
                        LayoutText {#text} at (149,22) size 74x15
                          text run at (149,22) width 74: ", or copy this "
                        LayoutInline {A} at (0,0) size 237x31 [color=#551A8B]
                          LayoutText {#text} at (222,22) size 237x31
                            text run at (222,22) width 17: "list"
                            text run at (2,38) width 68: "of addresses"
                        LayoutText {#text} at (70,38) size 38x15
                          text run at (70,38) width 38: ".  View "
                        LayoutInline {A} at (0,0) size 83x15 [color=#551A8B]
                          LayoutText {#text} at (107,38) size 83x15
                            text run at (107,38) width 83: "Who is in MPG"
                        LayoutText {#text} at (189,38) size 4x15
                          text run at (189,38) width 4: "."
                      LayoutText {#text} at (0,0) size 0x0
                    LayoutTableCell {TD} at (255,2) size 91x84 [border: (1px inset #808080)] [r=0 c=2 rs=1 cs=1]
                      LayoutInline {B} at (0,0) size 85x19
                        LayoutText {#text} at (2,2) size 85x19
                          text run at (2,2) width 85: "MPG Rules:"
                      LayoutText {#text} at (0,0) size 0x0
                      LayoutBR {BR} at (0,0) size 0x0
                      LayoutText {#text} at (2,22) size 56x59
                        text run at (2,22) width 56: "Not at all"
                        text run at (2,42) width 42: "serious"
                        text run at (2,62) width 46: "bylaws."
