layer at (0,0) size 800x600
  LayoutView at (0,0) size 800x600
layer at (0,0) size 800x600
  LayoutBlockFlow {HTML} at (0,0) size 800x600
    LayoutBlockFlow {BODY} at (8,8) size 784x584
      LayoutTable {TABLE} at (0,0) size 443x151 [border: (1px outset #808080)]
        LayoutTableSection {TBODY} at (1,1) size 441x149
          LayoutTableRow {TR} at (0,0) size 441x149
            LayoutTableCell {TD} at (0,0) size 441x149 [border: (1px inset #808080)] [r=0 c=0 rs=1 cs=1]
              LayoutTable {TABLE} at (1,1) size 439x147 [border: (1px outset #808080)]
                LayoutTableSection {TBODY} at (1,1) size 437x145
                  LayoutTableRow {TR} at (0,1) size 437x30
                    LayoutTableCell {TD} at (1,1) size 132x30 [border: (1px inset #808080)] [r=0 c=0 rs=1 cs=1]
                      LayoutText {#text} at (5,5) size 122x19
                        text run at (5,5) width 122: "General Preferences"
                    LayoutTableCell {TD} at (134,1) size 138x30 [border: (1px inset #808080)] [r=0 c=1 rs=1 cs=1]
                      LayoutInline {A} at (0,0) size 128x19 [color=#0000EE]
                        LayoutText {#text} at (5,5) size 128x19
                          text run at (5,5) width 128: "Groups / Permissions"
                    LayoutTableCell {TD} at (273,1) size 70x30 [border: (1px inset #808080)] [r=0 c=2 rs=1 cs=1]
                      LayoutInline {A} at (0,0) size 60x19 [color=#0000EE]
                        LayoutText {#text} at (5,5) size 60x19
                          text run at (5,5) width 60: "Password"
                    LayoutTableCell {TD} at (344,1) size 43x30 [border: (1px inset #808080)] [r=0 c=3 rs=1 cs=1]
                      LayoutInline {A} at (0,0) size 33x19 [color=#0000EE]
                        LayoutText {#text} at (5,5) size 33x19
                          text run at (5,5) width 33: "Email"
                    LayoutTableCell {TD} at (388,1) size 48x30 [border: (1px inset #808080)] [r=0 c=4 rs=1 cs=1]
                      LayoutText {#text} at (5,5) size 38x19
                        text run at (5,5) width 38: "Views"
                  LayoutTableRow {TR} at (0,32) size 437x112
                    LayoutTableCell {TD} at (1,32) size 435x112 [border: (1px inset #808080)] [r=1 c=0 rs=1 cs=5]
                      LayoutBlockFlow (anonymous) at (5,5) size 425x20
                        LayoutBR {BR} at (212,0) size 1x19
                      LayoutTable {TABLE} at (60.50,25) size 314x82
                        LayoutTableSection {TBODY} at (0,0) size 314x82
                          LayoutTableRow {TR} at (0,2) size 314x78
                            LayoutTableCell {TD} at (2,2) size 310x78 [r=0 c=0 rs=1 cs=1]
                              LayoutBlockFlow {FORM} at (1,1) size 308x60
                                LayoutTable {TABLE} at (0,0) size 308x60 [border: (1px outset #808080)]
                                  LayoutTableSection {TBODY} at (1,1) size 306x58
                                    LayoutTableRow {TR} at (0,0) size 306x58
                                      LayoutTableCell {TD} at (0,0) size 306x58 [border: (1px inset #808080)] [r=0 c=0 rs=1 cs=1]
                                        LayoutBlockFlow (anonymous) at (1,1) size 304x20
                                          LayoutText {#text} at (100,0) size 104x19
                                            text run at (100,0) width 104: "User Preferences"
                                        LayoutTable {TABLE} at (1,21) size 304x36 [border: (1px outset #808080)]
                                          LayoutTableSection {TBODY} at (1,1) size 302x34
                                            LayoutTableRow {TR} at (0,1) size 302x32
                                              LayoutTableCell {TH} at (1,2) size 116x30 [border: (1px inset #808080)] [r=0 c=0 rs=1 cs=1]
                                                LayoutInline {NOBR} at (0,0) size 106x19
                                                  LayoutText {#text} at (5,5) size 106x19
                                                    text run at (5,5) width 106: "Email Address :"
                                              LayoutTableCell {TD} at (118,1) size 183x32 [border: (1px inset #808080)] [r=0 c=1 rs=1 cs=1]
                                                LayoutTextControl {INPUT} at (5,5) size 173x22 [bgcolor=#FFFFFF] [border: (2px inset #EEEEEE)]
                                                LayoutText {#text} at (0,0) size 0x0
layer at (204,103) size 169x16 scrollWidth 210
  LayoutBlockFlow {DIV} at (2,3) size 169x16
    LayoutText {#text} at (0,0) size 209x16
      text run at (0,0) width 209: "simon.king@pipinghotnetworks.com"
