layer at (0,0) size 800x600
  LayoutView at (0,0) size 800x600
layer at (0,0) size 800x600
  LayoutBlockFlow {HTML} at (0,0) size 800x600
    LayoutBlockFlow {BODY} at (8,8) size 784x576 [bgcolor=#FFFFFF]
      LayoutBlockFlow {H3} at (0,0) size 784x23
        LayoutText {#text} at (0,0) size 307x22
          text run at (0,0) width 307: "Testcase for bug 5538 - distilled from "
        LayoutInline {A} at (0,0) size 117x22 [color=#0000EE]
          LayoutText {#text} at (306,0) size 117x22
            text run at (306,0) width 117: "www.fool.com"
      LayoutTable {TABLE} at (0,41.72) size 600x89
        LayoutTableSection {TBODY} at (0,0) size 600x89
          LayoutTableRow {TR} at (0,0) size 600x89
            LayoutTableCell {TD} at (0,0) size 128x89 [bgcolor=#336699] [r=0 c=0 rs=1 cs=1]
              LayoutInline {A} at (0,0) size 128x19 [color=#0000EE]
                LayoutImage {IMG} at (0,0) size 128x89
            LayoutTableCell {TD} at (128,44) size 472x0 [r=0 c=1 rs=1 cs=1]
      LayoutTable {TABLE} at (0,130.72) size 600x18
        LayoutTableSection {TBODY} at (0,0) size 600x18
          LayoutTableRow {TR} at (0,0) size 600x18
            LayoutTableCell {TD} at (0,0) size 600x18 [r=0 c=0 rs=1 cs=1]
              LayoutImage {IMG} at (0,0) size 348x18
              LayoutInline {MAP} at (0,0) size 0x19
              LayoutImage {IMG} at (348,0) size 88x18
              LayoutImage {IMG} at (436,0) size 55x18
      LayoutBlockFlow {P} at (0,164.72) size 784x167
        LayoutBlockFlow (anonymous) at (0,0) size 784x60
          LayoutText {#text} at (0,0) size 439x19
            text run at (0,0) width 439: "When removing <A HREF=\"...\"> surrounding logo image in first row and"
          LayoutBR {BR} at (439,15) size 0x0
          LayoutText {#text} at (0,20) size 367x19
            text run at (0,20) width 367: "removing <MAP> element in second row it looks OK to me:"
          LayoutBR {BR} at (367,35) size 0x0
          LayoutBR {BR} at (0,40) size 0x19
        LayoutTable {TABLE} at (0,60) size 600x89
          LayoutTableSection {TBODY} at (0,0) size 600x89
            LayoutTableRow {TR} at (0,0) size 600x89
              LayoutTableCell {TD} at (0,0) size 128x89 [bgcolor=#336699] [r=0 c=0 rs=1 cs=1]
                LayoutImage {IMG} at (0,0) size 128x89
              LayoutTableCell {TD} at (128,44) size 472x0 [r=0 c=1 rs=1 cs=1]
        LayoutTable {TABLE} at (0,149) size 600x18
          LayoutTableSection {TBODY} at (0,0) size 600x18
            LayoutTableRow {TR} at (0,0) size 600x18
              LayoutTableCell {TD} at (0,0) size 600x18 [r=0 c=0 rs=1 cs=1]
                LayoutImage {IMG} at (0,0) size 348x18
                LayoutImage {IMG} at (348,0) size 88x18
                LayoutBlockFlow {IMG} at (436,0) size 55x18
layer at (444,322) size 55x18 clip at (445,323) size 53x16 scrollHeight 18
  LayoutBlockFlow {DIV} at (0,0) size 55x18 [border: (1px solid #C0C0C0)]
    LayoutImage (floating) {IMG} at (2,2) size 16x16
layer at (462,324) size 35x0
  LayoutBlockFlow {DIV} at (18,2) size 35x0
