layer at (0,0) size 800x600
  LayoutView at (0,0) size 800x600
layer at (0,0) size 800x600
  LayoutBlockFlow {HTML} at (0,0) size 800x600
    LayoutBlockFlow {BODY} at (8,8) size 784x576
      LayoutBlockFlow (anonymous) at (0,0) size 784x20
        LayoutText {#text} at (0,0) size 229x19
          text run at (0,0) width 229: "The tables left position should be 250."
      LayoutBlockFlow {P} at (0,36) size 784x22
        LayoutText {#text} at (0,1) size 31x19
          text run at (0,1) width 31: "Left: "
        LayoutTextControl {INPUT} at (31,0) size 173x22 [bgcolor=#FFFFFF] [border: (2px inset #EEEEEE)]
      LayoutBlockFlow {P} at (0,74) size 784x22
        LayoutText {#text} at (0,1) size 31x19
          text run at (0,1) width 31: "Top: "
        LayoutTextControl {INPUT} at (30.88,0) size 173x22 [bgcolor=#FFFFFF] [border: (2px inset #EEEEEE)]
      LayoutBlockFlow {P} at (0,112) size 784x22
        LayoutButton {INPUT} at (0,0) size 46x22 [bgcolor=#C0C0C0] [border: (2px outset #C0C0C0)]
          LayoutBlockFlow (anonymous) at (8,3) size 30x16
            LayoutText {#text} at (0,0) size 30x16
              text run at (0,0) width 30: "Move"
layer at (41,47) size 169x16
  LayoutBlockFlow {DIV} at (2,3) size 169x16
    LayoutText {#text} at (0,0) size 35x16
      text run at (0,0) width 35: "120px"
layer at (41,85) size 169x16
  LayoutBlockFlow {DIV} at (2,3) size 169x16
    LayoutText {#text} at (0,0) size 35x16
      text run at (0,0) width 35: "120px"
layer at (250,120) size 28x52
  LayoutTable (positioned) {TABLE} at (250,120) size 28x52 [border: (1px outset #808080)]
    LayoutTableSection {TBODY} at (1,1) size 26x50
      LayoutTableRow {TR} at (0,2) size 26x22
        LayoutTableCell {TD} at (2,2) size 22x22 [border: (1px inset #808080)] [r=0 c=0 rs=1 cs=1]
          LayoutText {#text} at (1,1) size 20x19
            text run at (1,1) width 20: "foo"
      LayoutTableRow {TR} at (0,26) size 26x22
        LayoutTableCell {TD} at (2,26) size 22x22 [border: (1px inset #808080)] [r=1 c=0 rs=1 cs=1]
          LayoutText {#text} at (1,1) size 20x19
            text run at (1,1) width 20: "bar"
