layer at (0,0) size 800x600
  LayoutView at (0,0) size 800x600
layer at (0,0) size 800x600
  LayoutBlockFlow {HTML} at (0,0) size 800x600
    LayoutBlockFlow {BODY} at (8,8) size 784x584
      LayoutTable {TABLE} at (0,0) size 624x141
        LayoutTableSection {TBODY} at (0,0) size 624x141
          LayoutTableRow {TR} at (0,2) size 624x60
            LayoutTableCell {TD} at (2,2) size 150x1 [r=0 c=0 rs=2 cs=1]
              LayoutImage {IMG} at (0,0) size 150x1
            LayoutTableCell {TD} at (154,2) size 468x60 [r=0 c=1 rs=1 cs=2]
              LayoutImage {IMG} at (0,0) size 468x60
          LayoutTableRow {TR} at (0,64) size 624x75
            LayoutTableCell {TD} at (154,64) size 297x75 [r=1 c=1 rs=1 cs=1]
              LayoutTable {TABLE} at (0,0) size 297x75
                LayoutTableSection {TBODY} at (0,0) size 297x75
                  LayoutTableRow {TR} at (0,0) size 297x9
                    LayoutTableCell {TD} at (0,0) size 297x9 [r=0 c=0 rs=1 cs=2]
                      LayoutImage {IMG} at (3,3) size 126x3
                      LayoutText {#text} at (0,0) size 0x0
                  LayoutTableRow {TR} at (0,9) size 297x66
                    LayoutTableCell {TD} at (0,9) size 149x46 [r=1 c=0 rs=1 cs=1]
                      LayoutText {#text} at (3,3) size 127x39
                        text run at (3,3) width 127: "New WidgetMasters"
                        text run at (3,23) width 78: "every Week!"
                    LayoutTableCell {TD} at (149,9) size 148x66 [r=1 c=1 rs=1 cs=1]
                      LayoutText {#text} at (3,3) size 139x59
                        text run at (3,3) width 112: "WidgetMaster can"
                        text run at (3,23) width 130: "build your company a"
                        text run at (3,43) width 139: "custom WidgetMaster!"
            LayoutTableCell {TD} at (453,64) size 169x24 [r=1 c=2 rs=1 cs=1]
              LayoutTable {TABLE} at (0,0) size 24x24 [border: (1px outset #808080)]
                LayoutTableSection {TBODY} at (1,1) size 22x22
                  LayoutTableRow {TR} at (0,0) size 22x22
                    LayoutTableCell {TD} at (0,0) size 22x22 [border: (1px inset #808080)] [r=0 c=0 rs=1 cs=1]
                      LayoutText {#text} at (1,1) size 20x19
                        text run at (1,1) width 20: "cell"
