layer at (0,0) size 800x600
  LayoutView at (0,0) size 800x600
layer at (0,0) size 800x600
  LayoutBlockFlow {HTML} at (0,0) size 800x600
    LayoutBlockFlow {BODY} at (8,8) size 784x584
      LayoutTable {TABLE} at (0,0) size 388x34
        LayoutTableSection {TBODY} at (0,0) size 388x34
          LayoutTableRow {TR} at (0,2) size 388x30
            LayoutTableCell {TD} at (2,2) size 384x30 [r=0 c=0 rs=1 cs=1]
              LayoutTable {TABLE} at (1,1) size 382x28
                LayoutTableSection {TBODY} at (0,0) size 382x28
                  LayoutTableRow {TR} at (0,2) size 382x24
                    LayoutTableCell {TH} at (2,3) size 61x22 [r=0 c=0 rs=1 cs=1]
                      LayoutText {#text} at (1,1) size 59x19
                        text run at (1,1) width 59: "User ID:"
                    LayoutTableCell {TD} at (65,2) size 315x24 [r=0 c=1 rs=1 cs=1]
                      LayoutTextControl {INPUT} at (1,1) size 313x22 [bgcolor=#FFFFFF] [border: (2px inset #EEEEEE)]
                      LayoutText {#text} at (0,0) size 0x0
layer at (79,17) size 309x16
  LayoutBlockFlow {DIV} at (2,3) size 309x16
