layer at (0,0) size 800x600
  LayoutView at (0,0) size 800x600
layer at (0,0) size 800x600
  LayoutBlockFlow {HTML} at (0,0) size 800x600
    LayoutBlockFlow {BODY} at (8,8) size 784x584
      LayoutBlockFlow {FORM} at (0,0) size 784x0
      LayoutBlockFlow {FORM} at (0,0) size 784x0
      LayoutTable {TABLE} at (0,0) size 27x30 [border: (1px outset #808080)]
        LayoutTableSection {TBODY} at (1,1) size 25x28
          LayoutTableRow {TR} at (0,2) size 25x24
            LayoutTableCell {TD} at (2,4) size 4x20 [border: (1px inset #808080)] [r=0 c=0 rs=1 cs=1]
              LayoutBlockFlow {FORM} at (2,2) size 0x0
            LayoutTableCell {TD} at (8,2) size 15x24 [border: (1px inset #808080)] [r=0 c=1 rs=1 cs=1]
              LayoutText {#text} at (2,2) size 11x19
                text run at (2,2) width 11: "X"
