layer at (0,0) size 800x600 clip at (0,0) size 785x600 scrollHeight 1140
  LayoutView at (0,0) size 800x600
layer at (0,0) size 785x1140 backgroundClip at (0,0) size 785x600 clip at (0,0) size 785x600
  LayoutBlockFlow {HTML} at (0,0) size 785x1140
    LayoutBlockFlow {BODY} at (8,8) size 769x1124
      LayoutTable {TABLE} at (0,0) size 0x1078
      LayoutTable {TABLE} at (0,1078) size 98x26
        LayoutTableSection {TBODY} at (0,0) size 98x26
          LayoutTableRow {TR} at (0,2) size 98x22
            LayoutTableCell {TD} at (2,2) size 94x22 [r=0 c=0 rs=1 cs=1]
              LayoutText {#text} at (1,1) size 92x19
                text run at (1,1) width 92: "I'm down here!"
      LayoutBlockFlow (anonymous) at (0,1104) size 769x20
        LayoutText {#text} at (0,0) size 53x19
          text run at (0,0) width 53: "The end."
