layer at (0,0) size 800x600
  LayoutView at (0,0) size 800x600
layer at (0,0) size 800x600
  LayoutBlockFlow {HTML} at (0,0) size 800x600
    LayoutBlockFlow {BODY} at (8,8) size 784x584
      LayoutBlockFlow (anonymous) at (0,0) size 784x20
        LayoutInline {A} at (0,0) size 26x19 [color=#551A8B]
          LayoutText {#text} at (0,0) size 26x19
            text run at (0,0) width 26: "note"
        LayoutText {#text} at (26,0) size 4x19
          text run at (26,0) width 4: " "
        LayoutInline {A} at (0,0) size 70x19 [color=#551A8B]
          LayoutText {#text} at (30,0) size 70x19
            text run at (30,0) width 70: "closepopup"
        LayoutText {#text} at (0,0) size 0x0
      LayoutTable {TABLE} at (0,20) size 39x30 [border: (1px outset #808080)]
        LayoutTableSection {TBODY} at (1,1) size 37x28
          LayoutTableRow {TR} at (0,2) size 37x24
            LayoutTableCell {TD} at (2,2) size 33x24 [border: (1px inset #808080)] [r=0 c=0 rs=1 cs=1]
              LayoutText {#text} at (2,2) size 29x19
                text run at (2,2) width 29: "table"
layer at (8,28) size 18x20
  LayoutBlockFlow (positioned) {DIV} at (8,28) size 18x20
    LayoutText {#text} at (0,0) size 18x19
      text run at (0,0) width 18: "div"
