layer at (0,0) size 800x600
  LayoutView at (0,0) size 800x600
layer at (0,0) size 800x600
  LayoutBlockFlow {HTML} at (0,0) size 800x600
    LayoutBlockFlow {BODY} at (8,8) size 784x584
      LayoutTable {TABLE} at (0,0) size 284x118 [border: (1px outset #808080)]
        LayoutTableSection {TBODY} at (1,1) size 282x116
          LayoutTableRow {TR} at (0,2) size 282x112
            LayoutTableCell {TD} at (2,2) size 204x112 [border: (1px inset #808080)] [r=0 c=0 rs=1 cs=1]
              LayoutTable {TABLE} at (2,2) size 200x108 [border: (10px outset #808080)]
                LayoutTableSection {TBODY} at (10,10) size 180x88
                  LayoutTableRow {TR} at (0,2) size 180x84
                    LayoutTableCell {TD} at (2,22) size 44x44 [border: (1px inset #808080)] [r=0 c=0 rs=1 cs=1]
                      LayoutImage {IMG} at (2,2) size 40x40
                    LayoutTableCell {TD} at (48,2) size 130x84 [border: (1px inset #808080)] [r=0 c=1 rs=1 cs=1]
                      LayoutText {#text} at (2,2) size 121x79
                        text run at (2,2) width 121: "xxx xxx xxx xxx xxx"
                        text run at (2,22) width 121: "xxx xxx xxx xxx xxx"
                        text run at (2,42) width 121: "xxx xxx xxx xxx xxx"
                        text run at (2,62) width 121: "xxx xxx xxx xxx xxx"
            LayoutTableCell {TD} at (208,46) size 72x24 [border: (1px inset #808080)] [r=0 c=1 rs=1 cs=1]
              LayoutText {#text} at (2,2) size 68x19
                text run at (2,2) width 68: "row2, cell2"
