layer at (0,0) size 800x600
  LayoutView at (0,0) size 800x600
layer at (0,0) size 800x600
  LayoutBlockFlow {HTML} at (0,0) size 800x600
    LayoutBlockFlow {BODY} at (8,8) size 784x584
      LayoutTable {TABLE} at (0,0) size 784x70 [border: (1px outset #808080)]
        LayoutTableSection {TBODY} at (1,1) size 782x68
          LayoutTableRow {TR} at (0,0) size 782x44
            LayoutTableCell {TD} at (0,0) size 782x44 [border: (1px inset #808080)] [r=0 c=0 rs=1 cs=2]
              LayoutText {#text} at (2,2) size 751x39
                text run at (2,2) width 154: "The Supreme Court says "
                text run at (156,2) width 465: "Wisconsin can continue using tuition vouchers to help poor parents send their "
                text run at (620,2) width 133: "children to church-run"
                text run at (2,22) width 53: "schools. "
                text run at (55,22) width 116: "What's your stand?"
          LayoutTableRow {TR} at (0,44) size 782x24
            LayoutTableCell {TD} at (0,44) size 391x24 [border: (1px inset #808080)] [r=1 c=0 rs=1 cs=1]
              LayoutText {#text} at (2,2) size 28x19
                text run at (2,2) width 28: "hello"
            LayoutTableCell {TD} at (391,44) size 391x24 [border: (1px inset #808080)] [r=1 c=1 rs=1 cs=1]
              LayoutText {#text} at (2,2) size 28x19
                text run at (2,2) width 28: "hello"
      LayoutBlockFlow (anonymous) at (0,70) size 784x20
        LayoutBR {BR} at (0,0) size 0x19
      LayoutTable {TABLE} at (0,90) size 600x46 [border: (1px outset #808080)]
        LayoutTableSection {TBODY} at (1,1) size 598x44
          LayoutTableRow {TR} at (0,0) size 598x44
            LayoutTableCell {TD} at (0,10) size 32x24 [border: (1px inset #808080)] [r=0 c=0 rs=1 cs=1]
              LayoutText {#text} at (2,2) size 28x19
                text run at (2,2) width 28: "hello"
            LayoutTableCell {TD} at (32,0) size 566x44 [border: (1px inset #808080)] [r=0 c=1 rs=1 cs=1]
              LayoutText {#text} at (2,2) size 553x39
                text run at (2,2) width 154: "The Supreme Court says "
                text run at (156,2) width 399: "Wisconsin can continue using tuition vouchers to help poor parents"
                text run at (2,22) width 62: "send their "
                text run at (64,22) width 189: "children to church-run schools. "
                text run at (253,22) width 116: "What's your stand?"
          LayoutTableRow {TR} at (0,44) size 598x0
      LayoutBlockFlow (anonymous) at (0,136) size 784x20
        LayoutBR {BR} at (0,0) size 0x19
