layer at (0,0) size 800x600
  LayoutView at (0,0) size 800x600
layer at (0,0) size 800x600
  LayoutBlockFlow {HTML} at (0,0) size 800x600
    LayoutBlockFlow {BODY} at (8,8) size 784x584
      LayoutBlockFlow (anonymous) at (0,0) size 784x20
        LayoutText {#text} at (0,0) size 409x19
          text run at (0,0) width 409: "If the font size is too big for the inside table, it is probably bug 6925."
      LayoutTable {TABLE} at (0,20) size 110x52 [border: (1px outset #808080)]
        LayoutTableSection {TBODY} at (1,1) size 108x50
          LayoutTableRow {TR} at (0,2) size 108x46
            LayoutTableCell {TD} at (2,2) size 104x46 [border: (1px inset #808080)] [r=0 c=0 rs=1 cs=1]
              LayoutBlockFlow {CENTER} at (2,2) size 100x42
                LayoutTable {TABLE} at (0,0) size 100x22 [border: (1px outset #808080)]
                  LayoutTableSection {TBODY} at (1,1) size 98x20
                    LayoutTableRow {TR} at (0,2) size 98x16
                      LayoutTableCell {TD} at (2,2) size 94x16 [border: (1px inset #808080)] [r=0 c=0 rs=1 cs=1]
                        LayoutBlockFlow (anonymous) at (2,2) size 90x0
                          LayoutInline {FONT} at (0,0) size 0x0
                            LayoutText {#text} at (0,0) size 0x0
                        LayoutBlockFlow {CENTER} at (2,2) size 90x12
                          LayoutInline {FONT} at (0,0) size 24x12
                            LayoutText {#text} at (33,0) size 24x12
                              text run at (33,0) width 24: "inside"
                          LayoutText {#text} at (0,0) size 0x0
                LayoutBlockFlow (anonymous) at (0,22) size 100x20
                  LayoutText {#text} at (12,0) size 76x19
                    text run at (12,0) width 76: "outside table"
