layer at (0,0) size 800x600
  LayoutView at (0,0) size 800x600
layer at (0,0) size 800x600
  LayoutBlockFlow {HTML} at (0,0) size 800x600
    LayoutBlockFlow {BODY} at (8,8) size 784x576
      LayoutTable {TABLE} at (0,0) size 373x30 [border: (3px outset #808080)]
        LayoutTableSection {TBODY} at (3,3) size 367x24
          LayoutTableRow {TR} at (0,0) size 367x24
            LayoutTableCell {TD} at (0,0) size 63x24 [border: (1px inset #808080)] [r=0 c=0 rs=1 cs=1]
              LayoutText {#text} at (2,2) size 59x19
                text run at (2,2) width 59: "fieldLabel"
            LayoutTableCell {TD} at (63,0) size 304x24 [border: (1px inset #808080)] [r=0 c=1 rs=1 cs=1]
              LayoutText {#text} at (2,2) size 100x19
                text run at (2,2) width 100: "   InspectionText"
      LayoutBlockFlow {FORM} at (0,30) size 784x22
        LayoutButton {INPUT} at (0,0) size 92x22 [bgcolor=#C0C0C0] [border: (2px outset #C0C0C0)]
          LayoutBlockFlow (anonymous) at (8,3) size 76x16
            LayoutText {#text} at (0,0) size 76x16
              text run at (0,0) width 76: "change width"
        LayoutText {#text} at (92,1) size 4x19
          text run at (92,1) width 4: " "
        LayoutButton {INPUT} at (96,0) size 188x22 [bgcolor=#C0C0C0] [border: (2px outset #C0C0C0)]
          LayoutBlockFlow (anonymous) at (8,3) size 172x16
            LayoutText {#text} at (0,0) size 172x16
              text run at (0,0) width 172: "change width with table reflow"
        LayoutText {#text} at (0,0) size 0x0
