layer at (0,0) size 800x600
  LayoutView at (0,0) size 800x600
layer at (0,0) size 800x600
  LayoutBlockFlow {HTML} at (0,0) size 800x600
    LayoutBlockFlow {BODY} at (8,8) size 784x584
      LayoutTable {TABLE} at (0,0) size 240x155 [border: (1px outset #808080)]
        LayoutTableSection {TBODY} at (1,1) size 238x153
          LayoutTableRow {TR} at (0,2) size 238x51
            LayoutTableCell {TD} at (2,2) size 234x50.91 [border: (1px inset #808080)] [r=0 c=0 rs=1 cs=2]
              LayoutBlockFlow {H2} at (2,2) size 230x27
                LayoutText {#text} at (0,0) size 175x26
                  text run at (0,0) width 175: "Personal Friends"
          LayoutTableRow {TR} at (0,55) size 238x96
            LayoutTableCell {TD} at (2,55) size 180x96 [border: (1px inset #808080)] [r=1 c=0 rs=1 cs=1]
              LayoutBlockFlow (anonymous) at (2,2) size 176x0
                LayoutInline {FONT} at (0,0) size 0x0
                LayoutText {#text} at (0,0) size 0x0
              LayoutBlockFlow {P} at (2,2) size 176x20
                LayoutText {#text} at (0,0) size 176x19
                  text run at (0,0) width 176: "Alisha - Password-Protected"
              LayoutBlockFlow {P} at (2,38) size 176x20
                LayoutText {#text} at (0,0) size 42x19
                  text run at (0,0) width 42: "Arlesia"
              LayoutBlockFlow {P} at (2,74) size 176x20
                LayoutText {#text} at (0,0) size 34x19
                  text run at (0,0) width 34: "Asale"
            LayoutTableCell {TD} at (184,55) size 52x96 [border: (1px inset #808080)] [r=1 c=1 rs=1 cs=1]
              LayoutBlockFlow {P} at (2,2) size 48x20
                LayoutText {#text} at (0,0) size 31x19
                  text run at (0,0) width 31: "Ernie"
              LayoutBlockFlow {P} at (2,38) size 48x20
                LayoutText {#text} at (0,0) size 48x19
                  text run at (0,0) width 48: "Melanie"
              LayoutBlockFlow {P} at (2,74) size 48x20
                LayoutText {#text} at (0,0) size 45x19
                  text run at (0,0) width 45: "Tamara"
