layer at (0,0) size 800x600 clip at (0,0) size 785x600 scrollHeight 3136
  LayoutView at (0,0) size 800x600
layer at (0,0) size 785x3136 backgroundClip at (0,0) size 785x600 clip at (0,0) size 785x600
  LayoutBlockFlow {HTML} at (0,0) size 785x3136
    LayoutBlockFlow {BODY} at (8,8) size 769x3120
      LayoutTable {TABLE} at (0,0) size 769x3120 [border: (1px outset #808080)]
        LayoutTableSection {TBODY} at (1,1) size 767x3118
          LayoutTableRow {TR} at (0,2) size 767x162
            LayoutTableCell {TD} at (2,62) size 36x42 [border: (1px inset #808080)] [r=0 c=0 rs=1 cs=1]
              LayoutText {#text} at (12,11) size 12x19
                text run at (12,11) width 12: "A"
            LayoutTableCell {TD} at (40,59) size 427x47 [border: (1px inset #808080)] [r=0 c=1 rs=1 cs=1]
              LayoutImage {IMG} at (175.50,11) size 76x25
            LayoutTableCell {TD} at (469,2) size 296x162 [border: (1px inset #808080)] [r=0 c=2 rs=1 cs=1]
              LayoutText {#text} at (12,11) size 272x139
                text run at (12,11) width 272: "test test test test test test test test test test test"
                text run at (12,31) width 101: "test test test test "
                text run at (112,31) width 172: "test test test test test test test"
                text run at (12,51) width 201: "test test test test test test test test "
                text run at (212,51) width 72: "test test test"
                text run at (12,71) width 272: "test test test test test test test test test test test"
                text run at (12,91) width 26: "test "
                text run at (37,91) width 247: "test test test test test test test test test test"
                text run at (12,111) width 126: "test test test test test "
                text run at (137,111) width 147: "test test test test test test"
                text run at (37,131) width 222: "test test test test test test test test test"
          LayoutTableRow {TR} at (0,166) size 767x162
            LayoutTableCell {TD} at (2,226) size 36x42 [border: (1px inset #808080)] [r=1 c=0 rs=1 cs=1]
              LayoutText {#text} at (13,11) size 10x19
                text run at (13,11) width 10: "B"
            LayoutTableCell {TD} at (40,215) size 427x64 [border: (1px inset #808080)] [r=1 c=1 rs=1 cs=1]
              LayoutImage {IMG} at (198.50,11) size 30x42
            LayoutTableCell {TD} at (469,166) size 296x162 [border: (1px inset #808080)] [r=1 c=2 rs=1 cs=1]
              LayoutText {#text} at (12,11) size 272x139
                text run at (12,11) width 272: "test test test test test test test test test test test"
                text run at (12,31) width 101: "test test test test "
                text run at (112,31) width 172: "test test test test test test test"
                text run at (12,51) width 201: "test test test test test test test test "
                text run at (212,51) width 72: "test test test"
                text run at (12,71) width 272: "test test test test test test test test test test test"
                text run at (12,91) width 26: "test "
                text run at (37,91) width 247: "test test test test test test test test test test"
                text run at (12,111) width 126: "test test test test test "
                text run at (137,111) width 147: "test test test test test test"
                text run at (37,131) width 222: "test test test test test test test test test"
          LayoutTableRow {TR} at (0,330) size 767x162
            LayoutTableCell {TD} at (2,390) size 36x42 [border: (1px inset #808080)] [r=2 c=0 rs=1 cs=1]
              LayoutText {#text} at (12,11) size 12x19
                text run at (12,11) width 12: "C"
            LayoutTableCell {TD} at (40,331) size 427x160 [border: (1px inset #808080)] [r=2 c=1 rs=1 cs=1]
              LayoutImage {IMG} at (103.50,11) size 220x138
            LayoutTableCell {TD} at (469,330) size 296x162 [border: (1px inset #808080)] [r=2 c=2 rs=1 cs=1]
              LayoutText {#text} at (12,11) size 272x139
                text run at (12,11) width 272: "test test test test test test test test test test test"
                text run at (12,31) width 101: "test test test test "
                text run at (112,31) width 172: "test test test test test test test"
                text run at (12,51) width 201: "test test test test test test test test "
                text run at (212,51) width 72: "test test test"
                text run at (12,71) width 272: "test test test test test test test test test test test"
                text run at (12,91) width 26: "test "
                text run at (37,91) width 247: "test test test test test test test test test test"
                text run at (12,111) width 126: "test test test test test "
                text run at (137,111) width 147: "test test test test test test"
                text run at (37,131) width 222: "test test test test test test test test test"
          LayoutTableRow {TR} at (0,494) size 767x162
            LayoutTableCell {TD} at (2,554) size 36x42 [border: (1px inset #808080)] [r=3 c=0 rs=1 cs=1]
              LayoutText {#text} at (12,11) size 12x19
                text run at (12,11) width 12: "D"
            LayoutTableCell {TD} at (40,521) size 427x107 [border: (1px inset #808080)] [r=3 c=1 rs=1 cs=1]
              LayoutImage {IMG} at (113.50,11) size 200x85
            LayoutTableCell {TD} at (469,494) size 296x162 [border: (1px inset #808080)] [r=3 c=2 rs=1 cs=1]
              LayoutText {#text} at (12,11) size 272x139
                text run at (12,11) width 272: "test test test test test test test test test test test"
                text run at (12,31) width 101: "test test test test "
                text run at (112,31) width 172: "test test test test test test test"
                text run at (12,51) width 201: "test test test test test test test test "
                text run at (212,51) width 72: "test test test"
                text run at (12,71) width 272: "test test test test test test test test test test test"
                text run at (12,91) width 26: "test "
                text run at (37,91) width 247: "test test test test test test test test test test"
                text run at (12,111) width 126: "test test test test test "
                text run at (137,111) width 147: "test test test test test test"
                text run at (37,131) width 222: "test test test test test test test test test"
          LayoutTableRow {TR} at (0,658) size 767x162
            LayoutTableCell {TD} at (2,718) size 36x42 [border: (1px inset #808080)] [r=4 c=0 rs=1 cs=1]
              LayoutText {#text} at (13,11) size 10x19
                text run at (13,11) width 10: "E"
            LayoutTableCell {TD} at (40,703) size 427x72 [border: (1px inset #808080)] [r=4 c=1 rs=1 cs=1]
              LayoutImage {IMG} at (186.50,11) size 54x50
            LayoutTableCell {TD} at (469,658) size 296x162 [border: (1px inset #808080)] [r=4 c=2 rs=1 cs=1]
              LayoutText {#text} at (12,11) size 272x139
                text run at (12,11) width 272: "test test test test test test test test test test test"
                text run at (12,31) width 101: "test test test test "
                text run at (112,31) width 172: "test test test test test test test"
                text run at (12,51) width 201: "test test test test test test test test "
                text run at (212,51) width 72: "test test test"
                text run at (12,71) width 272: "test test test test test test test test test test test"
                text run at (12,91) width 26: "test "
                text run at (37,91) width 247: "test test test test test test test test test test"
                text run at (12,111) width 126: "test test test test test "
                text run at (137,111) width 147: "test test test test test test"
                text run at (37,131) width 222: "test test test test test test test test test"
          LayoutTableRow {TR} at (0,822) size 767x162
            LayoutTableCell {TD} at (2,882) size 36x42 [border: (1px inset #808080)] [r=5 c=0 rs=1 cs=1]
              LayoutText {#text} at (13,11) size 10x19
                text run at (13,11) width 10: "F"
            LayoutTableCell {TD} at (40,867) size 427x72 [border: (1px inset #808080)] [r=5 c=1 rs=1 cs=1]
              LayoutImage {IMG} at (95,11) size 237x50
            LayoutTableCell {TD} at (469,822) size 296x162 [border: (1px inset #808080)] [r=5 c=2 rs=1 cs=1]
              LayoutText {#text} at (12,11) size 272x139
                text run at (12,11) width 272: "test test test test test test test test test test test"
                text run at (12,31) width 101: "test test test test "
                text run at (112,31) width 172: "test test test test test test test"
                text run at (12,51) width 201: "test test test test test test test test "
                text run at (212,51) width 72: "test test test"
                text run at (12,71) width 272: "test test test test test test test test test test test"
                text run at (12,91) width 26: "test "
                text run at (37,91) width 247: "test test test test test test test test test test"
                text run at (12,111) width 126: "test test test test test "
                text run at (137,111) width 147: "test test test test test test"
                text run at (37,131) width 222: "test test test test test test test test test"
          LayoutTableRow {TR} at (0,986) size 767x162
            LayoutTableCell {TD} at (2,1046) size 36x42 [border: (1px inset #808080)] [r=6 c=0 rs=1 cs=1]
              LayoutText {#text} at (12,11) size 12x19
                text run at (12,11) width 12: "G"
            LayoutTableCell {TD} at (40,1024) size 427x85 [border: (1px inset #808080)] [r=6 c=1 rs=1 cs=1]
              LayoutImage {IMG} at (155.50,11) size 116x63
            LayoutTableCell {TD} at (469,986) size 296x162 [border: (1px inset #808080)] [r=6 c=2 rs=1 cs=1]
              LayoutText {#text} at (12,11) size 272x139
                text run at (12,11) width 272: "test test test test test test test test test test test"
                text run at (12,31) width 101: "test test test test "
                text run at (112,31) width 172: "test test test test test test test"
                text run at (12,51) width 201: "test test test test test test test test "
                text run at (212,51) width 72: "test test test"
                text run at (12,71) width 272: "test test test test test test test test test test test"
                text run at (12,91) width 26: "test "
                text run at (37,91) width 247: "test test test test test test test test test test"
                text run at (12,111) width 126: "test test test test test "
                text run at (137,111) width 147: "test test test test test test"
                text run at (37,131) width 222: "test test test test test test test test test"
          LayoutTableRow {TR} at (0,1150) size 767x162
            LayoutTableCell {TD} at (2,1210) size 36x42 [border: (1px inset #808080)] [r=7 c=0 rs=1 cs=1]
              LayoutText {#text} at (12,11) size 12x19
                text run at (12,11) width 12: "H"
            LayoutTableCell {TD} at (40,1211) size 427x40 [border: (1px inset #808080)] [r=7 c=1 rs=1 cs=1]
              LayoutImage {IMG} at (200,11) size 27x18
            LayoutTableCell {TD} at (469,1150) size 296x162 [border: (1px inset #808080)] [r=7 c=2 rs=1 cs=1]
              LayoutText {#text} at (12,11) size 272x139
                text run at (12,11) width 272: "test test test test test test test test test test test"
                text run at (12,31) width 101: "test test test test "
                text run at (112,31) width 172: "test test test test test test test"
                text run at (12,51) width 201: "test test test test test test test test "
                text run at (212,51) width 72: "test test test"
                text run at (12,71) width 272: "test test test test test test test test test test test"
                text run at (12,91) width 26: "test "
                text run at (37,91) width 247: "test test test test test test test test test test"
                text run at (12,111) width 126: "test test test test test "
                text run at (137,111) width 147: "test test test test test test"
                text run at (37,131) width 222: "test test test test test test test test test"
          LayoutTableRow {TR} at (0,1314) size 767x162
            LayoutTableCell {TD} at (2,1374) size 36x42 [border: (1px inset #808080)] [r=8 c=0 rs=1 cs=1]
              LayoutText {#text} at (15,11) size 6x19
                text run at (15,11) width 6: "I"
            LayoutTableCell {TD} at (40,1353) size 427x83 [border: (1px inset #808080)] [r=8 c=1 rs=1 cs=1]
              LayoutImage {IMG} at (126,11) size 175x61
            LayoutTableCell {TD} at (469,1314) size 296x162 [border: (1px inset #808080)] [r=8 c=2 rs=1 cs=1]
              LayoutText {#text} at (12,11) size 272x139
                text run at (12,11) width 272: "test test test test test test test test test test test"
                text run at (12,31) width 101: "test test test test "
                text run at (112,31) width 172: "test test test test test test test"
                text run at (12,51) width 201: "test test test test test test test test "
                text run at (212,51) width 72: "test test test"
                text run at (12,71) width 272: "test test test test test test test test test test test"
                text run at (12,91) width 26: "test "
                text run at (37,91) width 247: "test test test test test test test test test test"
                text run at (12,111) width 126: "test test test test test "
                text run at (137,111) width 147: "test test test test test test"
                text run at (37,131) width 222: "test test test test test test test test test"
          LayoutTableRow {TR} at (0,1478) size 767x162
            LayoutTableCell {TD} at (2,1538) size 36x42 [border: (1px inset #808080)] [r=9 c=0 rs=1 cs=1]
              LayoutText {#text} at (15,11) size 6x19
                text run at (15,11) width 6: "J"
            LayoutTableCell {TD} at (40,1498) size 427x122 [border: (1px inset #808080)] [r=9 c=1 rs=1 cs=1]
              LayoutImage {IMG} at (11,11) size 405x100
            LayoutTableCell {TD} at (469,1478) size 296x162 [border: (1px inset #808080)] [r=9 c=2 rs=1 cs=1]
              LayoutText {#text} at (12,11) size 272x139
                text run at (12,11) width 272: "test test test test test test test test test test test"
                text run at (12,31) width 101: "test test test test "
                text run at (112,31) width 172: "test test test test test test test"
                text run at (12,51) width 201: "test test test test test test test test "
                text run at (212,51) width 72: "test test test"
                text run at (12,71) width 272: "test test test test test test test test test test test"
                text run at (12,91) width 26: "test "
                text run at (37,91) width 247: "test test test test test test test test test test"
                text run at (12,111) width 126: "test test test test test "
                text run at (137,111) width 147: "test test test test test test"
                text run at (37,131) width 222: "test test test test test test test test test"
          LayoutTableRow {TR} at (0,1642) size 767x162
            LayoutTableCell {TD} at (2,1702) size 36x42 [border: (1px inset #808080)] [r=10 c=0 rs=1 cs=1]
              LayoutText {#text} at (12,11) size 12x19
                text run at (12,11) width 12: "K"
            LayoutTableCell {TD} at (40,1687) size 427x72 [border: (1px inset #808080)] [r=10 c=1 rs=1 cs=1]
              LayoutImage {IMG} at (77.50,11) size 272x50
            LayoutTableCell {TD} at (469,1642) size 296x162 [border: (1px inset #808080)] [r=10 c=2 rs=1 cs=1]
              LayoutText {#text} at (12,11) size 272x139
                text run at (12,11) width 272: "test test test test test test test test test test test"
                text run at (12,31) width 101: "test test test test "
                text run at (112,31) width 172: "test test test test test test test"
                text run at (12,51) width 201: "test test test test test test test test "
                text run at (212,51) width 72: "test test test"
                text run at (12,71) width 272: "test test test test test test test test test test test"
                text run at (12,91) width 26: "test "
                text run at (37,91) width 247: "test test test test test test test test test test"
                text run at (12,111) width 126: "test test test test test "
                text run at (137,111) width 147: "test test test test test test"
                text run at (37,131) width 222: "test test test test test test test test test"
          LayoutTableRow {TR} at (0,1806) size 767x162
            LayoutTableCell {TD} at (2,1866) size 36x42 [border: (1px inset #808080)] [r=11 c=0 rs=1 cs=1]
              LayoutText {#text} at (12,11) size 12x19
                text run at (12,11) width 12: "K"
            LayoutTableCell {TD} at (40,1852) size 427x69 [border: (1px inset #808080)] [r=11 c=1 rs=1 cs=1]
              LayoutImage {IMG} at (168,11) size 91x47
            LayoutTableCell {TD} at (469,1806) size 296x162 [border: (1px inset #808080)] [r=11 c=2 rs=1 cs=1]
              LayoutText {#text} at (12,11) size 272x139
                text run at (12,11) width 272: "test test test test test test test test test test test"
                text run at (12,31) width 101: "test test test test "
                text run at (112,31) width 172: "test test test test test test test"
                text run at (12,51) width 201: "test test test test test test test test "
                text run at (212,51) width 72: "test test test"
                text run at (12,71) width 272: "test test test test test test test test test test test"
                text run at (12,91) width 26: "test "
                text run at (37,91) width 247: "test test test test test test test test test test"
                text run at (12,111) width 126: "test test test test test "
                text run at (137,111) width 147: "test test test test test test"
                text run at (37,131) width 222: "test test test test test test test test test"
          LayoutTableRow {TR} at (0,1970) size 767x162
            LayoutTableCell {TD} at (2,2030) size 36x42 [border: (1px inset #808080)] [r=12 c=0 rs=1 cs=1]
              LayoutText {#text} at (13,11) size 10x19
                text run at (13,11) width 10: "L"
            LayoutTableCell {TD} at (40,2007) size 427x88 [border: (1px inset #808080)] [r=12 c=1 rs=1 cs=1]
              LayoutImage {IMG} at (88.50,11) size 250x66
            LayoutTableCell {TD} at (469,1970) size 296x162 [border: (1px inset #808080)] [r=12 c=2 rs=1 cs=1]
              LayoutText {#text} at (12,11) size 272x139
                text run at (12,11) width 272: "test test test test test test test test test test test"
                text run at (12,31) width 101: "test test test test "
                text run at (112,31) width 172: "test test test test test test test"
                text run at (12,51) width 201: "test test test test test test test test "
                text run at (212,51) width 72: "test test test"
                text run at (12,71) width 272: "test test test test test test test test test test test"
                text run at (12,91) width 26: "test "
                text run at (37,91) width 247: "test test test test test test test test test test"
                text run at (12,111) width 126: "test test test test test "
                text run at (137,111) width 147: "test test test test test test"
                text run at (37,131) width 222: "test test test test test test test test test"
          LayoutTableRow {TR} at (0,2134) size 767x162
            LayoutTableCell {TD} at (2,2194) size 36x42 [border: (1px inset #808080)] [r=13 c=0 rs=1 cs=1]
              LayoutText {#text} at (11,11) size 14x19
                text run at (11,11) width 14: "M"
            LayoutTableCell {TD} at (40,2182) size 427x66 [border: (1px inset #808080)] [r=13 c=1 rs=1 cs=1]
              LayoutImage {IMG} at (163,11) size 101x44
            LayoutTableCell {TD} at (469,2134) size 296x162 [border: (1px inset #808080)] [r=13 c=2 rs=1 cs=1]
              LayoutText {#text} at (12,11) size 272x139
                text run at (12,11) width 272: "test test test test test test test test test test test"
                text run at (12,31) width 101: "test test test test "
                text run at (112,31) width 172: "test test test test test test test"
                text run at (12,51) width 201: "test test test test test test test test "
                text run at (212,51) width 72: "test test test"
                text run at (12,71) width 272: "test test test test test test test test test test test"
                text run at (12,91) width 26: "test "
                text run at (37,91) width 247: "test test test test test test test test test test"
                text run at (12,111) width 126: "test test test test test "
                text run at (137,111) width 147: "test test test test test test"
                text run at (37,131) width 222: "test test test test test test test test test"
          LayoutTableRow {TR} at (0,2298) size 767x162
            LayoutTableCell {TD} at (2,2358) size 36x42 [border: (1px inset #808080)] [r=14 c=0 rs=1 cs=1]
              LayoutText {#text} at (12,11) size 12x19
                text run at (12,11) width 12: "N"
            LayoutTableCell {TD} at (40,2361) size 427x35 [border: (1px inset #808080)] [r=14 c=1 rs=1 cs=1]
              LayoutImage {IMG} at (201,11) size 25x13
            LayoutTableCell {TD} at (469,2298) size 296x162 [border: (1px inset #808080)] [r=14 c=2 rs=1 cs=1]
              LayoutText {#text} at (12,11) size 272x139
                text run at (12,11) width 272: "test test test test test test test test test test test"
                text run at (12,31) width 101: "test test test test "
                text run at (112,31) width 172: "test test test test test test test"
                text run at (12,51) width 201: "test test test test test test test test "
                text run at (212,51) width 72: "test test test"
                text run at (12,71) width 272: "test test test test test test test test test test test"
                text run at (12,91) width 26: "test "
                text run at (37,91) width 247: "test test test test test test test test test test"
                text run at (12,111) width 126: "test test test test test "
                text run at (137,111) width 147: "test test test test test test"
                text run at (37,131) width 222: "test test test test test test test test test"
          LayoutTableRow {TR} at (0,2462) size 767x162
            LayoutTableCell {TD} at (2,2522) size 36x42 [border: (1px inset #808080)] [r=15 c=0 rs=1 cs=1]
              LayoutText {#text} at (12,11) size 12x19
                text run at (12,11) width 12: "O"
            LayoutTableCell {TD} at (40,2504) size 427x78 [border: (1px inset #808080)] [r=15 c=1 rs=1 cs=1]
              LayoutImage {IMG} at (87,11) size 253x56
            LayoutTableCell {TD} at (469,2462) size 296x162 [border: (1px inset #808080)] [r=15 c=2 rs=1 cs=1]
              LayoutText {#text} at (12,11) size 272x139
                text run at (12,11) width 272: "test test test test test test test test test test test"
                text run at (12,31) width 101: "test test test test "
                text run at (112,31) width 172: "test test test test test test test"
                text run at (12,51) width 201: "test test test test test test test test "
                text run at (212,51) width 72: "test test test"
                text run at (12,71) width 272: "test test test test test test test test test test test"
                text run at (12,91) width 26: "test "
                text run at (37,91) width 247: "test test test test test test test test test test"
                text run at (12,111) width 126: "test test test test test "
                text run at (137,111) width 147: "test test test test test test"
                text run at (37,131) width 222: "test test test test test test test test test"
          LayoutTableRow {TR} at (0,2626) size 767x162
            LayoutTableCell {TD} at (2,2686) size 36x42 [border: (1px inset #808080)] [r=16 c=0 rs=1 cs=1]
              LayoutText {#text} at (13,11) size 10x19
                text run at (13,11) width 10: "P"
            LayoutTableCell {TD} at (40,2655) size 427x103 [border: (1px inset #808080)] [r=16 c=1 rs=1 cs=1]
              LayoutImage {IMG} at (134,11) size 159x81
            LayoutTableCell {TD} at (469,2626) size 296x162 [border: (1px inset #808080)] [r=16 c=2 rs=1 cs=1]
              LayoutText {#text} at (12,11) size 272x139
                text run at (12,11) width 272: "test test test test test test test test test test test"
                text run at (12,31) width 101: "test test test test "
                text run at (112,31) width 172: "test test test test test test test"
                text run at (12,51) width 201: "test test test test test test test test "
                text run at (212,51) width 72: "test test test"
                text run at (12,71) width 272: "test test test test test test test test test test test"
                text run at (12,91) width 26: "test "
                text run at (37,91) width 247: "test test test test test test test test test test"
                text run at (12,111) width 126: "test test test test test "
                text run at (137,111) width 147: "test test test test test test"
                text run at (37,131) width 222: "test test test test test test test test test"
          LayoutTableRow {TR} at (0,2790) size 767x162
            LayoutTableCell {TD} at (2,2850) size 36x42 [border: (1px inset #808080)] [r=17 c=0 rs=1 cs=1]
              LayoutText {#text} at (12,11) size 12x19
                text run at (12,11) width 12: "Q"
            LayoutTableCell {TD} at (40,2806) size 427x130 [border: (1px inset #808080)] [r=17 c=1 rs=1 cs=1]
              LayoutImage {IMG} at (107,11) size 213x108
            LayoutTableCell {TD} at (469,2790) size 296x162 [border: (1px inset #808080)] [r=17 c=2 rs=1 cs=1]
              LayoutText {#text} at (12,11) size 272x139
                text run at (12,11) width 272: "test test test test test test test test test test test"
                text run at (12,31) width 101: "test test test test "
                text run at (112,31) width 172: "test test test test test test test"
                text run at (12,51) width 201: "test test test test test test test test "
                text run at (212,51) width 72: "test test test"
                text run at (12,71) width 272: "test test test test test test test test test test test"
                text run at (12,91) width 26: "test "
                text run at (37,91) width 247: "test test test test test test test test test test"
                text run at (12,111) width 126: "test test test test test "
                text run at (137,111) width 147: "test test test test test test"
                text run at (37,131) width 222: "test test test test test test test test test"
          LayoutTableRow {TR} at (0,2954) size 767x162
            LayoutTableCell {TD} at (2,3014) size 36x42 [border: (1px inset #808080)] [r=18 c=0 rs=1 cs=1]
              LayoutText {#text} at (13,11) size 10x19
                text run at (13,11) width 10: "R"
            LayoutTableCell {TD} at (40,2959) size 427x152 [border: (1px inset #808080)] [r=18 c=1 rs=1 cs=1]
              LayoutImage {IMG} at (41.50,11) size 344x130
            LayoutTableCell {TD} at (469,2954) size 296x162 [border: (1px inset #808080)] [r=18 c=2 rs=1 cs=1]
              LayoutText {#text} at (12,11) size 272x139
                text run at (12,11) width 272: "test test test test test test test test test test test"
                text run at (12,31) width 101: "test test test test "
                text run at (112,31) width 172: "test test test test test test test"
                text run at (12,51) width 201: "test test test test test test test test "
                text run at (212,51) width 72: "test test test"
                text run at (12,71) width 272: "test test test test test test test test test test test"
                text run at (12,91) width 26: "test "
                text run at (37,91) width 247: "test test test test test test test test test test"
                text run at (12,111) width 126: "test test test test test "
                text run at (137,111) width 147: "test test test test test test"
                text run at (37,131) width 222: "test test test test test test test test test"
