layer at (0,0) size 800x600 scrollWidth 1012
  LayoutView at (0,0) size 800x600
layer at (0,0) size 800x600
  LayoutBlockFlow {HTML} at (0,0) size 800x600
    LayoutBlockFlow {BODY} at (8,8) size 784x584
      LayoutBlockFlow {HR} at (0,0) size 1004x4 [border: (2px solid #000000)]
      LayoutBlockFlow (anonymous) at (0,12) size 784x20
        LayoutBR {BR} at (0,0) size 0x19
      LayoutTable {TABLE} at (0,32) size 642x219
        LayoutTableSection {TBODY} at (0,0) size 642x219
          LayoutTableRow {TR} at (0,0) size 642x27
            LayoutTableCell {TD} at (0,0) size 642x27 [r=0 c=0 rs=1 cs=3]
              LayoutImage {IMG} at (0,0) size 642x27 [border: (1px solid #000000)]
          LayoutTableRow {TR} at (0,27) size 642x192
            LayoutTableCell {TD} at (0,83) size 150x80 [r=1 c=0 rs=1 cs=1]
              LayoutImage {IMG} at (0,0) size 102x80 [border: (1px solid #000000)]
              LayoutText {#text} at (0,0) size 0x0
            LayoutTableCell {TD} at (150,122) size 67x1 [r=1 c=1 rs=1 cs=1]
              LayoutImage {IMG} at (0,0) size 40x1
            LayoutTableCell {TD} at (217,27) size 425x192 [r=1 c=2 rs=1 cs=1]
              LayoutImage {IMG} at (0,0) size 252x172 [border: (1px solid #000000)]
              LayoutBR {BR} at (252,172) size 0x0
              LayoutText {#text} at (0,172) size 71x19
                text run at (0,172) width 71: "Click Here!"
