layer at (0,0) size 800x600
  LayoutView at (0,0) size 800x600
layer at (0,0) size 800x600
  LayoutBlockFlow {HTML} at (0,0) size 800x600
    LayoutBlockFlow {BODY} at (8,8) size 784x576
      LayoutBlockFlow {FORM} at (0,0) size 784x108
        LayoutTable {TABLE} at (0,0) size 182x108 [border: (1px outset #808080)]
          LayoutTableSection {TBODY} at (1,1) size 180x106
            LayoutTableRow {TR} at (0,2) size 180x24
              LayoutTableCell {TD} at (2,15) size 12x24 [border: (1px inset #808080)] [r=0 c=0 rs=2 cs=1]
                LayoutText {#text} at (2,2) size 8x19
                  text run at (2,2) width 8: "5"
              LayoutTableCell {TD} at (16,15) size 20x24 [border: (1px inset #808080)] [r=0 c=1 rs=2 cs=1]
                LayoutText {#text} at (2,2) size 16x19
                  text run at (2,2) width 16: "**"
              LayoutTableCell {TD} at (38,2) size 87x24 [border: (1px inset #808080)] [r=0 c=2 rs=1 cs=1]
                LayoutText {#text} at (2,2) size 78x19
                  text run at (2,2) width 78: "Text text text"
              LayoutTableCell {TD} at (127,2) size 8x24 [border: (1px inset #808080)] [r=0 c=3 rs=1 cs=1]
                LayoutText {#text} at (2,2) size 4x19
                  text run at (2,2) width 4: " "
              LayoutTableCell {TD} at (137,2) size 39x24 [border: (1px inset #808080)] [r=0 c=4 rs=1 cs=1]
                LayoutText {#text} at (2,2) size 32x19
                  text run at (2,2) width 32: "1970"
            LayoutTableRow {TR} at (0,28) size 180x24
              LayoutTableCell {TD} at (38,28) size 140x24 [border: (1px inset #808080)] [r=1 c=2 rs=1 cs=4]
                LayoutText {#text} at (2,2) size 136x19
                  text run at (2,2) width 136: "No Holdings Available"
            LayoutTableRow {TR} at (0,54) size 180x24
              LayoutTableCell {TD} at (2,67) size 12x24 [border: (1px inset #808080)] [r=2 c=0 rs=2 cs=1]
                LayoutText {#text} at (2,2) size 8x19
                  text run at (2,2) width 8: "6"
              LayoutTableCell {TD} at (16,67) size 20x24 [border: (1px inset #808080)] [r=2 c=1 rs=2 cs=1]
                LayoutText {#text} at (2,2) size 16x19
                  text run at (2,2) width 16: "**"
              LayoutTableCell {TD} at (38,54) size 87x24 [border: (1px inset #808080)] [r=2 c=2 rs=1 cs=1]
                LayoutText {#text} at (2,2) size 78x19
                  text run at (2,2) width 78: "Text text text"
              LayoutTableCell {TD} at (127,54) size 8x24 [border: (1px inset #808080)] [r=2 c=3 rs=1 cs=1]
                LayoutText {#text} at (2,2) size 4x19
                  text run at (2,2) width 4: " "
              LayoutTableCell {TD} at (137,54) size 39x24 [border: (1px inset #808080)] [r=2 c=4 rs=1 cs=1]
                LayoutText {#text} at (2,2) size 32x19
                  text run at (2,2) width 32: "1970"
            LayoutTableRow {TR} at (0,80) size 180x24
              LayoutTableCell {TD} at (38,80) size 140x24 [border: (1px inset #808080)] [r=3 c=2 rs=1 cs=4]
                LayoutText {#text} at (2,2) size 136x19
                  text run at (2,2) width 136: "No Holdings Available"
