layer at (0,0) size 800x600
  LayoutView at (0,0) size 800x600
layer at (0,0) size 800x600
  LayoutBlockFlow {HTML} at (0,0) size 800x600
    LayoutBlockFlow {BODY} at (8,8) size 784x584 [bgcolor=#FFCC00]
      LayoutTable {TABLE} at (0,0) size 600x24 [border: (1px outset #808080)]
        LayoutTableSection {TBODY} at (1,1) size 598x22
          LayoutTableRow {TR} at (0,0) size 598x22
            LayoutTableCell {TD} at (0,0) size 132x22 [border: (1px inset #808080)] [r=0 c=0 rs=1 cs=1]
              LayoutInline {B} at (0,0) size 94x19
                LayoutText {#text} at (1,1) size 94x19
                  text run at (1,1) width 94: "MERCHANT"
            LayoutTableCell {TD} at (132,9) size 5x3 [border: (1px inset #808080)] [r=0 c=1 rs=1 cs=1]
              LayoutBlockFlow {IMG} at (1,1) size 1x1
            LayoutTableCell {TD} at (137,0) size 304x22 [border: (1px inset #808080)] [r=0 c=2 rs=1 cs=1]
              LayoutInline {B} at (0,0) size 110x19
                LayoutText {#text} at (97,1) size 110x19
                  text run at (97,1) width 110: "DESCRIPTION"
            LayoutTableCell {TD} at (441,9) size 5x3 [border: (1px inset #808080)] [r=0 c=3 rs=1 cs=1]
              LayoutBlockFlow {IMG} at (1,1) size 1x1
            LayoutTableCell {TD} at (446,0) size 78x22 [border: (1px inset #808080)] [r=0 c=4 rs=1 cs=1]
              LayoutInline {B} at (0,0) size 48x19
                LayoutText {#text} at (29,1) size 48x19
                  text run at (29,1) width 48: "PRICE"
            LayoutTableCell {TD} at (524,9) size 5x3 [border: (1px inset #808080)] [r=0 c=5 rs=1 cs=1]
              LayoutBlockFlow {IMG} at (1,1) size 1x1
            LayoutTableCell {TD} at (529,0) size 69x22 [border: (1px inset #808080)] [r=0 c=6 rs=1 cs=1]
              LayoutInline {B} at (0,0) size 39x19
                LayoutText {#text} at (15,1) size 39x19
                  text run at (15,1) width 39: "INFO"
      LayoutTable {TABLE} at (0,24) size 600x27 [border: (1px outset #808080)]
        LayoutTableSection {TBODY} at (1,1) size 598x25
          LayoutTableRow {TR} at (0,0) size 598x22
            LayoutTableCell {TD} at (0,2) size 132x18 [border: (1px inset #808080)] [r=0 c=0 rs=1 cs=1]
              LayoutInline {FONT} at (0,0) size 89x15
                LayoutText {#text} at (1,1) size 89x15
                  text run at (1,1) width 89: "American Starlex"
            LayoutTableCell {TD} at (132,9) size 5x3 [border: (1px inset #808080)] [r=0 c=1 rs=1 cs=1]
              LayoutBlockFlow {IMG} at (1,1) size 1x1
            LayoutTableCell {TD} at (137,2) size 304x18 [border: (1px inset #808080)] [r=0 c=2 rs=1 cs=1]
              LayoutInline {FONT} at (0,0) size 239x15
                LayoutText {#text} at (1,1) size 239x15
                  text run at (1,1) width 239: "Digital_Cameras DC200 New|In stock; Kodak"
            LayoutTableCell {TD} at (441,9) size 5x3 [border: (1px inset #808080)] [r=0 c=3 rs=1 cs=1]
              LayoutBlockFlow {IMG} at (1,1) size 1x1
            LayoutTableCell {TD} at (446,2) size 78x18 [border: (1px inset #808080)] [r=0 c=4 rs=1 cs=1]
              LayoutInline {FONT} at (0,0) size 39x15
                LayoutText {#text} at (38,1) size 39x15
                  text run at (38,1) width 39: "$270.00"
            LayoutTableCell {TD} at (524,9) size 5x3 [border: (1px inset #808080)] [r=0 c=5 rs=1 cs=1]
              LayoutBlockFlow {IMG} at (1,1) size 1x1
            LayoutTableCell {TD} at (529,0) size 69x22 [border: (1px inset #808080)] [r=0 c=6 rs=1 cs=1]
              LayoutText {#text} at (17,1) size 35x19
                text run at (17,1) width 35: "More"
          LayoutTableRow {TR} at (0,22) size 598x3
            LayoutTableCell {TD} at (0,22) size 598x3 [bgcolor=#000000] [border: (1px inset #808080)] [r=1 c=0 rs=1 cs=8]
              LayoutBlockFlow {IMG} at (1,1) size 1x1
layer at (142,19) size 4x4 clip at (143,20) size 2x2
  LayoutBlockFlow {DIV} at (0,0) size 4x4 [border: (1px solid #C0C0C0)]
layer at (144,21) size 0x0
  LayoutBlockFlow {DIV} at (2,2) size 0x0
layer at (451,19) size 4x4 clip at (452,20) size 2x2
  LayoutBlockFlow {DIV} at (0,0) size 4x4 [border: (1px solid #C0C0C0)]
layer at (453,21) size 0x0
  LayoutBlockFlow {DIV} at (2,2) size 0x0
layer at (534,19) size 4x4 clip at (535,20) size 2x2
  LayoutBlockFlow {DIV} at (0,0) size 4x4 [border: (1px solid #C0C0C0)]
layer at (536,21) size 0x0
  LayoutBlockFlow {DIV} at (2,2) size 0x0
layer at (142,43) size 4x4 clip at (143,44) size 2x2
  LayoutBlockFlow {DIV} at (0,0) size 4x4 [border: (1px solid #C0C0C0)]
layer at (144,45) size 0x0
  LayoutBlockFlow {DIV} at (2,2) size 0x0
layer at (451,43) size 4x4 clip at (452,44) size 2x2
  LayoutBlockFlow {DIV} at (0,0) size 4x4 [border: (1px solid #C0C0C0)]
layer at (453,45) size 0x0
  LayoutBlockFlow {DIV} at (2,2) size 0x0
layer at (534,43) size 4x4 clip at (535,44) size 2x2
  LayoutBlockFlow {DIV} at (0,0) size 4x4 [border: (1px solid #C0C0C0)]
layer at (536,45) size 0x0
  LayoutBlockFlow {DIV} at (2,2) size 0x0
layer at (10,56) size 4x4 clip at (11,57) size 2x2
  LayoutBlockFlow {DIV} at (0,0) size 4x4 [border: (1px solid #C0C0C0)]
layer at (12,58) size 0x0
  LayoutBlockFlow {DIV} at (2,2) size 0x0
