layer at (0,0) size 800x600
  LayoutView at (0,0) size 800x600
layer at (0,0) size 800x600
  LayoutBlockFlow {HTML} at (0,0) size 800x600
    LayoutBlockFlow {BODY} at (8,8) size 784x584
      LayoutTable {TABLE} at (0,0) size 220x306
        LayoutTableSection {TBODY} at (0,0) size 220x306
          LayoutTableRow {TR} at (0,2) size 220x138
            LayoutTableCell {TD} at (2,2) size 216x138 [r=0 c=0 rs=1 cs=1]
              LayoutBlockFlow (anonymous) at (1,1) size 214x60
                LayoutText {#text} at (0,0) size 214x19
                  text run at (0,0) width 214: "This cell has the nowrap parameter "
                LayoutBR {BR} at (214,15) size 0x0
                LayoutBR {BR} at (0,20) size 0x19
                LayoutText {#text} at (0,40) size 30x19
                  text run at (0,40) width 30: "<hr>"
              LayoutBlockFlow {HR} at (1,69) size 214x2 [border: (1px inset #EEEEEE)]
              LayoutBlockFlow (anonymous) at (1,79) size 214x40
                LayoutBR {BR} at (0,0) size 0x19
                LayoutText {#text} at (0,20) size 92x19
                  text run at (0,20) width 92: "<hr width=30>"
              LayoutBlockFlow {HR} at (92,127) size 32x2 [border: (1px inset #EEEEEE)]
          LayoutTableRow {TR} at (0,142) size 220x22
            LayoutTableCell {TD} at (2,142) size 216x22 [bgcolor=#CCCCCC] [r=1 c=0 rs=1 cs=1]
              LayoutText {#text} at (1,1) size 4x19
                text run at (1,1) width 4: " "
          LayoutTableRow {TR} at (0,166) size 220x138
            LayoutTableCell {TD} at (2,166) size 216x138 [r=2 c=0 rs=1 cs=1]
              LayoutBlockFlow (anonymous) at (1,1) size 214x60
                LayoutText {#text} at (0,0) size 100x19
                  text run at (0,0) width 100: "This cell doesn't "
                LayoutBR {BR} at (100,15) size 0x0
                LayoutBR {BR} at (0,20) size 0x19
                LayoutText {#text} at (0,40) size 30x19
                  text run at (0,40) width 30: "<hr>"
              LayoutBlockFlow {HR} at (1,69) size 214x2 [border: (1px inset #EEEEEE)]
              LayoutBlockFlow (anonymous) at (1,79) size 214x40
                LayoutBR {BR} at (0,0) size 0x19
                LayoutText {#text} at (0,20) size 92x19
                  text run at (0,20) width 92: "<hr width=30>"
              LayoutBlockFlow {HR} at (92,127) size 32x2 [border: (1px inset #EEEEEE)]
