layer at (0,0) size 800x600
  LayoutView at (0,0) size 800x600
layer at (0,0) size 800x68
  LayoutBlockFlow {html} at (0,0) size 800x68
    LayoutBlockFlow {body} at (8,8) size 784x0
      LayoutBlockFlow (floating) {float} at (0,0) size 148x60 [bgcolor=#FF0000]
        LayoutTable (anonymous) at (0,0) size 148x60
          LayoutTableSection (anonymous) at (0,0) size 148x60
            LayoutTableRow (anonymous) at (0,0) size 148x20
              LayoutTableCell {cell} at (0,0) size 148x20 [color=#FFFFFF] [bgcolor=#008000] [r=0 c=0 rs=1 cs=1]
                LayoutText {#text} at (50,0) size 48x19
                  text run at (50,0) width 48: "THERE"
            LayoutTableRow {row} at (0,20) size 148x20
              LayoutTableCell (anonymous) at (0,20) size 148x20 [r=1 c=0 rs=1 cs=1]
                LayoutTable {table} at (0,0) size 148x20
                  LayoutTableSection (anonymous) at (0,0) size 148x20
                    LayoutTableRow (anonymous) at (0,0) size 148x20
                      LayoutTableCell {cell} at (0,0) size 77x20 [color=#FFFFFF] [bgcolor=#008000] [r=0 c=0 rs=1 cs=1]
                        LayoutText {#text} at (0,0) size 77x19
                          text run at (0,0) width 77: "SHOULD B"
                      LayoutTableCell {cell} at (77,0) size 25x20 [color=#FFFFFF] [bgcolor=#008000] [r=0 c=1 rs=1 cs=1]
                        LayoutText {#text} at (0,0) size 25x19
                          text run at (0,0) width 25: "E N"
                      LayoutTableCell {cell} at (102,0) size 46x20 [color=#FFFFFF] [bgcolor=#008000] [r=0 c=2 rs=1 cs=1]
                        LayoutText {#text} at (0,0) size 46x19
                          text run at (0,0) width 46: "O RED"
            LayoutTableRow (anonymous) at (0,40) size 148x20
              LayoutTableCell {cell} at (0,40) size 148x20 [color=#FFFFFF] [bgcolor=#008000] [r=2 c=0 rs=1 cs=1]
                LayoutText {#text} at (30,0) size 88x19
                  text run at (30,0) width 88: "ANYWHERE"
