layer at (0,0) size 800x600
  LayoutView at (0,0) size 800x600
layer at (0,0) size 800x600
  LayoutBlockFlow {HTML} at (0,0) size 800x600
    LayoutBlockFlow {BODY} at (8,8) size 784x584
      LayoutBlockFlow {P} at (0,0) size 784x80
        LayoutText {#text} at (0,0) size 771x59
          text run at (0,0) width 771: "In this table (modeled after mozilla.org template) the cells in column two are requesting colspans of (2,3,2,6) respectively. Notice"
          text run at (0,20) width 742: "that they all want to span more than one column (which means, in the case of this table, all rows are requesting to span more"
          text run at (0,40) width 201: "columns than the number of 'real' "
        LayoutInline {CODE} at (0,0) size 32x16
          LayoutText {#text} at (201,43) size 32x16
            text run at (201,43) width 32: "<TD>"
        LayoutText {#text} at (233,40) size 751x39
          text run at (233,40) width 518: " in any single rows [i.e., all rows in the top table want to span 9 cells, but the maximum"
          text run at (0,60) width 65: "number of "
        LayoutInline {CODE} at (0,0) size 32x16
          LayoutText {#text} at (65,63) size 32x16
            text run at (65,63) width 32: "<TD>"
        LayoutText {#text} at (97,60) size 101x19
          text run at (97,60) width 101: " in any row is 8]."
      LayoutBlockFlow {P} at (0,96) size 784x20
        LayoutText {#text} at (0,0) size 460x19
          text run at (0,0) width 460: "This condition leads to the 'white gap' (in builds of 5.0 for jun04 and before)."
      LayoutTable {TABLE} at (0,132) size 784x90 [border: (1px outset #808080)]
        LayoutTableSection {TBODY} at (1,1) size 782x88
          LayoutTableRow {TR} at (0,0) size 782x22
            LayoutTableCell {TD} at (0,0) size 97x22 [bgcolor=#999999] [border: (1px inset #808080)] [r=0 c=0 rs=1 cs=1]
              LayoutText {#text} at (1,1) size 8x19
                text run at (1,1) width 8: "1"
            LayoutTableCell {TD} at (97,0) size 97x22 [bgcolor=#DDDDDD] [border: (1px inset #808080)] [r=0 c=1 rs=1 cs=2]
              LayoutText {#text} at (1,1) size 8x19
                text run at (1,1) width 8: "2"
            LayoutTableCell {TD} at (194,0) size 98x22 [bgcolor=#DDDDDD] [border: (1px inset #808080)] [r=0 c=3 rs=1 cs=1]
              LayoutText {#text} at (1,1) size 8x19
                text run at (1,1) width 8: "4"
            LayoutTableCell {TD} at (292,0) size 98x22 [bgcolor=#999999] [border: (1px inset #808080)] [r=0 c=4 rs=1 cs=1]
              LayoutText {#text} at (1,1) size 8x19
                text run at (1,1) width 8: "5"
            LayoutTableCell {TD} at (390,0) size 98x22 [border: (1px inset #808080)] [r=0 c=5 rs=1 cs=1]
              LayoutText {#text} at (1,1) size 8x19
                text run at (1,1) width 8: "6"
            LayoutTableCell {TD} at (488,0) size 98x22 [border: (1px inset #808080)] [r=0 c=6 rs=1 cs=1]
              LayoutText {#text} at (1,1) size 8x19
                text run at (1,1) width 8: "7"
            LayoutTableCell {TD} at (586,0) size 98x22 [border: (1px inset #808080)] [r=0 c=7 rs=1 cs=1]
              LayoutText {#text} at (1,1) size 8x19
                text run at (1,1) width 8: "8"
            LayoutTableCell {TD} at (684,0) size 98x22 [bgcolor=#999999] [border: (1px inset #808080)] [r=0 c=8 rs=1 cs=1]
              LayoutText {#text} at (1,1) size 8x19
                text run at (1,1) width 8: "9"
          LayoutTableRow {TR} at (0,22) size 782x22
            LayoutTableCell {TD} at (0,22) size 97x22 [bgcolor=#999999] [border: (1px inset #808080)] [r=1 c=0 rs=1 cs=1]
              LayoutText {#text} at (1,1) size 8x19
                text run at (1,1) width 8: "1"
            LayoutTableCell {TD} at (97,22) size 195x22 [bgcolor=#DDDDDD] [border: (1px inset #808080)] [r=1 c=1 rs=1 cs=3]
              LayoutText {#text} at (1,1) size 8x19
                text run at (1,1) width 8: "2"
            LayoutTableCell {TD} at (292,22) size 98x22 [bgcolor=#999999] [border: (1px inset #808080)] [r=1 c=4 rs=1 cs=1]
              LayoutText {#text} at (1,1) size 8x19
                text run at (1,1) width 8: "5"
            LayoutTableCell {TD} at (390,22) size 98x22 [border: (1px inset #808080)] [r=1 c=5 rs=1 cs=1]
              LayoutText {#text} at (1,1) size 8x19
                text run at (1,1) width 8: "6"
            LayoutTableCell {TD} at (488,22) size 98x22 [border: (1px inset #808080)] [r=1 c=6 rs=1 cs=1]
              LayoutText {#text} at (1,1) size 8x19
                text run at (1,1) width 8: "7"
            LayoutTableCell {TD} at (586,22) size 98x22 [border: (1px inset #808080)] [r=1 c=7 rs=1 cs=1]
              LayoutText {#text} at (1,1) size 8x19
                text run at (1,1) width 8: "8"
            LayoutTableCell {TD} at (684,22) size 98x22 [bgcolor=#999999] [border: (1px inset #808080)] [r=1 c=8 rs=1 cs=1]
              LayoutText {#text} at (1,1) size 8x19
                text run at (1,1) width 8: "9"
          LayoutTableRow {TR} at (0,44) size 782x22
            LayoutTableCell {TD} at (0,44) size 97x22 [bgcolor=#999999] [border: (1px inset #808080)] [r=2 c=0 rs=1 cs=1]
              LayoutText {#text} at (1,1) size 8x19
                text run at (1,1) width 8: "1"
            LayoutTableCell {TD} at (97,44) size 97x22 [bgcolor=#DDDDDD] [border: (1px inset #808080)] [r=2 c=1 rs=1 cs=2]
              LayoutText {#text} at (1,1) size 8x19
                text run at (1,1) width 8: "2"
            LayoutTableCell {TD} at (194,44) size 98x22 [bgcolor=#DDDDDD] [border: (1px inset #808080)] [r=2 c=3 rs=1 cs=1]
              LayoutText {#text} at (1,1) size 8x19
                text run at (1,1) width 8: "4"
            LayoutTableCell {TD} at (292,44) size 98x22 [bgcolor=#999999] [border: (1px inset #808080)] [r=2 c=4 rs=1 cs=1]
              LayoutText {#text} at (1,1) size 8x19
                text run at (1,1) width 8: "5"
            LayoutTableCell {TD} at (390,44) size 196x22 [border: (1px inset #808080)] [r=2 c=5 rs=1 cs=2]
              LayoutText {#text} at (1,1) size 8x19
                text run at (1,1) width 8: "6"
            LayoutTableCell {TD} at (586,44) size 98x22 [border: (1px inset #808080)] [r=2 c=7 rs=1 cs=1]
              LayoutText {#text} at (1,1) size 8x19
                text run at (1,1) width 8: "8"
            LayoutTableCell {TD} at (684,44) size 98x22 [bgcolor=#999999] [border: (1px inset #808080)] [r=2 c=8 rs=1 cs=1]
              LayoutText {#text} at (1,1) size 8x19
                text run at (1,1) width 8: "9"
          LayoutTableRow {TR} at (0,66) size 782x22
            LayoutTableCell {TD} at (0,66) size 488x22 [bgcolor=#999999] [border: (1px inset #808080)] [r=3 c=0 rs=1 cs=6]
              LayoutText {#text} at (1,1) size 8x19
                text run at (1,1) width 8: "1"
            LayoutTableCell {TD} at (488,66) size 98x22 [bgcolor=#999999] [border: (1px inset #808080)] [r=3 c=6 rs=1 cs=1]
              LayoutText {#text} at (1,1) size 8x19
                text run at (1,1) width 8: "7"
            LayoutTableCell {TD} at (586,66) size 196x22 [bgcolor=#999999] [border: (1px inset #808080)] [r=3 c=7 rs=1 cs=2]
              LayoutText {#text} at (1,1) size 8x19
                text run at (1,1) width 8: "8"
      LayoutBlockFlow {P} at (0,238) size 784x40
        LayoutText {#text} at (0,0) size 767x39
          text run at (0,0) width 403: "This is the same table as above, but instead the cells in column two "
          text run at (403,0) width 364: "are requesting colspans of (1,2,1,5) respectively (i.e., excess"
          text run at (0,20) width 413: "requests have been 'normalized' away). There is no more 'white gap'."
      LayoutTable {TABLE} at (0,294) size 784x90 [border: (1px outset #808080)]
        LayoutTableSection {TBODY} at (1,1) size 782x88
          LayoutTableRow {TR} at (0,0) size 782x22
            LayoutTableCell {TD} at (0,0) size 97x22 [bgcolor=#999999] [border: (1px inset #808080)] [r=0 c=0 rs=1 cs=1]
              LayoutText {#text} at (1,1) size 8x19
                text run at (1,1) width 8: "1"
            LayoutTableCell {TD} at (97,0) size 97x22 [bgcolor=#DDDDDD] [border: (1px inset #808080)] [r=0 c=1 rs=1 cs=1]
              LayoutText {#text} at (1,1) size 8x19
                text run at (1,1) width 8: "2"
            LayoutTableCell {TD} at (194,0) size 98x22 [bgcolor=#DDDDDD] [border: (1px inset #808080)] [r=0 c=2 rs=1 cs=1]
              LayoutText {#text} at (1,1) size 8x19
                text run at (1,1) width 8: "3"
            LayoutTableCell {TD} at (292,0) size 98x22 [bgcolor=#999999] [border: (1px inset #808080)] [r=0 c=3 rs=1 cs=1]
              LayoutText {#text} at (1,1) size 8x19
                text run at (1,1) width 8: "4"
            LayoutTableCell {TD} at (390,0) size 98x22 [border: (1px inset #808080)] [r=0 c=4 rs=1 cs=1]
              LayoutText {#text} at (1,1) size 8x19
                text run at (1,1) width 8: "5"
            LayoutTableCell {TD} at (488,0) size 98x22 [border: (1px inset #808080)] [r=0 c=5 rs=1 cs=1]
              LayoutText {#text} at (1,1) size 8x19
                text run at (1,1) width 8: "6"
            LayoutTableCell {TD} at (586,0) size 98x22 [border: (1px inset #808080)] [r=0 c=6 rs=1 cs=1]
              LayoutText {#text} at (1,1) size 8x19
                text run at (1,1) width 8: "7"
            LayoutTableCell {TD} at (684,0) size 98x22 [bgcolor=#999999] [border: (1px inset #808080)] [r=0 c=7 rs=1 cs=1]
              LayoutText {#text} at (1,1) size 8x19
                text run at (1,1) width 8: "8"
          LayoutTableRow {TR} at (0,22) size 782x22
            LayoutTableCell {TD} at (0,22) size 97x22 [bgcolor=#999999] [border: (1px inset #808080)] [r=1 c=0 rs=1 cs=1]
              LayoutText {#text} at (1,1) size 8x19
                text run at (1,1) width 8: "1"
            LayoutTableCell {TD} at (97,22) size 195x22 [bgcolor=#DDDDDD] [border: (1px inset #808080)] [r=1 c=1 rs=1 cs=2]
              LayoutText {#text} at (1,1) size 8x19
                text run at (1,1) width 8: "2"
            LayoutTableCell {TD} at (292,22) size 98x22 [bgcolor=#999999] [border: (1px inset #808080)] [r=1 c=3 rs=1 cs=1]
              LayoutText {#text} at (1,1) size 8x19
                text run at (1,1) width 8: "4"
            LayoutTableCell {TD} at (390,22) size 98x22 [border: (1px inset #808080)] [r=1 c=4 rs=1 cs=1]
              LayoutText {#text} at (1,1) size 8x19
                text run at (1,1) width 8: "5"
            LayoutTableCell {TD} at (488,22) size 98x22 [border: (1px inset #808080)] [r=1 c=5 rs=1 cs=1]
              LayoutText {#text} at (1,1) size 8x19
                text run at (1,1) width 8: "6"
            LayoutTableCell {TD} at (586,22) size 98x22 [border: (1px inset #808080)] [r=1 c=6 rs=1 cs=1]
              LayoutText {#text} at (1,1) size 8x19
                text run at (1,1) width 8: "7"
            LayoutTableCell {TD} at (684,22) size 98x22 [bgcolor=#999999] [border: (1px inset #808080)] [r=1 c=7 rs=1 cs=1]
              LayoutText {#text} at (1,1) size 8x19
                text run at (1,1) width 8: "8"
          LayoutTableRow {TR} at (0,44) size 782x22
            LayoutTableCell {TD} at (0,44) size 97x22 [bgcolor=#999999] [border: (1px inset #808080)] [r=2 c=0 rs=1 cs=1]
              LayoutText {#text} at (1,1) size 8x19
                text run at (1,1) width 8: "1"
            LayoutTableCell {TD} at (97,44) size 97x22 [bgcolor=#DDDDDD] [border: (1px inset #808080)] [r=2 c=1 rs=1 cs=1]
              LayoutText {#text} at (1,1) size 8x19
                text run at (1,1) width 8: "2"
            LayoutTableCell {TD} at (194,44) size 98x22 [bgcolor=#DDDDDD] [border: (1px inset #808080)] [r=2 c=2 rs=1 cs=1]
              LayoutText {#text} at (1,1) size 8x19
                text run at (1,1) width 8: "3"
            LayoutTableCell {TD} at (292,44) size 98x22 [bgcolor=#999999] [border: (1px inset #808080)] [r=2 c=3 rs=1 cs=1]
              LayoutText {#text} at (1,1) size 8x19
                text run at (1,1) width 8: "4"
            LayoutTableCell {TD} at (390,44) size 196x22 [border: (1px inset #808080)] [r=2 c=4 rs=1 cs=2]
              LayoutText {#text} at (1,1) size 8x19
                text run at (1,1) width 8: "5"
            LayoutTableCell {TD} at (586,44) size 98x22 [border: (1px inset #808080)] [r=2 c=6 rs=1 cs=1]
              LayoutText {#text} at (1,1) size 8x19
                text run at (1,1) width 8: "7"
            LayoutTableCell {TD} at (684,44) size 98x22 [bgcolor=#999999] [border: (1px inset #808080)] [r=2 c=7 rs=1 cs=1]
              LayoutText {#text} at (1,1) size 8x19
                text run at (1,1) width 8: "8"
          LayoutTableRow {TR} at (0,66) size 782x22
            LayoutTableCell {TD} at (0,66) size 488x22 [bgcolor=#999999] [border: (1px inset #808080)] [r=3 c=0 rs=1 cs=5]
              LayoutText {#text} at (1,1) size 8x19
                text run at (1,1) width 8: "1"
            LayoutTableCell {TD} at (488,66) size 98x22 [bgcolor=#999999] [border: (1px inset #808080)] [r=3 c=5 rs=1 cs=1]
              LayoutText {#text} at (1,1) size 8x19
                text run at (1,1) width 8: "6"
            LayoutTableCell {TD} at (586,66) size 196x22 [bgcolor=#999999] [border: (1px inset #808080)] [r=3 c=6 rs=1 cs=2]
              LayoutText {#text} at (1,1) size 8x19
                text run at (1,1) width 8: "7"
