layer at (0,0) size 800x600
  LayoutView at (0,0) size 800x600
layer at (0,0) size 800x600
  LayoutBlockFlow {HTML} at (0,0) size 800x600
    LayoutBlockFlow {BODY} at (8,8) size 784x584 [bgcolor=#FFFFFF]
      LayoutTable {TABLE} at (0,0) size 642x180 [border: (1px outset #808080)]
        LayoutTableSection {TBODY} at (1,1) size 640x178
          LayoutTableRow {TR} at (0,2) size 640x174
            LayoutTableCell {TD} at (2,84) size 124x10 [border: (1px inset #808080)] [r=0 c=0 rs=1 cs=1]
              LayoutTable {TABLE} at (2,2) size 120x6
                LayoutTableSection {TBODY} at (0,0) size 120x6
                  LayoutTableRow {TR} at (0,2) size 120x2
                    LayoutTableCell {TD} at (2,2) size 116x2 [r=0 c=0 rs=1 cs=1]
            LayoutTableCell {TD} at (128,2) size 510x174 [border: (1px inset #808080)] [r=0 c=1 rs=1 cs=1]
              LayoutTable {TABLE} at (2,2) size 506x170 [border: (1px outset #808080)]
                LayoutTableSection {TBODY} at (1,1) size 504x168
                  LayoutTableRow {TR} at (0,2) size 504x164
                    LayoutTableCell {TD} at (2,2) size 500x164 [border: (1px inset #808080)] [r=0 c=0 rs=1 cs=1]
                      LayoutTable {TABLE} at (2,2) size 496x80
                        LayoutTableSection {TBODY} at (0,0) size 496x80
                          LayoutTableRow {TR} at (0,10) size 496x60
                            LayoutTableCell {TD} at (10,10) size 476x60 [r=0 c=0 rs=1 cs=1]
                              LayoutInline {A} at (0,0) size 468x19 [color=#0000EE]
                                LayoutImage {IMG} at (0,0) size 468x60
                      LayoutBlockFlow (anonymous) at (2,82) size 496x80
                        LayoutText {#text} at (0,0) size 496x79
                          text run at (0,0) width 281: "Your donation to protect our wildlife was paid "
                          text run at (280,0) width 215: "for by the sponsors on this page, so"
                          text run at (0,20) width 51: "it's free. "
                          text run at (51,20) width 356: "100% of each donation is distributed through organizations "
                          text run at (406,20) width 81: "working hard"
                          text run at (0,40) width 247: "to protect our wildlife. You can view live "
                          text run at (246,40) width 250: "donation totals in support of this cause by"
                          text run at (0,60) width 49: "clicking."
