layer at (0,0) size 800x600 clip at (0,0) size 785x600 scrollHeight 1395
  LayoutView at (0,0) size 800x600
layer at (0,0) size 785x1395 backgroundClip at (0,0) size 785x600 clip at (0,0) size 785x600
  LayoutBlockFlow {HTML} at (0,0) size 785x1394.88
    LayoutBlockFlow {BODY} at (8,8) size 769x1378.88 [bgcolor=#555555]
      LayoutBlockFlow {H1} at (16,37.44) size 737x102 [bgcolor=#CCCCCC]
        LayoutText {#text} at (87,32) size 166x37
          text run at (87,32) width 166: "Simplified "
        LayoutInline {A} at (0,0) size 161x37 [color=#0000EE]
          LayoutText {#text} at (252,32) size 161x37
            text run at (252,32) width 161: "Linux.com"
        LayoutText {#text} at (412,32) size 238x37
          text run at (412,32) width 238: " Table Testcase"
      LayoutTable {TABLE} at (16,160.88) size 737x1202
        LayoutTableSection {TBODY} at (0,0) size 737x1202
          LayoutTableRow {TR} at (0,2) size 737x841
            LayoutTableCell {TD} at (2,2) size 135x722.13 [bgcolor=#FFFFFF] [r=0 c=0 rs=2 cs=1]
              LayoutBlockFlow {H2} at (5,18.27) size 125x20
                LayoutText {#text} at (0,0) size 117x19
                  text run at (0,0) width 117: "Weekly Feature"
              LayoutBlockFlow {P} at (5,51.53) size 125x112
                LayoutText {#text} at (0,0) size 108x112
                  text run at (0,0) width 108: "blah blah blah blah"
                  text run at (0,16) width 108: "blah blah blah blah"
                  text run at (0,32) width 108: "blah blah blah blah"
                  text run at (0,48) width 108: "blah blah blah blah"
                  text run at (0,64) width 108: "blah blah blah blah"
                  text run at (0,80) width 108: "blah blah blah blah"
                  text run at (0,96) width 108: "blah blah blah blah"
              LayoutBlockFlow {H2} at (5,176.80) size 125x20
                LayoutText {#text} at (0,0) size 81x19
                  text run at (0,0) width 81: "Contribute"
              LayoutBlockFlow {P} at (5,210.06) size 125x112
                LayoutText {#text} at (0,0) size 108x112
                  text run at (0,0) width 108: "blah blah blah blah"
                  text run at (0,16) width 108: "blah blah blah blah"
                  text run at (0,32) width 108: "blah blah blah blah"
                  text run at (0,48) width 108: "blah blah blah blah"
                  text run at (0,64) width 108: "blah blah blah blah"
                  text run at (0,80) width 108: "blah blah blah blah"
                  text run at (0,96) width 108: "blah blah blah blah"
              LayoutBlockFlow {H2} at (5,335.33) size 125x20
                LayoutText {#text} at (0,0) size 83x19
                  text run at (0,0) width 83: "Newsforge"
              LayoutBlockFlow {P} at (5,368.59) size 125x32
                LayoutText {#text} at (0,0) size 108x32
                  text run at (0,0) width 108: "blah blah blah blah"
                  text run at (0,16) width 108: "blah blah blah blah"
              LayoutBlockFlow {P} at (5,413.59) size 125x32
                LayoutText {#text} at (0,0) size 108x32
                  text run at (0,0) width 108: "blah blah blah blah"
                  text run at (0,16) width 108: "blah blah blah blah"
              LayoutBlockFlow {P} at (5,458.59) size 125x32
                LayoutText {#text} at (0,0) size 108x32
                  text run at (0,0) width 108: "blah blah blah blah"
                  text run at (0,16) width 108: "blah blah blah blah"
              LayoutBlockFlow {P} at (5,503.59) size 125x32
                LayoutText {#text} at (0,0) size 108x32
                  text run at (0,0) width 108: "blah blah blah blah"
                  text run at (0,16) width 108: "blah blah blah blah"
              LayoutBlockFlow {P} at (5,548.59) size 125x32
                LayoutText {#text} at (0,0) size 108x32
                  text run at (0,0) width 108: "blah blah blah blah"
                  text run at (0,16) width 108: "blah blah blah blah"
              LayoutBlockFlow {P} at (5,593.59) size 125x32
                LayoutText {#text} at (0,0) size 108x32
                  text run at (0,0) width 108: "blah blah blah blah"
                  text run at (0,16) width 108: "blah blah blah blah"
              LayoutBlockFlow {H2} at (5,638.86) size 125x20
                LayoutText {#text} at (0,0) size 83x19
                  text run at (0,0) width 83: "Resources"
              LayoutBlockFlow {P} at (5,672.13) size 125x32
                LayoutText {#text} at (0,0) size 108x32
                  text run at (0,0) width 108: "blah blah blah blah"
                  text run at (0,16) width 108: "blah blah blah blah"
            LayoutTableCell {TD} at (139,2) size 459x1198.13 [bgcolor=#FFFFFF] [r=0 c=1 rs=2 cs=1]
              LayoutBlockFlow {H2} at (5,18.27) size 449x20
                LayoutText {#text} at (0,0) size 187x19
                  text run at (0,0) width 187: "The Latest of Linux.com!"
              LayoutBlockFlow {P} at (5,51.53) size 449x240
                LayoutText {#text} at (0,0) size 444x240
                  text run at (0,0) width 444: "blah blah blah blah blah blah blah blah blah blah blah blah blah blah blah blah"
                  text run at (0,16) width 444: "blah blah blah blah blah blah blah blah blah blah blah blah blah blah blah blah"
                  text run at (0,32) width 444: "blah blah blah blah blah blah blah blah blah blah blah blah blah blah blah blah"
                  text run at (0,48) width 444: "blah blah blah blah blah blah blah blah blah blah blah blah blah blah blah blah"
                  text run at (0,64) width 444: "blah blah blah blah blah blah blah blah blah blah blah blah blah blah blah blah"
                  text run at (0,80) width 444: "blah blah blah blah blah blah blah blah blah blah blah blah blah blah blah blah"
                  text run at (0,96) width 444: "blah blah blah blah blah blah blah blah blah blah blah blah blah blah blah blah"
                  text run at (0,112) width 444: "blah blah blah blah blah blah blah blah blah blah blah blah blah blah blah blah"
                  text run at (0,128) width 444: "blah blah blah blah blah blah blah blah blah blah blah blah blah blah blah blah"
                  text run at (0,144) width 444: "blah blah blah blah blah blah blah blah blah blah blah blah blah blah blah blah"
                  text run at (0,160) width 444: "blah blah blah blah blah blah blah blah blah blah blah blah blah blah blah blah"
                  text run at (0,176) width 444: "blah blah blah blah blah blah blah blah blah blah blah blah blah blah blah blah"
                  text run at (0,192) width 444: "blah blah blah blah blah blah blah blah blah blah blah blah blah blah blah blah"
                  text run at (0,208) width 444: "blah blah blah blah blah blah blah blah blah blah blah blah blah blah blah blah"
                  text run at (0,224) width 108: "blah blah blah blah"
              LayoutBlockFlow {P} at (5,304.53) size 449x240
                LayoutText {#text} at (0,0) size 444x240
                  text run at (0,0) width 444: "blah blah blah blah blah blah blah blah blah blah blah blah blah blah blah blah"
                  text run at (0,16) width 444: "blah blah blah blah blah blah blah blah blah blah blah blah blah blah blah blah"
                  text run at (0,32) width 444: "blah blah blah blah blah blah blah blah blah blah blah blah blah blah blah blah"
                  text run at (0,48) width 444: "blah blah blah blah blah blah blah blah blah blah blah blah blah blah blah blah"
                  text run at (0,64) width 444: "blah blah blah blah blah blah blah blah blah blah blah blah blah blah blah blah"
                  text run at (0,80) width 444: "blah blah blah blah blah blah blah blah blah blah blah blah blah blah blah blah"
                  text run at (0,96) width 444: "blah blah blah blah blah blah blah blah blah blah blah blah blah blah blah blah"
                  text run at (0,112) width 444: "blah blah blah blah blah blah blah blah blah blah blah blah blah blah blah blah"
                  text run at (0,128) width 444: "blah blah blah blah blah blah blah blah blah blah blah blah blah blah blah blah"
                  text run at (0,144) width 444: "blah blah blah blah blah blah blah blah blah blah blah blah blah blah blah blah"
                  text run at (0,160) width 444: "blah blah blah blah blah blah blah blah blah blah blah blah blah blah blah blah"
                  text run at (0,176) width 444: "blah blah blah blah blah blah blah blah blah blah blah blah blah blah blah blah"
                  text run at (0,192) width 444: "blah blah blah blah blah blah blah blah blah blah blah blah blah blah blah blah"
                  text run at (0,208) width 444: "blah blah blah blah blah blah blah blah blah blah blah blah blah blah blah blah"
                  text run at (0,224) width 108: "blah blah blah blah"
              LayoutBlockFlow {H2} at (5,557.80) size 449x20
                LayoutText {#text} at (0,0) size 120x19
                  text run at (0,0) width 120: "Linux.com Live!"
              LayoutBlockFlow {P} at (5,591.06) size 449x240
                LayoutText {#text} at (0,0) size 444x240
                  text run at (0,0) width 444: "blah blah blah blah blah blah blah blah blah blah blah blah blah blah blah blah"
                  text run at (0,16) width 444: "blah blah blah blah blah blah blah blah blah blah blah blah blah blah blah blah"
                  text run at (0,32) width 444: "blah blah blah blah blah blah blah blah blah blah blah blah blah blah blah blah"
                  text run at (0,48) width 444: "blah blah blah blah blah blah blah blah blah blah blah blah blah blah blah blah"
                  text run at (0,64) width 444: "blah blah blah blah blah blah blah blah blah blah blah blah blah blah blah blah"
                  text run at (0,80) width 444: "blah blah blah blah blah blah blah blah blah blah blah blah blah blah blah blah"
                  text run at (0,96) width 444: "blah blah blah blah blah blah blah blah blah blah blah blah blah blah blah blah"
                  text run at (0,112) width 444: "blah blah blah blah blah blah blah blah blah blah blah blah blah blah blah blah"
                  text run at (0,128) width 444: "blah blah blah blah blah blah blah blah blah blah blah blah blah blah blah blah"
                  text run at (0,144) width 444: "blah blah blah blah blah blah blah blah blah blah blah blah blah blah blah blah"
                  text run at (0,160) width 444: "blah blah blah blah blah blah blah blah blah blah blah blah blah blah blah blah"
                  text run at (0,176) width 444: "blah blah blah blah blah blah blah blah blah blah blah blah blah blah blah blah"
                  text run at (0,192) width 444: "blah blah blah blah blah blah blah blah blah blah blah blah blah blah blah blah"
                  text run at (0,208) width 444: "blah blah blah blah blah blah blah blah blah blah blah blah blah blah blah blah"
                  text run at (0,224) width 108: "blah blah blah blah"
              LayoutBlockFlow {H2} at (5,844.33) size 449x20
                LayoutText {#text} at (0,0) size 58x19
                  text run at (0,0) width 58: "Tuneup"
              LayoutBlockFlow {P} at (5,877.59) size 449x240
                LayoutText {#text} at (0,0) size 444x240
                  text run at (0,0) width 444: "blah blah blah blah blah blah blah blah blah blah blah blah blah blah blah blah"
                  text run at (0,16) width 444: "blah blah blah blah blah blah blah blah blah blah blah blah blah blah blah blah"
                  text run at (0,32) width 444: "blah blah blah blah blah blah blah blah blah blah blah blah blah blah blah blah"
                  text run at (0,48) width 444: "blah blah blah blah blah blah blah blah blah blah blah blah blah blah blah blah"
                  text run at (0,64) width 444: "blah blah blah blah blah blah blah blah blah blah blah blah blah blah blah blah"
                  text run at (0,80) width 444: "blah blah blah blah blah blah blah blah blah blah blah blah blah blah blah blah"
                  text run at (0,96) width 444: "blah blah blah blah blah blah blah blah blah blah blah blah blah blah blah blah"
                  text run at (0,112) width 444: "blah blah blah blah blah blah blah blah blah blah blah blah blah blah blah blah"
                  text run at (0,128) width 444: "blah blah blah blah blah blah blah blah blah blah blah blah blah blah blah blah"
                  text run at (0,144) width 444: "blah blah blah blah blah blah blah blah blah blah blah blah blah blah blah blah"
                  text run at (0,160) width 444: "blah blah blah blah blah blah blah blah blah blah blah blah blah blah blah blah"
                  text run at (0,176) width 444: "blah blah blah blah blah blah blah blah blah blah blah blah blah blah blah blah"
                  text run at (0,192) width 444: "blah blah blah blah blah blah blah blah blah blah blah blah blah blah blah blah"
                  text run at (0,208) width 444: "blah blah blah blah blah blah blah blah blah blah blah blah blah blah blah blah"
                  text run at (0,224) width 108: "blah blah blah blah"
              LayoutBlockFlow {H2} at (5,1130.86) size 449x20
                LayoutText {#text} at (0,0) size 29x19
                  text run at (0,0) width 29: "Poll"
              LayoutBlockFlow {P} at (5,1164.13) size 449x16
                LayoutText {#text} at (0,0) size 307x16
                  text run at (0,0) width 307: "This stuff is cropped off in Mozilla for whatever reason"
            LayoutTableCell {TD} at (600,2) size 135x402.59 [bgcolor=#FFFFFF] [r=0 c=2 rs=1 cs=1]
              LayoutBlockFlow {H2} at (5,18.27) size 125x20
                LayoutText {#text} at (0,0) size 47x19
                  text run at (0,0) width 47: "OSDN"
              LayoutBlockFlow {P} at (5,51.53) size 125x80
                LayoutText {#text} at (0,0) size 108x80
                  text run at (0,0) width 108: "blah blah blah blah"
                  text run at (0,16) width 108: "blah blah blah blah"
                  text run at (0,32) width 108: "blah blah blah blah"
                  text run at (0,48) width 108: "blah blah blah blah"
                  text run at (0,64) width 52: "blah blah"
              LayoutBlockFlow {H2} at (5,144.80) size 125x20
                LayoutText {#text} at (0,0) size 45x19
                  text run at (0,0) width 45: "POTD"
              LayoutBlockFlow {P} at (5,178.06) size 125x80
                LayoutText {#text} at (0,0) size 108x80
                  text run at (0,0) width 108: "blah blah blah blah"
                  text run at (0,16) width 108: "blah blah blah blah"
                  text run at (0,32) width 108: "blah blah blah blah"
                  text run at (0,48) width 108: "blah blah blah blah"
                  text run at (0,64) width 52: "blah blah"
              LayoutBlockFlow {H2} at (5,271.33) size 125x20
                LayoutText {#text} at (0,0) size 48x19
                  text run at (0,0) width 48: "Log In"
              LayoutBlockFlow {P} at (5,304.59) size 125x80
                LayoutText {#text} at (0,0) size 108x80
                  text run at (0,0) width 108: "blah blah blah blah"
                  text run at (0,16) width 108: "blah blah blah blah"
                  text run at (0,32) width 108: "blah blah blah blah"
                  text run at (0,48) width 108: "blah blah blah blah"
                  text run at (0,64) width 52: "blah blah"
          LayoutTableRow {TR} at (0,845) size 737x355
            LayoutTableCell {TD} at (600,1030) size 135x169.53 [bgcolor=#FFFFFF] [r=1 c=2 rs=1 cs=1]
              LayoutBlockFlow {H2} at (5,18.27) size 125x40
                LayoutText {#text} at (0,0) size 88x39
                  text run at (0,0) width 88: "Community"
                  text run at (0,20) width 56: "Banner"
              LayoutBlockFlow {P} at (5,71.53) size 125x80
                LayoutText {#text} at (0,0) size 108x80
                  text run at (0,0) width 108: "blah blah blah blah"
                  text run at (0,16) width 108: "blah blah blah blah"
                  text run at (0,32) width 108: "blah blah blah blah"
                  text run at (0,48) width 108: "blah blah blah blah"
                  text run at (0,64) width 52: "blah blah"
