layer at (0,0) size 800x600
  LayoutView at (0,0) size 800x600
layer at (0,0) size 800x95
  LayoutBlockFlow {HTML} at (0,0) size 800x94.81
    LayoutBlockFlow {BODY} at (8,19.91) size 784x66.91
      LayoutBlockFlow {H2} at (0,0) size 784x27
        LayoutText {#text} at (0,0) size 203x26
          text run at (0,0) width 203: "table-column-group"
      LayoutTable {DIV} at (0,46.91) size 64x20
        LayoutTableCol {DIV} at (0,0) size 0x0
          LayoutTableCol {DIV} at (0,0) size 0x0
          LayoutTableCol {DIV} at (0,0) size 0x0
        LayoutTableSection (anonymous) at (0,0) size 64x20
          LayoutTableRow {DIV} at (0,0) size 64x20
            LayoutTableCell {DIV} at (0,0) size 32x20 [r=0 c=0 rs=1 cs=1]
              LayoutText {#text} at (0,0) size 32x19
                text run at (0,0) width 32: "white"
            LayoutTableCell {DIV} at (32,0) size 32x20 [r=0 c=1 rs=1 cs=1]
              LayoutText {#text} at (0,0) size 32x19
                text run at (0,0) width 32: "white"
