layer at (0,0) size 800x600
  LayoutView at (0,0) size 800x600
layer at (0,0) size 800x600
  LayoutBlockFlow {HTML} at (0,0) size 800x600
    LayoutBlockFlow {BODY} at (8,8) size 784x584
      LayoutTable {TABLE} at (0,0) size 784x584 [border: (1px outset #808080)]
        LayoutTableSection {TBODY} at (1,1) size 782x582
          LayoutTableRow {TR} at (0,2) size 782x288
            LayoutTableCell {TD} at (2,134) size 778x24 [border: (1px inset #808080)] [r=0 c=0 rs=1 cs=1]
              LayoutText {#text} at (179,2) size 420x19
                text run at (179,2) width 420: "This table is not wrapped in a <CENTER> tag, with HEIGHT=100%"
          LayoutTableRow {TR} at (0,292) size 782x288
            LayoutTableCell {TD} at (2,424) size 778x24 [border: (1px inset #808080)] [r=1 c=0 rs=1 cs=1]
              LayoutInline {A} at (0,0) size 64x19 [color=#0000EE]
                LayoutText {#text} at (357,2) size 64x19
                  text run at (357,2) width 64: "This one is"
              LayoutText {#text} at (0,0) size 0x0
