layer at (0,0) size 800x600
  LayoutView at (0,0) size 800x600
layer at (0,0) size 800x600
  LayoutBlockFlow {HTML} at (0,0) size 800x600
    LayoutBlockFlow {BODY} at (8,8) size 784x584
      LayoutBlockFlow (anonymous) at (0,0) size 784x20
        LayoutText {#text} at (0,0) size 333x19
          text run at (0,0) width 333: "The window needs to be resized smaller to see the bug "
        LayoutBR {BR} at (333,15) size 0x0
      LayoutTable {TABLE} at (0,20) size 434x26
        LayoutTableSection {TBODY} at (0,0) size 434x26
          LayoutTableRow {TR} at (0,2) size 434x22
            LayoutTableCell {TD} at (2,2) size 34x22 [r=0 c=0 rs=1 cs=1]
              LayoutText {#text} at (1,1) size 32x19
                text run at (1,1) width 32: "Back"
            LayoutTableCell {TD} at (38,2) size 55x22 [r=0 c=1 rs=1 cs=1]
              LayoutText {#text} at (1,1) size 53x19
                text run at (1,1) width 53: "Forward"
            LayoutTableCell {TD} at (95,2) size 45x22 [r=0 c=2 rs=1 cs=1]
              LayoutText {#text} at (1,1) size 43x19
                text run at (1,1) width 43: "Reload"
            LayoutTableCell {TD} at (142,2) size 39x22 [r=0 c=3 rs=1 cs=1]
              LayoutText {#text} at (1,1) size 37x19
                text run at (1,1) width 37: "Home"
            LayoutTableCell {TD} at (183,2) size 44x22 [r=0 c=4 rs=1 cs=1]
              LayoutText {#text} at (1,1) size 42x19
                text run at (1,1) width 42: "Search"
            LayoutTableCell {TD} at (229,2) size 85x22 [r=0 c=5 rs=1 cs=1]
              LayoutText {#text} at (1,1) size 83x19
                text run at (1,1) width 83: "My Netscape"
            LayoutTableCell {TD} at (316,2) size 30x22 [r=0 c=6 rs=1 cs=1]
              LayoutText {#text} at (1,1) size 28x19
                text run at (1,1) width 28: "Print"
            LayoutTableCell {TD} at (348,2) size 51x22 [r=0 c=7 rs=1 cs=1]
              LayoutText {#text} at (1,1) size 49x19
                text run at (1,1) width 49: "Security"
            LayoutTableCell {TD} at (401,2) size 31x22 [r=0 c=8 rs=1 cs=1]
              LayoutText {#text} at (1,1) size 29x19
                text run at (1,1) width 29: "Stop"
