layer at (0,0) size 800x600
  LayoutView at (0,0) size 800x600
layer at (0,0) size 800x600
  LayoutBlockFlow {HTML} at (0,0) size 800x600
    LayoutBlockFlow {BODY} at (8,8) size 784x584
      LayoutTable {TABLE} at (0,0) size 99x56 [border: (1px solid #FF0000)]
        LayoutTableSection {TBODY} at (1,1) size 97x54
          LayoutTableRow {TR} at (0,2) size 97x24
            LayoutTableCell {TD} at (2,2) size 28x24 [border: (1px solid #008000)] [r=0 c=0 rs=1 cs=1]
              LayoutText {#text} at (2,2) size 22x19
                text run at (2,2) width 22: "one"
            LayoutTableCell {TD} at (32,2) size 27x24 [border: (1px solid #FF0000)] [r=0 c=1 rs=1 cs=1]
              LayoutText {#text} at (2,2) size 23x19
                text run at (2,2) width 23: "two"
            LayoutTableCell {TD} at (61,2) size 34x24 [border: (1px solid #0000FF)] [r=0 c=2 rs=1 cs=1]
              LayoutText {#text} at (2,2) size 30x19
                text run at (2,2) width 30: "three"
          LayoutTableRow {TR} at (0,28) size 97x24
            LayoutTableCell {TD} at (2,28) size 28x24 [border: (1px solid #008000)] [r=1 c=0 rs=1 cs=1]
              LayoutText {#text} at (2,2) size 24x19
                text run at (2,2) width 24: "four"
            LayoutTableCell {TD} at (32,28) size 27x24 [border: (1px solid #FFFF00)] [r=1 c=1 rs=1 cs=1]
              LayoutText {#text} at (2,2) size 21x19
                text run at (2,2) width 21: "five"
            LayoutTableCell {TD} at (61,28) size 34x24 [border: (1px solid #FFA500)] [r=1 c=2 rs=1 cs=1]
              LayoutText {#text} at (2,2) size 16x19
                text run at (2,2) width 16: "six"
      LayoutBlockFlow (anonymous) at (0,56) size 784x20
        LayoutBR {BR} at (0,0) size 0x19
      LayoutTable {TABLE} at (0,76) size 99x56 [border: (1px solid #FF0000)]
        LayoutTableSection {TBODY} at (1,1) size 97x54
          LayoutTableRow {TR} at (0,2) size 97x24
            LayoutTableCell {TD} at (2,2) size 28x24 [border: (1px solid #008000)] [r=0 c=0 rs=1 cs=1]
              LayoutText {#text} at (2,2) size 22x19
                text run at (2,2) width 22: "one"
            LayoutTableCell {TD} at (32,2) size 27x24 [border: (1px solid #FF0000)] [r=0 c=1 rs=1 cs=1]
              LayoutText {#text} at (2,2) size 23x19
                text run at (2,2) width 23: "two"
            LayoutTableCell {TD} at (61,2) size 34x24 [border: (1px solid #0000FF)] [r=0 c=2 rs=1 cs=1]
              LayoutText {#text} at (2,2) size 30x19
                text run at (2,2) width 30: "three"
          LayoutTableRow {TR} at (0,28) size 97x24
            LayoutTableCell {TD} at (2,28) size 28x24 [border: (1px solid #008000)] [r=1 c=0 rs=1 cs=1]
              LayoutText {#text} at (2,2) size 24x19
                text run at (2,2) width 24: "four"
            LayoutTableCell {TD} at (32,28) size 27x24 [border: (1px solid #FFFF00)] [r=1 c=1 rs=1 cs=1]
              LayoutText {#text} at (2,2) size 21x19
                text run at (2,2) width 21: "five"
            LayoutTableCell {TD} at (61,28) size 34x24 [border: (1px solid #FFA500)] [r=1 c=2 rs=1 cs=1]
              LayoutText {#text} at (2,2) size 16x19
                text run at (2,2) width 16: "six"
      LayoutBlockFlow (anonymous) at (0,132) size 784x40
        LayoutBR {BR} at (0,0) size 0x19
        LayoutText {#text} at (0,20) size 220x19
          text run at (0,20) width 220: "should be 2px solid red around table"
      LayoutTable {TABLE} at (0,172) size 71x32 [border: (2px solid #FF0000)]
        LayoutTableSection {TBODY} at (2,2) size 67x28
          LayoutTableRow {TR} at (0,2) size 67x24
            LayoutTableCell {TD} at (2,2) size 30x24 [border: (1px inset #FF0000)] [r=0 c=0 rs=1 cs=1]
              LayoutText {#text} at (2,2) size 26x19
                text run at (2,2) width 26: "One"
            LayoutTableCell {TD} at (34,2) size 31x24 [border: (1px inset #FF0000)] [r=0 c=1 rs=1 cs=1]
              LayoutText {#text} at (2,2) size 27x19
                text run at (2,2) width 27: "Two"
      LayoutBlockFlow (anonymous) at (0,204) size 784x40
        LayoutBR {BR} at (0,0) size 0x19
        LayoutText {#text} at (0,20) size 244x19
          text run at (0,20) width 244: "should be medium solid red around table"
      LayoutTable {TABLE} at (0,244) size 73x34 [border: (3px solid #FF0000)]
        LayoutTableSection {TBODY} at (3,3) size 67x28
          LayoutTableRow {TR} at (0,2) size 67x24
            LayoutTableCell {TD} at (2,2) size 30x24 [border: (1px inset #FF0000)] [r=0 c=0 rs=1 cs=1]
              LayoutText {#text} at (2,2) size 26x19
                text run at (2,2) width 26: "One"
            LayoutTableCell {TD} at (34,2) size 31x24 [border: (1px inset #FF0000)] [r=0 c=1 rs=1 cs=1]
              LayoutText {#text} at (2,2) size 27x19
                text run at (2,2) width 27: "Two"
