layer at (0,0) size 800x600
  LayoutView at (0,0) size 800x600
layer at (0,0) size 800x600
  LayoutBlockFlow {HTML} at (0,0) size 800x600
    LayoutBlockFlow {BODY} at (0,0) size 800x600
      LayoutBlockFlow {P} at (0,0) size 800x40
        LayoutText {#text} at (20,0) size 748x39
          text run at (20,0) width 465: "Here's the same two row table, but the second instance reverses the order of "
          text run at (485,0) width 283: "the rows: note that it is the first row that defines"
          text run at (20,20) width 144: "the width (which would "
          text run at (164,20) width 244: "be right if this were table-layout: fixed ;-)"
      LayoutTable {TABLE} at (0,56) size 800x41 [border: (1px outset #808080)]
        LayoutTableSection {TBODY} at (1,1) size 798x39
          LayoutTableRow {TR} at (0,0) size 798x17
            LayoutTableCell {TD} at (0,7) size 17x3 [bgcolor=#666666] [border: (1px inset #808080)] [r=0 c=0 rs=1 cs=1]
              LayoutImage {IMG} at (1,1) size 15x1
            LayoutTableCell {TD} at (17,0) size 764x17 [border: (1px inset #808080)] [r=0 c=1 rs=1 cs=1]
              LayoutImage {IMG} at (1,1) size 110x15
            LayoutTableCell {TD} at (781,7) size 17x3 [bgcolor=#666666] [border: (1px inset #808080)] [r=0 c=2 rs=1 cs=1]
              LayoutImage {IMG} at (1,1) size 15x1
          LayoutTableRow {TR} at (0,17) size 798x22
            LayoutTableCell {TD} at (0,26) size 17x3 [bgcolor=#666666] [border: (1px inset #808080)] [r=1 c=0 rs=1 cs=1]
              LayoutImage {IMG} at (1,1) size 15x1
            LayoutTableCell {TD} at (17,17) size 764x22 [border: (1px inset #808080)] [r=1 c=1 rs=1 cs=1]
              LayoutText {#text} at (1,1) size 22x19
                text run at (1,1) width 22: "that"
            LayoutTableCell {TD} at (781,26) size 17x3 [bgcolor=#666666] [border: (1px inset #808080)] [r=1 c=2 rs=1 cs=1]
              LayoutImage {IMG} at (1,1) size 15x1
      LayoutBlockFlow (anonymous) at (0,97) size 800x20
        LayoutBR {BR} at (0,0) size 0x19
      LayoutTable {TABLE} at (0,117) size 800x41 [border: (1px outset #808080)]
        LayoutTableSection {TBODY} at (1,1) size 798x39
          LayoutTableRow {TR} at (0,0) size 798x22
            LayoutTableCell {TD} at (0,9) size 17x3 [bgcolor=#666666] [border: (1px inset #808080)] [r=0 c=0 rs=1 cs=1]
              LayoutImage {IMG} at (1,1) size 15x1
            LayoutTableCell {TD} at (17,0) size 764x22 [border: (1px inset #808080)] [r=0 c=1 rs=1 cs=1]
              LayoutText {#text} at (1,1) size 22x19
                text run at (1,1) width 22: "that"
            LayoutTableCell {TD} at (781,9) size 17x3 [bgcolor=#666666] [border: (1px inset #808080)] [r=0 c=2 rs=1 cs=1]
              LayoutImage {IMG} at (1,1) size 15x1
          LayoutTableRow {TR} at (0,22) size 798x17
            LayoutTableCell {TD} at (0,29) size 17x3 [bgcolor=#666666] [border: (1px inset #808080)] [r=1 c=0 rs=1 cs=1]
              LayoutImage {IMG} at (1,1) size 15x1
            LayoutTableCell {TD} at (17,22) size 764x17 [border: (1px inset #808080)] [r=1 c=1 rs=1 cs=1]
              LayoutImage {IMG} at (1,1) size 110x15
            LayoutTableCell {TD} at (781,29) size 17x3 [bgcolor=#666666] [border: (1px inset #808080)] [r=1 c=2 rs=1 cs=1]
              LayoutImage {IMG} at (1,1) size 15x1
