layer at (0,0) size 800x600
  LayoutView at (0,0) size 800x600
layer at (0,0) size 800x600
  LayoutBlockFlow {HTML} at (0,0) size 800x600
    LayoutBlockFlow {BODY} at (8,8) size 784x584 [bgcolor=#FFFFFF]
      LayoutTable {TABLE} at (0,0) size 75x30
        LayoutTableSection {TBODY} at (0,0) size 75x30
          LayoutTableRow {TR} at (0,5) size 75x20
            LayoutTableCell {TD} at (5,5) size 27x20 [r=0 c=0 rs=1 cs=1]
              LayoutText {#text} at (0,0) size 27x19
                text run at (0,0) width 27: "Blah"
            LayoutTableCell {TD} at (37,15) size 1x0 [bgcolor=#000000] [r=0 c=1 rs=1 cs=1]
              LayoutInline {SPACER} at (0,0) size 0x0
            LayoutTableCell {TD} at (43,5) size 27x20 [r=0 c=2 rs=1 cs=1]
              LayoutText {#text} at (0,0) size 27x19
                text run at (0,0) width 27: "Blah"
      LayoutBlockFlow (anonymous) at (0,30) size 784x20
        LayoutBR {BR} at (0,0) size 0x19
