layer at (0,0) size 800x600
  LayoutView at (0,0) size 800x600
layer at (0,0) size 800x600
  LayoutBlockFlow {HTML} at (0,0) size 800x600
    LayoutBlockFlow {BODY} at (8,8) size 784x584 [bgcolor=#FFFFFF]
      LayoutInline {A} at (0,0) size 60x19 [color=#0000EE]
        LayoutText {#text} at (0,0) size 60x19
          text run at (0,0) width 60: "Hide Blue"
      LayoutText {#text} at (60,0) size 12x19
        text run at (60,0) width 12: "   "
      LayoutInline {A} at (0,0) size 66x19 [color=#0000EE]
        LayoutText {#text} at (72,0) size 66x19
          text run at (72,0) width 66: "Show Blue"
      LayoutText {#text} at (138,0) size 12x19
        text run at (138,0) width 12: "   "
      LayoutBR {BR} at (0,0) size 0x0
      LayoutText {#text} at (0,20) size 173x19
        text run at (0,20) width 173: "Should not see the blue table"
      LayoutBR {BR} at (173,35) size 0x0
      LayoutBR {BR} at (0,40) size 0x19
