layer at (0,0) size 800x600
  LayoutView at (0,0) size 800x600
layer at (0,0) size 800x528
  LayoutBlockFlow {HTML} at (0,0) size 800x528
    LayoutBlockFlow {BODY} at (8,8) size 784x504
      LayoutBlockFlow (anonymous) at (0,0) size 784x20
        LayoutInline {DIV} at (0,0) size 528x16 [color=#FFFFFF] [bgcolor=#FF0000]
          LayoutText {#text} at (0,2) size 528x16
            text run at (0,2) width 528: "Ahem_font_required_for_this_test."
        LayoutText {#text} at (0,0) size 0x0
      LayoutBlockFlow {P} at (16,36) size 752x20 [color=#008000]
        LayoutText {#text} at (0,0) size 340x19
          text run at (0,0) width 340: "This line should be green. There should be no red below."
      LayoutBlockFlow {P} at (16,72) size 96x16 [color=#008000]
        LayoutInline {SPAN} at (0,0) size 96x16 [color=#FFFFFF] [bgcolor=#FF0000]
          LayoutText {#text} at (0,0) size 96x16
            text run at (0,0) width 96: "FAIL-a"
        LayoutText {#text} at (0,0) size 0x0
      LayoutBlockFlow {P} at (16,104) size 96x16 [color=#008000]
        LayoutInline {SPAN} at (0,0) size 96x16 [color=#FFFFFF] [bgcolor=#FF0000]
          LayoutText {#text} at (0,0) size 96x16
            text run at (0,0) width 96: "FAIL-b"
        LayoutText {#text} at (0,0) size 0x0
      LayoutBlockFlow {P} at (16,136) size 96x16 [color=#008000]
        LayoutInline {SPAN} at (0,0) size 96x16 [color=#FFFFFF] [bgcolor=#FF0000]
          LayoutText {#text} at (0,0) size 96x16
            text run at (0,0) width 96: "FAIL-c"
        LayoutText {#text} at (0,0) size 0x0
      LayoutBlockFlow {P} at (16,168) size 96x16 [color=#008000]
        LayoutInline {SPAN} at (0,0) size 96x16 [color=#FFFFFF] [bgcolor=#FF0000]
          LayoutText {#text} at (0,0) size 96x16
            text run at (0,0) width 96: "FAIL-d"
        LayoutText {#text} at (0,0) size 0x0
      LayoutBlockFlow {P} at (16,200) size 96x16 [color=#008000]
        LayoutInline {SPAN} at (0,0) size 96x16 [color=#FFFFFF] [bgcolor=#FF0000]
          LayoutText {#text} at (0,0) size 96x16
            text run at (0,0) width 96: "FAIL-e"
        LayoutText {#text} at (0,0) size 0x0
      LayoutBlockFlow {P} at (16,232) size 96x16 [color=#008000]
        LayoutInline {SPAN} at (0,0) size 96x16 [color=#FFFFFF] [bgcolor=#FF0000]
          LayoutText {#text} at (0,0) size 96x16
            text run at (0,0) width 96: "FAIL-f"
        LayoutText {#text} at (0,0) size 0x0
      LayoutBlockFlow {P} at (16,264) size 96x16 [color=#008000]
        LayoutInline {SPAN} at (0,0) size 96x16 [color=#FFFFFF] [bgcolor=#FF0000]
          LayoutText {#text} at (0,0) size 96x16
            text run at (0,0) width 96: "FAIL-g"
        LayoutText {#text} at (0,0) size 0x0
      LayoutBlockFlow {P} at (16,296) size 96x16 [color=#008000]
        LayoutInline {SPAN} at (0,0) size 96x16 [color=#FFFFFF] [bgcolor=#FF0000]
          LayoutText {#text} at (0,0) size 96x16
            text run at (0,0) width 96: "FAIL-h"
        LayoutText {#text} at (0,0) size 0x0
      LayoutBlockFlow {P} at (16,328) size 96x16 [color=#008000]
        LayoutInline {SPAN} at (0,0) size 96x16 [color=#FFFFFF] [bgcolor=#FF0000]
          LayoutText {#text} at (0,0) size 96x16
            text run at (0,0) width 96: "FAIL-i"
        LayoutText {#text} at (0,0) size 0x0
      LayoutBlockFlow {P} at (16,360) size 96x16 [color=#008000]
        LayoutInline {SPAN} at (0,0) size 96x16 [color=#FFFFFF] [bgcolor=#FF0000]
          LayoutText {#text} at (0,0) size 96x16
            text run at (0,0) width 96: "FAIL-j"
        LayoutText {#text} at (0,0) size 0x0
      LayoutBlockFlow {P} at (16,392) size 96x16 [color=#008000]
        LayoutInline {SPAN} at (0,0) size 96x16 [color=#FFFFFF] [bgcolor=#FF0000]
          LayoutText {#text} at (0,0) size 96x16
            text run at (0,0) width 96: "FAIL-k"
        LayoutText {#text} at (0,0) size 0x0
      LayoutBlockFlow {P} at (16,424) size 96x16 [color=#008000]
        LayoutInline {SPAN} at (0,0) size 96x16 [color=#FFFFFF] [bgcolor=#FF0000]
          LayoutText {#text} at (0,0) size 96x16
            text run at (0,0) width 96: "FAIL-l"
        LayoutText {#text} at (0,0) size 0x0
      LayoutBlockFlow {P} at (16,456) size 96x16 [color=#008000]
        LayoutInline {SPAN} at (0,0) size 96x16 [color=#FFFFFF] [bgcolor=#FF0000]
          LayoutText {#text} at (0,0) size 96x16
            text run at (0,0) width 96: "FAIL-m"
        LayoutText {#text} at (0,0) size 0x0
      LayoutBlockFlow {P} at (16,488) size 96x16 [color=#008000]
        LayoutInline {SPAN} at (0,0) size 96x16 [color=#FFFFFF] [bgcolor=#FF0000]
          LayoutText {#text} at (0,0) size 96x16
            text run at (0,0) width 96: "FAIL-n"
        LayoutText {#text} at (0,0) size 0x0
