layer at (0,0) size 800x600 scrollY 1436.00 scrollHeight 2036
  LayoutView at (0,0) size 800x600
layer at (0,0) size 800x2036 backgroundClip at (0,0) size 800x600 clip at (0,0) size 800x600
  LayoutBlockFlow {HTML} at (0,0) size 800x2036
    LayoutBlockFlow {BODY} at (8,8) size 784x2020
      LayoutBlockFlow {DIV} at (0,0) size 784x2000
        LayoutText {#text} at (0,0) size 331x19
          text run at (0,0) width 331: "padding to make link be initially scrolled out of sight"
      LayoutBlockFlow (anonymous) at (0,2000) size 784x20
        LayoutInline {A} at (0,0) size 355x19 [color=#551A8B]
          LayoutText {#text} at (0,0) size 355x19
            text run at (0,0) width 355: "this link should be focused and revealed after page loads"
        LayoutText {#text} at (0,0) size 0x0
scrolled to 0,1436
