layer at (0,0) size 800x600
  LayoutView at (0,0) size 800x600
layer at (0,0) size 800x600
  LayoutBlockFlow {HTML} at (0,0) size 800x600
    LayoutBlockFlow {BODY} at (8,8) size 784x584
      LayoutTable {TABLE} at (0,0) size 160x156 [border: (2px outset #808080)]
        LayoutTableCol {COLGROUP} at (0,0) size 0x0
          LayoutTableCol {COL} at (0,0) size 0x0
          LayoutTableCol {COL} at (0,0) size 0x0
        LayoutTableSection {TBODY} at (2,2) size 156x152
          LayoutTableRow {TR} at (0,2) size 156x40
            LayoutTableCell {TH} at (2,2) size 50x40 [border: (1px inset #808080)] [r=0 c=0 rs=1 cs=1]
              LayoutText {#text} at (15,2) size 38x36
                text run at (15,2) width 20: "La"
                text run at (6,20) width 38: "Mesa"
            LayoutTableCell {TD} at (54,11) size 100x22 [border: (1px inset #808080)] [r=0 c=1 rs=1 cs=1]
              LayoutText {#text} at (2,2) size 12x18
                text run at (2,2) width 12: "X"
          LayoutTableRow {TR} at (0,44) size 156x40
            LayoutTableCell {TH} at (2,44) size 50x40 [border: (1px inset #808080)] [r=1 c=0 rs=1 cs=1]
              LayoutText {#text} at (17,2) size 42x36
                text run at (17,2) width 16: "El"
                text run at (4,20) width 42: "Cajon"
            LayoutTableCell {TD} at (54,53) size 100x22 [border: (1px inset #808080)] [r=1 c=1 rs=1 cs=1]
              LayoutText {#text} at (2,2) size 12x18
                text run at (2,2) width 12: "X"
          LayoutTableRow {TR} at (0,86) size 156x40
            LayoutTableCell {TH} at (2,86) size 50x40 [border: (1px inset #808080)] [r=2 c=0 rs=1 cs=1]
              LayoutText {#text} at (4,2) size 42x36
                text run at (4,2) width 42: "Chula"
                text run at (7,20) width 36: "Vista"
            LayoutTableCell {TD} at (54,95) size 100x22 [border: (1px inset #808080)] [r=2 c=1 rs=1 cs=1]
              LayoutText {#text} at (2,2) size 12x18
                text run at (2,2) width 12: "X"
          LayoutTableRow {TR} at (0,128) size 156x22
            LayoutTableCell {TH} at (2,128) size 50x22 [border: (1px inset #808080)] [r=3 c=0 rs=1 cs=1]
              LayoutText {#text} at (2,2) size 46x18
                text run at (2,2) width 46: "Bonita"
            LayoutTableCell {TD} at (54,128) size 100x22 [border: (1px inset #808080)] [r=3 c=1 rs=1 cs=1]
              LayoutText {#text} at (2,2) size 28x18
                text run at (2,2) width 28: "N/A"
