layer at (0,0) size 800x600
  LayoutView at (0,0) size 800x600
layer at (0,0) size 800x600
  LayoutBlockFlow {HTML} at (0,0) size 800x600
    LayoutBlockFlow {BODY} at (0,0) size 800x600 [bgcolor=#FFFFFF]
      LayoutBlockFlow (anonymous) at (0,0) size 800x0
        LayoutInline {SPAN} at (0,0) size 0x0
          LayoutText {#text} at (0,0) size 0x0
          LayoutInline {TDX} at (0,0) size 0x0
            LayoutInline {IMGX} at (0,0) size 0x0
      LayoutBlockFlow (anonymous) at (0,0) size 800x80
        LayoutTable {TABLE} at (0,0) size 800x80 [bgcolor=#FFFFFF]
          LayoutTableSection {TBODY} at (0,0) size 800x80
            LayoutTableRow {TR} at (0,0) size 800x20
              LayoutTableCell {TD} at (0,0) size 324x60 [r=0 c=0 rs=2 cs=1]
                LayoutInline {A} at (0,0) size 250x18 [color=#003399]
                  LayoutImage {IMG} at (0,0) size 250x60
              LayoutTableCell {TD} at (324,0) size 23x20 [r=0 c=1 rs=1 cs=1]
                LayoutImage {IMG} at (5,0) size 18x20
              LayoutTableCell {TD} at (347,4) size 453x12 [bgcolor=#000000] [r=0 c=2 rs=1 cs=2]
                LayoutInline {FONT} at (0,0) size 348x12 [color=#FFFFFF]
                  LayoutText {#text} at (0,0) size 0x0
                  LayoutInline {B} at (0,0) size 348x12
                    LayoutText {#text} at (105,0) size 7x12
                      text run at (105,0) width 7: "  "
                    LayoutInline {A} at (0,0) size 69x12
                      LayoutInline {FONT} at (0,0) size 69x12
                        LayoutText {#text} at (111,0) size 69x12
                          text run at (111,0) width 69: "All Products"
                    LayoutText {#text} at (179,0) size 8x12
                      text run at (179,0) width 8: "  "
                    LayoutInline {FONT} at (0,0) size 6x12
                      LayoutText {#text} at (186,0) size 6x12
                        text run at (186,0) width 6: "|"
                    LayoutText {#text} at (191,0) size 12x12
                      text run at (191,0) width 5: " "
                      text run at (195,0) width 8: "  "
                    LayoutInline {A} at (0,0) size 45x12
                      LayoutInline {FONT} at (0,0) size 45x12
                        LayoutText {#text} at (202,0) size 45x12
                          text run at (202,0) width 45: "Support"
                    LayoutText {#text} at (246,0) size 8x12
                      text run at (246,0) width 8: "  "
                    LayoutInline {FONT} at (0,0) size 6x12
                      LayoutText {#text} at (253,0) size 6x12
                        text run at (253,0) width 6: "|"
                    LayoutText {#text} at (258,0) size 12x12
                      text run at (258,0) width 5: " "
                      text run at (262,0) width 8: "  "
                    LayoutInline {A} at (0,0) size 39x12
                      LayoutInline {FONT} at (0,0) size 39x12
                        LayoutText {#text} at (269,0) size 39x12
                          text run at (269,0) width 39: "Search"
                    LayoutText {#text} at (307,0) size 8x12
                      text run at (307,0) width 8: "  "
                    LayoutInline {FONT} at (0,0) size 6x12
                      LayoutText {#text} at (314,0) size 6x12
                        text run at (314,0) width 6: "|"
                    LayoutText {#text} at (319,0) size 12x12
                      text run at (319,0) width 5: " "
                      text run at (323,0) width 8: "  "
                    LayoutInline {A} at (0,0) size 117x12
                      LayoutInline {FONT} at (0,0) size 117x12
                        LayoutText {#text} at (330,0) size 117x12
                          text run at (330,0) width 117: "microsoft.com Home"
                    LayoutText {#text} at (446,0) size 7x12
                      text run at (446,0) width 7: "  "
                  LayoutText {#text} at (0,0) size 0x0
            LayoutTableRow {TR} at (0,20) size 800x40
              LayoutTableCell {TD} at (324,20) size 476x40 [r=1 c=1 rs=1 cs=2]
                LayoutInline {A} at (0,0) size 112x18 [color=#003399]
                  LayoutImage {IMG} at (364,0) size 112x40
            LayoutTableRow {TR} at (0,60) size 800x20
              LayoutTableCell {TD} at (0,64) size 800x12 [bgcolor=#6699CC] [r=2 c=0 rs=1 cs=4]
                LayoutInline {FONT} at (0,0) size 596x12 [color=#FFFFFF]
                  LayoutInline {B} at (0,0) size 596x12
                    LayoutText {#text} at (0,0) size 7x12
                      text run at (0,0) width 7: "  "
                    LayoutInline {A} at (0,0) size 34x12
                      LayoutInline {FONT} at (0,0) size 34x12
                        LayoutText {#text} at (6,0) size 34x12
                          text run at (6,0) width 34: "Home"
                    LayoutText {#text} at (39,0) size 8x12
                      text run at (39,0) width 8: "  "
                    LayoutInline {FONT} at (0,0) size 6x12
                      LayoutText {#text} at (46,0) size 6x12
                        text run at (46,0) width 6: "|"
                    LayoutText {#text} at (51,0) size 11x12
                      text run at (51,0) width 4: " "
                      text run at (54,0) width 8: "  "
                    LayoutInline {A} at (0,0) size 39x12
                      LayoutInline {FONT} at (0,0) size 39x12
                        LayoutText {#text} at (61,0) size 39x12
                          text run at (61,0) width 39: "Events"
                    LayoutText {#text} at (99,0) size 8x12
                      text run at (99,0) width 8: "  "
                    LayoutInline {FONT} at (0,0) size 6x12
                      LayoutText {#text} at (106,0) size 6x12
                        text run at (106,0) width 6: "|"
                    LayoutText {#text} at (111,0) size 11x12
                      text run at (111,0) width 4: " "
                      text run at (115,0) width 7: "  "
                    LayoutInline {A} at (0,0) size 48x12
                      LayoutInline {FONT} at (0,0) size 48x12
                        LayoutText {#text} at (121,0) size 48x12
                          text run at (121,0) width 48: "Training"
                    LayoutText {#text} at (168,0) size 8x12
                      text run at (168,0) width 8: "  "
                    LayoutInline {FONT} at (0,0) size 6x12
                      LayoutText {#text} at (175,0) size 6x12
                        text run at (175,0) width 6: "|"
                    LayoutText {#text} at (180,0) size 11x12
                      text run at (180,0) width 5: " "
                      text run at (184,0) width 7: "  "
                    LayoutInline {A} at (0,0) size 63x12
                      LayoutInline {FONT} at (0,0) size 63x12
                        LayoutText {#text} at (190,0) size 63x12
                          text run at (190,0) width 63: "Downloads"
                    LayoutText {#text} at (252,0) size 8x12
                      text run at (252,0) width 8: "  "
                    LayoutInline {FONT} at (0,0) size 7x12
                      LayoutText {#text} at (259,0) size 7x12
                        text run at (259,0) width 7: "|"
                    LayoutText {#text} at (265,0) size 11x12
                      text run at (265,0) width 4: " "
                      text run at (268,0) width 8: "  "
                    LayoutInline {A} at (0,0) size 68x12
                      LayoutInline {FONT} at (0,0) size 68x12
                        LayoutText {#text} at (275,0) size 68x12
                          text run at (275,0) width 68: "Newsletters"
                    LayoutText {#text} at (342,0) size 8x12
                      text run at (342,0) width 8: "  "
                    LayoutInline {FONT} at (0,0) size 7x12
                      LayoutText {#text} at (349,0) size 7x12
                        text run at (349,0) width 7: "|"
                    LayoutText {#text} at (355,0) size 11x12
                      text run at (355,0) width 4: " "
                      text run at (358,0) width 8: "  "
                    LayoutInline {A} at (0,0) size 113x12
                      LayoutInline {FONT} at (0,0) size 113x12
                        LayoutText {#text} at (365,0) size 113x12
                          text run at (365,0) width 113: "U.S. & International"
                    LayoutText {#text} at (477,0) size 8x12
                      text run at (477,0) width 8: "  "
                    LayoutInline {FONT} at (0,0) size 7x12
                      LayoutText {#text} at (484,0) size 7x12
                        text run at (484,0) width 7: "|"
                    LayoutText {#text} at (490,0) size 11x12
                      text run at (490,0) width 4: " "
                      text run at (493,0) width 8: "  "
                    LayoutInline {A} at (0,0) size 83x12
                      LayoutInline {FONT} at (0,0) size 83x12
                        LayoutText {#text} at (500,0) size 83x12
                          text run at (500,0) width 83: "About Our Site"
                    LayoutText {#text} at (582,0) size 8x12
                      text run at (582,0) width 8: "  "
                    LayoutInline {FONT} at (0,0) size 7x12
                      LayoutText {#text} at (589,0) size 7x12
                        text run at (589,0) width 7: "|"
                    LayoutText {#text} at (0,0) size 0x0
      LayoutBlockFlow (anonymous) at (0,80) size 800x0
        LayoutInline {SPAN} at (0,0) size 0x0
