layer at (0,0) size 800x600 clip at (0,0) size 785x600 scrollHeight 812
  LayoutView at (0,0) size 800x600
layer at (0,0) size 785x812 backgroundClip at (0,0) size 785x600 clip at (0,0) size 785x600
  LayoutBlockFlow {HTML} at (0,0) size 785x812
    LayoutBlockFlow {BODY} at (8,8) size 769x796
      LayoutBlockFlow (anonymous) at (0,0) size 769x18
        LayoutText {#text} at (0,0) size 4x18
          text run at (0,0) width 4: " "
      LayoutTable {TABLE} at (0,18) size 769x724 [bgcolor=#FFFFCC] [border: (1px outset #808080)]
        LayoutTableSection {TBODY} at (1,1) size 767x722
          LayoutTableRow {TR} at (0,2) size 767x22
            LayoutTableCell {TD} at (2,2) size 611x22 [border: (1px inset #808080)] [r=0 c=0 rs=1 cs=1]
              LayoutText {#text} at (2,2) size 54x18
                text run at (2,2) width 54: "Cell one"
            LayoutTableCell {TD} at (615,2) size 74x22 [border: (1px inset #808080)] [r=0 c=1 rs=1 cs=1]
              LayoutText {#text} at (2,2) size 35x18
                text run at (2,2) width 35: "Cell2"
            LayoutTableCell {TD} at (691,2) size 74x22 [border: (1px inset #808080)] [r=0 c=2 rs=1 cs=1]
              LayoutText {#text} at (2,2) size 39x18
                text run at (2,2) width 39: "Cell 3"
          LayoutTableRow {TR} at (0,26) size 767x22
            LayoutTableCell {TD} at (2,26) size 611x22 [border: (1px inset #808080)] [r=1 c=0 rs=1 cs=1]
              LayoutText {#text} at (2,2) size 39x18
                text run at (2,2) width 39: "Cell 4"
            LayoutTableCell {TD} at (615,26) size 74x22 [border: (1px inset #808080)] [r=1 c=1 rs=1 cs=1]
              LayoutText {#text} at (2,2) size 39x18
                text run at (2,2) width 39: "Cell 5"
            LayoutTableCell {TD} at (691,26) size 74x22 [border: (1px inset #808080)] [r=1 c=2 rs=1 cs=1]
              LayoutText {#text} at (2,2) size 39x18
                text run at (2,2) width 39: "Cell 6"
          LayoutTableRow {TR} at (0,50) size 767x670
            LayoutTableCell {TD} at (2,50) size 611x670 [border: (1px inset #808080)] [r=2 c=0 rs=1 cs=1]
              LayoutTable {TABLE} at (2,2) size 607x648 [bgcolor=#DDDDDD] [border: (1px outset #808080)]
                LayoutTableSection {TBODY} at (1,1) size 605x646
                  LayoutTableRow {TR} at (0,2) size 605x22
                    LayoutTableCell {TD} at (2,2) size 20x22 [border: (1px inset #808080)] [r=0 c=0 rs=1 cs=1]
                      LayoutText {#text} at (2,2) size 8x18
                        text run at (2,2) width 8: "1"
                    LayoutTableCell {TD} at (24,2) size 556x22 [border: (1px inset #808080)] [r=0 c=1 rs=1 cs=1]
                      LayoutText {#text} at (2,2) size 8x18
                        text run at (2,2) width 8: "2"
                    LayoutTableCell {TD} at (582,2) size 21x22 [border: (1px inset #808080)] [r=0 c=2 rs=1 cs=1]
                      LayoutText {#text} at (2,2) size 8x18
                        text run at (2,2) width 8: "3"
                  LayoutTableRow {TR} at (0,26) size 605x594
                    LayoutTableCell {TD} at (2,312) size 20x22 [border: (1px inset #808080)] [r=1 c=0 rs=1 cs=1]
                      LayoutText {#text} at (2,2) size 8x18
                        text run at (2,2) width 8: "4"
                    LayoutTableCell {TD} at (24,26) size 556x594 [border: (1px inset #808080)] [r=1 c=1 rs=1 cs=1]
                      LayoutTable {TABLE} at (2,2) size 552x572 [bgcolor=#66FFFF] [border: (1px outset #808080)]
                        LayoutTableSection {TBODY} at (1,1) size 550x570
                          LayoutTableRow {TR} at (0,2) size 550x518
                            LayoutTableCell {TD} at (2,250) size 21x22 [border: (1px inset #808080)] [r=0 c=0 rs=1 cs=1]
                              LayoutText {#text} at (2,2) size 8x18
                                text run at (2,2) width 8: "1"
                            LayoutTableCell {TD} at (25,2) size 499x518 [border: (1px inset #808080)] [r=0 c=1 rs=1 cs=1]
                              LayoutTable {TABLE} at (2,2) size 495x496 [bgcolor=#FF0000] [border: (1px outset #808080)]
                                LayoutTableSection {TBODY} at (1,1) size 493x494
                                  LayoutTableRow {TR} at (0,2) size 493x22
                                    LayoutTableCell {TD} at (2,2) size 21x22 [border: (1px inset #808080)] [r=0 c=0 rs=1 cs=1]
                                      LayoutText {#text} at (2,2) size 8x18
                                        text run at (2,2) width 8: "1"
                                    LayoutTableCell {TD} at (25,2) size 21x22 [border: (1px inset #808080)] [r=0 c=1 rs=1 cs=1]
                                      LayoutText {#text} at (2,2) size 8x18
                                        text run at (2,2) width 8: "2"
                                    LayoutTableCell {TD} at (48,2) size 394x22 [border: (1px inset #808080)] [r=0 c=2 rs=1 cs=1]
                                      LayoutText {#text} at (2,2) size 8x18
                                        text run at (2,2) width 8: "3"
                                    LayoutTableCell {TD} at (444,2) size 22x22 [border: (1px inset #808080)] [r=0 c=3 rs=1 cs=1]
                                      LayoutText {#text} at (2,2) size 8x18
                                        text run at (2,2) width 8: "4"
                                    LayoutTableCell {TD} at (468,2) size 23x22 [border: (1px inset #808080)] [r=0 c=4 rs=1 cs=1]
                                      LayoutText {#text} at (2,2) size 8x18
                                        text run at (2,2) width 8: "5"
                                  LayoutTableRow {TR} at (0,26) size 493x394
                                    LayoutTableCell {TD} at (2,212) size 21x22 [border: (1px inset #808080)] [r=1 c=0 rs=1 cs=1]
                                      LayoutText {#text} at (2,2) size 8x18
                                        text run at (2,2) width 8: "6"
                                    LayoutTableCell {TD} at (25,212) size 21x22 [border: (1px inset #808080)] [r=1 c=1 rs=1 cs=1]
                                      LayoutText {#text} at (2,2) size 8x18
                                        text run at (2,2) width 8: "7"
                                    LayoutTableCell {TD} at (48,26) size 394x394 [border: (1px inset #808080)] [r=1 c=2 rs=1 cs=1]
                                      LayoutTable {TABLE} at (2,2) size 390x372 [bgcolor=#66FF99] [border: (1px outset #808080)]
                                        LayoutTableSection {TBODY} at (1,1) size 388x370
                                          LayoutTableRow {TR} at (0,2) size 388x22
                                            LayoutTableCell {TD} at (2,2) size 22x22 [border: (1px inset #808080)] [r=0 c=0 rs=1 cs=1]
                                              LayoutText {#text} at (2,2) size 8x18
                                                text run at (2,2) width 8: "a"
                                            LayoutTableCell {TD} at (26,2) size 22x22 [border: (1px inset #808080)] [r=0 c=1 rs=1 cs=1]
                                              LayoutText {#text} at (2,2) size 8x18
                                                text run at (2,2) width 8: "b"
                                            LayoutTableCell {TD} at (50,2) size 285x22 [border: (1px inset #808080)] [r=0 c=2 rs=1 cs=1]
                                              LayoutText {#text} at (2,2) size 8x18
                                                text run at (2,2) width 8: "c"
                                            LayoutTableCell {TD} at (337,2) size 23x22 [border: (1px inset #808080)] [r=0 c=3 rs=1 cs=1]
                                              LayoutText {#text} at (2,2) size 8x18
                                                text run at (2,2) width 8: "d"
                                            LayoutTableCell {TD} at (362,2) size 24x22 [border: (1px inset #808080)] [r=0 c=4 rs=1 cs=1]
                                              LayoutText {#text} at (2,2) size 8x18
                                                text run at (2,2) width 8: "e"
                                          LayoutTableRow {TR} at (0,26) size 388x22
                                            LayoutTableCell {TD} at (2,26) size 22x22 [border: (1px inset #808080)] [r=1 c=0 rs=1 cs=1]
                                              LayoutText {#text} at (2,2) size 6x18
                                                text run at (2,2) width 6: "f"
                                            LayoutTableCell {TD} at (26,26) size 22x22 [border: (1px inset #808080)] [r=1 c=1 rs=1 cs=1]
                                              LayoutText {#text} at (2,2) size 8x18
                                                text run at (2,2) width 8: "g"
                                            LayoutTableCell {TD} at (50,26) size 285x22 [border: (1px inset #808080)] [r=1 c=2 rs=1 cs=1]
                                              LayoutText {#text} at (2,2) size 8x18
                                                text run at (2,2) width 8: "h"
                                            LayoutTableCell {TD} at (337,26) size 23x22 [border: (1px inset #808080)] [r=1 c=3 rs=1 cs=1]
                                              LayoutText {#text} at (2,2) size 5x18
                                                text run at (2,2) width 5: "i"
                                            LayoutTableCell {TD} at (362,26) size 24x22 [border: (1px inset #808080)] [r=1 c=4 rs=1 cs=1]
                                              LayoutText {#text} at (2,2) size 5x18
                                                text run at (2,2) width 5: "j"
                                          LayoutTableRow {TR} at (0,50) size 388x270
                                            LayoutTableCell {TD} at (2,174) size 22x22 [border: (1px inset #808080)] [r=2 c=0 rs=1 cs=1]
                                              LayoutText {#text} at (2,2) size 8x18
                                                text run at (2,2) width 8: "k"
                                            LayoutTableCell {TD} at (26,174) size 22x22 [border: (1px inset #808080)] [r=2 c=1 rs=1 cs=1]
                                              LayoutText {#text} at (2,2) size 5x18
                                                text run at (2,2) width 5: "l"
                                            LayoutTableCell {TD} at (50,50) size 285x270 [border: (1px inset #808080)] [r=2 c=2 rs=1 cs=1]
                                              LayoutTable {TABLE} at (2,2) size 281x248 [bgcolor=#FF99FF] [border: (1px outset #808080)]
                                                LayoutTableSection {TBODY} at (1,1) size 279x246
                                                  LayoutTableRow {TR} at (0,2) size 279x22
                                                    LayoutTableCell {TD} at (2,2) size 24x22 [border: (1px inset #808080)] [r=0 c=0 rs=1 cs=1]
                                                      LayoutText {#text} at (2,2) size 8x18
                                                        text run at (2,2) width 8: "a"
                                                    LayoutTableCell {TD} at (28,2) size 24x22 [border: (1px inset #808080)] [r=0 c=1 rs=1 cs=1]
                                                      LayoutText {#text} at (2,2) size 8x18
                                                        text run at (2,2) width 8: "b"
                                                    LayoutTableCell {TD} at (54,2) size 169x22 [border: (1px inset #808080)] [r=0 c=2 rs=1 cs=1]
                                                      LayoutText {#text} at (2,2) size 8x18
                                                        text run at (2,2) width 8: "c"
                                                    LayoutTableCell {TD} at (225,2) size 25x22 [border: (1px inset #808080)] [r=0 c=3 rs=1 cs=1]
                                                      LayoutText {#text} at (2,2) size 8x18
                                                        text run at (2,2) width 8: "d"
                                                    LayoutTableCell {TD} at (252,2) size 25x22 [border: (1px inset #808080)] [r=0 c=4 rs=1 cs=1]
                                                      LayoutText {#text} at (2,2) size 8x18
                                                        text run at (2,2) width 8: "e"
                                                  LayoutTableRow {TR} at (0,26) size 279x22
                                                    LayoutTableCell {TD} at (2,26) size 24x22 [border: (1px inset #808080)] [r=1 c=0 rs=1 cs=1]
                                                      LayoutText {#text} at (2,2) size 6x18
                                                        text run at (2,2) width 6: "f"
                                                    LayoutTableCell {TD} at (28,26) size 24x22 [border: (1px inset #808080)] [r=1 c=1 rs=1 cs=1]
                                                      LayoutText {#text} at (2,2) size 8x18
                                                        text run at (2,2) width 8: "g"
                                                    LayoutTableCell {TD} at (54,26) size 169x22 [border: (1px inset #808080)] [r=1 c=2 rs=1 cs=1]
                                                      LayoutText {#text} at (2,2) size 8x18
                                                        text run at (2,2) width 8: "h"
                                                    LayoutTableCell {TD} at (225,26) size 25x22 [border: (1px inset #808080)] [r=1 c=3 rs=1 cs=1]
                                                      LayoutText {#text} at (2,2) size 5x18
                                                        text run at (2,2) width 5: "i"
                                                    LayoutTableCell {TD} at (252,26) size 25x22 [border: (1px inset #808080)] [r=1 c=4 rs=1 cs=1]
                                                      LayoutText {#text} at (2,2) size 5x18
                                                        text run at (2,2) width 5: "j"
                                                  LayoutTableRow {TR} at (0,50) size 279x146
                                                    LayoutTableCell {TD} at (2,112) size 24x22 [border: (1px inset #808080)] [r=2 c=0 rs=1 cs=1]
                                                      LayoutText {#text} at (2,2) size 8x18
                                                        text run at (2,2) width 8: "k"
                                                    LayoutTableCell {TD} at (28,112) size 24x22 [border: (1px inset #808080)] [r=2 c=1 rs=1 cs=1]
                                                      LayoutText {#text} at (2,2) size 5x18
                                                        text run at (2,2) width 5: "l"
                                                    LayoutTableCell {TD} at (54,50) size 169x146 [border: (1px inset #808080)] [r=2 c=2 rs=1 cs=1]
                                                      LayoutTable {TABLE} at (2,2) size 165x124 [bgcolor=#FF9900] [border: (1px outset #808080)]
                                                        LayoutTableSection {TBODY} at (1,1) size 163x122
                                                          LayoutTableRow {TR} at (0,2) size 163x22
                                                            LayoutTableCell {TD} at (2,2) size 27x22 [border: (1px inset #808080)] [r=0 c=0 rs=1 cs=1]
                                                              LayoutText {#text} at (2,2) size 8x18
                                                                text run at (2,2) width 8: "a"
                                                            LayoutTableCell {TD} at (31,2) size 28x22 [border: (1px inset #808080)] [r=0 c=1 rs=1 cs=1]
                                                              LayoutText {#text} at (2,2) size 8x18
                                                                text run at (2,2) width 8: "b"
                                                            LayoutTableCell {TD} at (61,2) size 39x22 [border: (1px inset #808080)] [r=0 c=2 rs=1 cs=1]
                                                              LayoutText {#text} at (2,2) size 8x18
                                                                text run at (2,2) width 8: "c"
                                                            LayoutTableCell {TD} at (102,2) size 28x22 [border: (1px inset #808080)] [r=0 c=3 rs=1 cs=1]
                                                              LayoutText {#text} at (2,2) size 8x18
                                                                text run at (2,2) width 8: "d"
                                                            LayoutTableCell {TD} at (132,2) size 29x22 [border: (1px inset #808080)] [r=0 c=4 rs=1 cs=1]
                                                              LayoutText {#text} at (2,2) size 8x18
                                                                text run at (2,2) width 8: "e"
                                                          LayoutTableRow {TR} at (0,26) size 163x22
                                                            LayoutTableCell {TD} at (2,26) size 27x22 [border: (1px inset #808080)] [r=1 c=0 rs=1 cs=1]
                                                              LayoutText {#text} at (2,2) size 6x18
                                                                text run at (2,2) width 6: "f"
                                                            LayoutTableCell {TD} at (31,26) size 28x22 [border: (1px inset #808080)] [r=1 c=1 rs=1 cs=1]
                                                              LayoutText {#text} at (2,2) size 8x18
                                                                text run at (2,2) width 8: "g"
                                                            LayoutTableCell {TD} at (61,26) size 39x22 [border: (1px inset #808080)] [r=1 c=2 rs=1 cs=1]
                                                              LayoutText {#text} at (2,2) size 8x18
                                                                text run at (2,2) width 8: "h"
                                                            LayoutTableCell {TD} at (102,26) size 28x22 [border: (1px inset #808080)] [r=1 c=3 rs=1 cs=1]
                                                              LayoutText {#text} at (2,2) size 5x18
                                                                text run at (2,2) width 5: "i"
                                                            LayoutTableCell {TD} at (132,26) size 29x22 [border: (1px inset #808080)] [r=1 c=4 rs=1 cs=1]
                                                              LayoutText {#text} at (2,2) size 5x18
                                                                text run at (2,2) width 5: "j"
                                                          LayoutTableRow {TR} at (0,50) size 163x22
                                                            LayoutTableCell {TD} at (2,50) size 27x22 [border: (1px inset #808080)] [r=2 c=0 rs=1 cs=1]
                                                              LayoutText {#text} at (2,2) size 8x18
                                                                text run at (2,2) width 8: "k"
                                                            LayoutTableCell {TD} at (31,50) size 28x22 [border: (1px inset #808080)] [r=2 c=1 rs=1 cs=1]
                                                              LayoutText {#text} at (2,2) size 5x18
                                                                text run at (2,2) width 5: "l"
                                                            LayoutTableCell {TD} at (61,50) size 39x22 [border: (1px inset #808080)] [r=2 c=2 rs=1 cs=1]
                                                              LayoutText {#text} at (2,2) size 13x18
                                                                text run at (2,2) width 13: "m"
                                                            LayoutTableCell {TD} at (102,50) size 28x22 [border: (1px inset #808080)] [r=2 c=3 rs=1 cs=1]
                                                              LayoutText {#text} at (2,2) size 8x18
                                                                text run at (2,2) width 8: "n"
                                                            LayoutTableCell {TD} at (132,50) size 29x22 [border: (1px inset #808080)] [r=2 c=4 rs=1 cs=1]
                                                              LayoutText {#text} at (2,2) size 8x18
                                                                text run at (2,2) width 8: "o"
                                                          LayoutTableRow {TR} at (0,74) size 163x22
                                                            LayoutTableCell {TD} at (2,74) size 27x22 [border: (1px inset #808080)] [r=3 c=0 rs=1 cs=1]
                                                              LayoutText {#text} at (2,2) size 8x18
                                                                text run at (2,2) width 8: "p"
                                                            LayoutTableCell {TD} at (31,74) size 28x22 [border: (1px inset #808080)] [r=3 c=1 rs=1 cs=1]
                                                              LayoutText {#text} at (2,2) size 8x18
                                                                text run at (2,2) width 8: "q"
                                                            LayoutTableCell {TD} at (61,74) size 39x22 [border: (1px inset #808080)] [r=3 c=2 rs=1 cs=1]
                                                              LayoutText {#text} at (2,2) size 6x18
                                                                text run at (2,2) width 6: "r"
                                                            LayoutTableCell {TD} at (102,74) size 28x22 [border: (1px inset #808080)] [r=3 c=3 rs=1 cs=1]
                                                              LayoutText {#text} at (2,2) size 7x18
                                                                text run at (2,2) width 7: "s"
                                                            LayoutTableCell {TD} at (132,74) size 29x22 [border: (1px inset #808080)] [r=3 c=4 rs=1 cs=1]
                                                              LayoutText {#text} at (2,2) size 5x18
                                                                text run at (2,2) width 5: "t"
                                                          LayoutTableRow {TR} at (0,98) size 163x22
                                                            LayoutTableCell {TD} at (2,98) size 27x22 [border: (1px inset #808080)] [r=4 c=0 rs=1 cs=1]
                                                              LayoutText {#text} at (2,2) size 8x18
                                                                text run at (2,2) width 8: "u"
                                                            LayoutTableCell {TD} at (31,98) size 28x22 [border: (1px inset #808080)] [r=4 c=1 rs=1 cs=1]
                                                              LayoutText {#text} at (2,2) size 8x18
                                                                text run at (2,2) width 8: "v"
                                                            LayoutTableCell {TD} at (61,98) size 39x22 [border: (1px inset #808080)] [r=4 c=2 rs=1 cs=1]
                                                              LayoutText {#text} at (2,2) size 12x18
                                                                text run at (2,2) width 12: "w"
                                                            LayoutTableCell {TD} at (102,98) size 28x22 [border: (1px inset #808080)] [r=4 c=3 rs=1 cs=1]
                                                              LayoutText {#text} at (2,2) size 8x18
                                                                text run at (2,2) width 8: "x"
                                                            LayoutTableCell {TD} at (132,98) size 29x22 [border: (1px inset #808080)] [r=4 c=4 rs=1 cs=1]
                                                              LayoutText {#text} at (2,2) size 8x18
                                                                text run at (2,2) width 8: "y"
                                                      LayoutBlockFlow (anonymous) at (2,126) size 165x18
                                                        LayoutText {#text} at (0,0) size 4x18
                                                          text run at (0,0) width 4: " "
                                                    LayoutTableCell {TD} at (225,112) size 25x22 [border: (1px inset #808080)] [r=2 c=3 rs=1 cs=1]
                                                      LayoutText {#text} at (2,2) size 8x18
                                                        text run at (2,2) width 8: "n"
                                                    LayoutTableCell {TD} at (252,112) size 25x22 [border: (1px inset #808080)] [r=2 c=4 rs=1 cs=1]
                                                      LayoutText {#text} at (2,2) size 8x18
                                                        text run at (2,2) width 8: "o"
                                                  LayoutTableRow {TR} at (0,198) size 279x22
                                                    LayoutTableCell {TD} at (2,198) size 24x22 [border: (1px inset #808080)] [r=3 c=0 rs=1 cs=1]
                                                      LayoutText {#text} at (2,2) size 8x18
                                                        text run at (2,2) width 8: "p"
                                                    LayoutTableCell {TD} at (28,198) size 24x22 [border: (1px inset #808080)] [r=3 c=1 rs=1 cs=1]
                                                      LayoutText {#text} at (2,2) size 8x18
                                                        text run at (2,2) width 8: "q"
                                                    LayoutTableCell {TD} at (54,198) size 169x22 [border: (1px inset #808080)] [r=3 c=2 rs=1 cs=1]
                                                      LayoutText {#text} at (2,2) size 6x18
                                                        text run at (2,2) width 6: "r"
                                                    LayoutTableCell {TD} at (225,198) size 25x22 [border: (1px inset #808080)] [r=3 c=3 rs=1 cs=1]
                                                      LayoutText {#text} at (2,2) size 7x18
                                                        text run at (2,2) width 7: "s"
                                                    LayoutTableCell {TD} at (252,198) size 25x22 [border: (1px inset #808080)] [r=3 c=4 rs=1 cs=1]
                                                      LayoutText {#text} at (2,2) size 5x18
                                                        text run at (2,2) width 5: "t"
                                                  LayoutTableRow {TR} at (0,222) size 279x22
                                                    LayoutTableCell {TD} at (2,222) size 24x22 [border: (1px inset #808080)] [r=4 c=0 rs=1 cs=1]
                                                      LayoutText {#text} at (2,2) size 8x18
                                                        text run at (2,2) width 8: "u"
                                                    LayoutTableCell {TD} at (28,222) size 24x22 [border: (1px inset #808080)] [r=4 c=1 rs=1 cs=1]
                                                      LayoutText {#text} at (2,2) size 8x18
                                                        text run at (2,2) width 8: "v"
                                                    LayoutTableCell {TD} at (54,222) size 169x22 [border: (1px inset #808080)] [r=4 c=2 rs=1 cs=1]
                                                      LayoutText {#text} at (2,2) size 12x18
                                                        text run at (2,2) width 12: "w"
                                                    LayoutTableCell {TD} at (225,222) size 25x22 [border: (1px inset #808080)] [r=4 c=3 rs=1 cs=1]
                                                      LayoutText {#text} at (2,2) size 8x18
                                                        text run at (2,2) width 8: "x"
                                                    LayoutTableCell {TD} at (252,222) size 25x22 [border: (1px inset #808080)] [r=4 c=4 rs=1 cs=1]
                                                      LayoutText {#text} at (2,2) size 8x18
                                                        text run at (2,2) width 8: "y"
                                              LayoutBlockFlow (anonymous) at (2,250) size 281x18
                                                LayoutText {#text} at (0,0) size 4x18
                                                  text run at (0,0) width 4: " "
                                            LayoutTableCell {TD} at (337,174) size 23x22 [border: (1px inset #808080)] [r=2 c=3 rs=1 cs=1]
                                              LayoutText {#text} at (2,2) size 8x18
                                                text run at (2,2) width 8: "n"
                                            LayoutTableCell {TD} at (362,174) size 24x22 [border: (1px inset #808080)] [r=2 c=4 rs=1 cs=1]
                                              LayoutText {#text} at (2,2) size 8x18
                                                text run at (2,2) width 8: "o"
                                          LayoutTableRow {TR} at (0,322) size 388x22
                                            LayoutTableCell {TD} at (2,322) size 22x22 [border: (1px inset #808080)] [r=3 c=0 rs=1 cs=1]
                                              LayoutText {#text} at (2,2) size 8x18
                                                text run at (2,2) width 8: "p"
                                            LayoutTableCell {TD} at (26,322) size 22x22 [border: (1px inset #808080)] [r=3 c=1 rs=1 cs=1]
                                              LayoutText {#text} at (2,2) size 8x18
                                                text run at (2,2) width 8: "q"
                                            LayoutTableCell {TD} at (50,322) size 285x22 [border: (1px inset #808080)] [r=3 c=2 rs=1 cs=1]
                                              LayoutText {#text} at (2,2) size 6x18
                                                text run at (2,2) width 6: "r"
                                            LayoutTableCell {TD} at (337,322) size 23x22 [border: (1px inset #808080)] [r=3 c=3 rs=1 cs=1]
                                              LayoutText {#text} at (2,2) size 7x18
                                                text run at (2,2) width 7: "s"
                                            LayoutTableCell {TD} at (362,322) size 24x22 [border: (1px inset #808080)] [r=3 c=4 rs=1 cs=1]
                                              LayoutText {#text} at (2,2) size 5x18
                                                text run at (2,2) width 5: "t"
                                          LayoutTableRow {TR} at (0,346) size 388x22
                                            LayoutTableCell {TD} at (2,346) size 22x22 [border: (1px inset #808080)] [r=4 c=0 rs=1 cs=1]
                                              LayoutText {#text} at (2,2) size 8x18
                                                text run at (2,2) width 8: "u"
                                            LayoutTableCell {TD} at (26,346) size 22x22 [border: (1px inset #808080)] [r=4 c=1 rs=1 cs=1]
                                              LayoutText {#text} at (2,2) size 8x18
                                                text run at (2,2) width 8: "v"
                                            LayoutTableCell {TD} at (50,346) size 285x22 [border: (1px inset #808080)] [r=4 c=2 rs=1 cs=1]
                                              LayoutText {#text} at (2,2) size 12x18
                                                text run at (2,2) width 12: "w"
                                            LayoutTableCell {TD} at (337,346) size 23x22 [border: (1px inset #808080)] [r=4 c=3 rs=1 cs=1]
                                              LayoutText {#text} at (2,2) size 8x18
                                                text run at (2,2) width 8: "x"
                                            LayoutTableCell {TD} at (362,346) size 24x22 [border: (1px inset #808080)] [r=4 c=4 rs=1 cs=1]
                                              LayoutText {#text} at (2,2) size 8x18
                                                text run at (2,2) width 8: "y"
                                      LayoutBlockFlow (anonymous) at (2,374) size 390x18
                                        LayoutText {#text} at (0,0) size 4x18
                                          text run at (0,0) width 4: " "
                                    LayoutTableCell {TD} at (444,212) size 22x22 [border: (1px inset #808080)] [r=1 c=3 rs=1 cs=1]
                                      LayoutText {#text} at (2,2) size 8x18
                                        text run at (2,2) width 8: "9"
                                    LayoutTableCell {TD} at (468,212) size 23x22 [border: (1px inset #808080)] [r=1 c=4 rs=1 cs=1]
                                      LayoutText {#text} at (2,2) size 8x18
                                        text run at (2,2) width 8: "0"
                                  LayoutTableRow {TR} at (0,422) size 493x22
                                    LayoutTableCell {TD} at (2,422) size 21x22 [border: (1px inset #808080)] [r=2 c=0 rs=1 cs=1]
                                      LayoutText {#text} at (2,2) size 8x18
                                        text run at (2,2) width 8: "a"
                                    LayoutTableCell {TD} at (25,422) size 21x22 [border: (1px inset #808080)] [r=2 c=1 rs=1 cs=1]
                                      LayoutText {#text} at (2,2) size 8x18
                                        text run at (2,2) width 8: "b"
                                    LayoutTableCell {TD} at (48,422) size 394x22 [border: (1px inset #808080)] [r=2 c=2 rs=1 cs=1]
                                      LayoutText {#text} at (2,2) size 8x18
                                        text run at (2,2) width 8: "c"
                                    LayoutTableCell {TD} at (444,422) size 22x22 [border: (1px inset #808080)] [r=2 c=3 rs=1 cs=1]
                                      LayoutText {#text} at (2,2) size 8x18
                                        text run at (2,2) width 8: "d"
                                    LayoutTableCell {TD} at (468,422) size 23x22 [border: (1px inset #808080)] [r=2 c=4 rs=1 cs=1]
                                      LayoutText {#text} at (2,2) size 8x18
                                        text run at (2,2) width 8: "e"
                                  LayoutTableRow {TR} at (0,446) size 493x22
                                    LayoutTableCell {TD} at (2,446) size 21x22 [border: (1px inset #808080)] [r=3 c=0 rs=1 cs=1]
                                      LayoutText {#text} at (2,2) size 6x18
                                        text run at (2,2) width 6: "f"
                                    LayoutTableCell {TD} at (25,446) size 21x22 [border: (1px inset #808080)] [r=3 c=1 rs=1 cs=1]
                                      LayoutText {#text} at (2,2) size 8x18
                                        text run at (2,2) width 8: "g"
                                    LayoutTableCell {TD} at (48,446) size 394x22 [border: (1px inset #808080)] [r=3 c=2 rs=1 cs=1]
                                      LayoutText {#text} at (2,2) size 8x18
                                        text run at (2,2) width 8: "h"
                                    LayoutTableCell {TD} at (444,446) size 22x22 [border: (1px inset #808080)] [r=3 c=3 rs=1 cs=1]
                                      LayoutText {#text} at (2,2) size 5x18
                                        text run at (2,2) width 5: "i"
                                    LayoutTableCell {TD} at (468,446) size 23x22 [border: (1px inset #808080)] [r=3 c=4 rs=1 cs=1]
                                      LayoutText {#text} at (2,2) size 5x18
                                        text run at (2,2) width 5: "j"
                                  LayoutTableRow {TR} at (0,470) size 493x22
                                    LayoutTableCell {TD} at (2,470) size 21x22 [border: (1px inset #808080)] [r=4 c=0 rs=1 cs=1]
                                      LayoutText {#text} at (2,2) size 8x18
                                        text run at (2,2) width 8: "k"
                                    LayoutTableCell {TD} at (25,470) size 21x22 [border: (1px inset #808080)] [r=4 c=1 rs=1 cs=1]
                                      LayoutText {#text} at (2,2) size 5x18
                                        text run at (2,2) width 5: "l"
                                    LayoutTableCell {TD} at (48,470) size 394x22 [border: (1px inset #808080)] [r=4 c=2 rs=1 cs=1]
                                      LayoutText {#text} at (2,2) size 13x18
                                        text run at (2,2) width 13: "m"
                                    LayoutTableCell {TD} at (444,470) size 22x22 [border: (1px inset #808080)] [r=4 c=3 rs=1 cs=1]
                                      LayoutText {#text} at (2,2) size 8x18
                                        text run at (2,2) width 8: "n"
                                    LayoutTableCell {TD} at (468,470) size 23x22 [border: (1px inset #808080)] [r=4 c=4 rs=1 cs=1]
                                      LayoutText {#text} at (2,2) size 8x18
                                        text run at (2,2) width 8: "o"
                              LayoutBlockFlow (anonymous) at (2,498) size 495x18
                                LayoutText {#text} at (0,0) size 4x18
                                  text run at (0,0) width 4: " "
                            LayoutTableCell {TD} at (526,250) size 22x22 [border: (1px inset #808080)] [r=0 c=2 rs=1 cs=1]
                              LayoutText {#text} at (2,2) size 8x18
                                text run at (2,2) width 8: "3"
                          LayoutTableRow {TR} at (0,522) size 550x22
                            LayoutTableCell {TD} at (2,522) size 21x22 [border: (1px inset #808080)] [r=1 c=0 rs=1 cs=1]
                              LayoutText {#text} at (2,2) size 8x18
                                text run at (2,2) width 8: "4"
                            LayoutTableCell {TD} at (25,522) size 499x22 [border: (1px inset #808080)] [r=1 c=1 rs=1 cs=1]
                              LayoutText {#text} at (2,2) size 8x18
                                text run at (2,2) width 8: "5"
                            LayoutTableCell {TD} at (526,522) size 22x22 [border: (1px inset #808080)] [r=1 c=2 rs=1 cs=1]
                              LayoutText {#text} at (2,2) size 8x18
                                text run at (2,2) width 8: "6"
                          LayoutTableRow {TR} at (0,546) size 550x22
                            LayoutTableCell {TD} at (2,546) size 21x22 [border: (1px inset #808080)] [r=2 c=0 rs=1 cs=1]
                              LayoutText {#text} at (2,2) size 8x18
                                text run at (2,2) width 8: "7"
                            LayoutTableCell {TD} at (25,546) size 499x22 [border: (1px inset #808080)] [r=2 c=1 rs=1 cs=1]
                              LayoutText {#text} at (2,2) size 8x18
                                text run at (2,2) width 8: "8"
                            LayoutTableCell {TD} at (526,546) size 22x22 [border: (1px inset #808080)] [r=2 c=2 rs=1 cs=1]
                              LayoutText {#text} at (2,2) size 8x18
                                text run at (2,2) width 8: "9"
                      LayoutBlockFlow (anonymous) at (2,574) size 552x18
                        LayoutText {#text} at (0,0) size 4x18
                          text run at (0,0) width 4: " "
                    LayoutTableCell {TD} at (582,312) size 21x22 [border: (1px inset #808080)] [r=1 c=2 rs=1 cs=1]
                      LayoutText {#text} at (2,2) size 8x18
                        text run at (2,2) width 8: "6"
                  LayoutTableRow {TR} at (0,622) size 605x22
                    LayoutTableCell {TD} at (2,622) size 20x22 [border: (1px inset #808080)] [r=2 c=0 rs=1 cs=1]
                      LayoutText {#text} at (2,2) size 8x18
                        text run at (2,2) width 8: "7"
                    LayoutTableCell {TD} at (24,622) size 556x22 [border: (1px inset #808080)] [r=2 c=1 rs=1 cs=1]
                      LayoutText {#text} at (2,2) size 8x18
                        text run at (2,2) width 8: "8"
                    LayoutTableCell {TD} at (582,622) size 21x22 [border: (1px inset #808080)] [r=2 c=2 rs=1 cs=1]
                      LayoutText {#text} at (2,2) size 8x18
                        text run at (2,2) width 8: "9"
              LayoutBlockFlow (anonymous) at (2,650) size 607x18
                LayoutText {#text} at (0,0) size 4x18
                  text run at (0,0) width 4: " "
            LayoutTableCell {TD} at (615,374) size 74x22 [border: (1px inset #808080)] [r=2 c=1 rs=1 cs=1]
              LayoutText {#text} at (2,2) size 8x18
                text run at (2,2) width 8: "8"
            LayoutTableCell {TD} at (691,374) size 74x22 [border: (1px inset #808080)] [r=2 c=2 rs=1 cs=1]
              LayoutText {#text} at (2,2) size 8x18
                text run at (2,2) width 8: "9"
      LayoutBlockFlow (anonymous) at (0,742) size 769x36
        LayoutText {#text} at (0,0) size 8x18
          text run at (0,0) width 8: "  "
        LayoutBR {BR} at (8,14) size 0x0
        LayoutText {#text} at (0,18) size 286x18
          text run at (0,18) width 286: "the following text should display on one line"
      LayoutTable {TABLE} at (0,778) size 207x18
        LayoutTableSection {TBODY} at (0,0) size 207x18
          LayoutTableRow {TR} at (0,0) size 207x18
            LayoutTableCell {TD} at (0,0) size 207x18 [bgcolor=#B70000] [r=0 c=0 rs=1 cs=1]
              LayoutTable {TABLE} at (0,0) size 207x18
                LayoutTableSection {TBODY} at (0,0) size 207x18
                  LayoutTableRow {TR} at (0,0) size 207x18
                    LayoutTableCell {TD} at (0,0) size 13x16 [r=0 c=0 rs=1 cs=1]
                      LayoutImage {IMG} at (0,0) size 13x16
                    LayoutTableCell {TD} at (13,0) size 190x18 [r=0 c=1 rs=1 cs=1]
                      LayoutText {#text} at (0,0) size 165x18
                        text run at (0,0) width 165: "AlphaLinux Distributions"
                    LayoutTableCell {TD} at (203,0) size 4x4 [r=0 c=2 rs=1 cs=1]
                      LayoutImage {IMG} at (0,0) size 4x4
