layer at (0,0) size 800x600
  LayoutView at (0,0) size 800x600
layer at (0,0) size 800x600
  LayoutBlockFlow {HTML} at (0,0) size 800x600
    LayoutBlockFlow {BODY} at (8,8) size 784x584
      LayoutTable {TABLE} at (0,0) size 784x60 [border: (2px outset #808080)]
        LayoutTableSection {TBODY} at (2,2) size 780x56
          LayoutTableRow {TR} at (0,3) size 780x50
            LayoutTableCell {TD} at (3,3) size 266x50 [bgcolor=#DDDDDD] [border: (1px inset #808080)] [r=0 c=0 rs=1 cs=1]
              LayoutTable {TABLE} at (2,2) size 262x46 [border: (1px outset #808080)]
                LayoutTableSection {TBODY} at (1,1) size 260x44
                  LayoutTableRow {TR} at (0,3) size 260x38
                    LayoutTableCell {TD} at (3,3) size 254x38 [border: (1px inset #808080)] [r=0 c=0 rs=1 cs=1]
                      LayoutText {#text} at (1,1) size 164x36
                        text run at (1,1) width 164: "TheMozillaOrganization-"
                        text run at (1,19) width 158: "TheMozillaOrganization"
            LayoutTableCell {TD} at (272,8) size 505x40 [border: (1px inset #808080)] [r=0 c=1 rs=1 cs=1]
              LayoutText {#text} at (2,2) size 401x36
                text run at (2,2) width 401: "Checkin Guidelines for the Seamonkey Tree xxxxxxxxxxxxxx"
                text run at (2,20) width 228: "xxxxxxxxxxxxxxxx xxxxxxxxxxxx"
