layer at (0,0) size 800x600 clip at (0,0) size 785x600 scrollHeight 1376
  LayoutView at (0,0) size 800x600
layer at (0,0) size 785x1376 backgroundClip at (0,0) size 785x600 clip at (0,0) size 785x600
  LayoutBlockFlow {HTML} at (0,0) size 785x1376.06
    LayoutBlockFlow {BODY} at (8,8) size 769x1360.06
      LayoutBlockFlow {H1} at (0,0) size 769x37
        LayoutText {#text} at (0,0) size 392x37
          text run at (0,0) width 392: "Example 6: Table Stress Test"
      LayoutBlockFlow {PRE} at (0,58.44) size 769x15 [color=#FF0000]
        LayoutText {#text} at (0,0) size 266x15
          text run at (0,0) width 266: "Resize document for maximum effect"
      LayoutBlockFlow (anonymous) at (0,86.44) size 769x18
        LayoutBR {BR} at (0,0) size 0x18
      LayoutBlockFlow {H2} at (0,124.34) size 769x28
        LayoutText {#text} at (0,0) size 504x28
          text run at (0,0) width 504: "Auto-width tables with spans nested 8 levels deep"
      LayoutTable {TABLE} at (0,172.25) size 769x386 [bgcolor=#FF0000] [border: (1px outset #808080)]
        LayoutTableSection {TBODY} at (1,1) size 767x384
          LayoutTableRow {TR} at (0,2) size 767x177
            LayoutTableCell {TD} at (2,79) size 31x22 [border: (1px inset #808080)] [r=0 c=0 rs=1 cs=1]
              LayoutText {#text} at (2,2) size 27x18
                text run at (2,2) width 27: "Cell"
            LayoutTableCell {TD} at (35,2) size 730x356 [border: (1px inset #808080)] [r=0 c=1 rs=2 cs=2]
              LayoutTable {TABLE} at (2,2) size 726x352 [bgcolor=#ADD8E6] [border: (1px outset #808080)]
                LayoutTableSection {TBODY} at (1,1) size 724x350
                  LayoutTableRow {TR} at (0,2) size 724x160
                    LayoutTableCell {TD} at (2,71) size 31x22 [border: (1px inset #808080)] [r=0 c=0 rs=1 cs=1]
                      LayoutText {#text} at (2,2) size 27x18
                        text run at (2,2) width 27: "Cell"
                    LayoutTableCell {TD} at (35,2) size 687x322 [border: (1px inset #808080)] [r=0 c=1 rs=2 cs=2]
                      LayoutTable {TABLE} at (2,2) size 683x318 [bgcolor=#90EE90] [border: (1px outset #808080)]
                        LayoutTableSection {TBODY} at (1,1) size 681x316
                          LayoutTableRow {TR} at (0,2) size 681x143
                            LayoutTableCell {TD} at (2,62) size 31x22 [border: (1px inset #808080)] [r=0 c=0 rs=1 cs=1]
                              LayoutText {#text} at (2,2) size 27x18
                                text run at (2,2) width 27: "Cell"
                            LayoutTableCell {TD} at (35,2) size 644x288 [border: (1px inset #808080)] [r=0 c=1 rs=2 cs=2]
                              LayoutTable {TABLE} at (2,2) size 640x284 [border: (1px outset #808080)]
                                LayoutTableSection {TBODY} at (1,1) size 638x282
                                  LayoutTableRow {TR} at (0,2) size 638x126
                                    LayoutTableCell {TD} at (2,54) size 31x22 [border: (1px inset #808080)] [r=0 c=0 rs=1 cs=1]
                                      LayoutText {#text} at (2,2) size 27x18
                                        text run at (2,2) width 27: "Cell"
                                    LayoutTableCell {TD} at (35,2) size 601x254 [border: (1px inset #808080)] [r=0 c=1 rs=2 cs=2]
                                      LayoutTable {TABLE} at (2,2) size 597x250 [bgcolor=#FFA500] [border: (1px outset #808080)]
                                        LayoutTableSection {TBODY} at (1,1) size 595x248
                                          LayoutTableRow {TR} at (0,2) size 595x100
                                            LayoutTableCell {TD} at (2,41) size 31x22 [border: (1px inset #808080)] [r=0 c=0 rs=1 cs=1]
                                              LayoutText {#text} at (2,2) size 27x18
                                                text run at (2,2) width 27: "Cell"
                                            LayoutTableCell {TD} at (35,2) size 558x202 [border: (1px inset #808080)] [r=0 c=1 rs=2 cs=2]
                                              LayoutTable {TABLE} at (2,2) size 554x198 [bgcolor=#FF0000] [border: (1px outset #808080)]
                                                LayoutTableSection {TBODY} at (1,1) size 552x196
                                                  LayoutTableRow {TR} at (0,2) size 552x74
                                                    LayoutTableCell {TD} at (2,28) size 31x22 [border: (1px inset #808080)] [r=0 c=0 rs=1 cs=1]
                                                      LayoutText {#text} at (2,2) size 27x18
                                                        text run at (2,2) width 27: "Cell"
                                                    LayoutTableCell {TD} at (35,2) size 515x150 [border: (1px inset #808080)] [r=0 c=1 rs=2 cs=2]
                                                      LayoutTable {TABLE} at (2,2) size 511x146 [bgcolor=#ADD8E6] [border: (1px outset #808080)]
                                                        LayoutTableSection {TBODY} at (1,1) size 509x144
                                                          LayoutTableRow {TR} at (0,2) size 509x48
                                                            LayoutTableCell {TD} at (2,15) size 31x22 [border: (1px inset #808080)] [r=0 c=0 rs=1 cs=1]
                                                              LayoutText {#text} at (2,2) size 27x18
                                                                text run at (2,2) width 27: "Cell"
                                                            LayoutTableCell {TD} at (35,2) size 472x98 [border: (1px inset #808080)] [r=0 c=1 rs=2 cs=2]
                                                              LayoutTable {TABLE} at (2,2) size 468x94 [bgcolor=#90EE90] [border: (1px outset #808080)]
                                                                LayoutTableSection {TBODY} at (1,1) size 466x92
                                                                  LayoutTableRow {TR} at (0,2) size 466x22
                                                                    LayoutTableCell {TD} at (2,2) size 31x22 [border: (1px inset #808080)] [r=0 c=0 rs=1 cs=1]
                                                                      LayoutText {#text} at (2,2) size 27x18
                                                                        text run at (2,2) width 27: "Cell"
                                                                    LayoutTableCell {TD} at (35,5) size 429x40 [border: (1px inset #808080)] [r=0 c=1 rs=2 cs=2]
                                                                      LayoutText {#text} at (2,2) size 399x36
                                                                        text run at (2,2) width 399: "Cell, and stuff to test out table cell layout. This should be long"
                                                                        text run at (2,20) width 121: "enough for testing."
                                                                  LayoutTableRow {TR} at (0,26) size 466x22
                                                                    LayoutTableCell {TD} at (2,26) size 31x22 [border: (1px inset #808080)] [r=1 c=0 rs=1 cs=1]
                                                                      LayoutText {#text} at (2,2) size 27x18
                                                                        text run at (2,2) width 27: "Cell"
                                                                  LayoutTableRow {TR} at (0,50) size 466x40
                                                                    LayoutTableCell {TD} at (2,59) size 31x22 [border: (1px inset #808080)] [r=2 c=0 rs=1 cs=1]
                                                                      LayoutText {#text} at (2,2) size 27x18
                                                                        text run at (2,2) width 27: "Cell"
                                                                    LayoutTableCell {TD} at (35,50) size 396x40 [border: (1px inset #808080)] [r=2 c=1 rs=1 cs=1]
                                                                      LayoutText {#text} at (2,2) size 367x36
                                                                        text run at (2,2) width 367: "Cell, and stuff to test out table cell layout. This should be"
                                                                        text run at (2,20) width 33: "long "
                                                                        text run at (34,20) width 121: "enough for testing."
                                                                    LayoutTableCell {TD} at (433,59) size 31x22 [border: (1px inset #808080)] [r=2 c=2 rs=1 cs=1]
                                                                      LayoutText {#text} at (2,2) size 27x18
                                                                        text run at (2,2) width 27: "Cell"
                                                          LayoutTableRow {TR} at (0,52) size 509x48
                                                            LayoutTableCell {TD} at (2,65) size 31x22 [border: (1px inset #808080)] [r=1 c=0 rs=1 cs=1]
                                                              LayoutText {#text} at (2,2) size 27x18
                                                                text run at (2,2) width 27: "Cell"
                                                          LayoutTableRow {TR} at (0,102) size 509x40
                                                            LayoutTableCell {TD} at (2,111) size 31x22 [border: (1px inset #808080)] [r=2 c=0 rs=1 cs=1]
                                                              LayoutText {#text} at (2,2) size 27x18
                                                                text run at (2,2) width 27: "Cell"
                                                            LayoutTableCell {TD} at (35,102) size 439x40 [border: (1px inset #808080)] [r=2 c=1 rs=1 cs=1]
                                                              LayoutText {#text} at (2,2) size 399x36
                                                                text run at (2,2) width 399: "Cell, and stuff to test out table cell layout. This should be long"
                                                                text run at (2,20) width 121: "enough for testing."
                                                            LayoutTableCell {TD} at (476,111) size 31x22 [border: (1px inset #808080)] [r=2 c=2 rs=1 cs=1]
                                                              LayoutText {#text} at (2,2) size 27x18
                                                                text run at (2,2) width 27: "Cell"
                                                  LayoutTableRow {TR} at (0,78) size 552x74
                                                    LayoutTableCell {TD} at (2,104) size 31x22 [border: (1px inset #808080)] [r=1 c=0 rs=1 cs=1]
                                                      LayoutText {#text} at (2,2) size 27x18
                                                        text run at (2,2) width 27: "Cell"
                                                  LayoutTableRow {TR} at (0,154) size 552x40
                                                    LayoutTableCell {TD} at (2,163) size 31x22 [border: (1px inset #808080)] [r=2 c=0 rs=1 cs=1]
                                                      LayoutText {#text} at (2,2) size 27x18
                                                        text run at (2,2) width 27: "Cell"
                                                    LayoutTableCell {TD} at (35,154) size 482x40 [border: (1px inset #808080)] [r=2 c=1 rs=1 cs=1]
                                                      LayoutText {#text} at (2,2) size 473x36
                                                        text run at (2,2) width 403: "Cell, and stuff to test out table cell layout. This should be long "
                                                        text run at (404,2) width 71: "enough for"
                                                        text run at (2,20) width 47: "testing."
                                                    LayoutTableCell {TD} at (519,163) size 31x22 [border: (1px inset #808080)] [r=2 c=2 rs=1 cs=1]
                                                      LayoutText {#text} at (2,2) size 27x18
                                                        text run at (2,2) width 27: "Cell"
                                          LayoutTableRow {TR} at (0,104) size 595x100
                                            LayoutTableCell {TD} at (2,143) size 31x22 [border: (1px inset #808080)] [r=1 c=0 rs=1 cs=1]
                                              LayoutText {#text} at (2,2) size 27x18
                                                text run at (2,2) width 27: "Cell"
                                          LayoutTableRow {TR} at (0,206) size 595x40
                                            LayoutTableCell {TD} at (2,215) size 31x22 [border: (1px inset #808080)] [r=2 c=0 rs=1 cs=1]
                                              LayoutText {#text} at (2,2) size 27x18
                                                text run at (2,2) width 27: "Cell"
                                            LayoutTableCell {TD} at (35,206) size 524x40 [border: (1px inset #808080)] [r=2 c=1 rs=1 cs=1]
                                              LayoutText {#text} at (2,2) size 473x36
                                                text run at (2,2) width 403: "Cell, and stuff to test out table cell layout. This should be long "
                                                text run at (404,2) width 71: "enough for"
                                                text run at (2,20) width 47: "testing."
                                            LayoutTableCell {TD} at (561,215) size 32x22 [border: (1px inset #808080)] [r=2 c=2 rs=1 cs=1]
                                              LayoutText {#text} at (2,2) size 27x18
                                                text run at (2,2) width 27: "Cell"
                                  LayoutTableRow {TR} at (0,130) size 638x126
                                    LayoutTableCell {TD} at (2,182) size 31x22 [border: (1px inset #808080)] [r=1 c=0 rs=1 cs=1]
                                      LayoutText {#text} at (2,2) size 27x18
                                        text run at (2,2) width 27: "Cell"
                                  LayoutTableRow {TR} at (0,258) size 638x22
                                    LayoutTableCell {TD} at (2,258) size 31x22 [border: (1px inset #808080)] [r=2 c=0 rs=1 cs=1]
                                      LayoutText {#text} at (2,2) size 27x18
                                        text run at (2,2) width 27: "Cell"
                                    LayoutTableCell {TD} at (35,258) size 565x22 [border: (1px inset #808080)] [r=2 c=1 rs=1 cs=1]
                                      LayoutText {#text} at (2,2) size 524x18
                                        text run at (2,2) width 403: "Cell, and stuff to test out table cell layout. This should be long "
                                        text run at (404,2) width 122: "enough for testing."
                                    LayoutTableCell {TD} at (602,258) size 34x22 [border: (1px inset #808080)] [r=2 c=2 rs=1 cs=1]
                                      LayoutText {#text} at (2,2) size 27x18
                                        text run at (2,2) width 27: "Cell"
                          LayoutTableRow {TR} at (0,147) size 681x143
                            LayoutTableCell {TD} at (2,207) size 31x22 [border: (1px inset #808080)] [r=1 c=0 rs=1 cs=1]
                              LayoutText {#text} at (2,2) size 27x18
                                text run at (2,2) width 27: "Cell"
                          LayoutTableRow {TR} at (0,292) size 681x22
                            LayoutTableCell {TD} at (2,292) size 31x22 [border: (1px inset #808080)] [r=2 c=0 rs=1 cs=1]
                              LayoutText {#text} at (2,2) size 27x18
                                text run at (2,2) width 27: "Cell"
                            LayoutTableCell {TD} at (35,292) size 606x22 [border: (1px inset #808080)] [r=2 c=1 rs=1 cs=1]
                              LayoutText {#text} at (2,2) size 524x18
                                text run at (2,2) width 403: "Cell, and stuff to test out table cell layout. This should be long "
                                text run at (404,2) width 122: "enough for testing."
                            LayoutTableCell {TD} at (643,292) size 36x22 [border: (1px inset #808080)] [r=2 c=2 rs=1 cs=1]
                              LayoutText {#text} at (2,2) size 27x18
                                text run at (2,2) width 27: "Cell"
                  LayoutTableRow {TR} at (0,164) size 724x160
                    LayoutTableCell {TD} at (2,233) size 31x22 [border: (1px inset #808080)] [r=1 c=0 rs=1 cs=1]
                      LayoutText {#text} at (2,2) size 27x18
                        text run at (2,2) width 27: "Cell"
                  LayoutTableRow {TR} at (0,326) size 724x22
                    LayoutTableCell {TD} at (2,326) size 31x22 [border: (1px inset #808080)] [r=2 c=0 rs=1 cs=1]
                      LayoutText {#text} at (2,2) size 27x18
                        text run at (2,2) width 27: "Cell"
                    LayoutTableCell {TD} at (35,326) size 646x22 [border: (1px inset #808080)] [r=2 c=1 rs=1 cs=1]
                      LayoutText {#text} at (2,2) size 524x18
                        text run at (2,2) width 403: "Cell, and stuff to test out table cell layout. This should be long "
                        text run at (404,2) width 122: "enough for testing."
                    LayoutTableCell {TD} at (683,326) size 39x22 [border: (1px inset #808080)] [r=2 c=2 rs=1 cs=1]
                      LayoutText {#text} at (2,2) size 27x18
                        text run at (2,2) width 27: "Cell"
          LayoutTableRow {TR} at (0,181) size 767x177
            LayoutTableCell {TD} at (2,258) size 31x22 [border: (1px inset #808080)] [r=1 c=0 rs=1 cs=1]
              LayoutText {#text} at (2,2) size 27x18
                text run at (2,2) width 27: "Cell"
          LayoutTableRow {TR} at (0,360) size 767x22
            LayoutTableCell {TD} at (2,360) size 31x22 [border: (1px inset #808080)] [r=2 c=0 rs=1 cs=1]
              LayoutText {#text} at (2,2) size 27x18
                text run at (2,2) width 27: "Cell"
            LayoutTableCell {TD} at (35,360) size 687x22 [border: (1px inset #808080)] [r=2 c=1 rs=1 cs=1]
              LayoutText {#text} at (2,2) size 524x18
                text run at (2,2) width 403: "Cell, and stuff to test out table cell layout. This should be long "
                text run at (404,2) width 122: "enough for testing."
            LayoutTableCell {TD} at (724,360) size 41x22 [border: (1px inset #808080)] [r=2 c=2 rs=1 cs=1]
              LayoutText {#text} at (2,2) size 27x18
                text run at (2,2) width 27: "Cell"
      LayoutBlockFlow (anonymous) at (0,558.25) size 769x18
        LayoutBR {BR} at (0,0) size 0x18
      LayoutBlockFlow {H2} at (0,596.16) size 769x28
        LayoutText {#text} at (0,0) size 396x28
          text run at (0,0) width 396: "100% width tables nested 6 levels deep"
      LayoutTable {TABLE} at (0,644.06) size 769x716 [bgcolor=#FFFF00] [border: (1px outset #808080)]
        LayoutTableSection {TBODY} at (1,1) size 767x714
          LayoutTableRow {TR} at (0,2) size 767x22
            LayoutTableCell {TD} at (2,2) size 608x22 [border: (1px inset #808080)] [r=0 c=0 rs=1 cs=1]
              LayoutText {#text} at (2,2) size 54x18
                text run at (2,2) width 54: "Cell one"
            LayoutTableCell {TD} at (612,2) size 75x22 [border: (1px inset #808080)] [r=0 c=1 rs=1 cs=1]
              LayoutText {#text} at (2,2) size 35x18
                text run at (2,2) width 35: "Cell2"
            LayoutTableCell {TD} at (689,2) size 76x22 [border: (1px inset #808080)] [r=0 c=2 rs=1 cs=1]
              LayoutText {#text} at (2,2) size 39x18
                text run at (2,2) width 39: "Cell 3"
          LayoutTableRow {TR} at (0,26) size 767x22
            LayoutTableCell {TD} at (2,26) size 608x22 [border: (1px inset #808080)] [r=1 c=0 rs=1 cs=1]
              LayoutText {#text} at (2,2) size 39x18
                text run at (2,2) width 39: "Cell 4"
            LayoutTableCell {TD} at (612,26) size 75x22 [border: (1px inset #808080)] [r=1 c=1 rs=1 cs=1]
              LayoutText {#text} at (2,2) size 39x18
                text run at (2,2) width 39: "Cell 5"
            LayoutTableCell {TD} at (689,26) size 76x22 [border: (1px inset #808080)] [r=1 c=2 rs=1 cs=1]
              LayoutText {#text} at (2,2) size 39x18
                text run at (2,2) width 39: "Cell 6"
          LayoutTableRow {TR} at (0,50) size 767x662
            LayoutTableCell {TD} at (2,50) size 608x662 [border: (1px inset #808080)] [r=2 c=0 rs=1 cs=1]
              LayoutTable {TABLE} at (2,2) size 604x640 [bgcolor=#D3D3D3]
                LayoutTableSection {TBODY} at (0,0) size 604x640
                  LayoutTableRow {TR} at (0,2) size 604x20
                    LayoutTableCell {TD} at (2,2) size 17x20 [r=0 c=0 rs=1 cs=1]
                      LayoutText {#text} at (1,1) size 8x18
                        text run at (1,1) width 8: "1"
                    LayoutTableCell {TD} at (21,2) size 561x20 [r=0 c=1 rs=1 cs=1]
                      LayoutText {#text} at (1,1) size 8x18
                        text run at (1,1) width 8: "2"
                    LayoutTableCell {TD} at (584,2) size 18x20 [r=0 c=2 rs=1 cs=1]
                      LayoutText {#text} at (1,1) size 8x18
                        text run at (1,1) width 8: "3"
                  LayoutTableRow {TR} at (0,24) size 604x592
                    LayoutTableCell {TD} at (2,310) size 17x20 [r=1 c=0 rs=1 cs=1]
                      LayoutText {#text} at (1,1) size 8x18
                        text run at (1,1) width 8: "4"
                    LayoutTableCell {TD} at (21,24) size 561x592 [r=1 c=1 rs=1 cs=1]
                      LayoutTable {TABLE} at (1,1) size 559x572 [bgcolor=#ADD8E6] [border: (1px outset #808080)]
                        LayoutTableSection {TBODY} at (1,1) size 557x570
                          LayoutTableRow {TR} at (0,2) size 557x518
                            LayoutTableCell {TD} at (2,250) size 21x22 [border: (1px inset #808080)] [r=0 c=0 rs=1 cs=1]
                              LayoutText {#text} at (2,2) size 8x18
                                text run at (2,2) width 8: "1"
                            LayoutTableCell {TD} at (25,2) size 506x518 [border: (1px inset #808080)] [r=0 c=1 rs=1 cs=1]
                              LayoutTable {TABLE} at (2,2) size 502x496 [bgcolor=#FF0000] [border: (1px outset #808080)]
                                LayoutTableSection {TBODY} at (1,1) size 500x494
                                  LayoutTableRow {TR} at (0,2) size 500x22
                                    LayoutTableCell {TD} at (2,2) size 22x22 [border: (1px inset #808080)] [r=0 c=0 rs=1 cs=1]
                                      LayoutText {#text} at (2,2) size 8x18
                                        text run at (2,2) width 8: "1"
                                    LayoutTableCell {TD} at (26,2) size 22x22 [border: (1px inset #808080)] [r=0 c=1 rs=1 cs=1]
                                      LayoutText {#text} at (2,2) size 8x18
                                        text run at (2,2) width 8: "2"
                                    LayoutTableCell {TD} at (50,2) size 399x22 [border: (1px inset #808080)] [r=0 c=2 rs=1 cs=1]
                                      LayoutText {#text} at (2,2) size 8x18
                                        text run at (2,2) width 8: "3"
                                    LayoutTableCell {TD} at (451,2) size 22x22 [border: (1px inset #808080)] [r=0 c=3 rs=1 cs=1]
                                      LayoutText {#text} at (2,2) size 8x18
                                        text run at (2,2) width 8: "4"
                                    LayoutTableCell {TD} at (475,2) size 23x22 [border: (1px inset #808080)] [r=0 c=4 rs=1 cs=1]
                                      LayoutText {#text} at (2,2) size 8x18
                                        text run at (2,2) width 8: "5"
                                  LayoutTableRow {TR} at (0,26) size 500x394
                                    LayoutTableCell {TD} at (2,212) size 22x22 [border: (1px inset #808080)] [r=1 c=0 rs=1 cs=1]
                                      LayoutText {#text} at (2,2) size 8x18
                                        text run at (2,2) width 8: "6"
                                    LayoutTableCell {TD} at (26,212) size 22x22 [border: (1px inset #808080)] [r=1 c=1 rs=1 cs=1]
                                      LayoutText {#text} at (2,2) size 8x18
                                        text run at (2,2) width 8: "7"
                                    LayoutTableCell {TD} at (50,26) size 399x394 [border: (1px inset #808080)] [r=1 c=2 rs=1 cs=1]
                                      LayoutTable {TABLE} at (2,2) size 395x372 [bgcolor=#008000] [border: (1px outset #808080)]
                                        LayoutTableSection {TBODY} at (1,1) size 393x370
                                          LayoutTableRow {TR} at (0,2) size 393x22
                                            LayoutTableCell {TD} at (2,2) size 23x22 [border: (1px inset #808080)] [r=0 c=0 rs=1 cs=1]
                                              LayoutText {#text} at (2,2) size 8x18
                                                text run at (2,2) width 8: "a"
                                            LayoutTableCell {TD} at (27,2) size 23x22 [border: (1px inset #808080)] [r=0 c=1 rs=1 cs=1]
                                              LayoutText {#text} at (2,2) size 8x18
                                                text run at (2,2) width 8: "b"
                                            LayoutTableCell {TD} at (52,2) size 288x22 [border: (1px inset #808080)] [r=0 c=2 rs=1 cs=1]
                                              LayoutText {#text} at (2,2) size 8x18
                                                text run at (2,2) width 8: "c"
                                            LayoutTableCell {TD} at (342,2) size 23x22 [border: (1px inset #808080)] [r=0 c=3 rs=1 cs=1]
                                              LayoutText {#text} at (2,2) size 8x18
                                                text run at (2,2) width 8: "d"
                                            LayoutTableCell {TD} at (367,2) size 24x22 [border: (1px inset #808080)] [r=0 c=4 rs=1 cs=1]
                                              LayoutText {#text} at (2,2) size 8x18
                                                text run at (2,2) width 8: "e"
                                          LayoutTableRow {TR} at (0,26) size 393x22
                                            LayoutTableCell {TD} at (2,26) size 23x22 [border: (1px inset #808080)] [r=1 c=0 rs=1 cs=1]
                                              LayoutText {#text} at (2,2) size 6x18
                                                text run at (2,2) width 6: "f"
                                            LayoutTableCell {TD} at (27,26) size 23x22 [border: (1px inset #808080)] [r=1 c=1 rs=1 cs=1]
                                              LayoutText {#text} at (2,2) size 8x18
                                                text run at (2,2) width 8: "g"
                                            LayoutTableCell {TD} at (52,26) size 288x22 [border: (1px inset #808080)] [r=1 c=2 rs=1 cs=1]
                                              LayoutText {#text} at (2,2) size 8x18
                                                text run at (2,2) width 8: "h"
                                            LayoutTableCell {TD} at (342,26) size 23x22 [border: (1px inset #808080)] [r=1 c=3 rs=1 cs=1]
                                              LayoutText {#text} at (2,2) size 5x18
                                                text run at (2,2) width 5: "i"
                                            LayoutTableCell {TD} at (367,26) size 24x22 [border: (1px inset #808080)] [r=1 c=4 rs=1 cs=1]
                                              LayoutText {#text} at (2,2) size 5x18
                                                text run at (2,2) width 5: "j"
                                          LayoutTableRow {TR} at (0,50) size 393x270
                                            LayoutTableCell {TD} at (2,174) size 23x22 [border: (1px inset #808080)] [r=2 c=0 rs=1 cs=1]
                                              LayoutText {#text} at (2,2) size 8x18
                                                text run at (2,2) width 8: "k"
                                            LayoutTableCell {TD} at (27,174) size 23x22 [border: (1px inset #808080)] [r=2 c=1 rs=1 cs=1]
                                              LayoutText {#text} at (2,2) size 5x18
                                                text run at (2,2) width 5: "l"
                                            LayoutTableCell {TD} at (52,50) size 288x270 [border: (1px inset #808080)] [r=2 c=2 rs=1 cs=1]
                                              LayoutTable {TABLE} at (2,2) size 284x248 [bgcolor=#800080] [border: (1px outset #808080)]
                                                LayoutTableSection {TBODY} at (1,1) size 282x246
                                                  LayoutTableRow {TR} at (0,2) size 282x22
                                                    LayoutTableCell {TD} at (2,2) size 24x22 [border: (1px inset #808080)] [r=0 c=0 rs=1 cs=1]
                                                      LayoutText {#text} at (2,2) size 8x18
                                                        text run at (2,2) width 8: "a"
                                                    LayoutTableCell {TD} at (28,2) size 24x22 [border: (1px inset #808080)] [r=0 c=1 rs=1 cs=1]
                                                      LayoutText {#text} at (2,2) size 8x18
                                                        text run at (2,2) width 8: "b"
                                                    LayoutTableCell {TD} at (54,2) size 172x22 [border: (1px inset #808080)] [r=0 c=2 rs=1 cs=1]
                                                      LayoutText {#text} at (2,2) size 8x18
                                                        text run at (2,2) width 8: "c"
                                                    LayoutTableCell {TD} at (228,2) size 25x22 [border: (1px inset #808080)] [r=0 c=3 rs=1 cs=1]
                                                      LayoutText {#text} at (2,2) size 8x18
                                                        text run at (2,2) width 8: "d"
                                                    LayoutTableCell {TD} at (255,2) size 25x22 [border: (1px inset #808080)] [r=0 c=4 rs=1 cs=1]
                                                      LayoutText {#text} at (2,2) size 8x18
                                                        text run at (2,2) width 8: "e"
                                                  LayoutTableRow {TR} at (0,26) size 282x22
                                                    LayoutTableCell {TD} at (2,26) size 24x22 [border: (1px inset #808080)] [r=1 c=0 rs=1 cs=1]
                                                      LayoutText {#text} at (2,2) size 6x18
                                                        text run at (2,2) width 6: "f"
                                                    LayoutTableCell {TD} at (28,26) size 24x22 [border: (1px inset #808080)] [r=1 c=1 rs=1 cs=1]
                                                      LayoutText {#text} at (2,2) size 8x18
                                                        text run at (2,2) width 8: "g"
                                                    LayoutTableCell {TD} at (54,26) size 172x22 [border: (1px inset #808080)] [r=1 c=2 rs=1 cs=1]
                                                      LayoutText {#text} at (2,2) size 8x18
                                                        text run at (2,2) width 8: "h"
                                                    LayoutTableCell {TD} at (228,26) size 25x22 [border: (1px inset #808080)] [r=1 c=3 rs=1 cs=1]
                                                      LayoutText {#text} at (2,2) size 5x18
                                                        text run at (2,2) width 5: "i"
                                                    LayoutTableCell {TD} at (255,26) size 25x22 [border: (1px inset #808080)] [r=1 c=4 rs=1 cs=1]
                                                      LayoutText {#text} at (2,2) size 5x18
                                                        text run at (2,2) width 5: "j"
                                                  LayoutTableRow {TR} at (0,50) size 282x146
                                                    LayoutTableCell {TD} at (2,112) size 24x22 [border: (1px inset #808080)] [r=2 c=0 rs=1 cs=1]
                                                      LayoutText {#text} at (2,2) size 8x18
                                                        text run at (2,2) width 8: "k"
                                                    LayoutTableCell {TD} at (28,112) size 24x22 [border: (1px inset #808080)] [r=2 c=1 rs=1 cs=1]
                                                      LayoutText {#text} at (2,2) size 5x18
                                                        text run at (2,2) width 5: "l"
                                                    LayoutTableCell {TD} at (54,50) size 172x146 [border: (1px inset #808080)] [r=2 c=2 rs=1 cs=1]
                                                      LayoutTable {TABLE} at (2,2) size 168x124 [bgcolor=#FFA500] [border: (1px outset #808080)]
                                                        LayoutTableSection {TBODY} at (1,1) size 166x122
                                                          LayoutTableRow {TR} at (0,2) size 166x22
                                                            LayoutTableCell {TD} at (2,2) size 28x22 [border: (1px inset #808080)] [r=0 c=0 rs=1 cs=1]
                                                              LayoutText {#text} at (2,2) size 8x18
                                                                text run at (2,2) width 8: "a"
                                                            LayoutTableCell {TD} at (32,2) size 28x22 [border: (1px inset #808080)] [r=0 c=1 rs=1 cs=1]
                                                              LayoutText {#text} at (2,2) size 8x18
                                                                text run at (2,2) width 8: "b"
                                                            LayoutTableCell {TD} at (62,2) size 40x22 [border: (1px inset #808080)] [r=0 c=2 rs=1 cs=1]
                                                              LayoutText {#text} at (2,2) size 8x18
                                                                text run at (2,2) width 8: "c"
                                                            LayoutTableCell {TD} at (104,2) size 29x22 [border: (1px inset #808080)] [r=0 c=3 rs=1 cs=1]
                                                              LayoutText {#text} at (2,2) size 8x18
                                                                text run at (2,2) width 8: "d"
                                                            LayoutTableCell {TD} at (135,2) size 29x22 [border: (1px inset #808080)] [r=0 c=4 rs=1 cs=1]
                                                              LayoutText {#text} at (2,2) size 8x18
                                                                text run at (2,2) width 8: "e"
                                                          LayoutTableRow {TR} at (0,26) size 166x22
                                                            LayoutTableCell {TD} at (2,26) size 28x22 [border: (1px inset #808080)] [r=1 c=0 rs=1 cs=1]
                                                              LayoutText {#text} at (2,2) size 6x18
                                                                text run at (2,2) width 6: "f"
                                                            LayoutTableCell {TD} at (32,26) size 28x22 [border: (1px inset #808080)] [r=1 c=1 rs=1 cs=1]
                                                              LayoutText {#text} at (2,2) size 8x18
                                                                text run at (2,2) width 8: "g"
                                                            LayoutTableCell {TD} at (62,26) size 40x22 [border: (1px inset #808080)] [r=1 c=2 rs=1 cs=1]
                                                              LayoutText {#text} at (2,2) size 8x18
                                                                text run at (2,2) width 8: "h"
                                                            LayoutTableCell {TD} at (104,26) size 29x22 [border: (1px inset #808080)] [r=1 c=3 rs=1 cs=1]
                                                              LayoutText {#text} at (2,2) size 5x18
                                                                text run at (2,2) width 5: "i"
                                                            LayoutTableCell {TD} at (135,26) size 29x22 [border: (1px inset #808080)] [r=1 c=4 rs=1 cs=1]
                                                              LayoutText {#text} at (2,2) size 5x18
                                                                text run at (2,2) width 5: "j"
                                                          LayoutTableRow {TR} at (0,50) size 166x22
                                                            LayoutTableCell {TD} at (2,50) size 28x22 [border: (1px inset #808080)] [r=2 c=0 rs=1 cs=1]
                                                              LayoutText {#text} at (2,2) size 8x18
                                                                text run at (2,2) width 8: "k"
                                                            LayoutTableCell {TD} at (32,50) size 28x22 [border: (1px inset #808080)] [r=2 c=1 rs=1 cs=1]
                                                              LayoutText {#text} at (2,2) size 5x18
                                                                text run at (2,2) width 5: "l"
                                                            LayoutTableCell {TD} at (62,50) size 40x22 [border: (1px inset #808080)] [r=2 c=2 rs=1 cs=1]
                                                              LayoutText {#text} at (2,2) size 13x18
                                                                text run at (2,2) width 13: "m"
                                                            LayoutTableCell {TD} at (104,50) size 29x22 [border: (1px inset #808080)] [r=2 c=3 rs=1 cs=1]
                                                              LayoutText {#text} at (2,2) size 8x18
                                                                text run at (2,2) width 8: "n"
                                                            LayoutTableCell {TD} at (135,50) size 29x22 [border: (1px inset #808080)] [r=2 c=4 rs=1 cs=1]
                                                              LayoutText {#text} at (2,2) size 8x18
                                                                text run at (2,2) width 8: "o"
                                                          LayoutTableRow {TR} at (0,74) size 166x22
                                                            LayoutTableCell {TD} at (2,74) size 28x22 [border: (1px inset #808080)] [r=3 c=0 rs=1 cs=1]
                                                              LayoutText {#text} at (2,2) size 8x18
                                                                text run at (2,2) width 8: "p"
                                                            LayoutTableCell {TD} at (32,74) size 28x22 [border: (1px inset #808080)] [r=3 c=1 rs=1 cs=1]
                                                              LayoutText {#text} at (2,2) size 8x18
                                                                text run at (2,2) width 8: "q"
                                                            LayoutTableCell {TD} at (62,74) size 40x22 [border: (1px inset #808080)] [r=3 c=2 rs=1 cs=1]
                                                              LayoutText {#text} at (2,2) size 6x18
                                                                text run at (2,2) width 6: "r"
                                                            LayoutTableCell {TD} at (104,74) size 29x22 [border: (1px inset #808080)] [r=3 c=3 rs=1 cs=1]
                                                              LayoutText {#text} at (2,2) size 7x18
                                                                text run at (2,2) width 7: "s"
                                                            LayoutTableCell {TD} at (135,74) size 29x22 [border: (1px inset #808080)] [r=3 c=4 rs=1 cs=1]
                                                              LayoutText {#text} at (2,2) size 5x18
                                                                text run at (2,2) width 5: "t"
                                                          LayoutTableRow {TR} at (0,98) size 166x22
                                                            LayoutTableCell {TD} at (2,98) size 28x22 [border: (1px inset #808080)] [r=4 c=0 rs=1 cs=1]
                                                              LayoutText {#text} at (2,2) size 8x18
                                                                text run at (2,2) width 8: "u"
                                                            LayoutTableCell {TD} at (32,98) size 28x22 [border: (1px inset #808080)] [r=4 c=1 rs=1 cs=1]
                                                              LayoutText {#text} at (2,2) size 8x18
                                                                text run at (2,2) width 8: "v"
                                                            LayoutTableCell {TD} at (62,98) size 40x22 [border: (1px inset #808080)] [r=4 c=2 rs=1 cs=1]
                                                              LayoutText {#text} at (2,2) size 12x18
                                                                text run at (2,2) width 12: "w"
                                                            LayoutTableCell {TD} at (104,98) size 29x22 [border: (1px inset #808080)] [r=4 c=3 rs=1 cs=1]
                                                              LayoutText {#text} at (2,2) size 8x18
                                                                text run at (2,2) width 8: "x"
                                                            LayoutTableCell {TD} at (135,98) size 29x22 [border: (1px inset #808080)] [r=4 c=4 rs=1 cs=1]
                                                              LayoutText {#text} at (2,2) size 8x18
                                                                text run at (2,2) width 8: "y"
                                                      LayoutBlockFlow (anonymous) at (2,126) size 168x18
                                                        LayoutText {#text} at (0,0) size 4x18
                                                          text run at (0,0) width 4: " "
                                                    LayoutTableCell {TD} at (228,112) size 25x22 [border: (1px inset #808080)] [r=2 c=3 rs=1 cs=1]
                                                      LayoutText {#text} at (2,2) size 8x18
                                                        text run at (2,2) width 8: "n"
                                                    LayoutTableCell {TD} at (255,112) size 25x22 [border: (1px inset #808080)] [r=2 c=4 rs=1 cs=1]
                                                      LayoutText {#text} at (2,2) size 8x18
                                                        text run at (2,2) width 8: "o"
                                                  LayoutTableRow {TR} at (0,198) size 282x22
                                                    LayoutTableCell {TD} at (2,198) size 24x22 [border: (1px inset #808080)] [r=3 c=0 rs=1 cs=1]
                                                      LayoutText {#text} at (2,2) size 8x18
                                                        text run at (2,2) width 8: "p"
                                                    LayoutTableCell {TD} at (28,198) size 24x22 [border: (1px inset #808080)] [r=3 c=1 rs=1 cs=1]
                                                      LayoutText {#text} at (2,2) size 8x18
                                                        text run at (2,2) width 8: "q"
                                                    LayoutTableCell {TD} at (54,198) size 172x22 [border: (1px inset #808080)] [r=3 c=2 rs=1 cs=1]
                                                      LayoutText {#text} at (2,2) size 6x18
                                                        text run at (2,2) width 6: "r"
                                                    LayoutTableCell {TD} at (228,198) size 25x22 [border: (1px inset #808080)] [r=3 c=3 rs=1 cs=1]
                                                      LayoutText {#text} at (2,2) size 7x18
                                                        text run at (2,2) width 7: "s"
                                                    LayoutTableCell {TD} at (255,198) size 25x22 [border: (1px inset #808080)] [r=3 c=4 rs=1 cs=1]
                                                      LayoutText {#text} at (2,2) size 5x18
                                                        text run at (2,2) width 5: "t"
                                                  LayoutTableRow {TR} at (0,222) size 282x22
                                                    LayoutTableCell {TD} at (2,222) size 24x22 [border: (1px inset #808080)] [r=4 c=0 rs=1 cs=1]
                                                      LayoutText {#text} at (2,2) size 8x18
                                                        text run at (2,2) width 8: "u"
                                                    LayoutTableCell {TD} at (28,222) size 24x22 [border: (1px inset #808080)] [r=4 c=1 rs=1 cs=1]
                                                      LayoutText {#text} at (2,2) size 8x18
                                                        text run at (2,2) width 8: "v"
                                                    LayoutTableCell {TD} at (54,222) size 172x22 [border: (1px inset #808080)] [r=4 c=2 rs=1 cs=1]
                                                      LayoutText {#text} at (2,2) size 12x18
                                                        text run at (2,2) width 12: "w"
                                                    LayoutTableCell {TD} at (228,222) size 25x22 [border: (1px inset #808080)] [r=4 c=3 rs=1 cs=1]
                                                      LayoutText {#text} at (2,2) size 8x18
                                                        text run at (2,2) width 8: "x"
                                                    LayoutTableCell {TD} at (255,222) size 25x22 [border: (1px inset #808080)] [r=4 c=4 rs=1 cs=1]
                                                      LayoutText {#text} at (2,2) size 8x18
                                                        text run at (2,2) width 8: "y"
                                              LayoutBlockFlow (anonymous) at (2,250) size 284x18
                                                LayoutText {#text} at (0,0) size 4x18
                                                  text run at (0,0) width 4: " "
                                            LayoutTableCell {TD} at (342,174) size 23x22 [border: (1px inset #808080)] [r=2 c=3 rs=1 cs=1]
                                              LayoutText {#text} at (2,2) size 8x18
                                                text run at (2,2) width 8: "n"
                                            LayoutTableCell {TD} at (367,174) size 24x22 [border: (1px inset #808080)] [r=2 c=4 rs=1 cs=1]
                                              LayoutText {#text} at (2,2) size 8x18
                                                text run at (2,2) width 8: "o"
                                          LayoutTableRow {TR} at (0,322) size 393x22
                                            LayoutTableCell {TD} at (2,322) size 23x22 [border: (1px inset #808080)] [r=3 c=0 rs=1 cs=1]
                                              LayoutText {#text} at (2,2) size 8x18
                                                text run at (2,2) width 8: "p"
                                            LayoutTableCell {TD} at (27,322) size 23x22 [border: (1px inset #808080)] [r=3 c=1 rs=1 cs=1]
                                              LayoutText {#text} at (2,2) size 8x18
                                                text run at (2,2) width 8: "q"
                                            LayoutTableCell {TD} at (52,322) size 288x22 [border: (1px inset #808080)] [r=3 c=2 rs=1 cs=1]
                                              LayoutText {#text} at (2,2) size 6x18
                                                text run at (2,2) width 6: "r"
                                            LayoutTableCell {TD} at (342,322) size 23x22 [border: (1px inset #808080)] [r=3 c=3 rs=1 cs=1]
                                              LayoutText {#text} at (2,2) size 7x18
                                                text run at (2,2) width 7: "s"
                                            LayoutTableCell {TD} at (367,322) size 24x22 [border: (1px inset #808080)] [r=3 c=4 rs=1 cs=1]
                                              LayoutText {#text} at (2,2) size 5x18
                                                text run at (2,2) width 5: "t"
                                          LayoutTableRow {TR} at (0,346) size 393x22
                                            LayoutTableCell {TD} at (2,346) size 23x22 [border: (1px inset #808080)] [r=4 c=0 rs=1 cs=1]
                                              LayoutText {#text} at (2,2) size 8x18
                                                text run at (2,2) width 8: "u"
                                            LayoutTableCell {TD} at (27,346) size 23x22 [border: (1px inset #808080)] [r=4 c=1 rs=1 cs=1]
                                              LayoutText {#text} at (2,2) size 8x18
                                                text run at (2,2) width 8: "v"
                                            LayoutTableCell {TD} at (52,346) size 288x22 [border: (1px inset #808080)] [r=4 c=2 rs=1 cs=1]
                                              LayoutText {#text} at (2,2) size 12x18
                                                text run at (2,2) width 12: "w"
                                            LayoutTableCell {TD} at (342,346) size 23x22 [border: (1px inset #808080)] [r=4 c=3 rs=1 cs=1]
                                              LayoutText {#text} at (2,2) size 8x18
                                                text run at (2,2) width 8: "x"
                                            LayoutTableCell {TD} at (367,346) size 24x22 [border: (1px inset #808080)] [r=4 c=4 rs=1 cs=1]
                                              LayoutText {#text} at (2,2) size 8x18
                                                text run at (2,2) width 8: "y"
                                      LayoutBlockFlow (anonymous) at (2,374) size 395x18
                                        LayoutText {#text} at (0,0) size 4x18
                                          text run at (0,0) width 4: " "
                                    LayoutTableCell {TD} at (451,212) size 22x22 [border: (1px inset #808080)] [r=1 c=3 rs=1 cs=1]
                                      LayoutText {#text} at (2,2) size 8x18
                                        text run at (2,2) width 8: "9"
                                    LayoutTableCell {TD} at (475,212) size 23x22 [border: (1px inset #808080)] [r=1 c=4 rs=1 cs=1]
                                      LayoutText {#text} at (2,2) size 8x18
                                        text run at (2,2) width 8: "0"
                                  LayoutTableRow {TR} at (0,422) size 500x22
                                    LayoutTableCell {TD} at (2,422) size 22x22 [border: (1px inset #808080)] [r=2 c=0 rs=1 cs=1]
                                      LayoutText {#text} at (2,2) size 8x18
                                        text run at (2,2) width 8: "a"
                                    LayoutTableCell {TD} at (26,422) size 22x22 [border: (1px inset #808080)] [r=2 c=1 rs=1 cs=1]
                                      LayoutText {#text} at (2,2) size 8x18
                                        text run at (2,2) width 8: "b"
                                    LayoutTableCell {TD} at (50,422) size 399x22 [border: (1px inset #808080)] [r=2 c=2 rs=1 cs=1]
                                      LayoutText {#text} at (2,2) size 8x18
                                        text run at (2,2) width 8: "c"
                                    LayoutTableCell {TD} at (451,422) size 22x22 [border: (1px inset #808080)] [r=2 c=3 rs=1 cs=1]
                                      LayoutText {#text} at (2,2) size 8x18
                                        text run at (2,2) width 8: "d"
                                    LayoutTableCell {TD} at (475,422) size 23x22 [border: (1px inset #808080)] [r=2 c=4 rs=1 cs=1]
                                      LayoutText {#text} at (2,2) size 8x18
                                        text run at (2,2) width 8: "e"
                                  LayoutTableRow {TR} at (0,446) size 500x22
                                    LayoutTableCell {TD} at (2,446) size 22x22 [border: (1px inset #808080)] [r=3 c=0 rs=1 cs=1]
                                      LayoutText {#text} at (2,2) size 6x18
                                        text run at (2,2) width 6: "f"
                                    LayoutTableCell {TD} at (26,446) size 22x22 [border: (1px inset #808080)] [r=3 c=1 rs=1 cs=1]
                                      LayoutText {#text} at (2,2) size 8x18
                                        text run at (2,2) width 8: "g"
                                    LayoutTableCell {TD} at (50,446) size 399x22 [border: (1px inset #808080)] [r=3 c=2 rs=1 cs=1]
                                      LayoutText {#text} at (2,2) size 8x18
                                        text run at (2,2) width 8: "h"
                                    LayoutTableCell {TD} at (451,446) size 22x22 [border: (1px inset #808080)] [r=3 c=3 rs=1 cs=1]
                                      LayoutText {#text} at (2,2) size 5x18
                                        text run at (2,2) width 5: "i"
                                    LayoutTableCell {TD} at (475,446) size 23x22 [border: (1px inset #808080)] [r=3 c=4 rs=1 cs=1]
                                      LayoutText {#text} at (2,2) size 5x18
                                        text run at (2,2) width 5: "j"
                                  LayoutTableRow {TR} at (0,470) size 500x22
                                    LayoutTableCell {TD} at (2,470) size 22x22 [border: (1px inset #808080)] [r=4 c=0 rs=1 cs=1]
                                      LayoutText {#text} at (2,2) size 8x18
                                        text run at (2,2) width 8: "k"
                                    LayoutTableCell {TD} at (26,470) size 22x22 [border: (1px inset #808080)] [r=4 c=1 rs=1 cs=1]
                                      LayoutText {#text} at (2,2) size 5x18
                                        text run at (2,2) width 5: "l"
                                    LayoutTableCell {TD} at (50,470) size 399x22 [border: (1px inset #808080)] [r=4 c=2 rs=1 cs=1]
                                      LayoutText {#text} at (2,2) size 13x18
                                        text run at (2,2) width 13: "m"
                                    LayoutTableCell {TD} at (451,470) size 22x22 [border: (1px inset #808080)] [r=4 c=3 rs=1 cs=1]
                                      LayoutText {#text} at (2,2) size 8x18
                                        text run at (2,2) width 8: "n"
                                    LayoutTableCell {TD} at (475,470) size 23x22 [border: (1px inset #808080)] [r=4 c=4 rs=1 cs=1]
                                      LayoutText {#text} at (2,2) size 8x18
                                        text run at (2,2) width 8: "o"
                              LayoutBlockFlow (anonymous) at (2,498) size 502x18
                                LayoutText {#text} at (0,0) size 4x18
                                  text run at (0,0) width 4: " "
                            LayoutTableCell {TD} at (533,250) size 22x22 [border: (1px inset #808080)] [r=0 c=2 rs=1 cs=1]
                              LayoutText {#text} at (2,2) size 8x18
                                text run at (2,2) width 8: "3"
                          LayoutTableRow {TR} at (0,522) size 557x22
                            LayoutTableCell {TD} at (2,522) size 21x22 [border: (1px inset #808080)] [r=1 c=0 rs=1 cs=1]
                              LayoutText {#text} at (2,2) size 8x18
                                text run at (2,2) width 8: "4"
                            LayoutTableCell {TD} at (25,522) size 506x22 [border: (1px inset #808080)] [r=1 c=1 rs=1 cs=1]
                              LayoutText {#text} at (2,2) size 8x18
                                text run at (2,2) width 8: "5"
                            LayoutTableCell {TD} at (533,522) size 22x22 [border: (1px inset #808080)] [r=1 c=2 rs=1 cs=1]
                              LayoutText {#text} at (2,2) size 8x18
                                text run at (2,2) width 8: "6"
                          LayoutTableRow {TR} at (0,546) size 557x22
                            LayoutTableCell {TD} at (2,546) size 21x22 [border: (1px inset #808080)] [r=2 c=0 rs=1 cs=1]
                              LayoutText {#text} at (2,2) size 8x18
                                text run at (2,2) width 8: "7"
                            LayoutTableCell {TD} at (25,546) size 506x22 [border: (1px inset #808080)] [r=2 c=1 rs=1 cs=1]
                              LayoutText {#text} at (2,2) size 8x18
                                text run at (2,2) width 8: "8"
                            LayoutTableCell {TD} at (533,546) size 22x22 [border: (1px inset #808080)] [r=2 c=2 rs=1 cs=1]
                              LayoutText {#text} at (2,2) size 8x18
                                text run at (2,2) width 8: "9"
                      LayoutBlockFlow (anonymous) at (1,573) size 559x18
                        LayoutText {#text} at (0,0) size 4x18
                          text run at (0,0) width 4: " "
                    LayoutTableCell {TD} at (584,310) size 18x20 [r=1 c=2 rs=1 cs=1]
                      LayoutText {#text} at (1,1) size 8x18
                        text run at (1,1) width 8: "6"
                  LayoutTableRow {TR} at (0,618) size 604x20
                    LayoutTableCell {TD} at (2,618) size 17x20 [r=2 c=0 rs=1 cs=1]
                      LayoutText {#text} at (1,1) size 8x18
                        text run at (1,1) width 8: "7"
                    LayoutTableCell {TD} at (21,618) size 561x20 [r=2 c=1 rs=1 cs=1]
                      LayoutText {#text} at (1,1) size 8x18
                        text run at (1,1) width 8: "8"
                    LayoutTableCell {TD} at (584,618) size 18x20 [r=2 c=2 rs=1 cs=1]
                      LayoutText {#text} at (1,1) size 8x18
                        text run at (1,1) width 8: "9"
              LayoutBlockFlow (anonymous) at (2,642) size 604x18
                LayoutText {#text} at (0,0) size 4x18
                  text run at (0,0) width 4: " "
            LayoutTableCell {TD} at (612,370) size 75x22 [border: (1px inset #808080)] [r=2 c=1 rs=1 cs=1]
              LayoutText {#text} at (2,2) size 8x18
                text run at (2,2) width 8: "8"
            LayoutTableCell {TD} at (689,370) size 76x22 [border: (1px inset #808080)] [r=2 c=2 rs=1 cs=1]
              LayoutText {#text} at (2,2) size 8x18
                text run at (2,2) width 8: "9"
