layer at (0,0) size 800x600 clip at (0,0) size 785x600 scrollHeight 1309
  LayoutView at (0,0) size 800x600
layer at (0,0) size 785x1309 backgroundClip at (0,0) size 785x600 clip at (0,0) size 785x600
  LayoutBlockFlow {HTML} at (0,0) size 785x1308.88
    LayoutBlockFlow {BODY} at (8,8) size 769x1284.88 [bgcolor=#FFDEAD]
      LayoutBlockFlow (anonymous) at (0,0) size 769x18
        LayoutText {#text} at (0,0) size 611x18
          text run at (0,0) width 611: "If there is missing vertical space between tables and/or tables and other content, it is bug 6997. "
        LayoutBR {BR} at (610,14) size 1x0
      LayoutBlockFlow {H1} at (0,39.44) size 769x74
        LayoutInline {FONT} at (0,0) size 470x74 [color=#FF0000]
          LayoutText {#text} at (0,0) size 294x37
            text run at (0,0) width 294: "Acceptance Test Case"
          LayoutBR {BR} at (293,29) size 1x0
          LayoutText {#text} at (0,37) size 470x37
            text run at (0,37) width 470: "Web Browser: Web View (HTML)"
      LayoutBlockFlow {P} at (0,134.88) size 769x28
        LayoutInline {FONT} at (0,0) size 216x28 [color=#FF0000]
          LayoutInline {B} at (0,0) size 216x28
            LayoutText {#text} at (0,0) size 216x28
              text run at (0,0) width 216: "Table: <TR> ALIGN"
        LayoutText {#text} at (0,0) size 0x0
      LayoutBlockFlow {HR} at (0,178.88) size 769x2 [border: (1px inset #EEEEEE)]
      LayoutBlockFlow (anonymous) at (0,188.88) size 769x72
        LayoutText {#text} at (0,0) size 277x18
          text run at (0,0) width 277: "This acceptance test case tests the optional "
        LayoutInline {B} at (0,0) size 42x18
          LayoutText {#text} at (276,0) size 42x18
            text run at (276,0) width 42: "<TR>"
        LayoutText {#text} at (317,0) size 28x18
          text run at (317,0) width 28: " tag "
        LayoutInline {B} at (0,0) size 54x18
          LayoutText {#text} at (344,0) size 54x18
            text run at (344,0) width 54: "ALIGN"
        LayoutText {#text} at (397,0) size 751x54
          text run at (397,0) width 184: " attribute which controls the "
          text run at (580,0) width 171: "horizontal alignment of all"
          text run at (0,18) width 503: "the cells in a row. This cause the contents of each cell in the row to be aligned "
          text run at (502,18) width 229: "either LEFT|CENTER|RIGHT with"
          text run at (0,36) width 431: "respect to the current left and right margins of the display window. "
          text run at (430,36) width 29: "The "
        LayoutInline {B} at (0,0) size 52x18
          LayoutText {#text} at (458,36) size 52x18
            text run at (458,36) width 52: "Header"
        LayoutText {#text} at (509,36) size 181x18
          text run at (509,36) width 181: " cells by default are aligned "
        LayoutInline {B} at (0,0) size 68x18
          LayoutText {#text} at (689,36) size 68x18
            text run at (689,36) width 68: "CENTER"
        LayoutText {#text} at (0,54) size 64x18
          text run at (0,54) width 64: "while the "
        LayoutInline {B} at (0,0) size 33x18
          LayoutText {#text} at (63,54) size 33x18
            text run at (63,54) width 33: "Data"
        LayoutText {#text} at (95,54) size 182x18
          text run at (95,54) width 182: " cells by default are aligned "
        LayoutInline {B} at (0,0) size 43x18
          LayoutText {#text} at (276,54) size 43x18
            text run at (276,54) width 43: "LEFT"
        LayoutText {#text} at (318,54) size 5x18
          text run at (318,54) width 5: "."
      LayoutBlockFlow {P} at (0,276.88) size 769x18
        LayoutInline {B} at (0,0) size 120x18
          LayoutText {#text} at (0,0) size 120x18
            text run at (0,0) width 120: "Test Instructions:"
        LayoutText {#text} at (0,0) size 0x0
      LayoutBlockFlow {OL} at (0,310.88) size 769x210
        LayoutListItem {LI} at (40,0) size 729x18
          LayoutListMarker (anonymous) at (-16,0) size 16x18: "1"
          LayoutText {#text} at (0,0) size 510x18
            text run at (0,0) width 510: "Verify that the sample text displays as stated in each of the following test cases:"
        LayoutBlockFlow {P} at (40,34) size 729x70
          LayoutTable {TABLE} at (0,0) size 718x70 [bgcolor=#F08080]
            LayoutTableSection {TBODY} at (0,0) size 718x70
              LayoutTableRow {TR} at (0,2) size 718x32
                LayoutTableCell {TD} at (2,2) size 96x32 [r=0 c=0 rs=1 cs=1]
                  LayoutInline {A} at (0,0) size 82x18 [color=#0000EE]
                    LayoutText {#text} at (7,7) size 82x18
                      text run at (7,7) width 82: "Test Case #1"
                LayoutTableCell {TD} at (100,2) size 616x32 [r=0 c=1 rs=1 cs=1]
                  LayoutInline {FONT} at (0,0) size 602x18 [color=#0000FF]
                    LayoutInline {B} at (0,0) size 602x18
                      LayoutText {#text} at (7,7) size 602x18
                        text run at (7,7) width 602: "Table displaying Header \"CENTER \"& Data \"LEFT\" default horizontal row alignment"
              LayoutTableRow {TR} at (0,36) size 718x32
                LayoutTableCell {TD} at (2,36) size 96x32 [r=1 c=0 rs=1 cs=1]
                  LayoutInline {A} at (0,0) size 82x18 [color=#0000EE]
                    LayoutText {#text} at (7,7) size 82x18
                      text run at (7,7) width 82: "Test Case #2"
                LayoutTableCell {TD} at (100,36) size 616x32 [r=1 c=1 rs=1 cs=1]
                  LayoutInline {FONT} at (0,0) size 595x18 [color=#0000FF]
                    LayoutInline {B} at (0,0) size 595x18
                      LayoutText {#text} at (7,7) size 595x18
                        text run at (7,7) width 595: "Tables displaying Header & Data \"LEFT|CENTER|RIGHT\" horizontal row alignment"
        LayoutBlockFlow {P} at (40,120) size 729x0
        LayoutListItem {LI} at (40,120) size 729x18
          LayoutListMarker (anonymous) at (-16,0) size 16x18: "2"
          LayoutText {#text} at (0,0) size 288x18
            text run at (0,0) width 288: "Verify that the table is maintained when you "
          LayoutInline {B} at (0,0) size 134x18
            LayoutText {#text} at (287,0) size 134x18
              text run at (287,0) width 134: "minimize/maximize"
          LayoutText {#text} at (420,0) size 73x18
            text run at (420,0) width 73: " the screen."
        LayoutListItem {LI} at (40,138) size 729x18
          LayoutListMarker (anonymous) at (-16,0) size 16x18: "3"
          LayoutText {#text} at (0,0) size 288x18
            text run at (0,0) width 288: "Verify that the table is maintained when you "
          LayoutInline {B} at (0,0) size 126x18
            LayoutText {#text} at (287,0) size 126x18
              text run at (287,0) width 126: "re-size left & right"
          LayoutText {#text} at (412,0) size 73x18
            text run at (412,0) width 73: " the screen."
        LayoutListItem {LI} at (40,156) size 729x18
          LayoutListMarker (anonymous) at (-16,0) size 16x18: "4"
          LayoutText {#text} at (0,0) size 288x18
            text run at (0,0) width 288: "Verify that the table is maintained when you "
          LayoutInline {B} at (0,0) size 141x18
            LayoutText {#text} at (287,0) size 141x18
              text run at (287,0) width 141: "re-size top & bottom"
          LayoutText {#text} at (427,0) size 73x18
            text run at (427,0) width 73: " the screen."
        LayoutListItem {LI} at (40,174) size 729x18
          LayoutListMarker (anonymous) at (-16,0) size 16x18: "5"
          LayoutText {#text} at (0,0) size 416x18
            text run at (0,0) width 416: "Verify re-draw takes place correctly after maximizing the screen."
        LayoutListItem {LI} at (40,192) size 729x18
          LayoutListMarker (anonymous) at (-16,0) size 16x18: "6"
          LayoutText {#text} at (0,0) size 132x18
            text run at (0,0) width 132: "Verify reload works."
      LayoutBlockFlow {HR} at (0,536.88) size 769x2 [border: (1px inset #EEEEEE)]
      LayoutBlockFlow {P} at (0,554.88) size 769x61
        LayoutTable {TABLE} at (0,0) size 769x61 [bgcolor=#F08080] [border: (1px outset #808080)]
          LayoutTableSection {TBODY} at (1,1) size 767x59
            LayoutTableRow {TR} at (0,2) size 767x55
              LayoutTableCell {TH} at (2,2) size 763x55 [border: (1px inset #808080)] [r=0 c=0 rs=1 cs=1]
                LayoutInline {A} at (0,0) size 0x0
                LayoutText {#text} at (14,11) size 95x18
                  text run at (14,11) width 95: "Test Case #1: "
                LayoutInline {FONT} at (0,0) size 603x18 [color=#0000FF]
                  LayoutText {#text} at (108,11) size 603x18
                    text run at (108,11) width 603: "Table displaying Header \"CENTER \"& Data \"LEFT\" default horizontal row alignment"
                LayoutText {#text} at (710,11) size 5x18
                  text run at (710,11) width 5: " "
                LayoutInline {FONT} at (0,0) size 396x31
                  LayoutInline {I} at (0,0) size 396x31
                    LayoutText {#text} at (714,13) size 396x31
                      text run at (714,13) width 35: "(using"
                      text run at (353,29) width 57: "<TR> tag)"
                LayoutText {#text} at (0,0) size 0x0
      LayoutBlockFlow {P} at (0,631.88) size 769x70
        LayoutTable {TABLE} at (0,0) size 346x70 [bgcolor=#FFE4C4] [border: (1px outset #808080)]
          LayoutBlockFlow {CAPTION} at (0,0) size 346x18
            LayoutText {#text} at (59,0) size 228x18
              text run at (59,0) width 228: "Default Horizontal Row Alignment"
          LayoutTableSection {TBODY} at (1,19) size 344x50
            LayoutTableRow {TR} at (0,2) size 344x22
              LayoutTableCell {TH} at (2,2) size 112x22 [border: (1px inset #808080)] [r=0 c=0 rs=1 cs=1]
                LayoutText {#text} at (18,2) size 76x18
                  text run at (18,2) width 76: "row head 1"
              LayoutTableCell {TH} at (116,2) size 112x22 [border: (1px inset #808080)] [r=0 c=1 rs=1 cs=1]
                LayoutText {#text} at (18,2) size 76x18
                  text run at (18,2) width 76: "row head 2"
              LayoutTableCell {TH} at (230,2) size 112x22 [border: (1px inset #808080)] [r=0 c=2 rs=1 cs=1]
                LayoutText {#text} at (18,2) size 76x18
                  text run at (18,2) width 76: "row head 3"
            LayoutTableRow {TR} at (0,26) size 344x22
              LayoutTableCell {TD} at (2,26) size 112x22 [border: (1px inset #808080)] [r=1 c=0 rs=1 cs=1]
                LayoutText {#text} at (2,2) size 68x18
                  text run at (2,2) width 68: "row data 1"
              LayoutTableCell {TD} at (116,26) size 112x22 [border: (1px inset #808080)] [r=1 c=1 rs=1 cs=1]
                LayoutText {#text} at (2,2) size 68x18
                  text run at (2,2) width 68: "row data 2"
              LayoutTableCell {TD} at (230,26) size 112x22 [border: (1px inset #808080)] [r=1 c=2 rs=1 cs=1]
                LayoutText {#text} at (2,2) size 68x18
                  text run at (2,2) width 68: "row data 3"
      LayoutBlockFlow {HR} at (0,717.88) size 769x2 [border: (1px inset #EEEEEE)]
      LayoutBlockFlow {P} at (0,735.88) size 769x61
        LayoutTable {TABLE} at (0,0) size 769x61 [bgcolor=#F08080] [border: (1px outset #808080)]
          LayoutTableSection {TBODY} at (1,1) size 767x59
            LayoutTableRow {TR} at (0,2) size 767x55
              LayoutTableCell {TH} at (2,2) size 763x55 [border: (1px inset #808080)] [r=0 c=0 rs=1 cs=1]
                LayoutInline {A} at (0,0) size 0x0
                LayoutText {#text} at (18,11) size 95x18
                  text run at (18,11) width 95: "Test Case #2: "
                LayoutInline {FONT} at (0,0) size 595x18 [color=#0000FF]
                  LayoutText {#text} at (112,11) size 595x18
                    text run at (112,11) width 595: "Tables displaying Header & Data \"LEFT|CENTER|RIGHT\" horizontal row alignment"
                LayoutText {#text} at (706,11) size 5x18
                  text run at (706,11) width 5: " "
                LayoutInline {FONT} at (0,0) size 483x31
                  LayoutInline {I} at (0,0) size 483x31
                    LayoutText {#text} at (710,13) size 483x31
                      text run at (710,13) width 35: "(using"
                      text run at (262,29) width 239: "<TR ALIGN=LEFT|CENTER|RIGHT> tag)"
                LayoutText {#text} at (0,0) size 0x0
      LayoutBlockFlow {P} at (0,812.88) size 769x146
        LayoutTable {TABLE} at (0,0) size 346x146 [bgcolor=#FFE4C4] [border: (1px outset #808080)]
          LayoutBlockFlow {CAPTION} at (0,0) size 346x18
            LayoutText {#text} at (61,0) size 224x18
              text run at (61,0) width 224: "Horizontal Row Alignment=LEFT"
          LayoutTableSection {TBODY} at (1,19) size 344x126
            LayoutTableRow {TR} at (0,2) size 344x22
              LayoutTableCell {TH} at (2,2) size 111x22 [border: (1px inset #808080)] [r=0 c=0 rs=1 cs=1]
                LayoutText {#text} at (2,2) size 76x18
                  text run at (2,2) width 76: "row head 1"
              LayoutTableCell {TH} at (115,2) size 112x22 [border: (1px inset #808080)] [r=0 c=1 rs=1 cs=1]
                LayoutText {#text} at (2,2) size 76x18
                  text run at (2,2) width 76: "row head 2"
              LayoutTableCell {TH} at (229,2) size 113x22 [border: (1px inset #808080)] [r=0 c=2 rs=1 cs=1]
                LayoutText {#text} at (2,2) size 76x18
                  text run at (2,2) width 76: "row head 3"
            LayoutTableRow {TR} at (0,26) size 344x22
              LayoutTableCell {TD} at (2,26) size 111x22 [border: (1px inset #808080)] [r=1 c=0 rs=1 cs=1]
                LayoutText {#text} at (2,2) size 68x18
                  text run at (2,2) width 68: "row data 1"
              LayoutTableCell {TD} at (115,26) size 112x22 [border: (1px inset #808080)] [r=1 c=1 rs=1 cs=1]
                LayoutText {#text} at (2,2) size 68x18
                  text run at (2,2) width 68: "row data 2"
              LayoutTableCell {TD} at (229,26) size 113x22 [border: (1px inset #808080)] [r=1 c=2 rs=1 cs=1]
                LayoutText {#text} at (2,2) size 68x18
                  text run at (2,2) width 68: "row data 3"
            LayoutTableRow {TR} at (0,50) size 344x74 [bgcolor=#FFD700]
              LayoutTableCell {TD} at (2,50) size 340x74 [border: (1px inset #808080)] [r=2 c=0 rs=1 cs=3]
                LayoutBlockFlow (anonymous) at (2,2) size 336x54
                  LayoutInline {B} at (0,0) size 325x54
                    LayoutInline {FONT} at (0,0) size 325x54 [color=#FF0000]
                      LayoutText {#text} at (0,0) size 137x18
                        text run at (0,0) width 137: "Note: The attribute "
                      LayoutInline {FONT} at (0,0) size 104x18 [color=#0000FF]
                        LayoutText {#text} at (136,0) size 104x18
                          text run at (136,0) width 104: "ALIGN=LEFT"
                      LayoutText {#text} at (239,0) size 325x54
                        text run at (239,0) width 49: " has no"
                        text run at (0,18) width 300: "special effect on the row data since it simply"
                        text run at (0,36) width 325: "reiterates the default horizontal row alignment!"
                LayoutBlockFlow {P} at (2,72) size 336x0
                  LayoutInline {B} at (0,0) size 0x0
                    LayoutInline {FONT} at (0,0) size 0x0 [color=#FF0000]
                  LayoutText {#text} at (0,0) size 0x0
      LayoutBlockFlow {P} at (0,974.88) size 769x146
        LayoutTable {TABLE} at (0,0) size 346x146 [bgcolor=#FFE4C4] [border: (1px outset #808080)]
          LayoutBlockFlow {CAPTION} at (0,0) size 346x18
            LayoutText {#text} at (49,0) size 248x18
              text run at (49,0) width 248: "Horizontal Row Alignment=CENTER"
          LayoutTableSection {TBODY} at (1,19) size 344x126
            LayoutTableRow {TR} at (0,2) size 344x22
              LayoutTableCell {TH} at (2,2) size 111x22 [border: (1px inset #808080)] [r=0 c=0 rs=1 cs=1]
                LayoutText {#text} at (17,2) size 77x18
                  text run at (17,2) width 77: "row head 1"
              LayoutTableCell {TH} at (115,2) size 112x22 [border: (1px inset #808080)] [r=0 c=1 rs=1 cs=1]
                LayoutText {#text} at (18,2) size 76x18
                  text run at (18,2) width 76: "row head 2"
              LayoutTableCell {TH} at (229,2) size 113x22 [border: (1px inset #808080)] [r=0 c=2 rs=1 cs=1]
                LayoutText {#text} at (18,2) size 77x18
                  text run at (18,2) width 77: "row head 3"
            LayoutTableRow {TR} at (0,26) size 344x22
              LayoutTableCell {TD} at (2,26) size 111x22 [border: (1px inset #808080)] [r=1 c=0 rs=1 cs=1]
                LayoutText {#text} at (21,2) size 69x18
                  text run at (21,2) width 69: "row data 1"
              LayoutTableCell {TD} at (115,26) size 112x22 [border: (1px inset #808080)] [r=1 c=1 rs=1 cs=1]
                LayoutText {#text} at (22,2) size 68x18
                  text run at (22,2) width 68: "row data 2"
              LayoutTableCell {TD} at (229,26) size 113x22 [border: (1px inset #808080)] [r=1 c=2 rs=1 cs=1]
                LayoutText {#text} at (22,2) size 69x18
                  text run at (22,2) width 69: "row data 3"
            LayoutTableRow {TR} at (0,50) size 344x74 [bgcolor=#FFD700]
              LayoutTableCell {TD} at (2,50) size 340x74 [border: (1px inset #808080)] [r=2 c=0 rs=1 cs=3]
                LayoutBlockFlow (anonymous) at (2,2) size 336x54
                  LayoutInline {B} at (0,0) size 325x54
                    LayoutInline {FONT} at (0,0) size 325x54 [color=#FF0000]
                      LayoutText {#text} at (0,0) size 137x18
                        text run at (0,0) width 137: "Note: The attribute "
                      LayoutInline {FONT} at (0,0) size 129x18 [color=#0000FF]
                        LayoutText {#text} at (136,0) size 129x18
                          text run at (136,0) width 129: "ALIGN=CENTER"
                      LayoutText {#text} at (264,0) size 325x54
                        text run at (264,0) width 49: " has no"
                        text run at (0,18) width 302: "special effect on the row head since it simply"
                        text run at (0,36) width 325: "reiterates the default horizontal row alignment!"
                LayoutBlockFlow {P} at (2,72) size 336x0
                  LayoutInline {B} at (0,0) size 0x0
                    LayoutInline {FONT} at (0,0) size 0x0 [color=#FF0000]
                  LayoutText {#text} at (0,0) size 0x0
      LayoutBlockFlow {P} at (0,1136.88) size 769x70
        LayoutTable {TABLE} at (0,0) size 346x70 [bgcolor=#FFE4C4] [border: (1px outset #808080)]
          LayoutBlockFlow {CAPTION} at (0,0) size 346x18
            LayoutText {#text} at (56,0) size 234x18
              text run at (56,0) width 234: "Horizontal Row Alignment=RIGHT"
          LayoutTableSection {TBODY} at (1,19) size 344x50
            LayoutTableRow {TR} at (0,2) size 344x22
              LayoutTableCell {TH} at (2,2) size 112x22 [border: (1px inset #808080)] [r=0 c=0 rs=1 cs=1]
                LayoutText {#text} at (34,2) size 76x18
                  text run at (34,2) width 76: "row head 1"
              LayoutTableCell {TH} at (116,2) size 112x22 [border: (1px inset #808080)] [r=0 c=1 rs=1 cs=1]
                LayoutText {#text} at (34,2) size 76x18
                  text run at (34,2) width 76: "row head 2"
              LayoutTableCell {TH} at (230,2) size 112x22 [border: (1px inset #808080)] [r=0 c=2 rs=1 cs=1]
                LayoutText {#text} at (34,2) size 76x18
                  text run at (34,2) width 76: "row head 3"
            LayoutTableRow {TR} at (0,26) size 344x22
              LayoutTableCell {TD} at (2,26) size 112x22 [border: (1px inset #808080)] [r=1 c=0 rs=1 cs=1]
                LayoutText {#text} at (42,2) size 68x18
                  text run at (42,2) width 68: "row data 1"
              LayoutTableCell {TD} at (116,26) size 112x22 [border: (1px inset #808080)] [r=1 c=1 rs=1 cs=1]
                LayoutText {#text} at (42,2) size 68x18
                  text run at (42,2) width 68: "row data 2"
              LayoutTableCell {TD} at (230,26) size 112x22 [border: (1px inset #808080)] [r=1 c=2 rs=1 cs=1]
                LayoutText {#text} at (42,2) size 68x18
                  text run at (42,2) width 68: "row data 3"
      LayoutBlockFlow {P} at (0,1222.88) size 769x0
      LayoutBlockFlow {HR} at (0,1222.88) size 769x2 [border: (1px inset #EEEEEE)]
      LayoutBlockFlow (anonymous) at (0,1232.88) size 769x18
        LayoutImage {IMG} at (0,1) size 13x13
        LayoutText {#text} at (13,0) size 123x18
          text run at (13,0) width 123: " Created 9/9/96 by "
        LayoutInline {A} at (0,0) size 84x18 [color=#0000EE]
          LayoutText {#text} at (135,0) size 84x18
            text run at (135,0) width 84: "Ronald Greti"
        LayoutBR {BR} at (218,14) size 1x0
      LayoutBlockFlow {P} at (0,1266.88) size 769x18
        LayoutBR {BR} at (0,0) size 0x18
      LayoutBlockFlow {P} at (0,1300.88) size 769x0
