layer at (0,0) size 800x600
  LayoutView at (0,0) size 800x600
layer at (0,0) size 800x135
  LayoutBlockFlow {HTML} at (0,0) size 800x135
    LayoutBlockFlow {BODY} at (8,16) size 784x111
      LayoutBlockFlow {P} at (0,0) size 784x18 [bgcolor=#00FF00]
        LayoutText {#text} at (0,0) size 272x18
          text run at (0,0) width 272: "This line should have a green background."
      LayoutBlockFlow {P} at (0,34) size 784x37 [bgcolor=#00FF00]
        LayoutText {#text} at (0,0) size 705x18
          text run at (0,0) width 705: "UAs may render the following element as a pop up menu. If so, please ensure the menu is unstyled (or green)."
        LayoutMenuList {SELECT} at (0,19) size 90x18 [border: (1px solid #A6A6A6)]
          LayoutBlockFlow (anonymous) at (1,1) size 88x16
            LayoutText (anonymous) at (8,1) size 60x13
              text run at (8,1) width 60: "This should"
        LayoutText {#text} at (0,0) size 0x0
      LayoutTable {TABLE} at (0,87) size 438x24 [bgcolor=#00FF00]
        LayoutTableSection {TBODY} at (0,0) size 438x24
          LayoutTableRow {TR} at (0,2) size 438x20
            LayoutTableCell {TD} at (2,2) size 434x20 [r=0 c=0 rs=1 cs=1]
              LayoutText {#text} at (1,1) size 431x18
                text run at (1,1) width 431: "This line should have a green background (or it might be unstyled)."
