layer at (0,0) size 800x600
  LayoutView at (0,0) size 800x600
layer at (0,0) size 800x212
  LayoutNGBlockFlow {HTML} at (0,0) size 800x212
    LayoutNGBlockFlow {BODY} at (8,16) size 784x188
      LayoutNGBlockFlow {P} at (0,0) size 784x20 [color=#000080]
        LayoutText {#text} at (0,0) size 320x19
          text run at (0,0) width 320: "There should be two unbroken vertical bars below."
      LayoutNGBlockFlow {P} at (0,36) size 784x40 [color=#000080]
        LayoutText {#text} at (0,0) size 784x39
          text run at (0,0) width 784: "Hold up a credit card to your display. The distance between the two vertical bars should be exactly the length of a credit card"
          text run at (0,20) width 74: "(85.60mm)."
      LayoutNGBlockFlow {DIV} at (0,92) size 784x96 [border: none (3px solid #000000)]
        LayoutNGBlockFlow {DIV} at (326.52,0) size 457.48x16 [border: none (3px solid #000000)]
        LayoutNGBlockFlow {DIV} at (326.52,16) size 457.48x16 [border: none (3px solid #000000)]
        LayoutNGBlockFlow {DIV} at (326.52,32) size 457.48x16 [border: none (3px solid #000000)]
        LayoutNGBlockFlow {DIV} at (326.52,48) size 457.48x16 [border: none (3px solid #000000)]
        LayoutNGBlockFlow {DIV} at (326.52,64) size 457.48x16 [border: none (3px solid #000000)]
        LayoutNGBlockFlow {DIV} at (326.52,80) size 457.48x16 [border: none (3px solid #000000)]
