layer at (0,0) size 800x600
  LayoutView at (0,0) size 800x600
layer at (0,0) size 800x592
  LayoutNGBlockFlow {HTML} at (0,0) size 800x592
    LayoutNGBlockFlow {BODY} at (8,16) size 784x560 [color=#008000]
      LayoutNGBlockFlow {P} at (0,0) size 784x20
        LayoutText {#text} at (0,0) size 163x19
          text run at (0,0) width 163: "This line should be green."
      LayoutNGBlockFlow {P} at (0,36) size 784x20
        LayoutText {#text} at (0,0) size 163x19
          text run at (0,0) width 163: "This line should be green."
      LayoutNGBlockFlow {P} at (0,72) size 784x20
        LayoutText {#text} at (0,0) size 163x19
          text run at (0,0) width 163: "This line should be green."
      LayoutNGBlockFlow {P} at (0,108) size 784x20
        LayoutText {#text} at (0,0) size 163x19
          text run at (0,0) width 163: "This line should be green."
      LayoutNGBlockFlow {OL} at (0,144) size 784x20
        LayoutNGListItem {LI} at (40,0) size 744x20
          LayoutNGListMarker (anonymous) at (-16,0) size 16x20
            LayoutText (anonymous) at (0,0) size 16x19
              text run at (0,0) width 16: "1. "
          LayoutText {#text} at (0,0) size 163x19
            text run at (0,0) width 163: "This line should be green."
      LayoutNGBlockFlow {P} at (0,180) size 784x20
        LayoutText {#text} at (0,0) size 163x19
          text run at (0,0) width 163: "This line should be green."
      LayoutNGBlockFlow {UL} at (0,216) size 784x20
        LayoutNGListItem {LI} at (40,0) size 744x20
          LayoutNGListMarker (anonymous) at (-18,0) size 10x20
            LayoutText (anonymous) at (0,0) size 10x19
              text run at (0,0) width 10: "\x{2022} "
          LayoutText {#text} at (0,0) size 163x19
            text run at (0,0) width 163: "This line should be green."
      LayoutNGBlockFlow {BLOCKQUOTE} at (40,252) size 704x20
        LayoutNGBlockFlow {P} at (0,0) size 704x20
          LayoutText {#text} at (0,0) size 163x19
            text run at (0,0) width 163: "This line should be green."
      LayoutNGBlockFlow {P} at (0,288) size 784x20
        LayoutInline {ACRONYM} at (0,0) size 163x19
          LayoutText {#text} at (0,0) size 163x19
            text run at (0,0) width 163: "This line should be green."
        LayoutText {#text} at (0,0) size 0x0
      LayoutNGBlockFlow {ADDRESS} at (0,324) size 784x20
        LayoutText {#text} at (0,0) size 163x19
          text run at (0,0) width 163: "This line should be green."
      LayoutNGBlockFlow {P} at (0,360) size 784x20
        LayoutInline {SPAN} at (0,0) size 163x19
          LayoutText {#text} at (0,0) size 163x19
            text run at (0,0) width 163: "This line should be green."
        LayoutText {#text} at (0,0) size 0x0
      LayoutNGBlockFlow {P} at (0,396) size 784x20
        LayoutText {#text} at (0,0) size 163x19
          text run at (0,0) width 163: "This line should be green."
      LayoutNGBlockFlow {P} at (0,432) size 784x20
        LayoutText {#text} at (0,0) size 163x19
          text run at (0,0) width 163: "This line should be green."
      LayoutNGBlockFlow {P} at (0,468) size 784x20
        LayoutText {#text} at (0,0) size 163x19
          text run at (0,0) width 163: "This line should be green."
      LayoutNGBlockFlow {P} at (0,504) size 784x20
        LayoutText {#text} at (48,0) size 163x19
          text run at (48,0) width 163: "This line should be green."
      LayoutNGBlockFlow {P} at (0,540) size 784x20
        LayoutText {#text} at (0,0) size 163x19
          text run at (0,0) width 163: "This line should be green."
