layer at (0,0) size 800x600
  LayoutView at (0,0) size 800x600
layer at (0,0) size 800x88
  LayoutNGBlockFlow {HTML} at (0,0) size 800x88
    LayoutNGBlockFlow {BODY} at (8,16) size 784x56
      LayoutNGBlockFlow {DIV} at (0,0) size 784x20
        LayoutNGBlockFlow {P} at (0,0) size 784x20 [color=#008000]
          LayoutText {#text} at (0,0) size 163x19
            text run at (0,0) width 163: "This line should be green."
      LayoutNGBlockFlow {UL} at (0,36) size 784x20 [color=#008000]
        LayoutNGListItem {LI} at (40,0) size 744x20
          LayoutNGListMarker (anonymous) at (-18,0) size 10x20
            LayoutText (anonymous) at (0,0) size 10x19
              text run at (0,0) width 10: "\x{2022} "
          LayoutInline {SPAN} at (0,0) size 0x0 [color=#FF0000]
            LayoutText {#text} at (0,0) size 0x0
          LayoutText {#text} at (0,0) size 163x19
            text run at (0,0) width 163: "This line should be green."
