layer at (0,0) size 800x600
  LayoutView at (0,0) size 800x600
layer at (0,0) size 800x228
  LayoutNGBlockFlow {HTML} at (0,0) size 800x228
    LayoutNGBlockFlow {BODY} at (8,16) size 784x196 [color=#FF0000]
      LayoutNGBlockFlow {P} at (0,0) size 784x20 [color=#008000]
        LayoutText {#text} at (0,0) size 194x19
          text run at (0,0) width 194: "This sentence should be green."
      LayoutNGBlockFlow {DIV} at (0,36) size 784x20 [color=#008000]
        LayoutNGBlockFlow {P} at (0,0) size 784x20
          LayoutText {#text} at (0,0) size 194x19
            text run at (0,0) width 194: "This sentence should be green."
      LayoutNGBlockFlow {P} at (0,72) size 784x20 [color=#008000]
        LayoutText {#text} at (0,0) size 194x19
          text run at (0,0) width 194: "This sentence should be green."
      LayoutNGBlockFlow {P} at (0,108) size 784x20 [color=#008000]
        LayoutText {#text} at (0,0) size 194x19
          text run at (0,0) width 194: "This sentence should be green."
      LayoutNGBlockFlow {DIV} at (0,144) size 784x16 [color=#008000]
        LayoutNGBlockFlow {PRE} at (0,0) size 784x16
          LayoutText {#text} at (0,0) size 240x16
            text run at (0,0) width 240: "This sentence should be green."
      LayoutNGBlockFlow {DIV} at (0,176) size 784x20 [color=#008000]
        LayoutNGBlockFlow {UL} at (0,0) size 784x20
          LayoutNGListItem {LI} at (40,0) size 744x20
            LayoutNGListMarker (anonymous) at (-18,0) size 10x20
              LayoutText (anonymous) at (0,0) size 10x19
                text run at (0,0) width 10: "\x{2022} "
            LayoutText {#text} at (0,0) size 194x19
              text run at (0,0) width 194: "This sentence should be green."
