layer at (0,0) size 800x600
  LayoutView at (0,0) size 800x600
layer at (0,0) size 800x56
  LayoutNGBlockFlow {HTML} at (0,0) size 800x56
    LayoutNGBlockFlow {BODY} at (8,8) size 784x40
      LayoutNGBlockFlow {DIV} at (0,0) size 784x20
        LayoutText {#text} at (0,0) size 496x19
          text run at (0,0) width 496: "Hover this text, then wait till it disappears. At that point there should be no red."
      LayoutNGBlockFlow {DIV} at (0,20) size 784x20 [color=#FF0000]
        LayoutText {#text} at (0,0) size 164x19
          text run at (0,0) width 164: "This should end up green."
