layer at (0,0) size 800x600
  LayoutView at (0,0) size 800x600
layer at (0,0) size 800x267
  LayoutNGBlockFlow {HTML} at (0,0) size 800x267
    LayoutNGBlockFlow {BODY} at (8,16) size 784x235 [color=#0000FF]
      LayoutNGBlockFlow {P} at (0,0) size 784x40
        LayoutInline {<pseudo:first-letter>} at (0,0) size 10x19 [color=#008000]
          LayoutTextFragment (anonymous) at (0,0) size 10x19
            text run at (0,0) width 10: "T"
        LayoutTextFragment {#text} at (10,0) size 19x19
          text run at (10,0) width 19: "he "
        LayoutInline {STRONG} at (0,0) size 66x19
          LayoutText {#text} at (29,0) size 66x19
            text run at (29,0) width 66: "first letter"
        LayoutText {#text} at (95,0) size 300x19
          text run at (95,0) width 300: " of this paragraph, and only that one, should be "
        LayoutInline {STRONG} at (0,0) size 38x19
          LayoutText {#text} at (395,0) size 38x19
            text run at (395,0) width 38: "green"
        LayoutText {#text} at (433,0) size 760x39
          text run at (433,0) width 327: ". If this precise combination does not occur, then the"
          text run at (0,20) width 183: "user agent has failed this test."
      LayoutNGBlockFlow {P} at (0,56) size 784x57
        LayoutInline {<pseudo:first-letter>} at (0,0) size 20x36 [color=#008000]
          LayoutTextFragment (anonymous) at (0,0) size 20x36
            text run at (0,0) width 20: "T"
        LayoutTextFragment {#text} at (20,13) size 19x19
          text run at (20,13) width 19: "he "
        LayoutInline {STRONG} at (0,0) size 66x19
          LayoutText {#text} at (39,13) size 66x19
            text run at (39,13) width 66: "first letter"
        LayoutText {#text} at (105,13) size 327x19
          text run at (105,13) width 327: " of this paragraph, and only that one, should be in a "
        LayoutInline {STRONG} at (0,0) size 41x19
          LayoutText {#text} at (432,13) size 41x19
            text run at (432,13) width 41: "larger"
        LayoutText {#text} at (473,13) size 130x19
          text run at (473,13) width 130: " font size, as well as "
        LayoutInline {STRONG} at (0,0) size 38x19
          LayoutText {#text} at (603,13) size 38x19
            text run at (603,13) width 38: "green"
        LayoutText {#text} at (641,13) size 733x43
          text run at (641,13) width 92: ". If this precise"
          text run at (0,37) width 418: "combination does not occur, then the user agent has failed this test."
      LayoutNGBlockFlow {P} at (0,129) size 784x106
        LayoutInline {<pseudo:first-letter>} at (0,0) size 57x64 [color=#008000]
          LayoutTextFragment (anonymous) at (0,1) size 57x64
            text run at (0,1) width 57: "\"T"
        LayoutTextFragment {#text} at (57,36) size 19x19
          text run at (57,36) width 19: "he "
        LayoutInline {STRONG} at (0,0) size 131x19
          LayoutText {#text} at (76,36) size 131x19
            text run at (76,36) width 131: "first two characters"
        LayoutText {#text} at (207,36) size 452x19
          text run at (207,36) width 452: " in this paragraph (a double-quote mark and a capital 'T') should be in a "
        LayoutInline {STRONG} at (0,0) size 83x19
          LayoutText {#text} at (659,36) size 83x19
            text run at (659,36) width 83: "much larger"
        LayoutText {#text} at (742,36) size 771x49
          text run at (742,36) width 29: " font"
          text run at (0,66) width 246: "size than the rest of the paragraph, and "
        LayoutInline {STRONG} at (0,0) size 38x19
          LayoutText {#text} at (246,66) size 38x19
            text run at (246,66) width 38: "green"
        LayoutText {#text} at (284,66) size 769x39
          text run at (284,66) width 485: ". If this precise combination does not occur, then the user agent has failed this"
          text run at (0,86) width 25: "test."
