layer at (0,0) size 800x600
  LayoutView at (0,0) size 800x600
layer at (0,0) size 800x76
  LayoutNGBlockFlow {HTML} at (0,0) size 800x76
    LayoutNGBlockFlow {BODY} at (8,8) size 784x60
      LayoutNGBlockFlow {DIV} at (0,0) size 784x40
        LayoutNGBlockFlow (anonymous) at (0,0) size 784x20
          LayoutText {#text} at (0,0) size 170x19
            text run at (0,0) width 170: "Dummy text. Dummy text."
        LayoutNGBlockFlow {DIV} at (0,20) size 784x20
          LayoutInline {SPAN} at (0,0) size 496x19
            LayoutText {#text} at (0,0) size 496x19
              text run at (0,0) width 496: "Hover this text, then wait till it disappears. At that point there should be no red."
          LayoutText {#text} at (0,0) size 0x0
      LayoutNGBlockFlow {DIV} at (0,40) size 784x20 [color=#008000]
        LayoutText {#text} at (0,0) size 170x19
          text run at (0,0) width 170: "Dummy text. Dummy text."
