layer at (0,0) size 800x600
  LayoutView at (0,0) size 800x600
layer at (0,0) size 800x88
  LayoutNGBlockFlow {HTML} at (0,0) size 800x88
    LayoutNGBlockFlow {BODY} at (8,16) size 784x56
      LayoutNGBlockFlow {P} at (0,0) size 784x20
        LayoutText {#text} at (0,0) size 238x19
          text run at (0,0) width 238: "This sentence should have no border. "
        LayoutInline {SPAN} at (0,0) size 274x29 [border: (5px solid #00FF00)]
          LayoutText {#text} at (243,0) size 264x19
            text run at (243,0) width 264: "This sentence should have a green border."
        LayoutText {#text} at (0,0) size 0x0
      LayoutNGBlockFlow {P} at (0,36) size 784x20
        LayoutInline {SPAN} at (0,0) size 373x35 [bgcolor=#FF0000]
          LayoutInline {SPAN} at (0,0) size 373x35 [bgcolor=#00FF00]
            LayoutText {#text} at (0,0) size 373x19
              text run at (0,0) width 373: "This sentence should be in a green bar, with no red present."
        LayoutText {#text} at (0,0) size 0x0
