layer at (0,0) size 800x600
  LayoutView at (0,0) size 800x600
layer at (0,0) size 800x204
  LayoutNGBlockFlow {HTML} at (0,0) size 800x204
    LayoutNGBlockFlow {BODY} at (8,16) size 784x156
      LayoutNGBlockFlow {P} at (0,0) size 784x20 [color=#0000FF]
        LayoutText {#text} at (0,0) size 264x19
          text run at (0,0) width 264: "There should be no border around the cat:"
      LayoutNGBlockFlow {DIV} at (32,52) size 720x104 [color=#FF0000]
        LayoutInline {A} at (0,0) size 98x99 [color=#0000EE]
          LayoutImage {IMG} at (0,0) size 98x99
        LayoutText {#text} at (0,0) size 0x0
