layer at (0,0) size 800x600
  LayoutView at (0,0) size 800x600
layer at (0,0) size 800x200
  LayoutNGBlockFlow {HTML} at (0,0) size 800x200
    LayoutNGBlockFlow {BODY} at (8,16) size 784x168
      LayoutNGBlockFlow {P} at (0,0) size 784x26 [border: (3px solid #008000)]
        LayoutText {#text} at (3,3) size 235x19
          text run at (3,3) width 235: "This box should have a green border."
      LayoutNGBlockFlow {P} at (0,42) size 784x26 [border: (3px solid #008000)]
        LayoutText {#text} at (3,3) size 300x19
          text run at (3,3) width 300: "This box should have an identical green border."
      LayoutNGBlockFlow {P} at (0,84) size 784x84 [border: (32px solid #800080) (32px solid #008000) (32px solid #0000FF) (32px solid #FFFF00)]
        LayoutText {#text} at (32,32) size 530x19
          text run at (32,32) width 530: "Clockwise from top, the borders should be: PURPLE, GREEN, BLUE, YELLOW."
