layer at (0,0) size 800x600
  LayoutView at (0,0) size 800x600
layer at (0,0) size 800x308
  LayoutNGBlockFlow {HTML} at (0,0) size 800x308
    LayoutNGBlockFlow {BODY} at (8,16) size 784x276 [color=#0000FF]
      LayoutNGBlockFlow {P} at (0,0) size 784x20
        LayoutText {#text} at (0,0) size 738x19
          text run at (0,0) width 738: "There should be a solid line to the left of the text below, having three segments each of a different colour as indicated."
      LayoutNGBlockFlow {UL} at (0,36) size 784x240
        LayoutNGListItem {LI} at (40,0) size 744x80 [border: none (3px solid #FFA500)]
          LayoutNGListMarker (anonymous) at (-18,0) size 10x20
            LayoutText (anonymous) at (0,0) size 10x19
              text run at (0,0) width 10: "\x{2022} "
          LayoutNGBlockFlow (anonymous) at (3,0) size 741x20
            LayoutText {#text} at (0,0) size 106x19
              text run at (0,0) width 106: "Orange orange..."
          LayoutNGBlockFlow {UL} at (3,20) size 741x60
            LayoutNGListItem {LI} at (40,0) size 701x20
              LayoutNGListMarker (anonymous) at (-18,0) size 10x20
                LayoutText (anonymous) at (0,0) size 10x19
                  text run at (0,0) width 10: "\x{25E6} "
              LayoutText {#text} at (0,0) size 114x19
                text run at (0,0) width 114: "...orange orange..."
            LayoutNGListItem {LI} at (40,20) size 701x20
              LayoutNGListMarker (anonymous) at (-18,0) size 10x20
                LayoutText (anonymous) at (0,0) size 10x19
                  text run at (0,0) width 10: "\x{25E6} "
              LayoutText {#text} at (0,0) size 114x19
                text run at (0,0) width 114: "...orange orange..."
            LayoutNGListItem {LI} at (40,40) size 701x20
              LayoutNGListMarker (anonymous) at (-18,0) size 10x20
                LayoutText (anonymous) at (0,0) size 10x19
                  text run at (0,0) width 10: "\x{25E6} "
              LayoutText {#text} at (0,0) size 106x19
                text run at (0,0) width 106: "...orange orange."
        LayoutNGListItem {LI} at (40,80) size 744x20 [border: none (3px solid #00FF00)]
          LayoutNGListMarker (anonymous) at (-18,0) size 10x20
            LayoutText (anonymous) at (0,0) size 10x19
              text run at (0,0) width 10: "\x{2022} "
          LayoutText {#text} at (3,0) size 37x19
            text run at (3,0) width 37: "Lime."
        LayoutNGListItem {LI} at (40,100) size 744x140 [border: none (3px solid #FFFF00)]
          LayoutNGListMarker (anonymous) at (-18,0) size 10x20
            LayoutText (anonymous) at (0,0) size 10x19
              text run at (0,0) width 10: "\x{2022} "
          LayoutText {#text} at (3,0) size 704x139
            text run at (3,0) width 704: "Yellow yellow yellow yellow yellow yellow yellow yellow yellow yellow yellow yellow yellow yellow yellow"
            text run at (3,20) width 701: "yellow yellow yellow yellow yellow yellow yellow yellow yellow yellow yellow yellow yellow yellow yellow"
            text run at (3,40) width 701: "yellow yellow yellow yellow yellow yellow yellow yellow yellow yellow yellow yellow yellow yellow yellow"
            text run at (3,60) width 701: "yellow yellow yellow yellow yellow yellow yellow yellow yellow yellow yellow yellow yellow yellow yellow"
            text run at (3,80) width 701: "yellow yellow yellow yellow yellow yellow yellow yellow yellow yellow yellow yellow yellow yellow yellow"
            text run at (3,100) width 701: "yellow yellow yellow yellow yellow yellow yellow yellow yellow yellow yellow yellow yellow yellow yellow"
            text run at (3,120) width 704: "yellow yellow yellow yellow yellow yellow yellow yellow yellow yellow yellow yellow yellow yellow yellow."
