layer at (0,0) size 800x600
  LayoutView at (0,0) size 800x600
layer at (0,0) size 800x252
  LayoutNGBlockFlow {HTML} at (0,0) size 800x252
    LayoutNGBlockFlow {BODY} at (8,48) size 784x156
      LayoutNGBlockFlow {P} at (48,0) size 688x20
        LayoutInline {SPAN} at (0,0) size 241x25 [border: (3px solid #008000)]
          LayoutText {#text} at (3,0) size 235x19
            text run at (3,0) width 235: "This box should have a green border."
        LayoutText {#text} at (0,0) size 0x0
      LayoutNGBlockFlow {P} at (48,68) size 688x20
        LayoutInline {SPAN} at (0,0) size 241x25 [border: (3px solid #008000)]
          LayoutText {#text} at (3,0) size 235x19
            text run at (3,0) width 235: "This box should have a green border."
        LayoutText {#text} at (0,0) size 0x0
      LayoutNGBlockFlow {P} at (48,136) size 688x20
        LayoutInline {SPAN} at (0,0) size 594x83 [border: (32px solid #800080) (32px solid #008000) (32px solid #0000FF) (32px solid #FFFF00)]
          LayoutText {#text} at (32,0) size 530x19
            text run at (32,0) width 530: "Clockwise from top, the borders should be: PURPLE, GREEN, BLUE, YELLOW."
        LayoutText {#text} at (0,0) size 0x0
