layer at (0,0) size 800x600
  LayoutView at (0,0) size 800x600
layer at (0,0) size 800x248
  LayoutNGBlockFlow {HTML} at (0,0) size 800x248
    LayoutNGBlockFlow {BODY} at (8,16) size 784x216
      LayoutNGBlockFlow {P} at (20,0) size 764x100 [color=#0000FF] [border: none (10px double #0000FF)]
        LayoutText {#text} at (10,0) size 354x19
          text run at (10,0) width 354: "\x{21E6} This paragraph should have two blue lines on its left. "
        LayoutInline {SPAN} at (0,0) size 745x99 [color=#C0C0C0]
          LayoutText {#text} at (364,0) size 745x99
            text run at (364,0) width 391: "dummy text dummy text dummy text dummy text dummy text"
            text run at (10,20) width 707: "dummy text dummy text dummy text dummy text dummy text dummy text dummy text dummy text dummy text"
            text run at (10,40) width 707: "dummy text dummy text dummy text dummy text dummy text dummy text dummy text dummy text dummy text"
            text run at (10,60) width 707: "dummy text dummy text dummy text dummy text dummy text dummy text dummy text dummy text dummy text"
            text run at (10,80) width 154: "dummy text dummy text"
        LayoutText {#text} at (0,0) size 0x0
      LayoutNGBlockFlow {P} at (20,116) size 764x100 [color=#0000FF] [border: none (1px solid #0000FF)]
        LayoutText {#text} at (1,0) size 359x19
          text run at (1,0) width 359: "\x{21E6} This paragraph should have a thin blue line on its left. "
        LayoutInline {SPAN} at (0,0) size 759x99 [color=#C0C0C0]
          LayoutText {#text} at (360,0) size 759x99
            text run at (360,0) width 391: "dummy text dummy text dummy text dummy text dummy text"
            text run at (1,20) width 759: "dummy text dummy text dummy text dummy text dummy text dummy text dummy text dummy text dummy text dummy"
            text run at (1,40) width 734: "text dummy text dummy text dummy text dummy text dummy text dummy text dummy text dummy text dummy text"
            text run at (1,60) width 759: "dummy text dummy text dummy text dummy text dummy text dummy text dummy text dummy text dummy text dummy"
            text run at (1,80) width 23: "text"
        LayoutText {#text} at (0,0) size 0x0
