layer at (0,0) size 800x600
  LayoutView at (0,0) size 800x600
layer at (0,0) size 800x368
  LayoutNGBlockFlow {HTML} at (0,0) size 800x368
    LayoutNGBlockFlow {BODY} at (8,16) size 784x336 [color=#0000FF]
      LayoutNGBlockFlow {P} at (0,0) size 784x20
        LayoutText {#text} at (0,0) size 747x19
          text run at (0,0) width 747: "There should be a solid line to the right of the text below, having three segments each of a different colour as indicated."
      LayoutNGBlockFlow {UL} at (0,36) size 588x300
        LayoutNGListItem {LI} at (40,0) size 548x80 [border: none (3px solid #FFA500) none]
          LayoutNGListMarker (anonymous) at (-18,0) size 10x20
            LayoutText (anonymous) at (0,0) size 10x19
              text run at (0,0) width 10: "\x{2022} "
          LayoutNGBlockFlow (anonymous) at (0,0) size 545x20
            LayoutText {#text} at (0,0) size 106x19
              text run at (0,0) width 106: "Orange orange..."
          LayoutNGBlockFlow {UL} at (0,20) size 408.75x60
            LayoutNGListItem {LI} at (40,0) size 368.75x20
              LayoutNGListMarker (anonymous) at (-18,0) size 10x20
                LayoutText (anonymous) at (0,0) size 10x19
                  text run at (0,0) width 10: "\x{25E6} "
              LayoutText {#text} at (0,0) size 114x19
                text run at (0,0) width 114: "...orange orange..."
            LayoutNGListItem {LI} at (40,20) size 368.75x20
              LayoutNGListMarker (anonymous) at (-18,0) size 10x20
                LayoutText (anonymous) at (0,0) size 10x19
                  text run at (0,0) width 10: "\x{25E6} "
              LayoutText {#text} at (0,0) size 114x19
                text run at (0,0) width 114: "...orange orange..."
            LayoutNGListItem {LI} at (40,40) size 368.75x20
              LayoutNGListMarker (anonymous) at (-18,0) size 10x20
                LayoutText (anonymous) at (0,0) size 10x19
                  text run at (0,0) width 10: "\x{25E6} "
              LayoutText {#text} at (0,0) size 106x19
                text run at (0,0) width 106: "...orange orange."
        LayoutNGListItem {LI} at (40,80) size 548x20 [border: none (3px solid #00FF00) none]
          LayoutNGListMarker (anonymous) at (-18,0) size 10x20
            LayoutText (anonymous) at (0,0) size 10x19
              text run at (0,0) width 10: "\x{2022} "
          LayoutText {#text} at (0,0) size 37x19
            text run at (0,0) width 37: "Lime."
        LayoutNGListItem {LI} at (40,100) size 548x200 [border: none (3px solid #FFFF00) none]
          LayoutNGListMarker (anonymous) at (-18,0) size 10x20
            LayoutText (anonymous) at (0,0) size 10x19
              text run at (0,0) width 10: "\x{2022} "
          LayoutText {#text} at (0,0) size 516x199
            text run at (0,0) width 516: "Yellow yellow yellow yellow yellow yellow yellow yellow yellow yellow yellow"
            text run at (0,20) width 513: "yellow yellow yellow yellow yellow yellow yellow yellow yellow yellow yellow"
            text run at (0,40) width 513: "yellow yellow yellow yellow yellow yellow yellow yellow yellow yellow yellow"
            text run at (0,60) width 513: "yellow yellow yellow yellow yellow yellow yellow yellow yellow yellow yellow"
            text run at (0,80) width 513: "yellow yellow yellow yellow yellow yellow yellow yellow yellow yellow yellow"
            text run at (0,100) width 513: "yellow yellow yellow yellow yellow yellow yellow yellow yellow yellow yellow"
            text run at (0,120) width 513: "yellow yellow yellow yellow yellow yellow yellow yellow yellow yellow yellow"
            text run at (0,140) width 513: "yellow yellow yellow yellow yellow yellow yellow yellow yellow yellow yellow"
            text run at (0,160) width 513: "yellow yellow yellow yellow yellow yellow yellow yellow yellow yellow yellow"
            text run at (0,180) width 281: "yellow yellow yellow yellow yellow yellow."
