layer at (0,0) size 800x600
  LayoutView at (0,0) size 800x600
layer at (0,0) size 800x328
  LayoutNGBlockFlow {HTML} at (0,0) size 800x328
    LayoutNGBlockFlow {BODY} at (8,8) size 784x312
      LayoutNGBlockFlow {DIV} at (0,0) size 784x20
        LayoutText {#text} at (0,0) size 341x19
          text run at (0,0) width 341: "The blue bits of text should be decorated as described."
      LayoutNGBlockFlow {P} at (0,36) size 784x240 [color=#C0C0C0]
        LayoutText {#text} at (0,0) size 759x59
          text run at (0,0) width 759: "dummy text dummy text dummy text dummy text dummy text dummy text dummy text dummy text dummy text dummy"
          text run at (0,20) width 734: "text dummy text dummy text dummy text dummy text dummy text dummy text dummy text dummy text dummy text"
          text run at (0,40) width 395: "dummy text dummy text dummy text dummy text dummy text "
        LayoutInline {SPAN} at (0,0) size 259x39 [color=#0000FF] [border: (10px double #0000FF)]
          LayoutText {#text} at (405,40) size 239x19
            text run at (405,40) width 239: "two blue lines all around this blue text"
        LayoutText {#text} at (654,40) size 759x119
          text run at (654,40) width 79: " dummy text"
          text run at (0,60) width 759: "dummy text dummy text dummy text dummy text dummy text dummy text dummy text dummy text dummy text dummy"
          text run at (0,80) width 734: "text dummy text dummy text dummy text dummy text dummy text dummy text dummy text dummy text dummy text"
          text run at (0,100) width 759: "dummy text dummy text dummy text dummy text dummy text dummy text dummy text dummy text dummy text dummy"
          text run at (0,120) width 734: "text dummy text dummy text dummy text dummy text dummy text dummy text dummy text dummy text dummy text"
          text run at (0,140) width 79: "dummy text "
        LayoutInline {SPAN} at (0,0) size 234x21 [color=#0000FF] [border: (1px solid #0000FF)]
          LayoutText {#text} at (80,140) size 232x19
            text run at (80,140) width 232: "one blue line all around this blue text"
        LayoutText {#text} at (313,140) size 760x99
          text run at (313,140) width 447: " dummy text dummy text dummy text dummy text dummy text dummy"
          text run at (0,160) width 734: "text dummy text dummy text dummy text dummy text dummy text dummy text dummy text dummy text dummy text"
          text run at (0,180) width 759: "dummy text dummy text dummy text dummy text dummy text dummy text dummy text dummy text dummy text dummy"
          text run at (0,200) width 734: "text dummy text dummy text dummy text dummy text dummy text dummy text dummy text dummy text dummy text"
          text run at (0,220) width 391: "dummy text dummy text dummy text dummy text dummy text"
      LayoutNGBlockFlow {DIV} at (0,292) size 784x20
        LayoutText {#text} at (0,0) size 416x19
          text run at (0,0) width 416: "(All the lines of text in the block above should be equally spaced.)"
