layer at (0,0) size 800x600 clip at (0,0) size 800x585 scrollWidth 802
  LayoutView at (0,0) size 800x600
layer at (0,0) size 800x46
  LayoutNGBlockFlow {HTML} at (0,0) size 800x46
    LayoutNGBlockFlow {BODY} at (8,-2) size 784x40
      LayoutNGBlockFlow {P} at (-10,0) size 804x40 [color=#000080]
        LayoutBR {BR} at (0,0) size 0x0
        LayoutText {#text} at (0,20) size 293x19
          text run at (0,20) width 293: "  This page should have a horizontal scroll bar."
