layer at (0,0) size 800x600
  LayoutView at (0,0) size 800x600
layer at (0,0) size 800x160
  LayoutNGBlockFlow {HTML} at (0,0) size 800x160
    LayoutNGBlockFlow {BODY} at (8,16) size 784x128
      LayoutNGBlockFlow {P} at (0,0) size 784x20
        LayoutText {#text} at (0,0) size 269x19
          text run at (0,0) width 269: "The borders below should be as described:"
      LayoutNGBlockFlow {P} at (0,36) size 784x20
        LayoutInline {SPAN} at (0,0) size 126x29 [border: (5px dashed #000000)]
          LayoutText {#text} at (5,0) size 116x19
            text run at (5,0) width 116: "Black and dashed."
        LayoutText {#text} at (0,0) size 0x0
      LayoutNGBlockFlow {P} at (0,72) size 784x20
        LayoutInline {SPAN} at (0,0) size 144x29 [border: (5px groove #FFA500)]
          LayoutText {#text} at (5,0) size 134x19
            text run at (5,0) width 134: "Orange and grooved."
        LayoutText {#text} at (0,0) size 0x0
      LayoutNGBlockFlow {P} at (0,108) size 784x20
        LayoutInline {SPAN} at (0,0) size 69x19
          LayoutText {#text} at (0,0) size 69x19
            text run at (0,0) width 69: "No border."
        LayoutText {#text} at (0,0) size 0x0
