layer at (0,0) size 800x600
  LayoutView at (0,0) size 800x600
layer at (0,0) size 800x420
  LayoutNGBlockFlow {HTML} at (0,0) size 800x420 [color=#FFFFFF]
    LayoutNGBlockFlow {BODY} at (15,15) size 490x390 [bgcolor=#FFFFFF] [border: (5px solid #000000)]
      LayoutNGBlockFlow {DL} at (5,5) size 480x10
        LayoutNGBlockFlow (floating) {DT} at (5,5) size 79.98x310 [bgcolor=#CC0000] [border: (5px solid #000000)]
          LayoutText {#text} at (15,14) size 31x12
            text run at (15,14) width 31: "toggle"
        LayoutNGBlockFlow (floating) {DD} at (95,5) size 380x310 [border: (10px solid #000000)]
          LayoutNGBlockFlow {UL} at (20,20) size 340x0
            LayoutNGBlockFlow (floating) {LI} at (0,0) size 80x120 [color=#000000] [bgcolor=#FFCC00] [border: (5px solid #000000)]
              LayoutText {#text} at (15,14) size 40x12
                text run at (15,14) width 40: "the way"
            LayoutNGBlockFlow (floating) {LI} at (90,0) size 159.97x110 [bgcolor=#000000]
              LayoutNGBlockFlow {P} at (10,10) size 139.97x10
                LayoutText {#text} at (0,-1) size 74x12
                  text run at (0,-1) width 74: "the world ends"
              LayoutNGBlockFlow (anonymous) at (10,20) size 139.97x0
                LayoutInline {FORM} at (0,0) size 0x0
                  LayoutText {#text} at (0,0) size 0x0
              LayoutNGBlockFlow (anonymous) at (10,20) size 139.97x44
                LayoutNGBlockFlow {P} at (0,0) size 139.97x22
                  LayoutText {#text} at (0,6) size 28x12
                    text run at (0,6) width 28: "bang "
                  LayoutNGBlockFlow {INPUT} at (33,3) size 13x13 [color=#000000]
                  LayoutText {#text} at (0,0) size 0x0
                LayoutNGBlockFlow {P} at (0,22) size 139.97x22
                  LayoutText {#text} at (0,6) size 47x12
                    text run at (0,6) width 47: "whimper "
                  LayoutNGBlockFlow {INPUT} at (52,3) size 13x13 [color=#000000]
                  LayoutText {#text} at (0,0) size 0x0
              LayoutNGBlockFlow (anonymous) at (10,64) size 139.97x0
                LayoutInline {FORM} at (0,0) size 0x0
                LayoutText {#text} at (0,0) size 0x0
            LayoutNGBlockFlow (floating) {LI} at (259.97,0) size 80x120 [color=#000000] [bgcolor=#FFCC00] [border: (5px solid #000000)]
              LayoutText {#text} at (15,14) size 50x12
                text run at (15,14) width 50: "i grow old"
            LayoutNGBlockFlow (floating) {LI} at (0,130) size 120x120 [bgcolor=#000000]
              LayoutText {#text} at (10,9) size 30x12
                text run at (10,9) width 30: "pluot?"
          LayoutNGBlockFlow (floating) {BLOCKQUOTE} at (160,150) size 70x140 [color=#000000] [bgcolor=#FFCC00] [border: (10px solid #000000) (15px solid #000000) (20px solid #000000) (5px solid #000000)]
            LayoutNGBlockFlow {ADDRESS} at (5,20) size 50x20
              LayoutText {#text} at (0,-1) size 34x22
                text run at (0,-1) width 16: "bar"
                text run at (0,9) width 34: "maids,"
          LayoutNGBlockFlow (floating) {H1} at (240,150) size 120x120 [bgcolor=#000000]
            LayoutText {#text} at (10,9) size 66x22
              text run at (10,9) width 58: "sing to me,"
              text run at (10,19) width 66: "erbarme dich"
      LayoutNGBlockFlow {P} at (5,320) size 480x65 [color=#000000]
        LayoutText {#text} at (0,0) size 480x38
          text run at (0,0) width 473: "This is a nonsensical document, but syntactically valid HTML 4.0. All 100%-conformant CSS1"
          text run at (0,13) width 480: "agents should be able to render the document elements above this paragraph indistinguishably"
          text run at (0,26) width 122: "(to the pixel) from this "
        LayoutInline {A} at (0,0) size 103x12 [color=#999999]
          LayoutText {#text} at (121,26) size 103x12
            text run at (121,26) width 103: "reference rendering,"
        LayoutText {#text} at (223,26) size 474x25
          text run at (223,26) width 251: " (except font rasterization and form widgets). All"
          text run at (0,39) width 410: "discrepancies should be traceable to CSS1 implementation shortcomings. Please "
        LayoutInline {A} at (0,0) size 872x25 [color=#CC0000]
          LayoutText {#text} at (409,39) size 462x25
            text run at (409,39) width 53: "report any"
            text run at (0,52) width 29: "errors"
        LayoutText {#text} at (29,52) size 284x12
          text run at (29,52) width 284: " you find between the CSS and the reference rendering."
