layer at (0,0) size 800x600
  LayoutView at (0,0) size 800x600
layer at (0,0) size 800x220
  LayoutNGBlockFlow {HTML} at (0,0) size 800x220
    LayoutNGBlockFlow {BODY} at (8,16) size 784x132
      LayoutNGBlockFlow {P} at (0,0) size 784x20 [color=#000080]
        LayoutText {#text} at (0,0) size 595x19
          text run at (0,0) width 595: "In the following test, the teal squares must be just inside the top and sides of the blue rectangle."
      LayoutNGBlockFlow {DIV} at (0,36) size 784x96
        LayoutNGBlockFlow {DIV} at (16,0) size 752x96 [color=#0000FF] [bgcolor=#000080] [border: (8px solid #0000FF) none (8px solid #0000FF)]
          LayoutImage (floating) {IMG} at (8,8) size 160x160 [color=#FFFF00] [bgcolor=#FF0000]
          LayoutImage (floating) {IMG} at (584,8) size 160x160 [color=#FFFF00] [bgcolor=#FF0000]
          LayoutNGBlockFlow (anonymous) at (8,8) size 736x80
            LayoutText {#text} at (160,0) size 392x79
              text run at (160,0) width 392: "Blue rectangle. Blue rectangle. Blue rectangle. Blue rectangle."
              text run at (160,20) width 392: "Blue rectangle. Blue rectangle. Blue rectangle. Blue rectangle."
              text run at (160,40) width 392: "Blue rectangle. Blue rectangle. Blue rectangle. Blue rectangle."
              text run at (160,60) width 392: "Blue rectangle. Blue rectangle. Blue rectangle. Blue rectangle."
