layer at (0,0) size 800x600
  LayoutView at (0,0) size 800x600
layer at (0,0) size 800x490
  LayoutNGBlockFlow {HTML} at (0,0) size 800x490
    LayoutNGBlockFlow {BODY} at (8,16) size 784x458
      LayoutNGBlockFlow {P} at (0,0) size 784x60 [color=#000080]
        LayoutText {#text} at (0,0) size 778x59
          text run at (0,0) width 737: "The big coloured boxes should be level with the top of the small coloured boxes of the same color (unless there is not"
          text run at (0,20) width 778: "enough room for the big box to fit on the small box's line after the small box, in which case the big box should be level with"
          text run at (0,40) width 248: "the bottom of the respective small box)."
      LayoutNGBlockFlow {DIV} at (16,76) size 752x382 [color=#C0C0C0] [border: (5px solid #800080)]
        LayoutText {#text} at (171,21) size 474x19
          text run at (171,21) width 474: "dummy text dummy text dummy text dummy text dummy text dummy text "
        LayoutInline {SPAN} at (0,0) size 18x25 [color=#FFFFFF] [bgcolor=#008080] [border: (3px solid #00FFFF)]
          LayoutText {#text} at (647,21) size 12x19
            text run at (647,21) width 12: "A"
        LayoutText {#text} at (661,21) size 5x19
          text run at (661,21) width 5: " "
        LayoutNGBlockFlow (floating) {P} at (21,21) size 150x58 [color=#FFFFFF] [bgcolor=#008080] [border: (3px solid #00FFFF)]
          LayoutText {#text} at (19,19) size 48x19
            text run at (19,19) width 48: "AAAA"
        LayoutText {#text} at (665,21) size 543x39
          text run at (665,21) width 49: "dummy"
          text run at (171,41) width 422: "text dummy text dummy text dummy text dummy text dummy text "
        LayoutInline {SPAN} at (0,0) size 17x25 [color=#FFFFFF] [bgcolor=#800080] [border: (3px solid #FF00FF)]
          LayoutText {#text} at (596,41) size 11x19
            text run at (596,41) width 11: "B"
        LayoutText {#text} at (610,41) size 4x19
          text run at (610,41) width 4: " "
        LayoutNGBlockFlow (floating) {P} at (581,61) size 150x58 [color=#FFFFFF] [bgcolor=#800080] [border: (3px solid #FF00FF)]
          LayoutText {#text} at (19,19) size 44x19
            text run at (19,19) width 44: "BBBB"
        LayoutText {#text} at (614,41) size 707x319
          text run at (614,41) width 75: "dummy text"
          text run at (171,61) width 391: "dummy text dummy text dummy text dummy text dummy text"
          text run at (21,81) width 549: "dummy text dummy text dummy text dummy text dummy text dummy text dummy text"
          text run at (21,101) width 549: "dummy text dummy text dummy text dummy text dummy text dummy text dummy text"
          text run at (21,121) width 707: "dummy text dummy text dummy text dummy text dummy text dummy text dummy text dummy text dummy text"
          text run at (21,141) width 707: "dummy text dummy text dummy text dummy text dummy text dummy text dummy text dummy text dummy text"
          text run at (21,161) width 707: "dummy text dummy text dummy text dummy text dummy text dummy text dummy text dummy text dummy text"
          text run at (21,181) width 707: "dummy text dummy text dummy text dummy text dummy text dummy text dummy text dummy text dummy text"
          text run at (21,201) width 707: "dummy text dummy text dummy text dummy text dummy text dummy text dummy text dummy text dummy text"
          text run at (21,221) width 707: "dummy text dummy text dummy text dummy text dummy text dummy text dummy text dummy text dummy text"
          text run at (21,241) width 707: "dummy text dummy text dummy text dummy text dummy text dummy text dummy text dummy text dummy text"
          text run at (21,261) width 707: "dummy text dummy text dummy text dummy text dummy text dummy text dummy text dummy text dummy text"
          text run at (21,281) width 707: "dummy text dummy text dummy text dummy text dummy text dummy text dummy text dummy text dummy text"
          text run at (21,301) width 707: "dummy text dummy text dummy text dummy text dummy text dummy text dummy text dummy text dummy text"
          text run at (21,321) width 707: "dummy text dummy text dummy text dummy text dummy text dummy text dummy text dummy text dummy text"
          text run at (21,341) width 75: "dummy text"
