layer at (0,0) size 800x600
  LayoutView at (0,0) size 800x600
layer at (0,0) size 800x140
  LayoutNGBlockFlow {HTML} at (0,0) size 800x140
    LayoutNGBlockFlow {BODY} at (8,16) size 784x114
      LayoutNGBlockFlow {P} at (0,0) size 784x20 [color=#000080]
        LayoutText {#text} at (0,0) size 680x19
          text run at (0,0) width 680: "There should be five numbers, in numerical order, below: on the first line 1, 2 and 3, on the second, 4 and 5."
      LayoutNGBlockFlow {DIV} at (10,36) size 262x78 [color=#000080] [border: (3px solid #0000FF)]
        LayoutNGBlockFlow (floating) {P} at (19,19) size 80x20
          LayoutText {#text} at (0,0) size 8x19
            text run at (0,0) width 8: "1"
        LayoutNGBlockFlow (floating) {P} at (99,19) size 80x20
          LayoutText {#text} at (0,0) size 8x19
            text run at (0,0) width 8: "2"
        LayoutNGBlockFlow (floating) {P} at (19,39) size 80x20
          LayoutText {#text} at (0,0) size 8x19
            text run at (0,0) width 8: "4"
        LayoutNGBlockFlow (anonymous) at (19,19) size 224x40
          LayoutText {#text} at (160,0) size 88x39
            text run at (160,0) width 8: "3"
            text run at (80,20) width 88: "5                    "
