layer at (0,0) size 800x600
  LayoutView at (0,0) size 800x600
layer at (0,0) size 800x209
  LayoutNGBlockFlow {HTML} at (0,0) size 800x208.63
    LayoutNGBlockFlow {BODY} at (8,16) size 784x176.63
      LayoutNGBlockFlow {P} at (0,0) size 784x20 [color=#000080]
        LayoutText {#text} at (0,0) size 261x19
          text run at (0,0) width 261: "The word \"fail\" should not appear below."
      LayoutNGBlockFlow {DIV} at (16,36) size 240x140.63 [color=#FFFFFF] [bgcolor=#FFFFFF]
        LayoutNGBlockFlow (floating) {P} at (0,0) size 43.31x20.31 [color=#000080]
          LayoutText {#text} at (0,0) size 44x20
            text run at (0,0) width 44: "TEST:"
        LayoutNGBlockFlow (floating) {P} at (0.02,20.31) size 239.98x20.31 [color=#00FFFF] [bgcolor=#008080]
          LayoutText {#text} at (101,0) size 38x20
            text run at (101,0) width 38: "PASS"
        LayoutNGBlockFlow (anonymous) at (0,0) size 240x140.63
          LayoutText {#text} at (43,0) size 236x140
            text run at (43,0) width 189: "fail fail fail fail fail fail fail fail"
            text run at (0,40) width 236: "fail fail fail fail fail fail fail fail fail fail"
            text run at (0,60) width 236: "fail fail fail fail fail fail fail fail fail fail"
            text run at (0,80) width 236: "fail fail fail fail fail fail fail fail fail fail"
            text run at (0,100) width 236: "fail fail fail fail fail fail fail fail fail fail"
            text run at (0,120) width 44: "fail fail"
