layer at (0,0) size 800x600
  LayoutView at (0,0) size 800x600
layer at (0,0) size 800x366
  LayoutNGBlockFlow {HTML} at (0,0) size 800x366
    LayoutNGBlockFlow {BODY} at (8,16) size 784x40
      LayoutNGBlockFlow {P} at (0,0) size 784x40 [color=#000080]
        LayoutText {#text} at (0,0) size 778x39
          text run at (0,0) width 778: "The blue boxes below should be in numeric order and form a \"B\". (Boxes labelled \"A\" should be in the first column; boxes"
          text run at (0,20) width 479: "labelled \"B\" should be in the second; arrows indicate the correct alignment.)"
      LayoutNGBlockFlow {DIV} at (16,56) size 320x0
        LayoutNGBlockFlow (floating) {P} at (4,4) size 126x34 [color=#FFFFFF] [bgcolor=#000080] [border: (3px solid #0000FF)]
          LayoutText {#text} at (7,7) size 40x19
            text run at (7,7) width 40: "\x{21E6} A 1"
        LayoutNGBlockFlow (floating) {P} at (138,4) size 126x34 [color=#FFFFFF] [bgcolor=#000080] [border: (3px solid #0000FF)]
          LayoutText {#text} at (7,7) size 40x19
            text run at (7,7) width 40: "\x{21E6} B 2"
        LayoutNGBlockFlow (floating) {P} at (4,46) size 126x34 [color=#FFFFFF] [bgcolor=#000080] [border: (3px solid #0000FF)]
          LayoutText {#text} at (7,7) size 40x19
            text run at (7,7) width 40: "\x{21E6} A 3"
        LayoutNGBlockFlow (floating) {P} at (190,46) size 126x34 [color=#FFFFFF] [bgcolor=#000080] [border: (3px solid #0000FF)]
          LayoutText {#text} at (79,7) size 40x19
            text run at (79,7) width 40: "B 4 \x{21E8}"
        LayoutNGBlockFlow (floating) {P} at (4,88) size 126x34 [color=#FFFFFF] [bgcolor=#000080] [border: (3px solid #0000FF)]
          LayoutText {#text} at (7,7) size 40x19
            text run at (7,7) width 40: "\x{21E6} A 5"
        LayoutNGBlockFlow (floating) {P} at (190,88) size 126x34 [color=#FFFFFF] [bgcolor=#000080] [border: (3px solid #0000FF)]
          LayoutText {#text} at (79,7) size 40x19
            text run at (79,7) width 40: "B 6 \x{21E8}"
        LayoutNGBlockFlow (floating) {P} at (4,130) size 126x34 [color=#FFFFFF] [bgcolor=#000080] [border: (3px solid #0000FF)]
          LayoutText {#text} at (7,7) size 40x19
            text run at (7,7) width 40: "\x{21E6} A 7"
        LayoutNGBlockFlow (floating) {P} at (138,130) size 126x34 [color=#FFFFFF] [bgcolor=#000080] [border: (3px solid #0000FF)]
          LayoutText {#text} at (7,7) size 40x19
            text run at (7,7) width 40: "\x{21E6} B 8"
        LayoutNGBlockFlow (floating) {P} at (4,172) size 126x34 [color=#FFFFFF] [bgcolor=#000080] [border: (3px solid #0000FF)]
          LayoutText {#text} at (7,7) size 40x19
            text run at (7,7) width 40: "\x{21E6} A 9"
        LayoutNGBlockFlow (floating) {P} at (190,172) size 126x34 [color=#FFFFFF] [bgcolor=#000080] [border: (3px solid #0000FF)]
          LayoutText {#text} at (71,7) size 48x19
            text run at (71,7) width 48: "B 10 \x{21E8}"
        LayoutNGBlockFlow (floating) {P} at (4,214) size 126x34 [color=#FFFFFF] [bgcolor=#000080] [border: (3px solid #0000FF)]
          LayoutText {#text} at (7,7) size 47x19
            text run at (7,7) width 47: "\x{21E6} A 11"
        LayoutNGBlockFlow (floating) {P} at (190,214) size 126x34 [color=#FFFFFF] [bgcolor=#000080] [border: (3px solid #0000FF)]
          LayoutText {#text} at (71,7) size 48x19
            text run at (71,7) width 48: "B 12 \x{21E8}"
        LayoutNGBlockFlow (floating) {P} at (4,256) size 126x34 [color=#FFFFFF] [bgcolor=#000080] [border: (3px solid #0000FF)]
          LayoutText {#text} at (7,7) size 48x19
            text run at (7,7) width 48: "\x{21E6} A 13"
        LayoutNGBlockFlow (floating) {P} at (138,256) size 126x34 [color=#FFFFFF] [bgcolor=#000080] [border: (3px solid #0000FF)]
          LayoutText {#text} at (7,7) size 48x19
            text run at (7,7) width 48: "\x{21E6} B 14"
