layer at (0,0) size 800x600
  LayoutView at (0,0) size 800x600
layer at (0,0) size 800x56
  LayoutNGBlockFlow {HTML} at (0,0) size 800x56
    LayoutNGBlockFlow {BODY} at (8,8) size 784x17
      LayoutNGBlockFlow {DIV} at (0,0) size 784x17
        LayoutNGBlockFlow (floating) {P} at (0,0) size 392x48
          LayoutText {#text} at (0,0) size 352x47
            text run at (0,0) width 352: "There should be a green square to the right,"
            text run at (0,25) width 311: "roughly in the middle, horizontally. \x{21E8}"
        LayoutNGBlockFlow (anonymous) at (0,0) size 784x17
          LayoutImage {IMG} at (392,0) size 15x15 [color=#FF0000]
          LayoutText {#text} at (0,0) size 0x0
