layer at (0,0) size 800x600
  LayoutView at (0,0) size 800x600
layer at (0,0) size 800x550
  LayoutNGBlockFlow {HTML} at (0,0) size 800x550
    LayoutNGBlockFlow {BODY} at (8,16) size 784x518
      LayoutNGBlockFlow {P} at (0,0) size 784x60 [color=#000080]
        LayoutText {#text} at (0,0) size 778x59
          text run at (0,0) width 737: "The big coloured boxes should be level with the top of the small coloured boxes of the same color (unless there is not"
          text run at (0,20) width 778: "enough room for the big box to fit on the small box's line after the small box, in which case the big box should be as high as"
          text run at (0,40) width 191: "possible below the small box)."
      LayoutNGBlockFlow {DIV} at (16,76) size 752x442 [color=#C0C0C0] [border: (5px solid #800080)]
        LayoutText {#text} at (21,21) size 553x19
          text run at (21,21) width 553: "dummy text dummy text dummy text dummy text dummy text dummy text dummy text "
        LayoutInline {SPAN} at (0,0) size 18x25 [color=#FFFFFF] [bgcolor=#008080] [border: (3px solid #00FFFF)]
          LayoutText {#text} at (576,21) size 12x19
            text run at (576,21) width 12: "A"
        LayoutText {#text} at (590,21) size 5x19
          text run at (590,21) width 5: " "
        LayoutNGBlockFlow (floating) {P} at (21,41) size 150x58 [color=#FFFFFF] [bgcolor=#008080] [border: (3px solid #00FFFF)]
          LayoutText {#text} at (19,19) size 48x19
            text run at (19,19) width 48: "AAAA"
        LayoutText {#text} at (594,21) size 551x39
          text run at (594,21) width 128: "dummy text dummy"
          text run at (171,41) width 343: "text dummy text dummy text dummy text dummy text "
        LayoutInline {SPAN} at (0,0) size 17x25 [color=#FFFFFF] [bgcolor=#800080] [border: (3px solid #FF00FF)]
          LayoutText {#text} at (517,41) size 11x19
            text run at (517,41) width 11: "B"
        LayoutText {#text} at (531,41) size 4x19
          text run at (531,41) width 4: " "
        LayoutNGBlockFlow (floating) {P} at (581,41) size 150x58 [color=#FFFFFF] [bgcolor=#800080] [border: (3px solid #FF00FF)]
          LayoutText {#text} at (19,19) size 44x19
            text run at (19,19) width 44: "BBBB"
        LayoutText {#text} at (321,61) size 237x19
          text run at (321,61) width 237: "dummy text dummy text dummy text "
        LayoutInline {SPAN} at (0,0) size 17x25 [color=#FFFFFF] [bgcolor=#FFA500] [border: (3px solid #FFFF00)]
          LayoutText {#text} at (561,61) size 11x19
            text run at (561,61) width 11: "C"
        LayoutText {#text} at (575,61) size 4x19
          text run at (575,61) width 4: " "
        LayoutNGBlockFlow (floating) {P} at (171,61) size 150x58 [color=#FFFFFF] [bgcolor=#FFA500] [border: (3px solid #FFFF00)]
          LayoutText {#text} at (19,19) size 44x19
            text run at (19,19) width 44: "CCCC"
        LayoutText {#text} at (321,81) size 387x39
          text run at (321,81) width 233: "dummy text dummy text dummy text"
          text run at (471,101) width 237: "dummy text dummy text dummy text "
        LayoutInline {SPAN} at (0,0) size 18x25 [color=#FFFFFF] [bgcolor=#008000] [border: (3px solid #00FF00)]
          LayoutText {#text} at (711,101) size 12x19
            text run at (711,101) width 12: "D"
        LayoutText {#text} at (726,101) size 4x19
          text run at (726,101) width 4: " "
        LayoutNGBlockFlow (floating) {P} at (321,101) size 150x58 [color=#FFFFFF] [bgcolor=#008000] [border: (3px solid #00FF00)]
          LayoutText {#text} at (19,19) size 48x19
            text run at (19,19) width 48: "DDDD"
        LayoutText {#text} at (471,121) size 707x299
          text run at (471,121) width 233: "dummy text dummy text dummy text"
          text run at (471,141) width 233: "dummy text dummy text dummy text"
          text run at (21,161) width 707: "dummy text dummy text dummy text dummy text dummy text dummy text dummy text dummy text dummy text"
          text run at (21,181) width 707: "dummy text dummy text dummy text dummy text dummy text dummy text dummy text dummy text dummy text"
          text run at (21,201) width 707: "dummy text dummy text dummy text dummy text dummy text dummy text dummy text dummy text dummy text"
          text run at (21,221) width 707: "dummy text dummy text dummy text dummy text dummy text dummy text dummy text dummy text dummy text"
          text run at (21,241) width 707: "dummy text dummy text dummy text dummy text dummy text dummy text dummy text dummy text dummy text"
          text run at (21,261) width 707: "dummy text dummy text dummy text dummy text dummy text dummy text dummy text dummy text dummy text"
          text run at (21,281) width 707: "dummy text dummy text dummy text dummy text dummy text dummy text dummy text dummy text dummy text"
          text run at (21,301) width 707: "dummy text dummy text dummy text dummy text dummy text dummy text dummy text dummy text dummy text"
          text run at (21,321) width 707: "dummy text dummy text dummy text dummy text dummy text dummy text dummy text dummy text dummy text"
          text run at (21,341) width 707: "dummy text dummy text dummy text dummy text dummy text dummy text dummy text dummy text dummy text"
          text run at (21,361) width 707: "dummy text dummy text dummy text dummy text dummy text dummy text dummy text dummy text dummy text"
          text run at (21,381) width 707: "dummy text dummy text dummy text dummy text dummy text dummy text dummy text dummy text dummy text"
          text run at (21,401) width 470: "dummy text dummy text dummy text dummy text dummy text dummy text"
