layer at (0,0) size 800x600
  LayoutView at (0,0) size 800x600
layer at (0,0) size 800x470
  LayoutNGBlockFlow {HTML} at (0,0) size 800x470
    LayoutNGBlockFlow {BODY} at (8,16) size 784x438
      LayoutNGBlockFlow {P} at (0,0) size 784x60 [color=#000080]
        LayoutText {#text} at (0,0) size 778x59
          text run at (0,0) width 737: "The big coloured boxes should be level with the top of the small coloured boxes of the same color (unless there is not"
          text run at (0,20) width 778: "enough room for the big box to fit on the small box's line after the small box, in which case the big box should be as high as"
          text run at (0,40) width 191: "possible below the small box)."
      LayoutNGBlockFlow {DIV} at (16,76) size 752x362 [color=#C0C0C0] [border: (5px solid #800080)]
        LayoutText {#text} at (171,21) size 316x19
          text run at (171,21) width 316: "dummy text dummy text dummy text dummy text "
        LayoutInline {SPAN} at (0,0) size 18x25 [color=#FFFFFF] [bgcolor=#008080] [border: (3px solid #00FFFF)]
          LayoutText {#text} at (489,21) size 12x19
            text run at (489,21) width 12: "A"
        LayoutText {#text} at (503,21) size 5x19
          text run at (503,21) width 5: " "
        LayoutNGBlockFlow (floating) {P} at (21,21) size 150x58 [color=#FFFFFF] [bgcolor=#008080] [border: (3px solid #00FFFF)]
          LayoutText {#text} at (19,19) size 48x19
            text run at (19,19) width 48: "AAAA"
        LayoutInline {SPAN} at (0,0) size 18x25 [color=#FFFFFF] [bgcolor=#800080] [border: (3px solid #FF00FF)]
          LayoutText {#text} at (510,21) size 12x19
            text run at (510,21) width 12: "B"
        LayoutText {#text} at (524,21) size 5x19
          text run at (524,21) width 5: " "
        LayoutNGBlockFlow (floating) {P} at (581,21) size 150x58 [color=#FFFFFF] [bgcolor=#800080] [border: (3px solid #FF00FF)]
          LayoutText {#text} at (19,19) size 44x19
            text run at (19,19) width 44: "BBBB"
        LayoutText {#text} at (528,21) size 707x319
          text run at (528,21) width 49: "dummy"
          text run at (171,41) width 391: "text dummy text dummy text dummy text dummy text dummy"
          text run at (171,61) width 391: "text dummy text dummy text dummy text dummy text dummy"
          text run at (21,81) width 707: "text dummy text dummy text dummy text dummy text dummy text dummy text dummy text dummy text dummy"
          text run at (21,101) width 707: "text dummy text dummy text dummy text dummy text dummy text dummy text dummy text dummy text dummy"
          text run at (21,121) width 707: "text dummy text dummy text dummy text dummy text dummy text dummy text dummy text dummy text dummy"
          text run at (21,141) width 707: "text dummy text dummy text dummy text dummy text dummy text dummy text dummy text dummy text dummy"
          text run at (21,161) width 707: "text dummy text dummy text dummy text dummy text dummy text dummy text dummy text dummy text dummy"
          text run at (21,181) width 707: "text dummy text dummy text dummy text dummy text dummy text dummy text dummy text dummy text dummy"
          text run at (21,201) width 707: "text dummy text dummy text dummy text dummy text dummy text dummy text dummy text dummy text dummy"
          text run at (21,221) width 707: "text dummy text dummy text dummy text dummy text dummy text dummy text dummy text dummy text dummy"
          text run at (21,241) width 707: "text dummy text dummy text dummy text dummy text dummy text dummy text dummy text dummy text dummy"
          text run at (21,261) width 707: "text dummy text dummy text dummy text dummy text dummy text dummy text dummy text dummy text dummy"
          text run at (21,281) width 707: "text dummy text dummy text dummy text dummy text dummy text dummy text dummy text dummy text dummy"
          text run at (21,301) width 707: "text dummy text dummy text dummy text dummy text dummy text dummy text dummy text dummy text dummy"
          text run at (21,321) width 102: "text dummy text"
