layer at (0,0) size 800x600
  LayoutView at (0,0) size 800x600
layer at (0,0) size 800x184
  LayoutNGBlockFlow {HTML} at (0,0) size 800x184
    LayoutNGBlockFlow {BODY} at (8,16) size 784x152
      LayoutNGBlockFlow {P} at (0,0) size 784x20 [color=#000080]
        LayoutText {#text} at (0,0) size 589x19
          text run at (0,0) width 589: "In the following test, the teal blocks must be just inside the top and sides of the blue rectangle."
      LayoutNGBlockFlow {DIV} at (0,36) size 784x116
        LayoutNGBlockFlow {DIV} at (16,0) size 752x116 [color=#0000FF] [bgcolor=#000080] [border: (8px solid #0000FF) none (8px solid #0000FF)]
          LayoutNGBlockFlow (floating) {P} at (8,8) size 176x96 [color=#00FFFF] [bgcolor=#008080] [border: (4px solid #00FFFF)]
            LayoutText {#text} at (8,8) size 144x79
              text run at (8,8) width 144: "Teal block. Teal block."
              text run at (8,28) width 144: "Teal block. Teal block."
              text run at (8,48) width 144: "Teal block. Teal block."
              text run at (8,68) width 144: "Teal block. Teal block."
          LayoutNGBlockFlow (floating) {P} at (568,8) size 176x96 [color=#00FFFF] [bgcolor=#008080] [border: (4px solid #00FFFF)]
            LayoutText {#text} at (8,8) size 144x79
              text run at (8,8) width 144: "Teal block. Teal block."
              text run at (8,28) width 144: "Teal block. Teal block."
              text run at (8,48) width 144: "Teal block. Teal block."
              text run at (8,68) width 144: "Teal block. Teal block."
          LayoutNGBlockFlow (anonymous) at (8,8) size 736x100
            LayoutText {#text} at (176,0) size 358x99
              text run at (176,0) width 327: "Blue rectangle. Blue rectangle. Blue rectangle. Blue"
              text run at (176,20) width 358: "rectangle. Blue rectangle. Blue rectangle. Blue rectangle."
              text run at (176,40) width 327: "Blue rectangle. Blue rectangle. Blue rectangle. Blue"
              text run at (176,60) width 358: "rectangle. Blue rectangle. Blue rectangle. Blue rectangle."
              text run at (176,80) width 194: "Blue rectangle. Blue rectangle."
