layer at (0,0) size 800x600
  LayoutView at (0,0) size 800x600
layer at (0,0) size 800x288
  LayoutNGBlockFlow {HTML} at (0,0) size 800x288
    LayoutNGBlockFlow {BODY} at (8,8) size 784x0
      LayoutNGBlockFlow (floating) {DIV} at (0,0) size 588x280 [color=#FFFFFF] [bgcolor=#000080]
        LayoutNGBlockFlow (floating) {DIV} at (277,0) size 294x80 [color=#00FFFF] [bgcolor=#008080]
          LayoutNGBlockFlow {P} at (0,0) size 294x80
            LayoutText {#text} at (0,0) size 294x79
              text run at (0,0) width 294: "To the right of this teal box there should be a"
              text run at (0,20) width 294: "purple square, tightly squeezed in between the"
              text run at (0,40) width 294: "edge of the teal box and the outside edge of"
              text run at (0,60) width 110: "the blue block. \x{21E8}"
        LayoutNGBlockFlow {P} at (0,0) size 588x280
          LayoutText {#text} at (0,0) size 277x39
            text run at (0,0) width 277: "Inside this blue block on the right there"
            text run at (0,20) width 163: "should be a teal box. \x{21E8} "
          LayoutInline {SPAN} at (0,0) size 588x259 [color=#000080]
            LayoutText {#text} at (162,20) size 588x259
              text run at (162,20) width 115: "FAIL FAIL FAIL"
              text run at (0,40) width 277: "FAIL FAIL FAIL FAIL FAIL FAIL FAIL"
              text run at (0,60) width 277: "FAIL FAIL FAIL FAIL FAIL FAIL FAIL"
              text run at (0,80) width 588: "FAIL FAIL FAIL FAIL FAIL FAIL FAIL FAIL FAIL FAIL FAIL FAIL FAIL FAIL FAIL"
              text run at (0,100) width 588: "FAIL FAIL FAIL FAIL FAIL FAIL FAIL FAIL FAIL FAIL FAIL FAIL FAIL FAIL FAIL"
              text run at (0,120) width 588: "FAIL FAIL FAIL FAIL FAIL FAIL FAIL FAIL FAIL FAIL FAIL FAIL FAIL FAIL FAIL"
              text run at (0,140) width 588: "FAIL FAIL FAIL FAIL FAIL FAIL FAIL FAIL FAIL FAIL FAIL FAIL FAIL FAIL FAIL"
              text run at (0,160) width 588: "FAIL FAIL FAIL FAIL FAIL FAIL FAIL FAIL FAIL FAIL FAIL FAIL FAIL FAIL FAIL"
              text run at (0,180) width 588: "FAIL FAIL FAIL FAIL FAIL FAIL FAIL FAIL FAIL FAIL FAIL FAIL FAIL FAIL FAIL"
              text run at (0,200) width 588: "FAIL FAIL FAIL FAIL FAIL FAIL FAIL FAIL FAIL FAIL FAIL FAIL FAIL FAIL FAIL"
              text run at (0,220) width 588: "FAIL FAIL FAIL FAIL FAIL FAIL FAIL FAIL FAIL FAIL FAIL FAIL FAIL FAIL FAIL"
              text run at (0,240) width 588: "FAIL FAIL FAIL FAIL FAIL FAIL FAIL FAIL FAIL FAIL FAIL FAIL FAIL FAIL FAIL"
              text run at (0,260) width 150: "FAIL FAIL FAIL FAIL"
          LayoutText {#text} at (0,0) size 0x0
