layer at (0,0) size 800x600
  LayoutView at (0,0) size 800x600
layer at (0,0) size 800x135
  LayoutNGBlockFlow {HTML} at (0,0) size 800x135
    LayoutNGBlockFlow {BODY} at (8,8) size 784x119
      LayoutNGBlockFlow {DIV} at (0,0) size 784x119 [color=#FFFFFF] [bgcolor=#000080] [border: (3px solid #0000FF) (96px solid #0000FF) (3px solid #0000FF)]
        LayoutNGBlockFlow (floating) {DIV} at (421,11) size 352x72 [bgcolor=#008080]
          LayoutNGBlockFlow {P} at (16,16) size 320x40
            LayoutText {#text} at (0,0) size 313x39
              text run at (0,0) width 313: "This teal box should start inside the dark blue box"
              text run at (0,20) width 252: "and spill out onto the blue area below it."
        LayoutNGBlockFlow {P} at (3,3) size 778x20
          LayoutText {#text} at (0,0) size 254x19
            text run at (0,0) width 254: "You should see a teal box to the right. \x{21E8}"
