layer at (0,0) size 800x600
  LayoutView at (0,0) size 800x600
layer at (0,0) size 800x144
  LayoutNGBlockFlow {HTML} at (0,0) size 800x144
    LayoutNGBlockFlow {BODY} at (8,16) size 784x112
      LayoutNGBlockFlow {P} at (0,0) size 784x20 [color=#000080]
        LayoutText {#text} at (0,0) size 542x19
          text run at (0,0) width 542: "In the following test, the blue blocks should be on the given sides of the teal rectangle."
      LayoutNGBlockFlow {DIV} at (0,36) size 784x76
        LayoutNGBlockFlow {DIV} at (16,0) size 752x76 [color=#00FFFF] [bgcolor=#008080]
          LayoutNGBlockFlow (floating) {P} at (8,8) size 176x56 [color=#FFFFFF] [bgcolor=#000080] [border: (4px solid #0000FF)]
            LayoutText {#text} at (8,8) size 132x39
              text run at (8,8) width 115: "\x{21E6} This blue block"
              text run at (8,28) width 132: "should be on the left."
          LayoutNGBlockFlow (floating) {P} at (568,8) size 176x56 [color=#FFFFFF] [bgcolor=#000080] [border: (4px solid #0000FF)]
            LayoutText {#text} at (8,8) size 141x39
              text run at (8,8) width 115: "\x{21E8} This blue block"
              text run at (8,28) width 141: "should be on the right."
          LayoutNGBlockFlow (anonymous) at (8,8) size 736x60
            LayoutText {#text} at (176,0) size 379x59
              text run at (176,0) width 379: "Teal rectangle. Teal rectangle. Teal rectangle. Teal rectangle."
              text run at (176,20) width 379: "Teal rectangle. Teal rectangle. Teal rectangle. Teal rectangle."
              text run at (176,40) width 379: "Teal rectangle. Teal rectangle. Teal rectangle. Teal rectangle."
