layer at (0,0) size 800x600
  LayoutView at (0,0) size 800x600
layer at (0,0) size 800x490
  LayoutNGBlockFlow {HTML} at (0,0) size 800x490
    LayoutNGBlockFlow {BODY} at (8,16) size 784x458
      LayoutNGBlockFlow {P} at (0,0) size 784x60 [color=#000080]
        LayoutText {#text} at (0,0) size 769x59
          text run at (0,0) width 737: "The big coloured boxes should be level with the top of the small coloured boxes of the same color (unless there is not"
          text run at (0,20) width 769: "enough room for the big box to fit on the small box's line, in which case the big box should be level with the bottom of the"
          text run at (0,40) width 137: "respective small box)."
      LayoutNGBlockFlow {DIV} at (16,76) size 752x382 [color=#C0C0C0] [border: (5px solid #800080)]
        LayoutText {#text} at (133,21) size 474x19
          text run at (133,21) width 474: "dummy text dummy text dummy text dummy text dummy text dummy text "
        LayoutInline {SPAN} at (0,0) size 19x25 [color=#FFFFFF] [bgcolor=#008080] [border: (3px solid #00FFFF)]
          LayoutText {#text} at (610,21) size 13x19
            text run at (610,21) width 13: "\x{21E6}"
        LayoutText {#text} at (626,21) size 4x19
          text run at (626,21) width 4: " "
        LayoutImage (floating) {IMG} at (21,21) size 112x112 [color=#FF0000]
        LayoutText {#text} at (630,21) size 572x39
          text run at (630,21) width 75: "dummy text"
          text run at (133,41) width 395: "dummy text dummy text dummy text dummy text dummy text "
        LayoutInline {SPAN} at (0,0) size 19x25 [color=#FFFFFF] [bgcolor=#800080] [border: (3px solid #FF00FF)]
          LayoutText {#text} at (531,41) size 13x19
            text run at (531,41) width 13: "\x{21E8}"
        LayoutText {#text} at (547,41) size 4x19
          text run at (547,41) width 4: " "
        LayoutImage (floating) {IMG} at (619,41) size 112x112 [color=#FF0000]
        LayoutText {#text} at (551,41) size 707x319
          text run at (551,41) width 48: "dummy"
          text run at (133,61) width 470: "text dummy text dummy text dummy text dummy text dummy text dummy"
          text run at (133,81) width 470: "text dummy text dummy text dummy text dummy text dummy text dummy"
          text run at (133,101) width 470: "text dummy text dummy text dummy text dummy text dummy text dummy"
          text run at (133,121) width 470: "text dummy text dummy text dummy text dummy text dummy text dummy"
          text run at (21,141) width 576: "text dummy text dummy text dummy text dummy text dummy text dummy text dummy text"
          text run at (21,161) width 707: "dummy text dummy text dummy text dummy text dummy text dummy text dummy text dummy text dummy text"
          text run at (21,181) width 707: "dummy text dummy text dummy text dummy text dummy text dummy text dummy text dummy text dummy text"
          text run at (21,201) width 707: "dummy text dummy text dummy text dummy text dummy text dummy text dummy text dummy text dummy text"
          text run at (21,221) width 707: "dummy text dummy text dummy text dummy text dummy text dummy text dummy text dummy text dummy text"
          text run at (21,241) width 707: "dummy text dummy text dummy text dummy text dummy text dummy text dummy text dummy text dummy text"
          text run at (21,261) width 707: "dummy text dummy text dummy text dummy text dummy text dummy text dummy text dummy text dummy text"
          text run at (21,281) width 707: "dummy text dummy text dummy text dummy text dummy text dummy text dummy text dummy text dummy text"
          text run at (21,301) width 707: "dummy text dummy text dummy text dummy text dummy text dummy text dummy text dummy text dummy text"
          text run at (21,321) width 707: "dummy text dummy text dummy text dummy text dummy text dummy text dummy text dummy text dummy text"
          text run at (21,341) width 75: "dummy text"
