layer at (0,0) size 800x600
  LayoutView at (0,0) size 800x600
layer at (0,0) size 800x184
  LayoutNGBlockFlow {HTML} at (0,0) size 800x184
    LayoutNGBlockFlow {BODY} at (8,16) size 784x153
      LayoutNGBlockFlow {P} at (0,0) size 784x20
        LayoutText {#text} at (0,0) size 273x19
          text run at (0,0) width 273: "There should be two boxes of green below."
      LayoutNGBlockFlow {DIV} at (15,36) size 96x51 [color=#008000] [bgcolor=#FF0000] [border: (3px solid #000000)]
        LayoutNGBlockFlow (floating) {SPAN} at (3,3) size 45x30
          LayoutText {#text} at (0,0) size 30x30
            text run at (0,0) width 30: "X"
        LayoutNGBlockFlow (anonymous) at (3,3) size 90x45
          LayoutText {#text} at (45,0) size 90x45
            text run at (45,0) width 45: "x x"
            text run at (45,15) width 30: "xx"
            text run at (0,30) width 45: "x x"
      LayoutNGBlockFlow {DIV} at (15,102) size 96x51 [color=#008000] [bgcolor=#FF0000] [border: (3px solid #000000)]
        LayoutNGBlockFlow (floating) {SPAN} at (3,3) size 45x30 [bgcolor=#008000]
          LayoutText {#text} at (0,0) size 30x30
            text run at (0,0) width 30: "X"
        LayoutNGBlockFlow (anonymous) at (3,3) size 90x45
          LayoutText {#text} at (45,0) size 90x45
            text run at (45,0) width 45: "x x"
            text run at (45,15) width 30: "xx"
            text run at (0,30) width 45: "x x"
