layer at (0,0) size 800x600
  LayoutView at (0,0) size 800x600
layer at (0,0) size 800x191
  LayoutNGBlockFlow {HTML} at (0,0) size 800x191
    LayoutNGBlockFlow {BODY} at (8,16) size 784x167
      LayoutNGBlockFlow {P} at (0,0) size 784x20
        LayoutText {#text} at (0,0) size 727x19
          text run at (0,0) width 727: "You should see nine boxes below, each just containing a unique multiple of eleven, from 11 to 99, and nothing else."
      LayoutNGBlockFlow {UL} at (0,36) size 784x131
        LayoutNGBlockFlow {LI} at (0,0) size 50x22 [border: (1px solid #000000)]
          LayoutInline {<pseudo:before>} at (0,0) size 8x19
            LayoutCounter (anonymous) at (1,1) size 8x19
              text run at (1,1) width 8: "1"
          LayoutText {#text} at (8,1) size 9x19
            text run at (8,1) width 9: "1"
        LayoutNGBlockFlow (floating) {LI} at (0,22) size 50x22 [border: (1px solid #000000)]
          LayoutInline {<pseudo:before>} at (0,0) size 8x19
            LayoutCounter (anonymous) at (1,1) size 8x19
              text run at (1,1) width 8: "2"
          LayoutText {#text} at (9,1) size 8x19
            text run at (9,1) width 8: "2"
        LayoutNGBlockFlow {LI} at (0,65) size 50x22 [border: (1px solid #000000)]
          LayoutInline {<pseudo:before>} at (0,0) size 8x19
            LayoutCounter (anonymous) at (1,1) size 8x19
              text run at (1,1) width 8: "5"
          LayoutText {#text} at (9,1) size 8x19
            text run at (9,1) width 8: "5"
        LayoutNGBlockFlow {LI} at (0,87) size 50x22 [border: (1px solid #000000)]
          LayoutInline {<pseudo:before>} at (0,0) size 8x19
            LayoutCounter (anonymous) at (1,1) size 8x19
              text run at (1,1) width 8: "7"
          LayoutText {#text} at (9,1) size 8x19
            text run at (9,1) width 8: "7"
        LayoutNGBlockFlow {LI} at (0,109) size 50x22 [border: (1px solid #000000)]
          LayoutInline {<pseudo:before>} at (0,0) size 8x19
            LayoutCounter (anonymous) at (1,1) size 8x19
              text run at (1,1) width 8: "9"
          LayoutText {#text} at (9,1) size 8x19
            text run at (9,1) width 8: "9"
layer at (8,74) size 50x43
  LayoutNGBlockFlow (relative positioned) {LI} at (0,22) size 50x43 [border: (1px solid #000000)]
    LayoutInline {<pseudo:before>} at (0,0) size 8x19
      LayoutCounter (anonymous) at (1,22) size 8x19
        text run at (1,22) width 8: "3"
    LayoutText {#text} at (9,22) size 8x19
      text run at (9,22) width 8: "3"
layer at (8,117) size 48x0
  LayoutNGBlockFlow (relative positioned) {LI} at (0,65) size 48x0
layer at (136,117) size 50x22
  LayoutNGBlockFlow (positioned) {DIV} at (128,0) size 50x22 [border: (1px solid #000000)]
    LayoutInline {<pseudo:before>} at (0,0) size 8x19
      LayoutCounter (anonymous) at (1,1) size 8x19
        text run at (1,1) width 8: "4"
    LayoutText {#text} at (9,1) size 8x19
      text run at (9,1) width 8: "4"
layer at (192,80) size 50x22
  LayoutNGBlockFlow (positioned) {LI} at (192,80) size 50x22 [border: (1px solid #000000)]
    LayoutInline {<pseudo:before>} at (0,0) size 8x19
      LayoutCounter (anonymous) at (1,1) size 8x19
        text run at (1,1) width 8: "6"
    LayoutText {#text} at (9,1) size 8x19
      text run at (9,1) width 8: "6"
layer at (64,128) size 50x22
  LayoutNGBlockFlow (positioned) {LI} at (64,128) size 50x22 [border: (1px solid #000000)]
    LayoutInline {<pseudo:before>} at (0,0) size 8x19
      LayoutCounter (anonymous) at (1,1) size 8x19
        text run at (1,1) width 8: "8"
    LayoutText {#text} at (9,1) size 8x19
      text run at (9,1) width 8: "8"
