layer at (0,0) size 800x600
  LayoutView at (0,0) size 800x600
layer at (0,0) size 800x356
  LayoutNGBlockFlow {HTML} at (0,0) size 800x356
    LayoutNGBlockFlow {BODY} at (8,16) size 784x324 [color=#000080]
      LayoutNGBlockFlow {P} at (0,0) size 784x20
        LayoutText {#text} at (0,0) size 458x19
          text run at (0,0) width 458: "Each bullet should look as described, and there should be no red present."
      LayoutNGBlockFlow {UL} at (0,36) size 784x60
        LayoutNGListItem {LI} at (40,0) size 744x20
          LayoutNGListMarker (anonymous) at (-18,0) size 10x20
            LayoutText (anonymous) at (0,0) size 10x19
              text run at (0,0) width 10: "\x{2022} "
          LayoutText {#text} at (0,0) size 25x19
            text run at (0,0) width 25: "disc"
        LayoutNGListItem {LI} at (40,20) size 744x20
          LayoutNGListMarker (anonymous) at (-18,0) size 10x20
            LayoutText (anonymous) at (0,0) size 10x19
              text run at (0,0) width 10: "\x{2022} "
          LayoutText {#text} at (0,0) size 25x19
            text run at (0,0) width 25: "disc"
        LayoutNGListItem {LI} at (40,40) size 744x20
          LayoutNGListMarker (anonymous) at (-18,0) size 10x20
            LayoutText (anonymous) at (0,0) size 10x19
              text run at (0,0) width 10: "\x{2022} "
          LayoutText {#text} at (0,0) size 25x19
            text run at (0,0) width 25: "disc"
      LayoutNGBlockFlow {UL} at (0,112) size 784x60
        LayoutNGListItem {LI} at (40,0) size 744x20
          LayoutNGListMarker (anonymous) at (-18,0) size 10x20
            LayoutText (anonymous) at (0,0) size 10x19
              text run at (0,0) width 10: "\x{25E6} "
          LayoutText {#text} at (0,0) size 34x19
            text run at (0,0) width 34: "circle"
        LayoutNGListItem {LI} at (40,20) size 744x20
          LayoutNGListMarker (anonymous) at (-18,0) size 10x20
            LayoutText (anonymous) at (0,0) size 10x19
              text run at (0,0) width 10: "\x{25E6} "
          LayoutText {#text} at (0,0) size 34x19
            text run at (0,0) width 34: "circle"
        LayoutNGListItem {LI} at (40,40) size 744x20
          LayoutNGListMarker (anonymous) at (-18,0) size 10x20
            LayoutText (anonymous) at (0,0) size 10x19
              text run at (0,0) width 10: "\x{25E6} "
          LayoutText {#text} at (0,0) size 34x19
            text run at (0,0) width 34: "circle"
      LayoutNGBlockFlow {UL} at (0,188) size 784x60
        LayoutNGListItem {LI} at (40,0) size 744x20
          LayoutNGListMarker (anonymous) at (-18,0) size 14x20
            LayoutText (anonymous) at (0,0) size 14x19
              text run at (0,0) width 14: "\x{25A0} "
          LayoutText {#text} at (0,0) size 41x19
            text run at (0,0) width 41: "square"
        LayoutNGListItem {LI} at (40,20) size 744x20
          LayoutNGListMarker (anonymous) at (-18,0) size 14x20
            LayoutText (anonymous) at (0,0) size 14x19
              text run at (0,0) width 14: "\x{25A0} "
          LayoutText {#text} at (0,0) size 41x19
            text run at (0,0) width 41: "square"
        LayoutNGListItem {LI} at (40,40) size 744x20
          LayoutNGListMarker (anonymous) at (-18,0) size 14x20
            LayoutText (anonymous) at (0,0) size 14x19
              text run at (0,0) width 14: "\x{25A0} "
          LayoutText {#text} at (0,0) size 41x19
            text run at (0,0) width 41: "square"
      LayoutNGBlockFlow {UL} at (0,264) size 784x60 [color=#FF0000]
        LayoutNGListItem {LI} at (40,0) size 744x20
          LayoutText {#text} at (0,0) size 4x19
            text run at (0,0) width 4: " "
        LayoutNGListItem {LI} at (40,20) size 744x20
          LayoutText {#text} at (0,0) size 4x19
            text run at (0,0) width 4: " "
        LayoutNGListItem {LI} at (40,40) size 744x20
          LayoutText {#text} at (0,0) size 4x19
            text run at (0,0) width 4: " "
