layer at (0,0) size 800x600
  LayoutView at (0,0) size 800x600
layer at (0,0) size 800x100
  LayoutNGBlockFlow {HTML} at (0,0) size 800x100
    LayoutNGBlockFlow {BODY} at (8,16) size 784x76
      LayoutNGBlockFlow {P} at (0,0) size 784x20
        LayoutText {#text} at (0,0) size 227x19
          text run at (0,0) width 227: "The next 2 lines should be identical:"
      LayoutNGBlockFlow {DIV} at (0,36) size 784x20
        LayoutInline {SPAN} at (0,0) size 39x19
          LayoutInline {<pseudo:before>} at (0,0) size 8x19
            LayoutCounter (anonymous) at (0,0) size 8x19
              text run at (0,0) width 8: "1"
          LayoutInline {SPAN} at (0,0) size 16x19
            LayoutInline {<pseudo:before>} at (0,0) size 8x19
              LayoutCounter (anonymous) at (8,0) size 8x19
                text run at (8,0) width 8: "2"
            LayoutInline {SPAN} at (0,0) size 8x19
              LayoutInline {<pseudo:before>} at (0,0) size 8x19
                LayoutCounter (anonymous) at (16,0) size 8x19
                  text run at (16,0) width 8: "2"
          LayoutInline {SPAN} at (0,0) size 8x19
            LayoutInline {<pseudo:before>} at (0,0) size 8x19
              LayoutCounter (anonymous) at (24,0) size 8x19
                text run at (24,0) width 8: "1"
          LayoutInline {<pseudo:after>} at (0,0) size 7x19
            LayoutCounter (anonymous) at (32,0) size 7x19
              text run at (32,0) width 7: "1"
        LayoutInline {SPAN} at (0,0) size 8x19
          LayoutInline {<pseudo:before>} at (0,0) size 8x19
            LayoutCounter (anonymous) at (39,0) size 8x19
              text run at (39,0) width 8: "1"
        LayoutText {#text} at (47,0) size 4x19
          text run at (47,0) width 4: " "
        LayoutInline {SPAN} at (0,0) size 40x19
          LayoutInline {<pseudo:before>} at (0,0) size 8x19
            LayoutCounter (anonymous) at (51,0) size 8x19
              text run at (51,0) width 8: "1"
          LayoutInline {SPAN} at (0,0) size 16x19
            LayoutInline {<pseudo:before>} at (0,0) size 8x19
              LayoutCounter (anonymous) at (59,0) size 8x19
                text run at (59,0) width 8: "3"
            LayoutInline {SPAN} at (0,0) size 8x19
              LayoutInline {<pseudo:before>} at (0,0) size 8x19
                LayoutCounter (anonymous) at (67,0) size 8x19
                  text run at (67,0) width 8: "3"
          LayoutInline {SPAN} at (0,0) size 8x19
            LayoutInline {<pseudo:before>} at (0,0) size 8x19
              LayoutCounter (anonymous) at (75,0) size 8x19
                text run at (75,0) width 8: "3"
          LayoutInline {<pseudo:after>} at (0,0) size 8x19
            LayoutCounter (anonymous) at (83,0) size 8x19
              text run at (83,0) width 8: "3"
        LayoutInline {SPAN} at (0,0) size 8x19
          LayoutInline {<pseudo:before>} at (0,0) size 8x19
            LayoutCounter (anonymous) at (91,0) size 8x19
              text run at (91,0) width 8: "1"
        LayoutText {#text} at (0,0) size 0x0
      LayoutNGBlockFlow {DIV} at (0,56) size 784x20
        LayoutText {#text} at (0,0) size 99x19
          text run at (0,0) width 99: "122111 133331"
