layer at (0,0) size 800x600
  LayoutView at (0,0) size 800x600
layer at (0,0) size 800x100
  LayoutNGBlockFlow {HTML} at (0,0) size 800x100
    LayoutNGBlockFlow {BODY} at (8,16) size 784x76
      LayoutNGBlockFlow {P} at (0,0) size 784x20
        LayoutText {#text} at (0,0) size 233x19
          text run at (0,0) width 233: "The following two lines should look "
        LayoutInline {EM} at (0,0) size 90x19
          LayoutText {#text} at (233,0) size 90x19
            text run at (233,0) width 90: "approximately"
        LayoutText {#text} at (323,0) size 63x19
          text run at (323,0) width 63: " the same:"
      LayoutNGBlockFlow {DIV} at (0,36) size 784x20
        LayoutInline {SPAN} at (0,0) size 6x19
          LayoutInline {<pseudo:before>} at (0,0) size 6x19
            LayoutCounter (anonymous) at (0,0) size 6x19
              text run at (0,0) width 6: "\x{2022}"
        LayoutText {#text} at (6,0) size 4x19
          text run at (6,0) width 4: " "
        LayoutInline {SPAN} at (0,0) size 6x19
          LayoutInline {<pseudo:before>} at (0,0) size 6x19
            LayoutCounter (anonymous) at (10,0) size 6x19
              text run at (10,0) width 6: "\x{2022}"
        LayoutText {#text} at (16,0) size 4x19
          text run at (16,0) width 4: " "
        LayoutInline {SPAN} at (0,0) size 6x19
          LayoutInline {<pseudo:before>} at (0,0) size 6x19
            LayoutCounter (anonymous) at (20,0) size 6x19
              text run at (20,0) width 6: "\x{2022}"
        LayoutText {#text} at (26,0) size 4x19
          text run at (26,0) width 4: " "
        LayoutInline {SPAN} at (0,0) size 6x19
          LayoutInline {<pseudo:before>} at (0,0) size 6x19
            LayoutCounter (anonymous) at (30,0) size 6x19
              text run at (30,0) width 6: "\x{2022}"
        LayoutText {#text} at (36,0) size 4x19
          text run at (36,0) width 4: " "
        LayoutInline {SPAN} at (0,0) size 6x19
          LayoutInline {<pseudo:before>} at (0,0) size 6x19
            LayoutCounter (anonymous) at (40,0) size 6x19
              text run at (40,0) width 6: "\x{2022}"
        LayoutText {#text} at (46,0) size 4x19
          text run at (46,0) width 4: " "
        LayoutInline {SPAN} at (0,0) size 6x19
          LayoutInline {<pseudo:before>} at (0,0) size 6x19
            LayoutCounter (anonymous) at (50,0) size 6x19
              text run at (50,0) width 6: "\x{2022}"
        LayoutText {#text} at (56,0) size 4x19
          text run at (56,0) width 4: " "
        LayoutInline {SPAN} at (0,0) size 6x19
          LayoutInline {<pseudo:before>} at (0,0) size 6x19
            LayoutCounter (anonymous) at (60,0) size 6x19
              text run at (60,0) width 6: "\x{2022}"
        LayoutText {#text} at (66,0) size 4x19
          text run at (66,0) width 4: " "
        LayoutInline {SPAN} at (0,0) size 6x19
          LayoutInline {<pseudo:before>} at (0,0) size 6x19
            LayoutCounter (anonymous) at (70,0) size 6x19
              text run at (70,0) width 6: "\x{2022}"
        LayoutText {#text} at (76,0) size 4x19
          text run at (76,0) width 4: " "
        LayoutInline {SPAN} at (0,0) size 6x19
          LayoutInline {<pseudo:before>} at (0,0) size 6x19
            LayoutCounter (anonymous) at (80,0) size 6x19
              text run at (80,0) width 6: "\x{2022}"
        LayoutText {#text} at (86,0) size 4x19
          text run at (86,0) width 4: " "
        LayoutInline {SPAN} at (0,0) size 6x19
          LayoutInline {<pseudo:before>} at (0,0) size 6x19
            LayoutCounter (anonymous) at (90,0) size 6x19
              text run at (90,0) width 6: "\x{2022}"
        LayoutText {#text} at (96,0) size 4x19
          text run at (96,0) width 4: " "
        LayoutInline {SPAN} at (0,0) size 6x19
          LayoutInline {<pseudo:before>} at (0,0) size 6x19
            LayoutCounter (anonymous) at (100,0) size 6x19
              text run at (100,0) width 6: "\x{2022}"
        LayoutText {#text} at (106,0) size 4x19
          text run at (106,0) width 4: " "
        LayoutInline {SPAN} at (0,0) size 6x19
          LayoutInline {<pseudo:before>} at (0,0) size 6x19
            LayoutCounter (anonymous) at (110,0) size 6x19
              text run at (110,0) width 6: "\x{2022}"
        LayoutText {#text} at (0,0) size 0x0
      LayoutNGBlockFlow {DIV} at (0,56) size 784x20
        LayoutText {#text} at (0,0) size 116x19
          text run at (0,0) width 116: "\x{2022} \x{2022} \x{2022} \x{2022} \x{2022} \x{2022} \x{2022} \x{2022} \x{2022} \x{2022} \x{2022} \x{2022}"
