layer at (0,0) size 800x600
  LayoutView at (0,0) size 800x600
layer at (0,0) size 800x100
  LayoutNGBlockFlow {HTML} at (0,0) size 800x100
    LayoutNGBlockFlow {BODY} at (8,16) size 784x76
      LayoutNGBlockFlow {P} at (0,0) size 784x20
        LayoutText {#text} at (0,0) size 292x19
          text run at (0,0) width 292: "The following two lines should look the same:"
      LayoutNGBlockFlow {DIV} at (0,36) size 784x20
        LayoutInline {SPAN} at (0,0) size 28x19
          LayoutInline {<pseudo:before>} at (0,0) size 28x19
            LayoutCounter (anonymous) at (0,0) size 28x19
              text run at (0,0) width 28: "A.A"
        LayoutText {#text} at (27,0) size 4x19
          text run at (27,0) width 4: " "
        LayoutInline {SPAN} at (0,0) size 28x19
          LayoutInline {<pseudo:before>} at (0,0) size 28x19
            LayoutCounter (anonymous) at (30,0) size 28x19
              text run at (30,0) width 28: "A.B"
        LayoutText {#text} at (57,0) size 4x19
          text run at (57,0) width 4: " "
        LayoutInline {SPAN} at (0,0) size 28x19
          LayoutInline {<pseudo:before>} at (0,0) size 28x19
            LayoutCounter (anonymous) at (60,0) size 28x19
              text run at (60,0) width 28: "A.C"
        LayoutText {#text} at (87,0) size 4x19
          text run at (87,0) width 4: " "
        LayoutInline {SPAN} at (0,0) size 29x19
          LayoutInline {<pseudo:before>} at (0,0) size 29x19
            LayoutCounter (anonymous) at (90,0) size 29x19
              text run at (90,0) width 29: "A.D"
        LayoutText {#text} at (118,0) size 5x19
          text run at (118,0) width 5: " "
        LayoutInline {SPAN} at (0,0) size 26x19
          LayoutInline {<pseudo:before>} at (0,0) size 26x19
            LayoutCounter (anonymous) at (122,0) size 26x19
              text run at (122,0) width 26: "A.E"
        LayoutText {#text} at (147,0) size 5x19
          text run at (147,0) width 5: " "
        LayoutInline {SPAN} at (0,0) size 25x19
          LayoutInline {<pseudo:before>} at (0,0) size 25x19
            LayoutCounter (anonymous) at (151,0) size 25x19
              text run at (151,0) width 25: "A.F"
        LayoutText {#text} at (175,0) size 5x19
          text run at (175,0) width 5: " "
        LayoutInline {SPAN} at (0,0) size 28x19
          LayoutInline {<pseudo:before>} at (0,0) size 28x19
            LayoutCounter (anonymous) at (179,0) size 28x19
              text run at (179,0) width 28: "A.G"
        LayoutText {#text} at (206,0) size 5x19
          text run at (206,0) width 5: " "
        LayoutInline {SPAN} at (0,0) size 28x19
          LayoutInline {<pseudo:before>} at (0,0) size 28x19
            LayoutCounter (anonymous) at (210,0) size 28x19
              text run at (210,0) width 28: "A.H"
        LayoutText {#text} at (238,0) size 4x19
          text run at (238,0) width 4: " "
        LayoutInline {SPAN} at (0,0) size 22x19
          LayoutInline {<pseudo:before>} at (0,0) size 22x19
            LayoutCounter (anonymous) at (241,0) size 22x19
              text run at (241,0) width 22: "A.I"
        LayoutText {#text} at (262,0) size 4x19
          text run at (262,0) width 4: " "
        LayoutInline {SPAN} at (0,0) size 23x19
          LayoutInline {<pseudo:before>} at (0,0) size 23x19
            LayoutCounter (anonymous) at (265,0) size 23x19
              text run at (265,0) width 23: "A.J"
        LayoutText {#text} at (287,0) size 4x19
          text run at (287,0) width 4: " "
        LayoutInline {SPAN} at (0,0) size 29x19
          LayoutInline {<pseudo:before>} at (0,0) size 29x19
            LayoutCounter (anonymous) at (290,0) size 29x19
              text run at (290,0) width 29: "A.K"
        LayoutText {#text} at (318,0) size 4x19
          text run at (318,0) width 4: " "
        LayoutInline {SPAN} at (0,0) size 27x19
          LayoutInline {<pseudo:before>} at (0,0) size 27x19
            LayoutCounter (anonymous) at (321,0) size 27x19
              text run at (321,0) width 27: "A.L"
        LayoutText {#text} at (0,0) size 0x0
      LayoutNGBlockFlow {DIV} at (0,56) size 784x20
        LayoutText {#text} at (0,0) size 348x19
          text run at (0,0) width 348: "A.A A.B A.C A.D A.E A.F A.G A.H A.I A.J A.K A.L"
