layer at (0,0) size 800x600
  LayoutView at (0,0) size 800x600
layer at (0,0) size 800x220
  LayoutNGBlockFlow {HTML} at (0,0) size 800x220
    LayoutNGBlockFlow {BODY} at (8,16) size 784x196
      LayoutNGBlockFlow {P} at (0,0) size 784x20 [color=#000080]
        LayoutText {#text} at (0,0) size 756x19
          text run at (0,0) width 756: "There should be eight numbered lines below, all identical except for the numbering, which should match the description."
      LayoutNGListItem {DIV} at (0,36) size 784x20 [color=#000080]
        LayoutInline (anonymous) at (0,0) size 16x19
          LayoutText (anonymous) at (0,0) size 16x19
            text run at (0,0) width 16: "1. "
        LayoutText {#text} at (16,0) size 151x19
          text run at (16,0) width 151: "This should be line one."
      LayoutNGBlockFlow {DIV} at (0,56) size 784x20 [color=#000080]
        LayoutText {#text} at (0,0) size 168x19
          text run at (0,0) width 168: "2. This should be line two."
      LayoutNGBlockFlow (anonymous) at (0,76) size 784x20
        LayoutInline {DIV} at (0,0) size 94x19 [color=#000080]
          LayoutText {#text} at (0,0) size 94x19
            text run at (0,0) width 94: "3. This should "
        LayoutText {#text} at (0,0) size 0x0
        LayoutInline {DIV} at (0,0) size 81x19 [color=#000080]
          LayoutText {#text} at (94,0) size 81x19
            text run at (94,0) width 81: "be line three."
        LayoutText {#text} at (0,0) size 0x0
      LayoutNGBlockFlow {DIV} at (0,96) size 784x20 [color=#000080]
        LayoutText {#text} at (0,0) size 169x19
          text run at (0,0) width 169: "4. This should be line four."
      LayoutNGBlockFlow {DIV} at (0,116) size 784x20 [color=#000080]
        LayoutText {#text} at (0,0) size 168x19
          text run at (0,0) width 168: "5. This should be line five."
      LayoutNGBlockFlow {DIV} at (0,136) size 784x60 [color=#000080]
        LayoutNGBlockFlow (anonymous) at (0,0) size 784x20
          LayoutText {#text} at (0,0) size 162x19
            text run at (0,0) width 162: "6. This should be line six."
        LayoutNGBlockFlow {A} at (0,20) size 784x20
          LayoutText {#text} at (0,0) size 180x19
            text run at (0,0) width 180: "7. This should be line seven."
        LayoutNGBlockFlow (anonymous) at (0,40) size 784x20
          LayoutText {#text} at (0,0) size 175x19
            text run at (0,0) width 175: "8. This should be line eight."
