layer at (0,0) size 800x600
  LayoutView at (0,0) size 800x600
layer at (0,0) size 800x100
  LayoutNGBlockFlow {HTML} at (0,0) size 800x100
    LayoutNGBlockFlow {BODY} at (8,16) size 784x76
      LayoutNGBlockFlow {P} at (0,0) size 784x20
        LayoutText {#text} at (0,0) size 292x19
          text run at (0,0) width 292: "The following two lines should look the same:"
      LayoutNGBlockFlow {DIV} at (0,36) size 784x20
        LayoutInline {SPAN} at (0,0) size 33x19
          LayoutInline {<pseudo:before>} at (0,0) size 33x19
            LayoutCounter (anonymous) at (0,0) size 20x19
              text run at (0,0) width 20: "1.1"
            LayoutTextFragment (anonymous) at (20,0) size 13x19
              text run at (20,0) width 13: " - "
        LayoutInline {SPAN} at (0,0) size 29x19
          LayoutInline {<pseudo:before>} at (0,0) size 29x19
            LayoutCounter (anonymous) at (33,0) size 16x19
              text run at (33,0) width 16: "12"
            LayoutTextFragment (anonymous) at (49,0) size 13x19
              text run at (49,0) width 13: " - "
        LayoutInline {SPAN} at (0,0) size 95x19
          LayoutInline {<pseudo:before>} at (0,0) size 95x19
            LayoutCounter (anonymous) at (62,0) size 20x19
              text run at (62,0) width 20: "1.3"
            LayoutTextFragment (anonymous) at (82,0) size 24x19
              text run at (82,0) width 24: "-- --"
            LayoutCounter (anonymous) at (106,0) size 51x19
              text run at (106,0) width 51: "1-------3"
      LayoutNGBlockFlow {DIV} at (0,56) size 784x20
        LayoutText {#text} at (0,0) size 157x19
          text run at (0,0) width 157: "1.1 - 12 - 1.3-- --1-------3"
