layer at (0,0) size 800x600
  LayoutView at (0,0) size 800x600
layer at (0,0) size 800x210
  LayoutNGBlockFlow {HTML} at (0,0) size 800x210
    LayoutNGBlockFlow {BODY} at (8,16) size 784x178 [color=#000080]
      LayoutNGBlockFlow {P} at (0,0) size 784x20
        LayoutText {#text} at (0,0) size 234x19
          text run at (0,0) width 234: "Each bullet should look as described."
      LayoutNGBlockFlow {UL} at (0,36) size 784x66
        LayoutNGListItem {LI} at (40,0) size 744x22
          LayoutNGListMarker (anonymous) at (-24,0) size 17x22
            LayoutImage (anonymous) at (0,0) size 17x17
          LayoutText {#text} at (0,2) size 85x19
            text run at (0,2) width 85: "purple square"
        LayoutNGListItem {LI} at (40,22) size 744x22
          LayoutNGListMarker (anonymous) at (-24,0) size 17x22
            LayoutImage (anonymous) at (0,0) size 17x17
          LayoutText {#text} at (0,2) size 85x19
            text run at (0,2) width 85: "purple square"
        LayoutNGListItem {LI} at (40,44) size 744x22
          LayoutNGListMarker (anonymous) at (-24,0) size 17x22
            LayoutImage (anonymous) at (0,0) size 17x17
          LayoutText {#text} at (0,2) size 85x19
            text run at (0,2) width 85: "purple square"
      LayoutNGBlockFlow {UL} at (0,118) size 784x60
        LayoutNGListItem {LI} at (40,0) size 744x20
          LayoutNGListMarker (anonymous) at (-18,0) size 10x20
            LayoutText (anonymous) at (0,0) size 10x19
              text run at (0,0) width 10: "\x{2022} "
          LayoutText {#text} at (0,0) size 25x19
            text run at (0,0) width 25: "disc"
        LayoutNGListItem {LI} at (40,20) size 744x20
          LayoutNGListMarker (anonymous) at (-18,0) size 10x20
            LayoutText (anonymous) at (0,0) size 10x19
              text run at (0,0) width 10: "\x{2022} "
          LayoutText {#text} at (0,0) size 25x19
            text run at (0,0) width 25: "disc"
        LayoutNGListItem {LI} at (40,40) size 744x20
          LayoutNGListMarker (anonymous) at (-18,0) size 10x20
            LayoutText (anonymous) at (0,0) size 10x19
              text run at (0,0) width 10: "\x{2022} "
          LayoutText {#text} at (0,0) size 25x19
            text run at (0,0) width 25: "disc"
