layer at (0,0) size 800x600
  LayoutView at (0,0) size 800x600
layer at (0,0) size 800x100
  LayoutNGBlockFlow {HTML} at (0,0) size 800x100
    LayoutNGBlockFlow {BODY} at (8,16) size 784x76
      LayoutNGBlockFlow {P} at (0,0) size 784x20
        LayoutText {#text} at (0,0) size 292x19
          text run at (0,0) width 292: "The following two lines should look the same:"
      LayoutNGBlockFlow {DIV} at (0,36) size 784x20
        LayoutInline {SPAN} at (0,0) size 7x19
          LayoutInline {<pseudo:before>} at (0,0) size 7x19
            LayoutCounter (anonymous) at (0,0) size 7x19
              text run at (0,0) width 7: "a"
        LayoutText {#text} at (7,0) size 4x19
          text run at (7,0) width 4: " "
        LayoutInline {SPAN} at (0,0) size 8x19
          LayoutInline {<pseudo:before>} at (0,0) size 8x19
            LayoutCounter (anonymous) at (11,0) size 8x19
              text run at (11,0) width 8: "b"
        LayoutText {#text} at (19,0) size 4x19
          text run at (19,0) width 4: " "
        LayoutInline {SPAN} at (0,0) size 7x19
          LayoutInline {<pseudo:before>} at (0,0) size 7x19
            LayoutCounter (anonymous) at (23,0) size 7x19
              text run at (23,0) width 7: "c"
        LayoutText {#text} at (30,0) size 4x19
          text run at (30,0) width 4: " "
        LayoutInline {SPAN} at (0,0) size 8x19
          LayoutInline {<pseudo:before>} at (0,0) size 8x19
            LayoutCounter (anonymous) at (34,0) size 8x19
              text run at (34,0) width 8: "d"
        LayoutText {#text} at (42,0) size 4x19
          text run at (42,0) width 4: " "
        LayoutInline {SPAN} at (0,0) size 7x19
          LayoutInline {<pseudo:before>} at (0,0) size 7x19
            LayoutCounter (anonymous) at (46,0) size 7x19
              text run at (46,0) width 7: "e"
        LayoutText {#text} at (53,0) size 4x19
          text run at (53,0) width 4: " "
        LayoutInline {SPAN} at (0,0) size 5x19
          LayoutInline {<pseudo:before>} at (0,0) size 5x19
            LayoutCounter (anonymous) at (57,0) size 5x19
              text run at (57,0) width 5: "f"
        LayoutText {#text} at (62,0) size 4x19
          text run at (62,0) width 4: " "
        LayoutInline {SPAN} at (0,0) size 8x19
          LayoutInline {<pseudo:before>} at (0,0) size 8x19
            LayoutCounter (anonymous) at (66,0) size 8x19
              text run at (66,0) width 8: "g"
        LayoutText {#text} at (74,0) size 4x19
          text run at (74,0) width 4: " "
        LayoutInline {SPAN} at (0,0) size 8x19
          LayoutInline {<pseudo:before>} at (0,0) size 8x19
            LayoutCounter (anonymous) at (78,0) size 8x19
              text run at (78,0) width 8: "h"
        LayoutText {#text} at (86,0) size 4x19
          text run at (86,0) width 4: " "
        LayoutInline {SPAN} at (0,0) size 4x19
          LayoutInline {<pseudo:before>} at (0,0) size 4x19
            LayoutCounter (anonymous) at (90,0) size 4x19
              text run at (90,0) width 4: "i"
        LayoutText {#text} at (94,0) size 4x19
          text run at (94,0) width 4: " "
        LayoutInline {SPAN} at (0,0) size 4x19
          LayoutInline {<pseudo:before>} at (0,0) size 4x19
            LayoutCounter (anonymous) at (98,0) size 4x19
              text run at (98,0) width 4: "j"
        LayoutText {#text} at (102,0) size 4x19
          text run at (102,0) width 4: " "
        LayoutInline {SPAN} at (0,0) size 8x19
          LayoutInline {<pseudo:before>} at (0,0) size 8x19
            LayoutCounter (anonymous) at (106,0) size 8x19
              text run at (106,0) width 8: "k"
        LayoutText {#text} at (114,0) size 4x19
          text run at (114,0) width 4: " "
        LayoutInline {SPAN} at (0,0) size 4x19
          LayoutInline {<pseudo:before>} at (0,0) size 4x19
            LayoutCounter (anonymous) at (118,0) size 4x19
              text run at (118,0) width 4: "l"
        LayoutText {#text} at (0,0) size 0x0
      LayoutNGBlockFlow {DIV} at (0,56) size 784x20
        LayoutText {#text} at (0,0) size 122x19
          text run at (0,0) width 122: "a b c d e f g h i j k l"
