layer at (0,0) size 800x600
  LayoutView at (0,0) size 800x600
layer at (0,0) size 800x100
  LayoutNGBlockFlow {HTML} at (0,0) size 800x100
    LayoutNGBlockFlow {BODY} at (8,16) size 784x76
      LayoutNGBlockFlow {P} at (0,0) size 784x20
        LayoutText {#text} at (0,0) size 292x19
          text run at (0,0) width 292: "The following two lines should look the same:"
      LayoutNGBlockFlow {DIV} at (0,36) size 784x20
        LayoutInline {SPAN} at (0,0) size 18x19
          LayoutInline {<pseudo:before>} at (0,0) size 18x19
            LayoutCounter (anonymous) at (0,0) size 18x19
              text run at (0,0) width 18: "a.a"
        LayoutText {#text} at (18,0) size 4x19
          text run at (18,0) width 4: " "
        LayoutInline {SPAN} at (0,0) size 19x19
          LayoutInline {<pseudo:before>} at (0,0) size 19x19
            LayoutCounter (anonymous) at (22,0) size 19x19
              text run at (22,0) width 19: "a.b"
        LayoutText {#text} at (41,0) size 4x19
          text run at (41,0) width 4: " "
        LayoutInline {SPAN} at (0,0) size 18x19
          LayoutInline {<pseudo:before>} at (0,0) size 18x19
            LayoutCounter (anonymous) at (45,0) size 18x19
              text run at (45,0) width 18: "a.c"
        LayoutText {#text} at (63,0) size 4x19
          text run at (63,0) width 4: " "
        LayoutInline {SPAN} at (0,0) size 19x19
          LayoutInline {<pseudo:before>} at (0,0) size 19x19
            LayoutCounter (anonymous) at (67,0) size 19x19
              text run at (67,0) width 19: "a.d"
        LayoutText {#text} at (86,0) size 4x19
          text run at (86,0) width 4: " "
        LayoutInline {SPAN} at (0,0) size 18x19
          LayoutInline {<pseudo:before>} at (0,0) size 18x19
            LayoutCounter (anonymous) at (90,0) size 18x19
              text run at (90,0) width 18: "a.e"
        LayoutText {#text} at (108,0) size 4x19
          text run at (108,0) width 4: " "
        LayoutInline {SPAN} at (0,0) size 16x19
          LayoutInline {<pseudo:before>} at (0,0) size 16x19
            LayoutCounter (anonymous) at (112,0) size 16x19
              text run at (112,0) width 16: "a.f"
        LayoutText {#text} at (128,0) size 4x19
          text run at (128,0) width 4: " "
        LayoutInline {SPAN} at (0,0) size 19x19
          LayoutInline {<pseudo:before>} at (0,0) size 19x19
            LayoutCounter (anonymous) at (132,0) size 19x19
              text run at (132,0) width 19: "a.g"
        LayoutText {#text} at (151,0) size 4x19
          text run at (151,0) width 4: " "
        LayoutInline {SPAN} at (0,0) size 19x19
          LayoutInline {<pseudo:before>} at (0,0) size 19x19
            LayoutCounter (anonymous) at (155,0) size 19x19
              text run at (155,0) width 19: "a.h"
        LayoutText {#text} at (174,0) size 4x19
          text run at (174,0) width 4: " "
        LayoutInline {SPAN} at (0,0) size 15x19
          LayoutInline {<pseudo:before>} at (0,0) size 15x19
            LayoutCounter (anonymous) at (178,0) size 15x19
              text run at (178,0) width 15: "a.i"
        LayoutText {#text} at (193,0) size 4x19
          text run at (193,0) width 4: " "
        LayoutInline {SPAN} at (0,0) size 15x19
          LayoutInline {<pseudo:before>} at (0,0) size 15x19
            LayoutCounter (anonymous) at (197,0) size 15x19
              text run at (197,0) width 15: "a.j"
        LayoutText {#text} at (212,0) size 4x19
          text run at (212,0) width 4: " "
        LayoutInline {SPAN} at (0,0) size 19x19
          LayoutInline {<pseudo:before>} at (0,0) size 19x19
            LayoutCounter (anonymous) at (216,0) size 19x19
              text run at (216,0) width 19: "a.k"
        LayoutText {#text} at (235,0) size 4x19
          text run at (235,0) width 4: " "
        LayoutInline {SPAN} at (0,0) size 15x19
          LayoutInline {<pseudo:before>} at (0,0) size 15x19
            LayoutCounter (anonymous) at (239,0) size 15x19
              text run at (239,0) width 15: "a.l"
        LayoutText {#text} at (0,0) size 0x0
      LayoutNGBlockFlow {DIV} at (0,56) size 784x20
        LayoutText {#text} at (0,0) size 254x19
          text run at (0,0) width 254: "a.a a.b a.c a.d a.e a.f a.g a.h a.i a.j a.k a.l"
