layer at (0,0) size 800x600
  LayoutView at (0,0) size 800x600
layer at (0,0) size 800x432
  LayoutNGBlockFlow {HTML} at (0,0) size 800x432
    LayoutNGBlockFlow {BODY} at (8,16) size 784x400 [color=#000080]
      LayoutNGBlockFlow {P} at (0,0) size 784x20
        LayoutText {#text} at (0,0) size 388x19
          text run at (0,0) width 388: "The two columns should look the same, except for alignment."
      LayoutNGBlockFlow {OL} at (0,36) size 784x60
        LayoutNGListItem {LI} at (40,0) size 744x20
          LayoutNGListMarker (anonymous) at (-12,0) size 12x20
            LayoutText (anonymous) at (0,0) size 12x19
              text run at (0,0) width 12: "i. "
          LayoutText {#text} at (0,0) size 8x19
            text run at (0,0) width 8: "i."
        LayoutNGListItem {LI} at (40,20) size 744x20
          LayoutNGListMarker (anonymous) at (-16,0) size 16x20
            LayoutText (anonymous) at (0,0) size 16x19
              text run at (0,0) width 16: "ii. "
          LayoutText {#text} at (0,0) size 12x19
            text run at (0,0) width 12: "ii."
        LayoutNGListItem {LI} at (40,40) size 744x20
          LayoutNGListMarker (anonymous) at (-20,0) size 20x20
            LayoutText (anonymous) at (0,0) size 20x19
              text run at (0,0) width 20: "iii. "
          LayoutText {#text} at (0,0) size 16x19
            text run at (0,0) width 16: "iii."
      LayoutNGBlockFlow {OL} at (0,112) size 784x60
        LayoutNGListItem {LI} at (40,0) size 744x20
          LayoutNGListMarker (anonymous) at (-13,0) size 13x20
            LayoutText (anonymous) at (0,0) size 13x19
              text run at (0,0) width 13: "I. "
          LayoutText {#text} at (0,0) size 9x19
            text run at (0,0) width 9: "I."
        LayoutNGListItem {LI} at (40,20) size 744x20
          LayoutNGListMarker (anonymous) at (-18,0) size 18x20
            LayoutText (anonymous) at (0,0) size 18x19
              text run at (0,0) width 18: "II. "
          LayoutText {#text} at (0,0) size 14x19
            text run at (0,0) width 14: "II."
        LayoutNGListItem {LI} at (40,40) size 744x20
          LayoutNGListMarker (anonymous) at (-23,0) size 23x20
            LayoutText (anonymous) at (0,0) size 23x19
              text run at (0,0) width 23: "III. "
          LayoutText {#text} at (0,0) size 19x19
            text run at (0,0) width 19: "III."
      LayoutNGBlockFlow {OL} at (0,188) size 784x60
        LayoutNGListItem {LI} at (40,0) size 744x20
          LayoutNGListMarker (anonymous) at (-15,0) size 15x20
            LayoutText (anonymous) at (0,0) size 15x19
              text run at (0,0) width 15: "a. "
          LayoutText {#text} at (0,0) size 11x19
            text run at (0,0) width 11: "a."
        LayoutNGListItem {LI} at (40,20) size 744x20
          LayoutNGListMarker (anonymous) at (-16,0) size 16x20
            LayoutText (anonymous) at (0,0) size 16x19
              text run at (0,0) width 16: "b. "
          LayoutText {#text} at (0,0) size 12x19
            text run at (0,0) width 12: "b."
        LayoutNGListItem {LI} at (40,40) size 744x20
          LayoutNGListMarker (anonymous) at (-15,0) size 15x20
            LayoutText (anonymous) at (0,0) size 15x19
              text run at (0,0) width 15: "c. "
          LayoutText {#text} at (0,0) size 11x19
            text run at (0,0) width 11: "c."
      LayoutNGBlockFlow {OL} at (0,264) size 784x60
        LayoutNGListItem {LI} at (40,0) size 744x20
          LayoutNGListMarker (anonymous) at (-20,0) size 20x20
            LayoutText (anonymous) at (0,0) size 20x19
              text run at (0,0) width 20: "A. "
          LayoutText {#text} at (0,0) size 16x19
            text run at (0,0) width 16: "A."
        LayoutNGListItem {LI} at (40,20) size 744x20
          LayoutNGListMarker (anonymous) at (-19,0) size 19x20
            LayoutText (anonymous) at (0,0) size 19x19
              text run at (0,0) width 19: "B. "
          LayoutText {#text} at (0,0) size 15x19
            text run at (0,0) width 15: "B."
        LayoutNGListItem {LI} at (40,40) size 744x20
          LayoutNGListMarker (anonymous) at (-19,0) size 19x20
            LayoutText (anonymous) at (0,0) size 19x19
              text run at (0,0) width 19: "C. "
          LayoutText {#text} at (0,0) size 15x19
            text run at (0,0) width 15: "C."
      LayoutNGBlockFlow {OL} at (0,340) size 784x60
        LayoutNGListItem {LI} at (40,0) size 744x20
          LayoutNGListMarker (anonymous) at (-20,0) size 20x20
            LayoutText (anonymous) at (0,0) size 20x19
              text run at (0,0) width 20: "A. "
          LayoutText {#text} at (0,0) size 16x19
            text run at (0,0) width 16: "A."
        LayoutNGListItem {LI} at (40,20) size 744x20
          LayoutNGListMarker (anonymous) at (-19,0) size 19x20
            LayoutText (anonymous) at (0,0) size 19x19
              text run at (0,0) width 19: "B. "
          LayoutText {#text} at (0,0) size 15x19
            text run at (0,0) width 15: "B."
        LayoutNGListItem {LI} at (40,40) size 744x20
          LayoutNGListMarker (anonymous) at (-16,0) size 16x20
            LayoutText (anonymous) at (0,0) size 16x19
              text run at (0,0) width 16: "3. "
          LayoutText {#text} at (0,0) size 12x19
            text run at (0,0) width 12: "3."
