layer at (0,0) size 800x600
  LayoutView at (0,0) size 800x600
layer at (0,0) size 800x100
  LayoutNGBlockFlow {HTML} at (0,0) size 800x100
    LayoutNGBlockFlow {BODY} at (8,16) size 784x76
      LayoutNGBlockFlow {P} at (0,0) size 784x20
        LayoutText {#text} at (0,0) size 292x19
          text run at (0,0) width 292: "The following two lines should look the same:"
      LayoutNGBlockFlow {DIV} at (0,36) size 784x20
        LayoutInline {SPAN} at (0,0) size 12x19
          LayoutInline {<pseudo:before>} at (0,0) size 12x19
            LayoutCounter (anonymous) at (0,0) size 12x19
              text run at (0,0) width 12: "A"
        LayoutText {#text} at (11,0) size 5x19
          text run at (11,0) width 5: " "
        LayoutInline {SPAN} at (0,0) size 12x19
          LayoutInline {<pseudo:before>} at (0,0) size 12x19
            LayoutCounter (anonymous) at (15,0) size 12x19
              text run at (15,0) width 12: "B"
        LayoutText {#text} at (26,0) size 5x19
          text run at (26,0) width 5: " "
        LayoutInline {SPAN} at (0,0) size 12x19
          LayoutInline {<pseudo:before>} at (0,0) size 12x19
            LayoutCounter (anonymous) at (30,0) size 12x19
              text run at (30,0) width 12: "C"
        LayoutText {#text} at (41,0) size 5x19
          text run at (41,0) width 5: " "
        LayoutInline {SPAN} at (0,0) size 13x19
          LayoutInline {<pseudo:before>} at (0,0) size 13x19
            LayoutCounter (anonymous) at (45,0) size 13x19
              text run at (45,0) width 13: "D"
        LayoutText {#text} at (57,0) size 5x19
          text run at (57,0) width 5: " "
        LayoutInline {SPAN} at (0,0) size 11x19
          LayoutInline {<pseudo:before>} at (0,0) size 11x19
            LayoutCounter (anonymous) at (61,0) size 11x19
              text run at (61,0) width 11: "E"
        LayoutText {#text} at (71,0) size 5x19
          text run at (71,0) width 5: " "
        LayoutInline {SPAN} at (0,0) size 10x19
          LayoutInline {<pseudo:before>} at (0,0) size 10x19
            LayoutCounter (anonymous) at (75,0) size 10x19
              text run at (75,0) width 10: "F"
        LayoutText {#text} at (84,0) size 5x19
          text run at (84,0) width 5: " "
        LayoutInline {SPAN} at (0,0) size 13x19
          LayoutInline {<pseudo:before>} at (0,0) size 13x19
            LayoutCounter (anonymous) at (88,0) size 13x19
              text run at (88,0) width 13: "G"
        LayoutText {#text} at (100,0) size 5x19
          text run at (100,0) width 5: " "
        LayoutInline {SPAN} at (0,0) size 13x19
          LayoutInline {<pseudo:before>} at (0,0) size 13x19
            LayoutCounter (anonymous) at (104,0) size 13x19
              text run at (104,0) width 13: "H"
        LayoutText {#text} at (116,0) size 5x19
          text run at (116,0) width 5: " "
        LayoutInline {SPAN} at (0,0) size 6x19
          LayoutInline {<pseudo:before>} at (0,0) size 6x19
            LayoutCounter (anonymous) at (120,0) size 6x19
              text run at (120,0) width 6: "I"
        LayoutText {#text} at (125,0) size 5x19
          text run at (125,0) width 5: " "
        LayoutInline {SPAN} at (0,0) size 7x19
          LayoutInline {<pseudo:before>} at (0,0) size 7x19
            LayoutCounter (anonymous) at (129,0) size 7x19
              text run at (129,0) width 7: "J"
        LayoutText {#text} at (135,0) size 5x19
          text run at (135,0) width 5: " "
        LayoutInline {SPAN} at (0,0) size 13x19
          LayoutInline {<pseudo:before>} at (0,0) size 13x19
            LayoutCounter (anonymous) at (139,0) size 13x19
              text run at (139,0) width 13: "K"
        LayoutText {#text} at (151,0) size 5x19
          text run at (151,0) width 5: " "
        LayoutInline {SPAN} at (0,0) size 11x19
          LayoutInline {<pseudo:before>} at (0,0) size 11x19
            LayoutCounter (anonymous) at (155,0) size 11x19
              text run at (155,0) width 11: "L"
        LayoutText {#text} at (0,0) size 0x0
      LayoutNGBlockFlow {DIV} at (0,56) size 784x20
        LayoutText {#text} at (0,0) size 166x19
          text run at (0,0) width 166: "A B C D E F G H I J K L"
