layer at (0,0) size 800x600
  LayoutView at (0,0) size 800x600
layer at (0,0) size 800x100
  LayoutNGBlockFlow {HTML} at (0,0) size 800x100
    LayoutNGBlockFlow {BODY} at (8,16) size 784x76
      LayoutNGBlockFlow {P} at (0,0) size 784x20
        LayoutText {#text} at (0,0) size 292x19
          text run at (0,0) width 292: "The following two lines should look the same:"
      LayoutNGBlockFlow {DIV} at (0,36) size 784x20
        LayoutInline {SPAN} at (0,0) size 36x19
          LayoutInline {<pseudo:before>} at (0,0) size 36x19
            LayoutCounter (anonymous) at (0,0) size 36x19
              text run at (0,0) width 36: "01.01"
        LayoutText {#text} at (36,0) size 4x19
          text run at (36,0) width 4: " "
        LayoutInline {SPAN} at (0,0) size 36x19
          LayoutInline {<pseudo:before>} at (0,0) size 36x19
            LayoutCounter (anonymous) at (40,0) size 36x19
              text run at (40,0) width 36: "01.02"
        LayoutText {#text} at (76,0) size 4x19
          text run at (76,0) width 4: " "
        LayoutInline {SPAN} at (0,0) size 36x19
          LayoutInline {<pseudo:before>} at (0,0) size 36x19
            LayoutCounter (anonymous) at (80,0) size 36x19
              text run at (80,0) width 36: "01.03"
        LayoutText {#text} at (116,0) size 4x19
          text run at (116,0) width 4: " "
        LayoutInline {SPAN} at (0,0) size 36x19
          LayoutInline {<pseudo:before>} at (0,0) size 36x19
            LayoutCounter (anonymous) at (120,0) size 36x19
              text run at (120,0) width 36: "01.04"
        LayoutText {#text} at (156,0) size 4x19
          text run at (156,0) width 4: " "
        LayoutInline {SPAN} at (0,0) size 36x19
          LayoutInline {<pseudo:before>} at (0,0) size 36x19
            LayoutCounter (anonymous) at (160,0) size 36x19
              text run at (160,0) width 36: "01.05"
        LayoutText {#text} at (196,0) size 4x19
          text run at (196,0) width 4: " "
        LayoutInline {SPAN} at (0,0) size 36x19
          LayoutInline {<pseudo:before>} at (0,0) size 36x19
            LayoutCounter (anonymous) at (200,0) size 36x19
              text run at (200,0) width 36: "01.06"
        LayoutText {#text} at (236,0) size 4x19
          text run at (236,0) width 4: " "
        LayoutInline {SPAN} at (0,0) size 36x19
          LayoutInline {<pseudo:before>} at (0,0) size 36x19
            LayoutCounter (anonymous) at (240,0) size 36x19
              text run at (240,0) width 36: "01.07"
        LayoutText {#text} at (276,0) size 4x19
          text run at (276,0) width 4: " "
        LayoutInline {SPAN} at (0,0) size 36x19
          LayoutInline {<pseudo:before>} at (0,0) size 36x19
            LayoutCounter (anonymous) at (280,0) size 36x19
              text run at (280,0) width 36: "01.08"
        LayoutText {#text} at (316,0) size 4x19
          text run at (316,0) width 4: " "
        LayoutInline {SPAN} at (0,0) size 36x19
          LayoutInline {<pseudo:before>} at (0,0) size 36x19
            LayoutCounter (anonymous) at (320,0) size 36x19
              text run at (320,0) width 36: "01.09"
        LayoutText {#text} at (356,0) size 4x19
          text run at (356,0) width 4: " "
        LayoutInline {SPAN} at (0,0) size 36x19
          LayoutInline {<pseudo:before>} at (0,0) size 36x19
            LayoutCounter (anonymous) at (360,0) size 36x19
              text run at (360,0) width 36: "01.10"
        LayoutText {#text} at (396,0) size 4x19
          text run at (396,0) width 4: " "
        LayoutInline {SPAN} at (0,0) size 35x19
          LayoutInline {<pseudo:before>} at (0,0) size 35x19
            LayoutCounter (anonymous) at (400,0) size 35x19
              text run at (400,0) width 35: "01.11"
        LayoutText {#text} at (435,0) size 4x19
          text run at (435,0) width 4: " "
        LayoutInline {SPAN} at (0,0) size 36x19
          LayoutInline {<pseudo:before>} at (0,0) size 36x19
            LayoutCounter (anonymous) at (439,0) size 36x19
              text run at (439,0) width 36: "01.12"
        LayoutText {#text} at (475,0) size 4x19
          text run at (475,0) width 4: " "
        LayoutInline {SPAN} at (0,0) size 36x19
          LayoutInline {<pseudo:before>} at (0,0) size 36x19
            LayoutCounter (anonymous) at (479,0) size 36x19
              text run at (479,0) width 36: "01.99"
        LayoutText {#text} at (515,0) size 4x19
          text run at (515,0) width 4: " "
        LayoutInline {SPAN} at (0,0) size 44x19
          LayoutInline {<pseudo:before>} at (0,0) size 44x19
            LayoutCounter (anonymous) at (519,0) size 44x19
              text run at (519,0) width 44: "01.100"
        LayoutText {#text} at (563,0) size 4x19
          text run at (563,0) width 4: " "
        LayoutInline {SPAN} at (0,0) size 44x19
          LayoutInline {<pseudo:before>} at (0,0) size 44x19
            LayoutCounter (anonymous) at (567,0) size 44x19
              text run at (567,0) width 44: "01.101"
        LayoutText {#text} at (0,0) size 0x0
      LayoutNGBlockFlow {DIV} at (0,56) size 784x20
        LayoutText {#text} at (0,0) size 611x19
          text run at (0,0) width 611: "01.01 01.02 01.03 01.04 01.05 01.06 01.07 01.08 01.09 01.10 01.11 01.12 01.99 01.100 01.101"
