layer at (0,0) size 800x600 scrollWidth 953
  LayoutView at (0,0) size 800x600
layer at (0,0) size 800x100
  LayoutNGBlockFlow {HTML} at (0,0) size 800x100
    LayoutNGBlockFlow {BODY} at (8,16) size 784x76
      LayoutNGBlockFlow {P} at (0,0) size 784x20
        LayoutText {#text} at (0,0) size 292x19
          text run at (0,0) width 292: "The following two lines should look the same:"
      LayoutNGBlockFlow {DIV} at (0,36) size 784x20
        LayoutInline {SPAN} at (0,0) size 14x19
          LayoutInline {<pseudo:before>} at (0,0) size 14x19
            LayoutCounter (anonymous) at (0,0) size 14x19
              text run at (0,0) width 14: "I.I"
        LayoutText {#text} at (14,0) size 4x19
          text run at (14,0) width 4: " "
        LayoutInline {SPAN} at (0,0) size 19x19
          LayoutInline {<pseudo:before>} at (0,0) size 19x19
            LayoutCounter (anonymous) at (18,0) size 19x19
              text run at (18,0) width 19: "I.II"
        LayoutText {#text} at (37,0) size 4x19
          text run at (37,0) width 4: " "
        LayoutInline {SPAN} at (0,0) size 24x19
          LayoutInline {<pseudo:before>} at (0,0) size 24x19
            LayoutCounter (anonymous) at (41,0) size 24x19
              text run at (41,0) width 24: "I.III"
        LayoutText {#text} at (65,0) size 4x19
          text run at (65,0) width 4: " "
        LayoutInline {SPAN} at (0,0) size 26x19
          LayoutInline {<pseudo:before>} at (0,0) size 26x19
            LayoutCounter (anonymous) at (69,0) size 26x19
              text run at (69,0) width 26: "I.IV"
        LayoutText {#text} at (95,0) size 4x19
          text run at (95,0) width 4: " "
        LayoutInline {SPAN} at (0,0) size 21x19
          LayoutInline {<pseudo:before>} at (0,0) size 21x19
            LayoutCounter (anonymous) at (99,0) size 21x19
              text run at (99,0) width 21: "I.V"
        LayoutText {#text} at (120,0) size 4x19
          text run at (120,0) width 4: " "
        LayoutInline {SPAN} at (0,0) size 26x19
          LayoutInline {<pseudo:before>} at (0,0) size 26x19
            LayoutCounter (anonymous) at (124,0) size 26x19
              text run at (124,0) width 26: "I.VI"
        LayoutText {#text} at (150,0) size 4x19
          text run at (150,0) width 4: " "
        LayoutInline {SPAN} at (0,0) size 31x19
          LayoutInline {<pseudo:before>} at (0,0) size 31x19
            LayoutCounter (anonymous) at (154,0) size 31x19
              text run at (154,0) width 31: "I.VII"
        LayoutText {#text} at (185,0) size 4x19
          text run at (185,0) width 4: " "
        LayoutInline {SPAN} at (0,0) size 36x19
          LayoutInline {<pseudo:before>} at (0,0) size 36x19
            LayoutCounter (anonymous) at (189,0) size 36x19
              text run at (189,0) width 36: "I.VIII"
        LayoutText {#text} at (225,0) size 4x19
          text run at (225,0) width 4: " "
        LayoutInline {SPAN} at (0,0) size 26x19
          LayoutInline {<pseudo:before>} at (0,0) size 26x19
            LayoutCounter (anonymous) at (229,0) size 26x19
              text run at (229,0) width 26: "I.IX"
        LayoutText {#text} at (255,0) size 4x19
          text run at (255,0) width 4: " "
        LayoutInline {SPAN} at (0,0) size 21x19
          LayoutInline {<pseudo:before>} at (0,0) size 21x19
            LayoutCounter (anonymous) at (259,0) size 21x19
              text run at (259,0) width 21: "I.X"
        LayoutText {#text} at (280,0) size 4x19
          text run at (280,0) width 4: " "
        LayoutInline {SPAN} at (0,0) size 26x19
          LayoutInline {<pseudo:before>} at (0,0) size 26x19
            LayoutCounter (anonymous) at (284,0) size 26x19
              text run at (284,0) width 26: "I.XI"
        LayoutText {#text} at (310,0) size 4x19
          text run at (310,0) width 4: " "
        LayoutInline {SPAN} at (0,0) size 31x19
          LayoutInline {<pseudo:before>} at (0,0) size 31x19
            LayoutCounter (anonymous) at (314,0) size 31x19
              text run at (314,0) width 31: "I.XII"
        LayoutText {#text} at (345,0) size 4x19
          text run at (345,0) width 4: " "
        LayoutInline {SPAN} at (0,0) size 48x19
          LayoutInline {<pseudo:before>} at (0,0) size 48x19
            LayoutCounter (anonymous) at (349,0) size 48x19
              text run at (349,0) width 48: "I.XLIX"
        LayoutText {#text} at (397,0) size 4x19
          text run at (397,0) width 4: " "
        LayoutInline {SPAN} at (0,0) size 18x19
          LayoutInline {<pseudo:before>} at (0,0) size 18x19
            LayoutCounter (anonymous) at (401,0) size 18x19
              text run at (401,0) width 18: "I.L"
        LayoutText {#text} at (419,0) size 4x19
          text run at (419,0) width 4: " "
        LayoutInline {SPAN} at (0,0) size 105x19
          LayoutInline {<pseudo:before>} at (0,0) size 105x19
            LayoutCounter (anonymous) at (423,0) size 105x19
              text run at (423,0) width 105: "I.CCCLXXXIX"
        LayoutText {#text} at (528,0) size 4x19
          text run at (528,0) width 4: " "
        LayoutInline {SPAN} at (0,0) size 65x19
          LayoutInline {<pseudo:before>} at (0,0) size 65x19
            LayoutCounter (anonymous) at (532,0) size 65x19
              text run at (532,0) width 65: "I.CCCXC"
        LayoutText {#text} at (597,0) size 4x19
          text run at (597,0) width 4: " "
        LayoutInline {SPAN} at (0,0) size 137x19
          LayoutInline {<pseudo:before>} at (0,0) size 137x19
            LayoutCounter (anonymous) at (601,0) size 137x19
              text run at (601,0) width 137: "I.MMMCDLXXXIX"
        LayoutText {#text} at (738,0) size 4x19
          text run at (738,0) width 4: " "
        LayoutInline {SPAN} at (0,0) size 97x19
          LayoutInline {<pseudo:before>} at (0,0) size 97x19
            LayoutCounter (anonymous) at (742,0) size 97x19
              text run at (742,0) width 97: "I.MMMCDXC"
        LayoutText {#text} at (839,0) size 4x19
          text run at (839,0) width 4: " "
        LayoutInline {SPAN} at (0,0) size 102x19
          LayoutInline {<pseudo:before>} at (0,0) size 102x19
            LayoutCounter (anonymous) at (843,0) size 102x19
              text run at (843,0) width 102: "I.MMMCDXCI"
        LayoutText {#text} at (0,0) size 0x0
      LayoutNGBlockFlow {DIV} at (0,56) size 784x20
        LayoutText {#text} at (0,0) size 945x19
          text run at (0,0) width 945: "I.I I.II I.III I.IV I.V I.VI I.VII I.VIII I.IX I.X I.XI I.XII I.XLIX I.L I.CCCLXXXIX I.CCCXC I.MMMCDLXXXIX I.MMMCDXC I.MMMCDXCI"
