layer at (0,0) size 800x600
  LayoutView at (0,0) size 800x600
layer at (0,0) size 800x182
  LayoutNGBlockFlow {HTML} at (0,0) size 800x182
    LayoutNGBlockFlow {BODY} at (8,13) size 784x156 [color=#000080]
      LayoutNGBlockFlow {P} at (0,0) size 784x156
        LayoutText {#text} at (0,4) size 391x18
          text run at (0,4) width 391: "This text should be small and cursive, with double line spacing. "
        LayoutInline {SPAN} at (0,0) size 772x148 [color=#C0C0C0]
          LayoutText {#text} at (391,4) size 772x148
            text run at (391,4) width 381: "dummy text dummy text dummy text dummy text dummy text"
            text run at (0,30) width 766: "dummy text dummy text dummy text dummy text dummy text dummy text dummy text dummy text dummy text dummy text"
            text run at (0,56) width 766: "dummy text dummy text dummy text dummy text dummy text dummy text dummy text dummy text dummy text dummy text"
            text run at (0,82) width 766: "dummy text dummy text dummy text dummy text dummy text dummy text dummy text dummy text dummy text dummy text"
            text run at (0,108) width 766: "dummy text dummy text dummy text dummy text dummy text dummy text dummy text dummy text dummy text dummy text"
            text run at (0,134) width 150: "dummy text dummy text"
        LayoutText {#text} at (0,0) size 0x0
