layer at (0,0) size 800x600
  LayoutView at (0,0) size 800x600
layer at (0,0) size 800x225
  LayoutNGBlockFlow {HTML} at (0,0) size 800x225
    LayoutNGBlockFlow {BODY} at (8,18) size 784x189 [color=#000080]
      LayoutNGBlockFlow {P} at (0,0) size 784x189
        LayoutText {#text} at (0,3) size 565x20
          text run at (0,3) width 565: "This text should be 18px serif. There should be a 9px gap between each line. "
        LayoutInline {SPAN} at (0,0) size 744x182 [color=#C0C0C0]
          LayoutText {#text} at (565,3) size 744x182
            text run at (565,3) width 179: "dummy text dummy text"
            text run at (0,30) width 731: "dummy text dummy text dummy text dummy text dummy text dummy text dummy text dummy text"
            text run at (0,57) width 731: "dummy text dummy text dummy text dummy text dummy text dummy text dummy text dummy text"
            text run at (0,84) width 731: "dummy text dummy text dummy text dummy text dummy text dummy text dummy text dummy text"
            text run at (0,111) width 731: "dummy text dummy text dummy text dummy text dummy text dummy text dummy text dummy text"
            text run at (0,138) width 731: "dummy text dummy text dummy text dummy text dummy text dummy text dummy text dummy text"
            text run at (0,165) width 455: "dummy text dummy text dummy text dummy text dummy text"
        LayoutText {#text} at (0,0) size 0x0
