layer at (0,0) size 800x600
  LayoutView at (0,0) size 800x600
layer at (0,0) size 800x108
  LayoutNGBlockFlow {HTML} at (0,0) size 800x108
    LayoutNGBlockFlow {BODY} at (8,16) size 784x76
      LayoutNGBlockFlow {P} at (0,0) size 784x20 [color=#000080]
        LayoutText {#text} at (0,0) size 268x19
          text run at (0,0) width 268: "This Paragraph should be in Small Caps."
      LayoutNGBlockFlow {P} at (0,36) size 784x40 [color=#000080]
        LayoutText {#text} at (0,0) size 259x19
          text run at (0,0) width 259: "This Sentence should be in Small Caps."
        LayoutInline {SPAN} at (0,0) size 210x19
          LayoutText {#text} at (0,20) size 210x19
            text run at (0,20) width 210: "This Sentence should be Normal."
        LayoutText {#text} at (0,0) size 0x0
