layer at (0,0) size 800x600
  LayoutView at (0,0) size 800x600
layer at (0,0) size 800x252
  LayoutNGBlockFlow {HTML} at (0,0) size 800x252
    LayoutNGBlockFlow {BODY} at (8,18) size 784x216 [color=#000080]
      LayoutNGBlockFlow {P} at (0,0) size 784x216
        LayoutText {#text} at (0,3) size 784x48
          text run at (0,3) width 784: "This text should be 18px sans-serif, in small-caps, italicized, and very bold. There should be a 9px"
          text run at (0,30) width 184: "gap between each line. "
        LayoutInline {SPAN} at (0,0) size 739x183 [color=#C0C0C0]
          LayoutText {#text} at (184,30) size 739x183
            text run at (184,30) width 553: "dummy text dummy text dummy text dummy text dummy text dummy text"
            text run at (0,57) width 739: "dummy text dummy text dummy text dummy text dummy text dummy text dummy text dummy text"
            text run at (0,84) width 739: "dummy text dummy text dummy text dummy text dummy text dummy text dummy text dummy text"
            text run at (0,111) width 739: "dummy text dummy text dummy text dummy text dummy text dummy text dummy text dummy text"
            text run at (0,138) width 739: "dummy text dummy text dummy text dummy text dummy text dummy text dummy text dummy text"
            text run at (0,165) width 739: "dummy text dummy text dummy text dummy text dummy text dummy text dummy text dummy text"
            text run at (0,192) width 88: "dummy text"
        LayoutText {#text} at (0,0) size 0x0
