layer at (0,0) size 800x600
  LayoutView at (0,0) size 800x600
layer at (0,0) size 800x225
  LayoutNGBlockFlow {HTML} at (0,0) size 800x225
    LayoutNGBlockFlow {BODY} at (8,18) size 784x189 [color=#000080]
      LayoutNGBlockFlow {P} at (0,0) size 784x189
        LayoutText {#text} at (0,3) size 662x21
          text run at (0,3) width 662: "This text should be 18px sans-serif. There should be a 9px gap between each line. "
        LayoutInline {SPAN} at (0,0) size 779x183 [color=#C0C0C0]
          LayoutText {#text} at (662,3) size 779x183
            text run at (662,3) width 93: "dummy text"
            text run at (0,30) width 779: "dummy text dummy text dummy text dummy text dummy text dummy text dummy text dummy text"
            text run at (0,57) width 779: "dummy text dummy text dummy text dummy text dummy text dummy text dummy text dummy text"
            text run at (0,84) width 779: "dummy text dummy text dummy text dummy text dummy text dummy text dummy text dummy text"
            text run at (0,111) width 779: "dummy text dummy text dummy text dummy text dummy text dummy text dummy text dummy text"
            text run at (0,138) width 779: "dummy text dummy text dummy text dummy text dummy text dummy text dummy text dummy text"
            text run at (0,165) width 583: "dummy text dummy text dummy text dummy text dummy text dummy text"
        LayoutText {#text} at (0,0) size 0x0
