layer at (0,0) size 800x600
  LayoutView at (0,0) size 800x600
layer at (0,0) size 800x468
  LayoutNGBlockFlow {HTML} at (0,0) size 800x468
    LayoutNGBlockFlow {BODY} at (8,18) size 784x432
      LayoutNGBlockFlow {P} at (0,0) size 784x432
        LayoutInline {SPAN} at (0,0) size 778x400 [color=#FFFFFF] [bgcolor=#000080]
          LayoutText {#text} at (0,16) size 748x76
            text run at (0,16) width 748: "This text should be 18px sans-serif, in small-caps, italicized, and very light. There should be a"
            text run at (0,70) width 702: "36px gap betwen each line. The text should have a blue background, the gap should not. "
          LayoutInline {SPAN} at (0,0) size 778x346 [color=#0000FF]
            LayoutText {#text} at (702,70) size 778x346
              text run at (702,70) width 49: "dummy"
              text run at (0,124) width 778: "text dummy text dummy text dummy text dummy text dummy text dummy text dummy text dummy text"
              text run at (0,178) width 739: "dummy text dummy text dummy text dummy text dummy text dummy text dummy text dummy text"
              text run at (0,232) width 739: "dummy text dummy text dummy text dummy text dummy text dummy text dummy text dummy text"
              text run at (0,286) width 739: "dummy text dummy text dummy text dummy text dummy text dummy text dummy text dummy text"
              text run at (0,340) width 739: "dummy text dummy text dummy text dummy text dummy text dummy text dummy text dummy text"
              text run at (0,394) width 553: "dummy text dummy text dummy text dummy text dummy text dummy text"
          LayoutText {#text} at (0,0) size 0x0
        LayoutText {#text} at (0,0) size 0x0
