layer at (0,0) size 800x600
  LayoutView at (0,0) size 800x600
layer at (0,0) size 800x324
  LayoutNGBlockFlow {HTML} at (0,0) size 800x324
    LayoutNGBlockFlow {BODY} at (8,18) size 784x288 [color=#000080]
      LayoutNGBlockFlow {P} at (0,0) size 784x288
        LayoutText {#text} at (0,7) size 783x57
          text run at (0,7) width 783: "This text should be 18px sans-serif, in small-caps, oblique, and bold. There should be a 9px"
          text run at (0,43) width 201: "gap between each line. "
        LayoutInline {SPAN} at (0,0) size 737x237 [color=#C0C0C0]
          LayoutText {#text} at (201,43) size 737x237
            text run at (201,43) width 525: "dummy text dummy text dummy text dummy text dummy text"
            text run at (0,79) width 737: "dummy text dummy text dummy text dummy text dummy text dummy text dummy text"
            text run at (0,115) width 737: "dummy text dummy text dummy text dummy text dummy text dummy text dummy text"
            text run at (0,151) width 737: "dummy text dummy text dummy text dummy text dummy text dummy text dummy text"
            text run at (0,187) width 737: "dummy text dummy text dummy text dummy text dummy text dummy text dummy text"
            text run at (0,223) width 737: "dummy text dummy text dummy text dummy text dummy text dummy text dummy text"
            text run at (0,259) width 737: "dummy text dummy text dummy text dummy text dummy text dummy text dummy text"
        LayoutText {#text} at (0,0) size 0x0
