layer at (0,0) size 800x600
  LayoutView at (0,0) size 800x600
layer at (0,0) size 800x256
  LayoutNGBlockFlow {HTML} at (0,0) size 800x256
    LayoutNGBlockFlow {BODY} at (8,16) size 784x232
      LayoutNGBlockFlow {P} at (0,0) size 784x40 [bgcolor=#00FFFF]
        LayoutText {#text} at (392,0) size 751x39
          text run at (392,0) width 359: "The first line of this sentence should be indented halfway"
          text run at (0,20) width 555: "across the page, but the rest of it should be flush with the normal left margin of the page."
      LayoutNGBlockFlow {P} at (0,56) size 784x80 [bgcolor=#00FFFF]
        LayoutText {#text} at (80,0) size 211x19
          text run at (80,0) width 211: "Only the first line of this sentence"
        LayoutBR {BR} at (291,0) size 0x0
        LayoutText {#text} at (0,20) size 123x19
          text run at (0,20) width 123: "should be indented,"
        LayoutBR {BR} at (123,20) size 0x0
        LayoutText {#text} at (0,40) size 145x19
          text run at (0,40) width 145: "the others should all be"
        LayoutBR {BR} at (145,40) size 0x0
        LayoutInline {EM} at (0,0) size 113x19
          LayoutText {#text} at (0,60) size 113x19
            text run at (0,60) width 113: "aligned on the left"
        LayoutText {#text} at (113,60) size 99x19
          text run at (113,60) width 99: " of the window."
      LayoutNGBlockFlow {DIV} at (0,152) size 196x80 [bgcolor=#00FFFF]
        LayoutText {#text} at (392,0) size 404x79
          text run at (392,0) width 12: "X"
          text run at (0,20) width 169: "The X on the previous line"
          text run at (0,40) width 184: "should be centered across the"
          text run at (0,60) width 55: "window."
