layer at (0,0) size 800x600
  LayoutView at (0,0) size 800x600
layer at (0,0) size 800x420
  LayoutNGBlockFlow {HTML} at (0,0) size 800x420
    LayoutNGBlockFlow {BODY} at (8,16) size 784x388
      LayoutNGBlockFlow {P} at (0,0) size 784x20 [color=#000080]
        LayoutText {#text} at (0,0) size 234x19
          text run at (0,0) width 234: "This sentence should be left-justified."
      LayoutNGBlockFlow {P} at (0,36) size 784x20 [color=#000080]
        LayoutText {#text} at (541,0) size 243x19
          text run at (541,0) width 243: "This sentence should be right-justified."
      LayoutNGBlockFlow {P} at (0,72) size 784x20 [color=#000080]
        LayoutText {#text} at (286,0) size 212x19
          text run at (286,0) width 212: "This sentence should be centered."
      LayoutNGBlockFlow {P} at (0,108) size 784x280 [color=#000080]
        LayoutText {#text} at (0,0) size 497x19
          text run at (0,0) width 497: "This paragraph should be justified (the right and left margins should line up). "
        LayoutInline {SPAN} at (0,0) size 784x279 [color=#C0C0C0]
          LayoutText {#text} at (496,0) size 784x279
            text run at (496,0) width 288: "This is just lovely dummy text. Dummy text."
            text run at (0,20) width 784: "Dummy text. This is just lovely dummy text. This is just lovely dummy text. Dummy text. This is just lovely dummy text."
            text run at (0,40) width 784: "This is just lovely dummy text. Dummy text. Dummy text. This is just lovely dummy text. This is just lovely dummy text."
            text run at (0,60) width 784: "Dummy text. This is just lovely dummy text. This is just lovely dummy text. Dummy text. Dummy text. This is just lovely"
            text run at (0,80) width 784: "dummy text. This is just lovely dummy text. Dummy text. This is just lovely dummy text. This is just lovely dummy text."
            text run at (0,100) width 784: "Dummy text. Dummy text. This is just lovely dummy text. This is just lovely dummy text. Dummy text. This is just lovely"
            text run at (0,120) width 784: "dummy text. This is just lovely dummy text. Dummy text. Dummy text. This is just lovely dummy text. This is just lovely"
            text run at (0,140) width 784: "dummy text. Dummy text. This is just lovely dummy text. This is just lovely dummy text. Dummy text. Dummy text. This is"
            text run at (0,160) width 784: "just lovely dummy text. This is just lovely dummy text. Dummy text. This is just lovely dummy text. This is just lovely"
            text run at (0,180) width 784: "dummy text. Dummy text. Dummy text. This is just lovely dummy text. This is just lovely dummy text. Dummy text. This is"
            text run at (0,200) width 784: "just lovely dummy text. This is just lovely dummy text. Dummy text. Dummy text. This is just lovely dummy text. This is"
            text run at (0,220) width 784: "just lovely dummy text. Dummy text. This is just lovely dummy text. This is just lovely dummy text. Dummy text. Dummy"
            text run at (0,240) width 784: "text. This is just lovely dummy text. This is just lovely dummy text. Dummy text. This is just lovely dummy text. This is just"
            text run at (0,260) width 387: "lovely dummy text. Dummy text. Dummy text. Dummy text. "
        LayoutText {#text} at (386,260) size 382x19
          text run at (386,260) width 382: "This sentence should be at the end of the block, not justified."
