layer at (0,0) size 800x600
  LayoutView at (0,0) size 800x600
layer at (0,0) size 800x240
  LayoutNGBlockFlow {HTML} at (0,0) size 800x240
    LayoutNGBlockFlow {BODY} at (8,16) size 784x216
      LayoutNGBlockFlow {P} at (0,0) size 784x20
        LayoutText {#text} at (0,0) size 317x19
          text run at (0,0) width 317: "There should be no red borders on the table below"
      LayoutTable {TABLE} at (0,36) size 157x180 [border: (2px none #808080)]
        LayoutTableSection {TBODY} at (2,2) size 152x175
          LayoutTableRow {TR} at (0,0) size 152x58
            LayoutNGTableCell {TD} at (0,15) size 49x27 [border: (3px dotted #00FF00)] [r=0 c=0 rs=1 cs=1]
              LayoutText {#text} at (4,19) size 39x19
                text run at (4,19) width 39: "dotted"
            LayoutNGTableCell {TD} at (49,14) size 55x30 [border: (3px dotted #00FF00) (5px dotted #FF0000) (3px dotted #00FF00)] [r=0 c=1 rs=1 cs=1]
              LayoutText {#text} at (4,18) size 39x19
                text run at (4,18) width 39: "dotted"
            LayoutNGTableCell {TD} at (104,15) size 48x27 [border: (3px dotted #00FF00)] [r=0 c=2 rs=1 cs=1]
              LayoutText {#text} at (4,19) size 39x19
                text run at (4,19) width 39: "dotted"
          LayoutTableRow {TR} at (0,58) size 152x60
            LayoutNGTableCell {TD} at (0,74) size 49x27 [border: (3px dotted #00FF00) (5px dotted #FF0000) (2px dotted #00FF00)] [r=1 c=0 rs=1 cs=1]
              LayoutText {#text} at (4,20) size 39x19
                text run at (4,20) width 39: "dotted"
            LayoutNGTableCell {TD} at (49,72) size 55x32 [border: (5px double #00FF00)] [r=1 c=1 rs=1 cs=1]
              LayoutText {#text} at (6,20) size 43x19
                text run at (6,20) width 43: "double"
            LayoutNGTableCell {TD} at (104,74) size 48x27 [border: (3px dotted #00FF00) (5px dotted #FF0000)] [r=1 c=2 rs=1 cs=1]
              LayoutText {#text} at (6,20) size 39x19
                text run at (6,20) width 39: "dotted"
          LayoutTableRow {TR} at (0,118) size 152x57
            LayoutNGTableCell {TD} at (0,133) size 49x27 [border: (3px dotted #00FF00)] [r=2 c=0 rs=1 cs=1]
              LayoutText {#text} at (4,19) size 39x19
                text run at (4,19) width 39: "dotted"
            LayoutNGTableCell {TD} at (49,132) size 55x29 [border: (5px dotted #FF0000) (2px dotted #00FF00)] [r=2 c=1 rs=1 cs=1]
              LayoutText {#text} at (4,20) size 39x19
                text run at (4,20) width 39: "dotted"
            LayoutNGTableCell {TD} at (104,133) size 48x27 [border: (3px dotted #00FF00)] [r=2 c=2 rs=1 cs=1]
              LayoutText {#text} at (4,19) size 39x19
                text run at (4,19) width 39: "dotted"
