layer at (0,0) size 800x600
  LayoutView at (0,0) size 800x600
layer at (0,0) size 800x294
  LayoutBlockFlow {HTML} at (0,0) size 800x294
    LayoutBlockFlow {BODY} at (8,16) size 784x270
      LayoutBlockFlow {P} at (0,0) size 784x40
        LayoutText {#text} at (0,0) size 674x19
          text run at (0,0) width 423: "The background color of this paragraph should turn to green when "
          text run at (423,0) width 251: "the mouse pointer hovers either its text ("
        LayoutInline {STRONG} at (0,0) size 30x19
          LayoutText {#text} at (674,0) size 30x19
            text run at (674,0) width 30: "here"
        LayoutText {#text} at (703,0) size 744x39
          text run at (703,0) width 41: ") or its"
          text run at (0,20) width 157: "whitespace background, "
        LayoutInline {STRONG} at (0,0) size 30x19
          LayoutText {#text} at (157,20) size 30x19
            text run at (157,20) width 30: "here"
        LayoutText {#text} at (186,20) size 5x19
          text run at (186,20) width 5: ":"
      LayoutBlockFlow {ADDRESS} at (0,56) size 784x20
        LayoutText {#text} at (0,0) size 161x19
          text run at (0,0) width 161: "The background color of "
        LayoutInline {A} at (0,0) size 115x19 [color=#0000EE]
          LayoutText {#text} at (160,0) size 81x19
            text run at (160,0) width 81: "this anchor ("
          LayoutInline {STRONG} at (0,0) size 30x19
            LayoutText {#text} at (240,0) size 30x19
              text run at (240,0) width 30: "here"
          LayoutText {#text} at (269,0) size 6x19
            text run at (269,0) width 6: ")"
        LayoutText {#text} at (274,0) size 387x19
          text run at (274,0) width 387: " should turn to green when the pointing device hovers over it."
      LayoutTable {TABLE} at (0,76) size 278x194
        LayoutTableSection {TBODY} at (0,0) size 278x194
          LayoutTableRow {TR} at (0,5) size 278x22
            LayoutTableCell {TD} at (5,5) size 78x22 [r=0 c=0 rs=1 cs=1]
              LayoutText {#text} at (1,1) size 73x19
                text run at (1,1) width 73: "The cells in"
            LayoutTableCell {TD} at (88,5) size 81x22 [r=0 c=1 rs=1 cs=1]
              LayoutText {#text} at (1,1) size 56x19
                text run at (1,1) width 56: "this table"
            LayoutTableCell {TD} at (174,5) size 99x22 [r=0 c=2 rs=1 cs=1]
              LayoutText {#text} at (1,1) size 62x19
                text run at (1,1) width 62: "should go"
          LayoutTableRow {TR} at (0,32) size 278x22
            LayoutTableCell {TD} at (5,32) size 78x22 [r=1 c=0 rs=1 cs=1]
              LayoutText {#text} at (1,1) size 74x19
                text run at (1,1) width 74: "green when"
            LayoutTableCell {TD} at (88,32) size 81x22 [r=1 c=1 rs=1 cs=1]
              LayoutText {#text} at (1,1) size 64x19
                text run at (1,1) width 64: "you hover"
            LayoutTableCell {TD} at (174,32) size 99x22 [r=1 c=2 rs=1 cs=1]
              LayoutText {#text} at (1,1) size 75x19
                text run at (1,1) width 75: "the pointing"
          LayoutTableRow {TR} at (0,59) size 278x22
            LayoutTableCell {TD} at (5,59) size 78x22 [r=2 c=0 rs=1 cs=1]
              LayoutText {#text} at (1,1) size 73x19
                text run at (1,1) width 73: "device over"
            LayoutTableCell {TD} at (88,59) size 81x22 [r=2 c=1 rs=1 cs=1]
              LayoutText {#text} at (1,1) size 40x19
                text run at (1,1) width 40: "them ("
              LayoutInline {STRONG} at (0,0) size 30x19
                LayoutText {#text} at (41,1) size 30x19
                  text run at (41,1) width 30: "here"
              LayoutText {#text} at (70,1) size 10x19
                text run at (70,1) width 10: ")."
            LayoutTableCell {TD} at (174,69) size 99x2 [r=2 c=2 rs=1 cs=1]
          LayoutTableRow {TR} at (0,86) size 278x22
            LayoutTableCell {TD} at (5,86) size 78x22 [r=3 c=0 rs=1 cs=1]
              LayoutText {#text} at (1,1) size 76x19
                text run at (1,1) width 76: "The rows in"
            LayoutTableCell {TD} at (88,86) size 81x22 [r=3 c=1 rs=1 cs=1]
              LayoutText {#text} at (1,1) size 56x19
                text run at (1,1) width 56: "this table"
            LayoutTableCell {TD} at (174,86) size 99x22 [r=3 c=2 rs=1 cs=1]
              LayoutText {#text} at (1,1) size 62x19
                text run at (1,1) width 62: "should go"
          LayoutTableRow {TR} at (0,113) size 278x22
            LayoutTableCell {TD} at (5,113) size 78x22 [r=4 c=0 rs=1 cs=1]
              LayoutText {#text} at (1,1) size 67x19
                text run at (1,1) width 67: "dark green"
            LayoutTableCell {TD} at (88,113) size 81x22 [r=4 c=1 rs=1 cs=1]
              LayoutText {#text} at (1,1) size 58x19
                text run at (1,1) width 58: "when the"
            LayoutTableCell {TD} at (174,113) size 99x22 [r=4 c=2 rs=1 cs=1]
              LayoutText {#text} at (1,1) size 97x19
                text run at (1,1) width 97: "pointing device"
          LayoutTableRow {TR} at (0,140) size 278x22
            LayoutTableCell {TD} at (5,140) size 78x22 [r=5 c=0 rs=1 cs=1]
              LayoutText {#text} at (1,1) size 65x19
                text run at (1,1) width 65: "is over the"
            LayoutTableCell {TD} at (88,140) size 81x22 [r=5 c=1 rs=1 cs=1]
              LayoutText {#text} at (1,1) size 32x19
                text run at (1,1) width 32: "cells "
              LayoutInline {STRONG} at (0,0) size 35x19
                LayoutText {#text} at (33,1) size 35x19
                  text run at (33,1) width 35: "there"
              LayoutText {#text} at (67,1) size 5x19
                text run at (67,1) width 5: ":"
            LayoutTableCell {TD} at (174,150) size 99x2 [r=5 c=2 rs=1 cs=1]
          LayoutTableRow {TR} at (0,167) size 278x22
            LayoutTableCell {TD} at (5,167) size 78x22 [r=6 c=0 rs=1 cs=1]
              LayoutText {#text} at (1,1) size 32x19
                text run at (1,1) width 32: "And "
              LayoutInline {STRONG} at (0,0) size 30x19
                LayoutText {#text} at (33,1) size 30x19
                  text run at (33,1) width 30: "here"
              LayoutText {#text} at (62,1) size 5x19
                text run at (62,1) width 5: ":"
            LayoutTableCell {TD} at (88,177) size 81x2 [r=6 c=1 rs=1 cs=1]
            LayoutTableCell {TD} at (174,167) size 99x22 [r=6 c=2 rs=1 cs=1]
              LayoutText {#text} at (1,1) size 81x19
                text run at (1,1) width 81: "(blank cells)."
