layer at (0,0) size 800x600
  LayoutView at (0,0) size 800x600
layer at (0,0) size 800x537
  LayoutBlockFlow {HTML} at (0,0) size 800x536.56
    LayoutBlockFlow {BODY} at (20,20) size 760x496.56
      LayoutBlockFlow {P} at (0,0) size 760x69
        LayoutText {#text} at (0,0) size 751x68
          text run at (0,0) width 751: "The following lines should display as indicated at the beginning of the line, whether the font"
          text run at (0,23) width 137: "has full support, "
          text run at (137,23) width 570: "partial support for the corresponding feature or not, in which case it is"
          text run at (0,46) width 279: "synthesized (except for titling, no "
          text run at (279,46) width 133: "synthesis there)."
      LayoutBlockFlow {H3} at (0,92.39) size 760x26
        LayoutText {#text} at (0,0) size 98x25
          text run at (0,0) width 98: "Sans-serif"
      LayoutBlockFlow {DIV} at (0,141.78) size 760x144
        LayoutText {#text} at (0,0) size 58x23
          text run at (0,0) width 58: "titling: "
        LayoutInline {SPAN} at (0,0) size 241x23
          LayoutText {#text} at (58,0) size 241x23
            text run at (58,0) width 241: "Aa Bb Gg \x{394}\x{3B4} \x{393}\x{3B3} \x{3A3}\x{3C3} \x{411}\x{431} \x{424}\x{444}"
        LayoutBR {BR} at (299,0) size 0x23
        LayoutText {#text} at (0,24) size 100x23
          text run at (0,24) width 100: "smallcaps: "
        LayoutInline {SPAN} at (0,0) size 223x23
          LayoutText {#text} at (100,24) size 223x23
            text run at (100,24) width 223: "Aa Bb Gg \x{394}\x{3B4} \x{393}\x{3B3} \x{3A3}\x{3C3} \x{411}\x{431} \x{424}\x{444}"
        LayoutBR {BR} at (323,24) size 0x23
        LayoutText {#text} at (0,48) size 119x23
          text run at (0,48) width 119: "allsmallcaps: "
        LayoutInline {SPAN} at (0,0) size 178x23
          LayoutText {#text} at (119,48) size 178x23
            text run at (119,48) width 178: "Aa Bb Gg \x{394}\x{3B4} \x{393}\x{3B3} \x{3A3}\x{3C3} \x{411}\x{431} \x{424}\x{444}"
        LayoutBR {BR} at (297,48) size 0x23
        LayoutText {#text} at (0,72) size 103x23
          text run at (0,72) width 103: "petitecaps: "
        LayoutInline {SPAN} at (0,0) size 223x23
          LayoutText {#text} at (103,72) size 223x23
            text run at (103,72) width 223: "Aa Bb Gg \x{394}\x{3B4} \x{393}\x{3B3} \x{3A3}\x{3C3} \x{411}\x{431} \x{424}\x{444}"
        LayoutBR {BR} at (326,72) size 0x23
        LayoutText {#text} at (0,96) size 122x23
          text run at (0,96) width 122: "allpetitecaps: "
        LayoutInline {SPAN} at (0,0) size 178x23
          LayoutText {#text} at (122,96) size 178x23
            text run at (122,96) width 178: "Aa Bb Gg \x{394}\x{3B4} \x{393}\x{3B3} \x{3A3}\x{3C3} \x{411}\x{431} \x{424}\x{444}"
        LayoutBR {BR} at (300,96) size 0x23
        LayoutText {#text} at (0,120) size 80x23
          text run at (0,120) width 80: "unicase: "
        LayoutInline {SPAN} at (0,0) size 196x23
          LayoutText {#text} at (80,120) size 196x23
            text run at (80,120) width 196: "Aa Bb Gg \x{394}\x{3B4} \x{393}\x{3B3} \x{3A3}\x{3C3} \x{411}\x{431} \x{424}\x{444}"
        LayoutBR {BR} at (276,120) size 0x23
      LayoutBlockFlow {H3} at (0,309.17) size 760x26
        LayoutText {#text} at (0,0) size 443x25
          text run at (0,0) width 443: "Libertine (has native pcap and c2sc support)"
      LayoutBlockFlow {DIV} at (0,358.56) size 760x138
        LayoutText {#text} at (0,0) size 58x23
          text run at (0,0) width 58: "titling: "
        LayoutInline {SPAN} at (0,0) size 217x23
          LayoutText {#text} at (58,0) size 217x23
            text run at (58,0) width 217: "Aa Bb Gg \x{394}\x{3B4} \x{393}\x{3B3} \x{3A3}\x{3C3} \x{411}\x{431} \x{424}\x{444}"
        LayoutBR {BR} at (274,0) size 1x23
        LayoutText {#text} at (0,23) size 89x23
          text run at (0,23) width 89: "smallcaps: "
        LayoutInline {SPAN} at (0,0) size 220x23
          LayoutText {#text} at (89,23) size 220x23
            text run at (89,23) width 220: "Aa Bb Gg \x{394}\x{3B4} \x{393}\x{3B3} \x{3A3}\x{3C3} \x{411}\x{431} \x{424}\x{444}"
        LayoutBR {BR} at (308,23) size 1x23
        LayoutText {#text} at (0,46) size 108x23
          text run at (0,46) width 108: "allsmallcaps: "
        LayoutInline {SPAN} at (0,0) size 212x23
          LayoutText {#text} at (108,46) size 212x23
            text run at (108,46) width 212: "Aa Bb Gg \x{394}\x{3B4} \x{393}\x{3B3} \x{3A3}\x{3C3} \x{411}\x{431} \x{424}\x{444}"
        LayoutBR {BR} at (319,46) size 1x23
        LayoutText {#text} at (0,69) size 92x23
          text run at (0,69) width 92: "petitecaps: "
        LayoutInline {SPAN} at (0,0) size 221x23
          LayoutText {#text} at (91,69) size 221x23
            text run at (91,69) width 221: "Aa Bb Gg \x{394}\x{3B4} \x{393}\x{3B3} \x{3A3}\x{3C3} \x{411}\x{431} \x{424}\x{444}"
        LayoutBR {BR} at (311,69) size 1x23
        LayoutText {#text} at (0,92) size 111x23
          text run at (0,92) width 111: "allpetitecaps: "
        LayoutInline {SPAN} at (0,0) size 213x23
          LayoutText {#text} at (110,92) size 213x23
            text run at (110,92) width 213: "Aa Bb Gg \x{394}\x{3B4} \x{393}\x{3B3} \x{3A3}\x{3C3} \x{411}\x{431} \x{424}\x{444}"
        LayoutBR {BR} at (322,92) size 1x23
        LayoutText {#text} at (0,115) size 72x23
          text run at (0,115) width 72: "unicase: "
        LayoutInline {SPAN} at (0,0) size 204x23
          LayoutText {#text} at (72,115) size 204x23
            text run at (72,115) width 204: "Aa Bb Gg \x{394}\x{3B4} \x{393}\x{3B3} \x{3A3}\x{3C3} \x{411}\x{431} \x{424}\x{444}"
        LayoutBR {BR} at (276,115) size 0x23
