layer at (0,0) size 800x600
  LayoutView at (0,0) size 800x600
layer at (0,0) size 800x219
  LayoutBlockFlow {HTML} at (0,0) size 800x219
    LayoutBlockFlow {BODY} at (8,8) size 784x203
      LayoutButton {INPUT} at (4,4) size 33.56x18 [bgcolor=#FFFFFF]
        LayoutBlockFlow (anonymous) at (8,2) size 17.56x13
          LayoutText {#text} at (0,0) size 18x13
            text run at (0,0) width 18: "foo"
      LayoutText {#text} at (41,3) size 5x18
        text run at (41,3) width 5: " "
      LayoutBR {BR} at (45,3) size 1x18
      LayoutButton {INPUT} at (4,30) size 35.56x24 [bgcolor=#FFFFFF] [border: (3px solid #00FF00)]
        LayoutBlockFlow (anonymous) at (9,5) size 17.56x13
          LayoutText {#text} at (0,0) size 18x13
            text run at (0,0) width 18: "foo"
      LayoutText {#text} at (43,32) size 5x18
        text run at (43,32) width 5: " "
      LayoutButton {INPUT} at (51.56,31) size 33.56x22 [bgcolor=#FFFFFF] [border: (2px solid #D8D8D8) (2px solid #D1D1D1) (2px solid #BABABA) (2px solid #D1D1D1)]
        LayoutBlockFlow (anonymous) at (8,4) size 17.56x13
          LayoutText {#text} at (0,0) size 18x13
            text run at (0,0) width 18: "foo"
      LayoutText {#text} at (89,32) size 5x18
        text run at (89,32) width 5: " "
      LayoutBR {BR} at (93,32) size 1x18
      LayoutButton {INPUT} at (4,62) size 33.56x22 [border: (2px solid #D8D8D8) (2px solid #D1D1D1) (2px solid #BABABA) (2px solid #D1D1D1)]
        LayoutBlockFlow (anonymous) at (8,4) size 17.56x13
          LayoutText {#text} at (0,0) size 18x13
            text run at (0,0) width 18: "foo"
      LayoutText {#text} at (41,63) size 5x18
        text run at (41,63) width 5: " "
      LayoutBR {BR} at (45,63) size 1x18
      LayoutButton {INPUT} at (4,92) size 33.56x18 [bgcolor=#FFFFFF]
        LayoutBlockFlow (anonymous) at (8,2) size 17.56x13
          LayoutText {#text} at (0,0) size 18x13
            text run at (0,0) width 18: "foo"
      LayoutText {#text} at (41,91) size 5x18
        text run at (41,91) width 5: " "
      LayoutBR {BR} at (45,91) size 1x18
      LayoutButton {INPUT} at (4,118) size 36.77x21 [bgcolor=#FFFFFF]
        LayoutBlockFlow (anonymous) at (8,2) size 20.77x16
          LayoutText {#text} at (0,0) size 21x16
            text run at (0,0) width 21: "foo"
      LayoutText {#text} at (44,119) size 5x18
        text run at (44,119) width 5: " "
      LayoutButton {INPUT} at (52.77,118) size 36.77x21 [bgcolor=#FFFFFF]
        LayoutBlockFlow (anonymous) at (8,2) size 20.77x16
          LayoutText {#text} at (0,0) size 21x16
            text run at (0,0) width 21: "foo"
      LayoutText {#text} at (93,119) size 5x18
        text run at (93,119) width 5: " "
      LayoutButton {INPUT} at (101.53,118) size 36.77x21 [bgcolor=#FFFFFF]
        LayoutBlockFlow (anonymous) at (8,2) size 20.77x16
          LayoutText {#text} at (0,0) size 21x16
            text run at (0,0) width 21: "foo"
      LayoutText {#text} at (142,119) size 5x18
        text run at (142,119) width 5: " "
      LayoutBR {BR} at (146,119) size 1x18
      LayoutButton {INPUT} at (6,158) size 50.34x32.50 [bgcolor=#FFFFFF] [border: (3px solid #D8D8D8) (3px solid #D1D1D1) (3px solid #BABABA) (3px solid #D1D1D1)]
        LayoutBlockFlow (anonymous) at (12,6) size 26.34x19
          LayoutText {#text} at (0,0) size 27x19
            text run at (0,0) width 27: "foo"
      LayoutText {#text} at (62,166) size 5x18
        text run at (62,166) width 5: " "
      LayoutButton {INPUT} at (74.34,151) size 67.13x44 [bgcolor=#FFFFFF] [border: (4px solid #D8D8D8) (4px solid #D1D1D1) (4px solid #BABABA) (4px solid #D1D1D1)]
        LayoutBlockFlow (anonymous) at (16,8) size 35.13x26
          LayoutText {#text} at (0,0) size 36x26
            text run at (0,0) width 36: "foo"
      LayoutText {#text} at (149,166) size 5x18
        text run at (149,166) width 5: " "
      LayoutBR {BR} at (153,166) size 1x18
