layer at (0,0) size 800x600 clip at (0,0) size 785x600 scrollHeight 4723
  LayoutView at (0,0) size 800x600
layer at (0,0) size 785x4723 backgroundClip at (0,0) size 785x600 clip at (0,0) size 785x600
  LayoutBlockFlow {HTML} at (0,0) size 785x4723.33
    LayoutBlockFlow {BODY} at (8,8) size 769x4707.33 [bgcolor=#CCCCCC]
      LayoutBlockFlow {P} at (0,0) size 769x16
        LayoutText {#text} at (0,0) size 274x15
          text run at (0,0) width 274: "The style declarations which apply to the text below are:"
      LayoutBlockFlow {PRE} at (0,28) size 769x180
        LayoutText {#text} at (0,0) size 399x180
          text run at (0,0) width 161: "BODY {font-size: 12px;}"
          text run at (161,0) width 0: " "
          text run at (0,15) width 322: ".one {font: italic small-caps 13pt Helvetica;}"
          text run at (322,15) width 0: " "
          text run at (0,30) width 203: ".two {font: 150%/150% serif;}"
          text run at (203,30) width 0: " "
          text run at (0,45) width 252: ".three {font: 150%/150% sans-serif;}"
          text run at (252,45) width 0: " "
          text run at (0,60) width 231: ".four {font: small/200% cursive;}"
          text run at (231,60) width 0: " "
          text run at (0,75) width 399: ".five {font: italic small-caps 900 150%/150% sans-serif;}"
          text run at (399,75) width 0: " "
          text run at (0,90) width 392: ".six {font: italic small-caps 100 150%/300% sans-serif;}"
          text run at (392,90) width 0: " "
          text run at (0,105) width 392: ".seven {font: italic small-caps 900 150%/2em monospace;}"
          text run at (392,105) width 0: " "
          text run at (0,120) width 399: ".eight {font: italic small-caps 500 150%/1in sans-serif;}"
          text run at (399,120) width 0: " "
          text run at (0,135) width 378: ".nine {font: oblique normal 700 18px/200% sans-serif;}"
          text run at (378,135) width 0: " "
          text run at (0,150) width 301: ".ten {font: normal 400 80%/2.5 sans-serif;}"
          text run at (301,150) width 0: " "
          text run at (0,165) width 266: "SPAN.color {background-color: silver;}"
          text run at (266,165) width 0: " "
      LayoutBlockFlow {HR} at (0,220) size 769x2 [border: (1px inset #EEEEEE)]
      LayoutBlockFlow {P} at (0,234) size 769x16
        LayoutText {#text} at (0,0) size 721x15
          text run at (0,0) width 431: "This element is unstyled, and should inherit a font-size of 12px from the BODY element. "
          text run at (431,0) width 290: "This is the \"base font size\" referred to in the following tests."
      LayoutBlockFlow {P} at (0,267.33) size 769x21
        LayoutText {#text} at (0,0) size 559x20
          text run at (0,0) width 559: "This element should be 13pt. Helvetica which is in small-cap italics."
      LayoutBlockFlow {P} at (0,306.33) size 769x81
        LayoutText {#text} at (0,3) size 760x74
          text run at (0,3) width 278: "This element should be in a serif font. "
          text run at (278,3) width 472: "Its font-size should be 150% the base font size, and its line-height"
          text run at (0,30) width 417: "should 150% of that value (18px and 27px, respectively). "
          text run at (417,30) width 343: "Extra text is included for the purposes of testing"
          text run at (0,57) width 151: "this more effectively."
      LayoutBlockFlow {P} at (0,405.33) size 769x81
        LayoutText {#text} at (0,3) size 757x75
          text run at (0,3) width 348: "This element should be in a sans-serif font. "
          text run at (348,3) width 409: "Its font-size should be 150% the base font size, and"
          text run at (0,30) width 566: "its line-height should 150% of that value (18px and 27px, respectively). "
          text run at (566,30) width 190: "Extra text is included for"
          text run at (0,57) width 349: "the purposes of testing this more effectively."
      LayoutBlockFlow {P} at (0,504.33) size 769x80
        LayoutText {#text} at (0,4) size 726x44
          text run at (0,4) width 705: "This element should be in a cursive font, 'small' in size, with a line-height 200% the height of the text's actual size. "
          text run at (705,4) width 21: "For"
          text run at (0,30) width 189: "example, if the font-size value "
        LayoutInline {CODE} at (0,0) size 30x12
          LayoutText {#text} at (189,35) size 30x12
            text run at (189,35) width 30: "small"
        LayoutText {#text} at (219,30) size 753x46
          text run at (219,30) width 359: " is calculated at 10px, then the line-height should be 20px. "
          text run at (578,30) width 175: "The actual value of the font-"
          text run at (0,58) width 136: "size is UA-dependent. "
          text run at (136,58) width 434: "Extra text is included for the purposes of testing this more effectively."
      LayoutBlockFlow {P} at (0,602.33) size 769x135
        LayoutText {#text} at (0,0) size 755x134
          text run at (0,0) width 720: "This element should be in a sans-serif font, italicized and small caps,"
          text run at (0,27) width 221: "with a weight of 900. "
          text run at (221,27) width 534: "Its font-size should be 150% the base font size, and"
          text run at (0,54) width 623: "its line-height should be 150% of that value (18px and 27px,"
          text run at (0,81) width 149: "respectively). "
          text run at (148,81) width 570: "Extra text is included for the purposes of testing this"
          text run at (0,108) width 177: "more effectively."
      LayoutBlockFlow {P} at (0,755.33) size 769x216
        LayoutText {#text} at (0,16) size 760x184
          text run at (0,16) width 760: "This element should be in a sans-serif font, italicized and small caps, with a weight of"
          text run at (0,70) width 40: "100. "
          text run at (40,70) width 681: "Its font-size should be 150% the base font size, and its line-height should be"
          text run at (0,124) width 439: "300% of that value (18px and 54px, respectively). "
          text run at (438,124) width 269: "Extra text is included for the"
          text run at (0,178) width 377: "purposes of testing this more effectively."
      LayoutBlockFlow {P} at (0,989.33) size 769x144
        LayoutText {#text} at (0,8) size 750x128
          text run at (0,8) width 750: "This element should be in a monospace font, italicized and small caps, with a weight of"
          text run at (0,44) width 55: "900. "
          text run at (55,44) width 687: "Its font-size should be 150% the base font size, and its line-height should be"
          text run at (0,80) width 618: "2em, or twice the element's font size (18px and 36px, respectively). "
          text run at (618,80) width 113: "Extra text is"
          text run at (0,116) width 499: "included for the purposes of testing this more effectively."
      LayoutBlockFlow {P} at (0,1151.33) size 769x384
        LayoutText {#text} at (0,37) size 760x310
          text run at (0,37) width 760: "This element should be in a sans-serif font, italicized and small caps, with a weight of"
          text run at (0,133) width 40: "500. "
          text run at (40,133) width 666: "Its font-size should be 150% the base font size, or 18px, and its line-height"
          text run at (0,229) width 128: "should be 1in. "
          text run at (128,229) width 543: "Extra text is included for the purposes of testing this more"
          text run at (0,325) width 102: "effectively."
      LayoutBlockFlow {P} at (0,1553.33) size 769x144
        LayoutText {#text} at (0,7) size 763x129
          text run at (0,7) width 763: "This element should be in a sans-serif font, oblique and not small-caps, with a weight of"
          text run at (0,43) width 40: "700. "
          text run at (40,43) width 674: "Its font-size should be 18 pixels, and its line-height should be 36px (200% this"
          text run at (0,79) width 181: "element's font size). "
          text run at (181,79) width 509: "Extra text is included for the purposes of testing this more"
          text run at (0,115) width 97: "effectively."
      LayoutBlockFlow {P} at (0,1715.33) size 769x46
        LayoutText {#text} at (0,5) size 760x36
          text run at (0,5) width 305: "This element should be in a sans-serif font, with a weight of 400. "
          text run at (305,5) width 455: "Its font-size should be 80% of 12px, or 9.6px, and its line-height shoud be 2.5 times that, or 24px."
          text run at (0,28) width 321: "Extra text is included for the purposes of testing this more effectively."
      LayoutBlockFlow {P} at (0,1779.33) size 769x270
        LayoutInline {SPAN} at (0,0) size 760x238 [bgcolor=#C0C0C0]
          LayoutText {#text} at (0,16) size 760x238
            text run at (0,16) width 760: "This element should be in a sans-serif font, italicized and small caps, with a weight of"
            text run at (0,70) width 40: "100. "
            text run at (40,70) width 681: "Its font-size should be 150% the base font size, and its line-height should be"
            text run at (0,124) width 699: "300% of that value (18px and 54px, respectively). The text should have a silver"
            text run at (0,178) width 728: "background. The background color has been set on an inline element and should"
            text run at (0,232) width 510: "therefore only cover the text, not the interline spacing."
        LayoutText {#text} at (0,0) size 0x0
      LayoutTable {TABLE} at (0,2067.33) size 769x2640 [border: (1px outset #808080)]
        LayoutTableSection {TBODY} at (1,1) size 767x2638
          LayoutTableRow {TR} at (0,0) size 767x28
            LayoutTableCell {TD} at (0,0) size 767x28 [bgcolor=#C0C0C0] [border: (1px inset #808080)] [r=0 c=0 rs=1 cs=2]
              LayoutInline {STRONG} at (0,0) size 157x19
                LayoutText {#text} at (4,4) size 157x19
                  text run at (4,4) width 157: "TABLE Testing Section"
          LayoutTableRow {TR} at (0,28) size 767x2610
            LayoutTableCell {TD} at (0,1319) size 12x28 [bgcolor=#C0C0C0] [border: (1px inset #808080)] [r=1 c=0 rs=1 cs=1]
              LayoutText {#text} at (4,4) size 4x19
                text run at (4,4) width 4: " "
            LayoutTableCell {TD} at (12,28) size 755x2610.33 [border: (1px inset #808080)] [r=1 c=1 rs=1 cs=1]
              LayoutBlockFlow {P} at (4,4) size 747x40
                LayoutText {#text} at (0,0) size 738x39
                  text run at (0,0) width 531: "This element is unstyled, and should inherit a font-size of 12px from the BODY element. "
                  text run at (531,0) width 207: "This is the \"base font size\" referred"
                  text run at (0,20) width 141: "to in the following tests."
              LayoutBlockFlow {P} at (4,61.33) size 747x21
                LayoutText {#text} at (0,0) size 559x20
                  text run at (0,0) width 559: "This element should be 13pt. Helvetica which is in small-cap italics."
              LayoutBlockFlow {P} at (4,106.33) size 747x144
                LayoutText {#text} at (0,4) size 725x135
                  text run at (0,4) width 367: "This element should be in a serif font. "
                  text run at (367,4) width 358: "Its font-size should be 150% the base"
                  text run at (0,40) width 685: "font size, and its line-height should 150% of that value (18px and 27px,"
                  text run at (0,76) width 136: "respectively). "
                  text run at (136,76) width 556: "Extra text is included for the purposes of testing this more"
                  text run at (0,112) width 107: "effectively."
              LayoutBlockFlow {P} at (4,274.33) size 747x144
                LayoutText {#text} at (0,4) size 708x135
                  text run at (0,4) width 471: "This element should be in a sans-serif font. "
                  text run at (471,4) width 237: "Its font-size should be"
                  text run at (0,40) width 685: "150% the base font size, and its line-height should 150% of that"
                  text run at (0,76) width 391: "value (18px and 27px, respectively). "
                  text run at (391,76) width 299: "Extra text is included for the"
                  text run at (0,112) width 430: "purposes of testing this more effectively."
              LayoutBlockFlow {P} at (4,442.33) size 747x80
                LayoutText {#text} at (0,4) size 726x44
                  text run at (0,4) width 705: "This element should be in a cursive font, 'small' in size, with a line-height 200% the height of the text's actual size. "
                  text run at (705,4) width 21: "For"
                  text run at (0,30) width 189: "example, if the font-size value "
                LayoutInline {CODE} at (0,0) size 30x12
                  LayoutText {#text} at (189,35) size 30x12
                    text run at (189,35) width 30: "small"
                LayoutText {#text} at (219,30) size 718x46
                  text run at (219,30) width 359: " is calculated at 10px, then the line-height should be 20px. "
                  text run at (578,30) width 140: "The actual value of the"
                  text run at (0,58) width 167: "font-size is UA-dependent. "
                  text run at (167,58) width 434: "Extra text is included for the purposes of testing this more effectively."
              LayoutBlockFlow {P} at (4,546.33) size 747x216
                LayoutText {#text} at (0,1) size 744x213
                  text run at (0,1) width 738: "This element should be in a sans-serif font, italicized"
                  text run at (0,37) width 516: "and small caps, with a weight of 900. "
                  text run at (515,37) width 169: "Its font-size"
                  text run at (0,73) width 744: "should be 150% the base font size, and its line-height"
                  text run at (0,109) width 622: "should be 150% of that value (18px and 27px,"
                  text run at (0,145) width 198: "respectively). "
                  text run at (197,145) width 547: "Extra text is included for the purposes"
                  text run at (0,181) width 446: "of testing this more effectively."
              LayoutBlockFlow {P} at (4,786.33) size 747x360
                LayoutText {#text} at (0,22) size 736x316
                  text run at (0,22) width 683: "This element should be in a sans-serif font, italicized and"
                  text run at (0,94) width 394: "small caps, with a weight of 100. "
                  text run at (394,94) width 338: "Its font-size should be 150%"
                  text run at (0,166) width 731: "the base font size, and its line-height should be 300% of that"
                  text run at (0,238) width 423: "value (18px and 54px, respectively). "
                  text run at (422,238) width 314: "Extra text is included for"
                  text run at (0,310) width 550: "the purposes of testing this more effectively."
              LayoutBlockFlow {P} at (4,1170.33) size 747x156
                LayoutText {#text} at (0,8) size 740x140
                  text run at (0,8) width 740: "This element should be in a monospace font, italicized and small caps, with a weight"
                  text run at (0,47) width 88: "of 900. "
                  text run at (88,47) width 620: "Its font-size should be 150% the base font size, and its line-height"
                  text run at (0,86) width 716: "should be 2em, or twice the element's font size (18px and 36px, respectively)."
                  text run at (0,125) width 636: "Extra text is included for the purposes of testing this more effectively."
              LayoutBlockFlow {P} at (4,1350.33) size 747x480
                LayoutText {#text} at (0,34) size 732x412
                  text run at (0,34) width 683: "This element should be in a sans-serif font, italicized and"
                  text run at (0,130) width 394: "small caps, with a weight of 500. "
                  text run at (394,130) width 338: "Its font-size should be 150%"
                  text run at (0,226) width 723: "the base font size, or 18px, and its line-height should be 1in."
                  text run at (0,322) width 728: "Extra text is included for the purposes of testing this more"
                  text run at (0,418) width 135: "effectively."
              LayoutBlockFlow {P} at (4,1854.33) size 747x144
                LayoutText {#text} at (0,7) size 741x129
                  text run at (0,7) width 741: "This element should be in a sans-serif font, oblique and not small-caps, with a weight"
                  text run at (0,43) width 62: "of 700. "
                  text run at (62,43) width 674: "Its font-size should be 18 pixels, and its line-height should be 36px (200% this"
                  text run at (0,79) width 181: "element's font size). "
                  text run at (181,79) width 509: "Extra text is included for the purposes of testing this more"
                  text run at (0,115) width 97: "effectively."
              LayoutBlockFlow {P} at (4,2016.33) size 747x62
                LayoutText {#text} at (0,7) size 742x47
                  text run at (0,7) width 374: "This element should be in a sans-serif font, with a weight of 400. "
                  text run at (374,7) width 368: "Its font-size should be 80% of 12px, or 9.6px, and its line-height"
                  text run at (0,38) width 196: "shoud be 2.5 times that, or 24px. "
                  text run at (196,38) width 398: "Extra text is included for the purposes of testing this more effectively."
              LayoutBlockFlow {P} at (4,2102.33) size 747x504
                LayoutInline {SPAN} at (0,0) size 742x460 [bgcolor=#C0C0C0]
                  LayoutText {#text} at (0,22) size 742x460
                    text run at (0,22) width 683: "This element should be in a sans-serif font, italicized and"
                    text run at (0,94) width 394: "small caps, with a weight of 100. "
                    text run at (394,94) width 338: "Its font-size should be 150%"
                    text run at (0,166) width 731: "the base font size, and its line-height should be 300% of that"
                    text run at (0,238) width 695: "value (18px and 54px, respectively). The text should have a"
                    text run at (0,310) width 742: "silver background. The background color has been set on an"
                    text run at (0,382) width 737: "inline element and should therefore only cover the text, not"
                    text run at (0,454) width 256: "the interline spacing."
                LayoutText {#text} at (0,0) size 0x0
