layer at (0,0) size 800x600 clip at (0,0) size 785x600 scrollHeight 1324
  LayoutView at (0,0) size 800x600
layer at (0,0) size 785x1324 backgroundClip at (0,0) size 785x600 clip at (0,0) size 785x600
  LayoutBlockFlow {HTML} at (0,0) size 785x1324
    LayoutBlockFlow {BODY} at (8,8) size 769x1308 [bgcolor=#CCCCCC]
      LayoutBlockFlow {P} at (0,0) size 769x20
        LayoutText {#text} at (0,0) size 337x19
          text run at (0,0) width 337: "The style declarations which apply to the text below are:"
      LayoutBlockFlow {PRE} at (0,36) size 769x144
        LayoutText {#text} at (0,0) size 312x144
          text run at (0,0) width 216: "DIV.a {font-family: serif;}"
          text run at (216,0) width 0: " "
          text run at (0,16) width 248: "DIV.b {font-family: monospace;}"
          text run at (248,16) width 0: " "
          text run at (0,32) width 208: ".one {font-family: serif;}"
          text run at (208,32) width 0: " "
          text run at (0,48) width 248: ".two {font-family: sans-serif;}"
          text run at (248,48) width 0: " "
          text run at (0,64) width 240: ".three {font-family: cursive;}"
          text run at (240,64) width 0: " "
          text run at (0,80) width 232: ".four {font-family: fantasy;}"
          text run at (232,80) width 0: " "
          text run at (0,96) width 248: ".five {font-family: monospace;}"
          text run at (248,96) width 0: " "
          text run at (0,112) width 312: ".six {font-family: sans-serif,cursive;}"
          text run at (312,112) width 0: " "
          text run at (0,128) width 304: ".seven {font-family: monospace,serif;}"
          text run at (304,128) width 0: " "
      LayoutBlockFlow {HR} at (0,193) size 769x2 [border: (1px inset #EEEEEE)]
      LayoutBlockFlow {DIV} at (0,211) size 769x198
        LayoutBlockFlow {P} at (0,0) size 769x20
          LayoutText {#text} at (0,0) size 599x19
            text run at (0,0) width 599: "This sentence is normal for the first division, which is the next five sentences; it should be a serif font."
        LayoutBlockFlow {P} at (0,36) size 769x20
          LayoutText {#text} at (0,0) size 228x19
            text run at (0,0) width 228: "This sentence should be in a serif font."
        LayoutBlockFlow {P} at (0,72) size 769x19
          LayoutText {#text} at (0,0) size 301x18
            text run at (0,0) width 301: "This sentence should be in a sans-serif font."
        LayoutBlockFlow {P} at (0,107) size 769x23
          LayoutText {#text} at (0,0) size 299x23
            text run at (0,0) width 299: "This sentence should be in a cursive font."
        LayoutBlockFlow {P} at (0,146) size 769x20
          LayoutText {#text} at (0,0) size 268x20
            text run at (0,0) width 268: "This sentence should be in a fantasy font."
        LayoutBlockFlow {P} at (0,182) size 769x16
          LayoutText {#text} at (0,0) size 352x16
            text run at (0,0) width 352: "This sentence should be in a monospace font."
      LayoutBlockFlow {HR} at (0,422) size 769x2 [border: (1px inset #EEEEEE)]
      LayoutBlockFlow {P} at (0,440) size 769x19
        LayoutText {#text} at (0,0) size 383x18
          text run at (0,0) width 383: "This sentence should be in a sans-serif font, not cursive."
      LayoutBlockFlow {P} at (0,475) size 769x18
        LayoutText {#text} at (0,0) size 550x18
          text run at (0,0) width 550: "This sentence should be in a monospace font, not serif."
      LayoutBlockFlow {HR} at (0,509) size 769x2 [border: (1px inset #EEEEEE)]
      LayoutBlockFlow {DIV} at (0,524) size 769x210
        LayoutBlockFlow {P} at (0,0) size 769x32
          LayoutText {#text} at (0,0) size 768x32
            text run at (0,0) width 768: "This sentence is normal for the first division, which is the next five sentences; it should be a"
            text run at (0,16) width 120: "monospace font."
        LayoutBlockFlow {P} at (0,48) size 769x20
          LayoutText {#text} at (0,0) size 228x19
            text run at (0,0) width 228: "This sentence should be in a serif font."
        LayoutBlockFlow {P} at (0,84) size 769x19
          LayoutText {#text} at (0,0) size 301x18
            text run at (0,0) width 301: "This sentence should be in a sans-serif font."
        LayoutBlockFlow {P} at (0,119) size 769x23
          LayoutText {#text} at (0,0) size 299x23
            text run at (0,0) width 299: "This sentence should be in a cursive font."
        LayoutBlockFlow {P} at (0,158) size 769x20
          LayoutText {#text} at (0,0) size 268x20
            text run at (0,0) width 268: "This sentence should be in a fantasy font."
        LayoutBlockFlow {P} at (0,194) size 769x16
          LayoutText {#text} at (0,0) size 352x16
            text run at (0,0) width 352: "This sentence should be in a monospace font."
      LayoutTable {TABLE} at (0,747) size 769x561 [border: (1px outset #808080)]
        LayoutTableSection {TBODY} at (1,1) size 767x559
          LayoutTableRow {TR} at (0,0) size 767x28
            LayoutTableCell {TD} at (0,0) size 767x28 [bgcolor=#C0C0C0] [border: (1px inset #808080)] [r=0 c=0 rs=1 cs=2]
              LayoutInline {STRONG} at (0,0) size 157x19
                LayoutText {#text} at (4,4) size 157x19
                  text run at (4,4) width 157: "TABLE Testing Section"
          LayoutTableRow {TR} at (0,28) size 767x531
            LayoutTableCell {TD} at (0,279) size 12x28 [bgcolor=#C0C0C0] [border: (1px inset #808080)] [r=1 c=0 rs=1 cs=1]
              LayoutText {#text} at (4,4) size 4x19
                text run at (4,4) width 4: " "
            LayoutTableCell {TD} at (12,28) size 755x531 [border: (1px inset #808080)] [r=1 c=1 rs=1 cs=1]
              LayoutBlockFlow {DIV} at (4,4) size 747x198
                LayoutBlockFlow {P} at (0,0) size 747x20
                  LayoutText {#text} at (0,0) size 599x19
                    text run at (0,0) width 599: "This sentence is normal for the first division, which is the next five sentences; it should be a serif font."
                LayoutBlockFlow {P} at (0,36) size 747x20
                  LayoutText {#text} at (0,0) size 228x19
                    text run at (0,0) width 228: "This sentence should be in a serif font."
                LayoutBlockFlow {P} at (0,72) size 747x19
                  LayoutText {#text} at (0,0) size 301x18
                    text run at (0,0) width 301: "This sentence should be in a sans-serif font."
                LayoutBlockFlow {P} at (0,107) size 747x23
                  LayoutText {#text} at (0,0) size 299x23
                    text run at (0,0) width 299: "This sentence should be in a cursive font."
                LayoutBlockFlow {P} at (0,146) size 747x20
                  LayoutText {#text} at (0,0) size 268x20
                    text run at (0,0) width 268: "This sentence should be in a fantasy font."
                LayoutBlockFlow {P} at (0,182) size 747x16
                  LayoutText {#text} at (0,0) size 352x16
                    text run at (0,0) width 352: "This sentence should be in a monospace font."
              LayoutBlockFlow {HR} at (4,215) size 747x2 [border: (1px inset #EEEEEE)]
              LayoutBlockFlow {P} at (4,233) size 747x19
                LayoutText {#text} at (0,0) size 383x18
                  text run at (0,0) width 383: "This sentence should be in a sans-serif font, not cursive."
              LayoutBlockFlow {P} at (4,268) size 747x18
                LayoutText {#text} at (0,0) size 550x18
                  text run at (0,0) width 550: "This sentence should be in a monospace font, not serif."
              LayoutBlockFlow {HR} at (4,302) size 747x2 [border: (1px inset #EEEEEE)]
              LayoutBlockFlow {DIV} at (4,317) size 747x210
                LayoutBlockFlow {P} at (0,0) size 747x32
                  LayoutText {#text} at (0,0) size 728x32
                    text run at (0,0) width 728: "This sentence is normal for the first division, which is the next five sentences; it should"
                    text run at (0,16) width 160: "be a monospace font."
                LayoutBlockFlow {P} at (0,48) size 747x20
                  LayoutText {#text} at (0,0) size 228x19
                    text run at (0,0) width 228: "This sentence should be in a serif font."
                LayoutBlockFlow {P} at (0,84) size 747x19
                  LayoutText {#text} at (0,0) size 301x18
                    text run at (0,0) width 301: "This sentence should be in a sans-serif font."
                LayoutBlockFlow {P} at (0,119) size 747x23
                  LayoutText {#text} at (0,0) size 299x23
                    text run at (0,0) width 299: "This sentence should be in a cursive font."
                LayoutBlockFlow {P} at (0,158) size 747x20
                  LayoutText {#text} at (0,0) size 268x20
                    text run at (0,0) width 268: "This sentence should be in a fantasy font."
                LayoutBlockFlow {P} at (0,194) size 747x16
                  LayoutText {#text} at (0,0) size 352x16
                    text run at (0,0) width 352: "This sentence should be in a monospace font."
