layer at (0,0) size 800x600
  LayoutView at (0,0) size 800x600
layer at (0,0) size 800x600
  LayoutNGBlockFlow {HTML} at (0,0) size 800x600
    LayoutNGBlockFlow {BODY} at (8,8) size 784x576
      LayoutNGBlockFlow {P} at (0,0) size 784x20
        LayoutText {#text} at (0,0) size 51x19
          text run at (0,0) width 51: "Test for "
        LayoutInline {I} at (0,0) size 697x19
          LayoutInline {A} at (0,0) size 299x19 [color=#0000EE]
            LayoutText {#text} at (51,0) size 299x19
              text run at (51,0) width 299: "http://bugs.webkit.org/show_bug.cgi?id=11916"
          LayoutText {#text} at (350,0) size 398x19
            text run at (350,0) width 398: " REGRESSION (SearchField): RTL search fields are mixed up"
        LayoutText {#text} at (748,0) size 4x19
          text run at (748,0) width 4: "."
      LayoutNGBlockFlow {P} at (0,36) size 784x66
        LayoutTextControl {INPUT} at (0,0) size 156x22 [bgcolor=#FFFFFF] [border: (2px inset #EEEEEE)]
          LayoutFlexibleBox {DIV} at (3,3) size 150x16
            LayoutBlockFlow {DIV} at (12,0) size 138x16
        LayoutText {#text} at (0,0) size 0x0
        LayoutBR {BR} at (156,16) size 0x0
        LayoutTextControl {INPUT} at (0,22) size 216x22 [bgcolor=#FFFFFF] [border: (2px inset #EEEEEE)]
          LayoutFlexibleBox {DIV} at (3,3) size 210x16
            LayoutBlockFlow {DIV} at (12,0) size 198x16
        LayoutText {#text} at (0,0) size 0x0
        LayoutBR {BR} at (216,38) size 0x0
        LayoutTextControl {INPUT} at (0,44) size 156x22 [bgcolor=#FFFFFF] [border: (2px inset #EEEEEE)]
          LayoutFlexibleBox {DIV} at (3,3) size 150x16
            LayoutBlockFlow {DIV} at (12,0) size 138x16
        LayoutText {#text} at (0,0) size 0x0
      LayoutNGBlockFlow {P} at (0,118) size 784x20
        LayoutText {#text} at (0,0) size 37x19
          text run at (0,0) width 37: "PASS"
layer at (23,47) size 138x16
  LayoutBlockFlow {DIV} at (0,0) size 138x16
    LayoutText {#text} at (12,0) size 126x16
      text run at (12,0) width 23 RTL: " \x{5D5}\x{5D6}\x{5D4}\x{5D5}"
      text run at (35,0) width 9: "B"
      text run at (44,0) width 46 RTL: " \x{5D5}\x{5D4}\x{5D9}\x{5D0} \x{5D6}\x{5D4} "
      text run at (90,0) width 9: "A"
      text run at (99,0) width 39 RTL: "\x{5D4}\x{5D5}\x{5D0} \x{5D6}\x{5D4} "
layer at (23,69) size 198x16
  LayoutBlockFlow {DIV} at (0,0) size 198x16
    LayoutText {#text} at (72,0) size 126x16
      text run at (72,0) width 23 RTL: " \x{5D5}\x{5D6}\x{5D4}\x{5D5}"
      text run at (95,0) width 9: "B"
      text run at (104,0) width 46 RTL: " \x{5D5}\x{5D4}\x{5D9}\x{5D0} \x{5D6}\x{5D4} "
      text run at (150,0) width 9: "A"
      text run at (159,0) width 39 RTL: "\x{5D4}\x{5D5}\x{5D0} \x{5D6}\x{5D4} "
layer at (23,91) size 138x16
  LayoutBlockFlow {DIV} at (0,0) size 138x16
layer at (11,51) size 9x9 transparent
  LayoutBlockFlow {DIV} at (0,3.50) size 9x9
layer at (11,73) size 9x9 transparent
  LayoutBlockFlow {DIV} at (0,3.50) size 9x9
layer at (11,95) size 9x9 transparent
  LayoutBlockFlow {DIV} at (0,3.50) size 9x9
caret: position 0 of child 0 {DIV} of child 0 {DIV} of child 0 {DIV} of {#document-fragment} of child 9 {INPUT} of child 3 {P} of body
