layer at (0,0) size 800x600 scrollHeight 768
  LayoutView at (0,0) size 800x600
layer at (0,0) size 800x768 backgroundClip at (0,0) size 800x600 clip at (0,0) size 800x600
  LayoutBlockFlow {HTML} at (0,0) size 800x767.59
    LayoutBlockFlow {BODY} at (8,8) size 784x751.59 [color=#008000] [bgcolor=#CCCCCC]
      LayoutBlockFlow {P} at (0,0) size 784x20
        LayoutText {#text} at (0,0) size 337x19
          text run at (0,0) width 337: "The style declarations which apply to the text below are:"
      LayoutBlockFlow {PRE} at (0,36) size 784x112
        LayoutText {#text} at (0,0) size 272x112
          text run at (0,0) width 160: "BODY {color: green;}"
          text run at (160,0) width 0: " "
          text run at (0,16) width 136: "H3 {color: blue;}"
          text run at (136,16) width 0: " "
          text run at (0,32) width 152: "EM {color: purple;}"
          text run at (152,32) width 0: " "
          text run at (0,48) width 208: ".one {font-style: italic;}"
          text run at (208,48) width 0: " "
          text run at (0,64) width 272: ".two {text-decoration: underline;}"
          text run at (272,64) width 0: " "
          text run at (0,80) width 152: "#two {color: navy;}"
          text run at (152,80) width 0: " "
          text run at (0,96) width 184: ".three {color: purple;}"
          text run at (184,96) width 0: " "
      LayoutBlockFlow {H3} at (0,181.72) size 784x24 [color=#0000FF]
        LayoutText {#text} at (0,0) size 221x22
          text run at (0,0) width 221: "This sentence should show "
        LayoutInline {STRONG} at (0,0) size 34x22
          LayoutText {#text} at (221,0) size 34x22
            text run at (221,0) width 34: "blue"
        LayoutText {#text} at (255,0) size 40x22
          text run at (255,0) width 40: " and "
        LayoutInline {EM} at (0,0) size 52x22 [color=#800080]
          LayoutText {#text} at (295,1) size 52x22
            text run at (295,1) width 52: "purple"
        LayoutText {#text} at (347,0) size 5x22
          text run at (347,0) width 5: "."
      LayoutBlockFlow {H3} at (0,224.44) size 784x24 [color=#0000FF]
        LayoutText {#text} at (0,0) size 198x22
          text run at (0,0) width 198: "This sentence should be "
        LayoutInline {SPAN} at (0,0) size 35x22
          LayoutText {#text} at (198,1) size 35x22
            text run at (198,1) width 35: "blue"
        LayoutText {#text} at (233,0) size 100x22
          text run at (233,0) width 100: " throughout."
      LayoutBlockFlow {P} at (0,267.16) size 784x20
        LayoutText {#text} at (0,0) size 215x19
          text run at (0,0) width 215: "This should be green except for the "
        LayoutInline {EM} at (0,0) size 117x19 [color=#800080]
          LayoutText {#text} at (215,0) size 117x19
            text run at (215,0) width 117: "emphasized words"
        LayoutText {#text} at (331,0) size 152x19
          text run at (331,0) width 152: ", which should be purple."
      LayoutBlockFlow {H3} at (0,305.88) size 784x23 [color=#0000FF]
        LayoutText {#text} at (0,0) size 288x22
          text run at (0,0) width 288: "This should be blue and underlined."
      LayoutBlockFlow {P} at (0,347.59) size 784x20
        LayoutText {#text} at (0,0) size 273x19
          text run at (0,0) width 273: "This sentence should be underlined, including "
        LayoutInline {TT} at (0,0) size 72x16
          LayoutText {#text} at (273,3) size 72x16
            text run at (273,3) width 72: "this part"
        LayoutText {#text} at (345,0) size 8x19
          text run at (345,0) width 8: ", "
        LayoutInline {I} at (0,0) size 54x19
          LayoutText {#text} at (353,0) size 54x19
            text run at (353,0) width 54: "this part"
        LayoutText {#text} at (407,0) size 8x19
          text run at (407,0) width 8: ", "
        LayoutInline {EM} at (0,0) size 54x19 [color=#800080]
          LayoutText {#text} at (415,0) size 54x19
            text run at (415,0) width 54: "this part"
        LayoutText {#text} at (469,0) size 34x19
          text run at (469,0) width 34: ", and "
        LayoutInline {STRONG} at (0,0) size 55x19
          LayoutText {#text} at (503,0) size 55x19
            text run at (503,0) width 55: "this part"
        LayoutText {#text} at (558,0) size 4x19
          text run at (558,0) width 4: "."
      LayoutBlockFlow {P} at (0,383.59) size 784x20 [color=#000080]
        LayoutText {#text} at (0,0) size 414x19
          text run at (0,0) width 414: "This sentence should also be underlined, as well as dark blue (navy), "
        LayoutInline {TT} at (0,0) size 152x16
          LayoutText {#text} at (414,3) size 152x16
            text run at (414,3) width 152: "including this part"
        LayoutText {#text} at (566,0) size 4x19
          text run at (566,0) width 4: "."
      LayoutBlockFlow {P} at (0,419.59) size 784x20 [color=#800080]
        LayoutText {#text} at (0,0) size 249x19
          text run at (0,0) width 249: "This sentence should be purple, including "
        LayoutInline {STRONG} at (0,0) size 55x19
          LayoutText {#text} at (249,0) size 55x19
            text run at (249,0) width 55: "this part"
        LayoutText {#text} at (304,0) size 30x19
          text run at (304,0) width 30: " and "
        LayoutInline {SPAN} at (0,0) size 164x19
          LayoutText {#text} at (334,0) size 164x19
            text run at (334,0) width 164: "this part (which is spanned)"
        LayoutText {#text} at (498,0) size 4x19
          text run at (498,0) width 4: "."
      LayoutTable {TABLE} at (0,455.59) size 592x296 [border: (1px outset #808080)]
        LayoutTableSection {TBODY} at (1,1) size 590x294
          LayoutTableRow {TR} at (0,0) size 590x28
            LayoutTableCell {TD} at (0,0) size 590x28 [bgcolor=#C0C0C0] [border: (1px inset #808080)] [r=0 c=0 rs=1 cs=2]
              LayoutInline {STRONG} at (0,0) size 157x19
                LayoutText {#text} at (4,4) size 157x19
                  text run at (4,4) width 157: "TABLE Testing Section"
          LayoutTableRow {TR} at (0,28) size 590x266
            LayoutTableCell {TD} at (0,147) size 12x28 [bgcolor=#C0C0C0] [border: (1px inset #808080)] [r=1 c=0 rs=1 cs=1]
              LayoutText {#text} at (4,4) size 4x19
                text run at (4,4) width 4: " "
            LayoutTableCell {TD} at (12,28) size 578x265.88 [border: (1px inset #808080)] [r=1 c=1 rs=1 cs=1]
              LayoutBlockFlow {H3} at (4,4) size 570x24 [color=#0000FF]
                LayoutText {#text} at (0,0) size 221x22
                  text run at (0,0) width 221: "This sentence should show "
                LayoutInline {STRONG} at (0,0) size 34x22
                  LayoutText {#text} at (221,0) size 34x22
                    text run at (221,0) width 34: "blue"
                LayoutText {#text} at (255,0) size 40x22
                  text run at (255,0) width 40: " and "
                LayoutInline {EM} at (0,0) size 52x22 [color=#800080]
                  LayoutText {#text} at (295,1) size 52x22
                    text run at (295,1) width 52: "purple"
                LayoutText {#text} at (347,0) size 5x22
                  text run at (347,0) width 5: "."
              LayoutBlockFlow {H3} at (4,46.72) size 570x24 [color=#0000FF]
                LayoutText {#text} at (0,0) size 198x22
                  text run at (0,0) width 198: "This sentence should be "
                LayoutInline {SPAN} at (0,0) size 35x22
                  LayoutText {#text} at (198,1) size 35x22
                    text run at (198,1) width 35: "blue"
                LayoutText {#text} at (233,0) size 100x22
                  text run at (233,0) width 100: " throughout."
              LayoutBlockFlow {P} at (4,89.44) size 570x20
                LayoutText {#text} at (0,0) size 215x19
                  text run at (0,0) width 215: "This should be green except for the "
                LayoutInline {EM} at (0,0) size 117x19 [color=#800080]
                  LayoutText {#text} at (215,0) size 117x19
                    text run at (215,0) width 117: "emphasized words"
                LayoutText {#text} at (331,0) size 152x19
                  text run at (331,0) width 152: ", which should be purple."
              LayoutBlockFlow {H3} at (4,128.16) size 570x23 [color=#0000FF]
                LayoutText {#text} at (0,0) size 288x22
                  text run at (0,0) width 288: "This should be blue and underlined."
              LayoutBlockFlow {P} at (4,169.88) size 570x20
                LayoutText {#text} at (0,0) size 273x19
                  text run at (0,0) width 273: "This sentence should be underlined, including "
                LayoutInline {TT} at (0,0) size 72x16
                  LayoutText {#text} at (273,3) size 72x16
                    text run at (273,3) width 72: "this part"
                LayoutText {#text} at (345,0) size 8x19
                  text run at (345,0) width 8: ", "
                LayoutInline {I} at (0,0) size 54x19
                  LayoutText {#text} at (353,0) size 54x19
                    text run at (353,0) width 54: "this part"
                LayoutText {#text} at (407,0) size 8x19
                  text run at (407,0) width 8: ", "
                LayoutInline {EM} at (0,0) size 54x19 [color=#800080]
                  LayoutText {#text} at (415,0) size 54x19
                    text run at (415,0) width 54: "this part"
                LayoutText {#text} at (469,0) size 34x19
                  text run at (469,0) width 34: ", and "
                LayoutInline {STRONG} at (0,0) size 55x19
                  LayoutText {#text} at (503,0) size 55x19
                    text run at (503,0) width 55: "this part"
                LayoutText {#text} at (558,0) size 4x19
                  text run at (558,0) width 4: "."
              LayoutBlockFlow {P} at (4,205.88) size 570x20 [color=#000080]
                LayoutText {#text} at (0,0) size 414x19
                  text run at (0,0) width 414: "This sentence should also be underlined, as well as dark blue (navy), "
                LayoutInline {TT} at (0,0) size 152x16
                  LayoutText {#text} at (414,3) size 152x16
                    text run at (414,3) width 152: "including this part"
                LayoutText {#text} at (566,0) size 4x19
                  text run at (566,0) width 4: "."
              LayoutBlockFlow {P} at (4,241.88) size 570x20 [color=#800080]
                LayoutText {#text} at (0,0) size 249x19
                  text run at (0,0) width 249: "This sentence should be purple, including "
                LayoutInline {STRONG} at (0,0) size 55x19
                  LayoutText {#text} at (249,0) size 55x19
                    text run at (249,0) width 55: "this part"
                LayoutText {#text} at (304,0) size 30x19
                  text run at (304,0) width 30: " and "
                LayoutInline {SPAN} at (0,0) size 164x19
                  LayoutText {#text} at (334,0) size 164x19
                    text run at (334,0) width 164: "this part (which is spanned)"
                LayoutText {#text} at (498,0) size 4x19
                  text run at (498,0) width 4: "."
layer at (8,169) size 784x2 clip at (0,0) size 0x0
  LayoutBlockFlow {HR} at (0,161) size 784x2 [border: (1px inset #EEEEEE)]
