layer at (0,0) size 800x600
  LayoutView at (0,0) size 800x600
layer at (0,0) size 800x600
  LayoutNGBlockFlow {HTML} at (0,0) size 800x600
    LayoutNGBlockFlow {BODY} at (8,8) size 784x584
      LayoutNGBlockFlow {P} at (0,0) size 784x40
        LayoutText {#text} at (0,0) size 760x39
          text run at (0,0) width 760: "This page tests using attributes to set style on embed elements. Previous versions of WebKit supported valign and border,"
          text run at (0,20) width 494: "which didn't match IE and FF. The only special support should be for 'hidden.'"
      LayoutNGBlockFlow {DIV} at (0,66) size 784x0
      LayoutNGBlockFlow {DIV} at (0,66) size 784x105
        LayoutText {#text} at (50,85) size 122x19
          text run at (50,85) width 122: " valign top attribute"
      LayoutNGBlockFlow {DIV} at (0,171) size 784x105
        LayoutText {#text} at (50,85) size 128x19
          text run at (50,85) width 128: " border 5px attribute"
      LayoutNGBlockFlow {DIV} at (0,276) size 784x107
        LayoutText {#text} at (52,87) size 102x19
          text run at (52,87) width 102: " hidden attribute"
layer at (8,64) size 784x2 clip at (0,0) size 0x0
  LayoutNGBlockFlow {HR} at (0,56) size 784x2 [border: (1px inset #EEEEEE)]
layer at (8,74) size 50x100
  LayoutEmbeddedObject (relative positioned) {EMBED} at (0,0) size 50x100
layer at (8,179) size 50x100
  LayoutEmbeddedObject (relative positioned) {EMBED} at (0,0) size 50x100
layer at (8,284) size 52x102
  LayoutEmbeddedObject (relative positioned) {EMBED} at (0,0) size 52x102 [border: (1px dashed #000000)]
