layer at (0,0) size 800x600 clip at (0,0) size 785x600 scrollHeight 2642
  LayoutView at (0,0) size 800x600
layer at (0,0) size 785x2642 backgroundClip at (0,0) size 785x600 clip at (0,0) size 785x600
  LayoutBlockFlow {HTML} at (0,0) size 785x2642
    LayoutBlockFlow {BODY} at (8,8) size 769x2626
      LayoutBlockFlow (anonymous) at (0,0) size 769x40
        LayoutBR {BR} at (0,0) size 0x19
        LayoutText {#text} at (0,20) size 74x19
          text run at (0,20) width 74: "table - color"
      LayoutTable {TABLE} at (0,40) size 68x38 [bgcolor=#FFA500] [border: (1px outset #808080)]
        LayoutTableSection {TBODY} at (1,1) size 66x36
          LayoutTableRow {TR} at (0,6) size 66x24
            LayoutTableCell {TD} at (6,6) size 24x24 [border: (1px inset #808080)] [r=0 c=0 rs=1 cs=1]
              LayoutText {#text} at (2,2) size 20x19
                text run at (2,2) width 20: "foo"
            LayoutTableCell {TD} at (36,6) size 24x24 [border: (1px inset #808080)] [r=0 c=1 rs=1 cs=1]
              LayoutText {#text} at (2,2) size 20x19
                text run at (2,2) width 20: "bar"
      LayoutBlockFlow (anonymous) at (0,78) size 769x40
        LayoutBR {BR} at (0,0) size 0x19
        LayoutText {#text} at (0,20) size 78x19
          text run at (0,20) width 78: "table - image"
      LayoutTable {TABLE} at (0,118) size 68x38 [border: (1px outset #808080)]
        LayoutTableSection {TBODY} at (1,1) size 66x36
          LayoutTableRow {TR} at (0,6) size 66x24
            LayoutTableCell {TD} at (6,6) size 24x24 [border: (1px inset #808080)] [r=0 c=0 rs=1 cs=1]
              LayoutText {#text} at (2,2) size 20x19
                text run at (2,2) width 20: "foo"
            LayoutTableCell {TD} at (36,6) size 24x24 [border: (1px inset #808080)] [r=0 c=1 rs=1 cs=1]
              LayoutText {#text} at (2,2) size 20x19
                text run at (2,2) width 20: "bar"
      LayoutBlockFlow (anonymous) at (0,156) size 769x40
        LayoutBR {BR} at (0,0) size 0x19
        LayoutText {#text} at (0,20) size 117x19
          text run at (0,20) width 117: "table - color, image"
      LayoutTable {TABLE} at (0,196) size 68x38 [bgcolor=#FFA500] [border: (1px outset #808080)]
        LayoutTableSection {TBODY} at (1,1) size 66x36
          LayoutTableRow {TR} at (0,6) size 66x24
            LayoutTableCell {TD} at (6,6) size 24x24 [border: (1px inset #808080)] [r=0 c=0 rs=1 cs=1]
              LayoutText {#text} at (2,2) size 20x19
                text run at (2,2) width 20: "foo"
            LayoutTableCell {TD} at (36,6) size 24x24 [border: (1px inset #808080)] [r=0 c=1 rs=1 cs=1]
              LayoutText {#text} at (2,2) size 20x19
                text run at (2,2) width 20: "bar"
      LayoutBlockFlow (anonymous) at (0,234) size 769x40
        LayoutBR {BR} at (0,0) size 0x19
        LayoutText {#text} at (0,20) size 65x19
          text run at (0,20) width 65: "cell - color"
      LayoutTable {TABLE} at (0,274) size 68x38 [border: (1px outset #808080)]
        LayoutTableSection {TBODY} at (1,1) size 66x36
          LayoutTableRow {TR} at (0,6) size 66x24
            LayoutTableCell {TD} at (6,6) size 24x24 [bgcolor=#FF55DD] [border: (1px inset #808080)] [r=0 c=0 rs=1 cs=1]
              LayoutText {#text} at (2,2) size 20x19
                text run at (2,2) width 20: "foo"
            LayoutTableCell {TD} at (36,6) size 24x24 [border: (1px inset #808080)] [r=0 c=1 rs=1 cs=1]
              LayoutText {#text} at (2,2) size 20x19
                text run at (2,2) width 20: "bar"
      LayoutBlockFlow (anonymous) at (0,312) size 769x40
        LayoutBR {BR} at (0,0) size 0x19
        LayoutText {#text} at (0,20) size 69x19
          text run at (0,20) width 69: "cell - image"
      LayoutTable {TABLE} at (0,352) size 68x38 [border: (1px outset #808080)]
        LayoutTableSection {TBODY} at (1,1) size 66x36
          LayoutTableRow {TR} at (0,6) size 66x24
            LayoutTableCell {TD} at (6,6) size 24x24 [border: (1px inset #808080)] [r=0 c=0 rs=1 cs=1]
              LayoutText {#text} at (2,2) size 20x19
                text run at (2,2) width 20: "foo"
            LayoutTableCell {TD} at (36,6) size 24x24 [border: (1px inset #808080)] [r=0 c=1 rs=1 cs=1]
              LayoutText {#text} at (2,2) size 20x19
                text run at (2,2) width 20: "bar"
      LayoutBlockFlow (anonymous) at (0,390) size 769x40
        LayoutBR {BR} at (0,0) size 0x19
        LayoutText {#text} at (0,20) size 108x19
          text run at (0,20) width 108: "cell - color, image"
      LayoutTable {TABLE} at (0,430) size 68x38 [border: (1px outset #808080)]
        LayoutTableSection {TBODY} at (1,1) size 66x36
          LayoutTableRow {TR} at (0,6) size 66x24
            LayoutTableCell {TD} at (6,6) size 24x24 [bgcolor=#FF55DD] [border: (1px inset #808080)] [r=0 c=0 rs=1 cs=1]
              LayoutText {#text} at (2,2) size 20x19
                text run at (2,2) width 20: "foo"
            LayoutTableCell {TD} at (36,6) size 24x24 [border: (1px inset #808080)] [r=0 c=1 rs=1 cs=1]
              LayoutText {#text} at (2,2) size 20x19
                text run at (2,2) width 20: "bar"
      LayoutBlockFlow (anonymous) at (0,468) size 769x40
        LayoutBR {BR} at (0,0) size 0x19
        LayoutText {#text} at (0,20) size 147x19
          text run at (0,20) width 147: "table - color; cell - color"
      LayoutTable {TABLE} at (0,508) size 68x38 [bgcolor=#FFA500] [border: (1px outset #808080)]
        LayoutTableSection {TBODY} at (1,1) size 66x36
          LayoutTableRow {TR} at (0,6) size 66x24
            LayoutTableCell {TD} at (6,6) size 24x24 [bgcolor=#FF55DD] [border: (1px inset #808080)] [r=0 c=0 rs=1 cs=1]
              LayoutText {#text} at (2,2) size 20x19
                text run at (2,2) width 20: "foo"
            LayoutTableCell {TD} at (36,6) size 24x24 [border: (1px inset #808080)] [r=0 c=1 rs=1 cs=1]
              LayoutText {#text} at (2,2) size 20x19
                text run at (2,2) width 20: "bar"
      LayoutBlockFlow (anonymous) at (0,546) size 769x40
        LayoutBR {BR} at (0,0) size 0x19
        LayoutText {#text} at (0,20) size 151x19
          text run at (0,20) width 151: "table - image; cell - color"
      LayoutTable {TABLE} at (0,586) size 68x38 [border: (1px outset #808080)]
        LayoutTableSection {TBODY} at (1,1) size 66x36
          LayoutTableRow {TR} at (0,6) size 66x24
            LayoutTableCell {TD} at (6,6) size 24x24 [bgcolor=#FF55DD] [border: (1px inset #808080)] [r=0 c=0 rs=1 cs=1]
              LayoutText {#text} at (2,2) size 20x19
                text run at (2,2) width 20: "foo"
            LayoutTableCell {TD} at (36,6) size 24x24 [border: (1px inset #808080)] [r=0 c=1 rs=1 cs=1]
              LayoutText {#text} at (2,2) size 20x19
                text run at (2,2) width 20: "bar"
      LayoutBlockFlow (anonymous) at (0,624) size 769x40
        LayoutBR {BR} at (0,0) size 0x19
        LayoutText {#text} at (0,20) size 155x19
          text run at (0,20) width 155: "table - image; cell - image"
      LayoutTable {TABLE} at (0,664) size 68x38 [border: (1px outset #808080)]
        LayoutTableSection {TBODY} at (1,1) size 66x36
          LayoutTableRow {TR} at (0,6) size 66x24
            LayoutTableCell {TD} at (6,6) size 24x24 [border: (1px inset #808080)] [r=0 c=0 rs=1 cs=1]
              LayoutText {#text} at (2,2) size 20x19
                text run at (2,2) width 20: "foo"
            LayoutTableCell {TD} at (36,6) size 24x24 [border: (1px inset #808080)] [r=0 c=1 rs=1 cs=1]
              LayoutText {#text} at (2,2) size 20x19
                text run at (2,2) width 20: "bar"
      LayoutBlockFlow (anonymous) at (0,702) size 769x40
        LayoutBR {BR} at (0,0) size 0x19
        LayoutText {#text} at (0,20) size 98x19
          text run at (0,20) width 98: "row group color"
      LayoutTable {TABLE} at (0,742) size 68x38 [border: (1px outset #808080)]
        LayoutTableSection {TBODY} at (1,1) size 66x36 [bgcolor=#FF0000]
          LayoutTableRow {TR} at (0,6) size 66x24
            LayoutTableCell {TD} at (6,6) size 24x24 [border: (1px inset #808080)] [r=0 c=0 rs=1 cs=1]
              LayoutText {#text} at (2,2) size 20x19
                text run at (2,2) width 20: "foo"
            LayoutTableCell {TD} at (36,6) size 24x24 [border: (1px inset #808080)] [r=0 c=1 rs=1 cs=1]
              LayoutText {#text} at (2,2) size 20x19
                text run at (2,2) width 20: "bar"
      LayoutBlockFlow (anonymous) at (0,780) size 769x40
        LayoutBR {BR} at (0,0) size 0x19
        LayoutText {#text} at (0,20) size 98x19
          text run at (0,20) width 98: "row group color"
      LayoutTable {TABLE} at (0,820) size 68x68 [border: (1px outset #808080)]
        LayoutTableSection {TBODY} at (1,1) size 66x36 [bgcolor=#FF0000]
          LayoutTableRow {TR} at (0,6) size 66x24
            LayoutTableCell {TD} at (6,6) size 24x24 [border: (1px inset #808080)] [r=0 c=0 rs=1 cs=1]
              LayoutText {#text} at (2,2) size 20x19
                text run at (2,2) width 20: "foo"
            LayoutTableCell {TD} at (36,6) size 24x24 [border: (1px inset #808080)] [r=0 c=1 rs=1 cs=1]
              LayoutText {#text} at (2,2) size 20x19
                text run at (2,2) width 20: "bar"
        LayoutTableSection {TBODY} at (1,37) size 66x30
          LayoutTableRow {TR} at (0,0) size 66x24
            LayoutTableCell {TD} at (6,0) size 24x24 [border: (1px inset #808080)] [r=0 c=0 rs=1 cs=1]
              LayoutText {#text} at (2,2) size 20x19
                text run at (2,2) width 20: "foo"
            LayoutTableCell {TD} at (36,0) size 24x24 [border: (1px inset #808080)] [r=0 c=1 rs=1 cs=1]
              LayoutText {#text} at (2,2) size 20x19
                text run at (2,2) width 20: "bar"
      LayoutBlockFlow (anonymous) at (0,888) size 769x40
        LayoutBR {BR} at (0,0) size 0x19
        LayoutText {#text} at (0,20) size 59x19
          text run at (0,20) width 59: "row color"
      LayoutTable {TABLE} at (0,928) size 68x38 [border: (1px outset #808080)]
        LayoutTableSection {TBODY} at (1,1) size 66x36
          LayoutTableRow {TR} at (0,6) size 66x24 [bgcolor=#FF0000]
            LayoutTableCell {TD} at (6,6) size 24x24 [border: (1px inset #808080)] [r=0 c=0 rs=1 cs=1]
              LayoutText {#text} at (2,2) size 20x19
                text run at (2,2) width 20: "foo"
            LayoutTableCell {TD} at (36,6) size 24x24 [border: (1px inset #808080)] [r=0 c=1 rs=1 cs=1]
              LayoutText {#text} at (2,2) size 20x19
                text run at (2,2) width 20: "bar"
      LayoutBlockFlow (anonymous) at (0,966) size 769x40
        LayoutBR {BR} at (0,0) size 0x19
        LayoutText {#text} at (0,20) size 59x19
          text run at (0,20) width 59: "row color"
      LayoutTable {TABLE} at (0,1006) size 68x68 [border: (1px outset #808080)]
        LayoutTableSection {TBODY} at (1,1) size 66x66
          LayoutTableRow {TR} at (0,6) size 66x24 [bgcolor=#FF0000]
            LayoutTableCell {TD} at (6,6) size 24x24 [border: (1px inset #808080)] [r=0 c=0 rs=1 cs=1]
              LayoutText {#text} at (2,2) size 20x19
                text run at (2,2) width 20: "foo"
            LayoutTableCell {TD} at (36,6) size 24x24 [border: (1px inset #808080)] [r=0 c=1 rs=1 cs=1]
              LayoutText {#text} at (2,2) size 20x19
                text run at (2,2) width 20: "bar"
          LayoutTableRow {TR} at (0,36) size 66x24
            LayoutTableCell {TD} at (6,36) size 24x24 [border: (1px inset #808080)] [r=1 c=0 rs=1 cs=1]
              LayoutText {#text} at (2,2) size 20x19
                text run at (2,2) width 20: "foo"
            LayoutTableCell {TD} at (36,36) size 24x24 [border: (1px inset #808080)] [r=1 c=1 rs=1 cs=1]
              LayoutText {#text} at (2,2) size 20x19
                text run at (2,2) width 20: "bar"
      LayoutBlockFlow (anonymous) at (0,1074) size 769x40
        LayoutBR {BR} at (0,0) size 0x19
        LayoutText {#text} at (0,20) size 63x19
          text run at (0,20) width 63: "row image"
      LayoutTable {TABLE} at (0,1114) size 68x38 [border: (1px outset #808080)]
        LayoutTableSection {TBODY} at (1,1) size 66x36
          LayoutTableRow {TR} at (0,6) size 66x24
            LayoutTableCell {TD} at (6,6) size 24x24 [border: (1px inset #808080)] [r=0 c=0 rs=1 cs=1]
              LayoutText {#text} at (2,2) size 20x19
                text run at (2,2) width 20: "foo"
            LayoutTableCell {TD} at (36,6) size 24x24 [border: (1px inset #808080)] [r=0 c=1 rs=1 cs=1]
              LayoutText {#text} at (2,2) size 20x19
                text run at (2,2) width 20: "bar"
      LayoutBlockFlow (anonymous) at (0,1152) size 769x40
        LayoutBR {BR} at (0,0) size 0x19
        LayoutText {#text} at (0,20) size 141x19
          text run at (0,20) width 141: "table - color, row color"
      LayoutTable {TABLE} at (0,1192) size 68x68 [bgcolor=#FFA500] [border: (1px outset #808080)]
        LayoutTableSection {TBODY} at (1,1) size 66x66
          LayoutTableRow {TR} at (0,6) size 66x24 [bgcolor=#FF0000]
            LayoutTableCell {TD} at (6,6) size 24x24 [border: (1px inset #808080)] [r=0 c=0 rs=1 cs=1]
              LayoutText {#text} at (2,2) size 20x19
                text run at (2,2) width 20: "foo"
            LayoutTableCell {TD} at (36,6) size 24x24 [border: (1px inset #808080)] [r=0 c=1 rs=1 cs=1]
              LayoutText {#text} at (2,2) size 20x19
                text run at (2,2) width 20: "bar"
          LayoutTableRow {TR} at (0,36) size 66x24
            LayoutTableCell {TD} at (6,36) size 24x24 [border: (1px inset #808080)] [r=1 c=0 rs=1 cs=1]
              LayoutText {#text} at (2,2) size 20x19
                text run at (2,2) width 20: "foo"
            LayoutTableCell {TD} at (36,36) size 24x24 [border: (1px inset #808080)] [r=1 c=1 rs=1 cs=1]
              LayoutText {#text} at (2,2) size 20x19
                text run at (2,2) width 20: "bar"
      LayoutBlockFlow (anonymous) at (0,1260) size 769x40
        LayoutBR {BR} at (0,0) size 0x19
        LayoutText {#text} at (0,20) size 145x19
          text run at (0,20) width 145: "table - image, row color"
      LayoutTable {TABLE} at (0,1300) size 68x68 [border: (1px outset #808080)]
        LayoutTableSection {TBODY} at (1,1) size 66x66
          LayoutTableRow {TR} at (0,6) size 66x24 [bgcolor=#FF0000]
            LayoutTableCell {TD} at (6,6) size 24x24 [border: (1px inset #808080)] [r=0 c=0 rs=1 cs=1]
              LayoutText {#text} at (2,2) size 20x19
                text run at (2,2) width 20: "foo"
            LayoutTableCell {TD} at (36,6) size 24x24 [border: (1px inset #808080)] [r=0 c=1 rs=1 cs=1]
              LayoutText {#text} at (2,2) size 20x19
                text run at (2,2) width 20: "bar"
          LayoutTableRow {TR} at (0,36) size 66x24
            LayoutTableCell {TD} at (6,36) size 24x24 [border: (1px inset #808080)] [r=1 c=0 rs=1 cs=1]
              LayoutText {#text} at (2,2) size 20x19
                text run at (2,2) width 20: "foo"
            LayoutTableCell {TD} at (36,36) size 24x24 [border: (1px inset #808080)] [r=1 c=1 rs=1 cs=1]
              LayoutText {#text} at (2,2) size 20x19
                text run at (2,2) width 20: "bar"
      LayoutBlockFlow (anonymous) at (0,1368) size 769x40
        LayoutBR {BR} at (0,0) size 0x19
        LayoutText {#text} at (0,20) size 145x19
          text run at (0,20) width 145: "table - color; row image"
      LayoutTable {TABLE} at (0,1408) size 68x38 [bgcolor=#FFA500] [border: (1px outset #808080)]
        LayoutTableSection {TBODY} at (1,1) size 66x36
          LayoutTableRow {TR} at (0,6) size 66x24
            LayoutTableCell {TD} at (6,6) size 24x24 [border: (1px inset #808080)] [r=0 c=0 rs=1 cs=1]
              LayoutText {#text} at (2,2) size 20x19
                text run at (2,2) width 20: "foo"
            LayoutTableCell {TD} at (36,6) size 24x24 [border: (1px inset #808080)] [r=0 c=1 rs=1 cs=1]
              LayoutText {#text} at (2,2) size 20x19
                text run at (2,2) width 20: "bar"
      LayoutBlockFlow (anonymous) at (0,1446) size 769x40
        LayoutBR {BR} at (0,0) size 0x19
        LayoutText {#text} at (0,20) size 149x19
          text run at (0,20) width 149: "table - image, row image"
      LayoutTable {TABLE} at (0,1486) size 68x38 [border: (1px outset #808080)]
        LayoutTableSection {TBODY} at (1,1) size 66x36
          LayoutTableRow {TR} at (0,6) size 66x24
            LayoutTableCell {TD} at (6,6) size 24x24 [border: (1px inset #808080)] [r=0 c=0 rs=1 cs=1]
              LayoutText {#text} at (2,2) size 20x19
                text run at (2,2) width 20: "foo"
            LayoutTableCell {TD} at (36,6) size 24x24 [border: (1px inset #808080)] [r=0 c=1 rs=1 cs=1]
              LayoutText {#text} at (2,2) size 20x19
                text run at (2,2) width 20: "bar"
      LayoutBlockFlow (anonymous) at (0,1524) size 769x40
        LayoutBR {BR} at (0,0) size 0x19
        LayoutText {#text} at (0,20) size 204x19
          text run at (0,20) width 204: "table - color; row color; cell color"
      LayoutTable {TABLE} at (0,1564) size 68x68 [bgcolor=#FFA500] [border: (1px outset #808080)]
        LayoutTableSection {TBODY} at (1,1) size 66x66
          LayoutTableRow {TR} at (0,6) size 66x24 [bgcolor=#FF0000]
            LayoutTableCell {TD} at (6,6) size 24x24 [bgcolor=#FF55DD] [border: (1px inset #808080)] [r=0 c=0 rs=1 cs=1]
              LayoutText {#text} at (2,2) size 20x19
                text run at (2,2) width 20: "foo"
            LayoutTableCell {TD} at (36,6) size 24x24 [border: (1px inset #808080)] [r=0 c=1 rs=1 cs=1]
              LayoutText {#text} at (2,2) size 20x19
                text run at (2,2) width 20: "bar"
          LayoutTableRow {TR} at (0,36) size 66x24
            LayoutTableCell {TD} at (6,36) size 24x24 [border: (1px inset #808080)] [r=1 c=0 rs=1 cs=1]
              LayoutText {#text} at (2,2) size 20x19
                text run at (2,2) width 20: "foo"
            LayoutTableCell {TD} at (36,36) size 24x24 [border: (1px inset #808080)] [r=1 c=1 rs=1 cs=1]
              LayoutText {#text} at (2,2) size 20x19
                text run at (2,2) width 20: "bar"
      LayoutBlockFlow (anonymous) at (0,1632) size 769x40
        LayoutBR {BR} at (0,0) size 0x19
        LayoutText {#text} at (0,20) size 208x19
          text run at (0,20) width 208: "table - image; row color; cell color"
      LayoutTable {TABLE} at (0,1672) size 68x68 [border: (1px outset #808080)]
        LayoutTableSection {TBODY} at (1,1) size 66x66
          LayoutTableRow {TR} at (0,6) size 66x24 [bgcolor=#FF0000]
            LayoutTableCell {TD} at (6,6) size 24x24 [bgcolor=#FF55DD] [border: (1px inset #808080)] [r=0 c=0 rs=1 cs=1]
              LayoutText {#text} at (2,2) size 20x19
                text run at (2,2) width 20: "foo"
            LayoutTableCell {TD} at (36,6) size 24x24 [border: (1px inset #808080)] [r=0 c=1 rs=1 cs=1]
              LayoutText {#text} at (2,2) size 20x19
                text run at (2,2) width 20: "bar"
          LayoutTableRow {TR} at (0,36) size 66x24
            LayoutTableCell {TD} at (6,36) size 24x24 [border: (1px inset #808080)] [r=1 c=0 rs=1 cs=1]
              LayoutText {#text} at (2,2) size 20x19
                text run at (2,2) width 20: "foo"
            LayoutTableCell {TD} at (36,36) size 24x24 [border: (1px inset #808080)] [r=1 c=1 rs=1 cs=1]
              LayoutText {#text} at (2,2) size 20x19
                text run at (2,2) width 20: "bar"
      LayoutBlockFlow (anonymous) at (0,1740) size 769x40
        LayoutBR {BR} at (0,0) size 0x19
        LayoutText {#text} at (0,20) size 208x19
          text run at (0,20) width 208: "table - color; row image; cell color"
      LayoutTable {TABLE} at (0,1780) size 68x68 [bgcolor=#FFA500] [border: (1px outset #808080)]
        LayoutTableSection {TBODY} at (1,1) size 66x66
          LayoutTableRow {TR} at (0,6) size 66x24
            LayoutTableCell {TD} at (6,6) size 24x24 [bgcolor=#FF55DD] [border: (1px inset #808080)] [r=0 c=0 rs=1 cs=1]
              LayoutText {#text} at (2,2) size 20x19
                text run at (2,2) width 20: "foo"
            LayoutTableCell {TD} at (36,6) size 24x24 [border: (1px inset #808080)] [r=0 c=1 rs=1 cs=1]
              LayoutText {#text} at (2,2) size 20x19
                text run at (2,2) width 20: "bar"
          LayoutTableRow {TR} at (0,36) size 66x24
            LayoutTableCell {TD} at (6,36) size 24x24 [border: (1px inset #808080)] [r=1 c=0 rs=1 cs=1]
              LayoutText {#text} at (2,2) size 20x19
                text run at (2,2) width 20: "foo"
            LayoutTableCell {TD} at (36,36) size 24x24 [border: (1px inset #808080)] [r=1 c=1 rs=1 cs=1]
              LayoutText {#text} at (2,2) size 20x19
                text run at (2,2) width 20: "bar"
      LayoutBlockFlow (anonymous) at (0,1848) size 769x40
        LayoutBR {BR} at (0,0) size 0x19
        LayoutText {#text} at (0,20) size 208x19
          text run at (0,20) width 208: "table - color; row color; cell image"
      LayoutTable {TABLE} at (0,1888) size 68x68 [bgcolor=#FFA500] [border: (1px outset #808080)]
        LayoutTableSection {TBODY} at (1,1) size 66x66
          LayoutTableRow {TR} at (0,6) size 66x24 [bgcolor=#FF0000]
            LayoutTableCell {TD} at (6,6) size 24x24 [border: (1px inset #808080)] [r=0 c=0 rs=1 cs=1]
              LayoutText {#text} at (2,2) size 20x19
                text run at (2,2) width 20: "foo"
            LayoutTableCell {TD} at (36,6) size 24x24 [border: (1px inset #808080)] [r=0 c=1 rs=1 cs=1]
              LayoutText {#text} at (2,2) size 20x19
                text run at (2,2) width 20: "bar"
          LayoutTableRow {TR} at (0,36) size 66x24
            LayoutTableCell {TD} at (6,36) size 24x24 [border: (1px inset #808080)] [r=1 c=0 rs=1 cs=1]
              LayoutText {#text} at (2,2) size 20x19
                text run at (2,2) width 20: "foo"
            LayoutTableCell {TD} at (36,36) size 24x24 [border: (1px inset #808080)] [r=1 c=1 rs=1 cs=1]
              LayoutText {#text} at (2,2) size 20x19
                text run at (2,2) width 20: "bar"
      LayoutBlockFlow (anonymous) at (0,1956) size 769x40
        LayoutBR {BR} at (0,0) size 0x19
        LayoutText {#text} at (0,20) size 92x19
          text run at (0,20) width 92: "col group color"
      LayoutTable {TABLE} at (0,1996) size 38x38 [border: (1px outset #808080)]
        LayoutTableCol {COLGROUP} at (0,0) size 0x0 [bgcolor=#FF0000]
          LayoutTableCol {COL} at (0,0) size 0x0
        LayoutTableSection {TBODY} at (1,1) size 36x36
          LayoutTableRow {TR} at (0,6) size 36x24
            LayoutTableCell {TD} at (6,6) size 24x24 [border: (1px inset #808080)] [r=0 c=0 rs=1 cs=1]
              LayoutText {#text} at (2,2) size 20x19
                text run at (2,2) width 20: "foo"
      LayoutBlockFlow (anonymous) at (0,2034) size 769x40
        LayoutBR {BR} at (0,0) size 0x19
        LayoutText {#text} at (0,20) size 53x19
          text run at (0,20) width 53: "col color"
      LayoutTable {TABLE} at (0,2074) size 38x38 [border: (1px outset #808080)]
        LayoutTableCol {COLGROUP} at (0,0) size 0x0
          LayoutTableCol {COL} at (0,0) size 0x0 [bgcolor=#FF0000]
        LayoutTableSection {TBODY} at (1,1) size 36x36
          LayoutTableRow {TR} at (0,6) size 36x24
            LayoutTableCell {TD} at (6,6) size 24x24 [border: (1px inset #808080)] [r=0 c=0 rs=1 cs=1]
              LayoutText {#text} at (2,2) size 20x19
                text run at (2,2) width 20: "foo"
      LayoutBlockFlow (anonymous) at (0,2112) size 769x40
        LayoutBR {BR} at (0,0) size 0x19
        LayoutText {#text} at (0,20) size 216x19
          text run at (0,20) width 216: "table - image; row image; cell image"
      LayoutTable {TABLE} at (0,2152) size 68x68 [border: (1px outset #808080)]
        LayoutTableSection {TBODY} at (1,1) size 66x66
          LayoutTableRow {TR} at (0,6) size 66x24
            LayoutTableCell {TD} at (6,6) size 24x24 [border: (1px inset #808080)] [r=0 c=0 rs=1 cs=1]
              LayoutText {#text} at (2,2) size 20x19
                text run at (2,2) width 20: "foo"
            LayoutTableCell {TD} at (36,6) size 24x24 [border: (1px inset #808080)] [r=0 c=1 rs=1 cs=1]
              LayoutText {#text} at (2,2) size 20x19
                text run at (2,2) width 20: "bar"
          LayoutTableRow {TR} at (0,36) size 66x24
            LayoutTableCell {TD} at (6,36) size 24x24 [border: (1px inset #808080)] [r=1 c=0 rs=1 cs=1]
              LayoutText {#text} at (2,2) size 20x19
                text run at (2,2) width 20: "foo"
            LayoutTableCell {TD} at (36,36) size 24x24 [border: (1px inset #808080)] [r=1 c=1 rs=1 cs=1]
              LayoutText {#text} at (2,2) size 20x19
                text run at (2,2) width 20: "bar"
      LayoutBlockFlow (anonymous) at (0,2220) size 769x40
        LayoutBR {BR} at (0,0) size 0x19
        LayoutText {#text} at (0,20) size 227x19
          text run at (0,20) width 227: "table - color, tbodies color, row color"
      LayoutTable {TABLE} at (0,2260) size 46x102 [bgcolor=#FFA500] [border: (1px outset #808080)]
        LayoutTableSection {TBODY} at (7,7) size 32x60 [bgcolor=#FF0000]
          LayoutTableRow {TR} at (0,4) size 32x24 [bgcolor=#FFFF00]
            LayoutTableCell {TD} at (4,4) size 24x24 [border: (1px inset #808080)] [r=0 c=0 rs=1 cs=1]
              LayoutText {#text} at (2,2) size 20x19
                text run at (2,2) width 20: "foo"
          LayoutTableRow {TR} at (0,32) size 32x24
            LayoutTableCell {TD} at (4,32) size 24x24 [border: (1px inset #808080)] [r=1 c=0 rs=1 cs=1]
              LayoutText {#text} at (2,2) size 20x19
                text run at (2,2) width 20: "foo"
        LayoutTableSection {TBODY} at (7,67) size 32x28 [bgcolor=#008000]
          LayoutTableRow {TR} at (0,0) size 32x24
            LayoutTableCell {TD} at (4,0) size 24x24 [border: (1px inset #808080)] [r=0 c=0 rs=1 cs=1]
              LayoutText {#text} at (2,2) size 20x19
                text run at (2,2) width 20: "foo"
      LayoutBlockFlow (anonymous) at (0,2362) size 769x40
        LayoutBR {BR} at (0,0) size 0x19
        LayoutText {#text} at (0,20) size 57x19
          text run at (0,20) width 57: "col image"
      LayoutTable {TABLE} at (0,2402) size 74x74 [border: (1px outset #808080)]
        LayoutTableCol {COLGROUP} at (0,0) size 0x0
          LayoutTableCol {COL} at (0,0) size 0x0 [bgcolor=#FF0000]
        LayoutTableSection {TBODY} at (7,7) size 60x60
          LayoutTableRow {TR} at (0,4) size 60x24
            LayoutTableCell {TD} at (4,4) size 24x24 [border: (1px inset #808080)] [r=0 c=0 rs=1 cs=1]
              LayoutText {#text} at (2,2) size 20x19
                text run at (2,2) width 20: "foo"
            LayoutTableCell {TD} at (32,4) size 24x24 [border: (1px inset #808080)] [r=0 c=1 rs=1 cs=1]
              LayoutText {#text} at (2,2) size 20x19
                text run at (2,2) width 20: "bar"
          LayoutTableRow {TR} at (0,32) size 60x24
            LayoutTableCell {TD} at (4,32) size 24x24 [border: (1px inset #808080)] [r=1 c=0 rs=1 cs=1]
              LayoutText {#text} at (2,2) size 20x19
                text run at (2,2) width 20: "foo"
            LayoutTableCell {TD} at (32,32) size 24x24 [border: (1px inset #808080)] [r=1 c=1 rs=1 cs=1]
              LayoutText {#text} at (2,2) size 20x19
                text run at (2,2) width 20: "bar"
      LayoutBlockFlow (anonymous) at (0,2476) size 769x40
        LayoutBR {BR} at (0,0) size 0x19
        LayoutText {#text} at (0,20) size 355x19
          text run at (0,20) width 355: "table color; col group color; col color; row color; cell color"
      LayoutTable {TABLE} at (0,2516) size 118x90 [bgcolor=#FFA500] [border: (1px outset #808080)]
        LayoutTableCol {COLGROUP} at (0,0) size 0x0 [bgcolor=#FF0000]
          LayoutTableCol {COL} at (0,0) size 0x0 [bgcolor=#FF9999]
          LayoutTableCol {COL} at (0,0) size 0x0
        LayoutTableCol {COLGROUP} at (0,0) size 0x0 [bgcolor=#0000FF]
          LayoutTableCol {COL} at (0,0) size 0x0
          LayoutTableCol {COL} at (0,0) size 0x0 [bgcolor=#9999FF]
        LayoutTableSection {TBODY} at (1,1) size 116x88
          LayoutTableRow {TR} at (0,4) size 116x24 [bgcolor=#FFFF00]
            LayoutTableCell {TD} at (4,4) size 24x24 [border: (1px inset #808080)] [r=0 c=0 rs=1 cs=1]
              LayoutText {#text} at (2,2) size 20x19
                text run at (2,2) width 20: "foo"
            LayoutTableCell {TD} at (32,4) size 24x24 [bgcolor=#FFA500] [border: (1px inset #808080)] [r=0 c=1 rs=1 cs=1]
              LayoutText {#text} at (2,2) size 20x19
                text run at (2,2) width 20: "bar"
            LayoutTableCell {TD} at (60,4) size 24x24 [border: (1px inset #808080)] [r=0 c=2 rs=1 cs=1]
              LayoutText {#text} at (2,2) size 20x19
                text run at (2,2) width 20: "foo"
            LayoutTableCell {TD} at (88,4) size 24x24 [border: (1px inset #808080)] [r=0 c=3 rs=1 cs=1]
              LayoutText {#text} at (2,2) size 20x19
                text run at (2,2) width 20: "bar"
          LayoutTableRow {TR} at (0,32) size 116x24
            LayoutTableCell {TD} at (4,32) size 24x24 [border: (1px inset #808080)] [r=1 c=0 rs=1 cs=1]
              LayoutText {#text} at (2,2) size 20x19
                text run at (2,2) width 20: "foo"
            LayoutTableCell {TD} at (32,32) size 24x24 [border: (1px inset #808080)] [r=1 c=1 rs=1 cs=1]
              LayoutText {#text} at (2,2) size 20x19
                text run at (2,2) width 20: "bar"
            LayoutTableCell {TD} at (60,32) size 24x24 [border: (1px inset #808080)] [r=1 c=2 rs=1 cs=1]
              LayoutText {#text} at (2,2) size 20x19
                text run at (2,2) width 20: "foo"
            LayoutTableCell {TD} at (88,32) size 24x24 [border: (1px inset #808080)] [r=1 c=3 rs=1 cs=1]
              LayoutText {#text} at (2,2) size 20x19
                text run at (2,2) width 20: "bar"
          LayoutTableRow {TR} at (0,60) size 116x24
            LayoutTableCell {TD} at (4,60) size 24x24 [border: (1px inset #808080)] [r=2 c=0 rs=1 cs=1]
              LayoutText {#text} at (2,2) size 20x19
                text run at (2,2) width 20: "foo"
            LayoutTableCell {TD} at (32,60) size 24x24 [border: (1px inset #808080)] [r=2 c=1 rs=1 cs=1]
              LayoutText {#text} at (2,2) size 20x19
                text run at (2,2) width 20: "bar"
            LayoutTableCell {TD} at (60,60) size 24x24 [border: (1px inset #808080)] [r=2 c=2 rs=1 cs=1]
              LayoutText {#text} at (2,2) size 20x19
                text run at (2,2) width 20: "foo"
            LayoutTableCell {TD} at (88,60) size 24x24 [border: (1px inset #808080)] [r=2 c=3 rs=1 cs=1]
              LayoutText {#text} at (2,2) size 20x19
                text run at (2,2) width 20: "bar"
      LayoutBlockFlow (anonymous) at (0,2606) size 769x20
        LayoutText {#text} at (0,0) size 21x19
          text run at (0,0) width 21: "-->"
