layer at (0,0) size 800x600 clip at (0,0) size 785x600 scrollHeight 1418
  LayoutView at (0,0) size 800x600
layer at (0,0) size 785x1418 backgroundClip at (0,0) size 785x600 clip at (0,0) size 785x600
  LayoutBlockFlow {HTML} at (0,0) size 785x1418
    LayoutBlockFlow {BODY} at (8,8) size 769x1402
      LayoutBlockFlow (anonymous) at (0,0) size 769x20
        LayoutText {#text} at (0,0) size 205x19
          text run at (0,0) width 205: "fixed table - width on td overriden"
      LayoutTable {TABLE} at (0,20) size 400x58 [border: (10px outset #808080)]
        LayoutTableSection {TBODY} at (10,10) size 380x38
          LayoutTableRow {TR} at (0,3) size 380x32
            LayoutTableCell {TD} at (3,3) size 339x32 [border: (1px inset #808080)] [r=0 c=0 rs=1 cs=1]
              LayoutText {#text} at (6,6) size 20x19
                text run at (6,6) width 20: "foo"
            LayoutTableCell {TD} at (345,3) size 32x32 [border: (1px inset #808080)] [r=0 c=1 rs=1 cs=1]
              LayoutText {#text} at (6,6) size 20x19
                text run at (6,6) width 20: "foo"
      LayoutBlockFlow {HR} at (0,86) size 402x2 [border: (1px inset #EEEEEE)]
      LayoutBlockFlow (anonymous) at (0,96) size 769x40
        LayoutBR {BR} at (0,0) size 0x19
        LayoutText {#text} at (0,20) size 325x19
          text run at (0,20) width 325: "fixed table - percent cell wins over fix cell (and in IE5)"
      LayoutTable {TABLE} at (0,136) size 500x56 [border: (1px outset #808080)]
        LayoutTableSection {TBODY} at (1,1) size 498x54
          LayoutTableRow {TR} at (0,2) size 498x24
            LayoutTableCell {TD} at (2,2) size 246x24 [border: (1px inset #808080)] [r=0 c=0 rs=1 cs=1]
              LayoutText {#text} at (2,2) size 31x19
                text run at (2,2) width 31: "20px"
            LayoutTableCell {TD} at (250,2) size 246x24 [border: (1px inset #808080)] [r=0 c=1 rs=1 cs=1]
              LayoutText {#text} at (2,2) size 26x19
                text run at (2,2) width 26: "auto"
          LayoutTableRow {TR} at (0,28) size 498x24
            LayoutTableCell {TD} at (2,28) size 246x24 [border: (1px inset #808080)] [r=1 c=0 rs=1 cs=1]
              LayoutText {#text} at (2,2) size 29x19
                text run at (2,2) width 29: "50%"
            LayoutTableCell {TD} at (250,28) size 246x24 [border: (1px inset #808080)] [r=1 c=1 rs=1 cs=1]
              LayoutText {#text} at (2,2) size 26x19
                text run at (2,2) width 26: "auto"
      LayoutBlockFlow (anonymous) at (0,192) size 769x40
        LayoutBR {BR} at (0,0) size 0x19
        LayoutText {#text} at (0,20) size 325x19
          text run at (0,20) width 325: "fixed table - percent cell wins over fix cell (and in IE5)"
      LayoutTable {TABLE} at (0,232) size 300x56 [border: (1px outset #808080)]
        LayoutTableSection {TBODY} at (1,1) size 298x54
          LayoutTableRow {TR} at (0,2) size 298x24
            LayoutTableCell {TD} at (2,2) size 33x24 [border: (1px inset #808080)] [r=0 c=0 rs=1 cs=1]
              LayoutText {#text} at (2,2) size 24x19
                text run at (2,2) width 24: "100"
            LayoutTableCell {TD} at (37,2) size 259x24 [border: (1px inset #808080)] [r=0 c=1 rs=1 cs=1]
              LayoutText {#text} at (2,2) size 26x19
                text run at (2,2) width 26: "auto"
          LayoutTableRow {TR} at (0,28) size 298x24
            LayoutTableCell {TD} at (2,28) size 33x24 [border: (1px inset #808080)] [r=1 c=0 rs=1 cs=1]
              LayoutText {#text} at (2,2) size 29x19
                text run at (2,2) width 29: "10%"
            LayoutTableCell {TD} at (37,28) size 259x24 [border: (1px inset #808080)] [r=1 c=1 rs=1 cs=1]
              LayoutText {#text} at (2,2) size 26x19
                text run at (2,2) width 26: "auto"
      LayoutBlockFlow (anonymous) at (0,288) size 769x40
        LayoutBR {BR} at (0,0) size 0x19
        LayoutText {#text} at (0,20) size 325x19
          text run at (0,20) width 325: "fixed table - percent cell wins over fix cell (and in IE5)"
      LayoutTable {TABLE} at (0,328) size 500x56 [border: (1px outset #808080)]
        LayoutTableCol {COLGROUP} at (0,0) size 0x0
          LayoutTableCol {COL} at (0,0) size 0x0
        LayoutTableSection {TBODY} at (1,1) size 498x54
          LayoutTableRow {TR} at (0,2) size 498x24
            LayoutTableCell {TD} at (2,2) size 246x24 [border: (1px inset #808080)] [r=0 c=0 rs=1 cs=1]
              LayoutText {#text} at (2,2) size 108x19
                text run at (2,2) width 108: "50%Col,20%Cell"
            LayoutTableCell {TD} at (250,2) size 246x24 [border: (1px inset #808080)] [r=0 c=1 rs=1 cs=1]
              LayoutText {#text} at (2,2) size 26x19
                text run at (2,2) width 26: "auto"
          LayoutTableRow {TR} at (0,28) size 498x24
            LayoutTableCell {TD} at (2,28) size 246x24 [border: (1px inset #808080)] [r=1 c=0 rs=1 cs=1]
              LayoutText {#text} at (2,2) size 26x19
                text run at (2,2) width 26: "auto"
            LayoutTableCell {TD} at (250,28) size 246x24 [border: (1px inset #808080)] [r=1 c=1 rs=1 cs=1]
              LayoutText {#text} at (2,2) size 26x19
                text run at (2,2) width 26: "auto"
      LayoutBlockFlow (anonymous) at (0,384) size 769x40
        LayoutBR {BR} at (0,0) size 0x19
        LayoutText {#text} at (0,20) size 325x19
          text run at (0,20) width 325: "fixed table - percent cell wins over fix cell (and in IE5)"
      LayoutTable {TABLE} at (0,424) size 500x56 [border: (1px outset #808080)]
        LayoutTableCol {COLGROUP} at (0,0) size 0x0
          LayoutTableCol {COL} at (0,0) size 0x0
        LayoutTableSection {TBODY} at (1,1) size 498x54
          LayoutTableRow {TR} at (0,2) size 498x24
            LayoutTableCell {TD} at (2,2) size 246x24 [border: (1px inset #808080)] [r=0 c=0 rs=1 cs=1]
              LayoutText {#text} at (2,2) size 108x19
                text run at (2,2) width 108: "20%Col,50%Cell"
            LayoutTableCell {TD} at (250,2) size 246x24 [border: (1px inset #808080)] [r=0 c=1 rs=1 cs=1]
              LayoutText {#text} at (2,2) size 26x19
                text run at (2,2) width 26: "auto"
          LayoutTableRow {TR} at (0,28) size 498x24
            LayoutTableCell {TD} at (2,28) size 246x24 [border: (1px inset #808080)] [r=1 c=0 rs=1 cs=1]
              LayoutText {#text} at (2,2) size 26x19
                text run at (2,2) width 26: "auto"
            LayoutTableCell {TD} at (250,28) size 246x24 [border: (1px inset #808080)] [r=1 c=1 rs=1 cs=1]
              LayoutText {#text} at (2,2) size 26x19
                text run at (2,2) width 26: "auto"
      LayoutBlockFlow (anonymous) at (0,480) size 769x40
        LayoutBR {BR} at (0,0) size 0x19
        LayoutText {#text} at (0,20) size 325x19
          text run at (0,20) width 325: "fixed table - percent cell wins over fix cell (and in IE5)"
      LayoutTable {TABLE} at (0,520) size 500x56 [border: (1px outset #808080)]
        LayoutTableCol {COLGROUP} at (0,0) size 0x0
          LayoutTableCol {COL} at (0,0) size 0x0
        LayoutTableSection {TBODY} at (1,1) size 498x54
          LayoutTableRow {TR} at (0,2) size 498x24
            LayoutTableCell {TD} at (2,2) size 246x24 [border: (1px inset #808080)] [r=0 c=0 rs=1 cs=1]
              LayoutText {#text} at (2,2) size 111x19
                text run at (2,2) width 111: "50PerCol,100Cell"
            LayoutTableCell {TD} at (250,2) size 246x24 [border: (1px inset #808080)] [r=0 c=1 rs=1 cs=1]
              LayoutText {#text} at (2,2) size 26x19
                text run at (2,2) width 26: "auto"
          LayoutTableRow {TR} at (0,28) size 498x24
            LayoutTableCell {TD} at (2,28) size 246x24 [border: (1px inset #808080)] [r=1 c=0 rs=1 cs=1]
              LayoutText {#text} at (2,2) size 26x19
                text run at (2,2) width 26: "auto"
            LayoutTableCell {TD} at (250,28) size 246x24 [border: (1px inset #808080)] [r=1 c=1 rs=1 cs=1]
              LayoutText {#text} at (2,2) size 26x19
                text run at (2,2) width 26: "auto"
      LayoutBlockFlow (anonymous) at (0,576) size 769x40
        LayoutBR {BR} at (0,0) size 0x19
        LayoutText {#text} at (0,20) size 325x19
          text run at (0,20) width 325: "fixed table - percent cell wins over fix cell (and in IE5)"
      LayoutTable {TABLE} at (0,616) size 500x56 [border: (1px outset #808080)]
        LayoutTableCol {COLGROUP} at (0,0) size 0x0
          LayoutTableCol {COL} at (0,0) size 0x0
        LayoutTableSection {TBODY} at (1,1) size 498x54
          LayoutTableRow {TR} at (0,2) size 498x24
            LayoutTableCell {TD} at (2,2) size 115x24 [border: (1px inset #808080)] [r=0 c=0 rs=1 cs=1]
              LayoutText {#text} at (2,2) size 111x19
                text run at (2,2) width 111: "20PerCol,300Cell"
            LayoutTableCell {TD} at (119,2) size 377x24 [border: (1px inset #808080)] [r=0 c=1 rs=1 cs=1]
              LayoutText {#text} at (2,2) size 26x19
                text run at (2,2) width 26: "auto"
          LayoutTableRow {TR} at (0,28) size 498x24
            LayoutTableCell {TD} at (2,28) size 115x24 [border: (1px inset #808080)] [r=1 c=0 rs=1 cs=1]
              LayoutText {#text} at (2,2) size 26x19
                text run at (2,2) width 26: "auto"
            LayoutTableCell {TD} at (119,28) size 377x24 [border: (1px inset #808080)] [r=1 c=1 rs=1 cs=1]
              LayoutText {#text} at (2,2) size 26x19
                text run at (2,2) width 26: "auto"
      LayoutBlockFlow (anonymous) at (0,672) size 769x40
        LayoutBR {BR} at (0,0) size 0x19
        LayoutText {#text} at (0,20) size 285x19
          text run at (0,20) width 285: "fixed table - % wins over fixed even on colspan"
      LayoutTable {TABLE} at (0,712) size 300x56 [border: (1px outset #808080)]
        LayoutTableSection {TBODY} at (1,1) size 298x54
          LayoutTableRow {TR} at (0,2) size 298x24
            LayoutTableCell {TD} at (2,2) size 146x24 [border: (1px inset #808080)] [r=0 c=0 rs=1 cs=2]
              LayoutText {#text} at (2,2) size 44x19
                text run at (2,2) width 44: "50CS2"
            LayoutTableCell {TD} at (150,2) size 146x24 [border: (1px inset #808080)] [r=0 c=2 rs=1 cs=1]
              LayoutText {#text} at (2,2) size 26x19
                text run at (2,2) width 26: "auto"
          LayoutTableRow {TR} at (0,28) size 298x24
            LayoutTableCell {TD} at (2,28) size 146x24 [border: (1px inset #808080)] [r=1 c=0 rs=1 cs=2]
              LayoutText {#text} at (2,2) size 57x19
                text run at (2,2) width 57: "50%CS2"
            LayoutTableCell {TD} at (150,28) size 146x24 [border: (1px inset #808080)] [r=1 c=2 rs=1 cs=1]
              LayoutText {#text} at (2,2) size 26x19
                text run at (2,2) width 26: "auto"
      LayoutBlockFlow (anonymous) at (0,768) size 769x40
        LayoutBR {BR} at (0,0) size 0x19
        LayoutText {#text} at (0,20) size 285x19
          text run at (0,20) width 285: "fixed table - % wins over fixed even on colspan"
      LayoutTable {TABLE} at (0,808) size 300x56 [border: (1px outset #808080)]
        LayoutTableSection {TBODY} at (1,1) size 298x54
          LayoutTableRow {TR} at (0,2) size 298x24
            LayoutTableCell {TD} at (2,2) size 87x24 [border: (1px inset #808080)] [r=0 c=0 rs=1 cs=2]
              LayoutText {#text} at (2,2) size 52x19
                text run at (2,2) width 52: "100CS2"
            LayoutTableCell {TD} at (91,2) size 205x24 [border: (1px inset #808080)] [r=0 c=2 rs=1 cs=1]
              LayoutText {#text} at (2,2) size 20x19
                text run at (2,2) width 20: "bar"
          LayoutTableRow {TR} at (0,28) size 298x24
            LayoutTableCell {TD} at (2,28) size 87x24 [border: (1px inset #808080)] [r=1 c=0 rs=1 cs=2]
              LayoutText {#text} at (2,2) size 57x19
                text run at (2,2) width 57: "30%CS2"
            LayoutTableCell {TD} at (91,28) size 205x24 [border: (1px inset #808080)] [r=1 c=2 rs=1 cs=1]
              LayoutText {#text} at (2,2) size 20x19
                text run at (2,2) width 20: "bar"
      LayoutBlockFlow (anonymous) at (0,864) size 769x40
        LayoutBR {BR} at (0,0) size 0x19
        LayoutText {#text} at (0,20) size 350x19
          text run at (0,20) width 350: "auto table - percent colspan wins over fixed colspan XXX"
      LayoutTable {TABLE} at (0,904) size 769x56 [border: (1px outset #808080)]
        LayoutTableSection {TBODY} at (1,1) size 767x54
          LayoutTableRow {TR} at (0,2) size 767x24
            LayoutTableCell {TD} at (2,2) size 76x24 [border: (1px inset #808080)] [r=0 c=0 rs=1 cs=2]
              LayoutText {#text} at (2,2) size 52x19
                text run at (2,2) width 52: "500CS2"
            LayoutTableCell {TD} at (80,2) size 685x24 [border: (1px inset #808080)] [r=0 c=2 rs=1 cs=1]
              LayoutText {#text} at (2,2) size 26x19
                text run at (2,2) width 26: "atuo"
          LayoutTableRow {TR} at (0,28) size 767x24
            LayoutTableCell {TD} at (2,28) size 76x24 [border: (1px inset #808080)] [r=1 c=0 rs=1 cs=2]
              LayoutText {#text} at (2,2) size 57x19
                text run at (2,2) width 57: "10%CS2"
            LayoutTableCell {TD} at (80,28) size 685x24 [border: (1px inset #808080)] [r=1 c=2 rs=1 cs=1]
              LayoutText {#text} at (2,2) size 26x19
                text run at (2,2) width 26: "auto"
      LayoutBlockFlow (anonymous) at (0,960) size 769x40
        LayoutBR {BR} at (0,0) size 0x19
        LayoutText {#text} at (0,20) size 313x19
          text run at (0,20) width 313: "auto table - percent colspan wins over fixed colspan"
      LayoutTable {TABLE} at (0,1000) size 769x82 [border: (1px outset #808080)]
        LayoutTableSection {TBODY} at (1,1) size 767x80
          LayoutTableRow {TR} at (0,2) size 767x24
            LayoutTableCell {TD} at (2,2) size 152x24 [border: (1px inset #808080)] [r=0 c=0 rs=1 cs=2]
              LayoutText {#text} at (2,2) size 52x19
                text run at (2,2) width 52: "500CS2"
            LayoutTableCell {TD} at (156,2) size 609x24 [border: (1px inset #808080)] [r=0 c=2 rs=1 cs=1]
              LayoutText {#text} at (2,2) size 26x19
                text run at (2,2) width 26: "auto"
          LayoutTableRow {TR} at (0,28) size 767x24
            LayoutTableCell {TD} at (2,28) size 152x24 [border: (1px inset #808080)] [r=1 c=0 rs=1 cs=2]
              LayoutText {#text} at (2,2) size 57x19
                text run at (2,2) width 57: "20%CS2"
            LayoutTableCell {TD} at (156,28) size 609x24 [border: (1px inset #808080)] [r=1 c=2 rs=1 cs=1]
              LayoutText {#text} at (2,2) size 26x19
                text run at (2,2) width 26: "auto"
          LayoutTableRow {TR} at (0,54) size 767x24
            LayoutTableCell {TD} at (2,54) size 75x24 [border: (1px inset #808080)] [r=2 c=0 rs=1 cs=1]
              LayoutText {#text} at (2,2) size 26x19
                text run at (2,2) width 26: "auto"
            LayoutTableCell {TD} at (79,54) size 75x24 [border: (1px inset #808080)] [r=2 c=1 rs=1 cs=1]
              LayoutText {#text} at (2,2) size 26x19
                text run at (2,2) width 26: "auto"
            LayoutTableCell {TD} at (156,54) size 609x24 [border: (1px inset #808080)] [r=2 c=2 rs=1 cs=1]
              LayoutText {#text} at (2,2) size 26x19
                text run at (2,2) width 26: "auto"
      LayoutBlockFlow (anonymous) at (0,1082) size 769x40
        LayoutBR {BR} at (0,0) size 0x19
        LayoutText {#text} at (0,20) size 313x19
          text run at (0,20) width 313: "auto table - percent colspan wins over fixed colspan"
      LayoutTable {TABLE} at (0,1122) size 769x82 [border: (1px outset #808080)]
        LayoutTableSection {TBODY} at (1,1) size 767x80
          LayoutTableRow {TR} at (0,2) size 767x24
            LayoutTableCell {TD} at (2,2) size 152x24 [border: (1px inset #808080)] [r=0 c=0 rs=1 cs=2]
              LayoutText {#text} at (2,2) size 52x19
                text run at (2,2) width 52: "200CS2"
            LayoutTableCell {TD} at (156,2) size 609x24 [border: (1px inset #808080)] [r=0 c=2 rs=1 cs=1]
              LayoutText {#text} at (2,2) size 26x19
                text run at (2,2) width 26: "auto"
          LayoutTableRow {TR} at (0,28) size 767x24
            LayoutTableCell {TD} at (2,28) size 152x24 [border: (1px inset #808080)] [r=1 c=0 rs=1 cs=2]
              LayoutText {#text} at (2,2) size 57x19
                text run at (2,2) width 57: "20%CS2"
            LayoutTableCell {TD} at (156,28) size 609x24 [border: (1px inset #808080)] [r=1 c=2 rs=1 cs=1]
              LayoutText {#text} at (2,2) size 26x19
                text run at (2,2) width 26: "auto"
          LayoutTableRow {TR} at (0,54) size 767x24
            LayoutTableCell {TD} at (2,54) size 75x24 [border: (1px inset #808080)] [r=2 c=0 rs=1 cs=1]
              LayoutText {#text} at (2,2) size 26x19
                text run at (2,2) width 26: "auto"
            LayoutTableCell {TD} at (79,54) size 75x24 [border: (1px inset #808080)] [r=2 c=1 rs=1 cs=1]
              LayoutText {#text} at (2,2) size 26x19
                text run at (2,2) width 26: "auto"
            LayoutTableCell {TD} at (156,54) size 609x24 [border: (1px inset #808080)] [r=2 c=2 rs=1 cs=1]
              LayoutText {#text} at (2,2) size 26x19
                text run at (2,2) width 26: "auto"
      LayoutBlockFlow (anonymous) at (0,1204) size 769x40
        LayoutBR {BR} at (0,0) size 0x19
        LayoutText {#text} at (0,20) size 313x19
          text run at (0,20) width 313: "auto table - percent colspan wins over fixed colspan"
      LayoutTable {TABLE} at (0,1244) size 769x82 [border: (1px outset #808080)]
        LayoutTableSection {TBODY} at (1,1) size 767x80
          LayoutTableRow {TR} at (0,2) size 767x24
            LayoutTableCell {TD} at (2,2) size 152x24 [border: (1px inset #808080)] [r=0 c=0 rs=1 cs=2]
              LayoutText {#text} at (2,2) size 60x19
                text run at (2,2) width 60: "1000CS2"
            LayoutTableCell {TD} at (156,2) size 609x24 [border: (1px inset #808080)] [r=0 c=2 rs=1 cs=1]
              LayoutText {#text} at (2,2) size 26x19
                text run at (2,2) width 26: "auto"
          LayoutTableRow {TR} at (0,28) size 767x24
            LayoutTableCell {TD} at (2,28) size 152x24 [border: (1px inset #808080)] [r=1 c=0 rs=1 cs=2]
              LayoutText {#text} at (2,2) size 57x19
                text run at (2,2) width 57: "20%CS2"
            LayoutTableCell {TD} at (156,28) size 609x24 [border: (1px inset #808080)] [r=1 c=2 rs=1 cs=1]
              LayoutText {#text} at (2,2) size 26x19
                text run at (2,2) width 26: "auto"
          LayoutTableRow {TR} at (0,54) size 767x24
            LayoutTableCell {TD} at (2,54) size 75x24 [border: (1px inset #808080)] [r=2 c=0 rs=1 cs=1]
              LayoutText {#text} at (2,2) size 26x19
                text run at (2,2) width 26: "auto"
            LayoutTableCell {TD} at (79,54) size 75x24 [border: (1px inset #808080)] [r=2 c=1 rs=1 cs=1]
              LayoutText {#text} at (2,2) size 26x19
                text run at (2,2) width 26: "auto"
            LayoutTableCell {TD} at (156,54) size 609x24 [border: (1px inset #808080)] [r=2 c=2 rs=1 cs=1]
              LayoutText {#text} at (2,2) size 26x19
                text run at (2,2) width 26: "auto"
      LayoutBlockFlow (anonymous) at (0,1326) size 769x40
        LayoutBR {BR} at (0,0) size 0x19
        LayoutText {#text} at (0,20) size 356x19
          text run at (0,20) width 356: "percent cell/col percentage conflict goes to cell (and in IE5)"
      LayoutTable {TABLE} at (0,1366) size 500x36 [border: (1px outset #808080)]
        LayoutTableCol {COLGROUP} at (0,0) size 0x0
          LayoutTableCol {COL} at (0,0) size 0x0
        LayoutTableSection {TBODY} at (1,1) size 498x34
          LayoutTableRow {TR} at (0,5) size 498x24
            LayoutTableCell {TD} at (5,5) size 386x24 [border: (1px inset #808080)] [r=0 c=0 rs=1 cs=1]
              LayoutText {#text} at (2,2) size 82x19
                text run at (2,2) width 82: "30%-80%col"
            LayoutTableCell {TD} at (396,5) size 97x24 [border: (1px inset #808080)] [r=0 c=1 rs=1 cs=1]
              LayoutText {#text} at (2,2) size 26x19
                text run at (2,2) width 26: "auto"
