layer at (0,0) size 800x600
  LayoutView at (0,0) size 800x600
layer at (0,0) size 800x36
  LayoutBlockFlow {HTML} at (0,0) size 800x36
    LayoutBlockFlow {BODY} at (8,8) size 784x20
      LayoutText {#text} at (0,0) size 416x19
        text run at (0,0) width 416: "Tests that we paint area outline properly when the paintroot is shifted."
layer at (5,50) size 50x55
  LayoutBlockFlow (positioned) {DIV} at (5,50) size 50x55
    LayoutImage {IMG} at (0,0) size 50x50
    LayoutText {#text} at (0,0) size 0x0
    LayoutInline {MAP} at (0,0) size 0x0
      LayoutInline {AREA} at (0,0) size 0x0
    LayoutText {#text} at (0,0) size 0x0
