layer at (0,0) size 800x600 clip at (0,0) size 785x600 scrollHeight 860
  LayoutView at (0,0) size 800x600
layer at (0,0) size 785x860 backgroundClip at (0,0) size 785x600 clip at (0,0) size 785x600
  LayoutBlockFlow {HTML} at (0,0) size 785x860
    LayoutBlockFlow {BODY} at (8,16) size 769x836
      LayoutBlockFlow {P} at (0,0) size 769x20
        LayoutText {#text} at (0,0) size 304x19
          text run at (0,0) width 304: "crbug.com/644802: Render alt text per html5 spec"
layer at (8,52) size 769x800 backgroundClip at (0,0) size 785x600 clip at (0,0) size 785x600
  LayoutBlockFlow {DIV} at (0,36) size 769x800
    LayoutMultiColumnSet (anonymous) at (0,0) size 769x290
layer at (8,52) size 180x1158 backgroundClip at (0,0) size 785x600 clip at (0,0) size 785x600
  LayoutMultiColumnFlowThread (anonymous) at (0,0) size 180.25x1158
    LayoutBlockFlow {DIV} at (0,16) size 180.25x116
      LayoutBlockFlow {P} at (0,0) size 180.25x20
        LayoutText {#text} at (0,0) size 122x19
          text run at (0,0) width 122: "Different dimensions"
      LayoutBlockFlow (anonymous) at (0,36) size 180.25x80
        LayoutText {#text} at (0,0) size 12x19
          text run at (0,0) width 12: "1."
        LayoutBlockFlow {IMG} at (12,0) size 40x20 [bgcolor=#008000]
          LayoutInline {SPAN} at (0,0) size 40x19
            LayoutInline {SPAN} at (0,0) size 40x19
              LayoutText {#text} at (0,0) size 40x19
                text run at (0,0) width 40: "alt text"
        LayoutText {#text} at (52,0) size 4x19
          text run at (52,0) width 4: " "
        LayoutBR {BR} at (56,0) size 0x19
        LayoutText {#text} at (0,20) size 12x19
          text run at (0,20) width 12: "2."
        LayoutBlockFlow {IMG} at (12,20) size 40x20 [bgcolor=#008000]
          LayoutInline {SPAN} at (0,0) size 40x19
            LayoutInline {SPAN} at (0,0) size 40x19
              LayoutText {#text} at (0,0) size 40x19
                text run at (0,0) width 40: "alt text"
        LayoutBR {BR} at (52,20) size 0x19
        LayoutText {#text} at (0,40) size 12x19
          text run at (0,40) width 12: "3."
        LayoutBlockFlow {IMG} at (12,40) size 40x20 [bgcolor=#008000]
          LayoutInline {SPAN} at (0,0) size 40x19
            LayoutInline {SPAN} at (0,0) size 40x19
              LayoutText {#text} at (0,0) size 40x19
                text run at (0,0) width 40: "alt text"
        LayoutBR {BR} at (52,40) size 0x19
        LayoutText {#text} at (0,60) size 12x19
          text run at (0,60) width 12: "4."
        LayoutBlockFlow {IMG} at (12,60) size 40x20 [bgcolor=#008000]
          LayoutInline {SPAN} at (0,0) size 40x19
            LayoutInline {SPAN} at (0,0) size 40x19
              LayoutText {#text} at (0,0) size 40x19
                text run at (0,0) width 40: "alt text"
        LayoutText {#text} at (0,0) size 0x0
    LayoutBlockFlow {DIV} at (0,148) size 180.25x137
      LayoutBlockFlow {P} at (0,0) size 180.25x40
        LayoutText {#text} at (0,0) size 163x39
          text run at (0,0) width 163: "Different dimensions, no alt"
          text run at (0,20) width 22: "text"
      LayoutBlockFlow (anonymous) at (0,56) size 180.25x81
        LayoutText {#text} at (0,1) size 12x19
          text run at (0,1) width 12: "1."
        LayoutBlockFlow {IMG} at (12,0) size 16x16 [bgcolor=#008000]
        LayoutBR {BR} at (28,1) size 0x19
        LayoutText {#text} at (0,21) size 12x19
          text run at (0,21) width 12: "2."
        LayoutBlockFlow {IMG} at (12,36) size 0x0 [bgcolor=#008000]
          LayoutInline {SPAN} at (0,0) size 0x0
            LayoutInline {SPAN} at (0,0) size 0x0
        LayoutBR {BR} at (12,21) size 0x19
        LayoutText {#text} at (0,41) size 12x19
          text run at (0,41) width 12: "3."
        LayoutBlockFlow {IMG} at (12,56) size 0x0 [bgcolor=#008000]
          LayoutInline {SPAN} at (0,0) size 0x0
            LayoutInline {SPAN} at (0,0) size 0x0
        LayoutBR {BR} at (12,41) size 0x19
        LayoutText {#text} at (0,61) size 12x19
          text run at (0,61) width 12: "4."
        LayoutBlockFlow {IMG} at (12,76) size 0x0
          LayoutInline {SPAN} at (0,0) size 0x0
            LayoutInline {SPAN} at (0,0) size 0x0
        LayoutText {#text} at (0,0) size 0x0
    LayoutBlockFlow {DIV} at (0,290) size 180.25x137
      LayoutBlockFlow {P} at (0,0) size 180.25x40
        LayoutText {#text} at (0,0) size 163x39
          text run at (0,0) width 163: "Different dimensions, no alt"
          text run at (0,20) width 30: "text, "
          text run at (30,20) width 45: "src = \"\""
      LayoutBlockFlow (anonymous) at (0,56) size 180.25x81
        LayoutText {#text} at (0,1) size 12x19
          text run at (0,1) width 12: "1."
        LayoutBlockFlow {IMG} at (12,0) size 16x16 [bgcolor=#008000]
        LayoutBR {BR} at (28,1) size 0x19
        LayoutText {#text} at (0,21) size 12x19
          text run at (0,21) width 12: "2."
        LayoutBlockFlow {IMG} at (12,36) size 0x0 [bgcolor=#008000]
          LayoutInline {SPAN} at (0,0) size 0x0
            LayoutInline {SPAN} at (0,0) size 0x0
        LayoutBR {BR} at (12,21) size 0x19
        LayoutText {#text} at (0,41) size 12x19
          text run at (0,41) width 12: "3."
        LayoutBlockFlow {IMG} at (12,56) size 0x0 [bgcolor=#008000]
          LayoutInline {SPAN} at (0,0) size 0x0
            LayoutInline {SPAN} at (0,0) size 0x0
        LayoutBR {BR} at (12,41) size 0x19
        LayoutText {#text} at (0,61) size 12x19
          text run at (0,61) width 12: "4."
        LayoutBlockFlow {IMG} at (12,76) size 0x0
          LayoutInline {SPAN} at (0,0) size 0x0
            LayoutInline {SPAN} at (0,0) size 0x0
        LayoutBR {BR} at (12,61) size 0x19
    LayoutBlockFlow {DIV} at (0,580) size 180.25x138
      LayoutBlockFlow {P} at (0,0) size 180.25x40
        LayoutText {#text} at (0,0) size 163x39
          text run at (0,0) width 163: "Different dimensions, no alt"
          text run at (0,20) width 67: "text, no src"
      LayoutBlockFlow (anonymous) at (0,56) size 180.25x82
        LayoutText {#text} at (0,1) size 12x19
          text run at (0,1) width 12: "1."
        LayoutImage {IMG} at (12,0) size 16x16 [bgcolor=#008000]
        LayoutText {#text} at (28,1) size 4x19
          text run at (28,1) width 4: " "
        LayoutBR {BR} at (32,1) size 0x19
        LayoutText {#text} at (0,21) size 12x19
          text run at (0,21) width 12: "2."
        LayoutImage {IMG} at (12,36) size 16x0 [bgcolor=#008000]
        LayoutText {#text} at (28,21) size 4x19
          text run at (28,21) width 4: " "
        LayoutBR {BR} at (32,21) size 0x19
        LayoutText {#text} at (0,42) size 12x19
          text run at (0,42) width 12: "3."
        LayoutImage {IMG} at (12,41) size 0x16 [bgcolor=#008000]
        LayoutText {#text} at (12,42) size 4x19
          text run at (12,42) width 4: " "
        LayoutBR {BR} at (16,42) size 0x19
        LayoutText {#text} at (0,62) size 12x19
          text run at (0,62) width 12: "4."
        LayoutImage {IMG} at (12,77) size 0x0
        LayoutText {#text} at (0,0) size 0x0
    LayoutBlockFlow {DIV} at (0,734) size 180.25x136
      LayoutBlockFlow {P} at (0,0) size 180.25x40
        LayoutText {#text} at (0,0) size 174x39
          text run at (0,0) width 174: "Different dimensions, alt text,"
          text run at (0,20) width 45: "src = \"\""
      LayoutBlockFlow (anonymous) at (0,56) size 180.25x80
        LayoutText {#text} at (0,0) size 12x19
          text run at (0,0) width 12: "1."
        LayoutBlockFlow {IMG} at (12,0) size 40x20 [bgcolor=#008000]
          LayoutInline {SPAN} at (0,0) size 40x19
            LayoutInline {SPAN} at (0,0) size 40x19
              LayoutText {#text} at (0,0) size 40x19
                text run at (0,0) width 40: "alt text"
        LayoutText {#text} at (52,0) size 4x19
          text run at (52,0) width 4: " "
        LayoutBR {BR} at (56,0) size 0x19
        LayoutText {#text} at (0,20) size 12x19
          text run at (0,20) width 12: "2."
        LayoutBlockFlow {IMG} at (12,20) size 40x20 [bgcolor=#008000]
          LayoutInline {SPAN} at (0,0) size 40x19
            LayoutInline {SPAN} at (0,0) size 40x19
              LayoutText {#text} at (0,0) size 40x19
                text run at (0,0) width 40: "alt text"
        LayoutText {#text} at (52,20) size 4x19
          text run at (52,20) width 4: " "
        LayoutBR {BR} at (56,20) size 0x19
        LayoutText {#text} at (0,40) size 12x19
          text run at (0,40) width 12: "3."
        LayoutBlockFlow {IMG} at (12,40) size 40x20 [bgcolor=#008000]
          LayoutInline {SPAN} at (0,0) size 40x19
            LayoutInline {SPAN} at (0,0) size 40x19
              LayoutText {#text} at (0,0) size 40x19
                text run at (0,0) width 40: "alt text"
        LayoutText {#text} at (52,40) size 4x19
          text run at (52,40) width 4: " "
        LayoutBR {BR} at (56,40) size 0x19
        LayoutText {#text} at (0,60) size 12x19
          text run at (0,60) width 12: "4."
        LayoutBlockFlow {IMG} at (12,75) size 0x0
          LayoutInline {SPAN} at (0,0) size 0x0
            LayoutInline {SPAN} at (0,0) size 0x0
        LayoutText {#text} at (12,60) size 4x19
          text run at (12,60) width 4: " "
        LayoutBR {BR} at (16,60) size 0x19
    LayoutBlockFlow {DIV} at (0,870) size 180.25x136
      LayoutBlockFlow {P} at (0,0) size 180.25x40
        LayoutText {#text} at (0,0) size 174x39
          text run at (0,0) width 174: "Different dimensions, alt text,"
          text run at (0,20) width 37: "no src"
      LayoutBlockFlow (anonymous) at (0,56) size 180.25x80
        LayoutText {#text} at (0,0) size 12x19
          text run at (0,0) width 12: "1."
        LayoutBlockFlow {IMG} at (12,0) size 40x20 [bgcolor=#008000]
          LayoutInline {SPAN} at (0,0) size 40x19
            LayoutInline {SPAN} at (0,0) size 40x19
              LayoutText {#text} at (0,0) size 40x19
                text run at (0,0) width 40: "alt text"
        LayoutText {#text} at (52,0) size 4x19
          text run at (52,0) width 4: " "
        LayoutBR {BR} at (56,0) size 0x19
        LayoutText {#text} at (0,20) size 12x19
          text run at (0,20) width 12: "2."
        LayoutBlockFlow {IMG} at (12,20) size 40x20 [bgcolor=#008000]
          LayoutInline {SPAN} at (0,0) size 40x19
            LayoutInline {SPAN} at (0,0) size 40x19
              LayoutText {#text} at (0,0) size 40x19
                text run at (0,0) width 40: "alt text"
        LayoutText {#text} at (52,20) size 4x19
          text run at (52,20) width 4: " "
        LayoutBR {BR} at (56,20) size 0x19
        LayoutText {#text} at (0,40) size 12x19
          text run at (0,40) width 12: "3."
        LayoutBlockFlow {IMG} at (12,40) size 40x20 [bgcolor=#008000]
          LayoutInline {SPAN} at (0,0) size 40x19
            LayoutInline {SPAN} at (0,0) size 40x19
              LayoutText {#text} at (0,0) size 40x19
                text run at (0,0) width 40: "alt text"
        LayoutText {#text} at (52,40) size 4x19
          text run at (52,40) width 4: " "
        LayoutBR {BR} at (56,40) size 0x19
        LayoutText {#text} at (0,60) size 12x19
          text run at (0,60) width 12: "4."
        LayoutBlockFlow {IMG} at (12,60) size 40x20
          LayoutInline {SPAN} at (0,0) size 40x19
            LayoutInline {SPAN} at (0,0) size 40x19
              LayoutText {#text} at (0,0) size 40x19
                text run at (0,0) width 40: "alt text"
        LayoutText {#text} at (52,60) size 4x19
          text run at (52,60) width 4: " "
        LayoutBR {BR} at (56,60) size 0x19
    LayoutBlockFlow {DIV} at (0,1022) size 180.25x136
      LayoutBlockFlow {P} at (0,0) size 180.25x40
        LayoutText {#text} at (0,0) size 174x39
          text run at (0,0) width 174: "Different dimensions, alt text,"
          text run at (0,20) width 31: "src ="
      LayoutBlockFlow (anonymous) at (0,56) size 180.25x80
        LayoutText {#text} at (0,0) size 12x19
          text run at (0,0) width 12: "1."
        LayoutBlockFlow {IMG} at (12,0) size 40x20 [bgcolor=#008000]
          LayoutInline {SPAN} at (0,0) size 40x19
            LayoutInline {SPAN} at (0,0) size 40x19
              LayoutText {#text} at (0,0) size 40x19
                text run at (0,0) width 40: "alt text"
        LayoutText {#text} at (52,0) size 4x19
          text run at (52,0) width 4: " "
        LayoutBR {BR} at (56,0) size 0x19
        LayoutText {#text} at (0,20) size 12x19
          text run at (0,20) width 12: "2."
        LayoutBlockFlow {IMG} at (12,20) size 40x20 [bgcolor=#008000]
          LayoutInline {SPAN} at (0,0) size 40x19
            LayoutInline {SPAN} at (0,0) size 40x19
              LayoutText {#text} at (0,0) size 40x19
                text run at (0,0) width 40: "alt text"
        LayoutText {#text} at (52,20) size 4x19
          text run at (52,20) width 4: " "
        LayoutBR {BR} at (56,20) size 0x19
        LayoutText {#text} at (0,40) size 12x19
          text run at (0,40) width 12: "3."
        LayoutBlockFlow {IMG} at (12,40) size 40x20 [bgcolor=#008000]
          LayoutInline {SPAN} at (0,0) size 40x19
            LayoutInline {SPAN} at (0,0) size 40x19
              LayoutText {#text} at (0,0) size 40x19
                text run at (0,0) width 40: "alt text"
        LayoutText {#text} at (52,40) size 4x19
          text run at (52,40) width 4: " "
        LayoutBR {BR} at (56,40) size 0x19
        LayoutText {#text} at (0,60) size 12x19
          text run at (0,60) width 12: "4."
        LayoutBlockFlow {IMG} at (12,75) size 0x0
          LayoutInline {SPAN} at (0,0) size 0x0
            LayoutInline {SPAN} at (0,0) size 0x0
        LayoutText {#text} at (12,60) size 4x19
          text run at (12,60) width 4: " "
        LayoutBR {BR} at (16,60) size 0x19
layer at (20,256) size 16x16
  LayoutBlockFlow {SPAN} at (0,0) size 16x16
    LayoutInline {SPAN} at (0,0) size 0x0
layer at (20,398) size 16x16
  LayoutBlockFlow {SPAN} at (0,0) size 16x16
    LayoutInline {SPAN} at (0,0) size 0x0
