layer at (0,0) size 800x600
  LayoutView at (0,0) size 800x600
layer at (0,0) size 800x600
  LayoutBlockFlow {HTML} at (0,0) size 800x600
    LayoutBlockFlow {BODY} at (8,8) size 784x576
      LayoutTable {TABLE} at (0,0) size 91x83 [border: (1px solid #000000)]
        LayoutTableSection {TBODY} at (1,1) size 88x80
          LayoutTableRow {TR} at (0,0) size 88x40
            LayoutTableCell {TD} at (0,0) size 45x39 [border: (2px none #000000)] [r=0 c=0 rs=1 cs=1]
              LayoutText {#text} at (3,3) size 40x34
                text run at (3,3) width 40: "foo"
            LayoutTableCell {TD} at (45,0) size 43x40 [border: (2px solid #000000)] [r=0 c=1 rs=1 cs=1]
              LayoutText {#text} at (3,3) size 38x34
                text run at (3,3) width 38: "bar"
          LayoutTableRow {TR} at (0,40) size 88x40
            LayoutTableCell {TD} at (0,41) size 45x38 [border: none] [r=1 c=0 rs=1 cs=1]
              LayoutText {#text} at (3,1) size 40x34
                text run at (3,1) width 40: "foo"
            LayoutTableCell {TD} at (45,40) size 43x40 [border: (2px solid #000000)] [r=1 c=1 rs=1 cs=1]
              LayoutText {#text} at (3,3) size 38x34
                text run at (3,3) width 38: "bar"
      LayoutBlockFlow {P} at (0,99) size 784x127
        LayoutTable {TABLE} at (0,0) size 135x127 [border: (12px solid #000000)]
          LayoutTableSection {TBODY} at (12,12) size 110x102
            LayoutTableRow {TR} at (0,0) size 110x51
              LayoutTableCell {TD} at (0,0) size 56x50 [border: (13px none #000000)] [r=0 c=0 rs=1 cs=1]
                LayoutText {#text} at (14,14) size 40x34
                  text run at (14,14) width 40: "foo"
              LayoutTableCell {TD} at (56,0) size 54x51 [border: (13px solid #000000)] [r=0 c=1 rs=1 cs=1]
                LayoutText {#text} at (3,14) size 38x34
                  text run at (3,14) width 38: "bar"
            LayoutTableRow {TR} at (0,51) size 110x51
              LayoutTableCell {TD} at (0,52) size 56x49 [border: none] [r=1 c=0 rs=1 cs=1]
                LayoutText {#text} at (14,1) size 40x34
                  text run at (14,1) width 40: "foo"
              LayoutTableCell {TD} at (56,51) size 54x51 [border: (2px solid #000000)] [r=1 c=1 rs=1 cs=1]
                LayoutText {#text} at (3,3) size 38x34
                  text run at (3,3) width 38: "bar"
      LayoutBlockFlow {P} at (0,242) size 784x177
        LayoutTable {TABLE} at (0,0) size 185x177 [border: (25px solid #000000)]
          LayoutTableSection {TBODY} at (25,25) size 135x127
            LayoutTableRow {TR} at (0,0) size 135x63
              LayoutTableCell {TD} at (0,0) size 68x62 [border: (25px none #000000)] [r=0 c=0 rs=1 cs=1]
                LayoutText {#text} at (26,26) size 40x34
                  text run at (26,26) width 40: "foo"
              LayoutTableCell {TD} at (68,0) size 67x63 [border: (25px solid #000000)] [r=0 c=1 rs=1 cs=1]
                LayoutText {#text} at (3,26) size 38x34
                  text run at (3,26) width 38: "bar"
            LayoutTableRow {TR} at (0,63) size 135x64
              LayoutTableCell {TD} at (0,64) size 68x62 [border: none] [r=1 c=0 rs=1 cs=1]
                LayoutText {#text} at (26,1) size 40x34
                  text run at (26,1) width 40: "foo"
              LayoutTableCell {TD} at (68,63) size 67x64 [border: (2px solid #000000)] [r=1 c=1 rs=1 cs=1]
                LayoutText {#text} at (3,3) size 38x34
                  text run at (3,3) width 38: "bar"
