layer at (0,0) size 800x600
  LayoutView at (0,0) size 800x600
layer at (0,0) size 800x553
  LayoutNGBlockFlow {HTML} at (0,0) size 800x553
    LayoutNGBlockFlow {BODY} at (57,64) size 686x425 [bgcolor=#99FFCC] [border: (3px solid #000000)]
      LayoutNGBlockFlow {P} at (3,3) size 680x64
        LayoutText {#text} at (0,7) size 679x50
          text run at (0,7) width 679: "These links are in an element with display table-row, and the li elements have display: table-cell."
          text run at (0,39) width 115: "They disappear:"
      LayoutTable (anonymous) at (3,67) size 264x19
        LayoutTableSection (anonymous) at (0,0) size 264x19
          LayoutTableRow {UL} at (0,0) size 264x19 [bgcolor=#00CC99]
            LayoutNGTableCell {LI} at (0,0) size 66x19 [r=0 c=0 rs=1 cs=1]
              LayoutInline {A} at (0,0) size 50x18 [color=#0000EE]
                LayoutText {#text} at (8,0) size 50x18
                  text run at (8,0) width 50: "people"
            LayoutNGTableCell {LI} at (66,0) size 66x19 [r=0 c=1 rs=1 cs=1]
              LayoutInline {A} at (0,0) size 48x18 [color=#0000EE]
                LayoutText {#text} at (9,0) size 48x18
                  text run at (9,0) width 48: "places"
            LayoutNGTableCell {LI} at (132,0) size 66x19 [r=0 c=2 rs=1 cs=1]
              LayoutInline {A} at (0,0) size 66x18 [color=#0000EE]
                LayoutText {#text} at (0,0) size 66x18
                  text run at (0,0) width 66: "members"
            LayoutNGTableCell {LI} at (198,0) size 66x19 [r=0 c=3 rs=1 cs=1]
              LayoutInline {A} at (0,0) size 34x18 [color=#0000EE]
                LayoutText {#text} at (16,0) size 34x18
                  text run at (16,0) width 34: "links"
      LayoutNGBlockFlow {DIV} at (3,86) size 680x336
        LayoutNGBlockFlow (anonymous) at (16,16) size 648x19
          LayoutText {#text} at (0,0) size 434x18
            text run at (0,0) width 434: "This text is not in the form. The form should be indented 40px."
        LayoutNGBlockFlow {FORM} at (96,35) size 568x285
          LayoutNGBlockFlow {P} at (0,0) size 568x64
            LayoutText {#text} at (0,7) size 556x50
              text run at (0,7) width 556: "This is text in the form. It should be indented 40px. The form itself has the same"
              text run at (0,39) width 270: "table-row/table-cell problem as above."
          LayoutNGBlockFlow {P} at (0,64) size 568x63
            LayoutTable {SPAN} at (0,3) size 149x60
              LayoutTableSection (anonymous) at (0,0) size 149x60
                LayoutTableRow {SPAN} at (0,0) size 149x28
                  LayoutNGTableCell (anonymous) at (0,0) size 149x28 [r=0 c=0 rs=1 cs=1]
                    LayoutText {#text} at (0,6) size 137x16
                      text run at (0,6) width 137: "First Name (required)"
                LayoutTableRow (anonymous) at (0,28) size 149x32
                  LayoutNGTableCell (anonymous) at (0,28) size 149x32 [r=1 c=0 rs=1 cs=1]
                    LayoutTextControl {INPUT} at (0,6) size 149x22 [bgcolor=#FFFFFF] [border: (2px inset #EEEEEE)]
            LayoutText {#text} at (149,7) size 4x18
              text run at (149,7) width 4: " "
            LayoutTable {SPAN} at (153,3) size 149x60
              LayoutTableSection (anonymous) at (0,0) size 149x60
                LayoutTableRow {SPAN} at (0,0) size 149x28
                  LayoutNGTableCell (anonymous) at (0,0) size 149x28 [r=0 c=0 rs=1 cs=1]
                    LayoutText {#text} at (0,6) size 136x16
                      text run at (0,6) width 136: "Last Name (required)"
                LayoutTableRow (anonymous) at (0,28) size 149x32
                  LayoutNGTableCell (anonymous) at (0,28) size 149x32 [r=1 c=0 rs=1 cs=1]
                    LayoutTextControl {INPUT} at (0,6) size 149x22 [bgcolor=#FFFFFF] [border: (2px inset #EEEEEE)]
            LayoutText {#text} at (0,0) size 0x0
          LayoutNGBlockFlow {P} at (0,127) size 568x63
            LayoutTable {SPAN} at (0,3) size 341x60
              LayoutTableSection (anonymous) at (0,0) size 341x60
                LayoutTableRow {SPAN} at (0,0) size 341x28
                  LayoutNGTableCell (anonymous) at (0,0) size 341x28 [r=0 c=0 rs=1 cs=1]
                    LayoutText {#text} at (0,6) size 90x16
                      text run at (0,6) width 90: "Email Address"
                LayoutTableRow (anonymous) at (0,28) size 341x32
                  LayoutNGTableCell (anonymous) at (0,28) size 341x32 [r=1 c=0 rs=1 cs=1]
                    LayoutTextControl {INPUT} at (0,6) size 341x22 [bgcolor=#FFFFFF] [border: (2px inset #EEEEEE)]
            LayoutText {#text} at (0,0) size 0x0
          LayoutNGBlockFlow {P} at (0,190) size 568x63
            LayoutTable {SPAN} at (0,3) size 149x60
              LayoutTableSection (anonymous) at (0,0) size 149x60
                LayoutTableRow {SPAN} at (0,0) size 149x28
                  LayoutNGTableCell (anonymous) at (0,0) size 149x28 [r=0 c=0 rs=1 cs=1]
                    LayoutText {#text} at (0,6) size 103x16
                      text run at (0,6) width 103: "Company Name"
                LayoutTableRow (anonymous) at (0,28) size 149x32
                  LayoutNGTableCell (anonymous) at (0,28) size 149x32 [r=1 c=0 rs=1 cs=1]
                    LayoutTextControl {INPUT} at (0,6) size 149x22 [bgcolor=#FFFFFF] [border: (2px inset #EEEEEE)]
            LayoutText {#text} at (149,7) size 4x18
              text run at (149,7) width 4: " "
            LayoutTable {SPAN} at (153,3) size 149x60
              LayoutTableSection (anonymous) at (0,0) size 149x60
                LayoutTableRow {SPAN} at (0,0) size 149x28
                  LayoutNGTableCell (anonymous) at (0,0) size 149x28 [r=0 c=0 rs=1 cs=1]
                    LayoutText {#text} at (0,6) size 26x16
                      text run at (0,6) width 26: "Title"
                LayoutTableRow (anonymous) at (0,28) size 149x32
                  LayoutNGTableCell (anonymous) at (0,28) size 149x32 [r=1 c=0 rs=1 cs=1]
                    LayoutTextControl {INPUT} at (0,6) size 149x22 [bgcolor=#FFFFFF] [border: (2px inset #EEEEEE)]
            LayoutText {#text} at (0,0) size 0x0
          LayoutNGBlockFlow {P} at (0,253) size 568x32
            LayoutButton {INPUT} at (0,6) size 61x22 [bgcolor=#C0C0C0] [border: (2px outset #C0C0C0)]
              LayoutBlockFlow (anonymous) at (8,3) size 45x16
                LayoutText {#text} at (0,0) size 45x16
                  text run at (0,0) width 45: "Submit!"
            LayoutText {#text} at (61,7) size 4x18
              text run at (61,7) width 4: " "
            LayoutButton {INPUT} at (65,6) size 80x22 [bgcolor=#C0C0C0] [border: (2px outset #C0C0C0)]
              LayoutBlockFlow (anonymous) at (8,3) size 64x16
                LayoutText {#text} at (0,0) size 64x16
                  text run at (0,0) width 64: "Clear Form"
            LayoutText {#text} at (0,0) size 0x0
layer at (158,289) size 145x16
  LayoutBlockFlow {DIV} at (2,3) size 145x16
layer at (311,289) size 145x16
  LayoutBlockFlow {DIV} at (2,3) size 145x16
layer at (158,352) size 337x16
  LayoutBlockFlow {DIV} at (2,3) size 337x16
layer at (158,415) size 145x16
  LayoutBlockFlow {DIV} at (2,3) size 145x16
layer at (311,415) size 145x16
  LayoutBlockFlow {DIV} at (2,3) size 145x16
