layer at (0,0) size 800x600
  LayoutView at (0,0) size 800x600
layer at (0,0) size 800x600
  LayoutNGBlockFlow {HTML} at (0,0) size 800x600
    LayoutNGBlockFlow {BODY} at (8,8) size 784x584
      LayoutTable {TABLE} at (0,0) size 226x306
        LayoutTableSection {TBODY} at (0,0) size 226x306
          LayoutTableRow {TR} at (0,2) size 226x138
            LayoutNGTableCell {TD} at (2,2) size 222x138 [r=0 c=0 rs=1 cs=1]
              LayoutNGBlockFlow (anonymous) at (1,1) size 220x60
                LayoutText {#text} at (0,0) size 220x19
                  text run at (0,0) width 220: "This cell has the nowrap parameter"
                LayoutBR {BR} at (220,0) size 0x0
                LayoutBR {BR} at (0,20) size 0x0
                LayoutText {#text} at (0,40) size 31x19
                  text run at (0,40) width 31: "<hr>"
              LayoutNGBlockFlow (anonymous) at (1,79) size 220x40
                LayoutBR {BR} at (0,0) size 0x0
                LayoutText {#text} at (0,20) size 96x19
                  text run at (0,20) width 96: "<hr width=30>"
          LayoutTableRow {TR} at (0,142) size 226x22
            LayoutNGTableCell {TD} at (2,142) size 222x22 [bgcolor=#CCCCCC] [r=1 c=0 rs=1 cs=1]
              LayoutText {#text} at (1,1) size 4x19
                text run at (1,1) width 4: " "
          LayoutTableRow {TR} at (0,166) size 226x138
            LayoutNGTableCell {TD} at (2,166) size 222x138 [r=2 c=0 rs=1 cs=1]
              LayoutNGBlockFlow (anonymous) at (1,1) size 220x60
                LayoutText {#text} at (0,0) size 102x19
                  text run at (0,0) width 102: "This cell doesn't"
                LayoutBR {BR} at (102,0) size 0x0
                LayoutBR {BR} at (0,20) size 0x0
                LayoutText {#text} at (0,40) size 31x19
                  text run at (0,40) width 31: "<hr>"
              LayoutNGBlockFlow (anonymous) at (1,79) size 220x40
                LayoutBR {BR} at (0,0) size 0x0
                LayoutText {#text} at (0,20) size 96x19
                  text run at (0,20) width 96: "<hr width=30>"
layer at (11,79) size 220x2 clip at (0,0) size 0x0
  LayoutNGBlockFlow {HR} at (1,69) size 220x2 [border: (1px inset #EEEEEE)]
layer at (105,137) size 32x2 clip at (0,0) size 0x0
  LayoutNGBlockFlow {HR} at (95,127) size 32x2 [border: (1px inset #EEEEEE)]
layer at (11,243) size 220x2 clip at (0,0) size 0x0
  LayoutNGBlockFlow {HR} at (1,69) size 220x2 [border: (1px inset #EEEEEE)]
layer at (105,301) size 32x2 clip at (0,0) size 0x0
  LayoutNGBlockFlow {HR} at (95,127) size 32x2 [border: (1px inset #EEEEEE)]
