layer at (0,0) size 800x600
  LayoutView at (0,0) size 800x600
layer at (0,0) size 800x61
  LayoutBlockFlow {HTML} at (0,0) size 800x61
    LayoutBlockFlow {BODY} at (8,8) size 784x45
      LayoutBlockFlow {DIV} at (0,0) size 784x45
        LayoutBlockFlow {DIV} at (0,0) size 784x25
          LayoutText {#text} at (0,0) size 0x0
        LayoutBlockFlow (anonymous) at (0,25) size 784x20
          LayoutText {#text} at (0,0) size 29x19
            text run at (0,0) width 29: "test2"
layer at (8,8) size 29x20
  LayoutBlockFlow {DIV} at (0,0) size 29x20
    LayoutText {#text} at (0,0) size 29x19
      text run at (0,0) width 29: "test1"
selection start: position 0 of child 0 {#text} of child 1 {DIV} of child 1 {DIV} of child 0 {DIV} of body
selection end:   position 8 of child 2 {#text} of child 0 {DIV} of body
