layer at (0,0) size 800x600
  LayoutView at (0,0) size 800x600
layer at (0,0) size 800x212
  LayoutBlockFlow {HTML} at (0,0) size 800x212
    LayoutBlockFlow {BODY} at (8,16) size 784x188
      LayoutBlockFlow {P} at (0,0) size 784x20
        LayoutText {#text} at (0,0) size 321x19
          text run at (0,0) width 321: "Passes if there are no overpainted selection highlights."
      LayoutBlockFlow {DIV} at (0,36) size 784x152
        LayoutText {#text} at (756,1) size 28x73
          text run at (756,1) width 28: "a"
        LayoutBR {BR} at (756,1) size 0x73
        LayoutBR {BR} at (784,77) size 0x73
selection start: position 0 of child 0 {#text} of child 2 {DIV} of body
selection end:   position 1 of child 1 {BR} of child 2 {DIV} of body
