layer at (0,0) size 800x600
  LayoutView at (0,0) size 800x600
layer at (0,0) size 800x73
  LayoutBlockFlow {HTML} at (0,0) size 800x73
    LayoutBlockFlow {BODY} at (8,8) size 784x57
      LayoutBlockFlow {DIV} at (0,0) size 784x57
        LayoutBlockFlow {DIV} at (760,0) size 24x57
          LayoutText {#text} at (0,1) size 24x55
            text run at (0,1) width 24 RTL override: "x"
        LayoutText {#text} at (738,1) size 22x55
          text run at (738,1) width 22 RTL override: "y"
selection start: position 0 of child 0 {#text} of child 1 {DIV} of child 0 {DIV} of body
selection end:   position 1 of child 2 {#text} of child 0 {DIV} of body
