layer at (0,0) size 800x600
  LayoutView at (0,0) size 800x600
layer at (0,0) size 800x462
  LayoutBlockFlow {HTML} at (0,0) size 800x461.50
    LayoutBlockFlow {BODY} at (4,4) size 136x449 [border: (0.50px dashed #C0C0C0)]
      LayoutBlockFlow {P} at (0.50,9.50) size 135x27
        LayoutText {#text} at (0,-2) size 133x30
          text run at (0,-2) width 130: "The following six blue boxes must"
          text run at (0,7) width 133: "be of the same width. There must be"
          text run at (0,16) width 26: "no red."
      LayoutBlockFlow {P} at (9.50,45.50) size 117x27 [bgcolor=#008000] [border: (9px solid #0000FF)]
        LayoutText {#text} at (9,7) size 2x12
          text run at (9,7) width 2: " "
      LayoutBlockFlow {P} at (0.50,126.50) size 135x9
        LayoutText {#text} at (0,-2) size 12x12
          text run at (0,-2) width 12: "      "
      LayoutBlockFlow {P} at (0.50,189.50) size 135x9
      LayoutTable (anonymous) at (0.50,252.50) size 135x44
        LayoutTableSection (anonymous) at (0,0) size 135x44
          LayoutTableRow (anonymous) at (0,0) size 135x44
            LayoutTableCell {P} at (0,0) size 135x44 [r=0 c=0 rs=1 cs=1]
      LayoutTable {TABLE} at (0.50,350.50) size 135x44
        LayoutTableSection {TBODY} at (0,0) size 135x44
          LayoutTableRow {TR} at (0,0) size 135x44
            LayoutTableCell {TD} at (0,0) size 135x44 [r=0 c=0 rs=1 cs=1]
      LayoutBlockFlow (floating) {P} at (0.50,448.50) size 135x9
layer at (14,131) size 117x43
  LayoutEmbeddedObject {OBJECT} at (9,0) size 117x42.75 [bgcolor=#FF0000] [border: (9px solid #0000FF)]
    layer at (0,0) size 99x25
      LayoutView at (0,0) size 99x25
    layer at (0,0) size 99x25
      LayoutSVGRoot {svg} at (0,0) size 99x25
        LayoutSVGRect {rect} at (0,0) size 1000x250 [stroke={[type=SOLID] [color=#008000] [stroke width=12.00]}] [fill={[type=SOLID] [color=#00FF00]}] [x=0.00] [y=0.00] [width=1000.00] [height=250.00]
        LayoutSVGPath {path} at (150,50) size 700x150 [fill={[type=SOLID] [color=#008000]}] [data="M 500 50 L 150 200 L 850 200 Z"]
layer at (14,194) size 117x43
  LayoutEmbeddedObject {OBJECT} at (9,0) size 117x42.75 [bgcolor=#FF0000] [border: (9px solid #0000FF)]
    layer at (0,0) size 99x25
      LayoutView at (0,0) size 99x25
    layer at (0,0) size 99x25
      LayoutSVGRoot {svg} at (0,0) size 99x25
        LayoutSVGRect {rect} at (0,0) size 1000x250 [stroke={[type=SOLID] [color=#008000] [stroke width=12.00]}] [fill={[type=SOLID] [color=#00FF00]}] [x=0.00] [y=0.00] [width=1000.00] [height=250.00]
        LayoutSVGPath {path} at (150,50) size 700x150 [fill={[type=SOLID] [color=#008000]}] [data="M 500 50 L 150 200 L 850 200 Z"]
layer at (14,257) size 117x43
  LayoutEmbeddedObject {OBJECT} at (9,0) size 117x42.75 [bgcolor=#FF0000] [border: (9px solid #0000FF)]
    layer at (0,0) size 99x25
      LayoutView at (0,0) size 99x25
    layer at (0,0) size 99x25
      LayoutSVGRoot {svg} at (0,0) size 99x25
        LayoutSVGRect {rect} at (0,0) size 1000x250 [stroke={[type=SOLID] [color=#008000] [stroke width=12.00]}] [fill={[type=SOLID] [color=#00FF00]}] [x=0.00] [y=0.00] [width=1000.00] [height=250.00]
        LayoutSVGPath {path} at (150,50) size 700x150 [fill={[type=SOLID] [color=#008000]}] [data="M 500 50 L 150 200 L 850 200 Z"]
layer at (14,355) size 117x43
  LayoutEmbeddedObject {OBJECT} at (9,0) size 117x42.75 [bgcolor=#FF0000] [border: (9px solid #0000FF)]
    layer at (0,0) size 99x25
      LayoutView at (0,0) size 99x25
    layer at (0,0) size 99x25
      LayoutSVGRoot {svg} at (0,0) size 99x25
        LayoutSVGRect {rect} at (0,0) size 1000x250 [stroke={[type=SOLID] [color=#008000] [stroke width=12.00]}] [fill={[type=SOLID] [color=#00FF00]}] [x=0.00] [y=0.00] [width=1000.00] [height=250.00]
        LayoutSVGPath {path} at (150,50) size 700x150 [fill={[type=SOLID] [color=#008000]}] [data="M 500 50 L 150 200 L 850 200 Z"]
layer at (14,453) size 117x43
  LayoutEmbeddedObject {OBJECT} at (9,0) size 117x42.75 [bgcolor=#FF0000] [border: (9px solid #0000FF)]
    layer at (0,0) size 99x25
      LayoutView at (0,0) size 99x25
    layer at (0,0) size 99x25
      LayoutSVGRoot {svg} at (0,0) size 99x25
        LayoutSVGRect {rect} at (0,0) size 1000x250 [stroke={[type=SOLID] [color=#008000] [stroke width=12.00]}] [fill={[type=SOLID] [color=#00FF00]}] [x=0.00] [y=0.00] [width=1000.00] [height=250.00]
        LayoutSVGPath {path} at (150,50) size 700x150 [fill={[type=SOLID] [color=#008000]}] [data="M 500 50 L 150 200 L 850 200 Z"]
