layer at (0,0) size 800x600
  LayoutView at (0,0) size 800x600
layer at (0,0) size 800x52
  LayoutBlockFlow {HTML} at (0,0) size 800x52
    LayoutBlockFlow {BODY} at (0,16) size 800x20
      LayoutBlockFlow {P} at (0,0) size 800x20
        LayoutText {#text} at (0,0) size 625x19
          text run at (0,0) width 625: "Tests repaint after a layer stops compositing. You should see no red below after the end of the transition."
layer at (0,100) size 402x232
  LayoutBlockFlow (positioned) {DIV} at (0,100) size 402x232 [border: (1px solid #000000)]
layer at (1,111) size 200x100
  LayoutBlockFlow (positioned) {DIV} at (1,11) size 200x100 [bgcolor=#8888FF]
layer at (1,221) size 200x100
  LayoutBlockFlow (positioned) {DIV} at (1,121) size 200x100 [bgcolor=#FF0000]
layer at (1,221) size 200x100
  LayoutBlockFlow (positioned) {DIV} at (1,221) size 200x100 [bgcolor=#008000]
