layer at (0,0) size 800x600
  LayoutView at (0,0) size 800x600
layer at (0,0) size 800x262
  LayoutBlockFlow {HTML} at (0,0) size 800x262
    LayoutBlockFlow {BODY} at (8,16) size 784x238
      LayoutBlockFlow {P} at (0,0) size 784x20
        LayoutText {#text} at (0,0) size 402x19
          text run at (0,0) width 402: "This test should not assert, and you should see a fully green square."
layer at (8,52) size 202x202
  LayoutBlockFlow (relative positioned) {DIV} at (0,36) size 202x202 [border: (1px solid #000000)]
layer at (29,73) size 52x52 transparent
  LayoutBlockFlow {DIV} at (21,21) size 52x52 [border: (1px solid #000000)]
layer at (109,153) size 80x80
  LayoutBlockFlow (positioned) {DIV} at (101,101) size 80x80 [bgcolor=#008000]
