layer at (0,0) size 800x600
  LayoutView at (0,0) size 800x600
layer at (0,0) size 800x600
  LayoutBlockFlow {HTML} at (0,0) size 800x600
    LayoutBlockFlow {BODY} at (8,8) size 784x584
      LayoutTable {TABLE} at (0,0) size 417x118 [border: (2px outset #808080)]
        LayoutBlockFlow {CAPTION} at (0,0) size 417x20
          LayoutText {#text} at (14,0) size 389x19
            text run at (14,0) width 389: "Communicator 4.5 Installers for Mac and Windows Platforms"
        LayoutTableSection {TBODY} at (2,22) size 412x93
          LayoutTableRow {TR} at (0,0) size 412x25
            LayoutTableCell {TH} at (0,10) size 119x5 [border: (3px none #808080) none none (3px solid #808080)] [r=0 c=0 rs=1 cs=1]
            LayoutTableCell {TH} at (119,0) size 110x25 [border: (3px none #808080) none none (1px solid #808080)] [r=0 c=1 rs=1 cs=1]
              LayoutText {#text} at (2,4) size 107x19
                text run at (2,4) width 107: "Macintosh PPC"
            LayoutTableCell {TH} at (229,0) size 87x25 [border: (3px none #808080) none none (1px solid #808080)] [r=0 c=2 rs=1 cs=1]
              LayoutText {#text} at (2,4) size 84x19
                text run at (2,4) width 84: "Windows 95"
            LayoutTableCell {TH} at (316,0) size 96x25 [border: (3px none #808080) (2px solid #808080) none (1px solid #808080)] [r=0 c=3 rs=1 cs=1]
              LayoutText {#text} at (2,4) size 91x19
                text run at (2,4) width 91: "Windows NT"
          LayoutTableRow {TR} at (0,25) size 412x22
            LayoutTableCell {TD} at (0,25) size 119x22 [border: none none none (3px solid #808080)] [r=1 c=0 rs=1 cs=1]
              LayoutText {#text} at (4,1) size 73x19
                text run at (4,1) width 73: "Base Install"
            LayoutTableCell {TD} at (119,25) size 110x22 [border: none none none (1px solid #808080)] [r=1 c=1 rs=1 cs=1]
              LayoutText {#text} at (2,1) size 21x19
                text run at (2,1) width 21: "yes"
            LayoutTableCell {TD} at (229,25) size 87x22 [border: none none none (1px solid #808080)] [r=1 c=2 rs=1 cs=1]
              LayoutText {#text} at (2,1) size 21x19
                text run at (2,1) width 21: "yes"
            LayoutTableCell {TD} at (316,25) size 96x22 [border: none (2px solid #808080) none (1px solid #808080)] [r=1 c=3 rs=1 cs=1]
              LayoutText {#text} at (2,1) size 21x19
                text run at (2,1) width 21: "yes"
          LayoutTableRow {TR} at (0,47) size 412x22
            LayoutTableCell {TD} at (0,47) size 119x22 [border: none none none (3px solid #808080)] [r=2 c=0 rs=1 cs=1]
              LayoutText {#text} at (4,1) size 103x19
                text run at (4,1) width 103: "Complete Install"
            LayoutTableCell {TD} at (119,47) size 110x22 [border: none none none (1px solid #808080)] [r=2 c=1 rs=1 cs=1]
              LayoutText {#text} at (2,1) size 21x19
                text run at (2,1) width 21: "yes"
            LayoutTableCell {TD} at (229,47) size 87x22 [border: none none none (1px solid #808080)] [r=2 c=2 rs=1 cs=1]
              LayoutText {#text} at (2,1) size 21x19
                text run at (2,1) width 21: "yes"
            LayoutTableCell {TD} at (316,47) size 96x22 [border: none (2px solid #808080) none (1px solid #808080)] [r=2 c=3 rs=1 cs=1]
              LayoutText {#text} at (2,1) size 21x19
                text run at (2,1) width 21: "yes"
          LayoutTableRow {TR} at (0,69) size 412x24
            LayoutTableCell {TD} at (0,69) size 119x24 [border: none none (2px none #808080) (3px solid #808080)] [r=3 c=0 rs=1 cs=1]
              LayoutText {#text} at (4,1) size 114x19
                text run at (4,1) width 114: "Pro Edition Install"
            LayoutTableCell {TD} at (119,69) size 110x24 [border: none none (2px none #808080) (1px solid #808080)] [r=3 c=1 rs=1 cs=1]
              LayoutText {#text} at (2,1) size 21x19
                text run at (2,1) width 21: "yes"
            LayoutTableCell {TD} at (229,69) size 87x24 [border: none none (2px none #808080) (1px solid #808080)] [r=3 c=2 rs=1 cs=1]
              LayoutText {#text} at (2,1) size 21x19
                text run at (2,1) width 21: "yes"
            LayoutTableCell {TD} at (316,69) size 96x24 [border: none (2px solid #808080) (2px none #808080) (1px solid #808080)] [r=3 c=3 rs=1 cs=1]
              LayoutText {#text} at (2,1) size 21x19
                text run at (2,1) width 21: "yes"
