layer at (0,0) size 800x600
  LayoutView at (0,0) size 800x600
layer at (0,0) size 800x600
  LayoutBlockFlow {HTML} at (0,0) size 800x600
    LayoutBlockFlow {BODY} at (8,8) size 784x584
      LayoutBlockFlow {P} at (0,0) size 784x40
        LayoutText {#text} at (0,0) size 772x39
          text run at (0,0) width 772: "CELLSPACING specifies the amount space between cells. The first table has a cellspacing value of 20%; the second table"
          text run at (0,20) width 165: "does not have cellspacing."
      LayoutTable {TABLE} at (0,56) size 91x56 [border: (1px outset #808080)]
        LayoutTableSection {TBODY} at (1,1) size 89x54
          LayoutTableRow {TR} at (0,2) size 89x24
            LayoutTableCell {TD} at (2,2) size 27x24 [border: (1px inset #808080)] [r=0 c=0 rs=1 cs=1]
              LayoutText {#text} at (2,2) size 23x19
                text run at (2,2) width 23: "text"
            LayoutTableCell {TD} at (31,2) size 27x24 [border: (1px inset #808080)] [r=0 c=1 rs=1 cs=1]
              LayoutText {#text} at (2,2) size 23x19
                text run at (2,2) width 23: "text"
            LayoutTableCell {TD} at (60,2) size 27x24 [border: (1px inset #808080)] [r=0 c=2 rs=1 cs=1]
              LayoutText {#text} at (2,2) size 23x19
                text run at (2,2) width 23: "text"
          LayoutTableRow {TR} at (0,28) size 89x24
            LayoutTableCell {TD} at (2,28) size 27x24 [border: (1px inset #808080)] [r=1 c=0 rs=1 cs=1]
              LayoutText {#text} at (2,2) size 23x19
                text run at (2,2) width 23: "text"
            LayoutTableCell {TD} at (31,28) size 27x24 [border: (1px inset #808080)] [r=1 c=1 rs=1 cs=1]
              LayoutText {#text} at (2,2) size 23x19
                text run at (2,2) width 23: "text"
            LayoutTableCell {TD} at (60,28) size 27x24 [border: (1px inset #808080)] [r=1 c=2 rs=1 cs=1]
              LayoutText {#text} at (2,2) size 23x19
                text run at (2,2) width 23: "text"
      LayoutBlockFlow (anonymous) at (0,112) size 784x40
        LayoutBR {BR} at (0,0) size 0x19
        LayoutBR {BR} at (0,20) size 0x19
      LayoutTable {TABLE} at (0,152) size 91x56 [border: (1px outset #808080)]
        LayoutTableSection {TBODY} at (1,1) size 89x54
          LayoutTableRow {TR} at (0,2) size 89x24
            LayoutTableCell {TD} at (2,2) size 27x24 [border: (1px inset #808080)] [r=0 c=0 rs=1 cs=1]
              LayoutText {#text} at (2,2) size 23x19
                text run at (2,2) width 23: "text"
            LayoutTableCell {TD} at (31,2) size 27x24 [border: (1px inset #808080)] [r=0 c=1 rs=1 cs=1]
              LayoutText {#text} at (2,2) size 23x19
                text run at (2,2) width 23: "text"
            LayoutTableCell {TD} at (60,2) size 27x24 [border: (1px inset #808080)] [r=0 c=2 rs=1 cs=1]
              LayoutText {#text} at (2,2) size 23x19
                text run at (2,2) width 23: "text"
          LayoutTableRow {TR} at (0,28) size 89x24
            LayoutTableCell {TD} at (2,28) size 27x24 [border: (1px inset #808080)] [r=1 c=0 rs=1 cs=1]
              LayoutText {#text} at (2,2) size 23x19
                text run at (2,2) width 23: "text"
            LayoutTableCell {TD} at (31,28) size 27x24 [border: (1px inset #808080)] [r=1 c=1 rs=1 cs=1]
              LayoutText {#text} at (2,2) size 23x19
                text run at (2,2) width 23: "text"
            LayoutTableCell {TD} at (60,28) size 27x24 [border: (1px inset #808080)] [r=1 c=2 rs=1 cs=1]
              LayoutText {#text} at (2,2) size 23x19
                text run at (2,2) width 23: "text"
