layer at (0,0) size 800x600
  LayoutView at (0,0) size 800x600
layer at (0,0) size 800x600
  LayoutBlockFlow {HTML} at (0,0) size 800x600
    LayoutBlockFlow {BODY} at (8,8) size 784x584
      LayoutTable {TABLE} at (0,0) size 423x126 [border: none (1px solid #808080) none]
        LayoutBlockFlow {CAPTION} at (0,0) size 423x20
          LayoutText {#text} at (17,0) size 389x19
            text run at (17,0) width 389: "Communicator 4.5 Installers for Mac and Windows Platforms"
        LayoutTableSection {TBODY} at (0,20) size 422x106
          LayoutTableRow {TR} at (0,2) size 422x24
            LayoutTableCell {TH} at (2,12) size 118x4 [border: (1px inset #808080)] [r=0 c=0 rs=1 cs=1]
            LayoutTableCell {TH} at (122,2) size 111x24 [border: (1px inset #808080)] [r=0 c=1 rs=1 cs=1]
              LayoutText {#text} at (2,2) size 107x19
                text run at (2,2) width 107: "Macintosh PPC"
            LayoutTableCell {TH} at (235,2) size 88x24 [border: (1px inset #808080)] [r=0 c=2 rs=1 cs=1]
              LayoutText {#text} at (2,2) size 84x19
                text run at (2,2) width 84: "Windows 95"
            LayoutTableCell {TH} at (325,2) size 95x24 [border: (1px inset #808080)] [r=0 c=3 rs=1 cs=1]
              LayoutText {#text} at (2,2) size 91x19
                text run at (2,2) width 91: "Windows NT"
          LayoutTableRow {TR} at (0,28) size 422x24
            LayoutTableCell {TD} at (2,28) size 118x24 [border: (1px inset #808080)] [r=1 c=0 rs=1 cs=1]
              LayoutText {#text} at (2,2) size 73x19
                text run at (2,2) width 73: "Base Install"
            LayoutTableCell {TD} at (122,28) size 111x24 [border: (1px inset #808080)] [r=1 c=1 rs=1 cs=1]
              LayoutText {#text} at (2,2) size 21x19
                text run at (2,2) width 21: "yes"
            LayoutTableCell {TD} at (235,28) size 88x24 [border: (1px inset #808080)] [r=1 c=2 rs=1 cs=1]
              LayoutText {#text} at (2,2) size 21x19
                text run at (2,2) width 21: "yes"
            LayoutTableCell {TD} at (325,28) size 95x24 [border: (1px inset #808080)] [r=1 c=3 rs=1 cs=1]
              LayoutText {#text} at (2,2) size 21x19
                text run at (2,2) width 21: "yes"
          LayoutTableRow {TR} at (0,54) size 422x24
            LayoutTableCell {TD} at (2,54) size 118x24 [border: (1px inset #808080)] [r=2 c=0 rs=1 cs=1]
              LayoutText {#text} at (2,2) size 103x19
                text run at (2,2) width 103: "Complete Install"
            LayoutTableCell {TD} at (122,54) size 111x24 [border: (1px inset #808080)] [r=2 c=1 rs=1 cs=1]
              LayoutText {#text} at (2,2) size 21x19
                text run at (2,2) width 21: "yes"
            LayoutTableCell {TD} at (235,54) size 88x24 [border: (1px inset #808080)] [r=2 c=2 rs=1 cs=1]
              LayoutText {#text} at (2,2) size 21x19
                text run at (2,2) width 21: "yes"
            LayoutTableCell {TD} at (325,54) size 95x24 [border: (1px inset #808080)] [r=2 c=3 rs=1 cs=1]
              LayoutText {#text} at (2,2) size 21x19
                text run at (2,2) width 21: "yes"
          LayoutTableRow {TR} at (0,80) size 422x24
            LayoutTableCell {TD} at (2,80) size 118x24 [border: (1px inset #808080)] [r=3 c=0 rs=1 cs=1]
              LayoutText {#text} at (2,2) size 114x19
                text run at (2,2) width 114: "Pro Edition Install"
            LayoutTableCell {TD} at (122,80) size 111x24 [border: (1px inset #808080)] [r=3 c=1 rs=1 cs=1]
              LayoutText {#text} at (2,2) size 21x19
                text run at (2,2) width 21: "yes"
            LayoutTableCell {TD} at (235,80) size 88x24 [border: (1px inset #808080)] [r=3 c=2 rs=1 cs=1]
              LayoutText {#text} at (2,2) size 21x19
                text run at (2,2) width 21: "yes"
            LayoutTableCell {TD} at (325,80) size 95x24 [border: (1px inset #808080)] [r=3 c=3 rs=1 cs=1]
              LayoutText {#text} at (2,2) size 21x19
                text run at (2,2) width 21: "yes"
