layer at (0,0) size 800x600
  LayoutView at (0,0) size 800x600
layer at (0,0) size 800x153
  LayoutBlockFlow {html} at (0,0) size 800x153
    LayoutBlockFlow {body} at (8,16) size 784x129
      LayoutBlockFlow {p} at (0,0) size 784x20
        LayoutText {#text} at (0,0) size 470x19
          text run at (0,0) width 394: "There should be rules between all rows (and only rows) in the "
          text run at (394,0) width 76: "table below."
      LayoutTable {table} at (0,36) size 182x93 [border: none]
        LayoutTableCol {colgroup} at (0,0) size 0x0
          LayoutTableCol {col} at (0,0) size 0x0
        LayoutTableCol {colgroup} at (0,0) size 0x0
          LayoutTableCol {col} at (0,0) size 0x0
        LayoutTableCol {colgroup} at (0,0) size 0x0
          LayoutTableCol {col} at (0,0) size 0x0
        LayoutTableSection {thead} at (0,0) size 181x23
          LayoutTableRow {tr} at (0,0) size 181x23
            LayoutTableCell {th} at (0,0) size 61x23 [border: (1px solid #808080) none none (1px none #808080)] [r=0 c=0 rs=1 cs=1]
              LayoutText {#text} at (2,2) size 58x19
                text run at (2,2) width 58: "THEAD"
            LayoutTableCell {th} at (61,0) size 60x23 [border: (1px solid #808080) none none none] [r=0 c=1 rs=1 cs=1]
              LayoutText {#text} at (1,2) size 58x19
                text run at (1,2) width 58: "THEAD"
            LayoutTableCell {th} at (121,0) size 60x23 [border: (1px solid #808080) none none none] [r=0 c=2 rs=1 cs=1]
              LayoutText {#text} at (1,2) size 58x19
                text run at (1,2) width 58: "THEAD"
        LayoutTableSection {tfoot} at (0,69) size 181x23
          LayoutTableRow {tr} at (0,0) size 181x23
            LayoutTableCell {td} at (0,0) size 61x23 [border: (1px solid #808080) none none (1px none #808080)] [r=0 c=0 rs=1 cs=1]
              LayoutText {#text} at (2,2) size 53x19
                text run at (2,2) width 53: "TFOOT"
            LayoutTableCell {td} at (61,0) size 60x23 [border: (1px solid #808080) none none none] [r=0 c=1 rs=1 cs=1]
              LayoutText {#text} at (1,2) size 53x19
                text run at (1,2) width 53: "TFOOT"
            LayoutTableCell {td} at (121,0) size 60x23 [border: (1px solid #808080) none none none] [r=0 c=2 rs=1 cs=1]
              LayoutText {#text} at (1,2) size 53x19
                text run at (1,2) width 53: "TFOOT"
        LayoutTableSection {tbody} at (0,23) size 181x46
          LayoutTableRow {tr} at (0,0) size 181x23
            LayoutTableCell {td} at (0,0) size 61x23 [border: (1px solid #808080) none none (1px none #808080)] [r=0 c=0 rs=1 cs=1]
              LayoutText {#text} at (2,2) size 57x19
                text run at (2,2) width 57: "TBODY"
            LayoutTableCell {td} at (61,0) size 60x23 [border: (1px solid #808080) none none none] [r=0 c=1 rs=1 cs=1]
              LayoutText {#text} at (1,2) size 57x19
                text run at (1,2) width 57: "TBODY"
            LayoutTableCell {td} at (121,0) size 60x23 [border: (1px solid #808080) none none none] [r=0 c=2 rs=1 cs=1]
              LayoutText {#text} at (1,2) size 57x19
                text run at (1,2) width 57: "TBODY"
          LayoutTableRow {tr} at (0,23) size 181x23
            LayoutTableCell {td} at (0,23) size 61x23 [border: (1px solid #808080) none none (1px none #808080)] [r=1 c=0 rs=1 cs=1]
              LayoutText {#text} at (2,2) size 57x19
                text run at (2,2) width 57: "TBODY"
            LayoutTableCell {td} at (61,23) size 60x23 [border: (1px solid #808080) none none none] [r=1 c=1 rs=1 cs=1]
              LayoutText {#text} at (1,2) size 57x19
                text run at (1,2) width 57: "TBODY"
            LayoutTableCell {td} at (121,23) size 60x23 [border: (1px solid #808080) none none none] [r=1 c=2 rs=1 cs=1]
              LayoutText {#text} at (1,2) size 57x19
                text run at (1,2) width 57: "TBODY"
