layer at (0,0) size 800x600
  LayoutView at (0,0) size 800x600
layer at (0,0) size 800x160
  LayoutBlockFlow {html} at (0,0) size 800x160
    LayoutBlockFlow {body} at (8,16) size 784x136
      LayoutBlockFlow {p} at (0,0) size 784x20
        LayoutText {#text} at (0,0) size 563x19
          text run at (0,0) width 410: "Only the top and bottom sides of the frame surrounding the table "
          text run at (410,0) width 153: "below should be visible."
      LayoutTable {table} at (0,36) size 188x100 [border: (1px solid #808080) none (1px solid #808080) none]
        LayoutTableCol {colgroup} at (0,0) size 0x0
          LayoutTableCol {col} at (0,0) size 0x0
        LayoutTableCol {colgroup} at (0,0) size 0x0
          LayoutTableCol {col} at (0,0) size 0x0
        LayoutTableCol {colgroup} at (0,0) size 0x0
          LayoutTableCol {col} at (0,0) size 0x0
        LayoutTableSection {thead} at (0,1) size 188x26
          LayoutTableRow {tr} at (0,2) size 188x22
            LayoutTableCell {th} at (2,2) size 60x22 [r=0 c=0 rs=1 cs=1]
              LayoutText {#text} at (1,1) size 58x19
                text run at (1,1) width 58: "THEAD"
            LayoutTableCell {th} at (64,2) size 60x22 [r=0 c=1 rs=1 cs=1]
              LayoutText {#text} at (1,1) size 58x19
                text run at (1,1) width 58: "THEAD"
            LayoutTableCell {th} at (126,2) size 60x22 [r=0 c=2 rs=1 cs=1]
              LayoutText {#text} at (1,1) size 58x19
                text run at (1,1) width 58: "THEAD"
        LayoutTableSection {tfoot} at (0,75) size 188x24
          LayoutTableRow {tr} at (0,0) size 188x22
            LayoutTableCell {td} at (2,0) size 60x22 [r=0 c=0 rs=1 cs=1]
              LayoutText {#text} at (1,1) size 53x19
                text run at (1,1) width 53: "TFOOT"
            LayoutTableCell {td} at (64,0) size 60x22 [r=0 c=1 rs=1 cs=1]
              LayoutText {#text} at (1,1) size 53x19
                text run at (1,1) width 53: "TFOOT"
            LayoutTableCell {td} at (126,0) size 60x22 [r=0 c=2 rs=1 cs=1]
              LayoutText {#text} at (1,1) size 53x19
                text run at (1,1) width 53: "TFOOT"
        LayoutTableSection {tbody} at (0,27) size 188x48
          LayoutTableRow {tr} at (0,0) size 188x22
            LayoutTableCell {td} at (2,0) size 60x22 [r=0 c=0 rs=1 cs=1]
              LayoutText {#text} at (1,1) size 57x19
                text run at (1,1) width 57: "TBODY"
            LayoutTableCell {td} at (64,0) size 60x22 [r=0 c=1 rs=1 cs=1]
              LayoutText {#text} at (1,1) size 57x19
                text run at (1,1) width 57: "TBODY"
            LayoutTableCell {td} at (126,0) size 60x22 [r=0 c=2 rs=1 cs=1]
              LayoutText {#text} at (1,1) size 57x19
                text run at (1,1) width 57: "TBODY"
          LayoutTableRow {tr} at (0,24) size 188x22
            LayoutTableCell {td} at (2,24) size 60x22 [r=1 c=0 rs=1 cs=1]
              LayoutText {#text} at (1,1) size 57x19
                text run at (1,1) width 57: "TBODY"
            LayoutTableCell {td} at (64,24) size 60x22 [r=1 c=1 rs=1 cs=1]
              LayoutText {#text} at (1,1) size 57x19
                text run at (1,1) width 57: "TBODY"
            LayoutTableCell {td} at (126,24) size 60x22 [r=1 c=2 rs=1 cs=1]
              LayoutText {#text} at (1,1) size 57x19
                text run at (1,1) width 57: "TBODY"
