layer at (0,0) size 800x600
  LayoutView at (0,0) size 800x600
layer at (0,0) size 800x158
  LayoutBlockFlow {html} at (0,0) size 800x158
    LayoutBlockFlow {body} at (8,16) size 784x134
      LayoutBlockFlow {p} at (0,0) size 784x20
        LayoutText {#text} at (0,0) size 482x19
          text run at (0,0) width 372: "Only the left side of the frame surrounding the table below "
          text run at (372,0) width 110: "should be visible."
      LayoutTable {table} at (0,36) size 189x98 [border: none (1px solid #808080)]
        LayoutTableCol {colgroup} at (0,0) size 0x0
          LayoutTableCol {col} at (0,0) size 0x0
        LayoutTableCol {colgroup} at (0,0) size 0x0
          LayoutTableCol {col} at (0,0) size 0x0
        LayoutTableCol {colgroup} at (0,0) size 0x0
          LayoutTableCol {col} at (0,0) size 0x0
        LayoutTableSection {thead} at (1,0) size 188x26
          LayoutTableRow {tr} at (0,2) size 188x22
            LayoutTableCell {th} at (2,2) size 60x22 [r=0 c=0 rs=1 cs=1]
              LayoutText {#text} at (1,1) size 58x19
                text run at (1,1) width 58: "THEAD"
            LayoutTableCell {th} at (64,2) size 60x22 [r=0 c=1 rs=1 cs=1]
              LayoutText {#text} at (1,1) size 58x19
                text run at (1,1) width 58: "THEAD"
            LayoutTableCell {th} at (126,2) size 60x22 [r=0 c=2 rs=1 cs=1]
              LayoutText {#text} at (1,1) size 58x19
                text run at (1,1) width 58: "THEAD"
        LayoutTableSection {tfoot} at (1,74) size 188x24
          LayoutTableRow {tr} at (0,0) size 188x22
            LayoutTableCell {td} at (2,0) size 60x22 [r=0 c=0 rs=1 cs=1]
              LayoutText {#text} at (1,1) size 53x19
                text run at (1,1) width 53: "TFOOT"
            LayoutTableCell {td} at (64,0) size 60x22 [r=0 c=1 rs=1 cs=1]
              LayoutText {#text} at (1,1) size 53x19
                text run at (1,1) width 53: "TFOOT"
            LayoutTableCell {td} at (126,0) size 60x22 [r=0 c=2 rs=1 cs=1]
              LayoutText {#text} at (1,1) size 53x19
                text run at (1,1) width 53: "TFOOT"
        LayoutTableSection {tbody} at (1,26) size 188x48
          LayoutTableRow {tr} at (0,0) size 188x22
            LayoutTableCell {td} at (2,0) size 60x22 [r=0 c=0 rs=1 cs=1]
              LayoutText {#text} at (1,1) size 57x19
                text run at (1,1) width 57: "TBODY"
            LayoutTableCell {td} at (64,0) size 60x22 [r=0 c=1 rs=1 cs=1]
              LayoutText {#text} at (1,1) size 57x19
                text run at (1,1) width 57: "TBODY"
            LayoutTableCell {td} at (126,0) size 60x22 [r=0 c=2 rs=1 cs=1]
              LayoutText {#text} at (1,1) size 57x19
                text run at (1,1) width 57: "TBODY"
          LayoutTableRow {tr} at (0,24) size 188x22
            LayoutTableCell {td} at (2,24) size 60x22 [r=1 c=0 rs=1 cs=1]
              LayoutText {#text} at (1,1) size 57x19
                text run at (1,1) width 57: "TBODY"
            LayoutTableCell {td} at (64,24) size 60x22 [r=1 c=1 rs=1 cs=1]
              LayoutText {#text} at (1,1) size 57x19
                text run at (1,1) width 57: "TBODY"
            LayoutTableCell {td} at (126,24) size 60x22 [r=1 c=2 rs=1 cs=1]
              LayoutText {#text} at (1,1) size 57x19
                text run at (1,1) width 57: "TBODY"
