layer at (0,0) size 800x600
  LayoutView at (0,0) size 800x600
layer at (0,0) size 800x150
  LayoutBlockFlow {html} at (0,0) size 800x150
    LayoutBlockFlow {body} at (8,16) size 784x126
      LayoutBlockFlow {p} at (0,0) size 784x20
        LayoutText {#text} at (0,0) size 514x19
          text run at (0,0) width 415: "There should be rules between all columns (and only columns) in "
          text run at (415,0) width 99: "the table below."
      LayoutTable {table} at (0,36) size 184x90 [border: none]
        LayoutTableCol {colgroup} at (0,0) size 0x0
          LayoutTableCol {col} at (0,0) size 0x0
        LayoutTableCol {colgroup} at (0,0) size 0x0
          LayoutTableCol {col} at (0,0) size 0x0
        LayoutTableCol {colgroup} at (0,0) size 0x0
          LayoutTableCol {col} at (0,0) size 0x0
        LayoutTableSection {thead} at (0,0) size 183x23
          LayoutTableRow {tr} at (0,0) size 183x23
            LayoutTableCell {th} at (0,0) size 61x23 [border: (1px none #808080) none none (1px solid #808080)] [r=0 c=0 rs=1 cs=1]
              LayoutText {#text} at (2,2) size 58x19
                text run at (2,2) width 58: "THEAD"
            LayoutTableCell {th} at (61,0) size 61x23 [border: (1px none #808080) none none (1px solid #808080)] [r=0 c=1 rs=1 cs=1]
              LayoutText {#text} at (2,2) size 58x19
                text run at (2,2) width 58: "THEAD"
            LayoutTableCell {th} at (122,0) size 61x23 [border: (1px none #808080) none none (1px solid #808080)] [r=0 c=2 rs=1 cs=1]
              LayoutText {#text} at (2,2) size 58x19
                text run at (2,2) width 58: "THEAD"
        LayoutTableSection {tfoot} at (0,67) size 183x22
          LayoutTableRow {tr} at (0,0) size 183x22
            LayoutTableCell {td} at (0,0) size 61x22 [border: none none none (1px solid #808080)] [r=0 c=0 rs=1 cs=1]
              LayoutText {#text} at (2,1) size 53x19
                text run at (2,1) width 53: "TFOOT"
            LayoutTableCell {td} at (61,0) size 61x22 [border: none none none (1px solid #808080)] [r=0 c=1 rs=1 cs=1]
              LayoutText {#text} at (2,1) size 53x19
                text run at (2,1) width 53: "TFOOT"
            LayoutTableCell {td} at (122,0) size 61x22 [border: none none none (1px solid #808080)] [r=0 c=2 rs=1 cs=1]
              LayoutText {#text} at (2,1) size 53x19
                text run at (2,1) width 53: "TFOOT"
        LayoutTableSection {tbody} at (0,23) size 183x44
          LayoutTableRow {tr} at (0,0) size 183x22
            LayoutTableCell {td} at (0,0) size 61x22 [border: none none none (1px solid #808080)] [r=0 c=0 rs=1 cs=1]
              LayoutText {#text} at (2,1) size 57x19
                text run at (2,1) width 57: "TBODY"
            LayoutTableCell {td} at (61,0) size 61x22 [border: none none none (1px solid #808080)] [r=0 c=1 rs=1 cs=1]
              LayoutText {#text} at (2,1) size 57x19
                text run at (2,1) width 57: "TBODY"
            LayoutTableCell {td} at (122,0) size 61x22 [border: none none none (1px solid #808080)] [r=0 c=2 rs=1 cs=1]
              LayoutText {#text} at (2,1) size 57x19
                text run at (2,1) width 57: "TBODY"
          LayoutTableRow {tr} at (0,22) size 183x22
            LayoutTableCell {td} at (0,22) size 61x22 [border: none none none (1px solid #808080)] [r=1 c=0 rs=1 cs=1]
              LayoutText {#text} at (2,1) size 57x19
                text run at (2,1) width 57: "TBODY"
            LayoutTableCell {td} at (61,22) size 61x22 [border: none none none (1px solid #808080)] [r=1 c=1 rs=1 cs=1]
              LayoutText {#text} at (2,1) size 57x19
                text run at (2,1) width 57: "TBODY"
            LayoutTableCell {td} at (122,22) size 61x22 [border: none none none (1px solid #808080)] [r=1 c=2 rs=1 cs=1]
              LayoutText {#text} at (2,1) size 57x19
                text run at (2,1) width 57: "TBODY"
