layer at (0,0) size 800x600
  LayoutView at (0,0) size 800x600
layer at (0,0) size 800x600
  LayoutNGBlockFlow {HTML} at (0,0) size 800x600
    LayoutNGBlockFlow {BODY} at (8,8) size 784x584 [bgcolor=#CCCCCC]
      LayoutNGBlockFlow {P} at (0,0) size 784x20
        LayoutText {#text} at (0,0) size 355x19
          text run at (0,0) width 355: "The style declarations which apply to the text below are:"
      LayoutNGBlockFlow {PRE} at (0,36) size 784x48
        LayoutText {#text} at (0,0) size 376x48
          text run at (0,0) width 376: ".one {border-width: 25px; border-style: solid;}"
          text run at (376,0) width 0: " "
          text run at (0,16) width 376: ".two {border-width: thin; border-style: solid;}"
          text run at (376,16) width 0: " "
          text run at (0,32) width 224: ".three {border-width: 25px;}"
          text run at (224,32) width 0: " "
      LayoutNGBlockFlow {P} at (0,115) size 784x110 [border: (25px solid #000000)]
        LayoutText {#text} at (25,25) size 172x19
          text run at (25,25) width 172: "This element has a class of "
        LayoutInline {TT} at (0,0) size 24x16
          LayoutText {#text} at (197,28) size 24x16
            text run at (197,28) width 24: "one"
        LayoutText {#text} at (221,25) size 162x19
          text run at (221,25) width 162: ". However, it contains an "
        LayoutInline {SPAN} at (0,0) size 170x21 [border: (1px solid #000000)]
          LayoutText {#text} at (383,25) size 144x19
            text run at (383,25) width 144: "inline element of class "
          LayoutInline {TT} at (0,0) size 25x16
            LayoutText {#text} at (526,28) size 25x16
              text run at (526,28) width 25: "two"
        LayoutText {#text} at (551,25) size 713x39
          text run at (551,25) width 187: ", which should result in a thin"
          text run at (25,45) width 477: "solid border on each side of each box in the inline element. There is also an "
        LayoutInline {SPAN} at (0,0) size 184x19
          LayoutText {#text} at (501,45) size 144x19
            text run at (501,45) width 144: "inline element of class "
          LayoutInline {TT} at (0,0) size 41x16
            LayoutText {#text} at (644,48) size 41x16
              text run at (644,48) width 41: "three"
        LayoutText {#text} at (684,45) size 707x39
          text run at (684,45) width 48: ", which"
          text run at (25,65) width 387: "should have no border width because no border style was set."
      LayoutTable {TABLE} at (0,241) size 784x148 [border: (1px outset #808080)]
        LayoutTableSection {TBODY} at (1,1) size 782x146
          LayoutTableRow {TR} at (0,0) size 782x28
            LayoutNGTableCell {TD} at (0,0) size 782x28 [bgcolor=#C0C0C0] [border: (1px inset #808080)] [r=0 c=0 rs=1 cs=2]
              LayoutInline {STRONG} at (0,0) size 161x19
                LayoutText {#text} at (4,4) size 161x19
                  text run at (4,4) width 161: "TABLE Testing Section"
          LayoutTableRow {TR} at (0,28) size 782x118
            LayoutNGTableCell {TD} at (0,73) size 12x28 [bgcolor=#C0C0C0] [border: (1px inset #808080)] [r=1 c=0 rs=1 cs=1]
              LayoutText {#text} at (4,49) size 4x19
                text run at (4,49) width 4: " "
            LayoutNGTableCell {TD} at (12,28) size 770x118 [border: (1px inset #808080)] [r=1 c=1 rs=1 cs=1]
              LayoutNGBlockFlow {P} at (4,4) size 762x110 [border: (25px solid #000000)]
                LayoutText {#text} at (25,25) size 172x19
                  text run at (25,25) width 172: "This element has a class of "
                LayoutInline {TT} at (0,0) size 24x16
                  LayoutText {#text} at (197,28) size 24x16
                    text run at (197,28) width 24: "one"
                LayoutText {#text} at (221,25) size 162x19
                  text run at (221,25) width 162: ". However, it contains an "
                LayoutInline {SPAN} at (0,0) size 170x21 [border: (1px solid #000000)]
                  LayoutText {#text} at (383,25) size 144x19
                    text run at (383,25) width 144: "inline element of class "
                  LayoutInline {TT} at (0,0) size 25x16
                    LayoutText {#text} at (526,28) size 25x16
                      text run at (526,28) width 25: "two"
                LayoutText {#text} at (551,25) size 685x39
                  text run at (551,25) width 159: ", which should result in a"
                  text run at (25,45) width 505: "thin solid border on each side of each box in the inline element. There is also an "
                LayoutInline {SPAN} at (0,0) size 184x19
                  LayoutText {#text} at (529,45) size 144x19
                    text run at (529,45) width 144: "inline element of class "
                  LayoutInline {TT} at (0,0) size 41x16
                    LayoutText {#text} at (672,48) size 41x16
                      text run at (672,48) width 41: "three"
                LayoutText {#text} at (712,45) size 692x39
                  text run at (712,45) width 5: ","
                  text run at (25,65) width 430: "which should have no border width because no border style was set."
layer at (8,105) size 784x2 clip at (0,0) size 0x0
  LayoutNGBlockFlow {HR} at (0,97) size 784x2 [border: (1px inset #EEEEEE)]
