layer at (0,0) size 800x600 clip at (0,0) size 785x600 scrollHeight 1915
  LayoutView at (0,0) size 800x600
layer at (0,0) size 785x1915 backgroundClip at (0,0) size 785x600 clip at (0,0) size 785x600
  LayoutNGBlockFlow {HTML} at (0,0) size 785x1915
    LayoutNGBlockFlow {BODY} at (8,8) size 769x1899 [bgcolor=#CCCCCC]
      LayoutNGBlockFlow {P} at (0,0) size 769x20
        LayoutText {#text} at (0,0) size 355x19
          text run at (0,0) width 355: "The style declarations which apply to the text below are:"
      LayoutNGBlockFlow {PRE} at (0,36) size 769x144
        LayoutText {#text} at (0,0) size 560x128
          text run at (0,0) width 344: "P.test {background: white; font-size: 20px;"
          text run at (344,0) width 0: " "
          text run at (0,16) width 560: "        margin-left: 30px; margin-right: 10px; padding: 0; border: 0;}"
          text run at (560,16) width 0: " "
          text run at (0,32) width 312: "IMG {padding: 0; border: 0; margin: 0;}"
          text run at (312,32) width 0: " "
          text run at (0,48) width 200: "P.test IMG {float: left;}"
          text run at (200,48) width 0: " "
          text run at (0,64) width 352: "#img2 {margin-top: 30px; margin-left: 30px;}"
          text run at (352,64) width 0: " "
          text run at (0,80) width 368: "#img3 {margin-top: -30px; margin-left: -30px;}"
          text run at (368,80) width 0: " "
          text run at (0,96) width 384: "#img4 {margin-right: 30px; margin-bottom: 30px;}"
          text run at (384,96) width 0: " "
          text run at (0,112) width 400: "#img5 {margin-right: -30px; margin-bottom: -30px;}"
          text run at (400,112) width 0: " "
          text run at (0,128) width 0: " "
      LayoutNGBlockFlow {P} at (30,215) size 729x92 [bgcolor=#FFFFFF]
        LayoutText {#text} at (0,0) size 729x91
          text run at (0,0) width 663: "This paragraph should have a white background which extends to the edges of the"
          text run at (0,23) width 729: "element's box. There is no padding set on this paragraph whatsoever. If the background of"
          text run at (0,46) width 721: "the entire box is not white, this may cause problems with the following tests; at any rate,"
          text run at (0,69) width 240: "it must be taken into account."
      LayoutNGBlockFlow {P} at (30,327) size 729x115 [bgcolor=#FFFFFF]
        LayoutImage (floating) {IMG} at (0,0) size 60x60
        LayoutNGBlockFlow (anonymous) at (0,0) size 729x115
          LayoutText {#text} at (60,0) size 719x114
            text run at (60,0) width 638: "The image in the upper left corner of this paragraph should be floated left, and"
            text run at (60,23) width 659: "nothing more. The edges of the white background should line up with the top and"
            text run at (60,46) width 650: "left edges of the image. This paragraph should have a white background, first of"
            text run at (0,69) width 677: "all, which extends to the edges of the element's box. There is no padding set on this"
            text run at (0,92) width 182: "paragraph whatsoever."
      LayoutNGBlockFlow {P} at (30,462) size 729x115 [bgcolor=#FFFFFF]
        LayoutImage (floating) {IMG} at (30,30) size 60x60
        LayoutNGBlockFlow (anonymous) at (0,0) size 729x115
          LayoutText {#text} at (90,0) size 717x114
            text run at (90,0) width 615: "The image in the upper left corner of this paragraph should be pushed down"
            text run at (90,23) width 611: "and to the right 30 pixels each from the upper left corner of the paragraph's"
            text run at (90,46) width 627: "box, and displace the paragraph text accordingly. This paragraph should have"
            text run at (90,69) width 613: "a white background, first of all, which extends to the edges of the element's"
            text run at (0,92) width 476: "box. There is no padding set on this paragraph whatsoever."
      LayoutNGBlockFlow {P} at (30,597) size 729x115 [bgcolor=#FFFFFF]
        LayoutImage (floating) {IMG} at (-30,-30) size 60x60
        LayoutNGBlockFlow (anonymous) at (0,0) size 729x115
          LayoutText {#text} at (30,0) size 721x114
            text run at (30,0) width 676: "The image in the upper left corner of this paragraph should be pushed up and to the"
            text run at (30,23) width 691: "left 30 pixels each from the upper left corner of the paragraph's box, thus causing the"
            text run at (0,46) width 669: "edges of the white background to align with the thick gray lines in the image. This"
            text run at (0,69) width 719: "paragraph should have a white background, first of all, which extends to the edges of the"
            text run at (0,92) width 558: "element's box. There is no padding set on this paragraph whatsoever."
      LayoutNGBlockFlow {P} at (30,732) size 729x138 [bgcolor=#FFFFFF]
        LayoutImage (floating) {IMG} at (0,0) size 60x60
        LayoutNGBlockFlow (anonymous) at (0,0) size 729x138
          LayoutText {#text} at (90,0) size 728x137
            text run at (90,0) width 638: "The image in the upper left corner of this paragraph should be floated left, and"
            text run at (90,23) width 618: "the edges of the white background should line up with the top and left edges"
            text run at (90,46) width 616: "of the image. However, there should be 30 pixels of space between the right"
            text run at (90,69) width 560: "and bottom edges of the image and the paragraph text around it. This"
            text run at (0,92) width 719: "paragraph should have a white background, first of all, which extends to the edges of the"
            text run at (0,115) width 558: "element's box. There is no padding set on this paragraph whatsoever."
      LayoutNGBlockFlow {P} at (30,890) size 729x138 [bgcolor=#FFFFFF]
        LayoutImage (floating) {IMG} at (0,0) size 60x60
        LayoutNGBlockFlow (anonymous) at (0,0) size 729x138
          LayoutText {#text} at (30,0) size 706x137
            text run at (30,0) width 668: "The image in the upper left corner of this paragraph should be floated left, and the"
            text run at (30,23) width 640: "edges of the white background should line up with the top and left edges of the"
            text run at (0,46) width 696: "image. However, the text should overlap the image's right and bottom sides, lining up"
            text run at (0,69) width 706: "with the thick gray lines in the image. This paragraph should have a white background,"
            text run at (0,92) width 703: "first of all, which extends to the edges of the element's box. There is no padding set on"
            text run at (0,115) width 217: "this paragraph whatsoever."
      LayoutTable {TABLE} at (0,1048) size 769x851 [border: (1px outset #808080)]
        LayoutTableSection {TBODY} at (1,1) size 767x849
          LayoutTableRow {TR} at (0,0) size 767x28
            LayoutNGTableCell {TD} at (0,0) size 767x28 [bgcolor=#C0C0C0] [border: (1px inset #808080)] [r=0 c=0 rs=1 cs=2]
              LayoutInline {STRONG} at (0,0) size 161x19
                LayoutText {#text} at (4,4) size 161x19
                  text run at (4,4) width 161: "TABLE Testing Section"
          LayoutTableRow {TR} at (0,28) size 767x821
            LayoutNGTableCell {TD} at (0,424) size 12x28 [bgcolor=#C0C0C0] [border: (1px inset #808080)] [r=1 c=0 rs=1 cs=1]
              LayoutText {#text} at (4,400) size 4x19
                text run at (4,400) width 4: " "
            LayoutNGTableCell {TD} at (12,28) size 755x821 [border: (1px inset #808080)] [r=1 c=1 rs=1 cs=1]
              LayoutNGBlockFlow {P} at (34,4) size 707x92 [bgcolor=#FFFFFF]
                LayoutText {#text} at (0,0) size 707x91
                  text run at (0,0) width 663: "This paragraph should have a white background which extends to the edges of the"
                  text run at (0,23) width 707: "element's box. There is no padding set on this paragraph whatsoever. If the background"
                  text run at (0,46) width 702: "of the entire box is not white, this may cause problems with the following tests; at any"
                  text run at (0,69) width 281: "rate, it must be taken into account."
              LayoutNGBlockFlow {P} at (34,116) size 707x115 [bgcolor=#FFFFFF]
                LayoutImage (floating) {IMG} at (0,0) size 60x60
                LayoutNGBlockFlow (anonymous) at (0,0) size 707x115
                  LayoutText {#text} at (60,0) size 703x114
                    text run at (60,0) width 638: "The image in the upper left corner of this paragraph should be floated left, and"
                    text run at (60,23) width 625: "nothing more. The edges of the white background should line up with the top"
                    text run at (60,46) width 623: "and left edges of the image. This paragraph should have a white background,"
                    text run at (0,69) width 703: "first of all, which extends to the edges of the element's box. There is no padding set on"
                    text run at (0,92) width 217: "this paragraph whatsoever."
              LayoutNGBlockFlow {P} at (34,251) size 707x115 [bgcolor=#FFFFFF]
                LayoutImage (floating) {IMG} at (30,30) size 60x60
                LayoutNGBlockFlow (anonymous) at (0,0) size 707x115
                  LayoutText {#text} at (90,0) size 705x114
                    text run at (90,0) width 615: "The image in the upper left corner of this paragraph should be pushed down"
                    text run at (90,23) width 611: "and to the right 30 pixels each from the upper left corner of the paragraph's"
                    text run at (90,46) width 584: "box, and displace the paragraph text accordingly. This paragraph should"
                    text run at (90,69) width 574: "have a white background, first of all, which extends to the edges of the"
                    text run at (0,92) width 558: "element's box. There is no padding set on this paragraph whatsoever."
              LayoutNGBlockFlow {P} at (34,386) size 707x115 [bgcolor=#FFFFFF]
                LayoutImage (floating) {IMG} at (-30,-30) size 60x60
                LayoutNGBlockFlow (anonymous) at (0,0) size 707x115
                  LayoutText {#text} at (30,0) size 706x114
                    text run at (30,0) width 676: "The image in the upper left corner of this paragraph should be pushed up and to the"
                    text run at (30,23) width 661: "left 30 pixels each from the upper left corner of the paragraph's box, thus causing"
                    text run at (0,46) width 699: "the edges of the white background to align with the thick gray lines in the image. This"
                    text run at (0,69) width 689: "paragraph should have a white background, first of all, which extends to the edges of"
                    text run at (0,92) width 588: "the element's box. There is no padding set on this paragraph whatsoever."
              LayoutNGBlockFlow {P} at (34,521) size 707x138 [bgcolor=#FFFFFF]
                LayoutImage (floating) {IMG} at (0,0) size 60x60
                LayoutNGBlockFlow (anonymous) at (0,0) size 707x138
                  LayoutText {#text} at (90,0) size 694x137
                    text run at (90,0) width 604: "The image in the upper left corner of this paragraph should be floated left,"
                    text run at (90,23) width 601: "and the edges of the white background should line up with the top and left"
                    text run at (90,46) width 593: "edges of the image. However, there should be 30 pixels of space between"
                    text run at (90,69) width 593: "the right and bottom edges of the image and the paragraph text around it."
                    text run at (0,92) width 657: "This paragraph should have a white background, first of all, which extends to the"
                    text run at (0,115) width 661: "edges of the element's box. There is no padding set on this paragraph whatsoever."
              LayoutNGBlockFlow {P} at (34,679) size 707x138 [bgcolor=#FFFFFF]
                LayoutImage (floating) {IMG} at (0,0) size 60x60
                LayoutNGBlockFlow (anonymous) at (0,0) size 707x138
                  LayoutText {#text} at (30,0) size 706x137
                    text run at (30,0) width 668: "The image in the upper left corner of this paragraph should be floated left, and the"
                    text run at (30,23) width 640: "edges of the white background should line up with the top and left edges of the"
                    text run at (0,46) width 696: "image. However, the text should overlap the image's right and bottom sides, lining up"
                    text run at (0,69) width 706: "with the thick gray lines in the image. This paragraph should have a white background,"
                    text run at (0,92) width 703: "first of all, which extends to the edges of the element's box. There is no padding set on"
                    text run at (0,115) width 217: "this paragraph whatsoever."
layer at (8,201) size 769x2 clip at (0,0) size 0x0
  LayoutNGBlockFlow {HR} at (0,193) size 769x2 [border: (1px inset #EEEEEE)]
