layer at (0,0) size 800x600 scrollHeight 749
  LayoutView at (0,0) size 800x600
layer at (0,0) size 800x749 backgroundClip at (0,0) size 800x600 clip at (0,0) size 800x600
  LayoutNGBlockFlow {HTML} at (0,0) size 800x749
    LayoutNGBlockFlow {BODY} at (8,8) size 784x733 [bgcolor=#CCCCCC]
      LayoutNGBlockFlow {P} at (0,0) size 784x20
        LayoutText {#text} at (0,0) size 355x19
          text run at (0,0) width 355: "The style declarations which apply to the text below are:"
      LayoutNGBlockFlow {PRE} at (0,36) size 784x48
        LayoutText {#text} at (0,0) size 360x48
          text run at (0,0) width 352: ".zero {background-color: silver; margin: 0;}"
          text run at (352,0) width 0: " "
          text run at (0,16) width 352: ".one {margin: 25px; background-color: aqua;}"
          text run at (352,16) width 0: " "
          text run at (0,32) width 360: ".two {margin: -10px; background-color: aqua;}"
          text run at (360,32) width 0: " "
      LayoutNGBlockFlow {P} at (0,107) size 784x20 [bgcolor=#C0C0C0]
        LayoutText {#text} at (0,0) size 203x19
          text run at (0,0) width 203: "This element has a class of zero."
      LayoutNGBlockFlow {P} at (0,143) size 784x80 [bgcolor=#808080]
        LayoutText {#text} at (0,0) size 480x19
          text run at (0,0) width 480: "This element is unstyled save for a background color of gray.. It contains an "
        LayoutInline {SPAN} at (0,0) size 751x39 [bgcolor=#00FFFF]
          LayoutText {#text} at (504,0) size 144x19
            text run at (504,0) width 144: "inline element of class "
          LayoutInline {TT} at (0,0) size 25x16
            LayoutText {#text} at (647,3) size 25x16
              text run at (647,3) width 25: "one"
          LayoutText {#text} at (671,0) size 751x39
            text run at (671,0) width 80: ", giving it an"
            text run at (0,20) width 231: "aqua background and a 25px margin"
        LayoutText {#text} at (255,20) size 769x59
          text run at (255,20) width 514: ". Margins on inline elements does not affect line-height calculations, so all lines in"
          text run at (0,40) width 766: "this element should have the same line-height. However, there should be a 25px margin to the left side of the inline box in"
          text run at (0,60) width 727: "the first line it appears, and a 25px margin to the right side of the inline element box in the last line where it appears."
      LayoutNGBlockFlow {P} at (0,239) size 784x20 [bgcolor=#C0C0C0]
        LayoutText {#text} at (0,0) size 203x19
          text run at (0,0) width 203: "This element has a class of zero."
      LayoutNGBlockFlow {P} at (0,275) size 784x80 [bgcolor=#808080]
        LayoutText {#text} at (0,0) size 480x19
          text run at (0,0) width 480: "This element is unstyled save for a background color of gray.. It contains an "
        LayoutInline {SPAN} at (0,0) size 750x39 [bgcolor=#00FFFF]
          LayoutText {#text} at (469,0) size 144x19
            text run at (469,0) width 144: "inline element of class "
          LayoutInline {TT} at (0,0) size 25x16
            LayoutText {#text} at (612,3) size 25x16
              text run at (612,3) width 25: "two"
          LayoutText {#text} at (636,0) size 750x39
            text run at (636,0) width 114: ", giving it an aqua"
            text run at (0,20) width 202: "background and a -10px margin"
        LayoutText {#text} at (191,20) size 784x59
          text run at (191,20) width 593: ". Margins on inline elements does not affect line-height calculations, so all lines in this element"
          text run at (0,40) width 782: "should have the same line-height. However, there should be a -10px margin to the left side of the inline box in the first line it"
          text run at (0,60) width 642: "appears, and a -10px margin to the right side of the inline element box in the last line where it appears."
      LayoutNGBlockFlow {P} at (0,371) size 784x20 [bgcolor=#C0C0C0]
        LayoutText {#text} at (0,0) size 203x19
          text run at (0,0) width 203: "This element has a class of zero."
      LayoutTable {TABLE} at (0,391) size 784x342 [border: (1px outset #808080)]
        LayoutTableSection {TBODY} at (1,1) size 782x340
          LayoutTableRow {TR} at (0,0) size 782x28
            LayoutNGTableCell {TD} at (0,0) size 782x28 [bgcolor=#C0C0C0] [border: (1px inset #808080)] [r=0 c=0 rs=1 cs=2]
              LayoutInline {STRONG} at (0,0) size 161x19
                LayoutText {#text} at (4,4) size 161x19
                  text run at (4,4) width 161: "TABLE Testing Section"
          LayoutTableRow {TR} at (0,28) size 782x312
            LayoutNGTableCell {TD} at (0,170) size 12x28 [bgcolor=#C0C0C0] [border: (1px inset #808080)] [r=1 c=0 rs=1 cs=1]
              LayoutText {#text} at (4,146) size 4x19
                text run at (4,146) width 4: " "
            LayoutNGTableCell {TD} at (12,28) size 770x312 [border: (1px inset #808080)] [r=1 c=1 rs=1 cs=1]
              LayoutNGBlockFlow {P} at (4,4) size 762x20 [bgcolor=#C0C0C0]
                LayoutText {#text} at (0,0) size 203x19
                  text run at (0,0) width 203: "This element has a class of zero."
              LayoutNGBlockFlow {P} at (4,40) size 762x100 [bgcolor=#808080]
                LayoutText {#text} at (0,0) size 480x19
                  text run at (0,0) width 480: "This element is unstyled save for a background color of gray.. It contains an "
                LayoutInline {SPAN} at (0,0) size 751x39 [bgcolor=#00FFFF]
                  LayoutText {#text} at (504,0) size 144x19
                    text run at (504,0) width 144: "inline element of class "
                  LayoutInline {TT} at (0,0) size 25x16
                    LayoutText {#text} at (647,3) size 25x16
                      text run at (647,3) width 25: "one"
                  LayoutText {#text} at (671,0) size 751x39
                    text run at (671,0) width 80: ", giving it an"
                    text run at (0,20) width 231: "aqua background and a 25px margin"
                LayoutText {#text} at (255,20) size 753x79
                  text run at (255,20) width 498: ". Margins on inline elements does not affect line-height calculations, so all lines"
                  text run at (0,40) width 738: "in this element should have the same line-height. However, there should be a 25px margin to the left side of the inline"
                  text run at (0,60) width 715: "box in the first line it appears, and a 25px margin to the right side of the inline element box in the last line where it"
                  text run at (0,80) width 52: "appears."
              LayoutNGBlockFlow {P} at (4,156) size 762x20 [bgcolor=#C0C0C0]
                LayoutText {#text} at (0,0) size 203x19
                  text run at (0,0) width 203: "This element has a class of zero."
              LayoutNGBlockFlow {P} at (4,192) size 762x80 [bgcolor=#808080]
                LayoutText {#text} at (0,0) size 480x19
                  text run at (0,0) width 480: "This element is unstyled save for a background color of gray.. It contains an "
                LayoutInline {SPAN} at (0,0) size 750x39 [bgcolor=#00FFFF]
                  LayoutText {#text} at (469,0) size 144x19
                    text run at (469,0) width 144: "inline element of class "
                  LayoutInline {TT} at (0,0) size 25x16
                    LayoutText {#text} at (612,3) size 25x16
                      text run at (612,3) width 25: "two"
                  LayoutText {#text} at (636,0) size 750x39
                    text run at (636,0) width 114: ", giving it an aqua"
                    text run at (0,20) width 202: "background and a -10px margin"
                LayoutText {#text} at (191,20) size 745x59
                  text run at (191,20) width 540: ". Margins on inline elements does not affect line-height calculations, so all lines in this"
                  text run at (0,40) width 745: "element should have the same line-height. However, there should be a -10px margin to the left side of the inline box in"
                  text run at (0,60) width 732: "the first line it appears, and a -10px margin to the right side of the inline element box in the last line where it appears."
              LayoutNGBlockFlow {P} at (4,288) size 762x20 [bgcolor=#C0C0C0]
                LayoutText {#text} at (0,0) size 203x19
                  text run at (0,0) width 203: "This element has a class of zero."
layer at (8,105) size 784x2 clip at (0,0) size 0x0
  LayoutNGBlockFlow {HR} at (0,97) size 784x2 [border: (1px inset #EEEEEE)]
