layer at (0,0) size 800x600 clip at (0,0) size 785x600 scrollHeight 1610
  LayoutView at (0,0) size 800x600
layer at (0,0) size 785x1610 backgroundClip at (0,0) size 785x600 clip at (0,0) size 785x600
  LayoutNGBlockFlow {HTML} at (0,0) size 785x1610.25
    LayoutNGBlockFlow {BODY} at (8,8) size 769x1594.25 [bgcolor=#CCCCCC]
      LayoutNGBlockFlow {P} at (0,0) size 769x20
        LayoutText {#text} at (0,0) size 355x19
          text run at (0,0) width 355: "The style declarations which apply to the text below are:"
      LayoutNGBlockFlow {PRE} at (0,36) size 769x96
        LayoutText {#text} at (0,0) size 432x96
          text run at (0,0) width 416: ".zero {background-color: silver; padding-bottom: 0;}"
          text run at (416,0) width 0: " "
          text run at (0,16) width 424: ".one {padding-bottom: 0.5in; background-color: aqua;}"
          text run at (424,16) width 0: " "
          text run at (0,32) width 416: ".two {padding-bottom: 25px; background-color: aqua;}"
          text run at (416,32) width 0: " "
          text run at (0,48) width 424: ".three {padding-bottom: 5em; background-color: aqua;}"
          text run at (424,48) width 0: " "
          text run at (0,64) width 416: ".four {padding-bottom: 25%; background-color: aqua;}"
          text run at (416,64) width 0: " "
          text run at (0,80) width 432: ".five {padding-bottom: -20px; background-color: aqua;}"
          text run at (432,80) width 0: " "
      LayoutNGBlockFlow {P} at (0,163) size 769x20 [bgcolor=#C0C0C0]
        LayoutText {#text} at (0,0) size 203x19
          text run at (0,0) width 203: "This element has a class of zero."
      LayoutNGBlockFlow {P} at (0,199) size 769x88 [bgcolor=#00FFFF]
        LayoutText {#text} at (0,0) size 761x39
          text run at (0,0) width 761: "This element should have a bottom padding of half an inch, which will require extra text in order to test. Both the content"
          text run at (0,20) width 356: "background and the padding should be aqua (light blue)."
      LayoutNGBlockFlow {P} at (0,303) size 769x65 [bgcolor=#00FFFF]
        LayoutText {#text} at (0,0) size 744x39
          text run at (0,0) width 744: "This element should have a bottom padding of 25 pixels, which will require extra text in order to test. Both the content"
          text run at (0,20) width 356: "background and the padding should be aqua (light blue)."
      LayoutNGBlockFlow {P} at (0,384) size 769x120 [bgcolor=#00FFFF]
        LayoutText {#text} at (0,0) size 718x39
          text run at (0,0) width 718: "This element should have a bottom padding of 5 em, which will require extra text in order to test. Both the content"
          text run at (0,20) width 356: "background and the padding should be aqua (light blue)."
      LayoutNGBlockFlow {P} at (0,520) size 769x232.25 [bgcolor=#00FFFF]
        LayoutText {#text} at (0,0) size 752x39
          text run at (0,0) width 752: "This element should have a bottom padding of 25%, which is calculated with respect to the width of the parent element."
          text run at (0,20) width 732: "This will require extra text in order to test. Both the content background and the padding should be aqua (light blue)."
      LayoutNGBlockFlow {P} at (0,768.25) size 769x20 [bgcolor=#C0C0C0]
        LayoutText {#text} at (0,0) size 203x19
          text run at (0,0) width 203: "This element has a class of zero."
      LayoutNGBlockFlow {P} at (0,804.25) size 769x40 [bgcolor=#00FFFF]
        LayoutText {#text} at (0,0) size 693x39
          text run at (0,0) width 693: "This element should have no bottom padding, since negative padding values are not allowed. Both the content"
          text run at (0,20) width 404: "background and the normal padding should be aqua (light blue)."
      LayoutTable {TABLE} at (0,860.25) size 769x734 [border: (1px outset #808080)]
        LayoutTableSection {TBODY} at (1,1) size 767x732
          LayoutTableRow {TR} at (0,0) size 767x28
            LayoutNGTableCell {TD} at (0,0) size 767x28 [bgcolor=#C0C0C0] [border: (1px inset #808080)] [r=0 c=0 rs=1 cs=2]
              LayoutInline {STRONG} at (0,0) size 161x19
                LayoutText {#text} at (4,4) size 161x19
                  text run at (4,4) width 161: "TABLE Testing Section"
          LayoutTableRow {TR} at (0,28) size 767x704
            LayoutNGTableCell {TD} at (0,366) size 12x28 [bgcolor=#C0C0C0] [border: (1px inset #808080)] [r=1 c=0 rs=1 cs=1]
              LayoutText {#text} at (4,342) size 4x19
                text run at (4,342) width 4: " "
            LayoutNGTableCell {TD} at (12,28) size 755x703.75 [border: (1px inset #808080)] [r=1 c=1 rs=1 cs=1]
              LayoutNGBlockFlow {P} at (4,4) size 747x20 [bgcolor=#C0C0C0]
                LayoutText {#text} at (0,0) size 203x19
                  text run at (0,0) width 203: "This element has a class of zero."
              LayoutNGBlockFlow {P} at (4,40) size 747x88 [bgcolor=#00FFFF]
                LayoutText {#text} at (0,0) size 711x39
                  text run at (0,0) width 711: "This element should have a bottom padding of half an inch, which will require extra text in order to test. Both the"
                  text run at (0,20) width 406: "content background and the padding should be aqua (light blue)."
              LayoutNGBlockFlow {P} at (4,144) size 747x65 [bgcolor=#00FFFF]
                LayoutText {#text} at (0,0) size 744x39
                  text run at (0,0) width 744: "This element should have a bottom padding of 25 pixels, which will require extra text in order to test. Both the content"
                  text run at (0,20) width 356: "background and the padding should be aqua (light blue)."
              LayoutNGBlockFlow {P} at (4,225) size 747x120 [bgcolor=#00FFFF]
                LayoutText {#text} at (0,0) size 718x39
                  text run at (0,0) width 718: "This element should have a bottom padding of 5 em, which will require extra text in order to test. Both the content"
                  text run at (0,20) width 356: "background and the padding should be aqua (light blue)."
              LayoutNGBlockFlow {P} at (4,361) size 747x246.75 [bgcolor=#00FFFF]
                LayoutText {#text} at (0,0) size 712x59
                  text run at (0,0) width 695: "This element should have a bottom padding of 25%, which is calculated with respect to the width of the parent"
                  text run at (0,20) width 712: "element. This will require extra text in order to test. Both the content background and the padding should be aqua"
                  text run at (0,40) width 73: "(light blue)."
              LayoutNGBlockFlow {P} at (4,623.75) size 747x20 [bgcolor=#C0C0C0]
                LayoutText {#text} at (0,0) size 203x19
                  text run at (0,0) width 203: "This element has a class of zero."
              LayoutNGBlockFlow {P} at (4,659.75) size 747x40 [bgcolor=#00FFFF]
                LayoutText {#text} at (0,0) size 693x39
                  text run at (0,0) width 693: "This element should have no bottom padding, since negative padding values are not allowed. Both the content"
                  text run at (0,20) width 404: "background and the normal padding should be aqua (light blue)."
layer at (8,153) size 769x2 clip at (0,0) size 0x0
  LayoutNGBlockFlow {HR} at (0,145) size 769x2 [border: (1px inset #EEEEEE)]
