layer at (0,0) size 1600x1200
  LayoutView at (0,0) size 1600x1200
layer at (0,0) size 1600x377
  LayoutBlockFlow {HTML} at (0,0) size 1600x377
    LayoutBlockFlow {BODY} at (16,16) size 1568x345
      LayoutBlockFlow {DIV} at (0,0) size 1568x37
        LayoutText {#text} at (0,0) size 1301x36
          text run at (0,0) width 1301: "This test passes if the broken image icon appears high-resolution in HiDPI and is the appropriate size."
      LayoutBlockFlow (anonymous) at (0,37) size 1568x308
        LayoutBlockFlow {IMG} at (0,0) size 600x300
        LayoutText {#text} at (0,0) size 0x0
layer at (16,53) size 600x300 clip at (18,55) size 596x296
  LayoutBlockFlow {SPAN} at (0,0) size 600x300 [border: (2px solid #C0C0C0)]
    LayoutImage (floating) {IMG} at (4,4) size 32x32
    LayoutInline {SPAN} at (0,0) size 0x0
