layer at (0,0) size 1600x1200
  LayoutView at (0,0) size 1600x1200
layer at (0,0) size 1600x109
  LayoutBlockFlow {HTML} at (0,0) size 1600x109
    LayoutBlockFlow {BODY} at (16,16) size 1568x77
      LayoutBlockFlow {DIV} at (0,0) size 1568x37
        LayoutText {#text} at (0,0) size 1508x36
          text run at (0,0) width 1508: "This test passes if the broken image icon appears high-resolution in HiDPI and if the outline is of the appropriate size."
      LayoutBlockFlow (anonymous) at (0,37) size 1568x40
        LayoutBlockFlow {IMG} at (0,0) size 32x32
          LayoutInline {SPAN} at (0,0) size 0x0
            LayoutImage (floating) {IMG} at (0,0) size 32x32
            LayoutInline {SPAN} at (0,0) size 0x0
        LayoutText {#text} at (0,0) size 0x0
