layer at (0,0) size 800x600
  LayoutView at (0,0) size 800x600
layer at (0,0) size 400x400
  LayoutSVGRoot {svg} at (0,0) size 400x400
    LayoutSVGHiddenContainer {defs} at (0,0) size 0x0
      LayoutSVGResourceLinearGradient {linearGradient} [id="gradient"] [gradientUnits=objectBoundingBox] [stops=( #FF72B480@0.00 #FF007B@1.00 )] [start=(0,0)] [end=(0,1)]
      LayoutSVGResourceLinearGradient {linearGradient} [id="h_stroke_gradient"] [gradientUnits=objectBoundingBox] [stops=( #000000@0.00 #00000000@1.00 )] [start=(0,0)] [end=(1,0)]
      LayoutSVGResourceLinearGradient {linearGradient} [id="v_stroke_gradient"] [gradientUnits=objectBoundingBox] [stops=( #000000@0.00 #00000000@1.00 )] [start=(0,0)] [end=(0,1)]
    LayoutSVGRect {rect} at (0,0) size 400x400 [fill={[type=LINEAR-GRADIENT] [id="gradient"]}] [x=0.00] [y=0.00] [width=400.00] [height=400.00]
    LayoutSVGContainer {g} at (-0.50,-3.39) size 380.50x28.39 [transform={m=((1.00,0.00)(0.00,1.00)) t=(10.00,10.00)}]
      LayoutSVGRect {rect} at (0,0) size 380x25 [opacity=0.50] [fill={[type=SOLID] [color=#FFFFFF]}] [x=0.00] [y=0.00] [width=380.00] [height=25.00]
      LayoutSVGContainer {g} at (0,-0.50) size 380x25.50 [transform={m=((1.00,0.00)(0.00,1.00)) t=(-0.50,-0.50)}]
        LayoutSVGPath {line} at (0,0) size 380x0 [stroke={[type=LINEAR-GRADIENT] [id="h_stroke_gradient"]}] [fill={[type=SOLID] [color=#000000]}] [x1=0.00] [y1=0.00] [x2=380.00] [y2=0.00]
        LayoutSVGPath {line} at (0,-0.50) size 0x25.50 [stroke={[type=LINEAR-GRADIENT] [id="v_stroke_gradient"]}] [fill={[type=SOLID] [color=#000000]}] [x1=0.00] [y1=-0.50] [x2=0.00] [y2=25.00]
      LayoutSVGText {text} at (2,-3.39) size 308x22 contains 1 chunk(s)
        LayoutSVGInlineText {#text} at (2,-3.39) size 308x22
          chunk 1 text run 1 at (2.00,13.60) startOffset 0 endOffset 40 width 308.00: "This is hanging from the top-left corner"
    LayoutSVGForeignObject {foreignObject} at (10,45) size 380x150
      LayoutBlockFlow {html} at (0,16) size 380x136
        LayoutBlockFlow {body} at (8,0) size 364x136
          LayoutBlockFlow {p} at (0,0) size 364x100
            LayoutText {#text} at (0,0) size 349x39
              text run at (0,0) width 349: "The piece of text above should be aligned with the top-left"
              text run at (0,20) width 250: "corner of the rectangle below it. Both the "
            LayoutInline {code} at (0,0) size 48x16
              LayoutText {#text} at (250,23) size 48x16
                text run at (250,23) width 48: "<text>"
            LayoutText {#text} at (298,20) size 48x19
              text run at (298,20) width 48: " and the"
            LayoutInline {code} at (0,0) size 48x16
              LayoutText {#text} at (0,43) size 48x16
                text run at (0,43) width 48: "<rect>"
            LayoutText {#text} at (48,40) size 265x19
              text run at (48,40) width 265: " are located at the same coordinates and the"
            LayoutInline {code} at (0,0) size 48x16
              LayoutText {#text} at (0,63) size 48x16
                text run at (0,63) width 48: "<text>"
            LayoutText {#text} at (48,60) size 106x19
              text run at (48,60) width 106: " element uses the "
            LayoutInline {code} at (0,0) size 56x16
              LayoutText {#text} at (154,63) size 56x16
                text run at (154,63) width 56: "hanging"
            LayoutText {#text} at (210,60) size 77x19
              text run at (210,60) width 77: " value for its "
            LayoutInline {code} at (0,0) size 359x36
              LayoutText {#text} at (287,63) size 359x36
                text run at (287,63) width 72: "dominant-"
                text run at (0,83) width 64: "baseline"
            LayoutText {#text} at (64,80) size 57x19
              text run at (64,80) width 57: " attribute."
          LayoutBlockFlow {p} at (0,116) size 364x20
            LayoutInline {a} at (0,0) size 84x19 [color=#800000]
              LayoutText {#text} at (0,0) size 84x19
                text run at (0,0) width 84: "Antoine Quint"
            LayoutText {#text} at (84,0) size 85x19
              text run at (84,0) width 85: ", January 27th"
