layer at (0,0) size 800x600
  LayoutView at (0,0) size 800x600
layer at (0,0) size 800x310
  LayoutBlockFlow {html} at (0,0) size 800x309.88
    LayoutBlockFlow {body} at (8,21.44) size 784x280.44
      LayoutBlockFlow {h1} at (0,0) size 784x37
        LayoutText {#text} at (0,0) size 745x36
          text run at (0,0) width 745: "Test case for x/y attributes on root-most <svg> element"
      LayoutBlockFlow {p} at (0,58.44) size 784x60
        LayoutText {#text} at (0,0) size 27x19
          text run at (0,0) width 27: "The "
        LayoutInline {code} at (0,0) size 8x16
          LayoutText {#text} at (27,3) size 8x16
            text run at (27,3) width 8: "x"
        LayoutText {#text} at (35,0) size 30x19
          text run at (35,0) width 30: " and "
        LayoutInline {code} at (0,0) size 8x16
          LayoutText {#text} at (65,3) size 8x16
            text run at (65,3) width 8: "y"
        LayoutText {#text} at (73,0) size 157x19
          text run at (73,0) width 157: " attributes on a root-most "
        LayoutInline {code} at (0,0) size 40x16
          LayoutText {#text} at (230,3) size 40x16
            text run at (230,3) width 40: "<svg>"
        LayoutText {#text} at (270,0) size 416x19
          text run at (270,0) width 416: " element should be ignored, as specified by SVG 1.1. The root-most "
        LayoutInline {code} at (0,0) size 40x16
          LayoutText {#text} at (686,3) size 40x16
            text run at (686,3) width 40: "<svg>"
        LayoutText {#text} at (726,0) size 778x59
          text run at (726,0) width 50: " element"
          text run at (0,20) width 778: "is the element at the root of an SVG fragment. For the following test to pass, the green SVG square should be rendered aligned to"
          text run at (0,40) width 479: "the top-left of the red CSS-rendered square, which is 10 pixels wider and taller."
      LayoutBlockFlow {p} at (0,134.44) size 784x20
        LayoutText {#text} at (0,0) size 27x19
          text run at (0,0) width 27: "See "
        LayoutInline {a} at (0,0) size 68x19 [color=#0000EE]
          LayoutText {#text} at (27,0) size 68x19
            text run at (27,0) width 68: "Bug 13828"
        LayoutText {#text} at (95,0) size 4x19
          text run at (95,0) width 4: "."
      LayoutBlockFlow {div} at (0,170.44) size 110x110 [bgcolor=#FF0000]
        LayoutSVGRoot {svg} at (0,0) size 100x100
          LayoutSVGRect {rect} at (0,0) size 100x100 [fill={[type=SOLID] [color=#008000]}] [x=0.00] [y=0.00] [width=100.00] [height=100.00]
        LayoutText {#text} at (0,0) size 0x0
