layer at (0,0) size 800x600
  LayoutView at (0,0) size 800x600
layer at (0,0) size 800x401
  LayoutBlockFlow {HTML} at (0,0) size 800x401
    LayoutBlockFlow {BODY} at (8,8) size 784x385
      LayoutText {#text} at (0,0) size 424x19
        text run at (0,0) width 424: "Test for crbug.com/56580: There should be 9 highlighted instances of \""
      LayoutInline {SPAN} at (0,0) size 41x19
        LayoutText {#text} at (423,0) size 41x19
          text run at (423,0) width 41: "findme"
      LayoutText {#text} at (463,0) size 277x19
        text run at (463,0) width 124: "\". The 6th higlighted "
        text run at (586,0) width 154: "instance should be active."
      LayoutBR {BR} at (739,0) size 1x19
      LayoutBR {BR} at (0,20) size 0x19
      LayoutText {#text} at (0,40) size 83x19
        text run at (0,40) width 83: "Lorum ipsum "
      LayoutInline {SPAN} at (0,0) size 40x19
        LayoutText {#text} at (83,40) size 40x19
          text run at (83,40) width 40: "findme"
      LayoutText {#text} at (123,40) size 81x19
        text run at (123,40) width 81: " lorum ipsum "
      LayoutInline {SPAN} at (0,0) size 40x19
        LayoutText {#text} at (204,40) size 40x19
          text run at (204,40) width 40: "findme"
      LayoutInline {SPAN} at (0,0) size 40x19
        LayoutText {#text} at (244,40) size 40x19
          text run at (244,40) width 40: "findme"
      LayoutText {#text} at (284,40) size 42x19
        text run at (284,40) width 42: " lorum."
      LayoutBR {BR} at (326,40) size 0x19
      LayoutText {#text} at (0,60) size 47x19
        text run at (0,60) width 47: "longtext"
      LayoutInline {SPAN} at (0,0) size 40x19
        LayoutText {#text} at (47,60) size 40x19
          text run at (47,60) width 40: "findme"
      LayoutText {#text} at (87,60) size 41x19
        text run at (87,60) width 41: "noyou."
      LayoutBR {BR} at (128,60) size 0x19
      LayoutSVGRoot {svg} at (0,80) size 450x300
        LayoutSVGHiddenContainer {defs} at (100,58.58) size 800x182.84
          LayoutSVGPath {path} at (100,58.58) size 800x182.84 [fill={[type=SOLID] [color=#000000]}] [data="M 100 200 C 200 100 300 0 400 100 C 500 200 600 300 700 200 C 800 100 900 100 900 100"]
        LayoutSVGText {text} at (10,35) size 216x19 contains 1 chunk(s)
          LayoutSVGInlineText {#text} at (10,35) size 216x19
            chunk 1 text run 1 at (10.00,50.00) startOffset 0 endOffset 36 width 216.00: "Can you findme in this stroked text?"
        LayoutSVGText {text} at (10,91) size 138x12 contains 1 chunk(s)
          LayoutSVGInlineText {#text} at (10,91) size 138x12
            chunk 1 text run 1 at (10.00,100.00) startOffset 0 endOffset 23 width 138.00: "Findme in a typewriter!"
        LayoutSVGContainer {g} at (69.42,14.67) size 668x237.47 [transform={m=((0.30,0.00)(0.00,0.30)) t=(0.00,120.00)}]
          LayoutSVGText {text} at (69.42,14.67) size 668x237.47 contains 1 chunk(s)
            LayoutSVGTextPath {textPath} at (69.42,14.67) size 668x237.47
              LayoutSVGInlineText {#text} at (69.42,14.67) size 668x237.47
                chunk 1 text run 1 at (109.48,190.53) startOffset 0 endOffset 1 width 26.67: "F"
                chunk 1 text run 2 at (122.51,177.58) startOffset 1 endOffset 2 width 10.00: "i"
                chunk 1 text run 3 at (135.54,164.79) startOffset 2 endOffset 3 width 26.67: "n"
                chunk 1 text run 4 at (154.83,146.39) startOffset 3 endOffset 4 width 26.67: "d"
                chunk 1 text run 5 at (178.39,125.17) startOffset 4 endOffset 5 width 36.67: "m"
                chunk 1 text run 6 at (202.97,105.11) startOffset 5 endOffset 6 width 26.67: "e"
                chunk 1 text run 7 at (220.55,92.43) startOffset 6 endOffset 7 width 16.67: " "
                chunk 1 text run 8 at (238.92,80.94) startOffset 7 endOffset 8 width 26.67: "o"
                chunk 1 text run 9 at (262.81,69.16) startOffset 8 endOffset 9 width 26.67: "n"
                chunk 1 text run 10 at (283.32,62.32) startOffset 9 endOffset 10 width 16.67: " "
                chunk 1 text run 11 at (304.62,58.84) startOffset 10 endOffset 11 width 26.67: "a"
                chunk 1 text run 12 at (326.23,59.54) startOffset 11 endOffset 12 width 16.67: " "
                chunk 1 text run 13 at (347.21,64.70) startOffset 12 endOffset 13 width 26.67: "p"
                chunk 1 text run 14 at (371.10,76.49) startOffset 13 endOffset 14 width 26.67: "a"
                chunk 1 text run 15 at (389.76,90.45) startOffset 14 endOffset 15 width 20.00: "t"
                chunk 1 text run 16 at (406.66,106.65) startOffset 15 endOffset 16 width 26.67: "h"
                chunk 1 text run 17 at (422.06,121.98) startOffset 16 endOffset 17 width 16.67: "!"
                chunk 1 text run 18 at (433.90,133.61) startOffset 17 endOffset 18 width 16.67: " "
                chunk 1 text run 19 at (450.74,149.78) startOffset 18 endOffset 19 width 30.00: "D"
                chunk 1 text run 20 at (465.45,163.38) startOffset 19 endOffset 20 width 10.00: "i"
                chunk 1 text run 21 at (479.18,175.51) startOffset 20 endOffset 21 width 26.67: "d"
                chunk 1 text run 22 at (495.84,189.32) startOffset 21 endOffset 22 width 16.67: " "
                chunk 1 text run 23 at (512.94,202.27) startOffset 22 endOffset 23 width 26.67: "y"
                chunk 1 text run 24 at (535.13,216.85) startOffset 23 endOffset 24 width 26.67: "o"
                chunk 1 text run 25 at (558.82,229.15) startOffset 24 endOffset 25 width 26.67: "u"
                chunk 1 text run 26 at (579.15,236.56) startOffset 25 endOffset 26 width 16.67: " "
                chunk 1 text run 27 at (595.34,240.13) startOffset 26 endOffset 27 width 16.67: "f"
                chunk 1 text run 28 at (608.61,241.36) startOffset 27 endOffset 28 width 10.00: "i"
                chunk 1 text run 29 at (626.88,240.37) startOffset 28 endOffset 29 width 26.67: "n"
                chunk 1 text run 30 at (652.52,233.25) startOffset 29 endOffset 30 width 26.67: "d"
                chunk 1 text run 31 at (679.87,217.49) startOffset 30 endOffset 31 width 36.67: "m"
                chunk 1 text run 32 at (703.66,196.38) startOffset 31 endOffset 32 width 26.67: "e"
                chunk 1 text run 33 at (722.07,179.48) startOffset 32 endOffset 33 width 23.33: "?"
            LayoutSVGInlineText {#text} at (0,0) size 0x0
      LayoutText {#text} at (0,0) size 0x0
