layer at (0,0) size 800x600
  LayoutView at (0,0) size 800x600
layer at (0,0) size 800x600
  LayoutSVGRoot {svg} at (0,0) size 800x600
    LayoutSVGHiddenContainer {defs} at (43.50,43.81) size 2452.98x1734.61
      LayoutSVGViewportContainer {svg} at (43.50,43.81) size 2452.98x1734.61
        LayoutSVGForeignObject {foreignObject} at (10,10) size 580x380
          LayoutBlockFlow {xhtml:div} at (0,0) size 580x20
            LayoutText {#text} at (0,0) size 228x19
              text run at (0,0) width 228: "You should only see this string ONCE"
    LayoutSVGForeignObject {foreignObject} at (10,10) size 580x380
      LayoutBlockFlow {xhtml:div} at (0,0) size 580x20
        LayoutText {#text} at (0,0) size 228x19
          text run at (0,0) width 228: "You should only see this string ONCE"
    LayoutSVGContainer {use} at (0,0) size 0x0 [transform={m=((1.00,0.00)(0.00,1.00)) t=(25.00,25.00)}]
      LayoutSVGViewportContainer {svg} at (0,0) size 0x0
    LayoutSVGContainer {use} at (0,0) size 0x0 [transform={m=((1.00,0.00)(0.00,1.00)) t=(10.00,10.00)}]
      LayoutSVGContainer {g} at (0,0) size 0x0 [transform={m=((1.00,0.00)(0.00,1.00)) t=(25.00,25.00)}]
        LayoutSVGViewportContainer {svg} at (0,0) size 0x0
layer at (10,10) size 580x380 backgroundClip at (43,44) size 757x556 clip at (43,44) size 547x346
  LayoutSVGForeignObject {foreignObject} at (10,10) size 580x380
    LayoutBlockFlow {xhtml:div} at (0,0) size 580x20
      LayoutText {#text} at (0,0) size 228x19
        text run at (0,0) width 228: "You should only see this string ONCE"
layer at (10,10) size 580x380 backgroundClip at (54,55) size 746x545 clip at (54,55) size 536x335
  LayoutSVGForeignObject {foreignObject} at (10,10) size 580x380
    LayoutBlockFlow {xhtml:div} at (0,0) size 580x20
      LayoutText {#text} at (0,0) size 228x19
        text run at (0,0) width 228: "You should only see this string ONCE"
