layer at (0,0) size 1200x900
  LayoutView at (0,0) size 1200x900
layer at (0,0) size 1200x900
  LayoutNGBlockFlow {HTML} at (0,0) size 1200x900
    LayoutNGBlockFlow {BODY} at (12,12) size 1176x876
      LayoutNGBlockFlow {DIV} at (0,0) size 1176x54
        LayoutNGBlockFlow {DIV} at (0,0) size 1176x27
          LayoutText {#text} at (0,0) size 32x26
            text run at (0,0) width 32: "foo"
        LayoutNGBlockFlow (anonymous) at (0,27) size 1176x27
          LayoutText {#text} at (0,0) size 31x26
            text run at (0,0) width 31: "bar"
