layer at (0,0) size 800x600
  LayoutView at (0,0) size 800x600
layer at (0,0) size 800x600
  LayoutBlockFlow {HTML} at (0,0) size 800x600
    LayoutBlockFlow {BODY} at (8,8) size 784x584
      LayoutBlockFlow {DIV} at (0,0) size 784x314
        LayoutText {#text} at (161,139) size 158x19
          text run at (161,139) width 158: "This should be centered. "
        LayoutBR {BR} at (623,154) size 0x0
        LayoutText {#text} at (163,294) size 158x19
          text run at (163,294) width 158: "This should be centered. "
        LayoutBR {BR} at (621,309) size 0x0
layer at (327,8) size 304x154
  LayoutIFrame {IFRAME} at (319,0) size 304x154 [border: (2px inset #EEEEEE)]
    layer at (0,0) size 300x150
      LayoutView at (0,0) size 300x150
    layer at (0,0) size 300x150
      LayoutBlockFlow {HTML} at (0,0) size 300x150
        LayoutBlockFlow {BODY} at (8,8) size 284x134 [bgcolor=#FF0000]
layer at (329,167) size 300x150
  LayoutEmbeddedObject {OBJECT} at (321,159) size 300x150
    layer at (0,0) size 300x150
      LayoutView at (0,0) size 300x150
    layer at (0,0) size 300x150
      LayoutBlockFlow {HTML} at (0,0) size 300x150
        LayoutBlockFlow {BODY} at (8,8) size 284x134 [bgcolor=#FF0000]
