layer at (0,0) size 800x600
  LayoutView at (0,0) size 800x600
layer at (0,0) size 800x600
  LayoutBlockFlow {HTML} at (0,0) size 800x600
    LayoutBlockFlow {BODY} at (8,8) size 784x584
      LayoutBlockFlow {P} at (0,0) size 784x20
        LayoutText {#text} at (0,0) size 52x19
          text run at (0,0) width 52: "Test for "
        LayoutInline {I} at (0,0) size 529x19
          LayoutInline {A} at (0,0) size 294x19 [color=#0000EE]
            LayoutText {#text} at (51,0) size 294x19
              text run at (51,0) width 294: "http://bugs.webkit.org/show_bug.cgi?id=9276"
          LayoutText {#text} at (344,0) size 236x19
            text run at (344,0) width 5: " "
            text run at (348,0) width 232: "Quirksmode: Image swap resize bug"
        LayoutText {#text} at (579,0) size 5x19
          text run at (579,0) width 5: "."
      LayoutBlockFlow {P} at (0,36) size 784x20
        LayoutText {#text} at (0,0) size 286x19
          text run at (0,0) width 286: "This should be a blue 100\x{D7}100 pixels square."
      LayoutBlockFlow (anonymous) at (0,72) size 784x100
        LayoutImage {IMG} at (0,0) size 100x100
        LayoutText {#text} at (0,0) size 0x0
