layer at (0,0) size 800x600
  LayoutView at (0,0) size 800x600
layer at (0,0) size 800x600
  LayoutBlockFlow {HTML} at (0,0) size 800x600
    LayoutBlockFlow {BODY} at (8,8) size 784x584
      LayoutBlockFlow {DIV} at (0,0) size 32x512 [border: (1px solid #FF0000)]
        LayoutTextControl {INPUT} at (1,1) size 154x22 [bgcolor=#FFFFFF] [border: (2px inset #EEEEEE)]
        LayoutTextControl {INPUT} at (1,23) size 154x22 [bgcolor=#FFFFFF] [border: (2px inset #EEEEEE)]
        LayoutText {#text} at (0,0) size 0x0
        LayoutImage {IMG} at (1,45) size 27x27 [border: (1px solid #000000)]
        LayoutImage {IMG} at (1,72) size 27x27 [border: (1px solid #000000)]
        LayoutText {#text} at (0,0) size 0x0
        LayoutButton {INPUT} at (1,99) size 44x22 [bgcolor=#C0C0C0] [border: (2px outset #C0C0C0)]
          LayoutBlockFlow (anonymous) at (8,3) size 28x16
            LayoutText {#text} at (0,0) size 28x16
              text run at (0,0) width 28: "input"
        LayoutButton {INPUT} at (1,121) size 44x22 [bgcolor=#C0C0C0] [border: (2px outset #C0C0C0)]
          LayoutBlockFlow (anonymous) at (8,3) size 28x16
            LayoutText {#text} at (0,0) size 28x16
              text run at (0,0) width 28: "input"
        LayoutText {#text} at (0,0) size 0x0
        LayoutButton {BUTTON} at (1,143) size 52x22 [bgcolor=#C0C0C0] [border: (2px outset #C0C0C0)]
          LayoutBlockFlow (anonymous) at (8,3) size 36x16
            LayoutText {#text} at (0,0) size 36x16
              text run at (0,0) width 36: "button"
        LayoutButton {BUTTON} at (1,165) size 52x22 [bgcolor=#C0C0C0] [border: (2px outset #C0C0C0)]
          LayoutBlockFlow (anonymous) at (8,3) size 36x16
            LayoutText {#text} at (0,0) size 36x16
              text run at (0,0) width 36: "button"
        LayoutText {#text} at (0,0) size 0x0
        LayoutMenuList {SELECT} at (1,187) size 57x20 [bgcolor=#C0C0C0] [border: (1px solid #A9A9A9)]
          LayoutBlockFlow (anonymous) at (1,1) size 55x18
            LayoutText (anonymous) at (4,1) size 35x16
              text run at (4,1) width 35: "select"
        LayoutMenuList {SELECT} at (1,207) size 57x20 [bgcolor=#C0C0C0] [border: (1px solid #A9A9A9)]
          LayoutBlockFlow (anonymous) at (1,1) size 55x18
            LayoutText (anonymous) at (4,1) size 35x16
              text run at (4,1) width 35: "select"
        LayoutText {#text} at (0,0) size 0x0
        LayoutText {#text} at (0,0) size 0x0
        LayoutBlockFlow {INPUT} at (5,336) size 13x13
        LayoutBlockFlow {INPUT} at (5,355) size 13x13
        LayoutText {#text} at (0,0) size 0x0
        LayoutBlockFlow {INPUT} at (6,374) size 13x13
        LayoutBlockFlow {INPUT} at (6,390) size 13x13
        LayoutText {#text} at (0,0) size 0x0
        LayoutText {#text} at (0,0) size 0x0
        LayoutText {#text} at (0,0) size 0x0
layer at (11,12) size 150x16
  LayoutBlockFlow {DIV} at (2,3) size 150x16
layer at (11,34) size 150x16
  LayoutBlockFlow {DIV} at (2,3) size 150x16
layer at (9,235) size 56x53 clip at (10,236) size 39x51
  LayoutListBox {SELECT} at (1,227) size 56x53 [bgcolor=#FFFFFF] [border: (1px solid #A9A9A9)]
    LayoutBlockFlow {OPTION} at (1,1) size 39x17
      LayoutText {#text} at (2,0) size 35x16
        text run at (2,0) width 35: "select"
layer at (9,288) size 56x53 clip at (10,289) size 39x51
  LayoutListBox {SELECT} at (1,280) size 56x53 [bgcolor=#FFFFFF] [border: (1px solid #A9A9A9)]
    LayoutBlockFlow {OPTION} at (1,1) size 39x17
      LayoutText {#text} at (2,0) size 35x16
        text run at (2,0) width 35: "select"
layer at (9,411) size 27x27
  LayoutIFrame {IFRAME} at (1,403) size 27x27 [border: (1px solid #000000)]
    layer at (0,0) size 25x25
      LayoutView at (0,0) size 25x25
    layer at (0,0) size 25x25
      LayoutBlockFlow {HTML} at (0,0) size 25x25
        LayoutBlockFlow {BODY} at (8,8) size 9x9
layer at (9,438) size 27x27
  LayoutIFrame {IFRAME} at (1,430) size 27x27 [border: (1px solid #000000)]
    layer at (0,0) size 25x25
      LayoutView at (0,0) size 25x25
    layer at (0,0) size 25x25
      LayoutBlockFlow {HTML} at (0,0) size 25x25
        LayoutBlockFlow {BODY} at (8,8) size 9x9
layer at (9,465) size 27x27
  LayoutEmbeddedObject {EMBED} at (1,457) size 27x27 [border: (1px solid #000000)]
layer at (9,492) size 27x27
  LayoutEmbeddedObject {EMBED} at (1,484) size 27x27 [border: (1px solid #000000)]
