layer at (0,0) size 800x600
  LayoutView at (0,0) size 800x600
layer at (0,0) size 800x600
  LayoutBlockFlow {HTML} at (0,0) size 800x600
    LayoutBlockFlow {BODY} at (8,8) size 784x584
      LayoutBlockFlow {DIV} at (0,0) size 10x45
        LayoutText {#text} at (0,0) size 25x19
          text run at (0,0) width 25: "Foo"
        LayoutImage {IMG} at (0,20) size 25x25
      LayoutBlockFlow {DIV} at (0,45) size 10x40
        LayoutText {#text} at (0,0) size 25x19
          text run at (0,0) width 25: "Foo"
        LayoutMenuList {SELECT} at (0,20) size 46x20 [bgcolor=#C0C0C0] [border: (1px solid #A9A9A9)]
          LayoutBlockFlow (anonymous) at (1,1) size 44x18
            LayoutText (anonymous) at (4,1) size 24x16
              text run at (4,1) width 24: "One"
      LayoutBlockFlow {DIV} at (0,85) size 10x42
        LayoutText {#text} at (0,0) size 25x19
          text run at (0,0) width 25: "Foo"
        LayoutTextControl {INPUT} at (0,20) size 154x22 [bgcolor=#FFFFFF] [border: (2px inset #EEEEEE)]
      LayoutBlockFlow {DIV} at (0,127) size 10x45
        LayoutImage {IMG} at (0,0) size 25x25
        LayoutText {#text} at (0,25) size 25x19
          text run at (0,25) width 25: "Foo"
      LayoutBlockFlow {DIV} at (0,172) size 10x40
        LayoutMenuList {SELECT} at (0,0) size 46x20 [bgcolor=#C0C0C0] [border: (1px solid #A9A9A9)]
          LayoutBlockFlow (anonymous) at (1,1) size 44x18
            LayoutText (anonymous) at (4,1) size 24x16
              text run at (4,1) width 24: "One"
        LayoutText {#text} at (0,20) size 25x19
          text run at (0,20) width 25: "Foo"
      LayoutBlockFlow {DIV} at (0,212) size 10x42
        LayoutTextControl {INPUT} at (0,0) size 154x22 [bgcolor=#FFFFFF] [border: (2px inset #EEEEEE)]
        LayoutText {#text} at (0,22) size 25x19
          text run at (0,22) width 25: "Foo"
layer at (10,116) size 150x16
  LayoutBlockFlow {DIV} at (2,3) size 150x16
layer at (10,223) size 150x16
  LayoutBlockFlow {DIV} at (2,3) size 150x16
