layer at (0,0) size 800x600
  LayoutView at (0,0) size 800x600
layer at (0,0) size 800x600
  LayoutBlockFlow {HTML} at (0,0) size 800x600
    LayoutBlockFlow {BODY} at (8,8) size 784x584
      LayoutBlockFlow {P} at (0,0) size 784x40
        LayoutText {#text} at (0,0) size 370x19
          text run at (0,0) width 370: "Tests selection painting on a transformed, replaced element"
        LayoutBR {BR} at (369,15) size 1x0
        LayoutInline {A} at (0,0) size 305x19 [color=#0000EE]
          LayoutText {#text} at (0,20) size 305x19
            text run at (0,20) width 305: "https://bugs.webkit.org/show_bug.cgi?id=15739"
        LayoutText {#text} at (0,0) size 0x0
      LayoutBlockFlow {P} at (0,56) size 784x20
        LayoutText {#text} at (0,0) size 513x19
          text run at (0,0) width 513: "You should see a dark green square rotated 45\x{B0}. If you see any red, the test failed."
      LayoutBlockFlow {DIV} at (0,92) size 784x150
layer at (58,150) size 100x100
  LayoutImage {IMG} at (50,50) size 100x100 [bgcolor=#FF0000]
selection start: position 0 of child 0 {IMG} of child 4 {DIV} of body
selection end:   position 1 of child 0 {IMG} of child 4 {DIV} of body
