layer at (0,0) size 800x600
  LayoutView at (0,0) size 800x600
layer at (0,0) size 800x600
  LayoutBlockFlow {HTML} at (0,0) size 800x600
    LayoutBlockFlow {BODY} at (8,8) size 784x584
      LayoutBlockFlow (anonymous) at (0,0) size 784x20
        LayoutText {#text} at (0,0) size 287x19
          text run at (0,0) width 287: "The popup buttons below should not overlap."
      LayoutTable {TABLE} at (0,20) size 784x24
        LayoutTableSection {TBODY} at (0,0) size 784x24
          LayoutTableRow {TR} at (0,1) size 784x22
            LayoutTableCell {TD} at (1,1) size 4x22 [r=0 c=0 rs=1 cs=1]
              LayoutMenuList {SELECT} at (1,1) size 2x20 [bgcolor=#C0C0C0] [border: (1px solid #A9A9A9)]
                LayoutBlockFlow (anonymous) at (1,1) size 20x18
                  LayoutText (anonymous) at (4,1) size 21x16
                    text run at (4,1) width 21: "one"
            LayoutTableCell {TD} at (6,1) size 4x22 [r=0 c=1 rs=1 cs=1]
              LayoutMenuList {SELECT} at (1,1) size 2x20 [bgcolor=#C0C0C0] [border: (1px solid #A9A9A9)]
                LayoutBlockFlow (anonymous) at (1,1) size 20x18
                  LayoutText (anonymous) at (4,1) size 20x16
                    text run at (4,1) width 20: "two"
            LayoutTableCell {TD} at (11,1) size 4x22 [r=0 c=2 rs=1 cs=1]
              LayoutMenuList {SELECT} at (1,1) size 2x20 [bgcolor=#C0C0C0] [border: (1px solid #A9A9A9)]
                LayoutBlockFlow (anonymous) at (1,1) size 20x18
                  LayoutText (anonymous) at (4,1) size 29x16
                    text run at (4,1) width 29: "three"
            LayoutTableCell {TD} at (16,1) size 767x22 [r=0 c=3 rs=1 cs=1]
              LayoutText {#text} at (1,1) size 4x19
                text run at (1,1) width 4: " "
