layer at (0,0) size 800x600
  LayoutView at (0,0) size 800x600
layer at (0,0) size 800x600
  LayoutBlockFlow {HTML} at (0,0) size 800x600
    LayoutBlockFlow {BODY} at (8,8) size 784x584
      LayoutBlockFlow (anonymous) at (0,0) size 784x20
        LayoutText {#text} at (0,0) size 224x19
          text run at (0,0) width 224: "These textfields should not overlap."
      LayoutTable {TABLE} at (0,20) size 784x26
        LayoutTableSection {TBODY} at (0,0) size 784x26
          LayoutTableRow {TR} at (0,1) size 784x24
            LayoutTableCell {TD} at (1,1) size 8x24 [r=0 c=0 rs=1 cs=1]
              LayoutTextControl {INPUT} at (1,1) size 6x22 [bgcolor=#FFFFFF] [border: (2px inset #EEEEEE)]
                LayoutFlexibleBox {DIV} at (3,3) size 0x16
                  LayoutBlockFlow {DIV} at (0,0) size 0x16
            LayoutTableCell {TD} at (10,1) size 8x24 [r=0 c=1 rs=1 cs=1]
              LayoutTextControl {INPUT} at (1,1) size 6x22 [bgcolor=#FFFFFF] [border: (2px inset #EEEEEE)]
                LayoutFlexibleBox {DIV} at (3,3) size 0x16
                  LayoutBlockFlow {DIV} at (0,0) size 0x16
            LayoutTableCell {TD} at (19,1) size 8x24 [r=0 c=2 rs=1 cs=1]
              LayoutTextControl {INPUT} at (1,1) size 6x22 [bgcolor=#FFFFFF] [border: (2px inset #EEEEEE)]
                LayoutFlexibleBox {DIV} at (3,3) size 0x16
                  LayoutBlockFlow {DIV} at (0,0) size 0x16
            LayoutTableCell {TD} at (28,2) size 755x22 [r=0 c=3 rs=1 cs=1]
              LayoutText {#text} at (1,1) size 4x19
                text run at (1,1) width 4: " "
      LayoutBlockFlow (anonymous) at (0,46) size 784x40
        LayoutBR {BR} at (0,0) size 0x19
        LayoutBR {BR} at (0,20) size 0x19
      LayoutTable {TABLE} at (0,86) size 784x26
        LayoutTableSection {TBODY} at (0,0) size 784x26
          LayoutTableRow {TR} at (0,1) size 784x24
            LayoutTableCell {TD} at (1,1) size 8x24 [r=0 c=0 rs=1 cs=1]
              LayoutTextControl {INPUT} at (1,1) size 6x22 [bgcolor=#FFFFFF] [border: (2px inset #EEEEEE)]
                LayoutFlexibleBox {DIV} at (3,3) size 0x16
                  LayoutBlockFlow {DIV} at (0,0) size 0x16
            LayoutTableCell {TD} at (10,1) size 8x24 [r=0 c=1 rs=1 cs=1]
              LayoutTextControl {INPUT} at (1,1) size 6x22 [bgcolor=#FFFFFF] [border: (2px inset #EEEEEE)]
                LayoutFlexibleBox {DIV} at (3,3) size 0x16
                  LayoutBlockFlow {DIV} at (0,0) size 0x16
            LayoutTableCell {TD} at (19,1) size 8x24 [r=0 c=2 rs=1 cs=1]
              LayoutTextControl {INPUT} at (1,1) size 6x22 [bgcolor=#FFFFFF] [border: (2px inset #EEEEEE)]
                LayoutFlexibleBox {DIV} at (3,3) size 0x16
                  LayoutBlockFlow {DIV} at (0,0) size 0x16
            LayoutTableCell {TD} at (28,2) size 755x22 [r=0 c=3 rs=1 cs=1]
              LayoutText {#text} at (1,1) size 4x19
                text run at (1,1) width 4: " "
layer at (13,33) size 0x16 scrollWidth 54
  LayoutBlockFlow {DIV} at (0,0) size 0x16
    LayoutText {#text} at (0,0) size 53x16
      text run at (0,0) width 53: "New Mail"
layer at (22,33) size 0x16 scrollWidth 34
  LayoutBlockFlow {DIV} at (0,0) size 0x16
    LayoutText {#text} at (0,0) size 33x16
      text run at (0,0) width 33: "Reply"
layer at (31,33) size 0x16 scrollWidth 53
  LayoutBlockFlow {DIV} at (0,0) size 0x16
    LayoutText {#text} at (0,0) size 52x16
      text run at (0,0) width 52: "Reply All"
layer at (13,99) size 0x16 scrollWidth 54
  LayoutBlockFlow {DIV} at (0,0) size 0x16
    LayoutText {#text} at (0,0) size 53x16
      text run at (0,0) width 53: "New Mail"
layer at (22,99) size 0x16 scrollWidth 34
  LayoutBlockFlow {DIV} at (0,0) size 0x16
    LayoutText {#text} at (0,0) size 33x16
      text run at (0,0) width 33: "Reply"
layer at (31,99) size 0x16 scrollWidth 53
  LayoutBlockFlow {DIV} at (0,0) size 0x16
    LayoutText {#text} at (0,0) size 52x16
      text run at (0,0) width 52: "Reply All"
layer at (14,37) size 9x9 transparent
  LayoutBlockFlow {DIV} at (1,3.50) size 9x9
layer at (23,37) size 9x9 transparent
  LayoutBlockFlow {DIV} at (1,3.50) size 9x9
layer at (32,37) size 9x9 transparent
  LayoutBlockFlow {DIV} at (1,3.50) size 9x9
layer at (14,103) size 9x9 transparent
  LayoutBlockFlow {DIV} at (1,3.50) size 9x9
layer at (23,103) size 9x9 transparent
  LayoutBlockFlow {DIV} at (1,3.50) size 9x9
layer at (32,103) size 9x9 transparent
  LayoutBlockFlow {DIV} at (1,3.50) size 9x9
