layer at (0,0) size 800x600
  LayoutView at (0,0) size 800x600
layer at (0,0) size 800x600
  LayoutBlockFlow {HTML} at (0,0) size 800x600
    LayoutBlockFlow {BODY} at (8,8) size 784x584
      LayoutBlockFlow {P} at (0,0) size 784x40
        LayoutText {#text} at (0,0) size 752x39
          text run at (0,0) width 752: "This test makes sure that HTMLObjectElement.vspace and HTMLObjectElement.hspace are exposed as numbers instead of"
          text run at (0,20) width 687: "strings, per the DOM Level 2 HTML spec: http://www.w3.org/TR/DOM-Level-2-HTML/html.html#ID-9893177"
      LayoutBlockFlow (anonymous) at (0,56) size 784x170
        LayoutText {#text} at (0,0) size 0x0
      LayoutBlockFlow {DIV} at (0,226) size 784x20
        LayoutText {#text} at (0,0) size 74x19
          text run at (0,0) width 74: "SUCCESS!"
layer at (28,74) size 300x150
  LayoutEmbeddedObject {OBJECT} at (20,10) size 300x150
