layer at (0,0) size 800x600
  LayoutView at (0,0) size 800x600
layer at (0,0) size 800x189
  LayoutNGBlockFlow {HTML} at (0,0) size 800x189
    LayoutNGBlockFlow {BODY} at (4,4) size 792x181
      LayoutNGBlockFlow {DIV} at (0,0) size 25x25
      LayoutText {#text} at (25,15) size 2x12
        text run at (25,15) width 2: " "
      LayoutNGBlockFlow {DIV} at (27,0) size 25x25
      LayoutText {#text} at (52,15) size 2x12
        text run at (52,15) width 2: " "
      LayoutNGBlockFlow {DIV} at (54,0) size 25x25
      LayoutText {#text} at (0,0) size 0x0
      LayoutBR {BR} at (79,15) size 0x12
      LayoutNGBlockFlow {DIV} at (0,27) size 50x50
      LayoutText {#text} at (50,67) size 2x12
        text run at (50,67) width 2: " "
      LayoutNGBlockFlow {DIV} at (52,27) size 50x50
      LayoutText {#text} at (102,67) size 2x12
        text run at (102,67) width 2: " "
      LayoutNGBlockFlow {DIV} at (104,27) size 50x50
      LayoutText {#text} at (0,0) size 0x0
      LayoutBR {BR} at (154,67) size 0x12
      LayoutNGBlockFlow {DIV} at (0,79) size 100x100
      LayoutText {#text} at (100,169) size 2x12
        text run at (100,169) width 2: " "
      LayoutNGBlockFlow {DIV} at (102,79) size 100x100
      LayoutText {#text} at (202,169) size 2x12
        text run at (202,169) width 2: " "
      LayoutNGBlockFlow {DIV} at (204,79) size 100x100
      LayoutText {#text} at (0,0) size 0x0
      LayoutBR {BR} at (304,169) size 0x12
