layer at (0,0) size 800x600
  LayoutView at (0,0) size 800x600
layer at (0,0) size 800x381
  LayoutNGBlockFlow {HTML} at (0,0) size 800x381
    LayoutNGBlockFlow {BODY} at (8,8) size 784x365
      LayoutNGBlockFlow {DIV} at (0,0) size 50x50
      LayoutText {#text} at (50,35) size 4x19
        text run at (50,35) width 4: " "
      LayoutNGBlockFlow {DIV} at (54,0) size 50x50
      LayoutText {#text} at (104,35) size 4x19
        text run at (104,35) width 4: " "
      LayoutNGBlockFlow {DIV} at (108,0) size 50x50
      LayoutText {#text} at (0,0) size 0x0
      LayoutBR {BR} at (158,35) size 0x0
      LayoutNGBlockFlow {DIV} at (0,55) size 100x100
      LayoutText {#text} at (100,140) size 4x19
        text run at (100,140) width 4: " "
      LayoutNGBlockFlow {DIV} at (104,55) size 100x100
      LayoutText {#text} at (204,140) size 4x19
        text run at (204,140) width 4: " "
      LayoutNGBlockFlow {DIV} at (208,55) size 100x100
      LayoutText {#text} at (0,0) size 0x0
      LayoutBR {BR} at (308,140) size 0x0
      LayoutNGBlockFlow {DIV} at (0,160) size 200x200
      LayoutText {#text} at (200,345) size 4x19
        text run at (200,345) width 4: " "
      LayoutNGBlockFlow {DIV} at (204,160) size 200x200
      LayoutText {#text} at (404,345) size 4x19
        text run at (404,345) width 4: " "
      LayoutNGBlockFlow {DIV} at (408,160) size 200x200
      LayoutText {#text} at (0,0) size 0x0
      LayoutBR {BR} at (608,345) size 0x0
