layer at (0,0) size 800x600
  LayoutView at (0,0) size 800x600
layer at (0,0) size 800x355
  LayoutNGBlockFlow {HTML} at (0,0) size 800x355
    LayoutNGBlockFlow {BODY} at (8,8) size 784x339
      LayoutNGBlockFlow (anonymous) at (0,0) size 784x80
        LayoutText {#text} at (0,0) size 533x19
          text run at (0,0) width 533: "Tests for basic button rendering. Creates a table with seven columns and seven rows."
        LayoutBR {BR} at (533,0) size 0x0
        LayoutText {#text} at (0,20) size 507x19
          text run at (0,20) width 507: "Creates two different types of buttons, one with an image (a red dot) and another"
        LayoutBR {BR} at (507,20) size 0x0
        LayoutText {#text} at (0,40) size 644x19
          text run at (0,40) width 644: "with text (\"foo\") and then uses six different paddings to make sure each of the buttons render properly."
        LayoutBR {BR} at (644,40) size 0x0
        LayoutBR {BR} at (0,60) size 0x0
      LayoutTable {TABLE} at (0,80) size 684x259
        LayoutTableSection {TBODY} at (0,0) size 684x259
          LayoutTableRow {TR} at (0,0) size 684x22
            LayoutNGTableCell {TD} at (0,0) size 169x22 [r=0 c=0 rs=1 cs=1]
              LayoutText {#text} at (1,1) size 42x19
                text run at (1,1) width 42: "styling"
            LayoutNGTableCell {TD} at (169,0) size 60x22 [r=0 c=1 rs=1 cs=1]
              LayoutText {#text} at (1,1) size 58x19
                text run at (1,1) width 58: "<button>"
            LayoutNGTableCell {TD} at (229,0) size 157x22 [r=0 c=2 rs=1 cs=1]
              LayoutText {#text} at (1,1) size 155x19
                text run at (1,1) width 155: "(offsetH,W) (clientH,W)"
            LayoutNGTableCell {TD} at (386,0) size 132x22 [r=0 c=3 rs=1 cs=1]
              LayoutText {#text} at (1,1) size 130x19
                text run at (1,1) width 130: "<input type=button>"
            LayoutNGTableCell {TD} at (518,0) size 166x22 [r=0 c=4 rs=1 cs=1]
              LayoutText {#text} at (1,1) size 164x19
                text run at (1,1) width 164: "(offsetH,W) (clientH, -W)"
          LayoutTableRow {TR} at (0,22) size 684x24
            LayoutNGTableCell {TD} at (0,23) size 169x22 [r=1 c=0 rs=1 cs=1]
              LayoutText {#text} at (1,2) size 53x19
                text run at (1,2) width 53: "(default)"
            LayoutNGTableCell {TD} at (169,22) size 60x24 [r=1 c=1 rs=1 cs=1]
              LayoutButton {BUTTON} at (1,1) size 26x22 [bgcolor=#C0C0C0] [border: (2px outset #C0C0C0)]
                LayoutNGBlockFlow (anonymous) at (8,3) size 10x16
                  LayoutImage {IMG} at (0,3) size 10x10
            LayoutNGTableCell {TD} at (229,23) size 157x22 [r=1 c=2 rs=1 cs=1]
              LayoutText {#text} at (1,2) size 104x19
                text run at (1,2) width 104: "(22, 26) (18, 22)"
            LayoutNGTableCell {TD} at (386,22) size 132x24 [r=1 c=3 rs=1 cs=1]
              LayoutButton {INPUT} at (1,1) size 34x22 [bgcolor=#C0C0C0] [border: (2px outset #C0C0C0)]
                LayoutNGBlockFlow (anonymous) at (8,3) size 18x16
                  LayoutText {#text} at (0,0) size 18x16
                    text run at (0,0) width 18: "foo"
            LayoutNGTableCell {TD} at (518,23) size 166x22 [r=1 c=4 rs=1 cs=1]
              LayoutText {#text} at (1,2) size 104x19
                text run at (1,2) width 104: "(22, 34) (18, 30)"
          LayoutTableRow {TR} at (0,46) size 684x22
            LayoutNGTableCell {TD} at (0,46) size 169x22 [r=2 c=0 rs=1 cs=1]
              LayoutText {#text} at (1,1) size 67x19
                text run at (1,1) width 67: "padding: 0"
            LayoutNGTableCell {TD} at (169,46) size 60x22 [r=2 c=1 rs=1 cs=1]
              LayoutButton {BUTTON} at (1,1) size 14x20 [bgcolor=#C0C0C0] [border: (2px outset #C0C0C0)]
                LayoutNGBlockFlow (anonymous) at (2,2) size 10x16
                  LayoutImage {IMG} at (0,3) size 10x10
            LayoutNGTableCell {TD} at (229,46) size 157x22 [r=2 c=2 rs=1 cs=1]
              LayoutText {#text} at (1,1) size 104x19
                text run at (1,1) width 104: "(20, 14) (16, 10)"
            LayoutNGTableCell {TD} at (386,46) size 132x22 [r=2 c=3 rs=1 cs=1]
              LayoutButton {INPUT} at (1,1) size 22x20 [bgcolor=#C0C0C0] [border: (2px outset #C0C0C0)]
                LayoutNGBlockFlow (anonymous) at (2,2) size 18x16
                  LayoutText {#text} at (0,0) size 18x16
                    text run at (0,0) width 18: "foo"
            LayoutNGTableCell {TD} at (518,46) size 166x22 [r=2 c=4 rs=1 cs=1]
              LayoutText {#text} at (1,1) size 104x19
                text run at (1,1) width 104: "(20, 22) (16, 18)"
          LayoutTableRow {TR} at (0,68) size 684x48
            LayoutNGTableCell {TD} at (0,81) size 169x22 [r=3 c=0 rs=1 cs=1]
              LayoutText {#text} at (1,14) size 88x19
                text run at (1,14) width 88: "padding: 10%"
            LayoutNGTableCell {TD} at (169,75) size 60x33.59 [r=3 c=1 rs=1 cs=1]
              LayoutButton {BUTTON} at (1,1) size 25.59x31.59 [bgcolor=#C0C0C0] [border: (2px outset #C0C0C0)]
                LayoutNGBlockFlow (anonymous) at (7.80,7.80) size 10x16
                  LayoutImage {IMG} at (0,3) size 10x10
            LayoutNGTableCell {TD} at (229,81) size 157x22 [r=3 c=2 rs=1 cs=1]
              LayoutText {#text} at (1,14) size 104x19
                text run at (1,14) width 104: "(32, 26) (28, 22)"
            LayoutNGTableCell {TD} at (386,68) size 132x48 [r=3 c=3 rs=1 cs=1]
              LayoutButton {INPUT} at (1,1) size 48x46 [bgcolor=#C0C0C0] [border: (2px outset #C0C0C0)]
                LayoutNGBlockFlow (anonymous) at (15,15) size 18x16
                  LayoutText {#text} at (0,0) size 18x16
                    text run at (0,0) width 18: "foo"
            LayoutNGTableCell {TD} at (518,81) size 166x22 [r=3 c=4 rs=1 cs=1]
              LayoutText {#text} at (1,14) size 104x19
                text run at (1,14) width 104: "(46, 48) (42, 44)"
          LayoutTableRow {TR} at (0,116) size 684x26
            LayoutNGTableCell {TD} at (0,118) size 169x22 [r=4 c=0 rs=1 cs=1]
              LayoutText {#text} at (1,3) size 83x19
                text run at (1,3) width 83: "padding: 2px"
            LayoutNGTableCell {TD} at (169,116) size 60x26 [r=4 c=1 rs=1 cs=1]
              LayoutButton {BUTTON} at (1,1) size 18x24 [bgcolor=#C0C0C0] [border: (2px outset #C0C0C0)]
                LayoutNGBlockFlow (anonymous) at (4,4) size 10x16
                  LayoutImage {IMG} at (0,3) size 10x10
            LayoutNGTableCell {TD} at (229,118) size 157x22 [r=4 c=2 rs=1 cs=1]
              LayoutText {#text} at (1,3) size 104x19
                text run at (1,3) width 104: "(24, 18) (20, 14)"
            LayoutNGTableCell {TD} at (386,116) size 132x26 [r=4 c=3 rs=1 cs=1]
              LayoutButton {INPUT} at (1,1) size 26x24 [bgcolor=#C0C0C0] [border: (2px outset #C0C0C0)]
                LayoutNGBlockFlow (anonymous) at (4,4) size 18x16
                  LayoutText {#text} at (0,0) size 18x16
                    text run at (0,0) width 18: "foo"
            LayoutNGTableCell {TD} at (518,118) size 166x22 [r=4 c=4 rs=1 cs=1]
              LayoutText {#text} at (1,3) size 104x19
                text run at (1,3) width 104: "(24, 26) (20, 22)"
          LayoutTableRow {TR} at (0,142) size 684x27
            LayoutNGTableCell {TD} at (0,144) size 169x22 [r=5 c=0 rs=1 cs=1]
              LayoutText {#text} at (1,3) size 167x19
                text run at (1,3) width 167: "padding: 2px 6px 3px 6px"
            LayoutNGTableCell {TD} at (169,142) size 60x27 [r=5 c=1 rs=1 cs=1]
              LayoutButton {BUTTON} at (1,1) size 26x25 [bgcolor=#C0C0C0] [border: (2px outset #C0C0C0)]
                LayoutNGBlockFlow (anonymous) at (8,4) size 10x16
                  LayoutImage {IMG} at (0,3) size 10x10
            LayoutNGTableCell {TD} at (229,144) size 157x22 [r=5 c=2 rs=1 cs=1]
              LayoutText {#text} at (1,3) size 104x19
                text run at (1,3) width 104: "(25, 26) (21, 22)"
            LayoutNGTableCell {TD} at (386,142) size 132x27 [r=5 c=3 rs=1 cs=1]
              LayoutButton {INPUT} at (1,1) size 34x25 [bgcolor=#C0C0C0] [border: (2px outset #C0C0C0)]
                LayoutNGBlockFlow (anonymous) at (8,4) size 18x16
                  LayoutText {#text} at (0,0) size 18x16
                    text run at (0,0) width 18: "foo"
            LayoutNGTableCell {TD} at (518,144) size 166x22 [r=5 c=4 rs=1 cs=1]
              LayoutText {#text} at (1,3) size 104x19
                text run at (1,3) width 104: "(25, 34) (21, 30)"
          LayoutTableRow {TR} at (0,169) size 684x28
            LayoutNGTableCell {TD} at (0,172) size 169x22 [r=6 c=0 rs=1 cs=1]
              LayoutText {#text} at (1,4) size 111x19
                text run at (1,4) width 111: "padding: 3px 7px"
            LayoutNGTableCell {TD} at (169,169) size 60x28 [r=6 c=1 rs=1 cs=1]
              LayoutButton {BUTTON} at (1,1) size 28x26 [bgcolor=#C0C0C0] [border: (2px outset #C0C0C0)]
                LayoutNGBlockFlow (anonymous) at (9,5) size 10x16
                  LayoutImage {IMG} at (0,3) size 10x10
            LayoutNGTableCell {TD} at (229,172) size 157x22 [r=6 c=2 rs=1 cs=1]
              LayoutText {#text} at (1,4) size 104x19
                text run at (1,4) width 104: "(26, 28) (22, 24)"
            LayoutNGTableCell {TD} at (386,169) size 132x28 [r=6 c=3 rs=1 cs=1]
              LayoutButton {INPUT} at (1,1) size 36x26 [bgcolor=#C0C0C0] [border: (2px outset #C0C0C0)]
                LayoutNGBlockFlow (anonymous) at (9,5) size 18x16
                  LayoutText {#text} at (0,0) size 18x16
                    text run at (0,0) width 18: "foo"
            LayoutNGTableCell {TD} at (518,172) size 166x22 [r=6 c=4 rs=1 cs=1]
              LayoutText {#text} at (1,4) size 104x19
                text run at (1,4) width 104: "(26, 36) (22, 32)"
          LayoutTableRow {TR} at (0,197) size 684x62
            LayoutNGTableCell {TD} at (0,217) size 169x22 [r=7 c=0 rs=1 cs=1]
              LayoutText {#text} at (1,21) size 91x19
                text run at (1,21) width 91: "padding: 20px"
            LayoutNGTableCell {TD} at (169,197) size 60x62 [r=7 c=1 rs=1 cs=1]
              LayoutButton {BUTTON} at (1,1) size 54x60 [bgcolor=#C0C0C0] [border: (2px outset #C0C0C0)]
                LayoutNGBlockFlow (anonymous) at (22,22) size 10x16
                  LayoutImage {IMG} at (0,3) size 10x10
            LayoutNGTableCell {TD} at (229,217) size 157x22 [r=7 c=2 rs=1 cs=1]
              LayoutText {#text} at (1,21) size 104x19
                text run at (1,21) width 104: "(60, 54) (56, 50)"
            LayoutNGTableCell {TD} at (386,197) size 132x62 [r=7 c=3 rs=1 cs=1]
              LayoutButton {INPUT} at (1,1) size 62x60 [bgcolor=#C0C0C0] [border: (2px outset #C0C0C0)]
                LayoutNGBlockFlow (anonymous) at (22,22) size 18x16
                  LayoutText {#text} at (0,0) size 18x16
                    text run at (0,0) width 18: "foo"
            LayoutNGTableCell {TD} at (518,217) size 166x22 [r=7 c=4 rs=1 cs=1]
              LayoutText {#text} at (1,21) size 104x19
                text run at (1,21) width 104: "(60, 62) (56, 58)"
