layer at (0,0) size 800x600
  LayoutView at (0,0) size 800x600
layer at (0,0) size 800x600
  LayoutNGBlockFlow {HTML} at (0,0) size 800x600
    LayoutNGBlockFlow {BODY} at (8,8) size 470x582
      LayoutNGBlockFlow (anonymous) at (0,0) size 470x340
        LayoutText {#text} at (0,0) size 322x19
          text run at (0,0) width 322: "This tests basic inputs. Here's what you should see:"
        LayoutBR {BR} at (322,0) size 0x19
        LayoutBR {BR} at (0,20) size 0x19
        LayoutText {#text} at (0,40) size 455x59
          text run at (0,40) width 432: "first line: the letter \"a\" and then a text input field filled with repeating"
          text run at (0,60) width 455: "\"foobarbaz\", then the word \"text\" followed by a disabled text input field"
          text run at (0,80) width 328: "filled with \"foo\" and then the letter \"b\" and then \"a\""
        LayoutBR {BR} at (328,80) size 0x19
        LayoutBR {BR} at (0,100) size 0x19
        LayoutText {#text} at (0,120) size 466x59
          text run at (0,120) width 466: "second line: and then a password input field that's filled and then the word"
          text run at (0,140) width 448: "\"password\" and then a disabled password field that's filled and then the"
          text run at (0,160) width 57: "letter \"b\""
        LayoutBR {BR} at (57,160) size 0x19
        LayoutBR {BR} at (0,180) size 0x19
        LayoutText {#text} at (0,200) size 451x39
          text run at (0,200) width 451: "third line: the letter \"a\" and then a checkbox (unchecked) with the word"
          text run at (0,220) width 353: "\"checkbox\" and then a disabled checkbox and letter \"b\""
        LayoutBR {BR} at (353,220) size 0x19
        LayoutBR {BR} at (0,240) size 0x19
        LayoutText {#text} at (0,260) size 449x59
          text run at (0,260) width 401: "fourth line: the last line has the letter \"a\" and then a redio button"
          text run at (0,280) width 449: "(unselected) and then the word \"radio\" and then a disabled radio button"
          text run at (0,300) width 107: "and the letter \"b\""
        LayoutBR {BR} at (107,300) size 0x19
        LayoutBR {BR} at (0,320) size 0x19
      LayoutNGBlockFlow {DIV} at (10,350) size 450x46 [border: (1px solid #FF0000)]
        LayoutText {#text} at (1,2) size 7x19
          text run at (1,2) width 7: "a"
        LayoutTextControl {INPUT} at (8,1) size 181x22 [bgcolor=#FFFFFF] [border: (2px inset #EEEEEE)]
        LayoutText {#text} at (189,2) size 27x19
          text run at (189,2) width 27: "text "
        LayoutTextControl {INPUT} at (216,1) size 181x22 [color=#545454] [bgcolor=#EBEBE4] [border: (2px inset #EEEEEE)]
        LayoutText {#text} at (397,2) size 19x19
          text run at (397,2) width 19: "b a"
        LayoutTextControl {INPUT} at (1,23) size 181x22 [bgcolor=#FFFFFF] [border: (2px inset #EEEEEE)]
        LayoutText {#text} at (182,24) size 64x19
          text run at (182,24) width 64: "password "
        LayoutTextControl {INPUT} at (246,23) size 181x22 [color=#545454] [bgcolor=#EBEBE4] [border: (2px inset #EEEEEE)]
        LayoutText {#text} at (427,24) size 8x19
          text run at (427,24) width 8: "b"
      LayoutNGBlockFlow {DIV} at (10,406) size 450x23 [border: (1px solid #FF0000)]
        LayoutText {#text} at (1,2) size 7x19
          text run at (1,2) width 7: "a"
        LayoutBlockFlow {INPUT} at (12,4) size 13x13
        LayoutText {#text} at (28,2) size 65x19
          text run at (28,2) width 65: "checkbox "
        LayoutBlockFlow {INPUT} at (97,4) size 13x13 [color=#545454]
        LayoutText {#text} at (113,2) size 8x19
          text run at (113,2) width 8: "b"
      LayoutNGBlockFlow {DIV} at (10,439) size 450x23 [border: (1px solid #FF0000)]
        LayoutText {#text} at (1,2) size 7x19
          text run at (1,2) width 7: "a"
        LayoutBlockFlow {INPUT} at (13,4) size 13x13
        LayoutText {#text} at (29,2) size 36x19
          text run at (29,2) width 36: "radio "
        LayoutBlockFlow {INPUT} at (70,4) size 13x13 [color=#545454]
        LayoutText {#text} at (86,2) size 8x19
          text run at (86,2) width 8: "b"
layer at (28,362) size 177x16
  LayoutBlockFlow {DIV} at (2,3) size 177x16
    LayoutText {#text} at (0,0) size 171x16
      text run at (0,0) width 171: "foobarbazfoobarbazfoobarbaz"
layer at (236,362) size 177x16
  LayoutBlockFlow {DIV} at (2,3) size 177x16
    LayoutText {#text} at (0,0) size 18x16
      text run at (0,0) width 18: "foo"
layer at (21,384) size 177x16
  LayoutBlockFlow {DIV} at (2,3) size 177x16
    LayoutText {#text} at (0,0) size 15x16
      text run at (0,0) width 15: "\x{2022}\x{2022}\x{2022}"
layer at (266,384) size 177x16
  LayoutBlockFlow {DIV} at (2,3) size 177x16
    LayoutText {#text} at (0,0) size 15x16
      text run at (0,0) width 15: "\x{2022}\x{2022}\x{2022}"
