layer at (0,0) size 800x600
  LayoutView at (0,0) size 800x600
layer at (0,0) size 800x600
  LayoutNGBlockFlow {HTML} at (0,0) size 800x600
    LayoutNGBlockFlow {BODY} at (8,8) size 784x576
      LayoutNGBlockFlow {P} at (0,0) size 784x40
        LayoutText {#text} at (0,0) size 52x19
          text run at (0,0) width 52: "Test for "
        LayoutInline {I} at (0,0) size 744x39
          LayoutInline {A} at (0,0) size 302x19 [color=#0000EE]
            LayoutText {#text} at (51,0) size 302x19
              text run at (51,0) width 302: "http://bugs.webkit.org/show_bug.cgi?id=15181"
          LayoutText {#text} at (352,0) size 744x39
            text run at (352,0) width 392: " text-transform: uppercase not working in input (submit, reset,"
            text run at (0,20) width 104: "button) elements"
        LayoutText {#text} at (104,20) size 4x19
          text run at (104,20) width 4: "."
      LayoutNGBlockFlow {P} at (0,56) size 784x22
        LayoutButton {BUTTON} at (0,0) size 97x22 [bgcolor=#C0C0C0] [border: (2px outset #C0C0C0)]
          LayoutNGBlockFlow (anonymous) at (8,3) size 81x16
            LayoutText {#text} at (0,0) size 81x16
              text run at (0,0) width 81: "UPPERCASE"
        LayoutText {#text} at (97,1) size 4x19
          text run at (97,1) width 4: " "
        LayoutButton {BUTTON} at (101,0) size 74x22 [bgcolor=#C0C0C0] [border: (2px outset #C0C0C0)]
          LayoutNGBlockFlow (anonymous) at (8,3) size 58x16
            LayoutText {#text} at (0,0) size 58x16
              text run at (0,0) width 58: "lowercase"
        LayoutText {#text} at (175,1) size 4x19
          text run at (175,1) width 4: " "
        LayoutButton {BUTTON} at (179,0) size 73x22 [bgcolor=#C0C0C0] [border: (2px outset #C0C0C0)]
          LayoutNGBlockFlow (anonymous) at (8,3) size 57x16
            LayoutText {#text} at (0,0) size 57x16
              text run at (0,0) width 57: "Capitalize"
        LayoutText {#text} at (0,0) size 0x0
      LayoutNGBlockFlow {P} at (0,94) size 784x22
        LayoutButton {INPUT} at (0,0) size 97x22 [bgcolor=#C0C0C0] [border: (2px outset #C0C0C0)]
          LayoutNGBlockFlow (anonymous) at (8,3) size 81x16
            LayoutText {#text} at (0,0) size 81x16
              text run at (0,0) width 81: "UPPERCASE"
        LayoutText {#text} at (97,1) size 4x19
          text run at (97,1) width 4: " "
        LayoutButton {INPUT} at (101,0) size 74x22 [bgcolor=#C0C0C0] [border: (2px outset #C0C0C0)]
          LayoutNGBlockFlow (anonymous) at (8,3) size 58x16
            LayoutText {#text} at (0,0) size 58x16
              text run at (0,0) width 58: "lowercase"
        LayoutText {#text} at (175,1) size 4x19
          text run at (175,1) width 4: " "
        LayoutButton {INPUT} at (179,0) size 73x22 [bgcolor=#C0C0C0] [border: (2px outset #C0C0C0)]
          LayoutNGBlockFlow (anonymous) at (8,3) size 57x16
            LayoutText {#text} at (0,0) size 57x16
              text run at (0,0) width 57: "Capitalize"
        LayoutText {#text} at (0,0) size 0x0
