layer at (0,0) size 800x600
  LayoutView at (0,0) size 800x600
layer at (0,0) size 800x600
  LayoutNGBlockFlow {HTML} at (0,0) size 800x600
    LayoutNGBlockFlow {BODY} at (8,8) size 784x584
      LayoutButton {BUTTON} at (0,8) size 41x12 [bgcolor=#C0C0C0] [border: (2px outset #C0C0C0)]
        LayoutNGBlockFlow (anonymous) at (8,3) size 25x6
          LayoutText {#text} at (0,0) size 25x6
            text run at (0,0) width 25: "Test Button"
      LayoutText {#text} at (41,1) size 4x19
        text run at (41,1) width 4: " "
      LayoutButton {BUTTON} at (45,8) size 47x12 [bgcolor=#C0C0C0] [border: (2px outset #C0C0C0)]
        LayoutNGBlockFlow (anonymous) at (8,3) size 31x6
          LayoutText {#text} at (0,0) size 31x6
            text run at (0,0) width 31: "Test Button"
      LayoutText {#text} at (92,1) size 4x19
        text run at (92,1) width 4: " "
      LayoutButton {BUTTON} at (96,7) size 53x13 [bgcolor=#C0C0C0] [border: (2px outset #C0C0C0)]
        LayoutNGBlockFlow (anonymous) at (8,3) size 37x7
          LayoutText {#text} at (0,0) size 37x7
            text run at (0,0) width 37: "Test Button"
      LayoutText {#text} at (149,1) size 4x19
        text run at (149,1) width 4: " "
      LayoutButton {BUTTON} at (153,5) size 54x16 [bgcolor=#C0C0C0] [border: (2px outset #C0C0C0)]
        LayoutNGBlockFlow (anonymous) at (8,3) size 38x10
          LayoutText {#text} at (0,0) size 38x10
            text run at (0,0) width 38: "Test Button"
      LayoutText {#text} at (207,1) size 4x19
        text run at (207,1) width 4: " "
      LayoutButton {BUTTON} at (211,4) size 65x18 [bgcolor=#C0C0C0] [border: (2px outset #C0C0C0)]
        LayoutNGBlockFlow (anonymous) at (8,3) size 49x12
          LayoutText {#text} at (0,0) size 49x12
            text run at (0,0) width 49: "Test Button"
      LayoutText {#text} at (276,1) size 4x19
        text run at (276,1) width 4: " "
      LayoutButton {BUTTON} at (280,3) size 68x19 [bgcolor=#C0C0C0] [border: (2px outset #C0C0C0)]
        LayoutNGBlockFlow (anonymous) at (8,3) size 52x13
          LayoutText {#text} at (0,0) size 52x13
            text run at (0,0) width 52: "Test Button"
      LayoutText {#text} at (348,1) size 4x19
        text run at (348,1) width 4: " "
      LayoutButton {BUTTON} at (352,2) size 70x20 [bgcolor=#C0C0C0] [border: (2px outset #C0C0C0)]
        LayoutNGBlockFlow (anonymous) at (8,3) size 54x14
          LayoutText {#text} at (0,0) size 54x14
            text run at (0,0) width 54: "Test Button"
      LayoutText {#text} at (422,1) size 4x19
        text run at (422,1) width 4: " "
      LayoutButton {INPUT} at (426,0) size 82x22 [bgcolor=#C0C0C0] [border: (2px outset #C0C0C0)]
        LayoutNGBlockFlow (anonymous) at (8,3) size 66x16
          LayoutText {#text} at (0,0) size 66x16
            text run at (0,0) width 66: "Test Button"
      LayoutText {#text} at (508,1) size 4x19
        text run at (508,1) width 4: " "
      LayoutButton {BUTTON} at (512,1) size 75x21 [bgcolor=#C0C0C0] [border: (2px outset #C0C0C0)]
        LayoutNGBlockFlow (anonymous) at (8,3) size 59x15
          LayoutText {#text} at (0,0) size 59x15
            text run at (0,0) width 59: "Test Button"
      LayoutText {#text} at (587,1) size 4x19
        text run at (587,1) width 4: " "
      LayoutButton {BUTTON} at (591,0) size 82x22 [bgcolor=#C0C0C0] [border: (2px outset #C0C0C0)]
        LayoutNGBlockFlow (anonymous) at (8,3) size 66x16
          LayoutText {#text} at (0,0) size 66x16
            text run at (0,0) width 66: "Test Button"
      LayoutText {#text} at (673,1) size 4x19
        text run at (673,1) width 4: " "
      LayoutButton {BUTTON} at (677,0) size 87x22 [bgcolor=#C0C0C0] [border: (2px outset #C0C0C0)]
        LayoutNGBlockFlow (anonymous) at (8,3) size 71x16
          LayoutText {#text} at (0,0) size 71x16
            text run at (0,0) width 71: "Test Button"
      LayoutText {#text} at (0,0) size 0x0
      LayoutButton {BUTTON} at (0,27) size 89x23 [bgcolor=#C0C0C0] [border: (2px outset #C0C0C0)]
        LayoutNGBlockFlow (anonymous) at (8,3) size 73x17
          LayoutText {#text} at (0,0) size 73x17
            text run at (0,0) width 73: "Test Button"
      LayoutText {#text} at (89,29) size 4x19
        text run at (89,29) width 4: " "
      LayoutButton {BUTTON} at (93,26) size 95x25 [bgcolor=#C0C0C0] [border: (2px outset #C0C0C0)]
        LayoutNGBlockFlow (anonymous) at (8,3) size 79x19
          LayoutText {#text} at (0,0) size 79x18
            text run at (0,0) width 79: "Test Button"
      LayoutText {#text} at (188,29) size 4x19
        text run at (188,29) width 4: " "
      LayoutButton {BUTTON} at (192,26) size 100x26 [bgcolor=#C0C0C0] [border: (2px outset #C0C0C0)]
        LayoutNGBlockFlow (anonymous) at (8,3) size 84x20
          LayoutText {#text} at (0,0) size 84x19
            text run at (0,0) width 84: "Test Button"
      LayoutText {#text} at (292,29) size 4x19
        text run at (292,29) width 4: " "
      LayoutButton {BUTTON} at (296,24) size 106x28 [bgcolor=#C0C0C0] [border: (2px outset #C0C0C0)]
        LayoutNGBlockFlow (anonymous) at (8,3) size 90x22
          LayoutText {#text} at (0,0) size 90x21
            text run at (0,0) width 90: "Test Button"
      LayoutText {#text} at (402,29) size 4x19
        text run at (402,29) width 4: " "
      LayoutButton {BUTTON} at (406,23) size 113x29 [bgcolor=#C0C0C0] [border: (2px outset #C0C0C0)]
        LayoutNGBlockFlow (anonymous) at (8,3) size 97x23
          LayoutText {#text} at (0,0) size 97x22
            text run at (0,0) width 97: "Test Button"
      LayoutText {#text} at (519,29) size 4x19
        text run at (519,29) width 4: " "
      LayoutButton {BUTTON} at (523,22) size 117x30 [bgcolor=#C0C0C0] [border: (2px outset #C0C0C0)]
        LayoutNGBlockFlow (anonymous) at (8,3) size 101x24
          LayoutText {#text} at (0,0) size 101x23
            text run at (0,0) width 101: "Test Button"
      LayoutText {#text} at (640,29) size 4x19
        text run at (640,29) width 4: " "
      LayoutButton {BUTTON} at (644,22) size 124x31 [bgcolor=#C0C0C0] [border: (2px outset #C0C0C0)]
        LayoutNGBlockFlow (anonymous) at (8,3) size 108x25
          LayoutText {#text} at (0,0) size 108x24
            text run at (0,0) width 108: "Test Button"
      LayoutText {#text} at (0,0) size 0x0
