layer at (0,0) size 800x600
  LayoutView at (0,0) size 800x600
layer at (0,0) size 800x600
  LayoutNGBlockFlow {HTML} at (0,0) size 800x600
    LayoutNGBlockFlow {BODY} at (8,8) size 784x576
      LayoutNGBlockFlow {P} at (0,0) size 784x20
        LayoutText {#text} at (0,0) size 228x19
          text run at (0,0) width 228: "Tests that buttons clip their contents."
      LayoutNGBlockFlow {P} at (0,36) size 784x20
        LayoutText {#text} at (0,0) size 762x19
          text run at (0,0) width 762: "Each button below should have a yellow border and a black dashed outline. Contents should overflow the yellow border."
      LayoutNGBlockFlow {P} at (0,72) size 784x50
        LayoutButton {BUTTON} at (0,0) size 100x50 [bgcolor=#C0C0C0] [border: (2px outset #FFFF00)]
          LayoutNGBlockFlow (anonymous) at (12,12) size 76x204
            LayoutBlockFlow {DIV} at (0,0) size 74x204 [bgcolor=#008080] [border: (2px solid #800080)]
              LayoutBlockFlow (floating) {DIV} at (52,2) size 20x100 [bgcolor=#006400]
              LayoutNGBlockFlow (anonymous) at (2,2) size 70x64
                LayoutText {#text} at (10,0) size 38x64
                  text run at (10,0) width 30: "short"
                  text run at (8,16) width 34: "words"
                  text run at (13,32) width 24: "only"
                  text run at (6,48) width 38: "please"
        LayoutText {#text} at (0,0) size 0x0
      LayoutButton {BUTTON} at (0,138) size 100x50 [bgcolor=#C0C0C0] [border: (2px outset #FFFF00)]
        LayoutNGBlockFlow (anonymous) at (12,12) size 76x204
          LayoutBlockFlow {DIV} at (0,0) size 74x204 [bgcolor=#008080] [border: (2px solid #800080)]
            LayoutBlockFlow (floating) {DIV} at (52,2) size 20x100 [bgcolor=#006400]
            LayoutNGBlockFlow (anonymous) at (2,2) size 70x64
              LayoutText {#text} at (10,0) size 38x64
                text run at (10,0) width 30: "short"
                text run at (8,16) width 34: "words"
                text run at (13,32) width 24: "only"
                text run at (6,48) width 38: "please"
      LayoutNGBlockFlow {P} at (0,204) size 784x0
layer at (8,212) size 100x50
  LayoutButton (positioned) {BUTTON} at (8,212) size 100x50 [bgcolor=#C0C0C0] [border: (2px outset #FFFF00)]
    LayoutNGBlockFlow (anonymous) at (12,12) size 76x204
      LayoutBlockFlow {DIV} at (0,0) size 74x204 [bgcolor=#008080] [border: (2px solid #800080)]
        LayoutBlockFlow (floating) {DIV} at (52,2) size 20x100 [bgcolor=#006400]
        LayoutNGBlockFlow (anonymous) at (2,2) size 70x64
          LayoutText {#text} at (10,0) size 38x64
            text run at (10,0) width 30: "short"
            text run at (8,16) width 34: "words"
            text run at (13,32) width 24: "only"
            text run at (6,48) width 38: "please"
