layer at (0,0) size 800x600
  LayoutView at (0,0) size 800x600
layer at (0,0) size 800x600
  LayoutNGBlockFlow {HTML} at (0,0) size 800x600
    LayoutNGBlockFlow {BODY} at (8,8) size 784x584
      LayoutNGBlockFlow {P} at (0,0) size 784x40
        LayoutText {#text} at (0,0) size 104x19
          text run at (0,0) width 104: "This is a test for "
        LayoutInline {I} at (0,0) size 749x39
          LayoutInline {A} at (0,0) size 347x19 [color=#0000EE]
            LayoutText {#text} at (104,0) size 347x19
              text run at (104,0) width 347: "http://bugzilla.opendarwin.org/show_bug.cgi?id=9316"
          LayoutText {#text} at (451,0) size 749x39
            text run at (451,0) width 298: " REGRESSION: text field width shrinks on first"
            text run at (0,20) width 58: "keystroke"
        LayoutText {#text} at (58,20) size 4x19
          text run at (58,20) width 4: "."
layer at (8,64) size 784x2 clip at (0,0) size 0x0
  LayoutNGBlockFlow {HR} at (0,56) size 784x2 [border: (1px inset #EEEEEE)]
layer at (8,74) size 784x0
  LayoutNGBlockFlow (relative positioned) {DIV} at (0,66) size 784x0
    LayoutTextControl (floating) {INPUT} at (0,0) size 392x22 [bgcolor=#FFFFFF] [border: (2px inset #EEEEEE)]
layer at (10,77) size 388x16
  LayoutBlockFlow {DIV} at (2,3) size 388x16
    LayoutText {#text} at (0,0) size 18x16
      text run at (0,0) width 18: "foo"
