layer at (0,0) size 800x600
  LayoutView at (0,0) size 800x600
layer at (0,0) size 800x600
  LayoutNGBlockFlow {HTML} at (0,0) size 800x600
    LayoutNGBlockFlow {BODY} at (8,8) size 784x584
      LayoutNGBlockFlow {FORM} at (0,0) size 784x21
        LayoutBlockFlow {INPUT} at (5,3) size 13x13
        LayoutText {#text} at (21,1) size 33x19
          text run at (21,1) width 33: "Two "
        LayoutBlockFlow {INPUT} at (58.89,3) size 13x13
        LayoutText {#text} at (74,1) size 38x19
          text run at (74,1) width 38: "Three"
      LayoutNGBlockFlow {FORM} at (0,37) size 784x21
        LayoutBlockFlow {INPUT} at (5,3) size 13x13
        LayoutText {#text} at (21,1) size 31x19
          text run at (21,1) width 31: "One "
        LayoutBlockFlow {INPUT} at (57,3) size 13x13
        LayoutText {#text} at (73,1) size 33x19
          text run at (73,1) width 33: "Two "
        LayoutBlockFlow {INPUT} at (110.89,3) size 13x13
        LayoutText {#text} at (126,1) size 42x19
          text run at (126,1) width 42: "Three "
        LayoutBlockFlow {INPUT} at (172.89,3) size 13x13
        LayoutText {#text} at (188,1) size 28x19
          text run at (188,1) width 28: "One"
      LayoutNGBlockFlow (anonymous) at (0,74) size 784x40
        LayoutText {#text} at (0,0) size 766x39
          text run at (0,0) width 766: "The count of the # of elements in form 1 should be 2 and in form 2 should be 4. The count in form 1 is 2, and the count in"
          text run at (0,20) width 68: "form 2 is 4"
