layer at (0,0) size 800x600 scrollHeight 653
  LayoutView at (0,0) size 800x600
layer at (0,0) size 800x653 backgroundClip at (0,0) size 800x600 clip at (0,0) size 800x600
  LayoutNGBlockFlow {HTML} at (0,0) size 800x652.88
    LayoutNGBlockFlow {BODY} at (8,8) size 784x636.88
      LayoutNGBlockFlow {H1} at (0,0) size 784x37
        LayoutText {#text} at (0,0) size 419x36
          text run at (0,0) width 419: "Form Element Geometry Tests"
      LayoutNGBlockFlow {P} at (0,58.44) size 784x20
        LayoutText {#text} at (0,0) size 540x19
          text run at (0,0) width 540: "These tests help us tune the widget classes in KWQ to have all the right fudge factors."
      LayoutNGBlockFlow {H2} at (0,98.34) size 784x27
        LayoutText {#text} at (0,0) size 165x26
          text run at (0,0) width 165: "Bounding Boxes"
      LayoutTable {TABLE} at (0,145.25) size 166x32
        LayoutTableSection {TBODY} at (0,0) size 166x32
          LayoutTableRow {TR} at (0,2) size 166x28
            LayoutNGTableCell {TD} at (2,2) size 58x28 [r=0 c=0 rs=1 cs=1]
              LayoutNGBlockFlow {DIV} at (1,1) size 56x26 [border: (2px solid #0000FF)]
                LayoutInline {FONT} at (0,0) size 52x22
                  LayoutButton {INPUT} at (2,2) size 52x22 [bgcolor=#C0C0C0] [border: (2px outset #C0C0C0)]
                    LayoutNGBlockFlow (anonymous) at (8,3) size 36x16
                      LayoutText {#text} at (0,0) size 36x16
                        text run at (0,0) width 36: "button"
            LayoutNGTableCell {TD} at (62,3) size 60x26 [r=0 c=1 rs=1 cs=1]
              LayoutNGBlockFlow {DIV} at (1,1) size 58x24 [border: (2px solid #0000FF)]
                LayoutInline {FONT} at (0,0) size 54x20
                  LayoutMenuList {SELECT} at (2,2) size 54x20 [bgcolor=#C0C0C0] [border: (1px solid #A9A9A9)]
                    LayoutNGBlockFlow (anonymous) at (1,1) size 52x18
                      LayoutText (anonymous) at (4,1) size 32x16
                        text run at (4,1) width 32: "menu"
            LayoutNGTableCell {TD} at (124,6) size 19x19 [r=0 c=2 rs=1 cs=1]
              LayoutNGBlockFlow {DIV} at (1,1) size 17x17 [border: (2px solid #0000FF)]
                LayoutInline {FONT} at (0,0) size 13x13
                  LayoutBlockFlow {INPUT} at (2,2) size 13x13
            LayoutNGTableCell {TD} at (145,6) size 19x19 [r=0 c=3 rs=1 cs=1]
              LayoutNGBlockFlow {DIV} at (1,1) size 17x17 [border: (2px solid #0000FF)]
                LayoutInline {FONT} at (0,0) size 13x13
                  LayoutBlockFlow {INPUT} at (2,2) size 13x13
      LayoutTable {TABLE} at (0,177.25) size 166x32
        LayoutTableSection {TBODY} at (0,0) size 166x32
          LayoutTableRow {TR} at (0,2) size 166x28
            LayoutNGTableCell {TD} at (2,2) size 58x28 [r=0 c=0 rs=1 cs=1]
              LayoutNGBlockFlow {DIV} at (1,1) size 56x26 [border: (2px solid #0000FF)]
                LayoutButton {INPUT} at (2,2) size 52x22 [bgcolor=#C0C0C0] [border: (2px outset #C0C0C0)]
                  LayoutNGBlockFlow (anonymous) at (8,3) size 36x16
                    LayoutText {#text} at (0,0) size 36x16
                      text run at (0,0) width 36: "button"
            LayoutNGTableCell {TD} at (62,3) size 60x26 [r=0 c=1 rs=1 cs=1]
              LayoutNGBlockFlow {DIV} at (1,1) size 58x24 [border: (2px solid #0000FF)]
                LayoutMenuList {SELECT} at (2,2) size 54x20 [bgcolor=#C0C0C0] [border: (1px solid #A9A9A9)]
                  LayoutNGBlockFlow (anonymous) at (1,1) size 52x18
                    LayoutText (anonymous) at (4,1) size 32x16
                      text run at (4,1) width 32: "menu"
            LayoutNGTableCell {TD} at (124,6) size 19x19 [r=0 c=2 rs=1 cs=1]
              LayoutNGBlockFlow {DIV} at (1,1) size 17x17 [border: (2px solid #0000FF)]
                LayoutBlockFlow {INPUT} at (2,2) size 13x13
            LayoutNGTableCell {TD} at (145,6) size 19x19 [r=0 c=3 rs=1 cs=1]
              LayoutNGBlockFlow {DIV} at (1,1) size 17x17 [border: (2px solid #0000FF)]
                LayoutBlockFlow {INPUT} at (2,2) size 13x13
      LayoutTable {TABLE} at (0,209.25) size 166x32
        LayoutTableSection {TBODY} at (0,0) size 166x32
          LayoutTableRow {TR} at (0,2) size 166x28
            LayoutNGTableCell {TD} at (2,2) size 58x28 [r=0 c=0 rs=1 cs=1]
              LayoutNGBlockFlow {DIV} at (1,1) size 56x26 [border: (2px solid #0000FF)]
                LayoutInline {FONT} at (0,0) size 52x22
                  LayoutButton {INPUT} at (2,2) size 52x22 [bgcolor=#C0C0C0] [border: (2px outset #C0C0C0)]
                    LayoutNGBlockFlow (anonymous) at (8,3) size 36x16
                      LayoutText {#text} at (0,0) size 36x16
                        text run at (0,0) width 36: "button"
            LayoutNGTableCell {TD} at (62,3) size 60x26 [r=0 c=1 rs=1 cs=1]
              LayoutNGBlockFlow {DIV} at (1,1) size 58x24 [border: (2px solid #0000FF)]
                LayoutInline {FONT} at (0,0) size 54x20
                  LayoutMenuList {SELECT} at (2,2) size 54x20 [bgcolor=#C0C0C0] [border: (1px solid #A9A9A9)]
                    LayoutNGBlockFlow (anonymous) at (1,1) size 52x18
                      LayoutText (anonymous) at (4,1) size 32x16
                        text run at (4,1) width 32: "menu"
            LayoutNGTableCell {TD} at (124,6) size 19x19 [r=0 c=2 rs=1 cs=1]
              LayoutNGBlockFlow {DIV} at (1,1) size 17x17 [border: (2px solid #0000FF)]
                LayoutInline {FONT} at (0,0) size 13x13
                  LayoutBlockFlow {INPUT} at (2,2) size 13x13
            LayoutNGTableCell {TD} at (145,6) size 19x19 [r=0 c=3 rs=1 cs=1]
              LayoutNGBlockFlow {DIV} at (1,1) size 17x17 [border: (2px solid #0000FF)]
                LayoutInline {FONT} at (0,0) size 13x13
                  LayoutBlockFlow {INPUT} at (2,2) size 13x13
      LayoutTable {TABLE} at (0,241.25) size 583x80
        LayoutTableSection {TBODY} at (0,0) size 583x80
          LayoutTableRow {TR} at (0,2) size 583x76
            LayoutNGTableCell {TD} at (2,2) size 100x28 [r=0 c=0 rs=1 cs=1]
              LayoutNGBlockFlow {DIV} at (1,1) size 98x26 [border: (2px solid #0000FF)]
                LayoutTextControl {INPUT} at (2,2) size 94x22 [bgcolor=#FFFFFF] [border: (2px inset #EEEEEE)]
            LayoutNGTableCell {TD} at (104,2) size 44x76 [r=0 c=1 rs=1 cs=1]
              LayoutNGBlockFlow {DIV} at (1,1) size 42x74 [border: (2px solid #0000FF)]
            LayoutNGTableCell {TD} at (150,2) size 244x28 [r=0 c=2 rs=1 cs=1]
              LayoutNGBlockFlow {DIV} at (1,1) size 242x26 [border: (2px solid #0000FF)]
                LayoutFileUploadControl {INPUT} at (2,2) size 238x22 "No file chosen"
                  LayoutButton {INPUT} at (0,0) size 85x22 [bgcolor=#C0C0C0] [border: (2px outset #C0C0C0)]
                    LayoutNGBlockFlow (anonymous) at (8,3) size 69x16
                      LayoutText {#text} at (0,0) size 69x16
                        text run at (0,0) width 69: "Choose File"
            LayoutNGTableCell {TD} at (396,2) size 185x42 [r=0 c=3 rs=1 cs=1]
              LayoutNGBlockFlow {DIV} at (1,1) size 183x40 [border: (2px solid #0000FF)]
      LayoutNGBlockFlow {H2} at (0,341.16) size 784x27
        LayoutText {#text} at (0,0) size 199x26
          text run at (0,0) width 199: "Baseline Alignment"
      LayoutNGBlockFlow {DIV} at (0,388.06) size 784x28
        LayoutInline {FONT} at (0,0) size 205x27
          LayoutText {#text} at (0,0) size 43x27
            text run at (0,0) width 43: "text "
          LayoutButton {INPUT} at (43,5) size 52x22 [bgcolor=#C0C0C0] [border: (2px outset #C0C0C0)]
            LayoutNGBlockFlow (anonymous) at (8,3) size 36x16
              LayoutText {#text} at (0,0) size 36x16
                text run at (0,0) width 36: "button"
          LayoutText {#text} at (95,0) size 6x27
            text run at (95,0) width 6: " "
          LayoutMenuList {SELECT} at (101,6) size 54x20 [bgcolor=#C0C0C0] [border: (1px solid #A9A9A9)]
            LayoutNGBlockFlow (anonymous) at (1,1) size 52x18
              LayoutText (anonymous) at (4,1) size 32x16
                text run at (4,1) width 32: "menu"
          LayoutText {#text} at (155,0) size 6x27
            text run at (155,0) width 6: " "
          LayoutBlockFlow {INPUT} at (166,8) size 13x13
          LayoutText {#text} at (182,0) size 6x27
            text run at (182,0) width 6: " "
          LayoutBlockFlow {INPUT} at (192,8) size 13x13
          LayoutText {#text} at (0,0) size 0x0
      LayoutNGBlockFlow {DIV} at (0,416.06) size 784x22
        LayoutText {#text} at (0,1) size 27x19
          text run at (0,1) width 27: "text "
        LayoutButton {INPUT} at (27,0) size 52x22 [bgcolor=#C0C0C0] [border: (2px outset #C0C0C0)]
          LayoutNGBlockFlow (anonymous) at (8,3) size 36x16
            LayoutText {#text} at (0,0) size 36x16
              text run at (0,0) width 36: "button"
        LayoutText {#text} at (79,1) size 4x19
          text run at (79,1) width 4: " "
        LayoutMenuList {SELECT} at (83,1) size 54x20 [bgcolor=#C0C0C0] [border: (1px solid #A9A9A9)]
          LayoutNGBlockFlow (anonymous) at (1,1) size 52x18
            LayoutText (anonymous) at (4,1) size 32x16
              text run at (4,1) width 32: "menu"
        LayoutText {#text} at (137,1) size 4x19
          text run at (137,1) width 4: " "
        LayoutBlockFlow {INPUT} at (146,3) size 13x13
        LayoutText {#text} at (162,1) size 4x19
          text run at (162,1) width 4: " "
        LayoutBlockFlow {INPUT} at (170,3) size 13x13
        LayoutText {#text} at (0,0) size 0x0
      LayoutNGBlockFlow {DIV} at (0,438.06) size 784x22
        LayoutInline {FONT} at (0,0) size 171x22
          LayoutText {#text} at (0,6) size 18x12
            text run at (0,6) width 18: "text "
          LayoutButton {INPUT} at (18,0) size 52x22 [bgcolor=#C0C0C0] [border: (2px outset #C0C0C0)]
            LayoutNGBlockFlow (anonymous) at (8,3) size 36x16
              LayoutText {#text} at (0,0) size 36x16
                text run at (0,0) width 36: "button"
          LayoutText {#text} at (70,6) size 3x12
            text run at (70,6) width 3: " "
          LayoutMenuList {SELECT} at (73,1) size 54x20 [bgcolor=#C0C0C0] [border: (1px solid #A9A9A9)]
            LayoutNGBlockFlow (anonymous) at (1,1) size 52x18
              LayoutText (anonymous) at (4,1) size 32x16
                text run at (4,1) width 32: "menu"
          LayoutText {#text} at (127,6) size 3x12
            text run at (127,6) width 3: " "
          LayoutBlockFlow {INPUT} at (135,3) size 13x13
          LayoutText {#text} at (151,6) size 3x12
            text run at (151,6) width 3: " "
          LayoutBlockFlow {INPUT} at (158,3) size 13x13
          LayoutText {#text} at (0,0) size 0x0
      LayoutNGBlockFlow {DIV} at (0,460.06) size 784x42
        LayoutText {#text} at (0,21) size 27x19
          text run at (0,21) width 27: "text "
        LayoutTextControl {INPUT} at (27,20) size 94x22 [bgcolor=#FFFFFF] [border: (2px inset #EEEEEE)]
        LayoutText {#text} at (121,21) size 4x19
          text run at (121,21) width 4: " "
        LayoutFileUploadControl {INPUT} at (125,20) size 238x22 "No file chosen"
          LayoutButton {INPUT} at (0,0) size 85x22 [bgcolor=#C0C0C0] [border: (2px outset #C0C0C0)]
            LayoutNGBlockFlow (anonymous) at (8,3) size 69x16
              LayoutText {#text} at (0,0) size 69x16
                text run at (0,0) width 69: "Choose File"
        LayoutText {#text} at (363,21) size 4x19
          text run at (363,21) width 4: " "
        LayoutText {#text} at (0,0) size 0x0
      LayoutNGBlockFlow {H2} at (0,521.97) size 784x27
        LayoutText {#text} at (0,0) size 197x26
          text run at (0,0) width 197: "Pop-up Menu Sizes"
      LayoutNGBlockFlow {DIV} at (0,568.88) size 784x28
        LayoutInline {FONT} at (0,0) size 137x27
          LayoutText {#text} at (0,0) size 0x0
          LayoutMenuList {SELECT} at (0,6) size 22x20 [bgcolor=#C0C0C0] [border: (1px solid #A9A9A9)]
            LayoutNGBlockFlow (anonymous) at (1,1) size 20x18
              LayoutText (anonymous) at (4,1) size 4x16
                text run at (4,1) width 4: " "
          LayoutText {#text} at (22,0) size 6x27
            text run at (22,0) width 6: " "
          LayoutMenuList {SELECT} at (28,6) size 25x20 [bgcolor=#C0C0C0] [border: (1px solid #A9A9A9)]
            LayoutNGBlockFlow (anonymous) at (1,1) size 23x18
              LayoutText (anonymous) at (4,1) size 3x16
                text run at (4,1) width 3: "|"
          LayoutText {#text} at (53,0) size 6x27
            text run at (53,0) width 6: " "
          LayoutMenuList {SELECT} at (59,6) size 78x20 [bgcolor=#C0C0C0] [border: (1px solid #A9A9A9)]
            LayoutNGBlockFlow (anonymous) at (1,1) size 76x18
              LayoutText (anonymous) at (4,1) size 56x16
                text run at (4,1) width 56: "xxxxxxxx"
          LayoutText {#text} at (0,0) size 0x0
      LayoutNGBlockFlow {DIV} at (0,596.88) size 784x20
        LayoutMenuList {SELECT} at (0,0) size 22x20 [bgcolor=#C0C0C0] [border: (1px solid #A9A9A9)]
          LayoutNGBlockFlow (anonymous) at (1,1) size 20x18
            LayoutText (anonymous) at (4,1) size 4x16
              text run at (4,1) width 4: " "
        LayoutText {#text} at (22,0) size 4x19
          text run at (22,0) width 4: " "
        LayoutMenuList {SELECT} at (26,0) size 25x20 [bgcolor=#C0C0C0] [border: (1px solid #A9A9A9)]
          LayoutNGBlockFlow (anonymous) at (1,1) size 23x18
            LayoutText (anonymous) at (4,1) size 3x16
              text run at (4,1) width 3: "|"
        LayoutText {#text} at (51,0) size 4x19
          text run at (51,0) width 4: " "
        LayoutMenuList {SELECT} at (55,0) size 78x20 [bgcolor=#C0C0C0] [border: (1px solid #A9A9A9)]
          LayoutNGBlockFlow (anonymous) at (1,1) size 76x18
            LayoutText (anonymous) at (4,1) size 56x16
              text run at (4,1) width 56: "xxxxxxxx"
        LayoutText {#text} at (0,0) size 0x0
      LayoutNGBlockFlow {DIV} at (0,616.88) size 784x20
        LayoutInline {FONT} at (0,0) size 131x20
          LayoutText {#text} at (0,0) size 0x0
          LayoutMenuList {SELECT} at (0,0) size 22x20 [bgcolor=#C0C0C0] [border: (1px solid #A9A9A9)]
            LayoutNGBlockFlow (anonymous) at (1,1) size 20x18
              LayoutText (anonymous) at (4,1) size 4x16
                text run at (4,1) width 4: " "
          LayoutText {#text} at (22,5) size 3x12
            text run at (22,5) width 3: " "
          LayoutMenuList {SELECT} at (25,0) size 25x20 [bgcolor=#C0C0C0] [border: (1px solid #A9A9A9)]
            LayoutNGBlockFlow (anonymous) at (1,1) size 23x18
              LayoutText (anonymous) at (4,1) size 3x16
                text run at (4,1) width 3: "|"
          LayoutText {#text} at (50,5) size 3x12
            text run at (50,5) width 3: " "
          LayoutMenuList {SELECT} at (53,0) size 78x20 [bgcolor=#C0C0C0] [border: (1px solid #A9A9A9)]
            LayoutNGBlockFlow (anonymous) at (1,1) size 76x18
              LayoutText (anonymous) at (4,1) size 56x16
                text run at (4,1) width 56: "xxxxxxxx"
          LayoutText {#text} at (0,0) size 0x0
layer at (15,257) size 90x16
  LayoutBlockFlow {DIV} at (2,3) size 90x16
    LayoutText {#text} at (0,0) size 50x16
      text run at (0,0) width 50: "text field"
layer at (115,254) size 38x70 clip at (116,255) size 21x68 scrollHeight 85
  LayoutListBox {SELECT} at (2,2) size 38x70 [bgcolor=#FFFFFF] [border: (1px solid #A9A9A9)]
    LayoutBlockFlow {OPTION} at (1,1) size 21x17
      LayoutText {#text} at (2,0) size 17x16
        text run at (2,0) width 17: "list"
    LayoutBlockFlow {OPTION} at (1,18) size 21x17
      LayoutText {#text} at (2,0) size 7x16
        text run at (2,0) width 7: "2"
    LayoutBlockFlow {OPTION} at (1,35) size 21x17
      LayoutText {#text} at (2,0) size 7x16
        text run at (2,0) width 7: "3"
    LayoutBlockFlow {OPTION} at (1,52) size 21x17
      LayoutText {#text} at (2,0) size 7x16
        text run at (2,0) width 7: "4"
    LayoutBlockFlow {OPTION} at (1,69) size 21x17
      LayoutText {#text} at (2,0) size 7x16
        text run at (2,0) width 7: "5"
layer at (407,254) size 179x36 clip at (408,255) size 177x34
  LayoutTextControl {TEXTAREA} at (2,2) size 179x36 [bgcolor=#FFFFFF] [border: (1px solid #A9A9A9)]
    LayoutBlockFlow {DIV} at (3,3) size 175x16
      LayoutText {#text} at (0,0) size 64x16
        text run at (0,0) width 64: "textarea"
layer at (37,491) size 90x16
  LayoutBlockFlow {DIV} at (2,3) size 90x16
    LayoutText {#text} at (0,0) size 50x16
      text run at (0,0) width 50: "text field"
layer at (375,468) size 179x36 clip at (376,469) size 177x34
  LayoutTextControl {TEXTAREA} at (367,0) size 179x36 [bgcolor=#FFFFFF] [border: (1px solid #A9A9A9)]
    LayoutBlockFlow {DIV} at (3,3) size 175x16
      LayoutText {#text} at (0,0) size 64x16
        text run at (0,0) width 64: "textarea"
