layer at (0,0) size 800x600
  LayoutView at (0,0) size 800x600
layer at (0,0) size 800x600
  LayoutNGBlockFlow {HTML} at (0,0) size 800x600
    LayoutNGBlockFlow {BODY} at (8,8) size 784x584
      LayoutNGBlockFlow {P} at (0,0) size 784x20
        LayoutText {#text} at (0,0) size 564x19
          text run at (0,0) width 564: "The following 5 inputs should be all be rendered exactly the same, aligned to the left side."
      LayoutNGBlockFlow (anonymous) at (0,36) size 784x88
        LayoutTextControl {INPUT} at (0,0) size 154x22 [bgcolor=#FFFFFF] [border: (2px inset #EEEEEE)]
        LayoutText {#text} at (0,0) size 0x0
        LayoutBR {BR} at (154,16) size 0x0
        LayoutTextControl {INPUT} at (0,22) size 154x22 [bgcolor=#FFFFFF] [border: (2px inset #EEEEEE)]
        LayoutText {#text} at (0,0) size 0x0
        LayoutBR {BR} at (154,38) size 0x0
        LayoutTextControl {INPUT} at (0,44) size 154x22 [bgcolor=#FFFFFF] [border: (2px inset #EEEEEE)]
        LayoutText {#text} at (0,0) size 0x0
        LayoutBR {BR} at (154,60) size 0x0
        LayoutTextControl {INPUT} at (0,66) size 154x22 [bgcolor=#FFFFFF] [border: (2px inset #EEEEEE)]
        LayoutText {#text} at (0,0) size 0x0
        LayoutBR {BR} at (154,82) size 0x0
      LayoutNGBlockFlow {DIV} at (0,124) size 784x22
        LayoutTextControl {INPUT} at (0,0) size 154x22 [bgcolor=#FFFFFF] [border: (2px inset #EEEEEE)]
layer at (10,47) size 150x16
  LayoutBlockFlow {DIV} at (2,3) size 150x16
    LayoutText {#text} at (0,0) size 107x16
      text run at (0,0) width 107: "The quick brown..."
layer at (10,69) size 150x16
  LayoutBlockFlow {DIV} at (2,3) size 150x16
    LayoutText {#text} at (0,0) size 107x16
      text run at (0,0) width 107: "The quick brown..."
layer at (10,91) size 150x16
  LayoutBlockFlow {DIV} at (2,3) size 150x16
    LayoutText {#text} at (0,0) size 107x16
      text run at (0,0) width 107: "The quick brown..."
layer at (10,113) size 150x16
  LayoutBlockFlow {DIV} at (2,3) size 150x16
    LayoutText {#text} at (0,0) size 107x16
      text run at (0,0) width 107: "The quick brown..."
layer at (10,135) size 150x16
  LayoutBlockFlow {DIV} at (2,3) size 150x16
    LayoutText {#text} at (0,0) size 107x16
      text run at (0,0) width 107: "The quick brown..."
