layer at (0,0) size 800x600
  LayoutView at (0,0) size 800x600
layer at (0,0) size 800x600
  LayoutNGBlockFlow {HTML} at (0,0) size 800x600
    LayoutNGBlockFlow {BODY} at (8,8) size 784x576
      LayoutNGBlockFlow (anonymous) at (0,0) size 784x20
        LayoutText {#text} at (0,0) size 666x19
          text run at (0,0) width 666: "The textarea below should have standard line-height because textareas should ignore negative line-heights"
        LayoutBR {BR} at (666,0) size 0x0
      LayoutNGBlockFlow {P} at (0,36) size 784x240
        LayoutText {#text} at (0,0) size 86x19
          text run at (0,0) width 86: "TEXTAREA"
        LayoutBR {BR} at (86,0) size 0x0
        LayoutText {#text} at (0,0) size 0x0
        LayoutBR {BR} at (400,205) size 0x0
        LayoutBR {BR} at (0,220) size 0x0
layer at (8,64) size 400x200 clip at (9,65) size 398x198
  LayoutTextControl {TEXTAREA} at (0,20) size 400x200 [bgcolor=#FFFFFF] [border: (1px dotted #C0C0C0)]
    LayoutBlockFlow {DIV} at (3,3) size 396x32
      LayoutText {#text} at (0,0) size 351x32
        text run at (0,0) width 347: "Demo text here that wraps a bit and should demonstrate the"
        text run at (347,0) width 4: " "
        text run at (0,16) width 134: "goodness of line-height"
