layer at (0,0) size 800x600
  LayoutView at (0,0) size 800x600
layer at (0,0) size 800x600
  LayoutNGBlockFlow {HTML} at (0,0) size 800x600
    LayoutNGBlockFlow {BODY} at (8,8) size 784x584
      LayoutTextControl {INPUT} at (0,0) size 183x22 [bgcolor=#FFFFFF] [border: (2px inset #EEEEEE)]
        LayoutFlexibleBox {DIV} at (3,3) size 177x16
          LayoutBlockFlow {DIV} at (0,0) size 164x16
      LayoutText {#text} at (0,0) size 0x0
      LayoutBR {BR} at (183,16) size 0x0
      LayoutTextControl {INPUT} at (0,22) size 101x22 [bgcolor=#FFFFFF] [border: (2px inset #EEEEEE)]
      LayoutText {#text} at (101,23) size 4x19
        text run at (101,23) width 4: " "
      LayoutTextControl {INPUT} at (105,22) size 101x22 [bgcolor=#FFFFFF] [border: (2px inset #EEEEEE)]
      LayoutText {#text} at (206,23) size 4x19
        text run at (206,23) width 4: " "
      LayoutTextControl {INPUT} at (210,22) size 181x22 [bgcolor=#FFFFFF] [border: (2px inset #EEEEEE)]
      LayoutText {#text} at (0,0) size 0x0
      LayoutBR {BR} at (391,23) size 0x0
      LayoutTextControl {INPUT} at (0,44) size 183x22 [bgcolor=#FFFFFF] [border: (2px inset #EEEEEE)]
        LayoutFlexibleBox {DIV} at (3,3) size 177x16
          LayoutBlockFlow {DIV} at (12,0) size 165x16
      LayoutBR {BR} at (183,45) size 0x0
      LayoutTextControl {INPUT} at (0,66) size 183x22 [bgcolor=#FFFFFF] [border: (2px inset #EEEEEE)]
        LayoutFlexibleBox {DIV} at (3,3) size 177x16
          LayoutBlockFlow {DIV} at (0,0) size 164x16
      LayoutBR {BR} at (183,67) size 0x0
      LayoutBR {BR} at (179,109) size 0x0
      LayoutTextControl {INPUT} at (0,124) size 181x36 [bgcolor=#FFFFFF] [border: (2px inset #EEEEEE)]
      LayoutBR {BR} at (181,125) size 0x0
      LayoutBR {BR} at (179,194) size 0x0
      LayoutTextControl {INPUT} at (5,214) size 209x29 [bgcolor=#FFFFFF] [border: (5px solid #000000)]
      LayoutBR {BR} at (219,219) size 0x0
      LayoutTextControl {INPUT} at (0,248) size 181x31 [bgcolor=#FFFFFF] [border: (2px inset #EEEEEE)]
      LayoutText {#text} at (181,253) size 4x19
        text run at (181,253) width 4: " "
      LayoutTextControl {INPUT} at (185,248) size 181x31 [bgcolor=#FFFFFF] [border: (2px inset #EEEEEE)]
      LayoutText {#text} at (366,253) size 4x19
        text run at (366,253) width 4: " "
      LayoutTextControl {INPUT} at (370,250.50) size 181x25 [bgcolor=#FFFFFF] [border: (2px inset #EEEEEE)]
      LayoutText {#text} at (551,253) size 4x19
        text run at (551,253) width 4: " "
      LayoutTextControl {INPUT} at (555,251) size 181x25 [bgcolor=#FFFFFF] [border: (2px inset #EEEEEE)]
      LayoutText {#text} at (0,0) size 0x0
      LayoutTextControl {INPUT} at (0,279) size 181x25 [bgcolor=#FFFFFF] [border: (2px inset #EEEEEE)]
      LayoutText {#text} at (0,0) size 0x0
      LayoutBR {BR} at (181,281) size 0x0
      LayoutTextControl {INPUT} at (0,304) size 181x22 [bgcolor=#FFFFFF] [border: (2px inset #EEEEEE)]
      LayoutText {#text} at (181,305) size 4x19
        text run at (181,305) width 4: " "
      LayoutTextControl {INPUT} at (185,304) size 181x22 [bgcolor=#FFFFFF] [border: (2px inset #EEEEEE)]
      LayoutText {#text} at (366,305) size 4x19
        text run at (366,305) width 4: " "
      LayoutTextControl {INPUT} at (370,304) size 181x22 [bgcolor=#FFFFFF] [border: (2px inset #EEEEEE)]
      LayoutText {#text} at (0,0) size 0x0
      LayoutBR {BR} at (551,305) size 0x0
      LayoutBR {BR} at (181,341) size 0x0
layer at (11,11) size 164x16
  LayoutBlockFlow {DIV} at (3,3) size 164x16 [color=#757575]
    LayoutText {#text} at (0,0) size 66x16
      text run at (0,0) width 66: "placeholder"
layer at (11,11) size 164x16
  LayoutBlockFlow {DIV} at (0,0) size 164x16
layer at (10,33) size 97x16
  LayoutBlockFlow {DIV} at (2,3) size 97x16 [color=#757575]
    LayoutText {#text} at (0,0) size 66x16
      text run at (0,0) width 66: "placeholder"
layer at (10,33) size 97x16
  LayoutBlockFlow {DIV} at (2,3) size 97x16
layer at (115,33) size 97x16
  LayoutBlockFlow {DIV} at (2,3) size 97x16 [color=#757575]
    LayoutText {#text} at (0,0) size 66x16
      text run at (0,0) width 66: "placeholder"
layer at (115,33) size 97x16
  LayoutBlockFlow {DIV} at (2,3) size 97x16
layer at (220,31) size 177x19 backgroundClip at (220,32) size 177x18 clip at (220,32) size 177x18
  LayoutBlockFlow {DIV} at (2,1) size 177x19 [color=#757575]
    LayoutText {#text} at (0,2) size 105x16
      text run at (0,2) width 105: "\x{65E5}\x{672C}\x{8A9E}placeholder"
layer at (220,33) size 177x16
  LayoutBlockFlow {DIV} at (2,3) size 177x16
layer at (23,55) size 165x16
  LayoutBlockFlow {DIV} at (15,3) size 165x16 [color=#757575]
    LayoutText {#text} at (99,0) size 66x16
      text run at (99,0) width 66: "placeholder"
layer at (23,55) size 165x16
  LayoutBlockFlow {DIV} at (0,0) size 165x16
layer at (11,77) size 164x16
  LayoutBlockFlow {DIV} at (3,3) size 164x16 [color=#757575]
    LayoutText {#text} at (0,0) size 66x16
      text run at (0,0) width 66: "placeholder"
layer at (11,77) size 164x16
  LayoutBlockFlow {DIV} at (0,0) size 164x16
layer at (8,96) size 179x36 clip at (9,97) size 177x34
  LayoutTextControl {TEXTAREA} at (0,88) size 179x36 [bgcolor=#FFFFFF] [border: (1px solid #A9A9A9)]
    LayoutBlockFlow {DIV} at (3,3) size 175x16 [color=#757575]
      LayoutText {#text} at (0,0) size 88x16
        text run at (0,0) width 88: "placeholder"
    LayoutBlockFlow {DIV} at (3,3) size 175x16
layer at (10,135) size 177x16
  LayoutBlockFlow {DIV} at (2,3) size 177x16 [color=#757575]
    LayoutText {#text} at (0,0) size 66x16
      text run at (0,0) width 66: "placeholder"
layer at (10,135) size 177x16
  LayoutBlockFlow {DIV} at (2,3) size 177x16
layer at (8,168) size 179x49 clip at (9,169) size 177x47
  LayoutTextControl {TEXTAREA} at (0,160) size 179x49 [bgcolor=#FFFFFF] [border: (1px solid #A9A9A9)]
    LayoutBlockFlow {DIV} at (3,16) size 175x16 [color=#757575]
      LayoutText {#text} at (0,0) size 88x16
        text run at (0,0) width 88: "placeholder"
    LayoutBlockFlow {DIV} at (3,16) size 175x16
layer at (18,228) size 199x17
  LayoutBlockFlow {DIV} at (5,6) size 199x17 [color=#757575]
    LayoutText {#text} at (0,0) size 75x17
      text run at (0,0) width 75: "placeholder"
layer at (18,228) size 199x17
  LayoutBlockFlow {DIV} at (5,6) size 199x17
layer at (10,259) size 177x25
  LayoutBlockFlow {DIV} at (2,3) size 177x25
    LayoutText {#text} at (0,4) size 32x16
      text run at (0,4) width 32: "Value"
layer at (195,263) size 177x16
  LayoutBlockFlow {DIV} at (2,7) size 177x16 [color=#757575]
    LayoutText {#text} at (0,0) size 66x16
      text run at (0,0) width 66: "placeholder"
layer at (195,259) size 177x25
  LayoutBlockFlow {DIV} at (2,3) size 177x25
layer at (380,263) size 177x16
  LayoutBlockFlow {DIV} at (2,4.50) size 177x16 [color=#757575]
    LayoutText {#text} at (0,0) size 66x16
      text run at (0,0) width 66: "placeholder"
layer at (380,263) size 177x16
  LayoutBlockFlow {DIV} at (2,4.50) size 177x16
layer at (565,263) size 177x16
  LayoutBlockFlow {DIV} at (2,4) size 177x16 [color=#757575]
    LayoutText {#text} at (0,0) size 66x16
      text run at (0,0) width 66: "placeholder"
layer at (565,259) size 177x25 backgroundClip at (565,261) size 177x21 clip at (565,261) size 177x21
  LayoutBlockFlow {DIV} at (2,0) size 177x25
layer at (10,292) size 177x16
  LayoutBlockFlow {DIV} at (2,4.50) size 177x16 [color=#757575]
    LayoutText {#text} at (0,0) size 66x16
      text run at (0,0) width 66: "placeholder"
layer at (10,292) size 177x16
  LayoutBlockFlow {DIV} at (2,4.50) size 177x16
layer at (10,315) size 177x16
  LayoutBlockFlow {DIV} at (2,3) size 177x16
    LayoutText {#text} at (72,0) size 33x16
      text run at (72,0) width 33: "Value"
layer at (195,315) size 177x16
  LayoutBlockFlow {DIV} at (2,3) size 177x16 [color=#757575]
    LayoutText {#text} at (55,0) size 67x16
      text run at (55,0) width 67: "placeholder"
layer at (195,315) size 177x16
  LayoutBlockFlow {DIV} at (2,3) size 177x16
layer at (380,315) size 177x16
  LayoutBlockFlow {DIV} at (2,3) size 177x16 [color=#757575]
    LayoutText {#text} at (55,0) size 67x16
      text run at (55,0) width 67: "placeholder"
layer at (380,315) size 177x16
  LayoutBlockFlow {DIV} at (2,3) size 177x16
layer at (176,15) size 9x9 transparent
  LayoutBlockFlow {DIV} at (165,3.50) size 9x9
layer at (11,59) size 9x9 transparent
  LayoutBlockFlow {DIV} at (0,3.50) size 9x9
layer at (176,81) size 9x9 transparent
  LayoutBlockFlow {DIV} at (165,3.50) size 9x9
layer at (8,334) size 181x36 backgroundClip at (11,321) size 175x122 clip at (11,336) size 175x32
  LayoutTextControl {INPUT} at (0,326) size 181x36 [bgcolor=#FFFFFF] [border: (2px inset #EEEEEE)]
layer at (10,351) size 177x16 backgroundClip at (14,337) size 162x102 clip at (14,351) size 162x16
  LayoutBlockFlow {DIV} at (2,17) size 177x16 [color=#757575]
    LayoutText {#text} at (0,0) size 66x16
      text run at (0,0) width 66: "placeholder"
layer at (10,351) size 177x16 backgroundClip at (14,337) size 162x102 clip at (14,351) size 162x16
  LayoutBlockFlow {DIV} at (2,17) size 177x16
