layer at (0,0) size 800x600
  LayoutView at (0,0) size 800x600
layer at (0,0) size 800x600
  LayoutNGBlockFlow {HTML} at (0,0) size 800x600
    LayoutNGBlockFlow {BODY} at (8,8) size 784x584
      LayoutNGBlockFlow {FORM} at (0,0) size 784x22
        LayoutButton {INPUT} at (0,0) size 42x22 [bgcolor=#C0C0C0] [border: (2px outset #C0C0C0)]
          LayoutNGBlockFlow (anonymous) at (8,3) size 26x16
            LayoutText {#text} at (0,0) size 26x16
              text run at (0,0) width 26: "form"
        LayoutText {#text} at (0,0) size 0x0
      LayoutNGBlockFlow {DIV} at (0,38) size 784x40
        LayoutText {#text} at (0,0) size 760x39
          text run at (0,0) width 760: "This tests Targeted frame submission works. If the test is successful, the text \"SUCCESS\" should be shown in the iframe"
          text run at (0,20) width 42: "below."
      LayoutNGBlockFlow (anonymous) at (0,78) size 784x154
        LayoutText {#text} at (0,0) size 0x0
layer at (8,86) size 304x154
  LayoutIFrame {IFRAME} at (0,0) size 304x154 [border: (2px inset #EEEEEE)]
    layer at (0,0) size 300x150
      LayoutView at (0,0) size 300x150
    layer at (0,0) size 300x150
      LayoutNGBlockFlow {HTML} at (0,0) size 300x150
        LayoutNGBlockFlow {BODY} at (8,8) size 284x129
          LayoutNGBlockFlow {PRE} at (0,0) size 284x16
            LayoutText {#text} at (0,0) size 56x16
              text run at (0,0) width 56: "SUCCESS"
              text run at (56,0) width 0: " "
