layer at (0,0) size 800x600
  LayoutView at (0,0) size 800x600
layer at (0,0) size 800x600
  LayoutNGBlockFlow {HTML} at (0,0) size 800x600
    LayoutNGBlockFlow {BODY} at (8,8) size 784x584
      LayoutNGBlockFlow {P} at (0,0) size 784x40
        LayoutText {#text} at (0,0) size 212x19
          text run at (0,0) width 212: "This tests for a regression against "
        LayoutInline {I} at (0,0) size 770x39
          LayoutInline {A} at (0,0) size 348x19 [color=#0000EE]
            LayoutText {#text} at (212,0) size 348x19
              text run at (212,0) width 348: "http://bugzilla.opendarwin.org/show_bug.cgi?id=8076"
          LayoutText {#text} at (560,0) size 770x39
            text run at (560,0) width 210: " REGRESSION: native text fields"
            text run at (0,20) width 250: "are reversed on \"visual Hebrew\" pages"
        LayoutText {#text} at (250,20) size 4x19
          text run at (250,20) width 4: "."
      LayoutNGBlockFlow {P} at (0,74) size 784x20
        LayoutText {#text} at (0,0) size 271x19
          text run at (0,0) width 271: "Text in the field should look like this: \x{5E8}\x{5D5}\x{5EA}\x{5E4}\x{5DB}"
      LayoutNGBlockFlow (anonymous) at (0,110) size 784x22
        LayoutTextControl {INPUT} at (0,0) size 181x22 [bgcolor=#FFFFFF] [border: (2px inset #EEEEEE)]
        LayoutText {#text} at (0,0) size 0x0
layer at (8,64) size 784x2 clip at (0,0) size 0x0
  LayoutNGBlockFlow {HR} at (0,56) size 784x2 [border: (1px inset #EEEEEE)]
layer at (10,121) size 177x16
  LayoutBlockFlow {DIV} at (2,3) size 177x16
    LayoutText {#text} at (0,0) size 34x16
      text run at (0,0) width 34 RTL: "\x{5DB}\x{5E4}\x{5EA}\x{5D5}\x{5E8}"
