layer at (0,0) size 800x600
  LayoutView at (0,0) size 800x600
layer at (0,0) size 800x600
  LayoutBlockFlow {HTML} at (0,0) size 800x600
    LayoutBlockFlow {BODY} at (8,8) size 784x584
      LayoutBlockFlow {H1} at (0,0) size 784x37
        LayoutText {#text} at (0,0) size 507x36
          text run at (0,0) width 507: "Dynamically changing pseudo classes"
      LayoutBlockFlow {P} at (0,58.44) size 784x20
        LayoutText {#text} at (0,0) size 647x19
          text run at (0,0) width 647: "Following meter gauge should be solid green - Changing the paseudo class by changing value attribute"
      LayoutBlockFlow (anonymous) at (0,94.44) size 784x16
        LayoutBlockFlow {METER} at (0,0) size 80x16
          LayoutBlockFlow {DIV} at (0,0) size 80x16
            LayoutBlockFlow {DIV} at (0,0) size 80x16 [bgcolor=#808080]
              LayoutBlockFlow {DIV} at (0,0) size 72x16 [bgcolor=#008000]
        LayoutText {#text} at (0,0) size 0x0
