layer at (0,0) size 800x600
  LayoutView at (0,0) size 800x600
layer at (0,0) size 800x600
  LayoutBlockFlow {HTML} at (0,0) size 800x600
    LayoutBlockFlow {BODY} at (8,8) size 784x584
      LayoutBlockFlow {DETAILS} at (0,0) size 784x18
        LayoutBlockFlow {SUMMARY} at (0,0) size 784x18
          LayoutDetailsMarker {DIV} at (0,3.45) size 10.55x10.55: down
          LayoutText {#text} at (16,0) size 5x18
            text run at (16,0) width 5: " "
          LayoutBlockFlow {SPAN} at (20.94,2) size 62.42x15
            LayoutText {#text} at (0,0) size 63x15
              text run at (0,0) width 63: "Details1"
          LayoutText {#text} at (83,0) size 5x18
            text run at (83,0) width 5: " "
          LayoutBlockFlow {SPAN} at (87.36,2) size 62.42x15
            LayoutText {#text} at (0,0) size 63x15
              text run at (0,0) width 63: "Details3"
          LayoutText {#text} at (0,0) size 0x0
        LayoutBlockFlow {DIV} at (0,18) size 784x0
      LayoutBlockFlow (anonymous) at (0,18) size 784x18
        LayoutButton {INPUT} at (0,0) size 39.77x18 [bgcolor=#FFFFFF]
          LayoutBlockFlow (anonymous) at (8,2) size 23.77x13
            LayoutText {#text} at (0,0) size 24x13
              text run at (0,0) width 24: "click"
        LayoutText {#text} at (0,0) size 0x0
