layer at (0,0) size 800x600
  LayoutView at (0,0) size 800x600
layer at (0,0) size 800x600
  LayoutBlockFlow {HTML} at (0,0) size 800x600
    LayoutBlockFlow {BODY} at (8,8) size 784x584
      LayoutBlockFlow {DETAILS} at (0,0) size 784x136 [border: (8px solid #555599)]
        LayoutBlockFlow {SUMMARY} at (8,8) size 768x102 [border: (8px solid #9999CC)]
          LayoutBlockFlow (anonymous) at (8,8) size 752x18
            LayoutDetailsMarker {DIV} at (0,3.45) size 10.55x10.55: down
            LayoutText {#text} at (16,0) size 65x18
              text run at (16,0) width 5: " "
              text run at (20,0) width 61: "summary"
          LayoutBlockFlow {DETAILS} at (8,26) size 752x68 [border: (8px solid #995555)]
            LayoutBlockFlow {SUMMARY} at (8,8) size 736x34 [border: (8px solid #CC9999)]
              LayoutDetailsMarker {DIV} at (8,11.45) size 10.55x10.55: down
              LayoutText {#text} at (24,8) size 292x18
                text run at (24,8) width 5: " "
                text run at (28,8) width 288: "nested summary (summary-deails-summary)"
            LayoutBlockFlow {DIV} at (8,42) size 736x18
              LayoutText {#text} at (0,0) size 204x18
                text run at (0,0) width 204: "nested details (summary-deails)"
        LayoutBlockFlow {DIV} at (8,110) size 768x18
          LayoutText {#text} at (0,0) size 42x18
            text run at (0,0) width 42: "details"
