layer at (0,0) size 800x600
  LayoutView at (0,0) size 800x600
layer at (0,0) size 800x296
  LayoutBlockFlow {HTML} at (0,0) size 800x296
    LayoutBlockFlow {BODY} at (8,16) size 784x264
      LayoutBlockFlow {P} at (0,0) size 784x19
        LayoutTextControl {INPUT} at (653,0) size 131x19 [bgcolor=#FFFFFF] [border: (2px inset #EEEEEE)]
          LayoutFlexibleBox {DIV} at (3,2) size 125x15
            LayoutBlockFlow {DIV} at (13,1) size 112x13
        LayoutText {#text} at (0,0) size 0x0
      LayoutBlockFlow {P} at (0,35) size 784x19
        LayoutTextControl {INPUT} at (653,0) size 131x19 [bgcolor=#FFFFFF] [border: (2px inset #EEEEEE)]
          LayoutFlexibleBox {DIV} at (3,2) size 125x15
            LayoutBlockFlow {DIV} at (13,1) size 112x13
        LayoutText {#text} at (0,0) size 0x0
      LayoutBlockFlow {P} at (0,70) size 784x19
        LayoutTextControl {INPUT} at (0,0) size 131x19 [bgcolor=#FFFFFF] [border: (2px inset #EEEEEE)]
          LayoutFlexibleBox {DIV} at (3,2) size 125x15
            LayoutBlockFlow {DIV} at (13,1) size 112x13
        LayoutText {#text} at (0,0) size 0x0
      LayoutBlockFlow {P} at (0,105) size 784x19
        LayoutTextControl {INPUT} at (0,0) size 131x19 [bgcolor=#FFFFFF] [border: (2px inset #EEEEEE)]
          LayoutFlexibleBox {DIV} at (3,2) size 125x15
            LayoutBlockFlow {DIV} at (13,1) size 112x13
            LayoutBlockFlow {DIV} at (0,0) size 13x15
        LayoutText {#text} at (0,0) size 0x0
      LayoutBlockFlow {P} at (0,140) size 784x19
        LayoutTextControl {INPUT} at (0,0) size 131x19 [bgcolor=#FFFFFF] [border: (2px inset #EEEEEE)]
          LayoutFlexibleBox {DIV} at (3,2) size 125x15
            LayoutBlockFlow {DIV} at (0,1) size 112x13
        LayoutText {#text} at (0,0) size 0x0
      LayoutBlockFlow {P} at (0,175) size 784x19
        LayoutTextControl {INPUT} at (0,0) size 131x19 [bgcolor=#FFFFFF] [border: (2px inset #EEEEEE)]
          LayoutFlexibleBox {DIV} at (3,2) size 125x15
            LayoutBlockFlow {DIV} at (0,1) size 112x13
        LayoutText {#text} at (0,0) size 0x0
      LayoutBlockFlow {P} at (0,210) size 784x19
        LayoutTextControl {INPUT} at (0,0) size 131x19 [bgcolor=#FFFFFF] [border: (2px inset #EEEEEE)]
          LayoutFlexibleBox {DIV} at (3,2) size 125x15
            LayoutBlockFlow {DIV} at (13,1) size 112x13
        LayoutText {#text} at (0,0) size 0x0
      LayoutBlockFlow {P} at (0,245) size 784x19
        LayoutTextControl {INPUT} at (0,0) size 131x19 [bgcolor=#FFFFFF] [border: (2px inset #EEEEEE)]
          LayoutFlexibleBox {DIV} at (3,2) size 125x15
            LayoutBlockFlow {DIV} at (13,1) size 112x13
        LayoutText {#text} at (0,0) size 0x0
layer at (677,19) size 112x13
  LayoutBlockFlow {DIV} at (0,0) size 112x13
    LayoutText {#text} at (106,0) size 6x13
      text run at (106,0) width 6: "1"
layer at (677,54) size 112x13
  LayoutBlockFlow {DIV} at (0,0) size 112x13
    LayoutText {#text} at (105,0) size 7x13
      text run at (105,0) width 7: "2"
layer at (24,89) size 112x13
  LayoutBlockFlow {DIV} at (0,0) size 112x13
    LayoutText {#text} at (105,0) size 7x13
      text run at (105,0) width 7: "3"
layer at (24,124) size 112x13
  LayoutBlockFlow {DIV} at (0,0) size 112x13
    LayoutText {#text} at (86,0) size 26x13
      text run at (86,0) width 26: "1234"
layer at (11,159) size 112x13
  LayoutBlockFlow {DIV} at (0,0) size 112x13
    LayoutText {#text} at (0,0) size 7x13
      text run at (0,0) width 7: "5"
layer at (11,194) size 112x13
  LayoutBlockFlow {DIV} at (0,0) size 112x13
    LayoutText {#text} at (0,0) size 7x13
      text run at (0,0) width 7: "6"
layer at (24,229) size 112x13
  LayoutBlockFlow {DIV} at (0,0) size 112x13
    LayoutText {#text} at (105,0) size 7x13
      text run at (105,0) width 7: "7"
layer at (24,264) size 112x13
  LayoutBlockFlow {DIV} at (0,0) size 112x13
    LayoutText {#text} at (104,0) size 8x13
      text run at (104,0) width 8: "8"
layer at (664,18) size 13x15 transparent
  LayoutBlockFlow {DIV} at (0,0) size 13x15
layer at (664,53) size 13x15 transparent
  LayoutBlockFlow {DIV} at (0,0) size 13x15
layer at (11,88) size 13x15 transparent
  LayoutBlockFlow {DIV} at (0,0) size 13x15
layer at (123,158) size 13x15 transparent
  LayoutBlockFlow {DIV} at (112,0) size 13x15
layer at (123,193) size 13x15 transparent
  LayoutBlockFlow {DIV} at (112,0) size 13x15
layer at (11,228) size 13x15 transparent
  LayoutBlockFlow {DIV} at (0,0) size 13x15
layer at (11,263) size 13x15 transparent
  LayoutBlockFlow {DIV} at (0,0) size 13x15
caret: position 4 of child 0 {#text} of child 0 {DIV} of child 0 {DIV} of child 0 {DIV} of {#document-fragment} of child 0 {INPUT} of child 6 {P} of body
