layer at (0,0) size 800x600
  LayoutView at (0,0) size 800x600
layer at (0,0) size 800x600
  LayoutBlockFlow {HTML} at (0,0) size 800x600
    LayoutBlockFlow {BODY} at (8,8) size 784x576
      LayoutBlockFlow {P} at (0,0) size 784x40
        LayoutText {#text} at (0,0) size 52x19
          text run at (0,0) width 52: "Test for "
        LayoutInline {I} at (0,0) size 749x39
          LayoutInline {A} at (0,0) size 299x19 [color=#0000EE]
            LayoutText {#text} at (51,0) size 299x19
              text run at (51,0) width 299: "http://bugs.webkit.org/show_bug.cgi?id=11124"
          LayoutText {#text} at (349,0) size 749x39
            text run at (349,0) width 5: " "
            text run at (353,0) width 396: "REGRESSION (r14297): No drag image for partially-selected"
            text run at (0,20) width 79: "complex text"
        LayoutText {#text} at (79,20) size 4x19
          text run at (79,20) width 4: "."
      LayoutBlockFlow {P} at (0,56) size 784x20
        LayoutText {#text} at (0,0) size 144x19
          text run at (0,0) width 144: "This should look like \x{201C}"
        LayoutInline {SPAN} at (0,0) size 84x19 [color=#008000]
          LayoutText {#text} at (144,0) size 84x19
            text run at (144,0) width 84: "Lore\x{300}m ipsum"
        LayoutText {#text} at (228,0) size 15x19
          text run at (228,0) width 15: "\x{201D}: "
        LayoutInline {SPAN} at (0,0) size 88x19
          LayoutText {#text} at (243,0) size 88x19
            text run at (243,0) width 88: " Lore\x{300}m ipsum"
        LayoutText {#text} at (0,0) size 0x0
selection start: position 1 of child 0 {#text} of child 3 {SPAN} of child 2 {P} of body
selection end:   position 13 of child 0 {#text} of child 3 {SPAN} of child 2 {P} of body
