layer at (0,0) size 800x600
  LayoutView at (0,0) size 800x600
layer at (0,0) size 800x600
  LayoutBlockFlow {HTML} at (0,0) size 800x600
    LayoutBlockFlow {BODY} at (8,8) size 784x584
      LayoutBlockFlow {P} at (0,0) size 784x40
        LayoutText {#text} at (0,0) size 52x19
          text run at (0,0) width 52: "Test for "
        LayoutInline {I} at (0,0) size 668x39
          LayoutInline {A} at (0,0) size 302x19 [color=#0000EE]
            LayoutText {#text} at (51,0) size 302x19
              text run at (51,0) width 302: "http://bugs.webkit.org/show_bug.cgi?id=10144"
          LayoutText {#text} at (352,0) size 668x39
            text run at (352,0) width 5: " "
            text run at (356,0) width 312: "REGRESSION: Reproducible assertion failure in"
            text run at (0,20) width 288: "DeleteSelectionCommand::fixupWhitespace()"
        LayoutText {#text} at (288,20) size 4x19
          text run at (288,20) width 4: "."
      LayoutBlockFlow {DIV} at (0,56) size 784x100
        LayoutText {#text} at (0,0) size 0x19
          text run at (0,0) width 0: " "
        LayoutBR {BR} at (0,20) size 0x19
caret: position 0 of child 1 {BR} of child 3 {DIV} of body
