layer at (0,0) size 800x600
  LayoutView at (0,0) size 800x600
layer at (0,0) size 800x554
  LayoutBlockFlow {HTML} at (0,0) size 800x554
    LayoutBlockFlow {BODY} at (8,8) size 784x538
      LayoutBlockFlow {DIV} at (4,4) size 366x146 [border: (3px solid #000000)]
        LayoutText {#text} at (3,3) size 270x27
          text run at (3,3) width 270: "Lorem ipsum dolor sit amet,"
        LayoutInline {SPAN} at (0,0) size 213x27
          LayoutText {#text} at (3,45) size 213x27
            text run at (3,45) width 213: "consectetur adipiscing"
        LayoutText {#text} at (216,45) size 130x27
          text run at (216,45) width 6: " "
          text run at (222,45) width 124: "elit. Aliquam"
        LayoutInline {SPAN} at (0,0) size 109x27
          LayoutText {#text} at (3,73) size 109x27
            text run at (3,73) width 109: "odio sapien"
        LayoutText {#text} at (112,73) size 330x69
          text run at (112,73) width 12: ", "
          text run at (124,73) width 209: "lobortis eu iaculis vel,"
          text run at (3,115) width 207: "scelerisque nec dolor."
      LayoutText {#text} at (374,119) size 6x27
        text run at (374,119) width 6: " "
      LayoutBlockFlow {DIV} at (384,4) size 366x146 [border: (3px solid #000000)]
        LayoutText {#text} at (3,3) size 270x27
          text run at (3,3) width 270: "Lorem ipsum dolor sit amet,"
        LayoutInline {SPAN} at (0,0) size 213x27
          LayoutText {#text} at (3,45) size 213x27
            text run at (3,45) width 213: "consectetur adipiscing"
        LayoutText {#text} at (216,45) size 130x27
          text run at (216,45) width 6: " "
          text run at (222,45) width 124: "elit. Aliquam"
        LayoutInline {SPAN} at (0,0) size 109x27
          LayoutText {#text} at (3,73) size 109x27
            text run at (3,73) width 109: "odio sa\x{300}pien"
        LayoutText {#text} at (112,73) size 330x69
          text run at (112,73) width 12: ", "
          text run at (124,73) width 209: "lobortis eu iaculis vel,"
          text run at (3,115) width 207: "scelerisque nec dolor."
      LayoutText {#text} at (0,0) size 0x0
      LayoutBlockFlow {DIV} at (4,167) size 366x161 [border: (3px solid #000000)]
        LayoutText {#text} at (3,18) size 70x27
          text run at (3,18) width 70: "Lorem "
        LayoutInline {SPAN} at (0,0) size 57x27
          LayoutText {#text} at (73,18) size 57x27
            text run at (73,18) width 57: "ipsum"
        LayoutText {#text} at (130,18) size 6x27
          text run at (130,18) width 6: " "
        LayoutInline {SPAN} at (0,0) size 50x27
          LayoutText {#text} at (136,18) size 50x27
            text run at (136,18) width 50: "dolor"
        LayoutText {#text} at (186,18) size 6x27
          text run at (186,18) width 6: " "
        LayoutInline {SPAN} at (0,0) size 22x27
          LayoutText {#text} at (192,18) size 22x27
            text run at (192,18) width 22: "sit"
        LayoutText {#text} at (214,18) size 6x27
          text run at (214,18) width 6: " "
        LayoutInline {SPAN} at (0,0) size 47x27
          LayoutText {#text} at (220,18) size 47x27
            text run at (220,18) width 47: "amet"
        LayoutText {#text} at (267,18) size 6x27
          text run at (267,18) width 6: ","
        LayoutInline {SPAN} at (0,0) size 111x27
          LayoutText {#text} at (3,60) size 111x27
            text run at (3,60) width 111: "consectetur"
        LayoutText {#text} at (114,60) size 6x27
          text run at (114,60) width 6: " "
        LayoutInline {SPAN} at (0,0) size 96x27
          LayoutText {#text} at (120,60) size 96x27
            text run at (120,60) width 96: "adipiscing"
        LayoutText {#text} at (216,60) size 6x27
          text run at (216,60) width 6: " "
        LayoutInline {SPAN} at (0,0) size 30x27
          LayoutText {#text} at (222,60) size 30x27
            text run at (222,60) width 30: "elit"
        LayoutText {#text} at (252,60) size 12x27
          text run at (252,60) width 12: ". "
        LayoutInline {SPAN} at (0,0) size 82x27
          LayoutText {#text} at (264,60) size 82x27
            text run at (264,60) width 82: "Aliquam"
        LayoutText {#text} at (346,60) size 6x27
          text run at (346,60) width 6: ","
        LayoutInline {SPAN} at (0,0) size 42x27
          LayoutText {#text} at (3,102) size 42x27
            text run at (3,102) width 42: "odio"
        LayoutText {#text} at (45,102) size 6x27
          text run at (45,102) width 6: " "
        LayoutInline {SPAN} at (0,0) size 61x27
          LayoutText {#text} at (51,102) size 61x27
            text run at (51,102) width 61: "sapien"
        LayoutText {#text} at (112,102) size 12x27
          text run at (112,102) width 12: ", "
        LayoutInline {SPAN} at (0,0) size 72x27
          LayoutText {#text} at (124,102) size 72x27
            text run at (124,102) width 72: "lobortis"
        LayoutText {#text} at (196,102) size 330x55
          text run at (196,102) width 6: " "
          text run at (202,102) width 131: "eu iaculis vel,"
          text run at (3,130) width 207: "scelerisque nec dolor."
      LayoutText {#text} at (374,297) size 6x27
        text run at (374,297) width 6: " "
      LayoutBlockFlow {DIV} at (384,158) size 366x156 [border: (3px solid #000000)]
        LayoutText {#text} at (18,3) size 27x70
          text run at (18,3) width 70: "Lorem "
        LayoutInline {SPAN} at (0,0) size 27x57
          LayoutText {#text} at (18,73) size 27x57
            text run at (18,73) width 57: "ipsum"
        LayoutText {#text} at (0,0) size 0x0
        LayoutInline {SPAN} at (0,0) size 27x50
          LayoutText {#text} at (60,3) size 27x50
            text run at (60,3) width 50: "dolor"
        LayoutText {#text} at (60,53) size 27x6
          text run at (60,53) width 6: " "
        LayoutInline {SPAN} at (0,0) size 27x22
          LayoutText {#text} at (60,59) size 27x22
            text run at (60,59) width 22: "sit"
        LayoutText {#text} at (60,81) size 27x6
          text run at (60,81) width 6: " "
        LayoutInline {SPAN} at (0,0) size 27x47
          LayoutText {#text} at (60,87) size 27x47
            text run at (60,87) width 47: "amet"
        LayoutText {#text} at (60,134) size 27x6
          text run at (60,134) width 6: ","
        LayoutInline {SPAN} at (0,0) size 27x111
          LayoutText {#text} at (99,3) size 27x111
            text run at (99,3) width 111: "consectetur"
        LayoutText {#text} at (0,0) size 0x0
        LayoutInline {SPAN} at (0,0) size 27x96
          LayoutText {#text} at (141,3) size 27x96
            text run at (141,3) width 96: "adipiscing"
        LayoutText {#text} at (141,99) size 27x6
          text run at (141,99) width 6: " "
        LayoutInline {SPAN} at (0,0) size 27x30
          LayoutText {#text} at (141,105) size 27x30
            text run at (141,105) width 30: "elit"
        LayoutText {#text} at (141,135) size 27x6
          text run at (141,135) width 6: "."
        LayoutInline {SPAN} at (0,0) size 27x82
          LayoutText {#text} at (183,3) size 27x82
            text run at (183,3) width 82: "Aliquam"
        LayoutText {#text} at (183,85) size 27x12
          text run at (183,85) width 12: ", "
        LayoutInline {SPAN} at (0,0) size 27x42
          LayoutText {#text} at (183,97) size 27x42
            text run at (183,97) width 42: "odio"
        LayoutText {#text} at (0,0) size 0x0
        LayoutInline {SPAN} at (0,0) size 27x61
          LayoutText {#text} at (225,3) size 27x61
            text run at (225,3) width 61: "sapien"
        LayoutText {#text} at (225,64) size 27x12
          text run at (225,64) width 12: ", "
        LayoutInline {SPAN} at (0,0) size 27x72
          LayoutText {#text} at (225,76) size 27x72
            text run at (225,76) width 72: "lobortis"
        LayoutText {#text} at (253,3) size 83x146
          text run at (253,3) width 131: "eu iaculis vel,"
          text run at (281,3) width 146: "scelerisque nec"
          text run at (309,3) width 55: "dolor."
      LayoutText {#text} at (0,0) size 0x0
      LayoutBlockFlow {DIV} at (4,336) size 366x198 [border: (3px solid #000000)]
        LayoutText {#text} at (3,13) size 270x27
          text run at (3,13) width 270: "Lorem ipsum dolor sit amet,"
        LayoutInline {SPAN} at (0,0) size 213x27
          LayoutText {#text} at (3,61) size 213x27
            text run at (3,61) width 213: "consectetur adipiscing"
        LayoutText {#text} at (216,61) size 130x27
          text run at (216,61) width 6: " "
          text run at (222,61) width 124: "elit. Aliquam"
        LayoutInline {SPAN} at (0,0) size 109x27
          LayoutText {#text} at (3,109) size 109x27
            text run at (3,109) width 109: "odio sapien"
        LayoutText {#text} at (112,109) size 330x75
          text run at (112,109) width 12: ", "
          text run at (124,109) width 209: "lobortis eu iaculis vel,"
          text run at (3,157) width 207: "scelerisque nec dolor."
      LayoutText {#text} at (374,493) size 6x27
        text run at (374,493) width 6: " "
      LayoutBlockFlow {DIV} at (384,378) size 366x146 [border: (3px solid #000000)]
        LayoutText {#text} at (3,3) size 270x27
          text run at (3,3) width 270: "Lorem ipsum dolor sit amet,"
        LayoutInline {SPAN} at (0,0) size 213x27
          LayoutText {#text} at (3,45) size 213x27
            text run at (3,45) width 213: "consectetur adipiscing"
        LayoutText {#text} at (216,45) size 130x27
          text run at (216,45) width 6: " "
          text run at (222,45) width 124: "elit. Aliquam"
        LayoutInline {SPAN} at (0,0) size 109x27
          LayoutText {#text} at (3,73) size 109x27
            text run at (3,73) width 109: "odio sapien"
        LayoutText {#text} at (112,73) size 330x69
          text run at (112,73) width 12: ", "
          text run at (124,73) width 209: "lobortis eu iaculis vel,"
          text run at (3,115) width 207: "scelerisque nec dolor."
      LayoutText {#text} at (0,0) size 0x0
      LayoutText {#text} at (0,0) size 0x0
selection start: position 10 of child 0 {#text} of child 1 {SPAN} of child 10 {DIV} of body
selection end:   position 7 of child 0 {#text} of child 3 {SPAN} of child 10 {DIV} of body
