layer at (0,0) size 800x600
  LayoutView at (0,0) size 800x600
layer at (0,0) size 800x110
  LayoutBlockFlow {HTML} at (0,0) size 800x110
    LayoutBlockFlow {BODY} at (8,8) size 784x94
      LayoutBlockFlow (anonymous) at (0,0) size 784x20
        LayoutText {#text} at (0,0) size 550x19
          text run at (0,0) width 550: "This test verifies that a selection spanning nested flexbox boundaries is drawn correctly."
layer at (8,28) size 200x74
  LayoutBlockFlow (relative positioned) {DIV} at (0,20) size 200x74 [bgcolor=#DDDDDD]
    LayoutFlexibleBox {DIV} at (0,0) size 200x37
      LayoutBlockFlow {SPAN} at (0,0) size 100x37
        LayoutText {#text} at (0,0) size 42x36
          text run at (0,0) width 42: "aaa"
      LayoutFlexibleBox {DIV} at (100,0) size 100x37
        LayoutBlockFlow {SPAN} at (0,0) size 100x37
          LayoutText {#text} at (0,0) size 48x36
            text run at (0,0) width 48: "bbb"
    LayoutFlexibleBox {DIV} at (0,37) size 200x37
      LayoutBlockFlow {SPAN} at (0,0) size 100x37
        LayoutText {#text} at (0,0) size 42x36
          text run at (0,0) width 42: "ccc"
      LayoutFlexibleBox {DIV} at (100,0) size 100x37
        LayoutBlockFlow {SPAN} at (0,0) size 100x37
          LayoutText {#text} at (0,0) size 48x36
            text run at (0,0) width 48: "ddd"
selection start: position 1 of child 0 {#text} of child 1 {SPAN} of child 1 {DIV} of child 1 {DIV} of body
selection end:   position 2 of child 0 {#text} of child 0 {SPAN} of child 3 {DIV} of child 3 {DIV} of child 1 {DIV} of body
