layer at (0,0) size 800x600
  LayoutView at (0,0) size 800x600
layer at (0,0) size 800x600
  LayoutBlockFlow {HTML} at (0,0) size 800x600
    LayoutBlockFlow {BODY} at (8,8) size 784x584
      LayoutBlockFlow {P} at (0,0) size 784x20
        LayoutText {#text} at (0,0) size 106x19
          text run at (0,0) width 106: "Test for revision "
        LayoutInline {A} at (0,0) size 49x19 [color=#0000EE]
          LayoutText {#text} at (105,0) size 49x19
            text run at (105,0) width 49: "#20574"
        LayoutText {#text} at (153,0) size 5x19
          text run at (153,0) width 5: "."
      LayoutBlockFlow {P} at (0,36) size 784x20
        LayoutText {#text} at (0,0) size 251x19
          text run at (0,0) width 251: "The two blue boxes should be identical."
      LayoutBlockFlow {DIV} at (0,72) size 106x46 [border: (3px solid #0000FF)]
        LayoutText {#text} at (3,3) size 10x19
          text run at (3,3) width 10: "L"
        LayoutInline {SPAN} at (0,0) size 40x19 [color=#008000] [bgcolor=#FFFF00]
          LayoutText {#text} at (13,3) size 40x19
            text run at (13,3) width 40: "o r"
        LayoutText {#text} at (53,3) size 100x39
          text run at (53,3) width 50: "e mi"
          text run at (3,23) width 67: "psumdolor"
      LayoutBlockFlow (anonymous) at (0,118) size 784x20
        LayoutBR {BR} at (0,0) size 0x19
      LayoutBlockFlow {DIV} at (0,138) size 106x46 [border: (3px solid #0000FF)]
        LayoutText {#text} at (3,3) size 100x39
          text run at (3,3) width 100: "Lo re mi"
          text run at (3,23) width 67: "psumdolor"
selection start: position 1 of child 0 {#text} of child 8 {DIV} of body
selection end:   position 4 of child 0 {#text} of child 8 {DIV} of body
