layer at (0,0) size 800x600
  LayoutView at (0,0) size 800x600
layer at (0,0) size 800x130
  LayoutBlockFlow {HTML} at (0,0) size 800x130
    LayoutBlockFlow {BODY} at (8,16) size 784x98
      LayoutBlockFlow {P} at (0,0) size 784x22
        LayoutInline {NOBR} at (0,0) size 161x19
          LayoutInline {B} at (0,0) size 20x19
            LayoutText {#text} at (0,2) size 20x19
              text run at (0,2) width 20: "\x{179C}\x{17C9}\x{17C2}\x{1794}"
          LayoutText {#text} at (20,2) size 4x19
            text run at (20,2) width 4: " "
          LayoutInline {A} at (0,0) size 40x19 [color=#0000EE]
            LayoutText {#text} at (24,2) size 40x19
              text run at (24,2) width 40: "\x{179A}\x{17BC}\x{1794}\x{1797}\x{17B6}\x{1796}"
          LayoutText {#text} at (64,2) size 4x19
            text run at (64,2) width 4: " "
          LayoutInline {A} at (0,0) size 25x19 [color=#0000EE]
            LayoutText {#text} at (68,2) size 25x19
              text run at (68,2) width 25: "\x{1780}\x{17D2}\x{179A}\x{17BB}\x{1798}"
          LayoutText {#text} at (93,2) size 4x19
            text run at (93,2) width 4: " "
          LayoutInline {A} at (0,0) size 64x19 [color=#0000EE]
            LayoutText {#text} at (97,2) size 64x19
              text run at (97,2) width 64: "\x{1790}\x{178F}\x{17AF}\x{1780}\x{179F}\x{17B6}\x{179A}"
        LayoutText {#text} at (0,0) size 0x0
      LayoutBlockFlow {P} at (0,38) size 784x60
        LayoutText {#text} at (0,0) size 532x19
          text run at (0,0) width 532: "Some Harfbuzz shapers will output cluster logs which suggest that some glyphs had "
        LayoutInline {I} at (0,0) size 16x19
          LayoutText {#text} at (532,0) size 16x19
            text run at (532,0) width 16: "no"
        LayoutText {#text} at (548,0) size 765x39
          text run at (548,0) width 217: " contributing code points. This test"
          text run at (0,20) width 174: "contains such text and uses "
        LayoutInline {TT} at (0,0) size 88x16
          LayoutText {#text} at (174,23) size 88x16
            text run at (174,23) width 88: "eventSender"
        LayoutText {#text} at (262,20) size 441x19
          text run at (262,20) width 441: " to select the text. You should see some of the above text selected and "
        LayoutInline {TT} at (0,0) size 81x16
          LayoutText {#text} at (702,23) size 81x16
            text run at (702,23) width 81: "test_shell"
        LayoutText {#text} at (0,40) size 252x19
          text run at (0,40) width 252: "shouldn't trigger any assertions or crash."
selection start: position 0 of child 0 {#text} of child 0 {B} of child 1 {NOBR} of child 1 {P} of body
selection end:   position 7 of child 0 {#text} of child 6 {A} of child 1 {NOBR} of child 1 {P} of body
