layer at (0,0) size 800x600
  LayoutView at (0,0) size 800x600
layer at (0,0) size 800x140
  LayoutBlockFlow {HTML} at (0,0) size 800x140
    LayoutBlockFlow {BODY} at (8,8) size 784x116
      LayoutBlockFlow (anonymous) at (0,0) size 784x80
        LayoutTextControl {INPUT} at (0,0) size 204x80 [bgcolor=#FFFFFF] [border: (2px inset #EEEEEE)]
        LayoutText {#text} at (0,0) size 0x0
      LayoutBlockFlow {P} at (0,96) size 784x20
        LayoutText {#text} at (0,0) size 548x19
          text run at (0,0) width 358: "The last character (and only the last character) should be "
          text run at (358,0) width 190: "selected in the text box above."
layer at (10,11) size 200x74
  LayoutBlockFlow {DIV} at (2,3) size 200x74
    LayoutText {#text} at (34,1) size 166x72
      text run at (34,1) width 166 RTL: "[[\x{645}\x{642}\x{627}\x{644}\x{647}]]"
selection start: position 0 of child 0 {#text} of child 0 {DIV} of {#document-fragment} of child 1 {INPUT} of body
selection end:   position 1 of child 0 {#text} of child 0 {DIV} of {#document-fragment} of child 1 {INPUT} of body
