layer at (0,0) size 800x600
  LayoutView at (0,0) size 800x600
layer at (0,0) size 800x600
  LayoutBlockFlow {HTML} at (0,0) size 800x600
    LayoutBlockFlow {BODY} at (8,8) size 784x584
      LayoutBlockFlow {P} at (0,0) size 784x40
        LayoutText {#text} at (0,0) size 172x19
          text run at (0,0) width 172: "This is a regression test for "
        LayoutInline {I} at (0,0) size 776x39
          LayoutInline {A} at (0,0) size 348x19 [color=#0000EE]
            LayoutText {#text} at (172,0) size 348x19
              text run at (172,0) width 348: "http://bugzilla.opendarwin.org/show_bug.cgi?id=8866"
          LayoutText {#text} at (519,0) size 776x39
            text run at (519,0) width 5: " "
            text run at (523,0) width 253: "REGRESSION: Incorrect caret position"
            text run at (0,20) width 70: "in RTL text"
        LayoutText {#text} at (70,20) size 4x19
          text run at (70,20) width 4: "."
      LayoutBlockFlow {P} at (0,56) size 784x20
        LayoutText {#text} at (0,0) size 346x19
          text run at (0,0) width 346: "The caret should be in the middle of the Hebrew word."
      LayoutBlockFlow {HR} at (0,92) size 784x2 [border: (1px inset #EEEEEE)]
      LayoutBlockFlow {DIV} at (0,102) size 784x20
        LayoutText {#text} at (0,0) size 48x19
          text run at (0,0) width 48 RTL: "\x{5D0}\x{5D5}\x{5DB}\x{5DE}\x{5E0}\x{5D9}\x{5D5}\x{5EA}"
caret: position 5 of child 0 {#text} of child 7 {DIV} of body
