layer at (0,0) size 800x600
  LayoutView at (0,0) size 800x600
layer at (0,0) size 800x148
  LayoutBlockFlow {HTML} at (0,0) size 800x148
    LayoutBlockFlow {BODY} at (8,16) size 784x116
      LayoutBlockFlow {P} at (0,0) size 784x60
        LayoutText {#text} at (0,0) size 347x19
          text run at (0,0) width 347: "Lorem ipsum dolor sit amet, consectetur adipiscing elit."
        LayoutBR {BR} at (347,0) size 0x19
        LayoutInline {B} at (0,0) size 309x39
          LayoutText {#text} at (10,20) size 289x19
            text run at (10,20) width 289: "Sed dictum erat sit amet pharetra pretium."
        LayoutBR {BR} at (308,20) size 1x19
        LayoutText {#text} at (0,40) size 331x19
          text run at (0,40) width 331: "Nullam a est vitae orci tempus tincidunt nec at dolor."
      LayoutBlockFlow {P} at (0,76) size 784x40
        LayoutText {#text} at (0,0) size 777x39
          text run at (0,0) width 436: "Tests whether selection includes padding in the Y direction for inline "
          text run at (435,0) width 342: "elements. This padding would ideally not be included."
          text run at (0,20) width 186: "http://crbug.com/657325#c13"
selection start: position 5 of child 0 {#text} of child 3 {B} of child 0 {P} of body
selection end:   position 37 of child 0 {#text} of child 3 {B} of child 0 {P} of body
