layer at (0,0) size 800x600
  LayoutView at (0,0) size 800x600
layer at (0,0) size 800x600
  LayoutBlockFlow {HTML} at (0,0) size 800x600
    LayoutBlockFlow {BODY} at (8,8) size 784x584
      LayoutBlockFlow {P} at (0,0) size 784x40
        LayoutText {#text} at (0,0) size 52x19
          text run at (0,0) width 52: "Test for "
        LayoutInline {I} at (0,0) size 734x39
          LayoutText {#text} at (51,0) size 734x39
            text run at (51,0) width 683: "http://bugzilla.opendarwin.org/show_bug.cgi?id=6132 Incorrect selection highlighting for ATSUI text when"
            text run at (0,20) width 176: "selected range is \"CG-safe\""
        LayoutText {#text} at (176,20) size 4x19
          text run at (176,20) width 4: "."
      LayoutBlockFlow {P} at (0,56) size 784x20
        LayoutText {#text} at (0,0) size 708x19
          text run at (0,0) width 708: "The word \x{201C}dolor\x{201D} below should be highlighted in its entirety. The highlight should not extend beyond that word."
      LayoutBlockFlow {HR} at (0,92) size 784x2 [border: (1px inset #EEEEEE)]
      LayoutBlockFlow (anonymous) at (0,102) size 784x20
        LayoutInline {SPAN} at (0,0) size 173x19
          LayoutText {#text} at (0,0) size 173x19
            text run at (0,0) width 173: "Lo\x{308}re\x{300}m ipsum dolor sit amet"
        LayoutText {#text} at (0,0) size 0x0
selection start: position 14 of child 0 {#text} of child 7 {SPAN} of body
selection end:   position 19 of child 0 {#text} of child 7 {SPAN} of body
