layer at (0,0) size 800x600
  LayoutView at (0,0) size 800x600
layer at (0,0) size 800x600
  LayoutBlockFlow {HTML} at (0,0) size 800x600
    LayoutBlockFlow {BODY} at (8,8) size 784x584
      LayoutBlockFlow (anonymous) at (0,0) size 784x36
        LayoutText {#text} at (0,0) size 780x36
          text run at (0,0) width 474: "You should see a green cross below (300 pixels wide and 300 pixels tall). "
          text run at (473,0) width 307: "This is a test to ensure that boxes don't obey the"
          text run at (0,18) width 652: "overconstraint correction (margin-top/bottom should not be corrected when a box is overconstrained)."
      LayoutBlockFlow {DIV} at (0,36) size 784x300
        LayoutDeprecatedFlexibleBox {DIV} at (0,200) size 300x100 [bgcolor=#008000]
          LayoutBlockFlow {DIV} at (100,-100) size 100x300
