layer at (0,0) size 800x600
  LayoutView at (0,0) size 800x600
layer at (0,0) size 800x600
  LayoutBlockFlow {HTML} at (0,0) size 800x600
    LayoutBlockFlow {BODY} at (8,8) size 784x584
      LayoutBlockFlow {P} at (0,0) size 784x36
        LayoutText {#text} at (0,0) size 765x36
          text run at (0,0) width 286: "You should see a green 100x100 box below. "
          text run at (285,0) width 480: "If you see a red box, then the inner block is not properly growing to fill the"
          text run at (0,18) width 179: "height of the enclosing box."
      LayoutDeprecatedFlexibleBox {DIV} at (0,52) size 100x100 [bgcolor=#FF0000]
        LayoutBlockFlow {DIV} at (0,0) size 100x100 [bgcolor=#008000]
