layer at (0,0) size 800x600
  LayoutView at (0,0) size 800x600
layer at (0,0) size 800x600
  LayoutBlockFlow {HTML} at (0,0) size 800x600
    LayoutBlockFlow {BODY} at (8,8) size 784x584
      LayoutBlockFlow {P} at (0,0) size 784x36
        LayoutText {#text} at (0,0) size 761x36
          text run at (0,0) width 485: "You should see a 100x100 green square below enclosed by an olive border. "
          text run at (484,0) width 277: "If you see any red, the test has failed. If the"
          text run at (0,18) width 450: "border does not fully enclose the green square, then the test has failed."
      LayoutBlockFlow {P} at (0,52) size 784x36
        LayoutText {#text} at (0,0) size 707x36
          text run at (0,0) width 707: "This test is checking to make sure blocks with auto height that are children of boxes will expand to encompass"
          text run at (0,18) width 123: "overhanging floats."
      LayoutBlockFlow {DIV} at (0,104) size 100x100 [bgcolor=#FF0000]
        LayoutDeprecatedFlexibleBox {DIV} at (0,0) size 100x100 [border: (4px solid #808000)]
          LayoutBlockFlow {DIV} at (4,4) size 92x92
            LayoutBlockFlow (floating) {DIV} at (0,0) size 92x92 [bgcolor=#008000]
