layer at (0,0) size 800x600
  LayoutView at (0,0) size 800x600
layer at (0,0) size 800x600
  LayoutBlockFlow {HTML} at (0,0) size 800x600
    LayoutBlockFlow {BODY} at (8,8) size 784x584
      LayoutBlockFlow {P} at (0,0) size 784x36
        LayoutText {#text} at (0,0) size 775x36
          text run at (0,0) width 304: "You should see a 100x100 green square below. "
          text run at (303,0) width 275: "If you see any red, then the test has failed. "
          text run at (577,0) width 198: "This test is ensuring that boxes"
          text run at (0,18) width 338: "can act as containing blocks for positioned elements."
layer at (8,60) size 100x100
  LayoutDeprecatedFlexibleBox (relative positioned) {DIV} at (0,52) size 100x100 [bgcolor=#FF0000]
layer at (8,60) size 100x100
  LayoutBlockFlow (positioned) {DIV} at (0,0) size 100x100 [bgcolor=#008000]
