layer at (0,0) size 800x600
  LayoutView at (0,0) size 800x600
layer at (0,0) size 800x600
  LayoutBlockFlow {HTML} at (0,0) size 800x600
    LayoutBlockFlow {BODY} at (8,8) size 784x584
      LayoutBlockFlow {P} at (0,0) size 784x72
        LayoutText {#text} at (0,0) size 783x72
          text run at (0,0) width 456: "You should see a black box below that is the width of the content area. "
          text run at (455,0) width 264: "It contains alternating struts and springs. "
          text run at (718,0) width 65: "The struts"
          text run at (0,18) width 260: "are bordered in green and are inflexible. "
          text run at (259,18) width 523: "The springs are bordered in purple and should grow and shrink as you resize your"
          text run at (0,36) width 115: "browser window. "
          text run at (114,36) width 643: "The black box should get taller when you make your window wider and get shorter when you shrink"
          text run at (0,54) width 144: "your browser window."
      LayoutDeprecatedFlexibleBox {DIV} at (0,88) size 784x70 [border: (2px solid #000000)]
        LayoutDeprecatedFlexibleBox {DIV} at (6,6) size 40.45x58 [border: (2px solid #008000)]
          LayoutBlockFlow (anonymous) at (2,2) size 36.45x54
            LayoutText {#text} at (0,0) size 37x18
              text run at (0,0) width 37: "Fixed"
        LayoutDeprecatedFlexibleBox {DIV} at (50.45,6) size 195.41x58 [border: (2px solid #800080)]
          LayoutBlockFlow (anonymous) at (2,2) size 191.41x54
            LayoutText {#text} at (0,0) size 190x54
              text run at (0,0) width 190: "This is a flexible block, and it"
              text run at (0,18) width 141: "will shrink or grow as"
              text run at (0,36) width 50: "needed."
        LayoutDeprecatedFlexibleBox {DIV} at (249.86,6) size 40.45x58 [border: (2px solid #008000)]
          LayoutBlockFlow (anonymous) at (2,2) size 36.45x54
            LayoutText {#text} at (0,0) size 37x18
              text run at (0,0) width 37: "Fixed"
        LayoutDeprecatedFlexibleBox {DIV} at (294.31,6) size 195.39x58 [border: (2px solid #800080)]
          LayoutBlockFlow (anonymous) at (2,2) size 191.39x54
            LayoutText {#text} at (0,0) size 190x54
              text run at (0,0) width 190: "This is a flexible block, and it"
              text run at (0,18) width 141: "will shrink or grow as"
              text run at (0,36) width 50: "needed."
        LayoutDeprecatedFlexibleBox {DIV} at (493.70,6) size 40.45x58 [border: (2px solid #008000)]
          LayoutBlockFlow (anonymous) at (2,2) size 36.45x54
            LayoutText {#text} at (0,0) size 37x18
              text run at (0,0) width 37: "Fixed"
        LayoutDeprecatedFlexibleBox {DIV} at (538.16,6) size 195.39x58 [border: (2px solid #800080)]
          LayoutBlockFlow (anonymous) at (2,2) size 191.39x54
            LayoutText {#text} at (0,0) size 190x54
              text run at (0,0) width 190: "This is a flexible block, and it"
              text run at (0,18) width 141: "will shrink or grow as"
              text run at (0,36) width 50: "needed."
        LayoutDeprecatedFlexibleBox {DIV} at (737.55,6) size 40.45x58 [border: (2px solid #008000)]
          LayoutBlockFlow (anonymous) at (2,2) size 36.45x54
            LayoutText {#text} at (0,0) size 37x18
              text run at (0,0) width 37: "Fixed"
