layer at (0,0) size 800x600
  LayoutView at (0,0) size 800x600
layer at (0,0) size 800x600
  LayoutBlockFlow {HTML} at (0,0) size 800x600
    LayoutBlockFlow {BODY} at (8,8) size 784x584
      LayoutBlockFlow {P} at (0,0) size 784x36
        LayoutText {#text} at (0,0) size 777x36
          text run at (0,0) width 318: "You should see identical rows of numbers below. "
          text run at (317,0) width 460: "Every row should look exactly the same. If any objects are out of order,"
          text run at (0,18) width 148: "then the test has failed."
      LayoutDeprecatedFlexibleBox {DIV} at (0,52) size 784x190
        LayoutDeprecatedFlexibleBox {DIV} at (0,0) size 784x38
          LayoutBlockFlow {DIV} at (4,4) size 20x30 [border: (2px solid #000000)]
            LayoutText {#text} at (6,6) size 8x18
              text run at (6,6) width 8: "1"
          LayoutBlockFlow {DIV} at (32,4) size 20x30 [border: (2px solid #000000)]
            LayoutText {#text} at (6,6) size 8x18
              text run at (6,6) width 8: "2"
          LayoutBlockFlow {DIV} at (60,4) size 20x30 [border: (2px solid #000000)]
            LayoutText {#text} at (6,6) size 8x18
              text run at (6,6) width 8: "3"
          LayoutBlockFlow {DIV} at (88,4) size 20x30 [border: (2px solid #000000)]
            LayoutText {#text} at (6,6) size 8x18
              text run at (6,6) width 8: "4"
          LayoutBlockFlow {DIV} at (116,4) size 20x30 [border: (2px solid #000000)]
            LayoutText {#text} at (6,6) size 8x18
              text run at (6,6) width 8: "5"
        LayoutDeprecatedFlexibleBox {DIV} at (0,38) size 784x38
          LayoutBlockFlow {DIV} at (116,4) size 20x30 [border: (2px solid #000000)]
            LayoutText {#text} at (6,6) size 8x18
              text run at (6,6) width 8: "5"
          LayoutBlockFlow {DIV} at (88,4) size 20x30 [border: (2px solid #000000)]
            LayoutText {#text} at (6,6) size 8x18
              text run at (6,6) width 8: "4"
          LayoutBlockFlow {DIV} at (60,4) size 20x30 [border: (2px solid #000000)]
            LayoutText {#text} at (6,6) size 8x18
              text run at (6,6) width 8: "3"
          LayoutBlockFlow {DIV} at (32,4) size 20x30 [border: (2px solid #000000)]
            LayoutText {#text} at (6,6) size 8x18
              text run at (6,6) width 8: "2"
          LayoutBlockFlow {DIV} at (4,4) size 20x30 [border: (2px solid #000000)]
            LayoutText {#text} at (6,6) size 8x18
              text run at (6,6) width 8: "1"
        LayoutDeprecatedFlexibleBox {DIV} at (0,76) size 784x38
          LayoutBlockFlow {DIV} at (4,4) size 20x30 [border: (2px solid #000000)]
            LayoutText {#text} at (6,6) size 8x18
              text run at (6,6) width 8: "1"
          LayoutBlockFlow {DIV} at (32,4) size 20x30 [border: (2px solid #000000)]
            LayoutText {#text} at (6,6) size 8x18
              text run at (6,6) width 8: "2"
          LayoutBlockFlow {DIV} at (60,4) size 20x30 [border: (2px solid #000000)]
            LayoutText {#text} at (6,6) size 8x18
              text run at (6,6) width 8: "3"
          LayoutBlockFlow {DIV} at (88,4) size 20x30 [border: (2px solid #000000)]
            LayoutText {#text} at (6,6) size 8x18
              text run at (6,6) width 8: "4"
          LayoutBlockFlow {DIV} at (116,4) size 20x30 [border: (2px solid #000000)]
            LayoutText {#text} at (6,6) size 8x18
              text run at (6,6) width 8: "5"
        LayoutDeprecatedFlexibleBox {DIV} at (0,114) size 784x38
          LayoutBlockFlow {DIV} at (60,4) size 20x30 [border: (2px solid #000000)]
            LayoutText {#text} at (6,6) size 8x18
              text run at (6,6) width 8: "3"
          LayoutBlockFlow {DIV} at (4,4) size 20x30 [border: (2px solid #000000)]
            LayoutText {#text} at (6,6) size 8x18
              text run at (6,6) width 8: "1"
          LayoutBlockFlow {DIV} at (88,4) size 20x30 [border: (2px solid #000000)]
            LayoutText {#text} at (6,6) size 8x18
              text run at (6,6) width 8: "4"
          LayoutBlockFlow {DIV} at (32,4) size 20x30 [border: (2px solid #000000)]
            LayoutText {#text} at (6,6) size 8x18
              text run at (6,6) width 8: "2"
          LayoutBlockFlow {DIV} at (116,4) size 20x30 [border: (2px solid #000000)]
            LayoutText {#text} at (6,6) size 8x18
              text run at (6,6) width 8: "5"
        LayoutDeprecatedFlexibleBox {DIV} at (0,152) size 784x38
          LayoutBlockFlow {DIV} at (60,4) size 20x30 [border: (2px solid #000000)]
            LayoutText {#text} at (6,6) size 8x18
              text run at (6,6) width 8: "3"
          LayoutBlockFlow {DIV} at (4,4) size 20x30 [border: (2px solid #000000)]
            LayoutText {#text} at (6,6) size 8x18
              text run at (6,6) width 8: "1"
          LayoutBlockFlow {DIV} at (88,4) size 20x30 [border: (2px solid #000000)]
            LayoutText {#text} at (6,6) size 8x18
              text run at (6,6) width 8: "4"
          LayoutBlockFlow {DIV} at (32,4) size 20x30 [border: (2px solid #000000)]
            LayoutText {#text} at (6,6) size 8x18
              text run at (6,6) width 8: "2"
          LayoutBlockFlow {DIV} at (116,4) size 20x30 [border: (2px solid #000000)]
            LayoutText {#text} at (6,6) size 8x18
              text run at (6,6) width 8: "5"
