layer at (0,0) size 800x600
  LayoutView at (0,0) size 800x600
layer at (0,0) size 800x600
  LayoutBlockFlow {HTML} at (0,0) size 800x600
    LayoutBlockFlow {BODY} at (8,8) size 784x584
      LayoutBlockFlow {P} at (0,0) size 784x36
        LayoutText {#text} at (0,0) size 780x36
          text run at (0,0) width 527: "You should see a 350x350 pixel (7 by 7) black/white checkerboard pattern below. "
          text run at (526,0) width 254: "This test is checking to see if box-pack:"
          text run at (0,18) width 127: "justify is supported."
      LayoutDeprecatedFlexibleBox {DIV} at (0,52) size 358x358 [border: (4px solid #800000)]
        LayoutDeprecatedFlexibleBox {DIV} at (4,4) size 50x350
          LayoutDeprecatedFlexibleBox {DIV} at (0,0) size 50x50 [bgcolor=#000000]
          LayoutDeprecatedFlexibleBox {DIV} at (0,100) size 50x50 [bgcolor=#000000]
          LayoutDeprecatedFlexibleBox {DIV} at (0,200) size 50x50 [bgcolor=#000000]
          LayoutDeprecatedFlexibleBox {DIV} at (0,300) size 50x50 [bgcolor=#000000]
        LayoutDeprecatedFlexibleBox {DIV} at (54,4) size 50x350 [bgcolor=#000000]
          LayoutDeprecatedFlexibleBox {DIV} at (0,0) size 50x50 [bgcolor=#FFFFFF]
          LayoutDeprecatedFlexibleBox {DIV} at (0,100) size 50x50 [bgcolor=#FFFFFF]
          LayoutDeprecatedFlexibleBox {DIV} at (0,200) size 50x50 [bgcolor=#FFFFFF]
          LayoutDeprecatedFlexibleBox {DIV} at (0,300) size 50x50 [bgcolor=#FFFFFF]
        LayoutDeprecatedFlexibleBox {DIV} at (104,4) size 50x350
          LayoutDeprecatedFlexibleBox {DIV} at (0,0) size 50x50 [bgcolor=#000000]
          LayoutDeprecatedFlexibleBox {DIV} at (0,100) size 50x50 [bgcolor=#000000]
          LayoutDeprecatedFlexibleBox {DIV} at (0,200) size 50x50 [bgcolor=#000000]
          LayoutDeprecatedFlexibleBox {DIV} at (0,300) size 50x50 [bgcolor=#000000]
        LayoutDeprecatedFlexibleBox {DIV} at (154,4) size 50x350 [bgcolor=#000000]
          LayoutDeprecatedFlexibleBox {DIV} at (0,0) size 50x50 [bgcolor=#FFFFFF]
          LayoutDeprecatedFlexibleBox {DIV} at (0,100) size 50x50 [bgcolor=#FFFFFF]
          LayoutDeprecatedFlexibleBox {DIV} at (0,200) size 50x50 [bgcolor=#FFFFFF]
          LayoutDeprecatedFlexibleBox {DIV} at (0,300) size 50x50 [bgcolor=#FFFFFF]
        LayoutDeprecatedFlexibleBox {DIV} at (204,4) size 50x350
          LayoutDeprecatedFlexibleBox {DIV} at (0,0) size 50x50 [bgcolor=#000000]
          LayoutDeprecatedFlexibleBox {DIV} at (0,100) size 50x50 [bgcolor=#000000]
          LayoutDeprecatedFlexibleBox {DIV} at (0,200) size 50x50 [bgcolor=#000000]
          LayoutDeprecatedFlexibleBox {DIV} at (0,300) size 50x50 [bgcolor=#000000]
        LayoutDeprecatedFlexibleBox {DIV} at (254,4) size 50x350 [bgcolor=#000000]
          LayoutDeprecatedFlexibleBox {DIV} at (0,0) size 50x50 [bgcolor=#FFFFFF]
          LayoutDeprecatedFlexibleBox {DIV} at (0,100) size 50x50 [bgcolor=#FFFFFF]
          LayoutDeprecatedFlexibleBox {DIV} at (0,200) size 50x50 [bgcolor=#FFFFFF]
          LayoutDeprecatedFlexibleBox {DIV} at (0,300) size 50x50 [bgcolor=#FFFFFF]
        LayoutDeprecatedFlexibleBox {DIV} at (304,4) size 50x350
          LayoutDeprecatedFlexibleBox {DIV} at (0,0) size 50x50 [bgcolor=#000000]
          LayoutDeprecatedFlexibleBox {DIV} at (0,100) size 50x50 [bgcolor=#000000]
          LayoutDeprecatedFlexibleBox {DIV} at (0,200) size 50x50 [bgcolor=#000000]
          LayoutDeprecatedFlexibleBox {DIV} at (0,300) size 50x50 [bgcolor=#000000]
