layer at (0,0) size 800x600
  LayoutView at (0,0) size 800x600
layer at (0,0) size 800x600
  LayoutBlockFlow {HTML} at (0,0) size 800x600
    LayoutBlockFlow {BODY} at (8,8) size 784x584
      LayoutBlockFlow {P} at (0,0) size 784x54
        LayoutText {#text} at (0,0) size 783x54
          text run at (0,0) width 783: "You should see a single 100x100 green square below. If your browser supports the display of ALT text, you should see the"
          text run at (0,18) width 249: "word \"Image\" inside the green square. "
          text run at (248,18) width 275: "If you see any red, then the test has failed. "
          text run at (522,18) width 218: "This test is checking to make sure"
          text run at (0,36) width 327: "replaced elements inside boxes get stretched when "
        LayoutInline {CODE} at (0,0) size 141x15
          LayoutText {#text} at (326,38) size 141x15
            text run at (326,38) width 141: "box-align: stretch"
        LayoutText {#text} at (466,36) size 81x18
          text run at (466,36) width 81: " is specified."
      LayoutDeprecatedFlexibleBox {DIV} at (0,70) size 100x100 [bgcolor=#FF0000]
        LayoutBlockFlow {IMG} at (0,0) size 100x100 [bgcolor=#008000]
layer at (8,78) size 100x100 clip at (9,79) size 98x98
  LayoutBlockFlow {DIV} at (0,0) size 100x100 [border: (1px solid #C0C0C0)]
layer at (10,80) size 96x18
  LayoutBlockFlow {DIV} at (2,2) size 96x18
    LayoutText {#text} at (0,0) size 40x18
      text run at (0,0) width 40: "Image"
