layer at (0,0) size 800x600
  LayoutView at (0,0) size 800x600
layer at (0,0) size 800x600
  LayoutBlockFlow {HTML} at (0,0) size 800x600
    LayoutBlockFlow {BODY} at (8,8) size 784x584
      LayoutDeprecatedFlexibleBox {DIV} at (0,0) size 300x100 [bgcolor=#0000FF]
        LayoutBlockFlow {DIV} at (0,0) size 400x100 [bgcolor=#FF0000]
          LayoutText {#text} at (0,0) size 65x18
            text run at (0,0) width 65: "Some text"
        LayoutBlockFlow {DIV} at (400,0) size 0x100 [bgcolor=#008000]
          LayoutText {#text} at (0,0) size 37x54
            text run at (0,0) width 37: "Some"
            text run at (0,18) width 33: "more"
            text run at (0,36) width 24: "text"
