layer at (0,0) size 800x600 scrollWidth 971
  LayoutView at (0,0) size 800x600
layer at (0,0) size 800x600
  LayoutBlockFlow {HTML} at (0,0) size 800x600
    LayoutBlockFlow {BODY} at (8,8) size 784x584
      LayoutTable {TABLE} at (0,0) size 962x96
        LayoutTableSection {TBODY} at (0,0) size 962x96
          LayoutTableRow {TR} at (0,2) size 962x20
            LayoutTableCell {TH} at (2,11) size 86x2 [r=0 c=0 rs=1 cs=1]
            LayoutTableCell {TH} at (90,11) size 216x2 [r=0 c=1 rs=1 cs=1]
            LayoutTableCell {TH} at (308,2) size 216x20 [r=0 c=2 rs=1 cs=1]
              LayoutText {#text} at (61,1) size 94x18
                text run at (61,1) width 94: "text-align:left"
            LayoutTableCell {TH} at (526,2) size 216x20 [r=0 c=3 rs=1 cs=1]
              LayoutText {#text} at (51,1) size 114x18
                text run at (51,1) width 114: "text-align:center"
            LayoutTableCell {TH} at (744,2) size 216x20 [r=0 c=4 rs=1 cs=1]
              LayoutText {#text} at (56,1) size 104x18
                text run at (56,1) width 104: "text-align:right"
          LayoutTableRow {TR} at (0,24) size 962x22
            LayoutTableCell {TH} at (2,34) size 86x2 [r=1 c=0 rs=1 cs=1]
            LayoutTableCell {TD} at (90,24) size 216x22 [border: (1px solid #000000)] [r=1 c=1 rs=1 cs=1]
              LayoutFileUploadControl {INPUT} at (2,2) size 212x18 "No file chosen"
                LayoutButton {INPUT} at (0,0) size 75.22x18 [bgcolor=#C0C0C0]
                  LayoutBlockFlow (anonymous) at (8,2) size 59.22x13
                    LayoutText {#text} at (0,0) size 60x13
                      text run at (0,0) width 60: "Choose File"
            LayoutTableCell {TD} at (308,24) size 216x22 [border: (1px solid #000000)] [r=1 c=2 rs=1 cs=1]
              LayoutFileUploadControl {INPUT} at (2,2) size 212x18 "No file chosen"
                LayoutButton {INPUT} at (0,0) size 75.22x18 [bgcolor=#C0C0C0]
                  LayoutBlockFlow (anonymous) at (8,2) size 59.22x13
                    LayoutText {#text} at (0,0) size 60x13
                      text run at (0,0) width 60: "Choose File"
            LayoutTableCell {TD} at (526,24) size 216x22 [border: (1px solid #000000)] [r=1 c=3 rs=1 cs=1]
              LayoutFileUploadControl {INPUT} at (2,2) size 212x18 "No file chosen"
                LayoutButton {INPUT} at (0,0) size 75.22x18 [bgcolor=#C0C0C0]
                  LayoutBlockFlow (anonymous) at (8,2) size 59.22x13
                    LayoutText {#text} at (0,0) size 60x13
                      text run at (0,0) width 60: "Choose File"
            LayoutTableCell {TD} at (744,24) size 216x22 [border: (1px solid #000000)] [r=1 c=4 rs=1 cs=1]
              LayoutFileUploadControl {INPUT} at (2,2) size 212x18 "No file chosen"
                LayoutButton {INPUT} at (0,0) size 75.22x18 [bgcolor=#C0C0C0]
                  LayoutBlockFlow (anonymous) at (8,2) size 59.22x13
                    LayoutText {#text} at (0,0) size 60x13
                      text run at (0,0) width 60: "Choose File"
          LayoutTableRow {TR} at (0,48) size 962x22
            LayoutTableCell {TH} at (2,49) size 86x20 [r=2 c=0 rs=1 cs=1]
              LayoutText {#text} at (1,1) size 84x18
                text run at (1,1) width 84: "direction:ltr"
            LayoutTableCell {TD} at (90,48) size 216x22 [border: (1px solid #000000)] [r=2 c=1 rs=1 cs=1]
              LayoutFileUploadControl {INPUT} at (2,2) size 212x18 "No file chosen"
                LayoutButton {INPUT} at (0,0) size 75.22x18 [bgcolor=#C0C0C0]
                  LayoutBlockFlow (anonymous) at (8,2) size 59.22x13
                    LayoutText {#text} at (0,0) size 60x13
                      text run at (0,0) width 60: "Choose File"
            LayoutTableCell {TD} at (308,48) size 216x22 [border: (1px solid #000000)] [r=2 c=2 rs=1 cs=1]
              LayoutFileUploadControl {INPUT} at (2,2) size 212x18 "No file chosen"
                LayoutButton {INPUT} at (0,0) size 75.22x18 [bgcolor=#C0C0C0]
                  LayoutBlockFlow (anonymous) at (8,2) size 59.22x13
                    LayoutText {#text} at (0,0) size 60x13
                      text run at (0,0) width 60: "Choose File"
            LayoutTableCell {TD} at (526,48) size 216x22 [border: (1px solid #000000)] [r=2 c=3 rs=1 cs=1]
              LayoutFileUploadControl {INPUT} at (2,2) size 212x18 "No file chosen"
                LayoutButton {INPUT} at (0,0) size 75.22x18 [bgcolor=#C0C0C0]
                  LayoutBlockFlow (anonymous) at (8,2) size 59.22x13
                    LayoutText {#text} at (0,0) size 60x13
                      text run at (0,0) width 60: "Choose File"
            LayoutTableCell {TD} at (744,48) size 216x22 [border: (1px solid #000000)] [r=2 c=4 rs=1 cs=1]
              LayoutFileUploadControl {INPUT} at (2,2) size 212x18 "No file chosen"
                LayoutButton {INPUT} at (0,0) size 75.22x18 [bgcolor=#C0C0C0]
                  LayoutBlockFlow (anonymous) at (8,2) size 59.22x13
                    LayoutText {#text} at (0,0) size 60x13
                      text run at (0,0) width 60: "Choose File"
          LayoutTableRow {TR} at (0,72) size 962x22
            LayoutTableCell {TH} at (2,73) size 86x20 [r=3 c=0 rs=1 cs=1]
              LayoutText {#text} at (1,1) size 84x18
                text run at (1,1) width 84: "direction:rtl"
            LayoutTableCell {TD} at (90,72) size 216x22 [border: (1px solid #000000)] [r=3 c=1 rs=1 cs=1]
              LayoutFileUploadControl {INPUT} at (2,2) size 212x18 "No file chosen"
                LayoutButton {INPUT} at (136.78,0) size 75.22x18 [bgcolor=#C0C0C0]
                  LayoutBlockFlow (anonymous) at (8,2) size 59.22x13
                    LayoutText {#text} at (0,0) size 60x13
                      text run at (0,0) width 60: "Choose File"
            LayoutTableCell {TD} at (308,72) size 216x22 [border: (1px solid #000000)] [r=3 c=2 rs=1 cs=1]
              LayoutFileUploadControl {INPUT} at (2,2) size 212x18 "No file chosen"
                LayoutButton {INPUT} at (136.78,0) size 75.22x18 [bgcolor=#C0C0C0]
                  LayoutBlockFlow (anonymous) at (8,2) size 59.22x13
                    LayoutText {#text} at (0,0) size 60x13
                      text run at (0,0) width 60: "Choose File"
            LayoutTableCell {TD} at (526,72) size 216x22 [border: (1px solid #000000)] [r=3 c=3 rs=1 cs=1]
              LayoutFileUploadControl {INPUT} at (2,2) size 212x18 "No file chosen"
                LayoutButton {INPUT} at (136.78,0) size 75.22x18 [bgcolor=#C0C0C0]
                  LayoutBlockFlow (anonymous) at (8,2) size 59.22x13
                    LayoutText {#text} at (0,0) size 60x13
                      text run at (0,0) width 60: "Choose File"
            LayoutTableCell {TD} at (744,72) size 216x22 [border: (1px solid #000000)] [r=3 c=4 rs=1 cs=1]
              LayoutFileUploadControl {INPUT} at (2,2) size 212x18 "No file chosen"
                LayoutButton {INPUT} at (136.78,0) size 75.22x18 [bgcolor=#C0C0C0]
                  LayoutBlockFlow (anonymous) at (8,2) size 59.22x13
                    LayoutText {#text} at (0,0) size 60x13
                      text run at (0,0) width 60: "Choose File"
