layer at (0,0) size 800x600
  LayoutView at (0,0) size 800x600
layer at (0,0) size 800x267
  LayoutBlockFlow {HTML} at (0,0) size 800x267 [color=#000080]
    LayoutBlockFlow {BODY} at (8,16) size 784x235
      LayoutBlockFlow {DIV} at (0,0) size 100x200
        LayoutBlockFlow {P} at (0,0) size 100x200
      LayoutBlockFlow {P} at (0,216) size 784x19
        LayoutText {#text} at (0,0) size 431x18
          text run at (0,0) width 431: "There should be a complete unbroken yin-yang symbol (\x{262F}) above."
layer at (8,16) size 200x200
  LayoutEmbeddedObject {OBJECT} at (0,0) size 200x200
    layer at (0,0) size 100x200
      LayoutView at (0,0) size 100x200
    layer at (0,0) size 100x200
      LayoutSVGRoot {svg} at (0,0) size 100x200
