layer at (0,0) size 800x600 clip at (0,0) size 785x600 scrollHeight 630
  LayoutView at (0,0) size 800x600
layer at (0,0) size 785x630 backgroundClip at (0,0) size 785x600 clip at (0,0) size 785x600
  LayoutBlockFlow {html} at (0,0) size 785x630.19
    LayoutBlockFlow {body} at (8,8) size 769x599.16
      LayoutBlockFlow (anonymous) at (0,0) size 769x54
        LayoutText {#text} at (0,0) size 756x53
          text run at (0,0) width 357: "The two blocks should look identical. "
          text run at (357,0) width 399: "One uses an SVG, and the other just uses a"
          text run at (0,27) width 174: "normal HTML div."
      LayoutBlockFlow {p} at (0,77.03) size 769x27
        LayoutText {#text} at (0,0) size 524x26
          text run at (0,0) width 524: "There should be a red, white and blue pattern below this"
      LayoutSVGRoot (floating) {svg} at (10,137.06) size 140x140
        LayoutSVGRect {rect} at (0,0) size 100x100 [fill={[type=SOLID] [color=#0000FF]}] [x=0.00] [y=0.00] [width=100.00] [height=100.00]
      LayoutBlockFlow {p} at (0,287.06) size 769x27
        LayoutText {#text} at (0,0) size 523x26
          text run at (0,0) width 523: "There should be a red, white and blue pattern above this"
      LayoutBlockFlow {p} at (0,362.13) size 769x27
        LayoutText {#text} at (0,0) size 524x26
          text run at (0,0) width 524: "There should be a red, white and blue pattern below this"
      LayoutBlockFlow (floating) {div} at (10,422.16) size 140x140 [border: (10px solid #FF0000)]
        LayoutBlockFlow {div} at (20,20) size 100x100 [bgcolor=#0000FF]
      LayoutBlockFlow {p} at (0,572.16) size 769x27
        LayoutText {#text} at (0,0) size 523x26
          text run at (0,0) width 523: "There should be a red, white and blue pattern above this"
layer at (8,345) size 769x2 clip at (0,0) size 0x0
  LayoutBlockFlow {hr} at (0,337.09) size 769x2 [border: (1px inset #EEEEEE)]
