layer at (0,0) size 800x600
  LayoutView at (0,0) size 800x600
layer at (0,0) size 800x196
  LayoutNGBlockFlow {HTML} at (0,0) size 800x196
    LayoutNGBlockFlow {BODY} at (8,8) size 784x180
layer at (8,8) size 100x20 scrollX 33.00 scrollWidth 133
  LayoutNGBlockFlow {DIV} at (0,0) size 100x20
    LayoutText {#text} at (19,0) size 97x19
      text run at (19,0) width 81: "Composition"
      text run at (3,0) width 16: "\x{2026}"
layer at (8,28) size 100x20 scrollX 42.00 scrollWidth 142
  LayoutNGBlockFlow {DIV} at (0,20) size 100x20
    LayoutText {#text} at (19,0) size 97x19
      text run at (19,0) width 81: "Composition"
      text run at (3,0) width 16: "\x{2026}"
layer at (8,48) size 100x20 scrollX 39.00 scrollWidth 139
  LayoutNGBlockFlow {DIV} at (0,40) size 100x20
    LayoutText {#text} at (19,0) size 97x19
      text run at (19,0) width 81: "Composition"
      text run at (3,0) width 16: "\x{2026}"
layer at (8,68) size 100x20 scrollX 4.00 scrollWidth 104
  LayoutNGBlockFlow {DIV} at (0,60) size 100x20
    LayoutText {#text} at (20,0) size 96x19
      text run at (20,0) width 80: "kAllSpelling"
      text run at (4,0) width 16: "\x{2026}"
layer at (8,88) size 100x20 scrollX 13.00 scrollWidth 113
  LayoutNGBlockFlow {DIV} at (0,80) size 100x20
    LayoutText {#text} at (19,0) size 97x19
      text run at (19,0) width 81: "StartSpelling"
      text run at (3,0) width 16: "\x{2026}"
layer at (8,108) size 100x20 scrollX 10.00 scrollWidth 110
  LayoutNGBlockFlow {DIV} at (0,100) size 100x20
    LayoutText {#text} at (22,0) size 94x19
      text run at (22,0) width 78: "EndSpelling"
      text run at (6,0) width 16: "\x{2026}"
layer at (8,128) size 100x20 scrollX 20.00 scrollWidth 120
  LayoutNGBlockFlow {DIV} at (0,120) size 100x20
    LayoutText {#text} at (24,0) size 92x19
      text run at (24,0) width 76: "llTextMatch"
      text run at (8,0) width 16: "\x{2026}"
layer at (8,148) size 100x20 scrollX 29.00 scrollWidth 129
  LayoutNGBlockFlow {DIV} at (0,140) size 100x20
    LayoutText {#text} at (23,0) size 93x19
      text run at (23,0) width 77: "rtTextMatch"
      text run at (7,0) width 16: "\x{2026}"
layer at (8,168) size 100x20 scrollX 26.00 scrollWidth 126
  LayoutNGBlockFlow {DIV} at (0,160) size 100x20
    LayoutText {#text} at (24,0) size 92x19
      text run at (24,0) width 76: "dTextMatch"
      text run at (8,0) width 16: "\x{2026}"
