layer at (0,0) size 800x600
  LayoutView at (0,0) size 800x600
layer at (0,0) size 800x196
  LayoutNGBlockFlow {HTML} at (0,0) size 800x196
    LayoutNGBlockFlow {BODY} at (8,8) size 784x180
layer at (8,8) size 100x20 scrollX 101.00 scrollWidth 201
  LayoutNGBlockFlow {DIV} at (0,0) size 100x20
    LayoutText {#text} at (21,0) size 95x19
      text run at (21,0) width 79: "\x{5D0}\x{5D1}\x{5D2}\x{5D3}\x{5D4}\x{5D5}\x{5D6}\x{5D7}\x{5D8}\x{5D9}\x{5DB}"
      text run at (5,0) width 16: "\x{2026}"
layer at (8,28) size 100x20 scrollX 101.00 scrollWidth 201
  LayoutNGBlockFlow {DIV} at (0,20) size 100x20
    LayoutText {#text} at (21,0) size 95x19
      text run at (21,0) width 79: "\x{5D0}\x{5D1}\x{5D2}\x{5D3}\x{5D4}\x{5D5}\x{5D6}\x{5D7}\x{5D8}\x{5D9}\x{5DB}"
      text run at (5,0) width 16: "\x{2026}"
layer at (8,48) size 100x20 scrollX 101.00 scrollWidth 201
  LayoutNGBlockFlow {DIV} at (0,40) size 100x20
    LayoutText {#text} at (21,0) size 95x19
      text run at (21,0) width 79: "\x{5D0}\x{5D1}\x{5D2}\x{5D3}\x{5D4}\x{5D5}\x{5D6}\x{5D7}\x{5D8}\x{5D9}\x{5DB}"
      text run at (5,0) width 16: "\x{2026}"
layer at (8,68) size 100x20 scrollX 101.00 scrollWidth 201
  LayoutNGBlockFlow {DIV} at (0,60) size 100x20
    LayoutText {#text} at (21,0) size 95x19
      text run at (21,0) width 79: "\x{5D0}\x{5D1}\x{5D2}\x{5D3}\x{5D4}\x{5D5}\x{5D6}\x{5D7}\x{5D8}\x{5D9}\x{5DB}"
      text run at (5,0) width 16: "\x{2026}"
layer at (8,88) size 100x20 scrollX 101.00 scrollWidth 201
  LayoutNGBlockFlow {DIV} at (0,80) size 100x20
    LayoutText {#text} at (21,0) size 95x19
      text run at (21,0) width 79: "\x{5D0}\x{5D1}\x{5D2}\x{5D3}\x{5D4}\x{5D5}\x{5D6}\x{5D7}\x{5D8}\x{5D9}\x{5DB}"
      text run at (5,0) width 16: "\x{2026}"
layer at (8,108) size 100x20 scrollX 101.00 scrollWidth 201
  LayoutNGBlockFlow {DIV} at (0,100) size 100x20
    LayoutText {#text} at (21,0) size 95x19
      text run at (21,0) width 79: "\x{5D0}\x{5D1}\x{5D2}\x{5D3}\x{5D4}\x{5D5}\x{5D6}\x{5D7}\x{5D8}\x{5D9}\x{5DB}"
      text run at (5,0) width 16: "\x{2026}"
layer at (8,128) size 100x20 scrollX 101.00 scrollWidth 201
  LayoutNGBlockFlow {DIV} at (0,120) size 100x20
    LayoutText {#text} at (21,0) size 95x19
      text run at (21,0) width 79: "\x{5D0}\x{5D1}\x{5D2}\x{5D3}\x{5D4}\x{5D5}\x{5D6}\x{5D7}\x{5D8}\x{5D9}\x{5DB}"
      text run at (5,0) width 16: "\x{2026}"
layer at (8,148) size 100x20 scrollX 101.00 scrollWidth 201
  LayoutNGBlockFlow {DIV} at (0,140) size 100x20
    LayoutText {#text} at (21,0) size 95x19
      text run at (21,0) width 79: "\x{5D0}\x{5D1}\x{5D2}\x{5D3}\x{5D4}\x{5D5}\x{5D6}\x{5D7}\x{5D8}\x{5D9}\x{5DB}"
      text run at (5,0) width 16: "\x{2026}"
layer at (8,168) size 100x20 scrollX 101.00 scrollWidth 201
  LayoutNGBlockFlow {DIV} at (0,160) size 100x20
    LayoutText {#text} at (21,0) size 95x19
      text run at (21,0) width 79: "\x{5D0}\x{5D1}\x{5D2}\x{5D3}\x{5D4}\x{5D5}\x{5D6}\x{5D7}\x{5D8}\x{5D9}\x{5DB}"
      text run at (5,0) width 16: "\x{2026}"
