layer at (0,0) size 800x600
  LayoutView at (0,0) size 800x600
layer at (0,0) size 800x196
  LayoutNGBlockFlow {HTML} at (0,0) size 800x196
    LayoutNGBlockFlow {BODY} at (8,8) size 784x180
layer at (8,8) size 100x20 scrollWidth 133
  LayoutNGBlockFlow {DIV} at (0,0) size 100x20
    LayoutText {#text} at (0,0) size 99x19
      text run at (0,0) width 83: "markAllCom"
      text run at (83,0) width 16: "\x{2026}"
layer at (8,28) size 100x20 scrollWidth 142
  LayoutNGBlockFlow {DIV} at (0,20) size 100x20
    LayoutText {#text} at (0,0) size 96x19
      text run at (0,0) width 80: "markStartCo"
      text run at (80,0) width 16: "\x{2026}"
layer at (8,48) size 100x20 scrollWidth 139
  LayoutNGBlockFlow {DIV} at (0,40) size 100x20
    LayoutText {#text} at (0,0) size 93x19
      text run at (0,0) width 77: "markEndCo"
      text run at (77,0) width 16: "\x{2026}"
layer at (8,68) size 100x20 scrollWidth 104
  LayoutNGBlockFlow {DIV} at (0,60) size 100x20
    LayoutText {#text} at (0,0) size 100x19
      text run at (0,0) width 84: "markAllSpell"
      text run at (84,0) width 16: "\x{2026}"
layer at (8,88) size 100x20 scrollWidth 113
  LayoutNGBlockFlow {DIV} at (0,80) size 100x20
    LayoutText {#text} at (0,0) size 94x19
      text run at (0,0) width 78: "markStartSp"
      text run at (78,0) width 16: "\x{2026}"
layer at (8,108) size 100x20 scrollWidth 110
  LayoutNGBlockFlow {DIV} at (0,100) size 100x20
    LayoutText {#text} at (0,0) size 98x19
      text run at (0,0) width 82: "markEndSpe"
      text run at (82,0) width 16: "\x{2026}"
layer at (8,128) size 100x20 scrollWidth 120
  LayoutNGBlockFlow {DIV} at (0,120) size 100x20
    LayoutText {#text} at (0,0) size 96x19
      text run at (0,0) width 80: "markAllText"
      text run at (80,0) width 16: "\x{2026}"
layer at (8,148) size 100x20 scrollWidth 129
  LayoutNGBlockFlow {DIV} at (0,140) size 100x20
    LayoutText {#text} at (0,0) size 93x19
      text run at (0,0) width 77: "markStartTe"
      text run at (77,0) width 16: "\x{2026}"
layer at (8,168) size 100x20 scrollWidth 126
  LayoutNGBlockFlow {DIV} at (0,160) size 100x20
    LayoutText {#text} at (0,0) size 98x19
      text run at (0,0) width 82: "markEndTex"
      text run at (82,0) width 16: "\x{2026}"
