layer at (0,0) size 800x600
  LayoutView at (0,0) size 800x600
layer at (0,0) size 800x192
  LayoutNGBlockFlow {html} at (0,0) size 800x191.88
    LayoutNGBlockFlow {parsererror} at (16,16) size 768x139.88 [bgcolor=#FFDDDD] [border: (2px solid #CC7777)]
      LayoutNGBlockFlow {h3} at (18,20.72) size 732x23
        LayoutText {#text} at (0,0) size 324x22
          text run at (0,0) width 324: "This page contains the following errors:"
      LayoutNGBlockFlow {div} at (18,62.44) size 732x15
        LayoutText {#text} at (0,0) size 385x15
          text run at (0,0) width 385: "error on line 4 at column 13: Entity 'fnof' not defined"
          text run at (385,0) width 0: " "
      LayoutNGBlockFlow {h3} at (18,96.16) size 732x23
        LayoutText {#text} at (0,0) size 427x22
          text run at (0,0) width 427: "Below is a rendering of the page up to the first error."
    LayoutNGBlockFlow (anonymous) at (0,171.88) size 800x20
      LayoutInline {h1} at (0,0) size 0x0
        LayoutText {#text} at (0,0) size 0x0
      LayoutText {#text} at (0,0) size 0x0
      LayoutInline {p} at (0,0) size 486x19
        LayoutInline {font} at (0,0) size 486x19
          LayoutText {#text} at (0,0) size 486x19
            text run at (0,0) width 486: "This should be the only line on this page. You should see a parse error above."
      LayoutText {#text} at (0,0) size 0x0
