layer at (0,0) size 800x600
  LayoutView at (0,0) size 800x600
layer at (0,0) size 800x94
  LayoutBlockFlow {HTML} at (0,0) size 800x94
    LayoutBlockFlow (anonymous) at (0,0) size 800x0
      LayoutInline {<pseudo:before>} at (0,0) size 0x0
        LayoutTextFragment (anonymous) at (0,0) size 0x0
      LayoutText {#text} at (0,0) size 0x0
    LayoutBlockFlow {BODY} at (8,16) size 784x70
      LayoutBlockFlow {P} at (0,0) size 784x18
        LayoutText {#text} at (0,0) size 221x18
          text run at (0,0) width 221: "The following should be identical:"
      LayoutBlockFlow {DIV} at (0,34) size 784x18
        LayoutInline {SPAN} at (0,0) size 20x18
          LayoutInline {<pseudo:before>} at (0,0) size 20x18
            LayoutCounter (anonymous) at (0,0) size 20x18
              text run at (0,0) width 20: "4.8"
        LayoutText {#text} at (0,0) size 0x0
      LayoutBlockFlow {DIV} at (0,52) size 784x18
        LayoutText {#text} at (0,0) size 20x18
          text run at (0,0) width 20: "4.8"
