layer at (0,0) size 800x600 scrollWidth 1074
  LayoutView at (0,0) size 800x600
layer at (0,0) size 800x600
  LayoutBlockFlow {HTML} at (0,0) size 800x600
    LayoutBlockFlow {BODY} at (8,8) size 784x584
      LayoutTable {TABLE} at (0,0) size 1066x96
        LayoutTableSection {TBODY} at (0,0) size 1066x96
          LayoutTableRow {TR} at (0,2) size 1066x20
            LayoutTableCell {TH} at (2,11) size 86x2 [r=0 c=0 rs=1 cs=1]
            LayoutTableCell {TH} at (90,11) size 242x2 [r=0 c=1 rs=1 cs=1]
            LayoutTableCell {TH} at (334,2) size 242x20 [r=0 c=2 rs=1 cs=1]
              LayoutText {#text} at (74,1) size 94x18
                text run at (74,1) width 94: "text-align:left"
            LayoutTableCell {TH} at (578,2) size 242x20 [r=0 c=3 rs=1 cs=1]
              LayoutText {#text} at (64,1) size 114x18
                text run at (64,1) width 114: "text-align:center"
            LayoutTableCell {TH} at (822,2) size 242x20 [r=0 c=4 rs=1 cs=1]
              LayoutText {#text} at (69,1) size 104x18
                text run at (69,1) width 104: "text-align:right"
          LayoutTableRow {TR} at (0,24) size 1066x22
            LayoutTableCell {TH} at (2,34) size 86x2 [r=1 c=0 rs=1 cs=1]
            LayoutTableCell {TD} at (90,24) size 242x22 [border: (1px solid #000000)] [r=1 c=1 rs=1 cs=1]
              LayoutFileUploadControl {INPUT} at (2,2) size 238x18 "No file chosen"
                LayoutButton {INPUT} at (0,0) size 77.33x18 [bgcolor=#FFFFFF]
                  LayoutBlockFlow (anonymous) at (8,2) size 61.33x13
                    LayoutText {#text} at (0,0) size 62x13
                      text run at (0,0) width 62: "Choose File"
            LayoutTableCell {TD} at (334,24) size 242x22 [border: (1px solid #000000)] [r=1 c=2 rs=1 cs=1]
              LayoutFileUploadControl {INPUT} at (2,2) size 238x18 "No file chosen"
                LayoutButton {INPUT} at (0,0) size 77.33x18 [bgcolor=#FFFFFF]
                  LayoutBlockFlow (anonymous) at (8,2) size 61.33x13
                    LayoutText {#text} at (0,0) size 62x13
                      text run at (0,0) width 62: "Choose File"
            LayoutTableCell {TD} at (578,24) size 242x22 [border: (1px solid #000000)] [r=1 c=3 rs=1 cs=1]
              LayoutFileUploadControl {INPUT} at (2,2) size 238x18 "No file chosen"
                LayoutButton {INPUT} at (0,0) size 77.33x18 [bgcolor=#FFFFFF]
                  LayoutBlockFlow (anonymous) at (8,2) size 61.33x13
                    LayoutText {#text} at (0,0) size 62x13
                      text run at (0,0) width 62: "Choose File"
            LayoutTableCell {TD} at (822,24) size 242x22 [border: (1px solid #000000)] [r=1 c=4 rs=1 cs=1]
              LayoutFileUploadControl {INPUT} at (2,2) size 238x18 "No file chosen"
                LayoutButton {INPUT} at (0,0) size 77.33x18 [bgcolor=#FFFFFF]
                  LayoutBlockFlow (anonymous) at (8,2) size 61.33x13
                    LayoutText {#text} at (0,0) size 62x13
                      text run at (0,0) width 62: "Choose File"
          LayoutTableRow {TR} at (0,48) size 1066x22
            LayoutTableCell {TH} at (2,49) size 86x20 [r=2 c=0 rs=1 cs=1]
              LayoutText {#text} at (1,1) size 84x18
                text run at (1,1) width 84: "direction:ltr"
            LayoutTableCell {TD} at (90,48) size 242x22 [border: (1px solid #000000)] [r=2 c=1 rs=1 cs=1]
              LayoutFileUploadControl {INPUT} at (2,2) size 238x18 "No file chosen"
                LayoutButton {INPUT} at (0,0) size 77.33x18 [bgcolor=#FFFFFF]
                  LayoutBlockFlow (anonymous) at (8,2) size 61.33x13
                    LayoutText {#text} at (0,0) size 62x13
                      text run at (0,0) width 62: "Choose File"
            LayoutTableCell {TD} at (334,48) size 242x22 [border: (1px solid #000000)] [r=2 c=2 rs=1 cs=1]
              LayoutFileUploadControl {INPUT} at (2,2) size 238x18 "No file chosen"
                LayoutButton {INPUT} at (0,0) size 77.33x18 [bgcolor=#FFFFFF]
                  LayoutBlockFlow (anonymous) at (8,2) size 61.33x13
                    LayoutText {#text} at (0,0) size 62x13
                      text run at (0,0) width 62: "Choose File"
            LayoutTableCell {TD} at (578,48) size 242x22 [border: (1px solid #000000)] [r=2 c=3 rs=1 cs=1]
              LayoutFileUploadControl {INPUT} at (2,2) size 238x18 "No file chosen"
                LayoutButton {INPUT} at (0,0) size 77.33x18 [bgcolor=#FFFFFF]
                  LayoutBlockFlow (anonymous) at (8,2) size 61.33x13
                    LayoutText {#text} at (0,0) size 62x13
                      text run at (0,0) width 62: "Choose File"
            LayoutTableCell {TD} at (822,48) size 242x22 [border: (1px solid #000000)] [r=2 c=4 rs=1 cs=1]
              LayoutFileUploadControl {INPUT} at (2,2) size 238x18 "No file chosen"
                LayoutButton {INPUT} at (0,0) size 77.33x18 [bgcolor=#FFFFFF]
                  LayoutBlockFlow (anonymous) at (8,2) size 61.33x13
                    LayoutText {#text} at (0,0) size 62x13
                      text run at (0,0) width 62: "Choose File"
          LayoutTableRow {TR} at (0,72) size 1066x22
            LayoutTableCell {TH} at (2,73) size 86x20 [r=3 c=0 rs=1 cs=1]
              LayoutText {#text} at (1,1) size 84x18
                text run at (1,1) width 84: "direction:rtl"
            LayoutTableCell {TD} at (90,72) size 242x22 [border: (1px solid #000000)] [r=3 c=1 rs=1 cs=1]
              LayoutFileUploadControl {INPUT} at (2,2) size 238x18 "No file chosen"
                LayoutButton {INPUT} at (160.67,0) size 77.33x18 [bgcolor=#FFFFFF]
                  LayoutBlockFlow (anonymous) at (8,2) size 61.33x13
                    LayoutText {#text} at (0,0) size 62x13
                      text run at (0,0) width 62: "Choose File"
            LayoutTableCell {TD} at (334,72) size 242x22 [border: (1px solid #000000)] [r=3 c=2 rs=1 cs=1]
              LayoutFileUploadControl {INPUT} at (2,2) size 238x18 "No file chosen"
                LayoutButton {INPUT} at (160.67,0) size 77.33x18 [bgcolor=#FFFFFF]
                  LayoutBlockFlow (anonymous) at (8,2) size 61.33x13
                    LayoutText {#text} at (0,0) size 62x13
                      text run at (0,0) width 62: "Choose File"
            LayoutTableCell {TD} at (578,72) size 242x22 [border: (1px solid #000000)] [r=3 c=3 rs=1 cs=1]
              LayoutFileUploadControl {INPUT} at (2,2) size 238x18 "No file chosen"
                LayoutButton {INPUT} at (160.67,0) size 77.33x18 [bgcolor=#FFFFFF]
                  LayoutBlockFlow (anonymous) at (8,2) size 61.33x13
                    LayoutText {#text} at (0,0) size 62x13
                      text run at (0,0) width 62: "Choose File"
            LayoutTableCell {TD} at (822,72) size 242x22 [border: (1px solid #000000)] [r=3 c=4 rs=1 cs=1]
              LayoutFileUploadControl {INPUT} at (2,2) size 238x18 "No file chosen"
                LayoutButton {INPUT} at (160.67,0) size 77.33x18 [bgcolor=#FFFFFF]
                  LayoutBlockFlow (anonymous) at (8,2) size 61.33x13
                    LayoutText {#text} at (0,0) size 62x13
                      text run at (0,0) width 62: "Choose File"
