layer at (0,0) size 800x600
  LayoutView at (0,0) size 800x600
layer at (0,0) size 800x600
  LayoutBlockFlow {HTML} at (0,0) size 800x600
    LayoutBlockFlow {BODY} at (8,8) size 784x584
      LayoutBlockFlow {DIV} at (0,0) size 784x19
        LayoutTextControl {INPUT} at (0,0) size 123x19 [bgcolor=#FFFFFF] [border: (2px inset #EEEEEE)]
        LayoutText {#text} at (0,0) size 0x0
      LayoutBlockFlow (anonymous) at (0,19) size 784x18
        LayoutText {#text} at (0,0) size 4x18
          text run at (0,0) width 4: " "
      LayoutBlockFlow {DIV} at (0,37) size 784x0
layer at (11,11) size 117x13
  LayoutBlockFlow {DIV} at (3,3) size 117x13
caret: position 0 of child 0 {DIV} of {#document-fragment} of child 1 {INPUT} of child 1 {DIV} of body
