layer at (0,0) size 800x600
  LayoutView at (0,0) size 800x600
layer at (0,0) size 800x600
  LayoutBlockFlow {HTML} at (0,0) size 800x600
    LayoutBlockFlow {BODY} at (0,0) size 800x600
layer at (0,0) size 800x600
  LayoutBlockFlow (relative positioned) {DIV} at (0,0) size 800x600
    LayoutBlockFlow {DIV} at (0,0) size 800x220 [bgcolor=#6CAAD9]
      LayoutBlockFlow {H1} at (10,10) size 780x30
        LayoutText {#text} at (0,2) size 53x14
          text run at (0,2) width 53: "Content"
      LayoutBlockFlow {P} at (10,40) size 780x30
        LayoutText {#text} at (0,2) size 464x14
          text run at (0,2) width 464: "Please resize the browser window to see how your 100% CSS footer behaves."
      LayoutBlockFlow {P} at (10,70) size 780x102
        LayoutText {#text} at (0,2) size 770x86
          text run at (0,2) width 767: "Lorem ipsum dolor sit amet, consectetuer adipiscing elit. Cras porttitor. Ut nonummy vestibulum arcu. Nulla eros eros, mattis et,"
          text run at (0,20) width 770: "dictum quis, convallis vel, mauris. Ut sed mauris vel metus pretium pretium. Curabitur tristique sem id justo. Nunc sit amet felis."
          text run at (0,38) width 732: "Duis luctus pharetra urna. Sed enim arcu, cursus a, posuere sed, sollicitudin in, justo. Pellentesque enim lacus, egestas ut,"
          text run at (0,56) width 748: "elementum eu, molestie vel, urna. Integer quam. Phasellus tempor. Sed commodo porttitor justo. Vestibulum rhoncus lacinia"
          text run at (0,74) width 429: "pede. Aliquam lectus velit, auctor a, fermentum a, accumsan et, neque."
layer at (0,562) size 620x38
  LayoutBlockFlow (positioned) {DIV} at (0,562) size 620x38 [bgcolor=#0066B2]
    LayoutBlockFlow {H1} at (10,10) size 600x18 [color=#FFFFFF]
      LayoutText {#text} at (0,2) size 43x14
        text run at (0,2) width 43: "Footer"
