layer at (0,0) size 800x600
  LayoutView at (0,0) size 800x600
layer at (0,0) size 800x538
  LayoutBlockFlow {HTML} at (0,0) size 800x538
    LayoutBlockFlow {BODY} at (8,8) size 784x522
      LayoutText {#text} at (0,0) size 272x18
        text run at (0,0) width 272: "No glyphs should extend outside the rects."
      LayoutBR {BR} at (271,0) size 1x18
      LayoutSVGRoot {svg} at (0,18) size 700x500
        LayoutSVGHiddenContainer {defs} at (50,100) size 350x350
          LayoutSVGPath {path} at (50,100) size 350x0 [fill={[type=SOLID] [color=#000000]}] [data="M 50 100 L 400 100"]
          LayoutSVGPath {path} at (50,150) size 350x0 [fill={[type=SOLID] [color=#000000]}] [data="M 400 150 L 50 150"]
          LayoutSVGPath {path} at (50,250) size 350x100 [fill={[type=SOLID] [color=#000000]}] [data="M 50 250 L 400 350"]
          LayoutSVGPath {path} at (50,450) size 350x0 [fill={[type=SOLID] [color=#000000]}] [data="M 50 450 L 400 450"]
        LayoutSVGText {text} at (42.55,54) size 348.11x59 contains 1 chunk(s)
          LayoutSVGTextPath {textPath} at (42.55,54) size 348.11x59
            LayoutSVGInlineText {#text} at (42.55,54) size 348.11x59
              chunk 1 text run 1 at (56.95,100.00) startOffset 0 endOffset 1 width 13.89: "f"
              chunk 1 text run 2 at (70.84,100.00) startOffset 1 endOffset 2 width 13.89: "f"
              chunk 1 text run 3 at (84.73,100.00) startOffset 2 endOffset 3 width 13.89: "f"
              chunk 1 text run 4 at (98.62,100.00) startOffset 3 endOffset 4 width 13.89: "f"
              chunk 1 text run 5 at (112.51,100.00) startOffset 4 endOffset 5 width 13.89: "f"
              chunk 1 text run 6 at (126.40,100.00) startOffset 5 endOffset 6 width 13.89: "f"
              chunk 1 text run 7 at (140.30,100.00) startOffset 6 endOffset 7 width 13.89: "f"
              chunk 1 text run 8 at (154.19,100.00) startOffset 7 endOffset 8 width 13.89: "f"
              chunk 1 text run 9 at (168.08,100.00) startOffset 8 endOffset 9 width 13.89: "f"
              chunk 1 text run 10 at (181.97,100.00) startOffset 9 endOffset 10 width 13.89: "f"
              chunk 1 text run 11 at (195.86,100.00) startOffset 10 endOffset 11 width 13.89: "f"
              chunk 1 text run 12 at (209.75,100.00) startOffset 11 endOffset 12 width 13.89: "f"
              chunk 1 text run 13 at (223.65,100.00) startOffset 12 endOffset 13 width 13.89: "f"
              chunk 1 text run 14 at (237.54,100.00) startOffset 13 endOffset 14 width 13.89: "f"
              chunk 1 text run 15 at (251.43,100.00) startOffset 14 endOffset 15 width 13.89: "f"
              chunk 1 text run 16 at (265.32,100.00) startOffset 15 endOffset 16 width 13.89: "f"
              chunk 1 text run 17 at (279.21,100.00) startOffset 16 endOffset 17 width 13.89: "f"
              chunk 1 text run 18 at (293.10,100.00) startOffset 17 endOffset 18 width 13.89: "f"
              chunk 1 text run 19 at (306.99,100.00) startOffset 18 endOffset 19 width 13.89: "f"
              chunk 1 text run 20 at (320.89,100.00) startOffset 19 endOffset 20 width 13.89: "f"
              chunk 1 text run 21 at (334.78,100.00) startOffset 20 endOffset 21 width 13.89: "f"
              chunk 1 text run 22 at (348.67,100.00) startOffset 21 endOffset 22 width 13.89: "f"
              chunk 1 text run 23 at (362.56,100.00) startOffset 22 endOffset 23 width 13.89: "f"
              chunk 1 text run 24 at (376.45,100.00) startOffset 23 endOffset 24 width 13.89: "f"
          LayoutSVGInlineText {#text} at (0,0) size 0x0
        LayoutSVGText {text} at (59.31,137) size 348.13x59 contains 1 chunk(s)
          LayoutSVGTextPath {textPath} at (59.31,137) size 348.13x59
            LayoutSVGInlineText {#text} at (59.31,137) size 348.13x59
              chunk 1 text run 1 at (393.05,150.00) startOffset 0 endOffset 1 width 13.89: "f"
              chunk 1 text run 2 at (379.16,150.00) startOffset 1 endOffset 2 width 13.89: "f"
              chunk 1 text run 3 at (365.27,150.00) startOffset 2 endOffset 3 width 13.89: "f"
              chunk 1 text run 4 at (351.38,150.00) startOffset 3 endOffset 4 width 13.89: "f"
              chunk 1 text run 5 at (337.49,150.00) startOffset 4 endOffset 5 width 13.89: "f"
              chunk 1 text run 6 at (323.60,150.00) startOffset 5 endOffset 6 width 13.89: "f"
              chunk 1 text run 7 at (309.70,150.00) startOffset 6 endOffset 7 width 13.89: "f"
              chunk 1 text run 8 at (295.81,150.00) startOffset 7 endOffset 8 width 13.89: "f"
              chunk 1 text run 9 at (281.92,150.00) startOffset 8 endOffset 9 width 13.89: "f"
              chunk 1 text run 10 at (268.03,150.00) startOffset 9 endOffset 10 width 13.89: "f"
              chunk 1 text run 11 at (254.14,150.00) startOffset 10 endOffset 11 width 13.89: "f"
              chunk 1 text run 12 at (240.25,150.00) startOffset 11 endOffset 12 width 13.89: "f"
              chunk 1 text run 13 at (226.35,150.00) startOffset 12 endOffset 13 width 13.89: "f"
              chunk 1 text run 14 at (212.46,150.00) startOffset 13 endOffset 14 width 13.89: "f"
              chunk 1 text run 15 at (198.57,150.00) startOffset 14 endOffset 15 width 13.89: "f"
              chunk 1 text run 16 at (184.68,150.00) startOffset 15 endOffset 16 width 13.89: "f"
              chunk 1 text run 17 at (170.79,150.00) startOffset 16 endOffset 17 width 13.89: "f"
              chunk 1 text run 18 at (156.90,150.00) startOffset 17 endOffset 18 width 13.89: "f"
              chunk 1 text run 19 at (143.01,150.00) startOffset 18 endOffset 19 width 13.89: "f"
              chunk 1 text run 20 at (129.11,150.00) startOffset 19 endOffset 20 width 13.89: "f"
              chunk 1 text run 21 at (115.22,150.00) startOffset 20 endOffset 21 width 13.89: "f"
              chunk 1 text run 22 at (101.33,150.00) startOffset 21 endOffset 22 width 13.89: "f"
              chunk 1 text run 23 at (87.44,150.00) startOffset 22 endOffset 23 width 13.89: "f"
              chunk 1 text run 24 at (73.55,150.00) startOffset 23 endOffset 24 width 13.89: "f"
          LayoutSVGInlineText {#text} at (0,0) size 0x0
        LayoutSVGText {text} at (39.27,203.72) size 350.92x152.34 contains 1 chunk(s)
          LayoutSVGTextPath {textPath} at (39.27,203.72) size 350.92x152.34
            LayoutSVGInlineText {#text} at (39.27,203.72) size 350.92x152.34
              chunk 1 text run 1 at (56.68,251.91) startOffset 0 endOffset 1 width 13.89: "f"
              chunk 1 text run 2 at (70.04,255.72) startOffset 1 endOffset 2 width 13.89: "f"
              chunk 1 text run 3 at (83.39,259.54) startOffset 2 endOffset 3 width 13.89: "f"
              chunk 1 text run 4 at (96.75,263.36) startOffset 3 endOffset 4 width 13.89: "f"
              chunk 1 text run 5 at (110.11,267.17) startOffset 4 endOffset 5 width 13.89: "f"
              chunk 1 text run 6 at (123.46,270.99) startOffset 5 endOffset 6 width 13.89: "f"
              chunk 1 text run 7 at (136.82,274.81) startOffset 6 endOffset 7 width 13.89: "f"
              chunk 1 text run 8 at (150.18,278.62) startOffset 7 endOffset 8 width 13.89: "f"
              chunk 1 text run 9 at (163.54,282.44) startOffset 8 endOffset 9 width 13.89: "f"
              chunk 1 text run 10 at (176.89,286.26) startOffset 9 endOffset 10 width 13.89: "f"
              chunk 1 text run 11 at (190.25,290.07) startOffset 10 endOffset 11 width 13.89: "f"
              chunk 1 text run 12 at (203.61,293.89) startOffset 11 endOffset 12 width 13.89: "f"
              chunk 1 text run 13 at (216.96,297.70) startOffset 12 endOffset 13 width 13.89: "f"
              chunk 1 text run 14 at (230.32,301.52) startOffset 13 endOffset 14 width 13.89: "f"
              chunk 1 text run 15 at (243.68,305.34) startOffset 14 endOffset 15 width 13.89: "f"
              chunk 1 text run 16 at (257.04,309.15) startOffset 15 endOffset 16 width 13.89: "f"
              chunk 1 text run 17 at (270.39,312.97) startOffset 16 endOffset 17 width 13.89: "f"
              chunk 1 text run 18 at (283.75,316.79) startOffset 17 endOffset 18 width 13.89: "f"
              chunk 1 text run 19 at (297.11,320.60) startOffset 18 endOffset 19 width 13.89: "f"
              chunk 1 text run 20 at (310.46,324.42) startOffset 19 endOffset 20 width 13.89: "f"
              chunk 1 text run 21 at (323.82,328.23) startOffset 20 endOffset 21 width 13.89: "f"
              chunk 1 text run 22 at (337.18,332.05) startOffset 21 endOffset 22 width 13.89: "f"
              chunk 1 text run 23 at (350.53,335.87) startOffset 22 endOffset 23 width 13.89: "f"
              chunk 1 text run 24 at (363.89,339.68) startOffset 23 endOffset 24 width 13.89: "f"
          LayoutSVGInlineText {#text} at (0,0) size 0x0
        LayoutSVGText {text} at (49.16,394) size 105.81x79 contains 1 chunk(s)
          LayoutSVGTextPath {textPath} at (49.16,394) size 105.81x79
            LayoutSVGInlineText {#text} at (49.16,394) size 105.81x79
              chunk 1 text run 1 at (55.16,450.00) startOffset 0 endOffset 1 width 10.33: "'"
              chunk 1 text run 2 at (68.13,450.00) startOffset 1 endOffset 2 width 15.60: "f"
              chunk 1 text run 3 at (88.76,450.00) startOffset 2 endOffset 3 width 25.66: "a"
              chunk 1 text run 4 at (118.90,450.00) startOffset 3 endOffset 4 width 34.62: "Q"
              chunk 1 text run 5 at (141.37,450.00) startOffset 4 endOffset 5 width 10.33: "'"
          LayoutSVGInlineText {#text} at (0,0) size 0x0
        LayoutSVGRect {rect} at (42.55,54) size 348.11x59 [stroke={[type=SOLID] [color=#008000]}] [fill={[type=SOLID] [color=#00000000]}] [x=42.55] [y=54.00] [width=348.11] [height=59.00]
        LayoutSVGRect {rect} at (59.31,137) size 348.13x59 [stroke={[type=SOLID] [color=#008000]}] [fill={[type=SOLID] [color=#00000000]}] [x=59.31] [y=137.00] [width=348.13] [height=59.00]
        LayoutSVGRect {rect} at (39.27,203.72) size 350.92x152.34 [stroke={[type=SOLID] [color=#008000]}] [fill={[type=SOLID] [color=#00000000]}] [x=39.27] [y=203.72] [width=350.92] [height=152.34]
        LayoutSVGRect {rect} at (49.16,394) size 105.81x79 [stroke={[type=SOLID] [color=#008000]}] [fill={[type=SOLID] [color=#00000000]}] [x=49.16] [y=394.00] [width=105.81] [height=79.00]
      LayoutText {#text} at (0,0) size 0x0
