layer at (0,0) size 800x600
  LayoutView at (0,0) size 800x600
layer at (0,0) size 800x594
  LayoutBlockFlow {HTML} at (0,0) size 800x593.88
    LayoutBlockFlow {BODY} at (8,21.44) size 784x564.44
      LayoutBlockFlow {H1} at (0,0) size 784x37
        LayoutText {#text} at (0,0) size 470x37
          text run at (0,0) width 470: "Small fonts in HTML5/inline SVG"
      LayoutBlockFlow (anonymous) at (0,58.44) size 784x506
        LayoutSVGRoot {svg} at (0,0) size 502x502
          LayoutSVGContainer {g} at (0.38,0.45) size 0.23x0.05 [transform={m=((400.00,0.00)(0.00,400.00)) t=(0.00,0.00)}]
            LayoutSVGText {text} at (0.38,0.45) size 0.23x0.05 contains 1 chunk(s)
              LayoutSVGInlineText {#text} at (0.38,0.45) size 0.23x0.05
                chunk 1 (middle anchor) text run 1 at (0.38,0.50) startOffset 0 endOffset 12 width 0.24: "Test passed."
        LayoutText {#text} at (0,0) size 0x0
