layer at (0,0) size 800x600
  LayoutView at (0,0) size 800x600
layer at (0,0) size 800x174
  LayoutBlockFlow {HTML} at (0,0) size 800x174
    LayoutBlockFlow {BODY} at (8,8) size 784x158
      LayoutBlockFlow {DIV} at (0,0) size 784x18
        LayoutText {#text} at (0,0) size 610x18
          text run at (0,0) width 610: "When the caret is scrolled out, on starting typing it must be brought to the center of the control."
      LayoutBlockFlow (anonymous) at (0,18) size 784x140
        LayoutText {#text} at (0,0) size 0x0
layer at (8,26) size 81x136 clip at (9,27) size 64x134 scrollY 98.00 scrollHeight 420
  LayoutTextControl {TEXTAREA} at (0,0) size 81x136 [bgcolor=#FFFFFF] [border: (1px solid #000000)]
    LayoutBlockFlow {DIV} at (3,3) size 60x416
      LayoutText {#text} at (0,0) size 20x403
        text run at (0,0) width 13: "00"
        text run at (12,0) width 1: " "
        text run at (0,13) width 13: "01"
        text run at (12,13) width 1: " "
        text run at (0,26) width 13: "02"
        text run at (12,26) width 1: " "
        text run at (0,39) width 13: "03"
        text run at (12,39) width 1: " "
        text run at (0,52) width 13: "04"
        text run at (12,52) width 1: " "
        text run at (0,65) width 13: "05"
        text run at (12,65) width 1: " "
        text run at (0,78) width 13: "06"
        text run at (12,78) width 1: " "
        text run at (0,91) width 13: "07"
        text run at (12,91) width 1: " "
        text run at (0,104) width 13: "08"
        text run at (12,104) width 1: " "
        text run at (0,117) width 13: "09"
        text run at (12,117) width 1: " "
        text run at (0,130) width 13: "10"
        text run at (12,130) width 1: " "
        text run at (0,143) width 13: "11"
        text run at (12,143) width 1: " "
        text run at (0,156) width 20: ">12"
        text run at (19,156) width 1: " "
        text run at (0,169) width 13: "13"
        text run at (12,169) width 1: " "
        text run at (0,182) width 13: "14"
        text run at (12,182) width 1: " "
        text run at (0,195) width 13: "15"
        text run at (12,195) width 1: " "
        text run at (0,208) width 13: "16"
        text run at (12,208) width 1: " "
        text run at (0,221) width 13: "17"
        text run at (12,221) width 1: " "
        text run at (0,234) width 13: "18"
        text run at (12,234) width 1: " "
        text run at (0,247) width 13: "19"
        text run at (12,247) width 1: " "
        text run at (0,260) width 13: "20"
        text run at (12,260) width 1: " "
        text run at (0,273) width 13: "21"
        text run at (12,273) width 1: " "
        text run at (0,286) width 13: "22"
        text run at (12,286) width 1: " "
        text run at (0,299) width 13: "23"
        text run at (12,299) width 1: " "
        text run at (0,312) width 13: "24"
        text run at (12,312) width 1: " "
        text run at (0,325) width 13: "25"
        text run at (12,325) width 1: " "
        text run at (0,338) width 13: "26"
        text run at (12,338) width 1: " "
        text run at (0,351) width 13: "27"
        text run at (12,351) width 1: " "
        text run at (0,364) width 13: "28"
        text run at (12,364) width 1: " "
        text run at (0,377) width 13: "29"
        text run at (12,377) width 1: " "
        text run at (0,390) width 13: "30"
        text run at (12,390) width 1: " "
      LayoutBR {BR} at (0,403) size 0x13
caret: position 37 of child 0 {#text} of child 0 {DIV} of {#document-fragment} of child 3 {TEXTAREA} of body
