layer at (0,0) size 800x600
  LayoutView at (0,0) size 800x600
layer at (0,0) size 800x328
  LayoutNGBlockFlow {HTML} at (0,0) size 800x328
    LayoutNGBlockFlow {BODY} at (8,16) size 784x292
      LayoutNGBlockFlow {P} at (0,0) size 784x40
        LayoutText {#text} at (0,0) size 781x39
          text run at (0,0) width 781: "Transform inside nested reflections should be applied correctly. You should see four rotated green boxes, as mirror images of"
          text run at (0,20) width 68: "each other."
layer at (28,76) size 122x232
  LayoutNGBlockFlow {DIV} at (20,60) size 122x232 [border: (1px solid #000000)]
layer at (39,87) size 102x102
  LayoutNGBlockFlow {DIV} at (11,11) size 102x102 [border: (1px solid #000000)]
layer at (50,98) size 80x80
  LayoutNGBlockFlow {DIV} at (11,11) size 80x80 [bgcolor=#008000]
