layer at (0,0) size 800x600
  LayoutView at (0,0) size 800x600
layer at (0,0) size 800x600
  LayoutBlockFlow {HTML} at (0,0) size 800x600
    LayoutBlockFlow {BODY} at (8,8) size 784x584
      LayoutBlockFlow {P} at (0,0) size 784x20
        LayoutText {#text} at (0,0) size 550x19
          text run at (0,0) width 550: "Testing reflections on directly composited images. Left and right sides should look the same."
      LayoutBlockFlow (anonymous) at (0,36) size 784x169
        LayoutText {#text} at (224,149) size 4x19
          text run at (224,149) width 4: " "
        LayoutText {#text} at (0,0) size 0x0
layer at (28,64) size 184x124 transparent
  LayoutImage {IMG} at (20,20) size 184x124
layer at (256,64) size 184x124 transparent
  LayoutImage {IMG} at (248,20) size 184x124
