layer at (0,0) size 800x600
  LayoutView at (0,0) size 800x600
layer at (0,0) size 800x600
  LayoutBlockFlow {HTML} at (0,0) size 800x600
    LayoutBlockFlow {BODY} at (8,8) size 784x584
      LayoutBlockFlow {P} at (0,0) size 784x20
        LayoutText {#text} at (0,0) size 110x19
          text run at (0,0) width 110: "Tests: the bdo tag"
      LayoutBlockFlow {P} at (0,36) size 784x20
        LayoutText {#text} at (0,0) size 328x19
          text run at (0,0) width 328: "The bdo element overrides the default text direction."
      LayoutBlockFlow {P} at (0,72) size 784x40
        LayoutText {#text} at (0,0) size 762x39
          text run at (0,0) width 727: "If successful, the first sentence would be backward, and the second sentence regular. There should then be an extra "
          text run at (726,0) width 36: "blank"
          text run at (0,20) width 697: "line, followed by a line reading only \"A,\" and finally, a sentence where only the word \"umbrella\" is backward."
      LayoutBlockFlow (anonymous) at (0,138) size 784x120
        LayoutBR {BR} at (0,0) size 0x19
        LayoutInline {BDO} at (0,0) size 221x19
          LayoutText {#text} at (0,20) size 221x19
            text run at (0,20) width 221 RTL override: "This sentence should be backward."
        LayoutText {#text} at (221,20) size 4x19
          text run at (221,20) width 4: " "
        LayoutBR {BR} at (225,35) size 0x0
        LayoutInline {BDO} at (0,0) size 209x19
          LayoutText {#text} at (0,40) size 209x19
            text run at (0,40) width 209 LTR override: "This sentence should be forward."
        LayoutText {#text} at (209,40) size 4x19
          text run at (209,40) width 4: " "
        LayoutBR {BR} at (213,55) size 0x0
        LayoutInline {BDO} at (0,0) size 0x0
        LayoutText {#text} at (0,0) size 0x0
        LayoutBR {BR} at (0,60) size 0x19
        LayoutInline {BDO} at (0,0) size 12x19
          LayoutText {#text} at (0,80) size 12x19
            text run at (0,80) width 12 RTL override: "A"
        LayoutText {#text} at (12,80) size 4x19
          text run at (12,80) width 4: " "
        LayoutBR {BR} at (16,95) size 0x0
        LayoutInline {BDO} at (0,0) size 290x19
          LayoutText {#text} at (0,100) size 26x19
            text run at (0,100) width 26 LTR override: "My "
          LayoutInline {BDO} at (0,0) size 55x19
            LayoutText {#text} at (26,100) size 55x19
              text run at (26,100) width 55 RTL override: "umbrella"
          LayoutText {#text} at (81,100) size 209x19
            text run at (81,100) width 209 LTR override: " sure would be useful in this rain."
        LayoutText {#text} at (0,0) size 0x0
layer at (8,136) size 784x2 clip at (0,0) size 0x0
  LayoutBlockFlow {HR} at (0,128) size 784x2 [border: (1px inset #EEEEEE)]
